[2023-06-15T08:07:20.199+0000][101][gc,init] CardTable entry size: 512
[2023-06-15T08:07:20.213+0000][101][gc     ] Using G1
[2023-06-15T08:07:20.306+0000][101][gc,init] Version: 19.0.1+10-21 (release)
[2023-06-15T08:07:20.307+0000][101][gc,init] CPUs: 4 total, 4 available
[2023-06-15T08:07:20.308+0000][101][gc,init] Memory: 7860M
[2023-06-15T08:07:20.309+0000][101][gc,init] Large Page Support: Disabled
[2023-06-15T08:07:20.309+0000][101][gc,init] NUMA Support: Disabled
[2023-06-15T08:07:20.310+0000][101][gc,init] Compressed Oops: Enabled (32-bit)
[2023-06-15T08:07:20.311+0000][101][gc,init] Heap Region Size: 4M
[2023-06-15T08:07:20.311+0000][101][gc,init] Heap Min Capacity: 256M
[2023-06-15T08:07:20.312+0000][101][gc,init] Heap Initial Capacity: 256M
[2023-06-15T08:07:20.312+0000][101][gc,init] Heap Max Capacity: 256M
[2023-06-15T08:07:20.313+0000][101][gc,init] Pre-touch: Enabled
[2023-06-15T08:07:20.314+0000][101][gc,init] Parallel Workers: 4
[2023-06-15T08:07:20.314+0000][101][gc,init] Concurrent Workers: 1
[2023-06-15T08:07:20.315+0000][101][gc,init] Concurrent Refinement Workers: 4
[2023-06-15T08:07:20.316+0000][101][gc,init] Periodic GC: Disabled
[2023-06-15T08:07:20.316+0000][101][gc,metaspace] CDS archive(s) mapped at: [0x0000000800000000-0x0000000800c4f000-0x0000000800c4f000), size 12906496, SharedBaseAddress: 0x0000000800000000, ArchiveRelocationMode: 0.
[2023-06-15T08:07:20.317+0000][101][gc,metaspace] Compressed class space mapped at: 0x0000000801000000-0x0000000841000000, reserved size: 1073741824
[2023-06-15T08:07:20.318+0000][101][gc,metaspace] Narrow klass base: 0x0000000800000000, Narrow klass shift: 0, Narrow klass range: 0x100000000
[2023-06-15T08:07:20.489+0000][101][gc,start    ] GC(0) Pause Young (Normal) (G1 Evacuation Pause)
[2023-06-15T08:07:20.490+0000][101][gc,task     ] GC(0) Using 4 workers of 4 for evacuation
[2023-06-15T08:07:20.491+0000][101][gc,age      ] GC(0) Desired survivor size 2097152 bytes, new threshold 15 (max threshold 15)
[2023-06-15T08:07:20.495+0000][101][gc,phases   ] GC(0)   Pre Evacuate Collection Set: 0.4ms
[2023-06-15T08:07:20.496+0000][101][gc,phases   ] GC(0)   Merge Heap Roots: 0.2ms
[2023-06-15T08:07:20.497+0000][101][gc,phases   ] GC(0)   Evacuate Collection Set: 2.5ms
[2023-06-15T08:07:20.498+0000][101][gc,phases   ] GC(0)   Post Evacuate Collection Set: 0.1ms
[2023-06-15T08:07:20.499+0000][101][gc,phases   ] GC(0)   Other: 1.8ms
[2023-06-15T08:07:20.500+0000][101][gc,age      ] GC(0) Age table with threshold 15 (max threshold 15)
[2023-06-15T08:07:20.500+0000][101][gc,age      ] GC(0) - age   1:     812800 bytes,     812800 total
[2023-06-15T08:07:20.501+0000][101][gc,heap     ] GC(0) Eden regions: 3->0(11)
[2023-06-15T08:07:20.502+0000][101][gc,heap     ] GC(0) Survivor regions: 0->1(1)
[2023-06-15T08:07:20.502+0000][101][gc,heap     ] GC(0) Old regions: 0->0
[2023-06-15T08:07:20.503+0000][101][gc,heap     ] GC(0) Archive regions: 2->2
[2023-06-15T08:07:20.504+0000][101][gc,heap     ] GC(0) Humongous regions: 0->0
[2023-06-15T08:07:20.504+0000][101][gc,metaspace] GC(0) Metaspace: 602K(768K)->602K(768K) NonClass: 562K(640K)->562K(640K) Class: 39K(128K)->39K(128K)
[2023-06-15T08:07:20.505+0000][101][gc          ] GC(0) Pause Young (Normal) (G1 Evacuation Pause) 15M->4M(256M) 16.044ms
[2023-06-15T08:07:20.506+0000][101][gc,cpu      ] GC(0) User=0.02s Sys=0.01s Real=0.02s
[2023-06-15T08:07:20.507+0000][101][safepoint   ] Safepoint "G1CollectForAllocation", Time since last: 164802880 ns, Reaching safepoint: 272553 ns, At safepoint: 18020055 ns, Total: 18292608 ns
[2023-06-15T08:07:20.995+0000][101][safepoint   ] Safepoint "ICBufferFull", Time since last: 486369896 ns, Reaching safepoint: 1638181 ns, At safepoint: 9024 ns, Total: 1647205 ns
[2023-06-15T08:07:21.491+0000][101][gc,start    ] GC(1) Pause Young (Normal) (G1 Evacuation Pause)
[2023-06-15T08:07:21.492+0000][101][gc,task     ] GC(1) Using 4 workers of 4 for evacuation
[2023-06-15T08:07:21.492+0000][101][gc,age      ] GC(1) Desired survivor size 4194304 bytes, new threshold 15 (max threshold 15)
[2023-06-15T08:07:21.506+0000][101][gc,phases   ] GC(1)   Pre Evacuate Collection Set: 0.0ms
[2023-06-15T08:07:21.508+0000][101][gc,phases   ] GC(1)   Merge Heap Roots: 0.0ms
[2023-06-15T08:07:21.508+0000][101][gc,phases   ] GC(1)   Evacuate Collection Set: 11.9ms
[2023-06-15T08:07:21.509+0000][101][gc,phases   ] GC(1)   Post Evacuate Collection Set: 0.7ms
[2023-06-15T08:07:21.510+0000][101][gc,phases   ] GC(1)   Other: 1.8ms
[2023-06-15T08:07:21.510+0000][101][gc,age      ] GC(1) Age table with threshold 15 (max threshold 15)
[2023-06-15T08:07:21.511+0000][101][gc,age      ] GC(1) - age   1:    5492408 bytes,    5492408 total
[2023-06-15T08:07:21.512+0000][101][gc,age      ] GC(1) - age   2:     405552 bytes,    5897960 total
[2023-06-15T08:07:21.512+0000][101][gc,heap     ] GC(1) Eden regions: 11->0(36)
[2023-06-15T08:07:21.513+0000][101][gc,heap     ] GC(1) Survivor regions: 1->2(2)
[2023-06-15T08:07:21.514+0000][101][gc,heap     ] GC(1) Old regions: 0->0
[2023-06-15T08:07:21.515+0000][101][gc,heap     ] GC(1) Archive regions: 2->2
[2023-06-15T08:07:21.515+0000][101][gc,heap     ] GC(1) Humongous regions: 0->0
[2023-06-15T08:07:21.516+0000][101][gc,metaspace] GC(1) Metaspace: 10062K(10368K)->10062K(10368K) NonClass: 8853K(9024K)->8853K(9024K) Class: 1209K(1344K)->1209K(1344K)
[2023-06-15T08:07:21.517+0000][101][gc          ] GC(1) Pause Young (Normal) (G1 Evacuation Pause) 48M->9M(256M) 25.933ms
[2023-06-15T08:07:21.517+0000][101][gc,cpu      ] GC(1) User=0.05s Sys=0.00s Real=0.03s
[2023-06-15T08:07:21.518+0000][101][safepoint   ] Safepoint "G1CollectForAllocation", Time since last: 495466584 ns, Reaching safepoint: 164189 ns, At safepoint: 27087266 ns, Total: 27251455 ns
[2023-06-15T08:07:22.017+0000][101][safepoint   ] Safepoint "ICBufferFull", Time since last: 499572309 ns, Reaching safepoint: 170595 ns, At safepoint: 2345 ns, Total: 172940 ns
[2023-06-15T08:07:22.819+0000][101][safepoint   ] Safepoint "ICBufferFull", Time since last: 801052740 ns, Reaching safepoint: 130304 ns, At safepoint: 2728 ns, Total: 133032 ns
[2023-06-15T08:07:23.064+0000][101][safepoint   ] Safepoint "ICBufferFull", Time since last: 244914593 ns, Reaching safepoint: 203695 ns, At safepoint: 3642 ns, Total: 207337 ns
[2023-06-15T08:07:23.234+0000][101][gc,start    ] GC(2) Pause Young (Normal) (G1 Evacuation Pause)
[2023-06-15T08:07:23.235+0000][101][gc,task     ] GC(2) Using 4 workers of 4 for evacuation
[2023-06-15T08:07:23.236+0000][101][gc,age      ] GC(2) Desired survivor size 10485760 bytes, new threshold 15 (max threshold 15)
[2023-06-15T08:07:23.252+0000][101][gc,phases   ] GC(2)   Pre Evacuate Collection Set: 0.4ms
[2023-06-15T08:07:23.253+0000][101][gc,phases   ] GC(2)   Merge Heap Roots: 0.1ms
[2023-06-15T08:07:23.253+0000][101][gc,phases   ] GC(2)   Evacuate Collection Set: 10.6ms
[2023-06-15T08:07:23.254+0000][101][gc,phases   ] GC(2)   Post Evacuate Collection Set: 4.9ms
[2023-06-15T08:07:23.255+0000][101][gc,phases   ] GC(2)   Other: 1.4ms
[2023-06-15T08:07:23.255+0000][101][gc,age      ] GC(2) Age table with threshold 15 (max threshold 15)
[2023-06-15T08:07:23.256+0000][101][gc,age      ] GC(2) - age   1:    5240936 bytes,    5240936 total
[2023-06-15T08:07:23.256+0000][101][gc,age      ] GC(2) - age   2:    5374000 bytes,   10614936 total
[2023-06-15T08:07:23.257+0000][101][gc,age      ] GC(2) - age   3:     404200 bytes,   11019136 total
[2023-06-15T08:07:23.258+0000][101][gc,heap     ] GC(2) Eden regions: 36->0(35)
[2023-06-15T08:07:23.258+0000][101][gc,heap     ] GC(2) Survivor regions: 2->3(5)
[2023-06-15T08:07:23.259+0000][101][gc,heap     ] GC(2) Old regions: 0->0
[2023-06-15T08:07:23.260+0000][101][gc,heap     ] GC(2) Archive regions: 2->2
[2023-06-15T08:07:23.261+0000][101][gc,heap     ] GC(2) Humongous regions: 0->0
[2023-06-15T08:07:23.261+0000][101][gc,metaspace] GC(2) Metaspace: 18354K(18880K)->18354K(18880K) NonClass: 16292K(16576K)->16292K(16576K) Class: 2062K(2304K)->2062K(2304K)
[2023-06-15T08:07:23.262+0000][101][gc          ] GC(2) Pause Young (Normal) (G1 Evacuation Pause) 153M->14M(256M) 28.061ms
[2023-06-15T08:07:23.263+0000][101][gc,cpu      ] GC(2) User=0.05s Sys=0.00s Real=0.03s
[2023-06-15T08:07:23.264+0000][101][safepoint   ] Safepoint "G1CollectForAllocation", Time since last: 170144401 ns, Reaching safepoint: 87494 ns, At safepoint: 30351582 ns, Total: 30439076 ns
[2023-06-15T08:07:23.470+0000][101][gc,start    ] GC(3) Pause Young (Concurrent Start) (Metadata GC Threshold)
[2023-06-15T08:07:23.471+0000][101][gc,task     ] GC(3) Using 4 workers of 4 for evacuation
[2023-06-15T08:07:23.472+0000][101][gc,age      ] GC(3) Desired survivor size 10485760 bytes, new threshold 2 (max threshold 15)
[2023-06-15T08:07:23.485+0000][101][gc,phases   ] GC(3)   Pre Evacuate Collection Set: 0.1ms
[2023-06-15T08:07:23.486+0000][101][gc,phases   ] GC(3)   Merge Heap Roots: 0.0ms
[2023-06-15T08:07:23.486+0000][101][gc,phases   ] GC(3)   Evacuate Collection Set: 10.9ms
[2023-06-15T08:07:23.487+0000][101][gc,phases   ] GC(3)   Post Evacuate Collection Set: 1.2ms
[2023-06-15T08:07:23.488+0000][101][gc,phases   ] GC(3)   Other: 1.5ms
[2023-06-15T08:07:23.488+0000][101][gc,age      ] GC(3) Age table with threshold 2 (max threshold 15)
[2023-06-15T08:07:23.489+0000][101][gc,age      ] GC(3) - age   1:    1006424 bytes,    1006424 total
[2023-06-15T08:07:23.489+0000][101][gc,age      ] GC(3) - age   2:    4285592 bytes,    5292016 total
[2023-06-15T08:07:23.491+0000][101][gc,heap     ] GC(3) Eden regions: 11->0(36)
[2023-06-15T08:07:23.491+0000][101][gc,heap     ] GC(3) Survivor regions: 3->2(5)
[2023-06-15T08:07:23.492+0000][101][gc,heap     ] GC(3) Old regions: 0->2
[2023-06-15T08:07:23.493+0000][101][gc,heap     ] GC(3) Archive regions: 2->2
[2023-06-15T08:07:23.493+0000][101][gc,heap     ] GC(3) Humongous regions: 0->0
[2023-06-15T08:07:23.494+0000][101][gc,metaspace] GC(3) Metaspace: 21017K(21504K)->21017K(21504K) NonClass: 18713K(18944K)->18713K(18944K) Class: 2304K(2560K)->2304K(2560K)
[2023-06-15T08:07:23.495+0000][101][gc          ] GC(3) Pause Young (Concurrent Start) (Metadata GC Threshold) 58M->15M(256M) 24.257ms
[2023-06-15T08:07:23.495+0000][101][gc          ] GC(4) Concurrent Mark Cycle
[2023-06-15T08:07:23.496+0000][101][gc,marking  ] GC(4) Concurrent Clear Claimed Marks
[2023-06-15T08:07:23.495+0000][101][gc,cpu      ] GC(3) User=0.03s Sys=0.00s Real=0.02s
[2023-06-15T08:07:23.496+0000][101][gc,marking  ] GC(4) Concurrent Clear Claimed Marks 0.548ms
[2023-06-15T08:07:23.497+0000][101][gc,marking  ] GC(4) Concurrent Scan Root Regions
[2023-06-15T08:07:23.497+0000][101][safepoint   ] Safepoint "CollectForMetadataAllocation", Time since last: 205545668 ns, Reaching safepoint: 327002 ns, At safepoint: 26707792 ns, Total: 27034794 ns
[2023-06-15T08:07:23.510+0000][101][gc,marking  ] GC(4) Concurrent Scan Root Regions 12.256ms
[2023-06-15T08:07:23.510+0000][101][gc,marking  ] GC(4) Concurrent Mark
[2023-06-15T08:07:23.511+0000][101][gc,marking  ] GC(4) Concurrent Mark From Roots
[2023-06-15T08:07:23.512+0000][101][gc,task     ] GC(4) Using 1 workers of 1 for marking
[2023-06-15T08:07:23.514+0000][101][gc,marking  ] GC(4) Concurrent Mark From Roots 2.255ms
[2023-06-15T08:07:23.514+0000][101][gc,marking  ] GC(4) Concurrent Preclean
[2023-06-15T08:07:23.515+0000][101][gc,marking  ] GC(4) Concurrent Preclean 0.916ms
[2023-06-15T08:07:23.517+0000][101][gc,start    ] GC(4) Pause Remark
[2023-06-15T08:07:23.525+0000][101][gc          ] GC(4) Pause Remark 18M->18M(256M) 7.582ms
[2023-06-15T08:07:23.526+0000][101][gc,cpu      ] GC(4) User=0.01s Sys=0.00s Real=0.00s
[2023-06-15T08:07:23.527+0000][101][safepoint   ] Safepoint "G1PauseRemark", Time since last: 19670650 ns, Reaching safepoint: 289508 ns, At safepoint: 10097783 ns, Total: 10387291 ns
[2023-06-15T08:07:23.528+0000][101][gc,marking  ] GC(4) Concurrent Mark 17.865ms
[2023-06-15T08:07:23.538+0000][101][gc,marking  ] GC(4) Concurrent Rebuild Remembered Sets
[2023-06-15T08:07:23.543+0000][101][gc,marking  ] GC(4) Concurrent Rebuild Remembered Sets 4.821ms
[2023-06-15T08:07:23.544+0000][101][gc,start    ] GC(4) Pause Cleanup
[2023-06-15T08:07:23.545+0000][101][gc          ] GC(4) Pause Cleanup 18M->18M(256M) 1.042ms
[2023-06-15T08:07:23.547+0000][101][gc,cpu      ] GC(4) User=0.00s Sys=0.00s Real=0.01s
[2023-06-15T08:07:23.548+0000][101][safepoint   ] Safepoint "G1PauseCleanup", Time since last: 16578680 ns, Reaching safepoint: 637184 ns, At safepoint: 3405122 ns, Total: 4042306 ns
[2023-06-15T08:07:23.549+0000][101][gc,marking  ] GC(4) Concurrent Cleanup for Next Mark
[2023-06-15T08:07:23.550+0000][101][gc,marking  ] GC(4) Concurrent Cleanup for Next Mark 0.978ms
[2023-06-15T08:07:23.550+0000][101][gc          ] GC(4) Concurrent Mark Cycle 55.141ms
[2023-06-15T08:07:24.080+0000][101][safepoint   ] Safepoint "ICBufferFull", Time since last: 554086821 ns, Reaching safepoint: 190475 ns, At safepoint: 3192 ns, Total: 193667 ns
[2023-06-15T08:07:24.197+0000][101][gc,start    ] GC(5) Pause Young (Normal) (G1 Evacuation Pause)
[2023-06-15T08:07:24.198+0000][101][gc,task     ] GC(5) Using 4 workers of 4 for evacuation
[2023-06-15T08:07:24.199+0000][101][gc,age      ] GC(5) Desired survivor size 10485760 bytes, new threshold 15 (max threshold 15)
[2023-06-15T08:07:24.206+0000][101][gc,phases   ] GC(5)   Pre Evacuate Collection Set: 0.2ms
[2023-06-15T08:07:24.208+0000][101][gc,phases   ] GC(5)   Merge Heap Roots: 0.1ms
[2023-06-15T08:07:24.208+0000][101][gc,phases   ] GC(5)   Evacuate Collection Set: 5.4ms
[2023-06-15T08:07:24.210+0000][101][gc,phases   ] GC(5)   Post Evacuate Collection Set: 1.4ms
[2023-06-15T08:07:24.210+0000][101][gc,phases   ] GC(5)   Other: 1.3ms
[2023-06-15T08:07:24.211+0000][101][gc,age      ] GC(5) Age table with threshold 15 (max threshold 15)
[2023-06-15T08:07:24.211+0000][101][gc,age      ] GC(5) - age   1:    5124920 bytes,    5124920 total
[2023-06-15T08:07:24.212+0000][101][gc,age      ] GC(5) - age   2:     968688 bytes,    6093608 total
[2023-06-15T08:07:24.213+0000][101][gc,age      ] GC(5) - age   3:    4280096 bytes,   10373704 total
[2023-06-15T08:07:24.213+0000][101][gc,heap     ] GC(5) Eden regions: 36->0(35)
[2023-06-15T08:07:24.214+0000][101][gc,heap     ] GC(5) Survivor regions: 2->3(5)
[2023-06-15T08:07:24.215+0000][101][gc,heap     ] GC(5) Old regions: 2->2
[2023-06-15T08:07:24.215+0000][101][gc,heap     ] GC(5) Archive regions: 2->2
[2023-06-15T08:07:24.216+0000][101][gc,heap     ] GC(5) Humongous regions: 0->0
[2023-06-15T08:07:24.217+0000][101][gc,metaspace] GC(5) Metaspace: 25156K(25728K)->25156K(25728K) NonClass: 22265K(22592K)->22265K(22592K) Class: 2891K(3136K)->2891K(3136K)
[2023-06-15T08:07:24.218+0000][101][gc          ] GC(5) Pause Young (Normal) (G1 Evacuation Pause) 159M->20M(256M) 20.593ms
[2023-06-15T08:07:24.218+0000][101][gc,cpu      ] GC(5) User=0.02s Sys=0.00s Real=0.02s
[2023-06-15T08:07:24.219+0000][101][safepoint   ] Safepoint "G1CollectForAllocation", Time since last: 117000690 ns, Reaching safepoint: 184172 ns, At safepoint: 22130530 ns, Total: 22314702 ns
[2023-06-15T08:07:24.539+0000][101][gc,start    ] GC(6) Pause Young (Normal) (G1 Evacuation Pause)
[2023-06-15T08:07:24.541+0000][101][gc,task     ] GC(6) Using 4 workers of 4 for evacuation
[2023-06-15T08:07:24.542+0000][101][gc,age      ] GC(6) Desired survivor size 10485760 bytes, new threshold 15 (max threshold 15)
[2023-06-15T08:07:24.550+0000][101][gc,phases   ] GC(6)   Pre Evacuate Collection Set: 0.1ms
[2023-06-15T08:07:24.551+0000][101][gc,phases   ] GC(6)   Merge Heap Roots: 0.1ms
[2023-06-15T08:07:24.551+0000][101][gc,phases   ] GC(6)   Evacuate Collection Set: 6.0ms
[2023-06-15T08:07:24.552+0000][101][gc,phases   ] GC(6)   Post Evacuate Collection Set: 1.0ms
[2023-06-15T08:07:24.553+0000][101][gc,phases   ] GC(6)   Other: 1.5ms
[2023-06-15T08:07:24.553+0000][101][gc,age      ] GC(6) Age table with threshold 15 (max threshold 15)
[2023-06-15T08:07:24.554+0000][101][gc,age      ] GC(6) - age   1:    2927504 bytes,    2927504 total
[2023-06-15T08:07:24.555+0000][101][gc,age      ] GC(6) - age   2:    4166568 bytes,    7094072 total
[2023-06-15T08:07:24.556+0000][101][gc,age      ] GC(6) - age   3:     968656 bytes,    8062728 total
[2023-06-15T08:07:24.557+0000][101][gc,age      ] GC(6) - age   4:    4279728 bytes,   12342456 total
[2023-06-15T08:07:24.559+0000][101][gc,heap     ] GC(6) Eden regions: 35->0(34)
[2023-06-15T08:07:24.559+0000][101][gc,heap     ] GC(6) Survivor regions: 3->4(5)
[2023-06-15T08:07:24.560+0000][101][gc,heap     ] GC(6) Old regions: 2->2
[2023-06-15T08:07:24.560+0000][101][gc,heap     ] GC(6) Archive regions: 2->2
[2023-06-15T08:07:24.561+0000][101][gc,heap     ] GC(6) Humongous regions: 0->0
[2023-06-15T08:07:24.562+0000][101][gc,metaspace] GC(6) Metaspace: 25563K(26176K)->25563K(26176K) NonClass: 22635K(22976K)->22635K(22976K) Class: 2928K(3200K)->2928K(3200K)
[2023-06-15T08:07:24.562+0000][101][gc          ] GC(6) Pause Young (Normal) (G1 Evacuation Pause) 160M->21M(256M) 23.272ms
[2023-06-15T08:07:24.563+0000][101][gc,cpu      ] GC(6) User=0.02s Sys=0.00s Real=0.02s
[2023-06-15T08:07:24.564+0000][101][safepoint   ] Safepoint "G1CollectForAllocation", Time since last: 319685020 ns, Reaching safepoint: 296069 ns, At safepoint: 24598328 ns, Total: 24894397 ns
[2023-06-15T08:07:24.812+0000][101][gc,start    ] GC(7) Pause Young (Normal) (G1 Evacuation Pause)
[2023-06-15T08:07:24.813+0000][101][gc,task     ] GC(7) Using 4 workers of 4 for evacuation
[2023-06-15T08:07:24.814+0000][101][gc,age      ] GC(7) Desired survivor size 10485760 bytes, new threshold 4 (max threshold 15)
[2023-06-15T08:07:24.821+0000][101][gc,phases   ] GC(7)   Pre Evacuate Collection Set: 0.1ms
[2023-06-15T08:07:24.822+0000][101][gc,phases   ] GC(7)   Merge Heap Roots: 0.0ms
[2023-06-15T08:07:24.823+0000][101][gc,phases   ] GC(7)   Evacuate Collection Set: 5.3ms
[2023-06-15T08:07:24.823+0000][101][gc,phases   ] GC(7)   Post Evacuate Collection Set: 1.0ms
[2023-06-15T08:07:24.824+0000][101][gc,phases   ] GC(7)   Other: 1.5ms
[2023-06-15T08:07:24.825+0000][101][gc,age      ] GC(7) Age table with threshold 4 (max threshold 15)
[2023-06-15T08:07:24.825+0000][101][gc,age      ] GC(7) - age   1:    1075248 bytes,    1075248 total
[2023-06-15T08:07:24.826+0000][101][gc,age      ] GC(7) - age   2:    2431688 bytes,    3506936 total
[2023-06-15T08:07:24.827+0000][101][gc,age      ] GC(7) - age   3:    4166424 bytes,    7673360 total
[2023-06-15T08:07:24.827+0000][101][gc,age      ] GC(7) - age   4:     968656 bytes,    8642016 total
[2023-06-15T08:07:24.828+0000][101][gc,heap     ] GC(7) Eden regions: 34->0(35)
[2023-06-15T08:07:24.829+0000][101][gc,heap     ] GC(7) Survivor regions: 4->3(5)
[2023-06-15T08:07:24.829+0000][101][gc,heap     ] GC(7) Old regions: 2->3
[2023-06-15T08:07:24.830+0000][101][gc,heap     ] GC(7) Archive regions: 2->2
[2023-06-15T08:07:24.830+0000][101][gc,heap     ] GC(7) Humongous regions: 0->0
[2023-06-15T08:07:24.831+0000][101][gc,metaspace] GC(7) Metaspace: 26045K(26624K)->26045K(26624K) NonClass: 23053K(23360K)->23053K(23360K) Class: 2992K(3264K)->2992K(3264K)
[2023-06-15T08:07:24.832+0000][101][gc          ] GC(7) Pause Young (Normal) (G1 Evacuation Pause) 157M->23M(256M) 19.950ms
[2023-06-15T08:07:24.832+0000][101][gc,cpu      ] GC(7) User=0.02s Sys=0.01s Real=0.02s
[2023-06-15T08:07:24.833+0000][101][safepoint   ] Safepoint "G1CollectForAllocation", Time since last: 247743445 ns, Reaching safepoint: 338770 ns, At safepoint: 21095161 ns, Total: 21433931 ns
[2023-06-15T08:07:25.383+0000][101][safepoint   ] Safepoint "ICBufferFull", Time since last: 550247224 ns, Reaching safepoint: 381858 ns, At safepoint: 37321 ns, Total: 419179 ns
[2023-06-15T08:07:25.540+0000][101][gc,start    ] GC(8) Pause Young (Normal) (G1 Evacuation Pause)
[2023-06-15T08:07:25.542+0000][101][gc,task     ] GC(8) Using 4 workers of 4 for evacuation
[2023-06-15T08:07:25.543+0000][101][gc,age      ] GC(8) Desired survivor size 10485760 bytes, new threshold 15 (max threshold 15)
[2023-06-15T08:07:25.551+0000][101][gc,phases   ] GC(8)   Pre Evacuate Collection Set: 0.1ms
[2023-06-15T08:07:25.552+0000][101][gc,phases   ] GC(8)   Merge Heap Roots: 0.1ms
[2023-06-15T08:07:25.553+0000][101][gc,phases   ] GC(8)   Evacuate Collection Set: 5.8ms
[2023-06-15T08:07:25.553+0000][101][gc,phases   ] GC(8)   Post Evacuate Collection Set: 0.8ms
[2023-06-15T08:07:25.555+0000][101][gc,phases   ] GC(8)   Other: 3.0ms
[2023-06-15T08:07:25.556+0000][101][gc,age      ] GC(8) Age table with threshold 15 (max threshold 15)
[2023-06-15T08:07:25.558+0000][101][gc,age      ] GC(8) - age   1:    4190992 bytes,    4190992 total
[2023-06-15T08:07:25.560+0000][101][gc,age      ] GC(8) - age   2:     375456 bytes,    4566448 total
[2023-06-15T08:07:25.561+0000][101][gc,age      ] GC(8) - age   3:    2431688 bytes,    6998136 total
[2023-06-15T08:07:25.562+0000][101][gc,age      ] GC(8) - age   4:    4161432 bytes,   11159568 total
[2023-06-15T08:07:25.563+0000][101][gc,age      ] GC(8) - age   5:     967776 bytes,   12127344 total
[2023-06-15T08:07:25.564+0000][101][gc,heap     ] GC(8) Eden regions: 35->0(34)
[2023-06-15T08:07:25.564+0000][101][gc,heap     ] GC(8) Survivor regions: 3->4(5)
[2023-06-15T08:07:25.565+0000][101][gc,heap     ] GC(8) Old regions: 3->3
[2023-06-15T08:07:25.566+0000][101][gc,heap     ] GC(8) Archive regions: 2->2
[2023-06-15T08:07:25.567+0000][101][gc,heap     ] GC(8) Humongous regions: 0->0
[2023-06-15T08:07:25.568+0000][101][gc,metaspace] GC(8) Metaspace: 32075K(32768K)->32075K(32768K) NonClass: 28430K(28800K)->28430K(28800K) Class: 3645K(3968K)->3645K(3968K)
[2023-06-15T08:07:25.568+0000][101][gc          ] GC(8) Pause Young (Normal) (G1 Evacuation Pause) 163M->26M(256M) 27.910ms
[2023-06-15T08:07:25.569+0000][101][gc,cpu      ] GC(8) User=0.04s Sys=0.01s Real=0.03s
[2023-06-15T08:07:25.571+0000][101][safepoint   ] Safepoint "G1CollectForAllocation", Time since last: 156775227 ns, Reaching safepoint: 113842 ns, At safepoint: 30703074 ns, Total: 30816916 ns
[2023-06-15T08:07:25.901+0000][101][gc,start    ] GC(9) Pause Young (Normal) (G1 Evacuation Pause)
[2023-06-15T08:07:25.902+0000][101][gc,task     ] GC(9) Using 4 workers of 4 for evacuation
[2023-06-15T08:07:25.903+0000][101][gc,age      ] GC(9) Desired survivor size 10485760 bytes, new threshold 4 (max threshold 15)
[2023-06-15T08:07:25.911+0000][101][gc,phases   ] GC(9)   Pre Evacuate Collection Set: 0.1ms
[2023-06-15T08:07:25.912+0000][101][gc,phases   ] GC(9)   Merge Heap Roots: 0.1ms
[2023-06-15T08:07:25.913+0000][101][gc,phases   ] GC(9)   Evacuate Collection Set: 5.9ms
[2023-06-15T08:07:25.914+0000][101][gc,phases   ] GC(9)   Post Evacuate Collection Set: 1.2ms
[2023-06-15T08:07:25.915+0000][101][gc,phases   ] GC(9)   Other: 2.0ms
[2023-06-15T08:07:25.916+0000][101][gc,age      ] GC(9) Age table with threshold 4 (max threshold 15)
[2023-06-15T08:07:25.917+0000][101][gc,age      ] GC(9) - age   1:    2124472 bytes,    2124472 total
[2023-06-15T08:07:25.918+0000][101][gc,age      ] GC(9) - age   2:    3276800 bytes,    5401272 total
[2023-06-15T08:07:25.918+0000][101][gc,age      ] GC(9) - age   3:     375456 bytes,    5776728 total
[2023-06-15T08:07:25.919+0000][101][gc,age      ] GC(9) - age   4:    2431656 bytes,    8208384 total
[2023-06-15T08:07:25.920+0000][101][gc,heap     ] GC(9) Eden regions: 34->0(35)
[2023-06-15T08:07:25.921+0000][101][gc,heap     ] GC(9) Survivor regions: 4->3(5)
[2023-06-15T08:07:25.922+0000][101][gc,heap     ] GC(9) Old regions: 3->4
[2023-06-15T08:07:25.923+0000][101][gc,heap     ] GC(9) Archive regions: 2->2
[2023-06-15T08:07:25.924+0000][101][gc,heap     ] GC(9) Humongous regions: 0->0
[2023-06-15T08:07:25.925+0000][101][gc,metaspace] GC(9) Metaspace: 32193K(32896K)->32193K(32896K) NonClass: 28525K(28864K)->28525K(28864K) Class: 3668K(4032K)->3668K(4032K)
[2023-06-15T08:07:25.925+0000][101][gc          ] GC(9) Pause Young (Normal) (G1 Evacuation Pause) 162M->27M(256M) 24.214ms
[2023-06-15T08:07:25.926+0000][101][gc,cpu      ] GC(9) User=0.04s Sys=0.01s Real=0.03s
[2023-06-15T08:07:25.927+0000][101][safepoint   ] Safepoint "G1CollectForAllocation", Time since last: 329785488 ns, Reaching safepoint: 190467 ns, At safepoint: 25848464 ns, Total: 26038931 ns
[2023-06-15T08:07:26.320+0000][101][gc,start    ] GC(10) Pause Young (Normal) (G1 Evacuation Pause)
[2023-06-15T08:07:26.321+0000][101][gc,task     ] GC(10) Using 4 workers of 4 for evacuation
[2023-06-15T08:07:26.322+0000][101][gc,age      ] GC(10) Desired survivor size 10485760 bytes, new threshold 15 (max threshold 15)
[2023-06-15T08:07:26.330+0000][101][gc,phases   ] GC(10)   Pre Evacuate Collection Set: 0.1ms
[2023-06-15T08:07:26.331+0000][101][gc,phases   ] GC(10)   Merge Heap Roots: 0.0ms
[2023-06-15T08:07:26.331+0000][101][gc,phases   ] GC(10)   Evacuate Collection Set: 5.0ms
[2023-06-15T08:07:26.332+0000][101][gc,phases   ] GC(10)   Post Evacuate Collection Set: 0.9ms
[2023-06-15T08:07:26.333+0000][101][gc,phases   ] GC(10)   Other: 2.7ms
[2023-06-15T08:07:26.334+0000][101][gc,age      ] GC(10) Age table with threshold 15 (max threshold 15)
[2023-06-15T08:07:26.335+0000][101][gc,age      ] GC(10) - age   1:    3313712 bytes,    3313712 total
[2023-06-15T08:07:26.335+0000][101][gc,age      ] GC(10) - age   2:    1460488 bytes,    4774200 total
[2023-06-15T08:07:26.336+0000][101][gc,age      ] GC(10) - age   3:    3276768 bytes,    8050968 total
[2023-06-15T08:07:26.336+0000][101][gc,age      ] GC(10) - age   4:     374808 bytes,    8425776 total
[2023-06-15T08:07:26.337+0000][101][gc,age      ] GC(10) - age   5:    2431016 bytes,   10856792 total
[2023-06-15T08:07:26.338+0000][101][gc,heap     ] GC(10) Eden regions: 35->0(35)
[2023-06-15T08:07:26.338+0000][101][gc,heap     ] GC(10) Survivor regions: 3->3(5)
[2023-06-15T08:07:26.339+0000][101][gc,heap     ] GC(10) Old regions: 4->4
[2023-06-15T08:07:26.340+0000][101][gc,heap     ] GC(10) Archive regions: 2->2
[2023-06-15T08:07:26.341+0000][101][gc,heap     ] GC(10) Humongous regions: 0->0
[2023-06-15T08:07:26.342+0000][101][gc,metaspace] GC(10) Metaspace: 33627K(34368K)->33627K(34368K) NonClass: 29783K(30208K)->29783K(30208K) Class: 3843K(4160K)->3843K(4160K)
[2023-06-15T08:07:26.343+0000][101][gc          ] GC(10) Pause Young (Normal) (G1 Evacuation Pause) 167M->29M(256M) 22.815ms
[2023-06-15T08:07:26.344+0000][101][gc,cpu      ] GC(10) User=0.03s Sys=0.01s Real=0.03s
[2023-06-15T08:07:26.345+0000][101][safepoint   ] Safepoint "G1CollectForAllocation", Time since last: 393171361 ns, Reaching safepoint: 189620 ns, At safepoint: 24897231 ns, Total: 25086851 ns
[2023-06-15T08:07:26.599+0000][101][gc,start    ] GC(11) Pause Young (Normal) (G1 Evacuation Pause)
[2023-06-15T08:07:26.602+0000][101][gc,task     ] GC(11) Using 4 workers of 4 for evacuation
[2023-06-15T08:07:26.602+0000][101][gc,age      ] GC(11) Desired survivor size 10485760 bytes, new threshold 5 (max threshold 15)
[2023-06-15T08:07:26.609+0000][101][gc,phases   ] GC(11)   Pre Evacuate Collection Set: 0.1ms
[2023-06-15T08:07:26.610+0000][101][gc,phases   ] GC(11)   Merge Heap Roots: 0.0ms
[2023-06-15T08:07:26.611+0000][101][gc,phases   ] GC(11)   Evacuate Collection Set: 4.3ms
[2023-06-15T08:07:26.612+0000][101][gc,phases   ] GC(11)   Post Evacuate Collection Set: 1.4ms
[2023-06-15T08:07:26.613+0000][101][gc,phases   ] GC(11)   Other: 1.7ms
[2023-06-15T08:07:26.613+0000][101][gc,age      ] GC(11) Age table with threshold 5 (max threshold 15)
[2023-06-15T08:07:26.614+0000][101][gc,age      ] GC(11) - age   1:    2917624 bytes,    2917624 total
[2023-06-15T08:07:26.614+0000][101][gc,age      ] GC(11) - age   2:    3124936 bytes,    6042560 total
[2023-06-15T08:07:26.614+0000][101][gc,age      ] GC(11) - age   3:    1460456 bytes,    7503016 total
[2023-06-15T08:07:26.615+0000][101][gc,age      ] GC(11) - age   4:    3276768 bytes,   10779784 total
[2023-06-15T08:07:26.615+0000][101][gc,age      ] GC(11) - age   5:     374808 bytes,   11154592 total
[2023-06-15T08:07:26.616+0000][101][gc,heap     ] GC(11) Eden regions: 35->0(35)
[2023-06-15T08:07:26.617+0000][101][gc,heap     ] GC(11) Survivor regions: 3->3(5)
[2023-06-15T08:07:26.618+0000][101][gc,heap     ] GC(11) Old regions: 4->5
[2023-06-15T08:07:26.618+0000][101][gc,heap     ] GC(11) Archive regions: 2->2
[2023-06-15T08:07:26.619+0000][101][gc,heap     ] GC(11) Humongous regions: 0->0
[2023-06-15T08:07:26.619+0000][101][gc,metaspace] GC(11) Metaspace: 34082K(34880K)->34082K(34880K) NonClass: 30173K(30592K)->30173K(30592K) Class: 3909K(4288K)->3909K(4288K)
[2023-06-15T08:07:26.620+0000][101][gc          ] GC(11) Pause Young (Normal) (G1 Evacuation Pause) 169M->32M(256M) 21.070ms
[2023-06-15T08:07:26.621+0000][101][gc,cpu      ] GC(11) User=0.02s Sys=0.00s Real=0.02s
[2023-06-15T08:07:26.621+0000][101][safepoint   ] Safepoint "G1CollectForAllocation", Time since last: 253644728 ns, Reaching safepoint: 334081 ns, At safepoint: 22243854 ns, Total: 22577935 ns
[2023-06-15T08:07:26.829+0000][101][gc,start    ] GC(12) Pause Young (Normal) (G1 Evacuation Pause)
[2023-06-15T08:07:26.830+0000][101][gc,task     ] GC(12) Using 4 workers of 4 for evacuation
[2023-06-15T08:07:26.831+0000][101][gc,age      ] GC(12) Desired survivor size 10485760 bytes, new threshold 4 (max threshold 15)
[2023-06-15T08:07:26.837+0000][101][gc,phases   ] GC(12)   Pre Evacuate Collection Set: 0.1ms
[2023-06-15T08:07:26.838+0000][101][gc,phases   ] GC(12)   Merge Heap Roots: 0.1ms
[2023-06-15T08:07:26.838+0000][101][gc,phases   ] GC(12)   Evacuate Collection Set: 4.4ms
[2023-06-15T08:07:26.839+0000][101][gc,phases   ] GC(12)   Post Evacuate Collection Set: 0.5ms
[2023-06-15T08:07:26.839+0000][101][gc,phases   ] GC(12)   Other: 1.3ms
[2023-06-15T08:07:26.840+0000][101][gc,age      ] GC(12) Age table with threshold 4 (max threshold 15)
[2023-06-15T08:07:26.841+0000][101][gc,age      ] GC(12) - age   1:    1343992 bytes,    1343992 total
[2023-06-15T08:07:26.842+0000][101][gc,age      ] GC(12) - age   2:    2367456 bytes,    3711448 total
[2023-06-15T08:07:26.843+0000][101][gc,age      ] GC(12) - age   3:    3124816 bytes,    6836264 total
[2023-06-15T08:07:26.845+0000][101][gc,age      ] GC(12) - age   4:    1460456 bytes,    8296720 total
[2023-06-15T08:07:26.845+0000][101][gc,heap     ] GC(12) Eden regions: 35->0(35)
[2023-06-15T08:07:26.846+0000][101][gc,heap     ] GC(12) Survivor regions: 3->3(5)
[2023-06-15T08:07:26.847+0000][101][gc,heap     ] GC(12) Old regions: 5->6
[2023-06-15T08:07:26.848+0000][101][gc,heap     ] GC(12) Archive regions: 2->2
[2023-06-15T08:07:26.849+0000][101][gc,heap     ] GC(12) Humongous regions: 0->0
[2023-06-15T08:07:26.850+0000][101][gc,metaspace] GC(12) Metaspace: 34490K(35264K)->34490K(35264K) NonClass: 30534K(30976K)->30534K(30976K) Class: 3956K(4288K)->3956K(4288K)
[2023-06-15T08:07:26.850+0000][101][gc          ] GC(12) Pause Young (Normal) (G1 Evacuation Pause) 172M->33M(256M) 20.917ms
[2023-06-15T08:07:26.851+0000][101][gc,cpu      ] GC(12) User=0.02s Sys=0.01s Real=0.02s
[2023-06-15T08:07:26.852+0000][101][safepoint   ] Safepoint "G1CollectForAllocation", Time since last: 207883358 ns, Reaching safepoint: 93788 ns, At safepoint: 22405166 ns, Total: 22498954 ns
[2023-06-15T08:07:27.034+0000][101][gc,start    ] GC(13) Pause Young (Concurrent Start) (Metadata GC Threshold)
[2023-06-15T08:07:27.035+0000][101][gc,task     ] GC(13) Using 4 workers of 4 for evacuation
[2023-06-15T08:07:27.036+0000][101][gc,age      ] GC(13) Desired survivor size 10485760 bytes, new threshold 15 (max threshold 15)
[2023-06-15T08:07:27.043+0000][101][gc,phases   ] GC(13)   Pre Evacuate Collection Set: 0.3ms
[2023-06-15T08:07:27.044+0000][101][gc,phases   ] GC(13)   Merge Heap Roots: 0.1ms
[2023-06-15T08:07:27.045+0000][101][gc,phases   ] GC(13)   Evacuate Collection Set: 4.2ms
[2023-06-15T08:07:27.046+0000][101][gc,phases   ] GC(13)   Post Evacuate Collection Set: 0.7ms
[2023-06-15T08:07:27.046+0000][101][gc,phases   ] GC(13)   Other: 2.2ms
[2023-06-15T08:07:27.047+0000][101][gc,age      ] GC(13) Age table with threshold 15 (max threshold 15)
[2023-06-15T08:07:27.047+0000][101][gc,age      ] GC(13) - age   1:     472800 bytes,     472800 total
[2023-06-15T08:07:27.048+0000][101][gc,age      ] GC(13) - age   2:     718328 bytes,    1191128 total
[2023-06-15T08:07:27.049+0000][101][gc,age      ] GC(13) - age   3:    2367288 bytes,    3558416 total
[2023-06-15T08:07:27.049+0000][101][gc,age      ] GC(13) - age   4:    3124480 bytes,    6682896 total
[2023-06-15T08:07:27.050+0000][101][gc,age      ] GC(13) - age   5:    1460352 bytes,    8143248 total
[2023-06-15T08:07:27.051+0000][101][gc,heap     ] GC(13) Eden regions: 6->0(35)
[2023-06-15T08:07:27.052+0000][101][gc,heap     ] GC(13) Survivor regions: 3->3(5)
[2023-06-15T08:07:27.052+0000][101][gc,heap     ] GC(13) Old regions: 6->6
[2023-06-15T08:07:27.053+0000][101][gc,heap     ] GC(13) Archive regions: 2->2
[2023-06-15T08:07:27.053+0000][101][gc,heap     ] GC(13) Humongous regions: 0->0
[2023-06-15T08:07:27.054+0000][101][gc,metaspace] GC(13) Metaspace: 35348K(36160K)->35348K(36160K) NonClass: 31289K(31744K)->31289K(31744K) Class: 4058K(4416K)->4058K(4416K)
[2023-06-15T08:07:27.054+0000][101][gc          ] GC(13) Pause Young (Concurrent Start) (Metadata GC Threshold) 57M->33M(256M) 20.080ms
[2023-06-15T08:07:27.055+0000][101][gc,cpu      ] GC(13) User=0.03s Sys=0.00s Real=0.02s
[2023-06-15T08:07:27.055+0000][101][gc          ] GC(14) Concurrent Mark Cycle
[2023-06-15T08:07:27.057+0000][101][gc,marking  ] GC(14) Concurrent Clear Claimed Marks
[2023-06-15T08:07:27.056+0000][101][safepoint   ] Safepoint "CollectForMetadataAllocation", Time since last: 182259073 ns, Reaching safepoint: 259972 ns, At safepoint: 22001195 ns, Total: 22261167 ns
[2023-06-15T08:07:27.058+0000][101][gc,marking  ] GC(14) Concurrent Clear Claimed Marks 1.405ms
[2023-06-15T08:07:27.061+0000][101][gc,marking  ] GC(14) Concurrent Scan Root Regions
[2023-06-15T08:07:27.064+0000][101][gc,marking  ] GC(14) Concurrent Scan Root Regions 2.969ms
[2023-06-15T08:07:27.065+0000][101][gc,marking  ] GC(14) Concurrent Mark
[2023-06-15T08:07:27.066+0000][101][gc,marking  ] GC(14) Concurrent Mark From Roots
[2023-06-15T08:07:27.066+0000][101][gc,task     ] GC(14) Using 1 workers of 1 for marking
[2023-06-15T08:07:27.107+0000][101][safepoint   ] Safepoint "CollectForMetadataAllocation", Time since last: 41496109 ns, Reaching safepoint: 8947877 ns, At safepoint: 97617 ns, Total: 9045494 ns
[2023-06-15T08:07:27.113+0000][101][gc,marking  ] GC(14) Concurrent Mark From Roots 47.493ms
[2023-06-15T08:07:27.114+0000][101][gc,marking  ] GC(14) Concurrent Preclean
[2023-06-15T08:07:27.114+0000][101][gc,marking  ] GC(14) Concurrent Preclean 0.655ms
[2023-06-15T08:07:27.116+0000][101][gc,start    ] GC(14) Pause Remark
[2023-06-15T08:07:27.123+0000][101][gc          ] GC(14) Pause Remark 35M->35M(256M) 7.194ms
[2023-06-15T08:07:27.124+0000][101][gc,cpu      ] GC(14) User=0.02s Sys=0.00s Real=0.00s
[2023-06-15T08:07:27.125+0000][101][safepoint   ] Safepoint "G1PauseRemark", Time since last: 8268080 ns, Reaching safepoint: 458428 ns, At safepoint: 9026630 ns, Total: 9485058 ns
[2023-06-15T08:07:27.127+0000][101][gc,marking  ] GC(14) Concurrent Mark 62.174ms
[2023-06-15T08:07:27.128+0000][101][gc,marking  ] GC(14) Concurrent Rebuild Remembered Sets
[2023-06-15T08:07:27.142+0000][101][gc,marking  ] GC(14) Concurrent Rebuild Remembered Sets 13.655ms
[2023-06-15T08:07:27.145+0000][101][gc,start    ] GC(14) Pause Cleanup
[2023-06-15T08:07:27.146+0000][101][gc          ] GC(14) Pause Cleanup 35M->35M(256M) 1.153ms
[2023-06-15T08:07:27.147+0000][101][gc,cpu      ] GC(14) User=0.00s Sys=0.00s Real=0.00s
[2023-06-15T08:07:27.147+0000][101][safepoint   ] Safepoint "G1PauseCleanup", Time since last: 19391918 ns, Reaching safepoint: 564771 ns, At safepoint: 2844113 ns, Total: 3408884 ns
[2023-06-15T08:07:27.148+0000][101][gc,marking  ] GC(14) Concurrent Cleanup for Next Mark
[2023-06-15T08:07:27.149+0000][101][gc,marking  ] GC(14) Concurrent Cleanup for Next Mark 0.801ms
[2023-06-15T08:07:27.151+0000][101][gc          ] GC(14) Concurrent Mark Cycle 95.424ms
[2023-06-15T08:07:27.981+0000][101][safepoint   ] Safepoint "ICBufferFull", Time since last: 833494497 ns, Reaching safepoint: 383412 ns, At safepoint: 9659 ns, Total: 393071 ns
[2023-06-15T08:07:28.653+0000][101][safepoint   ] Safepoint "ICBufferFull", Time since last: 671286894 ns, Reaching safepoint: 158353 ns, At safepoint: 2873 ns, Total: 161226 ns
[2023-06-15T08:07:28.724+0000][101][gc,start    ] GC(15) Pause Young (Normal) (G1 Evacuation Pause)
[2023-06-15T08:07:28.725+0000][101][gc,task     ] GC(15) Using 4 workers of 4 for evacuation
[2023-06-15T08:07:28.725+0000][101][gc,age      ] GC(15) Desired survivor size 10485760 bytes, new threshold 15 (max threshold 15)
[2023-06-15T08:07:28.744+0000][101][gc,phases   ] GC(15)   Pre Evacuate Collection Set: 0.1ms
[2023-06-15T08:07:28.745+0000][101][gc,phases   ] GC(15)   Merge Heap Roots: 0.2ms
[2023-06-15T08:07:28.746+0000][101][gc,phases   ] GC(15)   Evacuate Collection Set: 13.8ms
[2023-06-15T08:07:28.747+0000][101][gc,phases   ] GC(15)   Post Evacuate Collection Set: 3.2ms
[2023-06-15T08:07:28.748+0000][101][gc,phases   ] GC(15)   Other: 2.3ms
[2023-06-15T08:07:28.748+0000][101][gc,age      ] GC(15) Age table with threshold 15 (max threshold 15)
[2023-06-15T08:07:28.749+0000][101][gc,age      ] GC(15) - age   1:   11336856 bytes,   11336856 total
[2023-06-15T08:07:28.749+0000][101][gc,age      ] GC(15) - age   2:     451560 bytes,   11788416 total
[2023-06-15T08:07:28.750+0000][101][gc,age      ] GC(15) - age   3:     710944 bytes,   12499360 total
[2023-06-15T08:07:28.750+0000][101][gc,age      ] GC(15) - age   4:    2360272 bytes,   14859632 total
[2023-06-15T08:07:28.751+0000][101][gc,age      ] GC(15) - age   5:    3105648 bytes,   17965280 total
[2023-06-15T08:07:28.751+0000][101][gc,age      ] GC(15) - age   6:    1452416 bytes,   19417696 total
[2023-06-15T08:07:28.752+0000][101][gc,heap     ] GC(15) Eden regions: 35->0(33)
[2023-06-15T08:07:28.752+0000][101][gc,heap     ] GC(15) Survivor regions: 3->5(5)
[2023-06-15T08:07:28.753+0000][101][gc,heap     ] GC(15) Old regions: 6->6
[2023-06-15T08:07:28.753+0000][101][gc,heap     ] GC(15) Archive regions: 2->2
[2023-06-15T08:07:28.754+0000][101][gc,heap     ] GC(15) Humongous regions: 0->0
[2023-06-15T08:07:28.755+0000][101][gc,metaspace] GC(15) Metaspace: 44033K(45312K)->44033K(45312K) NonClass: 38793K(39488K)->38793K(39488K) Class: 5240K(5824K)->5240K(5824K)
[2023-06-15T08:07:28.755+0000][101][gc          ] GC(15) Pause Young (Normal) (G1 Evacuation Pause) 173M->43M(256M) 31.790ms
[2023-06-15T08:07:28.756+0000][101][gc,cpu      ] GC(15) User=0.03s Sys=0.00s Real=0.04s
[2023-06-15T08:07:28.757+0000][101][safepoint   ] Safepoint "G1CollectForAllocation", Time since last: 70874381 ns, Reaching safepoint: 69140 ns, At safepoint: 33264029 ns, Total: 33333169 ns
[2023-06-15T08:07:29.607+0000][101][gc,start    ] GC(16) Pause Young (Normal) (G1 Evacuation Pause)
[2023-06-15T08:07:29.608+0000][101][gc,task     ] GC(16) Using 4 workers of 4 for evacuation
[2023-06-15T08:07:29.609+0000][101][gc,age      ] GC(16) Desired survivor size 10485760 bytes, new threshold 1 (max threshold 15)
[2023-06-15T08:07:29.636+0000][101][gc,phases   ] GC(16)   Pre Evacuate Collection Set: 0.2ms
[2023-06-15T08:07:29.638+0000][101][gc,phases   ] GC(16)   Merge Heap Roots: 0.0ms
[2023-06-15T08:07:29.639+0000][101][gc,phases   ] GC(16)   Evacuate Collection Set: 22.6ms
[2023-06-15T08:07:29.640+0000][101][gc,phases   ] GC(16)   Post Evacuate Collection Set: 1.3ms
[2023-06-15T08:07:29.641+0000][101][gc,phases   ] GC(16)   Other: 4.4ms
[2023-06-15T08:07:29.642+0000][101][gc,age      ] GC(16) Age table with threshold 1 (max threshold 15)
[2023-06-15T08:07:29.643+0000][101][gc,age      ] GC(16) - age   1:    6911480 bytes,    6911480 total
[2023-06-15T08:07:29.643+0000][101][gc,heap     ] GC(16) Eden regions: 33->0(35)
[2023-06-15T08:07:29.644+0000][101][gc,heap     ] GC(16) Survivor regions: 5->2(5)
[2023-06-15T08:07:29.645+0000][101][gc,heap     ] GC(16) Old regions: 6->10
[2023-06-15T08:07:29.646+0000][101][gc,heap     ] GC(16) Archive regions: 2->2
[2023-06-15T08:07:29.647+0000][101][gc,heap     ] GC(16) Humongous regions: 0->0
[2023-06-15T08:07:29.647+0000][101][gc,metaspace] GC(16) Metaspace: 44072K(45376K)->44072K(45376K) NonClass: 38826K(39552K)->38826K(39552K) Class: 5246K(5824K)->5246K(5824K)
[2023-06-15T08:07:29.648+0000][101][gc          ] GC(16) Pause Young (Normal) (G1 Evacuation Pause) 175M->50M(256M) 41.074ms
[2023-06-15T08:07:29.648+0000][101][gc,cpu      ] GC(16) User=0.05s Sys=0.00s Real=0.04s
[2023-06-15T08:07:29.649+0000][101][safepoint   ] Safepoint "G1CollectForAllocation", Time since last: 849805287 ns, Reaching safepoint: 208448 ns, At safepoint: 42298133 ns, Total: 42506581 ns
[2023-06-15T08:07:30.521+0000][101][safepoint   ] Safepoint "ICBufferFull", Time since last: 871149256 ns, Reaching safepoint: 247293 ns, At safepoint: 27118 ns, Total: 274411 ns
[2023-06-15T08:07:31.524+0000][101][safepoint   ] Safepoint "Cleanup", Time since last: 1002790815 ns, Reaching safepoint: 442488 ns, At safepoint: 107933 ns, Total: 550421 ns
[2023-06-15T08:07:31.743+0000][101][gc,start    ] GC(17) Pause Young (Normal) (G1 Evacuation Pause)
[2023-06-15T08:07:31.745+0000][101][gc,task     ] GC(17) Using 4 workers of 4 for evacuation
[2023-06-15T08:07:31.745+0000][101][gc,age      ] GC(17) Desired survivor size 10485760 bytes, new threshold 15 (max threshold 15)
[2023-06-15T08:07:31.756+0000][101][gc,phases   ] GC(17)   Pre Evacuate Collection Set: 0.1ms
[2023-06-15T08:07:31.757+0000][101][gc,phases   ] GC(17)   Merge Heap Roots: 0.0ms
[2023-06-15T08:07:31.757+0000][101][gc,phases   ] GC(17)   Evacuate Collection Set: 8.5ms
[2023-06-15T08:07:31.758+0000][101][gc,phases   ] GC(17)   Post Evacuate Collection Set: 0.9ms
[2023-06-15T08:07:31.758+0000][101][gc,phases   ] GC(17)   Other: 1.9ms
[2023-06-15T08:07:31.759+0000][101][gc,age      ] GC(17) Age table with threshold 15 (max threshold 15)
[2023-06-15T08:07:31.759+0000][101][gc,age      ] GC(17) - age   1:    5324160 bytes,    5324160 total
[2023-06-15T08:07:31.760+0000][101][gc,age      ] GC(17) - age   2:    6519736 bytes,   11843896 total
[2023-06-15T08:07:31.760+0000][101][gc,heap     ] GC(17) Eden regions: 35->0(34)
[2023-06-15T08:07:31.761+0000][101][gc,heap     ] GC(17) Survivor regions: 2->3(5)
[2023-06-15T08:07:31.762+0000][101][gc,heap     ] GC(17) Old regions: 10->10
[2023-06-15T08:07:31.762+0000][101][gc,heap     ] GC(17) Archive regions: 2->2
[2023-06-15T08:07:31.763+0000][101][gc,heap     ] GC(17) Humongous regions: 0->0
[2023-06-15T08:07:31.764+0000][101][gc,metaspace] GC(17) Metaspace: 51998K(53312K)->51998K(53312K) NonClass: 45701K(46464K)->45701K(46464K) Class: 6296K(6848K)->6296K(6848K)
[2023-06-15T08:07:31.764+0000][101][gc          ] GC(17) Pause Young (Normal) (G1 Evacuation Pause) 190M->54M(256M) 20.842ms
[2023-06-15T08:07:31.765+0000][101][gc,cpu      ] GC(17) User=0.02s Sys=0.00s Real=0.03s
[2023-06-15T08:07:31.765+0000][101][safepoint   ] Safepoint "G1CollectForAllocation", Time since last: 219105733 ns, Reaching safepoint: 298657 ns, At safepoint: 21878606 ns, Total: 22177263 ns
[2023-06-15T08:07:32.481+0000][101][gc,start    ] GC(18) Pause Young (Concurrent Start) (Metadata GC Threshold)
[2023-06-15T08:07:32.482+0000][101][gc,task     ] GC(18) Using 4 workers of 4 for evacuation
[2023-06-15T08:07:32.483+0000][101][gc,age      ] GC(18) Desired survivor size 10485760 bytes, new threshold 2 (max threshold 15)
[2023-06-15T08:07:32.500+0000][101][gc,phases   ] GC(18)   Pre Evacuate Collection Set: 0.2ms
[2023-06-15T08:07:32.501+0000][101][gc,phases   ] GC(18)   Merge Heap Roots: 0.2ms
[2023-06-15T08:07:32.502+0000][101][gc,phases   ] GC(18)   Evacuate Collection Set: 8.8ms
[2023-06-15T08:07:32.502+0000][101][gc,phases   ] GC(18)   Post Evacuate Collection Set: 6.7ms
[2023-06-15T08:07:32.503+0000][101][gc,phases   ] GC(18)   Other: 1.5ms
[2023-06-15T08:07:32.504+0000][101][gc,age      ] GC(18) Age table with threshold 2 (max threshold 15)
[2023-06-15T08:07:32.504+0000][101][gc,age      ] GC(18) - age   1:    2720576 bytes,    2720576 total
[2023-06-15T08:07:32.505+0000][101][gc,age      ] GC(18) - age   2:    4900256 bytes,    7620832 total
[2023-06-15T08:07:32.505+0000][101][gc,heap     ] GC(18) Eden regions: 10->0(29)
[2023-06-15T08:07:32.506+0000][101][gc,heap     ] GC(18) Survivor regions: 3->3(5)
[2023-06-15T08:07:32.506+0000][101][gc,heap     ] GC(18) Old regions: 10->12
[2023-06-15T08:07:32.507+0000][101][gc,heap     ] GC(18) Archive regions: 2->2
[2023-06-15T08:07:32.507+0000][101][gc,heap     ] GC(18) Humongous regions: 0->0
[2023-06-15T08:07:32.507+0000][101][gc,metaspace] GC(18) Metaspace: 59410K(60800K)->59410K(60800K) NonClass: 52022K(52800K)->52022K(52800K) Class: 7387K(8000K)->7387K(8000K)
[2023-06-15T08:07:32.508+0000][101][gc          ] GC(18) Pause Young (Concurrent Start) (Metadata GC Threshold) 94M->57M(256M) 27.246ms
[2023-06-15T08:07:32.509+0000][101][gc,cpu      ] GC(18) User=0.03s Sys=0.01s Real=0.03s
[2023-06-15T08:07:32.509+0000][101][gc          ] GC(19) Concurrent Mark Cycle
[2023-06-15T08:07:32.510+0000][101][gc,marking  ] GC(19) Concurrent Clear Claimed Marks
[2023-06-15T08:07:32.512+0000][101][gc,marking  ] GC(19) Concurrent Clear Claimed Marks 1.149ms
[2023-06-15T08:07:32.512+0000][101][gc,marking  ] GC(19) Concurrent Scan Root Regions
[2023-06-15T08:07:32.510+0000][101][safepoint   ] Safepoint "CollectForMetadataAllocation", Time since last: 715641561 ns, Reaching safepoint: 313660 ns, At safepoint: 28492940 ns, Total: 28806600 ns
[2023-06-15T08:07:32.526+0000][101][gc,marking  ] GC(19) Concurrent Scan Root Regions 13.888ms
[2023-06-15T08:07:32.527+0000][101][gc,marking  ] GC(19) Concurrent Mark
[2023-06-15T08:07:32.531+0000][101][gc,marking  ] GC(19) Concurrent Mark From Roots
[2023-06-15T08:07:32.535+0000][101][gc,task     ] GC(19) Using 1 workers of 1 for marking
[2023-06-15T08:07:32.579+0000][101][safepoint   ] Safepoint "CollectForMetadataAllocation", Time since last: 69159992 ns, Reaching safepoint: 166535 ns, At safepoint: 271932 ns, Total: 438467 ns
[2023-06-15T08:07:32.617+0000][101][safepoint   ] Safepoint "CollectForMetadataAllocation", Time since last: 37370126 ns, Reaching safepoint: 156117 ns, At safepoint: 87914 ns, Total: 244031 ns
[2023-06-15T08:07:32.636+0000][101][gc,marking  ] GC(19) Concurrent Mark From Roots 104.360ms
[2023-06-15T08:07:32.637+0000][101][gc,marking  ] GC(19) Concurrent Preclean
[2023-06-15T08:07:32.638+0000][101][gc,marking  ] GC(19) Concurrent Preclean 1.071ms
[2023-06-15T08:07:32.639+0000][101][gc,start    ] GC(19) Pause Remark
[2023-06-15T08:07:32.645+0000][101][gc          ] GC(19) Pause Remark 63M->63M(256M) 5.715ms
[2023-06-15T08:07:32.646+0000][101][gc,cpu      ] GC(19) User=0.01s Sys=0.00s Real=0.01s
[2023-06-15T08:07:32.648+0000][101][safepoint   ] Safepoint "G1PauseRemark", Time since last: 21707032 ns, Reaching safepoint: 777735 ns, At safepoint: 8176773 ns, Total: 8954508 ns
[2023-06-15T08:07:32.651+0000][101][gc,marking  ] GC(19) Concurrent Mark 123.328ms
[2023-06-15T08:07:32.651+0000][101][gc,marking  ] GC(19) Concurrent Rebuild Remembered Sets
[2023-06-15T08:07:32.700+0000][101][gc,marking  ] GC(19) Concurrent Rebuild Remembered Sets 48.437ms
[2023-06-15T08:07:32.701+0000][101][gc,start    ] GC(19) Pause Cleanup
[2023-06-15T08:07:32.703+0000][101][gc          ] GC(19) Pause Cleanup 65M->65M(256M) 1.157ms
[2023-06-15T08:07:32.704+0000][101][gc,cpu      ] GC(19) User=0.01s Sys=0.00s Real=0.00s
[2023-06-15T08:07:32.704+0000][101][safepoint   ] Safepoint "G1PauseCleanup", Time since last: 53510098 ns, Reaching safepoint: 269942 ns, At safepoint: 2997773 ns, Total: 3267715 ns
[2023-06-15T08:07:32.705+0000][101][gc,marking  ] GC(19) Concurrent Cleanup for Next Mark
[2023-06-15T08:07:32.706+0000][101][gc,marking  ] GC(19) Concurrent Cleanup for Next Mark 1.376ms
[2023-06-15T08:07:32.707+0000][101][gc          ] GC(19) Concurrent Mark Cycle 197.804ms
[2023-06-15T08:07:33.298+0000][101][gc,start    ] GC(20) Pause Young (Normal) (G1 Evacuation Pause)
[2023-06-15T08:07:33.299+0000][101][gc,task     ] GC(20) Using 4 workers of 4 for evacuation
[2023-06-15T08:07:33.300+0000][101][gc,age      ] GC(20) Desired survivor size 8388608 bytes, new threshold 15 (max threshold 15)
[2023-06-15T08:07:33.307+0000][101][gc,phases   ] GC(20)   Pre Evacuate Collection Set: 0.1ms
[2023-06-15T08:07:33.308+0000][101][gc,phases   ] GC(20)   Merge Heap Roots: 0.1ms
[2023-06-15T08:07:33.309+0000][101][gc,phases   ] GC(20)   Evacuate Collection Set: 5.3ms
[2023-06-15T08:07:33.309+0000][101][gc,phases   ] GC(20)   Post Evacuate Collection Set: 0.8ms
[2023-06-15T08:07:33.310+0000][101][gc,phases   ] GC(20)   Other: 1.9ms
[2023-06-15T08:07:33.310+0000][101][gc,age      ] GC(20) Age table with threshold 15 (max threshold 15)
[2023-06-15T08:07:33.312+0000][101][gc,age      ] GC(20) - age   1:    1957056 bytes,    1957056 total
[2023-06-15T08:07:33.312+0000][101][gc,age      ] GC(20) - age   2:    2565432 bytes,    4522488 total
[2023-06-15T08:07:33.313+0000][101][gc,age      ] GC(20) - age   3:    4877072 bytes,    9399560 total
[2023-06-15T08:07:33.313+0000][101][gc,heap     ] GC(20) Eden regions: 29->0(30)
[2023-06-15T08:07:33.313+0000][101][gc,heap     ] GC(20) Survivor regions: 3->3(4)
[2023-06-15T08:07:33.314+0000][101][gc,heap     ] GC(20) Old regions: 12->12
[2023-06-15T08:07:33.315+0000][101][gc,heap     ] GC(20) Archive regions: 2->2
[2023-06-15T08:07:33.315+0000][101][gc,heap     ] GC(20) Humongous regions: 0->0
[2023-06-15T08:07:33.315+0000][101][gc,metaspace] GC(20) Metaspace: 65469K(67008K)->65469K(67008K) NonClass: 57118K(57984K)->57118K(57984K) Class: 8350K(9024K)->8350K(9024K)
[2023-06-15T08:07:33.316+0000][101][gc          ] GC(20) Pause Young (Normal) (G1 Evacuation Pause) 173M->59M(256M) 18.456ms
[2023-06-15T08:07:33.316+0000][101][gc,cpu      ] GC(20) User=0.03s Sys=0.00s Real=0.02s
[2023-06-15T08:07:33.317+0000][101][safepoint   ] Safepoint "G1CollectForAllocation", Time since last: 592968993 ns, Reaching safepoint: 258593 ns, At safepoint: 19496988 ns, Total: 19755581 ns
[2023-06-15T08:07:33.653+0000][101][gc,start    ] GC(21) Pause Young (Normal) (G1 Evacuation Pause)
[2023-06-15T08:07:33.654+0000][101][gc,task     ] GC(21) Using 4 workers of 4 for evacuation
[2023-06-15T08:07:33.654+0000][101][gc,age      ] GC(21) Desired survivor size 10485760 bytes, new threshold 15 (max threshold 15)
[2023-06-15T08:07:33.661+0000][101][gc,phases   ] GC(21)   Pre Evacuate Collection Set: 0.1ms
[2023-06-15T08:07:33.662+0000][101][gc,phases   ] GC(21)   Merge Heap Roots: 0.1ms
[2023-06-15T08:07:33.663+0000][101][gc,phases   ] GC(21)   Evacuate Collection Set: 4.1ms
[2023-06-15T08:07:33.664+0000][101][gc,phases   ] GC(21)   Post Evacuate Collection Set: 1.4ms
[2023-06-15T08:07:33.665+0000][101][gc,phases   ] GC(21)   Other: 1.4ms
[2023-06-15T08:07:33.666+0000][101][gc,age      ] GC(21) Age table with threshold 15 (max threshold 15)
[2023-06-15T08:07:33.666+0000][101][gc,age      ] GC(21) - age   1:      55208 bytes,      55208 total
[2023-06-15T08:07:33.667+0000][101][gc,age      ] GC(21) - age   2:    1820776 bytes,    1875984 total
[2023-06-15T08:07:33.668+0000][101][gc,age      ] GC(21) - age   3:    2565432 bytes,    4441416 total
[2023-06-15T08:07:33.668+0000][101][gc,age      ] GC(21) - age   4:    4877072 bytes,    9318488 total
[2023-06-15T08:07:33.669+0000][101][gc,heap     ] GC(21) Eden regions: 30->0(31)
[2023-06-15T08:07:33.669+0000][101][gc,heap     ] GC(21) Survivor regions: 3->3(5)
[2023-06-15T08:07:33.670+0000][101][gc,heap     ] GC(21) Old regions: 12->12
[2023-06-15T08:07:33.670+0000][101][gc,heap     ] GC(21) Archive regions: 2->2
[2023-06-15T08:07:33.671+0000][101][gc,heap     ] GC(21) Humongous regions: 0->0
[2023-06-15T08:07:33.671+0000][101][gc,metaspace] GC(21) Metaspace: 65494K(67072K)->65494K(67072K) NonClass: 57138K(58048K)->57138K(58048K) Class: 8356K(9024K)->8356K(9024K)
[2023-06-15T08:07:33.672+0000][101][gc          ] GC(21) Pause Young (Normal) (G1 Evacuation Pause) 179M->58M(256M) 19.536ms
[2023-06-15T08:07:33.673+0000][101][gc,cpu      ] GC(21) User=0.03s Sys=0.00s Real=0.02s
[2023-06-15T08:07:33.673+0000][101][safepoint   ] Safepoint "G1CollectForAllocation", Time since last: 335276831 ns, Reaching safepoint: 318320 ns, At safepoint: 20541030 ns, Total: 20859350 ns
[2023-06-15T08:07:34.980+0000][101][safepoint   ] Safepoint "ICBufferFull", Time since last: 1306146067 ns, Reaching safepoint: 939819 ns, At safepoint: 8368 ns, Total: 948187 ns
[2023-06-15T08:07:35.209+0000][101][gc,start    ] GC(22) Pause Young (Normal) (G1 Evacuation Pause)
[2023-06-15T08:07:35.210+0000][101][gc,task     ] GC(22) Using 4 workers of 4 for evacuation
[2023-06-15T08:07:35.210+0000][101][gc,age      ] GC(22) Desired survivor size 10485760 bytes, new threshold 15 (max threshold 15)
[2023-06-15T08:07:35.222+0000][101][gc,phases   ] GC(22)   Pre Evacuate Collection Set: 0.1ms
[2023-06-15T08:07:35.224+0000][101][gc,phases   ] GC(22)   Merge Heap Roots: 0.1ms
[2023-06-15T08:07:35.225+0000][101][gc,phases   ] GC(22)   Evacuate Collection Set: 9.0ms
[2023-06-15T08:07:35.225+0000][101][gc,phases   ] GC(22)   Post Evacuate Collection Set: 1.7ms
[2023-06-15T08:07:35.226+0000][101][gc,phases   ] GC(22)   Other: 1.6ms
[2023-06-15T08:07:35.226+0000][101][gc,age      ] GC(22) Age table with threshold 15 (max threshold 15)
[2023-06-15T08:07:35.227+0000][101][gc,age      ] GC(22) - age   1:    7288808 bytes,    7288808 total
[2023-06-15T08:07:35.227+0000][101][gc,age      ] GC(22) - age   2:       7400 bytes,    7296208 total
[2023-06-15T08:07:35.228+0000][101][gc,age      ] GC(22) - age   3:    1797776 bytes,    9093984 total
[2023-06-15T08:07:35.228+0000][101][gc,age      ] GC(22) - age   4:    2563296 bytes,   11657280 total
[2023-06-15T08:07:35.229+0000][101][gc,age      ] GC(22) - age   5:    4873208 bytes,   16530488 total
[2023-06-15T08:07:35.229+0000][101][gc,heap     ] GC(22) Eden regions: 31->0(29)
[2023-06-15T08:07:35.230+0000][101][gc,heap     ] GC(22) Survivor regions: 3->5(5)
[2023-06-15T08:07:35.230+0000][101][gc,heap     ] GC(22) Old regions: 12->12
[2023-06-15T08:07:35.231+0000][101][gc,heap     ] GC(22) Archive regions: 2->2
[2023-06-15T08:07:35.231+0000][101][gc,heap     ] GC(22) Humongous regions: 0->0
[2023-06-15T08:07:35.232+0000][101][gc,metaspace] GC(22) Metaspace: 79472K(81024K)->79472K(81024K) NonClass: 69163K(70016K)->69163K(70016K) Class: 10308K(11008K)->10308K(11008K)
[2023-06-15T08:07:35.233+0000][101][gc          ] GC(22) Pause Young (Normal) (G1 Evacuation Pause) 182M->66M(256M) 24.146ms
[2023-06-15T08:07:35.234+0000][101][gc,cpu      ] GC(22) User=0.04s Sys=0.00s Real=0.02s
[2023-06-15T08:07:35.234+0000][101][safepoint   ] Safepoint "G1CollectForAllocation", Time since last: 228224775 ns, Reaching safepoint: 176726 ns, At safepoint: 25555654 ns, Total: 25732380 ns
[2023-06-15T08:07:36.086+0000][101][gc,start    ] GC(23) Pause Young (Normal) (G1 Evacuation Pause)
[2023-06-15T08:07:36.087+0000][101][gc,task     ] GC(23) Using 4 workers of 4 for evacuation
[2023-06-15T08:07:36.088+0000][101][gc,age      ] GC(23) Desired survivor size 10485760 bytes, new threshold 4 (max threshold 15)
[2023-06-15T08:07:36.105+0000][101][gc,phases   ] GC(23)   Pre Evacuate Collection Set: 0.2ms
[2023-06-15T08:07:36.106+0000][101][gc,phases   ] GC(23)   Merge Heap Roots: 0.1ms
[2023-06-15T08:07:36.107+0000][101][gc,phases   ] GC(23)   Evacuate Collection Set: 14.2ms
[2023-06-15T08:07:36.108+0000][101][gc,phases   ] GC(23)   Post Evacuate Collection Set: 1.9ms
[2023-06-15T08:07:36.109+0000][101][gc,phases   ] GC(23)   Other: 1.3ms
[2023-06-15T08:07:36.110+0000][101][gc,age      ] GC(23) Age table with threshold 4 (max threshold 15)
[2023-06-15T08:07:36.110+0000][101][gc,age      ] GC(23) - age   1:    2083512 bytes,    2083512 total
[2023-06-15T08:07:36.111+0000][101][gc,age      ] GC(23) - age   2:    7103968 bytes,    9187480 total
[2023-06-15T08:07:36.112+0000][101][gc,age      ] GC(23) - age   3:       7368 bytes,    9194848 total
[2023-06-15T08:07:36.113+0000][101][gc,age      ] GC(23) - age   4:    1793064 bytes,   10987912 total
[2023-06-15T08:07:36.113+0000][101][gc,heap     ] GC(23) Eden regions: 29->0(30)
[2023-06-15T08:07:36.114+0000][101][gc,heap     ] GC(23) Survivor regions: 5->3(5)
[2023-06-15T08:07:36.115+0000][101][gc,heap     ] GC(23) Old regions: 12->14
[2023-06-15T08:07:36.116+0000][101][gc,heap     ] GC(23) Archive regions: 2->2
[2023-06-15T08:07:36.116+0000][101][gc,heap     ] GC(23) Humongous regions: 0->0
[2023-06-15T08:07:36.117+0000][101][gc,metaspace] GC(23) Metaspace: 86068K(87680K)->86068K(87680K) NonClass: 74948K(75840K)->74948K(75840K) Class: 11120K(11840K)->11120K(11840K)
[2023-06-15T08:07:36.117+0000][101][gc          ] GC(23) Pause Young (Normal) (G1 Evacuation Pause) 182M->67M(256M) 31.692ms
[2023-06-15T08:07:36.118+0000][101][gc,cpu      ] GC(23) User=0.06s Sys=0.00s Real=0.03s
[2023-06-15T08:07:36.118+0000][101][safepoint   ] Safepoint "G1CollectForAllocation", Time since last: 850995673 ns, Reaching safepoint: 286093 ns, At safepoint: 32832206 ns, Total: 33118299 ns
[2023-06-15T08:07:37.212+0000][101][safepoint   ] Safepoint "Cleanup", Time since last: 1093685705 ns, Reaching safepoint: 294510 ns, At safepoint: 28417 ns, Total: 322927 ns
[2023-06-15T08:07:37.553+0000][101][gc,start    ] GC(24) Pause Young (Concurrent Start) (Metadata GC Threshold)
[2023-06-15T08:07:37.554+0000][101][gc,task     ] GC(24) Using 4 workers of 4 for evacuation
[2023-06-15T08:07:37.554+0000][101][gc,age      ] GC(24) Desired survivor size 10485760 bytes, new threshold 4 (max threshold 15)
[2023-06-15T08:07:37.571+0000][101][gc,phases   ] GC(24)   Pre Evacuate Collection Set: 0.5ms
[2023-06-15T08:07:37.572+0000][101][gc,phases   ] GC(24)   Merge Heap Roots: 0.1ms
[2023-06-15T08:07:37.572+0000][101][gc,phases   ] GC(24)   Evacuate Collection Set: 14.0ms
[2023-06-15T08:07:37.573+0000][101][gc,phases   ] GC(24)   Post Evacuate Collection Set: 1.5ms
[2023-06-15T08:07:37.574+0000][101][gc,phases   ] GC(24)   Other: 1.1ms
[2023-06-15T08:07:37.574+0000][101][gc,age      ] GC(24) Age table with threshold 4 (max threshold 15)
[2023-06-15T08:07:37.575+0000][101][gc,age      ] GC(24) - age   1:    6570072 bytes,    6570072 total
[2023-06-15T08:07:37.575+0000][101][gc,age      ] GC(24) - age   2:    1983840 bytes,    8553912 total
[2023-06-15T08:07:37.575+0000][101][gc,age      ] GC(24) - age   3:    7100800 bytes,   15654712 total
[2023-06-15T08:07:37.576+0000][101][gc,age      ] GC(24) - age   4:       7368 bytes,   15662080 total
[2023-06-15T08:07:37.576+0000][101][gc,heap     ] GC(24) Eden regions: 22->0(29)
[2023-06-15T08:07:37.577+0000][101][gc,heap     ] GC(24) Survivor regions: 3->4(5)
[2023-06-15T08:07:37.577+0000][101][gc,heap     ] GC(24) Old regions: 14->14
[2023-06-15T08:07:37.578+0000][101][gc,heap     ] GC(24) Archive regions: 2->2
[2023-06-15T08:07:37.578+0000][101][gc,heap     ] GC(24) Humongous regions: 0->0
[2023-06-15T08:07:37.579+0000][101][gc,metaspace] GC(24) Metaspace: 100464K(102720K)->100464K(102720K) NonClass: 87415K(88576K)->87415K(88576K) Class: 13049K(14144K)->13049K(14144K)
[2023-06-15T08:07:37.579+0000][101][gc          ] GC(24) Pause Young (Concurrent Start) (Metadata GC Threshold) 155M->74M(256M) 26.567ms
[2023-06-15T08:07:37.580+0000][101][gc,cpu      ] GC(24) User=0.05s Sys=0.00s Real=0.03s
[2023-06-15T08:07:37.580+0000][101][gc          ] GC(25) Concurrent Mark Cycle
[2023-06-15T08:07:37.581+0000][101][gc,marking  ] GC(25) Concurrent Clear Claimed Marks
[2023-06-15T08:07:37.580+0000][101][safepoint   ] Safepoint "CollectForMetadataAllocation", Time since last: 340298745 ns, Reaching safepoint: 160465 ns, At safepoint: 27523600 ns, Total: 27684065 ns
[2023-06-15T08:07:37.581+0000][101][gc,marking  ] GC(25) Concurrent Clear Claimed Marks 0.623ms
[2023-06-15T08:07:37.582+0000][101][gc,marking  ] GC(25) Concurrent Scan Root Regions
[2023-06-15T08:07:37.603+0000][101][gc,marking  ] GC(25) Concurrent Scan Root Regions 21.278ms
[2023-06-15T08:07:37.604+0000][101][gc,marking  ] GC(25) Concurrent Mark
[2023-06-15T08:07:37.605+0000][101][gc,marking  ] GC(25) Concurrent Mark From Roots
[2023-06-15T08:07:37.606+0000][101][gc,task     ] GC(25) Using 1 workers of 1 for marking
[2023-06-15T08:07:37.617+0000][101][safepoint   ] Safepoint "CollectForMetadataAllocation", Time since last: 36447821 ns, Reaching safepoint: 408388 ns, At safepoint: 57724 ns, Total: 466112 ns
[2023-06-15T08:07:37.651+0000][101][safepoint   ] Safepoint "CollectForMetadataAllocation", Time since last: 33491374 ns, Reaching safepoint: 176305 ns, At safepoint: 106330 ns, Total: 282635 ns
[2023-06-15T08:07:37.676+0000][101][safepoint   ] Safepoint "CollectForMetadataAllocation", Time since last: 24349068 ns, Reaching safepoint: 157393 ns, At safepoint: 112050 ns, Total: 269443 ns
[2023-06-15T08:07:37.676+0000][101][gc,marking  ] GC(25) Concurrent Mark From Roots 71.473ms
[2023-06-15T08:07:37.677+0000][101][gc,marking  ] GC(25) Concurrent Preclean
[2023-06-15T08:07:37.678+0000][101][gc,marking  ] GC(25) Concurrent Preclean 1.040ms
[2023-06-15T08:07:37.680+0000][101][gc,start    ] GC(25) Pause Remark
[2023-06-15T08:07:37.685+0000][101][gc          ] GC(25) Pause Remark 82M->82M(256M) 4.986ms
[2023-06-15T08:07:37.686+0000][101][gc,cpu      ] GC(25) User=0.01s Sys=0.00s Real=0.01s
[2023-06-15T08:07:37.687+0000][101][safepoint   ] Safepoint "G1PauseRemark", Time since last: 4201421 ns, Reaching safepoint: 518974 ns, At safepoint: 6490777 ns, Total: 7009751 ns
[2023-06-15T08:07:37.687+0000][101][gc,marking  ] GC(25) Concurrent Mark 83.275ms
[2023-06-15T08:07:37.688+0000][101][gc,marking  ] GC(25) Concurrent Rebuild Remembered Sets
[2023-06-15T08:07:37.726+0000][101][gc,marking  ] GC(25) Concurrent Rebuild Remembered Sets 37.949ms
[2023-06-15T08:07:37.727+0000][101][gc,start    ] GC(25) Pause Cleanup
[2023-06-15T08:07:37.728+0000][101][gc          ] GC(25) Pause Cleanup 86M->86M(256M) 0.734ms
[2023-06-15T08:07:37.729+0000][101][gc,cpu      ] GC(25) User=0.01s Sys=0.00s Real=0.00s
[2023-06-15T08:07:37.730+0000][101][safepoint   ] Safepoint "G1PauseCleanup", Time since last: 40412247 ns, Reaching safepoint: 179202 ns, At safepoint: 2259870 ns, Total: 2439072 ns
[2023-06-15T08:07:37.731+0000][101][gc,marking  ] GC(25) Concurrent Cleanup for Next Mark
[2023-06-15T08:07:37.732+0000][101][gc,marking  ] GC(25) Concurrent Cleanup for Next Mark 1.083ms
[2023-06-15T08:07:37.733+0000][101][gc          ] GC(25) Concurrent Mark Cycle 152.724ms
[2023-06-15T08:07:38.886+0000][101][safepoint   ] Safepoint "Cleanup", Time since last: 1155502524 ns, Reaching safepoint: 327477 ns, At safepoint: 7547 ns, Total: 335024 ns
[2023-06-15T08:07:39.243+0000][101][safepoint   ] Safepoint "ICBufferFull", Time since last: 357138006 ns, Reaching safepoint: 510096 ns, At safepoint: 82572 ns, Total: 592668 ns
[2023-06-15T08:07:39.542+0000][101][safepoint   ] Safepoint "ICBufferFull", Time since last: 298261535 ns, Reaching safepoint: 157381 ns, At safepoint: 3501 ns, Total: 160882 ns
[2023-06-15T08:07:40.324+0000][101][safepoint   ] Safepoint "G1CollectForAllocation", Time since last: 781799816 ns, Reaching safepoint: 433030 ns, At safepoint: 74643 ns, Total: 507673 ns
[2023-06-15T08:07:40.326+0000][101][gc,start    ] GC(26) Pause Young (Normal) (GCLocker Initiated GC)
[2023-06-15T08:07:40.327+0000][101][gc,task     ] GC(26) Using 4 workers of 4 for evacuation
[2023-06-15T08:07:40.328+0000][101][gc,age      ] GC(26) Desired survivor size 10485760 bytes, new threshold 3 (max threshold 15)
[2023-06-15T08:07:40.351+0000][101][gc,phases   ] GC(26)   Pre Evacuate Collection Set: 0.2ms
[2023-06-15T08:07:40.352+0000][101][gc,phases   ] GC(26)   Merge Heap Roots: 0.1ms
[2023-06-15T08:07:40.353+0000][101][gc,phases   ] GC(26)   Evacuate Collection Set: 19.1ms
[2023-06-15T08:07:40.354+0000][101][gc,phases   ] GC(26)   Post Evacuate Collection Set: 2.6ms
[2023-06-15T08:07:40.354+0000][101][gc,phases   ] GC(26)   Other: 2.1ms
[2023-06-15T08:07:40.355+0000][101][gc,age      ] GC(26) Age table with threshold 3 (max threshold 15)
[2023-06-15T08:07:40.356+0000][101][gc,age      ] GC(26) - age   1:    7343864 bytes,    7343864 total
[2023-06-15T08:07:40.357+0000][101][gc,age      ] GC(26) - age   2:    5964888 bytes,   13308752 total
[2023-06-15T08:07:40.358+0000][101][gc,age      ] GC(26) - age   3:    1967768 bytes,   15276520 total
[2023-06-15T08:07:40.358+0000][101][gc,heap     ] GC(26) Eden regions: 29->0(27)
[2023-06-15T08:07:40.359+0000][101][gc,heap     ] GC(26) Survivor regions: 4->4(5)
[2023-06-15T08:07:40.360+0000][101][gc,heap     ] GC(26) Old regions: 14->16
[2023-06-15T08:07:40.360+0000][101][gc,heap     ] GC(26) Archive regions: 2->2
[2023-06-15T08:07:40.361+0000][101][gc,heap     ] GC(26) Humongous regions: 0->0
[2023-06-15T08:07:40.361+0000][101][gc,metaspace] GC(26) Metaspace: 114346K(117568K)->114346K(117568K) NonClass: 99056K(100672K)->99056K(100672K) Class: 15289K(16896K)->15289K(16896K)
[2023-06-15T08:07:40.362+0000][101][gc          ] GC(26) Pause Young (Normal) (GCLocker Initiated GC) 190M->81M(256M) 36.470ms
[2023-06-15T08:07:40.363+0000][101][gc,cpu      ] GC(26) User=0.08s Sys=0.01s Real=0.03s
[2023-06-15T08:07:40.367+0000][101][safepoint   ] Safepoint "G1CollectForAllocation", Time since last: 1191636 ns, Reaching safepoint: 316843 ns, At safepoint: 41470033 ns, Total: 41786876 ns
[2023-06-15T08:07:40.807+0000][101][safepoint   ] Safepoint "ICBufferFull", Time since last: 439557038 ns, Reaching safepoint: 414632 ns, At safepoint: 20218 ns, Total: 434850 ns
[2023-06-15T08:07:41.980+0000][101][safepoint   ] Safepoint "ICBufferFull", Time since last: 1172084460 ns, Reaching safepoint: 418917 ns, At safepoint: 39666 ns, Total: 458583 ns
[2023-06-15T08:07:42.710+0000][101][safepoint   ] Safepoint "ICBufferFull", Time since last: 729597231 ns, Reaching safepoint: 465773 ns, At safepoint: 70681 ns, Total: 536454 ns
[2023-06-15T08:07:42.891+0000][101][gc,start    ] GC(27) Pause Young (Normal) (G1 Evacuation Pause)
[2023-06-15T08:07:42.892+0000][101][gc,task     ] GC(27) Using 4 workers of 4 for evacuation
[2023-06-15T08:07:42.893+0000][101][gc,age      ] GC(27) Desired survivor size 8388608 bytes, new threshold 2 (max threshold 15)
[2023-06-15T08:07:42.911+0000][101][gc,phases   ] GC(27)   Pre Evacuate Collection Set: 0.3ms
[2023-06-15T08:07:42.912+0000][101][gc,phases   ] GC(27)   Merge Heap Roots: 0.2ms
[2023-06-15T08:07:42.912+0000][101][gc,phases   ] GC(27)   Evacuate Collection Set: 13.9ms
[2023-06-15T08:07:42.913+0000][101][gc,phases   ] GC(27)   Post Evacuate Collection Set: 2.6ms
[2023-06-15T08:07:42.914+0000][101][gc,phases   ] GC(27)   Other: 1.8ms
[2023-06-15T08:07:42.914+0000][101][gc,age      ] GC(27) Age table with threshold 2 (max threshold 15)
[2023-06-15T08:07:42.915+0000][101][gc,age      ] GC(27) - age   1:    8963704 bytes,    8963704 total
[2023-06-15T08:07:42.915+0000][101][gc,age      ] GC(27) - age   2:    6854080 bytes,   15817784 total
[2023-06-15T08:07:42.916+0000][101][gc,heap     ] GC(27) Eden regions: 27->0(23)
[2023-06-15T08:07:42.917+0000][101][gc,heap     ] GC(27) Survivor regions: 4->4(4)
[2023-06-15T08:07:42.917+0000][101][gc,heap     ] GC(27) Old regions: 16->18
[2023-06-15T08:07:42.918+0000][101][gc,heap     ] GC(27) Archive regions: 2->2
[2023-06-15T08:07:42.918+0000][101][gc,heap     ] GC(27) Humongous regions: 2->2
[2023-06-15T08:07:42.919+0000][101][gc,metaspace] GC(27) Metaspace: 123769K(126848K)->123769K(126848K) NonClass: 107130K(108672K)->107130K(108672K) Class: 16638K(18176K)->16638K(18176K)
[2023-06-15T08:07:42.919+0000][101][gc          ] GC(27) Pause Young (Normal) (G1 Evacuation Pause) 197M->97M(256M) 28.255ms
[2023-06-15T08:07:42.919+0000][101][gc,cpu      ] GC(27) User=0.06s Sys=0.01s Real=0.03s
[2023-06-15T08:07:42.920+0000][101][safepoint   ] Safepoint "G1CollectForAllocation", Time since last: 180816668 ns, Reaching safepoint: 319565 ns, At safepoint: 29381861 ns, Total: 29701426 ns
[2023-06-15T08:07:43.318+0000][101][safepoint   ] Safepoint "ICBufferFull", Time since last: 396263070 ns, Reaching safepoint: 1557014 ns, At safepoint: 74111 ns, Total: 1631125 ns
[2023-06-15T08:07:43.323+0000][101][safepoint   ] Safepoint "ICBufferFull", Time since last: 3401479 ns, Reaching safepoint: 1656245 ns, At safepoint: 93178 ns, Total: 1749423 ns
[2023-06-15T08:07:44.022+0000][101][safepoint   ] Safepoint "ICBufferFull", Time since last: 698503456 ns, Reaching safepoint: 319692 ns, At safepoint: 280854 ns, Total: 600546 ns
[2023-06-15T08:07:44.024+0000][101][safepoint   ] Safepoint "ICBufferFull", Time since last: 1031938 ns, Reaching safepoint: 235927 ns, At safepoint: 85611 ns, Total: 321538 ns
[2023-06-15T08:07:44.736+0000][101][safepoint   ] Safepoint "ICBufferFull", Time since last: 711780672 ns, Reaching safepoint: 263284 ns, At safepoint: 38361 ns, Total: 301645 ns
[2023-06-15T08:07:45.142+0000][101][gc,start    ] GC(28) Pause Young (Concurrent Start) (G1 Evacuation Pause)
[2023-06-15T08:07:45.143+0000][101][gc,task     ] GC(28) Using 4 workers of 4 for evacuation
[2023-06-15T08:07:45.144+0000][101][gc,age      ] GC(28) Desired survivor size 8388608 bytes, new threshold 1 (max threshold 15)
[2023-06-15T08:07:45.166+0000][101][gc,phases   ] GC(28)   Pre Evacuate Collection Set: 0.3ms
[2023-06-15T08:07:45.167+0000][101][gc,phases   ] GC(28)   Merge Heap Roots: 0.1ms
[2023-06-15T08:07:45.168+0000][101][gc,phases   ] GC(28)   Evacuate Collection Set: 18.2ms
[2023-06-15T08:07:45.168+0000][101][gc,phases   ] GC(28)   Post Evacuate Collection Set: 2.0ms
[2023-06-15T08:07:45.169+0000][101][gc,phases   ] GC(28)   Other: 2.4ms
[2023-06-15T08:07:45.170+0000][101][gc,age      ] GC(28) Age table with threshold 1 (max threshold 15)
[2023-06-15T08:07:45.170+0000][101][gc,age      ] GC(28) - age   1:    5088928 bytes,    5088928 total
[2023-06-15T08:07:45.171+0000][101][gc,heap     ] GC(28) Eden regions: 23->0(21)
[2023-06-15T08:07:45.171+0000][101][gc,heap     ] GC(28) Survivor regions: 4->2(4)
[2023-06-15T08:07:45.172+0000][101][gc,heap     ] GC(28) Old regions: 18->22
[2023-06-15T08:07:45.172+0000][101][gc,heap     ] GC(28) Archive regions: 2->2
[2023-06-15T08:07:45.173+0000][101][gc,heap     ] GC(28) Humongous regions: 2->2
[2023-06-15T08:07:45.174+0000][101][gc,metaspace] GC(28) Metaspace: 127438K(130624K)->127438K(130624K) NonClass: 110294K(111936K)->110294K(111936K) Class: 17144K(18688K)->17144K(18688K)
[2023-06-15T08:07:45.174+0000][101][gc          ] GC(28) Pause Young (Concurrent Start) (G1 Evacuation Pause) 189M->103M(256M) 32.129ms
[2023-06-15T08:07:45.175+0000][101][gc          ] GC(29) Concurrent Mark Cycle
[2023-06-15T08:07:45.176+0000][101][gc,marking  ] GC(29) Concurrent Clear Claimed Marks
[2023-06-15T08:07:45.175+0000][101][gc,cpu      ] GC(28) User=0.03s Sys=0.01s Real=0.04s
[2023-06-15T08:07:45.176+0000][101][gc,marking  ] GC(29) Concurrent Clear Claimed Marks 0.777ms
[2023-06-15T08:07:45.177+0000][101][gc,marking  ] GC(29) Concurrent Scan Root Regions
[2023-06-15T08:07:45.177+0000][101][safepoint   ] Safepoint "G1CollectForAllocation", Time since last: 398473964 ns, Reaching safepoint: 7896836 ns, At safepoint: 34659884 ns, Total: 42556720 ns
[2023-06-15T08:07:45.230+0000][101][gc,marking  ] GC(29) Concurrent Scan Root Regions 52.261ms
[2023-06-15T08:07:45.230+0000][101][gc,marking  ] GC(29) Concurrent Mark
[2023-06-15T08:07:45.231+0000][101][gc,marking  ] GC(29) Concurrent Mark From Roots
[2023-06-15T08:07:45.232+0000][101][gc,task     ] GC(29) Using 1 workers of 1 for marking
[2023-06-15T08:07:45.667+0000][101][gc,marking  ] GC(29) Concurrent Mark From Roots 435.429ms
[2023-06-15T08:07:45.670+0000][101][gc,marking  ] GC(29) Concurrent Preclean
[2023-06-15T08:07:45.672+0000][101][gc,marking  ] GC(29) Concurrent Preclean 1.462ms
[2023-06-15T08:07:45.673+0000][101][gc,start    ] GC(29) Pause Remark
[2023-06-15T08:07:45.681+0000][101][gc          ] GC(29) Pause Remark 110M->110M(256M) 8.516ms
[2023-06-15T08:07:45.682+0000][101][gc,cpu      ] GC(29) User=0.02s Sys=0.00s Real=0.01s
[2023-06-15T08:07:45.683+0000][101][safepoint   ] Safepoint "G1PauseRemark", Time since last: 495905685 ns, Reaching safepoint: 97873 ns, At safepoint: 10378518 ns, Total: 10476391 ns
[2023-06-15T08:07:45.684+0000][101][gc,marking  ] GC(29) Concurrent Mark 453.832ms
[2023-06-15T08:07:45.685+0000][101][gc,marking  ] GC(29) Concurrent Rebuild Remembered Sets
[2023-06-15T08:07:45.776+0000][101][gc,marking  ] GC(29) Concurrent Rebuild Remembered Sets 90.982ms
[2023-06-15T08:07:45.778+0000][101][gc,start    ] GC(29) Pause Cleanup
[2023-06-15T08:07:45.779+0000][101][gc          ] GC(29) Pause Cleanup 111M->111M(256M) 1.341ms
[2023-06-15T08:07:45.781+0000][101][gc,cpu      ] GC(29) User=0.00s Sys=0.00s Real=0.00s
[2023-06-15T08:07:45.782+0000][101][safepoint   ] Safepoint "G1PauseCleanup", Time since last: 94087568 ns, Reaching safepoint: 509250 ns, At safepoint: 4014572 ns, Total: 4523822 ns
[2023-06-15T08:07:45.783+0000][101][gc,marking  ] GC(29) Concurrent Cleanup for Next Mark
[2023-06-15T08:07:45.784+0000][101][gc,marking  ] GC(29) Concurrent Cleanup for Next Mark 1.191ms
[2023-06-15T08:07:45.785+0000][101][gc          ] GC(29) Concurrent Mark Cycle 610.286ms
[2023-06-15T08:07:46.810+0000][101][safepoint   ] Safepoint "ICBufferFull", Time since last: 1024540864 ns, Reaching safepoint: 3777375 ns, At safepoint: 188907 ns, Total: 3966282 ns
[2023-06-15T08:07:46.814+0000][101][safepoint   ] Safepoint "ICBufferFull", Time since last: 2814300 ns, Reaching safepoint: 774931 ns, At safepoint: 164410 ns, Total: 939341 ns
[2023-06-15T08:07:47.602+0000][101][safepoint   ] Safepoint "ICBufferFull", Time since last: 783381177 ns, Reaching safepoint: 4699473 ns, At safepoint: 199090 ns, Total: 4898563 ns
[2023-06-15T08:07:47.738+0000][101][gc,start    ] GC(30) Pause Young (Normal) (G1 Evacuation Pause)
[2023-06-15T08:07:47.739+0000][101][gc,task     ] GC(30) Using 4 workers of 4 for evacuation
[2023-06-15T08:07:47.740+0000][101][gc,age      ] GC(30) Desired survivor size 6291456 bytes, new threshold 15 (max threshold 15)
[2023-06-15T08:07:47.758+0000][101][gc,phases   ] GC(30)   Pre Evacuate Collection Set: 0.3ms
[2023-06-15T08:07:47.759+0000][101][gc,phases   ] GC(30)   Merge Heap Roots: 0.3ms
[2023-06-15T08:07:47.760+0000][101][gc,phases   ] GC(30)   Evacuate Collection Set: 13.0ms
[2023-06-15T08:07:47.761+0000][101][gc,phases   ] GC(30)   Post Evacuate Collection Set: 3.6ms
[2023-06-15T08:07:47.761+0000][101][gc,phases   ] GC(30)   Other: 2.0ms
[2023-06-15T08:07:47.762+0000][101][gc,age      ] GC(30) Age table with threshold 15 (max threshold 15)
[2023-06-15T08:07:47.762+0000][101][gc,age      ] GC(30) - age   1:    8076816 bytes,    8076816 total
[2023-06-15T08:07:47.763+0000][101][gc,age      ] GC(30) - age   2:    4432872 bytes,   12509688 total
[2023-06-15T08:07:47.763+0000][101][gc,heap     ] GC(30) Eden regions: 21->0(20)
[2023-06-15T08:07:47.764+0000][101][gc,heap     ] GC(30) Survivor regions: 2->3(3)
[2023-06-15T08:07:47.764+0000][101][gc,heap     ] GC(30) Old regions: 22->22
[2023-06-15T08:07:47.765+0000][101][gc,heap     ] GC(30) Archive regions: 2->2
[2023-06-15T08:07:47.765+0000][101][gc,heap     ] GC(30) Humongous regions: 2->2
[2023-06-15T08:07:47.766+0000][101][gc,metaspace] GC(30) Metaspace: 130017K(133184K)->130017K(133184K) NonClass: 112463K(114048K)->112463K(114048K) Class: 17554K(19136K)->17554K(19136K)
[2023-06-15T08:07:47.766+0000][101][gc          ] GC(30) Pause Young (Normal) (G1 Evacuation Pause) 187M->111M(256M) 28.530ms
[2023-06-15T08:07:47.767+0000][101][gc,cpu      ] GC(30) User=0.05s Sys=0.01s Real=0.03s
[2023-06-15T08:07:47.768+0000][101][safepoint   ] Safepoint "G1CollectForAllocation", Time since last: 132864892 ns, Reaching safepoint: 2462078 ns, At safepoint: 30769097 ns, Total: 33231175 ns
[2023-06-15T08:07:48.213+0000][101][safepoint   ] Safepoint "ICBufferFull", Time since last: 443983499 ns, Reaching safepoint: 388860 ns, At safepoint: 33120 ns, Total: 421980 ns
[2023-06-15T08:07:49.016+0000][101][safepoint   ] Safepoint "ICBufferFull", Time since last: 802617095 ns, Reaching safepoint: 272574 ns, At safepoint: 8814 ns, Total: 281388 ns
[2023-06-15T08:07:49.755+0000][101][safepoint   ] Safepoint "ICBufferFull", Time since last: 738503677 ns, Reaching safepoint: 513790 ns, At safepoint: 19809 ns, Total: 533599 ns
[2023-06-15T08:07:50.757+0000][101][safepoint   ] Safepoint "Cleanup", Time since last: 1001061109 ns, Reaching safepoint: 1488234 ns, At safepoint: 23612 ns, Total: 1511846 ns
[2023-06-15T08:07:51.637+0000][101][safepoint   ] Safepoint "ICBufferFull", Time since last: 879388531 ns, Reaching safepoint: 230760 ns, At safepoint: 33997 ns, Total: 264757 ns
[2023-06-15T08:07:52.643+0000][101][safepoint   ] Safepoint "Cleanup", Time since last: 1001209865 ns, Reaching safepoint: 4987676 ns, At safepoint: 100839 ns, Total: 5088515 ns
[2023-06-15T08:07:53.623+0000][101][safepoint   ] Safepoint "Cleanup", Time since last: 1001171581 ns, Reaching safepoint: 132381 ns, At safepoint: 3844 ns, Total: 136225 ns
[2023-06-15T08:07:54.508+0000][101][gc,start    ] GC(31) Pause Young (Concurrent Start) (G1 Evacuation Pause)
[2023-06-15T08:07:54.509+0000][101][gc,task     ] GC(31) Using 4 workers of 4 for evacuation
[2023-06-15T08:07:54.509+0000][101][gc,age      ] GC(31) Desired survivor size 6291456 bytes, new threshold 1 (max threshold 15)
[2023-06-15T08:07:54.531+0000][101][gc,phases   ] GC(31)   Pre Evacuate Collection Set: 0.5ms
[2023-06-15T08:07:54.532+0000][101][gc,phases   ] GC(31)   Merge Heap Roots: 0.3ms
[2023-06-15T08:07:54.534+0000][101][gc,phases   ] GC(31)   Evacuate Collection Set: 17.4ms
[2023-06-15T08:07:54.535+0000][101][gc,phases   ] GC(31)   Post Evacuate Collection Set: 2.1ms
[2023-06-15T08:07:54.536+0000][101][gc,phases   ] GC(31)   Other: 2.2ms
[2023-06-15T08:07:54.537+0000][101][gc,age      ] GC(31) Age table with threshold 1 (max threshold 15)
[2023-06-15T08:07:54.538+0000][101][gc,age      ] GC(31) - age   1:    3829264 bytes,    3829264 total
[2023-06-15T08:07:54.538+0000][101][gc,heap     ] GC(31) Eden regions: 20->0(18)
[2023-06-15T08:07:54.539+0000][101][gc,heap     ] GC(31) Survivor regions: 3->2(3)
[2023-06-15T08:07:54.541+0000][101][gc,heap     ] GC(31) Old regions: 22->25
[2023-06-15T08:07:54.541+0000][101][gc,heap     ] GC(31) Archive regions: 2->2
[2023-06-15T08:07:54.542+0000][101][gc,heap     ] GC(31) Humongous regions: 2->2
[2023-06-15T08:07:54.542+0000][101][gc,metaspace] GC(31) Metaspace: 132851K(136320K)->132851K(136320K) NonClass: 114955K(116672K)->114955K(116672K) Class: 17895K(19648K)->17895K(19648K)
[2023-06-15T08:07:54.543+0000][101][gc          ] GC(31) Pause Young (Concurrent Start) (G1 Evacuation Pause) 191M->114M(256M) 34.870ms
[2023-06-15T08:07:54.544+0000][101][gc          ] GC(32) Concurrent Mark Cycle
[2023-06-15T08:07:54.545+0000][101][gc,marking  ] GC(32) Concurrent Clear Claimed Marks
[2023-06-15T08:07:54.547+0000][101][gc,marking  ] GC(32) Concurrent Clear Claimed Marks 2.221ms
[2023-06-15T08:07:54.548+0000][101][gc,marking  ] GC(32) Concurrent Scan Root Regions
[2023-06-15T08:07:54.544+0000][101][gc,cpu      ] GC(31) User=0.04s Sys=0.01s Real=0.04s
[2023-06-15T08:07:54.553+0000][101][safepoint   ] Safepoint "G1CollectForAllocation", Time since last: 884941377 ns, Reaching safepoint: 515626 ns, At safepoint: 44676530 ns, Total: 45192156 ns
[2023-06-15T08:07:54.567+0000][101][gc,marking  ] GC(32) Concurrent Scan Root Regions 19.517ms
[2023-06-15T08:07:54.568+0000][101][gc,marking  ] GC(32) Concurrent Mark
[2023-06-15T08:07:54.569+0000][101][gc,marking  ] GC(32) Concurrent Mark From Roots
[2023-06-15T08:07:54.570+0000][101][gc,task     ] GC(32) Using 1 workers of 1 for marking
[2023-06-15T08:07:54.777+0000][101][gc,marking  ] GC(32) Concurrent Mark From Roots 207.549ms
[2023-06-15T08:07:54.778+0000][101][gc,marking  ] GC(32) Concurrent Preclean
[2023-06-15T08:07:54.780+0000][101][gc,marking  ] GC(32) Concurrent Preclean 1.726ms
[2023-06-15T08:07:54.781+0000][101][gc,start    ] GC(32) Pause Remark
[2023-06-15T08:07:54.790+0000][101][gc          ] GC(32) Pause Remark 115M->115M(256M) 8.647ms
[2023-06-15T08:07:54.790+0000][101][gc,cpu      ] GC(32) User=0.02s Sys=0.00s Real=0.01s
[2023-06-15T08:07:54.791+0000][101][safepoint   ] Safepoint "G1PauseRemark", Time since last: 227918811 ns, Reaching safepoint: 321752 ns, At safepoint: 10211580 ns, Total: 10533332 ns
[2023-06-15T08:07:54.792+0000][101][gc,marking  ] GC(32) Concurrent Mark 224.337ms
[2023-06-15T08:07:54.793+0000][101][gc,marking  ] GC(32) Concurrent Rebuild Remembered Sets
[2023-06-15T08:07:54.874+0000][101][gc,marking  ] GC(32) Concurrent Rebuild Remembered Sets 81.186ms
[2023-06-15T08:07:54.875+0000][101][gc,start    ] GC(32) Pause Cleanup
[2023-06-15T08:07:54.875+0000][101][gc          ] GC(32) Pause Cleanup 116M->116M(256M) 0.629ms
[2023-06-15T08:07:54.876+0000][101][gc,cpu      ] GC(32) User=0.00s Sys=0.00s Real=0.00s
[2023-06-15T08:07:54.877+0000][101][safepoint   ] Safepoint "G1PauseCleanup", Time since last: 83324752 ns, Reaching safepoint: 114108 ns, At safepoint: 2111638 ns, Total: 2225746 ns
[2023-06-15T08:07:54.877+0000][101][gc,marking  ] GC(32) Concurrent Cleanup for Next Mark
[2023-06-15T08:07:54.878+0000][101][gc,marking  ] GC(32) Concurrent Cleanup for Next Mark 0.642ms
[2023-06-15T08:07:54.879+0000][101][gc          ] GC(32) Concurrent Mark Cycle 334.445ms
[2023-06-15T08:07:56.067+0000][101][safepoint   ] Safepoint "ICBufferFull", Time since last: 1189576972 ns, Reaching safepoint: 239488 ns, At safepoint: 70701 ns, Total: 310189 ns
[2023-06-15T08:07:57.069+0000][101][safepoint   ] Safepoint "Cleanup", Time since last: 1001902511 ns, Reaching safepoint: 237553 ns, At safepoint: 30102 ns, Total: 267655 ns
[2023-06-15T08:07:58.074+0000][101][safepoint   ] Safepoint "Cleanup", Time since last: 1004560936 ns, Reaching safepoint: 821918 ns, At safepoint: 28065 ns, Total: 849983 ns
[2023-06-15T08:07:59.077+0000][101][safepoint   ] Safepoint "Cleanup", Time since last: 1002732378 ns, Reaching safepoint: 271438 ns, At safepoint: 6980 ns, Total: 278418 ns
[2023-06-15T08:08:00.080+0000][101][safepoint   ] Safepoint "Cleanup", Time since last: 1002351062 ns, Reaching safepoint: 722228 ns, At safepoint: 69432 ns, Total: 791660 ns
[2023-06-15T08:08:01.084+0000][101][safepoint   ] Safepoint "Cleanup", Time since last: 1002403543 ns, Reaching safepoint: 984173 ns, At safepoint: 138871 ns, Total: 1123044 ns
[2023-06-15T08:08:02.089+0000][101][safepoint   ] Safepoint "Cleanup", Time since last: 1004598658 ns, Reaching safepoint: 349691 ns, At safepoint: 12211 ns, Total: 361902 ns
[2023-06-15T08:08:03.095+0000][101][safepoint   ] Safepoint "Cleanup", Time since last: 1005002941 ns, Reaching safepoint: 866316 ns, At safepoint: 18351 ns, Total: 884667 ns
[2023-06-15T08:08:04.100+0000][101][safepoint   ] Safepoint "Cleanup", Time since last: 1004815805 ns, Reaching safepoint: 447115 ns, At safepoint: 18173 ns, Total: 465288 ns
[2023-06-15T08:08:05.104+0000][101][safepoint   ] Safepoint "Cleanup", Time since last: 1003350910 ns, Reaching safepoint: 396013 ns, At safepoint: 7057 ns, Total: 403070 ns
[2023-06-15T08:08:06.107+0000][101][safepoint   ] Safepoint "Cleanup", Time since last: 1002587279 ns, Reaching safepoint: 255076 ns, At safepoint: 12287 ns, Total: 267363 ns
[2023-06-15T08:08:07.368+0000][101][safepoint   ] Safepoint "Cleanup", Time since last: 1260577333 ns, Reaching safepoint: 272817 ns, At safepoint: 6119 ns, Total: 278936 ns
[2023-06-15T08:08:08.370+0000][101][safepoint   ] Safepoint "Cleanup", Time since last: 1001786618 ns, Reaching safepoint: 692112 ns, At safepoint: 217212 ns, Total: 909324 ns
[2023-06-15T08:08:10.225+0000][101][safepoint   ] Safepoint "Cleanup", Time since last: 1853977521 ns, Reaching safepoint: 471389 ns, At safepoint: 27832 ns, Total: 499221 ns
[2023-06-15T08:08:11.228+0000][101][safepoint   ] Safepoint "Cleanup", Time since last: 1002985897 ns, Reaching safepoint: 243709 ns, At safepoint: 19421 ns, Total: 263130 ns
[2023-06-15T08:08:12.230+0000][101][safepoint   ] Safepoint "Cleanup", Time since last: 1001907678 ns, Reaching safepoint: 304550 ns, At safepoint: 48320 ns, Total: 352870 ns
[2023-06-15T08:08:12.246+0000][101][gc,start    ] GC(33) Pause Young (Prepare Mixed) (G1 Evacuation Pause)
[2023-06-15T08:08:12.247+0000][101][gc,task     ] GC(33) Using 4 workers of 4 for evacuation
[2023-06-15T08:08:12.247+0000][101][gc,age      ] GC(33) Desired survivor size 6291456 bytes, new threshold 15 (max threshold 15)
[2023-06-15T08:08:12.254+0000][101][gc,phases   ] GC(33)   Pre Evacuate Collection Set: 0.1ms
[2023-06-15T08:08:12.255+0000][101][gc,phases   ] GC(33)   Merge Heap Roots: 0.1ms
[2023-06-15T08:08:12.255+0000][101][gc,phases   ] GC(33)   Evacuate Collection Set: 4.4ms
[2023-06-15T08:08:12.256+0000][101][gc,phases   ] GC(33)   Post Evacuate Collection Set: 1.1ms
[2023-06-15T08:08:12.256+0000][101][gc,phases   ] GC(33)   Other: 1.1ms
[2023-06-15T08:08:12.257+0000][101][gc,age      ] GC(33) Age table with threshold 15 (max threshold 15)
[2023-06-15T08:08:12.257+0000][101][gc,age      ] GC(33) - age   1:    1388184 bytes,    1388184 total
[2023-06-15T08:08:12.258+0000][101][gc,age      ] GC(33) - age   2:    1783952 bytes,    3172136 total
[2023-06-15T08:08:12.258+0000][101][gc,heap     ] GC(33) Eden regions: 18->0(2)
[2023-06-15T08:08:12.258+0000][101][gc,heap     ] GC(33) Survivor regions: 2->1(3)
[2023-06-15T08:08:12.259+0000][101][gc,heap     ] GC(33) Old regions: 25->25
[2023-06-15T08:08:12.259+0000][101][gc,heap     ] GC(33) Archive regions: 2->2
[2023-06-15T08:08:12.260+0000][101][gc,heap     ] GC(33) Humongous regions: 2->2
[2023-06-15T08:08:12.261+0000][101][gc,metaspace] GC(33) Metaspace: 134011K(137472K)->134011K(137472K) NonClass: 116041K(117760K)->116041K(117760K) Class: 17970K(19712K)->17970K(19712K)
[2023-06-15T08:08:12.261+0000][101][gc          ] GC(33) Pause Young (Prepare Mixed) (G1 Evacuation Pause) 186M->113M(256M) 14.894ms
[2023-06-15T08:08:12.262+0000][101][gc,cpu      ] GC(33) User=0.02s Sys=0.00s Real=0.01s
[2023-06-15T08:08:12.262+0000][101][safepoint   ] Safepoint "G1CollectForAllocation", Time since last: 15854220 ns, Reaching safepoint: 72168 ns, At safepoint: 15748416 ns, Total: 15820584 ns
[2023-06-15T08:08:13.070+0000][101][gc,start    ] GC(34) Pause Young (Mixed) (G1 Evacuation Pause)
[2023-06-15T08:08:13.070+0000][101][gc,task     ] GC(34) Using 4 workers of 4 for evacuation
[2023-06-15T08:08:13.071+0000][101][gc,age      ] GC(34) Desired survivor size 2097152 bytes, new threshold 2 (max threshold 15)
[2023-06-15T08:08:13.076+0000][101][gc,phases   ] GC(34)   Pre Evacuate Collection Set: 0.1ms
[2023-06-15T08:08:13.076+0000][101][gc,phases   ] GC(34)   Merge Heap Roots: 0.1ms
[2023-06-15T08:08:13.077+0000][101][gc,phases   ] GC(34)   Evacuate Collection Set: 3.1ms
[2023-06-15T08:08:13.077+0000][101][gc,phases   ] GC(34)   Post Evacuate Collection Set: 0.7ms
[2023-06-15T08:08:13.078+0000][101][gc,phases   ] GC(34)   Other: 1.1ms
[2023-06-15T08:08:13.078+0000][101][gc,age      ] GC(34) Age table with threshold 2 (max threshold 15)
[2023-06-15T08:08:13.079+0000][101][gc,age      ] GC(34) - age   1:     247784 bytes,     247784 total
[2023-06-15T08:08:13.079+0000][101][gc,age      ] GC(34) - age   2:    1288744 bytes,    1536528 total
[2023-06-15T08:08:13.079+0000][101][gc,heap     ] GC(34) Eden regions: 2->0(20)
[2023-06-15T08:08:13.079+0000][101][gc,heap     ] GC(34) Survivor regions: 1->1(1)
[2023-06-15T08:08:13.080+0000][101][gc,heap     ] GC(34) Old regions: 25->25
[2023-06-15T08:08:13.080+0000][101][gc,heap     ] GC(34) Archive regions: 2->2
[2023-06-15T08:08:13.080+0000][101][gc,heap     ] GC(34) Humongous regions: 2->2
[2023-06-15T08:08:13.081+0000][101][gc,metaspace] GC(34) Metaspace: 134075K(137536K)->134075K(137536K) NonClass: 116105K(117824K)->116105K(117824K) Class: 17970K(19712K)->17970K(19712K)
[2023-06-15T08:08:13.081+0000][101][gc          ] GC(34) Pause Young (Mixed) (G1 Evacuation Pause) 121M->112M(256M) 11.618ms
[2023-06-15T08:08:13.082+0000][101][gc,cpu      ] GC(34) User=0.01s Sys=0.00s Real=0.01s
[2023-06-15T08:08:13.082+0000][101][safepoint   ] Safepoint "G1CollectForAllocation", Time since last: 807440275 ns, Reaching safepoint: 166736 ns, At safepoint: 12780339 ns, Total: 12947075 ns
[2023-06-15T08:08:14.084+0000][101][safepoint   ] Safepoint "Cleanup", Time since last: 1001749253 ns, Reaching safepoint: 212466 ns, At safepoint: 6774 ns, Total: 219240 ns
[2023-06-15T08:08:15.086+0000][101][safepoint   ] Safepoint "Cleanup", Time since last: 1001520007 ns, Reaching safepoint: 259765 ns, At safepoint: 11833 ns, Total: 271598 ns
[2023-06-15T08:08:16.087+0000][101][safepoint   ] Safepoint "Cleanup", Time since last: 1000747529 ns, Reaching safepoint: 232709 ns, At safepoint: 13092 ns, Total: 245801 ns
[2023-06-15T08:08:17.089+0000][101][safepoint   ] Safepoint "Cleanup", Time since last: 1001038638 ns, Reaching safepoint: 379412 ns, At safepoint: 48396 ns, Total: 427808 ns
[2023-06-15T08:08:18.091+0000][101][safepoint   ] Safepoint "Cleanup", Time since last: 1002202521 ns, Reaching safepoint: 600592 ns, At safepoint: 13244 ns, Total: 613836 ns
[2023-06-15T08:08:19.095+0000][101][safepoint   ] Safepoint "Cleanup", Time since last: 1003504942 ns, Reaching safepoint: 173846 ns, At safepoint: 7440 ns, Total: 181286 ns
[2023-06-15T08:08:20.096+0000][101][safepoint   ] Safepoint "Cleanup", Time since last: 1001192891 ns, Reaching safepoint: 128764 ns, At safepoint: 7903 ns, Total: 136667 ns
[2023-06-15T08:08:22.098+0000][101][safepoint   ] Safepoint "Cleanup", Time since last: 2001320759 ns, Reaching safepoint: 165307 ns, At safepoint: 11812 ns, Total: 177119 ns
[2023-06-15T08:08:23.102+0000][101][safepoint   ] Safepoint "Cleanup", Time since last: 1003385258 ns, Reaching safepoint: 234262 ns, At safepoint: 25618 ns, Total: 259880 ns
[2023-06-15T08:08:25.083+0000][101][safepoint   ] Safepoint "Cleanup", Time since last: 2003117469 ns, Reaching safepoint: 480797 ns, At safepoint: 14806 ns, Total: 495603 ns
[2023-06-15T08:08:26.087+0000][101][safepoint   ] Safepoint "Cleanup", Time since last: 1003795413 ns, Reaching safepoint: 545635 ns, At safepoint: 14809 ns, Total: 560444 ns
[2023-06-15T08:08:27.091+0000][101][safepoint   ] Safepoint "Cleanup", Time since last: 1003510305 ns, Reaching safepoint: 369819 ns, At safepoint: 19172 ns, Total: 388991 ns
[2023-06-15T08:08:28.093+0000][101][safepoint   ] Safepoint "Cleanup", Time since last: 1001219290 ns, Reaching safepoint: 141528 ns, At safepoint: 5486 ns, Total: 147014 ns
[2023-06-15T08:08:29.094+0000][101][safepoint   ] Safepoint "Cleanup", Time since last: 1001512911 ns, Reaching safepoint: 145257 ns, At safepoint: 5598 ns, Total: 150855 ns
[2023-06-15T08:08:30.097+0000][101][safepoint   ] Safepoint "Cleanup", Time since last: 1002252563 ns, Reaching safepoint: 143345 ns, At safepoint: 11001 ns, Total: 154346 ns
[2023-06-15T08:08:31.099+0000][101][safepoint   ] Safepoint "Cleanup", Time since last: 1001858775 ns, Reaching safepoint: 825362 ns, At safepoint: 71385 ns, Total: 896747 ns
[2023-06-15T08:08:32.103+0000][101][safepoint   ] Safepoint "Cleanup", Time since last: 1003420628 ns, Reaching safepoint: 417136 ns, At safepoint: 19573 ns, Total: 436709 ns
[2023-06-15T08:08:33.105+0000][101][safepoint   ] Safepoint "Cleanup", Time since last: 1001838894 ns, Reaching safepoint: 113983 ns, At safepoint: 4292 ns, Total: 118275 ns
[2023-06-15T08:08:34.107+0000][101][safepoint   ] Safepoint "Cleanup", Time since last: 1001505473 ns, Reaching safepoint: 197584 ns, At safepoint: 16937 ns, Total: 214521 ns
[2023-06-15T08:08:35.114+0000][101][safepoint   ] Safepoint "Cleanup", Time since last: 1007016684 ns, Reaching safepoint: 136836 ns, At safepoint: 14227 ns, Total: 151063 ns
[2023-06-15T08:08:36.117+0000][101][safepoint   ] Safepoint "Cleanup", Time since last: 1002236601 ns, Reaching safepoint: 113848 ns, At safepoint: 4282 ns, Total: 118130 ns
[2023-06-15T08:08:36.860+0000][101][gc,start    ] GC(35) Pause Young (Concurrent Start) (G1 Evacuation Pause)
[2023-06-15T08:08:36.860+0000][101][gc,task     ] GC(35) Using 4 workers of 4 for evacuation
[2023-06-15T08:08:36.861+0000][101][gc,age      ] GC(35) Desired survivor size 6291456 bytes, new threshold 15 (max threshold 15)
[2023-06-15T08:08:36.866+0000][101][gc,phases   ] GC(35)   Pre Evacuate Collection Set: 0.4ms
[2023-06-15T08:08:36.866+0000][101][gc,phases   ] GC(35)   Merge Heap Roots: 0.1ms
[2023-06-15T08:08:36.869+0000][101][gc,phases   ] GC(35)   Evacuate Collection Set: 3.2ms
[2023-06-15T08:08:36.870+0000][101][gc,phases   ] GC(35)   Post Evacuate Collection Set: 0.7ms
[2023-06-15T08:08:36.870+0000][101][gc,phases   ] GC(35)   Other: 1.1ms
[2023-06-15T08:08:36.871+0000][101][gc,age      ] GC(35) Age table with threshold 15 (max threshold 15)
[2023-06-15T08:08:36.871+0000][101][gc,age      ] GC(35) - age   1:    1273320 bytes,    1273320 total
[2023-06-15T08:08:36.872+0000][101][gc,age      ] GC(35) - age   2:       4736 bytes,    1278056 total
[2023-06-15T08:08:36.872+0000][101][gc,age      ] GC(35) - age   3:     810984 bytes,    2089040 total
[2023-06-15T08:08:36.872+0000][101][gc,heap     ] GC(35) Eden regions: 20->0(20)
[2023-06-15T08:08:36.873+0000][101][gc,heap     ] GC(35) Survivor regions: 1->1(3)
[2023-06-15T08:08:36.873+0000][101][gc,heap     ] GC(35) Old regions: 25->25
[2023-06-15T08:08:36.874+0000][101][gc,heap     ] GC(35) Archive regions: 2->2
[2023-06-15T08:08:36.874+0000][101][gc,heap     ] GC(35) Humongous regions: 2->2
[2023-06-15T08:08:36.875+0000][101][gc,metaspace] GC(35) Metaspace: 134693K(138176K)->134693K(138176K) NonClass: 116722K(118464K)->116722K(118464K) Class: 17970K(19712K)->17970K(19712K)
[2023-06-15T08:08:36.876+0000][101][gc          ] GC(35) Pause Young (Concurrent Start) (G1 Evacuation Pause) 192M->112M(256M) 16.581ms
[2023-06-15T08:08:36.877+0000][101][gc,cpu      ] GC(35) User=0.01s Sys=0.00s Real=0.02s
[2023-06-15T08:08:36.877+0000][101][safepoint   ] Safepoint "G1CollectForAllocation", Time since last: 742827344 ns, Reaching safepoint: 110034 ns, At safepoint: 17906647 ns, Total: 18016681 ns
[2023-06-15T08:08:36.877+0000][101][gc          ] GC(36) Concurrent Mark Cycle
[2023-06-15T08:08:36.879+0000][101][gc,marking  ] GC(36) Concurrent Clear Claimed Marks
[2023-06-15T08:08:36.881+0000][101][gc,marking  ] GC(36) Concurrent Clear Claimed Marks 1.388ms
[2023-06-15T08:08:36.881+0000][101][gc,marking  ] GC(36) Concurrent Scan Root Regions
[2023-06-15T08:08:36.886+0000][101][gc,marking  ] GC(36) Concurrent Scan Root Regions 4.446ms
[2023-06-15T08:08:36.888+0000][101][gc,marking  ] GC(36) Concurrent Mark
[2023-06-15T08:08:36.889+0000][101][gc,marking  ] GC(36) Concurrent Mark From Roots
[2023-06-15T08:08:36.890+0000][101][gc,task     ] GC(36) Using 1 workers of 1 for marking
[2023-06-15T08:08:37.118+0000][101][gc,marking  ] GC(36) Concurrent Mark From Roots 229.155ms
[2023-06-15T08:08:37.121+0000][101][gc,marking  ] GC(36) Concurrent Preclean
[2023-06-15T08:08:37.122+0000][101][gc,marking  ] GC(36) Concurrent Preclean 1.151ms
[2023-06-15T08:08:37.123+0000][101][gc,start    ] GC(36) Pause Remark
[2023-06-15T08:08:37.142+0000][101][gc          ] GC(36) Pause Remark 113M->113M(256M) 18.243ms
[2023-06-15T08:08:37.143+0000][101][gc,cpu      ] GC(36) User=0.04s Sys=0.00s Real=0.02s
[2023-06-15T08:08:37.144+0000][101][safepoint   ] Safepoint "G1PauseRemark", Time since last: 245767286 ns, Reaching safepoint: 184831 ns, At safepoint: 20780180 ns, Total: 20965011 ns
[2023-06-15T08:08:37.145+0000][101][gc,marking  ] GC(36) Concurrent Mark 257.296ms
[2023-06-15T08:08:37.145+0000][101][gc,marking  ] GC(36) Concurrent Rebuild Remembered Sets
[2023-06-15T08:08:37.226+0000][101][gc,marking  ] GC(36) Concurrent Rebuild Remembered Sets 80.173ms
[2023-06-15T08:08:37.228+0000][101][gc,start    ] GC(36) Pause Cleanup
[2023-06-15T08:08:37.229+0000][101][gc          ] GC(36) Pause Cleanup 114M->114M(256M) 1.158ms
[2023-06-15T08:08:37.230+0000][101][gc,cpu      ] GC(36) User=0.00s Sys=0.00s Real=0.00s
[2023-06-15T08:08:37.230+0000][101][safepoint   ] Safepoint "G1PauseCleanup", Time since last: 82662257 ns, Reaching safepoint: 703068 ns, At safepoint: 2727647 ns, Total: 3430715 ns
[2023-06-15T08:08:37.231+0000][101][gc,marking  ] GC(36) Concurrent Cleanup for Next Mark
[2023-06-15T08:08:37.232+0000][101][gc,marking  ] GC(36) Concurrent Cleanup for Next Mark 0.679ms
[2023-06-15T08:08:37.232+0000][101][gc          ] GC(36) Concurrent Mark Cycle 355.443ms
[2023-06-15T08:08:38.231+0000][101][safepoint   ] Safepoint "Cleanup", Time since last: 1000984000 ns, Reaching safepoint: 120650 ns, At safepoint: 3981 ns, Total: 124631 ns
[2023-06-15T08:08:39.233+0000][101][safepoint   ] Safepoint "Cleanup", Time since last: 1001094917 ns, Reaching safepoint: 155938 ns, At safepoint: 74634 ns, Total: 230572 ns
[2023-06-15T08:08:40.234+0000][101][safepoint   ] Safepoint "Cleanup", Time since last: 1001333863 ns, Reaching safepoint: 141268 ns, At safepoint: 4288 ns, Total: 145556 ns
[2023-06-15T08:08:42.236+0000][101][safepoint   ] Safepoint "Cleanup", Time since last: 2002072919 ns, Reaching safepoint: 100392 ns, At safepoint: 33478 ns, Total: 133870 ns
[2023-06-15T08:08:43.238+0000][101][safepoint   ] Safepoint "Cleanup", Time since last: 1001118170 ns, Reaching safepoint: 99395 ns, At safepoint: 14896 ns, Total: 114291 ns
[2023-06-15T08:08:44.239+0000][101][safepoint   ] Safepoint "Cleanup", Time since last: 1001025039 ns, Reaching safepoint: 132403 ns, At safepoint: 43908 ns, Total: 176311 ns
[2023-06-15T08:08:45.241+0000][101][safepoint   ] Safepoint "Cleanup", Time since last: 1001455407 ns, Reaching safepoint: 257797 ns, At safepoint: 49659 ns, Total: 307456 ns
[2023-06-15T08:08:47.243+0000][101][safepoint   ] Safepoint "Cleanup", Time since last: 2002214199 ns, Reaching safepoint: 357556 ns, At safepoint: 15656 ns, Total: 373212 ns
[2023-06-15T08:08:48.247+0000][101][safepoint   ] Safepoint "Cleanup", Time since last: 1003498143 ns, Reaching safepoint: 300161 ns, At safepoint: 8079 ns, Total: 308240 ns
[2023-06-15T08:08:49.251+0000][101][safepoint   ] Safepoint "Cleanup", Time since last: 1003266826 ns, Reaching safepoint: 912606 ns, At safepoint: 65933 ns, Total: 978539 ns
[2023-06-15T08:08:50.254+0000][101][safepoint   ] Safepoint "Cleanup", Time since last: 1002804300 ns, Reaching safepoint: 173239 ns, At safepoint: 10773 ns, Total: 184012 ns
[2023-06-15T08:08:51.257+0000][101][safepoint   ] Safepoint "Cleanup", Time since last: 1002757121 ns, Reaching safepoint: 79593 ns, At safepoint: 6690 ns, Total: 86283 ns
[2023-06-15T08:08:52.264+0000][101][safepoint   ] Safepoint "Cleanup", Time since last: 1006405304 ns, Reaching safepoint: 102100 ns, At safepoint: 203912 ns, Total: 306012 ns
[2023-06-15T08:08:53.265+0000][101][safepoint   ] Safepoint "Cleanup", Time since last: 1001678656 ns, Reaching safepoint: 97712 ns, At safepoint: 5296 ns, Total: 103008 ns
[2023-06-15T08:08:54.246+0000][101][safepoint   ] Safepoint "Cleanup", Time since last: 1001800541 ns, Reaching safepoint: 120628 ns, At safepoint: 5589 ns, Total: 126217 ns
[2023-06-15T08:08:55.256+0000][101][safepoint   ] Safepoint "Cleanup", Time since last: 1010511686 ns, Reaching safepoint: 103831 ns, At safepoint: 6493 ns, Total: 110324 ns
[2023-06-15T08:08:56.259+0000][101][safepoint   ] Safepoint "Cleanup", Time since last: 1002986821 ns, Reaching safepoint: 104715 ns, At safepoint: 4844 ns, Total: 109559 ns
[2023-06-15T08:08:57.262+0000][101][safepoint   ] Safepoint "Cleanup", Time since last: 1002473237 ns, Reaching safepoint: 138947 ns, At safepoint: 8667 ns, Total: 147614 ns
[2023-06-15T08:08:58.672+0000][101][safepoint   ] Safepoint "Cleanup", Time since last: 1410283625 ns, Reaching safepoint: 150280 ns, At safepoint: 63711 ns, Total: 213991 ns
[2023-06-15T08:08:58.676+0000][101][gc,start    ] GC(37) Pause Young (Prepare Mixed) (G1 Evacuation Pause)
[2023-06-15T08:08:58.678+0000][101][gc,task     ] GC(37) Using 4 workers of 4 for evacuation
[2023-06-15T08:08:58.679+0000][101][gc,age      ] GC(37) Desired survivor size 6291456 bytes, new threshold 15 (max threshold 15)
[2023-06-15T08:08:58.684+0000][101][gc,phases   ] GC(37)   Pre Evacuate Collection Set: 0.3ms
[2023-06-15T08:08:58.685+0000][101][gc,phases   ] GC(37)   Merge Heap Roots: 0.2ms
[2023-06-15T08:08:58.686+0000][101][gc,phases   ] GC(37)   Evacuate Collection Set: 3.1ms
[2023-06-15T08:08:58.687+0000][101][gc,phases   ] GC(37)   Post Evacuate Collection Set: 1.0ms
[2023-06-15T08:08:58.689+0000][101][gc,phases   ] GC(37)   Other: 1.8ms
[2023-06-15T08:08:58.690+0000][101][gc,age      ] GC(37) Age table with threshold 15 (max threshold 15)
[2023-06-15T08:08:58.690+0000][101][gc,age      ] GC(37) - age   1:     790656 bytes,     790656 total
[2023-06-15T08:08:58.691+0000][101][gc,age      ] GC(37) - age   2:     139856 bytes,     930512 total
[2023-06-15T08:08:58.692+0000][101][gc,age      ] GC(37) - age   3:       3160 bytes,     933672 total
[2023-06-15T08:08:58.693+0000][101][gc,age      ] GC(37) - age   4:     432536 bytes,    1366208 total
[2023-06-15T08:08:58.694+0000][101][gc,heap     ] GC(37) Eden regions: 20->0(2)
[2023-06-15T08:08:58.694+0000][101][gc,heap     ] GC(37) Survivor regions: 1->1(3)
[2023-06-15T08:08:58.695+0000][101][gc,heap     ] GC(37) Old regions: 25->25
[2023-06-15T08:08:58.696+0000][101][gc,heap     ] GC(37) Archive regions: 2->2
[2023-06-15T08:08:58.697+0000][101][gc,heap     ] GC(37) Humongous regions: 2->2
[2023-06-15T08:08:58.697+0000][101][gc,metaspace] GC(37) Metaspace: 135012K(138496K)->135012K(138496K) NonClass: 117069K(118784K)->117069K(118784K) Class: 17943K(19712K)->17943K(19712K)
[2023-06-15T08:08:58.698+0000][101][gc          ] GC(37) Pause Young (Prepare Mixed) (G1 Evacuation Pause) 192M->111M(256M) 22.081ms
[2023-06-15T08:08:58.698+0000][101][gc,cpu      ] GC(37) User=0.01s Sys=0.00s Real=0.03s
[2023-06-15T08:08:58.700+0000][101][safepoint   ] Safepoint "G1CollectForAllocation", Time since last: 3049138 ns, Reaching safepoint: 94041 ns, At safepoint: 24210499 ns, Total: 24304540 ns
[2023-06-15T08:09:00.339+0000][101][safepoint   ] Safepoint "Cleanup", Time since last: 1638767629 ns, Reaching safepoint: 151497 ns, At safepoint: 40889 ns, Total: 192386 ns
[2023-06-15T08:09:00.747+0000][101][gc,start    ] GC(38) Pause Young (Mixed) (G1 Evacuation Pause)
[2023-06-15T08:09:00.748+0000][101][gc,task     ] GC(38) Using 4 workers of 4 for evacuation
[2023-06-15T08:09:00.749+0000][101][gc,age      ] GC(38) Desired survivor size 2097152 bytes, new threshold 15 (max threshold 15)
[2023-06-15T08:09:00.793+0000][101][gc,phases   ] GC(38)   Pre Evacuate Collection Set: 0.3ms
[2023-06-15T08:09:00.795+0000][101][gc,phases   ] GC(38)   Merge Heap Roots: 0.2ms
[2023-06-15T08:09:00.796+0000][101][gc,phases   ] GC(38)   Evacuate Collection Set: 41.1ms
[2023-06-15T08:09:00.797+0000][101][gc,phases   ] GC(38)   Post Evacuate Collection Set: 1.1ms
[2023-06-15T08:09:00.798+0000][101][gc,phases   ] GC(38)   Other: 2.7ms
[2023-06-15T08:09:00.799+0000][101][gc,age      ] GC(38) Age table with threshold 15 (max threshold 15)
[2023-06-15T08:09:00.799+0000][101][gc,age      ] GC(38) - age   1:     376472 bytes,     376472 total
[2023-06-15T08:09:00.800+0000][101][gc,age      ] GC(38) - age   2:     693432 bytes,    1069904 total
[2023-06-15T08:09:00.801+0000][101][gc,age      ] GC(38) - age   3:     139632 bytes,    1209536 total
[2023-06-15T08:09:00.802+0000][101][gc,age      ] GC(38) - age   4:       3096 bytes,    1212632 total
[2023-06-15T08:09:00.803+0000][101][gc,age      ] GC(38) - age   5:     432536 bytes,    1645168 total
[2023-06-15T08:09:00.803+0000][101][gc,heap     ] GC(38) Eden regions: 2->0(21)
[2023-06-15T08:09:00.805+0000][101][gc,heap     ] GC(38) Survivor regions: 1->1(1)
[2023-06-15T08:09:00.807+0000][101][gc,heap     ] GC(38) Old regions: 25->25
[2023-06-15T08:09:00.808+0000][101][gc,heap     ] GC(38) Archive regions: 2->2
[2023-06-15T08:09:00.809+0000][101][gc,heap     ] GC(38) Humongous regions: 2->2
[2023-06-15T08:09:00.810+0000][101][gc,metaspace] GC(38) Metaspace: 135061K(138560K)->135061K(138560K) NonClass: 117118K(118848K)->117118K(118848K) Class: 17943K(19712K)->17943K(19712K)
[2023-06-15T08:09:00.811+0000][101][gc          ] GC(38) Pause Young (Mixed) (G1 Evacuation Pause) 119M->111M(256M) 63.865ms
[2023-06-15T08:09:00.812+0000][101][gc,cpu      ] GC(38) User=0.11s Sys=0.01s Real=0.07s
[2023-06-15T08:09:00.812+0000][101][safepoint   ] Safepoint "G1CollectForAllocation", Time since last: 407974217 ns, Reaching safepoint: 119314 ns, At safepoint: 65618240 ns, Total: 65737554 ns
[2023-06-15T08:09:01.815+0000][101][safepoint   ] Safepoint "Cleanup", Time since last: 1002224564 ns, Reaching safepoint: 320077 ns, At safepoint: 16698 ns, Total: 336775 ns
[2023-06-15T08:09:02.817+0000][101][safepoint   ] Safepoint "Cleanup", Time since last: 1001317546 ns, Reaching safepoint: 854683 ns, At safepoint: 83788 ns, Total: 938471 ns
[2023-06-15T08:09:03.820+0000][101][safepoint   ] Safepoint "Cleanup", Time since last: 1002676766 ns, Reaching safepoint: 138026 ns, At safepoint: 14546 ns, Total: 152572 ns
[2023-06-15T08:09:04.822+0000][101][safepoint   ] Safepoint "Cleanup", Time since last: 1001902950 ns, Reaching safepoint: 427149 ns, At safepoint: 10770 ns, Total: 437919 ns
[2023-06-15T08:09:05.826+0000][101][safepoint   ] Safepoint "Cleanup", Time since last: 1002780725 ns, Reaching safepoint: 278079 ns, At safepoint: 7383 ns, Total: 285462 ns
[2023-06-15T08:09:06.829+0000][101][safepoint   ] Safepoint "Cleanup", Time since last: 1003359673 ns, Reaching safepoint: 504472 ns, At safepoint: 9843 ns, Total: 514315 ns
[2023-06-15T08:09:07.833+0000][101][safepoint   ] Safepoint "Cleanup", Time since last: 1003206074 ns, Reaching safepoint: 429156 ns, At safepoint: 12265 ns, Total: 441421 ns
[2023-06-15T08:09:09.221+0000][101][safepoint   ] Safepoint "Cleanup", Time since last: 1387463954 ns, Reaching safepoint: 75955 ns, At safepoint: 29832 ns, Total: 105787 ns
[2023-06-15T08:09:10.224+0000][101][safepoint   ] Safepoint "Cleanup", Time since last: 1003432668 ns, Reaching safepoint: 378014 ns, At safepoint: 7553 ns, Total: 385567 ns
[2023-06-15T08:09:11.228+0000][101][safepoint   ] Safepoint "Cleanup", Time since last: 1003352139 ns, Reaching safepoint: 577871 ns, At safepoint: 20501 ns, Total: 598372 ns
[2023-06-15T08:09:12.231+0000][101][safepoint   ] Safepoint "Cleanup", Time since last: 1002132996 ns, Reaching safepoint: 424534 ns, At safepoint: 91699 ns, Total: 516233 ns
[2023-06-15T08:09:13.232+0000][101][safepoint   ] Safepoint "Cleanup", Time since last: 1001005873 ns, Reaching safepoint: 242700 ns, At safepoint: 50795 ns, Total: 293495 ns
[2023-06-15T08:09:14.234+0000][101][safepoint   ] Safepoint "Cleanup", Time since last: 1001495668 ns, Reaching safepoint: 198764 ns, At safepoint: 7238 ns, Total: 206002 ns
[2023-06-15T08:09:15.237+0000][101][safepoint   ] Safepoint "Cleanup", Time since last: 1002503025 ns, Reaching safepoint: 61006 ns, At safepoint: 28654 ns, Total: 89660 ns
[2023-06-15T08:09:16.239+0000][101][safepoint   ] Safepoint "Cleanup", Time since last: 1001974379 ns, Reaching safepoint: 80327 ns, At safepoint: 4637 ns, Total: 84964 ns
[2023-06-15T08:09:17.240+0000][101][safepoint   ] Safepoint "Cleanup", Time since last: 1001634057 ns, Reaching safepoint: 88360 ns, At safepoint: 5269 ns, Total: 93629 ns
[2023-06-15T08:09:18.242+0000][101][safepoint   ] Safepoint "Cleanup", Time since last: 1001431579 ns, Reaching safepoint: 316481 ns, At safepoint: 8878 ns, Total: 325359 ns
[2023-06-15T08:09:19.244+0000][101][safepoint   ] Safepoint "Cleanup", Time since last: 1001240085 ns, Reaching safepoint: 83116 ns, At safepoint: 3723 ns, Total: 86839 ns
[2023-06-15T08:09:20.245+0000][101][safepoint   ] Safepoint "Cleanup", Time since last: 1001463754 ns, Reaching safepoint: 223851 ns, At safepoint: 3682 ns, Total: 227533 ns
[2023-06-15T08:09:21.247+0000][101][safepoint   ] Safepoint "Cleanup", Time since last: 1001574791 ns, Reaching safepoint: 132170 ns, At safepoint: 4572 ns, Total: 136742 ns
[2023-06-15T08:09:22.249+0000][101][safepoint   ] Safepoint "Cleanup", Time since last: 1002168240 ns, Reaching safepoint: 353766 ns, At safepoint: 22964 ns, Total: 376730 ns
[2023-06-15T08:09:23.251+0000][101][safepoint   ] Safepoint "Cleanup", Time since last: 1001426645 ns, Reaching safepoint: 336952 ns, At safepoint: 32844 ns, Total: 369796 ns
[2023-06-15T08:09:24.232+0000][101][safepoint   ] Safepoint "Cleanup", Time since last: 1002350423 ns, Reaching safepoint: 321256 ns, At safepoint: 29570 ns, Total: 350826 ns
[2023-06-15T08:09:25.233+0000][101][safepoint   ] Safepoint "Cleanup", Time since last: 1001078290 ns, Reaching safepoint: 384948 ns, At safepoint: 22546 ns, Total: 407494 ns
[2023-06-15T08:09:27.237+0000][101][safepoint   ] Safepoint "Cleanup", Time since last: 2003491454 ns, Reaching safepoint: 343701 ns, At safepoint: 9040 ns, Total: 352741 ns
[2023-06-15T08:09:28.241+0000][101][safepoint   ] Safepoint "Cleanup", Time since last: 1003073127 ns, Reaching safepoint: 253689 ns, At safepoint: 6543 ns, Total: 260232 ns
[2023-06-15T08:09:29.243+0000][101][safepoint   ] Safepoint "Cleanup", Time since last: 1002493440 ns, Reaching safepoint: 278488 ns, At safepoint: 16125 ns, Total: 294613 ns
[2023-06-15T08:09:30.245+0000][101][safepoint   ] Safepoint "Cleanup", Time since last: 1001480607 ns, Reaching safepoint: 48747 ns, At safepoint: 3302 ns, Total: 52049 ns
[2023-06-15T08:09:30.310+0000][101][gc,start    ] GC(39) Pause Young (Concurrent Start) (G1 Evacuation Pause)
[2023-06-15T08:09:30.310+0000][101][gc,task     ] GC(39) Using 4 workers of 4 for evacuation
[2023-06-15T08:09:30.311+0000][101][gc,age      ] GC(39) Desired survivor size 6291456 bytes, new threshold 15 (max threshold 15)
[2023-06-15T08:09:30.316+0000][101][gc,phases   ] GC(39)   Pre Evacuate Collection Set: 0.5ms
[2023-06-15T08:09:30.317+0000][101][gc,phases   ] GC(39)   Merge Heap Roots: 0.1ms
[2023-06-15T08:09:30.318+0000][101][gc,phases   ] GC(39)   Evacuate Collection Set: 3.4ms
[2023-06-15T08:09:30.319+0000][101][gc,phases   ] GC(39)   Post Evacuate Collection Set: 0.8ms
[2023-06-15T08:09:30.320+0000][101][gc,phases   ] GC(39)   Other: 1.3ms
[2023-06-15T08:09:30.320+0000][101][gc,age      ] GC(39) Age table with threshold 15 (max threshold 15)
[2023-06-15T08:09:30.321+0000][101][gc,age      ] GC(39) - age   1:     937624 bytes,     937624 total
[2023-06-15T08:09:30.321+0000][101][gc,age      ] GC(39) - age   2:        960 bytes,     938584 total
[2023-06-15T08:09:30.322+0000][101][gc,age      ] GC(39) - age   3:     456504 bytes,    1395088 total
[2023-06-15T08:09:30.323+0000][101][gc,age      ] GC(39) - age   4:     138704 bytes,    1533792 total
[2023-06-15T08:09:30.324+0000][101][gc,age      ] GC(39) - age   5:       3000 bytes,    1536792 total
[2023-06-15T08:09:30.325+0000][101][gc,age      ] GC(39) - age   6:     432408 bytes,    1969200 total
[2023-06-15T08:09:30.326+0000][101][gc,heap     ] GC(39) Eden regions: 21->0(21)
[2023-06-15T08:09:30.327+0000][101][gc,heap     ] GC(39) Survivor regions: 1->1(3)
[2023-06-15T08:09:30.328+0000][101][gc,heap     ] GC(39) Old regions: 25->25
[2023-06-15T08:09:30.328+0000][101][gc,heap     ] GC(39) Archive regions: 2->2
[2023-06-15T08:09:30.329+0000][101][gc,heap     ] GC(39) Humongous regions: 2->2
[2023-06-15T08:09:30.330+0000][101][gc,metaspace] GC(39) Metaspace: 135332K(138816K)->135332K(138816K) NonClass: 117389K(119104K)->117389K(119104K) Class: 17943K(19712K)->17943K(19712K)
[2023-06-15T08:09:30.331+0000][101][gc          ] GC(39) Pause Young (Concurrent Start) (G1 Evacuation Pause) 195M->111M(256M) 21.472ms
[2023-06-15T08:09:30.332+0000][101][gc,cpu      ] GC(39) User=0.01s Sys=0.00s Real=0.02s
[2023-06-15T08:09:30.332+0000][101][gc          ] GC(40) Concurrent Mark Cycle
[2023-06-15T08:09:30.334+0000][101][gc,marking  ] GC(40) Concurrent Clear Claimed Marks
[2023-06-15T08:09:30.333+0000][101][safepoint   ] Safepoint "G1CollectForAllocation", Time since last: 64667712 ns, Reaching safepoint: 77658 ns, At safepoint: 23612411 ns, Total: 23690069 ns
[2023-06-15T08:09:30.335+0000][101][gc,marking  ] GC(40) Concurrent Clear Claimed Marks 1.233ms
[2023-06-15T08:09:30.337+0000][101][gc,marking  ] GC(40) Concurrent Scan Root Regions
[2023-06-15T08:09:30.340+0000][101][gc,marking  ] GC(40) Concurrent Scan Root Regions 3.309ms
[2023-06-15T08:09:30.341+0000][101][gc,marking  ] GC(40) Concurrent Mark
[2023-06-15T08:09:30.342+0000][101][gc,marking  ] GC(40) Concurrent Mark From Roots
[2023-06-15T08:09:30.343+0000][101][gc,task     ] GC(40) Using 1 workers of 1 for marking
[2023-06-15T08:09:30.568+0000][101][gc,marking  ] GC(40) Concurrent Mark From Roots 225.987ms
[2023-06-15T08:09:30.568+0000][101][gc,marking  ] GC(40) Concurrent Preclean
[2023-06-15T08:09:30.569+0000][101][gc,marking  ] GC(40) Concurrent Preclean 0.876ms
[2023-06-15T08:09:30.570+0000][101][gc,start    ] GC(40) Pause Remark
[2023-06-15T08:09:30.581+0000][101][gc          ] GC(40) Pause Remark 112M->112M(256M) 10.993ms
[2023-06-15T08:09:30.582+0000][101][gc,cpu      ] GC(40) User=0.02s Sys=0.00s Real=0.01s
[2023-06-15T08:09:30.582+0000][101][safepoint   ] Safepoint "G1PauseRemark", Time since last: 236385571 ns, Reaching safepoint: 111771 ns, At safepoint: 12595797 ns, Total: 12707568 ns
[2023-06-15T08:09:30.583+0000][101][gc,marking  ] GC(40) Concurrent Mark 242.403ms
[2023-06-15T08:09:30.584+0000][101][gc,marking  ] GC(40) Concurrent Rebuild Remembered Sets
[2023-06-15T08:09:30.698+0000][101][gc,marking  ] GC(40) Concurrent Rebuild Remembered Sets 114.384ms
[2023-06-15T08:09:30.699+0000][101][gc,start    ] GC(40) Pause Cleanup
[2023-06-15T08:09:30.701+0000][101][gc          ] GC(40) Pause Cleanup 115M->115M(256M) 1.181ms
[2023-06-15T08:09:30.701+0000][101][gc,cpu      ] GC(40) User=0.00s Sys=0.00s Real=0.00s
[2023-06-15T08:09:30.702+0000][101][safepoint   ] Safepoint "G1PauseCleanup", Time since last: 116796162 ns, Reaching safepoint: 82108 ns, At safepoint: 2670742 ns, Total: 2752850 ns
[2023-06-15T08:09:30.703+0000][101][gc,marking  ] GC(40) Concurrent Cleanup for Next Mark
[2023-06-15T08:09:30.704+0000][101][gc,marking  ] GC(40) Concurrent Cleanup for Next Mark 1.490ms
[2023-06-15T08:09:30.705+0000][101][gc          ] GC(40) Concurrent Mark Cycle 372.564ms
[2023-06-15T08:09:31.704+0000][101][safepoint   ] Safepoint "Cleanup", Time since last: 1001573333 ns, Reaching safepoint: 177475 ns, At safepoint: 6841 ns, Total: 184316 ns
[2023-06-15T08:09:33.707+0000][101][safepoint   ] Safepoint "Cleanup", Time since last: 2002953575 ns, Reaching safepoint: 134232 ns, At safepoint: 6727 ns, Total: 140959 ns
[2023-06-15T08:09:34.710+0000][101][safepoint   ] Safepoint "Cleanup", Time since last: 1003109662 ns, Reaching safepoint: 108178 ns, At safepoint: 6700 ns, Total: 114878 ns
[2023-06-15T08:09:36.713+0000][101][safepoint   ] Safepoint "Cleanup", Time since last: 2002814840 ns, Reaching safepoint: 98524 ns, At safepoint: 3306 ns, Total: 101830 ns
[2023-06-15T08:09:37.714+0000][101][safepoint   ] Safepoint "Cleanup", Time since last: 1000946599 ns, Reaching safepoint: 53986 ns, At safepoint: 2933 ns, Total: 56919 ns
[2023-06-15T08:09:39.716+0000][101][safepoint   ] Safepoint "Cleanup", Time since last: 2001861375 ns, Reaching safepoint: 200033 ns, At safepoint: 9623 ns, Total: 209656 ns
[2023-06-15T08:09:40.720+0000][101][safepoint   ] Safepoint "Cleanup", Time since last: 1003702260 ns, Reaching safepoint: 150284 ns, At safepoint: 9949 ns, Total: 160233 ns
[2023-06-15T08:09:42.725+0000][101][safepoint   ] Safepoint "Cleanup", Time since last: 2003939040 ns, Reaching safepoint: 526511 ns, At safepoint: 176991 ns, Total: 703502 ns
[2023-06-15T08:09:43.728+0000][101][safepoint   ] Safepoint "Cleanup", Time since last: 1002876243 ns, Reaching safepoint: 271346 ns, At safepoint: 136944 ns, Total: 408290 ns
[2023-06-15T08:09:44.730+0000][101][safepoint   ] Safepoint "Cleanup", Time since last: 1002360662 ns, Reaching safepoint: 144022 ns, At safepoint: 83999 ns, Total: 228021 ns
[2023-06-15T08:09:45.732+0000][101][safepoint   ] Safepoint "Cleanup", Time since last: 1001438763 ns, Reaching safepoint: 264847 ns, At safepoint: 212322 ns, Total: 477169 ns
[2023-06-15T08:09:46.735+0000][101][safepoint   ] Safepoint "Cleanup", Time since last: 1001986461 ns, Reaching safepoint: 250288 ns, At safepoint: 171387 ns, Total: 421675 ns
[2023-06-15T08:09:47.739+0000][101][safepoint   ] Safepoint "Cleanup", Time since last: 1003656289 ns, Reaching safepoint: 537149 ns, At safepoint: 112583 ns, Total: 649732 ns
[2023-06-15T08:09:48.742+0000][101][safepoint   ] Safepoint "Cleanup", Time since last: 1002520661 ns, Reaching safepoint: 162046 ns, At safepoint: 6225 ns, Total: 168271 ns
[2023-06-15T08:09:49.744+0000][101][safepoint   ] Safepoint "Cleanup", Time since last: 1001766356 ns, Reaching safepoint: 107402 ns, At safepoint: 4112 ns, Total: 111514 ns
[2023-06-15T08:09:51.746+0000][101][safepoint   ] Safepoint "Cleanup", Time since last: 2002211613 ns, Reaching safepoint: 302690 ns, At safepoint: 8207 ns, Total: 310897 ns
[2023-06-15T08:09:54.729+0000][101][safepoint   ] Safepoint "Cleanup", Time since last: 3003692979 ns, Reaching safepoint: 332771 ns, At safepoint: 16021 ns, Total: 348792 ns
[2023-06-15T08:09:55.730+0000][101][safepoint   ] Safepoint "Cleanup", Time since last: 1001564262 ns, Reaching safepoint: 251184 ns, At safepoint: 44582 ns, Total: 295766 ns
[2023-06-15T08:09:55.763+0000][101][gc,start    ] GC(41) Pause Young (Prepare Mixed) (G1 Evacuation Pause)
[2023-06-15T08:09:55.764+0000][101][gc,task     ] GC(41) Using 4 workers of 4 for evacuation
[2023-06-15T08:09:55.764+0000][101][gc,age      ] GC(41) Desired survivor size 6291456 bytes, new threshold 15 (max threshold 15)
[2023-06-15T08:09:55.769+0000][101][gc,phases   ] GC(41)   Pre Evacuate Collection Set: 0.1ms
[2023-06-15T08:09:55.770+0000][101][gc,phases   ] GC(41)   Merge Heap Roots: 0.1ms
[2023-06-15T08:09:55.770+0000][101][gc,phases   ] GC(41)   Evacuate Collection Set: 2.6ms
[2023-06-15T08:09:55.771+0000][101][gc,phases   ] GC(41)   Post Evacuate Collection Set: 1.1ms
[2023-06-15T08:09:55.772+0000][101][gc,phases   ] GC(41)   Other: 1.0ms
[2023-06-15T08:09:55.773+0000][101][gc,age      ] GC(41) Age table with threshold 15 (max threshold 15)
[2023-06-15T08:09:55.773+0000][101][gc,age      ] GC(41) - age   1:     626368 bytes,     626368 total
[2023-06-15T08:09:55.773+0000][101][gc,age      ] GC(41) - age   2:      28880 bytes,     655248 total
[2023-06-15T08:09:55.774+0000][101][gc,age      ] GC(41) - age   3:        640 bytes,     655888 total
[2023-06-15T08:09:55.774+0000][101][gc,age      ] GC(41) - age   4:     454016 bytes,    1109904 total
[2023-06-15T08:09:55.775+0000][101][gc,age      ] GC(41) - age   5:     135264 bytes,    1245168 total
[2023-06-15T08:09:55.776+0000][101][gc,age      ] GC(41) - age   6:       3000 bytes,    1248168 total
[2023-06-15T08:09:55.776+0000][101][gc,age      ] GC(41) - age   7:     416280 bytes,    1664448 total
[2023-06-15T08:09:55.776+0000][101][gc,heap     ] GC(41) Eden regions: 21->0(2)
[2023-06-15T08:09:55.777+0000][101][gc,heap     ] GC(41) Survivor regions: 1->1(3)
[2023-06-15T08:09:55.777+0000][101][gc,heap     ] GC(41) Old regions: 25->25
[2023-06-15T08:09:55.778+0000][101][gc,heap     ] GC(41) Archive regions: 2->2
[2023-06-15T08:09:55.778+0000][101][gc,heap     ] GC(41) Humongous regions: 2->2
[2023-06-15T08:09:55.779+0000][101][gc,metaspace] GC(41) Metaspace: 135718K(139200K)->135718K(139200K) NonClass: 117774K(119488K)->117774K(119488K) Class: 17944K(19712K)->17944K(19712K)
[2023-06-15T08:09:55.779+0000][101][gc          ] GC(41) Pause Young (Prepare Mixed) (G1 Evacuation Pause) 195M->111M(256M) 16.331ms
[2023-06-15T08:09:55.780+0000][101][gc,cpu      ] GC(41) User=0.01s Sys=0.01s Real=0.02s
[2023-06-15T08:09:55.781+0000][101][safepoint   ] Safepoint "G1CollectForAllocation", Time since last: 32585955 ns, Reaching safepoint: 83715 ns, At safepoint: 17716230 ns, Total: 17799945 ns
[2023-06-15T08:09:56.782+0000][101][safepoint   ] Safepoint "Cleanup", Time since last: 1001195180 ns, Reaching safepoint: 115088 ns, At safepoint: 115062 ns, Total: 230150 ns
[2023-06-15T08:09:57.785+0000][101][safepoint   ] Safepoint "Cleanup", Time since last: 1002685887 ns, Reaching safepoint: 235559 ns, At safepoint: 12447 ns, Total: 248006 ns
[2023-06-15T08:09:59.791+0000][101][safepoint   ] Safepoint "Cleanup", Time since last: 2005304522 ns, Reaching safepoint: 103137 ns, At safepoint: 4643 ns, Total: 107780 ns
[2023-06-15T08:10:00.211+0000][101][gc,start    ] GC(42) Pause Young (Mixed) (G1 Evacuation Pause)
[2023-06-15T08:10:00.212+0000][101][gc,task     ] GC(42) Using 4 workers of 4 for evacuation
[2023-06-15T08:10:00.213+0000][101][gc,age      ] GC(42) Desired survivor size 2097152 bytes, new threshold 15 (max threshold 15)
[2023-06-15T08:10:00.219+0000][101][gc,phases   ] GC(42)   Pre Evacuate Collection Set: 0.1ms
[2023-06-15T08:10:00.220+0000][101][gc,phases   ] GC(42)   Merge Heap Roots: 0.1ms
[2023-06-15T08:10:00.221+0000][101][gc,phases   ] GC(42)   Evacuate Collection Set: 4.9ms
[2023-06-15T08:10:00.221+0000][101][gc,phases   ] GC(42)   Post Evacuate Collection Set: 0.8ms
[2023-06-15T08:10:00.222+0000][101][gc,phases   ] GC(42)   Other: 1.0ms
[2023-06-15T08:10:00.223+0000][101][gc,age      ] GC(42) Age table with threshold 15 (max threshold 15)
[2023-06-15T08:10:00.224+0000][101][gc,age      ] GC(42) - age   1:     573984 bytes,     573984 total
[2023-06-15T08:10:00.225+0000][101][gc,age      ] GC(42) - age   2:     537952 bytes,    1111936 total
[2023-06-15T08:10:00.225+0000][101][gc,age      ] GC(42) - age   3:      28576 bytes,    1140512 total
[2023-06-15T08:10:00.226+0000][101][gc,age      ] GC(42) - age   4:        640 bytes,    1141152 total
[2023-06-15T08:10:00.227+0000][101][gc,age      ] GC(42) - age   5:     453952 bytes,    1595104 total
[2023-06-15T08:10:00.227+0000][101][gc,age      ] GC(42) - age   6:     135136 bytes,    1730240 total
[2023-06-15T08:10:00.228+0000][101][gc,age      ] GC(42) - age   7:       3000 bytes,    1733240 total
[2023-06-15T08:10:00.229+0000][101][gc,age      ] GC(42) - age   8:     415992 bytes,    2149232 total
[2023-06-15T08:10:00.230+0000][101][gc,heap     ] GC(42) Eden regions: 2->0(22)
[2023-06-15T08:10:00.232+0000][101][gc,heap     ] GC(42) Survivor regions: 1->1(1)
[2023-06-15T08:10:00.233+0000][101][gc,heap     ] GC(42) Old regions: 25->25
[2023-06-15T08:10:00.234+0000][101][gc,heap     ] GC(42) Archive regions: 2->2
[2023-06-15T08:10:00.234+0000][101][gc,heap     ] GC(42) Humongous regions: 2->2
[2023-06-15T08:10:00.235+0000][101][gc,metaspace] GC(42) Metaspace: 135755K(139264K)->135755K(139264K) NonClass: 117811K(119552K)->117811K(119552K) Class: 17944K(19712K)->17944K(19712K)
[2023-06-15T08:10:00.236+0000][101][gc          ] GC(42) Pause Young (Mixed) (G1 Evacuation Pause) 119M->110M(256M) 24.341ms
[2023-06-15T08:10:00.237+0000][101][gc,cpu      ] GC(42) User=0.02s Sys=0.00s Real=0.03s
[2023-06-15T08:10:00.237+0000][101][safepoint   ] Safepoint "G1CollectForAllocation", Time since last: 420525317 ns, Reaching safepoint: 90531 ns, At safepoint: 26159901 ns, Total: 26250432 ns
[2023-06-15T08:10:01.240+0000][101][safepoint   ] Safepoint "Cleanup", Time since last: 1002025287 ns, Reaching safepoint: 925231 ns, At safepoint: 23970 ns, Total: 949201 ns
[2023-06-15T08:10:02.243+0000][101][safepoint   ] Safepoint "Cleanup", Time since last: 1002350657 ns, Reaching safepoint: 160510 ns, At safepoint: 12656 ns, Total: 173166 ns
[2023-06-15T08:10:03.244+0000][101][safepoint   ] Safepoint "Cleanup", Time since last: 1001170913 ns, Reaching safepoint: 238041 ns, At safepoint: 6796 ns, Total: 244837 ns
[2023-06-15T08:10:06.248+0000][101][safepoint   ] Safepoint "Cleanup", Time since last: 3003588230 ns, Reaching safepoint: 148638 ns, At safepoint: 10997 ns, Total: 159635 ns
[2023-06-15T08:10:07.250+0000][101][safepoint   ] Safepoint "Cleanup", Time since last: 1001471907 ns, Reaching safepoint: 166545 ns, At safepoint: 5510 ns, Total: 172055 ns
[2023-06-15T08:10:08.251+0000][101][safepoint   ] Safepoint "Cleanup", Time since last: 1001258017 ns, Reaching safepoint: 433136 ns, At safepoint: 19295 ns, Total: 452431 ns
[2023-06-15T08:10:09.254+0000][101][safepoint   ] Safepoint "Cleanup", Time since last: 1002746455 ns, Reaching safepoint: 164413 ns, At safepoint: 3007 ns, Total: 167420 ns
[2023-06-15T08:10:10.255+0000][101][safepoint   ] Safepoint "Cleanup", Time since last: 1000908120 ns, Reaching safepoint: 138618 ns, At safepoint: 3322 ns, Total: 141940 ns
[2023-06-15T08:10:11.257+0000][101][safepoint   ] Safepoint "Cleanup", Time since last: 1001166202 ns, Reaching safepoint: 167929 ns, At safepoint: 3995 ns, Total: 171924 ns
[2023-06-15T08:10:12.258+0000][101][safepoint   ] Safepoint "Cleanup", Time since last: 1000989044 ns, Reaching safepoint: 599125 ns, At safepoint: 116943 ns, Total: 716068 ns
[2023-06-15T08:10:13.260+0000][101][safepoint   ] Safepoint "Cleanup", Time since last: 1001024394 ns, Reaching safepoint: 197062 ns, At safepoint: 10734 ns, Total: 207796 ns
[2023-06-15T08:10:15.261+0000][101][safepoint   ] Safepoint "Cleanup", Time since last: 2001362735 ns, Reaching safepoint: 92473 ns, At safepoint: 3542 ns, Total: 96015 ns
[2023-06-15T08:10:16.262+0000][101][safepoint   ] Safepoint "Cleanup", Time since last: 1001043357 ns, Reaching safepoint: 157372 ns, At safepoint: 3440 ns, Total: 160812 ns
[2023-06-15T08:10:17.263+0000][101][safepoint   ] Safepoint "Cleanup", Time since last: 1001008517 ns, Reaching safepoint: 94695 ns, At safepoint: 3428 ns, Total: 98123 ns
[2023-06-15T08:10:18.265+0000][101][safepoint   ] Safepoint "Cleanup", Time since last: 1000969496 ns, Reaching safepoint: 593516 ns, At safepoint: 7599 ns, Total: 601115 ns
[2023-06-15T08:10:19.267+0000][101][safepoint   ] Safepoint "Cleanup", Time since last: 1001171935 ns, Reaching safepoint: 425972 ns, At safepoint: 12818 ns, Total: 438790 ns
[2023-06-15T08:10:21.272+0000][101][safepoint   ] Safepoint "Cleanup", Time since last: 2004727209 ns, Reaching safepoint: 448128 ns, At safepoint: 11357 ns, Total: 459485 ns
[2023-06-15T08:10:22.276+0000][101][safepoint   ] Safepoint "Cleanup", Time since last: 1003436144 ns, Reaching safepoint: 345918 ns, At safepoint: 11147 ns, Total: 357065 ns
[2023-06-15T08:10:24.259+0000][101][safepoint   ] Safepoint "Cleanup", Time since last: 2005371820 ns, Reaching safepoint: 174364 ns, At safepoint: 28530 ns, Total: 202894 ns
[2023-06-15T08:10:25.261+0000][101][safepoint   ] Safepoint "Cleanup", Time since last: 1001636778 ns, Reaching safepoint: 240438 ns, At safepoint: 6740 ns, Total: 247178 ns
[2023-06-15T08:10:26.113+0000][101][gc,start    ] GC(43) Pause Young (Concurrent Start) (G1 Evacuation Pause)
[2023-06-15T08:10:26.113+0000][101][gc,task     ] GC(43) Using 4 workers of 4 for evacuation
[2023-06-15T08:10:26.114+0000][101][gc,age      ] GC(43) Desired survivor size 6291456 bytes, new threshold 15 (max threshold 15)
[2023-06-15T08:10:26.119+0000][101][gc,phases   ] GC(43)   Pre Evacuate Collection Set: 0.5ms
[2023-06-15T08:10:26.120+0000][101][gc,phases   ] GC(43)   Merge Heap Roots: 0.1ms
[2023-06-15T08:10:26.120+0000][101][gc,phases   ] GC(43)   Evacuate Collection Set: 2.7ms
[2023-06-15T08:10:26.121+0000][101][gc,phases   ] GC(43)   Post Evacuate Collection Set: 0.8ms
[2023-06-15T08:10:26.121+0000][101][gc,phases   ] GC(43)   Other: 1.3ms
[2023-06-15T08:10:26.122+0000][101][gc,age      ] GC(43) Age table with threshold 15 (max threshold 15)
[2023-06-15T08:10:26.122+0000][101][gc,age      ] GC(43) - age   1:     887872 bytes,     887872 total
[2023-06-15T08:10:26.122+0000][101][gc,age      ] GC(43) - age   2:      12312 bytes,     900184 total
[2023-06-15T08:10:26.123+0000][101][gc,age      ] GC(43) - age   3:      24192 bytes,     924376 total
[2023-06-15T08:10:26.123+0000][101][gc,age      ] GC(43) - age   4:      27880 bytes,     952256 total
[2023-06-15T08:10:26.124+0000][101][gc,age      ] GC(43) - age   5:        640 bytes,     952896 total
[2023-06-15T08:10:26.125+0000][101][gc,age      ] GC(43) - age   6:     453656 bytes,    1406552 total
[2023-06-15T08:10:26.125+0000][101][gc,age      ] GC(43) - age   7:     135136 bytes,    1541688 total
[2023-06-15T08:10:26.125+0000][101][gc,age      ] GC(43) - age   8:       3000 bytes,    1544688 total
[2023-06-15T08:10:26.126+0000][101][gc,age      ] GC(43) - age   9:     415992 bytes,    1960680 total
[2023-06-15T08:10:26.126+0000][101][gc,heap     ] GC(43) Eden regions: 22->0(22)
[2023-06-15T08:10:26.127+0000][101][gc,heap     ] GC(43) Survivor regions: 1->1(3)
[2023-06-15T08:10:26.127+0000][101][gc,heap     ] GC(43) Old regions: 25->25
[2023-06-15T08:10:26.128+0000][101][gc,heap     ] GC(43) Archive regions: 2->2
[2023-06-15T08:10:26.128+0000][101][gc,heap     ] GC(43) Humongous regions: 2->2
[2023-06-15T08:10:26.128+0000][101][gc,metaspace] GC(43) Metaspace: 135972K(139456K)->135972K(139456K) NonClass: 118028K(119744K)->118028K(119744K) Class: 17944K(19712K)->17944K(19712K)
[2023-06-15T08:10:26.129+0000][101][gc          ] GC(43) Pause Young (Concurrent Start) (G1 Evacuation Pause) 198M->110M(256M) 16.364ms
[2023-06-15T08:10:26.129+0000][101][gc          ] GC(44) Concurrent Mark Cycle
[2023-06-15T08:10:26.130+0000][101][gc,marking  ] GC(44) Concurrent Clear Claimed Marks
[2023-06-15T08:10:26.129+0000][101][gc,cpu      ] GC(43) User=0.01s Sys=0.00s Real=0.01s
[2023-06-15T08:10:26.131+0000][101][gc,marking  ] GC(44) Concurrent Clear Claimed Marks 0.701ms
[2023-06-15T08:10:26.132+0000][101][gc,marking  ] GC(44) Concurrent Scan Root Regions
[2023-06-15T08:10:26.131+0000][101][safepoint   ] Safepoint "G1CollectForAllocation", Time since last: 851662258 ns, Reaching safepoint: 107650 ns, At safepoint: 18996801 ns, Total: 19104451 ns
[2023-06-15T08:10:26.135+0000][101][gc,marking  ] GC(44) Concurrent Scan Root Regions 3.029ms
[2023-06-15T08:10:26.136+0000][101][gc,marking  ] GC(44) Concurrent Mark
[2023-06-15T08:10:26.136+0000][101][gc,marking  ] GC(44) Concurrent Mark From Roots
[2023-06-15T08:10:26.137+0000][101][gc,task     ] GC(44) Using 1 workers of 1 for marking
[2023-06-15T08:10:26.261+0000][101][gc,marking  ] GC(44) Concurrent Mark From Roots 124.708ms
[2023-06-15T08:10:26.262+0000][101][gc,marking  ] GC(44) Concurrent Preclean
[2023-06-15T08:10:26.263+0000][101][gc,marking  ] GC(44) Concurrent Preclean 1.486ms
[2023-06-15T08:10:26.265+0000][101][gc,start    ] GC(44) Pause Remark
[2023-06-15T08:10:26.285+0000][101][gc          ] GC(44) Pause Remark 111M->111M(256M) 20.232ms
[2023-06-15T08:10:26.286+0000][101][gc,cpu      ] GC(44) User=0.05s Sys=0.00s Real=0.02s
[2023-06-15T08:10:26.287+0000][101][safepoint   ] Safepoint "G1PauseRemark", Time since last: 132881935 ns, Reaching safepoint: 125129 ns, At safepoint: 22285213 ns, Total: 22410342 ns
[2023-06-15T08:10:26.287+0000][101][gc,marking  ] GC(44) Concurrent Mark 151.302ms
[2023-06-15T08:10:26.288+0000][101][gc,marking  ] GC(44) Concurrent Rebuild Remembered Sets
[2023-06-15T08:10:26.359+0000][101][gc,marking  ] GC(44) Concurrent Rebuild Remembered Sets 70.514ms
[2023-06-15T08:10:26.359+0000][101][gc,start    ] GC(44) Pause Cleanup
[2023-06-15T08:10:26.360+0000][101][gc          ] GC(44) Pause Cleanup 111M->111M(256M) 0.716ms
[2023-06-15T08:10:26.361+0000][101][gc,cpu      ] GC(44) User=0.00s Sys=0.00s Real=0.00s
[2023-06-15T08:10:26.361+0000][101][safepoint   ] Safepoint "G1PauseCleanup", Time since last: 72541183 ns, Reaching safepoint: 100358 ns, At safepoint: 1938785 ns, Total: 2039143 ns
[2023-06-15T08:10:26.362+0000][101][gc,marking  ] GC(44) Concurrent Cleanup for Next Mark
[2023-06-15T08:10:26.363+0000][101][gc,marking  ] GC(44) Concurrent Cleanup for Next Mark 0.614ms
[2023-06-15T08:10:26.363+0000][101][gc          ] GC(44) Concurrent Mark Cycle 233.580ms
[2023-06-15T08:10:27.364+0000][101][safepoint   ] Safepoint "Cleanup", Time since last: 1001906151 ns, Reaching safepoint: 526465 ns, At safepoint: 13328 ns, Total: 539793 ns
[2023-06-15T08:10:29.369+0000][101][safepoint   ] Safepoint "Cleanup", Time since last: 2005079160 ns, Reaching safepoint: 145339 ns, At safepoint: 7291 ns, Total: 152630 ns
[2023-06-15T08:10:30.371+0000][101][safepoint   ] Safepoint "Cleanup", Time since last: 1001964773 ns, Reaching safepoint: 135152 ns, At safepoint: 4165 ns, Total: 139317 ns
[2023-06-15T08:10:31.372+0000][101][safepoint   ] Safepoint "Cleanup", Time since last: 1000970915 ns, Reaching safepoint: 129291 ns, At safepoint: 11400 ns, Total: 140691 ns
[2023-06-15T08:10:32.374+0000][101][safepoint   ] Safepoint "Cleanup", Time since last: 1001668572 ns, Reaching safepoint: 210872 ns, At safepoint: 19255 ns, Total: 230127 ns
[2023-06-15T08:10:33.377+0000][101][safepoint   ] Safepoint "Cleanup", Time since last: 1002782860 ns, Reaching safepoint: 251499 ns, At safepoint: 11094 ns, Total: 262593 ns
[2023-06-15T08:10:36.382+0000][101][safepoint   ] Safepoint "Cleanup", Time since last: 3004698624 ns, Reaching safepoint: 115545 ns, At safepoint: 7231 ns, Total: 122776 ns
[2023-06-15T08:10:37.384+0000][101][safepoint   ] Safepoint "Cleanup", Time since last: 1001244002 ns, Reaching safepoint: 603385 ns, At safepoint: 28420 ns, Total: 631805 ns
[2023-06-15T08:10:38.387+0000][101][safepoint   ] Safepoint "Cleanup", Time since last: 1002554012 ns, Reaching safepoint: 212423 ns, At safepoint: 18342 ns, Total: 230765 ns
[2023-06-15T08:10:39.389+0000][101][safepoint   ] Safepoint "Cleanup", Time since last: 1001843930 ns, Reaching safepoint: 162766 ns, At safepoint: 6924 ns, Total: 169690 ns
[2023-06-15T08:10:41.394+0000][101][safepoint   ] Safepoint "Cleanup", Time since last: 2004708038 ns, Reaching safepoint: 137527 ns, At safepoint: 6915 ns, Total: 144442 ns
[2023-06-15T08:10:42.397+0000][101][safepoint   ] Safepoint "Cleanup", Time since last: 1001464704 ns, Reaching safepoint: 2393014 ns, At safepoint: 34052 ns, Total: 2427066 ns
[2023-06-15T08:10:43.400+0000][101][safepoint   ] Safepoint "Cleanup", Time since last: 1002150635 ns, Reaching safepoint: 195249 ns, At safepoint: 8810 ns, Total: 204059 ns
[2023-06-15T08:10:45.405+0000][101][safepoint   ] Safepoint "Cleanup", Time since last: 2004924559 ns, Reaching safepoint: 139441 ns, At safepoint: 6902 ns, Total: 146343 ns
[2023-06-15T08:10:46.410+0000][101][safepoint   ] Safepoint "Cleanup", Time since last: 1005169289 ns, Reaching safepoint: 167577 ns, At safepoint: 4265 ns, Total: 171842 ns
[2023-06-15T08:10:47.414+0000][101][safepoint   ] Safepoint "Cleanup", Time since last: 1003547053 ns, Reaching safepoint: 330667 ns, At safepoint: 12890 ns, Total: 343557 ns
[2023-06-15T08:10:48.419+0000][101][safepoint   ] Safepoint "Cleanup", Time since last: 1005204158 ns, Reaching safepoint: 90063 ns, At safepoint: 6482 ns, Total: 96545 ns
[2023-06-15T08:10:49.424+0000][101][safepoint   ] Safepoint "Cleanup", Time since last: 1004461725 ns, Reaching safepoint: 270600 ns, At safepoint: 10742 ns, Total: 281342 ns
[2023-06-15T08:10:50.428+0000][101][safepoint   ] Safepoint "Cleanup", Time since last: 1003448128 ns, Reaching safepoint: 289180 ns, At safepoint: 17133 ns, Total: 306313 ns
[2023-06-15T08:10:51.432+0000][101][safepoint   ] Safepoint "Cleanup", Time since last: 1003355970 ns, Reaching safepoint: 1135236 ns, At safepoint: 50408 ns, Total: 1185644 ns
[2023-06-15T08:10:52.438+0000][101][safepoint   ] Safepoint "Cleanup", Time since last: 1004588082 ns, Reaching safepoint: 624660 ns, At safepoint: 18520 ns, Total: 643180 ns
[2023-06-15T08:10:53.442+0000][101][safepoint   ] Safepoint "Cleanup", Time since last: 1004017663 ns, Reaching safepoint: 330391 ns, At safepoint: 12956 ns, Total: 343347 ns
[2023-06-15T08:10:54.417+0000][101][gc,start    ] GC(45) Pause Young (Prepare Mixed) (G1 Evacuation Pause)
[2023-06-15T08:10:54.418+0000][101][gc,task     ] GC(45) Using 4 workers of 4 for evacuation
[2023-06-15T08:10:54.419+0000][101][gc,age      ] GC(45) Desired survivor size 6291456 bytes, new threshold 15 (max threshold 15)
[2023-06-15T08:10:54.425+0000][101][gc,phases   ] GC(45)   Pre Evacuate Collection Set: 0.1ms
[2023-06-15T08:10:54.425+0000][101][gc,phases   ] GC(45)   Merge Heap Roots: 0.1ms
[2023-06-15T08:10:54.426+0000][101][gc,phases   ] GC(45)   Evacuate Collection Set: 4.2ms
[2023-06-15T08:10:54.427+0000][101][gc,phases   ] GC(45)   Post Evacuate Collection Set: 0.9ms
[2023-06-15T08:10:54.427+0000][101][gc,phases   ] GC(45)   Other: 1.2ms
[2023-06-15T08:10:54.428+0000][101][gc,age      ] GC(45) Age table with threshold 15 (max threshold 15)
[2023-06-15T08:10:54.428+0000][101][gc,age      ] GC(45) - age   1:    1202664 bytes,    1202664 total
[2023-06-15T08:10:54.429+0000][101][gc,age      ] GC(45) - age   2:       5672 bytes,    1208336 total
[2023-06-15T08:10:54.429+0000][101][gc,age      ] GC(45) - age   3:      12072 bytes,    1220408 total
[2023-06-15T08:10:54.430+0000][101][gc,age      ] GC(45) - age   4:      22840 bytes,    1243248 total
[2023-06-15T08:10:54.430+0000][101][gc,age      ] GC(45) - age   5:      27576 bytes,    1270824 total
[2023-06-15T08:10:54.431+0000][101][gc,age      ] GC(45) - age   6:        640 bytes,    1271464 total
[2023-06-15T08:10:54.431+0000][101][gc,age      ] GC(45) - age   7:     452000 bytes,    1723464 total
[2023-06-15T08:10:54.432+0000][101][gc,age      ] GC(45) - age   8:     135136 bytes,    1858600 total
[2023-06-15T08:10:54.432+0000][101][gc,age      ] GC(45) - age   9:       3000 bytes,    1861600 total
[2023-06-15T08:10:54.433+0000][101][gc,age      ] GC(45) - age  10:     256320 bytes,    2117920 total
[2023-06-15T08:10:54.433+0000][101][gc,heap     ] GC(45) Eden regions: 22->0(2)
[2023-06-15T08:10:54.434+0000][101][gc,heap     ] GC(45) Survivor regions: 1->1(3)
[2023-06-15T08:10:54.434+0000][101][gc,heap     ] GC(45) Old regions: 25->25
[2023-06-15T08:10:54.435+0000][101][gc,heap     ] GC(45) Archive regions: 2->2
[2023-06-15T08:10:54.435+0000][101][gc,heap     ] GC(45) Humongous regions: 2->2
[2023-06-15T08:10:54.436+0000][101][gc,metaspace] GC(45) Metaspace: 133966K(139520K)->133966K(139520K) NonClass: 116572K(119808K)->116572K(119808K) Class: 17393K(19712K)->17393K(19712K)
[2023-06-15T08:10:54.437+0000][101][gc          ] GC(45) Pause Young (Prepare Mixed) (G1 Evacuation Pause) 198M->110M(256M) 19.107ms
[2023-06-15T08:10:54.437+0000][101][gc,cpu      ] GC(45) User=0.01s Sys=0.00s Real=0.02s
[2023-06-15T08:10:54.438+0000][101][safepoint   ] Safepoint "G1CollectForAllocation", Time since last: 996904856 ns, Reaching safepoint: 100105 ns, At safepoint: 20330903 ns, Total: 20431008 ns
[2023-06-15T08:10:55.439+0000][101][safepoint   ] Safepoint "Cleanup", Time since last: 1001398545 ns, Reaching safepoint: 95846 ns, At safepoint: 3546 ns, Total: 99392 ns
[2023-06-15T08:10:56.441+0000][101][safepoint   ] Safepoint "Cleanup", Time since last: 1001164220 ns, Reaching safepoint: 240355 ns, At safepoint: 107961 ns, Total: 348316 ns
[2023-06-15T08:10:57.195+0000][101][gc,start    ] GC(46) Pause Young (Mixed) (G1 Evacuation Pause)
[2023-06-15T08:10:57.196+0000][101][gc,task     ] GC(46) Using 4 workers of 4 for evacuation
[2023-06-15T08:10:57.196+0000][101][gc,age      ] GC(46) Desired survivor size 2097152 bytes, new threshold 10 (max threshold 15)
[2023-06-15T08:10:57.204+0000][101][gc,phases   ] GC(46)   Pre Evacuate Collection Set: 0.1ms
[2023-06-15T08:10:57.204+0000][101][gc,phases   ] GC(46)   Merge Heap Roots: 0.1ms
[2023-06-15T08:10:57.205+0000][101][gc,phases   ] GC(46)   Evacuate Collection Set: 6.3ms
[2023-06-15T08:10:57.205+0000][101][gc,phases   ] GC(46)   Post Evacuate Collection Set: 0.8ms
[2023-06-15T08:10:57.206+0000][101][gc,phases   ] GC(46)   Other: 0.8ms
[2023-06-15T08:10:57.206+0000][101][gc,age      ] GC(46) Age table with threshold 10 (max threshold 15)
[2023-06-15T08:10:57.207+0000][101][gc,age      ] GC(46) - age   1:     681000 bytes,     681000 total
[2023-06-15T08:10:57.207+0000][101][gc,age      ] GC(46) - age   2:     827136 bytes,    1508136 total
[2023-06-15T08:10:57.208+0000][101][gc,age      ] GC(46) - age   3:       5544 bytes,    1513680 total
[2023-06-15T08:10:57.208+0000][101][gc,age      ] GC(46) - age   4:      12072 bytes,    1525752 total
[2023-06-15T08:10:57.209+0000][101][gc,age      ] GC(46) - age   5:      22840 bytes,    1548592 total
[2023-06-15T08:10:57.209+0000][101][gc,age      ] GC(46) - age   6:      27576 bytes,    1576168 total
[2023-06-15T08:10:57.210+0000][101][gc,age      ] GC(46) - age   7:        640 bytes,    1576808 total
[2023-06-15T08:10:57.210+0000][101][gc,age      ] GC(46) - age   8:     452000 bytes,    2028808 total
[2023-06-15T08:10:57.210+0000][101][gc,age      ] GC(46) - age   9:     135136 bytes,    2163944 total
[2023-06-15T08:10:57.211+0000][101][gc,age      ] GC(46) - age  10:       3000 bytes,    2166944 total
[2023-06-15T08:10:57.211+0000][101][gc,heap     ] GC(46) Eden regions: 2->0(23)
[2023-06-15T08:10:57.212+0000][101][gc,heap     ] GC(46) Survivor regions: 1->1(1)
[2023-06-15T08:10:57.212+0000][101][gc,heap     ] GC(46) Old regions: 25->24
[2023-06-15T08:10:57.213+0000][101][gc,heap     ] GC(46) Archive regions: 2->2
[2023-06-15T08:10:57.214+0000][101][gc,heap     ] GC(46) Humongous regions: 2->2
[2023-06-15T08:10:57.214+0000][101][gc,metaspace] GC(46) Metaspace: 134009K(139520K)->134009K(139520K) NonClass: 116615K(119808K)->116615K(119808K) Class: 17393K(19712K)->17393K(19712K)
[2023-06-15T08:10:57.215+0000][101][gc          ] GC(46) Pause Young (Mixed) (G1 Evacuation Pause) 118M->109M(256M) 19.785ms
[2023-06-15T08:10:57.215+0000][101][gc,cpu      ] GC(46) User=0.01s Sys=0.01s Real=0.02s
[2023-06-15T08:10:57.216+0000][101][safepoint   ] Safepoint "G1CollectForAllocation", Time since last: 754075984 ns, Reaching safepoint: 80034 ns, At safepoint: 21186323 ns, Total: 21266357 ns
[2023-06-15T08:10:58.219+0000][101][safepoint   ] Safepoint "Cleanup", Time since last: 1002191352 ns, Reaching safepoint: 899307 ns, At safepoint: 66069 ns, Total: 965376 ns
[2023-06-15T08:10:59.223+0000][101][safepoint   ] Safepoint "Cleanup", Time since last: 1003560490 ns, Reaching safepoint: 155287 ns, At safepoint: 5893 ns, Total: 161180 ns
[2023-06-15T08:11:00.225+0000][101][safepoint   ] Safepoint "Cleanup", Time since last: 1001488481 ns, Reaching safepoint: 260638 ns, At safepoint: 20609 ns, Total: 281247 ns
[2023-06-15T08:11:01.226+0000][101][safepoint   ] Safepoint "Cleanup", Time since last: 1001093274 ns, Reaching safepoint: 153433 ns, At safepoint: 18134 ns, Total: 171567 ns
[2023-06-15T08:11:03.228+0000][101][safepoint   ] Safepoint "Cleanup", Time since last: 2002259538 ns, Reaching safepoint: 147413 ns, At safepoint: 36921 ns, Total: 184334 ns
[2023-06-15T08:11:04.233+0000][101][safepoint   ] Safepoint "Cleanup", Time since last: 1004380666 ns, Reaching safepoint: 213231 ns, At safepoint: 6346 ns, Total: 219577 ns
[2023-06-15T08:11:05.235+0000][101][safepoint   ] Safepoint "Cleanup", Time since last: 1002013830 ns, Reaching safepoint: 258088 ns, At safepoint: 8379 ns, Total: 266467 ns
[2023-06-15T08:11:06.237+0000][101][safepoint   ] Safepoint "Cleanup", Time since last: 1001792250 ns, Reaching safepoint: 82425 ns, At safepoint: 34231 ns, Total: 116656 ns
[2023-06-15T08:11:07.240+0000][101][safepoint   ] Safepoint "Cleanup", Time since last: 1001898846 ns, Reaching safepoint: 396349 ns, At safepoint: 28186 ns, Total: 424535 ns
[2023-06-15T08:11:08.241+0000][101][safepoint   ] Safepoint "Cleanup", Time since last: 1001494425 ns, Reaching safepoint: 187347 ns, At safepoint: 3641 ns, Total: 190988 ns
[2023-06-15T08:11:12.245+0000][101][safepoint   ] Safepoint "Cleanup", Time since last: 4003250126 ns, Reaching safepoint: 236123 ns, At safepoint: 10235 ns, Total: 246358 ns
[2023-06-15T08:11:13.248+0000][101][safepoint   ] Safepoint "Cleanup", Time since last: 1002725631 ns, Reaching safepoint: 140118 ns, At safepoint: 3507 ns, Total: 143625 ns
[2023-06-15T08:11:15.250+0000][101][safepoint   ] Safepoint "Cleanup", Time since last: 2001883351 ns, Reaching safepoint: 109623 ns, At safepoint: 3989 ns, Total: 113612 ns
[2023-06-15T08:11:16.252+0000][101][safepoint   ] Safepoint "Cleanup", Time since last: 1002741710 ns, Reaching safepoint: 107095 ns, At safepoint: 5264 ns, Total: 112359 ns
[2023-06-15T08:11:17.256+0000][101][safepoint   ] Safepoint "Cleanup", Time since last: 1003147221 ns, Reaching safepoint: 406023 ns, At safepoint: 9716 ns, Total: 415739 ns
[2023-06-15T08:11:18.258+0000][101][safepoint   ] Safepoint "Cleanup", Time since last: 1001845104 ns, Reaching safepoint: 143323 ns, At safepoint: 8821 ns, Total: 152144 ns
[2023-06-15T08:11:19.259+0000][101][safepoint   ] Safepoint "Cleanup", Time since last: 1001298859 ns, Reaching safepoint: 81551 ns, At safepoint: 3531 ns, Total: 85082 ns
[2023-06-15T08:11:20.263+0000][101][safepoint   ] Safepoint "Cleanup", Time since last: 1003062035 ns, Reaching safepoint: 212473 ns, At safepoint: 8627 ns, Total: 221100 ns
[2023-06-15T08:11:20.451+0000][101][gc,start    ] GC(47) Pause Young (Concurrent Start) (G1 Evacuation Pause)
[2023-06-15T08:11:20.452+0000][101][gc,task     ] GC(47) Using 4 workers of 4 for evacuation
[2023-06-15T08:11:20.453+0000][101][gc,age      ] GC(47) Desired survivor size 6291456 bytes, new threshold 15 (max threshold 15)
[2023-06-15T08:11:20.457+0000][101][gc,phases   ] GC(47)   Pre Evacuate Collection Set: 0.3ms
[2023-06-15T08:11:20.458+0000][101][gc,phases   ] GC(47)   Merge Heap Roots: 0.2ms
[2023-06-15T08:11:20.459+0000][101][gc,phases   ] GC(47)   Evacuate Collection Set: 2.4ms
[2023-06-15T08:11:20.460+0000][101][gc,phases   ] GC(47)   Post Evacuate Collection Set: 0.9ms
[2023-06-15T08:11:20.461+0000][101][gc,phases   ] GC(47)   Other: 1.6ms
[2023-06-15T08:11:20.461+0000][101][gc,age      ] GC(47) Age table with threshold 15 (max threshold 15)
[2023-06-15T08:11:20.462+0000][101][gc,age      ] GC(47) - age   1:     678368 bytes,     678368 total
[2023-06-15T08:11:20.463+0000][101][gc,age      ] GC(47) - age   2:        528 bytes,     678896 total
[2023-06-15T08:11:20.463+0000][101][gc,age      ] GC(47) - age   3:      11504 bytes,     690400 total
[2023-06-15T08:11:20.464+0000][101][gc,age      ] GC(47) - age   4:       4872 bytes,     695272 total
[2023-06-15T08:11:20.464+0000][101][gc,age      ] GC(47) - age   5:      12008 bytes,     707280 total
[2023-06-15T08:11:20.465+0000][101][gc,age      ] GC(47) - age   6:      22648 bytes,     729928 total
[2023-06-15T08:11:20.466+0000][101][gc,age      ] GC(47) - age   7:      27576 bytes,     757504 total
[2023-06-15T08:11:20.466+0000][101][gc,age      ] GC(47) - age   8:        640 bytes,     758144 total
[2023-06-15T08:11:20.467+0000][101][gc,age      ] GC(47) - age   9:     452000 bytes,    1210144 total
[2023-06-15T08:11:20.467+0000][101][gc,age      ] GC(47) - age  10:     135136 bytes,    1345280 total
[2023-06-15T08:11:20.468+0000][101][gc,age      ] GC(47) - age  11:       3000 bytes,    1348280 total
[2023-06-15T08:11:20.469+0000][101][gc,heap     ] GC(47) Eden regions: 23->0(23)
[2023-06-15T08:11:20.469+0000][101][gc,heap     ] GC(47) Survivor regions: 1->1(3)
[2023-06-15T08:11:20.470+0000][101][gc,heap     ] GC(47) Old regions: 24->24
[2023-06-15T08:11:20.470+0000][101][gc,heap     ] GC(47) Archive regions: 2->2
[2023-06-15T08:11:20.471+0000][101][gc,heap     ] GC(47) Humongous regions: 2->2
[2023-06-15T08:11:20.471+0000][101][gc,metaspace] GC(47) Metaspace: 134128K(139520K)->134128K(139520K) NonClass: 116734K(119808K)->116734K(119808K) Class: 17393K(19712K)->17393K(19712K)
[2023-06-15T08:11:20.472+0000][101][gc          ] GC(47) Pause Young (Concurrent Start) (G1 Evacuation Pause) 201M->109M(256M) 20.346ms
[2023-06-15T08:11:20.472+0000][101][gc          ] GC(48) Concurrent Mark Cycle
[2023-06-15T08:11:20.473+0000][101][gc,marking  ] GC(48) Concurrent Clear Claimed Marks
[2023-06-15T08:11:20.472+0000][101][gc,cpu      ] GC(47) User=0.01s Sys=0.00s Real=0.02s
[2023-06-15T08:11:20.474+0000][101][gc,marking  ] GC(48) Concurrent Clear Claimed Marks 1.061ms
[2023-06-15T08:11:20.474+0000][101][gc,marking  ] GC(48) Concurrent Scan Root Regions
[2023-06-15T08:11:20.474+0000][101][safepoint   ] Safepoint "G1CollectForAllocation", Time since last: 188359184 ns, Reaching safepoint: 194802 ns, At safepoint: 22785085 ns, Total: 22979887 ns
[2023-06-15T08:11:20.477+0000][101][gc,marking  ] GC(48) Concurrent Scan Root Regions 2.614ms
[2023-06-15T08:11:20.478+0000][101][gc,marking  ] GC(48) Concurrent Mark
[2023-06-15T08:11:20.478+0000][101][gc,marking  ] GC(48) Concurrent Mark From Roots
[2023-06-15T08:11:20.478+0000][101][gc,task     ] GC(48) Using 1 workers of 1 for marking
[2023-06-15T08:11:20.588+0000][101][gc,marking  ] GC(48) Concurrent Mark From Roots 110.369ms
[2023-06-15T08:11:20.590+0000][101][gc,marking  ] GC(48) Concurrent Preclean
[2023-06-15T08:11:20.591+0000][101][gc,marking  ] GC(48) Concurrent Preclean 1.105ms
[2023-06-15T08:11:20.592+0000][101][gc,start    ] GC(48) Pause Remark
[2023-06-15T08:11:20.600+0000][101][gc          ] GC(48) Pause Remark 109M->109M(256M) 7.625ms
[2023-06-15T08:11:20.601+0000][101][gc,cpu      ] GC(48) User=0.02s Sys=0.00s Real=0.00s
[2023-06-15T08:11:20.601+0000][101][safepoint   ] Safepoint "G1PauseRemark", Time since last: 117968384 ns, Reaching safepoint: 129316 ns, At safepoint: 9185558 ns, Total: 9314874 ns
[2023-06-15T08:11:20.602+0000][101][gc,marking  ] GC(48) Concurrent Mark 124.463ms
[2023-06-15T08:11:20.603+0000][101][gc,marking  ] GC(48) Concurrent Rebuild Remembered Sets
[2023-06-15T08:11:20.657+0000][101][gc,marking  ] GC(48) Concurrent Rebuild Remembered Sets 53.979ms
[2023-06-15T08:11:20.658+0000][101][gc,start    ] GC(48) Pause Cleanup
[2023-06-15T08:11:20.659+0000][101][gc          ] GC(48) Pause Cleanup 109M->109M(256M) 1.151ms
[2023-06-15T08:11:20.660+0000][101][gc,cpu      ] GC(48) User=0.00s Sys=0.00s Real=0.00s
[2023-06-15T08:11:20.661+0000][101][safepoint   ] Safepoint "G1PauseCleanup", Time since last: 56814933 ns, Reaching safepoint: 119202 ns, At safepoint: 2642853 ns, Total: 2762055 ns
[2023-06-15T08:11:20.661+0000][101][gc,marking  ] GC(48) Concurrent Cleanup for Next Mark
[2023-06-15T08:11:20.662+0000][101][gc,marking  ] GC(48) Concurrent Cleanup for Next Mark 0.771ms
[2023-06-15T08:11:20.663+0000][101][gc          ] GC(48) Concurrent Mark Cycle 190.309ms
[2023-06-15T08:11:23.643+0000][101][safepoint   ] Safepoint "Cleanup", Time since last: 3003307025 ns, Reaching safepoint: 743530 ns, At safepoint: 19910 ns, Total: 763440 ns
[2023-06-15T08:11:24.647+0000][101][safepoint   ] Safepoint "Cleanup", Time since last: 1003604358 ns, Reaching safepoint: 222359 ns, At safepoint: 30055 ns, Total: 252414 ns
[2023-06-15T08:11:25.648+0000][101][safepoint   ] Safepoint "Cleanup", Time since last: 1000851971 ns, Reaching safepoint: 209794 ns, At safepoint: 14983 ns, Total: 224777 ns
[2023-06-15T08:11:26.651+0000][101][safepoint   ] Safepoint "Cleanup", Time since last: 1002975472 ns, Reaching safepoint: 352353 ns, At safepoint: 12886 ns, Total: 365239 ns
[2023-06-15T08:11:27.656+0000][101][safepoint   ] Safepoint "Cleanup", Time since last: 1004648884 ns, Reaching safepoint: 445171 ns, At safepoint: 32326 ns, Total: 477497 ns
[2023-06-15T08:11:30.664+0000][101][safepoint   ] Safepoint "Cleanup", Time since last: 3007808608 ns, Reaching safepoint: 279636 ns, At safepoint: 8074 ns, Total: 287710 ns
[2023-06-15T08:11:33.931+0000][101][safepoint   ] Safepoint "Cleanup", Time since last: 3266060789 ns, Reaching safepoint: 671740 ns, At safepoint: 103609 ns, Total: 775349 ns
[2023-06-15T08:11:34.935+0000][101][safepoint   ] Safepoint "Cleanup", Time since last: 1003777514 ns, Reaching safepoint: 225676 ns, At safepoint: 10949 ns, Total: 236625 ns
[2023-06-15T08:11:35.939+0000][101][safepoint   ] Safepoint "Cleanup", Time since last: 1004084132 ns, Reaching safepoint: 174652 ns, At safepoint: 10354 ns, Total: 185006 ns
[2023-06-15T08:11:36.944+0000][101][safepoint   ] Safepoint "Cleanup", Time since last: 1004054252 ns, Reaching safepoint: 315090 ns, At safepoint: 10655 ns, Total: 325745 ns
[2023-06-15T08:11:37.950+0000][101][safepoint   ] Safepoint "Cleanup", Time since last: 1006004961 ns, Reaching safepoint: 202659 ns, At safepoint: 21708 ns, Total: 224367 ns
[2023-06-15T08:11:38.954+0000][101][safepoint   ] Safepoint "Cleanup", Time since last: 1004133205 ns, Reaching safepoint: 334073 ns, At safepoint: 11337 ns, Total: 345410 ns
[2023-06-15T08:11:39.958+0000][101][safepoint   ] Safepoint "Cleanup", Time since last: 1003112967 ns, Reaching safepoint: 470110 ns, At safepoint: 39344 ns, Total: 509454 ns
[2023-06-15T08:11:41.962+0000][101][safepoint   ] Safepoint "Cleanup", Time since last: 2003908085 ns, Reaching safepoint: 346567 ns, At safepoint: 10480 ns, Total: 357047 ns
[2023-06-15T08:11:42.966+0000][101][safepoint   ] Safepoint "Cleanup", Time since last: 1003173368 ns, Reaching safepoint: 119803 ns, At safepoint: 3989 ns, Total: 123792 ns
[2023-06-15T08:11:43.968+0000][101][safepoint   ] Safepoint "Cleanup", Time since last: 1002365280 ns, Reaching safepoint: 70530 ns, At safepoint: 4478 ns, Total: 75008 ns
[2023-06-15T08:11:46.971+0000][101][safepoint   ] Safepoint "Cleanup", Time since last: 3003051939 ns, Reaching safepoint: 311652 ns, At safepoint: 13896 ns, Total: 325548 ns
[2023-06-15T08:11:48.976+0000][101][safepoint   ] Safepoint "Cleanup", Time since last: 2004429310 ns, Reaching safepoint: 199265 ns, At safepoint: 99197 ns, Total: 298462 ns
[2023-06-15T08:11:49.978+0000][101][safepoint   ] Safepoint "Cleanup", Time since last: 1001806680 ns, Reaching safepoint: 214067 ns, At safepoint: 10130 ns, Total: 224197 ns
[2023-06-15T08:11:52.987+0000][101][safepoint   ] Safepoint "Cleanup", Time since last: 3008713511 ns, Reaching safepoint: 254798 ns, At safepoint: 14360 ns, Total: 269158 ns
[2023-06-15T08:11:54.124+0000][101][gc,start    ] GC(49) Pause Young (Prepare Mixed) (G1 Evacuation Pause)
[2023-06-15T08:11:54.126+0000][101][gc,task     ] GC(49) Using 4 workers of 4 for evacuation
[2023-06-15T08:11:54.128+0000][101][gc,age      ] GC(49) Desired survivor size 6291456 bytes, new threshold 15 (max threshold 15)
[2023-06-15T08:11:54.136+0000][101][gc,phases   ] GC(49)   Pre Evacuate Collection Set: 0.2ms
[2023-06-15T08:11:54.137+0000][101][gc,phases   ] GC(49)   Merge Heap Roots: 0.1ms
[2023-06-15T08:11:54.138+0000][101][gc,phases   ] GC(49)   Evacuate Collection Set: 4.5ms
[2023-06-15T08:11:54.140+0000][101][gc,phases   ] GC(49)   Post Evacuate Collection Set: 1.5ms
[2023-06-15T08:11:54.140+0000][101][gc,phases   ] GC(49)   Other: 3.6ms
[2023-06-15T08:11:54.141+0000][101][gc,age      ] GC(49) Age table with threshold 15 (max threshold 15)
[2023-06-15T08:11:54.142+0000][101][gc,age      ] GC(49) - age   1:     604144 bytes,     604144 total
[2023-06-15T08:11:54.143+0000][101][gc,age      ] GC(49) - age   2:      11712 bytes,     615856 total
[2023-06-15T08:11:54.144+0000][101][gc,age      ] GC(49) - age   3:        224 bytes,     616080 total
[2023-06-15T08:11:54.145+0000][101][gc,age      ] GC(49) - age   4:       9976 bytes,     626056 total
[2023-06-15T08:11:54.146+0000][101][gc,age      ] GC(49) - age   5:       4656 bytes,     630712 total
[2023-06-15T08:11:54.146+0000][101][gc,age      ] GC(49) - age   6:      11944 bytes,     642656 total
[2023-06-15T08:11:54.147+0000][101][gc,age      ] GC(49) - age   7:      22344 bytes,     665000 total
[2023-06-15T08:11:54.147+0000][101][gc,age      ] GC(49) - age   8:      27280 bytes,     692280 total
[2023-06-15T08:11:54.148+0000][101][gc,age      ] GC(49) - age   9:        640 bytes,     692920 total
[2023-06-15T08:11:54.148+0000][101][gc,age      ] GC(49) - age  10:     452000 bytes,    1144920 total
[2023-06-15T08:11:54.149+0000][101][gc,age      ] GC(49) - age  11:     135136 bytes,    1280056 total
[2023-06-15T08:11:54.150+0000][101][gc,age      ] GC(49) - age  12:       3000 bytes,    1283056 total
[2023-06-15T08:11:54.150+0000][101][gc,heap     ] GC(49) Eden regions: 23->0(2)
[2023-06-15T08:11:54.151+0000][101][gc,heap     ] GC(49) Survivor regions: 1->1(3)
[2023-06-15T08:11:54.151+0000][101][gc,heap     ] GC(49) Old regions: 24->24
[2023-06-15T08:11:54.152+0000][101][gc,heap     ] GC(49) Archive regions: 2->2
[2023-06-15T08:11:54.152+0000][101][gc,heap     ] GC(49) Humongous regions: 2->2
[2023-06-15T08:11:54.153+0000][101][gc,metaspace] GC(49) Metaspace: 134435K(139584K)->134435K(139584K) NonClass: 117042K(119872K)->117042K(119872K) Class: 17393K(19712K)->17393K(19712K)
[2023-06-15T08:11:54.154+0000][101][gc          ] GC(49) Pause Young (Prepare Mixed) (G1 Evacuation Pause) 201M->108M(256M) 30.021ms
[2023-06-15T08:11:54.154+0000][101][gc,cpu      ] GC(49) User=0.01s Sys=0.00s Real=0.03s
[2023-06-15T08:11:54.155+0000][101][safepoint   ] Safepoint "G1CollectForAllocation", Time since last: 1158443819 ns, Reaching safepoint: 270923 ns, At safepoint: 31152525 ns, Total: 31423448 ns
[2023-06-15T08:11:54.497+0000][101][gc,start    ] GC(50) Pause Young (Mixed) (G1 Evacuation Pause)
[2023-06-15T08:11:54.498+0000][101][gc,task     ] GC(50) Using 4 workers of 4 for evacuation
[2023-06-15T08:11:54.499+0000][101][gc,age      ] GC(50) Desired survivor size 2097152 bytes, new threshold 15 (max threshold 15)
[2023-06-15T08:11:54.509+0000][101][gc,phases   ] GC(50)   Pre Evacuate Collection Set: 0.3ms
[2023-06-15T08:11:54.510+0000][101][gc,phases   ] GC(50)   Merge Heap Roots: 0.3ms
[2023-06-15T08:11:54.511+0000][101][gc,phases   ] GC(50)   Evacuate Collection Set: 6.9ms
[2023-06-15T08:11:54.512+0000][101][gc,phases   ] GC(50)   Post Evacuate Collection Set: 1.5ms
[2023-06-15T08:11:54.513+0000][101][gc,phases   ] GC(50)   Other: 1.8ms
[2023-06-15T08:11:54.513+0000][101][gc,age      ] GC(50) Age table with threshold 15 (max threshold 15)
[2023-06-15T08:11:54.514+0000][101][gc,age      ] GC(50) - age   1:     466056 bytes,     466056 total
[2023-06-15T08:11:54.515+0000][101][gc,age      ] GC(50) - age   2:     411912 bytes,     877968 total
[2023-06-15T08:11:54.516+0000][101][gc,age      ] GC(50) - age   3:      11584 bytes,     889552 total
[2023-06-15T08:11:54.517+0000][101][gc,age      ] GC(50) - age   4:        192 bytes,     889744 total
[2023-06-15T08:11:54.517+0000][101][gc,age      ] GC(50) - age   5:       9976 bytes,     899720 total
[2023-06-15T08:11:54.518+0000][101][gc,age      ] GC(50) - age   6:       4656 bytes,     904376 total
[2023-06-15T08:11:54.519+0000][101][gc,age      ] GC(50) - age   7:      11944 bytes,     916320 total
[2023-06-15T08:11:54.519+0000][101][gc,age      ] GC(50) - age   8:      22344 bytes,     938664 total
[2023-06-15T08:11:54.520+0000][101][gc,age      ] GC(50) - age   9:      27280 bytes,     965944 total
[2023-06-15T08:11:54.521+0000][101][gc,age      ] GC(50) - age  10:        640 bytes,     966584 total
[2023-06-15T08:11:54.521+0000][101][gc,age      ] GC(50) - age  11:     451872 bytes,    1418456 total
[2023-06-15T08:11:54.522+0000][101][gc,age      ] GC(50) - age  12:     134840 bytes,    1553296 total
[2023-06-15T08:11:54.522+0000][101][gc,age      ] GC(50) - age  13:       3000 bytes,    1556296 total
[2023-06-15T08:11:54.523+0000][101][gc,heap     ] GC(50) Eden regions: 2->0(23)
[2023-06-15T08:11:54.524+0000][101][gc,heap     ] GC(50) Survivor regions: 1->1(1)
[2023-06-15T08:11:54.524+0000][101][gc,heap     ] GC(50) Old regions: 24->24
[2023-06-15T08:11:54.525+0000][101][gc,heap     ] GC(50) Archive regions: 2->2
[2023-06-15T08:11:54.525+0000][101][gc,heap     ] GC(50) Humongous regions: 2->2
[2023-06-15T08:11:54.526+0000][101][gc,metaspace] GC(50) Metaspace: 134446K(139584K)->134446K(139584K) NonClass: 117053K(119872K)->117053K(119872K) Class: 17393K(19712K)->17393K(19712K)
[2023-06-15T08:11:54.526+0000][101][gc          ] GC(50) Pause Young (Mixed) (G1 Evacuation Pause) 116M->108M(256M) 28.916ms
[2023-06-15T08:11:54.527+0000][101][gc,cpu      ] GC(50) User=0.02s Sys=0.00s Real=0.03s
[2023-06-15T08:11:54.527+0000][101][safepoint   ] Safepoint "G1CollectForAllocation", Time since last: 342547846 ns, Reaching safepoint: 186274 ns, At safepoint: 29922992 ns, Total: 30109266 ns
[2023-06-15T08:11:55.530+0000][101][safepoint   ] Safepoint "Cleanup", Time since last: 1002219241 ns, Reaching safepoint: 446859 ns, At safepoint: 40811 ns, Total: 487670 ns
[2023-06-15T08:11:57.534+0000][101][safepoint   ] Safepoint "Cleanup", Time since last: 2003355538 ns, Reaching safepoint: 229009 ns, At safepoint: 12920 ns, Total: 241929 ns
[2023-06-15T08:12:00.537+0000][101][safepoint   ] Safepoint "Cleanup", Time since last: 3002839996 ns, Reaching safepoint: 128265 ns, At safepoint: 5106 ns, Total: 133371 ns
[2023-06-15T08:12:01.539+0000][101][safepoint   ] Safepoint "Cleanup", Time since last: 1002317724 ns, Reaching safepoint: 448650 ns, At safepoint: 29610 ns, Total: 478260 ns
[2023-06-15T08:12:02.542+0000][101][safepoint   ] Safepoint "Cleanup", Time since last: 1001882388 ns, Reaching safepoint: 270939 ns, At safepoint: 10630 ns, Total: 281569 ns
[2023-06-15T08:12:03.547+0000][101][safepoint   ] Safepoint "Cleanup", Time since last: 1004377626 ns, Reaching safepoint: 876657 ns, At safepoint: 19824 ns, Total: 896481 ns
[2023-06-15T08:12:04.552+0000][101][safepoint   ] Safepoint "Cleanup", Time since last: 1004569741 ns, Reaching safepoint: 331635 ns, At safepoint: 12769 ns, Total: 344404 ns
[2023-06-15T08:12:06.556+0000][101][safepoint   ] Safepoint "Cleanup", Time since last: 2004490407 ns, Reaching safepoint: 152823 ns, At safepoint: 5019 ns, Total: 157842 ns
[2023-06-15T08:12:07.558+0000][101][safepoint   ] Safepoint "Cleanup", Time since last: 1001068654 ns, Reaching safepoint: 143193 ns, At safepoint: 7588 ns, Total: 150781 ns
[2023-06-15T08:12:09.559+0000][101][safepoint   ] Safepoint "Cleanup", Time since last: 2001486443 ns, Reaching safepoint: 98682 ns, At safepoint: 3549 ns, Total: 102231 ns
[2023-06-15T08:12:11.561+0000][101][safepoint   ] Safepoint "Cleanup", Time since last: 2001236319 ns, Reaching safepoint: 155285 ns, At safepoint: 14546 ns, Total: 169831 ns
[2023-06-15T08:12:12.562+0000][101][safepoint   ] Safepoint "Cleanup", Time since last: 1001282568 ns, Reaching safepoint: 451037 ns, At safepoint: 28660 ns, Total: 479697 ns
[2023-06-15T08:12:13.564+0000][101][safepoint   ] Safepoint "Cleanup", Time since last: 1001214509 ns, Reaching safepoint: 133643 ns, At safepoint: 43292 ns, Total: 176935 ns
[2023-06-15T08:12:14.565+0000][101][safepoint   ] Safepoint "Cleanup", Time since last: 1001037344 ns, Reaching safepoint: 134143 ns, At safepoint: 4248 ns, Total: 138391 ns
[2023-06-15T08:12:15.567+0000][101][safepoint   ] Safepoint "Cleanup", Time since last: 1001802484 ns, Reaching safepoint: 711965 ns, At safepoint: 25270 ns, Total: 737235 ns
[2023-06-15T08:12:16.572+0000][101][safepoint   ] Safepoint "Cleanup", Time since last: 1004152150 ns, Reaching safepoint: 152296 ns, At safepoint: 3681 ns, Total: 155977 ns
[2023-06-15T08:12:17.573+0000][101][safepoint   ] Safepoint "Cleanup", Time since last: 1001253803 ns, Reaching safepoint: 111370 ns, At safepoint: 4790 ns, Total: 116160 ns
[2023-06-15T08:12:18.575+0000][101][safepoint   ] Safepoint "Cleanup", Time since last: 1001370735 ns, Reaching safepoint: 104100 ns, At safepoint: 6781 ns, Total: 110881 ns
[2023-06-15T08:12:19.577+0000][101][safepoint   ] Safepoint "Cleanup", Time since last: 1001868616 ns, Reaching safepoint: 127432 ns, At safepoint: 9213 ns, Total: 136645 ns
[2023-06-15T08:12:21.579+0000][101][safepoint   ] Safepoint "Cleanup", Time since last: 2002131829 ns, Reaching safepoint: 322638 ns, At safepoint: 12537 ns, Total: 335175 ns
[2023-06-15T08:12:22.583+0000][101][safepoint   ] Safepoint "Cleanup", Time since last: 1003661234 ns, Reaching safepoint: 237062 ns, At safepoint: 19843 ns, Total: 256905 ns
[2023-06-15T08:12:24.416+0000][101][gc,start    ] GC(51) Pause Young (Normal) (G1 Evacuation Pause)
[2023-06-15T08:12:24.417+0000][101][gc,task     ] GC(51) Using 4 workers of 4 for evacuation
[2023-06-15T08:12:24.417+0000][101][gc,age      ] GC(51) Desired survivor size 6291456 bytes, new threshold 15 (max threshold 15)
[2023-06-15T08:12:24.421+0000][101][gc,phases   ] GC(51)   Pre Evacuate Collection Set: 0.1ms
[2023-06-15T08:12:24.422+0000][101][gc,phases   ] GC(51)   Merge Heap Roots: 0.1ms
[2023-06-15T08:12:24.422+0000][101][gc,phases   ] GC(51)   Evacuate Collection Set: 2.5ms
[2023-06-15T08:12:24.423+0000][101][gc,phases   ] GC(51)   Post Evacuate Collection Set: 0.8ms
[2023-06-15T08:12:24.423+0000][101][gc,phases   ] GC(51)   Other: 1.0ms
[2023-06-15T08:12:24.424+0000][101][gc,age      ] GC(51) Age table with threshold 15 (max threshold 15)
[2023-06-15T08:12:24.424+0000][101][gc,age      ] GC(51) - age   1:     808280 bytes,     808280 total
[2023-06-15T08:12:24.425+0000][101][gc,age      ] GC(51) - age   2:        424 bytes,     808704 total
[2023-06-15T08:12:24.426+0000][101][gc,age      ] GC(51) - age   3:      19632 bytes,     828336 total
[2023-06-15T08:12:24.426+0000][101][gc,age      ] GC(51) - age   4:      11208 bytes,     839544 total
[2023-06-15T08:12:24.427+0000][101][gc,age      ] GC(51) - age   5:         64 bytes,     839608 total
[2023-06-15T08:12:24.427+0000][101][gc,age      ] GC(51) - age   6:       9912 bytes,     849520 total
[2023-06-15T08:12:24.427+0000][101][gc,age      ] GC(51) - age   7:       4592 bytes,     854112 total
[2023-06-15T08:12:24.428+0000][101][gc,age      ] GC(51) - age   8:      11944 bytes,     866056 total
[2023-06-15T08:12:24.428+0000][101][gc,age      ] GC(51) - age   9:      22280 bytes,     888336 total
[2023-06-15T08:12:24.429+0000][101][gc,age      ] GC(51) - age  10:      27216 bytes,     915552 total
[2023-06-15T08:12:24.429+0000][101][gc,age      ] GC(51) - age  11:        640 bytes,     916192 total
[2023-06-15T08:12:24.430+0000][101][gc,age      ] GC(51) - age  12:     451712 bytes,    1367904 total
[2023-06-15T08:12:24.430+0000][101][gc,age      ] GC(51) - age  13:     134840 bytes,    1502744 total
[2023-06-15T08:12:24.430+0000][101][gc,age      ] GC(51) - age  14:       3000 bytes,    1505744 total
[2023-06-15T08:12:24.431+0000][101][gc,heap     ] GC(51) Eden regions: 23->0(24)
[2023-06-15T08:12:24.431+0000][101][gc,heap     ] GC(51) Survivor regions: 1->1(3)
[2023-06-15T08:12:24.432+0000][101][gc,heap     ] GC(51) Old regions: 24->24
[2023-06-15T08:12:24.432+0000][101][gc,heap     ] GC(51) Archive regions: 2->2
[2023-06-15T08:12:24.433+0000][101][gc,heap     ] GC(51) Humongous regions: 2->2
[2023-06-15T08:12:24.433+0000][101][gc,metaspace] GC(51) Metaspace: 134690K(139584K)->134690K(139584K) NonClass: 117295K(119872K)->117295K(119872K) Class: 17395K(19712K)->17395K(19712K)
[2023-06-15T08:12:24.433+0000][101][gc          ] GC(51) Pause Young (Normal) (G1 Evacuation Pause) 200M->108M(256M) 17.567ms
[2023-06-15T08:12:24.434+0000][101][gc,cpu      ] GC(51) User=0.01s Sys=0.00s Real=0.01s
[2023-06-15T08:12:24.435+0000][101][safepoint   ] Safepoint "G1CollectForAllocation", Time since last: 1853905191 ns, Reaching safepoint: 151796 ns, At safepoint: 18704827 ns, Total: 18856623 ns
[2023-06-15T08:12:25.436+0000][101][safepoint   ] Safepoint "Cleanup", Time since last: 1001115552 ns, Reaching safepoint: 522261 ns, At safepoint: 12517 ns, Total: 534778 ns
[2023-06-15T08:12:27.443+0000][101][safepoint   ] Safepoint "Cleanup", Time since last: 2006321837 ns, Reaching safepoint: 187307 ns, At safepoint: 9074 ns, Total: 196381 ns
[2023-06-15T08:12:30.433+0000][101][safepoint   ] Safepoint "Cleanup", Time since last: 2990311543 ns, Reaching safepoint: 101268 ns, At safepoint: 2422 ns, Total: 103690 ns
[2023-06-15T08:12:31.434+0000][101][safepoint   ] Safepoint "Cleanup", Time since last: 1001090849 ns, Reaching safepoint: 94883 ns, At safepoint: 3725 ns, Total: 98608 ns
[2023-06-15T08:12:32.436+0000][101][safepoint   ] Safepoint "Cleanup", Time since last: 1001288701 ns, Reaching safepoint: 62924 ns, At safepoint: 2890 ns, Total: 65814 ns
[2023-06-15T08:12:33.438+0000][101][safepoint   ] Safepoint "Cleanup", Time since last: 1001931606 ns, Reaching safepoint: 135447 ns, At safepoint: 9708 ns, Total: 145155 ns
[2023-06-15T08:12:36.443+0000][101][safepoint   ] Safepoint "Cleanup", Time since last: 3005251491 ns, Reaching safepoint: 137232 ns, At safepoint: 11068 ns, Total: 148300 ns
[2023-06-15T08:12:37.444+0000][101][safepoint   ] Safepoint "Cleanup", Time since last: 1001011374 ns, Reaching safepoint: 182723 ns, At safepoint: 3675 ns, Total: 186398 ns
[2023-06-15T08:12:38.446+0000][101][safepoint   ] Safepoint "Cleanup", Time since last: 1001831258 ns, Reaching safepoint: 142226 ns, At safepoint: 7178 ns, Total: 149404 ns
[2023-06-15T08:12:39.451+0000][101][safepoint   ] Safepoint "Cleanup", Time since last: 1003928479 ns, Reaching safepoint: 310935 ns, At safepoint: 24061 ns, Total: 334996 ns
[2023-06-15T08:12:40.454+0000][101][safepoint   ] Safepoint "Cleanup", Time since last: 1003038555 ns, Reaching safepoint: 206891 ns, At safepoint: 16476 ns, Total: 223367 ns
[2023-06-15T08:12:41.457+0000][101][safepoint   ] Safepoint "Cleanup", Time since last: 1003355229 ns, Reaching safepoint: 208592 ns, At safepoint: 7971 ns, Total: 216563 ns
[2023-06-15T08:12:42.460+0000][101][safepoint   ] Safepoint "Cleanup", Time since last: 1002635730 ns, Reaching safepoint: 134976 ns, At safepoint: 6086 ns, Total: 141062 ns
[2023-06-15T08:12:43.464+0000][101][safepoint   ] Safepoint "Cleanup", Time since last: 1002659844 ns, Reaching safepoint: 595075 ns, At safepoint: 79482 ns, Total: 674557 ns
[2023-06-15T08:12:44.468+0000][101][safepoint   ] Safepoint "Cleanup", Time since last: 1004307813 ns, Reaching safepoint: 571384 ns, At safepoint: 28789 ns, Total: 600173 ns
[2023-06-15T08:12:45.473+0000][101][safepoint   ] Safepoint "Cleanup", Time since last: 1004493970 ns, Reaching safepoint: 261040 ns, At safepoint: 17158 ns, Total: 278198 ns
[2023-06-15T08:12:46.491+0000][101][safepoint   ] Safepoint "Cleanup", Time since last: 1017463223 ns, Reaching safepoint: 102014 ns, At safepoint: 6668 ns, Total: 108682 ns
[2023-06-15T08:12:47.515+0000][101][safepoint   ] Safepoint "Cleanup", Time since last: 1023890295 ns, Reaching safepoint: 72493 ns, At safepoint: 4180 ns, Total: 76673 ns
[2023-06-15T08:12:48.518+0000][101][safepoint   ] Safepoint "Cleanup", Time since last: 1003450514 ns, Reaching safepoint: 191381 ns, At safepoint: 12881 ns, Total: 204262 ns
[2023-06-15T08:12:49.522+0000][101][safepoint   ] Safepoint "Cleanup", Time since last: 1002842167 ns, Reaching safepoint: 329862 ns, At safepoint: 8338 ns, Total: 338200 ns
[2023-06-15T08:12:51.524+0000][101][safepoint   ] Safepoint "Cleanup", Time since last: 2002037112 ns, Reaching safepoint: 84015 ns, At safepoint: 5410 ns, Total: 89425 ns
[2023-06-15T08:12:54.138+0000][101][gc,start    ] GC(52) Pause Young (Normal) (G1 Evacuation Pause)
[2023-06-15T08:12:54.139+0000][101][gc,task     ] GC(52) Using 4 workers of 4 for evacuation
[2023-06-15T08:12:54.140+0000][101][gc,age      ] GC(52) Desired survivor size 8388608 bytes, new threshold 15 (max threshold 15)
[2023-06-15T08:12:54.144+0000][101][gc,phases   ] GC(52)   Pre Evacuate Collection Set: 0.1ms
[2023-06-15T08:12:54.145+0000][101][gc,phases   ] GC(52)   Merge Heap Roots: 0.0ms
[2023-06-15T08:12:54.145+0000][101][gc,phases   ] GC(52)   Evacuate Collection Set: 3.2ms
[2023-06-15T08:12:54.146+0000][101][gc,phases   ] GC(52)   Post Evacuate Collection Set: 0.7ms
[2023-06-15T08:12:54.147+0000][101][gc,phases   ] GC(52)   Other: 1.0ms
[2023-06-15T08:12:54.147+0000][101][gc,age      ] GC(52) Age table with threshold 15 (max threshold 15)
[2023-06-15T08:12:54.148+0000][101][gc,age      ] GC(52) - age   1:    1851464 bytes,    1851464 total
[2023-06-15T08:12:54.148+0000][101][gc,age      ] GC(52) - age   2:       7432 bytes,    1858896 total
[2023-06-15T08:12:54.149+0000][101][gc,age      ] GC(52) - age   3:        168 bytes,    1859064 total
[2023-06-15T08:12:54.149+0000][101][gc,age      ] GC(52) - age   4:      18128 bytes,    1877192 total
[2023-06-15T08:12:54.150+0000][101][gc,age      ] GC(52) - age   5:      10912 bytes,    1888104 total
[2023-06-15T08:12:54.150+0000][101][gc,age      ] GC(52) - age   6:         64 bytes,    1888168 total
[2023-06-15T08:12:54.150+0000][101][gc,age      ] GC(52) - age   7:       9832 bytes,    1898000 total
[2023-06-15T08:12:54.151+0000][101][gc,age      ] GC(52) - age   8:       4592 bytes,    1902592 total
[2023-06-15T08:12:54.151+0000][101][gc,age      ] GC(52) - age   9:      11944 bytes,    1914536 total
[2023-06-15T08:12:54.152+0000][101][gc,age      ] GC(52) - age  10:      22216 bytes,    1936752 total
[2023-06-15T08:12:54.152+0000][101][gc,age      ] GC(52) - age  11:      16840 bytes,    1953592 total
[2023-06-15T08:12:54.153+0000][101][gc,age      ] GC(52) - age  12:        640 bytes,    1954232 total
[2023-06-15T08:12:54.153+0000][101][gc,age      ] GC(52) - age  13:     175144 bytes,    2129376 total
[2023-06-15T08:12:54.154+0000][101][gc,age      ] GC(52) - age  14:     134800 bytes,    2264176 total
[2023-06-15T08:12:54.154+0000][101][gc,age      ] GC(52) - age  15:       3000 bytes,    2267176 total
[2023-06-15T08:12:54.155+0000][101][gc,heap     ] GC(52) Eden regions: 24->0(23)
[2023-06-15T08:12:54.155+0000][101][gc,heap     ] GC(52) Survivor regions: 1->1(4)
[2023-06-15T08:12:54.156+0000][101][gc,heap     ] GC(52) Old regions: 24->24
[2023-06-15T08:12:54.156+0000][101][gc,heap     ] GC(52) Archive regions: 2->2
[2023-06-15T08:12:54.157+0000][101][gc,heap     ] GC(52) Humongous regions: 2->2
[2023-06-15T08:12:54.157+0000][101][gc,metaspace] GC(52) Metaspace: 134890K(139584K)->134890K(139584K) NonClass: 117489K(119872K)->117489K(119872K) Class: 17401K(19712K)->17401K(19712K)
[2023-06-15T08:12:54.157+0000][101][gc          ] GC(52) Pause Young (Normal) (G1 Evacuation Pause) 204M->108M(256M) 19.023ms
[2023-06-15T08:12:54.158+0000][101][gc,cpu      ] GC(52) User=0.01s Sys=0.00s Real=0.02s
[2023-06-15T08:12:54.158+0000][101][safepoint   ] Safepoint "G1CollectForAllocation", Time since last: 2636010826 ns, Reaching safepoint: 201537 ns, At safepoint: 20002953 ns, Total: 20204490 ns
[2023-06-15T08:12:55.161+0000][101][safepoint   ] Safepoint "Cleanup", Time since last: 1002128073 ns, Reaching safepoint: 224316 ns, At safepoint: 51675 ns, Total: 275991 ns
[2023-06-15T08:12:57.167+0000][101][safepoint   ] Safepoint "Cleanup", Time since last: 2005368334 ns, Reaching safepoint: 242915 ns, At safepoint: 132387 ns, Total: 375302 ns
[2023-06-15T08:13:00.171+0000][101][safepoint   ] Safepoint "Cleanup", Time since last: 3004277457 ns, Reaching safepoint: 213260 ns, At safepoint: 4883 ns, Total: 218143 ns
[2023-06-15T08:13:01.172+0000][101][safepoint   ] Safepoint "Cleanup", Time since last: 1001009570 ns, Reaching safepoint: 157431 ns, At safepoint: 6370 ns, Total: 163801 ns
[2023-06-15T08:13:02.174+0000][101][safepoint   ] Safepoint "Cleanup", Time since last: 1001178163 ns, Reaching safepoint: 349323 ns, At safepoint: 18529 ns, Total: 367852 ns
[2023-06-15T08:13:03.175+0000][101][safepoint   ] Safepoint "Cleanup", Time since last: 1001278263 ns, Reaching safepoint: 300772 ns, At safepoint: 13411 ns, Total: 314183 ns
[2023-06-15T08:13:04.177+0000][101][safepoint   ] Safepoint "Cleanup", Time since last: 1001229106 ns, Reaching safepoint: 299026 ns, At safepoint: 15483 ns, Total: 314509 ns
[2023-06-15T08:13:05.179+0000][101][safepoint   ] Safepoint "Cleanup", Time since last: 1001768578 ns, Reaching safepoint: 425314 ns, At safepoint: 9651 ns, Total: 434965 ns
[2023-06-15T08:13:06.184+0000][101][safepoint   ] Safepoint "Cleanup", Time since last: 1004705154 ns, Reaching safepoint: 244999 ns, At safepoint: 5104 ns, Total: 250103 ns
[2023-06-15T08:13:07.185+0000][101][safepoint   ] Safepoint "Cleanup", Time since last: 1001024995 ns, Reaching safepoint: 139571 ns, At safepoint: 3849 ns, Total: 143420 ns
[2023-06-15T08:13:12.189+0000][101][safepoint   ] Safepoint "Cleanup", Time since last: 5004088956 ns, Reaching safepoint: 132160 ns, At safepoint: 5385 ns, Total: 137545 ns
[2023-06-15T08:13:13.191+0000][101][safepoint   ] Safepoint "Cleanup", Time since last: 1000829563 ns, Reaching safepoint: 493701 ns, At safepoint: 48420 ns, Total: 542121 ns
[2023-06-15T08:13:15.192+0000][101][safepoint   ] Safepoint "Cleanup", Time since last: 2001382203 ns, Reaching safepoint: 71359 ns, At safepoint: 3383 ns, Total: 74742 ns
[2023-06-15T08:13:18.194+0000][101][safepoint   ] Safepoint "Cleanup", Time since last: 3001704872 ns, Reaching safepoint: 359580 ns, At safepoint: 31244 ns, Total: 390824 ns
[2023-06-15T08:13:19.196+0000][101][safepoint   ] Safepoint "Cleanup", Time since last: 1001044340 ns, Reaching safepoint: 149012 ns, At safepoint: 9853 ns, Total: 158865 ns
[2023-06-15T08:13:19.280+0000][101][gc,start    ] GC(53) Pause Young (Concurrent Start) (G1 Evacuation Pause)
[2023-06-15T08:13:19.280+0000][101][gc,task     ] GC(53) Using 4 workers of 4 for evacuation
[2023-06-15T08:13:19.281+0000][101][gc,age      ] GC(53) Desired survivor size 6291456 bytes, new threshold 15 (max threshold 15)
[2023-06-15T08:13:19.289+0000][101][gc,phases   ] GC(53)   Pre Evacuate Collection Set: 0.3ms
[2023-06-15T08:13:19.289+0000][101][gc,phases   ] GC(53)   Merge Heap Roots: 0.1ms
[2023-06-15T08:13:19.291+0000][101][gc,phases   ] GC(53)   Evacuate Collection Set: 4.8ms
[2023-06-15T08:13:19.291+0000][101][gc,phases   ] GC(53)   Post Evacuate Collection Set: 1.5ms
[2023-06-15T08:13:19.292+0000][101][gc,phases   ] GC(53)   Other: 1.6ms
[2023-06-15T08:13:19.293+0000][101][gc,age      ] GC(53) Age table with threshold 15 (max threshold 15)
[2023-06-15T08:13:19.294+0000][101][gc,age      ] GC(53) - age   1:    1534184 bytes,    1534184 total
[2023-06-15T08:13:19.295+0000][101][gc,age      ] GC(53) - age   2:     534832 bytes,    2069016 total
[2023-06-15T08:13:19.296+0000][101][gc,age      ] GC(53) - age   3:       6952 bytes,    2075968 total
[2023-06-15T08:13:19.297+0000][101][gc,age      ] GC(53) - age   4:        168 bytes,    2076136 total
[2023-06-15T08:13:19.297+0000][101][gc,age      ] GC(53) - age   5:      17872 bytes,    2094008 total
[2023-06-15T08:13:19.298+0000][101][gc,age      ] GC(53) - age   6:      10912 bytes,    2104920 total
[2023-06-15T08:13:19.299+0000][101][gc,age      ] GC(53) - age   7:         64 bytes,    2104984 total
[2023-06-15T08:13:19.300+0000][101][gc,age      ] GC(53) - age   8:       9832 bytes,    2114816 total
[2023-06-15T08:13:19.300+0000][101][gc,age      ] GC(53) - age   9:       4592 bytes,    2119408 total
[2023-06-15T08:13:19.302+0000][101][gc,age      ] GC(53) - age  10:      11944 bytes,    2131352 total
[2023-06-15T08:13:19.303+0000][101][gc,age      ] GC(53) - age  11:      22192 bytes,    2153544 total
[2023-06-15T08:13:19.304+0000][101][gc,age      ] GC(53) - age  12:      16840 bytes,    2170384 total
[2023-06-15T08:13:19.304+0000][101][gc,age      ] GC(53) - age  13:        640 bytes,    2171024 total
[2023-06-15T08:13:19.305+0000][101][gc,age      ] GC(53) - age  14:     175080 bytes,    2346104 total
[2023-06-15T08:13:19.305+0000][101][gc,age      ] GC(53) - age  15:     134800 bytes,    2480904 total
[2023-06-15T08:13:19.306+0000][101][gc,heap     ] GC(53) Eden regions: 23->0(23)
[2023-06-15T08:13:19.306+0000][101][gc,heap     ] GC(53) Survivor regions: 1->1(3)
[2023-06-15T08:13:19.307+0000][101][gc,heap     ] GC(53) Old regions: 24->24
[2023-06-15T08:13:19.307+0000][101][gc,heap     ] GC(53) Archive regions: 2->2
[2023-06-15T08:13:19.308+0000][101][gc,heap     ] GC(53) Humongous regions: 2->2
[2023-06-15T08:13:19.309+0000][101][gc,metaspace] GC(53) Metaspace: 134987K(139712K)->134987K(139712K) NonClass: 117586K(120000K)->117586K(120000K) Class: 17401K(19712K)->17401K(19712K)
[2023-06-15T08:13:19.310+0000][101][gc          ] GC(53) Pause Young (Concurrent Start) (G1 Evacuation Pause) 200M->109M(256M) 30.186ms
[2023-06-15T08:13:19.310+0000][101][gc          ] GC(54) Concurrent Mark Cycle
[2023-06-15T08:13:19.311+0000][101][gc,marking  ] GC(54) Concurrent Clear Claimed Marks
[2023-06-15T08:13:19.310+0000][101][gc,cpu      ] GC(53) User=0.01s Sys=0.01s Real=0.03s
[2023-06-15T08:13:19.312+0000][101][gc,marking  ] GC(54) Concurrent Clear Claimed Marks 0.717ms
[2023-06-15T08:13:19.313+0000][101][gc,marking  ] GC(54) Concurrent Scan Root Regions
[2023-06-15T08:13:19.312+0000][101][safepoint   ] Safepoint "G1CollectForAllocation", Time since last: 84020580 ns, Reaching safepoint: 60685 ns, At safepoint: 32727705 ns, Total: 32788390 ns
[2023-06-15T08:13:19.317+0000][101][gc,marking  ] GC(54) Concurrent Scan Root Regions 3.555ms
[2023-06-15T08:13:19.317+0000][101][gc,marking  ] GC(54) Concurrent Mark
[2023-06-15T08:13:19.318+0000][101][gc,marking  ] GC(54) Concurrent Mark From Roots
[2023-06-15T08:13:19.318+0000][101][gc,task     ] GC(54) Using 1 workers of 1 for marking
[2023-06-15T08:13:19.556+0000][101][gc,marking  ] GC(54) Concurrent Mark From Roots 238.542ms
[2023-06-15T08:13:19.557+0000][101][gc,marking  ] GC(54) Concurrent Preclean
[2023-06-15T08:13:19.558+0000][101][gc,marking  ] GC(54) Concurrent Preclean 0.975ms
[2023-06-15T08:13:19.559+0000][101][gc,start    ] GC(54) Pause Remark
[2023-06-15T08:13:19.571+0000][101][gc          ] GC(54) Pause Remark 111M->111M(256M) 12.000ms
[2023-06-15T08:13:19.571+0000][101][gc,cpu      ] GC(54) User=0.03s Sys=0.01s Real=0.01s
[2023-06-15T08:13:19.572+0000][101][safepoint   ] Safepoint "G1PauseRemark", Time since last: 246162245 ns, Reaching safepoint: 89704 ns, At safepoint: 13718050 ns, Total: 13807754 ns
[2023-06-15T08:13:19.573+0000][101][gc,marking  ] GC(54) Concurrent Mark 256.060ms
[2023-06-15T08:13:19.574+0000][101][gc,marking  ] GC(54) Concurrent Rebuild Remembered Sets
[2023-06-15T08:13:19.636+0000][101][gc,marking  ] GC(54) Concurrent Rebuild Remembered Sets 61.652ms
[2023-06-15T08:13:19.637+0000][101][gc,start    ] GC(54) Pause Cleanup
[2023-06-15T08:13:19.637+0000][101][gc          ] GC(54) Pause Cleanup 111M->111M(256M) 0.756ms
[2023-06-15T08:13:19.638+0000][101][gc,cpu      ] GC(54) User=0.00s Sys=0.00s Real=0.00s
[2023-06-15T08:13:19.639+0000][101][safepoint   ] Safepoint "G1PauseCleanup", Time since last: 64057494 ns, Reaching safepoint: 62042 ns, At safepoint: 2241927 ns, Total: 2303969 ns
[2023-06-15T08:13:19.640+0000][101][gc,marking  ] GC(54) Concurrent Cleanup for Next Mark
[2023-06-15T08:13:19.641+0000][101][gc,marking  ] GC(54) Concurrent Cleanup for Next Mark 0.996ms
[2023-06-15T08:13:19.641+0000][101][gc          ] GC(54) Concurrent Mark Cycle 330.793ms
[2023-06-15T08:13:22.641+0000][101][safepoint   ] Safepoint "Cleanup", Time since last: 3002093137 ns, Reaching safepoint: 352117 ns, At safepoint: 12796 ns, Total: 364913 ns
[2023-06-15T08:13:24.624+0000][101][safepoint   ] Safepoint "Cleanup", Time since last: 2005986359 ns, Reaching safepoint: 175879 ns, At safepoint: 7817 ns, Total: 183696 ns
[2023-06-15T08:13:26.627+0000][101][safepoint   ] Safepoint "Cleanup", Time since last: 2002318471 ns, Reaching safepoint: 91856 ns, At safepoint: 3672 ns, Total: 95528 ns
[2023-06-15T08:13:30.633+0000][101][safepoint   ] Safepoint "Cleanup", Time since last: 4005909362 ns, Reaching safepoint: 386237 ns, At safepoint: 16141 ns, Total: 402378 ns
[2023-06-15T08:13:33.606+0000][101][safepoint   ] Safepoint "Cleanup", Time since last: 2972267336 ns, Reaching safepoint: 264594 ns, At safepoint: 31788 ns, Total: 296382 ns
[2023-06-15T08:13:34.608+0000][101][safepoint   ] Safepoint "Cleanup", Time since last: 1001067041 ns, Reaching safepoint: 773916 ns, At safepoint: 32518 ns, Total: 806434 ns
[2023-06-15T08:13:36.476+0000][101][safepoint   ] Safepoint "Cleanup", Time since last: 1868240229 ns, Reaching safepoint: 175828 ns, At safepoint: 25618 ns, Total: 201446 ns
[2023-06-15T08:13:37.479+0000][101][safepoint   ] Safepoint "Cleanup", Time since last: 1002442033 ns, Reaching safepoint: 249904 ns, At safepoint: 23090 ns, Total: 272994 ns
[2023-06-15T08:13:38.481+0000][101][safepoint   ] Safepoint "Cleanup", Time since last: 1001408223 ns, Reaching safepoint: 323451 ns, At safepoint: 22665 ns, Total: 346116 ns
[2023-06-15T08:13:39.483+0000][101][safepoint   ] Safepoint "Cleanup", Time since last: 1001997072 ns, Reaching safepoint: 356043 ns, At safepoint: 10008 ns, Total: 366051 ns
[2023-06-15T08:13:40.486+0000][101][safepoint   ] Safepoint "Cleanup", Time since last: 1002747262 ns, Reaching safepoint: 105810 ns, At safepoint: 8855 ns, Total: 114665 ns
[2023-06-15T08:13:41.487+0000][101][safepoint   ] Safepoint "Cleanup", Time since last: 1001071595 ns, Reaching safepoint: 219886 ns, At safepoint: 12830 ns, Total: 232716 ns
[2023-06-15T08:13:42.143+0000][101][gc,start    ] GC(55) Pause Young (Prepare Mixed) (G1 Evacuation Pause)
[2023-06-15T08:13:42.145+0000][101][gc,task     ] GC(55) Using 4 workers of 4 for evacuation
[2023-06-15T08:13:42.145+0000][101][gc,age      ] GC(55) Desired survivor size 6291456 bytes, new threshold 15 (max threshold 15)
[2023-06-15T08:13:42.150+0000][101][gc,phases   ] GC(55)   Pre Evacuate Collection Set: 0.3ms
[2023-06-15T08:13:42.151+0000][101][gc,phases   ] GC(55)   Merge Heap Roots: 0.1ms
[2023-06-15T08:13:42.151+0000][101][gc,phases   ] GC(55)   Evacuate Collection Set: 3.0ms
[2023-06-15T08:13:42.152+0000][101][gc,phases   ] GC(55)   Post Evacuate Collection Set: 0.7ms
[2023-06-15T08:13:42.152+0000][101][gc,phases   ] GC(55)   Other: 1.3ms
[2023-06-15T08:13:42.153+0000][101][gc,age      ] GC(55) Age table with threshold 15 (max threshold 15)
[2023-06-15T08:13:42.153+0000][101][gc,age      ] GC(55) - age   1:    1056680 bytes,    1056680 total
[2023-06-15T08:13:42.153+0000][101][gc,age      ] GC(55) - age   2:      23288 bytes,    1079968 total
[2023-06-15T08:13:42.154+0000][101][gc,age      ] GC(55) - age   3:     402480 bytes,    1482448 total
[2023-06-15T08:13:42.154+0000][101][gc,age      ] GC(55) - age   4:       6736 bytes,    1489184 total
[2023-06-15T08:13:42.155+0000][101][gc,age      ] GC(55) - age   5:        168 bytes,    1489352 total
[2023-06-15T08:13:42.155+0000][101][gc,age      ] GC(55) - age   6:      17632 bytes,    1506984 total
[2023-06-15T08:13:42.156+0000][101][gc,age      ] GC(55) - age   7:      10912 bytes,    1517896 total
[2023-06-15T08:13:42.156+0000][101][gc,age      ] GC(55) - age   8:         64 bytes,    1517960 total
[2023-06-15T08:13:42.157+0000][101][gc,age      ] GC(55) - age   9:       9832 bytes,    1527792 total
[2023-06-15T08:13:42.157+0000][101][gc,age      ] GC(55) - age  10:       4592 bytes,    1532384 total
[2023-06-15T08:13:42.157+0000][101][gc,age      ] GC(55) - age  11:      11944 bytes,    1544328 total
[2023-06-15T08:13:42.158+0000][101][gc,age      ] GC(55) - age  12:      21896 bytes,    1566224 total
[2023-06-15T08:13:42.158+0000][101][gc,age      ] GC(55) - age  13:      16840 bytes,    1583064 total
[2023-06-15T08:13:42.159+0000][101][gc,age      ] GC(55) - age  14:        640 bytes,    1583704 total
[2023-06-15T08:13:42.159+0000][101][gc,age      ] GC(55) - age  15:     147704 bytes,    1731408 total
[2023-06-15T08:13:42.160+0000][101][gc,heap     ] GC(55) Eden regions: 23->0(2)
[2023-06-15T08:13:42.160+0000][101][gc,heap     ] GC(55) Survivor regions: 1->1(3)
[2023-06-15T08:13:42.161+0000][101][gc,heap     ] GC(55) Old regions: 24->24
[2023-06-15T08:13:42.161+0000][101][gc,heap     ] GC(55) Archive regions: 2->2
[2023-06-15T08:13:42.162+0000][101][gc,heap     ] GC(55) Humongous regions: 2->2
[2023-06-15T08:13:42.163+0000][101][gc,metaspace] GC(55) Metaspace: 135060K(139712K)->135060K(139712K) NonClass: 117659K(120000K)->117659K(120000K) Class: 17401K(19712K)->17401K(19712K)
[2023-06-15T08:13:42.163+0000][101][gc          ] GC(55) Pause Young (Prepare Mixed) (G1 Evacuation Pause) 201M->108M(256M) 19.703ms
[2023-06-15T08:13:42.164+0000][101][gc,cpu      ] GC(55) User=0.02s Sys=0.01s Real=0.02s
[2023-06-15T08:13:42.165+0000][101][safepoint   ] Safepoint "G1CollectForAllocation", Time since last: 656276061 ns, Reaching safepoint: 105996 ns, At safepoint: 21384983 ns, Total: 21490979 ns
[2023-06-15T08:13:43.167+0000][101][safepoint   ] Safepoint "Cleanup", Time since last: 1001288908 ns, Reaching safepoint: 783983 ns, At safepoint: 48414 ns, Total: 832397 ns
[2023-06-15T08:13:43.556+0000][101][gc,start    ] GC(56) Pause Young (Mixed) (G1 Evacuation Pause)
[2023-06-15T08:13:43.556+0000][101][gc,task     ] GC(56) Using 4 workers of 4 for evacuation
[2023-06-15T08:13:43.557+0000][101][gc,age      ] GC(56) Desired survivor size 2097152 bytes, new threshold 15 (max threshold 15)
[2023-06-15T08:13:43.564+0000][101][gc,phases   ] GC(56)   Pre Evacuate Collection Set: 0.1ms
[2023-06-15T08:13:43.565+0000][101][gc,phases   ] GC(56)   Merge Heap Roots: 0.0ms
[2023-06-15T08:13:43.565+0000][101][gc,phases   ] GC(56)   Evacuate Collection Set: 5.7ms
[2023-06-15T08:13:43.566+0000][101][gc,phases   ] GC(56)   Post Evacuate Collection Set: 0.8ms
[2023-06-15T08:13:43.566+0000][101][gc,phases   ] GC(56)   Other: 1.0ms
[2023-06-15T08:13:43.567+0000][101][gc,age      ] GC(56) Age table with threshold 15 (max threshold 15)
[2023-06-15T08:13:43.567+0000][101][gc,age      ] GC(56) - age   1:     397040 bytes,     397040 total
[2023-06-15T08:13:43.567+0000][101][gc,age      ] GC(56) - age   2:     571584 bytes,     968624 total
[2023-06-15T08:13:43.568+0000][101][gc,age      ] GC(56) - age   3:      21288 bytes,     989912 total
[2023-06-15T08:13:43.568+0000][101][gc,age      ] GC(56) - age   4:     402232 bytes,    1392144 total
[2023-06-15T08:13:43.569+0000][101][gc,age      ] GC(56) - age   5:       6440 bytes,    1398584 total
[2023-06-15T08:13:43.569+0000][101][gc,age      ] GC(56) - age   6:        168 bytes,    1398752 total
[2023-06-15T08:13:43.569+0000][101][gc,age      ] GC(56) - age   7:      17632 bytes,    1416384 total
[2023-06-15T08:13:43.570+0000][101][gc,age      ] GC(56) - age   8:      10912 bytes,    1427296 total
[2023-06-15T08:13:43.570+0000][101][gc,age      ] GC(56) - age   9:         64 bytes,    1427360 total
[2023-06-15T08:13:43.571+0000][101][gc,age      ] GC(56) - age  10:       9832 bytes,    1437192 total
[2023-06-15T08:13:43.571+0000][101][gc,age      ] GC(56) - age  11:       4592 bytes,    1441784 total
[2023-06-15T08:13:43.572+0000][101][gc,age      ] GC(56) - age  12:      11944 bytes,    1453728 total
[2023-06-15T08:13:43.572+0000][101][gc,age      ] GC(56) - age  13:      21896 bytes,    1475624 total
[2023-06-15T08:13:43.573+0000][101][gc,age      ] GC(56) - age  14:      16840 bytes,    1492464 total
[2023-06-15T08:13:43.573+0000][101][gc,age      ] GC(56) - age  15:        640 bytes,    1493104 total
[2023-06-15T08:13:43.573+0000][101][gc,heap     ] GC(56) Eden regions: 2->0(23)
[2023-06-15T08:13:43.574+0000][101][gc,heap     ] GC(56) Survivor regions: 1->1(1)
[2023-06-15T08:13:43.574+0000][101][gc,heap     ] GC(56) Old regions: 24->24
[2023-06-15T08:13:43.575+0000][101][gc,heap     ] GC(56) Archive regions: 2->2
[2023-06-15T08:13:43.575+0000][101][gc,heap     ] GC(56) Humongous regions: 2->2
[2023-06-15T08:13:43.576+0000][101][gc,metaspace] GC(56) Metaspace: 135064K(139712K)->135064K(139712K) NonClass: 117663K(120000K)->117663K(120000K) Class: 17401K(19712K)->17401K(19712K)
[2023-06-15T08:13:43.576+0000][101][gc          ] GC(56) Pause Young (Mixed) (G1 Evacuation Pause) 116M->107M(256M) 20.507ms
[2023-06-15T08:13:43.577+0000][101][gc,cpu      ] GC(56) User=0.01s Sys=0.00s Real=0.02s
[2023-06-15T08:13:43.577+0000][101][safepoint   ] Safepoint "G1CollectForAllocation", Time since last: 388706463 ns, Reaching safepoint: 117027 ns, At safepoint: 21546244 ns, Total: 21663271 ns
[2023-06-15T08:13:44.579+0000][101][safepoint   ] Safepoint "Cleanup", Time since last: 1001200445 ns, Reaching safepoint: 192390 ns, At safepoint: 13721 ns, Total: 206111 ns
[2023-06-15T08:13:46.107+0000][101][safepoint   ] Safepoint "Cleanup", Time since last: 1528338676 ns, Reaching safepoint: 230812 ns, At safepoint: 10975 ns, Total: 241787 ns
[2023-06-15T08:13:47.113+0000][101][safepoint   ] Safepoint "Cleanup", Time since last: 1004606038 ns, Reaching safepoint: 840421 ns, At safepoint: 48875 ns, Total: 889296 ns
[2023-06-15T08:13:52.120+0000][101][safepoint   ] Safepoint "Cleanup", Time since last: 5007253954 ns, Reaching safepoint: 244189 ns, At safepoint: 6672 ns, Total: 250861 ns
[2023-06-15T08:13:54.101+0000][101][safepoint   ] Safepoint "Cleanup", Time since last: 2001972993 ns, Reaching safepoint: 224710 ns, At safepoint: 89037 ns, Total: 313747 ns
[2023-06-15T08:13:55.103+0000][101][safepoint   ] Safepoint "Cleanup", Time since last: 1001649833 ns, Reaching safepoint: 236918 ns, At safepoint: 11316 ns, Total: 248234 ns
[2023-06-15T08:14:01.109+0000][101][safepoint   ] Safepoint "Cleanup", Time since last: 6005433411 ns, Reaching safepoint: 477014 ns, At safepoint: 301365 ns, Total: 778379 ns
[2023-06-15T08:14:02.113+0000][101][safepoint   ] Safepoint "Cleanup", Time since last: 1003343152 ns, Reaching safepoint: 317665 ns, At safepoint: 10770 ns, Total: 328435 ns
[2023-06-15T08:14:03.116+0000][101][safepoint   ] Safepoint "Cleanup", Time since last: 1003272747 ns, Reaching safepoint: 109351 ns, At safepoint: 3584 ns, Total: 112935 ns
[2023-06-15T08:14:05.119+0000][101][safepoint   ] Safepoint "Cleanup", Time since last: 2001943308 ns, Reaching safepoint: 344133 ns, At safepoint: 11666 ns, Total: 355799 ns
[2023-06-15T08:14:06.122+0000][101][safepoint   ] Safepoint "Cleanup", Time since last: 1003255976 ns, Reaching safepoint: 405188 ns, At safepoint: 4158 ns, Total: 409346 ns
[2023-06-15T08:14:07.125+0000][101][safepoint   ] Safepoint "Cleanup", Time since last: 1002195871 ns, Reaching safepoint: 263602 ns, At safepoint: 10534 ns, Total: 274136 ns
[2023-06-15T08:14:09.127+0000][101][safepoint   ] Safepoint "Cleanup", Time since last: 2002602558 ns, Reaching safepoint: 161389 ns, At safepoint: 6011 ns, Total: 167400 ns
[2023-06-15T08:14:12.132+0000][101][safepoint   ] Safepoint "Cleanup", Time since last: 3004751400 ns, Reaching safepoint: 106781 ns, At safepoint: 5429 ns, Total: 112210 ns
[2023-06-15T08:14:12.347+0000][101][gc,start    ] GC(57) Pause Young (Normal) (G1 Evacuation Pause)
[2023-06-15T08:14:12.347+0000][101][gc,task     ] GC(57) Using 4 workers of 4 for evacuation
[2023-06-15T08:14:12.348+0000][101][gc,age      ] GC(57) Desired survivor size 6291456 bytes, new threshold 15 (max threshold 15)
[2023-06-15T08:14:12.352+0000][101][gc,phases   ] GC(57)   Pre Evacuate Collection Set: 0.1ms
[2023-06-15T08:14:12.352+0000][101][gc,phases   ] GC(57)   Merge Heap Roots: 0.0ms
[2023-06-15T08:14:12.353+0000][101][gc,phases   ] GC(57)   Evacuate Collection Set: 2.5ms
[2023-06-15T08:14:12.353+0000][101][gc,phases   ] GC(57)   Post Evacuate Collection Set: 0.7ms
[2023-06-15T08:14:12.354+0000][101][gc,phases   ] GC(57)   Other: 1.1ms
[2023-06-15T08:14:12.354+0000][101][gc,age      ] GC(57) Age table with threshold 15 (max threshold 15)
[2023-06-15T08:14:12.355+0000][101][gc,age      ] GC(57) - age   1:     730240 bytes,     730240 total
[2023-06-15T08:14:12.355+0000][101][gc,age      ] GC(57) - age   2:      20240 bytes,     750480 total
[2023-06-15T08:14:12.356+0000][101][gc,age      ] GC(57) - age   3:     407760 bytes,    1158240 total
[2023-06-15T08:14:12.356+0000][101][gc,age      ] GC(57) - age   4:       7712 bytes,    1165952 total
[2023-06-15T08:14:12.357+0000][101][gc,age      ] GC(57) - age   5:     401744 bytes,    1567696 total
[2023-06-15T08:14:12.357+0000][101][gc,age      ] GC(57) - age   6:       6440 bytes,    1574136 total
[2023-06-15T08:14:12.357+0000][101][gc,age      ] GC(57) - age   7:        168 bytes,    1574304 total
[2023-06-15T08:14:12.358+0000][101][gc,age      ] GC(57) - age   8:      17632 bytes,    1591936 total
[2023-06-15T08:14:12.358+0000][101][gc,age      ] GC(57) - age   9:      10912 bytes,    1602848 total
[2023-06-15T08:14:12.358+0000][101][gc,age      ] GC(57) - age  10:         64 bytes,    1602912 total
[2023-06-15T08:14:12.359+0000][101][gc,age      ] GC(57) - age  11:       9832 bytes,    1612744 total
[2023-06-15T08:14:12.360+0000][101][gc,age      ] GC(57) - age  12:       4592 bytes,    1617336 total
[2023-06-15T08:14:12.360+0000][101][gc,age      ] GC(57) - age  13:      11944 bytes,    1629280 total
[2023-06-15T08:14:12.361+0000][101][gc,age      ] GC(57) - age  14:      21896 bytes,    1651176 total
[2023-06-15T08:14:12.361+0000][101][gc,age      ] GC(57) - age  15:      16840 bytes,    1668016 total
[2023-06-15T08:14:12.362+0000][101][gc,heap     ] GC(57) Eden regions: 23->0(24)
[2023-06-15T08:14:12.362+0000][101][gc,heap     ] GC(57) Survivor regions: 1->1(3)
[2023-06-15T08:14:12.362+0000][101][gc,heap     ] GC(57) Old regions: 24->24
[2023-06-15T08:14:12.363+0000][101][gc,heap     ] GC(57) Archive regions: 2->2
[2023-06-15T08:14:12.363+0000][101][gc,heap     ] GC(57) Humongous regions: 2->2
[2023-06-15T08:14:12.363+0000][101][gc,metaspace] GC(57) Metaspace: 135207K(139712K)->135207K(139712K) NonClass: 117806K(120000K)->117806K(120000K) Class: 17401K(19712K)->17401K(19712K)
[2023-06-15T08:14:12.364+0000][101][gc          ] GC(57) Pause Young (Normal) (G1 Evacuation Pause) 199M->107M(256M) 17.344ms
[2023-06-15T08:14:12.365+0000][101][gc,cpu      ] GC(57) User=0.01s Sys=0.01s Real=0.02s
[2023-06-15T08:14:12.365+0000][101][safepoint   ] Safepoint "G1CollectForAllocation", Time since last: 214131890 ns, Reaching safepoint: 119046 ns, At safepoint: 18441782 ns, Total: 18560828 ns
[2023-06-15T08:14:13.369+0000][101][safepoint   ] Safepoint "Cleanup", Time since last: 1003169634 ns, Reaching safepoint: 299463 ns, At safepoint: 170850 ns, Total: 470313 ns
[2023-06-15T08:14:15.372+0000][101][safepoint   ] Safepoint "Cleanup", Time since last: 2002500286 ns, Reaching safepoint: 507390 ns, At safepoint: 25544 ns, Total: 532934 ns
[2023-06-15T08:14:16.375+0000][101][safepoint   ] Safepoint "Cleanup", Time since last: 1002331775 ns, Reaching safepoint: 544545 ns, At safepoint: 23967 ns, Total: 568512 ns
[2023-06-15T08:14:18.378+0000][101][safepoint   ] Safepoint "Cleanup", Time since last: 2002630800 ns, Reaching safepoint: 373266 ns, At safepoint: 70743 ns, Total: 444009 ns
[2023-06-15T08:14:19.379+0000][101][safepoint   ] Safepoint "Cleanup", Time since last: 1001214586 ns, Reaching safepoint: 41193 ns, At safepoint: 2893 ns, Total: 44086 ns
[2023-06-15T08:14:21.381+0000][101][safepoint   ] Safepoint "Cleanup", Time since last: 2001650607 ns, Reaching safepoint: 548715 ns, At safepoint: 107125 ns, Total: 655840 ns
[2023-06-15T08:14:24.362+0000][101][safepoint   ] Safepoint "Cleanup", Time since last: 3002972780 ns, Reaching safepoint: 66463 ns, At safepoint: 3353 ns, Total: 69816 ns
[2023-06-15T08:14:25.364+0000][101][safepoint   ] Safepoint "Cleanup", Time since last: 1001811615 ns, Reaching safepoint: 76713 ns, At safepoint: 3984 ns, Total: 80697 ns
[2023-06-15T08:14:27.367+0000][101][safepoint   ] Safepoint "Cleanup", Time since last: 2001823973 ns, Reaching safepoint: 443598 ns, At safepoint: 65327 ns, Total: 508925 ns
[2023-06-15T08:14:30.369+0000][101][safepoint   ] Safepoint "Cleanup", Time since last: 3002702445 ns, Reaching safepoint: 135172 ns, At safepoint: 9610 ns, Total: 144782 ns
[2023-06-15T08:14:31.370+0000][101][safepoint   ] Safepoint "Cleanup", Time since last: 1000839326 ns, Reaching safepoint: 66702 ns, At safepoint: 3093 ns, Total: 69795 ns
[2023-06-15T08:14:32.375+0000][101][safepoint   ] Safepoint "Cleanup", Time since last: 1004987555 ns, Reaching safepoint: 106221 ns, At safepoint: 5567 ns, Total: 111788 ns
[2023-06-15T08:14:33.379+0000][101][safepoint   ] Safepoint "Cleanup", Time since last: 1003050637 ns, Reaching safepoint: 182223 ns, At safepoint: 96396 ns, Total: 278619 ns
[2023-06-15T08:14:34.382+0000][101][safepoint   ] Safepoint "Cleanup", Time since last: 1003057791 ns, Reaching safepoint: 86268 ns, At safepoint: 4600 ns, Total: 90868 ns
[2023-06-15T08:14:36.384+0000][101][safepoint   ] Safepoint "Cleanup", Time since last: 2002404303 ns, Reaching safepoint: 56072 ns, At safepoint: 27174 ns, Total: 83246 ns
[2023-06-15T08:14:37.387+0000][101][safepoint   ] Safepoint "Cleanup", Time since last: 1002009081 ns, Reaching safepoint: 56286 ns, At safepoint: 27702 ns, Total: 83988 ns
[2023-06-15T08:14:39.389+0000][101][safepoint   ] Safepoint "Cleanup", Time since last: 2002811614 ns, Reaching safepoint: 111879 ns, At safepoint: 6308 ns, Total: 118187 ns
[2023-06-15T08:14:42.392+0000][101][safepoint   ] Safepoint "Cleanup", Time since last: 3002825800 ns, Reaching safepoint: 55117 ns, At safepoint: 3329 ns, Total: 58446 ns
[2023-06-15T08:14:42.945+0000][101][gc,start    ] GC(58) Pause Young (Normal) (G1 Evacuation Pause)
[2023-06-15T08:14:42.946+0000][101][gc,task     ] GC(58) Using 4 workers of 4 for evacuation
[2023-06-15T08:14:42.946+0000][101][gc,age      ] GC(58) Desired survivor size 8388608 bytes, new threshold 15 (max threshold 15)
[2023-06-15T08:14:42.951+0000][101][gc,phases   ] GC(58)   Pre Evacuate Collection Set: 0.1ms
[2023-06-15T08:14:42.952+0000][101][gc,phases   ] GC(58)   Merge Heap Roots: 0.0ms
[2023-06-15T08:14:42.953+0000][101][gc,phases   ] GC(58)   Evacuate Collection Set: 3.5ms
[2023-06-15T08:14:42.953+0000][101][gc,phases   ] GC(58)   Post Evacuate Collection Set: 1.0ms
[2023-06-15T08:14:42.954+0000][101][gc,phases   ] GC(58)   Other: 1.0ms
[2023-06-15T08:14:42.954+0000][101][gc,age      ] GC(58) Age table with threshold 15 (max threshold 15)
[2023-06-15T08:14:42.954+0000][101][gc,age      ] GC(58) - age   1:     913480 bytes,     913480 total
[2023-06-15T08:14:42.955+0000][101][gc,age      ] GC(58) - age   2:     179744 bytes,    1093224 total
[2023-06-15T08:14:42.955+0000][101][gc,age      ] GC(58) - age   3:        832 bytes,    1094056 total
[2023-06-15T08:14:42.956+0000][101][gc,age      ] GC(58) - age   4:     279768 bytes,    1373824 total
[2023-06-15T08:14:42.956+0000][101][gc,age      ] GC(58) - age   5:       7224 bytes,    1381048 total
[2023-06-15T08:14:42.956+0000][101][gc,age      ] GC(58) - age   6:     401552 bytes,    1782600 total
[2023-06-15T08:14:42.957+0000][101][gc,age      ] GC(58) - age   7:       6440 bytes,    1789040 total
[2023-06-15T08:14:42.957+0000][101][gc,age      ] GC(58) - age   8:        168 bytes,    1789208 total
[2023-06-15T08:14:42.958+0000][101][gc,age      ] GC(58) - age   9:      17632 bytes,    1806840 total
[2023-06-15T08:14:42.958+0000][101][gc,age      ] GC(58) - age  10:      10912 bytes,    1817752 total
[2023-06-15T08:14:42.959+0000][101][gc,age      ] GC(58) - age  11:         64 bytes,    1817816 total
[2023-06-15T08:14:42.959+0000][101][gc,age      ] GC(58) - age  12:       9832 bytes,    1827648 total
[2023-06-15T08:14:42.960+0000][101][gc,age      ] GC(58) - age  13:       4592 bytes,    1832240 total
[2023-06-15T08:14:42.960+0000][101][gc,age      ] GC(58) - age  14:      11944 bytes,    1844184 total
[2023-06-15T08:14:42.961+0000][101][gc,age      ] GC(58) - age  15:      21896 bytes,    1866080 total
[2023-06-15T08:14:42.961+0000][101][gc,heap     ] GC(58) Eden regions: 24->0(24)
[2023-06-15T08:14:42.962+0000][101][gc,heap     ] GC(58) Survivor regions: 1->1(4)
[2023-06-15T08:14:42.962+0000][101][gc,heap     ] GC(58) Old regions: 24->24
[2023-06-15T08:14:42.962+0000][101][gc,heap     ] GC(58) Archive regions: 2->2
[2023-06-15T08:14:42.963+0000][101][gc,heap     ] GC(58) Humongous regions: 2->2
[2023-06-15T08:14:42.963+0000][101][gc,metaspace] GC(58) Metaspace: 135373K(139712K)->135373K(139712K) NonClass: 117969K(120000K)->117969K(120000K) Class: 17404K(19712K)->17404K(19712K)
[2023-06-15T08:14:42.964+0000][101][gc          ] GC(58) Pause Young (Normal) (G1 Evacuation Pause) 203M->107M(256M) 18.620ms
[2023-06-15T08:14:42.964+0000][101][gc,cpu      ] GC(58) User=0.01s Sys=0.00s Real=0.02s
[2023-06-15T08:14:42.965+0000][101][safepoint   ] Safepoint "G1CollectForAllocation", Time since last: 552550359 ns, Reaching safepoint: 205507 ns, At safepoint: 19442350 ns, Total: 19647857 ns
[2023-06-15T08:14:44.967+0000][101][safepoint   ] Safepoint "Cleanup", Time since last: 2001727509 ns, Reaching safepoint: 323111 ns, At safepoint: 10224 ns, Total: 333335 ns
[2023-06-15T08:14:45.971+0000][101][safepoint   ] Safepoint "Cleanup", Time since last: 1004261976 ns, Reaching safepoint: 466086 ns, At safepoint: 11471 ns, Total: 477557 ns
[2023-06-15T08:14:46.975+0000][101][safepoint   ] Safepoint "Cleanup", Time since last: 1003782614 ns, Reaching safepoint: 290779 ns, At safepoint: 11798 ns, Total: 302577 ns
[2023-06-15T08:14:47.979+0000][101][safepoint   ] Safepoint "Cleanup", Time since last: 1003491105 ns, Reaching safepoint: 546435 ns, At safepoint: 17871 ns, Total: 564306 ns
[2023-06-15T08:14:48.983+0000][101][safepoint   ] Safepoint "Cleanup", Time since last: 1002856834 ns, Reaching safepoint: 217007 ns, At safepoint: 7734 ns, Total: 224741 ns
[2023-06-15T08:14:49.986+0000][101][safepoint   ] Safepoint "Cleanup", Time since last: 1002834798 ns, Reaching safepoint: 413064 ns, At safepoint: 13156 ns, Total: 426220 ns
[2023-06-15T08:14:50.991+0000][101][safepoint   ] Safepoint "Cleanup", Time since last: 1004863543 ns, Reaching safepoint: 354232 ns, At safepoint: 10728 ns, Total: 364960 ns
[2023-06-15T08:14:51.996+0000][101][safepoint   ] Safepoint "Cleanup", Time since last: 1004726630 ns, Reaching safepoint: 461540 ns, At safepoint: 18625 ns, Total: 480165 ns
[2023-06-15T08:14:54.981+0000][101][safepoint   ] Safepoint "Cleanup", Time since last: 3006787796 ns, Reaching safepoint: 422041 ns, At safepoint: 28238 ns, Total: 450279 ns
[2023-06-15T08:14:55.982+0000][101][safepoint   ] Safepoint "Cleanup", Time since last: 1001179685 ns, Reaching safepoint: 131676 ns, At safepoint: 9635 ns, Total: 141311 ns
[2023-06-15T08:14:56.984+0000][101][safepoint   ] Safepoint "Cleanup", Time since last: 1001525389 ns, Reaching safepoint: 457446 ns, At safepoint: 9787 ns, Total: 467233 ns
[2023-06-15T08:14:57.988+0000][101][safepoint   ] Safepoint "Cleanup", Time since last: 1003108703 ns, Reaching safepoint: 342427 ns, At safepoint: 7897 ns, Total: 350324 ns
[2023-06-15T08:15:00.991+0000][101][safepoint   ] Safepoint "Cleanup", Time since last: 3002760617 ns, Reaching safepoint: 182824 ns, At safepoint: 5549 ns, Total: 188373 ns
[2023-06-15T08:15:06.995+0000][101][safepoint   ] Safepoint "Cleanup", Time since last: 6003955866 ns, Reaching safepoint: 93173 ns, At safepoint: 3144 ns, Total: 96317 ns
[2023-06-15T08:15:10.000+0000][101][safepoint   ] Safepoint "Cleanup", Time since last: 3004760856 ns, Reaching safepoint: 112112 ns, At safepoint: 6297 ns, Total: 118409 ns
[2023-06-15T08:15:11.005+0000][101][safepoint   ] Safepoint "Cleanup", Time since last: 1003748115 ns, Reaching safepoint: 979272 ns, At safepoint: 143297 ns, Total: 1122569 ns
[2023-06-15T08:15:12.512+0000][101][gc,start    ] GC(59) Pause Young (Concurrent Start) (G1 Evacuation Pause)
[2023-06-15T08:15:12.513+0000][101][gc,task     ] GC(59) Using 4 workers of 4 for evacuation
[2023-06-15T08:15:12.513+0000][101][gc,age      ] GC(59) Desired survivor size 8388608 bytes, new threshold 15 (max threshold 15)
[2023-06-15T08:15:12.518+0000][101][gc,phases   ] GC(59)   Pre Evacuate Collection Set: 0.3ms
[2023-06-15T08:15:12.518+0000][101][gc,phases   ] GC(59)   Merge Heap Roots: 0.1ms
[2023-06-15T08:15:12.519+0000][101][gc,phases   ] GC(59)   Evacuate Collection Set: 2.6ms
[2023-06-15T08:15:12.519+0000][101][gc,phases   ] GC(59)   Post Evacuate Collection Set: 0.7ms
[2023-06-15T08:15:12.520+0000][101][gc,phases   ] GC(59)   Other: 1.1ms
[2023-06-15T08:15:12.520+0000][101][gc,age      ] GC(59) Age table with threshold 15 (max threshold 15)
[2023-06-15T08:15:12.521+0000][101][gc,age      ] GC(59) - age   1:    1365816 bytes,    1365816 total
[2023-06-15T08:15:12.521+0000][101][gc,age      ] GC(59) - age   2:       9464 bytes,    1375280 total
[2023-06-15T08:15:12.522+0000][101][gc,age      ] GC(59) - age   3:     179552 bytes,    1554832 total
[2023-06-15T08:15:12.522+0000][101][gc,age      ] GC(59) - age   4:        832 bytes,    1555664 total
[2023-06-15T08:15:12.522+0000][101][gc,age      ] GC(59) - age   5:     279240 bytes,    1834904 total
[2023-06-15T08:15:12.523+0000][101][gc,age      ] GC(59) - age   6:       7160 bytes,    1842064 total
[2023-06-15T08:15:12.524+0000][101][gc,age      ] GC(59) - age   7:     401488 bytes,    2243552 total
[2023-06-15T08:15:12.524+0000][101][gc,age      ] GC(59) - age   8:       6440 bytes,    2249992 total
[2023-06-15T08:15:12.524+0000][101][gc,age      ] GC(59) - age   9:        168 bytes,    2250160 total
[2023-06-15T08:15:12.525+0000][101][gc,age      ] GC(59) - age  10:      17632 bytes,    2267792 total
[2023-06-15T08:15:12.525+0000][101][gc,age      ] GC(59) - age  11:      10912 bytes,    2278704 total
[2023-06-15T08:15:12.526+0000][101][gc,age      ] GC(59) - age  12:         64 bytes,    2278768 total
[2023-06-15T08:15:12.526+0000][101][gc,age      ] GC(59) - age  13:       9832 bytes,    2288600 total
[2023-06-15T08:15:12.526+0000][101][gc,age      ] GC(59) - age  14:       4592 bytes,    2293192 total
[2023-06-15T08:15:12.527+0000][101][gc,age      ] GC(59) - age  15:      11944 bytes,    2305136 total
[2023-06-15T08:15:12.527+0000][101][gc,heap     ] GC(59) Eden regions: 24->0(24)
[2023-06-15T08:15:12.528+0000][101][gc,heap     ] GC(59) Survivor regions: 1->1(4)
[2023-06-15T08:15:12.528+0000][101][gc,heap     ] GC(59) Old regions: 24->24
[2023-06-15T08:15:12.529+0000][101][gc,heap     ] GC(59) Archive regions: 2->2
[2023-06-15T08:15:12.529+0000][101][gc,heap     ] GC(59) Humongous regions: 2->2
[2023-06-15T08:15:12.530+0000][101][gc,metaspace] GC(59) Metaspace: 135455K(139712K)->135455K(139712K) NonClass: 118051K(120000K)->118051K(120000K) Class: 17404K(19712K)->17404K(19712K)
[2023-06-15T08:15:12.530+0000][101][gc          ] GC(59) Pause Young (Concurrent Start) (G1 Evacuation Pause) 203M->108M(256M) 18.071ms
[2023-06-15T08:15:12.531+0000][101][gc          ] GC(60) Concurrent Mark Cycle
[2023-06-15T08:15:12.531+0000][101][gc,marking  ] GC(60) Concurrent Clear Claimed Marks
[2023-06-15T08:15:12.531+0000][101][gc,cpu      ] GC(59) User=0.01s Sys=0.00s Real=0.02s
[2023-06-15T08:15:12.532+0000][101][gc,marking  ] GC(60) Concurrent Clear Claimed Marks 0.701ms
[2023-06-15T08:15:12.533+0000][101][gc,marking  ] GC(60) Concurrent Scan Root Regions
[2023-06-15T08:15:12.532+0000][101][safepoint   ] Safepoint "G1CollectForAllocation", Time since last: 1507384997 ns, Reaching safepoint: 143040 ns, At safepoint: 20229142 ns, Total: 20372182 ns
[2023-06-15T08:15:12.536+0000][101][gc,marking  ] GC(60) Concurrent Scan Root Regions 2.807ms
[2023-06-15T08:15:12.536+0000][101][gc,marking  ] GC(60) Concurrent Mark
[2023-06-15T08:15:12.537+0000][101][gc,marking  ] GC(60) Concurrent Mark From Roots
[2023-06-15T08:15:12.538+0000][101][gc,task     ] GC(60) Using 1 workers of 1 for marking
[2023-06-15T08:15:12.651+0000][101][gc,marking  ] GC(60) Concurrent Mark From Roots 114.553ms
[2023-06-15T08:15:12.652+0000][101][gc,marking  ] GC(60) Concurrent Preclean
[2023-06-15T08:15:12.654+0000][101][gc,marking  ] GC(60) Concurrent Preclean 1.196ms
[2023-06-15T08:15:12.655+0000][101][gc,start    ] GC(60) Pause Remark
[2023-06-15T08:15:12.672+0000][101][gc          ] GC(60) Pause Remark 111M->111M(256M) 17.201ms
[2023-06-15T08:15:12.673+0000][101][gc,cpu      ] GC(60) User=0.03s Sys=0.01s Real=0.01s
[2023-06-15T08:15:12.674+0000][101][safepoint   ] Safepoint "G1PauseRemark", Time since last: 122113248 ns, Reaching safepoint: 81543 ns, At safepoint: 19629675 ns, Total: 19711218 ns
[2023-06-15T08:15:12.675+0000][101][gc,marking  ] GC(60) Concurrent Mark 138.858ms
[2023-06-15T08:15:12.676+0000][101][gc,marking  ] GC(60) Concurrent Rebuild Remembered Sets
[2023-06-15T08:15:12.737+0000][101][gc,marking  ] GC(60) Concurrent Rebuild Remembered Sets 61.333ms
[2023-06-15T08:15:12.739+0000][101][gc,start    ] GC(60) Pause Cleanup
[2023-06-15T08:15:12.740+0000][101][gc          ] GC(60) Pause Cleanup 111M->111M(256M) 0.717ms
[2023-06-15T08:15:12.740+0000][101][gc,cpu      ] GC(60) User=0.00s Sys=0.00s Real=0.00s
[2023-06-15T08:15:12.741+0000][101][safepoint   ] Safepoint "G1PauseCleanup", Time since last: 64531764 ns, Reaching safepoint: 311756 ns, At safepoint: 2111055 ns, Total: 2422811 ns
[2023-06-15T08:15:12.743+0000][101][gc,marking  ] GC(60) Concurrent Cleanup for Next Mark
[2023-06-15T08:15:12.744+0000][101][gc,marking  ] GC(60) Concurrent Cleanup for Next Mark 1.286ms
[2023-06-15T08:15:12.745+0000][101][gc          ] GC(60) Concurrent Mark Cycle 213.953ms
[2023-06-15T08:15:13.743+0000][101][safepoint   ] Safepoint "Cleanup", Time since last: 1001617557 ns, Reaching safepoint: 231665 ns, At safepoint: 40499 ns, Total: 272164 ns
[2023-06-15T08:15:18.748+0000][101][safepoint   ] Safepoint "Cleanup", Time since last: 5004371525 ns, Reaching safepoint: 247753 ns, At safepoint: 61646 ns, Total: 309399 ns
[2023-06-15T08:15:19.750+0000][101][safepoint   ] Safepoint "Cleanup", Time since last: 1001423378 ns, Reaching safepoint: 356200 ns, At safepoint: 11311 ns, Total: 367511 ns
[2023-06-15T08:15:21.759+0000][101][safepoint   ] Safepoint "Cleanup", Time since last: 2009555020 ns, Reaching safepoint: 233280 ns, At safepoint: 12445 ns, Total: 245725 ns
[2023-06-15T08:15:24.745+0000][101][safepoint   ] Safepoint "Cleanup", Time since last: 3006029016 ns, Reaching safepoint: 485385 ns, At safepoint: 19015 ns, Total: 504400 ns
[2023-06-15T08:15:27.749+0000][101][safepoint   ] Safepoint "Cleanup", Time since last: 3004089330 ns, Reaching safepoint: 177627 ns, At safepoint: 10988 ns, Total: 188615 ns
[2023-06-15T08:15:28.752+0000][101][safepoint   ] Safepoint "Cleanup", Time since last: 1002761215 ns, Reaching safepoint: 353294 ns, At safepoint: 6817 ns, Total: 360111 ns
[2023-06-15T08:15:30.756+0000][101][safepoint   ] Safepoint "Cleanup", Time since last: 2002552678 ns, Reaching safepoint: 1580977 ns, At safepoint: 29763 ns, Total: 1610740 ns
[2023-06-15T08:15:31.759+0000][101][safepoint   ] Safepoint "Cleanup", Time since last: 1002676967 ns, Reaching safepoint: 99495 ns, At safepoint: 3601 ns, Total: 103096 ns
[2023-06-15T08:15:33.761+0000][101][safepoint   ] Safepoint "Cleanup", Time since last: 2001543160 ns, Reaching safepoint: 140079 ns, At safepoint: 4516 ns, Total: 144595 ns
[2023-06-15T08:15:36.763+0000][101][safepoint   ] Safepoint "Cleanup", Time since last: 3002006210 ns, Reaching safepoint: 78163 ns, At safepoint: 4615 ns, Total: 82778 ns
[2023-06-15T08:15:40.767+0000][101][safepoint   ] Safepoint "Cleanup", Time since last: 4004282092 ns, Reaching safepoint: 204594 ns, At safepoint: 18503 ns, Total: 223097 ns
[2023-06-15T08:15:43.324+0000][101][gc,start    ] GC(61) Pause Young (Prepare Mixed) (G1 Evacuation Pause)
[2023-06-15T08:15:43.325+0000][101][gc,task     ] GC(61) Using 4 workers of 4 for evacuation
[2023-06-15T08:15:43.326+0000][101][gc,age      ] GC(61) Desired survivor size 8388608 bytes, new threshold 15 (max threshold 15)
[2023-06-15T08:15:43.332+0000][101][gc,phases   ] GC(61)   Pre Evacuate Collection Set: 0.1ms
[2023-06-15T08:15:43.333+0000][101][gc,phases   ] GC(61)   Merge Heap Roots: 0.1ms
[2023-06-15T08:15:43.334+0000][101][gc,phases   ] GC(61)   Evacuate Collection Set: 3.7ms
[2023-06-15T08:15:43.335+0000][101][gc,phases   ] GC(61)   Post Evacuate Collection Set: 1.3ms
[2023-06-15T08:15:43.335+0000][101][gc,phases   ] GC(61)   Other: 2.3ms
[2023-06-15T08:15:43.336+0000][101][gc,age      ] GC(61) Age table with threshold 15 (max threshold 15)
[2023-06-15T08:15:43.337+0000][101][gc,age      ] GC(61) - age   1:    1318072 bytes,    1318072 total
[2023-06-15T08:15:43.338+0000][101][gc,age      ] GC(61) - age   2:       8712 bytes,    1326784 total
[2023-06-15T08:15:43.339+0000][101][gc,age      ] GC(61) - age   3:       6056 bytes,    1332840 total
[2023-06-15T08:15:43.339+0000][101][gc,age      ] GC(61) - age   4:     179272 bytes,    1512112 total
[2023-06-15T08:15:43.340+0000][101][gc,age      ] GC(61) - age   5:        536 bytes,    1512648 total
[2023-06-15T08:15:43.340+0000][101][gc,age      ] GC(61) - age   6:     279000 bytes,    1791648 total
[2023-06-15T08:15:43.341+0000][101][gc,age      ] GC(61) - age   7:       7096 bytes,    1798744 total
[2023-06-15T08:15:43.342+0000][101][gc,age      ] GC(61) - age   8:     400728 bytes,    2199472 total
[2023-06-15T08:15:43.344+0000][101][gc,age      ] GC(61) - age   9:       6440 bytes,    2205912 total
[2023-06-15T08:15:43.345+0000][101][gc,age      ] GC(61) - age  10:        168 bytes,    2206080 total
[2023-06-15T08:15:43.345+0000][101][gc,age      ] GC(61) - age  11:      17448 bytes,    2223528 total
[2023-06-15T08:15:43.346+0000][101][gc,age      ] GC(61) - age  12:      10912 bytes,    2234440 total
[2023-06-15T08:15:43.347+0000][101][gc,age      ] GC(61) - age  13:         64 bytes,    2234504 total
[2023-06-15T08:15:43.347+0000][101][gc,age      ] GC(61) - age  14:       9832 bytes,    2244336 total
[2023-06-15T08:15:43.348+0000][101][gc,age      ] GC(61) - age  15:       4592 bytes,    2248928 total
[2023-06-15T08:15:43.349+0000][101][gc,heap     ] GC(61) Eden regions: 24->0(2)
[2023-06-15T08:15:43.350+0000][101][gc,heap     ] GC(61) Survivor regions: 1->1(4)
[2023-06-15T08:15:43.350+0000][101][gc,heap     ] GC(61) Old regions: 24->24
[2023-06-15T08:15:43.351+0000][101][gc,heap     ] GC(61) Archive regions: 2->2
[2023-06-15T08:15:43.352+0000][101][gc,heap     ] GC(61) Humongous regions: 2->2
[2023-06-15T08:15:43.353+0000][101][gc,metaspace] GC(61) Metaspace: 135532K(139776K)->135532K(139776K) NonClass: 118127K(120064K)->118127K(120064K) Class: 17404K(19712K)->17404K(19712K)
[2023-06-15T08:15:43.354+0000][101][gc          ] GC(61) Pause Young (Prepare Mixed) (G1 Evacuation Pause) 204M->108M(256M) 29.868ms
[2023-06-15T08:15:43.354+0000][101][gc,cpu      ] GC(61) User=0.01s Sys=0.00s Real=0.03s
[2023-06-15T08:15:43.355+0000][101][safepoint   ] Safepoint "G1CollectForAllocation", Time since last: 2556223279 ns, Reaching safepoint: 97376 ns, At safepoint: 31613102 ns, Total: 31710478 ns
[2023-06-15T08:15:43.516+0000][101][gc,start    ] GC(62) Pause Young (Mixed) (G1 Evacuation Pause)
[2023-06-15T08:15:43.517+0000][101][gc,task     ] GC(62) Using 4 workers of 4 for evacuation
[2023-06-15T08:15:43.517+0000][101][gc,age      ] GC(62) Desired survivor size 2097152 bytes, new threshold 8 (max threshold 15)
[2023-06-15T08:15:43.527+0000][101][gc,phases   ] GC(62)   Pre Evacuate Collection Set: 0.1ms
[2023-06-15T08:15:43.528+0000][101][gc,phases   ] GC(62)   Merge Heap Roots: 0.3ms
[2023-06-15T08:15:43.529+0000][101][gc,phases   ] GC(62)   Evacuate Collection Set: 7.9ms
[2023-06-15T08:15:43.530+0000][101][gc,phases   ] GC(62)   Post Evacuate Collection Set: 0.9ms
[2023-06-15T08:15:43.530+0000][101][gc,phases   ] GC(62)   Other: 0.9ms
[2023-06-15T08:15:43.531+0000][101][gc,age      ] GC(62) Age table with threshold 8 (max threshold 15)
[2023-06-15T08:15:43.532+0000][101][gc,age      ] GC(62) - age   1:     431288 bytes,     431288 total
[2023-06-15T08:15:43.533+0000][101][gc,age      ] GC(62) - age   2:    1139288 bytes,    1570576 total
[2023-06-15T08:15:43.534+0000][101][gc,age      ] GC(62) - age   3:       8712 bytes,    1579288 total
[2023-06-15T08:15:43.535+0000][101][gc,age      ] GC(62) - age   4:       6056 bytes,    1585344 total
[2023-06-15T08:15:43.536+0000][101][gc,age      ] GC(62) - age   5:     179272 bytes,    1764616 total
[2023-06-15T08:15:43.537+0000][101][gc,age      ] GC(62) - age   6:        536 bytes,    1765152 total
[2023-06-15T08:15:43.538+0000][101][gc,age      ] GC(62) - age   7:     279000 bytes,    2044152 total
[2023-06-15T08:15:43.540+0000][101][gc,age      ] GC(62) - age   8:       7096 bytes,    2051248 total
[2023-06-15T08:15:43.541+0000][101][gc,heap     ] GC(62) Eden regions: 2->0(24)
[2023-06-15T08:15:43.542+0000][101][gc,heap     ] GC(62) Survivor regions: 1->1(1)
[2023-06-15T08:15:43.542+0000][101][gc,heap     ] GC(62) Old regions: 24->24
[2023-06-15T08:15:43.543+0000][101][gc,heap     ] GC(62) Archive regions: 2->2
[2023-06-15T08:15:43.544+0000][101][gc,heap     ] GC(62) Humongous regions: 2->2
[2023-06-15T08:15:43.545+0000][101][gc,metaspace] GC(62) Metaspace: 135538K(139776K)->135538K(139776K) NonClass: 118134K(120064K)->118134K(120064K) Class: 17404K(19712K)->17404K(19712K)
[2023-06-15T08:15:43.546+0000][101][gc          ] GC(62) Pause Young (Mixed) (G1 Evacuation Pause) 116M->107M(256M) 29.710ms
[2023-06-15T08:15:43.547+0000][101][gc,cpu      ] GC(62) User=0.02s Sys=0.00s Real=0.03s
[2023-06-15T08:15:43.548+0000][101][safepoint   ] Safepoint "G1CollectForAllocation", Time since last: 161096327 ns, Reaching safepoint: 108076 ns, At safepoint: 31492714 ns, Total: 31600790 ns
[2023-06-15T08:15:44.549+0000][101][safepoint   ] Safepoint "Cleanup", Time since last: 1001250067 ns, Reaching safepoint: 167090 ns, At safepoint: 4832 ns, Total: 171922 ns
[2023-06-15T08:15:46.553+0000][101][safepoint   ] Safepoint "Cleanup", Time since last: 2003099542 ns, Reaching safepoint: 112888 ns, At safepoint: 4973 ns, Total: 117861 ns
[2023-06-15T08:15:52.561+0000][101][safepoint   ] Safepoint "Cleanup", Time since last: 6007623926 ns, Reaching safepoint: 472436 ns, At safepoint: 60675 ns, Total: 533111 ns
[2023-06-15T08:15:54.542+0000][101][safepoint   ] Safepoint "Cleanup", Time since last: 2003015605 ns, Reaching safepoint: 269242 ns, At safepoint: 18308 ns, Total: 287550 ns
[2023-06-15T08:15:57.547+0000][101][safepoint   ] Safepoint "Cleanup", Time since last: 3004492134 ns, Reaching safepoint: 498585 ns, At safepoint: 28575 ns, Total: 527160 ns
[2023-06-15T08:15:59.552+0000][101][safepoint   ] Safepoint "Cleanup", Time since last: 2004479222 ns, Reaching safepoint: 580489 ns, At safepoint: 39426 ns, Total: 619915 ns
[2023-06-15T08:16:00.556+0000][101][safepoint   ] Safepoint "Cleanup", Time since last: 1003372439 ns, Reaching safepoint: 319059 ns, At safepoint: 34796 ns, Total: 353855 ns
[2023-06-15T08:16:01.557+0000][101][safepoint   ] Safepoint "Cleanup", Time since last: 1000946122 ns, Reaching safepoint: 345874 ns, At safepoint: 11099 ns, Total: 356973 ns
[2023-06-15T08:16:03.565+0000][101][safepoint   ] Safepoint "Cleanup", Time since last: 2007581260 ns, Reaching safepoint: 305434 ns, At safepoint: 37472 ns, Total: 342906 ns
[2023-06-15T08:16:06.568+0000][101][safepoint   ] Safepoint "Cleanup", Time since last: 3003113702 ns, Reaching safepoint: 126504 ns, At safepoint: 3547 ns, Total: 130051 ns
[2023-06-15T08:16:11.574+0000][101][safepoint   ] Safepoint "Cleanup", Time since last: 5005455197 ns, Reaching safepoint: 198683 ns, At safepoint: 7872 ns, Total: 206555 ns
[2023-06-15T08:16:12.575+0000][101][safepoint   ] Safepoint "Cleanup", Time since last: 1001486196 ns, Reaching safepoint: 190575 ns, At safepoint: 10913 ns, Total: 201488 ns
[2023-06-15T08:16:13.021+0000][101][gc,start    ] GC(63) Pause Young (Normal) (G1 Evacuation Pause)
[2023-06-15T08:16:13.023+0000][101][gc,task     ] GC(63) Using 4 workers of 4 for evacuation
[2023-06-15T08:16:13.024+0000][101][gc,age      ] GC(63) Desired survivor size 8388608 bytes, new threshold 15 (max threshold 15)
[2023-06-15T08:16:13.028+0000][101][gc,phases   ] GC(63)   Pre Evacuate Collection Set: 0.2ms
[2023-06-15T08:16:13.028+0000][101][gc,phases   ] GC(63)   Merge Heap Roots: 0.1ms
[2023-06-15T08:16:13.029+0000][101][gc,phases   ] GC(63)   Evacuate Collection Set: 1.6ms
[2023-06-15T08:16:13.029+0000][101][gc,phases   ] GC(63)   Post Evacuate Collection Set: 1.0ms
[2023-06-15T08:16:13.030+0000][101][gc,phases   ] GC(63)   Other: 1.5ms
[2023-06-15T08:16:13.030+0000][101][gc,age      ] GC(63) Age table with threshold 15 (max threshold 15)
[2023-06-15T08:16:13.031+0000][101][gc,age      ] GC(63) - age   1:     917136 bytes,     917136 total
[2023-06-15T08:16:13.031+0000][101][gc,age      ] GC(63) - age   2:       1104 bytes,     918240 total
[2023-06-15T08:16:13.032+0000][101][gc,age      ] GC(63) - age   3:     124352 bytes,    1042592 total
[2023-06-15T08:16:13.032+0000][101][gc,age      ] GC(63) - age   4:       7824 bytes,    1050416 total
[2023-06-15T08:16:13.033+0000][101][gc,age      ] GC(63) - age   5:       5992 bytes,    1056408 total
[2023-06-15T08:16:13.033+0000][101][gc,age      ] GC(63) - age   6:      49792 bytes,    1106200 total
[2023-06-15T08:16:13.034+0000][101][gc,age      ] GC(63) - age   7:        536 bytes,    1106736 total
[2023-06-15T08:16:13.034+0000][101][gc,age      ] GC(63) - age   8:     278704 bytes,    1385440 total
[2023-06-15T08:16:13.035+0000][101][gc,age      ] GC(63) - age   9:       7096 bytes,    1392536 total
[2023-06-15T08:16:13.035+0000][101][gc,heap     ] GC(63) Eden regions: 24->0(24)
[2023-06-15T08:16:13.036+0000][101][gc,heap     ] GC(63) Survivor regions: 1->1(4)
[2023-06-15T08:16:13.036+0000][101][gc,heap     ] GC(63) Old regions: 24->24
[2023-06-15T08:16:13.037+0000][101][gc,heap     ] GC(63) Archive regions: 2->2
[2023-06-15T08:16:13.037+0000][101][gc,heap     ] GC(63) Humongous regions: 2->2
[2023-06-15T08:16:13.038+0000][101][gc,metaspace] GC(63) Metaspace: 135600K(139776K)->135600K(139776K) NonClass: 118195K(120064K)->118195K(120064K) Class: 17404K(19712K)->17404K(19712K)
[2023-06-15T08:16:13.038+0000][101][gc          ] GC(63) Pause Young (Normal) (G1 Evacuation Pause) 203M->107M(256M) 17.135ms
[2023-06-15T08:16:13.039+0000][101][gc,cpu      ] GC(63) User=0.01s Sys=0.00s Real=0.01s
[2023-06-15T08:16:13.039+0000][101][safepoint   ] Safepoint "G1CollectForAllocation", Time since last: 445343961 ns, Reaching safepoint: 528528 ns, At safepoint: 18248578 ns, Total: 18777106 ns
[2023-06-15T08:16:16.043+0000][101][safepoint   ] Safepoint "Cleanup", Time since last: 3002590011 ns, Reaching safepoint: 901085 ns, At safepoint: 415507 ns, Total: 1316592 ns
[2023-06-15T08:16:19.048+0000][101][safepoint   ] Safepoint "Cleanup", Time since last: 3003018024 ns, Reaching safepoint: 881547 ns, At safepoint: 401598 ns, Total: 1283145 ns
[2023-06-15T08:16:20.055+0000][101][safepoint   ] Safepoint "Cleanup", Time since last: 1006856412 ns, Reaching safepoint: 159689 ns, At safepoint: 4988 ns, Total: 164677 ns
[2023-06-15T08:16:22.058+0000][101][safepoint   ] Safepoint "Cleanup", Time since last: 2003054465 ns, Reaching safepoint: 351547 ns, At safepoint: 31060 ns, Total: 382607 ns
[2023-06-15T08:16:25.040+0000][101][safepoint   ] Safepoint "Cleanup", Time since last: 3002394206 ns, Reaching safepoint: 1741106 ns, At safepoint: 173566 ns, Total: 1914672 ns
[2023-06-15T08:16:27.044+0000][101][safepoint   ] Safepoint "Cleanup", Time since last: 2003244050 ns, Reaching safepoint: 180852 ns, At safepoint: 7378 ns, Total: 188230 ns
[2023-06-15T08:16:31.048+0000][101][safepoint   ] Safepoint "Cleanup", Time since last: 4003885992 ns, Reaching safepoint: 243681 ns, At safepoint: 19681 ns, Total: 263362 ns
[2023-06-15T08:16:36.051+0000][101][safepoint   ] Safepoint "Cleanup", Time since last: 5003082828 ns, Reaching safepoint: 83866 ns, At safepoint: 3296 ns, Total: 87162 ns
[2023-06-15T08:16:37.056+0000][101][safepoint   ] Safepoint "Cleanup", Time since last: 1004539422 ns, Reaching safepoint: 319437 ns, At safepoint: 8050 ns, Total: 327487 ns
[2023-06-15T08:16:38.336+0000][101][gc,heap,exit] Heap
[2023-06-15T08:16:38.337+0000][101][gc,heap,exit]  garbage-first heap   total 262144K, used 177699K [0x00000000f0000000, 0x0000000100000000)
[2023-06-15T08:16:38.339+0000][101][gc,heap,exit]   region size 4096K, 18 young (73728K), 1 survivors (4096K)
[2023-06-15T08:16:38.339+0000][101][gc,heap,exit]  Metaspace       used 136616K, committed 140160K, reserved 1179648K
[2023-06-15T08:16:38.340+0000][101][gc,heap,exit]   class space    used 17579K, committed 19712K, reserved 1048576K
