[2023-06-15T08:50:47.729+0000][72][gc,init] CardTable entry size: 512
[2023-06-15T08:50:47.734+0000][72][gc     ] Using G1
[2023-06-15T08:50:47.827+0000][72][gc,init] Version: 19.0.1+10-21 (release)
[2023-06-15T08:50:47.829+0000][72][gc,init] CPUs: 4 total, 4 available
[2023-06-15T08:50:47.830+0000][72][gc,init] Memory: 7860M
[2023-06-15T08:50:47.832+0000][72][gc,init] Large Page Support: Disabled
[2023-06-15T08:50:47.833+0000][72][gc,init] NUMA Support: Disabled
[2023-06-15T08:50:47.853+0000][72][gc,init] Compressed Oops: Enabled (32-bit)
[2023-06-15T08:50:47.855+0000][72][gc,init] Heap Region Size: 4M
[2023-06-15T08:50:47.865+0000][72][gc,init] Heap Min Capacity: 256M
[2023-06-15T08:50:47.866+0000][72][gc,init] Heap Initial Capacity: 256M
[2023-06-15T08:50:47.868+0000][72][gc,init] Heap Max Capacity: 256M
[2023-06-15T08:50:47.869+0000][72][gc,init] Pre-touch: Enabled
[2023-06-15T08:50:47.870+0000][72][gc,init] Parallel Workers: 4
[2023-06-15T08:50:47.871+0000][72][gc,init] Concurrent Workers: 1
[2023-06-15T08:50:47.872+0000][72][gc,init] Concurrent Refinement Workers: 4
[2023-06-15T08:50:47.873+0000][72][gc,init] Periodic GC: Disabled
[2023-06-15T08:50:47.875+0000][72][gc,metaspace] CDS archive(s) mapped at: [0x0000000800000000-0x0000000800c4f000-0x0000000800c4f000), size 12906496, SharedBaseAddress: 0x0000000800000000, ArchiveRelocationMode: 0.
[2023-06-15T08:50:47.876+0000][72][gc,metaspace] Compressed class space mapped at: 0x0000000801000000-0x0000000841000000, reserved size: 1073741824
[2023-06-15T08:50:47.876+0000][72][gc,metaspace] Narrow klass base: 0x0000000800000000, Narrow klass shift: 0, Narrow klass range: 0x100000000
[2023-06-15T08:50:48.160+0000][72][gc,start    ] GC(0) Pause Young (Normal) (G1 Evacuation Pause)
[2023-06-15T08:50:48.166+0000][72][gc,task     ] GC(0) Using 4 workers of 4 for evacuation
[2023-06-15T08:50:48.168+0000][72][gc,age      ] GC(0) Desired survivor size 2097152 bytes, new threshold 15 (max threshold 15)
[2023-06-15T08:50:48.174+0000][72][gc,phases   ] GC(0)   Pre Evacuate Collection Set: 0.3ms
[2023-06-15T08:50:48.176+0000][72][gc,phases   ] GC(0)   Merge Heap Roots: 1.1ms
[2023-06-15T08:50:48.177+0000][72][gc,phases   ] GC(0)   Evacuate Collection Set: 2.6ms
[2023-06-15T08:50:48.178+0000][72][gc,phases   ] GC(0)   Post Evacuate Collection Set: 0.8ms
[2023-06-15T08:50:48.179+0000][72][gc,phases   ] GC(0)   Other: 3.6ms
[2023-06-15T08:50:48.181+0000][72][gc,age      ] GC(0) Age table with threshold 15 (max threshold 15)
[2023-06-15T08:50:48.182+0000][72][gc,age      ] GC(0) - age   1:     812800 bytes,     812800 total
[2023-06-15T08:50:48.183+0000][72][gc,heap     ] GC(0) Eden regions: 3->0(11)
[2023-06-15T08:50:48.183+0000][72][gc,heap     ] GC(0) Survivor regions: 0->1(1)
[2023-06-15T08:50:48.185+0000][72][gc,heap     ] GC(0) Old regions: 0->0
[2023-06-15T08:50:48.185+0000][72][gc,heap     ] GC(0) Archive regions: 2->2
[2023-06-15T08:50:48.187+0000][72][gc,heap     ] GC(0) Humongous regions: 0->0
[2023-06-15T08:50:48.188+0000][72][gc,metaspace] GC(0) Metaspace: 590K(768K)->590K(768K) NonClass: 550K(640K)->550K(640K) Class: 39K(128K)->39K(128K)
[2023-06-15T08:50:48.189+0000][72][gc          ] GC(0) Pause Young (Normal) (G1 Evacuation Pause) 15M->4M(256M) 29.324ms
[2023-06-15T08:50:48.190+0000][72][gc,cpu      ] GC(0) User=0.01s Sys=0.00s Real=0.03s
[2023-06-15T08:50:48.191+0000][72][safepoint   ] Safepoint "G1CollectForAllocation", Time since last: 275817760 ns, Reaching safepoint: 68772 ns, At safepoint: 31039702 ns, Total: 31108474 ns
[2023-06-15T08:50:49.184+0000][72][safepoint   ] Safepoint "ICBufferFull", Time since last: 992636149 ns, Reaching safepoint: 234506 ns, At safepoint: 3824 ns, Total: 238330 ns
[2023-06-15T08:50:49.718+0000][72][gc,start    ] GC(1) Pause Young (Normal) (G1 Evacuation Pause)
[2023-06-15T08:50:49.719+0000][72][gc,task     ] GC(1) Using 4 workers of 4 for evacuation
[2023-06-15T08:50:49.719+0000][72][gc,age      ] GC(1) Desired survivor size 4194304 bytes, new threshold 15 (max threshold 15)
[2023-06-15T08:50:49.727+0000][72][gc,phases   ] GC(1)   Pre Evacuate Collection Set: 0.2ms
[2023-06-15T08:50:49.728+0000][72][gc,phases   ] GC(1)   Merge Heap Roots: 0.0ms
[2023-06-15T08:50:49.729+0000][72][gc,phases   ] GC(1)   Evacuate Collection Set: 5.6ms
[2023-06-15T08:50:49.729+0000][72][gc,phases   ] GC(1)   Post Evacuate Collection Set: 1.0ms
[2023-06-15T08:50:49.730+0000][72][gc,phases   ] GC(1)   Other: 1.5ms
[2023-06-15T08:50:49.730+0000][72][gc,age      ] GC(1) Age table with threshold 15 (max threshold 15)
[2023-06-15T08:50:49.731+0000][72][gc,age      ] GC(1) - age   1:    5489800 bytes,    5489800 total
[2023-06-15T08:50:49.731+0000][72][gc,age      ] GC(1) - age   2:     405552 bytes,    5895352 total
[2023-06-15T08:50:49.733+0000][72][gc,heap     ] GC(1) Eden regions: 11->0(36)
[2023-06-15T08:50:49.733+0000][72][gc,heap     ] GC(1) Survivor regions: 1->2(2)
[2023-06-15T08:50:49.734+0000][72][gc,heap     ] GC(1) Old regions: 0->0
[2023-06-15T08:50:49.735+0000][72][gc,heap     ] GC(1) Archive regions: 2->2
[2023-06-15T08:50:49.736+0000][72][gc,heap     ] GC(1) Humongous regions: 0->0
[2023-06-15T08:50:49.737+0000][72][gc,metaspace] GC(1) Metaspace: 10074K(10368K)->10074K(10368K) NonClass: 8864K(9024K)->8864K(9024K) Class: 1209K(1344K)->1209K(1344K)
[2023-06-15T08:50:49.738+0000][72][gc          ] GC(1) Pause Young (Normal) (G1 Evacuation Pause) 48M->9M(256M) 19.865ms
[2023-06-15T08:50:49.739+0000][72][gc,cpu      ] GC(1) User=0.02s Sys=0.00s Real=0.02s
[2023-06-15T08:50:49.739+0000][72][safepoint   ] Safepoint "G1CollectForAllocation", Time since last: 533317848 ns, Reaching safepoint: 308282 ns, At safepoint: 21680562 ns, Total: 21988844 ns
[2023-06-15T08:50:50.453+0000][72][safepoint   ] Safepoint "ICBufferFull", Time since last: 713681408 ns, Reaching safepoint: 248397 ns, At safepoint: 30922 ns, Total: 279319 ns
[2023-06-15T08:50:51.310+0000][72][safepoint   ] Safepoint "ICBufferFull", Time since last: 856324269 ns, Reaching safepoint: 368368 ns, At safepoint: 28809 ns, Total: 397177 ns
[2023-06-15T08:50:51.785+0000][72][safepoint   ] Safepoint "ICBufferFull", Time since last: 474688778 ns, Reaching safepoint: 127198 ns, At safepoint: 28394 ns, Total: 155592 ns
[2023-06-15T08:50:52.343+0000][72][gc,start    ] GC(2) Pause Young (Normal) (G1 Evacuation Pause)
[2023-06-15T08:50:52.344+0000][72][gc,task     ] GC(2) Using 4 workers of 4 for evacuation
[2023-06-15T08:50:52.345+0000][72][gc,age      ] GC(2) Desired survivor size 10485760 bytes, new threshold 15 (max threshold 15)
[2023-06-15T08:50:52.359+0000][72][gc,phases   ] GC(2)   Pre Evacuate Collection Set: 0.1ms
[2023-06-15T08:50:52.360+0000][72][gc,phases   ] GC(2)   Merge Heap Roots: 0.0ms
[2023-06-15T08:50:52.360+0000][72][gc,phases   ] GC(2)   Evacuate Collection Set: 10.6ms
[2023-06-15T08:50:52.361+0000][72][gc,phases   ] GC(2)   Post Evacuate Collection Set: 2.3ms
[2023-06-15T08:50:52.361+0000][72][gc,phases   ] GC(2)   Other: 1.6ms
[2023-06-15T08:50:52.362+0000][72][gc,age      ] GC(2) Age table with threshold 15 (max threshold 15)
[2023-06-15T08:50:52.363+0000][72][gc,age      ] GC(2) - age   1:    6720176 bytes,    6720176 total
[2023-06-15T08:50:52.364+0000][72][gc,age      ] GC(2) - age   2:    5374248 bytes,   12094424 total
[2023-06-15T08:50:52.364+0000][72][gc,age      ] GC(2) - age   3:     404008 bytes,   12498432 total
[2023-06-15T08:50:52.365+0000][72][gc,heap     ] GC(2) Eden regions: 36->0(34)
[2023-06-15T08:50:52.365+0000][72][gc,heap     ] GC(2) Survivor regions: 2->4(5)
[2023-06-15T08:50:52.366+0000][72][gc,heap     ] GC(2) Old regions: 0->0
[2023-06-15T08:50:52.366+0000][72][gc,heap     ] GC(2) Archive regions: 2->2
[2023-06-15T08:50:52.367+0000][72][gc,heap     ] GC(2) Humongous regions: 0->0
[2023-06-15T08:50:52.367+0000][72][gc,metaspace] GC(2) Metaspace: 18460K(18880K)->18460K(18880K) NonClass: 16386K(16576K)->16386K(16576K) Class: 2073K(2304K)->2073K(2304K)
[2023-06-15T08:50:52.368+0000][72][gc          ] GC(2) Pause Young (Normal) (G1 Evacuation Pause) 153M->16M(256M) 24.993ms
[2023-06-15T08:50:52.369+0000][72][gc,cpu      ] GC(2) User=0.02s Sys=0.01s Real=0.02s
[2023-06-15T08:50:52.369+0000][72][safepoint   ] Safepoint "G1CollectForAllocation", Time since last: 557420692 ns, Reaching safepoint: 818524 ns, At safepoint: 26386199 ns, Total: 27204723 ns
[2023-06-15T08:50:52.747+0000][72][gc,start    ] GC(3) Pause Young (Concurrent Start) (Metadata GC Threshold)
[2023-06-15T08:50:52.748+0000][72][gc,task     ] GC(3) Using 4 workers of 4 for evacuation
[2023-06-15T08:50:52.748+0000][72][gc,age      ] GC(3) Desired survivor size 10485760 bytes, new threshold 2 (max threshold 15)
[2023-06-15T08:50:52.758+0000][72][gc,phases   ] GC(3)   Pre Evacuate Collection Set: 0.2ms
[2023-06-15T08:50:52.759+0000][72][gc,phases   ] GC(3)   Merge Heap Roots: 0.0ms
[2023-06-15T08:50:52.759+0000][72][gc,phases   ] GC(3)   Evacuate Collection Set: 7.9ms
[2023-06-15T08:50:52.760+0000][72][gc,phases   ] GC(3)   Post Evacuate Collection Set: 1.0ms
[2023-06-15T08:50:52.761+0000][72][gc,phases   ] GC(3)   Other: 1.4ms
[2023-06-15T08:50:52.761+0000][72][gc,age      ] GC(3) Age table with threshold 2 (max threshold 15)
[2023-06-15T08:50:52.762+0000][72][gc,age      ] GC(3) - age   1:    1039912 bytes,    1039912 total
[2023-06-15T08:50:52.763+0000][72][gc,age      ] GC(3) - age   2:    4361168 bytes,    5401080 total
[2023-06-15T08:50:52.763+0000][72][gc,heap     ] GC(3) Eden regions: 12->0(36)
[2023-06-15T08:50:52.764+0000][72][gc,heap     ] GC(3) Survivor regions: 4->2(5)
[2023-06-15T08:50:52.764+0000][72][gc,heap     ] GC(3) Old regions: 0->2
[2023-06-15T08:50:52.765+0000][72][gc,heap     ] GC(3) Archive regions: 2->2
[2023-06-15T08:50:52.765+0000][72][gc,heap     ] GC(3) Humongous regions: 0->0
[2023-06-15T08:50:52.766+0000][72][gc,metaspace] GC(3) Metaspace: 20979K(21504K)->20979K(21504K) NonClass: 18677K(18944K)->18677K(18944K) Class: 2302K(2560K)->2302K(2560K)
[2023-06-15T08:50:52.767+0000][72][gc          ] GC(3) Pause Young (Concurrent Start) (Metadata GC Threshold) 62M->15M(256M) 20.001ms
[2023-06-15T08:50:52.767+0000][72][gc,cpu      ] GC(3) User=0.01s Sys=0.00s Real=0.02s
[2023-06-15T08:50:52.767+0000][72][gc          ] GC(4) Concurrent Mark Cycle
[2023-06-15T08:50:52.769+0000][72][gc,marking  ] GC(4) Concurrent Clear Claimed Marks
[2023-06-15T08:50:52.769+0000][72][gc,marking  ] GC(4) Concurrent Clear Claimed Marks 0.707ms
[2023-06-15T08:50:52.770+0000][72][gc,marking  ] GC(4) Concurrent Scan Root Regions
[2023-06-15T08:50:52.768+0000][72][safepoint   ] Safepoint "CollectForMetadataAllocation", Time since last: 377014622 ns, Reaching safepoint: 104006 ns, At safepoint: 21173995 ns, Total: 21278001 ns
[2023-06-15T08:50:52.775+0000][72][gc,marking  ] GC(4) Concurrent Scan Root Regions 5.229ms
[2023-06-15T08:50:52.776+0000][72][gc,marking  ] GC(4) Concurrent Mark
[2023-06-15T08:50:52.777+0000][72][gc,marking  ] GC(4) Concurrent Mark From Roots
[2023-06-15T08:50:52.778+0000][72][gc,task     ] GC(4) Using 1 workers of 1 for marking
[2023-06-15T08:50:52.779+0000][72][gc,marking  ] GC(4) Concurrent Mark From Roots 1.955ms
[2023-06-15T08:50:52.779+0000][72][gc,marking  ] GC(4) Concurrent Preclean
[2023-06-15T08:50:52.780+0000][72][gc,marking  ] GC(4) Concurrent Preclean 0.614ms
[2023-06-15T08:50:52.781+0000][72][gc,start    ] GC(4) Pause Remark
[2023-06-15T08:50:52.784+0000][72][gc          ] GC(4) Pause Remark 18M->18M(256M) 3.029ms
[2023-06-15T08:50:52.785+0000][72][gc,cpu      ] GC(4) User=0.00s Sys=0.00s Real=0.00s
[2023-06-15T08:50:52.786+0000][72][safepoint   ] Safepoint "G1PauseRemark", Time since last: 12936065 ns, Reaching safepoint: 268746 ns, At safepoint: 5013176 ns, Total: 5281922 ns
[2023-06-15T08:50:52.787+0000][72][gc,marking  ] GC(4) Concurrent Mark 10.372ms
[2023-06-15T08:50:52.787+0000][72][gc,marking  ] GC(4) Concurrent Rebuild Remembered Sets
[2023-06-15T08:50:52.791+0000][72][gc,marking  ] GC(4) Concurrent Rebuild Remembered Sets 3.675ms
[2023-06-15T08:50:52.792+0000][72][gc,start    ] GC(4) Pause Cleanup
[2023-06-15T08:50:52.793+0000][72][gc          ] GC(4) Pause Cleanup 18M->18M(256M) 0.888ms
[2023-06-15T08:50:52.794+0000][72][gc,cpu      ] GC(4) User=0.00s Sys=0.00s Real=0.00s
[2023-06-15T08:50:52.794+0000][72][safepoint   ] Safepoint "G1PauseCleanup", Time since last: 6115757 ns, Reaching safepoint: 239507 ns, At safepoint: 1861719 ns, Total: 2101226 ns
[2023-06-15T08:50:52.795+0000][72][gc,marking  ] GC(4) Concurrent Cleanup for Next Mark
[2023-06-15T08:50:52.796+0000][72][gc,marking  ] GC(4) Concurrent Cleanup for Next Mark 1.038ms
[2023-06-15T08:50:52.797+0000][72][gc          ] GC(4) Concurrent Mark Cycle 29.750ms
[2023-06-15T08:50:53.633+0000][72][safepoint   ] Safepoint "ICBufferFull", Time since last: 838677014 ns, Reaching safepoint: 286341 ns, At safepoint: 8009 ns, Total: 294350 ns
[2023-06-15T08:50:53.879+0000][72][gc,start    ] GC(5) Pause Young (Normal) (G1 Evacuation Pause)
[2023-06-15T08:50:53.880+0000][72][gc,task     ] GC(5) Using 4 workers of 4 for evacuation
[2023-06-15T08:50:53.881+0000][72][gc,age      ] GC(5) Desired survivor size 10485760 bytes, new threshold 15 (max threshold 15)
[2023-06-15T08:50:53.890+0000][72][gc,phases   ] GC(5)   Pre Evacuate Collection Set: 0.1ms
[2023-06-15T08:50:53.892+0000][72][gc,phases   ] GC(5)   Merge Heap Roots: 0.1ms
[2023-06-15T08:50:53.892+0000][72][gc,phases   ] GC(5)   Evacuate Collection Set: 7.5ms
[2023-06-15T08:50:53.893+0000][72][gc,phases   ] GC(5)   Post Evacuate Collection Set: 1.3ms
[2023-06-15T08:50:53.895+0000][72][gc,phases   ] GC(5)   Other: 1.3ms
[2023-06-15T08:50:53.895+0000][72][gc,age      ] GC(5) Age table with threshold 15 (max threshold 15)
[2023-06-15T08:50:53.896+0000][72][gc,age      ] GC(5) - age   1:    4930816 bytes,    4930816 total
[2023-06-15T08:50:53.896+0000][72][gc,age      ] GC(5) - age   2:     981320 bytes,    5912136 total
[2023-06-15T08:50:53.897+0000][72][gc,age      ] GC(5) - age   3:    4355448 bytes,   10267584 total
[2023-06-15T08:50:53.898+0000][72][gc,heap     ] GC(5) Eden regions: 36->0(35)
[2023-06-15T08:50:53.898+0000][72][gc,heap     ] GC(5) Survivor regions: 2->3(5)
[2023-06-15T08:50:53.899+0000][72][gc,heap     ] GC(5) Old regions: 2->2
[2023-06-15T08:50:53.899+0000][72][gc,heap     ] GC(5) Archive regions: 2->2
[2023-06-15T08:50:53.900+0000][72][gc,heap     ] GC(5) Humongous regions: 0->0
[2023-06-15T08:50:53.901+0000][72][gc,metaspace] GC(5) Metaspace: 25295K(25856K)->25295K(25856K) NonClass: 22391K(22720K)->22391K(22720K) Class: 2903K(3136K)->2903K(3136K)
[2023-06-15T08:50:53.902+0000][72][gc          ] GC(5) Pause Young (Normal) (G1 Evacuation Pause) 159M->20M(256M) 23.299ms
[2023-06-15T08:50:53.903+0000][72][gc,cpu      ] GC(5) User=0.02s Sys=0.00s Real=0.03s
[2023-06-15T08:50:53.904+0000][72][safepoint   ] Safepoint "G1CollectForAllocation", Time since last: 245425528 ns, Reaching safepoint: 166752 ns, At safepoint: 25490293 ns, Total: 25657045 ns
[2023-06-15T08:50:54.534+0000][72][gc,start    ] GC(6) Pause Young (Normal) (G1 Evacuation Pause)
[2023-06-15T08:50:54.535+0000][72][gc,task     ] GC(6) Using 4 workers of 4 for evacuation
[2023-06-15T08:50:54.537+0000][72][gc,age      ] GC(6) Desired survivor size 10485760 bytes, new threshold 15 (max threshold 15)
[2023-06-15T08:50:54.549+0000][72][gc,phases   ] GC(6)   Pre Evacuate Collection Set: 0.3ms
[2023-06-15T08:50:54.550+0000][72][gc,phases   ] GC(6)   Merge Heap Roots: 0.2ms
[2023-06-15T08:50:54.551+0000][72][gc,phases   ] GC(6)   Evacuate Collection Set: 8.1ms
[2023-06-15T08:50:54.551+0000][72][gc,phases   ] GC(6)   Post Evacuate Collection Set: 1.2ms
[2023-06-15T08:50:54.552+0000][72][gc,phases   ] GC(6)   Other: 3.8ms
[2023-06-15T08:50:54.554+0000][72][gc,age      ] GC(6) Age table with threshold 15 (max threshold 15)
[2023-06-15T08:50:54.555+0000][72][gc,age      ] GC(6) - age   1:    2616936 bytes,    2616936 total
[2023-06-15T08:50:54.556+0000][72][gc,age      ] GC(6) - age   2:    4172960 bytes,    6789896 total
[2023-06-15T08:50:54.558+0000][72][gc,age      ] GC(6) - age   3:     981288 bytes,    7771184 total
[2023-06-15T08:50:54.559+0000][72][gc,age      ] GC(6) - age   4:    4355080 bytes,   12126264 total
[2023-06-15T08:50:54.560+0000][72][gc,heap     ] GC(6) Eden regions: 35->0(34)
[2023-06-15T08:50:54.561+0000][72][gc,heap     ] GC(6) Survivor regions: 3->4(5)
[2023-06-15T08:50:54.563+0000][72][gc,heap     ] GC(6) Old regions: 2->2
[2023-06-15T08:50:54.563+0000][72][gc,heap     ] GC(6) Archive regions: 2->2
[2023-06-15T08:50:54.564+0000][72][gc,heap     ] GC(6) Humongous regions: 0->0
[2023-06-15T08:50:54.565+0000][72][gc,metaspace] GC(6) Metaspace: 25690K(26240K)->25690K(26240K) NonClass: 22749K(23040K)->22749K(23040K) Class: 2940K(3200K)->2940K(3200K)
[2023-06-15T08:50:54.566+0000][72][gc          ] GC(6) Pause Young (Normal) (G1 Evacuation Pause) 160M->22M(256M) 31.597ms
[2023-06-15T08:50:54.567+0000][72][gc,cpu      ] GC(6) User=0.03s Sys=0.01s Real=0.03s
[2023-06-15T08:50:54.568+0000][72][safepoint   ] Safepoint "G1CollectForAllocation", Time since last: 629740035 ns, Reaching safepoint: 501591 ns, At safepoint: 33722651 ns, Total: 34224242 ns
[2023-06-15T08:50:54.895+0000][72][gc,start    ] GC(7) Pause Young (Normal) (G1 Evacuation Pause)
[2023-06-15T08:50:54.897+0000][72][gc,task     ] GC(7) Using 4 workers of 4 for evacuation
[2023-06-15T08:50:54.897+0000][72][gc,age      ] GC(7) Desired survivor size 10485760 bytes, new threshold 4 (max threshold 15)
[2023-06-15T08:50:54.905+0000][72][gc,phases   ] GC(7)   Pre Evacuate Collection Set: 0.2ms
[2023-06-15T08:50:54.906+0000][72][gc,phases   ] GC(7)   Merge Heap Roots: 0.1ms
[2023-06-15T08:50:54.906+0000][72][gc,phases   ] GC(7)   Evacuate Collection Set: 4.8ms
[2023-06-15T08:50:54.907+0000][72][gc,phases   ] GC(7)   Post Evacuate Collection Set: 1.5ms
[2023-06-15T08:50:54.907+0000][72][gc,phases   ] GC(7)   Other: 1.8ms
[2023-06-15T08:50:54.908+0000][72][gc,age      ] GC(7) Age table with threshold 4 (max threshold 15)
[2023-06-15T08:50:54.909+0000][72][gc,age      ] GC(7) - age   1:     660112 bytes,     660112 total
[2023-06-15T08:50:54.910+0000][72][gc,age      ] GC(7) - age   2:    2431320 bytes,    3091432 total
[2023-06-15T08:50:54.910+0000][72][gc,age      ] GC(7) - age   3:    4172816 bytes,    7264248 total
[2023-06-15T08:50:54.911+0000][72][gc,age      ] GC(7) - age   4:     981288 bytes,    8245536 total
[2023-06-15T08:50:54.911+0000][72][gc,heap     ] GC(7) Eden regions: 34->0(35)
[2023-06-15T08:50:54.912+0000][72][gc,heap     ] GC(7) Survivor regions: 4->3(5)
[2023-06-15T08:50:54.913+0000][72][gc,heap     ] GC(7) Old regions: 2->3
[2023-06-15T08:50:54.914+0000][72][gc,heap     ] GC(7) Archive regions: 2->2
[2023-06-15T08:50:54.914+0000][72][gc,heap     ] GC(7) Humongous regions: 0->0
[2023-06-15T08:50:54.915+0000][72][gc,metaspace] GC(7) Metaspace: 26154K(26752K)->26154K(26752K) NonClass: 23149K(23488K)->23149K(23488K) Class: 3005K(3264K)->3005K(3264K)
[2023-06-15T08:50:54.916+0000][72][gc          ] GC(7) Pause Young (Normal) (G1 Evacuation Pause) 158M->22M(256M) 20.276ms
[2023-06-15T08:50:54.916+0000][72][gc,cpu      ] GC(7) User=0.01s Sys=0.00s Real=0.02s
[2023-06-15T08:50:54.917+0000][72][safepoint   ] Safepoint "G1CollectForAllocation", Time since last: 326873459 ns, Reaching safepoint: 384099 ns, At safepoint: 21611708 ns, Total: 21995807 ns
[2023-06-15T08:50:55.841+0000][72][safepoint   ] Safepoint "ICBufferFull", Time since last: 923785313 ns, Reaching safepoint: 230868 ns, At safepoint: 25522 ns, Total: 256390 ns
[2023-06-15T08:50:55.982+0000][72][gc,start    ] GC(8) Pause Young (Normal) (G1 Evacuation Pause)
[2023-06-15T08:50:55.983+0000][72][gc,task     ] GC(8) Using 4 workers of 4 for evacuation
[2023-06-15T08:50:55.984+0000][72][gc,age      ] GC(8) Desired survivor size 10485760 bytes, new threshold 15 (max threshold 15)
[2023-06-15T08:50:55.993+0000][72][gc,phases   ] GC(8)   Pre Evacuate Collection Set: 0.1ms
[2023-06-15T08:50:55.994+0000][72][gc,phases   ] GC(8)   Merge Heap Roots: 0.1ms
[2023-06-15T08:50:55.994+0000][72][gc,phases   ] GC(8)   Evacuate Collection Set: 7.8ms
[2023-06-15T08:50:55.995+0000][72][gc,phases   ] GC(8)   Post Evacuate Collection Set: 0.7ms
[2023-06-15T08:50:55.995+0000][72][gc,phases   ] GC(8)   Other: 1.4ms
[2023-06-15T08:50:55.996+0000][72][gc,age      ] GC(8) Age table with threshold 15 (max threshold 15)
[2023-06-15T08:50:55.997+0000][72][gc,age      ] GC(8) - age   1:    3632200 bytes,    3632200 total
[2023-06-15T08:50:55.997+0000][72][gc,age      ] GC(8) - age   2:     375640 bytes,    4007840 total
[2023-06-15T08:50:55.998+0000][72][gc,age      ] GC(8) - age   3:    2430984 bytes,    6438824 total
[2023-06-15T08:50:55.998+0000][72][gc,age      ] GC(8) - age   4:    4167792 bytes,   10606616 total
[2023-06-15T08:50:55.999+0000][72][gc,age      ] GC(8) - age   5:     980376 bytes,   11586992 total
[2023-06-15T08:50:55.999+0000][72][gc,heap     ] GC(8) Eden regions: 35->0(34)
[2023-06-15T08:50:56.000+0000][72][gc,heap     ] GC(8) Survivor regions: 3->4(5)
[2023-06-15T08:50:56.000+0000][72][gc,heap     ] GC(8) Old regions: 3->3
[2023-06-15T08:50:56.000+0000][72][gc,heap     ] GC(8) Archive regions: 2->2
[2023-06-15T08:50:56.001+0000][72][gc,heap     ] GC(8) Humongous regions: 0->0
[2023-06-15T08:50:56.001+0000][72][gc,metaspace] GC(8) Metaspace: 32180K(32896K)->32180K(32896K) NonClass: 28523K(28928K)->28523K(28928K) Class: 3657K(3968K)->3657K(3968K)
[2023-06-15T08:50:56.001+0000][72][gc          ] GC(8) Pause Young (Normal) (G1 Evacuation Pause) 162M->26M(256M) 19.106ms
[2023-06-15T08:50:56.002+0000][72][gc,cpu      ] GC(8) User=0.02s Sys=0.00s Real=0.02s
[2023-06-15T08:50:56.002+0000][72][safepoint   ] Safepoint "G1CollectForAllocation", Time since last: 140905233 ns, Reaching safepoint: 251026 ns, At safepoint: 20008313 ns, Total: 20259339 ns
[2023-06-15T08:50:56.296+0000][72][gc,start    ] GC(9) Pause Young (Normal) (G1 Evacuation Pause)
[2023-06-15T08:50:56.298+0000][72][gc,task     ] GC(9) Using 4 workers of 4 for evacuation
[2023-06-15T08:50:56.299+0000][72][gc,age      ] GC(9) Desired survivor size 10485760 bytes, new threshold 4 (max threshold 15)
[2023-06-15T08:50:56.305+0000][72][gc,phases   ] GC(9)   Pre Evacuate Collection Set: 0.2ms
[2023-06-15T08:50:56.305+0000][72][gc,phases   ] GC(9)   Merge Heap Roots: 0.1ms
[2023-06-15T08:50:56.306+0000][72][gc,phases   ] GC(9)   Evacuate Collection Set: 3.9ms
[2023-06-15T08:50:56.307+0000][72][gc,phases   ] GC(9)   Post Evacuate Collection Set: 0.7ms
[2023-06-15T08:50:56.308+0000][72][gc,phases   ] GC(9)   Other: 1.8ms
[2023-06-15T08:50:56.308+0000][72][gc,age      ] GC(9) Age table with threshold 4 (max threshold 15)
[2023-06-15T08:50:56.309+0000][72][gc,age      ] GC(9) - age   1:    1446792 bytes,    1446792 total
[2023-06-15T08:50:56.309+0000][72][gc,age      ] GC(9) - age   2:    3278080 bytes,    4724872 total
[2023-06-15T08:50:56.310+0000][72][gc,age      ] GC(9) - age   3:     375640 bytes,    5100512 total
[2023-06-15T08:50:56.311+0000][72][gc,age      ] GC(9) - age   4:    2430952 bytes,    7531464 total
[2023-06-15T08:50:56.311+0000][72][gc,heap     ] GC(9) Eden regions: 34->0(36)
[2023-06-15T08:50:56.312+0000][72][gc,heap     ] GC(9) Survivor regions: 4->2(5)
[2023-06-15T08:50:56.312+0000][72][gc,heap     ] GC(9) Old regions: 3->4
[2023-06-15T08:50:56.313+0000][72][gc,heap     ] GC(9) Archive regions: 2->2
[2023-06-15T08:50:56.314+0000][72][gc,heap     ] GC(9) Humongous regions: 0->0
[2023-06-15T08:50:56.315+0000][72][gc,metaspace] GC(9) Metaspace: 32287K(32960K)->32287K(32960K) NonClass: 28609K(28992K)->28609K(28992K) Class: 3678K(3968K)->3678K(3968K)
[2023-06-15T08:50:56.315+0000][72][gc          ] GC(9) Pause Young (Normal) (G1 Evacuation Pause) 162M->26M(256M) 18.720ms
[2023-06-15T08:50:56.316+0000][72][gc,cpu      ] GC(9) User=0.03s Sys=0.01s Real=0.02s
[2023-06-15T08:50:56.316+0000][72][safepoint   ] Safepoint "G1CollectForAllocation", Time since last: 293892976 ns, Reaching safepoint: 171266 ns, At safepoint: 20073354 ns, Total: 20244620 ns
[2023-06-15T08:50:57.028+0000][72][gc,start    ] GC(10) Pause Young (Normal) (G1 Evacuation Pause)
[2023-06-15T08:50:57.029+0000][72][gc,task     ] GC(10) Using 4 workers of 4 for evacuation
[2023-06-15T08:50:57.030+0000][72][gc,age      ] GC(10) Desired survivor size 10485760 bytes, new threshold 15 (max threshold 15)
[2023-06-15T08:50:57.042+0000][72][gc,phases   ] GC(10)   Pre Evacuate Collection Set: 0.1ms
[2023-06-15T08:50:57.043+0000][72][gc,phases   ] GC(10)   Merge Heap Roots: 0.1ms
[2023-06-15T08:50:57.044+0000][72][gc,phases   ] GC(10)   Evacuate Collection Set: 9.4ms
[2023-06-15T08:50:57.045+0000][72][gc,phases   ] GC(10)   Post Evacuate Collection Set: 0.8ms
[2023-06-15T08:50:57.045+0000][72][gc,phases   ] GC(10)   Other: 1.9ms
[2023-06-15T08:50:57.046+0000][72][gc,age      ] GC(10) Age table with threshold 15 (max threshold 15)
[2023-06-15T08:50:57.047+0000][72][gc,age      ] GC(10) - age   1:    3501472 bytes,    3501472 total
[2023-06-15T08:50:57.047+0000][72][gc,age      ] GC(10) - age   2:    1440688 bytes,    4942160 total
[2023-06-15T08:50:57.049+0000][72][gc,age      ] GC(10) - age   3:    3278048 bytes,    8220208 total
[2023-06-15T08:50:57.050+0000][72][gc,age      ] GC(10) - age   4:     374960 bytes,    8595168 total
[2023-06-15T08:50:57.050+0000][72][gc,age      ] GC(10) - age   5:    2430344 bytes,   11025512 total
[2023-06-15T08:50:57.051+0000][72][gc,heap     ] GC(10) Eden regions: 36->0(35)
[2023-06-15T08:50:57.052+0000][72][gc,heap     ] GC(10) Survivor regions: 2->3(5)
[2023-06-15T08:50:57.052+0000][72][gc,heap     ] GC(10) Old regions: 4->4
[2023-06-15T08:50:57.053+0000][72][gc,heap     ] GC(10) Archive regions: 2->2
[2023-06-15T08:50:57.054+0000][72][gc,heap     ] GC(10) Humongous regions: 0->0
[2023-06-15T08:50:57.055+0000][72][gc,metaspace] GC(10) Metaspace: 33766K(34496K)->33766K(34496K) NonClass: 29911K(30336K)->29911K(30336K) Class: 3855K(4160K)->3855K(4160K)
[2023-06-15T08:50:57.056+0000][72][gc          ] GC(10) Pause Young (Normal) (G1 Evacuation Pause) 170M->29M(256M) 28.323ms
[2023-06-15T08:50:57.057+0000][72][gc,cpu      ] GC(10) User=0.02s Sys=0.00s Real=0.03s
[2023-06-15T08:50:57.058+0000][72][safepoint   ] Safepoint "G1CollectForAllocation", Time since last: 711454705 ns, Reaching safepoint: 116131 ns, At safepoint: 29734866 ns, Total: 29850997 ns
[2023-06-15T08:50:57.592+0000][72][gc,start    ] GC(11) Pause Young (Normal) (G1 Evacuation Pause)
[2023-06-15T08:50:57.593+0000][72][gc,task     ] GC(11) Using 4 workers of 4 for evacuation
[2023-06-15T08:50:57.594+0000][72][gc,age      ] GC(11) Desired survivor size 10485760 bytes, new threshold 5 (max threshold 15)
[2023-06-15T08:50:57.603+0000][72][gc,phases   ] GC(11)   Pre Evacuate Collection Set: 0.1ms
[2023-06-15T08:50:57.603+0000][72][gc,phases   ] GC(11)   Merge Heap Roots: 0.1ms
[2023-06-15T08:50:57.604+0000][72][gc,phases   ] GC(11)   Evacuate Collection Set: 7.2ms
[2023-06-15T08:50:57.605+0000][72][gc,phases   ] GC(11)   Post Evacuate Collection Set: 0.6ms
[2023-06-15T08:50:57.606+0000][72][gc,phases   ] GC(11)   Other: 1.8ms
[2023-06-15T08:50:57.607+0000][72][gc,age      ] GC(11) Age table with threshold 5 (max threshold 15)
[2023-06-15T08:50:57.608+0000][72][gc,age      ] GC(11) - age   1:    2984528 bytes,    2984528 total
[2023-06-15T08:50:57.609+0000][72][gc,age      ] GC(11) - age   2:    3144472 bytes,    6129000 total
[2023-06-15T08:50:57.610+0000][72][gc,age      ] GC(11) - age   3:    1440656 bytes,    7569656 total
[2023-06-15T08:50:57.610+0000][72][gc,age      ] GC(11) - age   4:    3278048 bytes,   10847704 total
[2023-06-15T08:50:57.611+0000][72][gc,age      ] GC(11) - age   5:     374960 bytes,   11222664 total
[2023-06-15T08:50:57.611+0000][72][gc,heap     ] GC(11) Eden regions: 35->0(35)
[2023-06-15T08:50:57.612+0000][72][gc,heap     ] GC(11) Survivor regions: 3->3(5)
[2023-06-15T08:50:57.613+0000][72][gc,heap     ] GC(11) Old regions: 4->5
[2023-06-15T08:50:57.613+0000][72][gc,heap     ] GC(11) Archive regions: 2->2
[2023-06-15T08:50:57.614+0000][72][gc,heap     ] GC(11) Humongous regions: 0->0
[2023-06-15T08:50:57.615+0000][72][gc,metaspace] GC(11) Metaspace: 34220K(35072K)->34220K(35072K) NonClass: 30299K(30784K)->30299K(30784K) Class: 3920K(4288K)->3920K(4288K)
[2023-06-15T08:50:57.616+0000][72][gc          ] GC(11) Pause Young (Normal) (G1 Evacuation Pause) 169M->32M(256M) 24.261ms
[2023-06-15T08:50:57.617+0000][72][gc,cpu      ] GC(11) User=0.01s Sys=0.01s Real=0.02s
[2023-06-15T08:50:57.618+0000][72][safepoint   ] Safepoint "G1CollectForAllocation", Time since last: 534061225 ns, Reaching safepoint: 161751 ns, At safepoint: 25778897 ns, Total: 25940648 ns
[2023-06-15T08:50:58.304+0000][72][gc,start    ] GC(12) Pause Young (Normal) (G1 Evacuation Pause)
[2023-06-15T08:50:58.306+0000][72][gc,task     ] GC(12) Using 4 workers of 4 for evacuation
[2023-06-15T08:50:58.307+0000][72][gc,age      ] GC(12) Desired survivor size 10485760 bytes, new threshold 4 (max threshold 15)
[2023-06-15T08:50:58.318+0000][72][gc,phases   ] GC(12)   Pre Evacuate Collection Set: 0.1ms
[2023-06-15T08:50:58.320+0000][72][gc,phases   ] GC(12)   Merge Heap Roots: 0.0ms
[2023-06-15T08:50:58.322+0000][72][gc,phases   ] GC(12)   Evacuate Collection Set: 7.7ms
[2023-06-15T08:50:58.326+0000][72][gc,phases   ] GC(12)   Post Evacuate Collection Set: 1.5ms
[2023-06-15T08:50:58.327+0000][72][gc,phases   ] GC(12)   Other: 3.1ms
[2023-06-15T08:50:58.329+0000][72][gc,age      ] GC(12) Age table with threshold 4 (max threshold 15)
[2023-06-15T08:50:58.331+0000][72][gc,age      ] GC(12) - age   1:    1277480 bytes,    1277480 total
[2023-06-15T08:50:58.332+0000][72][gc,age      ] GC(12) - age   2:    2367456 bytes,    3644936 total
[2023-06-15T08:50:58.333+0000][72][gc,age      ] GC(12) - age   3:    3144384 bytes,    6789320 total
[2023-06-15T08:50:58.334+0000][72][gc,age      ] GC(12) - age   4:    1440656 bytes,    8229976 total
[2023-06-15T08:50:58.336+0000][72][gc,heap     ] GC(12) Eden regions: 35->0(35)
[2023-06-15T08:50:58.338+0000][72][gc,heap     ] GC(12) Survivor regions: 3->3(5)
[2023-06-15T08:50:58.339+0000][72][gc,heap     ] GC(12) Old regions: 5->6
[2023-06-15T08:50:58.341+0000][72][gc,heap     ] GC(12) Archive regions: 2->2
[2023-06-15T08:50:58.342+0000][72][gc,heap     ] GC(12) Humongous regions: 0->0
[2023-06-15T08:50:58.343+0000][72][gc,metaspace] GC(12) Metaspace: 34635K(35456K)->34635K(35456K) NonClass: 30667K(31168K)->30667K(31168K) Class: 3967K(4288K)->3967K(4288K)
[2023-06-15T08:50:58.344+0000][72][gc          ] GC(12) Pause Young (Normal) (G1 Evacuation Pause) 172M->33M(256M) 39.738ms
[2023-06-15T08:50:58.345+0000][72][gc,cpu      ] GC(12) User=0.02s Sys=0.01s Real=0.04s
[2023-06-15T08:50:58.347+0000][72][safepoint   ] Safepoint "G1CollectForAllocation", Time since last: 708374273 ns, Reaching safepoint: 97067 ns, At safepoint: 42755084 ns, Total: 42852151 ns
[2023-06-15T08:50:58.556+0000][72][gc,start    ] GC(13) Pause Young (Concurrent Start) (Metadata GC Threshold)
[2023-06-15T08:50:58.557+0000][72][gc,task     ] GC(13) Using 4 workers of 4 for evacuation
[2023-06-15T08:50:58.558+0000][72][gc,age      ] GC(13) Desired survivor size 10485760 bytes, new threshold 15 (max threshold 15)
[2023-06-15T08:50:58.569+0000][72][gc,phases   ] GC(13)   Pre Evacuate Collection Set: 0.3ms
[2023-06-15T08:50:58.571+0000][72][gc,phases   ] GC(13)   Merge Heap Roots: 0.1ms
[2023-06-15T08:50:58.572+0000][72][gc,phases   ] GC(13)   Evacuate Collection Set: 5.1ms
[2023-06-15T08:50:58.573+0000][72][gc,phases   ] GC(13)   Post Evacuate Collection Set: 2.3ms
[2023-06-15T08:50:58.574+0000][72][gc,phases   ] GC(13)   Other: 2.3ms
[2023-06-15T08:50:58.574+0000][72][gc,age      ] GC(13) Age table with threshold 15 (max threshold 15)
[2023-06-15T08:50:58.575+0000][72][gc,age      ] GC(13) - age   1:     561472 bytes,     561472 total
[2023-06-15T08:50:58.576+0000][72][gc,age      ] GC(13) - age   2:     718184 bytes,    1279656 total
[2023-06-15T08:50:58.577+0000][72][gc,age      ] GC(13) - age   3:    2367320 bytes,    3646976 total
[2023-06-15T08:50:58.578+0000][72][gc,age      ] GC(13) - age   4:    3144192 bytes,    6791168 total
[2023-06-15T08:50:58.578+0000][72][gc,age      ] GC(13) - age   5:    1440552 bytes,    8231720 total
[2023-06-15T08:50:58.579+0000][72][gc,heap     ] GC(13) Eden regions: 9->0(35)
[2023-06-15T08:50:58.581+0000][72][gc,heap     ] GC(13) Survivor regions: 3->3(5)
[2023-06-15T08:50:58.582+0000][72][gc,heap     ] GC(13) Old regions: 6->6
[2023-06-15T08:50:58.582+0000][72][gc,heap     ] GC(13) Archive regions: 2->2
[2023-06-15T08:50:58.583+0000][72][gc,heap     ] GC(13) Humongous regions: 0->0
[2023-06-15T08:50:58.584+0000][72][gc,metaspace] GC(13) Metaspace: 35159K(35968K)->35159K(35968K) NonClass: 31138K(31616K)->31138K(31616K) Class: 4020K(4352K)->4020K(4352K)
[2023-06-15T08:50:58.585+0000][72][gc          ] GC(13) Pause Young (Concurrent Start) (Metadata GC Threshold) 67M->33M(256M) 29.083ms
[2023-06-15T08:50:58.586+0000][72][gc,cpu      ] GC(13) User=0.01s Sys=0.00s Real=0.03s
[2023-06-15T08:50:58.586+0000][72][gc          ] GC(14) Concurrent Mark Cycle
[2023-06-15T08:50:58.587+0000][72][gc,marking  ] GC(14) Concurrent Clear Claimed Marks
[2023-06-15T08:50:58.587+0000][72][gc,marking  ] GC(14) Concurrent Clear Claimed Marks 0.422ms
[2023-06-15T08:50:58.588+0000][72][gc,marking  ] GC(14) Concurrent Scan Root Regions
[2023-06-15T08:50:58.586+0000][72][safepoint   ] Safepoint "CollectForMetadataAllocation", Time since last: 208997497 ns, Reaching safepoint: 225955 ns, At safepoint: 30301483 ns, Total: 30527438 ns
[2023-06-15T08:50:58.593+0000][72][gc,marking  ] GC(14) Concurrent Scan Root Regions 4.908ms
[2023-06-15T08:50:58.595+0000][72][gc,marking  ] GC(14) Concurrent Mark
[2023-06-15T08:50:58.596+0000][72][gc,marking  ] GC(14) Concurrent Mark From Roots
[2023-06-15T08:50:58.597+0000][72][gc,task     ] GC(14) Using 1 workers of 1 for marking
[2023-06-15T08:50:58.656+0000][72][gc,marking  ] GC(14) Concurrent Mark From Roots 60.206ms
[2023-06-15T08:50:58.658+0000][72][gc,marking  ] GC(14) Concurrent Preclean
[2023-06-15T08:50:58.660+0000][72][gc,marking  ] GC(14) Concurrent Preclean 2.374ms
[2023-06-15T08:50:58.669+0000][72][gc,start    ] GC(14) Pause Remark
[2023-06-15T08:50:58.685+0000][72][gc          ] GC(14) Pause Remark 35M->35M(256M) 16.090ms
[2023-06-15T08:50:58.686+0000][72][gc,cpu      ] GC(14) User=0.02s Sys=0.00s Real=0.01s
[2023-06-15T08:50:58.695+0000][72][safepoint   ] Safepoint "G1PauseRemark", Time since last: 77275363 ns, Reaching safepoint: 5288004 ns, At safepoint: 26251898 ns, Total: 31539902 ns
[2023-06-15T08:50:58.698+0000][72][gc,marking  ] GC(14) Concurrent Mark 102.500ms
[2023-06-15T08:50:58.699+0000][72][gc,marking  ] GC(14) Concurrent Rebuild Remembered Sets
[2023-06-15T08:50:58.781+0000][72][gc,marking  ] GC(14) Concurrent Rebuild Remembered Sets 82.391ms
[2023-06-15T08:50:58.785+0000][72][gc,start    ] GC(14) Pause Cleanup
[2023-06-15T08:50:58.786+0000][72][gc          ] GC(14) Pause Cleanup 35M->35M(256M) 1.083ms
[2023-06-15T08:50:58.787+0000][72][gc,cpu      ] GC(14) User=0.00s Sys=0.00s Real=0.00s
[2023-06-15T08:50:58.790+0000][72][safepoint   ] Safepoint "G1PauseCleanup", Time since last: 88130765 ns, Reaching safepoint: 1627200 ns, At safepoint: 5363814 ns, Total: 6991014 ns
[2023-06-15T08:50:58.791+0000][72][gc,marking  ] GC(14) Concurrent Cleanup for Next Mark
[2023-06-15T08:50:58.793+0000][72][gc,marking  ] GC(14) Concurrent Cleanup for Next Mark 1.482ms
[2023-06-15T08:50:58.794+0000][72][gc          ] GC(14) Concurrent Mark Cycle 208.327ms
[2023-06-15T08:50:59.793+0000][72][safepoint   ] Safepoint "Cleanup", Time since last: 1001139815 ns, Reaching safepoint: 1543150 ns, At safepoint: 53808 ns, Total: 1596958 ns
[2023-06-15T08:51:01.108+0000][72][safepoint   ] Safepoint "Cleanup", Time since last: 1314910471 ns, Reaching safepoint: 332434 ns, At safepoint: 5396 ns, Total: 337830 ns
[2023-06-15T08:51:01.839+0000][72][gc,start    ] GC(15) Pause Young (Normal) (G1 Evacuation Pause)
[2023-06-15T08:51:01.840+0000][72][gc,task     ] GC(15) Using 4 workers of 4 for evacuation
[2023-06-15T08:51:01.841+0000][72][gc,age      ] GC(15) Desired survivor size 10485760 bytes, new threshold 15 (max threshold 15)
[2023-06-15T08:51:01.871+0000][72][gc,phases   ] GC(15)   Pre Evacuate Collection Set: 0.1ms
[2023-06-15T08:51:01.872+0000][72][gc,phases   ] GC(15)   Merge Heap Roots: 0.1ms
[2023-06-15T08:51:01.873+0000][72][gc,phases   ] GC(15)   Evacuate Collection Set: 26.2ms
[2023-06-15T08:51:01.875+0000][72][gc,phases   ] GC(15)   Post Evacuate Collection Set: 2.8ms
[2023-06-15T08:51:01.876+0000][72][gc,phases   ] GC(15)   Other: 2.4ms
[2023-06-15T08:51:01.877+0000][72][gc,age      ] GC(15) Age table with threshold 15 (max threshold 15)
[2023-06-15T08:51:01.878+0000][72][gc,age      ] GC(15) - age   1:   10655408 bytes,   10655408 total
[2023-06-15T08:51:01.879+0000][72][gc,age      ] GC(15) - age   2:     517816 bytes,   11173224 total
[2023-06-15T08:51:01.879+0000][72][gc,age      ] GC(15) - age   3:     710896 bytes,   11884120 total
[2023-06-15T08:51:01.880+0000][72][gc,age      ] GC(15) - age   4:    2360272 bytes,   14244392 total
[2023-06-15T08:51:01.881+0000][72][gc,age      ] GC(15) - age   5:    3124928 bytes,   17369320 total
[2023-06-15T08:51:01.881+0000][72][gc,age      ] GC(15) - age   6:    1433112 bytes,   18802432 total
[2023-06-15T08:51:01.882+0000][72][gc,heap     ] GC(15) Eden regions: 35->0(33)
[2023-06-15T08:51:01.883+0000][72][gc,heap     ] GC(15) Survivor regions: 3->5(5)
[2023-06-15T08:51:01.883+0000][72][gc,heap     ] GC(15) Old regions: 6->6
[2023-06-15T08:51:01.884+0000][72][gc,heap     ] GC(15) Archive regions: 2->2
[2023-06-15T08:51:01.885+0000][72][gc,heap     ] GC(15) Humongous regions: 0->0
[2023-06-15T08:51:01.886+0000][72][gc,metaspace] GC(15) Metaspace: 44183K(45440K)->44183K(45440K) NonClass: 38926K(39616K)->38926K(39616K) Class: 5257K(5824K)->5257K(5824K)
[2023-06-15T08:51:01.886+0000][72][gc          ] GC(15) Pause Young (Normal) (G1 Evacuation Pause) 173M->43M(256M) 47.121ms
[2023-06-15T08:51:01.887+0000][72][gc,cpu      ] GC(15) User=0.04s Sys=0.01s Real=0.04s
[2023-06-15T08:51:01.887+0000][72][safepoint   ] Safepoint "G1CollectForAllocation", Time since last: 730747275 ns, Reaching safepoint: 93523 ns, At safepoint: 48482128 ns, Total: 48575651 ns
[2023-06-15T08:51:03.371+0000][72][gc,start    ] GC(16) Pause Young (Normal) (G1 Evacuation Pause)
[2023-06-15T08:51:03.372+0000][72][gc,task     ] GC(16) Using 4 workers of 4 for evacuation
[2023-06-15T08:51:03.373+0000][72][gc,age      ] GC(16) Desired survivor size 10485760 bytes, new threshold 1 (max threshold 15)
[2023-06-15T08:51:03.392+0000][72][gc,phases   ] GC(16)   Pre Evacuate Collection Set: 0.1ms
[2023-06-15T08:51:03.393+0000][72][gc,phases   ] GC(16)   Merge Heap Roots: 0.0ms
[2023-06-15T08:51:03.394+0000][72][gc,phases   ] GC(16)   Evacuate Collection Set: 17.5ms
[2023-06-15T08:51:03.395+0000][72][gc,phases   ] GC(16)   Post Evacuate Collection Set: 0.9ms
[2023-06-15T08:51:03.396+0000][72][gc,phases   ] GC(16)   Other: 1.4ms
[2023-06-15T08:51:03.396+0000][72][gc,age      ] GC(16) Age table with threshold 1 (max threshold 15)
[2023-06-15T08:51:03.397+0000][72][gc,age      ] GC(16) - age   1:    7783024 bytes,    7783024 total
[2023-06-15T08:51:03.398+0000][72][gc,heap     ] GC(16) Eden regions: 33->0(34)
[2023-06-15T08:51:03.398+0000][72][gc,heap     ] GC(16) Survivor regions: 5->3(5)
[2023-06-15T08:51:03.399+0000][72][gc,heap     ] GC(16) Old regions: 6->10
[2023-06-15T08:51:03.399+0000][72][gc,heap     ] GC(16) Archive regions: 2->2
[2023-06-15T08:51:03.400+0000][72][gc,heap     ] GC(16) Humongous regions: 0->0
[2023-06-15T08:51:03.400+0000][72][gc,metaspace] GC(16) Metaspace: 44228K(45504K)->44228K(45504K) NonClass: 38965K(39680K)->38965K(39680K) Class: 5263K(5824K)->5263K(5824K)
[2023-06-15T08:51:03.401+0000][72][gc          ] GC(16) Pause Young (Normal) (G1 Evacuation Pause) 175M->51M(256M) 29.892ms
[2023-06-15T08:51:03.402+0000][72][gc,cpu      ] GC(16) User=0.07s Sys=0.00s Real=0.03s
[2023-06-15T08:51:03.402+0000][72][safepoint   ] Safepoint "G1CollectForAllocation", Time since last: 1483269305 ns, Reaching safepoint: 304771 ns, At safepoint: 31096862 ns, Total: 31401633 ns
[2023-06-15T08:51:04.229+0000][72][safepoint   ] Safepoint "ICBufferFull", Time since last: 826888274 ns, Reaching safepoint: 400218 ns, At safepoint: 8525 ns, Total: 408743 ns
[2023-06-15T08:51:05.231+0000][72][safepoint   ] Safepoint "Cleanup", Time since last: 1001463484 ns, Reaching safepoint: 331181 ns, At safepoint: 8370 ns, Total: 339551 ns
[2023-06-15T08:51:05.456+0000][72][gc,start    ] GC(17) Pause Young (Normal) (G1 Evacuation Pause)
[2023-06-15T08:51:05.457+0000][72][gc,task     ] GC(17) Using 4 workers of 4 for evacuation
[2023-06-15T08:51:05.459+0000][72][gc,age      ] GC(17) Desired survivor size 10485760 bytes, new threshold 15 (max threshold 15)
[2023-06-15T08:51:05.472+0000][72][gc,phases   ] GC(17)   Pre Evacuate Collection Set: 0.1ms
[2023-06-15T08:51:05.473+0000][72][gc,phases   ] GC(17)   Merge Heap Roots: 0.1ms
[2023-06-15T08:51:05.474+0000][72][gc,phases   ] GC(17)   Evacuate Collection Set: 10.9ms
[2023-06-15T08:51:05.475+0000][72][gc,phases   ] GC(17)   Post Evacuate Collection Set: 1.3ms
[2023-06-15T08:51:05.476+0000][72][gc,phases   ] GC(17)   Other: 2.5ms
[2023-06-15T08:51:05.476+0000][72][gc,age      ] GC(17) Age table with threshold 15 (max threshold 15)
[2023-06-15T08:51:05.477+0000][72][gc,age      ] GC(17) - age   1:    4578656 bytes,    4578656 total
[2023-06-15T08:51:05.478+0000][72][gc,age      ] GC(17) - age   2:    7409992 bytes,   11988648 total
[2023-06-15T08:51:05.479+0000][72][gc,heap     ] GC(17) Eden regions: 34->0(34)
[2023-06-15T08:51:05.480+0000][72][gc,heap     ] GC(17) Survivor regions: 3->3(5)
[2023-06-15T08:51:05.481+0000][72][gc,heap     ] GC(17) Old regions: 10->10
[2023-06-15T08:51:05.481+0000][72][gc,heap     ] GC(17) Archive regions: 2->2
[2023-06-15T08:51:05.482+0000][72][gc,heap     ] GC(17) Humongous regions: 0->0
[2023-06-15T08:51:05.483+0000][72][gc,metaspace] GC(17) Metaspace: 52150K(53376K)->52150K(53376K) NonClass: 45832K(46528K)->45832K(46528K) Class: 6318K(6848K)->6318K(6848K)
[2023-06-15T08:51:05.484+0000][72][gc          ] GC(17) Pause Young (Normal) (G1 Evacuation Pause) 187M->54M(256M) 27.458ms
[2023-06-15T08:51:05.484+0000][72][gc,cpu      ] GC(17) User=0.04s Sys=0.00s Real=0.03s
[2023-06-15T08:51:05.485+0000][72][safepoint   ] Safepoint "G1CollectForAllocation", Time since last: 224496404 ns, Reaching safepoint: 307501 ns, At safepoint: 28756372 ns, Total: 29063873 ns
[2023-06-15T08:51:06.267+0000][72][gc,start    ] GC(18) Pause Young (Concurrent Start) (Metadata GC Threshold)
[2023-06-15T08:51:06.268+0000][72][gc,task     ] GC(18) Using 4 workers of 4 for evacuation
[2023-06-15T08:51:06.269+0000][72][gc,age      ] GC(18) Desired survivor size 10485760 bytes, new threshold 2 (max threshold 15)
[2023-06-15T08:51:06.284+0000][72][gc,phases   ] GC(18)   Pre Evacuate Collection Set: 0.3ms
[2023-06-15T08:51:06.285+0000][72][gc,phases   ] GC(18)   Merge Heap Roots: 0.1ms
[2023-06-15T08:51:06.285+0000][72][gc,phases   ] GC(18)   Evacuate Collection Set: 12.3ms
[2023-06-15T08:51:06.286+0000][72][gc,phases   ] GC(18)   Post Evacuate Collection Set: 1.8ms
[2023-06-15T08:51:06.286+0000][72][gc,phases   ] GC(18)   Other: 1.5ms
[2023-06-15T08:51:06.287+0000][72][gc,age      ] GC(18) Age table with threshold 2 (max threshold 15)
[2023-06-15T08:51:06.288+0000][72][gc,age      ] GC(18) - age   1:    3034336 bytes,    3034336 total
[2023-06-15T08:51:06.288+0000][72][gc,age      ] GC(18) - age   2:    4378448 bytes,    7412784 total
[2023-06-15T08:51:06.289+0000][72][gc,heap     ] GC(18) Eden regions: 11->0(32)
[2023-06-15T08:51:06.289+0000][72][gc,heap     ] GC(18) Survivor regions: 3->2(5)
[2023-06-15T08:51:06.290+0000][72][gc,heap     ] GC(18) Old regions: 10->12
[2023-06-15T08:51:06.290+0000][72][gc,heap     ] GC(18) Archive regions: 2->2
[2023-06-15T08:51:06.291+0000][72][gc,heap     ] GC(18) Humongous regions: 0->0
[2023-06-15T08:51:06.292+0000][72][gc,metaspace] GC(18) Metaspace: 58818K(60096K)->58818K(60096K) NonClass: 51537K(52288K)->51537K(52288K) Class: 7281K(7808K)->7281K(7808K)
[2023-06-15T08:51:06.292+0000][72][gc          ] GC(18) Pause Young (Concurrent Start) (Metadata GC Threshold) 96M->57M(256M) 25.399ms
[2023-06-15T08:51:06.293+0000][72][gc,cpu      ] GC(18) User=0.03s Sys=0.00s Real=0.03s
[2023-06-15T08:51:06.293+0000][72][gc          ] GC(19) Concurrent Mark Cycle
[2023-06-15T08:51:06.294+0000][72][safepoint   ] Safepoint "CollectForMetadataAllocation", Time since last: 781746114 ns, Reaching safepoint: 282319 ns, At safepoint: 26726344 ns, Total: 27008663 ns
[2023-06-15T08:51:06.294+0000][72][gc,marking  ] GC(19) Concurrent Clear Claimed Marks
[2023-06-15T08:51:06.297+0000][72][gc,marking  ] GC(19) Concurrent Clear Claimed Marks 2.937ms
[2023-06-15T08:51:06.298+0000][72][gc,marking  ] GC(19) Concurrent Scan Root Regions
[2023-06-15T08:51:06.309+0000][72][gc,marking  ] GC(19) Concurrent Scan Root Regions 11.020ms
[2023-06-15T08:51:06.309+0000][72][gc,marking  ] GC(19) Concurrent Mark
[2023-06-15T08:51:06.310+0000][72][gc,marking  ] GC(19) Concurrent Mark From Roots
[2023-06-15T08:51:06.310+0000][72][gc,task     ] GC(19) Using 1 workers of 1 for marking
[2023-06-15T08:51:06.346+0000][72][safepoint   ] Safepoint "CollectForMetadataAllocation", Time since last: 52146590 ns, Reaching safepoint: 407767 ns, At safepoint: 101925 ns, Total: 509692 ns
[2023-06-15T08:51:06.357+0000][72][gc,marking  ] GC(19) Concurrent Mark From Roots 47.074ms
[2023-06-15T08:51:06.358+0000][72][gc,marking  ] GC(19) Concurrent Preclean
[2023-06-15T08:51:06.359+0000][72][gc,marking  ] GC(19) Concurrent Preclean 1.062ms
[2023-06-15T08:51:06.360+0000][72][gc,start    ] GC(19) Pause Remark
[2023-06-15T08:51:06.365+0000][72][gc          ] GC(19) Pause Remark 61M->61M(256M) 4.370ms
[2023-06-15T08:51:06.365+0000][72][gc,cpu      ] GC(19) User=0.01s Sys=0.00s Real=0.00s
[2023-06-15T08:51:06.366+0000][72][safepoint   ] Safepoint "G1PauseRemark", Time since last: 13646527 ns, Reaching safepoint: 270443 ns, At safepoint: 5575595 ns, Total: 5846038 ns
[2023-06-15T08:51:06.366+0000][72][gc,marking  ] GC(19) Concurrent Mark 56.870ms
[2023-06-15T08:51:06.367+0000][72][gc,marking  ] GC(19) Concurrent Rebuild Remembered Sets
[2023-06-15T08:51:06.392+0000][72][gc,marking  ] GC(19) Concurrent Rebuild Remembered Sets 25.021ms
[2023-06-15T08:51:06.393+0000][72][gc,start    ] GC(19) Pause Cleanup
[2023-06-15T08:51:06.394+0000][72][gc          ] GC(19) Pause Cleanup 61M->61M(256M) 0.870ms
[2023-06-15T08:51:06.395+0000][72][gc,cpu      ] GC(19) User=0.01s Sys=0.00s Real=0.00s
[2023-06-15T08:51:06.395+0000][72][safepoint   ] Safepoint "G1PauseCleanup", Time since last: 27383679 ns, Reaching safepoint: 266561 ns, At safepoint: 2109759 ns, Total: 2376320 ns
[2023-06-15T08:51:06.396+0000][72][gc,marking  ] GC(19) Concurrent Cleanup for Next Mark
[2023-06-15T08:51:06.397+0000][72][gc,marking  ] GC(19) Concurrent Cleanup for Next Mark 0.830ms
[2023-06-15T08:51:06.398+0000][72][gc          ] GC(19) Concurrent Mark Cycle 104.688ms
[2023-06-15T08:51:07.410+0000][72][safepoint   ] Safepoint "Cleanup", Time since last: 1013908412 ns, Reaching safepoint: 443481 ns, At safepoint: 52197 ns, Total: 495678 ns
[2023-06-15T08:51:07.515+0000][72][gc,start    ] GC(20) Pause Young (Normal) (G1 Evacuation Pause)
[2023-06-15T08:51:07.516+0000][72][gc,task     ] GC(20) Using 4 workers of 4 for evacuation
[2023-06-15T08:51:07.517+0000][72][gc,age      ] GC(20) Desired survivor size 10485760 bytes, new threshold 15 (max threshold 15)
[2023-06-15T08:51:07.527+0000][72][gc,phases   ] GC(20)   Pre Evacuate Collection Set: 0.1ms
[2023-06-15T08:51:07.528+0000][72][gc,phases   ] GC(20)   Merge Heap Roots: 0.1ms
[2023-06-15T08:51:07.529+0000][72][gc,phases   ] GC(20)   Evacuate Collection Set: 7.2ms
[2023-06-15T08:51:07.530+0000][72][gc,phases   ] GC(20)   Post Evacuate Collection Set: 2.2ms
[2023-06-15T08:51:07.531+0000][72][gc,phases   ] GC(20)   Other: 1.5ms
[2023-06-15T08:51:07.532+0000][72][gc,age      ] GC(20) Age table with threshold 15 (max threshold 15)
[2023-06-15T08:51:07.533+0000][72][gc,age      ] GC(20) - age   1:    2155688 bytes,    2155688 total
[2023-06-15T08:51:07.534+0000][72][gc,age      ] GC(20) - age   2:    2899024 bytes,    5054712 total
[2023-06-15T08:51:07.535+0000][72][gc,age      ] GC(20) - age   3:    4355048 bytes,    9409760 total
[2023-06-15T08:51:07.535+0000][72][gc,heap     ] GC(20) Eden regions: 32->0(32)
[2023-06-15T08:51:07.536+0000][72][gc,heap     ] GC(20) Survivor regions: 2->3(5)
[2023-06-15T08:51:07.537+0000][72][gc,heap     ] GC(20) Old regions: 12->12
[2023-06-15T08:51:07.537+0000][72][gc,heap     ] GC(20) Archive regions: 2->2
[2023-06-15T08:51:07.538+0000][72][gc,heap     ] GC(20) Humongous regions: 0->0
[2023-06-15T08:51:07.539+0000][72][gc,metaspace] GC(20) Metaspace: 65642K(67072K)->65642K(67072K) NonClass: 57271K(58048K)->57271K(58048K) Class: 8370K(9024K)->8370K(9024K)
[2023-06-15T08:51:07.540+0000][72][gc          ] GC(20) Pause Young (Normal) (G1 Evacuation Pause) 185M->59M(256M) 25.170ms
[2023-06-15T08:51:07.541+0000][72][gc,cpu      ] GC(20) User=0.03s Sys=0.01s Real=0.03s
[2023-06-15T08:51:07.542+0000][72][safepoint   ] Safepoint "G1CollectForAllocation", Time since last: 105029957 ns, Reaching safepoint: 138809 ns, At safepoint: 27013747 ns, Total: 27152556 ns
[2023-06-15T08:51:07.997+0000][72][gc,start    ] GC(21) Pause Young (Normal) (G1 Evacuation Pause)
[2023-06-15T08:51:07.998+0000][72][gc,task     ] GC(21) Using 4 workers of 4 for evacuation
[2023-06-15T08:51:07.999+0000][72][gc,age      ] GC(21) Desired survivor size 10485760 bytes, new threshold 15 (max threshold 15)
[2023-06-15T08:51:08.007+0000][72][gc,phases   ] GC(21)   Pre Evacuate Collection Set: 0.2ms
[2023-06-15T08:51:08.007+0000][72][gc,phases   ] GC(21)   Merge Heap Roots: 0.1ms
[2023-06-15T08:51:08.008+0000][72][gc,phases   ] GC(21)   Evacuate Collection Set: 5.2ms
[2023-06-15T08:51:08.009+0000][72][gc,phases   ] GC(21)   Post Evacuate Collection Set: 1.2ms
[2023-06-15T08:51:08.009+0000][72][gc,phases   ] GC(21)   Other: 2.1ms
[2023-06-15T08:51:08.010+0000][72][gc,age      ] GC(21) Age table with threshold 15 (max threshold 15)
[2023-06-15T08:51:08.010+0000][72][gc,age      ] GC(21) - age   1:     483920 bytes,     483920 total
[2023-06-15T08:51:08.011+0000][72][gc,age      ] GC(21) - age   2:    2020424 bytes,    2504344 total
[2023-06-15T08:51:08.011+0000][72][gc,age      ] GC(21) - age   3:    2898992 bytes,    5403336 total
[2023-06-15T08:51:08.012+0000][72][gc,age      ] GC(21) - age   4:    4355048 bytes,    9758384 total
[2023-06-15T08:51:08.013+0000][72][gc,heap     ] GC(21) Eden regions: 32->0(32)
[2023-06-15T08:51:08.013+0000][72][gc,heap     ] GC(21) Survivor regions: 3->3(5)
[2023-06-15T08:51:08.014+0000][72][gc,heap     ] GC(21) Old regions: 12->12
[2023-06-15T08:51:08.014+0000][72][gc,heap     ] GC(21) Archive regions: 2->2
[2023-06-15T08:51:08.015+0000][72][gc,heap     ] GC(21) Humongous regions: 0->0
[2023-06-15T08:51:08.015+0000][72][gc,metaspace] GC(21) Metaspace: 65702K(67200K)->65702K(67200K) NonClass: 57313K(58112K)->57313K(58112K) Class: 8388K(9088K)->8388K(9088K)
[2023-06-15T08:51:08.016+0000][72][gc          ] GC(21) Pause Young (Normal) (G1 Evacuation Pause) 187M->59M(256M) 18.701ms
[2023-06-15T08:51:08.016+0000][72][gc,cpu      ] GC(21) User=0.02s Sys=0.00s Real=0.02s
[2023-06-15T08:51:08.017+0000][72][safepoint   ] Safepoint "G1CollectForAllocation", Time since last: 454705302 ns, Reaching safepoint: 193828 ns, At safepoint: 20034886 ns, Total: 20228714 ns
[2023-06-15T08:51:09.957+0000][72][safepoint   ] Safepoint "Cleanup", Time since last: 1938481551 ns, Reaching safepoint: 1200249 ns, At safepoint: 205069 ns, Total: 1405318 ns
[2023-06-15T08:51:09.999+0000][72][gc,start    ] GC(22) Pause Young (Normal) (G1 Evacuation Pause)
[2023-06-15T08:51:09.999+0000][72][gc,task     ] GC(22) Using 4 workers of 4 for evacuation
[2023-06-15T08:51:10.000+0000][72][gc,age      ] GC(22) Desired survivor size 10485760 bytes, new threshold 15 (max threshold 15)
[2023-06-15T08:51:10.015+0000][72][gc,phases   ] GC(22)   Pre Evacuate Collection Set: 0.1ms
[2023-06-15T08:51:10.016+0000][72][gc,phases   ] GC(22)   Merge Heap Roots: 0.1ms
[2023-06-15T08:51:10.017+0000][72][gc,phases   ] GC(22)   Evacuate Collection Set: 11.9ms
[2023-06-15T08:51:10.018+0000][72][gc,phases   ] GC(22)   Post Evacuate Collection Set: 1.9ms
[2023-06-15T08:51:10.018+0000][72][gc,phases   ] GC(22)   Other: 1.5ms
[2023-06-15T08:51:10.019+0000][72][gc,age      ] GC(22) Age table with threshold 15 (max threshold 15)
[2023-06-15T08:51:10.020+0000][72][gc,age      ] GC(22) - age   1:    7270840 bytes,    7270840 total
[2023-06-15T08:51:10.021+0000][72][gc,age      ] GC(22) - age   2:      88768 bytes,    7359608 total
[2023-06-15T08:51:10.022+0000][72][gc,age      ] GC(22) - age   3:    1997136 bytes,    9356744 total
[2023-06-15T08:51:10.023+0000][72][gc,age      ] GC(22) - age   4:    2897176 bytes,   12253920 total
[2023-06-15T08:51:10.023+0000][72][gc,age      ] GC(22) - age   5:    4351008 bytes,   16604928 total
[2023-06-15T08:51:10.024+0000][72][gc,heap     ] GC(22) Eden regions: 32->0(30)
[2023-06-15T08:51:10.025+0000][72][gc,heap     ] GC(22) Survivor regions: 3->5(5)
[2023-06-15T08:51:10.025+0000][72][gc,heap     ] GC(22) Old regions: 12->12
[2023-06-15T08:51:10.026+0000][72][gc,heap     ] GC(22) Archive regions: 2->2
[2023-06-15T08:51:10.027+0000][72][gc,heap     ] GC(22) Humongous regions: 0->0
[2023-06-15T08:51:10.027+0000][72][gc,metaspace] GC(22) Metaspace: 79524K(81024K)->79524K(81024K) NonClass: 69212K(70016K)->69212K(70016K) Class: 10312K(11008K)->10312K(11008K)
[2023-06-15T08:51:10.028+0000][72][gc          ] GC(22) Pause Young (Normal) (G1 Evacuation Pause) 187M->66M(256M) 28.962ms
[2023-06-15T08:51:10.028+0000][72][gc,cpu      ] GC(22) User=0.04s Sys=0.00s Real=0.03s
[2023-06-15T08:51:10.029+0000][72][safepoint   ] Safepoint "G1CollectForAllocation", Time since last: 41577223 ns, Reaching safepoint: 91102 ns, At safepoint: 30391554 ns, Total: 30482656 ns
[2023-06-15T08:51:11.218+0000][72][safepoint   ] Safepoint "Cleanup", Time since last: 1188534261 ns, Reaching safepoint: 931361 ns, At safepoint: 36418 ns, Total: 967779 ns
[2023-06-15T08:51:11.341+0000][72][gc,start    ] GC(23) Pause Young (Normal) (G1 Evacuation Pause)
[2023-06-15T08:51:11.342+0000][72][gc,task     ] GC(23) Using 4 workers of 4 for evacuation
[2023-06-15T08:51:11.345+0000][72][gc,age      ] GC(23) Desired survivor size 10485760 bytes, new threshold 4 (max threshold 15)
[2023-06-15T08:51:11.362+0000][72][gc,phases   ] GC(23)   Pre Evacuate Collection Set: 0.1ms
[2023-06-15T08:51:11.364+0000][72][gc,phases   ] GC(23)   Merge Heap Roots: 0.1ms
[2023-06-15T08:51:11.365+0000][72][gc,phases   ] GC(23)   Evacuate Collection Set: 15.3ms
[2023-06-15T08:51:11.366+0000][72][gc,phases   ] GC(23)   Post Evacuate Collection Set: 1.4ms
[2023-06-15T08:51:11.366+0000][72][gc,phases   ] GC(23)   Other: 2.9ms
[2023-06-15T08:51:11.367+0000][72][gc,age      ] GC(23) Age table with threshold 4 (max threshold 15)
[2023-06-15T08:51:11.368+0000][72][gc,age      ] GC(23) - age   1:    2838776 bytes,    2838776 total
[2023-06-15T08:51:11.368+0000][72][gc,age      ] GC(23) - age   2:    7080488 bytes,    9919264 total
[2023-06-15T08:51:11.369+0000][72][gc,age      ] GC(23) - age   3:      88736 bytes,   10008000 total
[2023-06-15T08:51:11.369+0000][72][gc,age      ] GC(23) - age   4:    1990376 bytes,   11998376 total
[2023-06-15T08:51:11.370+0000][72][gc,heap     ] GC(23) Eden regions: 30->0(30)
[2023-06-15T08:51:11.370+0000][72][gc,heap     ] GC(23) Survivor regions: 5->4(5)
[2023-06-15T08:51:11.371+0000][72][gc,heap     ] GC(23) Old regions: 12->14
[2023-06-15T08:51:11.371+0000][72][gc,heap     ] GC(23) Archive regions: 2->2
[2023-06-15T08:51:11.372+0000][72][gc,heap     ] GC(23) Humongous regions: 0->0
[2023-06-15T08:51:11.372+0000][72][gc,metaspace] GC(23) Metaspace: 90642K(92288K)->90642K(92288K) NonClass: 78961K(79872K)->78961K(79872K) Class: 11680K(12416K)->11680K(12416K)
[2023-06-15T08:51:11.373+0000][72][gc          ] GC(23) Pause Young (Normal) (G1 Evacuation Pause) 186M->69M(256M) 31.697ms
[2023-06-15T08:51:11.373+0000][72][gc,cpu      ] GC(23) User=0.04s Sys=0.00s Real=0.03s
[2023-06-15T08:51:11.374+0000][72][safepoint   ] Safepoint "G1CollectForAllocation", Time since last: 122398668 ns, Reaching safepoint: 219989 ns, At safepoint: 33334880 ns, Total: 33554869 ns
[2023-06-15T08:51:12.347+0000][72][safepoint   ] Safepoint "ICBufferFull", Time since last: 972346141 ns, Reaching safepoint: 405033 ns, At safepoint: 4616 ns, Total: 409649 ns
[2023-06-15T08:51:12.413+0000][72][gc,start    ] GC(24) Pause Young (Concurrent Start) (Metadata GC Threshold)
[2023-06-15T08:51:12.414+0000][72][gc,task     ] GC(24) Using 4 workers of 4 for evacuation
[2023-06-15T08:51:12.414+0000][72][gc,age      ] GC(24) Desired survivor size 10485760 bytes, new threshold 4 (max threshold 15)
[2023-06-15T08:51:12.428+0000][72][gc,phases   ] GC(24)   Pre Evacuate Collection Set: 0.3ms
[2023-06-15T08:51:12.429+0000][72][gc,phases   ] GC(24)   Merge Heap Roots: 0.1ms
[2023-06-15T08:51:12.429+0000][72][gc,phases   ] GC(24)   Evacuate Collection Set: 10.7ms
[2023-06-15T08:51:12.430+0000][72][gc,phases   ] GC(24)   Post Evacuate Collection Set: 1.1ms
[2023-06-15T08:51:12.431+0000][72][gc,phases   ] GC(24)   Other: 1.8ms
[2023-06-15T08:51:12.431+0000][72][gc,age      ] GC(24) Age table with threshold 4 (max threshold 15)
[2023-06-15T08:51:12.432+0000][72][gc,age      ] GC(24) - age   1:    4795376 bytes,    4795376 total
[2023-06-15T08:51:12.433+0000][72][gc,age      ] GC(24) - age   2:    2716600 bytes,    7511976 total
[2023-06-15T08:51:12.433+0000][72][gc,age      ] GC(24) - age   3:    7078752 bytes,   14590728 total
[2023-06-15T08:51:12.433+0000][72][gc,age      ] GC(24) - age   4:      88736 bytes,   14679464 total
[2023-06-15T08:51:12.434+0000][72][gc,heap     ] GC(24) Eden regions: 14->0(29)
[2023-06-15T08:51:12.435+0000][72][gc,heap     ] GC(24) Survivor regions: 4->4(5)
[2023-06-15T08:51:12.435+0000][72][gc,heap     ] GC(24) Old regions: 14->14
[2023-06-15T08:51:12.436+0000][72][gc,heap     ] GC(24) Archive regions: 2->2
[2023-06-15T08:51:12.438+0000][72][gc,heap     ] GC(24) Humongous regions: 0->0
[2023-06-15T08:51:12.439+0000][72][gc,metaspace] GC(24) Metaspace: 98881K(100928K)->98881K(100928K) NonClass: 86074K(87168K)->86074K(87168K) Class: 12806K(13760K)->12806K(13760K)
[2023-06-15T08:51:12.439+0000][72][gc          ] GC(24) Pause Young (Concurrent Start) (Metadata GC Threshold) 123M->75M(256M) 26.333ms
[2023-06-15T08:51:12.440+0000][72][gc,cpu      ] GC(24) User=0.03s Sys=0.00s Real=0.03s
[2023-06-15T08:51:12.440+0000][72][gc          ] GC(25) Concurrent Mark Cycle
[2023-06-15T08:51:12.442+0000][72][gc,marking  ] GC(25) Concurrent Clear Claimed Marks
[2023-06-15T08:51:12.441+0000][72][safepoint   ] Safepoint "CollectForMetadataAllocation", Time since last: 65746189 ns, Reaching safepoint: 89105 ns, At safepoint: 27709916 ns, Total: 27799021 ns
[2023-06-15T08:51:12.443+0000][72][gc,marking  ] GC(25) Concurrent Clear Claimed Marks 1.786ms
[2023-06-15T08:51:12.445+0000][72][gc,marking  ] GC(25) Concurrent Scan Root Regions
[2023-06-15T08:51:12.457+0000][72][gc,marking  ] GC(25) Concurrent Scan Root Regions 12.355ms
[2023-06-15T08:51:12.458+0000][72][gc,marking  ] GC(25) Concurrent Mark
[2023-06-15T08:51:12.458+0000][72][gc,marking  ] GC(25) Concurrent Mark From Roots
[2023-06-15T08:51:12.459+0000][72][gc,task     ] GC(25) Using 1 workers of 1 for marking
[2023-06-15T08:51:12.487+0000][72][safepoint   ] Safepoint "CollectForMetadataAllocation", Time since last: 45621032 ns, Reaching safepoint: 160946 ns, At safepoint: 181551 ns, Total: 342497 ns
[2023-06-15T08:51:12.520+0000][72][gc,marking  ] GC(25) Concurrent Mark From Roots 61.560ms
[2023-06-15T08:51:12.521+0000][72][gc,marking  ] GC(25) Concurrent Preclean
[2023-06-15T08:51:12.522+0000][72][gc,marking  ] GC(25) Concurrent Preclean 1.239ms
[2023-06-15T08:51:12.523+0000][72][gc,start    ] GC(25) Pause Remark
[2023-06-15T08:51:12.531+0000][72][gc          ] GC(25) Pause Remark 81M->81M(256M) 7.975ms
[2023-06-15T08:51:12.532+0000][72][gc,cpu      ] GC(25) User=0.01s Sys=0.00s Real=0.01s
[2023-06-15T08:51:12.532+0000][72][safepoint   ] Safepoint "G1PauseRemark", Time since last: 36009116 ns, Reaching safepoint: 296454 ns, At safepoint: 9350025 ns, Total: 9646479 ns
[2023-06-15T08:51:12.533+0000][72][gc,marking  ] GC(25) Concurrent Mark 75.152ms
[2023-06-15T08:51:12.533+0000][72][gc,marking  ] GC(25) Concurrent Rebuild Remembered Sets
[2023-06-15T08:51:12.534+0000][72][gc,marking  ] GC(25) Concurrent Rebuild Remembered Sets 0.523ms
[2023-06-15T08:51:12.535+0000][72][gc,start    ] GC(25) Pause Cleanup
[2023-06-15T08:51:12.535+0000][72][gc          ] GC(25) Pause Cleanup 81M->81M(256M) 0.506ms
[2023-06-15T08:51:12.536+0000][72][gc,cpu      ] GC(25) User=0.00s Sys=0.00s Real=0.00s
[2023-06-15T08:51:12.536+0000][72][safepoint   ] Safepoint "G1PauseCleanup", Time since last: 2122025 ns, Reaching safepoint: 169267 ns, At safepoint: 1381264 ns, Total: 1550531 ns
[2023-06-15T08:51:12.537+0000][72][gc,marking  ] GC(25) Concurrent Cleanup for Next Mark
[2023-06-15T08:51:12.538+0000][72][gc,marking  ] GC(25) Concurrent Cleanup for Next Mark 0.831ms
[2023-06-15T08:51:12.539+0000][72][gc          ] GC(25) Concurrent Mark Cycle 98.631ms
[2023-06-15T08:51:13.538+0000][72][safepoint   ] Safepoint "Cleanup", Time since last: 1001360054 ns, Reaching safepoint: 308834 ns, At safepoint: 26479 ns, Total: 335313 ns
[2023-06-15T08:51:14.130+0000][72][safepoint   ] Safepoint "ICBufferFull", Time since last: 592017166 ns, Reaching safepoint: 306469 ns, At safepoint: 8712 ns, Total: 315181 ns
[2023-06-15T08:51:14.333+0000][72][safepoint   ] Safepoint "ICBufferFull", Time since last: 202819288 ns, Reaching safepoint: 382582 ns, At safepoint: 32448 ns, Total: 415030 ns
[2023-06-15T08:51:14.867+0000][72][gc,start    ] GC(26) Pause Young (Normal) (G1 Evacuation Pause)
[2023-06-15T08:51:14.868+0000][72][gc,task     ] GC(26) Using 4 workers of 4 for evacuation
[2023-06-15T08:51:14.868+0000][72][gc,age      ] GC(26) Desired survivor size 10485760 bytes, new threshold 3 (max threshold 15)
[2023-06-15T08:51:14.888+0000][72][gc,phases   ] GC(26)   Pre Evacuate Collection Set: 0.1ms
[2023-06-15T08:51:14.889+0000][72][gc,phases   ] GC(26)   Merge Heap Roots: 0.2ms
[2023-06-15T08:51:14.890+0000][72][gc,phases   ] GC(26)   Evacuate Collection Set: 15.7ms
[2023-06-15T08:51:14.891+0000][72][gc,phases   ] GC(26)   Post Evacuate Collection Set: 2.7ms
[2023-06-15T08:51:14.892+0000][72][gc,phases   ] GC(26)   Other: 1.4ms
[2023-06-15T08:51:14.893+0000][72][gc,age      ] GC(26) Age table with threshold 3 (max threshold 15)
[2023-06-15T08:51:14.893+0000][72][gc,age      ] GC(26) - age   1:    7920528 bytes,    7920528 total
[2023-06-15T08:51:14.894+0000][72][gc,age      ] GC(26) - age   2:    4264392 bytes,   12184920 total
[2023-06-15T08:51:14.894+0000][72][gc,age      ] GC(26) - age   3:    2689992 bytes,   14874912 total
[2023-06-15T08:51:14.895+0000][72][gc,heap     ] GC(26) Eden regions: 29->0(27)
[2023-06-15T08:51:14.895+0000][72][gc,heap     ] GC(26) Survivor regions: 4->4(5)
[2023-06-15T08:51:14.896+0000][72][gc,heap     ] GC(26) Old regions: 14->16
[2023-06-15T08:51:14.896+0000][72][gc,heap     ] GC(26) Archive regions: 2->2
[2023-06-15T08:51:14.897+0000][72][gc,heap     ] GC(26) Humongous regions: 0->0
[2023-06-15T08:51:14.897+0000][72][gc,metaspace] GC(26) Metaspace: 112281K(115392K)->112281K(115392K) NonClass: 97354K(98944K)->97354K(98944K) Class: 14927K(16448K)->14927K(16448K)
[2023-06-15T08:51:14.898+0000][72][gc          ] GC(26) Pause Young (Normal) (G1 Evacuation Pause) 191M->81M(256M) 31.580ms
[2023-06-15T08:51:14.899+0000][72][gc,cpu      ] GC(26) User=0.05s Sys=0.00s Real=0.04s
[2023-06-15T08:51:14.899+0000][72][safepoint   ] Safepoint "G1CollectForAllocation", Time since last: 533292601 ns, Reaching safepoint: 224325 ns, At safepoint: 32685360 ns, Total: 32909685 ns
[2023-06-15T08:51:15.631+0000][72][safepoint   ] Safepoint "ICBufferFull", Time since last: 730980105 ns, Reaching safepoint: 257559 ns, At safepoint: 27332 ns, Total: 284891 ns
[2023-06-15T08:51:16.547+0000][72][safepoint   ] Safepoint "ICBufferFull", Time since last: 915482459 ns, Reaching safepoint: 273732 ns, At safepoint: 32423 ns, Total: 306155 ns
[2023-06-15T08:51:16.648+0000][72][gc,start    ] GC(27) Pause Young (Normal) (G1 Evacuation Pause)
[2023-06-15T08:51:16.649+0000][72][gc,task     ] GC(27) Using 4 workers of 4 for evacuation
[2023-06-15T08:51:16.650+0000][72][gc,age      ] GC(27) Desired survivor size 8388608 bytes, new threshold 2 (max threshold 15)
[2023-06-15T08:51:16.690+0000][72][gc,phases   ] GC(27)   Pre Evacuate Collection Set: 0.2ms
[2023-06-15T08:51:16.691+0000][72][gc,phases   ] GC(27)   Merge Heap Roots: 0.1ms
[2023-06-15T08:51:16.692+0000][72][gc,phases   ] GC(27)   Evacuate Collection Set: 33.7ms
[2023-06-15T08:51:16.693+0000][72][gc,phases   ] GC(27)   Post Evacuate Collection Set: 5.5ms
[2023-06-15T08:51:16.694+0000][72][gc,phases   ] GC(27)   Other: 1.6ms
[2023-06-15T08:51:16.694+0000][72][gc,age      ] GC(27) Age table with threshold 2 (max threshold 15)
[2023-06-15T08:51:16.695+0000][72][gc,age      ] GC(27) - age   1:    9745328 bytes,    9745328 total
[2023-06-15T08:51:16.696+0000][72][gc,age      ] GC(27) - age   2:    7016584 bytes,   16761912 total
[2023-06-15T08:51:16.696+0000][72][gc,heap     ] GC(27) Eden regions: 27->0(19)
[2023-06-15T08:51:16.697+0000][72][gc,heap     ] GC(27) Survivor regions: 4->4(4)
[2023-06-15T08:51:16.698+0000][72][gc,heap     ] GC(27) Old regions: 16->21
[2023-06-15T08:51:16.698+0000][72][gc,heap     ] GC(27) Archive regions: 2->2
[2023-06-15T08:51:16.699+0000][72][gc,heap     ] GC(27) Humongous regions: 0->0
[2023-06-15T08:51:16.700+0000][72][gc,metaspace] GC(27) Metaspace: 119449K(122560K)->119449K(122560K) NonClass: 103401K(105024K)->103401K(105024K) Class: 16047K(17536K)->16047K(17536K)
[2023-06-15T08:51:16.701+0000][72][gc          ] GC(27) Pause Young (Normal) (G1 Evacuation Pause) 189M->101M(256M) 52.638ms
[2023-06-15T08:51:16.702+0000][72][gc,cpu      ] GC(27) User=0.12s Sys=0.01s Real=0.05s
[2023-06-15T08:51:16.702+0000][72][safepoint   ] Safepoint "G1CollectForAllocation", Time since last: 101694505 ns, Reaching safepoint: 70482 ns, At safepoint: 53996969 ns, Total: 54067451 ns
[2023-06-15T08:51:16.821+0000][72][gc,start    ] GC(28) Pause Young (Concurrent Start) (G1 Humongous Allocation)
[2023-06-15T08:51:16.822+0000][72][gc,task     ] GC(28) Using 4 workers of 4 for evacuation
[2023-06-15T08:51:16.823+0000][72][gc,age      ] GC(28) Desired survivor size 6291456 bytes, new threshold 1 (max threshold 15)
[2023-06-15T08:51:16.842+0000][72][gc,phases   ] GC(28)   Pre Evacuate Collection Set: 0.4ms
[2023-06-15T08:51:16.843+0000][72][gc,phases   ] GC(28)   Merge Heap Roots: 0.1ms
[2023-06-15T08:51:16.844+0000][72][gc,phases   ] GC(28)   Evacuate Collection Set: 16.8ms
[2023-06-15T08:51:16.845+0000][72][gc,phases   ] GC(28)   Post Evacuate Collection Set: 1.3ms
[2023-06-15T08:51:16.845+0000][72][gc,phases   ] GC(28)   Other: 1.5ms
[2023-06-15T08:51:16.846+0000][72][gc,age      ] GC(28) Age table with threshold 1 (max threshold 15)
[2023-06-15T08:51:16.846+0000][72][gc,age      ] GC(28) - age   1:   11545320 bytes,   11545320 total
[2023-06-15T08:51:16.847+0000][72][gc,heap     ] GC(28) Eden regions: 8->0(14)
[2023-06-15T08:51:16.847+0000][72][gc,heap     ] GC(28) Survivor regions: 4->3(3)
[2023-06-15T08:51:16.848+0000][72][gc,heap     ] GC(28) Old regions: 21->25
[2023-06-15T08:51:16.849+0000][72][gc,heap     ] GC(28) Archive regions: 2->2
[2023-06-15T08:51:16.849+0000][72][gc,heap     ] GC(28) Humongous regions: 0->0
[2023-06-15T08:51:16.850+0000][72][gc,metaspace] GC(28) Metaspace: 119807K(122816K)->119807K(122816K) NonClass: 103722K(105280K)->103722K(105280K) Class: 16084K(17536K)->16084K(17536K)
[2023-06-15T08:51:16.850+0000][72][gc          ] GC(28) Pause Young (Concurrent Start) (G1 Humongous Allocation) 131M->115M(256M) 29.109ms
[2023-06-15T08:51:16.851+0000][72][gc,cpu      ] GC(28) User=0.05s Sys=0.00s Real=0.03s
[2023-06-15T08:51:16.851+0000][72][gc          ] GC(29) Concurrent Mark Cycle
[2023-06-15T08:51:16.852+0000][72][gc,marking  ] GC(29) Concurrent Clear Claimed Marks
[2023-06-15T08:51:16.851+0000][72][safepoint   ] Safepoint "G1TryInitiateConcMark", Time since last: 118772187 ns, Reaching safepoint: 93817 ns, At safepoint: 30230771 ns, Total: 30324588 ns
[2023-06-15T08:51:16.854+0000][72][gc,marking  ] GC(29) Concurrent Clear Claimed Marks 1.583ms
[2023-06-15T08:51:16.855+0000][72][gc,marking  ] GC(29) Concurrent Scan Root Regions
[2023-06-15T08:51:16.876+0000][72][gc,marking  ] GC(29) Concurrent Scan Root Regions 20.683ms
[2023-06-15T08:51:16.877+0000][72][gc,marking  ] GC(29) Concurrent Mark
[2023-06-15T08:51:16.877+0000][72][gc,marking  ] GC(29) Concurrent Mark From Roots
[2023-06-15T08:51:16.878+0000][72][gc,task     ] GC(29) Using 1 workers of 1 for marking
[2023-06-15T08:51:17.051+0000][72][gc,marking  ] GC(29) Concurrent Mark From Roots 173.630ms
[2023-06-15T08:51:17.053+0000][72][gc,marking  ] GC(29) Concurrent Preclean
[2023-06-15T08:51:17.054+0000][72][gc,marking  ] GC(29) Concurrent Preclean 1.483ms
[2023-06-15T08:51:17.056+0000][72][gc,start    ] GC(29) Pause Remark
[2023-06-15T08:51:17.062+0000][72][gc          ] GC(29) Pause Remark 129M->129M(256M) 6.773ms
[2023-06-15T08:51:17.064+0000][72][gc,cpu      ] GC(29) User=0.02s Sys=0.00s Real=0.01s
[2023-06-15T08:51:17.065+0000][72][safepoint   ] Safepoint "G1PauseRemark", Time since last: 203985412 ns, Reaching safepoint: 278423 ns, At safepoint: 9210089 ns, Total: 9488512 ns
[2023-06-15T08:51:17.066+0000][72][gc,marking  ] GC(29) Concurrent Mark 189.087ms
[2023-06-15T08:51:17.066+0000][72][gc,marking  ] GC(29) Concurrent Rebuild Remembered Sets
[2023-06-15T08:51:17.258+0000][72][gc,marking  ] GC(29) Concurrent Rebuild Remembered Sets 191.714ms
[2023-06-15T08:51:17.260+0000][72][gc,start    ] GC(29) Pause Cleanup
[2023-06-15T08:51:17.261+0000][72][gc          ] GC(29) Pause Cleanup 133M->133M(256M) 0.801ms
[2023-06-15T08:51:17.262+0000][72][gc,cpu      ] GC(29) User=0.00s Sys=0.00s Real=0.00s
[2023-06-15T08:51:17.263+0000][72][safepoint   ] Safepoint "G1PauseCleanup", Time since last: 194526760 ns, Reaching safepoint: 932674 ns, At safepoint: 2486413 ns, Total: 3419087 ns
[2023-06-15T08:51:17.264+0000][72][gc,marking  ] GC(29) Concurrent Cleanup for Next Mark
[2023-06-15T08:51:17.265+0000][72][gc,marking  ] GC(29) Concurrent Cleanup for Next Mark 1.265ms
[2023-06-15T08:51:17.266+0000][72][gc          ] GC(29) Concurrent Mark Cycle 414.871ms
[2023-06-15T08:51:18.229+0000][72][safepoint   ] Safepoint "ICBufferFull", Time since last: 965209273 ns, Reaching safepoint: 867961 ns, At safepoint: 82273 ns, Total: 950234 ns
[2023-06-15T08:51:18.819+0000][72][safepoint   ] Safepoint "ICBufferFull", Time since last: 589875768 ns, Reaching safepoint: 385959 ns, At safepoint: 17692 ns, Total: 403651 ns
[2023-06-15T08:51:19.171+0000][72][gc,start    ] GC(30) Pause Young (Prepare Mixed) (G1 Evacuation Pause)
[2023-06-15T08:51:19.172+0000][72][gc,task     ] GC(30) Using 4 workers of 4 for evacuation
[2023-06-15T08:51:19.173+0000][72][gc,age      ] GC(30) Desired survivor size 6291456 bytes, new threshold 1 (max threshold 15)
[2023-06-15T08:51:19.188+0000][72][gc,phases   ] GC(30)   Pre Evacuate Collection Set: 0.1ms
[2023-06-15T08:51:19.189+0000][72][gc,phases   ] GC(30)   Merge Heap Roots: 0.3ms
[2023-06-15T08:51:19.190+0000][72][gc,phases   ] GC(30)   Evacuate Collection Set: 13.3ms
[2023-06-15T08:51:19.190+0000][72][gc,phases   ] GC(30)   Post Evacuate Collection Set: 1.2ms
[2023-06-15T08:51:19.191+0000][72][gc,phases   ] GC(30)   Other: 1.4ms
[2023-06-15T08:51:19.192+0000][72][gc,age      ] GC(30) Age table with threshold 1 (max threshold 15)
[2023-06-15T08:51:19.192+0000][72][gc,age      ] GC(30) - age   1:    5772040 bytes,    5772040 total
[2023-06-15T08:51:19.193+0000][72][gc,heap     ] GC(30) Eden regions: 14->0(1)
[2023-06-15T08:51:19.193+0000][72][gc,heap     ] GC(30) Survivor regions: 3->2(3)
[2023-06-15T08:51:19.194+0000][72][gc,heap     ] GC(30) Old regions: 25->29
[2023-06-15T08:51:19.194+0000][72][gc,heap     ] GC(30) Archive regions: 2->2
[2023-06-15T08:51:19.195+0000][72][gc,heap     ] GC(30) Humongous regions: 2->2
[2023-06-15T08:51:19.196+0000][72][gc,metaspace] GC(30) Metaspace: 123085K(126208K)->123085K(126208K) NonClass: 106590K(108224K)->106590K(108224K) Class: 16495K(17984K)->16495K(17984K)
[2023-06-15T08:51:19.196+0000][72][gc          ] GC(30) Pause Young (Prepare Mixed) (G1 Evacuation Pause) 179M->131M(256M) 25.266ms
[2023-06-15T08:51:19.197+0000][72][gc,cpu      ] GC(30) User=0.04s Sys=0.01s Real=0.02s
[2023-06-15T08:51:19.197+0000][72][safepoint   ] Safepoint "G1CollectForAllocation", Time since last: 351436331 ns, Reaching safepoint: 310497 ns, At safepoint: 26333767 ns, Total: 26644264 ns
[2023-06-15T08:51:19.446+0000][72][gc,start    ] GC(31) Pause Young (Mixed) (G1 Evacuation Pause)
[2023-06-15T08:51:19.447+0000][72][gc,task     ] GC(31) Using 4 workers of 4 for evacuation
[2023-06-15T08:51:19.448+0000][72][gc,age      ] GC(31) Desired survivor size 2097152 bytes, new threshold 1 (max threshold 15)
[2023-06-15T08:51:19.461+0000][72][gc,phases   ] GC(31)   Pre Evacuate Collection Set: 0.1ms
[2023-06-15T08:51:19.462+0000][72][gc,phases   ] GC(31)   Merge Heap Roots: 0.1ms
[2023-06-15T08:51:19.463+0000][72][gc,phases   ] GC(31)   Evacuate Collection Set: 10.2ms
[2023-06-15T08:51:19.464+0000][72][gc,phases   ] GC(31)   Post Evacuate Collection Set: 1.0ms
[2023-06-15T08:51:19.465+0000][72][gc,phases   ] GC(31)   Other: 2.3ms
[2023-06-15T08:51:19.465+0000][72][gc,age      ] GC(31) Age table with threshold 1 (max threshold 15)
[2023-06-15T08:51:19.466+0000][72][gc,age      ] GC(31) - age   1:     269080 bytes,     269080 total
[2023-06-15T08:51:19.467+0000][72][gc,heap     ] GC(31) Eden regions: 1->0(11)
[2023-06-15T08:51:19.468+0000][72][gc,heap     ] GC(31) Survivor regions: 2->1(1)
[2023-06-15T08:51:19.468+0000][72][gc,heap     ] GC(31) Old regions: 29->30
[2023-06-15T08:51:19.469+0000][72][gc,heap     ] GC(31) Archive regions: 2->2
[2023-06-15T08:51:19.469+0000][72][gc,heap     ] GC(31) Humongous regions: 2->2
[2023-06-15T08:51:19.470+0000][72][gc,metaspace] GC(31) Metaspace: 123170K(126272K)->123170K(126272K) NonClass: 106668K(108288K)->106668K(108288K) Class: 16501K(17984K)->16501K(17984K)
[2023-06-15T08:51:19.471+0000][72][gc          ] GC(31) Pause Young (Mixed) (G1 Evacuation Pause) 135M->131M(256M) 24.701ms
[2023-06-15T08:51:19.471+0000][72][gc,cpu      ] GC(31) User=0.04s Sys=0.00s Real=0.03s
[2023-06-15T08:51:19.472+0000][72][safepoint   ] Safepoint "G1CollectForAllocation", Time since last: 248504773 ns, Reaching safepoint: 251953 ns, At safepoint: 25930361 ns, Total: 26182314 ns
[2023-06-15T08:51:20.177+0000][72][safepoint   ] Safepoint "ICBufferFull", Time since last: 702195597 ns, Reaching safepoint: 2663030 ns, At safepoint: 60918 ns, Total: 2723948 ns
[2023-06-15T08:51:20.647+0000][72][safepoint   ] Safepoint "ICBufferFull", Time since last: 469555909 ns, Reaching safepoint: 548540 ns, At safepoint: 12427 ns, Total: 560967 ns
[2023-06-15T08:51:20.650+0000][72][safepoint   ] Safepoint "ICBufferFull", Time since last: 2645032 ns, Reaching safepoint: 583404 ns, At safepoint: 49944 ns, Total: 633348 ns
[2023-06-15T08:51:21.612+0000][72][gc,start    ] GC(32) Pause Young (Concurrent Start) (G1 Evacuation Pause)
[2023-06-15T08:51:21.612+0000][72][gc,task     ] GC(32) Using 4 workers of 4 for evacuation
[2023-06-15T08:51:21.613+0000][72][gc,age      ] GC(32) Desired survivor size 4194304 bytes, new threshold 15 (max threshold 15)
[2023-06-15T08:51:21.619+0000][72][gc,phases   ] GC(32)   Pre Evacuate Collection Set: 0.6ms
[2023-06-15T08:51:21.620+0000][72][gc,phases   ] GC(32)   Merge Heap Roots: 0.1ms
[2023-06-15T08:51:21.620+0000][72][gc,phases   ] GC(32)   Evacuate Collection Set: 3.3ms
[2023-06-15T08:51:21.621+0000][72][gc,phases   ] GC(32)   Post Evacuate Collection Set: 0.9ms
[2023-06-15T08:51:21.621+0000][72][gc,phases   ] GC(32)   Other: 1.5ms
[2023-06-15T08:51:21.622+0000][72][gc,age      ] GC(32) Age table with threshold 15 (max threshold 15)
[2023-06-15T08:51:21.623+0000][72][gc,age      ] GC(32) - age   1:    3524152 bytes,    3524152 total
[2023-06-15T08:51:21.623+0000][72][gc,age      ] GC(32) - age   2:     119360 bytes,    3643512 total
[2023-06-15T08:51:21.624+0000][72][gc,heap     ] GC(32) Eden regions: 11->0(12)
[2023-06-15T08:51:21.624+0000][72][gc,heap     ] GC(32) Survivor regions: 1->1(2)
[2023-06-15T08:51:21.625+0000][72][gc,heap     ] GC(32) Old regions: 30->30
[2023-06-15T08:51:21.625+0000][72][gc,heap     ] GC(32) Archive regions: 2->2
[2023-06-15T08:51:21.626+0000][72][gc,heap     ] GC(32) Humongous regions: 2->2
[2023-06-15T08:51:21.627+0000][72][gc,metaspace] GC(32) Metaspace: 126002K(129152K)->126002K(129152K) NonClass: 109074K(110720K)->109074K(110720K) Class: 16927K(18432K)->16927K(18432K)
[2023-06-15T08:51:21.627+0000][72][gc          ] GC(32) Pause Young (Concurrent Start) (G1 Evacuation Pause) 175M->133M(256M) 15.839ms
[2023-06-15T08:51:21.629+0000][72][gc          ] GC(33) Concurrent Mark Cycle
[2023-06-15T08:51:21.629+0000][72][gc,marking  ] GC(33) Concurrent Clear Claimed Marks
[2023-06-15T08:51:21.629+0000][72][gc,cpu      ] GC(32) User=0.01s Sys=0.00s Real=0.02s
[2023-06-15T08:51:21.630+0000][72][gc,marking  ] GC(33) Concurrent Clear Claimed Marks 0.906ms
[2023-06-15T08:51:21.631+0000][72][gc,marking  ] GC(33) Concurrent Scan Root Regions
[2023-06-15T08:51:21.630+0000][72][safepoint   ] Safepoint "G1CollectForAllocation", Time since last: 960105654 ns, Reaching safepoint: 1142584 ns, At safepoint: 18776379 ns, Total: 19918963 ns
[2023-06-15T08:51:21.678+0000][72][gc,marking  ] GC(33) Concurrent Scan Root Regions 46.569ms
[2023-06-15T08:51:21.680+0000][72][gc,marking  ] GC(33) Concurrent Mark
[2023-06-15T08:51:21.681+0000][72][gc,marking  ] GC(33) Concurrent Mark From Roots
[2023-06-15T08:51:21.683+0000][72][gc,task     ] GC(33) Using 1 workers of 1 for marking
[2023-06-15T08:51:22.061+0000][72][gc,start    ] GC(34) Pause Young (Normal) (G1 Evacuation Pause)
[2023-06-15T08:51:22.062+0000][72][gc,task     ] GC(34) Using 4 workers of 4 for evacuation
[2023-06-15T08:51:22.062+0000][72][gc,age      ] GC(34) Desired survivor size 4194304 bytes, new threshold 15 (max threshold 15)
[2023-06-15T08:51:22.069+0000][72][gc,phases   ] GC(34)   Pre Evacuate Collection Set: 0.3ms
[2023-06-15T08:51:22.070+0000][72][gc,phases   ] GC(34)   Merge Heap Roots: 0.1ms
[2023-06-15T08:51:22.071+0000][72][gc,phases   ] GC(34)   Evacuate Collection Set: 4.0ms
[2023-06-15T08:51:22.072+0000][72][gc,phases   ] GC(34)   Post Evacuate Collection Set: 1.1ms
[2023-06-15T08:51:22.072+0000][72][gc,phases   ] GC(34)   Other: 1.7ms
[2023-06-15T08:51:22.073+0000][72][gc,age      ] GC(34) Age table with threshold 15 (max threshold 15)
[2023-06-15T08:51:22.074+0000][72][gc,age      ] GC(34) - age   1:    1640216 bytes,    1640216 total
[2023-06-15T08:51:22.074+0000][72][gc,age      ] GC(34) - age   2:    3068872 bytes,    4709088 total
[2023-06-15T08:51:22.075+0000][72][gc,age      ] GC(34) - age   3:     119328 bytes,    4828416 total
[2023-06-15T08:51:22.075+0000][72][gc,heap     ] GC(34) Eden regions: 12->0(12)
[2023-06-15T08:51:22.076+0000][72][gc,heap     ] GC(34) Survivor regions: 1->2(2)
[2023-06-15T08:51:22.076+0000][72][gc,heap     ] GC(34) Old regions: 30->30
[2023-06-15T08:51:22.077+0000][72][gc,heap     ] GC(34) Archive regions: 2->2
[2023-06-15T08:51:22.078+0000][72][gc,heap     ] GC(34) Humongous regions: 2->2
[2023-06-15T08:51:22.078+0000][72][gc,metaspace] GC(34) Metaspace: 126098K(129216K)->126098K(129216K) NonClass: 109163K(110784K)->109163K(110784K) Class: 16934K(18432K)->16934K(18432K)
[2023-06-15T08:51:22.079+0000][72][gc          ] GC(34) Pause Young (Normal) (G1 Evacuation Pause) 181M->135M(256M) 17.911ms
[2023-06-15T08:51:22.080+0000][72][gc,cpu      ] GC(34) User=0.02s Sys=0.01s Real=0.02s
[2023-06-15T08:51:22.080+0000][72][safepoint   ] Safepoint "G1CollectForAllocation", Time since last: 429948331 ns, Reaching safepoint: 505822 ns, At safepoint: 19597089 ns, Total: 20102911 ns
[2023-06-15T08:51:22.369+0000][72][gc,marking  ] GC(33) Concurrent Mark From Roots 687.838ms
[2023-06-15T08:51:22.370+0000][72][gc,marking  ] GC(33) Concurrent Preclean
[2023-06-15T08:51:22.372+0000][72][gc,marking  ] GC(33) Concurrent Preclean 1.778ms
[2023-06-15T08:51:22.374+0000][72][gc,start    ] GC(33) Pause Remark
[2023-06-15T08:51:22.397+0000][72][gc          ] GC(33) Pause Remark 167M->167M(256M) 22.935ms
[2023-06-15T08:51:22.398+0000][72][gc,cpu      ] GC(33) User=0.03s Sys=0.00s Real=0.03s
[2023-06-15T08:51:22.399+0000][72][safepoint   ] Safepoint "G1PauseRemark", Time since last: 292764015 ns, Reaching safepoint: 676920 ns, At safepoint: 24870864 ns, Total: 25547784 ns
[2023-06-15T08:51:22.403+0000][72][gc,marking  ] GC(33) Concurrent Mark 722.342ms
[2023-06-15T08:51:22.404+0000][72][gc,marking  ] GC(33) Concurrent Rebuild Remembered Sets
[2023-06-15T08:51:22.837+0000][72][gc,marking  ] GC(33) Concurrent Rebuild Remembered Sets 432.768ms
[2023-06-15T08:51:22.846+0000][72][gc,start    ] GC(33) Pause Cleanup
[2023-06-15T08:51:22.847+0000][72][gc          ] GC(33) Pause Cleanup 174M->174M(256M) 1.574ms
[2023-06-15T08:51:22.848+0000][72][gc,cpu      ] GC(33) User=0.00s Sys=0.00s Real=0.01s
[2023-06-15T08:51:22.849+0000][72][safepoint   ] Safepoint "G1PauseCleanup", Time since last: 439027336 ns, Reaching safepoint: 8017699 ns, At safepoint: 3010493 ns, Total: 11028192 ns
[2023-06-15T08:51:22.850+0000][72][gc,marking  ] GC(33) Concurrent Cleanup for Next Mark
[2023-06-15T08:51:22.851+0000][72][gc,marking  ] GC(33) Concurrent Cleanup for Next Mark 1.224ms
[2023-06-15T08:51:22.852+0000][72][gc          ] GC(33) Concurrent Mark Cycle 1222.960ms
[2023-06-15T08:51:23.411+0000][72][gc,start    ] GC(35) Pause Young (Prepare Mixed) (G1 Evacuation Pause)
[2023-06-15T08:51:23.412+0000][72][gc,task     ] GC(35) Using 4 workers of 4 for evacuation
[2023-06-15T08:51:23.413+0000][72][gc,age      ] GC(35) Desired survivor size 4194304 bytes, new threshold 2 (max threshold 15)
[2023-06-15T08:51:23.422+0000][72][gc,phases   ] GC(35)   Pre Evacuate Collection Set: 0.2ms
[2023-06-15T08:51:23.423+0000][72][gc,phases   ] GC(35)   Merge Heap Roots: 0.3ms
[2023-06-15T08:51:23.424+0000][72][gc,phases   ] GC(35)   Evacuate Collection Set: 7.2ms
[2023-06-15T08:51:23.424+0000][72][gc,phases   ] GC(35)   Post Evacuate Collection Set: 0.7ms
[2023-06-15T08:51:23.425+0000][72][gc,phases   ] GC(35)   Other: 1.6ms
[2023-06-15T08:51:23.426+0000][72][gc,age      ] GC(35) Age table with threshold 2 (max threshold 15)
[2023-06-15T08:51:23.427+0000][72][gc,age      ] GC(35) - age   1:    2894928 bytes,    2894928 total
[2023-06-15T08:51:23.427+0000][72][gc,age      ] GC(35) - age   2:     388848 bytes,    3283776 total
[2023-06-15T08:51:23.429+0000][72][gc,heap     ] GC(35) Eden regions: 12->0(2)
[2023-06-15T08:51:23.429+0000][72][gc,heap     ] GC(35) Survivor regions: 2->1(2)
[2023-06-15T08:51:23.430+0000][72][gc,heap     ] GC(35) Old regions: 30->31
[2023-06-15T08:51:23.431+0000][72][gc,heap     ] GC(35) Archive regions: 2->2
[2023-06-15T08:51:23.432+0000][72][gc,heap     ] GC(35) Humongous regions: 2->2
[2023-06-15T08:51:23.433+0000][72][gc,metaspace] GC(35) Metaspace: 126425K(129600K)->126425K(129600K) NonClass: 109467K(111104K)->109467K(111104K) Class: 16958K(18496K)->16958K(18496K)
[2023-06-15T08:51:23.434+0000][72][gc          ] GC(35) Pause Young (Prepare Mixed) (G1 Evacuation Pause) 183M->136M(256M) 22.558ms
[2023-06-15T08:51:23.435+0000][72][gc,cpu      ] GC(35) User=0.01s Sys=0.00s Real=0.02s
[2023-06-15T08:51:23.436+0000][72][safepoint   ] Safepoint "G1CollectForAllocation", Time since last: 561744472 ns, Reaching safepoint: 449448 ns, At safepoint: 24585104 ns, Total: 25034552 ns
[2023-06-15T08:51:23.993+0000][72][gc,start    ] GC(36) Pause Young (Mixed) (G1 Evacuation Pause)
[2023-06-15T08:51:23.994+0000][72][gc,task     ] GC(36) Using 4 workers of 4 for evacuation
[2023-06-15T08:51:23.994+0000][72][gc,age      ] GC(36) Desired survivor size 2097152 bytes, new threshold 1 (max threshold 15)
[2023-06-15T08:51:24.000+0000][72][gc,phases   ] GC(36)   Pre Evacuate Collection Set: 0.1ms
[2023-06-15T08:51:24.001+0000][72][gc,phases   ] GC(36)   Merge Heap Roots: 0.1ms
[2023-06-15T08:51:24.002+0000][72][gc,phases   ] GC(36)   Evacuate Collection Set: 3.8ms
[2023-06-15T08:51:24.003+0000][72][gc,phases   ] GC(36)   Post Evacuate Collection Set: 1.1ms
[2023-06-15T08:51:24.003+0000][72][gc,phases   ] GC(36)   Other: 1.2ms
[2023-06-15T08:51:24.004+0000][72][gc,age      ] GC(36) Age table with threshold 1 (max threshold 15)
[2023-06-15T08:51:24.005+0000][72][gc,age      ] GC(36) - age   1:     985416 bytes,     985416 total
[2023-06-15T08:51:24.005+0000][72][gc,heap     ] GC(36) Eden regions: 2->0(13)
[2023-06-15T08:51:24.006+0000][72][gc,heap     ] GC(36) Survivor regions: 1->1(1)
[2023-06-15T08:51:24.006+0000][72][gc,heap     ] GC(36) Old regions: 31->31
[2023-06-15T08:51:24.007+0000][72][gc,heap     ] GC(36) Archive regions: 2->2
[2023-06-15T08:51:24.007+0000][72][gc,heap     ] GC(36) Humongous regions: 2->2
[2023-06-15T08:51:24.009+0000][72][gc,metaspace] GC(36) Metaspace: 126809K(129984K)->126809K(129984K) NonClass: 109796K(111424K)->109796K(111424K) Class: 17012K(18560K)->17012K(18560K)
[2023-06-15T08:51:24.009+0000][72][gc          ] GC(36) Pause Young (Mixed) (G1 Evacuation Pause) 144M->135M(256M) 16.314ms
[2023-06-15T08:51:24.010+0000][72][gc,cpu      ] GC(36) User=0.01s Sys=0.00s Real=0.02s
[2023-06-15T08:51:24.010+0000][72][safepoint   ] Safepoint "G1CollectForAllocation", Time since last: 556998040 ns, Reaching safepoint: 259815 ns, At safepoint: 17361454 ns, Total: 17621269 ns
[2023-06-15T08:51:25.011+0000][72][safepoint   ] Safepoint "Cleanup", Time since last: 1000845076 ns, Reaching safepoint: 197130 ns, At safepoint: 55450 ns, Total: 252580 ns
[2023-06-15T08:51:26.055+0000][72][safepoint   ] Safepoint "Cleanup", Time since last: 1043669162 ns, Reaching safepoint: 174268 ns, At safepoint: 13322 ns, Total: 187590 ns
[2023-06-15T08:51:27.152+0000][72][safepoint   ] Safepoint "Cleanup", Time since last: 1096353020 ns, Reaching safepoint: 237348 ns, At safepoint: 27237 ns, Total: 264585 ns
[2023-06-15T08:51:28.153+0000][72][safepoint   ] Safepoint "Cleanup", Time since last: 1001153182 ns, Reaching safepoint: 167485 ns, At safepoint: 4593 ns, Total: 172078 ns
[2023-06-15T08:51:29.133+0000][72][safepoint   ] Safepoint "Cleanup", Time since last: 1001566924 ns, Reaching safepoint: 171066 ns, At safepoint: 4317 ns, Total: 175383 ns
[2023-06-15T08:51:29.878+0000][72][gc,start    ] GC(37) Pause Young (Concurrent Start) (G1 Evacuation Pause)
[2023-06-15T08:51:29.879+0000][72][gc,task     ] GC(37) Using 4 workers of 4 for evacuation
[2023-06-15T08:51:29.880+0000][72][gc,age      ] GC(37) Desired survivor size 4194304 bytes, new threshold 15 (max threshold 15)
[2023-06-15T08:51:29.886+0000][72][gc,phases   ] GC(37)   Pre Evacuate Collection Set: 0.5ms
[2023-06-15T08:51:29.887+0000][72][gc,phases   ] GC(37)   Merge Heap Roots: 0.1ms
[2023-06-15T08:51:29.887+0000][72][gc,phases   ] GC(37)   Evacuate Collection Set: 3.5ms
[2023-06-15T08:51:29.888+0000][72][gc,phases   ] GC(37)   Post Evacuate Collection Set: 0.9ms
[2023-06-15T08:51:29.888+0000][72][gc,phases   ] GC(37)   Other: 1.8ms
[2023-06-15T08:51:29.889+0000][72][gc,age      ] GC(37) Age table with threshold 15 (max threshold 15)
[2023-06-15T08:51:29.890+0000][72][gc,age      ] GC(37) - age   1:    2535000 bytes,    2535000 total
[2023-06-15T08:51:29.891+0000][72][gc,age      ] GC(37) - age   2:     464568 bytes,    2999568 total
[2023-06-15T08:51:29.892+0000][72][gc,heap     ] GC(37) Eden regions: 13->0(13)
[2023-06-15T08:51:29.892+0000][72][gc,heap     ] GC(37) Survivor regions: 1->1(2)
[2023-06-15T08:51:29.893+0000][72][gc,heap     ] GC(37) Old regions: 31->31
[2023-06-15T08:51:29.893+0000][72][gc,heap     ] GC(37) Archive regions: 2->2
[2023-06-15T08:51:29.894+0000][72][gc,heap     ] GC(37) Humongous regions: 2->2
[2023-06-15T08:51:29.895+0000][72][gc,metaspace] GC(37) Metaspace: 130192K(133376K)->130192K(133376K) NonClass: 112706K(114304K)->112706K(114304K) Class: 17486K(19072K)->17486K(19072K)
[2023-06-15T08:51:29.895+0000][72][gc          ] GC(37) Pause Young (Concurrent Start) (G1 Evacuation Pause) 187M->137M(256M) 17.441ms
[2023-06-15T08:51:29.896+0000][72][gc          ] GC(38) Concurrent Mark Cycle
[2023-06-15T08:51:29.896+0000][72][gc,marking  ] GC(38) Concurrent Clear Claimed Marks
[2023-06-15T08:51:29.896+0000][72][gc,cpu      ] GC(37) User=0.01s Sys=0.00s Real=0.01s
[2023-06-15T08:51:29.898+0000][72][safepoint   ] Safepoint "G1CollectForAllocation", Time since last: 743113087 ns, Reaching safepoint: 1265493 ns, At safepoint: 19913295 ns, Total: 21178788 ns
[2023-06-15T08:51:29.899+0000][72][gc,marking  ] GC(38) Concurrent Clear Claimed Marks 2.159ms
[2023-06-15T08:51:29.899+0000][72][gc,marking  ] GC(38) Concurrent Scan Root Regions
[2023-06-15T08:51:29.918+0000][72][gc,marking  ] GC(38) Concurrent Scan Root Regions 18.863ms
[2023-06-15T08:51:29.919+0000][72][gc,marking  ] GC(38) Concurrent Mark
[2023-06-15T08:51:29.920+0000][72][gc,marking  ] GC(38) Concurrent Mark From Roots
[2023-06-15T08:51:29.921+0000][72][gc,task     ] GC(38) Using 1 workers of 1 for marking
[2023-06-15T08:51:30.618+0000][72][safepoint   ] Safepoint "ICBufferFull", Time since last: 718786257 ns, Reaching safepoint: 1551894 ns, At safepoint: 84865 ns, Total: 1636759 ns
[2023-06-15T08:51:31.101+0000][72][gc,marking  ] GC(38) Concurrent Mark From Roots 1181.900ms
[2023-06-15T08:51:31.103+0000][72][gc,marking  ] GC(38) Concurrent Preclean
[2023-06-15T08:51:31.104+0000][72][gc,marking  ] GC(38) Concurrent Preclean 1.611ms
[2023-06-15T08:51:31.107+0000][72][gc,start    ] GC(38) Pause Remark
[2023-06-15T08:51:31.125+0000][72][gc          ] GC(38) Pause Remark 177M->177M(256M) 18.292ms
[2023-06-15T08:51:31.126+0000][72][gc,cpu      ] GC(38) User=0.04s Sys=0.00s Real=0.01s
[2023-06-15T08:51:31.127+0000][72][safepoint   ] Safepoint "G1PauseRemark", Time since last: 487387023 ns, Reaching safepoint: 1088702 ns, At safepoint: 20756229 ns, Total: 21844931 ns
[2023-06-15T08:51:31.129+0000][72][gc,marking  ] GC(38) Concurrent Mark 1209.773ms
[2023-06-15T08:51:31.129+0000][72][gc,marking  ] GC(38) Concurrent Rebuild Remembered Sets
[2023-06-15T08:51:31.231+0000][72][gc,marking  ] GC(38) Concurrent Rebuild Remembered Sets 102.027ms
[2023-06-15T08:51:31.233+0000][72][gc,start    ] GC(38) Pause Cleanup
[2023-06-15T08:51:31.234+0000][72][gc          ] GC(38) Pause Cleanup 177M->177M(256M) 1.478ms
[2023-06-15T08:51:31.235+0000][72][gc,cpu      ] GC(38) User=0.01s Sys=0.00s Real=0.00s
[2023-06-15T08:51:31.237+0000][72][safepoint   ] Safepoint "G1PauseCleanup", Time since last: 105406424 ns, Reaching safepoint: 99236 ns, At safepoint: 4097780 ns, Total: 4197016 ns
[2023-06-15T08:51:31.239+0000][72][gc,marking  ] GC(38) Concurrent Cleanup for Next Mark
[2023-06-15T08:51:31.241+0000][72][gc,marking  ] GC(38) Concurrent Cleanup for Next Mark 1.692ms
[2023-06-15T08:51:31.241+0000][72][gc          ] GC(38) Concurrent Mark Cycle 1345.632ms
[2023-06-15T08:51:31.955+0000][72][gc,start    ] GC(39) Pause Young (Prepare Mixed) (G1 Evacuation Pause)
[2023-06-15T08:51:31.956+0000][72][gc,task     ] GC(39) Using 4 workers of 4 for evacuation
[2023-06-15T08:51:31.956+0000][72][gc,age      ] GC(39) Desired survivor size 4194304 bytes, new threshold 15 (max threshold 15)
[2023-06-15T08:51:31.963+0000][72][gc,phases   ] GC(39)   Pre Evacuate Collection Set: 0.2ms
[2023-06-15T08:51:31.964+0000][72][gc,phases   ] GC(39)   Merge Heap Roots: 0.1ms
[2023-06-15T08:51:31.964+0000][72][gc,phases   ] GC(39)   Evacuate Collection Set: 4.7ms
[2023-06-15T08:51:31.965+0000][72][gc,phases   ] GC(39)   Post Evacuate Collection Set: 1.0ms
[2023-06-15T08:51:31.966+0000][72][gc,phases   ] GC(39)   Other: 1.1ms
[2023-06-15T08:51:31.967+0000][72][gc,age      ] GC(39) Age table with threshold 15 (max threshold 15)
[2023-06-15T08:51:31.967+0000][72][gc,age      ] GC(39) - age   1:    5182624 bytes,    5182624 total
[2023-06-15T08:51:31.968+0000][72][gc,age      ] GC(39) - age   2:    1627112 bytes,    6809736 total
[2023-06-15T08:51:31.969+0000][72][gc,age      ] GC(39) - age   3:     445056 bytes,    7254792 total
[2023-06-15T08:51:31.969+0000][72][gc,heap     ] GC(39) Eden regions: 13->0(1)
[2023-06-15T08:51:31.970+0000][72][gc,heap     ] GC(39) Survivor regions: 1->2(2)
[2023-06-15T08:51:31.971+0000][72][gc,heap     ] GC(39) Old regions: 31->31
[2023-06-15T08:51:31.971+0000][72][gc,heap     ] GC(39) Archive regions: 2->2
[2023-06-15T08:51:31.972+0000][72][gc,heap     ] GC(39) Humongous regions: 2->2
[2023-06-15T08:51:31.973+0000][72][gc,metaspace] GC(39) Metaspace: 132128K(135424K)->132128K(135424K) NonClass: 114313K(115968K)->114313K(115968K) Class: 17814K(19456K)->17814K(19456K)
[2023-06-15T08:51:31.973+0000][72][gc          ] GC(39) Pause Young (Prepare Mixed) (G1 Evacuation Pause) 189M->141M(256M) 18.348ms
[2023-06-15T08:51:31.974+0000][72][gc,cpu      ] GC(39) User=0.03s Sys=0.00s Real=0.02s
[2023-06-15T08:51:31.974+0000][72][safepoint   ] Safepoint "G1CollectForAllocation", Time since last: 717598244 ns, Reaching safepoint: 306118 ns, At safepoint: 19445692 ns, Total: 19751810 ns
[2023-06-15T08:51:32.286+0000][72][gc,start    ] GC(40) Pause Young (Mixed) (G1 Evacuation Pause)
[2023-06-15T08:51:32.287+0000][72][gc,task     ] GC(40) Using 4 workers of 4 for evacuation
[2023-06-15T08:51:32.287+0000][72][gc,age      ] GC(40) Desired survivor size 2097152 bytes, new threshold 1 (max threshold 15)
[2023-06-15T08:51:32.294+0000][72][gc,phases   ] GC(40)   Pre Evacuate Collection Set: 0.1ms
[2023-06-15T08:51:32.295+0000][72][gc,phases   ] GC(40)   Merge Heap Roots: 0.1ms
[2023-06-15T08:51:32.296+0000][72][gc,phases   ] GC(40)   Evacuate Collection Set: 5.3ms
[2023-06-15T08:51:32.296+0000][72][gc,phases   ] GC(40)   Post Evacuate Collection Set: 0.9ms
[2023-06-15T08:51:32.297+0000][72][gc,phases   ] GC(40)   Other: 0.9ms
[2023-06-15T08:51:32.297+0000][72][gc,age      ] GC(40) Age table with threshold 1 (max threshold 15)
[2023-06-15T08:51:32.297+0000][72][gc,age      ] GC(40) - age   1:     186560 bytes,     186560 total
[2023-06-15T08:51:32.298+0000][72][gc,heap     ] GC(40) Eden regions: 1->0(13)
[2023-06-15T08:51:32.298+0000][72][gc,heap     ] GC(40) Survivor regions: 2->1(1)
[2023-06-15T08:51:32.299+0000][72][gc,heap     ] GC(40) Old regions: 31->32
[2023-06-15T08:51:32.299+0000][72][gc,heap     ] GC(40) Archive regions: 2->2
[2023-06-15T08:51:32.299+0000][72][gc,heap     ] GC(40) Humongous regions: 2->2
[2023-06-15T08:51:32.300+0000][72][gc,metaspace] GC(40) Metaspace: 132189K(135552K)->132189K(135552K) NonClass: 114375K(116096K)->114375K(116096K) Class: 17814K(19456K)->17814K(19456K)
[2023-06-15T08:51:32.300+0000][72][gc          ] GC(40) Pause Young (Mixed) (G1 Evacuation Pause) 145M->140M(256M) 14.130ms
[2023-06-15T08:51:32.301+0000][72][gc,cpu      ] GC(40) User=0.02s Sys=0.00s Real=0.01s
[2023-06-15T08:51:32.302+0000][72][safepoint   ] Safepoint "G1CollectForAllocation", Time since last: 311807235 ns, Reaching safepoint: 148317 ns, At safepoint: 15356117 ns, Total: 15504434 ns
[2023-06-15T08:51:33.227+0000][72][safepoint   ] Safepoint "ICBufferFull", Time since last: 924922737 ns, Reaching safepoint: 273202 ns, At safepoint: 29017 ns, Total: 302219 ns
[2023-06-15T08:51:33.723+0000][72][safepoint   ] Safepoint "ICBufferFull", Time since last: 495180751 ns, Reaching safepoint: 426377 ns, At safepoint: 83084 ns, Total: 509461 ns
[2023-06-15T08:51:34.725+0000][72][safepoint   ] Safepoint "Cleanup", Time since last: 1002004188 ns, Reaching safepoint: 314015 ns, At safepoint: 5705 ns, Total: 319720 ns
[2023-06-15T08:51:35.728+0000][72][safepoint   ] Safepoint "Cleanup", Time since last: 1002666564 ns, Reaching safepoint: 657634 ns, At safepoint: 21667 ns, Total: 679301 ns
[2023-06-15T08:51:36.495+0000][72][gc,start    ] GC(41) Pause Young (Concurrent Start) (G1 Evacuation Pause)
[2023-06-15T08:51:36.495+0000][72][gc,task     ] GC(41) Using 4 workers of 4 for evacuation
[2023-06-15T08:51:36.496+0000][72][gc,age      ] GC(41) Desired survivor size 4194304 bytes, new threshold 15 (max threshold 15)
[2023-06-15T08:51:36.501+0000][72][gc,phases   ] GC(41)   Pre Evacuate Collection Set: 0.5ms
[2023-06-15T08:51:36.502+0000][72][gc,phases   ] GC(41)   Merge Heap Roots: 0.1ms
[2023-06-15T08:51:36.502+0000][72][gc,phases   ] GC(41)   Evacuate Collection Set: 3.1ms
[2023-06-15T08:51:36.503+0000][72][gc,phases   ] GC(41)   Post Evacuate Collection Set: 0.7ms
[2023-06-15T08:51:36.503+0000][72][gc,phases   ] GC(41)   Other: 1.2ms
[2023-06-15T08:51:36.504+0000][72][gc,age      ] GC(41) Age table with threshold 15 (max threshold 15)
[2023-06-15T08:51:36.504+0000][72][gc,age      ] GC(41) - age   1:    2937512 bytes,    2937512 total
[2023-06-15T08:51:36.505+0000][72][gc,age      ] GC(41) - age   2:      51104 bytes,    2988616 total
[2023-06-15T08:51:36.505+0000][72][gc,heap     ] GC(41) Eden regions: 13->0(13)
[2023-06-15T08:51:36.505+0000][72][gc,heap     ] GC(41) Survivor regions: 1->1(2)
[2023-06-15T08:51:36.506+0000][72][gc,heap     ] GC(41) Old regions: 32->32
[2023-06-15T08:51:36.506+0000][72][gc,heap     ] GC(41) Archive regions: 2->2
[2023-06-15T08:51:36.507+0000][72][gc,heap     ] GC(41) Humongous regions: 2->2
[2023-06-15T08:51:36.508+0000][72][gc,metaspace] GC(41) Metaspace: 133364K(136704K)->133364K(136704K) NonClass: 115441K(117120K)->115441K(117120K) Class: 17923K(19584K)->17923K(19584K)
[2023-06-15T08:51:36.508+0000][72][gc          ] GC(41) Pause Young (Concurrent Start) (G1 Evacuation Pause) 192M->142M(256M) 13.676ms
[2023-06-15T08:51:36.509+0000][72][gc,cpu      ] GC(41) User=0.01s Sys=0.00s Real=0.02s
[2023-06-15T08:51:36.510+0000][72][safepoint   ] Safepoint "G1CollectForAllocation", Time since last: 766170686 ns, Reaching safepoint: 371785 ns, At safepoint: 14900073 ns, Total: 15271858 ns
[2023-06-15T08:51:36.509+0000][72][gc          ] GC(42) Concurrent Mark Cycle
[2023-06-15T08:51:36.511+0000][72][gc,marking  ] GC(42) Concurrent Clear Claimed Marks
[2023-06-15T08:51:36.513+0000][72][gc,marking  ] GC(42) Concurrent Clear Claimed Marks 1.306ms
[2023-06-15T08:51:36.513+0000][72][gc,marking  ] GC(42) Concurrent Scan Root Regions
[2023-06-15T08:51:36.517+0000][72][gc,marking  ] GC(42) Concurrent Scan Root Regions 3.462ms
[2023-06-15T08:51:36.517+0000][72][gc,marking  ] GC(42) Concurrent Mark
[2023-06-15T08:51:36.518+0000][72][gc,marking  ] GC(42) Concurrent Mark From Roots
[2023-06-15T08:51:36.519+0000][72][gc,task     ] GC(42) Using 1 workers of 1 for marking
[2023-06-15T08:51:36.679+0000][72][gc,marking  ] GC(42) Concurrent Mark From Roots 160.611ms
[2023-06-15T08:51:36.679+0000][72][gc,marking  ] GC(42) Concurrent Preclean
[2023-06-15T08:51:36.680+0000][72][gc,marking  ] GC(42) Concurrent Preclean 0.663ms
[2023-06-15T08:51:36.681+0000][72][gc,start    ] GC(42) Pause Remark
[2023-06-15T08:51:36.696+0000][72][gc          ] GC(42) Pause Remark 143M->143M(256M) 14.899ms
[2023-06-15T08:51:36.696+0000][72][gc,cpu      ] GC(42) User=0.03s Sys=0.00s Real=0.02s
[2023-06-15T08:51:36.697+0000][72][safepoint   ] Safepoint "G1PauseRemark", Time since last: 171023981 ns, Reaching safepoint: 102959 ns, At safepoint: 16350297 ns, Total: 16453256 ns
[2023-06-15T08:51:36.698+0000][72][gc,marking  ] GC(42) Concurrent Mark 180.387ms
[2023-06-15T08:51:36.698+0000][72][gc,marking  ] GC(42) Concurrent Rebuild Remembered Sets
[2023-06-15T08:51:36.774+0000][72][gc,marking  ] GC(42) Concurrent Rebuild Remembered Sets 75.328ms
[2023-06-15T08:51:36.775+0000][72][gc,start    ] GC(42) Pause Cleanup
[2023-06-15T08:51:36.775+0000][72][gc          ] GC(42) Pause Cleanup 143M->143M(256M) 0.658ms
[2023-06-15T08:51:36.776+0000][72][gc,cpu      ] GC(42) User=0.00s Sys=0.00s Real=0.00s
[2023-06-15T08:51:36.776+0000][72][safepoint   ] Safepoint "G1PauseCleanup", Time since last: 77317403 ns, Reaching safepoint: 113717 ns, At safepoint: 1675578 ns, Total: 1789295 ns
[2023-06-15T08:51:36.777+0000][72][gc,marking  ] GC(42) Concurrent Cleanup for Next Mark
[2023-06-15T08:51:36.777+0000][72][gc,marking  ] GC(42) Concurrent Cleanup for Next Mark 0.685ms
[2023-06-15T08:51:36.778+0000][72][gc          ] GC(42) Concurrent Mark Cycle 268.836ms
[2023-06-15T08:51:37.777+0000][72][safepoint   ] Safepoint "Cleanup", Time since last: 1000573621 ns, Reaching safepoint: 202417 ns, At safepoint: 5261 ns, Total: 207678 ns
[2023-06-15T08:51:38.778+0000][72][safepoint   ] Safepoint "Cleanup", Time since last: 1000863694 ns, Reaching safepoint: 153096 ns, At safepoint: 7931 ns, Total: 161027 ns
[2023-06-15T08:51:39.090+0000][72][safepoint   ] Safepoint "ICBufferFull", Time since last: 312016703 ns, Reaching safepoint: 224089 ns, At safepoint: 27612 ns, Total: 251701 ns
[2023-06-15T08:51:40.091+0000][72][safepoint   ] Safepoint "Cleanup", Time since last: 1000644521 ns, Reaching safepoint: 141807 ns, At safepoint: 31209 ns, Total: 173016 ns
[2023-06-15T08:51:41.093+0000][72][safepoint   ] Safepoint "Cleanup", Time since last: 1001025438 ns, Reaching safepoint: 502135 ns, At safepoint: 12597 ns, Total: 514732 ns
[2023-06-15T08:51:42.095+0000][72][safepoint   ] Safepoint "Cleanup", Time since last: 1002537197 ns, Reaching safepoint: 221396 ns, At safepoint: 8418 ns, Total: 229814 ns
[2023-06-15T08:51:43.105+0000][72][safepoint   ] Safepoint "Cleanup", Time since last: 1009371637 ns, Reaching safepoint: 370680 ns, At safepoint: 11283 ns, Total: 381963 ns
[2023-06-15T08:51:44.111+0000][72][safepoint   ] Safepoint "Cleanup", Time since last: 1005446076 ns, Reaching safepoint: 362151 ns, At safepoint: 15015 ns, Total: 377166 ns
[2023-06-15T08:51:46.051+0000][72][safepoint   ] Safepoint "Cleanup", Time since last: 1938773873 ns, Reaching safepoint: 852670 ns, At safepoint: 19370 ns, Total: 872040 ns
[2023-06-15T08:51:47.054+0000][72][safepoint   ] Safepoint "Cleanup", Time since last: 1003457315 ns, Reaching safepoint: 242208 ns, At safepoint: 6360 ns, Total: 248568 ns
[2023-06-15T08:51:48.057+0000][72][safepoint   ] Safepoint "Cleanup", Time since last: 1001799409 ns, Reaching safepoint: 974322 ns, At safepoint: 45486 ns, Total: 1019808 ns
[2023-06-15T08:51:48.429+0000][72][gc,start    ] GC(43) Pause Young (Prepare Mixed) (G1 Evacuation Pause)
[2023-06-15T08:51:48.431+0000][72][gc,task     ] GC(43) Using 4 workers of 4 for evacuation
[2023-06-15T08:51:48.432+0000][72][gc,age      ] GC(43) Desired survivor size 4194304 bytes, new threshold 15 (max threshold 15)
[2023-06-15T08:51:48.442+0000][72][gc,phases   ] GC(43)   Pre Evacuate Collection Set: 0.2ms
[2023-06-15T08:51:48.443+0000][72][gc,phases   ] GC(43)   Merge Heap Roots: 0.1ms
[2023-06-15T08:51:48.444+0000][72][gc,phases   ] GC(43)   Evacuate Collection Set: 6.7ms
[2023-06-15T08:51:48.445+0000][72][gc,phases   ] GC(43)   Post Evacuate Collection Set: 1.2ms
[2023-06-15T08:51:48.446+0000][72][gc,phases   ] GC(43)   Other: 2.8ms
[2023-06-15T08:51:48.447+0000][72][gc,age      ] GC(43) Age table with threshold 15 (max threshold 15)
[2023-06-15T08:51:48.448+0000][72][gc,age      ] GC(43) - age   1:    1158336 bytes,    1158336 total
[2023-06-15T08:51:48.449+0000][72][gc,age      ] GC(43) - age   2:    1152488 bytes,    2310824 total
[2023-06-15T08:51:48.449+0000][72][gc,age      ] GC(43) - age   3:       9856 bytes,    2320680 total
[2023-06-15T08:51:48.450+0000][72][gc,heap     ] GC(43) Eden regions: 13->0(2)
[2023-06-15T08:51:48.451+0000][72][gc,heap     ] GC(43) Survivor regions: 1->1(2)
[2023-06-15T08:51:48.451+0000][72][gc,heap     ] GC(43) Old regions: 32->32
[2023-06-15T08:51:48.452+0000][72][gc,heap     ] GC(43) Archive regions: 2->2
[2023-06-15T08:51:48.453+0000][72][gc,heap     ] GC(43) Humongous regions: 2->2
[2023-06-15T08:51:48.453+0000][72][gc,metaspace] GC(43) Metaspace: 134103K(137408K)->134103K(137408K) NonClass: 116153K(117824K)->116153K(117824K) Class: 17949K(19584K)->17949K(19584K)
[2023-06-15T08:51:48.454+0000][72][gc          ] GC(43) Pause Young (Prepare Mixed) (G1 Evacuation Pause) 194M->142M(256M) 25.406ms
[2023-06-15T08:51:48.455+0000][72][gc,cpu      ] GC(43) User=0.02s Sys=0.00s Real=0.02s
[2023-06-15T08:51:48.455+0000][72][safepoint   ] Safepoint "G1CollectForAllocation", Time since last: 371118176 ns, Reaching safepoint: 298537 ns, At safepoint: 26749998 ns, Total: 27048535 ns
[2023-06-15T08:51:50.460+0000][72][safepoint   ] Safepoint "Cleanup", Time since last: 2003585254 ns, Reaching safepoint: 620904 ns, At safepoint: 28848 ns, Total: 649752 ns
[2023-06-15T08:51:50.814+0000][72][gc,start    ] GC(44) Pause Young (Mixed) (G1 Evacuation Pause)
[2023-06-15T08:51:50.815+0000][72][gc,task     ] GC(44) Using 4 workers of 4 for evacuation
[2023-06-15T08:51:50.815+0000][72][gc,age      ] GC(44) Desired survivor size 2097152 bytes, new threshold 2 (max threshold 15)
[2023-06-15T08:51:50.821+0000][72][gc,phases   ] GC(44)   Pre Evacuate Collection Set: 0.1ms
[2023-06-15T08:51:50.822+0000][72][gc,phases   ] GC(44)   Merge Heap Roots: 0.1ms
[2023-06-15T08:51:50.823+0000][72][gc,phases   ] GC(44)   Evacuate Collection Set: 4.9ms
[2023-06-15T08:51:50.823+0000][72][gc,phases   ] GC(44)   Post Evacuate Collection Set: 0.7ms
[2023-06-15T08:51:50.824+0000][72][gc,phases   ] GC(44)   Other: 1.0ms
[2023-06-15T08:51:50.824+0000][72][gc,age      ] GC(44) Age table with threshold 2 (max threshold 15)
[2023-06-15T08:51:50.825+0000][72][gc,age      ] GC(44) - age   1:     302240 bytes,     302240 total
[2023-06-15T08:51:50.825+0000][72][gc,age      ] GC(44) - age   2:    1035720 bytes,    1337960 total
[2023-06-15T08:51:50.827+0000][72][gc,heap     ] GC(44) Eden regions: 2->0(13)
[2023-06-15T08:51:50.827+0000][72][gc,heap     ] GC(44) Survivor regions: 1->1(1)
[2023-06-15T08:51:50.828+0000][72][gc,heap     ] GC(44) Old regions: 32->32
[2023-06-15T08:51:50.828+0000][72][gc,heap     ] GC(44) Archive regions: 2->2
[2023-06-15T08:51:50.829+0000][72][gc,heap     ] GC(44) Humongous regions: 2->2
[2023-06-15T08:51:50.829+0000][72][gc,metaspace] GC(44) Metaspace: 134157K(137472K)->134157K(137472K) NonClass: 116207K(117888K)->116207K(117888K) Class: 17949K(19584K)->17949K(19584K)
[2023-06-15T08:51:50.830+0000][72][gc          ] GC(44) Pause Young (Mixed) (G1 Evacuation Pause) 150M->141M(256M) 15.296ms
[2023-06-15T08:51:50.830+0000][72][gc,cpu      ] GC(44) User=0.01s Sys=0.01s Real=0.02s
[2023-06-15T08:51:50.830+0000][72][safepoint   ] Safepoint "G1CollectForAllocation", Time since last: 354510843 ns, Reaching safepoint: 98025 ns, At safepoint: 16153579 ns, Total: 16251604 ns
[2023-06-15T08:51:51.832+0000][72][safepoint   ] Safepoint "Cleanup", Time since last: 1001661750 ns, Reaching safepoint: 388165 ns, At safepoint: 9152 ns, Total: 397317 ns
[2023-06-15T08:51:52.836+0000][72][safepoint   ] Safepoint "Cleanup", Time since last: 1002906343 ns, Reaching safepoint: 535112 ns, At safepoint: 13438 ns, Total: 548550 ns
[2023-06-15T08:51:53.840+0000][72][safepoint   ] Safepoint "Cleanup", Time since last: 1003697203 ns, Reaching safepoint: 416135 ns, At safepoint: 13457 ns, Total: 429592 ns
[2023-06-15T08:51:54.844+0000][72][safepoint   ] Safepoint "Cleanup", Time since last: 1003957645 ns, Reaching safepoint: 345697 ns, At safepoint: 13914 ns, Total: 359611 ns
[2023-06-15T08:51:55.848+0000][72][safepoint   ] Safepoint "Cleanup", Time since last: 1003305501 ns, Reaching safepoint: 319602 ns, At safepoint: 13060 ns, Total: 332662 ns
[2023-06-15T08:51:56.851+0000][72][safepoint   ] Safepoint "Cleanup", Time since last: 1003275806 ns, Reaching safepoint: 94695 ns, At safepoint: 2969 ns, Total: 97664 ns
[2023-06-15T08:51:57.852+0000][72][safepoint   ] Safepoint "Cleanup", Time since last: 1000810648 ns, Reaching safepoint: 165097 ns, At safepoint: 27028 ns, Total: 192125 ns
[2023-06-15T08:51:58.833+0000][72][safepoint   ] Safepoint "Cleanup", Time since last: 1002347318 ns, Reaching safepoint: 284435 ns, At safepoint: 18478 ns, Total: 302913 ns
[2023-06-15T08:51:59.837+0000][72][safepoint   ] Safepoint "Cleanup", Time since last: 1003722287 ns, Reaching safepoint: 276765 ns, At safepoint: 13462 ns, Total: 290227 ns
[2023-06-15T08:52:00.842+0000][72][safepoint   ] Safepoint "Cleanup", Time since last: 1004817474 ns, Reaching safepoint: 333499 ns, At safepoint: 13647 ns, Total: 347146 ns
[2023-06-15T08:52:01.848+0000][72][safepoint   ] Safepoint "Cleanup", Time since last: 1006015627 ns, Reaching safepoint: 369179 ns, At safepoint: 19289 ns, Total: 388468 ns
[2023-06-15T08:52:02.852+0000][72][safepoint   ] Safepoint "Cleanup", Time since last: 1003095181 ns, Reaching safepoint: 64592 ns, At safepoint: 35643 ns, Total: 100235 ns
[2023-06-15T08:52:03.854+0000][72][safepoint   ] Safepoint "Cleanup", Time since last: 1001583766 ns, Reaching safepoint: 1078063 ns, At safepoint: 215304 ns, Total: 1293367 ns
[2023-06-15T08:52:04.027+0000][72][gc,start    ] GC(45) Pause Young (Concurrent Start) (G1 Evacuation Pause)
[2023-06-15T08:52:04.029+0000][72][gc,task     ] GC(45) Using 4 workers of 4 for evacuation
[2023-06-15T08:52:04.031+0000][72][gc,age      ] GC(45) Desired survivor size 4194304 bytes, new threshold 15 (max threshold 15)
[2023-06-15T08:52:04.040+0000][72][gc,phases   ] GC(45)   Pre Evacuate Collection Set: 0.6ms
[2023-06-15T08:52:04.042+0000][72][gc,phases   ] GC(45)   Merge Heap Roots: 0.2ms
[2023-06-15T08:52:04.043+0000][72][gc,phases   ] GC(45)   Evacuate Collection Set: 5.1ms
[2023-06-15T08:52:04.044+0000][72][gc,phases   ] GC(45)   Post Evacuate Collection Set: 1.3ms
[2023-06-15T08:52:04.045+0000][72][gc,phases   ] GC(45)   Other: 4.6ms
[2023-06-15T08:52:04.047+0000][72][gc,age      ] GC(45) Age table with threshold 15 (max threshold 15)
[2023-06-15T08:52:04.048+0000][72][gc,age      ] GC(45) - age   1:    1096200 bytes,    1096200 total
[2023-06-15T08:52:04.048+0000][72][gc,age      ] GC(45) - age   2:     124696 bytes,    1220896 total
[2023-06-15T08:52:04.049+0000][72][gc,age      ] GC(45) - age   3:     979792 bytes,    2200688 total
[2023-06-15T08:52:04.050+0000][72][gc,heap     ] GC(45) Eden regions: 13->0(14)
[2023-06-15T08:52:04.051+0000][72][gc,heap     ] GC(45) Survivor regions: 1->1(2)
[2023-06-15T08:52:04.051+0000][72][gc,heap     ] GC(45) Old regions: 32->32
[2023-06-15T08:52:04.052+0000][72][gc,heap     ] GC(45) Archive regions: 2->2
[2023-06-15T08:52:04.053+0000][72][gc,heap     ] GC(45) Humongous regions: 2->2
[2023-06-15T08:52:04.053+0000][72][gc,metaspace] GC(45) Metaspace: 134483K(137792K)->134483K(137792K) NonClass: 116534K(118208K)->116534K(118208K) Class: 17949K(19584K)->17949K(19584K)
[2023-06-15T08:52:04.054+0000][72][gc          ] GC(45) Pause Young (Concurrent Start) (G1 Evacuation Pause) 193M->142M(256M) 27.053ms
[2023-06-15T08:52:04.055+0000][72][gc          ] GC(46) Concurrent Mark Cycle
[2023-06-15T08:52:04.055+0000][72][gc,marking  ] GC(46) Concurrent Clear Claimed Marks
[2023-06-15T08:52:04.056+0000][72][gc,marking  ] GC(46) Concurrent Clear Claimed Marks 1.094ms
[2023-06-15T08:52:04.057+0000][72][gc,marking  ] GC(46) Concurrent Scan Root Regions
[2023-06-15T08:52:04.055+0000][72][gc,cpu      ] GC(45) User=0.02s Sys=0.00s Real=0.03s
[2023-06-15T08:52:04.059+0000][72][safepoint   ] Safepoint "G1CollectForAllocation", Time since last: 172369753 ns, Reaching safepoint: 191389 ns, At safepoint: 31869244 ns, Total: 32060633 ns
[2023-06-15T08:52:04.061+0000][72][gc,marking  ] GC(46) Concurrent Scan Root Regions 3.656ms
[2023-06-15T08:52:04.061+0000][72][gc,marking  ] GC(46) Concurrent Mark
[2023-06-15T08:52:04.062+0000][72][gc,marking  ] GC(46) Concurrent Mark From Roots
[2023-06-15T08:52:04.062+0000][72][gc,task     ] GC(46) Using 1 workers of 1 for marking
[2023-06-15T08:52:04.211+0000][72][gc,marking  ] GC(46) Concurrent Mark From Roots 148.942ms
[2023-06-15T08:52:04.212+0000][72][gc,marking  ] GC(46) Concurrent Preclean
[2023-06-15T08:52:04.213+0000][72][gc,marking  ] GC(46) Concurrent Preclean 1.303ms
[2023-06-15T08:52:04.214+0000][72][gc,start    ] GC(46) Pause Remark
[2023-06-15T08:52:04.221+0000][72][gc          ] GC(46) Pause Remark 143M->143M(256M) 7.132ms
[2023-06-15T08:52:04.222+0000][72][gc,cpu      ] GC(46) User=0.02s Sys=0.00s Real=0.00s
[2023-06-15T08:52:04.222+0000][72][safepoint   ] Safepoint "G1PauseRemark", Time since last: 154932010 ns, Reaching safepoint: 271298 ns, At safepoint: 8408359 ns, Total: 8679657 ns
[2023-06-15T08:52:04.223+0000][72][gc,marking  ] GC(46) Concurrent Mark 161.983ms
[2023-06-15T08:52:04.224+0000][72][gc,marking  ] GC(46) Concurrent Rebuild Remembered Sets
[2023-06-15T08:52:04.345+0000][72][gc,marking  ] GC(46) Concurrent Rebuild Remembered Sets 121.152ms
[2023-06-15T08:52:04.346+0000][72][gc,start    ] GC(46) Pause Cleanup
[2023-06-15T08:52:04.347+0000][72][gc          ] GC(46) Pause Cleanup 144M->144M(256M) 0.748ms
[2023-06-15T08:52:04.347+0000][72][gc,cpu      ] GC(46) User=0.00s Sys=0.00s Real=0.00s
[2023-06-15T08:52:04.348+0000][72][safepoint   ] Safepoint "G1PauseCleanup", Time since last: 123345335 ns, Reaching safepoint: 159119 ns, At safepoint: 1939752 ns, Total: 2098871 ns
[2023-06-15T08:52:04.349+0000][72][gc,marking  ] GC(46) Concurrent Cleanup for Next Mark
[2023-06-15T08:52:04.350+0000][72][gc,marking  ] GC(46) Concurrent Cleanup for Next Mark 0.970ms
[2023-06-15T08:52:04.350+0000][72][gc          ] GC(46) Concurrent Mark Cycle 295.494ms
[2023-06-15T08:52:05.350+0000][72][safepoint   ] Safepoint "Cleanup", Time since last: 1001182314 ns, Reaching safepoint: 700477 ns, At safepoint: 40434 ns, Total: 740911 ns
[2023-06-15T08:52:06.356+0000][72][safepoint   ] Safepoint "Cleanup", Time since last: 1005364705 ns, Reaching safepoint: 457098 ns, At safepoint: 26864 ns, Total: 483962 ns
[2023-06-15T08:52:07.362+0000][72][safepoint   ] Safepoint "Cleanup", Time since last: 1005508244 ns, Reaching safepoint: 359737 ns, At safepoint: 18484 ns, Total: 378221 ns
[2023-06-15T08:52:09.366+0000][72][safepoint   ] Safepoint "Cleanup", Time since last: 2003778898 ns, Reaching safepoint: 301452 ns, At safepoint: 14299 ns, Total: 315751 ns
[2023-06-15T08:52:10.370+0000][72][safepoint   ] Safepoint "Cleanup", Time since last: 1003831418 ns, Reaching safepoint: 241784 ns, At safepoint: 14386 ns, Total: 256170 ns
[2023-06-15T08:52:12.376+0000][72][safepoint   ] Safepoint "Cleanup", Time since last: 2006078473 ns, Reaching safepoint: 605251 ns, At safepoint: 15421 ns, Total: 620672 ns
[2023-06-15T08:52:13.380+0000][72][safepoint   ] Safepoint "Cleanup", Time since last: 1003648097 ns, Reaching safepoint: 184890 ns, At safepoint: 9901 ns, Total: 194791 ns
[2023-06-15T08:52:15.384+0000][72][safepoint   ] Safepoint "Cleanup", Time since last: 2003650334 ns, Reaching safepoint: 542382 ns, At safepoint: 10403 ns, Total: 552785 ns
[2023-06-15T08:52:16.390+0000][72][safepoint   ] Safepoint "Cleanup", Time since last: 1005150283 ns, Reaching safepoint: 724860 ns, At safepoint: 15883 ns, Total: 740743 ns
[2023-06-15T08:52:18.396+0000][72][safepoint   ] Safepoint "Cleanup", Time since last: 2005393438 ns, Reaching safepoint: 613772 ns, At safepoint: 15544 ns, Total: 629316 ns
[2023-06-15T08:52:19.401+0000][72][safepoint   ] Safepoint "Cleanup", Time since last: 1004019729 ns, Reaching safepoint: 388076 ns, At safepoint: 10414 ns, Total: 398490 ns
[2023-06-15T08:52:20.404+0000][72][safepoint   ] Safepoint "Cleanup", Time since last: 1002848360 ns, Reaching safepoint: 375235 ns, At safepoint: 13840 ns, Total: 389075 ns
[2023-06-15T08:52:21.408+0000][72][safepoint   ] Safepoint "Cleanup", Time since last: 1003522250 ns, Reaching safepoint: 220808 ns, At safepoint: 25474 ns, Total: 246282 ns
[2023-06-15T08:52:22.410+0000][72][safepoint   ] Safepoint "Cleanup", Time since last: 1001742675 ns, Reaching safepoint: 392297 ns, At safepoint: 15613 ns, Total: 407910 ns
[2023-06-15T08:52:23.414+0000][72][safepoint   ] Safepoint "Cleanup", Time since last: 1003458594 ns, Reaching safepoint: 328053 ns, At safepoint: 13000 ns, Total: 341053 ns
[2023-06-15T08:52:24.419+0000][72][safepoint   ] Safepoint "Cleanup", Time since last: 1004640088 ns, Reaching safepoint: 472601 ns, At safepoint: 29388 ns, Total: 501989 ns
[2023-06-15T08:52:26.312+0000][72][gc,start    ] GC(47) Pause Young (Prepare Mixed) (G1 Evacuation Pause)
[2023-06-15T08:52:26.313+0000][72][gc,task     ] GC(47) Using 4 workers of 4 for evacuation
[2023-06-15T08:52:26.314+0000][72][gc,age      ] GC(47) Desired survivor size 4194304 bytes, new threshold 15 (max threshold 15)
[2023-06-15T08:52:26.321+0000][72][gc,phases   ] GC(47)   Pre Evacuate Collection Set: 0.2ms
[2023-06-15T08:52:26.321+0000][72][gc,phases   ] GC(47)   Merge Heap Roots: 0.1ms
[2023-06-15T08:52:26.322+0000][72][gc,phases   ] GC(47)   Evacuate Collection Set: 4.7ms
[2023-06-15T08:52:26.323+0000][72][gc,phases   ] GC(47)   Post Evacuate Collection Set: 1.1ms
[2023-06-15T08:52:26.323+0000][72][gc,phases   ] GC(47)   Other: 1.7ms
[2023-06-15T08:52:26.324+0000][72][gc,age      ] GC(47) Age table with threshold 15 (max threshold 15)
[2023-06-15T08:52:26.325+0000][72][gc,age      ] GC(47) - age   1:    1303520 bytes,    1303520 total
[2023-06-15T08:52:26.325+0000][72][gc,age      ] GC(47) - age   2:     104824 bytes,    1408344 total
[2023-06-15T08:52:26.325+0000][72][gc,age      ] GC(47) - age   3:      25504 bytes,    1433848 total
[2023-06-15T08:52:26.326+0000][72][gc,age      ] GC(47) - age   4:     557640 bytes,    1991488 total
[2023-06-15T08:52:26.327+0000][72][gc,heap     ] GC(47) Eden regions: 14->0(2)
[2023-06-15T08:52:26.327+0000][72][gc,heap     ] GC(47) Survivor regions: 1->1(2)
[2023-06-15T08:52:26.328+0000][72][gc,heap     ] GC(47) Old regions: 32->32
[2023-06-15T08:52:26.328+0000][72][gc,heap     ] GC(47) Archive regions: 2->2
[2023-06-15T08:52:26.329+0000][72][gc,heap     ] GC(47) Humongous regions: 2->2
[2023-06-15T08:52:26.330+0000][72][gc,metaspace] GC(47) Metaspace: 134900K(138240K)->134900K(138240K) NonClass: 116950K(118656K)->116950K(118656K) Class: 17950K(19584K)->17950K(19584K)
[2023-06-15T08:52:26.330+0000][72][gc          ] GC(47) Pause Young (Prepare Mixed) (G1 Evacuation Pause) 198M->141M(256M) 18.445ms
[2023-06-15T08:52:26.331+0000][72][gc,cpu      ] GC(47) User=0.03s Sys=0.00s Real=0.02s
[2023-06-15T08:52:26.332+0000][72][safepoint   ] Safepoint "G1CollectForAllocation", Time since last: 1892844175 ns, Reaching safepoint: 177935 ns, At safepoint: 19583607 ns, Total: 19761542 ns
[2023-06-15T08:52:26.829+0000][72][gc,start    ] GC(48) Pause Young (Mixed) (G1 Evacuation Pause)
[2023-06-15T08:52:26.830+0000][72][gc,task     ] GC(48) Using 4 workers of 4 for evacuation
[2023-06-15T08:52:26.831+0000][72][gc,age      ] GC(48) Desired survivor size 2097152 bytes, new threshold 15 (max threshold 15)
[2023-06-15T08:52:26.838+0000][72][gc,phases   ] GC(48)   Pre Evacuate Collection Set: 0.1ms
[2023-06-15T08:52:26.838+0000][72][gc,phases   ] GC(48)   Merge Heap Roots: 0.1ms
[2023-06-15T08:52:26.839+0000][72][gc,phases   ] GC(48)   Evacuate Collection Set: 4.6ms
[2023-06-15T08:52:26.839+0000][72][gc,phases   ] GC(48)   Post Evacuate Collection Set: 0.7ms
[2023-06-15T08:52:26.840+0000][72][gc,phases   ] GC(48)   Other: 1.7ms
[2023-06-15T08:52:26.840+0000][72][gc,age      ] GC(48) Age table with threshold 15 (max threshold 15)
[2023-06-15T08:52:26.841+0000][72][gc,age      ] GC(48) - age   1:     471104 bytes,     471104 total
[2023-06-15T08:52:26.841+0000][72][gc,age      ] GC(48) - age   2:    1148480 bytes,    1619584 total
[2023-06-15T08:52:26.841+0000][72][gc,age      ] GC(48) - age   3:     104760 bytes,    1724344 total
[2023-06-15T08:52:26.842+0000][72][gc,age      ] GC(48) - age   4:      25504 bytes,    1749848 total
[2023-06-15T08:52:26.842+0000][72][gc,age      ] GC(48) - age   5:     557240 bytes,    2307088 total
[2023-06-15T08:52:26.843+0000][72][gc,heap     ] GC(48) Eden regions: 2->0(14)
[2023-06-15T08:52:26.843+0000][72][gc,heap     ] GC(48) Survivor regions: 1->1(1)
[2023-06-15T08:52:26.843+0000][72][gc,heap     ] GC(48) Old regions: 32->32
[2023-06-15T08:52:26.844+0000][72][gc,heap     ] GC(48) Archive regions: 2->2
[2023-06-15T08:52:26.844+0000][72][gc,heap     ] GC(48) Humongous regions: 2->2
[2023-06-15T08:52:26.845+0000][72][gc,metaspace] GC(48) Metaspace: 134943K(138304K)->134943K(138304K) NonClass: 116992K(118720K)->116992K(118720K) Class: 17950K(19584K)->17950K(19584K)
[2023-06-15T08:52:26.845+0000][72][gc          ] GC(48) Pause Young (Mixed) (G1 Evacuation Pause) 149M->141M(256M) 15.839ms
[2023-06-15T08:52:26.846+0000][72][gc,cpu      ] GC(48) User=0.02s Sys=0.00s Real=0.02s
[2023-06-15T08:52:26.846+0000][72][safepoint   ] Safepoint "G1CollectForAllocation", Time since last: 497756522 ns, Reaching safepoint: 79473 ns, At safepoint: 16568045 ns, Total: 16647518 ns
[2023-06-15T08:52:27.847+0000][72][safepoint   ] Safepoint "Cleanup", Time since last: 1000519879 ns, Reaching safepoint: 265504 ns, At safepoint: 11209 ns, Total: 276713 ns
[2023-06-15T08:52:28.828+0000][72][safepoint   ] Safepoint "Cleanup", Time since last: 1001918145 ns, Reaching safepoint: 1373473 ns, At safepoint: 67148 ns, Total: 1440621 ns
[2023-06-15T08:52:29.833+0000][72][safepoint   ] Safepoint "Cleanup", Time since last: 1003346400 ns, Reaching safepoint: 1084474 ns, At safepoint: 56496 ns, Total: 1140970 ns
[2023-06-15T08:52:30.836+0000][72][safepoint   ] Safepoint "Cleanup", Time since last: 1003041732 ns, Reaching safepoint: 245428 ns, At safepoint: 7224 ns, Total: 252652 ns
[2023-06-15T08:52:31.839+0000][72][safepoint   ] Safepoint "Cleanup", Time since last: 1001957758 ns, Reaching safepoint: 973268 ns, At safepoint: 38548 ns, Total: 1011816 ns
[2023-06-15T08:52:32.844+0000][72][safepoint   ] Safepoint "Cleanup", Time since last: 1003903914 ns, Reaching safepoint: 881390 ns, At safepoint: 46531 ns, Total: 927921 ns
[2023-06-15T08:52:33.847+0000][72][safepoint   ] Safepoint "Cleanup", Time since last: 1003136134 ns, Reaching safepoint: 148680 ns, At safepoint: 70521 ns, Total: 219201 ns
[2023-06-15T08:52:34.849+0000][72][safepoint   ] Safepoint "Cleanup", Time since last: 1001499242 ns, Reaching safepoint: 385855 ns, At safepoint: 12925 ns, Total: 398780 ns
[2023-06-15T08:52:35.852+0000][72][safepoint   ] Safepoint "Cleanup", Time since last: 1002569739 ns, Reaching safepoint: 318995 ns, At safepoint: 25214 ns, Total: 344209 ns
[2023-06-15T08:52:36.855+0000][72][safepoint   ] Safepoint "Cleanup", Time since last: 1002480772 ns, Reaching safepoint: 378087 ns, At safepoint: 15859 ns, Total: 393946 ns
[2023-06-15T08:52:37.859+0000][72][safepoint   ] Safepoint "Cleanup", Time since last: 1003725856 ns, Reaching safepoint: 398622 ns, At safepoint: 11399 ns, Total: 410021 ns
[2023-06-15T08:52:38.863+0000][72][safepoint   ] Safepoint "Cleanup", Time since last: 1003556444 ns, Reaching safepoint: 311653 ns, At safepoint: 31702 ns, Total: 343355 ns
[2023-06-15T08:52:39.096+0000][72][gc,start    ] GC(49) Pause Young (Concurrent Start) (G1 Evacuation Pause)
[2023-06-15T08:52:39.098+0000][72][gc,task     ] GC(49) Using 4 workers of 4 for evacuation
[2023-06-15T08:52:39.100+0000][72][gc,age      ] GC(49) Desired survivor size 4194304 bytes, new threshold 15 (max threshold 15)
[2023-06-15T08:52:39.110+0000][72][gc,phases   ] GC(49)   Pre Evacuate Collection Set: 1.6ms
[2023-06-15T08:52:39.112+0000][72][gc,phases   ] GC(49)   Merge Heap Roots: 0.3ms
[2023-06-15T08:52:39.113+0000][72][gc,phases   ] GC(49)   Evacuate Collection Set: 4.8ms
[2023-06-15T08:52:39.114+0000][72][gc,phases   ] GC(49)   Post Evacuate Collection Set: 1.4ms
[2023-06-15T08:52:39.115+0000][72][gc,phases   ] GC(49)   Other: 4.1ms
[2023-06-15T08:52:39.116+0000][72][gc,age      ] GC(49) Age table with threshold 15 (max threshold 15)
[2023-06-15T08:52:39.116+0000][72][gc,age      ] GC(49) - age   1:    1420000 bytes,    1420000 total
[2023-06-15T08:52:39.117+0000][72][gc,age      ] GC(49) - age   2:       2912 bytes,    1422912 total
[2023-06-15T08:52:39.118+0000][72][gc,age      ] GC(49) - age   3:     305752 bytes,    1728664 total
[2023-06-15T08:52:39.119+0000][72][gc,age      ] GC(49) - age   4:      83408 bytes,    1812072 total
[2023-06-15T08:52:39.119+0000][72][gc,age      ] GC(49) - age   5:       4648 bytes,    1816720 total
[2023-06-15T08:52:39.120+0000][72][gc,age      ] GC(49) - age   6:     453928 bytes,    2270648 total
[2023-06-15T08:52:39.121+0000][72][gc,heap     ] GC(49) Eden regions: 14->0(14)
[2023-06-15T08:52:39.122+0000][72][gc,heap     ] GC(49) Survivor regions: 1->1(2)
[2023-06-15T08:52:39.123+0000][72][gc,heap     ] GC(49) Old regions: 32->32
[2023-06-15T08:52:39.123+0000][72][gc,heap     ] GC(49) Archive regions: 2->2
[2023-06-15T08:52:39.124+0000][72][gc,heap     ] GC(49) Humongous regions: 2->2
[2023-06-15T08:52:39.124+0000][72][gc,metaspace] GC(49) Metaspace: 135212K(138560K)->135212K(138560K) NonClass: 117254K(118976K)->117254K(118976K) Class: 17957K(19584K)->17957K(19584K)
[2023-06-15T08:52:39.125+0000][72][gc          ] GC(49) Pause Young (Concurrent Start) (G1 Evacuation Pause) 197M->141M(256M) 28.863ms
[2023-06-15T08:52:39.126+0000][72][gc,cpu      ] GC(49) User=0.01s Sys=0.00s Real=0.03s
[2023-06-15T08:52:39.126+0000][72][safepoint   ] Safepoint "G1CollectForAllocation", Time since last: 232528548 ns, Reaching safepoint: 547577 ns, At safepoint: 30306184 ns, Total: 30853761 ns
[2023-06-15T08:52:39.126+0000][72][gc          ] GC(50) Concurrent Mark Cycle
[2023-06-15T08:52:39.128+0000][72][gc,marking  ] GC(50) Concurrent Clear Claimed Marks
[2023-06-15T08:52:39.129+0000][72][gc,marking  ] GC(50) Concurrent Clear Claimed Marks 1.345ms
[2023-06-15T08:52:39.130+0000][72][gc,marking  ] GC(50) Concurrent Scan Root Regions
[2023-06-15T08:52:39.134+0000][72][gc,marking  ] GC(50) Concurrent Scan Root Regions 4.189ms
[2023-06-15T08:52:39.135+0000][72][gc,marking  ] GC(50) Concurrent Mark
[2023-06-15T08:52:39.136+0000][72][gc,marking  ] GC(50) Concurrent Mark From Roots
[2023-06-15T08:52:39.136+0000][72][gc,task     ] GC(50) Using 1 workers of 1 for marking
[2023-06-15T08:52:39.311+0000][72][gc,marking  ] GC(50) Concurrent Mark From Roots 175.172ms
[2023-06-15T08:52:39.312+0000][72][gc,marking  ] GC(50) Concurrent Preclean
[2023-06-15T08:52:39.312+0000][72][gc,marking  ] GC(50) Concurrent Preclean 0.655ms
[2023-06-15T08:52:39.313+0000][72][gc,start    ] GC(50) Pause Remark
[2023-06-15T08:52:39.321+0000][72][gc          ] GC(50) Pause Remark 144M->144M(256M) 7.713ms
[2023-06-15T08:52:39.322+0000][72][gc,cpu      ] GC(50) User=0.02s Sys=0.00s Real=0.00s
[2023-06-15T08:52:39.323+0000][72][safepoint   ] Safepoint "G1PauseRemark", Time since last: 186536636 ns, Reaching safepoint: 86886 ns, At safepoint: 9800819 ns, Total: 9887705 ns
[2023-06-15T08:52:39.324+0000][72][gc,marking  ] GC(50) Concurrent Mark 189.156ms
[2023-06-15T08:52:39.326+0000][72][gc,marking  ] GC(50) Concurrent Rebuild Remembered Sets
[2023-06-15T08:52:39.417+0000][72][gc,marking  ] GC(50) Concurrent Rebuild Remembered Sets 91.222ms
[2023-06-15T08:52:39.418+0000][72][gc,start    ] GC(50) Pause Cleanup
[2023-06-15T08:52:39.418+0000][72][gc          ] GC(50) Pause Cleanup 144M->144M(256M) 0.577ms
[2023-06-15T08:52:39.419+0000][72][gc,cpu      ] GC(50) User=0.00s Sys=0.00s Real=0.00s
[2023-06-15T08:52:39.419+0000][72][safepoint   ] Safepoint "G1PauseCleanup", Time since last: 94561392 ns, Reaching safepoint: 111379 ns, At safepoint: 1425533 ns, Total: 1536912 ns
[2023-06-15T08:52:39.419+0000][72][gc,marking  ] GC(50) Concurrent Cleanup for Next Mark
[2023-06-15T08:52:39.420+0000][72][gc,marking  ] GC(50) Concurrent Cleanup for Next Mark 0.735ms
[2023-06-15T08:52:39.421+0000][72][gc          ] GC(50) Concurrent Mark Cycle 294.674ms
[2023-06-15T08:52:40.421+0000][72][safepoint   ] Safepoint "Cleanup", Time since last: 1000972227 ns, Reaching safepoint: 478789 ns, At safepoint: 165117 ns, Total: 643906 ns
[2023-06-15T08:52:42.425+0000][72][safepoint   ] Safepoint "Cleanup", Time since last: 2003880409 ns, Reaching safepoint: 651517 ns, At safepoint: 27339 ns, Total: 678856 ns
[2023-06-15T08:52:43.429+0000][72][safepoint   ] Safepoint "Cleanup", Time since last: 1003589187 ns, Reaching safepoint: 353712 ns, At safepoint: 13410 ns, Total: 367122 ns
[2023-06-15T08:52:44.435+0000][72][safepoint   ] Safepoint "Cleanup", Time since last: 1004668702 ns, Reaching safepoint: 505181 ns, At safepoint: 14791 ns, Total: 519972 ns
[2023-06-15T08:52:45.438+0000][72][safepoint   ] Safepoint "Cleanup", Time since last: 1003639762 ns, Reaching safepoint: 208684 ns, At safepoint: 6453 ns, Total: 215137 ns
[2023-06-15T08:52:46.442+0000][72][safepoint   ] Safepoint "Cleanup", Time since last: 1003121463 ns, Reaching safepoint: 818656 ns, At safepoint: 171790 ns, Total: 990446 ns
[2023-06-15T08:52:47.447+0000][72][safepoint   ] Safepoint "Cleanup", Time since last: 1004503298 ns, Reaching safepoint: 160357 ns, At safepoint: 12988 ns, Total: 173345 ns
[2023-06-15T08:52:48.453+0000][72][safepoint   ] Safepoint "Cleanup", Time since last: 1005125220 ns, Reaching safepoint: 1144694 ns, At safepoint: 68218 ns, Total: 1212912 ns
[2023-06-15T08:52:49.458+0000][72][safepoint   ] Safepoint "Cleanup", Time since last: 1004318673 ns, Reaching safepoint: 247369 ns, At safepoint: 14037 ns, Total: 261406 ns
[2023-06-15T08:52:50.461+0000][72][safepoint   ] Safepoint "Cleanup", Time since last: 1003037777 ns, Reaching safepoint: 296339 ns, At safepoint: 14599 ns, Total: 310938 ns
[2023-06-15T08:52:51.465+0000][72][safepoint   ] Safepoint "Cleanup", Time since last: 1003333588 ns, Reaching safepoint: 362457 ns, At safepoint: 14717 ns, Total: 377174 ns
[2023-06-15T08:52:52.470+0000][72][safepoint   ] Safepoint "Cleanup", Time since last: 1004485918 ns, Reaching safepoint: 342959 ns, At safepoint: 11947 ns, Total: 354906 ns
[2023-06-15T08:52:53.476+0000][72][safepoint   ] Safepoint "Cleanup", Time since last: 1004821122 ns, Reaching safepoint: 774017 ns, At safepoint: 346161 ns, Total: 1120178 ns
[2023-06-15T08:52:54.480+0000][72][safepoint   ] Safepoint "Cleanup", Time since last: 1003418451 ns, Reaching safepoint: 573002 ns, At safepoint: 29102 ns, Total: 602104 ns
[2023-06-15T08:52:55.486+0000][72][safepoint   ] Safepoint "Cleanup", Time since last: 1005790756 ns, Reaching safepoint: 491077 ns, At safepoint: 17442 ns, Total: 508519 ns
[2023-06-15T08:52:56.574+0000][72][gc,start    ] GC(51) Pause Young (Prepare Mixed) (G1 Evacuation Pause)
[2023-06-15T08:52:56.574+0000][72][gc,task     ] GC(51) Using 4 workers of 4 for evacuation
[2023-06-15T08:52:56.575+0000][72][gc,age      ] GC(51) Desired survivor size 4194304 bytes, new threshold 15 (max threshold 15)
[2023-06-15T08:52:56.579+0000][72][gc,phases   ] GC(51)   Pre Evacuate Collection Set: 0.1ms
[2023-06-15T08:52:56.580+0000][72][gc,phases   ] GC(51)   Merge Heap Roots: 0.2ms
[2023-06-15T08:52:56.580+0000][72][gc,phases   ] GC(51)   Evacuate Collection Set: 2.5ms
[2023-06-15T08:52:56.581+0000][72][gc,phases   ] GC(51)   Post Evacuate Collection Set: 0.7ms
[2023-06-15T08:52:56.581+0000][72][gc,phases   ] GC(51)   Other: 1.3ms
[2023-06-15T08:52:56.582+0000][72][gc,age      ] GC(51) Age table with threshold 15 (max threshold 15)
[2023-06-15T08:52:56.582+0000][72][gc,age      ] GC(51) - age   1:     802624 bytes,     802624 total
[2023-06-15T08:52:56.582+0000][72][gc,age      ] GC(51) - age   2:     274264 bytes,    1076888 total
[2023-06-15T08:52:56.583+0000][72][gc,age      ] GC(51) - age   3:       2784 bytes,    1079672 total
[2023-06-15T08:52:56.583+0000][72][gc,age      ] GC(51) - age   4:     288512 bytes,    1368184 total
[2023-06-15T08:52:56.583+0000][72][gc,age      ] GC(51) - age   5:      82656 bytes,    1450840 total
[2023-06-15T08:52:56.584+0000][72][gc,age      ] GC(51) - age   6:       4584 bytes,    1455424 total
[2023-06-15T08:52:56.584+0000][72][gc,age      ] GC(51) - age   7:     452760 bytes,    1908184 total
[2023-06-15T08:52:56.584+0000][72][gc,heap     ] GC(51) Eden regions: 14->0(2)
[2023-06-15T08:52:56.585+0000][72][gc,heap     ] GC(51) Survivor regions: 1->1(2)
[2023-06-15T08:52:56.585+0000][72][gc,heap     ] GC(51) Old regions: 32->32
[2023-06-15T08:52:56.585+0000][72][gc,heap     ] GC(51) Archive regions: 2->2
[2023-06-15T08:52:56.586+0000][72][gc,heap     ] GC(51) Humongous regions: 2->2
[2023-06-15T08:52:56.586+0000][72][gc,metaspace] GC(51) Metaspace: 135387K(138688K)->135387K(138688K) NonClass: 117429K(119104K)->117429K(119104K) Class: 17957K(19584K)->17957K(19584K)
[2023-06-15T08:52:56.587+0000][72][gc          ] GC(51) Pause Young (Prepare Mixed) (G1 Evacuation Pause) 197M->140M(256M) 12.928ms
[2023-06-15T08:52:56.587+0000][72][gc,cpu      ] GC(51) User=0.00s Sys=0.00s Real=0.01s
[2023-06-15T08:52:56.587+0000][72][safepoint   ] Safepoint "G1CollectForAllocation", Time since last: 1087506365 ns, Reaching safepoint: 98132 ns, At safepoint: 13697341 ns, Total: 13795473 ns
[2023-06-15T08:52:57.138+0000][72][gc,start    ] GC(52) Pause Young (Mixed) (G1 Evacuation Pause)
[2023-06-15T08:52:57.139+0000][72][gc,task     ] GC(52) Using 4 workers of 4 for evacuation
[2023-06-15T08:52:57.140+0000][72][gc,age      ] GC(52) Desired survivor size 2097152 bytes, new threshold 15 (max threshold 15)
[2023-06-15T08:52:57.147+0000][72][gc,phases   ] GC(52)   Pre Evacuate Collection Set: 0.1ms
[2023-06-15T08:52:57.147+0000][72][gc,phases   ] GC(52)   Merge Heap Roots: 0.1ms
[2023-06-15T08:52:57.148+0000][72][gc,phases   ] GC(52)   Evacuate Collection Set: 4.7ms
[2023-06-15T08:52:57.148+0000][72][gc,phases   ] GC(52)   Post Evacuate Collection Set: 0.8ms
[2023-06-15T08:52:57.149+0000][72][gc,phases   ] GC(52)   Other: 2.0ms
[2023-06-15T08:52:57.149+0000][72][gc,age      ] GC(52) Age table with threshold 15 (max threshold 15)
[2023-06-15T08:52:57.150+0000][72][gc,age      ] GC(52) - age   1:     599168 bytes,     599168 total
[2023-06-15T08:52:57.150+0000][72][gc,age      ] GC(52) - age   2:     269568 bytes,     868736 total
[2023-06-15T08:52:57.150+0000][72][gc,age      ] GC(52) - age   3:     273264 bytes,    1142000 total
[2023-06-15T08:52:57.151+0000][72][gc,age      ] GC(52) - age   4:       2784 bytes,    1144784 total
[2023-06-15T08:52:57.151+0000][72][gc,age      ] GC(52) - age   5:     288512 bytes,    1433296 total
[2023-06-15T08:52:57.152+0000][72][gc,age      ] GC(52) - age   6:      82656 bytes,    1515952 total
[2023-06-15T08:52:57.153+0000][72][gc,age      ] GC(52) - age   7:       4568 bytes,    1520520 total
[2023-06-15T08:52:57.153+0000][72][gc,age      ] GC(52) - age   8:     452760 bytes,    1973280 total
[2023-06-15T08:52:57.154+0000][72][gc,heap     ] GC(52) Eden regions: 2->0(15)
[2023-06-15T08:52:57.154+0000][72][gc,heap     ] GC(52) Survivor regions: 1->1(1)
[2023-06-15T08:52:57.155+0000][72][gc,heap     ] GC(52) Old regions: 32->32
[2023-06-15T08:52:57.155+0000][72][gc,heap     ] GC(52) Archive regions: 2->2
[2023-06-15T08:52:57.155+0000][72][gc,heap     ] GC(52) Humongous regions: 2->2
[2023-06-15T08:52:57.156+0000][72][gc,metaspace] GC(52) Metaspace: 135414K(138688K)->135414K(138688K) NonClass: 117456K(119104K)->117456K(119104K) Class: 17957K(19584K)->17957K(19584K)
[2023-06-15T08:52:57.156+0000][72][gc          ] GC(52) Pause Young (Mixed) (G1 Evacuation Pause) 148M->140M(256M) 18.316ms
[2023-06-15T08:52:57.157+0000][72][gc,cpu      ] GC(52) User=0.02s Sys=0.00s Real=0.02s
[2023-06-15T08:52:57.158+0000][72][safepoint   ] Safepoint "G1CollectForAllocation", Time since last: 550617016 ns, Reaching safepoint: 105327 ns, At safepoint: 19552962 ns, Total: 19658289 ns
[2023-06-15T08:52:58.160+0000][72][safepoint   ] Safepoint "Cleanup", Time since last: 1001544163 ns, Reaching safepoint: 496760 ns, At safepoint: 16861 ns, Total: 513621 ns
[2023-06-15T08:52:59.143+0000][72][safepoint   ] Safepoint "Cleanup", Time since last: 1003958127 ns, Reaching safepoint: 1118857 ns, At safepoint: 34266 ns, Total: 1153123 ns
[2023-06-15T08:53:00.147+0000][72][safepoint   ] Safepoint "Cleanup", Time since last: 1003172904 ns, Reaching safepoint: 476178 ns, At safepoint: 11984 ns, Total: 488162 ns
[2023-06-15T08:53:02.154+0000][72][safepoint   ] Safepoint "Cleanup", Time since last: 2006451958 ns, Reaching safepoint: 801060 ns, At safepoint: 22390 ns, Total: 823450 ns
[2023-06-15T08:53:03.158+0000][72][safepoint   ] Safepoint "Cleanup", Time since last: 1002940755 ns, Reaching safepoint: 609455 ns, At safepoint: 14085 ns, Total: 623540 ns
[2023-06-15T08:53:04.163+0000][72][safepoint   ] Safepoint "Cleanup", Time since last: 1003894565 ns, Reaching safepoint: 930276 ns, At safepoint: 85596 ns, Total: 1015872 ns
[2023-06-15T08:53:05.167+0000][72][safepoint   ] Safepoint "Cleanup", Time since last: 1003246128 ns, Reaching safepoint: 659945 ns, At safepoint: 42959 ns, Total: 702904 ns
[2023-06-15T08:53:06.173+0000][72][safepoint   ] Safepoint "Cleanup", Time since last: 1005106609 ns, Reaching safepoint: 705686 ns, At safepoint: 40762 ns, Total: 746448 ns
[2023-06-15T08:53:07.176+0000][72][safepoint   ] Safepoint "Cleanup", Time since last: 1003110907 ns, Reaching safepoint: 707942 ns, At safepoint: 16073 ns, Total: 724015 ns
[2023-06-15T08:53:08.180+0000][72][safepoint   ] Safepoint "Cleanup", Time since last: 1003428602 ns, Reaching safepoint: 494007 ns, At safepoint: 14172 ns, Total: 508179 ns
[2023-06-15T08:53:09.184+0000][72][safepoint   ] Safepoint "Cleanup", Time since last: 1002740564 ns, Reaching safepoint: 327985 ns, At safepoint: 28916 ns, Total: 356901 ns
[2023-06-15T08:53:10.188+0000][72][safepoint   ] Safepoint "Cleanup", Time since last: 1003518982 ns, Reaching safepoint: 468851 ns, At safepoint: 49225 ns, Total: 518076 ns
[2023-06-15T08:53:11.192+0000][72][safepoint   ] Safepoint "Cleanup", Time since last: 1004429120 ns, Reaching safepoint: 344389 ns, At safepoint: 9364 ns, Total: 353753 ns
[2023-06-15T08:53:12.196+0000][72][safepoint   ] Safepoint "Cleanup", Time since last: 1003623180 ns, Reaching safepoint: 500543 ns, At safepoint: 14188 ns, Total: 514731 ns
[2023-06-15T08:53:13.202+0000][72][safepoint   ] Safepoint "Cleanup", Time since last: 1004899803 ns, Reaching safepoint: 374969 ns, At safepoint: 14974 ns, Total: 389943 ns
[2023-06-15T08:53:14.811+0000][72][safepoint   ] Safepoint "Cleanup", Time since last: 1608824384 ns, Reaching safepoint: 99509 ns, At safepoint: 91749 ns, Total: 191258 ns
[2023-06-15T08:53:15.814+0000][72][safepoint   ] Safepoint "Cleanup", Time since last: 1002737729 ns, Reaching safepoint: 412371 ns, At safepoint: 13435 ns, Total: 425806 ns
[2023-06-15T08:53:16.199+0000][72][gc,start    ] GC(53) Pause Young (Concurrent Start) (G1 Evacuation Pause)
[2023-06-15T08:53:16.199+0000][72][gc,task     ] GC(53) Using 4 workers of 4 for evacuation
[2023-06-15T08:53:16.200+0000][72][gc,age      ] GC(53) Desired survivor size 4194304 bytes, new threshold 15 (max threshold 15)
[2023-06-15T08:53:16.204+0000][72][gc,phases   ] GC(53)   Pre Evacuate Collection Set: 0.4ms
[2023-06-15T08:53:16.205+0000][72][gc,phases   ] GC(53)   Merge Heap Roots: 0.1ms
[2023-06-15T08:53:16.205+0000][72][gc,phases   ] GC(53)   Evacuate Collection Set: 2.8ms
[2023-06-15T08:53:16.206+0000][72][gc,phases   ] GC(53)   Post Evacuate Collection Set: 0.7ms
[2023-06-15T08:53:16.206+0000][72][gc,phases   ] GC(53)   Other: 0.9ms
[2023-06-15T08:53:16.207+0000][72][gc,age      ] GC(53) Age table with threshold 15 (max threshold 15)
[2023-06-15T08:53:16.207+0000][72][gc,age      ] GC(53) - age   1:    1390272 bytes,    1390272 total
[2023-06-15T08:53:16.207+0000][72][gc,age      ] GC(53) - age   2:     114328 bytes,    1504600 total
[2023-06-15T08:53:16.208+0000][72][gc,age      ] GC(53) - age   3:     254392 bytes,    1758992 total
[2023-06-15T08:53:16.208+0000][72][gc,age      ] GC(53) - age   4:     272528 bytes,    2031520 total
[2023-06-15T08:53:16.208+0000][72][gc,age      ] GC(53) - age   5:       2784 bytes,    2034304 total
[2023-06-15T08:53:16.209+0000][72][gc,age      ] GC(53) - age   6:     287608 bytes,    2321912 total
[2023-06-15T08:53:16.209+0000][72][gc,age      ] GC(53) - age   7:      82416 bytes,    2404328 total
[2023-06-15T08:53:16.210+0000][72][gc,age      ] GC(53) - age   8:       4504 bytes,    2408832 total
[2023-06-15T08:53:16.210+0000][72][gc,age      ] GC(53) - age   9:     452760 bytes,    2861592 total
[2023-06-15T08:53:16.210+0000][72][gc,heap     ] GC(53) Eden regions: 15->0(15)
[2023-06-15T08:53:16.211+0000][72][gc,heap     ] GC(53) Survivor regions: 1->1(2)
[2023-06-15T08:53:16.211+0000][72][gc,heap     ] GC(53) Old regions: 32->32
[2023-06-15T08:53:16.212+0000][72][gc,heap     ] GC(53) Archive regions: 2->2
[2023-06-15T08:53:16.212+0000][72][gc,heap     ] GC(53) Humongous regions: 2->2
[2023-06-15T08:53:16.212+0000][72][gc,metaspace] GC(53) Metaspace: 135612K(138944K)->135612K(138944K) NonClass: 117654K(119360K)->117654K(119360K) Class: 17957K(19584K)->17957K(19584K)
[2023-06-15T08:53:16.213+0000][72][gc          ] GC(53) Pause Young (Concurrent Start) (G1 Evacuation Pause) 200M->140M(256M) 14.295ms
[2023-06-15T08:53:16.213+0000][72][gc,cpu      ] GC(53) User=0.01s Sys=0.00s Real=0.02s
[2023-06-15T08:53:16.213+0000][72][gc          ] GC(54) Concurrent Mark Cycle
[2023-06-15T08:53:16.214+0000][72][gc,marking  ] GC(54) Concurrent Clear Claimed Marks
[2023-06-15T08:53:16.214+0000][72][safepoint   ] Safepoint "G1CollectForAllocation", Time since last: 384477389 ns, Reaching safepoint: 91274 ns, At safepoint: 15150088 ns, Total: 15241362 ns
[2023-06-15T08:53:16.215+0000][72][gc,marking  ] GC(54) Concurrent Clear Claimed Marks 0.746ms
[2023-06-15T08:53:16.216+0000][72][gc,marking  ] GC(54) Concurrent Scan Root Regions
[2023-06-15T08:53:16.220+0000][72][gc,marking  ] GC(54) Concurrent Scan Root Regions 3.701ms
[2023-06-15T08:53:16.221+0000][72][gc,marking  ] GC(54) Concurrent Mark
[2023-06-15T08:53:16.221+0000][72][gc,marking  ] GC(54) Concurrent Mark From Roots
[2023-06-15T08:53:16.222+0000][72][gc,task     ] GC(54) Using 1 workers of 1 for marking
[2023-06-15T08:53:16.402+0000][72][gc,marking  ] GC(54) Concurrent Mark From Roots 180.393ms
[2023-06-15T08:53:16.403+0000][72][gc,marking  ] GC(54) Concurrent Preclean
[2023-06-15T08:53:16.404+0000][72][gc,marking  ] GC(54) Concurrent Preclean 1.026ms
[2023-06-15T08:53:16.404+0000][72][gc,start    ] GC(54) Pause Remark
[2023-06-15T08:53:16.421+0000][72][gc          ] GC(54) Pause Remark 146M->146M(256M) 16.623ms
[2023-06-15T08:53:16.422+0000][72][gc,cpu      ] GC(54) User=0.05s Sys=0.00s Real=0.02s
[2023-06-15T08:53:16.424+0000][72][safepoint   ] Safepoint "G1PauseRemark", Time since last: 190536032 ns, Reaching safepoint: 129433 ns, At safepoint: 19384001 ns, Total: 19513434 ns
[2023-06-15T08:53:16.425+0000][72][gc,marking  ] GC(54) Concurrent Mark 204.165ms
[2023-06-15T08:53:16.426+0000][72][gc,marking  ] GC(54) Concurrent Rebuild Remembered Sets
[2023-06-15T08:53:16.511+0000][72][gc,marking  ] GC(54) Concurrent Rebuild Remembered Sets 85.822ms
[2023-06-15T08:53:16.513+0000][72][gc,start    ] GC(54) Pause Cleanup
[2023-06-15T08:53:16.513+0000][72][gc          ] GC(54) Pause Cleanup 146M->146M(256M) 0.853ms
[2023-06-15T08:53:16.514+0000][72][gc,cpu      ] GC(54) User=0.00s Sys=0.00s Real=0.00s
[2023-06-15T08:53:16.515+0000][72][safepoint   ] Safepoint "G1PauseCleanup", Time since last: 88826753 ns, Reaching safepoint: 65538 ns, At safepoint: 2473136 ns, Total: 2538674 ns
[2023-06-15T08:53:16.516+0000][72][gc,marking  ] GC(54) Concurrent Cleanup for Next Mark
[2023-06-15T08:53:16.516+0000][72][gc,marking  ] GC(54) Concurrent Cleanup for Next Mark 0.703ms
[2023-06-15T08:53:16.517+0000][72][gc          ] GC(54) Concurrent Mark Cycle 303.515ms
[2023-06-15T08:53:17.517+0000][72][safepoint   ] Safepoint "Cleanup", Time since last: 1001032121 ns, Reaching safepoint: 460158 ns, At safepoint: 12961 ns, Total: 473119 ns
[2023-06-15T08:53:18.520+0000][72][safepoint   ] Safepoint "Cleanup", Time since last: 1003647829 ns, Reaching safepoint: 145002 ns, At safepoint: 4141 ns, Total: 149143 ns
[2023-06-15T08:53:19.522+0000][72][safepoint   ] Safepoint "Cleanup", Time since last: 1001461801 ns, Reaching safepoint: 209304 ns, At safepoint: 5453 ns, Total: 214757 ns
[2023-06-15T08:53:20.636+0000][72][safepoint   ] Safepoint "Cleanup", Time since last: 1113637724 ns, Reaching safepoint: 158708 ns, At safepoint: 7124 ns, Total: 165832 ns
[2023-06-15T08:53:21.639+0000][72][safepoint   ] Safepoint "Cleanup", Time since last: 1002280063 ns, Reaching safepoint: 340642 ns, At safepoint: 11668 ns, Total: 352310 ns
[2023-06-15T08:53:23.643+0000][72][safepoint   ] Safepoint "Cleanup", Time since last: 2004356583 ns, Reaching safepoint: 288474 ns, At safepoint: 11100 ns, Total: 299574 ns
[2023-06-15T08:53:26.647+0000][72][safepoint   ] Safepoint "Cleanup", Time since last: 3004136920 ns, Reaching safepoint: 132105 ns, At safepoint: 37423 ns, Total: 169528 ns
[2023-06-15T08:53:27.649+0000][72][safepoint   ] Safepoint "Cleanup", Time since last: 1001480331 ns, Reaching safepoint: 167230 ns, At safepoint: 4687 ns, Total: 171917 ns
[2023-06-15T08:53:29.628+0000][72][safepoint   ] Safepoint "Cleanup", Time since last: 2001522436 ns, Reaching safepoint: 142382 ns, At safepoint: 7904 ns, Total: 150286 ns
[2023-06-15T08:53:30.630+0000][72][safepoint   ] Safepoint "Cleanup", Time since last: 1001783372 ns, Reaching safepoint: 247985 ns, At safepoint: 22270 ns, Total: 270255 ns
[2023-06-15T08:53:32.634+0000][72][safepoint   ] Safepoint "Cleanup", Time since last: 2004550554 ns, Reaching safepoint: 52250 ns, At safepoint: 3522 ns, Total: 55772 ns
[2023-06-15T08:53:33.636+0000][72][safepoint   ] Safepoint "Cleanup", Time since last: 1000970297 ns, Reaching safepoint: 205265 ns, At safepoint: 12483 ns, Total: 217748 ns
[2023-06-15T08:53:34.639+0000][72][safepoint   ] Safepoint "Cleanup", Time since last: 1003146911 ns, Reaching safepoint: 222452 ns, At safepoint: 163701 ns, Total: 386153 ns
[2023-06-15T08:53:35.530+0000][72][gc,start    ] GC(55) Pause Young (Prepare Mixed) (G1 Evacuation Pause)
[2023-06-15T08:53:35.531+0000][72][gc,task     ] GC(55) Using 4 workers of 4 for evacuation
[2023-06-15T08:53:35.532+0000][72][gc,age      ] GC(55) Desired survivor size 4194304 bytes, new threshold 15 (max threshold 15)
[2023-06-15T08:53:35.540+0000][72][gc,phases   ] GC(55)   Pre Evacuate Collection Set: 0.1ms
[2023-06-15T08:53:35.540+0000][72][gc,phases   ] GC(55)   Merge Heap Roots: 0.1ms
[2023-06-15T08:53:35.541+0000][72][gc,phases   ] GC(55)   Evacuate Collection Set: 5.0ms
[2023-06-15T08:53:35.542+0000][72][gc,phases   ] GC(55)   Post Evacuate Collection Set: 0.9ms
[2023-06-15T08:53:35.543+0000][72][gc,phases   ] GC(55)   Other: 2.4ms
[2023-06-15T08:53:35.543+0000][72][gc,age      ] GC(55) Age table with threshold 15 (max threshold 15)
[2023-06-15T08:53:35.544+0000][72][gc,age      ] GC(55) - age   1:    1106520 bytes,    1106520 total
[2023-06-15T08:53:35.545+0000][72][gc,age      ] GC(55) - age   2:      14096 bytes,    1120616 total
[2023-06-15T08:53:35.545+0000][72][gc,age      ] GC(55) - age   3:        560 bytes,    1121176 total
[2023-06-15T08:53:35.546+0000][72][gc,age      ] GC(55) - age   4:      27416 bytes,    1148592 total
[2023-06-15T08:53:35.546+0000][72][gc,age      ] GC(55) - age   5:     272464 bytes,    1421056 total
[2023-06-15T08:53:35.547+0000][72][gc,age      ] GC(55) - age   6:       2784 bytes,    1423840 total
[2023-06-15T08:53:35.547+0000][72][gc,age      ] GC(55) - age   7:     287480 bytes,    1711320 total
[2023-06-15T08:53:35.548+0000][72][gc,age      ] GC(55) - age   8:      82008 bytes,    1793328 total
[2023-06-15T08:53:35.549+0000][72][gc,age      ] GC(55) - age   9:       4504 bytes,    1797832 total
[2023-06-15T08:53:35.549+0000][72][gc,age      ] GC(55) - age  10:     452528 bytes,    2250360 total
[2023-06-15T08:53:35.549+0000][72][gc,heap     ] GC(55) Eden regions: 15->0(2)
[2023-06-15T08:53:35.550+0000][72][gc,heap     ] GC(55) Survivor regions: 1->1(2)
[2023-06-15T08:53:35.550+0000][72][gc,heap     ] GC(55) Old regions: 32->32
[2023-06-15T08:53:35.551+0000][72][gc,heap     ] GC(55) Archive regions: 2->2
[2023-06-15T08:53:35.551+0000][72][gc,heap     ] GC(55) Humongous regions: 2->2
[2023-06-15T08:53:35.552+0000][72][gc,metaspace] GC(55) Metaspace: 133723K(138944K)->133723K(138944K) NonClass: 116252K(119360K)->116252K(119360K) Class: 17471K(19584K)->17471K(19584K)
[2023-06-15T08:53:35.553+0000][72][gc          ] GC(55) Pause Young (Prepare Mixed) (G1 Evacuation Pause) 200M->140M(256M) 23.138ms
[2023-06-15T08:53:35.553+0000][72][gc,cpu      ] GC(55) User=0.02s Sys=0.00s Real=0.02s
[2023-06-15T08:53:35.554+0000][72][safepoint   ] Safepoint "G1CollectForAllocation", Time since last: 890426603 ns, Reaching safepoint: 41530 ns, At safepoint: 24195069 ns, Total: 24236599 ns
[2023-06-15T08:53:37.557+0000][72][safepoint   ] Safepoint "Cleanup", Time since last: 2002990356 ns, Reaching safepoint: 399303 ns, At safepoint: 10490 ns, Total: 409793 ns
[2023-06-15T08:53:38.560+0000][72][safepoint   ] Safepoint "Cleanup", Time since last: 1002228916 ns, Reaching safepoint: 141378 ns, At safepoint: 48600 ns, Total: 189978 ns
[2023-06-15T08:53:38.834+0000][72][gc,start    ] GC(56) Pause Young (Mixed) (G1 Evacuation Pause)
[2023-06-15T08:53:38.835+0000][72][gc,task     ] GC(56) Using 4 workers of 4 for evacuation
[2023-06-15T08:53:38.836+0000][72][gc,age      ] GC(56) Desired survivor size 2097152 bytes, new threshold 10 (max threshold 15)
[2023-06-15T08:53:38.842+0000][72][gc,phases   ] GC(56)   Pre Evacuate Collection Set: 0.1ms
[2023-06-15T08:53:38.842+0000][72][gc,phases   ] GC(56)   Merge Heap Roots: 0.1ms
[2023-06-15T08:53:38.843+0000][72][gc,phases   ] GC(56)   Evacuate Collection Set: 4.5ms
[2023-06-15T08:53:38.843+0000][72][gc,phases   ] GC(56)   Post Evacuate Collection Set: 0.7ms
[2023-06-15T08:53:38.844+0000][72][gc,phases   ] GC(56)   Other: 1.7ms
[2023-06-15T08:53:38.844+0000][72][gc,age      ] GC(56) Age table with threshold 10 (max threshold 15)
[2023-06-15T08:53:38.844+0000][72][gc,age      ] GC(56) - age   1:     583768 bytes,     583768 total
[2023-06-15T08:53:38.845+0000][72][gc,age      ] GC(56) - age   2:     808264 bytes,    1392032 total
[2023-06-15T08:53:38.845+0000][72][gc,age      ] GC(56) - age   3:      14096 bytes,    1406128 total
[2023-06-15T08:53:38.846+0000][72][gc,age      ] GC(56) - age   4:        496 bytes,    1406624 total
[2023-06-15T08:53:38.846+0000][72][gc,age      ] GC(56) - age   5:      27416 bytes,    1434040 total
[2023-06-15T08:53:38.847+0000][72][gc,age      ] GC(56) - age   6:     271952 bytes,    1705992 total
[2023-06-15T08:53:38.847+0000][72][gc,age      ] GC(56) - age   7:       2784 bytes,    1708776 total
[2023-06-15T08:53:38.848+0000][72][gc,age      ] GC(56) - age   8:     287480 bytes,    1996256 total
[2023-06-15T08:53:38.848+0000][72][gc,age      ] GC(56) - age   9:      82008 bytes,    2078264 total
[2023-06-15T08:53:38.849+0000][72][gc,age      ] GC(56) - age  10:       4504 bytes,    2082768 total
[2023-06-15T08:53:38.849+0000][72][gc,heap     ] GC(56) Eden regions: 2->0(15)
[2023-06-15T08:53:38.850+0000][72][gc,heap     ] GC(56) Survivor regions: 1->1(1)
[2023-06-15T08:53:38.850+0000][72][gc,heap     ] GC(56) Old regions: 32->32
[2023-06-15T08:53:38.851+0000][72][gc,heap     ] GC(56) Archive regions: 2->2
[2023-06-15T08:53:38.851+0000][72][gc,heap     ] GC(56) Humongous regions: 2->2
[2023-06-15T08:53:38.852+0000][72][gc,metaspace] GC(56) Metaspace: 133742K(138944K)->133742K(138944K) NonClass: 116271K(119360K)->116271K(119360K) Class: 17471K(19584K)->17471K(19584K)
[2023-06-15T08:53:38.853+0000][72][gc          ] GC(56) Pause Young (Mixed) (G1 Evacuation Pause) 148M->139M(256M) 18.645ms
[2023-06-15T08:53:38.853+0000][72][gc,cpu      ] GC(56) User=0.03s Sys=0.01s Real=0.02s
[2023-06-15T08:53:38.853+0000][72][safepoint   ] Safepoint "G1CollectForAllocation", Time since last: 274126714 ns, Reaching safepoint: 136528 ns, At safepoint: 19576709 ns, Total: 19713237 ns
[2023-06-15T08:53:39.855+0000][72][safepoint   ] Safepoint "Cleanup", Time since last: 1000800659 ns, Reaching safepoint: 727898 ns, At safepoint: 31443 ns, Total: 759341 ns
[2023-06-15T08:53:40.859+0000][72][safepoint   ] Safepoint "Cleanup", Time since last: 1004131908 ns, Reaching safepoint: 330890 ns, At safepoint: 10967 ns, Total: 341857 ns
[2023-06-15T08:53:41.864+0000][72][safepoint   ] Safepoint "Cleanup", Time since last: 1004494548 ns, Reaching safepoint: 498314 ns, At safepoint: 15046 ns, Total: 513360 ns
[2023-06-15T08:53:42.870+0000][72][safepoint   ] Safepoint "Cleanup", Time since last: 1004948549 ns, Reaching safepoint: 496546 ns, At safepoint: 34382 ns, Total: 530928 ns
[2023-06-15T08:53:43.874+0000][72][safepoint   ] Safepoint "Cleanup", Time since last: 1003255243 ns, Reaching safepoint: 338668 ns, At safepoint: 15220 ns, Total: 353888 ns
[2023-06-15T08:53:44.878+0000][72][safepoint   ] Safepoint "Cleanup", Time since last: 1004395287 ns, Reaching safepoint: 174722 ns, At safepoint: 11127 ns, Total: 185849 ns
[2023-06-15T08:53:45.881+0000][72][safepoint   ] Safepoint "Cleanup", Time since last: 1002425749 ns, Reaching safepoint: 853366 ns, At safepoint: 39256 ns, Total: 892622 ns
[2023-06-15T08:53:47.887+0000][72][safepoint   ] Safepoint "Cleanup", Time since last: 2004984674 ns, Reaching safepoint: 889020 ns, At safepoint: 44668 ns, Total: 933688 ns
[2023-06-15T08:53:49.897+0000][72][safepoint   ] Safepoint "Cleanup", Time since last: 2008780495 ns, Reaching safepoint: 455658 ns, At safepoint: 49478 ns, Total: 505136 ns
[2023-06-15T08:53:50.901+0000][72][safepoint   ] Safepoint "Cleanup", Time since last: 1003772891 ns, Reaching safepoint: 334107 ns, At safepoint: 12216 ns, Total: 346323 ns
[2023-06-15T08:53:51.905+0000][72][safepoint   ] Safepoint "Cleanup", Time since last: 1003812438 ns, Reaching safepoint: 147364 ns, At safepoint: 4884 ns, Total: 152248 ns
[2023-06-15T08:53:52.907+0000][72][safepoint   ] Safepoint "Cleanup", Time since last: 1001797351 ns, Reaching safepoint: 344011 ns, At safepoint: 13116 ns, Total: 357127 ns
[2023-06-15T08:53:53.913+0000][72][safepoint   ] Safepoint "Cleanup", Time since last: 1005220759 ns, Reaching safepoint: 560269 ns, At safepoint: 20929 ns, Total: 581198 ns
[2023-06-15T08:53:56.596+0000][72][gc,start    ] GC(57) Pause Young (Concurrent Start) (G1 Evacuation Pause)
[2023-06-15T08:53:56.596+0000][72][gc,task     ] GC(57) Using 4 workers of 4 for evacuation
[2023-06-15T08:53:56.597+0000][72][gc,age      ] GC(57) Desired survivor size 4194304 bytes, new threshold 15 (max threshold 15)
[2023-06-15T08:53:56.601+0000][72][gc,phases   ] GC(57)   Pre Evacuate Collection Set: 0.3ms
[2023-06-15T08:53:56.602+0000][72][gc,phases   ] GC(57)   Merge Heap Roots: 0.1ms
[2023-06-15T08:53:56.603+0000][72][gc,phases   ] GC(57)   Evacuate Collection Set: 2.7ms
[2023-06-15T08:53:56.603+0000][72][gc,phases   ] GC(57)   Post Evacuate Collection Set: 0.8ms
[2023-06-15T08:53:56.604+0000][72][gc,phases   ] GC(57)   Other: 1.0ms
[2023-06-15T08:53:56.604+0000][72][gc,age      ] GC(57) Age table with threshold 15 (max threshold 15)
[2023-06-15T08:53:56.605+0000][72][gc,age      ] GC(57) - age   1:    1032032 bytes,    1032032 total
[2023-06-15T08:53:56.605+0000][72][gc,age      ] GC(57) - age   2:        504 bytes,    1032536 total
[2023-06-15T08:53:56.605+0000][72][gc,age      ] GC(57) - age   3:      19992 bytes,    1052528 total
[2023-06-15T08:53:56.606+0000][72][gc,age      ] GC(57) - age   4:       5112 bytes,    1057640 total
[2023-06-15T08:53:56.606+0000][72][gc,age      ] GC(57) - age   5:        496 bytes,    1058136 total
[2023-06-15T08:53:56.606+0000][72][gc,age      ] GC(57) - age   6:      26912 bytes,    1085048 total
[2023-06-15T08:53:56.607+0000][72][gc,age      ] GC(57) - age   7:     271888 bytes,    1356936 total
[2023-06-15T08:53:56.608+0000][72][gc,age      ] GC(57) - age   8:       2784 bytes,    1359720 total
[2023-06-15T08:53:56.608+0000][72][gc,age      ] GC(57) - age   9:     287480 bytes,    1647200 total
[2023-06-15T08:53:56.608+0000][72][gc,age      ] GC(57) - age  10:      73648 bytes,    1720848 total
[2023-06-15T08:53:56.609+0000][72][gc,age      ] GC(57) - age  11:       4504 bytes,    1725352 total
[2023-06-15T08:53:56.609+0000][72][gc,heap     ] GC(57) Eden regions: 15->0(15)
[2023-06-15T08:53:56.610+0000][72][gc,heap     ] GC(57) Survivor regions: 1->1(2)
[2023-06-15T08:53:56.610+0000][72][gc,heap     ] GC(57) Old regions: 32->32
[2023-06-15T08:53:56.611+0000][72][gc,heap     ] GC(57) Archive regions: 2->2
[2023-06-15T08:53:56.611+0000][72][gc,heap     ] GC(57) Humongous regions: 2->2
[2023-06-15T08:53:56.611+0000][72][gc,metaspace] GC(57) Metaspace: 133879K(138944K)->133879K(138944K) NonClass: 116407K(119360K)->116407K(119360K) Class: 17471K(19584K)->17471K(19584K)
[2023-06-15T08:53:56.612+0000][72][gc          ] GC(57) Pause Young (Concurrent Start) (G1 Evacuation Pause) 199M->139M(256M) 16.412ms
[2023-06-15T08:53:56.613+0000][72][gc          ] GC(58) Concurrent Mark Cycle
[2023-06-15T08:53:56.613+0000][72][gc,marking  ] GC(58) Concurrent Clear Claimed Marks
[2023-06-15T08:53:56.613+0000][72][gc,cpu      ] GC(57) User=0.01s Sys=0.00s Real=0.02s
[2023-06-15T08:53:56.614+0000][72][gc,marking  ] GC(58) Concurrent Clear Claimed Marks 0.692ms
[2023-06-15T08:53:56.615+0000][72][gc,marking  ] GC(58) Concurrent Scan Root Regions
[2023-06-15T08:53:56.614+0000][72][safepoint   ] Safepoint "G1CollectForAllocation", Time since last: 2682868635 ns, Reaching safepoint: 110650 ns, At safepoint: 18514923 ns, Total: 18625573 ns
[2023-06-15T08:53:56.617+0000][72][gc,marking  ] GC(58) Concurrent Scan Root Regions 2.553ms
[2023-06-15T08:53:56.618+0000][72][gc,marking  ] GC(58) Concurrent Mark
[2023-06-15T08:53:56.619+0000][72][gc,marking  ] GC(58) Concurrent Mark From Roots
[2023-06-15T08:53:56.619+0000][72][gc,task     ] GC(58) Using 1 workers of 1 for marking
[2023-06-15T08:53:56.800+0000][72][gc,marking  ] GC(58) Concurrent Mark From Roots 180.830ms
[2023-06-15T08:53:56.800+0000][72][gc,marking  ] GC(58) Concurrent Preclean
[2023-06-15T08:53:56.801+0000][72][gc,marking  ] GC(58) Concurrent Preclean 1.154ms
[2023-06-15T08:53:56.802+0000][72][gc,start    ] GC(58) Pause Remark
[2023-06-15T08:53:56.816+0000][72][gc          ] GC(58) Pause Remark 142M->142M(256M) 13.893ms
[2023-06-15T08:53:56.817+0000][72][gc,cpu      ] GC(58) User=0.04s Sys=0.00s Real=0.01s
[2023-06-15T08:53:56.818+0000][72][safepoint   ] Safepoint "G1PauseRemark", Time since last: 187959655 ns, Reaching safepoint: 133214 ns, At safepoint: 15774086 ns, Total: 15907300 ns
[2023-06-15T08:53:56.819+0000][72][gc,marking  ] GC(58) Concurrent Mark 200.816ms
[2023-06-15T08:53:56.819+0000][72][gc,marking  ] GC(58) Concurrent Rebuild Remembered Sets
[2023-06-15T08:53:56.923+0000][72][gc,marking  ] GC(58) Concurrent Rebuild Remembered Sets 103.814ms
[2023-06-15T08:53:56.925+0000][72][gc,start    ] GC(58) Pause Cleanup
[2023-06-15T08:53:56.925+0000][72][gc          ] GC(58) Pause Cleanup 146M->146M(256M) 0.575ms
[2023-06-15T08:53:56.926+0000][72][gc,cpu      ] GC(58) User=0.00s Sys=0.00s Real=0.00s
[2023-06-15T08:53:56.926+0000][72][safepoint   ] Safepoint "G1PauseCleanup", Time since last: 106398104 ns, Reaching safepoint: 164762 ns, At safepoint: 1485781 ns, Total: 1650543 ns
[2023-06-15T08:53:56.927+0000][72][gc,marking  ] GC(58) Concurrent Cleanup for Next Mark
[2023-06-15T08:53:56.927+0000][72][gc,marking  ] GC(58) Concurrent Cleanup for Next Mark 0.765ms
[2023-06-15T08:53:56.928+0000][72][gc          ] GC(58) Concurrent Mark Cycle 315.108ms
[2023-06-15T08:53:57.927+0000][72][safepoint   ] Safepoint "Cleanup", Time since last: 1000809496 ns, Reaching safepoint: 503356 ns, At safepoint: 31936 ns, Total: 535292 ns
[2023-06-15T08:53:59.912+0000][72][safepoint   ] Safepoint "Cleanup", Time since last: 2005486270 ns, Reaching safepoint: 514450 ns, At safepoint: 19079 ns, Total: 533529 ns
[2023-06-15T08:54:00.916+0000][72][safepoint   ] Safepoint "Cleanup", Time since last: 1003699774 ns, Reaching safepoint: 600646 ns, At safepoint: 15289 ns, Total: 615935 ns
[2023-06-15T08:54:01.923+0000][72][safepoint   ] Safepoint "Cleanup", Time since last: 1005706352 ns, Reaching safepoint: 364316 ns, At safepoint: 16012 ns, Total: 380328 ns
[2023-06-15T08:54:02.926+0000][72][safepoint   ] Safepoint "Cleanup", Time since last: 1003282689 ns, Reaching safepoint: 216350 ns, At safepoint: 5742 ns, Total: 222092 ns
[2023-06-15T08:54:06.933+0000][72][safepoint   ] Safepoint "Cleanup", Time since last: 4006290977 ns, Reaching safepoint: 743226 ns, At safepoint: 14921 ns, Total: 758147 ns
[2023-06-15T08:54:08.937+0000][72][safepoint   ] Safepoint "Cleanup", Time since last: 2003649207 ns, Reaching safepoint: 123582 ns, At safepoint: 5965 ns, Total: 129547 ns
[2023-06-15T08:54:09.938+0000][72][safepoint   ] Safepoint "Cleanup", Time since last: 1000904808 ns, Reaching safepoint: 467697 ns, At safepoint: 18734 ns, Total: 486431 ns
[2023-06-15T08:54:10.944+0000][72][safepoint   ] Safepoint "Cleanup", Time since last: 1005126342 ns, Reaching safepoint: 361489 ns, At safepoint: 15439 ns, Total: 376928 ns
[2023-06-15T08:54:11.948+0000][72][safepoint   ] Safepoint "Cleanup", Time since last: 1004178273 ns, Reaching safepoint: 319143 ns, At safepoint: 11011 ns, Total: 330154 ns
[2023-06-15T08:54:12.952+0000][72][safepoint   ] Safepoint "Cleanup", Time since last: 1003272926 ns, Reaching safepoint: 276649 ns, At safepoint: 12320 ns, Total: 288969 ns
[2023-06-15T08:54:13.957+0000][72][safepoint   ] Safepoint "Cleanup", Time since last: 1004477728 ns, Reaching safepoint: 589203 ns, At safepoint: 14645 ns, Total: 603848 ns
[2023-06-15T08:54:14.246+0000][72][gc,start    ] GC(59) Pause Young (Prepare Mixed) (G1 Evacuation Pause)
[2023-06-15T08:54:14.249+0000][72][gc,task     ] GC(59) Using 4 workers of 4 for evacuation
[2023-06-15T08:54:14.250+0000][72][gc,age      ] GC(59) Desired survivor size 4194304 bytes, new threshold 15 (max threshold 15)
[2023-06-15T08:54:14.256+0000][72][gc,phases   ] GC(59)   Pre Evacuate Collection Set: 0.2ms
[2023-06-15T08:54:14.258+0000][72][gc,phases   ] GC(59)   Merge Heap Roots: 0.4ms
[2023-06-15T08:54:14.259+0000][72][gc,phases   ] GC(59)   Evacuate Collection Set: 3.6ms
[2023-06-15T08:54:14.260+0000][72][gc,phases   ] GC(59)   Post Evacuate Collection Set: 1.0ms
[2023-06-15T08:54:14.261+0000][72][gc,phases   ] GC(59)   Other: 2.6ms
[2023-06-15T08:54:14.262+0000][72][gc,age      ] GC(59) Age table with threshold 15 (max threshold 15)
[2023-06-15T08:54:14.262+0000][72][gc,age      ] GC(59) - age   1:     324912 bytes,     324912 total
[2023-06-15T08:54:14.264+0000][72][gc,age      ] GC(59) - age   2:      29808 bytes,     354720 total
[2023-06-15T08:54:14.264+0000][72][gc,age      ] GC(59) - age   3:        440 bytes,     355160 total
[2023-06-15T08:54:14.266+0000][72][gc,age      ] GC(59) - age   4:      19128 bytes,     374288 total
[2023-06-15T08:54:14.267+0000][72][gc,age      ] GC(59) - age   5:       3648 bytes,     377936 total
[2023-06-15T08:54:14.268+0000][72][gc,age      ] GC(59) - age   6:        368 bytes,     378304 total
[2023-06-15T08:54:14.269+0000][72][gc,age      ] GC(59) - age   7:      26784 bytes,     405088 total
[2023-06-15T08:54:14.270+0000][72][gc,age      ] GC(59) - age   8:     271888 bytes,     676976 total
[2023-06-15T08:54:14.271+0000][72][gc,age      ] GC(59) - age   9:       2784 bytes,     679760 total
[2023-06-15T08:54:14.271+0000][72][gc,age      ] GC(59) - age  10:     287480 bytes,     967240 total
[2023-06-15T08:54:14.272+0000][72][gc,age      ] GC(59) - age  11:      73648 bytes,    1040888 total
[2023-06-15T08:54:14.272+0000][72][gc,age      ] GC(59) - age  12:       4504 bytes,    1045392 total
[2023-06-15T08:54:14.273+0000][72][gc,heap     ] GC(59) Eden regions: 15->0(2)
[2023-06-15T08:54:14.274+0000][72][gc,heap     ] GC(59) Survivor regions: 1->1(2)
[2023-06-15T08:54:14.274+0000][72][gc,heap     ] GC(59) Old regions: 32->32
[2023-06-15T08:54:14.275+0000][72][gc,heap     ] GC(59) Archive regions: 2->2
[2023-06-15T08:54:14.275+0000][72][gc,heap     ] GC(59) Humongous regions: 2->2
[2023-06-15T08:54:14.276+0000][72][gc,metaspace] GC(59) Metaspace: 133786K(138944K)->133786K(138944K) NonClass: 116361K(119360K)->116361K(119360K) Class: 17424K(19584K)->17424K(19584K)
[2023-06-15T08:54:14.277+0000][72][gc          ] GC(59) Pause Young (Prepare Mixed) (G1 Evacuation Pause) 199M->139M(256M) 30.567ms
[2023-06-15T08:54:14.277+0000][72][gc,cpu      ] GC(59) User=0.02s Sys=0.00s Real=0.04s
[2023-06-15T08:54:14.278+0000][72][safepoint   ] Safepoint "G1CollectForAllocation", Time since last: 289004696 ns, Reaching safepoint: 244756 ns, At safepoint: 31690311 ns, Total: 31935067 ns
[2023-06-15T08:54:14.881+0000][72][gc,start    ] GC(60) Pause Young (Mixed) (G1 Evacuation Pause)
[2023-06-15T08:54:14.882+0000][72][gc,task     ] GC(60) Using 4 workers of 4 for evacuation
[2023-06-15T08:54:14.882+0000][72][gc,age      ] GC(60) Desired survivor size 2097152 bytes, new threshold 15 (max threshold 15)
[2023-06-15T08:54:14.890+0000][72][gc,phases   ] GC(60)   Pre Evacuate Collection Set: 0.1ms
[2023-06-15T08:54:14.890+0000][72][gc,phases   ] GC(60)   Merge Heap Roots: 0.2ms
[2023-06-15T08:54:14.891+0000][72][gc,phases   ] GC(60)   Evacuate Collection Set: 5.7ms
[2023-06-15T08:54:14.892+0000][72][gc,phases   ] GC(60)   Post Evacuate Collection Set: 0.8ms
[2023-06-15T08:54:14.892+0000][72][gc,phases   ] GC(60)   Other: 1.0ms
[2023-06-15T08:54:14.893+0000][72][gc,age      ] GC(60) Age table with threshold 15 (max threshold 15)
[2023-06-15T08:54:14.893+0000][72][gc,age      ] GC(60) - age   1:     374040 bytes,     374040 total
[2023-06-15T08:54:14.894+0000][72][gc,age      ] GC(60) - age   2:     239216 bytes,     613256 total
[2023-06-15T08:54:14.894+0000][72][gc,age      ] GC(60) - age   3:      29632 bytes,     642888 total
[2023-06-15T08:54:14.895+0000][72][gc,age      ] GC(60) - age   4:        440 bytes,     643328 total
[2023-06-15T08:54:14.895+0000][72][gc,age      ] GC(60) - age   5:      19128 bytes,     662456 total
[2023-06-15T08:54:14.896+0000][72][gc,age      ] GC(60) - age   6:       3648 bytes,     666104 total
[2023-06-15T08:54:14.897+0000][72][gc,age      ] GC(60) - age   7:        368 bytes,     666472 total
[2023-06-15T08:54:14.897+0000][72][gc,age      ] GC(60) - age   8:      26784 bytes,     693256 total
[2023-06-15T08:54:14.898+0000][72][gc,age      ] GC(60) - age   9:     271888 bytes,     965144 total
[2023-06-15T08:54:14.898+0000][72][gc,age      ] GC(60) - age  10:       2784 bytes,     967928 total
[2023-06-15T08:54:14.899+0000][72][gc,age      ] GC(60) - age  11:     287480 bytes,    1255408 total
[2023-06-15T08:54:14.899+0000][72][gc,age      ] GC(60) - age  12:      73648 bytes,    1329056 total
[2023-06-15T08:54:14.900+0000][72][gc,age      ] GC(60) - age  13:       4504 bytes,    1333560 total
[2023-06-15T08:54:14.900+0000][72][gc,heap     ] GC(60) Eden regions: 2->0(15)
[2023-06-15T08:54:14.901+0000][72][gc,heap     ] GC(60) Survivor regions: 1->1(1)
[2023-06-15T08:54:14.902+0000][72][gc,heap     ] GC(60) Old regions: 32->32
[2023-06-15T08:54:14.902+0000][72][gc,heap     ] GC(60) Archive regions: 2->2
[2023-06-15T08:54:14.903+0000][72][gc,heap     ] GC(60) Humongous regions: 2->2
[2023-06-15T08:54:14.903+0000][72][gc,metaspace] GC(60) Metaspace: 133790K(138944K)->133790K(138944K) NonClass: 116365K(119360K)->116365K(119360K) Class: 17424K(19584K)->17424K(19584K)
[2023-06-15T08:54:14.904+0000][72][gc          ] GC(60) Pause Young (Mixed) (G1 Evacuation Pause) 147M->138M(256M) 22.611ms
[2023-06-15T08:54:14.904+0000][72][gc,cpu      ] GC(60) User=0.03s Sys=0.00s Real=0.02s
[2023-06-15T08:54:14.905+0000][72][safepoint   ] Safepoint "G1CollectForAllocation", Time since last: 603209827 ns, Reaching safepoint: 100321 ns, At safepoint: 23961097 ns, Total: 24061418 ns
[2023-06-15T08:54:16.907+0000][72][safepoint   ] Safepoint "Cleanup", Time since last: 2001347537 ns, Reaching safepoint: 178448 ns, At safepoint: 11205 ns, Total: 189653 ns
[2023-06-15T08:54:17.908+0000][72][safepoint   ] Safepoint "Cleanup", Time since last: 1000971753 ns, Reaching safepoint: 309873 ns, At safepoint: 61859 ns, Total: 371732 ns
[2023-06-15T08:54:19.912+0000][72][safepoint   ] Safepoint "Cleanup", Time since last: 2003931944 ns, Reaching safepoint: 428555 ns, At safepoint: 16952 ns, Total: 445507 ns
[2023-06-15T08:54:20.916+0000][72][safepoint   ] Safepoint "Cleanup", Time since last: 1003432973 ns, Reaching safepoint: 115271 ns, At safepoint: 4046 ns, Total: 119317 ns
[2023-06-15T08:54:21.918+0000][72][safepoint   ] Safepoint "Cleanup", Time since last: 1001494526 ns, Reaching safepoint: 516582 ns, At safepoint: 17734 ns, Total: 534316 ns
[2023-06-15T08:54:22.923+0000][72][safepoint   ] Safepoint "Cleanup", Time since last: 1005050801 ns, Reaching safepoint: 354281 ns, At safepoint: 14819 ns, Total: 369100 ns
[2023-06-15T08:54:24.930+0000][72][safepoint   ] Safepoint "Cleanup", Time since last: 2006031289 ns, Reaching safepoint: 518576 ns, At safepoint: 18422 ns, Total: 536998 ns
[2023-06-15T08:54:25.935+0000][72][safepoint   ] Safepoint "Cleanup", Time since last: 1004524131 ns, Reaching safepoint: 510230 ns, At safepoint: 14079 ns, Total: 524309 ns
[2023-06-15T08:54:26.938+0000][72][safepoint   ] Safepoint "Cleanup", Time since last: 1003106724 ns, Reaching safepoint: 220878 ns, At safepoint: 35795 ns, Total: 256673 ns
[2023-06-15T08:54:27.940+0000][72][safepoint   ] Safepoint "Cleanup", Time since last: 1001458486 ns, Reaching safepoint: 231343 ns, At safepoint: 13866 ns, Total: 245209 ns
[2023-06-15T08:54:29.924+0000][72][safepoint   ] Safepoint "Cleanup", Time since last: 2005870102 ns, Reaching safepoint: 353631 ns, At safepoint: 16037 ns, Total: 369668 ns
[2023-06-15T08:54:30.927+0000][72][safepoint   ] Safepoint "Cleanup", Time since last: 1002212512 ns, Reaching safepoint: 927133 ns, At safepoint: 38052 ns, Total: 965185 ns
[2023-06-15T08:54:32.932+0000][72][safepoint   ] Safepoint "Cleanup", Time since last: 2004759952 ns, Reaching safepoint: 83745 ns, At safepoint: 3629 ns, Total: 87374 ns
[2023-06-15T08:54:33.915+0000][72][gc,start    ] GC(61) Pause Young (Concurrent Start) (G1 Evacuation Pause)
[2023-06-15T08:54:33.915+0000][72][gc,task     ] GC(61) Using 4 workers of 4 for evacuation
[2023-06-15T08:54:33.916+0000][72][gc,age      ] GC(61) Desired survivor size 4194304 bytes, new threshold 15 (max threshold 15)
[2023-06-15T08:54:33.921+0000][72][gc,phases   ] GC(61)   Pre Evacuate Collection Set: 0.2ms
[2023-06-15T08:54:33.921+0000][72][gc,phases   ] GC(61)   Merge Heap Roots: 0.0ms
[2023-06-15T08:54:33.921+0000][72][gc,phases   ] GC(61)   Evacuate Collection Set: 3.3ms
[2023-06-15T08:54:33.922+0000][72][gc,phases   ] GC(61)   Post Evacuate Collection Set: 0.9ms
[2023-06-15T08:54:33.922+0000][72][gc,phases   ] GC(61)   Other: 1.0ms
[2023-06-15T08:54:33.923+0000][72][gc,age      ] GC(61) Age table with threshold 15 (max threshold 15)
[2023-06-15T08:54:33.923+0000][72][gc,age      ] GC(61) - age   1:     945296 bytes,     945296 total
[2023-06-15T08:54:33.924+0000][72][gc,age      ] GC(61) - age   2:     115760 bytes,    1061056 total
[2023-06-15T08:54:33.924+0000][72][gc,age      ] GC(61) - age   3:     233392 bytes,    1294448 total
[2023-06-15T08:54:33.925+0000][72][gc,age      ] GC(61) - age   4:       5184 bytes,    1299632 total
[2023-06-15T08:54:33.925+0000][72][gc,age      ] GC(61) - age   5:        440 bytes,    1300072 total
[2023-06-15T08:54:33.926+0000][72][gc,age      ] GC(61) - age   6:      18848 bytes,    1318920 total
[2023-06-15T08:54:33.926+0000][72][gc,age      ] GC(61) - age   7:       3648 bytes,    1322568 total
[2023-06-15T08:54:33.926+0000][72][gc,age      ] GC(61) - age   8:        368 bytes,    1322936 total
[2023-06-15T08:54:33.927+0000][72][gc,age      ] GC(61) - age   9:      26488 bytes,    1349424 total
[2023-06-15T08:54:33.927+0000][72][gc,age      ] GC(61) - age  10:     271888 bytes,    1621312 total
[2023-06-15T08:54:33.928+0000][72][gc,age      ] GC(61) - age  11:       2784 bytes,    1624096 total
[2023-06-15T08:54:33.928+0000][72][gc,age      ] GC(61) - age  12:     287480 bytes,    1911576 total
[2023-06-15T08:54:33.929+0000][72][gc,age      ] GC(61) - age  13:      73648 bytes,    1985224 total
[2023-06-15T08:54:33.929+0000][72][gc,age      ] GC(61) - age  14:       4504 bytes,    1989728 total
[2023-06-15T08:54:33.929+0000][72][gc,heap     ] GC(61) Eden regions: 15->0(16)
[2023-06-15T08:54:33.930+0000][72][gc,heap     ] GC(61) Survivor regions: 1->1(2)
[2023-06-15T08:54:33.930+0000][72][gc,heap     ] GC(61) Old regions: 32->32
[2023-06-15T08:54:33.931+0000][72][gc,heap     ] GC(61) Archive regions: 2->2
[2023-06-15T08:54:33.931+0000][72][gc,heap     ] GC(61) Humongous regions: 2->2
[2023-06-15T08:54:33.932+0000][72][gc,metaspace] GC(61) Metaspace: 134075K(138944K)->134075K(138944K) NonClass: 116650K(119360K)->116650K(119360K) Class: 17424K(19584K)->17424K(19584K)
[2023-06-15T08:54:33.932+0000][72][gc          ] GC(61) Pause Young (Concurrent Start) (G1 Evacuation Pause) 198M->139M(256M) 17.620ms
[2023-06-15T08:54:33.933+0000][72][gc,cpu      ] GC(61) User=0.00s Sys=0.00s Real=0.01s
[2023-06-15T08:54:33.933+0000][72][gc          ] GC(62) Concurrent Mark Cycle
[2023-06-15T08:54:33.933+0000][72][gc,marking  ] GC(62) Concurrent Clear Claimed Marks
[2023-06-15T08:54:33.933+0000][72][safepoint   ] Safepoint "G1CollectForAllocation", Time since last: 982252209 ns, Reaching safepoint: 54347 ns, At safepoint: 18544710 ns, Total: 18599057 ns
[2023-06-15T08:54:33.934+0000][72][gc,marking  ] GC(62) Concurrent Clear Claimed Marks 0.742ms
[2023-06-15T08:54:33.935+0000][72][gc,marking  ] GC(62) Concurrent Scan Root Regions
[2023-06-15T08:54:33.937+0000][72][gc,marking  ] GC(62) Concurrent Scan Root Regions 2.406ms
[2023-06-15T08:54:33.938+0000][72][gc,marking  ] GC(62) Concurrent Mark
[2023-06-15T08:54:33.938+0000][72][gc,marking  ] GC(62) Concurrent Mark From Roots
[2023-06-15T08:54:33.939+0000][72][gc,task     ] GC(62) Using 1 workers of 1 for marking
[2023-06-15T08:54:34.119+0000][72][gc,marking  ] GC(62) Concurrent Mark From Roots 181.259ms
[2023-06-15T08:54:34.120+0000][72][gc,marking  ] GC(62) Concurrent Preclean
[2023-06-15T08:54:34.121+0000][72][gc,marking  ] GC(62) Concurrent Preclean 0.915ms
[2023-06-15T08:54:34.122+0000][72][gc,start    ] GC(62) Pause Remark
[2023-06-15T08:54:34.135+0000][72][gc          ] GC(62) Pause Remark 146M->146M(256M) 13.090ms
[2023-06-15T08:54:34.136+0000][72][gc,cpu      ] GC(62) User=0.04s Sys=0.00s Real=0.02s
[2023-06-15T08:54:34.136+0000][72][safepoint   ] Safepoint "G1PauseRemark", Time since last: 188631481 ns, Reaching safepoint: 153024 ns, At safepoint: 14449813 ns, Total: 14602837 ns
[2023-06-15T08:54:34.144+0000][72][gc,marking  ] GC(62) Concurrent Mark 205.946ms
[2023-06-15T08:54:34.144+0000][72][gc,marking  ] GC(62) Concurrent Rebuild Remembered Sets
[2023-06-15T08:54:34.233+0000][72][gc,marking  ] GC(62) Concurrent Rebuild Remembered Sets 88.395ms
[2023-06-15T08:54:34.235+0000][72][gc,start    ] GC(62) Pause Cleanup
[2023-06-15T08:54:34.236+0000][72][gc          ] GC(62) Pause Cleanup 147M->147M(256M) 1.108ms
[2023-06-15T08:54:34.237+0000][72][gc,cpu      ] GC(62) User=0.00s Sys=0.00s Real=0.00s
[2023-06-15T08:54:34.238+0000][72][safepoint   ] Safepoint "G1PauseCleanup", Time since last: 97917219 ns, Reaching safepoint: 441294 ns, At safepoint: 3103371 ns, Total: 3544665 ns
[2023-06-15T08:54:34.239+0000][72][gc,marking  ] GC(62) Concurrent Cleanup for Next Mark
[2023-06-15T08:54:34.239+0000][72][gc,marking  ] GC(62) Concurrent Cleanup for Next Mark 0.785ms
[2023-06-15T08:54:34.240+0000][72][gc          ] GC(62) Concurrent Mark Cycle 307.022ms
[2023-06-15T08:54:35.240+0000][72][safepoint   ] Safepoint "Cleanup", Time since last: 1001774766 ns, Reaching safepoint: 291598 ns, At safepoint: 20577 ns, Total: 312175 ns
[2023-06-15T08:54:36.243+0000][72][safepoint   ] Safepoint "Cleanup", Time since last: 1002759362 ns, Reaching safepoint: 723187 ns, At safepoint: 38213 ns, Total: 761400 ns
[2023-06-15T08:54:38.249+0000][72][safepoint   ] Safepoint "Cleanup", Time since last: 2004271748 ns, Reaching safepoint: 1309863 ns, At safepoint: 68459 ns, Total: 1378322 ns
[2023-06-15T08:54:39.252+0000][72][safepoint   ] Safepoint "Cleanup", Time since last: 1003183453 ns, Reaching safepoint: 182289 ns, At safepoint: 67171 ns, Total: 249460 ns
[2023-06-15T08:54:40.256+0000][72][safepoint   ] Safepoint "Cleanup", Time since last: 1002625386 ns, Reaching safepoint: 979295 ns, At safepoint: 63038 ns, Total: 1042333 ns
[2023-06-15T08:54:42.261+0000][72][safepoint   ] Safepoint "Cleanup", Time since last: 2004394275 ns, Reaching safepoint: 357421 ns, At safepoint: 30111 ns, Total: 387532 ns
[2023-06-15T08:54:43.264+0000][72][safepoint   ] Safepoint "Cleanup", Time since last: 1003320230 ns, Reaching safepoint: 212352 ns, At safepoint: 8323 ns, Total: 220675 ns
[2023-06-15T08:54:44.268+0000][72][safepoint   ] Safepoint "Cleanup", Time since last: 1003389135 ns, Reaching safepoint: 184874 ns, At safepoint: 8106 ns, Total: 192980 ns
[2023-06-15T08:54:45.271+0000][72][safepoint   ] Safepoint "Cleanup", Time since last: 1002611954 ns, Reaching safepoint: 349050 ns, At safepoint: 14412 ns, Total: 363462 ns
[2023-06-15T08:54:46.274+0000][72][safepoint   ] Safepoint "Cleanup", Time since last: 1002818383 ns, Reaching safepoint: 217506 ns, At safepoint: 8298 ns, Total: 225804 ns
[2023-06-15T08:54:47.277+0000][72][safepoint   ] Safepoint "Cleanup", Time since last: 1002453591 ns, Reaching safepoint: 473911 ns, At safepoint: 13690 ns, Total: 487601 ns
[2023-06-15T08:54:48.283+0000][72][safepoint   ] Safepoint "Cleanup", Time since last: 1005093398 ns, Reaching safepoint: 942584 ns, At safepoint: 22626 ns, Total: 965210 ns
[2023-06-15T08:54:50.290+0000][72][safepoint   ] Safepoint "Cleanup", Time since last: 2005265088 ns, Reaching safepoint: 1443167 ns, At safepoint: 65778 ns, Total: 1508945 ns
[2023-06-15T08:54:50.822+0000][72][gc,start    ] GC(63) Pause Young (Prepare Mixed) (G1 Evacuation Pause)
[2023-06-15T08:54:50.822+0000][72][gc,task     ] GC(63) Using 4 workers of 4 for evacuation
[2023-06-15T08:54:50.823+0000][72][gc,age      ] GC(63) Desired survivor size 6291456 bytes, new threshold 15 (max threshold 15)
[2023-06-15T08:54:50.827+0000][72][gc,phases   ] GC(63)   Pre Evacuate Collection Set: 0.1ms
[2023-06-15T08:54:50.827+0000][72][gc,phases   ] GC(63)   Merge Heap Roots: 0.1ms
[2023-06-15T08:54:50.828+0000][72][gc,phases   ] GC(63)   Evacuate Collection Set: 2.3ms
[2023-06-15T08:54:50.828+0000][72][gc,phases   ] GC(63)   Post Evacuate Collection Set: 1.0ms
[2023-06-15T08:54:50.829+0000][72][gc,phases   ] GC(63)   Other: 0.9ms
[2023-06-15T08:54:50.829+0000][72][gc,age      ] GC(63) Age table with threshold 15 (max threshold 15)
[2023-06-15T08:54:50.829+0000][72][gc,age      ] GC(63) - age   1:    1356456 bytes,    1356456 total
[2023-06-15T08:54:50.830+0000][72][gc,age      ] GC(63) - age   2:      18776 bytes,    1375232 total
[2023-06-15T08:54:50.830+0000][72][gc,age      ] GC(63) - age   3:        320 bytes,    1375552 total
[2023-06-15T08:54:50.831+0000][72][gc,age      ] GC(63) - age   4:       8368 bytes,    1383920 total
[2023-06-15T08:54:50.831+0000][72][gc,age      ] GC(63) - age   5:       4744 bytes,    1388664 total
[2023-06-15T08:54:50.832+0000][72][gc,age      ] GC(63) - age   6:        440 bytes,    1389104 total
[2023-06-15T08:54:50.832+0000][72][gc,age      ] GC(63) - age   7:      18488 bytes,    1407592 total
[2023-06-15T08:54:50.833+0000][72][gc,age      ] GC(63) - age   8:       3520 bytes,    1411112 total
[2023-06-15T08:54:50.833+0000][72][gc,age      ] GC(63) - age   9:        368 bytes,    1411480 total
[2023-06-15T08:54:50.834+0000][72][gc,age      ] GC(63) - age  10:      26488 bytes,    1437968 total
[2023-06-15T08:54:50.834+0000][72][gc,age      ] GC(63) - age  11:     271888 bytes,    1709856 total
[2023-06-15T08:54:50.834+0000][72][gc,age      ] GC(63) - age  12:       2784 bytes,    1712640 total
[2023-06-15T08:54:50.835+0000][72][gc,age      ] GC(63) - age  13:     279464 bytes,    1992104 total
[2023-06-15T08:54:50.835+0000][72][gc,age      ] GC(63) - age  14:      73648 bytes,    2065752 total
[2023-06-15T08:54:50.835+0000][72][gc,age      ] GC(63) - age  15:       4504 bytes,    2070256 total
[2023-06-15T08:54:50.836+0000][72][gc,heap     ] GC(63) Eden regions: 16->0(2)
[2023-06-15T08:54:50.836+0000][72][gc,heap     ] GC(63) Survivor regions: 1->1(3)
[2023-06-15T08:54:50.837+0000][72][gc,heap     ] GC(63) Old regions: 32->32
[2023-06-15T08:54:50.837+0000][72][gc,heap     ] GC(63) Archive regions: 2->2
[2023-06-15T08:54:50.837+0000][72][gc,heap     ] GC(63) Humongous regions: 2->2
[2023-06-15T08:54:50.838+0000][72][gc,metaspace] GC(63) Metaspace: 134202K(139008K)->134202K(139008K) NonClass: 116779K(119424K)->116779K(119424K) Class: 17423K(19584K)->17423K(19584K)
[2023-06-15T08:54:50.838+0000][72][gc          ] GC(63) Pause Young (Prepare Mixed) (G1 Evacuation Pause) 203M->139M(256M) 16.381ms
[2023-06-15T08:54:50.839+0000][72][gc,cpu      ] GC(63) User=0.00s Sys=0.00s Real=0.02s
[2023-06-15T08:54:50.839+0000][72][safepoint   ] Safepoint "G1CollectForAllocation", Time since last: 531675051 ns, Reaching safepoint: 180387 ns, At safepoint: 17336874 ns, Total: 17517261 ns
[2023-06-15T08:54:51.841+0000][72][safepoint   ] Safepoint "Cleanup", Time since last: 1002091079 ns, Reaching safepoint: 346902 ns, At safepoint: 25559 ns, Total: 372461 ns
[2023-06-15T08:54:52.846+0000][72][safepoint   ] Safepoint "Cleanup", Time since last: 1003629641 ns, Reaching safepoint: 807796 ns, At safepoint: 20653 ns, Total: 828449 ns
[2023-06-15T08:54:53.565+0000][72][gc,start    ] GC(64) Pause Young (Mixed) (G1 Evacuation Pause)
[2023-06-15T08:54:53.566+0000][72][gc,task     ] GC(64) Using 4 workers of 4 for evacuation
[2023-06-15T08:54:53.568+0000][72][gc,age      ] GC(64) Desired survivor size 2097152 bytes, new threshold 15 (max threshold 15)
[2023-06-15T08:54:53.593+0000][72][gc,phases   ] GC(64)   Pre Evacuate Collection Set: 0.3ms
[2023-06-15T08:54:53.594+0000][72][gc,phases   ] GC(64)   Merge Heap Roots: 0.3ms
[2023-06-15T08:54:53.594+0000][72][gc,phases   ] GC(64)   Evacuate Collection Set: 22.0ms
[2023-06-15T08:54:53.595+0000][72][gc,phases   ] GC(64)   Post Evacuate Collection Set: 1.3ms
[2023-06-15T08:54:53.596+0000][72][gc,phases   ] GC(64)   Other: 2.5ms
[2023-06-15T08:54:53.596+0000][72][gc,age      ] GC(64) Age table with threshold 15 (max threshold 15)
[2023-06-15T08:54:53.597+0000][72][gc,age      ] GC(64) - age   1:     412032 bytes,     412032 total
[2023-06-15T08:54:53.597+0000][72][gc,age      ] GC(64) - age   2:     959200 bytes,    1371232 total
[2023-06-15T08:54:53.597+0000][72][gc,age      ] GC(64) - age   3:      15832 bytes,    1387064 total
[2023-06-15T08:54:53.598+0000][72][gc,age      ] GC(64) - age   4:        256 bytes,    1387320 total
[2023-06-15T08:54:53.598+0000][72][gc,age      ] GC(64) - age   5:       8240 bytes,    1395560 total
[2023-06-15T08:54:53.599+0000][72][gc,age      ] GC(64) - age   6:       4744 bytes,    1400304 total
[2023-06-15T08:54:53.599+0000][72][gc,age      ] GC(64) - age   7:        440 bytes,    1400744 total
[2023-06-15T08:54:53.600+0000][72][gc,age      ] GC(64) - age   8:      18488 bytes,    1419232 total
[2023-06-15T08:54:53.601+0000][72][gc,age      ] GC(64) - age   9:       3520 bytes,    1422752 total
[2023-06-15T08:54:53.601+0000][72][gc,age      ] GC(64) - age  10:        368 bytes,    1423120 total
[2023-06-15T08:54:53.601+0000][72][gc,age      ] GC(64) - age  11:      26488 bytes,    1449608 total
[2023-06-15T08:54:53.602+0000][72][gc,age      ] GC(64) - age  12:     271888 bytes,    1721496 total
[2023-06-15T08:54:53.602+0000][72][gc,age      ] GC(64) - age  13:       2784 bytes,    1724280 total
[2023-06-15T08:54:53.603+0000][72][gc,age      ] GC(64) - age  14:     279464 bytes,    2003744 total
[2023-06-15T08:54:53.603+0000][72][gc,age      ] GC(64) - age  15:      73648 bytes,    2077392 total
[2023-06-15T08:54:53.603+0000][72][gc,heap     ] GC(64) Eden regions: 2->0(16)
[2023-06-15T08:54:53.604+0000][72][gc,heap     ] GC(64) Survivor regions: 1->1(1)
[2023-06-15T08:54:53.604+0000][72][gc,heap     ] GC(64) Old regions: 32->32
[2023-06-15T08:54:53.605+0000][72][gc,heap     ] GC(64) Archive regions: 2->2
[2023-06-15T08:54:53.605+0000][72][gc,heap     ] GC(64) Humongous regions: 2->2
[2023-06-15T08:54:53.605+0000][72][gc,metaspace] GC(64) Metaspace: 134208K(139008K)->134208K(139008K) NonClass: 116785K(119424K)->116785K(119424K) Class: 17423K(19584K)->17423K(19584K)
[2023-06-15T08:54:53.606+0000][72][gc          ] GC(64) Pause Young (Mixed) (G1 Evacuation Pause) 147M->138M(256M) 41.134ms
[2023-06-15T08:54:53.607+0000][72][gc,cpu      ] GC(64) User=0.07s Sys=0.01s Real=0.04s
[2023-06-15T08:54:53.607+0000][72][safepoint   ] Safepoint "G1CollectForAllocation", Time since last: 718713706 ns, Reaching safepoint: 175305 ns, At safepoint: 42245783 ns, Total: 42421088 ns
[2023-06-15T08:54:54.609+0000][72][safepoint   ] Safepoint "Cleanup", Time since last: 1001128582 ns, Reaching safepoint: 599872 ns, At safepoint: 125101 ns, Total: 724973 ns
[2023-06-15T08:54:56.612+0000][72][safepoint   ] Safepoint "Cleanup", Time since last: 2003017665 ns, Reaching safepoint: 247139 ns, At safepoint: 31550 ns, Total: 278689 ns
[2023-06-15T08:54:57.615+0000][72][safepoint   ] Safepoint "Cleanup", Time since last: 1002324893 ns, Reaching safepoint: 760977 ns, At safepoint: 148676 ns, Total: 909653 ns
[2023-06-15T08:54:59.599+0000][72][safepoint   ] Safepoint "Cleanup", Time since last: 2004477320 ns, Reaching safepoint: 663798 ns, At safepoint: 99979 ns, Total: 763777 ns
[2023-06-15T08:55:00.602+0000][72][safepoint   ] Safepoint "Cleanup", Time since last: 1002306018 ns, Reaching safepoint: 428344 ns, At safepoint: 79262 ns, Total: 507606 ns
[2023-06-15T08:55:02.604+0000][72][safepoint   ] Safepoint "Cleanup", Time since last: 2002252087 ns, Reaching safepoint: 238994 ns, At safepoint: 51941 ns, Total: 290935 ns
[2023-06-15T08:55:03.606+0000][72][safepoint   ] Safepoint "Cleanup", Time since last: 1001222842 ns, Reaching safepoint: 143478 ns, At safepoint: 11214 ns, Total: 154692 ns
[2023-06-15T08:55:05.608+0000][72][safepoint   ] Safepoint "Cleanup", Time since last: 2001522387 ns, Reaching safepoint: 443519 ns, At safepoint: 8338 ns, Total: 451857 ns
[2023-06-15T08:55:09.612+0000][72][safepoint   ] Safepoint "Cleanup", Time since last: 4003360199 ns, Reaching safepoint: 596021 ns, At safepoint: 122960 ns, Total: 718981 ns
[2023-06-15T08:55:10.616+0000][72][safepoint   ] Safepoint "Cleanup", Time since last: 1003661365 ns, Reaching safepoint: 533167 ns, At safepoint: 212377 ns, Total: 745544 ns
[2023-06-15T08:55:11.620+0000][72][safepoint   ] Safepoint "Cleanup", Time since last: 1003744129 ns, Reaching safepoint: 85286 ns, At safepoint: 4832 ns, Total: 90118 ns
[2023-06-15T08:55:13.622+0000][72][safepoint   ] Safepoint "Cleanup", Time since last: 2002027566 ns, Reaching safepoint: 384527 ns, At safepoint: 84400 ns, Total: 468927 ns
[2023-06-15T08:55:14.324+0000][72][gc,start    ] GC(65) Pause Young (Concurrent Start) (G1 Evacuation Pause)
[2023-06-15T08:55:14.326+0000][72][gc,task     ] GC(65) Using 4 workers of 4 for evacuation
[2023-06-15T08:55:14.327+0000][72][gc,age      ] GC(65) Desired survivor size 6291456 bytes, new threshold 15 (max threshold 15)
[2023-06-15T08:55:14.337+0000][72][gc,phases   ] GC(65)   Pre Evacuate Collection Set: 0.5ms
[2023-06-15T08:55:14.339+0000][72][gc,phases   ] GC(65)   Merge Heap Roots: 0.1ms
[2023-06-15T08:55:14.340+0000][72][gc,phases   ] GC(65)   Evacuate Collection Set: 5.5ms
[2023-06-15T08:55:14.340+0000][72][gc,phases   ] GC(65)   Post Evacuate Collection Set: 1.3ms
[2023-06-15T08:55:14.342+0000][72][gc,phases   ] GC(65)   Other: 4.0ms
[2023-06-15T08:55:14.342+0000][72][gc,age      ] GC(65) Age table with threshold 15 (max threshold 15)
[2023-06-15T08:55:14.343+0000][72][gc,age      ] GC(65) - age   1:     846680 bytes,     846680 total
[2023-06-15T08:55:14.344+0000][72][gc,age      ] GC(65) - age   2:       4112 bytes,     850792 total
[2023-06-15T08:55:14.345+0000][72][gc,age      ] GC(65) - age   3:      18952 bytes,     869744 total
[2023-06-15T08:55:14.345+0000][72][gc,age      ] GC(65) - age   4:      15544 bytes,     885288 total
[2023-06-15T08:55:14.346+0000][72][gc,age      ] GC(65) - age   5:        128 bytes,     885416 total
[2023-06-15T08:55:14.347+0000][72][gc,age      ] GC(65) - age   6:       7288 bytes,     892704 total
[2023-06-15T08:55:14.347+0000][72][gc,age      ] GC(65) - age   7:       4616 bytes,     897320 total
[2023-06-15T08:55:14.348+0000][72][gc,age      ] GC(65) - age   8:        440 bytes,     897760 total
[2023-06-15T08:55:14.349+0000][72][gc,age      ] GC(65) - age   9:      18488 bytes,     916248 total
[2023-06-15T08:55:14.349+0000][72][gc,age      ] GC(65) - age  10:       3344 bytes,     919592 total
[2023-06-15T08:55:14.350+0000][72][gc,age      ] GC(65) - age  11:        368 bytes,     919960 total
[2023-06-15T08:55:14.351+0000][72][gc,age      ] GC(65) - age  12:      26488 bytes,     946448 total
[2023-06-15T08:55:14.351+0000][72][gc,age      ] GC(65) - age  13:     271888 bytes,    1218336 total
[2023-06-15T08:55:14.352+0000][72][gc,age      ] GC(65) - age  14:       2784 bytes,    1221120 total
[2023-06-15T08:55:14.352+0000][72][gc,age      ] GC(65) - age  15:     279464 bytes,    1500584 total
[2023-06-15T08:55:14.353+0000][72][gc,heap     ] GC(65) Eden regions: 16->0(16)
[2023-06-15T08:55:14.354+0000][72][gc,heap     ] GC(65) Survivor regions: 1->1(3)
[2023-06-15T08:55:14.354+0000][72][gc,heap     ] GC(65) Old regions: 32->32
[2023-06-15T08:55:14.355+0000][72][gc,heap     ] GC(65) Archive regions: 2->2
[2023-06-15T08:55:14.355+0000][72][gc,heap     ] GC(65) Humongous regions: 2->2
[2023-06-15T08:55:14.356+0000][72][gc,metaspace] GC(65) Metaspace: 134357K(139072K)->134357K(139072K) NonClass: 116934K(119488K)->116934K(119488K) Class: 17423K(19584K)->17423K(19584K)
[2023-06-15T08:55:14.357+0000][72][gc          ] GC(65) Pause Young (Concurrent Start) (G1 Evacuation Pause) 202M->138M(256M) 32.823ms
[2023-06-15T08:55:14.357+0000][72][gc,cpu      ] GC(65) User=0.02s Sys=0.01s Real=0.03s
[2023-06-15T08:55:14.358+0000][72][safepoint   ] Safepoint "G1CollectForAllocation", Time since last: 701229655 ns, Reaching safepoint: 134441 ns, At safepoint: 34065248 ns, Total: 34199689 ns
[2023-06-15T08:55:14.357+0000][72][gc          ] GC(66) Concurrent Mark Cycle
[2023-06-15T08:55:14.360+0000][72][gc,marking  ] GC(66) Concurrent Clear Claimed Marks
[2023-06-15T08:55:14.362+0000][72][gc,marking  ] GC(66) Concurrent Clear Claimed Marks 1.495ms
[2023-06-15T08:55:14.362+0000][72][gc,marking  ] GC(66) Concurrent Scan Root Regions
[2023-06-15T08:55:14.364+0000][72][gc,marking  ] GC(66) Concurrent Scan Root Regions 2.327ms
[2023-06-15T08:55:14.365+0000][72][gc,marking  ] GC(66) Concurrent Mark
[2023-06-15T08:55:14.366+0000][72][gc,marking  ] GC(66) Concurrent Mark From Roots
[2023-06-15T08:55:14.366+0000][72][gc,task     ] GC(66) Using 1 workers of 1 for marking
[2023-06-15T08:55:14.508+0000][72][gc,marking  ] GC(66) Concurrent Mark From Roots 142.199ms
[2023-06-15T08:55:14.509+0000][72][gc,marking  ] GC(66) Concurrent Preclean
[2023-06-15T08:55:14.510+0000][72][gc,marking  ] GC(66) Concurrent Preclean 1.103ms
[2023-06-15T08:55:14.512+0000][72][gc,start    ] GC(66) Pause Remark
[2023-06-15T08:55:14.521+0000][72][gc          ] GC(66) Pause Remark 139M->139M(256M) 9.792ms
[2023-06-15T08:55:14.522+0000][72][gc,cpu      ] GC(66) User=0.02s Sys=0.00s Real=0.01s
[2023-06-15T08:55:14.523+0000][72][safepoint   ] Safepoint "G1PauseRemark", Time since last: 153518949 ns, Reaching safepoint: 216504 ns, At safepoint: 11313524 ns, Total: 11530028 ns
[2023-06-15T08:55:14.523+0000][72][gc,marking  ] GC(66) Concurrent Mark 158.156ms
[2023-06-15T08:55:14.524+0000][72][gc,marking  ] GC(66) Concurrent Rebuild Remembered Sets
[2023-06-15T08:55:14.623+0000][72][gc,marking  ] GC(66) Concurrent Rebuild Remembered Sets 98.531ms
[2023-06-15T08:55:14.623+0000][72][gc,start    ] GC(66) Pause Cleanup
[2023-06-15T08:55:14.624+0000][72][gc          ] GC(66) Pause Cleanup 142M->142M(256M) 0.846ms
[2023-06-15T08:55:14.625+0000][72][gc,cpu      ] GC(66) User=0.00s Sys=0.00s Real=0.00s
[2023-06-15T08:55:14.625+0000][72][safepoint   ] Safepoint "G1PauseCleanup", Time since last: 100375158 ns, Reaching safepoint: 117269 ns, At safepoint: 1807481 ns, Total: 1924750 ns
[2023-06-15T08:55:14.626+0000][72][gc,marking  ] GC(66) Concurrent Cleanup for Next Mark
[2023-06-15T08:55:14.627+0000][72][gc,marking  ] GC(66) Concurrent Cleanup for Next Mark 0.968ms
[2023-06-15T08:55:14.628+0000][72][gc          ] GC(66) Concurrent Mark Cycle 270.352ms
[2023-06-15T08:55:15.626+0000][72][safepoint   ] Safepoint "Cleanup", Time since last: 1001018771 ns, Reaching safepoint: 215551 ns, At safepoint: 7013 ns, Total: 222564 ns
[2023-06-15T08:55:16.630+0000][72][safepoint   ] Safepoint "Cleanup", Time since last: 1002981220 ns, Reaching safepoint: 368739 ns, At safepoint: 13087 ns, Total: 381826 ns
[2023-06-15T08:55:19.634+0000][72][safepoint   ] Safepoint "Cleanup", Time since last: 3004015809 ns, Reaching safepoint: 262279 ns, At safepoint: 18814 ns, Total: 281093 ns
[2023-06-15T08:55:20.636+0000][72][safepoint   ] Safepoint "Cleanup", Time since last: 1001934688 ns, Reaching safepoint: 266928 ns, At safepoint: 11829 ns, Total: 278757 ns
[2023-06-15T08:55:21.637+0000][72][safepoint   ] Safepoint "Cleanup", Time since last: 1000667093 ns, Reaching safepoint: 126499 ns, At safepoint: 5218 ns, Total: 131717 ns
[2023-06-15T08:55:22.640+0000][72][safepoint   ] Safepoint "Cleanup", Time since last: 1002035974 ns, Reaching safepoint: 349706 ns, At safepoint: 16087 ns, Total: 365793 ns
[2023-06-15T08:55:23.643+0000][72][safepoint   ] Safepoint "Cleanup", Time since last: 1003052798 ns, Reaching safepoint: 415125 ns, At safepoint: 16214 ns, Total: 431339 ns
[2023-06-15T08:55:26.647+0000][72][safepoint   ] Safepoint "Cleanup", Time since last: 3003864492 ns, Reaching safepoint: 46999 ns, At safepoint: 4059 ns, Total: 51058 ns
[2023-06-15T08:55:27.648+0000][72][safepoint   ] Safepoint "Cleanup", Time since last: 1001287366 ns, Reaching safepoint: 118678 ns, At safepoint: 8692 ns, Total: 127370 ns
[2023-06-15T08:55:29.619+0000][72][gc,start    ] GC(67) Pause Young (Normal) (G1 Evacuation Pause)
[2023-06-15T08:55:29.621+0000][72][gc,task     ] GC(67) Using 4 workers of 4 for evacuation
[2023-06-15T08:55:29.623+0000][72][gc,age      ] GC(67) Desired survivor size 6291456 bytes, new threshold 15 (max threshold 15)
[2023-06-15T08:55:29.634+0000][72][gc,phases   ] GC(67)   Pre Evacuate Collection Set: 0.2ms
[2023-06-15T08:55:29.635+0000][72][gc,phases   ] GC(67)   Merge Heap Roots: 0.1ms
[2023-06-15T08:55:29.636+0000][72][gc,phases   ] GC(67)   Evacuate Collection Set: 6.4ms
[2023-06-15T08:55:29.638+0000][72][gc,phases   ] GC(67)   Post Evacuate Collection Set: 1.2ms
[2023-06-15T08:55:29.639+0000][72][gc,phases   ] GC(67)   Other: 4.8ms
[2023-06-15T08:55:29.639+0000][72][gc,age      ] GC(67) Age table with threshold 15 (max threshold 15)
[2023-06-15T08:55:29.640+0000][72][gc,age      ] GC(67) - age   1:     633600 bytes,     633600 total
[2023-06-15T08:55:29.641+0000][72][gc,age      ] GC(67) - age   2:       9528 bytes,     643128 total
[2023-06-15T08:55:29.642+0000][72][gc,age      ] GC(67) - age   3:       1104 bytes,     644232 total
[2023-06-15T08:55:29.643+0000][72][gc,age      ] GC(67) - age   4:       4736 bytes,     648968 total
[2023-06-15T08:55:29.644+0000][72][gc,age      ] GC(67) - age   5:      15136 bytes,     664104 total
[2023-06-15T08:55:29.645+0000][72][gc,age      ] GC(67) - age   6:        128 bytes,     664232 total
[2023-06-15T08:55:29.646+0000][72][gc,age      ] GC(67) - age   7:       7288 bytes,     671520 total
[2023-06-15T08:55:29.646+0000][72][gc,age      ] GC(67) - age   8:       4616 bytes,     676136 total
[2023-06-15T08:55:29.647+0000][72][gc,age      ] GC(67) - age   9:        440 bytes,     676576 total
[2023-06-15T08:55:29.647+0000][72][gc,age      ] GC(67) - age  10:      18488 bytes,     695064 total
[2023-06-15T08:55:29.648+0000][72][gc,age      ] GC(67) - age  11:       3344 bytes,     698408 total
[2023-06-15T08:55:29.648+0000][72][gc,age      ] GC(67) - age  12:        368 bytes,     698776 total
[2023-06-15T08:55:29.649+0000][72][gc,age      ] GC(67) - age  13:      26488 bytes,     725264 total
[2023-06-15T08:55:29.650+0000][72][gc,age      ] GC(67) - age  14:     271888 bytes,     997152 total
[2023-06-15T08:55:29.651+0000][72][gc,age      ] GC(67) - age  15:       2784 bytes,     999936 total
[2023-06-15T08:55:29.651+0000][72][gc,heap     ] GC(67) Eden regions: 16->0(16)
[2023-06-15T08:55:29.652+0000][72][gc,heap     ] GC(67) Survivor regions: 1->1(3)
[2023-06-15T08:55:29.652+0000][72][gc,heap     ] GC(67) Old regions: 32->32
[2023-06-15T08:55:29.653+0000][72][gc,heap     ] GC(67) Archive regions: 2->2
[2023-06-15T08:55:29.654+0000][72][gc,heap     ] GC(67) Humongous regions: 2->2
[2023-06-15T08:55:29.654+0000][72][gc,metaspace] GC(67) Metaspace: 134546K(139136K)->134546K(139136K) NonClass: 117123K(119552K)->117123K(119552K) Class: 17423K(19584K)->17423K(19584K)
[2023-06-15T08:55:29.655+0000][72][gc          ] GC(67) Pause Young (Normal) (G1 Evacuation Pause) 202M->138M(256M) 36.216ms
[2023-06-15T08:55:29.656+0000][72][gc,cpu      ] GC(67) User=0.02s Sys=0.01s Real=0.04s
[2023-06-15T08:55:29.656+0000][72][safepoint   ] Safepoint "G1CollectForAllocation", Time since last: 1991231012 ns, Reaching safepoint: 104904 ns, At safepoint: 38048912 ns, Total: 38153816 ns
[2023-06-15T08:55:32.659+0000][72][safepoint   ] Safepoint "Cleanup", Time since last: 3001997509 ns, Reaching safepoint: 133612 ns, At safepoint: 36197 ns, Total: 169809 ns
[2023-06-15T08:55:33.660+0000][72][safepoint   ] Safepoint "Cleanup", Time since last: 1001374487 ns, Reaching safepoint: 278638 ns, At safepoint: 7195 ns, Total: 285833 ns
[2023-06-15T08:55:37.575+0000][72][safepoint   ] Safepoint "Cleanup", Time since last: 3913939372 ns, Reaching safepoint: 556645 ns, At safepoint: 19558 ns, Total: 576203 ns
[2023-06-15T08:55:39.579+0000][72][safepoint   ] Safepoint "Cleanup", Time since last: 2004101722 ns, Reaching safepoint: 521453 ns, At safepoint: 15293 ns, Total: 536746 ns
[2023-06-15T08:55:41.583+0000][72][safepoint   ] Safepoint "Cleanup", Time since last: 2003555732 ns, Reaching safepoint: 348717 ns, At safepoint: 13302 ns, Total: 362019 ns
[2023-06-15T08:55:42.587+0000][72][safepoint   ] Safepoint "Cleanup", Time since last: 1003629759 ns, Reaching safepoint: 188600 ns, At safepoint: 6969 ns, Total: 195569 ns
[2023-06-15T08:55:44.590+0000][72][safepoint   ] Safepoint "Cleanup", Time since last: 2002926639 ns, Reaching safepoint: 83188 ns, At safepoint: 8248 ns, Total: 91436 ns
[2023-06-15T08:55:45.591+0000][72][safepoint   ] Safepoint "Cleanup", Time since last: 1000782980 ns, Reaching safepoint: 151588 ns, At safepoint: 8981 ns, Total: 160569 ns
[2023-06-15T08:55:46.593+0000][72][safepoint   ] Safepoint "Cleanup", Time since last: 1001538877 ns, Reaching safepoint: 337331 ns, At safepoint: 11017 ns, Total: 348348 ns
[2023-06-15T08:55:47.597+0000][72][safepoint   ] Safepoint "Cleanup", Time since last: 1003569716 ns, Reaching safepoint: 189204 ns, At safepoint: 6437 ns, Total: 195641 ns
[2023-06-15T08:55:49.484+0000][72][gc,start    ] GC(68) Pause Young (Concurrent Start) (G1 Evacuation Pause)
[2023-06-15T08:55:49.485+0000][72][gc,task     ] GC(68) Using 4 workers of 4 for evacuation
[2023-06-15T08:55:49.488+0000][72][gc,age      ] GC(68) Desired survivor size 6291456 bytes, new threshold 15 (max threshold 15)
[2023-06-15T08:55:49.493+0000][72][gc,phases   ] GC(68)   Pre Evacuate Collection Set: 0.7ms
[2023-06-15T08:55:49.494+0000][72][gc,phases   ] GC(68)   Merge Heap Roots: 0.4ms
[2023-06-15T08:55:49.495+0000][72][gc,phases   ] GC(68)   Evacuate Collection Set: 2.5ms
[2023-06-15T08:55:49.496+0000][72][gc,phases   ] GC(68)   Post Evacuate Collection Set: 1.0ms
[2023-06-15T08:55:49.496+0000][72][gc,phases   ] GC(68)   Other: 3.1ms
[2023-06-15T08:55:49.497+0000][72][gc,age      ] GC(68) Age table with threshold 15 (max threshold 15)
[2023-06-15T08:55:49.497+0000][72][gc,age      ] GC(68) - age   1:     217104 bytes,     217104 total
[2023-06-15T08:55:49.498+0000][72][gc,age      ] GC(68) - age   2:      17096 bytes,     234200 total
[2023-06-15T08:55:49.499+0000][72][gc,age      ] GC(68) - age   3:       9208 bytes,     243408 total
[2023-06-15T08:55:49.500+0000][72][gc,age      ] GC(68) - age   4:       1104 bytes,     244512 total
[2023-06-15T08:55:49.500+0000][72][gc,age      ] GC(68) - age   5:       4168 bytes,     248680 total
[2023-06-15T08:55:49.501+0000][72][gc,age      ] GC(68) - age   6:      14816 bytes,     263496 total
[2023-06-15T08:55:49.501+0000][72][gc,age      ] GC(68) - age   8:       7288 bytes,     270784 total
[2023-06-15T08:55:49.502+0000][72][gc,age      ] GC(68) - age   9:       4616 bytes,     275400 total
[2023-06-15T08:55:49.503+0000][72][gc,age      ] GC(68) - age  10:        440 bytes,     275840 total
[2023-06-15T08:55:49.503+0000][72][gc,age      ] GC(68) - age  11:      18488 bytes,     294328 total
[2023-06-15T08:55:49.504+0000][72][gc,age      ] GC(68) - age  12:       3280 bytes,     297608 total
[2023-06-15T08:55:49.504+0000][72][gc,age      ] GC(68) - age  13:        368 bytes,     297976 total
[2023-06-15T08:55:49.505+0000][72][gc,age      ] GC(68) - age  14:      26488 bytes,     324464 total
[2023-06-15T08:55:49.505+0000][72][gc,age      ] GC(68) - age  15:     271888 bytes,     596352 total
[2023-06-15T08:55:49.506+0000][72][gc,heap     ] GC(68) Eden regions: 16->0(16)
[2023-06-15T08:55:49.506+0000][72][gc,heap     ] GC(68) Survivor regions: 1->1(3)
[2023-06-15T08:55:49.507+0000][72][gc,heap     ] GC(68) Old regions: 32->32
[2023-06-15T08:55:49.508+0000][72][gc,heap     ] GC(68) Archive regions: 2->2
[2023-06-15T08:55:49.508+0000][72][gc,heap     ] GC(68) Humongous regions: 2->2
[2023-06-15T08:55:49.508+0000][72][gc,metaspace] GC(68) Metaspace: 134777K(139200K)->134777K(139200K) NonClass: 117352K(119616K)->117352K(119616K) Class: 17424K(19584K)->17424K(19584K)
[2023-06-15T08:55:49.509+0000][72][gc          ] GC(68) Pause Young (Concurrent Start) (G1 Evacuation Pause) 202M->137M(256M) 25.140ms
[2023-06-15T08:55:49.510+0000][72][gc,cpu      ] GC(68) User=0.00s Sys=0.01s Real=0.02s
[2023-06-15T08:55:49.510+0000][72][safepoint   ] Safepoint "G1CollectForAllocation", Time since last: 1886862432 ns, Reaching safepoint: 176883 ns, At safepoint: 26217951 ns, Total: 26394834 ns
[2023-06-15T08:55:49.510+0000][72][gc          ] GC(69) Concurrent Mark Cycle
[2023-06-15T08:55:49.511+0000][72][gc,marking  ] GC(69) Concurrent Clear Claimed Marks
[2023-06-15T08:55:49.513+0000][72][gc,marking  ] GC(69) Concurrent Clear Claimed Marks 1.433ms
[2023-06-15T08:55:49.514+0000][72][gc,marking  ] GC(69) Concurrent Scan Root Regions
[2023-06-15T08:55:49.517+0000][72][gc,marking  ] GC(69) Concurrent Scan Root Regions 3.182ms
[2023-06-15T08:55:49.517+0000][72][gc,marking  ] GC(69) Concurrent Mark
[2023-06-15T08:55:49.518+0000][72][gc,marking  ] GC(69) Concurrent Mark From Roots
[2023-06-15T08:55:49.518+0000][72][gc,task     ] GC(69) Using 1 workers of 1 for marking
[2023-06-15T08:55:49.667+0000][72][gc,marking  ] GC(69) Concurrent Mark From Roots 149.187ms
[2023-06-15T08:55:49.668+0000][72][gc,marking  ] GC(69) Concurrent Preclean
[2023-06-15T08:55:49.669+0000][72][gc,marking  ] GC(69) Concurrent Preclean 0.928ms
[2023-06-15T08:55:49.670+0000][72][gc,start    ] GC(69) Pause Remark
[2023-06-15T08:55:49.678+0000][72][gc          ] GC(69) Pause Remark 138M->138M(256M) 7.631ms
[2023-06-15T08:55:49.679+0000][72][gc,cpu      ] GC(69) User=0.02s Sys=0.00s Real=0.01s
[2023-06-15T08:55:49.679+0000][72][safepoint   ] Safepoint "G1PauseRemark", Time since last: 160262002 ns, Reaching safepoint: 153502 ns, At safepoint: 8623208 ns, Total: 8776710 ns
[2023-06-15T08:55:49.680+0000][72][gc,marking  ] GC(69) Concurrent Mark 162.486ms
[2023-06-15T08:55:49.680+0000][72][gc,marking  ] GC(69) Concurrent Rebuild Remembered Sets
[2023-06-15T08:55:49.751+0000][72][gc,marking  ] GC(69) Concurrent Rebuild Remembered Sets 70.840ms
[2023-06-15T08:55:49.752+0000][72][gc,start    ] GC(69) Pause Cleanup
[2023-06-15T08:55:49.753+0000][72][gc          ] GC(69) Pause Cleanup 138M->138M(256M) 1.112ms
[2023-06-15T08:55:49.754+0000][72][gc,cpu      ] GC(69) User=0.00s Sys=0.00s Real=0.00s
[2023-06-15T08:55:49.755+0000][72][safepoint   ] Safepoint "G1PauseCleanup", Time since last: 73004568 ns, Reaching safepoint: 97558 ns, At safepoint: 2402371 ns, Total: 2499929 ns
[2023-06-15T08:55:49.755+0000][72][gc,marking  ] GC(69) Concurrent Cleanup for Next Mark
[2023-06-15T08:55:49.756+0000][72][gc,marking  ] GC(69) Concurrent Cleanup for Next Mark 0.764ms
[2023-06-15T08:55:49.756+0000][72][gc          ] GC(69) Concurrent Mark Cycle 246.816ms
[2023-06-15T08:55:50.756+0000][72][safepoint   ] Safepoint "Cleanup", Time since last: 1000664704 ns, Reaching safepoint: 351442 ns, At safepoint: 32999 ns, Total: 384441 ns
[2023-06-15T08:55:51.757+0000][72][safepoint   ] Safepoint "Cleanup", Time since last: 1001176988 ns, Reaching safepoint: 191877 ns, At safepoint: 7485 ns, Total: 199362 ns
[2023-06-15T08:55:52.760+0000][72][safepoint   ] Safepoint "Cleanup", Time since last: 1002109278 ns, Reaching safepoint: 719352 ns, At safepoint: 19013 ns, Total: 738365 ns
[2023-06-15T08:55:56.766+0000][72][safepoint   ] Safepoint "Cleanup", Time since last: 4006384857 ns, Reaching safepoint: 215189 ns, At safepoint: 27010 ns, Total: 242199 ns
[2023-06-15T08:55:57.768+0000][72][safepoint   ] Safepoint "Cleanup", Time since last: 1001645511 ns, Reaching safepoint: 294580 ns, At safepoint: 20030 ns, Total: 314610 ns
[2023-06-15T08:55:59.750+0000][72][safepoint   ] Safepoint "Cleanup", Time since last: 2003229016 ns, Reaching safepoint: 55078 ns, At safepoint: 3374 ns, Total: 58452 ns
[2023-06-15T08:56:00.752+0000][72][safepoint   ] Safepoint "Cleanup", Time since last: 1001858970 ns, Reaching safepoint: 154233 ns, At safepoint: 9903 ns, Total: 164136 ns
[2023-06-15T08:56:02.755+0000][72][safepoint   ] Safepoint "Cleanup", Time since last: 2002827193 ns, Reaching safepoint: 180703 ns, At safepoint: 27927 ns, Total: 208630 ns
[2023-06-15T08:56:03.755+0000][72][safepoint   ] Safepoint "Cleanup", Time since last: 1000503757 ns, Reaching safepoint: 66495 ns, At safepoint: 44854 ns, Total: 111349 ns
[2023-06-15T08:56:08.759+0000][72][safepoint   ] Safepoint "Cleanup", Time since last: 5003622718 ns, Reaching safepoint: 52746 ns, At safepoint: 4254 ns, Total: 57000 ns
[2023-06-15T08:56:09.761+0000][72][safepoint   ] Safepoint "Cleanup", Time since last: 1001452668 ns, Reaching safepoint: 784239 ns, At safepoint: 39753 ns, Total: 823992 ns
[2023-06-15T08:56:09.903+0000][72][gc,start    ] GC(70) Pause Young (Normal) (G1 Evacuation Pause)
[2023-06-15T08:56:09.903+0000][72][gc,task     ] GC(70) Using 4 workers of 4 for evacuation
[2023-06-15T08:56:09.904+0000][72][gc,age      ] GC(70) Desired survivor size 6291456 bytes, new threshold 15 (max threshold 15)
[2023-06-15T08:56:09.909+0000][72][gc,phases   ] GC(70)   Pre Evacuate Collection Set: 0.2ms
[2023-06-15T08:56:09.910+0000][72][gc,phases   ] GC(70)   Merge Heap Roots: 0.2ms
[2023-06-15T08:56:09.910+0000][72][gc,phases   ] GC(70)   Evacuate Collection Set: 2.6ms
[2023-06-15T08:56:09.910+0000][72][gc,phases   ] GC(70)   Post Evacuate Collection Set: 0.9ms
[2023-06-15T08:56:09.911+0000][72][gc,phases   ] GC(70)   Other: 1.6ms
[2023-06-15T08:56:09.911+0000][72][gc,age      ] GC(70) Age table with threshold 15 (max threshold 15)
[2023-06-15T08:56:09.912+0000][72][gc,age      ] GC(70) - age   1:    1413400 bytes,    1413400 total
[2023-06-15T08:56:09.913+0000][72][gc,age      ] GC(70) - age   2:     157800 bytes,    1571200 total
[2023-06-15T08:56:09.914+0000][72][gc,age      ] GC(70) - age   3:      12568 bytes,    1583768 total
[2023-06-15T08:56:09.914+0000][72][gc,age      ] GC(70) - age   4:       8720 bytes,    1592488 total
[2023-06-15T08:56:09.915+0000][72][gc,age      ] GC(70) - age   5:       1040 bytes,    1593528 total
[2023-06-15T08:56:09.915+0000][72][gc,age      ] GC(70) - age   6:       4040 bytes,    1597568 total
[2023-06-15T08:56:09.916+0000][72][gc,age      ] GC(70) - age   7:      14816 bytes,    1612384 total
[2023-06-15T08:56:09.916+0000][72][gc,age      ] GC(70) - age   9:       7288 bytes,    1619672 total
[2023-06-15T08:56:09.917+0000][72][gc,age      ] GC(70) - age  10:       4616 bytes,    1624288 total
[2023-06-15T08:56:09.918+0000][72][gc,age      ] GC(70) - age  11:        440 bytes,    1624728 total
[2023-06-15T08:56:09.918+0000][72][gc,age      ] GC(70) - age  12:      18488 bytes,    1643216 total
[2023-06-15T08:56:09.919+0000][72][gc,age      ] GC(70) - age  13:       3280 bytes,    1646496 total
[2023-06-15T08:56:09.919+0000][72][gc,age      ] GC(70) - age  14:        368 bytes,    1646864 total
[2023-06-15T08:56:09.920+0000][72][gc,age      ] GC(70) - age  15:      26488 bytes,    1673352 total
[2023-06-15T08:56:09.920+0000][72][gc,heap     ] GC(70) Eden regions: 16->0(16)
[2023-06-15T08:56:09.921+0000][72][gc,heap     ] GC(70) Survivor regions: 1->1(3)
[2023-06-15T08:56:09.922+0000][72][gc,heap     ] GC(70) Old regions: 32->32
[2023-06-15T08:56:09.922+0000][72][gc,heap     ] GC(70) Archive regions: 2->2
[2023-06-15T08:56:09.923+0000][72][gc,heap     ] GC(70) Humongous regions: 2->2
[2023-06-15T08:56:09.923+0000][72][gc,metaspace] GC(70) Metaspace: 134829K(139200K)->134829K(139200K) NonClass: 117405K(119616K)->117405K(119616K) Class: 17424K(19584K)->17424K(19584K)
[2023-06-15T08:56:09.923+0000][72][gc          ] GC(70) Pause Young (Normal) (G1 Evacuation Pause) 201M->138M(256M) 20.862ms
[2023-06-15T08:56:09.924+0000][72][gc,cpu      ] GC(70) User=0.01s Sys=0.00s Real=0.02s
[2023-06-15T08:56:09.924+0000][72][safepoint   ] Safepoint "G1CollectForAllocation", Time since last: 141176759 ns, Reaching safepoint: 228490 ns, At safepoint: 21801363 ns, Total: 22029853 ns
[2023-06-15T08:56:10.927+0000][72][safepoint   ] Safepoint "Cleanup", Time since last: 1001140219 ns, Reaching safepoint: 1011576 ns, At safepoint: 130553 ns, Total: 1142129 ns
[2023-06-15T08:56:14.931+0000][72][safepoint   ] Safepoint "Cleanup", Time since last: 4004589713 ns, Reaching safepoint: 135120 ns, At safepoint: 9160 ns, Total: 144280 ns
[2023-06-15T08:56:15.933+0000][72][safepoint   ] Safepoint "Cleanup", Time since last: 1001650860 ns, Reaching safepoint: 375635 ns, At safepoint: 16790 ns, Total: 392425 ns
[2023-06-15T08:56:16.938+0000][72][safepoint   ] Safepoint "Cleanup", Time since last: 1003634267 ns, Reaching safepoint: 454650 ns, At safepoint: 115304 ns, Total: 569954 ns
[2023-06-15T08:56:17.943+0000][72][safepoint   ] Safepoint "Cleanup", Time since last: 1004465873 ns, Reaching safepoint: 677567 ns, At safepoint: 31768 ns, Total: 709335 ns
[2023-06-15T08:56:18.946+0000][72][safepoint   ] Safepoint "Cleanup", Time since last: 1002962746 ns, Reaching safepoint: 326072 ns, At safepoint: 12457 ns, Total: 338529 ns
[2023-06-15T08:56:20.953+0000][72][safepoint   ] Safepoint "Cleanup", Time since last: 2005491920 ns, Reaching safepoint: 801258 ns, At safepoint: 182239 ns, Total: 983497 ns
[2023-06-15T08:56:22.959+0000][72][safepoint   ] Safepoint "Cleanup", Time since last: 2004584978 ns, Reaching safepoint: 1095905 ns, At safepoint: 272060 ns, Total: 1367965 ns
[2023-06-15T08:56:23.963+0000][72][safepoint   ] Safepoint "Cleanup", Time since last: 1003805219 ns, Reaching safepoint: 490674 ns, At safepoint: 14169 ns, Total: 504843 ns
[2023-06-15T08:56:25.707+0000][72][safepoint   ] Safepoint "Cleanup", Time since last: 1743709290 ns, Reaching safepoint: 149677 ns, At safepoint: 27003 ns, Total: 176680 ns
[2023-06-15T08:56:26.710+0000][72][safepoint   ] Safepoint "Cleanup", Time since last: 1003571689 ns, Reaching safepoint: 122563 ns, At safepoint: 8659 ns, Total: 131222 ns
[2023-06-15T08:56:26.818+0000][72][gc,start    ] GC(71) Pause Young (Concurrent Start) (G1 Evacuation Pause)
[2023-06-15T08:56:26.819+0000][72][gc,task     ] GC(71) Using 4 workers of 4 for evacuation
[2023-06-15T08:56:26.819+0000][72][gc,age      ] GC(71) Desired survivor size 6291456 bytes, new threshold 15 (max threshold 15)
[2023-06-15T08:56:26.824+0000][72][gc,phases   ] GC(71)   Pre Evacuate Collection Set: 0.3ms
[2023-06-15T08:56:26.825+0000][72][gc,phases   ] GC(71)   Merge Heap Roots: 0.1ms
[2023-06-15T08:56:26.825+0000][72][gc,phases   ] GC(71)   Evacuate Collection Set: 3.0ms
[2023-06-15T08:56:26.826+0000][72][gc,phases   ] GC(71)   Post Evacuate Collection Set: 1.1ms
[2023-06-15T08:56:26.826+0000][72][gc,phases   ] GC(71)   Other: 1.1ms
[2023-06-15T08:56:26.827+0000][72][gc,age      ] GC(71) Age table with threshold 15 (max threshold 15)
[2023-06-15T08:56:26.827+0000][72][gc,age      ] GC(71) - age   1:    1515704 bytes,    1515704 total
[2023-06-15T08:56:26.827+0000][72][gc,age      ] GC(71) - age   2:      41968 bytes,    1557672 total
[2023-06-15T08:56:26.828+0000][72][gc,age      ] GC(71) - age   3:     145560 bytes,    1703232 total
[2023-06-15T08:56:26.828+0000][72][gc,age      ] GC(71) - age   4:      12480 bytes,    1715712 total
[2023-06-15T08:56:26.828+0000][72][gc,age      ] GC(71) - age   5:       8192 bytes,    1723904 total
[2023-06-15T08:56:26.829+0000][72][gc,age      ] GC(71) - age   6:       1040 bytes,    1724944 total
[2023-06-15T08:56:26.829+0000][72][gc,age      ] GC(71) - age   7:       4040 bytes,    1728984 total
[2023-06-15T08:56:26.830+0000][72][gc,age      ] GC(71) - age   8:      14624 bytes,    1743608 total
[2023-06-15T08:56:26.830+0000][72][gc,age      ] GC(71) - age  10:       7288 bytes,    1750896 total
[2023-06-15T08:56:26.830+0000][72][gc,age      ] GC(71) - age  11:       4320 bytes,    1755216 total
[2023-06-15T08:56:26.831+0000][72][gc,age      ] GC(71) - age  12:        376 bytes,    1755592 total
[2023-06-15T08:56:26.831+0000][72][gc,age      ] GC(71) - age  13:      18400 bytes,    1773992 total
[2023-06-15T08:56:26.831+0000][72][gc,age      ] GC(71) - age  14:       3280 bytes,    1777272 total
[2023-06-15T08:56:26.832+0000][72][gc,age      ] GC(71) - age  15:        368 bytes,    1777640 total
[2023-06-15T08:56:26.832+0000][72][gc,heap     ] GC(71) Eden regions: 16->0(16)
[2023-06-15T08:56:26.832+0000][72][gc,heap     ] GC(71) Survivor regions: 1->1(3)
[2023-06-15T08:56:26.833+0000][72][gc,heap     ] GC(71) Old regions: 32->32
[2023-06-15T08:56:26.833+0000][72][gc,heap     ] GC(71) Archive regions: 2->2
[2023-06-15T08:56:26.834+0000][72][gc,heap     ] GC(71) Humongous regions: 2->2
[2023-06-15T08:56:26.834+0000][72][gc,metaspace] GC(71) Metaspace: 134942K(139264K)->134942K(139264K) NonClass: 117514K(119680K)->117514K(119680K) Class: 17427K(19584K)->17427K(19584K)
[2023-06-15T08:56:26.834+0000][72][gc          ] GC(71) Pause Young (Concurrent Start) (G1 Evacuation Pause) 202M->139M(256M) 16.642ms
[2023-06-15T08:56:26.835+0000][72][gc,cpu      ] GC(71) User=0.01s Sys=0.00s Real=0.02s
[2023-06-15T08:56:26.835+0000][72][gc          ] GC(72) Concurrent Mark Cycle
[2023-06-15T08:56:26.836+0000][72][gc,marking  ] GC(72) Concurrent Clear Claimed Marks
[2023-06-15T08:56:26.835+0000][72][safepoint   ] Safepoint "G1CollectForAllocation", Time since last: 107274982 ns, Reaching safepoint: 86549 ns, At safepoint: 17504392 ns, Total: 17590941 ns
[2023-06-15T08:56:26.836+0000][72][gc,marking  ] GC(72) Concurrent Clear Claimed Marks 0.618ms
[2023-06-15T08:56:26.838+0000][72][gc,marking  ] GC(72) Concurrent Scan Root Regions
[2023-06-15T08:56:26.845+0000][72][gc,marking  ] GC(72) Concurrent Scan Root Regions 6.226ms
[2023-06-15T08:56:26.846+0000][72][gc,marking  ] GC(72) Concurrent Mark
[2023-06-15T08:56:26.847+0000][72][gc,marking  ] GC(72) Concurrent Mark From Roots
[2023-06-15T08:56:26.848+0000][72][gc,task     ] GC(72) Using 1 workers of 1 for marking
[2023-06-15T08:56:26.997+0000][72][gc,marking  ] GC(72) Concurrent Mark From Roots 149.558ms
[2023-06-15T08:56:26.998+0000][72][gc,marking  ] GC(72) Concurrent Preclean
[2023-06-15T08:56:26.999+0000][72][gc,marking  ] GC(72) Concurrent Preclean 0.876ms
[2023-06-15T08:56:27.000+0000][72][gc,start    ] GC(72) Pause Remark
[2023-06-15T08:56:27.010+0000][72][gc          ] GC(72) Pause Remark 142M->142M(256M) 10.352ms
[2023-06-15T08:56:27.011+0000][72][gc,cpu      ] GC(72) User=0.02s Sys=0.00s Real=0.01s
[2023-06-15T08:56:27.011+0000][72][safepoint   ] Safepoint "G1PauseRemark", Time since last: 164358963 ns, Reaching safepoint: 54545 ns, At safepoint: 11381015 ns, Total: 11435560 ns
[2023-06-15T08:56:27.012+0000][72][gc,marking  ] GC(72) Concurrent Mark 165.370ms
[2023-06-15T08:56:27.012+0000][72][gc,marking  ] GC(72) Concurrent Rebuild Remembered Sets
[2023-06-15T08:56:27.087+0000][72][gc,marking  ] GC(72) Concurrent Rebuild Remembered Sets 74.689ms
[2023-06-15T08:56:27.088+0000][72][gc,start    ] GC(72) Pause Cleanup
[2023-06-15T08:56:27.089+0000][72][gc          ] GC(72) Pause Cleanup 142M->142M(256M) 0.724ms
[2023-06-15T08:56:27.089+0000][72][gc,cpu      ] GC(72) User=0.00s Sys=0.00s Real=0.01s
[2023-06-15T08:56:27.090+0000][72][safepoint   ] Safepoint "G1PauseCleanup", Time since last: 76725308 ns, Reaching safepoint: 84619 ns, At safepoint: 1835522 ns, Total: 1920141 ns
[2023-06-15T08:56:27.090+0000][72][gc,marking  ] GC(72) Concurrent Cleanup for Next Mark
[2023-06-15T08:56:27.091+0000][72][gc,marking  ] GC(72) Concurrent Cleanup for Next Mark 0.834ms
[2023-06-15T08:56:27.092+0000][72][gc          ] GC(72) Concurrent Mark Cycle 256.692ms
[2023-06-15T08:56:29.073+0000][72][safepoint   ] Safepoint "Cleanup", Time since last: 2004435438 ns, Reaching safepoint: 721864 ns, At safepoint: 43139 ns, Total: 765003 ns
[2023-06-15T08:56:30.080+0000][72][safepoint   ] Safepoint "Cleanup", Time since last: 1006039355 ns, Reaching safepoint: 675213 ns, At safepoint: 23772 ns, Total: 698985 ns
[2023-06-15T08:56:31.086+0000][72][safepoint   ] Safepoint "Cleanup", Time since last: 1006272226 ns, Reaching safepoint: 340130 ns, At safepoint: 13953 ns, Total: 354083 ns
[2023-06-15T08:56:33.091+0000][72][safepoint   ] Safepoint "Cleanup", Time since last: 2004073921 ns, Reaching safepoint: 142037 ns, At safepoint: 8660 ns, Total: 150697 ns
[2023-06-15T08:56:34.093+0000][72][safepoint   ] Safepoint "Cleanup", Time since last: 1002020023 ns, Reaching safepoint: 331526 ns, At safepoint: 12618 ns, Total: 344144 ns
[2023-06-15T08:56:35.097+0000][72][safepoint   ] Safepoint "Cleanup", Time since last: 1004107609 ns, Reaching safepoint: 397713 ns, At safepoint: 13657 ns, Total: 411370 ns
[2023-06-15T08:56:36.101+0000][72][safepoint   ] Safepoint "Cleanup", Time since last: 1002988751 ns, Reaching safepoint: 598294 ns, At safepoint: 13600 ns, Total: 611894 ns
[2023-06-15T08:56:37.104+0000][72][safepoint   ] Safepoint "Cleanup", Time since last: 1002462893 ns, Reaching safepoint: 307483 ns, At safepoint: 9499 ns, Total: 316982 ns
[2023-06-15T08:56:39.107+0000][72][safepoint   ] Safepoint "Cleanup", Time since last: 2002978138 ns, Reaching safepoint: 267056 ns, At safepoint: 16448 ns, Total: 283504 ns
[2023-06-15T08:56:39.165+0000][72][gc,start    ] GC(73) Pause Young (Prepare Mixed) (G1 Evacuation Pause)
[2023-06-15T08:56:39.166+0000][72][gc,task     ] GC(73) Using 4 workers of 4 for evacuation
[2023-06-15T08:56:39.167+0000][72][gc,age      ] GC(73) Desired survivor size 6291456 bytes, new threshold 15 (max threshold 15)
[2023-06-15T08:56:39.171+0000][72][gc,phases   ] GC(73)   Pre Evacuate Collection Set: 0.1ms
[2023-06-15T08:56:39.172+0000][72][gc,phases   ] GC(73)   Merge Heap Roots: 0.1ms
[2023-06-15T08:56:39.173+0000][72][gc,phases   ] GC(73)   Evacuate Collection Set: 2.2ms
[2023-06-15T08:56:39.174+0000][72][gc,phases   ] GC(73)   Post Evacuate Collection Set: 0.8ms
[2023-06-15T08:56:39.175+0000][72][gc,phases   ] GC(73)   Other: 2.1ms
[2023-06-15T08:56:39.176+0000][72][gc,age      ] GC(73) Age table with threshold 15 (max threshold 15)
[2023-06-15T08:56:39.176+0000][72][gc,age      ] GC(73) - age   1:    1073992 bytes,    1073992 total
[2023-06-15T08:56:39.176+0000][72][gc,age      ] GC(73) - age   2:     467816 bytes,    1541808 total
[2023-06-15T08:56:39.177+0000][72][gc,age      ] GC(73) - age   3:      38776 bytes,    1580584 total
[2023-06-15T08:56:39.177+0000][72][gc,age      ] GC(73) - age   4:     145432 bytes,    1726016 total
[2023-06-15T08:56:39.178+0000][72][gc,age      ] GC(73) - age   5:      12416 bytes,    1738432 total
[2023-06-15T08:56:39.178+0000][72][gc,age      ] GC(73) - age   6:       8192 bytes,    1746624 total
[2023-06-15T08:56:39.179+0000][72][gc,age      ] GC(73) - age   7:       1040 bytes,    1747664 total
[2023-06-15T08:56:39.179+0000][72][gc,age      ] GC(73) - age   8:       4040 bytes,    1751704 total
[2023-06-15T08:56:39.180+0000][72][gc,age      ] GC(73) - age   9:       6480 bytes,    1758184 total
[2023-06-15T08:56:39.180+0000][72][gc,age      ] GC(73) - age  11:       7288 bytes,    1765472 total
[2023-06-15T08:56:39.181+0000][72][gc,age      ] GC(73) - age  12:       4320 bytes,    1769792 total
[2023-06-15T08:56:39.181+0000][72][gc,age      ] GC(73) - age  13:        376 bytes,    1770168 total
[2023-06-15T08:56:39.181+0000][72][gc,age      ] GC(73) - age  14:      18400 bytes,    1788568 total
[2023-06-15T08:56:39.182+0000][72][gc,age      ] GC(73) - age  15:       3280 bytes,    1791848 total
[2023-06-15T08:56:39.182+0000][72][gc,heap     ] GC(73) Eden regions: 16->0(2)
[2023-06-15T08:56:39.183+0000][72][gc,heap     ] GC(73) Survivor regions: 1->1(3)
[2023-06-15T08:56:39.183+0000][72][gc,heap     ] GC(73) Old regions: 32->32
[2023-06-15T08:56:39.184+0000][72][gc,heap     ] GC(73) Archive regions: 2->2
[2023-06-15T08:56:39.184+0000][72][gc,heap     ] GC(73) Humongous regions: 2->2
[2023-06-15T08:56:39.185+0000][72][gc,metaspace] GC(73) Metaspace: 135034K(139264K)->135034K(139264K) NonClass: 117606K(119680K)->117606K(119680K) Class: 17427K(19584K)->17427K(19584K)
[2023-06-15T08:56:39.185+0000][72][gc          ] GC(73) Pause Young (Prepare Mixed) (G1 Evacuation Pause) 203M->139M(256M) 20.471ms
[2023-06-15T08:56:39.186+0000][72][gc,cpu      ] GC(73) User=0.03s Sys=0.00s Real=0.02s
[2023-06-15T08:56:39.186+0000][72][safepoint   ] Safepoint "G1CollectForAllocation", Time since last: 57487555 ns, Reaching safepoint: 110369 ns, At safepoint: 21435333 ns, Total: 21545702 ns
[2023-06-15T08:56:41.188+0000][72][safepoint   ] Safepoint "Cleanup", Time since last: 2001256731 ns, Reaching safepoint: 250592 ns, At safepoint: 13098 ns, Total: 263690 ns
[2023-06-15T08:56:41.752+0000][72][gc,start    ] GC(74) Pause Young (Mixed) (G1 Evacuation Pause)
[2023-06-15T08:56:41.753+0000][72][gc,task     ] GC(74) Using 4 workers of 4 for evacuation
[2023-06-15T08:56:41.753+0000][72][gc,age      ] GC(74) Desired survivor size 2097152 bytes, new threshold 15 (max threshold 15)
[2023-06-15T08:56:41.758+0000][72][gc,phases   ] GC(74)   Pre Evacuate Collection Set: 0.1ms
[2023-06-15T08:56:41.759+0000][72][gc,phases   ] GC(74)   Merge Heap Roots: 0.0ms
[2023-06-15T08:56:41.760+0000][72][gc,phases   ] GC(74)   Evacuate Collection Set: 3.4ms
[2023-06-15T08:56:41.761+0000][72][gc,phases   ] GC(74)   Post Evacuate Collection Set: 1.2ms
[2023-06-15T08:56:41.762+0000][72][gc,phases   ] GC(74)   Other: 0.8ms
[2023-06-15T08:56:41.762+0000][72][gc,age      ] GC(74) Age table with threshold 15 (max threshold 15)
[2023-06-15T08:56:41.763+0000][72][gc,age      ] GC(74) - age   1:     877968 bytes,     877968 total
[2023-06-15T08:56:41.763+0000][72][gc,age      ] GC(74) - age   2:     762408 bytes,    1640376 total
[2023-06-15T08:56:41.764+0000][72][gc,age      ] GC(74) - age   3:     463760 bytes,    2104136 total
[2023-06-15T08:56:41.765+0000][72][gc,age      ] GC(74) - age   4:      38648 bytes,    2142784 total
[2023-06-15T08:56:41.765+0000][72][gc,age      ] GC(74) - age   5:     137000 bytes,    2279784 total
[2023-06-15T08:56:41.766+0000][72][gc,age      ] GC(74) - age   6:      12416 bytes,    2292200 total
[2023-06-15T08:56:41.767+0000][72][gc,age      ] GC(74) - age   7:       8192 bytes,    2300392 total
[2023-06-15T08:56:41.768+0000][72][gc,age      ] GC(74) - age   8:       1040 bytes,    2301432 total
[2023-06-15T08:56:41.768+0000][72][gc,age      ] GC(74) - age   9:       4040 bytes,    2305472 total
[2023-06-15T08:56:41.769+0000][72][gc,age      ] GC(74) - age  10:       6480 bytes,    2311952 total
[2023-06-15T08:56:41.769+0000][72][gc,age      ] GC(74) - age  12:       7288 bytes,    2319240 total
[2023-06-15T08:56:41.769+0000][72][gc,age      ] GC(74) - age  13:       4320 bytes,    2323560 total
[2023-06-15T08:56:41.770+0000][72][gc,age      ] GC(74) - age  14:        376 bytes,    2323936 total
[2023-06-15T08:56:41.770+0000][72][gc,age      ] GC(74) - age  15:      18400 bytes,    2342336 total
[2023-06-15T08:56:41.771+0000][72][gc,heap     ] GC(74) Eden regions: 2->0(16)
[2023-06-15T08:56:41.771+0000][72][gc,heap     ] GC(74) Survivor regions: 1->1(1)
[2023-06-15T08:56:41.771+0000][72][gc,heap     ] GC(74) Old regions: 32->32
[2023-06-15T08:56:41.772+0000][72][gc,heap     ] GC(74) Archive regions: 2->2
[2023-06-15T08:56:41.773+0000][72][gc,heap     ] GC(74) Humongous regions: 2->2
[2023-06-15T08:56:41.773+0000][72][gc,metaspace] GC(74) Metaspace: 135037K(139264K)->135037K(139264K) NonClass: 117609K(119680K)->117609K(119680K) Class: 17427K(19584K)->17427K(19584K)
[2023-06-15T08:56:41.773+0000][72][gc          ] GC(74) Pause Young (Mixed) (G1 Evacuation Pause) 147M->139M(256M) 20.938ms
[2023-06-15T08:56:41.774+0000][72][gc,cpu      ] GC(74) User=0.02s Sys=0.00s Real=0.02s
[2023-06-15T08:56:41.774+0000][72][safepoint   ] Safepoint "G1CollectForAllocation", Time since last: 564727972 ns, Reaching safepoint: 71752 ns, At safepoint: 21836617 ns, Total: 21908369 ns
[2023-06-15T08:56:44.778+0000][72][safepoint   ] Safepoint "Cleanup", Time since last: 3003374814 ns, Reaching safepoint: 129905 ns, At safepoint: 26448 ns, Total: 156353 ns
[2023-06-15T08:56:45.780+0000][72][safepoint   ] Safepoint "Cleanup", Time since last: 1001307051 ns, Reaching safepoint: 535008 ns, At safepoint: 18430 ns, Total: 553438 ns
[2023-06-15T08:56:46.784+0000][72][safepoint   ] Safepoint "Cleanup", Time since last: 1003030769 ns, Reaching safepoint: 787260 ns, At safepoint: 56400 ns, Total: 843660 ns
[2023-06-15T08:56:47.787+0000][72][safepoint   ] Safepoint "Cleanup", Time since last: 1003778438 ns, Reaching safepoint: 165339 ns, At safepoint: 31513 ns, Total: 196852 ns
[2023-06-15T08:56:48.791+0000][72][safepoint   ] Safepoint "Cleanup", Time since last: 1002323401 ns, Reaching safepoint: 887307 ns, At safepoint: 29743 ns, Total: 917050 ns
[2023-06-15T08:56:49.796+0000][72][safepoint   ] Safepoint "Cleanup", Time since last: 1003762523 ns, Reaching safepoint: 997321 ns, At safepoint: 139953 ns, Total: 1137274 ns
[2023-06-15T08:56:50.799+0000][72][safepoint   ] Safepoint "Cleanup", Time since last: 1003387066 ns, Reaching safepoint: 381063 ns, At safepoint: 10277 ns, Total: 391340 ns
[2023-06-15T08:56:51.805+0000][72][safepoint   ] Safepoint "Cleanup", Time since last: 1004606118 ns, Reaching safepoint: 587246 ns, At safepoint: 43643 ns, Total: 630889 ns
[2023-06-15T08:56:54.812+0000][72][safepoint   ] Safepoint "Cleanup", Time since last: 3006715321 ns, Reaching safepoint: 403663 ns, At safepoint: 13853 ns, Total: 417516 ns
[2023-06-15T08:56:55.815+0000][72][safepoint   ] Safepoint "Cleanup", Time since last: 1003153219 ns, Reaching safepoint: 270091 ns, At safepoint: 13393 ns, Total: 283484 ns
[2023-06-15T08:56:56.791+0000][72][gc,start    ] GC(75) Pause Young (Concurrent Start) (G1 Evacuation Pause)
[2023-06-15T08:56:56.792+0000][72][gc,task     ] GC(75) Using 4 workers of 4 for evacuation
[2023-06-15T08:56:56.792+0000][72][gc,age      ] GC(75) Desired survivor size 6291456 bytes, new threshold 15 (max threshold 15)
[2023-06-15T08:56:56.798+0000][72][gc,phases   ] GC(75)   Pre Evacuate Collection Set: 0.3ms
[2023-06-15T08:56:56.799+0000][72][gc,phases   ] GC(75)   Merge Heap Roots: 0.0ms
[2023-06-15T08:56:56.799+0000][72][gc,phases   ] GC(75)   Evacuate Collection Set: 4.2ms
[2023-06-15T08:56:56.800+0000][72][gc,phases   ] GC(75)   Post Evacuate Collection Set: 0.7ms
[2023-06-15T08:56:56.800+0000][72][gc,phases   ] GC(75)   Other: 0.9ms
[2023-06-15T08:56:56.801+0000][72][gc,age      ] GC(75) Age table with threshold 15 (max threshold 15)
[2023-06-15T08:56:56.801+0000][72][gc,age      ] GC(75) - age   1:     899568 bytes,     899568 total
[2023-06-15T08:56:56.801+0000][72][gc,age      ] GC(75) - age   2:      26816 bytes,     926384 total
[2023-06-15T08:56:56.802+0000][72][gc,age      ] GC(75) - age   3:     307472 bytes,    1233856 total
[2023-06-15T08:56:56.802+0000][72][gc,age      ] GC(75) - age   4:     381656 bytes,    1615512 total
[2023-06-15T08:56:56.803+0000][72][gc,age      ] GC(75) - age   5:       4488 bytes,    1620000 total
[2023-06-15T08:56:56.803+0000][72][gc,age      ] GC(75) - age   6:      25848 bytes,    1645848 total
[2023-06-15T08:56:56.804+0000][72][gc,age      ] GC(75) - age   7:      12416 bytes,    1658264 total
[2023-06-15T08:56:56.804+0000][72][gc,age      ] GC(75) - age   8:       8192 bytes,    1666456 total
[2023-06-15T08:56:56.804+0000][72][gc,age      ] GC(75) - age   9:       1040 bytes,    1667496 total
[2023-06-15T08:56:56.805+0000][72][gc,age      ] GC(75) - age  10:       4040 bytes,    1671536 total
[2023-06-15T08:56:56.805+0000][72][gc,age      ] GC(75) - age  11:       6184 bytes,    1677720 total
[2023-06-15T08:56:56.806+0000][72][gc,age      ] GC(75) - age  13:       7256 bytes,    1684976 total
[2023-06-15T08:56:56.806+0000][72][gc,age      ] GC(75) - age  14:       4320 bytes,    1689296 total
[2023-06-15T08:56:56.806+0000][72][gc,age      ] GC(75) - age  15:        376 bytes,    1689672 total
[2023-06-15T08:56:56.807+0000][72][gc,heap     ] GC(75) Eden regions: 16->0(16)
[2023-06-15T08:56:56.807+0000][72][gc,heap     ] GC(75) Survivor regions: 1->1(3)
[2023-06-15T08:56:56.808+0000][72][gc,heap     ] GC(75) Old regions: 32->32
[2023-06-15T08:56:56.808+0000][72][gc,heap     ] GC(75) Archive regions: 2->2
[2023-06-15T08:56:56.809+0000][72][gc,heap     ] GC(75) Humongous regions: 2->2
[2023-06-15T08:56:56.809+0000][72][gc,metaspace] GC(75) Metaspace: 135150K(139328K)->135150K(139328K) NonClass: 117719K(119744K)->117719K(119744K) Class: 17431K(19584K)->17431K(19584K)
[2023-06-15T08:56:56.810+0000][72][gc          ] GC(75) Pause Young (Concurrent Start) (G1 Evacuation Pause) 203M->138M(256M) 18.395ms
[2023-06-15T08:56:56.810+0000][72][gc,cpu      ] GC(75) User=0.01s Sys=0.00s Real=0.02s
[2023-06-15T08:56:56.810+0000][72][gc          ] GC(76) Concurrent Mark Cycle
[2023-06-15T08:56:56.811+0000][72][gc,marking  ] GC(76) Concurrent Clear Claimed Marks
[2023-06-15T08:56:56.811+0000][72][safepoint   ] Safepoint "G1CollectForAllocation", Time since last: 975819820 ns, Reaching safepoint: 56787 ns, At safepoint: 19499620 ns, Total: 19556407 ns
[2023-06-15T08:56:56.812+0000][72][gc,marking  ] GC(76) Concurrent Clear Claimed Marks 0.618ms
[2023-06-15T08:56:56.813+0000][72][gc,marking  ] GC(76) Concurrent Scan Root Regions
[2023-06-15T08:56:56.819+0000][72][gc,marking  ] GC(76) Concurrent Scan Root Regions 5.822ms
[2023-06-15T08:56:56.821+0000][72][gc,marking  ] GC(76) Concurrent Mark
[2023-06-15T08:56:56.821+0000][72][gc,marking  ] GC(76) Concurrent Mark From Roots
[2023-06-15T08:56:56.821+0000][72][gc,task     ] GC(76) Using 1 workers of 1 for marking
[2023-06-15T08:56:56.969+0000][72][gc,marking  ] GC(76) Concurrent Mark From Roots 147.518ms
[2023-06-15T08:56:56.969+0000][72][gc,marking  ] GC(76) Concurrent Preclean
[2023-06-15T08:56:56.970+0000][72][gc,marking  ] GC(76) Concurrent Preclean 1.006ms
[2023-06-15T08:56:56.971+0000][72][gc,start    ] GC(76) Pause Remark
[2023-06-15T08:56:56.980+0000][72][gc          ] GC(76) Pause Remark 143M->143M(256M) 8.962ms
[2023-06-15T08:56:56.981+0000][72][gc,cpu      ] GC(76) User=0.02s Sys=0.00s Real=0.01s
[2023-06-15T08:56:56.981+0000][72][safepoint   ] Safepoint "G1PauseRemark", Time since last: 160177188 ns, Reaching safepoint: 131885 ns, At safepoint: 10230076 ns, Total: 10361961 ns
[2023-06-15T08:56:56.982+0000][72][gc,marking  ] GC(76) Concurrent Mark 161.676ms
[2023-06-15T08:56:56.983+0000][72][gc,marking  ] GC(76) Concurrent Rebuild Remembered Sets
[2023-06-15T08:56:57.056+0000][72][gc,marking  ] GC(76) Concurrent Rebuild Remembered Sets 73.250ms
[2023-06-15T08:56:57.057+0000][72][gc,start    ] GC(76) Pause Cleanup
[2023-06-15T08:56:57.058+0000][72][gc          ] GC(76) Pause Cleanup 143M->143M(256M) 0.759ms
[2023-06-15T08:56:57.059+0000][72][gc,cpu      ] GC(76) User=0.00s Sys=0.00s Real=0.01s
[2023-06-15T08:56:57.059+0000][72][safepoint   ] Safepoint "G1PauseCleanup", Time since last: 75617069 ns, Reaching safepoint: 180854 ns, At safepoint: 2399873 ns, Total: 2580727 ns
[2023-06-15T08:56:57.060+0000][72][gc,marking  ] GC(76) Concurrent Cleanup for Next Mark
[2023-06-15T08:56:57.061+0000][72][gc,marking  ] GC(76) Concurrent Cleanup for Next Mark 0.675ms
[2023-06-15T08:56:57.061+0000][72][gc          ] GC(76) Concurrent Mark Cycle 251.007ms
[2023-06-15T08:57:03.043+0000][72][safepoint   ] Safepoint "Cleanup", Time since last: 6005714268 ns, Reaching safepoint: 516496 ns, At safepoint: 42068 ns, Total: 558564 ns
[2023-06-15T08:57:04.048+0000][72][safepoint   ] Safepoint "Cleanup", Time since last: 1004656732 ns, Reaching safepoint: 123792 ns, At safepoint: 4909 ns, Total: 128701 ns
[2023-06-15T08:57:05.053+0000][72][safepoint   ] Safepoint "Cleanup", Time since last: 1004116977 ns, Reaching safepoint: 602975 ns, At safepoint: 32500 ns, Total: 635475 ns
[2023-06-15T08:57:09.057+0000][72][safepoint   ] Safepoint "Cleanup", Time since last: 4003836855 ns, Reaching safepoint: 120645 ns, At safepoint: 4924 ns, Total: 125569 ns
[2023-06-15T08:57:11.060+0000][72][safepoint   ] Safepoint "Cleanup", Time since last: 2002733037 ns, Reaching safepoint: 367033 ns, At safepoint: 8885 ns, Total: 375918 ns
[2023-06-15T08:57:14.773+0000][72][gc,start    ] GC(77) Pause Young (Prepare Mixed) (G1 Evacuation Pause)
[2023-06-15T08:57:14.774+0000][72][gc,task     ] GC(77) Using 4 workers of 4 for evacuation
[2023-06-15T08:57:14.774+0000][72][gc,age      ] GC(77) Desired survivor size 6291456 bytes, new threshold 15 (max threshold 15)
[2023-06-15T08:57:14.778+0000][72][gc,phases   ] GC(77)   Pre Evacuate Collection Set: 0.1ms
[2023-06-15T08:57:14.778+0000][72][gc,phases   ] GC(77)   Merge Heap Roots: 0.2ms
[2023-06-15T08:57:14.779+0000][72][gc,phases   ] GC(77)   Evacuate Collection Set: 2.0ms
[2023-06-15T08:57:14.779+0000][72][gc,phases   ] GC(77)   Post Evacuate Collection Set: 0.6ms
[2023-06-15T08:57:14.780+0000][72][gc,phases   ] GC(77)   Other: 1.0ms
[2023-06-15T08:57:14.780+0000][72][gc,age      ] GC(77) Age table with threshold 15 (max threshold 15)
[2023-06-15T08:57:14.781+0000][72][gc,age      ] GC(77) - age   1:     413688 bytes,     413688 total
[2023-06-15T08:57:14.781+0000][72][gc,age      ] GC(77) - age   2:     459320 bytes,     873008 total
[2023-06-15T08:57:14.781+0000][72][gc,age      ] GC(77) - age   3:      26816 bytes,     899824 total
[2023-06-15T08:57:14.782+0000][72][gc,age      ] GC(77) - age   4:     147672 bytes,    1047496 total
[2023-06-15T08:57:14.782+0000][72][gc,age      ] GC(77) - age   5:     378272 bytes,    1425768 total
[2023-06-15T08:57:14.783+0000][72][gc,age      ] GC(77) - age   6:       4128 bytes,    1429896 total
[2023-06-15T08:57:14.783+0000][72][gc,age      ] GC(77) - age   7:      25848 bytes,    1455744 total
[2023-06-15T08:57:14.784+0000][72][gc,age      ] GC(77) - age   8:      12416 bytes,    1468160 total
[2023-06-15T08:57:14.784+0000][72][gc,age      ] GC(77) - age   9:       8016 bytes,    1476176 total
[2023-06-15T08:57:14.785+0000][72][gc,age      ] GC(77) - age  10:       1040 bytes,    1477216 total
[2023-06-15T08:57:14.785+0000][72][gc,age      ] GC(77) - age  11:       3976 bytes,    1481192 total
[2023-06-15T08:57:14.786+0000][72][gc,age      ] GC(77) - age  12:       6184 bytes,    1487376 total
[2023-06-15T08:57:14.786+0000][72][gc,age      ] GC(77) - age  14:       7256 bytes,    1494632 total
[2023-06-15T08:57:14.787+0000][72][gc,age      ] GC(77) - age  15:       4320 bytes,    1498952 total
[2023-06-15T08:57:14.788+0000][72][gc,heap     ] GC(77) Eden regions: 16->0(2)
[2023-06-15T08:57:14.788+0000][72][gc,heap     ] GC(77) Survivor regions: 1->1(3)
[2023-06-15T08:57:14.789+0000][72][gc,heap     ] GC(77) Old regions: 32->32
[2023-06-15T08:57:14.789+0000][72][gc,heap     ] GC(77) Archive regions: 2->2
[2023-06-15T08:57:14.790+0000][72][gc,heap     ] GC(77) Humongous regions: 2->2
[2023-06-15T08:57:14.790+0000][72][gc,metaspace] GC(77) Metaspace: 135180K(139328K)->135180K(139328K) NonClass: 117749K(119744K)->117749K(119744K) Class: 17431K(19584K)->17431K(19584K)
[2023-06-15T08:57:14.790+0000][72][gc          ] GC(77) Pause Young (Prepare Mixed) (G1 Evacuation Pause) 202M->138M(256M) 17.439ms
[2023-06-15T08:57:14.791+0000][72][gc,cpu      ] GC(77) User=0.01s Sys=0.01s Real=0.02s
[2023-06-15T08:57:14.791+0000][72][safepoint   ] Safepoint "G1CollectForAllocation", Time since last: 3713011938 ns, Reaching safepoint: 295012 ns, At safepoint: 18426804 ns, Total: 18721816 ns
[2023-06-15T08:57:15.793+0000][72][safepoint   ] Safepoint "Cleanup", Time since last: 1000979163 ns, Reaching safepoint: 412290 ns, At safepoint: 13262 ns, Total: 425552 ns
[2023-06-15T08:57:18.802+0000][72][safepoint   ] Safepoint "Cleanup", Time since last: 3008581892 ns, Reaching safepoint: 296868 ns, At safepoint: 17935 ns, Total: 314803 ns
[2023-06-15T08:57:19.464+0000][72][gc,start    ] GC(78) Pause Young (Mixed) (G1 Evacuation Pause)
[2023-06-15T08:57:19.467+0000][72][gc,task     ] GC(78) Using 4 workers of 4 for evacuation
[2023-06-15T08:57:19.469+0000][72][gc,age      ] GC(78) Desired survivor size 2097152 bytes, new threshold 15 (max threshold 15)
[2023-06-15T08:57:19.484+0000][72][gc,phases   ] GC(78)   Pre Evacuate Collection Set: 0.7ms
[2023-06-15T08:57:19.485+0000][72][gc,phases   ] GC(78)   Merge Heap Roots: 0.6ms
[2023-06-15T08:57:19.487+0000][72][gc,phases   ] GC(78)   Evacuate Collection Set: 10.8ms
[2023-06-15T08:57:19.487+0000][72][gc,phases   ] GC(78)   Post Evacuate Collection Set: 1.5ms
[2023-06-15T08:57:19.488+0000][72][gc,phases   ] GC(78)   Other: 3.5ms
[2023-06-15T08:57:19.489+0000][72][gc,age      ] GC(78) Age table with threshold 15 (max threshold 15)
[2023-06-15T08:57:19.490+0000][72][gc,age      ] GC(78) - age   1:     232920 bytes,     232920 total
[2023-06-15T08:57:19.491+0000][72][gc,age      ] GC(78) - age   2:     249280 bytes,     482200 total
[2023-06-15T08:57:19.492+0000][72][gc,age      ] GC(78) - age   3:     446928 bytes,     929128 total
[2023-06-15T08:57:19.493+0000][72][gc,age      ] GC(78) - age   4:      26752 bytes,     955880 total
[2023-06-15T08:57:19.493+0000][72][gc,age      ] GC(78) - age   5:     147608 bytes,    1103488 total
[2023-06-15T08:57:19.494+0000][72][gc,age      ] GC(78) - age   6:     355120 bytes,    1458608 total
[2023-06-15T08:57:19.495+0000][72][gc,age      ] GC(78) - age   7:       4128 bytes,    1462736 total
[2023-06-15T08:57:19.495+0000][72][gc,age      ] GC(78) - age   8:      25848 bytes,    1488584 total
[2023-06-15T08:57:19.496+0000][72][gc,age      ] GC(78) - age   9:      12400 bytes,    1500984 total
[2023-06-15T08:57:19.496+0000][72][gc,age      ] GC(78) - age  10:       8016 bytes,    1509000 total
[2023-06-15T08:57:19.497+0000][72][gc,age      ] GC(78) - age  11:       1040 bytes,    1510040 total
[2023-06-15T08:57:19.497+0000][72][gc,age      ] GC(78) - age  12:       3976 bytes,    1514016 total
[2023-06-15T08:57:19.498+0000][72][gc,age      ] GC(78) - age  13:       6184 bytes,    1520200 total
[2023-06-15T08:57:19.499+0000][72][gc,age      ] GC(78) - age  15:       7256 bytes,    1527456 total
[2023-06-15T08:57:19.499+0000][72][gc,heap     ] GC(78) Eden regions: 2->0(16)
[2023-06-15T08:57:19.500+0000][72][gc,heap     ] GC(78) Survivor regions: 1->1(1)
[2023-06-15T08:57:19.501+0000][72][gc,heap     ] GC(78) Old regions: 32->32
[2023-06-15T08:57:19.501+0000][72][gc,heap     ] GC(78) Archive regions: 2->2
[2023-06-15T08:57:19.502+0000][72][gc,heap     ] GC(78) Humongous regions: 2->2
[2023-06-15T08:57:19.503+0000][72][gc,metaspace] GC(78) Metaspace: 135187K(139328K)->135187K(139328K) NonClass: 117756K(119744K)->117756K(119744K) Class: 17431K(19584K)->17431K(19584K)
[2023-06-15T08:57:19.503+0000][72][gc          ] GC(78) Pause Young (Mixed) (G1 Evacuation Pause) 146M->138M(256M) 39.280ms
[2023-06-15T08:57:19.504+0000][72][gc,cpu      ] GC(78) User=0.03s Sys=0.00s Real=0.04s
[2023-06-15T08:57:19.505+0000][72][safepoint   ] Safepoint "G1CollectForAllocation", Time since last: 662000804 ns, Reaching safepoint: 371522 ns, At safepoint: 40438289 ns, Total: 40809811 ns
[2023-06-15T08:57:21.507+0000][72][safepoint   ] Safepoint "Cleanup", Time since last: 2002344759 ns, Reaching safepoint: 354379 ns, At safepoint: 25677 ns, Total: 380056 ns
[2023-06-15T08:57:22.511+0000][72][safepoint   ] Safepoint "Cleanup", Time since last: 1003006867 ns, Reaching safepoint: 1044676 ns, At safepoint: 99663 ns, Total: 1144339 ns
[2023-06-15T08:57:26.519+0000][72][safepoint   ] Safepoint "Cleanup", Time since last: 4007617772 ns, Reaching safepoint: 393006 ns, At safepoint: 15937 ns, Total: 408943 ns
[2023-06-15T08:57:27.523+0000][72][safepoint   ] Safepoint "Cleanup", Time since last: 1003008302 ns, Reaching safepoint: 565012 ns, At safepoint: 121527 ns, Total: 686539 ns
[2023-06-15T08:57:29.506+0000][72][safepoint   ] Safepoint "Cleanup", Time since last: 2003771902 ns, Reaching safepoint: 366709 ns, At safepoint: 52932 ns, Total: 419641 ns
[2023-06-15T08:57:33.512+0000][72][safepoint   ] Safepoint "Cleanup", Time since last: 4004834025 ns, Reaching safepoint: 441354 ns, At safepoint: 399851 ns, Total: 841205 ns
[2023-06-15T08:57:34.516+0000][72][safepoint   ] Safepoint "Cleanup", Time since last: 1004171793 ns, Reaching safepoint: 200149 ns, At safepoint: 64638 ns, Total: 264787 ns
[2023-06-15T08:57:38.765+0000][72][gc,start    ] GC(79) Pause Young (Concurrent Start) (G1 Evacuation Pause)
[2023-06-15T08:57:38.765+0000][72][gc,task     ] GC(79) Using 4 workers of 4 for evacuation
[2023-06-15T08:57:38.766+0000][72][gc,age      ] GC(79) Desired survivor size 6291456 bytes, new threshold 15 (max threshold 15)
[2023-06-15T08:57:38.770+0000][72][gc,phases   ] GC(79)   Pre Evacuate Collection Set: 0.4ms
[2023-06-15T08:57:38.771+0000][72][gc,phases   ] GC(79)   Merge Heap Roots: 0.2ms
[2023-06-15T08:57:38.771+0000][72][gc,phases   ] GC(79)   Evacuate Collection Set: 2.1ms
[2023-06-15T08:57:38.772+0000][72][gc,phases   ] GC(79)   Post Evacuate Collection Set: 0.7ms
[2023-06-15T08:57:38.772+0000][72][gc,phases   ] GC(79)   Other: 1.4ms
[2023-06-15T08:57:38.773+0000][72][gc,age      ] GC(79) Age table with threshold 15 (max threshold 15)
[2023-06-15T08:57:38.773+0000][72][gc,age      ] GC(79) - age   1:    1218784 bytes,    1218784 total
[2023-06-15T08:57:38.774+0000][72][gc,age      ] GC(79) - age   2:     128576 bytes,    1347360 total
[2023-06-15T08:57:38.774+0000][72][gc,age      ] GC(79) - age   3:     246760 bytes,    1594120 total
[2023-06-15T08:57:38.774+0000][72][gc,age      ] GC(79) - age   4:     442528 bytes,    2036648 total
[2023-06-15T08:57:38.775+0000][72][gc,age      ] GC(79) - age   5:      26688 bytes,    2063336 total
[2023-06-15T08:57:38.775+0000][72][gc,age      ] GC(79) - age   6:     147448 bytes,    2210784 total
[2023-06-15T08:57:38.776+0000][72][gc,age      ] GC(79) - age   7:     355120 bytes,    2565904 total
[2023-06-15T08:57:38.776+0000][72][gc,age      ] GC(79) - age   8:       4128 bytes,    2570032 total
[2023-06-15T08:57:38.777+0000][72][gc,age      ] GC(79) - age   9:      25848 bytes,    2595880 total
[2023-06-15T08:57:38.777+0000][72][gc,age      ] GC(79) - age  10:      12400 bytes,    2608280 total
[2023-06-15T08:57:38.778+0000][72][gc,age      ] GC(79) - age  11:       8016 bytes,    2616296 total
[2023-06-15T08:57:38.778+0000][72][gc,age      ] GC(79) - age  12:       1040 bytes,    2617336 total
[2023-06-15T08:57:38.779+0000][72][gc,age      ] GC(79) - age  13:       3976 bytes,    2621312 total
[2023-06-15T08:57:38.780+0000][72][gc,age      ] GC(79) - age  14:       6184 bytes,    2627496 total
[2023-06-15T08:57:38.780+0000][72][gc,heap     ] GC(79) Eden regions: 16->0(16)
[2023-06-15T08:57:38.781+0000][72][gc,heap     ] GC(79) Survivor regions: 1->1(3)
[2023-06-15T08:57:38.781+0000][72][gc,heap     ] GC(79) Old regions: 32->32
[2023-06-15T08:57:38.782+0000][72][gc,heap     ] GC(79) Archive regions: 2->2
[2023-06-15T08:57:38.782+0000][72][gc,heap     ] GC(79) Humongous regions: 2->2
[2023-06-15T08:57:38.783+0000][72][gc,metaspace] GC(79) Metaspace: 135277K(139328K)->135277K(139328K) NonClass: 117846K(119744K)->117846K(119744K) Class: 17431K(19584K)->17431K(19584K)
[2023-06-15T08:57:38.783+0000][72][gc          ] GC(79) Pause Young (Concurrent Start) (G1 Evacuation Pause) 202M->139M(256M) 18.687ms
[2023-06-15T08:57:38.784+0000][72][gc,cpu      ] GC(79) User=0.00s Sys=0.00s Real=0.02s
[2023-06-15T08:57:38.784+0000][72][safepoint   ] Safepoint "G1CollectForAllocation", Time since last: 4248001911 ns, Reaching safepoint: 391966 ns, At safepoint: 19993777 ns, Total: 20385743 ns
[2023-06-15T08:57:38.784+0000][72][gc          ] GC(80) Concurrent Mark Cycle
[2023-06-15T08:57:38.791+0000][72][gc,marking  ] GC(80) Concurrent Clear Claimed Marks
[2023-06-15T08:57:38.791+0000][72][gc,marking  ] GC(80) Concurrent Clear Claimed Marks 0.784ms
[2023-06-15T08:57:38.792+0000][72][gc,marking  ] GC(80) Concurrent Scan Root Regions
[2023-06-15T08:57:38.795+0000][72][gc,marking  ] GC(80) Concurrent Scan Root Regions 3.004ms
[2023-06-15T08:57:38.796+0000][72][gc,marking  ] GC(80) Concurrent Mark
[2023-06-15T08:57:38.796+0000][72][gc,marking  ] GC(80) Concurrent Mark From Roots
[2023-06-15T08:57:38.797+0000][72][gc,task     ] GC(80) Using 1 workers of 1 for marking
[2023-06-15T08:57:38.996+0000][72][gc,marking  ] GC(80) Concurrent Mark From Roots 200.162ms
[2023-06-15T08:57:38.997+0000][72][gc,marking  ] GC(80) Concurrent Preclean
[2023-06-15T08:57:38.998+0000][72][gc,marking  ] GC(80) Concurrent Preclean 0.855ms
[2023-06-15T08:57:38.999+0000][72][gc,start    ] GC(80) Pause Remark
[2023-06-15T08:57:39.008+0000][72][gc          ] GC(80) Pause Remark 151M->151M(256M) 9.241ms
[2023-06-15T08:57:39.009+0000][72][gc,cpu      ] GC(80) User=0.02s Sys=0.00s Real=0.01s
[2023-06-15T08:57:39.009+0000][72][safepoint   ] Safepoint "G1PauseRemark", Time since last: 213949796 ns, Reaching safepoint: 103391 ns, At safepoint: 10712777 ns, Total: 10816168 ns
[2023-06-15T08:57:39.010+0000][72][gc,marking  ] GC(80) Concurrent Mark 214.044ms
[2023-06-15T08:57:39.010+0000][72][gc,marking  ] GC(80) Concurrent Rebuild Remembered Sets
[2023-06-15T08:57:39.082+0000][72][gc,marking  ] GC(80) Concurrent Rebuild Remembered Sets 71.747ms
[2023-06-15T08:57:39.083+0000][72][gc,start    ] GC(80) Pause Cleanup
[2023-06-15T08:57:39.084+0000][72][gc          ] GC(80) Pause Cleanup 151M->151M(256M) 1.115ms
[2023-06-15T08:57:39.085+0000][72][gc,cpu      ] GC(80) User=0.00s Sys=0.00s Real=0.01s
[2023-06-15T08:57:39.085+0000][72][safepoint   ] Safepoint "G1PauseCleanup", Time since last: 73561024 ns, Reaching safepoint: 115332 ns, At safepoint: 2284804 ns, Total: 2400136 ns
[2023-06-15T08:57:39.086+0000][72][gc,marking  ] GC(80) Concurrent Cleanup for Next Mark
[2023-06-15T08:57:39.087+0000][72][gc,marking  ] GC(80) Concurrent Cleanup for Next Mark 0.860ms
[2023-06-15T08:57:39.087+0000][72][gc          ] GC(80) Concurrent Mark Cycle 303.226ms
[2023-06-15T08:57:40.087+0000][72][safepoint   ] Safepoint "Cleanup", Time since last: 1001833333 ns, Reaching safepoint: 322763 ns, At safepoint: 12608 ns, Total: 335371 ns
[2023-06-15T08:57:45.098+0000][72][safepoint   ] Safepoint "Cleanup", Time since last: 5010246521 ns, Reaching safepoint: 460953 ns, At safepoint: 19892 ns, Total: 480845 ns
[2023-06-15T08:57:46.101+0000][72][safepoint   ] Safepoint "Cleanup", Time since last: 1002983660 ns, Reaching safepoint: 66807 ns, At safepoint: 3848 ns, Total: 70655 ns
[2023-06-15T08:57:51.108+0000][72][safepoint   ] Safepoint "Cleanup", Time since last: 5006431032 ns, Reaching safepoint: 518798 ns, At safepoint: 43275 ns, Total: 562073 ns
[2023-06-15T08:57:52.113+0000][72][safepoint   ] Safepoint "Cleanup", Time since last: 1004881544 ns, Reaching safepoint: 225728 ns, At safepoint: 12699 ns, Total: 238427 ns
[2023-06-15T08:57:55.119+0000][72][safepoint   ] Safepoint "Cleanup", Time since last: 3004930059 ns, Reaching safepoint: 479348 ns, At safepoint: 16018 ns, Total: 495366 ns
[2023-06-15T08:57:56.845+0000][72][gc,start    ] GC(81) Pause Young (Normal) (G1 Evacuation Pause)
[2023-06-15T08:57:56.846+0000][72][gc,task     ] GC(81) Using 4 workers of 4 for evacuation
[2023-06-15T08:57:56.847+0000][72][gc,age      ] GC(81) Desired survivor size 6291456 bytes, new threshold 15 (max threshold 15)
[2023-06-15T08:57:56.852+0000][72][gc,phases   ] GC(81)   Pre Evacuate Collection Set: 0.1ms
[2023-06-15T08:57:56.853+0000][72][gc,phases   ] GC(81)   Merge Heap Roots: 0.1ms
[2023-06-15T08:57:56.853+0000][72][gc,phases   ] GC(81)   Evacuate Collection Set: 3.0ms
[2023-06-15T08:57:56.854+0000][72][gc,phases   ] GC(81)   Post Evacuate Collection Set: 0.9ms
[2023-06-15T08:57:56.855+0000][72][gc,phases   ] GC(81)   Other: 1.6ms
[2023-06-15T08:57:56.855+0000][72][gc,age      ] GC(81) Age table with threshold 15 (max threshold 15)
[2023-06-15T08:57:56.856+0000][72][gc,age      ] GC(81) - age   1:    1101824 bytes,    1101824 total
[2023-06-15T08:57:56.856+0000][72][gc,age      ] GC(81) - age   2:       4728 bytes,    1106552 total
[2023-06-15T08:57:56.857+0000][72][gc,age      ] GC(81) - age   3:       1544 bytes,    1108096 total
[2023-06-15T08:57:56.858+0000][72][gc,age      ] GC(81) - age   4:      16152 bytes,    1124248 total
[2023-06-15T08:57:56.858+0000][72][gc,age      ] GC(81) - age   5:     425064 bytes,    1549312 total
[2023-06-15T08:57:56.859+0000][72][gc,age      ] GC(81) - age   6:      26096 bytes,    1575408 total
[2023-06-15T08:57:56.859+0000][72][gc,age      ] GC(81) - age   7:     147064 bytes,    1722472 total
[2023-06-15T08:57:56.860+0000][72][gc,age      ] GC(81) - age   8:     348832 bytes,    2071304 total
[2023-06-15T08:57:56.861+0000][72][gc,age      ] GC(81) - age   9:       4064 bytes,    2075368 total
[2023-06-15T08:57:56.861+0000][72][gc,age      ] GC(81) - age  10:      21856 bytes,    2097224 total
[2023-06-15T08:57:56.862+0000][72][gc,age      ] GC(81) - age  11:      12400 bytes,    2109624 total
[2023-06-15T08:57:56.862+0000][72][gc,age      ] GC(81) - age  12:       8016 bytes,    2117640 total
[2023-06-15T08:57:56.863+0000][72][gc,age      ] GC(81) - age  13:       1040 bytes,    2118680 total
[2023-06-15T08:57:56.863+0000][72][gc,age      ] GC(81) - age  14:       3976 bytes,    2122656 total
[2023-06-15T08:57:56.864+0000][72][gc,age      ] GC(81) - age  15:       6184 bytes,    2128840 total
[2023-06-15T08:57:56.864+0000][72][gc,heap     ] GC(81) Eden regions: 16->0(16)
[2023-06-15T08:57:56.865+0000][72][gc,heap     ] GC(81) Survivor regions: 1->1(3)
[2023-06-15T08:57:56.865+0000][72][gc,heap     ] GC(81) Old regions: 32->32
[2023-06-15T08:57:56.866+0000][72][gc,heap     ] GC(81) Archive regions: 2->2
[2023-06-15T08:57:56.866+0000][72][gc,heap     ] GC(81) Humongous regions: 2->2
[2023-06-15T08:57:56.867+0000][72][gc,metaspace] GC(81) Metaspace: 135417K(139392K)->135417K(139392K) NonClass: 117985K(119808K)->117985K(119808K) Class: 17431K(19584K)->17431K(19584K)
[2023-06-15T08:57:56.867+0000][72][gc          ] GC(81) Pause Young (Normal) (G1 Evacuation Pause) 203M->138M(256M) 21.966ms
[2023-06-15T08:57:56.868+0000][72][gc,cpu      ] GC(81) User=0.01s Sys=0.00s Real=0.02s
[2023-06-15T08:57:56.868+0000][72][safepoint   ] Safepoint "G1CollectForAllocation", Time since last: 1726541709 ns, Reaching safepoint: 160475 ns, At safepoint: 22989170 ns, Total: 23149645 ns
[2023-06-15T08:57:57.871+0000][72][safepoint   ] Safepoint "Cleanup", Time since last: 1001583037 ns, Reaching safepoint: 752117 ns, At safepoint: 25674 ns, Total: 777791 ns
[2023-06-15T08:57:59.856+0000][72][safepoint   ] Safepoint "Cleanup", Time since last: 2005855037 ns, Reaching safepoint: 787956 ns, At safepoint: 24445 ns, Total: 812401 ns
[2023-06-15T08:58:02.864+0000][72][safepoint   ] Safepoint "Cleanup", Time since last: 3006915369 ns, Reaching safepoint: 773890 ns, At safepoint: 88843 ns, Total: 862733 ns
[2023-06-15T08:58:04.868+0000][72][safepoint   ] Safepoint "Cleanup", Time since last: 2003422072 ns, Reaching safepoint: 796854 ns, At safepoint: 26927 ns, Total: 823781 ns
[2023-06-15T08:58:08.875+0000][72][safepoint   ] Safepoint "Cleanup", Time since last: 4006978219 ns, Reaching safepoint: 244165 ns, At safepoint: 8735 ns, Total: 252900 ns
[2023-06-15T08:58:09.878+0000][72][safepoint   ] Safepoint "Cleanup", Time since last: 1002045427 ns, Reaching safepoint: 692726 ns, At safepoint: 167392 ns, Total: 860118 ns
[2023-06-15T08:58:14.884+0000][72][safepoint   ] Safepoint "Cleanup", Time since last: 5005269190 ns, Reaching safepoint: 510469 ns, At safepoint: 200478 ns, Total: 710947 ns
[2023-06-15T08:58:17.494+0000][72][gc,start    ] GC(82) Pause Young (Concurrent Start) (G1 Evacuation Pause)
[2023-06-15T08:58:17.497+0000][72][gc,task     ] GC(82) Using 4 workers of 4 for evacuation
[2023-06-15T08:58:17.498+0000][72][gc,age      ] GC(82) Desired survivor size 6291456 bytes, new threshold 15 (max threshold 15)
[2023-06-15T08:58:17.507+0000][72][gc,phases   ] GC(82)   Pre Evacuate Collection Set: 0.5ms
[2023-06-15T08:58:17.508+0000][72][gc,phases   ] GC(82)   Merge Heap Roots: 0.3ms
[2023-06-15T08:58:17.509+0000][72][gc,phases   ] GC(82)   Evacuate Collection Set: 4.4ms
[2023-06-15T08:58:17.509+0000][72][gc,phases   ] GC(82)   Post Evacuate Collection Set: 1.3ms
[2023-06-15T08:58:17.510+0000][72][gc,phases   ] GC(82)   Other: 3.5ms
[2023-06-15T08:58:17.511+0000][72][gc,age      ] GC(82) Age table with threshold 15 (max threshold 15)
[2023-06-15T08:58:17.512+0000][72][gc,age      ] GC(82) - age   1:     801816 bytes,     801816 total
[2023-06-15T08:58:17.513+0000][72][gc,age      ] GC(82) - age   2:     170592 bytes,     972408 total
[2023-06-15T08:58:17.513+0000][72][gc,age      ] GC(82) - age   3:       3992 bytes,     976400 total
[2023-06-15T08:58:17.514+0000][72][gc,age      ] GC(82) - age   4:       1392 bytes,     977792 total
[2023-06-15T08:58:17.514+0000][72][gc,age      ] GC(82) - age   5:      15264 bytes,     993056 total
[2023-06-15T08:58:17.515+0000][72][gc,age      ] GC(82) - age   6:     291616 bytes,    1284672 total
[2023-06-15T08:58:17.516+0000][72][gc,age      ] GC(82) - age   7:      26096 bytes,    1310768 total
[2023-06-15T08:58:17.516+0000][72][gc,age      ] GC(82) - age   8:     147064 bytes,    1457832 total
[2023-06-15T08:58:17.517+0000][72][gc,age      ] GC(82) - age   9:     348552 bytes,    1806384 total
[2023-06-15T08:58:17.518+0000][72][gc,age      ] GC(82) - age  10:       4064 bytes,    1810448 total
[2023-06-15T08:58:17.518+0000][72][gc,age      ] GC(82) - age  11:      21856 bytes,    1832304 total
[2023-06-15T08:58:17.519+0000][72][gc,age      ] GC(82) - age  12:      12400 bytes,    1844704 total
[2023-06-15T08:58:17.519+0000][72][gc,age      ] GC(82) - age  13:       8016 bytes,    1852720 total
[2023-06-15T08:58:17.520+0000][72][gc,age      ] GC(82) - age  14:       1040 bytes,    1853760 total
[2023-06-15T08:58:17.520+0000][72][gc,age      ] GC(82) - age  15:       3976 bytes,    1857736 total
[2023-06-15T08:58:17.521+0000][72][gc,heap     ] GC(82) Eden regions: 16->0(16)
[2023-06-15T08:58:17.522+0000][72][gc,heap     ] GC(82) Survivor regions: 1->1(3)
[2023-06-15T08:58:17.522+0000][72][gc,heap     ] GC(82) Old regions: 32->32
[2023-06-15T08:58:17.523+0000][72][gc,heap     ] GC(82) Archive regions: 2->2
[2023-06-15T08:58:17.523+0000][72][gc,heap     ] GC(82) Humongous regions: 2->2
[2023-06-15T08:58:17.524+0000][72][gc,metaspace] GC(82) Metaspace: 135525K(139456K)->135525K(139456K) NonClass: 118093K(119872K)->118093K(119872K) Class: 17431K(19584K)->17431K(19584K)
[2023-06-15T08:58:17.524+0000][72][gc          ] GC(82) Pause Young (Concurrent Start) (G1 Evacuation Pause) 202M->138M(256M) 30.333ms
[2023-06-15T08:58:17.525+0000][72][gc,cpu      ] GC(82) User=0.01s Sys=0.00s Real=0.03s
[2023-06-15T08:58:17.525+0000][72][gc          ] GC(83) Concurrent Mark Cycle
[2023-06-15T08:58:17.527+0000][72][gc,marking  ] GC(83) Concurrent Clear Claimed Marks
[2023-06-15T08:58:17.526+0000][72][safepoint   ] Safepoint "G1CollectForAllocation", Time since last: 2609552324 ns, Reaching safepoint: 425681 ns, At safepoint: 32034619 ns, Total: 32460300 ns
[2023-06-15T08:58:17.527+0000][72][gc,marking  ] GC(83) Concurrent Clear Claimed Marks 0.842ms
[2023-06-15T08:58:17.528+0000][72][gc,marking  ] GC(83) Concurrent Scan Root Regions
[2023-06-15T08:58:17.531+0000][72][gc,marking  ] GC(83) Concurrent Scan Root Regions 3.175ms
[2023-06-15T08:58:17.532+0000][72][gc,marking  ] GC(83) Concurrent Mark
[2023-06-15T08:58:17.533+0000][72][gc,marking  ] GC(83) Concurrent Mark From Roots
[2023-06-15T08:58:17.535+0000][72][gc,task     ] GC(83) Using 1 workers of 1 for marking
[2023-06-15T08:58:17.676+0000][72][gc,marking  ] GC(83) Concurrent Mark From Roots 143.321ms
[2023-06-15T08:58:17.677+0000][72][gc,marking  ] GC(83) Concurrent Preclean
[2023-06-15T08:58:17.678+0000][72][gc,marking  ] GC(83) Concurrent Preclean 0.806ms
[2023-06-15T08:58:17.679+0000][72][gc,start    ] GC(83) Pause Remark
[2023-06-15T08:58:17.688+0000][72][gc          ] GC(83) Pause Remark 141M->141M(256M) 9.278ms
[2023-06-15T08:58:17.689+0000][72][gc,cpu      ] GC(83) User=0.03s Sys=0.00s Real=0.01s
[2023-06-15T08:58:17.689+0000][72][safepoint   ] Safepoint "G1PauseRemark", Time since last: 152433780 ns, Reaching safepoint: 77478 ns, At safepoint: 10570263 ns, Total: 10647741 ns
[2023-06-15T08:58:17.690+0000][72][gc,marking  ] GC(83) Concurrent Mark 157.599ms
[2023-06-15T08:58:17.690+0000][72][gc,marking  ] GC(83) Concurrent Rebuild Remembered Sets
[2023-06-15T08:58:17.760+0000][72][gc,marking  ] GC(83) Concurrent Rebuild Remembered Sets 69.814ms
[2023-06-15T08:58:17.761+0000][72][gc,start    ] GC(83) Pause Cleanup
[2023-06-15T08:58:17.762+0000][72][gc          ] GC(83) Pause Cleanup 141M->141M(256M) 0.869ms
[2023-06-15T08:58:17.763+0000][72][gc,cpu      ] GC(83) User=0.00s Sys=0.00s Real=0.01s
[2023-06-15T08:58:17.763+0000][72][safepoint   ] Safepoint "G1PauseCleanup", Time since last: 71886314 ns, Reaching safepoint: 234376 ns, At safepoint: 2226604 ns, Total: 2460980 ns
[2023-06-15T08:58:17.764+0000][72][gc,marking  ] GC(83) Concurrent Cleanup for Next Mark
[2023-06-15T08:58:17.765+0000][72][gc,marking  ] GC(83) Concurrent Cleanup for Next Mark 0.833ms
[2023-06-15T08:58:17.766+0000][72][gc          ] GC(83) Concurrent Mark Cycle 240.426ms
[2023-06-15T08:58:19.767+0000][72][safepoint   ] Safepoint "Cleanup", Time since last: 2002710695 ns, Reaching safepoint: 568356 ns, At safepoint: 133420 ns, Total: 701776 ns
[2023-06-15T08:58:21.771+0000][72][safepoint   ] Safepoint "Cleanup", Time since last: 2003640842 ns, Reaching safepoint: 116939 ns, At safepoint: 3477 ns, Total: 120416 ns
[2023-06-15T08:58:23.773+0000][72][safepoint   ] Safepoint "Cleanup", Time since last: 2001439861 ns, Reaching safepoint: 505603 ns, At safepoint: 102376 ns, Total: 607979 ns
[2023-06-15T08:58:26.787+0000][72][safepoint   ] Safepoint "Cleanup", Time since last: 3013951449 ns, Reaching safepoint: 331737 ns, At safepoint: 64972 ns, Total: 396709 ns
[2023-06-15T08:58:27.789+0000][72][safepoint   ] Safepoint "Cleanup", Time since last: 1001712765 ns, Reaching safepoint: 249197 ns, At safepoint: 21484 ns, Total: 270681 ns
[2023-06-15T08:58:29.206+0000][72][safepoint   ] Safepoint "ICBufferFull", Time since last: 1439055402 ns, Reaching safepoint: 463723 ns, At safepoint: 14668 ns, Total: 478391 ns
[2023-06-15T08:58:30.217+0000][72][safepoint   ] Safepoint "Cleanup", Time since last: 1011386574 ns, Reaching safepoint: 292744 ns, At safepoint: 9037 ns, Total: 301781 ns
[2023-06-15T08:58:32.221+0000][72][safepoint   ] Safepoint "Cleanup", Time since last: 2003184448 ns, Reaching safepoint: 290869 ns, At safepoint: 14629 ns, Total: 305498 ns
[2023-06-15T08:58:32.837+0000][72][gc,start    ] GC(84) Pause Young (Normal) (G1 Evacuation Pause)
[2023-06-15T08:58:32.837+0000][72][gc,task     ] GC(84) Using 4 workers of 4 for evacuation
[2023-06-15T08:58:32.839+0000][72][gc,age      ] GC(84) Desired survivor size 6291456 bytes, new threshold 15 (max threshold 15)
[2023-06-15T08:58:32.844+0000][72][gc,phases   ] GC(84)   Pre Evacuate Collection Set: 0.1ms
[2023-06-15T08:58:32.846+0000][72][gc,phases   ] GC(84)   Merge Heap Roots: 0.1ms
[2023-06-15T08:58:32.847+0000][72][gc,phases   ] GC(84)   Evacuate Collection Set: 4.0ms
[2023-06-15T08:58:32.847+0000][72][gc,phases   ] GC(84)   Post Evacuate Collection Set: 1.1ms
[2023-06-15T08:58:32.848+0000][72][gc,phases   ] GC(84)   Other: 2.0ms
[2023-06-15T08:58:32.849+0000][72][gc,age      ] GC(84) Age table with threshold 15 (max threshold 15)
[2023-06-15T08:58:32.850+0000][72][gc,age      ] GC(84) - age   1:    1807992 bytes,    1807992 total
[2023-06-15T08:58:32.851+0000][72][gc,age      ] GC(84) - age   2:     601160 bytes,    2409152 total
[2023-06-15T08:58:32.851+0000][72][gc,age      ] GC(84) - age   3:     163704 bytes,    2572856 total
[2023-06-15T08:58:32.852+0000][72][gc,age      ] GC(84) - age   4:       3832 bytes,    2576688 total
[2023-06-15T08:58:32.852+0000][72][gc,age      ] GC(84) - age   5:       1392 bytes,    2578080 total
[2023-06-15T08:58:32.853+0000][72][gc,age      ] GC(84) - age   6:      15264 bytes,    2593344 total
[2023-06-15T08:58:32.854+0000][72][gc,age      ] GC(84) - age   7:     291552 bytes,    2884896 total
[2023-06-15T08:58:32.854+0000][72][gc,age      ] GC(84) - age   8:      26096 bytes,    2910992 total
[2023-06-15T08:58:32.855+0000][72][gc,age      ] GC(84) - age   9:     147024 bytes,    3058016 total
[2023-06-15T08:58:32.855+0000][72][gc,age      ] GC(84) - age  10:     139736 bytes,    3197752 total
[2023-06-15T08:58:32.855+0000][72][gc,age      ] GC(84) - age  11:       4064 bytes,    3201816 total
[2023-06-15T08:58:32.856+0000][72][gc,age      ] GC(84) - age  12:      21856 bytes,    3223672 total
[2023-06-15T08:58:32.856+0000][72][gc,age      ] GC(84) - age  13:      12400 bytes,    3236072 total
[2023-06-15T08:58:32.857+0000][72][gc,age      ] GC(84) - age  14:       8016 bytes,    3244088 total
[2023-06-15T08:58:32.857+0000][72][gc,age      ] GC(84) - age  15:       1040 bytes,    3245128 total
[2023-06-15T08:58:32.857+0000][72][gc,heap     ] GC(84) Eden regions: 16->0(16)
[2023-06-15T08:58:32.858+0000][72][gc,heap     ] GC(84) Survivor regions: 1->1(3)
[2023-06-15T08:58:32.858+0000][72][gc,heap     ] GC(84) Old regions: 32->32
[2023-06-15T08:58:32.858+0000][72][gc,heap     ] GC(84) Archive regions: 2->2
[2023-06-15T08:58:32.859+0000][72][gc,heap     ] GC(84) Humongous regions: 2->2
[2023-06-15T08:58:32.859+0000][72][gc,metaspace] GC(84) Metaspace: 135808K(139520K)->135808K(139520K) NonClass: 118333K(119936K)->118333K(119936K) Class: 17475K(19584K)->17475K(19584K)
[2023-06-15T08:58:32.860+0000][72][gc          ] GC(84) Pause Young (Normal) (G1 Evacuation Pause) 202M->140M(256M) 23.133ms
[2023-06-15T08:58:32.860+0000][72][gc,cpu      ] GC(84) User=0.02s Sys=0.00s Real=0.03s
[2023-06-15T08:58:32.861+0000][72][safepoint   ] Safepoint "G1CollectForAllocation", Time since last: 615589657 ns, Reaching safepoint: 38462 ns, At safepoint: 24002349 ns, Total: 24040811 ns
[2023-06-15T08:58:33.863+0000][72][safepoint   ] Safepoint "Cleanup", Time since last: 1001725217 ns, Reaching safepoint: 290322 ns, At safepoint: 18534 ns, Total: 308856 ns
[2023-06-15T08:58:35.866+0000][72][safepoint   ] Safepoint "Cleanup", Time since last: 2002777961 ns, Reaching safepoint: 361026 ns, At safepoint: 7995 ns, Total: 369021 ns
[2023-06-15T08:58:38.870+0000][72][safepoint   ] Safepoint "Cleanup", Time since last: 3004083175 ns, Reaching safepoint: 209218 ns, At safepoint: 6361 ns, Total: 215579 ns
[2023-06-15T08:58:39.873+0000][72][safepoint   ] Safepoint "Cleanup", Time since last: 1002584715 ns, Reaching safepoint: 469544 ns, At safepoint: 197739 ns, Total: 667283 ns
[2023-06-15T08:58:44.879+0000][72][safepoint   ] Safepoint "Cleanup", Time since last: 5005767020 ns, Reaching safepoint: 127842 ns, At safepoint: 5601 ns, Total: 133443 ns
[2023-06-15T08:58:45.883+0000][72][safepoint   ] Safepoint "Cleanup", Time since last: 1003271745 ns, Reaching safepoint: 258473 ns, At safepoint: 14575 ns, Total: 273048 ns
[2023-06-15T08:58:46.888+0000][72][safepoint   ] Safepoint "Cleanup", Time since last: 1005319521 ns, Reaching safepoint: 98419 ns, At safepoint: 3760 ns, Total: 102179 ns
[2023-06-15T08:58:49.891+0000][72][safepoint   ] Safepoint "Cleanup", Time since last: 3002705958 ns, Reaching safepoint: 144796 ns, At safepoint: 10271 ns, Total: 155067 ns
[2023-06-15T08:58:50.896+0000][72][safepoint   ] Safepoint "Cleanup", Time since last: 1005025257 ns, Reaching safepoint: 78303 ns, At safepoint: 4150 ns, Total: 82453 ns
[2023-06-15T08:58:51.899+0000][72][safepoint   ] Safepoint "Cleanup", Time since last: 1002228631 ns, Reaching safepoint: 196446 ns, At safepoint: 11879 ns, Total: 208325 ns
[2023-06-15T08:58:53.485+0000][72][gc,start    ] GC(85) Pause Young (Concurrent Start) (G1 Evacuation Pause)
[2023-06-15T08:58:53.486+0000][72][gc,task     ] GC(85) Using 4 workers of 4 for evacuation
[2023-06-15T08:58:53.487+0000][72][gc,age      ] GC(85) Desired survivor size 6291456 bytes, new threshold 15 (max threshold 15)
[2023-06-15T08:58:53.492+0000][72][gc,phases   ] GC(85)   Pre Evacuate Collection Set: 0.3ms
[2023-06-15T08:58:53.492+0000][72][gc,phases   ] GC(85)   Merge Heap Roots: 0.1ms
[2023-06-15T08:58:53.493+0000][72][gc,phases   ] GC(85)   Evacuate Collection Set: 2.6ms
[2023-06-15T08:58:53.493+0000][72][gc,phases   ] GC(85)   Post Evacuate Collection Set: 0.9ms
[2023-06-15T08:58:53.494+0000][72][gc,phases   ] GC(85)   Other: 2.0ms
[2023-06-15T08:58:53.494+0000][72][gc,age      ] GC(85) Age table with threshold 15 (max threshold 15)
[2023-06-15T08:58:53.495+0000][72][gc,age      ] GC(85) - age   1:    1284792 bytes,    1284792 total
[2023-06-15T08:58:53.495+0000][72][gc,age      ] GC(85) - age   2:     646872 bytes,    1931664 total
[2023-06-15T08:58:53.496+0000][72][gc,age      ] GC(85) - age   3:     152232 bytes,    2083896 total
[2023-06-15T08:58:53.496+0000][72][gc,age      ] GC(85) - age   4:      34272 bytes,    2118168 total
[2023-06-15T08:58:53.497+0000][72][gc,age      ] GC(85) - age   5:       2752 bytes,    2120920 total
[2023-06-15T08:58:53.497+0000][72][gc,age      ] GC(85) - age   6:       1392 bytes,    2122312 total
[2023-06-15T08:58:53.498+0000][72][gc,age      ] GC(85) - age   7:      15136 bytes,    2137448 total
[2023-06-15T08:58:53.498+0000][72][gc,age      ] GC(85) - age   8:     291552 bytes,    2429000 total
[2023-06-15T08:58:53.499+0000][72][gc,age      ] GC(85) - age   9:      26096 bytes,    2455096 total
[2023-06-15T08:58:53.499+0000][72][gc,age      ] GC(85) - age  10:     147000 bytes,    2602096 total
[2023-06-15T08:58:53.500+0000][72][gc,age      ] GC(85) - age  11:     139736 bytes,    2741832 total
[2023-06-15T08:58:53.500+0000][72][gc,age      ] GC(85) - age  12:       4064 bytes,    2745896 total
[2023-06-15T08:58:53.501+0000][72][gc,age      ] GC(85) - age  13:      21824 bytes,    2767720 total
[2023-06-15T08:58:53.501+0000][72][gc,age      ] GC(85) - age  14:      12400 bytes,    2780120 total
[2023-06-15T08:58:53.501+0000][72][gc,age      ] GC(85) - age  15:       8016 bytes,    2788136 total
[2023-06-15T08:58:53.502+0000][72][gc,heap     ] GC(85) Eden regions: 16->0(16)
[2023-06-15T08:58:53.502+0000][72][gc,heap     ] GC(85) Survivor regions: 1->1(3)
[2023-06-15T08:58:53.503+0000][72][gc,heap     ] GC(85) Old regions: 32->32
[2023-06-15T08:58:53.503+0000][72][gc,heap     ] GC(85) Archive regions: 2->2
[2023-06-15T08:58:53.504+0000][72][gc,heap     ] GC(85) Humongous regions: 2->2
[2023-06-15T08:58:53.504+0000][72][gc,metaspace] GC(85) Metaspace: 135845K(139584K)->135845K(139584K) NonClass: 118369K(120000K)->118369K(120000K) Class: 17475K(19584K)->17475K(19584K)
[2023-06-15T08:58:53.505+0000][72][gc          ] GC(85) Pause Young (Concurrent Start) (G1 Evacuation Pause) 204M->139M(256M) 20.039ms
[2023-06-15T08:58:53.505+0000][72][gc,cpu      ] GC(85) User=0.01s Sys=0.00s Real=0.02s
[2023-06-15T08:58:53.505+0000][72][gc          ] GC(86) Concurrent Mark Cycle
[2023-06-15T08:58:53.507+0000][72][gc,marking  ] GC(86) Concurrent Clear Claimed Marks
[2023-06-15T08:58:53.506+0000][72][safepoint   ] Safepoint "G1CollectForAllocation", Time since last: 1585762781 ns, Reaching safepoint: 520020 ns, At safepoint: 21167272 ns, Total: 21687292 ns
[2023-06-15T08:58:53.508+0000][72][gc,marking  ] GC(86) Concurrent Clear Claimed Marks 1.046ms
[2023-06-15T08:58:53.509+0000][72][gc,marking  ] GC(86) Concurrent Scan Root Regions
[2023-06-15T08:58:53.513+0000][72][gc,marking  ] GC(86) Concurrent Scan Root Regions 4.385ms
[2023-06-15T08:58:53.514+0000][72][gc,marking  ] GC(86) Concurrent Mark
[2023-06-15T08:58:53.514+0000][72][gc,marking  ] GC(86) Concurrent Mark From Roots
[2023-06-15T08:58:53.515+0000][72][gc,task     ] GC(86) Using 1 workers of 1 for marking
[2023-06-15T08:58:53.725+0000][72][gc,marking  ] GC(86) Concurrent Mark From Roots 210.875ms
[2023-06-15T08:58:53.726+0000][72][gc,marking  ] GC(86) Concurrent Preclean
[2023-06-15T08:58:53.727+0000][72][gc,marking  ] GC(86) Concurrent Preclean 0.912ms
[2023-06-15T08:58:53.728+0000][72][gc,start    ] GC(86) Pause Remark
[2023-06-15T08:58:53.736+0000][72][gc          ] GC(86) Pause Remark 145M->145M(256M) 7.869ms
[2023-06-15T08:58:53.737+0000][72][gc,cpu      ] GC(86) User=0.02s Sys=0.00s Real=0.01s
[2023-06-15T08:58:53.737+0000][72][safepoint   ] Safepoint "G1PauseRemark", Time since last: 221674764 ns, Reaching safepoint: 273036 ns, At safepoint: 9327759 ns, Total: 9600795 ns
[2023-06-15T08:58:53.738+0000][72][gc,marking  ] GC(86) Concurrent Mark 224.002ms
[2023-06-15T08:58:53.738+0000][72][gc,marking  ] GC(86) Concurrent Rebuild Remembered Sets
[2023-06-15T08:58:53.840+0000][72][gc,marking  ] GC(86) Concurrent Rebuild Remembered Sets 101.988ms
[2023-06-15T08:58:53.846+0000][72][gc,start    ] GC(86) Pause Cleanup
[2023-06-15T08:58:53.847+0000][72][gc          ] GC(86) Pause Cleanup 147M->147M(256M) 1.260ms
[2023-06-15T08:58:53.848+0000][72][gc,cpu      ] GC(86) User=0.00s Sys=0.01s Real=0.00s
[2023-06-15T08:58:53.849+0000][72][safepoint   ] Safepoint "G1PauseCleanup", Time since last: 108623841 ns, Reaching safepoint: 160629 ns, At safepoint: 3012499 ns, Total: 3173128 ns
[2023-06-15T08:58:53.851+0000][72][gc,marking  ] GC(86) Concurrent Cleanup for Next Mark
[2023-06-15T08:58:53.852+0000][72][gc,marking  ] GC(86) Concurrent Cleanup for Next Mark 1.460ms
[2023-06-15T08:58:53.864+0000][72][gc          ] GC(86) Concurrent Mark Cycle 358.620ms
[2023-06-15T08:58:54.851+0000][72][safepoint   ] Safepoint "Cleanup", Time since last: 1001664771 ns, Reaching safepoint: 179356 ns, At safepoint: 9225 ns, Total: 188581 ns
[2023-06-15T08:58:56.854+0000][72][safepoint   ] Safepoint "Cleanup", Time since last: 2003354018 ns, Reaching safepoint: 121795 ns, At safepoint: 4595 ns, Total: 126390 ns
[2023-06-15T08:58:58.837+0000][72][safepoint   ] Safepoint "Cleanup", Time since last: 2003211765 ns, Reaching safepoint: 434248 ns, At safepoint: 43896 ns, Total: 478144 ns
[2023-06-15T08:58:59.841+0000][72][safepoint   ] Safepoint "Cleanup", Time since last: 1003723537 ns, Reaching safepoint: 205582 ns, At safepoint: 86615 ns, Total: 292197 ns
[2023-06-15T08:59:02.845+0000][72][safepoint   ] Safepoint "Cleanup", Time since last: 3003672897 ns, Reaching safepoint: 201643 ns, At safepoint: 39768 ns, Total: 241411 ns
[2023-06-15T08:59:05.847+0000][72][safepoint   ] Safepoint "Cleanup", Time since last: 3002389356 ns, Reaching safepoint: 216407 ns, At safepoint: 9113 ns, Total: 225520 ns
[2023-06-15T08:59:08.852+0000][72][safepoint   ] Safepoint "Cleanup", Time since last: 3004292455 ns, Reaching safepoint: 142659 ns, At safepoint: 56074 ns, Total: 198733 ns
[2023-06-15T08:59:08.866+0000][72][gc,start    ] GC(87) Pause Young (Normal) (G1 Evacuation Pause)
[2023-06-15T08:59:08.867+0000][72][gc,task     ] GC(87) Using 4 workers of 4 for evacuation
[2023-06-15T08:59:08.868+0000][72][gc,age      ] GC(87) Desired survivor size 6291456 bytes, new threshold 15 (max threshold 15)
[2023-06-15T08:59:08.876+0000][72][gc,phases   ] GC(87)   Pre Evacuate Collection Set: 0.1ms
[2023-06-15T08:59:08.878+0000][72][gc,phases   ] GC(87)   Merge Heap Roots: 0.1ms
[2023-06-15T08:59:08.879+0000][72][gc,phases   ] GC(87)   Evacuate Collection Set: 5.5ms
[2023-06-15T08:59:08.880+0000][72][gc,phases   ] GC(87)   Post Evacuate Collection Set: 1.6ms
[2023-06-15T08:59:08.881+0000][72][gc,phases   ] GC(87)   Other: 1.8ms
[2023-06-15T08:59:08.882+0000][72][gc,age      ] GC(87) Age table with threshold 15 (max threshold 15)
[2023-06-15T08:59:08.883+0000][72][gc,age      ] GC(87) - age   1:    1384840 bytes,    1384840 total
[2023-06-15T08:59:08.884+0000][72][gc,age      ] GC(87) - age   2:      18952 bytes,    1403792 total
[2023-06-15T08:59:08.885+0000][72][gc,age      ] GC(87) - age   3:     644896 bytes,    2048688 total
[2023-06-15T08:59:08.886+0000][72][gc,age      ] GC(87) - age   4:     134432 bytes,    2183120 total
[2023-06-15T08:59:08.887+0000][72][gc,age      ] GC(87) - age   5:      26160 bytes,    2209280 total
[2023-06-15T08:59:08.887+0000][72][gc,age      ] GC(87) - age   6:       2624 bytes,    2211904 total
[2023-06-15T08:59:08.888+0000][72][gc,age      ] GC(87) - age   7:       1392 bytes,    2213296 total
[2023-06-15T08:59:08.889+0000][72][gc,age      ] GC(87) - age   8:      15008 bytes,    2228304 total
[2023-06-15T08:59:08.890+0000][72][gc,age      ] GC(87) - age   9:     283120 bytes,    2511424 total
[2023-06-15T08:59:08.890+0000][72][gc,age      ] GC(87) - age  10:      15808 bytes,    2527232 total
[2023-06-15T08:59:08.891+0000][72][gc,age      ] GC(87) - age  11:     138984 bytes,    2666216 total
[2023-06-15T08:59:08.892+0000][72][gc,age      ] GC(87) - age  12:     139360 bytes,    2805576 total
[2023-06-15T08:59:08.893+0000][72][gc,age      ] GC(87) - age  13:       4064 bytes,    2809640 total
[2023-06-15T08:59:08.894+0000][72][gc,age      ] GC(87) - age  14:       5672 bytes,    2815312 total
[2023-06-15T08:59:08.894+0000][72][gc,age      ] GC(87) - age  15:      12400 bytes,    2827712 total
[2023-06-15T08:59:08.895+0000][72][gc,heap     ] GC(87) Eden regions: 16->0(16)
[2023-06-15T08:59:08.896+0000][72][gc,heap     ] GC(87) Survivor regions: 1->1(3)
[2023-06-15T08:59:08.913+0000][72][gc,heap     ] GC(87) Old regions: 32->32
[2023-06-15T08:59:08.954+0000][72][gc,heap     ] GC(87) Archive regions: 2->2
[2023-06-15T08:59:08.955+0000][72][gc,heap     ] GC(87) Humongous regions: 2->2
[2023-06-15T08:59:08.956+0000][72][gc,metaspace] GC(87) Metaspace: 135930K(139648K)->135930K(139648K) NonClass: 118454K(120064K)->118454K(120064K) Class: 17475K(19584K)->17475K(19584K)
[2023-06-15T08:59:08.957+0000][72][gc          ] GC(87) Pause Young (Normal) (G1 Evacuation Pause) 203M->139M(256M) 91.588ms
[2023-06-15T08:59:08.959+0000][72][gc,cpu      ] GC(87) User=0.02s Sys=0.00s Real=0.10s
[2023-06-15T08:59:08.961+0000][72][safepoint   ] Safepoint "G1CollectForAllocation", Time since last: 13749207 ns, Reaching safepoint: 136199 ns, At safepoint: 94776141 ns, Total: 94912340 ns
[2023-06-15T08:59:09.962+0000][72][safepoint   ] Safepoint "Cleanup", Time since last: 1001290718 ns, Reaching safepoint: 326363 ns, At safepoint: 8829 ns, Total: 335192 ns
[2023-06-15T08:59:14.967+0000][72][safepoint   ] Safepoint "Cleanup", Time since last: 5004082592 ns, Reaching safepoint: 287116 ns, At safepoint: 45842 ns, Total: 332958 ns
[2023-06-15T08:59:20.973+0000][72][safepoint   ] Safepoint "Cleanup", Time since last: 6006311905 ns, Reaching safepoint: 406109 ns, At safepoint: 16965 ns, Total: 423074 ns
[2023-06-15T08:59:21.979+0000][72][safepoint   ] Safepoint "Cleanup", Time since last: 1005053154 ns, Reaching safepoint: 857746 ns, At safepoint: 49807 ns, Total: 907553 ns
[2023-06-15T08:59:23.988+0000][72][safepoint   ] Safepoint "Cleanup", Time since last: 2008913769 ns, Reaching safepoint: 133535 ns, At safepoint: 4090 ns, Total: 137625 ns
[2023-06-15T08:59:26.890+0000][72][gc,start    ] GC(88) Pause Young (Concurrent Start) (G1 Evacuation Pause)
[2023-06-15T08:59:26.891+0000][72][gc,task     ] GC(88) Using 4 workers of 4 for evacuation
[2023-06-15T08:59:26.891+0000][72][gc,age      ] GC(88) Desired survivor size 6291456 bytes, new threshold 15 (max threshold 15)
[2023-06-15T08:59:26.897+0000][72][gc,phases   ] GC(88)   Pre Evacuate Collection Set: 0.8ms
[2023-06-15T08:59:26.898+0000][72][gc,phases   ] GC(88)   Merge Heap Roots: 0.2ms
[2023-06-15T08:59:26.899+0000][72][gc,phases   ] GC(88)   Evacuate Collection Set: 2.6ms
[2023-06-15T08:59:26.899+0000][72][gc,phases   ] GC(88)   Post Evacuate Collection Set: 0.9ms
[2023-06-15T08:59:26.900+0000][72][gc,phases   ] GC(88)   Other: 2.0ms
[2023-06-15T08:59:26.900+0000][72][gc,age      ] GC(88) Age table with threshold 15 (max threshold 15)
[2023-06-15T08:59:26.900+0000][72][gc,age      ] GC(88) - age   1:    1032880 bytes,    1032880 total
[2023-06-15T08:59:26.901+0000][72][gc,age      ] GC(88) - age   2:     172704 bytes,    1205584 total
[2023-06-15T08:59:26.902+0000][72][gc,age      ] GC(88) - age   3:       2056 bytes,    1207640 total
[2023-06-15T08:59:26.903+0000][72][gc,age      ] GC(88) - age   4:     644576 bytes,    1852216 total
[2023-06-15T08:59:26.903+0000][72][gc,age      ] GC(88) - age   5:      13144 bytes,    1865360 total
[2023-06-15T08:59:26.904+0000][72][gc,age      ] GC(88) - age   6:      26160 bytes,    1891520 total
[2023-06-15T08:59:26.904+0000][72][gc,age      ] GC(88) - age   7:       2560 bytes,    1894080 total
[2023-06-15T08:59:26.905+0000][72][gc,age      ] GC(88) - age   8:       1392 bytes,    1895472 total
[2023-06-15T08:59:26.905+0000][72][gc,age      ] GC(88) - age   9:      14832 bytes,    1910304 total
[2023-06-15T08:59:26.906+0000][72][gc,age      ] GC(88) - age  10:     283120 bytes,    2193424 total
[2023-06-15T08:59:26.906+0000][72][gc,age      ] GC(88) - age  11:      15808 bytes,    2209232 total
[2023-06-15T08:59:26.907+0000][72][gc,age      ] GC(88) - age  12:     138984 bytes,    2348216 total
[2023-06-15T08:59:26.907+0000][72][gc,age      ] GC(88) - age  13:     139360 bytes,    2487576 total
[2023-06-15T08:59:26.908+0000][72][gc,age      ] GC(88) - age  14:       4064 bytes,    2491640 total
[2023-06-15T08:59:26.908+0000][72][gc,age      ] GC(88) - age  15:       5672 bytes,    2497312 total
[2023-06-15T08:59:26.909+0000][72][gc,heap     ] GC(88) Eden regions: 16->0(16)
[2023-06-15T08:59:26.910+0000][72][gc,heap     ] GC(88) Survivor regions: 1->1(3)
[2023-06-15T08:59:26.910+0000][72][gc,heap     ] GC(88) Old regions: 32->32
[2023-06-15T08:59:26.911+0000][72][gc,heap     ] GC(88) Archive regions: 2->2
[2023-06-15T08:59:26.911+0000][72][gc,heap     ] GC(88) Humongous regions: 2->2
[2023-06-15T08:59:26.912+0000][72][gc,metaspace] GC(88) Metaspace: 135981K(139712K)->135981K(139712K) NonClass: 118505K(120128K)->118505K(120128K) Class: 17475K(19584K)->17475K(19584K)
[2023-06-15T08:59:26.912+0000][72][gc          ] GC(88) Pause Young (Concurrent Start) (G1 Evacuation Pause) 203M->139M(256M) 22.582ms
[2023-06-15T08:59:26.913+0000][72][gc,cpu      ] GC(88) User=0.01s Sys=0.00s Real=0.02s
[2023-06-15T08:59:26.913+0000][72][gc          ] GC(89) Concurrent Mark Cycle
[2023-06-15T08:59:26.915+0000][72][gc,marking  ] GC(89) Concurrent Clear Claimed Marks
[2023-06-15T08:59:26.916+0000][72][gc,marking  ] GC(89) Concurrent Clear Claimed Marks 1.349ms
[2023-06-15T08:59:26.918+0000][72][gc,marking  ] GC(89) Concurrent Scan Root Regions
[2023-06-15T08:59:26.914+0000][72][safepoint   ] Safepoint "G1CollectForAllocation", Time since last: 2901078641 ns, Reaching safepoint: 298174 ns, At safepoint: 23916926 ns, Total: 24215100 ns
[2023-06-15T08:59:26.922+0000][72][gc,marking  ] GC(89) Concurrent Scan Root Regions 4.747ms
[2023-06-15T08:59:26.923+0000][72][gc,marking  ] GC(89) Concurrent Mark
[2023-06-15T08:59:26.924+0000][72][gc,marking  ] GC(89) Concurrent Mark From Roots
[2023-06-15T08:59:26.924+0000][72][gc,task     ] GC(89) Using 1 workers of 1 for marking
[2023-06-15T08:59:27.091+0000][72][gc,marking  ] GC(89) Concurrent Mark From Roots 167.783ms
[2023-06-15T08:59:27.092+0000][72][gc,marking  ] GC(89) Concurrent Preclean
[2023-06-15T08:59:27.093+0000][72][gc,marking  ] GC(89) Concurrent Preclean 1.023ms
[2023-06-15T08:59:27.094+0000][72][gc,start    ] GC(89) Pause Remark
[2023-06-15T08:59:27.108+0000][72][gc          ] GC(89) Pause Remark 140M->140M(256M) 13.416ms
[2023-06-15T08:59:27.108+0000][72][gc,cpu      ] GC(89) User=0.03s Sys=0.00s Real=0.02s
[2023-06-15T08:59:27.109+0000][72][safepoint   ] Safepoint "G1PauseRemark", Time since last: 180299175 ns, Reaching safepoint: 184391 ns, At safepoint: 14814233 ns, Total: 14998624 ns
[2023-06-15T08:59:27.109+0000][72][gc,marking  ] GC(89) Concurrent Mark 186.423ms
[2023-06-15T08:59:27.110+0000][72][gc,marking  ] GC(89) Concurrent Rebuild Remembered Sets
[2023-06-15T08:59:27.189+0000][72][gc,marking  ] GC(89) Concurrent Rebuild Remembered Sets 79.037ms
[2023-06-15T08:59:27.190+0000][72][gc,start    ] GC(89) Pause Cleanup
[2023-06-15T08:59:27.192+0000][72][gc          ] GC(89) Pause Cleanup 140M->140M(256M) 1.072ms
[2023-06-15T08:59:27.192+0000][72][gc,cpu      ] GC(89) User=0.00s Sys=0.00s Real=0.00s
[2023-06-15T08:59:27.193+0000][72][safepoint   ] Safepoint "G1PauseCleanup", Time since last: 81469754 ns, Reaching safepoint: 90931 ns, At safepoint: 2521229 ns, Total: 2612160 ns
[2023-06-15T08:59:27.194+0000][72][gc,marking  ] GC(89) Concurrent Cleanup for Next Mark
[2023-06-15T08:59:27.194+0000][72][gc,marking  ] GC(89) Concurrent Cleanup for Next Mark 0.842ms
[2023-06-15T08:59:27.195+0000][72][gc          ] GC(89) Concurrent Mark Cycle 281.952ms
[2023-06-15T08:59:28.172+0000][72][safepoint   ] Safepoint "Cleanup", Time since last: 1000874396 ns, Reaching safepoint: 257695 ns, At safepoint: 6194 ns, Total: 263889 ns
[2023-06-15T08:59:30.176+0000][72][safepoint   ] Safepoint "Cleanup", Time since last: 2002493718 ns, Reaching safepoint: 1029891 ns, At safepoint: 289664 ns, Total: 1319555 ns
[2023-06-15T08:59:33.182+0000][72][safepoint   ] Safepoint "Cleanup", Time since last: 3005425644 ns, Reaching safepoint: 549568 ns, At safepoint: 34889 ns, Total: 584457 ns
[2023-06-15T08:59:35.186+0000][72][safepoint   ] Safepoint "Cleanup", Time since last: 2002964068 ns, Reaching safepoint: 884358 ns, At safepoint: 111878 ns, Total: 996236 ns
[2023-06-15T08:59:36.189+0000][72][safepoint   ] Safepoint "Cleanup", Time since last: 1002769268 ns, Reaching safepoint: 389453 ns, At safepoint: 9278 ns, Total: 398731 ns
[2023-06-15T08:59:39.194+0000][72][safepoint   ] Safepoint "Cleanup", Time since last: 3004114450 ns, Reaching safepoint: 496295 ns, At safepoint: 15159 ns, Total: 511454 ns
[2023-06-15T08:59:40.198+0000][72][safepoint   ] Safepoint "Cleanup", Time since last: 1003633229 ns, Reaching safepoint: 329569 ns, At safepoint: 199414 ns, Total: 528983 ns
[2023-06-15T08:59:44.715+0000][72][gc,start    ] GC(90) Pause Young (Normal) (G1 Evacuation Pause)
[2023-06-15T08:59:44.715+0000][72][gc,task     ] GC(90) Using 4 workers of 4 for evacuation
[2023-06-15T08:59:44.716+0000][72][gc,age      ] GC(90) Desired survivor size 6291456 bytes, new threshold 15 (max threshold 15)
[2023-06-15T08:59:44.719+0000][72][gc,phases   ] GC(90)   Pre Evacuate Collection Set: 0.1ms
[2023-06-15T08:59:44.720+0000][72][gc,phases   ] GC(90)   Merge Heap Roots: 0.1ms
[2023-06-15T08:59:44.721+0000][72][gc,phases   ] GC(90)   Evacuate Collection Set: 1.9ms
[2023-06-15T08:59:44.721+0000][72][gc,phases   ] GC(90)   Post Evacuate Collection Set: 0.9ms
[2023-06-15T08:59:44.722+0000][72][gc,phases   ] GC(90)   Other: 1.0ms
[2023-06-15T08:59:44.722+0000][72][gc,age      ] GC(90) Age table with threshold 15 (max threshold 15)
[2023-06-15T08:59:44.723+0000][72][gc,age      ] GC(90) - age   1:     420080 bytes,     420080 total
[2023-06-15T08:59:44.723+0000][72][gc,age      ] GC(90) - age   2:     155000 bytes,     575080 total
[2023-06-15T08:59:44.724+0000][72][gc,age      ] GC(90) - age   3:      19896 bytes,     594976 total
[2023-06-15T08:59:44.724+0000][72][gc,age      ] GC(90) - age   4:       1896 bytes,     596872 total
[2023-06-15T08:59:44.725+0000][72][gc,age      ] GC(90) - age   5:     644512 bytes,    1241384 total
[2023-06-15T08:59:44.726+0000][72][gc,age      ] GC(90) - age   6:      13080 bytes,    1254464 total
[2023-06-15T08:59:44.726+0000][72][gc,age      ] GC(90) - age   7:      26160 bytes,    1280624 total
[2023-06-15T08:59:44.727+0000][72][gc,age      ] GC(90) - age   8:       2432 bytes,    1283056 total
[2023-06-15T08:59:44.727+0000][72][gc,age      ] GC(90) - age   9:       1392 bytes,    1284448 total
[2023-06-15T08:59:44.728+0000][72][gc,age      ] GC(90) - age  10:      14832 bytes,    1299280 total
[2023-06-15T08:59:44.728+0000][72][gc,age      ] GC(90) - age  11:     283120 bytes,    1582400 total
[2023-06-15T08:59:44.729+0000][72][gc,age      ] GC(90) - age  12:      15808 bytes,    1598208 total
[2023-06-15T08:59:44.729+0000][72][gc,age      ] GC(90) - age  13:     138984 bytes,    1737192 total
[2023-06-15T08:59:44.730+0000][72][gc,age      ] GC(90) - age  14:     139360 bytes,    1876552 total
[2023-06-15T08:59:44.730+0000][72][gc,age      ] GC(90) - age  15:       4064 bytes,    1880616 total
[2023-06-15T08:59:44.731+0000][72][gc,heap     ] GC(90) Eden regions: 16->0(16)
[2023-06-15T08:59:44.731+0000][72][gc,heap     ] GC(90) Survivor regions: 1->1(3)
[2023-06-15T08:59:44.732+0000][72][gc,heap     ] GC(90) Old regions: 32->32
[2023-06-15T08:59:44.732+0000][72][gc,heap     ] GC(90) Archive regions: 2->2
[2023-06-15T08:59:44.733+0000][72][gc,heap     ] GC(90) Humongous regions: 2->2
[2023-06-15T08:59:44.733+0000][72][gc,metaspace] GC(90) Metaspace: 136033K(139776K)->136033K(139776K) NonClass: 118557K(120192K)->118557K(120192K) Class: 17475K(19584K)->17475K(19584K)
[2023-06-15T08:59:44.734+0000][72][gc          ] GC(90) Pause Young (Normal) (G1 Evacuation Pause) 203M->138M(256M) 19.089ms
[2023-06-15T08:59:44.734+0000][72][gc,cpu      ] GC(90) User=0.01s Sys=0.00s Real=0.02s
[2023-06-15T08:59:44.735+0000][72][safepoint   ] Safepoint "G1CollectForAllocation", Time since last: 4516328321 ns, Reaching safepoint: 166503 ns, At safepoint: 20036751 ns, Total: 20203254 ns
[2023-06-15T08:59:45.735+0000][72][safepoint   ] Safepoint "Cleanup", Time since last: 1000680737 ns, Reaching safepoint: 80795 ns, At safepoint: 5883 ns, Total: 86678 ns
[2023-06-15T08:59:47.738+0000][72][safepoint   ] Safepoint "Cleanup", Time since last: 2002088652 ns, Reaching safepoint: 328629 ns, At safepoint: 12748 ns, Total: 341377 ns
[2023-06-15T08:59:48.743+0000][72][safepoint   ] Safepoint "Cleanup", Time since last: 1004662195 ns, Reaching safepoint: 145083 ns, At safepoint: 6202 ns, Total: 151285 ns
[2023-06-15T08:59:50.745+0000][72][safepoint   ] Safepoint "Cleanup", Time since last: 2002646988 ns, Reaching safepoint: 138326 ns, At safepoint: 36885 ns, Total: 175211 ns
[2023-06-15T08:59:51.747+0000][72][safepoint   ] Safepoint "Cleanup", Time since last: 1001226398 ns, Reaching safepoint: 571362 ns, At safepoint: 24645 ns, Total: 596007 ns
[2023-06-15T08:59:52.752+0000][72][safepoint   ] Safepoint "Cleanup", Time since last: 1003983071 ns, Reaching safepoint: 366376 ns, At safepoint: 23980 ns, Total: 390356 ns
[2023-06-15T08:59:54.755+0000][72][safepoint   ] Safepoint "Cleanup", Time since last: 2003445634 ns, Reaching safepoint: 151129 ns, At safepoint: 7162 ns, Total: 158291 ns
[2023-06-15T08:59:55.758+0000][72][safepoint   ] Safepoint "Cleanup", Time since last: 1002406431 ns, Reaching safepoint: 310502 ns, At safepoint: 11561 ns, Total: 322063 ns
[2023-06-15T08:59:56.761+0000][72][safepoint   ] Safepoint "Cleanup", Time since last: 1002593021 ns, Reaching safepoint: 354942 ns, At safepoint: 9422 ns, Total: 364364 ns
[2023-06-15T08:59:57.765+0000][72][safepoint   ] Safepoint "Cleanup", Time since last: 1003762602 ns, Reaching safepoint: 120065 ns, At safepoint: 4439 ns, Total: 124504 ns
[2023-06-15T08:59:59.746+0000][72][safepoint   ] Safepoint "Cleanup", Time since last: 2002873771 ns, Reaching safepoint: 244978 ns, At safepoint: 11020 ns, Total: 255998 ns
[2023-06-15T09:00:00.750+0000][72][safepoint   ] Safepoint "Cleanup", Time since last: 1003198971 ns, Reaching safepoint: 164841 ns, At safepoint: 8279 ns, Total: 173120 ns
[2023-06-15T09:00:02.754+0000][72][safepoint   ] Safepoint "Cleanup", Time since last: 2003692599 ns, Reaching safepoint: 591297 ns, At safepoint: 118831 ns, Total: 710128 ns
[2023-06-15T09:00:03.768+0000][72][safepoint   ] Safepoint "Cleanup", Time since last: 1013990274 ns, Reaching safepoint: 89401 ns, At safepoint: 32865 ns, Total: 122266 ns
[2023-06-15T09:00:03.860+0000][72][gc,start    ] GC(91) Pause Young (Concurrent Start) (G1 Evacuation Pause)
[2023-06-15T09:00:03.862+0000][72][gc,task     ] GC(91) Using 4 workers of 4 for evacuation
[2023-06-15T09:00:03.863+0000][72][gc,age      ] GC(91) Desired survivor size 6291456 bytes, new threshold 15 (max threshold 15)
[2023-06-15T09:00:03.868+0000][72][gc,phases   ] GC(91)   Pre Evacuate Collection Set: 0.4ms
[2023-06-15T09:00:03.868+0000][72][gc,phases   ] GC(91)   Merge Heap Roots: 0.1ms
[2023-06-15T09:00:03.869+0000][72][gc,phases   ] GC(91)   Evacuate Collection Set: 2.4ms
[2023-06-15T09:00:03.870+0000][72][gc,phases   ] GC(91)   Post Evacuate Collection Set: 0.9ms
[2023-06-15T09:00:03.871+0000][72][gc,phases   ] GC(91)   Other: 2.0ms
[2023-06-15T09:00:03.871+0000][72][gc,age      ] GC(91) Age table with threshold 15 (max threshold 15)
[2023-06-15T09:00:03.872+0000][72][gc,age      ] GC(91) - age   1:    1330472 bytes,    1330472 total
[2023-06-15T09:00:03.873+0000][72][gc,age      ] GC(91) - age   2:     344768 bytes,    1675240 total
[2023-06-15T09:00:03.873+0000][72][gc,age      ] GC(91) - age   3:     121256 bytes,    1796496 total
[2023-06-15T09:00:03.874+0000][72][gc,age      ] GC(91) - age   4:      19312 bytes,    1815808 total
[2023-06-15T09:00:03.874+0000][72][gc,age      ] GC(91) - age   5:       1256 bytes,    1817064 total
[2023-06-15T09:00:03.875+0000][72][gc,age      ] GC(91) - age   6:     644448 bytes,    2461512 total
[2023-06-15T09:00:03.875+0000][72][gc,age      ] GC(91) - age   7:      13016 bytes,    2474528 total
[2023-06-15T09:00:03.876+0000][72][gc,age      ] GC(91) - age   8:      26160 bytes,    2500688 total
[2023-06-15T09:00:03.876+0000][72][gc,age      ] GC(91) - age   9:       2432 bytes,    2503120 total
[2023-06-15T09:00:03.877+0000][72][gc,age      ] GC(91) - age  10:       1392 bytes,    2504512 total
[2023-06-15T09:00:03.877+0000][72][gc,age      ] GC(91) - age  11:      14832 bytes,    2519344 total
[2023-06-15T09:00:03.877+0000][72][gc,age      ] GC(91) - age  12:     283120 bytes,    2802464 total
[2023-06-15T09:00:03.878+0000][72][gc,age      ] GC(91) - age  13:      15808 bytes,    2818272 total
[2023-06-15T09:00:03.878+0000][72][gc,age      ] GC(91) - age  14:     138984 bytes,    2957256 total
[2023-06-15T09:00:03.879+0000][72][gc,age      ] GC(91) - age  15:     139360 bytes,    3096616 total
[2023-06-15T09:00:03.879+0000][72][gc,heap     ] GC(91) Eden regions: 16->0(16)
[2023-06-15T09:00:03.880+0000][72][gc,heap     ] GC(91) Survivor regions: 1->1(3)
[2023-06-15T09:00:03.880+0000][72][gc,heap     ] GC(91) Old regions: 32->32
[2023-06-15T09:00:03.881+0000][72][gc,heap     ] GC(91) Archive regions: 2->2
[2023-06-15T09:00:03.881+0000][72][gc,heap     ] GC(91) Humongous regions: 2->2
[2023-06-15T09:00:03.882+0000][72][gc,metaspace] GC(91) Metaspace: 136080K(139776K)->136080K(139776K) NonClass: 118605K(120192K)->118605K(120192K) Class: 17475K(19584K)->17475K(19584K)
[2023-06-15T09:00:03.882+0000][72][gc          ] GC(91) Pause Young (Concurrent Start) (G1 Evacuation Pause) 202M->139M(256M) 22.411ms
[2023-06-15T09:00:03.883+0000][72][gc,cpu      ] GC(91) User=0.01s Sys=0.00s Real=0.02s
[2023-06-15T09:00:03.884+0000][72][safepoint   ] Safepoint "G1CollectForAllocation", Time since last: 91551433 ns, Reaching safepoint: 211710 ns, At safepoint: 24111599 ns, Total: 24323309 ns
[2023-06-15T09:00:03.883+0000][72][gc          ] GC(92) Concurrent Mark Cycle
[2023-06-15T09:00:03.886+0000][72][gc,marking  ] GC(92) Concurrent Clear Claimed Marks
[2023-06-15T09:00:03.887+0000][72][gc,marking  ] GC(92) Concurrent Clear Claimed Marks 1.438ms
[2023-06-15T09:00:03.888+0000][72][gc,marking  ] GC(92) Concurrent Scan Root Regions
[2023-06-15T09:00:03.891+0000][72][gc,marking  ] GC(92) Concurrent Scan Root Regions 3.478ms
[2023-06-15T09:00:03.892+0000][72][gc,marking  ] GC(92) Concurrent Mark
[2023-06-15T09:00:03.893+0000][72][gc,marking  ] GC(92) Concurrent Mark From Roots
[2023-06-15T09:00:03.894+0000][72][gc,task     ] GC(92) Using 1 workers of 1 for marking
[2023-06-15T09:00:04.063+0000][72][gc,marking  ] GC(92) Concurrent Mark From Roots 169.914ms
[2023-06-15T09:00:04.064+0000][72][gc,marking  ] GC(92) Concurrent Preclean
[2023-06-15T09:00:04.065+0000][72][gc,marking  ] GC(92) Concurrent Preclean 1.083ms
[2023-06-15T09:00:04.066+0000][72][gc,start    ] GC(92) Pause Remark
[2023-06-15T09:00:04.075+0000][72][gc          ] GC(92) Pause Remark 143M->143M(256M) 8.753ms
[2023-06-15T09:00:04.076+0000][72][gc,cpu      ] GC(92) User=0.03s Sys=0.00s Real=0.01s
[2023-06-15T09:00:04.077+0000][72][safepoint   ] Safepoint "G1PauseRemark", Time since last: 182099300 ns, Reaching safepoint: 45779 ns, At safepoint: 10652316 ns, Total: 10698095 ns
[2023-06-15T09:00:04.077+0000][72][gc,marking  ] GC(92) Concurrent Mark 185.215ms
[2023-06-15T09:00:04.078+0000][72][gc,marking  ] GC(92) Concurrent Rebuild Remembered Sets
[2023-06-15T09:00:04.151+0000][72][gc,marking  ] GC(92) Concurrent Rebuild Remembered Sets 73.444ms
[2023-06-15T09:00:04.152+0000][72][gc,start    ] GC(92) Pause Cleanup
[2023-06-15T09:00:04.153+0000][72][gc          ] GC(92) Pause Cleanup 143M->143M(256M) 0.894ms
[2023-06-15T09:00:04.154+0000][72][gc,cpu      ] GC(92) User=0.00s Sys=0.00s Real=0.00s
[2023-06-15T09:00:04.155+0000][72][safepoint   ] Safepoint "G1PauseCleanup", Time since last: 75588610 ns, Reaching safepoint: 96450 ns, At safepoint: 2114844 ns, Total: 2211294 ns
[2023-06-15T09:00:04.155+0000][72][gc,marking  ] GC(92) Concurrent Cleanup for Next Mark
[2023-06-15T09:00:04.156+0000][72][gc,marking  ] GC(92) Concurrent Cleanup for Next Mark 0.733ms
[2023-06-15T09:00:04.156+0000][72][gc          ] GC(92) Concurrent Mark Cycle 273.479ms
[2023-06-15T09:00:05.156+0000][72][safepoint   ] Safepoint "Cleanup", Time since last: 1000666773 ns, Reaching safepoint: 483003 ns, At safepoint: 134224 ns, Total: 617227 ns
[2023-06-15T09:00:06.158+0000][72][safepoint   ] Safepoint "Cleanup", Time since last: 1001834426 ns, Reaching safepoint: 778614 ns, At safepoint: 27146 ns, Total: 805760 ns
[2023-06-15T09:00:09.163+0000][72][safepoint   ] Safepoint "Cleanup", Time since last: 3004851938 ns, Reaching safepoint: 90693 ns, At safepoint: 3526 ns, Total: 94219 ns
[2023-06-15T09:00:15.170+0000][72][safepoint   ] Safepoint "Cleanup", Time since last: 6005522440 ns, Reaching safepoint: 540298 ns, At safepoint: 26556 ns, Total: 566854 ns
[2023-06-15T09:00:16.173+0000][72][safepoint   ] Safepoint "Cleanup", Time since last: 1002973139 ns, Reaching safepoint: 671535 ns, At safepoint: 148639 ns, Total: 820174 ns
[2023-06-15T09:00:21.181+0000][72][safepoint   ] Safepoint "Cleanup", Time since last: 5007399022 ns, Reaching safepoint: 633113 ns, At safepoint: 10694 ns, Total: 643807 ns
[2023-06-15T09:00:26.703+0000][72][gc,start    ] GC(93) Pause Young (Normal) (G1 Evacuation Pause)
[2023-06-15T09:00:26.704+0000][72][gc,task     ] GC(93) Using 4 workers of 4 for evacuation
[2023-06-15T09:00:26.704+0000][72][gc,age      ] GC(93) Desired survivor size 6291456 bytes, new threshold 15 (max threshold 15)
[2023-06-15T09:00:26.709+0000][72][gc,phases   ] GC(93)   Pre Evacuate Collection Set: 0.2ms
[2023-06-15T09:00:26.709+0000][72][gc,phases   ] GC(93)   Merge Heap Roots: 0.1ms
[2023-06-15T09:00:26.710+0000][72][gc,phases   ] GC(93)   Evacuate Collection Set: 2.2ms
[2023-06-15T09:00:26.710+0000][72][gc,phases   ] GC(93)   Post Evacuate Collection Set: 0.9ms
[2023-06-15T09:00:26.711+0000][72][gc,phases   ] GC(93)   Other: 1.6ms
[2023-06-15T09:00:26.711+0000][72][gc,age      ] GC(93) Age table with threshold 15 (max threshold 15)
[2023-06-15T09:00:26.712+0000][72][gc,age      ] GC(93) - age   1:    1265064 bytes,    1265064 total
[2023-06-15T09:00:26.712+0000][72][gc,age      ] GC(93) - age   2:       7816 bytes,    1272880 total
[2023-06-15T09:00:26.713+0000][72][gc,age      ] GC(93) - age   3:     133280 bytes,    1406160 total
[2023-06-15T09:00:26.713+0000][72][gc,age      ] GC(93) - age   4:       5320 bytes,    1411480 total
[2023-06-15T09:00:26.714+0000][72][gc,age      ] GC(93) - age   5:      19128 bytes,    1430608 total
[2023-06-15T09:00:26.715+0000][72][gc,age      ] GC(93) - age   6:       1192 bytes,    1431800 total
[2023-06-15T09:00:26.715+0000][72][gc,age      ] GC(93) - age   7:     644448 bytes,    2076248 total
[2023-06-15T09:00:26.716+0000][72][gc,age      ] GC(93) - age   8:      13016 bytes,    2089264 total
[2023-06-15T09:00:26.716+0000][72][gc,age      ] GC(93) - age   9:      26160 bytes,    2115424 total
[2023-06-15T09:00:26.716+0000][72][gc,age      ] GC(93) - age  10:       2432 bytes,    2117856 total
[2023-06-15T09:00:26.717+0000][72][gc,age      ] GC(93) - age  11:       1392 bytes,    2119248 total
[2023-06-15T09:00:26.717+0000][72][gc,age      ] GC(93) - age  12:      14832 bytes,    2134080 total
[2023-06-15T09:00:26.718+0000][72][gc,age      ] GC(93) - age  13:     282744 bytes,    2416824 total
[2023-06-15T09:00:26.718+0000][72][gc,age      ] GC(93) - age  14:      15808 bytes,    2432632 total
[2023-06-15T09:00:26.719+0000][72][gc,age      ] GC(93) - age  15:     138984 bytes,    2571616 total
[2023-06-15T09:00:26.719+0000][72][gc,heap     ] GC(93) Eden regions: 16->0(16)
[2023-06-15T09:00:26.720+0000][72][gc,heap     ] GC(93) Survivor regions: 1->1(3)
[2023-06-15T09:00:26.720+0000][72][gc,heap     ] GC(93) Old regions: 32->32
[2023-06-15T09:00:26.721+0000][72][gc,heap     ] GC(93) Archive regions: 2->2
[2023-06-15T09:00:26.721+0000][72][gc,heap     ] GC(93) Humongous regions: 2->2
[2023-06-15T09:00:26.722+0000][72][gc,metaspace] GC(93) Metaspace: 136132K(139776K)->136132K(139776K) NonClass: 118656K(120192K)->118656K(120192K) Class: 17475K(19584K)->17475K(19584K)
[2023-06-15T09:00:26.722+0000][72][gc          ] GC(93) Pause Young (Normal) (G1 Evacuation Pause) 203M->139M(256M) 19.743ms
[2023-06-15T09:00:26.723+0000][72][gc,cpu      ] GC(93) User=0.01s Sys=0.00s Real=0.02s
[2023-06-15T09:00:26.723+0000][72][safepoint   ] Safepoint "G1CollectForAllocation", Time since last: 5521152296 ns, Reaching safepoint: 135363 ns, At safepoint: 20734657 ns, Total: 20870020 ns
[2023-06-15T09:00:27.726+0000][72][safepoint   ] Safepoint "Cleanup", Time since last: 1001771784 ns, Reaching safepoint: 625308 ns, At safepoint: 18243 ns, Total: 643551 ns
[2023-06-15T09:00:29.709+0000][72][safepoint   ] Safepoint "Cleanup", Time since last: 2004587701 ns, Reaching safepoint: 813058 ns, At safepoint: 163992 ns, Total: 977050 ns
[2023-06-15T09:00:30.713+0000][72][safepoint   ] Safepoint "Cleanup", Time since last: 1002895772 ns, Reaching safepoint: 400187 ns, At safepoint: 17721 ns, Total: 417908 ns
[2023-06-15T09:00:32.716+0000][72][safepoint   ] Safepoint "Cleanup", Time since last: 2003187653 ns, Reaching safepoint: 130470 ns, At safepoint: 4256 ns, Total: 134726 ns
[2023-06-15T09:00:33.718+0000][72][safepoint   ] Safepoint "Cleanup", Time since last: 1001438945 ns, Reaching safepoint: 143949 ns, At safepoint: 4013 ns, Total: 147962 ns
[2023-06-15T09:00:38.722+0000][72][safepoint   ] Safepoint "Cleanup", Time since last: 5003827066 ns, Reaching safepoint: 145425 ns, At safepoint: 8104 ns, Total: 153529 ns
[2023-06-15T09:00:39.723+0000][72][safepoint   ] Safepoint "Cleanup", Time since last: 1001097281 ns, Reaching safepoint: 174935 ns, At safepoint: 9432 ns, Total: 184367 ns
[2023-06-15T09:00:42.726+0000][72][safepoint   ] Safepoint "Cleanup", Time since last: 3002930072 ns, Reaching safepoint: 339804 ns, At safepoint: 20122 ns, Total: 359926 ns
[2023-06-15T09:00:44.840+0000][72][gc,start    ] GC(94) Pause Young (Concurrent Start) (G1 Evacuation Pause)
[2023-06-15T09:00:44.840+0000][72][gc,task     ] GC(94) Using 4 workers of 4 for evacuation
[2023-06-15T09:00:44.841+0000][72][gc,age      ] GC(94) Desired survivor size 6291456 bytes, new threshold 15 (max threshold 15)
[2023-06-15T09:00:44.845+0000][72][gc,phases   ] GC(94)   Pre Evacuate Collection Set: 0.4ms
[2023-06-15T09:00:44.846+0000][72][gc,phases   ] GC(94)   Merge Heap Roots: 0.1ms
[2023-06-15T09:00:44.847+0000][72][gc,phases   ] GC(94)   Evacuate Collection Set: 2.1ms
[2023-06-15T09:00:44.847+0000][72][gc,phases   ] GC(94)   Post Evacuate Collection Set: 0.9ms
[2023-06-15T09:00:44.848+0000][72][gc,phases   ] GC(94)   Other: 1.7ms
[2023-06-15T09:00:44.848+0000][72][gc,age      ] GC(94) Age table with threshold 15 (max threshold 15)
[2023-06-15T09:00:44.849+0000][72][gc,age      ] GC(94) - age   1:     797296 bytes,     797296 total
[2023-06-15T09:00:44.849+0000][72][gc,age      ] GC(94) - age   2:     170344 bytes,     967640 total
[2023-06-15T09:00:44.850+0000][72][gc,age      ] GC(94) - age   3:       6560 bytes,     974200 total
[2023-06-15T09:00:44.850+0000][72][gc,age      ] GC(94) - age   4:       1840 bytes,     976040 total
[2023-06-15T09:00:44.850+0000][72][gc,age      ] GC(94) - age   5:       5192 bytes,     981232 total
[2023-06-15T09:00:44.851+0000][72][gc,age      ] GC(94) - age   6:      10960 bytes,     992192 total
[2023-06-15T09:00:44.851+0000][72][gc,age      ] GC(94) - age   7:       1192 bytes,     993384 total
[2023-06-15T09:00:44.851+0000][72][gc,age      ] GC(94) - age   8:     538840 bytes,    1532224 total
[2023-06-15T09:00:44.852+0000][72][gc,age      ] GC(94) - age   9:      13016 bytes,    1545240 total
[2023-06-15T09:00:44.852+0000][72][gc,age      ] GC(94) - age  10:      26160 bytes,    1571400 total
[2023-06-15T09:00:44.853+0000][72][gc,age      ] GC(94) - age  11:       2432 bytes,    1573832 total
[2023-06-15T09:00:44.854+0000][72][gc,age      ] GC(94) - age  12:       1392 bytes,    1575224 total
[2023-06-15T09:00:44.854+0000][72][gc,age      ] GC(94) - age  13:      14832 bytes,    1590056 total
[2023-06-15T09:00:44.855+0000][72][gc,age      ] GC(94) - age  14:     282744 bytes,    1872800 total
[2023-06-15T09:00:44.855+0000][72][gc,age      ] GC(94) - age  15:      15808 bytes,    1888608 total
[2023-06-15T09:00:44.856+0000][72][gc,heap     ] GC(94) Eden regions: 16->0(16)
[2023-06-15T09:00:44.856+0000][72][gc,heap     ] GC(94) Survivor regions: 1->1(3)
[2023-06-15T09:00:44.857+0000][72][gc,heap     ] GC(94) Old regions: 32->32
[2023-06-15T09:00:44.857+0000][72][gc,heap     ] GC(94) Archive regions: 2->2
[2023-06-15T09:00:44.858+0000][72][gc,heap     ] GC(94) Humongous regions: 2->2
[2023-06-15T09:00:44.859+0000][72][gc,metaspace] GC(94) Metaspace: 136199K(139840K)->136199K(139840K) NonClass: 118724K(120256K)->118724K(120256K) Class: 17475K(19584K)->17475K(19584K)
[2023-06-15T09:00:44.859+0000][72][gc          ] GC(94) Pause Young (Concurrent Start) (G1 Evacuation Pause) 203M->139M(256M) 19.850ms
[2023-06-15T09:00:44.860+0000][72][gc,cpu      ] GC(94) User=0.01s Sys=0.01s Real=0.02s
[2023-06-15T09:00:44.861+0000][72][safepoint   ] Safepoint "G1CollectForAllocation", Time since last: 2113284257 ns, Reaching safepoint: 116647 ns, At safepoint: 21296794 ns, Total: 21413441 ns
[2023-06-15T09:00:44.860+0000][72][gc          ] GC(95) Concurrent Mark Cycle
[2023-06-15T09:00:44.863+0000][72][gc,marking  ] GC(95) Concurrent Clear Claimed Marks
[2023-06-15T09:00:44.864+0000][72][gc,marking  ] GC(95) Concurrent Clear Claimed Marks 0.998ms
[2023-06-15T09:00:44.865+0000][72][gc,marking  ] GC(95) Concurrent Scan Root Regions
[2023-06-15T09:00:44.869+0000][72][gc,marking  ] GC(95) Concurrent Scan Root Regions 4.002ms
[2023-06-15T09:00:44.870+0000][72][gc,marking  ] GC(95) Concurrent Mark
[2023-06-15T09:00:44.871+0000][72][gc,marking  ] GC(95) Concurrent Mark From Roots
[2023-06-15T09:00:44.872+0000][72][gc,task     ] GC(95) Using 1 workers of 1 for marking
[2023-06-15T09:00:45.036+0000][72][gc,marking  ] GC(95) Concurrent Mark From Roots 164.891ms
[2023-06-15T09:00:45.037+0000][72][gc,marking  ] GC(95) Concurrent Preclean
[2023-06-15T09:00:45.038+0000][72][gc,marking  ] GC(95) Concurrent Preclean 1.088ms
[2023-06-15T09:00:45.039+0000][72][gc,start    ] GC(95) Pause Remark
[2023-06-15T09:00:45.047+0000][72][gc          ] GC(95) Pause Remark 143M->143M(256M) 7.947ms
[2023-06-15T09:00:45.047+0000][72][gc,cpu      ] GC(95) User=0.02s Sys=0.00s Real=0.01s
[2023-06-15T09:00:45.048+0000][72][safepoint   ] Safepoint "G1PauseRemark", Time since last: 177736808 ns, Reaching safepoint: 96349 ns, At safepoint: 9022540 ns, Total: 9118889 ns
[2023-06-15T09:00:45.049+0000][72][gc,marking  ] GC(95) Concurrent Mark 179.205ms
[2023-06-15T09:00:45.049+0000][72][gc,marking  ] GC(95) Concurrent Rebuild Remembered Sets
[2023-06-15T09:00:45.125+0000][72][gc,marking  ] GC(95) Concurrent Rebuild Remembered Sets 76.095ms
[2023-06-15T09:00:45.127+0000][72][gc,start    ] GC(95) Pause Cleanup
[2023-06-15T09:00:45.128+0000][72][gc          ] GC(95) Pause Cleanup 144M->144M(256M) 0.825ms
[2023-06-15T09:00:45.128+0000][72][gc,cpu      ] GC(95) User=0.00s Sys=0.00s Real=0.00s
[2023-06-15T09:00:45.129+0000][72][safepoint   ] Safepoint "G1PauseCleanup", Time since last: 79045835 ns, Reaching safepoint: 111001 ns, At safepoint: 2039556 ns, Total: 2150557 ns
[2023-06-15T09:00:45.130+0000][72][gc,marking  ] GC(95) Concurrent Cleanup for Next Mark
[2023-06-15T09:00:45.131+0000][72][gc,marking  ] GC(95) Concurrent Cleanup for Next Mark 1.002ms
[2023-06-15T09:00:45.131+0000][72][gc          ] GC(95) Concurrent Mark Cycle 271.292ms
[2023-06-15T09:00:46.131+0000][72][safepoint   ] Safepoint "Cleanup", Time since last: 1001555850 ns, Reaching safepoint: 356673 ns, At safepoint: 8070 ns, Total: 364743 ns
[2023-06-15T09:00:47.134+0000][72][safepoint   ] Safepoint "Cleanup", Time since last: 1002852095 ns, Reaching safepoint: 417308 ns, At safepoint: 11575 ns, Total: 428883 ns
[2023-06-15T09:00:51.140+0000][72][safepoint   ] Safepoint "Cleanup", Time since last: 4005443906 ns, Reaching safepoint: 379272 ns, At safepoint: 10842 ns, Total: 390114 ns
[2023-06-15T09:00:54.143+0000][72][safepoint   ] Safepoint "Cleanup", Time since last: 3002873348 ns, Reaching safepoint: 413760 ns, At safepoint: 57694 ns, Total: 471454 ns
[2023-06-15T09:00:55.146+0000][72][safepoint   ] Safepoint "Cleanup", Time since last: 1001517846 ns, Reaching safepoint: 803919 ns, At safepoint: 15739 ns, Total: 819658 ns
[2023-06-15T09:00:56.151+0000][72][safepoint   ] Safepoint "Cleanup", Time since last: 1005049904 ns, Reaching safepoint: 410576 ns, At safepoint: 13572 ns, Total: 424148 ns
[2023-06-15T09:00:57.156+0000][72][safepoint   ] Safepoint "Cleanup", Time since last: 1004938549 ns, Reaching safepoint: 393115 ns, At safepoint: 62825 ns, Total: 455940 ns
[2023-06-15T09:00:58.136+0000][72][safepoint   ] Safepoint "Cleanup", Time since last: 1002874133 ns, Reaching safepoint: 233491 ns, At safepoint: 45930 ns, Total: 279421 ns
[2023-06-15T09:00:59.141+0000][72][safepoint   ] Safepoint "Cleanup", Time since last: 1003487686 ns, Reaching safepoint: 1339429 ns, At safepoint: 37500 ns, Total: 1376929 ns
[2023-06-15T09:00:59.759+0000][72][gc,start    ] GC(96) Pause Young (Prepare Mixed) (G1 Evacuation Pause)
[2023-06-15T09:00:59.760+0000][72][gc,task     ] GC(96) Using 4 workers of 4 for evacuation
[2023-06-15T09:00:59.760+0000][72][gc,age      ] GC(96) Desired survivor size 6291456 bytes, new threshold 15 (max threshold 15)
[2023-06-15T09:00:59.764+0000][72][gc,phases   ] GC(96)   Pre Evacuate Collection Set: 0.1ms
[2023-06-15T09:00:59.765+0000][72][gc,phases   ] GC(96)   Merge Heap Roots: 0.1ms
[2023-06-15T09:00:59.765+0000][72][gc,phases   ] GC(96)   Evacuate Collection Set: 1.9ms
[2023-06-15T09:00:59.766+0000][72][gc,phases   ] GC(96)   Post Evacuate Collection Set: 0.9ms
[2023-06-15T09:00:59.766+0000][72][gc,phases   ] GC(96)   Other: 1.4ms
[2023-06-15T09:00:59.767+0000][72][gc,age      ] GC(96) Age table with threshold 15 (max threshold 15)
[2023-06-15T09:00:59.767+0000][72][gc,age      ] GC(96) - age   1:     474352 bytes,     474352 total
[2023-06-15T09:00:59.768+0000][72][gc,age      ] GC(96) - age   2:      12112 bytes,     486464 total
[2023-06-15T09:00:59.769+0000][72][gc,age      ] GC(96) - age   3:     136384 bytes,     622848 total
[2023-06-15T09:00:59.770+0000][72][gc,age      ] GC(96) - age   4:       6008 bytes,     628856 total
[2023-06-15T09:00:59.770+0000][72][gc,age      ] GC(96) - age   5:       1776 bytes,     630632 total
[2023-06-15T09:00:59.771+0000][72][gc,age      ] GC(96) - age   6:       4896 bytes,     635528 total
[2023-06-15T09:00:59.772+0000][72][gc,age      ] GC(96) - age   7:      10928 bytes,     646456 total
[2023-06-15T09:00:59.772+0000][72][gc,age      ] GC(96) - age   8:        728 bytes,     647184 total
[2023-06-15T09:00:59.772+0000][72][gc,age      ] GC(96) - age   9:     327224 bytes,     974408 total
[2023-06-15T09:00:59.773+0000][72][gc,age      ] GC(96) - age  10:      13016 bytes,     987424 total
[2023-06-15T09:00:59.773+0000][72][gc,age      ] GC(96) - age  11:      26160 bytes,    1013584 total
[2023-06-15T09:00:59.773+0000][72][gc,age      ] GC(96) - age  12:       2432 bytes,    1016016 total
[2023-06-15T09:00:59.774+0000][72][gc,age      ] GC(96) - age  13:       1392 bytes,    1017408 total
[2023-06-15T09:00:59.774+0000][72][gc,age      ] GC(96) - age  14:      14832 bytes,    1032240 total
[2023-06-15T09:00:59.774+0000][72][gc,age      ] GC(96) - age  15:     282744 bytes,    1314984 total
[2023-06-15T09:00:59.775+0000][72][gc,heap     ] GC(96) Eden regions: 16->0(2)
[2023-06-15T09:00:59.775+0000][72][gc,heap     ] GC(96) Survivor regions: 1->1(3)
[2023-06-15T09:00:59.776+0000][72][gc,heap     ] GC(96) Old regions: 32->32
[2023-06-15T09:00:59.776+0000][72][gc,heap     ] GC(96) Archive regions: 2->2
[2023-06-15T09:00:59.777+0000][72][gc,heap     ] GC(96) Humongous regions: 2->2
[2023-06-15T09:00:59.777+0000][72][gc,metaspace] GC(96) Metaspace: 136350K(139904K)->136350K(139904K) NonClass: 118864K(120320K)->118864K(120320K) Class: 17485K(19584K)->17485K(19584K)
[2023-06-15T09:00:59.778+0000][72][gc          ] GC(96) Pause Young (Prepare Mixed) (G1 Evacuation Pause) 203M->138M(256M) 19.093ms
[2023-06-15T09:00:59.778+0000][72][gc,cpu      ] GC(96) User=0.01s Sys=0.00s Real=0.01s
[2023-06-15T09:00:59.779+0000][72][safepoint   ] Safepoint "G1CollectForAllocation", Time since last: 617575626 ns, Reaching safepoint: 121182 ns, At safepoint: 20055224 ns, Total: 20176406 ns
[2023-06-15T09:01:00.781+0000][72][safepoint   ] Safepoint "Cleanup", Time since last: 1002506081 ns, Reaching safepoint: 87318 ns, At safepoint: 4239 ns, Total: 91557 ns
[2023-06-15T09:01:01.783+0000][72][safepoint   ] Safepoint "Cleanup", Time since last: 1001543605 ns, Reaching safepoint: 168563 ns, At safepoint: 7260 ns, Total: 175823 ns
[2023-06-15T09:01:02.437+0000][72][gc,start    ] GC(97) Pause Young (Mixed) (G1 Evacuation Pause)
[2023-06-15T09:01:02.438+0000][72][gc,task     ] GC(97) Using 4 workers of 4 for evacuation
[2023-06-15T09:01:02.438+0000][72][gc,age      ] GC(97) Desired survivor size 2097152 bytes, new threshold 15 (max threshold 15)
[2023-06-15T09:01:02.446+0000][72][gc,phases   ] GC(97)   Pre Evacuate Collection Set: 0.1ms
[2023-06-15T09:01:02.447+0000][72][gc,phases   ] GC(97)   Merge Heap Roots: 0.1ms
[2023-06-15T09:01:02.448+0000][72][gc,phases   ] GC(97)   Evacuate Collection Set: 6.2ms
[2023-06-15T09:01:02.449+0000][72][gc,phases   ] GC(97)   Post Evacuate Collection Set: 1.2ms
[2023-06-15T09:01:02.450+0000][72][gc,phases   ] GC(97)   Other: 1.3ms
[2023-06-15T09:01:02.451+0000][72][gc,age      ] GC(97) Age table with threshold 15 (max threshold 15)
[2023-06-15T09:01:02.452+0000][72][gc,age      ] GC(97) - age   1:     672096 bytes,     672096 total
[2023-06-15T09:01:02.454+0000][72][gc,age      ] GC(97) - age   2:     362248 bytes,    1034344 total
[2023-06-15T09:01:02.455+0000][72][gc,age      ] GC(97) - age   3:      11920 bytes,    1046264 total
[2023-06-15T09:01:02.456+0000][72][gc,age      ] GC(97) - age   4:     136384 bytes,    1182648 total
[2023-06-15T09:01:02.457+0000][72][gc,age      ] GC(97) - age   5:       5880 bytes,    1188528 total
[2023-06-15T09:01:02.458+0000][72][gc,age      ] GC(97) - age   6:       1776 bytes,    1190304 total
[2023-06-15T09:01:02.459+0000][72][gc,age      ] GC(97) - age   7:       4896 bytes,    1195200 total
[2023-06-15T09:01:02.460+0000][72][gc,age      ] GC(97) - age   8:       2496 bytes,    1197696 total
[2023-06-15T09:01:02.461+0000][72][gc,age      ] GC(97) - age   9:        728 bytes,    1198424 total
[2023-06-15T09:01:02.462+0000][72][gc,age      ] GC(97) - age  10:     327160 bytes,    1525584 total
[2023-06-15T09:01:02.464+0000][72][gc,age      ] GC(97) - age  11:      13016 bytes,    1538600 total
[2023-06-15T09:01:02.464+0000][72][gc,age      ] GC(97) - age  12:      26160 bytes,    1564760 total
[2023-06-15T09:01:02.465+0000][72][gc,age      ] GC(97) - age  13:       2432 bytes,    1567192 total
[2023-06-15T09:01:02.465+0000][72][gc,age      ] GC(97) - age  14:       1392 bytes,    1568584 total
[2023-06-15T09:01:02.466+0000][72][gc,age      ] GC(97) - age  15:      14832 bytes,    1583416 total
[2023-06-15T09:01:02.467+0000][72][gc,heap     ] GC(97) Eden regions: 2->0(16)
[2023-06-15T09:01:02.467+0000][72][gc,heap     ] GC(97) Survivor regions: 1->1(1)
[2023-06-15T09:01:02.468+0000][72][gc,heap     ] GC(97) Old regions: 32->32
[2023-06-15T09:01:02.468+0000][72][gc,heap     ] GC(97) Archive regions: 2->2
[2023-06-15T09:01:02.469+0000][72][gc,heap     ] GC(97) Humongous regions: 2->2
[2023-06-15T09:01:02.469+0000][72][gc,metaspace] GC(97) Metaspace: 136357K(139904K)->136357K(139904K) NonClass: 118872K(120320K)->118872K(120320K) Class: 17485K(19584K)->17485K(19584K)
[2023-06-15T09:01:02.470+0000][72][gc          ] GC(97) Pause Young (Mixed) (G1 Evacuation Pause) 146M->138M(256M) 33.141ms
[2023-06-15T09:01:02.470+0000][72][gc,cpu      ] GC(97) User=0.02s Sys=0.00s Real=0.04s
[2023-06-15T09:01:02.471+0000][72][safepoint   ] Safepoint "G1CollectForAllocation", Time since last: 653417228 ns, Reaching safepoint: 119459 ns, At safepoint: 34232492 ns, Total: 34351951 ns
[2023-06-15T09:01:03.473+0000][72][safepoint   ] Safepoint "Cleanup", Time since last: 1001198122 ns, Reaching safepoint: 474734 ns, At safepoint: 52708 ns, Total: 527442 ns
[2023-06-15T09:01:05.480+0000][72][safepoint   ] Safepoint "Cleanup", Time since last: 2006667389 ns, Reaching safepoint: 493631 ns, At safepoint: 16123 ns, Total: 509754 ns
[2023-06-15T09:01:08.486+0000][72][safepoint   ] Safepoint "Cleanup", Time since last: 3005899216 ns, Reaching safepoint: 187894 ns, At safepoint: 4559 ns, Total: 192453 ns
[2023-06-15T09:01:09.488+0000][72][safepoint   ] Safepoint "Cleanup", Time since last: 1001216704 ns, Reaching safepoint: 612230 ns, At safepoint: 17666 ns, Total: 629896 ns
[2023-06-15T09:01:15.496+0000][72][safepoint   ] Safepoint "Cleanup", Time since last: 6008357655 ns, Reaching safepoint: 365018 ns, At safepoint: 19788 ns, Total: 384806 ns
[2023-06-15T09:01:16.499+0000][72][safepoint   ] Safepoint "Cleanup", Time since last: 1001800658 ns, Reaching safepoint: 502745 ns, At safepoint: 23764 ns, Total: 526509 ns
[2023-06-15T09:01:17.502+0000][72][safepoint   ] Safepoint "Cleanup", Time since last: 1003223297 ns, Reaching safepoint: 277040 ns, At safepoint: 13816 ns, Total: 290856 ns
[2023-06-15T09:01:20.506+0000][72][safepoint   ] Safepoint "Cleanup", Time since last: 3003899748 ns, Reaching safepoint: 105223 ns, At safepoint: 28828 ns, Total: 134051 ns
[2023-06-15T09:01:20.719+0000][72][gc,start    ] GC(98) Pause Young (Concurrent Start) (G1 Evacuation Pause)
[2023-06-15T09:01:20.720+0000][72][gc,task     ] GC(98) Using 4 workers of 4 for evacuation
[2023-06-15T09:01:20.720+0000][72][gc,age      ] GC(98) Desired survivor size 6291456 bytes, new threshold 15 (max threshold 15)
[2023-06-15T09:01:20.726+0000][72][gc,phases   ] GC(98)   Pre Evacuate Collection Set: 0.3ms
[2023-06-15T09:01:20.727+0000][72][gc,phases   ] GC(98)   Merge Heap Roots: 0.1ms
[2023-06-15T09:01:20.728+0000][72][gc,phases   ] GC(98)   Evacuate Collection Set: 4.1ms
[2023-06-15T09:01:20.728+0000][72][gc,phases   ] GC(98)   Post Evacuate Collection Set: 0.9ms
[2023-06-15T09:01:20.729+0000][72][gc,phases   ] GC(98)   Other: 1.3ms
[2023-06-15T09:01:20.729+0000][72][gc,age      ] GC(98) Age table with threshold 15 (max threshold 15)
[2023-06-15T09:01:20.730+0000][72][gc,age      ] GC(98) - age   1:    1581752 bytes,    1581752 total
[2023-06-15T09:01:20.731+0000][72][gc,age      ] GC(98) - age   2:     146280 bytes,    1728032 total
[2023-06-15T09:01:20.732+0000][72][gc,age      ] GC(98) - age   3:     343072 bytes,    2071104 total
[2023-06-15T09:01:20.733+0000][72][gc,age      ] GC(98) - age   4:      11488 bytes,    2082592 total
[2023-06-15T09:01:20.733+0000][72][gc,age      ] GC(98) - age   5:     135328 bytes,    2217920 total
[2023-06-15T09:01:20.734+0000][72][gc,age      ] GC(98) - age   6:       5456 bytes,    2223376 total
[2023-06-15T09:01:20.735+0000][72][gc,age      ] GC(98) - age   7:       1776 bytes,    2225152 total
[2023-06-15T09:01:20.735+0000][72][gc,age      ] GC(98) - age   8:       4536 bytes,    2229688 total
[2023-06-15T09:01:20.736+0000][72][gc,age      ] GC(98) - age   9:       2496 bytes,    2232184 total
[2023-06-15T09:01:20.736+0000][72][gc,age      ] GC(98) - age  10:        728 bytes,    2232912 total
[2023-06-15T09:01:20.736+0000][72][gc,age      ] GC(98) - age  11:     326944 bytes,    2559856 total
[2023-06-15T09:01:20.737+0000][72][gc,age      ] GC(98) - age  12:      13016 bytes,    2572872 total
[2023-06-15T09:01:20.737+0000][72][gc,age      ] GC(98) - age  13:      26160 bytes,    2599032 total
[2023-06-15T09:01:20.738+0000][72][gc,age      ] GC(98) - age  14:       2432 bytes,    2601464 total
[2023-06-15T09:01:20.738+0000][72][gc,age      ] GC(98) - age  15:       1392 bytes,    2602856 total
[2023-06-15T09:01:20.739+0000][72][gc,heap     ] GC(98) Eden regions: 16->0(16)
[2023-06-15T09:01:20.739+0000][72][gc,heap     ] GC(98) Survivor regions: 1->1(3)
[2023-06-15T09:01:20.740+0000][72][gc,heap     ] GC(98) Old regions: 32->32
[2023-06-15T09:01:20.740+0000][72][gc,heap     ] GC(98) Archive regions: 2->2
[2023-06-15T09:01:20.740+0000][72][gc,heap     ] GC(98) Humongous regions: 2->2
[2023-06-15T09:01:20.741+0000][72][gc,metaspace] GC(98) Metaspace: 136689K(139968K)->136689K(139968K) NonClass: 119125K(120384K)->119125K(120384K) Class: 17564K(19584K)->17564K(19584K)
[2023-06-15T09:01:20.741+0000][72][gc          ] GC(98) Pause Young (Concurrent Start) (G1 Evacuation Pause) 202M->139M(256M) 22.505ms
[2023-06-15T09:01:20.742+0000][72][gc,cpu      ] GC(98) User=0.01s Sys=0.00s Real=0.02s
[2023-06-15T09:01:20.742+0000][72][gc          ] GC(99) Concurrent Mark Cycle
[2023-06-15T09:01:20.743+0000][72][safepoint   ] Safepoint "G1CollectForAllocation", Time since last: 212394129 ns, Reaching safepoint: 160956 ns, At safepoint: 24063533 ns, Total: 24224489 ns
[2023-06-15T09:01:20.743+0000][72][gc,marking  ] GC(99) Concurrent Clear Claimed Marks
[2023-06-15T09:01:20.749+0000][72][gc,marking  ] GC(99) Concurrent Clear Claimed Marks 5.595ms
[2023-06-15T09:01:20.750+0000][72][gc,marking  ] GC(99) Concurrent Scan Root Regions
[2023-06-15T09:01:20.753+0000][72][gc,marking  ] GC(99) Concurrent Scan Root Regions 3.373ms
[2023-06-15T09:01:20.754+0000][72][gc,marking  ] GC(99) Concurrent Mark
[2023-06-15T09:01:20.755+0000][72][gc,marking  ] GC(99) Concurrent Mark From Roots
[2023-06-15T09:01:20.756+0000][72][gc,task     ] GC(99) Using 1 workers of 1 for marking
[2023-06-15T09:01:20.999+0000][72][gc,marking  ] GC(99) Concurrent Mark From Roots 243.971ms
[2023-06-15T09:01:21.000+0000][72][gc,marking  ] GC(99) Concurrent Preclean
[2023-06-15T09:01:21.001+0000][72][gc,marking  ] GC(99) Concurrent Preclean 1.695ms
[2023-06-15T09:01:21.003+0000][72][gc,start    ] GC(99) Pause Remark
[2023-06-15T09:01:21.022+0000][72][gc          ] GC(99) Pause Remark 152M->152M(256M) 18.596ms
[2023-06-15T09:01:21.023+0000][72][gc,cpu      ] GC(99) User=0.04s Sys=0.00s Real=0.02s
[2023-06-15T09:01:21.024+0000][72][safepoint   ] Safepoint "G1PauseRemark", Time since last: 260170609 ns, Reaching safepoint: 80157 ns, At safepoint: 20802065 ns, Total: 20882222 ns
[2023-06-15T09:01:21.026+0000][72][gc,marking  ] GC(99) Concurrent Mark 271.913ms
[2023-06-15T09:01:21.027+0000][72][gc,marking  ] GC(99) Concurrent Rebuild Remembered Sets
[2023-06-15T09:01:21.128+0000][72][gc,marking  ] GC(99) Concurrent Rebuild Remembered Sets 100.814ms
[2023-06-15T09:01:21.129+0000][72][gc,start    ] GC(99) Pause Cleanup
[2023-06-15T09:01:21.129+0000][72][gc          ] GC(99) Pause Cleanup 152M->152M(256M) 0.663ms
[2023-06-15T09:01:21.130+0000][72][gc,cpu      ] GC(99) User=0.00s Sys=0.00s Real=0.01s
[2023-06-15T09:01:21.131+0000][72][safepoint   ] Safepoint "G1PauseCleanup", Time since last: 104401822 ns, Reaching safepoint: 129263 ns, At safepoint: 2695639 ns, Total: 2824902 ns
[2023-06-15T09:01:21.132+0000][72][gc,marking  ] GC(99) Concurrent Cleanup for Next Mark
[2023-06-15T09:01:21.133+0000][72][gc,marking  ] GC(99) Concurrent Cleanup for Next Mark 0.701ms
[2023-06-15T09:01:21.133+0000][72][gc          ] GC(99) Concurrent Mark Cycle 391.374ms
[2023-06-15T09:01:22.134+0000][72][safepoint   ] Safepoint "Cleanup", Time since last: 1001883980 ns, Reaching safepoint: 760916 ns, At safepoint: 64393 ns, Total: 825309 ns
[2023-06-15T09:01:26.140+0000][72][safepoint   ] Safepoint "Cleanup", Time since last: 4006214478 ns, Reaching safepoint: 151009 ns, At safepoint: 9201 ns, Total: 160210 ns
[2023-06-15T09:01:27.713+0000][72][safepoint   ] Safepoint "Cleanup", Time since last: 1572769918 ns, Reaching safepoint: 95616 ns, At safepoint: 6069 ns, Total: 101685 ns
[2023-06-15T09:01:29.697+0000][72][safepoint   ] Safepoint "Cleanup", Time since last: 2004104895 ns, Reaching safepoint: 398638 ns, At safepoint: 17578 ns, Total: 416216 ns
[2023-06-15T09:01:32.703+0000][72][safepoint   ] Safepoint "Cleanup", Time since last: 3005745291 ns, Reaching safepoint: 75660 ns, At safepoint: 3937 ns, Total: 79597 ns
[2023-06-15T09:01:35.707+0000][72][safepoint   ] Safepoint "Cleanup", Time since last: 3003269105 ns, Reaching safepoint: 604643 ns, At safepoint: 19754 ns, Total: 624397 ns
[2023-06-15T09:01:37.713+0000][72][safepoint   ] Safepoint "Cleanup", Time since last: 2005836829 ns, Reaching safepoint: 304744 ns, At safepoint: 18509 ns, Total: 323253 ns
[2023-06-15T09:01:38.690+0000][72][gc,start    ] GC(100) Pause Young (Normal) (G1 Evacuation Pause)
[2023-06-15T09:01:38.691+0000][72][gc,task     ] GC(100) Using 4 workers of 4 for evacuation
[2023-06-15T09:01:38.692+0000][72][gc,age      ] GC(100) Desired survivor size 6291456 bytes, new threshold 15 (max threshold 15)
[2023-06-15T09:01:38.696+0000][72][gc,phases   ] GC(100)   Pre Evacuate Collection Set: 0.1ms
[2023-06-15T09:01:38.696+0000][72][gc,phases   ] GC(100)   Merge Heap Roots: 0.1ms
[2023-06-15T09:01:38.697+0000][72][gc,phases   ] GC(100)   Evacuate Collection Set: 2.6ms
[2023-06-15T09:01:38.697+0000][72][gc,phases   ] GC(100)   Post Evacuate Collection Set: 0.8ms
[2023-06-15T09:01:38.698+0000][72][gc,phases   ] GC(100)   Other: 1.2ms
[2023-06-15T09:01:38.698+0000][72][gc,age      ] GC(100) Age table with threshold 15 (max threshold 15)
[2023-06-15T09:01:38.699+0000][72][gc,age      ] GC(100) - age   1:    1193576 bytes,    1193576 total
[2023-06-15T09:01:38.699+0000][72][gc,age      ] GC(100) - age   2:     164344 bytes,    1357920 total
[2023-06-15T09:01:38.700+0000][72][gc,age      ] GC(100) - age   3:      10160 bytes,    1368080 total
[2023-06-15T09:01:38.700+0000][72][gc,age      ] GC(100) - age   4:     214760 bytes,    1582840 total
[2023-06-15T09:01:38.701+0000][72][gc,age      ] GC(100) - age   5:      11456 bytes,    1594296 total
[2023-06-15T09:01:38.701+0000][72][gc,age      ] GC(100) - age   6:      10504 bytes,    1604800 total
[2023-06-15T09:01:38.702+0000][72][gc,age      ] GC(100) - age   7:       4376 bytes,    1609176 total
[2023-06-15T09:01:38.702+0000][72][gc,age      ] GC(100) - age   8:       1776 bytes,    1610952 total
[2023-06-15T09:01:38.703+0000][72][gc,age      ] GC(100) - age   9:       4472 bytes,    1615424 total
[2023-06-15T09:01:38.704+0000][72][gc,age      ] GC(100) - age  10:       2432 bytes,    1617856 total
[2023-06-15T09:01:38.704+0000][72][gc,age      ] GC(100) - age  11:        728 bytes,    1618584 total
[2023-06-15T09:01:38.705+0000][72][gc,age      ] GC(100) - age  12:     326944 bytes,    1945528 total
[2023-06-15T09:01:38.705+0000][72][gc,age      ] GC(100) - age  13:      13016 bytes,    1958544 total
[2023-06-15T09:01:38.706+0000][72][gc,age      ] GC(100) - age  14:      26160 bytes,    1984704 total
[2023-06-15T09:01:38.706+0000][72][gc,age      ] GC(100) - age  15:       2432 bytes,    1987136 total
[2023-06-15T09:01:38.707+0000][72][gc,heap     ] GC(100) Eden regions: 16->0(16)
[2023-06-15T09:01:38.707+0000][72][gc,heap     ] GC(100) Survivor regions: 1->1(3)
[2023-06-15T09:01:38.708+0000][72][gc,heap     ] GC(100) Old regions: 32->32
[2023-06-15T09:01:38.708+0000][72][gc,heap     ] GC(100) Archive regions: 2->2
[2023-06-15T09:01:38.708+0000][72][gc,heap     ] GC(100) Humongous regions: 2->2
[2023-06-15T09:01:38.709+0000][72][gc,metaspace] GC(100) Metaspace: 136754K(140032K)->136754K(140032K) NonClass: 119190K(120448K)->119190K(120448K) Class: 17564K(19584K)->17564K(19584K)
[2023-06-15T09:01:38.709+0000][72][gc          ] GC(100) Pause Young (Normal) (G1 Evacuation Pause) 203M->139M(256M) 19.158ms
[2023-06-15T09:01:38.710+0000][72][gc,cpu      ] GC(100) User=0.00s Sys=0.01s Real=0.02s
[2023-06-15T09:01:38.710+0000][72][safepoint   ] Safepoint "G1CollectForAllocation", Time since last: 977065710 ns, Reaching safepoint: 70639 ns, At safepoint: 20104300 ns, Total: 20174939 ns
[2023-06-15T09:01:39.712+0000][72][safepoint   ] Safepoint "Cleanup", Time since last: 1001072241 ns, Reaching safepoint: 345462 ns, At safepoint: 14035 ns, Total: 359497 ns
[2023-06-15T09:01:40.715+0000][72][safepoint   ] Safepoint "Cleanup", Time since last: 1002965489 ns, Reaching safepoint: 135410 ns, At safepoint: 5476 ns, Total: 140886 ns
[2023-06-15T09:01:41.716+0000][72][safepoint   ] Safepoint "Cleanup", Time since last: 1001082172 ns, Reaching safepoint: 121049 ns, At safepoint: 4980 ns, Total: 126029 ns
[2023-06-15T09:01:44.719+0000][72][safepoint   ] Safepoint "Cleanup", Time since last: 3002224283 ns, Reaching safepoint: 836775 ns, At safepoint: 18410 ns, Total: 855185 ns
[2023-06-15T09:01:45.721+0000][72][safepoint   ] Safepoint "Cleanup", Time since last: 1001504740 ns, Reaching safepoint: 75981 ns, At safepoint: 4804 ns, Total: 80785 ns
[2023-06-15T09:01:50.725+0000][72][safepoint   ] Safepoint "Cleanup", Time since last: 5004578889 ns, Reaching safepoint: 274850 ns, At safepoint: 15799 ns, Total: 290649 ns
[2023-06-15T09:01:51.728+0000][72][safepoint   ] Safepoint "Cleanup", Time since last: 1001873891 ns, Reaching safepoint: 231783 ns, At safepoint: 12214 ns, Total: 243997 ns
[2023-06-15T09:01:52.733+0000][72][safepoint   ] Safepoint "Cleanup", Time since last: 1004425614 ns, Reaching safepoint: 476967 ns, At safepoint: 13117 ns, Total: 490084 ns
[2023-06-15T09:01:56.600+0000][72][gc,start    ] GC(101) Pause Young (Concurrent Start) (G1 Evacuation Pause)
[2023-06-15T09:01:56.600+0000][72][gc,task     ] GC(101) Using 4 workers of 4 for evacuation
[2023-06-15T09:01:56.601+0000][72][gc,age      ] GC(101) Desired survivor size 6291456 bytes, new threshold 15 (max threshold 15)
[2023-06-15T09:01:56.606+0000][72][gc,phases   ] GC(101)   Pre Evacuate Collection Set: 0.4ms
[2023-06-15T09:01:56.607+0000][72][gc,phases   ] GC(101)   Merge Heap Roots: 0.0ms
[2023-06-15T09:01:56.607+0000][72][gc,phases   ] GC(101)   Evacuate Collection Set: 3.6ms
[2023-06-15T09:01:56.608+0000][72][gc,phases   ] GC(101)   Post Evacuate Collection Set: 0.8ms
[2023-06-15T09:01:56.608+0000][72][gc,phases   ] GC(101)   Other: 1.0ms
[2023-06-15T09:01:56.608+0000][72][gc,age      ] GC(101) Age table with threshold 15 (max threshold 15)
[2023-06-15T09:01:56.609+0000][72][gc,age      ] GC(101) - age   1:    1230984 bytes,    1230984 total
[2023-06-15T09:01:56.609+0000][72][gc,age      ] GC(101) - age   2:     157192 bytes,    1388176 total
[2023-06-15T09:01:56.609+0000][72][gc,age      ] GC(101) - age   3:     123832 bytes,    1512008 total
[2023-06-15T09:01:56.610+0000][72][gc,age      ] GC(101) - age   4:        560 bytes,    1512568 total
[2023-06-15T09:01:56.610+0000][72][gc,age      ] GC(101) - age   5:     100408 bytes,    1612976 total
[2023-06-15T09:01:56.610+0000][72][gc,age      ] GC(101) - age   6:       3352 bytes,    1616328 total
[2023-06-15T09:01:56.611+0000][72][gc,age      ] GC(101) - age   7:      10208 bytes,    1626536 total
[2023-06-15T09:01:56.611+0000][72][gc,age      ] GC(101) - age   8:       4344 bytes,    1630880 total
[2023-06-15T09:01:56.612+0000][72][gc,age      ] GC(101) - age   9:       1776 bytes,    1632656 total
[2023-06-15T09:01:56.612+0000][72][gc,age      ] GC(101) - age  10:       4472 bytes,    1637128 total
[2023-06-15T09:01:56.613+0000][72][gc,age      ] GC(101) - age  11:       2432 bytes,    1639560 total
[2023-06-15T09:01:56.613+0000][72][gc,age      ] GC(101) - age  12:        728 bytes,    1640288 total
[2023-06-15T09:01:56.613+0000][72][gc,age      ] GC(101) - age  13:     326944 bytes,    1967232 total
[2023-06-15T09:01:56.614+0000][72][gc,age      ] GC(101) - age  14:      13016 bytes,    1980248 total
[2023-06-15T09:01:56.614+0000][72][gc,age      ] GC(101) - age  15:      25888 bytes,    2006136 total
[2023-06-15T09:01:56.615+0000][72][gc,heap     ] GC(101) Eden regions: 16->0(16)
[2023-06-15T09:01:56.615+0000][72][gc,heap     ] GC(101) Survivor regions: 1->1(3)
[2023-06-15T09:01:56.615+0000][72][gc,heap     ] GC(101) Old regions: 32->32
[2023-06-15T09:01:56.616+0000][72][gc,heap     ] GC(101) Archive regions: 2->2
[2023-06-15T09:01:56.616+0000][72][gc,heap     ] GC(101) Humongous regions: 2->2
[2023-06-15T09:01:56.617+0000][72][gc,metaspace] GC(101) Metaspace: 136834K(140160K)->136834K(140160K) NonClass: 119270K(120576K)->119270K(120576K) Class: 17564K(19584K)->17564K(19584K)
[2023-06-15T09:01:56.617+0000][72][gc          ] GC(101) Pause Young (Concurrent Start) (G1 Evacuation Pause) 203M->139M(256M) 17.551ms
[2023-06-15T09:01:56.618+0000][72][gc          ] GC(102) Concurrent Mark Cycle
[2023-06-15T09:01:56.619+0000][72][gc,marking  ] GC(102) Concurrent Clear Claimed Marks
[2023-06-15T09:01:56.618+0000][72][gc,cpu      ] GC(101) User=0.00s Sys=0.00s Real=0.02s
[2023-06-15T09:01:56.619+0000][72][safepoint   ] Safepoint "G1CollectForAllocation", Time since last: 3867205335 ns, Reaching safepoint: 64119 ns, At safepoint: 19688073 ns, Total: 19752192 ns
[2023-06-15T09:01:56.619+0000][72][gc,marking  ] GC(102) Concurrent Clear Claimed Marks 0.589ms
[2023-06-15T09:01:56.620+0000][72][gc,marking  ] GC(102) Concurrent Scan Root Regions
[2023-06-15T09:01:56.624+0000][72][gc,marking  ] GC(102) Concurrent Scan Root Regions 3.223ms
[2023-06-15T09:01:56.624+0000][72][gc,marking  ] GC(102) Concurrent Mark
[2023-06-15T09:01:56.625+0000][72][gc,marking  ] GC(102) Concurrent Mark From Roots
[2023-06-15T09:01:56.625+0000][72][gc,task     ] GC(102) Using 1 workers of 1 for marking
[2023-06-15T09:01:56.787+0000][72][gc,marking  ] GC(102) Concurrent Mark From Roots 162.482ms
[2023-06-15T09:01:56.788+0000][72][gc,marking  ] GC(102) Concurrent Preclean
[2023-06-15T09:01:56.790+0000][72][gc,marking  ] GC(102) Concurrent Preclean 1.444ms
[2023-06-15T09:01:56.790+0000][72][gc,start    ] GC(102) Pause Remark
[2023-06-15T09:01:56.803+0000][72][gc          ] GC(102) Pause Remark 144M->144M(256M) 13.182ms
[2023-06-15T09:01:56.804+0000][72][gc,cpu      ] GC(102) User=0.03s Sys=0.00s Real=0.01s
[2023-06-15T09:01:56.805+0000][72][safepoint   ] Safepoint "G1PauseRemark", Time since last: 170675044 ns, Reaching safepoint: 59925 ns, At safepoint: 14677119 ns, Total: 14737044 ns
[2023-06-15T09:01:56.805+0000][72][gc,marking  ] GC(102) Concurrent Mark 181.293ms
[2023-06-15T09:01:56.806+0000][72][gc,marking  ] GC(102) Concurrent Rebuild Remembered Sets
[2023-06-15T09:01:56.879+0000][72][gc,marking  ] GC(102) Concurrent Rebuild Remembered Sets 73.032ms
[2023-06-15T09:01:56.880+0000][72][gc,start    ] GC(102) Pause Cleanup
[2023-06-15T09:01:56.882+0000][72][gc          ] GC(102) Pause Cleanup 145M->145M(256M) 1.224ms
[2023-06-15T09:01:56.882+0000][72][gc,cpu      ] GC(102) User=0.00s Sys=0.00s Real=0.00s
[2023-06-15T09:01:56.883+0000][72][safepoint   ] Safepoint "G1PauseCleanup", Time since last: 75332138 ns, Reaching safepoint: 56120 ns, At safepoint: 2507541 ns, Total: 2563661 ns
[2023-06-15T09:01:56.883+0000][72][gc,marking  ] GC(102) Concurrent Cleanup for Next Mark
[2023-06-15T09:01:56.884+0000][72][gc,marking  ] GC(102) Concurrent Cleanup for Next Mark 0.941ms
[2023-06-15T09:01:56.885+0000][72][gc          ] GC(102) Concurrent Mark Cycle 266.744ms
[2023-06-15T09:01:59.752+0000][72][safepoint   ] Safepoint "Cleanup", Time since last: 2890242263 ns, Reaching safepoint: 217097 ns, At safepoint: 4906 ns, Total: 222003 ns
[2023-06-15T09:02:00.755+0000][72][safepoint   ] Safepoint "Cleanup", Time since last: 1003085012 ns, Reaching safepoint: 91889 ns, At safepoint: 3408 ns, Total: 95297 ns
[2023-06-15T09:02:02.758+0000][72][safepoint   ] Safepoint "Cleanup", Time since last: 2002025411 ns, Reaching safepoint: 194707 ns, At safepoint: 21641 ns, Total: 216348 ns
[2023-06-15T09:02:03.760+0000][72][safepoint   ] Safepoint "Cleanup", Time since last: 1001955517 ns, Reaching safepoint: 863980 ns, At safepoint: 53940 ns, Total: 917920 ns
[2023-06-15T09:02:04.764+0000][72][safepoint   ] Safepoint "Cleanup", Time since last: 1003711437 ns, Reaching safepoint: 246009 ns, At safepoint: 46480 ns, Total: 292489 ns
[2023-06-15T09:02:05.766+0000][72][safepoint   ] Safepoint "Cleanup", Time since last: 1001590858 ns, Reaching safepoint: 106748 ns, At safepoint: 3612 ns, Total: 110360 ns
[2023-06-15T09:02:08.770+0000][72][safepoint   ] Safepoint "Cleanup", Time since last: 3003645441 ns, Reaching safepoint: 146637 ns, At safepoint: 9562 ns, Total: 156199 ns
[2023-06-15T09:02:09.343+0000][72][gc,start    ] GC(103) Pause Young (Normal) (G1 Evacuation Pause)
[2023-06-15T09:02:09.344+0000][72][gc,task     ] GC(103) Using 4 workers of 4 for evacuation
[2023-06-15T09:02:09.346+0000][72][gc,age      ] GC(103) Desired survivor size 6291456 bytes, new threshold 15 (max threshold 15)
[2023-06-15T09:02:09.356+0000][72][gc,phases   ] GC(103)   Pre Evacuate Collection Set: 0.4ms
[2023-06-15T09:02:09.358+0000][72][gc,phases   ] GC(103)   Merge Heap Roots: 0.4ms
[2023-06-15T09:02:09.359+0000][72][gc,phases   ] GC(103)   Evacuate Collection Set: 6.1ms
[2023-06-15T09:02:09.360+0000][72][gc,phases   ] GC(103)   Post Evacuate Collection Set: 2.5ms
[2023-06-15T09:02:09.361+0000][72][gc,phases   ] GC(103)   Other: 2.6ms
[2023-06-15T09:02:09.362+0000][72][gc,age      ] GC(103) Age table with threshold 15 (max threshold 15)
[2023-06-15T09:02:09.362+0000][72][gc,age      ] GC(103) - age   1:    1269888 bytes,    1269888 total
[2023-06-15T09:02:09.363+0000][72][gc,age      ] GC(103) - age   2:     469608 bytes,    1739496 total
[2023-06-15T09:02:09.364+0000][72][gc,age      ] GC(103) - age   3:       3272 bytes,    1742768 total
[2023-06-15T09:02:09.365+0000][72][gc,age      ] GC(103) - age   4:     122368 bytes,    1865136 total
[2023-06-15T09:02:09.366+0000][72][gc,age      ] GC(103) - age   5:        496 bytes,    1865632 total
[2023-06-15T09:02:09.366+0000][72][gc,age      ] GC(103) - age   6:     100232 bytes,    1965864 total
[2023-06-15T09:02:09.367+0000][72][gc,age      ] GC(103) - age   7:       3288 bytes,    1969152 total
[2023-06-15T09:02:09.368+0000][72][gc,age      ] GC(103) - age   8:      10144 bytes,    1979296 total
[2023-06-15T09:02:09.369+0000][72][gc,age      ] GC(103) - age   9:       4280 bytes,    1983576 total
[2023-06-15T09:02:09.369+0000][72][gc,age      ] GC(103) - age  10:       1776 bytes,    1985352 total
[2023-06-15T09:02:09.370+0000][72][gc,age      ] GC(103) - age  11:       4472 bytes,    1989824 total
[2023-06-15T09:02:09.371+0000][72][gc,age      ] GC(103) - age  12:       2432 bytes,    1992256 total
[2023-06-15T09:02:09.371+0000][72][gc,age      ] GC(103) - age  13:        728 bytes,    1992984 total
[2023-06-15T09:02:09.372+0000][72][gc,age      ] GC(103) - age  14:     131200 bytes,    2124184 total
[2023-06-15T09:02:09.372+0000][72][gc,age      ] GC(103) - age  15:      13016 bytes,    2137200 total
[2023-06-15T09:02:09.373+0000][72][gc,heap     ] GC(103) Eden regions: 16->0(16)
[2023-06-15T09:02:09.374+0000][72][gc,heap     ] GC(103) Survivor regions: 1->1(3)
[2023-06-15T09:02:09.374+0000][72][gc,heap     ] GC(103) Old regions: 32->32
[2023-06-15T09:02:09.375+0000][72][gc,heap     ] GC(103) Archive regions: 2->2
[2023-06-15T09:02:09.376+0000][72][gc,heap     ] GC(103) Humongous regions: 2->2
[2023-06-15T09:02:09.376+0000][72][gc,metaspace] GC(103) Metaspace: 137089K(140288K)->137089K(140288K) NonClass: 119485K(120704K)->119485K(120704K) Class: 17604K(19584K)->17604K(19584K)
[2023-06-15T09:02:09.377+0000][72][gc          ] GC(103) Pause Young (Normal) (G1 Evacuation Pause) 203M->139M(256M) 34.855ms
[2023-06-15T09:02:09.378+0000][72][gc,cpu      ] GC(103) User=0.02s Sys=0.00s Real=0.04s
[2023-06-15T09:02:09.378+0000][72][safepoint   ] Safepoint "G1CollectForAllocation", Time since last: 572345298 ns, Reaching safepoint: 224528 ns, At safepoint: 35991184 ns, Total: 36215712 ns
[2023-06-15T09:02:12.383+0000][72][safepoint   ] Safepoint "Cleanup", Time since last: 3004362540 ns, Reaching safepoint: 546287 ns, At safepoint: 15496 ns, Total: 561783 ns
[2023-06-15T09:02:14.388+0000][72][safepoint   ] Safepoint "Cleanup", Time since last: 2004398815 ns, Reaching safepoint: 246857 ns, At safepoint: 11287 ns, Total: 258144 ns
[2023-06-15T09:02:16.122+0000][72][safepoint   ] Safepoint "Cleanup", Time since last: 1733308467 ns, Reaching safepoint: 977685 ns, At safepoint: 57988 ns, Total: 1035673 ns
[2023-06-15T09:02:17.125+0000][72][safepoint   ] Safepoint "Cleanup", Time since last: 1002728574 ns, Reaching safepoint: 107214 ns, At safepoint: 7417 ns, Total: 114631 ns
[2023-06-15T09:02:18.128+0000][72][safepoint   ] Safepoint "Cleanup", Time since last: 1001840208 ns, Reaching safepoint: 484379 ns, At safepoint: 17018 ns, Total: 501397 ns
[2023-06-15T09:02:19.132+0000][72][safepoint   ] Safepoint "Cleanup", Time since last: 1003464111 ns, Reaching safepoint: 435360 ns, At safepoint: 12209 ns, Total: 447569 ns
[2023-06-15T09:02:19.358+0000][72][gc,start    ] GC(104) Pause Young (Concurrent Start) (G1 Evacuation Pause)
[2023-06-15T09:02:19.361+0000][72][gc,task     ] GC(104) Using 4 workers of 4 for evacuation
[2023-06-15T09:02:19.364+0000][72][gc,age      ] GC(104) Desired survivor size 6291456 bytes, new threshold 15 (max threshold 15)
[2023-06-15T09:02:19.379+0000][72][gc,phases   ] GC(104)   Pre Evacuate Collection Set: 1.5ms
[2023-06-15T09:02:19.380+0000][72][gc,phases   ] GC(104)   Merge Heap Roots: 0.3ms
[2023-06-15T09:02:19.382+0000][72][gc,phases   ] GC(104)   Evacuate Collection Set: 8.8ms
[2023-06-15T09:02:19.383+0000][72][gc,phases   ] GC(104)   Post Evacuate Collection Set: 1.4ms
[2023-06-15T09:02:19.384+0000][72][gc,phases   ] GC(104)   Other: 5.8ms
[2023-06-15T09:02:19.385+0000][72][gc,age      ] GC(104) Age table with threshold 15 (max threshold 15)
[2023-06-15T09:02:19.386+0000][72][gc,age      ] GC(104) - age   1:    1045848 bytes,    1045848 total
[2023-06-15T09:02:19.387+0000][72][gc,age      ] GC(104) - age   2:     224736 bytes,    1270584 total
[2023-06-15T09:02:19.388+0000][72][gc,age      ] GC(104) - age   3:     214104 bytes,    1484688 total
[2023-06-15T09:02:19.389+0000][72][gc,age      ] GC(104) - age   4:       3080 bytes,    1487768 total
[2023-06-15T09:02:19.389+0000][72][gc,age      ] GC(104) - age   5:     121544 bytes,    1609312 total
[2023-06-15T09:02:19.390+0000][72][gc,age      ] GC(104) - age   6:        400 bytes,    1609712 total
[2023-06-15T09:02:19.391+0000][72][gc,age      ] GC(104) - age   7:     100232 bytes,    1709944 total
[2023-06-15T09:02:19.391+0000][72][gc,age      ] GC(104) - age   8:       3224 bytes,    1713168 total
[2023-06-15T09:02:19.392+0000][72][gc,age      ] GC(104) - age   9:      10080 bytes,    1723248 total
[2023-06-15T09:02:19.393+0000][72][gc,age      ] GC(104) - age  10:       4280 bytes,    1727528 total
[2023-06-15T09:02:19.393+0000][72][gc,age      ] GC(104) - age  11:       1776 bytes,    1729304 total
[2023-06-15T09:02:19.394+0000][72][gc,age      ] GC(104) - age  12:       4472 bytes,    1733776 total
[2023-06-15T09:02:19.394+0000][72][gc,age      ] GC(104) - age  13:       2432 bytes,    1736208 total
[2023-06-15T09:02:19.395+0000][72][gc,age      ] GC(104) - age  14:        728 bytes,    1736936 total
[2023-06-15T09:02:19.395+0000][72][gc,age      ] GC(104) - age  15:     131200 bytes,    1868136 total
[2023-06-15T09:02:19.396+0000][72][gc,heap     ] GC(104) Eden regions: 16->0(16)
[2023-06-15T09:02:19.397+0000][72][gc,heap     ] GC(104) Survivor regions: 1->1(3)
[2023-06-15T09:02:19.398+0000][72][gc,heap     ] GC(104) Old regions: 32->32
[2023-06-15T09:02:19.398+0000][72][gc,heap     ] GC(104) Archive regions: 2->2
[2023-06-15T09:02:19.399+0000][72][gc,heap     ] GC(104) Humongous regions: 2->2
[2023-06-15T09:02:19.399+0000][72][gc,metaspace] GC(104) Metaspace: 137153K(140352K)->137153K(140352K) NonClass: 119547K(120768K)->119547K(120768K) Class: 17606K(19584K)->17606K(19584K)
[2023-06-15T09:02:19.400+0000][72][gc          ] GC(104) Pause Young (Concurrent Start) (G1 Evacuation Pause) 203M->139M(256M) 41.660ms
[2023-06-15T09:02:19.401+0000][72][gc          ] GC(105) Concurrent Mark Cycle
[2023-06-15T09:02:19.401+0000][72][gc,marking  ] GC(105) Concurrent Clear Claimed Marks
[2023-06-15T09:02:19.401+0000][72][gc,cpu      ] GC(104) User=0.02s Sys=0.00s Real=0.04s
[2023-06-15T09:02:19.402+0000][72][gc,marking  ] GC(105) Concurrent Clear Claimed Marks 0.583ms
[2023-06-15T09:02:19.402+0000][72][safepoint   ] Safepoint "G1CollectForAllocation", Time since last: 226027242 ns, Reaching safepoint: 667965 ns, At safepoint: 44128902 ns, Total: 44796867 ns
[2023-06-15T09:02:19.403+0000][72][gc,marking  ] GC(105) Concurrent Scan Root Regions
[2023-06-15T09:02:19.407+0000][72][gc,marking  ] GC(105) Concurrent Scan Root Regions 4.420ms
[2023-06-15T09:02:19.408+0000][72][gc,marking  ] GC(105) Concurrent Mark
[2023-06-15T09:02:19.409+0000][72][gc,marking  ] GC(105) Concurrent Mark From Roots
[2023-06-15T09:02:19.409+0000][72][gc,task     ] GC(105) Using 1 workers of 1 for marking
[2023-06-15T09:02:19.566+0000][72][gc,marking  ] GC(105) Concurrent Mark From Roots 157.841ms
[2023-06-15T09:02:19.567+0000][72][gc,marking  ] GC(105) Concurrent Preclean
[2023-06-15T09:02:19.568+0000][72][gc,marking  ] GC(105) Concurrent Preclean 1.247ms
[2023-06-15T09:02:19.569+0000][72][gc,start    ] GC(105) Pause Remark
[2023-06-15T09:02:19.580+0000][72][gc          ] GC(105) Pause Remark 139M->139M(256M) 10.697ms
[2023-06-15T09:02:19.581+0000][72][gc,cpu      ] GC(105) User=0.03s Sys=0.00s Real=0.01s
[2023-06-15T09:02:19.582+0000][72][safepoint   ] Safepoint "G1PauseRemark", Time since last: 166859687 ns, Reaching safepoint: 98937 ns, At safepoint: 12510747 ns, Total: 12609684 ns
[2023-06-15T09:02:19.582+0000][72][gc,marking  ] GC(105) Concurrent Mark 174.390ms
[2023-06-15T09:02:19.583+0000][72][gc,marking  ] GC(105) Concurrent Rebuild Remembered Sets
[2023-06-15T09:02:19.655+0000][72][gc,marking  ] GC(105) Concurrent Rebuild Remembered Sets 72.400ms
[2023-06-15T09:02:19.656+0000][72][gc,start    ] GC(105) Pause Cleanup
[2023-06-15T09:02:19.657+0000][72][gc          ] GC(105) Pause Cleanup 139M->139M(256M) 0.825ms
[2023-06-15T09:02:19.658+0000][72][gc,cpu      ] GC(105) User=0.00s Sys=0.00s Real=0.01s
[2023-06-15T09:02:19.659+0000][72][safepoint   ] Safepoint "G1PauseCleanup", Time since last: 74413248 ns, Reaching safepoint: 143780 ns, At safepoint: 2165468 ns, Total: 2309248 ns
[2023-06-15T09:02:19.659+0000][72][gc,marking  ] GC(105) Concurrent Cleanup for Next Mark
[2023-06-15T09:02:19.660+0000][72][gc,marking  ] GC(105) Concurrent Cleanup for Next Mark 0.809ms
[2023-06-15T09:02:19.660+0000][72][gc          ] GC(105) Concurrent Mark Cycle 259.671ms
[2023-06-15T09:02:20.659+0000][72][safepoint   ] Safepoint "Cleanup", Time since last: 1000805116 ns, Reaching safepoint: 114840 ns, At safepoint: 3733 ns, Total: 118573 ns
[2023-06-15T09:02:21.661+0000][72][safepoint   ] Safepoint "Cleanup", Time since last: 1001683678 ns, Reaching safepoint: 348333 ns, At safepoint: 11454 ns, Total: 359787 ns
[2023-06-15T09:02:22.665+0000][72][safepoint   ] Safepoint "Cleanup", Time since last: 1003208554 ns, Reaching safepoint: 363373 ns, At safepoint: 11347 ns, Total: 374720 ns
[2023-06-15T09:02:24.671+0000][72][safepoint   ] Safepoint "Cleanup", Time since last: 2005686387 ns, Reaching safepoint: 499234 ns, At safepoint: 123121 ns, Total: 622355 ns
[2023-06-15T09:02:26.678+0000][72][safepoint   ] Safepoint "Cleanup", Time since last: 2005965793 ns, Reaching safepoint: 448539 ns, At safepoint: 24888 ns, Total: 473427 ns
[2023-06-15T09:02:27.685+0000][72][safepoint   ] Safepoint "Cleanup", Time since last: 1006246840 ns, Reaching safepoint: 444959 ns, At safepoint: 13383 ns, Total: 458342 ns
[2023-06-15T09:02:29.667+0000][72][safepoint   ] Safepoint "Cleanup", Time since last: 2004260110 ns, Reaching safepoint: 449386 ns, At safepoint: 103662 ns, Total: 553048 ns
[2023-06-15T09:02:34.672+0000][72][safepoint   ] Safepoint "Cleanup", Time since last: 5004855291 ns, Reaching safepoint: 367179 ns, At safepoint: 16022 ns, Total: 383201 ns
[2023-06-15T09:02:35.676+0000][72][safepoint   ] Safepoint "Cleanup", Time since last: 1003717509 ns, Reaching safepoint: 237111 ns, At safepoint: 8408 ns, Total: 245519 ns
[2023-06-15T09:02:38.679+0000][72][safepoint   ] Safepoint "Cleanup", Time since last: 3002697103 ns, Reaching safepoint: 151450 ns, At safepoint: 12341 ns, Total: 163791 ns
[2023-06-15T09:02:38.682+0000][72][gc,start    ] GC(106) Pause Young (Normal) (G1 Evacuation Pause)
[2023-06-15T09:02:38.683+0000][72][gc,task     ] GC(106) Using 4 workers of 4 for evacuation
[2023-06-15T09:02:38.684+0000][72][gc,age      ] GC(106) Desired survivor size 6291456 bytes, new threshold 15 (max threshold 15)
[2023-06-15T09:02:38.688+0000][72][gc,phases   ] GC(106)   Pre Evacuate Collection Set: 0.2ms
[2023-06-15T09:02:38.689+0000][72][gc,phases   ] GC(106)   Merge Heap Roots: 0.1ms
[2023-06-15T09:02:38.690+0000][72][gc,phases   ] GC(106)   Evacuate Collection Set: 2.7ms
[2023-06-15T09:02:38.691+0000][72][gc,phases   ] GC(106)   Post Evacuate Collection Set: 1.0ms
[2023-06-15T09:02:38.691+0000][72][gc,phases   ] GC(106)   Other: 1.5ms
[2023-06-15T09:02:38.692+0000][72][gc,age      ] GC(106) Age table with threshold 15 (max threshold 15)
[2023-06-15T09:02:38.693+0000][72][gc,age      ] GC(106) - age   1:    1566384 bytes,    1566384 total
[2023-06-15T09:02:38.693+0000][72][gc,age      ] GC(106) - age   2:     856064 bytes,    2422448 total
[2023-06-15T09:02:38.694+0000][72][gc,age      ] GC(106) - age   3:     224000 bytes,    2646448 total
[2023-06-15T09:02:38.694+0000][72][gc,age      ] GC(106) - age   4:     209448 bytes,    2855896 total
[2023-06-15T09:02:38.695+0000][72][gc,age      ] GC(106) - age   5:       2920 bytes,    2858816 total
[2023-06-15T09:02:38.695+0000][72][gc,age      ] GC(106) - age   6:     121544 bytes,    2980360 total
[2023-06-15T09:02:38.696+0000][72][gc,age      ] GC(106) - age   7:        400 bytes,    2980760 total
[2023-06-15T09:02:38.696+0000][72][gc,age      ] GC(106) - age   8:     100168 bytes,    3080928 total
[2023-06-15T09:02:38.697+0000][72][gc,age      ] GC(106) - age   9:       3224 bytes,    3084152 total
[2023-06-15T09:02:38.697+0000][72][gc,age      ] GC(106) - age  10:      10080 bytes,    3094232 total
[2023-06-15T09:02:38.698+0000][72][gc,age      ] GC(106) - age  11:       4280 bytes,    3098512 total
[2023-06-15T09:02:38.698+0000][72][gc,age      ] GC(106) - age  12:       1776 bytes,    3100288 total
[2023-06-15T09:02:38.698+0000][72][gc,age      ] GC(106) - age  13:       4472 bytes,    3104760 total
[2023-06-15T09:02:38.699+0000][72][gc,age      ] GC(106) - age  14:       2432 bytes,    3107192 total
[2023-06-15T09:02:38.699+0000][72][gc,age      ] GC(106) - age  15:        728 bytes,    3107920 total
[2023-06-15T09:02:38.700+0000][72][gc,heap     ] GC(106) Eden regions: 16->0(16)
[2023-06-15T09:02:38.700+0000][72][gc,heap     ] GC(106) Survivor regions: 1->1(3)
[2023-06-15T09:02:38.701+0000][72][gc,heap     ] GC(106) Old regions: 32->32
[2023-06-15T09:02:38.702+0000][72][gc,heap     ] GC(106) Archive regions: 2->2
[2023-06-15T09:02:38.702+0000][72][gc,heap     ] GC(106) Humongous regions: 2->2
[2023-06-15T09:02:38.702+0000][72][gc,metaspace] GC(106) Metaspace: 137186K(140352K)->137186K(140352K) NonClass: 119579K(120768K)->119579K(120768K) Class: 17607K(19584K)->17607K(19584K)
[2023-06-15T09:02:38.703+0000][72][gc          ] GC(106) Pause Young (Normal) (G1 Evacuation Pause) 203M->140M(256M) 21.205ms
[2023-06-15T09:02:38.704+0000][72][gc,cpu      ] GC(106) User=0.01s Sys=0.00s Real=0.02s
[2023-06-15T09:02:38.705+0000][72][safepoint   ] Safepoint "G1CollectForAllocation", Time since last: 2646330 ns, Reaching safepoint: 89434 ns, At safepoint: 22768094 ns, Total: 22857528 ns
[2023-06-15T09:02:39.716+0000][72][safepoint   ] Safepoint "Cleanup", Time since last: 1010207005 ns, Reaching safepoint: 549734 ns, At safepoint: 70761 ns, Total: 620495 ns
[2023-06-15T09:02:44.722+0000][72][safepoint   ] Safepoint "Cleanup", Time since last: 5005848037 ns, Reaching safepoint: 181044 ns, At safepoint: 9719 ns, Total: 190763 ns
[2023-06-15T09:02:45.724+0000][72][safepoint   ] Safepoint "Cleanup", Time since last: 1001645213 ns, Reaching safepoint: 692856 ns, At safepoint: 111935 ns, Total: 804791 ns
[2023-06-15T09:02:47.728+0000][72][safepoint   ] Safepoint "Cleanup", Time since last: 2003391672 ns, Reaching safepoint: 709476 ns, At safepoint: 15747 ns, Total: 725223 ns
[2023-06-15T09:02:49.733+0000][72][safepoint   ] Safepoint "Cleanup", Time since last: 2004087586 ns, Reaching safepoint: 235158 ns, At safepoint: 7154 ns, Total: 242312 ns
[2023-06-15T09:02:50.735+0000][72][safepoint   ] Safepoint "Cleanup", Time since last: 1002588758 ns, Reaching safepoint: 105064 ns, At safepoint: 31655 ns, Total: 136719 ns
[2023-06-15T09:02:52.738+0000][72][safepoint   ] Safepoint "Cleanup", Time since last: 2001769524 ns, Reaching safepoint: 477090 ns, At safepoint: 9913 ns, Total: 487003 ns
[2023-06-15T09:02:56.743+0000][72][safepoint   ] Safepoint "Cleanup", Time since last: 4005624750 ns, Reaching safepoint: 107004 ns, At safepoint: 32598 ns, Total: 139602 ns
[2023-06-15T09:02:56.794+0000][72][gc,start    ] GC(107) Pause Young (Concurrent Start) (G1 Evacuation Pause)
[2023-06-15T09:02:56.795+0000][72][gc,task     ] GC(107) Using 4 workers of 4 for evacuation
[2023-06-15T09:02:56.795+0000][72][gc,age      ] GC(107) Desired survivor size 6291456 bytes, new threshold 15 (max threshold 15)
[2023-06-15T09:02:56.799+0000][72][gc,phases   ] GC(107)   Pre Evacuate Collection Set: 0.3ms
[2023-06-15T09:02:56.800+0000][72][gc,phases   ] GC(107)   Merge Heap Roots: 0.1ms
[2023-06-15T09:02:56.800+0000][72][gc,phases   ] GC(107)   Evacuate Collection Set: 2.4ms
[2023-06-15T09:02:56.801+0000][72][gc,phases   ] GC(107)   Post Evacuate Collection Set: 0.7ms
[2023-06-15T09:02:56.801+0000][72][gc,phases   ] GC(107)   Other: 1.0ms
[2023-06-15T09:02:56.802+0000][72][gc,age      ] GC(107) Age table with threshold 15 (max threshold 15)
[2023-06-15T09:02:56.802+0000][72][gc,age      ] GC(107) - age   1:    1092928 bytes,    1092928 total
[2023-06-15T09:02:56.803+0000][72][gc,age      ] GC(107) - age   2:     383752 bytes,    1476680 total
[2023-06-15T09:02:56.803+0000][72][gc,age      ] GC(107) - age   3:     843136 bytes,    2319816 total
[2023-06-15T09:02:56.803+0000][72][gc,age      ] GC(107) - age   4:      90160 bytes,    2409976 total
[2023-06-15T09:02:56.804+0000][72][gc,age      ] GC(107) - age   5:     209416 bytes,    2619392 total
[2023-06-15T09:02:56.804+0000][72][gc,age      ] GC(107) - age   6:       2920 bytes,    2622312 total
[2023-06-15T09:02:56.805+0000][72][gc,age      ] GC(107) - age   7:     121544 bytes,    2743856 total
[2023-06-15T09:02:56.806+0000][72][gc,age      ] GC(107) - age   8:        400 bytes,    2744256 total
[2023-06-15T09:02:56.807+0000][72][gc,age      ] GC(107) - age   9:     100168 bytes,    2844424 total
[2023-06-15T09:02:56.807+0000][72][gc,age      ] GC(107) - age  10:       3224 bytes,    2847648 total
[2023-06-15T09:02:56.808+0000][72][gc,age      ] GC(107) - age  11:      10080 bytes,    2857728 total
[2023-06-15T09:02:56.808+0000][72][gc,age      ] GC(107) - age  12:       4280 bytes,    2862008 total
[2023-06-15T09:02:56.809+0000][72][gc,age      ] GC(107) - age  13:       1776 bytes,    2863784 total
[2023-06-15T09:02:56.809+0000][72][gc,age      ] GC(107) - age  14:       4472 bytes,    2868256 total
[2023-06-15T09:02:56.810+0000][72][gc,age      ] GC(107) - age  15:       2432 bytes,    2870688 total
[2023-06-15T09:02:56.810+0000][72][gc,heap     ] GC(107) Eden regions: 16->0(16)
[2023-06-15T09:02:56.811+0000][72][gc,heap     ] GC(107) Survivor regions: 1->1(3)
[2023-06-15T09:02:56.812+0000][72][gc,heap     ] GC(107) Old regions: 32->32
[2023-06-15T09:02:56.812+0000][72][gc,heap     ] GC(107) Archive regions: 2->2
[2023-06-15T09:02:56.812+0000][72][gc,heap     ] GC(107) Humongous regions: 2->2
[2023-06-15T09:02:56.813+0000][72][gc,metaspace] GC(107) Metaspace: 137194K(140416K)->137194K(140416K) NonClass: 119586K(120832K)->119586K(120832K) Class: 17607K(19584K)->17607K(19584K)
[2023-06-15T09:02:56.813+0000][72][gc          ] GC(107) Pause Young (Concurrent Start) (G1 Evacuation Pause) 204M->140M(256M) 19.052ms
[2023-06-15T09:02:56.813+0000][72][gc,cpu      ] GC(107) User=0.01s Sys=0.00s Real=0.02s
[2023-06-15T09:02:56.813+0000][72][gc          ] GC(108) Concurrent Mark Cycle
[2023-06-15T09:02:56.815+0000][72][gc,marking  ] GC(108) Concurrent Clear Claimed Marks
[2023-06-15T09:02:56.814+0000][72][safepoint   ] Safepoint "G1CollectForAllocation", Time since last: 50603963 ns, Reaching safepoint: 78647 ns, At safepoint: 20071139 ns, Total: 20149786 ns
[2023-06-15T09:02:56.815+0000][72][gc,marking  ] GC(108) Concurrent Clear Claimed Marks 0.719ms
[2023-06-15T09:02:56.817+0000][72][gc,marking  ] GC(108) Concurrent Scan Root Regions
[2023-06-15T09:02:56.821+0000][72][gc,marking  ] GC(108) Concurrent Scan Root Regions 4.580ms
[2023-06-15T09:02:56.822+0000][72][gc,marking  ] GC(108) Concurrent Mark
[2023-06-15T09:02:56.823+0000][72][gc,marking  ] GC(108) Concurrent Mark From Roots
[2023-06-15T09:02:56.823+0000][72][gc,task     ] GC(108) Using 1 workers of 1 for marking
[2023-06-15T09:02:57.045+0000][72][gc,marking  ] GC(108) Concurrent Mark From Roots 222.877ms
[2023-06-15T09:02:57.046+0000][72][gc,marking  ] GC(108) Concurrent Preclean
[2023-06-15T09:02:57.047+0000][72][gc,marking  ] GC(108) Concurrent Preclean 1.008ms
[2023-06-15T09:02:57.049+0000][72][gc,start    ] GC(108) Pause Remark
[2023-06-15T09:02:57.071+0000][72][gc          ] GC(108) Pause Remark 142M->142M(256M) 21.868ms
[2023-06-15T09:02:57.072+0000][72][gc,cpu      ] GC(108) User=0.07s Sys=0.00s Real=0.02s
[2023-06-15T09:02:57.075+0000][72][safepoint   ] Safepoint "G1PauseRemark", Time since last: 234401477 ns, Reaching safepoint: 391620 ns, At safepoint: 25731810 ns, Total: 26123430 ns
[2023-06-15T09:02:57.079+0000][72][gc,marking  ] GC(108) Concurrent Mark 257.195ms
[2023-06-15T09:02:57.080+0000][72][gc,marking  ] GC(108) Concurrent Rebuild Remembered Sets
[2023-06-15T09:02:57.200+0000][72][gc,marking  ] GC(108) Concurrent Rebuild Remembered Sets 119.598ms
[2023-06-15T09:02:57.201+0000][72][gc,start    ] GC(108) Pause Cleanup
[2023-06-15T09:02:57.202+0000][72][gc          ] GC(108) Pause Cleanup 143M->143M(256M) 0.941ms
[2023-06-15T09:02:57.203+0000][72][gc,cpu      ] GC(108) User=0.00s Sys=0.00s Real=0.00s
[2023-06-15T09:02:57.203+0000][72][safepoint   ] Safepoint "G1PauseCleanup", Time since last: 126374549 ns, Reaching safepoint: 89862 ns, At safepoint: 2151797 ns, Total: 2241659 ns
[2023-06-15T09:02:57.204+0000][72][gc,marking  ] GC(108) Concurrent Cleanup for Next Mark
[2023-06-15T09:02:57.205+0000][72][gc,marking  ] GC(108) Concurrent Cleanup for Next Mark 0.737ms
[2023-06-15T09:02:57.205+0000][72][gc          ] GC(108) Concurrent Mark Cycle 391.704ms
[2023-06-15T09:03:00.189+0000][72][safepoint   ] Safepoint "Cleanup", Time since last: 3007060676 ns, Reaching safepoint: 505361 ns, At safepoint: 139364 ns, Total: 644725 ns
[2023-06-15T09:03:03.194+0000][72][safepoint   ] Safepoint "Cleanup", Time since last: 3004151318 ns, Reaching safepoint: 315276 ns, At safepoint: 14467 ns, Total: 329743 ns
[2023-06-15T09:03:06.200+0000][72][safepoint   ] Safepoint "Cleanup", Time since last: 3006096215 ns, Reaching safepoint: 659408 ns, At safepoint: 23953 ns, Total: 683361 ns
[2023-06-15T09:03:08.207+0000][72][safepoint   ] Safepoint "Cleanup", Time since last: 2004938401 ns, Reaching safepoint: 985098 ns, At safepoint: 140126 ns, Total: 1125224 ns
[2023-06-15T09:03:09.210+0000][72][safepoint   ] Safepoint "Cleanup", Time since last: 1002948416 ns, Reaching safepoint: 653879 ns, At safepoint: 165231 ns, Total: 819110 ns
[2023-06-15T09:03:14.476+0000][72][gc,start    ] GC(109) Pause Young (Normal) (G1 Evacuation Pause)
[2023-06-15T09:03:14.477+0000][72][gc,task     ] GC(109) Using 4 workers of 4 for evacuation
[2023-06-15T09:03:14.478+0000][72][gc,age      ] GC(109) Desired survivor size 6291456 bytes, new threshold 15 (max threshold 15)
[2023-06-15T09:03:14.482+0000][72][gc,phases   ] GC(109)   Pre Evacuate Collection Set: 0.2ms
[2023-06-15T09:03:14.483+0000][72][gc,phases   ] GC(109)   Merge Heap Roots: 0.2ms
[2023-06-15T09:03:14.483+0000][72][gc,phases   ] GC(109)   Evacuate Collection Set: 2.5ms
[2023-06-15T09:03:14.484+0000][72][gc,phases   ] GC(109)   Post Evacuate Collection Set: 0.9ms
[2023-06-15T09:03:14.484+0000][72][gc,phases   ] GC(109)   Other: 1.6ms
[2023-06-15T09:03:14.484+0000][72][gc,age      ] GC(109) Age table with threshold 15 (max threshold 15)
[2023-06-15T09:03:14.485+0000][72][gc,age      ] GC(109) - age   1:     923384 bytes,     923384 total
[2023-06-15T09:03:14.485+0000][72][gc,age      ] GC(109) - age   2:     179320 bytes,    1102704 total
[2023-06-15T09:03:14.486+0000][72][gc,age      ] GC(109) - age   3:     351184 bytes,    1453888 total
[2023-06-15T09:03:14.486+0000][72][gc,age      ] GC(109) - age   4:     727304 bytes,    2181192 total
[2023-06-15T09:03:14.487+0000][72][gc,age      ] GC(109) - age   5:      89736 bytes,    2270928 total
[2023-06-15T09:03:14.487+0000][72][gc,age      ] GC(109) - age   6:     209288 bytes,    2480216 total
[2023-06-15T09:03:14.488+0000][72][gc,age      ] GC(109) - age   7:       2920 bytes,    2483136 total
[2023-06-15T09:03:14.489+0000][72][gc,age      ] GC(109) - age   8:     104216 bytes,    2587352 total
[2023-06-15T09:03:14.489+0000][72][gc,age      ] GC(109) - age   9:        400 bytes,    2587752 total
[2023-06-15T09:03:14.490+0000][72][gc,age      ] GC(109) - age  10:      62136 bytes,    2649888 total
[2023-06-15T09:03:14.490+0000][72][gc,age      ] GC(109) - age  11:       3224 bytes,    2653112 total
[2023-06-15T09:03:14.491+0000][72][gc,age      ] GC(109) - age  12:      10080 bytes,    2663192 total
[2023-06-15T09:03:14.491+0000][72][gc,age      ] GC(109) - age  13:       4280 bytes,    2667472 total
[2023-06-15T09:03:14.491+0000][72][gc,age      ] GC(109) - age  14:       1776 bytes,    2669248 total
[2023-06-15T09:03:14.492+0000][72][gc,age      ] GC(109) - age  15:       4472 bytes,    2673720 total
[2023-06-15T09:03:14.492+0000][72][gc,heap     ] GC(109) Eden regions: 16->0(16)
[2023-06-15T09:03:14.493+0000][72][gc,heap     ] GC(109) Survivor regions: 1->1(3)
[2023-06-15T09:03:14.493+0000][72][gc,heap     ] GC(109) Old regions: 32->32
[2023-06-15T09:03:14.493+0000][72][gc,heap     ] GC(109) Archive regions: 2->2
[2023-06-15T09:03:14.494+0000][72][gc,heap     ] GC(109) Humongous regions: 2->2
[2023-06-15T09:03:14.494+0000][72][gc,metaspace] GC(109) Metaspace: 137207K(140480K)->137207K(140480K) NonClass: 119601K(120896K)->119601K(120896K) Class: 17606K(19584K)->17606K(19584K)
[2023-06-15T09:03:14.495+0000][72][gc          ] GC(109) Pause Young (Normal) (G1 Evacuation Pause) 204M->139M(256M) 18.933ms
[2023-06-15T09:03:14.495+0000][72][gc,cpu      ] GC(109) User=0.01s Sys=0.01s Real=0.02s
[2023-06-15T09:03:14.496+0000][72][safepoint   ] Safepoint "G1CollectForAllocation", Time since last: 5265537432 ns, Reaching safepoint: 96622 ns, At safepoint: 20003106 ns, Total: 20099728 ns
[2023-06-15T09:03:15.497+0000][72][safepoint   ] Safepoint "Cleanup", Time since last: 1000702989 ns, Reaching safepoint: 92171 ns, At safepoint: 3433 ns, Total: 95604 ns
[2023-06-15T09:03:21.500+0000][72][safepoint   ] Safepoint "Cleanup", Time since last: 6003061659 ns, Reaching safepoint: 98735 ns, At safepoint: 4553 ns, Total: 103288 ns
[2023-06-15T09:03:27.507+0000][72][safepoint   ] Safepoint "Cleanup", Time since last: 6006650629 ns, Reaching safepoint: 147862 ns, At safepoint: 12451 ns, Total: 160313 ns
[2023-06-15T09:03:28.743+0000][72][safepoint   ] Safepoint "Cleanup", Time since last: 1254786597 ns, Reaching safepoint: 3492988 ns, At safepoint: 145220 ns, Total: 3638208 ns
[2023-06-15T09:03:30.151+0000][72][gc,heap,exit] Heap
[2023-06-15T09:03:30.152+0000][72][gc,heap,exit]  garbage-first heap   total 262144K, used 207418K [0x00000000f0000000, 0x0000000100000000)
[2023-06-15T09:03:30.152+0000][72][gc,heap,exit]   region size 4096K, 17 young (69632K), 1 survivors (4096K)
[2023-06-15T09:03:30.153+0000][72][gc,heap,exit]  Metaspace       used 138220K, committed 141312K, reserved 1179648K
[2023-06-15T09:03:30.153+0000][72][gc,heap,exit]   class space    used 17775K, committed 19584K, reserved 1048576K
