[2023-06-15T08:13:14.709+0000][519][gc,init] CardTable entry size: 512
[2023-06-15T08:13:14.710+0000][519][gc     ] Using G1
[2023-06-15T08:13:14.713+0000][519][gc,init] Version: 19.0.1+10-21 (release)
[2023-06-15T08:13:14.714+0000][519][gc,init] CPUs: 4 total, 4 available
[2023-06-15T08:13:14.715+0000][519][gc,init] Memory: 7860M
[2023-06-15T08:13:14.715+0000][519][gc,init] Large Page Support: Disabled
[2023-06-15T08:13:14.715+0000][519][gc,init] NUMA Support: Disabled
[2023-06-15T08:13:14.716+0000][519][gc,init] Compressed Oops: Enabled (32-bit)
[2023-06-15T08:13:14.716+0000][519][gc,init] Heap Region Size: 1M
[2023-06-15T08:13:14.717+0000][519][gc,init] Heap Min Capacity: 256M
[2023-06-15T08:13:14.717+0000][519][gc,init] Heap Initial Capacity: 256M
[2023-06-15T08:13:14.717+0000][519][gc,init] Heap Max Capacity: 256M
[2023-06-15T08:13:14.718+0000][519][gc,init] Pre-touch: Disabled
[2023-06-15T08:13:14.718+0000][519][gc,init] Parallel Workers: 4
[2023-06-15T08:13:14.719+0000][519][gc,init] Concurrent Workers: 1
[2023-06-15T08:13:14.719+0000][519][gc,init] Concurrent Refinement Workers: 4
[2023-06-15T08:13:14.719+0000][519][gc,init] Periodic GC: Disabled
[2023-06-15T08:13:14.720+0000][519][gc,metaspace] CDS archive(s) mapped at: [0x0000000800000000-0x0000000800c4f000-0x0000000800c4f000), size 12906496, SharedBaseAddress: 0x0000000800000000, ArchiveRelocationMode: 0.
[2023-06-15T08:13:14.721+0000][519][gc,metaspace] Compressed class space mapped at: 0x0000000801000000-0x0000000841000000, reserved size: 1073741824
[2023-06-15T08:13:14.721+0000][519][gc,metaspace] Narrow klass base: 0x0000000800000000, Narrow klass shift: 0, Narrow klass range: 0x100000000
[2023-06-15T08:13:14.753+0000][519][gc,heap,exit] Heap
[2023-06-15T08:13:14.754+0000][519][gc,heap,exit]  garbage-first heap   total 262144K, used 2016K [0x00000000f0000000, 0x0000000100000000)
[2023-06-15T08:13:14.755+0000][519][gc,heap,exit]   region size 1024K, 1 young (1024K), 0 survivors (0K)
[2023-06-15T08:13:14.756+0000][519][gc,heap,exit]  Metaspace       used 53K, committed 128K, reserved 1114112K
[2023-06-15T08:13:14.756+0000][519][gc,heap,exit]   class space    used 1K, committed 64K, reserved 1048576K
