[2023-06-15T09:07:56.124+0000][70][gc,init] CardTable entry size: 512
[2023-06-15T09:07:56.130+0000][70][gc     ] Using G1
[2023-06-15T09:07:56.199+0000][70][gc,init] Version: 19.0.1+10-21 (release)
[2023-06-15T09:07:56.199+0000][70][gc,init] CPUs: 4 total, 4 available
[2023-06-15T09:07:56.200+0000][70][gc,init] Memory: 7860M
[2023-06-15T09:07:56.201+0000][70][gc,init] Large Page Support: Disabled
[2023-06-15T09:07:56.202+0000][70][gc,init] NUMA Support: Disabled
[2023-06-15T09:07:56.202+0000][70][gc,init] Compressed Oops: Enabled (32-bit)
[2023-06-15T09:07:56.203+0000][70][gc,init] Heap Region Size: 4M
[2023-06-15T09:07:56.204+0000][70][gc,init] Heap Min Capacity: 256M
[2023-06-15T09:07:56.204+0000][70][gc,init] Heap Initial Capacity: 256M
[2023-06-15T09:07:56.205+0000][70][gc,init] Heap Max Capacity: 256M
[2023-06-15T09:07:56.205+0000][70][gc,init] Pre-touch: Enabled
[2023-06-15T09:07:56.206+0000][70][gc,init] Parallel Workers: 4
[2023-06-15T09:07:56.206+0000][70][gc,init] Concurrent Workers: 1
[2023-06-15T09:07:56.207+0000][70][gc,init] Concurrent Refinement Workers: 4
[2023-06-15T09:07:56.207+0000][70][gc,init] Periodic GC: Disabled
[2023-06-15T09:07:56.209+0000][70][gc,metaspace] CDS archive(s) mapped at: [0x0000000800000000-0x0000000800c4f000-0x0000000800c4f000), size 12906496, SharedBaseAddress: 0x0000000800000000, ArchiveRelocationMode: 0.
[2023-06-15T09:07:56.209+0000][70][gc,metaspace] Compressed class space mapped at: 0x0000000801000000-0x0000000841000000, reserved size: 1073741824
[2023-06-15T09:07:56.210+0000][70][gc,metaspace] Narrow klass base: 0x0000000800000000, Narrow klass shift: 0, Narrow klass range: 0x100000000
[2023-06-15T09:07:56.405+0000][70][gc,start    ] GC(0) Pause Young (Normal) (G1 Evacuation Pause)
[2023-06-15T09:07:56.407+0000][70][gc,task     ] GC(0) Using 4 workers of 4 for evacuation
[2023-06-15T09:07:56.408+0000][70][gc,age      ] GC(0) Desired survivor size 2097152 bytes, new threshold 15 (max threshold 15)
[2023-06-15T09:07:56.413+0000][70][gc,phases   ] GC(0)   Pre Evacuate Collection Set: 0.3ms
[2023-06-15T09:07:56.414+0000][70][gc,phases   ] GC(0)   Merge Heap Roots: 0.2ms
[2023-06-15T09:07:56.415+0000][70][gc,phases   ] GC(0)   Evacuate Collection Set: 3.2ms
[2023-06-15T09:07:56.416+0000][70][gc,phases   ] GC(0)   Post Evacuate Collection Set: 1.2ms
[2023-06-15T09:07:56.416+0000][70][gc,phases   ] GC(0)   Other: 1.7ms
[2023-06-15T09:07:56.417+0000][70][gc,age      ] GC(0) Age table with threshold 15 (max threshold 15)
[2023-06-15T09:07:56.418+0000][70][gc,age      ] GC(0) - age   1:     812800 bytes,     812800 total
[2023-06-15T09:07:56.419+0000][70][gc,heap     ] GC(0) Eden regions: 3->0(11)
[2023-06-15T09:07:56.419+0000][70][gc,heap     ] GC(0) Survivor regions: 0->1(1)
[2023-06-15T09:07:56.420+0000][70][gc,heap     ] GC(0) Old regions: 0->0
[2023-06-15T09:07:56.420+0000][70][gc,heap     ] GC(0) Archive regions: 2->2
[2023-06-15T09:07:56.421+0000][70][gc,heap     ] GC(0) Humongous regions: 0->0
[2023-06-15T09:07:56.422+0000][70][gc,metaspace] GC(0) Metaspace: 569K(768K)->569K(768K) NonClass: 529K(640K)->529K(640K) Class: 39K(128K)->39K(128K)
[2023-06-15T09:07:56.423+0000][70][gc          ] GC(0) Pause Young (Normal) (G1 Evacuation Pause) 15M->4M(256M) 17.354ms
[2023-06-15T09:07:56.423+0000][70][gc,cpu      ] GC(0) User=0.00s Sys=0.00s Real=0.02s
[2023-06-15T09:07:56.424+0000][70][safepoint   ] Safepoint "G1CollectForAllocation", Time since last: 182642740 ns, Reaching safepoint: 568060 ns, At safepoint: 18937606 ns, Total: 19505666 ns
[2023-06-15T09:07:57.108+0000][70][safepoint   ] Safepoint "ICBufferFull", Time since last: 683385082 ns, Reaching safepoint: 177263 ns, At safepoint: 2202 ns, Total: 179465 ns
[2023-06-15T09:07:57.659+0000][70][safepoint   ] Safepoint "ICBufferFull", Time since last: 551470069 ns, Reaching safepoint: 254442 ns, At safepoint: 3993 ns, Total: 258435 ns
[2023-06-15T09:07:57.828+0000][70][gc,start    ] GC(1) Pause Young (Normal) (G1 Evacuation Pause)
[2023-06-15T09:07:57.829+0000][70][gc,task     ] GC(1) Using 4 workers of 4 for evacuation
[2023-06-15T09:07:57.831+0000][70][gc,age      ] GC(1) Desired survivor size 4194304 bytes, new threshold 15 (max threshold 15)
[2023-06-15T09:07:57.841+0000][70][gc,phases   ] GC(1)   Pre Evacuate Collection Set: 0.1ms
[2023-06-15T09:07:57.843+0000][70][gc,phases   ] GC(1)   Merge Heap Roots: 0.1ms
[2023-06-15T09:07:57.843+0000][70][gc,phases   ] GC(1)   Evacuate Collection Set: 5.7ms
[2023-06-15T09:07:57.844+0000][70][gc,phases   ] GC(1)   Post Evacuate Collection Set: 1.6ms
[2023-06-15T09:07:57.845+0000][70][gc,phases   ] GC(1)   Other: 4.5ms
[2023-06-15T09:07:57.846+0000][70][gc,age      ] GC(1) Age table with threshold 15 (max threshold 15)
[2023-06-15T09:07:57.847+0000][70][gc,age      ] GC(1) - age   1:    5489976 bytes,    5489976 total
[2023-06-15T09:07:57.848+0000][70][gc,age      ] GC(1) - age   2:     405520 bytes,    5895496 total
[2023-06-15T09:07:57.849+0000][70][gc,heap     ] GC(1) Eden regions: 11->0(36)
[2023-06-15T09:07:57.850+0000][70][gc,heap     ] GC(1) Survivor regions: 1->2(2)
[2023-06-15T09:07:57.851+0000][70][gc,heap     ] GC(1) Old regions: 0->0
[2023-06-15T09:07:57.853+0000][70][gc,heap     ] GC(1) Archive regions: 2->2
[2023-06-15T09:07:57.853+0000][70][gc,heap     ] GC(1) Humongous regions: 0->0
[2023-06-15T09:07:57.856+0000][70][gc,metaspace] GC(1) Metaspace: 10076K(10368K)->10076K(10368K) NonClass: 8867K(9024K)->8867K(9024K) Class: 1209K(1344K)->1209K(1344K)
[2023-06-15T09:07:57.858+0000][70][gc          ] GC(1) Pause Young (Normal) (G1 Evacuation Pause) 48M->9M(256M) 30.434ms
[2023-06-15T09:07:57.860+0000][70][gc,cpu      ] GC(1) User=0.02s Sys=0.00s Real=0.03s
[2023-06-15T09:07:57.864+0000][70][safepoint   ] Safepoint "G1CollectForAllocation", Time since last: 190387196 ns, Reaching safepoint: 76718 ns, At safepoint: 36322200 ns, Total: 36398918 ns
[2023-06-15T09:07:58.702+0000][70][safepoint   ] Safepoint "ICBufferFull", Time since last: 837787760 ns, Reaching safepoint: 148260 ns, At safepoint: 24661 ns, Total: 172921 ns
[2023-06-15T09:07:59.708+0000][70][safepoint   ] Safepoint "Cleanup", Time since last: 1001037639 ns, Reaching safepoint: 4736341 ns, At safepoint: 237473 ns, Total: 4973814 ns
[2023-06-15T09:08:00.936+0000][70][safepoint   ] Safepoint "ICBufferFull", Time since last: 1227580365 ns, Reaching safepoint: 273473 ns, At safepoint: 8338 ns, Total: 281811 ns
[2023-06-15T09:08:01.230+0000][70][gc,start    ] GC(2) Pause Young (Normal) (G1 Evacuation Pause)
[2023-06-15T09:08:01.231+0000][70][gc,task     ] GC(2) Using 4 workers of 4 for evacuation
[2023-06-15T09:08:01.232+0000][70][gc,age      ] GC(2) Desired survivor size 10485760 bytes, new threshold 15 (max threshold 15)
[2023-06-15T09:08:01.245+0000][70][gc,phases   ] GC(2)   Pre Evacuate Collection Set: 0.1ms
[2023-06-15T09:08:01.246+0000][70][gc,phases   ] GC(2)   Merge Heap Roots: 0.1ms
[2023-06-15T09:08:01.247+0000][70][gc,phases   ] GC(2)   Evacuate Collection Set: 10.0ms
[2023-06-15T09:08:01.248+0000][70][gc,phases   ] GC(2)   Post Evacuate Collection Set: 2.4ms
[2023-06-15T09:08:01.248+0000][70][gc,phases   ] GC(2)   Other: 1.4ms
[2023-06-15T09:08:01.249+0000][70][gc,age      ] GC(2) Age table with threshold 15 (max threshold 15)
[2023-06-15T09:08:01.249+0000][70][gc,age      ] GC(2) - age   1:    5023032 bytes,    5023032 total
[2023-06-15T09:08:01.250+0000][70][gc,age      ] GC(2) - age   2:    5374904 bytes,   10397936 total
[2023-06-15T09:08:01.251+0000][70][gc,age      ] GC(2) - age   3:     404200 bytes,   10802136 total
[2023-06-15T09:08:01.251+0000][70][gc,heap     ] GC(2) Eden regions: 36->0(35)
[2023-06-15T09:08:01.260+0000][70][gc,heap     ] GC(2) Survivor regions: 2->3(5)
[2023-06-15T09:08:01.261+0000][70][gc,heap     ] GC(2) Old regions: 0->0
[2023-06-15T09:08:01.262+0000][70][gc,heap     ] GC(2) Archive regions: 2->2
[2023-06-15T09:08:01.263+0000][70][gc,heap     ] GC(2) Humongous regions: 0->0
[2023-06-15T09:08:01.264+0000][70][gc,metaspace] GC(2) Metaspace: 18387K(18880K)->18387K(18880K) NonClass: 16327K(16576K)->16327K(16576K) Class: 2059K(2304K)->2059K(2304K)
[2023-06-15T09:08:01.265+0000][70][gc          ] GC(2) Pause Young (Normal) (G1 Evacuation Pause) 153M->14M(256M) 34.415ms
[2023-06-15T09:08:01.266+0000][70][gc,cpu      ] GC(2) User=0.05s Sys=0.00s Real=0.04s
[2023-06-15T09:08:01.266+0000][70][safepoint   ] Safepoint "G1CollectForAllocation", Time since last: 294013285 ns, Reaching safepoint: 157138 ns, At safepoint: 35966744 ns, Total: 36123882 ns
[2023-06-15T09:08:01.790+0000][70][gc,start    ] GC(3) Pause Young (Concurrent Start) (Metadata GC Threshold)
[2023-06-15T09:08:01.791+0000][70][gc,task     ] GC(3) Using 4 workers of 4 for evacuation
[2023-06-15T09:08:01.792+0000][70][gc,age      ] GC(3) Desired survivor size 10485760 bytes, new threshold 3 (max threshold 15)
[2023-06-15T09:08:01.802+0000][70][gc,phases   ] GC(3)   Pre Evacuate Collection Set: 0.1ms
[2023-06-15T09:08:01.803+0000][70][gc,phases   ] GC(3)   Merge Heap Roots: 0.1ms
[2023-06-15T09:08:01.804+0000][70][gc,phases   ] GC(3)   Evacuate Collection Set: 7.7ms
[2023-06-15T09:08:01.805+0000][70][gc,phases   ] GC(3)   Post Evacuate Collection Set: 1.0ms
[2023-06-15T09:08:01.806+0000][70][gc,phases   ] GC(3)   Other: 1.8ms
[2023-06-15T09:08:01.807+0000][70][gc,age      ] GC(3) Age table with threshold 3 (max threshold 15)
[2023-06-15T09:08:01.807+0000][70][gc,age      ] GC(3) - age   1:    1016528 bytes,    1016528 total
[2023-06-15T09:08:01.808+0000][70][gc,age      ] GC(3) - age   2:    4271112 bytes,    5287640 total
[2023-06-15T09:08:01.809+0000][70][gc,age      ] GC(3) - age   3:    5374776 bytes,   10662416 total
[2023-06-15T09:08:01.810+0000][70][gc,heap     ] GC(3) Eden regions: 11->0(35)
[2023-06-15T09:08:01.811+0000][70][gc,heap     ] GC(3) Survivor regions: 3->3(5)
[2023-06-15T09:08:01.811+0000][70][gc,heap     ] GC(3) Old regions: 0->1
[2023-06-15T09:08:01.812+0000][70][gc,heap     ] GC(3) Archive regions: 2->2
[2023-06-15T09:08:01.815+0000][70][gc,heap     ] GC(3) Humongous regions: 0->0
[2023-06-15T09:08:01.815+0000][70][gc,metaspace] GC(3) Metaspace: 21019K(21504K)->21019K(21504K) NonClass: 18715K(18944K)->18715K(18944K) Class: 2304K(2560K)->2304K(2560K)
[2023-06-15T09:08:01.816+0000][70][gc          ] GC(3) Pause Young (Concurrent Start) (Metadata GC Threshold) 58M->15M(256M) 26.105ms
[2023-06-15T09:08:01.817+0000][70][gc,cpu      ] GC(3) User=0.02s Sys=0.00s Real=0.03s
[2023-06-15T09:08:01.817+0000][70][gc          ] GC(4) Concurrent Mark Cycle
[2023-06-15T09:08:01.818+0000][70][gc,marking  ] GC(4) Concurrent Clear Claimed Marks
[2023-06-15T09:08:01.819+0000][70][gc,marking  ] GC(4) Concurrent Clear Claimed Marks 0.878ms
[2023-06-15T09:08:01.820+0000][70][gc,marking  ] GC(4) Concurrent Scan Root Regions
[2023-06-15T09:08:01.817+0000][70][safepoint   ] Safepoint "CollectForMetadataAllocation", Time since last: 523603768 ns, Reaching safepoint: 301193 ns, At safepoint: 27387520 ns, Total: 27688713 ns
[2023-06-15T09:08:01.827+0000][70][gc,marking  ] GC(4) Concurrent Scan Root Regions 7.224ms
[2023-06-15T09:08:01.828+0000][70][gc,marking  ] GC(4) Concurrent Mark
[2023-06-15T09:08:01.829+0000][70][gc,marking  ] GC(4) Concurrent Mark From Roots
[2023-06-15T09:08:01.829+0000][70][gc,task     ] GC(4) Using 1 workers of 1 for marking
[2023-06-15T09:08:01.831+0000][70][gc,marking  ] GC(4) Concurrent Mark From Roots 2.443ms
[2023-06-15T09:08:01.832+0000][70][gc,marking  ] GC(4) Concurrent Preclean
[2023-06-15T09:08:01.833+0000][70][gc,marking  ] GC(4) Concurrent Preclean 1.092ms
[2023-06-15T09:08:01.835+0000][70][gc,start    ] GC(4) Pause Remark
[2023-06-15T09:08:01.841+0000][70][gc          ] GC(4) Pause Remark 17M->17M(256M) 5.396ms
[2023-06-15T09:08:01.841+0000][70][gc,cpu      ] GC(4) User=0.00s Sys=0.00s Real=0.00s
[2023-06-15T09:08:01.842+0000][70][safepoint   ] Safepoint "G1PauseRemark", Time since last: 16798860 ns, Reaching safepoint: 949576 ns, At safepoint: 7075098 ns, Total: 8024674 ns
[2023-06-15T09:08:01.843+0000][70][gc,marking  ] GC(4) Concurrent Mark 15.067ms
[2023-06-15T09:08:01.843+0000][70][gc,marking  ] GC(4) Concurrent Rebuild Remembered Sets
[2023-06-15T09:08:01.848+0000][70][gc,marking  ] GC(4) Concurrent Rebuild Remembered Sets 4.492ms
[2023-06-15T09:08:01.850+0000][70][gc,start    ] GC(4) Pause Cleanup
[2023-06-15T09:08:01.850+0000][70][gc          ] GC(4) Pause Cleanup 17M->17M(256M) 0.693ms
[2023-06-15T09:08:01.851+0000][70][gc,cpu      ] GC(4) User=0.00s Sys=0.00s Real=0.00s
[2023-06-15T09:08:01.851+0000][70][safepoint   ] Safepoint "G1PauseCleanup", Time since last: 7123715 ns, Reaching safepoint: 167259 ns, At safepoint: 1859456 ns, Total: 2026715 ns
[2023-06-15T09:08:01.852+0000][70][gc,marking  ] GC(4) Concurrent Cleanup for Next Mark
[2023-06-15T09:08:01.853+0000][70][gc,marking  ] GC(4) Concurrent Cleanup for Next Mark 1.081ms
[2023-06-15T09:08:01.854+0000][70][gc          ] GC(4) Concurrent Mark Cycle 37.568ms
[2023-06-15T09:08:02.732+0000][70][safepoint   ] Safepoint "ICBufferFull", Time since last: 878448861 ns, Reaching safepoint: 1810872 ns, At safepoint: 32648 ns, Total: 1843520 ns
[2023-06-15T09:08:02.819+0000][70][gc,start    ] GC(5) Pause Young (Normal) (G1 Evacuation Pause)
[2023-06-15T09:08:02.820+0000][70][gc,task     ] GC(5) Using 4 workers of 4 for evacuation
[2023-06-15T09:08:02.820+0000][70][gc,age      ] GC(5) Desired survivor size 10485760 bytes, new threshold 3 (max threshold 15)
[2023-06-15T09:08:02.834+0000][70][gc,phases   ] GC(5)   Pre Evacuate Collection Set: 0.3ms
[2023-06-15T09:08:02.835+0000][70][gc,phases   ] GC(5)   Merge Heap Roots: 0.2ms
[2023-06-15T09:08:02.836+0000][70][gc,phases   ] GC(5)   Evacuate Collection Set: 10.2ms
[2023-06-15T09:08:02.836+0000][70][gc,phases   ] GC(5)   Post Evacuate Collection Set: 2.1ms
[2023-06-15T09:08:02.837+0000][70][gc,phases   ] GC(5)   Other: 1.6ms
[2023-06-15T09:08:02.838+0000][70][gc,age      ] GC(5) Age table with threshold 3 (max threshold 15)
[2023-06-15T09:08:02.838+0000][70][gc,age      ] GC(5) - age   1:    5061712 bytes,    5061712 total
[2023-06-15T09:08:02.839+0000][70][gc,age      ] GC(5) - age   2:     984000 bytes,    6045712 total
[2023-06-15T09:08:02.840+0000][70][gc,age      ] GC(5) - age   3:    4265664 bytes,   10311376 total
[2023-06-15T09:08:02.840+0000][70][gc,heap     ] GC(5) Eden regions: 35->0(35)
[2023-06-15T09:08:02.841+0000][70][gc,heap     ] GC(5) Survivor regions: 3->3(5)
[2023-06-15T09:08:02.841+0000][70][gc,heap     ] GC(5) Old regions: 1->2
[2023-06-15T09:08:02.842+0000][70][gc,heap     ] GC(5) Archive regions: 2->2
[2023-06-15T09:08:02.843+0000][70][gc,heap     ] GC(5) Humongous regions: 0->0
[2023-06-15T09:08:02.843+0000][70][gc,metaspace] GC(5) Metaspace: 25204K(25728K)->25204K(25728K) NonClass: 22313K(22592K)->22313K(22592K) Class: 2891K(3136K)->2891K(3136K)
[2023-06-15T09:08:02.844+0000][70][gc          ] GC(5) Pause Young (Normal) (G1 Evacuation Pause) 155M->20M(256M) 25.782ms
[2023-06-15T09:08:02.845+0000][70][gc,cpu      ] GC(5) User=0.02s Sys=0.01s Real=0.03s
[2023-06-15T09:08:02.846+0000][70][safepoint   ] Safepoint "G1CollectForAllocation", Time since last: 86490082 ns, Reaching safepoint: 483300 ns, At safepoint: 27162445 ns, Total: 27645745 ns
[2023-06-15T09:08:03.316+0000][70][gc,start    ] GC(6) Pause Young (Normal) (G1 Evacuation Pause)
[2023-06-15T09:08:03.317+0000][70][gc,task     ] GC(6) Using 4 workers of 4 for evacuation
[2023-06-15T09:08:03.318+0000][70][gc,age      ] GC(6) Desired survivor size 10485760 bytes, new threshold 15 (max threshold 15)
[2023-06-15T09:08:03.327+0000][70][gc,phases   ] GC(6)   Pre Evacuate Collection Set: 0.1ms
[2023-06-15T09:08:03.328+0000][70][gc,phases   ] GC(6)   Merge Heap Roots: 0.0ms
[2023-06-15T09:08:03.329+0000][70][gc,phases   ] GC(6)   Evacuate Collection Set: 8.1ms
[2023-06-15T09:08:03.330+0000][70][gc,phases   ] GC(6)   Post Evacuate Collection Set: 0.6ms
[2023-06-15T09:08:03.331+0000][70][gc,phases   ] GC(6)   Other: 1.8ms
[2023-06-15T09:08:03.331+0000][70][gc,age      ] GC(6) Age table with threshold 15 (max threshold 15)
[2023-06-15T09:08:03.332+0000][70][gc,age      ] GC(6) - age   1:    4214688 bytes,    4214688 total
[2023-06-15T09:08:03.332+0000][70][gc,age      ] GC(6) - age   2:    4164720 bytes,    8379408 total
[2023-06-15T09:08:03.333+0000][70][gc,age      ] GC(6) - age   3:     983968 bytes,    9363376 total
[2023-06-15T09:08:03.335+0000][70][gc,age      ] GC(6) - age   4:    4265216 bytes,   13628592 total
[2023-06-15T09:08:03.335+0000][70][gc,heap     ] GC(6) Eden regions: 35->0(34)
[2023-06-15T09:08:03.336+0000][70][gc,heap     ] GC(6) Survivor regions: 3->4(5)
[2023-06-15T09:08:03.337+0000][70][gc,heap     ] GC(6) Old regions: 2->2
[2023-06-15T09:08:03.361+0000][70][gc,heap     ] GC(6) Archive regions: 2->2
[2023-06-15T09:08:03.362+0000][70][gc,heap     ] GC(6) Humongous regions: 0->0
[2023-06-15T09:08:03.363+0000][70][gc,metaspace] GC(6) Metaspace: 25593K(26176K)->25593K(26176K) NonClass: 22667K(22976K)->22667K(22976K) Class: 2925K(3200K)->2925K(3200K)
[2023-06-15T09:08:03.363+0000][70][gc          ] GC(6) Pause Young (Normal) (G1 Evacuation Pause) 160M->23M(256M) 47.783ms
[2023-06-15T09:08:03.364+0000][70][gc,cpu      ] GC(6) User=0.02s Sys=0.00s Real=0.04s
[2023-06-15T09:08:03.365+0000][70][safepoint   ] Safepoint "G1CollectForAllocation", Time since last: 469679718 ns, Reaching safepoint: 133362 ns, At safepoint: 49468645 ns, Total: 49602007 ns
[2023-06-15T09:08:03.792+0000][70][gc,start    ] GC(7) Pause Young (Normal) (G1 Evacuation Pause)
[2023-06-15T09:08:03.796+0000][70][gc,task     ] GC(7) Using 4 workers of 4 for evacuation
[2023-06-15T09:08:03.797+0000][70][gc,age      ] GC(7) Desired survivor size 10485760 bytes, new threshold 4 (max threshold 15)
[2023-06-15T09:08:03.817+0000][70][gc,phases   ] GC(7)   Pre Evacuate Collection Set: 0.1ms
[2023-06-15T09:08:03.818+0000][70][gc,phases   ] GC(7)   Merge Heap Roots: 0.0ms
[2023-06-15T09:08:03.820+0000][70][gc,phases   ] GC(7)   Evacuate Collection Set: 16.9ms
[2023-06-15T09:08:03.821+0000][70][gc,phases   ] GC(7)   Post Evacuate Collection Set: 1.1ms
[2023-06-15T09:08:03.823+0000][70][gc,phases   ] GC(7)   Other: 2.7ms
[2023-06-15T09:08:03.824+0000][70][gc,age      ] GC(7) Age table with threshold 4 (max threshold 15)
[2023-06-15T09:08:03.824+0000][70][gc,age      ] GC(7) - age   1:     306976 bytes,     306976 total
[2023-06-15T09:08:03.825+0000][70][gc,age      ] GC(7) - age   2:    2412944 bytes,    2719920 total
[2023-06-15T09:08:03.826+0000][70][gc,age      ] GC(7) - age   3:    4164720 bytes,    6884640 total
[2023-06-15T09:08:03.827+0000][70][gc,age      ] GC(7) - age   4:     983968 bytes,    7868608 total
[2023-06-15T09:08:03.829+0000][70][gc,heap     ] GC(7) Eden regions: 34->0(35)
[2023-06-15T09:08:03.830+0000][70][gc,heap     ] GC(7) Survivor regions: 4->3(5)
[2023-06-15T09:08:03.831+0000][70][gc,heap     ] GC(7) Old regions: 2->3
[2023-06-15T09:08:03.832+0000][70][gc,heap     ] GC(7) Archive regions: 2->2
[2023-06-15T09:08:03.833+0000][70][gc,heap     ] GC(7) Humongous regions: 0->0
[2023-06-15T09:08:03.834+0000][70][gc,metaspace] GC(7) Metaspace: 25976K(26560K)->25976K(26560K) NonClass: 22997K(23296K)->22997K(23296K) Class: 2978K(3264K)->2978K(3264K)
[2023-06-15T09:08:03.835+0000][70][gc          ] GC(7) Pause Young (Normal) (G1 Evacuation Pause) 159M->22M(256M) 43.132ms
[2023-06-15T09:08:03.836+0000][70][gc,cpu      ] GC(7) User=0.02s Sys=0.01s Real=0.05s
[2023-06-15T09:08:03.837+0000][70][safepoint   ] Safepoint "G1CollectForAllocation", Time since last: 426614876 ns, Reaching safepoint: 124648 ns, At safepoint: 45339235 ns, Total: 45463883 ns
[2023-06-15T09:08:04.858+0000][70][safepoint   ] Safepoint "Cleanup", Time since last: 1015899763 ns, Reaching safepoint: 4674448 ns, At safepoint: 38181 ns, Total: 4712629 ns
[2023-06-15T09:08:05.254+0000][70][gc,start    ] GC(8) Pause Young (Normal) (G1 Evacuation Pause)
[2023-06-15T09:08:05.255+0000][70][gc,task     ] GC(8) Using 4 workers of 4 for evacuation
[2023-06-15T09:08:05.256+0000][70][gc,age      ] GC(8) Desired survivor size 10485760 bytes, new threshold 15 (max threshold 15)
[2023-06-15T09:08:05.272+0000][70][gc,phases   ] GC(8)   Pre Evacuate Collection Set: 0.1ms
[2023-06-15T09:08:05.272+0000][70][gc,phases   ] GC(8)   Merge Heap Roots: 0.1ms
[2023-06-15T09:08:05.275+0000][70][gc,phases   ] GC(8)   Evacuate Collection Set: 11.1ms
[2023-06-15T09:08:05.277+0000][70][gc,phases   ] GC(8)   Post Evacuate Collection Set: 2.7ms
[2023-06-15T09:08:05.280+0000][70][gc,phases   ] GC(8)   Other: 2.1ms
[2023-06-15T09:08:05.281+0000][70][gc,age      ] GC(8) Age table with threshold 15 (max threshold 15)
[2023-06-15T09:08:05.282+0000][70][gc,age      ] GC(8) - age   1:    4185352 bytes,    4185352 total
[2023-06-15T09:08:05.283+0000][70][gc,age      ] GC(8) - age   2:     289464 bytes,    4474816 total
[2023-06-15T09:08:05.284+0000][70][gc,age      ] GC(8) - age   3:    2412944 bytes,    6887760 total
[2023-06-15T09:08:05.285+0000][70][gc,age      ] GC(8) - age   4:    4159824 bytes,   11047584 total
[2023-06-15T09:08:05.290+0000][70][gc,age      ] GC(8) - age   5:     982928 bytes,   12030512 total
[2023-06-15T09:08:05.290+0000][70][gc,heap     ] GC(8) Eden regions: 35->0(34)
[2023-06-15T09:08:05.291+0000][70][gc,heap     ] GC(8) Survivor regions: 3->4(5)
[2023-06-15T09:08:05.295+0000][70][gc,heap     ] GC(8) Old regions: 3->3
[2023-06-15T09:08:05.296+0000][70][gc,heap     ] GC(8) Archive regions: 2->2
[2023-06-15T09:08:05.297+0000][70][gc,heap     ] GC(8) Humongous regions: 0->0
[2023-06-15T09:08:05.298+0000][70][gc,metaspace] GC(8) Metaspace: 32095K(32768K)->32095K(32768K) NonClass: 28449K(28800K)->28449K(28800K) Class: 3645K(3968K)->3645K(3968K)
[2023-06-15T09:08:05.299+0000][70][gc          ] GC(8) Pause Young (Normal) (G1 Evacuation Pause) 162M->26M(256M) 44.629ms
[2023-06-15T09:08:05.300+0000][70][gc,cpu      ] GC(8) User=0.04s Sys=0.00s Real=0.05s
[2023-06-15T09:08:05.301+0000][70][safepoint   ] Safepoint "G1CollectForAllocation", Time since last: 396427032 ns, Reaching safepoint: 134960 ns, At safepoint: 46763355 ns, Total: 46898315 ns
[2023-06-15T09:08:05.985+0000][70][gc,start    ] GC(9) Pause Young (Normal) (G1 Evacuation Pause)
[2023-06-15T09:08:05.987+0000][70][gc,task     ] GC(9) Using 4 workers of 4 for evacuation
[2023-06-15T09:08:05.989+0000][70][gc,age      ] GC(9) Desired survivor size 10485760 bytes, new threshold 4 (max threshold 15)
[2023-06-15T09:08:06.018+0000][70][gc,phases   ] GC(9)   Pre Evacuate Collection Set: 0.0ms
[2023-06-15T09:08:06.022+0000][70][gc,phases   ] GC(9)   Merge Heap Roots: 0.0ms
[2023-06-15T09:08:06.024+0000][70][gc,phases   ] GC(9)   Evacuate Collection Set: 22.6ms
[2023-06-15T09:08:06.031+0000][70][gc,phases   ] GC(9)   Post Evacuate Collection Set: 3.8ms
[2023-06-15T09:08:06.033+0000][70][gc,phases   ] GC(9)   Other: 3.9ms
[2023-06-15T09:08:06.036+0000][70][gc,age      ] GC(9) Age table with threshold 4 (max threshold 15)
[2023-06-15T09:08:06.040+0000][70][gc,age      ] GC(9) - age   1:    3518328 bytes,    3518328 total
[2023-06-15T09:08:06.044+0000][70][gc,age      ] GC(9) - age   2:    3381568 bytes,    6899896 total
[2023-06-15T09:08:06.045+0000][70][gc,age      ] GC(9) - age   3:     289464 bytes,    7189360 total
[2023-06-15T09:08:06.045+0000][70][gc,age      ] GC(9) - age   4:    2412912 bytes,    9602272 total
[2023-06-15T09:08:06.047+0000][70][gc,heap     ] GC(9) Eden regions: 34->0(35)
[2023-06-15T09:08:06.048+0000][70][gc,heap     ] GC(9) Survivor regions: 4->3(5)
[2023-06-15T09:08:06.049+0000][70][gc,heap     ] GC(9) Old regions: 3->4
[2023-06-15T09:08:06.054+0000][70][gc,heap     ] GC(9) Archive regions: 2->2
[2023-06-15T09:08:06.055+0000][70][gc,heap     ] GC(9) Humongous regions: 0->0
[2023-06-15T09:08:06.056+0000][70][gc,metaspace] GC(9) Metaspace: 32202K(32896K)->32202K(32896K) NonClass: 28535K(28928K)->28535K(28928K) Class: 3666K(3968K)->3666K(3968K)
[2023-06-15T09:08:06.057+0000][70][gc          ] GC(9) Pause Young (Normal) (G1 Evacuation Pause) 162M->29M(256M) 72.273ms
[2023-06-15T09:08:06.058+0000][70][gc,cpu      ] GC(9) User=0.05s Sys=0.00s Real=0.07s
[2023-06-15T09:08:06.059+0000][70][safepoint   ] Safepoint "G1CollectForAllocation", Time since last: 683425296 ns, Reaching safepoint: 380716 ns, At safepoint: 73914670 ns, Total: 74295386 ns
[2023-06-15T09:08:07.063+0000][70][safepoint   ] Safepoint "Cleanup", Time since last: 1001976813 ns, Reaching safepoint: 2254879 ns, At safepoint: 65211 ns, Total: 2320090 ns
[2023-06-15T09:08:07.342+0000][70][gc,start    ] GC(10) Pause Young (Normal) (G1 Evacuation Pause)
[2023-06-15T09:08:07.343+0000][70][gc,task     ] GC(10) Using 4 workers of 4 for evacuation
[2023-06-15T09:08:07.344+0000][70][gc,age      ] GC(10) Desired survivor size 10485760 bytes, new threshold 15 (max threshold 15)
[2023-06-15T09:08:07.360+0000][70][gc,phases   ] GC(10)   Pre Evacuate Collection Set: 0.1ms
[2023-06-15T09:08:07.361+0000][70][gc,phases   ] GC(10)   Merge Heap Roots: 1.9ms
[2023-06-15T09:08:07.362+0000][70][gc,phases   ] GC(10)   Evacuate Collection Set: 11.6ms
[2023-06-15T09:08:07.363+0000][70][gc,phases   ] GC(10)   Post Evacuate Collection Set: 1.0ms
[2023-06-15T09:08:07.364+0000][70][gc,phases   ] GC(10)   Other: 1.8ms
[2023-06-15T09:08:07.364+0000][70][gc,age      ] GC(10) Age table with threshold 15 (max threshold 15)
[2023-06-15T09:08:07.365+0000][70][gc,age      ] GC(10) - age   1:    4835256 bytes,    4835256 total
[2023-06-15T09:08:07.365+0000][70][gc,age      ] GC(10) - age   2:    1432840 bytes,    6268096 total
[2023-06-15T09:08:07.366+0000][70][gc,age      ] GC(10) - age   3:    3381536 bytes,    9649632 total
[2023-06-15T09:08:07.367+0000][70][gc,age      ] GC(10) - age   4:     288816 bytes,    9938448 total
[2023-06-15T09:08:07.368+0000][70][gc,age      ] GC(10) - age   5:    2412304 bytes,   12350752 total
[2023-06-15T09:08:07.369+0000][70][gc,heap     ] GC(10) Eden regions: 35->0(34)
[2023-06-15T09:08:07.370+0000][70][gc,heap     ] GC(10) Survivor regions: 3->4(5)
[2023-06-15T09:08:07.371+0000][70][gc,heap     ] GC(10) Old regions: 4->4
[2023-06-15T09:08:07.372+0000][70][gc,heap     ] GC(10) Archive regions: 2->2
[2023-06-15T09:08:07.373+0000][70][gc,heap     ] GC(10) Humongous regions: 0->0
[2023-06-15T09:08:07.374+0000][70][gc,metaspace] GC(10) Metaspace: 33549K(34240K)->33549K(34240K) NonClass: 29721K(30080K)->29721K(30080K) Class: 3828K(4160K)->3828K(4160K)
[2023-06-15T09:08:07.375+0000][70][gc          ] GC(10) Pause Young (Normal) (G1 Evacuation Pause) 169M->31M(256M) 32.681ms
[2023-06-15T09:08:07.375+0000][70][gc,cpu      ] GC(10) User=0.02s Sys=0.01s Real=0.04s
[2023-06-15T09:08:07.381+0000][70][safepoint   ] Safepoint "G1CollectForAllocation", Time since last: 278423634 ns, Reaching safepoint: 558092 ns, At safepoint: 38745182 ns, Total: 39303274 ns
[2023-06-15T09:08:07.809+0000][70][gc,start    ] GC(11) Pause Young (Normal) (G1 Evacuation Pause)
[2023-06-15T09:08:07.810+0000][70][gc,task     ] GC(11) Using 4 workers of 4 for evacuation
[2023-06-15T09:08:07.810+0000][70][gc,age      ] GC(11) Desired survivor size 10485760 bytes, new threshold 5 (max threshold 15)
[2023-06-15T09:08:07.824+0000][70][gc,phases   ] GC(11)   Pre Evacuate Collection Set: 0.1ms
[2023-06-15T09:08:07.825+0000][70][gc,phases   ] GC(11)   Merge Heap Roots: 0.0ms
[2023-06-15T09:08:07.825+0000][70][gc,phases   ] GC(11)   Evacuate Collection Set: 12.2ms
[2023-06-15T09:08:07.826+0000][70][gc,phases   ] GC(11)   Post Evacuate Collection Set: 0.5ms
[2023-06-15T09:08:07.827+0000][70][gc,phases   ] GC(11)   Other: 1.7ms
[2023-06-15T09:08:07.827+0000][70][gc,age      ] GC(11) Age table with threshold 5 (max threshold 15)
[2023-06-15T09:08:07.828+0000][70][gc,age      ] GC(11) - age   1:    1152272 bytes,    1152272 total
[2023-06-15T09:08:07.829+0000][70][gc,age      ] GC(11) - age   2:    3086736 bytes,    4239008 total
[2023-06-15T09:08:07.829+0000][70][gc,age      ] GC(11) - age   3:    1432808 bytes,    5671816 total
[2023-06-15T09:08:07.830+0000][70][gc,age      ] GC(11) - age   4:    3381536 bytes,    9053352 total
[2023-06-15T09:08:07.831+0000][70][gc,age      ] GC(11) - age   5:     288816 bytes,    9342168 total
[2023-06-15T09:08:07.832+0000][70][gc,heap     ] GC(11) Eden regions: 34->0(35)
[2023-06-15T09:08:07.832+0000][70][gc,heap     ] GC(11) Survivor regions: 4->3(5)
[2023-06-15T09:08:07.833+0000][70][gc,heap     ] GC(11) Old regions: 4->5
[2023-06-15T09:08:07.834+0000][70][gc,heap     ] GC(11) Archive regions: 2->2
[2023-06-15T09:08:07.834+0000][70][gc,heap     ] GC(11) Humongous regions: 0->0
[2023-06-15T09:08:07.836+0000][70][gc,metaspace] GC(11) Metaspace: 34142K(34944K)->34142K(34944K) NonClass: 30234K(30720K)->30234K(30720K) Class: 3908K(4224K)->3908K(4224K)
[2023-06-15T09:08:07.837+0000][70][gc          ] GC(11) Pause Young (Normal) (G1 Evacuation Pause) 167M->31M(256M) 27.782ms
[2023-06-15T09:08:07.837+0000][70][gc,cpu      ] GC(11) User=0.03s Sys=0.00s Real=0.03s
[2023-06-15T09:08:07.838+0000][70][safepoint   ] Safepoint "G1CollectForAllocation", Time since last: 427555614 ns, Reaching safepoint: 194417 ns, At safepoint: 29307003 ns, Total: 29501420 ns
[2023-06-15T09:08:08.298+0000][70][gc,start    ] GC(12) Pause Young (Normal) (G1 Evacuation Pause)
[2023-06-15T09:08:08.298+0000][70][gc,task     ] GC(12) Using 4 workers of 4 for evacuation
[2023-06-15T09:08:08.300+0000][70][gc,age      ] GC(12) Desired survivor size 10485760 bytes, new threshold 15 (max threshold 15)
[2023-06-15T09:08:08.308+0000][70][gc,phases   ] GC(12)   Pre Evacuate Collection Set: 0.1ms
[2023-06-15T09:08:08.308+0000][70][gc,phases   ] GC(12)   Merge Heap Roots: 0.1ms
[2023-06-15T09:08:08.309+0000][70][gc,phases   ] GC(12)   Evacuate Collection Set: 6.2ms
[2023-06-15T09:08:08.309+0000][70][gc,phases   ] GC(12)   Post Evacuate Collection Set: 0.8ms
[2023-06-15T09:08:08.310+0000][70][gc,phases   ] GC(12)   Other: 1.8ms
[2023-06-15T09:08:08.311+0000][70][gc,age      ] GC(12) Age table with threshold 15 (max threshold 15)
[2023-06-15T09:08:08.311+0000][70][gc,age      ] GC(12) - age   1:    2713464 bytes,    2713464 total
[2023-06-15T09:08:08.312+0000][70][gc,age      ] GC(12) - age   2:    1140552 bytes,    3854016 total
[2023-06-15T09:08:08.312+0000][70][gc,age      ] GC(12) - age   3:    3086616 bytes,    6940632 total
[2023-06-15T09:08:08.313+0000][70][gc,age      ] GC(12) - age   4:    1432808 bytes,    8373440 total
[2023-06-15T09:08:08.314+0000][70][gc,age      ] GC(12) - age   5:    3381504 bytes,   11754944 total
[2023-06-15T09:08:08.314+0000][70][gc,age      ] GC(12) - age   6:     288816 bytes,   12043760 total
[2023-06-15T09:08:08.315+0000][70][gc,heap     ] GC(12) Eden regions: 35->0(34)
[2023-06-15T09:08:08.315+0000][70][gc,heap     ] GC(12) Survivor regions: 3->4(5)
[2023-06-15T09:08:08.316+0000][70][gc,heap     ] GC(12) Old regions: 5->5
[2023-06-15T09:08:08.316+0000][70][gc,heap     ] GC(12) Archive regions: 2->2
[2023-06-15T09:08:08.317+0000][70][gc,heap     ] GC(12) Humongous regions: 0->0
[2023-06-15T09:08:08.318+0000][70][gc,metaspace] GC(12) Metaspace: 34559K(35328K)->34559K(35328K) NonClass: 30603K(31040K)->30603K(31040K) Class: 3956K(4288K)->3956K(4288K)
[2023-06-15T09:08:08.318+0000][70][gc          ] GC(12) Pause Young (Normal) (G1 Evacuation Pause) 171M->33M(256M) 20.626ms
[2023-06-15T09:08:08.319+0000][70][gc,cpu      ] GC(12) User=0.02s Sys=0.00s Real=0.02s
[2023-06-15T09:08:08.319+0000][70][safepoint   ] Safepoint "G1CollectForAllocation", Time since last: 459571251 ns, Reaching safepoint: 152897 ns, At safepoint: 21857552 ns, Total: 22010449 ns
[2023-06-15T09:08:08.557+0000][70][gc,start    ] GC(13) Pause Young (Concurrent Start) (Metadata GC Threshold)
[2023-06-15T09:08:08.558+0000][70][gc,task     ] GC(13) Using 4 workers of 4 for evacuation
[2023-06-15T09:08:08.559+0000][70][gc,age      ] GC(13) Desired survivor size 10485760 bytes, new threshold 5 (max threshold 15)
[2023-06-15T09:08:08.571+0000][70][gc,phases   ] GC(13)   Pre Evacuate Collection Set: 0.3ms
[2023-06-15T09:08:08.572+0000][70][gc,phases   ] GC(13)   Merge Heap Roots: 0.1ms
[2023-06-15T09:08:08.574+0000][70][gc,phases   ] GC(13)   Evacuate Collection Set: 9.6ms
[2023-06-15T09:08:08.575+0000][70][gc,phases   ] GC(13)   Post Evacuate Collection Set: 1.1ms
[2023-06-15T09:08:08.576+0000][70][gc,phases   ] GC(13)   Other: 1.8ms
[2023-06-15T09:08:08.576+0000][70][gc,age      ] GC(13) Age table with threshold 5 (max threshold 15)
[2023-06-15T09:08:08.577+0000][70][gc,age      ] GC(13) - age   1:     431352 bytes,     431352 total
[2023-06-15T09:08:08.578+0000][70][gc,age      ] GC(13) - age   2:    2011096 bytes,    2442448 total
[2023-06-15T09:08:08.578+0000][70][gc,age      ] GC(13) - age   3:    1140384 bytes,    3582832 total
[2023-06-15T09:08:08.579+0000][70][gc,age      ] GC(13) - age   4:    3086392 bytes,    6669224 total
[2023-06-15T09:08:08.580+0000][70][gc,age      ] GC(13) - age   5:    1432704 bytes,    8101928 total
[2023-06-15T09:08:08.581+0000][70][gc,heap     ] GC(13) Eden regions: 8->0(35)
[2023-06-15T09:08:08.582+0000][70][gc,heap     ] GC(13) Survivor regions: 4->3(5)
[2023-06-15T09:08:08.583+0000][70][gc,heap     ] GC(13) Old regions: 5->6
[2023-06-15T09:08:08.584+0000][70][gc,heap     ] GC(13) Archive regions: 2->2
[2023-06-15T09:08:08.586+0000][70][gc,heap     ] GC(13) Humongous regions: 0->0
[2023-06-15T09:08:08.587+0000][70][gc,metaspace] GC(13) Metaspace: 35309K(36096K)->35309K(36096K) NonClass: 31273K(31744K)->31273K(31744K) Class: 4036K(4352K)->4036K(4352K)
[2023-06-15T09:08:08.588+0000][70][gc          ] GC(13) Pause Young (Concurrent Start) (Metadata GC Threshold) 65M->33M(256M) 31.309ms
[2023-06-15T09:08:08.589+0000][70][gc,cpu      ] GC(13) User=0.03s Sys=0.01s Real=0.03s
[2023-06-15T09:08:08.589+0000][70][gc          ] GC(14) Concurrent Mark Cycle
[2023-06-15T09:08:08.590+0000][70][gc,marking  ] GC(14) Concurrent Clear Claimed Marks
[2023-06-15T09:08:08.591+0000][70][gc,marking  ] GC(14) Concurrent Clear Claimed Marks 0.811ms
[2023-06-15T09:08:08.592+0000][70][gc,marking  ] GC(14) Concurrent Scan Root Regions
[2023-06-15T09:08:08.590+0000][70][safepoint   ] Safepoint "CollectForMetadataAllocation", Time since last: 237122680 ns, Reaching safepoint: 120121 ns, At safepoint: 32851713 ns, Total: 32971834 ns
[2023-06-15T09:08:08.603+0000][70][gc,marking  ] GC(14) Concurrent Scan Root Regions 11.164ms
[2023-06-15T09:08:08.607+0000][70][gc,marking  ] GC(14) Concurrent Mark
[2023-06-15T09:08:08.608+0000][70][gc,marking  ] GC(14) Concurrent Mark From Roots
[2023-06-15T09:08:08.609+0000][70][gc,task     ] GC(14) Using 1 workers of 1 for marking
[2023-06-15T09:08:08.662+0000][70][gc,marking  ] GC(14) Concurrent Mark From Roots 54.020ms
[2023-06-15T09:08:08.671+0000][70][gc,marking  ] GC(14) Concurrent Preclean
[2023-06-15T09:08:08.672+0000][70][gc,marking  ] GC(14) Concurrent Preclean 0.720ms
[2023-06-15T09:08:08.673+0000][70][gc,start    ] GC(14) Pause Remark
[2023-06-15T09:08:08.688+0000][70][gc          ] GC(14) Pause Remark 35M->35M(256M) 14.414ms
[2023-06-15T09:08:08.689+0000][70][gc,cpu      ] GC(14) User=0.03s Sys=0.00s Real=0.02s
[2023-06-15T09:08:08.690+0000][70][safepoint   ] Safepoint "G1PauseRemark", Time since last: 83379819 ns, Reaching safepoint: 241834 ns, At safepoint: 16207847 ns, Total: 16449681 ns
[2023-06-15T09:08:08.693+0000][70][gc,marking  ] GC(14) Concurrent Mark 86.393ms
[2023-06-15T09:08:08.694+0000][70][gc,marking  ] GC(14) Concurrent Rebuild Remembered Sets
[2023-06-15T09:08:08.726+0000][70][gc,marking  ] GC(14) Concurrent Rebuild Remembered Sets 31.382ms
[2023-06-15T09:08:08.727+0000][70][gc,start    ] GC(14) Pause Cleanup
[2023-06-15T09:08:08.730+0000][70][gc          ] GC(14) Pause Cleanup 37M->37M(256M) 2.444ms
[2023-06-15T09:08:08.731+0000][70][gc,cpu      ] GC(14) User=0.01s Sys=0.00s Real=0.00s
[2023-06-15T09:08:08.733+0000][70][safepoint   ] Safepoint "G1PauseCleanup", Time since last: 37369054 ns, Reaching safepoint: 225600 ns, At safepoint: 5562382 ns, Total: 5787982 ns
[2023-06-15T09:08:08.735+0000][70][gc,marking  ] GC(14) Concurrent Cleanup for Next Mark
[2023-06-15T09:08:08.736+0000][70][gc,marking  ] GC(14) Concurrent Cleanup for Next Mark 1.205ms
[2023-06-15T09:08:08.738+0000][70][gc          ] GC(14) Concurrent Mark Cycle 148.419ms
[2023-06-15T09:08:09.735+0000][70][safepoint   ] Safepoint "Cleanup", Time since last: 1001830703 ns, Reaching safepoint: 521659 ns, At safepoint: 40943 ns, Total: 562602 ns
[2023-06-15T09:08:10.839+0000][70][safepoint   ] Safepoint "Cleanup", Time since last: 1103608933 ns, Reaching safepoint: 268884 ns, At safepoint: 6882 ns, Total: 275766 ns
[2023-06-15T09:08:11.741+0000][70][gc,start    ] GC(15) Pause Young (Normal) (G1 Evacuation Pause)
[2023-06-15T09:08:11.742+0000][70][gc,task     ] GC(15) Using 4 workers of 4 for evacuation
[2023-06-15T09:08:11.745+0000][70][gc,age      ] GC(15) Desired survivor size 10485760 bytes, new threshold 15 (max threshold 15)
[2023-06-15T09:08:11.770+0000][70][gc,phases   ] GC(15)   Pre Evacuate Collection Set: 0.1ms
[2023-06-15T09:08:11.773+0000][70][gc,phases   ] GC(15)   Merge Heap Roots: 0.1ms
[2023-06-15T09:08:11.774+0000][70][gc,phases   ] GC(15)   Evacuate Collection Set: 19.2ms
[2023-06-15T09:08:11.779+0000][70][gc,phases   ] GC(15)   Post Evacuate Collection Set: 4.2ms
[2023-06-15T09:08:11.779+0000][70][gc,phases   ] GC(15)   Other: 4.5ms
[2023-06-15T09:08:11.780+0000][70][gc,age      ] GC(15) Age table with threshold 15 (max threshold 15)
[2023-06-15T09:08:11.781+0000][70][gc,age      ] GC(15) - age   1:   11453696 bytes,   11453696 total
[2023-06-15T09:08:11.782+0000][70][gc,age      ] GC(15) - age   2:     411848 bytes,   11865544 total
[2023-06-15T09:08:11.783+0000][70][gc,age      ] GC(15) - age   3:    2003104 bytes,   13868648 total
[2023-06-15T09:08:11.783+0000][70][gc,age      ] GC(15) - age   4:    1133304 bytes,   15001952 total
[2023-06-15T09:08:11.784+0000][70][gc,age      ] GC(15) - age   5:    3067616 bytes,   18069568 total
[2023-06-15T09:08:11.784+0000][70][gc,age      ] GC(15) - age   6:    1425264 bytes,   19494832 total
[2023-06-15T09:08:11.785+0000][70][gc,heap     ] GC(15) Eden regions: 35->0(33)
[2023-06-15T09:08:11.785+0000][70][gc,heap     ] GC(15) Survivor regions: 3->5(5)
[2023-06-15T09:08:11.786+0000][70][gc,heap     ] GC(15) Old regions: 6->6
[2023-06-15T09:08:11.786+0000][70][gc,heap     ] GC(15) Archive regions: 2->2
[2023-06-15T09:08:11.787+0000][70][gc,heap     ] GC(15) Humongous regions: 0->0
[2023-06-15T09:08:11.787+0000][70][gc,metaspace] GC(15) Metaspace: 44080K(45376K)->44080K(45376K) NonClass: 38840K(39552K)->38840K(39552K) Class: 5239K(5824K)->5239K(5824K)
[2023-06-15T09:08:11.788+0000][70][gc          ] GC(15) Pause Young (Normal) (G1 Evacuation Pause) 173M->43M(256M) 46.967ms
[2023-06-15T09:08:11.789+0000][70][gc,cpu      ] GC(15) User=0.04s Sys=0.00s Real=0.05s
[2023-06-15T09:08:11.789+0000][70][safepoint   ] Safepoint "G1CollectForAllocation", Time since last: 901883821 ns, Reaching safepoint: 224324 ns, At safepoint: 48233431 ns, Total: 48457755 ns
[2023-06-15T09:08:12.798+0000][70][safepoint   ] Safepoint "Cleanup", Time since last: 1008019303 ns, Reaching safepoint: 524547 ns, At safepoint: 11752 ns, Total: 536299 ns
[2023-06-15T09:08:12.883+0000][70][gc,start    ] GC(16) Pause Young (Normal) (G1 Evacuation Pause)
[2023-06-15T09:08:12.884+0000][70][gc,task     ] GC(16) Using 4 workers of 4 for evacuation
[2023-06-15T09:08:12.885+0000][70][gc,age      ] GC(16) Desired survivor size 10485760 bytes, new threshold 1 (max threshold 15)
[2023-06-15T09:08:12.905+0000][70][gc,phases   ] GC(16)   Pre Evacuate Collection Set: 0.1ms
[2023-06-15T09:08:12.906+0000][70][gc,phases   ] GC(16)   Merge Heap Roots: 0.1ms
[2023-06-15T09:08:12.907+0000][70][gc,phases   ] GC(16)   Evacuate Collection Set: 18.2ms
[2023-06-15T09:08:12.908+0000][70][gc,phases   ] GC(16)   Post Evacuate Collection Set: 0.8ms
[2023-06-15T09:08:12.910+0000][70][gc,phases   ] GC(16)   Other: 1.8ms
[2023-06-15T09:08:12.911+0000][70][gc,age      ] GC(16) Age table with threshold 1 (max threshold 15)
[2023-06-15T09:08:12.912+0000][70][gc,age      ] GC(16) - age   1:    7012112 bytes,    7012112 total
[2023-06-15T09:08:12.913+0000][70][gc,heap     ] GC(16) Eden regions: 33->0(35)
[2023-06-15T09:08:12.914+0000][70][gc,heap     ] GC(16) Survivor regions: 5->2(5)
[2023-06-15T09:08:12.915+0000][70][gc,heap     ] GC(16) Old regions: 6->10
[2023-06-15T09:08:12.916+0000][70][gc,heap     ] GC(16) Archive regions: 2->2
[2023-06-15T09:08:12.917+0000][70][gc,heap     ] GC(16) Humongous regions: 0->0
[2023-06-15T09:08:12.918+0000][70][gc,metaspace] GC(16) Metaspace: 44119K(45376K)->44119K(45376K) NonClass: 38873K(39552K)->38873K(39552K) Class: 5245K(5824K)->5245K(5824K)
[2023-06-15T09:08:12.918+0000][70][gc          ] GC(16) Pause Young (Normal) (G1 Evacuation Pause) 175M->50M(256M) 35.293ms
[2023-06-15T09:08:12.920+0000][70][gc,cpu      ] GC(16) User=0.04s Sys=0.01s Real=0.04s
[2023-06-15T09:08:12.921+0000][70][safepoint   ] Safepoint "G1CollectForAllocation", Time since last: 85322950 ns, Reaching safepoint: 74930 ns, At safepoint: 38248613 ns, Total: 38323543 ns
[2023-06-15T09:08:13.641+0000][70][safepoint   ] Safepoint "ICBufferFull", Time since last: 719791901 ns, Reaching safepoint: 226548 ns, At safepoint: 3372 ns, Total: 229920 ns
[2023-06-15T09:08:14.642+0000][70][safepoint   ] Safepoint "Cleanup", Time since last: 1000748508 ns, Reaching safepoint: 198535 ns, At safepoint: 2998 ns, Total: 201533 ns
[2023-06-15T09:08:15.040+0000][70][gc,start    ] GC(17) Pause Young (Normal) (G1 Evacuation Pause)
[2023-06-15T09:08:15.040+0000][70][gc,task     ] GC(17) Using 4 workers of 4 for evacuation
[2023-06-15T09:08:15.041+0000][70][gc,age      ] GC(17) Desired survivor size 10485760 bytes, new threshold 15 (max threshold 15)
[2023-06-15T09:08:15.049+0000][70][gc,phases   ] GC(17)   Pre Evacuate Collection Set: 0.1ms
[2023-06-15T09:08:15.050+0000][70][gc,phases   ] GC(17)   Merge Heap Roots: 0.0ms
[2023-06-15T09:08:15.050+0000][70][gc,phases   ] GC(17)   Evacuate Collection Set: 5.8ms
[2023-06-15T09:08:15.051+0000][70][gc,phases   ] GC(17)   Post Evacuate Collection Set: 1.0ms
[2023-06-15T09:08:15.051+0000][70][gc,phases   ] GC(17)   Other: 1.5ms
[2023-06-15T09:08:15.052+0000][70][gc,age      ] GC(17) Age table with threshold 15 (max threshold 15)
[2023-06-15T09:08:15.053+0000][70][gc,age      ] GC(17) - age   1:    5219736 bytes,    5219736 total
[2023-06-15T09:08:15.054+0000][70][gc,age      ] GC(17) - age   2:    6570544 bytes,   11790280 total
[2023-06-15T09:08:15.054+0000][70][gc,heap     ] GC(17) Eden regions: 35->0(34)
[2023-06-15T09:08:15.055+0000][70][gc,heap     ] GC(17) Survivor regions: 2->3(5)
[2023-06-15T09:08:15.055+0000][70][gc,heap     ] GC(17) Old regions: 10->10
[2023-06-15T09:08:15.056+0000][70][gc,heap     ] GC(17) Archive regions: 2->2
[2023-06-15T09:08:15.056+0000][70][gc,heap     ] GC(17) Humongous regions: 0->0
[2023-06-15T09:08:15.056+0000][70][gc,metaspace] GC(17) Metaspace: 52049K(53312K)->52049K(53312K) NonClass: 45755K(46464K)->45755K(46464K) Class: 6293K(6848K)->6293K(6848K)
[2023-06-15T09:08:15.057+0000][70][gc          ] GC(17) Pause Young (Normal) (G1 Evacuation Pause) 190M->54M(256M) 17.275ms
[2023-06-15T09:08:15.057+0000][70][gc,cpu      ] GC(17) User=0.03s Sys=0.00s Real=0.02s
[2023-06-15T09:08:15.058+0000][70][safepoint   ] Safepoint "G1CollectForAllocation", Time since last: 396941419 ns, Reaching safepoint: 264773 ns, At safepoint: 18130433 ns, Total: 18395206 ns
