[2023-06-15T08:13:14.798+0000][537][gc,init] CardTable entry size: 512
[2023-06-15T08:13:14.799+0000][537][gc     ] Using G1
[2023-06-15T08:13:14.829+0000][537][gc,init] Version: 19.0.1+10-21 (release)
[2023-06-15T08:13:14.830+0000][537][gc,init] CPUs: 4 total, 4 available
[2023-06-15T08:13:14.831+0000][537][gc,init] Memory: 7860M
[2023-06-15T08:13:14.832+0000][537][gc,init] Large Page Support: Disabled
[2023-06-15T08:13:14.832+0000][537][gc,init] NUMA Support: Disabled
[2023-06-15T08:13:14.833+0000][537][gc,init] Compressed Oops: Enabled (32-bit)
[2023-06-15T08:13:14.833+0000][537][gc,init] Heap Region Size: 4M
[2023-06-15T08:13:14.834+0000][537][gc,init] Heap Min Capacity: 256M
[2023-06-15T08:13:14.834+0000][537][gc,init] Heap Initial Capacity: 256M
[2023-06-15T08:13:14.834+0000][537][gc,init] Heap Max Capacity: 256M
[2023-06-15T08:13:14.835+0000][537][gc,init] Pre-touch: Enabled
[2023-06-15T08:13:14.835+0000][537][gc,init] Parallel Workers: 4
[2023-06-15T08:13:14.835+0000][537][gc,init] Concurrent Workers: 1
[2023-06-15T08:13:14.836+0000][537][gc,init] Concurrent Refinement Workers: 4
[2023-06-15T08:13:14.836+0000][537][gc,init] Periodic GC: Disabled
[2023-06-15T08:13:14.837+0000][537][gc,metaspace] CDS archive(s) mapped at: [0x0000000800000000-0x0000000800c4f000-0x0000000800c4f000), size 12906496, SharedBaseAddress: 0x0000000800000000, ArchiveRelocationMode: 0.
[2023-06-15T08:13:14.837+0000][537][gc,metaspace] Compressed class space mapped at: 0x0000000801000000-0x0000000841000000, reserved size: 1073741824
[2023-06-15T08:13:14.838+0000][537][gc,metaspace] Narrow klass base: 0x0000000800000000, Narrow klass shift: 0, Narrow klass range: 0x100000000
[2023-06-15T08:13:15.033+0000][537][gc,start    ] GC(0) Pause Young (Normal) (G1 Evacuation Pause)
[2023-06-15T08:13:15.034+0000][537][gc,task     ] GC(0) Using 4 workers of 4 for evacuation
[2023-06-15T08:13:15.035+0000][537][gc,age      ] GC(0) Desired survivor size 2097152 bytes, new threshold 15 (max threshold 15)
[2023-06-15T08:13:15.037+0000][537][gc,phases   ] GC(0)   Pre Evacuate Collection Set: 0.1ms
[2023-06-15T08:13:15.038+0000][537][gc,phases   ] GC(0)   Merge Heap Roots: 0.1ms
[2023-06-15T08:13:15.038+0000][537][gc,phases   ] GC(0)   Evacuate Collection Set: 1.0ms
[2023-06-15T08:13:15.039+0000][537][gc,phases   ] GC(0)   Post Evacuate Collection Set: 0.5ms
[2023-06-15T08:13:15.039+0000][537][gc,phases   ] GC(0)   Other: 1.4ms
[2023-06-15T08:13:15.040+0000][537][gc,age      ] GC(0) Age table with threshold 15 (max threshold 15)
[2023-06-15T08:13:15.040+0000][537][gc,age      ] GC(0) - age   1:     812936 bytes,     812936 total
[2023-06-15T08:13:15.041+0000][537][gc,heap     ] GC(0) Eden regions: 3->0(11)
[2023-06-15T08:13:15.041+0000][537][gc,heap     ] GC(0) Survivor regions: 0->1(1)
[2023-06-15T08:13:15.042+0000][537][gc,heap     ] GC(0) Old regions: 0->0
[2023-06-15T08:13:15.042+0000][537][gc,heap     ] GC(0) Archive regions: 2->2
[2023-06-15T08:13:15.043+0000][537][gc,heap     ] GC(0) Humongous regions: 0->0
[2023-06-15T08:13:15.043+0000][537][gc,metaspace] GC(0) Metaspace: 627K(832K)->627K(832K) NonClass: 587K(704K)->587K(704K) Class: 39K(128K)->39K(128K)
[2023-06-15T08:13:15.044+0000][537][gc          ] GC(0) Pause Young (Normal) (G1 Evacuation Pause) 15M->4M(256M) 11.721ms
[2023-06-15T08:13:15.045+0000][537][gc,cpu      ] GC(0) User=0.00s Sys=0.00s Real=0.02s
[2023-06-15T08:13:15.046+0000][537][safepoint   ] Safepoint "G1CollectForAllocation", Time since last: 189560741 ns, Reaching safepoint: 64211 ns, At safepoint: 13043843 ns, Total: 13108054 ns
[2023-06-15T08:13:15.371+0000][537][safepoint   ] Safepoint "ICBufferFull", Time since last: 325172575 ns, Reaching safepoint: 325517 ns, At safepoint: 84513 ns, Total: 410030 ns
[2023-06-15T08:13:15.756+0000][537][gc,start    ] GC(1) Pause Young (Normal) (G1 Evacuation Pause)
[2023-06-15T08:13:15.757+0000][537][gc,task     ] GC(1) Using 4 workers of 4 for evacuation
[2023-06-15T08:13:15.758+0000][537][gc,age      ] GC(1) Desired survivor size 4194304 bytes, new threshold 15 (max threshold 15)
[2023-06-15T08:13:15.762+0000][537][gc,phases   ] GC(1)   Pre Evacuate Collection Set: 0.1ms
[2023-06-15T08:13:15.763+0000][537][gc,phases   ] GC(1)   Merge Heap Roots: 0.1ms
[2023-06-15T08:13:15.764+0000][537][gc,phases   ] GC(1)   Evacuate Collection Set: 2.5ms
[2023-06-15T08:13:15.765+0000][537][gc,phases   ] GC(1)   Post Evacuate Collection Set: 0.9ms
[2023-06-15T08:13:15.765+0000][537][gc,phases   ] GC(1)   Other: 1.3ms
[2023-06-15T08:13:15.765+0000][537][gc,age      ] GC(1) Age table with threshold 15 (max threshold 15)
[2023-06-15T08:13:15.766+0000][537][gc,age      ] GC(1) - age   1:    5438320 bytes,    5438320 total
[2023-06-15T08:13:15.766+0000][537][gc,age      ] GC(1) - age   2:     405704 bytes,    5844024 total
[2023-06-15T08:13:15.767+0000][537][gc,heap     ] GC(1) Eden regions: 11->0(36)
[2023-06-15T08:13:15.768+0000][537][gc,heap     ] GC(1) Survivor regions: 1->2(2)
[2023-06-15T08:13:15.768+0000][537][gc,heap     ] GC(1) Old regions: 0->0
[2023-06-15T08:13:15.769+0000][537][gc,heap     ] GC(1) Archive regions: 2->2
[2023-06-15T08:13:15.769+0000][537][gc,heap     ] GC(1) Humongous regions: 0->0
[2023-06-15T08:13:15.770+0000][537][gc,metaspace] GC(1) Metaspace: 10109K(10432K)->10109K(10432K) NonClass: 8911K(9088K)->8911K(9088K) Class: 1198K(1344K)->1198K(1344K)
[2023-06-15T08:13:15.770+0000][537][gc          ] GC(1) Pause Young (Normal) (G1 Evacuation Pause) 48M->9M(256M) 14.092ms
[2023-06-15T08:13:15.771+0000][537][gc,cpu      ] GC(1) User=0.02s Sys=0.00s Real=0.01s
[2023-06-15T08:13:15.771+0000][537][safepoint   ] Safepoint "G1CollectForAllocation", Time since last: 384611492 ns, Reaching safepoint: 246995 ns, At safepoint: 15206722 ns, Total: 15453717 ns
[2023-06-15T08:13:16.107+0000][537][safepoint   ] Safepoint "ICBufferFull", Time since last: 335847905 ns, Reaching safepoint: 229555 ns, At safepoint: 28114 ns, Total: 257669 ns
[2023-06-15T08:13:16.552+0000][537][safepoint   ] Safepoint "ICBufferFull", Time since last: 444219721 ns, Reaching safepoint: 415375 ns, At safepoint: 53848 ns, Total: 469223 ns
[2023-06-15T08:13:16.936+0000][537][safepoint   ] Safepoint "ICBufferFull", Time since last: 383645347 ns, Reaching safepoint: 305808 ns, At safepoint: 8275 ns, Total: 314083 ns
[2023-06-15T08:13:17.171+0000][537][gc,start    ] GC(2) Pause Young (Normal) (G1 Evacuation Pause)
[2023-06-15T08:13:17.172+0000][537][gc,task     ] GC(2) Using 4 workers of 4 for evacuation
[2023-06-15T08:13:17.173+0000][537][gc,age      ] GC(2) Desired survivor size 10485760 bytes, new threshold 15 (max threshold 15)
[2023-06-15T08:13:17.181+0000][537][gc,phases   ] GC(2)   Pre Evacuate Collection Set: 0.2ms
[2023-06-15T08:13:17.182+0000][537][gc,phases   ] GC(2)   Merge Heap Roots: 0.1ms
[2023-06-15T08:13:17.182+0000][537][gc,phases   ] GC(2)   Evacuate Collection Set: 5.6ms
[2023-06-15T08:13:17.183+0000][537][gc,phases   ] GC(2)   Post Evacuate Collection Set: 1.5ms
[2023-06-15T08:13:17.184+0000][537][gc,phases   ] GC(2)   Other: 1.4ms
[2023-06-15T08:13:17.184+0000][537][gc,age      ] GC(2) Age table with threshold 15 (max threshold 15)
[2023-06-15T08:13:17.185+0000][537][gc,age      ] GC(2) - age   1:    7159840 bytes,    7159840 total
[2023-06-15T08:13:17.185+0000][537][gc,age      ] GC(2) - age   2:    5348120 bytes,   12507960 total
[2023-06-15T08:13:17.186+0000][537][gc,age      ] GC(2) - age   3:     404304 bytes,   12912264 total
[2023-06-15T08:13:17.186+0000][537][gc,heap     ] GC(2) Eden regions: 36->0(34)
[2023-06-15T08:13:17.187+0000][537][gc,heap     ] GC(2) Survivor regions: 2->4(5)
[2023-06-15T08:13:17.187+0000][537][gc,heap     ] GC(2) Old regions: 0->0
[2023-06-15T08:13:17.188+0000][537][gc,heap     ] GC(2) Archive regions: 2->2
[2023-06-15T08:13:17.188+0000][537][gc,heap     ] GC(2) Humongous regions: 0->0
[2023-06-15T08:13:17.188+0000][537][gc,metaspace] GC(2) Metaspace: 18401K(18880K)->18401K(18880K) NonClass: 16337K(16576K)->16337K(16576K) Class: 2064K(2304K)->2064K(2304K)
[2023-06-15T08:13:17.189+0000][537][gc          ] GC(2) Pause Young (Normal) (G1 Evacuation Pause) 153M->16M(256M) 17.967ms
[2023-06-15T08:13:17.189+0000][537][gc,cpu      ] GC(2) User=0.03s Sys=0.01s Real=0.02s
[2023-06-15T08:13:17.190+0000][537][safepoint   ] Safepoint "G1CollectForAllocation", Time since last: 234532393 ns, Reaching safepoint: 225631 ns, At safepoint: 19451422 ns, Total: 19677053 ns
[2023-06-15T08:13:17.352+0000][537][gc,start    ] GC(3) Pause Young (Concurrent Start) (Metadata GC Threshold)
[2023-06-15T08:13:17.353+0000][537][gc,task     ] GC(3) Using 4 workers of 4 for evacuation
[2023-06-15T08:13:17.353+0000][537][gc,age      ] GC(3) Desired survivor size 10485760 bytes, new threshold 2 (max threshold 15)
[2023-06-15T08:13:17.361+0000][537][gc,phases   ] GC(3)   Pre Evacuate Collection Set: 0.2ms
[2023-06-15T08:13:17.361+0000][537][gc,phases   ] GC(3)   Merge Heap Roots: 0.1ms
[2023-06-15T08:13:17.362+0000][537][gc,phases   ] GC(3)   Evacuate Collection Set: 4.4ms
[2023-06-15T08:13:17.363+0000][537][gc,phases   ] GC(3)   Post Evacuate Collection Set: 2.0ms
[2023-06-15T08:13:17.363+0000][537][gc,phases   ] GC(3)   Other: 1.7ms
[2023-06-15T08:13:17.363+0000][537][gc,age      ] GC(3) Age table with threshold 2 (max threshold 15)
[2023-06-15T08:13:17.364+0000][537][gc,age      ] GC(3) - age   1:    1005424 bytes,    1005424 total
[2023-06-15T08:13:17.364+0000][537][gc,age      ] GC(3) - age   2:    4351352 bytes,    5356776 total
[2023-06-15T08:13:17.365+0000][537][gc,heap     ] GC(3) Eden regions: 11->0(36)
[2023-06-15T08:13:17.366+0000][537][gc,heap     ] GC(3) Survivor regions: 4->2(5)
[2023-06-15T08:13:17.366+0000][537][gc,heap     ] GC(3) Old regions: 0->2
[2023-06-15T08:13:17.367+0000][537][gc,heap     ] GC(3) Archive regions: 2->2
[2023-06-15T08:13:17.367+0000][537][gc,heap     ] GC(3) Humongous regions: 0->0
[2023-06-15T08:13:17.368+0000][537][gc,metaspace] GC(3) Metaspace: 21003K(21504K)->21003K(21504K) NonClass: 18701K(18944K)->18701K(18944K) Class: 2302K(2560K)->2302K(2560K)
[2023-06-15T08:13:17.368+0000][537][gc          ] GC(3) Pause Young (Concurrent Start) (Metadata GC Threshold) 60M->15M(256M) 16.500ms
[2023-06-15T08:13:17.369+0000][537][gc,cpu      ] GC(3) User=0.03s Sys=0.00s Real=0.02s
[2023-06-15T08:13:17.369+0000][537][gc          ] GC(4) Concurrent Mark Cycle
[2023-06-15T08:13:17.370+0000][537][gc,marking  ] GC(4) Concurrent Clear Claimed Marks
[2023-06-15T08:13:17.372+0000][537][gc,marking  ] GC(4) Concurrent Clear Claimed Marks 1.054ms
[2023-06-15T08:13:17.372+0000][537][gc,marking  ] GC(4) Concurrent Scan Root Regions
[2023-06-15T08:13:17.370+0000][537][safepoint   ] Safepoint "CollectForMetadataAllocation", Time since last: 160963326 ns, Reaching safepoint: 340147 ns, At safepoint: 18151946 ns, Total: 18492093 ns
[2023-06-15T08:13:17.377+0000][537][gc,marking  ] GC(4) Concurrent Scan Root Regions 5.067ms
[2023-06-15T08:13:17.378+0000][537][gc,marking  ] GC(4) Concurrent Mark
[2023-06-15T08:13:17.379+0000][537][gc,marking  ] GC(4) Concurrent Mark From Roots
[2023-06-15T08:13:17.379+0000][537][gc,task     ] GC(4) Using 1 workers of 1 for marking
[2023-06-15T08:13:17.381+0000][537][gc,marking  ] GC(4) Concurrent Mark From Roots 1.827ms
[2023-06-15T08:13:17.381+0000][537][gc,marking  ] GC(4) Concurrent Preclean
[2023-06-15T08:13:17.382+0000][537][gc,marking  ] GC(4) Concurrent Preclean 0.581ms
[2023-06-15T08:13:17.383+0000][537][gc,start    ] GC(4) Pause Remark
[2023-06-15T08:13:17.386+0000][537][gc          ] GC(4) Pause Remark 17M->17M(256M) 3.578ms
[2023-06-15T08:13:17.387+0000][537][gc,cpu      ] GC(4) User=0.00s Sys=0.00s Real=0.01s
[2023-06-15T08:13:17.388+0000][537][safepoint   ] Safepoint "G1PauseRemark", Time since last: 12596793 ns, Reaching safepoint: 258208 ns, At safepoint: 4963709 ns, Total: 5221917 ns
[2023-06-15T08:13:17.388+0000][537][gc,marking  ] GC(4) Concurrent Mark 10.041ms
[2023-06-15T08:13:17.389+0000][537][gc,marking  ] GC(4) Concurrent Rebuild Remembered Sets
[2023-06-15T08:13:17.392+0000][537][gc,marking  ] GC(4) Concurrent Rebuild Remembered Sets 3.482ms
[2023-06-15T08:13:17.394+0000][537][gc,start    ] GC(4) Pause Cleanup
[2023-06-15T08:13:17.394+0000][537][gc          ] GC(4) Pause Cleanup 17M->17M(256M) 0.810ms
[2023-06-15T08:13:17.395+0000][537][gc,cpu      ] GC(4) User=0.00s Sys=0.00s Real=0.00s
[2023-06-15T08:13:17.396+0000][537][safepoint   ] Safepoint "G1PauseCleanup", Time since last: 5934109 ns, Reaching safepoint: 136833 ns, At safepoint: 2307122 ns, Total: 2443955 ns
[2023-06-15T08:13:17.397+0000][537][gc,marking  ] GC(4) Concurrent Cleanup for Next Mark
[2023-06-15T08:13:17.397+0000][537][gc,marking  ] GC(4) Concurrent Cleanup for Next Mark 0.973ms
[2023-06-15T08:13:17.398+0000][537][gc          ] GC(4) Concurrent Mark Cycle 29.258ms
[2023-06-15T08:13:17.810+0000][537][safepoint   ] Safepoint "ICBufferFull", Time since last: 413742113 ns, Reaching safepoint: 203363 ns, At safepoint: 3874 ns, Total: 207237 ns
[2023-06-15T08:13:17.863+0000][537][gc,start    ] GC(5) Pause Young (Normal) (G1 Evacuation Pause)
[2023-06-15T08:13:17.864+0000][537][gc,task     ] GC(5) Using 4 workers of 4 for evacuation
[2023-06-15T08:13:17.865+0000][537][gc,age      ] GC(5) Desired survivor size 10485760 bytes, new threshold 15 (max threshold 15)
[2023-06-15T08:13:17.875+0000][537][gc,phases   ] GC(5)   Pre Evacuate Collection Set: 0.2ms
[2023-06-15T08:13:17.875+0000][537][gc,phases   ] GC(5)   Merge Heap Roots: 0.3ms
[2023-06-15T08:13:17.877+0000][537][gc,phases   ] GC(5)   Evacuate Collection Set: 4.4ms
[2023-06-15T08:13:17.877+0000][537][gc,phases   ] GC(5)   Post Evacuate Collection Set: 0.8ms
[2023-06-15T08:13:17.878+0000][537][gc,phases   ] GC(5)   Other: 4.6ms
[2023-06-15T08:13:17.878+0000][537][gc,age      ] GC(5) Age table with threshold 15 (max threshold 15)
[2023-06-15T08:13:17.879+0000][537][gc,age      ] GC(5) - age   1:    5087696 bytes,    5087696 total
[2023-06-15T08:13:17.879+0000][537][gc,age      ] GC(5) - age   2:     985520 bytes,    6073216 total
[2023-06-15T08:13:17.880+0000][537][gc,age      ] GC(5) - age   3:    4345664 bytes,   10418880 total
[2023-06-15T08:13:17.880+0000][537][gc,heap     ] GC(5) Eden regions: 36->0(35)
[2023-06-15T08:13:17.880+0000][537][gc,heap     ] GC(5) Survivor regions: 2->3(5)
[2023-06-15T08:13:17.881+0000][537][gc,heap     ] GC(5) Old regions: 2->2
[2023-06-15T08:13:17.881+0000][537][gc,heap     ] GC(5) Archive regions: 2->2
[2023-06-15T08:13:17.882+0000][537][gc,heap     ] GC(5) Humongous regions: 0->0
[2023-06-15T08:13:17.882+0000][537][gc,metaspace] GC(5) Metaspace: 25233K(25792K)->25233K(25792K) NonClass: 22337K(22656K)->22337K(22656K) Class: 2895K(3136K)->2895K(3136K)
[2023-06-15T08:13:17.883+0000][537][gc          ] GC(5) Pause Young (Normal) (G1 Evacuation Pause) 159M->19M(256M) 19.459ms
[2023-06-15T08:13:17.883+0000][537][gc,cpu      ] GC(5) User=0.02s Sys=0.00s Real=0.02s
[2023-06-15T08:13:17.884+0000][537][safepoint   ] Safepoint "G1CollectForAllocation", Time since last: 52888070 ns, Reaching safepoint: 411646 ns, At safepoint: 20769857 ns, Total: 21181503 ns
[2023-06-15T08:13:18.100+0000][537][gc,start    ] GC(6) Pause Young (Normal) (G1 Evacuation Pause)
[2023-06-15T08:13:18.101+0000][537][gc,task     ] GC(6) Using 4 workers of 4 for evacuation
[2023-06-15T08:13:18.101+0000][537][gc,age      ] GC(6) Desired survivor size 10485760 bytes, new threshold 15 (max threshold 15)
[2023-06-15T08:13:18.107+0000][537][gc,phases   ] GC(6)   Pre Evacuate Collection Set: 0.1ms
[2023-06-15T08:13:18.108+0000][537][gc,phases   ] GC(6)   Merge Heap Roots: 0.1ms
[2023-06-15T08:13:18.108+0000][537][gc,phases   ] GC(6)   Evacuate Collection Set: 3.7ms
[2023-06-15T08:13:18.109+0000][537][gc,phases   ] GC(6)   Post Evacuate Collection Set: 0.8ms
[2023-06-15T08:13:18.109+0000][537][gc,phases   ] GC(6)   Other: 1.3ms
[2023-06-15T08:13:18.110+0000][537][gc,age      ] GC(6) Age table with threshold 15 (max threshold 15)
[2023-06-15T08:13:18.110+0000][537][gc,age      ] GC(6) - age   1:    2870744 bytes,    2870744 total
[2023-06-15T08:13:18.111+0000][537][gc,age      ] GC(6) - age   2:    4168968 bytes,    7039712 total
[2023-06-15T08:13:18.111+0000][537][gc,age      ] GC(6) - age   3:     985488 bytes,    8025200 total
[2023-06-15T08:13:18.112+0000][537][gc,age      ] GC(6) - age   4:    4345296 bytes,   12370496 total
[2023-06-15T08:13:18.113+0000][537][gc,heap     ] GC(6) Eden regions: 35->0(34)
[2023-06-15T08:13:18.114+0000][537][gc,heap     ] GC(6) Survivor regions: 3->4(5)
[2023-06-15T08:13:18.115+0000][537][gc,heap     ] GC(6) Old regions: 2->2
[2023-06-15T08:13:18.116+0000][537][gc,heap     ] GC(6) Archive regions: 2->2
[2023-06-15T08:13:18.116+0000][537][gc,heap     ] GC(6) Humongous regions: 0->0
[2023-06-15T08:13:18.117+0000][537][gc,metaspace] GC(6) Metaspace: 25631K(26240K)->25631K(26240K) NonClass: 22698K(23040K)->22698K(23040K) Class: 2932K(3200K)->2932K(3200K)
[2023-06-15T08:13:18.117+0000][537][gc          ] GC(6) Pause Young (Normal) (G1 Evacuation Pause) 159M->22M(256M) 17.847ms
[2023-06-15T08:13:18.118+0000][537][gc,cpu      ] GC(6) User=0.02s Sys=0.00s Real=0.02s
[2023-06-15T08:13:18.118+0000][537][safepoint   ] Safepoint "G1CollectForAllocation", Time since last: 215249138 ns, Reaching safepoint: 295061 ns, At safepoint: 18905311 ns, Total: 19200372 ns
[2023-06-15T08:13:18.410+0000][537][gc,start    ] GC(7) Pause Young (Normal) (G1 Evacuation Pause)
[2023-06-15T08:13:18.410+0000][537][gc,task     ] GC(7) Using 4 workers of 4 for evacuation
[2023-06-15T08:13:18.411+0000][537][gc,age      ] GC(7) Desired survivor size 10485760 bytes, new threshold 4 (max threshold 15)
[2023-06-15T08:13:18.416+0000][537][gc,phases   ] GC(7)   Pre Evacuate Collection Set: 0.3ms
[2023-06-15T08:13:18.417+0000][537][gc,phases   ] GC(7)   Merge Heap Roots: 0.2ms
[2023-06-15T08:13:18.418+0000][537][gc,phases   ] GC(7)   Evacuate Collection Set: 3.5ms
[2023-06-15T08:13:18.418+0000][537][gc,phases   ] GC(7)   Post Evacuate Collection Set: 1.0ms
[2023-06-15T08:13:18.419+0000][537][gc,phases   ] GC(7)   Other: 1.4ms
[2023-06-15T08:13:18.419+0000][537][gc,age      ] GC(7) Age table with threshold 4 (max threshold 15)
[2023-06-15T08:13:18.420+0000][537][gc,age      ] GC(7) - age   1:    1044888 bytes,    1044888 total
[2023-06-15T08:13:18.420+0000][537][gc,age      ] GC(7) - age   2:    2431344 bytes,    3476232 total
[2023-06-15T08:13:18.421+0000][537][gc,age      ] GC(7) - age   3:    4168824 bytes,    7645056 total
[2023-06-15T08:13:18.421+0000][537][gc,age      ] GC(7) - age   4:     985488 bytes,    8630544 total
[2023-06-15T08:13:18.422+0000][537][gc,heap     ] GC(7) Eden regions: 34->0(35)
[2023-06-15T08:13:18.422+0000][537][gc,heap     ] GC(7) Survivor regions: 4->3(5)
[2023-06-15T08:13:18.423+0000][537][gc,heap     ] GC(7) Old regions: 2->3
[2023-06-15T08:13:18.423+0000][537][gc,heap     ] GC(7) Archive regions: 2->2
[2023-06-15T08:13:18.423+0000][537][gc,heap     ] GC(7) Humongous regions: 0->0
[2023-06-15T08:13:18.424+0000][537][gc,metaspace] GC(7) Metaspace: 26100K(26752K)->26100K(26752K) NonClass: 23103K(23488K)->23103K(23488K) Class: 2997K(3264K)->2997K(3264K)
[2023-06-15T08:13:18.424+0000][537][gc          ] GC(7) Pause Young (Normal) (G1 Evacuation Pause) 158M->23M(256M) 14.873ms
[2023-06-15T08:13:18.425+0000][537][gc,cpu      ] GC(7) User=0.02s Sys=0.00s Real=0.02s
[2023-06-15T08:13:18.425+0000][537][safepoint   ] Safepoint "G1CollectForAllocation", Time since last: 290876880 ns, Reaching safepoint: 208307 ns, At safepoint: 15829299 ns, Total: 16037606 ns
[2023-06-15T08:13:18.873+0000][537][gc,start    ] GC(8) Pause Young (Normal) (G1 Evacuation Pause)
[2023-06-15T08:13:18.874+0000][537][gc,task     ] GC(8) Using 4 workers of 4 for evacuation
[2023-06-15T08:13:18.875+0000][537][gc,age      ] GC(8) Desired survivor size 10485760 bytes, new threshold 15 (max threshold 15)
[2023-06-15T08:13:18.880+0000][537][gc,phases   ] GC(8)   Pre Evacuate Collection Set: 0.1ms
[2023-06-15T08:13:18.880+0000][537][gc,phases   ] GC(8)   Merge Heap Roots: 0.1ms
[2023-06-15T08:13:18.881+0000][537][gc,phases   ] GC(8)   Evacuate Collection Set: 3.1ms
[2023-06-15T08:13:18.881+0000][537][gc,phases   ] GC(8)   Post Evacuate Collection Set: 0.8ms
[2023-06-15T08:13:18.882+0000][537][gc,phases   ] GC(8)   Other: 1.1ms
[2023-06-15T08:13:18.882+0000][537][gc,age      ] GC(8) Age table with threshold 15 (max threshold 15)
[2023-06-15T08:13:18.883+0000][537][gc,age      ] GC(8) - age   1:    4153592 bytes,    4153592 total
[2023-06-15T08:13:18.884+0000][537][gc,age      ] GC(8) - age   2:     375456 bytes,    4529048 total
[2023-06-15T08:13:18.884+0000][537][gc,age      ] GC(8) - age   3:    2431344 bytes,    6960392 total
[2023-06-15T08:13:18.885+0000][537][gc,age      ] GC(8) - age   4:    4163832 bytes,   11124224 total
[2023-06-15T08:13:18.885+0000][537][gc,age      ] GC(8) - age   5:     984576 bytes,   12108800 total
[2023-06-15T08:13:18.886+0000][537][gc,heap     ] GC(8) Eden regions: 35->0(34)
[2023-06-15T08:13:18.886+0000][537][gc,heap     ] GC(8) Survivor regions: 3->4(5)
[2023-06-15T08:13:18.887+0000][537][gc,heap     ] GC(8) Old regions: 3->3
[2023-06-15T08:13:18.887+0000][537][gc,heap     ] GC(8) Archive regions: 2->2
[2023-06-15T08:13:18.888+0000][537][gc,heap     ] GC(8) Humongous regions: 0->0
[2023-06-15T08:13:18.888+0000][537][gc,metaspace] GC(8) Metaspace: 32118K(32832K)->32118K(32832K) NonClass: 28468K(28864K)->28468K(28864K) Class: 3650K(3968K)->3650K(3968K)
[2023-06-15T08:13:18.889+0000][537][gc          ] GC(8) Pause Young (Normal) (G1 Evacuation Pause) 163M->26M(256M) 15.402ms
[2023-06-15T08:13:18.889+0000][537][gc,cpu      ] GC(8) User=0.02s Sys=0.01s Real=0.01s
[2023-06-15T08:13:18.890+0000][537][safepoint   ] Safepoint "G1CollectForAllocation", Time since last: 447652394 ns, Reaching safepoint: 294221 ns, At safepoint: 16239529 ns, Total: 16533750 ns
[2023-06-15T08:13:19.068+0000][537][gc,start    ] GC(9) Pause Young (Normal) (G1 Evacuation Pause)
[2023-06-15T08:13:19.069+0000][537][gc,task     ] GC(9) Using 4 workers of 4 for evacuation
[2023-06-15T08:13:19.070+0000][537][gc,age      ] GC(9) Desired survivor size 10485760 bytes, new threshold 4 (max threshold 15)
[2023-06-15T08:13:19.076+0000][537][gc,phases   ] GC(9)   Pre Evacuate Collection Set: 0.1ms
[2023-06-15T08:13:19.076+0000][537][gc,phases   ] GC(9)   Merge Heap Roots: 0.1ms
[2023-06-15T08:13:19.077+0000][537][gc,phases   ] GC(9)   Evacuate Collection Set: 3.4ms
[2023-06-15T08:13:19.077+0000][537][gc,phases   ] GC(9)   Post Evacuate Collection Set: 1.1ms
[2023-06-15T08:13:19.078+0000][537][gc,phases   ] GC(9)   Other: 1.5ms
[2023-06-15T08:13:19.078+0000][537][gc,age      ] GC(9) Age table with threshold 4 (max threshold 15)
[2023-06-15T08:13:19.079+0000][537][gc,age      ] GC(9) - age   1:    2106952 bytes,    2106952 total
[2023-06-15T08:13:19.079+0000][537][gc,age      ] GC(9) - age   2:    3276832 bytes,    5383784 total
[2023-06-15T08:13:19.080+0000][537][gc,age      ] GC(9) - age   3:     375456 bytes,    5759240 total
[2023-06-15T08:13:19.080+0000][537][gc,age      ] GC(9) - age   4:    2431312 bytes,    8190552 total
[2023-06-15T08:13:19.081+0000][537][gc,heap     ] GC(9) Eden regions: 34->0(35)
[2023-06-15T08:13:19.081+0000][537][gc,heap     ] GC(9) Survivor regions: 4->3(5)
[2023-06-15T08:13:19.082+0000][537][gc,heap     ] GC(9) Old regions: 3->4
[2023-06-15T08:13:19.082+0000][537][gc,heap     ] GC(9) Archive regions: 2->2
[2023-06-15T08:13:19.083+0000][537][gc,heap     ] GC(9) Humongous regions: 0->0
[2023-06-15T08:13:19.083+0000][537][gc,metaspace] GC(9) Metaspace: 32234K(33024K)->32234K(33024K) NonClass: 28562K(28992K)->28562K(28992K) Class: 3672K(4032K)->3672K(4032K)
[2023-06-15T08:13:19.084+0000][537][gc          ] GC(9) Pause Young (Normal) (G1 Evacuation Pause) 162M->28M(256M) 15.193ms
[2023-06-15T08:13:19.084+0000][537][gc,cpu      ] GC(9) User=0.01s Sys=0.01s Real=0.02s
[2023-06-15T08:13:19.085+0000][537][safepoint   ] Safepoint "G1CollectForAllocation", Time since last: 178554024 ns, Reaching safepoint: 355480 ns, At safepoint: 16551317 ns, Total: 16906797 ns
[2023-06-15T08:13:19.505+0000][537][gc,start    ] GC(10) Pause Young (Normal) (G1 Evacuation Pause)
[2023-06-15T08:13:19.506+0000][537][gc,task     ] GC(10) Using 4 workers of 4 for evacuation
[2023-06-15T08:13:19.507+0000][537][gc,age      ] GC(10) Desired survivor size 10485760 bytes, new threshold 15 (max threshold 15)
[2023-06-15T08:13:19.515+0000][537][gc,phases   ] GC(10)   Pre Evacuate Collection Set: 0.3ms
[2023-06-15T08:13:19.516+0000][537][gc,phases   ] GC(10)   Merge Heap Roots: 0.1ms
[2023-06-15T08:13:19.518+0000][537][gc,phases   ] GC(10)   Evacuate Collection Set: 3.1ms
[2023-06-15T08:13:19.518+0000][537][gc,phases   ] GC(10)   Post Evacuate Collection Set: 3.4ms
[2023-06-15T08:13:19.519+0000][537][gc,phases   ] GC(10)   Other: 1.7ms
[2023-06-15T08:13:19.520+0000][537][gc,age      ] GC(10) Age table with threshold 15 (max threshold 15)
[2023-06-15T08:13:19.520+0000][537][gc,age      ] GC(10) - age   1:    3301048 bytes,    3301048 total
[2023-06-15T08:13:19.521+0000][537][gc,age      ] GC(10) - age   2:    1460488 bytes,    4761536 total
[2023-06-15T08:13:19.521+0000][537][gc,age      ] GC(10) - age   3:    3276800 bytes,    8038336 total
[2023-06-15T08:13:19.523+0000][537][gc,age      ] GC(10) - age   4:     374808 bytes,    8413144 total
[2023-06-15T08:13:19.523+0000][537][gc,age      ] GC(10) - age   5:    2430640 bytes,   10843784 total
[2023-06-15T08:13:19.524+0000][537][gc,heap     ] GC(10) Eden regions: 35->0(35)
[2023-06-15T08:13:19.525+0000][537][gc,heap     ] GC(10) Survivor regions: 3->3(5)
[2023-06-15T08:13:19.525+0000][537][gc,heap     ] GC(10) Old regions: 4->4
[2023-06-15T08:13:19.526+0000][537][gc,heap     ] GC(10) Archive regions: 2->2
[2023-06-15T08:13:19.526+0000][537][gc,heap     ] GC(10) Humongous regions: 0->0
[2023-06-15T08:13:19.527+0000][537][gc,metaspace] GC(10) Metaspace: 33668K(34432K)->33668K(34432K) NonClass: 29821K(30272K)->29821K(30272K) Class: 3846K(4160K)->3846K(4160K)
[2023-06-15T08:13:19.528+0000][537][gc          ] GC(10) Pause Young (Normal) (G1 Evacuation Pause) 168M->29M(256M) 22.706ms
[2023-06-15T08:13:19.528+0000][537][gc,cpu      ] GC(10) User=0.01s Sys=0.01s Real=0.02s
[2023-06-15T08:13:19.529+0000][537][safepoint   ] Safepoint "G1CollectForAllocation", Time since last: 419350950 ns, Reaching safepoint: 777657 ns, At safepoint: 23920683 ns, Total: 24698340 ns
[2023-06-15T08:13:19.719+0000][537][gc,start    ] GC(11) Pause Young (Normal) (G1 Evacuation Pause)
[2023-06-15T08:13:19.720+0000][537][gc,task     ] GC(11) Using 4 workers of 4 for evacuation
[2023-06-15T08:13:19.721+0000][537][gc,age      ] GC(11) Desired survivor size 10485760 bytes, new threshold 5 (max threshold 15)
[2023-06-15T08:13:19.726+0000][537][gc,phases   ] GC(11)   Pre Evacuate Collection Set: 0.1ms
[2023-06-15T08:13:19.726+0000][537][gc,phases   ] GC(11)   Merge Heap Roots: 0.2ms
[2023-06-15T08:13:19.727+0000][537][gc,phases   ] GC(11)   Evacuate Collection Set: 2.6ms
[2023-06-15T08:13:19.727+0000][537][gc,phases   ] GC(11)   Post Evacuate Collection Set: 1.0ms
[2023-06-15T08:13:19.728+0000][537][gc,phases   ] GC(11)   Other: 1.9ms
[2023-06-15T08:13:19.729+0000][537][gc,age      ] GC(11) Age table with threshold 5 (max threshold 15)
[2023-06-15T08:13:19.729+0000][537][gc,age      ] GC(11) - age   1:    2917944 bytes,    2917944 total
[2023-06-15T08:13:19.729+0000][537][gc,age      ] GC(11) - age   2:    3124800 bytes,    6042744 total
[2023-06-15T08:13:19.730+0000][537][gc,age      ] GC(11) - age   3:    1460456 bytes,    7503200 total
[2023-06-15T08:13:19.731+0000][537][gc,age      ] GC(11) - age   4:    3276800 bytes,   10780000 total
[2023-06-15T08:13:19.731+0000][537][gc,age      ] GC(11) - age   5:     374808 bytes,   11154808 total
[2023-06-15T08:13:19.732+0000][537][gc,heap     ] GC(11) Eden regions: 35->0(35)
[2023-06-15T08:13:19.734+0000][537][gc,heap     ] GC(11) Survivor regions: 3->3(5)
[2023-06-15T08:13:19.735+0000][537][gc,heap     ] GC(11) Old regions: 4->5
[2023-06-15T08:13:19.737+0000][537][gc,heap     ] GC(11) Archive regions: 2->2
[2023-06-15T08:13:19.737+0000][537][gc,heap     ] GC(11) Humongous regions: 0->0
[2023-06-15T08:13:19.738+0000][537][gc,metaspace] GC(11) Metaspace: 34122K(34944K)->34122K(34944K) NonClass: 30210K(30656K)->30210K(30656K) Class: 3912K(4288K)->3912K(4288K)
[2023-06-15T08:13:19.739+0000][537][gc          ] GC(11) Pause Young (Normal) (G1 Evacuation Pause) 169M->32M(256M) 19.924ms
[2023-06-15T08:13:19.739+0000][537][gc,cpu      ] GC(11) User=0.03s Sys=0.00s Real=0.02s
[2023-06-15T08:13:19.741+0000][537][safepoint   ] Safepoint "G1CollectForAllocation", Time since last: 189238315 ns, Reaching safepoint: 272926 ns, At safepoint: 21949884 ns, Total: 22222810 ns
[2023-06-15T08:13:19.909+0000][537][gc,start    ] GC(12) Pause Young (Normal) (G1 Evacuation Pause)
[2023-06-15T08:13:19.910+0000][537][gc,task     ] GC(12) Using 4 workers of 4 for evacuation
[2023-06-15T08:13:19.910+0000][537][gc,age      ] GC(12) Desired survivor size 10485760 bytes, new threshold 4 (max threshold 15)
[2023-06-15T08:13:19.916+0000][537][gc,phases   ] GC(12)   Pre Evacuate Collection Set: 0.3ms
[2023-06-15T08:13:19.917+0000][537][gc,phases   ] GC(12)   Merge Heap Roots: 0.1ms
[2023-06-15T08:13:19.918+0000][537][gc,phases   ] GC(12)   Evacuate Collection Set: 4.0ms
[2023-06-15T08:13:19.918+0000][537][gc,phases   ] GC(12)   Post Evacuate Collection Set: 0.8ms
[2023-06-15T08:13:19.919+0000][537][gc,phases   ] GC(12)   Other: 1.5ms
[2023-06-15T08:13:19.919+0000][537][gc,age      ] GC(12) Age table with threshold 4 (max threshold 15)
[2023-06-15T08:13:19.920+0000][537][gc,age      ] GC(12) - age   1:    1357104 bytes,    1357104 total
[2023-06-15T08:13:19.920+0000][537][gc,age      ] GC(12) - age   2:    2367456 bytes,    3724560 total
[2023-06-15T08:13:19.920+0000][537][gc,age      ] GC(12) - age   3:    3124680 bytes,    6849240 total
[2023-06-15T08:13:19.921+0000][537][gc,age      ] GC(12) - age   4:    1460456 bytes,    8309696 total
[2023-06-15T08:13:19.921+0000][537][gc,heap     ] GC(12) Eden regions: 35->0(35)
[2023-06-15T08:13:19.922+0000][537][gc,heap     ] GC(12) Survivor regions: 3->3(5)
[2023-06-15T08:13:19.922+0000][537][gc,heap     ] GC(12) Old regions: 5->6
[2023-06-15T08:13:19.923+0000][537][gc,heap     ] GC(12) Archive regions: 2->2
[2023-06-15T08:13:19.923+0000][537][gc,heap     ] GC(12) Humongous regions: 0->0
[2023-06-15T08:13:19.924+0000][537][gc,metaspace] GC(12) Metaspace: 34539K(35392K)->34539K(35392K) NonClass: 30580K(31104K)->30580K(31104K) Class: 3959K(4288K)->3959K(4288K)
[2023-06-15T08:13:19.924+0000][537][gc          ] GC(12) Pause Young (Normal) (G1 Evacuation Pause) 172M->33M(256M) 15.317ms
[2023-06-15T08:13:19.924+0000][537][gc,cpu      ] GC(12) User=0.01s Sys=0.00s Real=0.02s
[2023-06-15T08:13:19.925+0000][537][safepoint   ] Safepoint "G1CollectForAllocation", Time since last: 167912230 ns, Reaching safepoint: 289704 ns, At safepoint: 16236843 ns, Total: 16526547 ns
[2023-06-15T08:13:20.052+0000][537][gc,start    ] GC(13) Pause Young (Concurrent Start) (Metadata GC Threshold)
[2023-06-15T08:13:20.052+0000][537][gc,task     ] GC(13) Using 4 workers of 4 for evacuation
[2023-06-15T08:13:20.053+0000][537][gc,age      ] GC(13) Desired survivor size 10485760 bytes, new threshold 15 (max threshold 15)
[2023-06-15T08:13:20.059+0000][537][gc,phases   ] GC(13)   Pre Evacuate Collection Set: 0.2ms
[2023-06-15T08:13:20.059+0000][537][gc,phases   ] GC(13)   Merge Heap Roots: 0.1ms
[2023-06-15T08:13:20.060+0000][537][gc,phases   ] GC(13)   Evacuate Collection Set: 3.8ms
[2023-06-15T08:13:20.061+0000][537][gc,phases   ] GC(13)   Post Evacuate Collection Set: 0.8ms
[2023-06-15T08:13:20.062+0000][537][gc,phases   ] GC(13)   Other: 1.3ms
[2023-06-15T08:13:20.063+0000][537][gc,age      ] GC(13) Age table with threshold 15 (max threshold 15)
[2023-06-15T08:13:20.064+0000][537][gc,age      ] GC(13) - age   1:     597760 bytes,     597760 total
[2023-06-15T08:13:20.065+0000][537][gc,age      ] GC(13) - age   2:     718328 bytes,    1316088 total
[2023-06-15T08:13:20.065+0000][537][gc,age      ] GC(13) - age   3:    2367320 bytes,    3683408 total
[2023-06-15T08:13:20.066+0000][537][gc,age      ] GC(13) - age   4:    3124488 bytes,    6807896 total
[2023-06-15T08:13:20.066+0000][537][gc,age      ] GC(13) - age   5:    1460352 bytes,    8268248 total
[2023-06-15T08:13:20.067+0000][537][gc,heap     ] GC(13) Eden regions: 9->0(35)
[2023-06-15T08:13:20.068+0000][537][gc,heap     ] GC(13) Survivor regions: 3->3(5)
[2023-06-15T08:13:20.068+0000][537][gc,heap     ] GC(13) Old regions: 6->6
[2023-06-15T08:13:20.069+0000][537][gc,heap     ] GC(13) Archive regions: 2->2
[2023-06-15T08:13:20.070+0000][537][gc,heap     ] GC(13) Humongous regions: 0->0
[2023-06-15T08:13:20.071+0000][537][gc,metaspace] GC(13) Metaspace: 35321K(36160K)->35321K(36160K) NonClass: 31272K(31744K)->31272K(31744K) Class: 4049K(4416K)->4049K(4416K)
[2023-06-15T08:13:20.071+0000][537][gc          ] GC(13) Pause Young (Concurrent Start) (Metadata GC Threshold) 67M->33M(256M) 19.486ms
[2023-06-15T08:13:20.072+0000][537][gc          ] GC(14) Concurrent Mark Cycle
[2023-06-15T08:13:20.073+0000][537][gc,marking  ] GC(14) Concurrent Clear Claimed Marks
[2023-06-15T08:13:20.072+0000][537][gc,cpu      ] GC(13) User=0.04s Sys=0.00s Real=0.02s
[2023-06-15T08:13:20.073+0000][537][gc,marking  ] GC(14) Concurrent Clear Claimed Marks 0.688ms
[2023-06-15T08:13:20.075+0000][537][gc,marking  ] GC(14) Concurrent Scan Root Regions
[2023-06-15T08:13:20.074+0000][537][safepoint   ] Safepoint "CollectForMetadataAllocation", Time since last: 126559182 ns, Reaching safepoint: 125073 ns, At safepoint: 22645603 ns, Total: 22770676 ns
[2023-06-15T08:13:20.078+0000][537][gc,marking  ] GC(14) Concurrent Scan Root Regions 3.216ms
[2023-06-15T08:13:20.079+0000][537][gc,marking  ] GC(14) Concurrent Mark
[2023-06-15T08:13:20.080+0000][537][gc,marking  ] GC(14) Concurrent Mark From Roots
[2023-06-15T08:13:20.081+0000][537][gc,task     ] GC(14) Using 1 workers of 1 for marking
[2023-06-15T08:13:20.100+0000][537][gc,marking  ] GC(14) Concurrent Mark From Roots 20.184ms
[2023-06-15T08:13:20.101+0000][537][gc,marking  ] GC(14) Concurrent Preclean
[2023-06-15T08:13:20.102+0000][537][gc,marking  ] GC(14) Concurrent Preclean 0.919ms
[2023-06-15T08:13:20.103+0000][537][gc,start    ] GC(14) Pause Remark
[2023-06-15T08:13:20.107+0000][537][gc          ] GC(14) Pause Remark 35M->35M(256M) 4.206ms
[2023-06-15T08:13:20.108+0000][537][gc,cpu      ] GC(14) User=0.02s Sys=0.00s Real=0.01s
[2023-06-15T08:13:20.109+0000][537][safepoint   ] Safepoint "G1PauseRemark", Time since last: 28408200 ns, Reaching safepoint: 318528 ns, At safepoint: 5872391 ns, Total: 6190919 ns
[2023-06-15T08:13:20.109+0000][537][gc,marking  ] GC(14) Concurrent Mark 30.182ms
[2023-06-15T08:13:20.110+0000][537][gc,marking  ] GC(14) Concurrent Rebuild Remembered Sets
[2023-06-15T08:13:20.127+0000][537][gc,marking  ] GC(14) Concurrent Rebuild Remembered Sets 16.850ms
[2023-06-15T08:13:20.129+0000][537][gc,start    ] GC(14) Pause Cleanup
[2023-06-15T08:13:20.130+0000][537][gc          ] GC(14) Pause Cleanup 37M->37M(256M) 0.981ms
[2023-06-15T08:13:20.130+0000][537][gc,cpu      ] GC(14) User=0.00s Sys=0.00s Real=0.00s
[2023-06-15T08:13:20.131+0000][537][safepoint   ] Safepoint "G1PauseCleanup", Time since last: 19375894 ns, Reaching safepoint: 267264 ns, At safepoint: 2252272 ns, Total: 2519536 ns
[2023-06-15T08:13:20.133+0000][537][gc,marking  ] GC(14) Concurrent Cleanup for Next Mark
[2023-06-15T08:13:20.134+0000][537][gc,marking  ] GC(14) Concurrent Cleanup for Next Mark 1.249ms
[2023-06-15T08:13:20.135+0000][537][gc          ] GC(14) Concurrent Mark Cycle 62.445ms
[2023-06-15T08:13:20.976+0000][537][safepoint   ] Safepoint "ICBufferFull", Time since last: 843943638 ns, Reaching safepoint: 786482 ns, At safepoint: 51850 ns, Total: 838332 ns
[2023-06-15T08:13:21.318+0000][537][gc,start    ] GC(15) Pause Young (Normal) (G1 Evacuation Pause)
[2023-06-15T08:13:21.319+0000][537][gc,task     ] GC(15) Using 4 workers of 4 for evacuation
[2023-06-15T08:13:21.320+0000][537][gc,age      ] GC(15) Desired survivor size 10485760 bytes, new threshold 15 (max threshold 15)
[2023-06-15T08:13:21.336+0000][537][gc,phases   ] GC(15)   Pre Evacuate Collection Set: 0.1ms
[2023-06-15T08:13:21.336+0000][537][gc,phases   ] GC(15)   Merge Heap Roots: 0.0ms
[2023-06-15T08:13:21.337+0000][537][gc,phases   ] GC(15)   Evacuate Collection Set: 13.9ms
[2023-06-15T08:13:21.337+0000][537][gc,phases   ] GC(15)   Post Evacuate Collection Set: 0.9ms
[2023-06-15T08:13:21.338+0000][537][gc,phases   ] GC(15)   Other: 1.4ms
[2023-06-15T08:13:21.338+0000][537][gc,age      ] GC(15) Age table with threshold 15 (max threshold 15)
[2023-06-15T08:13:21.339+0000][537][gc,age      ] GC(15) - age   1:   11459960 bytes,   11459960 total
[2023-06-15T08:13:21.339+0000][537][gc,age      ] GC(15) - age   2:     572176 bytes,   12032136 total
[2023-06-15T08:13:21.340+0000][537][gc,age      ] GC(15) - age   3:     711040 bytes,   12743176 total
[2023-06-15T08:13:21.340+0000][537][gc,age      ] GC(15) - age   4:    2360304 bytes,   15103480 total
[2023-06-15T08:13:21.340+0000][537][gc,age      ] GC(15) - age   5:    3105648 bytes,   18209128 total
[2023-06-15T08:13:21.341+0000][537][gc,age      ] GC(15) - age   6:    1452384 bytes,   19661512 total
[2023-06-15T08:13:21.341+0000][537][gc,heap     ] GC(15) Eden regions: 35->0(33)
[2023-06-15T08:13:21.341+0000][537][gc,heap     ] GC(15) Survivor regions: 3->5(5)
[2023-06-15T08:13:21.342+0000][537][gc,heap     ] GC(15) Old regions: 6->6
[2023-06-15T08:13:21.342+0000][537][gc,heap     ] GC(15) Archive regions: 2->2
[2023-06-15T08:13:21.343+0000][537][gc,heap     ] GC(15) Humongous regions: 0->0
[2023-06-15T08:13:21.343+0000][537][gc,metaspace] GC(15) Metaspace: 44200K(45504K)->44200K(45504K) NonClass: 38939K(39680K)->38939K(39680K) Class: 5261K(5824K)->5261K(5824K)
[2023-06-15T08:13:21.343+0000][537][gc          ] GC(15) Pause Young (Normal) (G1 Evacuation Pause) 173M->44M(256M) 25.261ms
[2023-06-15T08:13:21.344+0000][537][gc,cpu      ] GC(15) User=0.03s Sys=0.00s Real=0.03s
[2023-06-15T08:13:21.344+0000][537][safepoint   ] Safepoint "G1CollectForAllocation", Time since last: 342412203 ns, Reaching safepoint: 169068 ns, At safepoint: 26110569 ns, Total: 26279637 ns
[2023-06-15T08:13:21.943+0000][537][gc,start    ] GC(16) Pause Young (Normal) (G1 Evacuation Pause)
[2023-06-15T08:13:21.944+0000][537][gc,task     ] GC(16) Using 4 workers of 4 for evacuation
[2023-06-15T08:13:21.945+0000][537][gc,age      ] GC(16) Desired survivor size 10485760 bytes, new threshold 1 (max threshold 15)
[2023-06-15T08:13:21.972+0000][537][gc,phases   ] GC(16)   Pre Evacuate Collection Set: 0.1ms
[2023-06-15T08:13:21.973+0000][537][gc,phases   ] GC(16)   Merge Heap Roots: 0.0ms
[2023-06-15T08:13:21.974+0000][537][gc,phases   ] GC(16)   Evacuate Collection Set: 24.0ms
[2023-06-15T08:13:21.975+0000][537][gc,phases   ] GC(16)   Post Evacuate Collection Set: 2.5ms
[2023-06-15T08:13:21.975+0000][537][gc,phases   ] GC(16)   Other: 1.6ms
[2023-06-15T08:13:21.975+0000][537][gc,age      ] GC(16) Age table with threshold 1 (max threshold 15)
[2023-06-15T08:13:21.976+0000][537][gc,age      ] GC(16) - age   1:    7199944 bytes,    7199944 total
[2023-06-15T08:13:21.976+0000][537][gc,heap     ] GC(16) Eden regions: 33->0(35)
[2023-06-15T08:13:21.977+0000][537][gc,heap     ] GC(16) Survivor regions: 5->2(5)
[2023-06-15T08:13:21.977+0000][537][gc,heap     ] GC(16) Old regions: 6->10
[2023-06-15T08:13:21.978+0000][537][gc,heap     ] GC(16) Archive regions: 2->2
[2023-06-15T08:13:21.978+0000][537][gc,heap     ] GC(16) Humongous regions: 0->0
[2023-06-15T08:13:21.979+0000][537][gc,metaspace] GC(16) Metaspace: 44227K(45504K)->44227K(45504K) NonClass: 38962K(39680K)->38962K(39680K) Class: 5265K(5824K)->5265K(5824K)
[2023-06-15T08:13:21.980+0000][537][gc          ] GC(16) Pause Young (Normal) (G1 Evacuation Pause) 176M->51M(256M) 36.414ms
[2023-06-15T08:13:21.980+0000][537][gc,cpu      ] GC(16) User=0.08s Sys=0.01s Real=0.04s
[2023-06-15T08:13:21.981+0000][537][safepoint   ] Safepoint "G1CollectForAllocation", Time since last: 598667482 ns, Reaching safepoint: 206177 ns, At safepoint: 37545103 ns, Total: 37751280 ns
[2023-06-15T08:13:22.515+0000][537][safepoint   ] Safepoint "ICBufferFull", Time since last: 534115619 ns, Reaching safepoint: 363041 ns, At safepoint: 77791 ns, Total: 440832 ns
[2023-06-15T08:13:22.520+0000][537][gc,heap,exit] Heap
[2023-06-15T08:13:22.521+0000][537][gc,heap,exit]  garbage-first heap   total 262144K, used 179366K [0x00000000f0000000, 0x0000000100000000)
[2023-06-15T08:13:22.522+0000][537][gc,heap,exit]   region size 4096K, 33 young (135168K), 2 survivors (8192K)
[2023-06-15T08:13:22.523+0000][537][gc,heap,exit]  Metaspace       used 50468K, committed 51712K, reserved 1114112K
[2023-06-15T08:13:22.524+0000][537][gc,heap,exit]   class space    used 6136K, committed 6656K, reserved 1048576K
