[2023-06-15T08:20:03.157+0000][68][gc,init] CardTable entry size: 512
[2023-06-15T08:20:03.158+0000][68][gc     ] Using G1
[2023-06-15T08:20:03.215+0000][68][gc,init] Version: 19.0.1+10-21 (release)
[2023-06-15T08:20:03.216+0000][68][gc,init] CPUs: 4 total, 4 available
[2023-06-15T08:20:03.217+0000][68][gc,init] Memory: 7860M
[2023-06-15T08:20:03.218+0000][68][gc,init] Large Page Support: Disabled
[2023-06-15T08:20:03.219+0000][68][gc,init] NUMA Support: Disabled
[2023-06-15T08:20:03.220+0000][68][gc,init] Compressed Oops: Enabled (32-bit)
[2023-06-15T08:20:03.221+0000][68][gc,init] Heap Region Size: 4M
[2023-06-15T08:20:03.222+0000][68][gc,init] Heap Min Capacity: 256M
[2023-06-15T08:20:03.222+0000][68][gc,init] Heap Initial Capacity: 256M
[2023-06-15T08:20:03.223+0000][68][gc,init] Heap Max Capacity: 256M
[2023-06-15T08:20:03.224+0000][68][gc,init] Pre-touch: Enabled
[2023-06-15T08:20:03.224+0000][68][gc,init] Parallel Workers: 4
[2023-06-15T08:20:03.225+0000][68][gc,init] Concurrent Workers: 1
[2023-06-15T08:20:03.225+0000][68][gc,init] Concurrent Refinement Workers: 4
[2023-06-15T08:20:03.226+0000][68][gc,init] Periodic GC: Disabled
[2023-06-15T08:20:03.227+0000][68][gc,metaspace] CDS archive(s) mapped at: [0x0000000800000000-0x0000000800c4f000-0x0000000800c4f000), size 12906496, SharedBaseAddress: 0x0000000800000000, ArchiveRelocationMode: 0.
[2023-06-15T08:20:03.228+0000][68][gc,metaspace] Compressed class space mapped at: 0x0000000801000000-0x0000000841000000, reserved size: 1073741824
[2023-06-15T08:20:03.229+0000][68][gc,metaspace] Narrow klass base: 0x0000000800000000, Narrow klass shift: 0, Narrow klass range: 0x100000000
[2023-06-15T08:20:03.465+0000][68][gc,start    ] GC(0) Pause Young (Normal) (G1 Evacuation Pause)
[2023-06-15T08:20:03.467+0000][68][gc,task     ] GC(0) Using 4 workers of 4 for evacuation
[2023-06-15T08:20:03.467+0000][68][gc,age      ] GC(0) Desired survivor size 2097152 bytes, new threshold 15 (max threshold 15)
[2023-06-15T08:20:03.475+0000][68][gc,phases   ] GC(0)   Pre Evacuate Collection Set: 0.2ms
[2023-06-15T08:20:03.476+0000][68][gc,phases   ] GC(0)   Merge Heap Roots: 0.1ms
[2023-06-15T08:20:03.476+0000][68][gc,phases   ] GC(0)   Evacuate Collection Set: 3.4ms
[2023-06-15T08:20:03.477+0000][68][gc,phases   ] GC(0)   Post Evacuate Collection Set: 3.3ms
[2023-06-15T08:20:03.478+0000][68][gc,phases   ] GC(0)   Other: 1.2ms
[2023-06-15T08:20:03.478+0000][68][gc,age      ] GC(0) Age table with threshold 15 (max threshold 15)
[2023-06-15T08:20:03.479+0000][68][gc,age      ] GC(0) - age   1:     812880 bytes,     812880 total
[2023-06-15T08:20:03.480+0000][68][gc,heap     ] GC(0) Eden regions: 3->0(11)
[2023-06-15T08:20:03.480+0000][68][gc,heap     ] GC(0) Survivor regions: 0->1(1)
[2023-06-15T08:20:03.480+0000][68][gc,heap     ] GC(0) Old regions: 0->0
[2023-06-15T08:20:03.481+0000][68][gc,heap     ] GC(0) Archive regions: 2->2
[2023-06-15T08:20:03.481+0000][68][gc,heap     ] GC(0) Humongous regions: 0->0
[2023-06-15T08:20:03.482+0000][68][gc,metaspace] GC(0) Metaspace: 589K(768K)->589K(768K) NonClass: 549K(640K)->549K(640K) Class: 39K(128K)->39K(128K)
[2023-06-15T08:20:03.483+0000][68][gc          ] GC(0) Pause Young (Normal) (G1 Evacuation Pause) 15M->4M(256M) 17.657ms
[2023-06-15T08:20:03.484+0000][68][gc,cpu      ] GC(0) User=0.01s Sys=0.00s Real=0.01s
[2023-06-15T08:20:03.485+0000][68][safepoint   ] Safepoint "G1CollectForAllocation", Time since last: 223512760 ns, Reaching safepoint: 1915467 ns, At safepoint: 19204225 ns, Total: 21119692 ns
[2023-06-15T08:20:04.154+0000][68][safepoint   ] Safepoint "ICBufferFull", Time since last: 669143554 ns, Reaching safepoint: 288506 ns, At safepoint: 72432 ns, Total: 360938 ns
[2023-06-15T08:20:04.890+0000][68][gc,start    ] GC(1) Pause Young (Normal) (G1 Evacuation Pause)
[2023-06-15T08:20:04.891+0000][68][gc,task     ] GC(1) Using 4 workers of 4 for evacuation
[2023-06-15T08:20:04.892+0000][68][gc,age      ] GC(1) Desired survivor size 4194304 bytes, new threshold 15 (max threshold 15)
[2023-06-15T08:20:04.899+0000][68][gc,phases   ] GC(1)   Pre Evacuate Collection Set: 0.1ms
[2023-06-15T08:20:04.900+0000][68][gc,phases   ] GC(1)   Merge Heap Roots: 0.0ms
[2023-06-15T08:20:04.901+0000][68][gc,phases   ] GC(1)   Evacuate Collection Set: 4.6ms
[2023-06-15T08:20:04.901+0000][68][gc,phases   ] GC(1)   Post Evacuate Collection Set: 1.3ms
[2023-06-15T08:20:04.902+0000][68][gc,phases   ] GC(1)   Other: 1.5ms
[2023-06-15T08:20:04.903+0000][68][gc,age      ] GC(1) Age table with threshold 15 (max threshold 15)
[2023-06-15T08:20:04.903+0000][68][gc,age      ] GC(1) - age   1:    5491920 bytes,    5491920 total
[2023-06-15T08:20:04.904+0000][68][gc,age      ] GC(1) - age   2:     405600 bytes,    5897520 total
[2023-06-15T08:20:04.904+0000][68][gc,heap     ] GC(1) Eden regions: 11->0(36)
[2023-06-15T08:20:04.905+0000][68][gc,heap     ] GC(1) Survivor regions: 1->2(2)
[2023-06-15T08:20:04.905+0000][68][gc,heap     ] GC(1) Old regions: 0->0
[2023-06-15T08:20:04.906+0000][68][gc,heap     ] GC(1) Archive regions: 2->2
[2023-06-15T08:20:04.906+0000][68][gc,heap     ] GC(1) Humongous regions: 0->0
[2023-06-15T08:20:04.907+0000][68][gc,metaspace] GC(1) Metaspace: 10130K(10432K)->10130K(10432K) NonClass: 8921K(9088K)->8921K(9088K) Class: 1209K(1344K)->1209K(1344K)
[2023-06-15T08:20:04.909+0000][68][gc          ] GC(1) Pause Young (Normal) (G1 Evacuation Pause) 48M->10M(256M) 18.185ms
[2023-06-15T08:20:04.909+0000][68][gc,cpu      ] GC(1) User=0.01s Sys=0.00s Real=0.02s
[2023-06-15T08:20:04.910+0000][68][safepoint   ] Safepoint "G1CollectForAllocation", Time since last: 736026635 ns, Reaching safepoint: 357521 ns, At safepoint: 19989579 ns, Total: 20347100 ns
[2023-06-15T08:20:05.758+0000][68][safepoint   ] Safepoint "ICBufferFull", Time since last: 847595829 ns, Reaching safepoint: 283741 ns, At safepoint: 2876 ns, Total: 286617 ns
[2023-06-15T08:20:06.760+0000][68][safepoint   ] Safepoint "Cleanup", Time since last: 1001217770 ns, Reaching safepoint: 330871 ns, At safepoint: 122265 ns, Total: 453136 ns
[2023-06-15T08:20:07.474+0000][68][safepoint   ] Safepoint "ICBufferFull", Time since last: 713474980 ns, Reaching safepoint: 307067 ns, At safepoint: 6101 ns, Total: 313168 ns
[2023-06-15T08:20:08.038+0000][68][gc,start    ] GC(2) Pause Young (Normal) (G1 Evacuation Pause)
[2023-06-15T08:20:08.039+0000][68][gc,task     ] GC(2) Using 4 workers of 4 for evacuation
[2023-06-15T08:20:08.039+0000][68][gc,age      ] GC(2) Desired survivor size 10485760 bytes, new threshold 15 (max threshold 15)
[2023-06-15T08:20:08.064+0000][68][gc,phases   ] GC(2)   Pre Evacuate Collection Set: 0.1ms
[2023-06-15T08:20:08.065+0000][68][gc,phases   ] GC(2)   Merge Heap Roots: 0.0ms
[2023-06-15T08:20:08.066+0000][68][gc,phases   ] GC(2)   Evacuate Collection Set: 21.6ms
[2023-06-15T08:20:08.066+0000][68][gc,phases   ] GC(2)   Post Evacuate Collection Set: 2.3ms
[2023-06-15T08:20:08.067+0000][68][gc,phases   ] GC(2)   Other: 1.4ms
[2023-06-15T08:20:08.068+0000][68][gc,age      ] GC(2) Age table with threshold 15 (max threshold 15)
[2023-06-15T08:20:08.068+0000][68][gc,age      ] GC(2) - age   1:    6830984 bytes,    6830984 total
[2023-06-15T08:20:08.069+0000][68][gc,age      ] GC(2) - age   2:    5373384 bytes,   12204368 total
[2023-06-15T08:20:08.070+0000][68][gc,age      ] GC(2) - age   3:     404056 bytes,   12608424 total
[2023-06-15T08:20:08.070+0000][68][gc,heap     ] GC(2) Eden regions: 36->0(34)
[2023-06-15T08:20:08.071+0000][68][gc,heap     ] GC(2) Survivor regions: 2->4(5)
[2023-06-15T08:20:08.071+0000][68][gc,heap     ] GC(2) Old regions: 0->0
[2023-06-15T08:20:08.072+0000][68][gc,heap     ] GC(2) Archive regions: 2->2
[2023-06-15T08:20:08.072+0000][68][gc,heap     ] GC(2) Humongous regions: 0->0
[2023-06-15T08:20:08.073+0000][68][gc,metaspace] GC(2) Metaspace: 18430K(18944K)->18430K(18944K) NonClass: 16367K(16640K)->16367K(16640K) Class: 2062K(2304K)->2062K(2304K)
[2023-06-15T08:20:08.074+0000][68][gc          ] GC(2) Pause Young (Normal) (G1 Evacuation Pause) 154M->16M(256M) 36.240ms
[2023-06-15T08:20:08.075+0000][68][gc,cpu      ] GC(2) User=0.04s Sys=0.00s Real=0.03s
[2023-06-15T08:20:08.076+0000][68][safepoint   ] Safepoint "G1CollectForAllocation", Time since last: 564012780 ns, Reaching safepoint: 149502 ns, At safepoint: 38446624 ns, Total: 38596126 ns
[2023-06-15T08:20:08.361+0000][68][gc,start    ] GC(3) Pause Young (Concurrent Start) (Metadata GC Threshold)
[2023-06-15T08:20:08.362+0000][68][gc,task     ] GC(3) Using 4 workers of 4 for evacuation
[2023-06-15T08:20:08.363+0000][68][gc,age      ] GC(3) Desired survivor size 10485760 bytes, new threshold 2 (max threshold 15)
[2023-06-15T08:20:08.376+0000][68][gc,phases   ] GC(3)   Pre Evacuate Collection Set: 0.3ms
[2023-06-15T08:20:08.377+0000][68][gc,phases   ] GC(3)   Merge Heap Roots: 0.1ms
[2023-06-15T08:20:08.379+0000][68][gc,phases   ] GC(3)   Evacuate Collection Set: 10.8ms
[2023-06-15T08:20:08.380+0000][68][gc,phases   ] GC(3)   Post Evacuate Collection Set: 0.9ms
[2023-06-15T08:20:08.380+0000][68][gc,phases   ] GC(3)   Other: 2.2ms
[2023-06-15T08:20:08.381+0000][68][gc,age      ] GC(3) Age table with threshold 2 (max threshold 15)
[2023-06-15T08:20:08.382+0000][68][gc,age      ] GC(3) - age   1:    1013016 bytes,    1013016 total
[2023-06-15T08:20:08.383+0000][68][gc,age      ] GC(3) - age   2:    4288552 bytes,    5301568 total
[2023-06-15T08:20:08.384+0000][68][gc,heap     ] GC(3) Eden regions: 11->0(36)
[2023-06-15T08:20:08.384+0000][68][gc,heap     ] GC(3) Survivor regions: 4->2(5)
[2023-06-15T08:20:08.385+0000][68][gc,heap     ] GC(3) Old regions: 0->2
[2023-06-15T08:20:08.386+0000][68][gc,heap     ] GC(3) Archive regions: 2->2
[2023-06-15T08:20:08.386+0000][68][gc,heap     ] GC(3) Humongous regions: 0->0
[2023-06-15T08:20:08.387+0000][68][gc,metaspace] GC(3) Metaspace: 21043K(21504K)->21043K(21504K) NonClass: 18735K(18944K)->18735K(18944K) Class: 2307K(2560K)->2307K(2560K)
[2023-06-15T08:20:08.388+0000][68][gc          ] GC(3) Pause Young (Concurrent Start) (Metadata GC Threshold) 60M->15M(256M) 26.848ms
[2023-06-15T08:20:08.389+0000][68][gc,cpu      ] GC(3) User=0.03s Sys=0.00s Real=0.03s
[2023-06-15T08:20:08.389+0000][68][gc          ] GC(4) Concurrent Mark Cycle
[2023-06-15T08:20:08.390+0000][68][gc,marking  ] GC(4) Concurrent Clear Claimed Marks
[2023-06-15T08:20:08.392+0000][68][gc,marking  ] GC(4) Concurrent Clear Claimed Marks 1.027ms
[2023-06-15T08:20:08.392+0000][68][gc,marking  ] GC(4) Concurrent Scan Root Regions
[2023-06-15T08:20:08.390+0000][68][safepoint   ] Safepoint "CollectForMetadataAllocation", Time since last: 283919554 ns, Reaching safepoint: 615965 ns, At safepoint: 28966600 ns, Total: 29582565 ns
[2023-06-15T08:20:08.414+0000][68][gc,marking  ] GC(4) Concurrent Scan Root Regions 21.458ms
[2023-06-15T08:20:08.415+0000][68][gc,marking  ] GC(4) Concurrent Mark
[2023-06-15T08:20:08.416+0000][68][gc,marking  ] GC(4) Concurrent Mark From Roots
[2023-06-15T08:20:08.419+0000][68][gc,task     ] GC(4) Using 1 workers of 1 for marking
[2023-06-15T08:20:08.415+0000][68][safepoint   ] Safepoint "CollectForMetadataAllocation", Time since last: 24398830 ns, Reaching safepoint: 353667 ns, At safepoint: 74101 ns, Total: 427768 ns
[2023-06-15T08:20:08.428+0000][68][gc,marking  ] GC(4) Concurrent Mark From Roots 12.165ms
[2023-06-15T08:20:08.431+0000][68][gc,marking  ] GC(4) Concurrent Preclean
[2023-06-15T08:20:08.434+0000][68][gc,marking  ] GC(4) Concurrent Preclean 3.343ms
[2023-06-15T08:20:08.442+0000][68][gc,start    ] GC(4) Pause Remark
[2023-06-15T08:20:08.468+0000][68][gc          ] GC(4) Pause Remark 17M->17M(256M) 26.307ms
[2023-06-15T08:20:08.469+0000][68][gc,cpu      ] GC(4) User=0.03s Sys=0.01s Real=0.03s
[2023-06-15T08:20:08.469+0000][68][safepoint   ] Safepoint "G1PauseRemark", Time since last: 21405122 ns, Reaching safepoint: 5412054 ns, At safepoint: 27851956 ns, Total: 33264010 ns
[2023-06-15T08:20:08.470+0000][68][gc,marking  ] GC(4) Concurrent Mark 55.569ms
[2023-06-15T08:20:08.471+0000][68][gc,marking  ] GC(4) Concurrent Rebuild Remembered Sets
[2023-06-15T08:20:08.482+0000][68][gc,marking  ] GC(4) Concurrent Rebuild Remembered Sets 10.778ms
[2023-06-15T08:20:08.483+0000][68][gc,start    ] GC(4) Pause Cleanup
[2023-06-15T08:20:08.486+0000][68][gc          ] GC(4) Pause Cleanup 17M->17M(256M) 3.008ms
[2023-06-15T08:20:08.487+0000][68][gc,cpu      ] GC(4) User=0.00s Sys=0.00s Real=0.01s
[2023-06-15T08:20:08.488+0000][68][safepoint   ] Safepoint "G1PauseCleanup", Time since last: 13549004 ns, Reaching safepoint: 217268 ns, At safepoint: 5103855 ns, Total: 5321123 ns
[2023-06-15T08:20:08.490+0000][68][gc,marking  ] GC(4) Concurrent Cleanup for Next Mark
[2023-06-15T08:20:08.496+0000][68][gc,marking  ] GC(4) Concurrent Cleanup for Next Mark 6.711ms
[2023-06-15T08:20:08.497+0000][68][gc          ] GC(4) Concurrent Mark Cycle 108.534ms
[2023-06-15T08:20:10.059+0000][68][safepoint   ] Safepoint "ICBufferFull", Time since last: 1568201915 ns, Reaching safepoint: 2077779 ns, At safepoint: 33842 ns, Total: 2111621 ns
[2023-06-15T08:20:10.247+0000][68][gc,start    ] GC(5) Pause Young (Normal) (G1 Evacuation Pause)
[2023-06-15T08:20:10.248+0000][68][gc,task     ] GC(5) Using 4 workers of 4 for evacuation
[2023-06-15T08:20:10.249+0000][68][gc,age      ] GC(5) Desired survivor size 10485760 bytes, new threshold 15 (max threshold 15)
[2023-06-15T08:20:10.264+0000][68][gc,phases   ] GC(5)   Pre Evacuate Collection Set: 0.3ms
[2023-06-15T08:20:10.265+0000][68][gc,phases   ] GC(5)   Merge Heap Roots: 0.2ms
[2023-06-15T08:20:10.266+0000][68][gc,phases   ] GC(5)   Evacuate Collection Set: 11.2ms
[2023-06-15T08:20:10.267+0000][68][gc,phases   ] GC(5)   Post Evacuate Collection Set: 1.5ms
[2023-06-15T08:20:10.268+0000][68][gc,phases   ] GC(5)   Other: 2.5ms
[2023-06-15T08:20:10.268+0000][68][gc,age      ] GC(5) Age table with threshold 15 (max threshold 15)
[2023-06-15T08:20:10.269+0000][68][gc,age      ] GC(5) - age   1:    4996880 bytes,    4996880 total
[2023-06-15T08:20:10.270+0000][68][gc,age      ] GC(5) - age   2:     988384 bytes,    5985264 total
[2023-06-15T08:20:10.271+0000][68][gc,age      ] GC(5) - age   3:    4282896 bytes,   10268160 total
[2023-06-15T08:20:10.272+0000][68][gc,heap     ] GC(5) Eden regions: 36->0(35)
[2023-06-15T08:20:10.273+0000][68][gc,heap     ] GC(5) Survivor regions: 2->3(5)
[2023-06-15T08:20:10.275+0000][68][gc,heap     ] GC(5) Old regions: 2->2
[2023-06-15T08:20:10.276+0000][68][gc,heap     ] GC(5) Archive regions: 2->2
[2023-06-15T08:20:10.276+0000][68][gc,heap     ] GC(5) Humongous regions: 0->0
[2023-06-15T08:20:10.277+0000][68][gc,metaspace] GC(5) Metaspace: 25224K(25728K)->25224K(25728K) NonClass: 22330K(22592K)->22330K(22592K) Class: 2894K(3136K)->2894K(3136K)
[2023-06-15T08:20:10.278+0000][68][gc          ] GC(5) Pause Young (Normal) (G1 Evacuation Pause) 159M->20M(256M) 30.573ms
[2023-06-15T08:20:10.279+0000][68][gc,cpu      ] GC(5) User=0.02s Sys=0.00s Real=0.03s
[2023-06-15T08:20:10.281+0000][68][safepoint   ] Safepoint "G1CollectForAllocation", Time since last: 188419438 ns, Reaching safepoint: 180459 ns, At safepoint: 33424023 ns, Total: 33604482 ns
[2023-06-15T08:20:10.763+0000][68][gc,start    ] GC(6) Pause Young (Normal) (G1 Evacuation Pause)
[2023-06-15T08:20:10.764+0000][68][gc,task     ] GC(6) Using 4 workers of 4 for evacuation
[2023-06-15T08:20:10.765+0000][68][gc,age      ] GC(6) Desired survivor size 10485760 bytes, new threshold 15 (max threshold 15)
[2023-06-15T08:20:10.782+0000][68][gc,phases   ] GC(6)   Pre Evacuate Collection Set: 0.3ms
[2023-06-15T08:20:10.783+0000][68][gc,phases   ] GC(6)   Merge Heap Roots: 0.2ms
[2023-06-15T08:20:10.784+0000][68][gc,phases   ] GC(6)   Evacuate Collection Set: 13.8ms
[2023-06-15T08:20:10.786+0000][68][gc,phases   ] GC(6)   Post Evacuate Collection Set: 1.7ms
[2023-06-15T08:20:10.788+0000][68][gc,phases   ] GC(6)   Other: 2.0ms
[2023-06-15T08:20:10.788+0000][68][gc,age      ] GC(6) Age table with threshold 15 (max threshold 15)
[2023-06-15T08:20:10.789+0000][68][gc,age      ] GC(6) - age   1:    2726152 bytes,    2726152 total
[2023-06-15T08:20:10.790+0000][68][gc,age      ] GC(6) - age   2:    4166584 bytes,    6892736 total
[2023-06-15T08:20:10.791+0000][68][gc,age      ] GC(6) - age   3:     988352 bytes,    7881088 total
[2023-06-15T08:20:10.792+0000][68][gc,age      ] GC(6) - age   4:    4282528 bytes,   12163616 total
[2023-06-15T08:20:10.794+0000][68][gc,heap     ] GC(6) Eden regions: 35->0(34)
[2023-06-15T08:20:10.796+0000][68][gc,heap     ] GC(6) Survivor regions: 3->4(5)
[2023-06-15T08:20:10.797+0000][68][gc,heap     ] GC(6) Old regions: 2->2
[2023-06-15T08:20:10.798+0000][68][gc,heap     ] GC(6) Archive regions: 2->2
[2023-06-15T08:20:10.800+0000][68][gc,heap     ] GC(6) Humongous regions: 0->0
[2023-06-15T08:20:10.801+0000][68][gc,metaspace] GC(6) Metaspace: 25627K(26240K)->25627K(26240K) NonClass: 22696K(23040K)->22696K(23040K) Class: 2931K(3200K)->2931K(3200K)
[2023-06-15T08:20:10.803+0000][68][gc          ] GC(6) Pause Young (Normal) (G1 Evacuation Pause) 160M->21M(256M) 39.954ms
[2023-06-15T08:20:10.804+0000][68][gc,cpu      ] GC(6) User=0.04s Sys=0.01s Real=0.04s
[2023-06-15T08:20:10.805+0000][68][safepoint   ] Safepoint "G1CollectForAllocation", Time since last: 481808591 ns, Reaching safepoint: 236201 ns, At safepoint: 42360582 ns, Total: 42596783 ns
[2023-06-15T08:20:11.217+0000][68][gc,start    ] GC(7) Pause Young (Normal) (G1 Evacuation Pause)
[2023-06-15T08:20:11.218+0000][68][gc,task     ] GC(7) Using 4 workers of 4 for evacuation
[2023-06-15T08:20:11.219+0000][68][gc,age      ] GC(7) Desired survivor size 10485760 bytes, new threshold 4 (max threshold 15)
[2023-06-15T08:20:11.234+0000][68][gc,phases   ] GC(7)   Pre Evacuate Collection Set: 0.1ms
[2023-06-15T08:20:11.235+0000][68][gc,phases   ] GC(7)   Merge Heap Roots: 0.1ms
[2023-06-15T08:20:11.236+0000][68][gc,phases   ] GC(7)   Evacuate Collection Set: 11.9ms
[2023-06-15T08:20:11.238+0000][68][gc,phases   ] GC(7)   Post Evacuate Collection Set: 1.0ms
[2023-06-15T08:20:11.239+0000][68][gc,phases   ] GC(7)   Other: 2.7ms
[2023-06-15T08:20:11.240+0000][68][gc,age      ] GC(7) Age table with threshold 4 (max threshold 15)
[2023-06-15T08:20:11.241+0000][68][gc,age      ] GC(7) - age   1:     754104 bytes,     754104 total
[2023-06-15T08:20:11.241+0000][68][gc,age      ] GC(7) - age   2:    2430840 bytes,    3184944 total
[2023-06-15T08:20:11.242+0000][68][gc,age      ] GC(7) - age   3:    4166440 bytes,    7351384 total
[2023-06-15T08:20:11.242+0000][68][gc,age      ] GC(7) - age   4:     988352 bytes,    8339736 total
[2023-06-15T08:20:11.243+0000][68][gc,heap     ] GC(7) Eden regions: 34->0(35)
[2023-06-15T08:20:11.244+0000][68][gc,heap     ] GC(7) Survivor regions: 4->3(5)
[2023-06-15T08:20:11.245+0000][68][gc,heap     ] GC(7) Old regions: 2->3
[2023-06-15T08:20:11.246+0000][68][gc,heap     ] GC(7) Archive regions: 2->2
[2023-06-15T08:20:11.247+0000][68][gc,heap     ] GC(7) Humongous regions: 0->0
[2023-06-15T08:20:11.248+0000][68][gc,metaspace] GC(7) Metaspace: 26125K(26752K)->26125K(26752K) NonClass: 23129K(23488K)->23129K(23488K) Class: 2996K(3264K)->2996K(3264K)
[2023-06-15T08:20:11.249+0000][68][gc          ] GC(7) Pause Young (Normal) (G1 Evacuation Pause) 157M->22M(256M) 32.171ms
[2023-06-15T08:20:11.250+0000][68][gc,cpu      ] GC(7) User=0.02s Sys=0.00s Real=0.03s
[2023-06-15T08:20:11.251+0000][68][safepoint   ] Safepoint "G1CollectForAllocation", Time since last: 411720338 ns, Reaching safepoint: 121841 ns, At safepoint: 34098554 ns, Total: 34220395 ns
[2023-06-15T08:20:12.083+0000][68][gc,start    ] GC(8) Pause Young (Normal) (G1 Evacuation Pause)
[2023-06-15T08:20:12.084+0000][68][gc,task     ] GC(8) Using 4 workers of 4 for evacuation
[2023-06-15T08:20:12.085+0000][68][gc,age      ] GC(8) Desired survivor size 10485760 bytes, new threshold 15 (max threshold 15)
[2023-06-15T08:20:12.100+0000][68][gc,phases   ] GC(8)   Pre Evacuate Collection Set: 0.2ms
[2023-06-15T08:20:12.102+0000][68][gc,phases   ] GC(8)   Merge Heap Roots: 0.0ms
[2023-06-15T08:20:12.103+0000][68][gc,phases   ] GC(8)   Evacuate Collection Set: 12.4ms
[2023-06-15T08:20:12.105+0000][68][gc,phases   ] GC(8)   Post Evacuate Collection Set: 1.5ms
[2023-06-15T08:20:12.106+0000][68][gc,phases   ] GC(8)   Other: 1.5ms
[2023-06-15T08:20:12.107+0000][68][gc,age      ] GC(8) Age table with threshold 15 (max threshold 15)
[2023-06-15T08:20:12.111+0000][68][gc,age      ] GC(8) - age   1:    3727056 bytes,    3727056 total
[2023-06-15T08:20:12.113+0000][68][gc,age      ] GC(8) - age   2:     375648 bytes,    4102704 total
[2023-06-15T08:20:12.114+0000][68][gc,age      ] GC(8) - age   3:    2430808 bytes,    6533512 total
[2023-06-15T08:20:12.115+0000][68][gc,age      ] GC(8) - age   4:    4161512 bytes,   10695024 total
[2023-06-15T08:20:12.116+0000][68][gc,age      ] GC(8) - age   5:     987344 bytes,   11682368 total
[2023-06-15T08:20:12.119+0000][68][gc,heap     ] GC(8) Eden regions: 35->0(35)
[2023-06-15T08:20:12.120+0000][68][gc,heap     ] GC(8) Survivor regions: 3->3(5)
[2023-06-15T08:20:12.122+0000][68][gc,heap     ] GC(8) Old regions: 3->3
[2023-06-15T08:20:12.123+0000][68][gc,heap     ] GC(8) Archive regions: 2->2
[2023-06-15T08:20:12.123+0000][68][gc,heap     ] GC(8) Humongous regions: 0->0
[2023-06-15T08:20:12.125+0000][68][gc,metaspace] GC(8) Metaspace: 32151K(32832K)->32151K(32832K) NonClass: 28501K(28864K)->28501K(28864K) Class: 3649K(3968K)->3649K(3968K)
[2023-06-15T08:20:12.130+0000][68][gc          ] GC(8) Pause Young (Normal) (G1 Evacuation Pause) 162M->25M(256M) 47.199ms
[2023-06-15T08:20:12.131+0000][68][gc,cpu      ] GC(8) User=0.05s Sys=0.01s Real=0.05s
[2023-06-15T08:20:12.132+0000][68][safepoint   ] Safepoint "G1CollectForAllocation", Time since last: 831807012 ns, Reaching safepoint: 288277 ns, At safepoint: 49258515 ns, Total: 49546792 ns
[2023-06-15T08:20:12.681+0000][68][gc,start    ] GC(9) Pause Young (Normal) (G1 Evacuation Pause)
[2023-06-15T08:20:12.682+0000][68][gc,task     ] GC(9) Using 4 workers of 4 for evacuation
[2023-06-15T08:20:12.684+0000][68][gc,age      ] GC(9) Desired survivor size 10485760 bytes, new threshold 4 (max threshold 15)
[2023-06-15T08:20:12.696+0000][68][gc,phases   ] GC(9)   Pre Evacuate Collection Set: 0.1ms
[2023-06-15T08:20:12.697+0000][68][gc,phases   ] GC(9)   Merge Heap Roots: 0.0ms
[2023-06-15T08:20:12.698+0000][68][gc,phases   ] GC(9)   Evacuate Collection Set: 7.7ms
[2023-06-15T08:20:12.699+0000][68][gc,phases   ] GC(9)   Post Evacuate Collection Set: 1.7ms
[2023-06-15T08:20:12.700+0000][68][gc,phases   ] GC(9)   Other: 3.7ms
[2023-06-15T08:20:12.701+0000][68][gc,age      ] GC(9) Age table with threshold 4 (max threshold 15)
[2023-06-15T08:20:12.702+0000][68][gc,age      ] GC(9) - age   1:    1656896 bytes,    1656896 total
[2023-06-15T08:20:12.702+0000][68][gc,age      ] GC(9) - age   2:    3278424 bytes,    4935320 total
[2023-06-15T08:20:12.703+0000][68][gc,age      ] GC(9) - age   3:     375648 bytes,    5310968 total
[2023-06-15T08:20:12.704+0000][68][gc,age      ] GC(9) - age   4:    2430808 bytes,    7741776 total
[2023-06-15T08:20:12.704+0000][68][gc,heap     ] GC(9) Eden regions: 35->0(35)
[2023-06-15T08:20:12.708+0000][68][gc,heap     ] GC(9) Survivor regions: 3->3(5)
[2023-06-15T08:20:12.709+0000][68][gc,heap     ] GC(9) Old regions: 3->4
[2023-06-15T08:20:12.710+0000][68][gc,heap     ] GC(9) Archive regions: 2->2
[2023-06-15T08:20:12.712+0000][68][gc,heap     ] GC(9) Humongous regions: 0->0
[2023-06-15T08:20:12.716+0000][68][gc,metaspace] GC(9) Metaspace: 32268K(33024K)->32268K(33024K) NonClass: 28596K(28992K)->28596K(28992K) Class: 3671K(4032K)->3671K(4032K)
[2023-06-15T08:20:12.718+0000][68][gc          ] GC(9) Pause Young (Normal) (G1 Evacuation Pause) 165M->27M(256M) 37.150ms
[2023-06-15T08:20:12.720+0000][68][gc,cpu      ] GC(9) User=0.02s Sys=0.00s Real=0.04s
[2023-06-15T08:20:12.721+0000][68][safepoint   ] Safepoint "G1CollectForAllocation", Time since last: 548508695 ns, Reaching safepoint: 94051 ns, At safepoint: 40214527 ns, Total: 40308578 ns
[2023-06-15T08:20:13.639+0000][68][gc,start    ] GC(10) Pause Young (Normal) (G1 Evacuation Pause)
[2023-06-15T08:20:13.640+0000][68][gc,task     ] GC(10) Using 4 workers of 4 for evacuation
[2023-06-15T08:20:13.641+0000][68][gc,age      ] GC(10) Desired survivor size 10485760 bytes, new threshold 15 (max threshold 15)
[2023-06-15T08:20:13.648+0000][68][gc,phases   ] GC(10)   Pre Evacuate Collection Set: 0.2ms
[2023-06-15T08:20:13.651+0000][68][gc,phases   ] GC(10)   Merge Heap Roots: 0.1ms
[2023-06-15T08:20:13.651+0000][68][gc,phases   ] GC(10)   Evacuate Collection Set: 5.6ms
[2023-06-15T08:20:13.652+0000][68][gc,phases   ] GC(10)   Post Evacuate Collection Set: 0.9ms
[2023-06-15T08:20:13.653+0000][68][gc,phases   ] GC(10)   Other: 1.8ms
[2023-06-15T08:20:13.654+0000][68][gc,age      ] GC(10) Age table with threshold 15 (max threshold 15)
[2023-06-15T08:20:13.655+0000][68][gc,age      ] GC(10) - age   1:    3544920 bytes,    3544920 total
[2023-06-15T08:20:13.656+0000][68][gc,age      ] GC(10) - age   2:    1460504 bytes,    5005424 total
[2023-06-15T08:20:13.657+0000][68][gc,age      ] GC(10) - age   3:    3278392 bytes,    8283816 total
[2023-06-15T08:20:13.657+0000][68][gc,age      ] GC(10) - age   4:     375000 bytes,    8658816 total
[2023-06-15T08:20:13.658+0000][68][gc,age      ] GC(10) - age   5:    2430168 bytes,   11088984 total
[2023-06-15T08:20:13.659+0000][68][gc,heap     ] GC(10) Eden regions: 35->0(35)
[2023-06-15T08:20:13.659+0000][68][gc,heap     ] GC(10) Survivor regions: 3->3(5)
[2023-06-15T08:20:13.660+0000][68][gc,heap     ] GC(10) Old regions: 4->4
[2023-06-15T08:20:13.661+0000][68][gc,heap     ] GC(10) Archive regions: 2->2
[2023-06-15T08:20:13.662+0000][68][gc,heap     ] GC(10) Humongous regions: 0->0
[2023-06-15T08:20:13.663+0000][68][gc,metaspace] GC(10) Metaspace: 33704K(34496K)->33704K(34496K) NonClass: 29859K(30272K)->29859K(30272K) Class: 3845K(4224K)->3845K(4224K)
[2023-06-15T08:20:13.664+0000][68][gc          ] GC(10) Pause Young (Normal) (G1 Evacuation Pause) 167M->29M(256M) 24.686ms
[2023-06-15T08:20:13.665+0000][68][gc,cpu      ] GC(10) User=0.03s Sys=0.00s Real=0.02s
[2023-06-15T08:20:13.666+0000][68][safepoint   ] Safepoint "G1CollectForAllocation", Time since last: 917464589 ns, Reaching safepoint: 272005 ns, At safepoint: 26761128 ns, Total: 27033133 ns
[2023-06-15T08:20:14.291+0000][68][gc,start    ] GC(11) Pause Young (Normal) (G1 Evacuation Pause)
[2023-06-15T08:20:14.292+0000][68][gc,task     ] GC(11) Using 4 workers of 4 for evacuation
[2023-06-15T08:20:14.292+0000][68][gc,age      ] GC(11) Desired survivor size 10485760 bytes, new threshold 5 (max threshold 15)
[2023-06-15T08:20:14.303+0000][68][gc,phases   ] GC(11)   Pre Evacuate Collection Set: 0.1ms
[2023-06-15T08:20:14.304+0000][68][gc,phases   ] GC(11)   Merge Heap Roots: 0.0ms
[2023-06-15T08:20:14.305+0000][68][gc,phases   ] GC(11)   Evacuate Collection Set: 8.8ms
[2023-06-15T08:20:14.305+0000][68][gc,phases   ] GC(11)   Post Evacuate Collection Set: 1.1ms
[2023-06-15T08:20:14.306+0000][68][gc,phases   ] GC(11)   Other: 1.4ms
[2023-06-15T08:20:14.307+0000][68][gc,age      ] GC(11) Age table with threshold 5 (max threshold 15)
[2023-06-15T08:20:14.308+0000][68][gc,age      ] GC(11) - age   1:    3074672 bytes,    3074672 total
[2023-06-15T08:20:14.309+0000][68][gc,age      ] GC(11) - age   2:    3124560 bytes,    6199232 total
[2023-06-15T08:20:14.309+0000][68][gc,age      ] GC(11) - age   3:    1460472 bytes,    7659704 total
[2023-06-15T08:20:14.310+0000][68][gc,age      ] GC(11) - age   4:    3278392 bytes,   10938096 total
[2023-06-15T08:20:14.311+0000][68][gc,age      ] GC(11) - age   5:     375000 bytes,   11313096 total
[2023-06-15T08:20:14.312+0000][68][gc,heap     ] GC(11) Eden regions: 35->0(35)
[2023-06-15T08:20:14.313+0000][68][gc,heap     ] GC(11) Survivor regions: 3->3(5)
[2023-06-15T08:20:14.314+0000][68][gc,heap     ] GC(11) Old regions: 4->5
[2023-06-15T08:20:14.314+0000][68][gc,heap     ] GC(11) Archive regions: 2->2
[2023-06-15T08:20:14.315+0000][68][gc,heap     ] GC(11) Humongous regions: 0->0
[2023-06-15T08:20:14.316+0000][68][gc,metaspace] GC(11) Metaspace: 34158K(35072K)->34158K(35072K) NonClass: 30247K(30784K)->30247K(30784K) Class: 3910K(4288K)->3910K(4288K)
[2023-06-15T08:20:14.316+0000][68][gc          ] GC(11) Pause Young (Normal) (G1 Evacuation Pause) 169M->32M(256M) 25.329ms
[2023-06-15T08:20:14.317+0000][68][gc,cpu      ] GC(11) User=0.02s Sys=0.00s Real=0.03s
[2023-06-15T08:20:14.317+0000][68][safepoint   ] Safepoint "G1CollectForAllocation", Time since last: 625095732 ns, Reaching safepoint: 196614 ns, At safepoint: 26600265 ns, Total: 26796879 ns
[2023-06-15T08:20:14.606+0000][68][gc,start    ] GC(12) Pause Young (Normal) (G1 Evacuation Pause)
[2023-06-15T08:20:14.607+0000][68][gc,task     ] GC(12) Using 4 workers of 4 for evacuation
[2023-06-15T08:20:14.608+0000][68][gc,age      ] GC(12) Desired survivor size 10485760 bytes, new threshold 4 (max threshold 15)
[2023-06-15T08:20:14.618+0000][68][gc,phases   ] GC(12)   Pre Evacuate Collection Set: 0.1ms
[2023-06-15T08:20:14.629+0000][68][gc,phases   ] GC(12)   Merge Heap Roots: 0.0ms
[2023-06-15T08:20:14.643+0000][68][gc,phases   ] GC(12)   Evacuate Collection Set: 8.9ms
[2023-06-15T08:20:14.643+0000][68][gc,phases   ] GC(12)   Post Evacuate Collection Set: 0.7ms
[2023-06-15T08:20:14.644+0000][68][gc,phases   ] GC(12)   Other: 1.9ms
[2023-06-15T08:20:14.644+0000][68][gc,age      ] GC(12) Age table with threshold 4 (max threshold 15)
[2023-06-15T08:20:14.645+0000][68][gc,age      ] GC(12) - age   1:    1395520 bytes,    1395520 total
[2023-06-15T08:20:14.645+0000][68][gc,age      ] GC(12) - age   2:    2367456 bytes,    3762976 total
[2023-06-15T08:20:14.646+0000][68][gc,age      ] GC(12) - age   3:    3124440 bytes,    6887416 total
[2023-06-15T08:20:14.646+0000][68][gc,age      ] GC(12) - age   4:    1460472 bytes,    8347888 total
[2023-06-15T08:20:14.647+0000][68][gc,heap     ] GC(12) Eden regions: 35->0(35)
[2023-06-15T08:20:14.647+0000][68][gc,heap     ] GC(12) Survivor regions: 3->3(5)
[2023-06-15T08:20:14.648+0000][68][gc,heap     ] GC(12) Old regions: 5->6
[2023-06-15T08:20:14.649+0000][68][gc,heap     ] GC(12) Archive regions: 2->2
[2023-06-15T08:20:14.649+0000][68][gc,heap     ] GC(12) Humongous regions: 0->0
[2023-06-15T08:20:14.650+0000][68][gc,metaspace] GC(12) Metaspace: 34577K(35456K)->34577K(35456K) NonClass: 30619K(31104K)->30619K(31104K) Class: 3958K(4352K)->3958K(4352K)
[2023-06-15T08:20:14.650+0000][68][gc          ] GC(12) Pause Young (Normal) (G1 Evacuation Pause) 172M->33M(256M) 44.532ms
[2023-06-15T08:20:14.651+0000][68][gc,cpu      ] GC(12) User=0.02s Sys=0.00s Real=0.04s
[2023-06-15T08:20:14.651+0000][68][safepoint   ] Safepoint "G1CollectForAllocation", Time since last: 288039030 ns, Reaching safepoint: 69283 ns, At safepoint: 45665410 ns, Total: 45734693 ns
[2023-06-15T08:20:15.081+0000][68][gc,start    ] GC(13) Pause Young (Concurrent Start) (Metadata GC Threshold)
[2023-06-15T08:20:15.082+0000][68][gc,task     ] GC(13) Using 4 workers of 4 for evacuation
[2023-06-15T08:20:15.083+0000][68][gc,age      ] GC(13) Desired survivor size 10485760 bytes, new threshold 15 (max threshold 15)
[2023-06-15T08:20:15.096+0000][68][gc,phases   ] GC(13)   Pre Evacuate Collection Set: 0.3ms
[2023-06-15T08:20:15.097+0000][68][gc,phases   ] GC(13)   Merge Heap Roots: 0.1ms
[2023-06-15T08:20:15.098+0000][68][gc,phases   ] GC(13)   Evacuate Collection Set: 10.1ms
[2023-06-15T08:20:15.099+0000][68][gc,phases   ] GC(13)   Post Evacuate Collection Set: 1.1ms
[2023-06-15T08:20:15.100+0000][68][gc,phases   ] GC(13)   Other: 2.0ms
[2023-06-15T08:20:15.101+0000][68][gc,age      ] GC(13) Age table with threshold 15 (max threshold 15)
[2023-06-15T08:20:15.102+0000][68][gc,age      ] GC(13) - age   1:     587056 bytes,     587056 total
[2023-06-15T08:20:15.102+0000][68][gc,age      ] GC(13) - age   2:     718328 bytes,    1305384 total
[2023-06-15T08:20:15.103+0000][68][gc,age      ] GC(13) - age   3:    2367320 bytes,    3672704 total
[2023-06-15T08:20:15.104+0000][68][gc,age      ] GC(13) - age   4:    3124008 bytes,    6796712 total
[2023-06-15T08:20:15.105+0000][68][gc,age      ] GC(13) - age   5:    1460368 bytes,    8257080 total
[2023-06-15T08:20:15.106+0000][68][gc,heap     ] GC(13) Eden regions: 7->0(35)
[2023-06-15T08:20:15.107+0000][68][gc,heap     ] GC(13) Survivor regions: 3->3(5)
[2023-06-15T08:20:15.108+0000][68][gc,heap     ] GC(13) Old regions: 6->6
[2023-06-15T08:20:15.109+0000][68][gc,heap     ] GC(13) Archive regions: 2->2
[2023-06-15T08:20:15.110+0000][68][gc,heap     ] GC(13) Humongous regions: 0->0
[2023-06-15T08:20:15.112+0000][68][gc,metaspace] GC(13) Metaspace: 35625K(36480K)->35625K(36480K) NonClass: 31540K(32064K)->31540K(32064K) Class: 4085K(4416K)->4085K(4416K)
[2023-06-15T08:20:15.113+0000][68][gc          ] GC(13) Pause Young (Concurrent Start) (Metadata GC Threshold) 59M->33M(256M) 31.484ms
[2023-06-15T08:20:15.114+0000][68][gc          ] GC(14) Concurrent Mark Cycle
[2023-06-15T08:20:15.115+0000][68][gc,marking  ] GC(14) Concurrent Clear Claimed Marks
[2023-06-15T08:20:15.116+0000][68][gc,marking  ] GC(14) Concurrent Clear Claimed Marks 0.841ms
[2023-06-15T08:20:15.117+0000][68][gc,marking  ] GC(14) Concurrent Scan Root Regions
[2023-06-15T08:20:15.114+0000][68][gc,cpu      ] GC(13) User=0.01s Sys=0.00s Real=0.03s
[2023-06-15T08:20:15.124+0000][68][gc,marking  ] GC(14) Concurrent Scan Root Regions 7.186ms
[2023-06-15T08:20:15.125+0000][68][gc,marking  ] GC(14) Concurrent Mark
[2023-06-15T08:20:15.125+0000][68][gc,marking  ] GC(14) Concurrent Mark From Roots
[2023-06-15T08:20:15.126+0000][68][gc,task     ] GC(14) Using 1 workers of 1 for marking
[2023-06-15T08:20:15.124+0000][68][safepoint   ] Safepoint "CollectForMetadataAllocation", Time since last: 429832211 ns, Reaching safepoint: 141825 ns, At safepoint: 42876135 ns, Total: 43017960 ns
[2023-06-15T08:20:15.194+0000][68][gc,marking  ] GC(14) Concurrent Mark From Roots 68.652ms
[2023-06-15T08:20:15.195+0000][68][gc,marking  ] GC(14) Concurrent Preclean
[2023-06-15T08:20:15.196+0000][68][gc,marking  ] GC(14) Concurrent Preclean 0.697ms
[2023-06-15T08:20:15.199+0000][68][gc,start    ] GC(14) Pause Remark
[2023-06-15T08:20:15.218+0000][68][gc          ] GC(14) Pause Remark 35M->35M(256M) 19.278ms
[2023-06-15T08:20:15.219+0000][68][gc,cpu      ] GC(14) User=0.02s Sys=0.00s Real=0.02s
[2023-06-15T08:20:15.220+0000][68][safepoint   ] Safepoint "G1PauseRemark", Time since last: 73975944 ns, Reaching safepoint: 566275 ns, At safepoint: 21347191 ns, Total: 21913466 ns
[2023-06-15T08:20:15.221+0000][68][gc,marking  ] GC(14) Concurrent Mark 96.091ms
[2023-06-15T08:20:15.221+0000][68][gc,marking  ] GC(14) Concurrent Rebuild Remembered Sets
[2023-06-15T08:20:15.257+0000][68][gc,marking  ] GC(14) Concurrent Rebuild Remembered Sets 35.447ms
[2023-06-15T08:20:15.264+0000][68][gc,start    ] GC(14) Pause Cleanup
[2023-06-15T08:20:15.266+0000][68][gc          ] GC(14) Pause Cleanup 35M->35M(256M) 1.924ms
[2023-06-15T08:20:15.267+0000][68][gc,cpu      ] GC(14) User=0.01s Sys=0.00s Real=0.01s
[2023-06-15T08:20:15.268+0000][68][safepoint   ] Safepoint "G1PauseCleanup", Time since last: 39558266 ns, Reaching safepoint: 4358886 ns, At safepoint: 4340159 ns, Total: 8699045 ns
[2023-06-15T08:20:15.269+0000][68][gc,marking  ] GC(14) Concurrent Cleanup for Next Mark
[2023-06-15T08:20:15.271+0000][68][gc,marking  ] GC(14) Concurrent Cleanup for Next Mark 1.884ms
[2023-06-15T08:20:15.271+0000][68][gc          ] GC(14) Concurrent Mark Cycle 157.118ms
[2023-06-15T08:20:16.270+0000][68][safepoint   ] Safepoint "Cleanup", Time since last: 1001063311 ns, Reaching safepoint: 962849 ns, At safepoint: 39317 ns, Total: 1002166 ns
[2023-06-15T08:20:17.543+0000][68][safepoint   ] Safepoint "Cleanup", Time since last: 1271674498 ns, Reaching safepoint: 1335375 ns, At safepoint: 133800 ns, Total: 1469175 ns
[2023-06-15T08:20:19.044+0000][68][safepoint   ] Safepoint "Cleanup", Time since last: 1490305972 ns, Reaching safepoint: 10609884 ns, At safepoint: 32272 ns, Total: 10642156 ns
[2023-06-15T08:20:20.049+0000][68][safepoint   ] Safepoint "Cleanup", Time since last: 1001350502 ns, Reaching safepoint: 3086398 ns, At safepoint: 18601 ns, Total: 3104999 ns
[2023-06-15T08:20:20.320+0000][68][gc,start    ] GC(15) Pause Young (Normal) (G1 Evacuation Pause)
[2023-06-15T08:20:20.321+0000][68][gc,task     ] GC(15) Using 4 workers of 4 for evacuation
[2023-06-15T08:20:20.322+0000][68][gc,age      ] GC(15) Desired survivor size 10485760 bytes, new threshold 15 (max threshold 15)
[2023-06-15T08:20:20.352+0000][68][gc,phases   ] GC(15)   Pre Evacuate Collection Set: 0.2ms
[2023-06-15T08:20:20.354+0000][68][gc,phases   ] GC(15)   Merge Heap Roots: 0.3ms
[2023-06-15T08:20:20.355+0000][68][gc,phases   ] GC(15)   Evacuate Collection Set: 23.5ms
[2023-06-15T08:20:20.355+0000][68][gc,phases   ] GC(15)   Post Evacuate Collection Set: 5.6ms
[2023-06-15T08:20:20.356+0000][68][gc,phases   ] GC(15)   Other: 1.6ms
[2023-06-15T08:20:20.357+0000][68][gc,age      ] GC(15) Age table with threshold 15 (max threshold 15)
[2023-06-15T08:20:20.358+0000][68][gc,age      ] GC(15) - age   1:   11278424 bytes,   11278424 total
[2023-06-15T08:20:20.359+0000][68][gc,age      ] GC(15) - age   2:     556064 bytes,   11834488 total
[2023-06-15T08:20:20.360+0000][68][gc,age      ] GC(15) - age   3:     711040 bytes,   12545528 total
[2023-06-15T08:20:20.361+0000][68][gc,age      ] GC(15) - age   4:    2360176 bytes,   14905704 total
[2023-06-15T08:20:20.361+0000][68][gc,age      ] GC(15) - age   5:    3104728 bytes,   18010432 total
[2023-06-15T08:20:20.362+0000][68][gc,age      ] GC(15) - age   6:    1452368 bytes,   19462800 total
[2023-06-15T08:20:20.363+0000][68][gc,heap     ] GC(15) Eden regions: 35->0(33)
[2023-06-15T08:20:20.364+0000][68][gc,heap     ] GC(15) Survivor regions: 3->5(5)
[2023-06-15T08:20:20.365+0000][68][gc,heap     ] GC(15) Old regions: 6->6
[2023-06-15T08:20:20.366+0000][68][gc,heap     ] GC(15) Archive regions: 2->2
[2023-06-15T08:20:20.367+0000][68][gc,heap     ] GC(15) Humongous regions: 0->0
[2023-06-15T08:20:20.367+0000][68][gc,metaspace] GC(15) Metaspace: 43930K(45248K)->43930K(45248K) NonClass: 38716K(39488K)->38716K(39488K) Class: 5213K(5760K)->5213K(5760K)
[2023-06-15T08:20:20.368+0000][68][gc          ] GC(15) Pause Young (Normal) (G1 Evacuation Pause) 173M->44M(256M) 47.983ms
[2023-06-15T08:20:20.369+0000][68][gc,cpu      ] GC(15) User=0.05s Sys=0.02s Real=0.05s
[2023-06-15T08:20:20.369+0000][68][safepoint   ] Safepoint "G1CollectForAllocation", Time since last: 271231910 ns, Reaching safepoint: 153308 ns, At safepoint: 49186190 ns, Total: 49339498 ns
[2023-06-15T08:20:21.421+0000][68][gc,start    ] GC(16) Pause Young (Normal) (G1 Evacuation Pause)
[2023-06-15T08:20:21.422+0000][68][gc,task     ] GC(16) Using 4 workers of 4 for evacuation
[2023-06-15T08:20:21.422+0000][68][gc,age      ] GC(16) Desired survivor size 10485760 bytes, new threshold 1 (max threshold 15)
[2023-06-15T08:20:21.450+0000][68][gc,phases   ] GC(16)   Pre Evacuate Collection Set: 0.1ms
[2023-06-15T08:20:21.451+0000][68][gc,phases   ] GC(16)   Merge Heap Roots: 0.2ms
[2023-06-15T08:20:21.452+0000][68][gc,phases   ] GC(16)   Evacuate Collection Set: 26.0ms
[2023-06-15T08:20:21.452+0000][68][gc,phases   ] GC(16)   Post Evacuate Collection Set: 0.7ms
[2023-06-15T08:20:21.453+0000][68][gc,phases   ] GC(16)   Other: 1.6ms
[2023-06-15T08:20:21.454+0000][68][gc,age      ] GC(16) Age table with threshold 1 (max threshold 15)
[2023-06-15T08:20:21.454+0000][68][gc,age      ] GC(16) - age   1:    7054784 bytes,    7054784 total
[2023-06-15T08:20:21.455+0000][68][gc,heap     ] GC(16) Eden regions: 33->0(34)
[2023-06-15T08:20:21.455+0000][68][gc,heap     ] GC(16) Survivor regions: 5->3(5)
[2023-06-15T08:20:21.456+0000][68][gc,heap     ] GC(16) Old regions: 6->10
[2023-06-15T08:20:21.457+0000][68][gc,heap     ] GC(16) Archive regions: 2->2
[2023-06-15T08:20:21.457+0000][68][gc,heap     ] GC(16) Humongous regions: 0->0
[2023-06-15T08:20:21.458+0000][68][gc,metaspace] GC(16) Metaspace: 44159K(45504K)->44159K(45504K) NonClass: 38912K(39680K)->38912K(39680K) Class: 5247K(5824K)->5247K(5824K)
[2023-06-15T08:20:21.458+0000][68][gc          ] GC(16) Pause Young (Normal) (G1 Evacuation Pause) 176M->51M(256M) 37.628ms
[2023-06-15T08:20:21.459+0000][68][gc,cpu      ] GC(16) User=0.08s Sys=0.00s Real=0.04s
[2023-06-15T08:20:21.459+0000][68][safepoint   ] Safepoint "G1CollectForAllocation", Time since last: 1051089291 ns, Reaching safepoint: 210080 ns, At safepoint: 38743302 ns, Total: 38953382 ns
[2023-06-15T08:20:22.160+0000][68][safepoint   ] Safepoint "ICBufferFull", Time since last: 700031543 ns, Reaching safepoint: 211666 ns, At safepoint: 6663 ns, Total: 218329 ns
[2023-06-15T08:20:23.129+0000][68][gc,start    ] GC(17) Pause Young (Normal) (G1 Evacuation Pause)
[2023-06-15T08:20:23.130+0000][68][gc,task     ] GC(17) Using 4 workers of 4 for evacuation
[2023-06-15T08:20:23.131+0000][68][gc,age      ] GC(17) Desired survivor size 10485760 bytes, new threshold 15 (max threshold 15)
[2023-06-15T08:20:23.143+0000][68][gc,phases   ] GC(17)   Pre Evacuate Collection Set: 0.1ms
[2023-06-15T08:20:23.144+0000][68][gc,phases   ] GC(17)   Merge Heap Roots: 0.2ms
[2023-06-15T08:20:23.145+0000][68][gc,phases   ] GC(17)   Evacuate Collection Set: 10.4ms
[2023-06-15T08:20:23.145+0000][68][gc,phases   ] GC(17)   Post Evacuate Collection Set: 0.8ms
[2023-06-15T08:20:23.146+0000][68][gc,phases   ] GC(17)   Other: 1.6ms
[2023-06-15T08:20:23.146+0000][68][gc,age      ] GC(17) Age table with threshold 15 (max threshold 15)
[2023-06-15T08:20:23.147+0000][68][gc,age      ] GC(17) - age   1:    4979528 bytes,    4979528 total
[2023-06-15T08:20:23.148+0000][68][gc,age      ] GC(17) - age   2:    6612344 bytes,   11591872 total
[2023-06-15T08:20:23.149+0000][68][gc,heap     ] GC(17) Eden regions: 34->0(34)
[2023-06-15T08:20:23.149+0000][68][gc,heap     ] GC(17) Survivor regions: 3->3(5)
[2023-06-15T08:20:23.150+0000][68][gc,heap     ] GC(17) Old regions: 10->10
[2023-06-15T08:20:23.151+0000][68][gc,heap     ] GC(17) Archive regions: 2->2
[2023-06-15T08:20:23.151+0000][68][gc,heap     ] GC(17) Humongous regions: 0->0
[2023-06-15T08:20:23.152+0000][68][gc,metaspace] GC(17) Metaspace: 52066K(53376K)->52066K(53376K) NonClass: 45771K(46528K)->45771K(46528K) Class: 6294K(6848K)->6294K(6848K)
[2023-06-15T08:20:23.153+0000][68][gc          ] GC(17) Pause Young (Normal) (G1 Evacuation Pause) 187M->54M(256M) 23.699ms
[2023-06-15T08:20:23.153+0000][68][gc,cpu      ] GC(17) User=0.03s Sys=0.00s Real=0.02s
[2023-06-15T08:20:23.154+0000][68][safepoint   ] Safepoint "G1CollectForAllocation", Time since last: 968888494 ns, Reaching safepoint: 226098 ns, At safepoint: 24988708 ns, Total: 25214806 ns
[2023-06-15T08:20:23.716+0000][68][gc,start    ] GC(18) Pause Young (Concurrent Start) (Metadata GC Threshold)
[2023-06-15T08:20:23.717+0000][68][gc,task     ] GC(18) Using 4 workers of 4 for evacuation
[2023-06-15T08:20:23.718+0000][68][gc,age      ] GC(18) Desired survivor size 10485760 bytes, new threshold 2 (max threshold 15)
[2023-06-15T08:20:23.729+0000][68][gc,phases   ] GC(18)   Pre Evacuate Collection Set: 0.2ms
[2023-06-15T08:20:23.730+0000][68][gc,phases   ] GC(18)   Merge Heap Roots: 0.1ms
[2023-06-15T08:20:23.731+0000][68][gc,phases   ] GC(18)   Evacuate Collection Set: 8.5ms
[2023-06-15T08:20:23.732+0000][68][gc,phases   ] GC(18)   Post Evacuate Collection Set: 1.7ms
[2023-06-15T08:20:23.732+0000][68][gc,phases   ] GC(18)   Other: 2.1ms
[2023-06-15T08:20:23.733+0000][68][gc,age      ] GC(18) Age table with threshold 2 (max threshold 15)
[2023-06-15T08:20:23.733+0000][68][gc,age      ] GC(18) - age   1:    2951128 bytes,    2951128 total
[2023-06-15T08:20:23.734+0000][68][gc,age      ] GC(18) - age   2:    4794968 bytes,    7746096 total
[2023-06-15T08:20:23.734+0000][68][gc,heap     ] GC(18) Eden regions: 12->0(33)
[2023-06-15T08:20:23.735+0000][68][gc,heap     ] GC(18) Survivor regions: 3->2(5)
[2023-06-15T08:20:23.735+0000][68][gc,heap     ] GC(18) Old regions: 10->12
[2023-06-15T08:20:23.736+0000][68][gc,heap     ] GC(18) Archive regions: 2->2
[2023-06-15T08:20:23.737+0000][68][gc,heap     ] GC(18) Humongous regions: 0->0
[2023-06-15T08:20:23.737+0000][68][gc,metaspace] GC(18) Metaspace: 59729K(61120K)->59729K(61120K) NonClass: 52294K(53120K)->52294K(53120K) Class: 7435K(8000K)->7435K(8000K)
[2023-06-15T08:20:23.738+0000][68][gc          ] GC(18) Pause Young (Concurrent Start) (Metadata GC Threshold) 100M->57M(256M) 21.679ms
[2023-06-15T08:20:23.738+0000][68][gc,cpu      ] GC(18) User=0.03s Sys=0.01s Real=0.02s
[2023-06-15T08:20:23.738+0000][68][gc          ] GC(19) Concurrent Mark Cycle
[2023-06-15T08:20:23.739+0000][68][gc,marking  ] GC(19) Concurrent Clear Claimed Marks
[2023-06-15T08:20:23.741+0000][68][gc,marking  ] GC(19) Concurrent Clear Claimed Marks 1.137ms
[2023-06-15T08:20:23.741+0000][68][gc,marking  ] GC(19) Concurrent Scan Root Regions
[2023-06-15T08:20:23.739+0000][68][safepoint   ] Safepoint "CollectForMetadataAllocation", Time since last: 584852638 ns, Reaching safepoint: 148573 ns, At safepoint: 22944788 ns, Total: 23093361 ns
[2023-06-15T08:20:23.754+0000][68][gc,marking  ] GC(19) Concurrent Scan Root Regions 12.529ms
[2023-06-15T08:20:23.754+0000][68][gc,marking  ] GC(19) Concurrent Mark
[2023-06-15T08:20:23.755+0000][68][gc,marking  ] GC(19) Concurrent Mark From Roots
[2023-06-15T08:20:23.755+0000][68][gc,task     ] GC(19) Using 1 workers of 1 for marking
[2023-06-15T08:20:23.786+0000][68][safepoint   ] Safepoint "CollectForMetadataAllocation", Time since last: 37888257 ns, Reaching safepoint: 9084577 ns, At safepoint: 81693 ns, Total: 9166270 ns
[2023-06-15T08:20:23.819+0000][68][safepoint   ] Safepoint "CollectForMetadataAllocation", Time since last: 30886757 ns, Reaching safepoint: 1878454 ns, At safepoint: 80293 ns, Total: 1958747 ns
[2023-06-15T08:20:23.824+0000][68][gc,marking  ] GC(19) Concurrent Mark From Roots 68.869ms
[2023-06-15T08:20:23.824+0000][68][gc,marking  ] GC(19) Concurrent Preclean
[2023-06-15T08:20:23.825+0000][68][gc,marking  ] GC(19) Concurrent Preclean 0.933ms
[2023-06-15T08:20:23.826+0000][68][gc,start    ] GC(19) Pause Remark
[2023-06-15T08:20:23.832+0000][68][gc          ] GC(19) Pause Remark 61M->61M(256M) 5.202ms
[2023-06-15T08:20:23.833+0000][68][gc,cpu      ] GC(19) User=0.01s Sys=0.00s Real=0.01s
[2023-06-15T08:20:23.833+0000][68][safepoint   ] Safepoint "G1PauseRemark", Time since last: 7311243 ns, Reaching safepoint: 307227 ns, At safepoint: 6950135 ns, Total: 7257362 ns
[2023-06-15T08:20:23.834+0000][68][gc,marking  ] GC(19) Concurrent Mark 79.920ms
[2023-06-15T08:20:23.835+0000][68][gc,marking  ] GC(19) Concurrent Rebuild Remembered Sets
[2023-06-15T08:20:23.878+0000][68][gc,marking  ] GC(19) Concurrent Rebuild Remembered Sets 43.457ms
[2023-06-15T08:20:23.880+0000][68][gc,start    ] GC(19) Pause Cleanup
[2023-06-15T08:20:23.881+0000][68][gc          ] GC(19) Pause Cleanup 65M->65M(256M) 1.031ms
[2023-06-15T08:20:23.881+0000][68][gc,cpu      ] GC(19) User=0.00s Sys=0.00s Real=0.00s
[2023-06-15T08:20:23.882+0000][68][safepoint   ] Safepoint "G1PauseCleanup", Time since last: 45905500 ns, Reaching safepoint: 216553 ns, At safepoint: 2451545 ns, Total: 2668098 ns
[2023-06-15T08:20:23.883+0000][68][gc,marking  ] GC(19) Concurrent Cleanup for Next Mark
[2023-06-15T08:20:23.884+0000][68][gc,marking  ] GC(19) Concurrent Cleanup for Next Mark 1.631ms
[2023-06-15T08:20:23.885+0000][68][gc          ] GC(19) Concurrent Mark Cycle 146.771ms
[2023-06-15T08:20:24.736+0000][68][gc,start    ] GC(20) Pause Young (Normal) (G1 Evacuation Pause)
[2023-06-15T08:20:24.737+0000][68][gc,task     ] GC(20) Using 4 workers of 4 for evacuation
[2023-06-15T08:20:24.738+0000][68][gc,age      ] GC(20) Desired survivor size 10485760 bytes, new threshold 15 (max threshold 15)
[2023-06-15T08:20:24.750+0000][68][gc,phases   ] GC(20)   Pre Evacuate Collection Set: 0.2ms
[2023-06-15T08:20:24.751+0000][68][gc,phases   ] GC(20)   Merge Heap Roots: 0.1ms
[2023-06-15T08:20:24.752+0000][68][gc,phases   ] GC(20)   Evacuate Collection Set: 10.0ms
[2023-06-15T08:20:24.752+0000][68][gc,phases   ] GC(20)   Post Evacuate Collection Set: 1.0ms
[2023-06-15T08:20:24.753+0000][68][gc,phases   ] GC(20)   Other: 1.3ms
[2023-06-15T08:20:24.753+0000][68][gc,age      ] GC(20) Age table with threshold 15 (max threshold 15)
[2023-06-15T08:20:24.754+0000][68][gc,age      ] GC(20) - age   1:    1799256 bytes,    1799256 total
[2023-06-15T08:20:24.754+0000][68][gc,age      ] GC(20) - age   2:    2796120 bytes,    4595376 total
[2023-06-15T08:20:24.755+0000][68][gc,age      ] GC(20) - age   3:    4772424 bytes,    9367800 total
[2023-06-15T08:20:24.756+0000][68][gc,heap     ] GC(20) Eden regions: 33->0(33)
[2023-06-15T08:20:24.756+0000][68][gc,heap     ] GC(20) Survivor regions: 2->3(5)
[2023-06-15T08:20:24.757+0000][68][gc,heap     ] GC(20) Old regions: 12->12
[2023-06-15T08:20:24.758+0000][68][gc,heap     ] GC(20) Archive regions: 2->2
[2023-06-15T08:20:24.759+0000][68][gc,heap     ] GC(20) Humongous regions: 0->0
[2023-06-15T08:20:24.759+0000][68][gc,metaspace] GC(20) Metaspace: 65537K(67072K)->65537K(67072K) NonClass: 57188K(58048K)->57188K(58048K) Class: 8348K(9024K)->8348K(9024K)
[2023-06-15T08:20:24.760+0000][68][gc          ] GC(20) Pause Young (Normal) (G1 Evacuation Pause) 189M->59M(256M) 23.444ms
[2023-06-15T08:20:24.761+0000][68][gc,cpu      ] GC(20) User=0.03s Sys=0.01s Real=0.02s
[2023-06-15T08:20:24.761+0000][68][safepoint   ] Safepoint "G1CollectForAllocation", Time since last: 854146760 ns, Reaching safepoint: 339334 ns, At safepoint: 24973661 ns, Total: 25312995 ns
[2023-06-15T08:20:25.764+0000][68][safepoint   ] Safepoint "Cleanup", Time since last: 1002256686 ns, Reaching safepoint: 347704 ns, At safepoint: 9060 ns, Total: 356764 ns
[2023-06-15T08:20:25.922+0000][68][gc,start    ] GC(21) Pause Young (Normal) (G1 Evacuation Pause)
[2023-06-15T08:20:25.924+0000][68][gc,task     ] GC(21) Using 4 workers of 4 for evacuation
[2023-06-15T08:20:25.924+0000][68][gc,age      ] GC(21) Desired survivor size 10485760 bytes, new threshold 15 (max threshold 15)
[2023-06-15T08:20:25.931+0000][68][gc,phases   ] GC(21)   Pre Evacuate Collection Set: 0.1ms
[2023-06-15T08:20:25.932+0000][68][gc,phases   ] GC(21)   Merge Heap Roots: 0.1ms
[2023-06-15T08:20:25.933+0000][68][gc,phases   ] GC(21)   Evacuate Collection Set: 5.1ms
[2023-06-15T08:20:25.934+0000][68][gc,phases   ] GC(21)   Post Evacuate Collection Set: 0.6ms
[2023-06-15T08:20:25.935+0000][68][gc,phases   ] GC(21)   Other: 1.9ms
[2023-06-15T08:20:25.936+0000][68][gc,age      ] GC(21) Age table with threshold 15 (max threshold 15)
[2023-06-15T08:20:25.936+0000][68][gc,age      ] GC(21) - age   1:     967936 bytes,     967936 total
[2023-06-15T08:20:25.937+0000][68][gc,age      ] GC(21) - age   2:    1644504 bytes,    2612440 total
[2023-06-15T08:20:25.937+0000][68][gc,age      ] GC(21) - age   3:    2795312 bytes,    5407752 total
[2023-06-15T08:20:25.938+0000][68][gc,age      ] GC(21) - age   4:    4771880 bytes,   10179632 total
[2023-06-15T08:20:25.938+0000][68][gc,heap     ] GC(21) Eden regions: 33->0(34)
[2023-06-15T08:20:25.939+0000][68][gc,heap     ] GC(21) Survivor regions: 3->3(5)
[2023-06-15T08:20:25.939+0000][68][gc,heap     ] GC(21) Old regions: 12->12
[2023-06-15T08:20:25.940+0000][68][gc,heap     ] GC(21) Archive regions: 2->2
[2023-06-15T08:20:25.940+0000][68][gc,heap     ] GC(21) Humongous regions: 0->0
[2023-06-15T08:20:25.941+0000][68][gc,metaspace] GC(21) Metaspace: 69509K(71104K)->69509K(71104K) NonClass: 60648K(61568K)->60648K(61568K) Class: 8860K(9536K)->8860K(9536K)
[2023-06-15T08:20:25.942+0000][68][gc          ] GC(21) Pause Young (Normal) (G1 Evacuation Pause) 191M->59M(256M) 19.404ms
[2023-06-15T08:20:25.942+0000][68][gc,cpu      ] GC(21) User=0.02s Sys=0.01s Real=0.03s
[2023-06-15T08:20:25.943+0000][68][safepoint   ] Safepoint "G1CollectForAllocation", Time since last: 157738645 ns, Reaching safepoint: 563717 ns, At safepoint: 20794400 ns, Total: 21358117 ns
[2023-06-15T08:20:27.496+0000][68][safepoint   ] Safepoint "Cleanup", Time since last: 1552112262 ns, Reaching safepoint: 374626 ns, At safepoint: 83658 ns, Total: 458284 ns
[2023-06-15T08:20:27.506+0000][68][gc,start    ] GC(22) Pause Young (Normal) (G1 Evacuation Pause)
[2023-06-15T08:20:27.507+0000][68][gc,task     ] GC(22) Using 4 workers of 4 for evacuation
[2023-06-15T08:20:27.508+0000][68][gc,age      ] GC(22) Desired survivor size 10485760 bytes, new threshold 15 (max threshold 15)
[2023-06-15T08:20:27.519+0000][68][gc,phases   ] GC(22)   Pre Evacuate Collection Set: 0.3ms
[2023-06-15T08:20:27.520+0000][68][gc,phases   ] GC(22)   Merge Heap Roots: 0.1ms
[2023-06-15T08:20:27.521+0000][68][gc,phases   ] GC(22)   Evacuate Collection Set: 8.7ms
[2023-06-15T08:20:27.522+0000][68][gc,phases   ] GC(22)   Post Evacuate Collection Set: 1.8ms
[2023-06-15T08:20:27.523+0000][68][gc,phases   ] GC(22)   Other: 1.5ms
[2023-06-15T08:20:27.525+0000][68][gc,age      ] GC(22) Age table with threshold 15 (max threshold 15)
[2023-06-15T08:20:27.526+0000][68][gc,age      ] GC(22) - age   1:    6601640 bytes,    6601640 total
[2023-06-15T08:20:27.526+0000][68][gc,age      ] GC(22) - age   2:     896320 bytes,    7497960 total
[2023-06-15T08:20:27.527+0000][68][gc,age      ] GC(22) - age   3:    1623056 bytes,    9121016 total
[2023-06-15T08:20:27.528+0000][68][gc,age      ] GC(22) - age   4:    2793520 bytes,   11914536 total
[2023-06-15T08:20:27.529+0000][68][gc,age      ] GC(22) - age   5:    4768280 bytes,   16682816 total
[2023-06-15T08:20:27.530+0000][68][gc,heap     ] GC(22) Eden regions: 34->0(30)
[2023-06-15T08:20:27.530+0000][68][gc,heap     ] GC(22) Survivor regions: 3->5(5)
[2023-06-15T08:20:27.531+0000][68][gc,heap     ] GC(22) Old regions: 12->12
[2023-06-15T08:20:27.532+0000][68][gc,heap     ] GC(22) Archive regions: 2->2
[2023-06-15T08:20:27.533+0000][68][gc,heap     ] GC(22) Humongous regions: 0->0
[2023-06-15T08:20:27.534+0000][68][gc,metaspace] GC(22) Metaspace: 79545K(81152K)->79545K(81152K) NonClass: 69243K(70144K)->69243K(70144K) Class: 10302K(11008K)->10302K(11008K)
[2023-06-15T08:20:27.534+0000][68][gc          ] GC(22) Pause Young (Normal) (G1 Evacuation Pause) 195M->66M(256M) 27.933ms
[2023-06-15T08:20:27.535+0000][68][gc,cpu      ] GC(22) User=0.04s Sys=0.01s Real=0.03s
[2023-06-15T08:20:27.536+0000][68][safepoint   ] Safepoint "G1CollectForAllocation", Time since last: 10407737 ns, Reaching safepoint: 106591 ns, At safepoint: 29595548 ns, Total: 29702139 ns
[2023-06-15T08:20:28.622+0000][68][safepoint   ] Safepoint "Cleanup", Time since last: 1084770053 ns, Reaching safepoint: 945974 ns, At safepoint: 10558 ns, Total: 956532 ns
[2023-06-15T08:20:29.383+0000][68][gc,start    ] GC(23) Pause Young (Normal) (G1 Evacuation Pause)
[2023-06-15T08:20:29.384+0000][68][gc,task     ] GC(23) Using 4 workers of 4 for evacuation
[2023-06-15T08:20:29.385+0000][68][gc,age      ] GC(23) Desired survivor size 10485760 bytes, new threshold 4 (max threshold 15)
[2023-06-15T08:20:29.406+0000][68][gc,phases   ] GC(23)   Pre Evacuate Collection Set: 0.1ms
[2023-06-15T08:20:29.407+0000][68][gc,phases   ] GC(23)   Merge Heap Roots: 0.0ms
[2023-06-15T08:20:29.408+0000][68][gc,phases   ] GC(23)   Evacuate Collection Set: 17.5ms
[2023-06-15T08:20:29.409+0000][68][gc,phases   ] GC(23)   Post Evacuate Collection Set: 2.6ms
[2023-06-15T08:20:29.410+0000][68][gc,phases   ] GC(23)   Other: 1.9ms
[2023-06-15T08:20:29.410+0000][68][gc,age      ] GC(23) Age table with threshold 4 (max threshold 15)
[2023-06-15T08:20:29.411+0000][68][gc,age      ] GC(23) - age   1:    5739824 bytes,    5739824 total
[2023-06-15T08:20:29.412+0000][68][gc,age      ] GC(23) - age   2:    6498696 bytes,   12238520 total
[2023-06-15T08:20:29.413+0000][68][gc,age      ] GC(23) - age   3:     894560 bytes,   13133080 total
[2023-06-15T08:20:29.414+0000][68][gc,age      ] GC(23) - age   4:    1616888 bytes,   14749968 total
[2023-06-15T08:20:29.416+0000][68][gc,heap     ] GC(23) Eden regions: 30->0(30)
[2023-06-15T08:20:29.417+0000][68][gc,heap     ] GC(23) Survivor regions: 5->4(5)
[2023-06-15T08:20:29.417+0000][68][gc,heap     ] GC(23) Old regions: 12->14
[2023-06-15T08:20:29.418+0000][68][gc,heap     ] GC(23) Archive regions: 2->2
[2023-06-15T08:20:29.419+0000][68][gc,heap     ] GC(23) Humongous regions: 0->0
[2023-06-15T08:20:29.420+0000][68][gc,metaspace] GC(23) Metaspace: 96150K(97984K)->96150K(97984K) NonClass: 83808K(84864K)->83808K(84864K) Class: 12342K(13120K)->12342K(13120K)
[2023-06-15T08:20:29.421+0000][68][gc          ] GC(23) Pause Young (Normal) (G1 Evacuation Pause) 186M->71M(256M) 37.918ms
[2023-06-15T08:20:29.422+0000][68][gc,cpu      ] GC(23) User=0.05s Sys=0.00s Real=0.03s
[2023-06-15T08:20:29.423+0000][68][safepoint   ] Safepoint "G1CollectForAllocation", Time since last: 760663118 ns, Reaching safepoint: 568749 ns, At safepoint: 39797681 ns, Total: 40366430 ns
[2023-06-15T08:20:29.968+0000][68][gc,start    ] GC(24) Pause Young (Concurrent Start) (Metadata GC Threshold)
[2023-06-15T08:20:29.970+0000][68][gc,task     ] GC(24) Using 4 workers of 4 for evacuation
[2023-06-15T08:20:29.970+0000][68][gc,age      ] GC(24) Desired survivor size 10485760 bytes, new threshold 2 (max threshold 15)
[2023-06-15T08:20:29.985+0000][68][gc,phases   ] GC(24)   Pre Evacuate Collection Set: 0.7ms
[2023-06-15T08:20:29.986+0000][68][gc,phases   ] GC(24)   Merge Heap Roots: 0.1ms
[2023-06-15T08:20:29.987+0000][68][gc,phases   ] GC(24)   Evacuate Collection Set: 11.6ms
[2023-06-15T08:20:29.987+0000][68][gc,phases   ] GC(24)   Post Evacuate Collection Set: 1.1ms
[2023-06-15T08:20:29.988+0000][68][gc,phases   ] GC(24)   Other: 1.7ms
[2023-06-15T08:20:29.989+0000][68][gc,age      ] GC(24) Age table with threshold 2 (max threshold 15)
[2023-06-15T08:20:29.989+0000][68][gc,age      ] GC(24) - age   1:    2899856 bytes,    2899856 total
[2023-06-15T08:20:29.990+0000][68][gc,age      ] GC(24) - age   2:    5478360 bytes,    8378216 total
[2023-06-15T08:20:29.990+0000][68][gc,heap     ] GC(24) Eden regions: 10->0(28)
[2023-06-15T08:20:29.991+0000][68][gc,heap     ] GC(24) Survivor regions: 4->3(5)
[2023-06-15T08:20:29.991+0000][68][gc,heap     ] GC(24) Old regions: 14->16
[2023-06-15T08:20:29.992+0000][68][gc,heap     ] GC(24) Archive regions: 2->2
[2023-06-15T08:20:29.993+0000][68][gc,heap     ] GC(24) Humongous regions: 0->0
[2023-06-15T08:20:29.993+0000][68][gc,metaspace] GC(24) Metaspace: 100792K(103040K)->100792K(103040K) NonClass: 87688K(88832K)->87688K(88832K) Class: 13104K(14208K)->13104K(14208K)
[2023-06-15T08:20:29.994+0000][68][gc          ] GC(24) Pause Young (Concurrent Start) (Metadata GC Threshold) 109M->75M(256M) 25.628ms
[2023-06-15T08:20:29.994+0000][68][gc,cpu      ] GC(24) User=0.04s Sys=0.00s Real=0.03s
[2023-06-15T08:20:29.994+0000][68][gc          ] GC(25) Concurrent Mark Cycle
[2023-06-15T08:20:29.995+0000][68][gc,marking  ] GC(25) Concurrent Clear Claimed Marks
[2023-06-15T08:20:29.995+0000][68][safepoint   ] Safepoint "CollectForMetadataAllocation", Time since last: 545089646 ns, Reaching safepoint: 266205 ns, At safepoint: 26831440 ns, Total: 27097645 ns
[2023-06-15T08:20:29.996+0000][68][gc,marking  ] GC(25) Concurrent Clear Claimed Marks 0.783ms
[2023-06-15T08:20:29.997+0000][68][gc,marking  ] GC(25) Concurrent Scan Root Regions
[2023-06-15T08:20:30.010+0000][68][gc,marking  ] GC(25) Concurrent Scan Root Regions 12.760ms
[2023-06-15T08:20:30.010+0000][68][gc,marking  ] GC(25) Concurrent Mark
[2023-06-15T08:20:30.011+0000][68][gc,marking  ] GC(25) Concurrent Mark From Roots
[2023-06-15T08:20:30.012+0000][68][gc,task     ] GC(25) Using 1 workers of 1 for marking
[2023-06-15T08:20:30.024+0000][68][safepoint   ] Safepoint "CollectForMetadataAllocation", Time since last: 29189101 ns, Reaching safepoint: 145877 ns, At safepoint: 92372 ns, Total: 238249 ns
[2023-06-15T08:20:30.059+0000][68][safepoint   ] Safepoint "CollectForMetadataAllocation", Time since last: 34876906 ns, Reaching safepoint: 274710 ns, At safepoint: 89730 ns, Total: 364440 ns
[2023-06-15T08:20:30.083+0000][68][safepoint   ] Safepoint "CollectForMetadataAllocation", Time since last: 23866909 ns, Reaching safepoint: 124618 ns, At safepoint: 62629 ns, Total: 187247 ns
[2023-06-15T08:20:30.084+0000][68][gc,marking  ] GC(25) Concurrent Mark From Roots 72.793ms
[2023-06-15T08:20:30.085+0000][68][gc,marking  ] GC(25) Concurrent Preclean
[2023-06-15T08:20:30.086+0000][68][gc,marking  ] GC(25) Concurrent Preclean 0.831ms
[2023-06-15T08:20:30.087+0000][68][gc,start    ] GC(25) Pause Remark
[2023-06-15T08:20:30.092+0000][68][gc          ] GC(25) Pause Remark 83M->83M(256M) 5.686ms
[2023-06-15T08:20:30.093+0000][68][gc,cpu      ] GC(25) User=0.01s Sys=0.00s Real=0.01s
[2023-06-15T08:20:30.094+0000][68][safepoint   ] Safepoint "G1PauseRemark", Time since last: 3054541 ns, Reaching safepoint: 208695 ns, At safepoint: 7158665 ns, Total: 7367360 ns
[2023-06-15T08:20:30.094+0000][68][gc,marking  ] GC(25) Concurrent Mark 84.032ms
[2023-06-15T08:20:30.095+0000][68][gc,marking  ] GC(25) Concurrent Rebuild Remembered Sets
[2023-06-15T08:20:30.139+0000][68][gc,marking  ] GC(25) Concurrent Rebuild Remembered Sets 43.691ms
[2023-06-15T08:20:30.140+0000][68][gc,start    ] GC(25) Pause Cleanup
[2023-06-15T08:20:30.141+0000][68][gc          ] GC(25) Pause Cleanup 87M->87M(256M) 1.422ms
[2023-06-15T08:20:30.142+0000][68][gc,cpu      ] GC(25) User=0.00s Sys=0.00s Real=0.00s
[2023-06-15T08:20:30.143+0000][68][safepoint   ] Safepoint "G1PauseCleanup", Time since last: 45783835 ns, Reaching safepoint: 292125 ns, At safepoint: 2796493 ns, Total: 3088618 ns
[2023-06-15T08:20:30.143+0000][68][gc,marking  ] GC(25) Concurrent Cleanup for Next Mark
[2023-06-15T08:20:30.144+0000][68][gc,marking  ] GC(25) Concurrent Cleanup for Next Mark 0.799ms
[2023-06-15T08:20:30.145+0000][68][gc          ] GC(25) Concurrent Mark Cycle 150.795ms
[2023-06-15T08:20:31.082+0000][68][safepoint   ] Safepoint "ICBufferFull", Time since last: 938505251 ns, Reaching safepoint: 367367 ns, At safepoint: 28728 ns, Total: 396095 ns
[2023-06-15T08:20:31.459+0000][68][safepoint   ] Safepoint "ICBufferFull", Time since last: 376349947 ns, Reaching safepoint: 516726 ns, At safepoint: 71143 ns, Total: 587869 ns
[2023-06-15T08:20:32.022+0000][68][safepoint   ] Safepoint "ICBufferFull", Time since last: 563635778 ns, Reaching safepoint: 197234 ns, At safepoint: 3311 ns, Total: 200545 ns
[2023-06-15T08:20:32.409+0000][68][gc,start    ] GC(26) Pause Young (Normal) (G1 Evacuation Pause)
[2023-06-15T08:20:32.410+0000][68][gc,task     ] GC(26) Using 4 workers of 4 for evacuation
[2023-06-15T08:20:32.411+0000][68][gc,age      ] GC(26) Desired survivor size 8388608 bytes, new threshold 15 (max threshold 15)
[2023-06-15T08:20:32.434+0000][68][gc,phases   ] GC(26)   Pre Evacuate Collection Set: 0.1ms
[2023-06-15T08:20:32.435+0000][68][gc,phases   ] GC(26)   Merge Heap Roots: 0.1ms
[2023-06-15T08:20:32.436+0000][68][gc,phases   ] GC(26)   Evacuate Collection Set: 18.9ms
[2023-06-15T08:20:32.437+0000][68][gc,phases   ] GC(26)   Post Evacuate Collection Set: 3.2ms
[2023-06-15T08:20:32.438+0000][68][gc,phases   ] GC(26)   Other: 1.7ms
[2023-06-15T08:20:32.438+0000][68][gc,age      ] GC(26) Age table with threshold 15 (max threshold 15)
[2023-06-15T08:20:32.439+0000][68][gc,age      ] GC(26) - age   1:    6952104 bytes,    6952104 total
[2023-06-15T08:20:32.440+0000][68][gc,age      ] GC(26) - age   2:    2663816 bytes,    9615920 total
[2023-06-15T08:20:32.441+0000][68][gc,age      ] GC(26) - age   3:    5146816 bytes,   14762736 total
[2023-06-15T08:20:32.442+0000][68][gc,heap     ] GC(26) Eden regions: 28->0(27)
[2023-06-15T08:20:32.443+0000][68][gc,heap     ] GC(26) Survivor regions: 3->4(4)
[2023-06-15T08:20:32.444+0000][68][gc,heap     ] GC(26) Old regions: 16->16
[2023-06-15T08:20:32.444+0000][68][gc,heap     ] GC(26) Archive regions: 2->2
[2023-06-15T08:20:32.445+0000][68][gc,heap     ] GC(26) Humongous regions: 0->0
[2023-06-15T08:20:32.446+0000][68][gc,metaspace] GC(26) Metaspace: 113738K(116928K)->113738K(116928K) NonClass: 98582K(100160K)->98582K(100160K) Class: 15155K(16768K)->15155K(16768K)
[2023-06-15T08:20:32.447+0000][68][gc          ] GC(26) Pause Young (Normal) (G1 Evacuation Pause) 187M->80M(256M) 37.996ms
[2023-06-15T08:20:32.448+0000][68][gc,cpu      ] GC(26) User=0.10s Sys=0.00s Real=0.04s
[2023-06-15T08:20:32.449+0000][68][safepoint   ] Safepoint "G1CollectForAllocation", Time since last: 385973410 ns, Reaching safepoint: 200938 ns, At safepoint: 40106689 ns, Total: 40307627 ns
[2023-06-15T08:20:32.893+0000][68][safepoint   ] Safepoint "ICBufferFull", Time since last: 444257037 ns, Reaching safepoint: 302784 ns, At safepoint: 7495 ns, Total: 310279 ns
[2023-06-15T08:20:33.989+0000][68][safepoint   ] Safepoint "ICBufferFull", Time since last: 1094736366 ns, Reaching safepoint: 860139 ns, At safepoint: 82191 ns, Total: 942330 ns
[2023-06-15T08:20:34.557+0000][68][safepoint   ] Safepoint "ICBufferFull", Time since last: 567797311 ns, Reaching safepoint: 201365 ns, At safepoint: 5389 ns, Total: 206754 ns
[2023-06-15T08:20:35.198+0000][68][safepoint   ] Safepoint "ICBufferFull", Time since last: 641149738 ns, Reaching safepoint: 202272 ns, At safepoint: 48913 ns, Total: 251185 ns
[2023-06-15T08:20:35.524+0000][68][gc,start    ] GC(27) Pause Young (Normal) (G1 Evacuation Pause)
[2023-06-15T08:20:35.525+0000][68][gc,task     ] GC(27) Using 4 workers of 4 for evacuation
[2023-06-15T08:20:35.526+0000][68][gc,age      ] GC(27) Desired survivor size 8388608 bytes, new threshold 2 (max threshold 15)
[2023-06-15T08:20:35.546+0000][68][gc,phases   ] GC(27)   Pre Evacuate Collection Set: 0.1ms
[2023-06-15T08:20:35.547+0000][68][gc,phases   ] GC(27)   Merge Heap Roots: 0.1ms
[2023-06-15T08:20:35.548+0000][68][gc,phases   ] GC(27)   Evacuate Collection Set: 16.7ms
[2023-06-15T08:20:35.549+0000][68][gc,phases   ] GC(27)   Post Evacuate Collection Set: 2.5ms
[2023-06-15T08:20:35.549+0000][68][gc,phases   ] GC(27)   Other: 1.8ms
[2023-06-15T08:20:35.550+0000][68][gc,age      ] GC(27) Age table with threshold 2 (max threshold 15)
[2023-06-15T08:20:35.550+0000][68][gc,age      ] GC(27) - age   1:   10883272 bytes,   10883272 total
[2023-06-15T08:20:35.551+0000][68][gc,age      ] GC(27) - age   2:    5742824 bytes,   16626096 total
[2023-06-15T08:20:35.551+0000][68][gc,heap     ] GC(27) Eden regions: 27->0(22)
[2023-06-15T08:20:35.552+0000][68][gc,heap     ] GC(27) Survivor regions: 4->4(4)
[2023-06-15T08:20:35.552+0000][68][gc,heap     ] GC(27) Old regions: 16->18
[2023-06-15T08:20:35.552+0000][68][gc,heap     ] GC(27) Archive regions: 2->2
[2023-06-15T08:20:35.553+0000][68][gc,heap     ] GC(27) Humongous regions: 2->2
[2023-06-15T08:20:35.553+0000][68][gc,metaspace] GC(27) Metaspace: 124027K(127232K)->124027K(127232K) NonClass: 107352K(108928K)->107352K(108928K) Class: 16674K(18304K)->16674K(18304K)
[2023-06-15T08:20:35.554+0000][68][gc          ] GC(27) Pause Young (Normal) (G1 Evacuation Pause) 196M->98M(256M) 30.317ms
[2023-06-15T08:20:35.555+0000][68][gc,cpu      ] GC(27) User=0.06s Sys=0.00s Real=0.03s
[2023-06-15T08:20:35.555+0000][68][safepoint   ] Safepoint "G1CollectForAllocation", Time since last: 324324666 ns, Reaching safepoint: 810404 ns, At safepoint: 31598916 ns, Total: 32409320 ns
[2023-06-15T08:20:36.552+0000][68][safepoint   ] Safepoint "ICBufferFull", Time since last: 995960809 ns, Reaching safepoint: 687475 ns, At safepoint: 91013 ns, Total: 778488 ns
[2023-06-15T08:20:37.061+0000][68][gc,start    ] GC(28) Pause Young (Concurrent Start) (G1 Evacuation Pause)
[2023-06-15T08:20:37.062+0000][68][gc,task     ] GC(28) Using 4 workers of 4 for evacuation
[2023-06-15T08:20:37.064+0000][68][gc,age      ] GC(28) Desired survivor size 8388608 bytes, new threshold 1 (max threshold 15)
[2023-06-15T08:20:37.081+0000][68][gc,phases   ] GC(28)   Pre Evacuate Collection Set: 0.6ms
[2023-06-15T08:20:37.082+0000][68][gc,phases   ] GC(28)   Merge Heap Roots: 0.1ms
[2023-06-15T08:20:37.083+0000][68][gc,phases   ] GC(28)   Evacuate Collection Set: 13.3ms
[2023-06-15T08:20:37.084+0000][68][gc,phases   ] GC(28)   Post Evacuate Collection Set: 2.0ms
[2023-06-15T08:20:37.085+0000][68][gc,phases   ] GC(28)   Other: 2.9ms
[2023-06-15T08:20:37.086+0000][68][gc,age      ] GC(28) Age table with threshold 1 (max threshold 15)
[2023-06-15T08:20:37.087+0000][68][gc,age      ] GC(28) - age   1:    3238872 bytes,    3238872 total
[2023-06-15T08:20:37.088+0000][68][gc,heap     ] GC(28) Eden regions: 22->0(21)
[2023-06-15T08:20:37.089+0000][68][gc,heap     ] GC(28) Survivor regions: 4->2(4)
[2023-06-15T08:20:37.089+0000][68][gc,heap     ] GC(28) Old regions: 18->22
[2023-06-15T08:20:37.090+0000][68][gc,heap     ] GC(28) Archive regions: 2->2
[2023-06-15T08:20:37.091+0000][68][gc,heap     ] GC(28) Humongous regions: 2->2
[2023-06-15T08:20:37.092+0000][68][gc,metaspace] GC(28) Metaspace: 126466K(129664K)->126466K(129664K) NonClass: 109430K(111040K)->109430K(111040K) Class: 17035K(18624K)->17035K(18624K)
[2023-06-15T08:20:37.093+0000][68][gc          ] GC(28) Pause Young (Concurrent Start) (G1 Evacuation Pause) 186M->103M(256M) 32.164ms
[2023-06-15T08:20:37.094+0000][68][gc,cpu      ] GC(28) User=0.05s Sys=0.01s Real=0.04s
[2023-06-15T08:20:37.094+0000][68][gc          ] GC(29) Concurrent Mark Cycle
[2023-06-15T08:20:37.098+0000][68][gc,marking  ] GC(29) Concurrent Clear Claimed Marks
[2023-06-15T08:20:37.095+0000][68][safepoint   ] Safepoint "G1CollectForAllocation", Time since last: 507969290 ns, Reaching safepoint: 634975 ns, At safepoint: 34576475 ns, Total: 35211450 ns
[2023-06-15T08:20:37.102+0000][68][gc,marking  ] GC(29) Concurrent Clear Claimed Marks 4.194ms
[2023-06-15T08:20:37.104+0000][68][gc,marking  ] GC(29) Concurrent Scan Root Regions
[2023-06-15T08:20:37.163+0000][68][gc,marking  ] GC(29) Concurrent Scan Root Regions 58.464ms
[2023-06-15T08:20:37.165+0000][68][gc,marking  ] GC(29) Concurrent Mark
[2023-06-15T08:20:37.167+0000][68][gc,marking  ] GC(29) Concurrent Mark From Roots
[2023-06-15T08:20:37.168+0000][68][gc,task     ] GC(29) Using 1 workers of 1 for marking
[2023-06-15T08:20:37.478+0000][68][gc,marking  ] GC(29) Concurrent Mark From Roots 310.791ms
[2023-06-15T08:20:37.479+0000][68][gc,marking  ] GC(29) Concurrent Preclean
[2023-06-15T08:20:37.484+0000][68][gc,marking  ] GC(29) Concurrent Preclean 5.483ms
[2023-06-15T08:20:37.486+0000][68][gc,start    ] GC(29) Pause Remark
[2023-06-15T08:20:37.497+0000][68][gc          ] GC(29) Pause Remark 116M->116M(256M) 11.164ms
[2023-06-15T08:20:37.498+0000][68][gc,cpu      ] GC(29) User=0.02s Sys=0.00s Real=0.01s
[2023-06-15T08:20:37.499+0000][68][safepoint   ] Safepoint "G1PauseRemark", Time since last: 390483363 ns, Reaching safepoint: 400611 ns, At safepoint: 12875033 ns, Total: 13275644 ns
[2023-06-15T08:20:37.500+0000][68][gc,marking  ] GC(29) Concurrent Mark 335.836ms
[2023-06-15T08:20:37.502+0000][68][gc,marking  ] GC(29) Concurrent Rebuild Remembered Sets
[2023-06-15T08:20:37.719+0000][68][gc,marking  ] GC(29) Concurrent Rebuild Remembered Sets 217.263ms
[2023-06-15T08:20:37.720+0000][68][gc,start    ] GC(29) Pause Cleanup
[2023-06-15T08:20:37.721+0000][68][gc          ] GC(29) Pause Cleanup 121M->121M(256M) 0.824ms
[2023-06-15T08:20:37.722+0000][68][gc,cpu      ] GC(29) User=0.00s Sys=0.00s Real=0.00s
[2023-06-15T08:20:37.722+0000][68][safepoint   ] Safepoint "G1PauseCleanup", Time since last: 221025896 ns, Reaching safepoint: 235249 ns, At safepoint: 2308557 ns, Total: 2543806 ns
[2023-06-15T08:20:37.724+0000][68][gc,marking  ] GC(29) Concurrent Cleanup for Next Mark
[2023-06-15T08:20:37.738+0000][68][gc,marking  ] GC(29) Concurrent Cleanup for Next Mark 13.320ms
[2023-06-15T08:20:37.738+0000][68][gc          ] GC(29) Concurrent Mark Cycle 644.515ms
[2023-06-15T08:20:38.821+0000][68][safepoint   ] Safepoint "Cleanup", Time since last: 1098151909 ns, Reaching safepoint: 523145 ns, At safepoint: 9752 ns, Total: 532897 ns
[2023-06-15T08:20:39.826+0000][68][safepoint   ] Safepoint "Cleanup", Time since last: 1004596507 ns, Reaching safepoint: 442522 ns, At safepoint: 50627 ns, Total: 493149 ns
[2023-06-15T08:20:40.598+0000][68][safepoint   ] Safepoint "ICBufferFull", Time since last: 770721572 ns, Reaching safepoint: 1025109 ns, At safepoint: 112034 ns, Total: 1137143 ns
[2023-06-15T08:20:41.085+0000][68][gc,start    ] GC(30) Pause Young (Normal) (G1 Evacuation Pause)
[2023-06-15T08:20:41.086+0000][68][gc,task     ] GC(30) Using 4 workers of 4 for evacuation
[2023-06-15T08:20:41.087+0000][68][gc,age      ] GC(30) Desired survivor size 6291456 bytes, new threshold 15 (max threshold 15)
[2023-06-15T08:20:41.094+0000][68][gc,phases   ] GC(30)   Pre Evacuate Collection Set: 0.3ms
[2023-06-15T08:20:41.095+0000][68][gc,phases   ] GC(30)   Merge Heap Roots: 0.1ms
[2023-06-15T08:20:41.096+0000][68][gc,phases   ] GC(30)   Evacuate Collection Set: 4.9ms
[2023-06-15T08:20:41.096+0000][68][gc,phases   ] GC(30)   Post Evacuate Collection Set: 1.3ms
[2023-06-15T08:20:41.097+0000][68][gc,phases   ] GC(30)   Other: 1.9ms
[2023-06-15T08:20:41.097+0000][68][gc,age      ] GC(30) Age table with threshold 15 (max threshold 15)
[2023-06-15T08:20:41.098+0000][68][gc,age      ] GC(30) - age   1:    5007120 bytes,    5007120 total
[2023-06-15T08:20:41.098+0000][68][gc,age      ] GC(30) - age   2:    2300120 bytes,    7307240 total
[2023-06-15T08:20:41.100+0000][68][gc,heap     ] GC(30) Eden regions: 21->0(21)
[2023-06-15T08:20:41.100+0000][68][gc,heap     ] GC(30) Survivor regions: 2->2(3)
[2023-06-15T08:20:41.101+0000][68][gc,heap     ] GC(30) Old regions: 22->22
[2023-06-15T08:20:41.101+0000][68][gc,heap     ] GC(30) Archive regions: 2->2
[2023-06-15T08:20:41.101+0000][68][gc,heap     ] GC(30) Humongous regions: 2->2
[2023-06-15T08:20:41.102+0000][68][gc,metaspace] GC(30) Metaspace: 129562K(132864K)->129562K(132864K) NonClass: 112106K(113792K)->112106K(113792K) Class: 17455K(19072K)->17455K(19072K)
[2023-06-15T08:20:41.103+0000][68][gc          ] GC(30) Pause Young (Normal) (G1 Evacuation Pause) 187M->106M(256M) 17.707ms
[2023-06-15T08:20:41.103+0000][68][gc,cpu      ] GC(30) User=0.03s Sys=0.00s Real=0.02s
[2023-06-15T08:20:41.104+0000][68][safepoint   ] Safepoint "G1CollectForAllocation", Time since last: 486060104 ns, Reaching safepoint: 660773 ns, At safepoint: 19178261 ns, Total: 19839034 ns
[2023-06-15T08:20:41.498+0000][68][safepoint   ] Safepoint "ICBufferFull", Time since last: 390075318 ns, Reaching safepoint: 3589872 ns, At safepoint: 104149 ns, Total: 3694021 ns
[2023-06-15T08:20:41.898+0000][68][safepoint   ] Safepoint "ICBufferFull", Time since last: 399725691 ns, Reaching safepoint: 202420 ns, At safepoint: 44566 ns, Total: 246986 ns
[2023-06-15T08:20:42.743+0000][68][safepoint   ] Safepoint "ICBufferFull", Time since last: 845161931 ns, Reaching safepoint: 227102 ns, At safepoint: 30738 ns, Total: 257840 ns
[2023-06-15T08:20:43.744+0000][68][safepoint   ] Safepoint "Cleanup", Time since last: 1001072125 ns, Reaching safepoint: 324709 ns, At safepoint: 31373 ns, Total: 356082 ns
[2023-06-15T08:20:44.289+0000][68][gc,start    ] GC(31) Pause Young (Concurrent Start) (G1 Evacuation Pause)
[2023-06-15T08:20:44.290+0000][68][gc,task     ] GC(31) Using 4 workers of 4 for evacuation
[2023-06-15T08:20:44.291+0000][68][gc,age      ] GC(31) Desired survivor size 6291456 bytes, new threshold 2 (max threshold 15)
[2023-06-15T08:20:44.309+0000][68][gc,phases   ] GC(31)   Pre Evacuate Collection Set: 0.4ms
[2023-06-15T08:20:44.310+0000][68][gc,phases   ] GC(31)   Merge Heap Roots: 0.1ms
[2023-06-15T08:20:44.312+0000][68][gc,phases   ] GC(31)   Evacuate Collection Set: 13.1ms
[2023-06-15T08:20:44.312+0000][68][gc,phases   ] GC(31)   Post Evacuate Collection Set: 1.8ms
[2023-06-15T08:20:44.313+0000][68][gc,phases   ] GC(31)   Other: 3.9ms
[2023-06-15T08:20:44.314+0000][68][gc,age      ] GC(31) Age table with threshold 2 (max threshold 15)
[2023-06-15T08:20:44.314+0000][68][gc,age      ] GC(31) - age   1:    6938928 bytes,    6938928 total
[2023-06-15T08:20:44.315+0000][68][gc,age      ] GC(31) - age   2:    4174608 bytes,   11113536 total
[2023-06-15T08:20:44.315+0000][68][gc,heap     ] GC(31) Eden regions: 21->0(19)
[2023-06-15T08:20:44.316+0000][68][gc,heap     ] GC(31) Survivor regions: 2->3(3)
[2023-06-15T08:20:44.316+0000][68][gc,heap     ] GC(31) Old regions: 22->23
[2023-06-15T08:20:44.317+0000][68][gc,heap     ] GC(31) Archive regions: 2->2
[2023-06-15T08:20:44.318+0000][68][gc,heap     ] GC(31) Humongous regions: 2->2
[2023-06-15T08:20:44.318+0000][68][gc,metaspace] GC(31) Metaspace: 132830K(136320K)->132830K(136320K) NonClass: 114904K(116672K)->114904K(116672K) Class: 17925K(19648K)->17925K(19648K)
[2023-06-15T08:20:44.319+0000][68][gc          ] GC(31) Pause Young (Concurrent Start) (G1 Evacuation Pause) 189M->112M(256M) 29.639ms
[2023-06-15T08:20:44.319+0000][68][gc,cpu      ] GC(31) User=0.03s Sys=0.01s Real=0.03s
[2023-06-15T08:20:44.320+0000][68][safepoint   ] Safepoint "G1CollectForAllocation", Time since last: 544328833 ns, Reaching safepoint: 204416 ns, At safepoint: 30806027 ns, Total: 31010443 ns
[2023-06-15T08:20:44.319+0000][68][gc          ] GC(32) Concurrent Mark Cycle
[2023-06-15T08:20:44.321+0000][68][gc,marking  ] GC(32) Concurrent Clear Claimed Marks
[2023-06-15T08:20:44.322+0000][68][gc,marking  ] GC(32) Concurrent Clear Claimed Marks 1.030ms
[2023-06-15T08:20:44.323+0000][68][gc,marking  ] GC(32) Concurrent Scan Root Regions
[2023-06-15T08:20:44.336+0000][68][gc,marking  ] GC(32) Concurrent Scan Root Regions 12.352ms
[2023-06-15T08:20:44.337+0000][68][gc,marking  ] GC(32) Concurrent Mark
[2023-06-15T08:20:44.339+0000][68][gc,marking  ] GC(32) Concurrent Mark From Roots
[2023-06-15T08:20:44.340+0000][68][gc,task     ] GC(32) Using 1 workers of 1 for marking
[2023-06-15T08:20:44.585+0000][68][gc,marking  ] GC(32) Concurrent Mark From Roots 245.882ms
[2023-06-15T08:20:44.586+0000][68][gc,marking  ] GC(32) Concurrent Preclean
[2023-06-15T08:20:44.587+0000][68][gc,marking  ] GC(32) Concurrent Preclean 1.282ms
[2023-06-15T08:20:44.588+0000][68][gc,start    ] GC(32) Pause Remark
[2023-06-15T08:20:44.605+0000][68][gc          ] GC(32) Pause Remark 119M->119M(256M) 16.788ms
[2023-06-15T08:20:44.606+0000][68][gc,cpu      ] GC(32) User=0.05s Sys=0.00s Real=0.02s
[2023-06-15T08:20:44.607+0000][68][safepoint   ] Safepoint "G1PauseRemark", Time since last: 268296008 ns, Reaching safepoint: 122125 ns, At safepoint: 18951734 ns, Total: 19073859 ns
[2023-06-15T08:20:44.608+0000][68][gc,marking  ] GC(32) Concurrent Mark 271.414ms
[2023-06-15T08:20:44.610+0000][68][gc,marking  ] GC(32) Concurrent Rebuild Remembered Sets
[2023-06-15T08:20:44.722+0000][68][gc,marking  ] GC(32) Concurrent Rebuild Remembered Sets 112.569ms
[2023-06-15T08:20:44.736+0000][68][gc,start    ] GC(32) Pause Cleanup
[2023-06-15T08:20:44.737+0000][68][gc          ] GC(32) Pause Cleanup 119M->119M(256M) 1.000ms
[2023-06-15T08:20:44.738+0000][68][gc,cpu      ] GC(32) User=0.00s Sys=0.00s Real=0.00s
[2023-06-15T08:20:44.739+0000][68][safepoint   ] Safepoint "G1PauseCleanup", Time since last: 115862226 ns, Reaching safepoint: 13012316 ns, At safepoint: 2663566 ns, Total: 15675882 ns
[2023-06-15T08:20:44.740+0000][68][gc,marking  ] GC(32) Concurrent Cleanup for Next Mark
[2023-06-15T08:20:44.742+0000][68][gc,marking  ] GC(32) Concurrent Cleanup for Next Mark 1.628ms
[2023-06-15T08:20:44.743+0000][68][gc          ] GC(32) Concurrent Mark Cycle 423.279ms
[2023-06-15T08:20:45.741+0000][68][safepoint   ] Safepoint "Cleanup", Time since last: 1001733276 ns, Reaching safepoint: 198998 ns, At safepoint: 4202 ns, Total: 203200 ns
[2023-06-15T08:20:46.742+0000][68][safepoint   ] Safepoint "Cleanup", Time since last: 1000989693 ns, Reaching safepoint: 237555 ns, At safepoint: 6390 ns, Total: 243945 ns
[2023-06-15T08:20:48.350+0000][68][safepoint   ] Safepoint "ICBufferFull", Time since last: 1607073502 ns, Reaching safepoint: 686824 ns, At safepoint: 12784 ns, Total: 699608 ns
[2023-06-15T08:20:49.352+0000][68][safepoint   ] Safepoint "Cleanup", Time since last: 1001925004 ns, Reaching safepoint: 162594 ns, At safepoint: 28517 ns, Total: 191111 ns
[2023-06-15T08:20:50.355+0000][68][safepoint   ] Safepoint "Cleanup", Time since last: 1002558327 ns, Reaching safepoint: 346110 ns, At safepoint: 92541 ns, Total: 438651 ns
[2023-06-15T08:20:51.357+0000][68][safepoint   ] Safepoint "Cleanup", Time since last: 1001373657 ns, Reaching safepoint: 395325 ns, At safepoint: 10648 ns, Total: 405973 ns
[2023-06-15T08:20:52.360+0000][68][safepoint   ] Safepoint "Cleanup", Time since last: 1002817474 ns, Reaching safepoint: 151551 ns, At safepoint: 10546 ns, Total: 162097 ns
[2023-06-15T08:20:53.340+0000][68][safepoint   ] Safepoint "Cleanup", Time since last: 1001260313 ns, Reaching safepoint: 650067 ns, At safepoint: 26906 ns, Total: 676973 ns
[2023-06-15T08:20:54.342+0000][68][safepoint   ] Safepoint "Cleanup", Time since last: 1001950301 ns, Reaching safepoint: 210451 ns, At safepoint: 5188 ns, Total: 215639 ns
[2023-06-15T08:20:55.344+0000][68][safepoint   ] Safepoint "Cleanup", Time since last: 1001839170 ns, Reaching safepoint: 287836 ns, At safepoint: 4881 ns, Total: 292717 ns
[2023-06-15T08:20:56.346+0000][68][safepoint   ] Safepoint "Cleanup", Time since last: 1002078708 ns, Reaching safepoint: 268678 ns, At safepoint: 12328 ns, Total: 281006 ns
[2023-06-15T08:20:57.350+0000][68][safepoint   ] Safepoint "Cleanup", Time since last: 1003692701 ns, Reaching safepoint: 377475 ns, At safepoint: 30720 ns, Total: 408195 ns
[2023-06-15T08:20:58.281+0000][68][gc,start    ] GC(33) Pause Young (Prepare Mixed) (G1 Evacuation Pause)
[2023-06-15T08:20:58.282+0000][68][gc,task     ] GC(33) Using 4 workers of 4 for evacuation
[2023-06-15T08:20:58.282+0000][68][gc,age      ] GC(33) Desired survivor size 6291456 bytes, new threshold 1 (max threshold 15)
[2023-06-15T08:20:58.293+0000][68][gc,phases   ] GC(33)   Pre Evacuate Collection Set: 0.2ms
[2023-06-15T08:20:58.294+0000][68][gc,phases   ] GC(33)   Merge Heap Roots: 0.3ms
[2023-06-15T08:20:58.295+0000][68][gc,phases   ] GC(33)   Evacuate Collection Set: 8.8ms
[2023-06-15T08:20:58.296+0000][68][gc,phases   ] GC(33)   Post Evacuate Collection Set: 0.7ms
[2023-06-15T08:20:58.296+0000][68][gc,phases   ] GC(33)   Other: 1.3ms
[2023-06-15T08:20:58.297+0000][68][gc,age      ] GC(33) Age table with threshold 1 (max threshold 15)
[2023-06-15T08:20:58.297+0000][68][gc,age      ] GC(33) - age   1:    1576608 bytes,    1576608 total
[2023-06-15T08:20:58.298+0000][68][gc,heap     ] GC(33) Eden regions: 19->0(2)
[2023-06-15T08:20:58.299+0000][68][gc,heap     ] GC(33) Survivor regions: 3->1(3)
[2023-06-15T08:20:58.300+0000][68][gc,heap     ] GC(33) Old regions: 23->25
[2023-06-15T08:20:58.301+0000][68][gc,heap     ] GC(33) Archive regions: 2->2
[2023-06-15T08:20:58.301+0000][68][gc,heap     ] GC(33) Humongous regions: 2->2
[2023-06-15T08:20:58.301+0000][68][gc,metaspace] GC(33) Metaspace: 133958K(137472K)->133958K(137472K) NonClass: 115993K(117760K)->115993K(117760K) Class: 17964K(19712K)->17964K(19712K)
[2023-06-15T08:20:58.302+0000][68][gc          ] GC(33) Pause Young (Prepare Mixed) (G1 Evacuation Pause) 188M->112M(256M) 20.709ms
[2023-06-15T08:20:58.303+0000][68][gc,cpu      ] GC(33) User=0.02s Sys=0.00s Real=0.02s
[2023-06-15T08:20:58.303+0000][68][safepoint   ] Safepoint "G1CollectForAllocation", Time since last: 930833397 ns, Reaching safepoint: 169762 ns, At safepoint: 21817481 ns, Total: 21987243 ns
[2023-06-15T08:20:59.304+0000][68][safepoint   ] Safepoint "Cleanup", Time since last: 1000840920 ns, Reaching safepoint: 193137 ns, At safepoint: 6675 ns, Total: 199812 ns
[2023-06-15T08:20:59.505+0000][68][gc,start    ] GC(34) Pause Young (Mixed) (G1 Evacuation Pause)
[2023-06-15T08:20:59.506+0000][68][gc,task     ] GC(34) Using 4 workers of 4 for evacuation
[2023-06-15T08:20:59.507+0000][68][gc,age      ] GC(34) Desired survivor size 2097152 bytes, new threshold 15 (max threshold 15)
[2023-06-15T08:20:59.513+0000][68][gc,phases   ] GC(34)   Pre Evacuate Collection Set: 0.1ms
[2023-06-15T08:20:59.514+0000][68][gc,phases   ] GC(34)   Merge Heap Roots: 0.2ms
[2023-06-15T08:20:59.514+0000][68][gc,phases   ] GC(34)   Evacuate Collection Set: 4.2ms
[2023-06-15T08:20:59.515+0000][68][gc,phases   ] GC(34)   Post Evacuate Collection Set: 1.1ms
[2023-06-15T08:20:59.515+0000][68][gc,phases   ] GC(34)   Other: 1.3ms
[2023-06-15T08:20:59.516+0000][68][gc,age      ] GC(34) Age table with threshold 15 (max threshold 15)
[2023-06-15T08:20:59.517+0000][68][gc,age      ] GC(34) - age   1:     348360 bytes,     348360 total
[2023-06-15T08:20:59.517+0000][68][gc,age      ] GC(34) - age   2:     737760 bytes,    1086120 total
[2023-06-15T08:20:59.518+0000][68][gc,heap     ] GC(34) Eden regions: 2->0(20)
[2023-06-15T08:20:59.518+0000][68][gc,heap     ] GC(34) Survivor regions: 1->1(1)
[2023-06-15T08:20:59.519+0000][68][gc,heap     ] GC(34) Old regions: 25->25
[2023-06-15T08:20:59.519+0000][68][gc,heap     ] GC(34) Archive regions: 2->2
[2023-06-15T08:20:59.520+0000][68][gc,heap     ] GC(34) Humongous regions: 2->2
[2023-06-15T08:20:59.520+0000][68][gc,metaspace] GC(34) Metaspace: 133998K(137536K)->133998K(137536K) NonClass: 116033K(117824K)->116033K(117824K) Class: 17965K(19712K)->17965K(19712K)
[2023-06-15T08:20:59.521+0000][68][gc          ] GC(34) Pause Young (Mixed) (G1 Evacuation Pause) 120M->110M(256M) 15.563ms
[2023-06-15T08:20:59.522+0000][68][gc,cpu      ] GC(34) User=0.01s Sys=0.00s Real=0.02s
[2023-06-15T08:20:59.523+0000][68][safepoint   ] Safepoint "G1CollectForAllocation", Time since last: 200944055 ns, Reaching safepoint: 140196 ns, At safepoint: 17450181 ns, Total: 17590377 ns
[2023-06-15T08:21:00.526+0000][68][safepoint   ] Safepoint "Cleanup", Time since last: 1001935879 ns, Reaching safepoint: 1087175 ns, At safepoint: 112019 ns, Total: 1199194 ns
[2023-06-15T08:21:01.530+0000][68][safepoint   ] Safepoint "Cleanup", Time since last: 1003665262 ns, Reaching safepoint: 363544 ns, At safepoint: 14463 ns, Total: 378007 ns
[2023-06-15T08:21:02.534+0000][68][safepoint   ] Safepoint "Cleanup", Time since last: 1003498833 ns, Reaching safepoint: 194784 ns, At safepoint: 9883 ns, Total: 204667 ns
[2023-06-15T08:21:03.536+0000][68][safepoint   ] Safepoint "Cleanup", Time since last: 1002207964 ns, Reaching safepoint: 443535 ns, At safepoint: 15134 ns, Total: 458669 ns
[2023-06-15T08:21:04.541+0000][68][safepoint   ] Safepoint "Cleanup", Time since last: 1004169674 ns, Reaching safepoint: 1044881 ns, At safepoint: 27415 ns, Total: 1072296 ns
[2023-06-15T08:21:06.275+0000][68][safepoint   ] Safepoint "Cleanup", Time since last: 1732674878 ns, Reaching safepoint: 1251263 ns, At safepoint: 57525 ns, Total: 1308788 ns
[2023-06-15T08:21:07.279+0000][68][safepoint   ] Safepoint "Cleanup", Time since last: 1003288812 ns, Reaching safepoint: 123325 ns, At safepoint: 4559 ns, Total: 127884 ns
[2023-06-15T08:21:08.280+0000][68][safepoint   ] Safepoint "Cleanup", Time since last: 1001040748 ns, Reaching safepoint: 173652 ns, At safepoint: 5905 ns, Total: 179557 ns
[2023-06-15T08:21:09.282+0000][68][safepoint   ] Safepoint "Cleanup", Time since last: 1001717556 ns, Reaching safepoint: 103559 ns, At safepoint: 6361 ns, Total: 109920 ns
[2023-06-15T08:21:10.284+0000][68][safepoint   ] Safepoint "Cleanup", Time since last: 1001517510 ns, Reaching safepoint: 292483 ns, At safepoint: 7028 ns, Total: 299511 ns
[2023-06-15T08:21:11.285+0000][68][safepoint   ] Safepoint "Cleanup", Time since last: 1001538995 ns, Reaching safepoint: 154681 ns, At safepoint: 7116 ns, Total: 161797 ns
[2023-06-15T08:21:12.288+0000][68][safepoint   ] Safepoint "Cleanup", Time since last: 1001642235 ns, Reaching safepoint: 817126 ns, At safepoint: 53308 ns, Total: 870434 ns
[2023-06-15T08:21:13.292+0000][68][safepoint   ] Safepoint "Cleanup", Time since last: 1003411376 ns, Reaching safepoint: 155171 ns, At safepoint: 4547 ns, Total: 159718 ns
[2023-06-15T08:21:14.294+0000][68][safepoint   ] Safepoint "Cleanup", Time since last: 1002073464 ns, Reaching safepoint: 139117 ns, At safepoint: 5899 ns, Total: 145016 ns
[2023-06-15T08:21:16.297+0000][68][safepoint   ] Safepoint "Cleanup", Time since last: 2002689646 ns, Reaching safepoint: 218829 ns, At safepoint: 15429 ns, Total: 234258 ns
[2023-06-15T08:21:17.299+0000][68][safepoint   ] Safepoint "Cleanup", Time since last: 1001906397 ns, Reaching safepoint: 207340 ns, At safepoint: 53325 ns, Total: 260665 ns
[2023-06-15T08:21:18.301+0000][68][safepoint   ] Safepoint "Cleanup", Time since last: 1001468267 ns, Reaching safepoint: 284111 ns, At safepoint: 17129 ns, Total: 301240 ns
[2023-06-15T08:21:19.303+0000][68][safepoint   ] Safepoint "Cleanup", Time since last: 1001578470 ns, Reaching safepoint: 419057 ns, At safepoint: 10567 ns, Total: 429624 ns
[2023-06-15T08:21:20.304+0000][68][safepoint   ] Safepoint "Cleanup", Time since last: 1001371045 ns, Reaching safepoint: 209497 ns, At safepoint: 7372 ns, Total: 216869 ns
[2023-06-15T08:21:21.307+0000][68][safepoint   ] Safepoint "Cleanup", Time since last: 1002715931 ns, Reaching safepoint: 363188 ns, At safepoint: 33621 ns, Total: 396809 ns
[2023-06-15T08:21:22.311+0000][68][safepoint   ] Safepoint "Cleanup", Time since last: 1003363560 ns, Reaching safepoint: 554854 ns, At safepoint: 36175 ns, Total: 591029 ns
[2023-06-15T08:21:23.293+0000][68][safepoint   ] Safepoint "Cleanup", Time since last: 1003128152 ns, Reaching safepoint: 120247 ns, At safepoint: 38776 ns, Total: 159023 ns
[2023-06-15T08:21:23.559+0000][68][gc,start    ] GC(35) Pause Young (Concurrent Start) (G1 Evacuation Pause)
[2023-06-15T08:21:23.561+0000][68][gc,task     ] GC(35) Using 4 workers of 4 for evacuation
[2023-06-15T08:21:23.562+0000][68][gc,age      ] GC(35) Desired survivor size 6291456 bytes, new threshold 15 (max threshold 15)
[2023-06-15T08:21:23.567+0000][68][gc,phases   ] GC(35)   Pre Evacuate Collection Set: 0.5ms
[2023-06-15T08:21:23.568+0000][68][gc,phases   ] GC(35)   Merge Heap Roots: 0.2ms
[2023-06-15T08:21:23.568+0000][68][gc,phases   ] GC(35)   Evacuate Collection Set: 3.2ms
[2023-06-15T08:21:23.569+0000][68][gc,phases   ] GC(35)   Post Evacuate Collection Set: 0.8ms
[2023-06-15T08:21:23.569+0000][68][gc,phases   ] GC(35)   Other: 1.5ms
[2023-06-15T08:21:23.570+0000][68][gc,age      ] GC(35) Age table with threshold 15 (max threshold 15)
[2023-06-15T08:21:23.570+0000][68][gc,age      ] GC(35) - age   1:    1543192 bytes,    1543192 total
[2023-06-15T08:21:23.571+0000][68][gc,age      ] GC(35) - age   2:     294136 bytes,    1837328 total
[2023-06-15T08:21:23.571+0000][68][gc,age      ] GC(35) - age   3:     734112 bytes,    2571440 total
[2023-06-15T08:21:23.572+0000][68][gc,heap     ] GC(35) Eden regions: 20->0(21)
[2023-06-15T08:21:23.572+0000][68][gc,heap     ] GC(35) Survivor regions: 1->1(3)
[2023-06-15T08:21:23.573+0000][68][gc,heap     ] GC(35) Old regions: 25->25
[2023-06-15T08:21:23.573+0000][68][gc,heap     ] GC(35) Archive regions: 2->2
[2023-06-15T08:21:23.573+0000][68][gc,heap     ] GC(35) Humongous regions: 2->2
[2023-06-15T08:21:23.574+0000][68][gc,metaspace] GC(35) Metaspace: 134628K(138112K)->134628K(138112K) NonClass: 116644K(118400K)->116644K(118400K) Class: 17984K(19712K)->17984K(19712K)
[2023-06-15T08:21:23.575+0000][68][gc          ] GC(35) Pause Young (Concurrent Start) (G1 Evacuation Pause) 190M->111M(256M) 15.353ms
[2023-06-15T08:21:23.575+0000][68][gc,cpu      ] GC(35) User=0.01s Sys=0.00s Real=0.01s
[2023-06-15T08:21:23.575+0000][68][gc          ] GC(36) Concurrent Mark Cycle
[2023-06-15T08:21:23.576+0000][68][gc,marking  ] GC(36) Concurrent Clear Claimed Marks
[2023-06-15T08:21:23.576+0000][68][safepoint   ] Safepoint "G1CollectForAllocation", Time since last: 266207601 ns, Reaching safepoint: 257096 ns, At safepoint: 16491551 ns, Total: 16748647 ns
[2023-06-15T08:21:23.577+0000][68][gc,marking  ] GC(36) Concurrent Clear Claimed Marks 1.248ms
[2023-06-15T08:21:23.578+0000][68][gc,marking  ] GC(36) Concurrent Scan Root Regions
[2023-06-15T08:21:23.582+0000][68][gc,marking  ] GC(36) Concurrent Scan Root Regions 4.233ms
[2023-06-15T08:21:23.583+0000][68][gc,marking  ] GC(36) Concurrent Mark
[2023-06-15T08:21:23.584+0000][68][gc,marking  ] GC(36) Concurrent Mark From Roots
[2023-06-15T08:21:23.585+0000][68][gc,task     ] GC(36) Using 1 workers of 1 for marking
[2023-06-15T08:21:23.788+0000][68][gc,marking  ] GC(36) Concurrent Mark From Roots 203.453ms
[2023-06-15T08:21:23.789+0000][68][gc,marking  ] GC(36) Concurrent Preclean
[2023-06-15T08:21:23.790+0000][68][gc,marking  ] GC(36) Concurrent Preclean 1.471ms
[2023-06-15T08:21:23.791+0000][68][gc,start    ] GC(36) Pause Remark
[2023-06-15T08:21:23.810+0000][68][gc          ] GC(36) Pause Remark 119M->119M(256M) 18.640ms
[2023-06-15T08:21:23.811+0000][68][gc,cpu      ] GC(36) User=0.03s Sys=0.00s Real=0.02s
[2023-06-15T08:21:23.811+0000][68][safepoint   ] Safepoint "G1PauseRemark", Time since last: 215546883 ns, Reaching safepoint: 135960 ns, At safepoint: 20130590 ns, Total: 20266550 ns
[2023-06-15T08:21:23.812+0000][68][gc,marking  ] GC(36) Concurrent Mark 229.110ms
[2023-06-15T08:21:23.813+0000][68][gc,marking  ] GC(36) Concurrent Rebuild Remembered Sets
[2023-06-15T08:21:23.876+0000][68][gc,marking  ] GC(36) Concurrent Rebuild Remembered Sets 62.984ms
[2023-06-15T08:21:23.877+0000][68][gc,start    ] GC(36) Pause Cleanup
[2023-06-15T08:21:23.878+0000][68][gc          ] GC(36) Pause Cleanup 119M->119M(256M) 0.677ms
[2023-06-15T08:21:23.879+0000][68][gc,cpu      ] GC(36) User=0.00s Sys=0.00s Real=0.01s
[2023-06-15T08:21:23.879+0000][68][safepoint   ] Safepoint "G1PauseCleanup", Time since last: 65688507 ns, Reaching safepoint: 179090 ns, At safepoint: 1851109 ns, Total: 2030199 ns
[2023-06-15T08:21:23.880+0000][68][gc,marking  ] GC(36) Concurrent Cleanup for Next Mark
[2023-06-15T08:21:23.881+0000][68][gc,marking  ] GC(36) Concurrent Cleanup for Next Mark 0.808ms
[2023-06-15T08:21:23.882+0000][68][gc          ] GC(36) Concurrent Mark Cycle 306.447ms
[2023-06-15T08:21:24.881+0000][68][safepoint   ] Safepoint "Cleanup", Time since last: 1001954419 ns, Reaching safepoint: 240810 ns, At safepoint: 11673 ns, Total: 252483 ns
[2023-06-15T08:21:25.884+0000][68][safepoint   ] Safepoint "Cleanup", Time since last: 1002434009 ns, Reaching safepoint: 161417 ns, At safepoint: 7133 ns, Total: 168550 ns
[2023-06-15T08:21:26.887+0000][68][safepoint   ] Safepoint "Cleanup", Time since last: 1002758391 ns, Reaching safepoint: 252645 ns, At safepoint: 10294 ns, Total: 262939 ns
[2023-06-15T08:21:27.890+0000][68][safepoint   ] Safepoint "Cleanup", Time since last: 1002917894 ns, Reaching safepoint: 250563 ns, At safepoint: 5320 ns, Total: 255883 ns
[2023-06-15T08:21:28.893+0000][68][safepoint   ] Safepoint "Cleanup", Time since last: 1002668963 ns, Reaching safepoint: 544981 ns, At safepoint: 18998 ns, Total: 563979 ns
[2023-06-15T08:21:29.897+0000][68][safepoint   ] Safepoint "Cleanup", Time since last: 1002711663 ns, Reaching safepoint: 448292 ns, At safepoint: 16939 ns, Total: 465231 ns
[2023-06-15T08:21:30.900+0000][68][safepoint   ] Safepoint "Cleanup", Time since last: 1002853210 ns, Reaching safepoint: 319127 ns, At safepoint: 18429 ns, Total: 337556 ns
[2023-06-15T08:21:32.904+0000][68][safepoint   ] Safepoint "Cleanup", Time since last: 2003724153 ns, Reaching safepoint: 478377 ns, At safepoint: 8187 ns, Total: 486564 ns
[2023-06-15T08:21:33.908+0000][68][safepoint   ] Safepoint "Cleanup", Time since last: 1004024894 ns, Reaching safepoint: 335481 ns, At safepoint: 35201 ns, Total: 370682 ns
[2023-06-15T08:21:34.912+0000][68][safepoint   ] Safepoint "Cleanup", Time since last: 1003353634 ns, Reaching safepoint: 359783 ns, At safepoint: 15432 ns, Total: 375215 ns
[2023-06-15T08:21:35.915+0000][68][safepoint   ] Safepoint "Cleanup", Time since last: 1002734930 ns, Reaching safepoint: 124425 ns, At safepoint: 3272 ns, Total: 127697 ns
[2023-06-15T08:21:36.920+0000][68][safepoint   ] Safepoint "Cleanup", Time since last: 1003786095 ns, Reaching safepoint: 667157 ns, At safepoint: 875211 ns, Total: 1542368 ns
[2023-06-15T08:21:37.925+0000][68][safepoint   ] Safepoint "Cleanup", Time since last: 1004099895 ns, Reaching safepoint: 629511 ns, At safepoint: 12821 ns, Total: 642332 ns
[2023-06-15T08:21:38.934+0000][68][safepoint   ] Safepoint "Cleanup", Time since last: 1008713150 ns, Reaching safepoint: 124787 ns, At safepoint: 29728 ns, Total: 154515 ns
[2023-06-15T08:21:40.938+0000][68][safepoint   ] Safepoint "Cleanup", Time since last: 2003648585 ns, Reaching safepoint: 277111 ns, At safepoint: 36584 ns, Total: 313695 ns
[2023-06-15T08:21:41.941+0000][68][safepoint   ] Safepoint "Cleanup", Time since last: 1002217174 ns, Reaching safepoint: 639646 ns, At safepoint: 11047 ns, Total: 650693 ns
[2023-06-15T08:21:42.944+0000][68][safepoint   ] Safepoint "Cleanup", Time since last: 1003371255 ns, Reaching safepoint: 315112 ns, At safepoint: 11187 ns, Total: 326299 ns
[2023-06-15T08:21:44.949+0000][68][safepoint   ] Safepoint "Cleanup", Time since last: 2004705551 ns, Reaching safepoint: 152493 ns, At safepoint: 13967 ns, Total: 166460 ns
[2023-06-15T08:21:45.951+0000][68][safepoint   ] Safepoint "Cleanup", Time since last: 1001367428 ns, Reaching safepoint: 106196 ns, At safepoint: 3862 ns, Total: 110058 ns
[2023-06-15T08:21:47.953+0000][68][safepoint   ] Safepoint "Cleanup", Time since last: 2002172782 ns, Reaching safepoint: 234745 ns, At safepoint: 3760 ns, Total: 238505 ns
[2023-06-15T08:21:48.062+0000][68][gc,start    ] GC(37) Pause Young (Prepare Mixed) (G1 Evacuation Pause)
[2023-06-15T08:21:48.062+0000][68][gc,task     ] GC(37) Using 4 workers of 4 for evacuation
[2023-06-15T08:21:48.063+0000][68][gc,age      ] GC(37) Desired survivor size 6291456 bytes, new threshold 15 (max threshold 15)
[2023-06-15T08:21:48.069+0000][68][gc,phases   ] GC(37)   Pre Evacuate Collection Set: 0.1ms
[2023-06-15T08:21:48.070+0000][68][gc,phases   ] GC(37)   Merge Heap Roots: 0.1ms
[2023-06-15T08:21:48.070+0000][68][gc,phases   ] GC(37)   Evacuate Collection Set: 3.8ms
[2023-06-15T08:21:48.071+0000][68][gc,phases   ] GC(37)   Post Evacuate Collection Set: 0.9ms
[2023-06-15T08:21:48.072+0000][68][gc,phases   ] GC(37)   Other: 1.5ms
[2023-06-15T08:21:48.072+0000][68][gc,age      ] GC(37) Age table with threshold 15 (max threshold 15)
[2023-06-15T08:21:48.073+0000][68][gc,age      ] GC(37) - age   1:    1844576 bytes,    1844576 total
[2023-06-15T08:21:48.073+0000][68][gc,age      ] GC(37) - age   2:     205408 bytes,    2049984 total
[2023-06-15T08:21:48.074+0000][68][gc,age      ] GC(37) - age   3:     104232 bytes,    2154216 total
[2023-06-15T08:21:48.074+0000][68][gc,age      ] GC(37) - age   4:     310256 bytes,    2464472 total
[2023-06-15T08:21:48.075+0000][68][gc,heap     ] GC(37) Eden regions: 21->0(2)
[2023-06-15T08:21:48.075+0000][68][gc,heap     ] GC(37) Survivor regions: 1->1(3)
[2023-06-15T08:21:48.076+0000][68][gc,heap     ] GC(37) Old regions: 25->25
[2023-06-15T08:21:48.076+0000][68][gc,heap     ] GC(37) Archive regions: 2->2
[2023-06-15T08:21:48.077+0000][68][gc,heap     ] GC(37) Humongous regions: 2->2
[2023-06-15T08:21:48.077+0000][68][gc,metaspace] GC(37) Metaspace: 135122K(138560K)->135122K(138560K) NonClass: 117154K(118848K)->117154K(118848K) Class: 17967K(19712K)->17967K(19712K)
[2023-06-15T08:21:48.078+0000][68][gc          ] GC(37) Pause Young (Prepare Mixed) (G1 Evacuation Pause) 195M->111M(256M) 15.966ms
[2023-06-15T08:21:48.078+0000][68][gc,cpu      ] GC(37) User=0.01s Sys=0.00s Real=0.01s
[2023-06-15T08:21:48.079+0000][68][safepoint   ] Safepoint "G1CollectForAllocation", Time since last: 108389368 ns, Reaching safepoint: 105949 ns, At safepoint: 16864606 ns, Total: 16970555 ns
[2023-06-15T08:21:49.079+0000][68][safepoint   ] Safepoint "Cleanup", Time since last: 1000601343 ns, Reaching safepoint: 179554 ns, At safepoint: 28159 ns, Total: 207713 ns
[2023-06-15T08:21:50.080+0000][68][safepoint   ] Safepoint "Cleanup", Time since last: 1000956183 ns, Reaching safepoint: 168079 ns, At safepoint: 7509 ns, Total: 175588 ns
[2023-06-15T08:21:50.183+0000][68][gc,start    ] GC(38) Pause Young (Mixed) (G1 Evacuation Pause)
[2023-06-15T08:21:50.184+0000][68][gc,task     ] GC(38) Using 4 workers of 4 for evacuation
[2023-06-15T08:21:50.185+0000][68][gc,age      ] GC(38) Desired survivor size 2097152 bytes, new threshold 3 (max threshold 15)
[2023-06-15T08:21:50.198+0000][68][gc,phases   ] GC(38)   Pre Evacuate Collection Set: 0.1ms
[2023-06-15T08:21:50.199+0000][68][gc,phases   ] GC(38)   Merge Heap Roots: 0.1ms
[2023-06-15T08:21:50.200+0000][68][gc,phases   ] GC(38)   Evacuate Collection Set: 10.0ms
[2023-06-15T08:21:50.200+0000][68][gc,phases   ] GC(38)   Post Evacuate Collection Set: 0.9ms
[2023-06-15T08:21:50.201+0000][68][gc,phases   ] GC(38)   Other: 3.0ms
[2023-06-15T08:21:50.202+0000][68][gc,age      ] GC(38) Age table with threshold 3 (max threshold 15)
[2023-06-15T08:21:50.202+0000][68][gc,age      ] GC(38) - age   1:     195584 bytes,     195584 total
[2023-06-15T08:21:50.203+0000][68][gc,age      ] GC(38) - age   2:     556272 bytes,     751856 total
[2023-06-15T08:21:50.203+0000][68][gc,age      ] GC(38) - age   3:     109144 bytes,     861000 total
[2023-06-15T08:21:50.204+0000][68][gc,heap     ] GC(38) Eden regions: 2->0(21)
[2023-06-15T08:21:50.205+0000][68][gc,heap     ] GC(38) Survivor regions: 1->1(1)
[2023-06-15T08:21:50.206+0000][68][gc,heap     ] GC(38) Old regions: 25->25
[2023-06-15T08:21:50.206+0000][68][gc,heap     ] GC(38) Archive regions: 2->2
[2023-06-15T08:21:50.207+0000][68][gc,heap     ] GC(38) Humongous regions: 2->2
[2023-06-15T08:21:50.207+0000][68][gc,metaspace] GC(38) Metaspace: 135146K(138624K)->135146K(138624K) NonClass: 117178K(118912K)->117178K(118912K) Class: 17967K(19712K)->17967K(19712K)
[2023-06-15T08:21:50.208+0000][68][gc          ] GC(38) Pause Young (Mixed) (G1 Evacuation Pause) 119M->110M(256M) 25.365ms
[2023-06-15T08:21:50.209+0000][68][gc,cpu      ] GC(38) User=0.02s Sys=0.00s Real=0.03s
[2023-06-15T08:21:50.210+0000][68][safepoint   ] Safepoint "G1CollectForAllocation", Time since last: 101902600 ns, Reaching safepoint: 166916 ns, At safepoint: 27294184 ns, Total: 27461100 ns
[2023-06-15T08:21:51.214+0000][68][safepoint   ] Safepoint "Cleanup", Time since last: 1002479724 ns, Reaching safepoint: 1169452 ns, At safepoint: 58453 ns, Total: 1227905 ns
[2023-06-15T08:21:52.218+0000][68][safepoint   ] Safepoint "Cleanup", Time since last: 1004366069 ns, Reaching safepoint: 314963 ns, At safepoint: 9523 ns, Total: 324486 ns
[2023-06-15T08:21:53.200+0000][68][safepoint   ] Safepoint "Cleanup", Time since last: 1004011273 ns, Reaching safepoint: 146998 ns, At safepoint: 31003 ns, Total: 178001 ns
[2023-06-15T08:21:54.201+0000][68][safepoint   ] Safepoint "Cleanup", Time since last: 1000727430 ns, Reaching safepoint: 213722 ns, At safepoint: 5980 ns, Total: 219702 ns
[2023-06-15T08:21:55.203+0000][68][safepoint   ] Safepoint "Cleanup", Time since last: 1001129552 ns, Reaching safepoint: 224829 ns, At safepoint: 6503 ns, Total: 231332 ns
[2023-06-15T08:21:56.206+0000][68][safepoint   ] Safepoint "Cleanup", Time since last: 1002659240 ns, Reaching safepoint: 140634 ns, At safepoint: 4411 ns, Total: 145045 ns
[2023-06-15T08:21:57.207+0000][68][safepoint   ] Safepoint "Cleanup", Time since last: 1001712351 ns, Reaching safepoint: 143906 ns, At safepoint: 6074 ns, Total: 149980 ns
[2023-06-15T08:21:58.210+0000][68][safepoint   ] Safepoint "Cleanup", Time since last: 1002666091 ns, Reaching safepoint: 349477 ns, At safepoint: 34998 ns, Total: 384475 ns
[2023-06-15T08:21:59.214+0000][68][safepoint   ] Safepoint "Cleanup", Time since last: 1003816876 ns, Reaching safepoint: 132779 ns, At safepoint: 43937 ns, Total: 176716 ns
[2023-06-15T08:22:00.217+0000][68][safepoint   ] Safepoint "Cleanup", Time since last: 1002473636 ns, Reaching safepoint: 254681 ns, At safepoint: 9762 ns, Total: 264443 ns
[2023-06-15T08:22:01.220+0000][68][safepoint   ] Safepoint "Cleanup", Time since last: 1002632812 ns, Reaching safepoint: 289352 ns, At safepoint: 107946 ns, Total: 397298 ns
[2023-06-15T08:22:02.224+0000][68][safepoint   ] Safepoint "Cleanup", Time since last: 1003174714 ns, Reaching safepoint: 583845 ns, At safepoint: 18524 ns, Total: 602369 ns
[2023-06-15T08:22:03.227+0000][68][safepoint   ] Safepoint "Cleanup", Time since last: 1002774372 ns, Reaching safepoint: 478167 ns, At safepoint: 20823 ns, Total: 498990 ns
[2023-06-15T08:22:04.230+0000][68][safepoint   ] Safepoint "Cleanup", Time since last: 1002460711 ns, Reaching safepoint: 87523 ns, At safepoint: 24194 ns, Total: 111717 ns
[2023-06-15T08:22:05.231+0000][68][safepoint   ] Safepoint "Cleanup", Time since last: 1001317478 ns, Reaching safepoint: 312220 ns, At safepoint: 6241 ns, Total: 318461 ns
[2023-06-15T08:22:06.233+0000][68][safepoint   ] Safepoint "Cleanup", Time since last: 1001346859 ns, Reaching safepoint: 134164 ns, At safepoint: 9835 ns, Total: 143999 ns
[2023-06-15T08:22:07.235+0000][68][safepoint   ] Safepoint "Cleanup", Time since last: 1001534337 ns, Reaching safepoint: 186809 ns, At safepoint: 12443 ns, Total: 199252 ns
[2023-06-15T08:22:08.237+0000][68][safepoint   ] Safepoint "Cleanup", Time since last: 1001801287 ns, Reaching safepoint: 224359 ns, At safepoint: 9690 ns, Total: 234049 ns
[2023-06-15T08:22:09.238+0000][68][safepoint   ] Safepoint "Cleanup", Time since last: 1001226921 ns, Reaching safepoint: 422206 ns, At safepoint: 33374 ns, Total: 455580 ns
[2023-06-15T08:22:10.241+0000][68][safepoint   ] Safepoint "Cleanup", Time since last: 1002240185 ns, Reaching safepoint: 308470 ns, At safepoint: 53041 ns, Total: 361511 ns
[2023-06-15T08:22:11.244+0000][68][safepoint   ] Safepoint "Cleanup", Time since last: 1001908703 ns, Reaching safepoint: 490926 ns, At safepoint: 121869 ns, Total: 612795 ns
[2023-06-15T08:22:12.246+0000][68][safepoint   ] Safepoint "Cleanup", Time since last: 1001874792 ns, Reaching safepoint: 231830 ns, At safepoint: 4723 ns, Total: 236553 ns
[2023-06-15T08:22:13.248+0000][68][safepoint   ] Safepoint "Cleanup", Time since last: 1002275758 ns, Reaching safepoint: 83154 ns, At safepoint: 2592 ns, Total: 85746 ns
[2023-06-15T08:22:14.250+0000][68][safepoint   ] Safepoint "Cleanup", Time since last: 1001413005 ns, Reaching safepoint: 174049 ns, At safepoint: 4037 ns, Total: 178086 ns
[2023-06-15T08:22:16.252+0000][68][safepoint   ] Safepoint "Cleanup", Time since last: 2002574102 ns, Reaching safepoint: 161019 ns, At safepoint: 5594 ns, Total: 166613 ns
[2023-06-15T08:22:17.255+0000][68][safepoint   ] Safepoint "Cleanup", Time since last: 1002037246 ns, Reaching safepoint: 127624 ns, At safepoint: 25980 ns, Total: 153604 ns
[2023-06-15T08:22:17.556+0000][68][gc,start    ] GC(39) Pause Young (Concurrent Start) (G1 Evacuation Pause)
[2023-06-15T08:22:17.557+0000][68][gc,task     ] GC(39) Using 4 workers of 4 for evacuation
[2023-06-15T08:22:17.558+0000][68][gc,age      ] GC(39) Desired survivor size 6291456 bytes, new threshold 15 (max threshold 15)
[2023-06-15T08:22:17.563+0000][68][gc,phases   ] GC(39)   Pre Evacuate Collection Set: 0.5ms
[2023-06-15T08:22:17.564+0000][68][gc,phases   ] GC(39)   Merge Heap Roots: 0.1ms
[2023-06-15T08:22:17.564+0000][68][gc,phases   ] GC(39)   Evacuate Collection Set: 3.1ms
[2023-06-15T08:22:17.565+0000][68][gc,phases   ] GC(39)   Post Evacuate Collection Set: 1.0ms
[2023-06-15T08:22:17.566+0000][68][gc,phases   ] GC(39)   Other: 1.2ms
[2023-06-15T08:22:17.566+0000][68][gc,age      ] GC(39) Age table with threshold 15 (max threshold 15)
[2023-06-15T08:22:17.567+0000][68][gc,age      ] GC(39) - age   1:    1697496 bytes,    1697496 total
[2023-06-15T08:22:17.567+0000][68][gc,age      ] GC(39) - age   2:      99960 bytes,    1797456 total
[2023-06-15T08:22:17.568+0000][68][gc,age      ] GC(39) - age   3:     534384 bytes,    2331840 total
[2023-06-15T08:22:17.568+0000][68][gc,age      ] GC(39) - age   4:     107176 bytes,    2439016 total
[2023-06-15T08:22:17.569+0000][68][gc,heap     ] GC(39) Eden regions: 21->0(21)
[2023-06-15T08:22:17.569+0000][68][gc,heap     ] GC(39) Survivor regions: 1->1(3)
[2023-06-15T08:22:17.570+0000][68][gc,heap     ] GC(39) Old regions: 25->25
[2023-06-15T08:22:17.571+0000][68][gc,heap     ] GC(39) Archive regions: 2->2
[2023-06-15T08:22:17.571+0000][68][gc,heap     ] GC(39) Humongous regions: 2->2
[2023-06-15T08:22:17.572+0000][68][gc,metaspace] GC(39) Metaspace: 135380K(138816K)->135380K(138816K) NonClass: 117412K(119104K)->117412K(119104K) Class: 17967K(19712K)->17967K(19712K)
[2023-06-15T08:22:17.572+0000][68][gc          ] GC(39) Pause Young (Concurrent Start) (G1 Evacuation Pause) 194M->111M(256M) 15.815ms
[2023-06-15T08:22:17.573+0000][68][gc,cpu      ] GC(39) User=0.01s Sys=0.01s Real=0.02s
[2023-06-15T08:22:17.573+0000][68][safepoint   ] Safepoint "G1CollectForAllocation", Time since last: 301384488 ns, Reaching safepoint: 223809 ns, At safepoint: 17032897 ns, Total: 17256706 ns
[2023-06-15T08:22:17.573+0000][68][gc          ] GC(40) Concurrent Mark Cycle
[2023-06-15T08:22:17.575+0000][68][gc,marking  ] GC(40) Concurrent Clear Claimed Marks
[2023-06-15T08:22:17.576+0000][68][gc,marking  ] GC(40) Concurrent Clear Claimed Marks 1.400ms
[2023-06-15T08:22:17.577+0000][68][gc,marking  ] GC(40) Concurrent Scan Root Regions
[2023-06-15T08:22:17.583+0000][68][gc,marking  ] GC(40) Concurrent Scan Root Regions 6.032ms
[2023-06-15T08:22:17.584+0000][68][gc,marking  ] GC(40) Concurrent Mark
[2023-06-15T08:22:17.585+0000][68][gc,marking  ] GC(40) Concurrent Mark From Roots
[2023-06-15T08:22:17.586+0000][68][gc,task     ] GC(40) Using 1 workers of 1 for marking
[2023-06-15T08:22:17.837+0000][68][gc,marking  ] GC(40) Concurrent Mark From Roots 252.198ms
[2023-06-15T08:22:17.838+0000][68][gc,marking  ] GC(40) Concurrent Preclean
[2023-06-15T08:22:17.839+0000][68][gc,marking  ] GC(40) Concurrent Preclean 1.081ms
[2023-06-15T08:22:17.840+0000][68][gc,start    ] GC(40) Pause Remark
[2023-06-15T08:22:17.856+0000][68][gc          ] GC(40) Pause Remark 119M->119M(256M) 15.648ms
[2023-06-15T08:22:17.858+0000][68][gc,cpu      ] GC(40) User=0.04s Sys=0.01s Real=0.02s
[2023-06-15T08:22:17.859+0000][68][safepoint   ] Safepoint "G1PauseRemark", Time since last: 267077661 ns, Reaching safepoint: 105165 ns, At safepoint: 18919369 ns, Total: 19024534 ns
[2023-06-15T08:22:17.862+0000][68][gc,marking  ] GC(40) Concurrent Mark 277.909ms
[2023-06-15T08:22:17.863+0000][68][gc,marking  ] GC(40) Concurrent Rebuild Remembered Sets
[2023-06-15T08:22:17.979+0000][68][gc,marking  ] GC(40) Concurrent Rebuild Remembered Sets 116.449ms
[2023-06-15T08:22:17.981+0000][68][gc,start    ] GC(40) Pause Cleanup
[2023-06-15T08:22:17.982+0000][68][gc          ] GC(40) Pause Cleanup 120M->120M(256M) 1.177ms
[2023-06-15T08:22:17.983+0000][68][gc,cpu      ] GC(40) User=0.00s Sys=0.00s Real=0.00s
[2023-06-15T08:22:17.984+0000][68][safepoint   ] Safepoint "G1PauseCleanup", Time since last: 121240158 ns, Reaching safepoint: 656373 ns, At safepoint: 2596736 ns, Total: 3253109 ns
[2023-06-15T08:22:17.985+0000][68][gc,marking  ] GC(40) Concurrent Cleanup for Next Mark
[2023-06-15T08:22:17.986+0000][68][gc,marking  ] GC(40) Concurrent Cleanup for Next Mark 1.018ms
[2023-06-15T08:22:17.987+0000][68][gc          ] GC(40) Concurrent Mark Cycle 414.304ms
[2023-06-15T08:22:18.985+0000][68][safepoint   ] Safepoint "Cleanup", Time since last: 1001309560 ns, Reaching safepoint: 251741 ns, At safepoint: 11676 ns, Total: 263417 ns
[2023-06-15T08:22:19.987+0000][68][safepoint   ] Safepoint "Cleanup", Time since last: 1001593224 ns, Reaching safepoint: 341887 ns, At safepoint: 38213 ns, Total: 380100 ns
[2023-06-15T08:22:21.930+0000][68][safepoint   ] Safepoint "Cleanup", Time since last: 1941521505 ns, Reaching safepoint: 537382 ns, At safepoint: 184998 ns, Total: 722380 ns
[2023-06-15T08:22:23.913+0000][68][safepoint   ] Safepoint "Cleanup", Time since last: 2005262165 ns, Reaching safepoint: 605384 ns, At safepoint: 25428 ns, Total: 630812 ns
