[2023-06-15T08:28:32.368+0000][30][gc,init] CardTable entry size: 512
[2023-06-15T08:28:32.371+0000][30][gc     ] Using G1
[2023-06-15T08:28:32.375+0000][30][gc,init] Version: 19.0.1+10-21 (release)
[2023-06-15T08:28:32.375+0000][30][gc,init] CPUs: 4 total, 4 available
[2023-06-15T08:28:32.376+0000][30][gc,init] Memory: 7860M
[2023-06-15T08:28:32.377+0000][30][gc,init] Large Page Support: Disabled
[2023-06-15T08:28:32.378+0000][30][gc,init] NUMA Support: Disabled
[2023-06-15T08:28:32.378+0000][30][gc,init] Compressed Oops: Enabled (32-bit)
[2023-06-15T08:28:32.379+0000][30][gc,init] Heap Region Size: 1M
[2023-06-15T08:28:32.379+0000][30][gc,init] Heap Min Capacity: 256M
[2023-06-15T08:28:32.380+0000][30][gc,init] Heap Initial Capacity: 256M
[2023-06-15T08:28:32.380+0000][30][gc,init] Heap Max Capacity: 256M
[2023-06-15T08:28:32.381+0000][30][gc,init] Pre-touch: Disabled
[2023-06-15T08:28:32.382+0000][30][gc,init] Parallel Workers: 4
[2023-06-15T08:28:32.382+0000][30][gc,init] Concurrent Workers: 1
[2023-06-15T08:28:32.383+0000][30][gc,init] Concurrent Refinement Workers: 4
[2023-06-15T08:28:32.383+0000][30][gc,init] Periodic GC: Disabled
[2023-06-15T08:28:32.384+0000][30][gc,metaspace] CDS archive(s) mapped at: [0x0000000800000000-0x0000000800c4f000-0x0000000800c4f000), size 12906496, SharedBaseAddress: 0x0000000800000000, ArchiveRelocationMode: 0.
[2023-06-15T08:28:32.385+0000][30][gc,metaspace] Compressed class space mapped at: 0x0000000801000000-0x0000000841000000, reserved size: 1073741824
[2023-06-15T08:28:32.385+0000][30][gc,metaspace] Narrow klass base: 0x0000000800000000, Narrow klass shift: 0, Narrow klass range: 0x100000000
[2023-06-15T08:28:32.444+0000][30][gc,heap,exit] Heap
[2023-06-15T08:28:32.444+0000][30][gc,heap,exit]  garbage-first heap   total 262144K, used 2016K [0x00000000f0000000, 0x0000000100000000)
[2023-06-15T08:28:32.445+0000][30][gc,heap,exit]   region size 1024K, 1 young (1024K), 0 survivors (0K)
[2023-06-15T08:28:32.446+0000][30][gc,heap,exit]  Metaspace       used 53K, committed 128K, reserved 1114112K
[2023-06-15T08:28:32.447+0000][30][gc,heap,exit]   class space    used 1K, committed 64K, reserved 1048576K
