[2023-03-15T03:37:26.677+0000][69][gc,init] CardTable entry size: 512
[2023-03-15T03:37:26.678+0000][69][gc     ] Using G1
[2023-03-15T03:37:26.736+0000][69][gc,init] Version: 19.0.1+10-21 (release)
[2023-03-15T03:37:26.737+0000][69][gc,init] CPUs: 4 total, 4 available
[2023-03-15T03:37:26.738+0000][69][gc,init] Memory: 7860M
[2023-03-15T03:37:26.739+0000][69][gc,init] Large Page Support: Disabled
[2023-03-15T03:37:26.740+0000][69][gc,init] NUMA Support: Disabled
[2023-03-15T03:37:26.740+0000][69][gc,init] Compressed Oops: Enabled (32-bit)
[2023-03-15T03:37:26.741+0000][69][gc,init] Heap Region Size: 4M
[2023-03-15T03:37:26.741+0000][69][gc,init] Heap Min Capacity: 256M
[2023-03-15T03:37:26.742+0000][69][gc,init] Heap Initial Capacity: 256M
[2023-03-15T03:37:26.742+0000][69][gc,init] Heap Max Capacity: 256M
[2023-03-15T03:37:26.743+0000][69][gc,init] Pre-touch: Enabled
[2023-03-15T03:37:26.743+0000][69][gc,init] Parallel Workers: 4
[2023-03-15T03:37:26.744+0000][69][gc,init] Concurrent Workers: 1
[2023-03-15T03:37:26.744+0000][69][gc,init] Concurrent Refinement Workers: 4
[2023-03-15T03:37:26.745+0000][69][gc,init] Periodic GC: Disabled
[2023-03-15T03:37:26.745+0000][69][gc,metaspace] CDS archive(s) mapped at: [0x0000000800000000-0x0000000800c4f000-0x0000000800c4f000), size 12906496, SharedBaseAddress: 0x0000000800000000, ArchiveRelocationMode: 0.
[2023-03-15T03:37:26.746+0000][69][gc,metaspace] Compressed class space mapped at: 0x0000000801000000-0x0000000841000000, reserved size: 1073741824
[2023-03-15T03:37:26.747+0000][69][gc,metaspace] Narrow klass base: 0x0000000800000000, Narrow klass shift: 0, Narrow klass range: 0x100000000
[2023-03-15T03:37:26.910+0000][69][gc,start    ] GC(0) Pause Young (Normal) (G1 Evacuation Pause)
[2023-03-15T03:37:26.911+0000][69][gc,task     ] GC(0) Using 4 workers of 4 for evacuation
[2023-03-15T03:37:26.912+0000][69][gc,age      ] GC(0) Desired survivor size 2097152 bytes, new threshold 15 (max threshold 15)
[2023-03-15T03:37:26.917+0000][69][gc,phases   ] GC(0)   Pre Evacuate Collection Set: 0.1ms
[2023-03-15T03:37:26.918+0000][69][gc,phases   ] GC(0)   Merge Heap Roots: 0.9ms
[2023-03-15T03:37:26.919+0000][69][gc,phases   ] GC(0)   Evacuate Collection Set: 2.2ms
[2023-03-15T03:37:26.920+0000][69][gc,phases   ] GC(0)   Post Evacuate Collection Set: 0.3ms
[2023-03-15T03:37:26.921+0000][69][gc,phases   ] GC(0)   Other: 2.3ms
[2023-03-15T03:37:26.921+0000][69][gc,age      ] GC(0) Age table with threshold 15 (max threshold 15)
[2023-03-15T03:37:26.922+0000][69][gc,age      ] GC(0) - age   1:    1502072 bytes,    1502072 total
[2023-03-15T03:37:26.923+0000][69][gc,heap     ] GC(0) Eden regions: 3->0(10)
[2023-03-15T03:37:26.923+0000][69][gc,heap     ] GC(0) Survivor regions: 0->1(1)
[2023-03-15T03:37:26.924+0000][69][gc,heap     ] GC(0) Old regions: 0->0
[2023-03-15T03:37:26.925+0000][69][gc,heap     ] GC(0) Archive regions: 2->2
[2023-03-15T03:37:26.926+0000][69][gc,heap     ] GC(0) Humongous regions: 0->0
[2023-03-15T03:37:26.926+0000][69][gc,metaspace] GC(0) Metaspace: 706K(896K)->706K(896K) NonClass: 662K(768K)->662K(768K) Class: 44K(128K)->44K(128K)
[2023-03-15T03:37:26.927+0000][69][gc          ] GC(0) Pause Young (Normal) (G1 Evacuation Pause) 15M->5M(256M) 17.238ms
[2023-03-15T03:37:26.928+0000][69][gc,cpu      ] GC(0) User=0.00s Sys=0.01s Real=0.02s
[2023-03-15T03:37:26.928+0000][69][safepoint   ] Safepoint "G1CollectForAllocation", Time since last: 156272711 ns, Reaching safepoint: 61656 ns, At safepoint: 18632148 ns, Total: 18693804 ns
[2023-03-15T03:37:27.504+0000][69][safepoint   ] Safepoint "ICBufferFull", Time since last: 575272084 ns, Reaching safepoint: 246862 ns, At safepoint: 29722 ns, Total: 276584 ns
[2023-03-15T03:37:27.839+0000][69][gc,start    ] GC(1) Pause Young (Normal) (G1 Evacuation Pause)
[2023-03-15T03:37:27.840+0000][69][gc,task     ] GC(1) Using 4 workers of 4 for evacuation
[2023-03-15T03:37:27.840+0000][69][gc,age      ] GC(1) Desired survivor size 4194304 bytes, new threshold 15 (max threshold 15)
[2023-03-15T03:37:27.847+0000][69][gc,phases   ] GC(1)   Pre Evacuate Collection Set: 0.1ms
[2023-03-15T03:37:27.849+0000][69][gc,phases   ] GC(1)   Merge Heap Roots: 0.0ms
[2023-03-15T03:37:27.849+0000][69][gc,phases   ] GC(1)   Evacuate Collection Set: 4.7ms
[2023-03-15T03:37:27.849+0000][69][gc,phases   ] GC(1)   Post Evacuate Collection Set: 0.8ms
[2023-03-15T03:37:27.850+0000][69][gc,phases   ] GC(1)   Other: 1.4ms
[2023-03-15T03:37:27.850+0000][69][gc,age      ] GC(1) Age table with threshold 15 (max threshold 15)
[2023-03-15T03:37:27.851+0000][69][gc,age      ] GC(1) - age   1:    4993184 bytes,    4993184 total
[2023-03-15T03:37:27.851+0000][69][gc,age      ] GC(1) - age   2:     406272 bytes,    5399456 total
[2023-03-15T03:37:27.852+0000][69][gc,heap     ] GC(1) Eden regions: 10->0(36)
[2023-03-15T03:37:27.853+0000][69][gc,heap     ] GC(1) Survivor regions: 1->2(2)
[2023-03-15T03:37:27.853+0000][69][gc,heap     ] GC(1) Old regions: 0->0
[2023-03-15T03:37:27.854+0000][69][gc,heap     ] GC(1) Archive regions: 2->2
[2023-03-15T03:37:27.854+0000][69][gc,heap     ] GC(1) Humongous regions: 0->0
[2023-03-15T03:37:27.854+0000][69][gc,metaspace] GC(1) Metaspace: 9236K(9600K)->9236K(9600K) NonClass: 8136K(8320K)->8136K(8320K) Class: 1100K(1280K)->1100K(1280K)
[2023-03-15T03:37:27.855+0000][69][gc          ] GC(1) Pause Young (Normal) (G1 Evacuation Pause) 45M->9M(256M) 16.159ms
[2023-03-15T03:37:27.855+0000][69][gc,cpu      ] GC(1) User=0.01s Sys=0.00s Real=0.01s
[2023-03-15T03:37:27.856+0000][69][safepoint   ] Safepoint "G1CollectForAllocation", Time since last: 334680859 ns, Reaching safepoint: 113837 ns, At safepoint: 17121051 ns, Total: 17234888 ns
[2023-03-15T03:37:28.487+0000][69][safepoint   ] Safepoint "ICBufferFull", Time since last: 630978670 ns, Reaching safepoint: 124235 ns, At safepoint: 24323 ns, Total: 148558 ns
[2023-03-15T03:37:29.087+0000][69][safepoint   ] Safepoint "ICBufferFull", Time since last: 599692205 ns, Reaching safepoint: 160856 ns, At safepoint: 4341 ns, Total: 165197 ns
[2023-03-15T03:37:29.717+0000][69][safepoint   ] Safepoint "ICBufferFull", Time since last: 630348094 ns, Reaching safepoint: 339318 ns, At safepoint: 27438 ns, Total: 366756 ns
[2023-03-15T03:37:30.125+0000][69][gc,start    ] GC(2) Pause Young (Normal) (G1 Evacuation Pause)
[2023-03-15T03:37:30.126+0000][69][gc,task     ] GC(2) Using 4 workers of 4 for evacuation
[2023-03-15T03:37:30.127+0000][69][gc,age      ] GC(2) Desired survivor size 10485760 bytes, new threshold 15 (max threshold 15)
[2023-03-15T03:37:30.139+0000][69][gc,phases   ] GC(2)   Pre Evacuate Collection Set: 0.1ms
[2023-03-15T03:37:30.140+0000][69][gc,phases   ] GC(2)   Merge Heap Roots: 0.0ms
[2023-03-15T03:37:30.141+0000][69][gc,phases   ] GC(2)   Evacuate Collection Set: 8.1ms
[2023-03-15T03:37:30.141+0000][69][gc,phases   ] GC(2)   Post Evacuate Collection Set: 3.7ms
[2023-03-15T03:37:30.142+0000][69][gc,phases   ] GC(2)   Other: 1.1ms
[2023-03-15T03:37:30.143+0000][69][gc,age      ] GC(2) Age table with threshold 15 (max threshold 15)
[2023-03-15T03:37:30.143+0000][69][gc,age      ] GC(2) - age   1:    6706000 bytes,    6706000 total
[2023-03-15T03:37:30.144+0000][69][gc,age      ] GC(2) - age   2:    4828744 bytes,   11534744 total
[2023-03-15T03:37:30.144+0000][69][gc,age      ] GC(2) - age   3:     404840 bytes,   11939584 total
[2023-03-15T03:37:30.144+0000][69][gc,heap     ] GC(2) Eden regions: 36->0(34)
[2023-03-15T03:37:30.145+0000][69][gc,heap     ] GC(2) Survivor regions: 2->3(5)
[2023-03-15T03:37:30.145+0000][69][gc,heap     ] GC(2) Old regions: 0->0
[2023-03-15T03:37:30.146+0000][69][gc,heap     ] GC(2) Archive regions: 2->2
[2023-03-15T03:37:30.146+0000][69][gc,heap     ] GC(2) Humongous regions: 0->0
[2023-03-15T03:37:30.147+0000][69][gc,metaspace] GC(2) Metaspace: 18426K(18880K)->18426K(18880K) NonClass: 16353K(16576K)->16353K(16576K) Class: 2073K(2304K)->2073K(2304K)
[2023-03-15T03:37:30.147+0000][69][gc          ] GC(2) Pause Young (Normal) (G1 Evacuation Pause) 153M->15M(256M) 22.094ms
[2023-03-15T03:37:30.148+0000][69][gc,cpu      ] GC(2) User=0.03s Sys=0.00s Real=0.03s
[2023-03-15T03:37:30.148+0000][69][safepoint   ] Safepoint "G1CollectForAllocation", Time since last: 407461494 ns, Reaching safepoint: 225497 ns, At safepoint: 23259144 ns, Total: 23484641 ns
[2023-03-15T03:37:30.476+0000][69][gc,start    ] GC(3) Pause Young (Concurrent Start) (Metadata GC Threshold)
[2023-03-15T03:37:30.477+0000][69][gc,task     ] GC(3) Using 4 workers of 4 for evacuation
[2023-03-15T03:37:30.478+0000][69][gc,age      ] GC(3) Desired survivor size 10485760 bytes, new threshold 2 (max threshold 15)
[2023-03-15T03:37:30.486+0000][69][gc,phases   ] GC(3)   Pre Evacuate Collection Set: 0.2ms
[2023-03-15T03:37:30.487+0000][69][gc,phases   ] GC(3)   Merge Heap Roots: 0.1ms
[2023-03-15T03:37:30.487+0000][69][gc,phases   ] GC(3)   Evacuate Collection Set: 6.7ms
[2023-03-15T03:37:30.488+0000][69][gc,phases   ] GC(3)   Post Evacuate Collection Set: 1.0ms
[2023-03-15T03:37:30.488+0000][69][gc,phases   ] GC(3)   Other: 1.2ms
[2023-03-15T03:37:30.489+0000][69][gc,age      ] GC(3) Age table with threshold 2 (max threshold 15)
[2023-03-15T03:37:30.490+0000][69][gc,age      ] GC(3) - age   1:    1082224 bytes,    1082224 total
[2023-03-15T03:37:30.491+0000][69][gc,age      ] GC(3) - age   2:    4876456 bytes,    5958680 total
[2023-03-15T03:37:30.492+0000][69][gc,heap     ] GC(3) Eden regions: 12->0(36)
[2023-03-15T03:37:30.492+0000][69][gc,heap     ] GC(3) Survivor regions: 3->2(5)
[2023-03-15T03:37:30.493+0000][69][gc,heap     ] GC(3) Old regions: 0->2
[2023-03-15T03:37:30.494+0000][69][gc,heap     ] GC(3) Archive regions: 2->2
[2023-03-15T03:37:30.494+0000][69][gc,heap     ] GC(3) Humongous regions: 0->0
[2023-03-15T03:37:30.495+0000][69][gc,metaspace] GC(3) Metaspace: 21043K(21504K)->21043K(21504K) NonClass: 18730K(18944K)->18730K(18944K) Class: 2312K(2560K)->2312K(2560K)
[2023-03-15T03:37:30.496+0000][69][gc          ] GC(3) Pause Young (Concurrent Start) (Metadata GC Threshold) 63M->15M(256M) 19.353ms
[2023-03-15T03:37:30.496+0000][69][gc,cpu      ] GC(3) User=0.02s Sys=0.01s Real=0.02s
[2023-03-15T03:37:30.497+0000][69][safepoint   ] Safepoint "CollectForMetadataAllocation", Time since last: 327615887 ns, Reaching safepoint: 161460 ns, At safepoint: 20915843 ns, Total: 21077303 ns
[2023-03-15T03:37:30.496+0000][69][gc          ] GC(4) Concurrent Mark Cycle
[2023-03-15T03:37:30.499+0000][69][gc,marking  ] GC(4) Concurrent Clear Claimed Marks
[2023-03-15T03:37:30.499+0000][69][gc,marking  ] GC(4) Concurrent Clear Claimed Marks 0.442ms
[2023-03-15T03:37:30.500+0000][69][gc,marking  ] GC(4) Concurrent Scan Root Regions
[2023-03-15T03:37:30.505+0000][69][gc,marking  ] GC(4) Concurrent Scan Root Regions 5.679ms
[2023-03-15T03:37:30.506+0000][69][gc,marking  ] GC(4) Concurrent Mark
[2023-03-15T03:37:30.507+0000][69][gc,marking  ] GC(4) Concurrent Mark From Roots
[2023-03-15T03:37:30.507+0000][69][gc,task     ] GC(4) Using 1 workers of 1 for marking
[2023-03-15T03:37:30.509+0000][69][gc,marking  ] GC(4) Concurrent Mark From Roots 1.774ms
[2023-03-15T03:37:30.509+0000][69][gc,marking  ] GC(4) Concurrent Preclean
[2023-03-15T03:37:30.510+0000][69][gc,marking  ] GC(4) Concurrent Preclean 0.519ms
[2023-03-15T03:37:30.511+0000][69][gc,start    ] GC(4) Pause Remark
[2023-03-15T03:37:30.515+0000][69][gc          ] GC(4) Pause Remark 17M->17M(256M) 3.763ms
[2023-03-15T03:37:30.515+0000][69][gc,cpu      ] GC(4) User=0.00s Sys=0.00s Real=0.00s
[2023-03-15T03:37:30.516+0000][69][safepoint   ] Safepoint "G1PauseRemark", Time since last: 13420354 ns, Reaching safepoint: 224001 ns, At safepoint: 5292448 ns, Total: 5516449 ns
[2023-03-15T03:37:30.517+0000][69][gc,marking  ] GC(4) Concurrent Mark 10.759ms
[2023-03-15T03:37:30.518+0000][69][gc,marking  ] GC(4) Concurrent Rebuild Remembered Sets
[2023-03-15T03:37:30.521+0000][69][gc,marking  ] GC(4) Concurrent Rebuild Remembered Sets 3.219ms
[2023-03-15T03:37:30.523+0000][69][gc,start    ] GC(4) Pause Cleanup
[2023-03-15T03:37:30.523+0000][69][gc          ] GC(4) Pause Cleanup 17M->17M(256M) 0.794ms
[2023-03-15T03:37:30.524+0000][69][gc,cpu      ] GC(4) User=0.00s Sys=0.00s Real=0.00s
[2023-03-15T03:37:30.525+0000][69][safepoint   ] Safepoint "G1PauseCleanup", Time since last: 6297960 ns, Reaching safepoint: 236708 ns, At safepoint: 2088948 ns, Total: 2325656 ns
[2023-03-15T03:37:30.526+0000][69][gc,marking  ] GC(4) Concurrent Cleanup for Next Mark
[2023-03-15T03:37:30.527+0000][69][gc,marking  ] GC(4) Concurrent Cleanup for Next Mark 0.946ms
[2023-03-15T03:37:30.527+0000][69][gc          ] GC(4) Concurrent Mark Cycle 30.996ms
[2023-03-15T03:37:31.001+0000][69][safepoint   ] Safepoint "ICBufferFull", Time since last: 475968776 ns, Reaching safepoint: 174612 ns, At safepoint: 25557 ns, Total: 200169 ns
[2023-03-15T03:37:31.311+0000][69][gc,start    ] GC(5) Pause Young (Normal) (G1 Evacuation Pause)
[2023-03-15T03:37:31.312+0000][69][gc,task     ] GC(5) Using 4 workers of 4 for evacuation
[2023-03-15T03:37:31.312+0000][69][gc,age      ] GC(5) Desired survivor size 10485760 bytes, new threshold 15 (max threshold 15)
[2023-03-15T03:37:31.319+0000][69][gc,phases   ] GC(5)   Pre Evacuate Collection Set: 0.1ms
[2023-03-15T03:37:31.319+0000][69][gc,phases   ] GC(5)   Merge Heap Roots: 0.0ms
[2023-03-15T03:37:31.320+0000][69][gc,phases   ] GC(5)   Evacuate Collection Set: 4.7ms
[2023-03-15T03:37:31.320+0000][69][gc,phases   ] GC(5)   Post Evacuate Collection Set: 1.3ms
[2023-03-15T03:37:31.321+0000][69][gc,phases   ] GC(5)   Other: 1.0ms
[2023-03-15T03:37:31.321+0000][69][gc,age      ] GC(5) Age table with threshold 15 (max threshold 15)
[2023-03-15T03:37:31.322+0000][69][gc,age      ] GC(5) - age   1:    5179032 bytes,    5179032 total
[2023-03-15T03:37:31.322+0000][69][gc,age      ] GC(5) - age   2:     985936 bytes,    6164968 total
[2023-03-15T03:37:31.322+0000][69][gc,age      ] GC(5) - age   3:    4870704 bytes,   11035672 total
[2023-03-15T03:37:31.323+0000][69][gc,heap     ] GC(5) Eden regions: 36->0(35)
[2023-03-15T03:37:31.324+0000][69][gc,heap     ] GC(5) Survivor regions: 2->3(5)
[2023-03-15T03:37:31.324+0000][69][gc,heap     ] GC(5) Old regions: 2->2
[2023-03-15T03:37:31.325+0000][69][gc,heap     ] GC(5) Archive regions: 2->2
[2023-03-15T03:37:31.325+0000][69][gc,heap     ] GC(5) Humongous regions: 0->0
[2023-03-15T03:37:31.325+0000][69][gc,metaspace] GC(5) Metaspace: 25260K(25792K)->25260K(25792K) NonClass: 22355K(22656K)->22355K(22656K) Class: 2905K(3136K)->2905K(3136K)
[2023-03-15T03:37:31.326+0000][69][gc          ] GC(5) Pause Young (Normal) (G1 Evacuation Pause) 159M->20M(256M) 15.540ms
[2023-03-15T03:37:31.327+0000][69][gc,cpu      ] GC(5) User=0.02s Sys=0.00s Real=0.02s
[2023-03-15T03:37:31.328+0000][69][safepoint   ] Safepoint "G1CollectForAllocation", Time since last: 309589331 ns, Reaching safepoint: 153461 ns, At safepoint: 17038141 ns, Total: 17191602 ns
[2023-03-15T03:37:31.678+0000][69][gc,start    ] GC(6) Pause Young (Normal) (G1 Evacuation Pause)
[2023-03-15T03:37:31.686+0000][69][gc,task     ] GC(6) Using 4 workers of 4 for evacuation
[2023-03-15T03:37:31.686+0000][69][gc,age      ] GC(6) Desired survivor size 10485760 bytes, new threshold 3 (max threshold 15)
[2023-03-15T03:37:31.694+0000][69][gc,phases   ] GC(6)   Pre Evacuate Collection Set: 0.1ms
[2023-03-15T03:37:31.694+0000][69][gc,phases   ] GC(6)   Merge Heap Roots: 0.2ms
[2023-03-15T03:37:31.695+0000][69][gc,phases   ] GC(6)   Evacuate Collection Set: 4.9ms
[2023-03-15T03:37:31.695+0000][69][gc,phases   ] GC(6)   Post Evacuate Collection Set: 1.3ms
[2023-03-15T03:37:31.696+0000][69][gc,phases   ] GC(6)   Other: 1.3ms
[2023-03-15T03:37:31.696+0000][69][gc,age      ] GC(6) Age table with threshold 3 (max threshold 15)
[2023-03-15T03:37:31.697+0000][69][gc,age      ] GC(6) - age   1:    3145280 bytes,    3145280 total
[2023-03-15T03:37:31.697+0000][69][gc,age      ] GC(6) - age   2:    4168712 bytes,    7313992 total
[2023-03-15T03:37:31.698+0000][69][gc,age      ] GC(6) - age   3:     985904 bytes,    8299896 total
[2023-03-15T03:37:31.698+0000][69][gc,heap     ] GC(6) Eden regions: 35->0(35)
[2023-03-15T03:37:31.698+0000][69][gc,heap     ] GC(6) Survivor regions: 3->3(5)
[2023-03-15T03:37:31.699+0000][69][gc,heap     ] GC(6) Old regions: 2->3
[2023-03-15T03:37:31.699+0000][69][gc,heap     ] GC(6) Archive regions: 2->2
[2023-03-15T03:37:31.700+0000][69][gc,heap     ] GC(6) Humongous regions: 0->0
[2023-03-15T03:37:31.700+0000][69][gc,metaspace] GC(6) Metaspace: 25680K(26240K)->25680K(26240K) NonClass: 22737K(23040K)->22737K(23040K) Class: 2942K(3200K)->2942K(3200K)
[2023-03-15T03:37:31.700+0000][69][gc          ] GC(6) Pause Young (Normal) (G1 Evacuation Pause) 160M->22M(256M) 22.209ms
[2023-03-15T03:37:31.701+0000][69][gc,cpu      ] GC(6) User=0.01s Sys=0.00s Real=0.02s
[2023-03-15T03:37:31.701+0000][69][safepoint   ] Safepoint "G1CollectForAllocation", Time since last: 350341567 ns, Reaching safepoint: 178140 ns, At safepoint: 23166766 ns, Total: 23344906 ns
[2023-03-15T03:37:31.931+0000][69][gc,start    ] GC(7) Pause Young (Normal) (G1 Evacuation Pause)
[2023-03-15T03:37:31.932+0000][69][gc,task     ] GC(7) Using 4 workers of 4 for evacuation
[2023-03-15T03:37:31.933+0000][69][gc,age      ] GC(7) Desired survivor size 10485760 bytes, new threshold 15 (max threshold 15)
[2023-03-15T03:37:31.938+0000][69][gc,phases   ] GC(7)   Pre Evacuate Collection Set: 0.2ms
[2023-03-15T03:37:31.939+0000][69][gc,phases   ] GC(7)   Merge Heap Roots: 0.1ms
[2023-03-15T03:37:31.939+0000][69][gc,phases   ] GC(7)   Evacuate Collection Set: 3.4ms
[2023-03-15T03:37:31.939+0000][69][gc,phases   ] GC(7)   Post Evacuate Collection Set: 0.6ms
[2023-03-15T03:37:31.940+0000][69][gc,phases   ] GC(7)   Other: 1.3ms
[2023-03-15T03:37:31.940+0000][69][gc,age      ] GC(7) Age table with threshold 15 (max threshold 15)
[2023-03-15T03:37:31.941+0000][69][gc,age      ] GC(7) - age   1:     814904 bytes,     814904 total
[2023-03-15T03:37:31.942+0000][69][gc,age      ] GC(7) - age   2:    2431200 bytes,    3246104 total
[2023-03-15T03:37:31.942+0000][69][gc,age      ] GC(7) - age   3:    4168568 bytes,    7414672 total
[2023-03-15T03:37:31.943+0000][69][gc,age      ] GC(7) - age   4:     985904 bytes,    8400576 total
[2023-03-15T03:37:31.943+0000][69][gc,heap     ] GC(7) Eden regions: 35->0(35)
[2023-03-15T03:37:31.944+0000][69][gc,heap     ] GC(7) Survivor regions: 3->3(5)
[2023-03-15T03:37:31.945+0000][69][gc,heap     ] GC(7) Old regions: 3->3
[2023-03-15T03:37:31.945+0000][69][gc,heap     ] GC(7) Archive regions: 2->2
[2023-03-15T03:37:31.946+0000][69][gc,heap     ] GC(7) Humongous regions: 0->0
[2023-03-15T03:37:31.946+0000][69][gc,metaspace] GC(7) Metaspace: 26161K(26752K)->26161K(26752K) NonClass: 23154K(23488K)->23154K(23488K) Class: 3007K(3264K)->3007K(3264K)
[2023-03-15T03:37:31.947+0000][69][gc          ] GC(7) Pause Young (Normal) (G1 Evacuation Pause) 162M->22M(256M) 15.355ms
[2023-03-15T03:37:31.947+0000][69][gc,cpu      ] GC(7) User=0.02s Sys=0.01s Real=0.02s
[2023-03-15T03:37:31.947+0000][69][safepoint   ] Safepoint "G1CollectForAllocation", Time since last: 229371218 ns, Reaching safepoint: 454718 ns, At safepoint: 16274294 ns, Total: 16729012 ns
[2023-03-15T03:37:32.735+0000][69][gc,start    ] GC(8) Pause Young (Normal) (G1 Evacuation Pause)
[2023-03-15T03:37:32.736+0000][69][gc,task     ] GC(8) Using 4 workers of 4 for evacuation
[2023-03-15T03:37:32.737+0000][69][gc,age      ] GC(8) Desired survivor size 10485760 bytes, new threshold 15 (max threshold 15)
[2023-03-15T03:37:32.744+0000][69][gc,phases   ] GC(8)   Pre Evacuate Collection Set: 0.1ms
[2023-03-15T03:37:32.745+0000][69][gc,phases   ] GC(8)   Merge Heap Roots: 0.3ms
[2023-03-15T03:37:32.746+0000][69][gc,phases   ] GC(8)   Evacuate Collection Set: 4.0ms
[2023-03-15T03:37:32.747+0000][69][gc,phases   ] GC(8)   Post Evacuate Collection Set: 1.1ms
[2023-03-15T03:37:32.748+0000][69][gc,phases   ] GC(8)   Other: 2.0ms
[2023-03-15T03:37:32.748+0000][69][gc,age      ] GC(8) Age table with threshold 15 (max threshold 15)
[2023-03-15T03:37:32.749+0000][69][gc,age      ] GC(8) - age   1:    4160384 bytes,    4160384 total
[2023-03-15T03:37:32.749+0000][69][gc,age      ] GC(8) - age   2:     375544 bytes,    4535928 total
[2023-03-15T03:37:32.750+0000][69][gc,age      ] GC(8) - age   3:    2431200 bytes,    6967128 total
[2023-03-15T03:37:32.750+0000][69][gc,age      ] GC(8) - age   4:    4163544 bytes,   11130672 total
[2023-03-15T03:37:32.751+0000][69][gc,age      ] GC(8) - age   5:     984992 bytes,   12115664 total
[2023-03-15T03:37:32.752+0000][69][gc,heap     ] GC(8) Eden regions: 35->0(35)
[2023-03-15T03:37:32.753+0000][69][gc,heap     ] GC(8) Survivor regions: 3->3(5)
[2023-03-15T03:37:32.754+0000][69][gc,heap     ] GC(8) Old regions: 3->3
[2023-03-15T03:37:32.755+0000][69][gc,heap     ] GC(8) Archive regions: 2->2
[2023-03-15T03:37:32.755+0000][69][gc,heap     ] GC(8) Humongous regions: 0->0
[2023-03-15T03:37:32.756+0000][69][gc,metaspace] GC(8) Metaspace: 32196K(32896K)->32196K(32896K) NonClass: 28535K(28928K)->28535K(28928K) Class: 3661K(3968K)->3661K(3968K)
[2023-03-15T03:37:32.757+0000][69][gc          ] GC(8) Pause Young (Normal) (G1 Evacuation Pause) 162M->25M(256M) 21.183ms
[2023-03-15T03:37:32.757+0000][69][gc,cpu      ] GC(8) User=0.02s Sys=0.01s Real=0.03s
[2023-03-15T03:37:32.758+0000][69][safepoint   ] Safepoint "G1CollectForAllocation", Time since last: 787742546 ns, Reaching safepoint: 214696 ns, At safepoint: 22226083 ns, Total: 22440779 ns
[2023-03-15T03:37:33.020+0000][69][gc,start    ] GC(9) Pause Young (Normal) (G1 Evacuation Pause)
[2023-03-15T03:37:33.022+0000][69][gc,task     ] GC(9) Using 4 workers of 4 for evacuation
[2023-03-15T03:37:33.023+0000][69][gc,age      ] GC(9) Desired survivor size 10485760 bytes, new threshold 4 (max threshold 15)
[2023-03-15T03:37:33.032+0000][69][gc,phases   ] GC(9)   Pre Evacuate Collection Set: 0.2ms
[2023-03-15T03:37:33.033+0000][69][gc,phases   ] GC(9)   Merge Heap Roots: 0.3ms
[2023-03-15T03:37:33.033+0000][69][gc,phases   ] GC(9)   Evacuate Collection Set: 6.9ms
[2023-03-15T03:37:33.034+0000][69][gc,phases   ] GC(9)   Post Evacuate Collection Set: 0.6ms
[2023-03-15T03:37:33.034+0000][69][gc,phases   ] GC(9)   Other: 1.9ms
[2023-03-15T03:37:33.035+0000][69][gc,age      ] GC(9) Age table with threshold 4 (max threshold 15)
[2023-03-15T03:37:33.035+0000][69][gc,age      ] GC(9) - age   1:    3174336 bytes,    3174336 total
[2023-03-15T03:37:33.035+0000][69][gc,age      ] GC(9) - age   2:    3322224 bytes,    6496560 total
[2023-03-15T03:37:33.036+0000][69][gc,age      ] GC(9) - age   3:     375544 bytes,    6872104 total
[2023-03-15T03:37:33.037+0000][69][gc,age      ] GC(9) - age   4:    2431168 bytes,    9303272 total
[2023-03-15T03:37:33.038+0000][69][gc,heap     ] GC(9) Eden regions: 35->0(35)
[2023-03-15T03:37:33.038+0000][69][gc,heap     ] GC(9) Survivor regions: 3->3(5)
[2023-03-15T03:37:33.040+0000][69][gc,heap     ] GC(9) Old regions: 3->4
[2023-03-15T03:37:33.042+0000][69][gc,heap     ] GC(9) Archive regions: 2->2
[2023-03-15T03:37:33.043+0000][69][gc,heap     ] GC(9) Humongous regions: 0->0
[2023-03-15T03:37:33.043+0000][69][gc,metaspace] GC(9) Metaspace: 32308K(33024K)->32308K(33024K) NonClass: 28625K(28992K)->28625K(28992K) Class: 3682K(4032K)->3682K(4032K)
[2023-03-15T03:37:33.044+0000][69][gc          ] GC(9) Pause Young (Normal) (G1 Evacuation Pause) 165M->28M(256M) 23.943ms
[2023-03-15T03:37:33.045+0000][69][gc,cpu      ] GC(9) User=0.01s Sys=0.00s Real=0.02s
[2023-03-15T03:37:33.046+0000][69][safepoint   ] Safepoint "G1CollectForAllocation", Time since last: 261935609 ns, Reaching safepoint: 203860 ns, At safepoint: 25818875 ns, Total: 26022735 ns
[2023-03-15T03:37:33.518+0000][69][gc,start    ] GC(10) Pause Young (Normal) (G1 Evacuation Pause)
[2023-03-15T03:37:33.519+0000][69][gc,task     ] GC(10) Using 4 workers of 4 for evacuation
[2023-03-15T03:37:33.519+0000][69][gc,age      ] GC(10) Desired survivor size 10485760 bytes, new threshold 15 (max threshold 15)
[2023-03-15T03:37:33.528+0000][69][gc,phases   ] GC(10)   Pre Evacuate Collection Set: 0.1ms
[2023-03-15T03:37:33.529+0000][69][gc,phases   ] GC(10)   Merge Heap Roots: 0.1ms
[2023-03-15T03:37:33.529+0000][69][gc,phases   ] GC(10)   Evacuate Collection Set: 5.4ms
[2023-03-15T03:37:33.530+0000][69][gc,phases   ] GC(10)   Post Evacuate Collection Set: 2.8ms
[2023-03-15T03:37:33.531+0000][69][gc,phases   ] GC(10)   Other: 0.9ms
[2023-03-15T03:37:33.532+0000][69][gc,age      ] GC(10) Age table with threshold 15 (max threshold 15)
[2023-03-15T03:37:33.533+0000][69][gc,age      ] GC(10) - age   1:    4228280 bytes,    4228280 total
[2023-03-15T03:37:33.533+0000][69][gc,age      ] GC(10) - age   2:    1417312 bytes,    5645592 total
[2023-03-15T03:37:33.534+0000][69][gc,age      ] GC(10) - age   3:    3322192 bytes,    8967784 total
[2023-03-15T03:37:33.534+0000][69][gc,age      ] GC(10) - age   4:     374896 bytes,    9342680 total
[2023-03-15T03:37:33.535+0000][69][gc,age      ] GC(10) - age   5:    2430432 bytes,   11773112 total
[2023-03-15T03:37:33.535+0000][69][gc,heap     ] GC(10) Eden regions: 35->0(35)
[2023-03-15T03:37:33.536+0000][69][gc,heap     ] GC(10) Survivor regions: 3->3(5)
[2023-03-15T03:37:33.536+0000][69][gc,heap     ] GC(10) Old regions: 4->4
[2023-03-15T03:37:33.537+0000][69][gc,heap     ] GC(10) Archive regions: 2->2
[2023-03-15T03:37:33.537+0000][69][gc,heap     ] GC(10) Humongous regions: 0->0
[2023-03-15T03:37:33.538+0000][69][gc,metaspace] GC(10) Metaspace: 33730K(34496K)->33730K(34496K) NonClass: 29873K(30336K)->29873K(30336K) Class: 3857K(4160K)->3857K(4160K)
[2023-03-15T03:37:33.539+0000][69][gc          ] GC(10) Pause Young (Normal) (G1 Evacuation Pause) 168M->30M(256M) 20.443ms
[2023-03-15T03:37:33.539+0000][69][gc,cpu      ] GC(10) User=0.01s Sys=0.00s Real=0.02s
[2023-03-15T03:37:33.540+0000][69][safepoint   ] Safepoint "G1CollectForAllocation", Time since last: 472249457 ns, Reaching safepoint: 275119 ns, At safepoint: 21705788 ns, Total: 21980907 ns
[2023-03-15T03:37:33.885+0000][69][gc,start    ] GC(11) Pause Young (Normal) (G1 Evacuation Pause)
[2023-03-15T03:37:33.886+0000][69][gc,task     ] GC(11) Using 4 workers of 4 for evacuation
[2023-03-15T03:37:33.886+0000][69][gc,age      ] GC(11) Desired survivor size 10485760 bytes, new threshold 5 (max threshold 15)
[2023-03-15T03:37:33.894+0000][69][gc,phases   ] GC(11)   Pre Evacuate Collection Set: 0.1ms
[2023-03-15T03:37:33.895+0000][69][gc,phases   ] GC(11)   Merge Heap Roots: 0.1ms
[2023-03-15T03:37:33.896+0000][69][gc,phases   ] GC(11)   Evacuate Collection Set: 5.4ms
[2023-03-15T03:37:33.896+0000][69][gc,phases   ] GC(11)   Post Evacuate Collection Set: 1.0ms
[2023-03-15T03:37:33.897+0000][69][gc,phases   ] GC(11)   Other: 1.8ms
[2023-03-15T03:37:33.897+0000][69][gc,age      ] GC(11) Age table with threshold 5 (max threshold 15)
[2023-03-15T03:37:33.898+0000][69][gc,age      ] GC(11) - age   1:    3203992 bytes,    3203992 total
[2023-03-15T03:37:33.898+0000][69][gc,age      ] GC(11) - age   2:    3124944 bytes,    6328936 total
[2023-03-15T03:37:33.899+0000][69][gc,age      ] GC(11) - age   3:    1417280 bytes,    7746216 total
[2023-03-15T03:37:33.899+0000][69][gc,age      ] GC(11) - age   4:    3322192 bytes,   11068408 total
[2023-03-15T03:37:33.899+0000][69][gc,age      ] GC(11) - age   5:     374896 bytes,   11443304 total
[2023-03-15T03:37:33.900+0000][69][gc,heap     ] GC(11) Eden regions: 35->0(35)
[2023-03-15T03:37:33.900+0000][69][gc,heap     ] GC(11) Survivor regions: 3->3(5)
[2023-03-15T03:37:33.901+0000][69][gc,heap     ] GC(11) Old regions: 4->5
[2023-03-15T03:37:33.901+0000][69][gc,heap     ] GC(11) Archive regions: 2->2
[2023-03-15T03:37:33.901+0000][69][gc,heap     ] GC(11) Humongous regions: 0->0
[2023-03-15T03:37:33.902+0000][69][gc,metaspace] GC(11) Metaspace: 34182K(35008K)->34182K(35008K) NonClass: 30259K(30720K)->30259K(30720K) Class: 3922K(4288K)->3922K(4288K)
[2023-03-15T03:37:33.902+0000][69][gc          ] GC(11) Pause Young (Normal) (G1 Evacuation Pause) 170M->32M(256M) 17.512ms
[2023-03-15T03:37:33.903+0000][69][gc,cpu      ] GC(11) User=0.02s Sys=0.00s Real=0.02s
[2023-03-15T03:37:33.904+0000][69][safepoint   ] Safepoint "G1CollectForAllocation", Time since last: 345013874 ns, Reaching safepoint: 108589 ns, At safepoint: 19012681 ns, Total: 19121270 ns
[2023-03-15T03:37:34.179+0000][69][gc,start    ] GC(12) Pause Young (Normal) (G1 Evacuation Pause)
[2023-03-15T03:37:34.180+0000][69][gc,task     ] GC(12) Using 4 workers of 4 for evacuation
[2023-03-15T03:37:34.181+0000][69][gc,age      ] GC(12) Desired survivor size 10485760 bytes, new threshold 4 (max threshold 15)
[2023-03-15T03:37:34.186+0000][69][gc,phases   ] GC(12)   Pre Evacuate Collection Set: 0.1ms
[2023-03-15T03:37:34.187+0000][69][gc,phases   ] GC(12)   Merge Heap Roots: 0.1ms
[2023-03-15T03:37:34.187+0000][69][gc,phases   ] GC(12)   Evacuate Collection Set: 3.1ms
[2023-03-15T03:37:34.188+0000][69][gc,phases   ] GC(12)   Post Evacuate Collection Set: 0.7ms
[2023-03-15T03:37:34.188+0000][69][gc,phases   ] GC(12)   Other: 1.4ms
[2023-03-15T03:37:34.189+0000][69][gc,age      ] GC(12) Age table with threshold 4 (max threshold 15)
[2023-03-15T03:37:34.189+0000][69][gc,age      ] GC(12) - age   1:    2255488 bytes,    2255488 total
[2023-03-15T03:37:34.190+0000][69][gc,age      ] GC(12) - age   2:    2367696 bytes,    4623184 total
[2023-03-15T03:37:34.191+0000][69][gc,age      ] GC(12) - age   3:    3124824 bytes,    7748008 total
[2023-03-15T03:37:34.192+0000][69][gc,age      ] GC(12) - age   4:    1417280 bytes,    9165288 total
[2023-03-15T03:37:34.193+0000][69][gc,heap     ] GC(12) Eden regions: 35->0(35)
[2023-03-15T03:37:34.194+0000][69][gc,heap     ] GC(12) Survivor regions: 3->3(5)
[2023-03-15T03:37:34.195+0000][69][gc,heap     ] GC(12) Old regions: 5->6
[2023-03-15T03:37:34.195+0000][69][gc,heap     ] GC(12) Archive regions: 2->2
[2023-03-15T03:37:34.196+0000][69][gc,heap     ] GC(12) Humongous regions: 0->0
[2023-03-15T03:37:34.196+0000][69][gc,metaspace] GC(12) Metaspace: 34603K(35456K)->34603K(35456K) NonClass: 30633K(31168K)->30633K(31168K) Class: 3969K(4288K)->3969K(4288K)
[2023-03-15T03:37:34.197+0000][69][gc          ] GC(12) Pause Young (Normal) (G1 Evacuation Pause) 172M->34M(256M) 17.623ms
[2023-03-15T03:37:34.198+0000][69][gc,cpu      ] GC(12) User=0.02s Sys=0.00s Real=0.02s
[2023-03-15T03:37:34.198+0000][69][safepoint   ] Safepoint "G1CollectForAllocation", Time since last: 275427709 ns, Reaching safepoint: 102479 ns, At safepoint: 18780474 ns, Total: 18882953 ns
[2023-03-15T03:37:34.301+0000][69][gc,start    ] GC(13) Pause Young (Concurrent Start) (Metadata GC Threshold)
[2023-03-15T03:37:34.301+0000][69][gc,task     ] GC(13) Using 4 workers of 4 for evacuation
[2023-03-15T03:37:34.302+0000][69][gc,age      ] GC(13) Desired survivor size 10485760 bytes, new threshold 15 (max threshold 15)
[2023-03-15T03:37:34.306+0000][69][gc,phases   ] GC(13)   Pre Evacuate Collection Set: 0.2ms
[2023-03-15T03:37:34.306+0000][69][gc,phases   ] GC(13)   Merge Heap Roots: 0.1ms
[2023-03-15T03:37:34.307+0000][69][gc,phases   ] GC(13)   Evacuate Collection Set: 2.3ms
[2023-03-15T03:37:34.308+0000][69][gc,phases   ] GC(13)   Post Evacuate Collection Set: 0.5ms
[2023-03-15T03:37:34.309+0000][69][gc,phases   ] GC(13)   Other: 1.2ms
[2023-03-15T03:37:34.310+0000][69][gc,age      ] GC(13) Age table with threshold 15 (max threshold 15)
[2023-03-15T03:37:34.310+0000][69][gc,age      ] GC(13) - age   1:     430096 bytes,     430096 total
[2023-03-15T03:37:34.311+0000][69][gc,age      ] GC(13) - age   2:     718088 bytes,    1148184 total
[2023-03-15T03:37:34.311+0000][69][gc,age      ] GC(13) - age   3:    2367560 bytes,    3515744 total
[2023-03-15T03:37:34.311+0000][69][gc,age      ] GC(13) - age   4:    3124632 bytes,    6640376 total
[2023-03-15T03:37:34.312+0000][69][gc,age      ] GC(13) - age   5:    1417176 bytes,    8057552 total
[2023-03-15T03:37:34.312+0000][69][gc,heap     ] GC(13) Eden regions: 3->0(35)
[2023-03-15T03:37:34.313+0000][69][gc,heap     ] GC(13) Survivor regions: 3->3(5)
[2023-03-15T03:37:34.313+0000][69][gc,heap     ] GC(13) Old regions: 6->6
[2023-03-15T03:37:34.314+0000][69][gc,heap     ] GC(13) Archive regions: 2->2
[2023-03-15T03:37:34.314+0000][69][gc,heap     ] GC(13) Humongous regions: 0->0
[2023-03-15T03:37:34.315+0000][69][gc,metaspace] GC(13) Metaspace: 35151K(35968K)->35151K(35968K) NonClass: 31127K(31616K)->31127K(31616K) Class: 4023K(4352K)->4023K(4352K)
[2023-03-15T03:37:34.315+0000][69][gc          ] GC(13) Pause Young (Concurrent Start) (Metadata GC Threshold) 44M->33M(256M) 14.861ms
[2023-03-15T03:37:34.317+0000][69][gc,cpu      ] GC(13) User=0.01s Sys=0.01s Real=0.02s
[2023-03-15T03:37:34.317+0000][69][safepoint   ] Safepoint "CollectForMetadataAllocation", Time since last: 102096265 ns, Reaching safepoint: 158509 ns, At safepoint: 16949937 ns, Total: 17108446 ns
[2023-03-15T03:37:34.317+0000][69][gc          ] GC(14) Concurrent Mark Cycle
[2023-03-15T03:37:34.319+0000][69][gc,marking  ] GC(14) Concurrent Clear Claimed Marks
[2023-03-15T03:37:34.319+0000][69][gc,marking  ] GC(14) Concurrent Clear Claimed Marks 0.584ms
[2023-03-15T03:37:34.320+0000][69][gc,marking  ] GC(14) Concurrent Scan Root Regions
[2023-03-15T03:37:34.322+0000][69][gc,marking  ] GC(14) Concurrent Scan Root Regions 2.529ms
[2023-03-15T03:37:34.323+0000][69][gc,marking  ] GC(14) Concurrent Mark
[2023-03-15T03:37:34.324+0000][69][gc,marking  ] GC(14) Concurrent Mark From Roots
[2023-03-15T03:37:34.325+0000][69][gc,task     ] GC(14) Using 1 workers of 1 for marking
[2023-03-15T03:37:34.350+0000][69][gc,marking  ] GC(14) Concurrent Mark From Roots 26.008ms
[2023-03-15T03:37:34.352+0000][69][gc,marking  ] GC(14) Concurrent Preclean
[2023-03-15T03:37:34.352+0000][69][gc,marking  ] GC(14) Concurrent Preclean 0.900ms
[2023-03-15T03:37:34.354+0000][69][gc,start    ] GC(14) Pause Remark
[2023-03-15T03:37:34.360+0000][69][gc          ] GC(14) Pause Remark 35M->35M(256M) 6.270ms
[2023-03-15T03:37:34.361+0000][69][gc,cpu      ] GC(14) User=0.01s Sys=0.00s Real=0.01s
[2023-03-15T03:37:34.362+0000][69][safepoint   ] Safepoint "G1PauseRemark", Time since last: 35957170 ns, Reaching safepoint: 235154 ns, At safepoint: 8210549 ns, Total: 8445703 ns
[2023-03-15T03:37:34.364+0000][69][gc,marking  ] GC(14) Concurrent Mark 40.462ms
[2023-03-15T03:37:34.365+0000][69][gc,marking  ] GC(14) Concurrent Rebuild Remembered Sets
[2023-03-15T03:37:34.376+0000][69][gc,marking  ] GC(14) Concurrent Rebuild Remembered Sets 11.589ms
[2023-03-15T03:37:34.377+0000][69][gc,start    ] GC(14) Pause Cleanup
[2023-03-15T03:37:34.378+0000][69][gc          ] GC(14) Pause Cleanup 35M->35M(256M) 0.676ms
[2023-03-15T03:37:34.379+0000][69][gc,cpu      ] GC(14) User=0.00s Sys=0.00s Real=0.00s
[2023-03-15T03:37:34.379+0000][69][safepoint   ] Safepoint "G1PauseCleanup", Time since last: 15401158 ns, Reaching safepoint: 213804 ns, At safepoint: 1729789 ns, Total: 1943593 ns
[2023-03-15T03:37:34.380+0000][69][gc,marking  ] GC(14) Concurrent Cleanup for Next Mark
[2023-03-15T03:37:34.381+0000][69][gc,marking  ] GC(14) Concurrent Cleanup for Next Mark 1.106ms
[2023-03-15T03:37:34.382+0000][69][gc          ] GC(14) Concurrent Mark Cycle 64.974ms
[2023-03-15T03:37:35.568+0000][69][safepoint   ] Safepoint "ICBufferFull", Time since last: 1188100283 ns, Reaching safepoint: 376820 ns, At safepoint: 8287 ns, Total: 385107 ns
[2023-03-15T03:37:36.155+0000][69][gc,start    ] GC(15) Pause Young (Normal) (G1 Evacuation Pause)
[2023-03-15T03:37:36.155+0000][69][gc,task     ] GC(15) Using 4 workers of 4 for evacuation
[2023-03-15T03:37:36.156+0000][69][gc,age      ] GC(15) Desired survivor size 10485760 bytes, new threshold 15 (max threshold 15)
[2023-03-15T03:37:36.181+0000][69][gc,phases   ] GC(15)   Pre Evacuate Collection Set: 0.2ms
[2023-03-15T03:37:36.182+0000][69][gc,phases   ] GC(15)   Merge Heap Roots: 0.2ms
[2023-03-15T03:37:36.183+0000][69][gc,phases   ] GC(15)   Evacuate Collection Set: 12.8ms
[2023-03-15T03:37:36.183+0000][69][gc,phases   ] GC(15)   Post Evacuate Collection Set: 11.1ms
[2023-03-15T03:37:36.184+0000][69][gc,phases   ] GC(15)   Other: 1.3ms
[2023-03-15T03:37:36.185+0000][69][gc,age      ] GC(15) Age table with threshold 15 (max threshold 15)
[2023-03-15T03:37:36.186+0000][69][gc,age      ] GC(15) - age   1:   11453544 bytes,   11453544 total
[2023-03-15T03:37:36.187+0000][69][gc,age      ] GC(15) - age   2:     379552 bytes,   11833096 total
[2023-03-15T03:37:36.187+0000][69][gc,age      ] GC(15) - age   3:     710832 bytes,   12543928 total
[2023-03-15T03:37:36.188+0000][69][gc,age      ] GC(15) - age   4:    2360448 bytes,   14904376 total
[2023-03-15T03:37:36.189+0000][69][gc,age      ] GC(15) - age   5:    3105664 bytes,   18010040 total
[2023-03-15T03:37:36.190+0000][69][gc,age      ] GC(15) - age   6:    1409416 bytes,   19419456 total
[2023-03-15T03:37:36.191+0000][69][gc,heap     ] GC(15) Eden regions: 35->0(33)
[2023-03-15T03:37:36.193+0000][69][gc,heap     ] GC(15) Survivor regions: 3->5(5)
[2023-03-15T03:37:36.194+0000][69][gc,heap     ] GC(15) Old regions: 6->6
[2023-03-15T03:37:36.195+0000][69][gc,heap     ] GC(15) Archive regions: 2->2
[2023-03-15T03:37:36.196+0000][69][gc,heap     ] GC(15) Humongous regions: 0->0
[2023-03-15T03:37:36.197+0000][69][gc,metaspace] GC(15) Metaspace: 44171K(45440K)->44171K(45440K) NonClass: 38911K(39616K)->38911K(39616K) Class: 5259K(5824K)->5259K(5824K)
[2023-03-15T03:37:36.198+0000][69][gc          ] GC(15) Pause Young (Normal) (G1 Evacuation Pause) 173M->44M(256M) 42.925ms
[2023-03-15T03:37:36.198+0000][69][gc,cpu      ] GC(15) User=0.09s Sys=0.00s Real=0.05s
[2023-03-15T03:37:36.199+0000][69][safepoint   ] Safepoint "G1CollectForAllocation", Time since last: 586693412 ns, Reaching safepoint: 215111 ns, At safepoint: 44274691 ns, Total: 44489802 ns
[2023-03-15T03:37:36.949+0000][69][gc,start    ] GC(16) Pause Young (Normal) (G1 Evacuation Pause)
[2023-03-15T03:37:36.949+0000][69][gc,task     ] GC(16) Using 4 workers of 4 for evacuation
[2023-03-15T03:37:36.950+0000][69][gc,age      ] GC(16) Desired survivor size 10485760 bytes, new threshold 1 (max threshold 15)
[2023-03-15T03:37:36.975+0000][69][gc,phases   ] GC(16)   Pre Evacuate Collection Set: 0.1ms
[2023-03-15T03:37:36.977+0000][69][gc,phases   ] GC(16)   Merge Heap Roots: 0.1ms
[2023-03-15T03:37:36.977+0000][69][gc,phases   ] GC(16)   Evacuate Collection Set: 23.4ms
[2023-03-15T03:37:36.978+0000][69][gc,phases   ] GC(16)   Post Evacuate Collection Set: 1.1ms
[2023-03-15T03:37:36.979+0000][69][gc,phases   ] GC(16)   Other: 1.3ms
[2023-03-15T03:37:36.980+0000][69][gc,age      ] GC(16) Age table with threshold 1 (max threshold 15)
[2023-03-15T03:37:36.981+0000][69][gc,age      ] GC(16) - age   1:    6965528 bytes,    6965528 total
[2023-03-15T03:37:36.981+0000][69][gc,heap     ] GC(16) Eden regions: 33->0(34)
[2023-03-15T03:37:36.982+0000][69][gc,heap     ] GC(16) Survivor regions: 5->3(5)
[2023-03-15T03:37:36.982+0000][69][gc,heap     ] GC(16) Old regions: 6->10
[2023-03-15T03:37:36.983+0000][69][gc,heap     ] GC(16) Archive regions: 2->2
[2023-03-15T03:37:36.983+0000][69][gc,heap     ] GC(16) Humongous regions: 0->0
[2023-03-15T03:37:36.984+0000][69][gc,metaspace] GC(16) Metaspace: 44191K(45440K)->44191K(45440K) NonClass: 38929K(39616K)->38929K(39616K) Class: 5262K(5824K)->5262K(5824K)
[2023-03-15T03:37:36.984+0000][69][gc          ] GC(16) Pause Young (Normal) (G1 Evacuation Pause) 176M->52M(256M) 35.787ms
[2023-03-15T03:37:36.985+0000][69][gc,cpu      ] GC(16) User=0.10s Sys=0.00s Real=0.03s
[2023-03-15T03:37:36.986+0000][69][safepoint   ] Safepoint "G1CollectForAllocation", Time since last: 749204298 ns, Reaching safepoint: 488815 ns, At safepoint: 37114128 ns, Total: 37602943 ns
[2023-03-15T03:37:38.474+0000][69][safepoint   ] Safepoint "Cleanup", Time since last: 1488400510 ns, Reaching safepoint: 343112 ns, At safepoint: 37121 ns, Total: 380233 ns
[2023-03-15T03:37:39.231+0000][69][gc,start    ] GC(17) Pause Young (Normal) (G1 Evacuation Pause)
[2023-03-15T03:37:39.234+0000][69][gc,task     ] GC(17) Using 4 workers of 4 for evacuation
[2023-03-15T03:37:39.234+0000][69][gc,age      ] GC(17) Desired survivor size 10485760 bytes, new threshold 15 (max threshold 15)
[2023-03-15T03:37:39.265+0000][69][gc,phases   ] GC(17)   Pre Evacuate Collection Set: 0.2ms
[2023-03-15T03:37:39.266+0000][69][gc,phases   ] GC(17)   Merge Heap Roots: 0.1ms
[2023-03-15T03:37:39.267+0000][69][gc,phases   ] GC(17)   Evacuate Collection Set: 27.2ms
[2023-03-15T03:37:39.268+0000][69][gc,phases   ] GC(17)   Post Evacuate Collection Set: 1.8ms
[2023-03-15T03:37:39.269+0000][69][gc,phases   ] GC(17)   Other: 2.2ms
[2023-03-15T03:37:39.270+0000][69][gc,age      ] GC(17) Age table with threshold 15 (max threshold 15)
[2023-03-15T03:37:39.272+0000][69][gc,age      ] GC(17) - age   1:    4948360 bytes,    4948360 total
[2023-03-15T03:37:39.273+0000][69][gc,age      ] GC(17) - age   2:    6528408 bytes,   11476768 total
[2023-03-15T03:37:39.275+0000][69][gc,heap     ] GC(17) Eden regions: 34->0(34)
[2023-03-15T03:37:39.276+0000][69][gc,heap     ] GC(17) Survivor regions: 3->3(5)
[2023-03-15T03:37:39.278+0000][69][gc,heap     ] GC(17) Old regions: 10->10
[2023-03-15T03:37:39.280+0000][69][gc,heap     ] GC(17) Archive regions: 2->2
[2023-03-15T03:37:39.281+0000][69][gc,heap     ] GC(17) Humongous regions: 0->0
[2023-03-15T03:37:39.283+0000][69][gc,metaspace] GC(17) Metaspace: 52090K(53376K)->52090K(53376K) NonClass: 45785K(46528K)->45785K(46528K) Class: 6304K(6848K)->6304K(6848K)
[2023-03-15T03:37:39.284+0000][69][gc          ] GC(17) Pause Young (Normal) (G1 Evacuation Pause) 188M->55M(256M) 53.285ms
[2023-03-15T03:37:39.286+0000][69][gc,cpu      ] GC(17) User=0.05s Sys=0.00s Real=0.05s
[2023-03-15T03:37:39.287+0000][69][safepoint   ] Safepoint "G1CollectForAllocation", Time since last: 756295431 ns, Reaching safepoint: 213889 ns, At safepoint: 56366322 ns, Total: 56580211 ns
[2023-03-15T03:37:40.147+0000][69][gc,start    ] GC(18) Pause Young (Concurrent Start) (Metadata GC Threshold)
[2023-03-15T03:37:40.149+0000][69][gc,task     ] GC(18) Using 4 workers of 4 for evacuation
[2023-03-15T03:37:40.149+0000][69][gc,age      ] GC(18) Desired survivor size 10485760 bytes, new threshold 2 (max threshold 15)
[2023-03-15T03:37:40.163+0000][69][gc,phases   ] GC(18)   Pre Evacuate Collection Set: 0.3ms
[2023-03-15T03:37:40.163+0000][69][gc,phases   ] GC(18)   Merge Heap Roots: 0.1ms
[2023-03-15T03:37:40.164+0000][69][gc,phases   ] GC(18)   Evacuate Collection Set: 9.4ms
[2023-03-15T03:37:40.165+0000][69][gc,phases   ] GC(18)   Post Evacuate Collection Set: 2.7ms
[2023-03-15T03:37:40.166+0000][69][gc,phases   ] GC(18)   Other: 1.5ms
[2023-03-15T03:37:40.166+0000][69][gc,age      ] GC(18) Age table with threshold 2 (max threshold 15)
[2023-03-15T03:37:40.167+0000][69][gc,age      ] GC(18) - age   1:    2543792 bytes,    2543792 total
[2023-03-15T03:37:40.168+0000][69][gc,age      ] GC(18) - age   2:    4784120 bytes,    7327912 total
[2023-03-15T03:37:40.168+0000][69][gc,heap     ] GC(18) Eden regions: 10->0(33)
[2023-03-15T03:37:40.169+0000][69][gc,heap     ] GC(18) Survivor regions: 3->2(5)
[2023-03-15T03:37:40.169+0000][69][gc,heap     ] GC(18) Old regions: 10->12
[2023-03-15T03:37:40.170+0000][69][gc,heap     ] GC(18) Archive regions: 2->2
[2023-03-15T03:37:40.171+0000][69][gc,heap     ] GC(18) Humongous regions: 0->0
[2023-03-15T03:37:40.171+0000][69][gc,metaspace] GC(18) Metaspace: 58678K(59968K)->58678K(59968K) NonClass: 51415K(52160K)->51415K(52160K) Class: 7262K(7808K)->7262K(7808K)
[2023-03-15T03:37:40.172+0000][69][gc          ] GC(18) Pause Young (Concurrent Start) (Metadata GC Threshold) 95M->58M(256M) 24.604ms
[2023-03-15T03:37:40.173+0000][69][gc,cpu      ] GC(18) User=0.03s Sys=0.00s Real=0.02s
[2023-03-15T03:37:40.173+0000][69][gc          ] GC(19) Concurrent Mark Cycle
[2023-03-15T03:37:40.174+0000][69][gc,marking  ] GC(19) Concurrent Clear Claimed Marks
[2023-03-15T03:37:40.175+0000][69][gc,marking  ] GC(19) Concurrent Clear Claimed Marks 0.984ms
[2023-03-15T03:37:40.176+0000][69][gc,marking  ] GC(19) Concurrent Scan Root Regions
[2023-03-15T03:37:40.174+0000][69][safepoint   ] Safepoint "CollectForMetadataAllocation", Time since last: 859701453 ns, Reaching safepoint: 326441 ns, At safepoint: 26169847 ns, Total: 26496288 ns
[2023-03-15T03:37:40.197+0000][69][gc,marking  ] GC(19) Concurrent Scan Root Regions 21.206ms
[2023-03-15T03:37:40.198+0000][69][gc,marking  ] GC(19) Concurrent Mark
[2023-03-15T03:37:40.199+0000][69][gc,marking  ] GC(19) Concurrent Mark From Roots
[2023-03-15T03:37:40.200+0000][69][gc,task     ] GC(19) Using 1 workers of 1 for marking
[2023-03-15T03:37:40.218+0000][69][safepoint   ] Safepoint "CollectForMetadataAllocation", Time since last: 44332486 ns, Reaching safepoint: 313036 ns, At safepoint: 75773 ns, Total: 388809 ns
[2023-03-15T03:37:40.240+0000][69][gc,marking  ] GC(19) Concurrent Mark From Roots 41.304ms
[2023-03-15T03:37:40.241+0000][69][gc,marking  ] GC(19) Concurrent Preclean
[2023-03-15T03:37:40.243+0000][69][gc,marking  ] GC(19) Concurrent Preclean 1.362ms
[2023-03-15T03:37:40.245+0000][69][gc,start    ] GC(19) Pause Remark
[2023-03-15T03:37:40.256+0000][69][gc          ] GC(19) Pause Remark 62M->62M(256M) 11.072ms
[2023-03-15T03:37:40.257+0000][69][gc,cpu      ] GC(19) User=0.01s Sys=0.00s Real=0.02s
[2023-03-15T03:37:40.258+0000][69][safepoint   ] Safepoint "G1PauseRemark", Time since last: 25262926 ns, Reaching safepoint: 1325946 ns, At safepoint: 13508907 ns, Total: 14834853 ns
[2023-03-15T03:37:40.259+0000][69][gc,marking  ] GC(19) Concurrent Mark 61.311ms
[2023-03-15T03:37:40.260+0000][69][gc,marking  ] GC(19) Concurrent Rebuild Remembered Sets
[2023-03-15T03:37:40.294+0000][69][gc,marking  ] GC(19) Concurrent Rebuild Remembered Sets 33.334ms
[2023-03-15T03:37:40.295+0000][69][gc,start    ] GC(19) Pause Cleanup
[2023-03-15T03:37:40.296+0000][69][gc          ] GC(19) Pause Cleanup 62M->62M(256M) 1.084ms
[2023-03-15T03:37:40.297+0000][69][gc,cpu      ] GC(19) User=0.00s Sys=0.00s Real=0.01s
[2023-03-15T03:37:40.298+0000][69][safepoint   ] Safepoint "G1PauseCleanup", Time since last: 36787469 ns, Reaching safepoint: 54044 ns, At safepoint: 2500101 ns, Total: 2554145 ns
[2023-03-15T03:37:40.298+0000][69][gc,marking  ] GC(19) Concurrent Cleanup for Next Mark
[2023-03-15T03:37:40.300+0000][69][gc,marking  ] GC(19) Concurrent Cleanup for Next Mark 1.180ms
[2023-03-15T03:37:40.301+0000][69][gc          ] GC(19) Concurrent Mark Cycle 128.060ms
[2023-03-15T03:37:41.299+0000][69][safepoint   ] Safepoint "Cleanup", Time since last: 1001049227 ns, Reaching safepoint: 291966 ns, At safepoint: 6816 ns, Total: 298782 ns
[2023-03-15T03:37:41.386+0000][69][gc,start    ] GC(20) Pause Young (Normal) (G1 Evacuation Pause)
[2023-03-15T03:37:41.387+0000][69][gc,task     ] GC(20) Using 4 workers of 4 for evacuation
[2023-03-15T03:37:41.388+0000][69][gc,age      ] GC(20) Desired survivor size 10485760 bytes, new threshold 15 (max threshold 15)
[2023-03-15T03:37:41.399+0000][69][gc,phases   ] GC(20)   Pre Evacuate Collection Set: 0.1ms
[2023-03-15T03:37:41.400+0000][69][gc,phases   ] GC(20)   Merge Heap Roots: 0.1ms
[2023-03-15T03:37:41.401+0000][69][gc,phases   ] GC(20)   Evacuate Collection Set: 9.4ms
[2023-03-15T03:37:41.402+0000][69][gc,phases   ] GC(20)   Post Evacuate Collection Set: 1.3ms
[2023-03-15T03:37:41.403+0000][69][gc,phases   ] GC(20)   Other: 1.4ms
[2023-03-15T03:37:41.403+0000][69][gc,age      ] GC(20) Age table with threshold 15 (max threshold 15)
[2023-03-15T03:37:41.404+0000][69][gc,age      ] GC(20) - age   1:    2181448 bytes,    2181448 total
[2023-03-15T03:37:41.405+0000][69][gc,age      ] GC(20) - age   2:    2423992 bytes,    4605440 total
[2023-03-15T03:37:41.405+0000][69][gc,age      ] GC(20) - age   3:    4760936 bytes,    9366376 total
[2023-03-15T03:37:41.406+0000][69][gc,heap     ] GC(20) Eden regions: 33->0(33)
[2023-03-15T03:37:41.406+0000][69][gc,heap     ] GC(20) Survivor regions: 2->3(5)
[2023-03-15T03:37:41.407+0000][69][gc,heap     ] GC(20) Old regions: 12->12
[2023-03-15T03:37:41.408+0000][69][gc,heap     ] GC(20) Archive regions: 2->2
[2023-03-15T03:37:41.408+0000][69][gc,heap     ] GC(20) Humongous regions: 0->0
[2023-03-15T03:37:41.409+0000][69][gc,metaspace] GC(20) Metaspace: 65569K(67072K)->65569K(67072K) NonClass: 57206K(58048K)->57206K(58048K) Class: 8362K(9024K)->8362K(9024K)
[2023-03-15T03:37:41.410+0000][69][gc          ] GC(20) Pause Young (Normal) (G1 Evacuation Pause) 190M->59M(256M) 24.162ms
[2023-03-15T03:37:41.411+0000][69][gc,cpu      ] GC(20) User=0.05s Sys=0.00s Real=0.03s
[2023-03-15T03:37:41.412+0000][69][safepoint   ] Safepoint "G1CollectForAllocation", Time since last: 86692842 ns, Reaching safepoint: 141888 ns, At safepoint: 25654329 ns, Total: 25796217 ns
[2023-03-15T03:37:41.867+0000][69][gc,start    ] GC(21) Pause Young (Normal) (G1 Evacuation Pause)
[2023-03-15T03:37:41.869+0000][69][gc,task     ] GC(21) Using 4 workers of 4 for evacuation
[2023-03-15T03:37:41.870+0000][69][gc,age      ] GC(21) Desired survivor size 10485760 bytes, new threshold 15 (max threshold 15)
[2023-03-15T03:37:41.877+0000][69][gc,phases   ] GC(21)   Pre Evacuate Collection Set: 0.1ms
[2023-03-15T03:37:41.877+0000][69][gc,phases   ] GC(21)   Merge Heap Roots: 0.1ms
[2023-03-15T03:37:41.878+0000][69][gc,phases   ] GC(21)   Evacuate Collection Set: 5.3ms
[2023-03-15T03:37:41.879+0000][69][gc,phases   ] GC(21)   Post Evacuate Collection Set: 0.8ms
[2023-03-15T03:37:41.879+0000][69][gc,phases   ] GC(21)   Other: 1.5ms
[2023-03-15T03:37:41.880+0000][69][gc,age      ] GC(21) Age table with threshold 15 (max threshold 15)
[2023-03-15T03:37:41.881+0000][69][gc,age      ] GC(21) - age   1:     302816 bytes,     302816 total
[2023-03-15T03:37:41.881+0000][69][gc,age      ] GC(21) - age   2:    2031792 bytes,    2334608 total
[2023-03-15T03:37:41.882+0000][69][gc,age      ] GC(21) - age   3:    2423712 bytes,    4758320 total
[2023-03-15T03:37:41.882+0000][69][gc,age      ] GC(21) - age   4:    4760544 bytes,    9518864 total
[2023-03-15T03:37:41.883+0000][69][gc,heap     ] GC(21) Eden regions: 33->0(34)
[2023-03-15T03:37:41.883+0000][69][gc,heap     ] GC(21) Survivor regions: 3->3(5)
[2023-03-15T03:37:41.884+0000][69][gc,heap     ] GC(21) Old regions: 12->12
[2023-03-15T03:37:41.884+0000][69][gc,heap     ] GC(21) Archive regions: 2->2
[2023-03-15T03:37:41.885+0000][69][gc,heap     ] GC(21) Humongous regions: 0->0
[2023-03-15T03:37:41.885+0000][69][gc,metaspace] GC(21) Metaspace: 66411K(67904K)->66411K(67904K) NonClass: 57932K(58752K)->57932K(58752K) Class: 8478K(9152K)->8478K(9152K)
[2023-03-15T03:37:41.886+0000][69][gc          ] GC(21) Pause Young (Normal) (G1 Evacuation Pause) 191M->59M(256M) 18.896ms
[2023-03-15T03:37:41.887+0000][69][gc,cpu      ] GC(21) User=0.02s Sys=0.00s Real=0.02s
[2023-03-15T03:37:41.887+0000][69][safepoint   ] Safepoint "G1CollectForAllocation", Time since last: 455369445 ns, Reaching safepoint: 105717 ns, At safepoint: 20224960 ns, Total: 20330677 ns
[2023-03-15T03:37:43.799+0000][69][safepoint   ] Safepoint "Cleanup", Time since last: 1909789982 ns, Reaching safepoint: 1510760 ns, At safepoint: 55544 ns, Total: 1566304 ns
[2023-03-15T03:37:44.055+0000][69][gc,start    ] GC(22) Pause Young (Normal) (G1 Evacuation Pause)
[2023-03-15T03:37:44.056+0000][69][gc,task     ] GC(22) Using 4 workers of 4 for evacuation
[2023-03-15T03:37:44.057+0000][69][gc,age      ] GC(22) Desired survivor size 10485760 bytes, new threshold 15 (max threshold 15)
[2023-03-15T03:37:44.084+0000][69][gc,phases   ] GC(22)   Pre Evacuate Collection Set: 0.2ms
[2023-03-15T03:37:44.085+0000][69][gc,phases   ] GC(22)   Merge Heap Roots: 0.1ms
[2023-03-15T03:37:44.086+0000][69][gc,phases   ] GC(22)   Evacuate Collection Set: 24.5ms
[2023-03-15T03:37:44.086+0000][69][gc,phases   ] GC(22)   Post Evacuate Collection Set: 2.1ms
[2023-03-15T03:37:44.087+0000][69][gc,phases   ] GC(22)   Other: 1.2ms
[2023-03-15T03:37:44.088+0000][69][gc,age      ] GC(22) Age table with threshold 15 (max threshold 15)
[2023-03-15T03:37:44.088+0000][69][gc,age      ] GC(22) - age   1:    7271800 bytes,    7271800 total
[2023-03-15T03:37:44.089+0000][69][gc,age      ] GC(22) - age   2:     282216 bytes,    7554016 total
[2023-03-15T03:37:44.090+0000][69][gc,age      ] GC(22) - age   3:    2008744 bytes,    9562760 total
[2023-03-15T03:37:44.090+0000][69][gc,age      ] GC(22) - age   4:    2422240 bytes,   11985000 total
[2023-03-15T03:37:44.091+0000][69][gc,age      ] GC(22) - age   5:    4757072 bytes,   16742072 total
[2023-03-15T03:37:44.091+0000][69][gc,heap     ] GC(22) Eden regions: 34->0(30)
[2023-03-15T03:37:44.092+0000][69][gc,heap     ] GC(22) Survivor regions: 3->5(5)
[2023-03-15T03:37:44.092+0000][69][gc,heap     ] GC(22) Old regions: 12->12
[2023-03-15T03:37:44.093+0000][69][gc,heap     ] GC(22) Archive regions: 2->2
[2023-03-15T03:37:44.094+0000][69][gc,heap     ] GC(22) Humongous regions: 0->0
[2023-03-15T03:37:44.095+0000][69][gc,metaspace] GC(22) Metaspace: 79550K(81152K)->79550K(81152K) NonClass: 69238K(70144K)->69238K(70144K) Class: 10312K(11008K)->10312K(11008K)
[2023-03-15T03:37:44.095+0000][69][gc          ] GC(22) Pause Young (Normal) (G1 Evacuation Pause) 195M->66M(256M) 39.656ms
[2023-03-15T03:37:44.096+0000][69][gc,cpu      ] GC(22) User=0.08s Sys=0.00s Real=0.04s
[2023-03-15T03:37:44.097+0000][69][safepoint   ] Safepoint "G1CollectForAllocation", Time since last: 256600156 ns, Reaching safepoint: 290090 ns, At safepoint: 41477432 ns, Total: 41767522 ns
[2023-03-15T03:37:45.098+0000][69][safepoint   ] Safepoint "Cleanup", Time since last: 1000961243 ns, Reaching safepoint: 324264 ns, At safepoint: 31052 ns, Total: 355316 ns
[2023-03-15T03:37:46.000+0000][69][safepoint   ] Safepoint "ICBufferFull", Time since last: 901241473 ns, Reaching safepoint: 301721 ns, At safepoint: 31654 ns, Total: 333375 ns
[2023-03-15T03:37:46.416+0000][69][gc,start    ] GC(23) Pause Young (Normal) (G1 Evacuation Pause)
[2023-03-15T03:37:46.418+0000][69][gc,task     ] GC(23) Using 4 workers of 4 for evacuation
[2023-03-15T03:37:46.419+0000][69][gc,age      ] GC(23) Desired survivor size 10485760 bytes, new threshold 4 (max threshold 15)
[2023-03-15T03:37:46.441+0000][69][gc,phases   ] GC(23)   Pre Evacuate Collection Set: 0.1ms
[2023-03-15T03:37:46.442+0000][69][gc,phases   ] GC(23)   Merge Heap Roots: 0.2ms
[2023-03-15T03:37:46.443+0000][69][gc,phases   ] GC(23)   Evacuate Collection Set: 19.7ms
[2023-03-15T03:37:46.444+0000][69][gc,phases   ] GC(23)   Post Evacuate Collection Set: 2.1ms
[2023-03-15T03:37:46.444+0000][69][gc,phases   ] GC(23)   Other: 1.7ms
[2023-03-15T03:37:46.445+0000][69][gc,age      ] GC(23) Age table with threshold 4 (max threshold 15)
[2023-03-15T03:37:46.446+0000][69][gc,age      ] GC(23) - age   1:    7180832 bytes,    7180832 total
[2023-03-15T03:37:46.446+0000][69][gc,age      ] GC(23) - age   2:    7140656 bytes,   14321488 total
[2023-03-15T03:37:46.447+0000][69][gc,age      ] GC(23) - age   3:     282136 bytes,   14603624 total
[2023-03-15T03:37:46.447+0000][69][gc,age      ] GC(23) - age   4:    2001216 bytes,   16604840 total
[2023-03-15T03:37:46.448+0000][69][gc,heap     ] GC(23) Eden regions: 30->0(28)
[2023-03-15T03:37:46.448+0000][69][gc,heap     ] GC(23) Survivor regions: 5->5(5)
[2023-03-15T03:37:46.449+0000][69][gc,heap     ] GC(23) Old regions: 12->14
[2023-03-15T03:37:46.449+0000][69][gc,heap     ] GC(23) Archive regions: 2->2
[2023-03-15T03:37:46.450+0000][69][gc,heap     ] GC(23) Humongous regions: 0->0
[2023-03-15T03:37:46.451+0000][69][gc,metaspace] GC(23) Metaspace: 98495K(100416K)->98495K(100416K) NonClass: 85762K(86784K)->85762K(86784K) Class: 12733K(13632K)->12733K(13632K)
[2023-03-15T03:37:46.452+0000][69][gc          ] GC(23) Pause Young (Normal) (G1 Evacuation Pause) 186M->74M(256M) 35.306ms
[2023-03-15T03:37:46.452+0000][69][gc,cpu      ] GC(23) User=0.05s Sys=0.00s Real=0.03s
[2023-03-15T03:37:46.453+0000][69][safepoint   ] Safepoint "G1CollectForAllocation", Time since last: 415791418 ns, Reaching safepoint: 640488 ns, At safepoint: 36946183 ns, Total: 37586671 ns
[2023-03-15T03:37:46.481+0000][69][gc,start    ] GC(24) Pause Young (Concurrent Start) (Metadata GC Threshold)
[2023-03-15T03:37:46.482+0000][69][gc,task     ] GC(24) Using 4 workers of 4 for evacuation
[2023-03-15T03:37:46.483+0000][69][gc,age      ] GC(24) Desired survivor size 10485760 bytes, new threshold 2 (max threshold 15)
[2023-03-15T03:37:46.498+0000][69][gc,phases   ] GC(24)   Pre Evacuate Collection Set: 0.6ms
[2023-03-15T03:37:46.499+0000][69][gc,phases   ] GC(24)   Merge Heap Roots: 0.2ms
[2023-03-15T03:37:46.500+0000][69][gc,phases   ] GC(24)   Evacuate Collection Set: 12.9ms
[2023-03-15T03:37:46.500+0000][69][gc,phases   ] GC(24)   Post Evacuate Collection Set: 0.8ms
[2023-03-15T03:37:46.501+0000][69][gc,phases   ] GC(24)   Other: 1.6ms
[2023-03-15T03:37:46.501+0000][69][gc,age      ] GC(24) Age table with threshold 2 (max threshold 15)
[2023-03-15T03:37:46.502+0000][69][gc,age      ] GC(24) - age   1:     148920 bytes,     148920 total
[2023-03-15T03:37:46.503+0000][69][gc,age      ] GC(24) - age   2:    7006368 bytes,    7155288 total
[2023-03-15T03:37:46.503+0000][69][gc,heap     ] GC(24) Eden regions: 1->0(29)
[2023-03-15T03:37:46.504+0000][69][gc,heap     ] GC(24) Survivor regions: 5->3(5)
[2023-03-15T03:37:46.505+0000][69][gc,heap     ] GC(24) Old regions: 14->16
[2023-03-15T03:37:46.505+0000][69][gc,heap     ] GC(24) Archive regions: 2->2
[2023-03-15T03:37:46.506+0000][69][gc,heap     ] GC(24) Humongous regions: 0->0
[2023-03-15T03:37:46.506+0000][69][gc,metaspace] GC(24) Metaspace: 98756K(100736K)->98756K(100736K) NonClass: 85972K(87040K)->85972K(87040K) Class: 12784K(13696K)->12784K(13696K)
[2023-03-15T03:37:46.507+0000][69][gc          ] GC(24) Pause Young (Concurrent Start) (Metadata GC Threshold) 78M->74M(256M) 25.521ms
[2023-03-15T03:37:46.507+0000][69][gc          ] GC(25) Concurrent Mark Cycle
[2023-03-15T03:37:46.508+0000][69][gc,marking  ] GC(25) Concurrent Clear Claimed Marks
[2023-03-15T03:37:46.507+0000][69][gc,cpu      ] GC(24) User=0.03s Sys=0.01s Real=0.03s
[2023-03-15T03:37:46.509+0000][69][gc,marking  ] GC(25) Concurrent Clear Claimed Marks 0.806ms
[2023-03-15T03:37:46.510+0000][69][gc,marking  ] GC(25) Concurrent Scan Root Regions
[2023-03-15T03:37:46.509+0000][69][safepoint   ] Safepoint "CollectForMetadataAllocation", Time since last: 27971619 ns, Reaching safepoint: 87728 ns, At safepoint: 28156536 ns, Total: 28244264 ns
[2023-03-15T03:37:46.524+0000][69][gc,marking  ] GC(25) Concurrent Scan Root Regions 14.153ms
[2023-03-15T03:37:46.525+0000][69][gc,marking  ] GC(25) Concurrent Mark
[2023-03-15T03:37:46.525+0000][69][gc,marking  ] GC(25) Concurrent Mark From Roots
[2023-03-15T03:37:46.526+0000][69][gc,task     ] GC(25) Using 1 workers of 1 for marking
[2023-03-15T03:37:46.553+0000][69][safepoint   ] Safepoint "CollectForMetadataAllocation", Time since last: 42990661 ns, Reaching safepoint: 195911 ns, At safepoint: 72554 ns, Total: 268465 ns
[2023-03-15T03:37:46.582+0000][69][safepoint   ] Safepoint "CollectForMetadataAllocation", Time since last: 28664915 ns, Reaching safepoint: 372239 ns, At safepoint: 118355 ns, Total: 490594 ns
[2023-03-15T03:37:46.597+0000][69][gc,marking  ] GC(25) Concurrent Mark From Roots 71.648ms
[2023-03-15T03:37:46.598+0000][69][gc,marking  ] GC(25) Concurrent Preclean
[2023-03-15T03:37:46.598+0000][69][gc,marking  ] GC(25) Concurrent Preclean 0.810ms
[2023-03-15T03:37:46.599+0000][69][gc,start    ] GC(25) Pause Remark
[2023-03-15T03:37:46.606+0000][69][gc          ] GC(25) Pause Remark 80M->80M(256M) 6.184ms
[2023-03-15T03:37:46.606+0000][69][gc,cpu      ] GC(25) User=0.01s Sys=0.00s Real=0.01s
[2023-03-15T03:37:46.607+0000][69][safepoint   ] Safepoint "G1PauseRemark", Time since last: 17143400 ns, Reaching safepoint: 365212 ns, At safepoint: 7640634 ns, Total: 8005846 ns
[2023-03-15T03:37:46.608+0000][69][gc,marking  ] GC(25) Concurrent Mark 83.252ms
[2023-03-15T03:37:46.608+0000][69][gc,marking  ] GC(25) Concurrent Rebuild Remembered Sets
[2023-03-15T03:37:46.647+0000][69][gc,marking  ] GC(25) Concurrent Rebuild Remembered Sets 38.987ms
[2023-03-15T03:37:46.649+0000][69][gc,start    ] GC(25) Pause Cleanup
[2023-03-15T03:37:46.650+0000][69][gc          ] GC(25) Pause Cleanup 82M->82M(256M) 1.620ms
[2023-03-15T03:37:46.651+0000][69][gc,cpu      ] GC(25) User=0.00s Sys=0.00s Real=0.00s
[2023-03-15T03:37:46.652+0000][69][safepoint   ] Safepoint "G1PauseCleanup", Time since last: 41582714 ns, Reaching safepoint: 179287 ns, At safepoint: 3221497 ns, Total: 3400784 ns
[2023-03-15T03:37:46.653+0000][69][gc,marking  ] GC(25) Concurrent Cleanup for Next Mark
[2023-03-15T03:37:46.654+0000][69][gc,marking  ] GC(25) Concurrent Cleanup for Next Mark 1.056ms
[2023-03-15T03:37:46.654+0000][69][gc          ] GC(25) Concurrent Mark Cycle 146.952ms
[2023-03-15T03:37:47.653+0000][69][safepoint   ] Safepoint "Cleanup", Time since last: 1001041868 ns, Reaching safepoint: 200845 ns, At safepoint: 3187 ns, Total: 204032 ns
[2023-03-15T03:37:48.251+0000][69][safepoint   ] Safepoint "ICBufferFull", Time since last: 621806530 ns, Reaching safepoint: 241764 ns, At safepoint: 3189 ns, Total: 244953 ns
[2023-03-15T03:37:48.632+0000][69][safepoint   ] Safepoint "ICBufferFull", Time since last: 381223036 ns, Reaching safepoint: 215455 ns, At safepoint: 33647 ns, Total: 249102 ns
[2023-03-15T03:37:49.000+0000][69][gc,start    ] GC(26) Pause Young (Normal) (G1 Evacuation Pause)
[2023-03-15T03:37:49.001+0000][69][gc,task     ] GC(26) Using 4 workers of 4 for evacuation
[2023-03-15T03:37:49.002+0000][69][gc,age      ] GC(26) Desired survivor size 8388608 bytes, new threshold 15 (max threshold 15)
[2023-03-15T03:37:49.020+0000][69][gc,phases   ] GC(26)   Pre Evacuate Collection Set: 0.3ms
[2023-03-15T03:37:49.021+0000][69][gc,phases   ] GC(26)   Merge Heap Roots: 0.1ms
[2023-03-15T03:37:49.022+0000][69][gc,phases   ] GC(26)   Evacuate Collection Set: 13.1ms
[2023-03-15T03:37:49.022+0000][69][gc,phases   ] GC(26)   Post Evacuate Collection Set: 3.5ms
[2023-03-15T03:37:49.023+0000][69][gc,phases   ] GC(26)   Other: 1.7ms
[2023-03-15T03:37:49.024+0000][69][gc,age      ] GC(26) Age table with threshold 15 (max threshold 15)
[2023-03-15T03:37:49.024+0000][69][gc,age      ] GC(26) - age   1:    7968120 bytes,    7968120 total
[2023-03-15T03:37:49.025+0000][69][gc,age      ] GC(26) - age   2:     127184 bytes,    8095304 total
[2023-03-15T03:37:49.025+0000][69][gc,age      ] GC(26) - age   3:    6533456 bytes,   14628760 total
[2023-03-15T03:37:49.026+0000][69][gc,heap     ] GC(26) Eden regions: 29->0(27)
[2023-03-15T03:37:49.027+0000][69][gc,heap     ] GC(26) Survivor regions: 3->4(4)
[2023-03-15T03:37:49.027+0000][69][gc,heap     ] GC(26) Old regions: 16->16
[2023-03-15T03:37:49.028+0000][69][gc,heap     ] GC(26) Archive regions: 2->2
[2023-03-15T03:37:49.029+0000][69][gc,heap     ] GC(26) Humongous regions: 0->0
[2023-03-15T03:37:49.029+0000][69][gc,metaspace] GC(26) Metaspace: 112019K(114944K)->112019K(114944K) NonClass: 97132K(98624K)->97132K(98624K) Class: 14886K(16320K)->14886K(16320K)
[2023-03-15T03:37:49.030+0000][69][gc          ] GC(26) Pause Young (Normal) (G1 Evacuation Pause) 190M->81M(256M) 29.303ms
[2023-03-15T03:37:49.030+0000][69][gc,cpu      ] GC(26) User=0.04s Sys=0.00s Real=0.03s
[2023-03-15T03:37:49.031+0000][69][safepoint   ] Safepoint "G1CollectForAllocation", Time since last: 367849241 ns, Reaching safepoint: 101903 ns, At safepoint: 30624199 ns, Total: 30726102 ns
[2023-03-15T03:37:49.816+0000][69][safepoint   ] Safepoint "ICBufferFull", Time since last: 784388606 ns, Reaching safepoint: 539189 ns, At safepoint: 11999 ns, Total: 551188 ns
[2023-03-15T03:37:50.780+0000][69][safepoint   ] Safepoint "ICBufferFull", Time since last: 964051584 ns, Reaching safepoint: 363970 ns, At safepoint: 26063 ns, Total: 390033 ns
[2023-03-15T03:37:51.960+0000][69][safepoint   ] Safepoint "ICBufferFull", Time since last: 1179742714 ns, Reaching safepoint: 264360 ns, At safepoint: 7899 ns, Total: 272259 ns
[2023-03-15T03:37:52.963+0000][69][safepoint   ] Safepoint "Cleanup", Time since last: 1001602310 ns, Reaching safepoint: 1052984 ns, At safepoint: 77153 ns, Total: 1130137 ns
[2023-03-15T03:37:52.968+0000][69][gc,start    ] GC(27) Pause Young (Normal) (G1 Evacuation Pause)
[2023-03-15T03:37:52.970+0000][69][gc,task     ] GC(27) Using 4 workers of 4 for evacuation
[2023-03-15T03:37:52.971+0000][69][gc,age      ] GC(27) Desired survivor size 8388608 bytes, new threshold 3 (max threshold 15)
[2023-03-15T03:37:52.996+0000][69][gc,phases   ] GC(27)   Pre Evacuate Collection Set: 0.1ms
[2023-03-15T03:37:52.998+0000][69][gc,phases   ] GC(27)   Merge Heap Roots: 0.4ms
[2023-03-15T03:37:52.999+0000][69][gc,phases   ] GC(27)   Evacuate Collection Set: 16.2ms
[2023-03-15T03:37:52.999+0000][69][gc,phases   ] GC(27)   Post Evacuate Collection Set: 7.2ms
[2023-03-15T03:37:53.000+0000][69][gc,phases   ] GC(27)   Other: 3.0ms
[2023-03-15T03:37:53.001+0000][69][gc,age      ] GC(27) Age table with threshold 3 (max threshold 15)
[2023-03-15T03:37:53.002+0000][69][gc,age      ] GC(27) - age   1:    9321864 bytes,    9321864 total
[2023-03-15T03:37:53.004+0000][69][gc,age      ] GC(27) - age   2:    6872888 bytes,   16194752 total
[2023-03-15T03:37:53.005+0000][69][gc,age      ] GC(27) - age   3:     126760 bytes,   16321512 total
[2023-03-15T03:37:53.005+0000][69][gc,heap     ] GC(27) Eden regions: 27->0(23)
[2023-03-15T03:37:53.006+0000][69][gc,heap     ] GC(27) Survivor regions: 4->4(4)
[2023-03-15T03:37:53.006+0000][69][gc,heap     ] GC(27) Old regions: 16->18
[2023-03-15T03:37:53.007+0000][69][gc,heap     ] GC(27) Archive regions: 2->2
[2023-03-15T03:37:53.007+0000][69][gc,heap     ] GC(27) Humongous regions: 2->2
[2023-03-15T03:37:53.008+0000][69][gc,metaspace] GC(27) Metaspace: 121596K(124736K)->121596K(124736K) NonClass: 105260K(106816K)->105260K(106816K) Class: 16336K(17920K)->16336K(17920K)
[2023-03-15T03:37:53.008+0000][69][gc          ] GC(27) Pause Young (Normal) (G1 Evacuation Pause) 197M->96M(256M) 40.518ms
[2023-03-15T03:37:53.009+0000][69][gc,cpu      ] GC(27) User=0.05s Sys=0.01s Real=0.04s
[2023-03-15T03:37:53.015+0000][69][safepoint   ] Safepoint "G1CollectForAllocation", Time since last: 4685693 ns, Reaching safepoint: 156104 ns, At safepoint: 47260274 ns, Total: 47416378 ns
[2023-03-15T03:37:53.765+0000][69][safepoint   ] Safepoint "ICBufferFull", Time since last: 748450397 ns, Reaching safepoint: 1508518 ns, At safepoint: 183276 ns, Total: 1691794 ns
[2023-03-15T03:37:54.767+0000][69][safepoint   ] Safepoint "Cleanup", Time since last: 1001169954 ns, Reaching safepoint: 547055 ns, At safepoint: 76611 ns, Total: 623666 ns
[2023-03-15T03:37:54.844+0000][69][gc,start    ] GC(28) Pause Young (Concurrent Start) (G1 Evacuation Pause)
[2023-03-15T03:37:54.845+0000][69][gc,task     ] GC(28) Using 4 workers of 4 for evacuation
[2023-03-15T03:37:54.846+0000][69][gc,age      ] GC(28) Desired survivor size 8388608 bytes, new threshold 1 (max threshold 15)
[2023-03-15T03:37:54.874+0000][69][gc,phases   ] GC(28)   Pre Evacuate Collection Set: 0.6ms
[2023-03-15T03:37:54.875+0000][69][gc,phases   ] GC(28)   Merge Heap Roots: 0.3ms
[2023-03-15T03:37:54.877+0000][69][gc,phases   ] GC(28)   Evacuate Collection Set: 24.3ms
[2023-03-15T03:37:54.878+0000][69][gc,phases   ] GC(28)   Post Evacuate Collection Set: 1.4ms
[2023-03-15T03:37:54.878+0000][69][gc,phases   ] GC(28)   Other: 2.7ms
[2023-03-15T03:37:54.880+0000][69][gc,age      ] GC(28) Age table with threshold 1 (max threshold 15)
[2023-03-15T03:37:54.880+0000][69][gc,age      ] GC(28) - age   1:    4034424 bytes,    4034424 total
[2023-03-15T03:37:54.881+0000][69][gc,heap     ] GC(28) Eden regions: 23->0(22)
[2023-03-15T03:37:54.882+0000][69][gc,heap     ] GC(28) Survivor regions: 4->2(4)
[2023-03-15T03:37:54.883+0000][69][gc,heap     ] GC(28) Old regions: 18->22
[2023-03-15T03:37:54.884+0000][69][gc,heap     ] GC(28) Archive regions: 2->2
[2023-03-15T03:37:54.885+0000][69][gc,heap     ] GC(28) Humongous regions: 2->2
[2023-03-15T03:37:54.886+0000][69][gc,metaspace] GC(28) Metaspace: 124578K(127744K)->124578K(127744K) NonClass: 107801K(109376K)->107801K(109376K) Class: 16777K(18368K)->16777K(18368K)
[2023-03-15T03:37:54.887+0000][69][gc          ] GC(28) Pause Young (Concurrent Start) (G1 Evacuation Pause) 188M->102M(256M) 42.890ms
[2023-03-15T03:37:54.889+0000][69][gc,cpu      ] GC(28) User=0.09s Sys=0.00s Real=0.04s
[2023-03-15T03:37:54.889+0000][69][gc          ] GC(29) Concurrent Mark Cycle
[2023-03-15T03:37:54.890+0000][69][gc,marking  ] GC(29) Concurrent Clear Claimed Marks
[2023-03-15T03:37:54.890+0000][69][safepoint   ] Safepoint "G1CollectForAllocation", Time since last: 76616378 ns, Reaching safepoint: 641339 ns, At safepoint: 45499863 ns, Total: 46141202 ns
[2023-03-15T03:37:54.893+0000][69][gc,marking  ] GC(29) Concurrent Clear Claimed Marks 2.833ms
[2023-03-15T03:37:54.896+0000][69][gc,marking  ] GC(29) Concurrent Scan Root Regions
[2023-03-15T03:37:54.924+0000][69][gc,marking  ] GC(29) Concurrent Scan Root Regions 28.582ms
[2023-03-15T03:37:54.926+0000][69][gc,marking  ] GC(29) Concurrent Mark
[2023-03-15T03:37:54.927+0000][69][gc,marking  ] GC(29) Concurrent Mark From Roots
[2023-03-15T03:37:54.929+0000][69][gc,task     ] GC(29) Using 1 workers of 1 for marking
[2023-03-15T03:37:55.097+0000][69][gc,marking  ] GC(29) Concurrent Mark From Roots 169.986ms
[2023-03-15T03:37:55.101+0000][69][gc,marking  ] GC(29) Concurrent Preclean
[2023-03-15T03:37:55.103+0000][69][gc,marking  ] GC(29) Concurrent Preclean 1.878ms
[2023-03-15T03:37:55.107+0000][69][gc,start    ] GC(29) Pause Remark
[2023-03-15T03:37:55.115+0000][69][gc          ] GC(29) Pause Remark 113M->113M(256M) 8.685ms
[2023-03-15T03:37:55.116+0000][69][gc,cpu      ] GC(29) User=0.02s Sys=0.00s Real=0.01s
[2023-03-15T03:37:55.117+0000][69][safepoint   ] Safepoint "G1PauseRemark", Time since last: 215781316 ns, Reaching safepoint: 988327 ns, At safepoint: 10268886 ns, Total: 11257213 ns
[2023-03-15T03:37:55.118+0000][69][gc,marking  ] GC(29) Concurrent Mark 191.926ms
[2023-03-15T03:37:55.118+0000][69][gc,marking  ] GC(29) Concurrent Rebuild Remembered Sets
[2023-03-15T03:37:55.291+0000][69][gc,marking  ] GC(29) Concurrent Rebuild Remembered Sets 172.775ms
[2023-03-15T03:37:55.313+0000][69][gc,start    ] GC(29) Pause Cleanup
[2023-03-15T03:37:55.319+0000][69][gc          ] GC(29) Pause Cleanup 115M->115M(256M) 5.404ms
[2023-03-15T03:37:55.322+0000][69][gc,cpu      ] GC(29) User=0.01s Sys=0.00s Real=0.01s
[2023-03-15T03:37:55.324+0000][69][safepoint   ] Safepoint "G1PauseCleanup", Time since last: 196208332 ns, Reaching safepoint: 101321 ns, At safepoint: 11167172 ns, Total: 11268493 ns
[2023-03-15T03:37:55.327+0000][69][gc,marking  ] GC(29) Concurrent Cleanup for Next Mark
[2023-03-15T03:37:55.338+0000][69][gc,marking  ] GC(29) Concurrent Cleanup for Next Mark 10.860ms
[2023-03-15T03:37:55.340+0000][69][gc          ] GC(29) Concurrent Mark Cycle 451.237ms
[2023-03-15T03:37:56.327+0000][69][safepoint   ] Safepoint "Cleanup", Time since last: 1002663248 ns, Reaching safepoint: 110535 ns, At safepoint: 3047 ns, Total: 113582 ns
[2023-03-15T03:37:57.329+0000][69][safepoint   ] Safepoint "Cleanup", Time since last: 1001391834 ns, Reaching safepoint: 78476 ns, At safepoint: 2790 ns, Total: 81266 ns
[2023-03-15T03:37:58.330+0000][69][safepoint   ] Safepoint "Cleanup", Time since last: 1000874276 ns, Reaching safepoint: 73016 ns, At safepoint: 3288 ns, Total: 76304 ns
[2023-03-15T03:37:59.331+0000][69][safepoint   ] Safepoint "Cleanup", Time since last: 1000956511 ns, Reaching safepoint: 84693 ns, At safepoint: 3358 ns, Total: 88051 ns
[2023-03-15T03:38:00.332+0000][69][safepoint   ] Safepoint "Cleanup", Time since last: 1001226449 ns, Reaching safepoint: 154864 ns, At safepoint: 3513 ns, Total: 158377 ns
[2023-03-15T03:38:02.180+0000][69][safepoint   ] Safepoint "Cleanup", Time since last: 1847712865 ns, Reaching safepoint: 248243 ns, At safepoint: 4447 ns, Total: 252690 ns
[2023-03-15T03:38:03.182+0000][69][safepoint   ] Safepoint "Cleanup", Time since last: 1002000395 ns, Reaching safepoint: 133885 ns, At safepoint: 14813 ns, Total: 148698 ns
[2023-03-15T03:38:04.183+0000][69][safepoint   ] Safepoint "Cleanup", Time since last: 1000821695 ns, Reaching safepoint: 109291 ns, At safepoint: 4349 ns, Total: 113640 ns
[2023-03-15T03:38:05.184+0000][69][safepoint   ] Safepoint "Cleanup", Time since last: 1001170214 ns, Reaching safepoint: 122289 ns, At safepoint: 26134 ns, Total: 148423 ns
[2023-03-15T03:38:05.817+0000][69][safepoint   ] Safepoint "ICBufferFull", Time since last: 632028657 ns, Reaching safepoint: 682501 ns, At safepoint: 77514 ns, Total: 760015 ns
[2023-03-15T03:38:05.927+0000][69][gc,start    ] GC(30) Pause Young (Normal) (G1 Evacuation Pause)
[2023-03-15T03:38:05.928+0000][69][gc,task     ] GC(30) Using 4 workers of 4 for evacuation
[2023-03-15T03:38:05.928+0000][69][gc,age      ] GC(30) Desired survivor size 6291456 bytes, new threshold 15 (max threshold 15)
[2023-03-15T03:38:05.943+0000][69][gc,phases   ] GC(30)   Pre Evacuate Collection Set: 0.2ms
[2023-03-15T03:38:05.943+0000][69][gc,phases   ] GC(30)   Merge Heap Roots: 0.2ms
[2023-03-15T03:38:05.944+0000][69][gc,phases   ] GC(30)   Evacuate Collection Set: 11.3ms
[2023-03-15T03:38:05.945+0000][69][gc,phases   ] GC(30)   Post Evacuate Collection Set: 1.6ms
[2023-03-15T03:38:05.946+0000][69][gc,phases   ] GC(30)   Other: 1.7ms
[2023-03-15T03:38:05.947+0000][69][gc,age      ] GC(30) Age table with threshold 15 (max threshold 15)
[2023-03-15T03:38:05.947+0000][69][gc,age      ] GC(30) - age   1:    4906984 bytes,    4906984 total
[2023-03-15T03:38:05.948+0000][69][gc,age      ] GC(30) - age   2:    3125872 bytes,    8032856 total
[2023-03-15T03:38:05.948+0000][69][gc,heap     ] GC(30) Eden regions: 22->0(21)
[2023-03-15T03:38:05.949+0000][69][gc,heap     ] GC(30) Survivor regions: 2->3(3)
[2023-03-15T03:38:05.950+0000][69][gc,heap     ] GC(30) Old regions: 22->22
[2023-03-15T03:38:05.951+0000][69][gc,heap     ] GC(30) Archive regions: 2->2
[2023-03-15T03:38:05.952+0000][69][gc,heap     ] GC(30) Humongous regions: 2->2
[2023-03-15T03:38:05.952+0000][69][gc,metaspace] GC(30) Metaspace: 129586K(132800K)->129586K(132800K) NonClass: 112091K(113728K)->112091K(113728K) Class: 17495K(19072K)->17495K(19072K)
[2023-03-15T03:38:05.953+0000][69][gc          ] GC(30) Pause Young (Normal) (G1 Evacuation Pause) 190M->105M(256M) 25.904ms
[2023-03-15T03:38:05.953+0000][69][gc,cpu      ] GC(30) User=0.04s Sys=0.00s Real=0.03s
[2023-03-15T03:38:05.954+0000][69][safepoint   ] Safepoint "G1CollectForAllocation", Time since last: 109020270 ns, Reaching safepoint: 652521 ns, At safepoint: 27564313 ns, Total: 28216834 ns
[2023-03-15T03:38:06.482+0000][69][safepoint   ] Safepoint "ICBufferFull", Time since last: 527768330 ns, Reaching safepoint: 255330 ns, At safepoint: 41691 ns, Total: 297021 ns
[2023-03-15T03:38:07.166+0000][69][safepoint   ] Safepoint "ICBufferFull", Time since last: 682685222 ns, Reaching safepoint: 460026 ns, At safepoint: 33517 ns, Total: 493543 ns
[2023-03-15T03:38:07.927+0000][69][safepoint   ] Safepoint "ICBufferFull", Time since last: 761308823 ns, Reaching safepoint: 216271 ns, At safepoint: 4890 ns, Total: 221161 ns
[2023-03-15T03:38:08.561+0000][69][safepoint   ] Safepoint "ICBufferFull", Time since last: 633605056 ns, Reaching safepoint: 234607 ns, At safepoint: 32586 ns, Total: 267193 ns
[2023-03-15T03:38:09.362+0000][69][safepoint   ] Safepoint "ICBufferFull", Time since last: 800370259 ns, Reaching safepoint: 608995 ns, At safepoint: 59946 ns, Total: 668941 ns
[2023-03-15T03:38:10.364+0000][69][safepoint   ] Safepoint "Cleanup", Time since last: 1001200899 ns, Reaching safepoint: 420598 ns, At safepoint: 36303 ns, Total: 456901 ns
[2023-03-15T03:38:10.794+0000][69][gc,start    ] GC(31) Pause Young (Concurrent Start) (G1 Evacuation Pause)
[2023-03-15T03:38:10.794+0000][69][gc,task     ] GC(31) Using 4 workers of 4 for evacuation
[2023-03-15T03:38:10.796+0000][69][gc,age      ] GC(31) Desired survivor size 6291456 bytes, new threshold 2 (max threshold 15)
[2023-03-15T03:38:10.805+0000][69][gc,phases   ] GC(31)   Pre Evacuate Collection Set: 0.5ms
[2023-03-15T03:38:10.807+0000][69][gc,phases   ] GC(31)   Merge Heap Roots: 0.1ms
[2023-03-15T03:38:10.808+0000][69][gc,phases   ] GC(31)   Evacuate Collection Set: 6.5ms
[2023-03-15T03:38:10.809+0000][69][gc,phases   ] GC(31)   Post Evacuate Collection Set: 1.4ms
[2023-03-15T03:38:10.809+0000][69][gc,phases   ] GC(31)   Other: 2.3ms
[2023-03-15T03:38:10.809+0000][69][gc,age      ] GC(31) Age table with threshold 2 (max threshold 15)
[2023-03-15T03:38:10.810+0000][69][gc,age      ] GC(31) - age   1:    4904856 bytes,    4904856 total
[2023-03-15T03:38:10.810+0000][69][gc,age      ] GC(31) - age   2:    3668576 bytes,    8573432 total
[2023-03-15T03:38:10.811+0000][69][gc,heap     ] GC(31) Eden regions: 21->0(21)
[2023-03-15T03:38:10.812+0000][69][gc,heap     ] GC(31) Survivor regions: 3->3(3)
[2023-03-15T03:38:10.812+0000][69][gc,heap     ] GC(31) Old regions: 22->22
[2023-03-15T03:38:10.813+0000][69][gc,heap     ] GC(31) Archive regions: 2->2
[2023-03-15T03:38:10.813+0000][69][gc,heap     ] GC(31) Humongous regions: 2->2
[2023-03-15T03:38:10.814+0000][69][gc,metaspace] GC(31) Metaspace: 132192K(135424K)->132192K(135424K) NonClass: 114413K(116096K)->114413K(116096K) Class: 17779K(19328K)->17779K(19328K)
[2023-03-15T03:38:10.815+0000][69][gc          ] GC(31) Pause Young (Concurrent Start) (G1 Evacuation Pause) 189M->108M(256M) 21.141ms
[2023-03-15T03:38:10.815+0000][69][gc,cpu      ] GC(31) User=0.03s Sys=0.00s Real=0.02s
[2023-03-15T03:38:10.815+0000][69][gc          ] GC(32) Concurrent Mark Cycle
[2023-03-15T03:38:10.817+0000][69][gc,marking  ] GC(32) Concurrent Clear Claimed Marks
[2023-03-15T03:38:10.816+0000][69][safepoint   ] Safepoint "G1CollectForAllocation", Time since last: 429633100 ns, Reaching safepoint: 264557 ns, At safepoint: 22478260 ns, Total: 22742817 ns
[2023-03-15T03:38:10.818+0000][69][gc,marking  ] GC(32) Concurrent Clear Claimed Marks 1.029ms
[2023-03-15T03:38:10.820+0000][69][gc,marking  ] GC(32) Concurrent Scan Root Regions
[2023-03-15T03:38:10.843+0000][69][gc,marking  ] GC(32) Concurrent Scan Root Regions 22.191ms
[2023-03-15T03:38:10.843+0000][69][gc,marking  ] GC(32) Concurrent Mark
[2023-03-15T03:38:10.844+0000][69][gc,marking  ] GC(32) Concurrent Mark From Roots
[2023-03-15T03:38:10.846+0000][69][gc,task     ] GC(32) Using 1 workers of 1 for marking
[2023-03-15T03:38:10.946+0000][69][gc,marking  ] GC(32) Concurrent Mark From Roots 102.071ms
[2023-03-15T03:38:10.947+0000][69][gc,marking  ] GC(32) Concurrent Preclean
[2023-03-15T03:38:10.948+0000][69][gc,marking  ] GC(32) Concurrent Preclean 0.951ms
[2023-03-15T03:38:10.949+0000][69][gc,start    ] GC(32) Pause Remark
[2023-03-15T03:38:10.964+0000][69][gc          ] GC(32) Pause Remark 109M->109M(256M) 14.682ms
[2023-03-15T03:38:10.965+0000][69][gc,cpu      ] GC(32) User=0.04s Sys=0.00s Real=0.02s
[2023-03-15T03:38:10.967+0000][69][safepoint   ] Safepoint "G1PauseRemark", Time since last: 132870641 ns, Reaching safepoint: 169405 ns, At safepoint: 17430245 ns, Total: 17599650 ns
[2023-03-15T03:38:10.967+0000][69][gc,marking  ] GC(32) Concurrent Mark 123.878ms
[2023-03-15T03:38:10.968+0000][69][gc,marking  ] GC(32) Concurrent Rebuild Remembered Sets
[2023-03-15T03:38:11.030+0000][69][gc,marking  ] GC(32) Concurrent Rebuild Remembered Sets 61.758ms
[2023-03-15T03:38:11.036+0000][69][gc,start    ] GC(32) Pause Cleanup
[2023-03-15T03:38:11.037+0000][69][gc          ] GC(32) Pause Cleanup 109M->109M(256M) 0.973ms
[2023-03-15T03:38:11.039+0000][69][gc,cpu      ] GC(32) User=0.00s Sys=0.00s Real=0.00s
[2023-03-15T03:38:11.039+0000][69][safepoint   ] Safepoint "G1PauseCleanup", Time since last: 64229244 ns, Reaching safepoint: 5649156 ns, At safepoint: 2991790 ns, Total: 8640946 ns
[2023-03-15T03:38:11.040+0000][69][gc,marking  ] GC(32) Concurrent Cleanup for Next Mark
[2023-03-15T03:38:11.041+0000][69][gc,marking  ] GC(32) Concurrent Cleanup for Next Mark 1.143ms
[2023-03-15T03:38:11.042+0000][69][gc          ] GC(32) Concurrent Mark Cycle 226.362ms
[2023-03-15T03:38:12.046+0000][69][safepoint   ] Safepoint "Cleanup", Time since last: 1002290420 ns, Reaching safepoint: 4306709 ns, At safepoint: 145567 ns, Total: 4452276 ns
[2023-03-15T03:38:12.448+0000][69][safepoint   ] Safepoint "ICBufferFull", Time since last: 401232869 ns, Reaching safepoint: 283171 ns, At safepoint: 32093 ns, Total: 315264 ns
[2023-03-15T03:38:12.878+0000][69][safepoint   ] Safepoint "ICBufferFull", Time since last: 429863528 ns, Reaching safepoint: 258226 ns, At safepoint: 191564 ns, Total: 449790 ns
[2023-03-15T03:38:12.985+0000][69][gc,start    ] GC(33) Pause Young (Prepare Mixed) (G1 Evacuation Pause)
[2023-03-15T03:38:12.986+0000][69][gc,task     ] GC(33) Using 4 workers of 4 for evacuation
[2023-03-15T03:38:12.987+0000][69][gc,age      ] GC(33) Desired survivor size 6291456 bytes, new threshold 2 (max threshold 15)
[2023-03-15T03:38:12.997+0000][69][gc,phases   ] GC(33)   Pre Evacuate Collection Set: 0.1ms
[2023-03-15T03:38:12.998+0000][69][gc,phases   ] GC(33)   Merge Heap Roots: 0.1ms
[2023-03-15T03:38:12.999+0000][69][gc,phases   ] GC(33)   Evacuate Collection Set: 8.1ms
[2023-03-15T03:38:12.999+0000][69][gc,phases   ] GC(33)   Post Evacuate Collection Set: 1.2ms
[2023-03-15T03:38:13.000+0000][69][gc,phases   ] GC(33)   Other: 2.0ms
[2023-03-15T03:38:13.001+0000][69][gc,age      ] GC(33) Age table with threshold 2 (max threshold 15)
[2023-03-15T03:38:13.001+0000][69][gc,age      ] GC(33) - age   1:    3204528 bytes,    3204528 total
[2023-03-15T03:38:13.001+0000][69][gc,age      ] GC(33) - age   2:    4205608 bytes,    7410136 total
[2023-03-15T03:38:13.002+0000][69][gc,heap     ] GC(33) Eden regions: 21->0(1)
[2023-03-15T03:38:13.002+0000][69][gc,heap     ] GC(33) Survivor regions: 3->2(3)
[2023-03-15T03:38:13.003+0000][69][gc,heap     ] GC(33) Old regions: 22->23
[2023-03-15T03:38:13.003+0000][69][gc,heap     ] GC(33) Archive regions: 2->2
[2023-03-15T03:38:13.003+0000][69][gc,heap     ] GC(33) Humongous regions: 2->2
[2023-03-15T03:38:13.004+0000][69][gc,metaspace] GC(33) Metaspace: 134094K(137472K)->134094K(137472K) NonClass: 116109K(117888K)->116109K(117888K) Class: 17985K(19584K)->17985K(19584K)
[2023-03-15T03:38:13.004+0000][69][gc          ] GC(33) Pause Young (Prepare Mixed) (G1 Evacuation Pause) 192M->111M(256M) 19.529ms
[2023-03-15T03:38:13.005+0000][69][gc,cpu      ] GC(33) User=0.03s Sys=0.00s Real=0.02s
[2023-03-15T03:38:13.006+0000][69][safepoint   ] Safepoint "G1CollectForAllocation", Time since last: 106598434 ns, Reaching safepoint: 190224 ns, At safepoint: 20927888 ns, Total: 21118112 ns
[2023-03-15T03:38:13.108+0000][69][gc,start    ] GC(34) Pause Young (Mixed) (G1 Evacuation Pause)
[2023-03-15T03:38:13.109+0000][69][gc,task     ] GC(34) Using 4 workers of 4 for evacuation
[2023-03-15T03:38:13.110+0000][69][gc,age      ] GC(34) Desired survivor size 2097152 bytes, new threshold 1 (max threshold 15)
[2023-03-15T03:38:13.117+0000][69][gc,phases   ] GC(34)   Pre Evacuate Collection Set: 0.1ms
[2023-03-15T03:38:13.118+0000][69][gc,phases   ] GC(34)   Merge Heap Roots: 0.1ms
[2023-03-15T03:38:13.118+0000][69][gc,phases   ] GC(34)   Evacuate Collection Set: 5.2ms
[2023-03-15T03:38:13.119+0000][69][gc,phases   ] GC(34)   Post Evacuate Collection Set: 1.2ms
[2023-03-15T03:38:13.119+0000][69][gc,phases   ] GC(34)   Other: 1.3ms
[2023-03-15T03:38:13.120+0000][69][gc,age      ] GC(34) Age table with threshold 1 (max threshold 15)
[2023-03-15T03:38:13.120+0000][69][gc,age      ] GC(34) - age   1:      18760 bytes,      18760 total
[2023-03-15T03:38:13.121+0000][69][gc,heap     ] GC(34) Eden regions: 1->0(20)
[2023-03-15T03:38:13.121+0000][69][gc,heap     ] GC(34) Survivor regions: 2->1(1)
[2023-03-15T03:38:13.122+0000][69][gc,heap     ] GC(34) Old regions: 23->25
[2023-03-15T03:38:13.122+0000][69][gc,heap     ] GC(34) Archive regions: 2->2
[2023-03-15T03:38:13.123+0000][69][gc,heap     ] GC(34) Humongous regions: 2->2
[2023-03-15T03:38:13.123+0000][69][gc,metaspace] GC(34) Metaspace: 134170K(137536K)->134170K(137536K) NonClass: 116182K(117952K)->116182K(117952K) Class: 17988K(19584K)->17988K(19584K)
[2023-03-15T03:38:13.123+0000][69][gc          ] GC(34) Pause Young (Mixed) (G1 Evacuation Pause) 115M->111M(256M) 15.518ms
[2023-03-15T03:38:13.124+0000][69][gc,cpu      ] GC(34) User=0.01s Sys=0.00s Real=0.02s
[2023-03-15T03:38:13.125+0000][69][safepoint   ] Safepoint "G1CollectForAllocation", Time since last: 101913508 ns, Reaching safepoint: 255905 ns, At safepoint: 16650277 ns, Total: 16906182 ns
[2023-03-15T03:38:14.126+0000][69][safepoint   ] Safepoint "Cleanup", Time since last: 1000883751 ns, Reaching safepoint: 317551 ns, At safepoint: 14599 ns, Total: 332150 ns
[2023-03-15T03:38:14.945+0000][69][safepoint   ] Safepoint "ICBufferFull", Time since last: 819355241 ns, Reaching safepoint: 256157 ns, At safepoint: 9620 ns, Total: 265777 ns
[2023-03-15T03:38:15.947+0000][69][safepoint   ] Safepoint "Cleanup", Time since last: 1001105082 ns, Reaching safepoint: 193047 ns, At safepoint: 15696 ns, Total: 208743 ns
[2023-03-15T03:38:16.149+0000][69][safepoint   ] Safepoint "ICBufferFull", Time since last: 202234324 ns, Reaching safepoint: 281898 ns, At safepoint: 44175 ns, Total: 326073 ns
[2023-03-15T03:38:17.151+0000][69][safepoint   ] Safepoint "Cleanup", Time since last: 1001260708 ns, Reaching safepoint: 328100 ns, At safepoint: 11691 ns, Total: 339791 ns
[2023-03-15T03:38:18.131+0000][69][safepoint   ] Safepoint "Cleanup", Time since last: 1002889450 ns, Reaching safepoint: 562706 ns, At safepoint: 11991 ns, Total: 574697 ns
[2023-03-15T03:38:19.136+0000][69][safepoint   ] Safepoint "Cleanup", Time since last: 1004238367 ns, Reaching safepoint: 205256 ns, At safepoint: 25311 ns, Total: 230567 ns
[2023-03-15T03:38:20.139+0000][69][safepoint   ] Safepoint "Cleanup", Time since last: 1002596433 ns, Reaching safepoint: 317816 ns, At safepoint: 13588 ns, Total: 331404 ns
[2023-03-15T03:38:21.143+0000][69][safepoint   ] Safepoint "Cleanup", Time since last: 1002844059 ns, Reaching safepoint: 928649 ns, At safepoint: 47551 ns, Total: 976200 ns
[2023-03-15T03:38:22.147+0000][69][safepoint   ] Safepoint "Cleanup", Time since last: 1003753020 ns, Reaching safepoint: 448785 ns, At safepoint: 18527 ns, Total: 467312 ns
[2023-03-15T03:38:23.152+0000][69][safepoint   ] Safepoint "Cleanup", Time since last: 1004307166 ns, Reaching safepoint: 776573 ns, At safepoint: 39525 ns, Total: 816098 ns
[2023-03-15T03:38:23.235+0000][69][gc,start    ] GC(35) Pause Young (Concurrent Start) (G1 Evacuation Pause)
[2023-03-15T03:38:23.237+0000][69][gc,task     ] GC(35) Using 4 workers of 4 for evacuation
[2023-03-15T03:38:23.238+0000][69][gc,age      ] GC(35) Desired survivor size 6291456 bytes, new threshold 15 (max threshold 15)
[2023-03-15T03:38:23.248+0000][69][gc,phases   ] GC(35)   Pre Evacuate Collection Set: 1.0ms
[2023-03-15T03:38:23.249+0000][69][gc,phases   ] GC(35)   Merge Heap Roots: 0.4ms
[2023-03-15T03:38:23.250+0000][69][gc,phases   ] GC(35)   Evacuate Collection Set: 5.1ms
[2023-03-15T03:38:23.251+0000][69][gc,phases   ] GC(35)   Post Evacuate Collection Set: 1.2ms
[2023-03-15T03:38:23.252+0000][69][gc,phases   ] GC(35)   Other: 3.7ms
[2023-03-15T03:38:23.253+0000][69][gc,age      ] GC(35) Age table with threshold 15 (max threshold 15)
[2023-03-15T03:38:23.254+0000][69][gc,age      ] GC(35) - age   1:    2056384 bytes,    2056384 total
[2023-03-15T03:38:23.255+0000][69][gc,age      ] GC(35) - age   2:      10072 bytes,    2066456 total
[2023-03-15T03:38:23.256+0000][69][gc,heap     ] GC(35) Eden regions: 20->0(21)
[2023-03-15T03:38:23.257+0000][69][gc,heap     ] GC(35) Survivor regions: 1->1(3)
[2023-03-15T03:38:23.258+0000][69][gc,heap     ] GC(35) Old regions: 25->25
[2023-03-15T03:38:23.259+0000][69][gc,heap     ] GC(35) Archive regions: 2->2
[2023-03-15T03:38:23.260+0000][69][gc,heap     ] GC(35) Humongous regions: 2->2
[2023-03-15T03:38:23.260+0000][69][gc,metaspace] GC(35) Metaspace: 135365K(138752K)->135365K(138752K) NonClass: 117303K(119040K)->117303K(119040K) Class: 18061K(19712K)->18061K(19712K)
[2023-03-15T03:38:23.261+0000][69][gc          ] GC(35) Pause Young (Concurrent Start) (G1 Evacuation Pause) 191M->112M(256M) 26.519ms
[2023-03-15T03:38:23.262+0000][69][gc          ] GC(36) Concurrent Mark Cycle
[2023-03-15T03:38:23.262+0000][69][gc,marking  ] GC(36) Concurrent Clear Claimed Marks
[2023-03-15T03:38:23.262+0000][69][gc,cpu      ] GC(35) User=0.02s Sys=0.00s Real=0.03s
[2023-03-15T03:38:23.264+0000][69][gc,marking  ] GC(36) Concurrent Clear Claimed Marks 1.046ms
[2023-03-15T03:38:23.266+0000][69][gc,marking  ] GC(36) Concurrent Scan Root Regions
[2023-03-15T03:38:23.264+0000][69][safepoint   ] Safepoint "G1CollectForAllocation", Time since last: 82079777 ns, Reaching safepoint: 538287 ns, At safepoint: 29913501 ns, Total: 30451788 ns
[2023-03-15T03:38:23.270+0000][69][gc,marking  ] GC(36) Concurrent Scan Root Regions 3.832ms
[2023-03-15T03:38:23.271+0000][69][gc,marking  ] GC(36) Concurrent Mark
[2023-03-15T03:38:23.271+0000][69][gc,marking  ] GC(36) Concurrent Mark From Roots
[2023-03-15T03:38:23.272+0000][69][gc,task     ] GC(36) Using 1 workers of 1 for marking
[2023-03-15T03:38:23.378+0000][69][gc,marking  ] GC(36) Concurrent Mark From Roots 106.713ms
[2023-03-15T03:38:23.379+0000][69][gc,marking  ] GC(36) Concurrent Preclean
[2023-03-15T03:38:23.380+0000][69][gc,marking  ] GC(36) Concurrent Preclean 0.925ms
[2023-03-15T03:38:23.382+0000][69][gc,start    ] GC(36) Pause Remark
[2023-03-15T03:38:23.397+0000][69][gc          ] GC(36) Pause Remark 114M->114M(256M) 15.325ms
[2023-03-15T03:38:23.398+0000][69][gc,cpu      ] GC(36) User=0.04s Sys=0.00s Real=0.01s
[2023-03-15T03:38:23.400+0000][69][safepoint   ] Safepoint "G1PauseRemark", Time since last: 117161382 ns, Reaching safepoint: 125235 ns, At safepoint: 17907501 ns, Total: 18032736 ns
[2023-03-15T03:38:23.402+0000][69][gc,marking  ] GC(36) Concurrent Mark 130.977ms
[2023-03-15T03:38:23.421+0000][69][gc,marking  ] GC(36) Concurrent Rebuild Remembered Sets
[2023-03-15T03:38:23.476+0000][69][gc,marking  ] GC(36) Concurrent Rebuild Remembered Sets 55.341ms
[2023-03-15T03:38:23.477+0000][69][gc,start    ] GC(36) Pause Cleanup
[2023-03-15T03:38:23.478+0000][69][gc          ] GC(36) Pause Cleanup 114M->114M(256M) 0.991ms
[2023-03-15T03:38:23.479+0000][69][gc,cpu      ] GC(36) User=0.00s Sys=0.00s Real=0.01s
[2023-03-15T03:38:23.479+0000][69][safepoint   ] Safepoint "G1PauseCleanup", Time since last: 77268240 ns, Reaching safepoint: 74259 ns, At safepoint: 2012837 ns, Total: 2087096 ns
[2023-03-15T03:38:23.480+0000][69][gc,marking  ] GC(36) Concurrent Cleanup for Next Mark
[2023-03-15T03:38:23.480+0000][69][gc,marking  ] GC(36) Concurrent Cleanup for Next Mark 0.842ms
[2023-03-15T03:38:23.481+0000][69][gc          ] GC(36) Concurrent Mark Cycle 219.037ms
[2023-03-15T03:38:24.481+0000][69][safepoint   ] Safepoint "Cleanup", Time since last: 1001832977 ns, Reaching safepoint: 244229 ns, At safepoint: 11363 ns, Total: 255592 ns
[2023-03-15T03:38:25.486+0000][69][safepoint   ] Safepoint "Cleanup", Time since last: 1004838862 ns, Reaching safepoint: 298283 ns, At safepoint: 11499 ns, Total: 309782 ns
[2023-03-15T03:38:26.490+0000][69][safepoint   ] Safepoint "Cleanup", Time since last: 1003246123 ns, Reaching safepoint: 143956 ns, At safepoint: 30167 ns, Total: 174123 ns
[2023-03-15T03:38:27.870+0000][69][safepoint   ] Safepoint "Cleanup", Time since last: 1002000568 ns, Reaching safepoint: 377587736 ns, At safepoint: 813557 ns, Total: 378401293 ns
[2023-03-15T03:38:28.878+0000][69][safepoint   ] Safepoint "Cleanup", Time since last: 1007667284 ns, Reaching safepoint: 112070 ns, At safepoint: 25090 ns, Total: 137160 ns
[2023-03-15T03:38:29.879+0000][69][safepoint   ] Safepoint "Cleanup", Time since last: 1001281290 ns, Reaching safepoint: 272527 ns, At safepoint: 5592 ns, Total: 278119 ns
[2023-03-15T03:38:30.881+0000][69][safepoint   ] Safepoint "Cleanup", Time since last: 1001308362 ns, Reaching safepoint: 274401 ns, At safepoint: 9984 ns, Total: 284385 ns
[2023-03-15T03:38:31.885+0000][69][safepoint   ] Safepoint "Cleanup", Time since last: 1003461152 ns, Reaching safepoint: 510459 ns, At safepoint: 31176 ns, Total: 541635 ns
[2023-03-15T03:38:32.888+0000][69][safepoint   ] Safepoint "Cleanup", Time since last: 1002407210 ns, Reaching safepoint: 202531 ns, At safepoint: 59109 ns, Total: 261640 ns
[2023-03-15T03:38:33.889+0000][69][safepoint   ] Safepoint "Cleanup", Time since last: 1001341662 ns, Reaching safepoint: 368742 ns, At safepoint: 62146 ns, Total: 430888 ns
[2023-03-15T03:38:34.893+0000][69][safepoint   ] Safepoint "Cleanup", Time since last: 1003139043 ns, Reaching safepoint: 310049 ns, At safepoint: 19783 ns, Total: 329832 ns
[2023-03-15T03:38:35.896+0000][69][safepoint   ] Safepoint "Cleanup", Time since last: 1002291332 ns, Reaching safepoint: 288992 ns, At safepoint: 55734 ns, Total: 344726 ns
[2023-03-15T03:38:36.898+0000][69][safepoint   ] Safepoint "Cleanup", Time since last: 1002067004 ns, Reaching safepoint: 168176 ns, At safepoint: 5819 ns, Total: 173995 ns
[2023-03-15T03:38:37.902+0000][69][safepoint   ] Safepoint "Cleanup", Time since last: 1003861267 ns, Reaching safepoint: 627055 ns, At safepoint: 59464 ns, Total: 686519 ns
[2023-03-15T03:38:38.941+0000][69][gc,start    ] GC(37) Pause Young (Prepare Mixed) (G1 Evacuation Pause)
[2023-03-15T03:38:38.943+0000][69][gc,task     ] GC(37) Using 4 workers of 4 for evacuation
[2023-03-15T03:38:38.944+0000][69][gc,age      ] GC(37) Desired survivor size 6291456 bytes, new threshold 15 (max threshold 15)
[2023-03-15T03:38:38.952+0000][69][gc,phases   ] GC(37)   Pre Evacuate Collection Set: 0.2ms
[2023-03-15T03:38:38.953+0000][69][gc,phases   ] GC(37)   Merge Heap Roots: 0.1ms
[2023-03-15T03:38:38.954+0000][69][gc,phases   ] GC(37)   Evacuate Collection Set: 4.1ms
[2023-03-15T03:38:38.954+0000][69][gc,phases   ] GC(37)   Post Evacuate Collection Set: 1.0ms
[2023-03-15T03:38:38.955+0000][69][gc,phases   ] GC(37)   Other: 3.9ms
[2023-03-15T03:38:38.955+0000][69][gc,age      ] GC(37) Age table with threshold 15 (max threshold 15)
[2023-03-15T03:38:38.956+0000][69][gc,age      ] GC(37) - age   1:    2332952 bytes,    2332952 total
[2023-03-15T03:38:38.956+0000][69][gc,age      ] GC(37) - age   2:    1216704 bytes,    3549656 total
[2023-03-15T03:38:38.956+0000][69][gc,age      ] GC(37) - age   3:      10040 bytes,    3559696 total
[2023-03-15T03:38:38.957+0000][69][gc,heap     ] GC(37) Eden regions: 21->0(2)
[2023-03-15T03:38:38.957+0000][69][gc,heap     ] GC(37) Survivor regions: 1->1(3)
[2023-03-15T03:38:38.958+0000][69][gc,heap     ] GC(37) Old regions: 25->25
[2023-03-15T03:38:38.958+0000][69][gc,heap     ] GC(37) Archive regions: 2->2
[2023-03-15T03:38:38.959+0000][69][gc,heap     ] GC(37) Humongous regions: 2->2
[2023-03-15T03:38:38.960+0000][69][gc,metaspace] GC(37) Metaspace: 135918K(139328K)->135918K(139328K) NonClass: 117827K(119616K)->117827K(119616K) Class: 18090K(19712K)->18090K(19712K)
[2023-03-15T03:38:38.961+0000][69][gc          ] GC(37) Pause Young (Prepare Mixed) (G1 Evacuation Pause) 196M->113M(256M) 19.763ms
[2023-03-15T03:38:38.962+0000][69][gc,cpu      ] GC(37) User=0.01s Sys=0.01s Real=0.02s
[2023-03-15T03:38:38.963+0000][69][safepoint   ] Safepoint "G1CollectForAllocation", Time since last: 1038691400 ns, Reaching safepoint: 311210 ns, At safepoint: 21414390 ns, Total: 21725600 ns
[2023-03-15T03:38:39.964+0000][69][safepoint   ] Safepoint "Cleanup", Time since last: 1001394641 ns, Reaching safepoint: 186082 ns, At safepoint: 4831 ns, Total: 190913 ns
[2023-03-15T03:38:40.387+0000][69][gc,start    ] GC(38) Pause Young (Mixed) (G1 Evacuation Pause)
[2023-03-15T03:38:40.388+0000][69][gc,task     ] GC(38) Using 4 workers of 4 for evacuation
[2023-03-15T03:38:40.389+0000][69][gc,age      ] GC(38) Desired survivor size 2097152 bytes, new threshold 1 (max threshold 15)
[2023-03-15T03:38:40.398+0000][69][gc,phases   ] GC(38)   Pre Evacuate Collection Set: 0.2ms
[2023-03-15T03:38:40.400+0000][69][gc,phases   ] GC(38)   Merge Heap Roots: 0.1ms
[2023-03-15T03:38:40.400+0000][69][gc,phases   ] GC(38)   Evacuate Collection Set: 4.8ms
[2023-03-15T03:38:40.401+0000][69][gc,phases   ] GC(38)   Post Evacuate Collection Set: 2.3ms
[2023-03-15T03:38:40.402+0000][69][gc,phases   ] GC(38)   Other: 2.0ms
[2023-03-15T03:38:40.403+0000][69][gc,age      ] GC(38) Age table with threshold 1 (max threshold 15)
[2023-03-15T03:38:40.404+0000][69][gc,age      ] GC(38) - age   1:     629648 bytes,     629648 total
[2023-03-15T03:38:40.405+0000][69][gc,heap     ] GC(38) Eden regions: 2->0(21)
[2023-03-15T03:38:40.406+0000][69][gc,heap     ] GC(38) Survivor regions: 1->1(1)
[2023-03-15T03:38:40.406+0000][69][gc,heap     ] GC(38) Old regions: 25->25
[2023-03-15T03:38:40.407+0000][69][gc,heap     ] GC(38) Archive regions: 2->2
[2023-03-15T03:38:40.408+0000][69][gc,heap     ] GC(38) Humongous regions: 2->2
[2023-03-15T03:38:40.408+0000][69][gc,metaspace] GC(38) Metaspace: 135952K(139328K)->135952K(139328K) NonClass: 117860K(119616K)->117860K(119616K) Class: 18091K(19712K)->18091K(19712K)
[2023-03-15T03:38:40.410+0000][69][gc          ] GC(38) Pause Young (Mixed) (G1 Evacuation Pause) 121M->111M(256M) 22.421ms
[2023-03-15T03:38:40.411+0000][69][gc,cpu      ] GC(38) User=0.02s Sys=0.00s Real=0.03s
[2023-03-15T03:38:40.412+0000][69][safepoint   ] Safepoint "G1CollectForAllocation", Time since last: 422619233 ns, Reaching safepoint: 107262 ns, At safepoint: 25102541 ns, Total: 25209803 ns
[2023-03-15T03:38:41.418+0000][69][safepoint   ] Safepoint "Cleanup", Time since last: 1001619447 ns, Reaching safepoint: 4206349 ns, At safepoint: 27301 ns, Total: 4233650 ns
[2023-03-15T03:38:42.428+0000][69][safepoint   ] Safepoint "Cleanup", Time since last: 1009493778 ns, Reaching safepoint: 161610 ns, At safepoint: 10365 ns, Total: 171975 ns
[2023-03-15T03:38:43.430+0000][69][safepoint   ] Safepoint "Cleanup", Time since last: 1001526915 ns, Reaching safepoint: 318478 ns, At safepoint: 29342 ns, Total: 347820 ns
[2023-03-15T03:38:43.441+0000][69][gc,start    ] GC(39) Pause Young (Concurrent Start) (G1 Evacuation Pause)
[2023-03-15T03:38:43.442+0000][69][gc,task     ] GC(39) Using 4 workers of 4 for evacuation
[2023-03-15T03:38:43.443+0000][69][gc,age      ] GC(39) Desired survivor size 6291456 bytes, new threshold 15 (max threshold 15)
[2023-03-15T03:38:43.449+0000][69][gc,phases   ] GC(39)   Pre Evacuate Collection Set: 0.6ms
[2023-03-15T03:38:43.450+0000][69][gc,phases   ] GC(39)   Merge Heap Roots: 0.1ms
[2023-03-15T03:38:43.451+0000][69][gc,phases   ] GC(39)   Evacuate Collection Set: 2.5ms
[2023-03-15T03:38:43.451+0000][69][gc,phases   ] GC(39)   Post Evacuate Collection Set: 0.9ms
[2023-03-15T03:38:43.452+0000][69][gc,phases   ] GC(39)   Other: 2.8ms
[2023-03-15T03:38:43.452+0000][69][gc,age      ] GC(39) Age table with threshold 15 (max threshold 15)
[2023-03-15T03:38:43.453+0000][69][gc,age      ] GC(39) - age   1:     963600 bytes,     963600 total
[2023-03-15T03:38:43.454+0000][69][gc,age      ] GC(39) - age   2:     388976 bytes,    1352576 total
[2023-03-15T03:38:43.454+0000][69][gc,heap     ] GC(39) Eden regions: 21->0(21)
[2023-03-15T03:38:43.455+0000][69][gc,heap     ] GC(39) Survivor regions: 1->1(3)
[2023-03-15T03:38:43.455+0000][69][gc,heap     ] GC(39) Old regions: 25->25
[2023-03-15T03:38:43.456+0000][69][gc,heap     ] GC(39) Archive regions: 2->2
[2023-03-15T03:38:43.457+0000][69][gc,heap     ] GC(39) Humongous regions: 2->2
[2023-03-15T03:38:43.457+0000][69][gc,metaspace] GC(39) Metaspace: 136094K(139456K)->136094K(139456K) NonClass: 117981K(119744K)->117981K(119744K) Class: 18112K(19712K)->18112K(19712K)
[2023-03-15T03:38:43.459+0000][69][gc          ] GC(39) Pause Young (Concurrent Start) (G1 Evacuation Pause) 195M->112M(256M) 17.578ms
[2023-03-15T03:38:43.459+0000][69][gc,cpu      ] GC(39) User=0.03s Sys=0.01s Real=0.02s
[2023-03-15T03:38:43.460+0000][69][safepoint   ] Safepoint "G1CollectForAllocation", Time since last: 10858168 ns, Reaching safepoint: 414081 ns, At safepoint: 19479159 ns, Total: 19893240 ns
[2023-03-15T03:38:43.459+0000][69][gc          ] GC(40) Concurrent Mark Cycle
[2023-03-15T03:38:43.462+0000][69][gc,marking  ] GC(40) Concurrent Clear Claimed Marks
[2023-03-15T03:38:43.463+0000][69][gc,marking  ] GC(40) Concurrent Clear Claimed Marks 1.079ms
[2023-03-15T03:38:43.464+0000][69][gc,marking  ] GC(40) Concurrent Scan Root Regions
[2023-03-15T03:38:43.467+0000][69][gc,marking  ] GC(40) Concurrent Scan Root Regions 2.630ms
[2023-03-15T03:38:43.468+0000][69][gc,marking  ] GC(40) Concurrent Mark
[2023-03-15T03:38:43.468+0000][69][gc,marking  ] GC(40) Concurrent Mark From Roots
[2023-03-15T03:38:43.469+0000][69][gc,task     ] GC(40) Using 1 workers of 1 for marking
[2023-03-15T03:38:43.595+0000][69][gc,marking  ] GC(40) Concurrent Mark From Roots 126.922ms
[2023-03-15T03:38:43.596+0000][69][gc,marking  ] GC(40) Concurrent Preclean
[2023-03-15T03:38:43.597+0000][69][gc,marking  ] GC(40) Concurrent Preclean 0.894ms
[2023-03-15T03:38:43.598+0000][69][gc,start    ] GC(40) Pause Remark
[2023-03-15T03:38:43.610+0000][69][gc          ] GC(40) Pause Remark 156M->156M(256M) 11.968ms
[2023-03-15T03:38:43.611+0000][69][gc,cpu      ] GC(40) User=0.03s Sys=0.01s Real=0.02s
[2023-03-15T03:38:43.612+0000][69][safepoint   ] Safepoint "G1PauseRemark", Time since last: 137316290 ns, Reaching safepoint: 299809 ns, At safepoint: 13749361 ns, Total: 14049170 ns
[2023-03-15T03:38:43.612+0000][69][gc,marking  ] GC(40) Concurrent Mark 144.697ms
[2023-03-15T03:38:43.613+0000][69][gc,marking  ] GC(40) Concurrent Rebuild Remembered Sets
[2023-03-15T03:38:43.673+0000][69][gc,marking  ] GC(40) Concurrent Rebuild Remembered Sets 59.923ms
[2023-03-15T03:38:43.675+0000][69][gc,start    ] GC(40) Pause Cleanup
[2023-03-15T03:38:43.676+0000][69][gc          ] GC(40) Pause Cleanup 176M->176M(256M) 0.788ms
[2023-03-15T03:38:43.677+0000][69][gc,cpu      ] GC(40) User=0.00s Sys=0.00s Real=0.00s
[2023-03-15T03:38:43.678+0000][69][safepoint   ] Safepoint "G1PauseCleanup", Time since last: 63293426 ns, Reaching safepoint: 135018 ns, At safepoint: 2442407 ns, Total: 2577425 ns
[2023-03-15T03:38:43.679+0000][69][gc,marking  ] GC(40) Concurrent Cleanup for Next Mark
[2023-03-15T03:38:43.680+0000][69][gc,marking  ] GC(40) Concurrent Cleanup for Next Mark 1.162ms
[2023-03-15T03:38:43.680+0000][69][gc          ] GC(40) Concurrent Mark Cycle 220.778ms
[2023-03-15T03:38:44.681+0000][69][safepoint   ] Safepoint "Cleanup", Time since last: 1002311583 ns, Reaching safepoint: 1276357 ns, At safepoint: 57624 ns, Total: 1333981 ns
[2023-03-15T03:38:44.799+0000][69][gc,start    ] GC(41) Pause Young (Prepare Mixed) (G1 Evacuation Pause)
[2023-03-15T03:38:44.800+0000][69][gc,task     ] GC(41) Using 4 workers of 4 for evacuation
[2023-03-15T03:38:44.801+0000][69][gc,age      ] GC(41) Desired survivor size 6291456 bytes, new threshold 15 (max threshold 15)
[2023-03-15T03:38:44.807+0000][69][gc,phases   ] GC(41)   Pre Evacuate Collection Set: 0.2ms
[2023-03-15T03:38:44.808+0000][69][gc,phases   ] GC(41)   Merge Heap Roots: 0.2ms
[2023-03-15T03:38:44.809+0000][69][gc,phases   ] GC(41)   Evacuate Collection Set: 3.6ms
[2023-03-15T03:38:44.810+0000][69][gc,phases   ] GC(41)   Post Evacuate Collection Set: 1.1ms
[2023-03-15T03:38:44.812+0000][69][gc,phases   ] GC(41)   Other: 2.3ms
[2023-03-15T03:38:44.814+0000][69][gc,age      ] GC(41) Age table with threshold 15 (max threshold 15)
[2023-03-15T03:38:44.815+0000][69][gc,age      ] GC(41) - age   1:    1122128 bytes,    1122128 total
[2023-03-15T03:38:44.818+0000][69][gc,age      ] GC(41) - age   2:     571720 bytes,    1693848 total
[2023-03-15T03:38:44.820+0000][69][gc,age      ] GC(41) - age   3:     385728 bytes,    2079576 total
[2023-03-15T03:38:44.822+0000][69][gc,heap     ] GC(41) Eden regions: 21->0(2)
[2023-03-15T03:38:44.824+0000][69][gc,heap     ] GC(41) Survivor regions: 1->1(3)
[2023-03-15T03:38:44.826+0000][69][gc,heap     ] GC(41) Old regions: 25->25
[2023-03-15T03:38:44.828+0000][69][gc,heap     ] GC(41) Archive regions: 2->2
[2023-03-15T03:38:44.830+0000][69][gc,heap     ] GC(41) Humongous regions: 2->2
[2023-03-15T03:38:44.831+0000][69][gc,metaspace] GC(41) Metaspace: 136385K(139712K)->136385K(139712K) NonClass: 118261K(120000K)->118261K(120000K) Class: 18124K(19712K)->18124K(19712K)
[2023-03-15T03:38:44.833+0000][69][gc          ] GC(41) Pause Young (Prepare Mixed) (G1 Evacuation Pause) 196M->113M(256M) 33.969ms
[2023-03-15T03:38:44.838+0000][69][gc,cpu      ] GC(41) User=0.01s Sys=0.00s Real=0.03s
[2023-03-15T03:38:44.843+0000][69][safepoint   ] Safepoint "G1CollectForAllocation", Time since last: 116777694 ns, Reaching safepoint: 469418 ns, At safepoint: 44165660 ns, Total: 44635078 ns
[2023-03-15T03:38:45.026+0000][69][gc,start    ] GC(42) Pause Young (Mixed) (G1 Evacuation Pause)
[2023-03-15T03:38:45.027+0000][69][gc,task     ] GC(42) Using 4 workers of 4 for evacuation
[2023-03-15T03:38:45.028+0000][69][gc,age      ] GC(42) Desired survivor size 2097152 bytes, new threshold 15 (max threshold 15)
[2023-03-15T03:38:45.034+0000][69][gc,phases   ] GC(42)   Pre Evacuate Collection Set: 0.2ms
[2023-03-15T03:38:45.035+0000][69][gc,phases   ] GC(42)   Merge Heap Roots: 0.1ms
[2023-03-15T03:38:45.035+0000][69][gc,phases   ] GC(42)   Evacuate Collection Set: 3.7ms
[2023-03-15T03:38:45.036+0000][69][gc,phases   ] GC(42)   Post Evacuate Collection Set: 1.0ms
[2023-03-15T03:38:45.037+0000][69][gc,phases   ] GC(42)   Other: 1.7ms
[2023-03-15T03:38:45.037+0000][69][gc,age      ] GC(42) Age table with threshold 15 (max threshold 15)
[2023-03-15T03:38:45.038+0000][69][gc,age      ] GC(42) - age   1:     405352 bytes,     405352 total
[2023-03-15T03:38:45.038+0000][69][gc,age      ] GC(42) - age   2:     944240 bytes,    1349592 total
[2023-03-15T03:38:45.039+0000][69][gc,age      ] GC(42) - age   3:     571624 bytes,    1921216 total
[2023-03-15T03:38:45.040+0000][69][gc,age      ] GC(42) - age   4:     318088 bytes,    2239304 total
[2023-03-15T03:38:45.040+0000][69][gc,heap     ] GC(42) Eden regions: 2->0(21)
[2023-03-15T03:38:45.041+0000][69][gc,heap     ] GC(42) Survivor regions: 1->1(1)
[2023-03-15T03:38:45.041+0000][69][gc,heap     ] GC(42) Old regions: 25->25
[2023-03-15T03:38:45.042+0000][69][gc,heap     ] GC(42) Archive regions: 2->2
[2023-03-15T03:38:45.042+0000][69][gc,heap     ] GC(42) Humongous regions: 2->2
[2023-03-15T03:38:45.043+0000][69][gc,metaspace] GC(42) Metaspace: 136404K(139712K)->136404K(139712K) NonClass: 118279K(120000K)->118279K(120000K) Class: 18124K(19712K)->18124K(19712K)
[2023-03-15T03:38:45.043+0000][69][gc          ] GC(42) Pause Young (Mixed) (G1 Evacuation Pause) 121M->112M(256M) 16.976ms
[2023-03-15T03:38:45.044+0000][69][gc,cpu      ] GC(42) User=0.01s Sys=0.00s Real=0.02s
[2023-03-15T03:38:45.044+0000][69][safepoint   ] Safepoint "G1CollectForAllocation", Time since last: 183270761 ns, Reaching safepoint: 192979 ns, At safepoint: 18044706 ns, Total: 18237685 ns
[2023-03-15T03:38:46.046+0000][69][safepoint   ] Safepoint "Cleanup", Time since last: 1001534361 ns, Reaching safepoint: 715679 ns, At safepoint: 92451 ns, Total: 808130 ns
[2023-03-15T03:38:47.050+0000][69][safepoint   ] Safepoint "Cleanup", Time since last: 1002949014 ns, Reaching safepoint: 331368 ns, At safepoint: 8307 ns, Total: 339675 ns
[2023-03-15T03:38:48.030+0000][69][safepoint   ] Safepoint "Cleanup", Time since last: 1002097079 ns, Reaching safepoint: 443562 ns, At safepoint: 19580 ns, Total: 463142 ns
[2023-03-15T03:38:50.033+0000][69][safepoint   ] Safepoint "Cleanup", Time since last: 2003419497 ns, Reaching safepoint: 198922 ns, At safepoint: 12004 ns, Total: 210926 ns
[2023-03-15T03:38:51.035+0000][69][safepoint   ] Safepoint "Cleanup", Time since last: 1001562546 ns, Reaching safepoint: 191945 ns, At safepoint: 4589 ns, Total: 196534 ns
[2023-03-15T03:38:52.037+0000][69][safepoint   ] Safepoint "Cleanup", Time since last: 1001925563 ns, Reaching safepoint: 334209 ns, At safepoint: 10321 ns, Total: 344530 ns
[2023-03-15T03:38:53.041+0000][69][safepoint   ] Safepoint "Cleanup", Time since last: 1003212277 ns, Reaching safepoint: 124182 ns, At safepoint: 30975 ns, Total: 155157 ns
[2023-03-15T03:38:56.045+0000][69][safepoint   ] Safepoint "Cleanup", Time since last: 3004007808 ns, Reaching safepoint: 674125 ns, At safepoint: 18561 ns, Total: 692686 ns
[2023-03-15T03:38:57.050+0000][69][safepoint   ] Safepoint "Cleanup", Time since last: 1003803285 ns, Reaching safepoint: 829687 ns, At safepoint: 45756 ns, Total: 875443 ns
[2023-03-15T03:38:58.054+0000][69][safepoint   ] Safepoint "Cleanup", Time since last: 1003440126 ns, Reaching safepoint: 443390 ns, At safepoint: 24100 ns, Total: 467490 ns
[2023-03-15T03:38:58.879+0000][69][gc,start    ] GC(43) Pause Young (Concurrent Start) (G1 Evacuation Pause)
[2023-03-15T03:38:58.880+0000][69][gc,task     ] GC(43) Using 4 workers of 4 for evacuation
[2023-03-15T03:38:58.880+0000][69][gc,age      ] GC(43) Desired survivor size 6291456 bytes, new threshold 15 (max threshold 15)
[2023-03-15T03:38:58.889+0000][69][gc,phases   ] GC(43)   Pre Evacuate Collection Set: 0.4ms
[2023-03-15T03:38:58.890+0000][69][gc,phases   ] GC(43)   Merge Heap Roots: 0.1ms
[2023-03-15T03:38:58.891+0000][69][gc,phases   ] GC(43)   Evacuate Collection Set: 6.1ms
[2023-03-15T03:38:58.891+0000][69][gc,phases   ] GC(43)   Post Evacuate Collection Set: 1.1ms
[2023-03-15T03:38:58.892+0000][69][gc,phases   ] GC(43)   Other: 1.6ms
[2023-03-15T03:38:58.893+0000][69][gc,age      ] GC(43) Age table with threshold 15 (max threshold 15)
[2023-03-15T03:38:58.893+0000][69][gc,age      ] GC(43) - age   1:    2597408 bytes,    2597408 total
[2023-03-15T03:38:58.894+0000][69][gc,age      ] GC(43) - age   2:     129136 bytes,    2726544 total
[2023-03-15T03:38:58.894+0000][69][gc,age      ] GC(43) - age   3:     484176 bytes,    3210720 total
[2023-03-15T03:38:58.895+0000][69][gc,age      ] GC(43) - age   4:     570864 bytes,    3781584 total
[2023-03-15T03:38:58.896+0000][69][gc,age      ] GC(43) - age   5:     317688 bytes,    4099272 total
[2023-03-15T03:38:58.896+0000][69][gc,heap     ] GC(43) Eden regions: 21->0(21)
[2023-03-15T03:38:58.897+0000][69][gc,heap     ] GC(43) Survivor regions: 1->2(3)
[2023-03-15T03:38:58.897+0000][69][gc,heap     ] GC(43) Old regions: 25->25
[2023-03-15T03:38:58.898+0000][69][gc,heap     ] GC(43) Archive regions: 2->2
[2023-03-15T03:38:58.899+0000][69][gc,heap     ] GC(43) Humongous regions: 2->2
[2023-03-15T03:38:58.899+0000][69][gc,metaspace] GC(43) Metaspace: 136893K(140288K)->136893K(140288K) NonClass: 118718K(120448K)->118718K(120448K) Class: 18175K(19840K)->18175K(19840K)
[2023-03-15T03:38:58.900+0000][69][gc          ] GC(43) Pause Young (Concurrent Start) (G1 Evacuation Pause) 196M->114M(256M) 21.245ms
[2023-03-15T03:38:58.900+0000][69][gc,cpu      ] GC(43) User=0.01s Sys=0.01s Real=0.02s
[2023-03-15T03:38:58.900+0000][69][gc          ] GC(44) Concurrent Mark Cycle
[2023-03-15T03:38:58.902+0000][69][gc,marking  ] GC(44) Concurrent Clear Claimed Marks
[2023-03-15T03:38:58.903+0000][69][gc,marking  ] GC(44) Concurrent Clear Claimed Marks 1.047ms
[2023-03-15T03:38:58.903+0000][69][gc,marking  ] GC(44) Concurrent Scan Root Regions
[2023-03-15T03:38:58.901+0000][69][safepoint   ] Safepoint "G1CollectForAllocation", Time since last: 823936190 ns, Reaching safepoint: 711786 ns, At safepoint: 22456338 ns, Total: 23168124 ns
[2023-03-15T03:38:58.917+0000][69][gc,marking  ] GC(44) Concurrent Scan Root Regions 13.402ms
[2023-03-15T03:38:58.918+0000][69][gc,marking  ] GC(44) Concurrent Mark
[2023-03-15T03:38:58.919+0000][69][gc,marking  ] GC(44) Concurrent Mark From Roots
[2023-03-15T03:38:58.920+0000][69][gc,task     ] GC(44) Using 1 workers of 1 for marking
[2023-03-15T03:38:59.314+0000][69][gc,marking  ] GC(44) Concurrent Mark From Roots 395.107ms
[2023-03-15T03:38:59.315+0000][69][gc,marking  ] GC(44) Concurrent Preclean
[2023-03-15T03:38:59.316+0000][69][gc,marking  ] GC(44) Concurrent Preclean 0.804ms
[2023-03-15T03:38:59.316+0000][69][gc,start    ] GC(44) Pause Remark
[2023-03-15T03:38:59.332+0000][69][gc          ] GC(44) Pause Remark 147M->147M(256M) 15.551ms
[2023-03-15T03:38:59.333+0000][69][gc,cpu      ] GC(44) User=0.03s Sys=0.00s Real=0.01s
[2023-03-15T03:38:59.334+0000][69][safepoint   ] Safepoint "G1PauseRemark", Time since last: 415143891 ns, Reaching safepoint: 179930 ns, At safepoint: 17838262 ns, Total: 18018192 ns
[2023-03-15T03:38:59.341+0000][69][gc,marking  ] GC(44) Concurrent Mark 422.600ms
[2023-03-15T03:38:59.344+0000][69][gc,marking  ] GC(44) Concurrent Rebuild Remembered Sets
[2023-03-15T03:38:59.603+0000][69][gc,marking  ] GC(44) Concurrent Rebuild Remembered Sets 258.819ms
[2023-03-15T03:38:59.606+0000][69][gc,start    ] GC(44) Pause Cleanup
[2023-03-15T03:38:59.607+0000][69][gc          ] GC(44) Pause Cleanup 163M->163M(256M) 1.393ms
[2023-03-15T03:38:59.608+0000][69][gc,cpu      ] GC(44) User=0.00s Sys=0.00s Real=0.01s
[2023-03-15T03:38:59.608+0000][69][safepoint   ] Safepoint "G1PauseCleanup", Time since last: 269982748 ns, Reaching safepoint: 1294298 ns, At safepoint: 2883010 ns, Total: 4177308 ns
[2023-03-15T03:38:59.609+0000][69][gc,marking  ] GC(44) Concurrent Cleanup for Next Mark
[2023-03-15T03:38:59.610+0000][69][gc,marking  ] GC(44) Concurrent Cleanup for Next Mark 1.085ms
[2023-03-15T03:38:59.614+0000][69][gc          ] GC(44) Concurrent Mark Cycle 713.632ms
[2023-03-15T03:39:00.611+0000][69][safepoint   ] Safepoint "Cleanup", Time since last: 1001846608 ns, Reaching safepoint: 266185 ns, At safepoint: 14732 ns, Total: 280917 ns
[2023-03-15T03:39:01.612+0000][69][safepoint   ] Safepoint "Cleanup", Time since last: 1001330471 ns, Reaching safepoint: 248500 ns, At safepoint: 8027 ns, Total: 256527 ns
[2023-03-15T03:39:02.613+0000][69][safepoint   ] Safepoint "Cleanup", Time since last: 1000822467 ns, Reaching safepoint: 154112 ns, At safepoint: 27583 ns, Total: 181695 ns
[2023-03-15T03:39:03.615+0000][69][safepoint   ] Safepoint "Cleanup", Time since last: 1001347609 ns, Reaching safepoint: 337409 ns, At safepoint: 91747 ns, Total: 429156 ns
[2023-03-15T03:39:04.618+0000][69][safepoint   ] Safepoint "Cleanup", Time since last: 1002820844 ns, Reaching safepoint: 596298 ns, At safepoint: 15996 ns, Total: 612294 ns
[2023-03-15T03:39:04.918+0000][69][gc,start    ] GC(45) Pause Young (Prepare Mixed) (G1 Evacuation Pause)
[2023-03-15T03:39:04.920+0000][69][gc,task     ] GC(45) Using 4 workers of 4 for evacuation
[2023-03-15T03:39:04.921+0000][69][gc,age      ] GC(45) Desired survivor size 6291456 bytes, new threshold 15 (max threshold 15)
[2023-03-15T03:39:04.930+0000][69][gc,phases   ] GC(45)   Pre Evacuate Collection Set: 0.1ms
[2023-03-15T03:39:04.931+0000][69][gc,phases   ] GC(45)   Merge Heap Roots: 0.2ms
[2023-03-15T03:39:04.932+0000][69][gc,phases   ] GC(45)   Evacuate Collection Set: 5.9ms
[2023-03-15T03:39:04.932+0000][69][gc,phases   ] GC(45)   Post Evacuate Collection Set: 1.5ms
[2023-03-15T03:39:04.933+0000][69][gc,phases   ] GC(45)   Other: 2.6ms
[2023-03-15T03:39:04.934+0000][69][gc,age      ] GC(45) Age table with threshold 15 (max threshold 15)
[2023-03-15T03:39:04.935+0000][69][gc,age      ] GC(45) - age   1:    1999296 bytes,    1999296 total
[2023-03-15T03:39:04.935+0000][69][gc,age      ] GC(45) - age   2:     531920 bytes,    2531216 total
[2023-03-15T03:39:04.936+0000][69][gc,age      ] GC(45) - age   3:      18016 bytes,    2549232 total
[2023-03-15T03:39:04.937+0000][69][gc,age      ] GC(45) - age   4:     457696 bytes,    3006928 total
[2023-03-15T03:39:04.938+0000][69][gc,age      ] GC(45) - age   5:     542208 bytes,    3549136 total
[2023-03-15T03:39:04.938+0000][69][gc,age      ] GC(45) - age   6:      99536 bytes,    3648672 total
[2023-03-15T03:39:04.939+0000][69][gc,heap     ] GC(45) Eden regions: 21->0(2)
[2023-03-15T03:39:04.939+0000][69][gc,heap     ] GC(45) Survivor regions: 2->1(3)
[2023-03-15T03:39:04.940+0000][69][gc,heap     ] GC(45) Old regions: 25->25
[2023-03-15T03:39:04.941+0000][69][gc,heap     ] GC(45) Archive regions: 2->2
[2023-03-15T03:39:04.941+0000][69][gc,heap     ] GC(45) Humongous regions: 2->2
[2023-03-15T03:39:04.942+0000][69][gc,metaspace] GC(45) Metaspace: 138501K(141952K)->138501K(141952K) NonClass: 120062K(121856K)->120062K(121856K) Class: 18438K(20096K)->18438K(20096K)
[2023-03-15T03:39:04.942+0000][69][gc          ] GC(45) Pause Young (Prepare Mixed) (G1 Evacuation Pause) 198M->113M(256M) 23.846ms
[2023-03-15T03:39:04.943+0000][69][gc,cpu      ] GC(45) User=0.02s Sys=0.00s Real=0.02s
[2023-03-15T03:39:04.944+0000][69][safepoint   ] Safepoint "G1CollectForAllocation", Time since last: 299914619 ns, Reaching safepoint: 93324 ns, At safepoint: 25144205 ns, Total: 25237529 ns
[2023-03-15T03:39:05.948+0000][69][safepoint   ] Safepoint "Cleanup", Time since last: 1001931145 ns, Reaching safepoint: 1930541 ns, At safepoint: 231450 ns, Total: 2161991 ns
[2023-03-15T03:39:07.952+0000][69][safepoint   ] Safepoint "Cleanup", Time since last: 2003983487 ns, Reaching safepoint: 694884 ns, At safepoint: 38448 ns, Total: 733332 ns
[2023-03-15T03:39:08.673+0000][69][gc,start    ] GC(46) Pause Young (Mixed) (G1 Evacuation Pause)
[2023-03-15T03:39:08.674+0000][69][gc,task     ] GC(46) Using 4 workers of 4 for evacuation
[2023-03-15T03:39:08.674+0000][69][gc,age      ] GC(46) Desired survivor size 2097152 bytes, new threshold 2 (max threshold 15)
[2023-03-15T03:39:08.681+0000][69][gc,phases   ] GC(46)   Pre Evacuate Collection Set: 0.2ms
[2023-03-15T03:39:08.681+0000][69][gc,phases   ] GC(46)   Merge Heap Roots: 0.1ms
[2023-03-15T03:39:08.682+0000][69][gc,phases   ] GC(46)   Evacuate Collection Set: 4.9ms
[2023-03-15T03:39:08.682+0000][69][gc,phases   ] GC(46)   Post Evacuate Collection Set: 0.8ms
[2023-03-15T03:39:08.683+0000][69][gc,phases   ] GC(46)   Other: 0.9ms
[2023-03-15T03:39:08.683+0000][69][gc,age      ] GC(46) Age table with threshold 2 (max threshold 15)
[2023-03-15T03:39:08.684+0000][69][gc,age      ] GC(46) - age   1:     174160 bytes,     174160 total
[2023-03-15T03:39:08.684+0000][69][gc,age      ] GC(46) - age   2:    1952968 bytes,    2127128 total
[2023-03-15T03:39:08.685+0000][69][gc,heap     ] GC(46) Eden regions: 2->0(22)
[2023-03-15T03:39:08.685+0000][69][gc,heap     ] GC(46) Survivor regions: 1->1(1)
[2023-03-15T03:39:08.685+0000][69][gc,heap     ] GC(46) Old regions: 25->25
[2023-03-15T03:39:08.686+0000][69][gc,heap     ] GC(46) Archive regions: 2->2
[2023-03-15T03:39:08.686+0000][69][gc,heap     ] GC(46) Humongous regions: 2->2
[2023-03-15T03:39:08.686+0000][69][gc,metaspace] GC(46) Metaspace: 138567K(142016K)->138567K(142016K) NonClass: 120127K(121920K)->120127K(121920K) Class: 18439K(20096K)->18439K(20096K)
[2023-03-15T03:39:08.687+0000][69][gc          ] GC(46) Pause Young (Mixed) (G1 Evacuation Pause) 121M->112M(256M) 13.122ms
[2023-03-15T03:39:08.687+0000][69][gc,cpu      ] GC(46) User=0.01s Sys=0.00s Real=0.02s
[2023-03-15T03:39:08.687+0000][69][safepoint   ] Safepoint "G1CollectForAllocation", Time since last: 720938429 ns, Reaching safepoint: 165994 ns, At safepoint: 13934770 ns, Total: 14100764 ns
[2023-03-15T03:39:09.691+0000][69][safepoint   ] Safepoint "Cleanup", Time since last: 1002167828 ns, Reaching safepoint: 749476 ns, At safepoint: 51844 ns, Total: 801320 ns
[2023-03-15T03:39:10.694+0000][69][safepoint   ] Safepoint "Cleanup", Time since last: 1003828159 ns, Reaching safepoint: 219828 ns, At safepoint: 8497 ns, Total: 228325 ns
[2023-03-15T03:39:11.698+0000][69][safepoint   ] Safepoint "Cleanup", Time since last: 1003051459 ns, Reaching safepoint: 314140 ns, At safepoint: 10629 ns, Total: 324769 ns
[2023-03-15T03:39:12.700+0000][69][safepoint   ] Safepoint "Cleanup", Time since last: 1001270160 ns, Reaching safepoint: 571882 ns, At safepoint: 25409 ns, Total: 597291 ns
[2023-03-15T03:39:13.703+0000][69][safepoint   ] Safepoint "Cleanup", Time since last: 1002748565 ns, Reaching safepoint: 477116 ns, At safepoint: 82533 ns, Total: 559649 ns
[2023-03-15T03:39:14.709+0000][69][safepoint   ] Safepoint "Cleanup", Time since last: 1005091769 ns, Reaching safepoint: 583210 ns, At safepoint: 32070 ns, Total: 615280 ns
[2023-03-15T03:39:15.711+0000][69][safepoint   ] Safepoint "Cleanup", Time since last: 1002045946 ns, Reaching safepoint: 81168 ns, At safepoint: 4284 ns, Total: 85452 ns
[2023-03-15T03:39:16.714+0000][69][safepoint   ] Safepoint "Cleanup", Time since last: 1002696988 ns, Reaching safepoint: 253844 ns, At safepoint: 13295 ns, Total: 267139 ns
[2023-03-15T03:39:17.718+0000][69][safepoint   ] Safepoint "Cleanup", Time since last: 1003943976 ns, Reaching safepoint: 188244 ns, At safepoint: 157256 ns, Total: 345500 ns
[2023-03-15T03:39:19.701+0000][69][safepoint   ] Safepoint "Cleanup", Time since last: 2005093044 ns, Reaching safepoint: 188614 ns, At safepoint: 11802 ns, Total: 200416 ns
[2023-03-15T03:39:20.705+0000][69][safepoint   ] Safepoint "Cleanup", Time since last: 1004156615 ns, Reaching safepoint: 92288 ns, At safepoint: 6174 ns, Total: 98462 ns
[2023-03-15T03:39:21.709+0000][69][safepoint   ] Safepoint "Cleanup", Time since last: 1003540556 ns, Reaching safepoint: 202898 ns, At safepoint: 8965 ns, Total: 211863 ns
[2023-03-15T03:39:22.712+0000][69][safepoint   ] Safepoint "Cleanup", Time since last: 1003109529 ns, Reaching safepoint: 100113 ns, At safepoint: 4401 ns, Total: 104514 ns
[2023-03-15T03:39:23.715+0000][69][safepoint   ] Safepoint "Cleanup", Time since last: 1002130841 ns, Reaching safepoint: 512941 ns, At safepoint: 27500 ns, Total: 540441 ns
[2023-03-15T03:39:24.719+0000][69][safepoint   ] Safepoint "Cleanup", Time since last: 1003303513 ns, Reaching safepoint: 471014 ns, At safepoint: 13039 ns, Total: 484053 ns
[2023-03-15T03:39:25.722+0000][69][safepoint   ] Safepoint "Cleanup", Time since last: 1003446578 ns, Reaching safepoint: 268042 ns, At safepoint: 9682 ns, Total: 277724 ns
[2023-03-15T03:39:26.725+0000][69][safepoint   ] Safepoint "Cleanup", Time since last: 1002631845 ns, Reaching safepoint: 210636 ns, At safepoint: 33337 ns, Total: 243973 ns
[2023-03-15T03:39:27.730+0000][69][safepoint   ] Safepoint "Cleanup", Time since last: 1004629806 ns, Reaching safepoint: 312060 ns, At safepoint: 12717 ns, Total: 324777 ns
[2023-03-15T03:39:28.734+0000][69][safepoint   ] Safepoint "Cleanup", Time since last: 1003284160 ns, Reaching safepoint: 360885 ns, At safepoint: 10555 ns, Total: 371440 ns
[2023-03-15T03:39:30.739+0000][69][safepoint   ] Safepoint "Cleanup", Time since last: 2004555444 ns, Reaching safepoint: 348543 ns, At safepoint: 14658 ns, Total: 363201 ns
[2023-03-15T03:39:32.676+0000][69][gc,start    ] GC(47) Pause Young (Concurrent Start) (G1 Evacuation Pause)
[2023-03-15T03:39:32.677+0000][69][gc,task     ] GC(47) Using 4 workers of 4 for evacuation
[2023-03-15T03:39:32.677+0000][69][gc,age      ] GC(47) Desired survivor size 6291456 bytes, new threshold 15 (max threshold 15)
[2023-03-15T03:39:32.683+0000][69][gc,phases   ] GC(47)   Pre Evacuate Collection Set: 0.4ms
[2023-03-15T03:39:32.684+0000][69][gc,phases   ] GC(47)   Merge Heap Roots: 0.1ms
[2023-03-15T03:39:32.684+0000][69][gc,phases   ] GC(47)   Evacuate Collection Set: 3.7ms
[2023-03-15T03:39:32.685+0000][69][gc,phases   ] GC(47)   Post Evacuate Collection Set: 0.8ms
[2023-03-15T03:39:32.685+0000][69][gc,phases   ] GC(47)   Other: 1.2ms
[2023-03-15T03:39:32.685+0000][69][gc,age      ] GC(47) Age table with threshold 15 (max threshold 15)
[2023-03-15T03:39:32.686+0000][69][gc,age      ] GC(47) - age   1:     707480 bytes,     707480 total
[2023-03-15T03:39:32.686+0000][69][gc,age      ] GC(47) - age   2:      20480 bytes,     727960 total
[2023-03-15T03:39:32.687+0000][69][gc,age      ] GC(47) - age   3:    1820680 bytes,    2548640 total
[2023-03-15T03:39:32.687+0000][69][gc,heap     ] GC(47) Eden regions: 22->0(22)
[2023-03-15T03:39:32.688+0000][69][gc,heap     ] GC(47) Survivor regions: 1->1(3)
[2023-03-15T03:39:32.688+0000][69][gc,heap     ] GC(47) Old regions: 25->25
[2023-03-15T03:39:32.689+0000][69][gc,heap     ] GC(47) Archive regions: 2->2
[2023-03-15T03:39:32.689+0000][69][gc,heap     ] GC(47) Humongous regions: 2->2
[2023-03-15T03:39:32.689+0000][69][gc,metaspace] GC(47) Metaspace: 138792K(142272K)->138792K(142272K) NonClass: 120352K(122176K)->120352K(122176K) Class: 18439K(20096K)->18439K(20096K)
[2023-03-15T03:39:32.690+0000][69][gc          ] GC(47) Pause Young (Concurrent Start) (G1 Evacuation Pause) 200M->113M(256M) 13.548ms
[2023-03-15T03:39:32.690+0000][69][gc          ] GC(48) Concurrent Mark Cycle
[2023-03-15T03:39:32.691+0000][69][gc,marking  ] GC(48) Concurrent Clear Claimed Marks
[2023-03-15T03:39:32.690+0000][69][gc,cpu      ] GC(47) User=0.01s Sys=0.00s Real=0.01s
[2023-03-15T03:39:32.692+0000][69][gc,marking  ] GC(48) Concurrent Clear Claimed Marks 0.896ms
[2023-03-15T03:39:32.692+0000][69][gc,marking  ] GC(48) Concurrent Scan Root Regions
[2023-03-15T03:39:32.692+0000][69][safepoint   ] Safepoint "G1CollectForAllocation", Time since last: 1937353332 ns, Reaching safepoint: 208565 ns, At safepoint: 15583585 ns, Total: 15792150 ns
[2023-03-15T03:39:32.696+0000][69][gc,marking  ] GC(48) Concurrent Scan Root Regions 3.807ms
[2023-03-15T03:39:32.697+0000][69][gc,marking  ] GC(48) Concurrent Mark
[2023-03-15T03:39:32.699+0000][69][gc,marking  ] GC(48) Concurrent Mark From Roots
[2023-03-15T03:39:32.700+0000][69][gc,task     ] GC(48) Using 1 workers of 1 for marking
[2023-03-15T03:39:32.812+0000][69][gc,marking  ] GC(48) Concurrent Mark From Roots 113.445ms
[2023-03-15T03:39:32.814+0000][69][gc,marking  ] GC(48) Concurrent Preclean
[2023-03-15T03:39:32.815+0000][69][gc,marking  ] GC(48) Concurrent Preclean 0.913ms
[2023-03-15T03:39:32.815+0000][69][gc,start    ] GC(48) Pause Remark
[2023-03-15T03:39:32.824+0000][69][gc          ] GC(48) Pause Remark 117M->117M(256M) 8.939ms
[2023-03-15T03:39:32.825+0000][69][gc,cpu      ] GC(48) User=0.02s Sys=0.00s Real=0.01s
[2023-03-15T03:39:32.826+0000][69][safepoint   ] Safepoint "G1PauseRemark", Time since last: 123379749 ns, Reaching safepoint: 79268 ns, At safepoint: 10622298 ns, Total: 10701566 ns
[2023-03-15T03:39:32.826+0000][69][gc,marking  ] GC(48) Concurrent Mark 128.994ms
[2023-03-15T03:39:32.827+0000][69][gc,marking  ] GC(48) Concurrent Rebuild Remembered Sets
[2023-03-15T03:39:32.886+0000][69][gc,marking  ] GC(48) Concurrent Rebuild Remembered Sets 58.828ms
[2023-03-15T03:39:32.888+0000][69][gc,start    ] GC(48) Pause Cleanup
[2023-03-15T03:39:32.889+0000][69][gc          ] GC(48) Pause Cleanup 118M->118M(256M) 1.026ms
[2023-03-15T03:39:32.889+0000][69][gc,cpu      ] GC(48) User=0.00s Sys=0.00s Real=0.00s
[2023-03-15T03:39:32.890+0000][69][safepoint   ] Safepoint "G1PauseCleanup", Time since last: 61468745 ns, Reaching safepoint: 192981 ns, At safepoint: 2332206 ns, Total: 2525187 ns
[2023-03-15T03:39:32.891+0000][69][gc,marking  ] GC(48) Concurrent Cleanup for Next Mark
[2023-03-15T03:39:32.891+0000][69][gc,marking  ] GC(48) Concurrent Cleanup for Next Mark 0.766ms
[2023-03-15T03:39:32.892+0000][69][gc          ] GC(48) Concurrent Mark Cycle 201.552ms
[2023-03-15T03:39:33.891+0000][69][safepoint   ] Safepoint "Cleanup", Time since last: 1001283751 ns, Reaching safepoint: 186592 ns, At safepoint: 5573 ns, Total: 192165 ns
[2023-03-15T03:39:34.894+0000][69][safepoint   ] Safepoint "Cleanup", Time since last: 1002782130 ns, Reaching safepoint: 155086 ns, At safepoint: 11337 ns, Total: 166423 ns
[2023-03-15T03:39:35.898+0000][69][safepoint   ] Safepoint "Cleanup", Time since last: 1003372612 ns, Reaching safepoint: 501869 ns, At safepoint: 32113 ns, Total: 533982 ns
[2023-03-15T03:39:38.903+0000][69][safepoint   ] Safepoint "Cleanup", Time since last: 3004309855 ns, Reaching safepoint: 227608 ns, At safepoint: 14692 ns, Total: 242300 ns
[2023-03-15T03:39:39.904+0000][69][safepoint   ] Safepoint "Cleanup", Time since last: 1001222049 ns, Reaching safepoint: 101763 ns, At safepoint: 7210 ns, Total: 108973 ns
[2023-03-15T03:39:40.905+0000][69][safepoint   ] Safepoint "Cleanup", Time since last: 1001111555 ns, Reaching safepoint: 196751 ns, At safepoint: 8440 ns, Total: 205191 ns
[2023-03-15T03:39:41.908+0000][69][safepoint   ] Safepoint "Cleanup", Time since last: 1002547836 ns, Reaching safepoint: 110064 ns, At safepoint: 5666 ns, Total: 115730 ns
[2023-03-15T03:39:42.910+0000][69][safepoint   ] Safepoint "Cleanup", Time since last: 1001830717 ns, Reaching safepoint: 163364 ns, At safepoint: 6944 ns, Total: 170308 ns
[2023-03-15T03:39:43.912+0000][69][safepoint   ] Safepoint "Cleanup", Time since last: 1001399694 ns, Reaching safepoint: 120514 ns, At safepoint: 5959 ns, Total: 126473 ns
[2023-03-15T03:39:44.913+0000][69][safepoint   ] Safepoint "Cleanup", Time since last: 1001275206 ns, Reaching safepoint: 147560 ns, At safepoint: 3101 ns, Total: 150661 ns
[2023-03-15T03:39:45.915+0000][69][safepoint   ] Safepoint "Cleanup", Time since last: 1002014386 ns, Reaching safepoint: 285669 ns, At safepoint: 10801 ns, Total: 296470 ns
[2023-03-15T03:39:47.920+0000][69][safepoint   ] Safepoint "Cleanup", Time since last: 2004662042 ns, Reaching safepoint: 252460 ns, At safepoint: 8898 ns, Total: 261358 ns
[2023-03-15T03:39:49.904+0000][69][safepoint   ] Safepoint "Cleanup", Time since last: 2005299967 ns, Reaching safepoint: 264974 ns, At safepoint: 11086 ns, Total: 276060 ns
[2023-03-15T03:39:50.908+0000][69][safepoint   ] Safepoint "Cleanup", Time since last: 1003839700 ns, Reaching safepoint: 433723 ns, At safepoint: 10793 ns, Total: 444516 ns
[2023-03-15T03:39:51.912+0000][69][safepoint   ] Safepoint "Cleanup", Time since last: 1003440060 ns, Reaching safepoint: 180445 ns, At safepoint: 8552 ns, Total: 188997 ns
[2023-03-15T03:39:52.915+0000][69][safepoint   ] Safepoint "Cleanup", Time since last: 1002923381 ns, Reaching safepoint: 253294 ns, At safepoint: 11554 ns, Total: 264848 ns
[2023-03-15T03:39:53.919+0000][69][safepoint   ] Safepoint "Cleanup", Time since last: 1003198209 ns, Reaching safepoint: 534045 ns, At safepoint: 47756 ns, Total: 581801 ns
[2023-03-15T03:39:54.922+0000][69][safepoint   ] Safepoint "Cleanup", Time since last: 1002909067 ns, Reaching safepoint: 270056 ns, At safepoint: 10927 ns, Total: 280983 ns
[2023-03-15T03:39:55.926+0000][69][safepoint   ] Safepoint "Cleanup", Time since last: 1004344162 ns, Reaching safepoint: 124277 ns, At safepoint: 6870 ns, Total: 131147 ns
[2023-03-15T03:39:56.931+0000][69][safepoint   ] Safepoint "Cleanup", Time since last: 1004471906 ns, Reaching safepoint: 494421 ns, At safepoint: 37223 ns, Total: 531644 ns
[2023-03-15T03:39:57.937+0000][69][safepoint   ] Safepoint "Cleanup", Time since last: 1005281555 ns, Reaching safepoint: 176165 ns, At safepoint: 10493 ns, Total: 186658 ns
[2023-03-15T03:39:58.942+0000][69][safepoint   ] Safepoint "Cleanup", Time since last: 1004538977 ns, Reaching safepoint: 184442 ns, At safepoint: 8649 ns, Total: 193091 ns
[2023-03-15T03:39:59.382+0000][69][gc,start    ] GC(49) Pause Young (Prepare Mixed) (G1 Evacuation Pause)
[2023-03-15T03:39:59.384+0000][69][gc,task     ] GC(49) Using 4 workers of 4 for evacuation
[2023-03-15T03:39:59.384+0000][69][gc,age      ] GC(49) Desired survivor size 6291456 bytes, new threshold 15 (max threshold 15)
[2023-03-15T03:39:59.390+0000][69][gc,phases   ] GC(49)   Pre Evacuate Collection Set: 0.1ms
[2023-03-15T03:39:59.391+0000][69][gc,phases   ] GC(49)   Merge Heap Roots: 0.1ms
[2023-03-15T03:39:59.391+0000][69][gc,phases   ] GC(49)   Evacuate Collection Set: 3.5ms
[2023-03-15T03:39:59.392+0000][69][gc,phases   ] GC(49)   Post Evacuate Collection Set: 0.9ms
[2023-03-15T03:39:59.392+0000][69][gc,phases   ] GC(49)   Other: 1.8ms
[2023-03-15T03:39:59.393+0000][69][gc,age      ] GC(49) Age table with threshold 15 (max threshold 15)
[2023-03-15T03:39:59.393+0000][69][gc,age      ] GC(49) - age   1:     740408 bytes,     740408 total
[2023-03-15T03:39:59.393+0000][69][gc,age      ] GC(49) - age   2:      47848 bytes,     788256 total
[2023-03-15T03:39:59.394+0000][69][gc,age      ] GC(49) - age   3:      20432 bytes,     808688 total
[2023-03-15T03:39:59.394+0000][69][gc,age      ] GC(49) - age   4:    1756800 bytes,    2565488 total
[2023-03-15T03:39:59.395+0000][69][gc,heap     ] GC(49) Eden regions: 22->0(2)
[2023-03-15T03:39:59.395+0000][69][gc,heap     ] GC(49) Survivor regions: 1->1(3)
[2023-03-15T03:39:59.395+0000][69][gc,heap     ] GC(49) Old regions: 25->25
[2023-03-15T03:39:59.396+0000][69][gc,heap     ] GC(49) Archive regions: 2->2
[2023-03-15T03:39:59.396+0000][69][gc,heap     ] GC(49) Humongous regions: 2->2
[2023-03-15T03:39:59.397+0000][69][gc,metaspace] GC(49) Metaspace: 139022K(142464K)->139022K(142464K) NonClass: 120582K(122368K)->120582K(122368K) Class: 18440K(20096K)->18440K(20096K)
[2023-03-15T03:39:59.397+0000][69][gc          ] GC(49) Pause Young (Prepare Mixed) (G1 Evacuation Pause) 201M->113M(256M) 14.641ms
[2023-03-15T03:39:59.397+0000][69][gc,cpu      ] GC(49) User=0.02s Sys=0.00s Real=0.01s
[2023-03-15T03:39:59.398+0000][69][safepoint   ] Safepoint "G1CollectForAllocation", Time since last: 440642553 ns, Reaching safepoint: 133941 ns, At safepoint: 15557317 ns, Total: 15691258 ns
[2023-03-15T03:40:00.399+0000][69][safepoint   ] Safepoint "Cleanup", Time since last: 1000905885 ns, Reaching safepoint: 343506 ns, At safepoint: 10811 ns, Total: 354317 ns
[2023-03-15T03:40:02.403+0000][69][safepoint   ] Safepoint "Cleanup", Time since last: 2003677067 ns, Reaching safepoint: 80582 ns, At safepoint: 85825 ns, Total: 166407 ns
[2023-03-15T03:40:02.610+0000][69][gc,start    ] GC(50) Pause Young (Mixed) (G1 Evacuation Pause)
[2023-03-15T03:40:02.610+0000][69][gc,task     ] GC(50) Using 4 workers of 4 for evacuation
[2023-03-15T03:40:02.611+0000][69][gc,age      ] GC(50) Desired survivor size 2097152 bytes, new threshold 4 (max threshold 15)
[2023-03-15T03:40:02.617+0000][69][gc,phases   ] GC(50)   Pre Evacuate Collection Set: 0.1ms
[2023-03-15T03:40:02.618+0000][69][gc,phases   ] GC(50)   Merge Heap Roots: 0.1ms
[2023-03-15T03:40:02.618+0000][69][gc,phases   ] GC(50)   Evacuate Collection Set: 4.6ms
[2023-03-15T03:40:02.619+0000][69][gc,phases   ] GC(50)   Post Evacuate Collection Set: 0.8ms
[2023-03-15T03:40:02.619+0000][69][gc,phases   ] GC(50)   Other: 1.1ms
[2023-03-15T03:40:02.619+0000][69][gc,age      ] GC(50) Age table with threshold 4 (max threshold 15)
[2023-03-15T03:40:02.620+0000][69][gc,age      ] GC(50) - age   1:     241688 bytes,     241688 total
[2023-03-15T03:40:02.621+0000][69][gc,age      ] GC(50) - age   2:     587808 bytes,     829496 total
[2023-03-15T03:40:02.621+0000][69][gc,age      ] GC(50) - age   3:      47624 bytes,     877120 total
[2023-03-15T03:40:02.622+0000][69][gc,age      ] GC(50) - age   4:      20432 bytes,     897552 total
[2023-03-15T03:40:02.622+0000][69][gc,heap     ] GC(50) Eden regions: 2->0(22)
[2023-03-15T03:40:02.623+0000][69][gc,heap     ] GC(50) Survivor regions: 1->1(1)
[2023-03-15T03:40:02.623+0000][69][gc,heap     ] GC(50) Old regions: 25->25
[2023-03-15T03:40:02.624+0000][69][gc,heap     ] GC(50) Archive regions: 2->2
[2023-03-15T03:40:02.624+0000][69][gc,heap     ] GC(50) Humongous regions: 2->2
[2023-03-15T03:40:02.624+0000][69][gc,metaspace] GC(50) Metaspace: 139036K(142528K)->139036K(142528K) NonClass: 120596K(122432K)->120596K(122432K) Class: 18440K(20096K)->18440K(20096K)
[2023-03-15T03:40:02.625+0000][69][gc          ] GC(50) Pause Young (Mixed) (G1 Evacuation Pause) 121M->112M(256M) 14.990ms
[2023-03-15T03:40:02.625+0000][69][gc,cpu      ] GC(50) User=0.02s Sys=0.01s Real=0.02s
[2023-03-15T03:40:02.626+0000][69][safepoint   ] Safepoint "G1CollectForAllocation", Time since last: 206634747 ns, Reaching safepoint: 217351 ns, At safepoint: 15932615 ns, Total: 16149966 ns
[2023-03-15T03:40:03.628+0000][69][safepoint   ] Safepoint "Cleanup", Time since last: 1001125890 ns, Reaching safepoint: 475230 ns, At safepoint: 145707 ns, Total: 620937 ns
[2023-03-15T03:40:05.632+0000][69][safepoint   ] Safepoint "Cleanup", Time since last: 2003794667 ns, Reaching safepoint: 834119 ns, At safepoint: 45185 ns, Total: 879304 ns
[2023-03-15T03:40:06.637+0000][69][safepoint   ] Safepoint "Cleanup", Time since last: 1004385461 ns, Reaching safepoint: 350393 ns, At safepoint: 10943 ns, Total: 361336 ns
[2023-03-15T03:40:08.641+0000][69][safepoint   ] Safepoint "Cleanup", Time since last: 2003742214 ns, Reaching safepoint: 133199 ns, At safepoint: 9589 ns, Total: 142788 ns
[2023-03-15T03:40:09.643+0000][69][safepoint   ] Safepoint "Cleanup", Time since last: 1001733807 ns, Reaching safepoint: 244325 ns, At safepoint: 15711 ns, Total: 260036 ns
[2023-03-15T03:40:11.650+0000][69][safepoint   ] Safepoint "Cleanup", Time since last: 2006927524 ns, Reaching safepoint: 165198 ns, At safepoint: 8890 ns, Total: 174088 ns
[2023-03-15T03:40:14.653+0000][69][safepoint   ] Safepoint "Cleanup", Time since last: 3002978992 ns, Reaching safepoint: 470975 ns, At safepoint: 90462 ns, Total: 561437 ns
[2023-03-15T03:40:15.655+0000][69][safepoint   ] Safepoint "Cleanup", Time since last: 1001354299 ns, Reaching safepoint: 302293 ns, At safepoint: 11592 ns, Total: 313885 ns
[2023-03-15T03:40:16.837+0000][69][safepoint   ] Safepoint "Cleanup", Time since last: 1181727804 ns, Reaching safepoint: 137579 ns, At safepoint: 11210 ns, Total: 148789 ns
[2023-03-15T03:40:17.839+0000][69][safepoint   ] Safepoint "Cleanup", Time since last: 1001740854 ns, Reaching safepoint: 432917 ns, At safepoint: 16209 ns, Total: 449126 ns
[2023-03-15T03:40:19.821+0000][69][safepoint   ] Safepoint "Cleanup", Time since last: 2003661994 ns, Reaching safepoint: 184841 ns, At safepoint: 4654 ns, Total: 189495 ns
[2023-03-15T03:40:20.822+0000][69][safepoint   ] Safepoint "Cleanup", Time since last: 1001329954 ns, Reaching safepoint: 135963 ns, At safepoint: 3281 ns, Total: 139244 ns
[2023-03-15T03:40:21.824+0000][69][safepoint   ] Safepoint "Cleanup", Time since last: 1001732073 ns, Reaching safepoint: 628961 ns, At safepoint: 17598 ns, Total: 646559 ns
[2023-03-15T03:40:22.829+0000][69][safepoint   ] Safepoint "Cleanup", Time since last: 1003866510 ns, Reaching safepoint: 875537 ns, At safepoint: 122132 ns, Total: 997669 ns
[2023-03-15T03:40:23.833+0000][69][safepoint   ] Safepoint "Cleanup", Time since last: 1003069703 ns, Reaching safepoint: 504854 ns, At safepoint: 14333 ns, Total: 519187 ns
[2023-03-15T03:40:24.510+0000][69][gc,start    ] GC(51) Pause Young (Concurrent Start) (G1 Evacuation Pause)
[2023-03-15T03:40:24.512+0000][69][gc,task     ] GC(51) Using 4 workers of 4 for evacuation
[2023-03-15T03:40:24.513+0000][69][gc,age      ] GC(51) Desired survivor size 6291456 bytes, new threshold 15 (max threshold 15)
[2023-03-15T03:40:24.521+0000][69][gc,phases   ] GC(51)   Pre Evacuate Collection Set: 1.4ms
[2023-03-15T03:40:24.522+0000][69][gc,phases   ] GC(51)   Merge Heap Roots: 0.2ms
[2023-03-15T03:40:24.524+0000][69][gc,phases   ] GC(51)   Evacuate Collection Set: 3.4ms
[2023-03-15T03:40:24.525+0000][69][gc,phases   ] GC(51)   Post Evacuate Collection Set: 1.4ms
[2023-03-15T03:40:24.525+0000][69][gc,phases   ] GC(51)   Other: 2.0ms
[2023-03-15T03:40:24.526+0000][69][gc,age      ] GC(51) Age table with threshold 15 (max threshold 15)
[2023-03-15T03:40:24.527+0000][69][gc,age      ] GC(51) - age   1:    1176040 bytes,    1176040 total
[2023-03-15T03:40:24.527+0000][69][gc,age      ] GC(51) - age   2:       1168 bytes,    1177208 total
[2023-03-15T03:40:24.528+0000][69][gc,age      ] GC(51) - age   3:      15456 bytes,    1192664 total
[2023-03-15T03:40:24.529+0000][69][gc,age      ] GC(51) - age   4:      46584 bytes,    1239248 total
[2023-03-15T03:40:24.529+0000][69][gc,age      ] GC(51) - age   5:       2288 bytes,    1241536 total
[2023-03-15T03:40:24.530+0000][69][gc,heap     ] GC(51) Eden regions: 22->0(22)
[2023-03-15T03:40:24.531+0000][69][gc,heap     ] GC(51) Survivor regions: 1->1(3)
[2023-03-15T03:40:24.532+0000][69][gc,heap     ] GC(51) Old regions: 25->25
[2023-03-15T03:40:24.532+0000][69][gc,heap     ] GC(51) Archive regions: 2->2
[2023-03-15T03:40:24.533+0000][69][gc,heap     ] GC(51) Humongous regions: 2->2
[2023-03-15T03:40:24.534+0000][69][gc,metaspace] GC(51) Metaspace: 139300K(142784K)->139300K(142784K) NonClass: 120859K(122688K)->120859K(122688K) Class: 18441K(20096K)->18441K(20096K)
[2023-03-15T03:40:24.535+0000][69][gc          ] GC(51) Pause Young (Concurrent Start) (G1 Evacuation Pause) 200M->112M(256M) 24.961ms
[2023-03-15T03:40:24.535+0000][69][gc,cpu      ] GC(51) User=0.02s Sys=0.00s Real=0.02s
[2023-03-15T03:40:24.535+0000][69][gc          ] GC(52) Concurrent Mark Cycle
[2023-03-15T03:40:24.537+0000][69][gc,marking  ] GC(52) Concurrent Clear Claimed Marks
[2023-03-15T03:40:24.536+0000][69][safepoint   ] Safepoint "G1CollectForAllocation", Time since last: 676530252 ns, Reaching safepoint: 263838 ns, At safepoint: 26282008 ns, Total: 26545846 ns
[2023-03-15T03:40:24.538+0000][69][gc,marking  ] GC(52) Concurrent Clear Claimed Marks 1.066ms
[2023-03-15T03:40:24.539+0000][69][gc,marking  ] GC(52) Concurrent Scan Root Regions
[2023-03-15T03:40:24.543+0000][69][gc,marking  ] GC(52) Concurrent Scan Root Regions 3.351ms
[2023-03-15T03:40:24.543+0000][69][gc,marking  ] GC(52) Concurrent Mark
[2023-03-15T03:40:24.544+0000][69][gc,marking  ] GC(52) Concurrent Mark From Roots
[2023-03-15T03:40:24.544+0000][69][gc,task     ] GC(52) Using 1 workers of 1 for marking
[2023-03-15T03:40:24.661+0000][69][gc,marking  ] GC(52) Concurrent Mark From Roots 117.201ms
[2023-03-15T03:40:24.662+0000][69][gc,marking  ] GC(52) Concurrent Preclean
[2023-03-15T03:40:24.663+0000][69][gc,marking  ] GC(52) Concurrent Preclean 1.187ms
[2023-03-15T03:40:24.664+0000][69][gc,start    ] GC(52) Pause Remark
[2023-03-15T03:40:24.685+0000][69][gc          ] GC(52) Pause Remark 113M->113M(256M) 21.003ms
[2023-03-15T03:40:24.686+0000][69][gc,cpu      ] GC(52) User=0.05s Sys=0.01s Real=0.02s
[2023-03-15T03:40:24.690+0000][69][safepoint   ] Safepoint "G1PauseRemark", Time since last: 127994265 ns, Reaching safepoint: 72024 ns, At safepoint: 25976227 ns, Total: 26048251 ns
[2023-03-15T03:40:24.691+0000][69][gc,marking  ] GC(52) Concurrent Mark 147.498ms
[2023-03-15T03:40:24.692+0000][69][gc,marking  ] GC(52) Concurrent Rebuild Remembered Sets
[2023-03-15T03:40:24.752+0000][69][gc,marking  ] GC(52) Concurrent Rebuild Remembered Sets 59.709ms
[2023-03-15T03:40:24.753+0000][69][gc,start    ] GC(52) Pause Cleanup
[2023-03-15T03:40:24.753+0000][69][gc          ] GC(52) Pause Cleanup 113M->113M(256M) 0.701ms
[2023-03-15T03:40:24.755+0000][69][gc,cpu      ] GC(52) User=0.00s Sys=0.00s Real=0.00s
[2023-03-15T03:40:24.755+0000][69][safepoint   ] Safepoint "G1PauseCleanup", Time since last: 62659560 ns, Reaching safepoint: 101500 ns, At safepoint: 2664381 ns, Total: 2765881 ns
[2023-03-15T03:40:24.756+0000][69][gc,marking  ] GC(52) Concurrent Cleanup for Next Mark
[2023-03-15T03:40:24.757+0000][69][gc,marking  ] GC(52) Concurrent Cleanup for Next Mark 0.748ms
[2023-03-15T03:40:24.757+0000][69][gc          ] GC(52) Concurrent Mark Cycle 221.797ms
[2023-03-15T03:40:25.757+0000][69][safepoint   ] Safepoint "Cleanup", Time since last: 1001306194 ns, Reaching safepoint: 262982 ns, At safepoint: 129317 ns, Total: 392299 ns
[2023-03-15T03:40:26.763+0000][69][safepoint   ] Safepoint "Cleanup", Time since last: 1005005490 ns, Reaching safepoint: 795007 ns, At safepoint: 63075 ns, Total: 858082 ns
[2023-03-15T03:40:27.769+0000][69][safepoint   ] Safepoint "Cleanup", Time since last: 1004639857 ns, Reaching safepoint: 826945 ns, At safepoint: 92889 ns, Total: 919834 ns
[2023-03-15T03:40:30.773+0000][69][safepoint   ] Safepoint "Cleanup", Time since last: 3004175662 ns, Reaching safepoint: 505920 ns, At safepoint: 15671 ns, Total: 521591 ns
[2023-03-15T03:40:32.779+0000][69][safepoint   ] Safepoint "Cleanup", Time since last: 2004498021 ns, Reaching safepoint: 826927 ns, At safepoint: 34426 ns, Total: 861353 ns
[2023-03-15T03:40:33.783+0000][69][safepoint   ] Safepoint "Cleanup", Time since last: 1004026816 ns, Reaching safepoint: 406000 ns, At safepoint: 40905 ns, Total: 446905 ns
[2023-03-15T03:40:35.788+0000][69][safepoint   ] Safepoint "Cleanup", Time since last: 2003580513 ns, Reaching safepoint: 867671 ns, At safepoint: 48680 ns, Total: 916351 ns
[2023-03-15T03:40:38.794+0000][69][safepoint   ] Safepoint "Cleanup", Time since last: 3005925221 ns, Reaching safepoint: 146144 ns, At safepoint: 7158 ns, Total: 153302 ns
[2023-03-15T03:40:39.796+0000][69][safepoint   ] Safepoint "Cleanup", Time since last: 1002378103 ns, Reaching safepoint: 124991 ns, At safepoint: 5674 ns, Total: 130665 ns
[2023-03-15T03:40:40.798+0000][69][safepoint   ] Safepoint "Cleanup", Time since last: 1001802696 ns, Reaching safepoint: 201609 ns, At safepoint: 12800 ns, Total: 214409 ns
[2023-03-15T03:40:41.802+0000][69][safepoint   ] Safepoint "Cleanup", Time since last: 1003514667 ns, Reaching safepoint: 167672 ns, At safepoint: 5221 ns, Total: 172893 ns
[2023-03-15T03:40:44.806+0000][69][safepoint   ] Safepoint "Cleanup", Time since last: 3003996611 ns, Reaching safepoint: 467386 ns, At safepoint: 33741 ns, Total: 501127 ns
[2023-03-15T03:40:45.810+0000][69][safepoint   ] Safepoint "Cleanup", Time since last: 1002946663 ns, Reaching safepoint: 358005 ns, At safepoint: 10847 ns, Total: 368852 ns
[2023-03-15T03:40:47.814+0000][69][safepoint   ] Safepoint "Cleanup", Time since last: 2004008680 ns, Reaching safepoint: 230048 ns, At safepoint: 6960 ns, Total: 237008 ns
[2023-03-15T03:40:49.803+0000][69][safepoint   ] Safepoint "Cleanup", Time since last: 2011414579 ns, Reaching safepoint: 519252 ns, At safepoint: 21139 ns, Total: 540391 ns
[2023-03-15T03:40:50.809+0000][69][safepoint   ] Safepoint "Cleanup", Time since last: 1005001431 ns, Reaching safepoint: 315511 ns, At safepoint: 3786 ns, Total: 319297 ns
[2023-03-15T03:40:51.661+0000][69][gc,start    ] GC(53) Pause Young (Prepare Mixed) (G1 Evacuation Pause)
[2023-03-15T03:40:51.662+0000][69][gc,task     ] GC(53) Using 4 workers of 4 for evacuation
[2023-03-15T03:40:51.662+0000][69][gc,age      ] GC(53) Desired survivor size 6291456 bytes, new threshold 15 (max threshold 15)
[2023-03-15T03:40:51.666+0000][69][gc,phases   ] GC(53)   Pre Evacuate Collection Set: 0.1ms
[2023-03-15T03:40:51.666+0000][69][gc,phases   ] GC(53)   Merge Heap Roots: 0.1ms
[2023-03-15T03:40:51.667+0000][69][gc,phases   ] GC(53)   Evacuate Collection Set: 2.3ms
[2023-03-15T03:40:51.667+0000][69][gc,phases   ] GC(53)   Post Evacuate Collection Set: 0.8ms
[2023-03-15T03:40:51.667+0000][69][gc,phases   ] GC(53)   Other: 0.8ms
[2023-03-15T03:40:51.668+0000][69][gc,age      ] GC(53) Age table with threshold 15 (max threshold 15)
[2023-03-15T03:40:51.669+0000][69][gc,age      ] GC(53) - age   1:     587888 bytes,     587888 total
[2023-03-15T03:40:51.669+0000][69][gc,age      ] GC(53) - age   2:     706680 bytes,    1294568 total
[2023-03-15T03:40:51.669+0000][69][gc,age      ] GC(53) - age   3:       1104 bytes,    1295672 total
[2023-03-15T03:40:51.670+0000][69][gc,age      ] GC(53) - age   4:      11232 bytes,    1306904 total
[2023-03-15T03:40:51.670+0000][69][gc,age      ] GC(53) - age   5:      46328 bytes,    1353232 total
[2023-03-15T03:40:51.670+0000][69][gc,age      ] GC(53) - age   6:       1208 bytes,    1354440 total
[2023-03-15T03:40:51.671+0000][69][gc,heap     ] GC(53) Eden regions: 22->0(2)
[2023-03-15T03:40:51.671+0000][69][gc,heap     ] GC(53) Survivor regions: 1->1(3)
[2023-03-15T03:40:51.671+0000][69][gc,heap     ] GC(53) Old regions: 25->25
[2023-03-15T03:40:51.672+0000][69][gc,heap     ] GC(53) Archive regions: 2->2
[2023-03-15T03:40:51.672+0000][69][gc,heap     ] GC(53) Humongous regions: 2->2
[2023-03-15T03:40:51.673+0000][69][gc,metaspace] GC(53) Metaspace: 137282K(142784K)->137282K(142784K) NonClass: 119346K(122688K)->119346K(122688K) Class: 17935K(20096K)->17935K(20096K)
[2023-03-15T03:40:51.673+0000][69][gc          ] GC(53) Pause Young (Prepare Mixed) (G1 Evacuation Pause) 200M->112M(256M) 11.638ms
[2023-03-15T03:40:51.673+0000][69][gc,cpu      ] GC(53) User=0.01s Sys=0.00s Real=0.01s
[2023-03-15T03:40:51.674+0000][69][safepoint   ] Safepoint "G1CollectForAllocation", Time since last: 852332298 ns, Reaching safepoint: 133169 ns, At safepoint: 12426699 ns, Total: 12559868 ns
[2023-03-15T03:40:53.676+0000][69][safepoint   ] Safepoint "Cleanup", Time since last: 2001625226 ns, Reaching safepoint: 351855 ns, At safepoint: 44217 ns, Total: 396072 ns
[2023-03-15T03:40:55.679+0000][69][safepoint   ] Safepoint "Cleanup", Time since last: 2003502915 ns, Reaching safepoint: 253120 ns, At safepoint: 10405 ns, Total: 263525 ns
[2023-03-15T03:40:56.448+0000][69][gc,start    ] GC(54) Pause Young (Mixed) (G1 Evacuation Pause)
[2023-03-15T03:40:56.449+0000][69][gc,task     ] GC(54) Using 4 workers of 4 for evacuation
[2023-03-15T03:40:56.449+0000][69][gc,age      ] GC(54) Desired survivor size 2097152 bytes, new threshold 15 (max threshold 15)
[2023-03-15T03:40:56.455+0000][69][gc,phases   ] GC(54)   Pre Evacuate Collection Set: 0.1ms
[2023-03-15T03:40:56.455+0000][69][gc,phases   ] GC(54)   Merge Heap Roots: 0.1ms
[2023-03-15T03:40:56.456+0000][69][gc,phases   ] GC(54)   Evacuate Collection Set: 3.9ms
[2023-03-15T03:40:56.456+0000][69][gc,phases   ] GC(54)   Post Evacuate Collection Set: 0.8ms
[2023-03-15T03:40:56.457+0000][69][gc,phases   ] GC(54)   Other: 0.9ms
[2023-03-15T03:40:56.457+0000][69][gc,age      ] GC(54) Age table with threshold 15 (max threshold 15)
[2023-03-15T03:40:56.458+0000][69][gc,age      ] GC(54) - age   1:     501568 bytes,     501568 total
[2023-03-15T03:40:56.458+0000][69][gc,age      ] GC(54) - age   2:     498344 bytes,     999912 total
[2023-03-15T03:40:56.458+0000][69][gc,age      ] GC(54) - age   3:     702144 bytes,    1702056 total
[2023-03-15T03:40:56.459+0000][69][gc,age      ] GC(54) - age   4:       1104 bytes,    1703160 total
[2023-03-15T03:40:56.459+0000][69][gc,age      ] GC(54) - age   5:      11232 bytes,    1714392 total
[2023-03-15T03:40:56.459+0000][69][gc,age      ] GC(54) - age   6:      46328 bytes,    1760720 total
[2023-03-15T03:40:56.460+0000][69][gc,age      ] GC(54) - age   7:       1208 bytes,    1761928 total
[2023-03-15T03:40:56.460+0000][69][gc,heap     ] GC(54) Eden regions: 2->0(22)
[2023-03-15T03:40:56.461+0000][69][gc,heap     ] GC(54) Survivor regions: 1->1(1)
[2023-03-15T03:40:56.461+0000][69][gc,heap     ] GC(54) Old regions: 25->25
[2023-03-15T03:40:56.462+0000][69][gc,heap     ] GC(54) Archive regions: 2->2
[2023-03-15T03:40:56.462+0000][69][gc,heap     ] GC(54) Humongous regions: 2->2
[2023-03-15T03:40:56.463+0000][69][gc,metaspace] GC(54) Metaspace: 137303K(142784K)->137303K(142784K) NonClass: 119367K(122688K)->119367K(122688K) Class: 17935K(20096K)->17935K(20096K)
[2023-03-15T03:40:56.464+0000][69][gc          ] GC(54) Pause Young (Mixed) (G1 Evacuation Pause) 120M->112M(256M) 15.193ms
[2023-03-15T03:40:56.464+0000][69][gc,cpu      ] GC(54) User=0.02s Sys=0.00s Real=0.01s
[2023-03-15T03:40:56.465+0000][69][safepoint   ] Safepoint "G1CollectForAllocation", Time since last: 768849083 ns, Reaching safepoint: 67185 ns, At safepoint: 16180030 ns, Total: 16247215 ns
[2023-03-15T03:40:57.466+0000][69][safepoint   ] Safepoint "Cleanup", Time since last: 1001142636 ns, Reaching safepoint: 489659 ns, At safepoint: 12044 ns, Total: 501703 ns
[2023-03-15T03:40:58.470+0000][69][safepoint   ] Safepoint "Cleanup", Time since last: 1003817536 ns, Reaching safepoint: 436886 ns, At safepoint: 14475 ns, Total: 451361 ns
[2023-03-15T03:40:59.475+0000][69][safepoint   ] Safepoint "Cleanup", Time since last: 1003899677 ns, Reaching safepoint: 484160 ns, At safepoint: 14401 ns, Total: 498561 ns
[2023-03-15T03:41:00.480+0000][69][safepoint   ] Safepoint "Cleanup", Time since last: 1004512342 ns, Reaching safepoint: 494607 ns, At safepoint: 13561 ns, Total: 508168 ns
[2023-03-15T03:41:01.484+0000][69][safepoint   ] Safepoint "Cleanup", Time since last: 1003858671 ns, Reaching safepoint: 98545 ns, At safepoint: 3919 ns, Total: 102464 ns
[2023-03-15T03:41:02.485+0000][69][safepoint   ] Safepoint "Cleanup", Time since last: 1001344826 ns, Reaching safepoint: 180172 ns, At safepoint: 14831 ns, Total: 195003 ns
[2023-03-15T03:41:03.487+0000][69][safepoint   ] Safepoint "Cleanup", Time since last: 1001081162 ns, Reaching safepoint: 330386 ns, At safepoint: 5631 ns, Total: 336017 ns
[2023-03-15T03:41:05.491+0000][69][safepoint   ] Safepoint "Cleanup", Time since last: 2004280010 ns, Reaching safepoint: 390252 ns, At safepoint: 12494 ns, Total: 402746 ns
[2023-03-15T03:41:08.498+0000][69][safepoint   ] Safepoint "Cleanup", Time since last: 3005929622 ns, Reaching safepoint: 252818 ns, At safepoint: 5503 ns, Total: 258321 ns
[2023-03-15T03:41:09.499+0000][69][safepoint   ] Safepoint "Cleanup", Time since last: 1001099049 ns, Reaching safepoint: 92383 ns, At safepoint: 3312 ns, Total: 95695 ns
[2023-03-15T03:41:10.501+0000][69][safepoint   ] Safepoint "Cleanup", Time since last: 1001538997 ns, Reaching safepoint: 121763 ns, At safepoint: 3129 ns, Total: 124892 ns
[2023-03-15T03:41:13.508+0000][69][safepoint   ] Safepoint "Cleanup", Time since last: 3006690969 ns, Reaching safepoint: 304039 ns, At safepoint: 15255 ns, Total: 319294 ns
[2023-03-15T03:41:14.511+0000][69][safepoint   ] Safepoint "Cleanup", Time since last: 1003018747 ns, Reaching safepoint: 79394 ns, At safepoint: 3500 ns, Total: 82894 ns
[2023-03-15T03:41:15.512+0000][69][safepoint   ] Safepoint "Cleanup", Time since last: 1001371635 ns, Reaching safepoint: 145353 ns, At safepoint: 6255 ns, Total: 151608 ns
[2023-03-15T03:41:16.514+0000][69][safepoint   ] Safepoint "Cleanup", Time since last: 1002036940 ns, Reaching safepoint: 182323 ns, At safepoint: 5452 ns, Total: 187775 ns
[2023-03-15T03:41:17.516+0000][69][safepoint   ] Safepoint "Cleanup", Time since last: 1001797004 ns, Reaching safepoint: 95973 ns, At safepoint: 4360 ns, Total: 100333 ns
[2023-03-15T03:41:18.498+0000][69][safepoint   ] Safepoint "Cleanup", Time since last: 1003633850 ns, Reaching safepoint: 439241 ns, At safepoint: 79132 ns, Total: 518373 ns
[2023-03-15T03:41:20.403+0000][69][gc,start    ] GC(55) Pause Young (Concurrent Start) (G1 Evacuation Pause)
[2023-03-15T03:41:20.403+0000][69][gc,task     ] GC(55) Using 4 workers of 4 for evacuation
[2023-03-15T03:41:20.404+0000][69][gc,age      ] GC(55) Desired survivor size 6291456 bytes, new threshold 15 (max threshold 15)
[2023-03-15T03:41:20.408+0000][69][gc,phases   ] GC(55)   Pre Evacuate Collection Set: 0.4ms
[2023-03-15T03:41:20.408+0000][69][gc,phases   ] GC(55)   Merge Heap Roots: 0.1ms
[2023-03-15T03:41:20.409+0000][69][gc,phases   ] GC(55)   Evacuate Collection Set: 2.2ms
[2023-03-15T03:41:20.409+0000][69][gc,phases   ] GC(55)   Post Evacuate Collection Set: 0.7ms
[2023-03-15T03:41:20.410+0000][69][gc,phases   ] GC(55)   Other: 1.0ms
[2023-03-15T03:41:20.411+0000][69][gc,age      ] GC(55) Age table with threshold 15 (max threshold 15)
[2023-03-15T03:41:20.411+0000][69][gc,age      ] GC(55) - age   1:    1123168 bytes,    1123168 total
[2023-03-15T03:41:20.412+0000][69][gc,age      ] GC(55) - age   2:       5112 bytes,    1128280 total
[2023-03-15T03:41:20.412+0000][69][gc,age      ] GC(55) - age   3:      41312 bytes,    1169592 total
[2023-03-15T03:41:20.413+0000][69][gc,age      ] GC(55) - age   4:     677536 bytes,    1847128 total
[2023-03-15T03:41:20.413+0000][69][gc,age      ] GC(55) - age   5:       1104 bytes,    1848232 total
[2023-03-15T03:41:20.413+0000][69][gc,age      ] GC(55) - age   6:      11232 bytes,    1859464 total
[2023-03-15T03:41:20.414+0000][69][gc,age      ] GC(55) - age   7:      46328 bytes,    1905792 total
[2023-03-15T03:41:20.414+0000][69][gc,age      ] GC(55) - age   8:       1208 bytes,    1907000 total
[2023-03-15T03:41:20.415+0000][69][gc,heap     ] GC(55) Eden regions: 22->0(22)
[2023-03-15T03:41:20.415+0000][69][gc,heap     ] GC(55) Survivor regions: 1->1(3)
[2023-03-15T03:41:20.416+0000][69][gc,heap     ] GC(55) Old regions: 25->25
[2023-03-15T03:41:20.416+0000][69][gc,heap     ] GC(55) Archive regions: 2->2
[2023-03-15T03:41:20.416+0000][69][gc,heap     ] GC(55) Humongous regions: 2->2
[2023-03-15T03:41:20.417+0000][69][gc,metaspace] GC(55) Metaspace: 137549K(142784K)->137549K(142784K) NonClass: 119613K(122688K)->119613K(122688K) Class: 17935K(20096K)->17935K(20096K)
[2023-03-15T03:41:20.418+0000][69][gc          ] GC(55) Pause Young (Concurrent Start) (G1 Evacuation Pause) 200M->112M(256M) 14.652ms
[2023-03-15T03:41:20.418+0000][69][gc,cpu      ] GC(55) User=0.01s Sys=0.01s Real=0.02s
[2023-03-15T03:41:20.418+0000][69][safepoint   ] Safepoint "G1CollectForAllocation", Time since last: 1904414588 ns, Reaching safepoint: 93611 ns, At safepoint: 15659193 ns, Total: 15752804 ns
[2023-03-15T03:41:20.418+0000][69][gc          ] GC(56) Concurrent Mark Cycle
[2023-03-15T03:41:20.420+0000][69][gc,marking  ] GC(56) Concurrent Clear Claimed Marks
[2023-03-15T03:41:20.420+0000][69][gc,marking  ] GC(56) Concurrent Clear Claimed Marks 0.788ms
[2023-03-15T03:41:20.421+0000][69][gc,marking  ] GC(56) Concurrent Scan Root Regions
[2023-03-15T03:41:20.423+0000][69][gc,marking  ] GC(56) Concurrent Scan Root Regions 2.529ms
[2023-03-15T03:41:20.424+0000][69][gc,marking  ] GC(56) Concurrent Mark
[2023-03-15T03:41:20.424+0000][69][gc,marking  ] GC(56) Concurrent Mark From Roots
[2023-03-15T03:41:20.425+0000][69][gc,task     ] GC(56) Using 1 workers of 1 for marking
[2023-03-15T03:41:20.567+0000][69][gc,marking  ] GC(56) Concurrent Mark From Roots 142.846ms
[2023-03-15T03:41:20.568+0000][69][gc,marking  ] GC(56) Concurrent Preclean
[2023-03-15T03:41:20.569+0000][69][gc,marking  ] GC(56) Concurrent Preclean 0.619ms
[2023-03-15T03:41:20.569+0000][69][gc,start    ] GC(56) Pause Remark
[2023-03-15T03:41:20.583+0000][69][gc          ] GC(56) Pause Remark 113M->113M(256M) 14.195ms
[2023-03-15T03:41:20.584+0000][69][gc,cpu      ] GC(56) User=0.04s Sys=0.01s Real=0.02s
[2023-03-15T03:41:20.585+0000][69][safepoint   ] Safepoint "G1PauseRemark", Time since last: 150680606 ns, Reaching safepoint: 87356 ns, At safepoint: 15783026 ns, Total: 15870382 ns
[2023-03-15T03:41:20.586+0000][69][gc,marking  ] GC(56) Concurrent Mark 161.699ms
[2023-03-15T03:41:20.586+0000][69][gc,marking  ] GC(56) Concurrent Rebuild Remembered Sets
[2023-03-15T03:41:20.655+0000][69][gc,marking  ] GC(56) Concurrent Rebuild Remembered Sets 68.937ms
[2023-03-15T03:41:20.656+0000][69][gc,start    ] GC(56) Pause Cleanup
[2023-03-15T03:41:20.657+0000][69][gc          ] GC(56) Pause Cleanup 118M->118M(256M) 0.889ms
[2023-03-15T03:41:20.658+0000][69][gc,cpu      ] GC(56) User=0.00s Sys=0.00s Real=0.00s
[2023-03-15T03:41:20.658+0000][69][safepoint   ] Safepoint "G1PauseCleanup", Time since last: 70982277 ns, Reaching safepoint: 96242 ns, At safepoint: 1950392 ns, Total: 2046634 ns
[2023-03-15T03:41:20.659+0000][69][gc,marking  ] GC(56) Concurrent Cleanup for Next Mark
[2023-03-15T03:41:20.660+0000][69][gc,marking  ] GC(56) Concurrent Cleanup for Next Mark 0.822ms
[2023-03-15T03:41:20.661+0000][69][gc          ] GC(56) Concurrent Mark Cycle 242.527ms
[2023-03-15T03:41:21.660+0000][69][safepoint   ] Safepoint "Cleanup", Time since last: 1001753757 ns, Reaching safepoint: 314094 ns, At safepoint: 20988 ns, Total: 335082 ns
[2023-03-15T03:41:23.666+0000][69][safepoint   ] Safepoint "Cleanup", Time since last: 2004514442 ns, Reaching safepoint: 1011124 ns, At safepoint: 50114 ns, Total: 1061238 ns
[2023-03-15T03:41:26.673+0000][69][safepoint   ] Safepoint "Cleanup", Time since last: 3006416445 ns, Reaching safepoint: 592378 ns, At safepoint: 81730 ns, Total: 674108 ns
[2023-03-15T03:41:27.675+0000][69][safepoint   ] Safepoint "Cleanup", Time since last: 1002135592 ns, Reaching safepoint: 128489 ns, At safepoint: 6854 ns, Total: 135343 ns
[2023-03-15T03:41:28.677+0000][69][safepoint   ] Safepoint "Cleanup", Time since last: 1001875948 ns, Reaching safepoint: 514338 ns, At safepoint: 12920 ns, Total: 527258 ns
[2023-03-15T03:41:29.682+0000][69][safepoint   ] Safepoint "Cleanup", Time since last: 1003732902 ns, Reaching safepoint: 275814 ns, At safepoint: 6276 ns, Total: 282090 ns
[2023-03-15T03:41:31.684+0000][69][safepoint   ] Safepoint "Cleanup", Time since last: 2002609073 ns, Reaching safepoint: 260868 ns, At safepoint: 11467 ns, Total: 272335 ns
[2023-03-15T03:41:32.688+0000][69][safepoint   ] Safepoint "Cleanup", Time since last: 1003050253 ns, Reaching safepoint: 114948 ns, At safepoint: 3412 ns, Total: 118360 ns
[2023-03-15T03:41:33.690+0000][69][safepoint   ] Safepoint "Cleanup", Time since last: 1002543554 ns, Reaching safepoint: 269030 ns, At safepoint: 11640 ns, Total: 280670 ns
[2023-03-15T03:41:35.695+0000][69][safepoint   ] Safepoint "Cleanup", Time since last: 2004121083 ns, Reaching safepoint: 229772 ns, At safepoint: 8570 ns, Total: 238342 ns
[2023-03-15T03:41:38.698+0000][69][safepoint   ] Safepoint "Cleanup", Time since last: 3002743947 ns, Reaching safepoint: 115187 ns, At safepoint: 25182 ns, Total: 140369 ns
[2023-03-15T03:41:39.700+0000][69][safepoint   ] Safepoint "Cleanup", Time since last: 1002457028 ns, Reaching safepoint: 269624 ns, At safepoint: 10622 ns, Total: 280246 ns
[2023-03-15T03:41:40.704+0000][69][safepoint   ] Safepoint "Cleanup", Time since last: 1003234100 ns, Reaching safepoint: 284059 ns, At safepoint: 9811 ns, Total: 293870 ns
[2023-03-15T03:41:41.708+0000][69][safepoint   ] Safepoint "Cleanup", Time since last: 1003659424 ns, Reaching safepoint: 296706 ns, At safepoint: 10219 ns, Total: 306925 ns
[2023-03-15T03:41:43.712+0000][69][safepoint   ] Safepoint "Cleanup", Time since last: 2004305351 ns, Reaching safepoint: 254130 ns, At safepoint: 13841 ns, Total: 267971 ns
[2023-03-15T03:41:44.717+0000][69][safepoint   ] Safepoint "Cleanup", Time since last: 1004158055 ns, Reaching safepoint: 131603 ns, At safepoint: 3951 ns, Total: 135554 ns
[2023-03-15T03:41:46.721+0000][69][safepoint   ] Safepoint "Cleanup", Time since last: 2003430835 ns, Reaching safepoint: 714818 ns, At safepoint: 29468 ns, Total: 744286 ns
[2023-03-15T03:41:47.346+0000][69][gc,start    ] GC(57) Pause Young (Prepare Mixed) (G1 Evacuation Pause)
[2023-03-15T03:41:47.348+0000][69][gc,task     ] GC(57) Using 4 workers of 4 for evacuation
[2023-03-15T03:41:47.349+0000][69][gc,age      ] GC(57) Desired survivor size 6291456 bytes, new threshold 15 (max threshold 15)
[2023-03-15T03:41:47.356+0000][69][gc,phases   ] GC(57)   Pre Evacuate Collection Set: 0.5ms
[2023-03-15T03:41:47.358+0000][69][gc,phases   ] GC(57)   Merge Heap Roots: 0.3ms
[2023-03-15T03:41:47.358+0000][69][gc,phases   ] GC(57)   Evacuate Collection Set: 4.2ms
[2023-03-15T03:41:47.359+0000][69][gc,phases   ] GC(57)   Post Evacuate Collection Set: 1.0ms
[2023-03-15T03:41:47.360+0000][69][gc,phases   ] GC(57)   Other: 2.2ms
[2023-03-15T03:41:47.360+0000][69][gc,age      ] GC(57) Age table with threshold 15 (max threshold 15)
[2023-03-15T03:41:47.361+0000][69][gc,age      ] GC(57) - age   1:    1151232 bytes,    1151232 total
[2023-03-15T03:41:47.362+0000][69][gc,age      ] GC(57) - age   2:      19976 bytes,    1171208 total
[2023-03-15T03:41:47.362+0000][69][gc,age      ] GC(57) - age   3:        384 bytes,    1171592 total
[2023-03-15T03:41:47.363+0000][69][gc,age      ] GC(57) - age   4:       9312 bytes,    1180904 total
[2023-03-15T03:41:47.364+0000][69][gc,age      ] GC(57) - age   5:     588104 bytes,    1769008 total
[2023-03-15T03:41:47.364+0000][69][gc,age      ] GC(57) - age   6:       1040 bytes,    1770048 total
[2023-03-15T03:41:47.366+0000][69][gc,age      ] GC(57) - age   7:      10616 bytes,    1780664 total
[2023-03-15T03:41:47.367+0000][69][gc,age      ] GC(57) - age   8:      46328 bytes,    1826992 total
[2023-03-15T03:41:47.368+0000][69][gc,age      ] GC(57) - age   9:        888 bytes,    1827880 total
[2023-03-15T03:41:47.369+0000][69][gc,heap     ] GC(57) Eden regions: 22->0(2)
[2023-03-15T03:41:47.369+0000][69][gc,heap     ] GC(57) Survivor regions: 1->1(3)
[2023-03-15T03:41:47.370+0000][69][gc,heap     ] GC(57) Old regions: 25->25
[2023-03-15T03:41:47.370+0000][69][gc,heap     ] GC(57) Archive regions: 2->2
[2023-03-15T03:41:47.371+0000][69][gc,heap     ] GC(57) Humongous regions: 2->2
[2023-03-15T03:41:47.371+0000][69][gc,metaspace] GC(57) Metaspace: 137496K(142784K)->137496K(142784K) NonClass: 119610K(122688K)->119610K(122688K) Class: 17885K(20096K)->17885K(20096K)
[2023-03-15T03:41:47.372+0000][69][gc          ] GC(57) Pause Young (Prepare Mixed) (G1 Evacuation Pause) 200M->112M(256M) 25.933ms
[2023-03-15T03:41:47.373+0000][69][gc,cpu      ] GC(57) User=0.01s Sys=0.00s Real=0.02s
[2023-03-15T03:41:47.374+0000][69][safepoint   ] Safepoint "G1CollectForAllocation", Time since last: 625099248 ns, Reaching safepoint: 406648 ns, At safepoint: 27441662 ns, Total: 27848310 ns
[2023-03-15T03:41:48.355+0000][69][safepoint   ] Safepoint "Cleanup", Time since last: 1002651589 ns, Reaching safepoint: 427532 ns, At safepoint: 12868 ns, Total: 440400 ns
[2023-03-15T03:41:50.360+0000][69][safepoint   ] Safepoint "Cleanup", Time since last: 2004842477 ns, Reaching safepoint: 89344 ns, At safepoint: 3534 ns, Total: 92878 ns
[2023-03-15T03:41:50.549+0000][69][gc,start    ] GC(58) Pause Young (Mixed) (G1 Evacuation Pause)
[2023-03-15T03:41:50.549+0000][69][gc,task     ] GC(58) Using 4 workers of 4 for evacuation
[2023-03-15T03:41:50.550+0000][69][gc,age      ] GC(58) Desired survivor size 2097152 bytes, new threshold 15 (max threshold 15)
[2023-03-15T03:41:50.558+0000][69][gc,phases   ] GC(58)   Pre Evacuate Collection Set: 0.2ms
[2023-03-15T03:41:50.559+0000][69][gc,phases   ] GC(58)   Merge Heap Roots: 0.1ms
[2023-03-15T03:41:50.560+0000][69][gc,phases   ] GC(58)   Evacuate Collection Set: 6.5ms
[2023-03-15T03:41:50.561+0000][69][gc,phases   ] GC(58)   Post Evacuate Collection Set: 1.1ms
[2023-03-15T03:41:50.562+0000][69][gc,phases   ] GC(58)   Other: 1.3ms
[2023-03-15T03:41:50.562+0000][69][gc,age      ] GC(58) Age table with threshold 15 (max threshold 15)
[2023-03-15T03:41:50.563+0000][69][gc,age      ] GC(58) - age   1:     181472 bytes,     181472 total
[2023-03-15T03:41:50.563+0000][69][gc,age      ] GC(58) - age   2:    1018624 bytes,    1200096 total
[2023-03-15T03:41:50.564+0000][69][gc,age      ] GC(58) - age   3:      13744 bytes,    1213840 total
[2023-03-15T03:41:50.564+0000][69][gc,age      ] GC(58) - age   4:        384 bytes,    1214224 total
[2023-03-15T03:41:50.565+0000][69][gc,age      ] GC(58) - age   5:       8896 bytes,    1223120 total
[2023-03-15T03:41:50.565+0000][69][gc,age      ] GC(58) - age   6:     588072 bytes,    1811192 total
[2023-03-15T03:41:50.566+0000][69][gc,age      ] GC(58) - age   7:       1040 bytes,    1812232 total
[2023-03-15T03:41:50.567+0000][69][gc,age      ] GC(58) - age   8:      10440 bytes,    1822672 total
[2023-03-15T03:41:50.567+0000][69][gc,age      ] GC(58) - age   9:      46328 bytes,    1869000 total
[2023-03-15T03:41:50.568+0000][69][gc,age      ] GC(58) - age  10:        888 bytes,    1869888 total
[2023-03-15T03:41:50.570+0000][69][gc,heap     ] GC(58) Eden regions: 2->0(23)
[2023-03-15T03:41:50.570+0000][69][gc,heap     ] GC(58) Survivor regions: 1->1(1)
[2023-03-15T03:41:50.571+0000][69][gc,heap     ] GC(58) Old regions: 25->25
[2023-03-15T03:41:50.571+0000][69][gc,heap     ] GC(58) Archive regions: 2->2
[2023-03-15T03:41:50.572+0000][69][gc,heap     ] GC(58) Humongous regions: 2->2
[2023-03-15T03:41:50.572+0000][69][gc,metaspace] GC(58) Metaspace: 137508K(142784K)->137508K(142784K) NonClass: 119622K(122688K)->119622K(122688K) Class: 17885K(20096K)->17885K(20096K)
[2023-03-15T03:41:50.573+0000][69][gc          ] GC(58) Pause Young (Mixed) (G1 Evacuation Pause) 120M->111M(256M) 24.223ms
[2023-03-15T03:41:50.573+0000][69][gc,cpu      ] GC(58) User=0.03s Sys=0.00s Real=0.03s
[2023-03-15T03:41:50.574+0000][69][safepoint   ] Safepoint "G1CollectForAllocation", Time since last: 188996074 ns, Reaching safepoint: 99011 ns, At safepoint: 25240534 ns, Total: 25339545 ns
[2023-03-15T03:41:51.577+0000][69][safepoint   ] Safepoint "Cleanup", Time since last: 1002878741 ns, Reaching safepoint: 403188 ns, At safepoint: 159948 ns, Total: 563136 ns
[2023-03-15T03:41:53.582+0000][69][safepoint   ] Safepoint "Cleanup", Time since last: 2004958996 ns, Reaching safepoint: 180453 ns, At safepoint: 10853 ns, Total: 191306 ns
[2023-03-15T03:41:55.585+0000][69][safepoint   ] Safepoint "Cleanup", Time since last: 2002131016 ns, Reaching safepoint: 116495 ns, At safepoint: 4448 ns, Total: 120943 ns
[2023-03-15T03:41:57.586+0000][69][safepoint   ] Safepoint "Cleanup", Time since last: 2001360780 ns, Reaching safepoint: 145054 ns, At safepoint: 10411 ns, Total: 155465 ns
[2023-03-15T03:41:58.588+0000][69][safepoint   ] Safepoint "Cleanup", Time since last: 1001363086 ns, Reaching safepoint: 869226 ns, At safepoint: 16386 ns, Total: 885612 ns
[2023-03-15T03:41:59.594+0000][69][safepoint   ] Safepoint "Cleanup", Time since last: 1004691537 ns, Reaching safepoint: 496678 ns, At safepoint: 13632 ns, Total: 510310 ns
[2023-03-15T03:42:02.599+0000][69][safepoint   ] Safepoint "Cleanup", Time since last: 3005075383 ns, Reaching safepoint: 92110 ns, At safepoint: 26027 ns, Total: 118137 ns
[2023-03-15T03:42:03.601+0000][69][safepoint   ] Safepoint "Cleanup", Time since last: 1001970790 ns, Reaching safepoint: 522616 ns, At safepoint: 13968 ns, Total: 536584 ns
[2023-03-15T03:42:05.610+0000][69][safepoint   ] Safepoint "Cleanup", Time since last: 2007565639 ns, Reaching safepoint: 1112908 ns, At safepoint: 51234 ns, Total: 1164142 ns
[2023-03-15T03:42:06.615+0000][69][safepoint   ] Safepoint "Cleanup", Time since last: 1003885595 ns, Reaching safepoint: 944098 ns, At safepoint: 197395 ns, Total: 1141493 ns
[2023-03-15T03:42:08.621+0000][69][safepoint   ] Safepoint "Cleanup", Time since last: 2005218573 ns, Reaching safepoint: 237533 ns, At safepoint: 45213 ns, Total: 282746 ns
[2023-03-15T03:42:09.623+0000][69][safepoint   ] Safepoint "Cleanup", Time since last: 1001642328 ns, Reaching safepoint: 246495 ns, At safepoint: 61895 ns, Total: 308390 ns
[2023-03-15T03:42:14.631+0000][69][safepoint   ] Safepoint "Cleanup", Time since last: 5008440811 ns, Reaching safepoint: 212762 ns, At safepoint: 36997 ns, Total: 249759 ns
[2023-03-15T03:42:15.633+0000][69][safepoint   ] Safepoint "Cleanup", Time since last: 1001103771 ns, Reaching safepoint: 246705 ns, At safepoint: 45605 ns, Total: 292310 ns
[2023-03-15T03:42:17.636+0000][69][safepoint   ] Safepoint "Cleanup", Time since last: 2002556470 ns, Reaching safepoint: 605603 ns, At safepoint: 33808 ns, Total: 639411 ns
[2023-03-15T03:42:20.278+0000][69][gc,start    ] GC(59) Pause Young (Concurrent Start) (G1 Evacuation Pause)
[2023-03-15T03:42:20.280+0000][69][gc,task     ] GC(59) Using 4 workers of 4 for evacuation
[2023-03-15T03:42:20.282+0000][69][gc,age      ] GC(59) Desired survivor size 6291456 bytes, new threshold 15 (max threshold 15)
[2023-03-15T03:42:20.291+0000][69][gc,phases   ] GC(59)   Pre Evacuate Collection Set: 0.7ms
[2023-03-15T03:42:20.292+0000][69][gc,phases   ] GC(59)   Merge Heap Roots: 0.2ms
[2023-03-15T03:42:20.294+0000][69][gc,phases   ] GC(59)   Evacuate Collection Set: 5.1ms
[2023-03-15T03:42:20.295+0000][69][gc,phases   ] GC(59)   Post Evacuate Collection Set: 2.3ms
[2023-03-15T03:42:20.296+0000][69][gc,phases   ] GC(59)   Other: 2.9ms
[2023-03-15T03:42:20.297+0000][69][gc,age      ] GC(59) Age table with threshold 15 (max threshold 15)
[2023-03-15T03:42:20.298+0000][69][gc,age      ] GC(59) - age   1:    1163784 bytes,    1163784 total
[2023-03-15T03:42:20.299+0000][69][gc,age      ] GC(59) - age   2:       1592 bytes,    1165376 total
[2023-03-15T03:42:20.299+0000][69][gc,age      ] GC(59) - age   3:     196680 bytes,    1362056 total
[2023-03-15T03:42:20.300+0000][69][gc,age      ] GC(59) - age   4:      13112 bytes,    1375168 total
[2023-03-15T03:42:20.301+0000][69][gc,age      ] GC(59) - age   5:        384 bytes,    1375552 total
[2023-03-15T03:42:20.302+0000][69][gc,age      ] GC(59) - age   6:       8704 bytes,    1384256 total
[2023-03-15T03:42:20.303+0000][69][gc,age      ] GC(59) - age   7:     583248 bytes,    1967504 total
[2023-03-15T03:42:20.303+0000][69][gc,age      ] GC(59) - age   8:       1040 bytes,    1968544 total
[2023-03-15T03:42:20.304+0000][69][gc,age      ] GC(59) - age   9:      10440 bytes,    1978984 total
[2023-03-15T03:42:20.305+0000][69][gc,age      ] GC(59) - age  10:      46328 bytes,    2025312 total
[2023-03-15T03:42:20.305+0000][69][gc,age      ] GC(59) - age  11:        888 bytes,    2026200 total
[2023-03-15T03:42:20.305+0000][69][gc,heap     ] GC(59) Eden regions: 23->0(23)
[2023-03-15T03:42:20.306+0000][69][gc,heap     ] GC(59) Survivor regions: 1->1(3)
[2023-03-15T03:42:20.306+0000][69][gc,heap     ] GC(59) Old regions: 25->25
[2023-03-15T03:42:20.307+0000][69][gc,heap     ] GC(59) Archive regions: 2->2
[2023-03-15T03:42:20.308+0000][69][gc,heap     ] GC(59) Humongous regions: 2->2
[2023-03-15T03:42:20.308+0000][69][gc,metaspace] GC(59) Metaspace: 137686K(142784K)->137686K(142784K) NonClass: 119800K(122688K)->119800K(122688K) Class: 17885K(20096K)->17885K(20096K)
[2023-03-15T03:42:20.309+0000][69][gc          ] GC(59) Pause Young (Concurrent Start) (G1 Evacuation Pause) 203M->111M(256M) 31.415ms
[2023-03-15T03:42:20.310+0000][69][gc          ] GC(60) Concurrent Mark Cycle
[2023-03-15T03:42:20.310+0000][69][gc,marking  ] GC(60) Concurrent Clear Claimed Marks
[2023-03-15T03:42:20.310+0000][69][gc,cpu      ] GC(59) User=0.02s Sys=0.00s Real=0.03s
[2023-03-15T03:42:20.311+0000][69][gc,marking  ] GC(60) Concurrent Clear Claimed Marks 0.854ms
[2023-03-15T03:42:20.312+0000][69][gc,marking  ] GC(60) Concurrent Scan Root Regions
[2023-03-15T03:42:20.312+0000][69][safepoint   ] Safepoint "G1CollectForAllocation", Time since last: 2665828771 ns, Reaching safepoint: 541094 ns, At safepoint: 34504189 ns, Total: 35045283 ns
[2023-03-15T03:42:20.316+0000][69][gc,marking  ] GC(60) Concurrent Scan Root Regions 3.632ms
[2023-03-15T03:42:20.317+0000][69][gc,marking  ] GC(60) Concurrent Mark
[2023-03-15T03:42:20.317+0000][69][gc,marking  ] GC(60) Concurrent Mark From Roots
[2023-03-15T03:42:20.318+0000][69][gc,task     ] GC(60) Using 1 workers of 1 for marking
[2023-03-15T03:42:20.448+0000][69][gc,marking  ] GC(60) Concurrent Mark From Roots 130.978ms
[2023-03-15T03:42:20.449+0000][69][gc,marking  ] GC(60) Concurrent Preclean
[2023-03-15T03:42:20.450+0000][69][gc,marking  ] GC(60) Concurrent Preclean 0.758ms
[2023-03-15T03:42:20.451+0000][69][gc,start    ] GC(60) Pause Remark
[2023-03-15T03:42:20.466+0000][69][gc          ] GC(60) Pause Remark 116M->116M(256M) 14.948ms
[2023-03-15T03:42:20.466+0000][69][gc,cpu      ] GC(60) User=0.05s Sys=0.00s Real=0.01s
[2023-03-15T03:42:20.467+0000][69][safepoint   ] Safepoint "G1PauseRemark", Time since last: 138497739 ns, Reaching safepoint: 115622 ns, At safepoint: 16719149 ns, Total: 16834771 ns
[2023-03-15T03:42:20.468+0000][69][gc,marking  ] GC(60) Concurrent Mark 151.455ms
[2023-03-15T03:42:20.469+0000][69][gc,marking  ] GC(60) Concurrent Rebuild Remembered Sets
[2023-03-15T03:42:20.529+0000][69][gc,marking  ] GC(60) Concurrent Rebuild Remembered Sets 60.327ms
[2023-03-15T03:42:20.531+0000][69][gc,start    ] GC(60) Pause Cleanup
[2023-03-15T03:42:20.531+0000][69][gc          ] GC(60) Pause Cleanup 117M->117M(256M) 0.584ms
[2023-03-15T03:42:20.532+0000][69][gc,cpu      ] GC(60) User=0.00s Sys=0.00s Real=0.00s
[2023-03-15T03:42:20.532+0000][69][safepoint   ] Safepoint "G1PauseCleanup", Time since last: 63377562 ns, Reaching safepoint: 169530 ns, At safepoint: 1495378 ns, Total: 1664908 ns
[2023-03-15T03:42:20.533+0000][69][gc,marking  ] GC(60) Concurrent Cleanup for Next Mark
[2023-03-15T03:42:20.533+0000][69][gc,marking  ] GC(60) Concurrent Cleanup for Next Mark 0.643ms
[2023-03-15T03:42:20.534+0000][69][gc          ] GC(60) Concurrent Mark Cycle 224.355ms
[2023-03-15T03:42:21.534+0000][69][safepoint   ] Safepoint "Cleanup", Time since last: 1000904834 ns, Reaching safepoint: 320656 ns, At safepoint: 10869 ns, Total: 331525 ns
[2023-03-15T03:42:22.538+0000][69][safepoint   ] Safepoint "Cleanup", Time since last: 1003426501 ns, Reaching safepoint: 538155 ns, At safepoint: 13744 ns, Total: 551899 ns
[2023-03-15T03:42:23.542+0000][69][safepoint   ] Safepoint "Cleanup", Time since last: 1003760984 ns, Reaching safepoint: 327010 ns, At safepoint: 10422 ns, Total: 337432 ns
[2023-03-15T03:42:24.545+0000][69][safepoint   ] Safepoint "Cleanup", Time since last: 1003354875 ns, Reaching safepoint: 159449 ns, At safepoint: 8778 ns, Total: 168227 ns
[2023-03-15T03:42:26.548+0000][69][safepoint   ] Safepoint "Cleanup", Time since last: 2002288702 ns, Reaching safepoint: 87597 ns, At safepoint: 3644 ns, Total: 91241 ns
[2023-03-15T03:42:27.549+0000][69][safepoint   ] Safepoint "Cleanup", Time since last: 1000953293 ns, Reaching safepoint: 111907 ns, At safepoint: 7695 ns, Total: 119602 ns
[2023-03-15T03:42:28.551+0000][69][safepoint   ] Safepoint "Cleanup", Time since last: 1001601410 ns, Reaching safepoint: 633393 ns, At safepoint: 15711 ns, Total: 649104 ns
[2023-03-15T03:42:29.555+0000][69][safepoint   ] Safepoint "Cleanup", Time since last: 1003866754 ns, Reaching safepoint: 93042 ns, At safepoint: 4352 ns, Total: 97394 ns
[2023-03-15T03:42:32.557+0000][69][safepoint   ] Safepoint "Cleanup", Time since last: 3002396865 ns, Reaching safepoint: 137180 ns, At safepoint: 6720 ns, Total: 143900 ns
[2023-03-15T03:42:33.569+0000][69][safepoint   ] Safepoint "Cleanup", Time since last: 1011861910 ns, Reaching safepoint: 247512 ns, At safepoint: 7782 ns, Total: 255294 ns
[2023-03-15T03:42:36.575+0000][69][safepoint   ] Safepoint "Cleanup", Time since last: 3004804860 ns, Reaching safepoint: 245139 ns, At safepoint: 10090 ns, Total: 255229 ns
[2023-03-15T03:42:38.580+0000][69][safepoint   ] Safepoint "Cleanup", Time since last: 2005292392 ns, Reaching safepoint: 244048 ns, At safepoint: 30241 ns, Total: 274289 ns
[2023-03-15T03:42:39.581+0000][69][safepoint   ] Safepoint "Cleanup", Time since last: 1001162666 ns, Reaching safepoint: 97653 ns, At safepoint: 5473 ns, Total: 103126 ns
[2023-03-15T03:42:40.585+0000][69][safepoint   ] Safepoint "Cleanup", Time since last: 1002996990 ns, Reaching safepoint: 161587 ns, At safepoint: 12870 ns, Total: 174457 ns
[2023-03-15T03:42:41.589+0000][69][safepoint   ] Safepoint "Cleanup", Time since last: 1003538536 ns, Reaching safepoint: 526319 ns, At safepoint: 49914 ns, Total: 576233 ns
[2023-03-15T03:42:43.593+0000][69][safepoint   ] Safepoint "Cleanup", Time since last: 2004153453 ns, Reaching safepoint: 81459 ns, At safepoint: 3792 ns, Total: 85251 ns
[2023-03-15T03:42:44.594+0000][69][safepoint   ] Safepoint "Cleanup", Time since last: 1001194079 ns, Reaching safepoint: 254682 ns, At safepoint: 5714 ns, Total: 260396 ns
[2023-03-15T03:42:45.353+0000][69][gc,start    ] GC(61) Pause Young (Prepare Mixed) (G1 Evacuation Pause)
[2023-03-15T03:42:45.354+0000][69][gc,task     ] GC(61) Using 4 workers of 4 for evacuation
[2023-03-15T03:42:45.355+0000][69][gc,age      ] GC(61) Desired survivor size 6291456 bytes, new threshold 15 (max threshold 15)
[2023-03-15T03:42:45.361+0000][69][gc,phases   ] GC(61)   Pre Evacuate Collection Set: 0.1ms
[2023-03-15T03:42:45.363+0000][69][gc,phases   ] GC(61)   Merge Heap Roots: 0.1ms
[2023-03-15T03:42:45.363+0000][69][gc,phases   ] GC(61)   Evacuate Collection Set: 4.2ms
[2023-03-15T03:42:45.364+0000][69][gc,phases   ] GC(61)   Post Evacuate Collection Set: 0.9ms
[2023-03-15T03:42:45.365+0000][69][gc,phases   ] GC(61)   Other: 1.4ms
[2023-03-15T03:42:45.365+0000][69][gc,age      ] GC(61) Age table with threshold 15 (max threshold 15)
[2023-03-15T03:42:45.366+0000][69][gc,age      ] GC(61) - age   1:    1739952 bytes,    1739952 total
[2023-03-15T03:42:45.367+0000][69][gc,age      ] GC(61) - age   2:      51152 bytes,    1791104 total
[2023-03-15T03:42:45.368+0000][69][gc,age      ] GC(61) - age   3:       1464 bytes,    1792568 total
[2023-03-15T03:42:45.368+0000][69][gc,age      ] GC(61) - age   4:     195280 bytes,    1987848 total
[2023-03-15T03:42:45.369+0000][69][gc,age      ] GC(61) - age   5:       4968 bytes,    1992816 total
[2023-03-15T03:42:45.369+0000][69][gc,age      ] GC(61) - age   6:        384 bytes,    1993200 total
[2023-03-15T03:42:45.370+0000][69][gc,age      ] GC(61) - age   7:       8576 bytes,    2001776 total
[2023-03-15T03:42:45.370+0000][69][gc,age      ] GC(61) - age   8:     583184 bytes,    2584960 total
[2023-03-15T03:42:45.371+0000][69][gc,age      ] GC(61) - age   9:       1040 bytes,    2586000 total
[2023-03-15T03:42:45.371+0000][69][gc,age      ] GC(61) - age  10:      10376 bytes,    2596376 total
[2023-03-15T03:42:45.372+0000][69][gc,age      ] GC(61) - age  11:      46328 bytes,    2642704 total
[2023-03-15T03:42:45.372+0000][69][gc,age      ] GC(61) - age  12:        888 bytes,    2643592 total
[2023-03-15T03:42:45.373+0000][69][gc,heap     ] GC(61) Eden regions: 23->0(2)
[2023-03-15T03:42:45.373+0000][69][gc,heap     ] GC(61) Survivor regions: 1->1(3)
[2023-03-15T03:42:45.374+0000][69][gc,heap     ] GC(61) Old regions: 25->25
[2023-03-15T03:42:45.374+0000][69][gc,heap     ] GC(61) Archive regions: 2->2
[2023-03-15T03:42:45.375+0000][69][gc,heap     ] GC(61) Humongous regions: 2->2
[2023-03-15T03:42:45.375+0000][69][gc,metaspace] GC(61) Metaspace: 137772K(142848K)->137772K(142848K) NonClass: 119898K(122752K)->119898K(122752K) Class: 17874K(20096K)->17874K(20096K)
[2023-03-15T03:42:45.376+0000][69][gc          ] GC(61) Pause Young (Prepare Mixed) (G1 Evacuation Pause) 203M->112M(256M) 22.504ms
[2023-03-15T03:42:45.376+0000][69][gc,cpu      ] GC(61) User=0.01s Sys=0.00s Real=0.02s
[2023-03-15T03:42:45.377+0000][69][safepoint   ] Safepoint "G1CollectForAllocation", Time since last: 758759966 ns, Reaching safepoint: 149251 ns, At safepoint: 23572599 ns, Total: 23721850 ns
[2023-03-15T03:42:46.378+0000][69][safepoint   ] Safepoint "Cleanup", Time since last: 1000629161 ns, Reaching safepoint: 154295 ns, At safepoint: 4956 ns, Total: 159251 ns
[2023-03-15T03:42:47.316+0000][69][gc,start    ] GC(62) Pause Young (Mixed) (G1 Evacuation Pause)
[2023-03-15T03:42:47.318+0000][69][gc,task     ] GC(62) Using 4 workers of 4 for evacuation
[2023-03-15T03:42:47.319+0000][69][gc,age      ] GC(62) Desired survivor size 2097152 bytes, new threshold 8 (max threshold 15)
[2023-03-15T03:42:47.328+0000][69][gc,phases   ] GC(62)   Pre Evacuate Collection Set: 0.2ms
[2023-03-15T03:42:47.329+0000][69][gc,phases   ] GC(62)   Merge Heap Roots: 0.2ms
[2023-03-15T03:42:47.330+0000][69][gc,phases   ] GC(62)   Evacuate Collection Set: 6.2ms
[2023-03-15T03:42:47.331+0000][69][gc,phases   ] GC(62)   Post Evacuate Collection Set: 1.1ms
[2023-03-15T03:42:47.331+0000][69][gc,phases   ] GC(62)   Other: 2.0ms
[2023-03-15T03:42:47.332+0000][69][gc,age      ] GC(62) Age table with threshold 8 (max threshold 15)
[2023-03-15T03:42:47.332+0000][69][gc,age      ] GC(62) - age   1:     211528 bytes,     211528 total
[2023-03-15T03:42:47.333+0000][69][gc,age      ] GC(62) - age   2:      32512 bytes,     244040 total
[2023-03-15T03:42:47.333+0000][69][gc,age      ] GC(62) - age   3:      51152 bytes,     295192 total
[2023-03-15T03:42:47.334+0000][69][gc,age      ] GC(62) - age   4:       1464 bytes,     296656 total
[2023-03-15T03:42:47.335+0000][69][gc,age      ] GC(62) - age   5:     195280 bytes,     491936 total
[2023-03-15T03:42:47.336+0000][69][gc,age      ] GC(62) - age   6:       4968 bytes,     496904 total
[2023-03-15T03:42:47.336+0000][69][gc,age      ] GC(62) - age   7:        384 bytes,     497288 total
[2023-03-15T03:42:47.337+0000][69][gc,age      ] GC(62) - age   8:       8576 bytes,     505864 total
[2023-03-15T03:42:47.337+0000][69][gc,heap     ] GC(62) Eden regions: 2->0(22)
[2023-03-15T03:42:47.338+0000][69][gc,heap     ] GC(62) Survivor regions: 1->1(1)
[2023-03-15T03:42:47.338+0000][69][gc,heap     ] GC(62) Old regions: 25->25
[2023-03-15T03:42:47.338+0000][69][gc,heap     ] GC(62) Archive regions: 2->2
[2023-03-15T03:42:47.339+0000][69][gc,heap     ] GC(62) Humongous regions: 2->2
[2023-03-15T03:42:47.340+0000][69][gc,metaspace] GC(62) Metaspace: 137774K(142848K)->137774K(142848K) NonClass: 119900K(122752K)->119900K(122752K) Class: 17874K(20096K)->17874K(20096K)
[2023-03-15T03:42:47.340+0000][69][gc          ] GC(62) Pause Young (Mixed) (G1 Evacuation Pause) 120M->110M(256M) 23.830ms
[2023-03-15T03:42:47.341+0000][69][gc,cpu      ] GC(62) User=0.02s Sys=0.00s Real=0.03s
[2023-03-15T03:42:47.341+0000][69][safepoint   ] Safepoint "G1CollectForAllocation", Time since last: 938635426 ns, Reaching safepoint: 187332 ns, At safepoint: 24816380 ns, Total: 25003712 ns
[2023-03-15T03:42:50.318+0000][69][safepoint   ] Safepoint "Cleanup", Time since last: 3001939908 ns, Reaching safepoint: 102355 ns, At safepoint: 24633 ns, Total: 126988 ns
[2023-03-15T03:42:51.321+0000][69][safepoint   ] Safepoint "Cleanup", Time since last: 1001776267 ns, Reaching safepoint: 932786 ns, At safepoint: 39244 ns, Total: 972030 ns
[2023-03-15T03:42:52.325+0000][69][safepoint   ] Safepoint "Cleanup", Time since last: 1003831947 ns, Reaching safepoint: 551788 ns, At safepoint: 10906 ns, Total: 562694 ns
[2023-03-15T03:42:54.708+0000][69][safepoint   ] Safepoint "Cleanup", Time since last: 2382911400 ns, Reaching safepoint: 109898 ns, At safepoint: 2024 ns, Total: 111922 ns
[2023-03-15T03:42:55.711+0000][69][safepoint   ] Safepoint "Cleanup", Time since last: 1001921534 ns, Reaching safepoint: 517810 ns, At safepoint: 17671 ns, Total: 535481 ns
[2023-03-15T03:42:56.713+0000][69][safepoint   ] Safepoint "Cleanup", Time since last: 1002454843 ns, Reaching safepoint: 117441 ns, At safepoint: 3089 ns, Total: 120530 ns
[2023-03-15T03:42:57.715+0000][69][safepoint   ] Safepoint "Cleanup", Time since last: 1000865476 ns, Reaching safepoint: 537330 ns, At safepoint: 16251 ns, Total: 553581 ns
[2023-03-15T03:42:59.436+0000][69][safepoint   ] Safepoint "Cleanup", Time since last: 1720163617 ns, Reaching safepoint: 637153 ns, At safepoint: 61115 ns, Total: 698268 ns
[2023-03-15T03:43:00.438+0000][69][safepoint   ] Safepoint "Cleanup", Time since last: 1002423494 ns, Reaching safepoint: 182694 ns, At safepoint: 4624 ns, Total: 187318 ns
[2023-03-15T03:43:02.441+0000][69][safepoint   ] Safepoint "Cleanup", Time since last: 2002323992 ns, Reaching safepoint: 532219 ns, At safepoint: 8111 ns, Total: 540330 ns
[2023-03-15T03:43:03.443+0000][69][safepoint   ] Safepoint "Cleanup", Time since last: 1001431836 ns, Reaching safepoint: 699020 ns, At safepoint: 43860 ns, Total: 742880 ns
[2023-03-15T03:43:05.449+0000][69][safepoint   ] Safepoint "Cleanup", Time since last: 2005075746 ns, Reaching safepoint: 309006 ns, At safepoint: 12223 ns, Total: 321229 ns
[2023-03-15T03:43:08.455+0000][69][safepoint   ] Safepoint "Cleanup", Time since last: 3006145130 ns, Reaching safepoint: 93742 ns, At safepoint: 3319 ns, Total: 97061 ns
[2023-03-15T03:43:09.458+0000][69][safepoint   ] Safepoint "Cleanup", Time since last: 1002049529 ns, Reaching safepoint: 635561 ns, At safepoint: 15038 ns, Total: 650599 ns
[2023-03-15T03:43:09.854+0000][69][gc,start    ] GC(63) Pause Young (Concurrent Start) (G1 Evacuation Pause)
[2023-03-15T03:43:09.854+0000][69][gc,task     ] GC(63) Using 4 workers of 4 for evacuation
[2023-03-15T03:43:09.855+0000][69][gc,age      ] GC(63) Desired survivor size 6291456 bytes, new threshold 15 (max threshold 15)
[2023-03-15T03:43:09.862+0000][69][gc,phases   ] GC(63)   Pre Evacuate Collection Set: 0.4ms
[2023-03-15T03:43:09.862+0000][69][gc,phases   ] GC(63)   Merge Heap Roots: 0.1ms
[2023-03-15T03:43:09.863+0000][69][gc,phases   ] GC(63)   Evacuate Collection Set: 3.7ms
[2023-03-15T03:43:09.864+0000][69][gc,phases   ] GC(63)   Post Evacuate Collection Set: 1.6ms
[2023-03-15T03:43:09.865+0000][69][gc,phases   ] GC(63)   Other: 1.4ms
[2023-03-15T03:43:09.866+0000][69][gc,age      ] GC(63) Age table with threshold 15 (max threshold 15)
[2023-03-15T03:43:09.866+0000][69][gc,age      ] GC(63) - age   1:    2286568 bytes,    2286568 total
[2023-03-15T03:43:09.867+0000][69][gc,age      ] GC(63) - age   2:     113392 bytes,    2399960 total
[2023-03-15T03:43:09.868+0000][69][gc,age      ] GC(63) - age   3:      17128 bytes,    2417088 total
[2023-03-15T03:43:09.868+0000][69][gc,age      ] GC(63) - age   4:       6016 bytes,    2423104 total
[2023-03-15T03:43:09.868+0000][69][gc,age      ] GC(63) - age   5:       1112 bytes,    2424216 total
[2023-03-15T03:43:09.869+0000][69][gc,age      ] GC(63) - age   6:     104560 bytes,    2528776 total
[2023-03-15T03:43:09.869+0000][69][gc,age      ] GC(63) - age   7:       4904 bytes,    2533680 total
[2023-03-15T03:43:09.870+0000][69][gc,age      ] GC(63) - age   8:        384 bytes,    2534064 total
[2023-03-15T03:43:09.870+0000][69][gc,age      ] GC(63) - age   9:       8224 bytes,    2542288 total
[2023-03-15T03:43:09.871+0000][69][gc,heap     ] GC(63) Eden regions: 22->0(22)
[2023-03-15T03:43:09.872+0000][69][gc,heap     ] GC(63) Survivor regions: 1->1(3)
[2023-03-15T03:43:09.872+0000][69][gc,heap     ] GC(63) Old regions: 25->25
[2023-03-15T03:43:09.873+0000][69][gc,heap     ] GC(63) Archive regions: 2->2
[2023-03-15T03:43:09.873+0000][69][gc,heap     ] GC(63) Humongous regions: 2->2
[2023-03-15T03:43:09.873+0000][69][gc,metaspace] GC(63) Metaspace: 137938K(142912K)->137938K(142912K) NonClass: 120060K(122816K)->120060K(122816K) Class: 17878K(20096K)->17878K(20096K)
[2023-03-15T03:43:09.874+0000][69][gc          ] GC(63) Pause Young (Concurrent Start) (G1 Evacuation Pause) 198M->112M(256M) 20.218ms
[2023-03-15T03:43:09.874+0000][69][gc,cpu      ] GC(63) User=0.01s Sys=0.00s Real=0.02s
[2023-03-15T03:43:09.875+0000][69][safepoint   ] Safepoint "G1CollectForAllocation", Time since last: 395877335 ns, Reaching safepoint: 105853 ns, At safepoint: 21253476 ns, Total: 21359329 ns
[2023-03-15T03:43:09.874+0000][69][gc          ] GC(64) Concurrent Mark Cycle
[2023-03-15T03:43:09.881+0000][69][gc,marking  ] GC(64) Concurrent Clear Claimed Marks
[2023-03-15T03:43:09.882+0000][69][gc,marking  ] GC(64) Concurrent Clear Claimed Marks 0.886ms
[2023-03-15T03:43:09.883+0000][69][gc,marking  ] GC(64) Concurrent Scan Root Regions
[2023-03-15T03:43:09.886+0000][69][gc,marking  ] GC(64) Concurrent Scan Root Regions 2.761ms
[2023-03-15T03:43:09.886+0000][69][gc,marking  ] GC(64) Concurrent Mark
[2023-03-15T03:43:09.887+0000][69][gc,marking  ] GC(64) Concurrent Mark From Roots
[2023-03-15T03:43:09.887+0000][69][gc,task     ] GC(64) Using 1 workers of 1 for marking
[2023-03-15T03:43:10.001+0000][69][gc,marking  ] GC(64) Concurrent Mark From Roots 114.531ms
[2023-03-15T03:43:10.003+0000][69][gc,marking  ] GC(64) Concurrent Preclean
[2023-03-15T03:43:10.003+0000][69][gc,marking  ] GC(64) Concurrent Preclean 0.748ms
[2023-03-15T03:43:10.004+0000][69][gc,start    ] GC(64) Pause Remark
[2023-03-15T03:43:10.018+0000][69][gc          ] GC(64) Pause Remark 116M->116M(256M) 13.987ms
[2023-03-15T03:43:10.019+0000][69][gc,cpu      ] GC(64) User=0.04s Sys=0.00s Real=0.01s
[2023-03-15T03:43:10.019+0000][69][safepoint   ] Safepoint "G1PauseRemark", Time since last: 129047643 ns, Reaching safepoint: 148005 ns, At safepoint: 15356294 ns, Total: 15504299 ns
[2023-03-15T03:43:10.020+0000][69][gc,marking  ] GC(64) Concurrent Mark 133.913ms
[2023-03-15T03:43:10.021+0000][69][gc,marking  ] GC(64) Concurrent Rebuild Remembered Sets
[2023-03-15T03:43:10.076+0000][69][gc,marking  ] GC(64) Concurrent Rebuild Remembered Sets 55.659ms
[2023-03-15T03:43:10.078+0000][69][gc,start    ] GC(64) Pause Cleanup
[2023-03-15T03:43:10.079+0000][69][gc          ] GC(64) Pause Cleanup 116M->116M(256M) 1.079ms
[2023-03-15T03:43:10.080+0000][69][gc,cpu      ] GC(64) User=0.00s Sys=0.00s Real=0.00s
[2023-03-15T03:43:10.080+0000][69][safepoint   ] Safepoint "G1PauseCleanup", Time since last: 58036874 ns, Reaching safepoint: 85937 ns, At safepoint: 2846109 ns, Total: 2932046 ns
[2023-03-15T03:43:10.081+0000][69][gc,marking  ] GC(64) Concurrent Cleanup for Next Mark
[2023-03-15T03:43:10.082+0000][69][gc,marking  ] GC(64) Concurrent Cleanup for Next Mark 0.682ms
[2023-03-15T03:43:10.082+0000][69][gc          ] GC(64) Concurrent Mark Cycle 207.809ms
[2023-03-15T03:43:12.082+0000][69][safepoint   ] Safepoint "Cleanup", Time since last: 2001844455 ns, Reaching safepoint: 200577 ns, At safepoint: 7705 ns, Total: 208282 ns
[2023-03-15T03:43:13.084+0000][69][safepoint   ] Safepoint "Cleanup", Time since last: 1001711597 ns, Reaching safepoint: 262402 ns, At safepoint: 11739 ns, Total: 274141 ns
[2023-03-15T03:43:15.092+0000][69][safepoint   ] Safepoint "Cleanup", Time since last: 2007001061 ns, Reaching safepoint: 756165 ns, At safepoint: 47235 ns, Total: 803400 ns
[2023-03-15T03:43:16.097+0000][69][safepoint   ] Safepoint "Cleanup", Time since last: 1003914669 ns, Reaching safepoint: 368113 ns, At safepoint: 13226 ns, Total: 381339 ns
[2023-03-15T03:43:17.101+0000][69][safepoint   ] Safepoint "Cleanup", Time since last: 1003503804 ns, Reaching safepoint: 468092 ns, At safepoint: 9992 ns, Total: 478084 ns
[2023-03-15T03:43:20.086+0000][69][safepoint   ] Safepoint "Cleanup", Time since last: 3007603199 ns, Reaching safepoint: 349479 ns, At safepoint: 11617 ns, Total: 361096 ns
[2023-03-15T03:43:21.091+0000][69][safepoint   ] Safepoint "Cleanup", Time since last: 1004525558 ns, Reaching safepoint: 1133294 ns, At safepoint: 40459 ns, Total: 1173753 ns
[2023-03-15T03:43:23.096+0000][69][safepoint   ] Safepoint "Cleanup", Time since last: 2003626074 ns, Reaching safepoint: 455660 ns, At safepoint: 30319 ns, Total: 485979 ns
[2023-03-15T03:43:24.100+0000][69][safepoint   ] Safepoint "Cleanup", Time since last: 1004118318 ns, Reaching safepoint: 426417 ns, At safepoint: 9729 ns, Total: 436146 ns
[2023-03-15T03:43:26.570+0000][69][gc,start    ] GC(65) Pause Young (Prepare Mixed) (G1 Evacuation Pause)
[2023-03-15T03:43:26.572+0000][69][gc,task     ] GC(65) Using 4 workers of 4 for evacuation
[2023-03-15T03:43:26.574+0000][69][gc,age      ] GC(65) Desired survivor size 6291456 bytes, new threshold 15 (max threshold 15)
[2023-03-15T03:43:26.581+0000][69][gc,phases   ] GC(65)   Pre Evacuate Collection Set: 0.3ms
[2023-03-15T03:43:26.583+0000][69][gc,phases   ] GC(65)   Merge Heap Roots: 0.1ms
[2023-03-15T03:43:26.584+0000][69][gc,phases   ] GC(65)   Evacuate Collection Set: 4.5ms
[2023-03-15T03:43:26.585+0000][69][gc,phases   ] GC(65)   Post Evacuate Collection Set: 1.1ms
[2023-03-15T03:43:26.586+0000][69][gc,phases   ] GC(65)   Other: 3.1ms
[2023-03-15T03:43:26.587+0000][69][gc,age      ] GC(65) Age table with threshold 15 (max threshold 15)
[2023-03-15T03:43:26.587+0000][69][gc,age      ] GC(65) - age   1:    1013016 bytes,    1013016 total
[2023-03-15T03:43:26.588+0000][69][gc,age      ] GC(65) - age   2:     569424 bytes,    1582440 total
[2023-03-15T03:43:26.589+0000][69][gc,age      ] GC(65) - age   3:       2128 bytes,    1584568 total
[2023-03-15T03:43:26.589+0000][69][gc,age      ] GC(65) - age   4:      15624 bytes,    1600192 total
[2023-03-15T03:43:26.590+0000][69][gc,age      ] GC(65) - age   5:       4952 bytes,    1605144 total
[2023-03-15T03:43:26.591+0000][69][gc,age      ] GC(65) - age   6:       1080 bytes,    1606224 total
[2023-03-15T03:43:26.592+0000][69][gc,age      ] GC(65) - age   7:     104168 bytes,    1710392 total
[2023-03-15T03:43:26.592+0000][69][gc,age      ] GC(65) - age   8:       4904 bytes,    1715296 total
[2023-03-15T03:43:26.593+0000][69][gc,age      ] GC(65) - age   9:        384 bytes,    1715680 total
[2023-03-15T03:43:26.594+0000][69][gc,age      ] GC(65) - age  10:       8224 bytes,    1723904 total
[2023-03-15T03:43:26.595+0000][69][gc,heap     ] GC(65) Eden regions: 22->0(2)
[2023-03-15T03:43:26.596+0000][69][gc,heap     ] GC(65) Survivor regions: 1->1(3)
[2023-03-15T03:43:26.596+0000][69][gc,heap     ] GC(65) Old regions: 25->25
[2023-03-15T03:43:26.597+0000][69][gc,heap     ] GC(65) Archive regions: 2->2
[2023-03-15T03:43:26.597+0000][69][gc,heap     ] GC(65) Humongous regions: 2->2
[2023-03-15T03:43:26.598+0000][69][gc,metaspace] GC(65) Metaspace: 138001K(142912K)->138001K(142912K) NonClass: 120123K(122816K)->120123K(122816K) Class: 17878K(20096K)->17878K(20096K)
[2023-03-15T03:43:26.599+0000][69][gc          ] GC(65) Pause Young (Prepare Mixed) (G1 Evacuation Pause) 200M->112M(256M) 28.738ms
[2023-03-15T03:43:26.599+0000][69][gc,cpu      ] GC(65) User=0.01s Sys=0.00s Real=0.02s
[2023-03-15T03:43:26.600+0000][69][safepoint   ] Safepoint "G1CollectForAllocation", Time since last: 2469375313 ns, Reaching safepoint: 313422 ns, At safepoint: 30073171 ns, Total: 30386593 ns
[2023-03-15T03:43:29.607+0000][69][safepoint   ] Safepoint "Cleanup", Time since last: 3006799988 ns, Reaching safepoint: 762681 ns, At safepoint: 19083 ns, Total: 781764 ns
[2023-03-15T03:43:30.612+0000][69][safepoint   ] Safepoint "Cleanup", Time since last: 1004529431 ns, Reaching safepoint: 447665 ns, At safepoint: 15137 ns, Total: 462802 ns
[2023-03-15T03:43:32.271+0000][69][gc,start    ] GC(66) Pause Young (Mixed) (G1 Evacuation Pause)
[2023-03-15T03:43:32.273+0000][69][gc,task     ] GC(66) Using 4 workers of 4 for evacuation
[2023-03-15T03:43:32.277+0000][69][gc,age      ] GC(66) Desired survivor size 2097152 bytes, new threshold 15 (max threshold 15)
[2023-03-15T03:43:32.289+0000][69][gc,phases   ] GC(66)   Pre Evacuate Collection Set: 0.2ms
[2023-03-15T03:43:32.290+0000][69][gc,phases   ] GC(66)   Merge Heap Roots: 0.3ms
[2023-03-15T03:43:32.291+0000][69][gc,phases   ] GC(66)   Evacuate Collection Set: 9.1ms
[2023-03-15T03:43:32.292+0000][69][gc,phases   ] GC(66)   Post Evacuate Collection Set: 1.3ms
[2023-03-15T03:43:32.293+0000][69][gc,phases   ] GC(66)   Other: 6.0ms
[2023-03-15T03:43:32.293+0000][69][gc,age      ] GC(66) Age table with threshold 15 (max threshold 15)
[2023-03-15T03:43:32.294+0000][69][gc,age      ] GC(66) - age   1:     231776 bytes,     231776 total
[2023-03-15T03:43:32.295+0000][69][gc,age      ] GC(66) - age   2:     930288 bytes,    1162064 total
[2023-03-15T03:43:32.295+0000][69][gc,age      ] GC(66) - age   3:     569328 bytes,    1731392 total
[2023-03-15T03:43:32.296+0000][69][gc,age      ] GC(66) - age   4:       2128 bytes,    1733520 total
[2023-03-15T03:43:32.297+0000][69][gc,age      ] GC(66) - age   5:      15624 bytes,    1749144 total
[2023-03-15T03:43:32.297+0000][69][gc,age      ] GC(66) - age   6:       4952 bytes,    1754096 total
[2023-03-15T03:43:32.298+0000][69][gc,age      ] GC(66) - age   7:       1080 bytes,    1755176 total
[2023-03-15T03:43:32.298+0000][69][gc,age      ] GC(66) - age   8:     104168 bytes,    1859344 total
[2023-03-15T03:43:32.299+0000][69][gc,age      ] GC(66) - age   9:       4904 bytes,    1864248 total
[2023-03-15T03:43:32.299+0000][69][gc,age      ] GC(66) - age  10:        384 bytes,    1864632 total
[2023-03-15T03:43:32.300+0000][69][gc,age      ] GC(66) - age  11:       8224 bytes,    1872856 total
[2023-03-15T03:43:32.300+0000][69][gc,heap     ] GC(66) Eden regions: 2->0(22)
[2023-03-15T03:43:32.301+0000][69][gc,heap     ] GC(66) Survivor regions: 1->1(1)
[2023-03-15T03:43:32.301+0000][69][gc,heap     ] GC(66) Old regions: 25->25
[2023-03-15T03:43:32.302+0000][69][gc,heap     ] GC(66) Archive regions: 2->2
[2023-03-15T03:43:32.303+0000][69][gc,heap     ] GC(66) Humongous regions: 2->2
[2023-03-15T03:43:32.303+0000][69][gc,metaspace] GC(66) Metaspace: 138007K(142912K)->138007K(142912K) NonClass: 120128K(122816K)->120128K(122816K) Class: 17878K(20096K)->17878K(20096K)
[2023-03-15T03:43:32.304+0000][69][gc          ] GC(66) Pause Young (Mixed) (G1 Evacuation Pause) 120M->111M(256M) 32.897ms
[2023-03-15T03:43:32.305+0000][69][gc,cpu      ] GC(66) User=0.04s Sys=0.00s Real=0.03s
[2023-03-15T03:43:32.305+0000][69][safepoint   ] Safepoint "G1CollectForAllocation", Time since last: 1657829880 ns, Reaching safepoint: 316250 ns, At safepoint: 34579308 ns, Total: 34895558 ns
[2023-03-15T03:43:33.307+0000][69][safepoint   ] Safepoint "Cleanup", Time since last: 1001016618 ns, Reaching safepoint: 535888 ns, At safepoint: 11688 ns, Total: 547576 ns
[2023-03-15T03:43:35.312+0000][69][safepoint   ] Safepoint "Cleanup", Time since last: 2004978919 ns, Reaching safepoint: 287789 ns, At safepoint: 7062 ns, Total: 294851 ns
[2023-03-15T03:43:38.317+0000][69][safepoint   ] Safepoint "Cleanup", Time since last: 3004179257 ns, Reaching safepoint: 338926 ns, At safepoint: 7677 ns, Total: 346603 ns
[2023-03-15T03:43:39.317+0000][69][safepoint   ] Safepoint "Cleanup", Time since last: 1000813251 ns, Reaching safepoint: 105185 ns, At safepoint: 2763 ns, Total: 107948 ns
[2023-03-15T03:43:40.319+0000][69][safepoint   ] Safepoint "Cleanup", Time since last: 1001125595 ns, Reaching safepoint: 350072 ns, At safepoint: 10997 ns, Total: 361069 ns
[2023-03-15T03:43:41.324+0000][69][safepoint   ] Safepoint "Cleanup", Time since last: 1004354969 ns, Reaching safepoint: 433313 ns, At safepoint: 15094 ns, Total: 448407 ns
[2023-03-15T03:43:42.329+0000][69][safepoint   ] Safepoint "Cleanup", Time since last: 1004122310 ns, Reaching safepoint: 926319 ns, At safepoint: 44050 ns, Total: 970369 ns
[2023-03-15T03:43:44.335+0000][69][safepoint   ] Safepoint "Cleanup", Time since last: 2006511588 ns, Reaching safepoint: 96148 ns, At safepoint: 4326 ns, Total: 100474 ns
[2023-03-15T03:43:45.337+0000][69][safepoint   ] Safepoint "Cleanup", Time since last: 1000988268 ns, Reaching safepoint: 386664 ns, At safepoint: 73732 ns, Total: 460396 ns
[2023-03-15T03:43:46.339+0000][69][safepoint   ] Safepoint "Cleanup", Time since last: 1002141747 ns, Reaching safepoint: 235476 ns, At safepoint: 12174 ns, Total: 247650 ns
[2023-03-15T03:43:48.321+0000][69][safepoint   ] Safepoint "Cleanup", Time since last: 2003685884 ns, Reaching safepoint: 406531 ns, At safepoint: 13482 ns, Total: 420013 ns
[2023-03-15T03:43:50.327+0000][69][safepoint   ] Safepoint "Cleanup", Time since last: 2005557738 ns, Reaching safepoint: 108571 ns, At safepoint: 26992 ns, Total: 135563 ns
[2023-03-15T03:43:51.329+0000][69][safepoint   ] Safepoint "Cleanup", Time since last: 1001888841 ns, Reaching safepoint: 386521 ns, At safepoint: 11845 ns, Total: 398366 ns
[2023-03-15T03:43:52.334+0000][69][safepoint   ] Safepoint "Cleanup", Time since last: 1004105389 ns, Reaching safepoint: 347646 ns, At safepoint: 13726 ns, Total: 361372 ns
[2023-03-15T03:43:53.338+0000][69][safepoint   ] Safepoint "Cleanup", Time since last: 1003895897 ns, Reaching safepoint: 360377 ns, At safepoint: 11755 ns, Total: 372132 ns
[2023-03-15T03:43:55.347+0000][69][safepoint   ] Safepoint "Cleanup", Time since last: 2007423779 ns, Reaching safepoint: 786974 ns, At safepoint: 215055 ns, Total: 1002029 ns
[2023-03-15T03:43:56.350+0000][69][safepoint   ] Safepoint "Cleanup", Time since last: 1002985292 ns, Reaching safepoint: 256404 ns, At safepoint: 11436 ns, Total: 267840 ns
[2023-03-15T03:43:56.499+0000][69][gc,start    ] GC(67) Pause Young (Concurrent Start) (G1 Evacuation Pause)
[2023-03-15T03:43:56.499+0000][69][gc,task     ] GC(67) Using 4 workers of 4 for evacuation
[2023-03-15T03:43:56.500+0000][69][gc,age      ] GC(67) Desired survivor size 6291456 bytes, new threshold 15 (max threshold 15)
[2023-03-15T03:43:56.504+0000][69][gc,phases   ] GC(67)   Pre Evacuate Collection Set: 0.3ms
[2023-03-15T03:43:56.505+0000][69][gc,phases   ] GC(67)   Merge Heap Roots: 0.1ms
[2023-03-15T03:43:56.505+0000][69][gc,phases   ] GC(67)   Evacuate Collection Set: 2.5ms
[2023-03-15T03:43:56.505+0000][69][gc,phases   ] GC(67)   Post Evacuate Collection Set: 0.6ms
[2023-03-15T03:43:56.506+0000][69][gc,phases   ] GC(67)   Other: 1.0ms
[2023-03-15T03:43:56.506+0000][69][gc,age      ] GC(67) Age table with threshold 15 (max threshold 15)
[2023-03-15T03:43:56.507+0000][69][gc,age      ] GC(67) - age   1:    1012880 bytes,    1012880 total
[2023-03-15T03:43:56.508+0000][69][gc,age      ] GC(67) - age   2:        240 bytes,    1013120 total
[2023-03-15T03:43:56.509+0000][69][gc,age      ] GC(67) - age   3:     560104 bytes,    1573224 total
[2023-03-15T03:43:56.509+0000][69][gc,age      ] GC(67) - age   4:     567656 bytes,    2140880 total
[2023-03-15T03:43:56.510+0000][69][gc,age      ] GC(67) - age   5:       2128 bytes,    2143008 total
[2023-03-15T03:43:56.510+0000][69][gc,age      ] GC(67) - age   6:      15088 bytes,    2158096 total
[2023-03-15T03:43:56.511+0000][69][gc,age      ] GC(67) - age   7:       4760 bytes,    2162856 total
[2023-03-15T03:43:56.512+0000][69][gc,age      ] GC(67) - age   8:        720 bytes,    2163576 total
[2023-03-15T03:43:56.513+0000][69][gc,age      ] GC(67) - age   9:     104024 bytes,    2267600 total
[2023-03-15T03:43:56.515+0000][69][gc,age      ] GC(67) - age  10:       4904 bytes,    2272504 total
[2023-03-15T03:43:56.516+0000][69][gc,age      ] GC(67) - age  11:        384 bytes,    2272888 total
[2023-03-15T03:43:56.517+0000][69][gc,age      ] GC(67) - age  12:       8224 bytes,    2281112 total
[2023-03-15T03:43:56.517+0000][69][gc,heap     ] GC(67) Eden regions: 22->0(22)
[2023-03-15T03:43:56.518+0000][69][gc,heap     ] GC(67) Survivor regions: 1->1(3)
[2023-03-15T03:43:56.518+0000][69][gc,heap     ] GC(67) Old regions: 25->25
[2023-03-15T03:43:56.519+0000][69][gc,heap     ] GC(67) Archive regions: 2->2
[2023-03-15T03:43:56.519+0000][69][gc,heap     ] GC(67) Humongous regions: 2->2
[2023-03-15T03:43:56.520+0000][69][gc,metaspace] GC(67) Metaspace: 138074K(142912K)->138074K(142912K) NonClass: 120195K(122816K)->120195K(122816K) Class: 17878K(20096K)->17878K(20096K)
[2023-03-15T03:43:56.520+0000][69][gc          ] GC(67) Pause Young (Concurrent Start) (G1 Evacuation Pause) 199M->111M(256M) 21.257ms
[2023-03-15T03:43:56.521+0000][69][gc,cpu      ] GC(67) User=0.01s Sys=0.01s Real=0.02s
[2023-03-15T03:43:56.521+0000][69][gc          ] GC(68) Concurrent Mark Cycle
[2023-03-15T03:43:56.523+0000][69][gc,marking  ] GC(68) Concurrent Clear Claimed Marks
[2023-03-15T03:43:56.521+0000][69][safepoint   ] Safepoint "G1CollectForAllocation", Time since last: 148881080 ns, Reaching safepoint: 61503 ns, At safepoint: 22291859 ns, Total: 22353362 ns
[2023-03-15T03:43:56.523+0000][69][gc,marking  ] GC(68) Concurrent Clear Claimed Marks 0.918ms
[2023-03-15T03:43:56.524+0000][69][gc,marking  ] GC(68) Concurrent Scan Root Regions
[2023-03-15T03:43:56.527+0000][69][gc,marking  ] GC(68) Concurrent Scan Root Regions 2.811ms
[2023-03-15T03:43:56.528+0000][69][gc,marking  ] GC(68) Concurrent Mark
[2023-03-15T03:43:56.528+0000][69][gc,marking  ] GC(68) Concurrent Mark From Roots
[2023-03-15T03:43:56.529+0000][69][gc,task     ] GC(68) Using 1 workers of 1 for marking
[2023-03-15T03:43:56.627+0000][69][gc,marking  ] GC(68) Concurrent Mark From Roots 98.356ms
[2023-03-15T03:43:56.628+0000][69][gc,marking  ] GC(68) Concurrent Preclean
[2023-03-15T03:43:56.629+0000][69][gc,marking  ] GC(68) Concurrent Preclean 0.880ms
[2023-03-15T03:43:56.629+0000][69][gc,start    ] GC(68) Pause Remark
[2023-03-15T03:43:56.638+0000][69][gc          ] GC(68) Pause Remark 116M->116M(256M) 8.627ms
[2023-03-15T03:43:56.639+0000][69][gc,cpu      ] GC(68) User=0.02s Sys=0.00s Real=0.01s
[2023-03-15T03:43:56.639+0000][69][safepoint   ] Safepoint "G1PauseRemark", Time since last: 108127660 ns, Reaching safepoint: 101669 ns, At safepoint: 9889201 ns, Total: 9990870 ns
[2023-03-15T03:43:56.640+0000][69][gc,marking  ] GC(68) Concurrent Mark 111.863ms
[2023-03-15T03:43:56.640+0000][69][gc,marking  ] GC(68) Concurrent Rebuild Remembered Sets
[2023-03-15T03:43:56.694+0000][69][gc,marking  ] GC(68) Concurrent Rebuild Remembered Sets 53.752ms
[2023-03-15T03:43:56.695+0000][69][gc,start    ] GC(68) Pause Cleanup
[2023-03-15T03:43:56.696+0000][69][gc          ] GC(68) Pause Cleanup 116M->116M(256M) 0.917ms
[2023-03-15T03:43:56.697+0000][69][gc,cpu      ] GC(68) User=0.00s Sys=0.00s Real=0.00s
[2023-03-15T03:43:56.698+0000][69][safepoint   ] Safepoint "G1PauseCleanup", Time since last: 55894882 ns, Reaching safepoint: 87600 ns, At safepoint: 2376489 ns, Total: 2464089 ns
[2023-03-15T03:43:56.698+0000][69][gc,marking  ] GC(68) Concurrent Cleanup for Next Mark
[2023-03-15T03:43:56.699+0000][69][gc,marking  ] GC(68) Concurrent Cleanup for Next Mark 0.699ms
[2023-03-15T03:43:56.699+0000][69][gc          ] GC(68) Concurrent Mark Cycle 178.417ms
[2023-03-15T03:44:02.707+0000][69][safepoint   ] Safepoint "Cleanup", Time since last: 6008920437 ns, Reaching safepoint: 526918 ns, At safepoint: 19116 ns, Total: 546034 ns
[2023-03-15T03:44:03.711+0000][69][safepoint   ] Safepoint "Cleanup", Time since last: 1003960451 ns, Reaching safepoint: 410524 ns, At safepoint: 10863 ns, Total: 421387 ns
[2023-03-15T03:44:05.717+0000][69][safepoint   ] Safepoint "Cleanup", Time since last: 2005193204 ns, Reaching safepoint: 489360 ns, At safepoint: 14121 ns, Total: 503481 ns
[2023-03-15T03:44:08.723+0000][69][safepoint   ] Safepoint "Cleanup", Time since last: 3005515420 ns, Reaching safepoint: 121695 ns, At safepoint: 6391 ns, Total: 128086 ns
[2023-03-15T03:44:10.725+0000][69][safepoint   ] Safepoint "Cleanup", Time since last: 2001317984 ns, Reaching safepoint: 647680 ns, At safepoint: 14549 ns, Total: 662229 ns
[2023-03-15T03:44:14.732+0000][69][safepoint   ] Safepoint "Cleanup", Time since last: 4007089229 ns, Reaching safepoint: 528073 ns, At safepoint: 14845 ns, Total: 542918 ns
[2023-03-15T03:44:15.736+0000][69][safepoint   ] Safepoint "Cleanup", Time since last: 1003154177 ns, Reaching safepoint: 493579 ns, At safepoint: 13708 ns, Total: 507287 ns
[2023-03-15T03:44:19.720+0000][69][safepoint   ] Safepoint "Cleanup", Time since last: 4006611476 ns, Reaching safepoint: 330210 ns, At safepoint: 10191 ns, Total: 340401 ns
[2023-03-15T03:44:20.725+0000][69][safepoint   ] Safepoint "Cleanup", Time since last: 1003907548 ns, Reaching safepoint: 254471 ns, At safepoint: 11985 ns, Total: 266456 ns
[2023-03-15T03:44:21.728+0000][69][safepoint   ] Safepoint "Cleanup", Time since last: 1003401404 ns, Reaching safepoint: 361474 ns, At safepoint: 26893 ns, Total: 388367 ns
[2023-03-15T03:44:23.263+0000][69][gc,start    ] GC(69) Pause Young (Prepare Mixed) (G1 Evacuation Pause)
[2023-03-15T03:44:23.264+0000][69][gc,task     ] GC(69) Using 4 workers of 4 for evacuation
[2023-03-15T03:44:23.265+0000][69][gc,age      ] GC(69) Desired survivor size 6291456 bytes, new threshold 15 (max threshold 15)
[2023-03-15T03:44:23.271+0000][69][gc,phases   ] GC(69)   Pre Evacuate Collection Set: 0.3ms
[2023-03-15T03:44:23.272+0000][69][gc,phases   ] GC(69)   Merge Heap Roots: 0.2ms
[2023-03-15T03:44:23.273+0000][69][gc,phases   ] GC(69)   Evacuate Collection Set: 3.0ms
[2023-03-15T03:44:23.273+0000][69][gc,phases   ] GC(69)   Post Evacuate Collection Set: 1.0ms
[2023-03-15T03:44:23.274+0000][69][gc,phases   ] GC(69)   Other: 2.1ms
[2023-03-15T03:44:23.275+0000][69][gc,age      ] GC(69) Age table with threshold 15 (max threshold 15)
[2023-03-15T03:44:23.275+0000][69][gc,age      ] GC(69) - age   1:     932088 bytes,     932088 total
[2023-03-15T03:44:23.276+0000][69][gc,age      ] GC(69) - age   2:      53240 bytes,     985328 total
[2023-03-15T03:44:23.276+0000][69][gc,age      ] GC(69) - age   3:        112 bytes,     985440 total
[2023-03-15T03:44:23.277+0000][69][gc,age      ] GC(69) - age   4:     555736 bytes,    1541176 total
[2023-03-15T03:44:23.278+0000][69][gc,age      ] GC(69) - age   5:     456232 bytes,    1997408 total
[2023-03-15T03:44:23.278+0000][69][gc,age      ] GC(69) - age   6:       2128 bytes,    1999536 total
[2023-03-15T03:44:23.279+0000][69][gc,age      ] GC(69) - age   7:      11256 bytes,    2010792 total
[2023-03-15T03:44:23.279+0000][69][gc,age      ] GC(69) - age   8:       4760 bytes,    2015552 total
[2023-03-15T03:44:23.280+0000][69][gc,age      ] GC(69) - age   9:        720 bytes,    2016272 total
[2023-03-15T03:44:23.280+0000][69][gc,age      ] GC(69) - age  10:     103944 bytes,    2120216 total
[2023-03-15T03:44:23.281+0000][69][gc,age      ] GC(69) - age  11:       4872 bytes,    2125088 total
[2023-03-15T03:44:23.282+0000][69][gc,age      ] GC(69) - age  12:        384 bytes,    2125472 total
[2023-03-15T03:44:23.282+0000][69][gc,age      ] GC(69) - age  13:       8224 bytes,    2133696 total
[2023-03-15T03:44:23.283+0000][69][gc,heap     ] GC(69) Eden regions: 22->0(2)
[2023-03-15T03:44:23.283+0000][69][gc,heap     ] GC(69) Survivor regions: 1->1(3)
[2023-03-15T03:44:23.284+0000][69][gc,heap     ] GC(69) Old regions: 25->25
[2023-03-15T03:44:23.284+0000][69][gc,heap     ] GC(69) Archive regions: 2->2
[2023-03-15T03:44:23.285+0000][69][gc,heap     ] GC(69) Humongous regions: 2->2
[2023-03-15T03:44:23.285+0000][69][gc,metaspace] GC(69) Metaspace: 138187K(142912K)->138187K(142912K) NonClass: 120308K(122816K)->120308K(122816K) Class: 17878K(20096K)->17878K(20096K)
[2023-03-15T03:44:23.286+0000][69][gc          ] GC(69) Pause Young (Prepare Mixed) (G1 Evacuation Pause) 199M->111M(256M) 22.396ms
[2023-03-15T03:44:23.286+0000][69][gc,cpu      ] GC(69) User=0.01s Sys=0.01s Real=0.03s
[2023-03-15T03:44:23.287+0000][69][safepoint   ] Safepoint "G1CollectForAllocation", Time since last: 1534627655 ns, Reaching safepoint: 99214 ns, At safepoint: 23552128 ns, Total: 23651342 ns
[2023-03-15T03:44:26.290+0000][69][safepoint   ] Safepoint "Cleanup", Time since last: 3002965026 ns, Reaching safepoint: 93529 ns, At safepoint: 3805 ns, Total: 97334 ns
[2023-03-15T03:44:26.469+0000][69][gc,start    ] GC(70) Pause Young (Mixed) (G1 Evacuation Pause)
[2023-03-15T03:44:26.470+0000][69][gc,task     ] GC(70) Using 4 workers of 4 for evacuation
[2023-03-15T03:44:26.470+0000][69][gc,age      ] GC(70) Desired survivor size 2097152 bytes, new threshold 10 (max threshold 15)
[2023-03-15T03:44:26.477+0000][69][gc,phases   ] GC(70)   Pre Evacuate Collection Set: 0.1ms
[2023-03-15T03:44:26.478+0000][69][gc,phases   ] GC(70)   Merge Heap Roots: 0.1ms
[2023-03-15T03:44:26.479+0000][69][gc,phases   ] GC(70)   Evacuate Collection Set: 5.2ms
[2023-03-15T03:44:26.479+0000][69][gc,phases   ] GC(70)   Post Evacuate Collection Set: 1.0ms
[2023-03-15T03:44:26.480+0000][69][gc,phases   ] GC(70)   Other: 1.1ms
[2023-03-15T03:44:26.480+0000][69][gc,age      ] GC(70) Age table with threshold 10 (max threshold 15)
[2023-03-15T03:44:26.481+0000][69][gc,age      ] GC(70) - age   1:     229392 bytes,     229392 total
[2023-03-15T03:44:26.481+0000][69][gc,age      ] GC(70) - age   2:     825752 bytes,    1055144 total
[2023-03-15T03:44:26.482+0000][69][gc,age      ] GC(70) - age   3:      50168 bytes,    1105312 total
[2023-03-15T03:44:26.482+0000][69][gc,age      ] GC(70) - age   4:        112 bytes,    1105424 total
[2023-03-15T03:44:26.482+0000][69][gc,age      ] GC(70) - age   5:     555640 bytes,    1661064 total
[2023-03-15T03:44:26.483+0000][69][gc,age      ] GC(70) - age   6:     456168 bytes,    2117232 total
[2023-03-15T03:44:26.483+0000][69][gc,age      ] GC(70) - age   7:       2128 bytes,    2119360 total
[2023-03-15T03:44:26.484+0000][69][gc,age      ] GC(70) - age   8:      11256 bytes,    2130616 total
[2023-03-15T03:44:26.484+0000][69][gc,age      ] GC(70) - age   9:       4760 bytes,    2135376 total
[2023-03-15T03:44:26.485+0000][69][gc,age      ] GC(70) - age  10:        720 bytes,    2136096 total
[2023-03-15T03:44:26.485+0000][69][gc,heap     ] GC(70) Eden regions: 2->0(23)
[2023-03-15T03:44:26.486+0000][69][gc,heap     ] GC(70) Survivor regions: 1->1(1)
[2023-03-15T03:44:26.486+0000][69][gc,heap     ] GC(70) Old regions: 25->25
[2023-03-15T03:44:26.486+0000][69][gc,heap     ] GC(70) Archive regions: 2->2
[2023-03-15T03:44:26.487+0000][69][gc,heap     ] GC(70) Humongous regions: 2->2
[2023-03-15T03:44:26.487+0000][69][gc,metaspace] GC(70) Metaspace: 138196K(142912K)->138196K(142912K) NonClass: 120317K(122816K)->120317K(122816K) Class: 17878K(20096K)->17878K(20096K)
[2023-03-15T03:44:26.488+0000][69][gc          ] GC(70) Pause Young (Mixed) (G1 Evacuation Pause) 119M->111M(256M) 18.489ms
[2023-03-15T03:44:26.489+0000][69][gc,cpu      ] GC(70) User=0.02s Sys=0.00s Real=0.02s
[2023-03-15T03:44:26.489+0000][69][safepoint   ] Safepoint "G1CollectForAllocation", Time since last: 179292798 ns, Reaching safepoint: 82760 ns, At safepoint: 19965491 ns, Total: 20048251 ns
[2023-03-15T03:44:27.490+0000][69][safepoint   ] Safepoint "Cleanup", Time since last: 1000641325 ns, Reaching safepoint: 369481 ns, At safepoint: 17171 ns, Total: 386652 ns
[2023-03-15T03:44:29.494+0000][69][safepoint   ] Safepoint "Cleanup", Time since last: 2003517567 ns, Reaching safepoint: 509019 ns, At safepoint: 11935 ns, Total: 520954 ns
[2023-03-15T03:44:32.499+0000][69][safepoint   ] Safepoint "Cleanup", Time since last: 3004964228 ns, Reaching safepoint: 85227 ns, At safepoint: 2603 ns, Total: 87830 ns
[2023-03-15T03:44:33.502+0000][69][safepoint   ] Safepoint "Cleanup", Time since last: 1002466589 ns, Reaching safepoint: 528809 ns, At safepoint: 11770 ns, Total: 540579 ns
[2023-03-15T03:44:34.506+0000][69][safepoint   ] Safepoint "Cleanup", Time since last: 1003445557 ns, Reaching safepoint: 287167 ns, At safepoint: 12406 ns, Total: 299573 ns
[2023-03-15T03:44:38.513+0000][69][safepoint   ] Safepoint "Cleanup", Time since last: 4007113008 ns, Reaching safepoint: 219879 ns, At safepoint: 47562 ns, Total: 267441 ns
[2023-03-15T03:44:40.516+0000][69][safepoint   ] Safepoint "Cleanup", Time since last: 2001854945 ns, Reaching safepoint: 576327 ns, At safepoint: 156556 ns, Total: 732883 ns
[2023-03-15T03:44:46.526+0000][69][safepoint   ] Safepoint "Cleanup", Time since last: 6008928374 ns, Reaching safepoint: 1071246 ns, At safepoint: 44416 ns, Total: 1115662 ns
[2023-03-15T03:44:47.529+0000][69][safepoint   ] Safepoint "Cleanup", Time since last: 1003017461 ns, Reaching safepoint: 289215 ns, At safepoint: 14328 ns, Total: 303543 ns
[2023-03-15T03:44:48.512+0000][69][safepoint   ] Safepoint "Cleanup", Time since last: 1004705574 ns, Reaching safepoint: 272161 ns, At safepoint: 106646 ns, Total: 378807 ns
[2023-03-15T03:44:50.517+0000][69][safepoint   ] Safepoint "Cleanup", Time since last: 2004645187 ns, Reaching safepoint: 336516 ns, At safepoint: 10484 ns, Total: 347000 ns
[2023-03-15T03:44:51.521+0000][69][safepoint   ] Safepoint "Cleanup", Time since last: 1003884349 ns, Reaching safepoint: 354456 ns, At safepoint: 177578 ns, Total: 532034 ns
[2023-03-15T03:44:56.313+0000][69][gc,start    ] GC(71) Pause Young (Concurrent Start) (G1 Evacuation Pause)
[2023-03-15T03:44:56.313+0000][69][gc,task     ] GC(71) Using 4 workers of 4 for evacuation
[2023-03-15T03:44:56.314+0000][69][gc,age      ] GC(71) Desired survivor size 6291456 bytes, new threshold 15 (max threshold 15)
[2023-03-15T03:44:56.318+0000][69][gc,phases   ] GC(71)   Pre Evacuate Collection Set: 0.4ms
[2023-03-15T03:44:56.319+0000][69][gc,phases   ] GC(71)   Merge Heap Roots: 0.1ms
[2023-03-15T03:44:56.319+0000][69][gc,phases   ] GC(71)   Evacuate Collection Set: 2.9ms
[2023-03-15T03:44:56.320+0000][69][gc,phases   ] GC(71)   Post Evacuate Collection Set: 0.6ms
[2023-03-15T03:44:56.320+0000][69][gc,phases   ] GC(71)   Other: 0.9ms
[2023-03-15T03:44:56.321+0000][69][gc,age      ] GC(71) Age table with threshold 15 (max threshold 15)
[2023-03-15T03:44:56.321+0000][69][gc,age      ] GC(71) - age   1:    1387792 bytes,    1387792 total
[2023-03-15T03:44:56.321+0000][69][gc,age      ] GC(71) - age   2:      36184 bytes,    1423976 total
[2023-03-15T03:44:56.322+0000][69][gc,age      ] GC(71) - age   3:     119712 bytes,    1543688 total
[2023-03-15T03:44:56.322+0000][69][gc,age      ] GC(71) - age   4:      49024 bytes,    1592712 total
[2023-03-15T03:44:56.323+0000][69][gc,age      ] GC(71) - age   5:        112 bytes,    1592824 total
[2023-03-15T03:44:56.323+0000][69][gc,age      ] GC(71) - age   6:     384040 bytes,    1976864 total
[2023-03-15T03:44:56.323+0000][69][gc,age      ] GC(71) - age   7:     455088 bytes,    2431952 total
[2023-03-15T03:44:56.324+0000][69][gc,age      ] GC(71) - age   8:       2128 bytes,    2434080 total
[2023-03-15T03:44:56.324+0000][69][gc,age      ] GC(71) - age   9:      11256 bytes,    2445336 total
[2023-03-15T03:44:56.325+0000][69][gc,age      ] GC(71) - age  10:       4760 bytes,    2450096 total
[2023-03-15T03:44:56.325+0000][69][gc,age      ] GC(71) - age  11:        720 bytes,    2450816 total
[2023-03-15T03:44:56.326+0000][69][gc,heap     ] GC(71) Eden regions: 23->0(23)
[2023-03-15T03:44:56.326+0000][69][gc,heap     ] GC(71) Survivor regions: 1->1(3)
[2023-03-15T03:44:56.326+0000][69][gc,heap     ] GC(71) Old regions: 25->25
[2023-03-15T03:44:56.327+0000][69][gc,heap     ] GC(71) Archive regions: 2->2
[2023-03-15T03:44:56.327+0000][69][gc,heap     ] GC(71) Humongous regions: 2->2
[2023-03-15T03:44:56.328+0000][69][gc,metaspace] GC(71) Metaspace: 138323K(142976K)->138323K(142976K) NonClass: 120443K(122880K)->120443K(122880K) Class: 17879K(20096K)->17879K(20096K)
[2023-03-15T03:44:56.328+0000][69][gc          ] GC(71) Pause Young (Concurrent Start) (G1 Evacuation Pause) 203M->111M(256M) 15.103ms
[2023-03-15T03:44:56.328+0000][69][gc          ] GC(72) Concurrent Mark Cycle
[2023-03-15T03:44:56.329+0000][69][gc,marking  ] GC(72) Concurrent Clear Claimed Marks
[2023-03-15T03:44:56.328+0000][69][gc,cpu      ] GC(71) User=0.01s Sys=0.00s Real=0.01s
[2023-03-15T03:44:56.329+0000][69][gc,marking  ] GC(72) Concurrent Clear Claimed Marks 0.669ms
[2023-03-15T03:44:56.330+0000][69][gc,marking  ] GC(72) Concurrent Scan Root Regions
[2023-03-15T03:44:56.330+0000][69][safepoint   ] Safepoint "G1CollectForAllocation", Time since last: 4791300100 ns, Reaching safepoint: 80574 ns, At safepoint: 16953461 ns, Total: 17034035 ns
[2023-03-15T03:44:56.333+0000][69][gc,marking  ] GC(72) Concurrent Scan Root Regions 3.045ms
[2023-03-15T03:44:56.334+0000][69][gc,marking  ] GC(72) Concurrent Mark
[2023-03-15T03:44:56.334+0000][69][gc,marking  ] GC(72) Concurrent Mark From Roots
[2023-03-15T03:44:56.335+0000][69][gc,task     ] GC(72) Using 1 workers of 1 for marking
[2023-03-15T03:44:56.493+0000][69][gc,marking  ] GC(72) Concurrent Mark From Roots 158.942ms
[2023-03-15T03:44:56.494+0000][69][gc,marking  ] GC(72) Concurrent Preclean
[2023-03-15T03:44:56.495+0000][69][gc,marking  ] GC(72) Concurrent Preclean 0.782ms
[2023-03-15T03:44:56.495+0000][69][gc,start    ] GC(72) Pause Remark
[2023-03-15T03:44:56.510+0000][69][gc          ] GC(72) Pause Remark 112M->112M(256M) 14.214ms
[2023-03-15T03:44:56.510+0000][69][gc,cpu      ] GC(72) User=0.05s Sys=0.00s Real=0.01s
[2023-03-15T03:44:56.511+0000][69][safepoint   ] Safepoint "G1PauseRemark", Time since last: 165615653 ns, Reaching safepoint: 113056 ns, At safepoint: 15548018 ns, Total: 15661074 ns
[2023-03-15T03:44:56.511+0000][69][gc,marking  ] GC(72) Concurrent Mark 177.707ms
[2023-03-15T03:44:56.512+0000][69][gc,marking  ] GC(72) Concurrent Rebuild Remembered Sets
[2023-03-15T03:44:56.573+0000][69][gc,marking  ] GC(72) Concurrent Rebuild Remembered Sets 61.225ms
[2023-03-15T03:44:56.575+0000][69][gc,start    ] GC(72) Pause Cleanup
[2023-03-15T03:44:56.576+0000][69][gc          ] GC(72) Pause Cleanup 117M->117M(256M) 0.930ms
[2023-03-15T03:44:56.576+0000][69][gc,cpu      ] GC(72) User=0.00s Sys=0.00s Real=0.00s
[2023-03-15T03:44:56.577+0000][69][safepoint   ] Safepoint "G1PauseCleanup", Time since last: 63457098 ns, Reaching safepoint: 242841 ns, At safepoint: 2379474 ns, Total: 2622315 ns
[2023-03-15T03:44:56.578+0000][69][gc,marking  ] GC(72) Concurrent Cleanup for Next Mark
[2023-03-15T03:44:56.579+0000][69][gc,marking  ] GC(72) Concurrent Cleanup for Next Mark 1.046ms
[2023-03-15T03:44:56.579+0000][69][gc          ] GC(72) Concurrent Mark Cycle 250.803ms
[2023-03-15T03:44:59.583+0000][69][safepoint   ] Safepoint "Cleanup", Time since last: 3005258140 ns, Reaching safepoint: 597766 ns, At safepoint: 133761 ns, Total: 731527 ns
[2023-03-15T03:45:02.590+0000][69][safepoint   ] Safepoint "Cleanup", Time since last: 3006536577 ns, Reaching safepoint: 227227 ns, At safepoint: 24170 ns, Total: 251397 ns
[2023-03-15T03:45:03.595+0000][69][safepoint   ] Safepoint "Cleanup", Time since last: 1004209870 ns, Reaching safepoint: 772099 ns, At safepoint: 137445 ns, Total: 909544 ns
[2023-03-15T03:45:05.607+0000][69][safepoint   ] Safepoint "Cleanup", Time since last: 2011282938 ns, Reaching safepoint: 628921 ns, At safepoint: 29340 ns, Total: 658261 ns
[2023-03-15T03:45:08.612+0000][69][safepoint   ] Safepoint "Cleanup", Time since last: 3004692425 ns, Reaching safepoint: 120916 ns, At safepoint: 6757 ns, Total: 127673 ns
[2023-03-15T03:45:09.613+0000][69][safepoint   ] Safepoint "Cleanup", Time since last: 1001575653 ns, Reaching safepoint: 154466 ns, At safepoint: 4552 ns, Total: 159018 ns
[2023-03-15T03:45:11.615+0000][69][safepoint   ] Safepoint "Cleanup", Time since last: 2001664419 ns, Reaching safepoint: 262760 ns, At safepoint: 7783 ns, Total: 270543 ns
[2023-03-15T03:45:14.620+0000][69][safepoint   ] Safepoint "Cleanup", Time since last: 3004728047 ns, Reaching safepoint: 331206 ns, At safepoint: 27138 ns, Total: 358344 ns
[2023-03-15T03:45:15.622+0000][69][safepoint   ] Safepoint "Cleanup", Time since last: 1001079884 ns, Reaching safepoint: 132105 ns, At safepoint: 6128 ns, Total: 138233 ns
[2023-03-15T03:45:16.624+0000][69][safepoint   ] Safepoint "Cleanup", Time since last: 1002126705 ns, Reaching safepoint: 377698 ns, At safepoint: 8470 ns, Total: 386168 ns
[2023-03-15T03:45:17.628+0000][69][safepoint   ] Safepoint "Cleanup", Time since last: 1003271498 ns, Reaching safepoint: 546929 ns, At safepoint: 10751 ns, Total: 557680 ns
[2023-03-15T03:45:20.611+0000][69][safepoint   ] Safepoint "Cleanup", Time since last: 3005193641 ns, Reaching safepoint: 434834 ns, At safepoint: 61354 ns, Total: 496188 ns
[2023-03-15T03:45:21.614+0000][69][safepoint   ] Safepoint "Cleanup", Time since last: 1002053168 ns, Reaching safepoint: 768109 ns, At safepoint: 36856 ns, Total: 804965 ns
[2023-03-15T03:45:24.831+0000][69][gc,start    ] GC(73) Pause Young (Prepare Mixed) (G1 Evacuation Pause)
[2023-03-15T03:45:24.834+0000][69][gc,task     ] GC(73) Using 4 workers of 4 for evacuation
[2023-03-15T03:45:24.836+0000][69][gc,age      ] GC(73) Desired survivor size 6291456 bytes, new threshold 15 (max threshold 15)
[2023-03-15T03:45:24.845+0000][69][gc,phases   ] GC(73)   Pre Evacuate Collection Set: 0.5ms
[2023-03-15T03:45:24.846+0000][69][gc,phases   ] GC(73)   Merge Heap Roots: 0.5ms
[2023-03-15T03:45:24.848+0000][69][gc,phases   ] GC(73)   Evacuate Collection Set: 4.7ms
[2023-03-15T03:45:24.849+0000][69][gc,phases   ] GC(73)   Post Evacuate Collection Set: 1.8ms
[2023-03-15T03:45:24.850+0000][69][gc,phases   ] GC(73)   Other: 3.8ms
[2023-03-15T03:45:24.850+0000][69][gc,age      ] GC(73) Age table with threshold 15 (max threshold 15)
[2023-03-15T03:45:24.851+0000][69][gc,age      ] GC(73) - age   1:    1235728 bytes,    1235728 total
[2023-03-15T03:45:24.852+0000][69][gc,age      ] GC(73) - age   2:     161488 bytes,    1397216 total
[2023-03-15T03:45:24.853+0000][69][gc,age      ] GC(73) - age   3:        128 bytes,    1397344 total
[2023-03-15T03:45:24.854+0000][69][gc,age      ] GC(73) - age   4:       6560 bytes,    1403904 total
[2023-03-15T03:45:24.855+0000][69][gc,age      ] GC(73) - age   5:      48896 bytes,    1452800 total
[2023-03-15T03:45:24.855+0000][69][gc,age      ] GC(73) - age   6:        112 bytes,    1452912 total
[2023-03-15T03:45:24.856+0000][69][gc,age      ] GC(73) - age   7:     383696 bytes,    1836608 total
[2023-03-15T03:45:24.857+0000][69][gc,age      ] GC(73) - age   8:     451952 bytes,    2288560 total
[2023-03-15T03:45:24.857+0000][69][gc,age      ] GC(73) - age   9:       2128 bytes,    2290688 total
[2023-03-15T03:45:24.858+0000][69][gc,age      ] GC(73) - age  10:      11224 bytes,    2301912 total
[2023-03-15T03:45:24.859+0000][69][gc,age      ] GC(73) - age  11:       4760 bytes,    2306672 total
[2023-03-15T03:45:24.860+0000][69][gc,age      ] GC(73) - age  12:        720 bytes,    2307392 total
[2023-03-15T03:45:24.860+0000][69][gc,heap     ] GC(73) Eden regions: 23->0(2)
[2023-03-15T03:45:24.861+0000][69][gc,heap     ] GC(73) Survivor regions: 1->1(3)
[2023-03-15T03:45:24.862+0000][69][gc,heap     ] GC(73) Old regions: 25->25
[2023-03-15T03:45:24.863+0000][69][gc,heap     ] GC(73) Archive regions: 2->2
[2023-03-15T03:45:24.864+0000][69][gc,heap     ] GC(73) Humongous regions: 2->2
[2023-03-15T03:45:24.865+0000][69][gc,metaspace] GC(73) Metaspace: 138382K(142976K)->138382K(142976K) NonClass: 120503K(122880K)->120503K(122880K) Class: 17878K(20096K)->17878K(20096K)
[2023-03-15T03:45:24.865+0000][69][gc          ] GC(73) Pause Young (Prepare Mixed) (G1 Evacuation Pause) 203M->111M(256M) 34.720ms
[2023-03-15T03:45:24.866+0000][69][gc,cpu      ] GC(73) User=0.01s Sys=0.01s Real=0.03s
[2023-03-15T03:45:24.867+0000][69][safepoint   ] Safepoint "G1CollectForAllocation", Time since last: 3215782891 ns, Reaching safepoint: 765914 ns, At safepoint: 36224957 ns, Total: 36990871 ns
[2023-03-15T03:45:26.470+0000][69][gc,start    ] GC(74) Pause Young (Mixed) (G1 Evacuation Pause)
[2023-03-15T03:45:26.471+0000][69][gc,task     ] GC(74) Using 4 workers of 4 for evacuation
[2023-03-15T03:45:26.471+0000][69][gc,age      ] GC(74) Desired survivor size 2097152 bytes, new threshold 8 (max threshold 15)
[2023-03-15T03:45:26.479+0000][69][gc,phases   ] GC(74)   Pre Evacuate Collection Set: 0.2ms
[2023-03-15T03:45:26.479+0000][69][gc,phases   ] GC(74)   Merge Heap Roots: 0.3ms
[2023-03-15T03:45:26.480+0000][69][gc,phases   ] GC(74)   Evacuate Collection Set: 5.3ms
[2023-03-15T03:45:26.480+0000][69][gc,phases   ] GC(74)   Post Evacuate Collection Set: 1.0ms
[2023-03-15T03:45:26.481+0000][69][gc,phases   ] GC(74)   Other: 1.2ms
[2023-03-15T03:45:26.481+0000][69][gc,age      ] GC(74) Age table with threshold 8 (max threshold 15)
[2023-03-15T03:45:26.481+0000][69][gc,age      ] GC(74) - age   1:     661640 bytes,     661640 total
[2023-03-15T03:45:26.482+0000][69][gc,age      ] GC(74) - age   2:    1040832 bytes,    1702472 total
[2023-03-15T03:45:26.482+0000][69][gc,age      ] GC(74) - age   3:     160408 bytes,    1862880 total
[2023-03-15T03:45:26.483+0000][69][gc,age      ] GC(74) - age   4:        128 bytes,    1863008 total
[2023-03-15T03:45:26.483+0000][69][gc,age      ] GC(74) - age   5:       6496 bytes,    1869504 total
[2023-03-15T03:45:26.483+0000][69][gc,age      ] GC(74) - age   6:      48896 bytes,    1918400 total
[2023-03-15T03:45:26.484+0000][69][gc,age      ] GC(74) - age   7:        112 bytes,    1918512 total
[2023-03-15T03:45:26.484+0000][69][gc,age      ] GC(74) - age   8:     383632 bytes,    2302144 total
[2023-03-15T03:45:26.484+0000][69][gc,heap     ] GC(74) Eden regions: 2->0(22)
[2023-03-15T03:45:26.485+0000][69][gc,heap     ] GC(74) Survivor regions: 1->1(1)
[2023-03-15T03:45:26.485+0000][69][gc,heap     ] GC(74) Old regions: 25->25
[2023-03-15T03:45:26.485+0000][69][gc,heap     ] GC(74) Archive regions: 2->2
[2023-03-15T03:45:26.486+0000][69][gc,heap     ] GC(74) Humongous regions: 2->2
[2023-03-15T03:45:26.486+0000][69][gc,metaspace] GC(74) Metaspace: 138383K(142976K)->138383K(142976K) NonClass: 120505K(122880K)->120505K(122880K) Class: 17878K(20096K)->17878K(20096K)
[2023-03-15T03:45:26.487+0000][69][gc          ] GC(74) Pause Young (Mixed) (G1 Evacuation Pause) 119M->111M(256M) 16.710ms
[2023-03-15T03:45:26.487+0000][69][gc,cpu      ] GC(74) User=0.02s Sys=0.00s Real=0.01s
[2023-03-15T03:45:26.488+0000][69][safepoint   ] Safepoint "G1CollectForAllocation", Time since last: 1602884521 ns, Reaching safepoint: 212707 ns, At safepoint: 17630585 ns, Total: 17843292 ns
[2023-03-15T03:45:27.488+0000][69][safepoint   ] Safepoint "Cleanup", Time since last: 1000727159 ns, Reaching safepoint: 141363 ns, At safepoint: 4377 ns, Total: 145740 ns
[2023-03-15T03:45:28.491+0000][69][safepoint   ] Safepoint "Cleanup", Time since last: 1002162348 ns, Reaching safepoint: 580924 ns, At safepoint: 16955 ns, Total: 597879 ns
[2023-03-15T03:45:29.495+0000][69][safepoint   ] Safepoint "Cleanup", Time since last: 1003970004 ns, Reaching safepoint: 165818 ns, At safepoint: 5208 ns, Total: 171026 ns
[2023-03-15T03:45:30.498+0000][69][safepoint   ] Safepoint "Cleanup", Time since last: 1002304636 ns, Reaching safepoint: 729764 ns, At safepoint: 15036 ns, Total: 744800 ns
[2023-03-15T03:45:31.504+0000][69][safepoint   ] Safepoint "Cleanup", Time since last: 1005683125 ns, Reaching safepoint: 363383 ns, At safepoint: 19031 ns, Total: 382414 ns
[2023-03-15T03:45:32.511+0000][69][safepoint   ] Safepoint "Cleanup", Time since last: 1005990449 ns, Reaching safepoint: 245608 ns, At safepoint: 11029 ns, Total: 256637 ns
[2023-03-15T03:45:33.514+0000][69][safepoint   ] Safepoint "Cleanup", Time since last: 1002904490 ns, Reaching safepoint: 268916 ns, At safepoint: 10318 ns, Total: 279234 ns
[2023-03-15T03:45:38.524+0000][69][safepoint   ] Safepoint "Cleanup", Time since last: 5009730403 ns, Reaching safepoint: 130336 ns, At safepoint: 4856 ns, Total: 135192 ns
[2023-03-15T03:45:39.525+0000][69][safepoint   ] Safepoint "Cleanup", Time since last: 1001538882 ns, Reaching safepoint: 161867 ns, At safepoint: 6086 ns, Total: 167953 ns
[2023-03-15T03:45:41.532+0000][69][safepoint   ] Safepoint "Cleanup", Time since last: 2005282379 ns, Reaching safepoint: 1323917 ns, At safepoint: 49984 ns, Total: 1373901 ns
[2023-03-15T03:45:42.536+0000][69][safepoint   ] Safepoint "Cleanup", Time since last: 1003656910 ns, Reaching safepoint: 580678 ns, At safepoint: 26516 ns, Total: 607194 ns
[2023-03-15T03:45:44.541+0000][69][safepoint   ] Safepoint "Cleanup", Time since last: 2004459450 ns, Reaching safepoint: 128339 ns, At safepoint: 32748 ns, Total: 161087 ns
[2023-03-15T03:45:45.247+0000][69][gc,start    ] GC(75) Pause Young (Concurrent Start) (G1 Evacuation Pause)
[2023-03-15T03:45:45.249+0000][69][gc,task     ] GC(75) Using 4 workers of 4 for evacuation
[2023-03-15T03:45:45.251+0000][69][gc,age      ] GC(75) Desired survivor size 6291456 bytes, new threshold 15 (max threshold 15)
[2023-03-15T03:45:45.258+0000][69][gc,phases   ] GC(75)   Pre Evacuate Collection Set: 1.1ms
[2023-03-15T03:45:45.260+0000][69][gc,phases   ] GC(75)   Merge Heap Roots: 0.2ms
[2023-03-15T03:45:45.261+0000][69][gc,phases   ] GC(75)   Evacuate Collection Set: 2.7ms
[2023-03-15T03:45:45.263+0000][69][gc,phases   ] GC(75)   Post Evacuate Collection Set: 1.8ms
[2023-03-15T03:45:45.264+0000][69][gc,phases   ] GC(75)   Other: 3.4ms
[2023-03-15T03:45:45.265+0000][69][gc,age      ] GC(75) Age table with threshold 15 (max threshold 15)
[2023-03-15T03:45:45.266+0000][69][gc,age      ] GC(75) - age   1:     748080 bytes,     748080 total
[2023-03-15T03:45:45.267+0000][69][gc,age      ] GC(75) - age   2:       2184 bytes,     750264 total
[2023-03-15T03:45:45.268+0000][69][gc,age      ] GC(75) - age   3:      19168 bytes,     769432 total
[2023-03-15T03:45:45.269+0000][69][gc,age      ] GC(75) - age   4:      15232 bytes,     784664 total
[2023-03-15T03:45:45.270+0000][69][gc,age      ] GC(75) - age   5:         64 bytes,     784728 total
[2023-03-15T03:45:45.271+0000][69][gc,age      ] GC(75) - age   6:       6368 bytes,     791096 total
[2023-03-15T03:45:45.272+0000][69][gc,age      ] GC(75) - age   7:      48896 bytes,     839992 total
[2023-03-15T03:45:45.272+0000][69][gc,age      ] GC(75) - age   8:        112 bytes,     840104 total
[2023-03-15T03:45:45.273+0000][69][gc,age      ] GC(75) - age   9:     383632 bytes,    1223736 total
[2023-03-15T03:45:45.274+0000][69][gc,heap     ] GC(75) Eden regions: 22->0(23)
[2023-03-15T03:45:45.274+0000][69][gc,heap     ] GC(75) Survivor regions: 1->1(3)
[2023-03-15T03:45:45.275+0000][69][gc,heap     ] GC(75) Old regions: 25->25
[2023-03-15T03:45:45.276+0000][69][gc,heap     ] GC(75) Archive regions: 2->2
[2023-03-15T03:45:45.276+0000][69][gc,heap     ] GC(75) Humongous regions: 2->2
[2023-03-15T03:45:45.277+0000][69][gc,metaspace] GC(75) Metaspace: 138488K(142976K)->138488K(142976K) NonClass: 120610K(122880K)->120610K(122880K) Class: 17878K(20096K)->17878K(20096K)
[2023-03-15T03:45:45.277+0000][69][gc          ] GC(75) Pause Young (Concurrent Start) (G1 Evacuation Pause) 199M->109M(256M) 29.796ms
[2023-03-15T03:45:45.278+0000][69][gc          ] GC(76) Concurrent Mark Cycle
[2023-03-15T03:45:45.279+0000][69][gc,marking  ] GC(76) Concurrent Clear Claimed Marks
[2023-03-15T03:45:45.278+0000][69][gc,cpu      ] GC(75) User=0.01s Sys=0.01s Real=0.03s
[2023-03-15T03:45:45.280+0000][69][gc,marking  ] GC(76) Concurrent Clear Claimed Marks 1.119ms
[2023-03-15T03:45:45.282+0000][69][gc,marking  ] GC(76) Concurrent Scan Root Regions
[2023-03-15T03:45:45.281+0000][69][safepoint   ] Safepoint "G1CollectForAllocation", Time since last: 705709195 ns, Reaching safepoint: 608053 ns, At safepoint: 33838506 ns, Total: 34446559 ns
[2023-03-15T03:45:45.285+0000][69][gc,marking  ] GC(76) Concurrent Scan Root Regions 2.982ms
[2023-03-15T03:45:45.285+0000][69][gc,marking  ] GC(76) Concurrent Mark
[2023-03-15T03:45:45.286+0000][69][gc,marking  ] GC(76) Concurrent Mark From Roots
[2023-03-15T03:45:45.287+0000][69][gc,task     ] GC(76) Using 1 workers of 1 for marking
[2023-03-15T03:45:45.386+0000][69][gc,marking  ] GC(76) Concurrent Mark From Roots 99.918ms
[2023-03-15T03:45:45.387+0000][69][gc,marking  ] GC(76) Concurrent Preclean
[2023-03-15T03:45:45.388+0000][69][gc,marking  ] GC(76) Concurrent Preclean 1.329ms
[2023-03-15T03:45:45.389+0000][69][gc,start    ] GC(76) Pause Remark
[2023-03-15T03:45:45.399+0000][69][gc          ] GC(76) Pause Remark 110M->110M(256M) 10.248ms
[2023-03-15T03:45:45.400+0000][69][gc,cpu      ] GC(76) User=0.02s Sys=0.00s Real=0.02s
[2023-03-15T03:45:45.401+0000][69][safepoint   ] Safepoint "G1PauseRemark", Time since last: 107836663 ns, Reaching safepoint: 92789 ns, At safepoint: 11439454 ns, Total: 11532243 ns
[2023-03-15T03:45:45.401+0000][69][gc,marking  ] GC(76) Concurrent Mark 115.858ms
[2023-03-15T03:45:45.402+0000][69][gc,marking  ] GC(76) Concurrent Rebuild Remembered Sets
[2023-03-15T03:45:45.451+0000][69][gc,marking  ] GC(76) Concurrent Rebuild Remembered Sets 49.164ms
[2023-03-15T03:45:45.452+0000][69][gc,start    ] GC(76) Pause Cleanup
[2023-03-15T03:45:45.453+0000][69][gc          ] GC(76) Pause Cleanup 110M->110M(256M) 1.011ms
[2023-03-15T03:45:45.454+0000][69][gc,cpu      ] GC(76) User=0.00s Sys=0.00s Real=0.00s
[2023-03-15T03:45:45.454+0000][69][safepoint   ] Safepoint "G1PauseCleanup", Time since last: 51487932 ns, Reaching safepoint: 77457 ns, At safepoint: 2310894 ns, Total: 2388351 ns
[2023-03-15T03:45:45.455+0000][69][gc,marking  ] GC(76) Concurrent Cleanup for Next Mark
[2023-03-15T03:45:45.456+0000][69][gc,marking  ] GC(76) Concurrent Cleanup for Next Mark 0.750ms
[2023-03-15T03:45:45.456+0000][69][gc          ] GC(76) Concurrent Mark Cycle 177.982ms
[2023-03-15T03:45:46.456+0000][69][safepoint   ] Safepoint "Cleanup", Time since last: 1001463381 ns, Reaching safepoint: 565177 ns, At safepoint: 13523 ns, Total: 578700 ns
[2023-03-15T03:45:50.441+0000][69][safepoint   ] Safepoint "Cleanup", Time since last: 4007076383 ns, Reaching safepoint: 110502 ns, At safepoint: 2660 ns, Total: 113162 ns
[2023-03-15T03:45:51.444+0000][69][safepoint   ] Safepoint "Cleanup", Time since last: 1002574889 ns, Reaching safepoint: 337490 ns, At safepoint: 10416 ns, Total: 347906 ns
[2023-03-15T03:45:52.450+0000][69][safepoint   ] Safepoint "Cleanup", Time since last: 1005352785 ns, Reaching safepoint: 498053 ns, At safepoint: 11056 ns, Total: 509109 ns
[2023-03-15T03:45:53.454+0000][69][safepoint   ] Safepoint "Cleanup", Time since last: 1003375792 ns, Reaching safepoint: 417085 ns, At safepoint: 14520 ns, Total: 431605 ns
[2023-03-15T03:45:56.459+0000][69][safepoint   ] Safepoint "Cleanup", Time since last: 3004813595 ns, Reaching safepoint: 187735 ns, At safepoint: 25497 ns, Total: 213232 ns
[2023-03-15T03:45:58.461+0000][69][safepoint   ] Safepoint "Cleanup", Time since last: 2001730914 ns, Reaching safepoint: 242813 ns, At safepoint: 10850 ns, Total: 253663 ns
[2023-03-15T03:45:59.465+0000][69][safepoint   ] Safepoint "Cleanup", Time since last: 1003561723 ns, Reaching safepoint: 605797 ns, At safepoint: 34707 ns, Total: 640504 ns
[2023-03-15T03:46:02.470+0000][69][safepoint   ] Safepoint "Cleanup", Time since last: 3004383201 ns, Reaching safepoint: 217479 ns, At safepoint: 5752 ns, Total: 223231 ns
[2023-03-15T03:46:04.474+0000][69][safepoint   ] Safepoint "Cleanup", Time since last: 2002692107 ns, Reaching safepoint: 1098178 ns, At safepoint: 40862 ns, Total: 1139040 ns
[2023-03-15T03:46:05.479+0000][69][safepoint   ] Safepoint "Cleanup", Time since last: 1005194795 ns, Reaching safepoint: 489076 ns, At safepoint: 49998 ns, Total: 539074 ns
[2023-03-15T03:46:08.483+0000][69][safepoint   ] Safepoint "Cleanup", Time since last: 3004002359 ns, Reaching safepoint: 77197 ns, At safepoint: 6515 ns, Total: 83712 ns
[2023-03-15T03:46:09.485+0000][69][safepoint   ] Safepoint "Cleanup", Time since last: 1001105529 ns, Reaching safepoint: 208393 ns, At safepoint: 4149 ns, Total: 212542 ns
[2023-03-15T03:46:11.488+0000][69][safepoint   ] Safepoint "Cleanup", Time since last: 2003158926 ns, Reaching safepoint: 249071 ns, At safepoint: 10869 ns, Total: 259940 ns
[2023-03-15T03:46:14.493+0000][69][safepoint   ] Safepoint "Cleanup", Time since last: 3004661918 ns, Reaching safepoint: 216141 ns, At safepoint: 7535 ns, Total: 223676 ns
[2023-03-15T03:46:15.496+0000][69][safepoint   ] Safepoint "Cleanup", Time since last: 1002344373 ns, Reaching safepoint: 145563 ns, At safepoint: 12301 ns, Total: 157864 ns
[2023-03-15T03:46:15.565+0000][69][gc,start    ] GC(77) Pause Young (Normal) (G1 Evacuation Pause)
[2023-03-15T03:46:15.566+0000][69][gc,task     ] GC(77) Using 4 workers of 4 for evacuation
[2023-03-15T03:46:15.567+0000][69][gc,age      ] GC(77) Desired survivor size 6291456 bytes, new threshold 15 (max threshold 15)
[2023-03-15T03:46:15.571+0000][69][gc,phases   ] GC(77)   Pre Evacuate Collection Set: 0.1ms
[2023-03-15T03:46:15.572+0000][69][gc,phases   ] GC(77)   Merge Heap Roots: 0.1ms
[2023-03-15T03:46:15.573+0000][69][gc,phases   ] GC(77)   Evacuate Collection Set: 2.4ms
[2023-03-15T03:46:15.573+0000][69][gc,phases   ] GC(77)   Post Evacuate Collection Set: 0.7ms
[2023-03-15T03:46:15.573+0000][69][gc,phases   ] GC(77)   Other: 1.7ms
[2023-03-15T03:46:15.574+0000][69][gc,age      ] GC(77) Age table with threshold 15 (max threshold 15)
[2023-03-15T03:46:15.575+0000][69][gc,age      ] GC(77) - age   1:     882736 bytes,     882736 total
[2023-03-15T03:46:15.576+0000][69][gc,age      ] GC(77) - age   2:     141280 bytes,    1024016 total
[2023-03-15T03:46:15.576+0000][69][gc,age      ] GC(77) - age   4:       6328 bytes,    1030344 total
[2023-03-15T03:46:15.577+0000][69][gc,age      ] GC(77) - age   5:      14432 bytes,    1044776 total
[2023-03-15T03:46:15.577+0000][69][gc,age      ] GC(77) - age   6:         64 bytes,    1044840 total
[2023-03-15T03:46:15.578+0000][69][gc,age      ] GC(77) - age   7:       6368 bytes,    1051208 total
[2023-03-15T03:46:15.578+0000][69][gc,age      ] GC(77) - age   8:      48720 bytes,    1099928 total
[2023-03-15T03:46:15.579+0000][69][gc,age      ] GC(77) - age   9:        112 bytes,    1100040 total
[2023-03-15T03:46:15.580+0000][69][gc,age      ] GC(77) - age  10:     383632 bytes,    1483672 total
[2023-03-15T03:46:15.580+0000][69][gc,heap     ] GC(77) Eden regions: 23->0(23)
[2023-03-15T03:46:15.581+0000][69][gc,heap     ] GC(77) Survivor regions: 1->1(3)
[2023-03-15T03:46:15.582+0000][69][gc,heap     ] GC(77) Old regions: 25->25
[2023-03-15T03:46:15.582+0000][69][gc,heap     ] GC(77) Archive regions: 2->2
[2023-03-15T03:46:15.583+0000][69][gc,heap     ] GC(77) Humongous regions: 2->2
[2023-03-15T03:46:15.583+0000][69][gc,metaspace] GC(77) Metaspace: 138541K(142976K)->138541K(142976K) NonClass: 120662K(122880K)->120662K(122880K) Class: 17878K(20096K)->17878K(20096K)
[2023-03-15T03:46:15.583+0000][69][gc          ] GC(77) Pause Young (Normal) (G1 Evacuation Pause) 201M->110M(256M) 18.074ms
[2023-03-15T03:46:15.584+0000][69][gc,cpu      ] GC(77) User=0.01s Sys=0.00s Real=0.02s
[2023-03-15T03:46:15.584+0000][69][safepoint   ] Safepoint "G1CollectForAllocation", Time since last: 69670651 ns, Reaching safepoint: 109815 ns, At safepoint: 19048460 ns, Total: 19158275 ns
[2023-03-15T03:46:17.587+0000][69][safepoint   ] Safepoint "Cleanup", Time since last: 2002774273 ns, Reaching safepoint: 335216 ns, At safepoint: 11742 ns, Total: 346958 ns
[2023-03-15T03:46:18.569+0000][69][safepoint   ] Safepoint "Cleanup", Time since last: 1003249503 ns, Reaching safepoint: 219836 ns, At safepoint: 7091 ns, Total: 226927 ns
[2023-03-15T03:46:20.575+0000][69][safepoint   ] Safepoint "Cleanup", Time since last: 2005990067 ns, Reaching safepoint: 268188 ns, At safepoint: 12737 ns, Total: 280925 ns
[2023-03-15T03:46:21.579+0000][69][safepoint   ] Safepoint "Cleanup", Time since last: 1004061387 ns, Reaching safepoint: 347546 ns, At safepoint: 11371 ns, Total: 358917 ns
[2023-03-15T03:46:22.584+0000][69][safepoint   ] Safepoint "Cleanup", Time since last: 1004338724 ns, Reaching safepoint: 374240 ns, At safepoint: 11832 ns, Total: 386072 ns
[2023-03-15T03:46:25.593+0000][69][safepoint   ] Safepoint "Cleanup", Time since last: 3008219334 ns, Reaching safepoint: 542739 ns, At safepoint: 13076 ns, Total: 555815 ns
[2023-03-15T03:46:26.596+0000][69][safepoint   ] Safepoint "Cleanup", Time since last: 1002629892 ns, Reaching safepoint: 184558 ns, At safepoint: 55339 ns, Total: 239897 ns
[2023-03-15T03:46:30.602+0000][69][safepoint   ] Safepoint "Cleanup", Time since last: 4005905639 ns, Reaching safepoint: 338994 ns, At safepoint: 12181 ns, Total: 351175 ns
[2023-03-15T03:46:32.606+0000][69][safepoint   ] Safepoint "Cleanup", Time since last: 2004212891 ns, Reaching safepoint: 209393 ns, At safepoint: 9766 ns, Total: 219159 ns
[2023-03-15T03:46:33.626+0000][69][safepoint   ] Safepoint "Cleanup", Time since last: 1019529549 ns, Reaching safepoint: 272771 ns, At safepoint: 10461 ns, Total: 283232 ns
[2023-03-15T03:46:38.632+0000][69][safepoint   ] Safepoint "Cleanup", Time since last: 5005905525 ns, Reaching safepoint: 125238 ns, At safepoint: 7469 ns, Total: 132707 ns
[2023-03-15T03:46:41.636+0000][69][safepoint   ] Safepoint "Cleanup", Time since last: 3003243383 ns, Reaching safepoint: 240476 ns, At safepoint: 10355 ns, Total: 250831 ns
[2023-03-15T03:46:44.580+0000][69][gc,start    ] GC(78) Pause Young (Concurrent Start) (G1 Evacuation Pause)
[2023-03-15T03:46:44.584+0000][69][gc,task     ] GC(78) Using 4 workers of 4 for evacuation
[2023-03-15T03:46:44.585+0000][69][gc,age      ] GC(78) Desired survivor size 6291456 bytes, new threshold 15 (max threshold 15)
[2023-03-15T03:46:44.593+0000][69][gc,phases   ] GC(78)   Pre Evacuate Collection Set: 0.5ms
[2023-03-15T03:46:44.594+0000][69][gc,phases   ] GC(78)   Merge Heap Roots: 0.2ms
[2023-03-15T03:46:44.596+0000][69][gc,phases   ] GC(78)   Evacuate Collection Set: 3.9ms
[2023-03-15T03:46:44.597+0000][69][gc,phases   ] GC(78)   Post Evacuate Collection Set: 1.6ms
[2023-03-15T03:46:44.597+0000][69][gc,phases   ] GC(78)   Other: 3.3ms
[2023-03-15T03:46:44.598+0000][69][gc,age      ] GC(78) Age table with threshold 15 (max threshold 15)
[2023-03-15T03:46:44.599+0000][69][gc,age      ] GC(78) - age   1:    1184656 bytes,    1184656 total
[2023-03-15T03:46:44.600+0000][69][gc,age      ] GC(78) - age   2:     147712 bytes,    1332368 total
[2023-03-15T03:46:44.601+0000][69][gc,age      ] GC(78) - age   3:       7976 bytes,    1340344 total
[2023-03-15T03:46:44.601+0000][69][gc,age      ] GC(78) - age   5:       5968 bytes,    1346312 total
[2023-03-15T03:46:44.602+0000][69][gc,age      ] GC(78) - age   6:       6416 bytes,    1352728 total
[2023-03-15T03:46:44.603+0000][69][gc,age      ] GC(78) - age   8:       6368 bytes,    1359096 total
[2023-03-15T03:46:44.604+0000][69][gc,age      ] GC(78) - age   9:      48720 bytes,    1407816 total
[2023-03-15T03:46:44.605+0000][69][gc,age      ] GC(78) - age  10:        112 bytes,    1407928 total
[2023-03-15T03:46:44.605+0000][69][gc,age      ] GC(78) - age  11:     383632 bytes,    1791560 total
[2023-03-15T03:46:44.606+0000][69][gc,heap     ] GC(78) Eden regions: 23->0(23)
[2023-03-15T03:46:44.607+0000][69][gc,heap     ] GC(78) Survivor regions: 1->1(3)
[2023-03-15T03:46:44.607+0000][69][gc,heap     ] GC(78) Old regions: 25->25
[2023-03-15T03:46:44.608+0000][69][gc,heap     ] GC(78) Archive regions: 2->2
[2023-03-15T03:46:44.609+0000][69][gc,heap     ] GC(78) Humongous regions: 2->2
[2023-03-15T03:46:44.609+0000][69][gc,metaspace] GC(78) Metaspace: 138635K(143104K)->138635K(143104K) NonClass: 120757K(123008K)->120757K(123008K) Class: 17878K(20096K)->17878K(20096K)
[2023-03-15T03:46:44.611+0000][69][gc          ] GC(78) Pause Young (Concurrent Start) (G1 Evacuation Pause) 202M->110M(256M) 30.514ms
[2023-03-15T03:46:44.611+0000][69][gc,cpu      ] GC(78) User=0.01s Sys=0.00s Real=0.03s
[2023-03-15T03:46:44.611+0000][69][gc          ] GC(79) Concurrent Mark Cycle
[2023-03-15T03:46:44.613+0000][69][gc,marking  ] GC(79) Concurrent Clear Claimed Marks
[2023-03-15T03:46:44.612+0000][69][safepoint   ] Safepoint "G1CollectForAllocation", Time since last: 2944110868 ns, Reaching safepoint: 277633 ns, At safepoint: 31894301 ns, Total: 32171934 ns
[2023-03-15T03:46:44.614+0000][69][gc,marking  ] GC(79) Concurrent Clear Claimed Marks 1.026ms
[2023-03-15T03:46:44.615+0000][69][gc,marking  ] GC(79) Concurrent Scan Root Regions
[2023-03-15T03:46:44.620+0000][69][gc,marking  ] GC(79) Concurrent Scan Root Regions 5.666ms
[2023-03-15T03:46:44.621+0000][69][gc,marking  ] GC(79) Concurrent Mark
[2023-03-15T03:46:44.623+0000][69][gc,marking  ] GC(79) Concurrent Mark From Roots
[2023-03-15T03:46:44.624+0000][69][gc,task     ] GC(79) Using 1 workers of 1 for marking
[2023-03-15T03:46:44.724+0000][69][gc,marking  ] GC(79) Concurrent Mark From Roots 100.854ms
[2023-03-15T03:46:44.725+0000][69][gc,marking  ] GC(79) Concurrent Preclean
[2023-03-15T03:46:44.726+0000][69][gc,marking  ] GC(79) Concurrent Preclean 1.176ms
[2023-03-15T03:46:44.727+0000][69][gc,start    ] GC(79) Pause Remark
[2023-03-15T03:46:44.736+0000][69][gc          ] GC(79) Pause Remark 111M->111M(256M) 8.702ms
[2023-03-15T03:46:44.737+0000][69][gc,cpu      ] GC(79) User=0.03s Sys=0.00s Real=0.01s
[2023-03-15T03:46:44.737+0000][69][safepoint   ] Safepoint "G1PauseRemark", Time since last: 114928835 ns, Reaching safepoint: 180493 ns, At safepoint: 10243278 ns, Total: 10423771 ns
[2023-03-15T03:46:44.738+0000][69][gc,marking  ] GC(79) Concurrent Mark 116.931ms
[2023-03-15T03:46:44.738+0000][69][gc,marking  ] GC(79) Concurrent Rebuild Remembered Sets
[2023-03-15T03:46:44.793+0000][69][gc,marking  ] GC(79) Concurrent Rebuild Remembered Sets 54.889ms
[2023-03-15T03:46:44.794+0000][69][gc,start    ] GC(79) Pause Cleanup
[2023-03-15T03:46:44.796+0000][69][gc          ] GC(79) Pause Cleanup 112M->112M(256M) 1.065ms
[2023-03-15T03:46:44.796+0000][69][gc,cpu      ] GC(79) User=0.00s Sys=0.00s Real=0.01s
[2023-03-15T03:46:44.797+0000][69][safepoint   ] Safepoint "G1PauseCleanup", Time since last: 56971056 ns, Reaching safepoint: 155917 ns, At safepoint: 2179614 ns, Total: 2335531 ns
[2023-03-15T03:46:44.797+0000][69][gc,marking  ] GC(79) Concurrent Cleanup for Next Mark
[2023-03-15T03:46:44.798+0000][69][gc,marking  ] GC(79) Concurrent Cleanup for Next Mark 0.923ms
[2023-03-15T03:46:44.799+0000][69][gc          ] GC(79) Concurrent Mark Cycle 187.201ms
[2023-03-15T03:46:45.799+0000][69][safepoint   ] Safepoint "Cleanup", Time since last: 1001461928 ns, Reaching safepoint: 499860 ns, At safepoint: 14476 ns, Total: 514336 ns
[2023-03-15T03:46:46.803+0000][69][safepoint   ] Safepoint "Cleanup", Time since last: 1003393742 ns, Reaching safepoint: 242654 ns, At safepoint: 310359 ns, Total: 553013 ns
[2023-03-15T03:46:50.790+0000][69][safepoint   ] Safepoint "Cleanup", Time since last: 4008613990 ns, Reaching safepoint: 658750 ns, At safepoint: 15126 ns, Total: 673876 ns
[2023-03-15T03:46:51.794+0000][69][safepoint   ] Safepoint "Cleanup", Time since last: 1004004974 ns, Reaching safepoint: 343910 ns, At safepoint: 10832 ns, Total: 354742 ns
[2023-03-15T03:46:52.798+0000][69][safepoint   ] Safepoint "Cleanup", Time since last: 1004174866 ns, Reaching safepoint: 177213 ns, At safepoint: 13469 ns, Total: 190682 ns
[2023-03-15T03:46:56.810+0000][69][safepoint   ] Safepoint "Cleanup", Time since last: 4010822995 ns, Reaching safepoint: 774861 ns, At safepoint: 43444 ns, Total: 818305 ns
[2023-03-15T03:46:57.814+0000][69][safepoint   ] Safepoint "Cleanup", Time since last: 1003980278 ns, Reaching safepoint: 142788 ns, At safepoint: 6441 ns, Total: 149229 ns
[2023-03-15T03:46:59.819+0000][69][safepoint   ] Safepoint "Cleanup", Time since last: 2004177657 ns, Reaching safepoint: 226916 ns, At safepoint: 10133 ns, Total: 237049 ns
[2023-03-15T03:47:02.825+0000][69][safepoint   ] Safepoint "Cleanup", Time since last: 3006101911 ns, Reaching safepoint: 670137 ns, At safepoint: 58292 ns, Total: 728429 ns
[2023-03-15T03:47:03.827+0000][69][safepoint   ] Safepoint "Cleanup", Time since last: 1001328353 ns, Reaching safepoint: 504188 ns, At safepoint: 23387 ns, Total: 527575 ns
[2023-03-15T03:47:05.831+0000][69][safepoint   ] Safepoint "Cleanup", Time since last: 2003800629 ns, Reaching safepoint: 349872 ns, At safepoint: 11759 ns, Total: 361631 ns
[2023-03-15T03:47:06.837+0000][69][safepoint   ] Safepoint "Cleanup", Time since last: 1005100662 ns, Reaching safepoint: 149173 ns, At safepoint: 10284 ns, Total: 159457 ns
[2023-03-15T03:47:08.842+0000][69][safepoint   ] Safepoint "Cleanup", Time since last: 2005663128 ns, Reaching safepoint: 158904 ns, At safepoint: 12022 ns, Total: 170926 ns
[2023-03-15T03:47:09.847+0000][69][safepoint   ] Safepoint "Cleanup", Time since last: 1003465016 ns, Reaching safepoint: 1050620 ns, At safepoint: 248344 ns, Total: 1298964 ns
[2023-03-15T03:47:11.853+0000][69][safepoint   ] Safepoint "Cleanup", Time since last: 2004430475 ns, Reaching safepoint: 808747 ns, At safepoint: 45258 ns, Total: 854005 ns
[2023-03-15T03:47:14.452+0000][69][gc,start    ] GC(80) Pause Young (Normal) (G1 Evacuation Pause)
[2023-03-15T03:47:14.452+0000][69][gc,task     ] GC(80) Using 4 workers of 4 for evacuation
[2023-03-15T03:47:14.453+0000][69][gc,age      ] GC(80) Desired survivor size 6291456 bytes, new threshold 15 (max threshold 15)
[2023-03-15T03:47:14.457+0000][69][gc,phases   ] GC(80)   Pre Evacuate Collection Set: 0.1ms
[2023-03-15T03:47:14.457+0000][69][gc,phases   ] GC(80)   Merge Heap Roots: 0.1ms
[2023-03-15T03:47:14.458+0000][69][gc,phases   ] GC(80)   Evacuate Collection Set: 2.0ms
[2023-03-15T03:47:14.458+0000][69][gc,phases   ] GC(80)   Post Evacuate Collection Set: 0.8ms
[2023-03-15T03:47:14.458+0000][69][gc,phases   ] GC(80)   Other: 1.2ms
[2023-03-15T03:47:14.459+0000][69][gc,age      ] GC(80) Age table with threshold 15 (max threshold 15)
[2023-03-15T03:47:14.459+0000][69][gc,age      ] GC(80) - age   1:    1048296 bytes,    1048296 total
[2023-03-15T03:47:14.460+0000][69][gc,age      ] GC(80) - age   2:     147136 bytes,    1195432 total
[2023-03-15T03:47:14.460+0000][69][gc,age      ] GC(80) - age   3:      11736 bytes,    1207168 total
[2023-03-15T03:47:14.461+0000][69][gc,age      ] GC(80) - age   4:       7672 bytes,    1214840 total
[2023-03-15T03:47:14.461+0000][69][gc,age      ] GC(80) - age   6:       5904 bytes,    1220744 total
[2023-03-15T03:47:14.462+0000][69][gc,age      ] GC(80) - age   7:       6416 bytes,    1227160 total
[2023-03-15T03:47:14.462+0000][69][gc,age      ] GC(80) - age   9:       6368 bytes,    1233528 total
[2023-03-15T03:47:14.463+0000][69][gc,age      ] GC(80) - age  10:      40288 bytes,    1273816 total
[2023-03-15T03:47:14.463+0000][69][gc,age      ] GC(80) - age  11:        112 bytes,    1273928 total
[2023-03-15T03:47:14.463+0000][69][gc,age      ] GC(80) - age  12:     383632 bytes,    1657560 total
[2023-03-15T03:47:14.464+0000][69][gc,heap     ] GC(80) Eden regions: 23->0(23)
[2023-03-15T03:47:14.464+0000][69][gc,heap     ] GC(80) Survivor regions: 1->1(3)
[2023-03-15T03:47:14.465+0000][69][gc,heap     ] GC(80) Old regions: 25->25
[2023-03-15T03:47:14.465+0000][69][gc,heap     ] GC(80) Archive regions: 2->2
[2023-03-15T03:47:14.466+0000][69][gc,heap     ] GC(80) Humongous regions: 2->2
[2023-03-15T03:47:14.466+0000][69][gc,metaspace] GC(80) Metaspace: 138776K(143168K)->138776K(143168K) NonClass: 120898K(123072K)->120898K(123072K) Class: 17878K(20096K)->17878K(20096K)
[2023-03-15T03:47:14.466+0000][69][gc          ] GC(80) Pause Young (Normal) (G1 Evacuation Pause) 202M->110M(256M) 14.673ms
[2023-03-15T03:47:14.467+0000][69][gc,cpu      ] GC(80) User=0.01s Sys=0.01s Real=0.02s
[2023-03-15T03:47:14.468+0000][69][safepoint   ] Safepoint "G1CollectForAllocation", Time since last: 2599037237 ns, Reaching safepoint: 106665 ns, At safepoint: 16124654 ns, Total: 16231319 ns
[2023-03-15T03:47:15.469+0000][69][safepoint   ] Safepoint "Cleanup", Time since last: 1000585484 ns, Reaching safepoint: 180264 ns, At safepoint: 4969 ns, Total: 185233 ns
[2023-03-15T03:47:17.473+0000][69][safepoint   ] Safepoint "Cleanup", Time since last: 2003852319 ns, Reaching safepoint: 345886 ns, At safepoint: 11156 ns, Total: 357042 ns
[2023-03-15T03:47:18.455+0000][69][safepoint   ] Safepoint "Cleanup", Time since last: 1003779971 ns, Reaching safepoint: 455174 ns, At safepoint: 44854 ns, Total: 500028 ns
[2023-03-15T03:47:20.459+0000][69][safepoint   ] Safepoint "Cleanup", Time since last: 2003878615 ns, Reaching safepoint: 120629 ns, At safepoint: 3065 ns, Total: 123694 ns
[2023-03-15T03:47:21.460+0000][69][safepoint   ] Safepoint "Cleanup", Time since last: 1001299522 ns, Reaching safepoint: 357024 ns, At safepoint: 13386 ns, Total: 370410 ns
[2023-03-15T03:47:26.470+0000][69][safepoint   ] Safepoint "Cleanup", Time since last: 5008974278 ns, Reaching safepoint: 671421 ns, At safepoint: 24951 ns, Total: 696372 ns
[2023-03-15T03:47:27.477+0000][69][safepoint   ] Safepoint "Cleanup", Time since last: 1006240904 ns, Reaching safepoint: 376409 ns, At safepoint: 13805 ns, Total: 390214 ns
[2023-03-15T03:47:32.484+0000][69][safepoint   ] Safepoint "Cleanup", Time since last: 5006396176 ns, Reaching safepoint: 610714 ns, At safepoint: 36645 ns, Total: 647359 ns
[2023-03-15T03:47:34.487+0000][69][safepoint   ] Safepoint "Cleanup", Time since last: 2003103438 ns, Reaching safepoint: 525172 ns, At safepoint: 35898 ns, Total: 561070 ns
[2023-03-15T03:47:35.491+0000][69][safepoint   ] Safepoint "Cleanup", Time since last: 1003193325 ns, Reaching safepoint: 370553 ns, At safepoint: 13125 ns, Total: 383678 ns
[2023-03-15T03:47:36.495+0000][69][safepoint   ] Safepoint "Cleanup", Time since last: 1003608345 ns, Reaching safepoint: 628974 ns, At safepoint: 16346 ns, Total: 645320 ns
[2023-03-15T03:47:38.443+0000][69][gc,start    ] GC(81) Pause Young (Concurrent Start) (G1 Evacuation Pause)
[2023-03-15T03:47:38.443+0000][69][gc,task     ] GC(81) Using 4 workers of 4 for evacuation
[2023-03-15T03:47:38.444+0000][69][gc,age      ] GC(81) Desired survivor size 6291456 bytes, new threshold 15 (max threshold 15)
[2023-03-15T03:47:38.448+0000][69][gc,phases   ] GC(81)   Pre Evacuate Collection Set: 0.5ms
[2023-03-15T03:47:38.449+0000][69][gc,phases   ] GC(81)   Merge Heap Roots: 0.1ms
[2023-03-15T03:47:38.449+0000][69][gc,phases   ] GC(81)   Evacuate Collection Set: 2.3ms
[2023-03-15T03:47:38.449+0000][69][gc,phases   ] GC(81)   Post Evacuate Collection Set: 0.7ms
[2023-03-15T03:47:38.450+0000][69][gc,phases   ] GC(81)   Other: 1.1ms
[2023-03-15T03:47:38.450+0000][69][gc,age      ] GC(81) Age table with threshold 15 (max threshold 15)
[2023-03-15T03:47:38.450+0000][69][gc,age      ] GC(81) - age   1:    1774272 bytes,    1774272 total
[2023-03-15T03:47:38.451+0000][69][gc,age      ] GC(81) - age   2:     116944 bytes,    1891216 total
[2023-03-15T03:47:38.451+0000][69][gc,age      ] GC(81) - age   3:      12952 bytes,    1904168 total
[2023-03-15T03:47:38.452+0000][69][gc,age      ] GC(81) - age   4:      11416 bytes,    1915584 total
[2023-03-15T03:47:38.452+0000][69][gc,age      ] GC(81) - age   5:       7544 bytes,    1923128 total
[2023-03-15T03:47:38.452+0000][69][gc,age      ] GC(81) - age   7:       5904 bytes,    1929032 total
[2023-03-15T03:47:38.453+0000][69][gc,age      ] GC(81) - age   8:       6384 bytes,    1935416 total
[2023-03-15T03:47:38.453+0000][69][gc,age      ] GC(81) - age  10:       6072 bytes,    1941488 total
[2023-03-15T03:47:38.453+0000][69][gc,age      ] GC(81) - age  11:      40208 bytes,    1981696 total
[2023-03-15T03:47:38.454+0000][69][gc,age      ] GC(81) - age  12:        112 bytes,    1981808 total
[2023-03-15T03:47:38.454+0000][69][gc,age      ] GC(81) - age  13:     383632 bytes,    2365440 total
[2023-03-15T03:47:38.455+0000][69][gc,heap     ] GC(81) Eden regions: 23->0(23)
[2023-03-15T03:47:38.455+0000][69][gc,heap     ] GC(81) Survivor regions: 1->1(3)
[2023-03-15T03:47:38.455+0000][69][gc,heap     ] GC(81) Old regions: 25->25
[2023-03-15T03:47:38.456+0000][69][gc,heap     ] GC(81) Archive regions: 2->2
[2023-03-15T03:47:38.456+0000][69][gc,heap     ] GC(81) Humongous regions: 2->2
[2023-03-15T03:47:38.457+0000][69][gc,metaspace] GC(81) Metaspace: 138850K(143232K)->138850K(143232K) NonClass: 120972K(123136K)->120972K(123136K) Class: 17878K(20096K)->17878K(20096K)
[2023-03-15T03:47:38.457+0000][69][gc          ] GC(81) Pause Young (Concurrent Start) (G1 Evacuation Pause) 202M->110M(256M) 14.151ms
[2023-03-15T03:47:38.457+0000][69][gc          ] GC(82) Concurrent Mark Cycle
[2023-03-15T03:47:38.458+0000][69][gc,marking  ] GC(82) Concurrent Clear Claimed Marks
[2023-03-15T03:47:38.457+0000][69][gc,cpu      ] GC(81) User=0.01s Sys=0.00s Real=0.01s
[2023-03-15T03:47:38.459+0000][69][gc,marking  ] GC(82) Concurrent Clear Claimed Marks 0.786ms
[2023-03-15T03:47:38.460+0000][69][gc,marking  ] GC(82) Concurrent Scan Root Regions
[2023-03-15T03:47:38.459+0000][69][safepoint   ] Safepoint "G1CollectForAllocation", Time since last: 1947560587 ns, Reaching safepoint: 84119 ns, At safepoint: 16245098 ns, Total: 16329217 ns
[2023-03-15T03:47:38.464+0000][69][gc,marking  ] GC(82) Concurrent Scan Root Regions 4.506ms
[2023-03-15T03:47:38.465+0000][69][gc,marking  ] GC(82) Concurrent Mark
[2023-03-15T03:47:38.465+0000][69][gc,marking  ] GC(82) Concurrent Mark From Roots
[2023-03-15T03:47:38.466+0000][69][gc,task     ] GC(82) Using 1 workers of 1 for marking
[2023-03-15T03:47:38.641+0000][69][gc,marking  ] GC(82) Concurrent Mark From Roots 175.425ms
[2023-03-15T03:47:38.642+0000][69][gc,marking  ] GC(82) Concurrent Preclean
[2023-03-15T03:47:38.642+0000][69][gc,marking  ] GC(82) Concurrent Preclean 0.682ms
[2023-03-15T03:47:38.643+0000][69][gc,start    ] GC(82) Pause Remark
[2023-03-15T03:47:38.654+0000][69][gc          ] GC(82) Pause Remark 119M->119M(256M) 10.718ms
[2023-03-15T03:47:38.654+0000][69][gc,cpu      ] GC(82) User=0.03s Sys=0.00s Real=0.01s
[2023-03-15T03:47:38.655+0000][69][safepoint   ] Safepoint "G1PauseRemark", Time since last: 183698528 ns, Reaching safepoint: 120356 ns, At safepoint: 11916289 ns, Total: 12036645 ns
[2023-03-15T03:47:38.655+0000][69][gc,marking  ] GC(82) Concurrent Mark 190.434ms
[2023-03-15T03:47:38.656+0000][69][gc,marking  ] GC(82) Concurrent Rebuild Remembered Sets
[2023-03-15T03:47:38.706+0000][69][gc,marking  ] GC(82) Concurrent Rebuild Remembered Sets 50.149ms
[2023-03-15T03:47:38.708+0000][69][gc,start    ] GC(82) Pause Cleanup
[2023-03-15T03:47:38.708+0000][69][gc          ] GC(82) Pause Cleanup 119M->119M(256M) 0.859ms
[2023-03-15T03:47:38.709+0000][69][gc,cpu      ] GC(82) User=0.00s Sys=0.00s Real=0.00s
[2023-03-15T03:47:38.710+0000][69][safepoint   ] Safepoint "G1PauseCleanup", Time since last: 52473218 ns, Reaching safepoint: 243838 ns, At safepoint: 2502490 ns, Total: 2746328 ns
[2023-03-15T03:47:38.711+0000][69][gc,marking  ] GC(82) Concurrent Cleanup for Next Mark
[2023-03-15T03:47:38.712+0000][69][gc,marking  ] GC(82) Concurrent Cleanup for Next Mark 0.910ms
[2023-03-15T03:47:38.712+0000][69][gc          ] GC(82) Concurrent Mark Cycle 254.747ms
[2023-03-15T03:47:41.716+0000][69][safepoint   ] Safepoint "Cleanup", Time since last: 3005895432 ns, Reaching safepoint: 242060 ns, At safepoint: 10696 ns, Total: 252756 ns
[2023-03-15T03:47:44.725+0000][69][safepoint   ] Safepoint "Cleanup", Time since last: 3007909201 ns, Reaching safepoint: 415702 ns, At safepoint: 11014 ns, Total: 426716 ns
[2023-03-15T03:47:49.705+0000][69][safepoint   ] Safepoint "Cleanup", Time since last: 5006000553 ns, Reaching safepoint: 159238 ns, At safepoint: 4113 ns, Total: 163351 ns
[2023-03-15T03:47:50.197+0000][69][safepoint   ] Safepoint "ICBufferFull", Time since last: 492142220 ns, Reaching safepoint: 246529 ns, At safepoint: 79490 ns, Total: 326019 ns
[2023-03-15T03:47:51.198+0000][69][safepoint   ] Safepoint "Cleanup", Time since last: 1000953083 ns, Reaching safepoint: 130342 ns, At safepoint: 26735 ns, Total: 157077 ns
[2023-03-15T03:47:52.200+0000][69][safepoint   ] Safepoint "Cleanup", Time since last: 1001637795 ns, Reaching safepoint: 400629 ns, At safepoint: 12924 ns, Total: 413553 ns
[2023-03-15T03:47:53.203+0000][69][safepoint   ] Safepoint "Cleanup", Time since last: 1003191721 ns, Reaching safepoint: 87263 ns, At safepoint: 3820 ns, Total: 91083 ns
[2023-03-15T03:47:56.207+0000][69][safepoint   ] Safepoint "Cleanup", Time since last: 3003444755 ns, Reaching safepoint: 328769 ns, At safepoint: 32379 ns, Total: 361148 ns
[2023-03-15T03:47:56.967+0000][69][gc,start    ] GC(83) Pause Young (Normal) (G1 Evacuation Pause)
[2023-03-15T03:47:56.968+0000][69][gc,task     ] GC(83) Using 4 workers of 4 for evacuation
[2023-03-15T03:47:56.968+0000][69][gc,age      ] GC(83) Desired survivor size 6291456 bytes, new threshold 15 (max threshold 15)
[2023-03-15T03:47:56.975+0000][69][gc,phases   ] GC(83)   Pre Evacuate Collection Set: 0.1ms
[2023-03-15T03:47:56.976+0000][69][gc,phases   ] GC(83)   Merge Heap Roots: 0.1ms
[2023-03-15T03:47:56.977+0000][69][gc,phases   ] GC(83)   Evacuate Collection Set: 5.1ms
[2023-03-15T03:47:56.978+0000][69][gc,phases   ] GC(83)   Post Evacuate Collection Set: 0.9ms
[2023-03-15T03:47:56.978+0000][69][gc,phases   ] GC(83)   Other: 1.0ms
[2023-03-15T03:47:56.979+0000][69][gc,age      ] GC(83) Age table with threshold 15 (max threshold 15)
[2023-03-15T03:47:56.979+0000][69][gc,age      ] GC(83) - age   1:    2119816 bytes,    2119816 total
[2023-03-15T03:47:56.980+0000][69][gc,age      ] GC(83) - age   2:     148248 bytes,    2268064 total
[2023-03-15T03:47:56.980+0000][69][gc,age      ] GC(83) - age   3:       1912 bytes,    2269976 total
[2023-03-15T03:47:56.981+0000][69][gc,age      ] GC(83) - age   4:      12704 bytes,    2282680 total
[2023-03-15T03:47:56.981+0000][69][gc,age      ] GC(83) - age   5:      11048 bytes,    2293728 total
[2023-03-15T03:47:56.982+0000][69][gc,age      ] GC(83) - age   6:       7544 bytes,    2301272 total
[2023-03-15T03:47:56.982+0000][69][gc,age      ] GC(83) - age   8:       5904 bytes,    2307176 total
[2023-03-15T03:47:56.983+0000][69][gc,age      ] GC(83) - age   9:       6384 bytes,    2313560 total
[2023-03-15T03:47:56.983+0000][69][gc,age      ] GC(83) - age  11:       6072 bytes,    2319632 total
[2023-03-15T03:47:56.983+0000][69][gc,age      ] GC(83) - age  12:      39984 bytes,    2359616 total
[2023-03-15T03:47:56.984+0000][69][gc,age      ] GC(83) - age  13:        112 bytes,    2359728 total
[2023-03-15T03:47:56.984+0000][69][gc,age      ] GC(83) - age  14:     383632 bytes,    2743360 total
[2023-03-15T03:47:56.985+0000][69][gc,heap     ] GC(83) Eden regions: 23->0(22)
[2023-03-15T03:47:56.985+0000][69][gc,heap     ] GC(83) Survivor regions: 1->1(3)
[2023-03-15T03:47:56.986+0000][69][gc,heap     ] GC(83) Old regions: 25->25
[2023-03-15T03:47:56.986+0000][69][gc,heap     ] GC(83) Archive regions: 2->2
[2023-03-15T03:47:56.987+0000][69][gc,heap     ] GC(83) Humongous regions: 2->2
[2023-03-15T03:47:56.987+0000][69][gc,metaspace] GC(83) Metaspace: 139710K(143552K)->139710K(143552K) NonClass: 121683K(123456K)->121683K(123456K) Class: 18026K(20096K)->18026K(20096K)
[2023-03-15T03:47:56.988+0000][69][gc          ] GC(83) Pause Young (Normal) (G1 Evacuation Pause) 202M->111M(256M) 20.452ms
[2023-03-15T03:47:56.988+0000][69][gc,cpu      ] GC(83) User=0.01s Sys=0.00s Real=0.02s
[2023-03-15T03:47:56.989+0000][69][safepoint   ] Safepoint "G1CollectForAllocation", Time since last: 759795964 ns, Reaching safepoint: 69394 ns, At safepoint: 21486761 ns, Total: 21556155 ns
[2023-03-15T03:47:57.992+0000][69][safepoint   ] Safepoint "Cleanup", Time since last: 1002260982 ns, Reaching safepoint: 960157 ns, At safepoint: 130413 ns, Total: 1090570 ns
[2023-03-15T03:48:01.999+0000][69][safepoint   ] Safepoint "Cleanup", Time since last: 4006543655 ns, Reaching safepoint: 530821 ns, At safepoint: 9969 ns, Total: 540790 ns
[2023-03-15T03:48:03.003+0000][69][safepoint   ] Safepoint "Cleanup", Time since last: 1003639004 ns, Reaching safepoint: 673362 ns, At safepoint: 42479 ns, Total: 715841 ns
[2023-03-15T03:48:04.011+0000][69][safepoint   ] Safepoint "Cleanup", Time since last: 1007022599 ns, Reaching safepoint: 794406 ns, At safepoint: 145422 ns, Total: 939828 ns
[2023-03-15T03:48:05.016+0000][69][safepoint   ] Safepoint "Cleanup", Time since last: 1003746571 ns, Reaching safepoint: 955062 ns, At safepoint: 44676 ns, Total: 999738 ns
[2023-03-15T03:48:07.023+0000][69][safepoint   ] Safepoint "Cleanup", Time since last: 2006681482 ns, Reaching safepoint: 501481 ns, At safepoint: 41832 ns, Total: 543313 ns
[2023-03-15T03:48:12.032+0000][69][safepoint   ] Safepoint "Cleanup", Time since last: 5008439194 ns, Reaching safepoint: 156142 ns, At safepoint: 9987 ns, Total: 166129 ns
[2023-03-15T03:48:15.038+0000][69][safepoint   ] Safepoint "Cleanup", Time since last: 3005638375 ns, Reaching safepoint: 112690 ns, At safepoint: 6943 ns, Total: 119633 ns
[2023-03-15T03:48:16.039+0000][69][safepoint   ] Safepoint "Cleanup", Time since last: 1000895925 ns, Reaching safepoint: 327849 ns, At safepoint: 92288 ns, Total: 420137 ns
[2023-03-15T03:48:17.041+0000][69][safepoint   ] Safepoint "Cleanup", Time since last: 1001494562 ns, Reaching safepoint: 383416 ns, At safepoint: 11346 ns, Total: 394762 ns
[2023-03-15T03:48:18.022+0000][69][safepoint   ] Safepoint "Cleanup", Time since last: 1004878994 ns, Reaching safepoint: 207780 ns, At safepoint: 9243 ns, Total: 217023 ns
[2023-03-15T03:48:19.027+0000][69][safepoint   ] Safepoint "Cleanup", Time since last: 1003713169 ns, Reaching safepoint: 768835 ns, At safepoint: 43964 ns, Total: 812799 ns
[2023-03-15T03:48:20.031+0000][69][safepoint   ] Safepoint "Cleanup", Time since last: 1003490575 ns, Reaching safepoint: 276140 ns, At safepoint: 11061 ns, Total: 287201 ns
[2023-03-15T03:48:20.488+0000][69][gc,start    ] GC(84) Pause Young (Concurrent Start) (G1 Evacuation Pause)
[2023-03-15T03:48:20.489+0000][69][gc,task     ] GC(84) Using 4 workers of 4 for evacuation
[2023-03-15T03:48:20.490+0000][69][gc,age      ] GC(84) Desired survivor size 6291456 bytes, new threshold 15 (max threshold 15)
[2023-03-15T03:48:20.496+0000][69][gc,phases   ] GC(84)   Pre Evacuate Collection Set: 0.4ms
[2023-03-15T03:48:20.497+0000][69][gc,phases   ] GC(84)   Merge Heap Roots: 0.1ms
[2023-03-15T03:48:20.498+0000][69][gc,phases   ] GC(84)   Evacuate Collection Set: 3.6ms
[2023-03-15T03:48:20.498+0000][69][gc,phases   ] GC(84)   Post Evacuate Collection Set: 1.0ms
[2023-03-15T03:48:20.499+0000][69][gc,phases   ] GC(84)   Other: 2.2ms
[2023-03-15T03:48:20.500+0000][69][gc,age      ] GC(84) Age table with threshold 15 (max threshold 15)
[2023-03-15T03:48:20.500+0000][69][gc,age      ] GC(84) - age   1:    1602416 bytes,    1602416 total
[2023-03-15T03:48:20.501+0000][69][gc,age      ] GC(84) - age   2:     969896 bytes,    2572312 total
[2023-03-15T03:48:20.502+0000][69][gc,age      ] GC(84) - age   3:      13288 bytes,    2585600 total
[2023-03-15T03:48:20.502+0000][69][gc,age      ] GC(84) - age   4:       1040 bytes,    2586640 total
[2023-03-15T03:48:20.503+0000][69][gc,age      ] GC(84) - age   5:      12448 bytes,    2599088 total
[2023-03-15T03:48:20.503+0000][69][gc,age      ] GC(84) - age   6:      10904 bytes,    2609992 total
[2023-03-15T03:48:20.504+0000][69][gc,age      ] GC(84) - age   7:       7544 bytes,    2617536 total
[2023-03-15T03:48:20.504+0000][69][gc,age      ] GC(84) - age   9:       5904 bytes,    2623440 total
[2023-03-15T03:48:20.505+0000][69][gc,age      ] GC(84) - age  10:       4944 bytes,    2628384 total
[2023-03-15T03:48:20.505+0000][69][gc,age      ] GC(84) - age  12:       6072 bytes,    2634456 total
[2023-03-15T03:48:20.506+0000][69][gc,age      ] GC(84) - age  13:      31232 bytes,    2665688 total
[2023-03-15T03:48:20.506+0000][69][gc,age      ] GC(84) - age  14:        112 bytes,    2665800 total
[2023-03-15T03:48:20.507+0000][69][gc,age      ] GC(84) - age  15:     101144 bytes,    2766944 total
[2023-03-15T03:48:20.507+0000][69][gc,heap     ] GC(84) Eden regions: 22->0(22)
[2023-03-15T03:48:20.508+0000][69][gc,heap     ] GC(84) Survivor regions: 1->1(3)
[2023-03-15T03:48:20.509+0000][69][gc,heap     ] GC(84) Old regions: 25->25
[2023-03-15T03:48:20.509+0000][69][gc,heap     ] GC(84) Archive regions: 2->2
[2023-03-15T03:48:20.510+0000][69][gc,heap     ] GC(84) Humongous regions: 2->2
[2023-03-15T03:48:20.510+0000][69][gc,metaspace] GC(84) Metaspace: 139736K(143552K)->139736K(143552K) NonClass: 121709K(123456K)->121709K(123456K) Class: 18026K(20096K)->18026K(20096K)
[2023-03-15T03:48:20.511+0000][69][gc          ] GC(84) Pause Young (Concurrent Start) (G1 Evacuation Pause) 199M->111M(256M) 22.905ms
[2023-03-15T03:48:20.511+0000][69][gc,cpu      ] GC(84) User=0.01s Sys=0.01s Real=0.03s
[2023-03-15T03:48:20.511+0000][69][gc          ] GC(85) Concurrent Mark Cycle
[2023-03-15T03:48:20.512+0000][69][gc,marking  ] GC(85) Concurrent Clear Claimed Marks
[2023-03-15T03:48:20.511+0000][69][safepoint   ] Safepoint "G1CollectForAllocation", Time since last: 456841374 ns, Reaching safepoint: 159621 ns, At safepoint: 23815258 ns, Total: 23974879 ns
[2023-03-15T03:48:20.513+0000][69][gc,marking  ] GC(85) Concurrent Clear Claimed Marks 0.996ms
[2023-03-15T03:48:20.514+0000][69][gc,marking  ] GC(85) Concurrent Scan Root Regions
[2023-03-15T03:48:20.524+0000][69][gc,marking  ] GC(85) Concurrent Scan Root Regions 10.045ms
[2023-03-15T03:48:20.526+0000][69][gc,marking  ] GC(85) Concurrent Mark
[2023-03-15T03:48:20.527+0000][69][gc,marking  ] GC(85) Concurrent Mark From Roots
[2023-03-15T03:48:20.527+0000][69][gc,task     ] GC(85) Using 1 workers of 1 for marking
[2023-03-15T03:48:20.662+0000][69][gc,marking  ] GC(85) Concurrent Mark From Roots 135.791ms
[2023-03-15T03:48:20.664+0000][69][gc,marking  ] GC(85) Concurrent Preclean
[2023-03-15T03:48:20.665+0000][69][gc,marking  ] GC(85) Concurrent Preclean 1.191ms
[2023-03-15T03:48:20.666+0000][69][gc,start    ] GC(85) Pause Remark
[2023-03-15T03:48:20.684+0000][69][gc          ] GC(85) Pause Remark 114M->114M(256M) 18.340ms
[2023-03-15T03:48:20.685+0000][69][gc,cpu      ] GC(85) User=0.02s Sys=0.00s Real=0.02s
[2023-03-15T03:48:20.686+0000][69][safepoint   ] Safepoint "G1PauseRemark", Time since last: 154179719 ns, Reaching safepoint: 83464 ns, At safepoint: 20060447 ns, Total: 20143911 ns
[2023-03-15T03:48:20.687+0000][69][gc,marking  ] GC(85) Concurrent Mark 160.728ms
[2023-03-15T03:48:20.687+0000][69][gc,marking  ] GC(85) Concurrent Rebuild Remembered Sets
[2023-03-15T03:48:20.759+0000][69][gc,marking  ] GC(85) Concurrent Rebuild Remembered Sets 71.236ms
[2023-03-15T03:48:20.760+0000][69][gc,start    ] GC(85) Pause Cleanup
[2023-03-15T03:48:20.760+0000][69][gc          ] GC(85) Pause Cleanup 115M->115M(256M) 0.537ms
[2023-03-15T03:48:20.761+0000][69][gc,cpu      ] GC(85) User=0.00s Sys=0.00s Real=0.00s
[2023-03-15T03:48:20.761+0000][69][safepoint   ] Safepoint "G1PauseCleanup", Time since last: 73689744 ns, Reaching safepoint: 172079 ns, At safepoint: 1471465 ns, Total: 1643544 ns
[2023-03-15T03:48:20.762+0000][69][gc,marking  ] GC(85) Concurrent Cleanup for Next Mark
[2023-03-15T03:48:20.763+0000][69][gc,marking  ] GC(85) Concurrent Cleanup for Next Mark 1.239ms
[2023-03-15T03:48:20.763+0000][69][gc          ] GC(85) Concurrent Mark Cycle 252.441ms
[2023-03-15T03:48:22.763+0000][69][safepoint   ] Safepoint "Cleanup", Time since last: 2001708541 ns, Reaching safepoint: 372312 ns, At safepoint: 7803 ns, Total: 380115 ns
[2023-03-15T03:48:23.767+0000][69][safepoint   ] Safepoint "Cleanup", Time since last: 1003143261 ns, Reaching safepoint: 435397 ns, At safepoint: 10659 ns, Total: 446056 ns
[2023-03-15T03:48:25.770+0000][69][safepoint   ] Safepoint "Cleanup", Time since last: 2002957444 ns, Reaching safepoint: 290053 ns, At safepoint: 6231 ns, Total: 296284 ns
[2023-03-15T03:48:26.773+0000][69][safepoint   ] Safepoint "Cleanup", Time since last: 1001977076 ns, Reaching safepoint: 556978 ns, At safepoint: 15909 ns, Total: 572887 ns
[2023-03-15T03:48:27.777+0000][69][safepoint   ] Safepoint "Cleanup", Time since last: 1004395943 ns, Reaching safepoint: 325727 ns, At safepoint: 10498 ns, Total: 336225 ns
[2023-03-15T03:48:29.785+0000][69][safepoint   ] Safepoint "Cleanup", Time since last: 2006402286 ns, Reaching safepoint: 589618 ns, At safepoint: 376263 ns, Total: 965881 ns
[2023-03-15T03:48:30.789+0000][69][safepoint   ] Safepoint "Cleanup", Time since last: 1003312702 ns, Reaching safepoint: 539269 ns, At safepoint: 69193 ns, Total: 608462 ns
[2023-03-15T03:48:32.791+0000][69][safepoint   ] Safepoint "Cleanup", Time since last: 2002593914 ns, Reaching safepoint: 157922 ns, At safepoint: 6662 ns, Total: 164584 ns
[2023-03-15T03:48:38.795+0000][69][safepoint   ] Safepoint "Cleanup", Time since last: 6004015829 ns, Reaching safepoint: 98511 ns, At safepoint: 2909 ns, Total: 101420 ns
[2023-03-15T03:48:44.801+0000][69][safepoint   ] Safepoint "Cleanup", Time since last: 6004546797 ns, Reaching safepoint: 650378 ns, At safepoint: 37297 ns, Total: 687675 ns
[2023-03-15T03:48:49.787+0000][69][safepoint   ] Safepoint "Cleanup", Time since last: 5007548297 ns, Reaching safepoint: 896567 ns, At safepoint: 205590 ns, Total: 1102157 ns
[2023-03-15T03:48:50.241+0000][69][gc,start    ] GC(86) Pause Young (Prepare Mixed) (G1 Evacuation Pause)
[2023-03-15T03:48:50.242+0000][69][gc,task     ] GC(86) Using 4 workers of 4 for evacuation
[2023-03-15T03:48:50.243+0000][69][gc,age      ] GC(86) Desired survivor size 6291456 bytes, new threshold 15 (max threshold 15)
[2023-03-15T03:48:50.248+0000][69][gc,phases   ] GC(86)   Pre Evacuate Collection Set: 0.2ms
[2023-03-15T03:48:50.249+0000][69][gc,phases   ] GC(86)   Merge Heap Roots: 0.2ms
[2023-03-15T03:48:50.250+0000][69][gc,phases   ] GC(86)   Evacuate Collection Set: 3.7ms
[2023-03-15T03:48:50.251+0000][69][gc,phases   ] GC(86)   Post Evacuate Collection Set: 0.8ms
[2023-03-15T03:48:50.252+0000][69][gc,phases   ] GC(86)   Other: 1.7ms
[2023-03-15T03:48:50.252+0000][69][gc,age      ] GC(86) Age table with threshold 15 (max threshold 15)
[2023-03-15T03:48:50.253+0000][69][gc,age      ] GC(86) - age   1:    1736072 bytes,    1736072 total
[2023-03-15T03:48:50.254+0000][69][gc,age      ] GC(86) - age   2:     220800 bytes,    1956872 total
[2023-03-15T03:48:50.255+0000][69][gc,age      ] GC(86) - age   3:     943320 bytes,    2900192 total
[2023-03-15T03:48:50.256+0000][69][gc,age      ] GC(86) - age   4:      12856 bytes,    2913048 total
[2023-03-15T03:48:50.257+0000][69][gc,age      ] GC(86) - age   5:        976 bytes,    2914024 total
[2023-03-15T03:48:50.257+0000][69][gc,age      ] GC(86) - age   6:      12448 bytes,    2926472 total
[2023-03-15T03:48:50.258+0000][69][gc,age      ] GC(86) - age   7:      10608 bytes,    2937080 total
[2023-03-15T03:48:50.258+0000][69][gc,age      ] GC(86) - age   8:       7544 bytes,    2944624 total
[2023-03-15T03:48:50.259+0000][69][gc,age      ] GC(86) - age  10:       5904 bytes,    2950528 total
[2023-03-15T03:48:50.259+0000][69][gc,age      ] GC(86) - age  11:       4648 bytes,    2955176 total
[2023-03-15T03:48:50.260+0000][69][gc,age      ] GC(86) - age  13:       6072 bytes,    2961248 total
[2023-03-15T03:48:50.261+0000][69][gc,age      ] GC(86) - age  14:      31200 bytes,    2992448 total
[2023-03-15T03:48:50.261+0000][69][gc,age      ] GC(86) - age  15:        112 bytes,    2992560 total
[2023-03-15T03:48:50.262+0000][69][gc,heap     ] GC(86) Eden regions: 22->0(2)
[2023-03-15T03:48:50.262+0000][69][gc,heap     ] GC(86) Survivor regions: 1->1(3)
[2023-03-15T03:48:50.263+0000][69][gc,heap     ] GC(86) Old regions: 25->25
[2023-03-15T03:48:50.264+0000][69][gc,heap     ] GC(86) Archive regions: 2->2
[2023-03-15T03:48:50.264+0000][69][gc,heap     ] GC(86) Humongous regions: 2->2
[2023-03-15T03:48:50.265+0000][69][gc,metaspace] GC(86) Metaspace: 139838K(143680K)->139838K(143680K) NonClass: 121812K(123584K)->121812K(123584K) Class: 18026K(20096K)->18026K(20096K)
[2023-03-15T03:48:50.266+0000][69][gc          ] GC(86) Pause Young (Prepare Mixed) (G1 Evacuation Pause) 199M->111M(256M) 25.177ms
[2023-03-15T03:48:50.267+0000][69][gc,cpu      ] GC(86) User=0.02s Sys=0.00s Real=0.02s
[2023-03-15T03:48:50.268+0000][69][safepoint   ] Safepoint "G1CollectForAllocation", Time since last: 453490654 ns, Reaching safepoint: 84109 ns, At safepoint: 27409727 ns, Total: 27493836 ns
[2023-03-15T03:48:50.470+0000][69][gc,start    ] GC(87) Pause Young (Mixed) (G1 Evacuation Pause)
[2023-03-15T03:48:50.471+0000][69][gc,task     ] GC(87) Using 4 workers of 4 for evacuation
[2023-03-15T03:48:50.471+0000][69][gc,age      ] GC(87) Desired survivor size 2097152 bytes, new threshold 3 (max threshold 15)
[2023-03-15T03:48:50.478+0000][69][gc,phases   ] GC(87)   Pre Evacuate Collection Set: 0.1ms
[2023-03-15T03:48:50.479+0000][69][gc,phases   ] GC(87)   Merge Heap Roots: 0.1ms
[2023-03-15T03:48:50.479+0000][69][gc,phases   ] GC(87)   Evacuate Collection Set: 5.1ms
[2023-03-15T03:48:50.480+0000][69][gc,phases   ] GC(87)   Post Evacuate Collection Set: 1.2ms
[2023-03-15T03:48:50.480+0000][69][gc,phases   ] GC(87)   Other: 0.8ms
[2023-03-15T03:48:50.480+0000][69][gc,age      ] GC(87) Age table with threshold 3 (max threshold 15)
[2023-03-15T03:48:50.481+0000][69][gc,age      ] GC(87) - age   1:     516232 bytes,     516232 total
[2023-03-15T03:48:50.481+0000][69][gc,age      ] GC(87) - age   2:    1117320 bytes,    1633552 total
[2023-03-15T03:48:50.481+0000][69][gc,age      ] GC(87) - age   3:     220368 bytes,    1853920 total
[2023-03-15T03:48:50.482+0000][69][gc,heap     ] GC(87) Eden regions: 2->0(22)
[2023-03-15T03:48:50.482+0000][69][gc,heap     ] GC(87) Survivor regions: 1->1(1)
[2023-03-15T03:48:50.482+0000][69][gc,heap     ] GC(87) Old regions: 25->25
[2023-03-15T03:48:50.483+0000][69][gc,heap     ] GC(87) Archive regions: 2->2
[2023-03-15T03:48:50.483+0000][69][gc,heap     ] GC(87) Humongous regions: 2->2
[2023-03-15T03:48:50.483+0000][69][gc,metaspace] GC(87) Metaspace: 139838K(143680K)->139838K(143680K) NonClass: 121812K(123584K)->121812K(123584K) Class: 18026K(20096K)->18026K(20096K)
[2023-03-15T03:48:50.484+0000][69][gc          ] GC(87) Pause Young (Mixed) (G1 Evacuation Pause) 119M->111M(256M) 13.377ms
[2023-03-15T03:48:50.484+0000][69][gc,cpu      ] GC(87) User=0.01s Sys=0.00s Real=0.01s
[2023-03-15T03:48:50.485+0000][69][safepoint   ] Safepoint "G1CollectForAllocation", Time since last: 202231304 ns, Reaching safepoint: 120766 ns, At safepoint: 14218333 ns, Total: 14339099 ns
[2023-03-15T03:48:51.488+0000][69][safepoint   ] Safepoint "Cleanup", Time since last: 1003382764 ns, Reaching safepoint: 469246 ns, At safepoint: 12039 ns, Total: 481285 ns
[2023-03-15T03:48:53.493+0000][69][safepoint   ] Safepoint "Cleanup", Time since last: 2004615621 ns, Reaching safepoint: 358286 ns, At safepoint: 9348 ns, Total: 367634 ns
[2023-03-15T03:48:56.497+0000][69][safepoint   ] Safepoint "Cleanup", Time since last: 3003736084 ns, Reaching safepoint: 339310 ns, At safepoint: 5906 ns, Total: 345216 ns
[2023-03-15T03:48:57.499+0000][69][safepoint   ] Safepoint "Cleanup", Time since last: 1001429845 ns, Reaching safepoint: 517745 ns, At safepoint: 11521 ns, Total: 529266 ns
[2023-03-15T03:48:58.502+0000][69][safepoint   ] Safepoint "Cleanup", Time since last: 1002759153 ns, Reaching safepoint: 266319 ns, At safepoint: 12968 ns, Total: 279287 ns
[2023-03-15T03:48:59.508+0000][69][safepoint   ] Safepoint "Cleanup", Time since last: 1005225397 ns, Reaching safepoint: 639590 ns, At safepoint: 14646 ns, Total: 654236 ns
[2023-03-15T03:49:02.480+0000][69][safepoint   ] Safepoint "Cleanup", Time since last: 2971333396 ns, Reaching safepoint: 130605 ns, At safepoint: 3099 ns, Total: 133704 ns
[2023-03-15T03:49:03.482+0000][69][safepoint   ] Safepoint "Cleanup", Time since last: 1001379474 ns, Reaching safepoint: 488058 ns, At safepoint: 11513 ns, Total: 499571 ns
[2023-03-15T03:49:04.912+0000][69][safepoint   ] Safepoint "Cleanup", Time since last: 1430083772 ns, Reaching safepoint: 135414 ns, At safepoint: 44899 ns, Total: 180313 ns
[2023-03-15T03:49:05.915+0000][69][safepoint   ] Safepoint "Cleanup", Time since last: 1002152375 ns, Reaching safepoint: 571453 ns, At safepoint: 14951 ns, Total: 586404 ns
[2023-03-15T03:49:08.921+0000][69][safepoint   ] Safepoint "Cleanup", Time since last: 3006035141 ns, Reaching safepoint: 80779 ns, At safepoint: 3499 ns, Total: 84278 ns
[2023-03-15T03:49:12.936+0000][69][safepoint   ] Safepoint "Cleanup", Time since last: 4015524505 ns, Reaching safepoint: 121905 ns, At safepoint: 11734 ns, Total: 133639 ns
[2023-03-15T03:49:14.941+0000][69][safepoint   ] Safepoint "Cleanup", Time since last: 2003606162 ns, Reaching safepoint: 538993 ns, At safepoint: 13082 ns, Total: 552075 ns
[2023-03-15T03:49:15.433+0000][69][gc,start    ] GC(88) Pause Young (Concurrent Start) (G1 Evacuation Pause)
[2023-03-15T03:49:15.434+0000][69][gc,task     ] GC(88) Using 4 workers of 4 for evacuation
[2023-03-15T03:49:15.434+0000][69][gc,age      ] GC(88) Desired survivor size 6291456 bytes, new threshold 15 (max threshold 15)
[2023-03-15T03:49:15.441+0000][69][gc,phases   ] GC(88)   Pre Evacuate Collection Set: 0.3ms
[2023-03-15T03:49:15.442+0000][69][gc,phases   ] GC(88)   Merge Heap Roots: 0.0ms
[2023-03-15T03:49:15.442+0000][69][gc,phases   ] GC(88)   Evacuate Collection Set: 5.2ms
[2023-03-15T03:49:15.443+0000][69][gc,phases   ] GC(88)   Post Evacuate Collection Set: 1.0ms
[2023-03-15T03:49:15.443+0000][69][gc,phases   ] GC(88)   Other: 1.0ms
[2023-03-15T03:49:15.444+0000][69][gc,age      ] GC(88) Age table with threshold 15 (max threshold 15)
[2023-03-15T03:49:15.444+0000][69][gc,age      ] GC(88) - age   1:    1584152 bytes,    1584152 total
[2023-03-15T03:49:15.444+0000][69][gc,age      ] GC(88) - age   2:       1448 bytes,    1585600 total
[2023-03-15T03:49:15.445+0000][69][gc,age      ] GC(88) - age   3:      58496 bytes,    1644096 total
[2023-03-15T03:49:15.446+0000][69][gc,age      ] GC(88) - age   4:     219952 bytes,    1864048 total
[2023-03-15T03:49:15.446+0000][69][gc,heap     ] GC(88) Eden regions: 22->0(22)
[2023-03-15T03:49:15.446+0000][69][gc,heap     ] GC(88) Survivor regions: 1->1(3)
[2023-03-15T03:49:15.447+0000][69][gc,heap     ] GC(88) Old regions: 25->25
[2023-03-15T03:49:15.447+0000][69][gc,heap     ] GC(88) Archive regions: 2->2
[2023-03-15T03:49:15.448+0000][69][gc,heap     ] GC(88) Humongous regions: 2->2
[2023-03-15T03:49:15.448+0000][69][gc,metaspace] GC(88) Metaspace: 139871K(143744K)->139871K(143744K) NonClass: 121844K(123648K)->121844K(123648K) Class: 18026K(20096K)->18026K(20096K)
[2023-03-15T03:49:15.449+0000][69][gc          ] GC(88) Pause Young (Concurrent Start) (G1 Evacuation Pause) 199M->110M(256M) 15.594ms
[2023-03-15T03:49:15.449+0000][69][gc,cpu      ] GC(88) User=0.03s Sys=0.00s Real=0.02s
[2023-03-15T03:49:15.449+0000][69][gc          ] GC(89) Concurrent Mark Cycle
[2023-03-15T03:49:15.450+0000][69][gc,marking  ] GC(89) Concurrent Clear Claimed Marks
[2023-03-15T03:49:15.450+0000][69][safepoint   ] Safepoint "G1CollectForAllocation", Time since last: 492278815 ns, Reaching safepoint: 93537 ns, At safepoint: 16764975 ns, Total: 16858512 ns
[2023-03-15T03:49:15.452+0000][69][gc,marking  ] GC(89) Concurrent Clear Claimed Marks 1.149ms
[2023-03-15T03:49:15.452+0000][69][gc,marking  ] GC(89) Concurrent Scan Root Regions
[2023-03-15T03:49:15.455+0000][69][gc,marking  ] GC(89) Concurrent Scan Root Regions 2.403ms
[2023-03-15T03:49:15.456+0000][69][gc,marking  ] GC(89) Concurrent Mark
[2023-03-15T03:49:15.456+0000][69][gc,marking  ] GC(89) Concurrent Mark From Roots
[2023-03-15T03:49:15.457+0000][69][gc,task     ] GC(89) Using 1 workers of 1 for marking
[2023-03-15T03:49:15.572+0000][69][gc,marking  ] GC(89) Concurrent Mark From Roots 115.806ms
[2023-03-15T03:49:15.573+0000][69][gc,marking  ] GC(89) Concurrent Preclean
[2023-03-15T03:49:15.574+0000][69][gc,marking  ] GC(89) Concurrent Preclean 1.227ms
[2023-03-15T03:49:15.575+0000][69][gc,start    ] GC(89) Pause Remark
[2023-03-15T03:49:15.606+0000][69][gc          ] GC(89) Pause Remark 111M->111M(256M) 30.731ms
[2023-03-15T03:49:15.607+0000][69][gc,cpu      ] GC(89) User=0.08s Sys=0.00s Real=0.03s
[2023-03-15T03:49:15.608+0000][69][safepoint   ] Safepoint "G1PauseRemark", Time since last: 125450741 ns, Reaching safepoint: 39460 ns, At safepoint: 32372839 ns, Total: 32412299 ns
[2023-03-15T03:49:15.609+0000][69][gc,marking  ] GC(89) Concurrent Mark 153.626ms
[2023-03-15T03:49:15.610+0000][69][gc,marking  ] GC(89) Concurrent Rebuild Remembered Sets
[2023-03-15T03:49:15.662+0000][69][gc,marking  ] GC(89) Concurrent Rebuild Remembered Sets 51.669ms
[2023-03-15T03:49:15.663+0000][69][gc,start    ] GC(89) Pause Cleanup
[2023-03-15T03:49:15.664+0000][69][gc          ] GC(89) Pause Cleanup 111M->111M(256M) 0.657ms
[2023-03-15T03:49:15.665+0000][69][gc,cpu      ] GC(89) User=0.00s Sys=0.00s Real=0.00s
[2023-03-15T03:49:15.665+0000][69][safepoint   ] Safepoint "G1PauseCleanup", Time since last: 55409153 ns, Reaching safepoint: 157837 ns, At safepoint: 1868465 ns, Total: 2026302 ns
[2023-03-15T03:49:15.666+0000][69][gc,marking  ] GC(89) Concurrent Cleanup for Next Mark
[2023-03-15T03:49:15.666+0000][69][gc,marking  ] GC(89) Concurrent Cleanup for Next Mark 0.793ms
[2023-03-15T03:49:15.667+0000][69][gc          ] GC(89) Concurrent Mark Cycle 217.848ms
[2023-03-15T03:49:16.668+0000][69][safepoint   ] Safepoint "Cleanup", Time since last: 1002629792 ns, Reaching safepoint: 383227 ns, At safepoint: 11028 ns, Total: 394255 ns
[2023-03-15T03:49:20.718+0000][69][safepoint   ] Safepoint "Cleanup", Time since last: 4007015754 ns, Reaching safepoint: 113349 ns, At safepoint: 4340 ns, Total: 117689 ns
[2023-03-15T03:49:26.724+0000][69][safepoint   ] Safepoint "Cleanup", Time since last: 6006253192 ns, Reaching safepoint: 98517 ns, At safepoint: 3730 ns, Total: 102247 ns
[2023-03-15T03:49:32.733+0000][69][safepoint   ] Safepoint "Cleanup", Time since last: 6008032469 ns, Reaching safepoint: 328904 ns, At safepoint: 13816 ns, Total: 342720 ns
[2023-03-15T03:49:33.736+0000][69][safepoint   ] Safepoint "Cleanup", Time since last: 1003222077 ns, Reaching safepoint: 353113 ns, At safepoint: 11308 ns, Total: 364421 ns
[2023-03-15T03:49:35.211+0000][69][safepoint   ] Safepoint "Cleanup", Time since last: 1474052410 ns, Reaching safepoint: 305526 ns, At safepoint: 58188 ns, Total: 363714 ns
[2023-03-15T03:49:36.214+0000][69][safepoint   ] Safepoint "Cleanup", Time since last: 1002755281 ns, Reaching safepoint: 264437 ns, At safepoint: 10908 ns, Total: 275345 ns
[2023-03-15T03:49:39.218+0000][69][safepoint   ] Safepoint "Cleanup", Time since last: 3004675583 ns, Reaching safepoint: 260134 ns, At safepoint: 11824 ns, Total: 271958 ns
[2023-03-15T03:49:42.227+0000][69][safepoint   ] Safepoint "Cleanup", Time since last: 3007746104 ns, Reaching safepoint: 394914 ns, At safepoint: 14575 ns, Total: 409489 ns
[2023-03-15T03:49:42.743+0000][69][gc,start    ] GC(90) Pause Young (Normal) (G1 Evacuation Pause)
[2023-03-15T03:49:42.743+0000][69][gc,task     ] GC(90) Using 4 workers of 4 for evacuation
[2023-03-15T03:49:42.744+0000][69][gc,age      ] GC(90) Desired survivor size 6291456 bytes, new threshold 15 (max threshold 15)
[2023-03-15T03:49:42.747+0000][69][gc,phases   ] GC(90)   Pre Evacuate Collection Set: 0.1ms
[2023-03-15T03:49:42.748+0000][69][gc,phases   ] GC(90)   Merge Heap Roots: 0.0ms
[2023-03-15T03:49:42.748+0000][69][gc,phases   ] GC(90)   Evacuate Collection Set: 2.3ms
[2023-03-15T03:49:42.749+0000][69][gc,phases   ] GC(90)   Post Evacuate Collection Set: 0.7ms
[2023-03-15T03:49:42.749+0000][69][gc,phases   ] GC(90)   Other: 0.9ms
[2023-03-15T03:49:42.750+0000][69][gc,age      ] GC(90) Age table with threshold 15 (max threshold 15)
[2023-03-15T03:49:42.750+0000][69][gc,age      ] GC(90) - age   1:    1407056 bytes,    1407056 total
[2023-03-15T03:49:42.751+0000][69][gc,age      ] GC(90) - age   2:     152472 bytes,    1559528 total
[2023-03-15T03:49:42.751+0000][69][gc,age      ] GC(90) - age   3:       1080 bytes,    1560608 total
[2023-03-15T03:49:42.752+0000][69][gc,age      ] GC(90) - age   4:      32264 bytes,    1592872 total
[2023-03-15T03:49:42.752+0000][69][gc,age      ] GC(90) - age   5:     212320 bytes,    1805192 total
[2023-03-15T03:49:42.752+0000][69][gc,heap     ] GC(90) Eden regions: 22->0(22)
[2023-03-15T03:49:42.753+0000][69][gc,heap     ] GC(90) Survivor regions: 1->1(3)
[2023-03-15T03:49:42.754+0000][69][gc,heap     ] GC(90) Old regions: 25->25
[2023-03-15T03:49:42.754+0000][69][gc,heap     ] GC(90) Archive regions: 2->2
[2023-03-15T03:49:42.755+0000][69][gc,heap     ] GC(90) Humongous regions: 2->2
[2023-03-15T03:49:42.755+0000][69][gc,metaspace] GC(90) Metaspace: 139927K(143744K)->139927K(143744K) NonClass: 121905K(123648K)->121905K(123648K) Class: 18022K(20096K)->18022K(20096K)
[2023-03-15T03:49:42.756+0000][69][gc          ] GC(90) Pause Young (Normal) (G1 Evacuation Pause) 198M->110M(256M) 12.792ms
[2023-03-15T03:49:42.756+0000][69][gc,cpu      ] GC(90) User=0.01s Sys=0.00s Real=0.01s
[2023-03-15T03:49:42.757+0000][69][safepoint   ] Safepoint "G1CollectForAllocation", Time since last: 516040182 ns, Reaching safepoint: 64479 ns, At safepoint: 13773682 ns, Total: 13838161 ns
[2023-03-15T03:49:43.758+0000][69][safepoint   ] Safepoint "Cleanup", Time since last: 1001492957 ns, Reaching safepoint: 402603 ns, At safepoint: 29567 ns, Total: 432170 ns
[2023-03-15T03:49:44.762+0000][69][safepoint   ] Safepoint "Cleanup", Time since last: 1003112942 ns, Reaching safepoint: 436645 ns, At safepoint: 15208 ns, Total: 451853 ns
[2023-03-15T03:49:50.749+0000][69][safepoint   ] Safepoint "Cleanup", Time since last: 6007869072 ns, Reaching safepoint: 481937 ns, At safepoint: 64981 ns, Total: 546918 ns
[2023-03-15T03:49:51.755+0000][69][safepoint   ] Safepoint "Cleanup", Time since last: 1005610885 ns, Reaching safepoint: 492415 ns, At safepoint: 10555 ns, Total: 502970 ns
[2023-03-15T03:49:52.760+0000][69][safepoint   ] Safepoint "Cleanup", Time since last: 1005108735 ns, Reaching safepoint: 335459 ns, At safepoint: 11560 ns, Total: 347019 ns
[2023-03-15T03:49:56.768+0000][69][safepoint   ] Safepoint "Cleanup", Time since last: 4006850581 ns, Reaching safepoint: 841690 ns, At safepoint: 18508 ns, Total: 860198 ns
[2023-03-15T03:49:57.772+0000][69][safepoint   ] Safepoint "Cleanup", Time since last: 1003741919 ns, Reaching safepoint: 344569 ns, At safepoint: 7260 ns, Total: 351829 ns
[2023-03-15T03:50:02.778+0000][69][safepoint   ] Safepoint "Cleanup", Time since last: 5005791520 ns, Reaching safepoint: 116281 ns, At safepoint: 19153 ns, Total: 135434 ns
[2023-03-15T03:50:03.781+0000][69][safepoint   ] Safepoint "Cleanup", Time since last: 1002476351 ns, Reaching safepoint: 237928 ns, At safepoint: 7189 ns, Total: 245117 ns
[2023-03-15T03:50:04.784+0000][69][safepoint   ] Safepoint "Cleanup", Time since last: 1003074700 ns, Reaching safepoint: 235825 ns, At safepoint: 8429 ns, Total: 244254 ns
[2023-03-15T03:50:05.787+0000][69][safepoint   ] Safepoint "Cleanup", Time since last: 1002595281 ns, Reaching safepoint: 384776 ns, At safepoint: 25772 ns, Total: 410548 ns
[2023-03-15T03:50:08.794+0000][69][safepoint   ] Safepoint "Cleanup", Time since last: 3006367365 ns, Reaching safepoint: 144314 ns, At safepoint: 4328 ns, Total: 148642 ns
[2023-03-15T03:50:09.185+0000][69][gc,start    ] GC(91) Pause Young (Concurrent Start) (G1 Evacuation Pause)
[2023-03-15T03:50:09.186+0000][69][gc,task     ] GC(91) Using 4 workers of 4 for evacuation
[2023-03-15T03:50:09.187+0000][69][gc,age      ] GC(91) Desired survivor size 6291456 bytes, new threshold 15 (max threshold 15)
[2023-03-15T03:50:09.190+0000][69][gc,phases   ] GC(91)   Pre Evacuate Collection Set: 0.4ms
[2023-03-15T03:50:09.191+0000][69][gc,phases   ] GC(91)   Merge Heap Roots: 0.1ms
[2023-03-15T03:50:09.192+0000][69][gc,phases   ] GC(91)   Evacuate Collection Set: 1.2ms
[2023-03-15T03:50:09.192+0000][69][gc,phases   ] GC(91)   Post Evacuate Collection Set: 0.7ms
[2023-03-15T03:50:09.193+0000][69][gc,phases   ] GC(91)   Other: 1.8ms
[2023-03-15T03:50:09.194+0000][69][gc,age      ] GC(91) Age table with threshold 15 (max threshold 15)
[2023-03-15T03:50:09.195+0000][69][gc,age      ] GC(91) - age   1:     820864 bytes,     820864 total
[2023-03-15T03:50:09.195+0000][69][gc,age      ] GC(91) - age   2:      64216 bytes,     885080 total
[2023-03-15T03:50:09.196+0000][69][gc,age      ] GC(91) - age   3:      17960 bytes,     903040 total
[2023-03-15T03:50:09.197+0000][69][gc,age      ] GC(91) - age   4:         64 bytes,     903104 total
[2023-03-15T03:50:09.198+0000][69][gc,age      ] GC(91) - age   5:      31048 bytes,     934152 total
[2023-03-15T03:50:09.199+0000][69][gc,age      ] GC(91) - age   6:     212256 bytes,    1146408 total
[2023-03-15T03:50:09.199+0000][69][gc,heap     ] GC(91) Eden regions: 22->0(22)
[2023-03-15T03:50:09.200+0000][69][gc,heap     ] GC(91) Survivor regions: 1->1(3)
[2023-03-15T03:50:09.200+0000][69][gc,heap     ] GC(91) Old regions: 25->25
[2023-03-15T03:50:09.201+0000][69][gc,heap     ] GC(91) Archive regions: 2->2
[2023-03-15T03:50:09.201+0000][69][gc,heap     ] GC(91) Humongous regions: 2->2
[2023-03-15T03:50:09.202+0000][69][gc,metaspace] GC(91) Metaspace: 139964K(143808K)->139964K(143808K) NonClass: 121942K(123712K)->121942K(123712K) Class: 18022K(20096K)->18022K(20096K)
[2023-03-15T03:50:09.202+0000][69][gc          ] GC(91) Pause Young (Concurrent Start) (G1 Evacuation Pause) 198M->110M(256M) 17.372ms
[2023-03-15T03:50:09.203+0000][69][gc,cpu      ] GC(91) User=0.00s Sys=0.00s Real=0.02s
[2023-03-15T03:50:09.203+0000][69][gc          ] GC(92) Concurrent Mark Cycle
[2023-03-15T03:50:09.204+0000][69][gc,marking  ] GC(92) Concurrent Clear Claimed Marks
[2023-03-15T03:50:09.203+0000][69][safepoint   ] Safepoint "G1CollectForAllocation", Time since last: 391152836 ns, Reaching safepoint: 97467 ns, At safepoint: 18372218 ns, Total: 18469685 ns
[2023-03-15T03:50:09.205+0000][69][gc,marking  ] GC(92) Concurrent Clear Claimed Marks 0.845ms
[2023-03-15T03:50:09.206+0000][69][gc,marking  ] GC(92) Concurrent Scan Root Regions
[2023-03-15T03:50:09.208+0000][69][gc,marking  ] GC(92) Concurrent Scan Root Regions 2.088ms
[2023-03-15T03:50:09.208+0000][69][gc,marking  ] GC(92) Concurrent Mark
[2023-03-15T03:50:09.209+0000][69][gc,marking  ] GC(92) Concurrent Mark From Roots
[2023-03-15T03:50:09.209+0000][69][gc,task     ] GC(92) Using 1 workers of 1 for marking
[2023-03-15T03:50:09.336+0000][69][gc,marking  ] GC(92) Concurrent Mark From Roots 127.529ms
[2023-03-15T03:50:09.337+0000][69][gc,marking  ] GC(92) Concurrent Preclean
[2023-03-15T03:50:09.338+0000][69][gc,marking  ] GC(92) Concurrent Preclean 0.691ms
[2023-03-15T03:50:09.339+0000][69][gc,start    ] GC(92) Pause Remark
[2023-03-15T03:50:09.358+0000][69][gc          ] GC(92) Pause Remark 111M->111M(256M) 19.474ms
[2023-03-15T03:50:09.359+0000][69][gc,cpu      ] GC(92) User=0.05s Sys=0.00s Real=0.02s
[2023-03-15T03:50:09.360+0000][69][safepoint   ] Safepoint "G1PauseRemark", Time since last: 135434714 ns, Reaching safepoint: 60759 ns, At safepoint: 21160835 ns, Total: 21221594 ns
[2023-03-15T03:50:09.361+0000][69][gc,marking  ] GC(92) Concurrent Mark 152.555ms
[2023-03-15T03:50:09.361+0000][69][gc,marking  ] GC(92) Concurrent Rebuild Remembered Sets
[2023-03-15T03:50:09.440+0000][69][gc,marking  ] GC(92) Concurrent Rebuild Remembered Sets 78.880ms
[2023-03-15T03:50:09.441+0000][69][gc,start    ] GC(92) Pause Cleanup
[2023-03-15T03:50:09.441+0000][69][gc          ] GC(92) Pause Cleanup 112M->112M(256M) 0.506ms
[2023-03-15T03:50:09.442+0000][69][gc,cpu      ] GC(92) User=0.00s Sys=0.00s Real=0.00s
[2023-03-15T03:50:09.442+0000][69][safepoint   ] Safepoint "G1PauseCleanup", Time since last: 81053244 ns, Reaching safepoint: 80336 ns, At safepoint: 1475651 ns, Total: 1555987 ns
[2023-03-15T03:50:09.443+0000][69][gc,marking  ] GC(92) Concurrent Cleanup for Next Mark
[2023-03-15T03:50:09.444+0000][69][gc,marking  ] GC(92) Concurrent Cleanup for Next Mark 0.847ms
[2023-03-15T03:50:09.444+0000][69][gc          ] GC(92) Concurrent Mark Cycle 241.625ms
[2023-03-15T03:50:14.446+0000][69][safepoint   ] Safepoint "Cleanup", Time since last: 5003039834 ns, Reaching safepoint: 67571 ns, At safepoint: 3305 ns, Total: 70876 ns
[2023-03-15T03:50:15.448+0000][69][safepoint   ] Safepoint "Cleanup", Time since last: 1002310513 ns, Reaching safepoint: 333193 ns, At safepoint: 10138 ns, Total: 343331 ns
[2023-03-15T03:50:26.441+0000][69][safepoint   ] Safepoint "Cleanup", Time since last: 11015380480 ns, Reaching safepoint: 91037 ns, At safepoint: 3382 ns, Total: 94419 ns
[2023-03-15T03:50:27.446+0000][69][safepoint   ] Safepoint "Cleanup", Time since last: 1004153770 ns, Reaching safepoint: 318260 ns, At safepoint: 14025 ns, Total: 332285 ns
[2023-03-15T03:50:29.451+0000][69][safepoint   ] Safepoint "Cleanup", Time since last: 2005151178 ns, Reaching safepoint: 312108 ns, At safepoint: 37371 ns, Total: 349479 ns
[2023-03-15T03:50:30.457+0000][69][safepoint   ] Safepoint "Cleanup", Time since last: 1005611291 ns, Reaching safepoint: 623812 ns, At safepoint: 13421 ns, Total: 637233 ns
[2023-03-15T03:50:32.465+0000][69][safepoint   ] Safepoint "Cleanup", Time since last: 2007173558 ns, Reaching safepoint: 101625 ns, At safepoint: 3826 ns, Total: 105451 ns
[2023-03-15T03:50:35.469+0000][69][safepoint   ] Safepoint "Cleanup", Time since last: 3003915913 ns, Reaching safepoint: 616686 ns, At safepoint: 13967 ns, Total: 630653 ns
[2023-03-15T03:50:38.475+0000][69][safepoint   ] Safepoint "Cleanup", Time since last: 3005103448 ns, Reaching safepoint: 323309 ns, At safepoint: 11638 ns, Total: 334947 ns
[2023-03-15T03:50:38.565+0000][69][gc,start    ] GC(93) Pause Young (Normal) (G1 Evacuation Pause)
[2023-03-15T03:50:38.568+0000][69][gc,task     ] GC(93) Using 4 workers of 4 for evacuation
[2023-03-15T03:50:38.569+0000][69][gc,age      ] GC(93) Desired survivor size 6291456 bytes, new threshold 15 (max threshold 15)
[2023-03-15T03:50:38.574+0000][69][gc,phases   ] GC(93)   Pre Evacuate Collection Set: 0.1ms
[2023-03-15T03:50:38.575+0000][69][gc,phases   ] GC(93)   Merge Heap Roots: 0.1ms
[2023-03-15T03:50:38.576+0000][69][gc,phases   ] GC(93)   Evacuate Collection Set: 3.0ms
[2023-03-15T03:50:38.577+0000][69][gc,phases   ] GC(93)   Post Evacuate Collection Set: 1.4ms
[2023-03-15T03:50:38.578+0000][69][gc,phases   ] GC(93)   Other: 1.2ms
[2023-03-15T03:50:38.578+0000][69][gc,age      ] GC(93) Age table with threshold 15 (max threshold 15)
[2023-03-15T03:50:38.579+0000][69][gc,age      ] GC(93) - age   1:     886288 bytes,     886288 total
[2023-03-15T03:50:38.580+0000][69][gc,age      ] GC(93) - age   2:      87720 bytes,     974008 total
[2023-03-15T03:50:38.580+0000][69][gc,age      ] GC(93) - age   3:      62848 bytes,    1036856 total
[2023-03-15T03:50:38.581+0000][69][gc,age      ] GC(93) - age   4:      16544 bytes,    1053400 total
[2023-03-15T03:50:38.581+0000][69][gc,age      ] GC(93) - age   5:         64 bytes,    1053464 total
[2023-03-15T03:50:38.582+0000][69][gc,age      ] GC(93) - age   6:      25736 bytes,    1079200 total
[2023-03-15T03:50:38.583+0000][69][gc,age      ] GC(93) - age   7:     192144 bytes,    1271344 total
[2023-03-15T03:50:38.583+0000][69][gc,heap     ] GC(93) Eden regions: 22->0(23)
[2023-03-15T03:50:38.584+0000][69][gc,heap     ] GC(93) Survivor regions: 1->1(3)
[2023-03-15T03:50:38.585+0000][69][gc,heap     ] GC(93) Old regions: 25->25
[2023-03-15T03:50:38.585+0000][69][gc,heap     ] GC(93) Archive regions: 2->2
[2023-03-15T03:50:38.586+0000][69][gc,heap     ] GC(93) Humongous regions: 2->2
[2023-03-15T03:50:38.586+0000][69][gc,metaspace] GC(93) Metaspace: 139905K(143808K)->139905K(143808K) NonClass: 121901K(123712K)->121901K(123712K) Class: 18004K(20096K)->18004K(20096K)
[2023-03-15T03:50:38.587+0000][69][gc          ] GC(93) Pause Young (Normal) (G1 Evacuation Pause) 198M->110M(256M) 21.858ms
[2023-03-15T03:50:38.587+0000][69][gc,cpu      ] GC(93) User=0.01s Sys=0.00s Real=0.03s
[2023-03-15T03:50:38.588+0000][69][safepoint   ] Safepoint "G1CollectForAllocation", Time since last: 90331754 ns, Reaching safepoint: 108321 ns, At safepoint: 22976617 ns, Total: 23084938 ns
[2023-03-15T03:50:44.598+0000][69][safepoint   ] Safepoint "Cleanup", Time since last: 6009158304 ns, Reaching safepoint: 366233 ns, At safepoint: 11513 ns, Total: 377746 ns
[2023-03-15T03:50:45.604+0000][69][safepoint   ] Safepoint "Cleanup", Time since last: 1006492810 ns, Reaching safepoint: 260488 ns, At safepoint: 11929 ns, Total: 272417 ns
[2023-03-15T03:50:46.610+0000][69][safepoint   ] Safepoint "Cleanup", Time since last: 1005084367 ns, Reaching safepoint: 285533 ns, At safepoint: 12254 ns, Total: 297787 ns
[2023-03-15T03:50:47.616+0000][69][safepoint   ] Safepoint "Cleanup", Time since last: 1006239054 ns, Reaching safepoint: 231517 ns, At safepoint: 10286 ns, Total: 241803 ns
[2023-03-15T03:50:50.601+0000][69][safepoint   ] Safepoint "Cleanup", Time since last: 3005958472 ns, Reaching safepoint: 197750 ns, At safepoint: 5106 ns, Total: 202856 ns
[2023-03-15T03:50:51.602+0000][69][safepoint   ] Safepoint "Cleanup", Time since last: 1001366236 ns, Reaching safepoint: 96305 ns, At safepoint: 27753 ns, Total: 124058 ns
[2023-03-15T03:50:52.604+0000][69][safepoint   ] Safepoint "Cleanup", Time since last: 1001525673 ns, Reaching safepoint: 96994 ns, At safepoint: 3544 ns, Total: 100538 ns
[2023-03-15T03:50:53.606+0000][69][safepoint   ] Safepoint "Cleanup", Time since last: 1001423597 ns, Reaching safepoint: 791187 ns, At safepoint: 35451 ns, Total: 826638 ns
[2023-03-15T03:50:56.612+0000][69][safepoint   ] Safepoint "Cleanup", Time since last: 3005670628 ns, Reaching safepoint: 203651 ns, At safepoint: 7049 ns, Total: 210700 ns
[2023-03-15T03:51:00.617+0000][69][safepoint   ] Safepoint "Cleanup", Time since last: 4004059577 ns, Reaching safepoint: 644958 ns, At safepoint: 53001 ns, Total: 697959 ns
[2023-03-15T03:51:03.623+0000][69][safepoint   ] Safepoint "Cleanup", Time since last: 3005613288 ns, Reaching safepoint: 234696 ns, At safepoint: 17285 ns, Total: 251981 ns
[2023-03-15T03:51:05.628+0000][69][safepoint   ] Safepoint "Cleanup", Time since last: 2004821381 ns, Reaching safepoint: 183730 ns, At safepoint: 11097 ns, Total: 194827 ns
[2023-03-15T03:51:08.443+0000][69][gc,start    ] GC(94) Pause Young (Concurrent Start) (G1 Evacuation Pause)
[2023-03-15T03:51:08.444+0000][69][gc,task     ] GC(94) Using 4 workers of 4 for evacuation
[2023-03-15T03:51:08.444+0000][69][gc,age      ] GC(94) Desired survivor size 6291456 bytes, new threshold 15 (max threshold 15)
[2023-03-15T03:51:08.449+0000][69][gc,phases   ] GC(94)   Pre Evacuate Collection Set: 0.4ms
[2023-03-15T03:51:08.449+0000][69][gc,phases   ] GC(94)   Merge Heap Roots: 0.1ms
[2023-03-15T03:51:08.450+0000][69][gc,phases   ] GC(94)   Evacuate Collection Set: 2.7ms
[2023-03-15T03:51:08.450+0000][69][gc,phases   ] GC(94)   Post Evacuate Collection Set: 0.9ms
[2023-03-15T03:51:08.451+0000][69][gc,phases   ] GC(94)   Other: 1.1ms
[2023-03-15T03:51:08.451+0000][69][gc,age      ] GC(94) Age table with threshold 15 (max threshold 15)
[2023-03-15T03:51:08.451+0000][69][gc,age      ] GC(94) - age   1:     951416 bytes,     951416 total
[2023-03-15T03:51:08.452+0000][69][gc,age      ] GC(94) - age   2:       8360 bytes,     959776 total
[2023-03-15T03:51:08.452+0000][69][gc,age      ] GC(94) - age   3:      86904 bytes,    1046680 total
[2023-03-15T03:51:08.453+0000][69][gc,age      ] GC(94) - age   4:      62472 bytes,    1109152 total
[2023-03-15T03:51:08.453+0000][69][gc,age      ] GC(94) - age   5:      16544 bytes,    1125696 total
[2023-03-15T03:51:08.453+0000][69][gc,age      ] GC(94) - age   7:      25672 bytes,    1151368 total
[2023-03-15T03:51:08.454+0000][69][gc,age      ] GC(94) - age   8:     175272 bytes,    1326640 total
[2023-03-15T03:51:08.454+0000][69][gc,heap     ] GC(94) Eden regions: 23->0(23)
[2023-03-15T03:51:08.455+0000][69][gc,heap     ] GC(94) Survivor regions: 1->1(3)
[2023-03-15T03:51:08.455+0000][69][gc,heap     ] GC(94) Old regions: 25->25
[2023-03-15T03:51:08.455+0000][69][gc,heap     ] GC(94) Archive regions: 2->2
[2023-03-15T03:51:08.456+0000][69][gc,heap     ] GC(94) Humongous regions: 2->2
[2023-03-15T03:51:08.456+0000][69][gc,metaspace] GC(94) Metaspace: 139960K(143808K)->139960K(143808K) NonClass: 121956K(123712K)->121956K(123712K) Class: 18004K(20096K)->18004K(20096K)
[2023-03-15T03:51:08.456+0000][69][gc          ] GC(94) Pause Young (Concurrent Start) (G1 Evacuation Pause) 202M->110M(256M) 13.750ms
[2023-03-15T03:51:08.457+0000][69][gc          ] GC(95) Concurrent Mark Cycle
[2023-03-15T03:51:08.457+0000][69][gc,marking  ] GC(95) Concurrent Clear Claimed Marks
[2023-03-15T03:51:08.457+0000][69][gc,cpu      ] GC(94) User=0.00s Sys=0.00s Real=0.02s
[2023-03-15T03:51:08.459+0000][69][gc,marking  ] GC(95) Concurrent Clear Claimed Marks 1.406ms
[2023-03-15T03:51:08.459+0000][69][gc,marking  ] GC(95) Concurrent Scan Root Regions
[2023-03-15T03:51:08.459+0000][69][safepoint   ] Safepoint "G1CollectForAllocation", Time since last: 2815061914 ns, Reaching safepoint: 42472 ns, At safepoint: 16006571 ns, Total: 16049043 ns
[2023-03-15T03:51:08.462+0000][69][gc,marking  ] GC(95) Concurrent Scan Root Regions 2.634ms
[2023-03-15T03:51:08.463+0000][69][gc,marking  ] GC(95) Concurrent Mark
[2023-03-15T03:51:08.463+0000][69][gc,marking  ] GC(95) Concurrent Mark From Roots
[2023-03-15T03:51:08.463+0000][69][gc,task     ] GC(95) Using 1 workers of 1 for marking
[2023-03-15T03:51:08.575+0000][69][gc,marking  ] GC(95) Concurrent Mark From Roots 112.085ms
[2023-03-15T03:51:08.576+0000][69][gc,marking  ] GC(95) Concurrent Preclean
[2023-03-15T03:51:08.577+0000][69][gc,marking  ] GC(95) Concurrent Preclean 0.800ms
[2023-03-15T03:51:08.577+0000][69][gc,start    ] GC(95) Pause Remark
[2023-03-15T03:51:08.591+0000][69][gc          ] GC(95) Pause Remark 112M->112M(256M) 14.023ms
[2023-03-15T03:51:08.592+0000][69][gc,cpu      ] GC(95) User=0.03s Sys=0.00s Real=0.01s
[2023-03-15T03:51:08.592+0000][69][safepoint   ] Safepoint "G1PauseRemark", Time since last: 118401792 ns, Reaching safepoint: 89625 ns, At safepoint: 15221453 ns, Total: 15311078 ns
[2023-03-15T03:51:08.593+0000][69][gc,marking  ] GC(95) Concurrent Mark 130.085ms
[2023-03-15T03:51:08.593+0000][69][gc,marking  ] GC(95) Concurrent Rebuild Remembered Sets
[2023-03-15T03:51:08.643+0000][69][gc,marking  ] GC(95) Concurrent Rebuild Remembered Sets 49.562ms
[2023-03-15T03:51:08.644+0000][69][gc,start    ] GC(95) Pause Cleanup
[2023-03-15T03:51:08.645+0000][69][gc          ] GC(95) Pause Cleanup 112M->112M(256M) 0.726ms
[2023-03-15T03:51:08.645+0000][69][gc,cpu      ] GC(95) User=0.00s Sys=0.00s Real=0.01s
[2023-03-15T03:51:08.646+0000][69][safepoint   ] Safepoint "G1PauseCleanup", Time since last: 51486346 ns, Reaching safepoint: 77378 ns, At safepoint: 2170795 ns, Total: 2248173 ns
[2023-03-15T03:51:08.647+0000][69][gc,marking  ] GC(95) Concurrent Cleanup for Next Mark
[2023-03-15T03:51:08.647+0000][69][gc,marking  ] GC(95) Concurrent Cleanup for Next Mark 0.791ms
[2023-03-15T03:51:08.648+0000][69][gc          ] GC(95) Concurrent Mark Cycle 191.088ms
[2023-03-15T03:51:14.655+0000][69][safepoint   ] Safepoint "Cleanup", Time since last: 6008780544 ns, Reaching safepoint: 481108 ns, At safepoint: 14185 ns, Total: 495293 ns
[2023-03-15T03:51:26.651+0000][69][safepoint   ] Safepoint "Cleanup", Time since last: 12016079537 ns, Reaching safepoint: 742566 ns, At safepoint: 51593 ns, Total: 794159 ns
[2023-03-15T03:51:32.661+0000][69][safepoint   ] Safepoint "Cleanup", Time since last: 6009741372 ns, Reaching safepoint: 733285 ns, At safepoint: 24090 ns, Total: 757375 ns
[2023-03-15T03:51:38.490+0000][69][gc,start    ] GC(96) Pause Young (Normal) (G1 Evacuation Pause)
[2023-03-15T03:51:38.491+0000][69][gc,task     ] GC(96) Using 4 workers of 4 for evacuation
[2023-03-15T03:51:38.492+0000][69][gc,age      ] GC(96) Desired survivor size 6291456 bytes, new threshold 15 (max threshold 15)
[2023-03-15T03:51:38.496+0000][69][gc,phases   ] GC(96)   Pre Evacuate Collection Set: 0.2ms
[2023-03-15T03:51:38.497+0000][69][gc,phases   ] GC(96)   Merge Heap Roots: 0.2ms
[2023-03-15T03:51:38.497+0000][69][gc,phases   ] GC(96)   Evacuate Collection Set: 2.3ms
[2023-03-15T03:51:38.498+0000][69][gc,phases   ] GC(96)   Post Evacuate Collection Set: 0.8ms
[2023-03-15T03:51:38.498+0000][69][gc,phases   ] GC(96)   Other: 1.6ms
[2023-03-15T03:51:38.499+0000][69][gc,age      ] GC(96) Age table with threshold 15 (max threshold 15)
[2023-03-15T03:51:38.499+0000][69][gc,age      ] GC(96) - age   1:     980656 bytes,     980656 total
[2023-03-15T03:51:38.500+0000][69][gc,age      ] GC(96) - age   2:     147928 bytes,    1128584 total
[2023-03-15T03:51:38.500+0000][69][gc,age      ] GC(96) - age   3:       7176 bytes,    1135760 total
[2023-03-15T03:51:38.501+0000][69][gc,age      ] GC(96) - age   4:       1400 bytes,    1137160 total
[2023-03-15T03:51:38.502+0000][69][gc,age      ] GC(96) - age   5:        704 bytes,    1137864 total
[2023-03-15T03:51:38.502+0000][69][gc,age      ] GC(96) - age   6:      15336 bytes,    1153200 total
[2023-03-15T03:51:38.503+0000][69][gc,age      ] GC(96) - age   8:      17176 bytes,    1170376 total
[2023-03-15T03:51:38.503+0000][69][gc,age      ] GC(96) - age   9:     175272 bytes,    1345648 total
[2023-03-15T03:51:38.504+0000][69][gc,heap     ] GC(96) Eden regions: 23->0(23)
[2023-03-15T03:51:38.505+0000][69][gc,heap     ] GC(96) Survivor regions: 1->1(3)
[2023-03-15T03:51:38.505+0000][69][gc,heap     ] GC(96) Old regions: 25->25
[2023-03-15T03:51:38.506+0000][69][gc,heap     ] GC(96) Archive regions: 2->2
[2023-03-15T03:51:38.506+0000][69][gc,heap     ] GC(96) Humongous regions: 2->2
[2023-03-15T03:51:38.507+0000][69][gc,metaspace] GC(96) Metaspace: 139985K(143808K)->139985K(143808K) NonClass: 121980K(123712K)->121980K(123712K) Class: 18005K(20096K)->18005K(20096K)
[2023-03-15T03:51:38.508+0000][69][gc          ] GC(96) Pause Young (Normal) (G1 Evacuation Pause) 202M->110M(256M) 17.587ms
[2023-03-15T03:51:38.508+0000][69][gc,cpu      ] GC(96) User=0.01s Sys=0.00s Real=0.02s
[2023-03-15T03:51:38.509+0000][69][safepoint   ] Safepoint "G1CollectForAllocation", Time since last: 5828666272 ns, Reaching safepoint: 146001 ns, At safepoint: 19171248 ns, Total: 19317249 ns
[2023-03-15T03:51:40.511+0000][69][safepoint   ] Safepoint "Cleanup", Time since last: 2002045766 ns, Reaching safepoint: 161541 ns, At safepoint: 15778 ns, Total: 177319 ns
[2023-03-15T03:51:41.514+0000][69][safepoint   ] Safepoint "Cleanup", Time since last: 1001900186 ns, Reaching safepoint: 627140 ns, At safepoint: 29666 ns, Total: 656806 ns
[2023-03-15T03:51:42.519+0000][69][safepoint   ] Safepoint "Cleanup", Time since last: 1003431676 ns, Reaching safepoint: 1164913 ns, At safepoint: 82147 ns, Total: 1247060 ns
[2023-03-15T03:51:44.522+0000][69][safepoint   ] Safepoint "Cleanup", Time since last: 2003374279 ns, Reaching safepoint: 126026 ns, At safepoint: 3521 ns, Total: 129547 ns
[2023-03-15T03:51:45.524+0000][69][safepoint   ] Safepoint "Cleanup", Time since last: 1001271521 ns, Reaching safepoint: 576565 ns, At safepoint: 12895 ns, Total: 589460 ns
[2023-03-15T03:51:47.527+0000][69][safepoint   ] Safepoint "Cleanup", Time since last: 2003084072 ns, Reaching safepoint: 84712 ns, At safepoint: 4836 ns, Total: 89548 ns
[2023-03-15T03:51:48.506+0000][69][safepoint   ] Safepoint "Cleanup", Time since last: 1000994262 ns, Reaching safepoint: 97656 ns, At safepoint: 3666 ns, Total: 101322 ns
[2023-03-15T03:51:50.509+0000][69][safepoint   ] Safepoint "Cleanup", Time since last: 2002221905 ns, Reaching safepoint: 217726 ns, At safepoint: 36220 ns, Total: 253946 ns
[2023-03-15T03:51:51.511+0000][69][safepoint   ] Safepoint "Cleanup", Time since last: 1001912829 ns, Reaching safepoint: 119111 ns, At safepoint: 4725 ns, Total: 123836 ns
[2023-03-15T03:51:53.515+0000][69][safepoint   ] Safepoint "Cleanup", Time since last: 2003949709 ns, Reaching safepoint: 378071 ns, At safepoint: 11950 ns, Total: 390021 ns
[2023-03-15T03:51:59.521+0000][69][safepoint   ] Safepoint "Cleanup", Time since last: 6005869533 ns, Reaching safepoint: 372004 ns, At safepoint: 18327 ns, Total: 390331 ns
[2023-03-15T03:52:02.411+0000][69][gc,start    ] GC(97) Pause Young (Concurrent Start) (G1 Evacuation Pause)
[2023-03-15T03:52:02.412+0000][69][gc,task     ] GC(97) Using 4 workers of 4 for evacuation
[2023-03-15T03:52:02.413+0000][69][gc,age      ] GC(97) Desired survivor size 6291456 bytes, new threshold 15 (max threshold 15)
[2023-03-15T03:52:02.419+0000][69][gc,phases   ] GC(97)   Pre Evacuate Collection Set: 0.4ms
[2023-03-15T03:52:02.419+0000][69][gc,phases   ] GC(97)   Merge Heap Roots: 0.2ms
[2023-03-15T03:52:02.420+0000][69][gc,phases   ] GC(97)   Evacuate Collection Set: 4.1ms
[2023-03-15T03:52:02.421+0000][69][gc,phases   ] GC(97)   Post Evacuate Collection Set: 0.9ms
[2023-03-15T03:52:02.421+0000][69][gc,phases   ] GC(97)   Other: 1.1ms
[2023-03-15T03:52:02.422+0000][69][gc,age      ] GC(97) Age table with threshold 15 (max threshold 15)
[2023-03-15T03:52:02.422+0000][69][gc,age      ] GC(97) - age   1:    1969064 bytes,    1969064 total
[2023-03-15T03:52:02.423+0000][69][gc,age      ] GC(97) - age   2:     146608 bytes,    2115672 total
[2023-03-15T03:52:02.423+0000][69][gc,age      ] GC(97) - age   3:       4688 bytes,    2120360 total
[2023-03-15T03:52:02.424+0000][69][gc,age      ] GC(97) - age   4:       7176 bytes,    2127536 total
[2023-03-15T03:52:02.424+0000][69][gc,age      ] GC(97) - age   5:       1016 bytes,    2128552 total
[2023-03-15T03:52:02.425+0000][69][gc,age      ] GC(97) - age   6:        704 bytes,    2129256 total
[2023-03-15T03:52:02.426+0000][69][gc,age      ] GC(97) - age   7:      15336 bytes,    2144592 total
[2023-03-15T03:52:02.427+0000][69][gc,age      ] GC(97) - age   9:      16816 bytes,    2161408 total
[2023-03-15T03:52:02.427+0000][69][gc,age      ] GC(97) - age  10:     175272 bytes,    2336680 total
[2023-03-15T03:52:02.428+0000][69][gc,heap     ] GC(97) Eden regions: 23->0(22)
[2023-03-15T03:52:02.428+0000][69][gc,heap     ] GC(97) Survivor regions: 1->1(3)
[2023-03-15T03:52:02.428+0000][69][gc,heap     ] GC(97) Old regions: 25->25
[2023-03-15T03:52:02.429+0000][69][gc,heap     ] GC(97) Archive regions: 2->2
[2023-03-15T03:52:02.430+0000][69][gc,heap     ] GC(97) Humongous regions: 2->2
[2023-03-15T03:52:02.430+0000][69][gc,metaspace] GC(97) Metaspace: 140012K(143872K)->140012K(143872K) NonClass: 122007K(123776K)->122007K(123776K) Class: 18005K(20096K)->18005K(20096K)
[2023-03-15T03:52:02.431+0000][69][gc          ] GC(97) Pause Young (Concurrent Start) (G1 Evacuation Pause) 202M->111M(256M) 19.188ms
[2023-03-15T03:52:02.431+0000][69][gc,cpu      ] GC(97) User=0.01s Sys=0.01s Real=0.02s
[2023-03-15T03:52:02.431+0000][69][gc          ] GC(98) Concurrent Mark Cycle
[2023-03-15T03:52:02.433+0000][69][gc,marking  ] GC(98) Concurrent Clear Claimed Marks
[2023-03-15T03:52:02.432+0000][69][safepoint   ] Safepoint "G1CollectForAllocation", Time since last: 2889756851 ns, Reaching safepoint: 211455 ns, At safepoint: 20488763 ns, Total: 20700218 ns
[2023-03-15T03:52:02.434+0000][69][gc,marking  ] GC(98) Concurrent Clear Claimed Marks 1.082ms
[2023-03-15T03:52:02.436+0000][69][gc,marking  ] GC(98) Concurrent Scan Root Regions
[2023-03-15T03:52:02.442+0000][69][gc,marking  ] GC(98) Concurrent Scan Root Regions 6.294ms
[2023-03-15T03:52:02.443+0000][69][gc,marking  ] GC(98) Concurrent Mark
[2023-03-15T03:52:02.444+0000][69][gc,marking  ] GC(98) Concurrent Mark From Roots
[2023-03-15T03:52:02.445+0000][69][gc,task     ] GC(98) Using 1 workers of 1 for marking
[2023-03-15T03:52:02.637+0000][69][gc,marking  ] GC(98) Concurrent Mark From Roots 193.474ms
[2023-03-15T03:52:02.638+0000][69][gc,marking  ] GC(98) Concurrent Preclean
[2023-03-15T03:52:02.640+0000][69][gc,marking  ] GC(98) Concurrent Preclean 1.746ms
[2023-03-15T03:52:02.642+0000][69][gc,start    ] GC(98) Pause Remark
[2023-03-15T03:52:02.667+0000][69][gc          ] GC(98) Pause Remark 121M->121M(256M) 24.727ms
[2023-03-15T03:52:02.668+0000][69][gc,cpu      ] GC(98) User=0.06s Sys=0.00s Real=0.02s
[2023-03-15T03:52:02.670+0000][69][safepoint   ] Safepoint "G1PauseRemark", Time since last: 210005974 ns, Reaching safepoint: 290020 ns, At safepoint: 27820720 ns, Total: 28110740 ns
[2023-03-15T03:52:02.671+0000][69][gc,marking  ] GC(98) Concurrent Mark 227.962ms
[2023-03-15T03:52:02.672+0000][69][gc,marking  ] GC(98) Concurrent Rebuild Remembered Sets
[2023-03-15T03:52:02.795+0000][69][gc,marking  ] GC(98) Concurrent Rebuild Remembered Sets 122.519ms
[2023-03-15T03:52:02.797+0000][69][gc,start    ] GC(98) Pause Cleanup
[2023-03-15T03:52:02.798+0000][69][gc          ] GC(98) Pause Cleanup 122M->122M(256M) 1.022ms
[2023-03-15T03:52:02.799+0000][69][gc,cpu      ] GC(98) User=0.00s Sys=0.00s Real=0.00s
[2023-03-15T03:52:02.799+0000][69][safepoint   ] Safepoint "G1PauseCleanup", Time since last: 126210786 ns, Reaching safepoint: 334133 ns, At safepoint: 2870902 ns, Total: 3205035 ns
[2023-03-15T03:52:02.802+0000][69][gc,marking  ] GC(98) Concurrent Cleanup for Next Mark
[2023-03-15T03:52:02.804+0000][69][gc,marking  ] GC(98) Concurrent Cleanup for Next Mark 2.257ms
[2023-03-15T03:52:02.806+0000][69][gc          ] GC(98) Concurrent Mark Cycle 375.087ms
[2023-03-15T03:52:05.805+0000][69][safepoint   ] Safepoint "Cleanup", Time since last: 3004694804 ns, Reaching safepoint: 506806 ns, At safepoint: 14149 ns, Total: 520955 ns
[2023-03-15T03:52:10.812+0000][69][safepoint   ] Safepoint "Cleanup", Time since last: 5007028068 ns, Reaching safepoint: 320717 ns, At safepoint: 8741 ns, Total: 329458 ns
[2023-03-15T03:52:11.816+0000][69][safepoint   ] Safepoint "Cleanup", Time since last: 1003960707 ns, Reaching safepoint: 138103 ns, At safepoint: 3841 ns, Total: 141944 ns
[2023-03-15T03:52:14.820+0000][69][safepoint   ] Safepoint "Cleanup", Time since last: 3003379405 ns, Reaching safepoint: 628397 ns, At safepoint: 14717 ns, Total: 643114 ns
[2023-03-15T03:52:19.804+0000][69][safepoint   ] Safepoint "Cleanup", Time since last: 5006617608 ns, Reaching safepoint: 277047 ns, At safepoint: 30017 ns, Total: 307064 ns
[2023-03-15T03:52:26.813+0000][69][safepoint   ] Safepoint "Cleanup", Time since last: 7009651190 ns, Reaching safepoint: 185169 ns, At safepoint: 5318 ns, Total: 190487 ns
[2023-03-15T03:52:27.382+0000][69][gc,start    ] GC(99) Pause Young (Normal) (G1 Evacuation Pause)
[2023-03-15T03:52:27.383+0000][69][gc,task     ] GC(99) Using 4 workers of 4 for evacuation
[2023-03-15T03:52:27.384+0000][69][gc,age      ] GC(99) Desired survivor size 6291456 bytes, new threshold 15 (max threshold 15)
[2023-03-15T03:52:27.392+0000][69][gc,phases   ] GC(99)   Pre Evacuate Collection Set: 0.1ms
[2023-03-15T03:52:27.394+0000][69][gc,phases   ] GC(99)   Merge Heap Roots: 0.1ms
[2023-03-15T03:52:27.395+0000][69][gc,phases   ] GC(99)   Evacuate Collection Set: 3.1ms
[2023-03-15T03:52:27.396+0000][69][gc,phases   ] GC(99)   Post Evacuate Collection Set: 1.9ms
[2023-03-15T03:52:27.397+0000][69][gc,phases   ] GC(99)   Other: 3.9ms
[2023-03-15T03:52:27.398+0000][69][gc,age      ] GC(99) Age table with threshold 15 (max threshold 15)
[2023-03-15T03:52:27.400+0000][69][gc,age      ] GC(99) - age   1:    1614992 bytes,    1614992 total
[2023-03-15T03:52:27.401+0000][69][gc,age      ] GC(99) - age   2:     164464 bytes,    1779456 total
[2023-03-15T03:52:27.403+0000][69][gc,age      ] GC(99) - age   3:      12816 bytes,    1792272 total
[2023-03-15T03:52:27.404+0000][69][gc,age      ] GC(99) - age   4:       4560 bytes,    1796832 total
[2023-03-15T03:52:27.406+0000][69][gc,age      ] GC(99) - age   5:       6984 bytes,    1803816 total
[2023-03-15T03:52:27.408+0000][69][gc,age      ] GC(99) - age   6:        656 bytes,    1804472 total
[2023-03-15T03:52:27.408+0000][69][gc,age      ] GC(99) - age   7:        704 bytes,    1805176 total
[2023-03-15T03:52:27.410+0000][69][gc,age      ] GC(99) - age   8:      15272 bytes,    1820448 total
[2023-03-15T03:52:27.411+0000][69][gc,age      ] GC(99) - age  10:      16816 bytes,    1837264 total
[2023-03-15T03:52:27.412+0000][69][gc,age      ] GC(99) - age  11:     175272 bytes,    2012536 total
[2023-03-15T03:52:27.413+0000][69][gc,heap     ] GC(99) Eden regions: 22->0(22)
[2023-03-15T03:52:27.414+0000][69][gc,heap     ] GC(99) Survivor regions: 1->1(3)
[2023-03-15T03:52:27.415+0000][69][gc,heap     ] GC(99) Old regions: 25->25
[2023-03-15T03:52:27.416+0000][69][gc,heap     ] GC(99) Archive regions: 2->2
[2023-03-15T03:52:27.417+0000][69][gc,heap     ] GC(99) Humongous regions: 2->2
[2023-03-15T03:52:27.418+0000][69][gc,metaspace] GC(99) Metaspace: 140032K(143872K)->140032K(143872K) NonClass: 122027K(123776K)->122027K(123776K) Class: 18005K(20096K)->18005K(20096K)
[2023-03-15T03:52:27.419+0000][69][gc          ] GC(99) Pause Young (Normal) (G1 Evacuation Pause) 199M->111M(256M) 37.466ms
[2023-03-15T03:52:27.420+0000][69][gc,cpu      ] GC(99) User=0.02s Sys=0.00s Real=0.04s
[2023-03-15T03:52:27.421+0000][69][safepoint   ] Safepoint "G1CollectForAllocation", Time since last: 568248392 ns, Reaching safepoint: 111350 ns, At safepoint: 39590817 ns, Total: 39702167 ns
[2023-03-15T03:52:35.427+0000][69][safepoint   ] Safepoint "Cleanup", Time since last: 8005349250 ns, Reaching safepoint: 209985 ns, At safepoint: 19707 ns, Total: 229692 ns
[2023-03-15T03:52:50.414+0000][69][safepoint   ] Safepoint "Cleanup", Time since last: 15008849408 ns, Reaching safepoint: 441984 ns, At safepoint: 15796 ns, Total: 457780 ns
[2023-03-15T03:52:51.416+0000][69][safepoint   ] Safepoint "Cleanup", Time since last: 1002202149 ns, Reaching safepoint: 185163 ns, At safepoint: 3511 ns, Total: 188674 ns
[2023-03-15T03:52:53.418+0000][69][safepoint   ] Safepoint "Cleanup", Time since last: 2001452598 ns, Reaching safepoint: 179559 ns, At safepoint: 5063 ns, Total: 184622 ns
[2023-03-15T03:52:56.461+0000][69][gc,start    ] GC(100) Pause Young (Concurrent Start) (G1 Evacuation Pause)
[2023-03-15T03:52:56.462+0000][69][gc,task     ] GC(100) Using 4 workers of 4 for evacuation
[2023-03-15T03:52:56.462+0000][69][gc,age      ] GC(100) Desired survivor size 6291456 bytes, new threshold 15 (max threshold 15)
[2023-03-15T03:52:56.466+0000][69][gc,phases   ] GC(100)   Pre Evacuate Collection Set: 0.4ms
[2023-03-15T03:52:56.467+0000][69][gc,phases   ] GC(100)   Merge Heap Roots: 0.2ms
[2023-03-15T03:52:56.468+0000][69][gc,phases   ] GC(100)   Evacuate Collection Set: 1.5ms
[2023-03-15T03:52:56.469+0000][69][gc,phases   ] GC(100)   Post Evacuate Collection Set: 1.1ms
[2023-03-15T03:52:56.469+0000][69][gc,phases   ] GC(100)   Other: 1.5ms
[2023-03-15T03:52:56.470+0000][69][gc,age      ] GC(100) Age table with threshold 15 (max threshold 15)
[2023-03-15T03:52:56.471+0000][69][gc,age      ] GC(100) - age   1:     704864 bytes,     704864 total
[2023-03-15T03:52:56.472+0000][69][gc,age      ] GC(100) - age   2:      66656 bytes,     771520 total
[2023-03-15T03:52:56.473+0000][69][gc,age      ] GC(100) - age   3:      30232 bytes,     801752 total
[2023-03-15T03:52:56.473+0000][69][gc,age      ] GC(100) - age   4:       4328 bytes,     806080 total
[2023-03-15T03:52:56.474+0000][69][gc,age      ] GC(100) - age   5:       4216 bytes,     810296 total
[2023-03-15T03:52:56.475+0000][69][gc,age      ] GC(100) - age   6:       6984 bytes,     817280 total
[2023-03-15T03:52:56.475+0000][69][gc,age      ] GC(100) - age   7:        592 bytes,     817872 total
[2023-03-15T03:52:56.476+0000][69][gc,age      ] GC(100) - age   8:        704 bytes,     818576 total
[2023-03-15T03:52:56.477+0000][69][gc,age      ] GC(100) - age   9:      15272 bytes,     833848 total
[2023-03-15T03:52:56.477+0000][69][gc,age      ] GC(100) - age  11:      16816 bytes,     850664 total
[2023-03-15T03:52:56.478+0000][69][gc,age      ] GC(100) - age  12:     175272 bytes,    1025936 total
[2023-03-15T03:52:56.479+0000][69][gc,heap     ] GC(100) Eden regions: 22->0(23)
[2023-03-15T03:52:56.480+0000][69][gc,heap     ] GC(100) Survivor regions: 1->1(3)
[2023-03-15T03:52:56.480+0000][69][gc,heap     ] GC(100) Old regions: 25->25
[2023-03-15T03:52:56.481+0000][69][gc,heap     ] GC(100) Archive regions: 2->2
[2023-03-15T03:52:56.482+0000][69][gc,heap     ] GC(100) Humongous regions: 2->2
[2023-03-15T03:52:56.483+0000][69][gc,metaspace] GC(100) Metaspace: 140075K(143872K)->140075K(143872K) NonClass: 122065K(123776K)->122065K(123776K) Class: 18009K(20096K)->18009K(20096K)
[2023-03-15T03:52:56.484+0000][69][gc          ] GC(100) Pause Young (Concurrent Start) (G1 Evacuation Pause) 199M->110M(256M) 22.896ms
[2023-03-15T03:52:56.484+0000][69][gc,cpu      ] GC(100) User=0.02s Sys=0.00s Real=0.02s
[2023-03-15T03:52:56.484+0000][69][gc          ] GC(101) Concurrent Mark Cycle
[2023-03-15T03:52:56.485+0000][69][safepoint   ] Safepoint "G1CollectForAllocation", Time since last: 3042524220 ns, Reaching safepoint: 339767 ns, At safepoint: 24694922 ns, Total: 25034689 ns
[2023-03-15T03:52:56.486+0000][69][gc,marking  ] GC(101) Concurrent Clear Claimed Marks
[2023-03-15T03:52:56.488+0000][69][gc,marking  ] GC(101) Concurrent Clear Claimed Marks 1.745ms
[2023-03-15T03:52:56.490+0000][69][gc,marking  ] GC(101) Concurrent Scan Root Regions
[2023-03-15T03:52:56.493+0000][69][gc,marking  ] GC(101) Concurrent Scan Root Regions 2.997ms
[2023-03-15T03:52:56.494+0000][69][gc,marking  ] GC(101) Concurrent Mark
[2023-03-15T03:52:56.494+0000][69][gc,marking  ] GC(101) Concurrent Mark From Roots
[2023-03-15T03:52:56.495+0000][69][gc,task     ] GC(101) Using 1 workers of 1 for marking
[2023-03-15T03:52:56.622+0000][69][gc,marking  ] GC(101) Concurrent Mark From Roots 127.529ms
[2023-03-15T03:52:56.623+0000][69][gc,marking  ] GC(101) Concurrent Preclean
[2023-03-15T03:52:56.625+0000][69][gc,marking  ] GC(101) Concurrent Preclean 1.877ms
[2023-03-15T03:52:56.627+0000][69][gc,start    ] GC(101) Pause Remark
[2023-03-15T03:52:56.638+0000][69][gc          ] GC(101) Pause Remark 112M->112M(256M) 11.332ms
[2023-03-15T03:52:56.639+0000][69][gc,cpu      ] GC(101) User=0.04s Sys=0.00s Real=0.01s
[2023-03-15T03:52:56.640+0000][69][safepoint   ] Safepoint "G1PauseRemark", Time since last: 140489879 ns, Reaching safepoint: 557747 ns, At safepoint: 13162892 ns, Total: 13720639 ns
[2023-03-15T03:52:56.641+0000][69][gc,marking  ] GC(101) Concurrent Mark 147.048ms
[2023-03-15T03:52:56.642+0000][69][gc,marking  ] GC(101) Concurrent Rebuild Remembered Sets
[2023-03-15T03:52:56.712+0000][69][gc,marking  ] GC(101) Concurrent Rebuild Remembered Sets 70.356ms
[2023-03-15T03:52:56.713+0000][69][gc,start    ] GC(101) Pause Cleanup
[2023-03-15T03:52:56.714+0000][69][gc          ] GC(101) Pause Cleanup 113M->113M(256M) 0.889ms
[2023-03-15T03:52:56.715+0000][69][gc,cpu      ] GC(101) User=0.00s Sys=0.00s Real=0.00s
[2023-03-15T03:52:56.715+0000][69][safepoint   ] Safepoint "G1PauseCleanup", Time since last: 73208890 ns, Reaching safepoint: 132130 ns, At safepoint: 2153364 ns, Total: 2285494 ns
[2023-03-15T03:52:56.716+0000][69][gc,marking  ] GC(101) Concurrent Cleanup for Next Mark
[2023-03-15T03:52:56.717+0000][69][gc,marking  ] GC(101) Concurrent Cleanup for Next Mark 0.988ms
[2023-03-15T03:52:56.717+0000][69][gc          ] GC(101) Concurrent Mark Cycle 233.073ms
[2023-03-15T03:53:02.719+0000][69][safepoint   ] Safepoint "Cleanup", Time since last: 6003495052 ns, Reaching safepoint: 135109 ns, At safepoint: 38408 ns, Total: 173517 ns
[2023-03-15T03:53:05.723+0000][69][safepoint   ] Safepoint "Cleanup", Time since last: 3003713659 ns, Reaching safepoint: 543610 ns, At safepoint: 12027 ns, Total: 555637 ns
[2023-03-15T03:53:06.727+0000][69][safepoint   ] Safepoint "Cleanup", Time since last: 1002813293 ns, Reaching safepoint: 608814 ns, At safepoint: 21004 ns, Total: 629818 ns
[2023-03-15T03:53:11.732+0000][69][safepoint   ] Safepoint "Cleanup", Time since last: 5005534816 ns, Reaching safepoint: 220293 ns, At safepoint: 13246 ns, Total: 233539 ns
[2023-03-15T03:53:12.734+0000][69][safepoint   ] Safepoint "Cleanup", Time since last: 1001563508 ns, Reaching safepoint: 436617 ns, At safepoint: 6426 ns, Total: 443043 ns
[2023-03-15T03:53:13.737+0000][69][safepoint   ] Safepoint "Cleanup", Time since last: 1001807917 ns, Reaching safepoint: 920786 ns, At safepoint: 27248 ns, Total: 948034 ns
[2023-03-15T03:53:17.721+0000][69][safepoint   ] Safepoint "Cleanup", Time since last: 4005366913 ns, Reaching safepoint: 403481 ns, At safepoint: 10963 ns, Total: 414444 ns
[2023-03-15T03:53:18.110+0000][69][gc,start    ] GC(102) Pause Young (Normal) (G1 Evacuation Pause)
[2023-03-15T03:53:18.111+0000][69][gc,task     ] GC(102) Using 4 workers of 4 for evacuation
[2023-03-15T03:53:18.111+0000][69][gc,age      ] GC(102) Desired survivor size 6291456 bytes, new threshold 15 (max threshold 15)
[2023-03-15T03:53:18.115+0000][69][gc,phases   ] GC(102)   Pre Evacuate Collection Set: 0.2ms
[2023-03-15T03:53:18.115+0000][69][gc,phases   ] GC(102)   Merge Heap Roots: 0.1ms
[2023-03-15T03:53:18.116+0000][69][gc,phases   ] GC(102)   Evacuate Collection Set: 1.4ms
[2023-03-15T03:53:18.117+0000][69][gc,phases   ] GC(102)   Post Evacuate Collection Set: 1.1ms
[2023-03-15T03:53:18.118+0000][69][gc,phases   ] GC(102)   Other: 1.1ms
[2023-03-15T03:53:18.118+0000][69][gc,age      ] GC(102) Age table with threshold 15 (max threshold 15)
[2023-03-15T03:53:18.119+0000][69][gc,age      ] GC(102) - age   1:     803608 bytes,     803608 total
[2023-03-15T03:53:18.119+0000][69][gc,age      ] GC(102) - age   2:     171384 bytes,     974992 total
[2023-03-15T03:53:18.120+0000][69][gc,age      ] GC(102) - age   3:       4760 bytes,     979752 total
[2023-03-15T03:53:18.120+0000][69][gc,age      ] GC(102) - age   4:      29696 bytes,    1009448 total
[2023-03-15T03:53:18.121+0000][69][gc,age      ] GC(102) - age   5:       4248 bytes,    1013696 total
[2023-03-15T03:53:18.121+0000][69][gc,age      ] GC(102) - age   6:       3784 bytes,    1017480 total
[2023-03-15T03:53:18.122+0000][69][gc,age      ] GC(102) - age   7:       6984 bytes,    1024464 total
[2023-03-15T03:53:18.122+0000][69][gc,age      ] GC(102) - age   8:        592 bytes,    1025056 total
[2023-03-15T03:53:18.123+0000][69][gc,age      ] GC(102) - age   9:        704 bytes,    1025760 total
[2023-03-15T03:53:18.124+0000][69][gc,age      ] GC(102) - age  10:       3216 bytes,    1028976 total
[2023-03-15T03:53:18.125+0000][69][gc,age      ] GC(102) - age  12:       4384 bytes,    1033360 total
[2023-03-15T03:53:18.125+0000][69][gc,age      ] GC(102) - age  13:      94056 bytes,    1127416 total
[2023-03-15T03:53:18.126+0000][69][gc,heap     ] GC(102) Eden regions: 23->0(23)
[2023-03-15T03:53:18.126+0000][69][gc,heap     ] GC(102) Survivor regions: 1->1(3)
[2023-03-15T03:53:18.127+0000][69][gc,heap     ] GC(102) Old regions: 25->25
[2023-03-15T03:53:18.127+0000][69][gc,heap     ] GC(102) Archive regions: 2->2
[2023-03-15T03:53:18.128+0000][69][gc,heap     ] GC(102) Humongous regions: 2->2
[2023-03-15T03:53:18.128+0000][69][gc,metaspace] GC(102) Metaspace: 140091K(143936K)->140091K(143936K) NonClass: 122081K(123840K)->122081K(123840K) Class: 18009K(20096K)->18009K(20096K)
[2023-03-15T03:53:18.129+0000][69][gc          ] GC(102) Pause Young (Normal) (G1 Evacuation Pause) 202M->110M(256M) 19.012ms
[2023-03-15T03:53:18.130+0000][69][gc,cpu      ] GC(102) User=0.00s Sys=0.00s Real=0.02s
[2023-03-15T03:53:18.130+0000][69][safepoint   ] Safepoint "G1CollectForAllocation", Time since last: 389085471 ns, Reaching safepoint: 178669 ns, At safepoint: 20302652 ns, Total: 20481321 ns
[2023-03-15T03:53:20.134+0000][69][safepoint   ] Safepoint "Cleanup", Time since last: 2003106319 ns, Reaching safepoint: 216094 ns, At safepoint: 4516 ns, Total: 220610 ns
[2023-03-15T03:53:21.135+0000][69][safepoint   ] Safepoint "Cleanup", Time since last: 1001279765 ns, Reaching safepoint: 283148 ns, At safepoint: 6286 ns, Total: 289434 ns
[2023-03-15T03:53:22.138+0000][69][safepoint   ] Safepoint "Cleanup", Time since last: 1002161313 ns, Reaching safepoint: 873149 ns, At safepoint: 31182 ns, Total: 904331 ns
[2023-03-15T03:53:26.144+0000][69][safepoint   ] Safepoint "Cleanup", Time since last: 4005987927 ns, Reaching safepoint: 116288 ns, At safepoint: 26564 ns, Total: 142852 ns
[2023-03-15T03:53:32.149+0000][69][safepoint   ] Safepoint "Cleanup", Time since last: 6004152506 ns, Reaching safepoint: 115661 ns, At safepoint: 6644 ns, Total: 122305 ns
[2023-03-15T03:53:33.150+0000][69][safepoint   ] Safepoint "Cleanup", Time since last: 1000916033 ns, Reaching safepoint: 82962 ns, At safepoint: 7179 ns, Total: 90141 ns
[2023-03-15T03:53:43.155+0000][69][safepoint   ] Safepoint "Cleanup", Time since last: 10005123789 ns, Reaching safepoint: 587566 ns, At safepoint: 26695 ns, Total: 614261 ns
[2023-03-15T03:53:44.436+0000][69][gc,start    ] GC(103) Pause Young (Concurrent Start) (G1 Evacuation Pause)
[2023-03-15T03:53:44.437+0000][69][gc,task     ] GC(103) Using 4 workers of 4 for evacuation
[2023-03-15T03:53:44.438+0000][69][gc,age      ] GC(103) Desired survivor size 6291456 bytes, new threshold 15 (max threshold 15)
[2023-03-15T03:53:44.443+0000][69][gc,phases   ] GC(103)   Pre Evacuate Collection Set: 0.3ms
[2023-03-15T03:53:44.444+0000][69][gc,phases   ] GC(103)   Merge Heap Roots: 0.2ms
[2023-03-15T03:53:44.445+0000][69][gc,phases   ] GC(103)   Evacuate Collection Set: 3.2ms
[2023-03-15T03:53:44.446+0000][69][gc,phases   ] GC(103)   Post Evacuate Collection Set: 1.0ms
[2023-03-15T03:53:44.447+0000][69][gc,phases   ] GC(103)   Other: 1.4ms
[2023-03-15T03:53:44.447+0000][69][gc,age      ] GC(103) Age table with threshold 15 (max threshold 15)
[2023-03-15T03:53:44.447+0000][69][gc,age      ] GC(103) - age   1:    1053776 bytes,    1053776 total
[2023-03-15T03:53:44.448+0000][69][gc,age      ] GC(103) - age   2:     153696 bytes,    1207472 total
[2023-03-15T03:53:44.449+0000][69][gc,age      ] GC(103) - age   3:     147864 bytes,    1355336 total
[2023-03-15T03:53:44.450+0000][69][gc,age      ] GC(103) - age   4:       4224 bytes,    1359560 total
[2023-03-15T03:53:44.450+0000][69][gc,age      ] GC(103) - age   5:      29544 bytes,    1389104 total
[2023-03-15T03:53:44.451+0000][69][gc,age      ] GC(103) - age   6:       4184 bytes,    1393288 total
[2023-03-15T03:53:44.452+0000][69][gc,age      ] GC(103) - age   7:       3488 bytes,    1396776 total
[2023-03-15T03:53:44.453+0000][69][gc,age      ] GC(103) - age   8:       6984 bytes,    1403760 total
[2023-03-15T03:53:44.453+0000][69][gc,age      ] GC(103) - age   9:        592 bytes,    1404352 total
[2023-03-15T03:53:44.453+0000][69][gc,age      ] GC(103) - age  10:        704 bytes,    1405056 total
[2023-03-15T03:53:44.454+0000][69][gc,age      ] GC(103) - age  11:       3152 bytes,    1408208 total
[2023-03-15T03:53:44.454+0000][69][gc,age      ] GC(103) - age  13:       4120 bytes,    1412328 total
[2023-03-15T03:53:44.455+0000][69][gc,age      ] GC(103) - age  14:      93920 bytes,    1506248 total
[2023-03-15T03:53:44.455+0000][69][gc,heap     ] GC(103) Eden regions: 23->0(23)
[2023-03-15T03:53:44.456+0000][69][gc,heap     ] GC(103) Survivor regions: 1->1(3)
[2023-03-15T03:53:44.456+0000][69][gc,heap     ] GC(103) Old regions: 25->25
[2023-03-15T03:53:44.457+0000][69][gc,heap     ] GC(103) Archive regions: 2->2
[2023-03-15T03:53:44.458+0000][69][gc,heap     ] GC(103) Humongous regions: 2->2
[2023-03-15T03:53:44.458+0000][69][gc,metaspace] GC(103) Metaspace: 140112K(143936K)->140112K(143936K) NonClass: 122102K(123840K)->122102K(123840K) Class: 18009K(20096K)->18009K(20096K)
[2023-03-15T03:53:44.459+0000][69][gc          ] GC(103) Pause Young (Concurrent Start) (G1 Evacuation Pause) 202M->110M(256M) 22.397ms
[2023-03-15T03:53:44.459+0000][69][gc,cpu      ] GC(103) User=0.01s Sys=0.00s Real=0.02s
[2023-03-15T03:53:44.460+0000][69][safepoint   ] Safepoint "G1CollectForAllocation", Time since last: 1280881728 ns, Reaching safepoint: 86852 ns, At safepoint: 23365970 ns, Total: 23452822 ns
[2023-03-15T03:53:44.459+0000][69][gc          ] GC(104) Concurrent Mark Cycle
[2023-03-15T03:53:44.461+0000][69][gc,marking  ] GC(104) Concurrent Clear Claimed Marks
[2023-03-15T03:53:44.462+0000][69][gc,marking  ] GC(104) Concurrent Clear Claimed Marks 0.786ms
[2023-03-15T03:53:44.462+0000][69][gc,marking  ] GC(104) Concurrent Scan Root Regions
[2023-03-15T03:53:44.465+0000][69][gc,marking  ] GC(104) Concurrent Scan Root Regions 3.050ms
[2023-03-15T03:53:44.466+0000][69][gc,marking  ] GC(104) Concurrent Mark
[2023-03-15T03:53:44.467+0000][69][gc,marking  ] GC(104) Concurrent Mark From Roots
[2023-03-15T03:53:44.469+0000][69][gc,task     ] GC(104) Using 1 workers of 1 for marking
[2023-03-15T03:53:44.584+0000][69][gc,marking  ] GC(104) Concurrent Mark From Roots 116.245ms
[2023-03-15T03:53:44.585+0000][69][gc,marking  ] GC(104) Concurrent Preclean
[2023-03-15T03:53:44.586+0000][69][gc,marking  ] GC(104) Concurrent Preclean 1.279ms
[2023-03-15T03:53:44.587+0000][69][gc,start    ] GC(104) Pause Remark
[2023-03-15T03:53:44.598+0000][69][gc          ] GC(104) Pause Remark 112M->112M(256M) 10.660ms
[2023-03-15T03:53:44.599+0000][69][gc,cpu      ] GC(104) User=0.03s Sys=0.00s Real=0.01s
[2023-03-15T03:53:44.600+0000][69][safepoint   ] Safepoint "G1PauseRemark", Time since last: 127597941 ns, Reaching safepoint: 112880 ns, At safepoint: 12179976 ns, Total: 12292856 ns
[2023-03-15T03:53:44.600+0000][69][gc,marking  ] GC(104) Concurrent Mark 134.338ms
[2023-03-15T03:53:44.601+0000][69][gc,marking  ] GC(104) Concurrent Rebuild Remembered Sets
[2023-03-15T03:53:44.661+0000][69][gc,marking  ] GC(104) Concurrent Rebuild Remembered Sets 59.887ms
[2023-03-15T03:53:44.662+0000][69][gc,start    ] GC(104) Pause Cleanup
[2023-03-15T03:53:44.664+0000][69][gc          ] GC(104) Pause Cleanup 113M->113M(256M) 1.350ms
[2023-03-15T03:53:44.665+0000][69][gc,cpu      ] GC(104) User=0.00s Sys=0.00s Real=0.01s
[2023-03-15T03:53:44.666+0000][69][safepoint   ] Safepoint "G1PauseCleanup", Time since last: 62617319 ns, Reaching safepoint: 187794 ns, At safepoint: 3580540 ns, Total: 3768334 ns
[2023-03-15T03:53:44.668+0000][69][gc,marking  ] GC(104) Concurrent Cleanup for Next Mark
[2023-03-15T03:53:44.669+0000][69][gc,marking  ] GC(104) Concurrent Cleanup for Next Mark 1.506ms
[2023-03-15T03:53:44.676+0000][69][gc          ] GC(104) Concurrent Mark Cycle 216.608ms
[2023-03-15T03:53:45.669+0000][69][safepoint   ] Safepoint "Cleanup", Time since last: 1003019628 ns, Reaching safepoint: 299685 ns, At safepoint: 83648 ns, Total: 383333 ns
[2023-03-15T03:53:47.655+0000][69][safepoint   ] Safepoint "Cleanup", Time since last: 2006807480 ns, Reaching safepoint: 531424 ns, At safepoint: 40270 ns, Total: 571694 ns
[2023-03-15T03:53:50.662+0000][69][safepoint   ] Safepoint "Cleanup", Time since last: 3006508284 ns, Reaching safepoint: 330861 ns, At safepoint: 10946 ns, Total: 341807 ns
[2023-03-15T03:53:53.667+0000][69][safepoint   ] Safepoint "Cleanup", Time since last: 3005109437 ns, Reaching safepoint: 529801 ns, At safepoint: 17500 ns, Total: 547301 ns
[2023-03-15T03:53:55.672+0000][69][safepoint   ] Safepoint "Cleanup", Time since last: 2004533102 ns, Reaching safepoint: 625450 ns, At safepoint: 45641 ns, Total: 671091 ns
[2023-03-15T03:53:56.679+0000][69][safepoint   ] Safepoint "Cleanup", Time since last: 1006547373 ns, Reaching safepoint: 230189 ns, At safepoint: 11644 ns, Total: 241833 ns
[2023-03-15T03:54:02.685+0000][69][safepoint   ] Safepoint "Cleanup", Time since last: 6005051941 ns, Reaching safepoint: 231713 ns, At safepoint: 68625 ns, Total: 300338 ns
[2023-03-15T03:54:03.687+0000][69][safepoint   ] Safepoint "Cleanup", Time since last: 1002209388 ns, Reaching safepoint: 190708 ns, At safepoint: 5121 ns, Total: 195829 ns
[2023-03-15T03:54:05.691+0000][69][safepoint   ] Safepoint "Cleanup", Time since last: 2002703723 ns, Reaching safepoint: 811902 ns, At safepoint: 34981 ns, Total: 846883 ns
[2023-03-15T03:54:08.698+0000][69][safepoint   ] Safepoint "Cleanup", Time since last: 3006688051 ns, Reaching safepoint: 419641 ns, At safepoint: 12555 ns, Total: 432196 ns
[2023-03-15T03:54:09.407+0000][69][gc,start    ] GC(105) Pause Young (Normal) (G1 Evacuation Pause)
[2023-03-15T03:54:09.407+0000][69][gc,task     ] GC(105) Using 4 workers of 4 for evacuation
[2023-03-15T03:54:09.408+0000][69][gc,age      ] GC(105) Desired survivor size 6291456 bytes, new threshold 15 (max threshold 15)
[2023-03-15T03:54:09.411+0000][69][gc,phases   ] GC(105)   Pre Evacuate Collection Set: 0.1ms
[2023-03-15T03:54:09.411+0000][69][gc,phases   ] GC(105)   Merge Heap Roots: 0.1ms
[2023-03-15T03:54:09.412+0000][69][gc,phases   ] GC(105)   Evacuate Collection Set: 1.5ms
[2023-03-15T03:54:09.413+0000][69][gc,phases   ] GC(105)   Post Evacuate Collection Set: 0.7ms
[2023-03-15T03:54:09.413+0000][69][gc,phases   ] GC(105)   Other: 1.0ms
[2023-03-15T03:54:09.413+0000][69][gc,age      ] GC(105) Age table with threshold 15 (max threshold 15)
[2023-03-15T03:54:09.414+0000][69][gc,age      ] GC(105) - age   1:    1083456 bytes,    1083456 total
[2023-03-15T03:54:09.414+0000][69][gc,age      ] GC(105) - age   2:     439584 bytes,    1523040 total
[2023-03-15T03:54:09.415+0000][69][gc,age      ] GC(105) - age   3:     116432 bytes,    1639472 total
[2023-03-15T03:54:09.416+0000][69][gc,age      ] GC(105) - age   4:      13144 bytes,    1652616 total
[2023-03-15T03:54:09.416+0000][69][gc,age      ] GC(105) - age   5:       4224 bytes,    1656840 total
[2023-03-15T03:54:09.417+0000][69][gc,age      ] GC(105) - age   6:      29304 bytes,    1686144 total
[2023-03-15T03:54:09.417+0000][69][gc,age      ] GC(105) - age   7:       2648 bytes,    1688792 total
[2023-03-15T03:54:09.418+0000][69][gc,age      ] GC(105) - age   8:       3488 bytes,    1692280 total
[2023-03-15T03:54:09.418+0000][69][gc,age      ] GC(105) - age   9:       6984 bytes,    1699264 total
[2023-03-15T03:54:09.419+0000][69][gc,age      ] GC(105) - age  10:        592 bytes,    1699856 total
[2023-03-15T03:54:09.419+0000][69][gc,age      ] GC(105) - age  11:        704 bytes,    1700560 total
[2023-03-15T03:54:09.420+0000][69][gc,age      ] GC(105) - age  12:       3152 bytes,    1703712 total
[2023-03-15T03:54:09.420+0000][69][gc,age      ] GC(105) - age  14:       4120 bytes,    1707832 total
[2023-03-15T03:54:09.421+0000][69][gc,age      ] GC(105) - age  15:      93904 bytes,    1801736 total
[2023-03-15T03:54:09.421+0000][69][gc,heap     ] GC(105) Eden regions: 23->0(23)
[2023-03-15T03:54:09.422+0000][69][gc,heap     ] GC(105) Survivor regions: 1->1(3)
[2023-03-15T03:54:09.422+0000][69][gc,heap     ] GC(105) Old regions: 25->25
[2023-03-15T03:54:09.423+0000][69][gc,heap     ] GC(105) Archive regions: 2->2
[2023-03-15T03:54:09.423+0000][69][gc,heap     ] GC(105) Humongous regions: 2->2
[2023-03-15T03:54:09.423+0000][69][gc,metaspace] GC(105) Metaspace: 140133K(143936K)->140133K(143936K) NonClass: 122123K(123840K)->122123K(123840K) Class: 18009K(20096K)->18009K(20096K)
[2023-03-15T03:54:09.424+0000][69][gc          ] GC(105) Pause Young (Normal) (G1 Evacuation Pause) 202M->111M(256M) 17.364ms
[2023-03-15T03:54:09.424+0000][69][gc,cpu      ] GC(105) User=0.01s Sys=0.01s Real=0.02s
[2023-03-15T03:54:09.425+0000][69][safepoint   ] Safepoint "G1CollectForAllocation", Time since last: 708715594 ns, Reaching safepoint: 154273 ns, At safepoint: 18378670 ns, Total: 18532943 ns
[2023-03-15T03:54:15.433+0000][69][safepoint   ] Safepoint "Cleanup", Time since last: 6008094526 ns, Reaching safepoint: 389394 ns, At safepoint: 11237 ns, Total: 400631 ns
[2023-03-15T03:54:16.437+0000][69][safepoint   ] Safepoint "Cleanup", Time since last: 1003482984 ns, Reaching safepoint: 434394 ns, At safepoint: 14249 ns, Total: 448643 ns
[2023-03-15T03:54:20.425+0000][69][safepoint   ] Safepoint "Cleanup", Time since last: 4008858056 ns, Reaching safepoint: 676086 ns, At safepoint: 131535 ns, Total: 807621 ns
[2023-03-15T03:54:21.434+0000][69][safepoint   ] Safepoint "Cleanup", Time since last: 1008225984 ns, Reaching safepoint: 244577 ns, At safepoint: 9837 ns, Total: 254414 ns
[2023-03-15T03:54:25.440+0000][69][safepoint   ] Safepoint "Cleanup", Time since last: 4005855986 ns, Reaching safepoint: 321757 ns, At safepoint: 9382 ns, Total: 331139 ns
[2023-03-15T03:54:26.443+0000][69][safepoint   ] Safepoint "Cleanup", Time since last: 1002841117 ns, Reaching safepoint: 76078 ns, At safepoint: 5090 ns, Total: 81168 ns
[2023-03-15T03:54:38.453+0000][69][safepoint   ] Safepoint "Cleanup", Time since last: 12009793950 ns, Reaching safepoint: 196535 ns, At safepoint: 9551 ns, Total: 206086 ns
[2023-03-15T03:54:39.203+0000][69][gc,start    ] GC(106) Pause Young (Concurrent Start) (G1 Evacuation Pause)
[2023-03-15T03:54:39.204+0000][69][gc,task     ] GC(106) Using 4 workers of 4 for evacuation
[2023-03-15T03:54:39.204+0000][69][gc,age      ] GC(106) Desired survivor size 6291456 bytes, new threshold 15 (max threshold 15)
[2023-03-15T03:54:39.209+0000][69][gc,phases   ] GC(106)   Pre Evacuate Collection Set: 0.3ms
[2023-03-15T03:54:39.210+0000][69][gc,phases   ] GC(106)   Merge Heap Roots: 0.0ms
[2023-03-15T03:54:39.210+0000][69][gc,phases   ] GC(106)   Evacuate Collection Set: 3.4ms
[2023-03-15T03:54:39.211+0000][69][gc,phases   ] GC(106)   Post Evacuate Collection Set: 0.7ms
[2023-03-15T03:54:39.211+0000][69][gc,phases   ] GC(106)   Other: 1.1ms
[2023-03-15T03:54:39.212+0000][69][gc,age      ] GC(106) Age table with threshold 15 (max threshold 15)
[2023-03-15T03:54:39.212+0000][69][gc,age      ] GC(106) - age   1:    1360592 bytes,    1360592 total
[2023-03-15T03:54:39.213+0000][69][gc,age      ] GC(106) - age   2:     168576 bytes,    1529168 total
[2023-03-15T03:54:39.214+0000][69][gc,age      ] GC(106) - age   3:     306104 bytes,    1835272 total
[2023-03-15T03:54:39.214+0000][69][gc,age      ] GC(106) - age   4:     116176 bytes,    1951448 total
[2023-03-15T03:54:39.215+0000][69][gc,age      ] GC(106) - age   5:      13056 bytes,    1964504 total
[2023-03-15T03:54:39.215+0000][69][gc,age      ] GC(106) - age   6:       4224 bytes,    1968728 total
[2023-03-15T03:54:39.216+0000][69][gc,age      ] GC(106) - age   7:      29008 bytes,    1997736 total
[2023-03-15T03:54:39.216+0000][69][gc,age      ] GC(106) - age   8:       2648 bytes,    2000384 total
[2023-03-15T03:54:39.217+0000][69][gc,age      ] GC(106) - age   9:       3488 bytes,    2003872 total
[2023-03-15T03:54:39.217+0000][69][gc,age      ] GC(106) - age  10:       6984 bytes,    2010856 total
[2023-03-15T03:54:39.218+0000][69][gc,age      ] GC(106) - age  11:        592 bytes,    2011448 total
[2023-03-15T03:54:39.218+0000][69][gc,age      ] GC(106) - age  12:        704 bytes,    2012152 total
[2023-03-15T03:54:39.218+0000][69][gc,age      ] GC(106) - age  13:       3152 bytes,    2015304 total
[2023-03-15T03:54:39.219+0000][69][gc,age      ] GC(106) - age  15:       4120 bytes,    2019424 total
[2023-03-15T03:54:39.219+0000][69][gc,heap     ] GC(106) Eden regions: 23->0(23)
[2023-03-15T03:54:39.220+0000][69][gc,heap     ] GC(106) Survivor regions: 1->1(3)
[2023-03-15T03:54:39.220+0000][69][gc,heap     ] GC(106) Old regions: 25->25
[2023-03-15T03:54:39.221+0000][69][gc,heap     ] GC(106) Archive regions: 2->2
[2023-03-15T03:54:39.221+0000][69][gc,heap     ] GC(106) Humongous regions: 2->2
[2023-03-15T03:54:39.221+0000][69][gc,metaspace] GC(106) Metaspace: 140136K(143936K)->140136K(143936K) NonClass: 122126K(123840K)->122126K(123840K) Class: 18009K(20096K)->18009K(20096K)
[2023-03-15T03:54:39.222+0000][69][gc          ] GC(106) Pause Young (Concurrent Start) (G1 Evacuation Pause) 203M->111M(256M) 18.678ms
[2023-03-15T03:54:39.222+0000][69][gc,cpu      ] GC(106) User=0.01s Sys=0.00s Real=0.02s
[2023-03-15T03:54:39.223+0000][69][safepoint   ] Safepoint "G1CollectForAllocation", Time since last: 750246756 ns, Reaching safepoint: 37155 ns, At safepoint: 19782089 ns, Total: 19819244 ns
[2023-03-15T03:54:39.222+0000][69][gc          ] GC(107) Concurrent Mark Cycle
[2023-03-15T03:54:39.224+0000][69][gc,marking  ] GC(107) Concurrent Clear Claimed Marks
[2023-03-15T03:54:39.225+0000][69][gc,marking  ] GC(107) Concurrent Clear Claimed Marks 0.859ms
[2023-03-15T03:54:39.225+0000][69][gc,marking  ] GC(107) Concurrent Scan Root Regions
[2023-03-15T03:54:39.228+0000][69][gc,marking  ] GC(107) Concurrent Scan Root Regions 2.409ms
[2023-03-15T03:54:39.228+0000][69][gc,marking  ] GC(107) Concurrent Mark
[2023-03-15T03:54:39.229+0000][69][gc,marking  ] GC(107) Concurrent Mark From Roots
[2023-03-15T03:54:39.229+0000][69][gc,task     ] GC(107) Using 1 workers of 1 for marking
[2023-03-15T03:54:39.333+0000][69][gc,marking  ] GC(107) Concurrent Mark From Roots 104.085ms
[2023-03-15T03:54:39.334+0000][69][gc,marking  ] GC(107) Concurrent Preclean
[2023-03-15T03:54:39.336+0000][69][gc,marking  ] GC(107) Concurrent Preclean 1.751ms
[2023-03-15T03:54:39.337+0000][69][gc,start    ] GC(107) Pause Remark
[2023-03-15T03:54:39.358+0000][69][gc          ] GC(107) Pause Remark 111M->111M(256M) 20.223ms
[2023-03-15T03:54:39.360+0000][69][gc,cpu      ] GC(107) User=0.04s Sys=0.00s Real=0.02s
[2023-03-15T03:54:39.362+0000][69][safepoint   ] Safepoint "G1PauseRemark", Time since last: 114325292 ns, Reaching safepoint: 62495 ns, At safepoint: 24572062 ns, Total: 24634557 ns
[2023-03-15T03:54:39.365+0000][69][gc,marking  ] GC(107) Concurrent Mark 137.011ms
[2023-03-15T03:54:39.370+0000][69][gc,marking  ] GC(107) Concurrent Rebuild Remembered Sets
[2023-03-15T03:54:39.454+0000][69][gc,marking  ] GC(107) Concurrent Rebuild Remembered Sets 83.984ms
[2023-03-15T03:54:39.455+0000][69][gc,start    ] GC(107) Pause Cleanup
[2023-03-15T03:54:39.458+0000][69][gc          ] GC(107) Pause Cleanup 111M->111M(256M) 2.566ms
[2023-03-15T03:54:39.459+0000][69][gc,cpu      ] GC(107) User=0.00s Sys=0.00s Real=0.00s
[2023-03-15T03:54:39.460+0000][69][safepoint   ] Safepoint "G1PauseCleanup", Time since last: 93030212 ns, Reaching safepoint: 252059 ns, At safepoint: 4752230 ns, Total: 5004289 ns
[2023-03-15T03:54:39.461+0000][69][gc,marking  ] GC(107) Concurrent Cleanup for Next Mark
[2023-03-15T03:54:39.463+0000][69][gc,marking  ] GC(107) Concurrent Cleanup for Next Mark 2.560ms
[2023-03-15T03:54:39.465+0000][69][gc          ] GC(107) Concurrent Mark Cycle 243.050ms
[2023-03-15T03:54:45.465+0000][69][safepoint   ] Safepoint "Cleanup", Time since last: 6005214791 ns, Reaching safepoint: 97631 ns, At safepoint: 14760 ns, Total: 112391 ns
[2023-03-15T03:54:47.468+0000][69][safepoint   ] Safepoint "Cleanup", Time since last: 2002911848 ns, Reaching safepoint: 210352 ns, At safepoint: 3235 ns, Total: 213587 ns
[2023-03-15T03:54:48.448+0000][69][safepoint   ] Safepoint "Cleanup", Time since last: 1001782001 ns, Reaching safepoint: 334082 ns, At safepoint: 11220 ns, Total: 345302 ns
[2023-03-15T03:54:50.453+0000][69][safepoint   ] Safepoint "Cleanup", Time since last: 2004378807 ns, Reaching safepoint: 287435 ns, At safepoint: 31470 ns, Total: 318905 ns
[2023-03-15T03:54:53.990+0000][69][safepoint   ] Safepoint "Cleanup", Time since last: 3536204548 ns, Reaching safepoint: 850912 ns, At safepoint: 28268 ns, Total: 879180 ns
[2023-03-15T03:54:55.995+0000][69][safepoint   ] Safepoint "Cleanup", Time since last: 2005074146 ns, Reaching safepoint: 186654 ns, At safepoint: 5131 ns, Total: 191785 ns
[2023-03-15T03:54:56.997+0000][69][safepoint   ] Safepoint "Cleanup", Time since last: 1001707442 ns, Reaching safepoint: 152131 ns, At safepoint: 6208 ns, Total: 158339 ns
[2023-03-15T03:54:57.999+0000][69][safepoint   ] Safepoint "Cleanup", Time since last: 1001002435 ns, Reaching safepoint: 559635 ns, At safepoint: 25069 ns, Total: 584704 ns
[2023-03-15T03:55:00.002+0000][69][safepoint   ] Safepoint "Cleanup", Time since last: 2003199400 ns, Reaching safepoint: 330687 ns, At safepoint: 8437 ns, Total: 339124 ns
[2023-03-15T03:55:03.007+0000][69][safepoint   ] Safepoint "Cleanup", Time since last: 3003983789 ns, Reaching safepoint: 986702 ns, At safepoint: 53888 ns, Total: 1040590 ns
[2023-03-15T03:55:04.012+0000][69][safepoint   ] Safepoint "Cleanup", Time since last: 1004221025 ns, Reaching safepoint: 341607 ns, At safepoint: 20900 ns, Total: 362507 ns
[2023-03-15T03:55:05.017+0000][69][safepoint   ] Safepoint "Cleanup", Time since last: 1004176639 ns, Reaching safepoint: 365002 ns, At safepoint: 13328 ns, Total: 378330 ns
[2023-03-15T03:55:08.358+0000][69][gc,start    ] GC(108) Pause Young (Normal) (G1 Evacuation Pause)
[2023-03-15T03:55:08.359+0000][69][gc,task     ] GC(108) Using 4 workers of 4 for evacuation
[2023-03-15T03:55:08.360+0000][69][gc,age      ] GC(108) Desired survivor size 6291456 bytes, new threshold 15 (max threshold 15)
[2023-03-15T03:55:08.365+0000][69][gc,phases   ] GC(108)   Pre Evacuate Collection Set: 0.1ms
[2023-03-15T03:55:08.365+0000][69][gc,phases   ] GC(108)   Merge Heap Roots: 0.0ms
[2023-03-15T03:55:08.366+0000][69][gc,phases   ] GC(108)   Evacuate Collection Set: 2.8ms
[2023-03-15T03:55:08.366+0000][69][gc,phases   ] GC(108)   Post Evacuate Collection Set: 1.1ms
[2023-03-15T03:55:08.367+0000][69][gc,phases   ] GC(108)   Other: 1.4ms
[2023-03-15T03:55:08.367+0000][69][gc,age      ] GC(108) Age table with threshold 15 (max threshold 15)
[2023-03-15T03:55:08.368+0000][69][gc,age      ] GC(108) - age   1:    1270736 bytes,    1270736 total
[2023-03-15T03:55:08.368+0000][69][gc,age      ] GC(108) - age   2:     143776 bytes,    1414512 total
[2023-03-15T03:55:08.369+0000][69][gc,age      ] GC(108) - age   3:      13960 bytes,    1428472 total
[2023-03-15T03:55:08.369+0000][69][gc,age      ] GC(108) - age   4:     305416 bytes,    1733888 total
[2023-03-15T03:55:08.370+0000][69][gc,age      ] GC(108) - age   5:     112440 bytes,    1846328 total
[2023-03-15T03:55:08.371+0000][69][gc,age      ] GC(108) - age   6:      13056 bytes,    1859384 total
[2023-03-15T03:55:08.372+0000][69][gc,age      ] GC(108) - age   7:       4224 bytes,    1863608 total
[2023-03-15T03:55:08.373+0000][69][gc,age      ] GC(108) - age   8:      29008 bytes,    1892616 total
[2023-03-15T03:55:08.373+0000][69][gc,age      ] GC(108) - age   9:       2648 bytes,    1895264 total
[2023-03-15T03:55:08.374+0000][69][gc,age      ] GC(108) - age  10:       3488 bytes,    1898752 total
[2023-03-15T03:55:08.374+0000][69][gc,age      ] GC(108) - age  11:       6984 bytes,    1905736 total
[2023-03-15T03:55:08.374+0000][69][gc,age      ] GC(108) - age  12:        592 bytes,    1906328 total
[2023-03-15T03:55:08.375+0000][69][gc,age      ] GC(108) - age  13:        704 bytes,    1907032 total
[2023-03-15T03:55:08.375+0000][69][gc,age      ] GC(108) - age  14:       3152 bytes,    1910184 total
[2023-03-15T03:55:08.376+0000][69][gc,heap     ] GC(108) Eden regions: 23->0(23)
[2023-03-15T03:55:08.376+0000][69][gc,heap     ] GC(108) Survivor regions: 1->1(3)
[2023-03-15T03:55:08.377+0000][69][gc,heap     ] GC(108) Old regions: 25->25
[2023-03-15T03:55:08.377+0000][69][gc,heap     ] GC(108) Archive regions: 2->2
[2023-03-15T03:55:08.378+0000][69][gc,heap     ] GC(108) Humongous regions: 2->2
[2023-03-15T03:55:08.378+0000][69][gc,metaspace] GC(108) Metaspace: 140157K(143936K)->140157K(143936K) NonClass: 122147K(123840K)->122147K(123840K) Class: 18009K(20096K)->18009K(20096K)
[2023-03-15T03:55:08.379+0000][69][gc          ] GC(108) Pause Young (Normal) (G1 Evacuation Pause) 203M->111M(256M) 20.485ms
[2023-03-15T03:55:08.379+0000][69][gc,cpu      ] GC(108) User=0.01s Sys=0.00s Real=0.02s
[2023-03-15T03:55:08.380+0000][69][safepoint   ] Safepoint "G1CollectForAllocation", Time since last: 3341777869 ns, Reaching safepoint: 65162 ns, At safepoint: 21703773 ns, Total: 21768935 ns
[2023-03-15T03:55:09.382+0000][69][safepoint   ] Safepoint "Cleanup", Time since last: 1001412430 ns, Reaching safepoint: 312151 ns, At safepoint: 19038 ns, Total: 331189 ns
[2023-03-15T03:55:10.383+0000][69][safepoint   ] Safepoint "Cleanup", Time since last: 1001512752 ns, Reaching safepoint: 120523 ns, At safepoint: 3501 ns, Total: 124024 ns
[2023-03-15T03:55:14.388+0000][69][safepoint   ] Safepoint "Cleanup", Time since last: 4004183072 ns, Reaching safepoint: 203968 ns, At safepoint: 10980 ns, Total: 214948 ns
[2023-03-15T03:55:23.372+0000][69][safepoint   ] Safepoint "Cleanup", Time since last: 9006253391 ns, Reaching safepoint: 174438 ns, At safepoint: 9893 ns, Total: 184331 ns
[2023-03-15T03:55:25.375+0000][69][safepoint   ] Safepoint "Cleanup", Time since last: 2002554968 ns, Reaching safepoint: 337657 ns, At safepoint: 15135 ns, Total: 352792 ns
[2023-03-15T03:55:28.380+0000][69][safepoint   ] Safepoint "Cleanup", Time since last: 3004436884 ns, Reaching safepoint: 242979 ns, At safepoint: 11605 ns, Total: 254584 ns
[2023-03-15T03:55:29.384+0000][69][safepoint   ] Safepoint "Cleanup", Time since last: 1004140662 ns, Reaching safepoint: 87267 ns, At safepoint: 6382 ns, Total: 93649 ns
[2023-03-15T03:55:32.389+0000][69][safepoint   ] Safepoint "Cleanup", Time since last: 3004475930 ns, Reaching safepoint: 119954 ns, At safepoint: 16509 ns, Total: 136463 ns
[2023-03-15T03:55:34.391+0000][69][safepoint   ] Safepoint "Cleanup", Time since last: 2001726513 ns, Reaching safepoint: 144848 ns, At safepoint: 4592 ns, Total: 149440 ns
[2023-03-15T03:55:38.047+0000][69][gc,start    ] GC(109) Pause Young (Concurrent Start) (G1 Evacuation Pause)
[2023-03-15T03:55:38.049+0000][69][gc,task     ] GC(109) Using 4 workers of 4 for evacuation
[2023-03-15T03:55:38.051+0000][69][gc,age      ] GC(109) Desired survivor size 6291456 bytes, new threshold 15 (max threshold 15)
[2023-03-15T03:55:38.057+0000][69][gc,phases   ] GC(109)   Pre Evacuate Collection Set: 0.6ms
[2023-03-15T03:55:38.059+0000][69][gc,phases   ] GC(109)   Merge Heap Roots: 0.1ms
[2023-03-15T03:55:38.060+0000][69][gc,phases   ] GC(109)   Evacuate Collection Set: 2.4ms
[2023-03-15T03:55:38.061+0000][69][gc,phases   ] GC(109)   Post Evacuate Collection Set: 1.6ms
[2023-03-15T03:55:38.062+0000][69][gc,phases   ] GC(109)   Other: 3.2ms
[2023-03-15T03:55:38.063+0000][69][gc,age      ] GC(109) Age table with threshold 15 (max threshold 15)
[2023-03-15T03:55:38.064+0000][69][gc,age      ] GC(109) - age   1:     216464 bytes,     216464 total
[2023-03-15T03:55:38.065+0000][69][gc,age      ] GC(109) - age   2:     156960 bytes,     373424 total
[2023-03-15T03:55:38.066+0000][69][gc,age      ] GC(109) - age   3:       5288 bytes,     378712 total
[2023-03-15T03:55:38.066+0000][69][gc,age      ] GC(109) - age   4:      13640 bytes,     392352 total
[2023-03-15T03:55:38.067+0000][69][gc,age      ] GC(109) - age   5:     305288 bytes,     697640 total
[2023-03-15T03:55:38.067+0000][69][gc,age      ] GC(109) - age   6:     112440 bytes,     810080 total
[2023-03-15T03:55:38.068+0000][69][gc,age      ] GC(109) - age   7:       9280 bytes,     819360 total
[2023-03-15T03:55:38.069+0000][69][gc,age      ] GC(109) - age   8:       3928 bytes,     823288 total
[2023-03-15T03:55:38.070+0000][69][gc,age      ] GC(109) - age   9:      28976 bytes,     852264 total
[2023-03-15T03:55:38.070+0000][69][gc,age      ] GC(109) - age  10:       2648 bytes,     854912 total
[2023-03-15T03:55:38.071+0000][69][gc,age      ] GC(109) - age  11:       3488 bytes,     858400 total
[2023-03-15T03:55:38.072+0000][69][gc,age      ] GC(109) - age  12:       6984 bytes,     865384 total
[2023-03-15T03:55:38.073+0000][69][gc,age      ] GC(109) - age  13:        592 bytes,     865976 total
[2023-03-15T03:55:38.073+0000][69][gc,age      ] GC(109) - age  14:        704 bytes,     866680 total
[2023-03-15T03:55:38.074+0000][69][gc,age      ] GC(109) - age  15:       3152 bytes,     869832 total
[2023-03-15T03:55:38.074+0000][69][gc,heap     ] GC(109) Eden regions: 23->0(23)
[2023-03-15T03:55:38.075+0000][69][gc,heap     ] GC(109) Survivor regions: 1->1(3)
[2023-03-15T03:55:38.076+0000][69][gc,heap     ] GC(109) Old regions: 25->25
[2023-03-15T03:55:38.077+0000][69][gc,heap     ] GC(109) Archive regions: 2->2
[2023-03-15T03:55:38.077+0000][69][gc,heap     ] GC(109) Humongous regions: 2->2
[2023-03-15T03:55:38.078+0000][69][gc,metaspace] GC(109) Metaspace: 140167K(143936K)->140167K(143936K) NonClass: 122158K(123840K)->122158K(123840K) Class: 18009K(20096K)->18009K(20096K)
[2023-03-15T03:55:38.078+0000][69][gc          ] GC(109) Pause Young (Concurrent Start) (G1 Evacuation Pause) 203M->110M(256M) 30.902ms
[2023-03-15T03:55:38.079+0000][69][gc          ] GC(110) Concurrent Mark Cycle
[2023-03-15T03:55:38.080+0000][69][gc,marking  ] GC(110) Concurrent Clear Claimed Marks
[2023-03-15T03:55:38.081+0000][69][gc,marking  ] GC(110) Concurrent Clear Claimed Marks 0.991ms
[2023-03-15T03:55:38.081+0000][69][gc,marking  ] GC(110) Concurrent Scan Root Regions
[2023-03-15T03:55:38.079+0000][69][gc,cpu      ] GC(109) User=0.01s Sys=0.01s Real=0.03s
[2023-03-15T03:55:38.084+0000][69][gc,marking  ] GC(110) Concurrent Scan Root Regions 2.715ms
[2023-03-15T03:55:38.085+0000][69][gc,marking  ] GC(110) Concurrent Mark
[2023-03-15T03:55:38.086+0000][69][gc,marking  ] GC(110) Concurrent Mark From Roots
[2023-03-15T03:55:38.085+0000][69][safepoint   ] Safepoint "G1CollectForAllocation", Time since last: 3656409963 ns, Reaching safepoint: 347964 ns, At safepoint: 37440004 ns, Total: 37787968 ns
[2023-03-15T03:55:38.086+0000][69][gc,task     ] GC(110) Using 1 workers of 1 for marking
[2023-03-15T03:55:38.222+0000][69][gc,marking  ] GC(110) Concurrent Mark From Roots 135.972ms
[2023-03-15T03:55:38.222+0000][69][gc,marking  ] GC(110) Concurrent Preclean
[2023-03-15T03:55:38.223+0000][69][gc,marking  ] GC(110) Concurrent Preclean 0.820ms
[2023-03-15T03:55:38.224+0000][69][gc,start    ] GC(110) Pause Remark
[2023-03-15T03:55:38.233+0000][69][gc          ] GC(110) Pause Remark 113M->113M(256M) 8.797ms
[2023-03-15T03:55:38.234+0000][69][gc,cpu      ] GC(110) User=0.02s Sys=0.00s Real=0.01s
[2023-03-15T03:55:38.234+0000][69][safepoint   ] Safepoint "G1PauseRemark", Time since last: 138903012 ns, Reaching safepoint: 98247 ns, At safepoint: 10486555 ns, Total: 10584802 ns
[2023-03-15T03:55:38.235+0000][69][gc,marking  ] GC(110) Concurrent Mark 150.034ms
[2023-03-15T03:55:38.236+0000][69][gc,marking  ] GC(110) Concurrent Rebuild Remembered Sets
[2023-03-15T03:55:38.291+0000][69][gc,marking  ] GC(110) Concurrent Rebuild Remembered Sets 54.553ms
[2023-03-15T03:55:38.292+0000][69][gc,start    ] GC(110) Pause Cleanup
[2023-03-15T03:55:38.293+0000][69][gc          ] GC(110) Pause Cleanup 114M->114M(256M) 0.696ms
[2023-03-15T03:55:38.293+0000][69][gc,cpu      ] GC(110) User=0.00s Sys=0.00s Real=0.00s
[2023-03-15T03:55:38.294+0000][69][safepoint   ] Safepoint "G1PauseCleanup", Time since last: 57393845 ns, Reaching safepoint: 82457 ns, At safepoint: 2390558 ns, Total: 2473015 ns
[2023-03-15T03:55:38.295+0000][69][gc,marking  ] GC(110) Concurrent Cleanup for Next Mark
[2023-03-15T03:55:38.296+0000][69][gc,marking  ] GC(110) Concurrent Cleanup for Next Mark 0.618ms
[2023-03-15T03:55:38.296+0000][69][gc          ] GC(110) Concurrent Mark Cycle 216.940ms
[2023-03-15T03:55:45.299+0000][69][safepoint   ] Safepoint "Cleanup", Time since last: 7004126629 ns, Reaching safepoint: 184453 ns, At safepoint: 8860 ns, Total: 193313 ns
[2023-03-15T03:55:47.303+0000][69][safepoint   ] Safepoint "Cleanup", Time since last: 2003891517 ns, Reaching safepoint: 533055 ns, At safepoint: 17355 ns, Total: 550410 ns
[2023-03-15T03:55:53.293+0000][69][safepoint   ] Safepoint "Cleanup", Time since last: 6011050676 ns, Reaching safepoint: 590579 ns, At safepoint: 15532 ns, Total: 606111 ns
[2023-03-15T03:55:59.300+0000][69][safepoint   ] Safepoint "Cleanup", Time since last: 6006912519 ns, Reaching safepoint: 196580 ns, At safepoint: 6310 ns, Total: 202890 ns
[2023-03-15T03:56:02.302+0000][69][safepoint   ] Safepoint "Cleanup", Time since last: 3001501924 ns, Reaching safepoint: 132213 ns, At safepoint: 4287 ns, Total: 136500 ns
[2023-03-15T03:56:02.343+0000][69][gc,start    ] GC(111) Pause Young (Normal) (G1 Evacuation Pause)
[2023-03-15T03:56:02.343+0000][69][gc,task     ] GC(111) Using 4 workers of 4 for evacuation
[2023-03-15T03:56:02.344+0000][69][gc,age      ] GC(111) Desired survivor size 6291456 bytes, new threshold 15 (max threshold 15)
[2023-03-15T03:56:02.347+0000][69][gc,phases   ] GC(111)   Pre Evacuate Collection Set: 0.1ms
[2023-03-15T03:56:02.347+0000][69][gc,phases   ] GC(111)   Merge Heap Roots: 0.1ms
[2023-03-15T03:56:02.348+0000][69][gc,phases   ] GC(111)   Evacuate Collection Set: 1.6ms
[2023-03-15T03:56:02.348+0000][69][gc,phases   ] GC(111)   Post Evacuate Collection Set: 0.9ms
[2023-03-15T03:56:02.349+0000][69][gc,phases   ] GC(111)   Other: 0.8ms
[2023-03-15T03:56:02.349+0000][69][gc,age      ] GC(111) Age table with threshold 15 (max threshold 15)
[2023-03-15T03:56:02.349+0000][69][gc,age      ] GC(111) - age   1:     877304 bytes,     877304 total
[2023-03-15T03:56:02.350+0000][69][gc,age      ] GC(111) - age   2:     124344 bytes,    1001648 total
[2023-03-15T03:56:02.350+0000][69][gc,age      ] GC(111) - age   3:       1928 bytes,    1003576 total
[2023-03-15T03:56:02.350+0000][69][gc,age      ] GC(111) - age   4:       5096 bytes,    1008672 total
[2023-03-15T03:56:02.351+0000][69][gc,age      ] GC(111) - age   5:      13136 bytes,    1021808 total
[2023-03-15T03:56:02.351+0000][69][gc,age      ] GC(111) - age   6:     305288 bytes,    1327096 total
[2023-03-15T03:56:02.351+0000][69][gc,age      ] GC(111) - age   7:     112312 bytes,    1439408 total
[2023-03-15T03:56:02.352+0000][69][gc,age      ] GC(111) - age   8:       9280 bytes,    1448688 total
[2023-03-15T03:56:02.352+0000][69][gc,age      ] GC(111) - age   9:       3928 bytes,    1452616 total
[2023-03-15T03:56:02.353+0000][69][gc,age      ] GC(111) - age  10:      28792 bytes,    1481408 total
[2023-03-15T03:56:02.353+0000][69][gc,age      ] GC(111) - age  11:       2648 bytes,    1484056 total
[2023-03-15T03:56:02.354+0000][69][gc,age      ] GC(111) - age  12:       3488 bytes,    1487544 total
[2023-03-15T03:56:02.354+0000][69][gc,age      ] GC(111) - age  13:       6984 bytes,    1494528 total
[2023-03-15T03:56:02.354+0000][69][gc,age      ] GC(111) - age  14:        592 bytes,    1495120 total
[2023-03-15T03:56:02.355+0000][69][gc,age      ] GC(111) - age  15:        704 bytes,    1495824 total
[2023-03-15T03:56:02.355+0000][69][gc,heap     ] GC(111) Eden regions: 23->0(23)
[2023-03-15T03:56:02.355+0000][69][gc,heap     ] GC(111) Survivor regions: 1->1(3)
[2023-03-15T03:56:02.356+0000][69][gc,heap     ] GC(111) Old regions: 25->25
[2023-03-15T03:56:02.356+0000][69][gc,heap     ] GC(111) Archive regions: 2->2
[2023-03-15T03:56:02.356+0000][69][gc,heap     ] GC(111) Humongous regions: 2->2
[2023-03-15T03:56:02.357+0000][69][gc,metaspace] GC(111) Metaspace: 140181K(143936K)->140181K(143936K) NonClass: 122172K(123840K)->122172K(123840K) Class: 18009K(20096K)->18009K(20096K)
[2023-03-15T03:56:02.357+0000][69][gc          ] GC(111) Pause Young (Normal) (G1 Evacuation Pause) 202M->110M(256M) 14.606ms
[2023-03-15T03:56:02.358+0000][69][gc,cpu      ] GC(111) User=0.00s Sys=0.00s Real=0.02s
[2023-03-15T03:56:02.358+0000][69][safepoint   ] Safepoint "G1CollectForAllocation", Time since last: 40635830 ns, Reaching safepoint: 117720 ns, At safepoint: 15468129 ns, Total: 15585849 ns
[2023-03-15T03:56:05.362+0000][69][safepoint   ] Safepoint "Cleanup", Time since last: 3002545259 ns, Reaching safepoint: 1069937 ns, At safepoint: 20796 ns, Total: 1090733 ns
[2023-03-15T03:56:11.370+0000][69][safepoint   ] Safepoint "Cleanup", Time since last: 6007844857 ns, Reaching safepoint: 375830 ns, At safepoint: 12524 ns, Total: 388354 ns
[2023-03-15T03:56:14.374+0000][69][safepoint   ] Safepoint "Cleanup", Time since last: 3003731018 ns, Reaching safepoint: 248793 ns, At safepoint: 34929 ns, Total: 283722 ns
[2023-03-15T03:56:15.376+0000][69][safepoint   ] Safepoint "Cleanup", Time since last: 1002336154 ns, Reaching safepoint: 115694 ns, At safepoint: 14142 ns, Total: 129836 ns
[2023-03-15T03:56:16.380+0000][69][safepoint   ] Safepoint "Cleanup", Time since last: 1003227420 ns, Reaching safepoint: 632279 ns, At safepoint: 41303 ns, Total: 673582 ns
[2023-03-15T03:56:21.365+0000][69][safepoint   ] Safepoint "Cleanup", Time since last: 5005148560 ns, Reaching safepoint: 603812 ns, At safepoint: 595340 ns, Total: 1199152 ns
[2023-03-15T03:56:29.375+0000][69][safepoint   ] Safepoint "Cleanup", Time since last: 8009077288 ns, Reaching safepoint: 829764 ns, At safepoint: 47196 ns, Total: 876960 ns
[2023-03-15T03:56:30.380+0000][69][safepoint   ] Safepoint "Cleanup", Time since last: 1004195550 ns, Reaching safepoint: 482483 ns, At safepoint: 44328 ns, Total: 526811 ns
[2023-03-15T03:56:32.145+0000][69][gc,start    ] GC(112) Pause Young (Concurrent Start) (G1 Evacuation Pause)
[2023-03-15T03:56:32.146+0000][69][gc,task     ] GC(112) Using 4 workers of 4 for evacuation
[2023-03-15T03:56:32.146+0000][69][gc,age      ] GC(112) Desired survivor size 6291456 bytes, new threshold 15 (max threshold 15)
[2023-03-15T03:56:32.153+0000][69][gc,phases   ] GC(112)   Pre Evacuate Collection Set: 0.4ms
[2023-03-15T03:56:32.153+0000][69][gc,phases   ] GC(112)   Merge Heap Roots: 0.2ms
[2023-03-15T03:56:32.155+0000][69][gc,phases   ] GC(112)   Evacuate Collection Set: 4.3ms
[2023-03-15T03:56:32.155+0000][69][gc,phases   ] GC(112)   Post Evacuate Collection Set: 1.0ms
[2023-03-15T03:56:32.156+0000][69][gc,phases   ] GC(112)   Other: 1.1ms
[2023-03-15T03:56:32.157+0000][69][gc,age      ] GC(112) Age table with threshold 15 (max threshold 15)
[2023-03-15T03:56:32.158+0000][69][gc,age      ] GC(112) - age   1:    1246408 bytes,    1246408 total
[2023-03-15T03:56:32.159+0000][69][gc,age      ] GC(112) - age   2:      65488 bytes,    1311896 total
[2023-03-15T03:56:32.159+0000][69][gc,age      ] GC(112) - age   3:     123456 bytes,    1435352 total
[2023-03-15T03:56:32.160+0000][69][gc,age      ] GC(112) - age   4:       1120 bytes,    1436472 total
[2023-03-15T03:56:32.160+0000][69][gc,age      ] GC(112) - age   5:       4584 bytes,    1441056 total
[2023-03-15T03:56:32.160+0000][69][gc,age      ] GC(112) - age   6:      12040 bytes,    1453096 total
[2023-03-15T03:56:32.161+0000][69][gc,age      ] GC(112) - age   7:     182376 bytes,    1635472 total
[2023-03-15T03:56:32.162+0000][69][gc,age      ] GC(112) - age   8:     111320 bytes,    1746792 total
[2023-03-15T03:56:32.162+0000][69][gc,age      ] GC(112) - age   9:       9280 bytes,    1756072 total
[2023-03-15T03:56:32.163+0000][69][gc,age      ] GC(112) - age  10:       3928 bytes,    1760000 total
[2023-03-15T03:56:32.163+0000][69][gc,age      ] GC(112) - age  11:      28792 bytes,    1788792 total
[2023-03-15T03:56:32.164+0000][69][gc,age      ] GC(112) - age  12:       2648 bytes,    1791440 total
[2023-03-15T03:56:32.164+0000][69][gc,age      ] GC(112) - age  13:       3488 bytes,    1794928 total
[2023-03-15T03:56:32.165+0000][69][gc,age      ] GC(112) - age  14:       6984 bytes,    1801912 total
[2023-03-15T03:56:32.165+0000][69][gc,age      ] GC(112) - age  15:        592 bytes,    1802504 total
[2023-03-15T03:56:32.165+0000][69][gc,heap     ] GC(112) Eden regions: 23->0(23)
[2023-03-15T03:56:32.166+0000][69][gc,heap     ] GC(112) Survivor regions: 1->1(3)
[2023-03-15T03:56:32.166+0000][69][gc,heap     ] GC(112) Old regions: 25->25
[2023-03-15T03:56:32.167+0000][69][gc,heap     ] GC(112) Archive regions: 2->2
[2023-03-15T03:56:32.167+0000][69][gc,heap     ] GC(112) Humongous regions: 2->2
[2023-03-15T03:56:32.168+0000][69][gc,metaspace] GC(112) Metaspace: 140196K(143936K)->140196K(143936K) NonClass: 122187K(123840K)->122187K(123840K) Class: 18009K(20096K)->18009K(20096K)
[2023-03-15T03:56:32.168+0000][69][gc          ] GC(112) Pause Young (Concurrent Start) (G1 Evacuation Pause) 202M->111M(256M) 23.095ms
[2023-03-15T03:56:32.169+0000][69][gc,cpu      ] GC(112) User=0.01s Sys=0.00s Real=0.02s
[2023-03-15T03:56:32.169+0000][69][gc          ] GC(113) Concurrent Mark Cycle
[2023-03-15T03:56:32.170+0000][69][gc,marking  ] GC(113) Concurrent Clear Claimed Marks
[2023-03-15T03:56:32.169+0000][69][safepoint   ] Safepoint "G1CollectForAllocation", Time since last: 1765235390 ns, Reaching safepoint: 192025 ns, At safepoint: 24092133 ns, Total: 24284158 ns
[2023-03-15T03:56:32.172+0000][69][gc,marking  ] GC(113) Concurrent Clear Claimed Marks 1.173ms
[2023-03-15T03:56:32.173+0000][69][gc,marking  ] GC(113) Concurrent Scan Root Regions
[2023-03-15T03:56:32.175+0000][69][gc,marking  ] GC(113) Concurrent Scan Root Regions 2.820ms
[2023-03-15T03:56:32.176+0000][69][gc,marking  ] GC(113) Concurrent Mark
[2023-03-15T03:56:32.176+0000][69][gc,marking  ] GC(113) Concurrent Mark From Roots
[2023-03-15T03:56:32.177+0000][69][gc,task     ] GC(113) Using 1 workers of 1 for marking
[2023-03-15T03:56:32.311+0000][69][gc,marking  ] GC(113) Concurrent Mark From Roots 135.207ms
[2023-03-15T03:56:32.312+0000][69][gc,marking  ] GC(113) Concurrent Preclean
[2023-03-15T03:56:32.313+0000][69][gc,marking  ] GC(113) Concurrent Preclean 1.052ms
[2023-03-15T03:56:32.315+0000][69][gc,start    ] GC(113) Pause Remark
[2023-03-15T03:56:32.324+0000][69][gc          ] GC(113) Pause Remark 115M->115M(256M) 9.491ms
[2023-03-15T03:56:32.325+0000][69][gc,cpu      ] GC(113) User=0.02s Sys=0.00s Real=0.01s
[2023-03-15T03:56:32.325+0000][69][safepoint   ] Safepoint "G1PauseRemark", Time since last: 145439205 ns, Reaching safepoint: 145588 ns, At safepoint: 10682422 ns, Total: 10828010 ns
[2023-03-15T03:56:32.326+0000][69][gc,marking  ] GC(113) Concurrent Mark 149.971ms
[2023-03-15T03:56:32.326+0000][69][gc,marking  ] GC(113) Concurrent Rebuild Remembered Sets
[2023-03-15T03:56:32.378+0000][69][gc,marking  ] GC(113) Concurrent Rebuild Remembered Sets 51.418ms
[2023-03-15T03:56:32.379+0000][69][gc,start    ] GC(113) Pause Cleanup
[2023-03-15T03:56:32.380+0000][69][gc          ] GC(113) Pause Cleanup 116M->116M(256M) 0.994ms
[2023-03-15T03:56:32.381+0000][69][gc,cpu      ] GC(113) User=0.00s Sys=0.00s Real=0.00s
[2023-03-15T03:56:32.381+0000][69][safepoint   ] Safepoint "G1PauseCleanup", Time since last: 53589677 ns, Reaching safepoint: 108453 ns, At safepoint: 2306435 ns, Total: 2414888 ns
[2023-03-15T03:56:32.382+0000][69][gc,marking  ] GC(113) Concurrent Cleanup for Next Mark
[2023-03-15T03:56:32.383+0000][69][gc,marking  ] GC(113) Concurrent Cleanup for Next Mark 0.840ms
[2023-03-15T03:56:32.384+0000][69][gc          ] GC(113) Concurrent Mark Cycle 215.327ms
[2023-03-15T03:56:33.383+0000][69][safepoint   ] Safepoint "Cleanup", Time since last: 1001287906 ns, Reaching safepoint: 107872 ns, At safepoint: 4256 ns, Total: 112128 ns
[2023-03-15T03:56:38.191+0000][69][safepoint   ] Safepoint "Cleanup", Time since last: 4808205288 ns, Reaching safepoint: 69481 ns, At safepoint: 4060 ns, Total: 73541 ns
[2023-03-15T03:56:39.222+0000][69][safepoint   ] Safepoint "Cleanup", Time since last: 1030349259 ns, Reaching safepoint: 403950 ns, At safepoint: 12301 ns, Total: 416251 ns
[2023-03-15T03:56:40.225+0000][69][safepoint   ] Safepoint "Cleanup", Time since last: 1003286902 ns, Reaching safepoint: 93800 ns, At safepoint: 3530 ns, Total: 97330 ns
[2023-03-15T03:56:41.227+0000][69][safepoint   ] Safepoint "Cleanup", Time since last: 1001531238 ns, Reaching safepoint: 244351 ns, At safepoint: 7992 ns, Total: 252343 ns
[2023-03-15T03:56:45.231+0000][69][safepoint   ] Safepoint "Cleanup", Time since last: 4003434030 ns, Reaching safepoint: 144580 ns, At safepoint: 27215 ns, Total: 171795 ns
[2023-03-15T03:56:51.216+0000][69][safepoint   ] Safepoint "Cleanup", Time since last: 6008958977 ns, Reaching safepoint: 448748 ns, At safepoint: 17937 ns, Total: 466685 ns
[2023-03-15T03:56:55.225+0000][69][safepoint   ] Safepoint "Cleanup", Time since last: 4008060998 ns, Reaching safepoint: 565015 ns, At safepoint: 16517 ns, Total: 581532 ns
[2023-03-15T03:56:57.228+0000][69][safepoint   ] Safepoint "Cleanup", Time since last: 2003265729 ns, Reaching safepoint: 93595 ns, At safepoint: 7613 ns, Total: 101208 ns
[2023-03-15T03:56:58.229+0000][69][safepoint   ] Safepoint "Cleanup", Time since last: 1000883362 ns, Reaching safepoint: 155117 ns, At safepoint: 5267 ns, Total: 160384 ns
[2023-03-15T03:57:00.232+0000][69][safepoint   ] Safepoint "Cleanup", Time since last: 2002589427 ns, Reaching safepoint: 331608 ns, At safepoint: 10501 ns, Total: 342109 ns
[2023-03-15T03:57:01.180+0000][69][gc,start    ] GC(114) Pause Young (Normal) (G1 Evacuation Pause)
[2023-03-15T03:57:01.183+0000][69][gc,task     ] GC(114) Using 4 workers of 4 for evacuation
[2023-03-15T03:57:01.184+0000][69][gc,age      ] GC(114) Desired survivor size 6291456 bytes, new threshold 15 (max threshold 15)
[2023-03-15T03:57:01.193+0000][69][gc,phases   ] GC(114)   Pre Evacuate Collection Set: 0.2ms
[2023-03-15T03:57:01.194+0000][69][gc,phases   ] GC(114)   Merge Heap Roots: 0.3ms
[2023-03-15T03:57:01.195+0000][69][gc,phases   ] GC(114)   Evacuate Collection Set: 5.6ms
[2023-03-15T03:57:01.196+0000][69][gc,phases   ] GC(114)   Post Evacuate Collection Set: 1.2ms
[2023-03-15T03:57:01.197+0000][69][gc,phases   ] GC(114)   Other: 3.1ms
[2023-03-15T03:57:01.198+0000][69][gc,age      ] GC(114) Age table with threshold 15 (max threshold 15)
[2023-03-15T03:57:01.199+0000][69][gc,age      ] GC(114) - age   1:    1186784 bytes,    1186784 total
[2023-03-15T03:57:01.200+0000][69][gc,age      ] GC(114) - age   2:     348816 bytes,    1535600 total
[2023-03-15T03:57:01.200+0000][69][gc,age      ] GC(114) - age   3:       5000 bytes,    1540600 total
[2023-03-15T03:57:01.201+0000][69][gc,age      ] GC(114) - age   4:       9624 bytes,    1550224 total
[2023-03-15T03:57:01.202+0000][69][gc,age      ] GC(114) - age   5:       1120 bytes,    1551344 total
[2023-03-15T03:57:01.202+0000][69][gc,age      ] GC(114) - age   6:       4584 bytes,    1555928 total
[2023-03-15T03:57:01.203+0000][69][gc,age      ] GC(114) - age   7:       3312 bytes,    1559240 total
[2023-03-15T03:57:01.204+0000][69][gc,age      ] GC(114) - age   8:     182248 bytes,    1741488 total
[2023-03-15T03:57:01.205+0000][69][gc,age      ] GC(114) - age   9:      95168 bytes,    1836656 total
[2023-03-15T03:57:01.206+0000][69][gc,age      ] GC(114) - age  10:       8664 bytes,    1845320 total
[2023-03-15T03:57:01.207+0000][69][gc,age      ] GC(114) - age  11:       3928 bytes,    1849248 total
[2023-03-15T03:57:01.208+0000][69][gc,age      ] GC(114) - age  12:      28792 bytes,    1878040 total
[2023-03-15T03:57:01.208+0000][69][gc,age      ] GC(114) - age  13:       2648 bytes,    1880688 total
[2023-03-15T03:57:01.209+0000][69][gc,age      ] GC(114) - age  14:       3488 bytes,    1884176 total
[2023-03-15T03:57:01.209+0000][69][gc,age      ] GC(114) - age  15:       6984 bytes,    1891160 total
[2023-03-15T03:57:01.210+0000][69][gc,heap     ] GC(114) Eden regions: 23->0(23)
[2023-03-15T03:57:01.211+0000][69][gc,heap     ] GC(114) Survivor regions: 1->1(3)
[2023-03-15T03:57:01.211+0000][69][gc,heap     ] GC(114) Old regions: 25->25
[2023-03-15T03:57:01.212+0000][69][gc,heap     ] GC(114) Archive regions: 2->2
[2023-03-15T03:57:01.212+0000][69][gc,heap     ] GC(114) Humongous regions: 2->2
[2023-03-15T03:57:01.213+0000][69][gc,metaspace] GC(114) Metaspace: 140342K(144000K)->140342K(144000K) NonClass: 122312K(123904K)->122312K(123904K) Class: 18029K(20096K)->18029K(20096K)
[2023-03-15T03:57:01.213+0000][69][gc          ] GC(114) Pause Young (Normal) (G1 Evacuation Pause) 203M->111M(256M) 33.054ms
[2023-03-15T03:57:01.214+0000][69][gc,cpu      ] GC(114) User=0.01s Sys=0.01s Real=0.03s
[2023-03-15T03:57:01.215+0000][69][safepoint   ] Safepoint "G1CollectForAllocation", Time since last: 947722191 ns, Reaching safepoint: 457428 ns, At safepoint: 34980849 ns, Total: 35438277 ns
[2023-03-15T03:57:04.219+0000][69][safepoint   ] Safepoint "Cleanup", Time since last: 3002877377 ns, Reaching safepoint: 623087 ns, At safepoint: 13291 ns, Total: 636378 ns
[2023-03-15T03:57:05.224+0000][69][safepoint   ] Safepoint "Cleanup", Time since last: 1004312552 ns, Reaching safepoint: 871570 ns, At safepoint: 17986 ns, Total: 889556 ns
[2023-03-15T03:57:06.227+0000][69][safepoint   ] Safepoint "Cleanup", Time since last: 1002677176 ns, Reaching safepoint: 154863 ns, At safepoint: 4059 ns, Total: 158922 ns
[2023-03-15T03:57:08.231+0000][69][safepoint   ] Safepoint "Cleanup", Time since last: 2004248033 ns, Reaching safepoint: 129624 ns, At safepoint: 6879 ns, Total: 136503 ns
[2023-03-15T03:57:15.238+0000][69][safepoint   ] Safepoint "Cleanup", Time since last: 7007144479 ns, Reaching safepoint: 199191 ns, At safepoint: 4344 ns, Total: 203535 ns
[2023-03-15T03:57:21.219+0000][69][safepoint   ] Safepoint "Cleanup", Time since last: 6004609869 ns, Reaching safepoint: 709404 ns, At safepoint: 35312 ns, Total: 744716 ns
[2023-03-15T03:57:22.222+0000][69][safepoint   ] Safepoint "Cleanup", Time since last: 1003680044 ns, Reaching safepoint: 161816 ns, At safepoint: 13744 ns, Total: 175560 ns
[2023-03-15T03:57:27.231+0000][69][safepoint   ] Safepoint "Cleanup", Time since last: 5008130810 ns, Reaching safepoint: 136110 ns, At safepoint: 8669 ns, Total: 144779 ns
[2023-03-15T03:57:29.239+0000][69][safepoint   ] Safepoint "Cleanup", Time since last: 2007516654 ns, Reaching safepoint: 658471 ns, At safepoint: 41424 ns, Total: 699895 ns
[2023-03-15T03:57:30.344+0000][69][gc,start    ] GC(115) Pause Young (Concurrent Start) (G1 Evacuation Pause)
[2023-03-15T03:57:30.347+0000][69][gc,task     ] GC(115) Using 4 workers of 4 for evacuation
[2023-03-15T03:57:30.349+0000][69][gc,age      ] GC(115) Desired survivor size 6291456 bytes, new threshold 15 (max threshold 15)
[2023-03-15T03:57:30.359+0000][69][gc,phases   ] GC(115)   Pre Evacuate Collection Set: 1.0ms
[2023-03-15T03:57:30.360+0000][69][gc,phases   ] GC(115)   Merge Heap Roots: 0.2ms
[2023-03-15T03:57:30.361+0000][69][gc,phases   ] GC(115)   Evacuate Collection Set: 4.7ms
[2023-03-15T03:57:30.362+0000][69][gc,phases   ] GC(115)   Post Evacuate Collection Set: 1.5ms
[2023-03-15T03:57:30.363+0000][69][gc,phases   ] GC(115)   Other: 4.6ms
[2023-03-15T03:57:30.364+0000][69][gc,age      ] GC(115) Age table with threshold 15 (max threshold 15)
[2023-03-15T03:57:30.365+0000][69][gc,age      ] GC(115) - age   1:    1291192 bytes,    1291192 total
[2023-03-15T03:57:30.365+0000][69][gc,age      ] GC(115) - age   2:      74712 bytes,    1365904 total
[2023-03-15T03:57:30.367+0000][69][gc,age      ] GC(115) - age   3:     330808 bytes,    1696712 total
[2023-03-15T03:57:30.368+0000][69][gc,age      ] GC(115) - age   4:        944 bytes,    1697656 total
[2023-03-15T03:57:30.368+0000][69][gc,age      ] GC(115) - age   5:       9560 bytes,    1707216 total
[2023-03-15T03:57:30.369+0000][69][gc,age      ] GC(115) - age   6:       1120 bytes,    1708336 total
[2023-03-15T03:57:30.369+0000][69][gc,age      ] GC(115) - age   7:       4584 bytes,    1712920 total
[2023-03-15T03:57:30.370+0000][69][gc,age      ] GC(115) - age   8:       3312 bytes,    1716232 total
[2023-03-15T03:57:30.371+0000][69][gc,age      ] GC(115) - age   9:     182248 bytes,    1898480 total
[2023-03-15T03:57:30.371+0000][69][gc,age      ] GC(115) - age  10:      95168 bytes,    1993648 total
[2023-03-15T03:57:30.372+0000][69][gc,age      ] GC(115) - age  11:       8664 bytes,    2002312 total
[2023-03-15T03:57:30.372+0000][69][gc,age      ] GC(115) - age  12:       3928 bytes,    2006240 total
[2023-03-15T03:57:30.373+0000][69][gc,age      ] GC(115) - age  13:      28760 bytes,    2035000 total
[2023-03-15T03:57:30.373+0000][69][gc,age      ] GC(115) - age  14:       2648 bytes,    2037648 total
[2023-03-15T03:57:30.374+0000][69][gc,age      ] GC(115) - age  15:       3488 bytes,    2041136 total
[2023-03-15T03:57:30.374+0000][69][gc,heap     ] GC(115) Eden regions: 23->0(23)
[2023-03-15T03:57:30.375+0000][69][gc,heap     ] GC(115) Survivor regions: 1->1(3)
[2023-03-15T03:57:30.375+0000][69][gc,heap     ] GC(115) Old regions: 25->25
[2023-03-15T03:57:30.376+0000][69][gc,heap     ] GC(115) Archive regions: 2->2
[2023-03-15T03:57:30.376+0000][69][gc,heap     ] GC(115) Humongous regions: 2->2
[2023-03-15T03:57:30.378+0000][69][gc,metaspace] GC(115) Metaspace: 140351K(144000K)->140351K(144000K) NonClass: 122321K(123904K)->122321K(123904K) Class: 18029K(20096K)->18029K(20096K)
[2023-03-15T03:57:30.379+0000][69][gc          ] GC(115) Pause Young (Concurrent Start) (G1 Evacuation Pause) 203M->111M(256M) 34.787ms
[2023-03-15T03:57:30.379+0000][69][gc          ] GC(116) Concurrent Mark Cycle
[2023-03-15T03:57:30.380+0000][69][gc,marking  ] GC(116) Concurrent Clear Claimed Marks
[2023-03-15T03:57:30.382+0000][69][gc,marking  ] GC(116) Concurrent Clear Claimed Marks 1.400ms
[2023-03-15T03:57:30.382+0000][69][gc,marking  ] GC(116) Concurrent Scan Root Regions
[2023-03-15T03:57:30.379+0000][69][gc,cpu      ] GC(115) User=0.02s Sys=0.00s Real=0.03s
[2023-03-15T03:57:30.384+0000][69][safepoint   ] Safepoint "G1CollectForAllocation", Time since last: 1104656492 ns, Reaching safepoint: 241090 ns, At safepoint: 39971620 ns, Total: 40212710 ns
[2023-03-15T03:57:30.386+0000][69][gc,marking  ] GC(116) Concurrent Scan Root Regions 3.156ms
[2023-03-15T03:57:30.386+0000][69][gc,marking  ] GC(116) Concurrent Mark
[2023-03-15T03:57:30.387+0000][69][gc,marking  ] GC(116) Concurrent Mark From Roots
[2023-03-15T03:57:30.388+0000][69][gc,task     ] GC(116) Using 1 workers of 1 for marking
[2023-03-15T03:57:30.494+0000][69][gc,marking  ] GC(116) Concurrent Mark From Roots 106.576ms
[2023-03-15T03:57:30.494+0000][69][gc,marking  ] GC(116) Concurrent Preclean
[2023-03-15T03:57:30.495+0000][69][gc,marking  ] GC(116) Concurrent Preclean 0.992ms
[2023-03-15T03:57:30.497+0000][69][gc,start    ] GC(116) Pause Remark
[2023-03-15T03:57:30.511+0000][69][gc          ] GC(116) Pause Remark 112M->112M(256M) 14.623ms
[2023-03-15T03:57:30.513+0000][69][gc,cpu      ] GC(116) User=0.03s Sys=0.00s Real=0.01s
[2023-03-15T03:57:30.514+0000][69][safepoint   ] Safepoint "G1PauseRemark", Time since last: 112716139 ns, Reaching safepoint: 106503 ns, At safepoint: 17002677 ns, Total: 17109180 ns
[2023-03-15T03:57:30.515+0000][69][gc,marking  ] GC(116) Concurrent Mark 128.125ms
[2023-03-15T03:57:30.515+0000][69][gc,marking  ] GC(116) Concurrent Rebuild Remembered Sets
[2023-03-15T03:57:30.567+0000][69][gc,marking  ] GC(116) Concurrent Rebuild Remembered Sets 51.430ms
[2023-03-15T03:57:30.568+0000][69][gc,start    ] GC(116) Pause Cleanup
[2023-03-15T03:57:30.570+0000][69][gc          ] GC(116) Pause Cleanup 112M->112M(256M) 1.566ms
[2023-03-15T03:57:30.570+0000][69][gc,cpu      ] GC(116) User=0.01s Sys=0.00s Real=0.00s
[2023-03-15T03:57:30.571+0000][69][safepoint   ] Safepoint "G1PauseCleanup", Time since last: 54537949 ns, Reaching safepoint: 256920 ns, At safepoint: 2628799 ns, Total: 2885719 ns
[2023-03-15T03:57:30.572+0000][69][gc,marking  ] GC(116) Concurrent Cleanup for Next Mark
[2023-03-15T03:57:30.572+0000][69][gc,marking  ] GC(116) Concurrent Cleanup for Next Mark 0.748ms
[2023-03-15T03:57:30.573+0000][69][gc          ] GC(116) Concurrent Mark Cycle 193.434ms
[2023-03-15T03:57:32.572+0000][69][safepoint   ] Safepoint "Cleanup", Time since last: 2000959002 ns, Reaching safepoint: 104031 ns, At safepoint: 3776 ns, Total: 107807 ns
[2023-03-15T03:57:38.578+0000][69][safepoint   ] Safepoint "Cleanup", Time since last: 6006284930 ns, Reaching safepoint: 104905 ns, At safepoint: 4051 ns, Total: 108956 ns
[2023-03-15T03:57:41.581+0000][69][safepoint   ] Safepoint "Cleanup", Time since last: 3002707250 ns, Reaching safepoint: 321864 ns, At safepoint: 10711 ns, Total: 332575 ns
[2023-03-15T03:57:43.587+0000][69][safepoint   ] Safepoint "Cleanup", Time since last: 2005270246 ns, Reaching safepoint: 198262 ns, At safepoint: 17202 ns, Total: 215464 ns
[2023-03-15T03:57:44.590+0000][69][safepoint   ] Safepoint "Cleanup", Time since last: 1003189919 ns, Reaching safepoint: 49666 ns, At safepoint: 2201 ns, Total: 51867 ns
[2023-03-15T03:57:50.574+0000][69][safepoint   ] Safepoint "Cleanup", Time since last: 6006073332 ns, Reaching safepoint: 128881 ns, At safepoint: 32018 ns, Total: 160899 ns
[2023-03-15T03:57:52.578+0000][69][safepoint   ] Safepoint "Cleanup", Time since last: 2003564179 ns, Reaching safepoint: 567043 ns, At safepoint: 12300 ns, Total: 579343 ns
[2023-03-15T03:57:53.582+0000][69][safepoint   ] Safepoint "Cleanup", Time since last: 1003248328 ns, Reaching safepoint: 704033 ns, At safepoint: 45417 ns, Total: 749450 ns
[2023-03-15T03:57:56.428+0000][69][gc,start    ] GC(117) Pause Young (Normal) (G1 Evacuation Pause)
[2023-03-15T03:57:56.430+0000][69][gc,task     ] GC(117) Using 4 workers of 4 for evacuation
[2023-03-15T03:57:56.431+0000][69][gc,age      ] GC(117) Desired survivor size 6291456 bytes, new threshold 15 (max threshold 15)
[2023-03-15T03:57:56.436+0000][69][gc,phases   ] GC(117)   Pre Evacuate Collection Set: 0.1ms
[2023-03-15T03:57:56.437+0000][69][gc,phases   ] GC(117)   Merge Heap Roots: 0.1ms
[2023-03-15T03:57:56.438+0000][69][gc,phases   ] GC(117)   Evacuate Collection Set: 3.5ms
[2023-03-15T03:57:56.438+0000][69][gc,phases   ] GC(117)   Post Evacuate Collection Set: 1.3ms
[2023-03-15T03:57:56.439+0000][69][gc,phases   ] GC(117)   Other: 1.3ms
[2023-03-15T03:57:56.440+0000][69][gc,age      ] GC(117) Age table with threshold 15 (max threshold 15)
[2023-03-15T03:57:56.440+0000][69][gc,age      ] GC(117) - age   1:    1686720 bytes,    1686720 total
[2023-03-15T03:57:56.441+0000][69][gc,age      ] GC(117) - age   2:     155512 bytes,    1842232 total
[2023-03-15T03:57:56.442+0000][69][gc,age      ] GC(117) - age   3:      73352 bytes,    1915584 total
[2023-03-15T03:57:56.443+0000][69][gc,age      ] GC(117) - age   4:     205992 bytes,    2121576 total
[2023-03-15T03:57:56.444+0000][69][gc,age      ] GC(117) - age   5:        768 bytes,    2122344 total
[2023-03-15T03:57:56.444+0000][69][gc,age      ] GC(117) - age   6:       9560 bytes,    2131904 total
[2023-03-15T03:57:56.445+0000][69][gc,age      ] GC(117) - age   7:       1120 bytes,    2133024 total
[2023-03-15T03:57:56.446+0000][69][gc,age      ] GC(117) - age   8:       4584 bytes,    2137608 total
[2023-03-15T03:57:56.446+0000][69][gc,age      ] GC(117) - age   9:       3312 bytes,    2140920 total
[2023-03-15T03:57:56.447+0000][69][gc,age      ] GC(117) - age  10:     182248 bytes,    2323168 total
[2023-03-15T03:57:56.447+0000][69][gc,age      ] GC(117) - age  11:      95168 bytes,    2418336 total
[2023-03-15T03:57:56.448+0000][69][gc,age      ] GC(117) - age  12:       7872 bytes,    2426208 total
[2023-03-15T03:57:56.449+0000][69][gc,age      ] GC(117) - age  13:       3928 bytes,    2430136 total
[2023-03-15T03:57:56.449+0000][69][gc,age      ] GC(117) - age  14:      28760 bytes,    2458896 total
[2023-03-15T03:57:56.449+0000][69][gc,age      ] GC(117) - age  15:       2648 bytes,    2461544 total
[2023-03-15T03:57:56.450+0000][69][gc,heap     ] GC(117) Eden regions: 23->0(23)
[2023-03-15T03:57:56.450+0000][69][gc,heap     ] GC(117) Survivor regions: 1->1(3)
[2023-03-15T03:57:56.451+0000][69][gc,heap     ] GC(117) Old regions: 25->25
[2023-03-15T03:57:56.451+0000][69][gc,heap     ] GC(117) Archive regions: 2->2
[2023-03-15T03:57:56.452+0000][69][gc,heap     ] GC(117) Humongous regions: 2->2
[2023-03-15T03:57:56.453+0000][69][gc,metaspace] GC(117) Metaspace: 140368K(144064K)->140368K(144064K) NonClass: 122339K(123968K)->122339K(123968K) Class: 18029K(20096K)->18029K(20096K)
[2023-03-15T03:57:56.453+0000][69][gc          ] GC(117) Pause Young (Normal) (G1 Evacuation Pause) 203M->111M(256M) 24.950ms
[2023-03-15T03:57:56.453+0000][69][gc,cpu      ] GC(117) User=0.01s Sys=0.00s Real=0.03s
[2023-03-15T03:57:56.454+0000][69][safepoint   ] Safepoint "G1CollectForAllocation", Time since last: 2845768029 ns, Reaching safepoint: 117557 ns, At safepoint: 25764585 ns, Total: 25882142 ns
[2023-03-15T03:57:57.456+0000][69][safepoint   ] Safepoint "Cleanup", Time since last: 1001770287 ns, Reaching safepoint: 117194 ns, At safepoint: 4636 ns, Total: 121830 ns
[2023-03-15T03:57:59.459+0000][69][safepoint   ] Safepoint "Cleanup", Time since last: 2003284509 ns, Reaching safepoint: 355675 ns, At safepoint: 16396 ns, Total: 372071 ns
[2023-03-15T03:58:02.465+0000][69][safepoint   ] Safepoint "Cleanup", Time since last: 3005319734 ns, Reaching safepoint: 361548 ns, At safepoint: 10458 ns, Total: 372006 ns
[2023-03-15T03:58:05.472+0000][69][safepoint   ] Safepoint "Cleanup", Time since last: 3006442187 ns, Reaching safepoint: 205767 ns, At safepoint: 4689 ns, Total: 210456 ns
[2023-03-15T03:58:14.483+0000][69][safepoint   ] Safepoint "Cleanup", Time since last: 9010383939 ns, Reaching safepoint: 429453 ns, At safepoint: 50540 ns, Total: 479993 ns
[2023-03-15T03:58:20.345+0000][69][gc,start    ] GC(118) Pause Young (Concurrent Start) (G1 Evacuation Pause)
[2023-03-15T03:58:20.345+0000][69][gc,task     ] GC(118) Using 4 workers of 4 for evacuation
[2023-03-15T03:58:20.346+0000][69][gc,age      ] GC(118) Desired survivor size 6291456 bytes, new threshold 15 (max threshold 15)
[2023-03-15T03:58:20.350+0000][69][gc,phases   ] GC(118)   Pre Evacuate Collection Set: 0.4ms
[2023-03-15T03:58:20.351+0000][69][gc,phases   ] GC(118)   Merge Heap Roots: 0.1ms
[2023-03-15T03:58:20.352+0000][69][gc,phases   ] GC(118)   Evacuate Collection Set: 2.9ms
[2023-03-15T03:58:20.352+0000][69][gc,phases   ] GC(118)   Post Evacuate Collection Set: 0.7ms
[2023-03-15T03:58:20.353+0000][69][gc,phases   ] GC(118)   Other: 0.9ms
[2023-03-15T03:58:20.354+0000][69][gc,age      ] GC(118) Age table with threshold 15 (max threshold 15)
[2023-03-15T03:58:20.355+0000][69][gc,age      ] GC(118) - age   1:     569872 bytes,     569872 total
[2023-03-15T03:58:20.355+0000][69][gc,age      ] GC(118) - age   2:     143024 bytes,     712896 total
[2023-03-15T03:58:20.356+0000][69][gc,age      ] GC(118) - age   3:      17088 bytes,     729984 total
[2023-03-15T03:58:20.356+0000][69][gc,age      ] GC(118) - age   4:      69488 bytes,     799472 total
[2023-03-15T03:58:20.357+0000][69][gc,age      ] GC(118) - age   5:     205632 bytes,    1005104 total
[2023-03-15T03:58:20.357+0000][69][gc,age      ] GC(118) - age   6:        768 bytes,    1005872 total
[2023-03-15T03:58:20.358+0000][69][gc,age      ] GC(118) - age   7:       9560 bytes,    1015432 total
[2023-03-15T03:58:20.358+0000][69][gc,age      ] GC(118) - age   8:       1120 bytes,    1016552 total
[2023-03-15T03:58:20.359+0000][69][gc,age      ] GC(118) - age   9:       4584 bytes,    1021136 total
[2023-03-15T03:58:20.359+0000][69][gc,age      ] GC(118) - age  10:       3312 bytes,    1024448 total
[2023-03-15T03:58:20.360+0000][69][gc,age      ] GC(118) - age  11:     182248 bytes,    1206696 total
[2023-03-15T03:58:20.361+0000][69][gc,age      ] GC(118) - age  12:      95128 bytes,    1301824 total
[2023-03-15T03:58:20.361+0000][69][gc,age      ] GC(118) - age  13:       7872 bytes,    1309696 total
[2023-03-15T03:58:20.362+0000][69][gc,age      ] GC(118) - age  14:       3928 bytes,    1313624 total
[2023-03-15T03:58:20.362+0000][69][gc,age      ] GC(118) - age  15:      28760 bytes,    1342384 total
[2023-03-15T03:58:20.362+0000][69][gc,heap     ] GC(118) Eden regions: 23->0(23)
[2023-03-15T03:58:20.363+0000][69][gc,heap     ] GC(118) Survivor regions: 1->1(3)
[2023-03-15T03:58:20.364+0000][69][gc,heap     ] GC(118) Old regions: 25->25
[2023-03-15T03:58:20.364+0000][69][gc,heap     ] GC(118) Archive regions: 2->2
[2023-03-15T03:58:20.365+0000][69][gc,heap     ] GC(118) Humongous regions: 2->2
[2023-03-15T03:58:20.366+0000][69][gc,metaspace] GC(118) Metaspace: 140379K(144064K)->140379K(144064K) NonClass: 122350K(123968K)->122350K(123968K) Class: 18029K(20096K)->18029K(20096K)
[2023-03-15T03:58:20.366+0000][69][gc          ] GC(118) Pause Young (Concurrent Start) (G1 Evacuation Pause) 203M->110M(256M) 21.414ms
[2023-03-15T03:58:20.367+0000][69][gc,cpu      ] GC(118) User=0.01s Sys=0.00s Real=0.02s
[2023-03-15T03:58:20.367+0000][69][gc          ] GC(119) Concurrent Mark Cycle
[2023-03-15T03:58:20.368+0000][69][gc,marking  ] GC(119) Concurrent Clear Claimed Marks
[2023-03-15T03:58:20.367+0000][69][safepoint   ] Safepoint "G1CollectForAllocation", Time since last: 5883724754 ns, Reaching safepoint: 113453 ns, At safepoint: 22567844 ns, Total: 22681297 ns
[2023-03-15T03:58:20.368+0000][69][gc,marking  ] GC(119) Concurrent Clear Claimed Marks 0.642ms
[2023-03-15T03:58:20.369+0000][69][gc,marking  ] GC(119) Concurrent Scan Root Regions
[2023-03-15T03:58:20.372+0000][69][gc,marking  ] GC(119) Concurrent Scan Root Regions 2.827ms
[2023-03-15T03:58:20.373+0000][69][gc,marking  ] GC(119) Concurrent Mark
[2023-03-15T03:58:20.373+0000][69][gc,marking  ] GC(119) Concurrent Mark From Roots
[2023-03-15T03:58:20.374+0000][69][gc,task     ] GC(119) Using 1 workers of 1 for marking
[2023-03-15T03:58:20.485+0000][69][gc,marking  ] GC(119) Concurrent Mark From Roots 111.653ms
[2023-03-15T03:58:20.485+0000][69][gc,marking  ] GC(119) Concurrent Preclean
[2023-03-15T03:58:20.486+0000][69][gc,marking  ] GC(119) Concurrent Preclean 0.806ms
[2023-03-15T03:58:20.487+0000][69][gc,start    ] GC(119) Pause Remark
[2023-03-15T03:58:20.498+0000][69][gc          ] GC(119) Pause Remark 113M->113M(256M) 10.620ms
[2023-03-15T03:58:20.499+0000][69][gc,cpu      ] GC(119) User=0.03s Sys=0.00s Real=0.01s
[2023-03-15T03:58:20.499+0000][69][safepoint   ] Safepoint "G1PauseRemark", Time since last: 119701802 ns, Reaching safepoint: 104797 ns, At safepoint: 12228966 ns, Total: 12333763 ns
[2023-03-15T03:58:20.500+0000][69][gc,marking  ] GC(119) Concurrent Mark 127.171ms
[2023-03-15T03:58:20.500+0000][69][gc,marking  ] GC(119) Concurrent Rebuild Remembered Sets
[2023-03-15T03:58:20.549+0000][69][gc,marking  ] GC(119) Concurrent Rebuild Remembered Sets 49.148ms
[2023-03-15T03:58:20.551+0000][69][gc,start    ] GC(119) Pause Cleanup
[2023-03-15T03:58:20.552+0000][69][gc          ] GC(119) Pause Cleanup 113M->113M(256M) 0.927ms
[2023-03-15T03:58:20.552+0000][69][gc,cpu      ] GC(119) User=0.00s Sys=0.00s Real=0.00s
[2023-03-15T03:58:20.553+0000][69][safepoint   ] Safepoint "G1PauseCleanup", Time since last: 51276805 ns, Reaching safepoint: 214484 ns, At safepoint: 2371181 ns, Total: 2585665 ns
[2023-03-15T03:58:20.554+0000][69][gc,marking  ] GC(119) Concurrent Cleanup for Next Mark
[2023-03-15T03:58:20.554+0000][69][gc,marking  ] GC(119) Concurrent Cleanup for Next Mark 0.720ms
[2023-03-15T03:58:20.555+0000][69][gc          ] GC(119) Concurrent Mark Cycle 187.971ms
[2023-03-15T03:58:23.558+0000][69][safepoint   ] Safepoint "Cleanup", Time since last: 3004168700 ns, Reaching safepoint: 235460 ns, At safepoint: 12892 ns, Total: 248352 ns
[2023-03-15T03:58:26.566+0000][69][safepoint   ] Safepoint "Cleanup", Time since last: 3008436297 ns, Reaching safepoint: 227233 ns, At safepoint: 17001 ns, Total: 244234 ns
[2023-03-15T03:58:30.575+0000][69][safepoint   ] Safepoint "Cleanup", Time since last: 4007363395 ns, Reaching safepoint: 877362 ns, At safepoint: 102047 ns, Total: 979409 ns
[2023-03-15T03:58:31.579+0000][69][safepoint   ] Safepoint "Cleanup", Time since last: 1003679171 ns, Reaching safepoint: 764974 ns, At safepoint: 46048 ns, Total: 811022 ns
[2023-03-15T03:58:32.586+0000][69][safepoint   ] Safepoint "Cleanup", Time since last: 1006954817 ns, Reaching safepoint: 247684 ns, At safepoint: 11389 ns, Total: 259073 ns
[2023-03-15T03:58:37.273+0000][69][safepoint   ] Safepoint "Cleanup", Time since last: 4685966111 ns, Reaching safepoint: 401040 ns, At safepoint: 143089 ns, Total: 544129 ns
[2023-03-15T03:58:47.288+0000][69][safepoint   ] Safepoint "Cleanup", Time since last: 10014636732 ns, Reaching safepoint: 259994 ns, At safepoint: 11716 ns, Total: 271710 ns
[2023-03-15T03:58:48.864+0000][69][safepoint   ] Safepoint "Cleanup", Time since last: 1598352772 ns, Reaching safepoint: 269817 ns, At safepoint: 8789 ns, Total: 278606 ns
[2023-03-15T03:58:50.053+0000][69][gc,start    ] GC(120) Pause Young (Normal) (G1 Evacuation Pause)
[2023-03-15T03:58:50.054+0000][69][gc,task     ] GC(120) Using 4 workers of 4 for evacuation
[2023-03-15T03:58:50.054+0000][69][gc,age      ] GC(120) Desired survivor size 6291456 bytes, new threshold 15 (max threshold 15)
[2023-03-15T03:58:50.059+0000][69][gc,phases   ] GC(120)   Pre Evacuate Collection Set: 0.1ms
[2023-03-15T03:58:50.060+0000][69][gc,phases   ] GC(120)   Merge Heap Roots: 0.2ms
[2023-03-15T03:58:50.061+0000][69][gc,phases   ] GC(120)   Evacuate Collection Set: 2.6ms
[2023-03-15T03:58:50.062+0000][69][gc,phases   ] GC(120)   Post Evacuate Collection Set: 1.1ms
[2023-03-15T03:58:50.063+0000][69][gc,phases   ] GC(120)   Other: 1.4ms
[2023-03-15T03:58:50.063+0000][69][gc,age      ] GC(120) Age table with threshold 15 (max threshold 15)
[2023-03-15T03:58:50.064+0000][69][gc,age      ] GC(120) - age   1:    1288192 bytes,    1288192 total
[2023-03-15T03:58:50.064+0000][69][gc,age      ] GC(120) - age   2:     179912 bytes,    1468104 total
[2023-03-15T03:58:50.064+0000][69][gc,age      ] GC(120) - age   3:     127632 bytes,    1595736 total
[2023-03-15T03:58:50.065+0000][69][gc,age      ] GC(120) - age   4:        864 bytes,    1596600 total
[2023-03-15T03:58:50.065+0000][69][gc,age      ] GC(120) - age   5:      69368 bytes,    1665968 total
[2023-03-15T03:58:50.066+0000][69][gc,age      ] GC(120) - age   6:      87984 bytes,    1753952 total
[2023-03-15T03:58:50.066+0000][69][gc,age      ] GC(120) - age   7:        768 bytes,    1754720 total
[2023-03-15T03:58:50.067+0000][69][gc,age      ] GC(120) - age   8:       1128 bytes,    1755848 total
[2023-03-15T03:58:50.067+0000][69][gc,age      ] GC(120) - age   9:       1120 bytes,    1756968 total
[2023-03-15T03:58:50.067+0000][69][gc,age      ] GC(120) - age  10:       4584 bytes,    1761552 total
[2023-03-15T03:58:50.068+0000][69][gc,age      ] GC(120) - age  11:       3312 bytes,    1764864 total
[2023-03-15T03:58:50.068+0000][69][gc,age      ] GC(120) - age  12:     180240 bytes,    1945104 total
[2023-03-15T03:58:50.069+0000][69][gc,age      ] GC(120) - age  13:      95128 bytes,    2040232 total
[2023-03-15T03:58:50.069+0000][69][gc,age      ] GC(120) - age  14:       7872 bytes,    2048104 total
[2023-03-15T03:58:50.070+0000][69][gc,age      ] GC(120) - age  15:       3928 bytes,    2052032 total
[2023-03-15T03:58:50.070+0000][69][gc,heap     ] GC(120) Eden regions: 23->0(23)
[2023-03-15T03:58:50.070+0000][69][gc,heap     ] GC(120) Survivor regions: 1->1(3)
[2023-03-15T03:58:50.071+0000][69][gc,heap     ] GC(120) Old regions: 25->25
[2023-03-15T03:58:50.071+0000][69][gc,heap     ] GC(120) Archive regions: 2->2
[2023-03-15T03:58:50.072+0000][69][gc,heap     ] GC(120) Humongous regions: 2->2
[2023-03-15T03:58:50.072+0000][69][gc,metaspace] GC(120) Metaspace: 140387K(144064K)->140387K(144064K) NonClass: 122357K(123968K)->122357K(123968K) Class: 18029K(20096K)->18029K(20096K)
[2023-03-15T03:58:50.073+0000][69][gc          ] GC(120) Pause Young (Normal) (G1 Evacuation Pause) 202M->111M(256M) 19.816ms
[2023-03-15T03:58:50.073+0000][69][gc,cpu      ] GC(120) User=0.01s Sys=0.01s Real=0.02s
[2023-03-15T03:58:50.074+0000][69][safepoint   ] Safepoint "G1CollectForAllocation", Time since last: 1188927365 ns, Reaching safepoint: 105757 ns, At safepoint: 20879509 ns, Total: 20985266 ns
[2023-03-15T03:58:51.075+0000][69][safepoint   ] Safepoint "Cleanup", Time since last: 1000754891 ns, Reaching safepoint: 144178 ns, At safepoint: 3715 ns, Total: 147893 ns
[2023-03-15T03:58:57.079+0000][69][safepoint   ] Safepoint "Cleanup", Time since last: 6003976049 ns, Reaching safepoint: 169127 ns, At safepoint: 7076 ns, Total: 176203 ns
[2023-03-15T03:59:01.084+0000][69][safepoint   ] Safepoint "Cleanup", Time since last: 4003969224 ns, Reaching safepoint: 804124 ns, At safepoint: 13074 ns, Total: 817198 ns
[2023-03-15T03:59:03.088+0000][69][safepoint   ] Safepoint "Cleanup", Time since last: 2004382477 ns, Reaching safepoint: 348686 ns, At safepoint: 15219 ns, Total: 363905 ns
[2023-03-15T03:59:04.093+0000][69][safepoint   ] Safepoint "Cleanup", Time since last: 1004283714 ns, Reaching safepoint: 428501 ns, At safepoint: 13777 ns, Total: 442278 ns
[2023-03-15T03:59:05.097+0000][69][safepoint   ] Safepoint "Cleanup", Time since last: 1003645833 ns, Reaching safepoint: 277166 ns, At safepoint: 15211 ns, Total: 292377 ns
[2023-03-15T03:59:07.102+0000][69][safepoint   ] Safepoint "Cleanup", Time since last: 2004140292 ns, Reaching safepoint: 682218 ns, At safepoint: 44129 ns, Total: 726347 ns
[2023-03-15T03:59:08.106+0000][69][safepoint   ] Safepoint "Cleanup", Time since last: 1003554697 ns, Reaching safepoint: 357243 ns, At safepoint: 30048 ns, Total: 387291 ns
[2023-03-15T03:59:09.107+0000][69][safepoint   ] Safepoint "Cleanup", Time since last: 1000667584 ns, Reaching safepoint: 100215 ns, At safepoint: 3963 ns, Total: 104178 ns
[2023-03-15T03:59:11.111+0000][69][safepoint   ] Safepoint "Cleanup", Time since last: 2003545210 ns, Reaching safepoint: 585389 ns, At safepoint: 59418 ns, Total: 644807 ns
[2023-03-15T03:59:13.115+0000][69][safepoint   ] Safepoint "Cleanup", Time since last: 2004227176 ns, Reaching safepoint: 384826 ns, At safepoint: 17707 ns, Total: 402533 ns
[2023-03-15T03:59:15.119+0000][69][safepoint   ] Safepoint "Cleanup", Time since last: 2003488680 ns, Reaching safepoint: 251938 ns, At safepoint: 10802 ns, Total: 262740 ns
[2023-03-15T03:59:15.557+0000][69][gc,start    ] GC(121) Pause Young (Concurrent Start) (G1 Evacuation Pause)
[2023-03-15T03:59:15.558+0000][69][gc,task     ] GC(121) Using 4 workers of 4 for evacuation
[2023-03-15T03:59:15.559+0000][69][gc,age      ] GC(121) Desired survivor size 6291456 bytes, new threshold 15 (max threshold 15)
[2023-03-15T03:59:15.564+0000][69][gc,phases   ] GC(121)   Pre Evacuate Collection Set: 0.5ms
[2023-03-15T03:59:15.564+0000][69][gc,phases   ] GC(121)   Merge Heap Roots: 0.1ms
[2023-03-15T03:59:15.565+0000][69][gc,phases   ] GC(121)   Evacuate Collection Set: 2.9ms
[2023-03-15T03:59:15.566+0000][69][gc,phases   ] GC(121)   Post Evacuate Collection Set: 0.8ms
[2023-03-15T03:59:15.566+0000][69][gc,phases   ] GC(121)   Other: 1.1ms
[2023-03-15T03:59:15.567+0000][69][gc,age      ] GC(121) Age table with threshold 15 (max threshold 15)
[2023-03-15T03:59:15.568+0000][69][gc,age      ] GC(121) - age   1:     867424 bytes,     867424 total
[2023-03-15T03:59:15.568+0000][69][gc,age      ] GC(121) - age   2:     360512 bytes,    1227936 total
[2023-03-15T03:59:15.569+0000][69][gc,age      ] GC(121) - age   3:      33928 bytes,    1261864 total
[2023-03-15T03:59:15.569+0000][69][gc,age      ] GC(121) - age   4:     127400 bytes,    1389264 total
[2023-03-15T03:59:15.570+0000][69][gc,age      ] GC(121) - age   5:        736 bytes,    1390000 total
[2023-03-15T03:59:15.571+0000][69][gc,age      ] GC(121) - age   6:      68944 bytes,    1458944 total
[2023-03-15T03:59:15.572+0000][69][gc,age      ] GC(121) - age   7:      86736 bytes,    1545680 total
[2023-03-15T03:59:15.572+0000][69][gc,age      ] GC(121) - age   8:        768 bytes,    1546448 total
[2023-03-15T03:59:15.573+0000][69][gc,age      ] GC(121) - age   9:       1128 bytes,    1547576 total
[2023-03-15T03:59:15.574+0000][69][gc,age      ] GC(121) - age  10:       1120 bytes,    1548696 total
[2023-03-15T03:59:15.576+0000][69][gc,age      ] GC(121) - age  11:       4584 bytes,    1553280 total
[2023-03-15T03:59:15.577+0000][69][gc,age      ] GC(121) - age  12:       3312 bytes,    1556592 total
[2023-03-15T03:59:15.578+0000][69][gc,age      ] GC(121) - age  13:     180240 bytes,    1736832 total
[2023-03-15T03:59:15.579+0000][69][gc,age      ] GC(121) - age  14:      95128 bytes,    1831960 total
[2023-03-15T03:59:15.580+0000][69][gc,age      ] GC(121) - age  15:       7872 bytes,    1839832 total
[2023-03-15T03:59:15.580+0000][69][gc,heap     ] GC(121) Eden regions: 23->0(23)
[2023-03-15T03:59:15.581+0000][69][gc,heap     ] GC(121) Survivor regions: 1->1(3)
[2023-03-15T03:59:15.582+0000][69][gc,heap     ] GC(121) Old regions: 25->25
[2023-03-15T03:59:15.583+0000][69][gc,heap     ] GC(121) Archive regions: 2->2
[2023-03-15T03:59:15.584+0000][69][gc,heap     ] GC(121) Humongous regions: 2->2
[2023-03-15T03:59:15.585+0000][69][gc,metaspace] GC(121) Metaspace: 140408K(144064K)->140408K(144064K) NonClass: 122379K(123968K)->122379K(123968K) Class: 18029K(20096K)->18029K(20096K)
[2023-03-15T03:59:15.586+0000][69][gc          ] GC(121) Pause Young (Concurrent Start) (G1 Evacuation Pause) 203M->111M(256M) 28.637ms
[2023-03-15T03:59:15.587+0000][69][gc,cpu      ] GC(121) User=0.01s Sys=0.00s Real=0.03s
[2023-03-15T03:59:15.587+0000][69][gc          ] GC(122) Concurrent Mark Cycle
[2023-03-15T03:59:15.589+0000][69][gc,marking  ] GC(122) Concurrent Clear Claimed Marks
[2023-03-15T03:59:15.588+0000][69][safepoint   ] Safepoint "G1CollectForAllocation", Time since last: 438036604 ns, Reaching safepoint: 75160 ns, At safepoint: 30626728 ns, Total: 30701888 ns
[2023-03-15T03:59:15.590+0000][69][gc,marking  ] GC(122) Concurrent Clear Claimed Marks 0.979ms
[2023-03-15T03:59:15.592+0000][69][gc,marking  ] GC(122) Concurrent Scan Root Regions
[2023-03-15T03:59:15.597+0000][69][gc,marking  ] GC(122) Concurrent Scan Root Regions 4.667ms
[2023-03-15T03:59:15.598+0000][69][gc,marking  ] GC(122) Concurrent Mark
[2023-03-15T03:59:15.599+0000][69][gc,marking  ] GC(122) Concurrent Mark From Roots
[2023-03-15T03:59:15.601+0000][69][gc,task     ] GC(122) Using 1 workers of 1 for marking
[2023-03-15T03:59:15.768+0000][69][gc,marking  ] GC(122) Concurrent Mark From Roots 168.764ms
[2023-03-15T03:59:15.770+0000][69][gc,marking  ] GC(122) Concurrent Preclean
[2023-03-15T03:59:15.771+0000][69][gc,marking  ] GC(122) Concurrent Preclean 1.388ms
[2023-03-15T03:59:15.772+0000][69][gc,start    ] GC(122) Pause Remark
[2023-03-15T03:59:15.790+0000][69][gc          ] GC(122) Pause Remark 114M->114M(256M) 17.569ms
[2023-03-15T03:59:15.791+0000][69][gc,cpu      ] GC(122) User=0.05s Sys=0.00s Real=0.02s
[2023-03-15T03:59:15.792+0000][69][safepoint   ] Safepoint "G1PauseRemark", Time since last: 184061145 ns, Reaching safepoint: 98651 ns, At safepoint: 19698012 ns, Total: 19796663 ns
[2023-03-15T03:59:15.793+0000][69][gc,marking  ] GC(122) Concurrent Mark 194.713ms
[2023-03-15T03:59:15.794+0000][69][gc,marking  ] GC(122) Concurrent Rebuild Remembered Sets
[2023-03-15T03:59:15.918+0000][69][gc,marking  ] GC(122) Concurrent Rebuild Remembered Sets 124.623ms
[2023-03-15T03:59:15.920+0000][69][gc,start    ] GC(122) Pause Cleanup
[2023-03-15T03:59:15.921+0000][69][gc          ] GC(122) Pause Cleanup 116M->116M(256M) 1.093ms
[2023-03-15T03:59:15.922+0000][69][gc,cpu      ] GC(122) User=0.00s Sys=0.00s Real=0.00s
[2023-03-15T03:59:15.923+0000][69][safepoint   ] Safepoint "G1PauseCleanup", Time since last: 127893044 ns, Reaching safepoint: 635334 ns, At safepoint: 3160540 ns, Total: 3795874 ns
[2023-03-15T03:59:15.926+0000][69][gc,marking  ] GC(122) Concurrent Cleanup for Next Mark
[2023-03-15T03:59:15.938+0000][69][gc,marking  ] GC(122) Concurrent Cleanup for Next Mark 11.368ms
[2023-03-15T03:59:15.939+0000][69][gc          ] GC(122) Concurrent Mark Cycle 351.531ms
[2023-03-15T03:59:16.928+0000][69][safepoint   ] Safepoint "Cleanup", Time since last: 1002779509 ns, Reaching safepoint: 1266562 ns, At safepoint: 45072 ns, Total: 1311634 ns
[2023-03-15T03:59:17.910+0000][69][safepoint   ] Safepoint "Cleanup", Time since last: 1003461936 ns, Reaching safepoint: 428513 ns, At safepoint: 97553 ns, Total: 526066 ns
[2023-03-15T03:59:19.917+0000][69][safepoint   ] Safepoint "Cleanup", Time since last: 2006912043 ns, Reaching safepoint: 150311 ns, At safepoint: 4454 ns, Total: 154765 ns
[2023-03-15T03:59:20.919+0000][69][safepoint   ] Safepoint "Cleanup", Time since last: 1001343303 ns, Reaching safepoint: 107659 ns, At safepoint: 3895 ns, Total: 111554 ns
[2023-03-15T03:59:21.921+0000][69][safepoint   ] Safepoint "Cleanup", Time since last: 1002522196 ns, Reaching safepoint: 349353 ns, At safepoint: 11401 ns, Total: 360754 ns
[2023-03-15T03:59:24.931+0000][69][safepoint   ] Safepoint "Cleanup", Time since last: 3008309053 ns, Reaching safepoint: 1231343 ns, At safepoint: 54234 ns, Total: 1285577 ns
[2023-03-15T03:59:26.935+0000][69][safepoint   ] Safepoint "Cleanup", Time since last: 2003742730 ns, Reaching safepoint: 134122 ns, At safepoint: 3511 ns, Total: 137633 ns
[2023-03-15T03:59:27.937+0000][69][safepoint   ] Safepoint "Cleanup", Time since last: 1001602706 ns, Reaching safepoint: 336101 ns, At safepoint: 9946 ns, Total: 346047 ns
[2023-03-15T03:59:28.940+0000][69][safepoint   ] Safepoint "Cleanup", Time since last: 1002938529 ns, Reaching safepoint: 172330 ns, At safepoint: 45747 ns, Total: 218077 ns
[2023-03-15T03:59:32.241+0000][69][gc,start    ] GC(123) Pause Young (Normal) (G1 Evacuation Pause)
[2023-03-15T03:59:32.242+0000][69][gc,task     ] GC(123) Using 4 workers of 4 for evacuation
[2023-03-15T03:59:32.242+0000][69][gc,age      ] GC(123) Desired survivor size 6291456 bytes, new threshold 15 (max threshold 15)
[2023-03-15T03:59:32.246+0000][69][gc,phases   ] GC(123)   Pre Evacuate Collection Set: 0.1ms
[2023-03-15T03:59:32.247+0000][69][gc,phases   ] GC(123)   Merge Heap Roots: 0.1ms
[2023-03-15T03:59:32.247+0000][69][gc,phases   ] GC(123)   Evacuate Collection Set: 2.4ms
[2023-03-15T03:59:32.248+0000][69][gc,phases   ] GC(123)   Post Evacuate Collection Set: 0.7ms
[2023-03-15T03:59:32.248+0000][69][gc,phases   ] GC(123)   Other: 0.8ms
[2023-03-15T03:59:32.248+0000][69][gc,age      ] GC(123) Age table with threshold 15 (max threshold 15)
[2023-03-15T03:59:32.249+0000][69][gc,age      ] GC(123) - age   1:    2255256 bytes,    2255256 total
[2023-03-15T03:59:32.249+0000][69][gc,age      ] GC(123) - age   2:     432208 bytes,    2687464 total
[2023-03-15T03:59:32.249+0000][69][gc,age      ] GC(123) - age   3:     172976 bytes,    2860440 total
[2023-03-15T03:59:32.249+0000][69][gc,age      ] GC(123) - age   4:      33720 bytes,    2894160 total
[2023-03-15T03:59:32.250+0000][69][gc,age      ] GC(123) - age   5:     104784 bytes,    2998944 total
[2023-03-15T03:59:32.250+0000][69][gc,age      ] GC(123) - age   6:        608 bytes,    2999552 total
[2023-03-15T03:59:32.251+0000][69][gc,age      ] GC(123) - age   7:      52176 bytes,    3051728 total
[2023-03-15T03:59:32.251+0000][69][gc,age      ] GC(123) - age   8:        240 bytes,    3051968 total
[2023-03-15T03:59:32.251+0000][69][gc,age      ] GC(123) - age   9:        472 bytes,    3052440 total
[2023-03-15T03:59:32.252+0000][69][gc,age      ] GC(123) - age  10:       1048 bytes,    3053488 total
[2023-03-15T03:59:32.252+0000][69][gc,age      ] GC(123) - age  11:       1120 bytes,    3054608 total
[2023-03-15T03:59:32.252+0000][69][gc,age      ] GC(123) - age  12:       4584 bytes,    3059192 total
[2023-03-15T03:59:32.253+0000][69][gc,age      ] GC(123) - age  13:       3056 bytes,    3062248 total
[2023-03-15T03:59:32.253+0000][69][gc,age      ] GC(123) - age  14:      13920 bytes,    3076168 total
[2023-03-15T03:59:32.254+0000][69][gc,age      ] GC(123) - age  15:      18072 bytes,    3094240 total
[2023-03-15T03:59:32.254+0000][69][gc,heap     ] GC(123) Eden regions: 23->0(22)
[2023-03-15T03:59:32.255+0000][69][gc,heap     ] GC(123) Survivor regions: 1->1(3)
[2023-03-15T03:59:32.255+0000][69][gc,heap     ] GC(123) Old regions: 25->25
[2023-03-15T03:59:32.255+0000][69][gc,heap     ] GC(123) Archive regions: 2->2
[2023-03-15T03:59:32.256+0000][69][gc,heap     ] GC(123) Humongous regions: 2->2
[2023-03-15T03:59:32.256+0000][69][gc,metaspace] GC(123) Metaspace: 140540K(144064K)->140540K(144064K) NonClass: 122493K(123968K)->122493K(123968K) Class: 18047K(20096K)->18047K(20096K)
[2023-03-15T03:59:32.256+0000][69][gc          ] GC(123) Pause Young (Normal) (G1 Evacuation Pause) 203M->112M(256M) 15.028ms
[2023-03-15T03:59:32.257+0000][69][gc,cpu      ] GC(123) User=0.01s Sys=0.00s Real=0.02s
[2023-03-15T03:59:32.257+0000][69][safepoint   ] Safepoint "G1CollectForAllocation", Time since last: 3301288456 ns, Reaching safepoint: 99665 ns, At safepoint: 15775773 ns, Total: 15875438 ns
[2023-03-15T03:59:33.258+0000][69][safepoint   ] Safepoint "Cleanup", Time since last: 1000546814 ns, Reaching safepoint: 205258 ns, At safepoint: 10120 ns, Total: 215378 ns
[2023-03-15T03:59:37.265+0000][69][safepoint   ] Safepoint "Cleanup", Time since last: 4006631638 ns, Reaching safepoint: 262680 ns, At safepoint: 13812 ns, Total: 276492 ns
[2023-03-15T03:59:38.268+0000][69][safepoint   ] Safepoint "Cleanup", Time since last: 1002675060 ns, Reaching safepoint: 183680 ns, At safepoint: 4893 ns, Total: 188573 ns
[2023-03-15T03:59:43.276+0000][69][safepoint   ] Safepoint "Cleanup", Time since last: 5007754849 ns, Reaching safepoint: 331367 ns, At safepoint: 11398 ns, Total: 342765 ns
[2023-03-15T03:59:44.280+0000][69][safepoint   ] Safepoint "Cleanup", Time since last: 1003579980 ns, Reaching safepoint: 143926 ns, At safepoint: 12069 ns, Total: 155995 ns
[2023-03-15T03:59:50.268+0000][69][safepoint   ] Safepoint "Cleanup", Time since last: 6009757514 ns, Reaching safepoint: 144630 ns, At safepoint: 7278 ns, Total: 151908 ns
[2023-03-15T03:59:52.271+0000][69][safepoint   ] Safepoint "Cleanup", Time since last: 2002260456 ns, Reaching safepoint: 588576 ns, At safepoint: 71987 ns, Total: 660563 ns
[2023-03-15T04:00:02.214+0000][69][gc,start    ] GC(124) Pause Young (Concurrent Start) (G1 Evacuation Pause)
[2023-03-15T04:00:02.215+0000][69][gc,task     ] GC(124) Using 4 workers of 4 for evacuation
[2023-03-15T04:00:02.216+0000][69][gc,age      ] GC(124) Desired survivor size 6291456 bytes, new threshold 15 (max threshold 15)
[2023-03-15T04:00:02.220+0000][69][gc,phases   ] GC(124)   Pre Evacuate Collection Set: 0.4ms
[2023-03-15T04:00:02.221+0000][69][gc,phases   ] GC(124)   Merge Heap Roots: 0.1ms
[2023-03-15T04:00:02.222+0000][69][gc,phases   ] GC(124)   Evacuate Collection Set: 3.1ms
[2023-03-15T04:00:02.222+0000][69][gc,phases   ] GC(124)   Post Evacuate Collection Set: 0.8ms
[2023-03-15T04:00:02.223+0000][69][gc,phases   ] GC(124)   Other: 1.1ms
[2023-03-15T04:00:02.223+0000][69][gc,age      ] GC(124) Age table with threshold 15 (max threshold 15)
[2023-03-15T04:00:02.224+0000][69][gc,age      ] GC(124) - age   1:    1513496 bytes,    1513496 total
[2023-03-15T04:00:02.224+0000][69][gc,age      ] GC(124) - age   2:    1341792 bytes,    2855288 total
[2023-03-15T04:00:02.224+0000][69][gc,age      ] GC(124) - age   3:     151496 bytes,    3006784 total
[2023-03-15T04:00:02.225+0000][69][gc,age      ] GC(124) - age   4:      30248 bytes,    3037032 total
[2023-03-15T04:00:02.225+0000][69][gc,age      ] GC(124) - age   5:      33656 bytes,    3070688 total
[2023-03-15T04:00:02.226+0000][69][gc,age      ] GC(124) - age   6:     104608 bytes,    3175296 total
[2023-03-15T04:00:02.226+0000][69][gc,age      ] GC(124) - age   7:        544 bytes,    3175840 total
[2023-03-15T04:00:02.227+0000][69][gc,age      ] GC(124) - age   8:      52144 bytes,    3227984 total
[2023-03-15T04:00:02.227+0000][69][gc,age      ] GC(124) - age   9:        176 bytes,    3228160 total
[2023-03-15T04:00:02.228+0000][69][gc,age      ] GC(124) - age  10:        440 bytes,    3228600 total
[2023-03-15T04:00:02.228+0000][69][gc,age      ] GC(124) - age  11:       1048 bytes,    3229648 total
[2023-03-15T04:00:02.229+0000][69][gc,age      ] GC(124) - age  12:       1120 bytes,    3230768 total
[2023-03-15T04:00:02.229+0000][69][gc,age      ] GC(124) - age  13:       4584 bytes,    3235352 total
[2023-03-15T04:00:02.230+0000][69][gc,age      ] GC(124) - age  14:       3056 bytes,    3238408 total
[2023-03-15T04:00:02.230+0000][69][gc,age      ] GC(124) - age  15:      13920 bytes,    3252328 total
[2023-03-15T04:00:02.230+0000][69][gc,heap     ] GC(124) Eden regions: 22->0(22)
[2023-03-15T04:00:02.231+0000][69][gc,heap     ] GC(124) Survivor regions: 1->1(3)
[2023-03-15T04:00:02.231+0000][69][gc,heap     ] GC(124) Old regions: 25->25
[2023-03-15T04:00:02.232+0000][69][gc,heap     ] GC(124) Archive regions: 2->2
[2023-03-15T04:00:02.232+0000][69][gc,heap     ] GC(124) Humongous regions: 2->2
[2023-03-15T04:00:02.233+0000][69][gc,metaspace] GC(124) Metaspace: 140550K(144128K)->140550K(144128K) NonClass: 122503K(124032K)->122503K(124032K) Class: 18047K(20096K)->18047K(20096K)
[2023-03-15T04:00:02.233+0000][69][gc          ] GC(124) Pause Young (Concurrent Start) (G1 Evacuation Pause) 200M->112M(256M) 18.744ms
[2023-03-15T04:00:02.234+0000][69][gc          ] GC(125) Concurrent Mark Cycle
[2023-03-15T04:00:02.234+0000][69][gc,marking  ] GC(125) Concurrent Clear Claimed Marks
[2023-03-15T04:00:02.234+0000][69][gc,cpu      ] GC(124) User=0.01s Sys=0.00s Real=0.02s
[2023-03-15T04:00:02.235+0000][69][gc,marking  ] GC(125) Concurrent Clear Claimed Marks 0.742ms
[2023-03-15T04:00:02.237+0000][69][gc,marking  ] GC(125) Concurrent Scan Root Regions
[2023-03-15T04:00:02.235+0000][69][safepoint   ] Safepoint "G1CollectForAllocation", Time since last: 9943716870 ns, Reaching safepoint: 74077 ns, At safepoint: 20887170 ns, Total: 20961247 ns
[2023-03-15T04:00:02.240+0000][69][gc,marking  ] GC(125) Concurrent Scan Root Regions 3.583ms
[2023-03-15T04:00:02.241+0000][69][gc,marking  ] GC(125) Concurrent Mark
[2023-03-15T04:00:02.245+0000][69][gc,marking  ] GC(125) Concurrent Mark From Roots
[2023-03-15T04:00:02.246+0000][69][gc,task     ] GC(125) Using 1 workers of 1 for marking
[2023-03-15T04:00:02.376+0000][69][gc,marking  ] GC(125) Concurrent Mark From Roots 130.772ms
[2023-03-15T04:00:02.376+0000][69][gc,marking  ] GC(125) Concurrent Preclean
[2023-03-15T04:00:02.377+0000][69][gc,marking  ] GC(125) Concurrent Preclean 0.867ms
[2023-03-15T04:00:02.378+0000][69][gc,start    ] GC(125) Pause Remark
[2023-03-15T04:00:02.388+0000][69][gc          ] GC(125) Pause Remark 125M->125M(256M) 10.528ms
[2023-03-15T04:00:02.389+0000][69][gc,cpu      ] GC(125) User=0.03s Sys=0.00s Real=0.01s
[2023-03-15T04:00:02.389+0000][69][safepoint   ] Safepoint "G1PauseRemark", Time since last: 142207183 ns, Reaching safepoint: 178290 ns, At safepoint: 11803138 ns, Total: 11981428 ns
[2023-03-15T04:00:02.390+0000][69][gc,marking  ] GC(125) Concurrent Mark 148.952ms
[2023-03-15T04:00:02.391+0000][69][gc,marking  ] GC(125) Concurrent Rebuild Remembered Sets
[2023-03-15T04:00:02.445+0000][69][gc,marking  ] GC(125) Concurrent Rebuild Remembered Sets 54.034ms
[2023-03-15T04:00:02.446+0000][69][gc,start    ] GC(125) Pause Cleanup
[2023-03-15T04:00:02.446+0000][69][gc          ] GC(125) Pause Cleanup 126M->126M(256M) 0.656ms
[2023-03-15T04:00:02.447+0000][69][gc,cpu      ] GC(125) User=0.00s Sys=0.00s Real=0.00s
[2023-03-15T04:00:02.447+0000][69][safepoint   ] Safepoint "G1PauseCleanup", Time since last: 56160977 ns, Reaching safepoint: 127806 ns, At safepoint: 1648304 ns, Total: 1776110 ns
[2023-03-15T04:00:02.448+0000][69][gc,marking  ] GC(125) Concurrent Cleanup for Next Mark
[2023-03-15T04:00:02.449+0000][69][gc,marking  ] GC(125) Concurrent Cleanup for Next Mark 0.738ms
[2023-03-15T04:00:02.449+0000][69][gc          ] GC(125) Concurrent Mark Cycle 215.564ms
[2023-03-15T04:00:05.450+0000][69][safepoint   ] Safepoint "Cleanup", Time since last: 3002647976 ns, Reaching safepoint: 324712 ns, At safepoint: 6432 ns, Total: 331144 ns
[2023-03-15T04:00:11.460+0000][69][safepoint   ] Safepoint "Cleanup", Time since last: 6009041929 ns, Reaching safepoint: 262456 ns, At safepoint: 10826 ns, Total: 273282 ns
[2023-03-15T04:00:12.462+0000][69][safepoint   ] Safepoint "Cleanup", Time since last: 1002543853 ns, Reaching safepoint: 109965 ns, At safepoint: 23337 ns, Total: 133302 ns
[2023-03-15T04:00:14.467+0000][69][safepoint   ] Safepoint "Cleanup", Time since last: 2004149376 ns, Reaching safepoint: 331524 ns, At safepoint: 11210 ns, Total: 342734 ns
[2023-03-15T04:00:18.456+0000][69][safepoint   ] Safepoint "Cleanup", Time since last: 4010361890 ns, Reaching safepoint: 729400 ns, At safepoint: 44768 ns, Total: 774168 ns
[2023-03-15T04:00:20.465+0000][69][safepoint   ] Safepoint "Cleanup", Time since last: 2008025056 ns, Reaching safepoint: 896446 ns, At safepoint: 44283 ns, Total: 940729 ns
[2023-03-15T04:00:21.016+0000][69][gc,start    ] GC(126) Pause Young (Normal) (G1 Evacuation Pause)
[2023-03-15T04:00:21.017+0000][69][gc,task     ] GC(126) Using 4 workers of 4 for evacuation
[2023-03-15T04:00:21.017+0000][69][gc,age      ] GC(126) Desired survivor size 6291456 bytes, new threshold 15 (max threshold 15)
[2023-03-15T04:00:21.021+0000][69][gc,phases   ] GC(126)   Pre Evacuate Collection Set: 0.2ms
[2023-03-15T04:00:21.022+0000][69][gc,phases   ] GC(126)   Merge Heap Roots: 0.1ms
[2023-03-15T04:00:21.022+0000][69][gc,phases   ] GC(126)   Evacuate Collection Set: 2.4ms
[2023-03-15T04:00:21.023+0000][69][gc,phases   ] GC(126)   Post Evacuate Collection Set: 0.8ms
[2023-03-15T04:00:21.023+0000][69][gc,phases   ] GC(126)   Other: 1.0ms
[2023-03-15T04:00:21.024+0000][69][gc,age      ] GC(126) Age table with threshold 15 (max threshold 15)
[2023-03-15T04:00:21.024+0000][69][gc,age      ] GC(126) - age   1:    1613176 bytes,    1613176 total
[2023-03-15T04:00:21.025+0000][69][gc,age      ] GC(126) - age   2:     164384 bytes,    1777560 total
[2023-03-15T04:00:21.025+0000][69][gc,age      ] GC(126) - age   3:    1330920 bytes,    3108480 total
[2023-03-15T04:00:21.025+0000][69][gc,age      ] GC(126) - age   4:      18912 bytes,    3127392 total
[2023-03-15T04:00:21.026+0000][69][gc,age      ] GC(126) - age   5:      25576 bytes,    3152968 total
[2023-03-15T04:00:21.026+0000][69][gc,age      ] GC(126) - age   6:      33656 bytes,    3186624 total
[2023-03-15T04:00:21.027+0000][69][gc,age      ] GC(126) - age   7:     104480 bytes,    3291104 total
[2023-03-15T04:00:21.027+0000][69][gc,age      ] GC(126) - age   8:        544 bytes,    3291648 total
[2023-03-15T04:00:21.028+0000][69][gc,age      ] GC(126) - age   9:      52144 bytes,    3343792 total
[2023-03-15T04:00:21.028+0000][69][gc,age      ] GC(126) - age  10:        112 bytes,    3343904 total
[2023-03-15T04:00:21.029+0000][69][gc,age      ] GC(126) - age  11:        440 bytes,    3344344 total
[2023-03-15T04:00:21.029+0000][69][gc,age      ] GC(126) - age  12:       1048 bytes,    3345392 total
[2023-03-15T04:00:21.030+0000][69][gc,age      ] GC(126) - age  13:       1120 bytes,    3346512 total
[2023-03-15T04:00:21.030+0000][69][gc,age      ] GC(126) - age  14:       4584 bytes,    3351096 total
[2023-03-15T04:00:21.030+0000][69][gc,age      ] GC(126) - age  15:       3056 bytes,    3354152 total
[2023-03-15T04:00:21.031+0000][69][gc,heap     ] GC(126) Eden regions: 22->0(22)
[2023-03-15T04:00:21.031+0000][69][gc,heap     ] GC(126) Survivor regions: 1->1(3)
[2023-03-15T04:00:21.032+0000][69][gc,heap     ] GC(126) Old regions: 25->25
[2023-03-15T04:00:21.032+0000][69][gc,heap     ] GC(126) Archive regions: 2->2
[2023-03-15T04:00:21.033+0000][69][gc,heap     ] GC(126) Humongous regions: 2->2
[2023-03-15T04:00:21.033+0000][69][gc,metaspace] GC(126) Metaspace: 140574K(144128K)->140574K(144128K) NonClass: 122526K(124032K)->122526K(124032K) Class: 18047K(20096K)->18047K(20096K)
[2023-03-15T04:00:21.034+0000][69][gc          ] GC(126) Pause Young (Normal) (G1 Evacuation Pause) 200M->112M(256M) 17.559ms
[2023-03-15T04:00:21.034+0000][69][gc,cpu      ] GC(126) User=0.01s Sys=0.00s Real=0.02s
[2023-03-15T04:00:21.034+0000][69][safepoint   ] Safepoint "G1CollectForAllocation", Time since last: 550406427 ns, Reaching safepoint: 122009 ns, At safepoint: 18481481 ns, Total: 18603490 ns
[2023-03-15T04:00:22.035+0000][69][safepoint   ] Safepoint "Cleanup", Time since last: 1000702179 ns, Reaching safepoint: 74834 ns, At safepoint: 3759 ns, Total: 78593 ns
[2023-03-15T04:00:23.038+0000][69][safepoint   ] Safepoint "Cleanup", Time since last: 1001849602 ns, Reaching safepoint: 866899 ns, At safepoint: 18458 ns, Total: 885357 ns
[2023-03-15T04:00:26.043+0000][69][safepoint   ] Safepoint "Cleanup", Time since last: 3004927240 ns, Reaching safepoint: 199899 ns, At safepoint: 30372 ns, Total: 230271 ns
[2023-03-15T04:00:46.061+0000][69][safepoint   ] Safepoint "Cleanup", Time since last: 20016639761 ns, Reaching safepoint: 898786 ns, At safepoint: 18250 ns, Total: 917036 ns
[2023-03-15T04:00:48.614+0000][69][gc,start    ] GC(127) Pause Young (Concurrent Start) (G1 Evacuation Pause)
[2023-03-15T04:00:48.615+0000][69][gc,task     ] GC(127) Using 4 workers of 4 for evacuation
[2023-03-15T04:00:48.616+0000][69][gc,age      ] GC(127) Desired survivor size 6291456 bytes, new threshold 15 (max threshold 15)
[2023-03-15T04:00:48.620+0000][69][gc,phases   ] GC(127)   Pre Evacuate Collection Set: 0.3ms
[2023-03-15T04:00:48.620+0000][69][gc,phases   ] GC(127)   Merge Heap Roots: 0.1ms
[2023-03-15T04:00:48.621+0000][69][gc,phases   ] GC(127)   Evacuate Collection Set: 1.8ms
[2023-03-15T04:00:48.622+0000][69][gc,phases   ] GC(127)   Post Evacuate Collection Set: 1.0ms
[2023-03-15T04:00:48.623+0000][69][gc,phases   ] GC(127)   Other: 1.1ms
[2023-03-15T04:00:48.623+0000][69][gc,age      ] GC(127) Age table with threshold 15 (max threshold 15)
[2023-03-15T04:00:48.623+0000][69][gc,age      ] GC(127) - age   1:     684176 bytes,     684176 total
[2023-03-15T04:00:48.624+0000][69][gc,age      ] GC(127) - age   2:      28384 bytes,     712560 total
[2023-03-15T04:00:48.625+0000][69][gc,age      ] GC(127) - age   3:      14552 bytes,     727112 total
[2023-03-15T04:00:48.625+0000][69][gc,age      ] GC(127) - age   4:    1168560 bytes,    1895672 total
[2023-03-15T04:00:48.626+0000][69][gc,age      ] GC(127) - age   5:      18848 bytes,    1914520 total
[2023-03-15T04:00:48.627+0000][69][gc,age      ] GC(127) - age   6:      21248 bytes,    1935768 total
[2023-03-15T04:00:48.627+0000][69][gc,age      ] GC(127) - age   7:       4168 bytes,    1939936 total
[2023-03-15T04:00:48.628+0000][69][gc,age      ] GC(127) - age   8:     104480 bytes,    2044416 total
[2023-03-15T04:00:48.628+0000][69][gc,age      ] GC(127) - age   9:        544 bytes,    2044960 total
[2023-03-15T04:00:48.629+0000][69][gc,age      ] GC(127) - age  10:      52144 bytes,    2097104 total
[2023-03-15T04:00:48.629+0000][69][gc,age      ] GC(127) - age  11:        112 bytes,    2097216 total
[2023-03-15T04:00:48.630+0000][69][gc,age      ] GC(127) - age  12:        440 bytes,    2097656 total
[2023-03-15T04:00:48.631+0000][69][gc,age      ] GC(127) - age  13:       1048 bytes,    2098704 total
[2023-03-15T04:00:48.631+0000][69][gc,age      ] GC(127) - age  14:       1120 bytes,    2099824 total
[2023-03-15T04:00:48.632+0000][69][gc,age      ] GC(127) - age  15:       4584 bytes,    2104408 total
[2023-03-15T04:00:48.632+0000][69][gc,heap     ] GC(127) Eden regions: 22->0(22)
[2023-03-15T04:00:48.633+0000][69][gc,heap     ] GC(127) Survivor regions: 1->1(3)
[2023-03-15T04:00:48.633+0000][69][gc,heap     ] GC(127) Old regions: 25->25
[2023-03-15T04:00:48.633+0000][69][gc,heap     ] GC(127) Archive regions: 2->2
[2023-03-15T04:00:48.634+0000][69][gc,heap     ] GC(127) Humongous regions: 2->2
[2023-03-15T04:00:48.634+0000][69][gc,metaspace] GC(127) Metaspace: 140601K(144128K)->140601K(144128K) NonClass: 122552K(124032K)->122552K(124032K) Class: 18048K(20096K)->18048K(20096K)
[2023-03-15T04:00:48.635+0000][69][gc          ] GC(127) Pause Young (Concurrent Start) (G1 Evacuation Pause) 200M->111M(256M) 20.896ms
[2023-03-15T04:00:48.636+0000][69][gc,cpu      ] GC(127) User=0.01s Sys=0.00s Real=0.02s
[2023-03-15T04:00:48.636+0000][69][gc          ] GC(128) Concurrent Mark Cycle
[2023-03-15T04:00:48.637+0000][69][gc,marking  ] GC(128) Concurrent Clear Claimed Marks
[2023-03-15T04:00:48.637+0000][69][safepoint   ] Safepoint "G1CollectForAllocation", Time since last: 2575541331 ns, Reaching safepoint: 202524 ns, At safepoint: 22573268 ns, Total: 22775792 ns
[2023-03-15T04:00:48.641+0000][69][gc,marking  ] GC(128) Concurrent Clear Claimed Marks 3.324ms
[2023-03-15T04:00:48.642+0000][69][gc,marking  ] GC(128) Concurrent Scan Root Regions
[2023-03-15T04:00:48.645+0000][69][gc,marking  ] GC(128) Concurrent Scan Root Regions 2.750ms
[2023-03-15T04:00:48.646+0000][69][gc,marking  ] GC(128) Concurrent Mark
[2023-03-15T04:00:48.646+0000][69][gc,marking  ] GC(128) Concurrent Mark From Roots
[2023-03-15T04:00:48.647+0000][69][gc,task     ] GC(128) Using 1 workers of 1 for marking
[2023-03-15T04:00:48.752+0000][69][gc,marking  ] GC(128) Concurrent Mark From Roots 105.691ms
[2023-03-15T04:00:48.753+0000][69][gc,marking  ] GC(128) Concurrent Preclean
[2023-03-15T04:00:48.754+0000][69][gc,marking  ] GC(128) Concurrent Preclean 1.153ms
[2023-03-15T04:00:48.755+0000][69][gc,start    ] GC(128) Pause Remark
[2023-03-15T04:00:48.765+0000][69][gc          ] GC(128) Pause Remark 112M->112M(256M) 9.903ms
[2023-03-15T04:00:48.766+0000][69][gc,cpu      ] GC(128) User=0.03s Sys=0.00s Real=0.01s
[2023-03-15T04:00:48.767+0000][69][safepoint   ] Safepoint "G1PauseRemark", Time since last: 118430321 ns, Reaching safepoint: 135621 ns, At safepoint: 11892774 ns, Total: 12028395 ns
[2023-03-15T04:00:48.768+0000][69][gc,marking  ] GC(128) Concurrent Mark 122.059ms
[2023-03-15T04:00:48.768+0000][69][gc,marking  ] GC(128) Concurrent Rebuild Remembered Sets
[2023-03-15T04:00:48.822+0000][69][gc,marking  ] GC(128) Concurrent Rebuild Remembered Sets 53.619ms
[2023-03-15T04:00:48.823+0000][69][gc,start    ] GC(128) Pause Cleanup
[2023-03-15T04:00:48.824+0000][69][gc          ] GC(128) Pause Cleanup 112M->112M(256M) 0.833ms
[2023-03-15T04:00:48.825+0000][69][gc,cpu      ] GC(128) User=0.00s Sys=0.00s Real=0.00s
[2023-03-15T04:00:48.825+0000][69][safepoint   ] Safepoint "G1PauseCleanup", Time since last: 56027993 ns, Reaching safepoint: 116252 ns, At safepoint: 1959304 ns, Total: 2075556 ns
[2023-03-15T04:00:48.826+0000][69][gc,marking  ] GC(128) Concurrent Cleanup for Next Mark
[2023-03-15T04:00:48.826+0000][69][gc,marking  ] GC(128) Concurrent Cleanup for Next Mark 0.640ms
[2023-03-15T04:00:48.827+0000][69][gc          ] GC(128) Concurrent Mark Cycle 190.794ms
[2023-03-15T04:00:50.828+0000][69][safepoint   ] Safepoint "Cleanup", Time since last: 2002145112 ns, Reaching safepoint: 345142 ns, At safepoint: 11083 ns, Total: 356225 ns
[2023-03-15T04:00:52.832+0000][69][safepoint   ] Safepoint "Cleanup", Time since last: 2004219978 ns, Reaching safepoint: 346259 ns, At safepoint: 12306 ns, Total: 358565 ns
[2023-03-15T04:00:56.841+0000][69][safepoint   ] Safepoint "Cleanup", Time since last: 4008383849 ns, Reaching safepoint: 372823 ns, At safepoint: 10929 ns, Total: 383752 ns
[2023-03-15T04:01:03.851+0000][69][safepoint   ] Safepoint "Cleanup", Time since last: 7009375936 ns, Reaching safepoint: 446977 ns, At safepoint: 12920 ns, Total: 459897 ns
[2023-03-15T04:01:04.855+0000][69][safepoint   ] Safepoint "Cleanup", Time since last: 1003460306 ns, Reaching safepoint: 280232 ns, At safepoint: 12713 ns, Total: 292945 ns
[2023-03-15T04:01:05.859+0000][69][safepoint   ] Safepoint "Cleanup", Time since last: 1004133910 ns, Reaching safepoint: 332141 ns, At safepoint: 9830 ns, Total: 341971 ns
[2023-03-15T04:01:14.306+0000][69][gc,start    ] GC(129) Pause Young (Normal) (G1 Evacuation Pause)
[2023-03-15T04:01:14.307+0000][69][gc,task     ] GC(129) Using 4 workers of 4 for evacuation
[2023-03-15T04:01:14.308+0000][69][gc,age      ] GC(129) Desired survivor size 6291456 bytes, new threshold 15 (max threshold 15)
[2023-03-15T04:01:14.315+0000][69][gc,phases   ] GC(129)   Pre Evacuate Collection Set: 0.1ms
[2023-03-15T04:01:14.317+0000][69][gc,phases   ] GC(129)   Merge Heap Roots: 0.1ms
[2023-03-15T04:01:14.317+0000][69][gc,phases   ] GC(129)   Evacuate Collection Set: 4.7ms
[2023-03-15T04:01:14.318+0000][69][gc,phases   ] GC(129)   Post Evacuate Collection Set: 1.3ms
[2023-03-15T04:01:14.319+0000][69][gc,phases   ] GC(129)   Other: 1.9ms
[2023-03-15T04:01:14.320+0000][69][gc,age      ] GC(129) Age table with threshold 15 (max threshold 15)
[2023-03-15T04:01:14.320+0000][69][gc,age      ] GC(129) - age   1:    2301976 bytes,    2301976 total
[2023-03-15T04:01:14.321+0000][69][gc,age      ] GC(129) - age   2:     487728 bytes,    2789704 total
[2023-03-15T04:01:14.322+0000][69][gc,age      ] GC(129) - age   3:      17928 bytes,    2807632 total
[2023-03-15T04:01:14.323+0000][69][gc,age      ] GC(129) - age   4:      13568 bytes,    2821200 total
[2023-03-15T04:01:14.323+0000][69][gc,age      ] GC(129) - age   5:    1152080 bytes,    3973280 total
[2023-03-15T04:01:14.324+0000][69][gc,age      ] GC(129) - age   6:      18784 bytes,    3992064 total
[2023-03-15T04:01:14.324+0000][69][gc,age      ] GC(129) - age   7:      21184 bytes,    4013248 total
[2023-03-15T04:01:14.325+0000][69][gc,age      ] GC(129) - age   8:       3872 bytes,    4017120 total
[2023-03-15T04:01:14.325+0000][69][gc,age      ] GC(129) - age   9:     104480 bytes,    4121600 total
[2023-03-15T04:01:14.326+0000][69][gc,age      ] GC(129) - age  10:        544 bytes,    4122144 total
[2023-03-15T04:01:14.327+0000][69][gc,age      ] GC(129) - age  11:      52144 bytes,    4174288 total
[2023-03-15T04:01:14.327+0000][69][gc,age      ] GC(129) - age  12:        112 bytes,    4174400 total
[2023-03-15T04:01:14.328+0000][69][gc,age      ] GC(129) - age  13:        440 bytes,    4174840 total
[2023-03-15T04:01:14.328+0000][69][gc,age      ] GC(129) - age  14:       1048 bytes,    4175888 total
[2023-03-15T04:01:14.329+0000][69][gc,age      ] GC(129) - age  15:       1120 bytes,    4177008 total
[2023-03-15T04:01:14.330+0000][69][gc,heap     ] GC(129) Eden regions: 22->0(21)
[2023-03-15T04:01:14.331+0000][69][gc,heap     ] GC(129) Survivor regions: 1->2(3)
[2023-03-15T04:01:14.331+0000][69][gc,heap     ] GC(129) Old regions: 25->25
[2023-03-15T04:01:14.332+0000][69][gc,heap     ] GC(129) Archive regions: 2->2
[2023-03-15T04:01:14.333+0000][69][gc,heap     ] GC(129) Humongous regions: 2->2
[2023-03-15T04:01:14.333+0000][69][gc,metaspace] GC(129) Metaspace: 140617K(144128K)->140617K(144128K) NonClass: 122569K(124032K)->122569K(124032K) Class: 18048K(20096K)->18048K(20096K)
[2023-03-15T04:01:14.334+0000][69][gc          ] GC(129) Pause Young (Normal) (G1 Evacuation Pause) 199M->113M(256M) 27.786ms
[2023-03-15T04:01:14.334+0000][69][gc,cpu      ] GC(129) User=0.03s Sys=0.01s Real=0.03s
[2023-03-15T04:01:14.335+0000][69][safepoint   ] Safepoint "G1CollectForAllocation", Time since last: 8446712600 ns, Reaching safepoint: 106208 ns, At safepoint: 28853309 ns, Total: 28959517 ns
[2023-03-15T04:01:15.338+0000][69][safepoint   ] Safepoint "Cleanup", Time since last: 1002277004 ns, Reaching safepoint: 510759 ns, At safepoint: 20084 ns, Total: 530843 ns
[2023-03-15T04:01:20.327+0000][69][safepoint   ] Safepoint "Cleanup", Time since last: 5010312198 ns, Reaching safepoint: 773660 ns, At safepoint: 37991 ns, Total: 811651 ns
[2023-03-15T04:01:32.345+0000][69][safepoint   ] Safepoint "Cleanup", Time since last: 12017580708 ns, Reaching safepoint: 141215 ns, At safepoint: 4602 ns, Total: 145817 ns
[2023-03-15T04:01:35.349+0000][69][safepoint   ] Safepoint "Cleanup", Time since last: 3003698061 ns, Reaching safepoint: 499896 ns, At safepoint: 10202 ns, Total: 510098 ns
[2023-03-15T04:01:38.161+0000][69][gc,start    ] GC(130) Pause Young (Concurrent Start) (G1 Evacuation Pause)
[2023-03-15T04:01:38.162+0000][69][gc,task     ] GC(130) Using 4 workers of 4 for evacuation
[2023-03-15T04:01:38.163+0000][69][gc,age      ] GC(130) Desired survivor size 6291456 bytes, new threshold 15 (max threshold 15)
[2023-03-15T04:01:38.168+0000][69][gc,phases   ] GC(130)   Pre Evacuate Collection Set: 0.4ms
[2023-03-15T04:01:38.169+0000][69][gc,phases   ] GC(130)   Merge Heap Roots: 0.1ms
[2023-03-15T04:01:38.170+0000][69][gc,phases   ] GC(130)   Evacuate Collection Set: 3.4ms
[2023-03-15T04:01:38.170+0000][69][gc,phases   ] GC(130)   Post Evacuate Collection Set: 0.7ms
[2023-03-15T04:01:38.171+0000][69][gc,phases   ] GC(130)   Other: 1.3ms
[2023-03-15T04:01:38.171+0000][69][gc,age      ] GC(130) Age table with threshold 15 (max threshold 15)
[2023-03-15T04:01:38.171+0000][69][gc,age      ] GC(130) - age   1:    1762584 bytes,    1762584 total
[2023-03-15T04:01:38.172+0000][69][gc,age      ] GC(130) - age   2:     384544 bytes,    2147128 total
[2023-03-15T04:01:38.172+0000][69][gc,age      ] GC(130) - age   3:     359320 bytes,    2506448 total
[2023-03-15T04:01:38.173+0000][69][gc,age      ] GC(130) - age   4:      16576 bytes,    2523024 total
[2023-03-15T04:01:38.173+0000][69][gc,age      ] GC(130) - age   5:      13440 bytes,    2536464 total
[2023-03-15T04:01:38.174+0000][69][gc,age      ] GC(130) - age   6:    1152016 bytes,    3688480 total
[2023-03-15T04:01:38.174+0000][69][gc,age      ] GC(130) - age   7:       2216 bytes,    3690696 total
[2023-03-15T04:01:38.175+0000][69][gc,age      ] GC(130) - age   8:      21184 bytes,    3711880 total
[2023-03-15T04:01:38.175+0000][69][gc,age      ] GC(130) - age   9:       3872 bytes,    3715752 total
[2023-03-15T04:01:38.176+0000][69][gc,age      ] GC(130) - age  10:     104184 bytes,    3819936 total
[2023-03-15T04:01:38.177+0000][69][gc,age      ] GC(130) - age  11:        544 bytes,    3820480 total
[2023-03-15T04:01:38.177+0000][69][gc,age      ] GC(130) - age  12:      52144 bytes,    3872624 total
[2023-03-15T04:01:38.177+0000][69][gc,age      ] GC(130) - age  13:        112 bytes,    3872736 total
[2023-03-15T04:01:38.178+0000][69][gc,age      ] GC(130) - age  14:        440 bytes,    3873176 total
[2023-03-15T04:01:38.178+0000][69][gc,age      ] GC(130) - age  15:       1048 bytes,    3874224 total
[2023-03-15T04:01:38.179+0000][69][gc,heap     ] GC(130) Eden regions: 21->0(22)
[2023-03-15T04:01:38.179+0000][69][gc,heap     ] GC(130) Survivor regions: 2->1(3)
[2023-03-15T04:01:38.180+0000][69][gc,heap     ] GC(130) Old regions: 25->25
[2023-03-15T04:01:38.180+0000][69][gc,heap     ] GC(130) Archive regions: 2->2
[2023-03-15T04:01:38.181+0000][69][gc,heap     ] GC(130) Humongous regions: 2->2
[2023-03-15T04:01:38.181+0000][69][gc,metaspace] GC(130) Metaspace: 140627K(144128K)->140627K(144128K) NonClass: 122578K(124032K)->122578K(124032K) Class: 18048K(20096K)->18048K(20096K)
[2023-03-15T04:01:38.182+0000][69][gc          ] GC(130) Pause Young (Concurrent Start) (G1 Evacuation Pause) 197M->113M(256M) 20.284ms
[2023-03-15T04:01:38.182+0000][69][gc          ] GC(131) Concurrent Mark Cycle
[2023-03-15T04:01:38.183+0000][69][gc,marking  ] GC(131) Concurrent Clear Claimed Marks
[2023-03-15T04:01:38.182+0000][69][gc,cpu      ] GC(130) User=0.01s Sys=0.00s Real=0.02s
[2023-03-15T04:01:38.184+0000][69][gc,marking  ] GC(131) Concurrent Clear Claimed Marks 1.012ms
[2023-03-15T04:01:38.184+0000][69][gc,marking  ] GC(131) Concurrent Scan Root Regions
[2023-03-15T04:01:38.184+0000][69][safepoint   ] Safepoint "G1CollectForAllocation", Time since last: 2812436640 ns, Reaching safepoint: 38933 ns, At safepoint: 22565907 ns, Total: 22604840 ns
[2023-03-15T04:01:38.188+0000][69][gc,marking  ] GC(131) Concurrent Scan Root Regions 3.740ms
[2023-03-15T04:01:38.189+0000][69][gc,marking  ] GC(131) Concurrent Mark
[2023-03-15T04:01:38.190+0000][69][gc,marking  ] GC(131) Concurrent Mark From Roots
[2023-03-15T04:01:38.190+0000][69][gc,task     ] GC(131) Using 1 workers of 1 for marking
[2023-03-15T04:01:38.319+0000][69][gc,marking  ] GC(131) Concurrent Mark From Roots 129.057ms
[2023-03-15T04:01:38.319+0000][69][gc,marking  ] GC(131) Concurrent Preclean
[2023-03-15T04:01:38.321+0000][69][gc,marking  ] GC(131) Concurrent Preclean 1.160ms
[2023-03-15T04:01:38.322+0000][69][gc,start    ] GC(131) Pause Remark
[2023-03-15T04:01:38.333+0000][69][gc          ] GC(131) Pause Remark 122M->122M(256M) 11.251ms
[2023-03-15T04:01:38.334+0000][69][gc,cpu      ] GC(131) User=0.03s Sys=0.00s Real=0.01s
[2023-03-15T04:01:38.335+0000][69][safepoint   ] Safepoint "G1PauseRemark", Time since last: 137661346 ns, Reaching safepoint: 100106 ns, At safepoint: 13474074 ns, Total: 13574180 ns
[2023-03-15T04:01:38.336+0000][69][gc,marking  ] GC(131) Concurrent Mark 146.353ms
[2023-03-15T04:01:38.336+0000][69][gc,marking  ] GC(131) Concurrent Rebuild Remembered Sets
[2023-03-15T04:01:38.388+0000][69][gc,marking  ] GC(131) Concurrent Rebuild Remembered Sets 52.303ms
[2023-03-15T04:01:38.389+0000][69][gc,start    ] GC(131) Pause Cleanup
[2023-03-15T04:01:38.390+0000][69][gc          ] GC(131) Pause Cleanup 122M->122M(256M) 1.018ms
[2023-03-15T04:01:38.391+0000][69][gc,cpu      ] GC(131) User=0.00s Sys=0.00s Real=0.00s
[2023-03-15T04:01:38.392+0000][69][safepoint   ] Safepoint "G1PauseCleanup", Time since last: 53974879 ns, Reaching safepoint: 70599 ns, At safepoint: 2745981 ns, Total: 2816580 ns
[2023-03-15T04:01:38.392+0000][69][gc,marking  ] GC(131) Concurrent Cleanup for Next Mark
[2023-03-15T04:01:38.398+0000][69][gc,marking  ] GC(131) Concurrent Cleanup for Next Mark 5.709ms
[2023-03-15T04:01:38.399+0000][69][gc          ] GC(131) Concurrent Mark Cycle 216.638ms
[2023-03-15T04:01:44.398+0000][69][safepoint   ] Safepoint "Cleanup", Time since last: 6005039707 ns, Reaching safepoint: 892439 ns, At safepoint: 41427 ns, Total: 933866 ns
[2023-03-15T04:01:50.380+0000][69][safepoint   ] Safepoint "Cleanup", Time since last: 6007835300 ns, Reaching safepoint: 121305 ns, At safepoint: 4049 ns, Total: 125354 ns
[2023-03-15T04:01:53.383+0000][69][safepoint   ] Safepoint "Cleanup", Time since last: 3002903418 ns, Reaching safepoint: 653512 ns, At safepoint: 128125 ns, Total: 781637 ns
[2023-03-15T04:01:55.390+0000][69][safepoint   ] Safepoint "Cleanup", Time since last: 2005660764 ns, Reaching safepoint: 599443 ns, At safepoint: 13788 ns, Total: 613231 ns
[2023-03-15T04:01:56.395+0000][69][safepoint   ] Safepoint "Cleanup", Time since last: 1004720526 ns, Reaching safepoint: 679246 ns, At safepoint: 23915 ns, Total: 703161 ns
[2023-03-15T04:02:03.410+0000][69][safepoint   ] Safepoint "Cleanup", Time since last: 7013892810 ns, Reaching safepoint: 610170 ns, At safepoint: 48513 ns, Total: 658683 ns
[2023-03-15T04:02:04.413+0000][69][safepoint   ] Safepoint "Cleanup", Time since last: 1003489526 ns, Reaching safepoint: 217506 ns, At safepoint: 6179 ns, Total: 223685 ns
[2023-03-15T04:02:04.896+0000][69][gc,start    ] GC(132) Pause Young (Normal) (G1 Evacuation Pause)
[2023-03-15T04:02:04.898+0000][69][gc,task     ] GC(132) Using 4 workers of 4 for evacuation
[2023-03-15T04:02:04.900+0000][69][gc,age      ] GC(132) Desired survivor size 6291456 bytes, new threshold 15 (max threshold 15)
[2023-03-15T04:02:04.907+0000][69][gc,phases   ] GC(132)   Pre Evacuate Collection Set: 0.3ms
[2023-03-15T04:02:04.908+0000][69][gc,phases   ] GC(132)   Merge Heap Roots: 0.2ms
[2023-03-15T04:02:04.909+0000][69][gc,phases   ] GC(132)   Evacuate Collection Set: 3.7ms
[2023-03-15T04:02:04.910+0000][69][gc,phases   ] GC(132)   Post Evacuate Collection Set: 1.0ms
[2023-03-15T04:02:04.911+0000][69][gc,phases   ] GC(132)   Other: 3.4ms
[2023-03-15T04:02:04.912+0000][69][gc,age      ] GC(132) Age table with threshold 15 (max threshold 15)
[2023-03-15T04:02:04.913+0000][69][gc,age      ] GC(132) - age   1:     386688 bytes,     386688 total
[2023-03-15T04:02:04.914+0000][69][gc,age      ] GC(132) - age   2:       9640 bytes,     396328 total
[2023-03-15T04:02:04.914+0000][69][gc,age      ] GC(132) - age   3:     346608 bytes,     742936 total
[2023-03-15T04:02:04.915+0000][69][gc,age      ] GC(132) - age   4:     236712 bytes,     979648 total
[2023-03-15T04:02:04.916+0000][69][gc,age      ] GC(132) - age   5:      16264 bytes,     995912 total
[2023-03-15T04:02:04.917+0000][69][gc,age      ] GC(132) - age   6:      13080 bytes,    1008992 total
[2023-03-15T04:02:04.917+0000][69][gc,age      ] GC(132) - age   7:    1075184 bytes,    2084176 total
[2023-03-15T04:02:04.919+0000][69][gc,age      ] GC(132) - age   8:       2216 bytes,    2086392 total
[2023-03-15T04:02:04.919+0000][69][gc,age      ] GC(132) - age   9:      21184 bytes,    2107576 total
[2023-03-15T04:02:04.920+0000][69][gc,age      ] GC(132) - age  10:       3872 bytes,    2111448 total
[2023-03-15T04:02:04.920+0000][69][gc,age      ] GC(132) - age  11:      42744 bytes,    2154192 total
[2023-03-15T04:02:04.921+0000][69][gc,age      ] GC(132) - age  12:        544 bytes,    2154736 total
[2023-03-15T04:02:04.921+0000][69][gc,age      ] GC(132) - age  13:      51920 bytes,    2206656 total
[2023-03-15T04:02:04.922+0000][69][gc,age      ] GC(132) - age  14:        112 bytes,    2206768 total
[2023-03-15T04:02:04.922+0000][69][gc,age      ] GC(132) - age  15:        440 bytes,    2207208 total
[2023-03-15T04:02:04.923+0000][69][gc,heap     ] GC(132) Eden regions: 22->0(22)
[2023-03-15T04:02:04.923+0000][69][gc,heap     ] GC(132) Survivor regions: 1->1(3)
[2023-03-15T04:02:04.924+0000][69][gc,heap     ] GC(132) Old regions: 25->25
[2023-03-15T04:02:04.924+0000][69][gc,heap     ] GC(132) Archive regions: 2->2
[2023-03-15T04:02:04.925+0000][69][gc,heap     ] GC(132) Humongous regions: 2->2
[2023-03-15T04:02:04.925+0000][69][gc,metaspace] GC(132) Metaspace: 140647K(144128K)->140647K(144128K) NonClass: 122599K(124032K)->122599K(124032K) Class: 18048K(20096K)->18048K(20096K)
[2023-03-15T04:02:04.926+0000][69][gc          ] GC(132) Pause Young (Normal) (G1 Evacuation Pause) 201M->111M(256M) 29.679ms
[2023-03-15T04:02:04.926+0000][69][gc,cpu      ] GC(132) User=0.01s Sys=0.01s Real=0.03s
[2023-03-15T04:02:04.927+0000][69][safepoint   ] Safepoint "G1CollectForAllocation", Time since last: 482396842 ns, Reaching safepoint: 389289 ns, At safepoint: 30731659 ns, Total: 31120948 ns
[2023-03-15T04:02:08.934+0000][69][safepoint   ] Safepoint "Cleanup", Time since last: 4007053059 ns, Reaching safepoint: 389591 ns, At safepoint: 12419 ns, Total: 402010 ns
[2023-03-15T04:02:13.942+0000][69][safepoint   ] Safepoint "Cleanup", Time since last: 5007138908 ns, Reaching safepoint: 210500 ns, At safepoint: 32189 ns, Total: 242689 ns
[2023-03-15T04:02:14.943+0000][69][safepoint   ] Safepoint "Cleanup", Time since last: 1000924857 ns, Reaching safepoint: 231617 ns, At safepoint: 7961 ns, Total: 239578 ns
[2023-03-15T04:02:16.946+0000][69][safepoint   ] Safepoint "Cleanup", Time since last: 2002958911 ns, Reaching safepoint: 298689 ns, At safepoint: 29559 ns, Total: 328248 ns
[2023-03-15T04:02:17.925+0000][69][safepoint   ] Safepoint "Cleanup", Time since last: 1001333236 ns, Reaching safepoint: 313650 ns, At safepoint: 8633 ns, Total: 322283 ns
[2023-03-15T04:02:20.929+0000][69][safepoint   ] Safepoint "Cleanup", Time since last: 3003895102 ns, Reaching safepoint: 344649 ns, At safepoint: 107383 ns, Total: 452032 ns
[2023-03-15T04:02:21.934+0000][69][safepoint   ] Safepoint "Cleanup", Time since last: 1003943595 ns, Reaching safepoint: 544172 ns, At safepoint: 105473 ns, Total: 649645 ns
[2023-03-15T04:02:22.938+0000][69][safepoint   ] Safepoint "Cleanup", Time since last: 1003031010 ns, Reaching safepoint: 787618 ns, At safepoint: 16986 ns, Total: 804604 ns
[2023-03-15T04:02:25.942+0000][69][safepoint   ] Safepoint "Cleanup", Time since last: 3004167324 ns, Reaching safepoint: 97196 ns, At safepoint: 4219 ns, Total: 101415 ns
[2023-03-15T04:02:26.266+0000][69][gc,start    ] GC(133) Pause Young (Concurrent Start) (G1 Evacuation Pause)
[2023-03-15T04:02:26.268+0000][69][gc,task     ] GC(133) Using 4 workers of 4 for evacuation
[2023-03-15T04:02:26.270+0000][69][gc,age      ] GC(133) Desired survivor size 6291456 bytes, new threshold 15 (max threshold 15)
[2023-03-15T04:02:26.279+0000][69][gc,phases   ] GC(133)   Pre Evacuate Collection Set: 0.9ms
[2023-03-15T04:02:26.280+0000][69][gc,phases   ] GC(133)   Merge Heap Roots: 0.1ms
[2023-03-15T04:02:26.282+0000][69][gc,phases   ] GC(133)   Evacuate Collection Set: 4.8ms
[2023-03-15T04:02:26.283+0000][69][gc,phases   ] GC(133)   Post Evacuate Collection Set: 1.6ms
[2023-03-15T04:02:26.284+0000][69][gc,phases   ] GC(133)   Other: 4.1ms
[2023-03-15T04:02:26.285+0000][69][gc,age      ] GC(133) Age table with threshold 15 (max threshold 15)
[2023-03-15T04:02:26.286+0000][69][gc,age      ] GC(133) - age   1:     734560 bytes,     734560 total
[2023-03-15T04:02:26.286+0000][69][gc,age      ] GC(133) - age   2:     117632 bytes,     852192 total
[2023-03-15T04:02:26.287+0000][69][gc,age      ] GC(133) - age   3:       8624 bytes,     860816 total
[2023-03-15T04:02:26.288+0000][69][gc,age      ] GC(133) - age   4:     345856 bytes,    1206672 total
[2023-03-15T04:02:26.288+0000][69][gc,age      ] GC(133) - age   5:     236648 bytes,    1443320 total
[2023-03-15T04:02:26.289+0000][69][gc,age      ] GC(133) - age   6:      12464 bytes,    1455784 total
[2023-03-15T04:02:26.290+0000][69][gc,age      ] GC(133) - age   7:      13048 bytes,    1468832 total
[2023-03-15T04:02:26.290+0000][69][gc,age      ] GC(133) - age   8:    1070856 bytes,    2539688 total
[2023-03-15T04:02:26.291+0000][69][gc,age      ] GC(133) - age   9:       2216 bytes,    2541904 total
[2023-03-15T04:02:26.292+0000][69][gc,age      ] GC(133) - age  10:      21184 bytes,    2563088 total
[2023-03-15T04:02:26.292+0000][69][gc,age      ] GC(133) - age  11:       3872 bytes,    2566960 total
[2023-03-15T04:02:26.293+0000][69][gc,age      ] GC(133) - age  12:      42744 bytes,    2609704 total
[2023-03-15T04:02:26.293+0000][69][gc,age      ] GC(133) - age  13:        544 bytes,    2610248 total
[2023-03-15T04:02:26.294+0000][69][gc,age      ] GC(133) - age  14:      44344 bytes,    2654592 total
[2023-03-15T04:02:26.294+0000][69][gc,age      ] GC(133) - age  15:        112 bytes,    2654704 total
[2023-03-15T04:02:26.295+0000][69][gc,heap     ] GC(133) Eden regions: 22->0(23)
[2023-03-15T04:02:26.296+0000][69][gc,heap     ] GC(133) Survivor regions: 1->1(3)
[2023-03-15T04:02:26.296+0000][69][gc,heap     ] GC(133) Old regions: 25->25
[2023-03-15T04:02:26.297+0000][69][gc,heap     ] GC(133) Archive regions: 2->2
[2023-03-15T04:02:26.297+0000][69][gc,heap     ] GC(133) Humongous regions: 2->2
[2023-03-15T04:02:26.298+0000][69][gc,metaspace] GC(133) Metaspace: 140658K(144128K)->140658K(144128K) NonClass: 122610K(124032K)->122610K(124032K) Class: 18048K(20096K)->18048K(20096K)
[2023-03-15T04:02:26.298+0000][69][gc          ] GC(133) Pause Young (Concurrent Start) (G1 Evacuation Pause) 199M->112M(256M) 32.565ms
[2023-03-15T04:02:26.299+0000][69][gc,cpu      ] GC(133) User=0.02s Sys=0.00s Real=0.04s
[2023-03-15T04:02:26.299+0000][69][gc          ] GC(134) Concurrent Mark Cycle
[2023-03-15T04:02:26.300+0000][69][gc,marking  ] GC(134) Concurrent Clear Claimed Marks
[2023-03-15T04:02:26.299+0000][69][safepoint   ] Safepoint "G1CollectForAllocation", Time since last: 323555997 ns, Reaching safepoint: 224233 ns, At safepoint: 33613749 ns, Total: 33837982 ns
[2023-03-15T04:02:26.301+0000][69][gc,marking  ] GC(134) Concurrent Clear Claimed Marks 0.968ms
[2023-03-15T04:02:26.302+0000][69][gc,marking  ] GC(134) Concurrent Scan Root Regions
[2023-03-15T04:02:26.305+0000][69][gc,marking  ] GC(134) Concurrent Scan Root Regions 3.674ms
[2023-03-15T04:02:26.306+0000][69][gc,marking  ] GC(134) Concurrent Mark
[2023-03-15T04:02:26.308+0000][69][gc,marking  ] GC(134) Concurrent Mark From Roots
[2023-03-15T04:02:26.308+0000][69][gc,task     ] GC(134) Using 1 workers of 1 for marking
[2023-03-15T04:02:26.409+0000][69][gc,marking  ] GC(134) Concurrent Mark From Roots 101.171ms
[2023-03-15T04:02:26.410+0000][69][gc,marking  ] GC(134) Concurrent Preclean
[2023-03-15T04:02:26.411+0000][69][gc,marking  ] GC(134) Concurrent Preclean 1.058ms
[2023-03-15T04:02:26.412+0000][69][gc,start    ] GC(134) Pause Remark
[2023-03-15T04:02:26.424+0000][69][gc          ] GC(134) Pause Remark 112M->112M(256M) 12.212ms
[2023-03-15T04:02:26.425+0000][69][gc,cpu      ] GC(134) User=0.03s Sys=0.00s Real=0.01s
[2023-03-15T04:02:26.425+0000][69][safepoint   ] Safepoint "G1PauseRemark", Time since last: 112403392 ns, Reaching safepoint: 194078 ns, At safepoint: 13597134 ns, Total: 13791212 ns
[2023-03-15T04:02:26.426+0000][69][gc,marking  ] GC(134) Concurrent Mark 120.304ms
[2023-03-15T04:02:26.427+0000][69][gc,marking  ] GC(134) Concurrent Rebuild Remembered Sets
[2023-03-15T04:02:26.481+0000][69][gc,marking  ] GC(134) Concurrent Rebuild Remembered Sets 54.442ms
[2023-03-15T04:02:26.483+0000][69][gc,start    ] GC(134) Pause Cleanup
[2023-03-15T04:02:26.484+0000][69][gc          ] GC(134) Pause Cleanup 112M->112M(256M) 0.665ms
[2023-03-15T04:02:26.484+0000][69][gc,cpu      ] GC(134) User=0.00s Sys=0.00s Real=0.00s
[2023-03-15T04:02:26.485+0000][69][safepoint   ] Safepoint "G1PauseCleanup", Time since last: 57281673 ns, Reaching safepoint: 98409 ns, At safepoint: 1955875 ns, Total: 2054284 ns
[2023-03-15T04:02:26.485+0000][69][gc,marking  ] GC(134) Concurrent Cleanup for Next Mark
[2023-03-15T04:02:26.486+0000][69][gc,marking  ] GC(134) Concurrent Cleanup for Next Mark 0.776ms
[2023-03-15T04:02:26.487+0000][69][gc          ] GC(134) Concurrent Mark Cycle 187.772ms
[2023-03-15T04:02:32.493+0000][69][safepoint   ] Safepoint "Cleanup", Time since last: 6008159107 ns, Reaching safepoint: 367296 ns, At safepoint: 13141 ns, Total: 380437 ns
[2023-03-15T04:02:34.497+0000][69][safepoint   ] Safepoint "Cleanup", Time since last: 2003590814 ns, Reaching safepoint: 322060 ns, At safepoint: 26979 ns, Total: 349039 ns
[2023-03-15T04:02:35.500+0000][69][safepoint   ] Safepoint "Cleanup", Time since last: 1002444646 ns, Reaching safepoint: 314210 ns, At safepoint: 104363 ns, Total: 418573 ns
[2023-03-15T04:02:38.505+0000][69][safepoint   ] Safepoint "Cleanup", Time since last: 3003970504 ns, Reaching safepoint: 377116 ns, At safepoint: 12898 ns, Total: 390014 ns
[2023-03-15T04:02:40.511+0000][69][safepoint   ] Safepoint "Cleanup", Time since last: 2005879573 ns, Reaching safepoint: 249811 ns, At safepoint: 12044 ns, Total: 261855 ns
[2023-03-15T04:02:41.515+0000][69][safepoint   ] Safepoint "Cleanup", Time since last: 1003801569 ns, Reaching safepoint: 263060 ns, At safepoint: 10020 ns, Total: 273080 ns
[2023-03-15T04:02:43.520+0000][69][safepoint   ] Safepoint "Cleanup", Time since last: 2005219845 ns, Reaching safepoint: 257358 ns, At safepoint: 15163 ns, Total: 272521 ns
[2023-03-15T04:02:46.526+0000][69][safepoint   ] Safepoint "Cleanup", Time since last: 3005688924 ns, Reaching safepoint: 311660 ns, At safepoint: 15195 ns, Total: 326855 ns
[2023-03-15T04:02:49.513+0000][69][safepoint   ] Safepoint "Cleanup", Time since last: 3007992396 ns, Reaching safepoint: 1136884 ns, At safepoint: 55550 ns, Total: 1192434 ns
[2023-03-15T04:02:57.254+0000][69][safepoint   ] Safepoint "Cleanup", Time since last: 7740964695 ns, Reaching safepoint: 86428 ns, At safepoint: 24506 ns, Total: 110934 ns
[2023-03-15T04:02:57.312+0000][69][gc,start    ] GC(135) Pause Young (Normal) (G1 Evacuation Pause)
[2023-03-15T04:02:57.312+0000][69][gc,task     ] GC(135) Using 4 workers of 4 for evacuation
[2023-03-15T04:02:57.313+0000][69][gc,age      ] GC(135) Desired survivor size 6291456 bytes, new threshold 15 (max threshold 15)
[2023-03-15T04:02:57.317+0000][69][gc,phases   ] GC(135)   Pre Evacuate Collection Set: 0.1ms
[2023-03-15T04:02:57.318+0000][69][gc,phases   ] GC(135)   Merge Heap Roots: 0.1ms
[2023-03-15T04:02:57.318+0000][69][gc,phases   ] GC(135)   Evacuate Collection Set: 2.7ms
[2023-03-15T04:02:57.319+0000][69][gc,phases   ] GC(135)   Post Evacuate Collection Set: 0.8ms
[2023-03-15T04:02:57.319+0000][69][gc,phases   ] GC(135)   Other: 1.1ms
[2023-03-15T04:02:57.319+0000][69][gc,age      ] GC(135) Age table with threshold 15 (max threshold 15)
[2023-03-15T04:02:57.320+0000][69][gc,age      ] GC(135) - age   1:     708056 bytes,     708056 total
[2023-03-15T04:02:57.320+0000][69][gc,age      ] GC(135) - age   2:     160832 bytes,     868888 total
[2023-03-15T04:02:57.321+0000][69][gc,age      ] GC(135) - age   3:       1392 bytes,     870280 total
[2023-03-15T04:02:57.321+0000][69][gc,age      ] GC(135) - age   4:       7272 bytes,     877552 total
[2023-03-15T04:02:57.321+0000][69][gc,age      ] GC(135) - age   5:     345792 bytes,    1223344 total
[2023-03-15T04:02:57.322+0000][69][gc,age      ] GC(135) - age   6:     236648 bytes,    1459992 total
[2023-03-15T04:02:57.323+0000][69][gc,age      ] GC(135) - age   7:      12464 bytes,    1472456 total
[2023-03-15T04:02:57.323+0000][69][gc,age      ] GC(135) - age   8:      13048 bytes,    1485504 total
[2023-03-15T04:02:57.324+0000][69][gc,age      ] GC(135) - age   9:    1070856 bytes,    2556360 total
[2023-03-15T04:02:57.324+0000][69][gc,age      ] GC(135) - age  10:       2216 bytes,    2558576 total
[2023-03-15T04:02:57.325+0000][69][gc,age      ] GC(135) - age  11:      21184 bytes,    2579760 total
[2023-03-15T04:02:57.325+0000][69][gc,age      ] GC(135) - age  12:       3872 bytes,    2583632 total
[2023-03-15T04:02:57.326+0000][69][gc,age      ] GC(135) - age  13:      42536 bytes,    2626168 total
[2023-03-15T04:02:57.326+0000][69][gc,age      ] GC(135) - age  14:        544 bytes,    2626712 total
[2023-03-15T04:02:57.327+0000][69][gc,age      ] GC(135) - age  15:      44048 bytes,    2670760 total
[2023-03-15T04:02:57.327+0000][69][gc,heap     ] GC(135) Eden regions: 23->0(23)
[2023-03-15T04:02:57.327+0000][69][gc,heap     ] GC(135) Survivor regions: 1->1(3)
[2023-03-15T04:02:57.328+0000][69][gc,heap     ] GC(135) Old regions: 25->25
[2023-03-15T04:02:57.328+0000][69][gc,heap     ] GC(135) Archive regions: 2->2
[2023-03-15T04:02:57.329+0000][69][gc,heap     ] GC(135) Humongous regions: 2->2
[2023-03-15T04:02:57.329+0000][69][gc,metaspace] GC(135) Metaspace: 140660K(144128K)->140660K(144128K) NonClass: 122611K(124032K)->122611K(124032K) Class: 18048K(20096K)->18048K(20096K)
[2023-03-15T04:02:57.330+0000][69][gc          ] GC(135) Pause Young (Normal) (G1 Evacuation Pause) 204M->112M(256M) 17.892ms
[2023-03-15T04:02:57.330+0000][69][gc,cpu      ] GC(135) User=0.01s Sys=0.00s Real=0.02s
[2023-03-15T04:02:57.330+0000][69][safepoint   ] Safepoint "G1CollectForAllocation", Time since last: 57524035 ns, Reaching safepoint: 65052 ns, At safepoint: 18778291 ns, Total: 18843343 ns
[2023-03-15T04:03:14.349+0000][69][safepoint   ] Safepoint "Cleanup", Time since last: 17018419911 ns, Reaching safepoint: 212355 ns, At safepoint: 3168 ns, Total: 215523 ns
[2023-03-15T04:03:20.334+0000][69][safepoint   ] Safepoint "Cleanup", Time since last: 6006471605 ns, Reaching safepoint: 135941 ns, At safepoint: 4337 ns, Total: 140278 ns
[2023-03-15T04:03:21.335+0000][69][safepoint   ] Safepoint "Cleanup", Time since last: 1001385964 ns, Reaching safepoint: 60830 ns, At safepoint: 8862 ns, Total: 69692 ns
[2023-03-15T04:03:22.907+0000][69][gc,start    ] GC(136) Pause Young (Concurrent Start) (G1 Evacuation Pause)
[2023-03-15T04:03:22.908+0000][69][gc,task     ] GC(136) Using 4 workers of 4 for evacuation
[2023-03-15T04:03:22.908+0000][69][gc,age      ] GC(136) Desired survivor size 6291456 bytes, new threshold 15 (max threshold 15)
[2023-03-15T04:03:22.912+0000][69][gc,phases   ] GC(136)   Pre Evacuate Collection Set: 0.4ms
[2023-03-15T04:03:22.913+0000][69][gc,phases   ] GC(136)   Merge Heap Roots: 0.1ms
[2023-03-15T04:03:22.914+0000][69][gc,phases   ] GC(136)   Evacuate Collection Set: 2.3ms
[2023-03-15T04:03:22.914+0000][69][gc,phases   ] GC(136)   Post Evacuate Collection Set: 0.7ms
[2023-03-15T04:03:22.915+0000][69][gc,phases   ] GC(136)   Other: 1.1ms
[2023-03-15T04:03:22.915+0000][69][gc,age      ] GC(136) Age table with threshold 15 (max threshold 15)
[2023-03-15T04:03:22.918+0000][69][gc,age      ] GC(136) - age   1:    1082728 bytes,    1082728 total
[2023-03-15T04:03:22.919+0000][69][gc,age      ] GC(136) - age   2:     145440 bytes,    1228168 total
[2023-03-15T04:03:22.919+0000][69][gc,age      ] GC(136) - age   3:       6888 bytes,    1235056 total
[2023-03-15T04:03:22.920+0000][69][gc,age      ] GC(136) - age   4:       1112 bytes,    1236168 total
[2023-03-15T04:03:22.920+0000][69][gc,age      ] GC(136) - age   5:       7272 bytes,    1243440 total
[2023-03-15T04:03:22.921+0000][69][gc,age      ] GC(136) - age   6:     337776 bytes,    1581216 total
[2023-03-15T04:03:22.921+0000][69][gc,age      ] GC(136) - age   7:     236648 bytes,    1817864 total
[2023-03-15T04:03:22.922+0000][69][gc,age      ] GC(136) - age   8:      12440 bytes,    1830304 total
[2023-03-15T04:03:22.922+0000][69][gc,age      ] GC(136) - age   9:      12984 bytes,    1843288 total
[2023-03-15T04:03:22.923+0000][69][gc,age      ] GC(136) - age  10:    1070792 bytes,    2914080 total
[2023-03-15T04:03:22.923+0000][69][gc,age      ] GC(136) - age  11:       2216 bytes,    2916296 total
[2023-03-15T04:03:22.924+0000][69][gc,age      ] GC(136) - age  12:      21184 bytes,    2937480 total
[2023-03-15T04:03:22.924+0000][69][gc,age      ] GC(136) - age  13:       3872 bytes,    2941352 total
[2023-03-15T04:03:22.925+0000][69][gc,age      ] GC(136) - age  14:      42536 bytes,    2983888 total
[2023-03-15T04:03:22.926+0000][69][gc,age      ] GC(136) - age  15:        544 bytes,    2984432 total
[2023-03-15T04:03:22.927+0000][69][gc,heap     ] GC(136) Eden regions: 23->0(23)
[2023-03-15T04:03:22.927+0000][69][gc,heap     ] GC(136) Survivor regions: 1->1(3)
[2023-03-15T04:03:22.928+0000][69][gc,heap     ] GC(136) Old regions: 25->25
[2023-03-15T04:03:22.928+0000][69][gc,heap     ] GC(136) Archive regions: 2->2
[2023-03-15T04:03:22.929+0000][69][gc,heap     ] GC(136) Humongous regions: 2->2
[2023-03-15T04:03:22.929+0000][69][gc,metaspace] GC(136) Metaspace: 140663K(144128K)->140663K(144128K) NonClass: 122615K(124032K)->122615K(124032K) Class: 18048K(20096K)->18048K(20096K)
[2023-03-15T04:03:22.930+0000][69][gc          ] GC(136) Pause Young (Concurrent Start) (G1 Evacuation Pause) 204M->112M(256M) 22.731ms
[2023-03-15T04:03:22.931+0000][69][gc          ] GC(137) Concurrent Mark Cycle
[2023-03-15T04:03:22.931+0000][69][gc,cpu      ] GC(136) User=0.01s Sys=0.00s Real=0.02s
[2023-03-15T04:03:22.931+0000][69][gc,marking  ] GC(137) Concurrent Clear Claimed Marks
[2023-03-15T04:03:22.932+0000][69][safepoint   ] Safepoint "G1CollectForAllocation", Time since last: 1571902260 ns, Reaching safepoint: 117475 ns, At safepoint: 24472545 ns, Total: 24590020 ns
[2023-03-15T04:03:22.933+0000][69][gc,marking  ] GC(137) Concurrent Clear Claimed Marks 1.494ms
[2023-03-15T04:03:22.933+0000][69][gc,marking  ] GC(137) Concurrent Scan Root Regions
[2023-03-15T04:03:22.937+0000][69][gc,marking  ] GC(137) Concurrent Scan Root Regions 3.409ms
[2023-03-15T04:03:22.938+0000][69][gc,marking  ] GC(137) Concurrent Mark
[2023-03-15T04:03:22.938+0000][69][gc,marking  ] GC(137) Concurrent Mark From Roots
[2023-03-15T04:03:22.939+0000][69][gc,task     ] GC(137) Using 1 workers of 1 for marking
[2023-03-15T04:03:23.053+0000][69][gc,marking  ] GC(137) Concurrent Mark From Roots 115.057ms
[2023-03-15T04:03:23.054+0000][69][gc,marking  ] GC(137) Concurrent Preclean
[2023-03-15T04:03:23.055+0000][69][gc,marking  ] GC(137) Concurrent Preclean 0.892ms
[2023-03-15T04:03:23.055+0000][69][gc,start    ] GC(137) Pause Remark
[2023-03-15T04:03:23.064+0000][69][gc          ] GC(137) Pause Remark 114M->114M(256M) 8.327ms
[2023-03-15T04:03:23.064+0000][69][gc,cpu      ] GC(137) User=0.02s Sys=0.00s Real=0.01s
[2023-03-15T04:03:23.065+0000][69][safepoint   ] Safepoint "G1PauseRemark", Time since last: 123481018 ns, Reaching safepoint: 99239 ns, At safepoint: 9625434 ns, Total: 9724673 ns
[2023-03-15T04:03:23.066+0000][69][gc,marking  ] GC(137) Concurrent Mark 128.029ms
[2023-03-15T04:03:23.066+0000][69][gc,marking  ] GC(137) Concurrent Rebuild Remembered Sets
[2023-03-15T04:03:23.120+0000][69][gc,marking  ] GC(137) Concurrent Rebuild Remembered Sets 53.688ms
[2023-03-15T04:03:23.121+0000][69][gc,start    ] GC(137) Pause Cleanup
[2023-03-15T04:03:23.121+0000][69][gc          ] GC(137) Pause Cleanup 114M->114M(256M) 0.587ms
[2023-03-15T04:03:23.122+0000][69][gc,cpu      ] GC(137) User=0.01s Sys=0.00s Real=0.00s
[2023-03-15T04:03:23.122+0000][69][safepoint   ] Safepoint "G1PauseCleanup", Time since last: 55463215 ns, Reaching safepoint: 231012 ns, At safepoint: 1566587 ns, Total: 1797599 ns
[2023-03-15T04:03:23.123+0000][69][gc,marking  ] GC(137) Concurrent Cleanup for Next Mark
[2023-03-15T04:03:23.124+0000][69][gc,marking  ] GC(137) Concurrent Cleanup for Next Mark 0.732ms
[2023-03-15T04:03:23.125+0000][69][gc          ] GC(137) Concurrent Mark Cycle 194.048ms
[2023-03-15T04:03:29.128+0000][69][safepoint   ] Safepoint "Cleanup", Time since last: 6005049510 ns, Reaching safepoint: 415520 ns, At safepoint: 11981 ns, Total: 427501 ns
[2023-03-15T04:03:30.132+0000][69][safepoint   ] Safepoint "Cleanup", Time since last: 1003782450 ns, Reaching safepoint: 422885 ns, At safepoint: 11122 ns, Total: 434007 ns
[2023-03-15T04:03:33.141+0000][69][safepoint   ] Safepoint "Cleanup", Time since last: 3008709860 ns, Reaching safepoint: 518810 ns, At safepoint: 14733 ns, Total: 533543 ns
[2023-03-15T04:03:42.158+0000][69][safepoint   ] Safepoint "Cleanup", Time since last: 9016272456 ns, Reaching safepoint: 442388 ns, At safepoint: 11241 ns, Total: 453629 ns
[2023-03-15T04:03:44.962+0000][69][gc,start    ] GC(138) Pause Young (Normal) (G1 Evacuation Pause)
[2023-03-15T04:03:44.962+0000][69][gc,task     ] GC(138) Using 4 workers of 4 for evacuation
[2023-03-15T04:03:44.963+0000][69][gc,age      ] GC(138) Desired survivor size 6291456 bytes, new threshold 15 (max threshold 15)
[2023-03-15T04:03:44.966+0000][69][gc,phases   ] GC(138)   Pre Evacuate Collection Set: 0.1ms
[2023-03-15T04:03:44.967+0000][69][gc,phases   ] GC(138)   Merge Heap Roots: 0.1ms
[2023-03-15T04:03:44.967+0000][69][gc,phases   ] GC(138)   Evacuate Collection Set: 1.9ms
[2023-03-15T04:03:44.968+0000][69][gc,phases   ] GC(138)   Post Evacuate Collection Set: 0.8ms
[2023-03-15T04:03:44.968+0000][69][gc,phases   ] GC(138)   Other: 1.1ms
[2023-03-15T04:03:44.969+0000][69][gc,age      ] GC(138) Age table with threshold 15 (max threshold 15)
[2023-03-15T04:03:44.969+0000][69][gc,age      ] GC(138) - age   1:    1125352 bytes,    1125352 total
[2023-03-15T04:03:44.969+0000][69][gc,age      ] GC(138) - age   2:     184280 bytes,    1309632 total
[2023-03-15T04:03:44.970+0000][69][gc,age      ] GC(138) - age   3:       4952 bytes,    1314584 total
[2023-03-15T04:03:44.970+0000][69][gc,age      ] GC(138) - age   4:       6360 bytes,    1320944 total
[2023-03-15T04:03:44.971+0000][69][gc,age      ] GC(138) - age   5:       1112 bytes,    1322056 total
[2023-03-15T04:03:44.971+0000][69][gc,age      ] GC(138) - age   6:       5832 bytes,    1327888 total
[2023-03-15T04:03:44.972+0000][69][gc,age      ] GC(138) - age   7:       8920 bytes,    1336808 total
[2023-03-15T04:03:44.972+0000][69][gc,age      ] GC(138) - age   8:      63304 bytes,    1400112 total
[2023-03-15T04:03:44.972+0000][69][gc,age      ] GC(138) - age   9:      12440 bytes,    1412552 total
[2023-03-15T04:03:44.973+0000][69][gc,age      ] GC(138) - age  10:      12984 bytes,    1425536 total
[2023-03-15T04:03:44.973+0000][69][gc,age      ] GC(138) - age  11:     745008 bytes,    2170544 total
[2023-03-15T04:03:44.973+0000][69][gc,age      ] GC(138) - age  12:       2088 bytes,    2172632 total
[2023-03-15T04:03:44.974+0000][69][gc,age      ] GC(138) - age  13:      21184 bytes,    2193816 total
[2023-03-15T04:03:44.974+0000][69][gc,age      ] GC(138) - age  14:       3872 bytes,    2197688 total
[2023-03-15T04:03:44.974+0000][69][gc,age      ] GC(138) - age  15:      42536 bytes,    2240224 total
[2023-03-15T04:03:44.975+0000][69][gc,heap     ] GC(138) Eden regions: 23->0(23)
[2023-03-15T04:03:44.975+0000][69][gc,heap     ] GC(138) Survivor regions: 1->1(3)
[2023-03-15T04:03:44.976+0000][69][gc,heap     ] GC(138) Old regions: 25->25
[2023-03-15T04:03:44.976+0000][69][gc,heap     ] GC(138) Archive regions: 2->2
[2023-03-15T04:03:44.976+0000][69][gc,heap     ] GC(138) Humongous regions: 2->2
[2023-03-15T04:03:44.977+0000][69][gc,metaspace] GC(138) Metaspace: 140664K(144128K)->140664K(144128K) NonClass: 122616K(124032K)->122616K(124032K) Class: 18048K(20096K)->18048K(20096K)
[2023-03-15T04:03:44.977+0000][69][gc          ] GC(138) Pause Young (Normal) (G1 Evacuation Pause) 204M->111M(256M) 15.587ms
[2023-03-15T04:03:44.978+0000][69][gc,cpu      ] GC(138) User=0.01s Sys=0.00s Real=0.02s
[2023-03-15T04:03:44.978+0000][69][safepoint   ] Safepoint "G1CollectForAllocation", Time since last: 2803482907 ns, Reaching safepoint: 224714 ns, At safepoint: 16641180 ns, Total: 16865894 ns
[2023-03-15T04:03:56.970+0000][69][safepoint   ] Safepoint "Cleanup", Time since last: 12013250696 ns, Reaching safepoint: 303263 ns, At safepoint: 10607 ns, Total: 313870 ns
[2023-03-15T04:04:02.977+0000][69][safepoint   ] Safepoint "Cleanup", Time since last: 6006576334 ns, Reaching safepoint: 208695 ns, At safepoint: 4051 ns, Total: 212746 ns
[2023-03-15T04:04:04.979+0000][69][safepoint   ] Safepoint "Cleanup", Time since last: 2001810312 ns, Reaching safepoint: 344110 ns, At safepoint: 12252 ns, Total: 356362 ns
[2023-03-15T04:04:11.987+0000][69][safepoint   ] Safepoint "Cleanup", Time since last: 7007970485 ns, Reaching safepoint: 161646 ns, At safepoint: 4964 ns, Total: 166610 ns
[2023-03-15T04:04:14.482+0000][69][gc,start    ] GC(139) Pause Young (Concurrent Start) (G1 Evacuation Pause)
[2023-03-15T04:04:14.483+0000][69][gc,task     ] GC(139) Using 4 workers of 4 for evacuation
[2023-03-15T04:04:14.484+0000][69][gc,age      ] GC(139) Desired survivor size 6291456 bytes, new threshold 15 (max threshold 15)
[2023-03-15T04:04:14.489+0000][69][gc,phases   ] GC(139)   Pre Evacuate Collection Set: 0.4ms
[2023-03-15T04:04:14.489+0000][69][gc,phases   ] GC(139)   Merge Heap Roots: 0.1ms
[2023-03-15T04:04:14.490+0000][69][gc,phases   ] GC(139)   Evacuate Collection Set: 2.4ms
[2023-03-15T04:04:14.491+0000][69][gc,phases   ] GC(139)   Post Evacuate Collection Set: 0.9ms
[2023-03-15T04:04:14.491+0000][69][gc,phases   ] GC(139)   Other: 2.2ms
[2023-03-15T04:04:14.492+0000][69][gc,age      ] GC(139) Age table with threshold 15 (max threshold 15)
[2023-03-15T04:04:14.493+0000][69][gc,age      ] GC(139) - age   1:    1332896 bytes,    1332896 total
[2023-03-15T04:04:14.493+0000][69][gc,age      ] GC(139) - age   2:     358456 bytes,    1691352 total
[2023-03-15T04:04:14.494+0000][69][gc,age      ] GC(139) - age   3:      15584 bytes,    1706936 total
[2023-03-15T04:04:14.495+0000][69][gc,age      ] GC(139) - age   4:       4472 bytes,    1711408 total
[2023-03-15T04:04:14.495+0000][69][gc,age      ] GC(139) - age   5:       6360 bytes,    1717768 total
[2023-03-15T04:04:14.496+0000][69][gc,age      ] GC(139) - age   6:        688 bytes,    1718456 total
[2023-03-15T04:04:14.496+0000][69][gc,age      ] GC(139) - age   7:       5304 bytes,    1723760 total
[2023-03-15T04:04:14.497+0000][69][gc,age      ] GC(139) - age   8:       8664 bytes,    1732424 total
[2023-03-15T04:04:14.498+0000][69][gc,age      ] GC(139) - age   9:      63304 bytes,    1795728 total
[2023-03-15T04:04:14.498+0000][69][gc,age      ] GC(139) - age  10:      12144 bytes,    1807872 total
[2023-03-15T04:04:14.499+0000][69][gc,age      ] GC(139) - age  11:      12984 bytes,    1820856 total
[2023-03-15T04:04:14.499+0000][69][gc,age      ] GC(139) - age  12:     745008 bytes,    2565864 total
[2023-03-15T04:04:14.500+0000][69][gc,age      ] GC(139) - age  13:       2088 bytes,    2567952 total
[2023-03-15T04:04:14.500+0000][69][gc,age      ] GC(139) - age  14:      21184 bytes,    2589136 total
[2023-03-15T04:04:14.501+0000][69][gc,age      ] GC(139) - age  15:       3872 bytes,    2593008 total
[2023-03-15T04:04:14.501+0000][69][gc,heap     ] GC(139) Eden regions: 23->0(23)
[2023-03-15T04:04:14.502+0000][69][gc,heap     ] GC(139) Survivor regions: 1->1(3)
[2023-03-15T04:04:14.502+0000][69][gc,heap     ] GC(139) Old regions: 25->25
[2023-03-15T04:04:14.503+0000][69][gc,heap     ] GC(139) Archive regions: 2->2
[2023-03-15T04:04:14.503+0000][69][gc,heap     ] GC(139) Humongous regions: 2->2
[2023-03-15T04:04:14.504+0000][69][gc,metaspace] GC(139) Metaspace: 140672K(144192K)->140672K(144192K) NonClass: 122623K(124096K)->122623K(124096K) Class: 18048K(20096K)->18048K(20096K)
[2023-03-15T04:04:14.504+0000][69][gc          ] GC(139) Pause Young (Concurrent Start) (G1 Evacuation Pause) 203M->112M(256M) 22.260ms
[2023-03-15T04:04:14.504+0000][69][gc,cpu      ] GC(139) User=0.01s Sys=0.00s Real=0.03s
[2023-03-15T04:04:14.505+0000][69][gc          ] GC(140) Concurrent Mark Cycle
[2023-03-15T04:04:14.506+0000][69][gc,marking  ] GC(140) Concurrent Clear Claimed Marks
[2023-03-15T04:04:14.505+0000][69][safepoint   ] Safepoint "G1CollectForAllocation", Time since last: 2494497061 ns, Reaching safepoint: 83692 ns, At safepoint: 23760660 ns, Total: 23844352 ns
[2023-03-15T04:04:14.507+0000][69][gc,marking  ] GC(140) Concurrent Clear Claimed Marks 0.956ms
[2023-03-15T04:04:14.508+0000][69][gc,marking  ] GC(140) Concurrent Scan Root Regions
[2023-03-15T04:04:14.512+0000][69][gc,marking  ] GC(140) Concurrent Scan Root Regions 3.758ms
[2023-03-15T04:04:14.512+0000][69][gc,marking  ] GC(140) Concurrent Mark
[2023-03-15T04:04:14.513+0000][69][gc,marking  ] GC(140) Concurrent Mark From Roots
[2023-03-15T04:04:14.513+0000][69][gc,task     ] GC(140) Using 1 workers of 1 for marking
[2023-03-15T04:04:14.631+0000][69][gc,marking  ] GC(140) Concurrent Mark From Roots 118.514ms
[2023-03-15T04:04:14.632+0000][69][gc,marking  ] GC(140) Concurrent Preclean
[2023-03-15T04:04:14.633+0000][69][gc,marking  ] GC(140) Concurrent Preclean 0.845ms
[2023-03-15T04:04:14.634+0000][69][gc,start    ] GC(140) Pause Remark
[2023-03-15T04:04:14.645+0000][69][gc          ] GC(140) Pause Remark 113M->113M(256M) 10.695ms
[2023-03-15T04:04:14.645+0000][69][gc,cpu      ] GC(140) User=0.03s Sys=0.00s Real=0.01s
[2023-03-15T04:04:14.646+0000][69][safepoint   ] Safepoint "G1PauseRemark", Time since last: 128245934 ns, Reaching safepoint: 97907 ns, At safepoint: 12119397 ns, Total: 12217304 ns
[2023-03-15T04:04:14.647+0000][69][gc,marking  ] GC(140) Concurrent Mark 134.314ms
[2023-03-15T04:04:14.647+0000][69][gc,marking  ] GC(140) Concurrent Rebuild Remembered Sets
[2023-03-15T04:04:14.707+0000][69][gc,marking  ] GC(140) Concurrent Rebuild Remembered Sets 59.658ms
[2023-03-15T04:04:14.708+0000][69][gc,start    ] GC(140) Pause Cleanup
[2023-03-15T04:04:14.708+0000][69][gc          ] GC(140) Pause Cleanup 114M->114M(256M) 0.594ms
[2023-03-15T04:04:14.709+0000][69][gc,cpu      ] GC(140) User=0.00s Sys=0.00s Real=0.00s
[2023-03-15T04:04:14.709+0000][69][safepoint   ] Safepoint "G1PauseCleanup", Time since last: 61584654 ns, Reaching safepoint: 78973 ns, At safepoint: 1619241 ns, Total: 1698214 ns
[2023-03-15T04:04:14.710+0000][69][gc,marking  ] GC(140) Concurrent Cleanup for Next Mark
[2023-03-15T04:04:14.710+0000][69][gc,marking  ] GC(140) Concurrent Cleanup for Next Mark 0.678ms
[2023-03-15T04:04:14.711+0000][69][gc          ] GC(140) Concurrent Mark Cycle 206.369ms
[2023-03-15T04:04:20.694+0000][69][safepoint   ] Safepoint "Cleanup", Time since last: 6008623460 ns, Reaching safepoint: 436720 ns, At safepoint: 65455 ns, Total: 502175 ns
[2023-03-15T04:04:21.697+0000][69][safepoint   ] Safepoint "Cleanup", Time since last: 1001419813 ns, Reaching safepoint: 1157604 ns, At safepoint: 59658 ns, Total: 1217262 ns
[2023-03-15T04:04:38.119+0000][69][gc,start    ] GC(141) Pause Young (Normal) (G1 Evacuation Pause)
[2023-03-15T04:04:38.120+0000][69][gc,task     ] GC(141) Using 4 workers of 4 for evacuation
[2023-03-15T04:04:38.121+0000][69][gc,age      ] GC(141) Desired survivor size 6291456 bytes, new threshold 15 (max threshold 15)
[2023-03-15T04:04:38.125+0000][69][gc,phases   ] GC(141)   Pre Evacuate Collection Set: 0.1ms
[2023-03-15T04:04:38.126+0000][69][gc,phases   ] GC(141)   Merge Heap Roots: 0.1ms
[2023-03-15T04:04:38.126+0000][69][gc,phases   ] GC(141)   Evacuate Collection Set: 2.6ms
[2023-03-15T04:04:38.127+0000][69][gc,phases   ] GC(141)   Post Evacuate Collection Set: 0.8ms
[2023-03-15T04:04:38.127+0000][69][gc,phases   ] GC(141)   Other: 1.4ms
[2023-03-15T04:04:38.128+0000][69][gc,age      ] GC(141) Age table with threshold 15 (max threshold 15)
[2023-03-15T04:04:38.129+0000][69][gc,age      ] GC(141) - age   1:    1381944 bytes,    1381944 total
[2023-03-15T04:04:38.129+0000][69][gc,age      ] GC(141) - age   2:       2744 bytes,    1384688 total
[2023-03-15T04:04:38.130+0000][69][gc,age      ] GC(141) - age   3:     335648 bytes,    1720336 total
[2023-03-15T04:04:38.131+0000][69][gc,age      ] GC(141) - age   4:      10864 bytes,    1731200 total
[2023-03-15T04:04:38.131+0000][69][gc,age      ] GC(141) - age   5:       4344 bytes,    1735544 total
[2023-03-15T04:04:38.132+0000][69][gc,age      ] GC(141) - age   6:       2896 bytes,    1738440 total
[2023-03-15T04:04:38.133+0000][69][gc,age      ] GC(141) - age   7:        688 bytes,    1739128 total
[2023-03-15T04:04:38.133+0000][69][gc,age      ] GC(141) - age   8:       5304 bytes,    1744432 total
[2023-03-15T04:04:38.134+0000][69][gc,age      ] GC(141) - age   9:       8600 bytes,    1753032 total
[2023-03-15T04:04:38.134+0000][69][gc,age      ] GC(141) - age  10:      63304 bytes,    1816336 total
[2023-03-15T04:04:38.135+0000][69][gc,age      ] GC(141) - age  11:      12144 bytes,    1828480 total
[2023-03-15T04:04:38.135+0000][69][gc,age      ] GC(141) - age  12:      12984 bytes,    1841464 total
[2023-03-15T04:04:38.136+0000][69][gc,age      ] GC(141) - age  13:     505632 bytes,    2347096 total
[2023-03-15T04:04:38.136+0000][69][gc,age      ] GC(141) - age  14:       2088 bytes,    2349184 total
[2023-03-15T04:04:38.137+0000][69][gc,age      ] GC(141) - age  15:      21184 bytes,    2370368 total
[2023-03-15T04:04:38.138+0000][69][gc,heap     ] GC(141) Eden regions: 23->0(23)
[2023-03-15T04:04:38.138+0000][69][gc,heap     ] GC(141) Survivor regions: 1->1(3)
[2023-03-15T04:04:38.139+0000][69][gc,heap     ] GC(141) Old regions: 25->25
[2023-03-15T04:04:38.139+0000][69][gc,heap     ] GC(141) Archive regions: 2->2
[2023-03-15T04:04:38.140+0000][69][gc,heap     ] GC(141) Humongous regions: 2->2
[2023-03-15T04:04:38.140+0000][69][gc,metaspace] GC(141) Metaspace: 140677K(144192K)->140677K(144192K) NonClass: 122628K(124096K)->122628K(124096K) Class: 18048K(20096K)->18048K(20096K)
[2023-03-15T04:04:38.141+0000][69][gc          ] GC(141) Pause Young (Normal) (G1 Evacuation Pause) 204M->111M(256M) 22.332ms
[2023-03-15T04:04:38.142+0000][69][gc,cpu      ] GC(141) User=0.01s Sys=0.00s Real=0.02s
[2023-03-15T04:04:38.142+0000][69][safepoint   ] Safepoint "G1CollectForAllocation", Time since last: 16421836063 ns, Reaching safepoint: 126165 ns, At safepoint: 23513301 ns, Total: 23639466 ns
[2023-03-15T04:04:45.150+0000][69][safepoint   ] Safepoint "Cleanup", Time since last: 7007641685 ns, Reaching safepoint: 505592 ns, At safepoint: 11808 ns, Total: 517400 ns
[2023-03-15T04:04:57.142+0000][69][safepoint   ] Safepoint "Cleanup", Time since last: 12021263941 ns, Reaching safepoint: 128542 ns, At safepoint: 8514 ns, Total: 137056 ns
[2023-03-15T04:05:02.152+0000][69][safepoint   ] Safepoint "Cleanup", Time since last: 5009634127 ns, Reaching safepoint: 344737 ns, At safepoint: 9822 ns, Total: 354559 ns
[2023-03-15T04:05:03.159+0000][69][safepoint   ] Safepoint "Cleanup", Time since last: 1006037833 ns, Reaching safepoint: 572790 ns, At safepoint: 16458 ns, Total: 589248 ns
[2023-03-15T04:05:05.165+0000][69][safepoint   ] Safepoint "Cleanup", Time since last: 2005518901 ns, Reaching safepoint: 567086 ns, At safepoint: 17184 ns, Total: 584270 ns
[2023-03-15T04:05:07.929+0000][69][gc,start    ] GC(142) Pause Young (Concurrent Start) (G1 Evacuation Pause)
[2023-03-15T04:05:07.929+0000][69][gc,task     ] GC(142) Using 4 workers of 4 for evacuation
[2023-03-15T04:05:07.930+0000][69][gc,age      ] GC(142) Desired survivor size 6291456 bytes, new threshold 15 (max threshold 15)
[2023-03-15T04:05:07.934+0000][69][gc,phases   ] GC(142)   Pre Evacuate Collection Set: 0.4ms
[2023-03-15T04:05:07.934+0000][69][gc,phases   ] GC(142)   Merge Heap Roots: 0.1ms
[2023-03-15T04:05:07.935+0000][69][gc,phases   ] GC(142)   Evacuate Collection Set: 2.2ms
[2023-03-15T04:05:07.935+0000][69][gc,phases   ] GC(142)   Post Evacuate Collection Set: 0.7ms
[2023-03-15T04:05:07.936+0000][69][gc,phases   ] GC(142)   Other: 1.0ms
[2023-03-15T04:05:07.936+0000][69][gc,age      ] GC(142) Age table with threshold 15 (max threshold 15)
[2023-03-15T04:05:07.937+0000][69][gc,age      ] GC(142) - age   1:    1646152 bytes,    1646152 total
[2023-03-15T04:05:07.937+0000][69][gc,age      ] GC(142) - age   2:     196536 bytes,    1842688 total
[2023-03-15T04:05:07.938+0000][69][gc,age      ] GC(142) - age   3:       1752 bytes,    1844440 total
[2023-03-15T04:05:07.939+0000][69][gc,age      ] GC(142) - age   4:     218400 bytes,    2062840 total
[2023-03-15T04:05:07.939+0000][69][gc,age      ] GC(142) - age   5:      10864 bytes,    2073704 total
[2023-03-15T04:05:07.939+0000][69][gc,age      ] GC(142) - age   6:       4344 bytes,    2078048 total
[2023-03-15T04:05:07.940+0000][69][gc,age      ] GC(142) - age   7:       2896 bytes,    2080944 total
[2023-03-15T04:05:07.940+0000][69][gc,age      ] GC(142) - age   8:        688 bytes,    2081632 total
[2023-03-15T04:05:07.941+0000][69][gc,age      ] GC(142) - age   9:       4968 bytes,    2086600 total
[2023-03-15T04:05:07.941+0000][69][gc,age      ] GC(142) - age  10:       8600 bytes,    2095200 total
[2023-03-15T04:05:07.941+0000][69][gc,age      ] GC(142) - age  11:      63240 bytes,    2158440 total
[2023-03-15T04:05:07.942+0000][69][gc,age      ] GC(142) - age  12:      12144 bytes,    2170584 total
[2023-03-15T04:05:07.942+0000][69][gc,age      ] GC(142) - age  13:      12984 bytes,    2183568 total
[2023-03-15T04:05:07.943+0000][69][gc,age      ] GC(142) - age  14:     505632 bytes,    2689200 total
[2023-03-15T04:05:07.943+0000][69][gc,age      ] GC(142) - age  15:       2088 bytes,    2691288 total
[2023-03-15T04:05:07.944+0000][69][gc,heap     ] GC(142) Eden regions: 23->0(23)
[2023-03-15T04:05:07.944+0000][69][gc,heap     ] GC(142) Survivor regions: 1->1(3)
[2023-03-15T04:05:07.945+0000][69][gc,heap     ] GC(142) Old regions: 25->25
[2023-03-15T04:05:07.945+0000][69][gc,heap     ] GC(142) Archive regions: 2->2
[2023-03-15T04:05:07.946+0000][69][gc,heap     ] GC(142) Humongous regions: 2->2
[2023-03-15T04:05:07.946+0000][69][gc,metaspace] GC(142) Metaspace: 140680K(144192K)->140680K(144192K) NonClass: 122632K(124096K)->122632K(124096K) Class: 18048K(20096K)->18048K(20096K)
[2023-03-15T04:05:07.946+0000][69][gc          ] GC(142) Pause Young (Concurrent Start) (G1 Evacuation Pause) 203M->112M(256M) 17.780ms
[2023-03-15T04:05:07.947+0000][69][gc,cpu      ] GC(142) User=0.01s Sys=0.01s Real=0.01s
[2023-03-15T04:05:07.947+0000][69][gc          ] GC(143) Concurrent Mark Cycle
[2023-03-15T04:05:07.948+0000][69][gc,marking  ] GC(143) Concurrent Clear Claimed Marks
[2023-03-15T04:05:07.948+0000][69][safepoint   ] Safepoint "G1CollectForAllocation", Time since last: 2763796648 ns, Reaching safepoint: 96371 ns, At safepoint: 18916951 ns, Total: 19013322 ns
[2023-03-15T04:05:07.949+0000][69][gc,marking  ] GC(143) Concurrent Clear Claimed Marks 0.759ms
[2023-03-15T04:05:07.950+0000][69][gc,marking  ] GC(143) Concurrent Scan Root Regions
[2023-03-15T04:05:07.953+0000][69][gc,marking  ] GC(143) Concurrent Scan Root Regions 3.343ms
[2023-03-15T04:05:07.954+0000][69][gc,marking  ] GC(143) Concurrent Mark
[2023-03-15T04:05:07.954+0000][69][gc,marking  ] GC(143) Concurrent Mark From Roots
[2023-03-15T04:05:07.955+0000][69][gc,task     ] GC(143) Using 1 workers of 1 for marking
[2023-03-15T04:05:08.107+0000][69][gc,marking  ] GC(143) Concurrent Mark From Roots 152.934ms
[2023-03-15T04:05:08.108+0000][69][gc,marking  ] GC(143) Concurrent Preclean
[2023-03-15T04:05:08.109+0000][69][gc,marking  ] GC(143) Concurrent Preclean 0.711ms
[2023-03-15T04:05:08.109+0000][69][gc,start    ] GC(143) Pause Remark
[2023-03-15T04:05:08.121+0000][69][gc          ] GC(143) Pause Remark 114M->114M(256M) 11.682ms
[2023-03-15T04:05:08.122+0000][69][gc,cpu      ] GC(143) User=0.03s Sys=0.00s Real=0.01s
[2023-03-15T04:05:08.122+0000][69][safepoint   ] Safepoint "G1PauseRemark", Time since last: 161614005 ns, Reaching safepoint: 92920 ns, At safepoint: 13141181 ns, Total: 13234101 ns
[2023-03-15T04:05:08.123+0000][69][gc,marking  ] GC(143) Concurrent Mark 169.294ms
[2023-03-15T04:05:08.124+0000][69][gc,marking  ] GC(143) Concurrent Rebuild Remembered Sets
[2023-03-15T04:05:08.188+0000][69][gc,marking  ] GC(143) Concurrent Rebuild Remembered Sets 64.035ms
[2023-03-15T04:05:08.189+0000][69][gc,start    ] GC(143) Pause Cleanup
[2023-03-15T04:05:08.190+0000][69][gc          ] GC(143) Pause Cleanup 120M->120M(256M) 1.415ms
[2023-03-15T04:05:08.190+0000][69][gc,cpu      ] GC(143) User=0.00s Sys=0.00s Real=0.00s
[2023-03-15T04:05:08.191+0000][69][safepoint   ] Safepoint "G1PauseCleanup", Time since last: 66022135 ns, Reaching safepoint: 90234 ns, At safepoint: 2407821 ns, Total: 2498055 ns
[2023-03-15T04:05:08.192+0000][69][gc,marking  ] GC(143) Concurrent Cleanup for Next Mark
[2023-03-15T04:05:08.196+0000][69][gc,marking  ] GC(143) Concurrent Cleanup for Next Mark 4.532ms
[2023-03-15T04:05:08.201+0000][69][gc          ] GC(143) Concurrent Mark Cycle 254.441ms
[2023-03-15T04:05:21.197+0000][69][safepoint   ] Safepoint "Cleanup", Time since last: 13027896741 ns, Reaching safepoint: 338920 ns, At safepoint: 10746 ns, Total: 349666 ns
[2023-03-15T04:05:26.207+0000][69][safepoint   ] Safepoint "Cleanup", Time since last: 5009835339 ns, Reaching safepoint: 167315 ns, At safepoint: 4793 ns, Total: 172108 ns
[2023-03-15T04:05:32.221+0000][69][safepoint   ] Safepoint "Cleanup", Time since last: 6013242075 ns, Reaching safepoint: 687962 ns, At safepoint: 36350 ns, Total: 724312 ns
[2023-03-15T04:05:32.904+0000][69][gc,start    ] GC(144) Pause Young (Normal) (G1 Evacuation Pause)
[2023-03-15T04:05:32.904+0000][69][gc,task     ] GC(144) Using 4 workers of 4 for evacuation
[2023-03-15T04:05:32.905+0000][69][gc,age      ] GC(144) Desired survivor size 6291456 bytes, new threshold 15 (max threshold 15)
[2023-03-15T04:05:32.911+0000][69][gc,phases   ] GC(144)   Pre Evacuate Collection Set: 0.2ms
[2023-03-15T04:05:32.912+0000][69][gc,phases   ] GC(144)   Merge Heap Roots: 0.2ms
[2023-03-15T04:05:32.912+0000][69][gc,phases   ] GC(144)   Evacuate Collection Set: 3.6ms
[2023-03-15T04:05:32.913+0000][69][gc,phases   ] GC(144)   Post Evacuate Collection Set: 1.4ms
[2023-03-15T04:05:32.914+0000][69][gc,phases   ] GC(144)   Other: 1.4ms
[2023-03-15T04:05:32.914+0000][69][gc,age      ] GC(144) Age table with threshold 15 (max threshold 15)
[2023-03-15T04:05:32.915+0000][69][gc,age      ] GC(144) - age   1:    1606616 bytes,    1606616 total
[2023-03-15T04:05:32.916+0000][69][gc,age      ] GC(144) - age   2:     132704 bytes,    1739320 total
[2023-03-15T04:05:32.917+0000][69][gc,age      ] GC(144) - age   3:      52760 bytes,    1792080 total
[2023-03-15T04:05:32.917+0000][69][gc,age      ] GC(144) - age   4:        992 bytes,    1793072 total
[2023-03-15T04:05:32.917+0000][69][gc,age      ] GC(144) - age   5:     218400 bytes,    2011472 total
[2023-03-15T04:05:32.918+0000][69][gc,age      ] GC(144) - age   6:      10864 bytes,    2022336 total
[2023-03-15T04:05:32.918+0000][69][gc,age      ] GC(144) - age   7:       4344 bytes,    2026680 total
[2023-03-15T04:05:32.919+0000][69][gc,age      ] GC(144) - age   8:       2864 bytes,    2029544 total
[2023-03-15T04:05:32.919+0000][69][gc,age      ] GC(144) - age   9:        688 bytes,    2030232 total
[2023-03-15T04:05:32.919+0000][69][gc,age      ] GC(144) - age  10:       4936 bytes,    2035168 total
[2023-03-15T04:05:32.920+0000][69][gc,age      ] GC(144) - age  11:       8600 bytes,    2043768 total
[2023-03-15T04:05:32.920+0000][69][gc,age      ] GC(144) - age  12:      63240 bytes,    2107008 total
[2023-03-15T04:05:32.921+0000][69][gc,age      ] GC(144) - age  13:      12144 bytes,    2119152 total
[2023-03-15T04:05:32.921+0000][69][gc,age      ] GC(144) - age  14:      12984 bytes,    2132136 total
[2023-03-15T04:05:32.922+0000][69][gc,age      ] GC(144) - age  15:     492520 bytes,    2624656 total
[2023-03-15T04:05:32.922+0000][69][gc,heap     ] GC(144) Eden regions: 23->0(22)
[2023-03-15T04:05:32.923+0000][69][gc,heap     ] GC(144) Survivor regions: 1->1(3)
[2023-03-15T04:05:32.923+0000][69][gc,heap     ] GC(144) Old regions: 25->25
[2023-03-15T04:05:32.924+0000][69][gc,heap     ] GC(144) Archive regions: 2->2
[2023-03-15T04:05:32.924+0000][69][gc,heap     ] GC(144) Humongous regions: 2->2
[2023-03-15T04:05:32.924+0000][69][gc,metaspace] GC(144) Metaspace: 140686K(144192K)->140686K(144192K) NonClass: 122637K(124096K)->122637K(124096K) Class: 18048K(20096K)->18048K(20096K)
[2023-03-15T04:05:32.925+0000][69][gc          ] GC(144) Pause Young (Normal) (G1 Evacuation Pause) 204M->112M(256M) 21.504ms
[2023-03-15T04:05:32.926+0000][69][gc,cpu      ] GC(144) User=0.01s Sys=0.01s Real=0.02s
[2023-03-15T04:05:32.926+0000][69][safepoint   ] Safepoint "G1CollectForAllocation", Time since last: 682861900 ns, Reaching safepoint: 118798 ns, At safepoint: 22674648 ns, Total: 22793446 ns
[2023-03-15T04:05:33.928+0000][69][safepoint   ] Safepoint "Cleanup", Time since last: 1001286833 ns, Reaching safepoint: 498725 ns, At safepoint: 12939 ns, Total: 511664 ns
[2023-03-15T04:05:38.939+0000][69][safepoint   ] Safepoint "Cleanup", Time since last: 5009894406 ns, Reaching safepoint: 529295 ns, At safepoint: 36168 ns, Total: 565463 ns
[2023-03-15T04:05:43.945+0000][69][safepoint   ] Safepoint "Cleanup", Time since last: 5005818105 ns, Reaching safepoint: 333504 ns, At safepoint: 17583 ns, Total: 351087 ns
[2023-03-15T04:05:49.934+0000][69][safepoint   ] Safepoint "Cleanup", Time since last: 6011408350 ns, Reaching safepoint: 220946 ns, At safepoint: 4451 ns, Total: 225397 ns
[2023-03-15T04:05:50.935+0000][69][safepoint   ] Safepoint "Cleanup", Time since last: 1000737652 ns, Reaching safepoint: 108988 ns, At safepoint: 7697 ns, Total: 116685 ns
[2023-03-15T04:05:55.945+0000][69][safepoint   ] Safepoint "Cleanup", Time since last: 5009824786 ns, Reaching safepoint: 112600 ns, At safepoint: 4220 ns, Total: 116820 ns
[2023-03-15T04:05:56.947+0000][69][safepoint   ] Safepoint "Cleanup", Time since last: 1001621664 ns, Reaching safepoint: 333052 ns, At safepoint: 11432 ns, Total: 344484 ns
[2023-03-15T04:05:58.832+0000][69][gc,start    ] GC(145) Pause Young (Concurrent Start) (G1 Evacuation Pause)
[2023-03-15T04:05:58.834+0000][69][gc,task     ] GC(145) Using 4 workers of 4 for evacuation
[2023-03-15T04:05:58.835+0000][69][gc,age      ] GC(145) Desired survivor size 6291456 bytes, new threshold 15 (max threshold 15)
[2023-03-15T04:05:58.842+0000][69][gc,phases   ] GC(145)   Pre Evacuate Collection Set: 0.6ms
[2023-03-15T04:05:58.843+0000][69][gc,phases   ] GC(145)   Merge Heap Roots: 0.2ms
[2023-03-15T04:05:58.844+0000][69][gc,phases   ] GC(145)   Evacuate Collection Set: 3.2ms
[2023-03-15T04:05:58.845+0000][69][gc,phases   ] GC(145)   Post Evacuate Collection Set: 1.4ms
[2023-03-15T04:05:58.845+0000][69][gc,phases   ] GC(145)   Other: 2.5ms
[2023-03-15T04:05:58.846+0000][69][gc,age      ] GC(145) Age table with threshold 15 (max threshold 15)
[2023-03-15T04:05:58.847+0000][69][gc,age      ] GC(145) - age   1:     544304 bytes,     544304 total
[2023-03-15T04:05:58.848+0000][69][gc,age      ] GC(145) - age   2:      31384 bytes,     575688 total
[2023-03-15T04:05:58.849+0000][69][gc,age      ] GC(145) - age   3:      10016 bytes,     585704 total
[2023-03-15T04:05:58.850+0000][69][gc,age      ] GC(145) - age   4:      52392 bytes,     638096 total
[2023-03-15T04:05:58.851+0000][69][gc,age      ] GC(145) - age   5:        816 bytes,     638912 total
[2023-03-15T04:05:58.852+0000][69][gc,age      ] GC(145) - age   6:     218400 bytes,     857312 total
[2023-03-15T04:05:58.853+0000][69][gc,age      ] GC(145) - age   7:      10864 bytes,     868176 total
[2023-03-15T04:05:58.854+0000][69][gc,age      ] GC(145) - age   8:       4344 bytes,     872520 total
[2023-03-15T04:05:58.856+0000][69][gc,age      ] GC(145) - age   9:       2864 bytes,     875384 total
[2023-03-15T04:05:58.857+0000][69][gc,age      ] GC(145) - age  10:        688 bytes,     876072 total
[2023-03-15T04:05:58.857+0000][69][gc,age      ] GC(145) - age  11:       4936 bytes,     881008 total
[2023-03-15T04:05:58.858+0000][69][gc,age      ] GC(145) - age  12:       8600 bytes,     889608 total
[2023-03-15T04:05:58.859+0000][69][gc,age      ] GC(145) - age  13:      63240 bytes,     952848 total
[2023-03-15T04:05:58.861+0000][69][gc,age      ] GC(145) - age  14:      12144 bytes,     964992 total
[2023-03-15T04:05:58.862+0000][69][gc,age      ] GC(145) - age  15:      12984 bytes,     977976 total
[2023-03-15T04:05:58.864+0000][69][gc,heap     ] GC(145) Eden regions: 22->0(23)
[2023-03-15T04:05:58.865+0000][69][gc,heap     ] GC(145) Survivor regions: 1->1(3)
[2023-03-15T04:05:58.865+0000][69][gc,heap     ] GC(145) Old regions: 25->25
[2023-03-15T04:05:58.866+0000][69][gc,heap     ] GC(145) Archive regions: 2->2
[2023-03-15T04:05:58.866+0000][69][gc,heap     ] GC(145) Humongous regions: 2->2
[2023-03-15T04:05:58.867+0000][69][gc,metaspace] GC(145) Metaspace: 140686K(144192K)->140686K(144192K) NonClass: 122638K(124096K)->122638K(124096K) Class: 18048K(20096K)->18048K(20096K)
[2023-03-15T04:05:58.868+0000][69][gc          ] GC(145) Pause Young (Concurrent Start) (G1 Evacuation Pause) 200M->110M(256M) 35.465ms
[2023-03-15T04:05:58.868+0000][69][gc,cpu      ] GC(145) User=0.01s Sys=0.00s Real=0.04s
[2023-03-15T04:05:58.868+0000][69][gc          ] GC(146) Concurrent Mark Cycle
[2023-03-15T04:05:58.869+0000][69][gc,marking  ] GC(146) Concurrent Clear Claimed Marks
[2023-03-15T04:05:58.869+0000][69][safepoint   ] Safepoint "G1CollectForAllocation", Time since last: 1885017409 ns, Reaching safepoint: 202624 ns, At safepoint: 36836664 ns, Total: 37039288 ns
[2023-03-15T04:05:58.870+0000][69][gc,marking  ] GC(146) Concurrent Clear Claimed Marks 0.841ms
[2023-03-15T04:05:58.871+0000][69][gc,marking  ] GC(146) Concurrent Scan Root Regions
[2023-03-15T04:05:58.875+0000][69][gc,marking  ] GC(146) Concurrent Scan Root Regions 3.563ms
[2023-03-15T04:05:58.876+0000][69][gc,marking  ] GC(146) Concurrent Mark
[2023-03-15T04:05:58.876+0000][69][gc,marking  ] GC(146) Concurrent Mark From Roots
[2023-03-15T04:05:58.877+0000][69][gc,task     ] GC(146) Using 1 workers of 1 for marking
[2023-03-15T04:05:58.978+0000][69][gc,marking  ] GC(146) Concurrent Mark From Roots 101.488ms
[2023-03-15T04:05:58.978+0000][69][gc,marking  ] GC(146) Concurrent Preclean
[2023-03-15T04:05:58.980+0000][69][gc,marking  ] GC(146) Concurrent Preclean 1.317ms
[2023-03-15T04:05:58.981+0000][69][gc,start    ] GC(146) Pause Remark
[2023-03-15T04:05:58.990+0000][69][gc          ] GC(146) Pause Remark 112M->112M(256M) 9.428ms
[2023-03-15T04:05:58.991+0000][69][gc,cpu      ] GC(146) User=0.02s Sys=0.01s Real=0.01s
[2023-03-15T04:05:58.992+0000][69][safepoint   ] Safepoint "G1PauseRemark", Time since last: 111618068 ns, Reaching safepoint: 86890 ns, At safepoint: 10991420 ns, Total: 11078310 ns
[2023-03-15T04:05:58.992+0000][69][gc,marking  ] GC(146) Concurrent Mark 116.802ms
[2023-03-15T04:05:58.993+0000][69][gc,marking  ] GC(146) Concurrent Rebuild Remembered Sets
[2023-03-15T04:05:59.044+0000][69][gc,marking  ] GC(146) Concurrent Rebuild Remembered Sets 51.298ms
[2023-03-15T04:05:59.045+0000][69][gc,start    ] GC(146) Pause Cleanup
[2023-03-15T04:05:59.046+0000][69][gc          ] GC(146) Pause Cleanup 112M->112M(256M) 0.707ms
[2023-03-15T04:05:59.047+0000][69][gc,cpu      ] GC(146) User=0.00s Sys=0.00s Real=0.00s
[2023-03-15T04:05:59.047+0000][69][safepoint   ] Safepoint "G1PauseCleanup", Time since last: 53381394 ns, Reaching safepoint: 222398 ns, At safepoint: 1888233 ns, Total: 2110631 ns
[2023-03-15T04:05:59.048+0000][69][gc,marking  ] GC(146) Concurrent Cleanup for Next Mark
[2023-03-15T04:05:59.049+0000][69][gc,marking  ] GC(146) Concurrent Cleanup for Next Mark 0.808ms
[2023-03-15T04:05:59.049+0000][69][gc          ] GC(146) Concurrent Mark Cycle 180.686ms
[2023-03-15T04:06:03.053+0000][69][safepoint   ] Safepoint "Cleanup", Time since last: 4005029525 ns, Reaching safepoint: 687302 ns, At safepoint: 18201 ns, Total: 705503 ns
[2023-03-15T04:06:05.060+0000][69][safepoint   ] Safepoint "Cleanup", Time since last: 2006555295 ns, Reaching safepoint: 641206 ns, At safepoint: 21907 ns, Total: 663113 ns
[2023-03-15T04:06:08.065+0000][69][safepoint   ] Safepoint "Cleanup", Time since last: 3004670092 ns, Reaching safepoint: 223305 ns, At safepoint: 6405 ns, Total: 229710 ns
[2023-03-15T04:06:09.067+0000][69][safepoint   ] Safepoint "Cleanup", Time since last: 1001337651 ns, Reaching safepoint: 100856 ns, At safepoint: 6412 ns, Total: 107268 ns
[2023-03-15T04:06:12.072+0000][69][safepoint   ] Safepoint "Cleanup", Time since last: 3004857876 ns, Reaching safepoint: 190397 ns, At safepoint: 16317 ns, Total: 206714 ns
[2023-03-15T04:06:20.062+0000][69][safepoint   ] Safepoint "Cleanup", Time since last: 8013378032 ns, Reaching safepoint: 216866 ns, At safepoint: 28869 ns, Total: 245735 ns
[2023-03-15T04:06:21.066+0000][69][safepoint   ] Safepoint "Cleanup", Time since last: 1003100254 ns, Reaching safepoint: 199444 ns, At safepoint: 128165 ns, Total: 327609 ns
[2023-03-15T04:06:25.981+0000][69][gc,start    ] GC(147) Pause Young (Normal) (G1 Evacuation Pause)
[2023-03-15T04:06:25.981+0000][69][gc,task     ] GC(147) Using 4 workers of 4 for evacuation
[2023-03-15T04:06:25.982+0000][69][gc,age      ] GC(147) Desired survivor size 6291456 bytes, new threshold 15 (max threshold 15)
[2023-03-15T04:06:25.985+0000][69][gc,phases   ] GC(147)   Pre Evacuate Collection Set: 0.1ms
[2023-03-15T04:06:25.985+0000][69][gc,phases   ] GC(147)   Merge Heap Roots: 0.1ms
[2023-03-15T04:06:25.986+0000][69][gc,phases   ] GC(147)   Evacuate Collection Set: 1.5ms
[2023-03-15T04:06:25.986+0000][69][gc,phases   ] GC(147)   Post Evacuate Collection Set: 0.9ms
[2023-03-15T04:06:25.987+0000][69][gc,phases   ] GC(147)   Other: 1.1ms
[2023-03-15T04:06:25.987+0000][69][gc,age      ] GC(147) Age table with threshold 15 (max threshold 15)
[2023-03-15T04:06:25.988+0000][69][gc,age      ] GC(147) - age   1:     676608 bytes,     676608 total
[2023-03-15T04:06:25.988+0000][69][gc,age      ] GC(147) - age   2:     141960 bytes,     818568 total
[2023-03-15T04:06:25.988+0000][69][gc,age      ] GC(147) - age   3:      26616 bytes,     845184 total
[2023-03-15T04:06:25.989+0000][69][gc,age      ] GC(147) - age   4:       9384 bytes,     854568 total
[2023-03-15T04:06:25.989+0000][69][gc,age      ] GC(147) - age   5:      52264 bytes,     906832 total
[2023-03-15T04:06:25.990+0000][69][gc,age      ] GC(147) - age   6:        816 bytes,     907648 total
[2023-03-15T04:06:25.990+0000][69][gc,age      ] GC(147) - age   7:     218400 bytes,    1126048 total
[2023-03-15T04:06:25.991+0000][69][gc,age      ] GC(147) - age   8:      10864 bytes,    1136912 total
[2023-03-15T04:06:25.991+0000][69][gc,age      ] GC(147) - age   9:       4344 bytes,    1141256 total
[2023-03-15T04:06:25.992+0000][69][gc,age      ] GC(147) - age  10:       2864 bytes,    1144120 total
[2023-03-15T04:06:25.992+0000][69][gc,age      ] GC(147) - age  11:        392 bytes,    1144512 total
[2023-03-15T04:06:25.993+0000][69][gc,age      ] GC(147) - age  12:       4936 bytes,    1149448 total
[2023-03-15T04:06:25.993+0000][69][gc,age      ] GC(147) - age  13:       8600 bytes,    1158048 total
[2023-03-15T04:06:25.993+0000][69][gc,age      ] GC(147) - age  14:      63240 bytes,    1221288 total
[2023-03-15T04:06:25.994+0000][69][gc,age      ] GC(147) - age  15:      12144 bytes,    1233432 total
[2023-03-15T04:06:25.995+0000][69][gc,heap     ] GC(147) Eden regions: 23->0(23)
[2023-03-15T04:06:25.995+0000][69][gc,heap     ] GC(147) Survivor regions: 1->1(3)
[2023-03-15T04:06:25.995+0000][69][gc,heap     ] GC(147) Old regions: 25->25
[2023-03-15T04:06:25.996+0000][69][gc,heap     ] GC(147) Archive regions: 2->2
[2023-03-15T04:06:25.996+0000][69][gc,heap     ] GC(147) Humongous regions: 2->2
[2023-03-15T04:06:25.997+0000][69][gc,metaspace] GC(147) Metaspace: 140694K(144192K)->140694K(144192K) NonClass: 122645K(124096K)->122645K(124096K) Class: 18048K(20096K)->18048K(20096K)
[2023-03-15T04:06:25.997+0000][69][gc          ] GC(147) Pause Young (Normal) (G1 Evacuation Pause) 202M->111M(256M) 16.991ms
[2023-03-15T04:06:25.998+0000][69][gc,cpu      ] GC(147) User=0.01s Sys=0.00s Real=0.02s
[2023-03-15T04:06:25.998+0000][69][safepoint   ] Safepoint "G1CollectForAllocation", Time since last: 4914601524 ns, Reaching safepoint: 58434 ns, At safepoint: 17978314 ns, Total: 18036748 ns
[2023-03-15T04:06:30.005+0000][69][safepoint   ] Safepoint "Cleanup", Time since last: 4006062059 ns, Reaching safepoint: 288835 ns, At safepoint: 8631 ns, Total: 297466 ns
[2023-03-15T04:06:50.006+0000][69][safepoint   ] Safepoint "Cleanup", Time since last: 20023195971 ns, Reaching safepoint: 339297 ns, At safepoint: 34408 ns, Total: 373705 ns
[2023-03-15T04:06:51.010+0000][69][safepoint   ] Safepoint "Cleanup", Time since last: 1003241832 ns, Reaching safepoint: 625351 ns, At safepoint: 55843 ns, Total: 681194 ns
[2023-03-15T04:06:52.822+0000][69][gc,start    ] GC(148) Pause Young (Concurrent Start) (G1 Evacuation Pause)
[2023-03-15T04:06:52.823+0000][69][gc,task     ] GC(148) Using 4 workers of 4 for evacuation
[2023-03-15T04:06:52.825+0000][69][gc,age      ] GC(148) Desired survivor size 6291456 bytes, new threshold 15 (max threshold 15)
[2023-03-15T04:06:52.831+0000][69][gc,phases   ] GC(148)   Pre Evacuate Collection Set: 0.5ms
[2023-03-15T04:06:52.832+0000][69][gc,phases   ] GC(148)   Merge Heap Roots: 0.2ms
[2023-03-15T04:06:52.833+0000][69][gc,phases   ] GC(148)   Evacuate Collection Set: 2.5ms
[2023-03-15T04:06:52.833+0000][69][gc,phases   ] GC(148)   Post Evacuate Collection Set: 1.4ms
[2023-03-15T04:06:52.834+0000][69][gc,phases   ] GC(148)   Other: 2.6ms
[2023-03-15T04:06:52.835+0000][69][gc,age      ] GC(148) Age table with threshold 15 (max threshold 15)
[2023-03-15T04:06:52.836+0000][69][gc,age      ] GC(148) - age   1:     818504 bytes,     818504 total
[2023-03-15T04:06:52.836+0000][69][gc,age      ] GC(148) - age   2:     132584 bytes,     951088 total
[2023-03-15T04:06:52.837+0000][69][gc,age      ] GC(148) - age   3:       1752 bytes,     952840 total
[2023-03-15T04:06:52.838+0000][69][gc,age      ] GC(148) - age   4:      26336 bytes,     979176 total
[2023-03-15T04:06:52.839+0000][69][gc,age      ] GC(148) - age   5:       9192 bytes,     988368 total
[2023-03-15T04:06:52.839+0000][69][gc,age      ] GC(148) - age   6:      52176 bytes,    1040544 total
[2023-03-15T04:06:52.840+0000][69][gc,age      ] GC(148) - age   7:        816 bytes,    1041360 total
[2023-03-15T04:06:52.841+0000][69][gc,age      ] GC(148) - age   8:     218400 bytes,    1259760 total
[2023-03-15T04:06:52.841+0000][69][gc,age      ] GC(148) - age   9:      10864 bytes,    1270624 total
[2023-03-15T04:06:52.842+0000][69][gc,age      ] GC(148) - age  10:       4344 bytes,    1274968 total
[2023-03-15T04:06:52.843+0000][69][gc,age      ] GC(148) - age  11:       2864 bytes,    1277832 total
[2023-03-15T04:06:52.843+0000][69][gc,age      ] GC(148) - age  12:        392 bytes,    1278224 total
[2023-03-15T04:06:52.844+0000][69][gc,age      ] GC(148) - age  13:       4904 bytes,    1283128 total
[2023-03-15T04:06:52.844+0000][69][gc,age      ] GC(148) - age  14:       8600 bytes,    1291728 total
[2023-03-15T04:06:52.845+0000][69][gc,age      ] GC(148) - age  15:      63240 bytes,    1354968 total
[2023-03-15T04:06:52.845+0000][69][gc,heap     ] GC(148) Eden regions: 23->0(23)
[2023-03-15T04:06:52.846+0000][69][gc,heap     ] GC(148) Survivor regions: 1->1(3)
[2023-03-15T04:06:52.847+0000][69][gc,heap     ] GC(148) Old regions: 25->25
[2023-03-15T04:06:52.848+0000][69][gc,heap     ] GC(148) Archive regions: 2->2
[2023-03-15T04:06:52.848+0000][69][gc,heap     ] GC(148) Humongous regions: 2->2
[2023-03-15T04:06:52.849+0000][69][gc,metaspace] GC(148) Metaspace: 140694K(144192K)->140694K(144192K) NonClass: 122645K(124096K)->122645K(124096K) Class: 18048K(20096K)->18048K(20096K)
[2023-03-15T04:06:52.849+0000][69][gc          ] GC(148) Pause Young (Concurrent Start) (G1 Evacuation Pause) 203M->111M(256M) 27.807ms
[2023-03-15T04:06:52.850+0000][69][gc,cpu      ] GC(148) User=0.01s Sys=0.00s Real=0.03s
[2023-03-15T04:06:52.850+0000][69][gc          ] GC(149) Concurrent Mark Cycle
[2023-03-15T04:06:52.851+0000][69][gc,marking  ] GC(149) Concurrent Clear Claimed Marks
[2023-03-15T04:06:52.851+0000][69][safepoint   ] Safepoint "G1CollectForAllocation", Time since last: 1811555740 ns, Reaching safepoint: 236884 ns, At safepoint: 29162839 ns, Total: 29399723 ns
[2023-03-15T04:06:52.852+0000][69][gc,marking  ] GC(149) Concurrent Clear Claimed Marks 0.855ms
[2023-03-15T04:06:52.853+0000][69][gc,marking  ] GC(149) Concurrent Scan Root Regions
[2023-03-15T04:06:52.858+0000][69][gc,marking  ] GC(149) Concurrent Scan Root Regions 4.460ms
[2023-03-15T04:06:52.858+0000][69][gc,marking  ] GC(149) Concurrent Mark
[2023-03-15T04:06:52.859+0000][69][gc,marking  ] GC(149) Concurrent Mark From Roots
[2023-03-15T04:06:52.860+0000][69][gc,task     ] GC(149) Using 1 workers of 1 for marking
[2023-03-15T04:06:52.956+0000][69][gc,marking  ] GC(149) Concurrent Mark From Roots 96.772ms
[2023-03-15T04:06:52.957+0000][69][gc,marking  ] GC(149) Concurrent Preclean
[2023-03-15T04:06:52.958+0000][69][gc,marking  ] GC(149) Concurrent Preclean 1.233ms
[2023-03-15T04:06:52.959+0000][69][gc,start    ] GC(149) Pause Remark
[2023-03-15T04:06:52.974+0000][69][gc          ] GC(149) Pause Remark 113M->113M(256M) 15.341ms
[2023-03-15T04:06:52.976+0000][69][gc,cpu      ] GC(149) User=0.05s Sys=0.00s Real=0.01s
[2023-03-15T04:06:52.976+0000][69][safepoint   ] Safepoint "G1PauseRemark", Time since last: 108196216 ns, Reaching safepoint: 188386 ns, At safepoint: 17336912 ns, Total: 17525298 ns
[2023-03-15T04:06:52.977+0000][69][gc,marking  ] GC(149) Concurrent Mark 118.626ms
[2023-03-15T04:06:52.978+0000][69][gc,marking  ] GC(149) Concurrent Rebuild Remembered Sets
[2023-03-15T04:06:53.028+0000][69][gc,marking  ] GC(149) Concurrent Rebuild Remembered Sets 50.623ms
[2023-03-15T04:06:53.030+0000][69][gc,start    ] GC(149) Pause Cleanup
[2023-03-15T04:06:53.031+0000][69][gc          ] GC(149) Pause Cleanup 113M->113M(256M) 0.899ms
[2023-03-15T04:06:53.031+0000][69][gc,cpu      ] GC(149) User=0.00s Sys=0.00s Real=0.00s
[2023-03-15T04:06:53.032+0000][69][safepoint   ] Safepoint "G1PauseCleanup", Time since last: 53143275 ns, Reaching safepoint: 177544 ns, At safepoint: 2034757 ns, Total: 2212301 ns
[2023-03-15T04:06:53.033+0000][69][gc,marking  ] GC(149) Concurrent Cleanup for Next Mark
[2023-03-15T04:06:53.033+0000][69][gc,marking  ] GC(149) Concurrent Cleanup for Next Mark 0.787ms
[2023-03-15T04:06:53.034+0000][69][gc          ] GC(149) Concurrent Mark Cycle 183.733ms
[2023-03-15T04:07:05.046+0000][69][safepoint   ] Safepoint "Cleanup", Time since last: 12013799327 ns, Reaching safepoint: 197640 ns, At safepoint: 5460 ns, Total: 203100 ns
[2023-03-15T04:07:09.050+0000][69][safepoint   ] Safepoint "Cleanup", Time since last: 4004038475 ns, Reaching safepoint: 162191 ns, At safepoint: 4871 ns, Total: 167062 ns
[2023-03-15T04:07:20.510+0000][69][gc,start    ] GC(150) Pause Young (Normal) (G1 Evacuation Pause)
[2023-03-15T04:07:20.510+0000][69][gc,task     ] GC(150) Using 4 workers of 4 for evacuation
[2023-03-15T04:07:20.511+0000][69][gc,age      ] GC(150) Desired survivor size 6291456 bytes, new threshold 15 (max threshold 15)
[2023-03-15T04:07:20.514+0000][69][gc,phases   ] GC(150)   Pre Evacuate Collection Set: 0.1ms
[2023-03-15T04:07:20.515+0000][69][gc,phases   ] GC(150)   Merge Heap Roots: 0.1ms
[2023-03-15T04:07:20.515+0000][69][gc,phases   ] GC(150)   Evacuate Collection Set: 1.4ms
[2023-03-15T04:07:20.516+0000][69][gc,phases   ] GC(150)   Post Evacuate Collection Set: 0.8ms
[2023-03-15T04:07:20.516+0000][69][gc,phases   ] GC(150)   Other: 1.3ms
[2023-03-15T04:07:20.517+0000][69][gc,age      ] GC(150) Age table with threshold 15 (max threshold 15)
[2023-03-15T04:07:20.517+0000][69][gc,age      ] GC(150) - age   1:     975072 bytes,     975072 total
[2023-03-15T04:07:20.518+0000][69][gc,age      ] GC(150) - age   2:     155472 bytes,    1130544 total
[2023-03-15T04:07:20.518+0000][69][gc,age      ] GC(150) - age   3:      13904 bytes,    1144448 total
[2023-03-15T04:07:20.519+0000][69][gc,age      ] GC(150) - age   4:       1688 bytes,    1146136 total
[2023-03-15T04:07:20.520+0000][69][gc,age      ] GC(150) - age   5:      26336 bytes,    1172472 total
[2023-03-15T04:07:20.520+0000][69][gc,age      ] GC(150) - age   6:       9192 bytes,    1181664 total
[2023-03-15T04:07:20.521+0000][69][gc,age      ] GC(150) - age   7:      52176 bytes,    1233840 total
[2023-03-15T04:07:20.521+0000][69][gc,age      ] GC(150) - age   8:        816 bytes,    1234656 total
[2023-03-15T04:07:20.523+0000][69][gc,age      ] GC(150) - age   9:     218400 bytes,    1453056 total
[2023-03-15T04:07:20.523+0000][69][gc,age      ] GC(150) - age  10:      10864 bytes,    1463920 total
[2023-03-15T04:07:20.524+0000][69][gc,age      ] GC(150) - age  11:       4344 bytes,    1468264 total
[2023-03-15T04:07:20.525+0000][69][gc,age      ] GC(150) - age  12:       2864 bytes,    1471128 total
[2023-03-15T04:07:20.525+0000][69][gc,age      ] GC(150) - age  13:        392 bytes,    1471520 total
[2023-03-15T04:07:20.526+0000][69][gc,age      ] GC(150) - age  14:       4904 bytes,    1476424 total
[2023-03-15T04:07:20.526+0000][69][gc,age      ] GC(150) - age  15:       8304 bytes,    1484728 total
[2023-03-15T04:07:20.527+0000][69][gc,heap     ] GC(150) Eden regions: 23->0(23)
[2023-03-15T04:07:20.528+0000][69][gc,heap     ] GC(150) Survivor regions: 1->1(3)
[2023-03-15T04:07:20.528+0000][69][gc,heap     ] GC(150) Old regions: 25->25
[2023-03-15T04:07:20.529+0000][69][gc,heap     ] GC(150) Archive regions: 2->2
[2023-03-15T04:07:20.529+0000][69][gc,heap     ] GC(150) Humongous regions: 2->2
[2023-03-15T04:07:20.529+0000][69][gc,metaspace] GC(150) Metaspace: 140692K(144192K)->140692K(144192K) NonClass: 122646K(124096K)->122646K(124096K) Class: 18045K(20096K)->18045K(20096K)
[2023-03-15T04:07:20.530+0000][69][gc          ] GC(150) Pause Young (Normal) (G1 Evacuation Pause) 203M->111M(256M) 20.453ms
[2023-03-15T04:07:20.531+0000][69][gc,cpu      ] GC(150) User=0.03s Sys=0.01s Real=0.02s
[2023-03-15T04:07:20.531+0000][69][safepoint   ] Safepoint "G1CollectForAllocation", Time since last: 11481755178 ns, Reaching safepoint: 123083 ns, At safepoint: 21699565 ns, Total: 21822648 ns
[2023-03-15T04:07:26.545+0000][69][safepoint   ] Safepoint "Cleanup", Time since last: 6013508145 ns, Reaching safepoint: 514399 ns, At safepoint: 15076 ns, Total: 529475 ns
[2023-03-15T04:07:29.551+0000][69][safepoint   ] Safepoint "Cleanup", Time since last: 3005382159 ns, Reaching safepoint: 495972 ns, At safepoint: 216410 ns, Total: 712382 ns
[2023-03-15T04:07:32.563+0000][69][safepoint   ] Safepoint "Cleanup", Time since last: 3011275124 ns, Reaching safepoint: 660199 ns, At safepoint: 26353 ns, Total: 686552 ns
[2023-03-15T04:07:33.568+0000][69][safepoint   ] Safepoint "Cleanup", Time since last: 1004376691 ns, Reaching safepoint: 95548 ns, At safepoint: 3279 ns, Total: 98827 ns
[2023-03-15T04:07:38.574+0000][69][safepoint   ] Safepoint "Cleanup", Time since last: 5005816415 ns, Reaching safepoint: 343055 ns, At safepoint: 12233 ns, Total: 355288 ns
[2023-03-15T04:07:39.579+0000][69][safepoint   ] Safepoint "Cleanup", Time since last: 1004982679 ns, Reaching safepoint: 492008 ns, At safepoint: 54745 ns, Total: 546753 ns
[2023-03-15T04:07:50.029+0000][69][gc,start    ] GC(151) Pause Young (Concurrent Start) (G1 Evacuation Pause)
[2023-03-15T04:07:50.030+0000][69][gc,task     ] GC(151) Using 4 workers of 4 for evacuation
[2023-03-15T04:07:50.030+0000][69][gc,age      ] GC(151) Desired survivor size 6291456 bytes, new threshold 15 (max threshold 15)
[2023-03-15T04:07:50.035+0000][69][gc,phases   ] GC(151)   Pre Evacuate Collection Set: 0.4ms
[2023-03-15T04:07:50.036+0000][69][gc,phases   ] GC(151)   Merge Heap Roots: 0.1ms
[2023-03-15T04:07:50.036+0000][69][gc,phases   ] GC(151)   Evacuate Collection Set: 2.7ms
[2023-03-15T04:07:50.037+0000][69][gc,phases   ] GC(151)   Post Evacuate Collection Set: 0.8ms
[2023-03-15T04:07:50.037+0000][69][gc,phases   ] GC(151)   Other: 1.4ms
[2023-03-15T04:07:50.037+0000][69][gc,age      ] GC(151) Age table with threshold 15 (max threshold 15)
[2023-03-15T04:07:50.038+0000][69][gc,age      ] GC(151) - age   1:     893664 bytes,     893664 total
[2023-03-15T04:07:50.038+0000][69][gc,age      ] GC(151) - age   2:     133088 bytes,    1026752 total
[2023-03-15T04:07:50.039+0000][69][gc,age      ] GC(151) - age   3:        576 bytes,    1027328 total
[2023-03-15T04:07:50.039+0000][69][gc,age      ] GC(151) - age   4:      13296 bytes,    1040624 total
[2023-03-15T04:07:50.039+0000][69][gc,age      ] GC(151) - age   5:       1512 bytes,    1042136 total
[2023-03-15T04:07:50.040+0000][69][gc,age      ] GC(151) - age   6:      26144 bytes,    1068280 total
[2023-03-15T04:07:50.041+0000][69][gc,age      ] GC(151) - age   7:       8832 bytes,    1077112 total
[2023-03-15T04:07:50.041+0000][69][gc,age      ] GC(151) - age   8:      52176 bytes,    1129288 total
[2023-03-15T04:07:50.042+0000][69][gc,age      ] GC(151) - age   9:        632 bytes,    1129920 total
[2023-03-15T04:07:50.042+0000][69][gc,age      ] GC(151) - age  10:     218160 bytes,    1348080 total
[2023-03-15T04:07:50.042+0000][69][gc,age      ] GC(151) - age  11:      10864 bytes,    1358944 total
[2023-03-15T04:07:50.043+0000][69][gc,age      ] GC(151) - age  12:       4112 bytes,    1363056 total
[2023-03-15T04:07:50.043+0000][69][gc,age      ] GC(151) - age  13:       2864 bytes,    1365920 total
[2023-03-15T04:07:50.043+0000][69][gc,age      ] GC(151) - age  14:        392 bytes,    1366312 total
[2023-03-15T04:07:50.044+0000][69][gc,age      ] GC(151) - age  15:       4904 bytes,    1371216 total
[2023-03-15T04:07:50.044+0000][69][gc,heap     ] GC(151) Eden regions: 23->0(23)
[2023-03-15T04:07:50.045+0000][69][gc,heap     ] GC(151) Survivor regions: 1->1(3)
[2023-03-15T04:07:50.045+0000][69][gc,heap     ] GC(151) Old regions: 25->25
[2023-03-15T04:07:50.045+0000][69][gc,heap     ] GC(151) Archive regions: 2->2
[2023-03-15T04:07:50.046+0000][69][gc,heap     ] GC(151) Humongous regions: 2->2
[2023-03-15T04:07:50.046+0000][69][gc,metaspace] GC(151) Metaspace: 140696K(144192K)->140696K(144192K) NonClass: 122650K(124096K)->122650K(124096K) Class: 18045K(20096K)->18045K(20096K)
[2023-03-15T04:07:50.046+0000][69][gc          ] GC(151) Pause Young (Concurrent Start) (G1 Evacuation Pause) 203M->111M(256M) 17.465ms
[2023-03-15T04:07:50.047+0000][69][gc,cpu      ] GC(151) User=0.01s Sys=0.00s Real=0.02s
[2023-03-15T04:07:50.047+0000][69][gc          ] GC(152) Concurrent Mark Cycle
[2023-03-15T04:07:50.048+0000][69][gc,marking  ] GC(152) Concurrent Clear Claimed Marks
[2023-03-15T04:07:50.047+0000][69][safepoint   ] Safepoint "G1CollectForAllocation", Time since last: 10471187013 ns, Reaching safepoint: 86194 ns, At safepoint: 18316054 ns, Total: 18402248 ns
[2023-03-15T04:07:50.049+0000][69][gc,marking  ] GC(152) Concurrent Clear Claimed Marks 0.772ms
[2023-03-15T04:07:50.050+0000][69][gc,marking  ] GC(152) Concurrent Scan Root Regions
[2023-03-15T04:07:50.053+0000][69][gc,marking  ] GC(152) Concurrent Scan Root Regions 2.690ms
[2023-03-15T04:07:50.053+0000][69][gc,marking  ] GC(152) Concurrent Mark
[2023-03-15T04:07:50.054+0000][69][gc,marking  ] GC(152) Concurrent Mark From Roots
[2023-03-15T04:07:50.054+0000][69][gc,task     ] GC(152) Using 1 workers of 1 for marking
[2023-03-15T04:07:50.162+0000][69][gc,marking  ] GC(152) Concurrent Mark From Roots 107.813ms
[2023-03-15T04:07:50.162+0000][69][gc,marking  ] GC(152) Concurrent Preclean
[2023-03-15T04:07:50.163+0000][69][gc,marking  ] GC(152) Concurrent Preclean 0.752ms
[2023-03-15T04:07:50.164+0000][69][gc,start    ] GC(152) Pause Remark
[2023-03-15T04:07:50.175+0000][69][gc          ] GC(152) Pause Remark 117M->117M(256M) 10.983ms
[2023-03-15T04:07:50.175+0000][69][gc,cpu      ] GC(152) User=0.03s Sys=0.00s Real=0.02s
[2023-03-15T04:07:50.176+0000][69][safepoint   ] Safepoint "G1PauseRemark", Time since last: 116189553 ns, Reaching safepoint: 59560 ns, At safepoint: 12244531 ns, Total: 12304091 ns
[2023-03-15T04:07:50.176+0000][69][gc,marking  ] GC(152) Concurrent Mark 122.897ms
[2023-03-15T04:07:50.177+0000][69][gc,marking  ] GC(152) Concurrent Rebuild Remembered Sets
[2023-03-15T04:07:50.229+0000][69][gc,marking  ] GC(152) Concurrent Rebuild Remembered Sets 52.528ms
[2023-03-15T04:07:50.230+0000][69][gc,start    ] GC(152) Pause Cleanup
[2023-03-15T04:07:50.232+0000][69][gc          ] GC(152) Pause Cleanup 118M->118M(256M) 1.469ms
[2023-03-15T04:07:50.233+0000][69][gc,cpu      ] GC(152) User=0.00s Sys=0.00s Real=0.00s
[2023-03-15T04:07:50.233+0000][69][safepoint   ] Safepoint "G1PauseCleanup", Time since last: 54508388 ns, Reaching safepoint: 136266 ns, At safepoint: 3009984 ns, Total: 3146250 ns
[2023-03-15T04:07:50.235+0000][69][gc,marking  ] GC(152) Concurrent Cleanup for Next Mark
[2023-03-15T04:07:50.235+0000][69][gc,marking  ] GC(152) Concurrent Cleanup for Next Mark 0.780ms
[2023-03-15T04:07:50.236+0000][69][gc          ] GC(152) Concurrent Mark Cycle 189.190ms
[2023-03-15T04:07:51.236+0000][69][safepoint   ] Safepoint "Cleanup", Time since last: 1001698865 ns, Reaching safepoint: 747809 ns, At safepoint: 36002 ns, Total: 783811 ns
[2023-03-15T04:07:56.248+0000][69][safepoint   ] Safepoint "Cleanup", Time since last: 5011259530 ns, Reaching safepoint: 894466 ns, At safepoint: 116236 ns, Total: 1010702 ns
[2023-03-15T04:08:02.257+0000][69][safepoint   ] Safepoint "Cleanup", Time since last: 6008633060 ns, Reaching safepoint: 354002 ns, At safepoint: 61761 ns, Total: 415763 ns
[2023-03-15T04:08:04.262+0000][69][safepoint   ] Safepoint "Cleanup", Time since last: 2004035563 ns, Reaching safepoint: 558375 ns, At safepoint: 105779 ns, Total: 664154 ns
[2023-03-15T04:08:14.280+0000][69][safepoint   ] Safepoint "Cleanup", Time since last: 10018120240 ns, Reaching safepoint: 157393 ns, At safepoint: 7590 ns, Total: 164983 ns
[2023-03-15T04:08:15.282+0000][69][safepoint   ] Safepoint "Cleanup", Time since last: 1001008687 ns, Reaching safepoint: 331284 ns, At safepoint: 56509 ns, Total: 387793 ns
[2023-03-15T04:08:16.846+0000][69][gc,start    ] GC(153) Pause Young (Normal) (G1 Evacuation Pause)
[2023-03-15T04:08:16.848+0000][69][gc,task     ] GC(153) Using 4 workers of 4 for evacuation
[2023-03-15T04:08:16.849+0000][69][gc,age      ] GC(153) Desired survivor size 6291456 bytes, new threshold 15 (max threshold 15)
[2023-03-15T04:08:16.854+0000][69][gc,phases   ] GC(153)   Pre Evacuate Collection Set: 0.2ms
[2023-03-15T04:08:16.855+0000][69][gc,phases   ] GC(153)   Merge Heap Roots: 0.1ms
[2023-03-15T04:08:16.856+0000][69][gc,phases   ] GC(153)   Evacuate Collection Set: 2.4ms
[2023-03-15T04:08:16.857+0000][69][gc,phases   ] GC(153)   Post Evacuate Collection Set: 1.0ms
[2023-03-15T04:08:16.857+0000][69][gc,phases   ] GC(153)   Other: 2.1ms
[2023-03-15T04:08:16.858+0000][69][gc,age      ] GC(153) Age table with threshold 15 (max threshold 15)
[2023-03-15T04:08:16.858+0000][69][gc,age      ] GC(153) - age   1:     969640 bytes,     969640 total
[2023-03-15T04:08:16.859+0000][69][gc,age      ] GC(153) - age   2:     159944 bytes,    1129584 total
[2023-03-15T04:08:16.859+0000][69][gc,age      ] GC(153) - age   3:        912 bytes,    1130496 total
[2023-03-15T04:08:16.860+0000][69][gc,age      ] GC(153) - age   4:        224 bytes,    1130720 total
[2023-03-15T04:08:16.860+0000][69][gc,age      ] GC(153) - age   5:      13296 bytes,    1144016 total
[2023-03-15T04:08:16.861+0000][69][gc,age      ] GC(153) - age   6:       1512 bytes,    1145528 total
[2023-03-15T04:08:16.861+0000][69][gc,age      ] GC(153) - age   7:      26144 bytes,    1171672 total
[2023-03-15T04:08:16.862+0000][69][gc,age      ] GC(153) - age   8:       8832 bytes,    1180504 total
[2023-03-15T04:08:16.862+0000][69][gc,age      ] GC(153) - age   9:      52176 bytes,    1232680 total
[2023-03-15T04:08:16.863+0000][69][gc,age      ] GC(153) - age  10:        632 bytes,    1233312 total
[2023-03-15T04:08:16.863+0000][69][gc,age      ] GC(153) - age  11:     218160 bytes,    1451472 total
[2023-03-15T04:08:16.864+0000][69][gc,age      ] GC(153) - age  12:      10864 bytes,    1462336 total
[2023-03-15T04:08:16.864+0000][69][gc,age      ] GC(153) - age  13:       4112 bytes,    1466448 total
[2023-03-15T04:08:16.865+0000][69][gc,age      ] GC(153) - age  14:       2864 bytes,    1469312 total
[2023-03-15T04:08:16.865+0000][69][gc,age      ] GC(153) - age  15:        392 bytes,    1469704 total
[2023-03-15T04:08:16.865+0000][69][gc,heap     ] GC(153) Eden regions: 23->0(23)
[2023-03-15T04:08:16.866+0000][69][gc,heap     ] GC(153) Survivor regions: 1->1(3)
[2023-03-15T04:08:16.869+0000][69][gc,heap     ] GC(153) Old regions: 25->25
[2023-03-15T04:08:16.873+0000][69][gc,heap     ] GC(153) Archive regions: 2->2
[2023-03-15T04:08:16.874+0000][69][gc,heap     ] GC(153) Humongous regions: 2->2
[2023-03-15T04:08:16.874+0000][69][gc,metaspace] GC(153) Metaspace: 140702K(144192K)->140702K(144192K) NonClass: 122656K(124096K)->122656K(124096K) Class: 18045K(20096K)->18045K(20096K)
[2023-03-15T04:08:16.875+0000][69][gc          ] GC(153) Pause Young (Normal) (G1 Evacuation Pause) 203M->111M(256M) 28.693ms
[2023-03-15T04:08:16.875+0000][69][gc,cpu      ] GC(153) User=0.01s Sys=0.01s Real=0.03s
[2023-03-15T04:08:16.876+0000][69][safepoint   ] Safepoint "G1CollectForAllocation", Time since last: 1564194746 ns, Reaching safepoint: 113440 ns, At safepoint: 30004276 ns, Total: 30117716 ns
[2023-03-15T04:08:20.856+0000][69][safepoint   ] Safepoint "Cleanup", Time since last: 4001965126 ns, Reaching safepoint: 414131 ns, At safepoint: 74322 ns, Total: 488453 ns
[2023-03-15T04:08:21.860+0000][69][safepoint   ] Safepoint "Cleanup", Time since last: 1002752126 ns, Reaching safepoint: 390101 ns, At safepoint: 135965 ns, Total: 526066 ns
[2023-03-15T04:08:24.864+0000][69][safepoint   ] Safepoint "Cleanup", Time since last: 3003282721 ns, Reaching safepoint: 721189 ns, At safepoint: 113893 ns, Total: 835082 ns
[2023-03-15T04:08:26.868+0000][69][safepoint   ] Safepoint "Cleanup", Time since last: 2002959483 ns, Reaching safepoint: 612649 ns, At safepoint: 132594 ns, Total: 745243 ns
[2023-03-15T04:08:28.871+0000][69][safepoint   ] Safepoint "Cleanup", Time since last: 2003605839 ns, Reaching safepoint: 187017 ns, At safepoint: 4095 ns, Total: 191112 ns
[2023-03-15T04:08:34.875+0000][69][safepoint   ] Safepoint "Cleanup", Time since last: 6003195050 ns, Reaching safepoint: 194365 ns, At safepoint: 165206 ns, Total: 359571 ns
[2023-03-15T04:08:35.877+0000][69][safepoint   ] Safepoint "Cleanup", Time since last: 1002161891 ns, Reaching safepoint: 281954 ns, At safepoint: 5148 ns, Total: 287102 ns
[2023-03-15T04:08:37.562+0000][69][gc,start    ] GC(154) Pause Young (Concurrent Start) (G1 Evacuation Pause)
[2023-03-15T04:08:37.564+0000][69][gc,task     ] GC(154) Using 4 workers of 4 for evacuation
[2023-03-15T04:08:37.567+0000][69][gc,age      ] GC(154) Desired survivor size 6291456 bytes, new threshold 15 (max threshold 15)
[2023-03-15T04:08:37.576+0000][69][gc,phases   ] GC(154)   Pre Evacuate Collection Set: 0.9ms
[2023-03-15T04:08:37.578+0000][69][gc,phases   ] GC(154)   Merge Heap Roots: 0.2ms
[2023-03-15T04:08:37.579+0000][69][gc,phases   ] GC(154)   Evacuate Collection Set: 3.2ms
[2023-03-15T04:08:37.580+0000][69][gc,phases   ] GC(154)   Post Evacuate Collection Set: 1.5ms
[2023-03-15T04:08:37.581+0000][69][gc,phases   ] GC(154)   Other: 5.5ms
[2023-03-15T04:08:37.581+0000][69][gc,age      ] GC(154) Age table with threshold 15 (max threshold 15)
[2023-03-15T04:08:37.582+0000][69][gc,age      ] GC(154) - age   1:    1358624 bytes,    1358624 total
[2023-03-15T04:08:37.583+0000][69][gc,age      ] GC(154) - age   2:     130776 bytes,    1489400 total
[2023-03-15T04:08:37.583+0000][69][gc,age      ] GC(154) - age   3:      26416 bytes,    1515816 total
[2023-03-15T04:08:37.584+0000][69][gc,age      ] GC(154) - age   4:        336 bytes,    1516152 total
[2023-03-15T04:08:37.585+0000][69][gc,age      ] GC(154) - age   5:         80 bytes,    1516232 total
[2023-03-15T04:08:37.586+0000][69][gc,age      ] GC(154) - age   6:      13296 bytes,    1529528 total
[2023-03-15T04:08:37.587+0000][69][gc,age      ] GC(154) - age   7:       1512 bytes,    1531040 total
[2023-03-15T04:08:37.588+0000][69][gc,age      ] GC(154) - age   8:      26144 bytes,    1557184 total
[2023-03-15T04:08:37.588+0000][69][gc,age      ] GC(154) - age   9:       8832 bytes,    1566016 total
[2023-03-15T04:08:37.589+0000][69][gc,age      ] GC(154) - age  10:      52176 bytes,    1618192 total
[2023-03-15T04:08:37.589+0000][69][gc,age      ] GC(154) - age  11:        600 bytes,    1618792 total
[2023-03-15T04:08:37.590+0000][69][gc,age      ] GC(154) - age  12:     110376 bytes,    1729168 total
[2023-03-15T04:08:37.591+0000][69][gc,age      ] GC(154) - age  13:      10864 bytes,    1740032 total
[2023-03-15T04:08:37.592+0000][69][gc,age      ] GC(154) - age  14:       4112 bytes,    1744144 total
[2023-03-15T04:08:37.592+0000][69][gc,age      ] GC(154) - age  15:       2864 bytes,    1747008 total
[2023-03-15T04:08:37.593+0000][69][gc,heap     ] GC(154) Eden regions: 23->0(23)
[2023-03-15T04:08:37.594+0000][69][gc,heap     ] GC(154) Survivor regions: 1->1(3)
[2023-03-15T04:08:37.594+0000][69][gc,heap     ] GC(154) Old regions: 25->25
[2023-03-15T04:08:37.595+0000][69][gc,heap     ] GC(154) Archive regions: 2->2
[2023-03-15T04:08:37.596+0000][69][gc,heap     ] GC(154) Humongous regions: 2->2
[2023-03-15T04:08:37.596+0000][69][gc,metaspace] GC(154) Metaspace: 140713K(144192K)->140713K(144192K) NonClass: 122667K(124096K)->122667K(124096K) Class: 18045K(20096K)->18045K(20096K)
[2023-03-15T04:08:37.597+0000][69][gc          ] GC(154) Pause Young (Concurrent Start) (G1 Evacuation Pause) 203M->111M(256M) 34.500ms
[2023-03-15T04:08:37.597+0000][69][gc          ] GC(155) Concurrent Mark Cycle
[2023-03-15T04:08:37.598+0000][69][gc,marking  ] GC(155) Concurrent Clear Claimed Marks
[2023-03-15T04:08:37.599+0000][69][gc,marking  ] GC(155) Concurrent Clear Claimed Marks 0.862ms
[2023-03-15T04:08:37.600+0000][69][gc,marking  ] GC(155) Concurrent Scan Root Regions
[2023-03-15T04:08:37.597+0000][69][gc,cpu      ] GC(154) User=0.01s Sys=0.00s Real=0.03s
[2023-03-15T04:08:37.602+0000][69][safepoint   ] Safepoint "G1CollectForAllocation", Time since last: 1684553459 ns, Reaching safepoint: 166864 ns, At safepoint: 40328223 ns, Total: 40495087 ns
[2023-03-15T04:08:37.603+0000][69][gc,marking  ] GC(155) Concurrent Scan Root Regions 3.125ms
[2023-03-15T04:08:37.604+0000][69][gc,marking  ] GC(155) Concurrent Mark
[2023-03-15T04:08:37.605+0000][69][gc,marking  ] GC(155) Concurrent Mark From Roots
[2023-03-15T04:08:37.606+0000][69][gc,task     ] GC(155) Using 1 workers of 1 for marking
[2023-03-15T04:08:37.718+0000][69][gc,marking  ] GC(155) Concurrent Mark From Roots 113.442ms
[2023-03-15T04:08:37.724+0000][69][gc,marking  ] GC(155) Concurrent Preclean
[2023-03-15T04:08:37.726+0000][69][gc,marking  ] GC(155) Concurrent Preclean 2.141ms
[2023-03-15T04:08:37.731+0000][69][gc,start    ] GC(155) Pause Remark
[2023-03-15T04:08:37.758+0000][69][gc          ] GC(155) Pause Remark 112M->112M(256M) 27.274ms
[2023-03-15T04:08:37.760+0000][69][gc,cpu      ] GC(155) User=0.05s Sys=0.00s Real=0.03s
[2023-03-15T04:08:37.761+0000][69][safepoint   ] Safepoint "G1PauseRemark", Time since last: 128003872 ns, Reaching safepoint: 120625 ns, At safepoint: 30546036 ns, Total: 30666661 ns
[2023-03-15T04:08:37.763+0000][69][gc,marking  ] GC(155) Concurrent Mark 158.483ms
[2023-03-15T04:08:37.764+0000][69][gc,marking  ] GC(155) Concurrent Rebuild Remembered Sets
[2023-03-15T04:08:37.851+0000][69][gc,marking  ] GC(155) Concurrent Rebuild Remembered Sets 87.621ms
[2023-03-15T04:08:37.854+0000][69][gc,start    ] GC(155) Pause Cleanup
[2023-03-15T04:08:37.856+0000][69][gc          ] GC(155) Pause Cleanup 114M->114M(256M) 2.730ms
[2023-03-15T04:08:37.857+0000][69][gc,cpu      ] GC(155) User=0.00s Sys=0.00s Real=0.00s
[2023-03-15T04:08:37.859+0000][69][safepoint   ] Safepoint "G1PauseCleanup", Time since last: 92328466 ns, Reaching safepoint: 199664 ns, At safepoint: 5095206 ns, Total: 5294870 ns
[2023-03-15T04:08:37.860+0000][69][gc,marking  ] GC(155) Concurrent Cleanup for Next Mark
[2023-03-15T04:08:37.861+0000][69][gc,marking  ] GC(155) Concurrent Cleanup for Next Mark 1.381ms
[2023-03-15T04:08:37.864+0000][69][gc          ] GC(155) Concurrent Mark Cycle 266.739ms
[2023-03-15T04:08:38.861+0000][69][safepoint   ] Safepoint "Cleanup", Time since last: 1001680058 ns, Reaching safepoint: 138038 ns, At safepoint: 7586 ns, Total: 145624 ns
[2023-03-15T04:08:39.863+0000][69][safepoint   ] Safepoint "Cleanup", Time since last: 1002162424 ns, Reaching safepoint: 202327 ns, At safepoint: 6230 ns, Total: 208557 ns
[2023-03-15T04:08:43.869+0000][69][safepoint   ] Safepoint "Cleanup", Time since last: 4005386628 ns, Reaching safepoint: 369148 ns, At safepoint: 45328 ns, Total: 414476 ns
[2023-03-15T04:08:45.872+0000][69][safepoint   ] Safepoint "Cleanup", Time since last: 2002518206 ns, Reaching safepoint: 409988 ns, At safepoint: 22839 ns, Total: 432827 ns
[2023-03-15T04:08:46.876+0000][69][safepoint   ] Safepoint "Cleanup", Time since last: 1003677271 ns, Reaching safepoint: 388330 ns, At safepoint: 18499 ns, Total: 406829 ns
[2023-03-15T04:08:50.838+0000][69][safepoint   ] Safepoint "Cleanup", Time since last: 3983150666 ns, Reaching safepoint: 279143 ns, At safepoint: 14878 ns, Total: 294021 ns
[2023-03-15T04:08:57.847+0000][69][safepoint   ] Safepoint "Cleanup", Time since last: 7007903513 ns, Reaching safepoint: 957961 ns, At safepoint: 16308 ns, Total: 974269 ns
[2023-03-15T04:09:04.856+0000][69][safepoint   ] Safepoint "Cleanup", Time since last: 7009291853 ns, Reaching safepoint: 254440 ns, At safepoint: 10438 ns, Total: 264878 ns
[2023-03-15T04:09:04.964+0000][69][gc,start    ] GC(156) Pause Young (Normal) (G1 Evacuation Pause)
[2023-03-15T04:09:04.966+0000][69][gc,task     ] GC(156) Using 4 workers of 4 for evacuation
[2023-03-15T04:09:04.967+0000][69][gc,age      ] GC(156) Desired survivor size 6291456 bytes, new threshold 15 (max threshold 15)
[2023-03-15T04:09:04.975+0000][69][gc,phases   ] GC(156)   Pre Evacuate Collection Set: 0.1ms
[2023-03-15T04:09:04.976+0000][69][gc,phases   ] GC(156)   Merge Heap Roots: 0.1ms
[2023-03-15T04:09:04.977+0000][69][gc,phases   ] GC(156)   Evacuate Collection Set: 4.8ms
[2023-03-15T04:09:04.978+0000][69][gc,phases   ] GC(156)   Post Evacuate Collection Set: 1.3ms
[2023-03-15T04:09:04.979+0000][69][gc,phases   ] GC(156)   Other: 2.3ms
[2023-03-15T04:09:04.980+0000][69][gc,age      ] GC(156) Age table with threshold 15 (max threshold 15)
[2023-03-15T04:09:04.981+0000][69][gc,age      ] GC(156) - age   1:    1256728 bytes,    1256728 total
[2023-03-15T04:09:04.982+0000][69][gc,age      ] GC(156) - age   2:     531200 bytes,    1787928 total
[2023-03-15T04:09:04.983+0000][69][gc,age      ] GC(156) - age   3:      16784 bytes,    1804712 total
[2023-03-15T04:09:04.984+0000][69][gc,age      ] GC(156) - age   4:      25384 bytes,    1830096 total
[2023-03-15T04:09:04.984+0000][69][gc,age      ] GC(156) - age   5:        336 bytes,    1830432 total
[2023-03-15T04:09:04.985+0000][69][gc,age      ] GC(156) - age   6:         80 bytes,    1830512 total
[2023-03-15T04:09:04.986+0000][69][gc,age      ] GC(156) - age   7:      13000 bytes,    1843512 total
[2023-03-15T04:09:04.987+0000][69][gc,age      ] GC(156) - age   8:       1512 bytes,    1845024 total
[2023-03-15T04:09:04.988+0000][69][gc,age      ] GC(156) - age   9:      26144 bytes,    1871168 total
[2023-03-15T04:09:04.990+0000][69][gc,age      ] GC(156) - age  10:       8832 bytes,    1880000 total
[2023-03-15T04:09:04.991+0000][69][gc,age      ] GC(156) - age  11:      51880 bytes,    1931880 total
[2023-03-15T04:09:04.992+0000][69][gc,age      ] GC(156) - age  12:        400 bytes,    1932280 total
[2023-03-15T04:09:04.993+0000][69][gc,age      ] GC(156) - age  13:     110248 bytes,    2042528 total
[2023-03-15T04:09:04.994+0000][69][gc,age      ] GC(156) - age  14:      10864 bytes,    2053392 total
[2023-03-15T04:09:04.994+0000][69][gc,age      ] GC(156) - age  15:       4112 bytes,    2057504 total
[2023-03-15T04:09:04.995+0000][69][gc,heap     ] GC(156) Eden regions: 23->0(23)
[2023-03-15T04:09:04.996+0000][69][gc,heap     ] GC(156) Survivor regions: 1->1(3)
[2023-03-15T04:09:04.997+0000][69][gc,heap     ] GC(156) Old regions: 25->25
[2023-03-15T04:09:04.998+0000][69][gc,heap     ] GC(156) Archive regions: 2->2
[2023-03-15T04:09:04.998+0000][69][gc,heap     ] GC(156) Humongous regions: 2->2
[2023-03-15T04:09:04.999+0000][69][gc,metaspace] GC(156) Metaspace: 140719K(144192K)->140719K(144192K) NonClass: 122674K(124096K)->122674K(124096K) Class: 18045K(20096K)->18045K(20096K)
[2023-03-15T04:09:05.000+0000][69][gc          ] GC(156) Pause Young (Normal) (G1 Evacuation Pause) 203M->112M(256M) 36.155ms
[2023-03-15T04:09:05.001+0000][69][gc,cpu      ] GC(156) User=0.01s Sys=0.00s Real=0.04s
[2023-03-15T04:09:05.003+0000][69][safepoint   ] Safepoint "G1CollectForAllocation", Time since last: 107472440 ns, Reaching safepoint: 149563 ns, At safepoint: 39270020 ns, Total: 39419583 ns
[2023-03-15T04:09:14.236+0000][69][safepoint   ] Safepoint "Cleanup", Time since last: 9232709756 ns, Reaching safepoint: 196539 ns, At safepoint: 4072 ns, Total: 200611 ns
[2023-03-15T04:09:15.238+0000][69][safepoint   ] Safepoint "Cleanup", Time since last: 1001968992 ns, Reaching safepoint: 178985 ns, At safepoint: 7311 ns, Total: 186296 ns
[2023-03-15T04:09:16.240+0000][69][safepoint   ] Safepoint "Cleanup", Time since last: 1001315207 ns, Reaching safepoint: 499726 ns, At safepoint: 13692 ns, Total: 513418 ns
[2023-03-15T04:09:20.238+0000][69][safepoint   ] Safepoint "Cleanup", Time since last: 4016683237 ns, Reaching safepoint: 3577221 ns, At safepoint: 73797 ns, Total: 3651018 ns
[2023-03-15T04:09:22.919+0000][69][safepoint   ] Safepoint "Cleanup", Time since last: 2680507403 ns, Reaching safepoint: 174745 ns, At safepoint: 3622 ns, Total: 178367 ns
[2023-03-15T04:09:26.924+0000][69][safepoint   ] Safepoint "Cleanup", Time since last: 4005051378 ns, Reaching safepoint: 385918 ns, At safepoint: 27820 ns, Total: 413738 ns
[2023-03-15T04:09:32.218+0000][69][gc,start    ] GC(157) Pause Young (Concurrent Start) (G1 Evacuation Pause)
[2023-03-15T04:09:32.218+0000][69][gc,task     ] GC(157) Using 4 workers of 4 for evacuation
[2023-03-15T04:09:32.219+0000][69][gc,age      ] GC(157) Desired survivor size 6291456 bytes, new threshold 15 (max threshold 15)
[2023-03-15T04:09:32.223+0000][69][gc,phases   ] GC(157)   Pre Evacuate Collection Set: 0.3ms
[2023-03-15T04:09:32.224+0000][69][gc,phases   ] GC(157)   Merge Heap Roots: 0.1ms
[2023-03-15T04:09:32.224+0000][69][gc,phases   ] GC(157)   Evacuate Collection Set: 2.2ms
[2023-03-15T04:09:32.225+0000][69][gc,phases   ] GC(157)   Post Evacuate Collection Set: 0.9ms
[2023-03-15T04:09:32.225+0000][69][gc,phases   ] GC(157)   Other: 1.5ms
[2023-03-15T04:09:32.226+0000][69][gc,age      ] GC(157) Age table with threshold 15 (max threshold 15)
[2023-03-15T04:09:32.226+0000][69][gc,age      ] GC(157) - age   1:    1358568 bytes,    1358568 total
[2023-03-15T04:09:32.228+0000][69][gc,age      ] GC(157) - age   2:     154152 bytes,    1512720 total
[2023-03-15T04:09:32.228+0000][69][gc,age      ] GC(157) - age   3:     365576 bytes,    1878296 total
[2023-03-15T04:09:32.229+0000][69][gc,age      ] GC(157) - age   4:      16784 bytes,    1895080 total
[2023-03-15T04:09:32.229+0000][69][gc,age      ] GC(157) - age   5:      25320 bytes,    1920400 total
[2023-03-15T04:09:32.230+0000][69][gc,age      ] GC(157) - age   6:        336 bytes,    1920736 total
[2023-03-15T04:09:32.230+0000][69][gc,age      ] GC(157) - age   7:         56 bytes,    1920792 total
[2023-03-15T04:09:32.230+0000][69][gc,age      ] GC(157) - age   8:      13000 bytes,    1933792 total
[2023-03-15T04:09:32.231+0000][69][gc,age      ] GC(157) - age   9:       1432 bytes,    1935224 total
[2023-03-15T04:09:32.231+0000][69][gc,age      ] GC(157) - age  10:      22120 bytes,    1957344 total
[2023-03-15T04:09:32.232+0000][69][gc,age      ] GC(157) - age  11:       8832 bytes,    1966176 total
[2023-03-15T04:09:32.232+0000][69][gc,age      ] GC(157) - age  12:      51880 bytes,    2018056 total
[2023-03-15T04:09:32.232+0000][69][gc,age      ] GC(157) - age  13:        400 bytes,    2018456 total
[2023-03-15T04:09:32.233+0000][69][gc,age      ] GC(157) - age  14:     110248 bytes,    2128704 total
[2023-03-15T04:09:32.233+0000][69][gc,age      ] GC(157) - age  15:      10864 bytes,    2139568 total
[2023-03-15T04:09:32.234+0000][69][gc,heap     ] GC(157) Eden regions: 23->0(23)
[2023-03-15T04:09:32.234+0000][69][gc,heap     ] GC(157) Survivor regions: 1->1(3)
[2023-03-15T04:09:32.235+0000][69][gc,heap     ] GC(157) Old regions: 25->25
[2023-03-15T04:09:32.236+0000][69][gc,heap     ] GC(157) Archive regions: 2->2
[2023-03-15T04:09:32.237+0000][69][gc,heap     ] GC(157) Humongous regions: 2->2
[2023-03-15T04:09:32.238+0000][69][gc,metaspace] GC(157) Metaspace: 140739K(144192K)->140739K(144192K) NonClass: 122693K(124096K)->122693K(124096K) Class: 18045K(20096K)->18045K(20096K)
[2023-03-15T04:09:32.238+0000][69][gc          ] GC(157) Pause Young (Concurrent Start) (G1 Evacuation Pause) 204M->112M(256M) 20.362ms
[2023-03-15T04:09:32.239+0000][69][gc,cpu      ] GC(157) User=0.01s Sys=0.01s Real=0.03s
[2023-03-15T04:09:32.239+0000][69][safepoint   ] Safepoint "G1CollectForAllocation", Time since last: 5293072855 ns, Reaching safepoint: 302577 ns, At safepoint: 21373924 ns, Total: 21676501 ns
[2023-03-15T04:09:32.239+0000][69][gc          ] GC(158) Concurrent Mark Cycle
[2023-03-15T04:09:32.241+0000][69][gc,marking  ] GC(158) Concurrent Clear Claimed Marks
[2023-03-15T04:09:32.242+0000][69][gc,marking  ] GC(158) Concurrent Clear Claimed Marks 0.925ms
[2023-03-15T04:09:32.246+0000][69][gc,marking  ] GC(158) Concurrent Scan Root Regions
[2023-03-15T04:09:32.252+0000][69][gc,marking  ] GC(158) Concurrent Scan Root Regions 6.260ms
[2023-03-15T04:09:32.253+0000][69][gc,marking  ] GC(158) Concurrent Mark
[2023-03-15T04:09:32.253+0000][69][gc,marking  ] GC(158) Concurrent Mark From Roots
[2023-03-15T04:09:32.254+0000][69][gc,task     ] GC(158) Using 1 workers of 1 for marking
[2023-03-15T04:09:32.393+0000][69][gc,marking  ] GC(158) Concurrent Mark From Roots 140.134ms
[2023-03-15T04:09:32.394+0000][69][gc,marking  ] GC(158) Concurrent Preclean
[2023-03-15T04:09:32.395+0000][69][gc,marking  ] GC(158) Concurrent Preclean 0.773ms
[2023-03-15T04:09:32.396+0000][69][gc,start    ] GC(158) Pause Remark
[2023-03-15T04:09:32.407+0000][69][gc          ] GC(158) Pause Remark 116M->116M(256M) 10.968ms
[2023-03-15T04:09:32.408+0000][69][gc,cpu      ] GC(158) User=0.03s Sys=0.00s Real=0.01s
[2023-03-15T04:09:32.408+0000][69][safepoint   ] Safepoint "G1PauseRemark", Time since last: 156561833 ns, Reaching safepoint: 76926 ns, At safepoint: 12474252 ns, Total: 12551178 ns
[2023-03-15T04:09:32.409+0000][69][gc,marking  ] GC(158) Concurrent Mark 155.945ms
[2023-03-15T04:09:32.409+0000][69][gc,marking  ] GC(158) Concurrent Rebuild Remembered Sets
[2023-03-15T04:09:32.464+0000][69][gc,marking  ] GC(158) Concurrent Rebuild Remembered Sets 54.801ms
[2023-03-15T04:09:32.465+0000][69][gc,start    ] GC(158) Pause Cleanup
[2023-03-15T04:09:32.465+0000][69][gc          ] GC(158) Pause Cleanup 116M->116M(256M) 0.513ms
[2023-03-15T04:09:32.466+0000][69][gc,cpu      ] GC(158) User=0.00s Sys=0.00s Real=0.00s
[2023-03-15T04:09:32.467+0000][69][safepoint   ] Safepoint "G1PauseCleanup", Time since last: 56639558 ns, Reaching safepoint: 111035 ns, At safepoint: 1708552 ns, Total: 1819587 ns
[2023-03-15T04:09:32.467+0000][69][gc,marking  ] GC(158) Concurrent Cleanup for Next Mark
[2023-03-15T04:09:32.468+0000][69][gc,marking  ] GC(158) Concurrent Cleanup for Next Mark 0.679ms
[2023-03-15T04:09:32.468+0000][69][gc          ] GC(158) Concurrent Mark Cycle 229.752ms
[2023-03-15T04:09:38.471+0000][69][safepoint   ] Safepoint "Cleanup", Time since last: 6004655078 ns, Reaching safepoint: 148643 ns, At safepoint: 11296 ns, Total: 159939 ns
[2023-03-15T04:09:47.457+0000][69][safepoint   ] Safepoint "Cleanup", Time since last: 9007534871 ns, Reaching safepoint: 316518 ns, At safepoint: 48897 ns, Total: 365415 ns
[2023-03-15T04:09:50.465+0000][69][safepoint   ] Safepoint "Cleanup", Time since last: 3007632101 ns, Reaching safepoint: 244097 ns, At safepoint: 10709 ns, Total: 254806 ns
[2023-03-15T04:09:56.479+0000][69][safepoint   ] Safepoint "Cleanup", Time since last: 6013645871 ns, Reaching safepoint: 241666 ns, At safepoint: 10426 ns, Total: 252092 ns
[2023-03-15T04:10:02.206+0000][69][gc,start    ] GC(159) Pause Young (Normal) (G1 Evacuation Pause)
[2023-03-15T04:10:02.206+0000][69][gc,task     ] GC(159) Using 4 workers of 4 for evacuation
[2023-03-15T04:10:02.207+0000][69][gc,age      ] GC(159) Desired survivor size 6291456 bytes, new threshold 15 (max threshold 15)
[2023-03-15T04:10:02.211+0000][69][gc,phases   ] GC(159)   Pre Evacuate Collection Set: 0.1ms
[2023-03-15T04:10:02.212+0000][69][gc,phases   ] GC(159)   Merge Heap Roots: 0.1ms
[2023-03-15T04:10:02.213+0000][69][gc,phases   ] GC(159)   Evacuate Collection Set: 2.9ms
[2023-03-15T04:10:02.213+0000][69][gc,phases   ] GC(159)   Post Evacuate Collection Set: 0.8ms
[2023-03-15T04:10:02.214+0000][69][gc,phases   ] GC(159)   Other: 1.0ms
[2023-03-15T04:10:02.214+0000][69][gc,age      ] GC(159) Age table with threshold 15 (max threshold 15)
[2023-03-15T04:10:02.214+0000][69][gc,age      ] GC(159) - age   1:    1312848 bytes,    1312848 total
[2023-03-15T04:10:02.215+0000][69][gc,age      ] GC(159) - age   2:      11536 bytes,    1324384 total
[2023-03-15T04:10:02.215+0000][69][gc,age      ] GC(159) - age   3:     135032 bytes,    1459416 total
[2023-03-15T04:10:02.216+0000][69][gc,age      ] GC(159) - age   4:     365176 bytes,    1824592 total
[2023-03-15T04:10:02.216+0000][69][gc,age      ] GC(159) - age   5:      16408 bytes,    1841000 total
[2023-03-15T04:10:02.217+0000][69][gc,age      ] GC(159) - age   6:      25016 bytes,    1866016 total
[2023-03-15T04:10:02.217+0000][69][gc,age      ] GC(159) - age   7:        272 bytes,    1866288 total
[2023-03-15T04:10:02.217+0000][69][gc,age      ] GC(159) - age   8:         56 bytes,    1866344 total
[2023-03-15T04:10:02.218+0000][69][gc,age      ] GC(159) - age   9:      13000 bytes,    1879344 total
[2023-03-15T04:10:02.218+0000][69][gc,age      ] GC(159) - age  10:       1248 bytes,    1880592 total
[2023-03-15T04:10:02.219+0000][69][gc,age      ] GC(159) - age  11:      22120 bytes,    1902712 total
[2023-03-15T04:10:02.219+0000][69][gc,age      ] GC(159) - age  12:       8832 bytes,    1911544 total
[2023-03-15T04:10:02.219+0000][69][gc,age      ] GC(159) - age  13:      51880 bytes,    1963424 total
[2023-03-15T04:10:02.220+0000][69][gc,age      ] GC(159) - age  14:        400 bytes,    1963824 total
[2023-03-15T04:10:02.220+0000][69][gc,age      ] GC(159) - age  15:     110248 bytes,    2074072 total
[2023-03-15T04:10:02.220+0000][69][gc,heap     ] GC(159) Eden regions: 23->0(23)
[2023-03-15T04:10:02.221+0000][69][gc,heap     ] GC(159) Survivor regions: 1->1(3)
[2023-03-15T04:10:02.221+0000][69][gc,heap     ] GC(159) Old regions: 25->25
[2023-03-15T04:10:02.221+0000][69][gc,heap     ] GC(159) Archive regions: 2->2
[2023-03-15T04:10:02.222+0000][69][gc,heap     ] GC(159) Humongous regions: 2->2
[2023-03-15T04:10:02.222+0000][69][gc,metaspace] GC(159) Metaspace: 140739K(144192K)->140739K(144192K) NonClass: 122693K(124096K)->122693K(124096K) Class: 18045K(20096K)->18045K(20096K)
[2023-03-15T04:10:02.223+0000][69][gc          ] GC(159) Pause Young (Normal) (G1 Evacuation Pause) 204M->112M(256M) 17.296ms
[2023-03-15T04:10:02.223+0000][69][gc,cpu      ] GC(159) User=0.01s Sys=0.00s Real=0.02s
[2023-03-15T04:10:02.224+0000][69][safepoint   ] Safepoint "G1CollectForAllocation", Time since last: 5726590499 ns, Reaching safepoint: 90057 ns, At safepoint: 18232206 ns, Total: 18322263 ns
[2023-03-15T04:10:04.226+0000][69][safepoint   ] Safepoint "Cleanup", Time since last: 2002178479 ns, Reaching safepoint: 99816 ns, At safepoint: 4305 ns, Total: 104121 ns
[2023-03-15T04:10:08.231+0000][69][safepoint   ] Safepoint "Cleanup", Time since last: 4005039089 ns, Reaching safepoint: 45189 ns, At safepoint: 2842 ns, Total: 48031 ns
[2023-03-15T04:10:24.221+0000][69][safepoint   ] Safepoint "Cleanup", Time since last: 16011061685 ns, Reaching safepoint: 385969 ns, At safepoint: 10039 ns, Total: 396008 ns
[2023-03-15T04:10:25.226+0000][69][safepoint   ] Safepoint "Cleanup", Time since last: 1004752544 ns, Reaching safepoint: 113433 ns, At safepoint: 7725 ns, Total: 121158 ns
[2023-03-15T04:10:28.931+0000][69][gc,start    ] GC(160) Pause Young (Concurrent Start) (G1 Evacuation Pause)
[2023-03-15T04:10:28.932+0000][69][gc,task     ] GC(160) Using 4 workers of 4 for evacuation
[2023-03-15T04:10:28.934+0000][69][gc,age      ] GC(160) Desired survivor size 6291456 bytes, new threshold 15 (max threshold 15)
[2023-03-15T04:10:28.944+0000][69][gc,phases   ] GC(160)   Pre Evacuate Collection Set: 0.5ms
[2023-03-15T04:10:28.947+0000][69][gc,phases   ] GC(160)   Merge Heap Roots: 0.1ms
[2023-03-15T04:10:28.947+0000][69][gc,phases   ] GC(160)   Evacuate Collection Set: 6.1ms
[2023-03-15T04:10:28.948+0000][69][gc,phases   ] GC(160)   Post Evacuate Collection Set: 1.4ms
[2023-03-15T04:10:28.949+0000][69][gc,phases   ] GC(160)   Other: 3.9ms
[2023-03-15T04:10:28.949+0000][69][gc,age      ] GC(160) Age table with threshold 15 (max threshold 15)
[2023-03-15T04:10:28.950+0000][69][gc,age      ] GC(160) - age   1:    1373400 bytes,    1373400 total
[2023-03-15T04:10:28.951+0000][69][gc,age      ] GC(160) - age   2:     132616 bytes,    1506016 total
[2023-03-15T04:10:28.952+0000][69][gc,age      ] GC(160) - age   3:      10184 bytes,    1516200 total
[2023-03-15T04:10:28.952+0000][69][gc,age      ] GC(160) - age   4:      21376 bytes,    1537576 total
[2023-03-15T04:10:28.953+0000][69][gc,age      ] GC(160) - age   5:     365112 bytes,    1902688 total
[2023-03-15T04:10:28.953+0000][69][gc,age      ] GC(160) - age   6:      16408 bytes,    1919096 total
[2023-03-15T04:10:28.954+0000][69][gc,age      ] GC(160) - age   7:       8608 bytes,    1927704 total
[2023-03-15T04:10:28.954+0000][69][gc,age      ] GC(160) - age   8:        272 bytes,    1927976 total
[2023-03-15T04:10:28.955+0000][69][gc,age      ] GC(160) - age   9:         56 bytes,    1928032 total
[2023-03-15T04:10:28.955+0000][69][gc,age      ] GC(160) - age  10:      13000 bytes,    1941032 total
[2023-03-15T04:10:28.956+0000][69][gc,age      ] GC(160) - age  11:       1248 bytes,    1942280 total
[2023-03-15T04:10:28.956+0000][69][gc,age      ] GC(160) - age  12:      22120 bytes,    1964400 total
[2023-03-15T04:10:28.957+0000][69][gc,age      ] GC(160) - age  13:       8536 bytes,    1972936 total
[2023-03-15T04:10:28.958+0000][69][gc,age      ] GC(160) - age  14:      51880 bytes,    2024816 total
[2023-03-15T04:10:28.959+0000][69][gc,age      ] GC(160) - age  15:        400 bytes,    2025216 total
[2023-03-15T04:10:28.960+0000][69][gc,heap     ] GC(160) Eden regions: 23->0(23)
[2023-03-15T04:10:28.960+0000][69][gc,heap     ] GC(160) Survivor regions: 1->1(3)
[2023-03-15T04:10:28.961+0000][69][gc,heap     ] GC(160) Old regions: 25->25
[2023-03-15T04:10:28.961+0000][69][gc,heap     ] GC(160) Archive regions: 2->2
[2023-03-15T04:10:28.962+0000][69][gc,heap     ] GC(160) Humongous regions: 2->2
[2023-03-15T04:10:28.963+0000][69][gc,metaspace] GC(160) Metaspace: 140744K(144192K)->140744K(144192K) NonClass: 122698K(124096K)->122698K(124096K) Class: 18046K(20096K)->18046K(20096K)
[2023-03-15T04:10:28.963+0000][69][gc          ] GC(160) Pause Young (Concurrent Start) (G1 Evacuation Pause) 204M->112M(256M) 32.447ms
[2023-03-15T04:10:28.964+0000][69][gc,cpu      ] GC(160) User=0.02s Sys=0.00s Real=0.03s
[2023-03-15T04:10:28.964+0000][69][gc          ] GC(161) Concurrent Mark Cycle
[2023-03-15T04:10:28.964+0000][69][gc,marking  ] GC(161) Concurrent Clear Claimed Marks
[2023-03-15T04:10:28.964+0000][69][safepoint   ] Safepoint "G1CollectForAllocation", Time since last: 3704396130 ns, Reaching safepoint: 135400 ns, At safepoint: 33504260 ns, Total: 33639660 ns
[2023-03-15T04:10:28.965+0000][69][gc,marking  ] GC(161) Concurrent Clear Claimed Marks 0.558ms
[2023-03-15T04:10:28.966+0000][69][gc,marking  ] GC(161) Concurrent Scan Root Regions
[2023-03-15T04:10:28.969+0000][69][gc,marking  ] GC(161) Concurrent Scan Root Regions 2.795ms
[2023-03-15T04:10:28.970+0000][69][gc,marking  ] GC(161) Concurrent Mark
[2023-03-15T04:10:28.970+0000][69][gc,marking  ] GC(161) Concurrent Mark From Roots
[2023-03-15T04:10:28.971+0000][69][gc,task     ] GC(161) Using 1 workers of 1 for marking
[2023-03-15T04:10:29.089+0000][69][gc,marking  ] GC(161) Concurrent Mark From Roots 118.951ms
[2023-03-15T04:10:29.090+0000][69][gc,marking  ] GC(161) Concurrent Preclean
[2023-03-15T04:10:29.091+0000][69][gc,marking  ] GC(161) Concurrent Preclean 0.932ms
[2023-03-15T04:10:29.092+0000][69][gc,start    ] GC(161) Pause Remark
[2023-03-15T04:10:29.106+0000][69][gc          ] GC(161) Pause Remark 114M->114M(256M) 14.188ms
[2023-03-15T04:10:29.107+0000][69][gc,cpu      ] GC(161) User=0.03s Sys=0.00s Real=0.02s
[2023-03-15T04:10:29.108+0000][69][safepoint   ] Safepoint "G1PauseRemark", Time since last: 127564751 ns, Reaching safepoint: 80686 ns, At safepoint: 16117664 ns, Total: 16198350 ns
[2023-03-15T04:10:29.108+0000][69][gc,marking  ] GC(161) Concurrent Mark 138.478ms
[2023-03-15T04:10:29.109+0000][69][gc,marking  ] GC(161) Concurrent Rebuild Remembered Sets
[2023-03-15T04:10:29.166+0000][69][gc,marking  ] GC(161) Concurrent Rebuild Remembered Sets 57.386ms
[2023-03-15T04:10:29.168+0000][69][gc,start    ] GC(161) Pause Cleanup
[2023-03-15T04:10:29.169+0000][69][gc          ] GC(161) Pause Cleanup 114M->114M(256M) 1.580ms
[2023-03-15T04:10:29.170+0000][69][gc,cpu      ] GC(161) User=0.00s Sys=0.00s Real=0.00s
[2023-03-15T04:10:29.171+0000][69][safepoint   ] Safepoint "G1PauseCleanup", Time since last: 59679223 ns, Reaching safepoint: 217972 ns, At safepoint: 2839750 ns, Total: 3057722 ns
[2023-03-15T04:10:29.171+0000][69][gc,marking  ] GC(161) Concurrent Cleanup for Next Mark
[2023-03-15T04:10:29.172+0000][69][gc,marking  ] GC(161) Concurrent Cleanup for Next Mark 0.811ms
[2023-03-15T04:10:29.173+0000][69][gc          ] GC(161) Concurrent Mark Cycle 208.860ms
[2023-03-15T04:10:41.177+0000][69][safepoint   ] Safepoint "Cleanup", Time since last: 12006222433 ns, Reaching safepoint: 152669 ns, At safepoint: 4574 ns, Total: 157243 ns
[2023-03-15T04:10:51.560+0000][69][gc,start    ] GC(162) Pause Young (Normal) (G1 Evacuation Pause)
[2023-03-15T04:10:51.562+0000][69][gc,task     ] GC(162) Using 4 workers of 4 for evacuation
[2023-03-15T04:10:51.563+0000][69][gc,age      ] GC(162) Desired survivor size 6291456 bytes, new threshold 15 (max threshold 15)
[2023-03-15T04:10:51.567+0000][69][gc,phases   ] GC(162)   Pre Evacuate Collection Set: 0.1ms
[2023-03-15T04:10:51.568+0000][69][gc,phases   ] GC(162)   Merge Heap Roots: 0.1ms
[2023-03-15T04:10:51.569+0000][69][gc,phases   ] GC(162)   Evacuate Collection Set: 2.3ms
[2023-03-15T04:10:51.569+0000][69][gc,phases   ] GC(162)   Post Evacuate Collection Set: 0.9ms
[2023-03-15T04:10:51.570+0000][69][gc,phases   ] GC(162)   Other: 2.1ms
[2023-03-15T04:10:51.570+0000][69][gc,age      ] GC(162) Age table with threshold 15 (max threshold 15)
[2023-03-15T04:10:51.571+0000][69][gc,age      ] GC(162) - age   1:    1673840 bytes,    1673840 total
[2023-03-15T04:10:51.571+0000][69][gc,age      ] GC(162) - age   2:       7280 bytes,    1681120 total
[2023-03-15T04:10:51.572+0000][69][gc,age      ] GC(162) - age   3:     130640 bytes,    1811760 total
[2023-03-15T04:10:51.572+0000][69][gc,age      ] GC(162) - age   4:      10088 bytes,    1821848 total
[2023-03-15T04:10:51.573+0000][69][gc,age      ] GC(162) - age   5:      20832 bytes,    1842680 total
[2023-03-15T04:10:51.573+0000][69][gc,age      ] GC(162) - age   6:     365112 bytes,    2207792 total
[2023-03-15T04:10:51.573+0000][69][gc,age      ] GC(162) - age   7:      16280 bytes,    2224072 total
[2023-03-15T04:10:51.574+0000][69][gc,age      ] GC(162) - age   8:       8608 bytes,    2232680 total
[2023-03-15T04:10:51.575+0000][69][gc,age      ] GC(162) - age   9:        272 bytes,    2232952 total
[2023-03-15T04:10:51.575+0000][69][gc,age      ] GC(162) - age  10:         56 bytes,    2233008 total
[2023-03-15T04:10:51.576+0000][69][gc,age      ] GC(162) - age  11:      13000 bytes,    2246008 total
[2023-03-15T04:10:51.576+0000][69][gc,age      ] GC(162) - age  12:       1248 bytes,    2247256 total
[2023-03-15T04:10:51.577+0000][69][gc,age      ] GC(162) - age  13:      22120 bytes,    2269376 total
[2023-03-15T04:10:51.577+0000][69][gc,age      ] GC(162) - age  14:       8536 bytes,    2277912 total
[2023-03-15T04:10:51.577+0000][69][gc,age      ] GC(162) - age  15:      51880 bytes,    2329792 total
[2023-03-15T04:10:51.578+0000][69][gc,heap     ] GC(162) Eden regions: 23->0(22)
[2023-03-15T04:10:51.578+0000][69][gc,heap     ] GC(162) Survivor regions: 1->1(3)
[2023-03-15T04:10:51.579+0000][69][gc,heap     ] GC(162) Old regions: 25->25
[2023-03-15T04:10:51.580+0000][69][gc,heap     ] GC(162) Archive regions: 2->2
[2023-03-15T04:10:51.580+0000][69][gc,heap     ] GC(162) Humongous regions: 2->2
[2023-03-15T04:10:51.580+0000][69][gc,metaspace] GC(162) Metaspace: 140744K(144192K)->140744K(144192K) NonClass: 122698K(124096K)->122698K(124096K) Class: 18046K(20096K)->18046K(20096K)
[2023-03-15T04:10:51.581+0000][69][gc          ] GC(162) Pause Young (Normal) (G1 Evacuation Pause) 204M->112M(256M) 20.641ms
[2023-03-15T04:10:51.581+0000][69][gc,cpu      ] GC(162) User=0.01s Sys=0.00s Real=0.02s
[2023-03-15T04:10:51.582+0000][69][safepoint   ] Safepoint "G1CollectForAllocation", Time since last: 10404234732 ns, Reaching safepoint: 111311 ns, At safepoint: 21609583 ns, Total: 21720894 ns
[2023-03-15T04:10:56.587+0000][69][safepoint   ] Safepoint "Cleanup", Time since last: 5004931328 ns, Reaching safepoint: 123472 ns, At safepoint: 34878 ns, Total: 158350 ns
[2023-03-15T04:10:59.591+0000][69][safepoint   ] Safepoint "Cleanup", Time since last: 3003259774 ns, Reaching safepoint: 426170 ns, At safepoint: 37221 ns, Total: 463391 ns
[2023-03-15T04:11:20.199+0000][69][gc,start    ] GC(163) Pause Young (Concurrent Start) (G1 Evacuation Pause)
[2023-03-15T04:11:20.200+0000][69][gc,task     ] GC(163) Using 4 workers of 4 for evacuation
[2023-03-15T04:11:20.200+0000][69][gc,age      ] GC(163) Desired survivor size 6291456 bytes, new threshold 15 (max threshold 15)
[2023-03-15T04:11:20.203+0000][69][gc,phases   ] GC(163)   Pre Evacuate Collection Set: 0.4ms
[2023-03-15T04:11:20.204+0000][69][gc,phases   ] GC(163)   Merge Heap Roots: 0.1ms
[2023-03-15T04:11:20.204+0000][69][gc,phases   ] GC(163)   Evacuate Collection Set: 1.2ms
[2023-03-15T04:11:20.205+0000][69][gc,phases   ] GC(163)   Post Evacuate Collection Set: 0.7ms
[2023-03-15T04:11:20.205+0000][69][gc,phases   ] GC(163)   Other: 1.0ms
[2023-03-15T04:11:20.206+0000][69][gc,age      ] GC(163) Age table with threshold 15 (max threshold 15)
[2023-03-15T04:11:20.206+0000][69][gc,age      ] GC(163) - age   1:     696840 bytes,     696840 total
[2023-03-15T04:11:20.207+0000][69][gc,age      ] GC(163) - age   2:      13696 bytes,     710536 total
[2023-03-15T04:11:20.207+0000][69][gc,age      ] GC(163) - age   3:       3632 bytes,     714168 total
[2023-03-15T04:11:20.207+0000][69][gc,age      ] GC(163) - age   4:       1144 bytes,     715312 total
[2023-03-15T04:11:20.208+0000][69][gc,age      ] GC(163) - age   5:      10088 bytes,     725400 total
[2023-03-15T04:11:20.208+0000][69][gc,age      ] GC(163) - age   6:      20768 bytes,     746168 total
[2023-03-15T04:11:20.209+0000][69][gc,age      ] GC(163) - age   7:     365112 bytes,    1111280 total
[2023-03-15T04:11:20.209+0000][69][gc,age      ] GC(163) - age   8:      16280 bytes,    1127560 total
[2023-03-15T04:11:20.210+0000][69][gc,age      ] GC(163) - age   9:       8608 bytes,    1136168 total
[2023-03-15T04:11:20.210+0000][69][gc,age      ] GC(163) - age  10:        272 bytes,    1136440 total
[2023-03-15T04:11:20.210+0000][69][gc,age      ] GC(163) - age  11:         56 bytes,    1136496 total
[2023-03-15T04:11:20.211+0000][69][gc,age      ] GC(163) - age  12:      13000 bytes,    1149496 total
[2023-03-15T04:11:20.211+0000][69][gc,age      ] GC(163) - age  13:       1248 bytes,    1150744 total
[2023-03-15T04:11:20.212+0000][69][gc,age      ] GC(163) - age  14:      22120 bytes,    1172864 total
[2023-03-15T04:11:20.212+0000][69][gc,age      ] GC(163) - age  15:       8536 bytes,    1181400 total
[2023-03-15T04:11:20.213+0000][69][gc,heap     ] GC(163) Eden regions: 22->0(23)
[2023-03-15T04:11:20.213+0000][69][gc,heap     ] GC(163) Survivor regions: 1->1(3)
[2023-03-15T04:11:20.213+0000][69][gc,heap     ] GC(163) Old regions: 25->25
[2023-03-15T04:11:20.214+0000][69][gc,heap     ] GC(163) Archive regions: 2->2
[2023-03-15T04:11:20.214+0000][69][gc,heap     ] GC(163) Humongous regions: 2->2
[2023-03-15T04:11:20.215+0000][69][gc,metaspace] GC(163) Metaspace: 140755K(144256K)->140755K(144256K) NonClass: 122708K(124160K)->122708K(124160K) Class: 18046K(20096K)->18046K(20096K)
[2023-03-15T04:11:20.215+0000][69][gc          ] GC(163) Pause Young (Concurrent Start) (G1 Evacuation Pause) 200M->111M(256M) 16.935ms
[2023-03-15T04:11:20.216+0000][69][gc,cpu      ] GC(163) User=0.01s Sys=0.00s Real=0.01s
[2023-03-15T04:11:20.216+0000][69][safepoint   ] Safepoint "G1CollectForAllocation", Time since last: 20634653747 ns, Reaching safepoint: 103359 ns, At safepoint: 17926121 ns, Total: 18029480 ns
[2023-03-15T04:11:20.216+0000][69][gc          ] GC(164) Concurrent Mark Cycle
[2023-03-15T04:11:20.217+0000][69][gc,marking  ] GC(164) Concurrent Clear Claimed Marks
[2023-03-15T04:11:20.219+0000][69][gc,marking  ] GC(164) Concurrent Clear Claimed Marks 1.343ms
[2023-03-15T04:11:20.222+0000][69][gc,marking  ] GC(164) Concurrent Scan Root Regions
[2023-03-15T04:11:20.224+0000][69][gc,marking  ] GC(164) Concurrent Scan Root Regions 2.841ms
[2023-03-15T04:11:20.225+0000][69][gc,marking  ] GC(164) Concurrent Mark
[2023-03-15T04:11:20.226+0000][69][gc,marking  ] GC(164) Concurrent Mark From Roots
[2023-03-15T04:11:20.226+0000][69][gc,task     ] GC(164) Using 1 workers of 1 for marking
[2023-03-15T04:11:20.332+0000][69][gc,marking  ] GC(164) Concurrent Mark From Roots 106.359ms
[2023-03-15T04:11:20.333+0000][69][gc,marking  ] GC(164) Concurrent Preclean
[2023-03-15T04:11:20.334+0000][69][gc,marking  ] GC(164) Concurrent Preclean 0.921ms
[2023-03-15T04:11:20.335+0000][69][gc,start    ] GC(164) Pause Remark
[2023-03-15T04:11:20.347+0000][69][gc          ] GC(164) Pause Remark 115M->115M(256M) 12.261ms
[2023-03-15T04:11:20.348+0000][69][gc,cpu      ] GC(164) User=0.03s Sys=0.00s Real=0.02s
[2023-03-15T04:11:20.349+0000][69][safepoint   ] Safepoint "G1PauseRemark", Time since last: 118547703 ns, Reaching safepoint: 92983 ns, At safepoint: 13751407 ns, Total: 13844390 ns
[2023-03-15T04:11:20.349+0000][69][gc,marking  ] GC(164) Concurrent Mark 124.261ms
[2023-03-15T04:11:20.350+0000][69][gc,marking  ] GC(164) Concurrent Rebuild Remembered Sets
[2023-03-15T04:11:20.407+0000][69][gc,marking  ] GC(164) Concurrent Rebuild Remembered Sets 57.092ms
[2023-03-15T04:11:20.409+0000][69][gc,start    ] GC(164) Pause Cleanup
[2023-03-15T04:11:20.410+0000][69][gc          ] GC(164) Pause Cleanup 115M->115M(256M) 0.873ms
[2023-03-15T04:11:20.411+0000][69][gc,cpu      ] GC(164) User=0.00s Sys=0.00s Real=0.00s
[2023-03-15T04:11:20.411+0000][69][safepoint   ] Safepoint "G1PauseCleanup", Time since last: 59981289 ns, Reaching safepoint: 195740 ns, At safepoint: 2020035 ns, Total: 2215775 ns
[2023-03-15T04:11:20.411+0000][69][gc,marking  ] GC(164) Concurrent Cleanup for Next Mark
[2023-03-15T04:11:20.412+0000][69][gc,marking  ] GC(164) Concurrent Cleanup for Next Mark 0.696ms
[2023-03-15T04:11:20.413+0000][69][gc          ] GC(164) Concurrent Mark Cycle 196.651ms
[2023-03-15T04:11:23.413+0000][69][safepoint   ] Safepoint "Cleanup", Time since last: 3001829625 ns, Reaching safepoint: 543467 ns, At safepoint: 13173 ns, Total: 556640 ns
[2023-03-15T04:11:32.424+0000][69][safepoint   ] Safepoint "Cleanup", Time since last: 9010502921 ns, Reaching safepoint: 334824 ns, At safepoint: 10496 ns, Total: 345320 ns
[2023-03-15T04:11:33.427+0000][69][safepoint   ] Safepoint "Cleanup", Time since last: 1003037960 ns, Reaching safepoint: 227333 ns, At safepoint: 9654 ns, Total: 236987 ns
[2023-03-15T04:11:44.439+0000][69][safepoint   ] Safepoint "Cleanup", Time since last: 11011108065 ns, Reaching safepoint: 50002 ns, At safepoint: 61806 ns, Total: 111808 ns
[2023-03-15T04:11:45.096+0000][69][gc,start    ] GC(165) Pause Young (Normal) (G1 Evacuation Pause)
[2023-03-15T04:11:45.099+0000][69][gc,task     ] GC(165) Using 4 workers of 4 for evacuation
[2023-03-15T04:11:45.100+0000][69][gc,age      ] GC(165) Desired survivor size 6291456 bytes, new threshold 15 (max threshold 15)
[2023-03-15T04:11:45.112+0000][69][gc,phases   ] GC(165)   Pre Evacuate Collection Set: 0.2ms
[2023-03-15T04:11:45.113+0000][69][gc,phases   ] GC(165)   Merge Heap Roots: 0.2ms
[2023-03-15T04:11:45.114+0000][69][gc,phases   ] GC(165)   Evacuate Collection Set: 7.8ms
[2023-03-15T04:11:45.116+0000][69][gc,phases   ] GC(165)   Post Evacuate Collection Set: 1.8ms
[2023-03-15T04:11:45.118+0000][69][gc,phases   ] GC(165)   Other: 3.1ms
[2023-03-15T04:11:45.118+0000][69][gc,age      ] GC(165) Age table with threshold 15 (max threshold 15)
[2023-03-15T04:11:45.119+0000][69][gc,age      ] GC(165) - age   1:    1670224 bytes,    1670224 total
[2023-03-15T04:11:45.120+0000][69][gc,age      ] GC(165) - age   2:     364400 bytes,    2034624 total
[2023-03-15T04:11:45.121+0000][69][gc,age      ] GC(165) - age   3:       3376 bytes,    2038000 total
[2023-03-15T04:11:45.121+0000][69][gc,age      ] GC(165) - age   4:       2736 bytes,    2040736 total
[2023-03-15T04:11:45.122+0000][69][gc,age      ] GC(165) - age   5:        992 bytes,    2041728 total
[2023-03-15T04:11:45.123+0000][69][gc,age      ] GC(165) - age   6:       9968 bytes,    2051696 total
[2023-03-15T04:11:45.124+0000][69][gc,age      ] GC(165) - age   7:      10280 bytes,    2061976 total
[2023-03-15T04:11:45.124+0000][69][gc,age      ] GC(165) - age   8:     250960 bytes,    2312936 total
[2023-03-15T04:11:45.125+0000][69][gc,age      ] GC(165) - age   9:      16280 bytes,    2329216 total
[2023-03-15T04:11:45.126+0000][69][gc,age      ] GC(165) - age  10:       8608 bytes,    2337824 total
[2023-03-15T04:11:45.127+0000][69][gc,age      ] GC(165) - age  11:        272 bytes,    2338096 total
[2023-03-15T04:11:45.128+0000][69][gc,age      ] GC(165) - age  12:         56 bytes,    2338152 total
[2023-03-15T04:11:45.128+0000][69][gc,age      ] GC(165) - age  13:      13000 bytes,    2351152 total
[2023-03-15T04:11:45.129+0000][69][gc,age      ] GC(165) - age  14:       1248 bytes,    2352400 total
[2023-03-15T04:11:45.130+0000][69][gc,age      ] GC(165) - age  15:      22120 bytes,    2374520 total
[2023-03-15T04:11:45.130+0000][69][gc,heap     ] GC(165) Eden regions: 23->0(22)
[2023-03-15T04:11:45.132+0000][69][gc,heap     ] GC(165) Survivor regions: 1->1(3)
[2023-03-15T04:11:45.132+0000][69][gc,heap     ] GC(165) Old regions: 25->25
[2023-03-15T04:11:45.133+0000][69][gc,heap     ] GC(165) Archive regions: 2->2
[2023-03-15T04:11:45.133+0000][69][gc,heap     ] GC(165) Humongous regions: 2->2
[2023-03-15T04:11:45.134+0000][69][gc,metaspace] GC(165) Metaspace: 140755K(144256K)->140755K(144256K) NonClass: 122708K(124160K)->122708K(124160K) Class: 18046K(20096K)->18046K(20096K)
[2023-03-15T04:11:45.135+0000][69][gc          ] GC(165) Pause Young (Normal) (G1 Evacuation Pause) 203M->112M(256M) 39.012ms
[2023-03-15T04:11:45.135+0000][69][gc,cpu      ] GC(165) User=0.02s Sys=0.00s Real=0.04s
[2023-03-15T04:11:45.136+0000][69][safepoint   ] Safepoint "G1CollectForAllocation", Time since last: 656666341 ns, Reaching safepoint: 99606 ns, At safepoint: 40229264 ns, Total: 40328870 ns
[2023-03-15T04:11:47.126+0000][69][safepoint   ] Safepoint "Cleanup", Time since last: 2003290753 ns, Reaching safepoint: 446709 ns, At safepoint: 24968 ns, Total: 471677 ns
[2023-03-15T04:11:50.129+0000][69][safepoint   ] Safepoint "Cleanup", Time since last: 3003224752 ns, Reaching safepoint: 187272 ns, At safepoint: 19571 ns, Total: 206843 ns
[2023-03-15T04:11:59.140+0000][69][safepoint   ] Safepoint "Cleanup", Time since last: 9010413488 ns, Reaching safepoint: 336670 ns, At safepoint: 11384 ns, Total: 348054 ns
[2023-03-15T04:12:04.147+0000][69][safepoint   ] Safepoint "Cleanup", Time since last: 5005714144 ns, Reaching safepoint: 382329 ns, At safepoint: 411039 ns, Total: 793368 ns
[2023-03-15T04:12:05.150+0000][69][safepoint   ] Safepoint "Cleanup", Time since last: 1003254549 ns, Reaching safepoint: 172329 ns, At safepoint: 9098 ns, Total: 181427 ns
[2023-03-15T04:12:08.153+0000][69][safepoint   ] Safepoint "Cleanup", Time since last: 3003264904 ns, Reaching safepoint: 74630 ns, At safepoint: 3773 ns, Total: 78403 ns
[2023-03-15T04:12:09.154+0000][69][safepoint   ] Safepoint "Cleanup", Time since last: 1000731801 ns, Reaching safepoint: 203439 ns, At safepoint: 7246 ns, Total: 210685 ns
[2023-03-15T04:12:14.196+0000][69][gc,start    ] GC(166) Pause Young (Concurrent Start) (G1 Evacuation Pause)
[2023-03-15T04:12:14.197+0000][69][gc,task     ] GC(166) Using 4 workers of 4 for evacuation
[2023-03-15T04:12:14.198+0000][69][gc,age      ] GC(166) Desired survivor size 6291456 bytes, new threshold 15 (max threshold 15)
[2023-03-15T04:12:14.202+0000][69][gc,phases   ] GC(166)   Pre Evacuate Collection Set: 0.4ms
[2023-03-15T04:12:14.203+0000][69][gc,phases   ] GC(166)   Merge Heap Roots: 0.1ms
[2023-03-15T04:12:14.203+0000][69][gc,phases   ] GC(166)   Evacuate Collection Set: 2.3ms
[2023-03-15T04:12:14.203+0000][69][gc,phases   ] GC(166)   Post Evacuate Collection Set: 0.7ms
[2023-03-15T04:12:14.204+0000][69][gc,phases   ] GC(166)   Other: 1.0ms
[2023-03-15T04:12:14.204+0000][69][gc,age      ] GC(166) Age table with threshold 15 (max threshold 15)
[2023-03-15T04:12:14.205+0000][69][gc,age      ] GC(166) - age   1:     631216 bytes,     631216 total
[2023-03-15T04:12:14.205+0000][69][gc,age      ] GC(166) - age   2:     285040 bytes,     916256 total
[2023-03-15T04:12:14.206+0000][69][gc,age      ] GC(166) - age   3:       1088 bytes,     917344 total
[2023-03-15T04:12:14.206+0000][69][gc,age      ] GC(166) - age   4:       1816 bytes,     919160 total
[2023-03-15T04:12:14.206+0000][69][gc,age      ] GC(166) - age   5:       2736 bytes,     921896 total
[2023-03-15T04:12:14.207+0000][69][gc,age      ] GC(166) - age   6:        488 bytes,     922384 total
[2023-03-15T04:12:14.207+0000][69][gc,age      ] GC(166) - age   7:       9968 bytes,     932352 total
[2023-03-15T04:12:14.207+0000][69][gc,age      ] GC(166) - age   8:      10048 bytes,     942400 total
[2023-03-15T04:12:14.208+0000][69][gc,age      ] GC(166) - age   9:     250832 bytes,    1193232 total
[2023-03-15T04:12:14.208+0000][69][gc,age      ] GC(166) - age  10:      16280 bytes,    1209512 total
[2023-03-15T04:12:14.208+0000][69][gc,age      ] GC(166) - age  11:       8608 bytes,    1218120 total
[2023-03-15T04:12:14.209+0000][69][gc,age      ] GC(166) - age  12:        272 bytes,    1218392 total
[2023-03-15T04:12:14.209+0000][69][gc,age      ] GC(166) - age  13:         24 bytes,    1218416 total
[2023-03-15T04:12:14.210+0000][69][gc,age      ] GC(166) - age  14:      13000 bytes,    1231416 total
[2023-03-15T04:12:14.210+0000][69][gc,age      ] GC(166) - age  15:       1248 bytes,    1232664 total
[2023-03-15T04:12:14.210+0000][69][gc,heap     ] GC(166) Eden regions: 22->0(23)
[2023-03-15T04:12:14.211+0000][69][gc,heap     ] GC(166) Survivor regions: 1->1(3)
[2023-03-15T04:12:14.211+0000][69][gc,heap     ] GC(166) Old regions: 25->25
[2023-03-15T04:12:14.211+0000][69][gc,heap     ] GC(166) Archive regions: 2->2
[2023-03-15T04:12:14.212+0000][69][gc,heap     ] GC(166) Humongous regions: 2->2
[2023-03-15T04:12:14.212+0000][69][gc,metaspace] GC(166) Metaspace: 140762K(144256K)->140762K(144256K) NonClass: 122715K(124160K)->122715K(124160K) Class: 18046K(20096K)->18046K(20096K)
[2023-03-15T04:12:14.213+0000][69][gc          ] GC(166) Pause Young (Concurrent Start) (G1 Evacuation Pause) 200M->111M(256M) 16.260ms
[2023-03-15T04:12:14.213+0000][69][gc,cpu      ] GC(166) User=0.00s Sys=0.01s Real=0.01s
[2023-03-15T04:12:14.213+0000][69][gc          ] GC(167) Concurrent Mark Cycle
[2023-03-15T04:12:14.214+0000][69][gc,marking  ] GC(167) Concurrent Clear Claimed Marks
[2023-03-15T04:12:14.213+0000][69][safepoint   ] Safepoint "G1CollectForAllocation", Time since last: 5041702075 ns, Reaching safepoint: 133357 ns, At safepoint: 17193420 ns, Total: 17326777 ns
[2023-03-15T04:12:14.215+0000][69][gc,marking  ] GC(167) Concurrent Clear Claimed Marks 0.671ms
[2023-03-15T04:12:14.216+0000][69][gc,marking  ] GC(167) Concurrent Scan Root Regions
[2023-03-15T04:12:14.219+0000][69][gc,marking  ] GC(167) Concurrent Scan Root Regions 2.514ms
[2023-03-15T04:12:14.223+0000][69][gc,marking  ] GC(167) Concurrent Mark
[2023-03-15T04:12:14.223+0000][69][gc,marking  ] GC(167) Concurrent Mark From Roots
[2023-03-15T04:12:14.225+0000][69][gc,task     ] GC(167) Using 1 workers of 1 for marking
[2023-03-15T04:12:14.327+0000][69][gc,marking  ] GC(167) Concurrent Mark From Roots 103.555ms
[2023-03-15T04:12:14.328+0000][69][gc,marking  ] GC(167) Concurrent Preclean
[2023-03-15T04:12:14.329+0000][69][gc,marking  ] GC(167) Concurrent Preclean 0.781ms
[2023-03-15T04:12:14.330+0000][69][gc,start    ] GC(167) Pause Remark
[2023-03-15T04:12:14.341+0000][69][gc          ] GC(167) Pause Remark 115M->115M(256M) 10.673ms
[2023-03-15T04:12:14.342+0000][69][gc,cpu      ] GC(167) User=0.02s Sys=0.00s Real=0.01s
[2023-03-15T04:12:14.343+0000][69][safepoint   ] Safepoint "G1PauseRemark", Time since last: 116404147 ns, Reaching safepoint: 62108 ns, At safepoint: 13255251 ns, Total: 13317359 ns
[2023-03-15T04:12:14.344+0000][69][gc,marking  ] GC(167) Concurrent Mark 121.302ms
[2023-03-15T04:12:14.344+0000][69][gc,marking  ] GC(167) Concurrent Rebuild Remembered Sets
[2023-03-15T04:12:14.397+0000][69][gc,marking  ] GC(167) Concurrent Rebuild Remembered Sets 52.221ms
[2023-03-15T04:12:14.398+0000][69][gc,start    ] GC(167) Pause Cleanup
[2023-03-15T04:12:14.399+0000][69][gc          ] GC(167) Pause Cleanup 115M->115M(256M) 0.922ms
[2023-03-15T04:12:14.400+0000][69][gc,cpu      ] GC(167) User=0.00s Sys=0.00s Real=0.00s
[2023-03-15T04:12:14.401+0000][69][safepoint   ] Safepoint "G1PauseCleanup", Time since last: 54645392 ns, Reaching safepoint: 130940 ns, At safepoint: 2597383 ns, Total: 2728323 ns
[2023-03-15T04:12:14.401+0000][69][gc,marking  ] GC(167) Concurrent Cleanup for Next Mark
[2023-03-15T04:12:14.402+0000][69][gc,marking  ] GC(167) Concurrent Cleanup for Next Mark 1.039ms
[2023-03-15T04:12:14.403+0000][69][gc          ] GC(167) Concurrent Mark Cycle 189.892ms
[2023-03-15T04:12:17.373+0000][69][safepoint   ] Safepoint "Cleanup", Time since last: 3003439467 ns, Reaching safepoint: 427939 ns, At safepoint: 48450 ns, Total: 476389 ns
[2023-03-15T04:12:25.384+0000][69][safepoint   ] Safepoint "Cleanup", Time since last: 8010051619 ns, Reaching safepoint: 267435 ns, At safepoint: 9238 ns, Total: 276673 ns
[2023-03-15T04:12:26.387+0000][69][safepoint   ] Safepoint "Cleanup", Time since last: 1002942945 ns, Reaching safepoint: 88280 ns, At safepoint: 3257 ns, Total: 91537 ns
[2023-03-15T04:12:32.393+0000][69][safepoint   ] Safepoint "Cleanup", Time since last: 6005667715 ns, Reaching safepoint: 325240 ns, At safepoint: 12343 ns, Total: 337583 ns
[2023-03-15T04:12:34.398+0000][69][safepoint   ] Safepoint "Cleanup", Time since last: 2004689371 ns, Reaching safepoint: 142305 ns, At safepoint: 7074 ns, Total: 149379 ns
[2023-03-15T04:12:38.403+0000][69][safepoint   ] Safepoint "Cleanup", Time since last: 4005697796 ns, Reaching safepoint: 82059 ns, At safepoint: 4267 ns, Total: 86326 ns
[2023-03-15T04:12:40.892+0000][69][gc,start    ] GC(168) Pause Young (Normal) (G1 Evacuation Pause)
[2023-03-15T04:12:40.893+0000][69][gc,task     ] GC(168) Using 4 workers of 4 for evacuation
[2023-03-15T04:12:40.894+0000][69][gc,age      ] GC(168) Desired survivor size 6291456 bytes, new threshold 15 (max threshold 15)
[2023-03-15T04:12:40.902+0000][69][gc,phases   ] GC(168)   Pre Evacuate Collection Set: 0.1ms
[2023-03-15T04:12:40.903+0000][69][gc,phases   ] GC(168)   Merge Heap Roots: 0.2ms
[2023-03-15T04:12:40.904+0000][69][gc,phases   ] GC(168)   Evacuate Collection Set: 5.7ms
[2023-03-15T04:12:40.905+0000][69][gc,phases   ] GC(168)   Post Evacuate Collection Set: 1.1ms
[2023-03-15T04:12:40.905+0000][69][gc,phases   ] GC(168)   Other: 2.0ms
[2023-03-15T04:12:40.906+0000][69][gc,age      ] GC(168) Age table with threshold 15 (max threshold 15)
[2023-03-15T04:12:40.907+0000][69][gc,age      ] GC(168) - age   1:     428768 bytes,     428768 total
[2023-03-15T04:12:40.907+0000][69][gc,age      ] GC(168) - age   2:      74024 bytes,     502792 total
[2023-03-15T04:12:40.908+0000][69][gc,age      ] GC(168) - age   3:     283528 bytes,     786320 total
[2023-03-15T04:12:40.908+0000][69][gc,age      ] GC(168) - age   4:        896 bytes,     787216 total
[2023-03-15T04:12:40.909+0000][69][gc,age      ] GC(168) - age   5:       1568 bytes,     788784 total
[2023-03-15T04:12:40.909+0000][69][gc,age      ] GC(168) - age   6:       2192 bytes,     790976 total
[2023-03-15T04:12:40.910+0000][69][gc,age      ] GC(168) - age   7:        488 bytes,     791464 total
[2023-03-15T04:12:40.911+0000][69][gc,age      ] GC(168) - age   8:       9968 bytes,     801432 total
[2023-03-15T04:12:40.911+0000][69][gc,age      ] GC(168) - age   9:      10048 bytes,     811480 total
[2023-03-15T04:12:40.912+0000][69][gc,age      ] GC(168) - age  10:     250832 bytes,    1062312 total
[2023-03-15T04:12:40.913+0000][69][gc,age      ] GC(168) - age  11:      16280 bytes,    1078592 total
[2023-03-15T04:12:40.913+0000][69][gc,age      ] GC(168) - age  12:       4872 bytes,    1083464 total
[2023-03-15T04:12:40.914+0000][69][gc,age      ] GC(168) - age  13:        272 bytes,    1083736 total
[2023-03-15T04:12:40.915+0000][69][gc,age      ] GC(168) - age  14:         24 bytes,    1083760 total
[2023-03-15T04:12:40.915+0000][69][gc,age      ] GC(168) - age  15:       4984 bytes,    1088744 total
[2023-03-15T04:12:40.916+0000][69][gc,heap     ] GC(168) Eden regions: 23->0(23)
[2023-03-15T04:12:40.916+0000][69][gc,heap     ] GC(168) Survivor regions: 1->1(3)
[2023-03-15T04:12:40.916+0000][69][gc,heap     ] GC(168) Old regions: 25->25
[2023-03-15T04:12:40.917+0000][69][gc,heap     ] GC(168) Archive regions: 2->2
[2023-03-15T04:12:40.917+0000][69][gc,heap     ] GC(168) Humongous regions: 2->2
[2023-03-15T04:12:40.918+0000][69][gc,metaspace] GC(168) Metaspace: 140776K(144256K)->140776K(144256K) NonClass: 122730K(124160K)->122730K(124160K) Class: 18046K(20096K)->18046K(20096K)
[2023-03-15T04:12:40.918+0000][69][gc          ] GC(168) Pause Young (Normal) (G1 Evacuation Pause) 203M->111M(256M) 26.658ms
[2023-03-15T04:12:40.919+0000][69][gc,cpu      ] GC(168) User=0.01s Sys=0.00s Real=0.03s
[2023-03-15T04:12:40.919+0000][69][safepoint   ] Safepoint "G1CollectForAllocation", Time since last: 2487802775 ns, Reaching safepoint: 298071 ns, At safepoint: 27498386 ns, Total: 27796457 ns
[2023-03-15T04:12:46.923+0000][69][safepoint   ] Safepoint "Cleanup", Time since last: 6003761093 ns, Reaching safepoint: 154548 ns, At safepoint: 8806 ns, Total: 163354 ns
[2023-03-15T04:12:48.906+0000][69][safepoint   ] Safepoint "Cleanup", Time since last: 2004509526 ns, Reaching safepoint: 474323 ns, At safepoint: 32076 ns, Total: 506399 ns
[2023-03-15T04:12:49.908+0000][69][safepoint   ] Safepoint "Cleanup", Time since last: 1002393328 ns, Reaching safepoint: 185661 ns, At safepoint: 7552 ns, Total: 193213 ns
[2023-03-15T04:12:54.915+0000][69][safepoint   ] Safepoint "Cleanup", Time since last: 5005926909 ns, Reaching safepoint: 654193 ns, At safepoint: 50060 ns, Total: 704253 ns
[2023-03-15T04:12:55.919+0000][69][safepoint   ] Safepoint "Cleanup", Time since last: 1003520773 ns, Reaching safepoint: 172784 ns, At safepoint: 8963 ns, Total: 181747 ns
[2023-03-15T04:12:56.919+0000][69][safepoint   ] Safepoint "Cleanup", Time since last: 1000632467 ns, Reaching safepoint: 134583 ns, At safepoint: 3506 ns, Total: 138089 ns
[2023-03-15T04:13:03.923+0000][69][safepoint   ] Safepoint "Cleanup", Time since last: 7003521160 ns, Reaching safepoint: 130606 ns, At safepoint: 4297 ns, Total: 134903 ns
[2023-03-15T04:13:04.926+0000][69][safepoint   ] Safepoint "Cleanup", Time since last: 1002513630 ns, Reaching safepoint: 374637 ns, At safepoint: 13519 ns, Total: 388156 ns
[2023-03-15T04:13:07.916+0000][69][gc,start    ] GC(169) Pause Young (Concurrent Start) (G1 Evacuation Pause)
[2023-03-15T04:13:07.916+0000][69][gc,task     ] GC(169) Using 4 workers of 4 for evacuation
[2023-03-15T04:13:07.917+0000][69][gc,age      ] GC(169) Desired survivor size 6291456 bytes, new threshold 15 (max threshold 15)
[2023-03-15T04:13:07.921+0000][69][gc,phases   ] GC(169)   Pre Evacuate Collection Set: 0.4ms
[2023-03-15T04:13:07.921+0000][69][gc,phases   ] GC(169)   Merge Heap Roots: 0.1ms
[2023-03-15T04:13:07.922+0000][69][gc,phases   ] GC(169)   Evacuate Collection Set: 1.7ms
[2023-03-15T04:13:07.922+0000][69][gc,phases   ] GC(169)   Post Evacuate Collection Set: 0.8ms
[2023-03-15T04:13:07.923+0000][69][gc,phases   ] GC(169)   Other: 1.1ms
[2023-03-15T04:13:07.923+0000][69][gc,age      ] GC(169) Age table with threshold 15 (max threshold 15)
[2023-03-15T04:13:07.924+0000][69][gc,age      ] GC(169) - age   1:    1024672 bytes,    1024672 total
[2023-03-15T04:13:07.924+0000][69][gc,age      ] GC(169) - age   2:     118240 bytes,    1142912 total
[2023-03-15T04:13:07.925+0000][69][gc,age      ] GC(169) - age   3:       1504 bytes,    1144416 total
[2023-03-15T04:13:07.925+0000][69][gc,age      ] GC(169) - age   4:     222888 bytes,    1367304 total
[2023-03-15T04:13:07.926+0000][69][gc,age      ] GC(169) - age   5:        896 bytes,    1368200 total
[2023-03-15T04:13:07.926+0000][69][gc,age      ] GC(169) - age   6:       1568 bytes,    1369768 total
[2023-03-15T04:13:07.927+0000][69][gc,age      ] GC(169) - age   7:       2192 bytes,    1371960 total
[2023-03-15T04:13:07.927+0000][69][gc,age      ] GC(169) - age   8:        488 bytes,    1372448 total
[2023-03-15T04:13:07.927+0000][69][gc,age      ] GC(169) - age   9:       9968 bytes,    1382416 total
[2023-03-15T04:13:07.928+0000][69][gc,age      ] GC(169) - age  10:      10048 bytes,    1392464 total
[2023-03-15T04:13:07.928+0000][69][gc,age      ] GC(169) - age  11:     250832 bytes,    1643296 total
[2023-03-15T04:13:07.928+0000][69][gc,age      ] GC(169) - age  12:      16280 bytes,    1659576 total
[2023-03-15T04:13:07.929+0000][69][gc,age      ] GC(169) - age  13:       4616 bytes,    1664192 total
[2023-03-15T04:13:07.929+0000][69][gc,age      ] GC(169) - age  14:        272 bytes,    1664464 total
[2023-03-15T04:13:07.930+0000][69][gc,age      ] GC(169) - age  15:         24 bytes,    1664488 total
[2023-03-15T04:13:07.930+0000][69][gc,heap     ] GC(169) Eden regions: 23->0(23)
[2023-03-15T04:13:07.931+0000][69][gc,heap     ] GC(169) Survivor regions: 1->1(3)
[2023-03-15T04:13:07.931+0000][69][gc,heap     ] GC(169) Old regions: 25->25
[2023-03-15T04:13:07.932+0000][69][gc,heap     ] GC(169) Archive regions: 2->2
[2023-03-15T04:13:07.932+0000][69][gc,heap     ] GC(169) Humongous regions: 2->2
[2023-03-15T04:13:07.932+0000][69][gc,metaspace] GC(169) Metaspace: 140786K(144256K)->140786K(144256K) NonClass: 122739K(124160K)->122739K(124160K) Class: 18046K(20096K)->18046K(20096K)
[2023-03-15T04:13:07.933+0000][69][gc          ] GC(169) Pause Young (Concurrent Start) (G1 Evacuation Pause) 203M->112M(256M) 17.010ms
[2023-03-15T04:13:07.933+0000][69][gc,cpu      ] GC(169) User=0.01s Sys=0.00s Real=0.02s
[2023-03-15T04:13:07.933+0000][69][gc          ] GC(170) Concurrent Mark Cycle
[2023-03-15T04:13:07.935+0000][69][gc,marking  ] GC(170) Concurrent Clear Claimed Marks
[2023-03-15T04:13:07.934+0000][69][safepoint   ] Safepoint "G1CollectForAllocation", Time since last: 2989826417 ns, Reaching safepoint: 121970 ns, At safepoint: 18337036 ns, Total: 18459006 ns
[2023-03-15T04:13:07.935+0000][69][gc,marking  ] GC(170) Concurrent Clear Claimed Marks 0.785ms
[2023-03-15T04:13:07.936+0000][69][gc,marking  ] GC(170) Concurrent Scan Root Regions
[2023-03-15T04:13:07.941+0000][69][gc,marking  ] GC(170) Concurrent Scan Root Regions 4.872ms
[2023-03-15T04:13:07.942+0000][69][gc,marking  ] GC(170) Concurrent Mark
[2023-03-15T04:13:07.943+0000][69][gc,marking  ] GC(170) Concurrent Mark From Roots
[2023-03-15T04:13:07.943+0000][69][gc,task     ] GC(170) Using 1 workers of 1 for marking
[2023-03-15T04:13:08.114+0000][69][gc,marking  ] GC(170) Concurrent Mark From Roots 171.131ms
[2023-03-15T04:13:08.114+0000][69][gc,marking  ] GC(170) Concurrent Preclean
[2023-03-15T04:13:08.115+0000][69][gc,marking  ] GC(170) Concurrent Preclean 0.787ms
[2023-03-15T04:13:08.116+0000][69][gc,start    ] GC(170) Pause Remark
[2023-03-15T04:13:08.125+0000][69][gc          ] GC(170) Pause Remark 113M->113M(256M) 9.494ms
[2023-03-15T04:13:08.126+0000][69][gc,cpu      ] GC(170) User=0.03s Sys=0.00s Real=0.01s
[2023-03-15T04:13:08.126+0000][69][safepoint   ] Safepoint "G1PauseRemark", Time since last: 181258781 ns, Reaching safepoint: 104353 ns, At safepoint: 10860120 ns, Total: 10964473 ns
[2023-03-15T04:13:08.128+0000][69][gc,marking  ] GC(170) Concurrent Mark 185.680ms
[2023-03-15T04:13:08.128+0000][69][gc,marking  ] GC(170) Concurrent Rebuild Remembered Sets
[2023-03-15T04:13:08.183+0000][69][gc,marking  ] GC(170) Concurrent Rebuild Remembered Sets 55.138ms
[2023-03-15T04:13:08.184+0000][69][gc,start    ] GC(170) Pause Cleanup
[2023-03-15T04:13:08.185+0000][69][gc          ] GC(170) Pause Cleanup 118M->118M(256M) 0.690ms
[2023-03-15T04:13:08.185+0000][69][gc,cpu      ] GC(170) User=0.00s Sys=0.00s Real=0.00s
[2023-03-15T04:13:08.186+0000][69][safepoint   ] Safepoint "G1PauseCleanup", Time since last: 57654944 ns, Reaching safepoint: 70163 ns, At safepoint: 1809611 ns, Total: 1879774 ns
[2023-03-15T04:13:08.186+0000][69][gc,marking  ] GC(170) Concurrent Cleanup for Next Mark
[2023-03-15T04:13:08.187+0000][69][gc,marking  ] GC(170) Concurrent Cleanup for Next Mark 0.707ms
[2023-03-15T04:13:08.188+0000][69][gc          ] GC(170) Concurrent Mark Cycle 254.190ms
[2023-03-15T04:13:11.190+0000][69][safepoint   ] Safepoint "Cleanup", Time since last: 3002979913 ns, Reaching safepoint: 849900 ns, At safepoint: 38573 ns, Total: 888473 ns
[2023-03-15T04:13:14.194+0000][69][safepoint   ] Safepoint "Cleanup", Time since last: 3003864359 ns, Reaching safepoint: 289647 ns, At safepoint: 72253 ns, Total: 361900 ns
[2023-03-15T04:13:21.181+0000][69][safepoint   ] Safepoint "Cleanup", Time since last: 7008481659 ns, Reaching safepoint: 100869 ns, At safepoint: 6741 ns, Total: 107610 ns
[2023-03-15T04:13:24.185+0000][69][safepoint   ] Safepoint "Cleanup", Time since last: 3002704825 ns, Reaching safepoint: 809861 ns, At safepoint: 16731 ns, Total: 826592 ns
[2023-03-15T04:13:26.189+0000][69][safepoint   ] Safepoint "Cleanup", Time since last: 2004048425 ns, Reaching safepoint: 237767 ns, At safepoint: 8532 ns, Total: 246299 ns
[2023-03-15T04:13:29.906+0000][69][gc,start    ] GC(171) Pause Young (Normal) (G1 Evacuation Pause)
[2023-03-15T04:13:29.906+0000][69][gc,task     ] GC(171) Using 4 workers of 4 for evacuation
[2023-03-15T04:13:29.907+0000][69][gc,age      ] GC(171) Desired survivor size 6291456 bytes, new threshold 15 (max threshold 15)
[2023-03-15T04:13:29.910+0000][69][gc,phases   ] GC(171)   Pre Evacuate Collection Set: 0.2ms
[2023-03-15T04:13:29.911+0000][69][gc,phases   ] GC(171)   Merge Heap Roots: 0.1ms
[2023-03-15T04:13:29.911+0000][69][gc,phases   ] GC(171)   Evacuate Collection Set: 1.8ms
[2023-03-15T04:13:29.912+0000][69][gc,phases   ] GC(171)   Post Evacuate Collection Set: 0.9ms
[2023-03-15T04:13:29.912+0000][69][gc,phases   ] GC(171)   Other: 1.0ms
[2023-03-15T04:13:29.913+0000][69][gc,age      ] GC(171) Age table with threshold 15 (max threshold 15)
[2023-03-15T04:13:29.913+0000][69][gc,age      ] GC(171) - age   1:     862752 bytes,     862752 total
[2023-03-15T04:13:29.913+0000][69][gc,age      ] GC(171) - age   2:     117152 bytes,     979904 total
[2023-03-15T04:13:29.914+0000][69][gc,age      ] GC(171) - age   3:       3392 bytes,     983296 total
[2023-03-15T04:13:29.914+0000][69][gc,age      ] GC(171) - age   4:       1472 bytes,     984768 total
[2023-03-15T04:13:29.915+0000][69][gc,age      ] GC(171) - age   5:     222888 bytes,    1207656 total
[2023-03-15T04:13:29.915+0000][69][gc,age      ] GC(171) - age   6:        832 bytes,    1208488 total
[2023-03-15T04:13:29.915+0000][69][gc,age      ] GC(171) - age   7:       1432 bytes,    1209920 total
[2023-03-15T04:13:29.916+0000][69][gc,age      ] GC(171) - age   8:       2192 bytes,    1212112 total
[2023-03-15T04:13:29.916+0000][69][gc,age      ] GC(171) - age   9:        488 bytes,    1212600 total
[2023-03-15T04:13:29.916+0000][69][gc,age      ] GC(171) - age  10:       9968 bytes,    1222568 total
[2023-03-15T04:13:29.917+0000][69][gc,age      ] GC(171) - age  11:      10048 bytes,    1232616 total
[2023-03-15T04:13:29.917+0000][69][gc,age      ] GC(171) - age  12:     250832 bytes,    1483448 total
[2023-03-15T04:13:29.918+0000][69][gc,age      ] GC(171) - age  13:      16280 bytes,    1499728 total
[2023-03-15T04:13:29.918+0000][69][gc,age      ] GC(171) - age  14:       4616 bytes,    1504344 total
[2023-03-15T04:13:29.918+0000][69][gc,age      ] GC(171) - age  15:        272 bytes,    1504616 total
[2023-03-15T04:13:29.919+0000][69][gc,heap     ] GC(171) Eden regions: 23->0(23)
[2023-03-15T04:13:29.919+0000][69][gc,heap     ] GC(171) Survivor regions: 1->1(3)
[2023-03-15T04:13:29.920+0000][69][gc,heap     ] GC(171) Old regions: 25->25
[2023-03-15T04:13:29.920+0000][69][gc,heap     ] GC(171) Archive regions: 2->2
[2023-03-15T04:13:29.920+0000][69][gc,heap     ] GC(171) Humongous regions: 2->2
[2023-03-15T04:13:29.921+0000][69][gc,metaspace] GC(171) Metaspace: 140787K(144256K)->140787K(144256K) NonClass: 122740K(124160K)->122740K(124160K) Class: 18046K(20096K)->18046K(20096K)
[2023-03-15T04:13:29.921+0000][69][gc          ] GC(171) Pause Young (Normal) (G1 Evacuation Pause) 204M->111M(256M) 15.263ms
[2023-03-15T04:13:29.922+0000][69][gc,cpu      ] GC(171) User=0.00s Sys=0.00s Real=0.02s
[2023-03-15T04:13:29.922+0000][69][safepoint   ] Safepoint "G1CollectForAllocation", Time since last: 3716494778 ns, Reaching safepoint: 217381 ns, At safepoint: 16159732 ns, Total: 16377113 ns
[2023-03-15T04:13:32.924+0000][69][safepoint   ] Safepoint "Cleanup", Time since last: 3001559005 ns, Reaching safepoint: 824849 ns, At safepoint: 50733 ns, Total: 875582 ns
[2023-03-15T04:13:34.931+0000][69][safepoint   ] Safepoint "Cleanup", Time since last: 2006064609 ns, Reaching safepoint: 375185 ns, At safepoint: 6493 ns, Total: 381678 ns
[2023-03-15T04:13:56.120+0000][69][gc,start    ] GC(172) Pause Young (Concurrent Start) (G1 Evacuation Pause)
[2023-03-15T04:13:56.120+0000][69][gc,task     ] GC(172) Using 4 workers of 4 for evacuation
[2023-03-15T04:13:56.121+0000][69][gc,age      ] GC(172) Desired survivor size 6291456 bytes, new threshold 15 (max threshold 15)
[2023-03-15T04:13:56.124+0000][69][gc,phases   ] GC(172)   Pre Evacuate Collection Set: 0.3ms
[2023-03-15T04:13:56.125+0000][69][gc,phases   ] GC(172)   Merge Heap Roots: 0.1ms
[2023-03-15T04:13:56.126+0000][69][gc,phases   ] GC(172)   Evacuate Collection Set: 1.5ms
[2023-03-15T04:13:56.126+0000][69][gc,phases   ] GC(172)   Post Evacuate Collection Set: 0.7ms
[2023-03-15T04:13:56.127+0000][69][gc,phases   ] GC(172)   Other: 1.2ms
[2023-03-15T04:13:56.127+0000][69][gc,age      ] GC(172) Age table with threshold 15 (max threshold 15)
[2023-03-15T04:13:56.127+0000][69][gc,age      ] GC(172) - age   1:    1567544 bytes,    1567544 total
[2023-03-15T04:13:56.128+0000][69][gc,age      ] GC(172) - age   2:      49888 bytes,    1617432 total
[2023-03-15T04:13:56.128+0000][69][gc,age      ] GC(172) - age   3:     114512 bytes,    1731944 total
[2023-03-15T04:13:56.129+0000][69][gc,age      ] GC(172) - age   4:       2784 bytes,    1734728 total
[2023-03-15T04:13:56.129+0000][69][gc,age      ] GC(172) - age   5:        936 bytes,    1735664 total
[2023-03-15T04:13:56.129+0000][69][gc,age      ] GC(172) - age   6:      89944 bytes,    1825608 total
[2023-03-15T04:13:56.130+0000][69][gc,age      ] GC(172) - age   7:        832 bytes,    1826440 total
[2023-03-15T04:13:56.130+0000][69][gc,age      ] GC(172) - age   8:       1432 bytes,    1827872 total
[2023-03-15T04:13:56.131+0000][69][gc,age      ] GC(172) - age   9:       2192 bytes,    1830064 total
[2023-03-15T04:13:56.131+0000][69][gc,age      ] GC(172) - age  10:        488 bytes,    1830552 total
[2023-03-15T04:13:56.132+0000][69][gc,age      ] GC(172) - age  11:       9944 bytes,    1840496 total
[2023-03-15T04:13:56.132+0000][69][gc,age      ] GC(172) - age  12:      10048 bytes,    1850544 total
[2023-03-15T04:13:56.132+0000][69][gc,age      ] GC(172) - age  13:     248848 bytes,    2099392 total
[2023-03-15T04:13:56.133+0000][69][gc,age      ] GC(172) - age  14:      16280 bytes,    2115672 total
[2023-03-15T04:13:56.133+0000][69][gc,age      ] GC(172) - age  15:       4136 bytes,    2119808 total
[2023-03-15T04:13:56.134+0000][69][gc,heap     ] GC(172) Eden regions: 23->0(23)
[2023-03-15T04:13:56.134+0000][69][gc,heap     ] GC(172) Survivor regions: 1->1(3)
[2023-03-15T04:13:56.135+0000][69][gc,heap     ] GC(172) Old regions: 25->25
[2023-03-15T04:13:56.135+0000][69][gc,heap     ] GC(172) Archive regions: 2->2
[2023-03-15T04:13:56.135+0000][69][gc,heap     ] GC(172) Humongous regions: 2->2
[2023-03-15T04:13:56.136+0000][69][gc,metaspace] GC(172) Metaspace: 140802K(144256K)->140802K(144256K) NonClass: 122755K(124160K)->122755K(124160K) Class: 18046K(20096K)->18046K(20096K)
[2023-03-15T04:13:56.136+0000][69][gc          ] GC(172) Pause Young (Concurrent Start) (G1 Evacuation Pause) 203M->112M(256M) 16.649ms
[2023-03-15T04:13:56.137+0000][69][gc,cpu      ] GC(172) User=0.01s Sys=0.01s Real=0.02s
[2023-03-15T04:13:56.137+0000][69][safepoint   ] Safepoint "G1CollectForAllocation", Time since last: 21211037575 ns, Reaching safepoint: 103179 ns, At safepoint: 17423102 ns, Total: 17526281 ns
[2023-03-15T04:13:56.137+0000][69][gc          ] GC(173) Concurrent Mark Cycle
[2023-03-15T04:13:56.138+0000][69][gc,marking  ] GC(173) Concurrent Clear Claimed Marks
[2023-03-15T04:13:56.139+0000][69][gc,marking  ] GC(173) Concurrent Clear Claimed Marks 0.843ms
[2023-03-15T04:13:56.140+0000][69][gc,marking  ] GC(173) Concurrent Scan Root Regions
[2023-03-15T04:13:56.143+0000][69][gc,marking  ] GC(173) Concurrent Scan Root Regions 2.663ms
[2023-03-15T04:13:56.143+0000][69][gc,marking  ] GC(173) Concurrent Mark
[2023-03-15T04:13:56.144+0000][69][gc,marking  ] GC(173) Concurrent Mark From Roots
[2023-03-15T04:13:56.144+0000][69][gc,task     ] GC(173) Using 1 workers of 1 for marking
[2023-03-15T04:13:56.246+0000][69][gc,marking  ] GC(173) Concurrent Mark From Roots 102.306ms
[2023-03-15T04:13:56.255+0000][69][gc,marking  ] GC(173) Concurrent Preclean
[2023-03-15T04:13:56.256+0000][69][gc,marking  ] GC(173) Concurrent Preclean 1.005ms
[2023-03-15T04:13:56.257+0000][69][gc,start    ] GC(173) Pause Remark
[2023-03-15T04:13:56.267+0000][69][gc          ] GC(173) Pause Remark 115M->115M(256M) 10.822ms
[2023-03-15T04:13:56.268+0000][69][gc,cpu      ] GC(173) User=0.03s Sys=0.00s Real=0.01s
[2023-03-15T04:13:56.269+0000][69][safepoint   ] Safepoint "G1PauseRemark", Time since last: 119408143 ns, Reaching safepoint: 106541 ns, At safepoint: 12345499 ns, Total: 12452040 ns
[2023-03-15T04:13:56.269+0000][69][gc,marking  ] GC(173) Concurrent Mark 126.215ms
[2023-03-15T04:13:56.270+0000][69][gc,marking  ] GC(173) Concurrent Rebuild Remembered Sets
[2023-03-15T04:13:56.324+0000][69][gc,marking  ] GC(173) Concurrent Rebuild Remembered Sets 53.874ms
[2023-03-15T04:13:56.325+0000][69][gc,start    ] GC(173) Pause Cleanup
[2023-03-15T04:13:56.326+0000][69][gc          ] GC(173) Pause Cleanup 115M->115M(256M) 0.980ms
[2023-03-15T04:13:56.327+0000][69][gc,cpu      ] GC(173) User=0.00s Sys=0.00s Real=0.01s
[2023-03-15T04:13:56.327+0000][69][safepoint   ] Safepoint "G1PauseCleanup", Time since last: 56045836 ns, Reaching safepoint: 166615 ns, At safepoint: 2244695 ns, Total: 2411310 ns
[2023-03-15T04:13:56.328+0000][69][gc,marking  ] GC(173) Concurrent Cleanup for Next Mark
[2023-03-15T04:13:56.329+0000][69][gc,marking  ] GC(173) Concurrent Cleanup for Next Mark 0.846ms
[2023-03-15T04:13:56.329+0000][69][gc          ] GC(173) Concurrent Mark Cycle 192.659ms
[2023-03-15T04:14:03.337+0000][69][safepoint   ] Safepoint "Cleanup", Time since last: 7009387604 ns, Reaching safepoint: 439287 ns, At safepoint: 12808 ns, Total: 452095 ns
[2023-03-15T04:14:04.341+0000][69][safepoint   ] Safepoint "Cleanup", Time since last: 1003751026 ns, Reaching safepoint: 344089 ns, At safepoint: 10822 ns, Total: 354911 ns
[2023-03-15T04:14:05.346+0000][69][safepoint   ] Safepoint "Cleanup", Time since last: 1004647215 ns, Reaching safepoint: 265520 ns, At safepoint: 41436 ns, Total: 306956 ns
[2023-03-15T04:14:09.351+0000][69][safepoint   ] Safepoint "Cleanup", Time since last: 4004433322 ns, Reaching safepoint: 319790 ns, At safepoint: 9407 ns, Total: 329197 ns
[2023-03-15T04:14:14.358+0000][69][safepoint   ] Safepoint "Cleanup", Time since last: 5006730721 ns, Reaching safepoint: 65475 ns, At safepoint: 2956 ns, Total: 68431 ns
[2023-03-15T04:14:17.339+0000][69][safepoint   ] Safepoint "Cleanup", Time since last: 3002758595 ns, Reaching safepoint: 257556 ns, At safepoint: 9316 ns, Total: 266872 ns
[2023-03-15T04:14:20.347+0000][69][safepoint   ] Safepoint "Cleanup", Time since last: 3007616111 ns, Reaching safepoint: 498604 ns, At safepoint: 19298 ns, Total: 517902 ns
[2023-03-15T04:14:21.349+0000][69][safepoint   ] Safepoint "Cleanup", Time since last: 1001905723 ns, Reaching safepoint: 137868 ns, At safepoint: 4654 ns, Total: 142522 ns
[2023-03-15T04:14:24.354+0000][69][safepoint   ] Safepoint "Cleanup", Time since last: 3004195822 ns, Reaching safepoint: 695050 ns, At safepoint: 15214 ns, Total: 710264 ns
[2023-03-15T04:14:26.072+0000][69][gc,start    ] GC(174) Pause Young (Normal) (G1 Evacuation Pause)
[2023-03-15T04:14:26.073+0000][69][gc,task     ] GC(174) Using 4 workers of 4 for evacuation
[2023-03-15T04:14:26.073+0000][69][gc,age      ] GC(174) Desired survivor size 6291456 bytes, new threshold 15 (max threshold 15)
[2023-03-15T04:14:26.077+0000][69][gc,phases   ] GC(174)   Pre Evacuate Collection Set: 0.1ms
[2023-03-15T04:14:26.077+0000][69][gc,phases   ] GC(174)   Merge Heap Roots: 0.1ms
[2023-03-15T04:14:26.078+0000][69][gc,phases   ] GC(174)   Evacuate Collection Set: 2.1ms
[2023-03-15T04:14:26.078+0000][69][gc,phases   ] GC(174)   Post Evacuate Collection Set: 0.8ms
[2023-03-15T04:14:26.079+0000][69][gc,phases   ] GC(174)   Other: 1.0ms
[2023-03-15T04:14:26.079+0000][69][gc,age      ] GC(174) Age table with threshold 15 (max threshold 15)
[2023-03-15T04:14:26.080+0000][69][gc,age      ] GC(174) - age   1:    1212344 bytes,    1212344 total
[2023-03-15T04:14:26.080+0000][69][gc,age      ] GC(174) - age   2:     477992 bytes,    1690336 total
[2023-03-15T04:14:26.081+0000][69][gc,age      ] GC(174) - age   3:       4816 bytes,    1695152 total
[2023-03-15T04:14:26.081+0000][69][gc,age      ] GC(174) - age   4:        584 bytes,    1695736 total
[2023-03-15T04:14:26.082+0000][69][gc,age      ] GC(174) - age   5:       2488 bytes,    1698224 total
[2023-03-15T04:14:26.082+0000][69][gc,age      ] GC(174) - age   6:        936 bytes,    1699160 total
[2023-03-15T04:14:26.083+0000][69][gc,age      ] GC(174) - age   7:      89880 bytes,    1789040 total
[2023-03-15T04:14:26.083+0000][69][gc,age      ] GC(174) - age   8:        832 bytes,    1789872 total
[2023-03-15T04:14:26.084+0000][69][gc,age      ] GC(174) - age   9:       1432 bytes,    1791304 total
[2023-03-15T04:14:26.084+0000][69][gc,age      ] GC(174) - age  10:       2192 bytes,    1793496 total
[2023-03-15T04:14:26.085+0000][69][gc,age      ] GC(174) - age  11:        488 bytes,    1793984 total
[2023-03-15T04:14:26.085+0000][69][gc,age      ] GC(174) - age  12:       9944 bytes,    1803928 total
[2023-03-15T04:14:26.085+0000][69][gc,age      ] GC(174) - age  13:      10048 bytes,    1813976 total
[2023-03-15T04:14:26.086+0000][69][gc,age      ] GC(174) - age  14:     248848 bytes,    2062824 total
[2023-03-15T04:14:26.086+0000][69][gc,age      ] GC(174) - age  15:      16280 bytes,    2079104 total
[2023-03-15T04:14:26.087+0000][69][gc,heap     ] GC(174) Eden regions: 23->0(23)
[2023-03-15T04:14:26.087+0000][69][gc,heap     ] GC(174) Survivor regions: 1->1(3)
[2023-03-15T04:14:26.088+0000][69][gc,heap     ] GC(174) Old regions: 25->25
[2023-03-15T04:14:26.088+0000][69][gc,heap     ] GC(174) Archive regions: 2->2
[2023-03-15T04:14:26.089+0000][69][gc,heap     ] GC(174) Humongous regions: 2->2
[2023-03-15T04:14:26.089+0000][69][gc,metaspace] GC(174) Metaspace: 140817K(144256K)->140817K(144256K) NonClass: 122771K(124160K)->122771K(124160K) Class: 18046K(20096K)->18046K(20096K)
[2023-03-15T04:14:26.090+0000][69][gc          ] GC(174) Pause Young (Normal) (G1 Evacuation Pause) 204M->112M(256M) 17.807ms
[2023-03-15T04:14:26.090+0000][69][gc,cpu      ] GC(174) User=0.01s Sys=0.01s Real=0.02s
[2023-03-15T04:14:26.091+0000][69][safepoint   ] Safepoint "G1CollectForAllocation", Time since last: 1717649904 ns, Reaching safepoint: 90331 ns, At safepoint: 18755235 ns, Total: 18845566 ns
[2023-03-15T04:14:27.092+0000][69][safepoint   ] Safepoint "Cleanup", Time since last: 1000625966 ns, Reaching safepoint: 232621 ns, At safepoint: 34952 ns, Total: 267573 ns
[2023-03-15T04:14:33.096+0000][69][safepoint   ] Safepoint "Cleanup", Time since last: 6004228353 ns, Reaching safepoint: 195576 ns, At safepoint: 14140 ns, Total: 209716 ns
[2023-03-15T04:14:39.100+0000][69][safepoint   ] Safepoint "Cleanup", Time since last: 6003203006 ns, Reaching safepoint: 373082 ns, At safepoint: 14195 ns, Total: 387277 ns
[2023-03-15T04:14:44.106+0000][69][safepoint   ] Safepoint "Cleanup", Time since last: 5006689158 ns, Reaching safepoint: 71009 ns, At safepoint: 3708 ns, Total: 74717 ns
[2023-03-15T04:14:47.087+0000][69][safepoint   ] Safepoint "Cleanup", Time since last: 3002549668 ns, Reaching safepoint: 163329 ns, At safepoint: 19187 ns, Total: 182516 ns
[2023-03-15T04:14:48.091+0000][69][safepoint   ] Safepoint "Cleanup", Time since last: 1002408333 ns, Reaching safepoint: 1032479 ns, At safepoint: 45220 ns, Total: 1077699 ns
[2023-03-15T04:14:51.096+0000][69][safepoint   ] Safepoint "Cleanup", Time since last: 3005210472 ns, Reaching safepoint: 680660 ns, At safepoint: 65050 ns, Total: 745710 ns
[2023-03-15T04:14:51.789+0000][69][gc,start    ] GC(175) Pause Young (Concurrent Start) (G1 Evacuation Pause)
[2023-03-15T04:14:51.790+0000][69][gc,task     ] GC(175) Using 4 workers of 4 for evacuation
[2023-03-15T04:14:51.790+0000][69][gc,age      ] GC(175) Desired survivor size 6291456 bytes, new threshold 15 (max threshold 15)
[2023-03-15T04:14:51.795+0000][69][gc,phases   ] GC(175)   Pre Evacuate Collection Set: 0.4ms
[2023-03-15T04:14:51.795+0000][69][gc,phases   ] GC(175)   Merge Heap Roots: 0.1ms
[2023-03-15T04:14:51.796+0000][69][gc,phases   ] GC(175)   Evacuate Collection Set: 2.3ms
[2023-03-15T04:14:51.796+0000][69][gc,phases   ] GC(175)   Post Evacuate Collection Set: 0.8ms
[2023-03-15T04:14:51.797+0000][69][gc,phases   ] GC(175)   Other: 1.1ms
[2023-03-15T04:14:51.797+0000][69][gc,age      ] GC(175) Age table with threshold 15 (max threshold 15)
[2023-03-15T04:14:51.797+0000][69][gc,age      ] GC(175) - age   1:    1507248 bytes,    1507248 total
[2023-03-15T04:14:51.798+0000][69][gc,age      ] GC(175) - age   2:       7912 bytes,    1515160 total
[2023-03-15T04:14:51.798+0000][69][gc,age      ] GC(175) - age   3:     476368 bytes,    1991528 total
[2023-03-15T04:14:51.799+0000][69][gc,age      ] GC(175) - age   4:       4456 bytes,    1995984 total
[2023-03-15T04:14:51.799+0000][69][gc,age      ] GC(175) - age   5:        584 bytes,    1996568 total
[2023-03-15T04:14:51.800+0000][69][gc,age      ] GC(175) - age   6:       2488 bytes,    1999056 total
[2023-03-15T04:14:51.800+0000][69][gc,age      ] GC(175) - age   7:        936 bytes,    1999992 total
[2023-03-15T04:14:51.800+0000][69][gc,age      ] GC(175) - age   8:      89880 bytes,    2089872 total
[2023-03-15T04:14:51.801+0000][69][gc,age      ] GC(175) - age   9:        832 bytes,    2090704 total
[2023-03-15T04:14:51.801+0000][69][gc,age      ] GC(175) - age  10:       1432 bytes,    2092136 total
[2023-03-15T04:14:51.802+0000][69][gc,age      ] GC(175) - age  11:       2192 bytes,    2094328 total
[2023-03-15T04:14:51.802+0000][69][gc,age      ] GC(175) - age  12:        488 bytes,    2094816 total
[2023-03-15T04:14:51.803+0000][69][gc,age      ] GC(175) - age  13:       9944 bytes,    2104760 total
[2023-03-15T04:14:51.803+0000][69][gc,age      ] GC(175) - age  14:       9752 bytes,    2114512 total
[2023-03-15T04:14:51.804+0000][69][gc,age      ] GC(175) - age  15:     248848 bytes,    2363360 total
[2023-03-15T04:14:51.804+0000][69][gc,heap     ] GC(175) Eden regions: 23->0(23)
[2023-03-15T04:14:51.805+0000][69][gc,heap     ] GC(175) Survivor regions: 1->1(3)
[2023-03-15T04:14:51.805+0000][69][gc,heap     ] GC(175) Old regions: 25->25
[2023-03-15T04:14:51.806+0000][69][gc,heap     ] GC(175) Archive regions: 2->2
[2023-03-15T04:14:51.806+0000][69][gc,heap     ] GC(175) Humongous regions: 2->2
[2023-03-15T04:14:51.806+0000][69][gc,metaspace] GC(175) Metaspace: 140823K(144256K)->140823K(144256K) NonClass: 122777K(124160K)->122777K(124160K) Class: 18046K(20096K)->18046K(20096K)
[2023-03-15T04:14:51.807+0000][69][gc          ] GC(175) Pause Young (Concurrent Start) (G1 Evacuation Pause) 204M->112M(256M) 18.002ms
[2023-03-15T04:14:51.808+0000][69][gc,cpu      ] GC(175) User=0.01s Sys=0.00s Real=0.02s
[2023-03-15T04:14:51.808+0000][69][safepoint   ] Safepoint "G1CollectForAllocation", Time since last: 692692855 ns, Reaching safepoint: 121126 ns, At safepoint: 18913893 ns, Total: 19035019 ns
[2023-03-15T04:14:51.808+0000][69][gc          ] GC(176) Concurrent Mark Cycle
[2023-03-15T04:14:51.809+0000][69][gc,marking  ] GC(176) Concurrent Clear Claimed Marks
[2023-03-15T04:14:51.810+0000][69][gc,marking  ] GC(176) Concurrent Clear Claimed Marks 0.987ms
[2023-03-15T04:14:51.811+0000][69][gc,marking  ] GC(176) Concurrent Scan Root Regions
[2023-03-15T04:14:51.814+0000][69][gc,marking  ] GC(176) Concurrent Scan Root Regions 2.650ms
[2023-03-15T04:14:51.814+0000][69][gc,marking  ] GC(176) Concurrent Mark
[2023-03-15T04:14:51.816+0000][69][gc,marking  ] GC(176) Concurrent Mark From Roots
[2023-03-15T04:14:51.817+0000][69][gc,task     ] GC(176) Using 1 workers of 1 for marking
[2023-03-15T04:14:51.951+0000][69][gc,marking  ] GC(176) Concurrent Mark From Roots 134.416ms
[2023-03-15T04:14:51.951+0000][69][gc,marking  ] GC(176) Concurrent Preclean
[2023-03-15T04:14:51.952+0000][69][gc,marking  ] GC(176) Concurrent Preclean 0.977ms
[2023-03-15T04:14:51.953+0000][69][gc,start    ] GC(176) Pause Remark
[2023-03-15T04:14:51.965+0000][69][gc          ] GC(176) Pause Remark 119M->119M(256M) 12.033ms
[2023-03-15T04:14:51.966+0000][69][gc,cpu      ] GC(176) User=0.03s Sys=0.00s Real=0.01s
[2023-03-15T04:14:51.966+0000][69][safepoint   ] Safepoint "G1PauseRemark", Time since last: 144431011 ns, Reaching safepoint: 190210 ns, At safepoint: 13525926 ns, Total: 13716136 ns
[2023-03-15T04:14:51.967+0000][69][gc,marking  ] GC(176) Concurrent Mark 152.868ms
[2023-03-15T04:14:51.967+0000][69][gc,marking  ] GC(176) Concurrent Rebuild Remembered Sets
[2023-03-15T04:14:52.022+0000][69][gc,marking  ] GC(176) Concurrent Rebuild Remembered Sets 54.613ms
[2023-03-15T04:14:52.023+0000][69][gc,start    ] GC(176) Pause Cleanup
[2023-03-15T04:14:52.023+0000][69][gc          ] GC(176) Pause Cleanup 119M->119M(256M) 0.470ms
[2023-03-15T04:14:52.024+0000][69][gc,cpu      ] GC(176) User=0.00s Sys=0.00s Real=0.00s
[2023-03-15T04:14:52.024+0000][69][safepoint   ] Safepoint "G1PauseCleanup", Time since last: 56230829 ns, Reaching safepoint: 123271 ns, At safepoint: 1471603 ns, Total: 1594874 ns
[2023-03-15T04:14:52.025+0000][69][gc,marking  ] GC(176) Concurrent Cleanup for Next Mark
[2023-03-15T04:14:52.025+0000][69][gc,marking  ] GC(176) Concurrent Cleanup for Next Mark 0.721ms
[2023-03-15T04:14:52.026+0000][69][gc          ] GC(176) Concurrent Mark Cycle 218.009ms
[2023-03-15T04:14:59.029+0000][69][safepoint   ] Safepoint "Cleanup", Time since last: 7004140330 ns, Reaching safepoint: 444572 ns, At safepoint: 10884 ns, Total: 455456 ns
[2023-03-15T04:15:11.041+0000][69][safepoint   ] Safepoint "Cleanup", Time since last: 12012170191 ns, Reaching safepoint: 192287 ns, At safepoint: 5188 ns, Total: 197475 ns
[2023-03-15T04:15:14.045+0000][69][safepoint   ] Safepoint "Cleanup", Time since last: 3003112568 ns, Reaching safepoint: 241131 ns, At safepoint: 58288 ns, Total: 299419 ns
[2023-03-15T04:15:14.586+0000][69][gc,start    ] GC(177) Pause Young (Normal) (G1 Evacuation Pause)
[2023-03-15T04:15:14.586+0000][69][gc,task     ] GC(177) Using 4 workers of 4 for evacuation
[2023-03-15T04:15:14.586+0000][69][gc,age      ] GC(177) Desired survivor size 6291456 bytes, new threshold 15 (max threshold 15)
[2023-03-15T04:15:14.590+0000][69][gc,phases   ] GC(177)   Pre Evacuate Collection Set: 0.2ms
[2023-03-15T04:15:14.590+0000][69][gc,phases   ] GC(177)   Merge Heap Roots: 0.1ms
[2023-03-15T04:15:14.591+0000][69][gc,phases   ] GC(177)   Evacuate Collection Set: 1.7ms
[2023-03-15T04:15:14.591+0000][69][gc,phases   ] GC(177)   Post Evacuate Collection Set: 0.7ms
[2023-03-15T04:15:14.592+0000][69][gc,phases   ] GC(177)   Other: 0.9ms
[2023-03-15T04:15:14.592+0000][69][gc,age      ] GC(177) Age table with threshold 15 (max threshold 15)
[2023-03-15T04:15:14.593+0000][69][gc,age      ] GC(177) - age   1:     597952 bytes,     597952 total
[2023-03-15T04:15:14.593+0000][69][gc,age      ] GC(177) - age   2:      29712 bytes,     627664 total
[2023-03-15T04:15:14.594+0000][69][gc,age      ] GC(177) - age   3:       4008 bytes,     631672 total
[2023-03-15T04:15:14.594+0000][69][gc,age      ] GC(177) - age   4:     347728 bytes,     979400 total
[2023-03-15T04:15:14.595+0000][69][gc,age      ] GC(177) - age   5:       4392 bytes,     983792 total
[2023-03-15T04:15:14.595+0000][69][gc,age      ] GC(177) - age   6:        488 bytes,     984280 total
[2023-03-15T04:15:14.595+0000][69][gc,age      ] GC(177) - age   7:       2424 bytes,     986704 total
[2023-03-15T04:15:14.596+0000][69][gc,age      ] GC(177) - age   8:        936 bytes,     987640 total
[2023-03-15T04:15:14.596+0000][69][gc,age      ] GC(177) - age   9:      89816 bytes,    1077456 total
[2023-03-15T04:15:14.597+0000][69][gc,age      ] GC(177) - age  10:        832 bytes,    1078288 total
[2023-03-15T04:15:14.597+0000][69][gc,age      ] GC(177) - age  11:       1432 bytes,    1079720 total
[2023-03-15T04:15:14.597+0000][69][gc,age      ] GC(177) - age  12:       2192 bytes,    1081912 total
[2023-03-15T04:15:14.598+0000][69][gc,age      ] GC(177) - age  13:        488 bytes,    1082400 total
[2023-03-15T04:15:14.598+0000][69][gc,age      ] GC(177) - age  14:       9944 bytes,    1092344 total
[2023-03-15T04:15:14.598+0000][69][gc,age      ] GC(177) - age  15:       9752 bytes,    1102096 total
[2023-03-15T04:15:14.599+0000][69][gc,heap     ] GC(177) Eden regions: 23->0(23)
[2023-03-15T04:15:14.599+0000][69][gc,heap     ] GC(177) Survivor regions: 1->1(3)
[2023-03-15T04:15:14.600+0000][69][gc,heap     ] GC(177) Old regions: 25->25
[2023-03-15T04:15:14.600+0000][69][gc,heap     ] GC(177) Archive regions: 2->2
[2023-03-15T04:15:14.601+0000][69][gc,heap     ] GC(177) Humongous regions: 2->2
[2023-03-15T04:15:14.601+0000][69][gc,metaspace] GC(177) Metaspace: 140841K(144256K)->140841K(144256K) NonClass: 122795K(124160K)->122795K(124160K) Class: 18046K(20096K)->18046K(20096K)
[2023-03-15T04:15:14.602+0000][69][gc          ] GC(177) Pause Young (Normal) (G1 Evacuation Pause) 204M->111M(256M) 16.037ms
[2023-03-15T04:15:14.602+0000][69][gc,cpu      ] GC(177) User=0.01s Sys=0.00s Real=0.01s
[2023-03-15T04:15:14.603+0000][69][safepoint   ] Safepoint "G1CollectForAllocation", Time since last: 540862562 ns, Reaching safepoint: 136405 ns, At safepoint: 17434089 ns, Total: 17570494 ns
[2023-03-15T04:15:17.585+0000][69][safepoint   ] Safepoint "Cleanup", Time since last: 3003051616 ns, Reaching safepoint: 355042 ns, At safepoint: 10355 ns, Total: 365397 ns
[2023-03-15T04:15:18.588+0000][69][safepoint   ] Safepoint "Cleanup", Time since last: 1003354534 ns, Reaching safepoint: 353818 ns, At safepoint: 11274 ns, Total: 365092 ns
[2023-03-15T04:15:20.591+0000][69][safepoint   ] Safepoint "Cleanup", Time since last: 2002965899 ns, Reaching safepoint: 177616 ns, At safepoint: 4588 ns, Total: 182204 ns
[2023-03-15T04:15:26.597+0000][69][safepoint   ] Safepoint "Cleanup", Time since last: 6005718933 ns, Reaching safepoint: 335323 ns, At safepoint: 9504 ns, Total: 344827 ns
[2023-03-15T04:15:27.600+0000][69][safepoint   ] Safepoint "Cleanup", Time since last: 1002338533 ns, Reaching safepoint: 259303 ns, At safepoint: 57289 ns, Total: 316592 ns
[2023-03-15T04:15:28.602+0000][69][safepoint   ] Safepoint "Cleanup", Time since last: 1001595505 ns, Reaching safepoint: 243592 ns, At safepoint: 6837 ns, Total: 250429 ns
[2023-03-15T04:15:32.608+0000][69][safepoint   ] Safepoint "Cleanup", Time since last: 4005599024 ns, Reaching safepoint: 461121 ns, At safepoint: 31290 ns, Total: 492411 ns
[2023-03-15T04:15:38.614+0000][69][safepoint   ] Safepoint "Cleanup", Time since last: 6005565601 ns, Reaching safepoint: 87977 ns, At safepoint: 3120 ns, Total: 91097 ns
[2023-03-15T04:15:44.057+0000][69][gc,start    ] GC(178) Pause Young (Concurrent Start) (G1 Evacuation Pause)
[2023-03-15T04:15:44.058+0000][69][gc,task     ] GC(178) Using 4 workers of 4 for evacuation
[2023-03-15T04:15:44.058+0000][69][gc,age      ] GC(178) Desired survivor size 6291456 bytes, new threshold 15 (max threshold 15)
[2023-03-15T04:15:44.062+0000][69][gc,phases   ] GC(178)   Pre Evacuate Collection Set: 0.3ms
[2023-03-15T04:15:44.062+0000][69][gc,phases   ] GC(178)   Merge Heap Roots: 0.1ms
[2023-03-15T04:15:44.063+0000][69][gc,phases   ] GC(178)   Evacuate Collection Set: 1.9ms
[2023-03-15T04:15:44.063+0000][69][gc,phases   ] GC(178)   Post Evacuate Collection Set: 0.8ms
[2023-03-15T04:15:44.064+0000][69][gc,phases   ] GC(178)   Other: 1.0ms
[2023-03-15T04:15:44.064+0000][69][gc,age      ] GC(178) Age table with threshold 15 (max threshold 15)
[2023-03-15T04:15:44.065+0000][69][gc,age      ] GC(178) - age   1:     494168 bytes,     494168 total
[2023-03-15T04:15:44.065+0000][69][gc,age      ] GC(178) - age   2:     146024 bytes,     640192 total
[2023-03-15T04:15:44.065+0000][69][gc,age      ] GC(178) - age   3:      11488 bytes,     651680 total
[2023-03-15T04:15:44.066+0000][69][gc,age      ] GC(178) - age   4:       3880 bytes,     655560 total
[2023-03-15T04:15:44.066+0000][69][gc,age      ] GC(178) - age   5:     347728 bytes,    1003288 total
[2023-03-15T04:15:44.066+0000][69][gc,age      ] GC(178) - age   6:       4144 bytes,    1007432 total
[2023-03-15T04:15:44.067+0000][69][gc,age      ] GC(178) - age   7:        488 bytes,    1007920 total
[2023-03-15T04:15:44.067+0000][69][gc,age      ] GC(178) - age   8:       2424 bytes,    1010344 total
[2023-03-15T04:15:44.068+0000][69][gc,age      ] GC(178) - age   9:        936 bytes,    1011280 total
[2023-03-15T04:15:44.068+0000][69][gc,age      ] GC(178) - age  10:      89816 bytes,    1101096 total
[2023-03-15T04:15:44.068+0000][69][gc,age      ] GC(178) - age  11:        832 bytes,    1101928 total
[2023-03-15T04:15:44.069+0000][69][gc,age      ] GC(178) - age  12:       1432 bytes,    1103360 total
[2023-03-15T04:15:44.069+0000][69][gc,age      ] GC(178) - age  13:       2088 bytes,    1105448 total
[2023-03-15T04:15:44.069+0000][69][gc,age      ] GC(178) - age  14:        488 bytes,    1105936 total
[2023-03-15T04:15:44.070+0000][69][gc,age      ] GC(178) - age  15:       9944 bytes,    1115880 total
[2023-03-15T04:15:44.070+0000][69][gc,heap     ] GC(178) Eden regions: 23->0(23)
[2023-03-15T04:15:44.071+0000][69][gc,heap     ] GC(178) Survivor regions: 1->1(3)
[2023-03-15T04:15:44.071+0000][69][gc,heap     ] GC(178) Old regions: 25->25
[2023-03-15T04:15:44.071+0000][69][gc,heap     ] GC(178) Archive regions: 2->2
[2023-03-15T04:15:44.072+0000][69][gc,heap     ] GC(178) Humongous regions: 2->2
[2023-03-15T04:15:44.072+0000][69][gc,metaspace] GC(178) Metaspace: 140850K(144256K)->140850K(144256K) NonClass: 122803K(124160K)->122803K(124160K) Class: 18046K(20096K)->18046K(20096K)
[2023-03-15T04:15:44.072+0000][69][gc          ] GC(178) Pause Young (Concurrent Start) (G1 Evacuation Pause) 203M->111M(256M) 15.356ms
[2023-03-15T04:15:44.073+0000][69][gc          ] GC(179) Concurrent Mark Cycle
[2023-03-15T04:15:44.073+0000][69][gc,marking  ] GC(179) Concurrent Clear Claimed Marks
[2023-03-15T04:15:44.074+0000][69][gc,marking  ] GC(179) Concurrent Clear Claimed Marks 0.623ms
[2023-03-15T04:15:44.074+0000][69][gc,marking  ] GC(179) Concurrent Scan Root Regions
[2023-03-15T04:15:44.073+0000][69][gc,cpu      ] GC(178) User=0.01s Sys=0.01s Real=0.02s
[2023-03-15T04:15:44.075+0000][69][safepoint   ] Safepoint "G1CollectForAllocation", Time since last: 5443326979 ns, Reaching safepoint: 73857 ns, At safepoint: 18346792 ns, Total: 18420649 ns
[2023-03-15T04:15:44.077+0000][69][gc,marking  ] GC(179) Concurrent Scan Root Regions 2.685ms
[2023-03-15T04:15:44.078+0000][69][gc,marking  ] GC(179) Concurrent Mark
[2023-03-15T04:15:44.079+0000][69][gc,marking  ] GC(179) Concurrent Mark From Roots
[2023-03-15T04:15:44.079+0000][69][gc,task     ] GC(179) Using 1 workers of 1 for marking
[2023-03-15T04:15:44.185+0000][69][gc,marking  ] GC(179) Concurrent Mark From Roots 106.759ms
[2023-03-15T04:15:44.186+0000][69][gc,marking  ] GC(179) Concurrent Preclean
[2023-03-15T04:15:44.188+0000][69][gc,marking  ] GC(179) Concurrent Preclean 1.938ms
[2023-03-15T04:15:44.190+0000][69][gc,start    ] GC(179) Pause Remark
[2023-03-15T04:15:44.201+0000][69][gc          ] GC(179) Pause Remark 116M->116M(256M) 11.645ms
[2023-03-15T04:15:44.202+0000][69][gc,cpu      ] GC(179) User=0.03s Sys=0.00s Real=0.02s
[2023-03-15T04:15:44.203+0000][69][safepoint   ] Safepoint "G1PauseRemark", Time since last: 113812113 ns, Reaching safepoint: 234793 ns, At safepoint: 13535235 ns, Total: 13770028 ns
[2023-03-15T04:15:44.204+0000][69][gc,marking  ] GC(179) Concurrent Mark 126.107ms
[2023-03-15T04:15:44.205+0000][69][gc,marking  ] GC(179) Concurrent Rebuild Remembered Sets
[2023-03-15T04:15:44.258+0000][69][gc,marking  ] GC(179) Concurrent Rebuild Remembered Sets 53.038ms
[2023-03-15T04:15:44.259+0000][69][gc,start    ] GC(179) Pause Cleanup
[2023-03-15T04:15:44.260+0000][69][gc          ] GC(179) Pause Cleanup 117M->117M(256M) 1.041ms
[2023-03-15T04:15:44.261+0000][69][gc,cpu      ] GC(179) User=0.00s Sys=0.00s Real=0.01s
[2023-03-15T04:15:44.262+0000][69][safepoint   ] Safepoint "G1PauseCleanup", Time since last: 55987947 ns, Reaching safepoint: 164055 ns, At safepoint: 2525956 ns, Total: 2690011 ns
[2023-03-15T04:15:44.262+0000][69][gc,marking  ] GC(179) Concurrent Cleanup for Next Mark
[2023-03-15T04:15:44.263+0000][69][gc,marking  ] GC(179) Concurrent Cleanup for Next Mark 0.707ms
[2023-03-15T04:15:44.264+0000][69][gc          ] GC(179) Concurrent Mark Cycle 190.682ms
[2023-03-15T04:15:46.266+0000][69][safepoint   ] Safepoint "Cleanup", Time since last: 2003417943 ns, Reaching safepoint: 778778 ns, At safepoint: 44609 ns, Total: 823387 ns
[2023-03-15T04:16:02.258+0000][69][safepoint   ] Safepoint "Cleanup", Time since last: 16017022480 ns, Reaching safepoint: 124413 ns, At safepoint: 6800 ns, Total: 131213 ns
[2023-03-15T04:16:04.260+0000][69][safepoint   ] Safepoint "Cleanup", Time since last: 2001679832 ns, Reaching safepoint: 240529 ns, At safepoint: 18867 ns, Total: 259396 ns
[2023-03-15T04:16:08.264+0000][69][safepoint   ] Safepoint "Cleanup", Time since last: 4003863366 ns, Reaching safepoint: 184350 ns, At safepoint: 7952 ns, Total: 192302 ns
[2023-03-15T04:16:13.272+0000][69][safepoint   ] Safepoint "Cleanup", Time since last: 5008053828 ns, Reaching safepoint: 220107 ns, At safepoint: 6763 ns, Total: 226870 ns
[2023-03-15T04:16:13.845+0000][69][gc,start    ] GC(180) Pause Young (Normal) (G1 Evacuation Pause)
[2023-03-15T04:16:13.846+0000][69][gc,task     ] GC(180) Using 4 workers of 4 for evacuation
[2023-03-15T04:16:13.847+0000][69][gc,age      ] GC(180) Desired survivor size 6291456 bytes, new threshold 15 (max threshold 15)
[2023-03-15T04:16:13.852+0000][69][gc,phases   ] GC(180)   Pre Evacuate Collection Set: 0.2ms
[2023-03-15T04:16:13.853+0000][69][gc,phases   ] GC(180)   Merge Heap Roots: 0.2ms
[2023-03-15T04:16:13.854+0000][69][gc,phases   ] GC(180)   Evacuate Collection Set: 2.9ms
[2023-03-15T04:16:13.855+0000][69][gc,phases   ] GC(180)   Post Evacuate Collection Set: 1.2ms
[2023-03-15T04:16:13.855+0000][69][gc,phases   ] GC(180)   Other: 2.0ms
[2023-03-15T04:16:13.856+0000][69][gc,age      ] GC(180) Age table with threshold 15 (max threshold 15)
[2023-03-15T04:16:13.856+0000][69][gc,age      ] GC(180) - age   1:     825664 bytes,     825664 total
[2023-03-15T04:16:13.857+0000][69][gc,age      ] GC(180) - age   2:      13136 bytes,     838800 total
[2023-03-15T04:16:13.857+0000][69][gc,age      ] GC(180) - age   3:     128400 bytes,     967200 total
[2023-03-15T04:16:13.858+0000][69][gc,age      ] GC(180) - age   4:      10760 bytes,     977960 total
[2023-03-15T04:16:13.858+0000][69][gc,age      ] GC(180) - age   5:       3880 bytes,     981840 total
[2023-03-15T04:16:13.859+0000][69][gc,age      ] GC(180) - age   6:     347552 bytes,    1329392 total
[2023-03-15T04:16:13.859+0000][69][gc,age      ] GC(180) - age   7:       4144 bytes,    1333536 total
[2023-03-15T04:16:13.860+0000][69][gc,age      ] GC(180) - age   8:        488 bytes,    1334024 total
[2023-03-15T04:16:13.861+0000][69][gc,age      ] GC(180) - age   9:       2424 bytes,    1336448 total
[2023-03-15T04:16:13.862+0000][69][gc,age      ] GC(180) - age  10:        656 bytes,    1337104 total
[2023-03-15T04:16:13.862+0000][69][gc,age      ] GC(180) - age  11:      89816 bytes,    1426920 total
[2023-03-15T04:16:13.863+0000][69][gc,age      ] GC(180) - age  12:        832 bytes,    1427752 total
[2023-03-15T04:16:13.863+0000][69][gc,age      ] GC(180) - age  13:       1432 bytes,    1429184 total
[2023-03-15T04:16:13.864+0000][69][gc,age      ] GC(180) - age  14:       2088 bytes,    1431272 total
[2023-03-15T04:16:13.864+0000][69][gc,age      ] GC(180) - age  15:        304 bytes,    1431576 total
[2023-03-15T04:16:13.865+0000][69][gc,heap     ] GC(180) Eden regions: 23->0(23)
[2023-03-15T04:16:13.866+0000][69][gc,heap     ] GC(180) Survivor regions: 1->1(3)
[2023-03-15T04:16:13.866+0000][69][gc,heap     ] GC(180) Old regions: 25->25
[2023-03-15T04:16:13.866+0000][69][gc,heap     ] GC(180) Archive regions: 2->2
[2023-03-15T04:16:13.867+0000][69][gc,heap     ] GC(180) Humongous regions: 2->2
[2023-03-15T04:16:13.867+0000][69][gc,metaspace] GC(180) Metaspace: 140867K(144256K)->140867K(144256K) NonClass: 122820K(124160K)->122820K(124160K) Class: 18046K(20096K)->18046K(20096K)
[2023-03-15T04:16:13.868+0000][69][gc          ] GC(180) Pause Young (Normal) (G1 Evacuation Pause) 203M->112M(256M) 22.572ms
[2023-03-15T04:16:13.868+0000][69][gc,cpu      ] GC(180) User=0.01s Sys=0.00s Real=0.02s
[2023-03-15T04:16:13.869+0000][69][safepoint   ] Safepoint "G1CollectForAllocation", Time since last: 573300536 ns, Reaching safepoint: 73027 ns, At safepoint: 23655791 ns, Total: 23728818 ns
[2023-03-15T04:16:15.871+0000][69][safepoint   ] Safepoint "Cleanup", Time since last: 2001678219 ns, Reaching safepoint: 511701 ns, At safepoint: 23953 ns, Total: 535654 ns
[2023-03-15T04:16:20.852+0000][69][safepoint   ] Safepoint "Cleanup", Time since last: 5004006066 ns, Reaching safepoint: 315682 ns, At safepoint: 22399 ns, Total: 338081 ns
[2023-03-15T04:16:28.866+0000][69][safepoint   ] Safepoint "Cleanup", Time since last: 8013069340 ns, Reaching safepoint: 657269 ns, At safepoint: 31341 ns, Total: 688610 ns
[2023-03-15T04:16:30.203+0000][69][safepoint   ] Safepoint "Cleanup", Time since last: 1336993995 ns, Reaching safepoint: 334915 ns, At safepoint: 7170 ns, Total: 342085 ns
[2023-03-15T04:16:31.226+0000][69][gc,heap,exit] Heap
[2023-03-15T04:16:31.229+0000][69][gc,heap,exit]  garbage-first heap   total 262144K, used 185853K [0x00000000f0000000, 0x0000000100000000)
[2023-03-15T04:16:31.230+0000][69][gc,heap,exit]   region size 4096K, 19 young (77824K), 1 survivors (4096K)
[2023-03-15T04:16:31.231+0000][69][gc,heap,exit]  Metaspace       used 141826K, committed 145024K, reserved 1179648K
[2023-03-15T04:16:31.232+0000][69][gc,heap,exit]   class space    used 18220K, committed 20096K, reserved 1048576K
