[2023-04-06T08:16:59.881+0000][72][gc,init] CardTable entry size: 512
[2023-04-06T08:16:59.885+0000][72][gc     ] Using G1
[2023-04-06T08:17:00.003+0000][72][gc,init] Version: 19.0.1+10-21 (release)
[2023-04-06T08:17:00.005+0000][72][gc,init] CPUs: 4 total, 4 available
[2023-04-06T08:17:00.006+0000][72][gc,init] Memory: 7860M
[2023-04-06T08:17:00.007+0000][72][gc,init] Large Page Support: Disabled
[2023-04-06T08:17:00.011+0000][72][gc,init] NUMA Support: Disabled
[2023-04-06T08:17:00.013+0000][72][gc,init] Compressed Oops: Enabled (32-bit)
[2023-04-06T08:17:00.014+0000][72][gc,init] Heap Region Size: 4M
[2023-04-06T08:17:00.015+0000][72][gc,init] Heap Min Capacity: 256M
[2023-04-06T08:17:00.016+0000][72][gc,init] Heap Initial Capacity: 256M
[2023-04-06T08:17:00.017+0000][72][gc,init] Heap Max Capacity: 256M
[2023-04-06T08:17:00.017+0000][72][gc,init] Pre-touch: Enabled
[2023-04-06T08:17:00.018+0000][72][gc,init] Parallel Workers: 4
[2023-04-06T08:17:00.019+0000][72][gc,init] Concurrent Workers: 1
[2023-04-06T08:17:00.020+0000][72][gc,init] Concurrent Refinement Workers: 4
[2023-04-06T08:17:00.022+0000][72][gc,init] Periodic GC: Disabled
[2023-04-06T08:17:00.023+0000][72][gc,metaspace] CDS archive(s) mapped at: [0x0000000800000000-0x0000000800c4f000-0x0000000800c4f000), size 12906496, SharedBaseAddress: 0x0000000800000000, ArchiveRelocationMode: 0.
[2023-04-06T08:17:00.024+0000][72][gc,metaspace] Compressed class space mapped at: 0x0000000801000000-0x0000000841000000, reserved size: 1073741824
[2023-04-06T08:17:00.025+0000][72][gc,metaspace] Narrow klass base: 0x0000000800000000, Narrow klass shift: 0, Narrow klass range: 0x100000000
[2023-04-06T08:17:00.266+0000][72][gc,start    ] GC(0) Pause Young (Normal) (G1 Evacuation Pause)
[2023-04-06T08:17:00.267+0000][72][gc,task     ] GC(0) Using 4 workers of 4 for evacuation
[2023-04-06T08:17:00.268+0000][72][gc,age      ] GC(0) Desired survivor size 2097152 bytes, new threshold 15 (max threshold 15)
[2023-04-06T08:17:00.273+0000][72][gc,phases   ] GC(0)   Pre Evacuate Collection Set: 0.3ms
[2023-04-06T08:17:00.274+0000][72][gc,phases   ] GC(0)   Merge Heap Roots: 0.8ms
[2023-04-06T08:17:00.275+0000][72][gc,phases   ] GC(0)   Evacuate Collection Set: 2.5ms
[2023-04-06T08:17:00.275+0000][72][gc,phases   ] GC(0)   Post Evacuate Collection Set: 0.9ms
[2023-04-06T08:17:00.276+0000][72][gc,phases   ] GC(0)   Other: 1.5ms
[2023-04-06T08:17:00.277+0000][72][gc,age      ] GC(0) Age table with threshold 15 (max threshold 15)
[2023-04-06T08:17:00.279+0000][72][gc,age      ] GC(0) - age   1:    1501784 bytes,    1501784 total
[2023-04-06T08:17:00.281+0000][72][gc,heap     ] GC(0) Eden regions: 3->0(10)
[2023-04-06T08:17:00.282+0000][72][gc,heap     ] GC(0) Survivor regions: 0->1(1)
[2023-04-06T08:17:00.283+0000][72][gc,heap     ] GC(0) Old regions: 0->0
[2023-04-06T08:17:00.283+0000][72][gc,heap     ] GC(0) Archive regions: 2->2
[2023-04-06T08:17:00.284+0000][72][gc,heap     ] GC(0) Humongous regions: 0->0
[2023-04-06T08:17:00.284+0000][72][gc,metaspace] GC(0) Metaspace: 668K(832K)->668K(832K) NonClass: 624K(704K)->624K(704K) Class: 44K(128K)->44K(128K)
[2023-04-06T08:17:00.285+0000][72][gc          ] GC(0) Pause Young (Normal) (G1 Evacuation Pause) 15M->5M(256M) 18.811ms
[2023-04-06T08:17:00.286+0000][72][gc,cpu      ] GC(0) User=0.00s Sys=0.00s Real=0.02s
[2023-04-06T08:17:00.287+0000][72][safepoint   ] Safepoint "G1CollectForAllocation", Time since last: 233617989 ns, Reaching safepoint: 534037 ns, At safepoint: 20321628 ns, Total: 20855665 ns
[2023-04-06T08:17:00.833+0000][72][safepoint   ] Safepoint "ICBufferFull", Time since last: 545579293 ns, Reaching safepoint: 255169 ns, At safepoint: 31034 ns, Total: 286203 ns
[2023-04-06T08:17:01.267+0000][72][gc,start    ] GC(1) Pause Young (Normal) (G1 Evacuation Pause)
[2023-04-06T08:17:01.268+0000][72][gc,task     ] GC(1) Using 4 workers of 4 for evacuation
[2023-04-06T08:17:01.269+0000][72][gc,age      ] GC(1) Desired survivor size 4194304 bytes, new threshold 15 (max threshold 15)
[2023-04-06T08:17:01.283+0000][72][gc,phases   ] GC(1)   Pre Evacuate Collection Set: 0.2ms
[2023-04-06T08:17:01.285+0000][72][gc,phases   ] GC(1)   Merge Heap Roots: 0.2ms
[2023-04-06T08:17:01.286+0000][72][gc,phases   ] GC(1)   Evacuate Collection Set: 9.9ms
[2023-04-06T08:17:01.287+0000][72][gc,phases   ] GC(1)   Post Evacuate Collection Set: 2.1ms
[2023-04-06T08:17:01.288+0000][72][gc,phases   ] GC(1)   Other: 2.3ms
[2023-04-06T08:17:01.288+0000][72][gc,age      ] GC(1) Age table with threshold 15 (max threshold 15)
[2023-04-06T08:17:01.289+0000][72][gc,age      ] GC(1) - age   1:    4991752 bytes,    4991752 total
[2023-04-06T08:17:01.289+0000][72][gc,age      ] GC(1) - age   2:     405984 bytes,    5397736 total
[2023-04-06T08:17:01.290+0000][72][gc,heap     ] GC(1) Eden regions: 10->0(36)
[2023-04-06T08:17:01.291+0000][72][gc,heap     ] GC(1) Survivor regions: 1->2(2)
[2023-04-06T08:17:01.292+0000][72][gc,heap     ] GC(1) Old regions: 0->0
[2023-04-06T08:17:01.292+0000][72][gc,heap     ] GC(1) Archive regions: 2->2
[2023-04-06T08:17:01.293+0000][72][gc,heap     ] GC(1) Humongous regions: 0->0
[2023-04-06T08:17:01.294+0000][72][gc,metaspace] GC(1) Metaspace: 9170K(9536K)->9170K(9536K) NonClass: 8069K(8256K)->8069K(8256K) Class: 1100K(1280K)->1100K(1280K)
[2023-04-06T08:17:01.295+0000][72][gc          ] GC(1) Pause Young (Normal) (G1 Evacuation Pause) 45M->9M(256M) 27.635ms
[2023-04-06T08:17:01.295+0000][72][gc,cpu      ] GC(1) User=0.03s Sys=0.01s Real=0.03s
[2023-04-06T08:17:01.297+0000][72][safepoint   ] Safepoint "G1CollectForAllocation", Time since last: 433841786 ns, Reaching safepoint: 310518 ns, At safepoint: 29983433 ns, Total: 30293951 ns
[2023-04-06T08:17:01.895+0000][72][safepoint   ] Safepoint "ICBufferFull", Time since last: 597036567 ns, Reaching safepoint: 159503 ns, At safepoint: 1437225 ns, Total: 1596728 ns
[2023-04-06T08:17:02.579+0000][72][safepoint   ] Safepoint "ICBufferFull", Time since last: 683002249 ns, Reaching safepoint: 182037 ns, At safepoint: 5125 ns, Total: 187162 ns
[2023-04-06T08:17:03.414+0000][72][safepoint   ] Safepoint "ICBufferFull", Time since last: 834925500 ns, Reaching safepoint: 140751 ns, At safepoint: 2869 ns, Total: 143620 ns
[2023-04-06T08:17:03.973+0000][72][gc,start    ] GC(2) Pause Young (Normal) (G1 Evacuation Pause)
[2023-04-06T08:17:03.974+0000][72][gc,task     ] GC(2) Using 4 workers of 4 for evacuation
[2023-04-06T08:17:03.974+0000][72][gc,age      ] GC(2) Desired survivor size 10485760 bytes, new threshold 15 (max threshold 15)
[2023-04-06T08:17:03.990+0000][72][gc,phases   ] GC(2)   Pre Evacuate Collection Set: 0.2ms
[2023-04-06T08:17:03.991+0000][72][gc,phases   ] GC(2)   Merge Heap Roots: 0.0ms
[2023-04-06T08:17:03.992+0000][72][gc,phases   ] GC(2)   Evacuate Collection Set: 13.0ms
[2023-04-06T08:17:03.993+0000][72][gc,phases   ] GC(2)   Post Evacuate Collection Set: 1.8ms
[2023-04-06T08:17:03.994+0000][72][gc,phases   ] GC(2)   Other: 1.7ms
[2023-04-06T08:17:03.994+0000][72][gc,age      ] GC(2) Age table with threshold 15 (max threshold 15)
[2023-04-06T08:17:03.995+0000][72][gc,age      ] GC(2) - age   1:    6726752 bytes,    6726752 total
[2023-04-06T08:17:03.996+0000][72][gc,age      ] GC(2) - age   2:    4827448 bytes,   11554200 total
[2023-04-06T08:17:03.997+0000][72][gc,age      ] GC(2) - age   3:     404456 bytes,   11958656 total
[2023-04-06T08:17:03.998+0000][72][gc,heap     ] GC(2) Eden regions: 36->0(33)
[2023-04-06T08:17:03.999+0000][72][gc,heap     ] GC(2) Survivor regions: 2->3(5)
[2023-04-06T08:17:03.999+0000][72][gc,heap     ] GC(2) Old regions: 0->0
[2023-04-06T08:17:04.000+0000][72][gc,heap     ] GC(2) Archive regions: 2->2
[2023-04-06T08:17:04.000+0000][72][gc,heap     ] GC(2) Humongous regions: 0->0
[2023-04-06T08:17:04.001+0000][72][gc,metaspace] GC(2) Metaspace: 18382K(18880K)->18382K(18880K) NonClass: 16319K(16576K)->16319K(16576K) Class: 2063K(2304K)->2063K(2304K)
[2023-04-06T08:17:04.002+0000][72][gc          ] GC(2) Pause Young (Normal) (G1 Evacuation Pause) 153M->15M(256M) 29.002ms
[2023-04-06T08:17:04.002+0000][72][gc,cpu      ] GC(2) User=0.03s Sys=0.00s Real=0.03s
[2023-04-06T08:17:04.003+0000][72][safepoint   ] Safepoint "G1CollectForAllocation", Time since last: 558798142 ns, Reaching safepoint: 122636 ns, At safepoint: 30013185 ns, Total: 30135821 ns
[2023-04-06T08:17:04.416+0000][72][gc,start    ] GC(3) Pause Young (Concurrent Start) (Metadata GC Threshold)
[2023-04-06T08:17:04.418+0000][72][gc,task     ] GC(3) Using 4 workers of 4 for evacuation
[2023-04-06T08:17:04.418+0000][72][gc,age      ] GC(3) Desired survivor size 10485760 bytes, new threshold 2 (max threshold 15)
[2023-04-06T08:17:04.431+0000][72][gc,phases   ] GC(3)   Pre Evacuate Collection Set: 0.3ms
[2023-04-06T08:17:04.432+0000][72][gc,phases   ] GC(3)   Merge Heap Roots: 0.2ms
[2023-04-06T08:17:04.433+0000][72][gc,phases   ] GC(3)   Evacuate Collection Set: 9.0ms
[2023-04-06T08:17:04.433+0000][72][gc,phases   ] GC(3)   Post Evacuate Collection Set: 2.1ms
[2023-04-06T08:17:04.434+0000][72][gc,phases   ] GC(3)   Other: 1.7ms
[2023-04-06T08:17:04.435+0000][72][gc,age      ] GC(3) Age table with threshold 2 (max threshold 15)
[2023-04-06T08:17:04.435+0000][72][gc,age      ] GC(3) - age   1:    1082256 bytes,    1082256 total
[2023-04-06T08:17:04.436+0000][72][gc,age      ] GC(3) - age   2:    4854600 bytes,    5936856 total
[2023-04-06T08:17:04.436+0000][72][gc,heap     ] GC(3) Eden regions: 12->0(36)
[2023-04-06T08:17:04.438+0000][72][gc,heap     ] GC(3) Survivor regions: 3->2(5)
[2023-04-06T08:17:04.439+0000][72][gc,heap     ] GC(3) Old regions: 0->2
[2023-04-06T08:17:04.440+0000][72][gc,heap     ] GC(3) Archive regions: 2->2
[2023-04-06T08:17:04.441+0000][72][gc,heap     ] GC(3) Humongous regions: 0->0
[2023-04-06T08:17:04.442+0000][72][gc,metaspace] GC(3) Metaspace: 21000K(21504K)->21000K(21504K) NonClass: 18698K(18944K)->18698K(18944K) Class: 2301K(2560K)->2301K(2560K)
[2023-04-06T08:17:04.443+0000][72][gc          ] GC(3) Pause Young (Concurrent Start) (Metadata GC Threshold) 63M->15M(256M) 26.302ms
[2023-04-06T08:17:04.443+0000][72][gc,cpu      ] GC(3) User=0.02s Sys=0.00s Real=0.02s
[2023-04-06T08:17:04.444+0000][72][gc          ] GC(4) Concurrent Mark Cycle
[2023-04-06T08:17:04.445+0000][72][gc,marking  ] GC(4) Concurrent Clear Claimed Marks
[2023-04-06T08:17:04.446+0000][72][gc,marking  ] GC(4) Concurrent Clear Claimed Marks 0.787ms
[2023-04-06T08:17:04.447+0000][72][gc,marking  ] GC(4) Concurrent Scan Root Regions
[2023-04-06T08:17:04.444+0000][72][safepoint   ] Safepoint "CollectForMetadataAllocation", Time since last: 413640498 ns, Reaching safepoint: 183338 ns, At safepoint: 27870872 ns, Total: 28054210 ns
[2023-04-06T08:17:04.453+0000][72][gc,marking  ] GC(4) Concurrent Scan Root Regions 6.033ms
[2023-04-06T08:17:04.453+0000][72][gc,marking  ] GC(4) Concurrent Mark
[2023-04-06T08:17:04.454+0000][72][gc,marking  ] GC(4) Concurrent Mark From Roots
[2023-04-06T08:17:04.455+0000][72][gc,task     ] GC(4) Using 1 workers of 1 for marking
[2023-04-06T08:17:04.457+0000][72][gc,marking  ] GC(4) Concurrent Mark From Roots 2.547ms
[2023-04-06T08:17:04.457+0000][72][gc,marking  ] GC(4) Concurrent Preclean
[2023-04-06T08:17:04.459+0000][72][gc,marking  ] GC(4) Concurrent Preclean 1.762ms
[2023-04-06T08:17:04.463+0000][72][gc,start    ] GC(4) Pause Remark
[2023-04-06T08:17:04.470+0000][72][gc          ] GC(4) Pause Remark 18M->18M(256M) 7.325ms
[2023-04-06T08:17:04.472+0000][72][gc,cpu      ] GC(4) User=0.01s Sys=0.01s Real=0.01s
[2023-04-06T08:17:04.473+0000][72][safepoint   ] Safepoint "G1PauseRemark", Time since last: 18359030 ns, Reaching safepoint: 298049 ns, At safepoint: 9600101 ns, Total: 9898150 ns
[2023-04-06T08:17:04.474+0000][72][gc,marking  ] GC(4) Concurrent Mark 20.378ms
[2023-04-06T08:17:04.476+0000][72][gc,marking  ] GC(4) Concurrent Rebuild Remembered Sets
[2023-04-06T08:17:04.481+0000][72][gc,marking  ] GC(4) Concurrent Rebuild Remembered Sets 4.912ms
[2023-04-06T08:17:04.482+0000][72][gc,start    ] GC(4) Pause Cleanup
[2023-04-06T08:17:04.484+0000][72][gc          ] GC(4) Pause Cleanup 18M->18M(256M) 1.561ms
[2023-04-06T08:17:04.485+0000][72][gc,cpu      ] GC(4) User=0.00s Sys=0.00s Real=0.01s
[2023-04-06T08:17:04.485+0000][72][safepoint   ] Safepoint "G1PauseCleanup", Time since last: 9607825 ns, Reaching safepoint: 219054 ns, At safepoint: 3115009 ns, Total: 3334063 ns
[2023-04-06T08:17:04.487+0000][72][gc,marking  ] GC(4) Concurrent Cleanup for Next Mark
[2023-04-06T08:17:04.488+0000][72][gc,marking  ] GC(4) Concurrent Cleanup for Next Mark 0.964ms
[2023-04-06T08:17:04.489+0000][72][gc          ] GC(4) Concurrent Mark Cycle 45.131ms
[2023-04-06T08:17:05.086+0000][72][safepoint   ] Safepoint "ICBufferFull", Time since last: 600725035 ns, Reaching safepoint: 255013 ns, At safepoint: 25925 ns, Total: 280938 ns
[2023-04-06T08:17:05.267+0000][72][gc,start    ] GC(5) Pause Young (Normal) (G1 Evacuation Pause)
[2023-04-06T08:17:05.268+0000][72][gc,task     ] GC(5) Using 4 workers of 4 for evacuation
[2023-04-06T08:17:05.268+0000][72][gc,age      ] GC(5) Desired survivor size 10485760 bytes, new threshold 15 (max threshold 15)
[2023-04-06T08:17:05.277+0000][72][gc,phases   ] GC(5)   Pre Evacuate Collection Set: 0.2ms
[2023-04-06T08:17:05.277+0000][72][gc,phases   ] GC(5)   Merge Heap Roots: 0.1ms
[2023-04-06T08:17:05.278+0000][72][gc,phases   ] GC(5)   Evacuate Collection Set: 5.3ms
[2023-04-06T08:17:05.279+0000][72][gc,phases   ] GC(5)   Post Evacuate Collection Set: 1.3ms
[2023-04-06T08:17:05.279+0000][72][gc,phases   ] GC(5)   Other: 2.2ms
[2023-04-06T08:17:05.280+0000][72][gc,age      ] GC(5) Age table with threshold 15 (max threshold 15)
[2023-04-06T08:17:05.281+0000][72][gc,age      ] GC(5) - age   1:    5127128 bytes,    5127128 total
[2023-04-06T08:17:05.282+0000][72][gc,age      ] GC(5) - age   2:     985904 bytes,    6113032 total
[2023-04-06T08:17:05.283+0000][72][gc,age      ] GC(5) - age   3:    4848792 bytes,   10961824 total
[2023-04-06T08:17:05.284+0000][72][gc,heap     ] GC(5) Eden regions: 36->0(35)
[2023-04-06T08:17:05.285+0000][72][gc,heap     ] GC(5) Survivor regions: 2->3(5)
[2023-04-06T08:17:05.286+0000][72][gc,heap     ] GC(5) Old regions: 2->2
[2023-04-06T08:17:05.286+0000][72][gc,heap     ] GC(5) Archive regions: 2->2
[2023-04-06T08:17:05.287+0000][72][gc,heap     ] GC(5) Humongous regions: 0->0
[2023-04-06T08:17:05.288+0000][72][gc,metaspace] GC(5) Metaspace: 25215K(25792K)->25215K(25792K) NonClass: 22320K(22656K)->22320K(22656K) Class: 2894K(3136K)->2894K(3136K)
[2023-04-06T08:17:05.289+0000][72][gc          ] GC(5) Pause Young (Normal) (G1 Evacuation Pause) 159M->19M(256M) 21.953ms
[2023-04-06T08:17:05.289+0000][72][gc,cpu      ] GC(5) User=0.03s Sys=0.00s Real=0.02s
[2023-04-06T08:17:05.290+0000][72][safepoint   ] Safepoint "G1CollectForAllocation", Time since last: 179901886 ns, Reaching safepoint: 205830 ns, At safepoint: 23363654 ns, Total: 23569484 ns
[2023-04-06T08:17:05.647+0000][72][gc,start    ] GC(6) Pause Young (Normal) (G1 Evacuation Pause)
[2023-04-06T08:17:05.648+0000][72][gc,task     ] GC(6) Using 4 workers of 4 for evacuation
[2023-04-06T08:17:05.649+0000][72][gc,age      ] GC(6) Desired survivor size 10485760 bytes, new threshold 3 (max threshold 15)
[2023-04-06T08:17:05.654+0000][72][gc,phases   ] GC(6)   Pre Evacuate Collection Set: 0.1ms
[2023-04-06T08:17:05.655+0000][72][gc,phases   ] GC(6)   Merge Heap Roots: 0.1ms
[2023-04-06T08:17:05.655+0000][72][gc,phases   ] GC(6)   Evacuate Collection Set: 3.9ms
[2023-04-06T08:17:05.656+0000][72][gc,phases   ] GC(6)   Post Evacuate Collection Set: 0.6ms
[2023-04-06T08:17:05.656+0000][72][gc,phases   ] GC(6)   Other: 1.2ms
[2023-04-06T08:17:05.657+0000][72][gc,age      ] GC(6) Age table with threshold 3 (max threshold 15)
[2023-04-06T08:17:05.657+0000][72][gc,age      ] GC(6) - age   1:    2919280 bytes,    2919280 total
[2023-04-06T08:17:05.657+0000][72][gc,age      ] GC(6) - age   2:    4168736 bytes,    7088016 total
[2023-04-06T08:17:05.658+0000][72][gc,age      ] GC(6) - age   3:     985872 bytes,    8073888 total
[2023-04-06T08:17:05.658+0000][72][gc,heap     ] GC(6) Eden regions: 35->0(35)
[2023-04-06T08:17:05.659+0000][72][gc,heap     ] GC(6) Survivor regions: 3->3(5)
[2023-04-06T08:17:05.659+0000][72][gc,heap     ] GC(6) Old regions: 2->3
[2023-04-06T08:17:05.661+0000][72][gc,heap     ] GC(6) Archive regions: 2->2
[2023-04-06T08:17:05.661+0000][72][gc,heap     ] GC(6) Humongous regions: 0->0
[2023-04-06T08:17:05.662+0000][72][gc,metaspace] GC(6) Metaspace: 25628K(26240K)->25628K(26240K) NonClass: 22695K(23040K)->22695K(23040K) Class: 2932K(3200K)->2932K(3200K)
[2023-04-06T08:17:05.662+0000][72][gc          ] GC(6) Pause Young (Normal) (G1 Evacuation Pause) 159M->22M(256M) 15.175ms
[2023-04-06T08:17:05.663+0000][72][gc,cpu      ] GC(6) User=0.02s Sys=0.00s Real=0.01s
[2023-04-06T08:17:05.663+0000][72][safepoint   ] Safepoint "G1CollectForAllocation", Time since last: 357044636 ns, Reaching safepoint: 143287 ns, At safepoint: 16319031 ns, Total: 16462318 ns
[2023-04-06T08:17:05.955+0000][72][gc,start    ] GC(7) Pause Young (Normal) (G1 Evacuation Pause)
[2023-04-06T08:17:05.956+0000][72][gc,task     ] GC(7) Using 4 workers of 4 for evacuation
[2023-04-06T08:17:05.957+0000][72][gc,age      ] GC(7) Desired survivor size 10485760 bytes, new threshold 15 (max threshold 15)
[2023-04-06T08:17:05.961+0000][72][gc,phases   ] GC(7)   Pre Evacuate Collection Set: 0.1ms
[2023-04-06T08:17:05.961+0000][72][gc,phases   ] GC(7)   Merge Heap Roots: 0.1ms
[2023-04-06T08:17:05.962+0000][72][gc,phases   ] GC(7)   Evacuate Collection Set: 2.0ms
[2023-04-06T08:17:05.963+0000][72][gc,phases   ] GC(7)   Post Evacuate Collection Set: 0.6ms
[2023-04-06T08:17:05.964+0000][72][gc,phases   ] GC(7)   Other: 1.5ms
[2023-04-06T08:17:05.964+0000][72][gc,age      ] GC(7) Age table with threshold 15 (max threshold 15)
[2023-04-06T08:17:05.965+0000][72][gc,age      ] GC(7) - age   1:     426472 bytes,     426472 total
[2023-04-06T08:17:05.965+0000][72][gc,age      ] GC(7) - age   2:    2431128 bytes,    2857600 total
[2023-04-06T08:17:05.966+0000][72][gc,age      ] GC(7) - age   3:    4168592 bytes,    7026192 total
[2023-04-06T08:17:05.966+0000][72][gc,age      ] GC(7) - age   4:     985872 bytes,    8012064 total
[2023-04-06T08:17:05.967+0000][72][gc,heap     ] GC(7) Eden regions: 35->0(36)
[2023-04-06T08:17:05.967+0000][72][gc,heap     ] GC(7) Survivor regions: 3->2(5)
[2023-04-06T08:17:05.968+0000][72][gc,heap     ] GC(7) Old regions: 3->3
[2023-04-06T08:17:05.968+0000][72][gc,heap     ] GC(7) Archive regions: 2->2
[2023-04-06T08:17:05.969+0000][72][gc,heap     ] GC(7) Humongous regions: 0->0
[2023-04-06T08:17:05.969+0000][72][gc,metaspace] GC(7) Metaspace: 26109K(26688K)->26109K(26688K) NonClass: 23111K(23424K)->23111K(23424K) Class: 2997K(3264K)->2997K(3264K)
[2023-04-06T08:17:05.970+0000][72][gc          ] GC(7) Pause Young (Normal) (G1 Evacuation Pause) 162M->21M(256M) 15.197ms
[2023-04-06T08:17:05.971+0000][72][gc,cpu      ] GC(7) User=0.00s Sys=0.00s Real=0.01s
[2023-04-06T08:17:05.972+0000][72][safepoint   ] Safepoint "G1CollectForAllocation", Time since last: 291348665 ns, Reaching safepoint: 231599 ns, At safepoint: 17207799 ns, Total: 17439398 ns
[2023-04-06T08:17:06.641+0000][72][safepoint   ] Safepoint "ICBufferFull", Time since last: 668400847 ns, Reaching safepoint: 283053 ns, At safepoint: 27799 ns, Total: 310852 ns
[2023-04-06T08:17:06.782+0000][72][gc,start    ] GC(8) Pause Young (Normal) (G1 Evacuation Pause)
[2023-04-06T08:17:06.783+0000][72][gc,task     ] GC(8) Using 4 workers of 4 for evacuation
[2023-04-06T08:17:06.784+0000][72][gc,age      ] GC(8) Desired survivor size 10485760 bytes, new threshold 15 (max threshold 15)
[2023-04-06T08:17:06.790+0000][72][gc,phases   ] GC(8)   Pre Evacuate Collection Set: 0.3ms
[2023-04-06T08:17:06.791+0000][72][gc,phases   ] GC(8)   Merge Heap Roots: 0.1ms
[2023-04-06T08:17:06.792+0000][72][gc,phases   ] GC(8)   Evacuate Collection Set: 4.3ms
[2023-04-06T08:17:06.792+0000][72][gc,phases   ] GC(8)   Post Evacuate Collection Set: 0.6ms
[2023-04-06T08:17:06.793+0000][72][gc,phases   ] GC(8)   Other: 1.9ms
[2023-04-06T08:17:06.794+0000][72][gc,age      ] GC(8) Age table with threshold 15 (max threshold 15)
[2023-04-06T08:17:06.795+0000][72][gc,age      ] GC(8) - age   1:    3966408 bytes,    3966408 total
[2023-04-06T08:17:06.795+0000][72][gc,age      ] GC(8) - age   2:     375720 bytes,    4342128 total
[2023-04-06T08:17:06.796+0000][72][gc,age      ] GC(8) - age   3:    2431128 bytes,    6773256 total
[2023-04-06T08:17:06.797+0000][72][gc,age      ] GC(8) - age   4:    4163536 bytes,   10936792 total
[2023-04-06T08:17:06.797+0000][72][gc,age      ] GC(8) - age   5:     984960 bytes,   11921752 total
[2023-04-06T08:17:06.798+0000][72][gc,heap     ] GC(8) Eden regions: 36->0(35)
[2023-04-06T08:17:06.799+0000][72][gc,heap     ] GC(8) Survivor regions: 2->3(5)
[2023-04-06T08:17:06.799+0000][72][gc,heap     ] GC(8) Old regions: 3->3
[2023-04-06T08:17:06.800+0000][72][gc,heap     ] GC(8) Archive regions: 2->2
[2023-04-06T08:17:06.800+0000][72][gc,heap     ] GC(8) Humongous regions: 0->0
[2023-04-06T08:17:06.801+0000][72][gc,metaspace] GC(8) Metaspace: 32153K(32896K)->32153K(32896K) NonClass: 28499K(28928K)->28499K(28928K) Class: 3654K(3968K)->3654K(3968K)
[2023-04-06T08:17:06.801+0000][72][gc          ] GC(8) Pause Young (Normal) (G1 Evacuation Pause) 165M->25M(256M) 19.370ms
[2023-04-06T08:17:06.802+0000][72][gc,cpu      ] GC(8) User=0.02s Sys=0.00s Real=0.02s
[2023-04-06T08:17:06.803+0000][72][safepoint   ] Safepoint "G1CollectForAllocation", Time since last: 140825263 ns, Reaching safepoint: 271528 ns, At safepoint: 20801114 ns, Total: 21072642 ns
[2023-04-06T08:17:07.033+0000][72][gc,start    ] GC(9) Pause Young (Normal) (G1 Evacuation Pause)
[2023-04-06T08:17:07.033+0000][72][gc,task     ] GC(9) Using 4 workers of 4 for evacuation
[2023-04-06T08:17:07.034+0000][72][gc,age      ] GC(9) Desired survivor size 10485760 bytes, new threshold 4 (max threshold 15)
[2023-04-06T08:17:07.041+0000][72][gc,phases   ] GC(9)   Pre Evacuate Collection Set: 0.2ms
[2023-04-06T08:17:07.041+0000][72][gc,phases   ] GC(9)   Merge Heap Roots: 0.1ms
[2023-04-06T08:17:07.042+0000][72][gc,phases   ] GC(9)   Evacuate Collection Set: 4.4ms
[2023-04-06T08:17:07.043+0000][72][gc,phases   ] GC(9)   Post Evacuate Collection Set: 0.6ms
[2023-04-06T08:17:07.043+0000][72][gc,phases   ] GC(9)   Other: 1.9ms
[2023-04-06T08:17:07.044+0000][72][gc,age      ] GC(9) Age table with threshold 4 (max threshold 15)
[2023-04-06T08:17:07.045+0000][72][gc,age      ] GC(9) - age   1:    3461952 bytes,    3461952 total
[2023-04-06T08:17:07.045+0000][72][gc,age      ] GC(9) - age   2:    3322320 bytes,    6784272 total
[2023-04-06T08:17:07.046+0000][72][gc,age      ] GC(9) - age   3:     375720 bytes,    7159992 total
[2023-04-06T08:17:07.047+0000][72][gc,age      ] GC(9) - age   4:    2431096 bytes,    9591088 total
[2023-04-06T08:17:07.047+0000][72][gc,heap     ] GC(9) Eden regions: 35->0(35)
[2023-04-06T08:17:07.048+0000][72][gc,heap     ] GC(9) Survivor regions: 3->3(5)
[2023-04-06T08:17:07.048+0000][72][gc,heap     ] GC(9) Old regions: 3->4
[2023-04-06T08:17:07.048+0000][72][gc,heap     ] GC(9) Archive regions: 2->2
[2023-04-06T08:17:07.049+0000][72][gc,heap     ] GC(9) Humongous regions: 0->0
[2023-04-06T08:17:07.050+0000][72][gc,metaspace] GC(9) Metaspace: 32265K(33024K)->32265K(33024K) NonClass: 28590K(28992K)->28590K(28992K) Class: 3675K(4032K)->3675K(4032K)
[2023-04-06T08:17:07.050+0000][72][gc          ] GC(9) Pause Young (Normal) (G1 Evacuation Pause) 165M->28M(256M) 17.472ms
[2023-04-06T08:17:07.051+0000][72][gc,cpu      ] GC(9) User=0.02s Sys=0.00s Real=0.02s
[2023-04-06T08:17:07.052+0000][72][safepoint   ] Safepoint "G1CollectForAllocation", Time since last: 229678584 ns, Reaching safepoint: 99589 ns, At safepoint: 19503848 ns, Total: 19603437 ns
[2023-04-06T08:17:07.629+0000][72][gc,start    ] GC(10) Pause Young (Normal) (G1 Evacuation Pause)
[2023-04-06T08:17:07.630+0000][72][gc,task     ] GC(10) Using 4 workers of 4 for evacuation
[2023-04-06T08:17:07.631+0000][72][gc,age      ] GC(10) Desired survivor size 10485760 bytes, new threshold 15 (max threshold 15)
[2023-04-06T08:17:07.640+0000][72][gc,phases   ] GC(10)   Pre Evacuate Collection Set: 0.1ms
[2023-04-06T08:17:07.642+0000][72][gc,phases   ] GC(10)   Merge Heap Roots: 0.1ms
[2023-04-06T08:17:07.643+0000][72][gc,phases   ] GC(10)   Evacuate Collection Set: 6.3ms
[2023-04-06T08:17:07.645+0000][72][gc,phases   ] GC(10)   Post Evacuate Collection Set: 1.2ms
[2023-04-06T08:17:07.646+0000][72][gc,phases   ] GC(10)   Other: 2.5ms
[2023-04-06T08:17:07.647+0000][72][gc,age      ] GC(10) Age table with threshold 15 (max threshold 15)
[2023-04-06T08:17:07.648+0000][72][gc,age      ] GC(10) - age   1:    4485920 bytes,    4485920 total
[2023-04-06T08:17:07.649+0000][72][gc,age      ] GC(10) - age   2:    1417248 bytes,    5903168 total
[2023-04-06T08:17:07.650+0000][72][gc,age      ] GC(10) - age   3:    3322288 bytes,    9225456 total
[2023-04-06T08:17:07.650+0000][72][gc,age      ] GC(10) - age   4:     375072 bytes,    9600528 total
[2023-04-06T08:17:07.652+0000][72][gc,age      ] GC(10) - age   5:    2430488 bytes,   12031016 total
[2023-04-06T08:17:07.653+0000][72][gc,heap     ] GC(10) Eden regions: 35->0(34)
[2023-04-06T08:17:07.653+0000][72][gc,heap     ] GC(10) Survivor regions: 3->4(5)
[2023-04-06T08:17:07.654+0000][72][gc,heap     ] GC(10) Old regions: 4->4
[2023-04-06T08:17:07.655+0000][72][gc,heap     ] GC(10) Archive regions: 2->2
[2023-04-06T08:17:07.655+0000][72][gc,heap     ] GC(10) Humongous regions: 0->0
[2023-04-06T08:17:07.656+0000][72][gc,metaspace] GC(10) Metaspace: 33693K(34496K)->33693K(34496K) NonClass: 29844K(30272K)->29844K(30272K) Class: 3848K(4224K)->3848K(4224K)
[2023-04-06T08:17:07.657+0000][72][gc          ] GC(10) Pause Young (Normal) (G1 Evacuation Pause) 168M->30M(256M) 28.661ms
[2023-04-06T08:17:07.658+0000][72][gc,cpu      ] GC(10) User=0.03s Sys=0.00s Real=0.03s
[2023-04-06T08:17:07.659+0000][72][safepoint   ] Safepoint "G1CollectForAllocation", Time since last: 576147407 ns, Reaching safepoint: 316457 ns, At safepoint: 30591086 ns, Total: 30907543 ns
[2023-04-06T08:17:08.060+0000][72][gc,start    ] GC(11) Pause Young (Normal) (G1 Evacuation Pause)
[2023-04-06T08:17:08.061+0000][72][gc,task     ] GC(11) Using 4 workers of 4 for evacuation
[2023-04-06T08:17:08.061+0000][72][gc,age      ] GC(11) Desired survivor size 10485760 bytes, new threshold 5 (max threshold 15)
[2023-04-06T08:17:08.067+0000][72][gc,phases   ] GC(11)   Pre Evacuate Collection Set: 0.2ms
[2023-04-06T08:17:08.068+0000][72][gc,phases   ] GC(11)   Merge Heap Roots: 0.1ms
[2023-04-06T08:17:08.069+0000][72][gc,phases   ] GC(11)   Evacuate Collection Set: 4.3ms
[2023-04-06T08:17:08.069+0000][72][gc,phases   ] GC(11)   Post Evacuate Collection Set: 0.7ms
[2023-04-06T08:17:08.069+0000][72][gc,phases   ] GC(11)   Other: 1.2ms
[2023-04-06T08:17:08.070+0000][72][gc,age      ] GC(11) Age table with threshold 5 (max threshold 15)
[2023-04-06T08:17:08.070+0000][72][gc,age      ] GC(11) - age   1:    3201136 bytes,    3201136 total
[2023-04-06T08:17:08.071+0000][72][gc,age      ] GC(11) - age   2:    3124736 bytes,    6325872 total
[2023-04-06T08:17:08.071+0000][72][gc,age      ] GC(11) - age   3:    1417216 bytes,    7743088 total
[2023-04-06T08:17:08.073+0000][72][gc,age      ] GC(11) - age   4:    3322288 bytes,   11065376 total
[2023-04-06T08:17:08.074+0000][72][gc,age      ] GC(11) - age   5:     375072 bytes,   11440448 total
[2023-04-06T08:17:08.076+0000][72][gc,heap     ] GC(11) Eden regions: 34->0(35)
[2023-04-06T08:17:08.077+0000][72][gc,heap     ] GC(11) Survivor regions: 4->3(5)
[2023-04-06T08:17:08.078+0000][72][gc,heap     ] GC(11) Old regions: 4->5
[2023-04-06T08:17:08.079+0000][72][gc,heap     ] GC(11) Archive regions: 2->2
[2023-04-06T08:17:08.080+0000][72][gc,heap     ] GC(11) Humongous regions: 0->0
[2023-04-06T08:17:08.081+0000][72][gc,metaspace] GC(11) Metaspace: 34149K(35008K)->34149K(35008K) NonClass: 30235K(30720K)->30235K(30720K) Class: 3914K(4288K)->3914K(4288K)
[2023-04-06T08:17:08.082+0000][72][gc          ] GC(11) Pause Young (Normal) (G1 Evacuation Pause) 166M->33M(256M) 21.787ms
[2023-04-06T08:17:08.083+0000][72][gc,cpu      ] GC(11) User=0.01s Sys=0.01s Real=0.02s
[2023-04-06T08:17:08.084+0000][72][safepoint   ] Safepoint "G1CollectForAllocation", Time since last: 400545925 ns, Reaching safepoint: 301588 ns, At safepoint: 23465236 ns, Total: 23766824 ns
[2023-04-06T08:17:08.393+0000][72][gc,start    ] GC(12) Pause Young (Normal) (G1 Evacuation Pause)
[2023-04-06T08:17:08.394+0000][72][gc,task     ] GC(12) Using 4 workers of 4 for evacuation
[2023-04-06T08:17:08.394+0000][72][gc,age      ] GC(12) Desired survivor size 10485760 bytes, new threshold 4 (max threshold 15)
[2023-04-06T08:17:08.403+0000][72][gc,phases   ] GC(12)   Pre Evacuate Collection Set: 2.8ms
[2023-04-06T08:17:08.404+0000][72][gc,phases   ] GC(12)   Merge Heap Roots: 0.2ms
[2023-04-06T08:17:08.404+0000][72][gc,phases   ] GC(12)   Evacuate Collection Set: 3.0ms
[2023-04-06T08:17:08.405+0000][72][gc,phases   ] GC(12)   Post Evacuate Collection Set: 1.2ms
[2023-04-06T08:17:08.406+0000][72][gc,phases   ] GC(12)   Other: 1.4ms
[2023-04-06T08:17:08.406+0000][72][gc,age      ] GC(12) Age table with threshold 4 (max threshold 15)
[2023-04-06T08:17:08.407+0000][72][gc,age      ] GC(12) - age   1:    1466712 bytes,    1466712 total
[2023-04-06T08:17:08.407+0000][72][gc,age      ] GC(12) - age   2:    2367480 bytes,    3834192 total
[2023-04-06T08:17:08.408+0000][72][gc,age      ] GC(12) - age   3:    3124616 bytes,    6958808 total
[2023-04-06T08:17:08.408+0000][72][gc,age      ] GC(12) - age   4:    1417216 bytes,    8376024 total
[2023-04-06T08:17:08.409+0000][72][gc,heap     ] GC(12) Eden regions: 35->0(35)
[2023-04-06T08:17:08.410+0000][72][gc,heap     ] GC(12) Survivor regions: 3->3(5)
[2023-04-06T08:17:08.411+0000][72][gc,heap     ] GC(12) Old regions: 5->6
[2023-04-06T08:17:08.412+0000][72][gc,heap     ] GC(12) Archive regions: 2->2
[2023-04-06T08:17:08.413+0000][72][gc,heap     ] GC(12) Humongous regions: 0->0
[2023-04-06T08:17:08.413+0000][72][gc,metaspace] GC(12) Metaspace: 34568K(35392K)->34568K(35392K) NonClass: 30606K(31040K)->30606K(31040K) Class: 3962K(4352K)->3962K(4352K)
[2023-04-06T08:17:08.414+0000][72][gc          ] GC(12) Pause Young (Normal) (G1 Evacuation Pause) 173M->33M(256M) 20.714ms
[2023-04-06T08:17:08.415+0000][72][gc,cpu      ] GC(12) User=0.03s Sys=0.00s Real=0.03s
[2023-04-06T08:17:08.415+0000][72][safepoint   ] Safepoint "G1CollectForAllocation", Time since last: 309522783 ns, Reaching safepoint: 184196 ns, At safepoint: 21975700 ns, Total: 22159896 ns
[2023-04-06T08:17:08.581+0000][72][gc,start    ] GC(13) Pause Young (Concurrent Start) (Metadata GC Threshold)
[2023-04-06T08:17:08.582+0000][72][gc,task     ] GC(13) Using 4 workers of 4 for evacuation
[2023-04-06T08:17:08.583+0000][72][gc,age      ] GC(13) Desired survivor size 10485760 bytes, new threshold 15 (max threshold 15)
[2023-04-06T08:17:08.600+0000][72][gc,phases   ] GC(13)   Pre Evacuate Collection Set: 0.3ms
[2023-04-06T08:17:08.602+0000][72][gc,phases   ] GC(13)   Merge Heap Roots: 0.2ms
[2023-04-06T08:17:08.603+0000][72][gc,phases   ] GC(13)   Evacuate Collection Set: 6.1ms
[2023-04-06T08:17:08.604+0000][72][gc,phases   ] GC(13)   Post Evacuate Collection Set: 7.4ms
[2023-04-06T08:17:08.606+0000][72][gc,phases   ] GC(13)   Other: 3.3ms
[2023-04-06T08:17:08.608+0000][72][gc,age      ] GC(13) Age table with threshold 15 (max threshold 15)
[2023-04-06T08:17:08.609+0000][72][gc,age      ] GC(13) - age   1:     422880 bytes,     422880 total
[2023-04-06T08:17:08.611+0000][72][gc,age      ] GC(13) - age   2:     718296 bytes,    1141176 total
[2023-04-06T08:17:08.612+0000][72][gc,age      ] GC(13) - age   3:    2367344 bytes,    3508520 total
[2023-04-06T08:17:08.613+0000][72][gc,age      ] GC(13) - age   4:    3124424 bytes,    6632944 total
[2023-04-06T08:17:08.614+0000][72][gc,age      ] GC(13) - age   5:    1417112 bytes,    8050056 total
[2023-04-06T08:17:08.615+0000][72][gc,heap     ] GC(13) Eden regions: 4->0(35)
[2023-04-06T08:17:08.616+0000][72][gc,heap     ] GC(13) Survivor regions: 3->3(5)
[2023-04-06T08:17:08.616+0000][72][gc,heap     ] GC(13) Old regions: 6->6
[2023-04-06T08:17:08.617+0000][72][gc,heap     ] GC(13) Archive regions: 2->2
[2023-04-06T08:17:08.619+0000][72][gc,heap     ] GC(13) Humongous regions: 0->0
[2023-04-06T08:17:08.619+0000][72][gc,metaspace] GC(13) Metaspace: 35226K(36096K)->35226K(36096K) NonClass: 31196K(31680K)->31196K(31680K) Class: 4029K(4416K)->4029K(4416K)
[2023-04-06T08:17:08.621+0000][72][gc          ] GC(13) Pause Young (Concurrent Start) (Metadata GC Threshold) 49M->33M(256M) 40.412ms
[2023-04-06T08:17:08.623+0000][72][gc,cpu      ] GC(13) User=0.04s Sys=0.00s Real=0.04s
[2023-04-06T08:17:08.623+0000][72][gc          ] GC(14) Concurrent Mark Cycle
[2023-04-06T08:17:08.624+0000][72][safepoint   ] Safepoint "CollectForMetadataAllocation", Time since last: 162747815 ns, Reaching safepoint: 2929777 ns, At safepoint: 43026452 ns, Total: 45956229 ns
[2023-04-06T08:17:08.625+0000][72][gc,marking  ] GC(14) Concurrent Clear Claimed Marks
[2023-04-06T08:17:08.627+0000][72][gc,marking  ] GC(14) Concurrent Clear Claimed Marks 2.438ms
[2023-04-06T08:17:08.628+0000][72][gc,marking  ] GC(14) Concurrent Scan Root Regions
[2023-04-06T08:17:08.634+0000][72][gc,marking  ] GC(14) Concurrent Scan Root Regions 5.326ms
[2023-04-06T08:17:08.635+0000][72][gc,marking  ] GC(14) Concurrent Mark
[2023-04-06T08:17:08.636+0000][72][gc,marking  ] GC(14) Concurrent Mark From Roots
[2023-04-06T08:17:08.637+0000][72][gc,task     ] GC(14) Using 1 workers of 1 for marking
[2023-04-06T08:17:08.667+0000][72][gc,marking  ] GC(14) Concurrent Mark From Roots 31.156ms
[2023-04-06T08:17:08.668+0000][72][gc,marking  ] GC(14) Concurrent Preclean
[2023-04-06T08:17:08.669+0000][72][gc,marking  ] GC(14) Concurrent Preclean 0.784ms
[2023-04-06T08:17:08.670+0000][72][gc,start    ] GC(14) Pause Remark
[2023-04-06T08:17:08.678+0000][72][gc          ] GC(14) Pause Remark 35M->35M(256M) 7.577ms
[2023-04-06T08:17:08.679+0000][72][gc,cpu      ] GC(14) User=0.02s Sys=0.01s Real=0.01s
[2023-04-06T08:17:08.680+0000][72][safepoint   ] Safepoint "G1PauseRemark", Time since last: 46280699 ns, Reaching safepoint: 269260 ns, At safepoint: 9754047 ns, Total: 10023307 ns
[2023-04-06T08:17:08.681+0000][72][gc,marking  ] GC(14) Concurrent Mark 46.473ms
[2023-04-06T08:17:08.682+0000][72][gc,marking  ] GC(14) Concurrent Rebuild Remembered Sets
[2023-04-06T08:17:08.700+0000][72][gc,marking  ] GC(14) Concurrent Rebuild Remembered Sets 17.525ms
[2023-04-06T08:17:08.705+0000][72][gc,start    ] GC(14) Pause Cleanup
[2023-04-06T08:17:08.706+0000][72][gc          ] GC(14) Pause Cleanup 35M->35M(256M) 1.268ms
[2023-04-06T08:17:08.707+0000][72][gc,cpu      ] GC(14) User=0.00s Sys=0.00s Real=0.00s
[2023-04-06T08:17:08.707+0000][72][safepoint   ] Safepoint "G1PauseCleanup", Time since last: 21064658 ns, Reaching safepoint: 3373355 ns, At safepoint: 2709572 ns, Total: 6082927 ns
[2023-04-06T08:17:08.709+0000][72][gc,marking  ] GC(14) Concurrent Cleanup for Next Mark
[2023-04-06T08:17:08.712+0000][72][gc,marking  ] GC(14) Concurrent Cleanup for Next Mark 3.524ms
[2023-04-06T08:17:08.713+0000][72][gc          ] GC(14) Concurrent Mark Cycle 90.221ms
[2023-04-06T08:17:10.260+0000][72][safepoint   ] Safepoint "ICBufferFull", Time since last: 1552184992 ns, Reaching safepoint: 262210 ns, At safepoint: 4886 ns, Total: 267096 ns
[2023-04-06T08:17:10.679+0000][72][safepoint   ] Safepoint "ICBufferFull", Time since last: 418613594 ns, Reaching safepoint: 391457 ns, At safepoint: 34977 ns, Total: 426434 ns
[2023-04-06T08:17:10.821+0000][72][gc,start    ] GC(15) Pause Young (Normal) (G1 Evacuation Pause)
[2023-04-06T08:17:10.822+0000][72][gc,task     ] GC(15) Using 4 workers of 4 for evacuation
[2023-04-06T08:17:10.823+0000][72][gc,age      ] GC(15) Desired survivor size 10485760 bytes, new threshold 15 (max threshold 15)
[2023-04-06T08:17:10.849+0000][72][gc,phases   ] GC(15)   Pre Evacuate Collection Set: 0.1ms
[2023-04-06T08:17:10.850+0000][72][gc,phases   ] GC(15)   Merge Heap Roots: 0.1ms
[2023-04-06T08:17:10.851+0000][72][gc,phases   ] GC(15)   Evacuate Collection Set: 18.7ms
[2023-04-06T08:17:10.851+0000][72][gc,phases   ] GC(15)   Post Evacuate Collection Set: 5.6ms
[2023-04-06T08:17:10.852+0000][72][gc,phases   ] GC(15)   Other: 2.3ms
[2023-04-06T08:17:10.853+0000][72][gc,age      ] GC(15) Age table with threshold 15 (max threshold 15)
[2023-04-06T08:17:10.854+0000][72][gc,age      ] GC(15) - age   1:   10622544 bytes,   10622544 total
[2023-04-06T08:17:10.855+0000][72][gc,age      ] GC(15) - age   2:     393640 bytes,   11016184 total
[2023-04-06T08:17:10.856+0000][72][gc,age      ] GC(15) - age   3:     711008 bytes,   11727192 total
[2023-04-06T08:17:10.856+0000][72][gc,age      ] GC(15) - age   4:    2360264 bytes,   14087456 total
[2023-04-06T08:17:10.857+0000][72][gc,age      ] GC(15) - age   5:    3105424 bytes,   17192880 total
[2023-04-06T08:17:10.857+0000][72][gc,age      ] GC(15) - age   6:    1409384 bytes,   18602264 total
[2023-04-06T08:17:10.858+0000][72][gc,heap     ] GC(15) Eden regions: 35->0(33)
[2023-04-06T08:17:10.859+0000][72][gc,heap     ] GC(15) Survivor regions: 3->5(5)
[2023-04-06T08:17:10.860+0000][72][gc,heap     ] GC(15) Old regions: 6->6
[2023-04-06T08:17:10.860+0000][72][gc,heap     ] GC(15) Archive regions: 2->2
[2023-04-06T08:17:10.861+0000][72][gc,heap     ] GC(15) Humongous regions: 0->0
[2023-04-06T08:17:10.862+0000][72][gc,metaspace] GC(15) Metaspace: 44071K(45312K)->44071K(45312K) NonClass: 38828K(39488K)->38828K(39488K) Class: 5243K(5824K)->5243K(5824K)
[2023-04-06T08:17:10.862+0000][72][gc          ] GC(15) Pause Young (Normal) (G1 Evacuation Pause) 173M->43M(256M) 41.018ms
[2023-04-06T08:17:10.863+0000][72][gc,cpu      ] GC(15) User=0.09s Sys=0.01s Real=0.04s
[2023-04-06T08:17:10.864+0000][72][safepoint   ] Safepoint "G1CollectForAllocation", Time since last: 142365790 ns, Reaching safepoint: 79952 ns, At safepoint: 42472621 ns, Total: 42552573 ns
[2023-04-06T08:17:11.743+0000][72][gc,start    ] GC(16) Pause Young (Normal) (G1 Evacuation Pause)
[2023-04-06T08:17:11.753+0000][72][gc,task     ] GC(16) Using 4 workers of 4 for evacuation
[2023-04-06T08:17:11.754+0000][72][gc,age      ] GC(16) Desired survivor size 10485760 bytes, new threshold 1 (max threshold 15)
[2023-04-06T08:17:11.788+0000][72][gc,phases   ] GC(16)   Pre Evacuate Collection Set: 0.3ms
[2023-04-06T08:17:11.790+0000][72][gc,phases   ] GC(16)   Merge Heap Roots: 0.1ms
[2023-04-06T08:17:11.791+0000][72][gc,phases   ] GC(16)   Evacuate Collection Set: 31.9ms
[2023-04-06T08:17:11.792+0000][72][gc,phases   ] GC(16)   Post Evacuate Collection Set: 0.9ms
[2023-04-06T08:17:11.793+0000][72][gc,phases   ] GC(16)   Other: 2.0ms
[2023-04-06T08:17:11.795+0000][72][gc,age      ] GC(16) Age table with threshold 1 (max threshold 15)
[2023-04-06T08:17:11.796+0000][72][gc,age      ] GC(16) - age   1:    7676760 bytes,    7676760 total
[2023-04-06T08:17:11.797+0000][72][gc,heap     ] GC(16) Eden regions: 33->0(34)
[2023-04-06T08:17:11.798+0000][72][gc,heap     ] GC(16) Survivor regions: 5->3(5)
[2023-04-06T08:17:11.799+0000][72][gc,heap     ] GC(16) Old regions: 6->10
[2023-04-06T08:17:11.800+0000][72][gc,heap     ] GC(16) Archive regions: 2->2
[2023-04-06T08:17:11.801+0000][72][gc,heap     ] GC(16) Humongous regions: 0->0
[2023-04-06T08:17:11.802+0000][72][gc,metaspace] GC(16) Metaspace: 44131K(45440K)->44131K(45440K) NonClass: 38878K(39616K)->38878K(39616K) Class: 5252K(5824K)->5252K(5824K)
[2023-04-06T08:17:11.803+0000][72][gc          ] GC(16) Pause Young (Normal) (G1 Evacuation Pause) 175M->51M(256M) 60.550ms
[2023-04-06T08:17:11.804+0000][72][gc,cpu      ] GC(16) User=0.12s Sys=0.00s Real=0.07s
[2023-04-06T08:17:11.806+0000][72][safepoint   ] Safepoint "G1CollectForAllocation", Time since last: 878459513 ns, Reaching safepoint: 521297 ns, At safepoint: 62764351 ns, Total: 63285648 ns
[2023-04-06T08:17:12.643+0000][72][safepoint   ] Safepoint "ICBufferFull", Time since last: 837210704 ns, Reaching safepoint: 193914 ns, At safepoint: 3504 ns, Total: 197418 ns
[2023-04-06T08:17:13.804+0000][72][gc,start    ] GC(17) Pause Young (Normal) (G1 Evacuation Pause)
[2023-04-06T08:17:13.805+0000][72][gc,task     ] GC(17) Using 4 workers of 4 for evacuation
[2023-04-06T08:17:13.806+0000][72][gc,age      ] GC(17) Desired survivor size 10485760 bytes, new threshold 15 (max threshold 15)
[2023-04-06T08:17:13.826+0000][72][gc,phases   ] GC(17)   Pre Evacuate Collection Set: 0.2ms
[2023-04-06T08:17:13.827+0000][72][gc,phases   ] GC(17)   Merge Heap Roots: 0.1ms
[2023-04-06T08:17:13.828+0000][72][gc,phases   ] GC(17)   Evacuate Collection Set: 18.4ms
[2023-04-06T08:17:13.829+0000][72][gc,phases   ] GC(17)   Post Evacuate Collection Set: 0.6ms
[2023-04-06T08:17:13.830+0000][72][gc,phases   ] GC(17)   Other: 1.6ms
[2023-04-06T08:17:13.831+0000][72][gc,age      ] GC(17) Age table with threshold 15 (max threshold 15)
[2023-04-06T08:17:13.832+0000][72][gc,age      ] GC(17) - age   1:    5038384 bytes,    5038384 total
[2023-04-06T08:17:13.832+0000][72][gc,age      ] GC(17) - age   2:    7239608 bytes,   12277992 total
[2023-04-06T08:17:13.833+0000][72][gc,heap     ] GC(17) Eden regions: 34->0(33)
[2023-04-06T08:17:13.834+0000][72][gc,heap     ] GC(17) Survivor regions: 3->4(5)
[2023-04-06T08:17:13.835+0000][72][gc,heap     ] GC(17) Old regions: 10->10
[2023-04-06T08:17:13.836+0000][72][gc,heap     ] GC(17) Archive regions: 2->2
[2023-04-06T08:17:13.837+0000][72][gc,heap     ] GC(17) Humongous regions: 0->0
[2023-04-06T08:17:13.838+0000][72][gc,metaspace] GC(17) Metaspace: 52063K(53376K)->52063K(53376K) NonClass: 45762K(46528K)->45762K(46528K) Class: 6301K(6848K)->6301K(6848K)
[2023-04-06T08:17:13.838+0000][72][gc          ] GC(17) Pause Young (Normal) (G1 Evacuation Pause) 187M->54M(256M) 34.386ms
[2023-04-06T08:17:13.839+0000][72][gc,cpu      ] GC(17) User=0.04s Sys=0.01s Real=0.04s
[2023-04-06T08:17:13.840+0000][72][safepoint   ] Safepoint "G1CollectForAllocation", Time since last: 1161031755 ns, Reaching safepoint: 119858 ns, At safepoint: 36152728 ns, Total: 36272586 ns
[2023-04-06T08:17:14.588+0000][72][gc,start    ] GC(18) Pause Young (Concurrent Start) (Metadata GC Threshold)
[2023-04-06T08:17:14.589+0000][72][gc,task     ] GC(18) Using 4 workers of 4 for evacuation
[2023-04-06T08:17:14.590+0000][72][gc,age      ] GC(18) Desired survivor size 10485760 bytes, new threshold 2 (max threshold 15)
[2023-04-06T08:17:14.607+0000][72][gc,phases   ] GC(18)   Pre Evacuate Collection Set: 0.2ms
[2023-04-06T08:17:14.607+0000][72][gc,phases   ] GC(18)   Merge Heap Roots: 0.1ms
[2023-04-06T08:17:14.608+0000][72][gc,phases   ] GC(18)   Evacuate Collection Set: 9.4ms
[2023-04-06T08:17:14.608+0000][72][gc,phases   ] GC(18)   Post Evacuate Collection Set: 6.6ms
[2023-04-06T08:17:14.609+0000][72][gc,phases   ] GC(18)   Other: 1.3ms
[2023-04-06T08:17:14.610+0000][72][gc,age      ] GC(18) Age table with threshold 2 (max threshold 15)
[2023-04-06T08:17:14.610+0000][72][gc,age      ] GC(18) - age   1:    2636232 bytes,    2636232 total
[2023-04-06T08:17:14.611+0000][72][gc,age      ] GC(18) - age   2:    4805296 bytes,    7441528 total
[2023-04-06T08:17:14.611+0000][72][gc,heap     ] GC(18) Eden regions: 10->0(33)
[2023-04-06T08:17:14.612+0000][72][gc,heap     ] GC(18) Survivor regions: 4->2(5)
[2023-04-06T08:17:14.612+0000][72][gc,heap     ] GC(18) Old regions: 10->12
[2023-04-06T08:17:14.613+0000][72][gc,heap     ] GC(18) Archive regions: 2->2
[2023-04-06T08:17:14.613+0000][72][gc,heap     ] GC(18) Humongous regions: 0->0
[2023-04-06T08:17:14.614+0000][72][gc,metaspace] GC(18) Metaspace: 59071K(60416K)->59071K(60416K) NonClass: 51748K(52480K)->51748K(52480K) Class: 7323K(7936K)->7323K(7936K)
[2023-04-06T08:17:14.615+0000][72][gc          ] GC(18) Pause Young (Concurrent Start) (Metadata GC Threshold) 94M->57M(256M) 26.425ms
[2023-04-06T08:17:14.615+0000][72][gc,cpu      ] GC(18) User=0.03s Sys=0.00s Real=0.03s
[2023-04-06T08:17:14.615+0000][72][gc          ] GC(19) Concurrent Mark Cycle
[2023-04-06T08:17:14.616+0000][72][gc,marking  ] GC(19) Concurrent Clear Claimed Marks
[2023-04-06T08:17:14.617+0000][72][gc,marking  ] GC(19) Concurrent Clear Claimed Marks 0.710ms
[2023-04-06T08:17:14.617+0000][72][gc,marking  ] GC(19) Concurrent Scan Root Regions
[2023-04-06T08:17:14.622+0000][72][safepoint   ] Safepoint "CollectForMetadataAllocation", Time since last: 747653417 ns, Reaching safepoint: 222391 ns, At safepoint: 34270687 ns, Total: 34493078 ns
[2023-04-06T08:17:14.630+0000][72][gc,marking  ] GC(19) Concurrent Scan Root Regions 13.036ms
[2023-04-06T08:17:14.632+0000][72][gc,marking  ] GC(19) Concurrent Mark
[2023-04-06T08:17:14.633+0000][72][gc,marking  ] GC(19) Concurrent Mark From Roots
[2023-04-06T08:17:14.634+0000][72][gc,task     ] GC(19) Using 1 workers of 1 for marking
[2023-04-06T08:17:14.672+0000][72][safepoint   ] Safepoint "CollectForMetadataAllocation", Time since last: 49928204 ns, Reaching safepoint: 99989 ns, At safepoint: 56260 ns, Total: 156249 ns
[2023-04-06T08:17:14.679+0000][72][gc,marking  ] GC(19) Concurrent Mark From Roots 45.834ms
[2023-04-06T08:17:14.680+0000][72][gc,marking  ] GC(19) Concurrent Preclean
[2023-04-06T08:17:14.681+0000][72][gc,marking  ] GC(19) Concurrent Preclean 1.079ms
[2023-04-06T08:17:14.682+0000][72][gc,start    ] GC(19) Pause Remark
[2023-04-06T08:17:14.687+0000][72][gc          ] GC(19) Pause Remark 61M->61M(256M) 5.523ms
[2023-04-06T08:17:14.688+0000][72][gc,cpu      ] GC(19) User=0.01s Sys=0.00s Real=0.01s
[2023-04-06T08:17:14.689+0000][72][safepoint   ] Safepoint "G1PauseRemark", Time since last: 9267254 ns, Reaching safepoint: 62097 ns, At safepoint: 7428441 ns, Total: 7490538 ns
[2023-04-06T08:17:14.690+0000][72][gc,marking  ] GC(19) Concurrent Mark 57.766ms
[2023-04-06T08:17:14.691+0000][72][gc,marking  ] GC(19) Concurrent Rebuild Remembered Sets
[2023-04-06T08:17:14.715+0000][72][gc,marking  ] GC(19) Concurrent Rebuild Remembered Sets 23.967ms
[2023-04-06T08:17:14.716+0000][72][gc,start    ] GC(19) Pause Cleanup
[2023-04-06T08:17:14.717+0000][72][gc          ] GC(19) Pause Cleanup 61M->61M(256M) 0.670ms
[2023-04-06T08:17:14.717+0000][72][gc,cpu      ] GC(19) User=0.00s Sys=0.00s Real=0.00s
[2023-04-06T08:17:14.718+0000][72][safepoint   ] Safepoint "G1PauseCleanup", Time since last: 26710908 ns, Reaching safepoint: 173824 ns, At safepoint: 1627697 ns, Total: 1801521 ns
[2023-04-06T08:17:14.718+0000][72][gc,marking  ] GC(19) Concurrent Cleanup for Next Mark
[2023-04-06T08:17:14.719+0000][72][gc,marking  ] GC(19) Concurrent Cleanup for Next Mark 0.794ms
[2023-04-06T08:17:14.720+0000][72][gc          ] GC(19) Concurrent Mark Cycle 104.595ms
[2023-04-06T08:17:15.936+0000][72][gc,start    ] GC(20) Pause Young (Normal) (G1 Evacuation Pause)
[2023-04-06T08:17:15.937+0000][72][gc,task     ] GC(20) Using 4 workers of 4 for evacuation
[2023-04-06T08:17:15.938+0000][72][gc,age      ] GC(20) Desired survivor size 10485760 bytes, new threshold 15 (max threshold 15)
[2023-04-06T08:17:15.949+0000][72][gc,phases   ] GC(20)   Pre Evacuate Collection Set: 0.2ms
[2023-04-06T08:17:15.950+0000][72][gc,phases   ] GC(20)   Merge Heap Roots: 0.1ms
[2023-04-06T08:17:15.950+0000][72][gc,phases   ] GC(20)   Evacuate Collection Set: 8.6ms
[2023-04-06T08:17:15.951+0000][72][gc,phases   ] GC(20)   Post Evacuate Collection Set: 1.0ms
[2023-04-06T08:17:15.951+0000][72][gc,phases   ] GC(20)   Other: 1.6ms
[2023-04-06T08:17:15.952+0000][72][gc,age      ] GC(20) Age table with threshold 15 (max threshold 15)
[2023-04-06T08:17:15.952+0000][72][gc,age      ] GC(20) - age   1:    2070184 bytes,    2070184 total
[2023-04-06T08:17:15.953+0000][72][gc,age      ] GC(20) - age   2:    2505784 bytes,    4575968 total
[2023-04-06T08:17:15.954+0000][72][gc,age      ] GC(20) - age   3:    4782280 bytes,    9358248 total
[2023-04-06T08:17:15.955+0000][72][gc,heap     ] GC(20) Eden regions: 33->0(33)
[2023-04-06T08:17:15.955+0000][72][gc,heap     ] GC(20) Survivor regions: 2->3(5)
[2023-04-06T08:17:15.956+0000][72][gc,heap     ] GC(20) Old regions: 12->12
[2023-04-06T08:17:15.957+0000][72][gc,heap     ] GC(20) Archive regions: 2->2
[2023-04-06T08:17:15.957+0000][72][gc,heap     ] GC(20) Humongous regions: 0->0
[2023-04-06T08:17:15.958+0000][72][gc,metaspace] GC(20) Metaspace: 65527K(67072K)->65527K(67072K) NonClass: 57172K(58048K)->57172K(58048K) Class: 8354K(9024K)->8354K(9024K)
[2023-04-06T08:17:15.959+0000][72][gc          ] GC(20) Pause Young (Normal) (G1 Evacuation Pause) 189M->58M(256M) 22.469ms
[2023-04-06T08:17:15.959+0000][72][gc,cpu      ] GC(20) User=0.04s Sys=0.00s Real=0.02s
[2023-04-06T08:17:15.960+0000][72][safepoint   ] Safepoint "G1CollectForAllocation", Time since last: 1218102237 ns, Reaching safepoint: 277512 ns, At safepoint: 23775975 ns, Total: 24053487 ns
[2023-04-06T08:17:16.962+0000][72][safepoint   ] Safepoint "Cleanup", Time since last: 1001400838 ns, Reaching safepoint: 533880 ns, At safepoint: 36705 ns, Total: 570585 ns
[2023-04-06T08:17:17.216+0000][72][gc,start    ] GC(21) Pause Young (Normal) (G1 Evacuation Pause)
[2023-04-06T08:17:17.217+0000][72][gc,task     ] GC(21) Using 4 workers of 4 for evacuation
[2023-04-06T08:17:17.218+0000][72][gc,age      ] GC(21) Desired survivor size 10485760 bytes, new threshold 15 (max threshold 15)
[2023-04-06T08:17:17.229+0000][72][gc,phases   ] GC(21)   Pre Evacuate Collection Set: 0.1ms
[2023-04-06T08:17:17.230+0000][72][gc,phases   ] GC(21)   Merge Heap Roots: 0.1ms
[2023-04-06T08:17:17.232+0000][72][gc,phases   ] GC(21)   Evacuate Collection Set: 9.0ms
[2023-04-06T08:17:17.232+0000][72][gc,phases   ] GC(21)   Post Evacuate Collection Set: 1.2ms
[2023-04-06T08:17:17.233+0000][72][gc,phases   ] GC(21)   Other: 1.7ms
[2023-04-06T08:17:17.234+0000][72][gc,age      ] GC(21) Age table with threshold 15 (max threshold 15)
[2023-04-06T08:17:17.236+0000][72][gc,age      ] GC(21) - age   1:     947072 bytes,     947072 total
[2023-04-06T08:17:17.237+0000][72][gc,age      ] GC(21) - age   2:    1921296 bytes,    2868368 total
[2023-04-06T08:17:17.238+0000][72][gc,age      ] GC(21) - age   3:    2505248 bytes,    5373616 total
[2023-04-06T08:17:17.239+0000][72][gc,age      ] GC(21) - age   4:    4781736 bytes,   10155352 total
[2023-04-06T08:17:17.240+0000][72][gc,heap     ] GC(21) Eden regions: 33->0(33)
[2023-04-06T08:17:17.241+0000][72][gc,heap     ] GC(21) Survivor regions: 3->3(5)
[2023-04-06T08:17:17.243+0000][72][gc,heap     ] GC(21) Old regions: 12->12
[2023-04-06T08:17:17.244+0000][72][gc,heap     ] GC(21) Archive regions: 2->2
[2023-04-06T08:17:17.246+0000][72][gc,heap     ] GC(21) Humongous regions: 0->0
[2023-04-06T08:17:17.247+0000][72][gc,metaspace] GC(21) Metaspace: 69177K(70784K)->69177K(70784K) NonClass: 60333K(61248K)->60333K(61248K) Class: 8843K(9536K)->8843K(9536K)
[2023-04-06T08:17:17.248+0000][72][gc          ] GC(21) Pause Young (Normal) (G1 Evacuation Pause) 190M->60M(256M) 31.883ms
[2023-04-06T08:17:17.249+0000][72][gc,cpu      ] GC(21) User=0.03s Sys=0.00s Real=0.03s
[2023-04-06T08:17:17.252+0000][72][safepoint   ] Safepoint "G1CollectForAllocation", Time since last: 253370462 ns, Reaching safepoint: 967176 ns, At safepoint: 35371734 ns, Total: 36338910 ns
[2023-04-06T08:17:18.917+0000][72][safepoint   ] Safepoint "Cleanup", Time since last: 1664702960 ns, Reaching safepoint: 389154 ns, At safepoint: 30432 ns, Total: 419586 ns
[2023-04-06T08:17:19.201+0000][72][gc,start    ] GC(22) Pause Young (Normal) (G1 Evacuation Pause)
[2023-04-06T08:17:19.202+0000][72][gc,task     ] GC(22) Using 4 workers of 4 for evacuation
[2023-04-06T08:17:19.203+0000][72][gc,age      ] GC(22) Desired survivor size 10485760 bytes, new threshold 15 (max threshold 15)
[2023-04-06T08:17:19.219+0000][72][gc,phases   ] GC(22)   Pre Evacuate Collection Set: 0.2ms
[2023-04-06T08:17:19.221+0000][72][gc,phases   ] GC(22)   Merge Heap Roots: 0.1ms
[2023-04-06T08:17:19.221+0000][72][gc,phases   ] GC(22)   Evacuate Collection Set: 10.7ms
[2023-04-06T08:17:19.222+0000][72][gc,phases   ] GC(22)   Post Evacuate Collection Set: 4.3ms
[2023-04-06T08:17:19.223+0000][72][gc,phases   ] GC(22)   Other: 1.9ms
[2023-04-06T08:17:19.224+0000][72][gc,age      ] GC(22) Age table with threshold 15 (max threshold 15)
[2023-04-06T08:17:19.225+0000][72][gc,age      ] GC(22) - age   1:    6579240 bytes,    6579240 total
[2023-04-06T08:17:19.226+0000][72][gc,age      ] GC(22) - age   2:     888352 bytes,    7467592 total
[2023-04-06T08:17:19.226+0000][72][gc,age      ] GC(22) - age   3:    1899592 bytes,    9367184 total
[2023-04-06T08:17:19.227+0000][72][gc,age      ] GC(22) - age   4:    2503712 bytes,   11870896 total
[2023-04-06T08:17:19.228+0000][72][gc,age      ] GC(22) - age   5:    4778208 bytes,   16649104 total
[2023-04-06T08:17:19.228+0000][72][gc,heap     ] GC(22) Eden regions: 33->0(30)
[2023-04-06T08:17:19.229+0000][72][gc,heap     ] GC(22) Survivor regions: 3->5(5)
[2023-04-06T08:17:19.230+0000][72][gc,heap     ] GC(22) Old regions: 12->12
[2023-04-06T08:17:19.231+0000][72][gc,heap     ] GC(22) Archive regions: 2->2
[2023-04-06T08:17:19.232+0000][72][gc,heap     ] GC(22) Humongous regions: 0->0
[2023-04-06T08:17:19.232+0000][72][gc,metaspace] GC(22) Metaspace: 79468K(81088K)->79468K(81088K) NonClass: 69163K(70016K)->69163K(70016K) Class: 10304K(11072K)->10304K(11072K)
[2023-04-06T08:17:19.233+0000][72][gc          ] GC(22) Pause Young (Normal) (G1 Evacuation Pause) 192M->66M(256M) 31.988ms
[2023-04-06T08:17:19.233+0000][72][gc,cpu      ] GC(22) User=0.03s Sys=0.01s Real=0.03s
[2023-04-06T08:17:19.238+0000][72][safepoint   ] Safepoint "G1CollectForAllocation", Time since last: 280030198 ns, Reaching safepoint: 4166624 ns, At safepoint: 36826491 ns, Total: 40993115 ns
[2023-04-06T08:17:20.487+0000][72][safepoint   ] Safepoint "Cleanup", Time since last: 1269348741 ns, Reaching safepoint: 804977 ns, At safepoint: 39845 ns, Total: 844822 ns
[2023-04-06T08:17:21.218+0000][72][gc,start    ] GC(23) Pause Young (Normal) (G1 Evacuation Pause)
[2023-04-06T08:17:21.219+0000][72][gc,task     ] GC(23) Using 4 workers of 4 for evacuation
[2023-04-06T08:17:21.220+0000][72][gc,age      ] GC(23) Desired survivor size 10485760 bytes, new threshold 4 (max threshold 15)
[2023-04-06T08:17:21.244+0000][72][gc,phases   ] GC(23)   Pre Evacuate Collection Set: 0.2ms
[2023-04-06T08:17:21.245+0000][72][gc,phases   ] GC(23)   Merge Heap Roots: 0.1ms
[2023-04-06T08:17:21.246+0000][72][gc,phases   ] GC(23)   Evacuate Collection Set: 20.3ms
[2023-04-06T08:17:21.247+0000][72][gc,phases   ] GC(23)   Post Evacuate Collection Set: 2.9ms
[2023-04-06T08:17:21.248+0000][72][gc,phases   ] GC(23)   Other: 1.7ms
[2023-04-06T08:17:21.249+0000][72][gc,age      ] GC(23) Age table with threshold 4 (max threshold 15)
[2023-04-06T08:17:21.250+0000][72][gc,age      ] GC(23) - age   1:    5545128 bytes,    5545128 total
[2023-04-06T08:17:21.250+0000][72][gc,age      ] GC(23) - age   2:    6476744 bytes,   12021872 total
[2023-04-06T08:17:21.251+0000][72][gc,age      ] GC(23) - age   3:     886624 bytes,   12908496 total
[2023-04-06T08:17:21.252+0000][72][gc,age      ] GC(23) - age   4:    1892448 bytes,   14800944 total
[2023-04-06T08:17:21.252+0000][72][gc,heap     ] GC(23) Eden regions: 30->0(30)
[2023-04-06T08:17:21.253+0000][72][gc,heap     ] GC(23) Survivor regions: 5->4(5)
[2023-04-06T08:17:21.253+0000][72][gc,heap     ] GC(23) Old regions: 12->14
[2023-04-06T08:17:21.254+0000][72][gc,heap     ] GC(23) Archive regions: 2->2
[2023-04-06T08:17:21.254+0000][72][gc,heap     ] GC(23) Humongous regions: 0->0
[2023-04-06T08:17:21.255+0000][72][gc,metaspace] GC(23) Metaspace: 95792K(97472K)->95792K(97472K) NonClass: 83480K(84416K)->83480K(84416K) Class: 12312K(13056K)->12312K(13056K)
[2023-04-06T08:17:21.256+0000][72][gc          ] GC(23) Pause Young (Normal) (G1 Evacuation Pause) 186M->71M(256M) 38.035ms
[2023-04-06T08:17:21.257+0000][72][gc,cpu      ] GC(23) User=0.06s Sys=0.00s Real=0.04s
[2023-04-06T08:17:21.258+0000][72][safepoint   ] Safepoint "G1CollectForAllocation", Time since last: 730946489 ns, Reaching safepoint: 218153 ns, At safepoint: 39805609 ns, Total: 40023762 ns
[2023-04-06T08:17:21.685+0000][72][gc,start    ] GC(24) Pause Young (Concurrent Start) (Metadata GC Threshold)
[2023-04-06T08:17:21.686+0000][72][gc,task     ] GC(24) Using 4 workers of 4 for evacuation
[2023-04-06T08:17:21.687+0000][72][gc,age      ] GC(24) Desired survivor size 10485760 bytes, new threshold 2 (max threshold 15)
[2023-04-06T08:17:21.704+0000][72][gc,phases   ] GC(24)   Pre Evacuate Collection Set: 0.5ms
[2023-04-06T08:17:21.705+0000][72][gc,phases   ] GC(24)   Merge Heap Roots: 0.2ms
[2023-04-06T08:17:21.706+0000][72][gc,phases   ] GC(24)   Evacuate Collection Set: 14.4ms
[2023-04-06T08:17:21.706+0000][72][gc,phases   ] GC(24)   Post Evacuate Collection Set: 1.2ms
[2023-04-06T08:17:21.707+0000][72][gc,phases   ] GC(24)   Other: 1.6ms
[2023-04-06T08:17:21.708+0000][72][gc,age      ] GC(24) Age table with threshold 2 (max threshold 15)
[2023-04-06T08:17:21.709+0000][72][gc,age      ] GC(24) - age   1:    2324104 bytes,    2324104 total
[2023-04-06T08:17:21.709+0000][72][gc,age      ] GC(24) - age   2:    5286280 bytes,    7610384 total
[2023-04-06T08:17:21.710+0000][72][gc,heap     ] GC(24) Eden regions: 7->0(28)
[2023-04-06T08:17:21.711+0000][72][gc,heap     ] GC(24) Survivor regions: 4->2(5)
[2023-04-06T08:17:21.712+0000][72][gc,heap     ] GC(24) Old regions: 14->16
[2023-04-06T08:17:21.714+0000][72][gc,heap     ] GC(24) Archive regions: 2->2
[2023-04-06T08:17:21.718+0000][72][gc,heap     ] GC(24) Humongous regions: 0->0
[2023-04-06T08:17:21.719+0000][72][gc,metaspace] GC(24) Metaspace: 99292K(101440K)->99292K(101440K) NonClass: 86389K(87488K)->86389K(87488K) Class: 12902K(13952K)->12902K(13952K)
[2023-04-06T08:17:21.720+0000][72][gc          ] GC(24) Pause Young (Concurrent Start) (Metadata GC Threshold) 97M->73M(256M) 35.124ms
[2023-04-06T08:17:21.721+0000][72][gc          ] GC(25) Concurrent Mark Cycle
[2023-04-06T08:17:21.722+0000][72][gc,marking  ] GC(25) Concurrent Clear Claimed Marks
[2023-04-06T08:17:21.721+0000][72][gc,cpu      ] GC(24) User=0.04s Sys=0.00s Real=0.03s
[2023-04-06T08:17:21.723+0000][72][gc,marking  ] GC(25) Concurrent Clear Claimed Marks 1.020ms
[2023-04-06T08:17:21.724+0000][72][gc,marking  ] GC(25) Concurrent Scan Root Regions
[2023-04-06T08:17:21.724+0000][72][safepoint   ] Safepoint "CollectForMetadataAllocation", Time since last: 426371627 ns, Reaching safepoint: 693878 ns, At safepoint: 38872290 ns, Total: 39566168 ns
[2023-04-06T08:17:21.743+0000][72][gc,marking  ] GC(25) Concurrent Scan Root Regions 19.072ms
[2023-04-06T08:17:21.744+0000][72][gc,marking  ] GC(25) Concurrent Mark
[2023-04-06T08:17:21.745+0000][72][gc,marking  ] GC(25) Concurrent Mark From Roots
[2023-04-06T08:17:21.747+0000][72][gc,task     ] GC(25) Using 1 workers of 1 for marking
[2023-04-06T08:17:21.778+0000][72][safepoint   ] Safepoint "CollectForMetadataAllocation", Time since last: 54543937 ns, Reaching safepoint: 248813 ns, At safepoint: 90537 ns, Total: 339350 ns
[2023-04-06T08:17:21.826+0000][72][gc,marking  ] GC(25) Concurrent Mark From Roots 81.536ms
[2023-04-06T08:17:21.828+0000][72][gc,marking  ] GC(25) Concurrent Preclean
[2023-04-06T08:17:21.828+0000][72][safepoint   ] Safepoint "CollectForMetadataAllocation", Time since last: 49214906 ns, Reaching safepoint: 48259 ns, At safepoint: 105478 ns, Total: 153737 ns
[2023-04-06T08:17:21.829+0000][72][gc,marking  ] GC(25) Concurrent Preclean 1.091ms
[2023-04-06T08:17:21.833+0000][72][gc,start    ] GC(25) Pause Remark
[2023-04-06T08:17:21.842+0000][72][gc          ] GC(25) Pause Remark 79M->79M(256M) 8.722ms
[2023-04-06T08:17:21.842+0000][72][gc,cpu      ] GC(25) User=0.02s Sys=0.00s Real=0.00s
[2023-04-06T08:17:21.843+0000][72][safepoint   ] Safepoint "G1PauseRemark", Time since last: 5062753 ns, Reaching safepoint: 112852 ns, At safepoint: 10241928 ns, Total: 10354780 ns
[2023-04-06T08:17:21.844+0000][72][gc,marking  ] GC(25) Concurrent Mark 99.785ms
[2023-04-06T08:17:21.845+0000][72][gc,marking  ] GC(25) Concurrent Rebuild Remembered Sets
[2023-04-06T08:17:21.919+0000][72][gc,marking  ] GC(25) Concurrent Rebuild Remembered Sets 74.367ms
[2023-04-06T08:17:21.920+0000][72][gc,start    ] GC(25) Pause Cleanup
[2023-04-06T08:17:21.921+0000][72][gc          ] GC(25) Pause Cleanup 85M->85M(256M) 0.997ms
[2023-04-06T08:17:21.922+0000][72][gc,cpu      ] GC(25) User=0.00s Sys=0.00s Real=0.00s
[2023-04-06T08:17:21.923+0000][72][safepoint   ] Safepoint "G1PauseCleanup", Time since last: 76828636 ns, Reaching safepoint: 322819 ns, At safepoint: 2528595 ns, Total: 2851414 ns
[2023-04-06T08:17:21.924+0000][72][gc,marking  ] GC(25) Concurrent Cleanup for Next Mark
[2023-04-06T08:17:21.925+0000][72][gc,marking  ] GC(25) Concurrent Cleanup for Next Mark 1.021ms
[2023-04-06T08:17:21.926+0000][72][gc          ] GC(25) Concurrent Mark Cycle 204.877ms
[2023-04-06T08:17:22.924+0000][72][safepoint   ] Safepoint "Cleanup", Time since last: 1000907710 ns, Reaching safepoint: 423697 ns, At safepoint: 16004 ns, Total: 439701 ns
[2023-04-06T08:17:23.589+0000][72][safepoint   ] Safepoint "ICBufferFull", Time since last: 662222067 ns, Reaching safepoint: 2091866 ns, At safepoint: 56458 ns, Total: 2148324 ns
[2023-04-06T08:17:23.826+0000][72][safepoint   ] Safepoint "ICBufferFull", Time since last: 237216027 ns, Reaching safepoint: 183172 ns, At safepoint: 24819 ns, Total: 207991 ns
[2023-04-06T08:17:24.213+0000][72][gc,start    ] GC(26) Pause Young (Normal) (G1 Evacuation Pause)
[2023-04-06T08:17:24.214+0000][72][gc,task     ] GC(26) Using 4 workers of 4 for evacuation
[2023-04-06T08:17:24.215+0000][72][gc,age      ] GC(26) Desired survivor size 8388608 bytes, new threshold 15 (max threshold 15)
[2023-04-06T08:17:24.231+0000][72][gc,phases   ] GC(26)   Pre Evacuate Collection Set: 0.2ms
[2023-04-06T08:17:24.232+0000][72][gc,phases   ] GC(26)   Merge Heap Roots: 0.2ms
[2023-04-06T08:17:24.233+0000][72][gc,phases   ] GC(26)   Evacuate Collection Set: 12.9ms
[2023-04-06T08:17:24.233+0000][72][gc,phases   ] GC(26)   Post Evacuate Collection Set: 2.3ms
[2023-04-06T08:17:24.234+0000][72][gc,phases   ] GC(26)   Other: 1.7ms
[2023-04-06T08:17:24.234+0000][72][gc,age      ] GC(26) Age table with threshold 15 (max threshold 15)
[2023-04-06T08:17:24.235+0000][72][gc,age      ] GC(26) - age   1:    7660832 bytes,    7660832 total
[2023-04-06T08:17:24.235+0000][72][gc,age      ] GC(26) - age   2:    2107800 bytes,    9768632 total
[2023-04-06T08:17:24.236+0000][72][gc,age      ] GC(26) - age   3:    4958744 bytes,   14727376 total
[2023-04-06T08:17:24.236+0000][72][gc,heap     ] GC(26) Eden regions: 28->0(26)
[2023-04-06T08:17:24.237+0000][72][gc,heap     ] GC(26) Survivor regions: 2->4(4)
[2023-04-06T08:17:24.237+0000][72][gc,heap     ] GC(26) Old regions: 16->16
[2023-04-06T08:17:24.238+0000][72][gc,heap     ] GC(26) Archive regions: 2->2
[2023-04-06T08:17:24.238+0000][72][gc,heap     ] GC(26) Humongous regions: 0->0
[2023-04-06T08:17:24.239+0000][72][gc,metaspace] GC(26) Metaspace: 112184K(115328K)->112184K(115328K) NonClass: 97267K(98816K)->97267K(98816K) Class: 14917K(16512K)->14917K(16512K)
[2023-04-06T08:17:24.239+0000][72][gc          ] GC(26) Pause Young (Normal) (G1 Evacuation Pause) 185M->79M(256M) 26.037ms
[2023-04-06T08:17:24.240+0000][72][gc,cpu      ] GC(26) User=0.04s Sys=0.00s Real=0.02s
[2023-04-06T08:17:24.240+0000][72][safepoint   ] Safepoint "G1CollectForAllocation", Time since last: 386978295 ns, Reaching safepoint: 176281 ns, At safepoint: 27176456 ns, Total: 27352737 ns
[2023-04-06T08:17:24.994+0000][72][safepoint   ] Safepoint "ICBufferFull", Time since last: 753869033 ns, Reaching safepoint: 230738 ns, At safepoint: 55993 ns, Total: 286731 ns
[2023-04-06T08:17:26.104+0000][72][safepoint   ] Safepoint "ICBufferFull", Time since last: 1109106380 ns, Reaching safepoint: 546658 ns, At safepoint: 33448 ns, Total: 580106 ns
[2023-04-06T08:17:27.122+0000][72][safepoint   ] Safepoint "Cleanup", Time since last: 1017224852 ns, Reaching safepoint: 469818 ns, At safepoint: 56948 ns, Total: 526766 ns
[2023-04-06T08:17:27.506+0000][72][safepoint   ] Safepoint "ICBufferFull", Time since last: 383168536 ns, Reaching safepoint: 537201 ns, At safepoint: 7482 ns, Total: 544683 ns
[2023-04-06T08:17:27.859+0000][72][gc,start    ] GC(27) Pause Young (Normal) (G1 Evacuation Pause)
[2023-04-06T08:17:27.860+0000][72][gc,task     ] GC(27) Using 4 workers of 4 for evacuation
[2023-04-06T08:17:27.861+0000][72][gc,age      ] GC(27) Desired survivor size 8388608 bytes, new threshold 2 (max threshold 15)
[2023-04-06T08:17:27.886+0000][72][gc,phases   ] GC(27)   Pre Evacuate Collection Set: 0.1ms
[2023-04-06T08:17:27.887+0000][72][gc,phases   ] GC(27)   Merge Heap Roots: 0.1ms
[2023-04-06T08:17:27.888+0000][72][gc,phases   ] GC(27)   Evacuate Collection Set: 22.2ms
[2023-04-06T08:17:27.889+0000][72][gc,phases   ] GC(27)   Post Evacuate Collection Set: 2.3ms
[2023-04-06T08:17:27.889+0000][72][gc,phases   ] GC(27)   Other: 1.7ms
[2023-04-06T08:17:27.891+0000][72][gc,age      ] GC(27) Age table with threshold 2 (max threshold 15)
[2023-04-06T08:17:27.893+0000][72][gc,age      ] GC(27) - age   1:    9299680 bytes,    9299680 total
[2023-04-06T08:17:27.895+0000][72][gc,age      ] GC(27) - age   2:    6764104 bytes,   16063784 total
[2023-04-06T08:17:27.896+0000][72][gc,heap     ] GC(27) Eden regions: 26->0(23)
[2023-04-06T08:17:27.896+0000][72][gc,heap     ] GC(27) Survivor regions: 4->4(4)
[2023-04-06T08:17:27.897+0000][72][gc,heap     ] GC(27) Old regions: 16->18
[2023-04-06T08:17:27.898+0000][72][gc,heap     ] GC(27) Archive regions: 2->2
[2023-04-06T08:17:27.899+0000][72][gc,heap     ] GC(27) Humongous regions: 2->2
[2023-04-06T08:17:27.899+0000][72][gc,metaspace] GC(27) Metaspace: 122421K(125696K)->122421K(125696K) NonClass: 106002K(107648K)->106002K(107648K) Class: 16418K(18048K)->16418K(18048K)
[2023-04-06T08:17:27.900+0000][72][gc          ] GC(27) Pause Young (Normal) (G1 Evacuation Pause) 191M->96M(256M) 40.964ms
[2023-04-06T08:17:27.901+0000][72][gc,cpu      ] GC(27) User=0.07s Sys=0.01s Real=0.04s
[2023-04-06T08:17:27.902+0000][72][safepoint   ] Safepoint "G1CollectForAllocation", Time since last: 352777920 ns, Reaching safepoint: 596853 ns, At safepoint: 43379657 ns, Total: 43976510 ns
[2023-04-06T08:17:28.908+0000][72][safepoint   ] Safepoint "Cleanup", Time since last: 1004415547 ns, Reaching safepoint: 988904 ns, At safepoint: 75057 ns, Total: 1063961 ns
[2023-04-06T08:17:29.820+0000][72][safepoint   ] Safepoint "ICBufferFull", Time since last: 911251301 ns, Reaching safepoint: 701625 ns, At safepoint: 61546 ns, Total: 763171 ns
[2023-04-06T08:17:30.441+0000][72][safepoint   ] Safepoint "ICBufferFull", Time since last: 620507138 ns, Reaching safepoint: 635917 ns, At safepoint: 63131 ns, Total: 699048 ns
[2023-04-06T08:17:31.171+0000][72][gc,start    ] GC(28) Pause Young (Concurrent Start) (G1 Evacuation Pause)
[2023-04-06T08:17:31.172+0000][72][gc,task     ] GC(28) Using 4 workers of 4 for evacuation
[2023-04-06T08:17:31.173+0000][72][gc,age      ] GC(28) Desired survivor size 8388608 bytes, new threshold 1 (max threshold 15)
[2023-04-06T08:17:31.190+0000][72][gc,phases   ] GC(28)   Pre Evacuate Collection Set: 0.4ms
[2023-04-06T08:17:31.191+0000][72][gc,phases   ] GC(28)   Merge Heap Roots: 0.1ms
[2023-04-06T08:17:31.192+0000][72][gc,phases   ] GC(28)   Evacuate Collection Set: 14.7ms
[2023-04-06T08:17:31.193+0000][72][gc,phases   ] GC(28)   Post Evacuate Collection Set: 1.6ms
[2023-04-06T08:17:31.193+0000][72][gc,phases   ] GC(28)   Other: 1.7ms
[2023-04-06T08:17:31.194+0000][72][gc,age      ] GC(28) Age table with threshold 1 (max threshold 15)
[2023-04-06T08:17:31.195+0000][72][gc,age      ] GC(28) - age   1:    4931024 bytes,    4931024 total
[2023-04-06T08:17:31.195+0000][72][gc,heap     ] GC(28) Eden regions: 23->0(22)
[2023-04-06T08:17:31.196+0000][72][gc,heap     ] GC(28) Survivor regions: 4->2(4)
[2023-04-06T08:17:31.197+0000][72][gc,heap     ] GC(28) Old regions: 18->21
[2023-04-06T08:17:31.197+0000][72][gc,heap     ] GC(28) Archive regions: 2->2
[2023-04-06T08:17:31.198+0000][72][gc,heap     ] GC(28) Humongous regions: 2->2
[2023-04-06T08:17:31.198+0000][72][gc,metaspace] GC(28) Metaspace: 125935K(129216K)->125935K(129216K) NonClass: 109080K(110720K)->109080K(110720K) Class: 16855K(18496K)->16855K(18496K)
[2023-04-06T08:17:31.199+0000][72][gc          ] GC(28) Pause Young (Concurrent Start) (G1 Evacuation Pause) 188M->101M(256M) 28.204ms
[2023-04-06T08:17:31.200+0000][72][gc          ] GC(29) Concurrent Mark Cycle
[2023-04-06T08:17:31.201+0000][72][gc,marking  ] GC(29) Concurrent Clear Claimed Marks
[2023-04-06T08:17:31.200+0000][72][gc,cpu      ] GC(28) User=0.04s Sys=0.00s Real=0.03s
[2023-04-06T08:17:31.202+0000][72][safepoint   ] Safepoint "G1CollectForAllocation", Time since last: 729157113 ns, Reaching safepoint: 662883 ns, At safepoint: 30995810 ns, Total: 31658693 ns
[2023-04-06T08:17:31.202+0000][72][gc,marking  ] GC(29) Concurrent Clear Claimed Marks 1.338ms
[2023-04-06T08:17:31.205+0000][72][gc,marking  ] GC(29) Concurrent Scan Root Regions
[2023-04-06T08:17:31.300+0000][72][gc,marking  ] GC(29) Concurrent Scan Root Regions 95.098ms
[2023-04-06T08:17:31.301+0000][72][gc,marking  ] GC(29) Concurrent Mark
[2023-04-06T08:17:31.301+0000][72][gc,marking  ] GC(29) Concurrent Mark From Roots
[2023-04-06T08:17:31.303+0000][72][gc,task     ] GC(29) Using 1 workers of 1 for marking
[2023-04-06T08:17:31.860+0000][72][gc,marking  ] GC(29) Concurrent Mark From Roots 558.856ms
[2023-04-06T08:17:31.861+0000][72][gc,marking  ] GC(29) Concurrent Preclean
[2023-04-06T08:17:31.864+0000][72][gc,marking  ] GC(29) Concurrent Preclean 2.726ms
[2023-04-06T08:17:31.878+0000][72][gc,start    ] GC(29) Pause Remark
[2023-04-06T08:17:31.891+0000][72][gc          ] GC(29) Pause Remark 173M->173M(256M) 12.878ms
[2023-04-06T08:17:31.892+0000][72][gc,cpu      ] GC(29) User=0.03s Sys=0.00s Real=0.01s
[2023-04-06T08:17:31.893+0000][72][safepoint   ] Safepoint "G1PauseRemark", Time since last: 669130604 ns, Reaching safepoint: 7139919 ns, At safepoint: 14965787 ns, Total: 22105706 ns
[2023-04-06T08:17:31.895+0000][72][gc,marking  ] GC(29) Concurrent Mark 594.051ms
[2023-04-06T08:17:31.901+0000][72][gc,marking  ] GC(29) Concurrent Rebuild Remembered Sets
[2023-04-06T08:17:32.260+0000][72][gc,marking  ] GC(29) Concurrent Rebuild Remembered Sets 358.913ms
[2023-04-06T08:17:32.262+0000][72][gc,start    ] GC(29) Pause Cleanup
[2023-04-06T08:17:32.263+0000][72][gc          ] GC(29) Pause Cleanup 179M->179M(256M) 1.019ms
[2023-04-06T08:17:32.263+0000][72][gc,cpu      ] GC(29) User=0.00s Sys=0.00s Real=0.01s
[2023-04-06T08:17:32.264+0000][72][safepoint   ] Safepoint "G1PauseCleanup", Time since last: 368140226 ns, Reaching safepoint: 197119 ns, At safepoint: 2390458 ns, Total: 2587577 ns
[2023-04-06T08:17:32.265+0000][72][gc,marking  ] GC(29) Concurrent Cleanup for Next Mark
[2023-04-06T08:17:32.269+0000][72][gc,marking  ] GC(29) Concurrent Cleanup for Next Mark 4.290ms
[2023-04-06T08:17:32.271+0000][72][gc          ] GC(29) Concurrent Mark Cycle 1071.352ms
[2023-04-06T08:17:32.980+0000][72][gc,start    ] GC(30) Pause Young (Normal) (G1 Evacuation Pause)
[2023-04-06T08:17:32.981+0000][72][gc,task     ] GC(30) Using 4 workers of 4 for evacuation
[2023-04-06T08:17:32.982+0000][72][gc,age      ] GC(30) Desired survivor size 6291456 bytes, new threshold 15 (max threshold 15)
[2023-04-06T08:17:32.989+0000][72][gc,phases   ] GC(30)   Pre Evacuate Collection Set: 0.1ms
[2023-04-06T08:17:32.990+0000][72][gc,phases   ] GC(30)   Merge Heap Roots: 0.1ms
[2023-04-06T08:17:32.990+0000][72][gc,phases   ] GC(30)   Evacuate Collection Set: 5.3ms
[2023-04-06T08:17:32.991+0000][72][gc,phases   ] GC(30)   Post Evacuate Collection Set: 1.2ms
[2023-04-06T08:17:32.991+0000][72][gc,phases   ] GC(30)   Other: 1.3ms
[2023-04-06T08:17:32.992+0000][72][gc,age      ] GC(30) Age table with threshold 15 (max threshold 15)
[2023-04-06T08:17:32.992+0000][72][gc,age      ] GC(30) - age   1:    3458360 bytes,    3458360 total
[2023-04-06T08:17:32.993+0000][72][gc,age      ] GC(30) - age   2:    4330720 bytes,    7789080 total
[2023-04-06T08:17:32.993+0000][72][gc,heap     ] GC(30) Eden regions: 22->0(22)
[2023-04-06T08:17:32.993+0000][72][gc,heap     ] GC(30) Survivor regions: 2->2(3)
[2023-04-06T08:17:32.994+0000][72][gc,heap     ] GC(30) Old regions: 21->21
[2023-04-06T08:17:32.995+0000][72][gc,heap     ] GC(30) Archive regions: 2->2
[2023-04-06T08:17:32.995+0000][72][gc,heap     ] GC(30) Humongous regions: 2->2
[2023-04-06T08:17:32.996+0000][72][gc,metaspace] GC(30) Metaspace: 127045K(130368K)->127045K(130368K) NonClass: 110046K(111680K)->110046K(111680K) Class: 16999K(18688K)->16999K(18688K)
[2023-04-06T08:17:32.996+0000][72][gc          ] GC(30) Pause Young (Normal) (G1 Evacuation Pause) 189M->103M(256M) 15.907ms
[2023-04-06T08:17:32.997+0000][72][gc,cpu      ] GC(30) User=0.02s Sys=0.00s Real=0.02s
[2023-04-06T08:17:32.997+0000][72][safepoint   ] Safepoint "G1CollectForAllocation", Time since last: 716083037 ns, Reaching safepoint: 406958 ns, At safepoint: 17061647 ns, Total: 17468605 ns
[2023-04-06T08:17:34.318+0000][72][safepoint   ] Safepoint "Cleanup", Time since last: 1320349604 ns, Reaching safepoint: 278158 ns, At safepoint: 27862 ns, Total: 306020 ns
[2023-04-06T08:17:35.319+0000][72][safepoint   ] Safepoint "Cleanup", Time since last: 1001024174 ns, Reaching safepoint: 204109 ns, At safepoint: 11707 ns, Total: 215816 ns
[2023-04-06T08:17:36.959+0000][72][safepoint   ] Safepoint "Cleanup", Time since last: 1638853135 ns, Reaching safepoint: 380944 ns, At safepoint: 46145 ns, Total: 427089 ns
[2023-04-06T08:17:37.960+0000][72][safepoint   ] Safepoint "Cleanup", Time since last: 1001192696 ns, Reaching safepoint: 288787 ns, At safepoint: 44730 ns, Total: 333517 ns
[2023-04-06T08:17:38.962+0000][72][safepoint   ] Safepoint "Cleanup", Time since last: 1001676733 ns, Reaching safepoint: 311879 ns, At safepoint: 10363 ns, Total: 322242 ns
[2023-04-06T08:17:39.964+0000][72][safepoint   ] Safepoint "Cleanup", Time since last: 1001462235 ns, Reaching safepoint: 242364 ns, At safepoint: 11708 ns, Total: 254072 ns
[2023-04-06T08:17:40.517+0000][72][safepoint   ] Safepoint "ICBufferFull", Time since last: 552759126 ns, Reaching safepoint: 401735 ns, At safepoint: 9908 ns, Total: 411643 ns
[2023-04-06T08:17:40.795+0000][72][safepoint   ] Safepoint "ICBufferFull", Time since last: 276450278 ns, Reaching safepoint: 1000834 ns, At safepoint: 334870 ns, Total: 1335704 ns
[2023-04-06T08:17:40.893+0000][72][gc,start    ] GC(31) Pause Young (Concurrent Start) (G1 Evacuation Pause)
[2023-04-06T08:17:40.893+0000][72][gc,task     ] GC(31) Using 4 workers of 4 for evacuation
[2023-04-06T08:17:40.894+0000][72][gc,age      ] GC(31) Desired survivor size 6291456 bytes, new threshold 2 (max threshold 15)
[2023-04-06T08:17:40.906+0000][72][gc,phases   ] GC(31)   Pre Evacuate Collection Set: 0.8ms
[2023-04-06T08:17:40.907+0000][72][gc,phases   ] GC(31)   Merge Heap Roots: 0.1ms
[2023-04-06T08:17:40.908+0000][72][gc,phases   ] GC(31)   Evacuate Collection Set: 9.7ms
[2023-04-06T08:17:40.908+0000][72][gc,phases   ] GC(31)   Post Evacuate Collection Set: 1.2ms
[2023-04-06T08:17:40.909+0000][72][gc,phases   ] GC(31)   Other: 1.3ms
[2023-04-06T08:17:40.909+0000][72][gc,age      ] GC(31) Age table with threshold 2 (max threshold 15)
[2023-04-06T08:17:40.910+0000][72][gc,age      ] GC(31) - age   1:    6537952 bytes,    6537952 total
[2023-04-06T08:17:40.911+0000][72][gc,age      ] GC(31) - age   2:    2723616 bytes,    9261568 total
[2023-04-06T08:17:40.911+0000][72][gc,heap     ] GC(31) Eden regions: 22->0(20)
[2023-04-06T08:17:40.911+0000][72][gc,heap     ] GC(31) Survivor regions: 2->3(3)
[2023-04-06T08:17:40.912+0000][72][gc,heap     ] GC(31) Old regions: 21->22
[2023-04-06T08:17:40.912+0000][72][gc,heap     ] GC(31) Archive regions: 2->2
[2023-04-06T08:17:40.913+0000][72][gc,heap     ] GC(31) Humongous regions: 2->2
[2023-04-06T08:17:40.913+0000][72][gc,metaspace] GC(31) Metaspace: 131540K(134848K)->131540K(134848K) NonClass: 113884K(115520K)->113884K(115520K) Class: 17655K(19328K)->17655K(19328K)
[2023-04-06T08:17:40.914+0000][72][gc          ] GC(31) Pause Young (Concurrent Start) (G1 Evacuation Pause) 191M->108M(256M) 21.057ms
[2023-04-06T08:17:40.914+0000][72][gc,cpu      ] GC(31) User=0.03s Sys=0.00s Real=0.03s
[2023-04-06T08:17:40.914+0000][72][gc          ] GC(32) Concurrent Mark Cycle
[2023-04-06T08:17:40.915+0000][72][gc,marking  ] GC(32) Concurrent Clear Claimed Marks
[2023-04-06T08:17:40.915+0000][72][safepoint   ] Safepoint "G1CollectForAllocation", Time since last: 92029811 ns, Reaching safepoint: 5737361 ns, At safepoint: 22522699 ns, Total: 28260060 ns
[2023-04-06T08:17:40.917+0000][72][gc,marking  ] GC(32) Concurrent Clear Claimed Marks 1.124ms
[2023-04-06T08:17:40.917+0000][72][gc,marking  ] GC(32) Concurrent Scan Root Regions
[2023-04-06T08:17:40.958+0000][72][gc,marking  ] GC(32) Concurrent Scan Root Regions 40.444ms
[2023-04-06T08:17:40.958+0000][72][gc,marking  ] GC(32) Concurrent Mark
[2023-04-06T08:17:40.959+0000][72][gc,marking  ] GC(32) Concurrent Mark From Roots
[2023-04-06T08:17:40.960+0000][72][gc,task     ] GC(32) Using 1 workers of 1 for marking
[2023-04-06T08:17:41.223+0000][72][gc,marking  ] GC(32) Concurrent Mark From Roots 263.780ms
[2023-04-06T08:17:41.224+0000][72][gc,marking  ] GC(32) Concurrent Preclean
[2023-04-06T08:17:41.225+0000][72][gc,marking  ] GC(32) Concurrent Preclean 1.109ms
[2023-04-06T08:17:41.226+0000][72][gc,start    ] GC(32) Pause Remark
[2023-04-06T08:17:41.255+0000][72][gc          ] GC(32) Pause Remark 119M->119M(256M) 28.988ms
[2023-04-06T08:17:41.257+0000][72][gc,cpu      ] GC(32) User=0.06s Sys=0.00s Real=0.03s
[2023-04-06T08:17:41.257+0000][72][safepoint   ] Safepoint "G1PauseRemark", Time since last: 311105515 ns, Reaching safepoint: 239958 ns, At safepoint: 31040309 ns, Total: 31280267 ns
[2023-04-06T08:17:41.258+0000][72][gc,marking  ] GC(32) Concurrent Mark 300.061ms
[2023-04-06T08:17:41.259+0000][72][gc,marking  ] GC(32) Concurrent Rebuild Remembered Sets
[2023-04-06T08:17:41.260+0000][72][gc,marking  ] GC(32) Concurrent Rebuild Remembered Sets 1.249ms
[2023-04-06T08:17:41.287+0000][72][gc,start    ] GC(32) Pause Cleanup
[2023-04-06T08:17:41.288+0000][72][gc          ] GC(32) Pause Cleanup 119M->119M(256M) 1.198ms
[2023-04-06T08:17:41.290+0000][72][gc,cpu      ] GC(32) User=0.00s Sys=0.00s Real=0.00s
[2023-04-06T08:17:41.290+0000][72][safepoint   ] Safepoint "G1PauseCleanup", Time since last: 4189829 ns, Reaching safepoint: 25582593 ns, At safepoint: 3250972 ns, Total: 28833565 ns
[2023-04-06T08:17:41.291+0000][72][gc,marking  ] GC(32) Concurrent Cleanup for Next Mark
[2023-04-06T08:17:41.293+0000][72][gc,marking  ] GC(32) Concurrent Cleanup for Next Mark 1.178ms
[2023-04-06T08:17:41.293+0000][72][gc          ] GC(32) Concurrent Mark Cycle 379.083ms
[2023-04-06T08:17:42.601+0000][72][safepoint   ] Safepoint "Cleanup", Time since last: 1310551625 ns, Reaching safepoint: 343712 ns, At safepoint: 49108 ns, Total: 392820 ns
[2023-04-06T08:17:43.336+0000][72][safepoint   ] Safepoint "ICBufferFull", Time since last: 734140341 ns, Reaching safepoint: 459906 ns, At safepoint: 55380 ns, Total: 515286 ns
[2023-04-06T08:17:44.166+0000][72][safepoint   ] Safepoint "ICBufferFull", Time since last: 830027842 ns, Reaching safepoint: 288446 ns, At safepoint: 70844 ns, Total: 359290 ns
[2023-04-06T08:17:44.814+0000][72][safepoint   ] Safepoint "ICBufferFull", Time since last: 646741359 ns, Reaching safepoint: 522596 ns, At safepoint: 85645 ns, Total: 608241 ns
[2023-04-06T08:17:45.817+0000][72][safepoint   ] Safepoint "Cleanup", Time since last: 1003119963 ns, Reaching safepoint: 273063 ns, At safepoint: 6570 ns, Total: 279633 ns
[2023-04-06T08:17:46.821+0000][72][safepoint   ] Safepoint "Cleanup", Time since last: 1002748548 ns, Reaching safepoint: 557647 ns, At safepoint: 13904 ns, Total: 571551 ns
[2023-04-06T08:17:47.824+0000][72][safepoint   ] Safepoint "Cleanup", Time since last: 1002656053 ns, Reaching safepoint: 442863 ns, At safepoint: 11718 ns, Total: 454581 ns
[2023-04-06T08:17:48.828+0000][72][safepoint   ] Safepoint "Cleanup", Time since last: 1003998198 ns, Reaching safepoint: 225705 ns, At safepoint: 5540 ns, Total: 231245 ns
[2023-04-06T08:17:49.232+0000][72][gc,start    ] GC(33) Pause Young (Normal) (G1 Evacuation Pause)
[2023-04-06T08:17:49.233+0000][72][gc,task     ] GC(33) Using 4 workers of 4 for evacuation
[2023-04-06T08:17:49.234+0000][72][gc,age      ] GC(33) Desired survivor size 6291456 bytes, new threshold 1 (max threshold 15)
[2023-04-06T08:17:49.243+0000][72][gc,phases   ] GC(33)   Pre Evacuate Collection Set: 0.2ms
[2023-04-06T08:17:49.244+0000][72][gc,phases   ] GC(33)   Merge Heap Roots: 0.2ms
[2023-04-06T08:17:49.245+0000][72][gc,phases   ] GC(33)   Evacuate Collection Set: 6.9ms
[2023-04-06T08:17:49.246+0000][72][gc,phases   ] GC(33)   Post Evacuate Collection Set: 1.3ms
[2023-04-06T08:17:49.247+0000][72][gc,phases   ] GC(33)   Other: 1.3ms
[2023-04-06T08:17:49.247+0000][72][gc,age      ] GC(33) Age table with threshold 1 (max threshold 15)
[2023-04-06T08:17:49.248+0000][72][gc,age      ] GC(33) - age   1:    3637096 bytes,    3637096 total
[2023-04-06T08:17:49.248+0000][72][gc,heap     ] GC(33) Eden regions: 20->0(20)
[2023-04-06T08:17:49.249+0000][72][gc,heap     ] GC(33) Survivor regions: 3->2(3)
[2023-04-06T08:17:49.249+0000][72][gc,heap     ] GC(33) Old regions: 22->24
[2023-04-06T08:17:49.250+0000][72][gc,heap     ] GC(33) Archive regions: 2->2
[2023-04-06T08:17:49.250+0000][72][gc,heap     ] GC(33) Humongous regions: 2->2
[2023-04-06T08:17:49.251+0000][72][gc,metaspace] GC(33) Metaspace: 133652K(137152K)->133652K(137152K) NonClass: 115759K(117504K)->115759K(117504K) Class: 17893K(19648K)->17893K(19648K)
[2023-04-06T08:17:49.251+0000][72][gc          ] GC(33) Pause Young (Normal) (G1 Evacuation Pause) 188M->111M(256M) 19.188ms
[2023-04-06T08:17:49.252+0000][72][gc,cpu      ] GC(33) User=0.02s Sys=0.01s Real=0.02s
[2023-04-06T08:17:49.252+0000][72][safepoint   ] Safepoint "G1CollectForAllocation", Time since last: 403420522 ns, Reaching safepoint: 573761 ns, At safepoint: 20199128 ns, Total: 20772889 ns
[2023-04-06T08:17:50.668+0000][72][safepoint   ] Safepoint "Cleanup", Time since last: 1436712387 ns, Reaching safepoint: 625297 ns, At safepoint: 21857 ns, Total: 647154 ns
[2023-04-06T08:17:51.672+0000][72][safepoint   ] Safepoint "Cleanup", Time since last: 1002888036 ns, Reaching safepoint: 316488 ns, At safepoint: 15412 ns, Total: 331900 ns
[2023-04-06T08:17:52.694+0000][72][safepoint   ] Safepoint "Cleanup", Time since last: 1022505963 ns, Reaching safepoint: 272432 ns, At safepoint: 49309 ns, Total: 321741 ns
[2023-04-06T08:17:53.698+0000][72][safepoint   ] Safepoint "Cleanup", Time since last: 1003674290 ns, Reaching safepoint: 169139 ns, At safepoint: 108721 ns, Total: 277860 ns
[2023-04-06T08:17:54.701+0000][72][safepoint   ] Safepoint "Cleanup", Time since last: 1002849158 ns, Reaching safepoint: 143273 ns, At safepoint: 11522 ns, Total: 154795 ns
[2023-04-06T08:17:55.838+0000][72][safepoint   ] Safepoint "ICBufferFull", Time since last: 1135790250 ns, Reaching safepoint: 308577 ns, At safepoint: 9350 ns, Total: 317927 ns
[2023-04-06T08:17:56.841+0000][72][safepoint   ] Safepoint "Cleanup", Time since last: 1002934093 ns, Reaching safepoint: 909343 ns, At safepoint: 53709 ns, Total: 963052 ns
[2023-04-06T08:17:57.849+0000][72][safepoint   ] Safepoint "Cleanup", Time since last: 1006764409 ns, Reaching safepoint: 750996 ns, At safepoint: 107399 ns, Total: 858395 ns
[2023-04-06T08:17:58.856+0000][72][safepoint   ] Safepoint "Cleanup", Time since last: 1005993356 ns, Reaching safepoint: 752640 ns, At safepoint: 24665 ns, Total: 777305 ns
[2023-04-06T08:17:59.862+0000][72][safepoint   ] Safepoint "Cleanup", Time since last: 1006388526 ns, Reaching safepoint: 135028 ns, At safepoint: 6445 ns, Total: 141473 ns
[2023-04-06T08:18:00.866+0000][72][safepoint   ] Safepoint "Cleanup", Time since last: 1002962169 ns, Reaching safepoint: 200571 ns, At safepoint: 8928 ns, Total: 209499 ns
[2023-04-06T08:18:01.869+0000][72][safepoint   ] Safepoint "Cleanup", Time since last: 1002523244 ns, Reaching safepoint: 870445 ns, At safepoint: 35032 ns, Total: 905477 ns
[2023-04-06T08:18:02.873+0000][72][safepoint   ] Safepoint "Cleanup", Time since last: 1004099179 ns, Reaching safepoint: 379506 ns, At safepoint: 11764 ns, Total: 391270 ns
[2023-04-06T08:18:03.877+0000][72][safepoint   ] Safepoint "Cleanup", Time since last: 1002897520 ns, Reaching safepoint: 443071 ns, At safepoint: 17991 ns, Total: 461062 ns
[2023-04-06T08:18:04.880+0000][72][safepoint   ] Safepoint "Cleanup", Time since last: 1002333649 ns, Reaching safepoint: 378408 ns, At safepoint: 23246 ns, Total: 401654 ns
[2023-04-06T08:18:05.882+0000][72][safepoint   ] Safepoint "Cleanup", Time since last: 1001834895 ns, Reaching safepoint: 159334 ns, At safepoint: 7190 ns, Total: 166524 ns
[2023-04-06T08:18:06.883+0000][72][safepoint   ] Safepoint "Cleanup", Time since last: 1001674084 ns, Reaching safepoint: 273917 ns, At safepoint: 21318 ns, Total: 295235 ns
[2023-04-06T08:18:07.886+0000][72][safepoint   ] Safepoint "Cleanup", Time since last: 1002124025 ns, Reaching safepoint: 194995 ns, At safepoint: 41257 ns, Total: 236252 ns
[2023-04-06T08:18:08.889+0000][72][safepoint   ] Safepoint "Cleanup", Time since last: 1002528357 ns, Reaching safepoint: 803541 ns, At safepoint: 187680 ns, Total: 991221 ns
[2023-04-06T08:18:10.894+0000][72][safepoint   ] Safepoint "Cleanup", Time since last: 2004238873 ns, Reaching safepoint: 186588 ns, At safepoint: 4455 ns, Total: 191043 ns
[2023-04-06T08:18:11.896+0000][72][safepoint   ] Safepoint "Cleanup", Time since last: 1001626997 ns, Reaching safepoint: 613817 ns, At safepoint: 115361 ns, Total: 729178 ns
[2023-04-06T08:18:12.899+0000][72][safepoint   ] Safepoint "Cleanup", Time since last: 1002756773 ns, Reaching safepoint: 131181 ns, At safepoint: 6807 ns, Total: 137988 ns
[2023-04-06T08:18:13.901+0000][72][safepoint   ] Safepoint "Cleanup", Time since last: 1001915308 ns, Reaching safepoint: 137993 ns, At safepoint: 48837 ns, Total: 186830 ns
[2023-04-06T08:18:14.357+0000][72][gc,start    ] GC(34) Pause Young (Concurrent Start) (G1 Evacuation Pause)
[2023-04-06T08:18:14.358+0000][72][gc,task     ] GC(34) Using 4 workers of 4 for evacuation
[2023-04-06T08:18:14.358+0000][72][gc,age      ] GC(34) Desired survivor size 6291456 bytes, new threshold 15 (max threshold 15)
[2023-04-06T08:18:14.364+0000][72][gc,phases   ] GC(34)   Pre Evacuate Collection Set: 0.6ms
[2023-04-06T08:18:14.365+0000][72][gc,phases   ] GC(34)   Merge Heap Roots: 0.1ms
[2023-04-06T08:18:14.366+0000][72][gc,phases   ] GC(34)   Evacuate Collection Set: 3.6ms
[2023-04-06T08:18:14.366+0000][72][gc,phases   ] GC(34)   Post Evacuate Collection Set: 0.9ms
[2023-04-06T08:18:14.367+0000][72][gc,phases   ] GC(34)   Other: 1.7ms
[2023-04-06T08:18:14.367+0000][72][gc,age      ] GC(34) Age table with threshold 15 (max threshold 15)
[2023-04-06T08:18:14.368+0000][72][gc,age      ] GC(34) - age   1:    1243904 bytes,    1243904 total
[2023-04-06T08:18:14.368+0000][72][gc,age      ] GC(34) - age   2:    2308080 bytes,    3551984 total
[2023-04-06T08:18:14.369+0000][72][gc,heap     ] GC(34) Eden regions: 20->0(21)
[2023-04-06T08:18:14.369+0000][72][gc,heap     ] GC(34) Survivor regions: 2->1(3)
[2023-04-06T08:18:14.370+0000][72][gc,heap     ] GC(34) Old regions: 24->24
[2023-04-06T08:18:14.370+0000][72][gc,heap     ] GC(34) Archive regions: 2->2
[2023-04-06T08:18:14.371+0000][72][gc,heap     ] GC(34) Humongous regions: 2->2
[2023-04-06T08:18:14.371+0000][72][gc,metaspace] GC(34) Metaspace: 134479K(137920K)->134479K(137920K) NonClass: 116555K(118272K)->116555K(118272K) Class: 17923K(19648K)->17923K(19648K)
[2023-04-06T08:18:14.372+0000][72][gc          ] GC(34) Pause Young (Concurrent Start) (G1 Evacuation Pause) 191M->111M(256M) 15.033ms
[2023-04-06T08:18:14.372+0000][72][gc,cpu      ] GC(34) User=0.02s Sys=0.00s Real=0.02s
[2023-04-06T08:18:14.372+0000][72][gc          ] GC(35) Concurrent Mark Cycle
[2023-04-06T08:18:14.374+0000][72][gc,marking  ] GC(35) Concurrent Clear Claimed Marks
[2023-04-06T08:18:14.373+0000][72][safepoint   ] Safepoint "G1CollectForAllocation", Time since last: 455407240 ns, Reaching safepoint: 132819 ns, At safepoint: 16383037 ns, Total: 16515856 ns
[2023-04-06T08:18:14.375+0000][72][gc,marking  ] GC(35) Concurrent Clear Claimed Marks 1.056ms
[2023-04-06T08:18:14.377+0000][72][gc,marking  ] GC(35) Concurrent Scan Root Regions
[2023-04-06T08:18:14.383+0000][72][gc,marking  ] GC(35) Concurrent Scan Root Regions 5.399ms
[2023-04-06T08:18:14.384+0000][72][gc,marking  ] GC(35) Concurrent Mark
[2023-04-06T08:18:14.384+0000][72][gc,marking  ] GC(35) Concurrent Mark From Roots
[2023-04-06T08:18:14.385+0000][72][gc,task     ] GC(35) Using 1 workers of 1 for marking
[2023-04-06T08:18:14.522+0000][72][gc,marking  ] GC(35) Concurrent Mark From Roots 137.338ms
[2023-04-06T08:18:14.523+0000][72][gc,marking  ] GC(35) Concurrent Preclean
[2023-04-06T08:18:14.524+0000][72][gc,marking  ] GC(35) Concurrent Preclean 1.024ms
[2023-04-06T08:18:14.525+0000][72][gc,start    ] GC(35) Pause Remark
[2023-04-06T08:18:14.533+0000][72][gc          ] GC(35) Pause Remark 112M->112M(256M) 8.642ms
[2023-04-06T08:18:14.534+0000][72][gc,cpu      ] GC(35) User=0.02s Sys=0.00s Real=0.01s
[2023-04-06T08:18:14.536+0000][72][safepoint   ] Safepoint "G1PauseRemark", Time since last: 151612109 ns, Reaching safepoint: 111134 ns, At safepoint: 11023099 ns, Total: 11134233 ns
[2023-04-06T08:18:14.536+0000][72][gc,marking  ] GC(35) Concurrent Mark 152.989ms
[2023-04-06T08:18:14.537+0000][72][gc,marking  ] GC(35) Concurrent Rebuild Remembered Sets
[2023-04-06T08:18:14.591+0000][72][gc,marking  ] GC(35) Concurrent Rebuild Remembered Sets 54.093ms
[2023-04-06T08:18:14.592+0000][72][gc,start    ] GC(35) Pause Cleanup
[2023-04-06T08:18:14.594+0000][72][gc          ] GC(35) Pause Cleanup 112M->112M(256M) 1.195ms
[2023-04-06T08:18:14.595+0000][72][gc,cpu      ] GC(35) User=0.00s Sys=0.00s Real=0.00s
[2023-04-06T08:18:14.596+0000][72][safepoint   ] Safepoint "G1PauseCleanup", Time since last: 56370203 ns, Reaching safepoint: 207671 ns, At safepoint: 3246394 ns, Total: 3454065 ns
[2023-04-06T08:18:14.596+0000][72][gc,marking  ] GC(35) Concurrent Cleanup for Next Mark
[2023-04-06T08:18:14.598+0000][72][gc,marking  ] GC(35) Concurrent Cleanup for Next Mark 1.195ms
[2023-04-06T08:18:14.599+0000][72][gc          ] GC(35) Concurrent Mark Cycle 226.467ms
[2023-04-06T08:18:15.597+0000][72][safepoint   ] Safepoint "Cleanup", Time since last: 1001299740 ns, Reaching safepoint: 262877 ns, At safepoint: 9373 ns, Total: 272250 ns
[2023-04-06T08:18:16.599+0000][72][safepoint   ] Safepoint "Cleanup", Time since last: 1001448056 ns, Reaching safepoint: 311241 ns, At safepoint: 18311 ns, Total: 329552 ns
[2023-04-06T08:18:18.604+0000][72][safepoint   ] Safepoint "Cleanup", Time since last: 2004306901 ns, Reaching safepoint: 363008 ns, At safepoint: 18674 ns, Total: 381682 ns
[2023-04-06T08:18:19.585+0000][72][safepoint   ] Safepoint "Cleanup", Time since last: 1002216984 ns, Reaching safepoint: 126281 ns, At safepoint: 5580 ns, Total: 131861 ns
[2023-04-06T08:18:20.586+0000][72][safepoint   ] Safepoint "Cleanup", Time since last: 1001104619 ns, Reaching safepoint: 93415 ns, At safepoint: 36525 ns, Total: 129940 ns
[2023-04-06T08:18:21.588+0000][72][safepoint   ] Safepoint "Cleanup", Time since last: 1001454755 ns, Reaching safepoint: 141122 ns, At safepoint: 5284 ns, Total: 146406 ns
[2023-04-06T08:18:22.589+0000][72][safepoint   ] Safepoint "Cleanup", Time since last: 1001447088 ns, Reaching safepoint: 137512 ns, At safepoint: 4961 ns, Total: 142473 ns
[2023-04-06T08:18:23.591+0000][72][safepoint   ] Safepoint "Cleanup", Time since last: 1001767690 ns, Reaching safepoint: 139952 ns, At safepoint: 111324 ns, Total: 251276 ns
[2023-04-06T08:18:25.594+0000][72][safepoint   ] Safepoint "Cleanup", Time since last: 2002103046 ns, Reaching safepoint: 246481 ns, At safepoint: 26448 ns, Total: 272929 ns
[2023-04-06T08:18:26.597+0000][72][safepoint   ] Safepoint "Cleanup", Time since last: 1003004710 ns, Reaching safepoint: 276111 ns, At safepoint: 14710 ns, Total: 290821 ns
[2023-04-06T08:18:28.604+0000][72][safepoint   ] Safepoint "Cleanup", Time since last: 2006334038 ns, Reaching safepoint: 614714 ns, At safepoint: 24845 ns, Total: 639559 ns
[2023-04-06T08:18:29.609+0000][72][safepoint   ] Safepoint "Cleanup", Time since last: 1003886537 ns, Reaching safepoint: 896312 ns, At safepoint: 45773 ns, Total: 942085 ns
[2023-04-06T08:18:30.614+0000][72][safepoint   ] Safepoint "Cleanup", Time since last: 1004398086 ns, Reaching safepoint: 661815 ns, At safepoint: 117681 ns, Total: 779496 ns
[2023-04-06T08:18:31.618+0000][72][safepoint   ] Safepoint "Cleanup", Time since last: 1003853345 ns, Reaching safepoint: 181875 ns, At safepoint: 7626 ns, Total: 189501 ns
[2023-04-06T08:18:32.620+0000][72][safepoint   ] Safepoint "Cleanup", Time since last: 1001615193 ns, Reaching safepoint: 530268 ns, At safepoint: 69796 ns, Total: 600064 ns
[2023-04-06T08:18:33.624+0000][72][safepoint   ] Safepoint "Cleanup", Time since last: 1003143840 ns, Reaching safepoint: 450764 ns, At safepoint: 14197 ns, Total: 464961 ns
[2023-04-06T08:18:34.628+0000][72][safepoint   ] Safepoint "Cleanup", Time since last: 1003093647 ns, Reaching safepoint: 541981 ns, At safepoint: 41561 ns, Total: 583542 ns
[2023-04-06T08:18:36.643+0000][72][safepoint   ] Safepoint "Cleanup", Time since last: 2015654998 ns, Reaching safepoint: 97075 ns, At safepoint: 4900 ns, Total: 101975 ns
[2023-04-06T08:18:37.645+0000][72][safepoint   ] Safepoint "Cleanup", Time since last: 1001535016 ns, Reaching safepoint: 136126 ns, At safepoint: 7042 ns, Total: 143168 ns
[2023-04-06T08:18:38.646+0000][72][safepoint   ] Safepoint "Cleanup", Time since last: 1001214973 ns, Reaching safepoint: 69022 ns, At safepoint: 3125 ns, Total: 72147 ns
[2023-04-06T08:18:39.648+0000][72][safepoint   ] Safepoint "Cleanup", Time since last: 1001128247 ns, Reaching safepoint: 289554 ns, At safepoint: 7690 ns, Total: 297244 ns
[2023-04-06T08:18:40.665+0000][72][safepoint   ] Safepoint "Cleanup", Time since last: 1017028015 ns, Reaching safepoint: 382997 ns, At safepoint: 59622 ns, Total: 442619 ns
[2023-04-06T08:18:41.668+0000][72][safepoint   ] Safepoint "Cleanup", Time since last: 1002627269 ns, Reaching safepoint: 505746 ns, At safepoint: 10344 ns, Total: 516090 ns
[2023-04-06T08:18:43.524+0000][72][gc,start    ] GC(36) Pause Young (Normal) (G1 Evacuation Pause)
[2023-04-06T08:18:43.526+0000][72][gc,task     ] GC(36) Using 4 workers of 4 for evacuation
[2023-04-06T08:18:43.527+0000][72][gc,age      ] GC(36) Desired survivor size 6291456 bytes, new threshold 15 (max threshold 15)
[2023-04-06T08:18:43.536+0000][72][gc,phases   ] GC(36)   Pre Evacuate Collection Set: 0.1ms
[2023-04-06T08:18:43.537+0000][72][gc,phases   ] GC(36)   Merge Heap Roots: 0.1ms
[2023-04-06T08:18:43.538+0000][72][gc,phases   ] GC(36)   Evacuate Collection Set: 6.2ms
[2023-04-06T08:18:43.539+0000][72][gc,phases   ] GC(36)   Post Evacuate Collection Set: 1.3ms
[2023-04-06T08:18:43.540+0000][72][gc,phases   ] GC(36)   Other: 2.7ms
[2023-04-06T08:18:43.541+0000][72][gc,age      ] GC(36) Age table with threshold 15 (max threshold 15)
[2023-04-06T08:18:43.542+0000][72][gc,age      ] GC(36) - age   1:    1742592 bytes,    1742592 total
[2023-04-06T08:18:43.545+0000][72][gc,age      ] GC(36) - age   2:     208728 bytes,    1951320 total
[2023-04-06T08:18:43.548+0000][72][gc,age      ] GC(36) - age   3:    1776728 bytes,    3728048 total
[2023-04-06T08:18:43.549+0000][72][gc,heap     ] GC(36) Eden regions: 21->0(22)
[2023-04-06T08:18:43.550+0000][72][gc,heap     ] GC(36) Survivor regions: 1->1(3)
[2023-04-06T08:18:43.551+0000][72][gc,heap     ] GC(36) Old regions: 24->24
[2023-04-06T08:18:43.552+0000][72][gc,heap     ] GC(36) Archive regions: 2->2
[2023-04-06T08:18:43.553+0000][72][gc,heap     ] GC(36) Humongous regions: 2->2
[2023-04-06T08:18:43.554+0000][72][gc,metaspace] GC(36) Metaspace: 135175K(138624K)->135175K(138624K) NonClass: 117241K(118976K)->117241K(118976K) Class: 17933K(19648K)->17933K(19648K)
[2023-04-06T08:18:43.555+0000][72][gc          ] GC(36) Pause Young (Normal) (G1 Evacuation Pause) 195M->110M(256M) 30.369ms
[2023-04-06T08:18:43.556+0000][72][gc,cpu      ] GC(36) User=0.02s Sys=0.00s Real=0.03s
[2023-04-06T08:18:43.557+0000][72][safepoint   ] Safepoint "G1CollectForAllocation", Time since last: 1855961109 ns, Reaching safepoint: 200115 ns, At safepoint: 33010410 ns, Total: 33210525 ns
[2023-04-06T08:18:44.561+0000][72][safepoint   ] Safepoint "Cleanup", Time since last: 1002352462 ns, Reaching safepoint: 1011466 ns, At safepoint: 30636 ns, Total: 1042102 ns
[2023-04-06T08:18:45.566+0000][72][safepoint   ] Safepoint "Cleanup", Time since last: 1004602562 ns, Reaching safepoint: 517473 ns, At safepoint: 15895 ns, Total: 533368 ns
[2023-04-06T08:18:46.569+0000][72][safepoint   ] Safepoint "Cleanup", Time since last: 1002683673 ns, Reaching safepoint: 111120 ns, At safepoint: 35062 ns, Total: 146182 ns
[2023-04-06T08:18:47.570+0000][72][safepoint   ] Safepoint "Cleanup", Time since last: 1001339676 ns, Reaching safepoint: 208693 ns, At safepoint: 13409 ns, Total: 222102 ns
[2023-04-06T08:18:48.572+0000][72][safepoint   ] Safepoint "Cleanup", Time since last: 1001847730 ns, Reaching safepoint: 117178 ns, At safepoint: 4106 ns, Total: 121284 ns
[2023-04-06T08:18:49.549+0000][72][safepoint   ] Safepoint "Cleanup", Time since last: 1001630216 ns, Reaching safepoint: 355277 ns, At safepoint: 8312 ns, Total: 363589 ns
[2023-04-06T08:18:50.551+0000][72][safepoint   ] Safepoint "Cleanup", Time since last: 1001615851 ns, Reaching safepoint: 177829 ns, At safepoint: 9533 ns, Total: 187362 ns
[2023-04-06T08:18:51.555+0000][72][safepoint   ] Safepoint "Cleanup", Time since last: 1004102468 ns, Reaching safepoint: 358422 ns, At safepoint: 22062 ns, Total: 380484 ns
[2023-04-06T08:18:52.559+0000][72][safepoint   ] Safepoint "Cleanup", Time since last: 1004144616 ns, Reaching safepoint: 155355 ns, At safepoint: 5895 ns, Total: 161250 ns
[2023-04-06T08:18:53.762+0000][72][safepoint   ] Safepoint "Cleanup", Time since last: 1201983276 ns, Reaching safepoint: 194310 ns, At safepoint: 29327 ns, Total: 223637 ns
[2023-04-06T08:18:54.763+0000][72][safepoint   ] Safepoint "Cleanup", Time since last: 1001580452 ns, Reaching safepoint: 200848 ns, At safepoint: 8656 ns, Total: 209504 ns
[2023-04-06T08:18:56.544+0000][72][safepoint   ] Safepoint "Cleanup", Time since last: 1780121878 ns, Reaching safepoint: 224545 ns, At safepoint: 54100 ns, Total: 278645 ns
[2023-04-06T08:18:57.545+0000][72][safepoint   ] Safepoint "Cleanup", Time since last: 1000996577 ns, Reaching safepoint: 315108 ns, At safepoint: 17802 ns, Total: 332910 ns
[2023-04-06T08:18:58.561+0000][72][safepoint   ] Safepoint "Cleanup", Time since last: 1015092248 ns, Reaching safepoint: 317096 ns, At safepoint: 13556 ns, Total: 330652 ns
[2023-04-06T08:19:00.679+0000][72][safepoint   ] Safepoint "Cleanup", Time since last: 2118461245 ns, Reaching safepoint: 304088 ns, At safepoint: 73760 ns, Total: 377848 ns
[2023-04-06T08:19:01.683+0000][72][safepoint   ] Safepoint "Cleanup", Time since last: 1002810932 ns, Reaching safepoint: 1224708 ns, At safepoint: 33028 ns, Total: 1257736 ns
[2023-04-06T08:19:02.689+0000][72][safepoint   ] Safepoint "Cleanup", Time since last: 1004582146 ns, Reaching safepoint: 519681 ns, At safepoint: 67799 ns, Total: 587480 ns
[2023-04-06T08:19:03.691+0000][72][safepoint   ] Safepoint "Cleanup", Time since last: 1002388212 ns, Reaching safepoint: 92557 ns, At safepoint: 3998 ns, Total: 96555 ns
[2023-04-06T08:19:04.693+0000][72][safepoint   ] Safepoint "Cleanup", Time since last: 1001707593 ns, Reaching safepoint: 117715 ns, At safepoint: 3445 ns, Total: 121160 ns
[2023-04-06T08:19:05.694+0000][72][safepoint   ] Safepoint "Cleanup", Time since last: 1001356837 ns, Reaching safepoint: 125608 ns, At safepoint: 4807 ns, Total: 130415 ns
[2023-04-06T08:19:06.697+0000][72][safepoint   ] Safepoint "Cleanup", Time since last: 1002545693 ns, Reaching safepoint: 90819 ns, At safepoint: 3648 ns, Total: 94467 ns
[2023-04-06T08:19:07.476+0000][72][gc,start    ] GC(37) Pause Young (Concurrent Start) (G1 Evacuation Pause)
[2023-04-06T08:19:07.476+0000][72][gc,task     ] GC(37) Using 4 workers of 4 for evacuation
[2023-04-06T08:19:07.477+0000][72][gc,age      ] GC(37) Desired survivor size 6291456 bytes, new threshold 15 (max threshold 15)
[2023-04-06T08:19:07.483+0000][72][gc,phases   ] GC(37)   Pre Evacuate Collection Set: 0.4ms
[2023-04-06T08:19:07.484+0000][72][gc,phases   ] GC(37)   Merge Heap Roots: 0.2ms
[2023-04-06T08:19:07.484+0000][72][gc,phases   ] GC(37)   Evacuate Collection Set: 3.6ms
[2023-04-06T08:19:07.485+0000][72][gc,phases   ] GC(37)   Post Evacuate Collection Set: 1.1ms
[2023-04-06T08:19:07.486+0000][72][gc,phases   ] GC(37)   Other: 1.0ms
[2023-04-06T08:19:07.486+0000][72][gc,age      ] GC(37) Age table with threshold 15 (max threshold 15)
[2023-04-06T08:19:07.487+0000][72][gc,age      ] GC(37) - age   1:     609768 bytes,     609768 total
[2023-04-06T08:19:07.487+0000][72][gc,age      ] GC(37) - age   2:     548168 bytes,    1157936 total
[2023-04-06T08:19:07.488+0000][72][gc,age      ] GC(37) - age   3:      93408 bytes,    1251344 total
[2023-04-06T08:19:07.489+0000][72][gc,age      ] GC(37) - age   4:    1775904 bytes,    3027248 total
[2023-04-06T08:19:07.490+0000][72][gc,heap     ] GC(37) Eden regions: 22->0(22)
[2023-04-06T08:19:07.492+0000][72][gc,heap     ] GC(37) Survivor regions: 1->1(3)
[2023-04-06T08:19:07.493+0000][72][gc,heap     ] GC(37) Old regions: 24->24
[2023-04-06T08:19:07.493+0000][72][gc,heap     ] GC(37) Archive regions: 2->2
[2023-04-06T08:19:07.494+0000][72][gc,heap     ] GC(37) Humongous regions: 2->2
[2023-04-06T08:19:07.495+0000][72][gc,metaspace] GC(37) Metaspace: 135440K(138880K)->135440K(138880K) NonClass: 117506K(119232K)->117506K(119232K) Class: 17934K(19648K)->17934K(19648K)
[2023-04-06T08:19:07.495+0000][72][gc          ] GC(37) Pause Young (Concurrent Start) (G1 Evacuation Pause) 198M->110M(256M) 19.385ms
[2023-04-06T08:19:07.496+0000][72][gc,cpu      ] GC(37) User=0.01s Sys=0.01s Real=0.02s
[2023-04-06T08:19:07.496+0000][72][safepoint   ] Safepoint "G1CollectForAllocation", Time since last: 778544726 ns, Reaching safepoint: 89942 ns, At safepoint: 20593751 ns, Total: 20683693 ns
[2023-04-06T08:19:07.496+0000][72][gc          ] GC(38) Concurrent Mark Cycle
[2023-04-06T08:19:07.500+0000][72][gc,marking  ] GC(38) Concurrent Clear Claimed Marks
[2023-04-06T08:19:07.503+0000][72][gc,marking  ] GC(38) Concurrent Clear Claimed Marks 3.133ms
[2023-04-06T08:19:07.504+0000][72][gc,marking  ] GC(38) Concurrent Scan Root Regions
[2023-04-06T08:19:07.514+0000][72][gc,marking  ] GC(38) Concurrent Scan Root Regions 9.633ms
[2023-04-06T08:19:07.515+0000][72][gc,marking  ] GC(38) Concurrent Mark
[2023-04-06T08:19:07.516+0000][72][gc,marking  ] GC(38) Concurrent Mark From Roots
[2023-04-06T08:19:07.517+0000][72][gc,task     ] GC(38) Using 1 workers of 1 for marking
[2023-04-06T08:19:07.676+0000][72][gc,marking  ] GC(38) Concurrent Mark From Roots 160.184ms
[2023-04-06T08:19:07.678+0000][72][gc,marking  ] GC(38) Concurrent Preclean
[2023-04-06T08:19:07.679+0000][72][gc,marking  ] GC(38) Concurrent Preclean 1.492ms
[2023-04-06T08:19:07.681+0000][72][gc,start    ] GC(38) Pause Remark
[2023-04-06T08:19:07.695+0000][72][gc          ] GC(38) Pause Remark 114M->114M(256M) 14.438ms
[2023-04-06T08:19:07.705+0000][72][gc,cpu      ] GC(38) User=0.03s Sys=0.00s Real=0.03s
[2023-04-06T08:19:07.706+0000][72][safepoint   ] Safepoint "G1PauseRemark", Time since last: 183776524 ns, Reaching safepoint: 447417 ns, At safepoint: 25672405 ns, Total: 26119822 ns
[2023-04-06T08:19:07.707+0000][72][gc,marking  ] GC(38) Concurrent Mark 191.948ms
[2023-04-06T08:19:07.709+0000][72][gc,marking  ] GC(38) Concurrent Rebuild Remembered Sets
[2023-04-06T08:19:07.817+0000][72][gc,marking  ] GC(38) Concurrent Rebuild Remembered Sets 108.240ms
[2023-04-06T08:19:07.818+0000][72][gc,start    ] GC(38) Pause Cleanup
[2023-04-06T08:19:07.819+0000][72][gc          ] GC(38) Pause Cleanup 115M->115M(256M) 1.161ms
[2023-04-06T08:19:07.820+0000][72][gc,cpu      ] GC(38) User=0.00s Sys=0.00s Real=0.00s
[2023-04-06T08:19:07.821+0000][72][safepoint   ] Safepoint "G1PauseCleanup", Time since last: 111862341 ns, Reaching safepoint: 130703 ns, At safepoint: 2677638 ns, Total: 2808341 ns
[2023-04-06T08:19:07.822+0000][72][gc,marking  ] GC(38) Concurrent Cleanup for Next Mark
[2023-04-06T08:19:07.823+0000][72][gc,marking  ] GC(38) Concurrent Cleanup for Next Mark 1.117ms
[2023-04-06T08:19:07.824+0000][72][gc          ] GC(38) Concurrent Mark Cycle 328.002ms
[2023-04-06T08:19:08.822+0000][72][safepoint   ] Safepoint "Cleanup", Time since last: 1001110994 ns, Reaching safepoint: 264865 ns, At safepoint: 6046 ns, Total: 270911 ns
[2023-04-06T08:19:09.824+0000][72][safepoint   ] Safepoint "Cleanup", Time since last: 1001493917 ns, Reaching safepoint: 231863 ns, At safepoint: 14140 ns, Total: 246003 ns
[2023-04-06T08:19:10.825+0000][72][safepoint   ] Safepoint "Cleanup", Time since last: 1001013284 ns, Reaching safepoint: 155335 ns, At safepoint: 4142 ns, Total: 159477 ns
[2023-04-06T08:19:13.828+0000][72][safepoint   ] Safepoint "Cleanup", Time since last: 3002285052 ns, Reaching safepoint: 280364 ns, At safepoint: 12203 ns, Total: 292567 ns
[2023-04-06T08:19:14.830+0000][72][safepoint   ] Safepoint "Cleanup", Time since last: 1001926870 ns, Reaching safepoint: 171839 ns, At safepoint: 4256 ns, Total: 176095 ns
[2023-04-06T08:19:15.832+0000][72][safepoint   ] Safepoint "Cleanup", Time since last: 1001861158 ns, Reaching safepoint: 446640 ns, At safepoint: 12934 ns, Total: 459574 ns
[2023-04-06T08:19:16.835+0000][72][safepoint   ] Safepoint "Cleanup", Time since last: 1002389164 ns, Reaching safepoint: 225808 ns, At safepoint: 5513 ns, Total: 231321 ns
[2023-04-06T08:19:17.837+0000][72][safepoint   ] Safepoint "Cleanup", Time since last: 1001838513 ns, Reaching safepoint: 240691 ns, At safepoint: 7470 ns, Total: 248161 ns
[2023-04-06T08:19:18.841+0000][72][safepoint   ] Safepoint "Cleanup", Time since last: 1003980732 ns, Reaching safepoint: 197785 ns, At safepoint: 6017 ns, Total: 203802 ns
[2023-04-06T08:19:19.821+0000][72][safepoint   ] Safepoint "Cleanup", Time since last: 1001554797 ns, Reaching safepoint: 414696 ns, At safepoint: 16978 ns, Total: 431674 ns
[2023-04-06T08:19:20.823+0000][72][safepoint   ] Safepoint "Cleanup", Time since last: 1001320969 ns, Reaching safepoint: 193267 ns, At safepoint: 12874 ns, Total: 206141 ns
[2023-04-06T08:19:21.824+0000][72][safepoint   ] Safepoint "Cleanup", Time since last: 1001444237 ns, Reaching safepoint: 151738 ns, At safepoint: 5331 ns, Total: 157069 ns
[2023-04-06T08:19:22.828+0000][72][safepoint   ] Safepoint "Cleanup", Time since last: 1003347126 ns, Reaching safepoint: 202548 ns, At safepoint: 5654 ns, Total: 208202 ns
[2023-04-06T08:19:23.829+0000][72][safepoint   ] Safepoint "Cleanup", Time since last: 1000913919 ns, Reaching safepoint: 150834 ns, At safepoint: 4321 ns, Total: 155155 ns
[2023-04-06T08:19:24.831+0000][72][safepoint   ] Safepoint "Cleanup", Time since last: 1001967908 ns, Reaching safepoint: 199381 ns, At safepoint: 13962 ns, Total: 213343 ns
[2023-04-06T08:19:25.833+0000][72][safepoint   ] Safepoint "Cleanup", Time since last: 1001859815 ns, Reaching safepoint: 116134 ns, At safepoint: 3992 ns, Total: 120126 ns
[2023-04-06T08:19:26.834+0000][72][safepoint   ] Safepoint "Cleanup", Time since last: 1000611813 ns, Reaching safepoint: 152966 ns, At safepoint: 4363 ns, Total: 157329 ns
[2023-04-06T08:19:28.835+0000][72][safepoint   ] Safepoint "Cleanup", Time since last: 2001475492 ns, Reaching safepoint: 167485 ns, At safepoint: 5194 ns, Total: 172679 ns
[2023-04-06T08:19:29.838+0000][72][safepoint   ] Safepoint "Cleanup", Time since last: 1002784781 ns, Reaching safepoint: 156121 ns, At safepoint: 4984 ns, Total: 161105 ns
[2023-04-06T08:19:30.840+0000][72][safepoint   ] Safepoint "Cleanup", Time since last: 1001501025 ns, Reaching safepoint: 144910 ns, At safepoint: 5582 ns, Total: 150492 ns
[2023-04-06T08:19:31.842+0000][72][safepoint   ] Safepoint "Cleanup", Time since last: 1001555868 ns, Reaching safepoint: 156802 ns, At safepoint: 5214 ns, Total: 162016 ns
[2023-04-06T08:19:32.843+0000][72][safepoint   ] Safepoint "Cleanup", Time since last: 1001448593 ns, Reaching safepoint: 105963 ns, At safepoint: 3896 ns, Total: 109859 ns
[2023-04-06T08:19:33.845+0000][72][safepoint   ] Safepoint "Cleanup", Time since last: 1001376441 ns, Reaching safepoint: 664703 ns, At safepoint: 9111 ns, Total: 673814 ns
[2023-04-06T08:19:34.847+0000][72][safepoint   ] Safepoint "Cleanup", Time since last: 1001337163 ns, Reaching safepoint: 675941 ns, At safepoint: 13712 ns, Total: 689653 ns
[2023-04-06T08:19:35.849+0000][72][safepoint   ] Safepoint "Cleanup", Time since last: 1001850226 ns, Reaching safepoint: 104424 ns, At safepoint: 3633 ns, Total: 108057 ns
[2023-04-06T08:19:37.852+0000][72][safepoint   ] Safepoint "Cleanup", Time since last: 2002243918 ns, Reaching safepoint: 121432 ns, At safepoint: 4170 ns, Total: 125602 ns
[2023-04-06T08:19:38.854+0000][72][safepoint   ] Safepoint "Cleanup", Time since last: 1002363610 ns, Reaching safepoint: 87603 ns, At safepoint: 3860 ns, Total: 91463 ns
[2023-04-06T08:19:40.104+0000][72][gc,start    ] GC(39) Pause Young (Normal) (G1 Evacuation Pause)
[2023-04-06T08:19:40.106+0000][72][gc,task     ] GC(39) Using 4 workers of 4 for evacuation
[2023-04-06T08:19:40.107+0000][72][gc,age      ] GC(39) Desired survivor size 6291456 bytes, new threshold 15 (max threshold 15)
[2023-04-06T08:19:40.117+0000][72][gc,phases   ] GC(39)   Pre Evacuate Collection Set: 0.2ms
[2023-04-06T08:19:40.118+0000][72][gc,phases   ] GC(39)   Merge Heap Roots: 0.1ms
[2023-04-06T08:19:40.119+0000][72][gc,phases   ] GC(39)   Evacuate Collection Set: 6.0ms
[2023-04-06T08:19:40.120+0000][72][gc,phases   ] GC(39)   Post Evacuate Collection Set: 1.2ms
[2023-04-06T08:19:40.120+0000][72][gc,phases   ] GC(39)   Other: 3.6ms
[2023-04-06T08:19:40.121+0000][72][gc,age      ] GC(39) Age table with threshold 15 (max threshold 15)
[2023-04-06T08:19:40.122+0000][72][gc,age      ] GC(39) - age   1:     749096 bytes,     749096 total
[2023-04-06T08:19:40.122+0000][72][gc,age      ] GC(39) - age   2:      67344 bytes,     816440 total
[2023-04-06T08:19:40.123+0000][72][gc,age      ] GC(39) - age   3:     546248 bytes,    1362688 total
[2023-04-06T08:19:40.124+0000][72][gc,age      ] GC(39) - age   4:      92176 bytes,    1454864 total
[2023-04-06T08:19:40.124+0000][72][gc,age      ] GC(39) - age   5:    1762216 bytes,    3217080 total
[2023-04-06T08:19:40.125+0000][72][gc,heap     ] GC(39) Eden regions: 22->0(23)
[2023-04-06T08:19:40.126+0000][72][gc,heap     ] GC(39) Survivor regions: 1->1(3)
[2023-04-06T08:19:40.127+0000][72][gc,heap     ] GC(39) Old regions: 24->24
[2023-04-06T08:19:40.127+0000][72][gc,heap     ] GC(39) Archive regions: 2->2
[2023-04-06T08:19:40.128+0000][72][gc,heap     ] GC(39) Humongous regions: 2->2
[2023-04-06T08:19:40.128+0000][72][gc,metaspace] GC(39) Metaspace: 135824K(139264K)->135824K(139264K) NonClass: 117890K(119616K)->117890K(119616K) Class: 17934K(19648K)->17934K(19648K)
[2023-04-06T08:19:40.129+0000][72][gc          ] GC(39) Pause Young (Normal) (G1 Evacuation Pause) 198M->110M(256M) 25.192ms
[2023-04-06T08:19:40.130+0000][72][gc,cpu      ] GC(39) User=0.02s Sys=0.01s Real=0.02s
[2023-04-06T08:19:40.131+0000][72][safepoint   ] Safepoint "G1CollectForAllocation", Time since last: 1249779528 ns, Reaching safepoint: 293298 ns, At safepoint: 26584798 ns, Total: 26878096 ns
[2023-04-06T08:19:41.133+0000][72][safepoint   ] Safepoint "Cleanup", Time since last: 1002554721 ns, Reaching safepoint: 205738 ns, At safepoint: 5465 ns, Total: 211203 ns
[2023-04-06T08:19:44.136+0000][72][safepoint   ] Safepoint "Cleanup", Time since last: 3002430073 ns, Reaching safepoint: 264379 ns, At safepoint: 10412 ns, Total: 274791 ns
[2023-04-06T08:19:45.138+0000][72][safepoint   ] Safepoint "Cleanup", Time since last: 1001637610 ns, Reaching safepoint: 301559 ns, At safepoint: 11503 ns, Total: 313062 ns
[2023-04-06T08:19:47.140+0000][72][safepoint   ] Safepoint "Cleanup", Time since last: 2002087147 ns, Reaching safepoint: 188244 ns, At safepoint: 9374 ns, Total: 197618 ns
[2023-04-06T08:19:48.142+0000][72][safepoint   ] Safepoint "Cleanup", Time since last: 1001541873 ns, Reaching safepoint: 209317 ns, At safepoint: 6717 ns, Total: 216034 ns
[2023-04-06T08:19:50.123+0000][72][safepoint   ] Safepoint "Cleanup", Time since last: 2001483665 ns, Reaching safepoint: 156673 ns, At safepoint: 26920 ns, Total: 183593 ns
[2023-04-06T08:19:51.124+0000][72][safepoint   ] Safepoint "Cleanup", Time since last: 1000909387 ns, Reaching safepoint: 156057 ns, At safepoint: 5713 ns, Total: 161770 ns
[2023-04-06T08:19:52.126+0000][72][safepoint   ] Safepoint "Cleanup", Time since last: 1001309580 ns, Reaching safepoint: 281169 ns, At safepoint: 5510 ns, Total: 286679 ns
[2023-04-06T08:19:53.127+0000][72][safepoint   ] Safepoint "Cleanup", Time since last: 1001489864 ns, Reaching safepoint: 167426 ns, At safepoint: 7042 ns, Total: 174468 ns
[2023-04-06T08:19:55.130+0000][72][safepoint   ] Safepoint "Cleanup", Time since last: 2002508644 ns, Reaching safepoint: 345389 ns, At safepoint: 10008 ns, Total: 355397 ns
[2023-04-06T08:19:56.131+0000][72][safepoint   ] Safepoint "Cleanup", Time since last: 1001083988 ns, Reaching safepoint: 293156 ns, At safepoint: 9702 ns, Total: 302858 ns
[2023-04-06T08:19:57.134+0000][72][safepoint   ] Safepoint "Cleanup", Time since last: 1002027730 ns, Reaching safepoint: 256733 ns, At safepoint: 10406 ns, Total: 267139 ns
[2023-04-06T08:19:58.136+0000][72][safepoint   ] Safepoint "Cleanup", Time since last: 1002226939 ns, Reaching safepoint: 236455 ns, At safepoint: 27539 ns, Total: 263994 ns
[2023-04-06T08:19:59.138+0000][72][safepoint   ] Safepoint "Cleanup", Time since last: 1001156714 ns, Reaching safepoint: 141750 ns, At safepoint: 5842 ns, Total: 147592 ns
[2023-04-06T08:20:00.139+0000][72][safepoint   ] Safepoint "Cleanup", Time since last: 1001319128 ns, Reaching safepoint: 214580 ns, At safepoint: 7827 ns, Total: 222407 ns
[2023-04-06T08:20:01.141+0000][72][safepoint   ] Safepoint "Cleanup", Time since last: 1001501318 ns, Reaching safepoint: 127478 ns, At safepoint: 3946 ns, Total: 131424 ns
[2023-04-06T08:20:02.142+0000][72][safepoint   ] Safepoint "Cleanup", Time since last: 1001173600 ns, Reaching safepoint: 222087 ns, At safepoint: 5913 ns, Total: 228000 ns
[2023-04-06T08:20:07.145+0000][72][safepoint   ] Safepoint "Cleanup", Time since last: 5002307504 ns, Reaching safepoint: 201322 ns, At safepoint: 5681 ns, Total: 207003 ns
[2023-04-06T08:20:08.146+0000][72][safepoint   ] Safepoint "Cleanup", Time since last: 1000991126 ns, Reaching safepoint: 240254 ns, At safepoint: 11357 ns, Total: 251611 ns
[2023-04-06T08:20:10.147+0000][72][safepoint   ] Safepoint "Cleanup", Time since last: 2001134891 ns, Reaching safepoint: 76693 ns, At safepoint: 3181 ns, Total: 79874 ns
[2023-04-06T08:20:10.455+0000][72][gc,start    ] GC(40) Pause Young (Concurrent Start) (G1 Evacuation Pause)
[2023-04-06T08:20:10.456+0000][72][gc,task     ] GC(40) Using 4 workers of 4 for evacuation
[2023-04-06T08:20:10.457+0000][72][gc,age      ] GC(40) Desired survivor size 6291456 bytes, new threshold 15 (max threshold 15)
[2023-04-06T08:20:10.465+0000][72][gc,phases   ] GC(40)   Pre Evacuate Collection Set: 0.5ms
[2023-04-06T08:20:10.465+0000][72][gc,phases   ] GC(40)   Merge Heap Roots: 0.2ms
[2023-04-06T08:20:10.466+0000][72][gc,phases   ] GC(40)   Evacuate Collection Set: 4.8ms
[2023-04-06T08:20:10.466+0000][72][gc,phases   ] GC(40)   Post Evacuate Collection Set: 1.0ms
[2023-04-06T08:20:10.467+0000][72][gc,phases   ] GC(40)   Other: 1.7ms
[2023-04-06T08:20:10.467+0000][72][gc,age      ] GC(40) Age table with threshold 15 (max threshold 15)
[2023-04-06T08:20:10.468+0000][72][gc,age      ] GC(40) - age   1:    1003752 bytes,    1003752 total
[2023-04-06T08:20:10.469+0000][72][gc,age      ] GC(40) - age   2:      10728 bytes,    1014480 total
[2023-04-06T08:20:10.469+0000][72][gc,age      ] GC(40) - age   3:      66312 bytes,    1080792 total
[2023-04-06T08:20:10.470+0000][72][gc,age      ] GC(40) - age   4:     545608 bytes,    1626400 total
[2023-04-06T08:20:10.471+0000][72][gc,age      ] GC(40) - age   5:      92112 bytes,    1718512 total
[2023-04-06T08:20:10.471+0000][72][gc,age      ] GC(40) - age   6:    1754200 bytes,    3472712 total
[2023-04-06T08:20:10.472+0000][72][gc,heap     ] GC(40) Eden regions: 23->0(23)
[2023-04-06T08:20:10.472+0000][72][gc,heap     ] GC(40) Survivor regions: 1->1(3)
[2023-04-06T08:20:10.473+0000][72][gc,heap     ] GC(40) Old regions: 24->24
[2023-04-06T08:20:10.473+0000][72][gc,heap     ] GC(40) Archive regions: 2->2
[2023-04-06T08:20:10.474+0000][72][gc,heap     ] GC(40) Humongous regions: 2->2
[2023-04-06T08:20:10.475+0000][72][gc,metaspace] GC(40) Metaspace: 136040K(139456K)->136040K(139456K) NonClass: 118106K(119808K)->118106K(119808K) Class: 17934K(19648K)->17934K(19648K)
[2023-04-06T08:20:10.475+0000][72][gc          ] GC(40) Pause Young (Concurrent Start) (G1 Evacuation Pause) 202M->110M(256M) 20.135ms
[2023-04-06T08:20:10.476+0000][72][gc,cpu      ] GC(40) User=0.02s Sys=0.01s Real=0.02s
[2023-04-06T08:20:10.476+0000][72][gc          ] GC(41) Concurrent Mark Cycle
[2023-04-06T08:20:10.477+0000][72][gc,marking  ] GC(41) Concurrent Clear Claimed Marks
[2023-04-06T08:20:10.477+0000][72][safepoint   ] Safepoint "G1CollectForAllocation", Time since last: 307835257 ns, Reaching safepoint: 95308 ns, At safepoint: 21984808 ns, Total: 22080116 ns
[2023-04-06T08:20:10.480+0000][72][gc,marking  ] GC(41) Concurrent Clear Claimed Marks 2.891ms
[2023-04-06T08:20:10.481+0000][72][gc,marking  ] GC(41) Concurrent Scan Root Regions
[2023-04-06T08:20:10.485+0000][72][gc,marking  ] GC(41) Concurrent Scan Root Regions 3.687ms
[2023-04-06T08:20:10.485+0000][72][gc,marking  ] GC(41) Concurrent Mark
[2023-04-06T08:20:10.486+0000][72][gc,marking  ] GC(41) Concurrent Mark From Roots
[2023-04-06T08:20:10.486+0000][72][gc,task     ] GC(41) Using 1 workers of 1 for marking
[2023-04-06T08:20:10.590+0000][72][gc,marking  ] GC(41) Concurrent Mark From Roots 104.543ms
[2023-04-06T08:20:10.591+0000][72][gc,marking  ] GC(41) Concurrent Preclean
[2023-04-06T08:20:10.593+0000][72][gc,marking  ] GC(41) Concurrent Preclean 1.321ms
[2023-04-06T08:20:10.594+0000][72][gc,start    ] GC(41) Pause Remark
[2023-04-06T08:20:10.617+0000][72][gc          ] GC(41) Pause Remark 112M->112M(256M) 22.689ms
[2023-04-06T08:20:10.618+0000][72][gc,cpu      ] GC(41) User=0.05s Sys=0.00s Real=0.02s
[2023-04-06T08:20:10.624+0000][72][safepoint   ] Safepoint "G1PauseRemark", Time since last: 116834096 ns, Reaching safepoint: 175847 ns, At safepoint: 30140779 ns, Total: 30316626 ns
[2023-04-06T08:20:10.625+0000][72][gc,marking  ] GC(41) Concurrent Mark 139.989ms
[2023-04-06T08:20:10.627+0000][72][gc,marking  ] GC(41) Concurrent Rebuild Remembered Sets
[2023-04-06T08:20:10.689+0000][72][gc,marking  ] GC(41) Concurrent Rebuild Remembered Sets 62.458ms
[2023-04-06T08:20:10.690+0000][72][gc,start    ] GC(41) Pause Cleanup
[2023-04-06T08:20:10.691+0000][72][gc          ] GC(41) Pause Cleanup 112M->112M(256M) 0.740ms
[2023-04-06T08:20:10.692+0000][72][gc,cpu      ] GC(41) User=0.00s Sys=0.00s Real=0.00s
[2023-04-06T08:20:10.692+0000][72][safepoint   ] Safepoint "G1PauseCleanup", Time since last: 66104759 ns, Reaching safepoint: 63702 ns, At safepoint: 2074817 ns, Total: 2138519 ns
[2023-04-06T08:20:10.693+0000][72][gc,marking  ] GC(41) Concurrent Cleanup for Next Mark
[2023-04-06T08:20:10.695+0000][72][gc,marking  ] GC(41) Concurrent Cleanup for Next Mark 1.349ms
[2023-04-06T08:20:10.696+0000][72][gc          ] GC(41) Concurrent Mark Cycle 219.176ms
[2023-04-06T08:20:13.695+0000][72][safepoint   ] Safepoint "Cleanup", Time since last: 3002910929 ns, Reaching safepoint: 111008 ns, At safepoint: 18467 ns, Total: 129475 ns
[2023-04-06T08:20:14.698+0000][72][safepoint   ] Safepoint "Cleanup", Time since last: 1001922550 ns, Reaching safepoint: 178271 ns, At safepoint: 6843 ns, Total: 185114 ns
[2023-04-06T08:20:16.700+0000][72][safepoint   ] Safepoint "Cleanup", Time since last: 2002087944 ns, Reaching safepoint: 114604 ns, At safepoint: 4840 ns, Total: 119444 ns
[2023-04-06T08:20:17.702+0000][72][safepoint   ] Safepoint "Cleanup", Time since last: 1002146014 ns, Reaching safepoint: 204802 ns, At safepoint: 5976 ns, Total: 210778 ns
[2023-04-06T08:20:18.704+0000][72][safepoint   ] Safepoint "Cleanup", Time since last: 1001315880 ns, Reaching safepoint: 90672 ns, At safepoint: 4071 ns, Total: 94743 ns
[2023-04-06T08:20:19.683+0000][72][safepoint   ] Safepoint "Cleanup", Time since last: 1001155752 ns, Reaching safepoint: 139333 ns, At safepoint: 5505 ns, Total: 144838 ns
[2023-04-06T08:20:20.685+0000][72][safepoint   ] Safepoint "Cleanup", Time since last: 1001769093 ns, Reaching safepoint: 115438 ns, At safepoint: 4401 ns, Total: 119839 ns
[2023-04-06T08:20:21.687+0000][72][safepoint   ] Safepoint "Cleanup", Time since last: 1001981044 ns, Reaching safepoint: 119159 ns, At safepoint: 4968 ns, Total: 124127 ns
[2023-04-06T08:20:22.689+0000][72][safepoint   ] Safepoint "Cleanup", Time since last: 1001722303 ns, Reaching safepoint: 110710 ns, At safepoint: 4564 ns, Total: 115274 ns
[2023-04-06T08:20:23.690+0000][72][safepoint   ] Safepoint "Cleanup", Time since last: 1001719457 ns, Reaching safepoint: 110679 ns, At safepoint: 6311 ns, Total: 116990 ns
[2023-04-06T08:20:24.692+0000][72][safepoint   ] Safepoint "Cleanup", Time since last: 1001650057 ns, Reaching safepoint: 141275 ns, At safepoint: 5026 ns, Total: 146301 ns
[2023-04-06T08:20:25.695+0000][72][safepoint   ] Safepoint "Cleanup", Time since last: 1002849963 ns, Reaching safepoint: 165144 ns, At safepoint: 6225 ns, Total: 171369 ns
[2023-04-06T08:20:26.698+0000][72][safepoint   ] Safepoint "Cleanup", Time since last: 1002451256 ns, Reaching safepoint: 62383 ns, At safepoint: 3040 ns, Total: 65423 ns
[2023-04-06T08:20:27.699+0000][72][safepoint   ] Safepoint "Cleanup", Time since last: 1001462950 ns, Reaching safepoint: 74696 ns, At safepoint: 4494 ns, Total: 79190 ns
[2023-04-06T08:20:28.725+0000][72][safepoint   ] Safepoint "Cleanup", Time since last: 1025155092 ns, Reaching safepoint: 125699 ns, At safepoint: 63142 ns, Total: 188841 ns
[2023-04-06T08:20:30.727+0000][72][safepoint   ] Safepoint "Cleanup", Time since last: 2002017832 ns, Reaching safepoint: 147905 ns, At safepoint: 20595 ns, Total: 168500 ns
[2023-04-06T08:20:31.729+0000][72][safepoint   ] Safepoint "Cleanup", Time since last: 1001942975 ns, Reaching safepoint: 98173 ns, At safepoint: 4122 ns, Total: 102295 ns
[2023-04-06T08:20:32.731+0000][72][safepoint   ] Safepoint "Cleanup", Time since last: 1001672363 ns, Reaching safepoint: 80944 ns, At safepoint: 3255 ns, Total: 84199 ns
[2023-04-06T08:20:34.733+0000][72][safepoint   ] Safepoint "Cleanup", Time since last: 2002466373 ns, Reaching safepoint: 130113 ns, At safepoint: 5752 ns, Total: 135865 ns
[2023-04-06T08:20:35.735+0000][72][safepoint   ] Safepoint "Cleanup", Time since last: 1001738016 ns, Reaching safepoint: 105903 ns, At safepoint: 5198 ns, Total: 111101 ns
[2023-04-06T08:20:37.737+0000][72][safepoint   ] Safepoint "Cleanup", Time since last: 2001523811 ns, Reaching safepoint: 151944 ns, At safepoint: 7082 ns, Total: 159026 ns
[2023-04-06T08:20:38.739+0000][72][safepoint   ] Safepoint "Cleanup", Time since last: 1001998920 ns, Reaching safepoint: 97820 ns, At safepoint: 7048 ns, Total: 104868 ns
[2023-04-06T08:20:40.744+0000][72][safepoint   ] Safepoint "Cleanup", Time since last: 2003988195 ns, Reaching safepoint: 742411 ns, At safepoint: 42695 ns, Total: 785106 ns
[2023-04-06T08:20:42.748+0000][72][safepoint   ] Safepoint "Cleanup", Time since last: 2003763864 ns, Reaching safepoint: 72370 ns, At safepoint: 3345 ns, Total: 75715 ns
[2023-04-06T08:20:43.134+0000][72][gc,start    ] GC(42) Pause Young (Prepare Mixed) (G1 Evacuation Pause)
[2023-04-06T08:20:43.135+0000][72][gc,task     ] GC(42) Using 4 workers of 4 for evacuation
[2023-04-06T08:20:43.135+0000][72][gc,age      ] GC(42) Desired survivor size 6291456 bytes, new threshold 15 (max threshold 15)
[2023-04-06T08:20:43.142+0000][72][gc,phases   ] GC(42)   Pre Evacuate Collection Set: 0.1ms
[2023-04-06T08:20:43.143+0000][72][gc,phases   ] GC(42)   Merge Heap Roots: 0.1ms
[2023-04-06T08:20:43.143+0000][72][gc,phases   ] GC(42)   Evacuate Collection Set: 5.4ms
[2023-04-06T08:20:43.144+0000][72][gc,phases   ] GC(42)   Post Evacuate Collection Set: 0.9ms
[2023-04-06T08:20:43.144+0000][72][gc,phases   ] GC(42)   Other: 1.1ms
[2023-04-06T08:20:43.144+0000][72][gc,age      ] GC(42) Age table with threshold 15 (max threshold 15)
[2023-04-06T08:20:43.145+0000][72][gc,age      ] GC(42) - age   1:    1708600 bytes,    1708600 total
[2023-04-06T08:20:43.145+0000][72][gc,age      ] GC(42) - age   2:      23728 bytes,    1732328 total
[2023-04-06T08:20:43.146+0000][72][gc,age      ] GC(42) - age   3:       9392 bytes,    1741720 total
[2023-04-06T08:20:43.146+0000][72][gc,age      ] GC(42) - age   4:      66184 bytes,    1807904 total
[2023-04-06T08:20:43.146+0000][72][gc,age      ] GC(42) - age   5:     545312 bytes,    2353216 total
[2023-04-06T08:20:43.147+0000][72][gc,age      ] GC(42) - age   6:      92112 bytes,    2445328 total
[2023-04-06T08:20:43.147+0000][72][gc,age      ] GC(42) - age   7:    1718608 bytes,    4163936 total
[2023-04-06T08:20:43.148+0000][72][gc,heap     ] GC(42) Eden regions: 23->0(1)
[2023-04-06T08:20:43.148+0000][72][gc,heap     ] GC(42) Survivor regions: 1->2(3)
[2023-04-06T08:20:43.148+0000][72][gc,heap     ] GC(42) Old regions: 24->24
[2023-04-06T08:20:43.149+0000][72][gc,heap     ] GC(42) Archive regions: 2->2
[2023-04-06T08:20:43.150+0000][72][gc,heap     ] GC(42) Humongous regions: 2->2
[2023-04-06T08:20:43.150+0000][72][gc,metaspace] GC(42) Metaspace: 134026K(139520K)->134026K(139520K) NonClass: 116645K(119872K)->116645K(119872K) Class: 17381K(19648K)->17381K(19648K)
[2023-04-06T08:20:43.150+0000][72][gc          ] GC(42) Pause Young (Prepare Mixed) (G1 Evacuation Pause) 202M->111M(256M) 16.752ms
[2023-04-06T08:20:43.151+0000][72][gc,cpu      ] GC(42) User=0.02s Sys=0.00s Real=0.02s
[2023-04-06T08:20:43.151+0000][72][safepoint   ] Safepoint "G1CollectForAllocation", Time since last: 386124638 ns, Reaching safepoint: 90103 ns, At safepoint: 17768360 ns, Total: 17858463 ns
[2023-04-06T08:20:43.389+0000][72][gc,start    ] GC(43) Pause Young (Mixed) (G1 Evacuation Pause)
[2023-04-06T08:20:43.389+0000][72][gc,task     ] GC(43) Using 4 workers of 4 for evacuation
[2023-04-06T08:20:43.390+0000][72][gc,age      ] GC(43) Desired survivor size 2097152 bytes, new threshold 5 (max threshold 15)
[2023-04-06T08:20:43.396+0000][72][gc,phases   ] GC(43)   Pre Evacuate Collection Set: 0.1ms
[2023-04-06T08:20:43.397+0000][72][gc,phases   ] GC(43)   Merge Heap Roots: 0.1ms
[2023-04-06T08:20:43.397+0000][72][gc,phases   ] GC(43)   Evacuate Collection Set: 5.0ms
[2023-04-06T08:20:43.398+0000][72][gc,phases   ] GC(43)   Post Evacuate Collection Set: 0.8ms
[2023-04-06T08:20:43.398+0000][72][gc,phases   ] GC(43)   Other: 1.0ms
[2023-04-06T08:20:43.398+0000][72][gc,age      ] GC(43) Age table with threshold 5 (max threshold 15)
[2023-04-06T08:20:43.399+0000][72][gc,age      ] GC(43) - age   1:     421136 bytes,     421136 total
[2023-04-06T08:20:43.399+0000][72][gc,age      ] GC(43) - age   2:    1067080 bytes,    1488216 total
[2023-04-06T08:20:43.400+0000][72][gc,age      ] GC(43) - age   3:      23728 bytes,    1511944 total
[2023-04-06T08:20:43.400+0000][72][gc,age      ] GC(43) - age   4:       9392 bytes,    1521336 total
[2023-04-06T08:20:43.400+0000][72][gc,age      ] GC(43) - age   5:      66184 bytes,    1587520 total
[2023-04-06T08:20:43.401+0000][72][gc,heap     ] GC(43) Eden regions: 1->0(22)
[2023-04-06T08:20:43.401+0000][72][gc,heap     ] GC(43) Survivor regions: 2->1(1)
[2023-04-06T08:20:43.401+0000][72][gc,heap     ] GC(43) Old regions: 24->25
[2023-04-06T08:20:43.402+0000][72][gc,heap     ] GC(43) Archive regions: 2->2
[2023-04-06T08:20:43.402+0000][72][gc,heap     ] GC(43) Humongous regions: 2->2
[2023-04-06T08:20:43.403+0000][72][gc,metaspace] GC(43) Metaspace: 134029K(139520K)->134029K(139520K) NonClass: 116648K(119872K)->116648K(119872K) Class: 17381K(19648K)->17381K(19648K)
[2023-04-06T08:20:43.403+0000][72][gc          ] GC(43) Pause Young (Mixed) (G1 Evacuation Pause) 115M->110M(256M) 14.384ms
[2023-04-06T08:20:43.403+0000][72][gc,cpu      ] GC(43) User=0.02s Sys=0.00s Real=0.02s
[2023-04-06T08:20:43.404+0000][72][safepoint   ] Safepoint "G1CollectForAllocation", Time since last: 236902004 ns, Reaching safepoint: 224114 ns, At safepoint: 15240734 ns, Total: 15464848 ns
[2023-04-06T08:20:45.058+0000][72][safepoint   ] Safepoint "Cleanup", Time since last: 1653987999 ns, Reaching safepoint: 325041 ns, At safepoint: 10488 ns, Total: 335529 ns
[2023-04-06T08:20:47.061+0000][72][safepoint   ] Safepoint "Cleanup", Time since last: 2003002177 ns, Reaching safepoint: 203913 ns, At safepoint: 4790 ns, Total: 208703 ns
[2023-04-06T08:20:50.043+0000][72][safepoint   ] Safepoint "Cleanup", Time since last: 3002026925 ns, Reaching safepoint: 261447 ns, At safepoint: 45049 ns, Total: 306496 ns
[2023-04-06T08:20:51.045+0000][72][safepoint   ] Safepoint "Cleanup", Time since last: 1001848323 ns, Reaching safepoint: 399109 ns, At safepoint: 17847 ns, Total: 416956 ns
[2023-04-06T08:20:52.047+0000][72][safepoint   ] Safepoint "Cleanup", Time since last: 1001542861 ns, Reaching safepoint: 238697 ns, At safepoint: 41761 ns, Total: 280458 ns
[2023-04-06T08:20:53.050+0000][72][safepoint   ] Safepoint "Cleanup", Time since last: 1001944546 ns, Reaching safepoint: 372652 ns, At safepoint: 69779 ns, Total: 442431 ns
[2023-04-06T08:20:54.053+0000][72][safepoint   ] Safepoint "Cleanup", Time since last: 1002775589 ns, Reaching safepoint: 354779 ns, At safepoint: 23178 ns, Total: 377957 ns
[2023-04-06T08:20:55.055+0000][72][safepoint   ] Safepoint "Cleanup", Time since last: 1002307651 ns, Reaching safepoint: 193040 ns, At safepoint: 5293 ns, Total: 198333 ns
[2023-04-06T08:20:56.057+0000][72][safepoint   ] Safepoint "Cleanup", Time since last: 1001516953 ns, Reaching safepoint: 216079 ns, At safepoint: 14794 ns, Total: 230873 ns
[2023-04-06T08:20:57.059+0000][72][safepoint   ] Safepoint "Cleanup", Time since last: 1001823288 ns, Reaching safepoint: 207498 ns, At safepoint: 5867 ns, Total: 213365 ns
[2023-04-06T08:20:58.060+0000][72][safepoint   ] Safepoint "Cleanup", Time since last: 1001327650 ns, Reaching safepoint: 129476 ns, At safepoint: 4447 ns, Total: 133923 ns
[2023-04-06T08:20:59.062+0000][72][safepoint   ] Safepoint "Cleanup", Time since last: 1001422973 ns, Reaching safepoint: 243651 ns, At safepoint: 5922 ns, Total: 249573 ns
[2023-04-06T08:21:02.065+0000][72][safepoint   ] Safepoint "Cleanup", Time since last: 3002236026 ns, Reaching safepoint: 121553 ns, At safepoint: 4099 ns, Total: 125652 ns
[2023-04-06T08:21:03.067+0000][72][safepoint   ] Safepoint "Cleanup", Time since last: 1001841038 ns, Reaching safepoint: 337431 ns, At safepoint: 8722 ns, Total: 346153 ns
[2023-04-06T08:21:05.069+0000][72][safepoint   ] Safepoint "Cleanup", Time since last: 2002153220 ns, Reaching safepoint: 154361 ns, At safepoint: 3909 ns, Total: 158270 ns
[2023-04-06T08:21:06.071+0000][72][safepoint   ] Safepoint "Cleanup", Time since last: 1002137570 ns, Reaching safepoint: 267524 ns, At safepoint: 15554 ns, Total: 283078 ns
[2023-04-06T08:21:07.073+0000][72][safepoint   ] Safepoint "Cleanup", Time since last: 1001711518 ns, Reaching safepoint: 264705 ns, At safepoint: 18807 ns, Total: 283512 ns
[2023-04-06T08:21:07.629+0000][72][gc,start    ] GC(44) Pause Young (Concurrent Start) (G1 Evacuation Pause)
[2023-04-06T08:21:07.631+0000][72][gc,task     ] GC(44) Using 4 workers of 4 for evacuation
[2023-04-06T08:21:07.632+0000][72][gc,age      ] GC(44) Desired survivor size 6291456 bytes, new threshold 15 (max threshold 15)
[2023-04-06T08:21:07.637+0000][72][gc,phases   ] GC(44)   Pre Evacuate Collection Set: 0.6ms
[2023-04-06T08:21:07.640+0000][72][gc,phases   ] GC(44)   Merge Heap Roots: 0.1ms
[2023-04-06T08:21:07.642+0000][72][gc,phases   ] GC(44)   Evacuate Collection Set: 2.2ms
[2023-04-06T08:21:07.643+0000][72][gc,phases   ] GC(44)   Post Evacuate Collection Set: 1.2ms
[2023-04-06T08:21:07.644+0000][72][gc,phases   ] GC(44)   Other: 2.4ms
[2023-04-06T08:21:07.645+0000][72][gc,age      ] GC(44) Age table with threshold 15 (max threshold 15)
[2023-04-06T08:21:07.646+0000][72][gc,age      ] GC(44) - age   1:     660720 bytes,     660720 total
[2023-04-06T08:21:07.648+0000][72][gc,age      ] GC(44) - age   3:      14640 bytes,     675360 total
[2023-04-06T08:21:07.648+0000][72][gc,age      ] GC(44) - age   4:      23312 bytes,     698672 total
[2023-04-06T08:21:07.649+0000][72][gc,age      ] GC(44) - age   5:       8840 bytes,     707512 total
[2023-04-06T08:21:07.650+0000][72][gc,age      ] GC(44) - age   6:      66184 bytes,     773696 total
[2023-04-06T08:21:07.652+0000][72][gc,heap     ] GC(44) Eden regions: 22->0(22)
[2023-04-06T08:21:07.653+0000][72][gc,heap     ] GC(44) Survivor regions: 1->1(3)
[2023-04-06T08:21:07.654+0000][72][gc,heap     ] GC(44) Old regions: 25->25
[2023-04-06T08:21:07.654+0000][72][gc,heap     ] GC(44) Archive regions: 2->2
[2023-04-06T08:21:07.655+0000][72][gc,heap     ] GC(44) Humongous regions: 2->2
[2023-04-06T08:21:07.656+0000][72][gc,metaspace] GC(44) Metaspace: 134238K(139584K)->134238K(139584K) NonClass: 116856K(119936K)->116856K(119936K) Class: 17381K(19648K)->17381K(19648K)
[2023-04-06T08:21:07.657+0000][72][gc          ] GC(44) Pause Young (Concurrent Start) (G1 Evacuation Pause) 198M->109M(256M) 28.119ms
[2023-04-06T08:21:07.658+0000][72][gc          ] GC(45) Concurrent Mark Cycle
[2023-04-06T08:21:07.660+0000][72][gc,marking  ] GC(45) Concurrent Clear Claimed Marks
[2023-04-06T08:21:07.662+0000][72][gc,marking  ] GC(45) Concurrent Clear Claimed Marks 1.416ms
[2023-04-06T08:21:07.663+0000][72][gc,marking  ] GC(45) Concurrent Scan Root Regions
[2023-04-06T08:21:07.659+0000][72][gc,cpu      ] GC(44) User=0.01s Sys=0.00s Real=0.03s
[2023-04-06T08:21:07.666+0000][72][safepoint   ] Safepoint "G1CollectForAllocation", Time since last: 555269655 ns, Reaching safepoint: 280740 ns, At safepoint: 36574775 ns, Total: 36855515 ns
[2023-04-06T08:21:07.666+0000][72][gc,marking  ] GC(45) Concurrent Scan Root Regions 3.168ms
[2023-04-06T08:21:07.667+0000][72][gc,marking  ] GC(45) Concurrent Mark
[2023-04-06T08:21:07.668+0000][72][gc,marking  ] GC(45) Concurrent Mark From Roots
[2023-04-06T08:21:07.669+0000][72][gc,task     ] GC(45) Using 1 workers of 1 for marking
[2023-04-06T08:21:07.848+0000][72][gc,marking  ] GC(45) Concurrent Mark From Roots 179.807ms
[2023-04-06T08:21:07.849+0000][72][gc,marking  ] GC(45) Concurrent Preclean
[2023-04-06T08:21:07.850+0000][72][gc,marking  ] GC(45) Concurrent Preclean 1.090ms
[2023-04-06T08:21:07.851+0000][72][gc,start    ] GC(45) Pause Remark
[2023-04-06T08:21:07.870+0000][72][gc          ] GC(45) Pause Remark 111M->111M(256M) 19.375ms
[2023-04-06T08:21:07.871+0000][72][gc,cpu      ] GC(45) User=0.06s Sys=0.00s Real=0.02s
[2023-04-06T08:21:07.872+0000][72][safepoint   ] Safepoint "G1PauseRemark", Time since last: 184852324 ns, Reaching safepoint: 121228 ns, At safepoint: 21876279 ns, Total: 21997507 ns
[2023-04-06T08:21:07.874+0000][72][gc,marking  ] GC(45) Concurrent Mark 206.481ms
[2023-04-06T08:21:07.875+0000][72][gc,marking  ] GC(45) Concurrent Rebuild Remembered Sets
[2023-04-06T08:21:07.982+0000][72][gc,marking  ] GC(45) Concurrent Rebuild Remembered Sets 106.944ms
[2023-04-06T08:21:07.983+0000][72][gc,start    ] GC(45) Pause Cleanup
[2023-04-06T08:21:07.984+0000][72][gc          ] GC(45) Pause Cleanup 111M->111M(256M) 0.919ms
[2023-04-06T08:21:07.984+0000][72][gc,cpu      ] GC(45) User=0.00s Sys=0.00s Real=0.00s
[2023-04-06T08:21:07.985+0000][72][safepoint   ] Safepoint "G1PauseCleanup", Time since last: 110054539 ns, Reaching safepoint: 144968 ns, At safepoint: 2188331 ns, Total: 2333299 ns
[2023-04-06T08:21:07.986+0000][72][gc,marking  ] GC(45) Concurrent Cleanup for Next Mark
[2023-04-06T08:21:07.987+0000][72][gc,marking  ] GC(45) Concurrent Cleanup for Next Mark 1.386ms
[2023-04-06T08:21:07.988+0000][72][gc          ] GC(45) Concurrent Mark Cycle 329.345ms
[2023-04-06T08:21:09.987+0000][72][safepoint   ] Safepoint "Cleanup", Time since last: 2001744050 ns, Reaching safepoint: 165762 ns, At safepoint: 5625 ns, Total: 171387 ns
[2023-04-06T08:21:10.988+0000][72][safepoint   ] Safepoint "Cleanup", Time since last: 1001444158 ns, Reaching safepoint: 257881 ns, At safepoint: 4266 ns, Total: 262147 ns
[2023-04-06T08:21:13.991+0000][72][safepoint   ] Safepoint "Cleanup", Time since last: 3001914061 ns, Reaching safepoint: 194056 ns, At safepoint: 7093 ns, Total: 201149 ns
[2023-04-06T08:21:19.974+0000][72][safepoint   ] Safepoint "Cleanup", Time since last: 6004702139 ns, Reaching safepoint: 179333 ns, At safepoint: 4073 ns, Total: 183406 ns
[2023-04-06T08:21:20.976+0000][72][safepoint   ] Safepoint "Cleanup", Time since last: 1002183177 ns, Reaching safepoint: 172795 ns, At safepoint: 5186 ns, Total: 177981 ns
[2023-04-06T08:21:21.978+0000][72][safepoint   ] Safepoint "Cleanup", Time since last: 1001821914 ns, Reaching safepoint: 144900 ns, At safepoint: 5127 ns, Total: 150027 ns
[2023-04-06T08:21:22.980+0000][72][safepoint   ] Safepoint "Cleanup", Time since last: 1002045719 ns, Reaching safepoint: 105047 ns, At safepoint: 6634 ns, Total: 111681 ns
[2023-04-06T08:21:24.982+0000][72][safepoint   ] Safepoint "Cleanup", Time since last: 2001809838 ns, Reaching safepoint: 163817 ns, At safepoint: 4189 ns, Total: 168006 ns
[2023-04-06T08:21:25.984+0000][72][safepoint   ] Safepoint "Cleanup", Time since last: 1001255275 ns, Reaching safepoint: 235950 ns, At safepoint: 4817 ns, Total: 240767 ns
[2023-04-06T08:21:26.986+0000][72][safepoint   ] Safepoint "Cleanup", Time since last: 1002321331 ns, Reaching safepoint: 139053 ns, At safepoint: 10493 ns, Total: 149546 ns
[2023-04-06T08:21:28.990+0000][72][safepoint   ] Safepoint "Cleanup", Time since last: 2003119644 ns, Reaching safepoint: 86018 ns, At safepoint: 3600 ns, Total: 89618 ns
[2023-04-06T08:21:31.993+0000][72][safepoint   ] Safepoint "Cleanup", Time since last: 3002791116 ns, Reaching safepoint: 242242 ns, At safepoint: 6494 ns, Total: 248736 ns
[2023-04-06T08:21:32.994+0000][72][safepoint   ] Safepoint "Cleanup", Time since last: 1001589706 ns, Reaching safepoint: 137974 ns, At safepoint: 5757 ns, Total: 143731 ns
[2023-04-06T08:21:34.998+0000][72][safepoint   ] Safepoint "Cleanup", Time since last: 2003286344 ns, Reaching safepoint: 111032 ns, At safepoint: 4248 ns, Total: 115280 ns
[2023-04-06T08:21:38.001+0000][72][safepoint   ] Safepoint "Cleanup", Time since last: 3002832790 ns, Reaching safepoint: 139270 ns, At safepoint: 3461 ns, Total: 142731 ns
[2023-04-06T08:21:39.002+0000][72][safepoint   ] Safepoint "Cleanup", Time since last: 1001516103 ns, Reaching safepoint: 99871 ns, At safepoint: 3910 ns, Total: 103781 ns
[2023-04-06T08:21:40.021+0000][72][gc,start    ] GC(46) Pause Young (Prepare Mixed) (G1 Evacuation Pause)
[2023-04-06T08:21:40.022+0000][72][gc,task     ] GC(46) Using 4 workers of 4 for evacuation
[2023-04-06T08:21:40.023+0000][72][gc,age      ] GC(46) Desired survivor size 6291456 bytes, new threshold 15 (max threshold 15)
[2023-04-06T08:21:40.028+0000][72][gc,phases   ] GC(46)   Pre Evacuate Collection Set: 0.1ms
[2023-04-06T08:21:40.029+0000][72][gc,phases   ] GC(46)   Merge Heap Roots: 0.1ms
[2023-04-06T08:21:40.029+0000][72][gc,phases   ] GC(46)   Evacuate Collection Set: 3.1ms
[2023-04-06T08:21:40.030+0000][72][gc,phases   ] GC(46)   Post Evacuate Collection Set: 0.8ms
[2023-04-06T08:21:40.031+0000][72][gc,phases   ] GC(46)   Other: 1.4ms
[2023-04-06T08:21:40.031+0000][72][gc,age      ] GC(46) Age table with threshold 15 (max threshold 15)
[2023-04-06T08:21:40.032+0000][72][gc,age      ] GC(46) - age   1:     683552 bytes,     683552 total
[2023-04-06T08:21:40.032+0000][72][gc,age      ] GC(46) - age   2:       9440 bytes,     692992 total
[2023-04-06T08:21:40.033+0000][72][gc,age      ] GC(46) - age   4:      12960 bytes,     705952 total
[2023-04-06T08:21:40.034+0000][72][gc,age      ] GC(46) - age   5:      23136 bytes,     729088 total
[2023-04-06T08:21:40.034+0000][72][gc,age      ] GC(46) - age   6:       8664 bytes,     737752 total
[2023-04-06T08:21:40.035+0000][72][gc,age      ] GC(46) - age   7:      66184 bytes,     803936 total
[2023-04-06T08:21:40.035+0000][72][gc,heap     ] GC(46) Eden regions: 22->0(2)
[2023-04-06T08:21:40.036+0000][72][gc,heap     ] GC(46) Survivor regions: 1->1(3)
[2023-04-06T08:21:40.037+0000][72][gc,heap     ] GC(46) Old regions: 25->25
[2023-04-06T08:21:40.037+0000][72][gc,heap     ] GC(46) Archive regions: 2->2
[2023-04-06T08:21:40.038+0000][72][gc,heap     ] GC(46) Humongous regions: 2->2
[2023-04-06T08:21:40.039+0000][72][gc,metaspace] GC(46) Metaspace: 134318K(139584K)->134318K(139584K) NonClass: 116968K(119936K)->116968K(119936K) Class: 17350K(19648K)->17350K(19648K)
[2023-04-06T08:21:40.039+0000][72][gc          ] GC(46) Pause Young (Prepare Mixed) (G1 Evacuation Pause) 197M->109M(256M) 18.094ms
[2023-04-06T08:21:40.040+0000][72][gc,cpu      ] GC(46) User=0.01s Sys=0.00s Real=0.02s
[2023-04-06T08:21:40.041+0000][72][safepoint   ] Safepoint "G1CollectForAllocation", Time since last: 1018719496 ns, Reaching safepoint: 243678 ns, At safepoint: 19441393 ns, Total: 19685071 ns
[2023-04-06T08:21:41.044+0000][72][safepoint   ] Safepoint "Cleanup", Time since last: 1002678285 ns, Reaching safepoint: 132864 ns, At safepoint: 4938 ns, Total: 137802 ns
[2023-04-06T08:21:43.358+0000][72][gc,start    ] GC(47) Pause Young (Mixed) (G1 Evacuation Pause)
[2023-04-06T08:21:43.359+0000][72][gc,task     ] GC(47) Using 4 workers of 4 for evacuation
[2023-04-06T08:21:43.360+0000][72][gc,age      ] GC(47) Desired survivor size 2097152 bytes, new threshold 15 (max threshold 15)
[2023-04-06T08:21:43.370+0000][72][gc,phases   ] GC(47)   Pre Evacuate Collection Set: 0.1ms
[2023-04-06T08:21:43.372+0000][72][gc,phases   ] GC(47)   Merge Heap Roots: 0.1ms
[2023-04-06T08:21:43.372+0000][72][gc,phases   ] GC(47)   Evacuate Collection Set: 7.8ms
[2023-04-06T08:21:43.373+0000][72][gc,phases   ] GC(47)   Post Evacuate Collection Set: 1.3ms
[2023-04-06T08:21:43.374+0000][72][gc,phases   ] GC(47)   Other: 2.1ms
[2023-04-06T08:21:43.374+0000][72][gc,age      ] GC(47) Age table with threshold 15 (max threshold 15)
[2023-04-06T08:21:43.375+0000][72][gc,age      ] GC(47) - age   1:     181440 bytes,     181440 total
[2023-04-06T08:21:43.376+0000][72][gc,age      ] GC(47) - age   2:     595760 bytes,     777200 total
[2023-04-06T08:21:43.376+0000][72][gc,age      ] GC(47) - age   3:       9376 bytes,     786576 total
[2023-04-06T08:21:43.377+0000][72][gc,age      ] GC(47) - age   5:      12832 bytes,     799408 total
[2023-04-06T08:21:43.377+0000][72][gc,age      ] GC(47) - age   6:      23136 bytes,     822544 total
[2023-04-06T08:21:43.378+0000][72][gc,age      ] GC(47) - age   7:       8600 bytes,     831144 total
[2023-04-06T08:21:43.378+0000][72][gc,age      ] GC(47) - age   8:      66184 bytes,     897328 total
[2023-04-06T08:21:43.379+0000][72][gc,heap     ] GC(47) Eden regions: 2->0(23)
[2023-04-06T08:21:43.379+0000][72][gc,heap     ] GC(47) Survivor regions: 1->1(1)
[2023-04-06T08:21:43.380+0000][72][gc,heap     ] GC(47) Old regions: 25->24
[2023-04-06T08:21:43.381+0000][72][gc,heap     ] GC(47) Archive regions: 2->2
[2023-04-06T08:21:43.381+0000][72][gc,heap     ] GC(47) Humongous regions: 2->2
[2023-04-06T08:21:43.382+0000][72][gc,metaspace] GC(47) Metaspace: 134355K(139584K)->134355K(139584K) NonClass: 117004K(119936K)->117004K(119936K) Class: 17350K(19648K)->17350K(19648K)
[2023-04-06T08:21:43.383+0000][72][gc          ] GC(47) Pause Young (Mixed) (G1 Evacuation Pause) 117M->108M(256M) 24.477ms
[2023-04-06T08:21:43.383+0000][72][gc,cpu      ] GC(47) User=0.02s Sys=0.00s Real=0.02s
[2023-04-06T08:21:43.384+0000][72][safepoint   ] Safepoint "G1CollectForAllocation", Time since last: 2314424464 ns, Reaching safepoint: 61391 ns, At safepoint: 25838083 ns, Total: 25899474 ns
[2023-04-06T08:21:44.385+0000][72][safepoint   ] Safepoint "Cleanup", Time since last: 1000867271 ns, Reaching safepoint: 156182 ns, At safepoint: 6031 ns, Total: 162213 ns
[2023-04-06T08:21:45.386+0000][72][safepoint   ] Safepoint "Cleanup", Time since last: 1001277490 ns, Reaching safepoint: 130033 ns, At safepoint: 9188 ns, Total: 139221 ns
[2023-04-06T08:21:46.389+0000][72][safepoint   ] Safepoint "Cleanup", Time since last: 1002124899 ns, Reaching safepoint: 201133 ns, At safepoint: 9614 ns, Total: 210747 ns
[2023-04-06T08:21:49.371+0000][72][safepoint   ] Safepoint "Cleanup", Time since last: 3002632279 ns, Reaching safepoint: 152412 ns, At safepoint: 5858 ns, Total: 158270 ns
[2023-04-06T08:21:50.372+0000][72][safepoint   ] Safepoint "Cleanup", Time since last: 1001148201 ns, Reaching safepoint: 237609 ns, At safepoint: 8882 ns, Total: 246491 ns
[2023-04-06T08:21:55.376+0000][72][safepoint   ] Safepoint "Cleanup", Time since last: 5003839719 ns, Reaching safepoint: 501525 ns, At safepoint: 44365 ns, Total: 545890 ns
[2023-04-06T08:21:56.378+0000][72][safepoint   ] Safepoint "Cleanup", Time since last: 1001628880 ns, Reaching safepoint: 186128 ns, At safepoint: 6272 ns, Total: 192400 ns
[2023-04-06T08:21:57.380+0000][72][safepoint   ] Safepoint "Cleanup", Time since last: 1001885175 ns, Reaching safepoint: 143667 ns, At safepoint: 4679 ns, Total: 148346 ns
[2023-04-06T08:21:58.382+0000][72][safepoint   ] Safepoint "Cleanup", Time since last: 1002053702 ns, Reaching safepoint: 196308 ns, At safepoint: 7564 ns, Total: 203872 ns
[2023-04-06T08:22:01.386+0000][72][safepoint   ] Safepoint "Cleanup", Time since last: 3003280686 ns, Reaching safepoint: 223742 ns, At safepoint: 46971 ns, Total: 270713 ns
[2023-04-06T08:22:02.388+0000][72][safepoint   ] Safepoint "Cleanup", Time since last: 1001856737 ns, Reaching safepoint: 252976 ns, At safepoint: 4778 ns, Total: 257754 ns
[2023-04-06T08:22:07.393+0000][72][safepoint   ] Safepoint "Cleanup", Time since last: 5004331696 ns, Reaching safepoint: 141217 ns, At safepoint: 3885 ns, Total: 145102 ns
[2023-04-06T08:22:08.394+0000][72][safepoint   ] Safepoint "Cleanup", Time since last: 1000922010 ns, Reaching safepoint: 208832 ns, At safepoint: 12504 ns, Total: 221336 ns
[2023-04-06T08:22:11.396+0000][72][safepoint   ] Safepoint "Cleanup", Time since last: 3002096270 ns, Reaching safepoint: 213928 ns, At safepoint: 5947 ns, Total: 219875 ns
[2023-04-06T08:22:13.398+0000][72][safepoint   ] Safepoint "Cleanup", Time since last: 2001892548 ns, Reaching safepoint: 161519 ns, At safepoint: 4515 ns, Total: 166034 ns
[2023-04-06T08:22:13.415+0000][72][gc,start    ] GC(48) Pause Young (Concurrent Start) (G1 Evacuation Pause)
[2023-04-06T08:22:13.416+0000][72][gc,task     ] GC(48) Using 4 workers of 4 for evacuation
[2023-04-06T08:22:13.417+0000][72][gc,age      ] GC(48) Desired survivor size 6291456 bytes, new threshold 15 (max threshold 15)
[2023-04-06T08:22:13.422+0000][72][gc,phases   ] GC(48)   Pre Evacuate Collection Set: 0.3ms
[2023-04-06T08:22:13.422+0000][72][gc,phases   ] GC(48)   Merge Heap Roots: 0.1ms
[2023-04-06T08:22:13.423+0000][72][gc,phases   ] GC(48)   Evacuate Collection Set: 2.7ms
[2023-04-06T08:22:13.424+0000][72][gc,phases   ] GC(48)   Post Evacuate Collection Set: 0.8ms
[2023-04-06T08:22:13.425+0000][72][gc,phases   ] GC(48)   Other: 1.5ms
[2023-04-06T08:22:13.425+0000][72][gc,age      ] GC(48) Age table with threshold 15 (max threshold 15)
[2023-04-06T08:22:13.426+0000][72][gc,age      ] GC(48) - age   1:    1040248 bytes,    1040248 total
[2023-04-06T08:22:13.426+0000][72][gc,age      ] GC(48) - age   2:       1104 bytes,    1041352 total
[2023-04-06T08:22:13.427+0000][72][gc,age      ] GC(48) - age   3:      15800 bytes,    1057152 total
[2023-04-06T08:22:13.427+0000][72][gc,age      ] GC(48) - age   4:       8392 bytes,    1065544 total
[2023-04-06T08:22:13.428+0000][72][gc,age      ] GC(48) - age   6:      12576 bytes,    1078120 total
[2023-04-06T08:22:13.429+0000][72][gc,age      ] GC(48) - age   7:      14824 bytes,    1092944 total
[2023-04-06T08:22:13.429+0000][72][gc,age      ] GC(48) - age   8:       8600 bytes,    1101544 total
[2023-04-06T08:22:13.430+0000][72][gc,age      ] GC(48) - age   9:      66184 bytes,    1167728 total
[2023-04-06T08:22:13.431+0000][72][gc,heap     ] GC(48) Eden regions: 23->0(23)
[2023-04-06T08:22:13.431+0000][72][gc,heap     ] GC(48) Survivor regions: 1->1(3)
[2023-04-06T08:22:13.432+0000][72][gc,heap     ] GC(48) Old regions: 24->24
[2023-04-06T08:22:13.432+0000][72][gc,heap     ] GC(48) Archive regions: 2->2
[2023-04-06T08:22:13.433+0000][72][gc,heap     ] GC(48) Humongous regions: 2->2
[2023-04-06T08:22:13.434+0000][72][gc,metaspace] GC(48) Metaspace: 134547K(139648K)->134547K(139648K) NonClass: 117196K(120000K)->117196K(120000K) Class: 17350K(19648K)->17350K(19648K)
[2023-04-06T08:22:13.435+0000][72][gc          ] GC(48) Pause Young (Concurrent Start) (G1 Evacuation Pause) 200M->108M(256M) 19.327ms
[2023-04-06T08:22:13.435+0000][72][gc          ] GC(49) Concurrent Mark Cycle
[2023-04-06T08:22:13.436+0000][72][gc,marking  ] GC(49) Concurrent Clear Claimed Marks
[2023-04-06T08:22:13.435+0000][72][gc,cpu      ] GC(48) User=0.00s Sys=0.01s Real=0.02s
[2023-04-06T08:22:13.437+0000][72][gc,marking  ] GC(49) Concurrent Clear Claimed Marks 0.749ms
[2023-04-06T08:22:13.438+0000][72][gc,marking  ] GC(49) Concurrent Scan Root Regions
[2023-04-06T08:22:13.437+0000][72][safepoint   ] Safepoint "G1CollectForAllocation", Time since last: 16819734 ns, Reaching safepoint: 188167 ns, At safepoint: 22056723 ns, Total: 22244890 ns
[2023-04-06T08:22:13.442+0000][72][gc,marking  ] GC(49) Concurrent Scan Root Regions 4.369ms
[2023-04-06T08:22:13.443+0000][72][gc,marking  ] GC(49) Concurrent Mark
[2023-04-06T08:22:13.444+0000][72][gc,marking  ] GC(49) Concurrent Mark From Roots
[2023-04-06T08:22:13.445+0000][72][gc,task     ] GC(49) Using 1 workers of 1 for marking
[2023-04-06T08:22:13.573+0000][72][gc,marking  ] GC(49) Concurrent Mark From Roots 128.518ms
[2023-04-06T08:22:13.574+0000][72][gc,marking  ] GC(49) Concurrent Preclean
[2023-04-06T08:22:13.575+0000][72][gc,marking  ] GC(49) Concurrent Preclean 1.055ms
[2023-04-06T08:22:13.576+0000][72][gc,start    ] GC(49) Pause Remark
[2023-04-06T08:22:13.593+0000][72][gc          ] GC(49) Pause Remark 111M->111M(256M) 17.324ms
[2023-04-06T08:22:13.594+0000][72][gc,cpu      ] GC(49) User=0.06s Sys=0.00s Real=0.02s
[2023-04-06T08:22:13.595+0000][72][safepoint   ] Safepoint "G1PauseRemark", Time since last: 138364618 ns, Reaching safepoint: 83710 ns, At safepoint: 19212234 ns, Total: 19295944 ns
[2023-04-06T08:22:13.602+0000][72][gc,marking  ] GC(49) Concurrent Mark 158.895ms
[2023-04-06T08:22:13.603+0000][72][gc,marking  ] GC(49) Concurrent Rebuild Remembered Sets
[2023-04-06T08:22:13.672+0000][72][gc,marking  ] GC(49) Concurrent Rebuild Remembered Sets 68.868ms
[2023-04-06T08:22:13.673+0000][72][gc,start    ] GC(49) Pause Cleanup
[2023-04-06T08:22:13.675+0000][72][gc          ] GC(49) Pause Cleanup 111M->111M(256M) 1.196ms
[2023-04-06T08:22:13.675+0000][72][gc,cpu      ] GC(49) User=0.01s Sys=0.00s Real=0.00s
[2023-04-06T08:22:13.676+0000][72][safepoint   ] Safepoint "G1PauseCleanup", Time since last: 78368347 ns, Reaching safepoint: 101019 ns, At safepoint: 2547228 ns, Total: 2648247 ns
[2023-04-06T08:22:13.677+0000][72][gc,marking  ] GC(49) Concurrent Cleanup for Next Mark
[2023-04-06T08:22:13.677+0000][72][gc,marking  ] GC(49) Concurrent Cleanup for Next Mark 0.820ms
[2023-04-06T08:22:13.678+0000][72][gc          ] GC(49) Concurrent Mark Cycle 242.846ms
[2023-04-06T08:22:14.677+0000][72][safepoint   ] Safepoint "Cleanup", Time since last: 1001286179 ns, Reaching safepoint: 251164 ns, At safepoint: 7569 ns, Total: 258733 ns
[2023-04-06T08:22:18.681+0000][72][safepoint   ] Safepoint "Cleanup", Time since last: 4003252479 ns, Reaching safepoint: 308538 ns, At safepoint: 8945 ns, Total: 317483 ns
[2023-04-06T08:22:19.661+0000][72][safepoint   ] Safepoint "Cleanup", Time since last: 1001171383 ns, Reaching safepoint: 136699 ns, At safepoint: 8139 ns, Total: 144838 ns
[2023-04-06T08:22:20.662+0000][72][safepoint   ] Safepoint "Cleanup", Time since last: 1001166905 ns, Reaching safepoint: 172666 ns, At safepoint: 35318 ns, Total: 207984 ns
[2023-04-06T08:22:22.665+0000][72][safepoint   ] Safepoint "Cleanup", Time since last: 2002035263 ns, Reaching safepoint: 163652 ns, At safepoint: 9168 ns, Total: 172820 ns
[2023-04-06T08:22:23.667+0000][72][safepoint   ] Safepoint "Cleanup", Time since last: 1002052171 ns, Reaching safepoint: 183182 ns, At safepoint: 5966 ns, Total: 189148 ns
[2023-04-06T08:22:24.669+0000][72][safepoint   ] Safepoint "Cleanup", Time since last: 1001763298 ns, Reaching safepoint: 266814 ns, At safepoint: 9004 ns, Total: 275818 ns
[2023-04-06T08:22:25.671+0000][72][safepoint   ] Safepoint "Cleanup", Time since last: 1001686771 ns, Reaching safepoint: 138185 ns, At safepoint: 3783 ns, Total: 141968 ns
[2023-04-06T08:22:26.672+0000][72][safepoint   ] Safepoint "Cleanup", Time since last: 1001400625 ns, Reaching safepoint: 147865 ns, At safepoint: 4823 ns, Total: 152688 ns
[2023-04-06T08:22:27.675+0000][72][safepoint   ] Safepoint "Cleanup", Time since last: 1002648125 ns, Reaching safepoint: 104485 ns, At safepoint: 3360 ns, Total: 107845 ns
[2023-04-06T08:22:30.678+0000][72][safepoint   ] Safepoint "Cleanup", Time since last: 3002624843 ns, Reaching safepoint: 126586 ns, At safepoint: 4175 ns, Total: 130761 ns
[2023-04-06T08:22:31.680+0000][72][safepoint   ] Safepoint "Cleanup", Time since last: 1001870035 ns, Reaching safepoint: 153054 ns, At safepoint: 5011 ns, Total: 158065 ns
[2023-04-06T08:22:32.682+0000][72][safepoint   ] Safepoint "Cleanup", Time since last: 1001680827 ns, Reaching safepoint: 109473 ns, At safepoint: 4467 ns, Total: 113940 ns
[2023-04-06T08:22:34.321+0000][72][safepoint   ] Safepoint "Cleanup", Time since last: 1638971288 ns, Reaching safepoint: 168065 ns, At safepoint: 31154 ns, Total: 199219 ns
[2023-04-06T08:22:35.324+0000][72][safepoint   ] Safepoint "Cleanup", Time since last: 1002905187 ns, Reaching safepoint: 158828 ns, At safepoint: 6070 ns, Total: 164898 ns
[2023-04-06T08:22:37.326+0000][72][safepoint   ] Safepoint "Cleanup", Time since last: 2002044313 ns, Reaching safepoint: 75025 ns, At safepoint: 3310 ns, Total: 78335 ns
[2023-04-06T08:22:38.327+0000][72][safepoint   ] Safepoint "Cleanup", Time since last: 1001095929 ns, Reaching safepoint: 79754 ns, At safepoint: 26209 ns, Total: 105963 ns
[2023-04-06T08:22:39.330+0000][72][safepoint   ] Safepoint "Cleanup", Time since last: 1002417239 ns, Reaching safepoint: 302234 ns, At safepoint: 16285 ns, Total: 318519 ns
[2023-04-06T08:22:40.332+0000][72][safepoint   ] Safepoint "Cleanup", Time since last: 1001914998 ns, Reaching safepoint: 472303 ns, At safepoint: 24210 ns, Total: 496513 ns
[2023-04-06T08:22:43.337+0000][72][safepoint   ] Safepoint "Cleanup", Time since last: 3004706876 ns, Reaching safepoint: 220929 ns, At safepoint: 26155 ns, Total: 247084 ns
[2023-04-06T08:22:43.710+0000][72][gc,start    ] GC(50) Pause Young (Prepare Mixed) (G1 Evacuation Pause)
[2023-04-06T08:22:43.711+0000][72][gc,task     ] GC(50) Using 4 workers of 4 for evacuation
[2023-04-06T08:22:43.711+0000][72][gc,age      ] GC(50) Desired survivor size 6291456 bytes, new threshold 15 (max threshold 15)
[2023-04-06T08:22:43.716+0000][72][gc,phases   ] GC(50)   Pre Evacuate Collection Set: 0.1ms
[2023-04-06T08:22:43.717+0000][72][gc,phases   ] GC(50)   Merge Heap Roots: 0.1ms
[2023-04-06T08:22:43.718+0000][72][gc,phases   ] GC(50)   Evacuate Collection Set: 2.5ms
[2023-04-06T08:22:43.719+0000][72][gc,phases   ] GC(50)   Post Evacuate Collection Set: 1.2ms
[2023-04-06T08:22:43.720+0000][72][gc,phases   ] GC(50)   Other: 1.0ms
[2023-04-06T08:22:43.721+0000][72][gc,age      ] GC(50) Age table with threshold 15 (max threshold 15)
[2023-04-06T08:22:43.722+0000][72][gc,age      ] GC(50) - age   1:    1740240 bytes,    1740240 total
[2023-04-06T08:22:43.722+0000][72][gc,age      ] GC(50) - age   2:       8504 bytes,    1748744 total
[2023-04-06T08:22:43.723+0000][72][gc,age      ] GC(50) - age   3:       1040 bytes,    1749784 total
[2023-04-06T08:22:43.723+0000][72][gc,age      ] GC(50) - age   4:      14512 bytes,    1764296 total
[2023-04-06T08:22:43.726+0000][72][gc,age      ] GC(50) - age   5:       8328 bytes,    1772624 total
[2023-04-06T08:22:43.727+0000][72][gc,age      ] GC(50) - age   7:      12576 bytes,    1785200 total
[2023-04-06T08:22:43.727+0000][72][gc,age      ] GC(50) - age   8:      14632 bytes,    1799832 total
[2023-04-06T08:22:43.728+0000][72][gc,age      ] GC(50) - age   9:       8600 bytes,    1808432 total
[2023-04-06T08:22:43.729+0000][72][gc,age      ] GC(50) - age  10:      65632 bytes,    1874064 total
[2023-04-06T08:22:43.729+0000][72][gc,heap     ] GC(50) Eden regions: 23->0(2)
[2023-04-06T08:22:43.730+0000][72][gc,heap     ] GC(50) Survivor regions: 1->1(3)
[2023-04-06T08:22:43.731+0000][72][gc,heap     ] GC(50) Old regions: 24->24
[2023-04-06T08:22:43.731+0000][72][gc,heap     ] GC(50) Archive regions: 2->2
[2023-04-06T08:22:43.732+0000][72][gc,heap     ] GC(50) Humongous regions: 2->2
[2023-04-06T08:22:43.733+0000][72][gc,metaspace] GC(50) Metaspace: 134743K(139648K)->134743K(139648K) NonClass: 117391K(120000K)->117391K(120000K) Class: 17352K(19648K)->17352K(19648K)
[2023-04-06T08:22:43.733+0000][72][gc          ] GC(50) Pause Young (Prepare Mixed) (G1 Evacuation Pause) 200M->109M(256M) 23.057ms
[2023-04-06T08:22:43.734+0000][72][gc,cpu      ] GC(50) User=0.01s Sys=0.00s Real=0.02s
[2023-04-06T08:22:43.735+0000][72][safepoint   ] Safepoint "G1CollectForAllocation", Time since last: 372931272 ns, Reaching safepoint: 75199 ns, At safepoint: 24444094 ns, Total: 24519293 ns
[2023-04-06T08:22:44.737+0000][72][safepoint   ] Safepoint "Cleanup", Time since last: 1002179878 ns, Reaching safepoint: 252012 ns, At safepoint: 44172 ns, Total: 296184 ns
[2023-04-06T08:22:46.104+0000][72][gc,start    ] GC(51) Pause Young (Mixed) (G1 Evacuation Pause)
[2023-04-06T08:22:46.105+0000][72][gc,task     ] GC(51) Using 4 workers of 4 for evacuation
[2023-04-06T08:22:46.106+0000][72][gc,age      ] GC(51) Desired survivor size 2097152 bytes, new threshold 15 (max threshold 15)
[2023-04-06T08:22:46.114+0000][72][gc,phases   ] GC(51)   Pre Evacuate Collection Set: 0.2ms
[2023-04-06T08:22:46.114+0000][72][gc,phases   ] GC(51)   Merge Heap Roots: 0.2ms
[2023-04-06T08:22:46.115+0000][72][gc,phases   ] GC(51)   Evacuate Collection Set: 6.0ms
[2023-04-06T08:22:46.115+0000][72][gc,phases   ] GC(51)   Post Evacuate Collection Set: 1.1ms
[2023-04-06T08:22:46.116+0000][72][gc,phases   ] GC(51)   Other: 1.3ms
[2023-04-06T08:22:46.117+0000][72][gc,age      ] GC(51) Age table with threshold 15 (max threshold 15)
[2023-04-06T08:22:46.118+0000][72][gc,age      ] GC(51) - age   1:     728104 bytes,     728104 total
[2023-04-06T08:22:46.118+0000][72][gc,age      ] GC(51) - age   2:    1321440 bytes,    2049544 total
[2023-04-06T08:22:46.119+0000][72][gc,age      ] GC(51) - age   3:       8504 bytes,    2058048 total
[2023-04-06T08:22:46.120+0000][72][gc,age      ] GC(51) - age   4:       1040 bytes,    2059088 total
[2023-04-06T08:22:46.120+0000][72][gc,age      ] GC(51) - age   5:      14512 bytes,    2073600 total
[2023-04-06T08:22:46.121+0000][72][gc,age      ] GC(51) - age   6:       8328 bytes,    2081928 total
[2023-04-06T08:22:46.122+0000][72][gc,age      ] GC(51) - age   8:      12576 bytes,    2094504 total
[2023-04-06T08:22:46.122+0000][72][gc,age      ] GC(51) - age   9:      14632 bytes,    2109136 total
[2023-04-06T08:22:46.123+0000][72][gc,age      ] GC(51) - age  10:       8600 bytes,    2117736 total
[2023-04-06T08:22:46.123+0000][72][gc,age      ] GC(51) - age  11:      65600 bytes,    2183336 total
[2023-04-06T08:22:46.124+0000][72][gc,heap     ] GC(51) Eden regions: 2->0(23)
[2023-04-06T08:22:46.124+0000][72][gc,heap     ] GC(51) Survivor regions: 1->1(1)
[2023-04-06T08:22:46.125+0000][72][gc,heap     ] GC(51) Old regions: 24->24
[2023-04-06T08:22:46.126+0000][72][gc,heap     ] GC(51) Archive regions: 2->2
[2023-04-06T08:22:46.126+0000][72][gc,heap     ] GC(51) Humongous regions: 2->2
[2023-04-06T08:22:46.127+0000][72][gc,metaspace] GC(51) Metaspace: 134754K(139648K)->134754K(139648K) NonClass: 117402K(120000K)->117402K(120000K) Class: 17352K(19648K)->17352K(19648K)
[2023-04-06T08:22:46.128+0000][72][gc          ] GC(51) Pause Young (Mixed) (G1 Evacuation Pause) 117M->109M(256M) 23.317ms
[2023-04-06T08:22:46.128+0000][72][gc,cpu      ] GC(51) User=0.02s Sys=0.00s Real=0.03s
[2023-04-06T08:22:46.129+0000][72][safepoint   ] Safepoint "G1CollectForAllocation", Time since last: 1366753312 ns, Reaching safepoint: 155482 ns, At safepoint: 24975307 ns, Total: 25130789 ns
[2023-04-06T08:22:47.133+0000][72][safepoint   ] Safepoint "Cleanup", Time since last: 1003436804 ns, Reaching safepoint: 195203 ns, At safepoint: 4650 ns, Total: 199853 ns
[2023-04-06T08:22:48.134+0000][72][safepoint   ] Safepoint "Cleanup", Time since last: 1001350364 ns, Reaching safepoint: 228201 ns, At safepoint: 10761 ns, Total: 238962 ns
[2023-04-06T08:22:49.136+0000][72][safepoint   ] Safepoint "Cleanup", Time since last: 1001584154 ns, Reaching safepoint: 216254 ns, At safepoint: 7136 ns, Total: 223390 ns
[2023-04-06T08:22:50.117+0000][72][safepoint   ] Safepoint "Cleanup", Time since last: 1000941393 ns, Reaching safepoint: 107536 ns, At safepoint: 3535 ns, Total: 111071 ns
[2023-04-06T08:22:52.119+0000][72][safepoint   ] Safepoint "Cleanup", Time since last: 2001966226 ns, Reaching safepoint: 67297 ns, At safepoint: 2989 ns, Total: 70286 ns
[2023-04-06T08:22:53.120+0000][72][safepoint   ] Safepoint "Cleanup", Time since last: 1001123220 ns, Reaching safepoint: 170031 ns, At safepoint: 6446 ns, Total: 176477 ns
[2023-04-06T08:22:55.123+0000][72][safepoint   ] Safepoint "Cleanup", Time since last: 2002732303 ns, Reaching safepoint: 560118 ns, At safepoint: 30229 ns, Total: 590347 ns
[2023-04-06T08:22:56.125+0000][72][safepoint   ] Safepoint "Cleanup", Time since last: 1001073337 ns, Reaching safepoint: 195040 ns, At safepoint: 7598 ns, Total: 202638 ns
[2023-04-06T08:22:58.127+0000][72][safepoint   ] Safepoint "Cleanup", Time since last: 2001957124 ns, Reaching safepoint: 108481 ns, At safepoint: 5443 ns, Total: 113924 ns
[2023-04-06T08:22:59.128+0000][72][safepoint   ] Safepoint "Cleanup", Time since last: 1000751776 ns, Reaching safepoint: 768987 ns, At safepoint: 34692 ns, Total: 803679 ns
[2023-04-06T08:23:00.130+0000][72][safepoint   ] Safepoint "Cleanup", Time since last: 1001569416 ns, Reaching safepoint: 164347 ns, At safepoint: 6013 ns, Total: 170360 ns
[2023-04-06T08:23:01.132+0000][72][safepoint   ] Safepoint "Cleanup", Time since last: 1001537427 ns, Reaching safepoint: 144415 ns, At safepoint: 5355 ns, Total: 149770 ns
[2023-04-06T08:23:02.133+0000][72][safepoint   ] Safepoint "Cleanup", Time since last: 1000864887 ns, Reaching safepoint: 245882 ns, At safepoint: 15582 ns, Total: 261464 ns
[2023-04-06T08:23:03.135+0000][72][safepoint   ] Safepoint "Cleanup", Time since last: 1002177899 ns, Reaching safepoint: 368866 ns, At safepoint: 8113 ns, Total: 376979 ns
[2023-04-06T08:23:04.138+0000][72][safepoint   ] Safepoint "Cleanup", Time since last: 1001961811 ns, Reaching safepoint: 157412 ns, At safepoint: 9548 ns, Total: 166960 ns
[2023-04-06T08:23:07.049+0000][72][gc,start    ] GC(52) Pause Young (Concurrent Start) (G1 Evacuation Pause)
[2023-04-06T08:23:07.050+0000][72][gc,task     ] GC(52) Using 4 workers of 4 for evacuation
[2023-04-06T08:23:07.050+0000][72][gc,age      ] GC(52) Desired survivor size 6291456 bytes, new threshold 15 (max threshold 15)
[2023-04-06T08:23:07.055+0000][72][gc,phases   ] GC(52)   Pre Evacuate Collection Set: 0.4ms
[2023-04-06T08:23:07.055+0000][72][gc,phases   ] GC(52)   Merge Heap Roots: 0.1ms
[2023-04-06T08:23:07.056+0000][72][gc,phases   ] GC(52)   Evacuate Collection Set: 2.4ms
[2023-04-06T08:23:07.056+0000][72][gc,phases   ] GC(52)   Post Evacuate Collection Set: 0.7ms
[2023-04-06T08:23:07.057+0000][72][gc,phases   ] GC(52)   Other: 1.3ms
[2023-04-06T08:23:07.057+0000][72][gc,age      ] GC(52) Age table with threshold 15 (max threshold 15)
[2023-04-06T08:23:07.058+0000][72][gc,age      ] GC(52) - age   1:    1313608 bytes,    1313608 total
[2023-04-06T08:23:07.058+0000][72][gc,age      ] GC(52) - age   2:       1784 bytes,    1315392 total
[2023-04-06T08:23:07.059+0000][72][gc,age      ] GC(52) - age   3:     350544 bytes,    1665936 total
[2023-04-06T08:23:07.059+0000][72][gc,age      ] GC(52) - age   4:       7632 bytes,    1673568 total
[2023-04-06T08:23:07.060+0000][72][gc,age      ] GC(52) - age   5:        976 bytes,    1674544 total
[2023-04-06T08:23:07.061+0000][72][gc,age      ] GC(52) - age   6:      14448 bytes,    1688992 total
[2023-04-06T08:23:07.062+0000][72][gc,age      ] GC(52) - age   7:       8328 bytes,    1697320 total
[2023-04-06T08:23:07.062+0000][72][gc,age      ] GC(52) - age   9:      12576 bytes,    1709896 total
[2023-04-06T08:23:07.063+0000][72][gc,age      ] GC(52) - age  10:      14632 bytes,    1724528 total
[2023-04-06T08:23:07.064+0000][72][gc,age      ] GC(52) - age  11:       8600 bytes,    1733128 total
[2023-04-06T08:23:07.064+0000][72][gc,age      ] GC(52) - age  12:      47472 bytes,    1780600 total
[2023-04-06T08:23:07.065+0000][72][gc,heap     ] GC(52) Eden regions: 23->0(23)
[2023-04-06T08:23:07.066+0000][72][gc,heap     ] GC(52) Survivor regions: 1->1(3)
[2023-04-06T08:23:07.066+0000][72][gc,heap     ] GC(52) Old regions: 24->24
[2023-04-06T08:23:07.066+0000][72][gc,heap     ] GC(52) Archive regions: 2->2
[2023-04-06T08:23:07.067+0000][72][gc,heap     ] GC(52) Humongous regions: 2->2
[2023-04-06T08:23:07.068+0000][72][gc,metaspace] GC(52) Metaspace: 134860K(139648K)->134860K(139648K) NonClass: 117508K(120000K)->117508K(120000K) Class: 17352K(19648K)->17352K(19648K)
[2023-04-06T08:23:07.068+0000][72][gc          ] GC(52) Pause Young (Concurrent Start) (G1 Evacuation Pause) 201M->108M(256M) 19.032ms
[2023-04-06T08:23:07.069+0000][72][gc,cpu      ] GC(52) User=0.01s Sys=0.00s Real=0.02s
[2023-04-06T08:23:07.069+0000][72][gc          ] GC(53) Concurrent Mark Cycle
[2023-04-06T08:23:07.070+0000][72][gc,marking  ] GC(53) Concurrent Clear Claimed Marks
[2023-04-06T08:23:07.070+0000][72][safepoint   ] Safepoint "G1CollectForAllocation", Time since last: 2911465512 ns, Reaching safepoint: 106087 ns, At safepoint: 20653399 ns, Total: 20759486 ns
[2023-04-06T08:23:07.071+0000][72][gc,marking  ] GC(53) Concurrent Clear Claimed Marks 0.705ms
[2023-04-06T08:23:07.072+0000][72][gc,marking  ] GC(53) Concurrent Scan Root Regions
[2023-04-06T08:23:07.074+0000][72][gc,marking  ] GC(53) Concurrent Scan Root Regions 2.629ms
[2023-04-06T08:23:07.075+0000][72][gc,marking  ] GC(53) Concurrent Mark
[2023-04-06T08:23:07.076+0000][72][gc,marking  ] GC(53) Concurrent Mark From Roots
[2023-04-06T08:23:07.077+0000][72][gc,task     ] GC(53) Using 1 workers of 1 for marking
[2023-04-06T08:23:07.222+0000][72][gc,marking  ] GC(53) Concurrent Mark From Roots 145.980ms
[2023-04-06T08:23:07.223+0000][72][gc,marking  ] GC(53) Concurrent Preclean
[2023-04-06T08:23:07.225+0000][72][gc,marking  ] GC(53) Concurrent Preclean 1.518ms
[2023-04-06T08:23:07.226+0000][72][gc,start    ] GC(53) Pause Remark
[2023-04-06T08:23:07.234+0000][72][gc          ] GC(53) Pause Remark 111M->111M(256M) 8.307ms
[2023-04-06T08:23:07.235+0000][72][gc,cpu      ] GC(53) User=0.03s Sys=0.01s Real=0.00s
[2023-04-06T08:23:07.235+0000][72][safepoint   ] Safepoint "G1PauseRemark", Time since last: 155841663 ns, Reaching safepoint: 307064 ns, At safepoint: 9474757 ns, Total: 9781821 ns
[2023-04-06T08:23:07.236+0000][72][gc,marking  ] GC(53) Concurrent Mark 160.599ms
[2023-04-06T08:23:07.237+0000][72][gc,marking  ] GC(53) Concurrent Rebuild Remembered Sets
[2023-04-06T08:23:07.311+0000][72][gc,marking  ] GC(53) Concurrent Rebuild Remembered Sets 73.897ms
[2023-04-06T08:23:07.312+0000][72][gc,start    ] GC(53) Pause Cleanup
[2023-04-06T08:23:07.312+0000][72][gc          ] GC(53) Pause Cleanup 111M->111M(256M) 0.654ms
[2023-04-06T08:23:07.313+0000][72][gc,cpu      ] GC(53) User=0.00s Sys=0.00s Real=0.00s
[2023-04-06T08:23:07.313+0000][72][safepoint   ] Safepoint "G1PauseCleanup", Time since last: 75868555 ns, Reaching safepoint: 233701 ns, At safepoint: 1683829 ns, Total: 1917530 ns
[2023-04-06T08:23:07.314+0000][72][gc,marking  ] GC(53) Concurrent Cleanup for Next Mark
[2023-04-06T08:23:07.315+0000][72][gc,marking  ] GC(53) Concurrent Cleanup for Next Mark 0.895ms
[2023-04-06T08:23:07.315+0000][72][gc          ] GC(53) Concurrent Mark Cycle 246.628ms
[2023-04-06T08:23:19.296+0000][72][safepoint   ] Safepoint "Cleanup", Time since last: 12005049074 ns, Reaching safepoint: 180086 ns, At safepoint: 4812 ns, Total: 184898 ns
[2023-04-06T08:23:20.298+0000][72][safepoint   ] Safepoint "Cleanup", Time since last: 1000919783 ns, Reaching safepoint: 231671 ns, At safepoint: 13902 ns, Total: 245573 ns
[2023-04-06T08:23:21.300+0000][72][safepoint   ] Safepoint "Cleanup", Time since last: 1001508368 ns, Reaching safepoint: 489329 ns, At safepoint: 14898 ns, Total: 504227 ns
[2023-04-06T08:23:22.302+0000][72][safepoint   ] Safepoint "Cleanup", Time since last: 1001991006 ns, Reaching safepoint: 144382 ns, At safepoint: 4341 ns, Total: 148723 ns
[2023-04-06T08:23:25.292+0000][72][safepoint   ] Safepoint "Cleanup", Time since last: 2989763434 ns, Reaching safepoint: 248019 ns, At safepoint: 46660 ns, Total: 294679 ns
[2023-04-06T08:23:26.352+0000][72][safepoint   ] Safepoint "Cleanup", Time since last: 1059822632 ns, Reaching safepoint: 315001 ns, At safepoint: 12246 ns, Total: 327247 ns
[2023-04-06T08:23:27.354+0000][72][safepoint   ] Safepoint "Cleanup", Time since last: 1001355838 ns, Reaching safepoint: 142919 ns, At safepoint: 4467 ns, Total: 147386 ns
[2023-04-06T08:23:29.039+0000][72][safepoint   ] Safepoint "Cleanup", Time since last: 1685296345 ns, Reaching safepoint: 150280 ns, At safepoint: 4733 ns, Total: 155013 ns
[2023-04-06T08:23:31.041+0000][72][safepoint   ] Safepoint "Cleanup", Time since last: 2001552899 ns, Reaching safepoint: 220521 ns, At safepoint: 5435 ns, Total: 225956 ns
[2023-04-06T08:23:32.042+0000][72][safepoint   ] Safepoint "Cleanup", Time since last: 1001336643 ns, Reaching safepoint: 132640 ns, At safepoint: 8213 ns, Total: 140853 ns
[2023-04-06T08:23:37.047+0000][72][safepoint   ] Safepoint "Cleanup", Time since last: 5004383408 ns, Reaching safepoint: 391783 ns, At safepoint: 32345 ns, Total: 424128 ns
[2023-04-06T08:23:38.048+0000][72][safepoint   ] Safepoint "Cleanup", Time since last: 1000955027 ns, Reaching safepoint: 119074 ns, At safepoint: 3756 ns, Total: 122830 ns
[2023-04-06T08:23:38.457+0000][72][gc,start    ] GC(54) Pause Young (Prepare Mixed) (G1 Evacuation Pause)
[2023-04-06T08:23:38.458+0000][72][gc,task     ] GC(54) Using 4 workers of 4 for evacuation
[2023-04-06T08:23:38.458+0000][72][gc,age      ] GC(54) Desired survivor size 6291456 bytes, new threshold 15 (max threshold 15)
[2023-04-06T08:23:38.463+0000][72][gc,phases   ] GC(54)   Pre Evacuate Collection Set: 0.1ms
[2023-04-06T08:23:38.463+0000][72][gc,phases   ] GC(54)   Merge Heap Roots: 0.1ms
[2023-04-06T08:23:38.464+0000][72][gc,phases   ] GC(54)   Evacuate Collection Set: 2.6ms
[2023-04-06T08:23:38.464+0000][72][gc,phases   ] GC(54)   Post Evacuate Collection Set: 0.9ms
[2023-04-06T08:23:38.465+0000][72][gc,phases   ] GC(54)   Other: 1.0ms
[2023-04-06T08:23:38.465+0000][72][gc,age      ] GC(54) Age table with threshold 15 (max threshold 15)
[2023-04-06T08:23:38.466+0000][72][gc,age      ] GC(54) - age   1:     793840 bytes,     793840 total
[2023-04-06T08:23:38.466+0000][72][gc,age      ] GC(54) - age   2:     523488 bytes,    1317328 total
[2023-04-06T08:23:38.466+0000][72][gc,age      ] GC(54) - age   3:       1720 bytes,    1319048 total
[2023-04-06T08:23:38.467+0000][72][gc,age      ] GC(54) - age   4:     348976 bytes,    1668024 total
[2023-04-06T08:23:38.467+0000][72][gc,age      ] GC(54) - age   5:       7392 bytes,    1675416 total
[2023-04-06T08:23:38.467+0000][72][gc,age      ] GC(54) - age   6:        976 bytes,    1676392 total
[2023-04-06T08:23:38.468+0000][72][gc,age      ] GC(54) - age   7:      13976 bytes,    1690368 total
[2023-04-06T08:23:38.468+0000][72][gc,age      ] GC(54) - age   8:       8328 bytes,    1698696 total
[2023-04-06T08:23:38.469+0000][72][gc,age      ] GC(54) - age  10:      12576 bytes,    1711272 total
[2023-04-06T08:23:38.469+0000][72][gc,age      ] GC(54) - age  11:      10560 bytes,    1721832 total
[2023-04-06T08:23:38.469+0000][72][gc,age      ] GC(54) - age  12:       8416 bytes,    1730248 total
[2023-04-06T08:23:38.470+0000][72][gc,age      ] GC(54) - age  13:      37920 bytes,    1768168 total
[2023-04-06T08:23:38.470+0000][72][gc,heap     ] GC(54) Eden regions: 23->0(2)
[2023-04-06T08:23:38.471+0000][72][gc,heap     ] GC(54) Survivor regions: 1->1(3)
[2023-04-06T08:23:38.471+0000][72][gc,heap     ] GC(54) Old regions: 24->24
[2023-04-06T08:23:38.472+0000][72][gc,heap     ] GC(54) Archive regions: 2->2
[2023-04-06T08:23:38.472+0000][72][gc,heap     ] GC(54) Humongous regions: 2->2
[2023-04-06T08:23:38.472+0000][72][gc,metaspace] GC(54) Metaspace: 134937K(139648K)->134937K(139648K) NonClass: 117585K(120000K)->117585K(120000K) Class: 17352K(19648K)->17352K(19648K)
[2023-04-06T08:23:38.473+0000][72][gc          ] GC(54) Pause Young (Prepare Mixed) (G1 Evacuation Pause) 200M->108M(256M) 15.276ms
[2023-04-06T08:23:38.473+0000][72][gc,cpu      ] GC(54) User=0.00s Sys=0.00s Real=0.01s
[2023-04-06T08:23:38.474+0000][72][safepoint   ] Safepoint "G1CollectForAllocation", Time since last: 409274990 ns, Reaching safepoint: 90391 ns, At safepoint: 16185815 ns, Total: 16276206 ns
[2023-04-06T08:23:40.476+0000][72][safepoint   ] Safepoint "Cleanup", Time since last: 2001847064 ns, Reaching safepoint: 223970 ns, At safepoint: 11686 ns, Total: 235656 ns
[2023-04-06T08:23:43.013+0000][72][gc,start    ] GC(55) Pause Young (Mixed) (G1 Evacuation Pause)
[2023-04-06T08:23:43.014+0000][72][gc,task     ] GC(55) Using 4 workers of 4 for evacuation
[2023-04-06T08:23:43.015+0000][72][gc,age      ] GC(55) Desired survivor size 2097152 bytes, new threshold 15 (max threshold 15)
[2023-04-06T08:23:43.023+0000][72][gc,phases   ] GC(55)   Pre Evacuate Collection Set: 0.2ms
[2023-04-06T08:23:43.024+0000][72][gc,phases   ] GC(55)   Merge Heap Roots: 0.1ms
[2023-04-06T08:23:43.024+0000][72][gc,phases   ] GC(55)   Evacuate Collection Set: 5.2ms
[2023-04-06T08:23:43.025+0000][72][gc,phases   ] GC(55)   Post Evacuate Collection Set: 0.9ms
[2023-04-06T08:23:43.026+0000][72][gc,phases   ] GC(55)   Other: 2.0ms
[2023-04-06T08:23:43.027+0000][72][gc,age      ] GC(55) Age table with threshold 15 (max threshold 15)
[2023-04-06T08:23:43.028+0000][72][gc,age      ] GC(55) - age   1:     342064 bytes,     342064 total
[2023-04-06T08:23:43.028+0000][72][gc,age      ] GC(55) - age   2:     604112 bytes,     946176 total
[2023-04-06T08:23:43.029+0000][72][gc,age      ] GC(55) - age   3:     523488 bytes,    1469664 total
[2023-04-06T08:23:43.029+0000][72][gc,age      ] GC(55) - age   4:       1720 bytes,    1471384 total
[2023-04-06T08:23:43.030+0000][72][gc,age      ] GC(55) - age   5:     348976 bytes,    1820360 total
[2023-04-06T08:23:43.030+0000][72][gc,age      ] GC(55) - age   6:       7392 bytes,    1827752 total
[2023-04-06T08:23:43.031+0000][72][gc,age      ] GC(55) - age   7:        976 bytes,    1828728 total
[2023-04-06T08:23:43.032+0000][72][gc,age      ] GC(55) - age   8:      13976 bytes,    1842704 total
[2023-04-06T08:23:43.032+0000][72][gc,age      ] GC(55) - age   9:       8328 bytes,    1851032 total
[2023-04-06T08:23:43.033+0000][72][gc,age      ] GC(55) - age  11:      12576 bytes,    1863608 total
[2023-04-06T08:23:43.033+0000][72][gc,age      ] GC(55) - age  12:      10560 bytes,    1874168 total
[2023-04-06T08:23:43.034+0000][72][gc,age      ] GC(55) - age  13:       8416 bytes,    1882584 total
[2023-04-06T08:23:43.034+0000][72][gc,age      ] GC(55) - age  14:      37920 bytes,    1920504 total
[2023-04-06T08:23:43.035+0000][72][gc,heap     ] GC(55) Eden regions: 2->0(24)
[2023-04-06T08:23:43.036+0000][72][gc,heap     ] GC(55) Survivor regions: 1->1(1)
[2023-04-06T08:23:43.036+0000][72][gc,heap     ] GC(55) Old regions: 24->24
[2023-04-06T08:23:43.037+0000][72][gc,heap     ] GC(55) Archive regions: 2->2
[2023-04-06T08:23:43.038+0000][72][gc,heap     ] GC(55) Humongous regions: 2->2
[2023-04-06T08:23:43.038+0000][72][gc,metaspace] GC(55) Metaspace: 134952K(139648K)->134952K(139648K) NonClass: 117599K(120000K)->117599K(120000K) Class: 17352K(19648K)->17352K(19648K)
[2023-04-06T08:23:43.039+0000][72][gc          ] GC(55) Pause Young (Mixed) (G1 Evacuation Pause) 116M->108M(256M) 26.000ms
[2023-04-06T08:23:43.039+0000][72][gc,cpu      ] GC(55) User=0.02s Sys=0.00s Real=0.03s
[2023-04-06T08:23:43.040+0000][72][safepoint   ] Safepoint "G1CollectForAllocation", Time since last: 2537082920 ns, Reaching safepoint: 127889 ns, At safepoint: 27412887 ns, Total: 27540776 ns
[2023-04-06T08:23:44.041+0000][72][safepoint   ] Safepoint "Cleanup", Time since last: 1000960202 ns, Reaching safepoint: 138415 ns, At safepoint: 40903 ns, Total: 179318 ns
[2023-04-06T08:23:46.043+0000][72][safepoint   ] Safepoint "Cleanup", Time since last: 2001520836 ns, Reaching safepoint: 165759 ns, At safepoint: 4919 ns, Total: 170678 ns
[2023-04-06T08:23:47.045+0000][72][safepoint   ] Safepoint "Cleanup", Time since last: 1001498445 ns, Reaching safepoint: 172007 ns, At safepoint: 5309 ns, Total: 177316 ns
[2023-04-06T08:23:49.047+0000][72][safepoint   ] Safepoint "Cleanup", Time since last: 2001685756 ns, Reaching safepoint: 217601 ns, At safepoint: 35235 ns, Total: 252836 ns
[2023-04-06T08:23:50.029+0000][72][safepoint   ] Safepoint "Cleanup", Time since last: 1001524540 ns, Reaching safepoint: 223919 ns, At safepoint: 16351 ns, Total: 240270 ns
[2023-04-06T08:23:51.031+0000][72][safepoint   ] Safepoint "Cleanup", Time since last: 1001726450 ns, Reaching safepoint: 183082 ns, At safepoint: 6909 ns, Total: 189991 ns
[2023-04-06T08:23:55.035+0000][72][safepoint   ] Safepoint "Cleanup", Time since last: 4003765834 ns, Reaching safepoint: 135286 ns, At safepoint: 5364 ns, Total: 140650 ns
[2023-04-06T08:23:56.036+0000][72][safepoint   ] Safepoint "Cleanup", Time since last: 1001316083 ns, Reaching safepoint: 125971 ns, At safepoint: 8657 ns, Total: 134628 ns
[2023-04-06T08:24:01.039+0000][72][safepoint   ] Safepoint "Cleanup", Time since last: 5002372123 ns, Reaching safepoint: 206610 ns, At safepoint: 29281 ns, Total: 235891 ns
[2023-04-06T08:24:02.041+0000][72][safepoint   ] Safepoint "Cleanup", Time since last: 1002278253 ns, Reaching safepoint: 210064 ns, At safepoint: 9236 ns, Total: 219300 ns
[2023-04-06T08:24:07.045+0000][72][safepoint   ] Safepoint "Cleanup", Time since last: 5003385020 ns, Reaching safepoint: 91100 ns, At safepoint: 4459 ns, Total: 95559 ns
[2023-04-06T08:24:08.046+0000][72][safepoint   ] Safepoint "Cleanup", Time since last: 1001208594 ns, Reaching safepoint: 165260 ns, At safepoint: 13776 ns, Total: 179036 ns
[2023-04-06T08:24:09.049+0000][72][safepoint   ] Safepoint "Cleanup", Time since last: 1002414027 ns, Reaching safepoint: 237009 ns, At safepoint: 4868 ns, Total: 241877 ns
[2023-04-06T08:24:12.051+0000][72][safepoint   ] Safepoint "Cleanup", Time since last: 3001910949 ns, Reaching safepoint: 112748 ns, At safepoint: 3184 ns, Total: 115932 ns
[2023-04-06T08:24:13.052+0000][72][safepoint   ] Safepoint "Cleanup", Time since last: 1000988249 ns, Reaching safepoint: 143877 ns, At safepoint: 3997 ns, Total: 147874 ns
[2023-04-06T08:24:13.259+0000][72][gc,start    ] GC(56) Pause Young (Concurrent Start) (G1 Evacuation Pause)
[2023-04-06T08:24:13.260+0000][72][gc,task     ] GC(56) Using 4 workers of 4 for evacuation
[2023-04-06T08:24:13.261+0000][72][gc,age      ] GC(56) Desired survivor size 8388608 bytes, new threshold 15 (max threshold 15)
[2023-04-06T08:24:13.266+0000][72][gc,phases   ] GC(56)   Pre Evacuate Collection Set: 0.4ms
[2023-04-06T08:24:13.267+0000][72][gc,phases   ] GC(56)   Merge Heap Roots: 0.1ms
[2023-04-06T08:24:13.267+0000][72][gc,phases   ] GC(56)   Evacuate Collection Set: 3.0ms
[2023-04-06T08:24:13.268+0000][72][gc,phases   ] GC(56)   Post Evacuate Collection Set: 0.9ms
[2023-04-06T08:24:13.268+0000][72][gc,phases   ] GC(56)   Other: 1.4ms
[2023-04-06T08:24:13.269+0000][72][gc,age      ] GC(56) Age table with threshold 15 (max threshold 15)
[2023-04-06T08:24:13.270+0000][72][gc,age      ] GC(56) - age   1:    1504976 bytes,    1504976 total
[2023-04-06T08:24:13.270+0000][72][gc,age      ] GC(56) - age   2:        272 bytes,    1505248 total
[2023-04-06T08:24:13.271+0000][72][gc,age      ] GC(56) - age   3:      18968 bytes,    1524216 total
[2023-04-06T08:24:13.271+0000][72][gc,age      ] GC(56) - age   4:     504616 bytes,    2028832 total
[2023-04-06T08:24:13.272+0000][72][gc,age      ] GC(56) - age   5:       1688 bytes,    2030520 total
[2023-04-06T08:24:13.272+0000][72][gc,age      ] GC(56) - age   6:     344456 bytes,    2374976 total
[2023-04-06T08:24:13.273+0000][72][gc,age      ] GC(56) - age   7:       7328 bytes,    2382304 total
[2023-04-06T08:24:13.273+0000][72][gc,age      ] GC(56) - age   8:        976 bytes,    2383280 total
[2023-04-06T08:24:13.274+0000][72][gc,age      ] GC(56) - age   9:      13912 bytes,    2397192 total
[2023-04-06T08:24:13.274+0000][72][gc,age      ] GC(56) - age  10:       8032 bytes,    2405224 total
[2023-04-06T08:24:13.275+0000][72][gc,age      ] GC(56) - age  12:      12576 bytes,    2417800 total
[2023-04-06T08:24:13.275+0000][72][gc,age      ] GC(56) - age  13:      10560 bytes,    2428360 total
[2023-04-06T08:24:13.276+0000][72][gc,age      ] GC(56) - age  14:       8416 bytes,    2436776 total
[2023-04-06T08:24:13.276+0000][72][gc,age      ] GC(56) - age  15:      37920 bytes,    2474696 total
[2023-04-06T08:24:13.277+0000][72][gc,heap     ] GC(56) Eden regions: 24->0(23)
[2023-04-06T08:24:13.277+0000][72][gc,heap     ] GC(56) Survivor regions: 1->1(4)
[2023-04-06T08:24:13.278+0000][72][gc,heap     ] GC(56) Old regions: 24->24
[2023-04-06T08:24:13.279+0000][72][gc,heap     ] GC(56) Archive regions: 2->2
[2023-04-06T08:24:13.279+0000][72][gc,heap     ] GC(56) Humongous regions: 2->2
[2023-04-06T08:24:13.280+0000][72][gc,metaspace] GC(56) Metaspace: 135182K(139712K)->135182K(139712K) NonClass: 117826K(120064K)->117826K(120064K) Class: 17356K(19648K)->17356K(19648K)
[2023-04-06T08:24:13.281+0000][72][gc          ] GC(56) Pause Young (Concurrent Start) (G1 Evacuation Pause) 204M->108M(256M) 21.479ms
[2023-04-06T08:24:13.281+0000][72][gc,cpu      ] GC(56) User=0.01s Sys=0.00s Real=0.02s
[2023-04-06T08:24:13.281+0000][72][gc          ] GC(57) Concurrent Mark Cycle
[2023-04-06T08:24:13.283+0000][72][gc,marking  ] GC(57) Concurrent Clear Claimed Marks
[2023-04-06T08:24:13.282+0000][72][safepoint   ] Safepoint "G1CollectForAllocation", Time since last: 207055874 ns, Reaching safepoint: 134466 ns, At safepoint: 22766857 ns, Total: 22901323 ns
[2023-04-06T08:24:13.284+0000][72][gc,marking  ] GC(57) Concurrent Clear Claimed Marks 0.887ms
[2023-04-06T08:24:13.285+0000][72][gc,marking  ] GC(57) Concurrent Scan Root Regions
[2023-04-06T08:24:13.289+0000][72][gc,marking  ] GC(57) Concurrent Scan Root Regions 3.953ms
[2023-04-06T08:24:13.294+0000][72][gc,marking  ] GC(57) Concurrent Mark
[2023-04-06T08:24:13.295+0000][72][gc,marking  ] GC(57) Concurrent Mark From Roots
[2023-04-06T08:24:13.297+0000][72][gc,task     ] GC(57) Using 1 workers of 1 for marking
[2023-04-06T08:24:13.406+0000][72][gc,marking  ] GC(57) Concurrent Mark From Roots 111.710ms
[2023-04-06T08:24:13.407+0000][72][gc,marking  ] GC(57) Concurrent Preclean
[2023-04-06T08:24:13.408+0000][72][gc,marking  ] GC(57) Concurrent Preclean 0.761ms
[2023-04-06T08:24:13.409+0000][72][gc,start    ] GC(57) Pause Remark
[2023-04-06T08:24:13.420+0000][72][gc          ] GC(57) Pause Remark 112M->112M(256M) 11.382ms
[2023-04-06T08:24:13.421+0000][72][gc,cpu      ] GC(57) User=0.03s Sys=0.00s Real=0.01s
[2023-04-06T08:24:13.422+0000][72][safepoint   ] Safepoint "G1PauseRemark", Time since last: 126457101 ns, Reaching safepoint: 93887 ns, At safepoint: 12934456 ns, Total: 13028343 ns
[2023-04-06T08:24:13.422+0000][72][gc,marking  ] GC(57) Concurrent Mark 128.769ms
[2023-04-06T08:24:13.423+0000][72][gc,marking  ] GC(57) Concurrent Rebuild Remembered Sets
[2023-04-06T08:24:13.530+0000][72][gc,marking  ] GC(57) Concurrent Rebuild Remembered Sets 106.834ms
[2023-04-06T08:24:13.531+0000][72][gc,start    ] GC(57) Pause Cleanup
[2023-04-06T08:24:13.532+0000][72][gc          ] GC(57) Pause Cleanup 114M->114M(256M) 0.538ms
[2023-04-06T08:24:13.532+0000][72][gc,cpu      ] GC(57) User=0.00s Sys=0.00s Real=0.00s
[2023-04-06T08:24:13.533+0000][72][safepoint   ] Safepoint "G1PauseCleanup", Time since last: 109501023 ns, Reaching safepoint: 219969 ns, At safepoint: 1618785 ns, Total: 1838754 ns
[2023-04-06T08:24:13.534+0000][72][gc,marking  ] GC(57) Concurrent Cleanup for Next Mark
[2023-04-06T08:24:13.535+0000][72][gc,marking  ] GC(57) Concurrent Cleanup for Next Mark 1.038ms
[2023-04-06T08:24:13.535+0000][72][gc          ] GC(57) Concurrent Mark Cycle 253.881ms
[2023-04-06T08:24:14.534+0000][72][safepoint   ] Safepoint "Cleanup", Time since last: 1000764104 ns, Reaching safepoint: 186531 ns, At safepoint: 6656 ns, Total: 193187 ns
[2023-04-06T08:24:15.535+0000][72][safepoint   ] Safepoint "Cleanup", Time since last: 1001214811 ns, Reaching safepoint: 130275 ns, At safepoint: 4275 ns, Total: 134550 ns
[2023-04-06T08:24:16.538+0000][72][safepoint   ] Safepoint "Cleanup", Time since last: 1003002514 ns, Reaching safepoint: 110588 ns, At safepoint: 12853 ns, Total: 123441 ns
[2023-04-06T08:24:17.540+0000][72][safepoint   ] Safepoint "Cleanup", Time since last: 1001546742 ns, Reaching safepoint: 218836 ns, At safepoint: 7605 ns, Total: 226441 ns
[2023-04-06T08:24:19.519+0000][72][safepoint   ] Safepoint "Cleanup", Time since last: 2001913201 ns, Reaching safepoint: 137302 ns, At safepoint: 7493 ns, Total: 144795 ns
[2023-04-06T08:24:20.521+0000][72][safepoint   ] Safepoint "Cleanup", Time since last: 1001381185 ns, Reaching safepoint: 111206 ns, At safepoint: 4046 ns, Total: 115252 ns
[2023-04-06T08:24:25.525+0000][72][safepoint   ] Safepoint "Cleanup", Time since last: 5003543203 ns, Reaching safepoint: 194230 ns, At safepoint: 5796 ns, Total: 200026 ns
[2023-04-06T08:24:27.527+0000][72][safepoint   ] Safepoint "Cleanup", Time since last: 2001860878 ns, Reaching safepoint: 136115 ns, At safepoint: 3775 ns, Total: 139890 ns
[2023-04-06T08:24:28.528+0000][72][safepoint   ] Safepoint "Cleanup", Time since last: 1001218776 ns, Reaching safepoint: 306147 ns, At safepoint: 12575 ns, Total: 318722 ns
[2023-04-06T08:24:29.530+0000][72][safepoint   ] Safepoint "Cleanup", Time since last: 1001679290 ns, Reaching safepoint: 212939 ns, At safepoint: 4593 ns, Total: 217532 ns
[2023-04-06T08:24:31.533+0000][72][safepoint   ] Safepoint "Cleanup", Time since last: 2003336052 ns, Reaching safepoint: 169655 ns, At safepoint: 9469 ns, Total: 179124 ns
[2023-04-06T08:24:34.541+0000][72][safepoint   ] Safepoint "Cleanup", Time since last: 3007420646 ns, Reaching safepoint: 98918 ns, At safepoint: 3298 ns, Total: 102216 ns
[2023-04-06T08:24:35.543+0000][72][safepoint   ] Safepoint "Cleanup", Time since last: 1001394459 ns, Reaching safepoint: 100391 ns, At safepoint: 3888 ns, Total: 104279 ns
[2023-04-06T08:24:37.547+0000][72][safepoint   ] Safepoint "Cleanup", Time since last: 2004143628 ns, Reaching safepoint: 587624 ns, At safepoint: 24298 ns, Total: 611922 ns
[2023-04-06T08:24:38.551+0000][72][safepoint   ] Safepoint "Cleanup", Time since last: 1003651701 ns, Reaching safepoint: 232250 ns, At safepoint: 10788 ns, Total: 243038 ns
[2023-04-06T08:24:39.553+0000][72][safepoint   ] Safepoint "Cleanup", Time since last: 1001589678 ns, Reaching safepoint: 533440 ns, At safepoint: 20801 ns, Total: 554241 ns
[2023-04-06T08:24:40.557+0000][72][safepoint   ] Safepoint "Cleanup", Time since last: 1003696702 ns, Reaching safepoint: 265217 ns, At safepoint: 5793 ns, Total: 271010 ns
[2023-04-06T08:24:43.286+0000][72][gc,start    ] GC(58) Pause Young (Prepare Mixed) (G1 Evacuation Pause)
[2023-04-06T08:24:43.287+0000][72][gc,task     ] GC(58) Using 4 workers of 4 for evacuation
[2023-04-06T08:24:43.287+0000][72][gc,age      ] GC(58) Desired survivor size 6291456 bytes, new threshold 15 (max threshold 15)
[2023-04-06T08:24:43.293+0000][72][gc,phases   ] GC(58)   Pre Evacuate Collection Set: 0.1ms
[2023-04-06T08:24:43.293+0000][72][gc,phases   ] GC(58)   Merge Heap Roots: 0.1ms
[2023-04-06T08:24:43.294+0000][72][gc,phases   ] GC(58)   Evacuate Collection Set: 3.3ms
[2023-04-06T08:24:43.295+0000][72][gc,phases   ] GC(58)   Post Evacuate Collection Set: 0.9ms
[2023-04-06T08:24:43.295+0000][72][gc,phases   ] GC(58)   Other: 1.5ms
[2023-04-06T08:24:43.296+0000][72][gc,age      ] GC(58) Age table with threshold 15 (max threshold 15)
[2023-04-06T08:24:43.297+0000][72][gc,age      ] GC(58) - age   1:     686232 bytes,     686232 total
[2023-04-06T08:24:43.297+0000][72][gc,age      ] GC(58) - age   2:       8400 bytes,     694632 total
[2023-04-06T08:24:43.298+0000][72][gc,age      ] GC(58) - age   3:        272 bytes,     694904 total
[2023-04-06T08:24:43.299+0000][72][gc,age      ] GC(58) - age   4:      17936 bytes,     712840 total
[2023-04-06T08:24:43.299+0000][72][gc,age      ] GC(58) - age   5:     392136 bytes,    1104976 total
[2023-04-06T08:24:43.300+0000][72][gc,age      ] GC(58) - age   6:       1688 bytes,    1106664 total
[2023-04-06T08:24:43.300+0000][72][gc,age      ] GC(58) - age   7:     344456 bytes,    1451120 total
[2023-04-06T08:24:43.301+0000][72][gc,age      ] GC(58) - age   8:       7328 bytes,    1458448 total
[2023-04-06T08:24:43.302+0000][72][gc,age      ] GC(58) - age   9:        976 bytes,    1459424 total
[2023-04-06T08:24:43.302+0000][72][gc,age      ] GC(58) - age  10:      13912 bytes,    1473336 total
[2023-04-06T08:24:43.303+0000][72][gc,age      ] GC(58) - age  11:       8032 bytes,    1481368 total
[2023-04-06T08:24:43.304+0000][72][gc,age      ] GC(58) - age  13:      12576 bytes,    1493944 total
[2023-04-06T08:24:43.304+0000][72][gc,age      ] GC(58) - age  14:      10560 bytes,    1504504 total
[2023-04-06T08:24:43.305+0000][72][gc,age      ] GC(58) - age  15:       8416 bytes,    1512920 total
[2023-04-06T08:24:43.305+0000][72][gc,heap     ] GC(58) Eden regions: 23->0(2)
[2023-04-06T08:24:43.307+0000][72][gc,heap     ] GC(58) Survivor regions: 1->1(3)
[2023-04-06T08:24:43.308+0000][72][gc,heap     ] GC(58) Old regions: 24->24
[2023-04-06T08:24:43.308+0000][72][gc,heap     ] GC(58) Archive regions: 2->2
[2023-04-06T08:24:43.309+0000][72][gc,heap     ] GC(58) Humongous regions: 2->2
[2023-04-06T08:24:43.309+0000][72][gc,metaspace] GC(58) Metaspace: 135255K(139712K)->135255K(139712K) NonClass: 117898K(120064K)->117898K(120064K) Class: 17356K(19648K)->17356K(19648K)
[2023-04-06T08:24:43.310+0000][72][gc          ] GC(58) Pause Young (Prepare Mixed) (G1 Evacuation Pause) 200M->108M(256M) 23.732ms
[2023-04-06T08:24:43.310+0000][72][gc,cpu      ] GC(58) User=0.01s Sys=0.00s Real=0.02s
[2023-04-06T08:24:43.311+0000][72][safepoint   ] Safepoint "G1CollectForAllocation", Time since last: 2728209712 ns, Reaching safepoint: 285707 ns, At safepoint: 25034218 ns, Total: 25319925 ns
[2023-04-06T08:24:44.312+0000][72][safepoint   ] Safepoint "Cleanup", Time since last: 1001157734 ns, Reaching safepoint: 113522 ns, At safepoint: 7976 ns, Total: 121498 ns
[2023-04-06T08:24:46.316+0000][72][safepoint   ] Safepoint "Cleanup", Time since last: 2003497926 ns, Reaching safepoint: 93066 ns, At safepoint: 3907 ns, Total: 96973 ns
[2023-04-06T08:24:47.525+0000][72][gc,start    ] GC(59) Pause Young (Mixed) (G1 Evacuation Pause)
[2023-04-06T08:24:47.526+0000][72][gc,task     ] GC(59) Using 4 workers of 4 for evacuation
[2023-04-06T08:24:47.527+0000][72][gc,age      ] GC(59) Desired survivor size 2097152 bytes, new threshold 15 (max threshold 15)
[2023-04-06T08:24:47.534+0000][72][gc,phases   ] GC(59)   Pre Evacuate Collection Set: 0.1ms
[2023-04-06T08:24:47.535+0000][72][gc,phases   ] GC(59)   Merge Heap Roots: 0.1ms
[2023-04-06T08:24:47.536+0000][72][gc,phases   ] GC(59)   Evacuate Collection Set: 5.8ms
[2023-04-06T08:24:47.536+0000][72][gc,phases   ] GC(59)   Post Evacuate Collection Set: 0.9ms
[2023-04-06T08:24:47.537+0000][72][gc,phases   ] GC(59)   Other: 1.2ms
[2023-04-06T08:24:47.537+0000][72][gc,age      ] GC(59) Age table with threshold 15 (max threshold 15)
[2023-04-06T08:24:47.538+0000][72][gc,age      ] GC(59) - age   1:     230344 bytes,     230344 total
[2023-04-06T08:24:47.538+0000][72][gc,age      ] GC(59) - age   2:     397464 bytes,     627808 total
[2023-04-06T08:24:47.539+0000][72][gc,age      ] GC(59) - age   3:       8304 bytes,     636112 total
[2023-04-06T08:24:47.539+0000][72][gc,age      ] GC(59) - age   4:        272 bytes,     636384 total
[2023-04-06T08:24:47.540+0000][72][gc,age      ] GC(59) - age   5:      17936 bytes,     654320 total
[2023-04-06T08:24:47.540+0000][72][gc,age      ] GC(59) - age   6:     392136 bytes,    1046456 total
[2023-04-06T08:24:47.541+0000][72][gc,age      ] GC(59) - age   7:       1688 bytes,    1048144 total
[2023-04-06T08:24:47.542+0000][72][gc,age      ] GC(59) - age   8:     343760 bytes,    1391904 total
[2023-04-06T08:24:47.543+0000][72][gc,age      ] GC(59) - age   9:       7328 bytes,    1399232 total
[2023-04-06T08:24:47.544+0000][72][gc,age      ] GC(59) - age  10:        976 bytes,    1400208 total
[2023-04-06T08:24:47.544+0000][72][gc,age      ] GC(59) - age  11:      13912 bytes,    1414120 total
[2023-04-06T08:24:47.545+0000][72][gc,age      ] GC(59) - age  12:       8032 bytes,    1422152 total
[2023-04-06T08:24:47.546+0000][72][gc,age      ] GC(59) - age  14:      12576 bytes,    1434728 total
[2023-04-06T08:24:47.546+0000][72][gc,age      ] GC(59) - age  15:      10560 bytes,    1445288 total
[2023-04-06T08:24:47.547+0000][72][gc,heap     ] GC(59) Eden regions: 2->0(24)
[2023-04-06T08:24:47.547+0000][72][gc,heap     ] GC(59) Survivor regions: 1->1(1)
[2023-04-06T08:24:47.548+0000][72][gc,heap     ] GC(59) Old regions: 24->24
[2023-04-06T08:24:47.548+0000][72][gc,heap     ] GC(59) Archive regions: 2->2
[2023-04-06T08:24:47.549+0000][72][gc,heap     ] GC(59) Humongous regions: 2->2
[2023-04-06T08:24:47.550+0000][72][gc,metaspace] GC(59) Metaspace: 135271K(139712K)->135271K(139712K) NonClass: 117914K(120064K)->117914K(120064K) Class: 17356K(19648K)->17356K(19648K)
[2023-04-06T08:24:47.551+0000][72][gc          ] GC(59) Pause Young (Mixed) (G1 Evacuation Pause) 116M->107M(256M) 25.495ms
[2023-04-06T08:24:47.552+0000][72][gc,cpu      ] GC(59) User=0.02s Sys=0.00s Real=0.03s
[2023-04-06T08:24:47.552+0000][72][safepoint   ] Safepoint "G1CollectForAllocation", Time since last: 1209579586 ns, Reaching safepoint: 58515 ns, At safepoint: 26694437 ns, Total: 26752952 ns
[2023-04-06T08:24:48.553+0000][72][safepoint   ] Safepoint "Cleanup", Time since last: 1000962137 ns, Reaching safepoint: 402999 ns, At safepoint: 83832 ns, Total: 486831 ns
[2023-04-06T08:24:49.534+0000][72][safepoint   ] Safepoint "Cleanup", Time since last: 1001269790 ns, Reaching safepoint: 175427 ns, At safepoint: 5694 ns, Total: 181121 ns
[2023-04-06T08:24:51.536+0000][72][safepoint   ] Safepoint "Cleanup", Time since last: 2002166144 ns, Reaching safepoint: 106984 ns, At safepoint: 3762 ns, Total: 110746 ns
[2023-04-06T08:24:55.540+0000][72][safepoint   ] Safepoint "Cleanup", Time since last: 4003316131 ns, Reaching safepoint: 302276 ns, At safepoint: 9732 ns, Total: 312008 ns
[2023-04-06T08:25:01.550+0000][72][safepoint   ] Safepoint "Cleanup", Time since last: 6009656384 ns, Reaching safepoint: 284701 ns, At safepoint: 8399 ns, Total: 293100 ns
[2023-04-06T08:25:02.551+0000][72][safepoint   ] Safepoint "Cleanup", Time since last: 1001405886 ns, Reaching safepoint: 142284 ns, At safepoint: 17796 ns, Total: 160080 ns
[2023-04-06T08:25:03.553+0000][72][safepoint   ] Safepoint "Cleanup", Time since last: 1001635321 ns, Reaching safepoint: 150815 ns, At safepoint: 10479 ns, Total: 161294 ns
[2023-04-06T08:25:04.554+0000][72][safepoint   ] Safepoint "Cleanup", Time since last: 1000994860 ns, Reaching safepoint: 68347 ns, At safepoint: 3343 ns, Total: 71690 ns
[2023-04-06T08:25:05.556+0000][72][safepoint   ] Safepoint "Cleanup", Time since last: 1001881046 ns, Reaching safepoint: 96822 ns, At safepoint: 3148 ns, Total: 99970 ns
[2023-04-06T08:25:10.559+0000][72][safepoint   ] Safepoint "Cleanup", Time since last: 5003126893 ns, Reaching safepoint: 127450 ns, At safepoint: 4630 ns, Total: 132080 ns
[2023-04-06T08:25:13.566+0000][72][safepoint   ] Safepoint "Cleanup", Time since last: 3006094413 ns, Reaching safepoint: 239247 ns, At safepoint: 4996 ns, Total: 244243 ns
[2023-04-06T08:25:15.569+0000][72][safepoint   ] Safepoint "Cleanup", Time since last: 2003549622 ns, Reaching safepoint: 166542 ns, At safepoint: 3955 ns, Total: 170497 ns
[2023-04-06T08:25:15.980+0000][72][gc,start    ] GC(60) Pause Young (Concurrent Start) (G1 Evacuation Pause)
[2023-04-06T08:25:15.981+0000][72][gc,task     ] GC(60) Using 4 workers of 4 for evacuation
[2023-04-06T08:25:15.982+0000][72][gc,age      ] GC(60) Desired survivor size 8388608 bytes, new threshold 15 (max threshold 15)
[2023-04-06T08:25:15.986+0000][72][gc,phases   ] GC(60)   Pre Evacuate Collection Set: 0.5ms
[2023-04-06T08:25:15.987+0000][72][gc,phases   ] GC(60)   Merge Heap Roots: 0.1ms
[2023-04-06T08:25:15.988+0000][72][gc,phases   ] GC(60)   Evacuate Collection Set: 2.3ms
[2023-04-06T08:25:15.988+0000][72][gc,phases   ] GC(60)   Post Evacuate Collection Set: 0.9ms
[2023-04-06T08:25:15.989+0000][72][gc,phases   ] GC(60)   Other: 1.5ms
[2023-04-06T08:25:15.989+0000][72][gc,age      ] GC(60) Age table with threshold 15 (max threshold 15)
[2023-04-06T08:25:15.990+0000][72][gc,age      ] GC(60) - age   1:    1167824 bytes,    1167824 total
[2023-04-06T08:25:15.990+0000][72][gc,age      ] GC(60) - age   2:       2224 bytes,    1170048 total
[2023-04-06T08:25:15.991+0000][72][gc,age      ] GC(60) - age   3:     122280 bytes,    1292328 total
[2023-04-06T08:25:15.991+0000][72][gc,age      ] GC(60) - age   4:       7296 bytes,    1299624 total
[2023-04-06T08:25:15.991+0000][72][gc,age      ] GC(60) - age   5:        272 bytes,    1299896 total
[2023-04-06T08:25:15.992+0000][72][gc,age      ] GC(60) - age   6:      17448 bytes,    1317344 total
[2023-04-06T08:25:15.992+0000][72][gc,age      ] GC(60) - age   7:     392008 bytes,    1709352 total
[2023-04-06T08:25:15.993+0000][72][gc,age      ] GC(60) - age   8:       1688 bytes,    1711040 total
[2023-04-06T08:25:15.994+0000][72][gc,age      ] GC(60) - age   9:     343696 bytes,    2054736 total
[2023-04-06T08:25:15.994+0000][72][gc,age      ] GC(60) - age  10:       7328 bytes,    2062064 total
[2023-04-06T08:25:15.994+0000][72][gc,age      ] GC(60) - age  11:        976 bytes,    2063040 total
[2023-04-06T08:25:15.995+0000][72][gc,age      ] GC(60) - age  12:      13912 bytes,    2076952 total
[2023-04-06T08:25:15.995+0000][72][gc,age      ] GC(60) - age  13:       8032 bytes,    2084984 total
[2023-04-06T08:25:15.996+0000][72][gc,age      ] GC(60) - age  15:      12576 bytes,    2097560 total
[2023-04-06T08:25:15.996+0000][72][gc,heap     ] GC(60) Eden regions: 24->0(24)
[2023-04-06T08:25:15.997+0000][72][gc,heap     ] GC(60) Survivor regions: 1->1(4)
[2023-04-06T08:25:15.997+0000][72][gc,heap     ] GC(60) Old regions: 24->24
[2023-04-06T08:25:15.998+0000][72][gc,heap     ] GC(60) Archive regions: 2->2
[2023-04-06T08:25:15.998+0000][72][gc,heap     ] GC(60) Humongous regions: 2->2
[2023-04-06T08:25:15.999+0000][72][gc,metaspace] GC(60) Metaspace: 135371K(139840K)->135371K(139840K) NonClass: 118014K(120192K)->118014K(120192K) Class: 17356K(19648K)->17356K(19648K)
[2023-04-06T08:25:15.999+0000][72][gc          ] GC(60) Pause Young (Concurrent Start) (G1 Evacuation Pause) 203M->108M(256M) 18.853ms
[2023-04-06T08:25:15.999+0000][72][gc,cpu      ] GC(60) User=0.01s Sys=0.00s Real=0.01s
[2023-04-06T08:25:15.999+0000][72][gc          ] GC(61) Concurrent Mark Cycle
[2023-04-06T08:25:16.000+0000][72][safepoint   ] Safepoint "G1CollectForAllocation", Time since last: 410583415 ns, Reaching safepoint: 137922 ns, At safepoint: 19815867 ns, Total: 19953789 ns
[2023-04-06T08:25:16.001+0000][72][gc,marking  ] GC(61) Concurrent Clear Claimed Marks
[2023-04-06T08:25:16.002+0000][72][gc,marking  ] GC(61) Concurrent Clear Claimed Marks 1.235ms
[2023-04-06T08:25:16.002+0000][72][gc,marking  ] GC(61) Concurrent Scan Root Regions
[2023-04-06T08:25:16.006+0000][72][gc,marking  ] GC(61) Concurrent Scan Root Regions 3.959ms
[2023-04-06T08:25:16.007+0000][72][gc,marking  ] GC(61) Concurrent Mark
[2023-04-06T08:25:16.008+0000][72][gc,marking  ] GC(61) Concurrent Mark From Roots
[2023-04-06T08:25:16.008+0000][72][gc,task     ] GC(61) Using 1 workers of 1 for marking
[2023-04-06T08:25:16.114+0000][72][gc,marking  ] GC(61) Concurrent Mark From Roots 106.677ms
[2023-04-06T08:25:16.115+0000][72][gc,marking  ] GC(61) Concurrent Preclean
[2023-04-06T08:25:16.117+0000][72][gc,marking  ] GC(61) Concurrent Preclean 1.172ms
[2023-04-06T08:25:16.117+0000][72][gc,start    ] GC(61) Pause Remark
[2023-04-06T08:25:16.127+0000][72][gc          ] GC(61) Pause Remark 110M->110M(256M) 9.850ms
[2023-04-06T08:25:16.128+0000][72][gc,cpu      ] GC(61) User=0.03s Sys=0.00s Real=0.01s
[2023-04-06T08:25:16.130+0000][72][safepoint   ] Safepoint "G1PauseRemark", Time since last: 117338954 ns, Reaching safepoint: 79177 ns, At safepoint: 12959506 ns, Total: 13038683 ns
[2023-04-06T08:25:16.133+0000][72][gc,marking  ] GC(61) Concurrent Mark 125.473ms
[2023-04-06T08:25:16.133+0000][72][gc,marking  ] GC(61) Concurrent Rebuild Remembered Sets
[2023-04-06T08:25:16.192+0000][72][gc,marking  ] GC(61) Concurrent Rebuild Remembered Sets 58.798ms
[2023-04-06T08:25:16.193+0000][72][gc,start    ] GC(61) Pause Cleanup
[2023-04-06T08:25:16.194+0000][72][gc          ] GC(61) Pause Cleanup 110M->110M(256M) 1.000ms
[2023-04-06T08:25:16.195+0000][72][gc,cpu      ] GC(61) User=0.00s Sys=0.00s Real=0.00s
[2023-04-06T08:25:16.195+0000][72][safepoint   ] Safepoint "G1PauseCleanup", Time since last: 62662627 ns, Reaching safepoint: 74361 ns, At safepoint: 2304973 ns, Total: 2379334 ns
[2023-04-06T08:25:16.196+0000][72][gc,marking  ] GC(61) Concurrent Cleanup for Next Mark
[2023-04-06T08:25:16.197+0000][72][gc,marking  ] GC(61) Concurrent Cleanup for Next Mark 0.734ms
[2023-04-06T08:25:16.198+0000][72][gc          ] GC(61) Concurrent Mark Cycle 198.008ms
[2023-04-06T08:25:19.198+0000][72][safepoint   ] Safepoint "Cleanup", Time since last: 3002798145 ns, Reaching safepoint: 233018 ns, At safepoint: 25932 ns, Total: 258950 ns
[2023-04-06T08:25:22.182+0000][72][safepoint   ] Safepoint "Cleanup", Time since last: 3004636079 ns, Reaching safepoint: 153320 ns, At safepoint: 3569 ns, Total: 156889 ns
[2023-04-06T08:25:24.184+0000][72][safepoint   ] Safepoint "Cleanup", Time since last: 2001956242 ns, Reaching safepoint: 103415 ns, At safepoint: 3064 ns, Total: 106479 ns
[2023-04-06T08:25:26.186+0000][72][safepoint   ] Safepoint "Cleanup", Time since last: 2001453241 ns, Reaching safepoint: 172302 ns, At safepoint: 3337 ns, Total: 175639 ns
[2023-04-06T08:25:31.225+0000][72][safepoint   ] Safepoint "Cleanup", Time since last: 5039023823 ns, Reaching safepoint: 87225 ns, At safepoint: 7325 ns, Total: 94550 ns
[2023-04-06T08:25:32.230+0000][72][safepoint   ] Safepoint "Cleanup", Time since last: 1004823223 ns, Reaching safepoint: 247838 ns, At safepoint: 4824 ns, Total: 252662 ns
[2023-04-06T08:25:37.235+0000][72][safepoint   ] Safepoint "Cleanup", Time since last: 5005287701 ns, Reaching safepoint: 264597 ns, At safepoint: 17821 ns, Total: 282418 ns
[2023-04-06T08:25:38.237+0000][72][safepoint   ] Safepoint "Cleanup", Time since last: 1001039062 ns, Reaching safepoint: 204914 ns, At safepoint: 4890 ns, Total: 209804 ns
[2023-04-06T08:25:39.240+0000][72][safepoint   ] Safepoint "Cleanup", Time since last: 1001864558 ns, Reaching safepoint: 778646 ns, At safepoint: 6476 ns, Total: 785122 ns
[2023-04-06T08:25:40.251+0000][72][safepoint   ] Safepoint "Cleanup", Time since last: 1011450932 ns, Reaching safepoint: 91252 ns, At safepoint: 3807 ns, Total: 95059 ns
[2023-04-06T08:25:41.252+0000][72][safepoint   ] Safepoint "Cleanup", Time since last: 1001188048 ns, Reaching safepoint: 113191 ns, At safepoint: 4953 ns, Total: 118144 ns
[2023-04-06T08:25:42.255+0000][72][safepoint   ] Safepoint "Cleanup", Time since last: 1002092004 ns, Reaching safepoint: 290252 ns, At safepoint: 6672 ns, Total: 296924 ns
[2023-04-06T08:25:44.258+0000][72][safepoint   ] Safepoint "Cleanup", Time since last: 2002888914 ns, Reaching safepoint: 326425 ns, At safepoint: 4556 ns, Total: 330981 ns
[2023-04-06T08:25:46.259+0000][72][safepoint   ] Safepoint "Cleanup", Time since last: 2001417538 ns, Reaching safepoint: 82317 ns, At safepoint: 3497 ns, Total: 85814 ns
[2023-04-06T08:25:48.261+0000][72][safepoint   ] Safepoint "Cleanup", Time since last: 2001342485 ns, Reaching safepoint: 99409 ns, At safepoint: 4644 ns, Total: 104053 ns
[2023-04-06T08:25:49.240+0000][72][gc,start    ] GC(62) Pause Young (Prepare Mixed) (G1 Evacuation Pause)
[2023-04-06T08:25:49.241+0000][72][gc,task     ] GC(62) Using 4 workers of 4 for evacuation
[2023-04-06T08:25:49.241+0000][72][gc,age      ] GC(62) Desired survivor size 8388608 bytes, new threshold 15 (max threshold 15)
[2023-04-06T08:25:49.252+0000][72][gc,phases   ] GC(62)   Pre Evacuate Collection Set: 0.1ms
[2023-04-06T08:25:49.253+0000][72][gc,phases   ] GC(62)   Merge Heap Roots: 0.1ms
[2023-04-06T08:25:49.254+0000][72][gc,phases   ] GC(62)   Evacuate Collection Set: 8.7ms
[2023-04-06T08:25:49.255+0000][72][gc,phases   ] GC(62)   Post Evacuate Collection Set: 1.2ms
[2023-04-06T08:25:49.256+0000][72][gc,phases   ] GC(62)   Other: 1.4ms
[2023-04-06T08:25:49.257+0000][72][gc,age      ] GC(62) Age table with threshold 15 (max threshold 15)
[2023-04-06T08:25:49.258+0000][72][gc,age      ] GC(62) - age   1:    1531400 bytes,    1531400 total
[2023-04-06T08:25:49.258+0000][72][gc,age      ] GC(62) - age   2:     150976 bytes,    1682376 total
[2023-04-06T08:25:49.259+0000][72][gc,age      ] GC(62) - age   3:       2064 bytes,    1684440 total
[2023-04-06T08:25:49.260+0000][72][gc,age      ] GC(62) - age   4:       7368 bytes,    1691808 total
[2023-04-06T08:25:49.260+0000][72][gc,age      ] GC(62) - age   5:       6936 bytes,    1698744 total
[2023-04-06T08:25:49.261+0000][72][gc,age      ] GC(62) - age   6:        272 bytes,    1699016 total
[2023-04-06T08:25:49.261+0000][72][gc,age      ] GC(62) - age   7:      17272 bytes,    1716288 total
[2023-04-06T08:25:49.263+0000][72][gc,age      ] GC(62) - age   8:     392008 bytes,    2108296 total
[2023-04-06T08:25:49.264+0000][72][gc,age      ] GC(62) - age   9:       1688 bytes,    2109984 total
[2023-04-06T08:25:49.264+0000][72][gc,age      ] GC(62) - age  10:     335680 bytes,    2445664 total
[2023-04-06T08:25:49.265+0000][72][gc,age      ] GC(62) - age  11:       7328 bytes,    2452992 total
[2023-04-06T08:25:49.266+0000][72][gc,age      ] GC(62) - age  12:        976 bytes,    2453968 total
[2023-04-06T08:25:49.266+0000][72][gc,age      ] GC(62) - age  13:      13912 bytes,    2467880 total
[2023-04-06T08:25:49.267+0000][72][gc,age      ] GC(62) - age  14:       8032 bytes,    2475912 total
[2023-04-06T08:25:49.267+0000][72][gc,heap     ] GC(62) Eden regions: 24->0(2)
[2023-04-06T08:25:49.268+0000][72][gc,heap     ] GC(62) Survivor regions: 1->1(4)
[2023-04-06T08:25:49.268+0000][72][gc,heap     ] GC(62) Old regions: 24->24
[2023-04-06T08:25:49.271+0000][72][gc,heap     ] GC(62) Archive regions: 2->2
[2023-04-06T08:25:49.274+0000][72][gc,heap     ] GC(62) Humongous regions: 2->2
[2023-04-06T08:25:49.274+0000][72][gc,metaspace] GC(62) Metaspace: 135412K(139840K)->135412K(139840K) NonClass: 118056K(120192K)->118056K(120192K) Class: 17356K(19648K)->17356K(19648K)
[2023-04-06T08:25:49.275+0000][72][gc          ] GC(62) Pause Young (Prepare Mixed) (G1 Evacuation Pause) 204M->108M(256M) 34.724ms
[2023-04-06T08:25:49.275+0000][72][gc,cpu      ] GC(62) User=0.02s Sys=0.00s Real=0.03s
[2023-04-06T08:25:49.276+0000][72][safepoint   ] Safepoint "G1CollectForAllocation", Time since last: 1000011302 ns, Reaching safepoint: 34920 ns, At safepoint: 36186441 ns, Total: 36221361 ns
[2023-04-06T08:25:49.356+0000][72][gc,start    ] GC(63) Pause Young (Mixed) (G1 Evacuation Pause)
[2023-04-06T08:25:49.357+0000][72][gc,task     ] GC(63) Using 4 workers of 4 for evacuation
[2023-04-06T08:25:49.357+0000][72][gc,age      ] GC(63) Desired survivor size 2097152 bytes, new threshold 8 (max threshold 15)
[2023-04-06T08:25:49.373+0000][72][gc,phases   ] GC(63)   Pre Evacuate Collection Set: 0.0ms
[2023-04-06T08:25:49.374+0000][72][gc,phases   ] GC(63)   Merge Heap Roots: 0.2ms
[2023-04-06T08:25:49.374+0000][72][gc,phases   ] GC(63)   Evacuate Collection Set: 12.9ms
[2023-04-06T08:25:49.375+0000][72][gc,phases   ] GC(63)   Post Evacuate Collection Set: 1.5ms
[2023-04-06T08:25:49.375+0000][72][gc,phases   ] GC(63)   Other: 1.5ms
[2023-04-06T08:25:49.376+0000][72][gc,age      ] GC(63) Age table with threshold 8 (max threshold 15)
[2023-04-06T08:25:49.376+0000][72][gc,age      ] GC(63) - age   1:     422728 bytes,     422728 total
[2023-04-06T08:25:49.377+0000][72][gc,age      ] GC(63) - age   2:    1264064 bytes,    1686792 total
[2023-04-06T08:25:49.377+0000][72][gc,age      ] GC(63) - age   3:     150976 bytes,    1837768 total
[2023-04-06T08:25:49.378+0000][72][gc,age      ] GC(63) - age   4:       2064 bytes,    1839832 total
[2023-04-06T08:25:49.378+0000][72][gc,age      ] GC(63) - age   5:       7368 bytes,    1847200 total
[2023-04-06T08:25:49.378+0000][72][gc,age      ] GC(63) - age   6:       6936 bytes,    1854136 total
[2023-04-06T08:25:49.379+0000][72][gc,age      ] GC(63) - age   7:        272 bytes,    1854408 total
[2023-04-06T08:25:49.379+0000][72][gc,age      ] GC(63) - age   8:      17272 bytes,    1871680 total
[2023-04-06T08:25:49.380+0000][72][gc,heap     ] GC(63) Eden regions: 2->0(24)
[2023-04-06T08:25:49.381+0000][72][gc,heap     ] GC(63) Survivor regions: 1->1(1)
[2023-04-06T08:25:49.381+0000][72][gc,heap     ] GC(63) Old regions: 24->24
[2023-04-06T08:25:49.382+0000][72][gc,heap     ] GC(63) Archive regions: 2->2
[2023-04-06T08:25:49.382+0000][72][gc,heap     ] GC(63) Humongous regions: 2->2
[2023-04-06T08:25:49.382+0000][72][gc,metaspace] GC(63) Metaspace: 135412K(139840K)->135412K(139840K) NonClass: 118056K(120192K)->118056K(120192K) Class: 17356K(19648K)->17356K(19648K)
[2023-04-06T08:25:49.383+0000][72][gc          ] GC(63) Pause Young (Mixed) (G1 Evacuation Pause) 116M->108M(256M) 27.204ms
[2023-04-06T08:25:49.384+0000][72][gc,cpu      ] GC(63) User=0.04s Sys=0.00s Real=0.03s
[2023-04-06T08:25:49.385+0000][72][safepoint   ] Safepoint "G1CollectForAllocation", Time since last: 79510859 ns, Reaching safepoint: 67860 ns, At safepoint: 28825347 ns, Total: 28893207 ns
[2023-04-06T08:25:50.386+0000][72][safepoint   ] Safepoint "Cleanup", Time since last: 1000930212 ns, Reaching safepoint: 176876 ns, At safepoint: 4975 ns, Total: 181851 ns
[2023-04-06T08:25:55.394+0000][72][safepoint   ] Safepoint "Cleanup", Time since last: 5007710500 ns, Reaching safepoint: 534948 ns, At safepoint: 10986 ns, Total: 545934 ns
[2023-04-06T08:25:56.398+0000][72][safepoint   ] Safepoint "Cleanup", Time since last: 1002230627 ns, Reaching safepoint: 1825051 ns, At safepoint: 110430 ns, Total: 1935481 ns
[2023-04-06T08:25:58.405+0000][72][safepoint   ] Safepoint "Cleanup", Time since last: 2006616229 ns, Reaching safepoint: 186979 ns, At safepoint: 6307 ns, Total: 193286 ns
[2023-04-06T08:25:59.407+0000][72][safepoint   ] Safepoint "Cleanup", Time since last: 1001587388 ns, Reaching safepoint: 350123 ns, At safepoint: 17181 ns, Total: 367304 ns
[2023-04-06T08:26:01.413+0000][72][safepoint   ] Safepoint "Cleanup", Time since last: 2006242699 ns, Reaching safepoint: 272893 ns, At safepoint: 12812 ns, Total: 285705 ns
[2023-04-06T08:26:02.416+0000][72][safepoint   ] Safepoint "Cleanup", Time since last: 1002893702 ns, Reaching safepoint: 107402 ns, At safepoint: 3999 ns, Total: 111401 ns
[2023-04-06T08:26:07.426+0000][72][safepoint   ] Safepoint "Cleanup", Time since last: 5009889802 ns, Reaching safepoint: 194559 ns, At safepoint: 7153 ns, Total: 201712 ns
[2023-04-06T08:26:08.429+0000][72][safepoint   ] Safepoint "Cleanup", Time since last: 1002039496 ns, Reaching safepoint: 164341 ns, At safepoint: 96118 ns, Total: 260459 ns
[2023-04-06T08:26:10.435+0000][72][safepoint   ] Safepoint "Cleanup", Time since last: 2005778875 ns, Reaching safepoint: 209886 ns, At safepoint: 5731 ns, Total: 215617 ns
[2023-04-06T08:26:13.437+0000][72][safepoint   ] Safepoint "Cleanup", Time since last: 3002432265 ns, Reaching safepoint: 95170 ns, At safepoint: 3441 ns, Total: 98611 ns
[2023-04-06T08:26:14.439+0000][72][safepoint   ] Safepoint "Cleanup", Time since last: 1000944737 ns, Reaching safepoint: 351541 ns, At safepoint: 89408 ns, Total: 440949 ns
[2023-04-06T08:26:15.440+0000][72][safepoint   ] Safepoint "Cleanup", Time since last: 1001175001 ns, Reaching safepoint: 118714 ns, At safepoint: 3851 ns, Total: 122565 ns
[2023-04-06T08:26:16.442+0000][72][safepoint   ] Safepoint "Cleanup", Time since last: 1001439411 ns, Reaching safepoint: 113481 ns, At safepoint: 4353 ns, Total: 117834 ns
[2023-04-06T08:26:19.421+0000][72][safepoint   ] Safepoint "Cleanup", Time since last: 3001587656 ns, Reaching safepoint: 181415 ns, At safepoint: 10828 ns, Total: 192243 ns
[2023-04-06T08:26:20.422+0000][72][safepoint   ] Safepoint "Cleanup", Time since last: 1001107247 ns, Reaching safepoint: 322942 ns, At safepoint: 27882 ns, Total: 350824 ns
[2023-04-06T08:26:21.939+0000][72][gc,start    ] GC(64) Pause Young (Concurrent Start) (G1 Evacuation Pause)
[2023-04-06T08:26:21.940+0000][72][gc,task     ] GC(64) Using 4 workers of 4 for evacuation
[2023-04-06T08:26:21.940+0000][72][gc,age      ] GC(64) Desired survivor size 8388608 bytes, new threshold 15 (max threshold 15)
[2023-04-06T08:26:21.944+0000][72][gc,phases   ] GC(64)   Pre Evacuate Collection Set: 0.4ms
[2023-04-06T08:26:21.944+0000][72][gc,phases   ] GC(64)   Merge Heap Roots: 0.1ms
[2023-04-06T08:26:21.945+0000][72][gc,phases   ] GC(64)   Evacuate Collection Set: 1.5ms
[2023-04-06T08:26:21.945+0000][72][gc,phases   ] GC(64)   Post Evacuate Collection Set: 0.8ms
[2023-04-06T08:26:21.946+0000][72][gc,phases   ] GC(64)   Other: 1.4ms
[2023-04-06T08:26:21.946+0000][72][gc,age      ] GC(64) Age table with threshold 15 (max threshold 15)
[2023-04-06T08:26:21.946+0000][72][gc,age      ] GC(64) - age   1:     697064 bytes,     697064 total
[2023-04-06T08:26:21.947+0000][72][gc,age      ] GC(64) - age   2:       1176 bytes,     698240 total
[2023-04-06T08:26:21.948+0000][72][gc,age      ] GC(64) - age   3:       6688 bytes,     704928 total
[2023-04-06T08:26:21.948+0000][72][gc,age      ] GC(64) - age   4:       6896 bytes,     711824 total
[2023-04-06T08:26:21.949+0000][72][gc,age      ] GC(64) - age   5:       2064 bytes,     713888 total
[2023-04-06T08:26:21.949+0000][72][gc,age      ] GC(64) - age   6:       7240 bytes,     721128 total
[2023-04-06T08:26:21.949+0000][72][gc,age      ] GC(64) - age   7:       6808 bytes,     727936 total
[2023-04-06T08:26:21.950+0000][72][gc,age      ] GC(64) - age   8:        272 bytes,     728208 total
[2023-04-06T08:26:21.950+0000][72][gc,age      ] GC(64) - age   9:      17272 bytes,     745480 total
[2023-04-06T08:26:21.951+0000][72][gc,heap     ] GC(64) Eden regions: 24->0(24)
[2023-04-06T08:26:21.951+0000][72][gc,heap     ] GC(64) Survivor regions: 1->1(4)
[2023-04-06T08:26:21.952+0000][72][gc,heap     ] GC(64) Old regions: 24->24
[2023-04-06T08:26:21.952+0000][72][gc,heap     ] GC(64) Archive regions: 2->2
[2023-04-06T08:26:21.953+0000][72][gc,heap     ] GC(64) Humongous regions: 2->2
[2023-04-06T08:26:21.953+0000][72][gc,metaspace] GC(64) Metaspace: 135481K(139840K)->135481K(139840K) NonClass: 118125K(120192K)->118125K(120192K) Class: 17356K(19648K)->17356K(19648K)
[2023-04-06T08:26:21.953+0000][72][gc          ] GC(64) Pause Young (Concurrent Start) (G1 Evacuation Pause) 204M->107M(256M) 14.667ms
[2023-04-06T08:26:21.954+0000][72][gc,cpu      ] GC(64) User=0.00s Sys=0.01s Real=0.01s
[2023-04-06T08:26:21.954+0000][72][gc          ] GC(65) Concurrent Mark Cycle
[2023-04-06T08:26:21.955+0000][72][gc,marking  ] GC(65) Concurrent Clear Claimed Marks
[2023-04-06T08:26:21.954+0000][72][safepoint   ] Safepoint "G1CollectForAllocation", Time since last: 1516195540 ns, Reaching safepoint: 115473 ns, At safepoint: 15726103 ns, Total: 15841576 ns
[2023-04-06T08:26:21.956+0000][72][gc,marking  ] GC(65) Concurrent Clear Claimed Marks 0.747ms
[2023-04-06T08:26:21.957+0000][72][gc,marking  ] GC(65) Concurrent Scan Root Regions
[2023-04-06T08:26:21.960+0000][72][gc,marking  ] GC(65) Concurrent Scan Root Regions 2.947ms
[2023-04-06T08:26:21.960+0000][72][gc,marking  ] GC(65) Concurrent Mark
[2023-04-06T08:26:21.961+0000][72][gc,marking  ] GC(65) Concurrent Mark From Roots
[2023-04-06T08:26:21.961+0000][72][gc,task     ] GC(65) Using 1 workers of 1 for marking
[2023-04-06T08:26:22.065+0000][72][gc,marking  ] GC(65) Concurrent Mark From Roots 103.660ms
[2023-04-06T08:26:22.065+0000][72][gc,marking  ] GC(65) Concurrent Preclean
[2023-04-06T08:26:22.066+0000][72][gc,marking  ] GC(65) Concurrent Preclean 0.801ms
[2023-04-06T08:26:22.067+0000][72][gc,start    ] GC(65) Pause Remark
[2023-04-06T08:26:22.080+0000][72][gc          ] GC(65) Pause Remark 107M->107M(256M) 13.076ms
[2023-04-06T08:26:22.081+0000][72][gc,cpu      ] GC(65) User=0.03s Sys=0.00s Real=0.01s
[2023-04-06T08:26:22.082+0000][72][safepoint   ] Safepoint "G1PauseRemark", Time since last: 112571505 ns, Reaching safepoint: 143181 ns, At safepoint: 14367305 ns, Total: 14510486 ns
[2023-04-06T08:26:22.082+0000][72][gc,marking  ] GC(65) Concurrent Mark 121.539ms
[2023-04-06T08:26:22.083+0000][72][gc,marking  ] GC(65) Concurrent Rebuild Remembered Sets
[2023-04-06T08:26:22.134+0000][72][gc,marking  ] GC(65) Concurrent Rebuild Remembered Sets 51.892ms
[2023-04-06T08:26:22.135+0000][72][gc,start    ] GC(65) Pause Cleanup
[2023-04-06T08:26:22.136+0000][72][gc          ] GC(65) Pause Cleanup 107M->107M(256M) 0.749ms
[2023-04-06T08:26:22.137+0000][72][gc,cpu      ] GC(65) User=0.00s Sys=0.00s Real=0.00s
[2023-04-06T08:26:22.137+0000][72][safepoint   ] Safepoint "G1PauseCleanup", Time since last: 53788224 ns, Reaching safepoint: 105050 ns, At safepoint: 1854028 ns, Total: 1959078 ns
[2023-04-06T08:26:22.138+0000][72][gc,marking  ] GC(65) Concurrent Cleanup for Next Mark
[2023-04-06T08:26:22.139+0000][72][gc,marking  ] GC(65) Concurrent Cleanup for Next Mark 0.717ms
[2023-04-06T08:26:22.139+0000][72][gc          ] GC(65) Concurrent Mark Cycle 185.134ms
[2023-04-06T08:26:23.140+0000][72][safepoint   ] Safepoint "Cleanup", Time since last: 1002246979 ns, Reaching safepoint: 164292 ns, At safepoint: 5012 ns, Total: 169304 ns
[2023-04-06T08:26:25.142+0000][72][safepoint   ] Safepoint "Cleanup", Time since last: 2001643122 ns, Reaching safepoint: 162266 ns, At safepoint: 4115 ns, Total: 166381 ns
[2023-04-06T08:26:26.143+0000][72][safepoint   ] Safepoint "Cleanup", Time since last: 1001183147 ns, Reaching safepoint: 125197 ns, At safepoint: 4309 ns, Total: 129506 ns
[2023-04-06T08:26:28.145+0000][72][safepoint   ] Safepoint "Cleanup", Time since last: 2001977413 ns, Reaching safepoint: 221339 ns, At safepoint: 4675 ns, Total: 226014 ns
[2023-04-06T08:26:32.153+0000][72][safepoint   ] Safepoint "Cleanup", Time since last: 4007925818 ns, Reaching safepoint: 184504 ns, At safepoint: 4973 ns, Total: 189477 ns
[2023-04-06T08:26:38.157+0000][72][safepoint   ] Safepoint "Cleanup", Time since last: 6003872929 ns, Reaching safepoint: 89484 ns, At safepoint: 4377 ns, Total: 93861 ns
[2023-04-06T08:26:40.158+0000][72][safepoint   ] Safepoint "Cleanup", Time since last: 2001217881 ns, Reaching safepoint: 156936 ns, At safepoint: 4416 ns, Total: 161352 ns
[2023-04-06T08:26:43.161+0000][72][safepoint   ] Safepoint "Cleanup", Time since last: 3002372264 ns, Reaching safepoint: 125112 ns, At safepoint: 3856 ns, Total: 128968 ns
[2023-04-06T08:26:44.163+0000][72][safepoint   ] Safepoint "Cleanup", Time since last: 1001441691 ns, Reaching safepoint: 172623 ns, At safepoint: 5009 ns, Total: 177632 ns
[2023-04-06T08:26:45.165+0000][72][safepoint   ] Safepoint "Cleanup", Time since last: 1001758019 ns, Reaching safepoint: 228302 ns, At safepoint: 9015 ns, Total: 237317 ns
[2023-04-06T08:26:49.171+0000][72][safepoint   ] Safepoint "Cleanup", Time since last: 4006360667 ns, Reaching safepoint: 48995 ns, At safepoint: 2958 ns, Total: 51953 ns
[2023-04-06T08:26:50.153+0000][72][safepoint   ] Safepoint "Cleanup", Time since last: 1001886901 ns, Reaching safepoint: 83686 ns, At safepoint: 4282 ns, Total: 87968 ns
[2023-04-06T08:26:52.157+0000][72][safepoint   ] Safepoint "Cleanup", Time since last: 2004408920 ns, Reaching safepoint: 83656 ns, At safepoint: 3791 ns, Total: 87447 ns
[2023-04-06T08:26:55.159+0000][72][safepoint   ] Safepoint "Cleanup", Time since last: 3001532812 ns, Reaching safepoint: 112581 ns, At safepoint: 4893 ns, Total: 117474 ns
[2023-04-06T08:26:55.177+0000][72][gc,start    ] GC(66) Pause Young (Normal) (G1 Evacuation Pause)
[2023-04-06T08:26:55.178+0000][72][gc,task     ] GC(66) Using 4 workers of 4 for evacuation
[2023-04-06T08:26:55.178+0000][72][gc,age      ] GC(66) Desired survivor size 8388608 bytes, new threshold 15 (max threshold 15)
[2023-04-06T08:26:55.182+0000][72][gc,phases   ] GC(66)   Pre Evacuate Collection Set: 0.1ms
[2023-04-06T08:26:55.183+0000][72][gc,phases   ] GC(66)   Merge Heap Roots: 0.1ms
[2023-04-06T08:26:55.183+0000][72][gc,phases   ] GC(66)   Evacuate Collection Set: 2.1ms
[2023-04-06T08:26:55.184+0000][72][gc,phases   ] GC(66)   Post Evacuate Collection Set: 0.7ms
[2023-04-06T08:26:55.184+0000][72][gc,phases   ] GC(66)   Other: 1.0ms
[2023-04-06T08:26:55.185+0000][72][gc,age      ] GC(66) Age table with threshold 15 (max threshold 15)
[2023-04-06T08:26:55.185+0000][72][gc,age      ] GC(66) - age   1:     793088 bytes,     793088 total
[2023-04-06T08:26:55.186+0000][72][gc,age      ] GC(66) - age   2:     172008 bytes,     965096 total
[2023-04-06T08:26:55.186+0000][72][gc,age      ] GC(66) - age   3:         96 bytes,     965192 total
[2023-04-06T08:26:55.187+0000][72][gc,age      ] GC(66) - age   4:       5320 bytes,     970512 total
[2023-04-06T08:26:55.187+0000][72][gc,age      ] GC(66) - age   5:       6704 bytes,     977216 total
[2023-04-06T08:26:55.188+0000][72][gc,age      ] GC(66) - age   6:       2064 bytes,     979280 total
[2023-04-06T08:26:55.188+0000][72][gc,age      ] GC(66) - age   7:       6944 bytes,     986224 total
[2023-04-06T08:26:55.189+0000][72][gc,age      ] GC(66) - age   8:       6808 bytes,     993032 total
[2023-04-06T08:26:55.190+0000][72][gc,age      ] GC(66) - age   9:        272 bytes,     993304 total
[2023-04-06T08:26:55.191+0000][72][gc,age      ] GC(66) - age  10:      17272 bytes,    1010576 total
[2023-04-06T08:26:55.191+0000][72][gc,heap     ] GC(66) Eden regions: 24->0(24)
[2023-04-06T08:26:55.192+0000][72][gc,heap     ] GC(66) Survivor regions: 1->1(4)
[2023-04-06T08:26:55.192+0000][72][gc,heap     ] GC(66) Old regions: 24->24
[2023-04-06T08:26:55.193+0000][72][gc,heap     ] GC(66) Archive regions: 2->2
[2023-04-06T08:26:55.193+0000][72][gc,heap     ] GC(66) Humongous regions: 2->2
[2023-04-06T08:26:55.194+0000][72][gc,metaspace] GC(66) Metaspace: 135553K(139840K)->135553K(139840K) NonClass: 118197K(120192K)->118197K(120192K) Class: 17356K(19648K)->17356K(19648K)
[2023-04-06T08:26:55.194+0000][72][gc          ] GC(66) Pause Young (Normal) (G1 Evacuation Pause) 203M->107M(256M) 17.112ms
[2023-04-06T08:26:55.195+0000][72][gc,cpu      ] GC(66) User=0.01s Sys=0.00s Real=0.01s
[2023-04-06T08:26:55.195+0000][72][safepoint   ] Safepoint "G1CollectForAllocation", Time since last: 18448804 ns, Reaching safepoint: 38105 ns, At safepoint: 18093464 ns, Total: 18131569 ns
[2023-04-06T08:26:56.196+0000][72][safepoint   ] Safepoint "Cleanup", Time since last: 1000806374 ns, Reaching safepoint: 127045 ns, At safepoint: 3534 ns, Total: 130579 ns
[2023-04-06T08:26:58.198+0000][72][safepoint   ] Safepoint "Cleanup", Time since last: 2001528382 ns, Reaching safepoint: 88241 ns, At safepoint: 3557 ns, Total: 91798 ns
[2023-04-06T08:27:00.200+0000][72][safepoint   ] Safepoint "Cleanup", Time since last: 2002307136 ns, Reaching safepoint: 69014 ns, At safepoint: 3030 ns, Total: 72044 ns
[2023-04-06T08:27:02.201+0000][72][safepoint   ] Safepoint "Cleanup", Time since last: 2001075795 ns, Reaching safepoint: 44222 ns, At safepoint: 2765 ns, Total: 46987 ns
[2023-04-06T08:27:07.206+0000][72][safepoint   ] Safepoint "Cleanup", Time since last: 5004553264 ns, Reaching safepoint: 240510 ns, At safepoint: 11474 ns, Total: 251984 ns
[2023-04-06T08:27:08.208+0000][72][safepoint   ] Safepoint "Cleanup", Time since last: 1002033415 ns, Reaching safepoint: 128449 ns, At safepoint: 16021 ns, Total: 144470 ns
[2023-04-06T08:27:10.210+0000][72][safepoint   ] Safepoint "Cleanup", Time since last: 2001734090 ns, Reaching safepoint: 75869 ns, At safepoint: 3374 ns, Total: 79243 ns
[2023-04-06T08:27:11.212+0000][72][safepoint   ] Safepoint "Cleanup", Time since last: 1001502274 ns, Reaching safepoint: 73413 ns, At safepoint: 2942 ns, Total: 76355 ns
[2023-04-06T08:27:13.214+0000][72][safepoint   ] Safepoint "Cleanup", Time since last: 2001999250 ns, Reaching safepoint: 190478 ns, At safepoint: 10033 ns, Total: 200511 ns
[2023-04-06T08:27:14.224+0000][72][safepoint   ] Safepoint "Cleanup", Time since last: 1010251052 ns, Reaching safepoint: 182050 ns, At safepoint: 35780 ns, Total: 217830 ns
[2023-04-06T08:27:15.226+0000][72][safepoint   ] Safepoint "Cleanup", Time since last: 1001071858 ns, Reaching safepoint: 118739 ns, At safepoint: 7321 ns, Total: 126060 ns
[2023-04-06T08:27:16.227+0000][72][safepoint   ] Safepoint "Cleanup", Time since last: 1001391607 ns, Reaching safepoint: 58143 ns, At safepoint: 3016 ns, Total: 61159 ns
[2023-04-06T08:27:19.210+0000][72][safepoint   ] Safepoint "Cleanup", Time since last: 3003571840 ns, Reaching safepoint: 193298 ns, At safepoint: 55276 ns, Total: 248574 ns
[2023-04-06T08:27:20.212+0000][72][safepoint   ] Safepoint "Cleanup", Time since last: 1002139208 ns, Reaching safepoint: 200415 ns, At safepoint: 9760 ns, Total: 210175 ns
[2023-04-06T08:27:21.214+0000][72][safepoint   ] Safepoint "Cleanup", Time since last: 1001639791 ns, Reaching safepoint: 98400 ns, At safepoint: 4248 ns, Total: 102648 ns
[2023-04-06T08:27:23.216+0000][72][safepoint   ] Safepoint "Cleanup", Time since last: 2002341758 ns, Reaching safepoint: 148346 ns, At safepoint: 4142 ns, Total: 152488 ns
[2023-04-06T08:27:25.153+0000][72][gc,start    ] GC(67) Pause Young (Concurrent Start) (G1 Evacuation Pause)
[2023-04-06T08:27:25.154+0000][72][gc,task     ] GC(67) Using 4 workers of 4 for evacuation
[2023-04-06T08:27:25.154+0000][72][gc,age      ] GC(67) Desired survivor size 8388608 bytes, new threshold 15 (max threshold 15)
[2023-04-06T08:27:25.159+0000][72][gc,phases   ] GC(67)   Pre Evacuate Collection Set: 0.3ms
[2023-04-06T08:27:25.160+0000][72][gc,phases   ] GC(67)   Merge Heap Roots: 0.1ms
[2023-04-06T08:27:25.160+0000][72][gc,phases   ] GC(67)   Evacuate Collection Set: 2.7ms
[2023-04-06T08:27:25.161+0000][72][gc,phases   ] GC(67)   Post Evacuate Collection Set: 0.7ms
[2023-04-06T08:27:25.162+0000][72][gc,phases   ] GC(67)   Other: 1.1ms
[2023-04-06T08:27:25.162+0000][72][gc,age      ] GC(67) Age table with threshold 15 (max threshold 15)
[2023-04-06T08:27:25.163+0000][72][gc,age      ] GC(67) - age   1:    1510472 bytes,    1510472 total
[2023-04-06T08:27:25.163+0000][72][gc,age      ] GC(67) - age   2:     132896 bytes,    1643368 total
[2023-04-06T08:27:25.163+0000][72][gc,age      ] GC(67) - age   3:      24128 bytes,    1667496 total
[2023-04-06T08:27:25.164+0000][72][gc,age      ] GC(67) - age   4:         96 bytes,    1667592 total
[2023-04-06T08:27:25.164+0000][72][gc,age      ] GC(67) - age   5:       4952 bytes,    1672544 total
[2023-04-06T08:27:25.165+0000][72][gc,age      ] GC(67) - age   6:       6344 bytes,    1678888 total
[2023-04-06T08:27:25.165+0000][72][gc,age      ] GC(67) - age   7:       2064 bytes,    1680952 total
[2023-04-06T08:27:25.166+0000][72][gc,age      ] GC(67) - age   8:       6944 bytes,    1687896 total
[2023-04-06T08:27:25.166+0000][72][gc,age      ] GC(67) - age   9:       6808 bytes,    1694704 total
[2023-04-06T08:27:25.166+0000][72][gc,age      ] GC(67) - age  10:        272 bytes,    1694976 total
[2023-04-06T08:27:25.167+0000][72][gc,age      ] GC(67) - age  11:      17272 bytes,    1712248 total
[2023-04-06T08:27:25.167+0000][72][gc,heap     ] GC(67) Eden regions: 24->0(24)
[2023-04-06T08:27:25.168+0000][72][gc,heap     ] GC(67) Survivor regions: 1->1(4)
[2023-04-06T08:27:25.168+0000][72][gc,heap     ] GC(67) Old regions: 24->24
[2023-04-06T08:27:25.169+0000][72][gc,heap     ] GC(67) Archive regions: 2->2
[2023-04-06T08:27:25.169+0000][72][gc,heap     ] GC(67) Humongous regions: 2->2
[2023-04-06T08:27:25.169+0000][72][gc,metaspace] GC(67) Metaspace: 135937K(139968K)->135937K(139968K) NonClass: 118512K(120320K)->118512K(120320K) Class: 17424K(19648K)->17424K(19648K)
[2023-04-06T08:27:25.170+0000][72][gc          ] GC(67) Pause Young (Concurrent Start) (G1 Evacuation Pause) 203M->108M(256M) 17.398ms
[2023-04-06T08:27:25.171+0000][72][gc,cpu      ] GC(67) User=0.01s Sys=0.00s Real=0.02s
[2023-04-06T08:27:25.171+0000][72][safepoint   ] Safepoint "G1CollectForAllocation", Time since last: 1936106205 ns, Reaching safepoint: 226628 ns, At safepoint: 18644834 ns, Total: 18871462 ns
[2023-04-06T08:27:25.171+0000][72][gc          ] GC(68) Concurrent Mark Cycle
[2023-04-06T08:27:25.174+0000][72][gc,marking  ] GC(68) Concurrent Clear Claimed Marks
[2023-04-06T08:27:25.175+0000][72][gc,marking  ] GC(68) Concurrent Clear Claimed Marks 0.773ms
[2023-04-06T08:27:25.175+0000][72][gc,marking  ] GC(68) Concurrent Scan Root Regions
[2023-04-06T08:27:25.178+0000][72][gc,marking  ] GC(68) Concurrent Scan Root Regions 2.608ms
[2023-04-06T08:27:25.185+0000][72][gc,marking  ] GC(68) Concurrent Mark
[2023-04-06T08:27:25.185+0000][72][gc,marking  ] GC(68) Concurrent Mark From Roots
[2023-04-06T08:27:25.186+0000][72][gc,task     ] GC(68) Using 1 workers of 1 for marking
[2023-04-06T08:27:25.294+0000][72][gc,marking  ] GC(68) Concurrent Mark From Roots 108.714ms
[2023-04-06T08:27:25.295+0000][72][gc,marking  ] GC(68) Concurrent Preclean
[2023-04-06T08:27:25.296+0000][72][gc,marking  ] GC(68) Concurrent Preclean 1.148ms
[2023-04-06T08:27:25.297+0000][72][gc,start    ] GC(68) Pause Remark
[2023-04-06T08:27:25.308+0000][72][gc          ] GC(68) Pause Remark 112M->112M(256M) 11.396ms
[2023-04-06T08:27:25.309+0000][72][gc,cpu      ] GC(68) User=0.02s Sys=0.00s Real=0.01s
[2023-04-06T08:27:25.310+0000][72][safepoint   ] Safepoint "G1PauseRemark", Time since last: 125468656 ns, Reaching safepoint: 178327 ns, At safepoint: 13228461 ns, Total: 13406788 ns
[2023-04-06T08:27:25.312+0000][72][gc,marking  ] GC(68) Concurrent Mark 126.836ms
[2023-04-06T08:27:25.312+0000][72][gc,marking  ] GC(68) Concurrent Rebuild Remembered Sets
[2023-04-06T08:27:25.368+0000][72][gc,marking  ] GC(68) Concurrent Rebuild Remembered Sets 56.179ms
[2023-04-06T08:27:25.370+0000][72][gc,start    ] GC(68) Pause Cleanup
[2023-04-06T08:27:25.371+0000][72][gc          ] GC(68) Pause Cleanup 113M->113M(256M) 0.957ms
[2023-04-06T08:27:25.372+0000][72][gc,cpu      ] GC(68) User=0.00s Sys=0.00s Real=0.00s
[2023-04-06T08:27:25.373+0000][72][safepoint   ] Safepoint "G1PauseCleanup", Time since last: 59543337 ns, Reaching safepoint: 423296 ns, At safepoint: 2464795 ns, Total: 2888091 ns
[2023-04-06T08:27:25.373+0000][72][gc,marking  ] GC(68) Concurrent Cleanup for Next Mark
[2023-04-06T08:27:25.374+0000][72][gc,marking  ] GC(68) Concurrent Cleanup for Next Mark 0.682ms
[2023-04-06T08:27:25.374+0000][72][gc          ] GC(68) Concurrent Mark Cycle 203.655ms
[2023-04-06T08:27:26.375+0000][72][safepoint   ] Safepoint "Cleanup", Time since last: 1002167022 ns, Reaching safepoint: 392712 ns, At safepoint: 37036 ns, Total: 429748 ns
[2023-04-06T08:27:27.377+0000][72][safepoint   ] Safepoint "Cleanup", Time since last: 1001792443 ns, Reaching safepoint: 254208 ns, At safepoint: 9678 ns, Total: 263886 ns
[2023-04-06T08:27:30.384+0000][72][safepoint   ] Safepoint "Cleanup", Time since last: 3006909338 ns, Reaching safepoint: 214087 ns, At safepoint: 16448 ns, Total: 230535 ns
[2023-04-06T08:27:31.387+0000][72][safepoint   ] Safepoint "Cleanup", Time since last: 1002596903 ns, Reaching safepoint: 210713 ns, At safepoint: 9322 ns, Total: 220035 ns
[2023-04-06T08:27:32.390+0000][72][safepoint   ] Safepoint "Cleanup", Time since last: 1002470248 ns, Reaching safepoint: 345793 ns, At safepoint: 15209 ns, Total: 361002 ns
[2023-04-06T08:27:33.392+0000][72][safepoint   ] Safepoint "Cleanup", Time since last: 1001820578 ns, Reaching safepoint: 344909 ns, At safepoint: 6854 ns, Total: 351763 ns
[2023-04-06T08:27:34.394+0000][72][safepoint   ] Safepoint "Cleanup", Time since last: 1001385986 ns, Reaching safepoint: 179378 ns, At safepoint: 3748 ns, Total: 183126 ns
[2023-04-06T08:27:37.400+0000][72][safepoint   ] Safepoint "Cleanup", Time since last: 3005641275 ns, Reaching safepoint: 177835 ns, At safepoint: 14814 ns, Total: 192649 ns
[2023-04-06T08:27:38.401+0000][72][safepoint   ] Safepoint "Cleanup", Time since last: 1001418684 ns, Reaching safepoint: 157229 ns, At safepoint: 3782 ns, Total: 161011 ns
[2023-04-06T08:27:40.405+0000][72][safepoint   ] Safepoint "Cleanup", Time since last: 2003144709 ns, Reaching safepoint: 205373 ns, At safepoint: 5121 ns, Total: 210494 ns
[2023-04-06T08:27:43.411+0000][72][safepoint   ] Safepoint "Cleanup", Time since last: 3006167599 ns, Reaching safepoint: 218172 ns, At safepoint: 7124 ns, Total: 225296 ns
[2023-04-06T08:27:49.398+0000][72][safepoint   ] Safepoint "Cleanup", Time since last: 6007827053 ns, Reaching safepoint: 350552 ns, At safepoint: 4820 ns, Total: 355372 ns
[2023-04-06T08:27:50.401+0000][72][safepoint   ] Safepoint "Cleanup", Time since last: 1002922093 ns, Reaching safepoint: 169646 ns, At safepoint: 4968 ns, Total: 174614 ns
[2023-04-06T08:27:51.402+0000][72][safepoint   ] Safepoint "Cleanup", Time since last: 1001066763 ns, Reaching safepoint: 131237 ns, At safepoint: 5535 ns, Total: 136772 ns
[2023-04-06T08:27:51.899+0000][72][gc,start    ] GC(69) Pause Young (Normal) (G1 Evacuation Pause)
[2023-04-06T08:27:51.900+0000][72][gc,task     ] GC(69) Using 4 workers of 4 for evacuation
[2023-04-06T08:27:51.900+0000][72][gc,age      ] GC(69) Desired survivor size 8388608 bytes, new threshold 15 (max threshold 15)
[2023-04-06T08:27:51.904+0000][72][gc,phases   ] GC(69)   Pre Evacuate Collection Set: 0.1ms
[2023-04-06T08:27:51.905+0000][72][gc,phases   ] GC(69)   Merge Heap Roots: 0.1ms
[2023-04-06T08:27:51.905+0000][72][gc,phases   ] GC(69)   Evacuate Collection Set: 2.7ms
[2023-04-06T08:27:51.906+0000][72][gc,phases   ] GC(69)   Post Evacuate Collection Set: 0.9ms
[2023-04-06T08:27:51.907+0000][72][gc,phases   ] GC(69)   Other: 1.0ms
[2023-04-06T08:27:51.907+0000][72][gc,age      ] GC(69) Age table with threshold 15 (max threshold 15)
[2023-04-06T08:27:51.908+0000][72][gc,age      ] GC(69) - age   1:    1913032 bytes,    1913032 total
[2023-04-06T08:27:51.908+0000][72][gc,age      ] GC(69) - age   2:     280416 bytes,    2193448 total
[2023-04-06T08:27:51.909+0000][72][gc,age      ] GC(69) - age   3:       1904 bytes,    2195352 total
[2023-04-06T08:27:51.909+0000][72][gc,age      ] GC(69) - age   4:      15840 bytes,    2211192 total
[2023-04-06T08:27:51.909+0000][72][gc,age      ] GC(69) - age   5:         96 bytes,    2211288 total
[2023-04-06T08:27:51.910+0000][72][gc,age      ] GC(69) - age   6:       4656 bytes,    2215944 total
[2023-04-06T08:27:51.910+0000][72][gc,age      ] GC(69) - age   7:       6344 bytes,    2222288 total
[2023-04-06T08:27:51.911+0000][72][gc,age      ] GC(69) - age   8:       2064 bytes,    2224352 total
[2023-04-06T08:27:51.911+0000][72][gc,age      ] GC(69) - age   9:       6944 bytes,    2231296 total
[2023-04-06T08:27:51.912+0000][72][gc,age      ] GC(69) - age  10:       6808 bytes,    2238104 total
[2023-04-06T08:27:51.912+0000][72][gc,age      ] GC(69) - age  11:        272 bytes,    2238376 total
[2023-04-06T08:27:51.913+0000][72][gc,age      ] GC(69) - age  12:      17272 bytes,    2255648 total
[2023-04-06T08:27:51.913+0000][72][gc,heap     ] GC(69) Eden regions: 24->0(23)
[2023-04-06T08:27:51.914+0000][72][gc,heap     ] GC(69) Survivor regions: 1->1(4)
[2023-04-06T08:27:51.914+0000][72][gc,heap     ] GC(69) Old regions: 24->24
[2023-04-06T08:27:51.915+0000][72][gc,heap     ] GC(69) Archive regions: 2->2
[2023-04-06T08:27:51.915+0000][72][gc,heap     ] GC(69) Humongous regions: 2->2
[2023-04-06T08:27:51.916+0000][72][gc,metaspace] GC(69) Metaspace: 136068K(140032K)->136068K(140032K) NonClass: 118642K(120384K)->118642K(120384K) Class: 17425K(19648K)->17425K(19648K)
[2023-04-06T08:27:51.916+0000][72][gc          ] GC(69) Pause Young (Normal) (G1 Evacuation Pause) 204M->108M(256M) 17.165ms
[2023-04-06T08:27:51.917+0000][72][gc,cpu      ] GC(69) User=0.01s Sys=0.00s Real=0.02s
[2023-04-06T08:27:51.917+0000][72][safepoint   ] Safepoint "G1CollectForAllocation", Time since last: 496948786 ns, Reaching safepoint: 75604 ns, At safepoint: 18219820 ns, Total: 18295424 ns
[2023-04-06T08:27:52.919+0000][72][safepoint   ] Safepoint "Cleanup", Time since last: 1001344376 ns, Reaching safepoint: 162222 ns, At safepoint: 5257 ns, Total: 167479 ns
[2023-04-06T08:27:54.921+0000][72][safepoint   ] Safepoint "Cleanup", Time since last: 2002107350 ns, Reaching safepoint: 207571 ns, At safepoint: 7561 ns, Total: 215132 ns
[2023-04-06T08:27:55.923+0000][72][safepoint   ] Safepoint "Cleanup", Time since last: 1001759152 ns, Reaching safepoint: 158181 ns, At safepoint: 4216 ns, Total: 162397 ns
[2023-04-06T08:27:57.926+0000][72][safepoint   ] Safepoint "Cleanup", Time since last: 2003054816 ns, Reaching safepoint: 172220 ns, At safepoint: 3939 ns, Total: 176159 ns
[2023-04-06T08:27:59.930+0000][72][safepoint   ] Safepoint "Cleanup", Time since last: 2003138942 ns, Reaching safepoint: 264120 ns, At safepoint: 6866 ns, Total: 270986 ns
[2023-04-06T08:28:01.932+0000][72][safepoint   ] Safepoint "Cleanup", Time since last: 2001832597 ns, Reaching safepoint: 80231 ns, At safepoint: 3902 ns, Total: 84133 ns
[2023-04-06T08:28:06.937+0000][72][safepoint   ] Safepoint "Cleanup", Time since last: 5005430870 ns, Reaching safepoint: 285575 ns, At safepoint: 5369 ns, Total: 290944 ns
[2023-04-06T08:28:07.939+0000][72][safepoint   ] Safepoint "Cleanup", Time since last: 1001277949 ns, Reaching safepoint: 69983 ns, At safepoint: 3155 ns, Total: 73138 ns
[2023-04-06T08:28:10.943+0000][72][safepoint   ] Safepoint "Cleanup", Time since last: 3004601455 ns, Reaching safepoint: 178943 ns, At safepoint: 5226 ns, Total: 184169 ns
[2023-04-06T08:28:12.945+0000][72][safepoint   ] Safepoint "Cleanup", Time since last: 2001870175 ns, Reaching safepoint: 55534 ns, At safepoint: 3376 ns, Total: 58910 ns
[2023-04-06T08:28:13.947+0000][72][safepoint   ] Safepoint "Cleanup", Time since last: 1001531437 ns, Reaching safepoint: 116693 ns, At safepoint: 4031 ns, Total: 120724 ns
[2023-04-06T08:28:14.949+0000][72][safepoint   ] Safepoint "Cleanup", Time since last: 1001459146 ns, Reaching safepoint: 255735 ns, At safepoint: 37485 ns, Total: 293220 ns
[2023-04-06T08:28:15.950+0000][72][safepoint   ] Safepoint "Cleanup", Time since last: 1001456972 ns, Reaching safepoint: 82836 ns, At safepoint: 3847 ns, Total: 86683 ns
[2023-04-06T08:28:19.932+0000][72][safepoint   ] Safepoint "Cleanup", Time since last: 4002108750 ns, Reaching safepoint: 163105 ns, At safepoint: 4001 ns, Total: 167106 ns
[2023-04-06T08:28:24.937+0000][72][safepoint   ] Safepoint "Cleanup", Time since last: 5005736179 ns, Reaching safepoint: 110174 ns, At safepoint: 3974 ns, Total: 114148 ns
[2023-04-06T08:28:25.051+0000][72][gc,start    ] GC(70) Pause Young (Concurrent Start) (G1 Evacuation Pause)
[2023-04-06T08:28:25.051+0000][72][gc,task     ] GC(70) Using 4 workers of 4 for evacuation
[2023-04-06T08:28:25.052+0000][72][gc,age      ] GC(70) Desired survivor size 6291456 bytes, new threshold 15 (max threshold 15)
[2023-04-06T08:28:25.056+0000][72][gc,phases   ] GC(70)   Pre Evacuate Collection Set: 0.4ms
[2023-04-06T08:28:25.057+0000][72][gc,phases   ] GC(70)   Merge Heap Roots: 0.1ms
[2023-04-06T08:28:25.057+0000][72][gc,phases   ] GC(70)   Evacuate Collection Set: 2.8ms
[2023-04-06T08:28:25.058+0000][72][gc,phases   ] GC(70)   Post Evacuate Collection Set: 0.9ms
[2023-04-06T08:28:25.058+0000][72][gc,phases   ] GC(70)   Other: 0.8ms
[2023-04-06T08:28:25.059+0000][72][gc,age      ] GC(70) Age table with threshold 15 (max threshold 15)
[2023-04-06T08:28:25.059+0000][72][gc,age      ] GC(70) - age   1:    1098864 bytes,    1098864 total
[2023-04-06T08:28:25.059+0000][72][gc,age      ] GC(70) - age   2:     129856 bytes,    1228720 total
[2023-04-06T08:28:25.060+0000][72][gc,age      ] GC(70) - age   3:     122104 bytes,    1350824 total
[2023-04-06T08:28:25.060+0000][72][gc,age      ] GC(70) - age   4:       1328 bytes,    1352152 total
[2023-04-06T08:28:25.061+0000][72][gc,age      ] GC(70) - age   5:      15712 bytes,    1367864 total
[2023-04-06T08:28:25.061+0000][72][gc,age      ] GC(70) - age   6:         96 bytes,    1367960 total
[2023-04-06T08:28:25.061+0000][72][gc,age      ] GC(70) - age   7:       4656 bytes,    1372616 total
[2023-04-06T08:28:25.062+0000][72][gc,age      ] GC(70) - age   8:       6344 bytes,    1378960 total
[2023-04-06T08:28:25.062+0000][72][gc,age      ] GC(70) - age   9:       2064 bytes,    1381024 total
[2023-04-06T08:28:25.063+0000][72][gc,age      ] GC(70) - age  10:       6944 bytes,    1387968 total
[2023-04-06T08:28:25.063+0000][72][gc,age      ] GC(70) - age  11:       6808 bytes,    1394776 total
[2023-04-06T08:28:25.064+0000][72][gc,age      ] GC(70) - age  12:        272 bytes,    1395048 total
[2023-04-06T08:28:25.064+0000][72][gc,age      ] GC(70) - age  13:      17272 bytes,    1412320 total
[2023-04-06T08:28:25.064+0000][72][gc,heap     ] GC(70) Eden regions: 23->0(23)
[2023-04-06T08:28:25.065+0000][72][gc,heap     ] GC(70) Survivor regions: 1->1(3)
[2023-04-06T08:28:25.065+0000][72][gc,heap     ] GC(70) Old regions: 24->24
[2023-04-06T08:28:25.066+0000][72][gc,heap     ] GC(70) Archive regions: 2->2
[2023-04-06T08:28:25.066+0000][72][gc,heap     ] GC(70) Humongous regions: 2->2
[2023-04-06T08:28:25.067+0000][72][gc,metaspace] GC(70) Metaspace: 136135K(140032K)->136135K(140032K) NonClass: 118709K(120384K)->118709K(120384K) Class: 17425K(19648K)->17425K(19648K)
[2023-04-06T08:28:25.067+0000][72][gc          ] GC(70) Pause Young (Concurrent Start) (G1 Evacuation Pause) 200M->108M(256M) 16.249ms
[2023-04-06T08:28:25.068+0000][72][gc,cpu      ] GC(70) User=0.01s Sys=0.00s Real=0.02s
[2023-04-06T08:28:25.068+0000][72][gc          ] GC(71) Concurrent Mark Cycle
[2023-04-06T08:28:25.069+0000][72][gc,marking  ] GC(71) Concurrent Clear Claimed Marks
[2023-04-06T08:28:25.068+0000][72][safepoint   ] Safepoint "G1CollectForAllocation", Time since last: 113276359 ns, Reaching safepoint: 61973 ns, At safepoint: 17315562 ns, Total: 17377535 ns
[2023-04-06T08:28:25.070+0000][72][gc,marking  ] GC(71) Concurrent Clear Claimed Marks 1.196ms
[2023-04-06T08:28:25.071+0000][72][gc,marking  ] GC(71) Concurrent Scan Root Regions
[2023-04-06T08:28:25.073+0000][72][gc,marking  ] GC(71) Concurrent Scan Root Regions 2.591ms
[2023-04-06T08:28:25.074+0000][72][gc,marking  ] GC(71) Concurrent Mark
[2023-04-06T08:28:25.074+0000][72][gc,marking  ] GC(71) Concurrent Mark From Roots
[2023-04-06T08:28:25.075+0000][72][gc,task     ] GC(71) Using 1 workers of 1 for marking
[2023-04-06T08:28:25.213+0000][72][gc,marking  ] GC(71) Concurrent Mark From Roots 138.225ms
[2023-04-06T08:28:25.214+0000][72][gc,marking  ] GC(71) Concurrent Preclean
[2023-04-06T08:28:25.215+0000][72][gc,marking  ] GC(71) Concurrent Preclean 1.002ms
[2023-04-06T08:28:25.216+0000][72][gc,start    ] GC(71) Pause Remark
[2023-04-06T08:28:25.228+0000][72][gc          ] GC(71) Pause Remark 112M->112M(256M) 12.362ms
[2023-04-06T08:28:25.229+0000][72][gc,cpu      ] GC(71) User=0.03s Sys=0.00s Real=0.01s
[2023-04-06T08:28:25.230+0000][72][safepoint   ] Safepoint "G1PauseRemark", Time since last: 147334381 ns, Reaching safepoint: 155501 ns, At safepoint: 13971000 ns, Total: 14126501 ns
[2023-04-06T08:28:25.230+0000][72][gc,marking  ] GC(71) Concurrent Mark 156.397ms
[2023-04-06T08:28:25.231+0000][72][gc,marking  ] GC(71) Concurrent Rebuild Remembered Sets
[2023-04-06T08:28:25.292+0000][72][gc,marking  ] GC(71) Concurrent Rebuild Remembered Sets 60.458ms
[2023-04-06T08:28:25.293+0000][72][gc,start    ] GC(71) Pause Cleanup
[2023-04-06T08:28:25.294+0000][72][gc          ] GC(71) Pause Cleanup 112M->112M(256M) 1.106ms
[2023-04-06T08:28:25.295+0000][72][gc,cpu      ] GC(71) User=0.00s Sys=0.00s Real=0.00s
[2023-04-06T08:28:25.295+0000][72][safepoint   ] Safepoint "G1PauseCleanup", Time since last: 63188242 ns, Reaching safepoint: 205098 ns, At safepoint: 2191464 ns, Total: 2396562 ns
[2023-04-06T08:28:25.296+0000][72][gc,marking  ] GC(71) Concurrent Cleanup for Next Mark
[2023-04-06T08:28:25.297+0000][72][gc,marking  ] GC(71) Concurrent Cleanup for Next Mark 0.837ms
[2023-04-06T08:28:25.297+0000][72][gc          ] GC(71) Concurrent Mark Cycle 229.706ms
[2023-04-06T08:28:26.299+0000][72][safepoint   ] Safepoint "Cleanup", Time since last: 1003230661 ns, Reaching safepoint: 502275 ns, At safepoint: 26623 ns, Total: 528898 ns
[2023-04-06T08:28:29.302+0000][72][safepoint   ] Safepoint "Cleanup", Time since last: 3002961934 ns, Reaching safepoint: 291711 ns, At safepoint: 15328 ns, Total: 307039 ns
[2023-04-06T08:28:31.304+0000][72][safepoint   ] Safepoint "Cleanup", Time since last: 2001906055 ns, Reaching safepoint: 159866 ns, At safepoint: 4519 ns, Total: 164385 ns
[2023-04-06T08:28:32.306+0000][72][safepoint   ] Safepoint "Cleanup", Time since last: 1001699251 ns, Reaching safepoint: 201895 ns, At safepoint: 21509 ns, Total: 223404 ns
[2023-04-06T08:28:37.314+0000][72][safepoint   ] Safepoint "Cleanup", Time since last: 5007823208 ns, Reaching safepoint: 133557 ns, At safepoint: 6519 ns, Total: 140076 ns
[2023-04-06T08:28:39.323+0000][72][safepoint   ] Safepoint "Cleanup", Time since last: 2008837063 ns, Reaching safepoint: 184251 ns, At safepoint: 4073 ns, Total: 188324 ns
[2023-04-06T08:28:40.325+0000][72][safepoint   ] Safepoint "Cleanup", Time since last: 1001223795 ns, Reaching safepoint: 467330 ns, At safepoint: 8814 ns, Total: 476144 ns
[2023-04-06T08:28:43.331+0000][72][safepoint   ] Safepoint "Cleanup", Time since last: 3006349781 ns, Reaching safepoint: 137103 ns, At safepoint: 4657 ns, Total: 141760 ns
[2023-04-06T08:28:53.322+0000][72][safepoint   ] Safepoint "Cleanup", Time since last: 10011327742 ns, Reaching safepoint: 246460 ns, At safepoint: 5195 ns, Total: 251655 ns
[2023-04-06T08:28:55.547+0000][72][gc,start    ] GC(72) Pause Young (Prepare Mixed) (G1 Evacuation Pause)
[2023-04-06T08:28:55.548+0000][72][gc,task     ] GC(72) Using 4 workers of 4 for evacuation
[2023-04-06T08:28:55.549+0000][72][gc,age      ] GC(72) Desired survivor size 6291456 bytes, new threshold 15 (max threshold 15)
[2023-04-06T08:28:55.553+0000][72][gc,phases   ] GC(72)   Pre Evacuate Collection Set: 0.1ms
[2023-04-06T08:28:55.553+0000][72][gc,phases   ] GC(72)   Merge Heap Roots: 0.0ms
[2023-04-06T08:28:55.554+0000][72][gc,phases   ] GC(72)   Evacuate Collection Set: 2.4ms
[2023-04-06T08:28:55.554+0000][72][gc,phases   ] GC(72)   Post Evacuate Collection Set: 0.8ms
[2023-04-06T08:28:55.555+0000][72][gc,phases   ] GC(72)   Other: 1.0ms
[2023-04-06T08:28:55.555+0000][72][gc,age      ] GC(72) Age table with threshold 15 (max threshold 15)
[2023-04-06T08:28:55.556+0000][72][gc,age      ] GC(72) - age   1:     947224 bytes,     947224 total
[2023-04-06T08:28:55.556+0000][72][gc,age      ] GC(72) - age   2:     300576 bytes,    1247800 total
[2023-04-06T08:28:55.557+0000][72][gc,age      ] GC(72) - age   3:     124080 bytes,    1371880 total
[2023-04-06T08:28:55.557+0000][72][gc,age      ] GC(72) - age   4:     121976 bytes,    1493856 total
[2023-04-06T08:28:55.558+0000][72][gc,age      ] GC(72) - age   5:       1328 bytes,    1495184 total
[2023-04-06T08:28:55.558+0000][72][gc,age      ] GC(72) - age   6:      15416 bytes,    1510600 total
[2023-04-06T08:28:55.559+0000][72][gc,age      ] GC(72) - age   7:         96 bytes,    1510696 total
[2023-04-06T08:28:55.559+0000][72][gc,age      ] GC(72) - age   8:       4656 bytes,    1515352 total
[2023-04-06T08:28:55.559+0000][72][gc,age      ] GC(72) - age   9:       6344 bytes,    1521696 total
[2023-04-06T08:28:55.560+0000][72][gc,age      ] GC(72) - age  10:       2032 bytes,    1523728 total
[2023-04-06T08:28:55.560+0000][72][gc,age      ] GC(72) - age  11:       6944 bytes,    1530672 total
[2023-04-06T08:28:55.561+0000][72][gc,age      ] GC(72) - age  12:       6808 bytes,    1537480 total
[2023-04-06T08:28:55.561+0000][72][gc,age      ] GC(72) - age  13:        272 bytes,    1537752 total
[2023-04-06T08:28:55.562+0000][72][gc,age      ] GC(72) - age  14:      17272 bytes,    1555024 total
[2023-04-06T08:28:55.562+0000][72][gc,heap     ] GC(72) Eden regions: 23->0(2)
[2023-04-06T08:28:55.562+0000][72][gc,heap     ] GC(72) Survivor regions: 1->1(3)
[2023-04-06T08:28:55.563+0000][72][gc,heap     ] GC(72) Old regions: 24->24
[2023-04-06T08:28:55.563+0000][72][gc,heap     ] GC(72) Archive regions: 2->2
[2023-04-06T08:28:55.564+0000][72][gc,heap     ] GC(72) Humongous regions: 2->2
[2023-04-06T08:28:55.564+0000][72][gc,metaspace] GC(72) Metaspace: 136184K(140032K)->136184K(140032K) NonClass: 118759K(120384K)->118759K(120384K) Class: 17425K(19648K)->17425K(19648K)
[2023-04-06T08:28:55.565+0000][72][gc          ] GC(72) Pause Young (Prepare Mixed) (G1 Evacuation Pause) 200M->108M(256M) 17.482ms
[2023-04-06T08:28:55.565+0000][72][gc,cpu      ] GC(72) User=0.01s Sys=0.00s Real=0.02s
[2023-04-06T08:28:55.566+0000][72][safepoint   ] Safepoint "G1CollectForAllocation", Time since last: 2225246007 ns, Reaching safepoint: 60862 ns, At safepoint: 18495545 ns, Total: 18556407 ns
[2023-04-06T08:29:00.571+0000][72][safepoint   ] Safepoint "Cleanup", Time since last: 5005037042 ns, Reaching safepoint: 127827 ns, At safepoint: 4095 ns, Total: 131922 ns
[2023-04-06T08:29:00.910+0000][72][gc,start    ] GC(73) Pause Young (Mixed) (G1 Evacuation Pause)
[2023-04-06T08:29:00.911+0000][72][gc,task     ] GC(73) Using 4 workers of 4 for evacuation
[2023-04-06T08:29:00.911+0000][72][gc,age      ] GC(73) Desired survivor size 2097152 bytes, new threshold 15 (max threshold 15)
[2023-04-06T08:29:00.918+0000][72][gc,phases   ] GC(73)   Pre Evacuate Collection Set: 0.1ms
[2023-04-06T08:29:00.919+0000][72][gc,phases   ] GC(73)   Merge Heap Roots: 0.2ms
[2023-04-06T08:29:00.919+0000][72][gc,phases   ] GC(73)   Evacuate Collection Set: 4.7ms
[2023-04-06T08:29:00.920+0000][72][gc,phases   ] GC(73)   Post Evacuate Collection Set: 1.1ms
[2023-04-06T08:29:00.920+0000][72][gc,phases   ] GC(73)   Other: 1.5ms
[2023-04-06T08:29:00.921+0000][72][gc,age      ] GC(73) Age table with threshold 15 (max threshold 15)
[2023-04-06T08:29:00.922+0000][72][gc,age      ] GC(73) - age   1:     584216 bytes,     584216 total
[2023-04-06T08:29:00.922+0000][72][gc,age      ] GC(73) - age   2:     806344 bytes,    1390560 total
[2023-04-06T08:29:00.923+0000][72][gc,age      ] GC(73) - age   3:     300200 bytes,    1690760 total
[2023-04-06T08:29:00.923+0000][72][gc,age      ] GC(73) - age   4:     119912 bytes,    1810672 total
[2023-04-06T08:29:00.924+0000][72][gc,age      ] GC(73) - age   5:     121976 bytes,    1932648 total
[2023-04-06T08:29:00.924+0000][72][gc,age      ] GC(73) - age   6:       1328 bytes,    1933976 total
[2023-04-06T08:29:00.925+0000][72][gc,age      ] GC(73) - age   7:      15416 bytes,    1949392 total
[2023-04-06T08:29:00.925+0000][72][gc,age      ] GC(73) - age   8:         96 bytes,    1949488 total
[2023-04-06T08:29:00.926+0000][72][gc,age      ] GC(73) - age   9:       4656 bytes,    1954144 total
[2023-04-06T08:29:00.926+0000][72][gc,age      ] GC(73) - age  10:       6344 bytes,    1960488 total
[2023-04-06T08:29:00.927+0000][72][gc,age      ] GC(73) - age  11:       2032 bytes,    1962520 total
[2023-04-06T08:29:00.927+0000][72][gc,age      ] GC(73) - age  12:       6944 bytes,    1969464 total
[2023-04-06T08:29:00.927+0000][72][gc,age      ] GC(73) - age  13:       6808 bytes,    1976272 total
[2023-04-06T08:29:00.928+0000][72][gc,age      ] GC(73) - age  14:        272 bytes,    1976544 total
[2023-04-06T08:29:00.928+0000][72][gc,age      ] GC(73) - age  15:      17272 bytes,    1993816 total
[2023-04-06T08:29:00.929+0000][72][gc,heap     ] GC(73) Eden regions: 2->0(23)
[2023-04-06T08:29:00.929+0000][72][gc,heap     ] GC(73) Survivor regions: 1->1(1)
[2023-04-06T08:29:00.930+0000][72][gc,heap     ] GC(73) Old regions: 24->24
[2023-04-06T08:29:00.930+0000][72][gc,heap     ] GC(73) Archive regions: 2->2
[2023-04-06T08:29:00.931+0000][72][gc,heap     ] GC(73) Humongous regions: 2->2
[2023-04-06T08:29:00.932+0000][72][gc,metaspace] GC(73) Metaspace: 136196K(140096K)->136196K(140096K) NonClass: 118770K(120448K)->118770K(120448K) Class: 17425K(19648K)->17425K(19648K)
[2023-04-06T08:29:00.932+0000][72][gc          ] GC(73) Pause Young (Mixed) (G1 Evacuation Pause) 116M->107M(256M) 22.373ms
[2023-04-06T08:29:00.933+0000][72][gc,cpu      ] GC(73) User=0.02s Sys=0.01s Real=0.03s
[2023-04-06T08:29:00.934+0000][72][safepoint   ] Safepoint "G1CollectForAllocation", Time since last: 338890884 ns, Reaching safepoint: 166674 ns, At safepoint: 23683839 ns, Total: 23850513 ns
[2023-04-06T08:29:01.935+0000][72][safepoint   ] Safepoint "Cleanup", Time since last: 1000949547 ns, Reaching safepoint: 71903 ns, At safepoint: 3452 ns, Total: 75355 ns
[2023-04-06T08:29:07.942+0000][72][safepoint   ] Safepoint "Cleanup", Time since last: 6007141500 ns, Reaching safepoint: 271045 ns, At safepoint: 36074 ns, Total: 307119 ns
[2023-04-06T08:29:13.945+0000][72][safepoint   ] Safepoint "Cleanup", Time since last: 6002838221 ns, Reaching safepoint: 129786 ns, At safepoint: 4503 ns, Total: 134289 ns
[2023-04-06T08:29:15.948+0000][72][safepoint   ] Safepoint "Cleanup", Time since last: 2002785571 ns, Reaching safepoint: 111243 ns, At safepoint: 5315 ns, Total: 116558 ns
[2023-04-06T08:29:16.950+0000][72][safepoint   ] Safepoint "Cleanup", Time since last: 1001595249 ns, Reaching safepoint: 127813 ns, At safepoint: 5981 ns, Total: 133794 ns
[2023-04-06T08:29:18.952+0000][72][safepoint   ] Safepoint "Cleanup", Time since last: 2002729471 ns, Reaching safepoint: 108481 ns, At safepoint: 3395 ns, Total: 111876 ns
[2023-04-06T08:29:19.932+0000][72][safepoint   ] Safepoint "Cleanup", Time since last: 1000830994 ns, Reaching safepoint: 146774 ns, At safepoint: 4625 ns, Total: 151399 ns
[2023-04-06T08:29:23.242+0000][72][gc,start    ] GC(74) Pause Young (Normal) (G1 Evacuation Pause)
[2023-04-06T08:29:23.243+0000][72][gc,task     ] GC(74) Using 4 workers of 4 for evacuation
[2023-04-06T08:29:23.244+0000][72][gc,age      ] GC(74) Desired survivor size 6291456 bytes, new threshold 15 (max threshold 15)
[2023-04-06T08:29:23.249+0000][72][gc,phases   ] GC(74)   Pre Evacuate Collection Set: 0.2ms
[2023-04-06T08:29:23.250+0000][72][gc,phases   ] GC(74)   Merge Heap Roots: 0.1ms
[2023-04-06T08:29:23.250+0000][72][gc,phases   ] GC(74)   Evacuate Collection Set: 2.8ms
[2023-04-06T08:29:23.251+0000][72][gc,phases   ] GC(74)   Post Evacuate Collection Set: 0.8ms
[2023-04-06T08:29:23.251+0000][72][gc,phases   ] GC(74)   Other: 2.3ms
[2023-04-06T08:29:23.252+0000][72][gc,age      ] GC(74) Age table with threshold 15 (max threshold 15)
[2023-04-06T08:29:23.252+0000][72][gc,age      ] GC(74) - age   1:    1574464 bytes,    1574464 total
[2023-04-06T08:29:23.253+0000][72][gc,age      ] GC(74) - age   2:       6120 bytes,    1580584 total
[2023-04-06T08:29:23.254+0000][72][gc,age      ] GC(74) - age   3:     130704 bytes,    1711288 total
[2023-04-06T08:29:23.255+0000][72][gc,age      ] GC(74) - age   4:     210440 bytes,    1921728 total
[2023-04-06T08:29:23.255+0000][72][gc,age      ] GC(74) - age   5:      56408 bytes,    1978136 total
[2023-04-06T08:29:23.256+0000][72][gc,age      ] GC(74) - age   6:     121672 bytes,    2099808 total
[2023-04-06T08:29:23.257+0000][72][gc,age      ] GC(74) - age   7:       1328 bytes,    2101136 total
[2023-04-06T08:29:23.257+0000][72][gc,age      ] GC(74) - age   8:      15352 bytes,    2116488 total
[2023-04-06T08:29:23.258+0000][72][gc,age      ] GC(74) - age   9:         96 bytes,    2116584 total
[2023-04-06T08:29:23.258+0000][72][gc,age      ] GC(74) - age  10:       4656 bytes,    2121240 total
[2023-04-06T08:29:23.259+0000][72][gc,age      ] GC(74) - age  11:       6344 bytes,    2127584 total
[2023-04-06T08:29:23.259+0000][72][gc,age      ] GC(74) - age  12:       2032 bytes,    2129616 total
[2023-04-06T08:29:23.260+0000][72][gc,age      ] GC(74) - age  13:       6944 bytes,    2136560 total
[2023-04-06T08:29:23.261+0000][72][gc,age      ] GC(74) - age  14:       6808 bytes,    2143368 total
[2023-04-06T08:29:23.261+0000][72][gc,age      ] GC(74) - age  15:        272 bytes,    2143640 total
[2023-04-06T08:29:23.269+0000][72][gc,heap     ] GC(74) Eden regions: 23->0(23)
[2023-04-06T08:29:23.269+0000][72][gc,heap     ] GC(74) Survivor regions: 1->1(3)
[2023-04-06T08:29:23.270+0000][72][gc,heap     ] GC(74) Old regions: 24->24
[2023-04-06T08:29:23.270+0000][72][gc,heap     ] GC(74) Archive regions: 2->2
[2023-04-06T08:29:23.271+0000][72][gc,heap     ] GC(74) Humongous regions: 2->2
[2023-04-06T08:29:23.271+0000][72][gc,metaspace] GC(74) Metaspace: 136212K(140096K)->136212K(140096K) NonClass: 118787K(120448K)->118787K(120448K) Class: 17425K(19648K)->17425K(19648K)
[2023-04-06T08:29:23.272+0000][72][gc          ] GC(74) Pause Young (Normal) (G1 Evacuation Pause) 199M->108M(256M) 29.530ms
[2023-04-06T08:29:23.272+0000][72][gc,cpu      ] GC(74) User=0.02s Sys=0.00s Real=0.03s
[2023-04-06T08:29:23.273+0000][72][safepoint   ] Safepoint "G1CollectForAllocation", Time since last: 3309771496 ns, Reaching safepoint: 82048 ns, At safepoint: 30618756 ns, Total: 30700804 ns
[2023-04-06T08:29:24.276+0000][72][safepoint   ] Safepoint "Cleanup", Time since last: 1002702795 ns, Reaching safepoint: 147026 ns, At safepoint: 4777 ns, Total: 151803 ns
[2023-04-06T08:29:25.277+0000][72][safepoint   ] Safepoint "Cleanup", Time since last: 1001100778 ns, Reaching safepoint: 99185 ns, At safepoint: 3988 ns, Total: 103173 ns
[2023-04-06T08:29:26.279+0000][72][safepoint   ] Safepoint "Cleanup", Time since last: 1001563290 ns, Reaching safepoint: 139441 ns, At safepoint: 3607 ns, Total: 143048 ns
[2023-04-06T08:29:27.280+0000][72][safepoint   ] Safepoint "Cleanup", Time since last: 1001329668 ns, Reaching safepoint: 136287 ns, At safepoint: 4669 ns, Total: 140956 ns
[2023-04-06T08:29:28.282+0000][72][safepoint   ] Safepoint "Cleanup", Time since last: 1001479282 ns, Reaching safepoint: 146105 ns, At safepoint: 4828 ns, Total: 150933 ns
[2023-04-06T08:29:29.285+0000][72][safepoint   ] Safepoint "Cleanup", Time since last: 1003262282 ns, Reaching safepoint: 155158 ns, At safepoint: 5343 ns, Total: 160501 ns
[2023-04-06T08:29:30.289+0000][72][safepoint   ] Safepoint "Cleanup", Time since last: 1003985806 ns, Reaching safepoint: 152752 ns, At safepoint: 4847 ns, Total: 157599 ns
[2023-04-06T08:29:31.293+0000][72][safepoint   ] Safepoint "Cleanup", Time since last: 1003635627 ns, Reaching safepoint: 83018 ns, At safepoint: 4004 ns, Total: 87022 ns
[2023-04-06T08:29:40.309+0000][72][safepoint   ] Safepoint "Cleanup", Time since last: 9015827943 ns, Reaching safepoint: 636188 ns, At safepoint: 17408 ns, Total: 653596 ns
[2023-04-06T08:29:43.317+0000][72][safepoint   ] Safepoint "Cleanup", Time since last: 3006907181 ns, Reaching safepoint: 262590 ns, At safepoint: 9277 ns, Total: 271867 ns
[2023-04-06T08:29:45.319+0000][72][safepoint   ] Safepoint "Cleanup", Time since last: 2002066388 ns, Reaching safepoint: 150110 ns, At safepoint: 4809 ns, Total: 154919 ns
[2023-04-06T08:29:49.307+0000][72][safepoint   ] Safepoint "Cleanup", Time since last: 4008484809 ns, Reaching safepoint: 170146 ns, At safepoint: 4876 ns, Total: 175022 ns
[2023-04-06T08:29:50.309+0000][72][safepoint   ] Safepoint "Cleanup", Time since last: 1001889389 ns, Reaching safepoint: 595281 ns, At safepoint: 11870 ns, Total: 607151 ns
[2023-04-06T08:29:51.867+0000][72][gc,start    ] GC(75) Pause Young (Normal) (G1 Evacuation Pause)
[2023-04-06T08:29:51.868+0000][72][gc,task     ] GC(75) Using 4 workers of 4 for evacuation
[2023-04-06T08:29:51.869+0000][72][gc,age      ] GC(75) Desired survivor size 6291456 bytes, new threshold 15 (max threshold 15)
[2023-04-06T08:29:51.872+0000][72][gc,phases   ] GC(75)   Pre Evacuate Collection Set: 0.1ms
[2023-04-06T08:29:51.873+0000][72][gc,phases   ] GC(75)   Merge Heap Roots: 0.1ms
[2023-04-06T08:29:51.873+0000][72][gc,phases   ] GC(75)   Evacuate Collection Set: 1.7ms
[2023-04-06T08:29:51.874+0000][72][gc,phases   ] GC(75)   Post Evacuate Collection Set: 0.9ms
[2023-04-06T08:29:51.875+0000][72][gc,phases   ] GC(75)   Other: 1.5ms
[2023-04-06T08:29:51.875+0000][72][gc,age      ] GC(75) Age table with threshold 15 (max threshold 15)
[2023-04-06T08:29:51.876+0000][72][gc,age      ] GC(75) - age   1:     873336 bytes,     873336 total
[2023-04-06T08:29:51.876+0000][72][gc,age      ] GC(75) - age   2:      56440 bytes,     929776 total
[2023-04-06T08:29:51.876+0000][72][gc,age      ] GC(75) - age   3:        328 bytes,     930104 total
[2023-04-06T08:29:51.877+0000][72][gc,age      ] GC(75) - age   4:     121464 bytes,    1051568 total
[2023-04-06T08:29:51.877+0000][72][gc,age      ] GC(75) - age   5:     108856 bytes,    1160424 total
[2023-04-06T08:29:51.878+0000][72][gc,age      ] GC(75) - age   6:      55888 bytes,    1216312 total
[2023-04-06T08:29:51.878+0000][72][gc,age      ] GC(75) - age   7:     102848 bytes,    1319160 total
[2023-04-06T08:29:51.879+0000][72][gc,age      ] GC(75) - age   8:       1328 bytes,    1320488 total
[2023-04-06T08:29:51.879+0000][72][gc,age      ] GC(75) - age   9:      15352 bytes,    1335840 total
[2023-04-06T08:29:51.879+0000][72][gc,age      ] GC(75) - age  10:         96 bytes,    1335936 total
[2023-04-06T08:29:51.880+0000][72][gc,age      ] GC(75) - age  11:       4656 bytes,    1340592 total
[2023-04-06T08:29:51.880+0000][72][gc,age      ] GC(75) - age  12:       6344 bytes,    1346936 total
[2023-04-06T08:29:51.881+0000][72][gc,age      ] GC(75) - age  13:       2032 bytes,    1348968 total
[2023-04-06T08:29:51.881+0000][72][gc,age      ] GC(75) - age  14:       6944 bytes,    1355912 total
[2023-04-06T08:29:51.882+0000][72][gc,age      ] GC(75) - age  15:       6808 bytes,    1362720 total
[2023-04-06T08:29:51.882+0000][72][gc,heap     ] GC(75) Eden regions: 23->0(24)
[2023-04-06T08:29:51.882+0000][72][gc,heap     ] GC(75) Survivor regions: 1->1(3)
[2023-04-06T08:29:51.883+0000][72][gc,heap     ] GC(75) Old regions: 24->24
[2023-04-06T08:29:51.883+0000][72][gc,heap     ] GC(75) Archive regions: 2->2
[2023-04-06T08:29:51.884+0000][72][gc,heap     ] GC(75) Humongous regions: 2->2
[2023-04-06T08:29:51.884+0000][72][gc,metaspace] GC(75) Metaspace: 136260K(140096K)->136260K(140096K) NonClass: 118834K(120448K)->118834K(120448K) Class: 17425K(19648K)->17425K(19648K)
[2023-04-06T08:29:51.885+0000][72][gc          ] GC(75) Pause Young (Normal) (G1 Evacuation Pause) 200M->107M(256M) 17.640ms
[2023-04-06T08:29:51.885+0000][72][gc,cpu      ] GC(75) User=0.00s Sys=0.01s Real=0.02s
[2023-04-06T08:29:51.886+0000][72][safepoint   ] Safepoint "G1CollectForAllocation", Time since last: 1558096105 ns, Reaching safepoint: 66244 ns, At safepoint: 18665072 ns, Total: 18731316 ns
[2023-04-06T08:29:55.892+0000][72][safepoint   ] Safepoint "Cleanup", Time since last: 4005634934 ns, Reaching safepoint: 235892 ns, At safepoint: 8753 ns, Total: 244645 ns
[2023-04-06T08:29:56.895+0000][72][safepoint   ] Safepoint "Cleanup", Time since last: 1002942175 ns, Reaching safepoint: 165383 ns, At safepoint: 4451 ns, Total: 169834 ns
[2023-04-06T08:30:08.908+0000][72][safepoint   ] Safepoint "Cleanup", Time since last: 12012664671 ns, Reaching safepoint: 346626 ns, At safepoint: 11020 ns, Total: 357646 ns
[2023-04-06T08:30:09.910+0000][72][safepoint   ] Safepoint "Cleanup", Time since last: 1001830591 ns, Reaching safepoint: 90271 ns, At safepoint: 12075 ns, Total: 102346 ns
[2023-04-06T08:30:12.914+0000][72][safepoint   ] Safepoint "Cleanup", Time since last: 3004232371 ns, Reaching safepoint: 75630 ns, At safepoint: 3923 ns, Total: 79553 ns
[2023-04-06T08:30:13.917+0000][72][safepoint   ] Safepoint "Cleanup", Time since last: 1002578155 ns, Reaching safepoint: 159314 ns, At safepoint: 4032 ns, Total: 163346 ns
[2023-04-06T08:30:15.922+0000][72][safepoint   ] Safepoint "Cleanup", Time since last: 2004857840 ns, Reaching safepoint: 353782 ns, At safepoint: 9200 ns, Total: 362982 ns
[2023-04-06T08:30:18.929+0000][72][safepoint   ] Safepoint "Cleanup", Time since last: 3007000669 ns, Reaching safepoint: 230294 ns, At safepoint: 5583 ns, Total: 235877 ns
[2023-04-06T08:30:19.909+0000][72][safepoint   ] Safepoint "Cleanup", Time since last: 1000788891 ns, Reaching safepoint: 156401 ns, At safepoint: 4563 ns, Total: 160964 ns
[2023-04-06T08:30:20.911+0000][72][safepoint   ] Safepoint "Cleanup", Time since last: 1001865329 ns, Reaching safepoint: 58404 ns, At safepoint: 3794 ns, Total: 62198 ns
[2023-04-06T08:30:22.916+0000][72][safepoint   ] Safepoint "Cleanup", Time since last: 2004793154 ns, Reaching safepoint: 321212 ns, At safepoint: 10432 ns, Total: 331644 ns
[2023-04-06T08:30:24.921+0000][72][safepoint   ] Safepoint "Cleanup", Time since last: 2005337553 ns, Reaching safepoint: 81805 ns, At safepoint: 4094 ns, Total: 85899 ns
[2023-04-06T08:30:25.551+0000][72][gc,start    ] GC(76) Pause Young (Concurrent Start) (G1 Evacuation Pause)
[2023-04-06T08:30:25.559+0000][72][gc,task     ] GC(76) Using 4 workers of 4 for evacuation
[2023-04-06T08:30:25.562+0000][72][gc,age      ] GC(76) Desired survivor size 8388608 bytes, new threshold 15 (max threshold 15)
[2023-04-06T08:30:25.611+0000][72][gc,phases   ] GC(76)   Pre Evacuate Collection Set: 3.0ms
[2023-04-06T08:30:25.621+0000][72][gc,phases   ] GC(76)   Merge Heap Roots: 1.2ms
[2023-04-06T08:30:25.626+0000][72][gc,phases   ] GC(76)   Evacuate Collection Set: 26.0ms
[2023-04-06T08:30:25.629+0000][72][gc,phases   ] GC(76)   Post Evacuate Collection Set: 12.7ms
[2023-04-06T08:30:25.631+0000][72][gc,phases   ] GC(76)   Other: 7.6ms
[2023-04-06T08:30:25.633+0000][72][gc,age      ] GC(76) Age table with threshold 15 (max threshold 15)
[2023-04-06T08:30:25.636+0000][72][gc,age      ] GC(76) - age   1:    1105760 bytes,    1105760 total
[2023-04-06T08:30:25.638+0000][72][gc,age      ] GC(76) - age   2:     409424 bytes,    1515184 total
[2023-04-06T08:30:25.641+0000][72][gc,age      ] GC(76) - age   3:       1208 bytes,    1516392 total
[2023-04-06T08:30:25.642+0000][72][gc,age      ] GC(76) - age   5:       2496 bytes,    1518888 total
[2023-04-06T08:30:25.643+0000][72][gc,age      ] GC(76) - age   6:     108560 bytes,    1627448 total
[2023-04-06T08:30:25.643+0000][72][gc,age      ] GC(76) - age   7:      55824 bytes,    1683272 total
[2023-04-06T08:30:25.644+0000][72][gc,age      ] GC(76) - age   8:     102848 bytes,    1786120 total
[2023-04-06T08:30:25.645+0000][72][gc,age      ] GC(76) - age   9:       1328 bytes,    1787448 total
[2023-04-06T08:30:25.645+0000][72][gc,age      ] GC(76) - age  10:      15352 bytes,    1802800 total
[2023-04-06T08:30:25.646+0000][72][gc,age      ] GC(76) - age  11:         96 bytes,    1802896 total
[2023-04-06T08:30:25.646+0000][72][gc,age      ] GC(76) - age  12:       4656 bytes,    1807552 total
[2023-04-06T08:30:25.647+0000][72][gc,age      ] GC(76) - age  13:       6344 bytes,    1813896 total
[2023-04-06T08:30:25.647+0000][72][gc,age      ] GC(76) - age  14:       2032 bytes,    1815928 total
[2023-04-06T08:30:25.648+0000][72][gc,age      ] GC(76) - age  15:       6944 bytes,    1822872 total
[2023-04-06T08:30:25.648+0000][72][gc,heap     ] GC(76) Eden regions: 24->0(24)
[2023-04-06T08:30:25.648+0000][72][gc,heap     ] GC(76) Survivor regions: 1->1(4)
[2023-04-06T08:30:25.649+0000][72][gc,heap     ] GC(76) Old regions: 24->24
[2023-04-06T08:30:25.649+0000][72][gc,heap     ] GC(76) Archive regions: 2->2
[2023-04-06T08:30:25.650+0000][72][gc,heap     ] GC(76) Humongous regions: 2->2
[2023-04-06T08:30:25.650+0000][72][gc,metaspace] GC(76) Metaspace: 136353K(140160K)->136353K(140160K) NonClass: 118928K(120512K)->118928K(120512K) Class: 17425K(19648K)->17425K(19648K)
[2023-04-06T08:30:25.651+0000][72][gc          ] GC(76) Pause Young (Concurrent Start) (G1 Evacuation Pause) 203M->107M(256M) 100.448ms
[2023-04-06T08:30:25.651+0000][72][gc,cpu      ] GC(76) User=0.09s Sys=0.02s Real=0.10s
[2023-04-06T08:30:25.651+0000][72][gc          ] GC(77) Concurrent Mark Cycle
[2023-04-06T08:30:25.652+0000][72][gc,marking  ] GC(77) Concurrent Clear Claimed Marks
[2023-04-06T08:30:25.652+0000][72][safepoint   ] Safepoint "G1CollectForAllocation", Time since last: 623679070 ns, Reaching safepoint: 659590 ns, At safepoint: 105995117 ns, Total: 106654707 ns
[2023-04-06T08:30:25.654+0000][72][gc,marking  ] GC(77) Concurrent Clear Claimed Marks 1.496ms
[2023-04-06T08:30:25.654+0000][72][gc,marking  ] GC(77) Concurrent Scan Root Regions
[2023-04-06T08:30:25.657+0000][72][gc,marking  ] GC(77) Concurrent Scan Root Regions 2.409ms
[2023-04-06T08:30:25.657+0000][72][gc,marking  ] GC(77) Concurrent Mark
[2023-04-06T08:30:25.658+0000][72][gc,marking  ] GC(77) Concurrent Mark From Roots
[2023-04-06T08:30:25.658+0000][72][gc,task     ] GC(77) Using 1 workers of 1 for marking
[2023-04-06T08:30:25.768+0000][72][gc,marking  ] GC(77) Concurrent Mark From Roots 110.276ms
[2023-04-06T08:30:25.769+0000][72][gc,marking  ] GC(77) Concurrent Preclean
[2023-04-06T08:30:25.770+0000][72][gc,marking  ] GC(77) Concurrent Preclean 1.299ms
[2023-04-06T08:30:25.772+0000][72][gc,start    ] GC(77) Pause Remark
[2023-04-06T08:30:25.786+0000][72][gc          ] GC(77) Pause Remark 108M->108M(256M) 14.161ms
[2023-04-06T08:30:25.787+0000][72][gc,cpu      ] GC(77) User=0.03s Sys=0.00s Real=0.01s
[2023-04-06T08:30:25.787+0000][72][safepoint   ] Safepoint "G1PauseRemark", Time since last: 119864738 ns, Reaching safepoint: 128328 ns, At safepoint: 15704452 ns, Total: 15832780 ns
[2023-04-06T08:30:25.788+0000][72][gc,marking  ] GC(77) Concurrent Mark 130.998ms
[2023-04-06T08:30:25.789+0000][72][gc,marking  ] GC(77) Concurrent Rebuild Remembered Sets
[2023-04-06T08:30:25.842+0000][72][gc,marking  ] GC(77) Concurrent Rebuild Remembered Sets 53.329ms
[2023-04-06T08:30:25.843+0000][72][gc,start    ] GC(77) Pause Cleanup
[2023-04-06T08:30:25.844+0000][72][gc          ] GC(77) Pause Cleanup 108M->108M(256M) 0.877ms
[2023-04-06T08:30:25.845+0000][72][gc,cpu      ] GC(77) User=0.00s Sys=0.00s Real=0.00s
[2023-04-06T08:30:25.845+0000][72][safepoint   ] Safepoint "G1PauseCleanup", Time since last: 55970215 ns, Reaching safepoint: 82751 ns, At safepoint: 2036278 ns, Total: 2119029 ns
[2023-04-06T08:30:25.846+0000][72][gc,marking  ] GC(77) Concurrent Cleanup for Next Mark
[2023-04-06T08:30:25.847+0000][72][gc,marking  ] GC(77) Concurrent Cleanup for Next Mark 0.820ms
[2023-04-06T08:30:25.847+0000][72][gc          ] GC(77) Concurrent Mark Cycle 196.143ms
[2023-04-06T08:30:26.847+0000][72][safepoint   ] Safepoint "Cleanup", Time since last: 1001505533 ns, Reaching safepoint: 367416 ns, At safepoint: 5404 ns, Total: 372820 ns
[2023-04-06T08:30:28.854+0000][72][safepoint   ] Safepoint "Cleanup", Time since last: 2007003709 ns, Reaching safepoint: 114385 ns, At safepoint: 4960 ns, Total: 119345 ns
[2023-04-06T08:30:32.864+0000][72][safepoint   ] Safepoint "Cleanup", Time since last: 4008929081 ns, Reaching safepoint: 175446 ns, At safepoint: 4952 ns, Total: 180398 ns
[2023-04-06T08:30:34.865+0000][72][safepoint   ] Safepoint "Cleanup", Time since last: 2001692713 ns, Reaching safepoint: 115863 ns, At safepoint: 5013 ns, Total: 120876 ns
[2023-04-06T08:30:37.868+0000][72][safepoint   ] Safepoint "Cleanup", Time since last: 3002180226 ns, Reaching safepoint: 96349 ns, At safepoint: 2911 ns, Total: 99260 ns
[2023-04-06T08:30:38.869+0000][72][safepoint   ] Safepoint "Cleanup", Time since last: 1001034900 ns, Reaching safepoint: 319277 ns, At safepoint: 4509 ns, Total: 323786 ns
[2023-04-06T08:30:39.871+0000][72][safepoint   ] Safepoint "Cleanup", Time since last: 1001953895 ns, Reaching safepoint: 56092 ns, At safepoint: 59139 ns, Total: 115231 ns
[2023-04-06T08:30:40.873+0000][72][safepoint   ] Safepoint "Cleanup", Time since last: 1001694192 ns, Reaching safepoint: 256213 ns, At safepoint: 4831 ns, Total: 261044 ns
[2023-04-06T08:30:42.876+0000][72][safepoint   ] Safepoint "Cleanup", Time since last: 2002958981 ns, Reaching safepoint: 132705 ns, At safepoint: 8453 ns, Total: 141158 ns
[2023-04-06T08:30:43.881+0000][72][safepoint   ] Safepoint "Cleanup", Time since last: 1004472031 ns, Reaching safepoint: 128698 ns, At safepoint: 5121 ns, Total: 133819 ns
[2023-04-06T08:30:49.867+0000][72][safepoint   ] Safepoint "Cleanup", Time since last: 6006834799 ns, Reaching safepoint: 162557 ns, At safepoint: 4131 ns, Total: 166688 ns
[2023-04-06T08:30:54.874+0000][72][safepoint   ] Safepoint "Cleanup", Time since last: 5006544799 ns, Reaching safepoint: 440103 ns, At safepoint: 64352 ns, Total: 504455 ns
[2023-04-06T08:30:55.875+0000][72][safepoint   ] Safepoint "Cleanup", Time since last: 1001426519 ns, Reaching safepoint: 168254 ns, At safepoint: 4810 ns, Total: 173064 ns
[2023-04-06T08:31:00.876+0000][72][gc,start    ] GC(78) Pause Young (Prepare Mixed) (G1 Evacuation Pause)
[2023-04-06T08:31:00.877+0000][72][gc,task     ] GC(78) Using 4 workers of 4 for evacuation
[2023-04-06T08:31:00.878+0000][72][gc,age      ] GC(78) Desired survivor size 8388608 bytes, new threshold 15 (max threshold 15)
[2023-04-06T08:31:00.882+0000][72][gc,phases   ] GC(78)   Pre Evacuate Collection Set: 0.1ms
[2023-04-06T08:31:00.883+0000][72][gc,phases   ] GC(78)   Merge Heap Roots: 0.2ms
[2023-04-06T08:31:00.883+0000][72][gc,phases   ] GC(78)   Evacuate Collection Set: 2.6ms
[2023-04-06T08:31:00.884+0000][72][gc,phases   ] GC(78)   Post Evacuate Collection Set: 0.9ms
[2023-04-06T08:31:00.884+0000][72][gc,phases   ] GC(78)   Other: 1.0ms
[2023-04-06T08:31:00.885+0000][72][gc,age      ] GC(78) Age table with threshold 15 (max threshold 15)
[2023-04-06T08:31:00.885+0000][72][gc,age      ] GC(78) - age   1:    1455632 bytes,    1455632 total
[2023-04-06T08:31:00.886+0000][72][gc,age      ] GC(78) - age   2:     145064 bytes,    1600696 total
[2023-04-06T08:31:00.886+0000][72][gc,age      ] GC(78) - age   3:     290392 bytes,    1891088 total
[2023-04-06T08:31:00.887+0000][72][gc,age      ] GC(78) - age   4:       1016 bytes,    1892104 total
[2023-04-06T08:31:00.887+0000][72][gc,age      ] GC(78) - age   6:       2496 bytes,    1894600 total
[2023-04-06T08:31:00.888+0000][72][gc,age      ] GC(78) - age   7:     108200 bytes,    2002800 total
[2023-04-06T08:31:00.888+0000][72][gc,age      ] GC(78) - age   8:      52712 bytes,    2055512 total
[2023-04-06T08:31:00.889+0000][72][gc,age      ] GC(78) - age   9:     102848 bytes,    2158360 total
[2023-04-06T08:31:00.889+0000][72][gc,age      ] GC(78) - age  10:       1328 bytes,    2159688 total
[2023-04-06T08:31:00.890+0000][72][gc,age      ] GC(78) - age  11:      15352 bytes,    2175040 total
[2023-04-06T08:31:00.891+0000][72][gc,age      ] GC(78) - age  12:         96 bytes,    2175136 total
[2023-04-06T08:31:00.891+0000][72][gc,age      ] GC(78) - age  13:       4656 bytes,    2179792 total
[2023-04-06T08:31:00.892+0000][72][gc,age      ] GC(78) - age  14:       6344 bytes,    2186136 total
[2023-04-06T08:31:00.892+0000][72][gc,age      ] GC(78) - age  15:       2032 bytes,    2188168 total
[2023-04-06T08:31:00.893+0000][72][gc,heap     ] GC(78) Eden regions: 24->0(2)
[2023-04-06T08:31:00.893+0000][72][gc,heap     ] GC(78) Survivor regions: 1->1(4)
[2023-04-06T08:31:00.894+0000][72][gc,heap     ] GC(78) Old regions: 24->24
[2023-04-06T08:31:00.894+0000][72][gc,heap     ] GC(78) Archive regions: 2->2
[2023-04-06T08:31:00.895+0000][72][gc,heap     ] GC(78) Humongous regions: 2->2
[2023-04-06T08:31:00.895+0000][72][gc,metaspace] GC(78) Metaspace: 136415K(140160K)->136415K(140160K) NonClass: 118989K(120512K)->118989K(120512K) Class: 17425K(19648K)->17425K(19648K)
[2023-04-06T08:31:00.896+0000][72][gc          ] GC(78) Pause Young (Prepare Mixed) (G1 Evacuation Pause) 203M->108M(256M) 19.239ms
[2023-04-06T08:31:00.896+0000][72][gc,cpu      ] GC(78) User=0.01s Sys=0.01s Real=0.02s
[2023-04-06T08:31:00.897+0000][72][safepoint   ] Safepoint "G1CollectForAllocation", Time since last: 5001161247 ns, Reaching safepoint: 71944 ns, At safepoint: 20309546 ns, Total: 20381490 ns
[2023-04-06T08:31:01.208+0000][72][gc,start    ] GC(79) Pause Young (Mixed) (G1 Evacuation Pause)
[2023-04-06T08:31:01.209+0000][72][gc,task     ] GC(79) Using 4 workers of 4 for evacuation
[2023-04-06T08:31:01.209+0000][72][gc,age      ] GC(79) Desired survivor size 2097152 bytes, new threshold 9 (max threshold 15)
[2023-04-06T08:31:01.218+0000][72][gc,phases   ] GC(79)   Pre Evacuate Collection Set: 0.2ms
[2023-04-06T08:31:01.218+0000][72][gc,phases   ] GC(79)   Merge Heap Roots: 0.1ms
[2023-04-06T08:31:01.219+0000][72][gc,phases   ] GC(79)   Evacuate Collection Set: 6.3ms
[2023-04-06T08:31:01.219+0000][72][gc,phases   ] GC(79)   Post Evacuate Collection Set: 1.1ms
[2023-04-06T08:31:01.220+0000][72][gc,phases   ] GC(79)   Other: 0.9ms
[2023-04-06T08:31:01.220+0000][72][gc,age      ] GC(79) Age table with threshold 9 (max threshold 15)
[2023-04-06T08:31:01.221+0000][72][gc,age      ] GC(79) - age   1:     366072 bytes,     366072 total
[2023-04-06T08:31:01.221+0000][72][gc,age      ] GC(79) - age   2:     951096 bytes,    1317168 total
[2023-04-06T08:31:01.222+0000][72][gc,age      ] GC(79) - age   3:     145064 bytes,    1462232 total
[2023-04-06T08:31:01.222+0000][72][gc,age      ] GC(79) - age   4:     290392 bytes,    1752624 total
[2023-04-06T08:31:01.223+0000][72][gc,age      ] GC(79) - age   5:       1016 bytes,    1753640 total
[2023-04-06T08:31:01.223+0000][72][gc,age      ] GC(79) - age   7:       2496 bytes,    1756136 total
[2023-04-06T08:31:01.224+0000][72][gc,age      ] GC(79) - age   8:     108200 bytes,    1864336 total
[2023-04-06T08:31:01.224+0000][72][gc,age      ] GC(79) - age   9:      52712 bytes,    1917048 total
[2023-04-06T08:31:01.225+0000][72][gc,heap     ] GC(79) Eden regions: 2->0(24)
[2023-04-06T08:31:01.225+0000][72][gc,heap     ] GC(79) Survivor regions: 1->1(1)
[2023-04-06T08:31:01.226+0000][72][gc,heap     ] GC(79) Old regions: 24->24
[2023-04-06T08:31:01.226+0000][72][gc,heap     ] GC(79) Archive regions: 2->2
[2023-04-06T08:31:01.227+0000][72][gc,heap     ] GC(79) Humongous regions: 2->2
[2023-04-06T08:31:01.227+0000][72][gc,metaspace] GC(79) Metaspace: 136415K(140160K)->136415K(140160K) NonClass: 118989K(120512K)->118989K(120512K) Class: 17425K(19648K)->17425K(19648K)
[2023-04-06T08:31:01.228+0000][72][gc          ] GC(79) Pause Young (Mixed) (G1 Evacuation Pause) 116M->107M(256M) 19.397ms
[2023-04-06T08:31:01.228+0000][72][gc,cpu      ] GC(79) User=0.04s Sys=0.01s Real=0.02s
[2023-04-06T08:31:01.229+0000][72][safepoint   ] Safepoint "G1CollectForAllocation", Time since last: 311566481 ns, Reaching safepoint: 85899 ns, At safepoint: 20546346 ns, Total: 20632245 ns
[2023-04-06T08:31:02.232+0000][72][safepoint   ] Safepoint "Cleanup", Time since last: 1003078902 ns, Reaching safepoint: 185159 ns, At safepoint: 4112 ns, Total: 189271 ns
[2023-04-06T08:31:06.243+0000][72][safepoint   ] Safepoint "Cleanup", Time since last: 4010828796 ns, Reaching safepoint: 159575 ns, At safepoint: 3972 ns, Total: 163547 ns
[2023-04-06T08:31:07.245+0000][72][safepoint   ] Safepoint "Cleanup", Time since last: 1001401870 ns, Reaching safepoint: 242408 ns, At safepoint: 9018 ns, Total: 251426 ns
[2023-04-06T08:31:08.246+0000][72][safepoint   ] Safepoint "Cleanup", Time since last: 1000864368 ns, Reaching safepoint: 142736 ns, At safepoint: 4717 ns, Total: 147453 ns
[2023-04-06T08:31:09.248+0000][72][safepoint   ] Safepoint "Cleanup", Time since last: 1002423239 ns, Reaching safepoint: 159296 ns, At safepoint: 4155 ns, Total: 163451 ns
[2023-04-06T08:31:13.256+0000][72][safepoint   ] Safepoint "Cleanup", Time since last: 4007350121 ns, Reaching safepoint: 163229 ns, At safepoint: 3539 ns, Total: 166768 ns
[2023-04-06T08:31:14.259+0000][72][safepoint   ] Safepoint "Cleanup", Time since last: 1002780825 ns, Reaching safepoint: 144173 ns, At safepoint: 3625 ns, Total: 147798 ns
[2023-04-06T08:31:15.262+0000][72][safepoint   ] Safepoint "Cleanup", Time since last: 1003404125 ns, Reaching safepoint: 89133 ns, At safepoint: 5111 ns, Total: 94244 ns
[2023-04-06T08:31:16.267+0000][72][safepoint   ] Safepoint "Cleanup", Time since last: 1004226790 ns, Reaching safepoint: 342759 ns, At safepoint: 6910 ns, Total: 349669 ns
[2023-04-06T08:31:19.241+0000][72][safepoint   ] Safepoint "Cleanup", Time since last: 3002091715 ns, Reaching safepoint: 225484 ns, At safepoint: 9359 ns, Total: 234843 ns
[2023-04-06T08:31:22.249+0000][72][safepoint   ] Safepoint "Cleanup", Time since last: 3008698370 ns, Reaching safepoint: 175409 ns, At safepoint: 3525 ns, Total: 178934 ns
[2023-04-06T08:31:23.251+0000][72][safepoint   ] Safepoint "Cleanup", Time since last: 1001535330 ns, Reaching safepoint: 82343 ns, At safepoint: 3741 ns, Total: 86084 ns
[2023-04-06T08:31:25.253+0000][72][safepoint   ] Safepoint "Cleanup", Time since last: 2001719979 ns, Reaching safepoint: 133982 ns, At safepoint: 5964 ns, Total: 139946 ns
[2023-04-06T08:31:26.254+0000][72][safepoint   ] Safepoint "Cleanup", Time since last: 1001088243 ns, Reaching safepoint: 84474 ns, At safepoint: 5674 ns, Total: 90148 ns
[2023-04-06T08:31:30.867+0000][72][gc,start    ] GC(80) Pause Young (Normal) (G1 Evacuation Pause)
[2023-04-06T08:31:30.868+0000][72][gc,task     ] GC(80) Using 4 workers of 4 for evacuation
[2023-04-06T08:31:30.869+0000][72][gc,age      ] GC(80) Desired survivor size 8388608 bytes, new threshold 15 (max threshold 15)
[2023-04-06T08:31:30.873+0000][72][gc,phases   ] GC(80)   Pre Evacuate Collection Set: 0.1ms
[2023-04-06T08:31:30.874+0000][72][gc,phases   ] GC(80)   Merge Heap Roots: 0.0ms
[2023-04-06T08:31:30.874+0000][72][gc,phases   ] GC(80)   Evacuate Collection Set: 2.2ms
[2023-04-06T08:31:30.875+0000][72][gc,phases   ] GC(80)   Post Evacuate Collection Set: 0.8ms
[2023-04-06T08:31:30.875+0000][72][gc,phases   ] GC(80)   Other: 1.4ms
[2023-04-06T08:31:30.876+0000][72][gc,age      ] GC(80) Age table with threshold 15 (max threshold 15)
[2023-04-06T08:31:30.877+0000][72][gc,age      ] GC(80) - age   1:     858928 bytes,     858928 total
[2023-04-06T08:31:30.877+0000][72][gc,age      ] GC(80) - age   2:       1664 bytes,     860592 total
[2023-04-06T08:31:30.878+0000][72][gc,age      ] GC(80) - age   3:      10200 bytes,     870792 total
[2023-04-06T08:31:30.878+0000][72][gc,age      ] GC(80) - age   4:      11432 bytes,     882224 total
[2023-04-06T08:31:30.879+0000][72][gc,age      ] GC(80) - age   5:     290328 bytes,    1172552 total
[2023-04-06T08:31:30.880+0000][72][gc,age      ] GC(80) - age   6:        840 bytes,    1173392 total
[2023-04-06T08:31:30.880+0000][72][gc,age      ] GC(80) - age   8:       2432 bytes,    1175824 total
[2023-04-06T08:31:30.880+0000][72][gc,age      ] GC(80) - age   9:     108200 bytes,    1284024 total
[2023-04-06T08:31:30.881+0000][72][gc,age      ] GC(80) - age  10:      52712 bytes,    1336736 total
[2023-04-06T08:31:30.882+0000][72][gc,heap     ] GC(80) Eden regions: 24->0(24)
[2023-04-06T08:31:30.883+0000][72][gc,heap     ] GC(80) Survivor regions: 1->1(4)
[2023-04-06T08:31:30.883+0000][72][gc,heap     ] GC(80) Old regions: 24->24
[2023-04-06T08:31:30.884+0000][72][gc,heap     ] GC(80) Archive regions: 2->2
[2023-04-06T08:31:30.884+0000][72][gc,heap     ] GC(80) Humongous regions: 2->2
[2023-04-06T08:31:30.885+0000][72][gc,metaspace] GC(80) Metaspace: 136448K(140160K)->136448K(140160K) NonClass: 119021K(120512K)->119021K(120512K) Class: 17426K(19648K)->17426K(19648K)
[2023-04-06T08:31:30.885+0000][72][gc          ] GC(80) Pause Young (Normal) (G1 Evacuation Pause) 203M->106M(256M) 18.032ms
[2023-04-06T08:31:30.886+0000][72][gc,cpu      ] GC(80) User=0.00s Sys=0.00s Real=0.01s
[2023-04-06T08:31:30.887+0000][72][safepoint   ] Safepoint "G1CollectForAllocation", Time since last: 4613234807 ns, Reaching safepoint: 67986 ns, At safepoint: 19310066 ns, Total: 19378052 ns
[2023-04-06T08:31:37.897+0000][72][safepoint   ] Safepoint "Cleanup", Time since last: 7010684556 ns, Reaching safepoint: 98736 ns, At safepoint: 5253 ns, Total: 103989 ns
[2023-04-06T08:31:39.903+0000][72][safepoint   ] Safepoint "Cleanup", Time since last: 2005519763 ns, Reaching safepoint: 137790 ns, At safepoint: 4869 ns, Total: 142659 ns
[2023-04-06T08:31:42.910+0000][72][safepoint   ] Safepoint "Cleanup", Time since last: 3006784214 ns, Reaching safepoint: 113834 ns, At safepoint: 5612 ns, Total: 119446 ns
[2023-04-06T08:31:43.911+0000][72][safepoint   ] Safepoint "Cleanup", Time since last: 1001092440 ns, Reaching safepoint: 145643 ns, At safepoint: 5083 ns, Total: 150726 ns
[2023-04-06T08:31:45.239+0000][72][safepoint   ] Safepoint "Cleanup", Time since last: 1327914520 ns, Reaching safepoint: 157475 ns, At safepoint: 6768 ns, Total: 164243 ns
[2023-04-06T08:31:49.813+0000][72][safepoint   ] Safepoint "Cleanup", Time since last: 4595679743 ns, Reaching safepoint: 62270 ns, At safepoint: 27806 ns, Total: 90076 ns
[2023-04-06T08:31:50.817+0000][72][safepoint   ] Safepoint "Cleanup", Time since last: 1004231353 ns, Reaching safepoint: 142793 ns, At safepoint: 4467 ns, Total: 147260 ns
[2023-04-06T08:31:54.824+0000][72][safepoint   ] Safepoint "Cleanup", Time since last: 4006657355 ns, Reaching safepoint: 354961 ns, At safepoint: 7759 ns, Total: 362720 ns
[2023-04-06T08:31:55.827+0000][72][safepoint   ] Safepoint "Cleanup", Time since last: 1002263999 ns, Reaching safepoint: 402630 ns, At safepoint: 39918 ns, Total: 442548 ns
[2023-04-06T08:31:57.831+0000][72][safepoint   ] Safepoint "Cleanup", Time since last: 2004532469 ns, Reaching safepoint: 114846 ns, At safepoint: 6131 ns, Total: 120977 ns
[2023-04-06T08:31:58.833+0000][72][safepoint   ] Safepoint "Cleanup", Time since last: 1001341846 ns, Reaching safepoint: 154875 ns, At safepoint: 3827 ns, Total: 158702 ns
[2023-04-06T08:32:01.839+0000][72][safepoint   ] Safepoint "Cleanup", Time since last: 3005889567 ns, Reaching safepoint: 139573 ns, At safepoint: 7878 ns, Total: 147451 ns
[2023-04-06T08:32:02.842+0000][72][safepoint   ] Safepoint "Cleanup", Time since last: 1002476704 ns, Reaching safepoint: 244450 ns, At safepoint: 4719 ns, Total: 249169 ns
[2023-04-06T08:32:03.689+0000][72][gc,start    ] GC(81) Pause Young (Normal) (G1 Evacuation Pause)
[2023-04-06T08:32:03.690+0000][72][gc,task     ] GC(81) Using 4 workers of 4 for evacuation
[2023-04-06T08:32:03.691+0000][72][gc,age      ] GC(81) Desired survivor size 8388608 bytes, new threshold 15 (max threshold 15)
[2023-04-06T08:32:03.697+0000][72][gc,phases   ] GC(81)   Pre Evacuate Collection Set: 0.2ms
[2023-04-06T08:32:03.698+0000][72][gc,phases   ] GC(81)   Merge Heap Roots: 0.2ms
[2023-04-06T08:32:03.698+0000][72][gc,phases   ] GC(81)   Evacuate Collection Set: 2.9ms
[2023-04-06T08:32:03.699+0000][72][gc,phases   ] GC(81)   Post Evacuate Collection Set: 1.3ms
[2023-04-06T08:32:03.699+0000][72][gc,phases   ] GC(81)   Other: 1.6ms
[2023-04-06T08:32:03.701+0000][72][gc,age      ] GC(81) Age table with threshold 15 (max threshold 15)
[2023-04-06T08:32:03.701+0000][72][gc,age      ] GC(81) - age   1:     847600 bytes,     847600 total
[2023-04-06T08:32:03.702+0000][72][gc,age      ] GC(81) - age   2:     138032 bytes,     985632 total
[2023-04-06T08:32:03.702+0000][72][gc,age      ] GC(81) - age   4:       9112 bytes,     994744 total
[2023-04-06T08:32:03.703+0000][72][gc,age      ] GC(81) - age   5:      10984 bytes,    1005728 total
[2023-04-06T08:32:03.703+0000][72][gc,age      ] GC(81) - age   6:     290328 bytes,    1296056 total
[2023-04-06T08:32:03.704+0000][72][gc,age      ] GC(81) - age   7:        840 bytes,    1296896 total
[2023-04-06T08:32:03.705+0000][72][gc,age      ] GC(81) - age   9:       2432 bytes,    1299328 total
[2023-04-06T08:32:03.705+0000][72][gc,age      ] GC(81) - age  10:     108200 bytes,    1407528 total
[2023-04-06T08:32:03.706+0000][72][gc,age      ] GC(81) - age  11:      52712 bytes,    1460240 total
[2023-04-06T08:32:03.706+0000][72][gc,heap     ] GC(81) Eden regions: 24->0(24)
[2023-04-06T08:32:03.707+0000][72][gc,heap     ] GC(81) Survivor regions: 1->1(4)
[2023-04-06T08:32:03.707+0000][72][gc,heap     ] GC(81) Old regions: 24->24
[2023-04-06T08:32:03.708+0000][72][gc,heap     ] GC(81) Archive regions: 2->2
[2023-04-06T08:32:03.708+0000][72][gc,heap     ] GC(81) Humongous regions: 2->2
[2023-04-06T08:32:03.709+0000][72][gc,metaspace] GC(81) Metaspace: 136531K(140224K)->136531K(140224K) NonClass: 119104K(120576K)->119104K(120576K) Class: 17426K(19648K)->17426K(19648K)
[2023-04-06T08:32:03.709+0000][72][gc          ] GC(81) Pause Young (Normal) (G1 Evacuation Pause) 202M->106M(256M) 19.645ms
[2023-04-06T08:32:03.710+0000][72][gc,cpu      ] GC(81) User=0.01s Sys=0.00s Real=0.02s
[2023-04-06T08:32:03.710+0000][72][safepoint   ] Safepoint "G1CollectForAllocation", Time since last: 847676762 ns, Reaching safepoint: 79052 ns, At safepoint: 20717620 ns, Total: 20796672 ns
[2023-04-06T08:32:04.711+0000][72][safepoint   ] Safepoint "Cleanup", Time since last: 1000685611 ns, Reaching safepoint: 110683 ns, At safepoint: 4235 ns, Total: 114918 ns
[2023-04-06T08:32:07.867+0000][72][safepoint   ] Safepoint "Cleanup", Time since last: 3156395177 ns, Reaching safepoint: 222914 ns, At safepoint: 5022 ns, Total: 227936 ns
[2023-04-06T08:32:12.877+0000][72][safepoint   ] Safepoint "Cleanup", Time since last: 5009549910 ns, Reaching safepoint: 161623 ns, At safepoint: 5312 ns, Total: 166935 ns
[2023-04-06T08:32:13.878+0000][72][safepoint   ] Safepoint "Cleanup", Time since last: 1000943102 ns, Reaching safepoint: 193793 ns, At safepoint: 7904 ns, Total: 201697 ns
[2023-04-06T08:32:14.880+0000][72][safepoint   ] Safepoint "Cleanup", Time since last: 1001265621 ns, Reaching safepoint: 82572 ns, At safepoint: 3783 ns, Total: 86355 ns
[2023-04-06T08:32:15.882+0000][72][safepoint   ] Safepoint "Cleanup", Time since last: 1002560901 ns, Reaching safepoint: 277282 ns, At safepoint: 5707 ns, Total: 282989 ns
[2023-04-06T08:32:19.867+0000][72][safepoint   ] Safepoint "Cleanup", Time since last: 4006587516 ns, Reaching safepoint: 133528 ns, At safepoint: 6318 ns, Total: 139846 ns
[2023-04-06T08:32:24.874+0000][72][safepoint   ] Safepoint "Cleanup", Time since last: 5007104107 ns, Reaching safepoint: 74233 ns, At safepoint: 4304 ns, Total: 78537 ns
[2023-04-06T08:32:31.879+0000][72][safepoint   ] Safepoint "Cleanup", Time since last: 7004952039 ns, Reaching safepoint: 146450 ns, At safepoint: 4773 ns, Total: 151223 ns
[2023-04-06T08:32:37.143+0000][72][gc,start    ] GC(82) Pause Young (Concurrent Start) (G1 Evacuation Pause)
[2023-04-06T08:32:37.144+0000][72][gc,task     ] GC(82) Using 4 workers of 4 for evacuation
[2023-04-06T08:32:37.144+0000][72][gc,age      ] GC(82) Desired survivor size 8388608 bytes, new threshold 15 (max threshold 15)
[2023-04-06T08:32:37.149+0000][72][gc,phases   ] GC(82)   Pre Evacuate Collection Set: 0.3ms
[2023-04-06T08:32:37.150+0000][72][gc,phases   ] GC(82)   Merge Heap Roots: 0.1ms
[2023-04-06T08:32:37.151+0000][72][gc,phases   ] GC(82)   Evacuate Collection Set: 2.5ms
[2023-04-06T08:32:37.151+0000][72][gc,phases   ] GC(82)   Post Evacuate Collection Set: 0.8ms
[2023-04-06T08:32:37.152+0000][72][gc,phases   ] GC(82)   Other: 1.5ms
[2023-04-06T08:32:37.152+0000][72][gc,age      ] GC(82) Age table with threshold 15 (max threshold 15)
[2023-04-06T08:32:37.153+0000][72][gc,age      ] GC(82) - age   1:    1145664 bytes,    1145664 total
[2023-04-06T08:32:37.153+0000][72][gc,age      ] GC(82) - age   2:     134728 bytes,    1280392 total
[2023-04-06T08:32:37.154+0000][72][gc,age      ] GC(82) - age   3:       3680 bytes,    1284072 total
[2023-04-06T08:32:37.154+0000][72][gc,age      ] GC(82) - age   5:       8688 bytes,    1292760 total
[2023-04-06T08:32:37.155+0000][72][gc,age      ] GC(82) - age   6:      10984 bytes,    1303744 total
[2023-04-06T08:32:37.155+0000][72][gc,age      ] GC(82) - age   7:     290264 bytes,    1594008 total
[2023-04-06T08:32:37.156+0000][72][gc,age      ] GC(82) - age   8:        840 bytes,    1594848 total
[2023-04-06T08:32:37.156+0000][72][gc,age      ] GC(82) - age  10:       2432 bytes,    1597280 total
[2023-04-06T08:32:37.157+0000][72][gc,age      ] GC(82) - age  11:     108200 bytes,    1705480 total
[2023-04-06T08:32:37.157+0000][72][gc,age      ] GC(82) - age  12:      52648 bytes,    1758128 total
[2023-04-06T08:32:37.157+0000][72][gc,heap     ] GC(82) Eden regions: 24->0(24)
[2023-04-06T08:32:37.158+0000][72][gc,heap     ] GC(82) Survivor regions: 1->1(4)
[2023-04-06T08:32:37.158+0000][72][gc,heap     ] GC(82) Old regions: 24->24
[2023-04-06T08:32:37.159+0000][72][gc,heap     ] GC(82) Archive regions: 2->2
[2023-04-06T08:32:37.159+0000][72][gc,heap     ] GC(82) Humongous regions: 2->2
[2023-04-06T08:32:37.160+0000][72][gc,metaspace] GC(82) Metaspace: 136569K(140224K)->136569K(140224K) NonClass: 119138K(120576K)->119138K(120576K) Class: 17430K(19648K)->17430K(19648K)
[2023-04-06T08:32:37.160+0000][72][gc          ] GC(82) Pause Young (Concurrent Start) (G1 Evacuation Pause) 202M->107M(256M) 17.603ms
[2023-04-06T08:32:37.161+0000][72][gc,cpu      ] GC(82) User=0.00s Sys=0.01s Real=0.01s
[2023-04-06T08:32:37.161+0000][72][safepoint   ] Safepoint "G1CollectForAllocation", Time since last: 5263313972 ns, Reaching safepoint: 165891 ns, At safepoint: 18700859 ns, Total: 18866750 ns
[2023-04-06T08:32:37.161+0000][72][gc          ] GC(83) Concurrent Mark Cycle
[2023-04-06T08:32:37.163+0000][72][gc,marking  ] GC(83) Concurrent Clear Claimed Marks
[2023-04-06T08:32:37.164+0000][72][gc,marking  ] GC(83) Concurrent Clear Claimed Marks 1.021ms
[2023-04-06T08:32:37.165+0000][72][gc,marking  ] GC(83) Concurrent Scan Root Regions
[2023-04-06T08:32:37.168+0000][72][gc,marking  ] GC(83) Concurrent Scan Root Regions 3.189ms
[2023-04-06T08:32:37.169+0000][72][gc,marking  ] GC(83) Concurrent Mark
[2023-04-06T08:32:37.169+0000][72][gc,marking  ] GC(83) Concurrent Mark From Roots
[2023-04-06T08:32:37.170+0000][72][gc,task     ] GC(83) Using 1 workers of 1 for marking
[2023-04-06T08:32:37.271+0000][72][gc,marking  ] GC(83) Concurrent Mark From Roots 101.994ms
[2023-04-06T08:32:37.272+0000][72][gc,marking  ] GC(83) Concurrent Preclean
[2023-04-06T08:32:37.273+0000][72][gc,marking  ] GC(83) Concurrent Preclean 1.291ms
[2023-04-06T08:32:37.274+0000][72][gc,start    ] GC(83) Pause Remark
[2023-04-06T08:32:37.294+0000][72][gc          ] GC(83) Pause Remark 108M->108M(256M) 20.234ms
[2023-04-06T08:32:37.295+0000][72][gc,cpu      ] GC(83) User=0.07s Sys=0.00s Real=0.02s
[2023-04-06T08:32:37.296+0000][72][safepoint   ] Safepoint "G1PauseRemark", Time since last: 112762556 ns, Reaching safepoint: 86853 ns, At safepoint: 21976139 ns, Total: 22062992 ns
[2023-04-06T08:32:37.298+0000][72][gc,marking  ] GC(83) Concurrent Mark 129.468ms
[2023-04-06T08:32:37.299+0000][72][gc,marking  ] GC(83) Concurrent Rebuild Remembered Sets
[2023-04-06T08:32:37.356+0000][72][gc,marking  ] GC(83) Concurrent Rebuild Remembered Sets 57.034ms
[2023-04-06T08:32:37.357+0000][72][gc,start    ] GC(83) Pause Cleanup
[2023-04-06T08:32:37.359+0000][72][gc          ] GC(83) Pause Cleanup 108M->108M(256M) 1.294ms
[2023-04-06T08:32:37.359+0000][72][gc,cpu      ] GC(83) User=0.00s Sys=0.00s Real=0.00s
[2023-04-06T08:32:37.360+0000][72][safepoint   ] Safepoint "G1PauseCleanup", Time since last: 61124159 ns, Reaching safepoint: 90655 ns, At safepoint: 2790409 ns, Total: 2881064 ns
[2023-04-06T08:32:37.361+0000][72][gc,marking  ] GC(83) Concurrent Cleanup for Next Mark
[2023-04-06T08:32:37.362+0000][72][gc,marking  ] GC(83) Concurrent Cleanup for Next Mark 1.044ms
[2023-04-06T08:32:37.362+0000][72][gc          ] GC(83) Concurrent Mark Cycle 201.706ms
[2023-04-06T08:32:40.362+0000][72][safepoint   ] Safepoint "Cleanup", Time since last: 3001815448 ns, Reaching safepoint: 276130 ns, At safepoint: 37793 ns, Total: 313923 ns
[2023-04-06T08:32:43.368+0000][72][safepoint   ] Safepoint "Cleanup", Time since last: 3005251165 ns, Reaching safepoint: 343179 ns, At safepoint: 8960 ns, Total: 352139 ns
[2023-04-06T08:32:44.372+0000][72][safepoint   ] Safepoint "Cleanup", Time since last: 1003843629 ns, Reaching safepoint: 102596 ns, At safepoint: 4345 ns, Total: 106941 ns
[2023-04-06T08:32:46.374+0000][72][safepoint   ] Safepoint "Cleanup", Time since last: 2002068330 ns, Reaching safepoint: 251336 ns, At safepoint: 4245 ns, Total: 255581 ns
[2023-04-06T08:32:47.379+0000][72][safepoint   ] Safepoint "Cleanup", Time since last: 1004665656 ns, Reaching safepoint: 183279 ns, At safepoint: 6146 ns, Total: 189425 ns
[2023-04-06T08:32:49.359+0000][72][safepoint   ] Safepoint "Cleanup", Time since last: 2001541732 ns, Reaching safepoint: 71909 ns, At safepoint: 4049 ns, Total: 75958 ns
[2023-04-06T08:32:50.361+0000][72][safepoint   ] Safepoint "Cleanup", Time since last: 1002168690 ns, Reaching safepoint: 226509 ns, At safepoint: 7132 ns, Total: 233641 ns
[2023-04-06T08:32:52.365+0000][72][safepoint   ] Safepoint "Cleanup", Time since last: 2003424239 ns, Reaching safepoint: 106132 ns, At safepoint: 3767 ns, Total: 109899 ns
[2023-04-06T08:32:53.366+0000][72][safepoint   ] Safepoint "Cleanup", Time since last: 1001365705 ns, Reaching safepoint: 157232 ns, At safepoint: 4104 ns, Total: 161336 ns
[2023-04-06T08:32:56.231+0000][72][gc,start    ] GC(84) Pause Young (Prepare Mixed) (G1 Evacuation Pause)
[2023-04-06T08:32:56.232+0000][72][gc,task     ] GC(84) Using 4 workers of 4 for evacuation
[2023-04-06T08:32:56.233+0000][72][gc,age      ] GC(84) Desired survivor size 8388608 bytes, new threshold 15 (max threshold 15)
[2023-04-06T08:32:56.238+0000][72][gc,phases   ] GC(84)   Pre Evacuate Collection Set: 0.1ms
[2023-04-06T08:32:56.239+0000][72][gc,phases   ] GC(84)   Merge Heap Roots: 0.1ms
[2023-04-06T08:32:56.239+0000][72][gc,phases   ] GC(84)   Evacuate Collection Set: 3.5ms
[2023-04-06T08:32:56.240+0000][72][gc,phases   ] GC(84)   Post Evacuate Collection Set: 0.7ms
[2023-04-06T08:32:56.240+0000][72][gc,phases   ] GC(84)   Other: 1.3ms
[2023-04-06T08:32:56.241+0000][72][gc,age      ] GC(84) Age table with threshold 15 (max threshold 15)
[2023-04-06T08:32:56.241+0000][72][gc,age      ] GC(84) - age   1:    1974320 bytes,    1974320 total
[2023-04-06T08:32:56.242+0000][72][gc,age      ] GC(84) - age   2:     143584 bytes,    2117904 total
[2023-04-06T08:32:56.242+0000][72][gc,age      ] GC(84) - age   3:       1632 bytes,    2119536 total
[2023-04-06T08:32:56.243+0000][72][gc,age      ] GC(84) - age   4:       3192 bytes,    2122728 total
[2023-04-06T08:32:56.244+0000][72][gc,age      ] GC(84) - age   6:       8560 bytes,    2131288 total
[2023-04-06T08:32:56.244+0000][72][gc,age      ] GC(84) - age   7:      10568 bytes,    2141856 total
[2023-04-06T08:32:56.245+0000][72][gc,age      ] GC(84) - age   8:     289784 bytes,    2431640 total
[2023-04-06T08:32:56.246+0000][72][gc,age      ] GC(84) - age   9:        840 bytes,    2432480 total
[2023-04-06T08:32:56.246+0000][72][gc,age      ] GC(84) - age  11:       2432 bytes,    2434912 total
[2023-04-06T08:32:56.247+0000][72][gc,age      ] GC(84) - age  12:     108136 bytes,    2543048 total
[2023-04-06T08:32:56.247+0000][72][gc,age      ] GC(84) - age  13:      17376 bytes,    2560424 total
[2023-04-06T08:32:56.249+0000][72][gc,heap     ] GC(84) Eden regions: 24->0(2)
[2023-04-06T08:32:56.249+0000][72][gc,heap     ] GC(84) Survivor regions: 1->1(4)
[2023-04-06T08:32:56.250+0000][72][gc,heap     ] GC(84) Old regions: 24->24
[2023-04-06T08:32:56.250+0000][72][gc,heap     ] GC(84) Archive regions: 2->2
[2023-04-06T08:32:56.251+0000][72][gc,heap     ] GC(84) Humongous regions: 2->2
[2023-04-06T08:32:56.251+0000][72][gc,metaspace] GC(84) Metaspace: 136569K(140288K)->136569K(140288K) NonClass: 119154K(120640K)->119154K(120640K) Class: 17415K(19648K)->17415K(19648K)
[2023-04-06T08:32:56.252+0000][72][gc          ] GC(84) Pause Young (Prepare Mixed) (G1 Evacuation Pause) 203M->108M(256M) 20.577ms
[2023-04-06T08:32:56.253+0000][72][gc,cpu      ] GC(84) User=0.00s Sys=0.00s Real=0.02s
[2023-04-06T08:32:56.253+0000][72][safepoint   ] Safepoint "G1CollectForAllocation", Time since last: 2865113061 ns, Reaching safepoint: 214070 ns, At safepoint: 21846804 ns, Total: 22060874 ns
[2023-04-06T08:33:00.268+0000][72][safepoint   ] Safepoint "Cleanup", Time since last: 4014731381 ns, Reaching safepoint: 87634 ns, At safepoint: 5062 ns, Total: 92696 ns
[2023-04-06T08:33:00.835+0000][72][gc,start    ] GC(85) Pause Young (Mixed) (G1 Evacuation Pause)
[2023-04-06T08:33:00.836+0000][72][gc,task     ] GC(85) Using 4 workers of 4 for evacuation
[2023-04-06T08:33:00.837+0000][72][gc,age      ] GC(85) Desired survivor size 2097152 bytes, new threshold 2 (max threshold 15)
[2023-04-06T08:33:00.853+0000][72][gc,phases   ] GC(85)   Pre Evacuate Collection Set: 0.2ms
[2023-04-06T08:33:00.854+0000][72][gc,phases   ] GC(85)   Merge Heap Roots: 0.3ms
[2023-04-06T08:33:00.855+0000][72][gc,phases   ] GC(85)   Evacuate Collection Set: 13.5ms
[2023-04-06T08:33:00.855+0000][72][gc,phases   ] GC(85)   Post Evacuate Collection Set: 1.4ms
[2023-04-06T08:33:00.856+0000][72][gc,phases   ] GC(85)   Other: 1.8ms
[2023-04-06T08:33:00.857+0000][72][gc,age      ] GC(85) Age table with threshold 2 (max threshold 15)
[2023-04-06T08:33:00.857+0000][72][gc,age      ] GC(85) - age   1:     586248 bytes,     586248 total
[2023-04-06T08:33:00.858+0000][72][gc,age      ] GC(85) - age   2:     294816 bytes,     881064 total
[2023-04-06T08:33:00.858+0000][72][gc,heap     ] GC(85) Eden regions: 2->0(23)
[2023-04-06T08:33:00.859+0000][72][gc,heap     ] GC(85) Survivor regions: 1->1(1)
[2023-04-06T08:33:00.859+0000][72][gc,heap     ] GC(85) Old regions: 24->24
[2023-04-06T08:33:00.860+0000][72][gc,heap     ] GC(85) Archive regions: 2->2
[2023-04-06T08:33:00.860+0000][72][gc,heap     ] GC(85) Humongous regions: 2->2
[2023-04-06T08:33:00.861+0000][72][gc,metaspace] GC(85) Metaspace: 136569K(140288K)->136569K(140288K) NonClass: 119154K(120640K)->119154K(120640K) Class: 17415K(19648K)->17415K(19648K)
[2023-04-06T08:33:00.861+0000][72][gc          ] GC(85) Pause Young (Mixed) (G1 Evacuation Pause) 116M->106M(256M) 26.438ms
[2023-04-06T08:33:00.862+0000][72][gc,cpu      ] GC(85) User=0.04s Sys=0.00s Real=0.03s
[2023-04-06T08:33:00.862+0000][72][safepoint   ] Safepoint "G1CollectForAllocation", Time since last: 566600149 ns, Reaching safepoint: 116128 ns, At safepoint: 27696735 ns, Total: 27812863 ns
[2023-04-06T08:33:01.864+0000][72][safepoint   ] Safepoint "Cleanup", Time since last: 1001774698 ns, Reaching safepoint: 218685 ns, At safepoint: 13330 ns, Total: 232015 ns
[2023-04-06T08:33:03.867+0000][72][safepoint   ] Safepoint "Cleanup", Time since last: 2002634171 ns, Reaching safepoint: 281284 ns, At safepoint: 7950 ns, Total: 289234 ns
[2023-04-06T08:33:13.881+0000][72][safepoint   ] Safepoint "Cleanup", Time since last: 10013620528 ns, Reaching safepoint: 251611 ns, At safepoint: 5667 ns, Total: 257278 ns
[2023-04-06T08:33:19.869+0000][72][safepoint   ] Safepoint "Cleanup", Time since last: 6009005939 ns, Reaching safepoint: 180867 ns, At safepoint: 4244 ns, Total: 185111 ns
[2023-04-06T08:33:21.877+0000][72][safepoint   ] Safepoint "Cleanup", Time since last: 2007102095 ns, Reaching safepoint: 459560 ns, At safepoint: 5016 ns, Total: 464576 ns
[2023-04-06T08:33:24.882+0000][72][safepoint   ] Safepoint "Cleanup", Time since last: 3005222770 ns, Reaching safepoint: 220638 ns, At safepoint: 5331 ns, Total: 225969 ns
[2023-04-06T08:33:25.885+0000][72][safepoint   ] Safepoint "Cleanup", Time since last: 1002461010 ns, Reaching safepoint: 295275 ns, At safepoint: 10543 ns, Total: 305818 ns
[2023-04-06T08:33:27.889+0000][72][safepoint   ] Safepoint "Cleanup", Time since last: 2003470055 ns, Reaching safepoint: 124218 ns, At safepoint: 7178 ns, Total: 131396 ns
[2023-04-06T08:33:28.890+0000][72][safepoint   ] Safepoint "Cleanup", Time since last: 1000937840 ns, Reaching safepoint: 104082 ns, At safepoint: 9474 ns, Total: 113556 ns
[2023-04-06T08:33:29.067+0000][72][gc,start    ] GC(86) Pause Young (Normal) (G1 Evacuation Pause)
[2023-04-06T08:33:29.068+0000][72][gc,task     ] GC(86) Using 4 workers of 4 for evacuation
[2023-04-06T08:33:29.068+0000][72][gc,age      ] GC(86) Desired survivor size 6291456 bytes, new threshold 15 (max threshold 15)
[2023-04-06T08:33:29.071+0000][72][gc,phases   ] GC(86)   Pre Evacuate Collection Set: 0.1ms
[2023-04-06T08:33:29.072+0000][72][gc,phases   ] GC(86)   Merge Heap Roots: 0.1ms
[2023-04-06T08:33:29.072+0000][72][gc,phases   ] GC(86)   Evacuate Collection Set: 1.3ms
[2023-04-06T08:33:29.073+0000][72][gc,phases   ] GC(86)   Post Evacuate Collection Set: 0.7ms
[2023-04-06T08:33:29.074+0000][72][gc,phases   ] GC(86)   Other: 1.0ms
[2023-04-06T08:33:29.074+0000][72][gc,age      ] GC(86) Age table with threshold 15 (max threshold 15)
[2023-04-06T08:33:29.075+0000][72][gc,age      ] GC(86) - age   1:     807208 bytes,     807208 total
[2023-04-06T08:33:29.075+0000][72][gc,age      ] GC(86) - age   2:     365840 bytes,    1173048 total
[2023-04-06T08:33:29.076+0000][72][gc,age      ] GC(86) - age   3:      92288 bytes,    1265336 total
[2023-04-06T08:33:29.076+0000][72][gc,heap     ] GC(86) Eden regions: 23->0(24)
[2023-04-06T08:33:29.077+0000][72][gc,heap     ] GC(86) Survivor regions: 1->1(3)
[2023-04-06T08:33:29.077+0000][72][gc,heap     ] GC(86) Old regions: 24->24
[2023-04-06T08:33:29.077+0000][72][gc,heap     ] GC(86) Archive regions: 2->2
[2023-04-06T08:33:29.078+0000][72][gc,heap     ] GC(86) Humongous regions: 2->2
[2023-04-06T08:33:29.078+0000][72][gc,metaspace] GC(86) Metaspace: 136576K(140288K)->136576K(140288K) NonClass: 119161K(120640K)->119161K(120640K) Class: 17415K(19648K)->17415K(19648K)
[2023-04-06T08:33:29.079+0000][72][gc          ] GC(86) Pause Young (Normal) (G1 Evacuation Pause) 198M->106M(256M) 11.738ms
[2023-04-06T08:33:29.080+0000][72][gc,cpu      ] GC(86) User=0.00s Sys=0.00s Real=0.02s
[2023-04-06T08:33:29.080+0000][72][safepoint   ] Safepoint "G1CollectForAllocation", Time since last: 177610275 ns, Reaching safepoint: 76481 ns, At safepoint: 12824869 ns, Total: 12901350 ns
[2023-04-06T08:33:30.085+0000][72][safepoint   ] Safepoint "Cleanup", Time since last: 1004125787 ns, Reaching safepoint: 211584 ns, At safepoint: 52788 ns, Total: 264372 ns
[2023-04-06T08:33:32.087+0000][72][safepoint   ] Safepoint "Cleanup", Time since last: 2001468856 ns, Reaching safepoint: 467306 ns, At safepoint: 74905 ns, Total: 542211 ns
[2023-04-06T08:33:37.103+0000][72][safepoint   ] Safepoint "Cleanup", Time since last: 5016551424 ns, Reaching safepoint: 201491 ns, At safepoint: 4711 ns, Total: 206202 ns
[2023-04-06T08:33:38.107+0000][72][safepoint   ] Safepoint "Cleanup", Time since last: 1003404310 ns, Reaching safepoint: 174891 ns, At safepoint: 5132 ns, Total: 180023 ns
[2023-04-06T08:33:40.109+0000][72][safepoint   ] Safepoint "Cleanup", Time since last: 2001995719 ns, Reaching safepoint: 171366 ns, At safepoint: 6518 ns, Total: 177884 ns
[2023-04-06T08:33:43.113+0000][72][safepoint   ] Safepoint "Cleanup", Time since last: 3003731224 ns, Reaching safepoint: 70682 ns, At safepoint: 26836 ns, Total: 97518 ns
[2023-04-06T08:33:44.115+0000][72][safepoint   ] Safepoint "Cleanup", Time since last: 1001533517 ns, Reaching safepoint: 98884 ns, At safepoint: 5361 ns, Total: 104245 ns
[2023-04-06T08:33:47.119+0000][72][safepoint   ] Safepoint "Cleanup", Time since last: 3004201601 ns, Reaching safepoint: 137772 ns, At safepoint: 4207 ns, Total: 141979 ns
[2023-04-06T08:33:56.107+0000][72][safepoint   ] Safepoint "Cleanup", Time since last: 9009092903 ns, Reaching safepoint: 102963 ns, At safepoint: 3902 ns, Total: 106865 ns
[2023-04-06T08:34:01.114+0000][72][safepoint   ] Safepoint "Cleanup", Time since last: 5007208686 ns, Reaching safepoint: 135629 ns, At safepoint: 35398 ns, Total: 171027 ns
[2023-04-06T08:34:01.129+0000][72][gc,start    ] GC(87) Pause Young (Normal) (G1 Evacuation Pause)
[2023-04-06T08:34:01.130+0000][72][gc,task     ] GC(87) Using 4 workers of 4 for evacuation
[2023-04-06T08:34:01.131+0000][72][gc,age      ] GC(87) Desired survivor size 8388608 bytes, new threshold 15 (max threshold 15)
[2023-04-06T08:34:01.135+0000][72][gc,phases   ] GC(87)   Pre Evacuate Collection Set: 0.1ms
[2023-04-06T08:34:01.135+0000][72][gc,phases   ] GC(87)   Merge Heap Roots: 0.0ms
[2023-04-06T08:34:01.136+0000][72][gc,phases   ] GC(87)   Evacuate Collection Set: 1.7ms
[2023-04-06T08:34:01.137+0000][72][gc,phases   ] GC(87)   Post Evacuate Collection Set: 0.8ms
[2023-04-06T08:34:01.137+0000][72][gc,phases   ] GC(87)   Other: 1.6ms
[2023-04-06T08:34:01.138+0000][72][gc,age      ] GC(87) Age table with threshold 15 (max threshold 15)
[2023-04-06T08:34:01.138+0000][72][gc,age      ] GC(87) - age   1:    1069120 bytes,    1069120 total
[2023-04-06T08:34:01.139+0000][72][gc,age      ] GC(87) - age   2:      22960 bytes,    1092080 total
[2023-04-06T08:34:01.140+0000][72][gc,age      ] GC(87) - age   3:     364176 bytes,    1456256 total
[2023-04-06T08:34:01.140+0000][72][gc,age      ] GC(87) - age   4:      92064 bytes,    1548320 total
[2023-04-06T08:34:01.141+0000][72][gc,heap     ] GC(87) Eden regions: 24->0(24)
[2023-04-06T08:34:01.141+0000][72][gc,heap     ] GC(87) Survivor regions: 1->1(4)
[2023-04-06T08:34:01.142+0000][72][gc,heap     ] GC(87) Old regions: 24->24
[2023-04-06T08:34:01.143+0000][72][gc,heap     ] GC(87) Archive regions: 2->2
[2023-04-06T08:34:01.143+0000][72][gc,heap     ] GC(87) Humongous regions: 2->2
[2023-04-06T08:34:01.144+0000][72][gc,metaspace] GC(87) Metaspace: 136604K(140288K)->136604K(140288K) NonClass: 119189K(120640K)->119189K(120640K) Class: 17415K(19648K)->17415K(19648K)
[2023-04-06T08:34:01.144+0000][72][gc          ] GC(87) Pause Young (Normal) (G1 Evacuation Pause) 202M->106M(256M) 14.998ms
[2023-04-06T08:34:01.145+0000][72][gc,cpu      ] GC(87) User=0.01s Sys=0.00s Real=0.01s
[2023-04-06T08:34:01.146+0000][72][safepoint   ] Safepoint "G1CollectForAllocation", Time since last: 14938567 ns, Reaching safepoint: 66828 ns, At safepoint: 16255436 ns, Total: 16322264 ns
[2023-04-06T08:34:02.149+0000][72][safepoint   ] Safepoint "Cleanup", Time since last: 1003073329 ns, Reaching safepoint: 108745 ns, At safepoint: 4793 ns, Total: 113538 ns
[2023-04-06T08:34:06.154+0000][72][safepoint   ] Safepoint "Cleanup", Time since last: 4004908529 ns, Reaching safepoint: 155912 ns, At safepoint: 4738 ns, Total: 160650 ns
[2023-04-06T08:34:08.156+0000][72][safepoint   ] Safepoint "Cleanup", Time since last: 2001668974 ns, Reaching safepoint: 158589 ns, At safepoint: 4179 ns, Total: 162768 ns
[2023-04-06T08:34:10.158+0000][72][safepoint   ] Safepoint "Cleanup", Time since last: 2002400828 ns, Reaching safepoint: 202948 ns, At safepoint: 9246 ns, Total: 212194 ns
[2023-04-06T08:34:12.163+0000][72][safepoint   ] Safepoint "Cleanup", Time since last: 2004771709 ns, Reaching safepoint: 155141 ns, At safepoint: 4985 ns, Total: 160126 ns
[2023-04-06T08:34:16.167+0000][72][safepoint   ] Safepoint "Cleanup", Time since last: 4003403702 ns, Reaching safepoint: 95766 ns, At safepoint: 4144 ns, Total: 99910 ns
[2023-04-06T08:34:18.169+0000][72][safepoint   ] Safepoint "Cleanup", Time since last: 2002138947 ns, Reaching safepoint: 102178 ns, At safepoint: 3849 ns, Total: 106027 ns
[2023-04-06T08:34:19.149+0000][72][safepoint   ] Safepoint "Cleanup", Time since last: 1001082207 ns, Reaching safepoint: 92384 ns, At safepoint: 4130 ns, Total: 96514 ns
[2023-04-06T08:34:20.151+0000][72][safepoint   ] Safepoint "Cleanup", Time since last: 1001885368 ns, Reaching safepoint: 129878 ns, At safepoint: 12628 ns, Total: 142506 ns
[2023-04-06T08:34:26.157+0000][72][safepoint   ] Safepoint "Cleanup", Time since last: 6006415799 ns, Reaching safepoint: 90962 ns, At safepoint: 3875 ns, Total: 94837 ns
[2023-04-06T08:34:28.160+0000][72][safepoint   ] Safepoint "Cleanup", Time since last: 2002168900 ns, Reaching safepoint: 169688 ns, At safepoint: 8571 ns, Total: 178259 ns
[2023-04-06T08:34:31.163+0000][72][safepoint   ] Safepoint "Cleanup", Time since last: 3002914031 ns, Reaching safepoint: 139187 ns, At safepoint: 10109 ns, Total: 149296 ns
[2023-04-06T08:34:32.164+0000][72][safepoint   ] Safepoint "Cleanup", Time since last: 1000991472 ns, Reaching safepoint: 74023 ns, At safepoint: 4312 ns, Total: 78335 ns
[2023-04-06T08:34:36.857+0000][72][gc,start    ] GC(88) Pause Young (Concurrent Start) (G1 Evacuation Pause)
[2023-04-06T08:34:36.858+0000][72][gc,task     ] GC(88) Using 4 workers of 4 for evacuation
[2023-04-06T08:34:36.858+0000][72][gc,age      ] GC(88) Desired survivor size 8388608 bytes, new threshold 15 (max threshold 15)
[2023-04-06T08:34:36.862+0000][72][gc,phases   ] GC(88)   Pre Evacuate Collection Set: 0.3ms
[2023-04-06T08:34:36.863+0000][72][gc,phases   ] GC(88)   Merge Heap Roots: 0.0ms
[2023-04-06T08:34:36.863+0000][72][gc,phases   ] GC(88)   Evacuate Collection Set: 2.3ms
[2023-04-06T08:34:36.864+0000][72][gc,phases   ] GC(88)   Post Evacuate Collection Set: 0.8ms
[2023-04-06T08:34:36.864+0000][72][gc,phases   ] GC(88)   Other: 0.9ms
[2023-04-06T08:34:36.865+0000][72][gc,age      ] GC(88) Age table with threshold 15 (max threshold 15)
[2023-04-06T08:34:36.865+0000][72][gc,age      ] GC(88) - age   1:    1727192 bytes,    1727192 total
[2023-04-06T08:34:36.866+0000][72][gc,age      ] GC(88) - age   2:     121128 bytes,    1848320 total
[2023-04-06T08:34:36.867+0000][72][gc,age      ] GC(88) - age   3:      21280 bytes,    1869600 total
[2023-04-06T08:34:36.867+0000][72][gc,age      ] GC(88) - age   4:     292960 bytes,    2162560 total
[2023-04-06T08:34:36.867+0000][72][gc,age      ] GC(88) - age   5:      21224 bytes,    2183784 total
[2023-04-06T08:34:36.868+0000][72][gc,heap     ] GC(88) Eden regions: 24->0(24)
[2023-04-06T08:34:36.868+0000][72][gc,heap     ] GC(88) Survivor regions: 1->1(4)
[2023-04-06T08:34:36.869+0000][72][gc,heap     ] GC(88) Old regions: 24->24
[2023-04-06T08:34:36.869+0000][72][gc,heap     ] GC(88) Archive regions: 2->2
[2023-04-06T08:34:36.870+0000][72][gc,heap     ] GC(88) Humongous regions: 2->2
[2023-04-06T08:34:36.870+0000][72][gc,metaspace] GC(88) Metaspace: 136616K(140288K)->136616K(140288K) NonClass: 119201K(120640K)->119201K(120640K) Class: 17415K(19648K)->17415K(19648K)
[2023-04-06T08:34:36.871+0000][72][gc          ] GC(88) Pause Young (Concurrent Start) (G1 Evacuation Pause) 202M->107M(256M) 14.156ms
[2023-04-06T08:34:36.872+0000][72][gc,cpu      ] GC(88) User=0.01s Sys=0.00s Real=0.01s
[2023-04-06T08:34:36.872+0000][72][gc          ] GC(89) Concurrent Mark Cycle
[2023-04-06T08:34:36.873+0000][72][gc,marking  ] GC(89) Concurrent Clear Claimed Marks
[2023-04-06T08:34:36.872+0000][72][safepoint   ] Safepoint "G1CollectForAllocation", Time since last: 4692880097 ns, Reaching safepoint: 61899 ns, At safepoint: 15566209 ns, Total: 15628108 ns
[2023-04-06T08:34:36.874+0000][72][gc,marking  ] GC(89) Concurrent Clear Claimed Marks 0.932ms
[2023-04-06T08:34:36.875+0000][72][gc,marking  ] GC(89) Concurrent Scan Root Regions
[2023-04-06T08:34:36.883+0000][72][gc,marking  ] GC(89) Concurrent Scan Root Regions 7.665ms
[2023-04-06T08:34:36.884+0000][72][gc,marking  ] GC(89) Concurrent Mark
[2023-04-06T08:34:36.884+0000][72][gc,marking  ] GC(89) Concurrent Mark From Roots
[2023-04-06T08:34:36.885+0000][72][gc,task     ] GC(89) Using 1 workers of 1 for marking
[2023-04-06T08:34:37.026+0000][72][gc,marking  ] GC(89) Concurrent Mark From Roots 141.370ms
[2023-04-06T08:34:37.026+0000][72][gc,marking  ] GC(89) Concurrent Preclean
[2023-04-06T08:34:37.027+0000][72][gc,marking  ] GC(89) Concurrent Preclean 1.256ms
[2023-04-06T08:34:37.028+0000][72][gc,start    ] GC(89) Pause Remark
[2023-04-06T08:34:37.039+0000][72][gc          ] GC(89) Pause Remark 109M->109M(256M) 10.521ms
[2023-04-06T08:34:37.039+0000][72][gc,cpu      ] GC(89) User=0.04s Sys=0.00s Real=0.01s
[2023-04-06T08:34:37.040+0000][72][safepoint   ] Safepoint "G1PauseRemark", Time since last: 155650274 ns, Reaching safepoint: 47427 ns, At safepoint: 11981958 ns, Total: 12029385 ns
[2023-04-06T08:34:37.041+0000][72][gc,marking  ] GC(89) Concurrent Mark 157.462ms
[2023-04-06T08:34:37.042+0000][72][gc,marking  ] GC(89) Concurrent Rebuild Remembered Sets
[2023-04-06T08:34:37.123+0000][72][gc,marking  ] GC(89) Concurrent Rebuild Remembered Sets 81.618ms
[2023-04-06T08:34:37.124+0000][72][gc,start    ] GC(89) Pause Cleanup
[2023-04-06T08:34:37.125+0000][72][gc          ] GC(89) Pause Cleanup 109M->109M(256M) 0.562ms
[2023-04-06T08:34:37.125+0000][72][gc,cpu      ] GC(89) User=0.00s Sys=0.00s Real=0.00s
[2023-04-06T08:34:37.126+0000][72][safepoint   ] Safepoint "G1PauseCleanup", Time since last: 83982904 ns, Reaching safepoint: 153282 ns, At safepoint: 1699626 ns, Total: 1852908 ns
[2023-04-06T08:34:37.127+0000][72][gc,marking  ] GC(89) Concurrent Cleanup for Next Mark
[2023-04-06T08:34:37.127+0000][72][gc,marking  ] GC(89) Concurrent Cleanup for Next Mark 0.806ms
[2023-04-06T08:34:37.128+0000][72][gc          ] GC(89) Concurrent Mark Cycle 256.176ms
[2023-04-06T08:34:38.131+0000][72][safepoint   ] Safepoint "Cleanup", Time since last: 1004629304 ns, Reaching safepoint: 262156 ns, At safepoint: 7960 ns, Total: 270116 ns
[2023-04-06T08:34:40.132+0000][72][safepoint   ] Safepoint "Cleanup", Time since last: 2001228764 ns, Reaching safepoint: 99402 ns, At safepoint: 3874 ns, Total: 103276 ns
[2023-04-06T08:34:43.136+0000][72][safepoint   ] Safepoint "Cleanup", Time since last: 3003374545 ns, Reaching safepoint: 92044 ns, At safepoint: 25497 ns, Total: 117541 ns
[2023-04-06T08:34:44.140+0000][72][safepoint   ] Safepoint "Cleanup", Time since last: 1001329131 ns, Reaching safepoint: 2798917 ns, At safepoint: 66582 ns, Total: 2865499 ns
[2023-04-06T08:34:49.124+0000][72][safepoint   ] Safepoint "Cleanup", Time since last: 5004570040 ns, Reaching safepoint: 489781 ns, At safepoint: 14802 ns, Total: 504583 ns
[2023-04-06T08:34:55.128+0000][72][safepoint   ] Safepoint "Cleanup", Time since last: 6004315840 ns, Reaching safepoint: 100811 ns, At safepoint: 4054 ns, Total: 104865 ns
[2023-04-06T08:35:01.133+0000][72][safepoint   ] Safepoint "Cleanup", Time since last: 6004137721 ns, Reaching safepoint: 310127 ns, At safepoint: 4968 ns, Total: 315095 ns
[2023-04-06T08:35:03.135+0000][72][safepoint   ] Safepoint "Cleanup", Time since last: 2002622207 ns, Reaching safepoint: 133067 ns, At safepoint: 4560 ns, Total: 137627 ns
[2023-04-06T08:35:07.115+0000][72][gc,start    ] GC(90) Pause Young (Normal) (G1 Evacuation Pause)
[2023-04-06T08:35:07.116+0000][72][gc,task     ] GC(90) Using 4 workers of 4 for evacuation
[2023-04-06T08:35:07.117+0000][72][gc,age      ] GC(90) Desired survivor size 8388608 bytes, new threshold 15 (max threshold 15)
[2023-04-06T08:35:07.126+0000][72][gc,phases   ] GC(90)   Pre Evacuate Collection Set: 0.3ms
[2023-04-06T08:35:07.127+0000][72][gc,phases   ] GC(90)   Merge Heap Roots: 0.2ms
[2023-04-06T08:35:07.128+0000][72][gc,phases   ] GC(90)   Evacuate Collection Set: 6.7ms
[2023-04-06T08:35:07.128+0000][72][gc,phases   ] GC(90)   Post Evacuate Collection Set: 1.1ms
[2023-04-06T08:35:07.129+0000][72][gc,phases   ] GC(90)   Other: 2.0ms
[2023-04-06T08:35:07.130+0000][72][gc,age      ] GC(90) Age table with threshold 15 (max threshold 15)
[2023-04-06T08:35:07.130+0000][72][gc,age      ] GC(90) - age   1:     322496 bytes,     322496 total
[2023-04-06T08:35:07.131+0000][72][gc,age      ] GC(90) - age   2:     173184 bytes,     495680 total
[2023-04-06T08:35:07.131+0000][72][gc,age      ] GC(90) - age   3:       4248 bytes,     499928 total
[2023-04-06T08:35:07.132+0000][72][gc,age      ] GC(90) - age   4:      20912 bytes,     520840 total
[2023-04-06T08:35:07.133+0000][72][gc,age      ] GC(90) - age   5:     292960 bytes,     813800 total
[2023-04-06T08:35:07.134+0000][72][gc,age      ] GC(90) - age   6:       4376 bytes,     818176 total
[2023-04-06T08:35:07.135+0000][72][gc,heap     ] GC(90) Eden regions: 24->0(24)
[2023-04-06T08:35:07.135+0000][72][gc,heap     ] GC(90) Survivor regions: 1->1(4)
[2023-04-06T08:35:07.136+0000][72][gc,heap     ] GC(90) Old regions: 24->24
[2023-04-06T08:35:07.137+0000][72][gc,heap     ] GC(90) Archive regions: 2->2
[2023-04-06T08:35:07.137+0000][72][gc,heap     ] GC(90) Humongous regions: 2->2
[2023-04-06T08:35:07.138+0000][72][gc,metaspace] GC(90) Metaspace: 136645K(140352K)->136645K(140352K) NonClass: 119229K(120704K)->119229K(120704K) Class: 17415K(19648K)->17415K(19648K)
[2023-04-06T08:35:07.139+0000][72][gc          ] GC(90) Pause Young (Normal) (G1 Evacuation Pause) 203M->106M(256M) 24.385ms
[2023-04-06T08:35:07.140+0000][72][gc,cpu      ] GC(90) User=0.03s Sys=0.00s Real=0.03s
[2023-04-06T08:35:07.141+0000][72][safepoint   ] Safepoint "G1CollectForAllocation", Time since last: 3979106082 ns, Reaching safepoint: 180536 ns, At safepoint: 25946831 ns, Total: 26127367 ns
[2023-04-06T08:35:19.128+0000][72][safepoint   ] Safepoint "Cleanup", Time since last: 12007810609 ns, Reaching safepoint: 359950 ns, At safepoint: 46413 ns, Total: 406363 ns
[2023-04-06T08:35:21.130+0000][72][safepoint   ] Safepoint "Cleanup", Time since last: 2002612162 ns, Reaching safepoint: 159583 ns, At safepoint: 12862 ns, Total: 172445 ns
[2023-04-06T08:35:25.134+0000][72][safepoint   ] Safepoint "Cleanup", Time since last: 4002793379 ns, Reaching safepoint: 360219 ns, At safepoint: 11123 ns, Total: 371342 ns
[2023-04-06T08:35:26.135+0000][72][safepoint   ] Safepoint "Cleanup", Time since last: 1001289667 ns, Reaching safepoint: 57243 ns, At safepoint: 39023 ns, Total: 96266 ns
[2023-04-06T08:35:27.136+0000][72][safepoint   ] Safepoint "Cleanup", Time since last: 1001338013 ns, Reaching safepoint: 80021 ns, At safepoint: 3127 ns, Total: 83148 ns
[2023-04-06T08:35:28.138+0000][72][safepoint   ] Safepoint "Cleanup", Time since last: 1001672170 ns, Reaching safepoint: 93803 ns, At safepoint: 3968 ns, Total: 97771 ns
[2023-04-06T08:35:32.141+0000][72][safepoint   ] Safepoint "Cleanup", Time since last: 4002031006 ns, Reaching safepoint: 366351 ns, At safepoint: 42736 ns, Total: 409087 ns
[2023-04-06T08:35:33.142+0000][72][safepoint   ] Safepoint "Cleanup", Time since last: 1001461036 ns, Reaching safepoint: 124554 ns, At safepoint: 5114 ns, Total: 129668 ns
[2023-04-06T08:35:37.099+0000][72][gc,start    ] GC(91) Pause Young (Concurrent Start) (G1 Evacuation Pause)
[2023-04-06T08:35:37.100+0000][72][gc,task     ] GC(91) Using 4 workers of 4 for evacuation
[2023-04-06T08:35:37.101+0000][72][gc,age      ] GC(91) Desired survivor size 8388608 bytes, new threshold 15 (max threshold 15)
[2023-04-06T08:35:37.107+0000][72][gc,phases   ] GC(91)   Pre Evacuate Collection Set: 0.5ms
[2023-04-06T08:35:37.108+0000][72][gc,phases   ] GC(91)   Merge Heap Roots: 0.1ms
[2023-04-06T08:35:37.109+0000][72][gc,phases   ] GC(91)   Evacuate Collection Set: 4.3ms
[2023-04-06T08:35:37.110+0000][72][gc,phases   ] GC(91)   Post Evacuate Collection Set: 0.9ms
[2023-04-06T08:35:37.110+0000][72][gc,phases   ] GC(91)   Other: 1.5ms
[2023-04-06T08:35:37.111+0000][72][gc,age      ] GC(91) Age table with threshold 15 (max threshold 15)
[2023-04-06T08:35:37.112+0000][72][gc,age      ] GC(91) - age   1:    1033672 bytes,    1033672 total
[2023-04-06T08:35:37.112+0000][72][gc,age      ] GC(91) - age   2:       3136 bytes,    1036808 total
[2023-04-06T08:35:37.113+0000][72][gc,age      ] GC(91) - age   3:     170928 bytes,    1207736 total
[2023-04-06T08:35:37.113+0000][72][gc,age      ] GC(91) - age   4:       4056 bytes,    1211792 total
[2023-04-06T08:35:37.114+0000][72][gc,age      ] GC(91) - age   5:      20736 bytes,    1232528 total
[2023-04-06T08:35:37.114+0000][72][gc,age      ] GC(91) - age   6:     292664 bytes,    1525192 total
[2023-04-06T08:35:37.115+0000][72][gc,age      ] GC(91) - age   7:       4248 bytes,    1529440 total
[2023-04-06T08:35:37.116+0000][72][gc,heap     ] GC(91) Eden regions: 24->0(24)
[2023-04-06T08:35:37.117+0000][72][gc,heap     ] GC(91) Survivor regions: 1->1(4)
[2023-04-06T08:35:37.117+0000][72][gc,heap     ] GC(91) Old regions: 24->24
[2023-04-06T08:35:37.118+0000][72][gc,heap     ] GC(91) Archive regions: 2->2
[2023-04-06T08:35:37.119+0000][72][gc,heap     ] GC(91) Humongous regions: 2->2
[2023-04-06T08:35:37.119+0000][72][gc,metaspace] GC(91) Metaspace: 136647K(140352K)->136647K(140352K) NonClass: 119232K(120704K)->119232K(120704K) Class: 17415K(19648K)->17415K(19648K)
[2023-04-06T08:35:37.120+0000][72][gc          ] GC(91) Pause Young (Concurrent Start) (G1 Evacuation Pause) 202M->106M(256M) 20.824ms
[2023-04-06T08:35:37.121+0000][72][gc,cpu      ] GC(91) User=0.01s Sys=0.00s Real=0.02s
[2023-04-06T08:35:37.121+0000][72][gc          ] GC(92) Concurrent Mark Cycle
[2023-04-06T08:35:37.122+0000][72][gc,marking  ] GC(92) Concurrent Clear Claimed Marks
[2023-04-06T08:35:37.122+0000][72][safepoint   ] Safepoint "G1CollectForAllocation", Time since last: 3956994931 ns, Reaching safepoint: 63242 ns, At safepoint: 22407353 ns, Total: 22470595 ns
[2023-04-06T08:35:37.123+0000][72][gc,marking  ] GC(92) Concurrent Clear Claimed Marks 1.032ms
[2023-04-06T08:35:37.125+0000][72][gc,marking  ] GC(92) Concurrent Scan Root Regions
[2023-04-06T08:35:37.137+0000][72][gc,marking  ] GC(92) Concurrent Scan Root Regions 12.285ms
[2023-04-06T08:35:37.138+0000][72][gc,marking  ] GC(92) Concurrent Mark
[2023-04-06T08:35:37.139+0000][72][gc,marking  ] GC(92) Concurrent Mark From Roots
[2023-04-06T08:35:37.140+0000][72][gc,task     ] GC(92) Using 1 workers of 1 for marking
[2023-04-06T08:35:37.372+0000][72][gc,marking  ] GC(92) Concurrent Mark From Roots 232.664ms
[2023-04-06T08:35:37.373+0000][72][gc,marking  ] GC(92) Concurrent Preclean
[2023-04-06T08:35:37.373+0000][72][gc,marking  ] GC(92) Concurrent Preclean 0.815ms
[2023-04-06T08:35:37.374+0000][72][gc,start    ] GC(92) Pause Remark
[2023-04-06T08:35:37.398+0000][72][gc          ] GC(92) Pause Remark 109M->109M(256M) 23.187ms
[2023-04-06T08:35:37.399+0000][72][gc,cpu      ] GC(92) User=0.08s Sys=0.00s Real=0.02s
[2023-04-06T08:35:37.400+0000][72][safepoint   ] Safepoint "G1PauseRemark", Time since last: 252625105 ns, Reaching safepoint: 123682 ns, At safepoint: 25326368 ns, Total: 25450050 ns
[2023-04-06T08:35:37.401+0000][72][gc,marking  ] GC(92) Concurrent Mark 262.654ms
[2023-04-06T08:35:37.402+0000][72][gc,marking  ] GC(92) Concurrent Rebuild Remembered Sets
[2023-04-06T08:35:37.452+0000][72][gc,marking  ] GC(92) Concurrent Rebuild Remembered Sets 50.535ms
[2023-04-06T08:35:37.454+0000][72][gc,start    ] GC(92) Pause Cleanup
[2023-04-06T08:35:37.454+0000][72][gc          ] GC(92) Pause Cleanup 109M->109M(256M) 0.867ms
[2023-04-06T08:35:37.455+0000][72][gc,cpu      ] GC(92) User=0.00s Sys=0.00s Real=0.01s
[2023-04-06T08:35:37.456+0000][72][safepoint   ] Safepoint "G1PauseCleanup", Time since last: 53654212 ns, Reaching safepoint: 91220 ns, At safepoint: 2248572 ns, Total: 2339792 ns
[2023-04-06T08:35:37.457+0000][72][gc,marking  ] GC(92) Concurrent Cleanup for Next Mark
[2023-04-06T08:35:37.458+0000][72][gc,marking  ] GC(92) Concurrent Cleanup for Next Mark 1.176ms
[2023-04-06T08:35:37.459+0000][72][gc          ] GC(92) Concurrent Mark Cycle 337.479ms
[2023-04-06T08:35:39.459+0000][72][safepoint   ] Safepoint "Cleanup", Time since last: 2003052593 ns, Reaching safepoint: 193003 ns, At safepoint: 4162 ns, Total: 197165 ns
[2023-04-06T08:35:43.462+0000][72][safepoint   ] Safepoint "Cleanup", Time since last: 4003354401 ns, Reaching safepoint: 106602 ns, At safepoint: 3993 ns, Total: 110595 ns
[2023-04-06T08:35:44.464+0000][72][safepoint   ] Safepoint "Cleanup", Time since last: 1001251896 ns, Reaching safepoint: 81772 ns, At safepoint: 8416 ns, Total: 90188 ns
[2023-04-06T08:35:59.449+0000][72][safepoint   ] Safepoint "Cleanup", Time since last: 15006437229 ns, Reaching safepoint: 203606 ns, At safepoint: 7159 ns, Total: 210765 ns
[2023-04-06T08:36:01.452+0000][72][safepoint   ] Safepoint "Cleanup", Time since last: 2002418280 ns, Reaching safepoint: 256206 ns, At safepoint: 31993 ns, Total: 288199 ns
[2023-04-06T08:36:04.455+0000][72][safepoint   ] Safepoint "Cleanup", Time since last: 3002845263 ns, Reaching safepoint: 154403 ns, At safepoint: 6338 ns, Total: 160741 ns
[2023-04-06T08:36:05.456+0000][72][safepoint   ] Safepoint "Cleanup", Time since last: 1001506587 ns, Reaching safepoint: 100394 ns, At safepoint: 3740 ns, Total: 104134 ns
[2023-04-06T08:36:07.458+0000][72][safepoint   ] Safepoint "Cleanup", Time since last: 2001482184 ns, Reaching safepoint: 187894 ns, At safepoint: 3515 ns, Total: 191409 ns
[2023-04-06T08:36:08.460+0000][72][safepoint   ] Safepoint "Cleanup", Time since last: 1001635883 ns, Reaching safepoint: 117845 ns, At safepoint: 4252 ns, Total: 122097 ns
[2023-04-06T08:36:09.461+0000][72][safepoint   ] Safepoint "Cleanup", Time since last: 1001501480 ns, Reaching safepoint: 88020 ns, At safepoint: 3834 ns, Total: 91854 ns
[2023-04-06T08:36:10.463+0000][72][safepoint   ] Safepoint "Cleanup", Time since last: 1001405233 ns, Reaching safepoint: 86165 ns, At safepoint: 4305 ns, Total: 90470 ns
[2023-04-06T08:36:10.811+0000][72][gc,start    ] GC(93) Pause Young (Normal) (G1 Evacuation Pause)
[2023-04-06T08:36:10.812+0000][72][gc,task     ] GC(93) Using 4 workers of 4 for evacuation
[2023-04-06T08:36:10.813+0000][72][gc,age      ] GC(93) Desired survivor size 8388608 bytes, new threshold 15 (max threshold 15)
[2023-04-06T08:36:10.817+0000][72][gc,phases   ] GC(93)   Pre Evacuate Collection Set: 0.1ms
[2023-04-06T08:36:10.818+0000][72][gc,phases   ] GC(93)   Merge Heap Roots: 0.1ms
[2023-04-06T08:36:10.819+0000][72][gc,phases   ] GC(93)   Evacuate Collection Set: 2.4ms
[2023-04-06T08:36:10.819+0000][72][gc,phases   ] GC(93)   Post Evacuate Collection Set: 1.0ms
[2023-04-06T08:36:10.820+0000][72][gc,phases   ] GC(93)   Other: 1.4ms
[2023-04-06T08:36:10.821+0000][72][gc,age      ] GC(93) Age table with threshold 15 (max threshold 15)
[2023-04-06T08:36:10.821+0000][72][gc,age      ] GC(93) - age   1:    1267288 bytes,    1267288 total
[2023-04-06T08:36:10.822+0000][72][gc,age      ] GC(93) - age   2:     173520 bytes,    1440808 total
[2023-04-06T08:36:10.822+0000][72][gc,age      ] GC(93) - age   3:       2536 bytes,    1443344 total
[2023-04-06T08:36:10.823+0000][72][gc,age      ] GC(93) - age   4:      21392 bytes,    1464736 total
[2023-04-06T08:36:10.824+0000][72][gc,age      ] GC(93) - age   5:       3928 bytes,    1468664 total
[2023-04-06T08:36:10.824+0000][72][gc,age      ] GC(93) - age   6:      20736 bytes,    1489400 total
[2023-04-06T08:36:10.825+0000][72][gc,age      ] GC(93) - age   7:     292664 bytes,    1782064 total
[2023-04-06T08:36:10.825+0000][72][gc,age      ] GC(93) - age   8:       4248 bytes,    1786312 total
[2023-04-06T08:36:10.826+0000][72][gc,heap     ] GC(93) Eden regions: 24->0(24)
[2023-04-06T08:36:10.827+0000][72][gc,heap     ] GC(93) Survivor regions: 1->1(4)
[2023-04-06T08:36:10.827+0000][72][gc,heap     ] GC(93) Old regions: 24->24
[2023-04-06T08:36:10.828+0000][72][gc,heap     ] GC(93) Archive regions: 2->2
[2023-04-06T08:36:10.828+0000][72][gc,heap     ] GC(93) Humongous regions: 2->2
[2023-04-06T08:36:10.829+0000][72][gc,metaspace] GC(93) Metaspace: 136663K(140352K)->136663K(140352K) NonClass: 119248K(120704K)->119248K(120704K) Class: 17415K(19648K)->17415K(19648K)
[2023-04-06T08:36:10.830+0000][72][gc          ] GC(93) Pause Young (Normal) (G1 Evacuation Pause) 202M->107M(256M) 19.038ms
[2023-04-06T08:36:10.831+0000][72][gc,cpu      ] GC(93) User=0.01s Sys=0.00s Real=0.02s
[2023-04-06T08:36:10.831+0000][72][safepoint   ] Safepoint "G1CollectForAllocation", Time since last: 347682115 ns, Reaching safepoint: 212893 ns, At safepoint: 20471934 ns, Total: 20684827 ns
[2023-04-06T08:36:12.834+0000][72][safepoint   ] Safepoint "Cleanup", Time since last: 2002488161 ns, Reaching safepoint: 376672 ns, At safepoint: 59794 ns, Total: 436466 ns
[2023-04-06T08:36:13.837+0000][72][safepoint   ] Safepoint "Cleanup", Time since last: 1002009899 ns, Reaching safepoint: 321760 ns, At safepoint: 38063 ns, Total: 359823 ns
[2023-04-06T08:36:15.838+0000][72][safepoint   ] Safepoint "Cleanup", Time since last: 2001284325 ns, Reaching safepoint: 120835 ns, At safepoint: 5791 ns, Total: 126626 ns
[2023-04-06T08:36:22.820+0000][72][safepoint   ] Safepoint "Cleanup", Time since last: 7002838159 ns, Reaching safepoint: 97836 ns, At safepoint: 3366 ns, Total: 101202 ns
[2023-04-06T08:36:24.822+0000][72][safepoint   ] Safepoint "Cleanup", Time since last: 2001616138 ns, Reaching safepoint: 134347 ns, At safepoint: 4685 ns, Total: 139032 ns
[2023-04-06T08:36:30.825+0000][72][safepoint   ] Safepoint "Cleanup", Time since last: 6003136088 ns, Reaching safepoint: 270843 ns, At safepoint: 12642 ns, Total: 283485 ns
[2023-04-06T08:36:36.828+0000][72][safepoint   ] Safepoint "Cleanup", Time since last: 6002609307 ns, Reaching safepoint: 126012 ns, At safepoint: 32561 ns, Total: 158573 ns
[2023-04-06T08:36:37.829+0000][72][safepoint   ] Safepoint "Cleanup", Time since last: 1001014355 ns, Reaching safepoint: 134491 ns, At safepoint: 5255 ns, Total: 139746 ns
[2023-04-06T08:36:38.831+0000][72][safepoint   ] Safepoint "Cleanup", Time since last: 1001698841 ns, Reaching safepoint: 175359 ns, At safepoint: 4878 ns, Total: 180237 ns
[2023-04-06T08:36:39.769+0000][72][gc,start    ] GC(94) Pause Young (Concurrent Start) (G1 Evacuation Pause)
[2023-04-06T08:36:39.770+0000][72][gc,task     ] GC(94) Using 4 workers of 4 for evacuation
[2023-04-06T08:36:39.771+0000][72][gc,age      ] GC(94) Desired survivor size 8388608 bytes, new threshold 15 (max threshold 15)
[2023-04-06T08:36:39.776+0000][72][gc,phases   ] GC(94)   Pre Evacuate Collection Set: 0.5ms
[2023-04-06T08:36:39.776+0000][72][gc,phases   ] GC(94)   Merge Heap Roots: 0.1ms
[2023-04-06T08:36:39.777+0000][72][gc,phases   ] GC(94)   Evacuate Collection Set: 1.6ms
[2023-04-06T08:36:39.778+0000][72][gc,phases   ] GC(94)   Post Evacuate Collection Set: 1.1ms
[2023-04-06T08:36:39.778+0000][72][gc,phases   ] GC(94)   Other: 1.8ms
[2023-04-06T08:36:39.779+0000][72][gc,age      ] GC(94) Age table with threshold 15 (max threshold 15)
[2023-04-06T08:36:39.779+0000][72][gc,age      ] GC(94) - age   1:     372928 bytes,     372928 total
[2023-04-06T08:36:39.780+0000][72][gc,age      ] GC(94) - age   2:       4320 bytes,     377248 total
[2023-04-06T08:36:39.781+0000][72][gc,age      ] GC(94) - age   3:       1736 bytes,     378984 total
[2023-04-06T08:36:39.782+0000][72][gc,age      ] GC(94) - age   4:       2176 bytes,     381160 total
[2023-04-06T08:36:39.783+0000][72][gc,age      ] GC(94) - age   5:      13184 bytes,     394344 total
[2023-04-06T08:36:39.783+0000][72][gc,age      ] GC(94) - age   6:       3928 bytes,     398272 total
[2023-04-06T08:36:39.784+0000][72][gc,age      ] GC(94) - age   7:      20704 bytes,     418976 total
[2023-04-06T08:36:39.785+0000][72][gc,age      ] GC(94) - age   8:     292664 bytes,     711640 total
[2023-04-06T08:36:39.785+0000][72][gc,age      ] GC(94) - age   9:       4248 bytes,     715888 total
[2023-04-06T08:36:39.786+0000][72][gc,heap     ] GC(94) Eden regions: 24->0(24)
[2023-04-06T08:36:39.787+0000][72][gc,heap     ] GC(94) Survivor regions: 1->1(4)
[2023-04-06T08:36:39.787+0000][72][gc,heap     ] GC(94) Old regions: 24->24
[2023-04-06T08:36:39.788+0000][72][gc,heap     ] GC(94) Archive regions: 2->2
[2023-04-06T08:36:39.789+0000][72][gc,heap     ] GC(94) Humongous regions: 2->2
[2023-04-06T08:36:39.790+0000][72][gc,metaspace] GC(94) Metaspace: 136691K(140352K)->136691K(140352K) NonClass: 119276K(120704K)->119276K(120704K) Class: 17415K(19648K)->17415K(19648K)
[2023-04-06T08:36:39.790+0000][72][gc          ] GC(94) Pause Young (Concurrent Start) (G1 Evacuation Pause) 203M->106M(256M) 20.994ms
[2023-04-06T08:36:39.791+0000][72][gc          ] GC(95) Concurrent Mark Cycle
[2023-04-06T08:36:39.792+0000][72][gc,marking  ] GC(95) Concurrent Clear Claimed Marks
[2023-04-06T08:36:39.793+0000][72][gc,marking  ] GC(95) Concurrent Clear Claimed Marks 1.004ms
[2023-04-06T08:36:39.795+0000][72][gc,marking  ] GC(95) Concurrent Scan Root Regions
[2023-04-06T08:36:39.791+0000][72][gc,cpu      ] GC(94) User=0.01s Sys=0.00s Real=0.02s
[2023-04-06T08:36:39.797+0000][72][gc,marking  ] GC(95) Concurrent Scan Root Regions 2.920ms
[2023-04-06T08:36:39.799+0000][72][gc,marking  ] GC(95) Concurrent Mark
[2023-04-06T08:36:39.800+0000][72][gc,marking  ] GC(95) Concurrent Mark From Roots
[2023-04-06T08:36:39.800+0000][72][gc,task     ] GC(95) Using 1 workers of 1 for marking
[2023-04-06T08:36:39.798+0000][72][safepoint   ] Safepoint "G1CollectForAllocation", Time since last: 938291700 ns, Reaching safepoint: 72096 ns, At safepoint: 28508445 ns, Total: 28580541 ns
[2023-04-06T08:36:39.913+0000][72][gc,marking  ] GC(95) Concurrent Mark From Roots 113.717ms
[2023-04-06T08:36:39.915+0000][72][gc,marking  ] GC(95) Concurrent Preclean
[2023-04-06T08:36:39.916+0000][72][gc,marking  ] GC(95) Concurrent Preclean 1.241ms
[2023-04-06T08:36:39.917+0000][72][gc,start    ] GC(95) Pause Remark
[2023-04-06T08:36:39.931+0000][72][gc          ] GC(95) Pause Remark 106M->106M(256M) 14.131ms
[2023-04-06T08:36:39.932+0000][72][gc,cpu      ] GC(95) User=0.03s Sys=0.00s Real=0.02s
[2023-04-06T08:36:39.933+0000][72][safepoint   ] Safepoint "G1PauseRemark", Time since last: 119026701 ns, Reaching safepoint: 127504 ns, At safepoint: 15970143 ns, Total: 16097647 ns
[2023-04-06T08:36:39.934+0000][72][gc,marking  ] GC(95) Concurrent Mark 134.860ms
[2023-04-06T08:36:39.934+0000][72][gc,marking  ] GC(95) Concurrent Rebuild Remembered Sets
[2023-04-06T08:36:39.992+0000][72][gc,marking  ] GC(95) Concurrent Rebuild Remembered Sets 57.385ms
[2023-04-06T08:36:39.993+0000][72][gc,start    ] GC(95) Pause Cleanup
[2023-04-06T08:36:39.994+0000][72][gc          ] GC(95) Pause Cleanup 106M->106M(256M) 0.908ms
[2023-04-06T08:36:39.995+0000][72][gc,cpu      ] GC(95) User=0.00s Sys=0.00s Real=0.00s
[2023-04-06T08:36:39.995+0000][72][safepoint   ] Safepoint "G1PauseCleanup", Time since last: 59721348 ns, Reaching safepoint: 132366 ns, At safepoint: 2393720 ns, Total: 2526086 ns
[2023-04-06T08:36:39.996+0000][72][gc,marking  ] GC(95) Concurrent Cleanup for Next Mark
[2023-04-06T08:36:39.997+0000][72][gc,marking  ] GC(95) Concurrent Cleanup for Next Mark 1.334ms
[2023-04-06T08:36:39.998+0000][72][gc          ] GC(95) Concurrent Mark Cycle 207.147ms
[2023-04-06T08:36:42.998+0000][72][safepoint   ] Safepoint "Cleanup", Time since last: 3002016579 ns, Reaching safepoint: 165992 ns, At safepoint: 6102 ns, Total: 172094 ns
[2023-04-06T08:36:49.980+0000][72][safepoint   ] Safepoint "Cleanup", Time since last: 7003542075 ns, Reaching safepoint: 126140 ns, At safepoint: 5755 ns, Total: 131895 ns
[2023-04-06T08:36:54.984+0000][72][safepoint   ] Safepoint "Cleanup", Time since last: 5003504224 ns, Reaching safepoint: 174770 ns, At safepoint: 17078 ns, Total: 191848 ns
[2023-04-06T08:37:00.987+0000][72][safepoint   ] Safepoint "Cleanup", Time since last: 6003296433 ns, Reaching safepoint: 88657 ns, At safepoint: 4077 ns, Total: 92734 ns
[2023-04-06T08:37:01.989+0000][72][safepoint   ] Safepoint "Cleanup", Time since last: 1001578363 ns, Reaching safepoint: 116617 ns, At safepoint: 9634 ns, Total: 126251 ns
[2023-04-06T08:37:07.992+0000][72][safepoint   ] Safepoint "Cleanup", Time since last: 6003088720 ns, Reaching safepoint: 101510 ns, At safepoint: 3560 ns, Total: 105070 ns
[2023-04-06T08:37:13.998+0000][72][safepoint   ] Safepoint "Cleanup", Time since last: 6005409109 ns, Reaching safepoint: 220985 ns, At safepoint: 6847 ns, Total: 227832 ns
[2023-04-06T08:37:15.750+0000][72][gc,start    ] GC(96) Pause Young (Normal) (G1 Evacuation Pause)
[2023-04-06T08:37:15.751+0000][72][gc,task     ] GC(96) Using 4 workers of 4 for evacuation
[2023-04-06T08:37:15.752+0000][72][gc,age      ] GC(96) Desired survivor size 8388608 bytes, new threshold 15 (max threshold 15)
[2023-04-06T08:37:15.755+0000][72][gc,phases   ] GC(96)   Pre Evacuate Collection Set: 0.2ms
[2023-04-06T08:37:15.756+0000][72][gc,phases   ] GC(96)   Merge Heap Roots: 0.1ms
[2023-04-06T08:37:15.758+0000][72][gc,phases   ] GC(96)   Evacuate Collection Set: 1.8ms
[2023-04-06T08:37:15.759+0000][72][gc,phases   ] GC(96)   Post Evacuate Collection Set: 0.9ms
[2023-04-06T08:37:15.760+0000][72][gc,phases   ] GC(96)   Other: 1.4ms
[2023-04-06T08:37:15.760+0000][72][gc,age      ] GC(96) Age table with threshold 15 (max threshold 15)
[2023-04-06T08:37:15.761+0000][72][gc,age      ] GC(96) - age   1:     692968 bytes,     692968 total
[2023-04-06T08:37:15.762+0000][72][gc,age      ] GC(96) - age   2:     116960 bytes,     809928 total
[2023-04-06T08:37:15.763+0000][72][gc,age      ] GC(96) - age   3:       3032 bytes,     812960 total
[2023-04-06T08:37:15.764+0000][72][gc,age      ] GC(96) - age   4:       1312 bytes,     814272 total
[2023-04-06T08:37:15.765+0000][72][gc,age      ] GC(96) - age   5:       2112 bytes,     816384 total
[2023-04-06T08:37:15.765+0000][72][gc,age      ] GC(96) - age   6:      13120 bytes,     829504 total
[2023-04-06T08:37:15.766+0000][72][gc,age      ] GC(96) - age   7:       3928 bytes,     833432 total
[2023-04-06T08:37:15.767+0000][72][gc,age      ] GC(96) - age   8:      20704 bytes,     854136 total
[2023-04-06T08:37:15.768+0000][72][gc,age      ] GC(96) - age   9:     292664 bytes,    1146800 total
[2023-04-06T08:37:15.768+0000][72][gc,age      ] GC(96) - age  10:       4248 bytes,    1151048 total
[2023-04-06T08:37:15.769+0000][72][gc,heap     ] GC(96) Eden regions: 24->0(24)
[2023-04-06T08:37:15.770+0000][72][gc,heap     ] GC(96) Survivor regions: 1->1(4)
[2023-04-06T08:37:15.771+0000][72][gc,heap     ] GC(96) Old regions: 24->24
[2023-04-06T08:37:15.772+0000][72][gc,heap     ] GC(96) Archive regions: 2->2
[2023-04-06T08:37:15.773+0000][72][gc,heap     ] GC(96) Humongous regions: 2->2
[2023-04-06T08:37:15.773+0000][72][gc,metaspace] GC(96) Metaspace: 136720K(140416K)->136720K(140416K) NonClass: 119305K(120768K)->119305K(120768K) Class: 17415K(19648K)->17415K(19648K)
[2023-04-06T08:37:15.774+0000][72][gc          ] GC(96) Pause Young (Normal) (G1 Evacuation Pause) 202M->106M(256M) 24.417ms
[2023-04-06T08:37:15.775+0000][72][gc,cpu      ] GC(96) User=0.00s Sys=0.00s Real=0.03s
[2023-04-06T08:37:15.776+0000][72][safepoint   ] Safepoint "G1CollectForAllocation", Time since last: 1752028339 ns, Reaching safepoint: 89783 ns, At safepoint: 25965812 ns, Total: 26055595 ns
[2023-04-06T08:37:16.777+0000][72][safepoint   ] Safepoint "Cleanup", Time since last: 1001304155 ns, Reaching safepoint: 131839 ns, At safepoint: 10554 ns, Total: 142393 ns
[2023-04-06T08:37:24.760+0000][72][safepoint   ] Safepoint "Cleanup", Time since last: 8003493022 ns, Reaching safepoint: 93742 ns, At safepoint: 33757 ns, Total: 127499 ns
[2023-04-06T08:37:25.761+0000][72][safepoint   ] Safepoint "Cleanup", Time since last: 1000886096 ns, Reaching safepoint: 68599 ns, At safepoint: 4785 ns, Total: 73384 ns
[2023-04-06T08:37:29.765+0000][72][safepoint   ] Safepoint "Cleanup", Time since last: 4004477850 ns, Reaching safepoint: 128860 ns, At safepoint: 5443 ns, Total: 134303 ns
[2023-04-06T08:37:30.767+0000][72][safepoint   ] Safepoint "Cleanup", Time since last: 1001680386 ns, Reaching safepoint: 98188 ns, At safepoint: 5120 ns, Total: 103308 ns
[2023-04-06T08:37:31.768+0000][72][safepoint   ] Safepoint "Cleanup", Time since last: 1001133544 ns, Reaching safepoint: 103165 ns, At safepoint: 6974 ns, Total: 110139 ns
[2023-04-06T08:37:33.770+0000][72][safepoint   ] Safepoint "Cleanup", Time since last: 2001465002 ns, Reaching safepoint: 225755 ns, At safepoint: 7462 ns, Total: 233217 ns
[2023-04-06T08:37:34.772+0000][72][safepoint   ] Safepoint "Cleanup", Time since last: 1001279743 ns, Reaching safepoint: 204724 ns, At safepoint: 9064 ns, Total: 213788 ns
[2023-04-06T08:37:35.773+0000][72][safepoint   ] Safepoint "Cleanup", Time since last: 1001260090 ns, Reaching safepoint: 125669 ns, At safepoint: 3314 ns, Total: 128983 ns
[2023-04-06T08:37:36.774+0000][72][safepoint   ] Safepoint "Cleanup", Time since last: 1001047118 ns, Reaching safepoint: 135403 ns, At safepoint: 6669 ns, Total: 142072 ns
[2023-04-06T08:37:37.776+0000][72][safepoint   ] Safepoint "Cleanup", Time since last: 1001640219 ns, Reaching safepoint: 132448 ns, At safepoint: 4259 ns, Total: 136707 ns
[2023-04-06T08:37:39.778+0000][72][safepoint   ] Safepoint "Cleanup", Time since last: 2001647492 ns, Reaching safepoint: 303292 ns, At safepoint: 34670 ns, Total: 337962 ns
[2023-04-06T08:37:40.779+0000][72][safepoint   ] Safepoint "Cleanup", Time since last: 1001046669 ns, Reaching safepoint: 210327 ns, At safepoint: 3669 ns, Total: 213996 ns
[2023-04-06T08:37:45.739+0000][72][gc,start    ] GC(97) Pause Young (Concurrent Start) (G1 Evacuation Pause)
[2023-04-06T08:37:45.740+0000][72][gc,task     ] GC(97) Using 4 workers of 4 for evacuation
[2023-04-06T08:37:45.741+0000][72][gc,age      ] GC(97) Desired survivor size 8388608 bytes, new threshold 15 (max threshold 15)
[2023-04-06T08:37:45.746+0000][72][gc,phases   ] GC(97)   Pre Evacuate Collection Set: 0.7ms
[2023-04-06T08:37:45.747+0000][72][gc,phases   ] GC(97)   Merge Heap Roots: 0.2ms
[2023-04-06T08:37:45.748+0000][72][gc,phases   ] GC(97)   Evacuate Collection Set: 2.5ms
[2023-04-06T08:37:45.748+0000][72][gc,phases   ] GC(97)   Post Evacuate Collection Set: 1.2ms
[2023-04-06T08:37:45.749+0000][72][gc,phases   ] GC(97)   Other: 1.5ms
[2023-04-06T08:37:45.749+0000][72][gc,age      ] GC(97) Age table with threshold 15 (max threshold 15)
[2023-04-06T08:37:45.750+0000][72][gc,age      ] GC(97) - age   1:    1206128 bytes,    1206128 total
[2023-04-06T08:37:45.751+0000][72][gc,age      ] GC(97) - age   2:     132088 bytes,    1338216 total
[2023-04-06T08:37:45.751+0000][72][gc,age      ] GC(97) - age   3:        792 bytes,    1339008 total
[2023-04-06T08:37:45.752+0000][72][gc,age      ] GC(97) - age   4:       2776 bytes,    1341784 total
[2023-04-06T08:37:45.752+0000][72][gc,age      ] GC(97) - age   5:        944 bytes,    1342728 total
[2023-04-06T08:37:45.753+0000][72][gc,age      ] GC(97) - age   6:       2112 bytes,    1344840 total
[2023-04-06T08:37:45.753+0000][72][gc,age      ] GC(97) - age   7:      13120 bytes,    1357960 total
[2023-04-06T08:37:45.754+0000][72][gc,age      ] GC(97) - age   8:       3928 bytes,    1361888 total
[2023-04-06T08:37:45.755+0000][72][gc,age      ] GC(97) - age   9:      20704 bytes,    1382592 total
[2023-04-06T08:37:45.755+0000][72][gc,age      ] GC(97) - age  10:     292664 bytes,    1675256 total
[2023-04-06T08:37:45.756+0000][72][gc,age      ] GC(97) - age  11:       4248 bytes,    1679504 total
[2023-04-06T08:37:45.756+0000][72][gc,heap     ] GC(97) Eden regions: 24->0(24)
[2023-04-06T08:37:45.757+0000][72][gc,heap     ] GC(97) Survivor regions: 1->1(4)
[2023-04-06T08:37:45.757+0000][72][gc,heap     ] GC(97) Old regions: 24->24
[2023-04-06T08:37:45.758+0000][72][gc,heap     ] GC(97) Archive regions: 2->2
[2023-04-06T08:37:45.758+0000][72][gc,heap     ] GC(97) Humongous regions: 2->2
[2023-04-06T08:37:45.759+0000][72][gc,metaspace] GC(97) Metaspace: 136731K(140416K)->136731K(140416K) NonClass: 119316K(120768K)->119316K(120768K) Class: 17415K(19648K)->17415K(19648K)
[2023-04-06T08:37:45.759+0000][72][gc          ] GC(97) Pause Young (Concurrent Start) (G1 Evacuation Pause) 202M->107M(256M) 20.082ms
[2023-04-06T08:37:45.760+0000][72][gc          ] GC(98) Concurrent Mark Cycle
[2023-04-06T08:37:45.760+0000][72][gc,marking  ] GC(98) Concurrent Clear Claimed Marks
[2023-04-06T08:37:45.761+0000][72][gc,marking  ] GC(98) Concurrent Clear Claimed Marks 0.882ms
[2023-04-06T08:37:45.762+0000][72][gc,marking  ] GC(98) Concurrent Scan Root Regions
[2023-04-06T08:37:45.760+0000][72][gc,cpu      ] GC(97) User=0.01s Sys=0.00s Real=0.03s
[2023-04-06T08:37:45.763+0000][72][safepoint   ] Safepoint "G1CollectForAllocation", Time since last: 4959799056 ns, Reaching safepoint: 90775 ns, At safepoint: 24247190 ns, Total: 24337965 ns
[2023-04-06T08:37:45.765+0000][72][gc,marking  ] GC(98) Concurrent Scan Root Regions 3.321ms
[2023-04-06T08:37:45.768+0000][72][gc,marking  ] GC(98) Concurrent Mark
[2023-04-06T08:37:45.769+0000][72][gc,marking  ] GC(98) Concurrent Mark From Roots
[2023-04-06T08:37:45.770+0000][72][gc,task     ] GC(98) Using 1 workers of 1 for marking
[2023-04-06T08:37:45.877+0000][72][gc,marking  ] GC(98) Concurrent Mark From Roots 107.423ms
[2023-04-06T08:37:45.878+0000][72][gc,marking  ] GC(98) Concurrent Preclean
[2023-04-06T08:37:45.879+0000][72][gc,marking  ] GC(98) Concurrent Preclean 1.041ms
[2023-04-06T08:37:45.879+0000][72][gc,start    ] GC(98) Pause Remark
[2023-04-06T08:37:45.893+0000][72][gc          ] GC(98) Pause Remark 107M->107M(256M) 13.660ms
[2023-04-06T08:37:45.894+0000][72][gc,cpu      ] GC(98) User=0.03s Sys=0.00s Real=0.02s
[2023-04-06T08:37:45.895+0000][72][safepoint   ] Safepoint "G1PauseRemark", Time since last: 115855072 ns, Reaching safepoint: 147860 ns, At safepoint: 15443865 ns, Total: 15591725 ns
[2023-04-06T08:37:45.895+0000][72][gc,marking  ] GC(98) Concurrent Mark 127.207ms
[2023-04-06T08:37:45.896+0000][72][gc,marking  ] GC(98) Concurrent Rebuild Remembered Sets
[2023-04-06T08:37:45.948+0000][72][gc,marking  ] GC(98) Concurrent Rebuild Remembered Sets 51.906ms
[2023-04-06T08:37:45.949+0000][72][gc,start    ] GC(98) Pause Cleanup
[2023-04-06T08:37:45.950+0000][72][gc          ] GC(98) Pause Cleanup 107M->107M(256M) 0.727ms
[2023-04-06T08:37:45.951+0000][72][gc,cpu      ] GC(98) User=0.00s Sys=0.00s Real=0.01s
[2023-04-06T08:37:45.951+0000][72][safepoint   ] Safepoint "G1PauseCleanup", Time since last: 54288436 ns, Reaching safepoint: 187857 ns, At safepoint: 1934371 ns, Total: 2122228 ns
[2023-04-06T08:37:45.952+0000][72][gc,marking  ] GC(98) Concurrent Cleanup for Next Mark
[2023-04-06T08:37:45.953+0000][72][gc,marking  ] GC(98) Concurrent Cleanup for Next Mark 1.014ms
[2023-04-06T08:37:45.954+0000][72][gc          ] GC(98) Concurrent Mark Cycle 193.999ms
[2023-04-06T08:37:50.935+0000][72][safepoint   ] Safepoint "Cleanup", Time since last: 5004441252 ns, Reaching safepoint: 276378 ns, At safepoint: 14182 ns, Total: 290560 ns
[2023-04-06T08:37:54.937+0000][72][safepoint   ] Safepoint "Cleanup", Time since last: 4002240745 ns, Reaching safepoint: 117530 ns, At safepoint: 4047 ns, Total: 121577 ns
[2023-04-06T08:37:55.938+0000][72][safepoint   ] Safepoint "Cleanup", Time since last: 1001124111 ns, Reaching safepoint: 112233 ns, At safepoint: 4924 ns, Total: 117157 ns
[2023-04-06T08:37:56.941+0000][72][safepoint   ] Safepoint "Cleanup", Time since last: 1002112858 ns, Reaching safepoint: 142470 ns, At safepoint: 5129 ns, Total: 147599 ns
[2023-04-06T08:37:57.942+0000][72][safepoint   ] Safepoint "Cleanup", Time since last: 1001344801 ns, Reaching safepoint: 134959 ns, At safepoint: 4386 ns, Total: 139345 ns
[2023-04-06T08:38:01.945+0000][72][safepoint   ] Safepoint "Cleanup", Time since last: 4002430534 ns, Reaching safepoint: 128785 ns, At safepoint: 4556 ns, Total: 133341 ns
[2023-04-06T08:38:02.946+0000][72][safepoint   ] Safepoint "Cleanup", Time since last: 1001536961 ns, Reaching safepoint: 177761 ns, At safepoint: 5412 ns, Total: 183173 ns
[2023-04-06T08:38:03.948+0000][72][safepoint   ] Safepoint "Cleanup", Time since last: 1001302602 ns, Reaching safepoint: 101179 ns, At safepoint: 3619 ns, Total: 104798 ns
[2023-04-06T08:38:05.950+0000][72][safepoint   ] Safepoint "Cleanup", Time since last: 2002193164 ns, Reaching safepoint: 119286 ns, At safepoint: 10331 ns, Total: 129617 ns
[2023-04-06T08:38:06.951+0000][72][safepoint   ] Safepoint "Cleanup", Time since last: 1001275067 ns, Reaching safepoint: 126186 ns, At safepoint: 10456 ns, Total: 136642 ns
[2023-04-06T08:38:07.952+0000][72][safepoint   ] Safepoint "Cleanup", Time since last: 1000794874 ns, Reaching safepoint: 138121 ns, At safepoint: 6145 ns, Total: 144266 ns
[2023-04-06T08:38:09.954+0000][72][safepoint   ] Safepoint "Cleanup", Time since last: 2001531500 ns, Reaching safepoint: 123786 ns, At safepoint: 3910 ns, Total: 127696 ns
[2023-04-06T08:38:12.958+0000][72][safepoint   ] Safepoint "Cleanup", Time since last: 3003824143 ns, Reaching safepoint: 118875 ns, At safepoint: 3635 ns, Total: 122510 ns
[2023-04-06T08:38:14.456+0000][72][gc,start    ] GC(99) Pause Young (Normal) (G1 Evacuation Pause)
[2023-04-06T08:38:14.458+0000][72][gc,task     ] GC(99) Using 4 workers of 4 for evacuation
[2023-04-06T08:38:14.459+0000][72][gc,age      ] GC(99) Desired survivor size 8388608 bytes, new threshold 15 (max threshold 15)
[2023-04-06T08:38:14.465+0000][72][gc,phases   ] GC(99)   Pre Evacuate Collection Set: 0.2ms
[2023-04-06T08:38:14.466+0000][72][gc,phases   ] GC(99)   Merge Heap Roots: 0.1ms
[2023-04-06T08:38:14.467+0000][72][gc,phases   ] GC(99)   Evacuate Collection Set: 4.3ms
[2023-04-06T08:38:14.468+0000][72][gc,phases   ] GC(99)   Post Evacuate Collection Set: 1.0ms
[2023-04-06T08:38:14.469+0000][72][gc,phases   ] GC(99)   Other: 2.1ms
[2023-04-06T08:38:14.470+0000][72][gc,age      ] GC(99) Age table with threshold 15 (max threshold 15)
[2023-04-06T08:38:14.471+0000][72][gc,age      ] GC(99) - age   1:    2141448 bytes,    2141448 total
[2023-04-06T08:38:14.472+0000][72][gc,age      ] GC(99) - age   2:     249984 bytes,    2391432 total
[2023-04-06T08:38:14.472+0000][72][gc,age      ] GC(99) - age   3:       2176 bytes,    2393608 total
[2023-04-06T08:38:14.473+0000][72][gc,age      ] GC(99) - age   4:        152 bytes,    2393760 total
[2023-04-06T08:38:14.474+0000][72][gc,age      ] GC(99) - age   5:       2760 bytes,    2396520 total
[2023-04-06T08:38:14.475+0000][72][gc,age      ] GC(99) - age   6:        944 bytes,    2397464 total
[2023-04-06T08:38:14.476+0000][72][gc,age      ] GC(99) - age   7:       2112 bytes,    2399576 total
[2023-04-06T08:38:14.476+0000][72][gc,age      ] GC(99) - age   8:      13120 bytes,    2412696 total
[2023-04-06T08:38:14.477+0000][72][gc,age      ] GC(99) - age   9:       2920 bytes,    2415616 total
[2023-04-06T08:38:14.478+0000][72][gc,age      ] GC(99) - age  10:       3504 bytes,    2419120 total
[2023-04-06T08:38:14.479+0000][72][gc,age      ] GC(99) - age  11:       4592 bytes,    2423712 total
[2023-04-06T08:38:14.479+0000][72][gc,age      ] GC(99) - age  12:       4072 bytes,    2427784 total
[2023-04-06T08:38:14.480+0000][72][gc,heap     ] GC(99) Eden regions: 24->0(23)
[2023-04-06T08:38:14.481+0000][72][gc,heap     ] GC(99) Survivor regions: 1->1(4)
[2023-04-06T08:38:14.482+0000][72][gc,heap     ] GC(99) Old regions: 24->24
[2023-04-06T08:38:14.482+0000][72][gc,heap     ] GC(99) Archive regions: 2->2
[2023-04-06T08:38:14.483+0000][72][gc,heap     ] GC(99) Humongous regions: 2->2
[2023-04-06T08:38:14.484+0000][72][gc,metaspace] GC(99) Metaspace: 136748K(140416K)->136748K(140416K) NonClass: 119332K(120768K)->119332K(120768K) Class: 17415K(19648K)->17415K(19648K)
[2023-04-06T08:38:14.484+0000][72][gc          ] GC(99) Pause Young (Normal) (G1 Evacuation Pause) 203M->107M(256M) 28.685ms
[2023-04-06T08:38:14.485+0000][72][gc,cpu      ] GC(99) User=0.01s Sys=0.00s Real=0.03s
[2023-04-06T08:38:14.485+0000][72][safepoint   ] Safepoint "G1CollectForAllocation", Time since last: 1497196025 ns, Reaching safepoint: 263546 ns, At safepoint: 30063359 ns, Total: 30326905 ns
[2023-04-06T08:38:20.467+0000][72][safepoint   ] Safepoint "Cleanup", Time since last: 6002650214 ns, Reaching safepoint: 421118 ns, At safepoint: 15893 ns, Total: 437011 ns
[2023-04-06T08:38:25.473+0000][72][safepoint   ] Safepoint "Cleanup", Time since last: 5005107951 ns, Reaching safepoint: 173816 ns, At safepoint: 4478 ns, Total: 178294 ns
[2023-04-06T08:38:26.474+0000][72][safepoint   ] Safepoint "Cleanup", Time since last: 1001197947 ns, Reaching safepoint: 145109 ns, At safepoint: 5229 ns, Total: 150338 ns
[2023-04-06T08:38:31.477+0000][72][safepoint   ] Safepoint "Cleanup", Time since last: 5002838598 ns, Reaching safepoint: 126247 ns, At safepoint: 46854 ns, Total: 173101 ns
[2023-04-06T08:38:34.479+0000][72][safepoint   ] Safepoint "Cleanup", Time since last: 3002187288 ns, Reaching safepoint: 120397 ns, At safepoint: 4499 ns, Total: 124896 ns
[2023-04-06T08:38:36.481+0000][72][safepoint   ] Safepoint "Cleanup", Time since last: 2001663975 ns, Reaching safepoint: 212931 ns, At safepoint: 12621 ns, Total: 225552 ns
[2023-04-06T08:38:37.707+0000][72][safepoint   ] Safepoint "Cleanup", Time since last: 1225387788 ns, Reaching safepoint: 107348 ns, At safepoint: 4652 ns, Total: 112000 ns
[2023-04-06T08:38:39.709+0000][72][safepoint   ] Safepoint "Cleanup", Time since last: 2001955998 ns, Reaching safepoint: 100483 ns, At safepoint: 3543 ns, Total: 104026 ns
[2023-04-06T08:38:41.711+0000][72][safepoint   ] Safepoint "Cleanup", Time since last: 2001725788 ns, Reaching safepoint: 263928 ns, At safepoint: 15187 ns, Total: 279115 ns
[2023-04-06T08:38:43.713+0000][72][safepoint   ] Safepoint "Cleanup", Time since last: 2002150761 ns, Reaching safepoint: 268838 ns, At safepoint: 7649 ns, Total: 276487 ns
[2023-04-06T08:38:44.715+0000][72][safepoint   ] Safepoint "Cleanup", Time since last: 1001478254 ns, Reaching safepoint: 281200 ns, At safepoint: 67693 ns, Total: 348893 ns
[2023-04-06T08:38:44.783+0000][72][gc,start    ] GC(100) Pause Young (Concurrent Start) (G1 Evacuation Pause)
[2023-04-06T08:38:44.784+0000][72][gc,task     ] GC(100) Using 4 workers of 4 for evacuation
[2023-04-06T08:38:44.785+0000][72][gc,age      ] GC(100) Desired survivor size 6291456 bytes, new threshold 15 (max threshold 15)
[2023-04-06T08:38:44.791+0000][72][gc,phases   ] GC(100)   Pre Evacuate Collection Set: 0.4ms
[2023-04-06T08:38:44.792+0000][72][gc,phases   ] GC(100)   Merge Heap Roots: 0.1ms
[2023-04-06T08:38:44.792+0000][72][gc,phases   ] GC(100)   Evacuate Collection Set: 3.1ms
[2023-04-06T08:38:44.793+0000][72][gc,phases   ] GC(100)   Post Evacuate Collection Set: 1.2ms
[2023-04-06T08:38:44.794+0000][72][gc,phases   ] GC(100)   Other: 1.8ms
[2023-04-06T08:38:44.794+0000][72][gc,age      ] GC(100) Age table with threshold 15 (max threshold 15)
[2023-04-06T08:38:44.795+0000][72][gc,age      ] GC(100) - age   1:     533272 bytes,     533272 total
[2023-04-06T08:38:44.796+0000][72][gc,age      ] GC(100) - age   2:     298736 bytes,     832008 total
[2023-04-06T08:38:44.797+0000][72][gc,age      ] GC(100) - age   3:      91480 bytes,     923488 total
[2023-04-06T08:38:44.798+0000][72][gc,age      ] GC(100) - age   4:       2112 bytes,     925600 total
[2023-04-06T08:38:44.798+0000][72][gc,age      ] GC(100) - age   5:        152 bytes,     925752 total
[2023-04-06T08:38:44.799+0000][72][gc,age      ] GC(100) - age   6:       2760 bytes,     928512 total
[2023-04-06T08:38:44.800+0000][72][gc,age      ] GC(100) - age   7:        944 bytes,     929456 total
[2023-04-06T08:38:44.801+0000][72][gc,age      ] GC(100) - age   8:       2112 bytes,     931568 total
[2023-04-06T08:38:44.802+0000][72][gc,age      ] GC(100) - age   9:       4688 bytes,     936256 total
[2023-04-06T08:38:44.802+0000][72][gc,age      ] GC(100) - age  10:       2624 bytes,     938880 total
[2023-04-06T08:38:44.803+0000][72][gc,age      ] GC(100) - age  11:       3408 bytes,     942288 total
[2023-04-06T08:38:44.804+0000][72][gc,age      ] GC(100) - age  12:       4328 bytes,     946616 total
[2023-04-06T08:38:44.805+0000][72][gc,age      ] GC(100) - age  13:       4072 bytes,     950688 total
[2023-04-06T08:38:44.805+0000][72][gc,heap     ] GC(100) Eden regions: 23->0(24)
[2023-04-06T08:38:44.807+0000][72][gc,heap     ] GC(100) Survivor regions: 1->1(3)
[2023-04-06T08:38:44.807+0000][72][gc,heap     ] GC(100) Old regions: 24->24
[2023-04-06T08:38:44.808+0000][72][gc,heap     ] GC(100) Archive regions: 2->2
[2023-04-06T08:38:44.809+0000][72][gc,heap     ] GC(100) Humongous regions: 2->2
[2023-04-06T08:38:44.809+0000][72][gc,metaspace] GC(100) Metaspace: 136770K(140416K)->136770K(140416K) NonClass: 119355K(120768K)->119355K(120768K) Class: 17415K(19648K)->17415K(19648K)
[2023-04-06T08:38:44.810+0000][72][gc          ] GC(100) Pause Young (Concurrent Start) (G1 Evacuation Pause) 199M->106M(256M) 26.932ms
[2023-04-06T08:38:44.810+0000][72][gc          ] GC(101) Concurrent Mark Cycle
[2023-04-06T08:38:44.811+0000][72][gc,marking  ] GC(101) Concurrent Clear Claimed Marks
[2023-04-06T08:38:44.812+0000][72][gc,marking  ] GC(101) Concurrent Clear Claimed Marks 0.752ms
[2023-04-06T08:38:44.812+0000][72][gc,marking  ] GC(101) Concurrent Scan Root Regions
[2023-04-06T08:38:44.810+0000][72][gc,cpu      ] GC(100) User=0.01s Sys=0.00s Real=0.03s
[2023-04-06T08:38:44.815+0000][72][safepoint   ] Safepoint "G1CollectForAllocation", Time since last: 67733199 ns, Reaching safepoint: 76883 ns, At safepoint: 32129762 ns, Total: 32206645 ns
[2023-04-06T08:38:44.816+0000][72][gc,marking  ] GC(101) Concurrent Scan Root Regions 4.078ms
[2023-04-06T08:38:44.820+0000][72][gc,marking  ] GC(101) Concurrent Mark
[2023-04-06T08:38:44.821+0000][72][gc,marking  ] GC(101) Concurrent Mark From Roots
[2023-04-06T08:38:44.822+0000][72][gc,task     ] GC(101) Using 1 workers of 1 for marking
[2023-04-06T08:38:44.941+0000][72][gc,marking  ] GC(101) Concurrent Mark From Roots 120.261ms
[2023-04-06T08:38:44.942+0000][72][gc,marking  ] GC(101) Concurrent Preclean
[2023-04-06T08:38:44.943+0000][72][gc,marking  ] GC(101) Concurrent Preclean 1.233ms
[2023-04-06T08:38:44.944+0000][72][gc,start    ] GC(101) Pause Remark
[2023-04-06T08:38:44.959+0000][72][gc          ] GC(101) Pause Remark 106M->106M(256M) 15.209ms
[2023-04-06T08:38:44.960+0000][72][gc,cpu      ] GC(101) User=0.03s Sys=0.00s Real=0.02s
[2023-04-06T08:38:44.961+0000][72][safepoint   ] Safepoint "G1PauseRemark", Time since last: 128866290 ns, Reaching safepoint: 131876 ns, At safepoint: 17229430 ns, Total: 17361306 ns
[2023-04-06T08:38:44.962+0000][72][gc,marking  ] GC(101) Concurrent Mark 142.125ms
[2023-04-06T08:38:44.963+0000][72][gc,marking  ] GC(101) Concurrent Rebuild Remembered Sets
[2023-04-06T08:38:45.026+0000][72][gc,marking  ] GC(101) Concurrent Rebuild Remembered Sets 62.909ms
[2023-04-06T08:38:45.027+0000][72][gc,start    ] GC(101) Pause Cleanup
[2023-04-06T08:38:45.028+0000][72][gc          ] GC(101) Pause Cleanup 106M->106M(256M) 0.800ms
[2023-04-06T08:38:45.029+0000][72][gc,cpu      ] GC(101) User=0.00s Sys=0.00s Real=0.00s
[2023-04-06T08:38:45.030+0000][72][safepoint   ] Safepoint "G1PauseCleanup", Time since last: 65696342 ns, Reaching safepoint: 145771 ns, At safepoint: 2577313 ns, Total: 2723084 ns
[2023-04-06T08:38:45.031+0000][72][gc,marking  ] GC(101) Concurrent Cleanup for Next Mark
[2023-04-06T08:38:45.032+0000][72][gc,marking  ] GC(101) Concurrent Cleanup for Next Mark 1.300ms
[2023-04-06T08:38:45.033+0000][72][gc          ] GC(101) Concurrent Mark Cycle 222.433ms
[2023-04-06T08:38:46.031+0000][72][safepoint   ] Safepoint "Cleanup", Time since last: 1001521143 ns, Reaching safepoint: 224424 ns, At safepoint: 17958 ns, Total: 242382 ns
[2023-04-06T08:38:49.014+0000][72][safepoint   ] Safepoint "Cleanup", Time since last: 3003618703 ns, Reaching safepoint: 405803 ns, At safepoint: 7608 ns, Total: 413411 ns
[2023-04-06T08:38:50.016+0000][72][safepoint   ] Safepoint "Cleanup", Time since last: 1001644996 ns, Reaching safepoint: 187746 ns, At safepoint: 5788 ns, Total: 193534 ns
[2023-04-06T08:38:55.020+0000][72][safepoint   ] Safepoint "Cleanup", Time since last: 5003800040 ns, Reaching safepoint: 169956 ns, At safepoint: 4438 ns, Total: 174394 ns
[2023-04-06T08:39:00.024+0000][72][safepoint   ] Safepoint "Cleanup", Time since last: 5003984577 ns, Reaching safepoint: 138872 ns, At safepoint: 5583 ns, Total: 144455 ns
[2023-04-06T08:39:06.029+0000][72][safepoint   ] Safepoint "Cleanup", Time since last: 6003798393 ns, Reaching safepoint: 455584 ns, At safepoint: 17211 ns, Total: 472795 ns
[2023-04-06T08:39:09.031+0000][72][safepoint   ] Safepoint "Cleanup", Time since last: 3002025452 ns, Reaching safepoint: 185506 ns, At safepoint: 15294 ns, Total: 200800 ns
[2023-04-06T08:39:19.017+0000][72][safepoint   ] Safepoint "Cleanup", Time since last: 10006545838 ns, Reaching safepoint: 213644 ns, At safepoint: 9816 ns, Total: 223460 ns
[2023-04-06T08:39:20.019+0000][72][safepoint   ] Safepoint "Cleanup", Time since last: 1002132854 ns, Reaching safepoint: 106284 ns, At safepoint: 6836 ns, Total: 113120 ns
[2023-04-06T08:39:20.052+0000][72][gc,start    ] GC(102) Pause Young (Normal) (G1 Evacuation Pause)
[2023-04-06T08:39:20.053+0000][72][gc,task     ] GC(102) Using 4 workers of 4 for evacuation
[2023-04-06T08:39:20.054+0000][72][gc,age      ] GC(102) Desired survivor size 8388608 bytes, new threshold 15 (max threshold 15)
[2023-04-06T08:39:20.058+0000][72][gc,phases   ] GC(102)   Pre Evacuate Collection Set: 0.1ms
[2023-04-06T08:39:20.059+0000][72][gc,phases   ] GC(102)   Merge Heap Roots: 0.0ms
[2023-04-06T08:39:20.060+0000][72][gc,phases   ] GC(102)   Evacuate Collection Set: 2.0ms
[2023-04-06T08:39:20.061+0000][72][gc,phases   ] GC(102)   Post Evacuate Collection Set: 1.0ms
[2023-04-06T08:39:20.061+0000][72][gc,phases   ] GC(102)   Other: 2.2ms
[2023-04-06T08:39:20.062+0000][72][gc,age      ] GC(102) Age table with threshold 15 (max threshold 15)
[2023-04-06T08:39:20.062+0000][72][gc,age      ] GC(102) - age   1:     705224 bytes,     705224 total
[2023-04-06T08:39:20.063+0000][72][gc,age      ] GC(102) - age   2:     177728 bytes,     882952 total
[2023-04-06T08:39:20.064+0000][72][gc,age      ] GC(102) - age   3:     296984 bytes,    1179936 total
[2023-04-06T08:39:20.064+0000][72][gc,age      ] GC(102) - age   4:      90864 bytes,    1270800 total
[2023-04-06T08:39:20.065+0000][72][gc,age      ] GC(102) - age   5:       2048 bytes,    1272848 total
[2023-04-06T08:39:20.066+0000][72][gc,age      ] GC(102) - age   6:        152 bytes,    1273000 total
[2023-04-06T08:39:20.067+0000][72][gc,age      ] GC(102) - age   7:       2760 bytes,    1275760 total
[2023-04-06T08:39:20.067+0000][72][gc,age      ] GC(102) - age   8:        944 bytes,    1276704 total
[2023-04-06T08:39:20.068+0000][72][gc,age      ] GC(102) - age   9:       2112 bytes,    1278816 total
[2023-04-06T08:39:20.069+0000][72][gc,age      ] GC(102) - age  10:       4688 bytes,    1283504 total
[2023-04-06T08:39:20.069+0000][72][gc,age      ] GC(102) - age  11:       2624 bytes,    1286128 total
[2023-04-06T08:39:20.070+0000][72][gc,age      ] GC(102) - age  12:       3408 bytes,    1289536 total
[2023-04-06T08:39:20.071+0000][72][gc,age      ] GC(102) - age  13:       3200 bytes,    1292736 total
[2023-04-06T08:39:20.071+0000][72][gc,age      ] GC(102) - age  14:       1752 bytes,    1294488 total
[2023-04-06T08:39:20.072+0000][72][gc,heap     ] GC(102) Eden regions: 24->0(24)
[2023-04-06T08:39:20.073+0000][72][gc,heap     ] GC(102) Survivor regions: 1->1(4)
[2023-04-06T08:39:20.074+0000][72][gc,heap     ] GC(102) Old regions: 24->24
[2023-04-06T08:39:20.074+0000][72][gc,heap     ] GC(102) Archive regions: 2->2
[2023-04-06T08:39:20.075+0000][72][gc,heap     ] GC(102) Humongous regions: 2->2
[2023-04-06T08:39:20.076+0000][72][gc,metaspace] GC(102) Metaspace: 136795K(140416K)->136795K(140416K) NonClass: 119380K(120768K)->119380K(120768K) Class: 17415K(19648K)->17415K(19648K)
[2023-04-06T08:39:20.076+0000][72][gc          ] GC(102) Pause Young (Normal) (G1 Evacuation Pause) 202M->106M(256M) 24.295ms
[2023-04-06T08:39:20.077+0000][72][gc,cpu      ] GC(102) User=0.01s Sys=0.01s Real=0.03s
[2023-04-06T08:39:20.078+0000][72][safepoint   ] Safepoint "G1CollectForAllocation", Time since last: 33219788 ns, Reaching safepoint: 78491 ns, At safepoint: 25767275 ns, Total: 25845766 ns
[2023-04-06T08:39:38.088+0000][72][safepoint   ] Safepoint "Cleanup", Time since last: 18009730180 ns, Reaching safepoint: 259614 ns, At safepoint: 38899 ns, Total: 298513 ns
[2023-04-06T08:39:40.090+0000][72][safepoint   ] Safepoint "Cleanup", Time since last: 2001600060 ns, Reaching safepoint: 330384 ns, At safepoint: 9998 ns, Total: 340382 ns
[2023-04-06T08:39:42.092+0000][72][safepoint   ] Safepoint "Cleanup", Time since last: 2002055793 ns, Reaching safepoint: 352313 ns, At safepoint: 11735 ns, Total: 364048 ns
[2023-04-06T08:39:43.095+0000][72][safepoint   ] Safepoint "Cleanup", Time since last: 1001888102 ns, Reaching safepoint: 391442 ns, At safepoint: 30316 ns, Total: 421758 ns
[2023-04-06T08:39:45.097+0000][72][safepoint   ] Safepoint "Cleanup", Time since last: 2002192574 ns, Reaching safepoint: 185763 ns, At safepoint: 7776 ns, Total: 193539 ns
[2023-04-06T08:39:46.099+0000][72][safepoint   ] Safepoint "Cleanup", Time since last: 1001915317 ns, Reaching safepoint: 305957 ns, At safepoint: 15759 ns, Total: 321716 ns
[2023-04-06T08:39:50.231+0000][72][gc,start    ] GC(103) Pause Young (Concurrent Start) (G1 Evacuation Pause)
[2023-04-06T08:39:50.233+0000][72][gc,task     ] GC(103) Using 4 workers of 4 for evacuation
[2023-04-06T08:39:50.234+0000][72][gc,age      ] GC(103) Desired survivor size 8388608 bytes, new threshold 15 (max threshold 15)
[2023-04-06T08:39:50.238+0000][72][gc,phases   ] GC(103)   Pre Evacuate Collection Set: 0.4ms
[2023-04-06T08:39:50.239+0000][72][gc,phases   ] GC(103)   Merge Heap Roots: 0.1ms
[2023-04-06T08:39:50.240+0000][72][gc,phases   ] GC(103)   Evacuate Collection Set: 1.9ms
[2023-04-06T08:39:50.241+0000][72][gc,phases   ] GC(103)   Post Evacuate Collection Set: 1.2ms
[2023-04-06T08:39:50.242+0000][72][gc,phases   ] GC(103)   Other: 1.8ms
[2023-04-06T08:39:50.242+0000][72][gc,age      ] GC(103) Age table with threshold 15 (max threshold 15)
[2023-04-06T08:39:50.243+0000][72][gc,age      ] GC(103) - age   1:    1268336 bytes,    1268336 total
[2023-04-06T08:39:50.244+0000][72][gc,age      ] GC(103) - age   2:     134688 bytes,    1403024 total
[2023-04-06T08:39:50.245+0000][72][gc,age      ] GC(103) - age   3:      25136 bytes,    1428160 total
[2023-04-06T08:39:50.246+0000][72][gc,age      ] GC(103) - age   4:     295904 bytes,    1724064 total
[2023-04-06T08:39:50.247+0000][72][gc,age      ] GC(103) - age   5:      90688 bytes,    1814752 total
[2023-04-06T08:39:50.248+0000][72][gc,age      ] GC(103) - age   6:       2048 bytes,    1816800 total
[2023-04-06T08:39:50.248+0000][72][gc,age      ] GC(103) - age   7:        152 bytes,    1816952 total
[2023-04-06T08:39:50.249+0000][72][gc,age      ] GC(103) - age   8:       2760 bytes,    1819712 total
[2023-04-06T08:39:50.250+0000][72][gc,age      ] GC(103) - age   9:        944 bytes,    1820656 total
[2023-04-06T08:39:50.251+0000][72][gc,age      ] GC(103) - age  10:       2112 bytes,    1822768 total
[2023-04-06T08:39:50.252+0000][72][gc,age      ] GC(103) - age  11:       4688 bytes,    1827456 total
[2023-04-06T08:39:50.253+0000][72][gc,age      ] GC(103) - age  12:       2624 bytes,    1830080 total
[2023-04-06T08:39:50.254+0000][72][gc,age      ] GC(103) - age  13:       3224 bytes,    1833304 total
[2023-04-06T08:39:50.255+0000][72][gc,age      ] GC(103) - age  14:       3200 bytes,    1836504 total
[2023-04-06T08:39:50.256+0000][72][gc,age      ] GC(103) - age  15:       1752 bytes,    1838256 total
[2023-04-06T08:39:50.257+0000][72][gc,heap     ] GC(103) Eden regions: 24->0(24)
[2023-04-06T08:39:50.258+0000][72][gc,heap     ] GC(103) Survivor regions: 1->1(4)
[2023-04-06T08:39:50.258+0000][72][gc,heap     ] GC(103) Old regions: 24->24
[2023-04-06T08:39:50.259+0000][72][gc,heap     ] GC(103) Archive regions: 2->2
[2023-04-06T08:39:50.260+0000][72][gc,heap     ] GC(103) Humongous regions: 2->2
[2023-04-06T08:39:50.261+0000][72][gc,metaspace] GC(103) Metaspace: 136812K(140416K)->136812K(140416K) NonClass: 119397K(120768K)->119397K(120768K) Class: 17415K(19648K)->17415K(19648K)
[2023-04-06T08:39:50.262+0000][72][gc          ] GC(103) Pause Young (Concurrent Start) (G1 Evacuation Pause) 202M->107M(256M) 30.422ms
[2023-04-06T08:39:50.263+0000][72][gc          ] GC(104) Concurrent Mark Cycle
[2023-04-06T08:39:50.263+0000][72][gc,cpu      ] GC(103) User=0.01s Sys=0.00s Real=0.03s
[2023-04-06T08:39:50.264+0000][72][gc,marking  ] GC(104) Concurrent Clear Claimed Marks
[2023-04-06T08:39:50.264+0000][72][safepoint   ] Safepoint "G1CollectForAllocation", Time since last: 4153359699 ns, Reaching safepoint: 170950 ns, At safepoint: 33002830 ns, Total: 33173780 ns
[2023-04-06T08:39:50.265+0000][72][gc,marking  ] GC(104) Concurrent Clear Claimed Marks 1.755ms
[2023-04-06T08:39:50.267+0000][72][gc,marking  ] GC(104) Concurrent Scan Root Regions
[2023-04-06T08:39:50.270+0000][72][gc,marking  ] GC(104) Concurrent Scan Root Regions 3.297ms
[2023-04-06T08:39:50.271+0000][72][gc,marking  ] GC(104) Concurrent Mark
[2023-04-06T08:39:50.272+0000][72][gc,marking  ] GC(104) Concurrent Mark From Roots
[2023-04-06T08:39:50.273+0000][72][gc,task     ] GC(104) Using 1 workers of 1 for marking
[2023-04-06T08:39:50.387+0000][72][gc,marking  ] GC(104) Concurrent Mark From Roots 114.714ms
[2023-04-06T08:39:50.388+0000][72][gc,marking  ] GC(104) Concurrent Preclean
[2023-04-06T08:39:50.389+0000][72][gc,marking  ] GC(104) Concurrent Preclean 1.516ms
[2023-04-06T08:39:50.391+0000][72][gc,start    ] GC(104) Pause Remark
[2023-04-06T08:39:50.406+0000][72][gc          ] GC(104) Pause Remark 107M->107M(256M) 14.970ms
[2023-04-06T08:39:50.407+0000][72][gc,cpu      ] GC(104) User=0.04s Sys=0.00s Real=0.02s
[2023-04-06T08:39:50.408+0000][72][safepoint   ] Safepoint "G1PauseRemark", Time since last: 126389376 ns, Reaching safepoint: 125444 ns, At safepoint: 17179109 ns, Total: 17304553 ns
[2023-04-06T08:39:50.409+0000][72][gc,marking  ] GC(104) Concurrent Mark 137.711ms
[2023-04-06T08:39:50.410+0000][72][gc,marking  ] GC(104) Concurrent Rebuild Remembered Sets
[2023-04-06T08:39:50.469+0000][72][gc,marking  ] GC(104) Concurrent Rebuild Remembered Sets 59.009ms
[2023-04-06T08:39:50.470+0000][72][gc,start    ] GC(104) Pause Cleanup
[2023-04-06T08:39:50.471+0000][72][gc          ] GC(104) Pause Cleanup 107M->107M(256M) 0.973ms
[2023-04-06T08:39:50.472+0000][72][gc,cpu      ] GC(104) User=0.00s Sys=0.00s Real=0.00s
[2023-04-06T08:39:50.472+0000][72][safepoint   ] Safepoint "G1PauseCleanup", Time since last: 61795385 ns, Reaching safepoint: 141248 ns, At safepoint: 2374366 ns, Total: 2515614 ns
[2023-04-06T08:39:50.473+0000][72][gc,marking  ] GC(104) Concurrent Cleanup for Next Mark
[2023-04-06T08:39:50.474+0000][72][gc,marking  ] GC(104) Concurrent Cleanup for Next Mark 0.963ms
[2023-04-06T08:39:50.475+0000][72][gc          ] GC(104) Concurrent Mark Cycle 212.219ms
[2023-04-06T08:39:55.475+0000][72][safepoint   ] Safepoint "Cleanup", Time since last: 5002280430 ns, Reaching safepoint: 141444 ns, At safepoint: 7688 ns, Total: 149132 ns
[2023-04-06T08:39:56.476+0000][72][safepoint   ] Safepoint "Cleanup", Time since last: 1001331749 ns, Reaching safepoint: 219282 ns, At safepoint: 7005 ns, Total: 226287 ns
[2023-04-06T08:40:01.480+0000][72][safepoint   ] Safepoint "Cleanup", Time since last: 5003193996 ns, Reaching safepoint: 287262 ns, At safepoint: 11866 ns, Total: 299128 ns
[2023-04-06T08:40:06.484+0000][72][safepoint   ] Safepoint "Cleanup", Time since last: 5003509859 ns, Reaching safepoint: 356709 ns, At safepoint: 11588 ns, Total: 368297 ns
[2023-04-06T08:40:07.486+0000][72][safepoint   ] Safepoint "Cleanup", Time since last: 1001900385 ns, Reaching safepoint: 221815 ns, At safepoint: 21028 ns, Total: 242843 ns
[2023-04-06T08:40:16.490+0000][72][safepoint   ] Safepoint "Cleanup", Time since last: 9004282839 ns, Reaching safepoint: 164018 ns, At safepoint: 4089 ns, Total: 168107 ns
[2023-04-06T08:40:25.029+0000][72][gc,start    ] GC(105) Pause Young (Normal) (G1 Evacuation Pause)
[2023-04-06T08:40:25.030+0000][72][gc,task     ] GC(105) Using 4 workers of 4 for evacuation
[2023-04-06T08:40:25.031+0000][72][gc,age      ] GC(105) Desired survivor size 8388608 bytes, new threshold 15 (max threshold 15)
[2023-04-06T08:40:25.037+0000][72][gc,phases   ] GC(105)   Pre Evacuate Collection Set: 0.1ms
[2023-04-06T08:40:25.038+0000][72][gc,phases   ] GC(105)   Merge Heap Roots: 0.1ms
[2023-04-06T08:40:25.039+0000][72][gc,phases   ] GC(105)   Evacuate Collection Set: 3.3ms
[2023-04-06T08:40:25.040+0000][72][gc,phases   ] GC(105)   Post Evacuate Collection Set: 1.5ms
[2023-04-06T08:40:25.041+0000][72][gc,phases   ] GC(105)   Other: 1.7ms
[2023-04-06T08:40:25.041+0000][72][gc,age      ] GC(105) Age table with threshold 15 (max threshold 15)
[2023-04-06T08:40:25.042+0000][72][gc,age      ] GC(105) - age   1:    1697808 bytes,    1697808 total
[2023-04-06T08:40:25.043+0000][72][gc,age      ] GC(105) - age   2:     131816 bytes,    1829624 total
[2023-04-06T08:40:25.045+0000][72][gc,age      ] GC(105) - age   3:       9424 bytes,    1839048 total
[2023-04-06T08:40:25.045+0000][72][gc,age      ] GC(105) - age   4:      25040 bytes,    1864088 total
[2023-04-06T08:40:25.046+0000][72][gc,age      ] GC(105) - age   5:     295904 bytes,    2159992 total
[2023-04-06T08:40:25.048+0000][72][gc,age      ] GC(105) - age   6:      48528 bytes,    2208520 total
[2023-04-06T08:40:25.049+0000][72][gc,age      ] GC(105) - age   7:       2048 bytes,    2210568 total
[2023-04-06T08:40:25.050+0000][72][gc,age      ] GC(105) - age   8:        152 bytes,    2210720 total
[2023-04-06T08:40:25.051+0000][72][gc,age      ] GC(105) - age   9:       2760 bytes,    2213480 total
[2023-04-06T08:40:25.052+0000][72][gc,age      ] GC(105) - age  10:        944 bytes,    2214424 total
[2023-04-06T08:40:25.053+0000][72][gc,age      ] GC(105) - age  11:       2112 bytes,    2216536 total
[2023-04-06T08:40:25.054+0000][72][gc,age      ] GC(105) - age  12:       4688 bytes,    2221224 total
[2023-04-06T08:40:25.055+0000][72][gc,age      ] GC(105) - age  13:       2624 bytes,    2223848 total
[2023-04-06T08:40:25.056+0000][72][gc,age      ] GC(105) - age  14:       3224 bytes,    2227072 total
[2023-04-06T08:40:25.057+0000][72][gc,age      ] GC(105) - age  15:       3008 bytes,    2230080 total
[2023-04-06T08:40:25.057+0000][72][gc,heap     ] GC(105) Eden regions: 24->0(24)
[2023-04-06T08:40:25.058+0000][72][gc,heap     ] GC(105) Survivor regions: 1->1(4)
[2023-04-06T08:40:25.059+0000][72][gc,heap     ] GC(105) Old regions: 24->24
[2023-04-06T08:40:25.060+0000][72][gc,heap     ] GC(105) Archive regions: 2->2
[2023-04-06T08:40:25.061+0000][72][gc,heap     ] GC(105) Humongous regions: 2->2
[2023-04-06T08:40:25.062+0000][72][gc,metaspace] GC(105) Metaspace: 136838K(140416K)->136838K(140416K) NonClass: 119422K(120768K)->119422K(120768K) Class: 17415K(19648K)->17415K(19648K)
[2023-04-06T08:40:25.063+0000][72][gc          ] GC(105) Pause Young (Normal) (G1 Evacuation Pause) 203M->107M(256M) 33.614ms
[2023-04-06T08:40:25.064+0000][72][gc,cpu      ] GC(105) User=0.02s Sys=0.00s Real=0.04s
[2023-04-06T08:40:25.065+0000][72][safepoint   ] Safepoint "G1CollectForAllocation", Time since last: 8559618596 ns, Reaching safepoint: 298061 ns, At safepoint: 35726685 ns, Total: 36024746 ns
[2023-04-06T08:40:26.066+0000][72][safepoint   ] Safepoint "Cleanup", Time since last: 1001143779 ns, Reaching safepoint: 261241 ns, At safepoint: 34019 ns, Total: 295260 ns
[2023-04-06T08:40:27.070+0000][72][safepoint   ] Safepoint "Cleanup", Time since last: 1002969438 ns, Reaching safepoint: 171051 ns, At safepoint: 14615 ns, Total: 185666 ns
[2023-04-06T08:40:32.073+0000][72][safepoint   ] Safepoint "Cleanup", Time since last: 5002900960 ns, Reaching safepoint: 234852 ns, At safepoint: 25138 ns, Total: 259990 ns
[2023-04-06T08:40:38.077+0000][72][safepoint   ] Safepoint "Cleanup", Time since last: 6003966221 ns, Reaching safepoint: 114318 ns, At safepoint: 4678 ns, Total: 118996 ns
[2023-04-06T08:40:40.079+0000][72][safepoint   ] Safepoint "Cleanup", Time since last: 2001869738 ns, Reaching safepoint: 206751 ns, At safepoint: 8326 ns, Total: 215077 ns
[2023-04-06T08:40:43.082+0000][72][safepoint   ] Safepoint "Cleanup", Time since last: 3002840560 ns, Reaching safepoint: 72734 ns, At safepoint: 3328 ns, Total: 76062 ns
[2023-04-06T08:40:45.083+0000][72][safepoint   ] Safepoint "Cleanup", Time since last: 2001369435 ns, Reaching safepoint: 118574 ns, At safepoint: 4777 ns, Total: 123351 ns
[2023-04-06T08:40:47.086+0000][72][safepoint   ] Safepoint "Cleanup", Time since last: 2002203114 ns, Reaching safepoint: 71193 ns, At safepoint: 4453 ns, Total: 75646 ns
[2023-04-06T08:40:48.087+0000][72][safepoint   ] Safepoint "Cleanup", Time since last: 1001437961 ns, Reaching safepoint: 104511 ns, At safepoint: 3202 ns, Total: 107713 ns
[2023-04-06T08:40:50.068+0000][72][safepoint   ] Safepoint "Cleanup", Time since last: 2001355991 ns, Reaching safepoint: 263833 ns, At safepoint: 45222 ns, Total: 309055 ns
[2023-04-06T08:40:52.069+0000][72][safepoint   ] Safepoint "Cleanup", Time since last: 2001689996 ns, Reaching safepoint: 87081 ns, At safepoint: 4498 ns, Total: 91579 ns
[2023-04-06T08:40:55.072+0000][72][safepoint   ] Safepoint "Cleanup", Time since last: 3002407344 ns, Reaching safepoint: 51948 ns, At safepoint: 5179 ns, Total: 57127 ns
[2023-04-06T08:40:56.290+0000][72][gc,start    ] GC(106) Pause Young (Concurrent Start) (G1 Evacuation Pause)
[2023-04-06T08:40:56.291+0000][72][gc,task     ] GC(106) Using 4 workers of 4 for evacuation
[2023-04-06T08:40:56.292+0000][72][gc,age      ] GC(106) Desired survivor size 8388608 bytes, new threshold 15 (max threshold 15)
[2023-04-06T08:40:56.297+0000][72][gc,phases   ] GC(106)   Pre Evacuate Collection Set: 0.4ms
[2023-04-06T08:40:56.298+0000][72][gc,phases   ] GC(106)   Merge Heap Roots: 0.1ms
[2023-04-06T08:40:56.298+0000][72][gc,phases   ] GC(106)   Evacuate Collection Set: 2.3ms
[2023-04-06T08:40:56.299+0000][72][gc,phases   ] GC(106)   Post Evacuate Collection Set: 1.4ms
[2023-04-06T08:40:56.300+0000][72][gc,phases   ] GC(106)   Other: 1.9ms
[2023-04-06T08:40:56.301+0000][72][gc,age      ] GC(106) Age table with threshold 15 (max threshold 15)
[2023-04-06T08:40:56.301+0000][72][gc,age      ] GC(106) - age   1:     405808 bytes,     405808 total
[2023-04-06T08:40:56.302+0000][72][gc,age      ] GC(106) - age   2:     131920 bytes,     537728 total
[2023-04-06T08:40:56.303+0000][72][gc,age      ] GC(106) - age   3:        960 bytes,     538688 total
[2023-04-06T08:40:56.304+0000][72][gc,age      ] GC(106) - age   4:       9104 bytes,     547792 total
[2023-04-06T08:40:56.304+0000][72][gc,age      ] GC(106) - age   5:      24488 bytes,     572280 total
[2023-04-06T08:40:56.305+0000][72][gc,age      ] GC(106) - age   6:     295840 bytes,     868120 total
[2023-04-06T08:40:56.306+0000][72][gc,age      ] GC(106) - age   7:      48464 bytes,     916584 total
[2023-04-06T08:40:56.307+0000][72][gc,age      ] GC(106) - age   8:       2048 bytes,     918632 total
[2023-04-06T08:40:56.308+0000][72][gc,age      ] GC(106) - age   9:        152 bytes,     918784 total
[2023-04-06T08:40:56.309+0000][72][gc,age      ] GC(106) - age  10:       2760 bytes,     921544 total
[2023-04-06T08:40:56.309+0000][72][gc,age      ] GC(106) - age  11:        944 bytes,     922488 total
[2023-04-06T08:40:56.310+0000][72][gc,age      ] GC(106) - age  12:       2112 bytes,     924600 total
[2023-04-06T08:40:56.311+0000][72][gc,age      ] GC(106) - age  13:       4688 bytes,     929288 total
[2023-04-06T08:40:56.312+0000][72][gc,age      ] GC(106) - age  14:       2624 bytes,     931912 total
[2023-04-06T08:40:56.312+0000][72][gc,age      ] GC(106) - age  15:       3224 bytes,     935136 total
[2023-04-06T08:40:56.313+0000][72][gc,heap     ] GC(106) Eden regions: 24->0(24)
[2023-04-06T08:40:56.314+0000][72][gc,heap     ] GC(106) Survivor regions: 1->1(4)
[2023-04-06T08:40:56.315+0000][72][gc,heap     ] GC(106) Old regions: 24->24
[2023-04-06T08:40:56.316+0000][72][gc,heap     ] GC(106) Archive regions: 2->2
[2023-04-06T08:40:56.316+0000][72][gc,heap     ] GC(106) Humongous regions: 2->2
[2023-04-06T08:40:56.317+0000][72][gc,metaspace] GC(106) Metaspace: 136856K(140416K)->136856K(140416K) NonClass: 119441K(120768K)->119441K(120768K) Class: 17415K(19648K)->17415K(19648K)
[2023-04-06T08:40:56.318+0000][72][gc          ] GC(106) Pause Young (Concurrent Start) (G1 Evacuation Pause) 203M->106M(256M) 27.940ms
[2023-04-06T08:40:56.319+0000][72][gc,cpu      ] GC(106) User=0.00s Sys=0.01s Real=0.03s
[2023-04-06T08:40:56.319+0000][72][gc          ] GC(107) Concurrent Mark Cycle
[2023-04-06T08:40:56.321+0000][72][gc,marking  ] GC(107) Concurrent Clear Claimed Marks
[2023-04-06T08:40:56.320+0000][72][safepoint   ] Safepoint "G1CollectForAllocation", Time since last: 1218005909 ns, Reaching safepoint: 54498 ns, At safepoint: 29881358 ns, Total: 29935856 ns
[2023-04-06T08:40:56.322+0000][72][gc,marking  ] GC(107) Concurrent Clear Claimed Marks 0.962ms
[2023-04-06T08:40:56.323+0000][72][gc,marking  ] GC(107) Concurrent Scan Root Regions
[2023-04-06T08:40:56.328+0000][72][gc,marking  ] GC(107) Concurrent Scan Root Regions 4.530ms
[2023-04-06T08:40:56.329+0000][72][gc,marking  ] GC(107) Concurrent Mark
[2023-04-06T08:40:56.330+0000][72][gc,marking  ] GC(107) Concurrent Mark From Roots
[2023-04-06T08:40:56.331+0000][72][gc,task     ] GC(107) Using 1 workers of 1 for marking
[2023-04-06T08:40:56.489+0000][72][gc,marking  ] GC(107) Concurrent Mark From Roots 159.261ms
[2023-04-06T08:40:56.490+0000][72][gc,marking  ] GC(107) Concurrent Preclean
[2023-04-06T08:40:56.492+0000][72][gc,marking  ] GC(107) Concurrent Preclean 1.424ms
[2023-04-06T08:40:56.493+0000][72][gc,start    ] GC(107) Pause Remark
[2023-04-06T08:40:56.506+0000][72][gc          ] GC(107) Pause Remark 106M->106M(256M) 13.104ms
[2023-04-06T08:40:56.507+0000][72][gc,cpu      ] GC(107) User=0.04s Sys=0.00s Real=0.01s
[2023-04-06T08:40:56.508+0000][72][safepoint   ] Safepoint "G1PauseRemark", Time since last: 172903888 ns, Reaching safepoint: 131594 ns, At safepoint: 15602938 ns, Total: 15734532 ns
[2023-04-06T08:40:56.510+0000][72][gc,marking  ] GC(107) Concurrent Mark 180.450ms
[2023-04-06T08:40:56.511+0000][72][gc,marking  ] GC(107) Concurrent Rebuild Remembered Sets
[2023-04-06T08:40:56.578+0000][72][gc,marking  ] GC(107) Concurrent Rebuild Remembered Sets 67.760ms
[2023-04-06T08:40:56.580+0000][72][gc,start    ] GC(107) Pause Cleanup
[2023-04-06T08:40:56.581+0000][72][gc          ] GC(107) Pause Cleanup 106M->106M(256M) 0.951ms
[2023-04-06T08:40:56.581+0000][72][gc,cpu      ] GC(107) User=0.00s Sys=0.00s Real=0.00s
[2023-04-06T08:40:56.582+0000][72][safepoint   ] Safepoint "G1PauseCleanup", Time since last: 70971740 ns, Reaching safepoint: 141506 ns, At safepoint: 2702871 ns, Total: 2844377 ns
[2023-04-06T08:40:56.583+0000][72][gc,marking  ] GC(107) Concurrent Cleanup for Next Mark
[2023-04-06T08:40:56.585+0000][72][gc,marking  ] GC(107) Concurrent Cleanup for Next Mark 1.355ms
[2023-04-06T08:40:56.585+0000][72][gc          ] GC(107) Concurrent Mark Cycle 266.654ms
[2023-04-06T08:40:59.585+0000][72][safepoint   ] Safepoint "Cleanup", Time since last: 3002618955 ns, Reaching safepoint: 280506 ns, At safepoint: 16844 ns, Total: 297350 ns
[2023-04-06T08:41:04.588+0000][72][safepoint   ] Safepoint "Cleanup", Time since last: 5002384274 ns, Reaching safepoint: 149325 ns, At safepoint: 4073 ns, Total: 153398 ns
[2023-04-06T08:41:07.590+0000][72][safepoint   ] Safepoint "Cleanup", Time since last: 3002106355 ns, Reaching safepoint: 183974 ns, At safepoint: 12627 ns, Total: 196601 ns
[2023-04-06T08:41:13.593+0000][72][safepoint   ] Safepoint "Cleanup", Time since last: 6003008960 ns, Reaching safepoint: 261607 ns, At safepoint: 7787 ns, Total: 269394 ns
[2023-04-06T08:41:15.596+0000][72][safepoint   ] Safepoint "Cleanup", Time since last: 2002166123 ns, Reaching safepoint: 267789 ns, At safepoint: 7333 ns, Total: 275122 ns
[2023-04-06T08:41:19.578+0000][72][safepoint   ] Safepoint "Cleanup", Time since last: 4002796289 ns, Reaching safepoint: 242960 ns, At safepoint: 9827 ns, Total: 252787 ns
[2023-04-06T08:41:28.584+0000][72][safepoint   ] Safepoint "Cleanup", Time since last: 9005632466 ns, Reaching safepoint: 210635 ns, At safepoint: 10901 ns, Total: 221536 ns
[2023-04-06T08:41:31.071+0000][72][gc,start    ] GC(108) Pause Young (Normal) (G1 Evacuation Pause)
[2023-04-06T08:41:31.072+0000][72][gc,task     ] GC(108) Using 4 workers of 4 for evacuation
[2023-04-06T08:41:31.073+0000][72][gc,age      ] GC(108) Desired survivor size 8388608 bytes, new threshold 15 (max threshold 15)
[2023-04-06T08:41:31.078+0000][72][gc,phases   ] GC(108)   Pre Evacuate Collection Set: 0.2ms
[2023-04-06T08:41:31.079+0000][72][gc,phases   ] GC(108)   Merge Heap Roots: 0.4ms
[2023-04-06T08:41:31.080+0000][72][gc,phases   ] GC(108)   Evacuate Collection Set: 2.0ms
[2023-04-06T08:41:31.080+0000][72][gc,phases   ] GC(108)   Post Evacuate Collection Set: 1.3ms
[2023-04-06T08:41:31.081+0000][72][gc,phases   ] GC(108)   Other: 2.1ms
[2023-04-06T08:41:31.082+0000][72][gc,age      ] GC(108) Age table with threshold 15 (max threshold 15)
[2023-04-06T08:41:31.083+0000][72][gc,age      ] GC(108) - age   1:     903336 bytes,     903336 total
[2023-04-06T08:41:31.084+0000][72][gc,age      ] GC(108) - age   2:      19888 bytes,     923224 total
[2023-04-06T08:41:31.085+0000][72][gc,age      ] GC(108) - age   3:     130296 bytes,    1053520 total
[2023-04-06T08:41:31.087+0000][72][gc,age      ] GC(108) - age   4:        720 bytes,    1054240 total
[2023-04-06T08:41:31.088+0000][72][gc,age      ] GC(108) - age   5:       9104 bytes,    1063344 total
[2023-04-06T08:41:31.088+0000][72][gc,age      ] GC(108) - age   6:      24488 bytes,    1087832 total
[2023-04-06T08:41:31.089+0000][72][gc,age      ] GC(108) - age   7:     287824 bytes,    1375656 total
[2023-04-06T08:41:31.090+0000][72][gc,age      ] GC(108) - age   8:      48464 bytes,    1424120 total
[2023-04-06T08:41:31.090+0000][72][gc,age      ] GC(108) - age   9:       2048 bytes,    1426168 total
[2023-04-06T08:41:31.091+0000][72][gc,age      ] GC(108) - age  10:        152 bytes,    1426320 total
[2023-04-06T08:41:31.092+0000][72][gc,age      ] GC(108) - age  11:       2464 bytes,    1428784 total
[2023-04-06T08:41:31.093+0000][72][gc,age      ] GC(108) - age  12:        944 bytes,    1429728 total
[2023-04-06T08:41:31.093+0000][72][gc,age      ] GC(108) - age  13:       2112 bytes,    1431840 total
[2023-04-06T08:41:31.094+0000][72][gc,age      ] GC(108) - age  14:       4608 bytes,    1436448 total
[2023-04-06T08:41:31.095+0000][72][gc,age      ] GC(108) - age  15:       2624 bytes,    1439072 total
[2023-04-06T08:41:31.096+0000][72][gc,heap     ] GC(108) Eden regions: 24->0(24)
[2023-04-06T08:41:31.097+0000][72][gc,heap     ] GC(108) Survivor regions: 1->1(4)
[2023-04-06T08:41:31.098+0000][72][gc,heap     ] GC(108) Old regions: 24->24
[2023-04-06T08:41:31.099+0000][72][gc,heap     ] GC(108) Archive regions: 2->2
[2023-04-06T08:41:31.099+0000][72][gc,heap     ] GC(108) Humongous regions: 2->2
[2023-04-06T08:41:31.100+0000][72][gc,metaspace] GC(108) Metaspace: 136859K(140416K)->136859K(140416K) NonClass: 119443K(120768K)->119443K(120768K) Class: 17415K(19648K)->17415K(19648K)
[2023-04-06T08:41:31.101+0000][72][gc          ] GC(108) Pause Young (Normal) (G1 Evacuation Pause) 202M->106M(256M) 30.792ms
[2023-04-06T08:41:31.102+0000][72][gc,cpu      ] GC(108) User=0.01s Sys=0.00s Real=0.03s
[2023-04-06T08:41:31.103+0000][72][safepoint   ] Safepoint "G1CollectForAllocation", Time since last: 2486914247 ns, Reaching safepoint: 146594 ns, At safepoint: 32545178 ns, Total: 32691772 ns
[2023-04-06T08:41:32.104+0000][72][safepoint   ] Safepoint "Cleanup", Time since last: 1001007506 ns, Reaching safepoint: 130595 ns, At safepoint: 5687 ns, Total: 136282 ns
[2023-04-06T08:41:40.110+0000][72][safepoint   ] Safepoint "Cleanup", Time since last: 8005389690 ns, Reaching safepoint: 245011 ns, At safepoint: 9253 ns, Total: 254264 ns
[2023-04-06T08:41:43.113+0000][72][safepoint   ] Safepoint "Cleanup", Time since last: 3002263865 ns, Reaching safepoint: 344019 ns, At safepoint: 12305 ns, Total: 356324 ns
[2023-04-06T08:41:44.115+0000][72][safepoint   ] Safepoint "Cleanup", Time since last: 1002557201 ns, Reaching safepoint: 151655 ns, At safepoint: 8938 ns, Total: 160593 ns
[2023-04-06T08:41:46.120+0000][72][safepoint   ] Safepoint "Cleanup", Time since last: 2004617951 ns, Reaching safepoint: 252792 ns, At safepoint: 6279 ns, Total: 259071 ns
[2023-04-06T08:41:49.101+0000][72][safepoint   ] Safepoint "Cleanup", Time since last: 3002442498 ns, Reaching safepoint: 237030 ns, At safepoint: 11150 ns, Total: 248180 ns
[2023-04-06T08:41:50.103+0000][72][safepoint   ] Safepoint "Cleanup", Time since last: 1001315725 ns, Reaching safepoint: 117257 ns, At safepoint: 5303 ns, Total: 122560 ns
[2023-04-06T08:41:51.105+0000][72][safepoint   ] Safepoint "Cleanup", Time since last: 1001875145 ns, Reaching safepoint: 87499 ns, At safepoint: 3249 ns, Total: 90748 ns
[2023-04-06T08:41:56.108+0000][72][safepoint   ] Safepoint "Cleanup", Time since last: 5003163435 ns, Reaching safepoint: 87932 ns, At safepoint: 7762 ns, Total: 95694 ns
[2023-04-06T08:41:58.110+0000][72][safepoint   ] Safepoint "Cleanup", Time since last: 2001695296 ns, Reaching safepoint: 182853 ns, At safepoint: 20558 ns, Total: 203411 ns
[2023-04-06T08:42:00.963+0000][72][gc,start    ] GC(109) Pause Young (Concurrent Start) (G1 Evacuation Pause)
[2023-04-06T08:42:00.967+0000][72][gc,task     ] GC(109) Using 4 workers of 4 for evacuation
[2023-04-06T08:42:00.968+0000][72][gc,age      ] GC(109) Desired survivor size 8388608 bytes, new threshold 15 (max threshold 15)
[2023-04-06T08:42:00.974+0000][72][gc,phases   ] GC(109)   Pre Evacuate Collection Set: 0.3ms
[2023-04-06T08:42:00.975+0000][72][gc,phases   ] GC(109)   Merge Heap Roots: 0.1ms
[2023-04-06T08:42:00.976+0000][72][gc,phases   ] GC(109)   Evacuate Collection Set: 3.2ms
[2023-04-06T08:42:00.977+0000][72][gc,phases   ] GC(109)   Post Evacuate Collection Set: 1.1ms
[2023-04-06T08:42:00.979+0000][72][gc,phases   ] GC(109)   Other: 1.7ms
[2023-04-06T08:42:00.980+0000][72][gc,age      ] GC(109) Age table with threshold 15 (max threshold 15)
[2023-04-06T08:42:00.980+0000][72][gc,age      ] GC(109) - age   1:    1445432 bytes,    1445432 total
[2023-04-06T08:42:00.982+0000][72][gc,age      ] GC(109) - age   2:     131392 bytes,    1576824 total
[2023-04-06T08:42:00.983+0000][72][gc,age      ] GC(109) - age   3:       1424 bytes,    1578248 total
[2023-04-06T08:42:00.983+0000][72][gc,age      ] GC(109) - age   4:       4328 bytes,    1582576 total
[2023-04-06T08:42:00.984+0000][72][gc,age      ] GC(109) - age   5:        592 bytes,    1583168 total
[2023-04-06T08:42:00.985+0000][72][gc,age      ] GC(109) - age   6:       9104 bytes,    1592272 total
[2023-04-06T08:42:00.986+0000][72][gc,age      ] GC(109) - age   7:      24488 bytes,    1616760 total
[2023-04-06T08:42:00.987+0000][72][gc,age      ] GC(109) - age   8:     287824 bytes,    1904584 total
[2023-04-06T08:42:00.988+0000][72][gc,age      ] GC(109) - age   9:      48464 bytes,    1953048 total
[2023-04-06T08:42:00.989+0000][72][gc,age      ] GC(109) - age  10:       2048 bytes,    1955096 total
[2023-04-06T08:42:00.989+0000][72][gc,age      ] GC(109) - age  11:        152 bytes,    1955248 total
[2023-04-06T08:42:00.990+0000][72][gc,age      ] GC(109) - age  12:       2464 bytes,    1957712 total
[2023-04-06T08:42:00.991+0000][72][gc,age      ] GC(109) - age  13:        944 bytes,    1958656 total
[2023-04-06T08:42:00.992+0000][72][gc,age      ] GC(109) - age  14:       2112 bytes,    1960768 total
[2023-04-06T08:42:00.994+0000][72][gc,age      ] GC(109) - age  15:       4608 bytes,    1965376 total
[2023-04-06T08:42:00.994+0000][72][gc,heap     ] GC(109) Eden regions: 24->0(24)
[2023-04-06T08:42:00.996+0000][72][gc,heap     ] GC(109) Survivor regions: 1->1(4)
[2023-04-06T08:42:00.996+0000][72][gc,heap     ] GC(109) Old regions: 24->24
[2023-04-06T08:42:00.997+0000][72][gc,heap     ] GC(109) Archive regions: 2->2
[2023-04-06T08:42:00.998+0000][72][gc,heap     ] GC(109) Humongous regions: 2->2
[2023-04-06T08:42:00.999+0000][72][gc,metaspace] GC(109) Metaspace: 136885K(140480K)->136885K(140480K) NonClass: 119470K(120832K)->119470K(120832K) Class: 17415K(19648K)->17415K(19648K)
[2023-04-06T08:42:00.999+0000][72][gc          ] GC(109) Pause Young (Concurrent Start) (G1 Evacuation Pause) 202M->107M(256M) 36.223ms
[2023-04-06T08:42:01.000+0000][72][gc          ] GC(110) Concurrent Mark Cycle
[2023-04-06T08:42:01.001+0000][72][gc,marking  ] GC(110) Concurrent Clear Claimed Marks
[2023-04-06T08:42:01.000+0000][72][gc,cpu      ] GC(109) User=0.01s Sys=0.00s Real=0.04s
[2023-04-06T08:42:01.003+0000][72][gc,marking  ] GC(110) Concurrent Clear Claimed Marks 1.859ms
[2023-04-06T08:42:01.005+0000][72][gc,marking  ] GC(110) Concurrent Scan Root Regions
[2023-04-06T08:42:01.004+0000][72][safepoint   ] Safepoint "G1CollectForAllocation", Time since last: 2852886837 ns, Reaching safepoint: 147459 ns, At safepoint: 41246776 ns, Total: 41394235 ns
[2023-04-06T08:42:01.011+0000][72][gc,marking  ] GC(110) Concurrent Scan Root Regions 5.435ms
[2023-04-06T08:42:01.012+0000][72][gc,marking  ] GC(110) Concurrent Mark
[2023-04-06T08:42:01.014+0000][72][gc,marking  ] GC(110) Concurrent Mark From Roots
[2023-04-06T08:42:01.016+0000][72][gc,task     ] GC(110) Using 1 workers of 1 for marking
[2023-04-06T08:42:01.196+0000][72][gc,marking  ] GC(110) Concurrent Mark From Roots 182.504ms
[2023-04-06T08:42:01.198+0000][72][gc,marking  ] GC(110) Concurrent Preclean
[2023-04-06T08:42:01.199+0000][72][gc,marking  ] GC(110) Concurrent Preclean 1.334ms
[2023-04-06T08:42:01.201+0000][72][gc,start    ] GC(110) Pause Remark
[2023-04-06T08:42:01.216+0000][72][gc          ] GC(110) Pause Remark 112M->112M(256M) 15.011ms
[2023-04-06T08:42:01.217+0000][72][gc,cpu      ] GC(110) User=0.04s Sys=0.00s Real=0.01s
[2023-04-06T08:42:01.218+0000][72][safepoint   ] Safepoint "G1PauseRemark", Time since last: 196136164 ns, Reaching safepoint: 139387 ns, At safepoint: 17303092 ns, Total: 17442479 ns
[2023-04-06T08:42:01.219+0000][72][gc,marking  ] GC(110) Concurrent Mark 207.084ms
[2023-04-06T08:42:01.219+0000][72][gc,marking  ] GC(110) Concurrent Rebuild Remembered Sets
[2023-04-06T08:42:01.296+0000][72][gc,marking  ] GC(110) Concurrent Rebuild Remembered Sets 76.535ms
[2023-04-06T08:42:01.298+0000][72][gc,start    ] GC(110) Pause Cleanup
[2023-04-06T08:42:01.299+0000][72][gc          ] GC(110) Pause Cleanup 113M->113M(256M) 0.973ms
[2023-04-06T08:42:01.300+0000][72][gc,cpu      ] GC(110) User=0.00s Sys=0.00s Real=0.01s
[2023-04-06T08:42:01.301+0000][72][safepoint   ] Safepoint "G1PauseCleanup", Time since last: 79592541 ns, Reaching safepoint: 179686 ns, At safepoint: 3011709 ns, Total: 3191395 ns
[2023-04-06T08:42:01.302+0000][72][gc,marking  ] GC(110) Concurrent Cleanup for Next Mark
[2023-04-06T08:42:01.303+0000][72][gc,marking  ] GC(110) Concurrent Cleanup for Next Mark 1.033ms
[2023-04-06T08:42:01.304+0000][72][gc          ] GC(110) Concurrent Mark Cycle 303.403ms
[2023-04-06T08:42:02.302+0000][72][safepoint   ] Safepoint "Cleanup", Time since last: 1001266806 ns, Reaching safepoint: 120588 ns, At safepoint: 4240 ns, Total: 124828 ns
[2023-04-06T08:42:03.304+0000][72][safepoint   ] Safepoint "Cleanup", Time since last: 1001313597 ns, Reaching safepoint: 203910 ns, At safepoint: 38949 ns, Total: 242859 ns
[2023-04-06T08:42:04.306+0000][72][safepoint   ] Safepoint "Cleanup", Time since last: 1002508507 ns, Reaching safepoint: 137114 ns, At safepoint: 3960 ns, Total: 141074 ns
[2023-04-06T08:42:06.308+0000][72][safepoint   ] Safepoint "Cleanup", Time since last: 2001808880 ns, Reaching safepoint: 267533 ns, At safepoint: 7068 ns, Total: 274601 ns
[2023-04-06T08:42:07.310+0000][72][safepoint   ] Safepoint "Cleanup", Time since last: 1001476415 ns, Reaching safepoint: 177018 ns, At safepoint: 10323 ns, Total: 187341 ns
[2023-04-06T08:42:13.314+0000][72][safepoint   ] Safepoint "Cleanup", Time since last: 6004053865 ns, Reaching safepoint: 170989 ns, At safepoint: 10418 ns, Total: 181407 ns
[2023-04-06T08:42:25.302+0000][72][safepoint   ] Safepoint "Cleanup", Time since last: 12008902052 ns, Reaching safepoint: 124042 ns, At safepoint: 6420 ns, Total: 130462 ns
[2023-04-06T08:42:31.215+0000][72][gc,start    ] GC(111) Pause Young (Normal) (G1 Evacuation Pause)
[2023-04-06T08:42:31.217+0000][72][gc,task     ] GC(111) Using 4 workers of 4 for evacuation
[2023-04-06T08:42:31.218+0000][72][gc,age      ] GC(111) Desired survivor size 8388608 bytes, new threshold 15 (max threshold 15)
[2023-04-06T08:42:31.225+0000][72][gc,phases   ] GC(111)   Pre Evacuate Collection Set: 0.1ms
[2023-04-06T08:42:31.226+0000][72][gc,phases   ] GC(111)   Merge Heap Roots: 0.1ms
[2023-04-06T08:42:31.227+0000][72][gc,phases   ] GC(111)   Evacuate Collection Set: 4.2ms
[2023-04-06T08:42:31.228+0000][72][gc,phases   ] GC(111)   Post Evacuate Collection Set: 1.3ms
[2023-04-06T08:42:31.229+0000][72][gc,phases   ] GC(111)   Other: 2.4ms
[2023-04-06T08:42:31.230+0000][72][gc,age      ] GC(111) Age table with threshold 15 (max threshold 15)
[2023-04-06T08:42:31.231+0000][72][gc,age      ] GC(111) - age   1:    1896400 bytes,    1896400 total
[2023-04-06T08:42:31.232+0000][72][gc,age      ] GC(111) - age   2:     134592 bytes,    2030992 total
[2023-04-06T08:42:31.232+0000][72][gc,age      ] GC(111) - age   3:      11872 bytes,    2042864 total
[2023-04-06T08:42:31.233+0000][72][gc,age      ] GC(111) - age   4:       1360 bytes,    2044224 total
[2023-04-06T08:42:31.235+0000][72][gc,age      ] GC(111) - age   5:       4264 bytes,    2048488 total
[2023-04-06T08:42:31.236+0000][72][gc,age      ] GC(111) - age   6:        592 bytes,    2049080 total
[2023-04-06T08:42:31.237+0000][72][gc,age      ] GC(111) - age   7:       9104 bytes,    2058184 total
[2023-04-06T08:42:31.238+0000][72][gc,age      ] GC(111) - age   8:      24488 bytes,    2082672 total
[2023-04-06T08:42:31.239+0000][72][gc,age      ] GC(111) - age   9:     287824 bytes,    2370496 total
[2023-04-06T08:42:31.240+0000][72][gc,age      ] GC(111) - age  10:      48256 bytes,    2418752 total
[2023-04-06T08:42:31.241+0000][72][gc,age      ] GC(111) - age  11:       2048 bytes,    2420800 total
[2023-04-06T08:42:31.242+0000][72][gc,age      ] GC(111) - age  12:        152 bytes,    2420952 total
[2023-04-06T08:42:31.242+0000][72][gc,age      ] GC(111) - age  13:       2464 bytes,    2423416 total
[2023-04-06T08:42:31.243+0000][72][gc,age      ] GC(111) - age  14:        944 bytes,    2424360 total
[2023-04-06T08:42:31.244+0000][72][gc,age      ] GC(111) - age  15:       2112 bytes,    2426472 total
[2023-04-06T08:42:31.245+0000][72][gc,heap     ] GC(111) Eden regions: 24->0(23)
[2023-04-06T08:42:31.246+0000][72][gc,heap     ] GC(111) Survivor regions: 1->1(4)
[2023-04-06T08:42:31.247+0000][72][gc,heap     ] GC(111) Old regions: 24->24
[2023-04-06T08:42:31.248+0000][72][gc,heap     ] GC(111) Archive regions: 2->2
[2023-04-06T08:42:31.249+0000][72][gc,heap     ] GC(111) Humongous regions: 2->2
[2023-04-06T08:42:31.249+0000][72][gc,metaspace] GC(111) Metaspace: 136889K(140480K)->136889K(140480K) NonClass: 119473K(120832K)->119473K(120832K) Class: 17415K(19648K)->17415K(19648K)
[2023-04-06T08:42:31.250+0000][72][gc          ] GC(111) Pause Young (Normal) (G1 Evacuation Pause) 203M->107M(256M) 35.044ms
[2023-04-06T08:42:31.251+0000][72][gc,cpu      ] GC(111) User=0.01s Sys=0.00s Real=0.04s
[2023-04-06T08:42:31.252+0000][72][safepoint   ] Safepoint "G1CollectForAllocation", Time since last: 5912717291 ns, Reaching safepoint: 106880 ns, At safepoint: 37089238 ns, Total: 37196118 ns
[2023-04-06T08:42:39.257+0000][72][safepoint   ] Safepoint "Cleanup", Time since last: 8004171925 ns, Reaching safepoint: 138124 ns, At safepoint: 6071 ns, Total: 144195 ns
[2023-04-06T08:42:55.231+0000][72][safepoint   ] Safepoint "Cleanup", Time since last: 16009645532 ns, Reaching safepoint: 218353 ns, At safepoint: 20079 ns, Total: 238432 ns
[2023-04-06T08:42:57.233+0000][72][safepoint   ] Safepoint "Cleanup", Time since last: 2001623809 ns, Reaching safepoint: 109483 ns, At safepoint: 3780 ns, Total: 113263 ns
[2023-04-06T08:42:58.234+0000][72][safepoint   ] Safepoint "Cleanup", Time since last: 1001269442 ns, Reaching safepoint: 154719 ns, At safepoint: 6902 ns, Total: 161621 ns
[2023-04-06T08:43:00.618+0000][72][gc,start    ] GC(112) Pause Young (Concurrent Start) (G1 Evacuation Pause)
[2023-04-06T08:43:00.619+0000][72][gc,task     ] GC(112) Using 4 workers of 4 for evacuation
[2023-04-06T08:43:00.619+0000][72][gc,age      ] GC(112) Desired survivor size 6291456 bytes, new threshold 15 (max threshold 15)
[2023-04-06T08:43:00.624+0000][72][gc,phases   ] GC(112)   Pre Evacuate Collection Set: 0.3ms
[2023-04-06T08:43:00.625+0000][72][gc,phases   ] GC(112)   Merge Heap Roots: 0.1ms
[2023-04-06T08:43:00.626+0000][72][gc,phases   ] GC(112)   Evacuate Collection Set: 2.9ms
[2023-04-06T08:43:00.626+0000][72][gc,phases   ] GC(112)   Post Evacuate Collection Set: 0.9ms
[2023-04-06T08:43:00.627+0000][72][gc,phases   ] GC(112)   Other: 1.1ms
[2023-04-06T08:43:00.627+0000][72][gc,age      ] GC(112) Age table with threshold 15 (max threshold 15)
[2023-04-06T08:43:00.627+0000][72][gc,age      ] GC(112) - age   1:    1090416 bytes,    1090416 total
[2023-04-06T08:43:00.628+0000][72][gc,age      ] GC(112) - age   2:       6704 bytes,    1097120 total
[2023-04-06T08:43:00.629+0000][72][gc,age      ] GC(112) - age   3:        968 bytes,    1098088 total
[2023-04-06T08:43:00.630+0000][72][gc,age      ] GC(112) - age   4:      11424 bytes,    1109512 total
[2023-04-06T08:43:00.631+0000][72][gc,age      ] GC(112) - age   5:       1064 bytes,    1110576 total
[2023-04-06T08:43:00.632+0000][72][gc,age      ] GC(112) - age   6:       4264 bytes,    1114840 total
[2023-04-06T08:43:00.632+0000][72][gc,age      ] GC(112) - age   7:        592 bytes,    1115432 total
[2023-04-06T08:43:00.633+0000][72][gc,age      ] GC(112) - age   8:       9040 bytes,    1124472 total
[2023-04-06T08:43:00.633+0000][72][gc,age      ] GC(112) - age   9:      24488 bytes,    1148960 total
[2023-04-06T08:43:00.634+0000][72][gc,age      ] GC(112) - age  10:     287824 bytes,    1436784 total
[2023-04-06T08:43:00.635+0000][72][gc,age      ] GC(112) - age  11:      48256 bytes,    1485040 total
[2023-04-06T08:43:00.635+0000][72][gc,age      ] GC(112) - age  12:       2048 bytes,    1487088 total
[2023-04-06T08:43:00.636+0000][72][gc,age      ] GC(112) - age  13:        152 bytes,    1487240 total
[2023-04-06T08:43:00.637+0000][72][gc,age      ] GC(112) - age  14:       2464 bytes,    1489704 total
[2023-04-06T08:43:00.638+0000][72][gc,age      ] GC(112) - age  15:        944 bytes,    1490648 total
[2023-04-06T08:43:00.639+0000][72][gc,heap     ] GC(112) Eden regions: 23->0(23)
[2023-04-06T08:43:00.640+0000][72][gc,heap     ] GC(112) Survivor regions: 1->1(3)
[2023-04-06T08:43:00.641+0000][72][gc,heap     ] GC(112) Old regions: 24->24
[2023-04-06T08:43:00.641+0000][72][gc,heap     ] GC(112) Archive regions: 2->2
[2023-04-06T08:43:00.642+0000][72][gc,heap     ] GC(112) Humongous regions: 2->2
[2023-04-06T08:43:00.643+0000][72][gc,metaspace] GC(112) Metaspace: 136895K(140480K)->136895K(140480K) NonClass: 119479K(120832K)->119479K(120832K) Class: 17415K(19648K)->17415K(19648K)
[2023-04-06T08:43:00.644+0000][72][gc          ] GC(112) Pause Young (Concurrent Start) (G1 Evacuation Pause) 199M->106M(256M) 25.281ms
[2023-04-06T08:43:00.644+0000][72][gc,cpu      ] GC(112) User=0.00s Sys=0.00s Real=0.03s
[2023-04-06T08:43:00.644+0000][72][gc          ] GC(113) Concurrent Mark Cycle
[2023-04-06T08:43:00.645+0000][72][safepoint   ] Safepoint "G1CollectForAllocation", Time since last: 2383900573 ns, Reaching safepoint: 74963 ns, At safepoint: 26947376 ns, Total: 27022339 ns
[2023-04-06T08:43:00.646+0000][72][gc,marking  ] GC(113) Concurrent Clear Claimed Marks
[2023-04-06T08:43:00.649+0000][72][gc,marking  ] GC(113) Concurrent Clear Claimed Marks 2.242ms
[2023-04-06T08:43:00.650+0000][72][gc,marking  ] GC(113) Concurrent Scan Root Regions
[2023-04-06T08:43:00.654+0000][72][gc,marking  ] GC(113) Concurrent Scan Root Regions 4.417ms
[2023-04-06T08:43:00.654+0000][72][gc,marking  ] GC(113) Concurrent Mark
[2023-04-06T08:43:00.656+0000][72][gc,marking  ] GC(113) Concurrent Mark From Roots
[2023-04-06T08:43:00.656+0000][72][gc,task     ] GC(113) Using 1 workers of 1 for marking
[2023-04-06T08:43:00.854+0000][72][gc,marking  ] GC(113) Concurrent Mark From Roots 198.438ms
[2023-04-06T08:43:00.855+0000][72][gc,marking  ] GC(113) Concurrent Preclean
[2023-04-06T08:43:00.857+0000][72][gc,marking  ] GC(113) Concurrent Preclean 1.319ms
[2023-04-06T08:43:00.858+0000][72][gc,start    ] GC(113) Pause Remark
[2023-04-06T08:43:00.875+0000][72][gc          ] GC(113) Pause Remark 108M->108M(256M) 16.587ms
[2023-04-06T08:43:00.876+0000][72][gc,cpu      ] GC(113) User=0.04s Sys=0.00s Real=0.02s
[2023-04-06T08:43:00.878+0000][72][safepoint   ] Safepoint "G1PauseRemark", Time since last: 212632744 ns, Reaching safepoint: 570429 ns, At safepoint: 19720962 ns, Total: 20291391 ns
[2023-04-06T08:43:00.879+0000][72][gc,marking  ] GC(113) Concurrent Mark 224.889ms
[2023-04-06T08:43:00.880+0000][72][gc,marking  ] GC(113) Concurrent Rebuild Remembered Sets
[2023-04-06T08:43:00.964+0000][72][gc,marking  ] GC(113) Concurrent Rebuild Remembered Sets 83.870ms
[2023-04-06T08:43:00.965+0000][72][gc,start    ] GC(113) Pause Cleanup
[2023-04-06T08:43:00.966+0000][72][gc          ] GC(113) Pause Cleanup 109M->109M(256M) 1.075ms
[2023-04-06T08:43:00.967+0000][72][gc,cpu      ] GC(113) User=0.00s Sys=0.00s Real=0.00s
[2023-04-06T08:43:00.968+0000][72][safepoint   ] Safepoint "G1PauseCleanup", Time since last: 87054612 ns, Reaching safepoint: 143984 ns, At safepoint: 2635465 ns, Total: 2779449 ns
[2023-04-06T08:43:00.970+0000][72][gc,marking  ] GC(113) Concurrent Cleanup for Next Mark
[2023-04-06T08:43:00.971+0000][72][gc,marking  ] GC(113) Concurrent Cleanup for Next Mark 1.076ms
[2023-04-06T08:43:00.972+0000][72][gc          ] GC(113) Concurrent Mark Cycle 327.677ms
[2023-04-06T08:43:07.971+0000][72][safepoint   ] Safepoint "Cleanup", Time since last: 7003369245 ns, Reaching safepoint: 101433 ns, At safepoint: 4428 ns, Total: 105861 ns
[2023-04-06T08:43:12.980+0000][72][safepoint   ] Safepoint "Cleanup", Time since last: 5008092754 ns, Reaching safepoint: 198161 ns, At safepoint: 12825 ns, Total: 210986 ns
[2023-04-06T08:43:13.982+0000][72][safepoint   ] Safepoint "Cleanup", Time since last: 1001822823 ns, Reaching safepoint: 162418 ns, At safepoint: 10164 ns, Total: 172582 ns
[2023-04-06T08:43:18.961+0000][72][safepoint   ] Safepoint "Cleanup", Time since last: 5003614025 ns, Reaching safepoint: 201815 ns, At safepoint: 4587 ns, Total: 206402 ns
[2023-04-06T08:43:30.791+0000][72][gc,start    ] GC(114) Pause Young (Normal) (G1 Evacuation Pause)
[2023-04-06T08:43:30.791+0000][72][gc,task     ] GC(114) Using 4 workers of 4 for evacuation
[2023-04-06T08:43:30.792+0000][72][gc,age      ] GC(114) Desired survivor size 6291456 bytes, new threshold 15 (max threshold 15)
[2023-04-06T08:43:30.795+0000][72][gc,phases   ] GC(114)   Pre Evacuate Collection Set: 0.1ms
[2023-04-06T08:43:30.796+0000][72][gc,phases   ] GC(114)   Merge Heap Roots: 0.1ms
[2023-04-06T08:43:30.796+0000][72][gc,phases   ] GC(114)   Evacuate Collection Set: 1.7ms
[2023-04-06T08:43:30.797+0000][72][gc,phases   ] GC(114)   Post Evacuate Collection Set: 0.8ms
[2023-04-06T08:43:30.797+0000][72][gc,phases   ] GC(114)   Other: 0.9ms
[2023-04-06T08:43:30.797+0000][72][gc,age      ] GC(114) Age table with threshold 15 (max threshold 15)
[2023-04-06T08:43:30.798+0000][72][gc,age      ] GC(114) - age   1:    1358472 bytes,    1358472 total
[2023-04-06T08:43:30.798+0000][72][gc,age      ] GC(114) - age   2:     156104 bytes,    1514576 total
[2023-04-06T08:43:30.799+0000][72][gc,age      ] GC(114) - age   3:        528 bytes,    1515104 total
[2023-04-06T08:43:30.799+0000][72][gc,age      ] GC(114) - age   4:        648 bytes,    1515752 total
[2023-04-06T08:43:30.799+0000][72][gc,age      ] GC(114) - age   5:      11232 bytes,    1526984 total
[2023-04-06T08:43:30.800+0000][72][gc,age      ] GC(114) - age   6:       1064 bytes,    1528048 total
[2023-04-06T08:43:30.800+0000][72][gc,age      ] GC(114) - age   7:       4264 bytes,    1532312 total
[2023-04-06T08:43:30.800+0000][72][gc,age      ] GC(114) - age   8:        592 bytes,    1532904 total
[2023-04-06T08:43:30.801+0000][72][gc,age      ] GC(114) - age   9:       8320 bytes,    1541224 total
[2023-04-06T08:43:30.801+0000][72][gc,age      ] GC(114) - age  10:       9064 bytes,    1550288 total
[2023-04-06T08:43:30.802+0000][72][gc,age      ] GC(114) - age  11:     188888 bytes,    1739176 total
[2023-04-06T08:43:30.802+0000][72][gc,age      ] GC(114) - age  12:      48256 bytes,    1787432 total
[2023-04-06T08:43:30.803+0000][72][gc,age      ] GC(114) - age  13:       2048 bytes,    1789480 total
[2023-04-06T08:43:30.803+0000][72][gc,age      ] GC(114) - age  14:        152 bytes,    1789632 total
[2023-04-06T08:43:30.804+0000][72][gc,age      ] GC(114) - age  15:       2464 bytes,    1792096 total
[2023-04-06T08:43:30.804+0000][72][gc,heap     ] GC(114) Eden regions: 23->0(23)
[2023-04-06T08:43:30.805+0000][72][gc,heap     ] GC(114) Survivor regions: 1->1(3)
[2023-04-06T08:43:30.805+0000][72][gc,heap     ] GC(114) Old regions: 24->24
[2023-04-06T08:43:30.806+0000][72][gc,heap     ] GC(114) Archive regions: 2->2
[2023-04-06T08:43:30.806+0000][72][gc,heap     ] GC(114) Humongous regions: 2->2
[2023-04-06T08:43:30.807+0000][72][gc,metaspace] GC(114) Metaspace: 136900K(140480K)->136900K(140480K) NonClass: 119484K(120832K)->119484K(120832K) Class: 17415K(19648K)->17415K(19648K)
[2023-04-06T08:43:30.807+0000][72][gc          ] GC(114) Pause Young (Normal) (G1 Evacuation Pause) 198M->107M(256M) 16.852ms
[2023-04-06T08:43:30.808+0000][72][gc,cpu      ] GC(114) User=0.01s Sys=0.01s Real=0.01s
[2023-04-06T08:43:30.808+0000][72][safepoint   ] Safepoint "G1CollectForAllocation", Time since last: 11829435305 ns, Reaching safepoint: 104708 ns, At safepoint: 17874866 ns, Total: 17979574 ns
[2023-04-06T08:43:31.810+0000][72][safepoint   ] Safepoint "Cleanup", Time since last: 1000823493 ns, Reaching safepoint: 267505 ns, At safepoint: 6977 ns, Total: 274482 ns
[2023-04-06T08:43:39.817+0000][72][safepoint   ] Safepoint "Cleanup", Time since last: 8006919263 ns, Reaching safepoint: 165467 ns, At safepoint: 14723 ns, Total: 180190 ns
[2023-04-06T08:43:42.819+0000][72][safepoint   ] Safepoint "Cleanup", Time since last: 3002506869 ns, Reaching safepoint: 212208 ns, At safepoint: 5211 ns, Total: 217419 ns
[2023-04-06T08:43:45.822+0000][72][safepoint   ] Safepoint "Cleanup", Time since last: 3002443139 ns, Reaching safepoint: 141227 ns, At safepoint: 3494 ns, Total: 144721 ns
[2023-04-06T08:43:55.806+0000][72][safepoint   ] Safepoint "Cleanup", Time since last: 10005768181 ns, Reaching safepoint: 141420 ns, At safepoint: 4758 ns, Total: 146178 ns
[2023-04-06T08:44:00.525+0000][72][gc,start    ] GC(115) Pause Young (Concurrent Start) (G1 Evacuation Pause)
[2023-04-06T08:44:00.526+0000][72][gc,task     ] GC(115) Using 4 workers of 4 for evacuation
[2023-04-06T08:44:00.527+0000][72][gc,age      ] GC(115) Desired survivor size 6291456 bytes, new threshold 15 (max threshold 15)
[2023-04-06T08:44:00.531+0000][72][gc,phases   ] GC(115)   Pre Evacuate Collection Set: 0.5ms
[2023-04-06T08:44:00.532+0000][72][gc,phases   ] GC(115)   Merge Heap Roots: 0.2ms
[2023-04-06T08:44:00.533+0000][72][gc,phases   ] GC(115)   Evacuate Collection Set: 2.1ms
[2023-04-06T08:44:00.534+0000][72][gc,phases   ] GC(115)   Post Evacuate Collection Set: 1.2ms
[2023-04-06T08:44:00.534+0000][72][gc,phases   ] GC(115)   Other: 1.5ms
[2023-04-06T08:44:00.535+0000][72][gc,age      ] GC(115) Age table with threshold 15 (max threshold 15)
[2023-04-06T08:44:00.536+0000][72][gc,age      ] GC(115) - age   1:    1741752 bytes,    1741752 total
[2023-04-06T08:44:00.537+0000][72][gc,age      ] GC(115) - age   2:     481048 bytes,    2222800 total
[2023-04-06T08:44:00.538+0000][72][gc,age      ] GC(115) - age   3:        864 bytes,    2223664 total
[2023-04-06T08:44:00.539+0000][72][gc,age      ] GC(115) - age   4:        464 bytes,    2224128 total
[2023-04-06T08:44:00.539+0000][72][gc,age      ] GC(115) - age   5:        648 bytes,    2224776 total
[2023-04-06T08:44:00.540+0000][72][gc,age      ] GC(115) - age   6:      11232 bytes,    2236008 total
[2023-04-06T08:44:00.541+0000][72][gc,age      ] GC(115) - age   7:       1064 bytes,    2237072 total
[2023-04-06T08:44:00.541+0000][72][gc,age      ] GC(115) - age   8:       4264 bytes,    2241336 total
[2023-04-06T08:44:00.542+0000][72][gc,age      ] GC(115) - age   9:        592 bytes,    2241928 total
[2023-04-06T08:44:00.543+0000][72][gc,age      ] GC(115) - age  10:       8320 bytes,    2250248 total
[2023-04-06T08:44:00.544+0000][72][gc,age      ] GC(115) - age  11:       9000 bytes,    2259248 total
[2023-04-06T08:44:00.545+0000][72][gc,age      ] GC(115) - age  12:     188888 bytes,    2448136 total
[2023-04-06T08:44:00.545+0000][72][gc,age      ] GC(115) - age  13:      48256 bytes,    2496392 total
[2023-04-06T08:44:00.546+0000][72][gc,age      ] GC(115) - age  14:       2048 bytes,    2498440 total
[2023-04-06T08:44:00.547+0000][72][gc,age      ] GC(115) - age  15:        152 bytes,    2498592 total
[2023-04-06T08:44:00.548+0000][72][gc,heap     ] GC(115) Eden regions: 23->0(23)
[2023-04-06T08:44:00.548+0000][72][gc,heap     ] GC(115) Survivor regions: 1->1(3)
[2023-04-06T08:44:00.549+0000][72][gc,heap     ] GC(115) Old regions: 24->24
[2023-04-06T08:44:00.549+0000][72][gc,heap     ] GC(115) Archive regions: 2->2
[2023-04-06T08:44:00.550+0000][72][gc,heap     ] GC(115) Humongous regions: 2->2
[2023-04-06T08:44:00.551+0000][72][gc,metaspace] GC(115) Metaspace: 136905K(140480K)->136905K(140480K) NonClass: 119489K(120832K)->119489K(120832K) Class: 17415K(19648K)->17415K(19648K)
[2023-04-06T08:44:00.551+0000][72][gc          ] GC(115) Pause Young (Concurrent Start) (G1 Evacuation Pause) 199M->107M(256M) 26.667ms
[2023-04-06T08:44:00.552+0000][72][gc,cpu      ] GC(115) User=0.01s Sys=0.00s Real=0.03s
[2023-04-06T08:44:00.552+0000][72][gc          ] GC(116) Concurrent Mark Cycle
[2023-04-06T08:44:00.554+0000][72][gc,marking  ] GC(116) Concurrent Clear Claimed Marks
[2023-04-06T08:44:00.553+0000][72][safepoint   ] Safepoint "G1CollectForAllocation", Time since last: 4718284719 ns, Reaching safepoint: 109688 ns, At safepoint: 28125529 ns, Total: 28235217 ns
[2023-04-06T08:44:00.555+0000][72][gc,marking  ] GC(116) Concurrent Clear Claimed Marks 1.078ms
[2023-04-06T08:44:00.556+0000][72][gc,marking  ] GC(116) Concurrent Scan Root Regions
[2023-04-06T08:44:00.560+0000][72][gc,marking  ] GC(116) Concurrent Scan Root Regions 3.907ms
[2023-04-06T08:44:00.561+0000][72][gc,marking  ] GC(116) Concurrent Mark
[2023-04-06T08:44:00.561+0000][72][gc,marking  ] GC(116) Concurrent Mark From Roots
[2023-04-06T08:44:00.562+0000][72][gc,task     ] GC(116) Using 1 workers of 1 for marking
[2023-04-06T08:44:00.730+0000][72][gc,marking  ] GC(116) Concurrent Mark From Roots 168.387ms
[2023-04-06T08:44:00.730+0000][72][gc,marking  ] GC(116) Concurrent Preclean
[2023-04-06T08:44:00.731+0000][72][gc,marking  ] GC(116) Concurrent Preclean 1.007ms
[2023-04-06T08:44:00.733+0000][72][gc,start    ] GC(116) Pause Remark
[2023-04-06T08:44:00.749+0000][72][gc          ] GC(116) Pause Remark 110M->110M(256M) 16.187ms
[2023-04-06T08:44:00.750+0000][72][gc,cpu      ] GC(116) User=0.03s Sys=0.00s Real=0.02s
[2023-04-06T08:44:00.751+0000][72][safepoint   ] Safepoint "G1PauseRemark", Time since last: 179512511 ns, Reaching safepoint: 117854 ns, At safepoint: 18557312 ns, Total: 18675166 ns
[2023-04-06T08:44:00.752+0000][72][gc,marking  ] GC(116) Concurrent Mark 191.495ms
[2023-04-06T08:44:00.753+0000][72][gc,marking  ] GC(116) Concurrent Rebuild Remembered Sets
[2023-04-06T08:44:00.823+0000][72][gc,marking  ] GC(116) Concurrent Rebuild Remembered Sets 69.315ms
[2023-04-06T08:44:00.823+0000][72][gc,start    ] GC(116) Pause Cleanup
[2023-04-06T08:44:00.824+0000][72][gc          ] GC(116) Pause Cleanup 110M->110M(256M) 0.880ms
[2023-04-06T08:44:00.825+0000][72][gc,cpu      ] GC(116) User=0.00s Sys=0.00s Real=0.00s
[2023-04-06T08:44:00.826+0000][72][safepoint   ] Safepoint "G1PauseCleanup", Time since last: 72175542 ns, Reaching safepoint: 130252 ns, At safepoint: 2346321 ns, Total: 2476573 ns
[2023-04-06T08:44:00.826+0000][72][gc,marking  ] GC(116) Concurrent Cleanup for Next Mark
[2023-04-06T08:44:00.827+0000][72][gc,marking  ] GC(116) Concurrent Cleanup for Next Mark 0.873ms
[2023-04-06T08:44:00.828+0000][72][gc          ] GC(116) Concurrent Mark Cycle 275.663ms
[2023-04-06T08:44:02.827+0000][72][safepoint   ] Safepoint "Cleanup", Time since last: 2001007574 ns, Reaching safepoint: 140985 ns, At safepoint: 5974 ns, Total: 146959 ns
[2023-04-06T08:44:10.832+0000][72][safepoint   ] Safepoint "Cleanup", Time since last: 8005156294 ns, Reaching safepoint: 101239 ns, At safepoint: 3248 ns, Total: 104487 ns
[2023-04-06T08:44:19.819+0000][72][safepoint   ] Safepoint "Cleanup", Time since last: 9007047847 ns, Reaching safepoint: 753728 ns, At safepoint: 40517 ns, Total: 794245 ns
[2023-04-06T08:44:24.826+0000][72][safepoint   ] Safepoint "Cleanup", Time since last: 5006956959 ns, Reaching safepoint: 122473 ns, At safepoint: 7902 ns, Total: 130375 ns
[2023-04-06T08:44:30.510+0000][72][gc,start    ] GC(117) Pause Young (Normal) (G1 Evacuation Pause)
[2023-04-06T08:44:30.511+0000][72][gc,task     ] GC(117) Using 4 workers of 4 for evacuation
[2023-04-06T08:44:30.511+0000][72][gc,age      ] GC(117) Desired survivor size 6291456 bytes, new threshold 15 (max threshold 15)
[2023-04-06T08:44:30.515+0000][72][gc,phases   ] GC(117)   Pre Evacuate Collection Set: 0.1ms
[2023-04-06T08:44:30.516+0000][72][gc,phases   ] GC(117)   Merge Heap Roots: 0.1ms
[2023-04-06T08:44:30.516+0000][72][gc,phases   ] GC(117)   Evacuate Collection Set: 1.8ms
[2023-04-06T08:44:30.517+0000][72][gc,phases   ] GC(117)   Post Evacuate Collection Set: 0.8ms
[2023-04-06T08:44:30.518+0000][72][gc,phases   ] GC(117)   Other: 1.1ms
[2023-04-06T08:44:30.518+0000][72][gc,age      ] GC(117) Age table with threshold 15 (max threshold 15)
[2023-04-06T08:44:30.519+0000][72][gc,age      ] GC(117) - age   1:     775624 bytes,     775624 total
[2023-04-06T08:44:30.519+0000][72][gc,age      ] GC(117) - age   2:       2920 bytes,     778544 total
[2023-04-06T08:44:30.520+0000][72][gc,age      ] GC(117) - age   3:     345880 bytes,    1124424 total
[2023-04-06T08:44:30.520+0000][72][gc,age      ] GC(117) - age   4:        832 bytes,    1125256 total
[2023-04-06T08:44:30.521+0000][72][gc,age      ] GC(117) - age   5:        400 bytes,    1125656 total
[2023-04-06T08:44:30.522+0000][72][gc,age      ] GC(117) - age   6:        648 bytes,    1126304 total
[2023-04-06T08:44:30.523+0000][72][gc,age      ] GC(117) - age   7:      11232 bytes,    1137536 total
[2023-04-06T08:44:30.524+0000][72][gc,age      ] GC(117) - age   8:       1064 bytes,    1138600 total
[2023-04-06T08:44:30.525+0000][72][gc,age      ] GC(117) - age   9:       3968 bytes,    1142568 total
[2023-04-06T08:44:30.526+0000][72][gc,age      ] GC(117) - age  10:        592 bytes,    1143160 total
[2023-04-06T08:44:30.526+0000][72][gc,age      ] GC(117) - age  11:       8320 bytes,    1151480 total
[2023-04-06T08:44:30.527+0000][72][gc,age      ] GC(117) - age  12:       9000 bytes,    1160480 total
[2023-04-06T08:44:30.528+0000][72][gc,age      ] GC(117) - age  13:     188360 bytes,    1348840 total
[2023-04-06T08:44:30.529+0000][72][gc,age      ] GC(117) - age  14:      44456 bytes,    1393296 total
[2023-04-06T08:44:30.529+0000][72][gc,age      ] GC(117) - age  15:       2048 bytes,    1395344 total
[2023-04-06T08:44:30.530+0000][72][gc,heap     ] GC(117) Eden regions: 23->0(23)
[2023-04-06T08:44:30.531+0000][72][gc,heap     ] GC(117) Survivor regions: 1->1(3)
[2023-04-06T08:44:30.531+0000][72][gc,heap     ] GC(117) Old regions: 24->24
[2023-04-06T08:44:30.532+0000][72][gc,heap     ] GC(117) Archive regions: 2->2
[2023-04-06T08:44:30.533+0000][72][gc,heap     ] GC(117) Humongous regions: 2->2
[2023-04-06T08:44:30.533+0000][72][gc,metaspace] GC(117) Metaspace: 136908K(140480K)->136908K(140480K) NonClass: 119492K(120832K)->119492K(120832K) Class: 17415K(19648K)->17415K(19648K)
[2023-04-06T08:44:30.534+0000][72][gc          ] GC(117) Pause Young (Normal) (G1 Evacuation Pause) 199M->106M(256M) 24.657ms
[2023-04-06T08:44:30.535+0000][72][gc,cpu      ] GC(117) User=0.01s Sys=0.00s Real=0.02s
[2023-04-06T08:44:30.536+0000][72][safepoint   ] Safepoint "G1CollectForAllocation", Time since last: 5683802633 ns, Reaching safepoint: 249068 ns, At safepoint: 26247542 ns, Total: 26496610 ns
[2023-04-06T08:44:31.537+0000][72][safepoint   ] Safepoint "Cleanup", Time since last: 1001252368 ns, Reaching safepoint: 114423 ns, At safepoint: 3578 ns, Total: 118001 ns
[2023-04-06T08:44:36.541+0000][72][safepoint   ] Safepoint "Cleanup", Time since last: 5003690018 ns, Reaching safepoint: 341804 ns, At safepoint: 15626 ns, Total: 357430 ns
[2023-04-06T08:44:40.545+0000][72][safepoint   ] Safepoint "Cleanup", Time since last: 4003707746 ns, Reaching safepoint: 182692 ns, At safepoint: 4582 ns, Total: 187274 ns
[2023-04-06T08:44:49.528+0000][72][safepoint   ] Safepoint "Cleanup", Time since last: 9003954469 ns, Reaching safepoint: 187873 ns, At safepoint: 8155 ns, Total: 196028 ns
[2023-04-06T08:44:50.529+0000][72][safepoint   ] Safepoint "Cleanup", Time since last: 1000848485 ns, Reaching safepoint: 89710 ns, At safepoint: 2776 ns, Total: 92486 ns
[2023-04-06T08:44:51.530+0000][72][safepoint   ] Safepoint "Cleanup", Time since last: 1000903331 ns, Reaching safepoint: 222325 ns, At safepoint: 20144 ns, Total: 242469 ns
[2023-04-06T08:44:54.536+0000][72][safepoint   ] Safepoint "Cleanup", Time since last: 3005471535 ns, Reaching safepoint: 164106 ns, At safepoint: 4739 ns, Total: 168845 ns
[2023-04-06T08:44:55.538+0000][72][safepoint   ] Safepoint "Cleanup", Time since last: 1001704283 ns, Reaching safepoint: 142904 ns, At safepoint: 14397 ns, Total: 157301 ns
[2023-04-06T08:45:00.540+0000][72][safepoint   ] Safepoint "Cleanup", Time since last: 5002640474 ns, Reaching safepoint: 88826 ns, At safepoint: 2982 ns, Total: 91808 ns
[2023-04-06T08:45:01.869+0000][72][gc,start    ] GC(118) Pause Young (Concurrent Start) (G1 Evacuation Pause)
[2023-04-06T08:45:01.870+0000][72][gc,task     ] GC(118) Using 4 workers of 4 for evacuation
[2023-04-06T08:45:01.870+0000][72][gc,age      ] GC(118) Desired survivor size 6291456 bytes, new threshold 15 (max threshold 15)
[2023-04-06T08:45:01.874+0000][72][gc,phases   ] GC(118)   Pre Evacuate Collection Set: 0.3ms
[2023-04-06T08:45:01.875+0000][72][gc,phases   ] GC(118)   Merge Heap Roots: 0.2ms
[2023-04-06T08:45:01.875+0000][72][gc,phases   ] GC(118)   Evacuate Collection Set: 1.5ms
[2023-04-06T08:45:01.876+0000][72][gc,phases   ] GC(118)   Post Evacuate Collection Set: 0.9ms
[2023-04-06T08:45:01.877+0000][72][gc,phases   ] GC(118)   Other: 1.2ms
[2023-04-06T08:45:01.878+0000][72][gc,age      ] GC(118) Age table with threshold 15 (max threshold 15)
[2023-04-06T08:45:01.879+0000][72][gc,age      ] GC(118) - age   1:     845960 bytes,     845960 total
[2023-04-06T08:45:01.880+0000][72][gc,age      ] GC(118) - age   2:     129048 bytes,     975008 total
[2023-04-06T08:45:01.881+0000][72][gc,age      ] GC(118) - age   3:       2032 bytes,     977040 total
[2023-04-06T08:45:01.882+0000][72][gc,age      ] GC(118) - age   4:     345328 bytes,    1322368 total
[2023-04-06T08:45:01.883+0000][72][gc,age      ] GC(118) - age   5:        704 bytes,    1323072 total
[2023-04-06T08:45:01.884+0000][72][gc,age      ] GC(118) - age   6:        400 bytes,    1323472 total
[2023-04-06T08:45:01.885+0000][72][gc,age      ] GC(118) - age   7:        648 bytes,    1324120 total
[2023-04-06T08:45:01.886+0000][72][gc,age      ] GC(118) - age   8:      11232 bytes,    1335352 total
[2023-04-06T08:45:01.887+0000][72][gc,age      ] GC(118) - age   9:       1064 bytes,    1336416 total
[2023-04-06T08:45:01.888+0000][72][gc,age      ] GC(118) - age  10:       3968 bytes,    1340384 total
[2023-04-06T08:45:01.889+0000][72][gc,age      ] GC(118) - age  11:        592 bytes,    1340976 total
[2023-04-06T08:45:01.889+0000][72][gc,age      ] GC(118) - age  12:       8320 bytes,    1349296 total
[2023-04-06T08:45:01.890+0000][72][gc,age      ] GC(118) - age  13:       9000 bytes,    1358296 total
[2023-04-06T08:45:01.891+0000][72][gc,age      ] GC(118) - age  14:     188296 bytes,    1546592 total
[2023-04-06T08:45:01.892+0000][72][gc,age      ] GC(118) - age  15:      44456 bytes,    1591048 total
[2023-04-06T08:45:01.893+0000][72][gc,heap     ] GC(118) Eden regions: 23->0(24)
[2023-04-06T08:45:01.893+0000][72][gc,heap     ] GC(118) Survivor regions: 1->1(3)
[2023-04-06T08:45:01.894+0000][72][gc,heap     ] GC(118) Old regions: 24->24
[2023-04-06T08:45:01.894+0000][72][gc,heap     ] GC(118) Archive regions: 2->2
[2023-04-06T08:45:01.895+0000][72][gc,heap     ] GC(118) Humongous regions: 2->2
[2023-04-06T08:45:01.896+0000][72][gc,metaspace] GC(118) Metaspace: 136908K(140480K)->136908K(140480K) NonClass: 119492K(120832K)->119492K(120832K) Class: 17415K(19648K)->17415K(19648K)
[2023-04-06T08:45:01.896+0000][72][gc          ] GC(118) Pause Young (Concurrent Start) (G1 Evacuation Pause) 198M->106M(256M) 26.792ms
[2023-04-06T08:45:01.897+0000][72][gc          ] GC(119) Concurrent Mark Cycle
[2023-04-06T08:45:01.898+0000][72][gc,marking  ] GC(119) Concurrent Clear Claimed Marks
[2023-04-06T08:45:01.897+0000][72][gc,cpu      ] GC(118) User=0.01s Sys=0.00s Real=0.03s
[2023-04-06T08:45:01.899+0000][72][safepoint   ] Safepoint "G1CollectForAllocation", Time since last: 1328957263 ns, Reaching safepoint: 89198 ns, At safepoint: 30008140 ns, Total: 30097338 ns
[2023-04-06T08:45:01.899+0000][72][gc,marking  ] GC(119) Concurrent Clear Claimed Marks 1.137ms
[2023-04-06T08:45:01.902+0000][72][gc,marking  ] GC(119) Concurrent Scan Root Regions
[2023-04-06T08:45:01.905+0000][72][gc,marking  ] GC(119) Concurrent Scan Root Regions 2.848ms
[2023-04-06T08:45:01.906+0000][72][gc,marking  ] GC(119) Concurrent Mark
[2023-04-06T08:45:01.906+0000][72][gc,marking  ] GC(119) Concurrent Mark From Roots
[2023-04-06T08:45:01.907+0000][72][gc,task     ] GC(119) Using 1 workers of 1 for marking
[2023-04-06T08:45:02.037+0000][72][gc,marking  ] GC(119) Concurrent Mark From Roots 130.895ms
[2023-04-06T08:45:02.038+0000][72][gc,marking  ] GC(119) Concurrent Preclean
[2023-04-06T08:45:02.039+0000][72][gc,marking  ] GC(119) Concurrent Preclean 0.889ms
[2023-04-06T08:45:02.040+0000][72][gc,start    ] GC(119) Pause Remark
[2023-04-06T08:45:02.052+0000][72][gc          ] GC(119) Pause Remark 107M->107M(256M) 12.506ms
[2023-04-06T08:45:02.053+0000][72][gc,cpu      ] GC(119) User=0.03s Sys=0.00s Real=0.01s
[2023-04-06T08:45:02.054+0000][72][safepoint   ] Safepoint "G1PauseRemark", Time since last: 140196869 ns, Reaching safepoint: 154560 ns, At safepoint: 14090861 ns, Total: 14245421 ns
[2023-04-06T08:45:02.055+0000][72][gc,marking  ] GC(119) Concurrent Mark 149.275ms
[2023-04-06T08:45:02.055+0000][72][gc,marking  ] GC(119) Concurrent Rebuild Remembered Sets
[2023-04-06T08:45:02.121+0000][72][gc,marking  ] GC(119) Concurrent Rebuild Remembered Sets 65.129ms
[2023-04-06T08:45:02.121+0000][72][gc,start    ] GC(119) Pause Cleanup
[2023-04-06T08:45:02.122+0000][72][gc          ] GC(119) Pause Cleanup 108M->108M(256M) 0.587ms
[2023-04-06T08:45:02.123+0000][72][gc,cpu      ] GC(119) User=0.00s Sys=0.00s Real=0.00s
[2023-04-06T08:45:02.124+0000][72][safepoint   ] Safepoint "G1PauseCleanup", Time since last: 67556558 ns, Reaching safepoint: 72540 ns, At safepoint: 2033635 ns, Total: 2106175 ns
[2023-04-06T08:45:02.124+0000][72][gc,marking  ] GC(119) Concurrent Cleanup for Next Mark
[2023-04-06T08:45:02.125+0000][72][gc,marking  ] GC(119) Concurrent Cleanup for Next Mark 0.932ms
[2023-04-06T08:45:02.126+0000][72][gc          ] GC(119) Concurrent Mark Cycle 229.058ms
[2023-04-06T08:45:36.736+0000][72][gc,start    ] GC(120) Pause Young (Normal) (G1 Evacuation Pause)
[2023-04-06T08:45:36.737+0000][72][gc,task     ] GC(120) Using 4 workers of 4 for evacuation
[2023-04-06T08:45:36.737+0000][72][gc,age      ] GC(120) Desired survivor size 8388608 bytes, new threshold 15 (max threshold 15)
[2023-04-06T08:45:36.742+0000][72][gc,phases   ] GC(120)   Pre Evacuate Collection Set: 0.3ms
[2023-04-06T08:45:36.743+0000][72][gc,phases   ] GC(120)   Merge Heap Roots: 0.3ms
[2023-04-06T08:45:36.744+0000][72][gc,phases   ] GC(120)   Evacuate Collection Set: 2.3ms
[2023-04-06T08:45:36.744+0000][72][gc,phases   ] GC(120)   Post Evacuate Collection Set: 1.0ms
[2023-04-06T08:45:36.744+0000][72][gc,phases   ] GC(120)   Other: 1.4ms
[2023-04-06T08:45:36.745+0000][72][gc,age      ] GC(120) Age table with threshold 15 (max threshold 15)
[2023-04-06T08:45:36.745+0000][72][gc,age      ] GC(120) - age   1:    1164616 bytes,    1164616 total
[2023-04-06T08:45:36.746+0000][72][gc,age      ] GC(120) - age   2:     137120 bytes,    1301736 total
[2023-04-06T08:45:36.746+0000][72][gc,age      ] GC(120) - age   3:      11248 bytes,    1312984 total
[2023-04-06T08:45:36.747+0000][72][gc,age      ] GC(120) - age   4:       1480 bytes,    1314464 total
[2023-04-06T08:45:36.747+0000][72][gc,age      ] GC(120) - age   5:     345152 bytes,    1659616 total
[2023-04-06T08:45:36.748+0000][72][gc,age      ] GC(120) - age   6:        704 bytes,    1660320 total
[2023-04-06T08:45:36.748+0000][72][gc,age      ] GC(120) - age   7:        400 bytes,    1660720 total
[2023-04-06T08:45:36.749+0000][72][gc,age      ] GC(120) - age   8:        648 bytes,    1661368 total
[2023-04-06T08:45:36.749+0000][72][gc,age      ] GC(120) - age   9:      11232 bytes,    1672600 total
[2023-04-06T08:45:36.750+0000][72][gc,age      ] GC(120) - age  10:       1064 bytes,    1673664 total
[2023-04-06T08:45:36.750+0000][72][gc,age      ] GC(120) - age  11:       3968 bytes,    1677632 total
[2023-04-06T08:45:36.752+0000][72][gc,age      ] GC(120) - age  12:        592 bytes,    1678224 total
[2023-04-06T08:45:36.752+0000][72][gc,age      ] GC(120) - age  13:       8320 bytes,    1686544 total
[2023-04-06T08:45:36.753+0000][72][gc,age      ] GC(120) - age  14:       9000 bytes,    1695544 total
[2023-04-06T08:45:36.754+0000][72][gc,age      ] GC(120) - age  15:     188296 bytes,    1883840 total
[2023-04-06T08:45:36.754+0000][72][gc,heap     ] GC(120) Eden regions: 24->0(24)
[2023-04-06T08:45:36.755+0000][72][gc,heap     ] GC(120) Survivor regions: 1->1(4)
[2023-04-06T08:45:36.756+0000][72][gc,heap     ] GC(120) Old regions: 24->24
[2023-04-06T08:45:36.757+0000][72][gc,heap     ] GC(120) Archive regions: 2->2
[2023-04-06T08:45:36.758+0000][72][gc,heap     ] GC(120) Humongous regions: 2->2
[2023-04-06T08:45:36.758+0000][72][gc,metaspace] GC(120) Metaspace: 136909K(140480K)->136909K(140480K) NonClass: 119493K(120832K)->119493K(120832K) Class: 17415K(19648K)->17415K(19648K)
[2023-04-06T08:45:36.759+0000][72][gc          ] GC(120) Pause Young (Normal) (G1 Evacuation Pause) 202M->107M(256M) 22.639ms
[2023-04-06T08:45:36.759+0000][72][gc,cpu      ] GC(120) User=0.00s Sys=0.01s Real=0.02s
[2023-04-06T08:45:36.760+0000][72][safepoint   ] Safepoint "G1CollectForAllocation", Time since last: 34633364804 ns, Reaching safepoint: 202213 ns, At safepoint: 23833080 ns, Total: 24035293 ns
[2023-04-06T08:45:37.761+0000][72][safepoint   ] Safepoint "Cleanup", Time since last: 1000688494 ns, Reaching safepoint: 63245 ns, At safepoint: 3444 ns, Total: 66689 ns
[2023-04-06T08:45:39.763+0000][72][safepoint   ] Safepoint "Cleanup", Time since last: 2001852192 ns, Reaching safepoint: 99043 ns, At safepoint: 3364 ns, Total: 102407 ns
[2023-04-06T08:45:43.767+0000][72][safepoint   ] Safepoint "Cleanup", Time since last: 4004330692 ns, Reaching safepoint: 379901 ns, At safepoint: 42599 ns, Total: 422500 ns
[2023-04-06T08:45:48.864+0000][72][safepoint   ] Safepoint "Cleanup", Time since last: 5117836546 ns, Reaching safepoint: 156173 ns, At safepoint: 7515 ns, Total: 163688 ns
[2023-04-06T08:46:01.450+0000][72][safepoint   ] Safepoint "Cleanup", Time since last: 12586013030 ns, Reaching safepoint: 206131 ns, At safepoint: 5033 ns, Total: 211164 ns
[2023-04-06T08:46:04.653+0000][72][gc,start    ] GC(121) Pause Young (Concurrent Start) (G1 Evacuation Pause)
[2023-04-06T08:46:04.654+0000][72][gc,task     ] GC(121) Using 4 workers of 4 for evacuation
[2023-04-06T08:46:04.655+0000][72][gc,age      ] GC(121) Desired survivor size 8388608 bytes, new threshold 15 (max threshold 15)
[2023-04-06T08:46:04.659+0000][72][gc,phases   ] GC(121)   Pre Evacuate Collection Set: 0.4ms
[2023-04-06T08:46:04.660+0000][72][gc,phases   ] GC(121)   Merge Heap Roots: 0.1ms
[2023-04-06T08:46:04.661+0000][72][gc,phases   ] GC(121)   Evacuate Collection Set: 2.6ms
[2023-04-06T08:46:04.661+0000][72][gc,phases   ] GC(121)   Post Evacuate Collection Set: 0.8ms
[2023-04-06T08:46:04.662+0000][72][gc,phases   ] GC(121)   Other: 1.6ms
[2023-04-06T08:46:04.663+0000][72][gc,age      ] GC(121) Age table with threshold 15 (max threshold 15)
[2023-04-06T08:46:04.663+0000][72][gc,age      ] GC(121) - age   1:    1657800 bytes,    1657800 total
[2023-04-06T08:46:04.664+0000][72][gc,age      ] GC(121) - age   2:       2800 bytes,    1660600 total
[2023-04-06T08:46:04.665+0000][72][gc,age      ] GC(121) - age   3:     136136 bytes,    1796736 total
[2023-04-06T08:46:04.665+0000][72][gc,age      ] GC(121) - age   4:      11120 bytes,    1807856 total
[2023-04-06T08:46:04.666+0000][72][gc,age      ] GC(121) - age   5:       1416 bytes,    1809272 total
[2023-04-06T08:46:04.666+0000][72][gc,age      ] GC(121) - age   6:     345152 bytes,    2154424 total
[2023-04-06T08:46:04.667+0000][72][gc,age      ] GC(121) - age   7:        704 bytes,    2155128 total
[2023-04-06T08:46:04.667+0000][72][gc,age      ] GC(121) - age   8:        400 bytes,    2155528 total
[2023-04-06T08:46:04.668+0000][72][gc,age      ] GC(121) - age   9:        352 bytes,    2155880 total
[2023-04-06T08:46:04.669+0000][72][gc,age      ] GC(121) - age  10:      11232 bytes,    2167112 total
[2023-04-06T08:46:04.670+0000][72][gc,age      ] GC(121) - age  11:       1064 bytes,    2168176 total
[2023-04-06T08:46:04.670+0000][72][gc,age      ] GC(121) - age  12:       3968 bytes,    2172144 total
[2023-04-06T08:46:04.671+0000][72][gc,age      ] GC(121) - age  13:        592 bytes,    2172736 total
[2023-04-06T08:46:04.672+0000][72][gc,age      ] GC(121) - age  14:       8320 bytes,    2181056 total
[2023-04-06T08:46:04.672+0000][72][gc,age      ] GC(121) - age  15:       9000 bytes,    2190056 total
[2023-04-06T08:46:04.673+0000][72][gc,heap     ] GC(121) Eden regions: 24->0(24)
[2023-04-06T08:46:04.673+0000][72][gc,heap     ] GC(121) Survivor regions: 1->1(4)
[2023-04-06T08:46:04.674+0000][72][gc,heap     ] GC(121) Old regions: 24->24
[2023-04-06T08:46:04.675+0000][72][gc,heap     ] GC(121) Archive regions: 2->2
[2023-04-06T08:46:04.675+0000][72][gc,heap     ] GC(121) Humongous regions: 2->2
[2023-04-06T08:46:04.676+0000][72][gc,metaspace] GC(121) Metaspace: 136921K(140480K)->136921K(140480K) NonClass: 119505K(120832K)->119505K(120832K) Class: 17415K(19648K)->17415K(19648K)
[2023-04-06T08:46:04.677+0000][72][gc          ] GC(121) Pause Young (Concurrent Start) (G1 Evacuation Pause) 203M->107M(256M) 23.720ms
[2023-04-06T08:46:04.677+0000][72][gc,cpu      ] GC(121) User=0.01s Sys=0.01s Real=0.02s
[2023-04-06T08:46:04.677+0000][72][gc          ] GC(122) Concurrent Mark Cycle
[2023-04-06T08:46:04.679+0000][72][gc,marking  ] GC(122) Concurrent Clear Claimed Marks
[2023-04-06T08:46:04.678+0000][72][safepoint   ] Safepoint "G1CollectForAllocation", Time since last: 3202398115 ns, Reaching safepoint: 117117 ns, At safepoint: 25498667 ns, Total: 25615784 ns
[2023-04-06T08:46:04.681+0000][72][gc,marking  ] GC(122) Concurrent Clear Claimed Marks 1.177ms
[2023-04-06T08:46:04.682+0000][72][gc,marking  ] GC(122) Concurrent Scan Root Regions
[2023-04-06T08:46:04.686+0000][72][gc,marking  ] GC(122) Concurrent Scan Root Regions 4.080ms
[2023-04-06T08:46:04.687+0000][72][gc,marking  ] GC(122) Concurrent Mark
[2023-04-06T08:46:04.688+0000][72][gc,marking  ] GC(122) Concurrent Mark From Roots
[2023-04-06T08:46:04.689+0000][72][gc,task     ] GC(122) Using 1 workers of 1 for marking
[2023-04-06T08:46:04.854+0000][72][gc,marking  ] GC(122) Concurrent Mark From Roots 165.481ms
[2023-04-06T08:46:04.855+0000][72][gc,marking  ] GC(122) Concurrent Preclean
[2023-04-06T08:46:04.856+0000][72][gc,marking  ] GC(122) Concurrent Preclean 1.361ms
[2023-04-06T08:46:04.857+0000][72][gc,start    ] GC(122) Pause Remark
[2023-04-06T08:46:04.872+0000][72][gc          ] GC(122) Pause Remark 113M->113M(256M) 15.408ms
[2023-04-06T08:46:04.873+0000][72][gc,cpu      ] GC(122) User=0.03s Sys=0.01s Real=0.02s
[2023-04-06T08:46:04.874+0000][72][safepoint   ] Safepoint "G1PauseRemark", Time since last: 178284455 ns, Reaching safepoint: 65492 ns, At safepoint: 17444222 ns, Total: 17509714 ns
[2023-04-06T08:46:04.875+0000][72][gc,marking  ] GC(122) Concurrent Mark 188.103ms
[2023-04-06T08:46:04.876+0000][72][gc,marking  ] GC(122) Concurrent Rebuild Remembered Sets
[2023-04-06T08:46:04.950+0000][72][gc,marking  ] GC(122) Concurrent Rebuild Remembered Sets 74.019ms
[2023-04-06T08:46:04.951+0000][72][gc,start    ] GC(122) Pause Cleanup
[2023-04-06T08:46:04.952+0000][72][gc          ] GC(122) Pause Cleanup 114M->114M(256M) 0.954ms
[2023-04-06T08:46:04.953+0000][72][gc,cpu      ] GC(122) User=0.00s Sys=0.00s Real=0.01s
[2023-04-06T08:46:04.954+0000][72][safepoint   ] Safepoint "G1PauseCleanup", Time since last: 76701641 ns, Reaching safepoint: 76828 ns, At safepoint: 2957616 ns, Total: 3034444 ns
[2023-04-06T08:46:04.955+0000][72][gc,marking  ] GC(122) Concurrent Cleanup for Next Mark
[2023-04-06T08:46:04.956+0000][72][gc,marking  ] GC(122) Concurrent Cleanup for Next Mark 0.901ms
[2023-04-06T08:46:04.957+0000][72][gc          ] GC(122) Concurrent Mark Cycle 279.167ms
[2023-04-06T08:46:07.550+0000][72][safepoint   ] Safepoint "Cleanup", Time since last: 2595781582 ns, Reaching safepoint: 115816 ns, At safepoint: 3929 ns, Total: 119745 ns
[2023-04-06T08:46:09.553+0000][72][safepoint   ] Safepoint "Cleanup", Time since last: 2002734486 ns, Reaching safepoint: 213107 ns, At safepoint: 13469 ns, Total: 226576 ns
[2023-04-06T08:46:18.567+0000][72][safepoint   ] Safepoint "Cleanup", Time since last: 9009585864 ns, Reaching safepoint: 208326 ns, At safepoint: 11893 ns, Total: 220219 ns
[2023-04-06T08:46:24.572+0000][72][safepoint   ] Safepoint "Cleanup", Time since last: 6003676709 ns, Reaching safepoint: 503110 ns, At safepoint: 59284 ns, Total: 562394 ns
[2023-04-06T08:46:25.574+0000][72][safepoint   ] Safepoint "Cleanup", Time since last: 1002230546 ns, Reaching safepoint: 85848 ns, At safepoint: 4073 ns, Total: 89921 ns
[2023-04-06T08:46:27.575+0000][72][safepoint   ] Safepoint "Cleanup", Time since last: 2001526158 ns, Reaching safepoint: 55303 ns, At safepoint: 3671 ns, Total: 58974 ns
[2023-04-06T08:46:36.734+0000][72][gc,start    ] GC(123) Pause Young (Normal) (G1 Evacuation Pause)
[2023-04-06T08:46:36.735+0000][72][gc,task     ] GC(123) Using 4 workers of 4 for evacuation
[2023-04-06T08:46:36.735+0000][72][gc,age      ] GC(123) Desired survivor size 8388608 bytes, new threshold 15 (max threshold 15)
[2023-04-06T08:46:36.740+0000][72][gc,phases   ] GC(123)   Pre Evacuate Collection Set: 0.1ms
[2023-04-06T08:46:36.740+0000][72][gc,phases   ] GC(123)   Merge Heap Roots: 0.1ms
[2023-04-06T08:46:36.741+0000][72][gc,phases   ] GC(123)   Evacuate Collection Set: 2.7ms
[2023-04-06T08:46:36.742+0000][72][gc,phases   ] GC(123)   Post Evacuate Collection Set: 0.8ms
[2023-04-06T08:46:36.742+0000][72][gc,phases   ] GC(123)   Other: 1.5ms
[2023-04-06T08:46:36.743+0000][72][gc,age      ] GC(123) Age table with threshold 15 (max threshold 15)
[2023-04-06T08:46:36.744+0000][72][gc,age      ] GC(123) - age   1:     827936 bytes,     827936 total
[2023-04-06T08:46:36.744+0000][72][gc,age      ] GC(123) - age   2:      13320 bytes,     841256 total
[2023-04-06T08:46:36.745+0000][72][gc,age      ] GC(123) - age   3:       1024 bytes,     842280 total
[2023-04-06T08:46:36.746+0000][72][gc,age      ] GC(123) - age   4:        248 bytes,     842528 total
[2023-04-06T08:46:36.747+0000][72][gc,age      ] GC(123) - age   5:      11120 bytes,     853648 total
[2023-04-06T08:46:36.748+0000][72][gc,age      ] GC(123) - age   6:       1416 bytes,     855064 total
[2023-04-06T08:46:36.749+0000][72][gc,age      ] GC(123) - age   7:     337136 bytes,    1192200 total
[2023-04-06T08:46:36.749+0000][72][gc,age      ] GC(123) - age   8:        704 bytes,    1192904 total
[2023-04-06T08:46:36.750+0000][72][gc,age      ] GC(123) - age   9:        400 bytes,    1193304 total
[2023-04-06T08:46:36.750+0000][72][gc,age      ] GC(123) - age  10:        352 bytes,    1193656 total
[2023-04-06T08:46:36.751+0000][72][gc,age      ] GC(123) - age  11:      11232 bytes,    1204888 total
[2023-04-06T08:46:36.751+0000][72][gc,age      ] GC(123) - age  12:       1064 bytes,    1205952 total
[2023-04-06T08:46:36.752+0000][72][gc,age      ] GC(123) - age  13:       3968 bytes,    1209920 total
[2023-04-06T08:46:36.752+0000][72][gc,age      ] GC(123) - age  14:        592 bytes,    1210512 total
[2023-04-06T08:46:36.753+0000][72][gc,age      ] GC(123) - age  15:       8320 bytes,    1218832 total
[2023-04-06T08:46:36.753+0000][72][gc,heap     ] GC(123) Eden regions: 24->0(24)
[2023-04-06T08:46:36.754+0000][72][gc,heap     ] GC(123) Survivor regions: 1->1(4)
[2023-04-06T08:46:36.754+0000][72][gc,heap     ] GC(123) Old regions: 24->24
[2023-04-06T08:46:36.755+0000][72][gc,heap     ] GC(123) Archive regions: 2->2
[2023-04-06T08:46:36.755+0000][72][gc,heap     ] GC(123) Humongous regions: 2->2
[2023-04-06T08:46:36.756+0000][72][gc,metaspace] GC(123) Metaspace: 136924K(140480K)->136924K(140480K) NonClass: 119508K(120832K)->119508K(120832K) Class: 17415K(19648K)->17415K(19648K)
[2023-04-06T08:46:36.756+0000][72][gc          ] GC(123) Pause Young (Normal) (G1 Evacuation Pause) 203M->107M(256M) 22.270ms
[2023-04-06T08:46:36.757+0000][72][gc,cpu      ] GC(123) User=0.01s Sys=0.01s Real=0.03s
[2023-04-06T08:46:36.758+0000][72][safepoint   ] Safepoint "G1CollectForAllocation", Time since last: 9158256709 ns, Reaching safepoint: 129774 ns, At safepoint: 24121467 ns, Total: 24251241 ns
[2023-04-06T08:46:39.760+0000][72][safepoint   ] Safepoint "Cleanup", Time since last: 3002017575 ns, Reaching safepoint: 141648 ns, At safepoint: 3812 ns, Total: 145460 ns
[2023-04-06T08:46:54.752+0000][72][safepoint   ] Safepoint "Cleanup", Time since last: 15007839127 ns, Reaching safepoint: 104811 ns, At safepoint: 4467 ns, Total: 109278 ns
[2023-04-06T08:46:55.753+0000][72][safepoint   ] Safepoint "Cleanup", Time since last: 1000716363 ns, Reaching safepoint: 205725 ns, At safepoint: 5993 ns, Total: 211718 ns
[2023-04-06T08:47:00.758+0000][72][safepoint   ] Safepoint "Cleanup", Time since last: 5004106786 ns, Reaching safepoint: 115586 ns, At safepoint: 3512 ns, Total: 119098 ns
[2023-04-06T08:47:05.762+0000][72][safepoint   ] Safepoint "Cleanup", Time since last: 5003835383 ns, Reaching safepoint: 119159 ns, At safepoint: 6889 ns, Total: 126048 ns
[2023-04-06T08:47:07.764+0000][72][safepoint   ] Safepoint "Cleanup", Time since last: 2002448439 ns, Reaching safepoint: 178942 ns, At safepoint: 4480 ns, Total: 183422 ns
[2023-04-06T08:47:09.452+0000][72][gc,start    ] GC(124) Pause Young (Concurrent Start) (G1 Evacuation Pause)
[2023-04-06T08:47:09.453+0000][72][gc,task     ] GC(124) Using 4 workers of 4 for evacuation
[2023-04-06T08:47:09.453+0000][72][gc,age      ] GC(124) Desired survivor size 8388608 bytes, new threshold 15 (max threshold 15)
[2023-04-06T08:47:09.457+0000][72][gc,phases   ] GC(124)   Pre Evacuate Collection Set: 0.3ms
[2023-04-06T08:47:09.458+0000][72][gc,phases   ] GC(124)   Merge Heap Roots: 0.2ms
[2023-04-06T08:47:09.459+0000][72][gc,phases   ] GC(124)   Evacuate Collection Set: 2.2ms
[2023-04-06T08:47:09.460+0000][72][gc,phases   ] GC(124)   Post Evacuate Collection Set: 0.7ms
[2023-04-06T08:47:09.460+0000][72][gc,phases   ] GC(124)   Other: 1.4ms
[2023-04-06T08:47:09.461+0000][72][gc,age      ] GC(124) Age table with threshold 15 (max threshold 15)
[2023-04-06T08:47:09.461+0000][72][gc,age      ] GC(124) - age   1:    1001584 bytes,    1001584 total
[2023-04-06T08:47:09.462+0000][72][gc,age      ] GC(124) - age   2:     133664 bytes,    1135248 total
[2023-04-06T08:47:09.463+0000][72][gc,age      ] GC(124) - age   3:      10896 bytes,    1146144 total
[2023-04-06T08:47:09.463+0000][72][gc,age      ] GC(124) - age   4:        896 bytes,    1147040 total
[2023-04-06T08:47:09.464+0000][72][gc,age      ] GC(124) - age   5:        184 bytes,    1147224 total
[2023-04-06T08:47:09.464+0000][72][gc,age      ] GC(124) - age   6:       2688 bytes,    1149912 total
[2023-04-06T08:47:09.465+0000][72][gc,age      ] GC(124) - age   7:       1416 bytes,    1151328 total
[2023-04-06T08:47:09.465+0000][72][gc,age      ] GC(124) - age   8:     337136 bytes,    1488464 total
[2023-04-06T08:47:09.466+0000][72][gc,age      ] GC(124) - age   9:        704 bytes,    1489168 total
[2023-04-06T08:47:09.466+0000][72][gc,age      ] GC(124) - age  10:        400 bytes,    1489568 total
[2023-04-06T08:47:09.467+0000][72][gc,age      ] GC(124) - age  11:        352 bytes,    1489920 total
[2023-04-06T08:47:09.468+0000][72][gc,age      ] GC(124) - age  12:      11232 bytes,    1501152 total
[2023-04-06T08:47:09.468+0000][72][gc,age      ] GC(124) - age  13:       1064 bytes,    1502216 total
[2023-04-06T08:47:09.469+0000][72][gc,age      ] GC(124) - age  14:       3968 bytes,    1506184 total
[2023-04-06T08:47:09.470+0000][72][gc,age      ] GC(124) - age  15:        592 bytes,    1506776 total
[2023-04-06T08:47:09.470+0000][72][gc,heap     ] GC(124) Eden regions: 24->0(24)
[2023-04-06T08:47:09.471+0000][72][gc,heap     ] GC(124) Survivor regions: 1->1(4)
[2023-04-06T08:47:09.472+0000][72][gc,heap     ] GC(124) Old regions: 24->24
[2023-04-06T08:47:09.472+0000][72][gc,heap     ] GC(124) Archive regions: 2->2
[2023-04-06T08:47:09.473+0000][72][gc,heap     ] GC(124) Humongous regions: 2->2
[2023-04-06T08:47:09.474+0000][72][gc,metaspace] GC(124) Metaspace: 136928K(140480K)->136928K(140480K) NonClass: 119512K(120832K)->119512K(120832K) Class: 17415K(19648K)->17415K(19648K)
[2023-04-06T08:47:09.474+0000][72][gc          ] GC(124) Pause Young (Concurrent Start) (G1 Evacuation Pause) 203M->107M(256M) 22.735ms
[2023-04-06T08:47:09.475+0000][72][gc,cpu      ] GC(124) User=0.01s Sys=0.00s Real=0.02s
[2023-04-06T08:47:09.475+0000][72][gc          ] GC(125) Concurrent Mark Cycle
[2023-04-06T08:47:09.476+0000][72][gc,marking  ] GC(125) Concurrent Clear Claimed Marks
[2023-04-06T08:47:09.475+0000][72][safepoint   ] Safepoint "G1CollectForAllocation", Time since last: 1687271898 ns, Reaching safepoint: 72574 ns, At safepoint: 23680903 ns, Total: 23753477 ns
[2023-04-06T08:47:09.477+0000][72][gc,marking  ] GC(125) Concurrent Clear Claimed Marks 1.154ms
[2023-04-06T08:47:09.478+0000][72][gc,marking  ] GC(125) Concurrent Scan Root Regions
[2023-04-06T08:47:09.481+0000][72][gc,marking  ] GC(125) Concurrent Scan Root Regions 3.043ms
[2023-04-06T08:47:09.482+0000][72][gc,marking  ] GC(125) Concurrent Mark
[2023-04-06T08:47:09.483+0000][72][gc,marking  ] GC(125) Concurrent Mark From Roots
[2023-04-06T08:47:09.483+0000][72][gc,task     ] GC(125) Using 1 workers of 1 for marking
[2023-04-06T08:47:09.584+0000][72][gc,marking  ] GC(125) Concurrent Mark From Roots 101.454ms
[2023-04-06T08:47:09.585+0000][72][gc,marking  ] GC(125) Concurrent Preclean
[2023-04-06T08:47:09.586+0000][72][gc,marking  ] GC(125) Concurrent Preclean 0.938ms
[2023-04-06T08:47:09.587+0000][72][gc,start    ] GC(125) Pause Remark
[2023-04-06T08:47:09.598+0000][72][gc          ] GC(125) Pause Remark 108M->108M(256M) 10.959ms
[2023-04-06T08:47:09.599+0000][72][gc,cpu      ] GC(125) User=0.03s Sys=0.00s Real=0.01s
[2023-04-06T08:47:09.599+0000][72][safepoint   ] Safepoint "G1PauseRemark", Time since last: 111357120 ns, Reaching safepoint: 181576 ns, At safepoint: 12527366 ns, Total: 12708942 ns
[2023-04-06T08:47:09.600+0000][72][gc,marking  ] GC(125) Concurrent Mark 117.982ms
[2023-04-06T08:47:09.601+0000][72][gc,marking  ] GC(125) Concurrent Rebuild Remembered Sets
[2023-04-06T08:47:09.652+0000][72][gc,marking  ] GC(125) Concurrent Rebuild Remembered Sets 50.743ms
[2023-04-06T08:47:09.653+0000][72][gc,start    ] GC(125) Pause Cleanup
[2023-04-06T08:47:09.654+0000][72][gc          ] GC(125) Pause Cleanup 108M->108M(256M) 0.798ms
[2023-04-06T08:47:09.654+0000][72][gc,cpu      ] GC(125) User=0.00s Sys=0.00s Real=0.00s
[2023-04-06T08:47:09.655+0000][72][safepoint   ] Safepoint "G1PauseCleanup", Time since last: 53312744 ns, Reaching safepoint: 105803 ns, At safepoint: 2320797 ns, Total: 2426600 ns
[2023-04-06T08:47:09.656+0000][72][gc,marking  ] GC(125) Concurrent Cleanup for Next Mark
[2023-04-06T08:47:09.657+0000][72][gc,marking  ] GC(125) Concurrent Cleanup for Next Mark 0.778ms
[2023-04-06T08:47:09.657+0000][72][gc          ] GC(125) Concurrent Mark Cycle 182.142ms
[2023-04-06T08:47:20.643+0000][72][safepoint   ] Safepoint "Cleanup", Time since last: 11007208272 ns, Reaching safepoint: 969794 ns, At safepoint: 102203 ns, Total: 1071997 ns
[2023-04-06T08:47:22.646+0000][72][safepoint   ] Safepoint "Cleanup", Time since last: 2002355224 ns, Reaching safepoint: 206653 ns, At safepoint: 25214 ns, Total: 231867 ns
