[2023-02-09T13:48:09.942+0000][68][gc,init] CardTable entry size: 512
[2023-02-09T13:48:09.944+0000][68][gc     ] Using G1
[2023-02-09T13:48:10.263+0000][68][gc,init] Version: 19.0.1+10-21 (release)
[2023-02-09T13:48:10.264+0000][68][gc,init] CPUs: 4 total, 4 available
[2023-02-09T13:48:10.265+0000][68][gc,init] Memory: 7860M
[2023-02-09T13:48:10.265+0000][68][gc,init] Large Page Support: Disabled
[2023-02-09T13:48:10.266+0000][68][gc,init] NUMA Support: Disabled
[2023-02-09T13:48:10.266+0000][68][gc,init] Compressed Oops: Enabled (32-bit)
[2023-02-09T13:48:10.267+0000][68][gc,init] Heap Region Size: 4M
[2023-02-09T13:48:10.267+0000][68][gc,init] Heap Min Capacity: 256M
[2023-02-09T13:48:10.268+0000][68][gc,init] Heap Initial Capacity: 256M
[2023-02-09T13:48:10.268+0000][68][gc,init] Heap Max Capacity: 256M
[2023-02-09T13:48:10.269+0000][68][gc,init] Pre-touch: Enabled
[2023-02-09T13:48:10.269+0000][68][gc,init] Parallel Workers: 4
[2023-02-09T13:48:10.270+0000][68][gc,init] Concurrent Workers: 1
[2023-02-09T13:48:10.270+0000][68][gc,init] Concurrent Refinement Workers: 4
[2023-02-09T13:48:10.271+0000][68][gc,init] Periodic GC: Disabled
[2023-02-09T13:48:10.271+0000][68][gc,metaspace] CDS archive(s) mapped at: [0x0000000800000000-0x0000000800c4f000-0x0000000800c4f000), size 12906496, SharedBaseAddress: 0x0000000800000000, ArchiveRelocationMode: 0.
[2023-02-09T13:48:10.272+0000][68][gc,metaspace] Compressed class space mapped at: 0x0000000801000000-0x0000000841000000, reserved size: 1073741824
[2023-02-09T13:48:10.272+0000][68][gc,metaspace] Narrow klass base: 0x0000000800000000, Narrow klass shift: 0, Narrow klass range: 0x100000000
[2023-02-09T13:48:10.494+0000][68][gc,start    ] GC(0) Pause Young (Normal) (G1 Evacuation Pause)
[2023-02-09T13:48:10.495+0000][68][gc,task     ] GC(0) Using 4 workers of 4 for evacuation
[2023-02-09T13:48:10.496+0000][68][gc,age      ] GC(0) Desired survivor size 2097152 bytes, new threshold 15 (max threshold 15)
[2023-02-09T13:48:10.501+0000][68][gc,phases   ] GC(0)   Pre Evacuate Collection Set: 0.1ms
[2023-02-09T13:48:10.502+0000][68][gc,phases   ] GC(0)   Merge Heap Roots: 1.0ms
[2023-02-09T13:48:10.502+0000][68][gc,phases   ] GC(0)   Evacuate Collection Set: 1.8ms
[2023-02-09T13:48:10.503+0000][68][gc,phases   ] GC(0)   Post Evacuate Collection Set: 0.5ms
[2023-02-09T13:48:10.504+0000][68][gc,phases   ] GC(0)   Other: 2.5ms
[2023-02-09T13:48:10.504+0000][68][gc,age      ] GC(0) Age table with threshold 15 (max threshold 15)
[2023-02-09T13:48:10.505+0000][68][gc,age      ] GC(0) - age   1:    1501912 bytes,    1501912 total
[2023-02-09T13:48:10.505+0000][68][gc,heap     ] GC(0) Eden regions: 3->0(10)
[2023-02-09T13:48:10.506+0000][68][gc,heap     ] GC(0) Survivor regions: 0->1(1)
[2023-02-09T13:48:10.507+0000][68][gc,heap     ] GC(0) Old regions: 0->0
[2023-02-09T13:48:10.507+0000][68][gc,heap     ] GC(0) Archive regions: 2->2
[2023-02-09T13:48:10.508+0000][68][gc,heap     ] GC(0) Humongous regions: 0->0
[2023-02-09T13:48:10.508+0000][68][gc,metaspace] GC(0) Metaspace: 700K(896K)->700K(896K) NonClass: 655K(768K)->655K(768K) Class: 44K(128K)->44K(128K)
[2023-02-09T13:48:10.509+0000][68][gc          ] GC(0) Pause Young (Normal) (G1 Evacuation Pause) 15M->5M(256M) 14.671ms
[2023-02-09T13:48:10.509+0000][68][gc,cpu      ] GC(0) User=0.02s Sys=0.00s Real=0.01s
[2023-02-09T13:48:10.510+0000][68][safepoint   ] Safepoint "G1CollectForAllocation", Time since last: 209301893 ns, Reaching safepoint: 151833 ns, At safepoint: 16036703 ns, Total: 16188536 ns
[2023-02-09T13:48:11.098+0000][68][safepoint   ] Safepoint "ICBufferFull", Time since last: 588190132 ns, Reaching safepoint: 239969 ns, At safepoint: 7119 ns, Total: 247088 ns
[2023-02-09T13:48:11.480+0000][68][gc,start    ] GC(1) Pause Young (Normal) (G1 Evacuation Pause)
[2023-02-09T13:48:11.482+0000][68][gc,task     ] GC(1) Using 4 workers of 4 for evacuation
[2023-02-09T13:48:11.482+0000][68][gc,age      ] GC(1) Desired survivor size 4194304 bytes, new threshold 15 (max threshold 15)
[2023-02-09T13:48:11.490+0000][68][gc,phases   ] GC(1)   Pre Evacuate Collection Set: 0.2ms
[2023-02-09T13:48:11.491+0000][68][gc,phases   ] GC(1)   Merge Heap Roots: 0.3ms
[2023-02-09T13:48:11.492+0000][68][gc,phases   ] GC(1)   Evacuate Collection Set: 5.3ms
[2023-02-09T13:48:11.493+0000][68][gc,phases   ] GC(1)   Post Evacuate Collection Set: 0.6ms
[2023-02-09T13:48:11.493+0000][68][gc,phases   ] GC(1)   Other: 1.6ms
[2023-02-09T13:48:11.493+0000][68][gc,age      ] GC(1) Age table with threshold 15 (max threshold 15)
[2023-02-09T13:48:11.494+0000][68][gc,age      ] GC(1) - age   1:    4993720 bytes,    4993720 total
[2023-02-09T13:48:11.494+0000][68][gc,age      ] GC(1) - age   2:     406080 bytes,    5399800 total
[2023-02-09T13:48:11.495+0000][68][gc,heap     ] GC(1) Eden regions: 10->0(36)
[2023-02-09T13:48:11.495+0000][68][gc,heap     ] GC(1) Survivor regions: 1->2(2)
[2023-02-09T13:48:11.496+0000][68][gc,heap     ] GC(1) Old regions: 0->0
[2023-02-09T13:48:11.497+0000][68][gc,heap     ] GC(1) Archive regions: 2->2
[2023-02-09T13:48:11.498+0000][68][gc,heap     ] GC(1) Humongous regions: 0->0
[2023-02-09T13:48:11.499+0000][68][gc,metaspace] GC(1) Metaspace: 9207K(9536K)->9207K(9536K) NonClass: 8107K(8256K)->8107K(8256K) Class: 1099K(1280K)->1099K(1280K)
[2023-02-09T13:48:11.500+0000][68][gc          ] GC(1) Pause Young (Normal) (G1 Evacuation Pause) 45M->9M(256M) 19.485ms
[2023-02-09T13:48:11.500+0000][68][gc,cpu      ] GC(1) User=0.01s Sys=0.01s Real=0.02s
[2023-02-09T13:48:11.501+0000][68][safepoint   ] Safepoint "G1CollectForAllocation", Time since last: 381785388 ns, Reaching safepoint: 273148 ns, At safepoint: 20566219 ns, Total: 20839367 ns
[2023-02-09T13:48:12.301+0000][68][safepoint   ] Safepoint "ICBufferFull", Time since last: 799898012 ns, Reaching safepoint: 232095 ns, At safepoint: 49624 ns, Total: 281719 ns
[2023-02-09T13:48:12.755+0000][68][safepoint   ] Safepoint "ICBufferFull", Time since last: 452786287 ns, Reaching safepoint: 1275355 ns, At safepoint: 8097 ns, Total: 1283452 ns
[2023-02-09T13:48:13.482+0000][68][safepoint   ] Safepoint "ICBufferFull", Time since last: 726689820 ns, Reaching safepoint: 214862 ns, At safepoint: 5491 ns, Total: 220353 ns
[2023-02-09T13:48:14.109+0000][68][gc,start    ] GC(2) Pause Young (Normal) (G1 Evacuation Pause)
[2023-02-09T13:48:14.109+0000][68][gc,task     ] GC(2) Using 4 workers of 4 for evacuation
[2023-02-09T13:48:14.110+0000][68][gc,age      ] GC(2) Desired survivor size 10485760 bytes, new threshold 15 (max threshold 15)
[2023-02-09T13:48:14.123+0000][68][gc,phases   ] GC(2)   Pre Evacuate Collection Set: 0.1ms
[2023-02-09T13:48:14.124+0000][68][gc,phases   ] GC(2)   Merge Heap Roots: 0.1ms
[2023-02-09T13:48:14.125+0000][68][gc,phases   ] GC(2)   Evacuate Collection Set: 9.9ms
[2023-02-09T13:48:14.126+0000][68][gc,phases   ] GC(2)   Post Evacuate Collection Set: 2.4ms
[2023-02-09T13:48:14.126+0000][68][gc,phases   ] GC(2)   Other: 1.5ms
[2023-02-09T13:48:14.127+0000][68][gc,age      ] GC(2) Age table with threshold 15 (max threshold 15)
[2023-02-09T13:48:14.127+0000][68][gc,age      ] GC(2) - age   1:    6698056 bytes,    6698056 total
[2023-02-09T13:48:14.128+0000][68][gc,age      ] GC(2) - age   2:    4829664 bytes,   11527720 total
[2023-02-09T13:48:14.129+0000][68][gc,age      ] GC(2) - age   3:     404616 bytes,   11932336 total
[2023-02-09T13:48:14.129+0000][68][gc,heap     ] GC(2) Eden regions: 36->0(34)
[2023-02-09T13:48:14.130+0000][68][gc,heap     ] GC(2) Survivor regions: 2->3(5)
[2023-02-09T13:48:14.130+0000][68][gc,heap     ] GC(2) Old regions: 0->0
[2023-02-09T13:48:14.131+0000][68][gc,heap     ] GC(2) Archive regions: 2->2
[2023-02-09T13:48:14.131+0000][68][gc,heap     ] GC(2) Humongous regions: 0->0
[2023-02-09T13:48:14.132+0000][68][gc,metaspace] GC(2) Metaspace: 18454K(18944K)->18454K(18944K) NonClass: 16386K(16640K)->16386K(16640K) Class: 2067K(2304K)->2067K(2304K)
[2023-02-09T13:48:14.132+0000][68][gc          ] GC(2) Pause Young (Normal) (G1 Evacuation Pause) 153M->15M(256M) 23.677ms
[2023-02-09T13:48:14.133+0000][68][gc,cpu      ] GC(2) User=0.03s Sys=0.00s Real=0.03s
[2023-02-09T13:48:14.134+0000][68][safepoint   ] Safepoint "G1CollectForAllocation", Time since last: 626264991 ns, Reaching safepoint: 297667 ns, At safepoint: 24884081 ns, Total: 25181748 ns
[2023-02-09T13:48:14.498+0000][68][gc,start    ] GC(3) Pause Young (Concurrent Start) (Metadata GC Threshold)
[2023-02-09T13:48:14.499+0000][68][gc,task     ] GC(3) Using 4 workers of 4 for evacuation
[2023-02-09T13:48:14.500+0000][68][gc,age      ] GC(3) Desired survivor size 10485760 bytes, new threshold 2 (max threshold 15)
[2023-02-09T13:48:14.509+0000][68][gc,phases   ] GC(3)   Pre Evacuate Collection Set: 0.2ms
[2023-02-09T13:48:14.510+0000][68][gc,phases   ] GC(3)   Merge Heap Roots: 0.2ms
[2023-02-09T13:48:14.511+0000][68][gc,phases   ] GC(3)   Evacuate Collection Set: 7.5ms
[2023-02-09T13:48:14.511+0000][68][gc,phases   ] GC(3)   Post Evacuate Collection Set: 1.1ms
[2023-02-09T13:48:14.512+0000][68][gc,phases   ] GC(3)   Other: 1.3ms
[2023-02-09T13:48:14.513+0000][68][gc,age      ] GC(3) Age table with threshold 2 (max threshold 15)
[2023-02-09T13:48:14.513+0000][68][gc,age      ] GC(3) - age   1:    1027688 bytes,    1027688 total
[2023-02-09T13:48:14.514+0000][68][gc,age      ] GC(3) - age   2:    4855232 bytes,    5882920 total
[2023-02-09T13:48:14.514+0000][68][gc,heap     ] GC(3) Eden regions: 12->0(36)
[2023-02-09T13:48:14.515+0000][68][gc,heap     ] GC(3) Survivor regions: 3->2(5)
[2023-02-09T13:48:14.516+0000][68][gc,heap     ] GC(3) Old regions: 0->2
[2023-02-09T13:48:14.517+0000][68][gc,heap     ] GC(3) Archive regions: 2->2
[2023-02-09T13:48:14.518+0000][68][gc,heap     ] GC(3) Humongous regions: 0->0
[2023-02-09T13:48:14.519+0000][68][gc,metaspace] GC(3) Metaspace: 21021K(21504K)->21021K(21504K) NonClass: 18719K(18944K)->18719K(18944K) Class: 2302K(2560K)->2302K(2560K)
[2023-02-09T13:48:14.520+0000][68][gc          ] GC(3) Pause Young (Concurrent Start) (Metadata GC Threshold) 63M->15M(256M) 22.678ms
[2023-02-09T13:48:14.522+0000][68][gc,cpu      ] GC(3) User=0.02s Sys=0.00s Real=0.03s
[2023-02-09T13:48:14.522+0000][68][gc          ] GC(4) Concurrent Mark Cycle
[2023-02-09T13:48:14.523+0000][68][gc,marking  ] GC(4) Concurrent Clear Claimed Marks
[2023-02-09T13:48:14.524+0000][68][gc,marking  ] GC(4) Concurrent Clear Claimed Marks 0.693ms
[2023-02-09T13:48:14.524+0000][68][gc,marking  ] GC(4) Concurrent Scan Root Regions
[2023-02-09T13:48:14.523+0000][68][safepoint   ] Safepoint "CollectForMetadataAllocation", Time since last: 364024013 ns, Reaching safepoint: 200558 ns, At safepoint: 25224748 ns, Total: 25425306 ns
[2023-02-09T13:48:14.529+0000][68][gc,marking  ] GC(4) Concurrent Scan Root Regions 4.360ms
[2023-02-09T13:48:14.530+0000][68][gc,marking  ] GC(4) Concurrent Mark
[2023-02-09T13:48:14.531+0000][68][gc,marking  ] GC(4) Concurrent Mark From Roots
[2023-02-09T13:48:14.531+0000][68][gc,task     ] GC(4) Using 1 workers of 1 for marking
[2023-02-09T13:48:14.533+0000][68][gc,marking  ] GC(4) Concurrent Mark From Roots 2.631ms
[2023-02-09T13:48:14.534+0000][68][gc,marking  ] GC(4) Concurrent Preclean
[2023-02-09T13:48:14.535+0000][68][gc,marking  ] GC(4) Concurrent Preclean 0.902ms
[2023-02-09T13:48:14.538+0000][68][gc,start    ] GC(4) Pause Remark
[2023-02-09T13:48:14.543+0000][68][gc          ] GC(4) Pause Remark 17M->17M(256M) 5.459ms
[2023-02-09T13:48:14.544+0000][68][gc,cpu      ] GC(4) User=0.00s Sys=0.00s Real=0.01s
[2023-02-09T13:48:14.545+0000][68][safepoint   ] Safepoint "G1PauseRemark", Time since last: 14034901 ns, Reaching safepoint: 498467 ns, At safepoint: 7390282 ns, Total: 7888749 ns
[2023-02-09T13:48:14.546+0000][68][gc,marking  ] GC(4) Concurrent Mark 16.263ms
[2023-02-09T13:48:14.546+0000][68][gc,marking  ] GC(4) Concurrent Rebuild Remembered Sets
[2023-02-09T13:48:14.551+0000][68][gc,marking  ] GC(4) Concurrent Rebuild Remembered Sets 4.062ms
[2023-02-09T13:48:14.552+0000][68][gc,start    ] GC(4) Pause Cleanup
[2023-02-09T13:48:14.553+0000][68][gc          ] GC(4) Pause Cleanup 17M->17M(256M) 1.120ms
[2023-02-09T13:48:14.554+0000][68][gc,cpu      ] GC(4) User=0.00s Sys=0.00s Real=0.00s
[2023-02-09T13:48:14.555+0000][68][safepoint   ] Safepoint "G1PauseCleanup", Time since last: 6716820 ns, Reaching safepoint: 474837 ns, At safepoint: 2710962 ns, Total: 3185799 ns
[2023-02-09T13:48:14.557+0000][68][gc,marking  ] GC(4) Concurrent Cleanup for Next Mark
[2023-02-09T13:48:14.559+0000][68][gc,marking  ] GC(4) Concurrent Cleanup for Next Mark 2.427ms
[2023-02-09T13:48:14.560+0000][68][gc          ] GC(4) Concurrent Mark Cycle 38.161ms
[2023-02-09T13:48:15.480+0000][68][safepoint   ] Safepoint "ICBufferFull", Time since last: 924760300 ns, Reaching safepoint: 238677 ns, At safepoint: 48017 ns, Total: 286694 ns
[2023-02-09T13:48:15.557+0000][68][gc,start    ] GC(5) Pause Young (Normal) (G1 Evacuation Pause)
[2023-02-09T13:48:15.558+0000][68][gc,task     ] GC(5) Using 4 workers of 4 for evacuation
[2023-02-09T13:48:15.559+0000][68][gc,age      ] GC(5) Desired survivor size 10485760 bytes, new threshold 15 (max threshold 15)
[2023-02-09T13:48:15.571+0000][68][gc,phases   ] GC(5)   Pre Evacuate Collection Set: 0.1ms
[2023-02-09T13:48:15.572+0000][68][gc,phases   ] GC(5)   Merge Heap Roots: 0.0ms
[2023-02-09T13:48:15.573+0000][68][gc,phases   ] GC(5)   Evacuate Collection Set: 10.1ms
[2023-02-09T13:48:15.574+0000][68][gc,phases   ] GC(5)   Post Evacuate Collection Set: 1.0ms
[2023-02-09T13:48:15.574+0000][68][gc,phases   ] GC(5)   Other: 1.9ms
[2023-02-09T13:48:15.575+0000][68][gc,age      ] GC(5) Age table with threshold 15 (max threshold 15)
[2023-02-09T13:48:15.576+0000][68][gc,age      ] GC(5) - age   1:    5129088 bytes,    5129088 total
[2023-02-09T13:48:15.576+0000][68][gc,age      ] GC(5) - age   2:     983688 bytes,    6112776 total
[2023-02-09T13:48:15.577+0000][68][gc,age      ] GC(5) - age   3:    4849360 bytes,   10962136 total
[2023-02-09T13:48:15.578+0000][68][gc,heap     ] GC(5) Eden regions: 36->0(35)
[2023-02-09T13:48:15.579+0000][68][gc,heap     ] GC(5) Survivor regions: 2->3(5)
[2023-02-09T13:48:15.579+0000][68][gc,heap     ] GC(5) Old regions: 2->2
[2023-02-09T13:48:15.580+0000][68][gc,heap     ] GC(5) Archive regions: 2->2
[2023-02-09T13:48:15.581+0000][68][gc,heap     ] GC(5) Humongous regions: 0->0
[2023-02-09T13:48:15.581+0000][68][gc,metaspace] GC(5) Metaspace: 25269K(25792K)->25269K(25792K) NonClass: 22371K(22656K)->22371K(22656K) Class: 2898K(3136K)->2898K(3136K)
[2023-02-09T13:48:15.582+0000][68][gc          ] GC(5) Pause Young (Normal) (G1 Evacuation Pause) 159M->20M(256M) 25.080ms
[2023-02-09T13:48:15.583+0000][68][gc,cpu      ] GC(5) User=0.03s Sys=0.00s Real=0.03s
[2023-02-09T13:48:15.584+0000][68][safepoint   ] Safepoint "G1CollectForAllocation", Time since last: 76932424 ns, Reaching safepoint: 341675 ns, At safepoint: 26420698 ns, Total: 26762373 ns
[2023-02-09T13:48:16.027+0000][68][gc,start    ] GC(6) Pause Young (Normal) (G1 Evacuation Pause)
[2023-02-09T13:48:16.028+0000][68][gc,task     ] GC(6) Using 4 workers of 4 for evacuation
[2023-02-09T13:48:16.028+0000][68][gc,age      ] GC(6) Desired survivor size 10485760 bytes, new threshold 3 (max threshold 15)
[2023-02-09T13:48:16.034+0000][68][gc,phases   ] GC(6)   Pre Evacuate Collection Set: 0.1ms
[2023-02-09T13:48:16.034+0000][68][gc,phases   ] GC(6)   Merge Heap Roots: 0.1ms
[2023-02-09T13:48:16.035+0000][68][gc,phases   ] GC(6)   Evacuate Collection Set: 3.8ms
[2023-02-09T13:48:16.036+0000][68][gc,phases   ] GC(6)   Post Evacuate Collection Set: 0.8ms
[2023-02-09T13:48:16.036+0000][68][gc,phases   ] GC(6)   Other: 1.3ms
[2023-02-09T13:48:16.037+0000][68][gc,age      ] GC(6) Age table with threshold 3 (max threshold 15)
[2023-02-09T13:48:16.038+0000][68][gc,age      ] GC(6) - age   1:    3109176 bytes,    3109176 total
[2023-02-09T13:48:16.039+0000][68][gc,age      ] GC(6) - age   2:    4170760 bytes,    7279936 total
[2023-02-09T13:48:16.040+0000][68][gc,age      ] GC(6) - age   3:     983656 bytes,    8263592 total
[2023-02-09T13:48:16.040+0000][68][gc,heap     ] GC(6) Eden regions: 35->0(35)
[2023-02-09T13:48:16.041+0000][68][gc,heap     ] GC(6) Survivor regions: 3->3(5)
[2023-02-09T13:48:16.042+0000][68][gc,heap     ] GC(6) Old regions: 2->3
[2023-02-09T13:48:16.043+0000][68][gc,heap     ] GC(6) Archive regions: 2->2
[2023-02-09T13:48:16.043+0000][68][gc,heap     ] GC(6) Humongous regions: 0->0
[2023-02-09T13:48:16.044+0000][68][gc,metaspace] GC(6) Metaspace: 25692K(26304K)->25692K(26304K) NonClass: 22756K(23104K)->22756K(23104K) Class: 2936K(3200K)->2936K(3200K)
[2023-02-09T13:48:16.045+0000][68][gc          ] GC(6) Pause Young (Normal) (G1 Evacuation Pause) 160M->22M(256M) 17.733ms
[2023-02-09T13:48:16.045+0000][68][gc,cpu      ] GC(6) User=0.02s Sys=0.00s Real=0.02s
[2023-02-09T13:48:16.046+0000][68][safepoint   ] Safepoint "G1CollectForAllocation", Time since last: 443099554 ns, Reaching safepoint: 113541 ns, At safepoint: 18900417 ns, Total: 19013958 ns
[2023-02-09T13:48:16.349+0000][68][gc,start    ] GC(7) Pause Young (Normal) (G1 Evacuation Pause)
[2023-02-09T13:48:16.350+0000][68][gc,task     ] GC(7) Using 4 workers of 4 for evacuation
[2023-02-09T13:48:16.351+0000][68][gc,age      ] GC(7) Desired survivor size 10485760 bytes, new threshold 15 (max threshold 15)
[2023-02-09T13:48:16.355+0000][68][gc,phases   ] GC(7)   Pre Evacuate Collection Set: 0.2ms
[2023-02-09T13:48:16.356+0000][68][gc,phases   ] GC(7)   Merge Heap Roots: 0.1ms
[2023-02-09T13:48:16.357+0000][68][gc,phases   ] GC(7)   Evacuate Collection Set: 2.1ms
[2023-02-09T13:48:16.359+0000][68][gc,phases   ] GC(7)   Post Evacuate Collection Set: 0.9ms
[2023-02-09T13:48:16.360+0000][68][gc,phases   ] GC(7)   Other: 1.7ms
[2023-02-09T13:48:16.361+0000][68][gc,age      ] GC(7) Age table with threshold 15 (max threshold 15)
[2023-02-09T13:48:16.362+0000][68][gc,age      ] GC(7) - age   1:     783608 bytes,     783608 total
[2023-02-09T13:48:16.363+0000][68][gc,age      ] GC(7) - age   2:    2431568 bytes,    3215176 total
[2023-02-09T13:48:16.363+0000][68][gc,age      ] GC(7) - age   3:    4170616 bytes,    7385792 total
[2023-02-09T13:48:16.364+0000][68][gc,age      ] GC(7) - age   4:     983656 bytes,    8369448 total
[2023-02-09T13:48:16.365+0000][68][gc,heap     ] GC(7) Eden regions: 35->0(35)
[2023-02-09T13:48:16.365+0000][68][gc,heap     ] GC(7) Survivor regions: 3->3(5)
[2023-02-09T13:48:16.366+0000][68][gc,heap     ] GC(7) Old regions: 3->3
[2023-02-09T13:48:16.366+0000][68][gc,heap     ] GC(7) Archive regions: 2->2
[2023-02-09T13:48:16.367+0000][68][gc,heap     ] GC(7) Humongous regions: 0->0
[2023-02-09T13:48:16.367+0000][68][gc,metaspace] GC(7) Metaspace: 26173K(26816K)->26173K(26816K) NonClass: 23172K(23552K)->23172K(23552K) Class: 3000K(3264K)->3000K(3264K)
[2023-02-09T13:48:16.368+0000][68][gc          ] GC(7) Pause Young (Normal) (G1 Evacuation Pause) 162M->22M(256M) 19.187ms
[2023-02-09T13:48:16.369+0000][68][gc,cpu      ] GC(7) User=0.01s Sys=0.00s Real=0.02s
[2023-02-09T13:48:16.369+0000][68][safepoint   ] Safepoint "G1CollectForAllocation", Time since last: 302903109 ns, Reaching safepoint: 290080 ns, At safepoint: 20563735 ns, Total: 20853815 ns
[2023-02-09T13:48:17.286+0000][68][safepoint   ] Safepoint "ICBufferFull", Time since last: 915929469 ns, Reaching safepoint: 1017985 ns, At safepoint: 5977 ns, Total: 1023962 ns
[2023-02-09T13:48:17.319+0000][68][gc,start    ] GC(8) Pause Young (Normal) (G1 Evacuation Pause)
[2023-02-09T13:48:17.320+0000][68][gc,task     ] GC(8) Using 4 workers of 4 for evacuation
[2023-02-09T13:48:17.321+0000][68][gc,age      ] GC(8) Desired survivor size 10485760 bytes, new threshold 15 (max threshold 15)
[2023-02-09T13:48:17.329+0000][68][gc,phases   ] GC(8)   Pre Evacuate Collection Set: 0.0ms
[2023-02-09T13:48:17.329+0000][68][gc,phases   ] GC(8)   Merge Heap Roots: 0.0ms
[2023-02-09T13:48:17.330+0000][68][gc,phases   ] GC(8)   Evacuate Collection Set: 6.0ms
[2023-02-09T13:48:17.330+0000][68][gc,phases   ] GC(8)   Post Evacuate Collection Set: 0.5ms
[2023-02-09T13:48:17.331+0000][68][gc,phases   ] GC(8)   Other: 1.8ms
[2023-02-09T13:48:17.331+0000][68][gc,age      ] GC(8) Age table with threshold 15 (max threshold 15)
[2023-02-09T13:48:17.332+0000][68][gc,age      ] GC(8) - age   1:    4145032 bytes,    4145032 total
[2023-02-09T13:48:17.332+0000][68][gc,age      ] GC(8) - age   2:     375720 bytes,    4520752 total
[2023-02-09T13:48:17.333+0000][68][gc,age      ] GC(8) - age   3:    2431568 bytes,    6952320 total
[2023-02-09T13:48:17.334+0000][68][gc,age      ] GC(8) - age   4:    4165592 bytes,   11117912 total
[2023-02-09T13:48:17.334+0000][68][gc,age      ] GC(8) - age   5:     982744 bytes,   12100656 total
[2023-02-09T13:48:17.335+0000][68][gc,heap     ] GC(8) Eden regions: 35->0(35)
[2023-02-09T13:48:17.336+0000][68][gc,heap     ] GC(8) Survivor regions: 3->3(5)
[2023-02-09T13:48:17.336+0000][68][gc,heap     ] GC(8) Old regions: 3->3
[2023-02-09T13:48:17.336+0000][68][gc,heap     ] GC(8) Archive regions: 2->2
[2023-02-09T13:48:17.337+0000][68][gc,heap     ] GC(8) Humongous regions: 0->0
[2023-02-09T13:48:17.338+0000][68][gc,metaspace] GC(8) Metaspace: 32237K(32960K)->32237K(32960K) NonClass: 28581K(28992K)->28581K(28992K) Class: 3656K(3968K)->3656K(3968K)
[2023-02-09T13:48:17.338+0000][68][gc          ] GC(8) Pause Young (Normal) (G1 Evacuation Pause) 162M->25M(256M) 19.029ms
[2023-02-09T13:48:17.339+0000][68][gc,cpu      ] GC(8) User=0.02s Sys=0.00s Real=0.02s
[2023-02-09T13:48:17.340+0000][68][safepoint   ] Safepoint "G1CollectForAllocation", Time since last: 32765058 ns, Reaching safepoint: 153565 ns, At safepoint: 20754398 ns, Total: 20907963 ns
[2023-02-09T13:48:17.627+0000][68][gc,start    ] GC(9) Pause Young (Normal) (G1 Evacuation Pause)
[2023-02-09T13:48:17.628+0000][68][gc,task     ] GC(9) Using 4 workers of 4 for evacuation
[2023-02-09T13:48:17.630+0000][68][gc,age      ] GC(9) Desired survivor size 10485760 bytes, new threshold 4 (max threshold 15)
[2023-02-09T13:48:17.639+0000][68][gc,phases   ] GC(9)   Pre Evacuate Collection Set: 0.4ms
[2023-02-09T13:48:17.640+0000][68][gc,phases   ] GC(9)   Merge Heap Roots: 0.1ms
[2023-02-09T13:48:17.641+0000][68][gc,phases   ] GC(9)   Evacuate Collection Set: 6.8ms
[2023-02-09T13:48:17.642+0000][68][gc,phases   ] GC(9)   Post Evacuate Collection Set: 0.9ms
[2023-02-09T13:48:17.666+0000][68][gc,phases   ] GC(9)   Other: 1.9ms
[2023-02-09T13:48:17.667+0000][68][gc,age      ] GC(9) Age table with threshold 4 (max threshold 15)
[2023-02-09T13:48:17.669+0000][68][gc,age      ] GC(9) - age   1:    3125032 bytes,    3125032 total
[2023-02-09T13:48:17.671+0000][68][gc,age      ] GC(9) - age   2:    3321600 bytes,    6446632 total
[2023-02-09T13:48:17.672+0000][68][gc,age      ] GC(9) - age   3:     375720 bytes,    6822352 total
[2023-02-09T13:48:17.684+0000][68][gc,age      ] GC(9) - age   4:    2431536 bytes,    9253888 total
[2023-02-09T13:48:17.686+0000][68][gc,heap     ] GC(9) Eden regions: 35->0(35)
[2023-02-09T13:48:17.687+0000][68][gc,heap     ] GC(9) Survivor regions: 3->3(5)
[2023-02-09T13:48:17.689+0000][68][gc,heap     ] GC(9) Old regions: 3->4
[2023-02-09T13:48:17.691+0000][68][gc,heap     ] GC(9) Archive regions: 2->2
[2023-02-09T13:48:17.692+0000][68][gc,heap     ] GC(9) Humongous regions: 0->0
[2023-02-09T13:48:17.693+0000][68][gc,metaspace] GC(9) Metaspace: 32349K(33088K)->32349K(33088K) NonClass: 28671K(29056K)->28671K(29056K) Class: 3677K(4032K)->3677K(4032K)
[2023-02-09T13:48:17.694+0000][68][gc          ] GC(9) Pause Young (Normal) (G1 Evacuation Pause) 165M->28M(256M) 66.507ms
[2023-02-09T13:48:17.694+0000][68][gc,cpu      ] GC(9) User=0.05s Sys=0.00s Real=0.07s
[2023-02-09T13:48:17.696+0000][68][safepoint   ] Safepoint "G1CollectForAllocation", Time since last: 287253565 ns, Reaching safepoint: 76944 ns, At safepoint: 68458411 ns, Total: 68535355 ns
[2023-02-09T13:48:18.230+0000][68][gc,start    ] GC(10) Pause Young (Normal) (G1 Evacuation Pause)
[2023-02-09T13:48:18.231+0000][68][gc,task     ] GC(10) Using 4 workers of 4 for evacuation
[2023-02-09T13:48:18.232+0000][68][gc,age      ] GC(10) Desired survivor size 10485760 bytes, new threshold 15 (max threshold 15)
[2023-02-09T13:48:18.239+0000][68][gc,phases   ] GC(10)   Pre Evacuate Collection Set: 0.1ms
[2023-02-09T13:48:18.240+0000][68][gc,phases   ] GC(10)   Merge Heap Roots: 0.1ms
[2023-02-09T13:48:18.241+0000][68][gc,phases   ] GC(10)   Evacuate Collection Set: 4.0ms
[2023-02-09T13:48:18.243+0000][68][gc,phases   ] GC(10)   Post Evacuate Collection Set: 1.6ms
[2023-02-09T13:48:18.244+0000][68][gc,phases   ] GC(10)   Other: 1.9ms
[2023-02-09T13:48:18.246+0000][68][gc,age      ] GC(10) Age table with threshold 15 (max threshold 15)
[2023-02-09T13:48:18.247+0000][68][gc,age      ] GC(10) - age   1:    4198856 bytes,    4198856 total
[2023-02-09T13:48:18.248+0000][68][gc,age      ] GC(10) - age   2:    1417312 bytes,    5616168 total
[2023-02-09T13:48:18.249+0000][68][gc,age      ] GC(10) - age   3:    3321568 bytes,    8937736 total
[2023-02-09T13:48:18.250+0000][68][gc,age      ] GC(10) - age   4:     375072 bytes,    9312808 total
[2023-02-09T13:48:18.251+0000][68][gc,age      ] GC(10) - age   5:    2430896 bytes,   11743704 total
[2023-02-09T13:48:18.252+0000][68][gc,heap     ] GC(10) Eden regions: 35->0(35)
[2023-02-09T13:48:18.253+0000][68][gc,heap     ] GC(10) Survivor regions: 3->3(5)
[2023-02-09T13:48:18.254+0000][68][gc,heap     ] GC(10) Old regions: 4->4
[2023-02-09T13:48:18.254+0000][68][gc,heap     ] GC(10) Archive regions: 2->2
[2023-02-09T13:48:18.255+0000][68][gc,heap     ] GC(10) Humongous regions: 0->0
[2023-02-09T13:48:18.256+0000][68][gc,metaspace] GC(10) Metaspace: 33772K(34496K)->33772K(34496K) NonClass: 29920K(30336K)->29920K(30336K) Class: 3852K(4160K)->3852K(4160K)
[2023-02-09T13:48:18.257+0000][68][gc          ] GC(10) Pause Young (Normal) (G1 Evacuation Pause) 168M->30M(256M) 26.638ms
[2023-02-09T13:48:18.259+0000][68][gc,cpu      ] GC(10) User=0.03s Sys=0.01s Real=0.03s
[2023-02-09T13:48:18.261+0000][68][safepoint   ] Safepoint "G1CollectForAllocation", Time since last: 534029190 ns, Reaching safepoint: 303224 ns, At safepoint: 30757618 ns, Total: 31060842 ns
[2023-02-09T13:48:18.611+0000][68][gc,start    ] GC(11) Pause Young (Normal) (G1 Evacuation Pause)
[2023-02-09T13:48:18.612+0000][68][gc,task     ] GC(11) Using 4 workers of 4 for evacuation
[2023-02-09T13:48:18.613+0000][68][gc,age      ] GC(11) Desired survivor size 10485760 bytes, new threshold 5 (max threshold 15)
[2023-02-09T13:48:18.618+0000][68][gc,phases   ] GC(11)   Pre Evacuate Collection Set: 0.1ms
[2023-02-09T13:48:18.619+0000][68][gc,phases   ] GC(11)   Merge Heap Roots: 0.0ms
[2023-02-09T13:48:18.619+0000][68][gc,phases   ] GC(11)   Evacuate Collection Set: 3.3ms
[2023-02-09T13:48:18.620+0000][68][gc,phases   ] GC(11)   Post Evacuate Collection Set: 0.7ms
[2023-02-09T13:48:18.621+0000][68][gc,phases   ] GC(11)   Other: 1.5ms
[2023-02-09T13:48:18.621+0000][68][gc,age      ] GC(11) Age table with threshold 5 (max threshold 15)
[2023-02-09T13:48:18.622+0000][68][gc,age      ] GC(11) - age   1:    3185944 bytes,    3185944 total
[2023-02-09T13:48:18.623+0000][68][gc,age      ] GC(11) - age   2:    3124888 bytes,    6310832 total
[2023-02-09T13:48:18.623+0000][68][gc,age      ] GC(11) - age   3:    1417280 bytes,    7728112 total
[2023-02-09T13:48:18.624+0000][68][gc,age      ] GC(11) - age   4:    3321568 bytes,   11049680 total
[2023-02-09T13:48:18.625+0000][68][gc,age      ] GC(11) - age   5:     375072 bytes,   11424752 total
[2023-02-09T13:48:18.626+0000][68][gc,heap     ] GC(11) Eden regions: 35->0(35)
[2023-02-09T13:48:18.627+0000][68][gc,heap     ] GC(11) Survivor regions: 3->3(5)
[2023-02-09T13:48:18.628+0000][68][gc,heap     ] GC(11) Old regions: 4->5
[2023-02-09T13:48:18.629+0000][68][gc,heap     ] GC(11) Archive regions: 2->2
[2023-02-09T13:48:18.630+0000][68][gc,heap     ] GC(11) Humongous regions: 0->0
[2023-02-09T13:48:18.630+0000][68][gc,metaspace] GC(11) Metaspace: 34223K(35072K)->34223K(35072K) NonClass: 30306K(30784K)->30306K(30784K) Class: 3917K(4288K)->3917K(4288K)
[2023-02-09T13:48:18.631+0000][68][gc          ] GC(11) Pause Young (Normal) (G1 Evacuation Pause) 170M->32M(256M) 19.345ms
[2023-02-09T13:48:18.631+0000][68][gc,cpu      ] GC(11) User=0.01s Sys=0.00s Real=0.02s
[2023-02-09T13:48:18.632+0000][68][safepoint   ] Safepoint "G1CollectForAllocation", Time since last: 350045505 ns, Reaching safepoint: 407089 ns, At safepoint: 20487466 ns, Total: 20894555 ns
[2023-02-09T13:48:18.941+0000][68][gc,start    ] GC(12) Pause Young (Normal) (G1 Evacuation Pause)
[2023-02-09T13:48:18.943+0000][68][gc,task     ] GC(12) Using 4 workers of 4 for evacuation
[2023-02-09T13:48:18.944+0000][68][gc,age      ] GC(12) Desired survivor size 10485760 bytes, new threshold 4 (max threshold 15)
[2023-02-09T13:48:18.952+0000][68][gc,phases   ] GC(12)   Pre Evacuate Collection Set: 0.1ms
[2023-02-09T13:48:18.953+0000][68][gc,phases   ] GC(12)   Merge Heap Roots: 0.1ms
[2023-02-09T13:48:18.954+0000][68][gc,phases   ] GC(12)   Evacuate Collection Set: 6.6ms
[2023-02-09T13:48:18.955+0000][68][gc,phases   ] GC(12)   Post Evacuate Collection Set: 0.4ms
[2023-02-09T13:48:18.956+0000][68][gc,phases   ] GC(12)   Other: 2.4ms
[2023-02-09T13:48:18.957+0000][68][gc,age      ] GC(12) Age table with threshold 4 (max threshold 15)
[2023-02-09T13:48:18.959+0000][68][gc,age      ] GC(12) - age   1:    2235328 bytes,    2235328 total
[2023-02-09T13:48:18.959+0000][68][gc,age      ] GC(12) - age   2:    2367616 bytes,    4602944 total
[2023-02-09T13:48:18.961+0000][68][gc,age      ] GC(12) - age   3:    3124768 bytes,    7727712 total
[2023-02-09T13:48:18.961+0000][68][gc,age      ] GC(12) - age   4:    1417280 bytes,    9144992 total
[2023-02-09T13:48:18.962+0000][68][gc,heap     ] GC(12) Eden regions: 35->0(35)
[2023-02-09T13:48:18.963+0000][68][gc,heap     ] GC(12) Survivor regions: 3->3(5)
[2023-02-09T13:48:18.964+0000][68][gc,heap     ] GC(12) Old regions: 5->6
[2023-02-09T13:48:18.965+0000][68][gc,heap     ] GC(12) Archive regions: 2->2
[2023-02-09T13:48:18.966+0000][68][gc,heap     ] GC(12) Humongous regions: 0->0
[2023-02-09T13:48:18.966+0000][68][gc,metaspace] GC(12) Metaspace: 34640K(35456K)->34640K(35456K) NonClass: 30676K(31168K)->30676K(31168K) Class: 3964K(4288K)->3964K(4288K)
[2023-02-09T13:48:18.967+0000][68][gc          ] GC(12) Pause Young (Normal) (G1 Evacuation Pause) 172M->34M(256M) 25.746ms
[2023-02-09T13:48:18.968+0000][68][gc,cpu      ] GC(12) User=0.03s Sys=0.00s Real=0.03s
[2023-02-09T13:48:18.968+0000][68][safepoint   ] Safepoint "G1CollectForAllocation", Time since last: 309360331 ns, Reaching safepoint: 67329 ns, At safepoint: 26938733 ns, Total: 27006062 ns
[2023-02-09T13:48:19.121+0000][68][gc,start    ] GC(13) Pause Young (Concurrent Start) (Metadata GC Threshold)
[2023-02-09T13:48:19.123+0000][68][gc,task     ] GC(13) Using 4 workers of 4 for evacuation
[2023-02-09T13:48:19.123+0000][68][gc,age      ] GC(13) Desired survivor size 10485760 bytes, new threshold 15 (max threshold 15)
[2023-02-09T13:48:19.128+0000][68][gc,phases   ] GC(13)   Pre Evacuate Collection Set: 0.1ms
[2023-02-09T13:48:19.129+0000][68][gc,phases   ] GC(13)   Merge Heap Roots: 0.0ms
[2023-02-09T13:48:19.130+0000][68][gc,phases   ] GC(13)   Evacuate Collection Set: 3.1ms
[2023-02-09T13:48:19.131+0000][68][gc,phases   ] GC(13)   Post Evacuate Collection Set: 0.8ms
[2023-02-09T13:48:19.132+0000][68][gc,phases   ] GC(13)   Other: 1.7ms
[2023-02-09T13:48:19.133+0000][68][gc,age      ] GC(13) Age table with threshold 15 (max threshold 15)
[2023-02-09T13:48:19.134+0000][68][gc,age      ] GC(13) - age   1:     424712 bytes,     424712 total
[2023-02-09T13:48:19.135+0000][68][gc,age      ] GC(13) - age   2:     718088 bytes,    1142800 total
[2023-02-09T13:48:19.136+0000][68][gc,age      ] GC(13) - age   3:    2367480 bytes,    3510280 total
[2023-02-09T13:48:19.137+0000][68][gc,age      ] GC(13) - age   4:    3124576 bytes,    6634856 total
[2023-02-09T13:48:19.138+0000][68][gc,age      ] GC(13) - age   5:    1417176 bytes,    8052032 total
[2023-02-09T13:48:19.138+0000][68][gc,heap     ] GC(13) Eden regions: 3->0(35)
[2023-02-09T13:48:19.139+0000][68][gc,heap     ] GC(13) Survivor regions: 3->3(5)
[2023-02-09T13:48:19.139+0000][68][gc,heap     ] GC(13) Old regions: 6->6
[2023-02-09T13:48:19.140+0000][68][gc,heap     ] GC(13) Archive regions: 2->2
[2023-02-09T13:48:19.141+0000][68][gc,heap     ] GC(13) Humongous regions: 0->0
[2023-02-09T13:48:19.141+0000][68][gc,metaspace] GC(13) Metaspace: 35316K(36096K)->35316K(36096K) NonClass: 31281K(31744K)->31281K(31744K) Class: 4035K(4352K)->4035K(4352K)
[2023-02-09T13:48:19.143+0000][68][gc          ] GC(13) Pause Young (Concurrent Start) (Metadata GC Threshold) 46M->33M(256M) 21.362ms
[2023-02-09T13:48:19.143+0000][68][gc,cpu      ] GC(13) User=0.02s Sys=0.00s Real=0.03s
[2023-02-09T13:48:19.143+0000][68][gc          ] GC(14) Concurrent Mark Cycle
[2023-02-09T13:48:19.145+0000][68][safepoint   ] Safepoint "CollectForMetadataAllocation", Time since last: 152802518 ns, Reaching safepoint: 107574 ns, At safepoint: 23976214 ns, Total: 24083788 ns
[2023-02-09T13:48:19.145+0000][68][gc,marking  ] GC(14) Concurrent Clear Claimed Marks
[2023-02-09T13:48:19.147+0000][68][gc,marking  ] GC(14) Concurrent Clear Claimed Marks 1.400ms
[2023-02-09T13:48:19.148+0000][68][gc,marking  ] GC(14) Concurrent Scan Root Regions
[2023-02-09T13:48:19.150+0000][68][gc,marking  ] GC(14) Concurrent Scan Root Regions 2.546ms
[2023-02-09T13:48:19.151+0000][68][gc,marking  ] GC(14) Concurrent Mark
[2023-02-09T13:48:19.152+0000][68][gc,marking  ] GC(14) Concurrent Mark From Roots
[2023-02-09T13:48:19.152+0000][68][gc,task     ] GC(14) Using 1 workers of 1 for marking
[2023-02-09T13:48:19.177+0000][68][gc,marking  ] GC(14) Concurrent Mark From Roots 25.152ms
[2023-02-09T13:48:19.178+0000][68][gc,marking  ] GC(14) Concurrent Preclean
[2023-02-09T13:48:19.181+0000][68][gc,marking  ] GC(14) Concurrent Preclean 2.967ms
[2023-02-09T13:48:19.182+0000][68][gc,start    ] GC(14) Pause Remark
[2023-02-09T13:48:19.193+0000][68][gc          ] GC(14) Pause Remark 35M->35M(256M) 10.995ms
[2023-02-09T13:48:19.195+0000][68][gc,cpu      ] GC(14) User=0.03s Sys=0.00s Real=0.01s
[2023-02-09T13:48:19.196+0000][68][safepoint   ] Safepoint "G1PauseRemark", Time since last: 36983995 ns, Reaching safepoint: 225778 ns, At safepoint: 13350367 ns, Total: 13576145 ns
[2023-02-09T13:48:19.198+0000][68][gc,marking  ] GC(14) Concurrent Mark 46.852ms
[2023-02-09T13:48:19.199+0000][68][gc,marking  ] GC(14) Concurrent Rebuild Remembered Sets
[2023-02-09T13:48:19.216+0000][68][gc,marking  ] GC(14) Concurrent Rebuild Remembered Sets 17.439ms
[2023-02-09T13:48:19.218+0000][68][gc,start    ] GC(14) Pause Cleanup
[2023-02-09T13:48:19.219+0000][68][gc          ] GC(14) Pause Cleanup 35M->35M(256M) 0.927ms
[2023-02-09T13:48:19.220+0000][68][gc,cpu      ] GC(14) User=0.01s Sys=0.00s Real=0.00s
[2023-02-09T13:48:19.221+0000][68][safepoint   ] Safepoint "G1PauseCleanup", Time since last: 21536628 ns, Reaching safepoint: 898784 ns, At safepoint: 2944794 ns, Total: 3843578 ns
[2023-02-09T13:48:19.222+0000][68][gc,marking  ] GC(14) Concurrent Cleanup for Next Mark
[2023-02-09T13:48:19.223+0000][68][gc,marking  ] GC(14) Concurrent Cleanup for Next Mark 0.929ms
[2023-02-09T13:48:19.224+0000][68][gc          ] GC(14) Concurrent Mark Cycle 80.639ms
[2023-02-09T13:48:20.852+0000][68][safepoint   ] Safepoint "ICBufferFull", Time since last: 1630088956 ns, Reaching safepoint: 505814 ns, At safepoint: 30995 ns, Total: 536809 ns
[2023-02-09T13:48:21.457+0000][68][gc,start    ] GC(15) Pause Young (Normal) (G1 Evacuation Pause)
[2023-02-09T13:48:21.459+0000][68][gc,task     ] GC(15) Using 4 workers of 4 for evacuation
[2023-02-09T13:48:21.460+0000][68][gc,age      ] GC(15) Desired survivor size 10485760 bytes, new threshold 15 (max threshold 15)
[2023-02-09T13:48:21.480+0000][68][gc,phases   ] GC(15)   Pre Evacuate Collection Set: 0.1ms
[2023-02-09T13:48:21.481+0000][68][gc,phases   ] GC(15)   Merge Heap Roots: 0.0ms
[2023-02-09T13:48:21.482+0000][68][gc,phases   ] GC(15)   Evacuate Collection Set: 17.0ms
[2023-02-09T13:48:21.483+0000][68][gc,phases   ] GC(15)   Post Evacuate Collection Set: 2.5ms
[2023-02-09T13:48:21.483+0000][68][gc,phases   ] GC(15)   Other: 1.8ms
[2023-02-09T13:48:21.484+0000][68][gc,age      ] GC(15) Age table with threshold 15 (max threshold 15)
[2023-02-09T13:48:21.485+0000][68][gc,age      ] GC(15) - age   1:   11451616 bytes,   11451616 total
[2023-02-09T13:48:21.486+0000][68][gc,age      ] GC(15) - age   2:     400400 bytes,   11852016 total
[2023-02-09T13:48:21.488+0000][68][gc,age      ] GC(15) - age   3:     710864 bytes,   12562880 total
[2023-02-09T13:48:21.489+0000][68][gc,age      ] GC(15) - age   4:    2360400 bytes,   14923280 total
[2023-02-09T13:48:21.489+0000][68][gc,age      ] GC(15) - age   5:    3105592 bytes,   18028872 total
[2023-02-09T13:48:21.490+0000][68][gc,age      ] GC(15) - age   6:    1409416 bytes,   19438288 total
[2023-02-09T13:48:21.490+0000][68][gc,heap     ] GC(15) Eden regions: 35->0(33)
[2023-02-09T13:48:21.491+0000][68][gc,heap     ] GC(15) Survivor regions: 3->5(5)
[2023-02-09T13:48:21.492+0000][68][gc,heap     ] GC(15) Old regions: 6->6
[2023-02-09T13:48:21.492+0000][68][gc,heap     ] GC(15) Archive regions: 2->2
[2023-02-09T13:48:21.493+0000][68][gc,heap     ] GC(15) Humongous regions: 0->0
[2023-02-09T13:48:21.494+0000][68][gc,metaspace] GC(15) Metaspace: 44174K(45440K)->44174K(45440K) NonClass: 38923K(39616K)->38923K(39616K) Class: 5251K(5824K)->5251K(5824K)
[2023-02-09T13:48:21.494+0000][68][gc          ] GC(15) Pause Young (Normal) (G1 Evacuation Pause) 173M->44M(256M) 37.230ms
[2023-02-09T13:48:21.495+0000][68][gc,cpu      ] GC(15) User=0.07s Sys=0.00s Real=0.04s
[2023-02-09T13:48:21.495+0000][68][safepoint   ] Safepoint "G1CollectForAllocation", Time since last: 604895874 ns, Reaching safepoint: 320607 ns, At safepoint: 38332988 ns, Total: 38653595 ns
[2023-02-09T13:48:22.328+0000][68][gc,start    ] GC(16) Pause Young (Normal) (G1 Evacuation Pause)
[2023-02-09T13:48:22.329+0000][68][gc,task     ] GC(16) Using 4 workers of 4 for evacuation
[2023-02-09T13:48:22.330+0000][68][gc,age      ] GC(16) Desired survivor size 10485760 bytes, new threshold 1 (max threshold 15)
[2023-02-09T13:48:22.350+0000][68][gc,phases   ] GC(16)   Pre Evacuate Collection Set: 0.2ms
[2023-02-09T13:48:22.352+0000][68][gc,phases   ] GC(16)   Merge Heap Roots: 0.0ms
[2023-02-09T13:48:22.353+0000][68][gc,phases   ] GC(16)   Evacuate Collection Set: 18.8ms
[2023-02-09T13:48:22.354+0000][68][gc,phases   ] GC(16)   Post Evacuate Collection Set: 0.8ms
[2023-02-09T13:48:22.355+0000][68][gc,phases   ] GC(16)   Other: 1.3ms
[2023-02-09T13:48:22.355+0000][68][gc,age      ] GC(16) Age table with threshold 1 (max threshold 15)
[2023-02-09T13:48:22.356+0000][68][gc,age      ] GC(16) - age   1:    6979720 bytes,    6979720 total
[2023-02-09T13:48:22.356+0000][68][gc,heap     ] GC(16) Eden regions: 33->0(34)
[2023-02-09T13:48:22.357+0000][68][gc,heap     ] GC(16) Survivor regions: 5->2(5)
[2023-02-09T13:48:22.357+0000][68][gc,heap     ] GC(16) Old regions: 6->10
[2023-02-09T13:48:22.358+0000][68][gc,heap     ] GC(16) Archive regions: 2->2
[2023-02-09T13:48:22.358+0000][68][gc,heap     ] GC(16) Humongous regions: 0->0
[2023-02-09T13:48:22.359+0000][68][gc,metaspace] GC(16) Metaspace: 44203K(45504K)->44203K(45504K) NonClass: 38947K(39680K)->38947K(39680K) Class: 5255K(5824K)->5255K(5824K)
[2023-02-09T13:48:22.360+0000][68][gc          ] GC(16) Pause Young (Normal) (G1 Evacuation Pause) 176M->51M(256M) 31.292ms
[2023-02-09T13:48:22.360+0000][68][gc,cpu      ] GC(16) User=0.05s Sys=0.00s Real=0.04s
[2023-02-09T13:48:22.361+0000][68][safepoint   ] Safepoint "G1CollectForAllocation", Time since last: 854525850 ns, Reaching safepoint: 319565 ns, At safepoint: 32724290 ns, Total: 33043855 ns
[2023-02-09T13:48:23.245+0000][68][safepoint   ] Safepoint "ICBufferFull", Time since last: 883867347 ns, Reaching safepoint: 207417 ns, At safepoint: 26532 ns, Total: 233949 ns
[2023-02-09T13:48:23.495+0000][68][gc,start    ] GC(17) Pause Young (Normal) (G1 Evacuation Pause)
[2023-02-09T13:48:23.496+0000][68][gc,task     ] GC(17) Using 4 workers of 4 for evacuation
[2023-02-09T13:48:23.497+0000][68][gc,age      ] GC(17) Desired survivor size 10485760 bytes, new threshold 15 (max threshold 15)
[2023-02-09T13:48:23.515+0000][68][gc,phases   ] GC(17)   Pre Evacuate Collection Set: 0.1ms
[2023-02-09T13:48:23.516+0000][68][gc,phases   ] GC(17)   Merge Heap Roots: 0.1ms
[2023-02-09T13:48:23.517+0000][68][gc,phases   ] GC(17)   Evacuate Collection Set: 15.1ms
[2023-02-09T13:48:23.519+0000][68][gc,phases   ] GC(17)   Post Evacuate Collection Set: 1.1ms
[2023-02-09T13:48:23.523+0000][68][gc,phases   ] GC(17)   Other: 2.0ms
[2023-02-09T13:48:23.524+0000][68][gc,age      ] GC(17) Age table with threshold 15 (max threshold 15)
[2023-02-09T13:48:23.525+0000][68][gc,age      ] GC(17) - age   1:    5262896 bytes,    5262896 total
[2023-02-09T13:48:23.526+0000][68][gc,age      ] GC(17) - age   2:    6539808 bytes,   11802704 total
[2023-02-09T13:48:23.527+0000][68][gc,heap     ] GC(17) Eden regions: 34->0(34)
[2023-02-09T13:48:23.527+0000][68][gc,heap     ] GC(17) Survivor regions: 2->3(5)
[2023-02-09T13:48:23.528+0000][68][gc,heap     ] GC(17) Old regions: 10->10
[2023-02-09T13:48:23.529+0000][68][gc,heap     ] GC(17) Archive regions: 2->2
[2023-02-09T13:48:23.530+0000][68][gc,heap     ] GC(17) Humongous regions: 0->0
[2023-02-09T13:48:23.531+0000][68][gc,metaspace] GC(17) Metaspace: 51221K(52544K)->51221K(52544K) NonClass: 45008K(45760K)->45008K(45760K) Class: 6212K(6784K)->6212K(6784K)
[2023-02-09T13:48:23.531+0000][68][gc          ] GC(17) Pause Young (Normal) (G1 Evacuation Pause) 187M->55M(256M) 36.174ms
[2023-02-09T13:48:23.532+0000][68][gc,cpu      ] GC(17) User=0.08s Sys=0.00s Real=0.04s
[2023-02-09T13:48:23.533+0000][68][safepoint   ] Safepoint "G1CollectForAllocation", Time since last: 250008974 ns, Reaching safepoint: 201914 ns, At safepoint: 37651015 ns, Total: 37852929 ns
[2023-02-09T13:48:24.409+0000][68][gc,start    ] GC(18) Pause Young (Concurrent Start) (Metadata GC Threshold)
[2023-02-09T13:48:24.410+0000][68][gc,task     ] GC(18) Using 4 workers of 4 for evacuation
[2023-02-09T13:48:24.411+0000][68][gc,age      ] GC(18) Desired survivor size 10485760 bytes, new threshold 2 (max threshold 15)
[2023-02-09T13:48:24.425+0000][68][gc,phases   ] GC(18)   Pre Evacuate Collection Set: 0.2ms
[2023-02-09T13:48:24.426+0000][68][gc,phases   ] GC(18)   Merge Heap Roots: 0.1ms
[2023-02-09T13:48:24.427+0000][68][gc,phases   ] GC(18)   Evacuate Collection Set: 11.4ms
[2023-02-09T13:48:24.428+0000][68][gc,phases   ] GC(18)   Post Evacuate Collection Set: 2.2ms
[2023-02-09T13:48:24.428+0000][68][gc,phases   ] GC(18)   Other: 1.3ms
[2023-02-09T13:48:24.429+0000][68][gc,age      ] GC(18) Age table with threshold 2 (max threshold 15)
[2023-02-09T13:48:24.429+0000][68][gc,age      ] GC(18) - age   1:    2817376 bytes,    2817376 total
[2023-02-09T13:48:24.430+0000][68][gc,age      ] GC(18) - age   2:    4784096 bytes,    7601472 total
[2023-02-09T13:48:24.430+0000][68][gc,heap     ] GC(18) Eden regions: 11->0(29)
[2023-02-09T13:48:24.431+0000][68][gc,heap     ] GC(18) Survivor regions: 3->2(5)
[2023-02-09T13:48:24.431+0000][68][gc,heap     ] GC(18) Old regions: 10->12
[2023-02-09T13:48:24.432+0000][68][gc,heap     ] GC(18) Archive regions: 2->2
[2023-02-09T13:48:24.433+0000][68][gc,heap     ] GC(18) Humongous regions: 0->0
[2023-02-09T13:48:24.433+0000][68][gc,metaspace] GC(18) Metaspace: 58987K(60416K)->58987K(60416K) NonClass: 51612K(52416K)->51612K(52416K) Class: 7374K(8000K)->7374K(8000K)
[2023-02-09T13:48:24.434+0000][68][gc          ] GC(18) Pause Young (Concurrent Start) (Metadata GC Threshold) 97M->57M(256M) 24.836ms
[2023-02-09T13:48:24.435+0000][68][gc,cpu      ] GC(18) User=0.03s Sys=0.00s Real=0.03s
[2023-02-09T13:48:24.435+0000][68][gc          ] GC(19) Concurrent Mark Cycle
[2023-02-09T13:48:24.438+0000][68][safepoint   ] Safepoint "CollectForMetadataAllocation", Time since last: 876137253 ns, Reaching safepoint: 114851 ns, At safepoint: 29146589 ns, Total: 29261440 ns
[2023-02-09T13:48:24.440+0000][68][gc,marking  ] GC(19) Concurrent Clear Claimed Marks
[2023-02-09T13:48:24.443+0000][68][gc,marking  ] GC(19) Concurrent Clear Claimed Marks 2.675ms
[2023-02-09T13:48:24.444+0000][68][gc,marking  ] GC(19) Concurrent Scan Root Regions
[2023-02-09T13:48:24.459+0000][68][gc,marking  ] GC(19) Concurrent Scan Root Regions 15.108ms
[2023-02-09T13:48:24.460+0000][68][gc,marking  ] GC(19) Concurrent Mark
[2023-02-09T13:48:24.460+0000][68][gc,marking  ] GC(19) Concurrent Mark From Roots
[2023-02-09T13:48:24.462+0000][68][gc,task     ] GC(19) Using 1 workers of 1 for marking
[2023-02-09T13:48:24.484+0000][68][safepoint   ] Safepoint "CollectForMetadataAllocation", Time since last: 45015418 ns, Reaching safepoint: 137600 ns, At safepoint: 502349 ns, Total: 639949 ns
[2023-02-09T13:48:24.513+0000][68][gc,marking  ] GC(19) Concurrent Mark From Roots 52.337ms
[2023-02-09T13:48:24.514+0000][68][gc,marking  ] GC(19) Concurrent Preclean
[2023-02-09T13:48:24.515+0000][68][gc,marking  ] GC(19) Concurrent Preclean 1.064ms
[2023-02-09T13:48:24.516+0000][68][gc,start    ] GC(19) Pause Remark
[2023-02-09T13:48:24.522+0000][68][gc          ] GC(19) Pause Remark 61M->61M(256M) 6.027ms
[2023-02-09T13:48:24.523+0000][68][gc,cpu      ] GC(19) User=0.01s Sys=0.00s Real=0.01s
[2023-02-09T13:48:24.523+0000][68][safepoint   ] Safepoint "G1PauseRemark", Time since last: 31583938 ns, Reaching safepoint: 160644 ns, At safepoint: 7799598 ns, Total: 7960242 ns
[2023-02-09T13:48:24.524+0000][68][gc,marking  ] GC(19) Concurrent Mark 64.744ms
[2023-02-09T13:48:24.525+0000][68][gc,marking  ] GC(19) Concurrent Rebuild Remembered Sets
[2023-02-09T13:48:24.555+0000][68][gc,marking  ] GC(19) Concurrent Rebuild Remembered Sets 29.895ms
[2023-02-09T13:48:24.557+0000][68][gc,start    ] GC(19) Pause Cleanup
[2023-02-09T13:48:24.558+0000][68][gc          ] GC(19) Pause Cleanup 63M->63M(256M) 0.923ms
[2023-02-09T13:48:24.559+0000][68][gc,cpu      ] GC(19) User=0.00s Sys=0.00s Real=0.00s
[2023-02-09T13:48:24.560+0000][68][safepoint   ] Safepoint "G1PauseCleanup", Time since last: 33384974 ns, Reaching safepoint: 447358 ns, At safepoint: 2513147 ns, Total: 2960505 ns
[2023-02-09T13:48:24.560+0000][68][gc,marking  ] GC(19) Concurrent Cleanup for Next Mark
[2023-02-09T13:48:24.561+0000][68][gc,marking  ] GC(19) Concurrent Cleanup for Next Mark 0.911ms
[2023-02-09T13:48:24.562+0000][68][gc          ] GC(19) Concurrent Mark Cycle 127.078ms
[2023-02-09T13:48:25.561+0000][68][safepoint   ] Safepoint "Cleanup", Time since last: 1000699765 ns, Reaching safepoint: 479462 ns, At safepoint: 28593 ns, Total: 508055 ns
[2023-02-09T13:48:25.742+0000][68][gc,start    ] GC(20) Pause Young (Normal) (G1 Evacuation Pause)
[2023-02-09T13:48:25.744+0000][68][gc,task     ] GC(20) Using 4 workers of 4 for evacuation
[2023-02-09T13:48:25.745+0000][68][gc,age      ] GC(20) Desired survivor size 8388608 bytes, new threshold 15 (max threshold 15)
[2023-02-09T13:48:25.760+0000][68][gc,phases   ] GC(20)   Pre Evacuate Collection Set: 0.1ms
[2023-02-09T13:48:25.761+0000][68][gc,phases   ] GC(20)   Merge Heap Roots: 0.1ms
[2023-02-09T13:48:25.761+0000][68][gc,phases   ] GC(20)   Evacuate Collection Set: 12.2ms
[2023-02-09T13:48:25.762+0000][68][gc,phases   ] GC(20)   Post Evacuate Collection Set: 1.8ms
[2023-02-09T13:48:25.763+0000][68][gc,phases   ] GC(20)   Other: 2.0ms
[2023-02-09T13:48:25.763+0000][68][gc,age      ] GC(20) Age table with threshold 15 (max threshold 15)
[2023-02-09T13:48:25.764+0000][68][gc,age      ] GC(20) - age   1:    1869536 bytes,    1869536 total
[2023-02-09T13:48:25.765+0000][68][gc,age      ] GC(20) - age   2:    2657544 bytes,    4527080 total
[2023-02-09T13:48:25.765+0000][68][gc,age      ] GC(20) - age   3:    4761168 bytes,    9288248 total
[2023-02-09T13:48:25.765+0000][68][gc,heap     ] GC(20) Eden regions: 29->0(30)
[2023-02-09T13:48:25.766+0000][68][gc,heap     ] GC(20) Survivor regions: 2->3(4)
[2023-02-09T13:48:25.767+0000][68][gc,heap     ] GC(20) Old regions: 12->12
[2023-02-09T13:48:25.767+0000][68][gc,heap     ] GC(20) Archive regions: 2->2
[2023-02-09T13:48:25.767+0000][68][gc,heap     ] GC(20) Humongous regions: 0->0
[2023-02-09T13:48:25.768+0000][68][gc,metaspace] GC(20) Metaspace: 64723K(66240K)->64723K(66240K) NonClass: 56451K(57344K)->56451K(57344K) Class: 8271K(8896K)->8271K(8896K)
[2023-02-09T13:48:25.768+0000][68][gc          ] GC(20) Pause Young (Normal) (G1 Evacuation Pause) 173M->59M(256M) 26.745ms
[2023-02-09T13:48:25.769+0000][68][gc,cpu      ] GC(20) User=0.03s Sys=0.00s Real=0.02s
[2023-02-09T13:48:25.770+0000][68][safepoint   ] Safepoint "G1CollectForAllocation", Time since last: 179605175 ns, Reaching safepoint: 923698 ns, At safepoint: 28129706 ns, Total: 29053404 ns
[2023-02-09T13:48:26.336+0000][68][gc,start    ] GC(21) Pause Young (Normal) (G1 Evacuation Pause)
[2023-02-09T13:48:26.339+0000][68][gc,task     ] GC(21) Using 4 workers of 4 for evacuation
[2023-02-09T13:48:26.340+0000][68][gc,age      ] GC(21) Desired survivor size 10485760 bytes, new threshold 15 (max threshold 15)
[2023-02-09T13:48:26.352+0000][68][gc,phases   ] GC(21)   Pre Evacuate Collection Set: 0.2ms
[2023-02-09T13:48:26.353+0000][68][gc,phases   ] GC(21)   Merge Heap Roots: 0.1ms
[2023-02-09T13:48:26.354+0000][68][gc,phases   ] GC(21)   Evacuate Collection Set: 9.6ms
[2023-02-09T13:48:26.355+0000][68][gc,phases   ] GC(21)   Post Evacuate Collection Set: 0.9ms
[2023-02-09T13:48:26.356+0000][68][gc,phases   ] GC(21)   Other: 2.1ms
[2023-02-09T13:48:26.357+0000][68][gc,age      ] GC(21) Age table with threshold 15 (max threshold 15)
[2023-02-09T13:48:26.357+0000][68][gc,age      ] GC(21) - age   1:     800912 bytes,     800912 total
[2023-02-09T13:48:26.359+0000][68][gc,age      ] GC(21) - age   2:    1718312 bytes,    2519224 total
[2023-02-09T13:48:26.360+0000][68][gc,age      ] GC(21) - age   3:    2657512 bytes,    5176736 total
[2023-02-09T13:48:26.361+0000][68][gc,age      ] GC(21) - age   4:    4761168 bytes,    9937904 total
[2023-02-09T13:48:26.361+0000][68][gc,heap     ] GC(21) Eden regions: 30->0(31)
[2023-02-09T13:48:26.362+0000][68][gc,heap     ] GC(21) Survivor regions: 3->3(5)
[2023-02-09T13:48:26.363+0000][68][gc,heap     ] GC(21) Old regions: 12->12
[2023-02-09T13:48:26.363+0000][68][gc,heap     ] GC(21) Archive regions: 2->2
[2023-02-09T13:48:26.364+0000][68][gc,heap     ] GC(21) Humongous regions: 0->0
[2023-02-09T13:48:26.364+0000][68][gc,metaspace] GC(21) Metaspace: 64756K(66240K)->64756K(66240K) NonClass: 56477K(57344K)->56477K(57344K) Class: 8279K(8896K)->8279K(8896K)
[2023-02-09T13:48:26.365+0000][68][gc          ] GC(21) Pause Young (Normal) (G1 Evacuation Pause) 179M->59M(256M) 29.054ms
[2023-02-09T13:48:26.366+0000][68][gc,cpu      ] GC(21) User=0.05s Sys=0.01s Real=0.03s
[2023-02-09T13:48:26.366+0000][68][safepoint   ] Safepoint "G1CollectForAllocation", Time since last: 566079851 ns, Reaching safepoint: 152446 ns, At safepoint: 30501396 ns, Total: 30653842 ns
[2023-02-09T13:48:28.248+0000][68][safepoint   ] Safepoint "Cleanup", Time since last: 1879990317 ns, Reaching safepoint: 1535006 ns, At safepoint: 130946 ns, Total: 1665952 ns
[2023-02-09T13:48:29.167+0000][68][gc,start    ] GC(22) Pause Young (Normal) (G1 Evacuation Pause)
[2023-02-09T13:48:29.168+0000][68][gc,task     ] GC(22) Using 4 workers of 4 for evacuation
[2023-02-09T13:48:29.169+0000][68][gc,age      ] GC(22) Desired survivor size 10485760 bytes, new threshold 15 (max threshold 15)
[2023-02-09T13:48:29.191+0000][68][gc,phases   ] GC(22)   Pre Evacuate Collection Set: 0.1ms
[2023-02-09T13:48:29.192+0000][68][gc,phases   ] GC(22)   Merge Heap Roots: 0.1ms
[2023-02-09T13:48:29.192+0000][68][gc,phases   ] GC(22)   Evacuate Collection Set: 17.1ms
[2023-02-09T13:48:29.193+0000][68][gc,phases   ] GC(22)   Post Evacuate Collection Set: 4.0ms
[2023-02-09T13:48:29.194+0000][68][gc,phases   ] GC(22)   Other: 1.4ms
[2023-02-09T13:48:29.195+0000][68][gc,age      ] GC(22) Age table with threshold 15 (max threshold 15)
[2023-02-09T13:48:29.195+0000][68][gc,age      ] GC(22) - age   1:    7433064 bytes,    7433064 total
[2023-02-09T13:48:29.196+0000][68][gc,age      ] GC(22) - age   2:       8216 bytes,    7441280 total
[2023-02-09T13:48:29.198+0000][68][gc,age      ] GC(22) - age   3:    1695760 bytes,    9137040 total
[2023-02-09T13:48:29.199+0000][68][gc,age      ] GC(22) - age   4:    2654912 bytes,   11791952 total
[2023-02-09T13:48:29.200+0000][68][gc,age      ] GC(22) - age   5:    4757352 bytes,   16549304 total
[2023-02-09T13:48:29.202+0000][68][gc,heap     ] GC(22) Eden regions: 31->0(29)
[2023-02-09T13:48:29.202+0000][68][gc,heap     ] GC(22) Survivor regions: 3->5(5)
[2023-02-09T13:48:29.203+0000][68][gc,heap     ] GC(22) Old regions: 12->12
[2023-02-09T13:48:29.205+0000][68][gc,heap     ] GC(22) Archive regions: 2->2
[2023-02-09T13:48:29.206+0000][68][gc,heap     ] GC(22) Humongous regions: 0->0
[2023-02-09T13:48:29.207+0000][68][gc,metaspace] GC(22) Metaspace: 78920K(80512K)->78920K(80512K) NonClass: 68694K(69568K)->68694K(69568K) Class: 10225K(10944K)->10225K(10944K)
[2023-02-09T13:48:29.208+0000][68][gc          ] GC(22) Pause Young (Normal) (G1 Evacuation Pause) 183M->66M(256M) 40.852ms
[2023-02-09T13:48:29.209+0000][68][gc,cpu      ] GC(22) User=0.06s Sys=0.01s Real=0.04s
[2023-02-09T13:48:29.210+0000][68][safepoint   ] Safepoint "G1CollectForAllocation", Time since last: 917047063 ns, Reaching safepoint: 1894866 ns, At safepoint: 42610073 ns, Total: 44504939 ns
[2023-02-09T13:48:30.213+0000][68][safepoint   ] Safepoint "Cleanup", Time since last: 1002534983 ns, Reaching safepoint: 809862 ns, At safepoint: 19022 ns, Total: 828884 ns
[2023-02-09T13:48:31.019+0000][68][gc,start    ] GC(23) Pause Young (Normal) (G1 Evacuation Pause)
[2023-02-09T13:48:31.021+0000][68][gc,task     ] GC(23) Using 4 workers of 4 for evacuation
[2023-02-09T13:48:31.022+0000][68][gc,age      ] GC(23) Desired survivor size 10485760 bytes, new threshold 4 (max threshold 15)
[2023-02-09T13:48:31.039+0000][68][gc,phases   ] GC(23)   Pre Evacuate Collection Set: 0.1ms
[2023-02-09T13:48:31.041+0000][68][gc,phases   ] GC(23)   Merge Heap Roots: 0.1ms
[2023-02-09T13:48:31.041+0000][68][gc,phases   ] GC(23)   Evacuate Collection Set: 14.5ms
[2023-02-09T13:48:31.042+0000][68][gc,phases   ] GC(23)   Post Evacuate Collection Set: 2.1ms
[2023-02-09T13:48:31.043+0000][68][gc,phases   ] GC(23)   Other: 2.0ms
[2023-02-09T13:48:31.044+0000][68][gc,age      ] GC(23) Age table with threshold 4 (max threshold 15)
[2023-02-09T13:48:31.045+0000][68][gc,age      ] GC(23) - age   1:    3356448 bytes,    3356448 total
[2023-02-09T13:48:31.045+0000][68][gc,age      ] GC(23) - age   2:    7214488 bytes,   10570936 total
[2023-02-09T13:48:31.046+0000][68][gc,age      ] GC(23) - age   3:       8184 bytes,   10579120 total
[2023-02-09T13:48:31.047+0000][68][gc,age      ] GC(23) - age   4:    1689656 bytes,   12268776 total
[2023-02-09T13:48:31.048+0000][68][gc,heap     ] GC(23) Eden regions: 29->0(29)
[2023-02-09T13:48:31.048+0000][68][gc,heap     ] GC(23) Survivor regions: 5->4(5)
[2023-02-09T13:48:31.049+0000][68][gc,heap     ] GC(23) Old regions: 12->14
[2023-02-09T13:48:31.050+0000][68][gc,heap     ] GC(23) Archive regions: 2->2
[2023-02-09T13:48:31.051+0000][68][gc,heap     ] GC(23) Humongous regions: 0->0
[2023-02-09T13:48:31.052+0000][68][gc,metaspace] GC(23) Metaspace: 91760K(93440K)->91760K(93440K) NonClass: 79922K(80896K)->79922K(80896K) Class: 11837K(12544K)->11837K(12544K)
[2023-02-09T13:48:31.053+0000][68][gc          ] GC(23) Pause Young (Normal) (G1 Evacuation Pause) 182M->70M(256M) 33.642ms
[2023-02-09T13:48:31.054+0000][68][gc,cpu      ] GC(23) User=0.05s Sys=0.00s Real=0.04s
[2023-02-09T13:48:31.055+0000][68][safepoint   ] Safepoint "G1CollectForAllocation", Time since last: 805791215 ns, Reaching safepoint: 631307 ns, At safepoint: 35658031 ns, Total: 36289338 ns
[2023-02-09T13:48:31.843+0000][68][safepoint   ] Safepoint "ICBufferFull", Time since last: 786630591 ns, Reaching safepoint: 1421658 ns, At safepoint: 12303 ns, Total: 1433961 ns
[2023-02-09T13:48:32.504+0000][68][gc,start    ] GC(24) Pause Young (Concurrent Start) (Metadata GC Threshold)
[2023-02-09T13:48:32.505+0000][68][gc,task     ] GC(24) Using 4 workers of 4 for evacuation
[2023-02-09T13:48:32.505+0000][68][gc,age      ] GC(24) Desired survivor size 10485760 bytes, new threshold 2 (max threshold 15)
[2023-02-09T13:48:32.523+0000][68][gc,phases   ] GC(24)   Pre Evacuate Collection Set: 0.4ms
[2023-02-09T13:48:32.523+0000][68][gc,phases   ] GC(24)   Merge Heap Roots: 0.2ms
[2023-02-09T13:48:32.524+0000][68][gc,phases   ] GC(24)   Evacuate Collection Set: 13.4ms
[2023-02-09T13:48:32.525+0000][68][gc,phases   ] GC(24)   Post Evacuate Collection Set: 2.5ms
[2023-02-09T13:48:32.526+0000][68][gc,phases   ] GC(24)   Other: 1.5ms
[2023-02-09T13:48:32.527+0000][68][gc,age      ] GC(24) Age table with threshold 2 (max threshold 15)
[2023-02-09T13:48:32.528+0000][68][gc,age      ] GC(24) - age   1:    4910240 bytes,    4910240 total
[2023-02-09T13:48:32.528+0000][68][gc,age      ] GC(24) - age   2:    3200128 bytes,    8110368 total
[2023-02-09T13:48:32.529+0000][68][gc,heap     ] GC(24) Eden regions: 14->0(27)
[2023-02-09T13:48:32.529+0000][68][gc,heap     ] GC(24) Survivor regions: 4->3(5)
[2023-02-09T13:48:32.530+0000][68][gc,heap     ] GC(24) Old regions: 14->16
[2023-02-09T13:48:32.531+0000][68][gc,heap     ] GC(24) Archive regions: 2->2
[2023-02-09T13:48:32.531+0000][68][gc,heap     ] GC(24) Humongous regions: 0->0
[2023-02-09T13:48:32.532+0000][68][gc,metaspace] GC(24) Metaspace: 99509K(101760K)->99509K(101760K) NonClass: 86564K(87744K)->86564K(87744K) Class: 12945K(14016K)->12945K(14016K)
[2023-02-09T13:48:32.532+0000][68][gc          ] GC(24) Pause Young (Concurrent Start) (Metadata GC Threshold) 124M->74M(256M) 28.213ms
[2023-02-09T13:48:32.533+0000][68][gc,cpu      ] GC(24) User=0.05s Sys=0.00s Real=0.03s
[2023-02-09T13:48:32.533+0000][68][gc          ] GC(25) Concurrent Mark Cycle
[2023-02-09T13:48:32.534+0000][68][gc,marking  ] GC(25) Concurrent Clear Claimed Marks
[2023-02-09T13:48:32.534+0000][68][safepoint   ] Safepoint "CollectForMetadataAllocation", Time since last: 660576077 ns, Reaching safepoint: 256406 ns, At safepoint: 29568761 ns, Total: 29825167 ns
[2023-02-09T13:48:32.535+0000][68][gc,marking  ] GC(25) Concurrent Clear Claimed Marks 0.793ms
[2023-02-09T13:48:32.536+0000][68][gc,marking  ] GC(25) Concurrent Scan Root Regions
[2023-02-09T13:48:32.560+0000][68][gc,marking  ] GC(25) Concurrent Scan Root Regions 24.678ms
[2023-02-09T13:48:32.566+0000][68][gc,marking  ] GC(25) Concurrent Mark
[2023-02-09T13:48:32.567+0000][68][gc,marking  ] GC(25) Concurrent Mark From Roots
[2023-02-09T13:48:32.572+0000][68][gc,task     ] GC(25) Using 1 workers of 1 for marking
[2023-02-09T13:48:32.596+0000][68][safepoint   ] Safepoint "CollectForMetadataAllocation", Time since last: 61847586 ns, Reaching safepoint: 91960 ns, At safepoint: 195568 ns, Total: 287528 ns
[2023-02-09T13:48:32.638+0000][68][safepoint   ] Safepoint "CollectForMetadataAllocation", Time since last: 41460319 ns, Reaching safepoint: 200205 ns, At safepoint: 242531 ns, Total: 442736 ns
[2023-02-09T13:48:32.656+0000][68][gc,marking  ] GC(25) Concurrent Mark From Roots 88.699ms
[2023-02-09T13:48:32.657+0000][68][gc,marking  ] GC(25) Concurrent Preclean
[2023-02-09T13:48:32.658+0000][68][gc,marking  ] GC(25) Concurrent Preclean 0.975ms
[2023-02-09T13:48:32.659+0000][68][gc,start    ] GC(25) Pause Remark
[2023-02-09T13:48:32.665+0000][68][gc          ] GC(25) Pause Remark 82M->82M(256M) 6.321ms
[2023-02-09T13:48:32.666+0000][68][gc,cpu      ] GC(25) User=0.01s Sys=0.00s Real=0.01s
[2023-02-09T13:48:32.667+0000][68][safepoint   ] Safepoint "G1PauseRemark", Time since last: 20921639 ns, Reaching safepoint: 210094 ns, At safepoint: 7944379 ns, Total: 8154473 ns
[2023-02-09T13:48:32.667+0000][68][gc,marking  ] GC(25) Concurrent Mark 101.289ms
[2023-02-09T13:48:32.668+0000][68][gc,marking  ] GC(25) Concurrent Rebuild Remembered Sets
[2023-02-09T13:48:32.710+0000][68][gc,marking  ] GC(25) Concurrent Rebuild Remembered Sets 42.485ms
[2023-02-09T13:48:32.712+0000][68][gc,start    ] GC(25) Pause Cleanup
[2023-02-09T13:48:32.713+0000][68][gc          ] GC(25) Pause Cleanup 86M->86M(256M) 0.864ms
[2023-02-09T13:48:32.713+0000][68][gc,cpu      ] GC(25) User=0.00s Sys=0.00s Real=0.00s
[2023-02-09T13:48:32.714+0000][68][safepoint   ] Safepoint "G1PauseCleanup", Time since last: 44779797 ns, Reaching safepoint: 308788 ns, At safepoint: 2355977 ns, Total: 2664765 ns
[2023-02-09T13:48:32.715+0000][68][gc,marking  ] GC(25) Concurrent Cleanup for Next Mark
[2023-02-09T13:48:32.716+0000][68][gc,marking  ] GC(25) Concurrent Cleanup for Next Mark 1.135ms
[2023-02-09T13:48:32.716+0000][68][gc          ] GC(25) Concurrent Mark Cycle 183.570ms
[2023-02-09T13:48:33.715+0000][68][safepoint   ] Safepoint "Cleanup", Time since last: 1000678966 ns, Reaching safepoint: 222544 ns, At safepoint: 23335 ns, Total: 245879 ns
[2023-02-09T13:48:35.135+0000][68][safepoint   ] Safepoint "Cleanup", Time since last: 1419543740 ns, Reaching safepoint: 292994 ns, At safepoint: 38909 ns, Total: 331903 ns
[2023-02-09T13:48:35.497+0000][68][gc,start    ] GC(26) Pause Young (Normal) (G1 Evacuation Pause)
[2023-02-09T13:48:35.498+0000][68][gc,task     ] GC(26) Using 4 workers of 4 for evacuation
[2023-02-09T13:48:35.499+0000][68][gc,age      ] GC(26) Desired survivor size 8388608 bytes, new threshold 15 (max threshold 15)
[2023-02-09T13:48:35.529+0000][68][gc,phases   ] GC(26)   Pre Evacuate Collection Set: 0.1ms
[2023-02-09T13:48:35.530+0000][68][gc,phases   ] GC(26)   Merge Heap Roots: 0.2ms
[2023-02-09T13:48:35.531+0000][68][gc,phases   ] GC(26)   Evacuate Collection Set: 25.6ms
[2023-02-09T13:48:35.532+0000][68][gc,phases   ] GC(26)   Post Evacuate Collection Set: 2.4ms
[2023-02-09T13:48:35.532+0000][68][gc,phases   ] GC(26)   Other: 2.0ms
[2023-02-09T13:48:35.533+0000][68][gc,age      ] GC(26) Age table with threshold 15 (max threshold 15)
[2023-02-09T13:48:35.534+0000][68][gc,age      ] GC(26) - age   1:    8429672 bytes,    8429672 total
[2023-02-09T13:48:35.534+0000][68][gc,age      ] GC(26) - age   2:    4288840 bytes,   12718512 total
[2023-02-09T13:48:35.535+0000][68][gc,age      ] GC(26) - age   3:    3154568 bytes,   15873080 total
[2023-02-09T13:48:35.536+0000][68][gc,heap     ] GC(26) Eden regions: 27->0(26)
[2023-02-09T13:48:35.536+0000][68][gc,heap     ] GC(26) Survivor regions: 3->4(4)
[2023-02-09T13:48:35.537+0000][68][gc,heap     ] GC(26) Old regions: 16->16
[2023-02-09T13:48:35.537+0000][68][gc,heap     ] GC(26) Archive regions: 2->2
[2023-02-09T13:48:35.538+0000][68][gc,heap     ] GC(26) Humongous regions: 0->0
[2023-02-09T13:48:35.539+0000][68][gc,metaspace] GC(26) Metaspace: 113305K(116416K)->113305K(116416K) NonClass: 98142K(99712K)->98142K(99712K) Class: 15163K(16704K)->15163K(16704K)
[2023-02-09T13:48:35.539+0000][68][gc          ] GC(26) Pause Young (Normal) (G1 Evacuation Pause) 182M->82M(256M) 42.083ms
[2023-02-09T13:48:35.540+0000][68][gc,cpu      ] GC(26) User=0.09s Sys=0.00s Real=0.05s
[2023-02-09T13:48:35.541+0000][68][safepoint   ] Safepoint "G1CollectForAllocation", Time since last: 362203899 ns, Reaching safepoint: 239272 ns, At safepoint: 43357832 ns, Total: 43597104 ns
[2023-02-09T13:48:35.885+0000][68][safepoint   ] Safepoint "ICBufferFull", Time since last: 343784392 ns, Reaching safepoint: 309147 ns, At safepoint: 83837 ns, Total: 392984 ns
[2023-02-09T13:48:36.040+0000][68][safepoint   ] Safepoint "ICBufferFull", Time since last: 155039988 ns, Reaching safepoint: 185792 ns, At safepoint: 73005 ns, Total: 258797 ns
[2023-02-09T13:48:37.042+0000][68][safepoint   ] Safepoint "Cleanup", Time since last: 1001084857 ns, Reaching safepoint: 291964 ns, At safepoint: 8529 ns, Total: 300493 ns
[2023-02-09T13:48:38.537+0000][68][safepoint   ] Safepoint "Cleanup", Time since last: 1492050591 ns, Reaching safepoint: 3227389 ns, At safepoint: 20343 ns, Total: 3247732 ns
[2023-02-09T13:48:40.127+0000][68][safepoint   ] Safepoint "Cleanup", Time since last: 1589813983 ns, Reaching safepoint: 533484 ns, At safepoint: 10091 ns, Total: 543575 ns
[2023-02-09T13:48:41.133+0000][68][safepoint   ] Safepoint "Cleanup", Time since last: 1002763395 ns, Reaching safepoint: 3304447 ns, At safepoint: 20664 ns, Total: 3325111 ns
[2023-02-09T13:48:42.728+0000][68][gc,start    ] GC(27) Pause Young (Normal) (G1 Evacuation Pause)
[2023-02-09T13:48:42.728+0000][68][gc,task     ] GC(27) Using 4 workers of 4 for evacuation
[2023-02-09T13:48:42.729+0000][68][gc,age      ] GC(27) Desired survivor size 8388608 bytes, new threshold 1 (max threshold 15)
[2023-02-09T13:48:42.748+0000][68][gc,phases   ] GC(27)   Pre Evacuate Collection Set: 0.1ms
[2023-02-09T13:48:42.775+0000][68][gc,phases   ] GC(27)   Merge Heap Roots: 0.1ms
[2023-02-09T13:48:42.776+0000][68][gc,phases   ] GC(27)   Evacuate Collection Set: 16.1ms
[2023-02-09T13:48:42.778+0000][68][gc,phases   ] GC(27)   Post Evacuate Collection Set: 2.7ms
[2023-02-09T13:48:42.778+0000][68][gc,phases   ] GC(27)   Other: 1.3ms
[2023-02-09T13:48:42.779+0000][68][gc,age      ] GC(27) Age table with threshold 1 (max threshold 15)
[2023-02-09T13:48:42.780+0000][68][gc,age      ] GC(27) - age   1:    9549624 bytes,    9549624 total
[2023-02-09T13:48:42.781+0000][68][gc,heap     ] GC(27) Eden regions: 26->0(23)
[2023-02-09T13:48:42.782+0000][68][gc,heap     ] GC(27) Survivor regions: 4->3(4)
[2023-02-09T13:48:42.782+0000][68][gc,heap     ] GC(27) Old regions: 16->20
[2023-02-09T13:48:42.783+0000][68][gc,heap     ] GC(27) Archive regions: 2->2
[2023-02-09T13:48:42.784+0000][68][gc,heap     ] GC(27) Humongous regions: 0->0
[2023-02-09T13:48:42.785+0000][68][gc,metaspace] GC(27) Metaspace: 120715K(123904K)->120715K(123904K) NonClass: 104572K(106176K)->104572K(106176K) Class: 16142K(17728K)->16142K(17728K)
[2023-02-09T13:48:42.787+0000][68][gc          ] GC(27) Pause Young (Normal) (G1 Evacuation Pause) 185M->90M(256M) 59.080ms
[2023-02-09T13:48:42.788+0000][68][gc,cpu      ] GC(27) User=0.05s Sys=0.00s Real=0.06s
[2023-02-09T13:48:42.789+0000][68][safepoint   ] Safepoint "G1CollectForAllocation", Time since last: 1593935842 ns, Reaching safepoint: 250857 ns, At safepoint: 61917458 ns, Total: 62168315 ns
[2023-02-09T13:48:43.945+0000][68][safepoint   ] Safepoint "Cleanup", Time since last: 1155221181 ns, Reaching safepoint: 298032 ns, At safepoint: 56008 ns, Total: 354040 ns
[2023-02-09T13:48:44.946+0000][68][safepoint   ] Safepoint "Cleanup", Time since last: 1001014568 ns, Reaching safepoint: 160239 ns, At safepoint: 8831 ns, Total: 169070 ns
[2023-02-09T13:48:46.153+0000][68][safepoint   ] Safepoint "Cleanup", Time since last: 1206648427 ns, Reaching safepoint: 113391 ns, At safepoint: 18619 ns, Total: 132010 ns
[2023-02-09T13:48:47.154+0000][68][safepoint   ] Safepoint "Cleanup", Time since last: 1001034428 ns, Reaching safepoint: 155345 ns, At safepoint: 8193 ns, Total: 163538 ns
[2023-02-09T13:48:47.745+0000][68][gc,start    ] GC(28) Pause Young (Concurrent Start) (G1 Evacuation Pause)
[2023-02-09T13:48:47.745+0000][68][gc,task     ] GC(28) Using 4 workers of 4 for evacuation
[2023-02-09T13:48:47.746+0000][68][gc,age      ] GC(28) Desired survivor size 8388608 bytes, new threshold 1 (max threshold 15)
[2023-02-09T13:48:47.757+0000][68][gc,phases   ] GC(28)   Pre Evacuate Collection Set: 0.8ms
[2023-02-09T13:48:47.758+0000][68][gc,phases   ] GC(28)   Merge Heap Roots: 0.2ms
[2023-02-09T13:48:47.759+0000][68][gc,phases   ] GC(28)   Evacuate Collection Set: 5.6ms
[2023-02-09T13:48:47.760+0000][68][gc,phases   ] GC(28)   Post Evacuate Collection Set: 3.5ms
[2023-02-09T13:48:47.763+0000][68][gc,phases   ] GC(28)   Other: 1.8ms
[2023-02-09T13:48:47.764+0000][68][gc,age      ] GC(28) Age table with threshold 1 (max threshold 15)
[2023-02-09T13:48:47.766+0000][68][gc,age      ] GC(28) - age   1:    7615008 bytes,    7615008 total
[2023-02-09T13:48:47.766+0000][68][gc,heap     ] GC(28) Eden regions: 23->0(22)
[2023-02-09T13:48:47.767+0000][68][gc,heap     ] GC(28) Survivor regions: 3->3(4)
[2023-02-09T13:48:47.768+0000][68][gc,heap     ] GC(28) Old regions: 20->21
[2023-02-09T13:48:47.769+0000][68][gc,heap     ] GC(28) Archive regions: 2->2
[2023-02-09T13:48:47.769+0000][68][gc,heap     ] GC(28) Humongous regions: 0->0
[2023-02-09T13:48:47.770+0000][68][gc,metaspace] GC(28) Metaspace: 122934K(126272K)->122934K(126272K) NonClass: 106426K(108096K)->106426K(108096K) Class: 16508K(18176K)->16508K(18176K)
[2023-02-09T13:48:47.771+0000][68][gc          ] GC(28) Pause Young (Concurrent Start) (G1 Evacuation Pause) 182M->95M(256M) 26.217ms
[2023-02-09T13:48:47.772+0000][68][gc,cpu      ] GC(28) User=0.02s Sys=0.00s Real=0.03s
[2023-02-09T13:48:47.772+0000][68][gc          ] GC(29) Concurrent Mark Cycle
[2023-02-09T13:48:47.773+0000][68][gc,marking  ] GC(29) Concurrent Clear Claimed Marks
[2023-02-09T13:48:47.772+0000][68][safepoint   ] Safepoint "G1CollectForAllocation", Time since last: 590437956 ns, Reaching safepoint: 280434 ns, At safepoint: 27470620 ns, Total: 27751054 ns
[2023-02-09T13:48:47.774+0000][68][gc,marking  ] GC(29) Concurrent Clear Claimed Marks 1.196ms
[2023-02-09T13:48:47.775+0000][68][gc,marking  ] GC(29) Concurrent Scan Root Regions
[2023-02-09T13:48:47.780+0000][68][gc,marking  ] GC(29) Concurrent Scan Root Regions 4.472ms
[2023-02-09T13:48:47.781+0000][68][gc,marking  ] GC(29) Concurrent Mark
[2023-02-09T13:48:47.781+0000][68][gc,marking  ] GC(29) Concurrent Mark From Roots
[2023-02-09T13:48:47.782+0000][68][gc,task     ] GC(29) Using 1 workers of 1 for marking
[2023-02-09T13:48:48.011+0000][68][gc,marking  ] GC(29) Concurrent Mark From Roots 229.631ms
[2023-02-09T13:48:48.012+0000][68][gc,marking  ] GC(29) Concurrent Preclean
[2023-02-09T13:48:48.013+0000][68][gc,marking  ] GC(29) Concurrent Preclean 1.011ms
[2023-02-09T13:48:48.014+0000][68][gc,start    ] GC(29) Pause Remark
[2023-02-09T13:48:48.026+0000][68][gc          ] GC(29) Pause Remark 103M->103M(256M) 11.681ms
[2023-02-09T13:48:48.027+0000][68][gc,cpu      ] GC(29) User=0.02s Sys=0.00s Real=0.01s
[2023-02-09T13:48:48.028+0000][68][safepoint   ] Safepoint "G1PauseRemark", Time since last: 241613786 ns, Reaching safepoint: 345049 ns, At safepoint: 13344929 ns, Total: 13689978 ns
[2023-02-09T13:48:48.029+0000][68][gc,marking  ] GC(29) Concurrent Mark 247.675ms
[2023-02-09T13:48:48.030+0000][68][gc,marking  ] GC(29) Concurrent Rebuild Remembered Sets
[2023-02-09T13:48:48.108+0000][68][gc,marking  ] GC(29) Concurrent Rebuild Remembered Sets 78.255ms
[2023-02-09T13:48:48.109+0000][68][gc,start    ] GC(29) Pause Cleanup
[2023-02-09T13:48:48.110+0000][68][gc          ] GC(29) Pause Cleanup 105M->105M(256M) 0.977ms
[2023-02-09T13:48:48.111+0000][68][gc,cpu      ] GC(29) User=0.00s Sys=0.00s Real=0.01s
[2023-02-09T13:48:48.112+0000][68][safepoint   ] Safepoint "G1PauseCleanup", Time since last: 81038264 ns, Reaching safepoint: 239220 ns, At safepoint: 2606712 ns, Total: 2845932 ns
[2023-02-09T13:48:48.113+0000][68][gc,marking  ] GC(29) Concurrent Cleanup for Next Mark
[2023-02-09T13:48:48.114+0000][68][gc,marking  ] GC(29) Concurrent Cleanup for Next Mark 1.101ms
[2023-02-09T13:48:48.115+0000][68][gc          ] GC(29) Concurrent Mark Cycle 343.284ms
[2023-02-09T13:48:49.113+0000][68][safepoint   ] Safepoint "Cleanup", Time since last: 1001076584 ns, Reaching safepoint: 321298 ns, At safepoint: 24545 ns, Total: 345843 ns
[2023-02-09T13:48:50.114+0000][68][safepoint   ] Safepoint "Cleanup", Time since last: 1001364401 ns, Reaching safepoint: 122411 ns, At safepoint: 46064 ns, Total: 168475 ns
[2023-02-09T13:48:51.117+0000][68][safepoint   ] Safepoint "Cleanup", Time since last: 1002222245 ns, Reaching safepoint: 182154 ns, At safepoint: 10896 ns, Total: 193050 ns
[2023-02-09T13:48:52.098+0000][68][safepoint   ] Safepoint "Cleanup", Time since last: 1001092809 ns, Reaching safepoint: 172463 ns, At safepoint: 9852 ns, Total: 182315 ns
[2023-02-09T13:48:52.247+0000][68][gc,start    ] GC(30) Pause Young (Prepare Mixed) (G1 Evacuation Pause)
[2023-02-09T13:48:52.247+0000][68][gc,task     ] GC(30) Using 4 workers of 4 for evacuation
[2023-02-09T13:48:52.248+0000][68][gc,age      ] GC(30) Desired survivor size 8388608 bytes, new threshold 15 (max threshold 15)
[2023-02-09T13:48:52.253+0000][68][gc,phases   ] GC(30)   Pre Evacuate Collection Set: 0.3ms
[2023-02-09T13:48:52.253+0000][68][gc,phases   ] GC(30)   Merge Heap Roots: 0.1ms
[2023-02-09T13:48:52.254+0000][68][gc,phases   ] GC(30)   Evacuate Collection Set: 2.3ms
[2023-02-09T13:48:52.255+0000][68][gc,phases   ] GC(30)   Post Evacuate Collection Set: 1.4ms
[2023-02-09T13:48:52.255+0000][68][gc,phases   ] GC(30)   Other: 1.3ms
[2023-02-09T13:48:52.256+0000][68][gc,age      ] GC(30) Age table with threshold 15 (max threshold 15)
[2023-02-09T13:48:52.256+0000][68][gc,age      ] GC(30) - age   1:    3885856 bytes,    3885856 total
[2023-02-09T13:48:52.257+0000][68][gc,age      ] GC(30) - age   2:    2887296 bytes,    6773152 total
[2023-02-09T13:48:52.257+0000][68][gc,heap     ] GC(30) Eden regions: 22->0(1)
[2023-02-09T13:48:52.258+0000][68][gc,heap     ] GC(30) Survivor regions: 3->2(4)
[2023-02-09T13:48:52.259+0000][68][gc,heap     ] GC(30) Old regions: 21->21
[2023-02-09T13:48:52.259+0000][68][gc,heap     ] GC(30) Archive regions: 2->2
[2023-02-09T13:48:52.260+0000][68][gc,heap     ] GC(30) Humongous regions: 0->0
[2023-02-09T13:48:52.261+0000][68][gc,metaspace] GC(30) Metaspace: 124382K(127680K)->124382K(127680K) NonClass: 107686K(109312K)->107686K(109312K) Class: 16696K(18368K)->16696K(18368K)
[2023-02-09T13:48:52.261+0000][68][gc          ] GC(30) Pause Young (Prepare Mixed) (G1 Evacuation Pause) 182M->93M(256M) 14.564ms
[2023-02-09T13:48:52.262+0000][68][gc,cpu      ] GC(30) User=0.01s Sys=0.00s Real=0.02s
[2023-02-09T13:48:52.262+0000][68][safepoint   ] Safepoint "G1CollectForAllocation", Time since last: 148403324 ns, Reaching safepoint: 144676 ns, At safepoint: 15597574 ns, Total: 15742250 ns
[2023-02-09T13:48:52.348+0000][68][gc,start    ] GC(31) Pause Young (Mixed) (G1 Evacuation Pause)
[2023-02-09T13:48:52.348+0000][68][gc,task     ] GC(31) Using 4 workers of 4 for evacuation
[2023-02-09T13:48:52.349+0000][68][gc,age      ] GC(31) Desired survivor size 2097152 bytes, new threshold 1 (max threshold 15)
[2023-02-09T13:48:52.357+0000][68][gc,phases   ] GC(31)   Pre Evacuate Collection Set: 0.2ms
[2023-02-09T13:48:52.357+0000][68][gc,phases   ] GC(31)   Merge Heap Roots: 0.2ms
[2023-02-09T13:48:52.358+0000][68][gc,phases   ] GC(31)   Evacuate Collection Set: 5.6ms
[2023-02-09T13:48:52.358+0000][68][gc,phases   ] GC(31)   Post Evacuate Collection Set: 0.8ms
[2023-02-09T13:48:52.358+0000][68][gc,phases   ] GC(31)   Other: 1.6ms
[2023-02-09T13:48:52.359+0000][68][gc,age      ] GC(31) Age table with threshold 1 (max threshold 15)
[2023-02-09T13:48:52.359+0000][68][gc,age      ] GC(31) - age   1:    1066632 bytes,    1066632 total
[2023-02-09T13:48:52.360+0000][68][gc,heap     ] GC(31) Eden regions: 1->0(23)
[2023-02-09T13:48:52.360+0000][68][gc,heap     ] GC(31) Survivor regions: 2->1(1)
[2023-02-09T13:48:52.361+0000][68][gc,heap     ] GC(31) Old regions: 21->22
[2023-02-09T13:48:52.362+0000][68][gc,heap     ] GC(31) Archive regions: 2->2
[2023-02-09T13:48:52.362+0000][68][gc,heap     ] GC(31) Humongous regions: 0->0
[2023-02-09T13:48:52.363+0000][68][gc,metaspace] GC(31) Metaspace: 124384K(127680K)->124384K(127680K) NonClass: 107688K(109312K)->107688K(109312K) Class: 16696K(18368K)->16696K(18368K)
[2023-02-09T13:48:52.363+0000][68][gc          ] GC(31) Pause Young (Mixed) (G1 Evacuation Pause) 97M->93M(256M) 15.428ms
[2023-02-09T13:48:52.363+0000][68][gc,cpu      ] GC(31) User=0.01s Sys=0.00s Real=0.02s
[2023-02-09T13:48:52.364+0000][68][safepoint   ] Safepoint "G1CollectForAllocation", Time since last: 85267439 ns, Reaching safepoint: 180883 ns, At safepoint: 16503581 ns, Total: 16684464 ns
[2023-02-09T13:48:53.366+0000][68][safepoint   ] Safepoint "Cleanup", Time since last: 1001184046 ns, Reaching safepoint: 521741 ns, At safepoint: 48478 ns, Total: 570219 ns
[2023-02-09T13:48:54.368+0000][68][safepoint   ] Safepoint "Cleanup", Time since last: 1001787363 ns, Reaching safepoint: 153123 ns, At safepoint: 8040 ns, Total: 161163 ns
[2023-02-09T13:48:55.370+0000][68][safepoint   ] Safepoint "Cleanup", Time since last: 1001526607 ns, Reaching safepoint: 321104 ns, At safepoint: 8762 ns, Total: 329866 ns
[2023-02-09T13:48:56.371+0000][68][safepoint   ] Safepoint "Cleanup", Time since last: 1000792183 ns, Reaching safepoint: 241763 ns, At safepoint: 26637 ns, Total: 268400 ns
[2023-02-09T13:48:56.835+0000][68][gc,start    ] GC(32) Pause Young (Concurrent Start) (G1 Evacuation Pause)
[2023-02-09T13:48:56.836+0000][68][gc,task     ] GC(32) Using 4 workers of 4 for evacuation
[2023-02-09T13:48:56.837+0000][68][gc,age      ] GC(32) Desired survivor size 6291456 bytes, new threshold 15 (max threshold 15)
[2023-02-09T13:48:56.843+0000][68][gc,phases   ] GC(32)   Pre Evacuate Collection Set: 0.8ms
[2023-02-09T13:48:56.844+0000][68][gc,phases   ] GC(32)   Merge Heap Roots: 0.2ms
[2023-02-09T13:48:56.845+0000][68][gc,phases   ] GC(32)   Evacuate Collection Set: 2.1ms
[2023-02-09T13:48:56.846+0000][68][gc,phases   ] GC(32)   Post Evacuate Collection Set: 1.5ms
[2023-02-09T13:48:56.847+0000][68][gc,phases   ] GC(32)   Other: 2.3ms
[2023-02-09T13:48:56.848+0000][68][gc,age      ] GC(32) Age table with threshold 15 (max threshold 15)
[2023-02-09T13:48:56.849+0000][68][gc,age      ] GC(32) - age   1:    3690896 bytes,    3690896 total
[2023-02-09T13:48:56.850+0000][68][gc,age      ] GC(32) - age   2:    1049728 bytes,    4740624 total
[2023-02-09T13:48:56.850+0000][68][gc,heap     ] GC(32) Eden regions: 23->0(23)
[2023-02-09T13:48:56.851+0000][68][gc,heap     ] GC(32) Survivor regions: 1->2(3)
[2023-02-09T13:48:56.851+0000][68][gc,heap     ] GC(32) Old regions: 22->22
[2023-02-09T13:48:56.852+0000][68][gc,heap     ] GC(32) Archive regions: 2->2
[2023-02-09T13:48:56.852+0000][68][gc,heap     ] GC(32) Humongous regions: 0->0
[2023-02-09T13:48:56.853+0000][68][gc,metaspace] GC(32) Metaspace: 124528K(127872K)->124528K(127872K) NonClass: 107832K(109504K)->107832K(109504K) Class: 16696K(18368K)->16696K(18368K)
[2023-02-09T13:48:56.853+0000][68][gc          ] GC(32) Pause Young (Concurrent Start) (G1 Evacuation Pause) 185M->96M(256M) 18.050ms
[2023-02-09T13:48:56.854+0000][68][gc          ] GC(33) Concurrent Mark Cycle
[2023-02-09T13:48:56.854+0000][68][gc,marking  ] GC(33) Concurrent Clear Claimed Marks
[2023-02-09T13:48:56.854+0000][68][gc,cpu      ] GC(32) User=0.01s Sys=0.00s Real=0.02s
[2023-02-09T13:48:56.855+0000][68][safepoint   ] Safepoint "G1CollectForAllocation", Time since last: 464306290 ns, Reaching safepoint: 111781 ns, At safepoint: 20131017 ns, Total: 20242798 ns
[2023-02-09T13:48:56.855+0000][68][gc,marking  ] GC(33) Concurrent Clear Claimed Marks 0.678ms
[2023-02-09T13:48:56.857+0000][68][gc,marking  ] GC(33) Concurrent Scan Root Regions
[2023-02-09T13:48:56.859+0000][68][gc,marking  ] GC(33) Concurrent Scan Root Regions 2.183ms
[2023-02-09T13:48:56.860+0000][68][gc,marking  ] GC(33) Concurrent Mark
[2023-02-09T13:48:56.861+0000][68][gc,marking  ] GC(33) Concurrent Mark From Roots
[2023-02-09T13:48:56.861+0000][68][gc,task     ] GC(33) Using 1 workers of 1 for marking
[2023-02-09T13:48:57.019+0000][68][gc,marking  ] GC(33) Concurrent Mark From Roots 158.597ms
[2023-02-09T13:48:57.020+0000][68][gc,marking  ] GC(33) Concurrent Preclean
[2023-02-09T13:48:57.021+0000][68][gc,marking  ] GC(33) Concurrent Preclean 0.922ms
[2023-02-09T13:48:57.022+0000][68][gc,start    ] GC(33) Pause Remark
[2023-02-09T13:48:57.027+0000][68][gc          ] GC(33) Pause Remark 98M->98M(256M) 5.677ms
[2023-02-09T13:48:57.028+0000][68][gc,cpu      ] GC(33) User=0.01s Sys=0.01s Real=0.00s
[2023-02-09T13:48:57.029+0000][68][safepoint   ] Safepoint "G1PauseRemark", Time since last: 166412660 ns, Reaching safepoint: 86516 ns, At safepoint: 7233400 ns, Total: 7319916 ns
[2023-02-09T13:48:57.030+0000][68][gc,marking  ] GC(33) Concurrent Mark 169.915ms
[2023-02-09T13:48:57.030+0000][68][gc,marking  ] GC(33) Concurrent Rebuild Remembered Sets
[2023-02-09T13:48:57.126+0000][68][gc,marking  ] GC(33) Concurrent Rebuild Remembered Sets 95.481ms
[2023-02-09T13:48:57.127+0000][68][gc,start    ] GC(33) Pause Cleanup
[2023-02-09T13:48:57.128+0000][68][gc          ] GC(33) Pause Cleanup 101M->101M(256M) 0.884ms
[2023-02-09T13:48:57.129+0000][68][gc,cpu      ] GC(33) User=0.00s Sys=0.00s Real=0.00s
[2023-02-09T13:48:57.129+0000][68][safepoint   ] Safepoint "G1PauseCleanup", Time since last: 97513641 ns, Reaching safepoint: 272330 ns, At safepoint: 2341672 ns, Total: 2614002 ns
[2023-02-09T13:48:57.130+0000][68][gc,marking  ] GC(33) Concurrent Cleanup for Next Mark
[2023-02-09T13:48:57.131+0000][68][gc,marking  ] GC(33) Concurrent Cleanup for Next Mark 0.923ms
[2023-02-09T13:48:57.132+0000][68][gc          ] GC(33) Concurrent Mark Cycle 277.842ms
[2023-02-09T13:48:58.130+0000][68][safepoint   ] Safepoint "Cleanup", Time since last: 1001057927 ns, Reaching safepoint: 142937 ns, At safepoint: 13408 ns, Total: 156345 ns
[2023-02-09T13:48:59.132+0000][68][safepoint   ] Safepoint "Cleanup", Time since last: 1000944555 ns, Reaching safepoint: 275038 ns, At safepoint: 46277 ns, Total: 321315 ns
[2023-02-09T13:49:00.135+0000][68][safepoint   ] Safepoint "Cleanup", Time since last: 1003019004 ns, Reaching safepoint: 146981 ns, At safepoint: 4269 ns, Total: 151250 ns
[2023-02-09T13:49:01.137+0000][68][safepoint   ] Safepoint "Cleanup", Time since last: 1002066761 ns, Reaching safepoint: 267471 ns, At safepoint: 16881 ns, Total: 284352 ns
[2023-02-09T13:49:01.925+0000][68][gc,start    ] GC(34) Pause Young (Prepare Mixed) (G1 Evacuation Pause)
[2023-02-09T13:49:01.926+0000][68][gc,task     ] GC(34) Using 4 workers of 4 for evacuation
[2023-02-09T13:49:01.927+0000][68][gc,age      ] GC(34) Desired survivor size 8388608 bytes, new threshold 15 (max threshold 15)
[2023-02-09T13:49:01.931+0000][68][gc,phases   ] GC(34)   Pre Evacuate Collection Set: 0.3ms
[2023-02-09T13:49:01.932+0000][68][gc,phases   ] GC(34)   Merge Heap Roots: 0.1ms
[2023-02-09T13:49:01.933+0000][68][gc,phases   ] GC(34)   Evacuate Collection Set: 1.6ms
[2023-02-09T13:49:01.935+0000][68][gc,phases   ] GC(34)   Post Evacuate Collection Set: 1.1ms
[2023-02-09T13:49:01.936+0000][68][gc,phases   ] GC(34)   Other: 1.8ms
[2023-02-09T13:49:01.937+0000][68][gc,age      ] GC(34) Age table with threshold 15 (max threshold 15)
[2023-02-09T13:49:01.938+0000][68][gc,age      ] GC(34) - age   1:     281336 bytes,     281336 total
[2023-02-09T13:49:01.939+0000][68][gc,age      ] GC(34) - age   2:      33144 bytes,     314480 total
[2023-02-09T13:49:01.940+0000][68][gc,age      ] GC(34) - age   3:         32 bytes,     314512 total
[2023-02-09T13:49:01.941+0000][68][gc,heap     ] GC(34) Eden regions: 23->0(2)
[2023-02-09T13:49:01.942+0000][68][gc,heap     ] GC(34) Survivor regions: 2->1(4)
[2023-02-09T13:49:01.944+0000][68][gc,heap     ] GC(34) Old regions: 22->22
[2023-02-09T13:49:01.945+0000][68][gc,heap     ] GC(34) Archive regions: 2->2
[2023-02-09T13:49:01.946+0000][68][gc,heap     ] GC(34) Humongous regions: 0->0
[2023-02-09T13:49:01.948+0000][68][gc,metaspace] GC(34) Metaspace: 124657K(128000K)->124657K(128000K) NonClass: 107960K(109632K)->107960K(109632K) Class: 16696K(18368K)->16696K(18368K)
[2023-02-09T13:49:01.948+0000][68][gc          ] GC(34) Pause Young (Prepare Mixed) (G1 Evacuation Pause) 187M->91M(256M) 23.731ms
[2023-02-09T13:49:01.949+0000][68][gc,cpu      ] GC(34) User=0.01s Sys=0.00s Real=0.02s
[2023-02-09T13:49:01.951+0000][68][safepoint   ] Safepoint "G1CollectForAllocation", Time since last: 787110027 ns, Reaching safepoint: 251207 ns, At safepoint: 26648600 ns, Total: 26899807 ns
[2023-02-09T13:49:02.007+0000][68][gc,start    ] GC(35) Pause Young (Mixed) (G1 Evacuation Pause)
[2023-02-09T13:49:02.008+0000][68][gc,task     ] GC(35) Using 4 workers of 4 for evacuation
[2023-02-09T13:49:02.010+0000][68][gc,age      ] GC(35) Desired survivor size 2097152 bytes, new threshold 15 (max threshold 15)
[2023-02-09T13:49:02.018+0000][68][gc,phases   ] GC(35)   Pre Evacuate Collection Set: 0.2ms
[2023-02-09T13:49:02.019+0000][68][gc,phases   ] GC(35)   Merge Heap Roots: 0.2ms
[2023-02-09T13:49:02.020+0000][68][gc,phases   ] GC(35)   Evacuate Collection Set: 5.4ms
[2023-02-09T13:49:02.021+0000][68][gc,phases   ] GC(35)   Post Evacuate Collection Set: 0.9ms
[2023-02-09T13:49:02.022+0000][68][gc,phases   ] GC(35)   Other: 3.4ms
[2023-02-09T13:49:02.023+0000][68][gc,age      ] GC(35) Age table with threshold 15 (max threshold 15)
[2023-02-09T13:49:02.024+0000][68][gc,age      ] GC(35) - age   1:     115296 bytes,     115296 total
[2023-02-09T13:49:02.025+0000][68][gc,age      ] GC(35) - age   2:     160680 bytes,     275976 total
[2023-02-09T13:49:02.027+0000][68][gc,age      ] GC(35) - age   3:      29864 bytes,     305840 total
[2023-02-09T13:49:02.028+0000][68][gc,age      ] GC(35) - age   4:         32 bytes,     305872 total
[2023-02-09T13:49:02.029+0000][68][gc,heap     ] GC(35) Eden regions: 2->0(25)
[2023-02-09T13:49:02.031+0000][68][gc,heap     ] GC(35) Survivor regions: 1->1(1)
[2023-02-09T13:49:02.032+0000][68][gc,heap     ] GC(35) Old regions: 22->22
[2023-02-09T13:49:02.035+0000][68][gc,heap     ] GC(35) Archive regions: 2->2
[2023-02-09T13:49:02.036+0000][68][gc,heap     ] GC(35) Humongous regions: 0->0
[2023-02-09T13:49:02.037+0000][68][gc,metaspace] GC(35) Metaspace: 124666K(128000K)->124666K(128000K) NonClass: 107970K(109632K)->107970K(109632K) Class: 16696K(18368K)->16696K(18368K)
[2023-02-09T13:49:02.038+0000][68][gc          ] GC(35) Pause Young (Mixed) (G1 Evacuation Pause) 99M->89M(256M) 31.270ms
[2023-02-09T13:49:02.039+0000][68][gc,cpu      ] GC(35) User=0.01s Sys=0.00s Real=0.03s
[2023-02-09T13:49:02.041+0000][68][safepoint   ] Safepoint "G1CollectForAllocation", Time since last: 55347053 ns, Reaching safepoint: 297257 ns, At safepoint: 33884922 ns, Total: 34182179 ns
[2023-02-09T13:49:03.050+0000][68][safepoint   ] Safepoint "Cleanup", Time since last: 1009360411 ns, Reaching safepoint: 157652 ns, At safepoint: 82714 ns, Total: 240366 ns
[2023-02-09T13:49:04.054+0000][68][safepoint   ] Safepoint "Cleanup", Time since last: 1002348709 ns, Reaching safepoint: 1197602 ns, At safepoint: 40604 ns, Total: 1238206 ns
[2023-02-09T13:49:04.400+0000][68][gc,start    ] GC(36) Pause Young (Concurrent Start) (G1 Evacuation Pause)
[2023-02-09T13:49:04.401+0000][68][gc,task     ] GC(36) Using 4 workers of 4 for evacuation
[2023-02-09T13:49:04.402+0000][68][gc,age      ] GC(36) Desired survivor size 8388608 bytes, new threshold 15 (max threshold 15)
[2023-02-09T13:49:04.407+0000][68][gc,phases   ] GC(36)   Pre Evacuate Collection Set: 0.5ms
[2023-02-09T13:49:04.408+0000][68][gc,phases   ] GC(36)   Merge Heap Roots: 0.2ms
[2023-02-09T13:49:04.409+0000][68][gc,phases   ] GC(36)   Evacuate Collection Set: 1.7ms
[2023-02-09T13:49:04.410+0000][68][gc,phases   ] GC(36)   Post Evacuate Collection Set: 1.6ms
[2023-02-09T13:49:04.410+0000][68][gc,phases   ] GC(36)   Other: 2.0ms
[2023-02-09T13:49:04.411+0000][68][gc,age      ] GC(36) Age table with threshold 15 (max threshold 15)
[2023-02-09T13:49:04.411+0000][68][gc,age      ] GC(36) - age   1:    1290272 bytes,    1290272 total
[2023-02-09T13:49:04.412+0000][68][gc,age      ] GC(36) - age   2:        168 bytes,    1290440 total
[2023-02-09T13:49:04.413+0000][68][gc,age      ] GC(36) - age   3:     135448 bytes,    1425888 total
[2023-02-09T13:49:04.413+0000][68][gc,age      ] GC(36) - age   4:      28664 bytes,    1454552 total
[2023-02-09T13:49:04.414+0000][68][gc,age      ] GC(36) - age   5:         32 bytes,    1454584 total
[2023-02-09T13:49:04.414+0000][68][gc,heap     ] GC(36) Eden regions: 25->0(25)
[2023-02-09T13:49:04.415+0000][68][gc,heap     ] GC(36) Survivor regions: 1->1(4)
[2023-02-09T13:49:04.415+0000][68][gc,heap     ] GC(36) Old regions: 22->22
[2023-02-09T13:49:04.416+0000][68][gc,heap     ] GC(36) Archive regions: 2->2
[2023-02-09T13:49:04.416+0000][68][gc,heap     ] GC(36) Humongous regions: 0->0
[2023-02-09T13:49:04.417+0000][68][gc,metaspace] GC(36) Metaspace: 124797K(128064K)->124797K(128064K) NonClass: 108100K(109696K)->108100K(109696K) Class: 16696K(18368K)->16696K(18368K)
[2023-02-09T13:49:04.417+0000][68][gc          ] GC(36) Pause Young (Concurrent Start) (G1 Evacuation Pause) 189M->90M(256M) 16.947ms
[2023-02-09T13:49:04.418+0000][68][gc,cpu      ] GC(36) User=0.00s Sys=0.01s Real=0.01s
[2023-02-09T13:49:04.418+0000][68][safepoint   ] Safepoint "G1CollectForAllocation", Time since last: 346110809 ns, Reaching safepoint: 140463 ns, At safepoint: 17932491 ns, Total: 18072954 ns
[2023-02-09T13:49:04.418+0000][68][gc          ] GC(37) Concurrent Mark Cycle
[2023-02-09T13:49:04.419+0000][68][gc,marking  ] GC(37) Concurrent Clear Claimed Marks
[2023-02-09T13:49:04.420+0000][68][gc,marking  ] GC(37) Concurrent Clear Claimed Marks 0.932ms
[2023-02-09T13:49:04.421+0000][68][gc,marking  ] GC(37) Concurrent Scan Root Regions
[2023-02-09T13:49:04.424+0000][68][gc,marking  ] GC(37) Concurrent Scan Root Regions 3.161ms
[2023-02-09T13:49:04.425+0000][68][gc,marking  ] GC(37) Concurrent Mark
[2023-02-09T13:49:04.425+0000][68][gc,marking  ] GC(37) Concurrent Mark From Roots
[2023-02-09T13:49:04.427+0000][68][gc,task     ] GC(37) Using 1 workers of 1 for marking
[2023-02-09T13:49:04.610+0000][68][gc,marking  ] GC(37) Concurrent Mark From Roots 184.410ms
[2023-02-09T13:49:04.610+0000][68][gc,marking  ] GC(37) Concurrent Preclean
[2023-02-09T13:49:04.611+0000][68][gc,marking  ] GC(37) Concurrent Preclean 0.806ms
[2023-02-09T13:49:04.612+0000][68][gc,start    ] GC(37) Pause Remark
[2023-02-09T13:49:04.617+0000][68][gc          ] GC(37) Pause Remark 90M->90M(256M) 5.598ms
[2023-02-09T13:49:04.618+0000][68][gc,cpu      ] GC(37) User=0.02s Sys=0.01s Real=0.00s
[2023-02-09T13:49:04.619+0000][68][safepoint   ] Safepoint "G1PauseRemark", Time since last: 193698747 ns, Reaching safepoint: 73733 ns, At safepoint: 7129555 ns, Total: 7203288 ns
[2023-02-09T13:49:04.620+0000][68][gc,marking  ] GC(37) Concurrent Mark 195.070ms
[2023-02-09T13:49:04.620+0000][68][gc,marking  ] GC(37) Concurrent Rebuild Remembered Sets
[2023-02-09T13:49:04.676+0000][68][gc,marking  ] GC(37) Concurrent Rebuild Remembered Sets 56.397ms
[2023-02-09T13:49:04.677+0000][68][gc,start    ] GC(37) Pause Cleanup
[2023-02-09T13:49:04.678+0000][68][gc          ] GC(37) Pause Cleanup 90M->90M(256M) 0.582ms
[2023-02-09T13:49:04.678+0000][68][gc,cpu      ] GC(37) User=0.00s Sys=0.00s Real=0.00s
[2023-02-09T13:49:04.679+0000][68][safepoint   ] Safepoint "G1PauseCleanup", Time since last: 58031625 ns, Reaching safepoint: 26188 ns, At safepoint: 1567946 ns, Total: 1594134 ns
[2023-02-09T13:49:04.679+0000][68][gc,marking  ] GC(37) Concurrent Cleanup for Next Mark
[2023-02-09T13:49:04.680+0000][68][gc,marking  ] GC(37) Concurrent Cleanup for Next Mark 1.042ms
[2023-02-09T13:49:04.681+0000][68][gc          ] GC(37) Concurrent Mark Cycle 263.108ms
[2023-02-09T13:49:05.680+0000][68][safepoint   ] Safepoint "Cleanup", Time since last: 1001690136 ns, Reaching safepoint: 216254 ns, At safepoint: 4599 ns, Total: 220853 ns
[2023-02-09T13:49:06.683+0000][68][safepoint   ] Safepoint "Cleanup", Time since last: 1001824434 ns, Reaching safepoint: 166552 ns, At safepoint: 12574 ns, Total: 179126 ns
[2023-02-09T13:49:07.685+0000][68][safepoint   ] Safepoint "Cleanup", Time since last: 1002261102 ns, Reaching safepoint: 196923 ns, At safepoint: 8501 ns, Total: 205424 ns
[2023-02-09T13:49:08.689+0000][68][safepoint   ] Safepoint "Cleanup", Time since last: 1003692728 ns, Reaching safepoint: 155340 ns, At safepoint: 8574 ns, Total: 163914 ns
[2023-02-09T13:49:09.692+0000][68][safepoint   ] Safepoint "Cleanup", Time since last: 1003283844 ns, Reaching safepoint: 163012 ns, At safepoint: 6413 ns, Total: 169425 ns
[2023-02-09T13:49:10.696+0000][68][safepoint   ] Safepoint "Cleanup", Time since last: 1003730962 ns, Reaching safepoint: 152705 ns, At safepoint: 8015 ns, Total: 160720 ns
[2023-02-09T13:49:11.700+0000][68][safepoint   ] Safepoint "Cleanup", Time since last: 1004004302 ns, Reaching safepoint: 222285 ns, At safepoint: 11813 ns, Total: 234098 ns
[2023-02-09T13:49:12.703+0000][68][safepoint   ] Safepoint "Cleanup", Time since last: 1002550208 ns, Reaching safepoint: 207633 ns, At safepoint: 13094 ns, Total: 220727 ns
[2023-02-09T13:49:13.706+0000][68][safepoint   ] Safepoint "Cleanup", Time since last: 1002558955 ns, Reaching safepoint: 591881 ns, At safepoint: 28743 ns, Total: 620624 ns
[2023-02-09T13:49:14.709+0000][68][safepoint   ] Safepoint "Cleanup", Time since last: 1002886920 ns, Reaching safepoint: 132548 ns, At safepoint: 9729 ns, Total: 142277 ns
[2023-02-09T13:49:17.715+0000][68][safepoint   ] Safepoint "Cleanup", Time since last: 3005183597 ns, Reaching safepoint: 151612 ns, At safepoint: 5417 ns, Total: 157029 ns
[2023-02-09T13:49:18.718+0000][68][safepoint   ] Safepoint "Cleanup", Time since last: 1002996339 ns, Reaching safepoint: 179054 ns, At safepoint: 14841 ns, Total: 193895 ns
[2023-02-09T13:49:19.721+0000][68][safepoint   ] Safepoint "Cleanup", Time since last: 1002687768 ns, Reaching safepoint: 141393 ns, At safepoint: 4382 ns, Total: 145775 ns
[2023-02-09T13:49:22.700+0000][68][safepoint   ] Safepoint "Cleanup", Time since last: 3003017659 ns, Reaching safepoint: 104550 ns, At safepoint: 6176 ns, Total: 110726 ns
[2023-02-09T13:49:26.706+0000][68][safepoint   ] Safepoint "Cleanup", Time since last: 4005619381 ns, Reaching safepoint: 75060 ns, At safepoint: 4409 ns, Total: 79469 ns
[2023-02-09T13:49:27.708+0000][68][safepoint   ] Safepoint "Cleanup", Time since last: 1001981533 ns, Reaching safepoint: 145607 ns, At safepoint: 5143 ns, Total: 150750 ns
[2023-02-09T13:49:28.711+0000][68][safepoint   ] Safepoint "Cleanup", Time since last: 1002139427 ns, Reaching safepoint: 105191 ns, At safepoint: 5002 ns, Total: 110193 ns
[2023-02-09T13:49:29.712+0000][68][safepoint   ] Safepoint "Cleanup", Time since last: 1001581935 ns, Reaching safepoint: 164868 ns, At safepoint: 4147 ns, Total: 169015 ns
[2023-02-09T13:49:32.715+0000][68][safepoint   ] Safepoint "Cleanup", Time since last: 3002868232 ns, Reaching safepoint: 289451 ns, At safepoint: 11347 ns, Total: 300798 ns
[2023-02-09T13:49:33.718+0000][68][safepoint   ] Safepoint "Cleanup", Time since last: 1002468800 ns, Reaching safepoint: 98554 ns, At safepoint: 5453 ns, Total: 104007 ns
[2023-02-09T13:49:34.720+0000][68][safepoint   ] Safepoint "Cleanup", Time since last: 1002123043 ns, Reaching safepoint: 300340 ns, At safepoint: 11357 ns, Total: 311697 ns
[2023-02-09T13:49:35.723+0000][68][safepoint   ] Safepoint "Cleanup", Time since last: 1002146512 ns, Reaching safepoint: 129551 ns, At safepoint: 5278 ns, Total: 134829 ns
[2023-02-09T13:49:37.726+0000][68][safepoint   ] Safepoint "Cleanup", Time since last: 2003483235 ns, Reaching safepoint: 82077 ns, At safepoint: 3958 ns, Total: 86035 ns
[2023-02-09T13:49:38.728+0000][68][safepoint   ] Safepoint "Cleanup", Time since last: 1001219817 ns, Reaching safepoint: 98435 ns, At safepoint: 3323 ns, Total: 101758 ns
[2023-02-09T13:49:39.729+0000][68][safepoint   ] Safepoint "Cleanup", Time since last: 1001063338 ns, Reaching safepoint: 381516 ns, At safepoint: 61575 ns, Total: 443091 ns
[2023-02-09T13:49:40.731+0000][68][safepoint   ] Safepoint "Cleanup", Time since last: 1001717769 ns, Reaching safepoint: 195844 ns, At safepoint: 13008 ns, Total: 208852 ns
[2023-02-09T13:49:43.737+0000][68][safepoint   ] Safepoint "Cleanup", Time since last: 3005838594 ns, Reaching safepoint: 127951 ns, At safepoint: 5188 ns, Total: 133139 ns
[2023-02-09T13:49:45.741+0000][68][safepoint   ] Safepoint "Cleanup", Time since last: 2003586143 ns, Reaching safepoint: 229475 ns, At safepoint: 11754 ns, Total: 241229 ns
[2023-02-09T13:49:46.744+0000][68][safepoint   ] Safepoint "Cleanup", Time since last: 1003290279 ns, Reaching safepoint: 191452 ns, At safepoint: 5743 ns, Total: 197195 ns
[2023-02-09T13:49:48.748+0000][68][safepoint   ] Safepoint "Cleanup", Time since last: 2003213056 ns, Reaching safepoint: 160488 ns, At safepoint: 5510 ns, Total: 165998 ns
[2023-02-09T13:49:49.750+0000][68][safepoint   ] Safepoint "Cleanup", Time since last: 1001801280 ns, Reaching safepoint: 273088 ns, At safepoint: 16096 ns, Total: 289184 ns
[2023-02-09T13:49:50.753+0000][68][safepoint   ] Safepoint "Cleanup", Time since last: 1002536168 ns, Reaching safepoint: 156095 ns, At safepoint: 6182 ns, Total: 162277 ns
[2023-02-09T13:49:51.733+0000][68][safepoint   ] Safepoint "Cleanup", Time since last: 1002424325 ns, Reaching safepoint: 130236 ns, At safepoint: 5121 ns, Total: 135357 ns
[2023-02-09T13:49:52.735+0000][68][safepoint   ] Safepoint "Cleanup", Time since last: 1001713492 ns, Reaching safepoint: 326715 ns, At safepoint: 6679 ns, Total: 333394 ns
[2023-02-09T13:49:53.738+0000][68][safepoint   ] Safepoint "Cleanup", Time since last: 1002269234 ns, Reaching safepoint: 456766 ns, At safepoint: 31382 ns, Total: 488148 ns
[2023-02-09T13:49:57.744+0000][68][safepoint   ] Safepoint "Cleanup", Time since last: 4005860999 ns, Reaching safepoint: 173588 ns, At safepoint: 103577 ns, Total: 277165 ns
[2023-02-09T13:49:59.750+0000][68][safepoint   ] Safepoint "Cleanup", Time since last: 2005074982 ns, Reaching safepoint: 83388 ns, At safepoint: 5004 ns, Total: 88392 ns
[2023-02-09T13:50:01.506+0000][68][safepoint   ] Safepoint "Cleanup", Time since last: 1756049622 ns, Reaching safepoint: 270312 ns, At safepoint: 12778 ns, Total: 283090 ns
[2023-02-09T13:50:02.726+0000][68][gc,start    ] GC(38) Pause Young (Prepare Mixed) (G1 Evacuation Pause)
[2023-02-09T13:50:02.727+0000][68][gc,task     ] GC(38) Using 4 workers of 4 for evacuation
[2023-02-09T13:50:02.728+0000][68][gc,age      ] GC(38) Desired survivor size 8388608 bytes, new threshold 15 (max threshold 15)
[2023-02-09T13:50:02.734+0000][68][gc,phases   ] GC(38)   Pre Evacuate Collection Set: 0.2ms
[2023-02-09T13:50:02.735+0000][68][gc,phases   ] GC(38)   Merge Heap Roots: 0.1ms
[2023-02-09T13:50:02.736+0000][68][gc,phases   ] GC(38)   Evacuate Collection Set: 3.7ms
[2023-02-09T13:50:02.736+0000][68][gc,phases   ] GC(38)   Post Evacuate Collection Set: 1.3ms
[2023-02-09T13:50:02.737+0000][68][gc,phases   ] GC(38)   Other: 1.9ms
[2023-02-09T13:50:02.737+0000][68][gc,age      ] GC(38) Age table with threshold 15 (max threshold 15)
[2023-02-09T13:50:02.738+0000][68][gc,age      ] GC(38) - age   1:    3759320 bytes,    3759320 total
[2023-02-09T13:50:02.738+0000][68][gc,age      ] GC(38) - age   2:      73944 bytes,    3833264 total
[2023-02-09T13:50:02.739+0000][68][gc,age      ] GC(38) - age   3:        168 bytes,    3833432 total
[2023-02-09T13:50:02.739+0000][68][gc,age      ] GC(38) - age   4:     104624 bytes,    3938056 total
[2023-02-09T13:50:02.740+0000][68][gc,age      ] GC(38) - age   5:      28536 bytes,    3966592 total
[2023-02-09T13:50:02.740+0000][68][gc,heap     ] GC(38) Eden regions: 25->0(2)
[2023-02-09T13:50:02.741+0000][68][gc,heap     ] GC(38) Survivor regions: 1->1(4)
[2023-02-09T13:50:02.741+0000][68][gc,heap     ] GC(38) Old regions: 22->22
[2023-02-09T13:50:02.742+0000][68][gc,heap     ] GC(38) Archive regions: 2->2
[2023-02-09T13:50:02.743+0000][68][gc,heap     ] GC(38) Humongous regions: 2->2
[2023-02-09T13:50:02.743+0000][68][gc,metaspace] GC(38) Metaspace: 126025K(129344K)->126025K(129344K) NonClass: 109167K(110784K)->109167K(110784K) Class: 16858K(18560K)->16858K(18560K)
[2023-02-09T13:50:02.744+0000][68][gc          ] GC(38) Pause Young (Prepare Mixed) (G1 Evacuation Pause) 198M->100M(256M) 18.019ms
[2023-02-09T13:50:02.744+0000][68][gc,cpu      ] GC(38) User=0.02s Sys=0.01s Real=0.01s
[2023-02-09T13:50:02.745+0000][68][safepoint   ] Safepoint "G1CollectForAllocation", Time since last: 1219475486 ns, Reaching safepoint: 256753 ns, At safepoint: 19210622 ns, Total: 19467375 ns
[2023-02-09T13:50:02.830+0000][68][gc,start    ] GC(39) Pause Young (Mixed) (G1 Evacuation Pause)
[2023-02-09T13:50:02.831+0000][68][gc,task     ] GC(39) Using 4 workers of 4 for evacuation
[2023-02-09T13:50:02.832+0000][68][gc,age      ] GC(39) Desired survivor size 2097152 bytes, new threshold 1 (max threshold 15)
[2023-02-09T13:50:02.840+0000][68][gc,phases   ] GC(39)   Pre Evacuate Collection Set: 0.2ms
[2023-02-09T13:50:02.841+0000][68][gc,phases   ] GC(39)   Merge Heap Roots: 0.1ms
[2023-02-09T13:50:02.841+0000][68][gc,phases   ] GC(39)   Evacuate Collection Set: 5.7ms
[2023-02-09T13:50:02.842+0000][68][gc,phases   ] GC(39)   Post Evacuate Collection Set: 0.8ms
[2023-02-09T13:50:02.843+0000][68][gc,phases   ] GC(39)   Other: 1.7ms
[2023-02-09T13:50:02.844+0000][68][gc,age      ] GC(39) Age table with threshold 1 (max threshold 15)
[2023-02-09T13:50:02.844+0000][68][gc,age      ] GC(39) - age   1:     721264 bytes,     721264 total
[2023-02-09T13:50:02.845+0000][68][gc,heap     ] GC(39) Eden regions: 2->0(23)
[2023-02-09T13:50:02.846+0000][68][gc,heap     ] GC(39) Survivor regions: 1->1(1)
[2023-02-09T13:50:02.846+0000][68][gc,heap     ] GC(39) Old regions: 22->22
[2023-02-09T13:50:02.847+0000][68][gc,heap     ] GC(39) Archive regions: 2->2
[2023-02-09T13:50:02.847+0000][68][gc,heap     ] GC(39) Humongous regions: 2->2
[2023-02-09T13:50:02.848+0000][68][gc,metaspace] GC(39) Metaspace: 126106K(129472K)->126106K(129472K) NonClass: 109238K(110912K)->109238K(110912K) Class: 16867K(18560K)->16867K(18560K)
[2023-02-09T13:50:02.848+0000][68][gc          ] GC(39) Pause Young (Mixed) (G1 Evacuation Pause) 108M->100M(256M) 17.990ms
[2023-02-09T13:50:02.849+0000][68][gc,cpu      ] GC(39) User=0.04s Sys=0.01s Real=0.02s
[2023-02-09T13:50:02.850+0000][68][safepoint   ] Safepoint "G1CollectForAllocation", Time since last: 85408624 ns, Reaching safepoint: 60230 ns, At safepoint: 19485310 ns, Total: 19545540 ns
[2023-02-09T13:50:04.235+0000][68][safepoint   ] Safepoint "Cleanup", Time since last: 1385186258 ns, Reaching safepoint: 322229 ns, At safepoint: 62490 ns, Total: 384719 ns
[2023-02-09T13:50:05.237+0000][68][safepoint   ] Safepoint "Cleanup", Time since last: 1000923184 ns, Reaching safepoint: 381146 ns, At safepoint: 12370 ns, Total: 393516 ns
[2023-02-09T13:50:06.239+0000][68][safepoint   ] Safepoint "Cleanup", Time since last: 1002293973 ns, Reaching safepoint: 144666 ns, At safepoint: 4078 ns, Total: 148744 ns
[2023-02-09T13:50:07.483+0000][68][safepoint   ] Safepoint "Cleanup", Time since last: 1243421833 ns, Reaching safepoint: 292215 ns, At safepoint: 37612 ns, Total: 329827 ns
[2023-02-09T13:50:07.587+0000][68][gc,start    ] GC(40) Pause Young (Concurrent Start) (G1 Evacuation Pause)
[2023-02-09T13:50:07.588+0000][68][gc,task     ] GC(40) Using 4 workers of 4 for evacuation
[2023-02-09T13:50:07.590+0000][68][gc,age      ] GC(40) Desired survivor size 6291456 bytes, new threshold 15 (max threshold 15)
[2023-02-09T13:50:07.601+0000][68][gc,phases   ] GC(40)   Pre Evacuate Collection Set: 0.6ms
[2023-02-09T13:50:07.602+0000][68][gc,phases   ] GC(40)   Merge Heap Roots: 0.2ms
[2023-02-09T13:50:07.603+0000][68][gc,phases   ] GC(40)   Evacuate Collection Set: 8.3ms
[2023-02-09T13:50:07.604+0000][68][gc,phases   ] GC(40)   Post Evacuate Collection Set: 1.5ms
[2023-02-09T13:50:07.605+0000][68][gc,phases   ] GC(40)   Other: 2.8ms
[2023-02-09T13:50:07.605+0000][68][gc,age      ] GC(40) Age table with threshold 15 (max threshold 15)
[2023-02-09T13:50:07.606+0000][68][gc,age      ] GC(40) - age   1:    6293472 bytes,    6293472 total
[2023-02-09T13:50:07.610+0000][68][gc,age      ] GC(40) - age   2:      99776 bytes,    6393248 total
[2023-02-09T13:50:07.612+0000][68][gc,heap     ] GC(40) Eden regions: 23->0(22)
[2023-02-09T13:50:07.613+0000][68][gc,heap     ] GC(40) Survivor regions: 1->2(3)
[2023-02-09T13:50:07.613+0000][68][gc,heap     ] GC(40) Old regions: 22->22
[2023-02-09T13:50:07.614+0000][68][gc,heap     ] GC(40) Archive regions: 2->2
[2023-02-09T13:50:07.615+0000][68][gc,heap     ] GC(40) Humongous regions: 2->2
[2023-02-09T13:50:07.616+0000][68][gc,metaspace] GC(40) Metaspace: 127716K(131072K)->127716K(131072K) NonClass: 110646K(112320K)->110646K(112320K) Class: 17070K(18752K)->17070K(18752K)
[2023-02-09T13:50:07.617+0000][68][gc          ] GC(40) Pause Young (Concurrent Start) (G1 Evacuation Pause) 191M->105M(256M) 30.342ms
[2023-02-09T13:50:07.619+0000][68][gc,cpu      ] GC(40) User=0.03s Sys=0.01s Real=0.03s
[2023-02-09T13:50:07.620+0000][68][safepoint   ] Safepoint "G1CollectForAllocation", Time since last: 103931560 ns, Reaching safepoint: 301540 ns, At safepoint: 33024124 ns, Total: 33325664 ns
[2023-02-09T13:50:07.619+0000][68][gc          ] GC(41) Concurrent Mark Cycle
[2023-02-09T13:50:07.622+0000][68][gc,marking  ] GC(41) Concurrent Clear Claimed Marks
[2023-02-09T13:50:07.623+0000][68][gc,marking  ] GC(41) Concurrent Clear Claimed Marks 0.850ms
[2023-02-09T13:50:07.625+0000][68][gc,marking  ] GC(41) Concurrent Scan Root Regions
[2023-02-09T13:50:07.633+0000][68][gc,marking  ] GC(41) Concurrent Scan Root Regions 7.987ms
[2023-02-09T13:50:07.638+0000][68][gc,marking  ] GC(41) Concurrent Mark
[2023-02-09T13:50:07.640+0000][68][gc,marking  ] GC(41) Concurrent Mark From Roots
[2023-02-09T13:50:07.642+0000][68][gc,task     ] GC(41) Using 1 workers of 1 for marking
[2023-02-09T13:50:08.059+0000][68][gc,marking  ] GC(41) Concurrent Mark From Roots 418.620ms
[2023-02-09T13:50:08.060+0000][68][gc,marking  ] GC(41) Concurrent Preclean
[2023-02-09T13:50:08.060+0000][68][gc,marking  ] GC(41) Concurrent Preclean 0.617ms
[2023-02-09T13:50:08.062+0000][68][gc,start    ] GC(41) Pause Remark
[2023-02-09T13:50:08.078+0000][68][gc          ] GC(41) Pause Remark 140M->140M(256M) 16.239ms
[2023-02-09T13:50:08.079+0000][68][gc,cpu      ] GC(41) User=0.05s Sys=0.00s Real=0.02s
[2023-02-09T13:50:08.080+0000][68][safepoint   ] Safepoint "G1PauseRemark", Time since last: 440750880 ns, Reaching safepoint: 830567 ns, At safepoint: 17936738 ns, Total: 18767305 ns
[2023-02-09T13:50:08.080+0000][68][gc,marking  ] GC(41) Concurrent Mark 442.683ms
[2023-02-09T13:50:08.082+0000][68][gc,marking  ] GC(41) Concurrent Rebuild Remembered Sets
[2023-02-09T13:50:08.315+0000][68][gc,marking  ] GC(41) Concurrent Rebuild Remembered Sets 233.275ms
[2023-02-09T13:50:08.330+0000][68][gc,start    ] GC(41) Pause Cleanup
[2023-02-09T13:50:08.331+0000][68][gc          ] GC(41) Pause Cleanup 147M->147M(256M) 1.326ms
[2023-02-09T13:50:08.333+0000][68][gc,cpu      ] GC(41) User=0.00s Sys=0.00s Real=0.00s
[2023-02-09T13:50:08.334+0000][68][safepoint   ] Safepoint "G1PauseCleanup", Time since last: 236719639 ns, Reaching safepoint: 13773416 ns, At safepoint: 3902962 ns, Total: 17676378 ns
[2023-02-09T13:50:08.336+0000][68][gc,marking  ] GC(41) Concurrent Cleanup for Next Mark
[2023-02-09T13:50:08.337+0000][68][gc,marking  ] GC(41) Concurrent Cleanup for Next Mark 0.976ms
[2023-02-09T13:50:08.338+0000][68][gc          ] GC(41) Concurrent Mark Cycle 718.526ms
[2023-02-09T13:50:09.762+0000][68][safepoint   ] Safepoint "ICBufferFull", Time since last: 1427599984 ns, Reaching safepoint: 304185 ns, At safepoint: 19764 ns, Total: 323949 ns
[2023-02-09T13:50:10.765+0000][68][safepoint   ] Safepoint "Cleanup", Time since last: 1002537039 ns, Reaching safepoint: 753236 ns, At safepoint: 35883 ns, Total: 789119 ns
[2023-02-09T13:50:11.640+0000][68][safepoint   ] Safepoint "ICBufferFull", Time since last: 873144543 ns, Reaching safepoint: 1275899 ns, At safepoint: 40358 ns, Total: 1316257 ns
[2023-02-09T13:50:11.675+0000][68][gc,start    ] GC(42) Pause Young (Normal) (G1 Evacuation Pause)
[2023-02-09T13:50:11.681+0000][68][gc,task     ] GC(42) Using 4 workers of 4 for evacuation
[2023-02-09T13:50:11.685+0000][68][gc,age      ] GC(42) Desired survivor size 6291456 bytes, new threshold 1 (max threshold 15)
[2023-02-09T13:50:11.707+0000][68][gc,phases   ] GC(42)   Pre Evacuate Collection Set: 0.2ms
[2023-02-09T13:50:11.709+0000][68][gc,phases   ] GC(42)   Merge Heap Roots: 1.8ms
[2023-02-09T13:50:11.710+0000][68][gc,phases   ] GC(42)   Evacuate Collection Set: 9.9ms
[2023-02-09T13:50:11.712+0000][68][gc,phases   ] GC(42)   Post Evacuate Collection Set: 1.5ms
[2023-02-09T13:50:11.713+0000][68][gc,phases   ] GC(42)   Other: 12.9ms
[2023-02-09T13:50:11.714+0000][68][gc,age      ] GC(42) Age table with threshold 1 (max threshold 15)
[2023-02-09T13:50:11.715+0000][68][gc,age      ] GC(42) - age   1:    9875856 bytes,    9875856 total
[2023-02-09T13:50:11.716+0000][68][gc,heap     ] GC(42) Eden regions: 22->0(18)
[2023-02-09T13:50:11.717+0000][68][gc,heap     ] GC(42) Survivor regions: 2->3(3)
[2023-02-09T13:50:11.717+0000][68][gc,heap     ] GC(42) Old regions: 22->24
[2023-02-09T13:50:11.718+0000][68][gc,heap     ] GC(42) Archive regions: 2->2
[2023-02-09T13:50:11.719+0000][68][gc,heap     ] GC(42) Humongous regions: 2->2
[2023-02-09T13:50:11.719+0000][68][gc,metaspace] GC(42) Metaspace: 129781K(133120K)->129781K(133120K) NonClass: 112459K(114112K)->112459K(114112K) Class: 17321K(19008K)->17321K(19008K)
[2023-02-09T13:50:11.721+0000][68][gc          ] GC(42) Pause Young (Normal) (G1 Evacuation Pause) 193M->114M(256M) 46.063ms
[2023-02-09T13:50:11.722+0000][68][gc,cpu      ] GC(42) User=0.03s Sys=0.01s Real=0.04s
[2023-02-09T13:50:11.723+0000][68][safepoint   ] Safepoint "G1CollectForAllocation", Time since last: 34613777 ns, Reaching safepoint: 693350 ns, At safepoint: 47721317 ns, Total: 48414667 ns
[2023-02-09T13:50:12.710+0000][68][safepoint   ] Safepoint "ICBufferFull", Time since last: 985739696 ns, Reaching safepoint: 1273189 ns, At safepoint: 59436 ns, Total: 1332625 ns
[2023-02-09T13:50:13.719+0000][68][safepoint   ] Safepoint "Cleanup", Time since last: 1003026902 ns, Reaching safepoint: 5931106 ns, At safepoint: 72041 ns, Total: 6003147 ns
[2023-02-09T13:50:13.867+0000][68][gc,start    ] GC(43) Pause Young (Concurrent Start) (G1 Evacuation Pause)
[2023-02-09T13:50:13.868+0000][68][gc,task     ] GC(43) Using 4 workers of 4 for evacuation
[2023-02-09T13:50:13.868+0000][68][gc,age      ] GC(43) Desired survivor size 6291456 bytes, new threshold 1 (max threshold 15)
[2023-02-09T13:50:13.879+0000][68][gc,phases   ] GC(43)   Pre Evacuate Collection Set: 0.4ms
[2023-02-09T13:50:13.879+0000][68][gc,phases   ] GC(43)   Merge Heap Roots: 0.2ms
[2023-02-09T13:50:13.880+0000][68][gc,phases   ] GC(43)   Evacuate Collection Set: 7.5ms
[2023-02-09T13:50:13.881+0000][68][gc,phases   ] GC(43)   Post Evacuate Collection Set: 1.4ms
[2023-02-09T13:50:13.882+0000][68][gc,phases   ] GC(43)   Other: 1.3ms
[2023-02-09T13:50:13.882+0000][68][gc,age      ] GC(43) Age table with threshold 1 (max threshold 15)
[2023-02-09T13:50:13.883+0000][68][gc,age      ] GC(43) - age   1:    4609152 bytes,    4609152 total
[2023-02-09T13:50:13.883+0000][68][gc,heap     ] GC(43) Eden regions: 18->0(18)
[2023-02-09T13:50:13.884+0000][68][gc,heap     ] GC(43) Survivor regions: 3->2(3)
[2023-02-09T13:50:13.884+0000][68][gc,heap     ] GC(43) Old regions: 24->26
[2023-02-09T13:50:13.885+0000][68][gc,heap     ] GC(43) Archive regions: 2->2
[2023-02-09T13:50:13.886+0000][68][gc,heap     ] GC(43) Humongous regions: 2->2
[2023-02-09T13:50:13.887+0000][68][gc,metaspace] GC(43) Metaspace: 130081K(133376K)->130081K(133376K) NonClass: 112755K(114368K)->112755K(114368K) Class: 17325K(19008K)->17325K(19008K)
[2023-02-09T13:50:13.888+0000][68][gc          ] GC(43) Pause Young (Concurrent Start) (G1 Evacuation Pause) 186M->119M(256M) 20.406ms
[2023-02-09T13:50:13.888+0000][68][gc          ] GC(44) Concurrent Mark Cycle
[2023-02-09T13:50:13.889+0000][68][gc,marking  ] GC(44) Concurrent Clear Claimed Marks
[2023-02-09T13:50:13.888+0000][68][gc,cpu      ] GC(43) User=0.03s Sys=0.01s Real=0.02s
[2023-02-09T13:50:13.890+0000][68][gc,marking  ] GC(44) Concurrent Clear Claimed Marks 1.334ms
[2023-02-09T13:50:13.891+0000][68][gc,marking  ] GC(44) Concurrent Scan Root Regions
[2023-02-09T13:50:13.890+0000][68][safepoint   ] Safepoint "G1CollectForAllocation", Time since last: 147260956 ns, Reaching safepoint: 993330 ns, At safepoint: 23089732 ns, Total: 24083062 ns
[2023-02-09T13:50:13.898+0000][68][gc,marking  ] GC(44) Concurrent Scan Root Regions 6.923ms
[2023-02-09T13:50:13.898+0000][68][gc,marking  ] GC(44) Concurrent Mark
[2023-02-09T13:50:13.899+0000][68][gc,marking  ] GC(44) Concurrent Mark From Roots
[2023-02-09T13:50:13.900+0000][68][gc,task     ] GC(44) Using 1 workers of 1 for marking
[2023-02-09T13:50:14.295+0000][68][gc,marking  ] GC(44) Concurrent Mark From Roots 395.461ms
[2023-02-09T13:50:14.296+0000][68][gc,marking  ] GC(44) Concurrent Preclean
[2023-02-09T13:50:14.297+0000][68][gc,marking  ] GC(44) Concurrent Preclean 1.236ms
[2023-02-09T13:50:14.300+0000][68][gc,start    ] GC(44) Pause Remark
[2023-02-09T13:50:14.346+0000][68][gc          ] GC(44) Pause Remark 122M->122M(256M) 45.940ms
[2023-02-09T13:50:14.347+0000][68][gc,cpu      ] GC(44) User=0.05s Sys=0.00s Real=0.05s
[2023-02-09T13:50:14.349+0000][68][safepoint   ] Safepoint "G1PauseRemark", Time since last: 409141439 ns, Reaching safepoint: 721748 ns, At safepoint: 48897052 ns, Total: 49618800 ns
[2023-02-09T13:50:14.351+0000][68][gc,marking  ] GC(44) Concurrent Mark 452.464ms
[2023-02-09T13:50:14.356+0000][68][gc,marking  ] GC(44) Concurrent Rebuild Remembered Sets
[2023-02-09T13:50:14.508+0000][68][gc,marking  ] GC(44) Concurrent Rebuild Remembered Sets 152.465ms
[2023-02-09T13:50:14.511+0000][68][gc,start    ] GC(44) Pause Cleanup
[2023-02-09T13:50:14.512+0000][68][gc          ] GC(44) Pause Cleanup 125M->125M(256M) 1.189ms
[2023-02-09T13:50:14.513+0000][68][gc,cpu      ] GC(44) User=0.00s Sys=0.00s Real=0.00s
[2023-02-09T13:50:14.513+0000][68][safepoint   ] Safepoint "G1PauseCleanup", Time since last: 160725944 ns, Reaching safepoint: 976509 ns, At safepoint: 2790684 ns, Total: 3767193 ns
[2023-02-09T13:50:14.516+0000][68][gc,marking  ] GC(44) Concurrent Cleanup for Next Mark
[2023-02-09T13:50:14.518+0000][68][gc,marking  ] GC(44) Concurrent Cleanup for Next Mark 1.635ms
[2023-02-09T13:50:14.519+0000][68][gc          ] GC(44) Concurrent Mark Cycle 630.747ms
[2023-02-09T13:50:15.339+0000][68][safepoint   ] Safepoint "ICBufferFull", Time since last: 821939687 ns, Reaching safepoint: 3027917 ns, At safepoint: 195799 ns, Total: 3223716 ns
[2023-02-09T13:50:16.100+0000][68][safepoint   ] Safepoint "ICBufferFull", Time since last: 761142995 ns, Reaching safepoint: 215038 ns, At safepoint: 56674 ns, Total: 271712 ns
[2023-02-09T13:50:16.122+0000][68][gc,start    ] GC(45) Pause Young (Prepare Mixed) (G1 Evacuation Pause)
[2023-02-09T13:50:16.123+0000][68][gc,task     ] GC(45) Using 4 workers of 4 for evacuation
[2023-02-09T13:50:16.124+0000][68][gc,age      ] GC(45) Desired survivor size 6291456 bytes, new threshold 15 (max threshold 15)
[2023-02-09T13:50:16.132+0000][68][gc,phases   ] GC(45)   Pre Evacuate Collection Set: 0.3ms
[2023-02-09T13:50:16.133+0000][68][gc,phases   ] GC(45)   Merge Heap Roots: 0.2ms
[2023-02-09T13:50:16.134+0000][68][gc,phases   ] GC(45)   Evacuate Collection Set: 5.2ms
[2023-02-09T13:50:16.135+0000][68][gc,phases   ] GC(45)   Post Evacuate Collection Set: 1.2ms
[2023-02-09T13:50:16.136+0000][68][gc,phases   ] GC(45)   Other: 1.9ms
[2023-02-09T13:50:16.137+0000][68][gc,age      ] GC(45) Age table with threshold 15 (max threshold 15)
[2023-02-09T13:50:16.137+0000][68][gc,age      ] GC(45) - age   1:    5747392 bytes,    5747392 total
[2023-02-09T13:50:16.138+0000][68][gc,age      ] GC(45) - age   2:    3232672 bytes,    8980064 total
[2023-02-09T13:50:16.139+0000][68][gc,heap     ] GC(45) Eden regions: 18->0(1)
[2023-02-09T13:50:16.139+0000][68][gc,heap     ] GC(45) Survivor regions: 2->3(3)
[2023-02-09T13:50:16.140+0000][68][gc,heap     ] GC(45) Old regions: 26->26
[2023-02-09T13:50:16.141+0000][68][gc,heap     ] GC(45) Archive regions: 2->2
[2023-02-09T13:50:16.141+0000][68][gc,heap     ] GC(45) Humongous regions: 2->2
[2023-02-09T13:50:16.142+0000][68][gc,metaspace] GC(45) Metaspace: 133667K(137024K)->133667K(137024K) NonClass: 115814K(117504K)->115814K(117504K) Class: 17852K(19520K)->17852K(19520K)
[2023-02-09T13:50:16.142+0000][68][gc          ] GC(45) Pause Young (Prepare Mixed) (G1 Evacuation Pause) 191M->123M(256M) 20.037ms
[2023-02-09T13:50:16.143+0000][68][gc,cpu      ] GC(45) User=0.03s Sys=0.00s Real=0.02s
[2023-02-09T13:50:16.144+0000][68][safepoint   ] Safepoint "G1CollectForAllocation", Time since last: 21614824 ns, Reaching safepoint: 742424 ns, At safepoint: 21270385 ns, Total: 22012809 ns
[2023-02-09T13:50:16.197+0000][68][gc,start    ] GC(46) Pause Young (Mixed) (G1 Evacuation Pause)
[2023-02-09T13:50:16.204+0000][68][gc,task     ] GC(46) Using 4 workers of 4 for evacuation
[2023-02-09T13:50:16.206+0000][68][gc,age      ] GC(46) Desired survivor size 2097152 bytes, new threshold 1 (max threshold 15)
[2023-02-09T13:50:16.214+0000][68][gc,phases   ] GC(46)   Pre Evacuate Collection Set: 0.4ms
[2023-02-09T13:50:16.215+0000][68][gc,phases   ] GC(46)   Merge Heap Roots: 0.2ms
[2023-02-09T13:50:16.216+0000][68][gc,phases   ] GC(46)   Evacuate Collection Set: 5.3ms
[2023-02-09T13:50:16.217+0000][68][gc,phases   ] GC(46)   Post Evacuate Collection Set: 1.1ms
[2023-02-09T13:50:16.219+0000][68][gc,phases   ] GC(46)   Other: 3.2ms
[2023-02-09T13:50:16.222+0000][68][gc,age      ] GC(46) Age table with threshold 1 (max threshold 15)
[2023-02-09T13:50:16.222+0000][68][gc,age      ] GC(46) - age   1:     380808 bytes,     380808 total
[2023-02-09T13:50:16.223+0000][68][gc,heap     ] GC(46) Eden regions: 1->0(17)
[2023-02-09T13:50:16.224+0000][68][gc,heap     ] GC(46) Survivor regions: 3->1(1)
[2023-02-09T13:50:16.225+0000][68][gc,heap     ] GC(46) Old regions: 26->28
[2023-02-09T13:50:16.225+0000][68][gc,heap     ] GC(46) Archive regions: 2->2
[2023-02-09T13:50:16.226+0000][68][gc,heap     ] GC(46) Humongous regions: 2->2
[2023-02-09T13:50:16.227+0000][68][gc,metaspace] GC(46) Metaspace: 133678K(137024K)->133678K(137024K) NonClass: 115824K(117504K)->115824K(117504K) Class: 17853K(19520K)->17853K(19520K)
[2023-02-09T13:50:16.229+0000][68][gc          ] GC(46) Pause Young (Mixed) (G1 Evacuation Pause) 127M->122M(256M) 31.565ms
[2023-02-09T13:50:16.229+0000][68][gc,cpu      ] GC(46) User=0.04s Sys=0.00s Real=0.03s
[2023-02-09T13:50:16.230+0000][68][safepoint   ] Safepoint "G1CollectForAllocation", Time since last: 53216285 ns, Reaching safepoint: 342483 ns, At safepoint: 33286567 ns, Total: 33629050 ns
[2023-02-09T13:50:17.236+0000][68][safepoint   ] Safepoint "Cleanup", Time since last: 1003409117 ns, Reaching safepoint: 2318723 ns, At safepoint: 64338 ns, Total: 2383061 ns
[2023-02-09T13:50:18.249+0000][68][safepoint   ] Safepoint "Cleanup", Time since last: 1010665212 ns, Reaching safepoint: 2428164 ns, At safepoint: 54605 ns, Total: 2482769 ns
[2023-02-09T13:50:19.254+0000][68][safepoint   ] Safepoint "Cleanup", Time since last: 1003755745 ns, Reaching safepoint: 727266 ns, At safepoint: 44909 ns, Total: 772175 ns
[2023-02-09T13:50:20.170+0000][68][gc,start    ] GC(47) Pause Young (Normal) (G1 Evacuation Pause)
[2023-02-09T13:50:20.171+0000][68][gc,task     ] GC(47) Using 4 workers of 4 for evacuation
[2023-02-09T13:50:20.172+0000][68][gc,age      ] GC(47) Desired survivor size 6291456 bytes, new threshold 15 (max threshold 15)
[2023-02-09T13:50:20.176+0000][68][gc,phases   ] GC(47)   Pre Evacuate Collection Set: 0.3ms
[2023-02-09T13:50:20.178+0000][68][gc,phases   ] GC(47)   Merge Heap Roots: 0.1ms
[2023-02-09T13:50:20.178+0000][68][gc,phases   ] GC(47)   Evacuate Collection Set: 2.3ms
[2023-02-09T13:50:20.179+0000][68][gc,phases   ] GC(47)   Post Evacuate Collection Set: 0.9ms
[2023-02-09T13:50:20.180+0000][68][gc,phases   ] GC(47)   Other: 1.6ms
[2023-02-09T13:50:20.180+0000][68][gc,age      ] GC(47) Age table with threshold 15 (max threshold 15)
[2023-02-09T13:50:20.181+0000][68][gc,age      ] GC(47) - age   1:    4571504 bytes,    4571504 total
[2023-02-09T13:50:20.181+0000][68][gc,age      ] GC(47) - age   2:     278888 bytes,    4850392 total
[2023-02-09T13:50:20.182+0000][68][gc,heap     ] GC(47) Eden regions: 17->0(16)
[2023-02-09T13:50:20.182+0000][68][gc,heap     ] GC(47) Survivor regions: 1->2(3)
[2023-02-09T13:50:20.183+0000][68][gc,heap     ] GC(47) Old regions: 28->28
[2023-02-09T13:50:20.183+0000][68][gc,heap     ] GC(47) Archive regions: 2->2
[2023-02-09T13:50:20.184+0000][68][gc,heap     ] GC(47) Humongous regions: 2->2
[2023-02-09T13:50:20.184+0000][68][gc,metaspace] GC(47) Metaspace: 134546K(137920K)->134546K(137920K) NonClass: 116626K(118336K)->116626K(118336K) Class: 17919K(19584K)->17919K(19584K)
[2023-02-09T13:50:20.185+0000][68][gc          ] GC(47) Pause Young (Normal) (G1 Evacuation Pause) 190M->125M(256M) 14.565ms
[2023-02-09T13:50:20.185+0000][68][gc,cpu      ] GC(47) User=0.01s Sys=0.01s Real=0.02s
[2023-02-09T13:50:20.186+0000][68][safepoint   ] Safepoint "G1CollectForAllocation", Time since last: 915117067 ns, Reaching safepoint: 817777 ns, At safepoint: 15635232 ns, Total: 16453009 ns
[2023-02-09T13:50:21.187+0000][68][safepoint   ] Safepoint "Cleanup", Time since last: 1001176327 ns, Reaching safepoint: 191687 ns, At safepoint: 70611 ns, Total: 262298 ns
[2023-02-09T13:50:21.977+0000][68][safepoint   ] Safepoint "ICBufferFull", Time since last: 811181519 ns, Reaching safepoint: 980880 ns, At safepoint: 126747 ns, Total: 1107627 ns
[2023-02-09T13:50:22.602+0000][68][gc,start    ] GC(48) Pause Young (Normal) (G1 Evacuation Pause)
[2023-02-09T13:50:22.603+0000][68][gc,task     ] GC(48) Using 4 workers of 4 for evacuation
[2023-02-09T13:50:22.604+0000][68][gc,age      ] GC(48) Desired survivor size 6291456 bytes, new threshold 15 (max threshold 15)
[2023-02-09T13:50:22.611+0000][68][gc,phases   ] GC(48)   Pre Evacuate Collection Set: 0.2ms
[2023-02-09T13:50:22.612+0000][68][gc,phases   ] GC(48)   Merge Heap Roots: 0.1ms
[2023-02-09T13:50:22.612+0000][68][gc,phases   ] GC(48)   Evacuate Collection Set: 5.3ms
[2023-02-09T13:50:22.613+0000][68][gc,phases   ] GC(48)   Post Evacuate Collection Set: 1.4ms
[2023-02-09T13:50:22.613+0000][68][gc,phases   ] GC(48)   Other: 1.3ms
[2023-02-09T13:50:22.614+0000][68][gc,age      ] GC(48) Age table with threshold 15 (max threshold 15)
[2023-02-09T13:50:22.614+0000][68][gc,age      ] GC(48) - age   1:    2562592 bytes,    2562592 total
[2023-02-09T13:50:22.615+0000][68][gc,age      ] GC(48) - age   2:    1312768 bytes,    3875360 total
[2023-02-09T13:50:22.615+0000][68][gc,age      ] GC(48) - age   3:      66824 bytes,    3942184 total
[2023-02-09T13:50:22.615+0000][68][gc,heap     ] GC(48) Eden regions: 16->0(17)
[2023-02-09T13:50:22.616+0000][68][gc,heap     ] GC(48) Survivor regions: 2->1(3)
[2023-02-09T13:50:22.616+0000][68][gc,heap     ] GC(48) Old regions: 28->28
[2023-02-09T13:50:22.617+0000][68][gc,heap     ] GC(48) Archive regions: 2->2
[2023-02-09T13:50:22.617+0000][68][gc,heap     ] GC(48) Humongous regions: 2->2
[2023-02-09T13:50:22.618+0000][68][gc,metaspace] GC(48) Metaspace: 135463K(138880K)->135463K(138880K) NonClass: 117455K(119168K)->117455K(119168K) Class: 18007K(19712K)->18007K(19712K)
[2023-02-09T13:50:22.618+0000][68][gc          ] GC(48) Pause Young (Normal) (G1 Evacuation Pause) 189M->125M(256M) 15.990ms
[2023-02-09T13:50:22.619+0000][68][gc,cpu      ] GC(48) User=0.02s Sys=0.00s Real=0.02s
[2023-02-09T13:50:22.620+0000][68][safepoint   ] Safepoint "G1CollectForAllocation", Time since last: 624749711 ns, Reaching safepoint: 107293 ns, At safepoint: 18163226 ns, Total: 18270519 ns
[2023-02-09T13:50:23.627+0000][68][safepoint   ] Safepoint "Cleanup", Time since last: 1004912505 ns, Reaching safepoint: 2126297 ns, At safepoint: 74388 ns, Total: 2200685 ns
[2023-02-09T13:50:24.057+0000][68][safepoint   ] Safepoint "ICBufferFull", Time since last: 429812076 ns, Reaching safepoint: 223129 ns, At safepoint: 48961 ns, Total: 272090 ns
[2023-02-09T13:50:24.707+0000][68][gc,start    ] GC(49) Pause Young (Concurrent Start) (G1 Evacuation Pause)
[2023-02-09T13:50:24.708+0000][68][gc,task     ] GC(49) Using 4 workers of 4 for evacuation
[2023-02-09T13:50:24.709+0000][68][gc,age      ] GC(49) Desired survivor size 6291456 bytes, new threshold 15 (max threshold 15)
[2023-02-09T13:50:24.718+0000][68][gc,phases   ] GC(49)   Pre Evacuate Collection Set: 0.7ms
[2023-02-09T13:50:24.719+0000][68][gc,phases   ] GC(49)   Merge Heap Roots: 0.2ms
[2023-02-09T13:50:24.719+0000][68][gc,phases   ] GC(49)   Evacuate Collection Set: 5.8ms
[2023-02-09T13:50:24.720+0000][68][gc,phases   ] GC(49)   Post Evacuate Collection Set: 1.3ms
[2023-02-09T13:50:24.720+0000][68][gc,phases   ] GC(49)   Other: 2.0ms
[2023-02-09T13:50:24.721+0000][68][gc,age      ] GC(49) Age table with threshold 15 (max threshold 15)
[2023-02-09T13:50:24.722+0000][68][gc,age      ] GC(49) - age   1:    4205936 bytes,    4205936 total
[2023-02-09T13:50:24.722+0000][68][gc,age      ] GC(49) - age   2:    1167520 bytes,    5373456 total
[2023-02-09T13:50:24.723+0000][68][gc,age      ] GC(49) - age   3:    1302672 bytes,    6676128 total
[2023-02-09T13:50:24.723+0000][68][gc,age      ] GC(49) - age   4:      66792 bytes,    6742920 total
[2023-02-09T13:50:24.724+0000][68][gc,heap     ] GC(49) Eden regions: 17->0(16)
[2023-02-09T13:50:24.724+0000][68][gc,heap     ] GC(49) Survivor regions: 1->2(3)
[2023-02-09T13:50:24.725+0000][68][gc,heap     ] GC(49) Old regions: 28->28
[2023-02-09T13:50:24.725+0000][68][gc,heap     ] GC(49) Archive regions: 2->2
[2023-02-09T13:50:24.726+0000][68][gc,heap     ] GC(49) Humongous regions: 2->2
[2023-02-09T13:50:24.726+0000][68][gc,metaspace] GC(49) Metaspace: 136050K(139456K)->136050K(139456K) NonClass: 117973K(119680K)->117973K(119680K) Class: 18077K(19776K)->18077K(19776K)
[2023-02-09T13:50:24.727+0000][68][gc          ] GC(49) Pause Young (Concurrent Start) (G1 Evacuation Pause) 193M->127M(256M) 19.712ms
[2023-02-09T13:50:24.727+0000][68][gc,cpu      ] GC(49) User=0.02s Sys=0.00s Real=0.02s
[2023-02-09T13:50:24.728+0000][68][gc          ] GC(50) Concurrent Mark Cycle
[2023-02-09T13:50:24.729+0000][68][gc,marking  ] GC(50) Concurrent Clear Claimed Marks
[2023-02-09T13:50:24.728+0000][68][safepoint   ] Safepoint "G1CollectForAllocation", Time since last: 649057274 ns, Reaching safepoint: 739805 ns, At safepoint: 21000807 ns, Total: 21740612 ns
[2023-02-09T13:50:24.731+0000][68][gc,marking  ] GC(50) Concurrent Clear Claimed Marks 2.081ms
[2023-02-09T13:50:24.732+0000][68][gc,marking  ] GC(50) Concurrent Scan Root Regions
[2023-02-09T13:50:24.762+0000][68][gc,marking  ] GC(50) Concurrent Scan Root Regions 30.293ms
[2023-02-09T13:50:24.763+0000][68][gc,marking  ] GC(50) Concurrent Mark
[2023-02-09T13:50:24.765+0000][68][gc,marking  ] GC(50) Concurrent Mark From Roots
[2023-02-09T13:50:24.766+0000][68][gc,task     ] GC(50) Using 1 workers of 1 for marking
[2023-02-09T13:50:25.736+0000][68][safepoint   ] Safepoint "Cleanup", Time since last: 1004068795 ns, Reaching safepoint: 3424106 ns, At safepoint: 59595 ns, Total: 3483701 ns
[2023-02-09T13:50:25.776+0000][68][gc,marking  ] GC(50) Concurrent Mark From Roots 1010.852ms
[2023-02-09T13:50:25.777+0000][68][gc,marking  ] GC(50) Concurrent Preclean
[2023-02-09T13:50:25.778+0000][68][gc,marking  ] GC(50) Concurrent Preclean 1.523ms
[2023-02-09T13:50:25.779+0000][68][gc,start    ] GC(50) Pause Remark
[2023-02-09T13:50:25.798+0000][68][gc          ] GC(50) Pause Remark 168M->168M(256M) 18.917ms
[2023-02-09T13:50:25.799+0000][68][gc,cpu      ] GC(50) User=0.05s Sys=0.01s Real=0.02s
[2023-02-09T13:50:25.802+0000][68][safepoint   ] Safepoint "G1PauseRemark", Time since last: 43379316 ns, Reaching safepoint: 250900 ns, At safepoint: 22264918 ns, Total: 22515818 ns
[2023-02-09T13:50:25.803+0000][68][gc,marking  ] GC(50) Concurrent Mark 1039.884ms
[2023-02-09T13:50:25.808+0000][68][gc,marking  ] GC(50) Concurrent Rebuild Remembered Sets
[2023-02-09T13:50:26.084+0000][68][gc,start    ] GC(51) Pause Young (Normal) (G1 Evacuation Pause)
[2023-02-09T13:50:26.088+0000][68][gc,task     ] GC(51) Using 4 workers of 4 for evacuation
[2023-02-09T13:50:26.089+0000][68][gc,age      ] GC(51) Desired survivor size 6291456 bytes, new threshold 3 (max threshold 15)
[2023-02-09T13:50:26.101+0000][68][gc,phases   ] GC(51)   Pre Evacuate Collection Set: 0.3ms
[2023-02-09T13:50:26.102+0000][68][gc,phases   ] GC(51)   Merge Heap Roots: 0.1ms
[2023-02-09T13:50:26.103+0000][68][gc,phases   ] GC(51)   Evacuate Collection Set: 8.6ms
[2023-02-09T13:50:26.104+0000][68][gc,phases   ] GC(51)   Post Evacuate Collection Set: 1.5ms
[2023-02-09T13:50:26.105+0000][68][gc,phases   ] GC(51)   Other: 2.6ms
[2023-02-09T13:50:26.105+0000][68][gc,age      ] GC(51) Age table with threshold 3 (max threshold 15)
[2023-02-09T13:50:26.106+0000][68][gc,age      ] GC(51) - age   1:    2883152 bytes,    2883152 total
[2023-02-09T13:50:26.109+0000][68][gc,age      ] GC(51) - age   2:    1241488 bytes,    4124640 total
[2023-02-09T13:50:26.110+0000][68][gc,age      ] GC(51) - age   3:    1147432 bytes,    5272072 total
[2023-02-09T13:50:26.130+0000][68][gc,heap     ] GC(51) Eden regions: 16->0(17)
[2023-02-09T13:50:26.131+0000][68][gc,heap     ] GC(51) Survivor regions: 2->2(3)
[2023-02-09T13:50:26.133+0000][68][gc,heap     ] GC(51) Old regions: 28->28
[2023-02-09T13:50:26.134+0000][68][gc,heap     ] GC(51) Archive regions: 2->2
[2023-02-09T13:50:26.135+0000][68][gc,heap     ] GC(51) Humongous regions: 2->2
[2023-02-09T13:50:26.136+0000][68][gc,metaspace] GC(51) Metaspace: 136491K(139904K)->136491K(139904K) NonClass: 118362K(120064K)->118362K(120064K) Class: 18129K(19840K)->18129K(19840K)
[2023-02-09T13:50:26.137+0000][68][gc          ] GC(51) Pause Young (Normal) (G1 Evacuation Pause) 191M->128M(256M) 53.123ms
[2023-02-09T13:50:26.138+0000][68][gc,cpu      ] GC(51) User=0.07s Sys=0.01s Real=0.05s
[2023-02-09T13:50:26.139+0000][68][safepoint   ] Safepoint "G1CollectForAllocation", Time since last: 276850573 ns, Reaching safepoint: 5371632 ns, At safepoint: 55413127 ns, Total: 60784759 ns
[2023-02-09T13:50:26.227+0000][68][gc,marking  ] GC(50) Concurrent Rebuild Remembered Sets 419.356ms
[2023-02-09T13:50:26.230+0000][68][gc,start    ] GC(50) Pause Cleanup
[2023-02-09T13:50:26.233+0000][68][gc          ] GC(50) Pause Cleanup 129M->129M(256M) 3.068ms
[2023-02-09T13:50:26.234+0000][68][gc,cpu      ] GC(50) User=0.01s Sys=0.00s Real=0.01s
[2023-02-09T13:50:26.236+0000][68][safepoint   ] Safepoint "G1PauseCleanup", Time since last: 89082985 ns, Reaching safepoint: 1307118 ns, At safepoint: 6631704 ns, Total: 7938822 ns
[2023-02-09T13:50:26.239+0000][68][gc,marking  ] GC(50) Concurrent Cleanup for Next Mark
[2023-02-09T13:50:26.251+0000][68][gc,marking  ] GC(50) Concurrent Cleanup for Next Mark 11.359ms
[2023-02-09T13:50:26.252+0000][68][gc          ] GC(50) Concurrent Mark Cycle 1524.119ms
[2023-02-09T13:50:27.240+0000][68][safepoint   ] Safepoint "Cleanup", Time since last: 1003266205 ns, Reaching safepoint: 470841 ns, At safepoint: 49602 ns, Total: 520443 ns
[2023-02-09T13:50:27.926+0000][68][gc,start    ] GC(52) Pause Young (Prepare Mixed) (G1 Evacuation Pause)
[2023-02-09T13:50:27.927+0000][68][gc,task     ] GC(52) Using 4 workers of 4 for evacuation
[2023-02-09T13:50:27.928+0000][68][gc,age      ] GC(52) Desired survivor size 6291456 bytes, new threshold 15 (max threshold 15)
[2023-02-09T13:50:27.939+0000][68][gc,phases   ] GC(52)   Pre Evacuate Collection Set: 0.3ms
[2023-02-09T13:50:27.940+0000][68][gc,phases   ] GC(52)   Merge Heap Roots: 0.3ms
[2023-02-09T13:50:27.941+0000][68][gc,phases   ] GC(52)   Evacuate Collection Set: 6.8ms
[2023-02-09T13:50:27.943+0000][68][gc,phases   ] GC(52)   Post Evacuate Collection Set: 2.2ms
[2023-02-09T13:50:27.944+0000][68][gc,phases   ] GC(52)   Other: 2.0ms
[2023-02-09T13:50:27.945+0000][68][gc,age      ] GC(52) Age table with threshold 15 (max threshold 15)
[2023-02-09T13:50:27.946+0000][68][gc,age      ] GC(52) - age   1:    3197632 bytes,    3197632 total
[2023-02-09T13:50:27.947+0000][68][gc,age      ] GC(52) - age   2:     388072 bytes,    3585704 total
[2023-02-09T13:50:27.948+0000][68][gc,age      ] GC(52) - age   3:     551232 bytes,    4136936 total
[2023-02-09T13:50:27.949+0000][68][gc,age      ] GC(52) - age   4:     981208 bytes,    5118144 total
[2023-02-09T13:50:27.950+0000][68][gc,heap     ] GC(52) Eden regions: 17->0(1)
[2023-02-09T13:50:27.952+0000][68][gc,heap     ] GC(52) Survivor regions: 2->2(3)
[2023-02-09T13:50:27.953+0000][68][gc,heap     ] GC(52) Old regions: 28->28
[2023-02-09T13:50:27.954+0000][68][gc,heap     ] GC(52) Archive regions: 2->2
[2023-02-09T13:50:27.955+0000][68][gc,heap     ] GC(52) Humongous regions: 2->2
[2023-02-09T13:50:27.955+0000][68][gc,metaspace] GC(52) Metaspace: 137490K(140928K)->137490K(140928K) NonClass: 119248K(120960K)->119248K(120960K) Class: 18242K(19968K)->18242K(19968K)
[2023-02-09T13:50:27.956+0000][68][gc          ] GC(52) Pause Young (Prepare Mixed) (G1 Evacuation Pause) 196M->127M(256M) 29.898ms
[2023-02-09T13:50:27.957+0000][68][gc,cpu      ] GC(52) User=0.03s Sys=0.00s Real=0.03s
[2023-02-09T13:50:27.958+0000][68][safepoint   ] Safepoint "G1CollectForAllocation", Time since last: 685063104 ns, Reaching safepoint: 1004826 ns, At safepoint: 31579203 ns, Total: 32584029 ns
[2023-02-09T13:50:28.012+0000][68][gc,start    ] GC(53) Pause Young (Mixed) (G1 Evacuation Pause)
[2023-02-09T13:50:28.013+0000][68][gc,task     ] GC(53) Using 4 workers of 4 for evacuation
[2023-02-09T13:50:28.014+0000][68][gc,age      ] GC(53) Desired survivor size 2097152 bytes, new threshold 1 (max threshold 15)
[2023-02-09T13:50:28.021+0000][68][gc,phases   ] GC(53)   Pre Evacuate Collection Set: 0.2ms
[2023-02-09T13:50:28.022+0000][68][gc,phases   ] GC(53)   Merge Heap Roots: 0.2ms
[2023-02-09T13:50:28.023+0000][68][gc,phases   ] GC(53)   Evacuate Collection Set: 5.4ms
[2023-02-09T13:50:28.024+0000][68][gc,phases   ] GC(53)   Post Evacuate Collection Set: 1.0ms
[2023-02-09T13:50:28.024+0000][68][gc,phases   ] GC(53)   Other: 1.7ms
[2023-02-09T13:50:28.026+0000][68][gc,age      ] GC(53) Age table with threshold 1 (max threshold 15)
[2023-02-09T13:50:28.027+0000][68][gc,age      ] GC(53) - age   1:     269472 bytes,     269472 total
[2023-02-09T13:50:28.027+0000][68][gc,heap     ] GC(53) Eden regions: 1->0(18)
[2023-02-09T13:50:28.029+0000][68][gc,heap     ] GC(53) Survivor regions: 2->1(1)
[2023-02-09T13:50:28.029+0000][68][gc,heap     ] GC(53) Old regions: 28->28
[2023-02-09T13:50:28.030+0000][68][gc,heap     ] GC(53) Archive regions: 2->2
[2023-02-09T13:50:28.034+0000][68][gc,heap     ] GC(53) Humongous regions: 2->2
[2023-02-09T13:50:28.034+0000][68][gc,metaspace] GC(53) Metaspace: 137560K(140992K)->137560K(140992K) NonClass: 119310K(121024K)->119310K(121024K) Class: 18250K(19968K)->18250K(19968K)
[2023-02-09T13:50:28.036+0000][68][gc          ] GC(53) Pause Young (Mixed) (G1 Evacuation Pause) 131M->124M(256M) 23.700ms
[2023-02-09T13:50:28.037+0000][68][gc,cpu      ] GC(53) User=0.04s Sys=0.00s Real=0.03s
[2023-02-09T13:50:28.038+0000][68][safepoint   ] Safepoint "G1CollectForAllocation", Time since last: 53679160 ns, Reaching safepoint: 342142 ns, At safepoint: 25764712 ns, Total: 26106854 ns
[2023-02-09T13:50:29.322+0000][68][safepoint   ] Safepoint "Cleanup", Time since last: 1284191570 ns, Reaching safepoint: 212261 ns, At safepoint: 26994 ns, Total: 239255 ns
[2023-02-09T13:50:30.338+0000][68][safepoint   ] Safepoint "Cleanup", Time since last: 1014966580 ns, Reaching safepoint: 553241 ns, At safepoint: 19711 ns, Total: 572952 ns
[2023-02-09T13:50:31.381+0000][68][safepoint   ] Safepoint "Cleanup", Time since last: 1042024033 ns, Reaching safepoint: 895999 ns, At safepoint: 41291 ns, Total: 937290 ns
[2023-02-09T13:50:32.379+0000][68][gc,start    ] GC(54) Pause Young (Normal) (G1 Evacuation Pause)
[2023-02-09T13:50:32.384+0000][68][gc,task     ] GC(54) Using 4 workers of 4 for evacuation
[2023-02-09T13:50:32.386+0000][68][gc,age      ] GC(54) Desired survivor size 6291456 bytes, new threshold 15 (max threshold 15)
[2023-02-09T13:50:32.392+0000][68][gc,phases   ] GC(54)   Pre Evacuate Collection Set: 0.1ms
[2023-02-09T13:50:32.393+0000][68][gc,phases   ] GC(54)   Merge Heap Roots: 0.1ms
[2023-02-09T13:50:32.394+0000][68][gc,phases   ] GC(54)   Evacuate Collection Set: 2.8ms
[2023-02-09T13:50:32.395+0000][68][gc,phases   ] GC(54)   Post Evacuate Collection Set: 1.6ms
[2023-02-09T13:50:32.396+0000][68][gc,phases   ] GC(54)   Other: 3.7ms
[2023-02-09T13:50:32.398+0000][68][gc,age      ] GC(54) Age table with threshold 15 (max threshold 15)
[2023-02-09T13:50:32.399+0000][68][gc,age      ] GC(54) - age   1:    2158920 bytes,    2158920 total
[2023-02-09T13:50:32.400+0000][68][gc,age      ] GC(54) - age   2:     143208 bytes,    2302128 total
[2023-02-09T13:50:32.401+0000][68][gc,heap     ] GC(54) Eden regions: 18->0(18)
[2023-02-09T13:50:32.402+0000][68][gc,heap     ] GC(54) Survivor regions: 1->1(3)
[2023-02-09T13:50:32.402+0000][68][gc,heap     ] GC(54) Old regions: 28->28
[2023-02-09T13:50:32.403+0000][68][gc,heap     ] GC(54) Archive regions: 2->2
[2023-02-09T13:50:32.404+0000][68][gc,heap     ] GC(54) Humongous regions: 2->2
[2023-02-09T13:50:32.405+0000][68][gc,metaspace] GC(54) Metaspace: 138186K(141696K)->138186K(141696K) NonClass: 119888K(121664K)->119888K(121664K) Class: 18298K(20032K)->18298K(20032K)
[2023-02-09T13:50:32.406+0000][68][gc          ] GC(54) Pause Young (Normal) (G1 Evacuation Pause) 196M->126M(256M) 26.851ms
[2023-02-09T13:50:32.407+0000][68][gc,cpu      ] GC(54) User=0.02s Sys=0.01s Real=0.03s
[2023-02-09T13:50:32.409+0000][68][safepoint   ] Safepoint "G1CollectForAllocation", Time since last: 998517504 ns, Reaching safepoint: 250464 ns, At safepoint: 29390870 ns, Total: 29641334 ns
[2023-02-09T13:50:33.413+0000][68][safepoint   ] Safepoint "Cleanup", Time since last: 1004176793 ns, Reaching safepoint: 491643 ns, At safepoint: 68398 ns, Total: 560041 ns
[2023-02-09T13:50:35.227+0000][68][safepoint   ] Safepoint "Cleanup", Time since last: 1811074615 ns, Reaching safepoint: 615953 ns, At safepoint: 1528144 ns, Total: 2144097 ns
[2023-02-09T13:50:35.694+0000][68][gc,start    ] GC(55) Pause Young (Normal) (G1 Evacuation Pause)
[2023-02-09T13:50:35.695+0000][68][gc,task     ] GC(55) Using 4 workers of 4 for evacuation
[2023-02-09T13:50:35.695+0000][68][gc,age      ] GC(55) Desired survivor size 6291456 bytes, new threshold 15 (max threshold 15)
[2023-02-09T13:50:35.701+0000][68][gc,phases   ] GC(55)   Pre Evacuate Collection Set: 0.2ms
[2023-02-09T13:50:35.702+0000][68][gc,phases   ] GC(55)   Merge Heap Roots: 0.3ms
[2023-02-09T13:50:35.704+0000][68][gc,phases   ] GC(55)   Evacuate Collection Set: 2.5ms
[2023-02-09T13:50:35.705+0000][68][gc,phases   ] GC(55)   Post Evacuate Collection Set: 0.9ms
[2023-02-09T13:50:35.706+0000][68][gc,phases   ] GC(55)   Other: 2.5ms
[2023-02-09T13:50:35.706+0000][68][gc,age      ] GC(55) Age table with threshold 15 (max threshold 15)
[2023-02-09T13:50:35.707+0000][68][gc,age      ] GC(55) - age   1:    1701896 bytes,    1701896 total
[2023-02-09T13:50:35.708+0000][68][gc,age      ] GC(55) - age   2:    1050200 bytes,    2752096 total
[2023-02-09T13:50:35.708+0000][68][gc,age      ] GC(55) - age   3:     143176 bytes,    2895272 total
[2023-02-09T13:50:35.709+0000][68][gc,heap     ] GC(55) Eden regions: 18->0(18)
[2023-02-09T13:50:35.710+0000][68][gc,heap     ] GC(55) Survivor regions: 1->1(3)
[2023-02-09T13:50:35.711+0000][68][gc,heap     ] GC(55) Old regions: 28->28
[2023-02-09T13:50:35.711+0000][68][gc,heap     ] GC(55) Archive regions: 2->2
[2023-02-09T13:50:35.712+0000][68][gc,heap     ] GC(55) Humongous regions: 2->2
[2023-02-09T13:50:35.712+0000][68][gc,metaspace] GC(55) Metaspace: 138406K(141888K)->138406K(141888K) NonClass: 120104K(121856K)->120104K(121856K) Class: 18301K(20032K)->18301K(20032K)
[2023-02-09T13:50:35.713+0000][68][gc          ] GC(55) Pause Young (Normal) (G1 Evacuation Pause) 198M->126M(256M) 19.056ms
[2023-02-09T13:50:35.714+0000][68][gc,cpu      ] GC(55) User=0.02s Sys=0.00s Real=0.02s
[2023-02-09T13:50:35.715+0000][68][safepoint   ] Safepoint "G1CollectForAllocation", Time since last: 466699128 ns, Reaching safepoint: 485447 ns, At safepoint: 20748254 ns, Total: 21233701 ns
[2023-02-09T13:50:36.716+0000][68][safepoint   ] Safepoint "Cleanup", Time since last: 1000843944 ns, Reaching safepoint: 311015 ns, At safepoint: 5132 ns, Total: 316147 ns
[2023-02-09T13:50:37.717+0000][68][safepoint   ] Safepoint "Cleanup", Time since last: 1001025964 ns, Reaching safepoint: 412170 ns, At safepoint: 151816 ns, Total: 563986 ns
[2023-02-09T13:50:37.986+0000][68][gc,start    ] GC(56) Pause Young (Concurrent Start) (G1 Evacuation Pause)
[2023-02-09T13:50:37.988+0000][68][gc,task     ] GC(56) Using 4 workers of 4 for evacuation
[2023-02-09T13:50:37.990+0000][68][gc,age      ] GC(56) Desired survivor size 6291456 bytes, new threshold 15 (max threshold 15)
[2023-02-09T13:50:38.001+0000][68][gc,phases   ] GC(56)   Pre Evacuate Collection Set: 1.0ms
[2023-02-09T13:50:38.002+0000][68][gc,phases   ] GC(56)   Merge Heap Roots: 0.2ms
[2023-02-09T13:50:38.004+0000][68][gc,phases   ] GC(56)   Evacuate Collection Set: 7.6ms
[2023-02-09T13:50:38.005+0000][68][gc,phases   ] GC(56)   Post Evacuate Collection Set: 1.6ms
[2023-02-09T13:50:38.007+0000][68][gc,phases   ] GC(56)   Other: 2.9ms
[2023-02-09T13:50:38.008+0000][68][gc,age      ] GC(56) Age table with threshold 15 (max threshold 15)
[2023-02-09T13:50:38.009+0000][68][gc,age      ] GC(56) - age   1:    6397160 bytes,    6397160 total
[2023-02-09T13:50:38.011+0000][68][gc,age      ] GC(56) - age   2:     795424 bytes,    7192584 total
[2023-02-09T13:50:38.012+0000][68][gc,age      ] GC(56) - age   3:     810448 bytes,    8003032 total
[2023-02-09T13:50:38.013+0000][68][gc,age      ] GC(56) - age   4:     143144 bytes,    8146176 total
[2023-02-09T13:50:38.014+0000][68][gc,heap     ] GC(56) Eden regions: 18->0(16)
[2023-02-09T13:50:38.015+0000][68][gc,heap     ] GC(56) Survivor regions: 1->2(3)
[2023-02-09T13:50:38.016+0000][68][gc,heap     ] GC(56) Old regions: 28->28
[2023-02-09T13:50:38.017+0000][68][gc,heap     ] GC(56) Archive regions: 2->2
[2023-02-09T13:50:38.018+0000][68][gc,heap     ] GC(56) Humongous regions: 2->2
[2023-02-09T13:50:38.018+0000][68][gc,metaspace] GC(56) Metaspace: 138548K(142016K)->138548K(142016K) NonClass: 120243K(121984K)->120243K(121984K) Class: 18305K(20032K)->18305K(20032K)
[2023-02-09T13:50:38.019+0000][68][gc          ] GC(56) Pause Young (Concurrent Start) (G1 Evacuation Pause) 198M->131M(256M) 32.875ms
[2023-02-09T13:50:38.020+0000][68][gc,cpu      ] GC(56) User=0.05s Sys=0.00s Real=0.03s
[2023-02-09T13:50:38.020+0000][68][gc          ] GC(57) Concurrent Mark Cycle
[2023-02-09T13:50:38.022+0000][68][gc,marking  ] GC(57) Concurrent Clear Claimed Marks
[2023-02-09T13:50:38.022+0000][68][safepoint   ] Safepoint "G1CollectForAllocation", Time since last: 267504955 ns, Reaching safepoint: 1329757 ns, At safepoint: 36005630 ns, Total: 37335387 ns
[2023-02-09T13:50:38.024+0000][68][gc,marking  ] GC(57) Concurrent Clear Claimed Marks 2.268ms
[2023-02-09T13:50:38.025+0000][68][gc,marking  ] GC(57) Concurrent Scan Root Regions
[2023-02-09T13:50:38.047+0000][68][gc,marking  ] GC(57) Concurrent Scan Root Regions 21.156ms
[2023-02-09T13:50:38.048+0000][68][gc,marking  ] GC(57) Concurrent Mark
[2023-02-09T13:50:38.050+0000][68][gc,marking  ] GC(57) Concurrent Mark From Roots
[2023-02-09T13:50:38.052+0000][68][gc,task     ] GC(57) Using 1 workers of 1 for marking
[2023-02-09T13:50:38.409+0000][68][gc,marking  ] GC(57) Concurrent Mark From Roots 359.243ms
[2023-02-09T13:50:38.410+0000][68][gc,marking  ] GC(57) Concurrent Preclean
[2023-02-09T13:50:38.412+0000][68][gc,marking  ] GC(57) Concurrent Preclean 1.423ms
[2023-02-09T13:50:38.413+0000][68][gc,start    ] GC(57) Pause Remark
[2023-02-09T13:50:38.438+0000][68][gc          ] GC(57) Pause Remark 142M->142M(256M) 25.093ms
[2023-02-09T13:50:38.439+0000][68][gc,cpu      ] GC(57) User=0.05s Sys=0.00s Real=0.02s
[2023-02-09T13:50:38.441+0000][68][safepoint   ] Safepoint "G1PauseRemark", Time since last: 390304433 ns, Reaching safepoint: 221824 ns, At safepoint: 28009317 ns, Total: 28231141 ns
[2023-02-09T13:50:38.442+0000][68][gc,marking  ] GC(57) Concurrent Mark 393.385ms
[2023-02-09T13:50:38.443+0000][68][gc,marking  ] GC(57) Concurrent Rebuild Remembered Sets
[2023-02-09T13:50:38.528+0000][68][gc,marking  ] GC(57) Concurrent Rebuild Remembered Sets 84.796ms
[2023-02-09T13:50:38.529+0000][68][gc,start    ] GC(57) Pause Cleanup
[2023-02-09T13:50:38.530+0000][68][gc          ] GC(57) Pause Cleanup 143M->143M(256M) 0.820ms
[2023-02-09T13:50:38.531+0000][68][gc,cpu      ] GC(57) User=0.00s Sys=0.00s Real=0.00s
[2023-02-09T13:50:38.531+0000][68][safepoint   ] Safepoint "G1PauseCleanup", Time since last: 88427318 ns, Reaching safepoint: 81781 ns, At safepoint: 2111670 ns, Total: 2193451 ns
[2023-02-09T13:50:38.532+0000][68][gc,marking  ] GC(57) Concurrent Cleanup for Next Mark
[2023-02-09T13:50:38.533+0000][68][gc,marking  ] GC(57) Concurrent Cleanup for Next Mark 0.691ms
[2023-02-09T13:50:38.533+0000][68][gc          ] GC(57) Concurrent Mark Cycle 513.020ms
[2023-02-09T13:50:39.533+0000][68][safepoint   ] Safepoint "Cleanup", Time since last: 1000763439 ns, Reaching safepoint: 583364 ns, At safepoint: 50974 ns, Total: 634338 ns
[2023-02-09T13:50:40.534+0000][68][safepoint   ] Safepoint "Cleanup", Time since last: 1000862638 ns, Reaching safepoint: 687353 ns, At safepoint: 19120 ns, Total: 706473 ns
[2023-02-09T13:50:41.536+0000][68][safepoint   ] Safepoint "Cleanup", Time since last: 1001201136 ns, Reaching safepoint: 328976 ns, At safepoint: 70331 ns, Total: 399307 ns
[2023-02-09T13:50:42.540+0000][68][safepoint   ] Safepoint "Cleanup", Time since last: 1003659989 ns, Reaching safepoint: 72307 ns, At safepoint: 26302 ns, Total: 98609 ns
[2023-02-09T13:50:42.837+0000][68][gc,start    ] GC(58) Pause Young (Prepare Mixed) (G1 Evacuation Pause)
[2023-02-09T13:50:42.838+0000][68][gc,task     ] GC(58) Using 4 workers of 4 for evacuation
[2023-02-09T13:50:42.838+0000][68][gc,age      ] GC(58) Desired survivor size 6291456 bytes, new threshold 1 (max threshold 15)
[2023-02-09T13:50:42.845+0000][68][gc,phases   ] GC(58)   Pre Evacuate Collection Set: 0.1ms
[2023-02-09T13:50:42.846+0000][68][gc,phases   ] GC(58)   Merge Heap Roots: 0.2ms
[2023-02-09T13:50:42.848+0000][68][gc,phases   ] GC(58)   Evacuate Collection Set: 5.2ms
[2023-02-09T13:50:42.849+0000][68][gc,phases   ] GC(58)   Post Evacuate Collection Set: 1.1ms
[2023-02-09T13:50:42.851+0000][68][gc,phases   ] GC(58)   Other: 1.1ms
[2023-02-09T13:50:42.852+0000][68][gc,age      ] GC(58) Age table with threshold 1 (max threshold 15)
[2023-02-09T13:50:42.853+0000][68][gc,age      ] GC(58) - age   1:    3705016 bytes,    3705016 total
[2023-02-09T13:50:42.854+0000][68][gc,heap     ] GC(58) Eden regions: 16->0(1)
[2023-02-09T13:50:42.855+0000][68][gc,heap     ] GC(58) Survivor regions: 2->2(3)
[2023-02-09T13:50:42.856+0000][68][gc,heap     ] GC(58) Old regions: 28->30
[2023-02-09T13:50:42.857+0000][68][gc,heap     ] GC(58) Archive regions: 2->2
[2023-02-09T13:50:42.858+0000][68][gc,heap     ] GC(58) Humongous regions: 2->2
[2023-02-09T13:50:42.859+0000][68][gc,metaspace] GC(58) Metaspace: 136725K(142144K)->136725K(142144K) NonClass: 118899K(122112K)->118899K(122112K) Class: 17826K(20032K)->17826K(20032K)
[2023-02-09T13:50:42.860+0000][68][gc          ] GC(58) Pause Young (Prepare Mixed) (G1 Evacuation Pause) 195M->134M(256M) 22.859ms
[2023-02-09T13:50:42.861+0000][68][gc,cpu      ] GC(58) User=0.02s Sys=0.00s Real=0.02s
[2023-02-09T13:50:42.862+0000][68][safepoint   ] Safepoint "G1CollectForAllocation", Time since last: 297184101 ns, Reaching safepoint: 133877 ns, At safepoint: 25170474 ns, Total: 25304351 ns
[2023-02-09T13:50:43.337+0000][68][gc,start    ] GC(59) Pause Young (Mixed) (G1 Evacuation Pause)
[2023-02-09T13:50:43.338+0000][68][gc,task     ] GC(59) Using 4 workers of 4 for evacuation
[2023-02-09T13:50:43.338+0000][68][gc,age      ] GC(59) Desired survivor size 2097152 bytes, new threshold 1 (max threshold 15)
[2023-02-09T13:50:43.343+0000][68][gc,phases   ] GC(59)   Pre Evacuate Collection Set: 0.1ms
[2023-02-09T13:50:43.344+0000][68][gc,phases   ] GC(59)   Merge Heap Roots: 0.1ms
[2023-02-09T13:50:43.345+0000][68][gc,phases   ] GC(59)   Evacuate Collection Set: 2.5ms
[2023-02-09T13:50:43.346+0000][68][gc,phases   ] GC(59)   Post Evacuate Collection Set: 1.3ms
[2023-02-09T13:50:43.347+0000][68][gc,phases   ] GC(59)   Other: 1.0ms
[2023-02-09T13:50:43.348+0000][68][gc,age      ] GC(59) Age table with threshold 1 (max threshold 15)
[2023-02-09T13:50:43.349+0000][68][gc,age      ] GC(59) - age   1:     684816 bytes,     684816 total
[2023-02-09T13:50:43.350+0000][68][gc,heap     ] GC(59) Eden regions: 1->0(15)
[2023-02-09T13:50:43.351+0000][68][gc,heap     ] GC(59) Survivor regions: 2->1(1)
[2023-02-09T13:50:43.352+0000][68][gc,heap     ] GC(59) Old regions: 30->30
[2023-02-09T13:50:43.353+0000][68][gc,heap     ] GC(59) Archive regions: 2->2
[2023-02-09T13:50:43.354+0000][68][gc,heap     ] GC(59) Humongous regions: 2->2
[2023-02-09T13:50:43.354+0000][68][gc,metaspace] GC(59) Metaspace: 136735K(142144K)->136735K(142144K) NonClass: 118909K(122112K)->118909K(122112K) Class: 17826K(20032K)->17826K(20032K)
[2023-02-09T13:50:43.355+0000][68][gc          ] GC(59) Pause Young (Mixed) (G1 Evacuation Pause) 138M->131M(256M) 17.782ms
[2023-02-09T13:50:43.356+0000][68][gc,cpu      ] GC(59) User=0.02s Sys=0.01s Real=0.02s
[2023-02-09T13:50:43.356+0000][68][safepoint   ] Safepoint "G1CollectForAllocation", Time since last: 475036683 ns, Reaching safepoint: 90401 ns, At safepoint: 19213580 ns, Total: 19303981 ns
[2023-02-09T13:50:44.358+0000][68][safepoint   ] Safepoint "Cleanup", Time since last: 1000944499 ns, Reaching safepoint: 254998 ns, At safepoint: 5512 ns, Total: 260510 ns
[2023-02-09T13:50:45.359+0000][68][safepoint   ] Safepoint "Cleanup", Time since last: 1001259718 ns, Reaching safepoint: 397063 ns, At safepoint: 15003 ns, Total: 412066 ns
[2023-02-09T13:50:46.361+0000][68][safepoint   ] Safepoint "Cleanup", Time since last: 1001233227 ns, Reaching safepoint: 318341 ns, At safepoint: 7300 ns, Total: 325641 ns
[2023-02-09T13:50:47.362+0000][68][safepoint   ] Safepoint "Cleanup", Time since last: 1000864544 ns, Reaching safepoint: 177374 ns, At safepoint: 7805 ns, Total: 185179 ns
[2023-02-09T13:50:48.363+0000][68][safepoint   ] Safepoint "Cleanup", Time since last: 1000576446 ns, Reaching safepoint: 193940 ns, At safepoint: 6595 ns, Total: 200535 ns
[2023-02-09T13:50:48.822+0000][68][gc,start    ] GC(60) Pause Young (Normal) (G1 Evacuation Pause)
[2023-02-09T13:50:48.823+0000][68][gc,task     ] GC(60) Using 4 workers of 4 for evacuation
[2023-02-09T13:50:48.823+0000][68][gc,age      ] GC(60) Desired survivor size 4194304 bytes, new threshold 15 (max threshold 15)
[2023-02-09T13:50:48.826+0000][68][gc,phases   ] GC(60)   Pre Evacuate Collection Set: 0.1ms
[2023-02-09T13:50:48.826+0000][68][gc,phases   ] GC(60)   Merge Heap Roots: 0.1ms
[2023-02-09T13:50:48.827+0000][68][gc,phases   ] GC(60)   Evacuate Collection Set: 1.0ms
[2023-02-09T13:50:48.828+0000][68][gc,phases   ] GC(60)   Post Evacuate Collection Set: 0.8ms
[2023-02-09T13:50:48.828+0000][68][gc,phases   ] GC(60)   Other: 1.0ms
[2023-02-09T13:50:48.829+0000][68][gc,age      ] GC(60) Age table with threshold 15 (max threshold 15)
[2023-02-09T13:50:48.830+0000][68][gc,age      ] GC(60) - age   1:    1226280 bytes,    1226280 total
[2023-02-09T13:50:48.830+0000][68][gc,age      ] GC(60) - age   2:       3352 bytes,    1229632 total
[2023-02-09T13:50:48.831+0000][68][gc,heap     ] GC(60) Eden regions: 15->0(16)
[2023-02-09T13:50:48.832+0000][68][gc,heap     ] GC(60) Survivor regions: 1->1(2)
[2023-02-09T13:50:48.833+0000][68][gc,heap     ] GC(60) Old regions: 30->30
[2023-02-09T13:50:48.834+0000][68][gc,heap     ] GC(60) Archive regions: 2->2
[2023-02-09T13:50:48.834+0000][68][gc,heap     ] GC(60) Humongous regions: 2->2
[2023-02-09T13:50:48.835+0000][68][gc,metaspace] GC(60) Metaspace: 136859K(142144K)->136859K(142144K) NonClass: 119032K(122112K)->119032K(122112K) Class: 17826K(20032K)->17826K(20032K)
[2023-02-09T13:50:48.835+0000][68][gc          ] GC(60) Pause Young (Normal) (G1 Evacuation Pause) 191M->131M(256M) 13.215ms
[2023-02-09T13:50:48.836+0000][68][gc,cpu      ] GC(60) User=0.00s Sys=0.00s Real=0.02s
[2023-02-09T13:50:48.836+0000][68][safepoint   ] Safepoint "G1CollectForAllocation", Time since last: 459253259 ns, Reaching safepoint: 117637 ns, At safepoint: 14192223 ns, Total: 14309860 ns
[2023-02-09T13:50:49.837+0000][68][safepoint   ] Safepoint "Cleanup", Time since last: 1000612178 ns, Reaching safepoint: 95739 ns, At safepoint: 3585 ns, Total: 99324 ns
[2023-02-09T13:50:50.838+0000][68][safepoint   ] Safepoint "Cleanup", Time since last: 1000881960 ns, Reaching safepoint: 450247 ns, At safepoint: 81439 ns, Total: 531686 ns
[2023-02-09T13:50:51.935+0000][68][gc,start    ] GC(61) Pause Young (Normal) (G1 Evacuation Pause)
[2023-02-09T13:50:51.937+0000][68][gc,task     ] GC(61) Using 4 workers of 4 for evacuation
[2023-02-09T13:50:51.938+0000][68][gc,age      ] GC(61) Desired survivor size 6291456 bytes, new threshold 15 (max threshold 15)
[2023-02-09T13:50:51.943+0000][68][gc,phases   ] GC(61)   Pre Evacuate Collection Set: 0.2ms
[2023-02-09T13:50:51.944+0000][68][gc,phases   ] GC(61)   Merge Heap Roots: 0.1ms
[2023-02-09T13:50:51.945+0000][68][gc,phases   ] GC(61)   Evacuate Collection Set: 2.8ms
[2023-02-09T13:50:51.947+0000][68][gc,phases   ] GC(61)   Post Evacuate Collection Set: 1.1ms
[2023-02-09T13:50:51.947+0000][68][gc,phases   ] GC(61)   Other: 2.6ms
[2023-02-09T13:50:51.948+0000][68][gc,age      ] GC(61) Age table with threshold 15 (max threshold 15)
[2023-02-09T13:50:51.950+0000][68][gc,age      ] GC(61) - age   1:    2752848 bytes,    2752848 total
[2023-02-09T13:50:51.951+0000][68][gc,age      ] GC(61) - age   2:     175064 bytes,    2927912 total
[2023-02-09T13:50:51.952+0000][68][gc,age      ] GC(61) - age   3:       3208 bytes,    2931120 total
[2023-02-09T13:50:51.953+0000][68][gc,heap     ] GC(61) Eden regions: 16->0(16)
[2023-02-09T13:50:51.953+0000][68][gc,heap     ] GC(61) Survivor regions: 1->1(3)
[2023-02-09T13:50:51.954+0000][68][gc,heap     ] GC(61) Old regions: 30->30
[2023-02-09T13:50:51.955+0000][68][gc,heap     ] GC(61) Archive regions: 2->2
[2023-02-09T13:50:51.955+0000][68][gc,heap     ] GC(61) Humongous regions: 2->2
[2023-02-09T13:50:51.956+0000][68][gc,metaspace] GC(61) Metaspace: 137033K(142144K)->137033K(142144K) NonClass: 119201K(122112K)->119201K(122112K) Class: 17831K(20032K)->17831K(20032K)
[2023-02-09T13:50:51.957+0000][68][gc          ] GC(61) Pause Young (Normal) (G1 Evacuation Pause) 195M->132M(256M) 21.810ms
[2023-02-09T13:50:51.957+0000][68][gc,cpu      ] GC(61) User=0.01s Sys=0.00s Real=0.02s
[2023-02-09T13:50:51.958+0000][68][safepoint   ] Safepoint "G1CollectForAllocation", Time since last: 1117391496 ns, Reaching safepoint: 671571 ns, At safepoint: 22794034 ns, Total: 23465605 ns
[2023-02-09T13:50:52.963+0000][68][safepoint   ] Safepoint "Cleanup", Time since last: 1001149195 ns, Reaching safepoint: 3647245 ns, At safepoint: 96094 ns, Total: 3743339 ns
[2023-02-09T13:50:54.145+0000][68][safepoint   ] Safepoint "Cleanup", Time since last: 1182258105 ns, Reaching safepoint: 325901 ns, At safepoint: 19682 ns, Total: 345583 ns
[2023-02-09T13:50:55.147+0000][68][safepoint   ] Safepoint "Cleanup", Time since last: 1001075985 ns, Reaching safepoint: 199007 ns, At safepoint: 37883 ns, Total: 236890 ns
[2023-02-09T13:50:56.112+0000][68][gc,start    ] GC(62) Pause Young (Concurrent Start) (G1 Evacuation Pause)
[2023-02-09T13:50:56.116+0000][68][gc,task     ] GC(62) Using 4 workers of 4 for evacuation
[2023-02-09T13:50:56.119+0000][68][gc,age      ] GC(62) Desired survivor size 6291456 bytes, new threshold 15 (max threshold 15)
[2023-02-09T13:50:56.127+0000][68][gc,phases   ] GC(62)   Pre Evacuate Collection Set: 0.4ms
[2023-02-09T13:50:56.130+0000][68][gc,phases   ] GC(62)   Merge Heap Roots: 0.1ms
[2023-02-09T13:50:56.133+0000][68][gc,phases   ] GC(62)   Evacuate Collection Set: 4.4ms
[2023-02-09T13:50:56.134+0000][68][gc,phases   ] GC(62)   Post Evacuate Collection Set: 1.9ms
[2023-02-09T13:50:56.136+0000][68][gc,phases   ] GC(62)   Other: 3.8ms
[2023-02-09T13:50:56.138+0000][68][gc,age      ] GC(62) Age table with threshold 15 (max threshold 15)
[2023-02-09T13:50:56.139+0000][68][gc,age      ] GC(62) - age   1:    3992496 bytes,    3992496 total
[2023-02-09T13:50:56.141+0000][68][gc,age      ] GC(62) - age   2:     554456 bytes,    4546952 total
[2023-02-09T13:50:56.142+0000][68][gc,age      ] GC(62) - age   3:     111336 bytes,    4658288 total
[2023-02-09T13:50:56.145+0000][68][gc,age      ] GC(62) - age   4:       3208 bytes,    4661496 total
[2023-02-09T13:50:56.147+0000][68][gc,heap     ] GC(62) Eden regions: 16->0(15)
[2023-02-09T13:50:56.149+0000][68][gc,heap     ] GC(62) Survivor regions: 1->2(3)
[2023-02-09T13:50:56.150+0000][68][gc,heap     ] GC(62) Old regions: 30->30
[2023-02-09T13:50:56.151+0000][68][gc,heap     ] GC(62) Archive regions: 2->2
[2023-02-09T13:50:56.152+0000][68][gc,heap     ] GC(62) Humongous regions: 2->2
[2023-02-09T13:50:56.153+0000][68][gc,metaspace] GC(62) Metaspace: 137257K(142144K)->137257K(142144K) NonClass: 119405K(122112K)->119405K(122112K) Class: 17852K(20032K)->17852K(20032K)
[2023-02-09T13:50:56.154+0000][68][gc          ] GC(62) Pause Young (Concurrent Start) (G1 Evacuation Pause) 196M->134M(256M) 42.028ms
[2023-02-09T13:50:56.154+0000][68][gc          ] GC(63) Concurrent Mark Cycle
[2023-02-09T13:50:56.155+0000][68][gc,marking  ] GC(63) Concurrent Clear Claimed Marks
[2023-02-09T13:50:56.155+0000][68][gc,cpu      ] GC(62) User=0.01s Sys=0.00s Real=0.04s
[2023-02-09T13:50:56.157+0000][68][gc,marking  ] GC(63) Concurrent Clear Claimed Marks 2.040ms
[2023-02-09T13:50:56.159+0000][68][gc,marking  ] GC(63) Concurrent Scan Root Regions
[2023-02-09T13:50:56.158+0000][68][safepoint   ] Safepoint "G1CollectForAllocation", Time since last: 964964232 ns, Reaching safepoint: 189213 ns, At safepoint: 46403262 ns, Total: 46592475 ns
[2023-02-09T13:50:56.167+0000][68][gc,marking  ] GC(63) Concurrent Scan Root Regions 7.697ms
[2023-02-09T13:50:56.167+0000][68][gc,marking  ] GC(63) Concurrent Mark
[2023-02-09T13:50:56.168+0000][68][gc,marking  ] GC(63) Concurrent Mark From Roots
[2023-02-09T13:50:56.169+0000][68][gc,task     ] GC(63) Using 1 workers of 1 for marking
[2023-02-09T13:50:56.436+0000][68][gc,marking  ] GC(63) Concurrent Mark From Roots 267.663ms
[2023-02-09T13:50:56.440+0000][68][gc,marking  ] GC(63) Concurrent Preclean
[2023-02-09T13:50:56.444+0000][68][gc,marking  ] GC(63) Concurrent Preclean 3.713ms
[2023-02-09T13:50:56.447+0000][68][gc,start    ] GC(63) Pause Remark
[2023-02-09T13:50:56.466+0000][68][gc          ] GC(63) Pause Remark 182M->182M(256M) 18.933ms
[2023-02-09T13:50:56.467+0000][68][gc,cpu      ] GC(63) User=0.06s Sys=0.00s Real=0.02s
[2023-02-09T13:50:56.468+0000][68][safepoint   ] Safepoint "G1PauseRemark", Time since last: 288298378 ns, Reaching safepoint: 433561 ns, At safepoint: 21470886 ns, Total: 21904447 ns
[2023-02-09T13:50:56.469+0000][68][gc,marking  ] GC(63) Concurrent Mark 301.805ms
[2023-02-09T13:50:56.470+0000][68][gc,marking  ] GC(63) Concurrent Rebuild Remembered Sets
[2023-02-09T13:50:56.510+0000][68][gc,start    ] GC(64) Pause Young (Normal) (G1 Evacuation Pause)
[2023-02-09T13:50:56.510+0000][68][gc,task     ] GC(64) Using 4 workers of 4 for evacuation
[2023-02-09T13:50:56.511+0000][68][gc,age      ] GC(64) Desired survivor size 6291456 bytes, new threshold 15 (max threshold 15)
[2023-02-09T13:50:56.517+0000][68][gc,phases   ] GC(64)   Pre Evacuate Collection Set: 0.1ms
[2023-02-09T13:50:56.518+0000][68][gc,phases   ] GC(64)   Merge Heap Roots: 0.1ms
[2023-02-09T13:50:56.519+0000][68][gc,phases   ] GC(64)   Evacuate Collection Set: 4.2ms
[2023-02-09T13:50:56.520+0000][68][gc,phases   ] GC(64)   Post Evacuate Collection Set: 1.0ms
[2023-02-09T13:50:56.520+0000][68][gc,phases   ] GC(64)   Other: 1.4ms
[2023-02-09T13:50:56.521+0000][68][gc,age      ] GC(64) Age table with threshold 15 (max threshold 15)
[2023-02-09T13:50:56.522+0000][68][gc,age      ] GC(64) - age   1:     731768 bytes,     731768 total
[2023-02-09T13:50:56.522+0000][68][gc,age      ] GC(64) - age   2:    3679504 bytes,    4411272 total
[2023-02-09T13:50:56.523+0000][68][gc,age      ] GC(64) - age   3:     545936 bytes,    4957208 total
[2023-02-09T13:50:56.524+0000][68][gc,age      ] GC(64) - age   4:      97248 bytes,    5054456 total
[2023-02-09T13:50:56.525+0000][68][gc,age      ] GC(64) - age   5:        816 bytes,    5055272 total
[2023-02-09T13:50:56.526+0000][68][gc,heap     ] GC(64) Eden regions: 15->0(15)
[2023-02-09T13:50:56.527+0000][68][gc,heap     ] GC(64) Survivor regions: 2->2(3)
[2023-02-09T13:50:56.528+0000][68][gc,heap     ] GC(64) Old regions: 30->30
[2023-02-09T13:50:56.530+0000][68][gc,heap     ] GC(64) Archive regions: 2->2
[2023-02-09T13:50:56.530+0000][68][gc,heap     ] GC(64) Humongous regions: 2->2
[2023-02-09T13:50:56.531+0000][68][gc,metaspace] GC(64) Metaspace: 137191K(142144K)->137191K(142144K) NonClass: 119356K(122112K)->119356K(122112K) Class: 17834K(20032K)->17834K(20032K)
[2023-02-09T13:50:56.533+0000][68][gc          ] GC(64) Pause Young (Normal) (G1 Evacuation Pause) 194M->135M(256M) 23.067ms
[2023-02-09T13:50:56.533+0000][68][gc,cpu      ] GC(64) User=0.03s Sys=0.00s Real=0.03s
[2023-02-09T13:50:56.534+0000][68][safepoint   ] Safepoint "G1CollectForAllocation", Time since last: 38989636 ns, Reaching safepoint: 2281025 ns, At safepoint: 24484407 ns, Total: 26765432 ns
[2023-02-09T13:50:56.620+0000][68][gc,marking  ] GC(63) Concurrent Rebuild Remembered Sets 149.718ms
[2023-02-09T13:50:56.621+0000][68][gc,start    ] GC(63) Pause Cleanup
[2023-02-09T13:50:56.623+0000][68][gc          ] GC(63) Pause Cleanup 157M->157M(256M) 1.484ms
[2023-02-09T13:50:56.624+0000][68][gc,cpu      ] GC(63) User=0.01s Sys=0.00s Real=0.00s
[2023-02-09T13:50:56.625+0000][68][safepoint   ] Safepoint "G1PauseCleanup", Time since last: 87056053 ns, Reaching safepoint: 258734 ns, At safepoint: 3860900 ns, Total: 4119634 ns
[2023-02-09T13:50:56.626+0000][68][gc,marking  ] GC(63) Concurrent Cleanup for Next Mark
[2023-02-09T13:50:56.628+0000][68][gc,marking  ] GC(63) Concurrent Cleanup for Next Mark 1.607ms
[2023-02-09T13:50:56.628+0000][68][gc          ] GC(63) Concurrent Mark Cycle 474.017ms
[2023-02-09T13:50:56.743+0000][68][gc,start    ] GC(65) Pause Young (Prepare Mixed) (G1 Evacuation Pause)
[2023-02-09T13:50:56.744+0000][68][gc,task     ] GC(65) Using 4 workers of 4 for evacuation
[2023-02-09T13:50:56.745+0000][68][gc,age      ] GC(65) Desired survivor size 6291456 bytes, new threshold 15 (max threshold 15)
[2023-02-09T13:50:56.751+0000][68][gc,phases   ] GC(65)   Pre Evacuate Collection Set: 0.3ms
[2023-02-09T13:50:56.752+0000][68][gc,phases   ] GC(65)   Merge Heap Roots: 0.1ms
[2023-02-09T13:50:56.752+0000][68][gc,phases   ] GC(65)   Evacuate Collection Set: 2.3ms
[2023-02-09T13:50:56.753+0000][68][gc,phases   ] GC(65)   Post Evacuate Collection Set: 1.1ms
[2023-02-09T13:50:56.754+0000][68][gc,phases   ] GC(65)   Other: 2.8ms
[2023-02-09T13:50:56.754+0000][68][gc,age      ] GC(65) Age table with threshold 15 (max threshold 15)
[2023-02-09T13:50:56.755+0000][68][gc,age      ] GC(65) - age   1:     749712 bytes,     749712 total
[2023-02-09T13:50:56.755+0000][68][gc,age      ] GC(65) - age   2:     588680 bytes,    1338392 total
[2023-02-09T13:50:56.756+0000][68][gc,age      ] GC(65) - age   3:    3679320 bytes,    5017712 total
[2023-02-09T13:50:56.757+0000][68][gc,age      ] GC(65) - age   4:     545760 bytes,    5563472 total
[2023-02-09T13:50:56.758+0000][68][gc,age      ] GC(65) - age   5:      97248 bytes,    5660720 total
[2023-02-09T13:50:56.759+0000][68][gc,age      ] GC(65) - age   6:        816 bytes,    5661536 total
[2023-02-09T13:50:56.760+0000][68][gc,heap     ] GC(65) Eden regions: 15->0(1)
[2023-02-09T13:50:56.760+0000][68][gc,heap     ] GC(65) Survivor regions: 2->2(3)
[2023-02-09T13:50:56.761+0000][68][gc,heap     ] GC(65) Old regions: 30->30
[2023-02-09T13:50:56.761+0000][68][gc,heap     ] GC(65) Archive regions: 2->2
[2023-02-09T13:50:56.762+0000][68][gc,heap     ] GC(65) Humongous regions: 2->2
[2023-02-09T13:50:56.762+0000][68][gc,metaspace] GC(65) Metaspace: 137194K(142144K)->137194K(142144K) NonClass: 119360K(122112K)->119360K(122112K) Class: 17834K(20032K)->17834K(20032K)
[2023-02-09T13:50:56.763+0000][68][gc          ] GC(65) Pause Young (Prepare Mixed) (G1 Evacuation Pause) 195M->135M(256M) 19.627ms
[2023-02-09T13:50:56.763+0000][68][gc,cpu      ] GC(65) User=0.01s Sys=0.01s Real=0.02s
[2023-02-09T13:50:56.764+0000][68][safepoint   ] Safepoint "G1CollectForAllocation", Time since last: 117597432 ns, Reaching safepoint: 230786 ns, At safepoint: 20976066 ns, Total: 21206852 ns
[2023-02-09T13:50:56.774+0000][68][gc,start    ] GC(66) Pause Young (Mixed) (G1 Evacuation Pause)
[2023-02-09T13:50:56.776+0000][68][gc,task     ] GC(66) Using 4 workers of 4 for evacuation
[2023-02-09T13:50:56.777+0000][68][gc,age      ] GC(66) Desired survivor size 2097152 bytes, new threshold 3 (max threshold 15)
[2023-02-09T13:50:56.786+0000][68][gc,phases   ] GC(66)   Pre Evacuate Collection Set: 0.2ms
[2023-02-09T13:50:56.787+0000][68][gc,phases   ] GC(66)   Merge Heap Roots: 0.2ms
[2023-02-09T13:50:56.788+0000][68][gc,phases   ] GC(66)   Evacuate Collection Set: 6.6ms
[2023-02-09T13:50:56.789+0000][68][gc,phases   ] GC(66)   Post Evacuate Collection Set: 1.1ms
[2023-02-09T13:50:56.790+0000][68][gc,phases   ] GC(66)   Other: 2.2ms
[2023-02-09T13:50:56.790+0000][68][gc,age      ] GC(66) Age table with threshold 3 (max threshold 15)
[2023-02-09T13:50:56.791+0000][68][gc,age      ] GC(66) - age   1:      45200 bytes,      45200 total
[2023-02-09T13:50:56.793+0000][68][gc,age      ] GC(66) - age   2:     576384 bytes,     621584 total
[2023-02-09T13:50:56.793+0000][68][gc,age      ] GC(66) - age   3:     585472 bytes,    1207056 total
[2023-02-09T13:50:56.794+0000][68][gc,heap     ] GC(66) Eden regions: 1->0(17)
[2023-02-09T13:50:56.795+0000][68][gc,heap     ] GC(66) Survivor regions: 2->1(1)
[2023-02-09T13:50:56.795+0000][68][gc,heap     ] GC(66) Old regions: 30->29
[2023-02-09T13:50:56.796+0000][68][gc,heap     ] GC(66) Archive regions: 2->2
[2023-02-09T13:50:56.797+0000][68][gc,heap     ] GC(66) Humongous regions: 2->2
[2023-02-09T13:50:56.798+0000][68][gc,metaspace] GC(66) Metaspace: 137194K(142144K)->137194K(142144K) NonClass: 119360K(122112K)->119360K(122112K) Class: 17834K(20032K)->17834K(20032K)
[2023-02-09T13:50:56.798+0000][68][gc          ] GC(66) Pause Young (Mixed) (G1 Evacuation Pause) 139M->129M(256M) 24.090ms
[2023-02-09T13:50:56.799+0000][68][gc,cpu      ] GC(66) User=0.03s Sys=0.00s Real=0.02s
[2023-02-09T13:50:56.800+0000][68][safepoint   ] Safepoint "G1CollectForAllocation", Time since last: 10084672 ns, Reaching safepoint: 107338 ns, At safepoint: 25800634 ns, Total: 25907972 ns
[2023-02-09T13:50:57.805+0000][68][safepoint   ] Safepoint "Cleanup", Time since last: 1001232937 ns, Reaching safepoint: 3594876 ns, At safepoint: 132387 ns, Total: 3727263 ns
[2023-02-09T13:50:58.362+0000][68][safepoint   ] Safepoint "ICBufferFull", Time since last: 555733984 ns, Reaching safepoint: 1048529 ns, At safepoint: 42206 ns, Total: 1090735 ns
[2023-02-09T13:50:59.363+0000][68][safepoint   ] Safepoint "Cleanup", Time since last: 1001071098 ns, Reaching safepoint: 323550 ns, At safepoint: 108986 ns, Total: 432536 ns
[2023-02-09T13:50:59.458+0000][68][gc,start    ] GC(67) Pause Young (Normal) (G1 Evacuation Pause)
[2023-02-09T13:50:59.459+0000][68][gc,task     ] GC(67) Using 4 workers of 4 for evacuation
[2023-02-09T13:50:59.460+0000][68][gc,age      ] GC(67) Desired survivor size 6291456 bytes, new threshold 15 (max threshold 15)
[2023-02-09T13:50:59.466+0000][68][gc,phases   ] GC(67)   Pre Evacuate Collection Set: 0.1ms
[2023-02-09T13:50:59.467+0000][68][gc,phases   ] GC(67)   Merge Heap Roots: 0.1ms
[2023-02-09T13:50:59.467+0000][68][gc,phases   ] GC(67)   Evacuate Collection Set: 4.0ms
[2023-02-09T13:50:59.468+0000][68][gc,phases   ] GC(67)   Post Evacuate Collection Set: 0.9ms
[2023-02-09T13:50:59.469+0000][68][gc,phases   ] GC(67)   Other: 1.7ms
[2023-02-09T13:50:59.469+0000][68][gc,age      ] GC(67) Age table with threshold 15 (max threshold 15)
[2023-02-09T13:50:59.470+0000][68][gc,age      ] GC(67) - age   1:    1954984 bytes,    1954984 total
[2023-02-09T13:50:59.471+0000][68][gc,age      ] GC(67) - age   2:      21840 bytes,    1976824 total
[2023-02-09T13:50:59.471+0000][68][gc,age      ] GC(67) - age   3:     327112 bytes,    2303936 total
[2023-02-09T13:50:59.472+0000][68][gc,age      ] GC(67) - age   4:     472792 bytes,    2776728 total
[2023-02-09T13:50:59.472+0000][68][gc,heap     ] GC(67) Eden regions: 17->0(17)
[2023-02-09T13:50:59.473+0000][68][gc,heap     ] GC(67) Survivor regions: 1->1(3)
[2023-02-09T13:50:59.473+0000][68][gc,heap     ] GC(67) Old regions: 29->29
[2023-02-09T13:50:59.474+0000][68][gc,heap     ] GC(67) Archive regions: 2->2
[2023-02-09T13:50:59.474+0000][68][gc,heap     ] GC(67) Humongous regions: 2->2
[2023-02-09T13:50:59.475+0000][68][gc,metaspace] GC(67) Metaspace: 137302K(142144K)->137302K(142144K) NonClass: 119458K(122112K)->119458K(122112K) Class: 17843K(20032K)->17843K(20032K)
[2023-02-09T13:50:59.476+0000][68][gc          ] GC(67) Pause Young (Normal) (G1 Evacuation Pause) 197M->130M(256M) 17.818ms
[2023-02-09T13:50:59.476+0000][68][gc,cpu      ] GC(67) User=0.02s Sys=0.00s Real=0.02s
[2023-02-09T13:50:59.477+0000][68][safepoint   ] Safepoint "G1CollectForAllocation", Time since last: 94192873 ns, Reaching safepoint: 310945 ns, At safepoint: 19034335 ns, Total: 19345280 ns
[2023-02-09T13:51:00.478+0000][68][safepoint   ] Safepoint "Cleanup", Time since last: 1000927937 ns, Reaching safepoint: 202270 ns, At safepoint: 6673 ns, Total: 208943 ns
[2023-02-09T13:51:01.479+0000][68][safepoint   ] Safepoint "Cleanup", Time since last: 1001095353 ns, Reaching safepoint: 186582 ns, At safepoint: 5768 ns, Total: 192350 ns
[2023-02-09T13:51:02.482+0000][68][safepoint   ] Safepoint "Cleanup", Time since last: 1002966500 ns, Reaching safepoint: 184386 ns, At safepoint: 6226 ns, Total: 190612 ns
[2023-02-09T13:51:03.079+0000][68][gc,start    ] GC(68) Pause Young (Normal) (G1 Evacuation Pause)
[2023-02-09T13:51:03.080+0000][68][gc,task     ] GC(68) Using 4 workers of 4 for evacuation
[2023-02-09T13:51:03.080+0000][68][gc,age      ] GC(68) Desired survivor size 6291456 bytes, new threshold 15 (max threshold 15)
[2023-02-09T13:51:03.085+0000][68][gc,phases   ] GC(68)   Pre Evacuate Collection Set: 0.1ms
[2023-02-09T13:51:03.086+0000][68][gc,phases   ] GC(68)   Merge Heap Roots: 0.1ms
[2023-02-09T13:51:03.087+0000][68][gc,phases   ] GC(68)   Evacuate Collection Set: 3.3ms
[2023-02-09T13:51:03.088+0000][68][gc,phases   ] GC(68)   Post Evacuate Collection Set: 0.9ms
[2023-02-09T13:51:03.088+0000][68][gc,phases   ] GC(68)   Other: 1.0ms
[2023-02-09T13:51:03.089+0000][68][gc,age      ] GC(68) Age table with threshold 15 (max threshold 15)
[2023-02-09T13:51:03.089+0000][68][gc,age      ] GC(68) - age   1:    2213792 bytes,    2213792 total
[2023-02-09T13:51:03.090+0000][68][gc,age      ] GC(68) - age   2:     808544 bytes,    3022336 total
[2023-02-09T13:51:03.090+0000][68][gc,age      ] GC(68) - age   3:      21312 bytes,    3043648 total
[2023-02-09T13:51:03.090+0000][68][gc,age      ] GC(68) - age   4:     326352 bytes,    3370000 total
[2023-02-09T13:51:03.091+0000][68][gc,age      ] GC(68) - age   5:     321096 bytes,    3691096 total
[2023-02-09T13:51:03.092+0000][68][gc,heap     ] GC(68) Eden regions: 17->0(17)
[2023-02-09T13:51:03.093+0000][68][gc,heap     ] GC(68) Survivor regions: 1->1(3)
[2023-02-09T13:51:03.093+0000][68][gc,heap     ] GC(68) Old regions: 29->29
[2023-02-09T13:51:03.094+0000][68][gc,heap     ] GC(68) Archive regions: 2->2
[2023-02-09T13:51:03.095+0000][68][gc,heap     ] GC(68) Humongous regions: 2->2
[2023-02-09T13:51:03.096+0000][68][gc,metaspace] GC(68) Metaspace: 137405K(142144K)->137405K(142144K) NonClass: 119560K(122112K)->119560K(122112K) Class: 17844K(20032K)->17844K(20032K)
[2023-02-09T13:51:03.097+0000][68][gc          ] GC(68) Pause Young (Normal) (G1 Evacuation Pause) 198M->131M(256M) 17.358ms
[2023-02-09T13:51:03.097+0000][68][gc,cpu      ] GC(68) User=0.01s Sys=0.00s Real=0.02s
[2023-02-09T13:51:03.098+0000][68][safepoint   ] Safepoint "G1CollectForAllocation", Time since last: 596613881 ns, Reaching safepoint: 161733 ns, At safepoint: 19018643 ns, Total: 19180376 ns
[2023-02-09T13:51:04.244+0000][68][safepoint   ] Safepoint "ICBufferFull", Time since last: 1144687396 ns, Reaching safepoint: 1087702 ns, At safepoint: 135676 ns, Total: 1223378 ns
[2023-02-09T13:51:04.260+0000][68][safepoint   ] Safepoint "ICBufferFull", Time since last: 15580569 ns, Reaching safepoint: 329765 ns, At safepoint: 99149 ns, Total: 428914 ns
[2023-02-09T13:51:04.771+0000][68][gc,start    ] GC(69) Pause Young (Concurrent Start) (G1 Evacuation Pause)
[2023-02-09T13:51:04.772+0000][68][gc,task     ] GC(69) Using 4 workers of 4 for evacuation
[2023-02-09T13:51:04.774+0000][68][gc,age      ] GC(69) Desired survivor size 6291456 bytes, new threshold 15 (max threshold 15)
[2023-02-09T13:51:04.789+0000][68][gc,phases   ] GC(69)   Pre Evacuate Collection Set: 0.4ms
[2023-02-09T13:51:04.790+0000][68][gc,phases   ] GC(69)   Merge Heap Roots: 0.2ms
[2023-02-09T13:51:04.791+0000][68][gc,phases   ] GC(69)   Evacuate Collection Set: 11.9ms
[2023-02-09T13:51:04.791+0000][68][gc,phases   ] GC(69)   Post Evacuate Collection Set: 1.1ms
[2023-02-09T13:51:04.792+0000][68][gc,phases   ] GC(69)   Other: 2.7ms
[2023-02-09T13:51:04.792+0000][68][gc,age      ] GC(69) Age table with threshold 15 (max threshold 15)
[2023-02-09T13:51:04.793+0000][68][gc,age      ] GC(69) - age   1:    5012072 bytes,    5012072 total
[2023-02-09T13:51:04.794+0000][68][gc,age      ] GC(69) - age   2:    1077856 bytes,    6089928 total
[2023-02-09T13:51:04.795+0000][68][gc,age      ] GC(69) - age   3:     780680 bytes,    6870608 total
[2023-02-09T13:51:04.796+0000][68][gc,age      ] GC(69) - age   4:      21312 bytes,    6891920 total
[2023-02-09T13:51:04.796+0000][68][gc,age      ] GC(69) - age   5:     326320 bytes,    7218240 total
[2023-02-09T13:51:04.797+0000][68][gc,age      ] GC(69) - age   6:     321032 bytes,    7539272 total
[2023-02-09T13:51:04.798+0000][68][gc,heap     ] GC(69) Eden regions: 17->0(16)
[2023-02-09T13:51:04.799+0000][68][gc,heap     ] GC(69) Survivor regions: 1->2(3)
[2023-02-09T13:51:04.800+0000][68][gc,heap     ] GC(69) Old regions: 29->29
[2023-02-09T13:51:04.801+0000][68][gc,heap     ] GC(69) Archive regions: 2->2
[2023-02-09T13:51:04.802+0000][68][gc,heap     ] GC(69) Humongous regions: 2->2
[2023-02-09T13:51:04.804+0000][68][gc,metaspace] GC(69) Metaspace: 138544K(142400K)->138544K(142400K) NonClass: 120512K(122368K)->120512K(122368K) Class: 18032K(20032K)->18032K(20032K)
[2023-02-09T13:51:04.806+0000][68][gc          ] GC(69) Pause Young (Concurrent Start) (G1 Evacuation Pause) 198M->134M(256M) 34.850ms
[2023-02-09T13:51:04.807+0000][68][gc,cpu      ] GC(69) User=0.02s Sys=0.00s Real=0.04s
[2023-02-09T13:51:04.807+0000][68][gc          ] GC(70) Concurrent Mark Cycle
[2023-02-09T13:51:04.809+0000][68][safepoint   ] Safepoint "G1CollectForAllocation", Time since last: 506823796 ns, Reaching safepoint: 3772838 ns, At safepoint: 37978785 ns, Total: 41751623 ns
[2023-02-09T13:51:04.810+0000][68][gc,marking  ] GC(70) Concurrent Clear Claimed Marks
[2023-02-09T13:51:04.812+0000][68][gc,marking  ] GC(70) Concurrent Clear Claimed Marks 1.853ms
[2023-02-09T13:51:04.813+0000][68][gc,marking  ] GC(70) Concurrent Scan Root Regions
[2023-02-09T13:51:04.827+0000][68][gc,marking  ] GC(70) Concurrent Scan Root Regions 14.848ms
[2023-02-09T13:51:04.830+0000][68][gc,marking  ] GC(70) Concurrent Mark
[2023-02-09T13:51:04.831+0000][68][gc,marking  ] GC(70) Concurrent Mark From Roots
[2023-02-09T13:51:04.836+0000][68][gc,task     ] GC(70) Using 1 workers of 1 for marking
[2023-02-09T13:51:05.151+0000][68][gc,marking  ] GC(70) Concurrent Mark From Roots 319.828ms
[2023-02-09T13:51:05.153+0000][68][gc,marking  ] GC(70) Concurrent Preclean
[2023-02-09T13:51:05.154+0000][68][gc,marking  ] GC(70) Concurrent Preclean 1.503ms
[2023-02-09T13:51:05.157+0000][68][gc,start    ] GC(70) Pause Remark
[2023-02-09T13:51:05.170+0000][68][gc          ] GC(70) Pause Remark 153M->153M(256M) 13.142ms
[2023-02-09T13:51:05.171+0000][68][gc,cpu      ] GC(70) User=0.03s Sys=0.00s Real=0.02s
[2023-02-09T13:51:05.172+0000][68][safepoint   ] Safepoint "G1PauseRemark", Time since last: 347436135 ns, Reaching safepoint: 498725 ns, At safepoint: 15524025 ns, Total: 16022750 ns
[2023-02-09T13:51:05.174+0000][68][gc,marking  ] GC(70) Concurrent Mark 343.554ms
[2023-02-09T13:51:05.175+0000][68][gc,marking  ] GC(70) Concurrent Rebuild Remembered Sets
[2023-02-09T13:51:05.318+0000][68][gc,marking  ] GC(70) Concurrent Rebuild Remembered Sets 143.448ms
[2023-02-09T13:51:05.320+0000][68][gc,start    ] GC(70) Pause Cleanup
[2023-02-09T13:51:05.321+0000][68][gc          ] GC(70) Pause Cleanup 155M->155M(256M) 1.117ms
[2023-02-09T13:51:05.322+0000][68][gc,cpu      ] GC(70) User=0.00s Sys=0.00s Real=0.01s
[2023-02-09T13:51:05.324+0000][68][safepoint   ] Safepoint "G1PauseCleanup", Time since last: 147129846 ns, Reaching safepoint: 143252 ns, At safepoint: 4104467 ns, Total: 4247719 ns
[2023-02-09T13:51:05.325+0000][68][gc,marking  ] GC(70) Concurrent Cleanup for Next Mark
[2023-02-09T13:51:05.327+0000][68][gc,marking  ] GC(70) Concurrent Cleanup for Next Mark 1.565ms
[2023-02-09T13:51:05.328+0000][68][gc          ] GC(70) Concurrent Mark Cycle 520.376ms
[2023-02-09T13:51:06.325+0000][68][safepoint   ] Safepoint "Cleanup", Time since last: 1001618610 ns, Reaching safepoint: 187784 ns, At safepoint: 5130 ns, Total: 192914 ns
[2023-02-09T13:51:07.327+0000][68][safepoint   ] Safepoint "Cleanup", Time since last: 1000939543 ns, Reaching safepoint: 177909 ns, At safepoint: 5105 ns, Total: 183014 ns
[2023-02-09T13:51:07.554+0000][68][gc,start    ] GC(71) Pause Young (Prepare Mixed) (G1 Evacuation Pause)
[2023-02-09T13:51:07.555+0000][68][gc,task     ] GC(71) Using 4 workers of 4 for evacuation
[2023-02-09T13:51:07.555+0000][68][gc,age      ] GC(71) Desired survivor size 6291456 bytes, new threshold 3 (max threshold 15)
[2023-02-09T13:51:07.561+0000][68][gc,phases   ] GC(71)   Pre Evacuate Collection Set: 0.1ms
[2023-02-09T13:51:07.562+0000][68][gc,phases   ] GC(71)   Merge Heap Roots: 0.1ms
[2023-02-09T13:51:07.563+0000][68][gc,phases   ] GC(71)   Evacuate Collection Set: 4.0ms
[2023-02-09T13:51:07.563+0000][68][gc,phases   ] GC(71)   Post Evacuate Collection Set: 1.4ms
[2023-02-09T13:51:07.563+0000][68][gc,phases   ] GC(71)   Other: 0.9ms
[2023-02-09T13:51:07.564+0000][68][gc,age      ] GC(71) Age table with threshold 3 (max threshold 15)
[2023-02-09T13:51:07.565+0000][68][gc,age      ] GC(71) - age   1:    2126448 bytes,    2126448 total
[2023-02-09T13:51:07.566+0000][68][gc,age      ] GC(71) - age   2:    1003632 bytes,    3130080 total
[2023-02-09T13:51:07.566+0000][68][gc,age      ] GC(71) - age   3:     673600 bytes,    3803680 total
[2023-02-09T13:51:07.567+0000][68][gc,heap     ] GC(71) Eden regions: 16->0(1)
[2023-02-09T13:51:07.568+0000][68][gc,heap     ] GC(71) Survivor regions: 2->2(3)
[2023-02-09T13:51:07.568+0000][68][gc,heap     ] GC(71) Old regions: 29->30
[2023-02-09T13:51:07.569+0000][68][gc,heap     ] GC(71) Archive regions: 2->2
[2023-02-09T13:51:07.569+0000][68][gc,heap     ] GC(71) Humongous regions: 2->2
[2023-02-09T13:51:07.570+0000][68][gc,metaspace] GC(71) Metaspace: 139059K(142528K)->139059K(142528K) NonClass: 120940K(122496K)->120940K(122496K) Class: 18119K(20032K)->18119K(20032K)
[2023-02-09T13:51:07.570+0000][68][gc          ] GC(71) Pause Young (Prepare Mixed) (G1 Evacuation Pause) 198M->132M(256M) 16.596ms
[2023-02-09T13:51:07.571+0000][68][gc,cpu      ] GC(71) User=0.01s Sys=0.00s Real=0.01s
[2023-02-09T13:51:07.572+0000][68][safepoint   ] Safepoint "G1CollectForAllocation", Time since last: 227163084 ns, Reaching safepoint: 119430 ns, At safepoint: 17722246 ns, Total: 17841676 ns
[2023-02-09T13:51:07.691+0000][68][gc,start    ] GC(72) Pause Young (Mixed) (G1 Evacuation Pause)
[2023-02-09T13:51:07.692+0000][68][gc,task     ] GC(72) Using 4 workers of 4 for evacuation
[2023-02-09T13:51:07.693+0000][68][gc,age      ] GC(72) Desired survivor size 2097152 bytes, new threshold 1 (max threshold 15)
[2023-02-09T13:51:07.703+0000][68][gc,phases   ] GC(72)   Pre Evacuate Collection Set: 0.1ms
[2023-02-09T13:51:07.704+0000][68][gc,phases   ] GC(72)   Merge Heap Roots: 0.1ms
[2023-02-09T13:51:07.706+0000][68][gc,phases   ] GC(72)   Evacuate Collection Set: 8.1ms
[2023-02-09T13:51:07.706+0000][68][gc,phases   ] GC(72)   Post Evacuate Collection Set: 1.2ms
[2023-02-09T13:51:07.707+0000][68][gc,phases   ] GC(72)   Other: 1.4ms
[2023-02-09T13:51:07.708+0000][68][gc,age      ] GC(72) Age table with threshold 1 (max threshold 15)
[2023-02-09T13:51:07.709+0000][68][gc,age      ] GC(72) - age   1:    1023872 bytes,    1023872 total
[2023-02-09T13:51:07.711+0000][68][gc,heap     ] GC(72) Eden regions: 1->0(17)
[2023-02-09T13:51:07.712+0000][68][gc,heap     ] GC(72) Survivor regions: 2->1(1)
[2023-02-09T13:51:07.712+0000][68][gc,heap     ] GC(72) Old regions: 30->29
[2023-02-09T13:51:07.713+0000][68][gc,heap     ] GC(72) Archive regions: 2->2
[2023-02-09T13:51:07.714+0000][68][gc,heap     ] GC(72) Humongous regions: 2->2
[2023-02-09T13:51:07.715+0000][68][gc,metaspace] GC(72) Metaspace: 139060K(142528K)->139060K(142528K) NonClass: 120941K(122496K)->120941K(122496K) Class: 18119K(20032K)->18119K(20032K)
[2023-02-09T13:51:07.715+0000][68][gc          ] GC(72) Pause Young (Mixed) (G1 Evacuation Pause) 136M->128M(256M) 23.536ms
[2023-02-09T13:51:07.716+0000][68][gc,cpu      ] GC(72) User=0.03s Sys=0.00s Real=0.02s
[2023-02-09T13:51:07.716+0000][68][safepoint   ] Safepoint "G1CollectForAllocation", Time since last: 119848990 ns, Reaching safepoint: 92507 ns, At safepoint: 24630047 ns, Total: 24722554 ns
[2023-02-09T13:51:09.130+0000][68][safepoint   ] Safepoint "Cleanup", Time since last: 1413300030 ns, Reaching safepoint: 246253 ns, At safepoint: 12377 ns, Total: 258630 ns
[2023-02-09T13:51:10.131+0000][68][safepoint   ] Safepoint "Cleanup", Time since last: 1001116654 ns, Reaching safepoint: 115938 ns, At safepoint: 3579 ns, Total: 119517 ns
[2023-02-09T13:51:11.057+0000][68][gc,start    ] GC(73) Pause Young (Normal) (G1 Evacuation Pause)
[2023-02-09T13:51:11.058+0000][68][gc,task     ] GC(73) Using 4 workers of 4 for evacuation
[2023-02-09T13:51:11.058+0000][68][gc,age      ] GC(73) Desired survivor size 6291456 bytes, new threshold 15 (max threshold 15)
[2023-02-09T13:51:11.063+0000][68][gc,phases   ] GC(73)   Pre Evacuate Collection Set: 0.1ms
[2023-02-09T13:51:11.063+0000][68][gc,phases   ] GC(73)   Merge Heap Roots: 0.1ms
[2023-02-09T13:51:11.064+0000][68][gc,phases   ] GC(73)   Evacuate Collection Set: 2.8ms
[2023-02-09T13:51:11.065+0000][68][gc,phases   ] GC(73)   Post Evacuate Collection Set: 1.0ms
[2023-02-09T13:51:11.065+0000][68][gc,phases   ] GC(73)   Other: 1.1ms
[2023-02-09T13:51:11.065+0000][68][gc,age      ] GC(73) Age table with threshold 15 (max threshold 15)
[2023-02-09T13:51:11.066+0000][68][gc,age      ] GC(73) - age   1:    6899144 bytes,    6899144 total
[2023-02-09T13:51:11.066+0000][68][gc,age      ] GC(73) - age   2:      67912 bytes,    6967056 total
[2023-02-09T13:51:11.067+0000][68][gc,heap     ] GC(73) Eden regions: 17->0(15)
[2023-02-09T13:51:11.067+0000][68][gc,heap     ] GC(73) Survivor regions: 1->2(3)
[2023-02-09T13:51:11.067+0000][68][gc,heap     ] GC(73) Old regions: 29->29
[2023-02-09T13:51:11.068+0000][68][gc,heap     ] GC(73) Archive regions: 2->2
[2023-02-09T13:51:11.068+0000][68][gc,heap     ] GC(73) Humongous regions: 2->2
[2023-02-09T13:51:11.069+0000][68][gc,metaspace] GC(73) Metaspace: 139215K(142656K)->139215K(142656K) NonClass: 121091K(122624K)->121091K(122624K) Class: 18123K(20032K)->18123K(20032K)
[2023-02-09T13:51:11.069+0000][68][gc          ] GC(73) Pause Young (Normal) (G1 Evacuation Pause) 196M->134M(256M) 12.163ms
[2023-02-09T13:51:11.070+0000][68][gc,cpu      ] GC(73) User=0.00s Sys=0.01s Real=0.01s
[2023-02-09T13:51:11.070+0000][68][safepoint   ] Safepoint "G1CollectForAllocation", Time since last: 925960136 ns, Reaching safepoint: 221690 ns, At safepoint: 13267719 ns, Total: 13489409 ns
[2023-02-09T13:51:12.071+0000][68][safepoint   ] Safepoint "Cleanup", Time since last: 1000715533 ns, Reaching safepoint: 128664 ns, At safepoint: 26111 ns, Total: 154775 ns
[2023-02-09T13:51:13.072+0000][68][safepoint   ] Safepoint "Cleanup", Time since last: 1000661296 ns, Reaching safepoint: 141547 ns, At safepoint: 19809 ns, Total: 161356 ns
[2023-02-09T13:51:14.073+0000][68][safepoint   ] Safepoint "Cleanup", Time since last: 1000631040 ns, Reaching safepoint: 113339 ns, At safepoint: 4848 ns, Total: 118187 ns
[2023-02-09T13:51:14.745+0000][68][gc,start    ] GC(74) Pause Young (Normal) (G1 Evacuation Pause)
[2023-02-09T13:51:14.746+0000][68][gc,task     ] GC(74) Using 4 workers of 4 for evacuation
[2023-02-09T13:51:14.746+0000][68][gc,age      ] GC(74) Desired survivor size 6291456 bytes, new threshold 1 (max threshold 15)
[2023-02-09T13:51:14.751+0000][68][gc,phases   ] GC(74)   Pre Evacuate Collection Set: 0.1ms
[2023-02-09T13:51:14.752+0000][68][gc,phases   ] GC(74)   Merge Heap Roots: 0.1ms
[2023-02-09T13:51:14.753+0000][68][gc,phases   ] GC(74)   Evacuate Collection Set: 2.5ms
[2023-02-09T13:51:14.754+0000][68][gc,phases   ] GC(74)   Post Evacuate Collection Set: 1.2ms
[2023-02-09T13:51:14.755+0000][68][gc,phases   ] GC(74)   Other: 1.0ms
[2023-02-09T13:51:14.756+0000][68][gc,age      ] GC(74) Age table with threshold 1 (max threshold 15)
[2023-02-09T13:51:14.757+0000][68][gc,age      ] GC(74) - age   1:    1197472 bytes,    1197472 total
[2023-02-09T13:51:14.758+0000][68][gc,heap     ] GC(74) Eden regions: 15->0(15)
[2023-02-09T13:51:14.759+0000][68][gc,heap     ] GC(74) Survivor regions: 2->1(3)
[2023-02-09T13:51:14.760+0000][68][gc,heap     ] GC(74) Old regions: 29->31
[2023-02-09T13:51:14.761+0000][68][gc,heap     ] GC(74) Archive regions: 2->2
[2023-02-09T13:51:14.762+0000][68][gc,heap     ] GC(74) Humongous regions: 2->2
[2023-02-09T13:51:14.763+0000][68][gc,metaspace] GC(74) Metaspace: 139339K(142720K)->139339K(142720K) NonClass: 121215K(122688K)->121215K(122688K) Class: 18123K(20032K)->18123K(20032K)
[2023-02-09T13:51:14.764+0000][68][gc          ] GC(74) Pause Young (Normal) (G1 Evacuation Pause) 194M->135M(256M) 18.813ms
[2023-02-09T13:51:14.765+0000][68][gc,cpu      ] GC(74) User=0.01s Sys=0.00s Real=0.02s
[2023-02-09T13:51:14.766+0000][68][safepoint   ] Safepoint "G1CollectForAllocation", Time since last: 672260309 ns, Reaching safepoint: 188394 ns, At safepoint: 21085138 ns, Total: 21273532 ns
[2023-02-09T13:51:15.767+0000][68][safepoint   ] Safepoint "Cleanup", Time since last: 1000963331 ns, Reaching safepoint: 151418 ns, At safepoint: 4608 ns, Total: 156026 ns
[2023-02-09T13:51:16.769+0000][68][safepoint   ] Safepoint "Cleanup", Time since last: 1001562082 ns, Reaching safepoint: 138522 ns, At safepoint: 4586 ns, Total: 143108 ns
[2023-02-09T13:51:17.770+0000][68][safepoint   ] Safepoint "Cleanup", Time since last: 1000897487 ns, Reaching safepoint: 131383 ns, At safepoint: 5047 ns, Total: 136430 ns
[2023-02-09T13:51:18.125+0000][68][gc,start    ] GC(75) Pause Young (Concurrent Start) (G1 Evacuation Pause)
[2023-02-09T13:51:18.126+0000][68][gc,task     ] GC(75) Using 4 workers of 4 for evacuation
[2023-02-09T13:51:18.126+0000][68][gc,age      ] GC(75) Desired survivor size 4194304 bytes, new threshold 15 (max threshold 15)
[2023-02-09T13:51:18.129+0000][68][gc,phases   ] GC(75)   Pre Evacuate Collection Set: 0.4ms
[2023-02-09T13:51:18.130+0000][68][gc,phases   ] GC(75)   Merge Heap Roots: 0.1ms
[2023-02-09T13:51:18.130+0000][68][gc,phases   ] GC(75)   Evacuate Collection Set: 1.4ms
[2023-02-09T13:51:18.131+0000][68][gc,phases   ] GC(75)   Post Evacuate Collection Set: 0.6ms
[2023-02-09T13:51:18.131+0000][68][gc,phases   ] GC(75)   Other: 1.0ms
[2023-02-09T13:51:18.132+0000][68][gc,age      ] GC(75) Age table with threshold 15 (max threshold 15)
[2023-02-09T13:51:18.132+0000][68][gc,age      ] GC(75) - age   1:    1741272 bytes,    1741272 total
[2023-02-09T13:51:18.133+0000][68][gc,age      ] GC(75) - age   2:      13920 bytes,    1755192 total
[2023-02-09T13:51:18.133+0000][68][gc,heap     ] GC(75) Eden regions: 15->0(15)
[2023-02-09T13:51:18.133+0000][68][gc,heap     ] GC(75) Survivor regions: 1->1(2)
[2023-02-09T13:51:18.134+0000][68][gc,heap     ] GC(75) Old regions: 31->31
[2023-02-09T13:51:18.134+0000][68][gc,heap     ] GC(75) Archive regions: 2->2
[2023-02-09T13:51:18.135+0000][68][gc,heap     ] GC(75) Humongous regions: 2->2
[2023-02-09T13:51:18.135+0000][68][gc,metaspace] GC(75) Metaspace: 139403K(142720K)->139403K(142720K) NonClass: 121279K(122688K)->121279K(122688K) Class: 18123K(20032K)->18123K(20032K)
[2023-02-09T13:51:18.136+0000][68][gc          ] GC(75) Pause Young (Concurrent Start) (G1 Evacuation Pause) 195M->135M(256M) 10.626ms
[2023-02-09T13:51:18.136+0000][68][gc,cpu      ] GC(75) User=0.01s Sys=0.00s Real=0.01s
[2023-02-09T13:51:18.137+0000][68][safepoint   ] Safepoint "G1CollectForAllocation", Time since last: 354861078 ns, Reaching safepoint: 141183 ns, At safepoint: 11660709 ns, Total: 11801892 ns
[2023-02-09T13:51:18.136+0000][68][gc          ] GC(76) Concurrent Mark Cycle
[2023-02-09T13:51:18.138+0000][68][gc,marking  ] GC(76) Concurrent Clear Claimed Marks
[2023-02-09T13:51:18.139+0000][68][gc,marking  ] GC(76) Concurrent Clear Claimed Marks 0.718ms
[2023-02-09T13:51:18.139+0000][68][gc,marking  ] GC(76) Concurrent Scan Root Regions
[2023-02-09T13:51:18.142+0000][68][gc,marking  ] GC(76) Concurrent Scan Root Regions 2.394ms
[2023-02-09T13:51:18.143+0000][68][gc,marking  ] GC(76) Concurrent Mark
[2023-02-09T13:51:18.143+0000][68][gc,marking  ] GC(76) Concurrent Mark From Roots
[2023-02-09T13:51:18.144+0000][68][gc,task     ] GC(76) Using 1 workers of 1 for marking
[2023-02-09T13:51:18.332+0000][68][gc,marking  ] GC(76) Concurrent Mark From Roots 188.369ms
[2023-02-09T13:51:18.333+0000][68][gc,marking  ] GC(76) Concurrent Preclean
[2023-02-09T13:51:18.334+0000][68][gc,marking  ] GC(76) Concurrent Preclean 0.996ms
[2023-02-09T13:51:18.334+0000][68][gc,start    ] GC(76) Pause Remark
[2023-02-09T13:51:18.343+0000][68][gc          ] GC(76) Pause Remark 137M->137M(256M) 8.111ms
[2023-02-09T13:51:18.343+0000][68][gc,cpu      ] GC(76) User=0.03s Sys=0.00s Real=0.01s
[2023-02-09T13:51:18.344+0000][68][safepoint   ] Safepoint "G1PauseRemark", Time since last: 197474723 ns, Reaching safepoint: 87706 ns, At safepoint: 9498749 ns, Total: 9586455 ns
[2023-02-09T13:51:18.345+0000][68][gc,marking  ] GC(76) Concurrent Mark 202.087ms
[2023-02-09T13:51:18.345+0000][68][gc,marking  ] GC(76) Concurrent Rebuild Remembered Sets
[2023-02-09T13:51:18.449+0000][68][gc,marking  ] GC(76) Concurrent Rebuild Remembered Sets 103.276ms
[2023-02-09T13:51:18.450+0000][68][gc,start    ] GC(76) Pause Cleanup
[2023-02-09T13:51:18.451+0000][68][gc          ] GC(76) Pause Cleanup 138M->138M(256M) 0.835ms
[2023-02-09T13:51:18.452+0000][68][gc,cpu      ] GC(76) User=0.00s Sys=0.00s Real=0.01s
[2023-02-09T13:51:18.453+0000][68][safepoint   ] Safepoint "G1PauseCleanup", Time since last: 106317706 ns, Reaching safepoint: 251641 ns, At safepoint: 2236218 ns, Total: 2487859 ns
[2023-02-09T13:51:18.454+0000][68][gc,marking  ] GC(76) Concurrent Cleanup for Next Mark
[2023-02-09T13:51:18.455+0000][68][gc,marking  ] GC(76) Concurrent Cleanup for Next Mark 1.429ms
[2023-02-09T13:51:18.456+0000][68][gc          ] GC(76) Concurrent Mark Cycle 320.014ms
[2023-02-09T13:51:19.454+0000][68][safepoint   ] Safepoint "Cleanup", Time since last: 1001315786 ns, Reaching safepoint: 310009 ns, At safepoint: 36622 ns, Total: 346631 ns
[2023-02-09T13:51:20.456+0000][68][safepoint   ] Safepoint "Cleanup", Time since last: 1001192527 ns, Reaching safepoint: 261835 ns, At safepoint: 11237 ns, Total: 273072 ns
[2023-02-09T13:51:21.457+0000][68][safepoint   ] Safepoint "Cleanup", Time since last: 1001088678 ns, Reaching safepoint: 426728 ns, At safepoint: 19767 ns, Total: 446495 ns
[2023-02-09T13:51:21.910+0000][68][gc,start    ] GC(77) Pause Young (Prepare Mixed) (G1 Evacuation Pause)
[2023-02-09T13:51:21.910+0000][68][gc,task     ] GC(77) Using 4 workers of 4 for evacuation
[2023-02-09T13:51:21.911+0000][68][gc,age      ] GC(77) Desired survivor size 4194304 bytes, new threshold 15 (max threshold 15)
[2023-02-09T13:51:21.914+0000][68][gc,phases   ] GC(77)   Pre Evacuate Collection Set: 0.1ms
[2023-02-09T13:51:21.915+0000][68][gc,phases   ] GC(77)   Merge Heap Roots: 0.1ms
[2023-02-09T13:51:21.915+0000][68][gc,phases   ] GC(77)   Evacuate Collection Set: 1.8ms
[2023-02-09T13:51:21.916+0000][68][gc,phases   ] GC(77)   Post Evacuate Collection Set: 0.7ms
[2023-02-09T13:51:21.916+0000][68][gc,phases   ] GC(77)   Other: 1.1ms
[2023-02-09T13:51:21.916+0000][68][gc,age      ] GC(77) Age table with threshold 15 (max threshold 15)
[2023-02-09T13:51:21.917+0000][68][gc,age      ] GC(77) - age   1:    2091424 bytes,    2091424 total
[2023-02-09T13:51:21.917+0000][68][gc,age      ] GC(77) - age   2:     250408 bytes,    2341832 total
[2023-02-09T13:51:21.918+0000][68][gc,age      ] GC(77) - age   3:       6712 bytes,    2348544 total
[2023-02-09T13:51:21.918+0000][68][gc,heap     ] GC(77) Eden regions: 15->0(2)
[2023-02-09T13:51:21.919+0000][68][gc,heap     ] GC(77) Survivor regions: 1->1(2)
[2023-02-09T13:51:21.919+0000][68][gc,heap     ] GC(77) Old regions: 31->31
[2023-02-09T13:51:21.920+0000][68][gc,heap     ] GC(77) Archive regions: 2->2
[2023-02-09T13:51:21.920+0000][68][gc,heap     ] GC(77) Humongous regions: 2->2
[2023-02-09T13:51:21.921+0000][68][gc,metaspace] GC(77) Metaspace: 139451K(142784K)->139451K(142784K) NonClass: 121327K(122752K)->121327K(122752K) Class: 18123K(20032K)->18123K(20032K)
[2023-02-09T13:51:21.921+0000][68][gc          ] GC(77) Pause Young (Prepare Mixed) (G1 Evacuation Pause) 195M->135M(256M) 11.569ms
[2023-02-09T13:51:21.922+0000][68][gc,cpu      ] GC(77) User=0.00s Sys=0.00s Real=0.01s
[2023-02-09T13:51:21.922+0000][68][safepoint   ] Safepoint "G1CollectForAllocation", Time since last: 473747531 ns, Reaching safepoint: 179001 ns, At safepoint: 12608016 ns, Total: 12787017 ns
[2023-02-09T13:51:22.621+0000][68][gc,start    ] GC(78) Pause Young (Mixed) (G1 Evacuation Pause)
[2023-02-09T13:51:22.621+0000][68][gc,task     ] GC(78) Using 4 workers of 4 for evacuation
[2023-02-09T13:51:22.622+0000][68][gc,age      ] GC(78) Desired survivor size 2097152 bytes, new threshold 2 (max threshold 15)
[2023-02-09T13:51:22.626+0000][68][gc,phases   ] GC(78)   Pre Evacuate Collection Set: 0.1ms
[2023-02-09T13:51:22.627+0000][68][gc,phases   ] GC(78)   Merge Heap Roots: 0.1ms
[2023-02-09T13:51:22.627+0000][68][gc,phases   ] GC(78)   Evacuate Collection Set: 2.9ms
[2023-02-09T13:51:22.628+0000][68][gc,phases   ] GC(78)   Post Evacuate Collection Set: 0.8ms
[2023-02-09T13:51:22.628+0000][68][gc,phases   ] GC(78)   Other: 1.0ms
[2023-02-09T13:51:22.629+0000][68][gc,age      ] GC(78) Age table with threshold 2 (max threshold 15)
[2023-02-09T13:51:22.629+0000][68][gc,age      ] GC(78) - age   1:     739560 bytes,     739560 total
[2023-02-09T13:51:22.629+0000][68][gc,age      ] GC(78) - age   2:     299800 bytes,    1039360 total
[2023-02-09T13:51:22.630+0000][68][gc,heap     ] GC(78) Eden regions: 2->0(16)
[2023-02-09T13:51:22.630+0000][68][gc,heap     ] GC(78) Survivor regions: 1->1(1)
[2023-02-09T13:51:22.631+0000][68][gc,heap     ] GC(78) Old regions: 31->30
[2023-02-09T13:51:22.631+0000][68][gc,heap     ] GC(78) Archive regions: 2->2
[2023-02-09T13:51:22.632+0000][68][gc,heap     ] GC(78) Humongous regions: 2->2
[2023-02-09T13:51:22.632+0000][68][gc,metaspace] GC(78) Metaspace: 139452K(142784K)->139452K(142784K) NonClass: 121328K(122752K)->121328K(122752K) Class: 18123K(20032K)->18123K(20032K)
[2023-02-09T13:51:22.633+0000][68][gc          ] GC(78) Pause Young (Mixed) (G1 Evacuation Pause) 143M->131M(256M) 12.045ms
[2023-02-09T13:51:22.633+0000][68][gc,cpu      ] GC(78) User=0.01s Sys=0.00s Real=0.01s
[2023-02-09T13:51:22.634+0000][68][safepoint   ] Safepoint "G1CollectForAllocation", Time since last: 698291375 ns, Reaching safepoint: 120420 ns, At safepoint: 13476647 ns, Total: 13597067 ns
[2023-02-09T13:51:23.636+0000][68][safepoint   ] Safepoint "Cleanup", Time since last: 1001304394 ns, Reaching safepoint: 206394 ns, At safepoint: 17805 ns, Total: 224199 ns
[2023-02-09T13:51:24.637+0000][68][safepoint   ] Safepoint "Cleanup", Time since last: 1001474577 ns, Reaching safepoint: 325125 ns, At safepoint: 53559 ns, Total: 378684 ns
[2023-02-09T13:51:25.639+0000][68][safepoint   ] Safepoint "Cleanup", Time since last: 1001329715 ns, Reaching safepoint: 172323 ns, At safepoint: 6472 ns, Total: 178795 ns
[2023-02-09T13:51:25.781+0000][68][gc,start    ] GC(79) Pause Young (Normal) (G1 Evacuation Pause)
[2023-02-09T13:51:25.782+0000][68][gc,task     ] GC(79) Using 4 workers of 4 for evacuation
[2023-02-09T13:51:25.783+0000][68][gc,age      ] GC(79) Desired survivor size 6291456 bytes, new threshold 15 (max threshold 15)
[2023-02-09T13:51:25.787+0000][68][gc,phases   ] GC(79)   Pre Evacuate Collection Set: 0.2ms
[2023-02-09T13:51:25.788+0000][68][gc,phases   ] GC(79)   Merge Heap Roots: 0.1ms
[2023-02-09T13:51:25.789+0000][68][gc,phases   ] GC(79)   Evacuate Collection Set: 1.8ms
[2023-02-09T13:51:25.790+0000][68][gc,phases   ] GC(79)   Post Evacuate Collection Set: 0.9ms
[2023-02-09T13:51:25.790+0000][68][gc,phases   ] GC(79)   Other: 1.9ms
[2023-02-09T13:51:25.791+0000][68][gc,age      ] GC(79) Age table with threshold 15 (max threshold 15)
[2023-02-09T13:51:25.792+0000][68][gc,age      ] GC(79) - age   1:    1626560 bytes,    1626560 total
[2023-02-09T13:51:25.792+0000][68][gc,age      ] GC(79) - age   2:     212240 bytes,    1838800 total
[2023-02-09T13:51:25.793+0000][68][gc,age      ] GC(79) - age   3:     210592 bytes,    2049392 total
[2023-02-09T13:51:25.794+0000][68][gc,heap     ] GC(79) Eden regions: 16->0(16)
[2023-02-09T13:51:25.795+0000][68][gc,heap     ] GC(79) Survivor regions: 1->1(3)
[2023-02-09T13:51:25.795+0000][68][gc,heap     ] GC(79) Old regions: 30->30
[2023-02-09T13:51:25.796+0000][68][gc,heap     ] GC(79) Archive regions: 2->2
[2023-02-09T13:51:25.796+0000][68][gc,heap     ] GC(79) Humongous regions: 2->2
[2023-02-09T13:51:25.797+0000][68][gc,metaspace] GC(79) Metaspace: 139489K(142784K)->139489K(142784K) NonClass: 121365K(122752K)->121365K(122752K) Class: 18123K(20032K)->18123K(20032K)
[2023-02-09T13:51:25.797+0000][68][gc          ] GC(79) Pause Young (Normal) (G1 Evacuation Pause) 195M->132M(256M) 15.981ms
[2023-02-09T13:51:25.798+0000][68][gc,cpu      ] GC(79) User=0.01s Sys=0.00s Real=0.01s
[2023-02-09T13:51:25.799+0000][68][safepoint   ] Safepoint "G1CollectForAllocation", Time since last: 142347969 ns, Reaching safepoint: 107157 ns, At safepoint: 17341546 ns, Total: 17448703 ns
[2023-02-09T13:51:26.800+0000][68][safepoint   ] Safepoint "Cleanup", Time since last: 1001276322 ns, Reaching safepoint: 418013 ns, At safepoint: 40093 ns, Total: 458106 ns
[2023-02-09T13:51:27.803+0000][68][safepoint   ] Safepoint "Cleanup", Time since last: 1001620641 ns, Reaching safepoint: 433898 ns, At safepoint: 28336 ns, Total: 462234 ns
[2023-02-09T13:51:28.804+0000][68][safepoint   ] Safepoint "Cleanup", Time since last: 1001268734 ns, Reaching safepoint: 264487 ns, At safepoint: 9809 ns, Total: 274296 ns
[2023-02-09T13:51:29.558+0000][68][gc,start    ] GC(80) Pause Young (Normal) (G1 Evacuation Pause)
[2023-02-09T13:51:29.559+0000][68][gc,task     ] GC(80) Using 4 workers of 4 for evacuation
[2023-02-09T13:51:29.559+0000][68][gc,age      ] GC(80) Desired survivor size 6291456 bytes, new threshold 15 (max threshold 15)
[2023-02-09T13:51:29.562+0000][68][gc,phases   ] GC(80)   Pre Evacuate Collection Set: 0.2ms
[2023-02-09T13:51:29.563+0000][68][gc,phases   ] GC(80)   Merge Heap Roots: 0.2ms
[2023-02-09T13:51:29.563+0000][68][gc,phases   ] GC(80)   Evacuate Collection Set: 1.3ms
[2023-02-09T13:51:29.564+0000][68][gc,phases   ] GC(80)   Post Evacuate Collection Set: 0.9ms
[2023-02-09T13:51:29.564+0000][68][gc,phases   ] GC(80)   Other: 0.8ms
[2023-02-09T13:51:29.565+0000][68][gc,age      ] GC(80) Age table with threshold 15 (max threshold 15)
[2023-02-09T13:51:29.565+0000][68][gc,age      ] GC(80) - age   1:    1637072 bytes,    1637072 total
[2023-02-09T13:51:29.566+0000][68][gc,age      ] GC(80) - age   2:     313136 bytes,    1950208 total
[2023-02-09T13:51:29.566+0000][68][gc,age      ] GC(80) - age   3:     114064 bytes,    2064272 total
[2023-02-09T13:51:29.567+0000][68][gc,age      ] GC(80) - age   4:     208376 bytes,    2272648 total
[2023-02-09T13:51:29.567+0000][68][gc,heap     ] GC(80) Eden regions: 16->0(17)
[2023-02-09T13:51:29.567+0000][68][gc,heap     ] GC(80) Survivor regions: 1->1(3)
[2023-02-09T13:51:29.568+0000][68][gc,heap     ] GC(80) Old regions: 30->30
[2023-02-09T13:51:29.568+0000][68][gc,heap     ] GC(80) Archive regions: 2->2
[2023-02-09T13:51:29.569+0000][68][gc,heap     ] GC(80) Humongous regions: 2->2
[2023-02-09T13:51:29.569+0000][68][gc,metaspace] GC(80) Metaspace: 139528K(142848K)->139528K(142848K) NonClass: 121404K(122816K)->121404K(122816K) Class: 18123K(20032K)->18123K(20032K)
[2023-02-09T13:51:29.570+0000][68][gc          ] GC(80) Pause Young (Normal) (G1 Evacuation Pause) 196M->133M(256M) 11.874ms
[2023-02-09T13:51:29.570+0000][68][gc,cpu      ] GC(80) User=0.01s Sys=0.00s Real=0.02s
[2023-02-09T13:51:29.571+0000][68][safepoint   ] Safepoint "G1CollectForAllocation", Time since last: 753621976 ns, Reaching safepoint: 146375 ns, At safepoint: 12981836 ns, Total: 13128211 ns
[2023-02-09T13:51:30.572+0000][68][safepoint   ] Safepoint "Cleanup", Time since last: 1000818045 ns, Reaching safepoint: 171211 ns, At safepoint: 42202 ns, Total: 213413 ns
[2023-02-09T13:51:31.573+0000][68][safepoint   ] Safepoint "Cleanup", Time since last: 1000756074 ns, Reaching safepoint: 180035 ns, At safepoint: 28084 ns, Total: 208119 ns
[2023-02-09T13:51:32.574+0000][68][safepoint   ] Safepoint "Cleanup", Time since last: 1001001683 ns, Reaching safepoint: 100792 ns, At safepoint: 3639 ns, Total: 104431 ns
[2023-02-09T13:51:33.575+0000][68][safepoint   ] Safepoint "Cleanup", Time since last: 1000766036 ns, Reaching safepoint: 89516 ns, At safepoint: 3412 ns, Total: 92928 ns
[2023-02-09T13:51:33.605+0000][68][gc,start    ] GC(81) Pause Young (Concurrent Start) (G1 Evacuation Pause)
[2023-02-09T13:51:33.606+0000][68][gc,task     ] GC(81) Using 4 workers of 4 for evacuation
[2023-02-09T13:51:33.608+0000][68][gc,age      ] GC(81) Desired survivor size 6291456 bytes, new threshold 15 (max threshold 15)
[2023-02-09T13:51:33.612+0000][68][gc,phases   ] GC(81)   Pre Evacuate Collection Set: 0.4ms
[2023-02-09T13:51:33.612+0000][68][gc,phases   ] GC(81)   Merge Heap Roots: 0.1ms
[2023-02-09T13:51:33.613+0000][68][gc,phases   ] GC(81)   Evacuate Collection Set: 1.6ms
[2023-02-09T13:51:33.613+0000][68][gc,phases   ] GC(81)   Post Evacuate Collection Set: 0.7ms
[2023-02-09T13:51:33.614+0000][68][gc,phases   ] GC(81)   Other: 2.9ms
[2023-02-09T13:51:33.615+0000][68][gc,age      ] GC(81) Age table with threshold 15 (max threshold 15)
[2023-02-09T13:51:33.615+0000][68][gc,age      ] GC(81) - age   1:    2452144 bytes,    2452144 total
[2023-02-09T13:51:33.615+0000][68][gc,age      ] GC(81) - age   2:     272856 bytes,    2725000 total
[2023-02-09T13:51:33.616+0000][68][gc,age      ] GC(81) - age   3:     313072 bytes,    3038072 total
[2023-02-09T13:51:33.616+0000][68][gc,age      ] GC(81) - age   4:     113800 bytes,    3151872 total
[2023-02-09T13:51:33.617+0000][68][gc,age      ] GC(81) - age   5:     125560 bytes,    3277432 total
[2023-02-09T13:51:33.617+0000][68][gc,heap     ] GC(81) Eden regions: 17->0(17)
[2023-02-09T13:51:33.618+0000][68][gc,heap     ] GC(81) Survivor regions: 1->1(3)
[2023-02-09T13:51:33.618+0000][68][gc,heap     ] GC(81) Old regions: 30->30
[2023-02-09T13:51:33.618+0000][68][gc,heap     ] GC(81) Archive regions: 2->2
[2023-02-09T13:51:33.619+0000][68][gc,heap     ] GC(81) Humongous regions: 2->2
[2023-02-09T13:51:33.619+0000][68][gc,metaspace] GC(81) Metaspace: 139592K(142912K)->139592K(142912K) NonClass: 121468K(122880K)->121468K(122880K) Class: 18123K(20032K)->18123K(20032K)
[2023-02-09T13:51:33.619+0000][68][gc          ] GC(81) Pause Young (Concurrent Start) (G1 Evacuation Pause) 201M->134M(256M) 14.557ms
[2023-02-09T13:51:33.620+0000][68][gc,cpu      ] GC(81) User=0.01s Sys=0.00s Real=0.02s
[2023-02-09T13:51:33.620+0000][68][safepoint   ] Safepoint "G1CollectForAllocation", Time since last: 29823894 ns, Reaching safepoint: 166055 ns, At safepoint: 15404322 ns, Total: 15570377 ns
[2023-02-09T13:51:33.620+0000][68][gc          ] GC(82) Concurrent Mark Cycle
[2023-02-09T13:51:33.621+0000][68][gc,marking  ] GC(82) Concurrent Clear Claimed Marks
[2023-02-09T13:51:33.623+0000][68][gc,marking  ] GC(82) Concurrent Clear Claimed Marks 1.746ms
[2023-02-09T13:51:33.624+0000][68][gc,marking  ] GC(82) Concurrent Scan Root Regions
[2023-02-09T13:51:33.627+0000][68][gc,marking  ] GC(82) Concurrent Scan Root Regions 3.473ms
[2023-02-09T13:51:33.628+0000][68][gc,marking  ] GC(82) Concurrent Mark
[2023-02-09T13:51:33.628+0000][68][gc,marking  ] GC(82) Concurrent Mark From Roots
[2023-02-09T13:51:33.629+0000][68][gc,task     ] GC(82) Using 1 workers of 1 for marking
[2023-02-09T13:51:33.783+0000][68][gc,marking  ] GC(82) Concurrent Mark From Roots 154.398ms
[2023-02-09T13:51:33.784+0000][68][gc,marking  ] GC(82) Concurrent Preclean
[2023-02-09T13:51:33.784+0000][68][gc,marking  ] GC(82) Concurrent Preclean 0.764ms
[2023-02-09T13:51:33.786+0000][68][gc,start    ] GC(82) Pause Remark
[2023-02-09T13:51:33.796+0000][68][gc          ] GC(82) Pause Remark 138M->138M(256M) 9.978ms
[2023-02-09T13:51:33.797+0000][68][gc,cpu      ] GC(82) User=0.03s Sys=0.00s Real=0.01s
[2023-02-09T13:51:33.798+0000][68][safepoint   ] Safepoint "G1PauseRemark", Time since last: 165183810 ns, Reaching safepoint: 122731 ns, At safepoint: 12394908 ns, Total: 12517639 ns
[2023-02-09T13:51:33.799+0000][68][gc,marking  ] GC(82) Concurrent Mark 171.277ms
[2023-02-09T13:51:33.800+0000][68][gc,marking  ] GC(82) Concurrent Rebuild Remembered Sets
[2023-02-09T13:51:33.872+0000][68][gc,marking  ] GC(82) Concurrent Rebuild Remembered Sets 71.796ms
[2023-02-09T13:51:33.873+0000][68][gc,start    ] GC(82) Pause Cleanup
[2023-02-09T13:51:33.874+0000][68][gc          ] GC(82) Pause Cleanup 139M->139M(256M) 0.847ms
[2023-02-09T13:51:33.874+0000][68][gc,cpu      ] GC(82) User=0.00s Sys=0.00s Real=0.00s
[2023-02-09T13:51:33.875+0000][68][safepoint   ] Safepoint "G1PauseCleanup", Time since last: 74652630 ns, Reaching safepoint: 108433 ns, At safepoint: 2193837 ns, Total: 2302270 ns
[2023-02-09T13:51:33.875+0000][68][gc,marking  ] GC(82) Concurrent Cleanup for Next Mark
[2023-02-09T13:51:33.877+0000][68][gc,marking  ] GC(82) Concurrent Cleanup for Next Mark 1.099ms
[2023-02-09T13:51:33.877+0000][68][gc          ] GC(82) Concurrent Mark Cycle 257.622ms
[2023-02-09T13:51:34.876+0000][68][safepoint   ] Safepoint "Cleanup", Time since last: 1000722492 ns, Reaching safepoint: 99398 ns, At safepoint: 3805 ns, Total: 103203 ns
[2023-02-09T13:51:35.877+0000][68][safepoint   ] Safepoint "Cleanup", Time since last: 1001124175 ns, Reaching safepoint: 220997 ns, At safepoint: 6227 ns, Total: 227224 ns
[2023-02-09T13:51:36.878+0000][68][safepoint   ] Safepoint "Cleanup", Time since last: 1001080015 ns, Reaching safepoint: 208409 ns, At safepoint: 6196 ns, Total: 214605 ns
[2023-02-09T13:51:37.885+0000][68][gc,start    ] GC(83) Pause Young (Prepare Mixed) (G1 Evacuation Pause)
[2023-02-09T13:51:37.885+0000][68][gc,task     ] GC(83) Using 4 workers of 4 for evacuation
[2023-02-09T13:51:37.886+0000][68][gc,age      ] GC(83) Desired survivor size 6291456 bytes, new threshold 15 (max threshold 15)
[2023-02-09T13:51:37.889+0000][68][gc,phases   ] GC(83)   Pre Evacuate Collection Set: 0.2ms
[2023-02-09T13:51:37.889+0000][68][gc,phases   ] GC(83)   Merge Heap Roots: 0.1ms
[2023-02-09T13:51:37.889+0000][68][gc,phases   ] GC(83)   Evacuate Collection Set: 1.3ms
[2023-02-09T13:51:37.890+0000][68][gc,phases   ] GC(83)   Post Evacuate Collection Set: 0.9ms
[2023-02-09T13:51:37.890+0000][68][gc,phases   ] GC(83)   Other: 0.7ms
[2023-02-09T13:51:37.890+0000][68][gc,age      ] GC(83) Age table with threshold 15 (max threshold 15)
[2023-02-09T13:51:37.891+0000][68][gc,age      ] GC(83) - age   1:    2930224 bytes,    2930224 total
[2023-02-09T13:51:37.891+0000][68][gc,age      ] GC(83) - age   2:      93560 bytes,    3023784 total
[2023-02-09T13:51:37.891+0000][68][gc,age      ] GC(83) - age   3:      42488 bytes,    3066272 total
[2023-02-09T13:51:37.892+0000][68][gc,age      ] GC(83) - age   4:     310024 bytes,    3376296 total
[2023-02-09T13:51:37.892+0000][68][gc,age      ] GC(83) - age   5:        576 bytes,    3376872 total
[2023-02-09T13:51:37.892+0000][68][gc,age      ] GC(83) - age   6:       7304 bytes,    3384176 total
[2023-02-09T13:51:37.893+0000][68][gc,heap     ] GC(83) Eden regions: 17->0(1)
[2023-02-09T13:51:37.893+0000][68][gc,heap     ] GC(83) Survivor regions: 1->2(3)
[2023-02-09T13:51:37.893+0000][68][gc,heap     ] GC(83) Old regions: 30->30
[2023-02-09T13:51:37.894+0000][68][gc,heap     ] GC(83) Archive regions: 2->2
[2023-02-09T13:51:37.894+0000][68][gc,heap     ] GC(83) Humongous regions: 2->2
[2023-02-09T13:51:37.895+0000][68][gc,metaspace] GC(83) Metaspace: 139624K(142912K)->139624K(142912K) NonClass: 121500K(122880K)->121500K(122880K) Class: 18123K(20032K)->18123K(20032K)
[2023-02-09T13:51:37.896+0000][68][gc          ] GC(83) Pause Young (Prepare Mixed) (G1 Evacuation Pause) 202M->136M(256M) 11.133ms
[2023-02-09T13:51:37.897+0000][68][gc,cpu      ] GC(83) User=0.01s Sys=0.00s Real=0.01s
[2023-02-09T13:51:37.898+0000][68][safepoint   ] Safepoint "G1CollectForAllocation", Time since last: 1006350582 ns, Reaching safepoint: 133847 ns, At safepoint: 13010313 ns, Total: 13144160 ns
[2023-02-09T13:51:37.912+0000][68][gc,start    ] GC(84) Pause Young (Mixed) (G1 Evacuation Pause)
[2023-02-09T13:51:37.912+0000][68][gc,task     ] GC(84) Using 4 workers of 4 for evacuation
[2023-02-09T13:51:37.913+0000][68][gc,age      ] GC(84) Desired survivor size 2097152 bytes, new threshold 1 (max threshold 15)
[2023-02-09T13:51:37.917+0000][68][gc,phases   ] GC(84)   Pre Evacuate Collection Set: 0.1ms
[2023-02-09T13:51:37.918+0000][68][gc,phases   ] GC(84)   Merge Heap Roots: 0.1ms
[2023-02-09T13:51:37.918+0000][68][gc,phases   ] GC(84)   Evacuate Collection Set: 3.0ms
[2023-02-09T13:51:37.919+0000][68][gc,phases   ] GC(84)   Post Evacuate Collection Set: 0.7ms
[2023-02-09T13:51:37.919+0000][68][gc,phases   ] GC(84)   Other: 0.9ms
[2023-02-09T13:51:37.920+0000][68][gc,age      ] GC(84) Age table with threshold 1 (max threshold 15)
[2023-02-09T13:51:37.920+0000][68][gc,age      ] GC(84) - age   1:    2120136 bytes,    2120136 total
[2023-02-09T13:51:37.920+0000][68][gc,heap     ] GC(84) Eden regions: 1->0(17)
[2023-02-09T13:51:37.921+0000][68][gc,heap     ] GC(84) Survivor regions: 2->1(1)
[2023-02-09T13:51:37.921+0000][68][gc,heap     ] GC(84) Old regions: 30->29
[2023-02-09T13:51:37.922+0000][68][gc,heap     ] GC(84) Archive regions: 2->2
[2023-02-09T13:51:37.922+0000][68][gc,heap     ] GC(84) Humongous regions: 2->2
[2023-02-09T13:51:37.923+0000][68][gc,metaspace] GC(84) Metaspace: 139624K(142912K)->139624K(142912K) NonClass: 121500K(122880K)->121500K(122880K) Class: 18123K(20032K)->18123K(20032K)
[2023-02-09T13:51:37.923+0000][68][gc          ] GC(84) Pause Young (Mixed) (G1 Evacuation Pause) 140M->130M(256M) 11.208ms
[2023-02-09T13:51:37.924+0000][68][gc,cpu      ] GC(84) User=0.02s Sys=0.00s Real=0.01s
[2023-02-09T13:51:37.924+0000][68][safepoint   ] Safepoint "G1CollectForAllocation", Time since last: 14104741 ns, Reaching safepoint: 128656 ns, At safepoint: 12240743 ns, Total: 12369399 ns
[2023-02-09T13:51:39.516+0000][68][safepoint   ] Safepoint "Cleanup", Time since last: 1592027262 ns, Reaching safepoint: 112346 ns, At safepoint: 3541 ns, Total: 115887 ns
[2023-02-09T13:51:41.093+0000][68][safepoint   ] Safepoint "Cleanup", Time since last: 1576003302 ns, Reaching safepoint: 114855 ns, At safepoint: 7949 ns, Total: 122804 ns
[2023-02-09T13:51:41.510+0000][68][gc,start    ] GC(85) Pause Young (Normal) (G1 Evacuation Pause)
[2023-02-09T13:51:41.511+0000][68][gc,task     ] GC(85) Using 4 workers of 4 for evacuation
[2023-02-09T13:51:41.512+0000][68][gc,age      ] GC(85) Desired survivor size 6291456 bytes, new threshold 15 (max threshold 15)
[2023-02-09T13:51:41.516+0000][68][gc,phases   ] GC(85)   Pre Evacuate Collection Set: 0.2ms
[2023-02-09T13:51:41.517+0000][68][gc,phases   ] GC(85)   Merge Heap Roots: 0.1ms
[2023-02-09T13:51:41.517+0000][68][gc,phases   ] GC(85)   Evacuate Collection Set: 2.0ms
[2023-02-09T13:51:41.518+0000][68][gc,phases   ] GC(85)   Post Evacuate Collection Set: 0.7ms
[2023-02-09T13:51:41.518+0000][68][gc,phases   ] GC(85)   Other: 2.2ms
[2023-02-09T13:51:41.518+0000][68][gc,age      ] GC(85) Age table with threshold 15 (max threshold 15)
[2023-02-09T13:51:41.519+0000][68][gc,age      ] GC(85) - age   1:    2938528 bytes,    2938528 total
[2023-02-09T13:51:41.519+0000][68][gc,age      ] GC(85) - age   2:    2110784 bytes,    5049312 total
[2023-02-09T13:51:41.519+0000][68][gc,heap     ] GC(85) Eden regions: 17->0(16)
[2023-02-09T13:51:41.520+0000][68][gc,heap     ] GC(85) Survivor regions: 1->2(3)
[2023-02-09T13:51:41.520+0000][68][gc,heap     ] GC(85) Old regions: 29->29
[2023-02-09T13:51:41.521+0000][68][gc,heap     ] GC(85) Archive regions: 2->2
[2023-02-09T13:51:41.521+0000][68][gc,heap     ] GC(85) Humongous regions: 2->2
[2023-02-09T13:51:41.522+0000][68][gc,metaspace] GC(85) Metaspace: 139678K(142976K)->139678K(142976K) NonClass: 121554K(122944K)->121554K(122944K) Class: 18123K(20032K)->18123K(20032K)
[2023-02-09T13:51:41.522+0000][68][gc          ] GC(85) Pause Young (Normal) (G1 Evacuation Pause) 198M->133M(256M) 12.262ms
[2023-02-09T13:51:41.523+0000][68][gc,cpu      ] GC(85) User=0.01s Sys=0.00s Real=0.01s
[2023-02-09T13:51:41.523+0000][68][safepoint   ] Safepoint "G1CollectForAllocation", Time since last: 416954489 ns, Reaching safepoint: 155724 ns, At safepoint: 13374011 ns, Total: 13529735 ns
[2023-02-09T13:51:42.524+0000][68][safepoint   ] Safepoint "Cleanup", Time since last: 1001292705 ns, Reaching safepoint: 103695 ns, At safepoint: 3202 ns, Total: 106897 ns
[2023-02-09T13:51:43.525+0000][68][safepoint   ] Safepoint "Cleanup", Time since last: 1000566094 ns, Reaching safepoint: 112499 ns, At safepoint: 4561 ns, Total: 117060 ns
[2023-02-09T13:51:44.527+0000][68][safepoint   ] Safepoint "Cleanup", Time since last: 1000861108 ns, Reaching safepoint: 488057 ns, At safepoint: 52616 ns, Total: 540673 ns
[2023-02-09T13:51:45.475+0000][68][gc,start    ] GC(86) Pause Young (Normal) (G1 Evacuation Pause)
[2023-02-09T13:51:45.475+0000][68][gc,task     ] GC(86) Using 4 workers of 4 for evacuation
[2023-02-09T13:51:45.476+0000][68][gc,age      ] GC(86) Desired survivor size 6291456 bytes, new threshold 15 (max threshold 15)
[2023-02-09T13:51:45.480+0000][68][gc,phases   ] GC(86)   Pre Evacuate Collection Set: 0.1ms
[2023-02-09T13:51:45.480+0000][68][gc,phases   ] GC(86)   Merge Heap Roots: 0.1ms
[2023-02-09T13:51:45.482+0000][68][gc,phases   ] GC(86)   Evacuate Collection Set: 2.5ms
[2023-02-09T13:51:45.482+0000][68][gc,phases   ] GC(86)   Post Evacuate Collection Set: 0.8ms
[2023-02-09T13:51:45.483+0000][68][gc,phases   ] GC(86)   Other: 0.9ms
[2023-02-09T13:51:45.483+0000][68][gc,age      ] GC(86) Age table with threshold 15 (max threshold 15)
[2023-02-09T13:51:45.483+0000][68][gc,age      ] GC(86) - age   1:    1918544 bytes,    1918544 total
[2023-02-09T13:51:45.484+0000][68][gc,age      ] GC(86) - age   2:    2005672 bytes,    3924216 total
[2023-02-09T13:51:45.484+0000][68][gc,age      ] GC(86) - age   3:    2110784 bytes,    6035000 total
[2023-02-09T13:51:45.485+0000][68][gc,heap     ] GC(86) Eden regions: 16->0(16)
[2023-02-09T13:51:45.485+0000][68][gc,heap     ] GC(86) Survivor regions: 2->2(3)
[2023-02-09T13:51:45.485+0000][68][gc,heap     ] GC(86) Old regions: 29->29
[2023-02-09T13:51:45.486+0000][68][gc,heap     ] GC(86) Archive regions: 2->2
[2023-02-09T13:51:45.486+0000][68][gc,heap     ] GC(86) Humongous regions: 2->2
[2023-02-09T13:51:45.487+0000][68][gc,metaspace] GC(86) Metaspace: 139700K(142976K)->139700K(142976K) NonClass: 121576K(122944K)->121576K(122944K) Class: 18123K(20032K)->18123K(20032K)
[2023-02-09T13:51:45.487+0000][68][gc          ] GC(86) Pause Young (Normal) (G1 Evacuation Pause) 197M->133M(256M) 12.301ms
[2023-02-09T13:51:45.488+0000][68][gc,cpu      ] GC(86) User=0.01s Sys=0.00s Real=0.01s
[2023-02-09T13:51:45.488+0000][68][safepoint   ] Safepoint "G1CollectForAllocation", Time since last: 948147648 ns, Reaching safepoint: 153493 ns, At safepoint: 13319539 ns, Total: 13473032 ns
[2023-02-09T13:51:46.489+0000][68][safepoint   ] Safepoint "Cleanup", Time since last: 1000782925 ns, Reaching safepoint: 111613 ns, At safepoint: 3634 ns, Total: 115247 ns
[2023-02-09T13:51:47.490+0000][68][safepoint   ] Safepoint "Cleanup", Time since last: 1000930596 ns, Reaching safepoint: 97508 ns, At safepoint: 25876 ns, Total: 123384 ns
[2023-02-09T13:51:48.128+0000][68][gc,start    ] GC(87) Pause Young (Concurrent Start) (G1 Evacuation Pause)
[2023-02-09T13:51:48.128+0000][68][gc,task     ] GC(87) Using 4 workers of 4 for evacuation
[2023-02-09T13:51:48.129+0000][68][gc,age      ] GC(87) Desired survivor size 6291456 bytes, new threshold 15 (max threshold 15)
[2023-02-09T13:51:48.133+0000][68][gc,phases   ] GC(87)   Pre Evacuate Collection Set: 0.4ms
[2023-02-09T13:51:48.134+0000][68][gc,phases   ] GC(87)   Merge Heap Roots: 0.1ms
[2023-02-09T13:51:48.134+0000][68][gc,phases   ] GC(87)   Evacuate Collection Set: 2.9ms
[2023-02-09T13:51:48.134+0000][68][gc,phases   ] GC(87)   Post Evacuate Collection Set: 0.7ms
[2023-02-09T13:51:48.135+0000][68][gc,phases   ] GC(87)   Other: 0.9ms
[2023-02-09T13:51:48.135+0000][68][gc,age      ] GC(87) Age table with threshold 15 (max threshold 15)
[2023-02-09T13:51:48.135+0000][68][gc,age      ] GC(87) - age   1:    1882088 bytes,    1882088 total
[2023-02-09T13:51:48.136+0000][68][gc,age      ] GC(87) - age   2:     127048 bytes,    2009136 total
[2023-02-09T13:51:48.136+0000][68][gc,age      ] GC(87) - age   3:    1645768 bytes,    3654904 total
[2023-02-09T13:51:48.136+0000][68][gc,age      ] GC(87) - age   4:    2110784 bytes,    5765688 total
[2023-02-09T13:51:48.137+0000][68][gc,heap     ] GC(87) Eden regions: 16->0(17)
[2023-02-09T13:51:48.137+0000][68][gc,heap     ] GC(87) Survivor regions: 2->2(3)
[2023-02-09T13:51:48.138+0000][68][gc,heap     ] GC(87) Old regions: 29->29
[2023-02-09T13:51:48.138+0000][68][gc,heap     ] GC(87) Archive regions: 2->2
[2023-02-09T13:51:48.138+0000][68][gc,heap     ] GC(87) Humongous regions: 2->2
[2023-02-09T13:51:48.139+0000][68][gc,metaspace] GC(87) Metaspace: 139725K(143040K)->139725K(143040K) NonClass: 121601K(123008K)->121601K(123008K) Class: 18123K(20032K)->18123K(20032K)
[2023-02-09T13:51:48.139+0000][68][gc          ] GC(87) Pause Young (Concurrent Start) (G1 Evacuation Pause) 197M->133M(256M) 11.254ms
[2023-02-09T13:51:48.139+0000][68][gc,cpu      ] GC(87) User=0.01s Sys=0.00s Real=0.02s
[2023-02-09T13:51:48.139+0000][68][gc          ] GC(88) Concurrent Mark Cycle
[2023-02-09T13:51:48.140+0000][68][gc,marking  ] GC(88) Concurrent Clear Claimed Marks
[2023-02-09T13:51:48.140+0000][68][safepoint   ] Safepoint "G1CollectForAllocation", Time since last: 637415588 ns, Reaching safepoint: 126843 ns, At safepoint: 12325651 ns, Total: 12452494 ns
[2023-02-09T13:51:48.141+0000][68][gc,marking  ] GC(88) Concurrent Clear Claimed Marks 0.718ms
[2023-02-09T13:51:48.142+0000][68][gc,marking  ] GC(88) Concurrent Scan Root Regions
[2023-02-09T13:51:48.145+0000][68][gc,marking  ] GC(88) Concurrent Scan Root Regions 3.344ms
[2023-02-09T13:51:48.146+0000][68][gc,marking  ] GC(88) Concurrent Mark
[2023-02-09T13:51:48.146+0000][68][gc,marking  ] GC(88) Concurrent Mark From Roots
[2023-02-09T13:51:48.147+0000][68][gc,task     ] GC(88) Using 1 workers of 1 for marking
[2023-02-09T13:51:48.266+0000][68][gc,marking  ] GC(88) Concurrent Mark From Roots 119.880ms
[2023-02-09T13:51:48.267+0000][68][gc,marking  ] GC(88) Concurrent Preclean
[2023-02-09T13:51:48.269+0000][68][gc,marking  ] GC(88) Concurrent Preclean 1.462ms
[2023-02-09T13:51:48.270+0000][68][gc,start    ] GC(88) Pause Remark
[2023-02-09T13:51:48.279+0000][68][gc          ] GC(88) Pause Remark 134M->134M(256M) 9.275ms
[2023-02-09T13:51:48.280+0000][68][gc,cpu      ] GC(88) User=0.03s Sys=0.00s Real=0.01s
[2023-02-09T13:51:48.281+0000][68][safepoint   ] Safepoint "G1PauseRemark", Time since last: 129678432 ns, Reaching safepoint: 324407 ns, At safepoint: 10524848 ns, Total: 10849255 ns
[2023-02-09T13:51:48.281+0000][68][gc,marking  ] GC(88) Concurrent Mark 135.688ms
[2023-02-09T13:51:48.282+0000][68][gc,marking  ] GC(88) Concurrent Rebuild Remembered Sets
[2023-02-09T13:51:48.345+0000][68][gc,marking  ] GC(88) Concurrent Rebuild Remembered Sets 63.146ms
[2023-02-09T13:51:48.346+0000][68][gc,start    ] GC(88) Pause Cleanup
[2023-02-09T13:51:48.347+0000][68][gc          ] GC(88) Pause Cleanup 135M->135M(256M) 0.584ms
[2023-02-09T13:51:48.347+0000][68][gc,cpu      ] GC(88) User=0.00s Sys=0.00s Real=0.00s
[2023-02-09T13:51:48.348+0000][68][safepoint   ] Safepoint "G1PauseCleanup", Time since last: 65275714 ns, Reaching safepoint: 115266 ns, At safepoint: 1591477 ns, Total: 1706743 ns
[2023-02-09T13:51:48.348+0000][68][gc,marking  ] GC(88) Concurrent Cleanup for Next Mark
[2023-02-09T13:51:48.349+0000][68][gc,marking  ] GC(88) Concurrent Cleanup for Next Mark 0.644ms
[2023-02-09T13:51:48.349+0000][68][gc          ] GC(88) Concurrent Mark Cycle 209.913ms
[2023-02-09T13:51:49.348+0000][68][safepoint   ] Safepoint "Cleanup", Time since last: 1000532029 ns, Reaching safepoint: 127151 ns, At safepoint: 3675 ns, Total: 130826 ns
[2023-02-09T13:51:50.349+0000][68][safepoint   ] Safepoint "Cleanup", Time since last: 1000811871 ns, Reaching safepoint: 98019 ns, At safepoint: 5063 ns, Total: 103082 ns
[2023-02-09T13:51:51.350+0000][68][safepoint   ] Safepoint "Cleanup", Time since last: 1000852732 ns, Reaching safepoint: 96055 ns, At safepoint: 3254 ns, Total: 99309 ns
[2023-02-09T13:51:52.324+0000][68][safepoint   ] Safepoint "Cleanup", Time since last: 1000801791 ns, Reaching safepoint: 71312 ns, At safepoint: 3898 ns, Total: 75210 ns
[2023-02-09T13:51:52.456+0000][68][gc,start    ] GC(89) Pause Young (Prepare Mixed) (G1 Evacuation Pause)
[2023-02-09T13:51:52.456+0000][68][gc,task     ] GC(89) Using 4 workers of 4 for evacuation
[2023-02-09T13:51:52.456+0000][68][gc,age      ] GC(89) Desired survivor size 6291456 bytes, new threshold 15 (max threshold 15)
[2023-02-09T13:51:52.460+0000][68][gc,phases   ] GC(89)   Pre Evacuate Collection Set: 0.1ms
[2023-02-09T13:51:52.460+0000][68][gc,phases   ] GC(89)   Merge Heap Roots: 0.1ms
[2023-02-09T13:51:52.461+0000][68][gc,phases   ] GC(89)   Evacuate Collection Set: 2.1ms
[2023-02-09T13:51:52.461+0000][68][gc,phases   ] GC(89)   Post Evacuate Collection Set: 0.7ms
[2023-02-09T13:51:52.461+0000][68][gc,phases   ] GC(89)   Other: 0.9ms
[2023-02-09T13:51:52.462+0000][68][gc,age      ] GC(89) Age table with threshold 15 (max threshold 15)
[2023-02-09T13:51:52.462+0000][68][gc,age      ] GC(89) - age   1:    2236696 bytes,    2236696 total
[2023-02-09T13:51:52.463+0000][68][gc,age      ] GC(89) - age   2:     423888 bytes,    2660584 total
[2023-02-09T13:51:52.463+0000][68][gc,age      ] GC(89) - age   3:     121808 bytes,    2782392 total
[2023-02-09T13:51:52.463+0000][68][gc,age      ] GC(89) - age   4:    1368480 bytes,    4150872 total
[2023-02-09T13:51:52.464+0000][68][gc,age      ] GC(89) - age   5:    2110784 bytes,    6261656 total
[2023-02-09T13:51:52.464+0000][68][gc,heap     ] GC(89) Eden regions: 17->0(1)
[2023-02-09T13:51:52.465+0000][68][gc,heap     ] GC(89) Survivor regions: 2->2(3)
[2023-02-09T13:51:52.465+0000][68][gc,heap     ] GC(89) Old regions: 29->29
[2023-02-09T13:51:52.465+0000][68][gc,heap     ] GC(89) Archive regions: 2->2
[2023-02-09T13:51:52.466+0000][68][gc,heap     ] GC(89) Humongous regions: 2->2
[2023-02-09T13:51:52.466+0000][68][gc,metaspace] GC(89) Metaspace: 139753K(143040K)->139753K(143040K) NonClass: 121629K(123008K)->121629K(123008K) Class: 18123K(20032K)->18123K(20032K)
[2023-02-09T13:51:52.467+0000][68][gc          ] GC(89) Pause Young (Prepare Mixed) (G1 Evacuation Pause) 201M->134M(256M) 10.966ms
[2023-02-09T13:51:52.467+0000][68][gc,cpu      ] GC(89) User=0.01s Sys=0.00s Real=0.01s
[2023-02-09T13:51:52.467+0000][68][safepoint   ] Safepoint "G1CollectForAllocation", Time since last: 131374697 ns, Reaching safepoint: 119672 ns, At safepoint: 11768232 ns, Total: 11887904 ns
[2023-02-09T13:51:52.567+0000][68][gc,start    ] GC(90) Pause Young (Mixed) (G1 Evacuation Pause)
[2023-02-09T13:51:52.567+0000][68][gc,task     ] GC(90) Using 4 workers of 4 for evacuation
[2023-02-09T13:51:52.568+0000][68][gc,age      ] GC(90) Desired survivor size 2097152 bytes, new threshold 1 (max threshold 15)
[2023-02-09T13:51:52.573+0000][68][gc,phases   ] GC(90)   Pre Evacuate Collection Set: 0.1ms
[2023-02-09T13:51:52.573+0000][68][gc,phases   ] GC(90)   Merge Heap Roots: 0.0ms
[2023-02-09T13:51:52.574+0000][68][gc,phases   ] GC(90)   Evacuate Collection Set: 3.4ms
[2023-02-09T13:51:52.574+0000][68][gc,phases   ] GC(90)   Post Evacuate Collection Set: 0.8ms
[2023-02-09T13:51:52.574+0000][68][gc,phases   ] GC(90)   Other: 1.0ms
[2023-02-09T13:51:52.575+0000][68][gc,age      ] GC(90) Age table with threshold 1 (max threshold 15)
[2023-02-09T13:51:52.575+0000][68][gc,age      ] GC(90) - age   1:     628752 bytes,     628752 total
[2023-02-09T13:51:52.576+0000][68][gc,heap     ] GC(90) Eden regions: 1->0(18)
[2023-02-09T13:51:52.576+0000][68][gc,heap     ] GC(90) Survivor regions: 2->1(1)
[2023-02-09T13:51:52.576+0000][68][gc,heap     ] GC(90) Old regions: 29->29
[2023-02-09T13:51:52.576+0000][68][gc,heap     ] GC(90) Archive regions: 2->2
[2023-02-09T13:51:52.577+0000][68][gc,heap     ] GC(90) Humongous regions: 2->2
[2023-02-09T13:51:52.577+0000][68][gc,metaspace] GC(90) Metaspace: 139753K(143040K)->139753K(143040K) NonClass: 121629K(123008K)->121629K(123008K) Class: 18123K(20032K)->18123K(20032K)
[2023-02-09T13:51:52.578+0000][68][gc          ] GC(90) Pause Young (Mixed) (G1 Evacuation Pause) 138M->128M(256M) 10.841ms
[2023-02-09T13:51:52.578+0000][68][gc,cpu      ] GC(90) User=0.01s Sys=0.00s Real=0.01s
[2023-02-09T13:51:52.579+0000][68][safepoint   ] Safepoint "G1CollectForAllocation", Time since last: 99330650 ns, Reaching safepoint: 111934 ns, At safepoint: 12197178 ns, Total: 12309112 ns
[2023-02-09T13:51:53.580+0000][68][safepoint   ] Safepoint "Cleanup", Time since last: 1000924860 ns, Reaching safepoint: 117253 ns, At safepoint: 4595 ns, Total: 121848 ns
[2023-02-09T13:51:54.582+0000][68][safepoint   ] Safepoint "Cleanup", Time since last: 1001176521 ns, Reaching safepoint: 396359 ns, At safepoint: 44995 ns, Total: 441354 ns
[2023-02-09T13:51:56.583+0000][68][safepoint   ] Safepoint "Cleanup", Time since last: 2001332474 ns, Reaching safepoint: 119980 ns, At safepoint: 34576 ns, Total: 154556 ns
[2023-02-09T13:51:57.227+0000][68][gc,start    ] GC(91) Pause Young (Normal) (G1 Evacuation Pause)
[2023-02-09T13:51:57.228+0000][68][gc,task     ] GC(91) Using 4 workers of 4 for evacuation
[2023-02-09T13:51:57.229+0000][68][gc,age      ] GC(91) Desired survivor size 6291456 bytes, new threshold 15 (max threshold 15)
[2023-02-09T13:51:57.231+0000][68][gc,phases   ] GC(91)   Pre Evacuate Collection Set: 0.2ms
[2023-02-09T13:51:57.232+0000][68][gc,phases   ] GC(91)   Merge Heap Roots: 0.1ms
[2023-02-09T13:51:57.233+0000][68][gc,phases   ] GC(91)   Evacuate Collection Set: 1.1ms
[2023-02-09T13:51:57.234+0000][68][gc,phases   ] GC(91)   Post Evacuate Collection Set: 0.7ms
[2023-02-09T13:51:57.235+0000][68][gc,phases   ] GC(91)   Other: 1.2ms
[2023-02-09T13:51:57.236+0000][68][gc,age      ] GC(91) Age table with threshold 15 (max threshold 15)
[2023-02-09T13:51:57.237+0000][68][gc,age      ] GC(91) - age   1:    1704056 bytes,    1704056 total
[2023-02-09T13:51:57.238+0000][68][gc,age      ] GC(91) - age   2:       9344 bytes,    1713400 total
[2023-02-09T13:51:57.239+0000][68][gc,heap     ] GC(91) Eden regions: 18->0(18)
[2023-02-09T13:51:57.240+0000][68][gc,heap     ] GC(91) Survivor regions: 1->1(3)
[2023-02-09T13:51:57.241+0000][68][gc,heap     ] GC(91) Old regions: 29->29
[2023-02-09T13:51:57.242+0000][68][gc,heap     ] GC(91) Archive regions: 2->2
[2023-02-09T13:51:57.243+0000][68][gc,heap     ] GC(91) Humongous regions: 2->2
[2023-02-09T13:51:57.244+0000][68][gc,metaspace] GC(91) Metaspace: 139777K(143040K)->139777K(143040K) NonClass: 121653K(123008K)->121653K(123008K) Class: 18123K(20032K)->18123K(20032K)
[2023-02-09T13:51:57.245+0000][68][gc          ] GC(91) Pause Young (Normal) (G1 Evacuation Pause) 200M->129M(256M) 17.405ms
[2023-02-09T13:51:57.246+0000][68][gc,cpu      ] GC(91) User=0.00s Sys=0.00s Real=0.02s
[2023-02-09T13:51:57.247+0000][68][safepoint   ] Safepoint "G1CollectForAllocation", Time since last: 644202759 ns, Reaching safepoint: 131526 ns, At safepoint: 19504806 ns, Total: 19636332 ns
[2023-02-09T13:51:59.248+0000][68][safepoint   ] Safepoint "Cleanup", Time since last: 2001165533 ns, Reaching safepoint: 109491 ns, At safepoint: 8807 ns, Total: 118298 ns
[2023-02-09T13:52:00.249+0000][68][safepoint   ] Safepoint "Cleanup", Time since last: 1000867501 ns, Reaching safepoint: 240967 ns, At safepoint: 13451 ns, Total: 254418 ns
[2023-02-09T13:52:01.250+0000][68][safepoint   ] Safepoint "Cleanup", Time since last: 1000995949 ns, Reaching safepoint: 159689 ns, At safepoint: 5812 ns, Total: 165501 ns
[2023-02-09T13:52:02.174+0000][68][gc,start    ] GC(92) Pause Young (Normal) (G1 Evacuation Pause)
[2023-02-09T13:52:02.174+0000][68][gc,task     ] GC(92) Using 4 workers of 4 for evacuation
[2023-02-09T13:52:02.175+0000][68][gc,age      ] GC(92) Desired survivor size 6291456 bytes, new threshold 15 (max threshold 15)
[2023-02-09T13:52:02.177+0000][68][gc,phases   ] GC(92)   Pre Evacuate Collection Set: 0.1ms
[2023-02-09T13:52:02.178+0000][68][gc,phases   ] GC(92)   Merge Heap Roots: 0.0ms
[2023-02-09T13:52:02.178+0000][68][gc,phases   ] GC(92)   Evacuate Collection Set: 0.9ms
[2023-02-09T13:52:02.179+0000][68][gc,phases   ] GC(92)   Post Evacuate Collection Set: 0.7ms
[2023-02-09T13:52:02.179+0000][68][gc,phases   ] GC(92)   Other: 0.9ms
[2023-02-09T13:52:02.179+0000][68][gc,age      ] GC(92) Age table with threshold 15 (max threshold 15)
[2023-02-09T13:52:02.180+0000][68][gc,age      ] GC(92) - age   1:     965784 bytes,     965784 total
[2023-02-09T13:52:02.180+0000][68][gc,age      ] GC(92) - age   2:     238216 bytes,    1204000 total
[2023-02-09T13:52:02.181+0000][68][gc,age      ] GC(92) - age   3:       9344 bytes,    1213344 total
[2023-02-09T13:52:02.181+0000][68][gc,heap     ] GC(92) Eden regions: 18->0(18)
[2023-02-09T13:52:02.181+0000][68][gc,heap     ] GC(92) Survivor regions: 1->1(3)
[2023-02-09T13:52:02.182+0000][68][gc,heap     ] GC(92) Old regions: 29->29
[2023-02-09T13:52:02.182+0000][68][gc,heap     ] GC(92) Archive regions: 2->2
[2023-02-09T13:52:02.183+0000][68][gc,heap     ] GC(92) Humongous regions: 2->2
[2023-02-09T13:52:02.183+0000][68][gc,metaspace] GC(92) Metaspace: 139794K(143104K)->139794K(143104K) NonClass: 121670K(123072K)->121670K(123072K) Class: 18123K(20032K)->18123K(20032K)
[2023-02-09T13:52:02.184+0000][68][gc          ] GC(92) Pause Young (Normal) (G1 Evacuation Pause) 201M->128M(256M) 10.189ms
[2023-02-09T13:52:02.184+0000][68][gc,cpu      ] GC(92) User=0.00s Sys=0.00s Real=0.01s
[2023-02-09T13:52:02.185+0000][68][safepoint   ] Safepoint "G1CollectForAllocation", Time since last: 923249036 ns, Reaching safepoint: 90224 ns, At safepoint: 11363513 ns, Total: 11453737 ns
[2023-02-09T13:52:03.186+0000][68][safepoint   ] Safepoint "Cleanup", Time since last: 1001040370 ns, Reaching safepoint: 227812 ns, At safepoint: 6552 ns, Total: 234364 ns
[2023-02-09T13:52:04.188+0000][68][safepoint   ] Safepoint "Cleanup", Time since last: 1001104077 ns, Reaching safepoint: 204955 ns, At safepoint: 9974 ns, Total: 214929 ns
[2023-02-09T13:52:05.189+0000][68][safepoint   ] Safepoint "Cleanup", Time since last: 1001048849 ns, Reaching safepoint: 114300 ns, At safepoint: 6669 ns, Total: 120969 ns
[2023-02-09T13:52:06.057+0000][68][gc,start    ] GC(93) Pause Young (Concurrent Start) (G1 Evacuation Pause)
[2023-02-09T13:52:06.058+0000][68][gc,task     ] GC(93) Using 4 workers of 4 for evacuation
[2023-02-09T13:52:06.058+0000][68][gc,age      ] GC(93) Desired survivor size 6291456 bytes, new threshold 15 (max threshold 15)
[2023-02-09T13:52:06.062+0000][68][gc,phases   ] GC(93)   Pre Evacuate Collection Set: 0.4ms
[2023-02-09T13:52:06.062+0000][68][gc,phases   ] GC(93)   Merge Heap Roots: 0.1ms
[2023-02-09T13:52:06.063+0000][68][gc,phases   ] GC(93)   Evacuate Collection Set: 1.4ms
[2023-02-09T13:52:06.063+0000][68][gc,phases   ] GC(93)   Post Evacuate Collection Set: 0.8ms
[2023-02-09T13:52:06.064+0000][68][gc,phases   ] GC(93)   Other: 1.0ms
[2023-02-09T13:52:06.064+0000][68][gc,age      ] GC(93) Age table with threshold 15 (max threshold 15)
[2023-02-09T13:52:06.064+0000][68][gc,age      ] GC(93) - age   1:    1585496 bytes,    1585496 total
[2023-02-09T13:52:06.065+0000][68][gc,age      ] GC(93) - age   2:      10440 bytes,    1595936 total
[2023-02-09T13:52:06.065+0000][68][gc,age      ] GC(93) - age   3:     125208 bytes,    1721144 total
[2023-02-09T13:52:06.066+0000][68][gc,age      ] GC(93) - age   4:       9344 bytes,    1730488 total
[2023-02-09T13:52:06.066+0000][68][gc,heap     ] GC(93) Eden regions: 18->0(18)
[2023-02-09T13:52:06.067+0000][68][gc,heap     ] GC(93) Survivor regions: 1->1(3)
[2023-02-09T13:52:06.067+0000][68][gc,heap     ] GC(93) Old regions: 29->29
[2023-02-09T13:52:06.067+0000][68][gc,heap     ] GC(93) Archive regions: 2->2
[2023-02-09T13:52:06.068+0000][68][gc,heap     ] GC(93) Humongous regions: 2->2
[2023-02-09T13:52:06.068+0000][68][gc,metaspace] GC(93) Metaspace: 139829K(143168K)->139829K(143168K) NonClass: 121705K(123136K)->121705K(123136K) Class: 18123K(20032K)->18123K(20032K)
[2023-02-09T13:52:06.069+0000][68][gc          ] GC(93) Pause Young (Concurrent Start) (G1 Evacuation Pause) 200M->129M(256M) 11.497ms
[2023-02-09T13:52:06.069+0000][68][gc          ] GC(94) Concurrent Mark Cycle
[2023-02-09T13:52:06.070+0000][68][gc,marking  ] GC(94) Concurrent Clear Claimed Marks
[2023-02-09T13:52:06.069+0000][68][gc,cpu      ] GC(93) User=0.01s Sys=0.00s Real=0.01s
[2023-02-09T13:52:06.071+0000][68][gc,marking  ] GC(94) Concurrent Clear Claimed Marks 0.735ms
[2023-02-09T13:52:06.071+0000][68][gc,marking  ] GC(94) Concurrent Scan Root Regions
[2023-02-09T13:52:06.071+0000][68][safepoint   ] Safepoint "G1CollectForAllocation", Time since last: 868209442 ns, Reaching safepoint: 127437 ns, At safepoint: 13625956 ns, Total: 13753393 ns
[2023-02-09T13:52:06.073+0000][68][gc,marking  ] GC(94) Concurrent Scan Root Regions 2.004ms
[2023-02-09T13:52:06.074+0000][68][gc,marking  ] GC(94) Concurrent Mark
[2023-02-09T13:52:06.074+0000][68][gc,marking  ] GC(94) Concurrent Mark From Roots
[2023-02-09T13:52:06.075+0000][68][gc,task     ] GC(94) Using 1 workers of 1 for marking
[2023-02-09T13:52:06.192+0000][68][gc,marking  ] GC(94) Concurrent Mark From Roots 117.195ms
[2023-02-09T13:52:06.192+0000][68][gc,marking  ] GC(94) Concurrent Preclean
[2023-02-09T13:52:06.195+0000][68][gc,marking  ] GC(94) Concurrent Preclean 2.306ms
[2023-02-09T13:52:06.196+0000][68][gc,start    ] GC(94) Pause Remark
[2023-02-09T13:52:06.205+0000][68][gc          ] GC(94) Pause Remark 129M->129M(256M) 8.910ms
[2023-02-09T13:52:06.205+0000][68][gc,cpu      ] GC(94) User=0.02s Sys=0.01s Real=0.01s
[2023-02-09T13:52:06.206+0000][68][safepoint   ] Safepoint "G1PauseRemark", Time since last: 124582316 ns, Reaching safepoint: 132598 ns, At safepoint: 10259238 ns, Total: 10391836 ns
[2023-02-09T13:52:06.206+0000][68][gc,marking  ] GC(94) Concurrent Mark 132.590ms
[2023-02-09T13:52:06.207+0000][68][gc,marking  ] GC(94) Concurrent Rebuild Remembered Sets
[2023-02-09T13:52:06.279+0000][68][gc,marking  ] GC(94) Concurrent Rebuild Remembered Sets 72.341ms
[2023-02-09T13:52:06.280+0000][68][gc,start    ] GC(94) Pause Cleanup
[2023-02-09T13:52:06.281+0000][68][gc          ] GC(94) Pause Cleanup 131M->131M(256M) 0.682ms
[2023-02-09T13:52:06.281+0000][68][gc,cpu      ] GC(94) User=0.00s Sys=0.00s Real=0.00s
[2023-02-09T13:52:06.282+0000][68][safepoint   ] Safepoint "G1PauseCleanup", Time since last: 73929223 ns, Reaching safepoint: 224641 ns, At safepoint: 1542967 ns, Total: 1767608 ns
[2023-02-09T13:52:06.282+0000][68][gc,marking  ] GC(94) Concurrent Cleanup for Next Mark
[2023-02-09T13:52:06.283+0000][68][gc,marking  ] GC(94) Concurrent Cleanup for Next Mark 0.724ms
[2023-02-09T13:52:06.283+0000][68][gc          ] GC(94) Concurrent Mark Cycle 214.121ms
[2023-02-09T13:52:07.282+0000][68][safepoint   ] Safepoint "Cleanup", Time since last: 1000580794 ns, Reaching safepoint: 110818 ns, At safepoint: 4101 ns, Total: 114919 ns
[2023-02-09T13:52:08.283+0000][68][safepoint   ] Safepoint "Cleanup", Time since last: 1000638510 ns, Reaching safepoint: 106866 ns, At safepoint: 3524 ns, Total: 110390 ns
[2023-02-09T13:52:09.285+0000][68][safepoint   ] Safepoint "Cleanup", Time since last: 1001273398 ns, Reaching safepoint: 469210 ns, At safepoint: 15363 ns, Total: 484573 ns
[2023-02-09T13:52:10.288+0000][68][safepoint   ] Safepoint "Cleanup", Time since last: 1003319215 ns, Reaching safepoint: 121475 ns, At safepoint: 4072 ns, Total: 125547 ns
[2023-02-09T13:52:11.501+0000][68][gc,start    ] GC(95) Pause Young (Prepare Mixed) (G1 Evacuation Pause)
[2023-02-09T13:52:11.502+0000][68][gc,task     ] GC(95) Using 4 workers of 4 for evacuation
[2023-02-09T13:52:11.503+0000][68][gc,age      ] GC(95) Desired survivor size 6291456 bytes, new threshold 15 (max threshold 15)
[2023-02-09T13:52:11.525+0000][68][gc,phases   ] GC(95)   Pre Evacuate Collection Set: 0.2ms
[2023-02-09T13:52:11.526+0000][68][gc,phases   ] GC(95)   Merge Heap Roots: 16.0ms
[2023-02-09T13:52:11.527+0000][68][gc,phases   ] GC(95)   Evacuate Collection Set: 3.2ms
[2023-02-09T13:52:11.528+0000][68][gc,phases   ] GC(95)   Post Evacuate Collection Set: 1.3ms
[2023-02-09T13:52:11.529+0000][68][gc,phases   ] GC(95)   Other: 1.8ms
[2023-02-09T13:52:11.530+0000][68][gc,age      ] GC(95) Age table with threshold 15 (max threshold 15)
[2023-02-09T13:52:11.531+0000][68][gc,age      ] GC(95) - age   1:    1491320 bytes,    1491320 total
[2023-02-09T13:52:11.531+0000][68][gc,age      ] GC(95) - age   2:     249048 bytes,    1740368 total
[2023-02-09T13:52:11.532+0000][68][gc,age      ] GC(95) - age   3:       5408 bytes,    1745776 total
[2023-02-09T13:52:11.533+0000][68][gc,age      ] GC(95) - age   4:      95336 bytes,    1841112 total
[2023-02-09T13:52:11.534+0000][68][gc,age      ] GC(95) - age   5:       5224 bytes,    1846336 total
[2023-02-09T13:52:11.534+0000][68][gc,heap     ] GC(95) Eden regions: 18->0(2)
[2023-02-09T13:52:11.535+0000][68][gc,heap     ] GC(95) Survivor regions: 1->1(3)
[2023-02-09T13:52:11.536+0000][68][gc,heap     ] GC(95) Old regions: 29->29
[2023-02-09T13:52:11.536+0000][68][gc,heap     ] GC(95) Archive regions: 2->2
[2023-02-09T13:52:11.537+0000][68][gc,heap     ] GC(95) Humongous regions: 2->2
[2023-02-09T13:52:11.537+0000][68][gc,metaspace] GC(95) Metaspace: 139902K(143232K)->139902K(143232K) NonClass: 121772K(123200K)->121772K(123200K) Class: 18129K(20032K)->18129K(20032K)
[2023-02-09T13:52:11.539+0000][68][gc          ] GC(95) Pause Young (Prepare Mixed) (G1 Evacuation Pause) 201M->129M(256M) 37.905ms
[2023-02-09T13:52:11.540+0000][68][gc,cpu      ] GC(95) User=0.01s Sys=0.00s Real=0.04s
[2023-02-09T13:52:11.540+0000][68][safepoint   ] Safepoint "G1CollectForAllocation", Time since last: 1212419705 ns, Reaching safepoint: 318985 ns, At safepoint: 39515722 ns, Total: 39834707 ns
[2023-02-09T13:52:12.543+0000][68][safepoint   ] Safepoint "Cleanup", Time since last: 1001159262 ns, Reaching safepoint: 435409 ns, At safepoint: 569579 ns, Total: 1004988 ns
[2023-02-09T13:52:14.547+0000][68][safepoint   ] Safepoint "Cleanup", Time since last: 2003730163 ns, Reaching safepoint: 366112 ns, At safepoint: 32436 ns, Total: 398548 ns
[2023-02-09T13:52:14.753+0000][68][gc,start    ] GC(96) Pause Young (Mixed) (G1 Evacuation Pause)
[2023-02-09T13:52:14.754+0000][68][gc,task     ] GC(96) Using 4 workers of 4 for evacuation
[2023-02-09T13:52:14.755+0000][68][gc,age      ] GC(96) Desired survivor size 2097152 bytes, new threshold 15 (max threshold 15)
[2023-02-09T13:52:14.762+0000][68][gc,phases   ] GC(96)   Pre Evacuate Collection Set: 0.1ms
[2023-02-09T13:52:14.762+0000][68][gc,phases   ] GC(96)   Merge Heap Roots: 0.2ms
[2023-02-09T13:52:14.763+0000][68][gc,phases   ] GC(96)   Evacuate Collection Set: 4.9ms
[2023-02-09T13:52:14.763+0000][68][gc,phases   ] GC(96)   Post Evacuate Collection Set: 0.8ms
[2023-02-09T13:52:14.764+0000][68][gc,phases   ] GC(96)   Other: 1.5ms
[2023-02-09T13:52:14.764+0000][68][gc,age      ] GC(96) Age table with threshold 15 (max threshold 15)
[2023-02-09T13:52:14.765+0000][68][gc,age      ] GC(96) - age   1:     256904 bytes,     256904 total
[2023-02-09T13:52:14.765+0000][68][gc,age      ] GC(96) - age   2:    1349912 bytes,    1606816 total
[2023-02-09T13:52:14.766+0000][68][gc,age      ] GC(96) - age   3:     248776 bytes,    1855592 total
[2023-02-09T13:52:14.766+0000][68][gc,age      ] GC(96) - age   4:       5408 bytes,    1861000 total
[2023-02-09T13:52:14.766+0000][68][gc,age      ] GC(96) - age   5:      95272 bytes,    1956272 total
[2023-02-09T13:52:14.767+0000][68][gc,age      ] GC(96) - age   6:       5224 bytes,    1961496 total
[2023-02-09T13:52:14.767+0000][68][gc,heap     ] GC(96) Eden regions: 2->0(19)
[2023-02-09T13:52:14.767+0000][68][gc,heap     ] GC(96) Survivor regions: 1->1(1)
[2023-02-09T13:52:14.768+0000][68][gc,heap     ] GC(96) Old regions: 29->28
[2023-02-09T13:52:14.768+0000][68][gc,heap     ] GC(96) Archive regions: 2->2
[2023-02-09T13:52:14.768+0000][68][gc,heap     ] GC(96) Humongous regions: 2->2
[2023-02-09T13:52:14.769+0000][68][gc,metaspace] GC(96) Metaspace: 139903K(143232K)->139903K(143232K) NonClass: 121774K(123200K)->121774K(123200K) Class: 18129K(20032K)->18129K(20032K)
[2023-02-09T13:52:14.769+0000][68][gc          ] GC(96) Pause Young (Mixed) (G1 Evacuation Pause) 137M->124M(256M) 16.056ms
[2023-02-09T13:52:14.772+0000][68][gc,cpu      ] GC(96) User=0.02s Sys=0.00s Real=0.01s
[2023-02-09T13:52:14.773+0000][68][safepoint   ] Safepoint "G1CollectForAllocation", Time since last: 206289174 ns, Reaching safepoint: 213024 ns, At safepoint: 19415026 ns, Total: 19628050 ns
[2023-02-09T13:52:15.775+0000][68][safepoint   ] Safepoint "Cleanup", Time since last: 1001898630 ns, Reaching safepoint: 376659 ns, At safepoint: 20627 ns, Total: 397286 ns
[2023-02-09T13:52:17.782+0000][68][safepoint   ] Safepoint "Cleanup", Time since last: 2005018486 ns, Reaching safepoint: 1384774 ns, At safepoint: 173699 ns, Total: 1558473 ns
[2023-02-09T13:52:20.787+0000][68][safepoint   ] Safepoint "Cleanup", Time since last: 3004954218 ns, Reaching safepoint: 107457 ns, At safepoint: 3968 ns, Total: 111425 ns
[2023-02-09T13:52:22.764+0000][68][safepoint   ] Safepoint "Cleanup", Time since last: 2002804209 ns, Reaching safepoint: 290809 ns, At safepoint: 14460 ns, Total: 305269 ns
[2023-02-09T13:52:23.771+0000][68][safepoint   ] Safepoint "Cleanup", Time since last: 1005079739 ns, Reaching safepoint: 973677 ns, At safepoint: 30752 ns, Total: 1004429 ns
[2023-02-09T13:52:26.778+0000][68][safepoint   ] Safepoint "Cleanup", Time since last: 3006740851 ns, Reaching safepoint: 213676 ns, At safepoint: 5626 ns, Total: 219302 ns
[2023-02-09T13:52:27.782+0000][68][safepoint   ] Safepoint "Cleanup", Time since last: 1003593100 ns, Reaching safepoint: 1005365 ns, At safepoint: 177696 ns, Total: 1183061 ns
[2023-02-09T13:52:28.787+0000][68][safepoint   ] Safepoint "Cleanup", Time since last: 1003967765 ns, Reaching safepoint: 245997 ns, At safepoint: 12490 ns, Total: 258487 ns
[2023-02-09T13:52:29.790+0000][68][safepoint   ] Safepoint "Cleanup", Time since last: 1003760186 ns, Reaching safepoint: 142988 ns, At safepoint: 11546 ns, Total: 154534 ns
[2023-02-09T13:52:32.797+0000][68][safepoint   ] Safepoint "Cleanup", Time since last: 3005608807 ns, Reaching safepoint: 862915 ns, At safepoint: 47610 ns, Total: 910525 ns
[2023-02-09T13:52:33.801+0000][68][safepoint   ] Safepoint "Cleanup", Time since last: 1003418004 ns, Reaching safepoint: 365938 ns, At safepoint: 12129 ns, Total: 378067 ns
[2023-02-09T13:52:34.458+0000][68][gc,start    ] GC(97) Pause Young (Normal) (G1 Evacuation Pause)
[2023-02-09T13:52:34.460+0000][68][gc,task     ] GC(97) Using 4 workers of 4 for evacuation
[2023-02-09T13:52:34.461+0000][68][gc,age      ] GC(97) Desired survivor size 6291456 bytes, new threshold 15 (max threshold 15)
[2023-02-09T13:52:34.468+0000][68][gc,phases   ] GC(97)   Pre Evacuate Collection Set: 0.3ms
[2023-02-09T13:52:34.469+0000][68][gc,phases   ] GC(97)   Merge Heap Roots: 0.2ms
[2023-02-09T13:52:34.470+0000][68][gc,phases   ] GC(97)   Evacuate Collection Set: 4.3ms
[2023-02-09T13:52:34.471+0000][68][gc,phases   ] GC(97)   Post Evacuate Collection Set: 1.5ms
[2023-02-09T13:52:34.472+0000][68][gc,phases   ] GC(97)   Other: 2.0ms
[2023-02-09T13:52:34.472+0000][68][gc,age      ] GC(97) Age table with threshold 15 (max threshold 15)
[2023-02-09T13:52:34.473+0000][68][gc,age      ] GC(97) - age   1:    1407272 bytes,    1407272 total
[2023-02-09T13:52:34.474+0000][68][gc,age      ] GC(97) - age   2:      10032 bytes,    1417304 total
[2023-02-09T13:52:34.478+0000][68][gc,age      ] GC(97) - age   3:    1010952 bytes,    2428256 total
[2023-02-09T13:52:34.479+0000][68][gc,age      ] GC(97) - age   4:      22672 bytes,    2450928 total
[2023-02-09T13:52:34.480+0000][68][gc,age      ] GC(97) - age   5:       4472 bytes,    2455400 total
[2023-02-09T13:52:34.481+0000][68][gc,age      ] GC(97) - age   6:      95080 bytes,    2550480 total
[2023-02-09T13:52:34.482+0000][68][gc,age      ] GC(97) - age   7:       5224 bytes,    2555704 total
[2023-02-09T13:52:34.483+0000][68][gc,heap     ] GC(97) Eden regions: 19->0(19)
[2023-02-09T13:52:34.483+0000][68][gc,heap     ] GC(97) Survivor regions: 1->1(3)
[2023-02-09T13:52:34.484+0000][68][gc,heap     ] GC(97) Old regions: 28->28
[2023-02-09T13:52:34.485+0000][68][gc,heap     ] GC(97) Archive regions: 2->2
[2023-02-09T13:52:34.485+0000][68][gc,heap     ] GC(97) Humongous regions: 2->2
[2023-02-09T13:52:34.486+0000][68][gc,metaspace] GC(97) Metaspace: 140084K(143360K)->140084K(143360K) NonClass: 121952K(123328K)->121952K(123328K) Class: 18132K(20032K)->18132K(20032K)
[2023-02-09T13:52:34.487+0000][68][gc          ] GC(97) Pause Young (Normal) (G1 Evacuation Pause) 200M->125M(256M) 29.283ms
[2023-02-09T13:52:34.488+0000][68][gc,cpu      ] GC(97) User=0.01s Sys=0.01s Real=0.03s
[2023-02-09T13:52:34.489+0000][68][safepoint   ] Safepoint "G1CollectForAllocation", Time since last: 656557175 ns, Reaching safepoint: 319220 ns, At safepoint: 31191015 ns, Total: 31510235 ns
[2023-02-09T13:52:35.490+0000][68][safepoint   ] Safepoint "Cleanup", Time since last: 1000978284 ns, Reaching safepoint: 156181 ns, At safepoint: 9396 ns, Total: 165577 ns
[2023-02-09T13:52:37.493+0000][68][safepoint   ] Safepoint "Cleanup", Time since last: 2002237439 ns, Reaching safepoint: 476430 ns, At safepoint: 15266 ns, Total: 491696 ns
[2023-02-09T13:52:38.496+0000][68][safepoint   ] Safepoint "Cleanup", Time since last: 1003247478 ns, Reaching safepoint: 171338 ns, At safepoint: 33528 ns, Total: 204866 ns
[2023-02-09T13:52:39.499+0000][68][safepoint   ] Safepoint "Cleanup", Time since last: 1002302156 ns, Reaching safepoint: 161244 ns, At safepoint: 7062 ns, Total: 168306 ns
[2023-02-09T13:52:40.502+0000][68][safepoint   ] Safepoint "Cleanup", Time since last: 1002764909 ns, Reaching safepoint: 225827 ns, At safepoint: 16894 ns, Total: 242721 ns
[2023-02-09T13:52:41.504+0000][68][safepoint   ] Safepoint "Cleanup", Time since last: 1002359244 ns, Reaching safepoint: 70859 ns, At safepoint: 2636 ns, Total: 73495 ns
[2023-02-09T13:52:42.505+0000][68][safepoint   ] Safepoint "Cleanup", Time since last: 1001074869 ns, Reaching safepoint: 114596 ns, At safepoint: 7649 ns, Total: 122245 ns
[2023-02-09T13:52:44.512+0000][68][safepoint   ] Safepoint "Cleanup", Time since last: 2007066745 ns, Reaching safepoint: 85819 ns, At safepoint: 2973 ns, Total: 88792 ns
[2023-02-09T13:52:45.519+0000][68][safepoint   ] Safepoint "Cleanup", Time since last: 1006024479 ns, Reaching safepoint: 365344 ns, At safepoint: 89885 ns, Total: 455229 ns
[2023-02-09T13:52:46.525+0000][68][safepoint   ] Safepoint "Cleanup", Time since last: 1005977855 ns, Reaching safepoint: 125600 ns, At safepoint: 4859 ns, Total: 130459 ns
[2023-02-09T13:52:47.527+0000][68][safepoint   ] Safepoint "Cleanup", Time since last: 1001746491 ns, Reaching safepoint: 133606 ns, At safepoint: 5296 ns, Total: 138902 ns
[2023-02-09T13:52:47.852+0000][68][gc,start    ] GC(98) Pause Young (Normal) (G1 Evacuation Pause)
[2023-02-09T13:52:47.853+0000][68][gc,task     ] GC(98) Using 4 workers of 4 for evacuation
[2023-02-09T13:52:47.854+0000][68][gc,age      ] GC(98) Desired survivor size 6291456 bytes, new threshold 15 (max threshold 15)
[2023-02-09T13:52:47.863+0000][68][gc,phases   ] GC(98)   Pre Evacuate Collection Set: 0.1ms
[2023-02-09T13:52:47.864+0000][68][gc,phases   ] GC(98)   Merge Heap Roots: 0.1ms
[2023-02-09T13:52:47.865+0000][68][gc,phases   ] GC(98)   Evacuate Collection Set: 6.8ms
[2023-02-09T13:52:47.866+0000][68][gc,phases   ] GC(98)   Post Evacuate Collection Set: 1.0ms
[2023-02-09T13:52:47.867+0000][68][gc,phases   ] GC(98)   Other: 1.9ms
[2023-02-09T13:52:47.868+0000][68][gc,age      ] GC(98) Age table with threshold 15 (max threshold 15)
[2023-02-09T13:52:47.868+0000][68][gc,age      ] GC(98) - age   1:    4034448 bytes,    4034448 total
[2023-02-09T13:52:47.869+0000][68][gc,age      ] GC(98) - age   2:     984576 bytes,    5019024 total
[2023-02-09T13:52:47.870+0000][68][gc,age      ] GC(98) - age   3:       9840 bytes,    5028864 total
[2023-02-09T13:52:47.871+0000][68][gc,age      ] GC(98) - age   4:    1008344 bytes,    6037208 total
[2023-02-09T13:52:47.872+0000][68][gc,age      ] GC(98) - age   5:      17992 bytes,    6055200 total
[2023-02-09T13:52:47.872+0000][68][gc,age      ] GC(98) - age   6:       4472 bytes,    6059672 total
[2023-02-09T13:52:47.873+0000][68][gc,age      ] GC(98) - age   7:      95080 bytes,    6154752 total
[2023-02-09T13:52:47.874+0000][68][gc,age      ] GC(98) - age   8:       5224 bytes,    6159976 total
[2023-02-09T13:52:47.875+0000][68][gc,heap     ] GC(98) Eden regions: 19->0(18)
[2023-02-09T13:52:47.876+0000][68][gc,heap     ] GC(98) Survivor regions: 1->2(3)
[2023-02-09T13:52:47.876+0000][68][gc,heap     ] GC(98) Old regions: 28->28
[2023-02-09T13:52:47.877+0000][68][gc,heap     ] GC(98) Archive regions: 2->2
[2023-02-09T13:52:47.877+0000][68][gc,heap     ] GC(98) Humongous regions: 2->2
[2023-02-09T13:52:47.878+0000][68][gc,metaspace] GC(98) Metaspace: 140191K(143424K)->140191K(143424K) NonClass: 122053K(123392K)->122053K(123392K) Class: 18138K(20032K)->18138K(20032K)
[2023-02-09T13:52:47.879+0000][68][gc          ] GC(98) Pause Young (Normal) (G1 Evacuation Pause) 201M->128M(256M) 26.535ms
[2023-02-09T13:52:47.880+0000][68][gc,cpu      ] GC(98) User=0.02s Sys=0.00s Real=0.03s
[2023-02-09T13:52:47.880+0000][68][safepoint   ] Safepoint "G1CollectForAllocation", Time since last: 325503921 ns, Reaching safepoint: 73632 ns, At safepoint: 27872899 ns, Total: 27946531 ns
[2023-02-09T13:52:48.387+0000][68][gc,start    ] GC(99) Pause Young (Concurrent Start) (G1 Evacuation Pause)
[2023-02-09T13:52:48.388+0000][68][gc,task     ] GC(99) Using 4 workers of 4 for evacuation
[2023-02-09T13:52:48.389+0000][68][gc,age      ] GC(99) Desired survivor size 6291456 bytes, new threshold 15 (max threshold 15)
[2023-02-09T13:52:48.397+0000][68][gc,phases   ] GC(99)   Pre Evacuate Collection Set: 0.5ms
[2023-02-09T13:52:48.398+0000][68][gc,phases   ] GC(99)   Merge Heap Roots: 0.1ms
[2023-02-09T13:52:48.399+0000][68][gc,phases   ] GC(99)   Evacuate Collection Set: 5.2ms
[2023-02-09T13:52:48.399+0000][68][gc,phases   ] GC(99)   Post Evacuate Collection Set: 0.8ms
[2023-02-09T13:52:48.400+0000][68][gc,phases   ] GC(99)   Other: 1.8ms
[2023-02-09T13:52:48.401+0000][68][gc,age      ] GC(99) Age table with threshold 15 (max threshold 15)
[2023-02-09T13:52:48.402+0000][68][gc,age      ] GC(99) - age   1:    2454752 bytes,    2454752 total
[2023-02-09T13:52:48.403+0000][68][gc,age      ] GC(99) - age   2:    1688536 bytes,    4143288 total
[2023-02-09T13:52:48.404+0000][68][gc,age      ] GC(99) - age   3:     984576 bytes,    5127864 total
[2023-02-09T13:52:48.405+0000][68][gc,age      ] GC(99) - age   4:       9840 bytes,    5137704 total
[2023-02-09T13:52:48.406+0000][68][gc,age      ] GC(99) - age   5:    1008280 bytes,    6145984 total
[2023-02-09T13:52:48.407+0000][68][gc,age      ] GC(99) - age   6:      17992 bytes,    6163976 total
[2023-02-09T13:52:48.408+0000][68][gc,age      ] GC(99) - age   7:       4472 bytes,    6168448 total
[2023-02-09T13:52:48.409+0000][68][gc,age      ] GC(99) - age   8:      95080 bytes,    6263528 total
[2023-02-09T13:52:48.410+0000][68][gc,age      ] GC(99) - age   9:       5224 bytes,    6268752 total
[2023-02-09T13:52:48.410+0000][68][gc,heap     ] GC(99) Eden regions: 18->0(17)
[2023-02-09T13:52:48.411+0000][68][gc,heap     ] GC(99) Survivor regions: 2->2(3)
[2023-02-09T13:52:48.412+0000][68][gc,heap     ] GC(99) Old regions: 28->28
[2023-02-09T13:52:48.413+0000][68][gc,heap     ] GC(99) Archive regions: 2->2
[2023-02-09T13:52:48.414+0000][68][gc,heap     ] GC(99) Humongous regions: 2->2
[2023-02-09T13:52:48.415+0000][68][gc,metaspace] GC(99) Metaspace: 140220K(143488K)->140220K(143488K) NonClass: 122082K(123456K)->122082K(123456K) Class: 18138K(20032K)->18138K(20032K)
[2023-02-09T13:52:48.415+0000][68][gc          ] GC(99) Pause Young (Concurrent Start) (G1 Evacuation Pause) 200M->128M(256M) 28.145ms
[2023-02-09T13:52:48.416+0000][68][gc          ] GC(100) Concurrent Mark Cycle
[2023-02-09T13:52:48.417+0000][68][gc,marking  ] GC(100) Concurrent Clear Claimed Marks
[2023-02-09T13:52:48.419+0000][68][gc,marking  ] GC(100) Concurrent Clear Claimed Marks 1.446ms
[2023-02-09T13:52:48.420+0000][68][gc,marking  ] GC(100) Concurrent Scan Root Regions
[2023-02-09T13:52:48.417+0000][68][gc,cpu      ] GC(99) User=0.01s Sys=0.01s Real=0.02s
[2023-02-09T13:52:48.422+0000][68][safepoint   ] Safepoint "G1CollectForAllocation", Time since last: 506444152 ns, Reaching safepoint: 383169 ns, At safepoint: 35224575 ns, Total: 35607744 ns
[2023-02-09T13:52:48.429+0000][68][gc,marking  ] GC(100) Concurrent Scan Root Regions 8.968ms
[2023-02-09T13:52:48.430+0000][68][gc,marking  ] GC(100) Concurrent Mark
[2023-02-09T13:52:48.431+0000][68][gc,marking  ] GC(100) Concurrent Mark From Roots
[2023-02-09T13:52:48.431+0000][68][gc,task     ] GC(100) Using 1 workers of 1 for marking
[2023-02-09T13:52:48.597+0000][68][gc,marking  ] GC(100) Concurrent Mark From Roots 166.383ms
[2023-02-09T13:52:48.598+0000][68][gc,marking  ] GC(100) Concurrent Preclean
[2023-02-09T13:52:48.599+0000][68][gc,marking  ] GC(100) Concurrent Preclean 1.255ms
[2023-02-09T13:52:48.601+0000][68][gc,start    ] GC(100) Pause Remark
[2023-02-09T13:52:48.623+0000][68][gc          ] GC(100) Pause Remark 134M->134M(256M) 21.886ms
[2023-02-09T13:52:48.625+0000][68][gc,cpu      ] GC(100) User=0.05s Sys=0.00s Real=0.02s
[2023-02-09T13:52:48.627+0000][68][safepoint   ] Safepoint "G1PauseRemark", Time since last: 177460012 ns, Reaching safepoint: 832704 ns, At safepoint: 26050847 ns, Total: 26883551 ns
[2023-02-09T13:52:48.628+0000][68][gc,marking  ] GC(100) Concurrent Mark 198.274ms
[2023-02-09T13:52:48.629+0000][68][gc,marking  ] GC(100) Concurrent Rebuild Remembered Sets
[2023-02-09T13:52:48.737+0000][68][gc,marking  ] GC(100) Concurrent Rebuild Remembered Sets 107.974ms
[2023-02-09T13:52:48.742+0000][68][gc,start    ] GC(100) Pause Cleanup
[2023-02-09T13:52:48.743+0000][68][gc          ] GC(100) Pause Cleanup 143M->143M(256M) 1.649ms
[2023-02-09T13:52:48.745+0000][68][gc,cpu      ] GC(100) User=0.00s Sys=0.00s Real=0.00s
[2023-02-09T13:52:48.746+0000][68][safepoint   ] Safepoint "G1PauseCleanup", Time since last: 114214565 ns, Reaching safepoint: 841490 ns, At safepoint: 3732544 ns, Total: 4574034 ns
[2023-02-09T13:52:48.747+0000][68][gc,marking  ] GC(100) Concurrent Cleanup for Next Mark
[2023-02-09T13:52:48.749+0000][68][gc,marking  ] GC(100) Concurrent Cleanup for Next Mark 2.462ms
[2023-02-09T13:52:48.751+0000][68][gc          ] GC(100) Concurrent Mark Cycle 335.185ms
[2023-02-09T13:52:50.439+0000][68][safepoint   ] Safepoint "Cleanup", Time since last: 1692817427 ns, Reaching safepoint: 154579 ns, At safepoint: 25908 ns, Total: 180487 ns
[2023-02-09T13:52:51.417+0000][68][safepoint   ] Safepoint "Cleanup", Time since last: 1000808942 ns, Reaching safepoint: 243793 ns, At safepoint: 30795 ns, Total: 274588 ns
[2023-02-09T13:52:53.419+0000][68][safepoint   ] Safepoint "Cleanup", Time since last: 2001823394 ns, Reaching safepoint: 258053 ns, At safepoint: 11692 ns, Total: 269745 ns
[2023-02-09T13:52:54.425+0000][68][safepoint   ] Safepoint "Cleanup", Time since last: 1004448664 ns, Reaching safepoint: 643867 ns, At safepoint: 182373 ns, Total: 826240 ns
[2023-02-09T13:52:56.452+0000][68][gc,start    ] GC(101) Pause Young (Prepare Mixed) (G1 Evacuation Pause)
[2023-02-09T13:52:56.454+0000][68][gc,task     ] GC(101) Using 4 workers of 4 for evacuation
[2023-02-09T13:52:56.455+0000][68][gc,age      ] GC(101) Desired survivor size 6291456 bytes, new threshold 15 (max threshold 15)
[2023-02-09T13:52:56.467+0000][68][gc,phases   ] GC(101)   Pre Evacuate Collection Set: 0.1ms
[2023-02-09T13:52:56.468+0000][68][gc,phases   ] GC(101)   Merge Heap Roots: 0.2ms
[2023-02-09T13:52:56.469+0000][68][gc,phases   ] GC(101)   Evacuate Collection Set: 9.2ms
[2023-02-09T13:52:56.470+0000][68][gc,phases   ] GC(101)   Post Evacuate Collection Set: 1.1ms
[2023-02-09T13:52:56.470+0000][68][gc,phases   ] GC(101)   Other: 2.7ms
[2023-02-09T13:52:56.471+0000][68][gc,age      ] GC(101) Age table with threshold 15 (max threshold 15)
[2023-02-09T13:52:56.472+0000][68][gc,age      ] GC(101) - age   1:    1470248 bytes,    1470248 total
[2023-02-09T13:52:56.472+0000][68][gc,age      ] GC(101) - age   2:    2413208 bytes,    3883456 total
[2023-02-09T13:52:56.473+0000][68][gc,age      ] GC(101) - age   3:     174776 bytes,    4058232 total
[2023-02-09T13:52:56.474+0000][68][gc,age      ] GC(101) - age   4:      64560 bytes,    4122792 total
[2023-02-09T13:52:56.475+0000][68][gc,age      ] GC(101) - age   5:       9840 bytes,    4132632 total
[2023-02-09T13:52:56.476+0000][68][gc,age      ] GC(101) - age   6:    1006272 bytes,    5138904 total
[2023-02-09T13:52:56.477+0000][68][gc,age      ] GC(101) - age   7:      10168 bytes,    5149072 total
[2023-02-09T13:52:56.477+0000][68][gc,age      ] GC(101) - age   8:       1448 bytes,    5150520 total
[2023-02-09T13:52:56.478+0000][68][gc,age      ] GC(101) - age   9:      91768 bytes,    5242288 total
[2023-02-09T13:52:56.478+0000][68][gc,age      ] GC(101) - age  10:       5224 bytes,    5247512 total
[2023-02-09T13:52:56.479+0000][68][gc,heap     ] GC(101) Eden regions: 17->0(1)
[2023-02-09T13:52:56.479+0000][68][gc,heap     ] GC(101) Survivor regions: 2->2(3)
[2023-02-09T13:52:56.480+0000][68][gc,heap     ] GC(101) Old regions: 28->28
[2023-02-09T13:52:56.480+0000][68][gc,heap     ] GC(101) Archive regions: 2->2
[2023-02-09T13:52:56.481+0000][68][gc,heap     ] GC(101) Humongous regions: 2->2
[2023-02-09T13:52:56.481+0000][68][gc,metaspace] GC(101) Metaspace: 140165K(143488K)->140165K(143488K) NonClass: 122076K(123456K)->122076K(123456K) Class: 18089K(20032K)->18089K(20032K)
[2023-02-09T13:52:56.482+0000][68][gc          ] GC(101) Pause Young (Prepare Mixed) (G1 Evacuation Pause) 196M->127M(256M) 30.151ms
[2023-02-09T13:52:56.483+0000][68][gc,cpu      ] GC(101) User=0.02s Sys=0.00s Real=0.03s
[2023-02-09T13:52:56.484+0000][68][safepoint   ] Safepoint "G1CollectForAllocation", Time since last: 2027528853 ns, Reaching safepoint: 81315 ns, At safepoint: 31428392 ns, Total: 31509707 ns
[2023-02-09T13:52:56.736+0000][68][gc,start    ] GC(102) Pause Young (Mixed) (G1 Evacuation Pause)
[2023-02-09T13:52:56.737+0000][68][gc,task     ] GC(102) Using 4 workers of 4 for evacuation
[2023-02-09T13:52:56.737+0000][68][gc,age      ] GC(102) Desired survivor size 2097152 bytes, new threshold 2 (max threshold 15)
[2023-02-09T13:52:56.744+0000][68][gc,phases   ] GC(102)   Pre Evacuate Collection Set: 0.1ms
[2023-02-09T13:52:56.744+0000][68][gc,phases   ] GC(102)   Merge Heap Roots: 0.1ms
[2023-02-09T13:52:56.745+0000][68][gc,phases   ] GC(102)   Evacuate Collection Set: 4.6ms
[2023-02-09T13:52:56.745+0000][68][gc,phases   ] GC(102)   Post Evacuate Collection Set: 1.1ms
[2023-02-09T13:52:56.746+0000][68][gc,phases   ] GC(102)   Other: 1.2ms
[2023-02-09T13:52:56.746+0000][68][gc,age      ] GC(102) Age table with threshold 2 (max threshold 15)
[2023-02-09T13:52:56.747+0000][68][gc,age      ] GC(102) - age   1:     199120 bytes,     199120 total
[2023-02-09T13:52:56.747+0000][68][gc,age      ] GC(102) - age   2:    1396000 bytes,    1595120 total
[2023-02-09T13:52:56.748+0000][68][gc,heap     ] GC(102) Eden regions: 1->0(20)
[2023-02-09T13:52:56.748+0000][68][gc,heap     ] GC(102) Survivor regions: 2->1(1)
[2023-02-09T13:52:56.749+0000][68][gc,heap     ] GC(102) Old regions: 28->27
[2023-02-09T13:52:56.749+0000][68][gc,heap     ] GC(102) Archive regions: 2->2
[2023-02-09T13:52:56.749+0000][68][gc,heap     ] GC(102) Humongous regions: 2->2
[2023-02-09T13:52:56.750+0000][68][gc,metaspace] GC(102) Metaspace: 140168K(143488K)->140168K(143488K) NonClass: 122079K(123456K)->122079K(123456K) Class: 18089K(20032K)->18089K(20032K)
[2023-02-09T13:52:56.750+0000][68][gc          ] GC(102) Pause Young (Mixed) (G1 Evacuation Pause) 131M->121M(256M) 14.186ms
[2023-02-09T13:52:56.751+0000][68][gc,cpu      ] GC(102) User=0.01s Sys=0.01s Real=0.01s
[2023-02-09T13:52:56.751+0000][68][safepoint   ] Safepoint "G1CollectForAllocation", Time since last: 252174860 ns, Reaching safepoint: 86609 ns, At safepoint: 15207774 ns, Total: 15294383 ns
[2023-02-09T13:52:57.752+0000][68][safepoint   ] Safepoint "Cleanup", Time since last: 1000600491 ns, Reaching safepoint: 205960 ns, At safepoint: 7155 ns, Total: 213115 ns
[2023-02-09T13:52:59.756+0000][68][safepoint   ] Safepoint "Cleanup", Time since last: 2003817499 ns, Reaching safepoint: 461655 ns, At safepoint: 10379 ns, Total: 472034 ns
[2023-02-09T13:53:02.761+0000][68][safepoint   ] Safepoint "Cleanup", Time since last: 3004560723 ns, Reaching safepoint: 83127 ns, At safepoint: 5791 ns, Total: 88918 ns
[2023-02-09T13:53:03.763+0000][68][safepoint   ] Safepoint "Cleanup", Time since last: 1001636034 ns, Reaching safepoint: 261387 ns, At safepoint: 7337 ns, Total: 268724 ns
[2023-02-09T13:53:04.766+0000][68][safepoint   ] Safepoint "Cleanup", Time since last: 1002711659 ns, Reaching safepoint: 218796 ns, At safepoint: 10750 ns, Total: 229546 ns
[2023-02-09T13:53:05.771+0000][68][safepoint   ] Safepoint "Cleanup", Time since last: 1004577078 ns, Reaching safepoint: 526488 ns, At safepoint: 10936 ns, Total: 537424 ns
[2023-02-09T13:53:07.776+0000][68][safepoint   ] Safepoint "Cleanup", Time since last: 2004588564 ns, Reaching safepoint: 267230 ns, At safepoint: 35696 ns, Total: 302926 ns
[2023-02-09T13:53:08.778+0000][68][safepoint   ] Safepoint "Cleanup", Time since last: 1001949949 ns, Reaching safepoint: 248904 ns, At safepoint: 39606 ns, Total: 288510 ns
[2023-02-09T13:53:09.781+0000][68][safepoint   ] Safepoint "Cleanup", Time since last: 1003058824 ns, Reaching safepoint: 352278 ns, At safepoint: 11951 ns, Total: 364229 ns
[2023-02-09T13:53:14.790+0000][68][safepoint   ] Safepoint "Cleanup", Time since last: 5008380510 ns, Reaching safepoint: 62451 ns, At safepoint: 3734 ns, Total: 66185 ns
[2023-02-09T13:53:15.791+0000][68][safepoint   ] Safepoint "Cleanup", Time since last: 1001186096 ns, Reaching safepoint: 114808 ns, At safepoint: 6373 ns, Total: 121181 ns
[2023-02-09T13:53:17.794+0000][68][safepoint   ] Safepoint "Cleanup", Time since last: 2003105397 ns, Reaching safepoint: 115894 ns, At safepoint: 6052 ns, Total: 121946 ns
[2023-02-09T13:53:19.801+0000][68][safepoint   ] Safepoint "Cleanup", Time since last: 2006450259 ns, Reaching safepoint: 515497 ns, At safepoint: 50897 ns, Total: 566394 ns
[2023-02-09T13:53:20.806+0000][68][safepoint   ] Safepoint "Cleanup", Time since last: 1003985584 ns, Reaching safepoint: 223494 ns, At safepoint: 9237 ns, Total: 232731 ns
[2023-02-09T13:53:21.787+0000][68][safepoint   ] Safepoint "Cleanup", Time since last: 1001760537 ns, Reaching safepoint: 56917 ns, At safepoint: 3034 ns, Total: 59951 ns
[2023-02-09T13:53:21.837+0000][68][gc,start    ] GC(103) Pause Young (Normal) (G1 Evacuation Pause)
[2023-02-09T13:53:21.838+0000][68][gc,task     ] GC(103) Using 4 workers of 4 for evacuation
[2023-02-09T13:53:21.839+0000][68][gc,age      ] GC(103) Desired survivor size 6291456 bytes, new threshold 15 (max threshold 15)
[2023-02-09T13:53:21.843+0000][68][gc,phases   ] GC(103)   Pre Evacuate Collection Set: 0.1ms
[2023-02-09T13:53:21.844+0000][68][gc,phases   ] GC(103)   Merge Heap Roots: 0.1ms
[2023-02-09T13:53:21.845+0000][68][gc,phases   ] GC(103)   Evacuate Collection Set: 2.2ms
[2023-02-09T13:53:21.846+0000][68][gc,phases   ] GC(103)   Post Evacuate Collection Set: 1.3ms
[2023-02-09T13:53:21.847+0000][68][gc,phases   ] GC(103)   Other: 2.1ms
[2023-02-09T13:53:21.847+0000][68][gc,age      ] GC(103) Age table with threshold 15 (max threshold 15)
[2023-02-09T13:53:21.848+0000][68][gc,age      ] GC(103) - age   1:     686184 bytes,     686184 total
[2023-02-09T13:53:21.849+0000][68][gc,age      ] GC(103) - age   2:       1848 bytes,     688032 total
[2023-02-09T13:53:21.850+0000][68][gc,age      ] GC(103) - age   3:    1238104 bytes,    1926136 total
[2023-02-09T13:53:21.851+0000][68][gc,heap     ] GC(103) Eden regions: 20->0(20)
[2023-02-09T13:53:21.851+0000][68][gc,heap     ] GC(103) Survivor regions: 1->1(3)
[2023-02-09T13:53:21.852+0000][68][gc,heap     ] GC(103) Old regions: 27->27
[2023-02-09T13:53:21.853+0000][68][gc,heap     ] GC(103) Archive regions: 2->2
[2023-02-09T13:53:21.854+0000][68][gc,heap     ] GC(103) Humongous regions: 2->2
[2023-02-09T13:53:21.855+0000][68][gc,metaspace] GC(103) Metaspace: 140251K(143488K)->140251K(143488K) NonClass: 122162K(123456K)->122162K(123456K) Class: 18089K(20032K)->18089K(20032K)
[2023-02-09T13:53:21.856+0000][68][gc          ] GC(103) Pause Young (Normal) (G1 Evacuation Pause) 201M->121M(256M) 18.627ms
[2023-02-09T13:53:21.856+0000][68][gc,cpu      ] GC(103) User=0.01s Sys=0.00s Real=0.02s
[2023-02-09T13:53:21.857+0000][68][safepoint   ] Safepoint "G1CollectForAllocation", Time since last: 49816198 ns, Reaching safepoint: 58381 ns, At safepoint: 20114650 ns, Total: 20173031 ns
[2023-02-09T13:53:22.859+0000][68][safepoint   ] Safepoint "Cleanup", Time since last: 1001700588 ns, Reaching safepoint: 409792 ns, At safepoint: 42881 ns, Total: 452673 ns
[2023-02-09T13:53:23.864+0000][68][safepoint   ] Safepoint "Cleanup", Time since last: 1004572995 ns, Reaching safepoint: 180322 ns, At safepoint: 6906 ns, Total: 187228 ns
[2023-02-09T13:53:24.866+0000][68][safepoint   ] Safepoint "Cleanup", Time since last: 1001516723 ns, Reaching safepoint: 416628 ns, At safepoint: 19521 ns, Total: 436149 ns
[2023-02-09T13:53:26.870+0000][68][safepoint   ] Safepoint "Cleanup", Time since last: 2003587321 ns, Reaching safepoint: 223126 ns, At safepoint: 13120 ns, Total: 236246 ns
[2023-02-09T13:53:29.873+0000][68][safepoint   ] Safepoint "Cleanup", Time since last: 3002847575 ns, Reaching safepoint: 463779 ns, At safepoint: 12360 ns, Total: 476139 ns
[2023-02-09T13:53:31.878+0000][68][safepoint   ] Safepoint "Cleanup", Time since last: 2005168012 ns, Reaching safepoint: 170726 ns, At safepoint: 3768 ns, Total: 174494 ns
[2023-02-09T13:53:32.880+0000][68][safepoint   ] Safepoint "Cleanup", Time since last: 1001700319 ns, Reaching safepoint: 145484 ns, At safepoint: 5004 ns, Total: 150488 ns
[2023-02-09T13:53:34.884+0000][68][safepoint   ] Safepoint "Cleanup", Time since last: 2002865673 ns, Reaching safepoint: 1186999 ns, At safepoint: 55097 ns, Total: 1242096 ns
[2023-02-09T13:53:35.888+0000][68][safepoint   ] Safepoint "Cleanup", Time since last: 1003556847 ns, Reaching safepoint: 231042 ns, At safepoint: 12928 ns, Total: 243970 ns
[2023-02-09T13:53:36.891+0000][68][safepoint   ] Safepoint "Cleanup", Time since last: 1002162828 ns, Reaching safepoint: 443648 ns, At safepoint: 14355 ns, Total: 458003 ns
[2023-02-09T13:53:37.894+0000][68][safepoint   ] Safepoint "Cleanup", Time since last: 1002838659 ns, Reaching safepoint: 350783 ns, At safepoint: 12829 ns, Total: 363612 ns
[2023-02-09T13:53:38.898+0000][68][safepoint   ] Safepoint "Cleanup", Time since last: 1003473429 ns, Reaching safepoint: 162709 ns, At safepoint: 46713 ns, Total: 209422 ns
[2023-02-09T13:53:39.900+0000][68][safepoint   ] Safepoint "Cleanup", Time since last: 1001613250 ns, Reaching safepoint: 463867 ns, At safepoint: 17445 ns, Total: 481312 ns
[2023-02-09T13:53:45.910+0000][68][safepoint   ] Safepoint "Cleanup", Time since last: 6010053826 ns, Reaching safepoint: 328566 ns, At safepoint: 29683 ns, Total: 358249 ns
[2023-02-09T13:53:45.959+0000][68][gc,start    ] GC(104) Pause Young (Normal) (G1 Evacuation Pause)
[2023-02-09T13:53:45.960+0000][68][gc,task     ] GC(104) Using 4 workers of 4 for evacuation
[2023-02-09T13:53:45.960+0000][68][gc,age      ] GC(104) Desired survivor size 6291456 bytes, new threshold 15 (max threshold 15)
[2023-02-09T13:53:45.964+0000][68][gc,phases   ] GC(104)   Pre Evacuate Collection Set: 0.0ms
[2023-02-09T13:53:45.964+0000][68][gc,phases   ] GC(104)   Merge Heap Roots: 0.0ms
[2023-02-09T13:53:45.965+0000][68][gc,phases   ] GC(104)   Evacuate Collection Set: 2.3ms
[2023-02-09T13:53:45.965+0000][68][gc,phases   ] GC(104)   Post Evacuate Collection Set: 0.7ms
[2023-02-09T13:53:45.966+0000][68][gc,phases   ] GC(104)   Other: 1.0ms
[2023-02-09T13:53:45.966+0000][68][gc,age      ] GC(104) Age table with threshold 15 (max threshold 15)
[2023-02-09T13:53:45.966+0000][68][gc,age      ] GC(104) - age   1:     671928 bytes,     671928 total
[2023-02-09T13:53:45.967+0000][68][gc,age      ] GC(104) - age   2:     221464 bytes,     893392 total
[2023-02-09T13:53:45.968+0000][68][gc,age      ] GC(104) - age   3:       1784 bytes,     895176 total
[2023-02-09T13:53:45.969+0000][68][gc,age      ] GC(104) - age   4:    1110224 bytes,    2005400 total
[2023-02-09T13:53:45.970+0000][68][gc,heap     ] GC(104) Eden regions: 20->0(20)
[2023-02-09T13:53:45.970+0000][68][gc,heap     ] GC(104) Survivor regions: 1->1(3)
[2023-02-09T13:53:45.970+0000][68][gc,heap     ] GC(104) Old regions: 27->27
[2023-02-09T13:53:45.971+0000][68][gc,heap     ] GC(104) Archive regions: 2->2
[2023-02-09T13:53:45.971+0000][68][gc,heap     ] GC(104) Humongous regions: 2->2
[2023-02-09T13:53:45.972+0000][68][gc,metaspace] GC(104) Metaspace: 140321K(143552K)->140321K(143552K) NonClass: 122230K(123520K)->122230K(123520K) Class: 18091K(20032K)->18091K(20032K)
[2023-02-09T13:53:45.972+0000][68][gc          ] GC(104) Pause Young (Normal) (G1 Evacuation Pause) 201M->121M(256M) 13.385ms
[2023-02-09T13:53:45.973+0000][68][gc,cpu      ] GC(104) User=0.01s Sys=0.00s Real=0.01s
[2023-02-09T13:53:45.974+0000][68][safepoint   ] Safepoint "G1CollectForAllocation", Time since last: 48709171 ns, Reaching safepoint: 36126 ns, At safepoint: 14705723 ns, Total: 14741849 ns
[2023-02-09T13:53:47.975+0000][68][safepoint   ] Safepoint "Cleanup", Time since last: 2001086723 ns, Reaching safepoint: 249838 ns, At safepoint: 18051 ns, Total: 267889 ns
[2023-02-09T13:53:48.977+0000][68][safepoint   ] Safepoint "Cleanup", Time since last: 1001356133 ns, Reaching safepoint: 542237 ns, At safepoint: 27087 ns, Total: 569324 ns
[2023-02-09T13:53:49.983+0000][68][safepoint   ] Safepoint "Cleanup", Time since last: 1005252857 ns, Reaching safepoint: 332015 ns, At safepoint: 13348 ns, Total: 345363 ns
[2023-02-09T13:53:50.987+0000][68][safepoint   ] Safepoint "Cleanup", Time since last: 1004368774 ns, Reaching safepoint: 163445 ns, At safepoint: 32163 ns, Total: 195608 ns
[2023-02-09T13:53:51.966+0000][68][safepoint   ] Safepoint "Cleanup", Time since last: 1001743966 ns, Reaching safepoint: 603014 ns, At safepoint: 38515 ns, Total: 641529 ns
[2023-02-09T13:53:52.971+0000][68][safepoint   ] Safepoint "Cleanup", Time since last: 1003374762 ns, Reaching safepoint: 624060 ns, At safepoint: 160025 ns, Total: 784085 ns
[2023-02-09T13:53:56.975+0000][68][safepoint   ] Safepoint "Cleanup", Time since last: 4004600685 ns, Reaching safepoint: 258210 ns, At safepoint: 4982 ns, Total: 263192 ns
[2023-02-09T13:53:58.977+0000][68][safepoint   ] Safepoint "Cleanup", Time since last: 2001148877 ns, Reaching safepoint: 230173 ns, At safepoint: 39927 ns, Total: 270100 ns
[2023-02-09T13:53:59.979+0000][68][safepoint   ] Safepoint "Cleanup", Time since last: 1002397812 ns, Reaching safepoint: 176294 ns, At safepoint: 4145 ns, Total: 180439 ns
[2023-02-09T13:54:02.984+0000][68][safepoint   ] Safepoint "Cleanup", Time since last: 3003536984 ns, Reaching safepoint: 616923 ns, At safepoint: 14738 ns, Total: 631661 ns
[2023-02-09T13:54:05.988+0000][68][safepoint   ] Safepoint "Cleanup", Time since last: 3004381205 ns, Reaching safepoint: 105754 ns, At safepoint: 3819 ns, Total: 109573 ns
[2023-02-09T13:54:07.990+0000][68][safepoint   ] Safepoint "Cleanup", Time since last: 2001612109 ns, Reaching safepoint: 374266 ns, At safepoint: 10951 ns, Total: 385217 ns
[2023-02-09T13:54:08.436+0000][68][gc,start    ] GC(105) Pause Young (Concurrent Start) (G1 Evacuation Pause)
[2023-02-09T13:54:08.438+0000][68][gc,task     ] GC(105) Using 4 workers of 4 for evacuation
[2023-02-09T13:54:08.439+0000][68][gc,age      ] GC(105) Desired survivor size 6291456 bytes, new threshold 15 (max threshold 15)
[2023-02-09T13:54:08.447+0000][68][gc,phases   ] GC(105)   Pre Evacuate Collection Set: 0.5ms
[2023-02-09T13:54:08.448+0000][68][gc,phases   ] GC(105)   Merge Heap Roots: 0.1ms
[2023-02-09T13:54:08.448+0000][68][gc,phases   ] GC(105)   Evacuate Collection Set: 4.6ms
[2023-02-09T13:54:08.449+0000][68][gc,phases   ] GC(105)   Post Evacuate Collection Set: 1.2ms
[2023-02-09T13:54:08.449+0000][68][gc,phases   ] GC(105)   Other: 2.2ms
[2023-02-09T13:54:08.450+0000][68][gc,age      ] GC(105) Age table with threshold 15 (max threshold 15)
[2023-02-09T13:54:08.451+0000][68][gc,age      ] GC(105) - age   1:    1340064 bytes,    1340064 total
[2023-02-09T13:54:08.452+0000][68][gc,age      ] GC(105) - age   2:     158056 bytes,    1498120 total
[2023-02-09T13:54:08.452+0000][68][gc,age      ] GC(105) - age   3:      32384 bytes,    1530504 total
[2023-02-09T13:54:08.453+0000][68][gc,age      ] GC(105) - age   4:       1784 bytes,    1532288 total
[2023-02-09T13:54:08.453+0000][68][gc,age      ] GC(105) - age   5:     836376 bytes,    2368664 total
[2023-02-09T13:54:08.454+0000][68][gc,heap     ] GC(105) Eden regions: 20->0(20)
[2023-02-09T13:54:08.454+0000][68][gc,heap     ] GC(105) Survivor regions: 1->1(3)
[2023-02-09T13:54:08.455+0000][68][gc,heap     ] GC(105) Old regions: 27->27
[2023-02-09T13:54:08.456+0000][68][gc,heap     ] GC(105) Archive regions: 2->2
[2023-02-09T13:54:08.456+0000][68][gc,heap     ] GC(105) Humongous regions: 2->2
[2023-02-09T13:54:08.457+0000][68][gc,metaspace] GC(105) Metaspace: 140413K(143616K)->140413K(143616K) NonClass: 122319K(123584K)->122319K(123584K) Class: 18094K(20032K)->18094K(20032K)
[2023-02-09T13:54:08.457+0000][68][gc          ] GC(105) Pause Young (Concurrent Start) (G1 Evacuation Pause) 201M->121M(256M) 20.952ms
[2023-02-09T13:54:08.458+0000][68][gc,cpu      ] GC(105) User=0.02s Sys=0.00s Real=0.02s
[2023-02-09T13:54:08.458+0000][68][gc          ] GC(106) Concurrent Mark Cycle
[2023-02-09T13:54:08.459+0000][68][safepoint   ] Safepoint "G1CollectForAllocation", Time since last: 446145584 ns, Reaching safepoint: 201938 ns, At safepoint: 22707330 ns, Total: 22909268 ns
[2023-02-09T13:54:08.460+0000][68][gc,marking  ] GC(106) Concurrent Clear Claimed Marks
[2023-02-09T13:54:08.461+0000][68][gc,marking  ] GC(106) Concurrent Clear Claimed Marks 1.339ms
[2023-02-09T13:54:08.462+0000][68][gc,marking  ] GC(106) Concurrent Scan Root Regions
[2023-02-09T13:54:08.467+0000][68][gc,marking  ] GC(106) Concurrent Scan Root Regions 5.090ms
[2023-02-09T13:54:08.467+0000][68][gc,marking  ] GC(106) Concurrent Mark
[2023-02-09T13:54:08.468+0000][68][gc,marking  ] GC(106) Concurrent Mark From Roots
[2023-02-09T13:54:08.468+0000][68][gc,task     ] GC(106) Using 1 workers of 1 for marking
[2023-02-09T13:54:08.648+0000][68][gc,marking  ] GC(106) Concurrent Mark From Roots 180.253ms
[2023-02-09T13:54:08.649+0000][68][gc,marking  ] GC(106) Concurrent Preclean
[2023-02-09T13:54:08.650+0000][68][gc,marking  ] GC(106) Concurrent Preclean 1.127ms
[2023-02-09T13:54:08.651+0000][68][gc,start    ] GC(106) Pause Remark
[2023-02-09T13:54:08.669+0000][68][gc          ] GC(106) Pause Remark 125M->125M(256M) 18.463ms
[2023-02-09T13:54:08.670+0000][68][gc,cpu      ] GC(106) User=0.05s Sys=0.00s Real=0.02s
[2023-02-09T13:54:08.671+0000][68][safepoint   ] Safepoint "G1PauseRemark", Time since last: 191712588 ns, Reaching safepoint: 59842 ns, At safepoint: 19763153 ns, Total: 19822995 ns
[2023-02-09T13:54:08.671+0000][68][gc,marking  ] GC(106) Concurrent Mark 204.093ms
[2023-02-09T13:54:08.672+0000][68][gc,marking  ] GC(106) Concurrent Rebuild Remembered Sets
[2023-02-09T13:54:08.761+0000][68][gc,marking  ] GC(106) Concurrent Rebuild Remembered Sets 88.731ms
[2023-02-09T13:54:08.761+0000][68][gc,start    ] GC(106) Pause Cleanup
[2023-02-09T13:54:08.762+0000][68][gc          ] GC(106) Pause Cleanup 126M->126M(256M) 0.716ms
[2023-02-09T13:54:08.763+0000][68][gc,cpu      ] GC(106) User=0.00s Sys=0.00s Real=0.00s
[2023-02-09T13:54:08.763+0000][68][safepoint   ] Safepoint "G1PauseCleanup", Time since last: 90675094 ns, Reaching safepoint: 51254 ns, At safepoint: 1679292 ns, Total: 1730546 ns
[2023-02-09T13:54:08.764+0000][68][gc,marking  ] GC(106) Concurrent Cleanup for Next Mark
[2023-02-09T13:54:08.765+0000][68][gc,marking  ] GC(106) Concurrent Cleanup for Next Mark 0.787ms
[2023-02-09T13:54:08.765+0000][68][gc          ] GC(106) Concurrent Mark Cycle 307.063ms
[2023-02-09T13:54:11.765+0000][68][safepoint   ] Safepoint "Cleanup", Time since last: 3001617281 ns, Reaching safepoint: 180738 ns, At safepoint: 4289 ns, Total: 185027 ns
[2023-02-09T13:54:14.768+0000][68][safepoint   ] Safepoint "Cleanup", Time since last: 3002655879 ns, Reaching safepoint: 347304 ns, At safepoint: 13886 ns, Total: 361190 ns
[2023-02-09T13:54:15.770+0000][68][safepoint   ] Safepoint "Cleanup", Time since last: 1002473281 ns, Reaching safepoint: 122831 ns, At safepoint: 5122 ns, Total: 127953 ns
[2023-02-09T13:54:17.772+0000][68][safepoint   ] Safepoint "Cleanup", Time since last: 2001529494 ns, Reaching safepoint: 100580 ns, At safepoint: 3719 ns, Total: 104299 ns
[2023-02-09T13:54:20.775+0000][68][safepoint   ] Safepoint "Cleanup", Time since last: 3002793374 ns, Reaching safepoint: 282060 ns, At safepoint: 7177 ns, Total: 289237 ns
[2023-02-09T13:54:23.757+0000][68][safepoint   ] Safepoint "Cleanup", Time since last: 3003324696 ns, Reaching safepoint: 158709 ns, At safepoint: 5538 ns, Total: 164247 ns
[2023-02-09T13:54:26.761+0000][68][safepoint   ] Safepoint "Cleanup", Time since last: 3003854524 ns, Reaching safepoint: 197910 ns, At safepoint: 57118 ns, Total: 255028 ns
[2023-02-09T13:54:27.763+0000][68][safepoint   ] Safepoint "Cleanup", Time since last: 1001947950 ns, Reaching safepoint: 234267 ns, At safepoint: 7924 ns, Total: 242191 ns
[2023-02-09T13:54:29.768+0000][68][safepoint   ] Safepoint "Cleanup", Time since last: 2004806739 ns, Reaching safepoint: 145831 ns, At safepoint: 4298 ns, Total: 150129 ns
[2023-02-09T13:54:32.773+0000][68][safepoint   ] Safepoint "Cleanup", Time since last: 3004121028 ns, Reaching safepoint: 96656 ns, At safepoint: 5323 ns, Total: 101979 ns
[2023-02-09T13:54:33.805+0000][68][gc,start    ] GC(107) Pause Young (Prepare Mixed) (G1 Evacuation Pause)
[2023-02-09T13:54:33.806+0000][68][gc,task     ] GC(107) Using 4 workers of 4 for evacuation
[2023-02-09T13:54:33.807+0000][68][gc,age      ] GC(107) Desired survivor size 6291456 bytes, new threshold 15 (max threshold 15)
[2023-02-09T13:54:33.811+0000][68][gc,phases   ] GC(107)   Pre Evacuate Collection Set: 0.1ms
[2023-02-09T13:54:33.812+0000][68][gc,phases   ] GC(107)   Merge Heap Roots: 0.1ms
[2023-02-09T13:54:33.813+0000][68][gc,phases   ] GC(107)   Evacuate Collection Set: 2.1ms
[2023-02-09T13:54:33.813+0000][68][gc,phases   ] GC(107)   Post Evacuate Collection Set: 0.7ms
[2023-02-09T13:54:33.814+0000][68][gc,phases   ] GC(107)   Other: 2.1ms
[2023-02-09T13:54:33.815+0000][68][gc,age      ] GC(107) Age table with threshold 15 (max threshold 15)
[2023-02-09T13:54:33.815+0000][68][gc,age      ] GC(107) - age   1:     725152 bytes,     725152 total
[2023-02-09T13:54:33.816+0000][68][gc,age      ] GC(107) - age   2:     904600 bytes,    1629752 total
[2023-02-09T13:54:33.816+0000][68][gc,age      ] GC(107) - age   3:       8056 bytes,    1637808 total
[2023-02-09T13:54:33.817+0000][68][gc,age      ] GC(107) - age   4:      26720 bytes,    1664528 total
[2023-02-09T13:54:33.818+0000][68][gc,age      ] GC(107) - age   5:         32 bytes,    1664560 total
[2023-02-09T13:54:33.819+0000][68][gc,age      ] GC(107) - age   6:     834216 bytes,    2498776 total
[2023-02-09T13:54:33.819+0000][68][gc,heap     ] GC(107) Eden regions: 20->0(2)
[2023-02-09T13:54:33.820+0000][68][gc,heap     ] GC(107) Survivor regions: 1->1(3)
[2023-02-09T13:54:33.820+0000][68][gc,heap     ] GC(107) Old regions: 27->27
[2023-02-09T13:54:33.821+0000][68][gc,heap     ] GC(107) Archive regions: 2->2
[2023-02-09T13:54:33.822+0000][68][gc,heap     ] GC(107) Humongous regions: 2->2
[2023-02-09T13:54:33.823+0000][68][gc,metaspace] GC(107) Metaspace: 140495K(143680K)->140495K(143680K) NonClass: 122412K(123648K)->122412K(123648K) Class: 18082K(20032K)->18082K(20032K)
[2023-02-09T13:54:33.825+0000][68][gc          ] GC(107) Pause Young (Prepare Mixed) (G1 Evacuation Pause) 201M->122M(256M) 19.549ms
[2023-02-09T13:54:33.826+0000][68][gc,cpu      ] GC(107) User=0.00s Sys=0.00s Real=0.02s
[2023-02-09T13:54:33.827+0000][68][safepoint   ] Safepoint "G1CollectForAllocation", Time since last: 1032325314 ns, Reaching safepoint: 85079 ns, At safepoint: 21484105 ns, Total: 21569184 ns
[2023-02-09T13:54:35.832+0000][68][safepoint   ] Safepoint "Cleanup", Time since last: 2005134600 ns, Reaching safepoint: 240982 ns, At safepoint: 11086 ns, Total: 252068 ns
[2023-02-09T13:54:38.432+0000][68][gc,start    ] GC(108) Pause Young (Mixed) (G1 Evacuation Pause)
[2023-02-09T13:54:38.433+0000][68][gc,task     ] GC(108) Using 4 workers of 4 for evacuation
[2023-02-09T13:54:38.434+0000][68][gc,age      ] GC(108) Desired survivor size 2097152 bytes, new threshold 6 (max threshold 15)
[2023-02-09T13:54:38.440+0000][68][gc,phases   ] GC(108)   Pre Evacuate Collection Set: 0.1ms
[2023-02-09T13:54:38.441+0000][68][gc,phases   ] GC(108)   Merge Heap Roots: 0.1ms
[2023-02-09T13:54:38.441+0000][68][gc,phases   ] GC(108)   Evacuate Collection Set: 4.1ms
[2023-02-09T13:54:38.442+0000][68][gc,phases   ] GC(108)   Post Evacuate Collection Set: 1.0ms
[2023-02-09T13:54:38.443+0000][68][gc,phases   ] GC(108)   Other: 1.5ms
[2023-02-09T13:54:38.443+0000][68][gc,age      ] GC(108) Age table with threshold 6 (max threshold 15)
[2023-02-09T13:54:38.444+0000][68][gc,age      ] GC(108) - age   1:     361288 bytes,     361288 total
[2023-02-09T13:54:38.445+0000][68][gc,age      ] GC(108) - age   2:     351992 bytes,     713280 total
[2023-02-09T13:54:38.445+0000][68][gc,age      ] GC(108) - age   3:     898464 bytes,    1611744 total
[2023-02-09T13:54:38.446+0000][68][gc,age      ] GC(108) - age   4:       7400 bytes,    1619144 total
[2023-02-09T13:54:38.447+0000][68][gc,age      ] GC(108) - age   5:      26592 bytes,    1645736 total
[2023-02-09T13:54:38.447+0000][68][gc,age      ] GC(108) - age   6:         32 bytes,    1645768 total
[2023-02-09T13:54:38.448+0000][68][gc,heap     ] GC(108) Eden regions: 2->0(20)
[2023-02-09T13:54:38.448+0000][68][gc,heap     ] GC(108) Survivor regions: 1->1(1)
[2023-02-09T13:54:38.449+0000][68][gc,heap     ] GC(108) Old regions: 27->27
[2023-02-09T13:54:38.449+0000][68][gc,heap     ] GC(108) Archive regions: 2->2
[2023-02-09T13:54:38.450+0000][68][gc,heap     ] GC(108) Humongous regions: 2->2
[2023-02-09T13:54:38.450+0000][68][gc,metaspace] GC(108) Metaspace: 140499K(143680K)->140499K(143680K) NonClass: 122417K(123648K)->122417K(123648K) Class: 18082K(20032K)->18082K(20032K)
[2023-02-09T13:54:38.451+0000][68][gc          ] GC(108) Pause Young (Mixed) (G1 Evacuation Pause) 130M->119M(256M) 18.801ms
[2023-02-09T13:54:38.451+0000][68][gc,cpu      ] GC(108) User=0.02s Sys=0.00s Real=0.02s
[2023-02-09T13:54:38.452+0000][68][safepoint   ] Safepoint "G1CollectForAllocation", Time since last: 2599661789 ns, Reaching safepoint: 316288 ns, At safepoint: 19934568 ns, Total: 20250856 ns
[2023-02-09T13:54:39.459+0000][68][safepoint   ] Safepoint "Cleanup", Time since last: 1006639954 ns, Reaching safepoint: 635494 ns, At safepoint: 17393 ns, Total: 652887 ns
[2023-02-09T13:54:41.462+0000][68][safepoint   ] Safepoint "Cleanup", Time since last: 2002221974 ns, Reaching safepoint: 319753 ns, At safepoint: 6952 ns, Total: 326705 ns
[2023-02-09T13:54:44.466+0000][68][safepoint   ] Safepoint "Cleanup", Time since last: 3004572355 ns, Reaching safepoint: 188883 ns, At safepoint: 4538 ns, Total: 193421 ns
[2023-02-09T13:54:45.467+0000][68][safepoint   ] Safepoint "Cleanup", Time since last: 1000855752 ns, Reaching safepoint: 93289 ns, At safepoint: 4649 ns, Total: 97938 ns
[2023-02-09T13:54:46.469+0000][68][safepoint   ] Safepoint "Cleanup", Time since last: 1001302853 ns, Reaching safepoint: 457223 ns, At safepoint: 10132 ns, Total: 467355 ns
[2023-02-09T13:54:47.473+0000][68][safepoint   ] Safepoint "Cleanup", Time since last: 1003407153 ns, Reaching safepoint: 553706 ns, At safepoint: 164225 ns, Total: 717931 ns
[2023-02-09T13:54:50.478+0000][68][safepoint   ] Safepoint "Cleanup", Time since last: 3004370430 ns, Reaching safepoint: 98042 ns, At safepoint: 48202 ns, Total: 146244 ns
[2023-02-09T13:54:53.460+0000][68][safepoint   ] Safepoint "Cleanup", Time since last: 3003096842 ns, Reaching safepoint: 319917 ns, At safepoint: 9322 ns, Total: 329239 ns
[2023-02-09T13:54:56.463+0000][68][safepoint   ] Safepoint "Cleanup", Time since last: 3003323187 ns, Reaching safepoint: 67223 ns, At safepoint: 2960 ns, Total: 70183 ns
[2023-02-09T13:54:57.465+0000][68][safepoint   ] Safepoint "Cleanup", Time since last: 1001366651 ns, Reaching safepoint: 239670 ns, At safepoint: 10348 ns, Total: 250018 ns
[2023-02-09T13:54:59.469+0000][68][safepoint   ] Safepoint "Cleanup", Time since last: 2003772262 ns, Reaching safepoint: 104992 ns, At safepoint: 4292 ns, Total: 109284 ns
[2023-02-09T13:55:02.432+0000][68][gc,start    ] GC(109) Pause Young (Normal) (G1 Evacuation Pause)
[2023-02-09T13:55:02.433+0000][68][gc,task     ] GC(109) Using 4 workers of 4 for evacuation
[2023-02-09T13:55:02.433+0000][68][gc,age      ] GC(109) Desired survivor size 6291456 bytes, new threshold 15 (max threshold 15)
[2023-02-09T13:55:02.438+0000][68][gc,phases   ] GC(109)   Pre Evacuate Collection Set: 0.1ms
[2023-02-09T13:55:02.439+0000][68][gc,phases   ] GC(109)   Merge Heap Roots: 0.1ms
[2023-02-09T13:55:02.440+0000][68][gc,phases   ] GC(109)   Evacuate Collection Set: 3.3ms
[2023-02-09T13:55:02.440+0000][68][gc,phases   ] GC(109)   Post Evacuate Collection Set: 0.7ms
[2023-02-09T13:55:02.441+0000][68][gc,phases   ] GC(109)   Other: 1.3ms
[2023-02-09T13:55:02.441+0000][68][gc,age      ] GC(109) Age table with threshold 15 (max threshold 15)
[2023-02-09T13:55:02.442+0000][68][gc,age      ] GC(109) - age   1:     837256 bytes,     837256 total
[2023-02-09T13:55:02.443+0000][68][gc,age      ] GC(109) - age   2:      30056 bytes,     867312 total
[2023-02-09T13:55:02.444+0000][68][gc,age      ] GC(109) - age   3:       4192 bytes,     871504 total
[2023-02-09T13:55:02.445+0000][68][gc,age      ] GC(109) - age   4:     889648 bytes,    1761152 total
[2023-02-09T13:55:02.446+0000][68][gc,age      ] GC(109) - age   5:       7208 bytes,    1768360 total
[2023-02-09T13:55:02.447+0000][68][gc,age      ] GC(109) - age   6:      26528 bytes,    1794888 total
[2023-02-09T13:55:02.447+0000][68][gc,age      ] GC(109) - age   7:         32 bytes,    1794920 total
[2023-02-09T13:55:02.448+0000][68][gc,heap     ] GC(109) Eden regions: 20->0(20)
[2023-02-09T13:55:02.448+0000][68][gc,heap     ] GC(109) Survivor regions: 1->1(3)
[2023-02-09T13:55:02.449+0000][68][gc,heap     ] GC(109) Old regions: 27->27
[2023-02-09T13:55:02.449+0000][68][gc,heap     ] GC(109) Archive regions: 2->2
[2023-02-09T13:55:02.450+0000][68][gc,heap     ] GC(109) Humongous regions: 2->2
[2023-02-09T13:55:02.450+0000][68][gc,metaspace] GC(109) Metaspace: 140567K(143808K)->140567K(143808K) NonClass: 122484K(123776K)->122484K(123776K) Class: 18082K(20032K)->18082K(20032K)
[2023-02-09T13:55:02.451+0000][68][gc          ] GC(109) Pause Young (Normal) (G1 Evacuation Pause) 199M->119M(256M) 19.097ms
[2023-02-09T13:55:02.451+0000][68][gc,cpu      ] GC(109) User=0.01s Sys=0.00s Real=0.02s
[2023-02-09T13:55:02.452+0000][68][safepoint   ] Safepoint "G1CollectForAllocation", Time since last: 2962993576 ns, Reaching safepoint: 69893 ns, At safepoint: 20121143 ns, Total: 20191036 ns
[2023-02-09T13:55:03.453+0000][68][safepoint   ] Safepoint "Cleanup", Time since last: 1000851017 ns, Reaching safepoint: 79486 ns, At safepoint: 3515 ns, Total: 83001 ns
[2023-02-09T13:55:04.454+0000][68][safepoint   ] Safepoint "Cleanup", Time since last: 1001559932 ns, Reaching safepoint: 186675 ns, At safepoint: 25243 ns, Total: 211918 ns
[2023-02-09T13:55:05.457+0000][68][safepoint   ] Safepoint "Cleanup", Time since last: 1002732067 ns, Reaching safepoint: 131440 ns, At safepoint: 3399 ns, Total: 134839 ns
[2023-02-09T13:55:06.459+0000][68][safepoint   ] Safepoint "Cleanup", Time since last: 1001375716 ns, Reaching safepoint: 100408 ns, At safepoint: 11130 ns, Total: 111538 ns
[2023-02-09T13:55:07.990+0000][68][safepoint   ] Safepoint "Cleanup", Time since last: 1531102881 ns, Reaching safepoint: 188745 ns, At safepoint: 5069 ns, Total: 193814 ns
[2023-02-09T13:55:08.992+0000][68][safepoint   ] Safepoint "Cleanup", Time since last: 1002111822 ns, Reaching safepoint: 151743 ns, At safepoint: 3819 ns, Total: 155562 ns
[2023-02-09T13:55:10.996+0000][68][safepoint   ] Safepoint "Cleanup", Time since last: 2002767412 ns, Reaching safepoint: 1225737 ns, At safepoint: 38581 ns, Total: 1264318 ns
[2023-02-09T13:55:12.001+0000][68][safepoint   ] Safepoint "Cleanup", Time since last: 1003952426 ns, Reaching safepoint: 701004 ns, At safepoint: 130117 ns, Total: 831121 ns
[2023-02-09T13:55:15.407+0000][68][safepoint   ] Safepoint "Cleanup", Time since last: 3406092088 ns, Reaching safepoint: 119189 ns, At safepoint: 3507 ns, Total: 122696 ns
[2023-02-09T13:55:20.412+0000][68][safepoint   ] Safepoint "Cleanup", Time since last: 5003849935 ns, Reaching safepoint: 278486 ns, At safepoint: 10049 ns, Total: 288535 ns
[2023-02-09T13:55:21.391+0000][68][safepoint   ] Safepoint "Cleanup", Time since last: 1001501480 ns, Reaching safepoint: 98957 ns, At safepoint: 3389 ns, Total: 102346 ns
[2023-02-09T13:55:22.395+0000][68][safepoint   ] Safepoint "Cleanup", Time since last: 1003012018 ns, Reaching safepoint: 465160 ns, At safepoint: 56085 ns, Total: 521245 ns
[2023-02-09T13:55:23.396+0000][68][safepoint   ] Safepoint "Cleanup", Time since last: 1001480970 ns, Reaching safepoint: 150918 ns, At safepoint: 8322 ns, Total: 159240 ns
[2023-02-09T13:55:24.726+0000][68][gc,start    ] GC(110) Pause Young (Normal) (G1 Evacuation Pause)
[2023-02-09T13:55:24.727+0000][68][gc,task     ] GC(110) Using 4 workers of 4 for evacuation
[2023-02-09T13:55:24.728+0000][68][gc,age      ] GC(110) Desired survivor size 6291456 bytes, new threshold 15 (max threshold 15)
[2023-02-09T13:55:24.733+0000][68][gc,phases   ] GC(110)   Pre Evacuate Collection Set: 0.2ms
[2023-02-09T13:55:24.734+0000][68][gc,phases   ] GC(110)   Merge Heap Roots: 0.1ms
[2023-02-09T13:55:24.735+0000][68][gc,phases   ] GC(110)   Evacuate Collection Set: 2.9ms
[2023-02-09T13:55:24.736+0000][68][gc,phases   ] GC(110)   Post Evacuate Collection Set: 0.9ms
[2023-02-09T13:55:24.737+0000][68][gc,phases   ] GC(110)   Other: 2.6ms
[2023-02-09T13:55:24.737+0000][68][gc,age      ] GC(110) Age table with threshold 15 (max threshold 15)
[2023-02-09T13:55:24.738+0000][68][gc,age      ] GC(110) - age   1:    1021248 bytes,    1021248 total
[2023-02-09T13:55:24.738+0000][68][gc,age      ] GC(110) - age   2:     150016 bytes,    1171264 total
[2023-02-09T13:55:24.739+0000][68][gc,age      ] GC(110) - age   3:      24328 bytes,    1195592 total
[2023-02-09T13:55:24.739+0000][68][gc,age      ] GC(110) - age   4:       3368 bytes,    1198960 total
[2023-02-09T13:55:24.740+0000][68][gc,age      ] GC(110) - age   5:     519344 bytes,    1718304 total
[2023-02-09T13:55:24.741+0000][68][gc,age      ] GC(110) - age   6:       7144 bytes,    1725448 total
[2023-02-09T13:55:24.742+0000][68][gc,age      ] GC(110) - age   7:      26528 bytes,    1751976 total
[2023-02-09T13:55:24.742+0000][68][gc,age      ] GC(110) - age   8:         32 bytes,    1752008 total
[2023-02-09T13:55:24.743+0000][68][gc,heap     ] GC(110) Eden regions: 20->0(21)
[2023-02-09T13:55:24.744+0000][68][gc,heap     ] GC(110) Survivor regions: 1->1(3)
[2023-02-09T13:55:24.745+0000][68][gc,heap     ] GC(110) Old regions: 27->27
[2023-02-09T13:55:24.745+0000][68][gc,heap     ] GC(110) Archive regions: 2->2
[2023-02-09T13:55:24.746+0000][68][gc,heap     ] GC(110) Humongous regions: 2->2
[2023-02-09T13:55:24.747+0000][68][gc,metaspace] GC(110) Metaspace: 140642K(143872K)->140642K(143872K) NonClass: 122559K(123840K)->122559K(123840K) Class: 18082K(20032K)->18082K(20032K)
[2023-02-09T13:55:24.748+0000][68][gc          ] GC(110) Pause Young (Normal) (G1 Evacuation Pause) 199M->119M(256M) 21.592ms
[2023-02-09T13:55:24.748+0000][68][gc,cpu      ] GC(110) User=0.00s Sys=0.00s Real=0.03s
[2023-02-09T13:55:24.749+0000][68][safepoint   ] Safepoint "G1CollectForAllocation", Time since last: 1329488380 ns, Reaching safepoint: 118718 ns, At safepoint: 22724775 ns, Total: 22843493 ns
[2023-02-09T13:55:25.750+0000][68][safepoint   ] Safepoint "Cleanup", Time since last: 1001566783 ns, Reaching safepoint: 109470 ns, At safepoint: 8066 ns, Total: 117536 ns
[2023-02-09T13:55:26.752+0000][68][safepoint   ] Safepoint "Cleanup", Time since last: 1001314643 ns, Reaching safepoint: 162301 ns, At safepoint: 4717 ns, Total: 167018 ns
[2023-02-09T13:55:27.754+0000][68][safepoint   ] Safepoint "Cleanup", Time since last: 1001694452 ns, Reaching safepoint: 353841 ns, At safepoint: 10154 ns, Total: 363995 ns
[2023-02-09T13:55:29.453+0000][68][safepoint   ] Safepoint "Cleanup", Time since last: 1699134384 ns, Reaching safepoint: 325799 ns, At safepoint: 14330 ns, Total: 340129 ns
[2023-02-09T13:55:31.455+0000][68][safepoint   ] Safepoint "Cleanup", Time since last: 2001944167 ns, Reaching safepoint: 112552 ns, At safepoint: 52320 ns, Total: 164872 ns
[2023-02-09T13:55:32.457+0000][68][safepoint   ] Safepoint "Cleanup", Time since last: 1001065356 ns, Reaching safepoint: 130740 ns, At safepoint: 26453 ns, Total: 157193 ns
[2023-02-09T13:55:34.459+0000][68][safepoint   ] Safepoint "Cleanup", Time since last: 2002178109 ns, Reaching safepoint: 512523 ns, At safepoint: 83082 ns, Total: 595605 ns
[2023-02-09T13:55:35.464+0000][68][safepoint   ] Safepoint "Cleanup", Time since last: 1004056863 ns, Reaching safepoint: 93836 ns, At safepoint: 26991 ns, Total: 120827 ns
[2023-02-09T13:55:38.468+0000][68][safepoint   ] Safepoint "Cleanup", Time since last: 3004531649 ns, Reaching safepoint: 140817 ns, At safepoint: 6276 ns, Total: 147093 ns
[2023-02-09T13:55:39.470+0000][68][safepoint   ] Safepoint "Cleanup", Time since last: 1001117636 ns, Reaching safepoint: 145426 ns, At safepoint: 6332 ns, Total: 151758 ns
[2023-02-09T13:55:41.522+0000][68][gc,start    ] GC(111) Pause Young (Concurrent Start) (G1 Evacuation Pause)
[2023-02-09T13:55:41.523+0000][68][gc,task     ] GC(111) Using 4 workers of 4 for evacuation
[2023-02-09T13:55:41.524+0000][68][gc,age      ] GC(111) Desired survivor size 6291456 bytes, new threshold 15 (max threshold 15)
[2023-02-09T13:55:41.528+0000][68][gc,phases   ] GC(111)   Pre Evacuate Collection Set: 0.3ms
[2023-02-09T13:55:41.529+0000][68][gc,phases   ] GC(111)   Merge Heap Roots: 0.1ms
[2023-02-09T13:55:41.530+0000][68][gc,phases   ] GC(111)   Evacuate Collection Set: 2.8ms
[2023-02-09T13:55:41.530+0000][68][gc,phases   ] GC(111)   Post Evacuate Collection Set: 0.9ms
[2023-02-09T13:55:41.531+0000][68][gc,phases   ] GC(111)   Other: 1.6ms
[2023-02-09T13:55:41.532+0000][68][gc,age      ] GC(111) Age table with threshold 15 (max threshold 15)
[2023-02-09T13:55:41.533+0000][68][gc,age      ] GC(111) - age   1:    1285392 bytes,    1285392 total
[2023-02-09T13:55:41.533+0000][68][gc,age      ] GC(111) - age   2:     375216 bytes,    1660608 total
[2023-02-09T13:55:41.534+0000][68][gc,age      ] GC(111) - age   3:       4160 bytes,    1664768 total
[2023-02-09T13:55:41.535+0000][68][gc,age      ] GC(111) - age   4:       7120 bytes,    1671888 total
[2023-02-09T13:55:41.535+0000][68][gc,age      ] GC(111) - age   5:       2464 bytes,    1674352 total
[2023-02-09T13:55:41.536+0000][68][gc,age      ] GC(111) - age   6:      83584 bytes,    1757936 total
[2023-02-09T13:55:41.537+0000][68][gc,age      ] GC(111) - age   7:       7144 bytes,    1765080 total
[2023-02-09T13:55:41.538+0000][68][gc,age      ] GC(111) - age   8:      26528 bytes,    1791608 total
[2023-02-09T13:55:41.538+0000][68][gc,age      ] GC(111) - age   9:         32 bytes,    1791640 total
[2023-02-09T13:55:41.539+0000][68][gc,heap     ] GC(111) Eden regions: 21->0(21)
[2023-02-09T13:55:41.539+0000][68][gc,heap     ] GC(111) Survivor regions: 1->1(3)
[2023-02-09T13:55:41.540+0000][68][gc,heap     ] GC(111) Old regions: 27->27
[2023-02-09T13:55:41.540+0000][68][gc,heap     ] GC(111) Archive regions: 2->2
[2023-02-09T13:55:41.541+0000][68][gc,heap     ] GC(111) Humongous regions: 2->2
[2023-02-09T13:55:41.541+0000][68][gc,metaspace] GC(111) Metaspace: 140687K(143872K)->140687K(143872K) NonClass: 122604K(123840K)->122604K(123840K) Class: 18082K(20032K)->18082K(20032K)
[2023-02-09T13:55:41.542+0000][68][gc          ] GC(111) Pause Young (Concurrent Start) (G1 Evacuation Pause) 203M->120M(256M) 20.232ms
[2023-02-09T13:55:41.543+0000][68][gc,cpu      ] GC(111) User=0.01s Sys=0.00s Real=0.02s
[2023-02-09T13:55:41.543+0000][68][gc          ] GC(112) Concurrent Mark Cycle
[2023-02-09T13:55:41.544+0000][68][gc,marking  ] GC(112) Concurrent Clear Claimed Marks
[2023-02-09T13:55:41.543+0000][68][safepoint   ] Safepoint "G1CollectForAllocation", Time since last: 2052089751 ns, Reaching safepoint: 76848 ns, At safepoint: 21396791 ns, Total: 21473639 ns
[2023-02-09T13:55:41.544+0000][68][gc,marking  ] GC(112) Concurrent Clear Claimed Marks 0.736ms
[2023-02-09T13:55:41.545+0000][68][gc,marking  ] GC(112) Concurrent Scan Root Regions
[2023-02-09T13:55:41.548+0000][68][gc,marking  ] GC(112) Concurrent Scan Root Regions 3.130ms
[2023-02-09T13:55:41.549+0000][68][gc,marking  ] GC(112) Concurrent Mark
[2023-02-09T13:55:41.550+0000][68][gc,marking  ] GC(112) Concurrent Mark From Roots
[2023-02-09T13:55:41.550+0000][68][gc,task     ] GC(112) Using 1 workers of 1 for marking
[2023-02-09T13:55:41.677+0000][68][gc,marking  ] GC(112) Concurrent Mark From Roots 127.307ms
[2023-02-09T13:55:41.678+0000][68][gc,marking  ] GC(112) Concurrent Preclean
[2023-02-09T13:55:41.679+0000][68][gc,marking  ] GC(112) Concurrent Preclean 0.811ms
[2023-02-09T13:55:41.680+0000][68][gc,start    ] GC(112) Pause Remark
[2023-02-09T13:55:41.693+0000][68][gc          ] GC(112) Pause Remark 124M->124M(256M) 12.655ms
[2023-02-09T13:55:41.694+0000][68][gc,cpu      ] GC(112) User=0.02s Sys=0.00s Real=0.01s
[2023-02-09T13:55:41.695+0000][68][safepoint   ] Safepoint "G1PauseRemark", Time since last: 136882752 ns, Reaching safepoint: 108654 ns, At safepoint: 14564508 ns, Total: 14673162 ns
[2023-02-09T13:55:41.695+0000][68][gc,marking  ] GC(112) Concurrent Mark 146.180ms
[2023-02-09T13:55:41.696+0000][68][gc,marking  ] GC(112) Concurrent Rebuild Remembered Sets
[2023-02-09T13:55:41.763+0000][68][gc,marking  ] GC(112) Concurrent Rebuild Remembered Sets 67.259ms
[2023-02-09T13:55:41.764+0000][68][gc,start    ] GC(112) Pause Cleanup
[2023-02-09T13:55:41.765+0000][68][gc          ] GC(112) Pause Cleanup 125M->125M(256M) 0.719ms
[2023-02-09T13:55:41.765+0000][68][gc,cpu      ] GC(112) User=0.00s Sys=0.00s Real=0.00s
[2023-02-09T13:55:41.766+0000][68][safepoint   ] Safepoint "G1PauseCleanup", Time since last: 69313475 ns, Reaching safepoint: 152937 ns, At safepoint: 1841396 ns, Total: 1994333 ns
[2023-02-09T13:55:41.767+0000][68][gc,marking  ] GC(112) Concurrent Cleanup for Next Mark
[2023-02-09T13:55:41.767+0000][68][gc,marking  ] GC(112) Concurrent Cleanup for Next Mark 0.706ms
[2023-02-09T13:55:41.768+0000][68][gc          ] GC(112) Concurrent Mark Cycle 225.268ms
[2023-02-09T13:55:44.771+0000][68][safepoint   ] Safepoint "Cleanup", Time since last: 3004191571 ns, Reaching safepoint: 997788 ns, At safepoint: 173313 ns, Total: 1171101 ns
[2023-02-09T13:55:50.780+0000][68][safepoint   ] Safepoint "Cleanup", Time since last: 6007663545 ns, Reaching safepoint: 515799 ns, At safepoint: 63872 ns, Total: 579671 ns
[2023-02-09T13:55:51.759+0000][68][safepoint   ] Safepoint "Cleanup", Time since last: 1001631332 ns, Reaching safepoint: 104615 ns, At safepoint: 3765 ns, Total: 108380 ns
[2023-02-09T13:55:56.766+0000][68][safepoint   ] Safepoint "Cleanup", Time since last: 5005866532 ns, Reaching safepoint: 388134 ns, At safepoint: 14462 ns, Total: 402596 ns
[2023-02-09T13:55:57.769+0000][68][safepoint   ] Safepoint "Cleanup", Time since last: 1003301378 ns, Reaching safepoint: 254316 ns, At safepoint: 11619 ns, Total: 265935 ns
[2023-02-09T13:55:58.774+0000][68][safepoint   ] Safepoint "Cleanup", Time since last: 1003825871 ns, Reaching safepoint: 754761 ns, At safepoint: 16988 ns, Total: 771749 ns
[2023-02-09T13:55:59.780+0000][68][safepoint   ] Safepoint "Cleanup", Time since last: 1006059505 ns, Reaching safepoint: 265154 ns, At safepoint: 15875 ns, Total: 281029 ns
[2023-02-09T13:56:02.784+0000][68][safepoint   ] Safepoint "Cleanup", Time since last: 3004035068 ns, Reaching safepoint: 108380 ns, At safepoint: 5718 ns, Total: 114098 ns
[2023-02-09T13:56:04.788+0000][68][safepoint   ] Safepoint "Cleanup", Time since last: 2002957740 ns, Reaching safepoint: 373980 ns, At safepoint: 13130 ns, Total: 387110 ns
[2023-02-09T13:56:05.516+0000][68][gc,start    ] GC(113) Pause Young (Prepare Mixed) (G1 Evacuation Pause)
[2023-02-09T13:56:05.517+0000][68][gc,task     ] GC(113) Using 4 workers of 4 for evacuation
[2023-02-09T13:56:05.518+0000][68][gc,age      ] GC(113) Desired survivor size 6291456 bytes, new threshold 15 (max threshold 15)
[2023-02-09T13:56:05.526+0000][68][gc,phases   ] GC(113)   Pre Evacuate Collection Set: 0.2ms
[2023-02-09T13:56:05.527+0000][68][gc,phases   ] GC(113)   Merge Heap Roots: 0.2ms
[2023-02-09T13:56:05.528+0000][68][gc,phases   ] GC(113)   Evacuate Collection Set: 5.0ms
[2023-02-09T13:56:05.529+0000][68][gc,phases   ] GC(113)   Post Evacuate Collection Set: 1.3ms
[2023-02-09T13:56:05.529+0000][68][gc,phases   ] GC(113)   Other: 2.7ms
[2023-02-09T13:56:05.530+0000][68][gc,age      ] GC(113) Age table with threshold 15 (max threshold 15)
[2023-02-09T13:56:05.530+0000][68][gc,age      ] GC(113) - age   1:     592472 bytes,     592472 total
[2023-02-09T13:56:05.531+0000][68][gc,age      ] GC(113) - age   2:     789272 bytes,    1381744 total
[2023-02-09T13:56:05.532+0000][68][gc,age      ] GC(113) - age   3:     225528 bytes,    1607272 total
[2023-02-09T13:56:05.532+0000][68][gc,age      ] GC(113) - age   4:       3968 bytes,    1611240 total
[2023-02-09T13:56:05.533+0000][68][gc,age      ] GC(113) - age   5:       7056 bytes,    1618296 total
[2023-02-09T13:56:05.534+0000][68][gc,age      ] GC(113) - age   6:       2440 bytes,    1620736 total
[2023-02-09T13:56:05.534+0000][68][gc,age      ] GC(113) - age   7:      82336 bytes,    1703072 total
[2023-02-09T13:56:05.535+0000][68][gc,age      ] GC(113) - age   8:       7144 bytes,    1710216 total
[2023-02-09T13:56:05.536+0000][68][gc,age      ] GC(113) - age   9:      26528 bytes,    1736744 total
[2023-02-09T13:56:05.536+0000][68][gc,age      ] GC(113) - age  10:         32 bytes,    1736776 total
[2023-02-09T13:56:05.537+0000][68][gc,heap     ] GC(113) Eden regions: 21->0(2)
[2023-02-09T13:56:05.538+0000][68][gc,heap     ] GC(113) Survivor regions: 1->1(3)
[2023-02-09T13:56:05.538+0000][68][gc,heap     ] GC(113) Old regions: 27->27
[2023-02-09T13:56:05.539+0000][68][gc,heap     ] GC(113) Archive regions: 2->2
[2023-02-09T13:56:05.539+0000][68][gc,heap     ] GC(113) Humongous regions: 2->2
[2023-02-09T13:56:05.540+0000][68][gc,metaspace] GC(113) Metaspace: 140809K(144000K)->140809K(144000K) NonClass: 122724K(123968K)->122724K(123968K) Class: 18085K(20032K)->18085K(20032K)
[2023-02-09T13:56:05.540+0000][68][gc          ] GC(113) Pause Young (Prepare Mixed) (G1 Evacuation Pause) 204M->119M(256M) 24.349ms
[2023-02-09T13:56:05.541+0000][68][gc,cpu      ] GC(113) User=0.01s Sys=0.00s Real=0.02s
[2023-02-09T13:56:05.541+0000][68][safepoint   ] Safepoint "G1CollectForAllocation", Time since last: 727582295 ns, Reaching safepoint: 467193 ns, At safepoint: 25448911 ns, Total: 25916104 ns
[2023-02-09T13:56:07.545+0000][68][safepoint   ] Safepoint "Cleanup", Time since last: 2003030360 ns, Reaching safepoint: 371257 ns, At safepoint: 18689 ns, Total: 389946 ns
[2023-02-09T13:56:08.546+0000][68][safepoint   ] Safepoint "Cleanup", Time since last: 1001236508 ns, Reaching safepoint: 105489 ns, At safepoint: 2975 ns, Total: 108464 ns
[2023-02-09T13:56:08.584+0000][68][gc,start    ] GC(114) Pause Young (Mixed) (G1 Evacuation Pause)
[2023-02-09T13:56:08.584+0000][68][gc,task     ] GC(114) Using 4 workers of 4 for evacuation
[2023-02-09T13:56:08.585+0000][68][gc,age      ] GC(114) Desired survivor size 2097152 bytes, new threshold 15 (max threshold 15)
[2023-02-09T13:56:08.590+0000][68][gc,phases   ] GC(114)   Pre Evacuate Collection Set: 0.1ms
[2023-02-09T13:56:08.590+0000][68][gc,phases   ] GC(114)   Merge Heap Roots: 0.1ms
[2023-02-09T13:56:08.591+0000][68][gc,phases   ] GC(114)   Evacuate Collection Set: 3.4ms
[2023-02-09T13:56:08.591+0000][68][gc,phases   ] GC(114)   Post Evacuate Collection Set: 0.8ms
[2023-02-09T13:56:08.591+0000][68][gc,phases   ] GC(114)   Other: 0.9ms
[2023-02-09T13:56:08.592+0000][68][gc,age      ] GC(114) Age table with threshold 15 (max threshold 15)
[2023-02-09T13:56:08.592+0000][68][gc,age      ] GC(114) - age   1:     170288 bytes,     170288 total
[2023-02-09T13:56:08.593+0000][68][gc,age      ] GC(114) - age   2:     567080 bytes,     737368 total
[2023-02-09T13:56:08.593+0000][68][gc,age      ] GC(114) - age   3:     784544 bytes,    1521912 total
[2023-02-09T13:56:08.594+0000][68][gc,age      ] GC(114) - age   4:     225528 bytes,    1747440 total
[2023-02-09T13:56:08.594+0000][68][gc,age      ] GC(114) - age   5:       3968 bytes,    1751408 total
[2023-02-09T13:56:08.594+0000][68][gc,age      ] GC(114) - age   6:       7056 bytes,    1758464 total
[2023-02-09T13:56:08.595+0000][68][gc,age      ] GC(114) - age   7:       2440 bytes,    1760904 total
[2023-02-09T13:56:08.595+0000][68][gc,age      ] GC(114) - age   8:      82336 bytes,    1843240 total
[2023-02-09T13:56:08.596+0000][68][gc,age      ] GC(114) - age   9:       7144 bytes,    1850384 total
[2023-02-09T13:56:08.596+0000][68][gc,age      ] GC(114) - age  10:      26432 bytes,    1876816 total
[2023-02-09T13:56:08.596+0000][68][gc,age      ] GC(114) - age  11:         32 bytes,    1876848 total
[2023-02-09T13:56:08.597+0000][68][gc,heap     ] GC(114) Eden regions: 2->0(21)
[2023-02-09T13:56:08.597+0000][68][gc,heap     ] GC(114) Survivor regions: 1->1(1)
[2023-02-09T13:56:08.598+0000][68][gc,heap     ] GC(114) Old regions: 27->27
[2023-02-09T13:56:08.599+0000][68][gc,heap     ] GC(114) Archive regions: 2->2
[2023-02-09T13:56:08.599+0000][68][gc,heap     ] GC(114) Humongous regions: 2->2
[2023-02-09T13:56:08.599+0000][68][gc,metaspace] GC(114) Metaspace: 140830K(144000K)->140830K(144000K) NonClass: 122745K(123968K)->122745K(123968K) Class: 18085K(20032K)->18085K(20032K)
[2023-02-09T13:56:08.600+0000][68][gc          ] GC(114) Pause Young (Mixed) (G1 Evacuation Pause) 127M->118M(256M) 16.452ms
[2023-02-09T13:56:08.600+0000][68][gc,cpu      ] GC(114) User=0.01s Sys=0.00s Real=0.02s
[2023-02-09T13:56:08.601+0000][68][safepoint   ] Safepoint "G1CollectForAllocation", Time since last: 37469134 ns, Reaching safepoint: 77077 ns, At safepoint: 17333474 ns, Total: 17410551 ns
[2023-02-09T13:56:14.607+0000][68][safepoint   ] Safepoint "Cleanup", Time since last: 6006041366 ns, Reaching safepoint: 189535 ns, At safepoint: 27525 ns, Total: 217060 ns
[2023-02-09T13:56:15.609+0000][68][safepoint   ] Safepoint "Cleanup", Time since last: 1000970652 ns, Reaching safepoint: 719116 ns, At safepoint: 14612 ns, Total: 733728 ns
[2023-02-09T13:56:17.615+0000][68][safepoint   ] Safepoint "Cleanup", Time since last: 2005490233 ns, Reaching safepoint: 737258 ns, At safepoint: 19274 ns, Total: 756532 ns
[2023-02-09T13:56:19.621+0000][68][safepoint   ] Safepoint "Cleanup", Time since last: 2005379392 ns, Reaching safepoint: 265455 ns, At safepoint: 14592 ns, Total: 280047 ns
[2023-02-09T13:56:20.622+0000][68][safepoint   ] Safepoint "Cleanup", Time since last: 1001079235 ns, Reaching safepoint: 109536 ns, At safepoint: 7519 ns, Total: 117055 ns
[2023-02-09T13:56:21.602+0000][68][safepoint   ] Safepoint "Cleanup", Time since last: 1001276219 ns, Reaching safepoint: 512384 ns, At safepoint: 27057 ns, Total: 539441 ns
[2023-02-09T13:56:23.608+0000][68][safepoint   ] Safepoint "Cleanup", Time since last: 2005463837 ns, Reaching safepoint: 760126 ns, At safepoint: 26733 ns, Total: 786859 ns
[2023-02-09T13:56:26.611+0000][68][safepoint   ] Safepoint "Cleanup", Time since last: 3003035838 ns, Reaching safepoint: 199207 ns, At safepoint: 25819 ns, Total: 225026 ns
[2023-02-09T13:56:27.612+0000][68][safepoint   ] Safepoint "Cleanup", Time since last: 1000834509 ns, Reaching safepoint: 129154 ns, At safepoint: 3734 ns, Total: 132888 ns
[2023-02-09T13:56:33.618+0000][68][safepoint   ] Safepoint "Cleanup", Time since last: 6004999716 ns, Reaching safepoint: 516789 ns, At safepoint: 24039 ns, Total: 540828 ns
[2023-02-09T13:56:35.353+0000][68][gc,start    ] GC(115) Pause Young (Normal) (G1 Evacuation Pause)
[2023-02-09T13:56:35.354+0000][68][gc,task     ] GC(115) Using 4 workers of 4 for evacuation
[2023-02-09T13:56:35.356+0000][68][gc,age      ] GC(115) Desired survivor size 6291456 bytes, new threshold 15 (max threshold 15)
[2023-02-09T13:56:35.361+0000][68][gc,phases   ] GC(115)   Pre Evacuate Collection Set: 0.1ms
[2023-02-09T13:56:35.363+0000][68][gc,phases   ] GC(115)   Merge Heap Roots: 0.1ms
[2023-02-09T13:56:35.364+0000][68][gc,phases   ] GC(115)   Evacuate Collection Set: 2.8ms
[2023-02-09T13:56:35.364+0000][68][gc,phases   ] GC(115)   Post Evacuate Collection Set: 1.4ms
[2023-02-09T13:56:35.366+0000][68][gc,phases   ] GC(115)   Other: 2.6ms
[2023-02-09T13:56:35.367+0000][68][gc,age      ] GC(115) Age table with threshold 15 (max threshold 15)
[2023-02-09T13:56:35.368+0000][68][gc,age      ] GC(115) - age   1:     809376 bytes,     809376 total
[2023-02-09T13:56:35.368+0000][68][gc,age      ] GC(115) - age   2:       5152 bytes,     814528 total
[2023-02-09T13:56:35.369+0000][68][gc,age      ] GC(115) - age   3:      71728 bytes,     886256 total
[2023-02-09T13:56:35.369+0000][68][gc,age      ] GC(115) - age   4:     680352 bytes,    1566608 total
[2023-02-09T13:56:35.370+0000][68][gc,age      ] GC(115) - age   5:     225224 bytes,    1791832 total
[2023-02-09T13:56:35.371+0000][68][gc,age      ] GC(115) - age   6:       3712 bytes,    1795544 total
[2023-02-09T13:56:35.371+0000][68][gc,age      ] GC(115) - age   7:       7056 bytes,    1802600 total
[2023-02-09T13:56:35.372+0000][68][gc,age      ] GC(115) - age   8:       2200 bytes,    1804800 total
[2023-02-09T13:56:35.373+0000][68][gc,age      ] GC(115) - age   9:      78264 bytes,    1883064 total
[2023-02-09T13:56:35.373+0000][68][gc,age      ] GC(115) - age  10:       7144 bytes,    1890208 total
[2023-02-09T13:56:35.374+0000][68][gc,age      ] GC(115) - age  11:      26432 bytes,    1916640 total
[2023-02-09T13:56:35.374+0000][68][gc,age      ] GC(115) - age  12:         32 bytes,    1916672 total
[2023-02-09T13:56:35.375+0000][68][gc,heap     ] GC(115) Eden regions: 21->0(21)
[2023-02-09T13:56:35.376+0000][68][gc,heap     ] GC(115) Survivor regions: 1->1(3)
[2023-02-09T13:56:35.376+0000][68][gc,heap     ] GC(115) Old regions: 27->27
[2023-02-09T13:56:35.377+0000][68][gc,heap     ] GC(115) Archive regions: 2->2
[2023-02-09T13:56:35.377+0000][68][gc,heap     ] GC(115) Humongous regions: 2->2
[2023-02-09T13:56:35.378+0000][68][gc,metaspace] GC(115) Metaspace: 140891K(144064K)->140891K(144064K) NonClass: 122805K(124032K)->122805K(124032K) Class: 18085K(20032K)->18085K(20032K)
[2023-02-09T13:56:35.379+0000][68][gc          ] GC(115) Pause Young (Normal) (G1 Evacuation Pause) 202M->118M(256M) 26.073ms
[2023-02-09T13:56:35.379+0000][68][gc,cpu      ] GC(115) User=0.01s Sys=0.00s Real=0.02s
[2023-02-09T13:56:35.380+0000][68][safepoint   ] Safepoint "G1CollectForAllocation", Time since last: 1734913529 ns, Reaching safepoint: 137612 ns, At safepoint: 27083796 ns, Total: 27221408 ns
[2023-02-09T13:56:36.381+0000][68][safepoint   ] Safepoint "Cleanup", Time since last: 1001098801 ns, Reaching safepoint: 169722 ns, At safepoint: 5904 ns, Total: 175626 ns
[2023-02-09T13:56:38.384+0000][68][safepoint   ] Safepoint "Cleanup", Time since last: 2002218090 ns, Reaching safepoint: 219283 ns, At safepoint: 46400 ns, Total: 265683 ns
[2023-02-09T13:56:39.386+0000][68][safepoint   ] Safepoint "Cleanup", Time since last: 1001942248 ns, Reaching safepoint: 121770 ns, At safepoint: 4901 ns, Total: 126671 ns
[2023-02-09T13:56:44.390+0000][68][safepoint   ] Safepoint "Cleanup", Time since last: 5004189273 ns, Reaching safepoint: 242677 ns, At safepoint: 8458 ns, Total: 251135 ns
[2023-02-09T13:56:45.391+0000][68][safepoint   ] Safepoint "Cleanup", Time since last: 1000908151 ns, Reaching safepoint: 86233 ns, At safepoint: 28132 ns, Total: 114365 ns
[2023-02-09T13:56:51.368+0000][68][safepoint   ] Safepoint "Cleanup", Time since last: 6005806202 ns, Reaching safepoint: 115570 ns, At safepoint: 31098 ns, Total: 146668 ns
[2023-02-09T13:56:53.372+0000][68][safepoint   ] Safepoint "Cleanup", Time since last: 2003784993 ns, Reaching safepoint: 259528 ns, At safepoint: 12293 ns, Total: 271821 ns
[2023-02-09T13:56:56.378+0000][68][safepoint   ] Safepoint "Cleanup", Time since last: 3005916684 ns, Reaching safepoint: 79537 ns, At safepoint: 6006 ns, Total: 85543 ns
[2023-02-09T13:56:57.380+0000][68][safepoint   ] Safepoint "Cleanup", Time since last: 1001739728 ns, Reaching safepoint: 301902 ns, At safepoint: 51797 ns, Total: 353699 ns
[2023-02-09T13:56:59.384+0000][68][safepoint   ] Safepoint "Cleanup", Time since last: 2003217868 ns, Reaching safepoint: 882737 ns, At safepoint: 41412 ns, Total: 924149 ns
[2023-02-09T13:57:02.388+0000][68][safepoint   ] Safepoint "Cleanup", Time since last: 3004096578 ns, Reaching safepoint: 109651 ns, At safepoint: 4766 ns, Total: 114417 ns
[2023-02-09T13:57:02.395+0000][68][gc,start    ] GC(116) Pause Young (Normal) (G1 Evacuation Pause)
[2023-02-09T13:57:02.395+0000][68][gc,task     ] GC(116) Using 4 workers of 4 for evacuation
[2023-02-09T13:57:02.396+0000][68][gc,age      ] GC(116) Desired survivor size 6291456 bytes, new threshold 15 (max threshold 15)
[2023-02-09T13:57:02.401+0000][68][gc,phases   ] GC(116)   Pre Evacuate Collection Set: 0.2ms
[2023-02-09T13:57:02.401+0000][68][gc,phases   ] GC(116)   Merge Heap Roots: 0.1ms
[2023-02-09T13:57:02.402+0000][68][gc,phases   ] GC(116)   Evacuate Collection Set: 2.8ms
[2023-02-09T13:57:02.402+0000][68][gc,phases   ] GC(116)   Post Evacuate Collection Set: 0.7ms
[2023-02-09T13:57:02.403+0000][68][gc,phases   ] GC(116)   Other: 1.5ms
[2023-02-09T13:57:02.404+0000][68][gc,age      ] GC(116) Age table with threshold 15 (max threshold 15)
[2023-02-09T13:57:02.404+0000][68][gc,age      ] GC(116) - age   1:    1217112 bytes,    1217112 total
[2023-02-09T13:57:02.405+0000][68][gc,age      ] GC(116) - age   2:     336032 bytes,    1553144 total
[2023-02-09T13:57:02.405+0000][68][gc,age      ] GC(116) - age   3:        776 bytes,    1553920 total
[2023-02-09T13:57:02.406+0000][68][gc,age      ] GC(116) - age   4:      53320 bytes,    1607240 total
[2023-02-09T13:57:02.406+0000][68][gc,age      ] GC(116) - age   5:     556104 bytes,    2163344 total
[2023-02-09T13:57:02.407+0000][68][gc,age      ] GC(116) - age   6:     225224 bytes,    2388568 total
[2023-02-09T13:57:02.407+0000][68][gc,age      ] GC(116) - age   7:       3712 bytes,    2392280 total
[2023-02-09T13:57:02.407+0000][68][gc,age      ] GC(116) - age   8:       7056 bytes,    2399336 total
[2023-02-09T13:57:02.408+0000][68][gc,age      ] GC(116) - age   9:       2168 bytes,    2401504 total
[2023-02-09T13:57:02.408+0000][68][gc,age      ] GC(116) - age  10:      73776 bytes,    2475280 total
[2023-02-09T13:57:02.409+0000][68][gc,age      ] GC(116) - age  11:       7144 bytes,    2482424 total
[2023-02-09T13:57:02.409+0000][68][gc,age      ] GC(116) - age  12:      26432 bytes,    2508856 total
[2023-02-09T13:57:02.409+0000][68][gc,age      ] GC(116) - age  13:         32 bytes,    2508888 total
[2023-02-09T13:57:02.410+0000][68][gc,heap     ] GC(116) Eden regions: 21->0(21)
[2023-02-09T13:57:02.410+0000][68][gc,heap     ] GC(116) Survivor regions: 1->1(3)
[2023-02-09T13:57:02.411+0000][68][gc,heap     ] GC(116) Old regions: 27->27
[2023-02-09T13:57:02.411+0000][68][gc,heap     ] GC(116) Archive regions: 2->2
[2023-02-09T13:57:02.411+0000][68][gc,heap     ] GC(116) Humongous regions: 2->2
[2023-02-09T13:57:02.412+0000][68][gc,metaspace] GC(116) Metaspace: 140925K(144128K)->140925K(144128K) NonClass: 122839K(124096K)->122839K(124096K) Class: 18086K(20032K)->18086K(20032K)
[2023-02-09T13:57:02.412+0000][68][gc          ] GC(116) Pause Young (Normal) (G1 Evacuation Pause) 202M->118M(256M) 17.807ms
[2023-02-09T13:57:02.413+0000][68][gc,cpu      ] GC(116) User=0.00s Sys=0.00s Real=0.02s
[2023-02-09T13:57:02.413+0000][68][safepoint   ] Safepoint "G1CollectForAllocation", Time since last: 6452632 ns, Reaching safepoint: 56741 ns, At safepoint: 18721607 ns, Total: 18778348 ns
[2023-02-09T13:57:07.418+0000][68][safepoint   ] Safepoint "Cleanup", Time since last: 5004512139 ns, Reaching safepoint: 226419 ns, At safepoint: 7608 ns, Total: 234027 ns
[2023-02-09T13:57:12.423+0000][68][safepoint   ] Safepoint "Cleanup", Time since last: 5004744293 ns, Reaching safepoint: 412446 ns, At safepoint: 12917 ns, Total: 425363 ns
[2023-02-09T13:57:20.430+0000][68][safepoint   ] Safepoint "Cleanup", Time since last: 8006319303 ns, Reaching safepoint: 78407 ns, At safepoint: 4949 ns, Total: 83356 ns
[2023-02-09T13:57:26.412+0000][68][safepoint   ] Safepoint "Cleanup", Time since last: 6003973899 ns, Reaching safepoint: 181506 ns, At safepoint: 28048 ns, Total: 209554 ns
[2023-02-09T13:57:27.595+0000][68][gc,start    ] GC(117) Pause Young (Concurrent Start) (G1 Evacuation Pause)
[2023-02-09T13:57:27.596+0000][68][gc,task     ] GC(117) Using 4 workers of 4 for evacuation
[2023-02-09T13:57:27.597+0000][68][gc,age      ] GC(117) Desired survivor size 6291456 bytes, new threshold 15 (max threshold 15)
[2023-02-09T13:57:27.603+0000][68][gc,phases   ] GC(117)   Pre Evacuate Collection Set: 0.4ms
[2023-02-09T13:57:27.604+0000][68][gc,phases   ] GC(117)   Merge Heap Roots: 0.1ms
[2023-02-09T13:57:27.604+0000][68][gc,phases   ] GC(117)   Evacuate Collection Set: 4.4ms
[2023-02-09T13:57:27.605+0000][68][gc,phases   ] GC(117)   Post Evacuate Collection Set: 0.7ms
[2023-02-09T13:57:27.605+0000][68][gc,phases   ] GC(117)   Other: 1.4ms
[2023-02-09T13:57:27.605+0000][68][gc,age      ] GC(117) Age table with threshold 15 (max threshold 15)
[2023-02-09T13:57:27.606+0000][68][gc,age      ] GC(117) - age   1:     787864 bytes,     787864 total
[2023-02-09T13:57:27.607+0000][68][gc,age      ] GC(117) - age   2:      73984 bytes,     861848 total
[2023-02-09T13:57:27.607+0000][68][gc,age      ] GC(117) - age   3:     227536 bytes,    1089384 total
[2023-02-09T13:57:27.608+0000][68][gc,age      ] GC(117) - age   4:        712 bytes,    1090096 total
[2023-02-09T13:57:27.608+0000][68][gc,age      ] GC(117) - age   5:      52776 bytes,    1142872 total
[2023-02-09T13:57:27.609+0000][68][gc,age      ] GC(117) - age   6:     555392 bytes,    1698264 total
[2023-02-09T13:57:27.609+0000][68][gc,age      ] GC(117) - age   7:     225224 bytes,    1923488 total
[2023-02-09T13:57:27.610+0000][68][gc,age      ] GC(117) - age   8:       3712 bytes,    1927200 total
[2023-02-09T13:57:27.610+0000][68][gc,age      ] GC(117) - age   9:       7056 bytes,    1934256 total
[2023-02-09T13:57:27.610+0000][68][gc,age      ] GC(117) - age  10:       2168 bytes,    1936424 total
[2023-02-09T13:57:27.611+0000][68][gc,age      ] GC(117) - age  11:      70040 bytes,    2006464 total
[2023-02-09T13:57:27.612+0000][68][gc,age      ] GC(117) - age  12:       7144 bytes,    2013608 total
[2023-02-09T13:57:27.612+0000][68][gc,age      ] GC(117) - age  13:      26432 bytes,    2040040 total
[2023-02-09T13:57:27.613+0000][68][gc,age      ] GC(117) - age  14:         32 bytes,    2040072 total
[2023-02-09T13:57:27.614+0000][68][gc,heap     ] GC(117) Eden regions: 21->0(21)
[2023-02-09T13:57:27.614+0000][68][gc,heap     ] GC(117) Survivor regions: 1->1(3)
[2023-02-09T13:57:27.615+0000][68][gc,heap     ] GC(117) Old regions: 27->27
[2023-02-09T13:57:27.615+0000][68][gc,heap     ] GC(117) Archive regions: 2->2
[2023-02-09T13:57:27.616+0000][68][gc,heap     ] GC(117) Humongous regions: 2->2
[2023-02-09T13:57:27.616+0000][68][gc,metaspace] GC(117) Metaspace: 140956K(144128K)->140956K(144128K) NonClass: 122870K(124096K)->122870K(124096K) Class: 18086K(20032K)->18086K(20032K)
[2023-02-09T13:57:27.617+0000][68][gc          ] GC(117) Pause Young (Concurrent Start) (G1 Evacuation Pause) 202M->118M(256M) 21.454ms
[2023-02-09T13:57:27.617+0000][68][gc,cpu      ] GC(117) User=0.01s Sys=0.00s Real=0.02s
[2023-02-09T13:57:27.617+0000][68][gc          ] GC(118) Concurrent Mark Cycle
[2023-02-09T13:57:27.618+0000][68][safepoint   ] Safepoint "G1CollectForAllocation", Time since last: 1183492005 ns, Reaching safepoint: 60449 ns, At safepoint: 22558663 ns, Total: 22619112 ns
[2023-02-09T13:57:27.618+0000][68][gc,marking  ] GC(118) Concurrent Clear Claimed Marks
[2023-02-09T13:57:27.620+0000][68][gc,marking  ] GC(118) Concurrent Clear Claimed Marks 1.411ms
[2023-02-09T13:57:27.620+0000][68][gc,marking  ] GC(118) Concurrent Scan Root Regions
[2023-02-09T13:57:27.623+0000][68][gc,marking  ] GC(118) Concurrent Scan Root Regions 2.604ms
[2023-02-09T13:57:27.624+0000][68][gc,marking  ] GC(118) Concurrent Mark
[2023-02-09T13:57:27.625+0000][68][gc,marking  ] GC(118) Concurrent Mark From Roots
[2023-02-09T13:57:27.625+0000][68][gc,task     ] GC(118) Using 1 workers of 1 for marking
[2023-02-09T13:57:27.736+0000][68][gc,marking  ] GC(118) Concurrent Mark From Roots 111.607ms
[2023-02-09T13:57:27.737+0000][68][gc,marking  ] GC(118) Concurrent Preclean
[2023-02-09T13:57:27.738+0000][68][gc,marking  ] GC(118) Concurrent Preclean 1.160ms
[2023-02-09T13:57:27.739+0000][68][gc,start    ] GC(118) Pause Remark
[2023-02-09T13:57:27.756+0000][68][gc          ] GC(118) Pause Remark 119M->119M(256M) 16.791ms
[2023-02-09T13:57:27.757+0000][68][gc,cpu      ] GC(118) User=0.05s Sys=0.00s Real=0.02s
[2023-02-09T13:57:27.758+0000][68][safepoint   ] Safepoint "G1PauseRemark", Time since last: 121305891 ns, Reaching safepoint: 142541 ns, At safepoint: 18645059 ns, Total: 18787600 ns
[2023-02-09T13:57:27.759+0000][68][gc,marking  ] GC(118) Concurrent Mark 134.916ms
[2023-02-09T13:57:27.759+0000][68][gc,marking  ] GC(118) Concurrent Rebuild Remembered Sets
[2023-02-09T13:57:27.821+0000][68][gc,marking  ] GC(118) Concurrent Rebuild Remembered Sets 61.864ms
[2023-02-09T13:57:27.823+0000][68][gc,start    ] GC(118) Pause Cleanup
[2023-02-09T13:57:27.824+0000][68][gc          ] GC(118) Pause Cleanup 119M->119M(256M) 1.185ms
[2023-02-09T13:57:27.825+0000][68][gc,cpu      ] GC(118) User=0.00s Sys=0.00s Real=0.00s
[2023-02-09T13:57:27.826+0000][68][safepoint   ] Safepoint "G1PauseCleanup", Time since last: 64985550 ns, Reaching safepoint: 142000 ns, At safepoint: 2850157 ns, Total: 2992157 ns
[2023-02-09T13:57:27.826+0000][68][gc,marking  ] GC(118) Concurrent Cleanup for Next Mark
[2023-02-09T13:57:27.827+0000][68][gc,marking  ] GC(118) Concurrent Cleanup for Next Mark 0.802ms
[2023-02-09T13:57:27.828+0000][68][gc          ] GC(118) Concurrent Mark Cycle 210.617ms
[2023-02-09T13:57:29.828+0000][68][safepoint   ] Safepoint "Cleanup", Time since last: 2002215548 ns, Reaching safepoint: 272408 ns, At safepoint: 15177 ns, Total: 287585 ns
[2023-02-09T13:57:32.834+0000][68][safepoint   ] Safepoint "Cleanup", Time since last: 3004845779 ns, Reaching safepoint: 267445 ns, At safepoint: 11529 ns, Total: 278974 ns
[2023-02-09T13:57:33.836+0000][68][safepoint   ] Safepoint "Cleanup", Time since last: 1002429335 ns, Reaching safepoint: 467553 ns, At safepoint: 18624 ns, Total: 486177 ns
[2023-02-09T13:57:34.840+0000][68][safepoint   ] Safepoint "Cleanup", Time since last: 1002401123 ns, Reaching safepoint: 713952 ns, At safepoint: 44900 ns, Total: 758852 ns
[2023-02-09T13:57:38.848+0000][68][safepoint   ] Safepoint "Cleanup", Time since last: 4007785021 ns, Reaching safepoint: 175141 ns, At safepoint: 13132 ns, Total: 188273 ns
[2023-02-09T13:57:40.853+0000][68][safepoint   ] Safepoint "Cleanup", Time since last: 2005392262 ns, Reaching safepoint: 127836 ns, At safepoint: 8507 ns, Total: 136343 ns
[2023-02-09T13:57:41.858+0000][68][safepoint   ] Safepoint "Cleanup", Time since last: 1003996881 ns, Reaching safepoint: 753767 ns, At safepoint: 30808 ns, Total: 784575 ns
[2023-02-09T13:57:44.864+0000][68][safepoint   ] Safepoint "Cleanup", Time since last: 3005652010 ns, Reaching safepoint: 336541 ns, At safepoint: 10122 ns, Total: 346663 ns
[2023-02-09T13:57:47.869+0000][68][safepoint   ] Safepoint "Cleanup", Time since last: 3004656797 ns, Reaching safepoint: 243466 ns, At safepoint: 7796 ns, Total: 251262 ns
[2023-02-09T13:57:50.873+0000][68][safepoint   ] Safepoint "Cleanup", Time since last: 3003889358 ns, Reaching safepoint: 601996 ns, At safepoint: 12793 ns, Total: 614789 ns
[2023-02-09T13:57:51.574+0000][68][gc,start    ] GC(119) Pause Young (Prepare Mixed) (G1 Evacuation Pause)
[2023-02-09T13:57:51.576+0000][68][gc,task     ] GC(119) Using 4 workers of 4 for evacuation
[2023-02-09T13:57:51.578+0000][68][gc,age      ] GC(119) Desired survivor size 6291456 bytes, new threshold 15 (max threshold 15)
[2023-02-09T13:57:51.587+0000][68][gc,phases   ] GC(119)   Pre Evacuate Collection Set: 0.4ms
[2023-02-09T13:57:51.589+0000][68][gc,phases   ] GC(119)   Merge Heap Roots: 0.3ms
[2023-02-09T13:57:51.590+0000][68][gc,phases   ] GC(119)   Evacuate Collection Set: 4.8ms
[2023-02-09T13:57:51.591+0000][68][gc,phases   ] GC(119)   Post Evacuate Collection Set: 2.3ms
[2023-02-09T13:57:51.591+0000][68][gc,phases   ] GC(119)   Other: 3.2ms
[2023-02-09T13:57:51.592+0000][68][gc,age      ] GC(119) Age table with threshold 15 (max threshold 15)
[2023-02-09T13:57:51.593+0000][68][gc,age      ] GC(119) - age   1:     893976 bytes,     893976 total
[2023-02-09T13:57:51.593+0000][68][gc,age      ] GC(119) - age   2:     391000 bytes,    1284976 total
[2023-02-09T13:57:51.594+0000][68][gc,age      ] GC(119) - age   3:       6472 bytes,    1291448 total
[2023-02-09T13:57:51.594+0000][68][gc,age      ] GC(119) - age   4:     113776 bytes,    1405224 total
[2023-02-09T13:57:51.595+0000][68][gc,age      ] GC(119) - age   5:        712 bytes,    1405936 total
[2023-02-09T13:57:51.595+0000][68][gc,age      ] GC(119) - age   6:      52136 bytes,    1458072 total
[2023-02-09T13:57:51.596+0000][68][gc,age      ] GC(119) - age   7:     554440 bytes,    2012512 total
[2023-02-09T13:57:51.596+0000][68][gc,age      ] GC(119) - age   8:     225224 bytes,    2237736 total
[2023-02-09T13:57:51.597+0000][68][gc,age      ] GC(119) - age   9:       3712 bytes,    2241448 total
[2023-02-09T13:57:51.598+0000][68][gc,age      ] GC(119) - age  10:       7056 bytes,    2248504 total
[2023-02-09T13:57:51.599+0000][68][gc,age      ] GC(119) - age  11:       2168 bytes,    2250672 total
[2023-02-09T13:57:51.599+0000][68][gc,age      ] GC(119) - age  12:      69960 bytes,    2320632 total
[2023-02-09T13:57:51.600+0000][68][gc,age      ] GC(119) - age  13:       7144 bytes,    2327776 total
[2023-02-09T13:57:51.601+0000][68][gc,age      ] GC(119) - age  14:      26432 bytes,    2354208 total
[2023-02-09T13:57:51.601+0000][68][gc,age      ] GC(119) - age  15:         32 bytes,    2354240 total
[2023-02-09T13:57:51.602+0000][68][gc,heap     ] GC(119) Eden regions: 21->0(2)
[2023-02-09T13:57:51.603+0000][68][gc,heap     ] GC(119) Survivor regions: 1->1(3)
[2023-02-09T13:57:51.603+0000][68][gc,heap     ] GC(119) Old regions: 27->27
[2023-02-09T13:57:51.604+0000][68][gc,heap     ] GC(119) Archive regions: 2->2
[2023-02-09T13:57:51.604+0000][68][gc,heap     ] GC(119) Humongous regions: 2->2
[2023-02-09T13:57:51.605+0000][68][gc,metaspace] GC(119) Metaspace: 140978K(144192K)->140978K(144192K) NonClass: 122892K(124160K)->122892K(124160K) Class: 18086K(20032K)->18086K(20032K)
[2023-02-09T13:57:51.605+0000][68][gc          ] GC(119) Pause Young (Prepare Mixed) (G1 Evacuation Pause) 202M->118M(256M) 30.947ms
[2023-02-09T13:57:51.606+0000][68][gc,cpu      ] GC(119) User=0.02s Sys=0.00s Real=0.03s
[2023-02-09T13:57:51.607+0000][68][safepoint   ] Safepoint "G1CollectForAllocation", Time since last: 722332598 ns, Reaching safepoint: 524661 ns, At safepoint: 32192709 ns, Total: 32717370 ns
[2023-02-09T13:57:52.608+0000][68][safepoint   ] Safepoint "Cleanup", Time since last: 1000779616 ns, Reaching safepoint: 217892 ns, At safepoint: 4170 ns, Total: 222062 ns
[2023-02-09T13:57:53.317+0000][68][gc,start    ] GC(120) Pause Young (Mixed) (G1 Evacuation Pause)
[2023-02-09T13:57:53.318+0000][68][gc,task     ] GC(120) Using 4 workers of 4 for evacuation
[2023-02-09T13:57:53.319+0000][68][gc,age      ] GC(120) Desired survivor size 2097152 bytes, new threshold 8 (max threshold 15)
[2023-02-09T13:57:53.331+0000][68][gc,phases   ] GC(120)   Pre Evacuate Collection Set: 0.2ms
[2023-02-09T13:57:53.332+0000][68][gc,phases   ] GC(120)   Merge Heap Roots: 0.3ms
[2023-02-09T13:57:53.333+0000][68][gc,phases   ] GC(120)   Evacuate Collection Set: 8.5ms
[2023-02-09T13:57:53.333+0000][68][gc,phases   ] GC(120)   Post Evacuate Collection Set: 1.7ms
[2023-02-09T13:57:53.334+0000][68][gc,phases   ] GC(120)   Other: 2.0ms
[2023-02-09T13:57:53.335+0000][68][gc,age      ] GC(120) Age table with threshold 8 (max threshold 15)
[2023-02-09T13:57:53.335+0000][68][gc,age      ] GC(120) - age   1:     134208 bytes,     134208 total
[2023-02-09T13:57:53.336+0000][68][gc,age      ] GC(120) - age   2:     881088 bytes,    1015296 total
[2023-02-09T13:57:53.337+0000][68][gc,age      ] GC(120) - age   3:     391000 bytes,    1406296 total
[2023-02-09T13:57:53.337+0000][68][gc,age      ] GC(120) - age   4:       6128 bytes,    1412424 total
[2023-02-09T13:57:53.338+0000][68][gc,age      ] GC(120) - age   5:     113776 bytes,    1526200 total
[2023-02-09T13:57:53.339+0000][68][gc,age      ] GC(120) - age   6:        712 bytes,    1526912 total
[2023-02-09T13:57:53.339+0000][68][gc,age      ] GC(120) - age   7:      52120 bytes,    1579032 total
[2023-02-09T13:57:53.340+0000][68][gc,age      ] GC(120) - age   8:     554440 bytes,    2133472 total
[2023-02-09T13:57:53.340+0000][68][gc,heap     ] GC(120) Eden regions: 2->0(22)
[2023-02-09T13:57:53.341+0000][68][gc,heap     ] GC(120) Survivor regions: 1->1(1)
[2023-02-09T13:57:53.342+0000][68][gc,heap     ] GC(120) Old regions: 27->26
[2023-02-09T13:57:53.342+0000][68][gc,heap     ] GC(120) Archive regions: 2->2
[2023-02-09T13:57:53.343+0000][68][gc,heap     ] GC(120) Humongous regions: 2->2
[2023-02-09T13:57:53.343+0000][68][gc,metaspace] GC(120) Metaspace: 140979K(144192K)->140979K(144192K) NonClass: 122893K(124160K)->122893K(124160K) Class: 18086K(20032K)->18086K(20032K)
[2023-02-09T13:57:53.344+0000][68][gc          ] GC(120) Pause Young (Mixed) (G1 Evacuation Pause) 126M->117M(256M) 27.044ms
[2023-02-09T13:57:53.345+0000][68][gc,cpu      ] GC(120) User=0.02s Sys=0.00s Real=0.03s
[2023-02-09T13:57:53.345+0000][68][safepoint   ] Safepoint "G1CollectForAllocation", Time since last: 709118912 ns, Reaching safepoint: 335425 ns, At safepoint: 28106224 ns, Total: 28441649 ns
[2023-02-09T13:57:57.349+0000][68][safepoint   ] Safepoint "Cleanup", Time since last: 4003930655 ns, Reaching safepoint: 196553 ns, At safepoint: 17475 ns, Total: 214028 ns
[2023-02-09T13:57:59.353+0000][68][safepoint   ] Safepoint "Cleanup", Time since last: 2003232750 ns, Reaching safepoint: 367266 ns, At safepoint: 12732 ns, Total: 379998 ns
[2023-02-09T13:58:01.358+0000][68][safepoint   ] Safepoint "Cleanup", Time since last: 2003870124 ns, Reaching safepoint: 838218 ns, At safepoint: 63180 ns, Total: 901398 ns
[2023-02-09T13:58:02.361+0000][68][safepoint   ] Safepoint "Cleanup", Time since last: 1002916933 ns, Reaching safepoint: 69018 ns, At safepoint: 27627 ns, Total: 96645 ns
[2023-02-09T13:58:04.362+0000][68][safepoint   ] Safepoint "Cleanup", Time since last: 2001615055 ns, Reaching safepoint: 119778 ns, At safepoint: 3951 ns, Total: 123729 ns
[2023-02-09T13:58:05.371+0000][68][safepoint   ] Safepoint "Cleanup", Time since last: 1008119549 ns, Reaching safepoint: 159783 ns, At safepoint: 5141 ns, Total: 164924 ns
[2023-02-09T13:58:07.374+0000][68][safepoint   ] Safepoint "Cleanup", Time since last: 2002580134 ns, Reaching safepoint: 475513 ns, At safepoint: 80132 ns, Total: 555645 ns
[2023-02-09T13:58:15.382+0000][68][safepoint   ] Safepoint "Cleanup", Time since last: 8008476226 ns, Reaching safepoint: 162778 ns, At safepoint: 5247 ns, Total: 168025 ns
[2023-02-09T13:58:17.387+0000][68][safepoint   ] Safepoint "Cleanup", Time since last: 2003950416 ns, Reaching safepoint: 697694 ns, At safepoint: 20231 ns, Total: 717925 ns
[2023-02-09T13:58:19.392+0000][68][safepoint   ] Safepoint "Cleanup", Time since last: 2004335013 ns, Reaching safepoint: 169876 ns, At safepoint: 8385 ns, Total: 178261 ns
[2023-02-09T13:58:20.393+0000][68][safepoint   ] Safepoint "Cleanup", Time since last: 1001581265 ns, Reaching safepoint: 114731 ns, At safepoint: 3523 ns, Total: 118254 ns
[2023-02-09T13:58:21.713+0000][68][gc,start    ] GC(121) Pause Young (Normal) (G1 Evacuation Pause)
[2023-02-09T13:58:21.713+0000][68][gc,task     ] GC(121) Using 4 workers of 4 for evacuation
[2023-02-09T13:58:21.714+0000][68][gc,age      ] GC(121) Desired survivor size 6291456 bytes, new threshold 15 (max threshold 15)
[2023-02-09T13:58:21.718+0000][68][gc,phases   ] GC(121)   Pre Evacuate Collection Set: 0.1ms
[2023-02-09T13:58:21.718+0000][68][gc,phases   ] GC(121)   Merge Heap Roots: 0.0ms
[2023-02-09T13:58:21.719+0000][68][gc,phases   ] GC(121)   Evacuate Collection Set: 2.1ms
[2023-02-09T13:58:21.719+0000][68][gc,phases   ] GC(121)   Post Evacuate Collection Set: 0.8ms
[2023-02-09T13:58:21.720+0000][68][gc,phases   ] GC(121)   Other: 1.2ms
[2023-02-09T13:58:21.720+0000][68][gc,age      ] GC(121) Age table with threshold 15 (max threshold 15)
[2023-02-09T13:58:21.721+0000][68][gc,age      ] GC(121) - age   1:    1145976 bytes,    1145976 total
[2023-02-09T13:58:21.721+0000][68][gc,age      ] GC(121) - age   2:       1984 bytes,    1147960 total
[2023-02-09T13:58:21.722+0000][68][gc,age      ] GC(121) - age   3:      35000 bytes,    1182960 total
[2023-02-09T13:58:21.723+0000][68][gc,age      ] GC(121) - age   4:     389904 bytes,    1572864 total
[2023-02-09T13:58:21.723+0000][68][gc,age      ] GC(121) - age   5:       5872 bytes,    1578736 total
[2023-02-09T13:58:21.724+0000][68][gc,age      ] GC(121) - age   6:     113496 bytes,    1692232 total
[2023-02-09T13:58:21.724+0000][68][gc,age      ] GC(121) - age   7:        712 bytes,    1692944 total
[2023-02-09T13:58:21.725+0000][68][gc,age      ] GC(121) - age   8:      52048 bytes,    1744992 total
[2023-02-09T13:58:21.726+0000][68][gc,age      ] GC(121) - age   9:     554440 bytes,    2299432 total
[2023-02-09T13:58:21.727+0000][68][gc,heap     ] GC(121) Eden regions: 22->0(22)
[2023-02-09T13:58:21.727+0000][68][gc,heap     ] GC(121) Survivor regions: 1->1(3)
[2023-02-09T13:58:21.728+0000][68][gc,heap     ] GC(121) Old regions: 26->26
[2023-02-09T13:58:21.728+0000][68][gc,heap     ] GC(121) Archive regions: 2->2
[2023-02-09T13:58:21.730+0000][68][gc,heap     ] GC(121) Humongous regions: 2->2
[2023-02-09T13:58:21.730+0000][68][gc,metaspace] GC(121) Metaspace: 141015K(144192K)->141015K(144192K) NonClass: 122929K(124160K)->122929K(124160K) Class: 18086K(20032K)->18086K(20032K)
[2023-02-09T13:58:21.731+0000][68][gc          ] GC(121) Pause Young (Normal) (G1 Evacuation Pause) 205M->117M(256M) 18.061ms
[2023-02-09T13:58:21.731+0000][68][gc,cpu      ] GC(121) User=0.01s Sys=0.00s Real=0.02s
[2023-02-09T13:58:21.732+0000][68][safepoint   ] Safepoint "G1CollectForAllocation", Time since last: 1341160534 ns, Reaching safepoint: 57933 ns, At safepoint: 19344567 ns, Total: 19402500 ns
[2023-02-09T13:58:22.734+0000][68][safepoint   ] Safepoint "Cleanup", Time since last: 1001819585 ns, Reaching safepoint: 215210 ns, At safepoint: 7759 ns, Total: 222969 ns
[2023-02-09T13:58:26.741+0000][68][safepoint   ] Safepoint "Cleanup", Time since last: 4007312875 ns, Reaching safepoint: 109873 ns, At safepoint: 4134 ns, Total: 114007 ns
[2023-02-09T13:58:27.743+0000][68][safepoint   ] Safepoint "Cleanup", Time since last: 1001888366 ns, Reaching safepoint: 101760 ns, At safepoint: 36660 ns, Total: 138420 ns
[2023-02-09T13:58:29.747+0000][68][safepoint   ] Safepoint "Cleanup", Time since last: 2003734000 ns, Reaching safepoint: 88388 ns, At safepoint: 5550 ns, Total: 93938 ns
[2023-02-09T13:58:32.750+0000][68][safepoint   ] Safepoint "Cleanup", Time since last: 3002450095 ns, Reaching safepoint: 66066 ns, At safepoint: 2777 ns, Total: 68843 ns
[2023-02-09T13:58:33.760+0000][68][safepoint   ] Safepoint "Cleanup", Time since last: 1010274053 ns, Reaching safepoint: 62854 ns, At safepoint: 3958 ns, Total: 66812 ns
[2023-02-09T13:58:35.764+0000][68][safepoint   ] Safepoint "Cleanup", Time since last: 2002642351 ns, Reaching safepoint: 946193 ns, At safepoint: 43094 ns, Total: 989287 ns
[2023-02-09T13:58:37.770+0000][68][safepoint   ] Safepoint "Cleanup", Time since last: 2005271338 ns, Reaching safepoint: 693597 ns, At safepoint: 54452 ns, Total: 748049 ns
[2023-02-09T13:58:38.775+0000][68][safepoint   ] Safepoint "Cleanup", Time since last: 1004423265 ns, Reaching safepoint: 352424 ns, At safepoint: 12356 ns, Total: 364780 ns
[2023-02-09T13:58:41.780+0000][68][safepoint   ] Safepoint "Cleanup", Time since last: 3004855517 ns, Reaching safepoint: 178615 ns, At safepoint: 7245 ns, Total: 185860 ns
[2023-02-09T13:58:44.786+0000][68][safepoint   ] Safepoint "Cleanup", Time since last: 3006615628 ns, Reaching safepoint: 72818 ns, At safepoint: 3293 ns, Total: 76111 ns
[2023-02-09T13:58:47.791+0000][68][safepoint   ] Safepoint "Cleanup", Time since last: 3004136164 ns, Reaching safepoint: 269673 ns, At safepoint: 10882 ns, Total: 280555 ns
[2023-02-09T13:58:50.523+0000][68][gc,start    ] GC(122) Pause Young (Normal) (G1 Evacuation Pause)
[2023-02-09T13:58:50.523+0000][68][gc,task     ] GC(122) Using 4 workers of 4 for evacuation
[2023-02-09T13:58:50.524+0000][68][gc,age      ] GC(122) Desired survivor size 6291456 bytes, new threshold 15 (max threshold 15)
[2023-02-09T13:58:50.528+0000][68][gc,phases   ] GC(122)   Pre Evacuate Collection Set: 0.1ms
[2023-02-09T13:58:50.528+0000][68][gc,phases   ] GC(122)   Merge Heap Roots: 0.0ms
[2023-02-09T13:58:50.529+0000][68][gc,phases   ] GC(122)   Evacuate Collection Set: 2.7ms
[2023-02-09T13:58:50.529+0000][68][gc,phases   ] GC(122)   Post Evacuate Collection Set: 0.7ms
[2023-02-09T13:58:50.530+0000][68][gc,phases   ] GC(122)   Other: 1.1ms
[2023-02-09T13:58:50.530+0000][68][gc,age      ] GC(122) Age table with threshold 15 (max threshold 15)
[2023-02-09T13:58:50.530+0000][68][gc,age      ] GC(122) - age   1:    1302920 bytes,    1302920 total
[2023-02-09T13:58:50.531+0000][68][gc,age      ] GC(122) - age   2:     214984 bytes,    1517904 total
[2023-02-09T13:58:50.532+0000][68][gc,age      ] GC(122) - age   3:       1984 bytes,    1519888 total
[2023-02-09T13:58:50.532+0000][68][gc,age      ] GC(122) - age   4:       4672 bytes,    1524560 total
[2023-02-09T13:58:50.533+0000][68][gc,age      ] GC(122) - age   5:     275104 bytes,    1799664 total
[2023-02-09T13:58:50.533+0000][68][gc,age      ] GC(122) - age   6:       5808 bytes,    1805472 total
[2023-02-09T13:58:50.533+0000][68][gc,age      ] GC(122) - age   7:     113136 bytes,    1918608 total
[2023-02-09T13:58:50.534+0000][68][gc,age      ] GC(122) - age   8:        712 bytes,    1919320 total
[2023-02-09T13:58:50.534+0000][68][gc,age      ] GC(122) - age   9:      52048 bytes,    1971368 total
[2023-02-09T13:58:50.535+0000][68][gc,age      ] GC(122) - age  10:     554440 bytes,    2525808 total
[2023-02-09T13:58:50.535+0000][68][gc,heap     ] GC(122) Eden regions: 22->0(22)
[2023-02-09T13:58:50.536+0000][68][gc,heap     ] GC(122) Survivor regions: 1->1(3)
[2023-02-09T13:58:50.536+0000][68][gc,heap     ] GC(122) Old regions: 26->26
[2023-02-09T13:58:50.536+0000][68][gc,heap     ] GC(122) Archive regions: 2->2
[2023-02-09T13:58:50.537+0000][68][gc,heap     ] GC(122) Humongous regions: 2->2
[2023-02-09T13:58:50.537+0000][68][gc,metaspace] GC(122) Metaspace: 141291K(144448K)->141291K(144448K) NonClass: 123145K(124416K)->123145K(124416K) Class: 18145K(20032K)->18145K(20032K)
[2023-02-09T13:58:50.538+0000][68][gc          ] GC(122) Pause Young (Normal) (G1 Evacuation Pause) 205M->117M(256M) 15.201ms
[2023-02-09T13:58:50.538+0000][68][gc,cpu      ] GC(122) User=0.00s Sys=0.00s Real=0.02s
[2023-02-09T13:58:50.539+0000][68][safepoint   ] Safepoint "G1CollectForAllocation", Time since last: 2731700751 ns, Reaching safepoint: 80241 ns, At safepoint: 16108377 ns, Total: 16188618 ns
[2023-02-09T13:58:51.519+0000][68][safepoint   ] Safepoint "Cleanup", Time since last: 1001338512 ns, Reaching safepoint: 403785 ns, At safepoint: 13586 ns, Total: 417371 ns
[2023-02-09T13:58:53.524+0000][68][safepoint   ] Safepoint "Cleanup", Time since last: 2004871467 ns, Reaching safepoint: 163489 ns, At safepoint: 8338 ns, Total: 171827 ns
[2023-02-09T13:58:54.526+0000][68][safepoint   ] Safepoint "Cleanup", Time since last: 1002341079 ns, Reaching safepoint: 183873 ns, At safepoint: 11422 ns, Total: 195295 ns
[2023-02-09T13:58:56.532+0000][68][safepoint   ] Safepoint "Cleanup", Time since last: 2005385500 ns, Reaching safepoint: 179362 ns, At safepoint: 29051 ns, Total: 208413 ns
[2023-02-09T13:58:57.534+0000][68][safepoint   ] Safepoint "Cleanup", Time since last: 1001804844 ns, Reaching safepoint: 73510 ns, At safepoint: 3223 ns, Total: 76733 ns
[2023-02-09T13:58:59.535+0000][68][safepoint   ] Safepoint "Cleanup", Time since last: 2001521331 ns, Reaching safepoint: 265034 ns, At safepoint: 11273 ns, Total: 276307 ns
[2023-02-09T13:59:02.540+0000][68][safepoint   ] Safepoint "Cleanup", Time since last: 3004546731 ns, Reaching safepoint: 137193 ns, At safepoint: 5920 ns, Total: 143113 ns
[2023-02-09T13:59:03.541+0000][68][safepoint   ] Safepoint "Cleanup", Time since last: 1001210202 ns, Reaching safepoint: 148621 ns, At safepoint: 12914 ns, Total: 161535 ns
[2023-02-09T13:59:05.547+0000][68][safepoint   ] Safepoint "Cleanup", Time since last: 2005053349 ns, Reaching safepoint: 79632 ns, At safepoint: 4518 ns, Total: 84150 ns
[2023-02-09T13:59:07.550+0000][68][safepoint   ] Safepoint "Cleanup", Time since last: 2003125876 ns, Reaching safepoint: 725331 ns, At safepoint: 35182 ns, Total: 760513 ns
[2023-02-09T13:59:08.554+0000][68][safepoint   ] Safepoint "Cleanup", Time since last: 1003660940 ns, Reaching safepoint: 92850 ns, At safepoint: 4561 ns, Total: 97411 ns
[2023-02-09T13:59:09.556+0000][68][safepoint   ] Safepoint "Cleanup", Time since last: 1001507219 ns, Reaching safepoint: 138106 ns, At safepoint: 6153 ns, Total: 144259 ns
[2023-02-09T13:59:11.559+0000][68][safepoint   ] Safepoint "Cleanup", Time since last: 2002375697 ns, Reaching safepoint: 666564 ns, At safepoint: 32342 ns, Total: 698906 ns
[2023-02-09T13:59:14.565+0000][68][safepoint   ] Safepoint "Cleanup", Time since last: 3006186399 ns, Reaching safepoint: 306580 ns, At safepoint: 13784 ns, Total: 320364 ns
[2023-02-09T13:59:15.569+0000][68][safepoint   ] Safepoint "Cleanup", Time since last: 1003203493 ns, Reaching safepoint: 181657 ns, At safepoint: 6852 ns, Total: 188509 ns
[2023-02-09T13:59:15.696+0000][68][gc,start    ] GC(123) Pause Young (Concurrent Start) (G1 Evacuation Pause)
[2023-02-09T13:59:15.697+0000][68][gc,task     ] GC(123) Using 4 workers of 4 for evacuation
[2023-02-09T13:59:15.698+0000][68][gc,age      ] GC(123) Desired survivor size 6291456 bytes, new threshold 15 (max threshold 15)
[2023-02-09T13:59:15.704+0000][68][gc,phases   ] GC(123)   Pre Evacuate Collection Set: 0.3ms
[2023-02-09T13:59:15.705+0000][68][gc,phases   ] GC(123)   Merge Heap Roots: 0.0ms
[2023-02-09T13:59:15.705+0000][68][gc,phases   ] GC(123)   Evacuate Collection Set: 3.8ms
[2023-02-09T13:59:15.706+0000][68][gc,phases   ] GC(123)   Post Evacuate Collection Set: 0.8ms
[2023-02-09T13:59:15.706+0000][68][gc,phases   ] GC(123)   Other: 1.6ms
[2023-02-09T13:59:15.707+0000][68][gc,age      ] GC(123) Age table with threshold 15 (max threshold 15)
[2023-02-09T13:59:15.707+0000][68][gc,age      ] GC(123) - age   1:    1186544 bytes,    1186544 total
[2023-02-09T13:59:15.708+0000][68][gc,age      ] GC(123) - age   2:     193184 bytes,    1379728 total
[2023-02-09T13:59:15.708+0000][68][gc,age      ] GC(123) - age   3:     197072 bytes,    1576800 total
[2023-02-09T13:59:15.709+0000][68][gc,age      ] GC(123) - age   4:       1784 bytes,    1578584 total
[2023-02-09T13:59:15.709+0000][68][gc,age      ] GC(123) - age   5:       4544 bytes,    1583128 total
[2023-02-09T13:59:15.710+0000][68][gc,age      ] GC(123) - age   6:     275104 bytes,    1858232 total
[2023-02-09T13:59:15.710+0000][68][gc,age      ] GC(123) - age   7:       5808 bytes,    1864040 total
[2023-02-09T13:59:15.711+0000][68][gc,age      ] GC(123) - age   8:     109400 bytes,    1973440 total
[2023-02-09T13:59:15.711+0000][68][gc,age      ] GC(123) - age   9:        712 bytes,    1974152 total
[2023-02-09T13:59:15.712+0000][68][gc,age      ] GC(123) - age  10:      52016 bytes,    2026168 total
[2023-02-09T13:59:15.712+0000][68][gc,age      ] GC(123) - age  11:     554440 bytes,    2580608 total
[2023-02-09T13:59:15.713+0000][68][gc,heap     ] GC(123) Eden regions: 22->0(22)
[2023-02-09T13:59:15.713+0000][68][gc,heap     ] GC(123) Survivor regions: 1->1(3)
[2023-02-09T13:59:15.714+0000][68][gc,heap     ] GC(123) Old regions: 26->26
[2023-02-09T13:59:15.715+0000][68][gc,heap     ] GC(123) Archive regions: 2->2
[2023-02-09T13:59:15.715+0000][68][gc,heap     ] GC(123) Humongous regions: 2->2
[2023-02-09T13:59:15.715+0000][68][gc,metaspace] GC(123) Metaspace: 141344K(144512K)->141344K(144512K) NonClass: 123198K(124480K)->123198K(124480K) Class: 18145K(20032K)->18145K(20032K)
[2023-02-09T13:59:15.716+0000][68][gc          ] GC(123) Pause Young (Concurrent Start) (G1 Evacuation Pause) 205M->117M(256M) 19.710ms
[2023-02-09T13:59:15.716+0000][68][gc          ] GC(124) Concurrent Mark Cycle
[2023-02-09T13:59:15.717+0000][68][gc,marking  ] GC(124) Concurrent Clear Claimed Marks
[2023-02-09T13:59:15.716+0000][68][gc,cpu      ] GC(123) User=0.01s Sys=0.00s Real=0.02s
[2023-02-09T13:59:15.718+0000][68][safepoint   ] Safepoint "G1CollectForAllocation", Time since last: 127120468 ns, Reaching safepoint: 48965 ns, At safepoint: 21902017 ns, Total: 21950982 ns
[2023-02-09T13:59:15.717+0000][68][gc,marking  ] GC(124) Concurrent Clear Claimed Marks 0.654ms
[2023-02-09T13:59:15.720+0000][68][gc,marking  ] GC(124) Concurrent Scan Root Regions
[2023-02-09T13:59:15.723+0000][68][gc,marking  ] GC(124) Concurrent Scan Root Regions 3.258ms
[2023-02-09T13:59:15.724+0000][68][gc,marking  ] GC(124) Concurrent Mark
[2023-02-09T13:59:15.725+0000][68][gc,marking  ] GC(124) Concurrent Mark From Roots
[2023-02-09T13:59:15.726+0000][68][gc,task     ] GC(124) Using 1 workers of 1 for marking
[2023-02-09T13:59:15.826+0000][68][gc,marking  ] GC(124) Concurrent Mark From Roots 101.210ms
[2023-02-09T13:59:15.827+0000][68][gc,marking  ] GC(124) Concurrent Preclean
[2023-02-09T13:59:15.828+0000][68][gc,marking  ] GC(124) Concurrent Preclean 1.157ms
[2023-02-09T13:59:15.829+0000][68][gc,start    ] GC(124) Pause Remark
[2023-02-09T13:59:15.849+0000][68][gc          ] GC(124) Pause Remark 118M->118M(256M) 19.403ms
[2023-02-09T13:59:15.850+0000][68][gc,cpu      ] GC(124) User=0.05s Sys=0.00s Real=0.02s
[2023-02-09T13:59:15.850+0000][68][safepoint   ] Safepoint "G1PauseRemark", Time since last: 111121776 ns, Reaching safepoint: 177740 ns, At safepoint: 21160555 ns, Total: 21338295 ns
[2023-02-09T13:59:15.851+0000][68][gc,marking  ] GC(124) Concurrent Mark 127.234ms
[2023-02-09T13:59:15.851+0000][68][gc,marking  ] GC(124) Concurrent Rebuild Remembered Sets
[2023-02-09T13:59:15.907+0000][68][gc,marking  ] GC(124) Concurrent Rebuild Remembered Sets 55.318ms
[2023-02-09T13:59:15.909+0000][68][gc,start    ] GC(124) Pause Cleanup
[2023-02-09T13:59:15.910+0000][68][gc          ] GC(124) Pause Cleanup 118M->118M(256M) 1.032ms
[2023-02-09T13:59:15.910+0000][68][gc,cpu      ] GC(124) User=0.00s Sys=0.00s Real=0.00s
[2023-02-09T13:59:15.911+0000][68][safepoint   ] Safepoint "G1PauseCleanup", Time since last: 57983173 ns, Reaching safepoint: 161694 ns, At safepoint: 2649703 ns, Total: 2811397 ns
[2023-02-09T13:59:15.912+0000][68][gc,marking  ] GC(124) Concurrent Cleanup for Next Mark
[2023-02-09T13:59:15.912+0000][68][gc,marking  ] GC(124) Concurrent Cleanup for Next Mark 0.664ms
[2023-02-09T13:59:15.913+0000][68][gc          ] GC(124) Concurrent Mark Cycle 196.458ms
[2023-02-09T13:59:20.914+0000][68][safepoint   ] Safepoint "Cleanup", Time since last: 5002290240 ns, Reaching safepoint: 172328 ns, At safepoint: 9161 ns, Total: 181489 ns
[2023-02-09T13:59:21.893+0000][68][safepoint   ] Safepoint "Cleanup", Time since last: 1001107281 ns, Reaching safepoint: 196474 ns, At safepoint: 8840 ns, Total: 205314 ns
[2023-02-09T13:59:32.904+0000][68][safepoint   ] Safepoint "Cleanup", Time since last: 11009561205 ns, Reaching safepoint: 764394 ns, At safepoint: 91756 ns, Total: 856150 ns
[2023-02-09T13:59:38.916+0000][68][safepoint   ] Safepoint "Cleanup", Time since last: 6011931046 ns, Reaching safepoint: 414334 ns, At safepoint: 11791 ns, Total: 426125 ns
[2023-02-09T13:59:44.924+0000][68][safepoint   ] Safepoint "Cleanup", Time since last: 6007600444 ns, Reaching safepoint: 81039 ns, At safepoint: 3906 ns, Total: 84945 ns
[2023-02-09T13:59:45.232+0000][68][gc,start    ] GC(125) Pause Young (Prepare Mixed) (G1 Evacuation Pause)
[2023-02-09T13:59:45.233+0000][68][gc,task     ] GC(125) Using 4 workers of 4 for evacuation
[2023-02-09T13:59:45.235+0000][68][gc,age      ] GC(125) Desired survivor size 6291456 bytes, new threshold 15 (max threshold 15)
[2023-02-09T13:59:45.240+0000][68][gc,phases   ] GC(125)   Pre Evacuate Collection Set: 0.2ms
[2023-02-09T13:59:45.241+0000][68][gc,phases   ] GC(125)   Merge Heap Roots: 0.2ms
[2023-02-09T13:59:45.242+0000][68][gc,phases   ] GC(125)   Evacuate Collection Set: 2.5ms
[2023-02-09T13:59:45.242+0000][68][gc,phases   ] GC(125)   Post Evacuate Collection Set: 0.8ms
[2023-02-09T13:59:45.244+0000][68][gc,phases   ] GC(125)   Other: 3.4ms
[2023-02-09T13:59:45.245+0000][68][gc,age      ] GC(125) Age table with threshold 15 (max threshold 15)
[2023-02-09T13:59:45.248+0000][68][gc,age      ] GC(125) - age   1:    1337776 bytes,    1337776 total
[2023-02-09T13:59:45.249+0000][68][gc,age      ] GC(125) - age   2:     151136 bytes,    1488912 total
[2023-02-09T13:59:45.250+0000][68][gc,age      ] GC(125) - age   3:     190360 bytes,    1679272 total
[2023-02-09T13:59:45.251+0000][68][gc,age      ] GC(125) - age   4:      63560 bytes,    1742832 total
[2023-02-09T13:59:45.253+0000][68][gc,age      ] GC(125) - age   5:       1784 bytes,    1744616 total
[2023-02-09T13:59:45.255+0000][68][gc,age      ] GC(125) - age   6:       4200 bytes,    1748816 total
[2023-02-09T13:59:45.259+0000][68][gc,age      ] GC(125) - age   7:     275104 bytes,    2023920 total
[2023-02-09T13:59:45.260+0000][68][gc,age      ] GC(125) - age   8:       4704 bytes,    2028624 total
[2023-02-09T13:59:45.261+0000][68][gc,age      ] GC(125) - age   9:     109400 bytes,    2138024 total
[2023-02-09T13:59:45.262+0000][68][gc,age      ] GC(125) - age  10:        712 bytes,    2138736 total
[2023-02-09T13:59:45.263+0000][68][gc,age      ] GC(125) - age  11:      52016 bytes,    2190752 total
[2023-02-09T13:59:45.264+0000][68][gc,age      ] GC(125) - age  12:     552880 bytes,    2743632 total
[2023-02-09T13:59:45.265+0000][68][gc,heap     ] GC(125) Eden regions: 22->0(2)
[2023-02-09T13:59:45.266+0000][68][gc,heap     ] GC(125) Survivor regions: 1->1(3)
[2023-02-09T13:59:45.267+0000][68][gc,heap     ] GC(125) Old regions: 26->26
[2023-02-09T13:59:45.268+0000][68][gc,heap     ] GC(125) Archive regions: 2->2
[2023-02-09T13:59:45.269+0000][68][gc,heap     ] GC(125) Humongous regions: 2->2
[2023-02-09T13:59:45.270+0000][68][gc,metaspace] GC(125) Metaspace: 141361K(144512K)->141361K(144512K) NonClass: 123215K(124480K)->123215K(124480K) Class: 18145K(20032K)->18145K(20032K)
[2023-02-09T13:59:45.270+0000][68][gc          ] GC(125) Pause Young (Prepare Mixed) (G1 Evacuation Pause) 205M->117M(256M) 38.687ms
[2023-02-09T13:59:45.271+0000][68][gc,cpu      ] GC(125) User=0.01s Sys=0.00s Real=0.04s
[2023-02-09T13:59:45.271+0000][68][safepoint   ] Safepoint "G1CollectForAllocation", Time since last: 307399511 ns, Reaching safepoint: 172847 ns, At safepoint: 39444780 ns, Total: 39617627 ns
[2023-02-09T13:59:45.501+0000][68][gc,start    ] GC(126) Pause Young (Mixed) (G1 Evacuation Pause)
[2023-02-09T13:59:45.502+0000][68][gc,task     ] GC(126) Using 4 workers of 4 for evacuation
[2023-02-09T13:59:45.503+0000][68][gc,age      ] GC(126) Desired survivor size 2097152 bytes, new threshold 9 (max threshold 15)
[2023-02-09T13:59:45.518+0000][68][gc,phases   ] GC(126)   Pre Evacuate Collection Set: 0.1ms
[2023-02-09T13:59:45.520+0000][68][gc,phases   ] GC(126)   Merge Heap Roots: 0.2ms
[2023-02-09T13:59:45.521+0000][68][gc,phases   ] GC(126)   Evacuate Collection Set: 8.7ms
[2023-02-09T13:59:45.523+0000][68][gc,phases   ] GC(126)   Post Evacuate Collection Set: 2.4ms
[2023-02-09T13:59:45.524+0000][68][gc,phases   ] GC(126)   Other: 4.7ms
[2023-02-09T13:59:45.525+0000][68][gc,age      ] GC(126) Age table with threshold 9 (max threshold 15)
[2023-02-09T13:59:45.526+0000][68][gc,age      ] GC(126) - age   1:     387144 bytes,     387144 total
[2023-02-09T13:59:45.534+0000][68][gc,age      ] GC(126) - age   2:    1166504 bytes,    1553648 total
[2023-02-09T13:59:45.535+0000][68][gc,age      ] GC(126) - age   3:     151136 bytes,    1704784 total
[2023-02-09T13:59:45.536+0000][68][gc,age      ] GC(126) - age   4:     190360 bytes,    1895144 total
[2023-02-09T13:59:45.539+0000][68][gc,age      ] GC(126) - age   5:      63560 bytes,    1958704 total
[2023-02-09T13:59:45.540+0000][68][gc,age      ] GC(126) - age   6:       1784 bytes,    1960488 total
[2023-02-09T13:59:45.541+0000][68][gc,age      ] GC(126) - age   7:       4200 bytes,    1964688 total
[2023-02-09T13:59:45.543+0000][68][gc,age      ] GC(126) - age   8:     275104 bytes,    2239792 total
[2023-02-09T13:59:45.544+0000][68][gc,age      ] GC(126) - age   9:       4704 bytes,    2244496 total
[2023-02-09T13:59:45.545+0000][68][gc,heap     ] GC(126) Eden regions: 2->0(22)
[2023-02-09T13:59:45.545+0000][68][gc,heap     ] GC(126) Survivor regions: 1->1(1)
[2023-02-09T13:59:45.546+0000][68][gc,heap     ] GC(126) Old regions: 26->26
[2023-02-09T13:59:45.547+0000][68][gc,heap     ] GC(126) Archive regions: 2->2
[2023-02-09T13:59:45.547+0000][68][gc,heap     ] GC(126) Humongous regions: 2->2
[2023-02-09T13:59:45.548+0000][68][gc,metaspace] GC(126) Metaspace: 141361K(144512K)->141361K(144512K) NonClass: 123216K(124480K)->123216K(124480K) Class: 18145K(20032K)->18145K(20032K)
[2023-02-09T13:59:45.549+0000][68][gc          ] GC(126) Pause Young (Mixed) (G1 Evacuation Pause) 125M->117M(256M) 47.919ms
[2023-02-09T13:59:45.551+0000][68][gc,cpu      ] GC(126) User=0.02s Sys=0.00s Real=0.05s
[2023-02-09T13:59:45.552+0000][68][safepoint   ] Safepoint "G1CollectForAllocation", Time since last: 229860706 ns, Reaching safepoint: 71704 ns, At safepoint: 50776840 ns, Total: 50848544 ns
[2023-02-09T13:59:50.558+0000][68][safepoint   ] Safepoint "Cleanup", Time since last: 5006147036 ns, Reaching safepoint: 292768 ns, At safepoint: 11312 ns, Total: 304080 ns
[2023-02-09T13:59:51.595+0000][68][safepoint   ] Safepoint "Cleanup", Time since last: 1058505059 ns, Reaching safepoint: 261952 ns, At safepoint: 40693 ns, Total: 302645 ns
[2023-02-09T13:59:54.598+0000][68][safepoint   ] Safepoint "Cleanup", Time since last: 3002781679 ns, Reaching safepoint: 89866 ns, At safepoint: 3924 ns, Total: 93790 ns
[2023-02-09T13:59:56.600+0000][68][safepoint   ] Safepoint "Cleanup", Time since last: 2002202584 ns, Reaching safepoint: 85383 ns, At safepoint: 3163 ns, Total: 88546 ns
[2023-02-09T14:00:02.605+0000][68][safepoint   ] Safepoint "Cleanup", Time since last: 6004935693 ns, Reaching safepoint: 108056 ns, At safepoint: 4108 ns, Total: 112164 ns
[2023-02-09T14:00:07.609+0000][68][safepoint   ] Safepoint "Cleanup", Time since last: 5003309349 ns, Reaching safepoint: 387172 ns, At safepoint: 13818 ns, Total: 400990 ns
[2023-02-09T14:00:08.613+0000][68][safepoint   ] Safepoint "Cleanup", Time since last: 1003821743 ns, Reaching safepoint: 256573 ns, At safepoint: 13499 ns, Total: 270072 ns
[2023-02-09T14:00:08.989+0000][68][gc,start    ] GC(127) Pause Young (Normal) (G1 Evacuation Pause)
[2023-02-09T14:00:08.990+0000][68][gc,task     ] GC(127) Using 4 workers of 4 for evacuation
[2023-02-09T14:00:08.990+0000][68][gc,age      ] GC(127) Desired survivor size 6291456 bytes, new threshold 15 (max threshold 15)
[2023-02-09T14:00:08.994+0000][68][gc,phases   ] GC(127)   Pre Evacuate Collection Set: 0.1ms
[2023-02-09T14:00:08.995+0000][68][gc,phases   ] GC(127)   Merge Heap Roots: 0.1ms
[2023-02-09T14:00:08.995+0000][68][gc,phases   ] GC(127)   Evacuate Collection Set: 2.3ms
[2023-02-09T14:00:08.996+0000][68][gc,phases   ] GC(127)   Post Evacuate Collection Set: 0.7ms
[2023-02-09T14:00:08.996+0000][68][gc,phases   ] GC(127)   Other: 1.1ms
[2023-02-09T14:00:08.997+0000][68][gc,age      ] GC(127) Age table with threshold 15 (max threshold 15)
[2023-02-09T14:00:08.997+0000][68][gc,age      ] GC(127) - age   1:     586720 bytes,     586720 total
[2023-02-09T14:00:08.998+0000][68][gc,age      ] GC(127) - age   2:       3568 bytes,     590288 total
[2023-02-09T14:00:08.998+0000][68][gc,age      ] GC(127) - age   3:       5040 bytes,     595328 total
[2023-02-09T14:00:08.999+0000][68][gc,age      ] GC(127) - age   4:       5024 bytes,     600352 total
[2023-02-09T14:00:08.999+0000][68][gc,age      ] GC(127) - age   5:     190168 bytes,     790520 total
[2023-02-09T14:00:09.000+0000][68][gc,age      ] GC(127) - age   6:      63432 bytes,     853952 total
[2023-02-09T14:00:09.000+0000][68][gc,age      ] GC(127) - age   7:       1784 bytes,     855736 total
[2023-02-09T14:00:09.001+0000][68][gc,age      ] GC(127) - age   8:       4200 bytes,     859936 total
[2023-02-09T14:00:09.001+0000][68][gc,age      ] GC(127) - age   9:     274104 bytes,    1134040 total
[2023-02-09T14:00:09.001+0000][68][gc,age      ] GC(127) - age  10:       4704 bytes,    1138744 total
[2023-02-09T14:00:09.002+0000][68][gc,heap     ] GC(127) Eden regions: 22->0(22)
[2023-02-09T14:00:09.002+0000][68][gc,heap     ] GC(127) Survivor regions: 1->1(3)
[2023-02-09T14:00:09.003+0000][68][gc,heap     ] GC(127) Old regions: 26->26
[2023-02-09T14:00:09.003+0000][68][gc,heap     ] GC(127) Archive regions: 2->2
[2023-02-09T14:00:09.004+0000][68][gc,heap     ] GC(127) Humongous regions: 2->2
[2023-02-09T14:00:09.004+0000][68][gc,metaspace] GC(127) Metaspace: 141405K(144512K)->141405K(144512K) NonClass: 123260K(124480K)->123260K(124480K) Class: 18145K(20032K)->18145K(20032K)
[2023-02-09T14:00:09.005+0000][68][gc          ] GC(127) Pause Young (Normal) (G1 Evacuation Pause) 205M->116M(256M) 15.843ms
[2023-02-09T14:00:09.006+0000][68][gc,cpu      ] GC(127) User=0.00s Sys=0.00s Real=0.02s
[2023-02-09T14:00:09.006+0000][68][safepoint   ] Safepoint "G1CollectForAllocation", Time since last: 375639136 ns, Reaching safepoint: 60195 ns, At safepoint: 17322491 ns, Total: 17382686 ns
[2023-02-09T14:00:12.011+0000][68][safepoint   ] Safepoint "Cleanup", Time since last: 3003686100 ns, Reaching safepoint: 488060 ns, At safepoint: 14610 ns, Total: 502670 ns
[2023-02-09T14:00:15.017+0000][68][safepoint   ] Safepoint "Cleanup", Time since last: 3005598774 ns, Reaching safepoint: 537091 ns, At safepoint: 131937 ns, Total: 669028 ns
[2023-02-09T14:00:21.025+0000][68][safepoint   ] Safepoint "Cleanup", Time since last: 6008464893 ns, Reaching safepoint: 132209 ns, At safepoint: 115649 ns, Total: 247858 ns
[2023-02-09T14:00:22.007+0000][68][safepoint   ] Safepoint "Cleanup", Time since last: 1003869590 ns, Reaching safepoint: 509278 ns, At safepoint: 102217 ns, Total: 611495 ns
[2023-02-09T14:00:24.011+0000][68][safepoint   ] Safepoint "Cleanup", Time since last: 2004165488 ns, Reaching safepoint: 165064 ns, At safepoint: 8166 ns, Total: 173230 ns
[2023-02-09T14:00:27.015+0000][68][safepoint   ] Safepoint "Cleanup", Time since last: 3003770521 ns, Reaching safepoint: 128204 ns, At safepoint: 3910 ns, Total: 132114 ns
[2023-02-09T14:00:30.019+0000][68][safepoint   ] Safepoint "Cleanup", Time since last: 3003553731 ns, Reaching safepoint: 520974 ns, At safepoint: 18954 ns, Total: 539928 ns
[2023-02-09T14:00:31.023+0000][68][safepoint   ] Safepoint "Cleanup", Time since last: 1004016244 ns, Reaching safepoint: 161294 ns, At safepoint: 7315 ns, Total: 168609 ns
[2023-02-09T14:00:32.027+0000][68][safepoint   ] Safepoint "Cleanup", Time since last: 1003135298 ns, Reaching safepoint: 226443 ns, At safepoint: 11604 ns, Total: 238047 ns
[2023-02-09T14:00:33.032+0000][68][safepoint   ] Safepoint "Cleanup", Time since last: 1004544884 ns, Reaching safepoint: 438486 ns, At safepoint: 34848 ns, Total: 473334 ns
[2023-02-09T14:00:35.036+0000][68][safepoint   ] Safepoint "Cleanup", Time since last: 2003005907 ns, Reaching safepoint: 1127787 ns, At safepoint: 46283 ns, Total: 1174070 ns
[2023-02-09T14:00:35.329+0000][68][gc,start    ] GC(128) Pause Young (Normal) (G1 Evacuation Pause)
[2023-02-09T14:00:35.330+0000][68][gc,task     ] GC(128) Using 4 workers of 4 for evacuation
[2023-02-09T14:00:35.330+0000][68][gc,age      ] GC(128) Desired survivor size 6291456 bytes, new threshold 15 (max threshold 15)
[2023-02-09T14:00:35.333+0000][68][gc,phases   ] GC(128)   Pre Evacuate Collection Set: 0.1ms
[2023-02-09T14:00:35.334+0000][68][gc,phases   ] GC(128)   Merge Heap Roots: 0.1ms
[2023-02-09T14:00:35.335+0000][68][gc,phases   ] GC(128)   Evacuate Collection Set: 1.8ms
[2023-02-09T14:00:35.336+0000][68][gc,phases   ] GC(128)   Post Evacuate Collection Set: 0.8ms
[2023-02-09T14:00:35.337+0000][68][gc,phases   ] GC(128)   Other: 1.1ms
[2023-02-09T14:00:35.338+0000][68][gc,age      ] GC(128) Age table with threshold 15 (max threshold 15)
[2023-02-09T14:00:35.340+0000][68][gc,age      ] GC(128) - age   1:    1323056 bytes,    1323056 total
[2023-02-09T14:00:35.340+0000][68][gc,age      ] GC(128) - age   2:     173760 bytes,    1496816 total
[2023-02-09T14:00:35.341+0000][68][gc,age      ] GC(128) - age   3:        256 bytes,    1497072 total
[2023-02-09T14:00:35.342+0000][68][gc,age      ] GC(128) - age   4:       1640 bytes,    1498712 total
[2023-02-09T14:00:35.342+0000][68][gc,age      ] GC(128) - age   5:       4488 bytes,    1503200 total
[2023-02-09T14:00:35.343+0000][68][gc,age      ] GC(128) - age   6:     189928 bytes,    1693128 total
[2023-02-09T14:00:35.344+0000][68][gc,age      ] GC(128) - age   7:      63368 bytes,    1756496 total
[2023-02-09T14:00:35.344+0000][68][gc,age      ] GC(128) - age   8:       1784 bytes,    1758280 total
[2023-02-09T14:00:35.345+0000][68][gc,age      ] GC(128) - age   9:       4200 bytes,    1762480 total
[2023-02-09T14:00:35.345+0000][68][gc,age      ] GC(128) - age  10:     273952 bytes,    2036432 total
[2023-02-09T14:00:35.346+0000][68][gc,age      ] GC(128) - age  11:       4408 bytes,    2040840 total
[2023-02-09T14:00:35.346+0000][68][gc,heap     ] GC(128) Eden regions: 22->0(22)
[2023-02-09T14:00:35.347+0000][68][gc,heap     ] GC(128) Survivor regions: 1->1(3)
[2023-02-09T14:00:35.347+0000][68][gc,heap     ] GC(128) Old regions: 26->26
[2023-02-09T14:00:35.348+0000][68][gc,heap     ] GC(128) Archive regions: 2->2
[2023-02-09T14:00:35.348+0000][68][gc,heap     ] GC(128) Humongous regions: 2->2
[2023-02-09T14:00:35.349+0000][68][gc,metaspace] GC(128) Metaspace: 141436K(144576K)->141436K(144576K) NonClass: 123291K(124544K)->123291K(124544K) Class: 18145K(20032K)->18145K(20032K)
[2023-02-09T14:00:35.349+0000][68][gc          ] GC(128) Pause Young (Normal) (G1 Evacuation Pause) 204M->116M(256M) 20.186ms
[2023-02-09T14:00:35.349+0000][68][gc,cpu      ] GC(128) User=0.01s Sys=0.00s Real=0.03s
[2023-02-09T14:00:35.350+0000][68][safepoint   ] Safepoint "G1CollectForAllocation", Time since last: 292708547 ns, Reaching safepoint: 78115 ns, At safepoint: 21023297 ns, Total: 21101412 ns
[2023-02-09T14:00:36.351+0000][68][safepoint   ] Safepoint "Cleanup", Time since last: 1001255531 ns, Reaching safepoint: 322399 ns, At safepoint: 21073 ns, Total: 343472 ns
[2023-02-09T14:00:44.359+0000][68][safepoint   ] Safepoint "Cleanup", Time since last: 8007074470 ns, Reaching safepoint: 151846 ns, At safepoint: 11676 ns, Total: 163522 ns
[2023-02-09T14:00:45.362+0000][68][safepoint   ] Safepoint "Cleanup", Time since last: 1002675792 ns, Reaching safepoint: 699253 ns, At safepoint: 76253 ns, Total: 775506 ns
[2023-02-09T14:00:46.366+0000][68][safepoint   ] Safepoint "Cleanup", Time since last: 1003484854 ns, Reaching safepoint: 321805 ns, At safepoint: 12672 ns, Total: 334477 ns
[2023-02-09T14:00:50.373+0000][68][safepoint   ] Safepoint "Cleanup", Time since last: 4006649752 ns, Reaching safepoint: 142173 ns, At safepoint: 36538 ns, Total: 178711 ns
[2023-02-09T14:00:53.356+0000][68][safepoint   ] Safepoint "Cleanup", Time since last: 3005623970 ns, Reaching safepoint: 921640 ns, At safepoint: 96570 ns, Total: 1018210 ns
[2023-02-09T14:00:56.358+0000][68][safepoint   ] Safepoint "Cleanup", Time since last: 3002802234 ns, Reaching safepoint: 68399 ns, At safepoint: 3541 ns, Total: 71940 ns
[2023-02-09T14:00:58.361+0000][68][safepoint   ] Safepoint "Cleanup", Time since last: 2001365565 ns, Reaching safepoint: 639741 ns, At safepoint: 81625 ns, Total: 721366 ns
[2023-02-09T14:00:59.363+0000][68][safepoint   ] Safepoint "Cleanup", Time since last: 1002061955 ns, Reaching safepoint: 300564 ns, At safepoint: 62999 ns, Total: 363563 ns
[2023-02-09T14:01:02.264+0000][68][gc,start    ] GC(129) Pause Young (Concurrent Start) (G1 Evacuation Pause)
[2023-02-09T14:01:02.266+0000][68][gc,task     ] GC(129) Using 4 workers of 4 for evacuation
[2023-02-09T14:01:02.267+0000][68][gc,age      ] GC(129) Desired survivor size 6291456 bytes, new threshold 15 (max threshold 15)
[2023-02-09T14:01:02.273+0000][68][gc,phases   ] GC(129)   Pre Evacuate Collection Set: 0.5ms
[2023-02-09T14:01:02.274+0000][68][gc,phases   ] GC(129)   Merge Heap Roots: 0.1ms
[2023-02-09T14:01:02.275+0000][68][gc,phases   ] GC(129)   Evacuate Collection Set: 3.6ms
[2023-02-09T14:01:02.275+0000][68][gc,phases   ] GC(129)   Post Evacuate Collection Set: 1.2ms
[2023-02-09T14:01:02.276+0000][68][gc,phases   ] GC(129)   Other: 1.8ms
[2023-02-09T14:01:02.277+0000][68][gc,age      ] GC(129) Age table with threshold 15 (max threshold 15)
[2023-02-09T14:01:02.278+0000][68][gc,age      ] GC(129) - age   1:    1097992 bytes,    1097992 total
[2023-02-09T14:01:02.278+0000][68][gc,age      ] GC(129) - age   2:     152472 bytes,    1250464 total
[2023-02-09T14:01:02.279+0000][68][gc,age      ] GC(129) - age   3:       6872 bytes,    1257336 total
[2023-02-09T14:01:02.279+0000][68][gc,age      ] GC(129) - age   4:        256 bytes,    1257592 total
[2023-02-09T14:01:02.280+0000][68][gc,age      ] GC(129) - age   5:       1640 bytes,    1259232 total
[2023-02-09T14:01:02.280+0000][68][gc,age      ] GC(129) - age   6:       3128 bytes,    1262360 total
[2023-02-09T14:01:02.281+0000][68][gc,age      ] GC(129) - age   7:     189928 bytes,    1452288 total
[2023-02-09T14:01:02.281+0000][68][gc,age      ] GC(129) - age   8:      63368 bytes,    1515656 total
[2023-02-09T14:01:02.282+0000][68][gc,age      ] GC(129) - age   9:       1784 bytes,    1517440 total
[2023-02-09T14:01:02.282+0000][68][gc,age      ] GC(129) - age  10:       2816 bytes,    1520256 total
[2023-02-09T14:01:02.283+0000][68][gc,age      ] GC(129) - age  11:      56936 bytes,    1577192 total
[2023-02-09T14:01:02.283+0000][68][gc,age      ] GC(129) - age  12:       4072 bytes,    1581264 total
[2023-02-09T14:01:02.284+0000][68][gc,heap     ] GC(129) Eden regions: 22->0(22)
[2023-02-09T14:01:02.284+0000][68][gc,heap     ] GC(129) Survivor regions: 1->1(3)
[2023-02-09T14:01:02.284+0000][68][gc,heap     ] GC(129) Old regions: 26->26
[2023-02-09T14:01:02.285+0000][68][gc,heap     ] GC(129) Archive regions: 2->2
[2023-02-09T14:01:02.285+0000][68][gc,heap     ] GC(129) Humongous regions: 2->2
[2023-02-09T14:01:02.285+0000][68][gc,metaspace] GC(129) Metaspace: 141466K(144576K)->141466K(144576K) NonClass: 123321K(124544K)->123321K(124544K) Class: 18145K(20032K)->18145K(20032K)
[2023-02-09T14:01:02.286+0000][68][gc          ] GC(129) Pause Young (Concurrent Start) (G1 Evacuation Pause) 204M->116M(256M) 21.403ms
[2023-02-09T14:01:02.286+0000][68][gc,cpu      ] GC(129) User=0.01s Sys=0.00s Real=0.03s
[2023-02-09T14:01:02.286+0000][68][safepoint   ] Safepoint "G1CollectForAllocation", Time since last: 2901164963 ns, Reaching safepoint: 82090 ns, At safepoint: 22244691 ns, Total: 22326781 ns
[2023-02-09T14:01:02.286+0000][68][gc          ] GC(130) Concurrent Mark Cycle
[2023-02-09T14:01:02.289+0000][68][gc,marking  ] GC(130) Concurrent Clear Claimed Marks
[2023-02-09T14:01:02.290+0000][68][gc,marking  ] GC(130) Concurrent Clear Claimed Marks 1.503ms
[2023-02-09T14:01:02.291+0000][68][gc,marking  ] GC(130) Concurrent Scan Root Regions
[2023-02-09T14:01:02.293+0000][68][gc,marking  ] GC(130) Concurrent Scan Root Regions 2.746ms
[2023-02-09T14:01:02.294+0000][68][gc,marking  ] GC(130) Concurrent Mark
[2023-02-09T14:01:02.294+0000][68][gc,marking  ] GC(130) Concurrent Mark From Roots
[2023-02-09T14:01:02.295+0000][68][gc,task     ] GC(130) Using 1 workers of 1 for marking
[2023-02-09T14:01:02.462+0000][68][gc,marking  ] GC(130) Concurrent Mark From Roots 167.878ms
[2023-02-09T14:01:02.463+0000][68][gc,marking  ] GC(130) Concurrent Preclean
[2023-02-09T14:01:02.464+0000][68][gc,marking  ] GC(130) Concurrent Preclean 0.762ms
[2023-02-09T14:01:02.464+0000][68][gc,start    ] GC(130) Pause Remark
[2023-02-09T14:01:02.476+0000][68][gc          ] GC(130) Pause Remark 120M->120M(256M) 11.650ms
[2023-02-09T14:01:02.477+0000][68][gc,cpu      ] GC(130) User=0.03s Sys=0.00s Real=0.02s
[2023-02-09T14:01:02.477+0000][68][safepoint   ] Safepoint "G1PauseRemark", Time since last: 177826689 ns, Reaching safepoint: 52732 ns, At safepoint: 12953684 ns, Total: 13006416 ns
[2023-02-09T14:01:02.478+0000][68][gc,marking  ] GC(130) Concurrent Mark 183.824ms
[2023-02-09T14:01:02.479+0000][68][gc,marking  ] GC(130) Concurrent Rebuild Remembered Sets
[2023-02-09T14:01:02.568+0000][68][gc,marking  ] GC(130) Concurrent Rebuild Remembered Sets 88.833ms
[2023-02-09T14:01:02.568+0000][68][gc,start    ] GC(130) Pause Cleanup
[2023-02-09T14:01:02.569+0000][68][gc          ] GC(130) Pause Cleanup 120M->120M(256M) 0.589ms
[2023-02-09T14:01:02.570+0000][68][gc,cpu      ] GC(130) User=0.00s Sys=0.00s Real=0.00s
[2023-02-09T14:01:02.570+0000][68][safepoint   ] Safepoint "G1PauseCleanup", Time since last: 90973347 ns, Reaching safepoint: 125563 ns, At safepoint: 1709592 ns, Total: 1835155 ns
[2023-02-09T14:01:02.571+0000][68][gc,marking  ] GC(130) Concurrent Cleanup for Next Mark
[2023-02-09T14:01:02.572+0000][68][gc,marking  ] GC(130) Concurrent Cleanup for Next Mark 0.866ms
[2023-02-09T14:01:02.572+0000][68][gc          ] GC(130) Concurrent Mark Cycle 286.114ms
[2023-02-09T14:01:03.571+0000][68][safepoint   ] Safepoint "Cleanup", Time since last: 1000693497 ns, Reaching safepoint: 198122 ns, At safepoint: 10556 ns, Total: 208678 ns
[2023-02-09T14:01:04.574+0000][68][safepoint   ] Safepoint "Cleanup", Time since last: 1002175464 ns, Reaching safepoint: 620822 ns, At safepoint: 16580 ns, Total: 637402 ns
[2023-02-09T14:01:07.582+0000][68][safepoint   ] Safepoint "Cleanup", Time since last: 3006634021 ns, Reaching safepoint: 1220979 ns, At safepoint: 43658 ns, Total: 1264637 ns
[2023-02-09T14:01:08.586+0000][68][safepoint   ] Safepoint "Cleanup", Time since last: 1004230482 ns, Reaching safepoint: 488821 ns, At safepoint: 15977 ns, Total: 504798 ns
[2023-02-09T14:01:15.594+0000][68][safepoint   ] Safepoint "Cleanup", Time since last: 7007712069 ns, Reaching safepoint: 161592 ns, At safepoint: 6909 ns, Total: 168501 ns
[2023-02-09T14:01:17.599+0000][68][safepoint   ] Safepoint "Cleanup", Time since last: 2004111022 ns, Reaching safepoint: 324806 ns, At safepoint: 305963 ns, Total: 630769 ns
[2023-02-09T14:01:20.604+0000][68][safepoint   ] Safepoint "Cleanup", Time since last: 3004741317 ns, Reaching safepoint: 95424 ns, At safepoint: 3089 ns, Total: 98513 ns
[2023-02-09T14:01:21.584+0000][68][safepoint   ] Safepoint "Cleanup", Time since last: 1001743565 ns, Reaching safepoint: 198190 ns, At safepoint: 30558 ns, Total: 228748 ns
[2023-02-09T14:01:26.587+0000][68][safepoint   ] Safepoint "Cleanup", Time since last: 5003191968 ns, Reaching safepoint: 106998 ns, At safepoint: 4258 ns, Total: 111256 ns
[2023-02-09T14:01:27.589+0000][68][safepoint   ] Safepoint "Cleanup", Time since last: 1001667951 ns, Reaching safepoint: 338145 ns, At safepoint: 31029 ns, Total: 369174 ns
[2023-02-09T14:01:29.248+0000][68][gc,start    ] GC(131) Pause Young (Prepare Mixed) (G1 Evacuation Pause)
[2023-02-09T14:01:29.249+0000][68][gc,task     ] GC(131) Using 4 workers of 4 for evacuation
[2023-02-09T14:01:29.250+0000][68][gc,age      ] GC(131) Desired survivor size 6291456 bytes, new threshold 15 (max threshold 15)
[2023-02-09T14:01:29.256+0000][68][gc,phases   ] GC(131)   Pre Evacuate Collection Set: 0.2ms
[2023-02-09T14:01:29.257+0000][68][gc,phases   ] GC(131)   Merge Heap Roots: 0.1ms
[2023-02-09T14:01:29.257+0000][68][gc,phases   ] GC(131)   Evacuate Collection Set: 3.4ms
[2023-02-09T14:01:29.258+0000][68][gc,phases   ] GC(131)   Post Evacuate Collection Set: 1.0ms
[2023-02-09T14:01:29.258+0000][68][gc,phases   ] GC(131)   Other: 2.0ms
[2023-02-09T14:01:29.259+0000][68][gc,age      ] GC(131) Age table with threshold 15 (max threshold 15)
[2023-02-09T14:01:29.260+0000][68][gc,age      ] GC(131) - age   1:     942976 bytes,     942976 total
[2023-02-09T14:01:29.260+0000][68][gc,age      ] GC(131) - age   2:     399424 bytes,    1342400 total
[2023-02-09T14:01:29.261+0000][68][gc,age      ] GC(131) - age   3:      15496 bytes,    1357896 total
[2023-02-09T14:01:29.261+0000][68][gc,age      ] GC(131) - age   4:       6680 bytes,    1364576 total
[2023-02-09T14:01:29.262+0000][68][gc,age      ] GC(131) - age   5:        256 bytes,    1364832 total
[2023-02-09T14:01:29.262+0000][68][gc,age      ] GC(131) - age   6:       1232 bytes,    1366064 total
[2023-02-09T14:01:29.263+0000][68][gc,age      ] GC(131) - age   7:       3128 bytes,    1369192 total
[2023-02-09T14:01:29.263+0000][68][gc,age      ] GC(131) - age   8:     137552 bytes,    1506744 total
[2023-02-09T14:01:29.265+0000][68][gc,age      ] GC(131) - age   9:      63368 bytes,    1570112 total
[2023-02-09T14:01:29.265+0000][68][gc,age      ] GC(131) - age  10:       1784 bytes,    1571896 total
[2023-02-09T14:01:29.266+0000][68][gc,age      ] GC(131) - age  11:       2816 bytes,    1574712 total
[2023-02-09T14:01:29.266+0000][68][gc,age      ] GC(131) - age  12:      55896 bytes,    1630608 total
[2023-02-09T14:01:29.267+0000][68][gc,age      ] GC(131) - age  13:       3064 bytes,    1633672 total
[2023-02-09T14:01:29.267+0000][68][gc,heap     ] GC(131) Eden regions: 22->0(2)
[2023-02-09T14:01:29.268+0000][68][gc,heap     ] GC(131) Survivor regions: 1->1(3)
[2023-02-09T14:01:29.269+0000][68][gc,heap     ] GC(131) Old regions: 26->26
[2023-02-09T14:01:29.269+0000][68][gc,heap     ] GC(131) Archive regions: 2->2
[2023-02-09T14:01:29.270+0000][68][gc,heap     ] GC(131) Humongous regions: 2->2
[2023-02-09T14:01:29.270+0000][68][gc,metaspace] GC(131) Metaspace: 141490K(144640K)->141490K(144640K) NonClass: 123345K(124608K)->123345K(124608K) Class: 18145K(20032K)->18145K(20032K)
[2023-02-09T14:01:29.271+0000][68][gc          ] GC(131) Pause Young (Prepare Mixed) (G1 Evacuation Pause) 204M->116M(256M) 22.742ms
[2023-02-09T14:01:29.271+0000][68][gc,cpu      ] GC(131) User=0.01s Sys=0.00s Real=0.02s
[2023-02-09T14:01:29.272+0000][68][safepoint   ] Safepoint "G1CollectForAllocation", Time since last: 1658274807 ns, Reaching safepoint: 259848 ns, At safepoint: 23894025 ns, Total: 24153873 ns
[2023-02-09T14:01:30.274+0000][68][safepoint   ] Safepoint "Cleanup", Time since last: 1001497773 ns, Reaching safepoint: 499445 ns, At safepoint: 25492 ns, Total: 524937 ns
[2023-02-09T14:01:32.277+0000][68][safepoint   ] Safepoint "Cleanup", Time since last: 2003055359 ns, Reaching safepoint: 421043 ns, At safepoint: 41721 ns, Total: 462764 ns
[2023-02-09T14:01:32.385+0000][68][gc,start    ] GC(132) Pause Young (Mixed) (G1 Evacuation Pause)
[2023-02-09T14:01:32.386+0000][68][gc,task     ] GC(132) Using 4 workers of 4 for evacuation
[2023-02-09T14:01:32.387+0000][68][gc,age      ] GC(132) Desired survivor size 2097152 bytes, new threshold 15 (max threshold 15)
[2023-02-09T14:01:32.403+0000][68][gc,phases   ] GC(132)   Pre Evacuate Collection Set: 0.2ms
[2023-02-09T14:01:32.407+0000][68][gc,phases   ] GC(132)   Merge Heap Roots: 0.2ms
[2023-02-09T14:01:32.410+0000][68][gc,phases   ] GC(132)   Evacuate Collection Set: 10.4ms
[2023-02-09T14:01:32.412+0000][68][gc,phases   ] GC(132)   Post Evacuate Collection Set: 4.4ms
[2023-02-09T14:01:32.414+0000][68][gc,phases   ] GC(132)   Other: 2.2ms
[2023-02-09T14:01:32.415+0000][68][gc,age      ] GC(132) Age table with threshold 15 (max threshold 15)
[2023-02-09T14:01:32.416+0000][68][gc,age      ] GC(132) - age   1:     455440 bytes,     455440 total
[2023-02-09T14:01:32.417+0000][68][gc,age      ] GC(132) - age   2:     927448 bytes,    1382888 total
[2023-02-09T14:01:32.418+0000][68][gc,age      ] GC(132) - age   3:     398560 bytes,    1781448 total
[2023-02-09T14:01:32.419+0000][68][gc,age      ] GC(132) - age   4:      15320 bytes,    1796768 total
[2023-02-09T14:01:32.421+0000][68][gc,age      ] GC(132) - age   5:       6680 bytes,    1803448 total
[2023-02-09T14:01:32.422+0000][68][gc,age      ] GC(132) - age   6:        256 bytes,    1803704 total
[2023-02-09T14:01:32.422+0000][68][gc,age      ] GC(132) - age   7:       1232 bytes,    1804936 total
[2023-02-09T14:01:32.424+0000][68][gc,age      ] GC(132) - age   8:       3128 bytes,    1808064 total
[2023-02-09T14:01:32.426+0000][68][gc,age      ] GC(132) - age   9:     137552 bytes,    1945616 total
[2023-02-09T14:01:32.427+0000][68][gc,age      ] GC(132) - age  10:      63368 bytes,    2008984 total
[2023-02-09T14:01:32.428+0000][68][gc,age      ] GC(132) - age  11:       1784 bytes,    2010768 total
[2023-02-09T14:01:32.430+0000][68][gc,age      ] GC(132) - age  12:       2816 bytes,    2013584 total
[2023-02-09T14:01:32.431+0000][68][gc,age      ] GC(132) - age  13:      55896 bytes,    2069480 total
[2023-02-09T14:01:32.432+0000][68][gc,age      ] GC(132) - age  14:       3064 bytes,    2072544 total
[2023-02-09T14:01:32.433+0000][68][gc,heap     ] GC(132) Eden regions: 2->0(22)
[2023-02-09T14:01:32.434+0000][68][gc,heap     ] GC(132) Survivor regions: 1->1(1)
[2023-02-09T14:01:32.434+0000][68][gc,heap     ] GC(132) Old regions: 26->26
[2023-02-09T14:01:32.435+0000][68][gc,heap     ] GC(132) Archive regions: 2->2
[2023-02-09T14:01:32.436+0000][68][gc,heap     ] GC(132) Humongous regions: 2->2
[2023-02-09T14:01:32.436+0000][68][gc,metaspace] GC(132) Metaspace: 141492K(144640K)->141492K(144640K) NonClass: 123347K(124608K)->123347K(124608K) Class: 18145K(20032K)->18145K(20032K)
[2023-02-09T14:01:32.437+0000][68][gc          ] GC(132) Pause Young (Mixed) (G1 Evacuation Pause) 124M->115M(256M) 52.343ms
[2023-02-09T14:01:32.439+0000][68][gc,cpu      ] GC(132) User=0.03s Sys=0.00s Real=0.05s
[2023-02-09T14:01:32.440+0000][68][safepoint   ] Safepoint "G1CollectForAllocation", Time since last: 107176765 ns, Reaching safepoint: 109500 ns, At safepoint: 55121391 ns, Total: 55230891 ns
[2023-02-09T14:01:33.442+0000][68][safepoint   ] Safepoint "Cleanup", Time since last: 1001338816 ns, Reaching safepoint: 598253 ns, At safepoint: 44239 ns, Total: 642492 ns
[2023-02-09T14:01:34.445+0000][68][safepoint   ] Safepoint "Cleanup", Time since last: 1002744100 ns, Reaching safepoint: 202397 ns, At safepoint: 74049 ns, Total: 276446 ns
[2023-02-09T14:01:36.448+0000][68][safepoint   ] Safepoint "Cleanup", Time since last: 2002978543 ns, Reaching safepoint: 227652 ns, At safepoint: 21749 ns, Total: 249401 ns
[2023-02-09T14:01:38.455+0000][68][safepoint   ] Safepoint "Cleanup", Time since last: 2006627472 ns, Reaching safepoint: 88470 ns, At safepoint: 3485 ns, Total: 91955 ns
[2023-02-09T14:01:39.458+0000][68][safepoint   ] Safepoint "Cleanup", Time since last: 1003033073 ns, Reaching safepoint: 108567 ns, At safepoint: 5634 ns, Total: 114201 ns
[2023-02-09T14:01:44.464+0000][68][safepoint   ] Safepoint "Cleanup", Time since last: 5005733848 ns, Reaching safepoint: 75281 ns, At safepoint: 3765 ns, Total: 79046 ns
[2023-02-09T14:01:45.466+0000][68][safepoint   ] Safepoint "Cleanup", Time since last: 1002383179 ns, Reaching safepoint: 143052 ns, At safepoint: 10790 ns, Total: 153842 ns
[2023-02-09T14:01:51.451+0000][68][safepoint   ] Safepoint "Cleanup", Time since last: 6006485880 ns, Reaching safepoint: 263041 ns, At safepoint: 37440 ns, Total: 300481 ns
[2023-02-09T14:01:56.456+0000][68][safepoint   ] Safepoint "Cleanup", Time since last: 5005251940 ns, Reaching safepoint: 83286 ns, At safepoint: 2840 ns, Total: 86126 ns
[2023-02-09T14:01:57.457+0000][68][safepoint   ] Safepoint "Cleanup", Time since last: 1000670919 ns, Reaching safepoint: 164150 ns, At safepoint: 3332 ns, Total: 167482 ns
[2023-02-09T14:01:58.458+0000][68][safepoint   ] Safepoint "Cleanup", Time since last: 1001276457 ns, Reaching safepoint: 238678 ns, At safepoint: 11801 ns, Total: 250479 ns
[2023-02-09T14:01:59.226+0000][68][gc,start    ] GC(133) Pause Young (Normal) (G1 Evacuation Pause)
[2023-02-09T14:01:59.227+0000][68][gc,task     ] GC(133) Using 4 workers of 4 for evacuation
[2023-02-09T14:01:59.229+0000][68][gc,age      ] GC(133) Desired survivor size 6291456 bytes, new threshold 15 (max threshold 15)
[2023-02-09T14:01:59.235+0000][68][gc,phases   ] GC(133)   Pre Evacuate Collection Set: 0.2ms
[2023-02-09T14:01:59.236+0000][68][gc,phases   ] GC(133)   Merge Heap Roots: 0.1ms
[2023-02-09T14:01:59.237+0000][68][gc,phases   ] GC(133)   Evacuate Collection Set: 3.3ms
[2023-02-09T14:01:59.238+0000][68][gc,phases   ] GC(133)   Post Evacuate Collection Set: 2.1ms
[2023-02-09T14:01:59.239+0000][68][gc,phases   ] GC(133)   Other: 2.7ms
[2023-02-09T14:01:59.240+0000][68][gc,age      ] GC(133) Age table with threshold 15 (max threshold 15)
[2023-02-09T14:01:59.240+0000][68][gc,age      ] GC(133) - age   1:    1232432 bytes,    1232432 total
[2023-02-09T14:01:59.241+0000][68][gc,age      ] GC(133) - age   2:       1192 bytes,    1233624 total
[2023-02-09T14:01:59.242+0000][68][gc,age      ] GC(133) - age   3:       3472 bytes,    1237096 total
[2023-02-09T14:01:59.243+0000][68][gc,age      ] GC(133) - age   4:     394032 bytes,    1631128 total
[2023-02-09T14:01:59.243+0000][68][gc,age      ] GC(133) - age   5:      10848 bytes,    1641976 total
[2023-02-09T14:01:59.244+0000][68][gc,age      ] GC(133) - age   6:       6616 bytes,    1648592 total
[2023-02-09T14:01:59.245+0000][68][gc,age      ] GC(133) - age   7:        256 bytes,    1648848 total
[2023-02-09T14:01:59.246+0000][68][gc,age      ] GC(133) - age   8:       1232 bytes,    1650080 total
[2023-02-09T14:01:59.247+0000][68][gc,age      ] GC(133) - age   9:       3128 bytes,    1653208 total
[2023-02-09T14:01:59.248+0000][68][gc,age      ] GC(133) - age  10:     137272 bytes,    1790480 total
[2023-02-09T14:01:59.248+0000][68][gc,age      ] GC(133) - age  11:      63368 bytes,    1853848 total
[2023-02-09T14:01:59.249+0000][68][gc,age      ] GC(133) - age  12:       1784 bytes,    1855632 total
[2023-02-09T14:01:59.249+0000][68][gc,age      ] GC(133) - age  13:       2816 bytes,    1858448 total
[2023-02-09T14:01:59.250+0000][68][gc,age      ] GC(133) - age  14:      55896 bytes,    1914344 total
[2023-02-09T14:01:59.251+0000][68][gc,age      ] GC(133) - age  15:       3064 bytes,    1917408 total
[2023-02-09T14:01:59.251+0000][68][gc,heap     ] GC(133) Eden regions: 22->0(22)
[2023-02-09T14:01:59.252+0000][68][gc,heap     ] GC(133) Survivor regions: 1->1(3)
[2023-02-09T14:01:59.252+0000][68][gc,heap     ] GC(133) Old regions: 26->26
[2023-02-09T14:01:59.253+0000][68][gc,heap     ] GC(133) Archive regions: 2->2
[2023-02-09T14:01:59.253+0000][68][gc,heap     ] GC(133) Humongous regions: 2->2
[2023-02-09T14:01:59.254+0000][68][gc,metaspace] GC(133) Metaspace: 141504K(144704K)->141504K(144704K) NonClass: 123358K(124672K)->123358K(124672K) Class: 18145K(20032K)->18145K(20032K)
[2023-02-09T14:01:59.254+0000][68][gc          ] GC(133) Pause Young (Normal) (G1 Evacuation Pause) 203M->115M(256M) 28.332ms
[2023-02-09T14:01:59.255+0000][68][gc,cpu      ] GC(133) User=0.02s Sys=0.00s Real=0.03s
[2023-02-09T14:01:59.255+0000][68][safepoint   ] Safepoint "G1CollectForAllocation", Time since last: 767377634 ns, Reaching safepoint: 112747 ns, At safepoint: 29414958 ns, Total: 29527705 ns
[2023-02-09T14:02:00.257+0000][68][safepoint   ] Safepoint "Cleanup", Time since last: 1001153467 ns, Reaching safepoint: 347203 ns, At safepoint: 8242 ns, Total: 355445 ns
[2023-02-09T14:02:01.260+0000][68][safepoint   ] Safepoint "Cleanup", Time since last: 1003123212 ns, Reaching safepoint: 398010 ns, At safepoint: 12625 ns, Total: 410635 ns
[2023-02-09T14:02:02.263+0000][68][safepoint   ] Safepoint "Cleanup", Time since last: 1002779066 ns, Reaching safepoint: 41821 ns, At safepoint: 3078 ns, Total: 44899 ns
[2023-02-09T14:02:06.266+0000][68][safepoint   ] Safepoint "Cleanup", Time since last: 4002435387 ns, Reaching safepoint: 187511 ns, At safepoint: 10895 ns, Total: 198406 ns
[2023-02-09T14:02:07.268+0000][68][safepoint   ] Safepoint "Cleanup", Time since last: 1002368934 ns, Reaching safepoint: 335440 ns, At safepoint: 14712 ns, Total: 350152 ns
[2023-02-09T14:02:08.271+0000][68][safepoint   ] Safepoint "Cleanup", Time since last: 1002519835 ns, Reaching safepoint: 144880 ns, At safepoint: 3765 ns, Total: 148645 ns
[2023-02-09T14:02:14.274+0000][68][safepoint   ] Safepoint "Cleanup", Time since last: 6002383071 ns, Reaching safepoint: 174086 ns, At safepoint: 10856 ns, Total: 184942 ns
[2023-02-09T14:02:17.278+0000][68][safepoint   ] Safepoint "Cleanup", Time since last: 3003825423 ns, Reaching safepoint: 151492 ns, At safepoint: 5618 ns, Total: 157110 ns
[2023-02-09T14:02:20.282+0000][68][safepoint   ] Safepoint "Cleanup", Time since last: 3003877377 ns, Reaching safepoint: 85142 ns, At safepoint: 3133 ns, Total: 88275 ns
[2023-02-09T14:02:22.210+0000][68][gc,start    ] GC(134) Pause Young (Normal) (G1 Evacuation Pause)
[2023-02-09T14:02:22.210+0000][68][gc,task     ] GC(134) Using 4 workers of 4 for evacuation
[2023-02-09T14:02:22.211+0000][68][gc,age      ] GC(134) Desired survivor size 6291456 bytes, new threshold 15 (max threshold 15)
[2023-02-09T14:02:22.214+0000][68][gc,phases   ] GC(134)   Pre Evacuate Collection Set: 0.1ms
[2023-02-09T14:02:22.216+0000][68][gc,phases   ] GC(134)   Merge Heap Roots: 0.1ms
[2023-02-09T14:02:22.217+0000][68][gc,phases   ] GC(134)   Evacuate Collection Set: 1.9ms
[2023-02-09T14:02:22.217+0000][68][gc,phases   ] GC(134)   Post Evacuate Collection Set: 0.9ms
[2023-02-09T14:02:22.218+0000][68][gc,phases   ] GC(134)   Other: 0.8ms
[2023-02-09T14:02:22.220+0000][68][gc,age      ] GC(134) Age table with threshold 15 (max threshold 15)
[2023-02-09T14:02:22.220+0000][68][gc,age      ] GC(134) - age   1:    1670896 bytes,    1670896 total
[2023-02-09T14:02:22.222+0000][68][gc,age      ] GC(134) - age   2:     126248 bytes,    1797144 total
[2023-02-09T14:02:22.222+0000][68][gc,age      ] GC(134) - age   3:        328 bytes,    1797472 total
[2023-02-09T14:02:22.223+0000][68][gc,age      ] GC(134) - age   4:       2824 bytes,    1800296 total
[2023-02-09T14:02:22.224+0000][68][gc,age      ] GC(134) - age   5:     225720 bytes,    2026016 total
[2023-02-09T14:02:22.224+0000][68][gc,age      ] GC(134) - age   6:      10784 bytes,    2036800 total
[2023-02-09T14:02:22.224+0000][68][gc,age      ] GC(134) - age   7:       6336 bytes,    2043136 total
[2023-02-09T14:02:22.225+0000][68][gc,age      ] GC(134) - age   8:        256 bytes,    2043392 total
[2023-02-09T14:02:22.225+0000][68][gc,age      ] GC(134) - age   9:       1232 bytes,    2044624 total
[2023-02-09T14:02:22.226+0000][68][gc,age      ] GC(134) - age  10:       3128 bytes,    2047752 total
[2023-02-09T14:02:22.226+0000][68][gc,age      ] GC(134) - age  11:     137272 bytes,    2185024 total
[2023-02-09T14:02:22.226+0000][68][gc,age      ] GC(134) - age  12:      63368 bytes,    2248392 total
[2023-02-09T14:02:22.227+0000][68][gc,age      ] GC(134) - age  13:       1784 bytes,    2250176 total
[2023-02-09T14:02:22.227+0000][68][gc,age      ] GC(134) - age  14:       2816 bytes,    2252992 total
[2023-02-09T14:02:22.227+0000][68][gc,age      ] GC(134) - age  15:      55896 bytes,    2308888 total
[2023-02-09T14:02:22.228+0000][68][gc,heap     ] GC(134) Eden regions: 22->0(22)
[2023-02-09T14:02:22.228+0000][68][gc,heap     ] GC(134) Survivor regions: 1->1(3)
[2023-02-09T14:02:22.229+0000][68][gc,heap     ] GC(134) Old regions: 26->26
[2023-02-09T14:02:22.229+0000][68][gc,heap     ] GC(134) Archive regions: 2->2
[2023-02-09T14:02:22.230+0000][68][gc,heap     ] GC(134) Humongous regions: 2->2
[2023-02-09T14:02:22.231+0000][68][gc,metaspace] GC(134) Metaspace: 141526K(144704K)->141526K(144704K) NonClass: 123381K(124672K)->123381K(124672K) Class: 18145K(20032K)->18145K(20032K)
[2023-02-09T14:02:22.231+0000][68][gc          ] GC(134) Pause Young (Normal) (G1 Evacuation Pause) 203M->116M(256M) 21.243ms
[2023-02-09T14:02:22.232+0000][68][gc,cpu      ] GC(134) User=0.01s Sys=0.01s Real=0.02s
[2023-02-09T14:02:22.232+0000][68][safepoint   ] Safepoint "G1CollectForAllocation", Time since last: 1949697221 ns, Reaching safepoint: 83165 ns, At safepoint: 22484942 ns, Total: 22568107 ns
[2023-02-09T14:02:27.238+0000][68][safepoint   ] Safepoint "Cleanup", Time since last: 5005801851 ns, Reaching safepoint: 94157 ns, At safepoint: 4468 ns, Total: 98625 ns
[2023-02-09T14:02:28.240+0000][68][safepoint   ] Safepoint "Cleanup", Time since last: 1001507662 ns, Reaching safepoint: 97430 ns, At safepoint: 3112 ns, Total: 100542 ns
[2023-02-09T14:02:33.247+0000][68][safepoint   ] Safepoint "Cleanup", Time since last: 5007246539 ns, Reaching safepoint: 132915 ns, At safepoint: 6110 ns, Total: 139025 ns
[2023-02-09T14:02:34.250+0000][68][safepoint   ] Safepoint "Cleanup", Time since last: 1001855410 ns, Reaching safepoint: 361409 ns, At safepoint: 12124 ns, Total: 373533 ns
[2023-02-09T14:02:39.256+0000][68][safepoint   ] Safepoint "Cleanup", Time since last: 5006031641 ns, Reaching safepoint: 91401 ns, At safepoint: 3651 ns, Total: 95052 ns
[2023-02-09T14:02:45.261+0000][68][safepoint   ] Safepoint "Cleanup", Time since last: 6004653644 ns, Reaching safepoint: 207226 ns, At safepoint: 28501 ns, Total: 235727 ns
[2023-02-09T14:02:52.216+0000][68][gc,start    ] GC(135) Pause Young (Concurrent Start) (G1 Evacuation Pause)
[2023-02-09T14:02:52.217+0000][68][gc,task     ] GC(135) Using 4 workers of 4 for evacuation
[2023-02-09T14:02:52.218+0000][68][gc,age      ] GC(135) Desired survivor size 6291456 bytes, new threshold 15 (max threshold 15)
[2023-02-09T14:02:52.225+0000][68][gc,phases   ] GC(135)   Pre Evacuate Collection Set: 0.5ms
[2023-02-09T14:02:52.226+0000][68][gc,phases   ] GC(135)   Merge Heap Roots: 0.1ms
[2023-02-09T14:02:52.227+0000][68][gc,phases   ] GC(135)   Evacuate Collection Set: 4.1ms
[2023-02-09T14:02:52.229+0000][68][gc,phases   ] GC(135)   Post Evacuate Collection Set: 1.3ms
[2023-02-09T14:02:52.230+0000][68][gc,phases   ] GC(135)   Other: 1.9ms
[2023-02-09T14:02:52.230+0000][68][gc,age      ] GC(135) Age table with threshold 15 (max threshold 15)
[2023-02-09T14:02:52.231+0000][68][gc,age      ] GC(135) - age   1:    1631672 bytes,    1631672 total
[2023-02-09T14:02:52.232+0000][68][gc,age      ] GC(135) - age   2:     161792 bytes,    1793464 total
[2023-02-09T14:02:52.233+0000][68][gc,age      ] GC(135) - age   3:       9008 bytes,    1802472 total
[2023-02-09T14:02:52.234+0000][68][gc,age      ] GC(135) - age   4:        152 bytes,    1802624 total
[2023-02-09T14:02:52.234+0000][68][gc,age      ] GC(135) - age   5:       2296 bytes,    1804920 total
[2023-02-09T14:02:52.235+0000][68][gc,age      ] GC(135) - age   6:     225592 bytes,    2030512 total
[2023-02-09T14:02:52.236+0000][68][gc,age      ] GC(135) - age   7:      10608 bytes,    2041120 total
[2023-02-09T14:02:52.237+0000][68][gc,age      ] GC(135) - age   8:       6336 bytes,    2047456 total
[2023-02-09T14:02:52.238+0000][68][gc,age      ] GC(135) - age   9:        256 bytes,    2047712 total
[2023-02-09T14:02:52.239+0000][68][gc,age      ] GC(135) - age  10:       1232 bytes,    2048944 total
[2023-02-09T14:02:52.240+0000][68][gc,age      ] GC(135) - age  11:       3128 bytes,    2052072 total
[2023-02-09T14:02:52.241+0000][68][gc,age      ] GC(135) - age  12:     137088 bytes,    2189160 total
[2023-02-09T14:02:52.242+0000][68][gc,age      ] GC(135) - age  13:      63368 bytes,    2252528 total
[2023-02-09T14:02:52.243+0000][68][gc,age      ] GC(135) - age  14:       1784 bytes,    2254312 total
[2023-02-09T14:02:52.243+0000][68][gc,age      ] GC(135) - age  15:       2816 bytes,    2257128 total
[2023-02-09T14:02:52.244+0000][68][gc,heap     ] GC(135) Eden regions: 22->0(21)
[2023-02-09T14:02:52.245+0000][68][gc,heap     ] GC(135) Survivor regions: 1->1(3)
[2023-02-09T14:02:52.246+0000][68][gc,heap     ] GC(135) Old regions: 26->26
[2023-02-09T14:02:52.247+0000][68][gc,heap     ] GC(135) Archive regions: 2->2
[2023-02-09T14:02:52.247+0000][68][gc,heap     ] GC(135) Humongous regions: 2->2
[2023-02-09T14:02:52.248+0000][68][gc,metaspace] GC(135) Metaspace: 141543K(144704K)->141543K(144704K) NonClass: 123397K(124672K)->123397K(124672K) Class: 18145K(20032K)->18145K(20032K)
[2023-02-09T14:02:52.249+0000][68][gc          ] GC(135) Pause Young (Concurrent Start) (G1 Evacuation Pause) 204M->116M(256M) 32.646ms
[2023-02-09T14:02:52.250+0000][68][gc,cpu      ] GC(135) User=0.01s Sys=0.00s Real=0.04s
[2023-02-09T14:02:52.250+0000][68][gc          ] GC(136) Concurrent Mark Cycle
[2023-02-09T14:02:52.252+0000][68][gc,marking  ] GC(136) Concurrent Clear Claimed Marks
[2023-02-09T14:02:52.251+0000][68][safepoint   ] Safepoint "G1CollectForAllocation", Time since last: 6977488709 ns, Reaching safepoint: 98683 ns, At safepoint: 34675707 ns, Total: 34774390 ns
[2023-02-09T14:02:52.253+0000][68][gc,marking  ] GC(136) Concurrent Clear Claimed Marks 1.038ms
[2023-02-09T14:02:52.255+0000][68][gc,marking  ] GC(136) Concurrent Scan Root Regions
[2023-02-09T14:02:52.260+0000][68][gc,marking  ] GC(136) Concurrent Scan Root Regions 4.670ms
[2023-02-09T14:02:52.261+0000][68][gc,marking  ] GC(136) Concurrent Mark
[2023-02-09T14:02:52.262+0000][68][gc,marking  ] GC(136) Concurrent Mark From Roots
[2023-02-09T14:02:52.263+0000][68][gc,task     ] GC(136) Using 1 workers of 1 for marking
[2023-02-09T14:02:52.443+0000][68][gc,marking  ] GC(136) Concurrent Mark From Roots 181.165ms
[2023-02-09T14:02:52.444+0000][68][gc,marking  ] GC(136) Concurrent Preclean
[2023-02-09T14:02:52.446+0000][68][gc,marking  ] GC(136) Concurrent Preclean 1.450ms
[2023-02-09T14:02:52.447+0000][68][gc,start    ] GC(136) Pause Remark
[2023-02-09T14:02:52.463+0000][68][gc          ] GC(136) Pause Remark 116M->116M(256M) 15.732ms
[2023-02-09T14:02:52.464+0000][68][gc,cpu      ] GC(136) User=0.04s Sys=0.00s Real=0.02s
[2023-02-09T14:02:52.465+0000][68][safepoint   ] Safepoint "G1PauseRemark", Time since last: 195754480 ns, Reaching safepoint: 190772 ns, At safepoint: 18123655 ns, Total: 18314427 ns
[2023-02-09T14:02:52.467+0000][68][gc,marking  ] GC(136) Concurrent Mark 206.319ms
[2023-02-09T14:02:52.468+0000][68][gc,marking  ] GC(136) Concurrent Rebuild Remembered Sets
[2023-02-09T14:02:52.576+0000][68][gc,marking  ] GC(136) Concurrent Rebuild Remembered Sets 108.322ms
[2023-02-09T14:02:52.578+0000][68][gc,start    ] GC(136) Pause Cleanup
[2023-02-09T14:02:52.579+0000][68][gc          ] GC(136) Pause Cleanup 117M->117M(256M) 1.260ms
[2023-02-09T14:02:52.580+0000][68][gc,cpu      ] GC(136) User=0.00s Sys=0.00s Real=0.00s
[2023-02-09T14:02:52.581+0000][68][safepoint   ] Safepoint "G1PauseCleanup", Time since last: 112326363 ns, Reaching safepoint: 266620 ns, At safepoint: 3046678 ns, Total: 3313298 ns
[2023-02-09T14:02:52.582+0000][68][gc,marking  ] GC(136) Concurrent Cleanup for Next Mark
[2023-02-09T14:02:52.583+0000][68][gc,marking  ] GC(136) Concurrent Cleanup for Next Mark 1.328ms
[2023-02-09T14:02:52.584+0000][68][gc          ] GC(136) Concurrent Mark Cycle 333.401ms
[2023-02-09T14:02:58.585+0000][68][safepoint   ] Safepoint "Cleanup", Time since last: 6004074728 ns, Reaching safepoint: 182193 ns, At safepoint: 10308 ns, Total: 192501 ns
[2023-02-09T14:03:00.587+0000][68][safepoint   ] Safepoint "Cleanup", Time since last: 2002134042 ns, Reaching safepoint: 254720 ns, At safepoint: 48361 ns, Total: 303081 ns
[2023-02-09T14:03:03.592+0000][68][safepoint   ] Safepoint "Cleanup", Time since last: 3004860508 ns, Reaching safepoint: 119085 ns, At safepoint: 6541 ns, Total: 125626 ns
[2023-02-09T14:03:04.594+0000][68][safepoint   ] Safepoint "Cleanup", Time since last: 1001447494 ns, Reaching safepoint: 153776 ns, At safepoint: 5076 ns, Total: 158852 ns
[2023-02-09T14:03:06.597+0000][68][safepoint   ] Safepoint "Cleanup", Time since last: 2002031825 ns, Reaching safepoint: 874058 ns, At safepoint: 36569 ns, Total: 910627 ns
[2023-02-09T14:03:07.600+0000][68][safepoint   ] Safepoint "Cleanup", Time since last: 1003072608 ns, Reaching safepoint: 373971 ns, At safepoint: 22784 ns, Total: 396755 ns
[2023-02-09T14:03:09.605+0000][68][safepoint   ] Safepoint "Cleanup", Time since last: 2004142633 ns, Reaching safepoint: 546970 ns, At safepoint: 99681 ns, Total: 646651 ns
[2023-02-09T14:03:15.600+0000][68][gc,start    ] GC(137) Pause Young (Prepare Mixed) (G1 Evacuation Pause)
[2023-02-09T14:03:15.602+0000][68][gc,task     ] GC(137) Using 4 workers of 4 for evacuation
[2023-02-09T14:03:15.603+0000][68][gc,age      ] GC(137) Desired survivor size 6291456 bytes, new threshold 15 (max threshold 15)
[2023-02-09T14:03:15.609+0000][68][gc,phases   ] GC(137)   Pre Evacuate Collection Set: 0.2ms
[2023-02-09T14:03:15.610+0000][68][gc,phases   ] GC(137)   Merge Heap Roots: 0.2ms
[2023-02-09T14:03:15.611+0000][68][gc,phases   ] GC(137)   Evacuate Collection Set: 3.6ms
[2023-02-09T14:03:15.612+0000][68][gc,phases   ] GC(137)   Post Evacuate Collection Set: 1.2ms
[2023-02-09T14:03:15.613+0000][68][gc,phases   ] GC(137)   Other: 2.6ms
[2023-02-09T14:03:15.614+0000][68][gc,age      ] GC(137) Age table with threshold 15 (max threshold 15)
[2023-02-09T14:03:15.615+0000][68][gc,age      ] GC(137) - age   1:     699256 bytes,     699256 total
[2023-02-09T14:03:15.616+0000][68][gc,age      ] GC(137) - age   2:      72056 bytes,     771312 total
[2023-02-09T14:03:15.617+0000][68][gc,age      ] GC(137) - age   3:      11784 bytes,     783096 total
[2023-02-09T14:03:15.618+0000][68][gc,age      ] GC(137) - age   4:       4944 bytes,     788040 total
[2023-02-09T14:03:15.619+0000][68][gc,age      ] GC(137) - age   5:        152 bytes,     788192 total
[2023-02-09T14:03:15.620+0000][68][gc,age      ] GC(137) - age   6:       1952 bytes,     790144 total
[2023-02-09T14:03:15.622+0000][68][gc,age      ] GC(137) - age   7:     221472 bytes,    1011616 total
[2023-02-09T14:03:15.623+0000][68][gc,age      ] GC(137) - age   8:      10608 bytes,    1022224 total
[2023-02-09T14:03:15.624+0000][68][gc,age      ] GC(137) - age   9:       6336 bytes,    1028560 total
[2023-02-09T14:03:15.626+0000][68][gc,age      ] GC(137) - age  10:        256 bytes,    1028816 total
[2023-02-09T14:03:15.627+0000][68][gc,age      ] GC(137) - age  11:       1232 bytes,    1030048 total
[2023-02-09T14:03:15.628+0000][68][gc,age      ] GC(137) - age  12:       3096 bytes,    1033144 total
[2023-02-09T14:03:15.629+0000][68][gc,age      ] GC(137) - age  13:     137088 bytes,    1170232 total
[2023-02-09T14:03:15.630+0000][68][gc,age      ] GC(137) - age  14:      63368 bytes,    1233600 total
[2023-02-09T14:03:15.631+0000][68][gc,age      ] GC(137) - age  15:       1784 bytes,    1235384 total
[2023-02-09T14:03:15.632+0000][68][gc,heap     ] GC(137) Eden regions: 21->0(2)
[2023-02-09T14:03:15.632+0000][68][gc,heap     ] GC(137) Survivor regions: 1->1(3)
[2023-02-09T14:03:15.633+0000][68][gc,heap     ] GC(137) Old regions: 26->26
[2023-02-09T14:03:15.634+0000][68][gc,heap     ] GC(137) Archive regions: 2->2
[2023-02-09T14:03:15.635+0000][68][gc,heap     ] GC(137) Humongous regions: 2->2
[2023-02-09T14:03:15.636+0000][68][gc,metaspace] GC(137) Metaspace: 141606K(144768K)->141606K(144768K) NonClass: 123461K(124736K)->123461K(124736K) Class: 18145K(20032K)->18145K(20032K)
[2023-02-09T14:03:15.637+0000][68][gc          ] GC(137) Pause Young (Prepare Mixed) (G1 Evacuation Pause) 200M->115M(256M) 36.270ms
[2023-02-09T14:03:15.638+0000][68][gc,cpu      ] GC(137) User=0.01s Sys=0.01s Real=0.04s
[2023-02-09T14:03:15.639+0000][68][safepoint   ] Safepoint "G1CollectForAllocation", Time since last: 5995100905 ns, Reaching safepoint: 139109 ns, At safepoint: 38330226 ns, Total: 38469335 ns
[2023-02-09T14:03:19.557+0000][68][gc,start    ] GC(138) Pause Young (Mixed) (G1 Evacuation Pause)
[2023-02-09T14:03:19.559+0000][68][gc,task     ] GC(138) Using 4 workers of 4 for evacuation
[2023-02-09T14:03:19.560+0000][68][gc,age      ] GC(138) Desired survivor size 2097152 bytes, new threshold 15 (max threshold 15)
[2023-02-09T14:03:19.574+0000][68][gc,phases   ] GC(138)   Pre Evacuate Collection Set: 0.2ms
[2023-02-09T14:03:19.575+0000][68][gc,phases   ] GC(138)   Merge Heap Roots: 0.1ms
[2023-02-09T14:03:19.576+0000][68][gc,phases   ] GC(138)   Evacuate Collection Set: 9.9ms
[2023-02-09T14:03:19.576+0000][68][gc,phases   ] GC(138)   Post Evacuate Collection Set: 1.4ms
[2023-02-09T14:03:19.577+0000][68][gc,phases   ] GC(138)   Other: 3.1ms
[2023-02-09T14:03:19.578+0000][68][gc,age      ] GC(138) Age table with threshold 15 (max threshold 15)
[2023-02-09T14:03:19.578+0000][68][gc,age      ] GC(138) - age   1:     215472 bytes,     215472 total
[2023-02-09T14:03:19.579+0000][68][gc,age      ] GC(138) - age   2:     361728 bytes,     577200 total
[2023-02-09T14:03:19.580+0000][68][gc,age      ] GC(138) - age   3:      71128 bytes,     648328 total
[2023-02-09T14:03:19.581+0000][68][gc,age      ] GC(138) - age   4:      11480 bytes,     659808 total
[2023-02-09T14:03:19.581+0000][68][gc,age      ] GC(138) - age   5:       4944 bytes,     664752 total
[2023-02-09T14:03:19.582+0000][68][gc,age      ] GC(138) - age   6:        152 bytes,     664904 total
[2023-02-09T14:03:19.582+0000][68][gc,age      ] GC(138) - age   7:       1952 bytes,     666856 total
[2023-02-09T14:03:19.583+0000][68][gc,age      ] GC(138) - age   8:     221472 bytes,     888328 total
[2023-02-09T14:03:19.583+0000][68][gc,age      ] GC(138) - age   9:      10608 bytes,     898936 total
[2023-02-09T14:03:19.584+0000][68][gc,age      ] GC(138) - age  10:       6336 bytes,     905272 total
[2023-02-09T14:03:19.584+0000][68][gc,age      ] GC(138) - age  11:        256 bytes,     905528 total
[2023-02-09T14:03:19.585+0000][68][gc,age      ] GC(138) - age  12:       1232 bytes,     906760 total
[2023-02-09T14:03:19.585+0000][68][gc,age      ] GC(138) - age  13:       3096 bytes,     909856 total
[2023-02-09T14:03:19.586+0000][68][gc,age      ] GC(138) - age  14:     137088 bytes,    1046944 total
[2023-02-09T14:03:19.587+0000][68][gc,age      ] GC(138) - age  15:      63368 bytes,    1110312 total
[2023-02-09T14:03:19.587+0000][68][gc,heap     ] GC(138) Eden regions: 2->0(22)
[2023-02-09T14:03:19.588+0000][68][gc,heap     ] GC(138) Survivor regions: 1->1(1)
[2023-02-09T14:03:19.589+0000][68][gc,heap     ] GC(138) Old regions: 26->26
[2023-02-09T14:03:19.589+0000][68][gc,heap     ] GC(138) Archive regions: 2->2
[2023-02-09T14:03:19.590+0000][68][gc,heap     ] GC(138) Humongous regions: 2->2
[2023-02-09T14:03:19.590+0000][68][gc,metaspace] GC(138) Metaspace: 141606K(144768K)->141606K(144768K) NonClass: 123461K(124736K)->123461K(124736K) Class: 18145K(20032K)->18145K(20032K)
[2023-02-09T14:03:19.591+0000][68][gc          ] GC(138) Pause Young (Mixed) (G1 Evacuation Pause) 123M->114M(256M) 33.881ms
[2023-02-09T14:03:19.591+0000][68][gc,cpu      ] GC(138) User=0.03s Sys=0.00s Real=0.04s
[2023-02-09T14:03:19.592+0000][68][safepoint   ] Safepoint "G1CollectForAllocation", Time since last: 3917738762 ns, Reaching safepoint: 222608 ns, At safepoint: 35121697 ns, Total: 35344305 ns
[2023-02-09T14:03:21.575+0000][68][safepoint   ] Safepoint "Cleanup", Time since last: 2004669597 ns, Reaching safepoint: 454295 ns, At safepoint: 17201 ns, Total: 471496 ns
[2023-02-09T14:03:27.582+0000][68][safepoint   ] Safepoint "Cleanup", Time since last: 6006891742 ns, Reaching safepoint: 207871 ns, At safepoint: 6319 ns, Total: 214190 ns
[2023-02-09T14:03:35.588+0000][68][safepoint   ] Safepoint "Cleanup", Time since last: 8005156732 ns, Reaching safepoint: 309393 ns, At safepoint: 15121 ns, Total: 324514 ns
[2023-02-09T14:03:37.596+0000][68][safepoint   ] Safepoint "Cleanup", Time since last: 2006381579 ns, Reaching safepoint: 1905381 ns, At safepoint: 49229 ns, Total: 1954610 ns
[2023-02-09T14:03:39.600+0000][68][safepoint   ] Safepoint "Cleanup", Time since last: 2001857434 ns, Reaching safepoint: 1913712 ns, At safepoint: 15858 ns, Total: 1929570 ns
[2023-02-09T14:03:41.603+0000][68][safepoint   ] Safepoint "Cleanup", Time since last: 2003329887 ns, Reaching safepoint: 159510 ns, At safepoint: 5479 ns, Total: 164989 ns
[2023-02-09T14:03:45.608+0000][68][safepoint   ] Safepoint "Cleanup", Time since last: 4004081401 ns, Reaching safepoint: 177983 ns, At safepoint: 3747 ns, Total: 181730 ns
[2023-02-09T14:03:47.868+0000][68][safepoint   ] Safepoint "Cleanup", Time since last: 2260764396 ns, Reaching safepoint: 85537 ns, At safepoint: 2377 ns, Total: 87914 ns
[2023-02-09T14:03:47.870+0000][68][gc,start    ] GC(139) Pause Young (Normal) (G1 Evacuation Pause)
[2023-02-09T14:03:47.871+0000][68][gc,task     ] GC(139) Using 4 workers of 4 for evacuation
[2023-02-09T14:03:47.871+0000][68][gc,age      ] GC(139) Desired survivor size 6291456 bytes, new threshold 15 (max threshold 15)
[2023-02-09T14:03:47.874+0000][68][gc,phases   ] GC(139)   Pre Evacuate Collection Set: 0.1ms
[2023-02-09T14:03:47.875+0000][68][gc,phases   ] GC(139)   Merge Heap Roots: 0.1ms
[2023-02-09T14:03:47.876+0000][68][gc,phases   ] GC(139)   Evacuate Collection Set: 1.4ms
[2023-02-09T14:03:47.876+0000][68][gc,phases   ] GC(139)   Post Evacuate Collection Set: 0.8ms
[2023-02-09T14:03:47.877+0000][68][gc,phases   ] GC(139)   Other: 1.0ms
[2023-02-09T14:03:47.877+0000][68][gc,age      ] GC(139) Age table with threshold 15 (max threshold 15)
[2023-02-09T14:03:47.878+0000][68][gc,age      ] GC(139) - age   1:     647192 bytes,     647192 total
[2023-02-09T14:03:47.878+0000][68][gc,age      ] GC(139) - age   2:        480 bytes,     647672 total
[2023-02-09T14:03:47.878+0000][68][gc,age      ] GC(139) - age   3:     104584 bytes,     752256 total
[2023-02-09T14:03:47.879+0000][68][gc,age      ] GC(139) - age   4:      69584 bytes,     821840 total
[2023-02-09T14:03:47.879+0000][68][gc,age      ] GC(139) - age   5:       3144 bytes,     824984 total
[2023-02-09T14:03:47.880+0000][68][gc,age      ] GC(139) - age   6:       4512 bytes,     829496 total
[2023-02-09T14:03:47.880+0000][68][gc,age      ] GC(139) - age   7:         88 bytes,     829584 total
[2023-02-09T14:03:47.881+0000][68][gc,age      ] GC(139) - age   8:       1952 bytes,     831536 total
[2023-02-09T14:03:47.881+0000][68][gc,age      ] GC(139) - age   9:     221472 bytes,    1053008 total
[2023-02-09T14:03:47.882+0000][68][gc,age      ] GC(139) - age  10:      10608 bytes,    1063616 total
[2023-02-09T14:03:47.883+0000][68][gc,age      ] GC(139) - age  11:       6336 bytes,    1069952 total
[2023-02-09T14:03:47.883+0000][68][gc,age      ] GC(139) - age  12:        256 bytes,    1070208 total
[2023-02-09T14:03:47.883+0000][68][gc,age      ] GC(139) - age  13:       1232 bytes,    1071440 total
[2023-02-09T14:03:47.884+0000][68][gc,age      ] GC(139) - age  14:       3096 bytes,    1074536 total
[2023-02-09T14:03:47.884+0000][68][gc,age      ] GC(139) - age  15:     131576 bytes,    1206112 total
[2023-02-09T14:03:47.885+0000][68][gc,heap     ] GC(139) Eden regions: 22->0(22)
[2023-02-09T14:03:47.885+0000][68][gc,heap     ] GC(139) Survivor regions: 1->1(3)
[2023-02-09T14:03:47.886+0000][68][gc,heap     ] GC(139) Old regions: 26->26
[2023-02-09T14:03:47.886+0000][68][gc,heap     ] GC(139) Archive regions: 2->2
[2023-02-09T14:03:47.887+0000][68][gc,heap     ] GC(139) Humongous regions: 2->2
[2023-02-09T14:03:47.887+0000][68][gc,metaspace] GC(139) Metaspace: 141710K(144896K)->141710K(144896K) NonClass: 123549K(124864K)->123549K(124864K) Class: 18161K(20032K)->18161K(20032K)
[2023-02-09T14:03:47.888+0000][68][gc          ] GC(139) Pause Young (Normal) (G1 Evacuation Pause) 202M->114M(256M) 17.203ms
[2023-02-09T14:03:47.888+0000][68][gc,cpu      ] GC(139) User=0.00s Sys=0.00s Real=0.02s
[2023-02-09T14:03:47.888+0000][68][safepoint   ] Safepoint "G1CollectForAllocation", Time since last: 1754816 ns, Reaching safepoint: 101439 ns, At safepoint: 18074406 ns, Total: 18175845 ns
[2023-02-09T14:03:49.050+0000][68][safepoint   ] Safepoint "Cleanup", Time since last: 1160981585 ns, Reaching safepoint: 329015 ns, At safepoint: 5659 ns, Total: 334674 ns
[2023-02-09T14:03:52.033+0000][68][safepoint   ] Safepoint "Cleanup", Time since last: 3004049692 ns, Reaching safepoint: 308774 ns, At safepoint: 44759 ns, Total: 353533 ns
[2023-02-09T14:03:55.037+0000][68][safepoint   ] Safepoint "Cleanup", Time since last: 3003954665 ns, Reaching safepoint: 153774 ns, At safepoint: 26653 ns, Total: 180427 ns
[2023-02-09T14:03:57.040+0000][68][safepoint   ] Safepoint "Cleanup", Time since last: 2002352061 ns, Reaching safepoint: 382404 ns, At safepoint: 14350 ns, Total: 396754 ns
[2023-02-09T14:03:58.042+0000][68][safepoint   ] Safepoint "Cleanup", Time since last: 1001780966 ns, Reaching safepoint: 288306 ns, At safepoint: 11503 ns, Total: 299809 ns
[2023-02-09T14:03:59.046+0000][68][safepoint   ] Safepoint "Cleanup", Time since last: 1003781277 ns, Reaching safepoint: 584100 ns, At safepoint: 41339 ns, Total: 625439 ns
[2023-02-09T14:04:04.055+0000][68][safepoint   ] Safepoint "Cleanup", Time since last: 5008852213 ns, Reaching safepoint: 258427 ns, At safepoint: 11587 ns, Total: 270014 ns
[2023-02-09T14:04:05.060+0000][68][safepoint   ] Safepoint "Cleanup", Time since last: 1003900797 ns, Reaching safepoint: 484250 ns, At safepoint: 36133 ns, Total: 520383 ns
[2023-02-09T14:04:06.064+0000][68][safepoint   ] Safepoint "Cleanup", Time since last: 1004378662 ns, Reaching safepoint: 170587 ns, At safepoint: 7562 ns, Total: 178149 ns
[2023-02-09T14:04:07.067+0000][68][safepoint   ] Safepoint "Cleanup", Time since last: 1002393402 ns, Reaching safepoint: 142867 ns, At safepoint: 54970 ns, Total: 197837 ns
[2023-02-09T14:04:10.071+0000][68][safepoint   ] Safepoint "Cleanup", Time since last: 3004032839 ns, Reaching safepoint: 258355 ns, At safepoint: 24400 ns, Total: 282755 ns
[2023-02-09T14:04:10.139+0000][68][gc,start    ] GC(140) Pause Young (Normal) (G1 Evacuation Pause)
[2023-02-09T14:04:10.140+0000][68][gc,task     ] GC(140) Using 4 workers of 4 for evacuation
[2023-02-09T14:04:10.141+0000][68][gc,age      ] GC(140) Desired survivor size 6291456 bytes, new threshold 15 (max threshold 15)
[2023-02-09T14:04:10.144+0000][68][gc,phases   ] GC(140)   Pre Evacuate Collection Set: 0.1ms
[2023-02-09T14:04:10.145+0000][68][gc,phases   ] GC(140)   Merge Heap Roots: 0.1ms
[2023-02-09T14:04:10.146+0000][68][gc,phases   ] GC(140)   Evacuate Collection Set: 2.0ms
[2023-02-09T14:04:10.147+0000][68][gc,phases   ] GC(140)   Post Evacuate Collection Set: 0.8ms
[2023-02-09T14:04:10.147+0000][68][gc,phases   ] GC(140)   Other: 1.2ms
[2023-02-09T14:04:10.148+0000][68][gc,age      ] GC(140) Age table with threshold 15 (max threshold 15)
[2023-02-09T14:04:10.148+0000][68][gc,age      ] GC(140) - age   1:     750056 bytes,     750056 total
[2023-02-09T14:04:10.148+0000][68][gc,age      ] GC(140) - age   2:     146448 bytes,     896504 total
[2023-02-09T14:04:10.149+0000][68][gc,age      ] GC(140) - age   3:        176 bytes,     896680 total
[2023-02-09T14:04:10.149+0000][68][gc,age      ] GC(140) - age   4:      15416 bytes,     912096 total
[2023-02-09T14:04:10.150+0000][68][gc,age      ] GC(140) - age   5:       2488 bytes,     914584 total
[2023-02-09T14:04:10.150+0000][68][gc,age      ] GC(140) - age   6:       3080 bytes,     917664 total
[2023-02-09T14:04:10.151+0000][68][gc,age      ] GC(140) - age   7:       4512 bytes,     922176 total
[2023-02-09T14:04:10.152+0000][68][gc,age      ] GC(140) - age   8:         88 bytes,     922264 total
[2023-02-09T14:04:10.152+0000][68][gc,age      ] GC(140) - age   9:       1952 bytes,     924216 total
[2023-02-09T14:04:10.153+0000][68][gc,age      ] GC(140) - age  10:     221472 bytes,    1145688 total
[2023-02-09T14:04:10.154+0000][68][gc,age      ] GC(140) - age  11:      10424 bytes,    1156112 total
[2023-02-09T14:04:10.154+0000][68][gc,age      ] GC(140) - age  12:       6336 bytes,    1162448 total
[2023-02-09T14:04:10.155+0000][68][gc,age      ] GC(140) - age  13:        256 bytes,    1162704 total
[2023-02-09T14:04:10.155+0000][68][gc,age      ] GC(140) - age  14:       1232 bytes,    1163936 total
[2023-02-09T14:04:10.156+0000][68][gc,age      ] GC(140) - age  15:       3032 bytes,    1166968 total
[2023-02-09T14:04:10.157+0000][68][gc,heap     ] GC(140) Eden regions: 22->0(22)
[2023-02-09T14:04:10.157+0000][68][gc,heap     ] GC(140) Survivor regions: 1->1(3)
[2023-02-09T14:04:10.158+0000][68][gc,heap     ] GC(140) Old regions: 26->26
[2023-02-09T14:04:10.158+0000][68][gc,heap     ] GC(140) Archive regions: 2->2
[2023-02-09T14:04:10.159+0000][68][gc,heap     ] GC(140) Humongous regions: 2->2
[2023-02-09T14:04:10.160+0000][68][gc,metaspace] GC(140) Metaspace: 141831K(144960K)->141831K(144960K) NonClass: 123658K(124928K)->123658K(124928K) Class: 18172K(20032K)->18172K(20032K)
[2023-02-09T14:04:10.160+0000][68][gc          ] GC(140) Pause Young (Normal) (G1 Evacuation Pause) 202M->114M(256M) 20.533ms
[2023-02-09T14:04:10.161+0000][68][gc,cpu      ] GC(140) User=0.01s Sys=0.00s Real=0.02s
[2023-02-09T14:04:10.161+0000][68][safepoint   ] Safepoint "G1CollectForAllocation", Time since last: 68186579 ns, Reaching safepoint: 102643 ns, At safepoint: 21836275 ns, Total: 21938918 ns
[2023-02-09T14:04:17.169+0000][68][safepoint   ] Safepoint "Cleanup", Time since last: 7006984098 ns, Reaching safepoint: 317500 ns, At safepoint: 8102 ns, Total: 325602 ns
[2023-02-09T14:04:21.152+0000][68][safepoint   ] Safepoint "Cleanup", Time since last: 4005178813 ns, Reaching safepoint: 158653 ns, At safepoint: 29519 ns, Total: 188172 ns
[2023-02-09T14:04:22.155+0000][68][safepoint   ] Safepoint "Cleanup", Time since last: 1003006498 ns, Reaching safepoint: 139959 ns, At safepoint: 10457 ns, Total: 150416 ns
[2023-02-09T14:04:24.159+0000][68][safepoint   ] Safepoint "Cleanup", Time since last: 2003554436 ns, Reaching safepoint: 75163 ns, At safepoint: 3799 ns, Total: 78962 ns
[2023-02-09T14:04:25.161+0000][68][safepoint   ] Safepoint "Cleanup", Time since last: 1001704969 ns, Reaching safepoint: 135200 ns, At safepoint: 6657 ns, Total: 141857 ns
[2023-02-09T14:04:27.164+0000][68][safepoint   ] Safepoint "Cleanup", Time since last: 2002836098 ns, Reaching safepoint: 293144 ns, At safepoint: 11921 ns, Total: 305065 ns
[2023-02-09T14:04:28.165+0000][68][safepoint   ] Safepoint "Cleanup", Time since last: 1001268748 ns, Reaching safepoint: 108100 ns, At safepoint: 4439 ns, Total: 112539 ns
[2023-02-09T14:04:29.167+0000][68][safepoint   ] Safepoint "Cleanup", Time since last: 1001673035 ns, Reaching safepoint: 392313 ns, At safepoint: 82529 ns, Total: 474842 ns
[2023-02-09T14:04:33.172+0000][68][safepoint   ] Safepoint "Cleanup", Time since last: 4004352063 ns, Reaching safepoint: 112226 ns, At safepoint: 5189 ns, Total: 117415 ns
[2023-02-09T14:04:37.176+0000][68][safepoint   ] Safepoint "Cleanup", Time since last: 4003572276 ns, Reaching safepoint: 326052 ns, At safepoint: 61238 ns, Total: 387290 ns
[2023-02-09T14:04:39.177+0000][68][safepoint   ] Safepoint "Cleanup", Time since last: 2001492595 ns, Reaching safepoint: 54662 ns, At safepoint: 3665 ns, Total: 58327 ns
[2023-02-09T14:04:39.602+0000][68][gc,start    ] GC(141) Pause Young (Concurrent Start) (G1 Evacuation Pause)
[2023-02-09T14:04:39.604+0000][68][gc,task     ] GC(141) Using 4 workers of 4 for evacuation
[2023-02-09T14:04:39.606+0000][68][gc,age      ] GC(141) Desired survivor size 6291456 bytes, new threshold 15 (max threshold 15)
[2023-02-09T14:04:39.614+0000][68][gc,phases   ] GC(141)   Pre Evacuate Collection Set: 0.4ms
[2023-02-09T14:04:39.616+0000][68][gc,phases   ] GC(141)   Merge Heap Roots: 0.3ms
[2023-02-09T14:04:39.616+0000][68][gc,phases   ] GC(141)   Evacuate Collection Set: 5.4ms
[2023-02-09T14:04:39.617+0000][68][gc,phases   ] GC(141)   Post Evacuate Collection Set: 1.2ms
[2023-02-09T14:04:39.618+0000][68][gc,phases   ] GC(141)   Other: 2.9ms
[2023-02-09T14:04:39.618+0000][68][gc,age      ] GC(141) Age table with threshold 15 (max threshold 15)
[2023-02-09T14:04:39.619+0000][68][gc,age      ] GC(141) - age   1:    1795064 bytes,    1795064 total
[2023-02-09T14:04:39.620+0000][68][gc,age      ] GC(141) - age   2:     491528 bytes,    2286592 total
[2023-02-09T14:04:39.620+0000][68][gc,age      ] GC(141) - age   3:      26912 bytes,    2313504 total
[2023-02-09T14:04:39.621+0000][68][gc,age      ] GC(141) - age   5:      15264 bytes,    2328768 total
[2023-02-09T14:04:39.621+0000][68][gc,age      ] GC(141) - age   6:       2152 bytes,    2330920 total
[2023-02-09T14:04:39.622+0000][68][gc,age      ] GC(141) - age   7:       1440 bytes,    2332360 total
[2023-02-09T14:04:39.622+0000][68][gc,age      ] GC(141) - age   8:       4512 bytes,    2336872 total
[2023-02-09T14:04:39.623+0000][68][gc,age      ] GC(141) - age   9:         88 bytes,    2336960 total
[2023-02-09T14:04:39.623+0000][68][gc,age      ] GC(141) - age  10:       1952 bytes,    2338912 total
[2023-02-09T14:04:39.624+0000][68][gc,age      ] GC(141) - age  11:     136640 bytes,    2475552 total
[2023-02-09T14:04:39.624+0000][68][gc,age      ] GC(141) - age  12:      10080 bytes,    2485632 total
[2023-02-09T14:04:39.625+0000][68][gc,age      ] GC(141) - age  13:       6336 bytes,    2491968 total
[2023-02-09T14:04:39.625+0000][68][gc,age      ] GC(141) - age  14:        256 bytes,    2492224 total
[2023-02-09T14:04:39.626+0000][68][gc,age      ] GC(141) - age  15:       1232 bytes,    2493456 total
[2023-02-09T14:04:39.626+0000][68][gc,heap     ] GC(141) Eden regions: 22->0(22)
[2023-02-09T14:04:39.627+0000][68][gc,heap     ] GC(141) Survivor regions: 1->1(3)
[2023-02-09T14:04:39.627+0000][68][gc,heap     ] GC(141) Old regions: 26->26
[2023-02-09T14:04:39.628+0000][68][gc,heap     ] GC(141) Archive regions: 2->2
[2023-02-09T14:04:39.629+0000][68][gc,heap     ] GC(141) Humongous regions: 2->2
[2023-02-09T14:04:39.630+0000][68][gc,metaspace] GC(141) Metaspace: 141855K(145024K)->141855K(145024K) NonClass: 123683K(124992K)->123683K(124992K) Class: 18172K(20032K)->18172K(20032K)
[2023-02-09T14:04:39.630+0000][68][gc          ] GC(141) Pause Young (Concurrent Start) (G1 Evacuation Pause) 202M->116M(256M) 27.833ms
[2023-02-09T14:04:39.631+0000][68][gc,cpu      ] GC(141) User=0.01s Sys=0.00s Real=0.03s
[2023-02-09T14:04:39.632+0000][68][safepoint   ] Safepoint "G1CollectForAllocation", Time since last: 424738643 ns, Reaching safepoint: 225155 ns, At safepoint: 29461551 ns, Total: 29686706 ns
[2023-02-09T14:04:39.631+0000][68][gc          ] GC(142) Concurrent Mark Cycle
[2023-02-09T14:04:39.634+0000][68][gc,marking  ] GC(142) Concurrent Clear Claimed Marks
[2023-02-09T14:04:39.635+0000][68][gc,marking  ] GC(142) Concurrent Clear Claimed Marks 1.416ms
[2023-02-09T14:04:39.636+0000][68][gc,marking  ] GC(142) Concurrent Scan Root Regions
[2023-02-09T14:04:39.640+0000][68][gc,marking  ] GC(142) Concurrent Scan Root Regions 4.099ms
[2023-02-09T14:04:39.641+0000][68][gc,marking  ] GC(142) Concurrent Mark
[2023-02-09T14:04:39.641+0000][68][gc,marking  ] GC(142) Concurrent Mark From Roots
[2023-02-09T14:04:39.642+0000][68][gc,task     ] GC(142) Using 1 workers of 1 for marking
[2023-02-09T14:04:39.806+0000][68][gc,marking  ] GC(142) Concurrent Mark From Roots 164.654ms
[2023-02-09T14:04:39.807+0000][68][gc,marking  ] GC(142) Concurrent Preclean
[2023-02-09T14:04:39.808+0000][68][gc,marking  ] GC(142) Concurrent Preclean 0.955ms
[2023-02-09T14:04:39.808+0000][68][gc,start    ] GC(142) Pause Remark
[2023-02-09T14:04:39.825+0000][68][gc          ] GC(142) Pause Remark 118M->118M(256M) 16.601ms
[2023-02-09T14:04:39.826+0000][68][gc,cpu      ] GC(142) User=0.05s Sys=0.00s Real=0.02s
[2023-02-09T14:04:39.827+0000][68][safepoint   ] Safepoint "G1PauseRemark", Time since last: 176473157 ns, Reaching safepoint: 124753 ns, At safepoint: 18613580 ns, Total: 18738333 ns
[2023-02-09T14:04:39.828+0000][68][gc,marking  ] GC(142) Concurrent Mark 187.293ms
[2023-02-09T14:04:39.829+0000][68][gc,marking  ] GC(142) Concurrent Rebuild Remembered Sets
[2023-02-09T14:04:39.911+0000][68][gc,marking  ] GC(142) Concurrent Rebuild Remembered Sets 81.981ms
[2023-02-09T14:04:39.913+0000][68][gc,start    ] GC(142) Pause Cleanup
[2023-02-09T14:04:39.913+0000][68][gc          ] GC(142) Pause Cleanup 119M->119M(256M) 0.915ms
[2023-02-09T14:04:39.914+0000][68][gc,cpu      ] GC(142) User=0.00s Sys=0.00s Real=0.01s
[2023-02-09T14:04:39.915+0000][68][safepoint   ] Safepoint "G1PauseCleanup", Time since last: 84820268 ns, Reaching safepoint: 581159 ns, At safepoint: 2742003 ns, Total: 3323162 ns
[2023-02-09T14:04:39.917+0000][68][gc,marking  ] GC(142) Concurrent Cleanup for Next Mark
[2023-02-09T14:04:39.919+0000][68][gc,marking  ] GC(142) Concurrent Cleanup for Next Mark 2.340ms
[2023-02-09T14:04:39.920+0000][68][gc          ] GC(142) Concurrent Mark Cycle 288.978ms
[2023-02-09T14:04:45.923+0000][68][safepoint   ] Safepoint "Cleanup", Time since last: 6006822356 ns, Reaching safepoint: 555672 ns, At safepoint: 24723 ns, Total: 580395 ns
[2023-02-09T14:04:47.927+0000][68][safepoint   ] Safepoint "Cleanup", Time since last: 2003322817 ns, Reaching safepoint: 713039 ns, At safepoint: 42774 ns, Total: 755813 ns
[2023-02-09T14:04:57.915+0000][68][safepoint   ] Safepoint "Cleanup", Time since last: 10009650258 ns, Reaching safepoint: 354626 ns, At safepoint: 6477 ns, Total: 361103 ns
[2023-02-09T14:04:59.918+0000][68][safepoint   ] Safepoint "Cleanup", Time since last: 2002434007 ns, Reaching safepoint: 379961 ns, At safepoint: 14929 ns, Total: 394890 ns
[2023-02-09T14:05:01.080+0000][68][safepoint   ] Safepoint "Cleanup", Time since last: 1162131178 ns, Reaching safepoint: 280891 ns, At safepoint: 18365 ns, Total: 299256 ns
[2023-02-09T14:05:03.082+0000][68][safepoint   ] Safepoint "Cleanup", Time since last: 2002027779 ns, Reaching safepoint: 101942 ns, At safepoint: 6220 ns, Total: 108162 ns
[2023-02-09T14:05:04.083+0000][68][safepoint   ] Safepoint "Cleanup", Time since last: 1001043011 ns, Reaching safepoint: 98776 ns, At safepoint: 8513 ns, Total: 107289 ns
[2023-02-09T14:05:06.087+0000][68][safepoint   ] Safepoint "Cleanup", Time since last: 2003263305 ns, Reaching safepoint: 579086 ns, At safepoint: 67283 ns, Total: 646369 ns
[2023-02-09T14:05:06.409+0000][68][gc,start    ] GC(143) Pause Young (Prepare Mixed) (G1 Evacuation Pause)
[2023-02-09T14:05:06.409+0000][68][gc,task     ] GC(143) Using 4 workers of 4 for evacuation
[2023-02-09T14:05:06.410+0000][68][gc,age      ] GC(143) Desired survivor size 6291456 bytes, new threshold 15 (max threshold 15)
[2023-02-09T14:05:06.416+0000][68][gc,phases   ] GC(143)   Pre Evacuate Collection Set: 0.1ms
[2023-02-09T14:05:06.418+0000][68][gc,phases   ] GC(143)   Merge Heap Roots: 0.1ms
[2023-02-09T14:05:06.419+0000][68][gc,phases   ] GC(143)   Evacuate Collection Set: 3.8ms
[2023-02-09T14:05:06.419+0000][68][gc,phases   ] GC(143)   Post Evacuate Collection Set: 1.0ms
[2023-02-09T14:05:06.419+0000][68][gc,phases   ] GC(143)   Other: 1.7ms
[2023-02-09T14:05:06.420+0000][68][gc,age      ] GC(143) Age table with threshold 15 (max threshold 15)
[2023-02-09T14:05:06.420+0000][68][gc,age      ] GC(143) - age   1:    1151088 bytes,    1151088 total
[2023-02-09T14:05:06.420+0000][68][gc,age      ] GC(143) - age   2:     192136 bytes,    1343224 total
[2023-02-09T14:05:06.421+0000][68][gc,age      ] GC(143) - age   3:     473256 bytes,    1816480 total
[2023-02-09T14:05:06.421+0000][68][gc,age      ] GC(143) - age   4:      26864 bytes,    1843344 total
[2023-02-09T14:05:06.422+0000][68][gc,age      ] GC(143) - age   6:       7216 bytes,    1850560 total
[2023-02-09T14:05:06.422+0000][68][gc,age      ] GC(143) - age   7:       1872 bytes,    1852432 total
[2023-02-09T14:05:06.423+0000][68][gc,age      ] GC(143) - age   8:       1440 bytes,    1853872 total
[2023-02-09T14:05:06.423+0000][68][gc,age      ] GC(143) - age   9:       4512 bytes,    1858384 total
[2023-02-09T14:05:06.424+0000][68][gc,age      ] GC(143) - age  10:         88 bytes,    1858472 total
[2023-02-09T14:05:06.425+0000][68][gc,age      ] GC(143) - age  11:       1720 bytes,    1860192 total
[2023-02-09T14:05:06.425+0000][68][gc,age      ] GC(143) - age  12:     134800 bytes,    1994992 total
[2023-02-09T14:05:06.425+0000][68][gc,age      ] GC(143) - age  13:      10080 bytes,    2005072 total
[2023-02-09T14:05:06.426+0000][68][gc,age      ] GC(143) - age  14:       6336 bytes,    2011408 total
[2023-02-09T14:05:06.426+0000][68][gc,age      ] GC(143) - age  15:        256 bytes,    2011664 total
[2023-02-09T14:05:06.426+0000][68][gc,heap     ] GC(143) Eden regions: 22->0(2)
[2023-02-09T14:05:06.427+0000][68][gc,heap     ] GC(143) Survivor regions: 1->1(3)
[2023-02-09T14:05:06.427+0000][68][gc,heap     ] GC(143) Old regions: 26->26
[2023-02-09T14:05:06.428+0000][68][gc,heap     ] GC(143) Archive regions: 2->2
[2023-02-09T14:05:06.428+0000][68][gc,heap     ] GC(143) Humongous regions: 2->2
[2023-02-09T14:05:06.429+0000][68][gc,metaspace] GC(143) Metaspace: 141810K(145024K)->141810K(145024K) NonClass: 123652K(124992K)->123652K(124992K) Class: 18157K(20032K)->18157K(20032K)
[2023-02-09T14:05:06.429+0000][68][gc          ] GC(143) Pause Young (Prepare Mixed) (G1 Evacuation Pause) 204M->115M(256M) 20.397ms
[2023-02-09T14:05:06.430+0000][68][gc,cpu      ] GC(143) User=0.01s Sys=0.00s Real=0.02s
[2023-02-09T14:05:06.430+0000][68][safepoint   ] Safepoint "G1CollectForAllocation", Time since last: 321595672 ns, Reaching safepoint: 75154 ns, At safepoint: 21226512 ns, Total: 21301666 ns
[2023-02-09T14:05:07.175+0000][68][gc,start    ] GC(144) Pause Young (Mixed) (G1 Evacuation Pause)
[2023-02-09T14:05:07.176+0000][68][gc,task     ] GC(144) Using 4 workers of 4 for evacuation
[2023-02-09T14:05:07.176+0000][68][gc,age      ] GC(144) Desired survivor size 2097152 bytes, new threshold 15 (max threshold 15)
[2023-02-09T14:05:07.185+0000][68][gc,phases   ] GC(144)   Pre Evacuate Collection Set: 0.1ms
[2023-02-09T14:05:07.186+0000][68][gc,phases   ] GC(144)   Merge Heap Roots: 0.1ms
[2023-02-09T14:05:07.187+0000][68][gc,phases   ] GC(144)   Evacuate Collection Set: 6.6ms
[2023-02-09T14:05:07.187+0000][68][gc,phases   ] GC(144)   Post Evacuate Collection Set: 1.3ms
[2023-02-09T14:05:07.188+0000][68][gc,phases   ] GC(144)   Other: 1.4ms
[2023-02-09T14:05:07.188+0000][68][gc,age      ] GC(144) Age table with threshold 15 (max threshold 15)
[2023-02-09T14:05:07.189+0000][68][gc,age      ] GC(144) - age   1:     387864 bytes,     387864 total
[2023-02-09T14:05:07.189+0000][68][gc,age      ] GC(144) - age   2:     988696 bytes,    1376560 total
[2023-02-09T14:05:07.190+0000][68][gc,age      ] GC(144) - age   3:     191768 bytes,    1568328 total
[2023-02-09T14:05:07.190+0000][68][gc,age      ] GC(144) - age   4:     473256 bytes,    2041584 total
[2023-02-09T14:05:07.191+0000][68][gc,age      ] GC(144) - age   5:      26864 bytes,    2068448 total
[2023-02-09T14:05:07.191+0000][68][gc,age      ] GC(144) - age   7:       7216 bytes,    2075664 total
[2023-02-09T14:05:07.192+0000][68][gc,age      ] GC(144) - age   8:       1872 bytes,    2077536 total
[2023-02-09T14:05:07.192+0000][68][gc,age      ] GC(144) - age   9:       1440 bytes,    2078976 total
[2023-02-09T14:05:07.193+0000][68][gc,age      ] GC(144) - age  10:       4512 bytes,    2083488 total
[2023-02-09T14:05:07.193+0000][68][gc,age      ] GC(144) - age  11:         88 bytes,    2083576 total
[2023-02-09T14:05:07.194+0000][68][gc,age      ] GC(144) - age  12:       1720 bytes,    2085296 total
[2023-02-09T14:05:07.194+0000][68][gc,age      ] GC(144) - age  13:     134800 bytes,    2220096 total
[2023-02-09T14:05:07.194+0000][68][gc,age      ] GC(144) - age  14:      10080 bytes,    2230176 total
[2023-02-09T14:05:07.195+0000][68][gc,age      ] GC(144) - age  15:       6336 bytes,    2236512 total
[2023-02-09T14:05:07.195+0000][68][gc,heap     ] GC(144) Eden regions: 2->0(22)
[2023-02-09T14:05:07.195+0000][68][gc,heap     ] GC(144) Survivor regions: 1->1(1)
[2023-02-09T14:05:07.196+0000][68][gc,heap     ] GC(144) Old regions: 26->26
[2023-02-09T14:05:07.196+0000][68][gc,heap     ] GC(144) Archive regions: 2->2
[2023-02-09T14:05:07.197+0000][68][gc,heap     ] GC(144) Humongous regions: 2->2
[2023-02-09T14:05:07.197+0000][68][gc,metaspace] GC(144) Metaspace: 141815K(145024K)->141815K(145024K) NonClass: 123657K(124992K)->123657K(124992K) Class: 18157K(20032K)->18157K(20032K)
[2023-02-09T14:05:07.197+0000][68][gc          ] GC(144) Pause Young (Mixed) (G1 Evacuation Pause) 123M->115M(256M) 22.408ms
[2023-02-09T14:05:07.198+0000][68][gc,cpu      ] GC(144) User=0.02s Sys=0.00s Real=0.02s
[2023-02-09T14:05:07.198+0000][68][safepoint   ] Safepoint "G1CollectForAllocation", Time since last: 744864402 ns, Reaching safepoint: 92426 ns, At safepoint: 23470375 ns, Total: 23562801 ns
[2023-02-09T14:05:15.207+0000][68][safepoint   ] Safepoint "Cleanup", Time since last: 8008643364 ns, Reaching safepoint: 135745 ns, At safepoint: 11124 ns, Total: 146869 ns
[2023-02-09T14:05:16.209+0000][68][safepoint   ] Safepoint "Cleanup", Time since last: 1001310966 ns, Reaching safepoint: 148621 ns, At safepoint: 4197 ns, Total: 152818 ns
[2023-02-09T14:05:19.212+0000][68][safepoint   ] Safepoint "Cleanup", Time since last: 3002523761 ns, Reaching safepoint: 560295 ns, At safepoint: 19727 ns, Total: 580022 ns
[2023-02-09T14:05:22.194+0000][68][safepoint   ] Safepoint "Cleanup", Time since last: 3002728941 ns, Reaching safepoint: 871871 ns, At safepoint: 30927 ns, Total: 902798 ns
[2023-02-09T14:05:24.197+0000][68][safepoint   ] Safepoint "Cleanup", Time since last: 2002909305 ns, Reaching safepoint: 66592 ns, At safepoint: 3856 ns, Total: 70448 ns
[2023-02-09T14:05:27.085+0000][68][gc,start    ] GC(145) Pause Young (Normal) (G1 Evacuation Pause)
[2023-02-09T14:05:27.085+0000][68][gc,task     ] GC(145) Using 4 workers of 4 for evacuation
[2023-02-09T14:05:27.086+0000][68][gc,age      ] GC(145) Desired survivor size 6291456 bytes, new threshold 15 (max threshold 15)
[2023-02-09T14:05:27.089+0000][68][gc,phases   ] GC(145)   Pre Evacuate Collection Set: 0.1ms
[2023-02-09T14:05:27.090+0000][68][gc,phases   ] GC(145)   Merge Heap Roots: 0.1ms
[2023-02-09T14:05:27.090+0000][68][gc,phases   ] GC(145)   Evacuate Collection Set: 1.7ms
[2023-02-09T14:05:27.091+0000][68][gc,phases   ] GC(145)   Post Evacuate Collection Set: 0.8ms
[2023-02-09T14:05:27.091+0000][68][gc,phases   ] GC(145)   Other: 1.1ms
[2023-02-09T14:05:27.092+0000][68][gc,age      ] GC(145) Age table with threshold 15 (max threshold 15)
[2023-02-09T14:05:27.092+0000][68][gc,age      ] GC(145) - age   1:    1610048 bytes,    1610048 total
[2023-02-09T14:05:27.092+0000][68][gc,age      ] GC(145) - age   2:       1904 bytes,    1611952 total
[2023-02-09T14:05:27.093+0000][68][gc,age      ] GC(145) - age   3:     321680 bytes,    1933632 total
[2023-02-09T14:05:27.094+0000][68][gc,age      ] GC(145) - age   4:     189872 bytes,    2123504 total
[2023-02-09T14:05:27.095+0000][68][gc,age      ] GC(145) - age   5:     473192 bytes,    2596696 total
[2023-02-09T14:05:27.095+0000][68][gc,age      ] GC(145) - age   6:      26800 bytes,    2623496 total
[2023-02-09T14:05:27.096+0000][68][gc,age      ] GC(145) - age   8:       7216 bytes,    2630712 total
[2023-02-09T14:05:27.097+0000][68][gc,age      ] GC(145) - age   9:       1872 bytes,    2632584 total
[2023-02-09T14:05:27.097+0000][68][gc,age      ] GC(145) - age  10:       1440 bytes,    2634024 total
[2023-02-09T14:05:27.098+0000][68][gc,age      ] GC(145) - age  11:       4512 bytes,    2638536 total
[2023-02-09T14:05:27.098+0000][68][gc,age      ] GC(145) - age  12:         88 bytes,    2638624 total
[2023-02-09T14:05:27.099+0000][68][gc,age      ] GC(145) - age  13:       1720 bytes,    2640344 total
[2023-02-09T14:05:27.099+0000][68][gc,age      ] GC(145) - age  14:     134800 bytes,    2775144 total
[2023-02-09T14:05:27.100+0000][68][gc,age      ] GC(145) - age  15:      10080 bytes,    2785224 total
[2023-02-09T14:05:27.100+0000][68][gc,heap     ] GC(145) Eden regions: 22->0(21)
[2023-02-09T14:05:27.101+0000][68][gc,heap     ] GC(145) Survivor regions: 1->1(3)
[2023-02-09T14:05:27.101+0000][68][gc,heap     ] GC(145) Old regions: 26->26
[2023-02-09T14:05:27.101+0000][68][gc,heap     ] GC(145) Archive regions: 2->2
[2023-02-09T14:05:27.102+0000][68][gc,heap     ] GC(145) Humongous regions: 2->2
[2023-02-09T14:05:27.102+0000][68][gc,metaspace] GC(145) Metaspace: 141818K(145024K)->141818K(145024K) NonClass: 123661K(124992K)->123661K(124992K) Class: 18157K(20032K)->18157K(20032K)
[2023-02-09T14:05:27.103+0000][68][gc          ] GC(145) Pause Young (Normal) (G1 Evacuation Pause) 203M->115M(256M) 17.819ms
[2023-02-09T14:05:27.103+0000][68][gc,cpu      ] GC(145) User=0.00s Sys=0.00s Real=0.02s
[2023-02-09T14:05:27.104+0000][68][safepoint   ] Safepoint "G1CollectForAllocation", Time since last: 2887964034 ns, Reaching safepoint: 182139 ns, At safepoint: 18839337 ns, Total: 19021476 ns
[2023-02-09T14:05:29.108+0000][68][safepoint   ] Safepoint "Cleanup", Time since last: 2004028827 ns, Reaching safepoint: 532860 ns, At safepoint: 19209 ns, Total: 552069 ns
[2023-02-09T14:05:33.113+0000][68][safepoint   ] Safepoint "Cleanup", Time since last: 4004485773 ns, Reaching safepoint: 159415 ns, At safepoint: 5410 ns, Total: 164825 ns
[2023-02-09T14:05:35.116+0000][68][safepoint   ] Safepoint "Cleanup", Time since last: 2002515446 ns, Reaching safepoint: 409655 ns, At safepoint: 21224 ns, Total: 430879 ns
[2023-02-09T14:05:36.118+0000][68][safepoint   ] Safepoint "Cleanup", Time since last: 1001983767 ns, Reaching safepoint: 285529 ns, At safepoint: 10409 ns, Total: 295938 ns
[2023-02-09T14:05:45.127+0000][68][safepoint   ] Safepoint "Cleanup", Time since last: 9008739287 ns, Reaching safepoint: 208398 ns, At safepoint: 12486 ns, Total: 220884 ns
[2023-02-09T14:05:46.129+0000][68][safepoint   ] Safepoint "Cleanup", Time since last: 1001693893 ns, Reaching safepoint: 604246 ns, At safepoint: 28559 ns, Total: 632805 ns
[2023-02-09T14:05:48.135+0000][68][safepoint   ] Safepoint "Cleanup", Time since last: 2005309379 ns, Reaching safepoint: 697010 ns, At safepoint: 18510 ns, Total: 715520 ns
[2023-02-09T14:05:51.377+0000][68][gc,start    ] GC(146) Pause Young (Normal) (G1 Evacuation Pause)
[2023-02-09T14:05:51.378+0000][68][gc,task     ] GC(146) Using 4 workers of 4 for evacuation
[2023-02-09T14:05:51.379+0000][68][gc,age      ] GC(146) Desired survivor size 6291456 bytes, new threshold 15 (max threshold 15)
[2023-02-09T14:05:51.383+0000][68][gc,phases   ] GC(146)   Pre Evacuate Collection Set: 0.2ms
[2023-02-09T14:05:51.383+0000][68][gc,phases   ] GC(146)   Merge Heap Roots: 0.2ms
[2023-02-09T14:05:51.384+0000][68][gc,phases   ] GC(146)   Evacuate Collection Set: 2.0ms
[2023-02-09T14:05:51.385+0000][68][gc,phases   ] GC(146)   Post Evacuate Collection Set: 0.9ms
[2023-02-09T14:05:51.385+0000][68][gc,phases   ] GC(146)   Other: 1.5ms
[2023-02-09T14:05:51.386+0000][68][gc,age      ] GC(146) Age table with threshold 15 (max threshold 15)
[2023-02-09T14:05:51.387+0000][68][gc,age      ] GC(146) - age   1:    1933704 bytes,    1933704 total
[2023-02-09T14:05:51.388+0000][68][gc,age      ] GC(146) - age   2:     156016 bytes,    2089720 total
[2023-02-09T14:05:51.388+0000][68][gc,age      ] GC(146) - age   3:        304 bytes,    2090024 total
[2023-02-09T14:05:51.389+0000][68][gc,age      ] GC(146) - age   4:     165032 bytes,    2255056 total
[2023-02-09T14:05:51.389+0000][68][gc,age      ] GC(146) - age   5:     187288 bytes,    2442344 total
[2023-02-09T14:05:51.390+0000][68][gc,age      ] GC(146) - age   6:     320712 bytes,    2763056 total
[2023-02-09T14:05:51.390+0000][68][gc,age      ] GC(146) - age   7:      18784 bytes,    2781840 total
[2023-02-09T14:05:51.391+0000][68][gc,age      ] GC(146) - age   9:       7216 bytes,    2789056 total
[2023-02-09T14:05:51.391+0000][68][gc,age      ] GC(146) - age  10:       1872 bytes,    2790928 total
[2023-02-09T14:05:51.392+0000][68][gc,age      ] GC(146) - age  11:       1440 bytes,    2792368 total
[2023-02-09T14:05:51.392+0000][68][gc,age      ] GC(146) - age  12:       4512 bytes,    2796880 total
[2023-02-09T14:05:51.392+0000][68][gc,age      ] GC(146) - age  13:         88 bytes,    2796968 total
[2023-02-09T14:05:51.393+0000][68][gc,age      ] GC(146) - age  14:       1720 bytes,    2798688 total
[2023-02-09T14:05:51.393+0000][68][gc,age      ] GC(146) - age  15:     134800 bytes,    2933488 total
[2023-02-09T14:05:51.394+0000][68][gc,heap     ] GC(146) Eden regions: 21->0(21)
[2023-02-09T14:05:51.394+0000][68][gc,heap     ] GC(146) Survivor regions: 1->1(3)
[2023-02-09T14:05:51.395+0000][68][gc,heap     ] GC(146) Old regions: 26->26
[2023-02-09T14:05:51.395+0000][68][gc,heap     ] GC(146) Archive regions: 2->2
[2023-02-09T14:05:51.396+0000][68][gc,heap     ] GC(146) Humongous regions: 2->2
[2023-02-09T14:05:51.396+0000][68][gc,metaspace] GC(146) Metaspace: 141840K(145024K)->141840K(145024K) NonClass: 123682K(124992K)->123682K(124992K) Class: 18157K(20032K)->18157K(20032K)
[2023-02-09T14:05:51.397+0000][68][gc          ] GC(146) Pause Young (Normal) (G1 Evacuation Pause) 199M->116M(256M) 19.809ms
[2023-02-09T14:05:51.397+0000][68][gc,cpu      ] GC(146) User=0.01s Sys=0.00s Real=0.02s
[2023-02-09T14:05:51.398+0000][68][safepoint   ] Safepoint "G1CollectForAllocation", Time since last: 3265278839 ns, Reaching safepoint: 208927 ns, At safepoint: 20901433 ns, Total: 21110360 ns
[2023-02-09T14:05:52.399+0000][68][safepoint   ] Safepoint "Cleanup", Time since last: 1000818096 ns, Reaching safepoint: 148918 ns, At safepoint: 4401 ns, Total: 153319 ns
[2023-02-09T14:05:54.402+0000][68][safepoint   ] Safepoint "Cleanup", Time since last: 2003298862 ns, Reaching safepoint: 235998 ns, At safepoint: 22275 ns, Total: 258273 ns
[2023-02-09T14:05:57.407+0000][68][safepoint   ] Safepoint "Cleanup", Time since last: 3004539413 ns, Reaching safepoint: 128319 ns, At safepoint: 9332 ns, Total: 137651 ns
[2023-02-09T14:05:59.408+0000][68][safepoint   ] Safepoint "Cleanup", Time since last: 2001227011 ns, Reaching safepoint: 139969 ns, At safepoint: 3447 ns, Total: 143416 ns
[2023-02-09T14:06:00.410+0000][68][safepoint   ] Safepoint "Cleanup", Time since last: 1001164578 ns, Reaching safepoint: 102893 ns, At safepoint: 3389 ns, Total: 106282 ns
[2023-02-09T14:06:03.416+0000][68][safepoint   ] Safepoint "Cleanup", Time since last: 3005618381 ns, Reaching safepoint: 259931 ns, At safepoint: 11849 ns, Total: 271780 ns
[2023-02-09T14:06:06.422+0000][68][safepoint   ] Safepoint "Cleanup", Time since last: 3006555128 ns, Reaching safepoint: 116949 ns, At safepoint: 13919 ns, Total: 130868 ns
[2023-02-09T14:06:07.424+0000][68][safepoint   ] Safepoint "Cleanup", Time since last: 1001641909 ns, Reaching safepoint: 303050 ns, At safepoint: 12664 ns, Total: 315714 ns
[2023-02-09T14:06:09.428+0000][68][safepoint   ] Safepoint "Cleanup", Time since last: 2004125344 ns, Reaching safepoint: 72986 ns, At safepoint: 2960 ns, Total: 75946 ns
[2023-02-09T14:06:10.411+0000][68][gc,start    ] GC(147) Pause Young (Concurrent Start) (G1 Evacuation Pause)
[2023-02-09T14:06:10.412+0000][68][gc,task     ] GC(147) Using 4 workers of 4 for evacuation
[2023-02-09T14:06:10.412+0000][68][gc,age      ] GC(147) Desired survivor size 6291456 bytes, new threshold 15 (max threshold 15)
[2023-02-09T14:06:10.416+0000][68][gc,phases   ] GC(147)   Pre Evacuate Collection Set: 0.3ms
[2023-02-09T14:06:10.417+0000][68][gc,phases   ] GC(147)   Merge Heap Roots: 0.1ms
[2023-02-09T14:06:10.417+0000][68][gc,phases   ] GC(147)   Evacuate Collection Set: 2.5ms
[2023-02-09T14:06:10.418+0000][68][gc,phases   ] GC(147)   Post Evacuate Collection Set: 0.8ms
[2023-02-09T14:06:10.418+0000][68][gc,phases   ] GC(147)   Other: 0.8ms
[2023-02-09T14:06:10.419+0000][68][gc,age      ] GC(147) Age table with threshold 15 (max threshold 15)
[2023-02-09T14:06:10.419+0000][68][gc,age      ] GC(147) - age   1:    1663888 bytes,    1663888 total
[2023-02-09T14:06:10.420+0000][68][gc,age      ] GC(147) - age   2:     164432 bytes,    1828320 total
[2023-02-09T14:06:10.420+0000][68][gc,age      ] GC(147) - age   3:     137592 bytes,    1965912 total
[2023-02-09T14:06:10.420+0000][68][gc,age      ] GC(147) - age   4:        240 bytes,    1966152 total
[2023-02-09T14:06:10.421+0000][68][gc,age      ] GC(147) - age   5:     162024 bytes,    2128176 total
[2023-02-09T14:06:10.421+0000][68][gc,age      ] GC(147) - age   6:     184752 bytes,    2312928 total
[2023-02-09T14:06:10.422+0000][68][gc,age      ] GC(147) - age   7:     320200 bytes,    2633128 total
[2023-02-09T14:06:10.422+0000][68][gc,age      ] GC(147) - age   8:      15240 bytes,    2648368 total
[2023-02-09T14:06:10.422+0000][68][gc,age      ] GC(147) - age  10:       7216 bytes,    2655584 total
[2023-02-09T14:06:10.423+0000][68][gc,age      ] GC(147) - age  11:       1872 bytes,    2657456 total
[2023-02-09T14:06:10.423+0000][68][gc,age      ] GC(147) - age  12:       1440 bytes,    2658896 total
[2023-02-09T14:06:10.424+0000][68][gc,age      ] GC(147) - age  13:       4512 bytes,    2663408 total
[2023-02-09T14:06:10.424+0000][68][gc,age      ] GC(147) - age  14:         88 bytes,    2663496 total
[2023-02-09T14:06:10.425+0000][68][gc,age      ] GC(147) - age  15:       1720 bytes,    2665216 total
[2023-02-09T14:06:10.425+0000][68][gc,heap     ] GC(147) Eden regions: 21->0(21)
[2023-02-09T14:06:10.426+0000][68][gc,heap     ] GC(147) Survivor regions: 1->1(3)
[2023-02-09T14:06:10.426+0000][68][gc,heap     ] GC(147) Old regions: 26->26
[2023-02-09T14:06:10.426+0000][68][gc,heap     ] GC(147) Archive regions: 2->2
[2023-02-09T14:06:10.427+0000][68][gc,heap     ] GC(147) Humongous regions: 2->2
[2023-02-09T14:06:10.427+0000][68][gc,metaspace] GC(147) Metaspace: 141888K(145024K)->141888K(145024K) NonClass: 123730K(124992K)->123730K(124992K) Class: 18158K(20032K)->18158K(20032K)
[2023-02-09T14:06:10.428+0000][68][gc          ] GC(147) Pause Young (Concurrent Start) (G1 Evacuation Pause) 200M->116M(256M) 16.513ms
[2023-02-09T14:06:10.428+0000][68][gc,cpu      ] GC(147) User=0.01s Sys=0.00s Real=0.02s
[2023-02-09T14:06:10.428+0000][68][gc          ] GC(148) Concurrent Mark Cycle
[2023-02-09T14:06:10.429+0000][68][gc,marking  ] GC(148) Concurrent Clear Claimed Marks
[2023-02-09T14:06:10.429+0000][68][safepoint   ] Safepoint "G1CollectForAllocation", Time since last: 982741771 ns, Reaching safepoint: 111797 ns, At safepoint: 17457189 ns, Total: 17568986 ns
[2023-02-09T14:06:10.430+0000][68][gc,marking  ] GC(148) Concurrent Clear Claimed Marks 0.523ms
[2023-02-09T14:06:10.431+0000][68][gc,marking  ] GC(148) Concurrent Scan Root Regions
[2023-02-09T14:06:10.434+0000][68][gc,marking  ] GC(148) Concurrent Scan Root Regions 3.067ms
[2023-02-09T14:06:10.434+0000][68][gc,marking  ] GC(148) Concurrent Mark
[2023-02-09T14:06:10.435+0000][68][gc,marking  ] GC(148) Concurrent Mark From Roots
[2023-02-09T14:06:10.435+0000][68][gc,task     ] GC(148) Using 1 workers of 1 for marking
[2023-02-09T14:06:10.545+0000][68][gc,marking  ] GC(148) Concurrent Mark From Roots 110.400ms
[2023-02-09T14:06:10.548+0000][68][gc,marking  ] GC(148) Concurrent Preclean
[2023-02-09T14:06:10.549+0000][68][gc,marking  ] GC(148) Concurrent Preclean 1.228ms
[2023-02-09T14:06:10.550+0000][68][gc,start    ] GC(148) Pause Remark
[2023-02-09T14:06:10.559+0000][68][gc          ] GC(148) Pause Remark 117M->117M(256M) 8.730ms
[2023-02-09T14:06:10.559+0000][68][gc,cpu      ] GC(148) User=0.03s Sys=0.00s Real=0.01s
[2023-02-09T14:06:10.560+0000][68][safepoint   ] Safepoint "G1PauseRemark", Time since last: 120962311 ns, Reaching safepoint: 125357 ns, At safepoint: 10082480 ns, Total: 10207837 ns
[2023-02-09T14:06:10.560+0000][68][gc,marking  ] GC(148) Concurrent Mark 126.210ms
[2023-02-09T14:06:10.561+0000][68][gc,marking  ] GC(148) Concurrent Rebuild Remembered Sets
[2023-02-09T14:06:10.616+0000][68][gc,marking  ] GC(148) Concurrent Rebuild Remembered Sets 54.724ms
[2023-02-09T14:06:10.617+0000][68][gc,start    ] GC(148) Pause Cleanup
[2023-02-09T14:06:10.618+0000][68][gc          ] GC(148) Pause Cleanup 117M->117M(256M) 0.938ms
[2023-02-09T14:06:10.619+0000][68][gc,cpu      ] GC(148) User=0.00s Sys=0.00s Real=0.00s
[2023-02-09T14:06:10.619+0000][68][safepoint   ] Safepoint "G1PauseCleanup", Time since last: 57124823 ns, Reaching safepoint: 122736 ns, At safepoint: 1835791 ns, Total: 1958527 ns
[2023-02-09T14:06:10.619+0000][68][gc,marking  ] GC(148) Concurrent Cleanup for Next Mark
[2023-02-09T14:06:10.620+0000][68][gc,marking  ] GC(148) Concurrent Cleanup for Next Mark 0.751ms
[2023-02-09T14:06:10.621+0000][68][gc          ] GC(148) Concurrent Mark Cycle 192.439ms
[2023-02-09T14:06:15.626+0000][68][safepoint   ] Safepoint "Cleanup", Time since last: 5006550278 ns, Reaching safepoint: 232378 ns, At safepoint: 8606 ns, Total: 240984 ns
[2023-02-09T14:06:18.636+0000][68][safepoint   ] Safepoint "Cleanup", Time since last: 3010119190 ns, Reaching safepoint: 285068 ns, At safepoint: 9439 ns, Total: 294507 ns
[2023-02-09T14:06:21.615+0000][68][safepoint   ] Safepoint "Cleanup", Time since last: 3005149054 ns, Reaching safepoint: 73797 ns, At safepoint: 3790 ns, Total: 77587 ns
[2023-02-09T14:06:22.616+0000][68][safepoint   ] Safepoint "Cleanup", Time since last: 1000883117 ns, Reaching safepoint: 224553 ns, At safepoint: 5535 ns, Total: 230088 ns
[2023-02-09T14:06:24.620+0000][68][safepoint   ] Safepoint "Cleanup", Time since last: 2004029087 ns, Reaching safepoint: 305538 ns, At safepoint: 8194 ns, Total: 313732 ns
[2023-02-09T14:06:25.624+0000][68][safepoint   ] Safepoint "Cleanup", Time since last: 1002989249 ns, Reaching safepoint: 493343 ns, At safepoint: 7458 ns, Total: 500801 ns
[2023-02-09T14:06:27.628+0000][68][safepoint   ] Safepoint "Cleanup", Time since last: 2003987626 ns, Reaching safepoint: 432290 ns, At safepoint: 15801 ns, Total: 448091 ns
[2023-02-09T14:06:29.636+0000][68][safepoint   ] Safepoint "Cleanup", Time since last: 2006641756 ns, Reaching safepoint: 767292 ns, At safepoint: 19413 ns, Total: 786705 ns
[2023-02-09T14:06:30.642+0000][68][safepoint   ] Safepoint "Cleanup", Time since last: 1006272474 ns, Reaching safepoint: 517615 ns, At safepoint: 19813 ns, Total: 537428 ns
[2023-02-09T14:06:32.646+0000][68][safepoint   ] Safepoint "Cleanup", Time since last: 2003305503 ns, Reaching safepoint: 416732 ns, At safepoint: 16215 ns, Total: 432947 ns
[2023-02-09T14:06:33.651+0000][68][safepoint   ] Safepoint "Cleanup", Time since last: 1003787870 ns, Reaching safepoint: 631016 ns, At safepoint: 15715 ns, Total: 646731 ns
[2023-02-09T14:06:34.327+0000][68][gc,start    ] GC(149) Pause Young (Prepare Mixed) (G1 Evacuation Pause)
[2023-02-09T14:06:34.327+0000][68][gc,task     ] GC(149) Using 4 workers of 4 for evacuation
[2023-02-09T14:06:34.328+0000][68][gc,age      ] GC(149) Desired survivor size 6291456 bytes, new threshold 15 (max threshold 15)
[2023-02-09T14:06:34.331+0000][68][gc,phases   ] GC(149)   Pre Evacuate Collection Set: 0.2ms
[2023-02-09T14:06:34.332+0000][68][gc,phases   ] GC(149)   Merge Heap Roots: 0.1ms
[2023-02-09T14:06:34.332+0000][68][gc,phases   ] GC(149)   Evacuate Collection Set: 1.9ms
[2023-02-09T14:06:34.333+0000][68][gc,phases   ] GC(149)   Post Evacuate Collection Set: 0.6ms
[2023-02-09T14:06:34.334+0000][68][gc,phases   ] GC(149)   Other: 1.1ms
[2023-02-09T14:06:34.335+0000][68][gc,age      ] GC(149) Age table with threshold 15 (max threshold 15)
[2023-02-09T14:06:34.335+0000][68][gc,age      ] GC(149) - age   1:    1006664 bytes,    1006664 total
[2023-02-09T14:06:34.336+0000][68][gc,age      ] GC(149) - age   2:     391632 bytes,    1398296 total
[2023-02-09T14:06:34.336+0000][68][gc,age      ] GC(149) - age   3:       2584 bytes,    1400880 total
[2023-02-09T14:06:34.337+0000][68][gc,age      ] GC(149) - age   4:        544 bytes,    1401424 total
[2023-02-09T14:06:34.337+0000][68][gc,age      ] GC(149) - age   5:        240 bytes,    1401664 total
[2023-02-09T14:06:34.338+0000][68][gc,age      ] GC(149) - age   6:       6152 bytes,    1407816 total
[2023-02-09T14:06:34.338+0000][68][gc,age      ] GC(149) - age   7:      30400 bytes,    1438216 total
[2023-02-09T14:06:34.338+0000][68][gc,age      ] GC(149) - age   8:     185320 bytes,    1623536 total
[2023-02-09T14:06:34.339+0000][68][gc,age      ] GC(149) - age   9:      15240 bytes,    1638776 total
[2023-02-09T14:06:34.339+0000][68][gc,age      ] GC(149) - age  11:       7216 bytes,    1645992 total
[2023-02-09T14:06:34.340+0000][68][gc,age      ] GC(149) - age  12:       1688 bytes,    1647680 total
[2023-02-09T14:06:34.341+0000][68][gc,age      ] GC(149) - age  13:       1440 bytes,    1649120 total
[2023-02-09T14:06:34.341+0000][68][gc,age      ] GC(149) - age  14:       4512 bytes,    1653632 total
[2023-02-09T14:06:34.342+0000][68][gc,age      ] GC(149) - age  15:         88 bytes,    1653720 total
[2023-02-09T14:06:34.342+0000][68][gc,heap     ] GC(149) Eden regions: 21->0(2)
[2023-02-09T14:06:34.342+0000][68][gc,heap     ] GC(149) Survivor regions: 1->1(3)
[2023-02-09T14:06:34.343+0000][68][gc,heap     ] GC(149) Old regions: 26->26
[2023-02-09T14:06:34.343+0000][68][gc,heap     ] GC(149) Archive regions: 2->2
[2023-02-09T14:06:34.344+0000][68][gc,heap     ] GC(149) Humongous regions: 2->2
[2023-02-09T14:06:34.344+0000][68][gc,metaspace] GC(149) Metaspace: 141897K(145024K)->141897K(145024K) NonClass: 123738K(124992K)->123738K(124992K) Class: 18158K(20032K)->18158K(20032K)
[2023-02-09T14:06:34.345+0000][68][gc          ] GC(149) Pause Young (Prepare Mixed) (G1 Evacuation Pause) 200M->115M(256M) 18.383ms
[2023-02-09T14:06:34.346+0000][68][gc,cpu      ] GC(149) User=0.01s Sys=0.00s Real=0.02s
[2023-02-09T14:06:34.347+0000][68][safepoint   ] Safepoint "G1CollectForAllocation", Time since last: 675856460 ns, Reaching safepoint: 76984 ns, At safepoint: 20071725 ns, Total: 20148709 ns
[2023-02-09T14:06:39.044+0000][68][gc,start    ] GC(150) Pause Young (Mixed) (G1 Evacuation Pause)
[2023-02-09T14:06:39.045+0000][68][gc,task     ] GC(150) Using 4 workers of 4 for evacuation
[2023-02-09T14:06:39.046+0000][68][gc,age      ] GC(150) Desired survivor size 2097152 bytes, new threshold 15 (max threshold 15)
[2023-02-09T14:06:39.057+0000][68][gc,phases   ] GC(150)   Pre Evacuate Collection Set: 0.1ms
[2023-02-09T14:06:39.058+0000][68][gc,phases   ] GC(150)   Merge Heap Roots: 0.2ms
[2023-02-09T14:06:39.059+0000][68][gc,phases   ] GC(150)   Evacuate Collection Set: 9.5ms
[2023-02-09T14:06:39.059+0000][68][gc,phases   ] GC(150)   Post Evacuate Collection Set: 1.0ms
[2023-02-09T14:06:39.060+0000][68][gc,phases   ] GC(150)   Other: 1.4ms
[2023-02-09T14:06:39.060+0000][68][gc,age      ] GC(150) Age table with threshold 15 (max threshold 15)
[2023-02-09T14:06:39.061+0000][68][gc,age      ] GC(150) - age   1:     355584 bytes,     355584 total
[2023-02-09T14:06:39.061+0000][68][gc,age      ] GC(150) - age   2:     855616 bytes,    1211200 total
[2023-02-09T14:06:39.061+0000][68][gc,age      ] GC(150) - age   3:     385784 bytes,    1596984 total
[2023-02-09T14:06:39.062+0000][68][gc,age      ] GC(150) - age   4:       2552 bytes,    1599536 total
[2023-02-09T14:06:39.062+0000][68][gc,age      ] GC(150) - age   5:        544 bytes,    1600080 total
[2023-02-09T14:06:39.064+0000][68][gc,age      ] GC(150) - age   6:        240 bytes,    1600320 total
[2023-02-09T14:06:39.064+0000][68][gc,age      ] GC(150) - age   7:       6152 bytes,    1606472 total
[2023-02-09T14:06:39.064+0000][68][gc,age      ] GC(150) - age   8:      30400 bytes,    1636872 total
[2023-02-09T14:06:39.065+0000][68][gc,age      ] GC(150) - age   9:     185320 bytes,    1822192 total
[2023-02-09T14:06:39.065+0000][68][gc,age      ] GC(150) - age  10:      15240 bytes,    1837432 total
[2023-02-09T14:06:39.065+0000][68][gc,age      ] GC(150) - age  12:       7216 bytes,    1844648 total
[2023-02-09T14:06:39.066+0000][68][gc,age      ] GC(150) - age  13:       1688 bytes,    1846336 total
[2023-02-09T14:06:39.066+0000][68][gc,age      ] GC(150) - age  14:       1440 bytes,    1847776 total
[2023-02-09T14:06:39.067+0000][68][gc,age      ] GC(150) - age  15:       4512 bytes,    1852288 total
[2023-02-09T14:06:39.067+0000][68][gc,heap     ] GC(150) Eden regions: 2->0(21)
[2023-02-09T14:06:39.067+0000][68][gc,heap     ] GC(150) Survivor regions: 1->1(1)
[2023-02-09T14:06:39.068+0000][68][gc,heap     ] GC(150) Old regions: 26->26
[2023-02-09T14:06:39.068+0000][68][gc,heap     ] GC(150) Archive regions: 2->2
[2023-02-09T14:06:39.068+0000][68][gc,heap     ] GC(150) Humongous regions: 2->2
[2023-02-09T14:06:39.069+0000][68][gc,metaspace] GC(150) Metaspace: 141897K(145024K)->141897K(145024K) NonClass: 123738K(124992K)->123738K(124992K) Class: 18158K(20032K)->18158K(20032K)
[2023-02-09T14:06:39.069+0000][68][gc          ] GC(150) Pause Young (Mixed) (G1 Evacuation Pause) 123M->114M(256M) 24.998ms
[2023-02-09T14:06:39.070+0000][68][gc,cpu      ] GC(150) User=0.03s Sys=0.00s Real=0.03s
[2023-02-09T14:06:39.070+0000][68][safepoint   ] Safepoint "G1CollectForAllocation", Time since last: 4697166313 ns, Reaching safepoint: 291510 ns, At safepoint: 25862295 ns, Total: 26153805 ns
[2023-02-09T14:06:57.060+0000][68][safepoint   ] Safepoint "Cleanup", Time since last: 18011589920 ns, Reaching safepoint: 96271 ns, At safepoint: 3527 ns, Total: 99798 ns
[2023-02-09T14:06:58.061+0000][68][safepoint   ] Safepoint "Cleanup", Time since last: 1000985662 ns, Reaching safepoint: 223397 ns, At safepoint: 8240 ns, Total: 231637 ns
[2023-02-09T14:07:03.067+0000][68][safepoint   ] Safepoint "Cleanup", Time since last: 5005676509 ns, Reaching safepoint: 138015 ns, At safepoint: 5069 ns, Total: 143084 ns
[2023-02-09T14:07:04.180+0000][68][gc,start    ] GC(151) Pause Young (Normal) (G1 Evacuation Pause)
[2023-02-09T14:07:04.180+0000][68][gc,task     ] GC(151) Using 4 workers of 4 for evacuation
[2023-02-09T14:07:04.181+0000][68][gc,age      ] GC(151) Desired survivor size 6291456 bytes, new threshold 15 (max threshold 15)
[2023-02-09T14:07:04.186+0000][68][gc,phases   ] GC(151)   Pre Evacuate Collection Set: 0.1ms
[2023-02-09T14:07:04.186+0000][68][gc,phases   ] GC(151)   Merge Heap Roots: 0.1ms
[2023-02-09T14:07:04.187+0000][68][gc,phases   ] GC(151)   Evacuate Collection Set: 2.9ms
[2023-02-09T14:07:04.188+0000][68][gc,phases   ] GC(151)   Post Evacuate Collection Set: 0.8ms
[2023-02-09T14:07:04.188+0000][68][gc,phases   ] GC(151)   Other: 1.6ms
[2023-02-09T14:07:04.189+0000][68][gc,age      ] GC(151) Age table with threshold 15 (max threshold 15)
[2023-02-09T14:07:04.189+0000][68][gc,age      ] GC(151) - age   1:    1180000 bytes,    1180000 total
[2023-02-09T14:07:04.190+0000][68][gc,age      ] GC(151) - age   2:       5632 bytes,    1185632 total
[2023-02-09T14:07:04.190+0000][68][gc,age      ] GC(151) - age   3:     228656 bytes,    1414288 total
[2023-02-09T14:07:04.191+0000][68][gc,age      ] GC(151) - age   4:     383840 bytes,    1798128 total
[2023-02-09T14:07:04.191+0000][68][gc,age      ] GC(151) - age   5:       2360 bytes,    1800488 total
[2023-02-09T14:07:04.192+0000][68][gc,age      ] GC(151) - age   6:        480 bytes,    1800968 total
[2023-02-09T14:07:04.193+0000][68][gc,age      ] GC(151) - age   7:        240 bytes,    1801208 total
[2023-02-09T14:07:04.193+0000][68][gc,age      ] GC(151) - age   8:       6152 bytes,    1807360 total
[2023-02-09T14:07:04.195+0000][68][gc,age      ] GC(151) - age   9:      30400 bytes,    1837760 total
[2023-02-09T14:07:04.195+0000][68][gc,age      ] GC(151) - age  10:     185320 bytes,    2023080 total
[2023-02-09T14:07:04.196+0000][68][gc,age      ] GC(151) - age  11:      15240 bytes,    2038320 total
[2023-02-09T14:07:04.196+0000][68][gc,age      ] GC(151) - age  13:       7216 bytes,    2045536 total
[2023-02-09T14:07:04.197+0000][68][gc,age      ] GC(151) - age  14:       1688 bytes,    2047224 total
[2023-02-09T14:07:04.197+0000][68][gc,age      ] GC(151) - age  15:       1440 bytes,    2048664 total
[2023-02-09T14:07:04.198+0000][68][gc,heap     ] GC(151) Eden regions: 21->0(21)
[2023-02-09T14:07:04.199+0000][68][gc,heap     ] GC(151) Survivor regions: 1->1(3)
[2023-02-09T14:07:04.200+0000][68][gc,heap     ] GC(151) Old regions: 26->26
[2023-02-09T14:07:04.200+0000][68][gc,heap     ] GC(151) Archive regions: 2->2
[2023-02-09T14:07:04.201+0000][68][gc,heap     ] GC(151) Humongous regions: 2->2
[2023-02-09T14:07:04.201+0000][68][gc,metaspace] GC(151) Metaspace: 141904K(145024K)->141904K(145024K) NonClass: 123746K(124992K)->123746K(124992K) Class: 18158K(20032K)->18158K(20032K)
[2023-02-09T14:07:04.202+0000][68][gc          ] GC(151) Pause Young (Normal) (G1 Evacuation Pause) 198M->115M(256M) 22.578ms
[2023-02-09T14:07:04.203+0000][68][gc,cpu      ] GC(151) User=0.01s Sys=0.00s Real=0.02s
[2023-02-09T14:07:04.203+0000][68][safepoint   ] Safepoint "G1CollectForAllocation", Time since last: 1112909720 ns, Reaching safepoint: 84511 ns, At safepoint: 23821119 ns, Total: 23905630 ns
[2023-02-09T14:07:06.206+0000][68][safepoint   ] Safepoint "Cleanup", Time since last: 2001789285 ns, Reaching safepoint: 464657 ns, At safepoint: 12634 ns, Total: 477291 ns
[2023-02-09T14:07:07.210+0000][68][safepoint   ] Safepoint "Cleanup", Time since last: 1004029302 ns, Reaching safepoint: 409794 ns, At safepoint: 56239 ns, Total: 466033 ns
[2023-02-09T14:07:10.214+0000][68][safepoint   ] Safepoint "Cleanup", Time since last: 3003663555 ns, Reaching safepoint: 147869 ns, At safepoint: 5602 ns, Total: 153471 ns
[2023-02-09T14:07:13.217+0000][68][safepoint   ] Safepoint "Cleanup", Time since last: 3002044542 ns, Reaching safepoint: 487787 ns, At safepoint: 10689 ns, Total: 498476 ns
[2023-02-09T14:07:16.222+0000][68][safepoint   ] Safepoint "Cleanup", Time since last: 3005389181 ns, Reaching safepoint: 115525 ns, At safepoint: 3413 ns, Total: 118938 ns
[2023-02-09T14:07:17.229+0000][68][safepoint   ] Safepoint "Cleanup", Time since last: 1005519605 ns, Reaching safepoint: 1142501 ns, At safepoint: 36526 ns, Total: 1179027 ns
[2023-02-09T14:07:20.247+0000][68][safepoint   ] Safepoint "Cleanup", Time since last: 3018546642 ns, Reaching safepoint: 171376 ns, At safepoint: 4269 ns, Total: 175645 ns
[2023-02-09T14:07:21.228+0000][68][safepoint   ] Safepoint "Cleanup", Time since last: 1001681244 ns, Reaching safepoint: 385380 ns, At safepoint: 86191 ns, Total: 471571 ns
[2023-02-09T14:07:22.230+0000][68][safepoint   ] Safepoint "Cleanup", Time since last: 1001867340 ns, Reaching safepoint: 221878 ns, At safepoint: 14797 ns, Total: 236675 ns
[2023-02-09T14:07:27.235+0000][68][safepoint   ] Safepoint "Cleanup", Time since last: 5005185412 ns, Reaching safepoint: 101840 ns, At safepoint: 8271 ns, Total: 110111 ns
[2023-02-09T14:07:28.026+0000][68][gc,start    ] GC(152) Pause Young (Normal) (G1 Evacuation Pause)
[2023-02-09T14:07:28.026+0000][68][gc,task     ] GC(152) Using 4 workers of 4 for evacuation
[2023-02-09T14:07:28.027+0000][68][gc,age      ] GC(152) Desired survivor size 6291456 bytes, new threshold 15 (max threshold 15)
[2023-02-09T14:07:28.030+0000][68][gc,phases   ] GC(152)   Pre Evacuate Collection Set: 0.1ms
[2023-02-09T14:07:28.031+0000][68][gc,phases   ] GC(152)   Merge Heap Roots: 0.1ms
[2023-02-09T14:07:28.031+0000][68][gc,phases   ] GC(152)   Evacuate Collection Set: 1.7ms
[2023-02-09T14:07:28.031+0000][68][gc,phases   ] GC(152)   Post Evacuate Collection Set: 0.6ms
[2023-02-09T14:07:28.032+0000][68][gc,phases   ] GC(152)   Other: 1.1ms
[2023-02-09T14:07:28.033+0000][68][gc,age      ] GC(152) Age table with threshold 15 (max threshold 15)
[2023-02-09T14:07:28.034+0000][68][gc,age      ] GC(152) - age   1:    1225704 bytes,    1225704 total
[2023-02-09T14:07:28.034+0000][68][gc,age      ] GC(152) - age   2:     121272 bytes,    1346976 total
[2023-02-09T14:07:28.035+0000][68][gc,age      ] GC(152) - age   3:        280 bytes,    1347256 total
[2023-02-09T14:07:28.035+0000][68][gc,age      ] GC(152) - age   4:     227352 bytes,    1574608 total
[2023-02-09T14:07:28.036+0000][68][gc,age      ] GC(152) - age   5:     233784 bytes,    1808392 total
[2023-02-09T14:07:28.036+0000][68][gc,age      ] GC(152) - age   6:       2296 bytes,    1810688 total
[2023-02-09T14:07:28.037+0000][68][gc,age      ] GC(152) - age   7:        416 bytes,    1811104 total
[2023-02-09T14:07:28.037+0000][68][gc,age      ] GC(152) - age   8:        240 bytes,    1811344 total
[2023-02-09T14:07:28.038+0000][68][gc,age      ] GC(152) - age   9:       5816 bytes,    1817160 total
[2023-02-09T14:07:28.038+0000][68][gc,age      ] GC(152) - age  10:      26408 bytes,    1843568 total
[2023-02-09T14:07:28.039+0000][68][gc,age      ] GC(152) - age  11:     185320 bytes,    2028888 total
[2023-02-09T14:07:28.039+0000][68][gc,age      ] GC(152) - age  12:      15240 bytes,    2044128 total
[2023-02-09T14:07:28.040+0000][68][gc,age      ] GC(152) - age  14:       7216 bytes,    2051344 total
[2023-02-09T14:07:28.040+0000][68][gc,age      ] GC(152) - age  15:       1688 bytes,    2053032 total
[2023-02-09T14:07:28.041+0000][68][gc,heap     ] GC(152) Eden regions: 21->0(21)
[2023-02-09T14:07:28.041+0000][68][gc,heap     ] GC(152) Survivor regions: 1->1(3)
[2023-02-09T14:07:28.042+0000][68][gc,heap     ] GC(152) Old regions: 26->26
[2023-02-09T14:07:28.042+0000][68][gc,heap     ] GC(152) Archive regions: 2->2
[2023-02-09T14:07:28.043+0000][68][gc,heap     ] GC(152) Humongous regions: 2->2
[2023-02-09T14:07:28.043+0000][68][gc,metaspace] GC(152) Metaspace: 141918K(145024K)->141918K(145024K) NonClass: 123759K(124992K)->123759K(124992K) Class: 18158K(20032K)->18158K(20032K)
[2023-02-09T14:07:28.044+0000][68][gc          ] GC(152) Pause Young (Normal) (G1 Evacuation Pause) 199M->115M(256M) 18.012ms
[2023-02-09T14:07:28.044+0000][68][gc,cpu      ] GC(152) User=0.00s Sys=0.00s Real=0.02s
[2023-02-09T14:07:28.045+0000][68][safepoint   ] Safepoint "G1CollectForAllocation", Time since last: 790631250 ns, Reaching safepoint: 95148 ns, At safepoint: 19123200 ns, Total: 19218348 ns
[2023-02-09T14:07:30.046+0000][68][safepoint   ] Safepoint "Cleanup", Time since last: 2001297588 ns, Reaching safepoint: 165637 ns, At safepoint: 6262 ns, Total: 171899 ns
[2023-02-09T14:07:32.049+0000][68][safepoint   ] Safepoint "Cleanup", Time since last: 2002427503 ns, Reaching safepoint: 258729 ns, At safepoint: 9733 ns, Total: 268462 ns
[2023-02-09T14:07:36.056+0000][68][safepoint   ] Safepoint "Cleanup", Time since last: 4006616531 ns, Reaching safepoint: 719588 ns, At safepoint: 65542 ns, Total: 785130 ns
[2023-02-09T14:07:39.060+0000][68][safepoint   ] Safepoint "Cleanup", Time since last: 3003122619 ns, Reaching safepoint: 228958 ns, At safepoint: 45534 ns, Total: 274492 ns
[2023-02-09T14:07:51.002+0000][68][gc,start    ] GC(153) Pause Young (Concurrent Start) (G1 Evacuation Pause)
[2023-02-09T14:07:51.003+0000][68][gc,task     ] GC(153) Using 4 workers of 4 for evacuation
[2023-02-09T14:07:51.004+0000][68][gc,age      ] GC(153) Desired survivor size 6291456 bytes, new threshold 15 (max threshold 15)
[2023-02-09T14:07:51.011+0000][68][gc,phases   ] GC(153)   Pre Evacuate Collection Set: 0.6ms
[2023-02-09T14:07:51.012+0000][68][gc,phases   ] GC(153)   Merge Heap Roots: 0.3ms
[2023-02-09T14:07:51.013+0000][68][gc,phases   ] GC(153)   Evacuate Collection Set: 4.3ms
[2023-02-09T14:07:51.014+0000][68][gc,phases   ] GC(153)   Post Evacuate Collection Set: 1.4ms
[2023-02-09T14:07:51.014+0000][68][gc,phases   ] GC(153)   Other: 2.0ms
[2023-02-09T14:07:51.015+0000][68][gc,age      ] GC(153) Age table with threshold 15 (max threshold 15)
[2023-02-09T14:07:51.016+0000][68][gc,age      ] GC(153) - age   1:    1761936 bytes,    1761936 total
[2023-02-09T14:07:51.017+0000][68][gc,age      ] GC(153) - age   2:     151464 bytes,    1913400 total
[2023-02-09T14:07:51.017+0000][68][gc,age      ] GC(153) - age   3:       1232 bytes,    1914632 total
[2023-02-09T14:07:51.018+0000][68][gc,age      ] GC(153) - age   4:        280 bytes,    1914912 total
[2023-02-09T14:07:51.018+0000][68][gc,age      ] GC(153) - age   5:     194256 bytes,    2109168 total
[2023-02-09T14:07:51.019+0000][68][gc,age      ] GC(153) - age   6:     128424 bytes,    2237592 total
[2023-02-09T14:07:51.019+0000][68][gc,age      ] GC(153) - age   7:       2296 bytes,    2239888 total
[2023-02-09T14:07:51.020+0000][68][gc,age      ] GC(153) - age   8:        416 bytes,    2240304 total
[2023-02-09T14:07:51.020+0000][68][gc,age      ] GC(153) - age   9:        240 bytes,    2240544 total
[2023-02-09T14:07:51.021+0000][68][gc,age      ] GC(153) - age  10:       5816 bytes,    2246360 total
[2023-02-09T14:07:51.021+0000][68][gc,age      ] GC(153) - age  11:      26384 bytes,    2272744 total
[2023-02-09T14:07:51.022+0000][68][gc,age      ] GC(153) - age  12:     185320 bytes,    2458064 total
[2023-02-09T14:07:51.022+0000][68][gc,age      ] GC(153) - age  13:      15216 bytes,    2473280 total
[2023-02-09T14:07:51.022+0000][68][gc,age      ] GC(153) - age  15:       3480 bytes,    2476760 total
[2023-02-09T14:07:51.023+0000][68][gc,heap     ] GC(153) Eden regions: 21->0(21)
[2023-02-09T14:07:51.023+0000][68][gc,heap     ] GC(153) Survivor regions: 1->1(3)
[2023-02-09T14:07:51.024+0000][68][gc,heap     ] GC(153) Old regions: 26->26
[2023-02-09T14:07:51.024+0000][68][gc,heap     ] GC(153) Archive regions: 2->2
[2023-02-09T14:07:51.024+0000][68][gc,heap     ] GC(153) Humongous regions: 2->2
[2023-02-09T14:07:51.025+0000][68][gc,metaspace] GC(153) Metaspace: 141950K(145088K)->141950K(145088K) NonClass: 123791K(125056K)->123791K(125056K) Class: 18158K(20032K)->18158K(20032K)
[2023-02-09T14:07:51.025+0000][68][gc          ] GC(153) Pause Young (Concurrent Start) (G1 Evacuation Pause) 199M->115M(256M) 23.661ms
[2023-02-09T14:07:51.026+0000][68][gc          ] GC(154) Concurrent Mark Cycle
[2023-02-09T14:07:51.026+0000][68][gc,marking  ] GC(154) Concurrent Clear Claimed Marks
[2023-02-09T14:07:51.026+0000][68][gc,cpu      ] GC(153) User=0.01s Sys=0.00s Real=0.03s
[2023-02-09T14:07:51.027+0000][68][gc,marking  ] GC(154) Concurrent Clear Claimed Marks 0.902ms
[2023-02-09T14:07:51.029+0000][68][gc,marking  ] GC(154) Concurrent Scan Root Regions
[2023-02-09T14:07:51.028+0000][68][safepoint   ] Safepoint "G1CollectForAllocation", Time since last: 11963685959 ns, Reaching safepoint: 289840 ns, At safepoint: 26732350 ns, Total: 27022190 ns
[2023-02-09T14:07:51.032+0000][68][gc,marking  ] GC(154) Concurrent Scan Root Regions 2.998ms
[2023-02-09T14:07:51.032+0000][68][gc,marking  ] GC(154) Concurrent Mark
[2023-02-09T14:07:51.033+0000][68][gc,marking  ] GC(154) Concurrent Mark From Roots
[2023-02-09T14:07:51.033+0000][68][gc,task     ] GC(154) Using 1 workers of 1 for marking
[2023-02-09T14:07:51.176+0000][68][gc,marking  ] GC(154) Concurrent Mark From Roots 143.123ms
[2023-02-09T14:07:51.177+0000][68][gc,marking  ] GC(154) Concurrent Preclean
[2023-02-09T14:07:51.178+0000][68][gc,marking  ] GC(154) Concurrent Preclean 0.977ms
[2023-02-09T14:07:51.178+0000][68][gc,start    ] GC(154) Pause Remark
[2023-02-09T14:07:51.194+0000][68][gc          ] GC(154) Pause Remark 119M->119M(256M) 15.547ms
[2023-02-09T14:07:51.195+0000][68][gc,cpu      ] GC(154) User=0.04s Sys=0.00s Real=0.02s
[2023-02-09T14:07:51.196+0000][68][safepoint   ] Safepoint "G1PauseRemark", Time since last: 149831129 ns, Reaching safepoint: 89685 ns, At safepoint: 17477628 ns, Total: 17567313 ns
[2023-02-09T14:07:51.197+0000][68][gc,marking  ] GC(154) Concurrent Mark 164.874ms
[2023-02-09T14:07:51.198+0000][68][gc,marking  ] GC(154) Concurrent Rebuild Remembered Sets
[2023-02-09T14:07:51.307+0000][68][gc,marking  ] GC(154) Concurrent Rebuild Remembered Sets 109.346ms
[2023-02-09T14:07:51.308+0000][68][gc,start    ] GC(154) Pause Cleanup
[2023-02-09T14:07:51.309+0000][68][gc          ] GC(154) Pause Cleanup 119M->119M(256M) 0.783ms
[2023-02-09T14:07:51.310+0000][68][gc,cpu      ] GC(154) User=0.00s Sys=0.00s Real=0.00s
[2023-02-09T14:07:51.311+0000][68][safepoint   ] Safepoint "G1PauseCleanup", Time since last: 112533409 ns, Reaching safepoint: 100461 ns, At safepoint: 2131357 ns, Total: 2231818 ns
[2023-02-09T14:07:51.311+0000][68][gc,marking  ] GC(154) Concurrent Cleanup for Next Mark
[2023-02-09T14:07:51.313+0000][68][gc,marking  ] GC(154) Concurrent Cleanup for Next Mark 1.225ms
[2023-02-09T14:07:51.313+0000][68][gc          ] GC(154) Concurrent Mark Cycle 287.322ms
[2023-02-09T14:07:54.315+0000][68][safepoint   ] Safepoint "Cleanup", Time since last: 3003921495 ns, Reaching safepoint: 479682 ns, At safepoint: 130158 ns, Total: 609840 ns
[2023-02-09T14:07:57.320+0000][68][safepoint   ] Safepoint "Cleanup", Time since last: 3004271777 ns, Reaching safepoint: 288901 ns, At safepoint: 10706 ns, Total: 299607 ns
[2023-02-09T14:07:58.324+0000][68][safepoint   ] Safepoint "Cleanup", Time since last: 1003567248 ns, Reaching safepoint: 375061 ns, At safepoint: 12424 ns, Total: 387485 ns
[2023-02-09T14:08:07.334+0000][68][safepoint   ] Safepoint "Cleanup", Time since last: 9009719699 ns, Reaching safepoint: 525905 ns, At safepoint: 35853 ns, Total: 561758 ns
[2023-02-09T14:08:15.351+0000][68][safepoint   ] Safepoint "Cleanup", Time since last: 8016551860 ns, Reaching safepoint: 216896 ns, At safepoint: 71358 ns, Total: 288254 ns
[2023-02-09T14:08:16.352+0000][68][safepoint   ] Safepoint "Cleanup", Time since last: 1001149415 ns, Reaching safepoint: 134496 ns, At safepoint: 6546 ns, Total: 141042 ns
[2023-02-09T14:08:16.469+0000][68][gc,start    ] GC(155) Pause Young (Normal) (G1 Evacuation Pause)
[2023-02-09T14:08:16.469+0000][68][gc,task     ] GC(155) Using 4 workers of 4 for evacuation
[2023-02-09T14:08:16.470+0000][68][gc,age      ] GC(155) Desired survivor size 6291456 bytes, new threshold 15 (max threshold 15)
[2023-02-09T14:08:16.474+0000][68][gc,phases   ] GC(155)   Pre Evacuate Collection Set: 0.1ms
[2023-02-09T14:08:16.474+0000][68][gc,phases   ] GC(155)   Merge Heap Roots: 0.1ms
[2023-02-09T14:08:16.475+0000][68][gc,phases   ] GC(155)   Evacuate Collection Set: 2.5ms
[2023-02-09T14:08:16.475+0000][68][gc,phases   ] GC(155)   Post Evacuate Collection Set: 0.7ms
[2023-02-09T14:08:16.476+0000][68][gc,phases   ] GC(155)   Other: 1.0ms
[2023-02-09T14:08:16.476+0000][68][gc,age      ] GC(155) Age table with threshold 15 (max threshold 15)
[2023-02-09T14:08:16.476+0000][68][gc,age      ] GC(155) - age   1:    1254944 bytes,    1254944 total
[2023-02-09T14:08:16.477+0000][68][gc,age      ] GC(155) - age   2:     680360 bytes,    1935304 total
[2023-02-09T14:08:16.477+0000][68][gc,age      ] GC(155) - age   3:     150664 bytes,    2085968 total
[2023-02-09T14:08:16.478+0000][68][gc,age      ] GC(155) - age   4:        976 bytes,    2086944 total
[2023-02-09T14:08:16.478+0000][68][gc,age      ] GC(155) - age   6:     193648 bytes,    2280592 total
[2023-02-09T14:08:16.479+0000][68][gc,age      ] GC(155) - age   7:     128144 bytes,    2408736 total
[2023-02-09T14:08:16.479+0000][68][gc,age      ] GC(155) - age   8:       1792 bytes,    2410528 total
[2023-02-09T14:08:16.480+0000][68][gc,age      ] GC(155) - age   9:        416 bytes,    2410944 total
[2023-02-09T14:08:16.480+0000][68][gc,age      ] GC(155) - age  10:        240 bytes,    2411184 total
[2023-02-09T14:08:16.481+0000][68][gc,age      ] GC(155) - age  11:       5816 bytes,    2417000 total
[2023-02-09T14:08:16.481+0000][68][gc,age      ] GC(155) - age  12:      26224 bytes,    2443224 total
[2023-02-09T14:08:16.482+0000][68][gc,age      ] GC(155) - age  13:     185320 bytes,    2628544 total
[2023-02-09T14:08:16.482+0000][68][gc,age      ] GC(155) - age  14:      15216 bytes,    2643760 total
[2023-02-09T14:08:16.483+0000][68][gc,heap     ] GC(155) Eden regions: 21->0(21)
[2023-02-09T14:08:16.484+0000][68][gc,heap     ] GC(155) Survivor regions: 1->1(3)
[2023-02-09T14:08:16.484+0000][68][gc,heap     ] GC(155) Old regions: 26->26
[2023-02-09T14:08:16.485+0000][68][gc,heap     ] GC(155) Archive regions: 2->2
[2023-02-09T14:08:16.485+0000][68][gc,heap     ] GC(155) Humongous regions: 2->2
[2023-02-09T14:08:16.485+0000][68][gc,metaspace] GC(155) Metaspace: 141962K(145088K)->141962K(145088K) NonClass: 123804K(125056K)->123804K(125056K) Class: 18158K(20032K)->18158K(20032K)
[2023-02-09T14:08:16.486+0000][68][gc          ] GC(155) Pause Young (Normal) (G1 Evacuation Pause) 199M->115M(256M) 17.212ms
[2023-02-09T14:08:16.486+0000][68][gc,cpu      ] GC(155) User=0.01s Sys=0.00s Real=0.02s
[2023-02-09T14:08:16.487+0000][68][safepoint   ] Safepoint "G1CollectForAllocation", Time since last: 116499184 ns, Reaching safepoint: 123541 ns, At safepoint: 18691637 ns, Total: 18815178 ns
[2023-02-09T14:08:21.471+0000][68][safepoint   ] Safepoint "Cleanup", Time since last: 5004860659 ns, Reaching safepoint: 409892 ns, At safepoint: 18689 ns, Total: 428581 ns
[2023-02-09T14:08:22.474+0000][68][safepoint   ] Safepoint "Cleanup", Time since last: 1002481774 ns, Reaching safepoint: 155738 ns, At safepoint: 5533 ns, Total: 161271 ns
[2023-02-09T14:08:27.479+0000][68][safepoint   ] Safepoint "Cleanup", Time since last: 5005065693 ns, Reaching safepoint: 302456 ns, At safepoint: 23201 ns, Total: 325657 ns
[2023-02-09T14:08:35.489+0000][68][safepoint   ] Safepoint "Cleanup", Time since last: 8009181799 ns, Reaching safepoint: 807855 ns, At safepoint: 184153 ns, Total: 992008 ns
[2023-02-09T14:08:36.493+0000][68][safepoint   ] Safepoint "Cleanup", Time since last: 1002878541 ns, Reaching safepoint: 505853 ns, At safepoint: 15367 ns, Total: 521220 ns
[2023-02-09T14:08:39.005+0000][68][gc,start    ] GC(156) Pause Young (Concurrent Start) (G1 Evacuation Pause)
[2023-02-09T14:08:39.006+0000][68][gc,task     ] GC(156) Using 4 workers of 4 for evacuation
[2023-02-09T14:08:39.007+0000][68][gc,age      ] GC(156) Desired survivor size 6291456 bytes, new threshold 15 (max threshold 15)
[2023-02-09T14:08:39.010+0000][68][gc,phases   ] GC(156)   Pre Evacuate Collection Set: 0.4ms
[2023-02-09T14:08:39.011+0000][68][gc,phases   ] GC(156)   Merge Heap Roots: 0.2ms
[2023-02-09T14:08:39.011+0000][68][gc,phases   ] GC(156)   Evacuate Collection Set: 1.8ms
[2023-02-09T14:08:39.012+0000][68][gc,phases   ] GC(156)   Post Evacuate Collection Set: 0.9ms
[2023-02-09T14:08:39.012+0000][68][gc,phases   ] GC(156)   Other: 1.2ms
[2023-02-09T14:08:39.013+0000][68][gc,age      ] GC(156) Age table with threshold 15 (max threshold 15)
[2023-02-09T14:08:39.013+0000][68][gc,age      ] GC(156) - age   1:    1389592 bytes,    1389592 total
[2023-02-09T14:08:39.014+0000][68][gc,age      ] GC(156) - age   2:       4040 bytes,    1393632 total
[2023-02-09T14:08:39.014+0000][68][gc,age      ] GC(156) - age   3:      43048 bytes,    1436680 total
[2023-02-09T14:08:39.014+0000][68][gc,age      ] GC(156) - age   4:     150304 bytes,    1586984 total
[2023-02-09T14:08:39.015+0000][68][gc,age      ] GC(156) - age   5:        976 bytes,    1587960 total
[2023-02-09T14:08:39.015+0000][68][gc,age      ] GC(156) - age   7:      10048 bytes,    1598008 total
[2023-02-09T14:08:39.016+0000][68][gc,age      ] GC(156) - age   8:      15288 bytes,    1613296 total
[2023-02-09T14:08:39.016+0000][68][gc,age      ] GC(156) - age   9:       1792 bytes,    1615088 total
[2023-02-09T14:08:39.016+0000][68][gc,age      ] GC(156) - age  10:        416 bytes,    1615504 total
[2023-02-09T14:08:39.017+0000][68][gc,age      ] GC(156) - age  11:        240 bytes,    1615744 total
[2023-02-09T14:08:39.017+0000][68][gc,age      ] GC(156) - age  12:       5816 bytes,    1621560 total
[2023-02-09T14:08:39.018+0000][68][gc,age      ] GC(156) - age  13:      26224 bytes,    1647784 total
[2023-02-09T14:08:39.018+0000][68][gc,age      ] GC(156) - age  14:     185128 bytes,    1832912 total
[2023-02-09T14:08:39.018+0000][68][gc,age      ] GC(156) - age  15:      14808 bytes,    1847720 total
[2023-02-09T14:08:39.019+0000][68][gc,heap     ] GC(156) Eden regions: 21->0(21)
[2023-02-09T14:08:39.020+0000][68][gc,heap     ] GC(156) Survivor regions: 1->1(3)
[2023-02-09T14:08:39.020+0000][68][gc,heap     ] GC(156) Old regions: 26->26
[2023-02-09T14:08:39.020+0000][68][gc,heap     ] GC(156) Archive regions: 2->2
[2023-02-09T14:08:39.021+0000][68][gc,heap     ] GC(156) Humongous regions: 2->2
[2023-02-09T14:08:39.021+0000][68][gc,metaspace] GC(156) Metaspace: 141988K(145088K)->141988K(145088K) NonClass: 123829K(125056K)->123829K(125056K) Class: 18158K(20032K)->18158K(20032K)
[2023-02-09T14:08:39.022+0000][68][gc          ] GC(156) Pause Young (Concurrent Start) (G1 Evacuation Pause) 199M->115M(256M) 16.316ms
[2023-02-09T14:08:39.022+0000][68][gc,cpu      ] GC(156) User=0.01s Sys=0.00s Real=0.02s
[2023-02-09T14:08:39.023+0000][68][safepoint   ] Safepoint "G1CollectForAllocation", Time since last: 2512644420 ns, Reaching safepoint: 154560 ns, At safepoint: 17189655 ns, Total: 17344215 ns
[2023-02-09T14:08:39.022+0000][68][gc          ] GC(157) Concurrent Mark Cycle
[2023-02-09T14:08:39.024+0000][68][gc,marking  ] GC(157) Concurrent Clear Claimed Marks
[2023-02-09T14:08:39.025+0000][68][gc,marking  ] GC(157) Concurrent Clear Claimed Marks 0.632ms
[2023-02-09T14:08:39.025+0000][68][gc,marking  ] GC(157) Concurrent Scan Root Regions
[2023-02-09T14:08:39.029+0000][68][gc,marking  ] GC(157) Concurrent Scan Root Regions 3.170ms
[2023-02-09T14:08:39.029+0000][68][gc,marking  ] GC(157) Concurrent Mark
[2023-02-09T14:08:39.029+0000][68][gc,marking  ] GC(157) Concurrent Mark From Roots
[2023-02-09T14:08:39.030+0000][68][gc,task     ] GC(157) Using 1 workers of 1 for marking
[2023-02-09T14:08:39.183+0000][68][gc,marking  ] GC(157) Concurrent Mark From Roots 153.728ms
[2023-02-09T14:08:39.185+0000][68][gc,marking  ] GC(157) Concurrent Preclean
[2023-02-09T14:08:39.186+0000][68][gc,marking  ] GC(157) Concurrent Preclean 1.060ms
[2023-02-09T14:08:39.188+0000][68][gc,start    ] GC(157) Pause Remark
[2023-02-09T14:08:39.203+0000][68][gc          ] GC(157) Pause Remark 118M->118M(256M) 15.362ms
[2023-02-09T14:08:39.204+0000][68][gc,cpu      ] GC(157) User=0.03s Sys=0.00s Real=0.02s
[2023-02-09T14:08:39.205+0000][68][safepoint   ] Safepoint "G1PauseRemark", Time since last: 165135389 ns, Reaching safepoint: 147219 ns, At safepoint: 17530171 ns, Total: 17677390 ns
[2023-02-09T14:08:39.206+0000][68][gc,marking  ] GC(157) Concurrent Mark 177.296ms
[2023-02-09T14:08:39.207+0000][68][gc,marking  ] GC(157) Concurrent Rebuild Remembered Sets
[2023-02-09T14:08:39.304+0000][68][gc,marking  ] GC(157) Concurrent Rebuild Remembered Sets 96.848ms
[2023-02-09T14:08:39.305+0000][68][gc,start    ] GC(157) Pause Cleanup
[2023-02-09T14:08:39.307+0000][68][gc          ] GC(157) Pause Cleanup 119M->119M(256M) 2.200ms
[2023-02-09T14:08:39.308+0000][68][gc,cpu      ] GC(157) User=0.00s Sys=0.00s Real=0.00s
[2023-02-09T14:08:39.308+0000][68][safepoint   ] Safepoint "G1PauseCleanup", Time since last: 99175121 ns, Reaching safepoint: 327732 ns, At safepoint: 3347058 ns, Total: 3674790 ns
[2023-02-09T14:08:39.309+0000][68][gc,marking  ] GC(157) Concurrent Cleanup for Next Mark
[2023-02-09T14:08:39.310+0000][68][gc,marking  ] GC(157) Concurrent Cleanup for Next Mark 0.946ms
[2023-02-09T14:08:39.310+0000][68][gc          ] GC(157) Concurrent Mark Cycle 288.262ms
[2023-02-09T14:08:45.316+0000][68][safepoint   ] Safepoint "Cleanup", Time since last: 6007210269 ns, Reaching safepoint: 636003 ns, At safepoint: 50153 ns, Total: 686156 ns
[2023-02-09T14:08:47.321+0000][68][safepoint   ] Safepoint "Cleanup", Time since last: 2004526929 ns, Reaching safepoint: 622117 ns, At safepoint: 32733 ns, Total: 654850 ns
[2023-02-09T14:08:51.308+0000][68][safepoint   ] Safepoint "Cleanup", Time since last: 4006787208 ns, Reaching safepoint: 136786 ns, At safepoint: 8151 ns, Total: 144937 ns
[2023-02-09T14:09:03.215+0000][68][gc,start    ] GC(158) Pause Young (Normal) (G1 Evacuation Pause)
[2023-02-09T14:09:03.216+0000][68][gc,task     ] GC(158) Using 4 workers of 4 for evacuation
[2023-02-09T14:09:03.217+0000][68][gc,age      ] GC(158) Desired survivor size 6291456 bytes, new threshold 15 (max threshold 15)
[2023-02-09T14:09:03.221+0000][68][gc,phases   ] GC(158)   Pre Evacuate Collection Set: 0.1ms
[2023-02-09T14:09:03.221+0000][68][gc,phases   ] GC(158)   Merge Heap Roots: 0.1ms
[2023-02-09T14:09:03.222+0000][68][gc,phases   ] GC(158)   Evacuate Collection Set: 2.0ms
[2023-02-09T14:09:03.222+0000][68][gc,phases   ] GC(158)   Post Evacuate Collection Set: 0.9ms
[2023-02-09T14:09:03.223+0000][68][gc,phases   ] GC(158)   Other: 2.1ms
[2023-02-09T14:09:03.224+0000][68][gc,age      ] GC(158) Age table with threshold 15 (max threshold 15)
[2023-02-09T14:09:03.225+0000][68][gc,age      ] GC(158) - age   1:    1057320 bytes,    1057320 total
[2023-02-09T14:09:03.225+0000][68][gc,age      ] GC(158) - age   2:     300560 bytes,    1357880 total
[2023-02-09T14:09:03.226+0000][68][gc,age      ] GC(158) - age   3:       1984 bytes,    1359864 total
[2023-02-09T14:09:03.226+0000][68][gc,age      ] GC(158) - age   4:      26912 bytes,    1386776 total
[2023-02-09T14:09:03.227+0000][68][gc,age      ] GC(158) - age   5:       1120 bytes,    1387896 total
[2023-02-09T14:09:03.227+0000][68][gc,age      ] GC(158) - age   6:        976 bytes,    1388872 total
[2023-02-09T14:09:03.228+0000][68][gc,age      ] GC(158) - age   8:       9528 bytes,    1398400 total
[2023-02-09T14:09:03.228+0000][68][gc,age      ] GC(158) - age   9:      11352 bytes,    1409752 total
[2023-02-09T14:09:03.229+0000][68][gc,age      ] GC(158) - age  10:       1792 bytes,    1411544 total
[2023-02-09T14:09:03.229+0000][68][gc,age      ] GC(158) - age  11:        416 bytes,    1411960 total
[2023-02-09T14:09:03.230+0000][68][gc,age      ] GC(158) - age  12:        240 bytes,    1412200 total
[2023-02-09T14:09:03.230+0000][68][gc,age      ] GC(158) - age  13:       5816 bytes,    1418016 total
[2023-02-09T14:09:03.231+0000][68][gc,age      ] GC(158) - age  14:      21896 bytes,    1439912 total
[2023-02-09T14:09:03.231+0000][68][gc,age      ] GC(158) - age  15:     176944 bytes,    1616856 total
[2023-02-09T14:09:03.231+0000][68][gc,heap     ] GC(158) Eden regions: 21->0(21)
[2023-02-09T14:09:03.232+0000][68][gc,heap     ] GC(158) Survivor regions: 1->1(3)
[2023-02-09T14:09:03.233+0000][68][gc,heap     ] GC(158) Old regions: 26->26
[2023-02-09T14:09:03.233+0000][68][gc,heap     ] GC(158) Archive regions: 2->2
[2023-02-09T14:09:03.234+0000][68][gc,heap     ] GC(158) Humongous regions: 2->2
[2023-02-09T14:09:03.234+0000][68][gc,metaspace] GC(158) Metaspace: 142004K(145088K)->142004K(145088K) NonClass: 123846K(125056K)->123846K(125056K) Class: 18158K(20032K)->18158K(20032K)
[2023-02-09T14:09:03.235+0000][68][gc          ] GC(158) Pause Young (Normal) (G1 Evacuation Pause) 199M->114M(256M) 20.178ms
[2023-02-09T14:09:03.235+0000][68][gc,cpu      ] GC(158) User=0.01s Sys=0.00s Real=0.02s
[2023-02-09T14:09:03.236+0000][68][safepoint   ] Safepoint "G1CollectForAllocation", Time since last: 11906525645 ns, Reaching safepoint: 118268 ns, At safepoint: 21399054 ns, Total: 21517322 ns
[2023-02-09T14:09:06.241+0000][68][safepoint   ] Safepoint "Cleanup", Time since last: 3004804909 ns, Reaching safepoint: 542831 ns, At safepoint: 13160 ns, Total: 555991 ns
[2023-02-09T14:09:07.247+0000][68][safepoint   ] Safepoint "Cleanup", Time since last: 1005182476 ns, Reaching safepoint: 780406 ns, At safepoint: 19666 ns, Total: 800072 ns
[2023-02-09T14:09:15.258+0000][68][safepoint   ] Safepoint "Cleanup", Time since last: 8010099978 ns, Reaching safepoint: 482826 ns, At safepoint: 9222 ns, Total: 492048 ns
[2023-02-09T14:09:17.261+0000][68][safepoint   ] Safepoint "Cleanup", Time since last: 2002582946 ns, Reaching safepoint: 413803 ns, At safepoint: 13172 ns, Total: 426975 ns
[2023-02-09T14:09:19.266+0000][68][safepoint   ] Safepoint "Cleanup", Time since last: 2004074274 ns, Reaching safepoint: 908393 ns, At safepoint: 358721 ns, Total: 1267114 ns
[2023-02-09T14:09:20.271+0000][68][safepoint   ] Safepoint "Cleanup", Time since last: 1004604437 ns, Reaching safepoint: 504816 ns, At safepoint: 17157 ns, Total: 521973 ns
[2023-02-09T14:09:21.253+0000][68][safepoint   ] Safepoint "Cleanup", Time since last: 1004516130 ns, Reaching safepoint: 397090 ns, At safepoint: 14627 ns, Total: 411717 ns
[2023-02-09T14:09:23.963+0000][68][gc,start    ] GC(159) Pause Young (Concurrent Start) (G1 Evacuation Pause)
[2023-02-09T14:09:23.964+0000][68][gc,task     ] GC(159) Using 4 workers of 4 for evacuation
[2023-02-09T14:09:23.965+0000][68][gc,age      ] GC(159) Desired survivor size 6291456 bytes, new threshold 15 (max threshold 15)
[2023-02-09T14:09:23.971+0000][68][gc,phases   ] GC(159)   Pre Evacuate Collection Set: 0.6ms
[2023-02-09T14:09:23.972+0000][68][gc,phases   ] GC(159)   Merge Heap Roots: 0.2ms
[2023-02-09T14:09:23.973+0000][68][gc,phases   ] GC(159)   Evacuate Collection Set: 3.6ms
[2023-02-09T14:09:23.973+0000][68][gc,phases   ] GC(159)   Post Evacuate Collection Set: 0.9ms
[2023-02-09T14:09:23.973+0000][68][gc,phases   ] GC(159)   Other: 1.9ms
[2023-02-09T14:09:23.974+0000][68][gc,age      ] GC(159) Age table with threshold 15 (max threshold 15)
[2023-02-09T14:09:23.974+0000][68][gc,age      ] GC(159) - age   1:    1321048 bytes,    1321048 total
[2023-02-09T14:09:23.974+0000][68][gc,age      ] GC(159) - age   2:     349808 bytes,    1670856 total
[2023-02-09T14:09:23.975+0000][68][gc,age      ] GC(159) - age   3:     142392 bytes,    1813248 total
[2023-02-09T14:09:23.975+0000][68][gc,age      ] GC(159) - age   4:        656 bytes,    1813904 total
[2023-02-09T14:09:23.975+0000][68][gc,age      ] GC(159) - age   5:      26696 bytes,    1840600 total
[2023-02-09T14:09:23.976+0000][68][gc,age      ] GC(159) - age   6:        992 bytes,    1841592 total
[2023-02-09T14:09:23.976+0000][68][gc,age      ] GC(159) - age   7:        976 bytes,    1842568 total
[2023-02-09T14:09:23.977+0000][68][gc,age      ] GC(159) - age   9:       9528 bytes,    1852096 total
[2023-02-09T14:09:23.977+0000][68][gc,age      ] GC(159) - age  10:      11352 bytes,    1863448 total
[2023-02-09T14:09:23.978+0000][68][gc,age      ] GC(159) - age  11:       1792 bytes,    1865240 total
[2023-02-09T14:09:23.978+0000][68][gc,age      ] GC(159) - age  12:        416 bytes,    1865656 total
[2023-02-09T14:09:23.978+0000][68][gc,age      ] GC(159) - age  13:        240 bytes,    1865896 total
[2023-02-09T14:09:23.979+0000][68][gc,age      ] GC(159) - age  14:       5816 bytes,    1871712 total
[2023-02-09T14:09:23.979+0000][68][gc,age      ] GC(159) - age  15:      21896 bytes,    1893608 total
[2023-02-09T14:09:23.980+0000][68][gc,heap     ] GC(159) Eden regions: 21->0(21)
[2023-02-09T14:09:23.981+0000][68][gc,heap     ] GC(159) Survivor regions: 1->1(3)
[2023-02-09T14:09:23.981+0000][68][gc,heap     ] GC(159) Old regions: 26->26
[2023-02-09T14:09:23.982+0000][68][gc,heap     ] GC(159) Archive regions: 2->2
[2023-02-09T14:09:23.983+0000][68][gc,heap     ] GC(159) Humongous regions: 2->2
[2023-02-09T14:09:23.983+0000][68][gc,metaspace] GC(159) Metaspace: 142025K(145152K)->142025K(145152K) NonClass: 123867K(125120K)->123867K(125120K) Class: 18158K(20032K)->18158K(20032K)
[2023-02-09T14:09:23.983+0000][68][gc          ] GC(159) Pause Young (Concurrent Start) (G1 Evacuation Pause) 198M->115M(256M) 20.744ms
[2023-02-09T14:09:23.984+0000][68][gc,cpu      ] GC(159) User=0.01s Sys=0.01s Real=0.02s
[2023-02-09T14:09:23.984+0000][68][gc          ] GC(160) Concurrent Mark Cycle
[2023-02-09T14:09:23.985+0000][68][gc,marking  ] GC(160) Concurrent Clear Claimed Marks
[2023-02-09T14:09:23.985+0000][68][gc,marking  ] GC(160) Concurrent Clear Claimed Marks 0.703ms
[2023-02-09T14:09:23.986+0000][68][gc,marking  ] GC(160) Concurrent Scan Root Regions
[2023-02-09T14:09:23.989+0000][68][gc,marking  ] GC(160) Concurrent Scan Root Regions 2.746ms
[2023-02-09T14:09:23.989+0000][68][gc,marking  ] GC(160) Concurrent Mark
[2023-02-09T14:09:23.990+0000][68][gc,marking  ] GC(160) Concurrent Mark From Roots
[2023-02-09T14:09:23.990+0000][68][gc,task     ] GC(160) Using 1 workers of 1 for marking
[2023-02-09T14:09:23.985+0000][68][safepoint   ] Safepoint "G1CollectForAllocation", Time since last: 2709162797 ns, Reaching safepoint: 202657 ns, At safepoint: 22538787 ns, Total: 22741444 ns
[2023-02-09T14:09:24.092+0000][68][gc,marking  ] GC(160) Concurrent Mark From Roots 102.288ms
[2023-02-09T14:09:24.093+0000][68][gc,marking  ] GC(160) Concurrent Preclean
[2023-02-09T14:09:24.094+0000][68][gc,marking  ] GC(160) Concurrent Preclean 0.894ms
[2023-02-09T14:09:24.095+0000][68][gc,start    ] GC(160) Pause Remark
[2023-02-09T14:09:24.105+0000][68][gc          ] GC(160) Pause Remark 116M->116M(256M) 10.215ms
[2023-02-09T14:09:24.106+0000][68][gc,cpu      ] GC(160) User=0.03s Sys=0.00s Real=0.01s
[2023-02-09T14:09:24.106+0000][68][safepoint   ] Safepoint "G1PauseRemark", Time since last: 109544267 ns, Reaching safepoint: 84686 ns, At safepoint: 11550538 ns, Total: 11635224 ns
[2023-02-09T14:09:24.107+0000][68][gc,marking  ] GC(160) Concurrent Mark 117.523ms
[2023-02-09T14:09:24.107+0000][68][gc,marking  ] GC(160) Concurrent Rebuild Remembered Sets
[2023-02-09T14:09:24.160+0000][68][gc,marking  ] GC(160) Concurrent Rebuild Remembered Sets 52.332ms
[2023-02-09T14:09:24.161+0000][68][gc,start    ] GC(160) Pause Cleanup
[2023-02-09T14:09:24.161+0000][68][gc          ] GC(160) Pause Cleanup 116M->116M(256M) 0.749ms
[2023-02-09T14:09:24.162+0000][68][gc,cpu      ] GC(160) User=0.00s Sys=0.00s Real=0.00s
[2023-02-09T14:09:24.163+0000][68][safepoint   ] Safepoint "G1PauseCleanup", Time since last: 54160442 ns, Reaching safepoint: 182760 ns, At safepoint: 1924046 ns, Total: 2106806 ns
[2023-02-09T14:09:24.163+0000][68][gc,marking  ] GC(160) Concurrent Cleanup for Next Mark
[2023-02-09T14:09:24.164+0000][68][gc,marking  ] GC(160) Concurrent Cleanup for Next Mark 0.735ms
[2023-02-09T14:09:24.165+0000][68][gc          ] GC(160) Concurrent Mark Cycle 180.649ms
[2023-02-09T14:09:28.168+0000][68][safepoint   ] Safepoint "Cleanup", Time since last: 4004904078 ns, Reaching safepoint: 205267 ns, At safepoint: 13533 ns, Total: 218800 ns
[2023-02-09T14:09:30.170+0000][68][safepoint   ] Safepoint "Cleanup", Time since last: 2002273592 ns, Reaching safepoint: 157312 ns, At safepoint: 7156 ns, Total: 164468 ns
[2023-02-09T14:09:31.173+0000][68][safepoint   ] Safepoint "Cleanup", Time since last: 1001922726 ns, Reaching safepoint: 436659 ns, At safepoint: 19819 ns, Total: 456478 ns
[2023-02-09T14:09:33.176+0000][68][safepoint   ] Safepoint "Cleanup", Time since last: 2002787380 ns, Reaching safepoint: 428001 ns, At safepoint: 10150 ns, Total: 438151 ns
[2023-02-09T14:09:36.178+0000][68][safepoint   ] Safepoint "Cleanup", Time since last: 3001823079 ns, Reaching safepoint: 371583 ns, At safepoint: 22649 ns, Total: 394232 ns
[2023-02-09T14:09:45.228+0000][68][gc,start    ] GC(161) Pause Young (Normal) (G1 Evacuation Pause)
[2023-02-09T14:09:45.229+0000][68][gc,task     ] GC(161) Using 4 workers of 4 for evacuation
[2023-02-09T14:09:45.229+0000][68][gc,age      ] GC(161) Desired survivor size 6291456 bytes, new threshold 15 (max threshold 15)
[2023-02-09T14:09:45.233+0000][68][gc,phases   ] GC(161)   Pre Evacuate Collection Set: 0.1ms
[2023-02-09T14:09:45.234+0000][68][gc,phases   ] GC(161)   Merge Heap Roots: 0.1ms
[2023-02-09T14:09:45.234+0000][68][gc,phases   ] GC(161)   Evacuate Collection Set: 1.5ms
[2023-02-09T14:09:45.235+0000][68][gc,phases   ] GC(161)   Post Evacuate Collection Set: 1.0ms
[2023-02-09T14:09:45.235+0000][68][gc,phases   ] GC(161)   Other: 1.3ms
[2023-02-09T14:09:45.236+0000][68][gc,age      ] GC(161) Age table with threshold 15 (max threshold 15)
[2023-02-09T14:09:45.237+0000][68][gc,age      ] GC(161) - age   1:    1200336 bytes,    1200336 total
[2023-02-09T14:09:45.237+0000][68][gc,age      ] GC(161) - age   2:      15176 bytes,    1215512 total
[2023-02-09T14:09:45.238+0000][68][gc,age      ] GC(161) - age   3:     175976 bytes,    1391488 total
[2023-02-09T14:09:45.238+0000][68][gc,age      ] GC(161) - age   4:      31072 bytes,    1422560 total
[2023-02-09T14:09:45.239+0000][68][gc,age      ] GC(161) - age   5:        656 bytes,    1423216 total
[2023-02-09T14:09:45.240+0000][68][gc,age      ] GC(161) - age   6:      26696 bytes,    1449912 total
[2023-02-09T14:09:45.241+0000][68][gc,age      ] GC(161) - age   7:        992 bytes,    1450904 total
[2023-02-09T14:09:45.241+0000][68][gc,age      ] GC(161) - age   8:        976 bytes,    1451880 total
[2023-02-09T14:09:45.242+0000][68][gc,age      ] GC(161) - age  10:       9528 bytes,    1461408 total
[2023-02-09T14:09:45.242+0000][68][gc,age      ] GC(161) - age  11:      11072 bytes,    1472480 total
[2023-02-09T14:09:45.243+0000][68][gc,age      ] GC(161) - age  12:       1792 bytes,    1474272 total
[2023-02-09T14:09:45.243+0000][68][gc,age      ] GC(161) - age  13:        416 bytes,    1474688 total
[2023-02-09T14:09:45.244+0000][68][gc,age      ] GC(161) - age  14:        240 bytes,    1474928 total
[2023-02-09T14:09:45.244+0000][68][gc,age      ] GC(161) - age  15:       5816 bytes,    1480744 total
[2023-02-09T14:09:45.245+0000][68][gc,heap     ] GC(161) Eden regions: 21->0(22)
[2023-02-09T14:09:45.245+0000][68][gc,heap     ] GC(161) Survivor regions: 1->1(3)
[2023-02-09T14:09:45.245+0000][68][gc,heap     ] GC(161) Old regions: 26->26
[2023-02-09T14:09:45.246+0000][68][gc,heap     ] GC(161) Archive regions: 2->2
[2023-02-09T14:09:45.246+0000][68][gc,heap     ] GC(161) Humongous regions: 2->2
[2023-02-09T14:09:45.247+0000][68][gc,metaspace] GC(161) Metaspace: 142031K(145152K)->142031K(145152K) NonClass: 123872K(125120K)->123872K(125120K) Class: 18159K(20032K)->18159K(20032K)
[2023-02-09T14:09:45.248+0000][68][gc          ] GC(161) Pause Young (Normal) (G1 Evacuation Pause) 199M->114M(256M) 19.495ms
[2023-02-09T14:09:45.248+0000][68][gc,cpu      ] GC(161) User=0.01s Sys=0.00s Real=0.02s
[2023-02-09T14:09:45.249+0000][68][safepoint   ] Safepoint "G1CollectForAllocation", Time since last: 9050106518 ns, Reaching safepoint: 119077 ns, At safepoint: 20686368 ns, Total: 20805445 ns
[2023-02-09T14:09:46.250+0000][68][safepoint   ] Safepoint "Cleanup", Time since last: 1000644195 ns, Reaching safepoint: 144430 ns, At safepoint: 4190 ns, Total: 148620 ns
[2023-02-09T14:09:47.252+0000][68][safepoint   ] Safepoint "Cleanup", Time since last: 1001463392 ns, Reaching safepoint: 516694 ns, At safepoint: 23161 ns, Total: 539855 ns
[2023-02-09T14:09:50.257+0000][68][safepoint   ] Safepoint "Cleanup", Time since last: 3005329309 ns, Reaching safepoint: 276121 ns, At safepoint: 22558 ns, Total: 298679 ns
[2023-02-09T14:09:58.245+0000][68][safepoint   ] Safepoint "Cleanup", Time since last: 8007967368 ns, Reaching safepoint: 223762 ns, At safepoint: 18740 ns, Total: 242502 ns
[2023-02-09T14:10:03.251+0000][68][safepoint   ] Safepoint "Cleanup", Time since last: 5006305294 ns, Reaching safepoint: 248185 ns, At safepoint: 35652 ns, Total: 283837 ns
[2023-02-09T14:10:07.256+0000][68][safepoint   ] Safepoint "Cleanup", Time since last: 4004237168 ns, Reaching safepoint: 754082 ns, At safepoint: 19678 ns, Total: 773760 ns
[2023-02-09T14:10:14.482+0000][68][gc,start    ] GC(162) Pause Young (Concurrent Start) (G1 Evacuation Pause)
[2023-02-09T14:10:14.484+0000][68][gc,task     ] GC(162) Using 4 workers of 4 for evacuation
[2023-02-09T14:10:14.486+0000][68][gc,age      ] GC(162) Desired survivor size 6291456 bytes, new threshold 15 (max threshold 15)
[2023-02-09T14:10:14.495+0000][68][gc,phases   ] GC(162)   Pre Evacuate Collection Set: 0.8ms
[2023-02-09T14:10:14.496+0000][68][gc,phases   ] GC(162)   Merge Heap Roots: 0.5ms
[2023-02-09T14:10:14.497+0000][68][gc,phases   ] GC(162)   Evacuate Collection Set: 3.8ms
[2023-02-09T14:10:14.499+0000][68][gc,phases   ] GC(162)   Post Evacuate Collection Set: 1.5ms
[2023-02-09T14:10:14.499+0000][68][gc,phases   ] GC(162)   Other: 4.6ms
[2023-02-09T14:10:14.500+0000][68][gc,age      ] GC(162) Age table with threshold 15 (max threshold 15)
[2023-02-09T14:10:14.501+0000][68][gc,age      ] GC(162) - age   1:     705584 bytes,     705584 total
[2023-02-09T14:10:14.502+0000][68][gc,age      ] GC(162) - age   2:     691432 bytes,    1397016 total
[2023-02-09T14:10:14.503+0000][68][gc,age      ] GC(162) - age   3:      13264 bytes,    1410280 total
[2023-02-09T14:10:14.504+0000][68][gc,age      ] GC(162) - age   4:      41760 bytes,    1452040 total
[2023-02-09T14:10:14.505+0000][68][gc,age      ] GC(162) - age   5:      30696 bytes,    1482736 total
[2023-02-09T14:10:14.506+0000][68][gc,age      ] GC(162) - age   6:        592 bytes,    1483328 total
[2023-02-09T14:10:14.507+0000][68][gc,age      ] GC(162) - age   7:      26632 bytes,    1509960 total
[2023-02-09T14:10:14.507+0000][68][gc,age      ] GC(162) - age   8:        928 bytes,    1510888 total
[2023-02-09T14:10:14.508+0000][68][gc,age      ] GC(162) - age   9:        976 bytes,    1511864 total
[2023-02-09T14:10:14.509+0000][68][gc,age      ] GC(162) - age  11:       9464 bytes,    1521328 total
[2023-02-09T14:10:14.509+0000][68][gc,age      ] GC(162) - age  12:      11072 bytes,    1532400 total
[2023-02-09T14:10:14.510+0000][68][gc,age      ] GC(162) - age  13:       1792 bytes,    1534192 total
[2023-02-09T14:10:14.511+0000][68][gc,age      ] GC(162) - age  14:        416 bytes,    1534608 total
[2023-02-09T14:10:14.511+0000][68][gc,age      ] GC(162) - age  15:        240 bytes,    1534848 total
[2023-02-09T14:10:14.512+0000][68][gc,heap     ] GC(162) Eden regions: 22->0(22)
[2023-02-09T14:10:14.513+0000][68][gc,heap     ] GC(162) Survivor regions: 1->1(3)
[2023-02-09T14:10:14.513+0000][68][gc,heap     ] GC(162) Old regions: 26->26
[2023-02-09T14:10:14.514+0000][68][gc,heap     ] GC(162) Archive regions: 2->2
[2023-02-09T14:10:14.515+0000][68][gc,heap     ] GC(162) Humongous regions: 2->2
[2023-02-09T14:10:14.515+0000][68][gc,metaspace] GC(162) Metaspace: 142050K(145152K)->142050K(145152K) NonClass: 123891K(125120K)->123891K(125120K) Class: 18159K(20032K)->18159K(20032K)
[2023-02-09T14:10:14.516+0000][68][gc          ] GC(162) Pause Young (Concurrent Start) (G1 Evacuation Pause) 202M->114M(256M) 34.381ms
[2023-02-09T14:10:14.517+0000][68][gc          ] GC(163) Concurrent Mark Cycle
[2023-02-09T14:10:14.517+0000][68][gc,marking  ] GC(163) Concurrent Clear Claimed Marks
[2023-02-09T14:10:14.517+0000][68][gc,cpu      ] GC(162) User=0.02s Sys=0.00s Real=0.04s
[2023-02-09T14:10:14.518+0000][68][gc,marking  ] GC(163) Concurrent Clear Claimed Marks 0.896ms
[2023-02-09T14:10:14.520+0000][68][gc,marking  ] GC(163) Concurrent Scan Root Regions
[2023-02-09T14:10:14.519+0000][68][safepoint   ] Safepoint "G1CollectForAllocation", Time since last: 7224748647 ns, Reaching safepoint: 558718 ns, At safepoint: 37557861 ns, Total: 38116579 ns
[2023-02-09T14:10:14.523+0000][68][gc,marking  ] GC(163) Concurrent Scan Root Regions 3.460ms
[2023-02-09T14:10:14.525+0000][68][gc,marking  ] GC(163) Concurrent Mark
[2023-02-09T14:10:14.525+0000][68][gc,marking  ] GC(163) Concurrent Mark From Roots
[2023-02-09T14:10:14.526+0000][68][gc,task     ] GC(163) Using 1 workers of 1 for marking
[2023-02-09T14:10:14.622+0000][68][gc,marking  ] GC(163) Concurrent Mark From Roots 96.599ms
[2023-02-09T14:10:14.623+0000][68][gc,marking  ] GC(163) Concurrent Preclean
[2023-02-09T14:10:14.624+0000][68][gc,marking  ] GC(163) Concurrent Preclean 0.988ms
[2023-02-09T14:10:14.625+0000][68][gc,start    ] GC(163) Pause Remark
[2023-02-09T14:10:14.636+0000][68][gc          ] GC(163) Pause Remark 115M->115M(256M) 10.668ms
[2023-02-09T14:10:14.637+0000][68][gc,cpu      ] GC(163) User=0.04s Sys=0.00s Real=0.02s
[2023-02-09T14:10:14.637+0000][68][safepoint   ] Safepoint "G1PauseRemark", Time since last: 105750233 ns, Reaching safepoint: 103580 ns, At safepoint: 12379349 ns, Total: 12482929 ns
[2023-02-09T14:10:14.638+0000][68][gc,marking  ] GC(163) Concurrent Mark 113.336ms
[2023-02-09T14:10:14.638+0000][68][gc,marking  ] GC(163) Concurrent Rebuild Remembered Sets
[2023-02-09T14:10:14.693+0000][68][gc,marking  ] GC(163) Concurrent Rebuild Remembered Sets 54.182ms
[2023-02-09T14:10:14.694+0000][68][gc,start    ] GC(163) Pause Cleanup
[2023-02-09T14:10:14.695+0000][68][gc          ] GC(163) Pause Cleanup 116M->116M(256M) 0.902ms
[2023-02-09T14:10:14.695+0000][68][gc,cpu      ] GC(163) User=0.00s Sys=0.00s Real=0.00s
[2023-02-09T14:10:14.696+0000][68][safepoint   ] Safepoint "G1PauseCleanup", Time since last: 56197569 ns, Reaching safepoint: 204535 ns, At safepoint: 2365485 ns, Total: 2570020 ns
[2023-02-09T14:10:14.697+0000][68][gc,marking  ] GC(163) Concurrent Cleanup for Next Mark
[2023-02-09T14:10:14.698+0000][68][gc,marking  ] GC(163) Concurrent Cleanup for Next Mark 0.673ms
[2023-02-09T14:10:14.698+0000][68][gc          ] GC(163) Concurrent Mark Cycle 181.245ms
[2023-02-09T14:10:15.699+0000][68][safepoint   ] Safepoint "Cleanup", Time since last: 1002255234 ns, Reaching safepoint: 568542 ns, At safepoint: 15927 ns, Total: 584469 ns
[2023-02-09T14:10:18.708+0000][68][safepoint   ] Safepoint "Cleanup", Time since last: 3008375267 ns, Reaching safepoint: 380991 ns, At safepoint: 15282 ns, Total: 396273 ns
[2023-02-09T14:10:21.693+0000][68][safepoint   ] Safepoint "Cleanup", Time since last: 3007530718 ns, Reaching safepoint: 356975 ns, At safepoint: 51647 ns, Total: 408622 ns
[2023-02-09T14:10:26.703+0000][68][safepoint   ] Safepoint "Cleanup", Time since last: 5008997915 ns, Reaching safepoint: 837805 ns, At safepoint: 60412 ns, Total: 898217 ns
[2023-02-09T14:10:27.707+0000][68][safepoint   ] Safepoint "Cleanup", Time since last: 1004078364 ns, Reaching safepoint: 77152 ns, At safepoint: 3203 ns, Total: 80355 ns
[2023-02-09T14:10:28.708+0000][68][safepoint   ] Safepoint "Cleanup", Time since last: 1001145462 ns, Reaching safepoint: 113729 ns, At safepoint: 3674 ns, Total: 117403 ns
[2023-02-09T14:10:29.710+0000][68][safepoint   ] Safepoint "Cleanup", Time since last: 1001190659 ns, Reaching safepoint: 94452 ns, At safepoint: 3506 ns, Total: 97958 ns
[2023-02-09T14:10:30.712+0000][68][safepoint   ] Safepoint "Cleanup", Time since last: 1001462758 ns, Reaching safepoint: 340448 ns, At safepoint: 12210 ns, Total: 352658 ns
[2023-02-09T14:10:36.322+0000][68][gc,start    ] GC(164) Pause Young (Normal) (G1 Evacuation Pause)
[2023-02-09T14:10:36.324+0000][68][gc,task     ] GC(164) Using 4 workers of 4 for evacuation
[2023-02-09T14:10:36.326+0000][68][gc,age      ] GC(164) Desired survivor size 6291456 bytes, new threshold 15 (max threshold 15)
[2023-02-09T14:10:36.330+0000][68][gc,phases   ] GC(164)   Pre Evacuate Collection Set: 0.1ms
[2023-02-09T14:10:36.331+0000][68][gc,phases   ] GC(164)   Merge Heap Roots: 0.2ms
[2023-02-09T14:10:36.332+0000][68][gc,phases   ] GC(164)   Evacuate Collection Set: 2.7ms
[2023-02-09T14:10:36.333+0000][68][gc,phases   ] GC(164)   Post Evacuate Collection Set: 0.9ms
[2023-02-09T14:10:36.334+0000][68][gc,phases   ] GC(164)   Other: 2.5ms
[2023-02-09T14:10:36.334+0000][68][gc,age      ] GC(164) Age table with threshold 15 (max threshold 15)
[2023-02-09T14:10:36.335+0000][68][gc,age      ] GC(164) - age   1:    1204352 bytes,    1204352 total
[2023-02-09T14:10:36.337+0000][68][gc,age      ] GC(164) - age   2:     184376 bytes,    1388728 total
[2023-02-09T14:10:36.337+0000][68][gc,age      ] GC(164) - age   3:     451080 bytes,    1839808 total
[2023-02-09T14:10:36.338+0000][68][gc,age      ] GC(164) - age   4:        768 bytes,    1840576 total
[2023-02-09T14:10:36.339+0000][68][gc,age      ] GC(164) - age   5:      41760 bytes,    1882336 total
[2023-02-09T14:10:36.340+0000][68][gc,age      ] GC(164) - age   6:      30520 bytes,    1912856 total
[2023-02-09T14:10:36.341+0000][68][gc,age      ] GC(164) - age   7:        336 bytes,    1913192 total
[2023-02-09T14:10:36.342+0000][68][gc,age      ] GC(164) - age   8:      18648 bytes,    1931840 total
[2023-02-09T14:10:36.343+0000][68][gc,age      ] GC(164) - age   9:        928 bytes,    1932768 total
[2023-02-09T14:10:36.343+0000][68][gc,age      ] GC(164) - age  10:        976 bytes,    1933744 total
[2023-02-09T14:10:36.344+0000][68][gc,age      ] GC(164) - age  12:       9464 bytes,    1943208 total
[2023-02-09T14:10:36.344+0000][68][gc,age      ] GC(164) - age  13:      11072 bytes,    1954280 total
[2023-02-09T14:10:36.345+0000][68][gc,age      ] GC(164) - age  14:       1792 bytes,    1956072 total
[2023-02-09T14:10:36.345+0000][68][gc,age      ] GC(164) - age  15:        416 bytes,    1956488 total
[2023-02-09T14:10:36.346+0000][68][gc,heap     ] GC(164) Eden regions: 22->0(22)
[2023-02-09T14:10:36.347+0000][68][gc,heap     ] GC(164) Survivor regions: 1->1(3)
[2023-02-09T14:10:36.347+0000][68][gc,heap     ] GC(164) Old regions: 26->26
[2023-02-09T14:10:36.348+0000][68][gc,heap     ] GC(164) Archive regions: 2->2
[2023-02-09T14:10:36.348+0000][68][gc,heap     ] GC(164) Humongous regions: 2->2
[2023-02-09T14:10:36.349+0000][68][gc,metaspace] GC(164) Metaspace: 142060K(145152K)->142060K(145152K) NonClass: 123901K(125120K)->123901K(125120K) Class: 18159K(20032K)->18159K(20032K)
[2023-02-09T14:10:36.350+0000][68][gc          ] GC(164) Pause Young (Normal) (G1 Evacuation Pause) 202M->115M(256M) 27.361ms
[2023-02-09T14:10:36.350+0000][68][gc,cpu      ] GC(164) User=0.01s Sys=0.01s Real=0.03s
[2023-02-09T14:10:36.351+0000][68][safepoint   ] Safepoint "G1CollectForAllocation", Time since last: 5610383187 ns, Reaching safepoint: 137004 ns, At safepoint: 28862327 ns, Total: 28999331 ns
[2023-02-09T14:10:42.361+0000][68][safepoint   ] Safepoint "Cleanup", Time since last: 6009648701 ns, Reaching safepoint: 314817 ns, At safepoint: 11712 ns, Total: 326529 ns
[2023-02-09T14:10:45.366+0000][68][safepoint   ] Safepoint "Cleanup", Time since last: 3004635729 ns, Reaching safepoint: 128923 ns, At safepoint: 5688 ns, Total: 134611 ns
[2023-02-09T14:10:47.367+0000][68][safepoint   ] Safepoint "Cleanup", Time since last: 2001240855 ns, Reaching safepoint: 295082 ns, At safepoint: 14572 ns, Total: 309654 ns
[2023-02-09T14:10:51.350+0000][68][safepoint   ] Safepoint "Cleanup", Time since last: 4010425146 ns, Reaching safepoint: 591860 ns, At safepoint: 35997 ns, Total: 627857 ns
[2023-02-09T14:11:03.361+0000][68][safepoint   ] Safepoint "Cleanup", Time since last: 12010838727 ns, Reaching safepoint: 115818 ns, At safepoint: 34455 ns, Total: 150273 ns
[2023-02-09T14:11:04.668+0000][68][gc,start    ] GC(165) Pause Young (Concurrent Start) (G1 Evacuation Pause)
[2023-02-09T14:11:04.669+0000][68][gc,task     ] GC(165) Using 4 workers of 4 for evacuation
[2023-02-09T14:11:04.670+0000][68][gc,age      ] GC(165) Desired survivor size 6291456 bytes, new threshold 15 (max threshold 15)
[2023-02-09T14:11:04.674+0000][68][gc,phases   ] GC(165)   Pre Evacuate Collection Set: 0.4ms
[2023-02-09T14:11:04.675+0000][68][gc,phases   ] GC(165)   Merge Heap Roots: 0.1ms
[2023-02-09T14:11:04.676+0000][68][gc,phases   ] GC(165)   Evacuate Collection Set: 2.1ms
[2023-02-09T14:11:04.676+0000][68][gc,phases   ] GC(165)   Post Evacuate Collection Set: 0.8ms
[2023-02-09T14:11:04.677+0000][68][gc,phases   ] GC(165)   Other: 1.4ms
[2023-02-09T14:11:04.678+0000][68][gc,age      ] GC(165) Age table with threshold 15 (max threshold 15)
[2023-02-09T14:11:04.678+0000][68][gc,age      ] GC(165) - age   1:    1106344 bytes,    1106344 total
[2023-02-09T14:11:04.679+0000][68][gc,age      ] GC(165) - age   2:     456232 bytes,    1562576 total
[2023-02-09T14:11:04.679+0000][68][gc,age      ] GC(165) - age   3:      63832 bytes,    1626408 total
[2023-02-09T14:11:04.684+0000][68][gc,age      ] GC(165) - age   4:     450712 bytes,    2077120 total
[2023-02-09T14:11:04.685+0000][68][gc,age      ] GC(165) - age   5:        768 bytes,    2077888 total
[2023-02-09T14:11:04.686+0000][68][gc,age      ] GC(165) - age   6:      41760 bytes,    2119648 total
[2023-02-09T14:11:04.686+0000][68][gc,age      ] GC(165) - age   7:      30520 bytes,    2150168 total
[2023-02-09T14:11:04.687+0000][68][gc,age      ] GC(165) - age   8:        336 bytes,    2150504 total
[2023-02-09T14:11:04.688+0000][68][gc,age      ] GC(165) - age   9:      14912 bytes,    2165416 total
[2023-02-09T14:11:04.688+0000][68][gc,age      ] GC(165) - age  10:        928 bytes,    2166344 total
[2023-02-09T14:11:04.689+0000][68][gc,age      ] GC(165) - age  11:        976 bytes,    2167320 total
[2023-02-09T14:11:04.693+0000][68][gc,age      ] GC(165) - age  13:       9464 bytes,    2176784 total
[2023-02-09T14:11:04.698+0000][68][gc,age      ] GC(165) - age  14:      11072 bytes,    2187856 total
[2023-02-09T14:11:04.702+0000][68][gc,age      ] GC(165) - age  15:       1792 bytes,    2189648 total
[2023-02-09T14:11:04.709+0000][68][gc,heap     ] GC(165) Eden regions: 22->0(22)
[2023-02-09T14:11:04.715+0000][68][gc,heap     ] GC(165) Survivor regions: 1->1(3)
[2023-02-09T14:11:04.728+0000][68][gc,heap     ] GC(165) Old regions: 26->26
[2023-02-09T14:11:04.729+0000][68][gc,heap     ] GC(165) Archive regions: 2->2
[2023-02-09T14:11:04.730+0000][68][gc,heap     ] GC(165) Humongous regions: 2->2
[2023-02-09T14:11:04.731+0000][68][gc,metaspace] GC(165) Metaspace: 142067K(145152K)->142067K(145152K) NonClass: 123908K(125120K)->123908K(125120K) Class: 18159K(20032K)->18159K(20032K)
[2023-02-09T14:11:04.732+0000][68][gc          ] GC(165) Pause Young (Concurrent Start) (G1 Evacuation Pause) 203M->115M(256M) 63.627ms
[2023-02-09T14:11:04.733+0000][68][gc,cpu      ] GC(165) User=0.00s Sys=0.00s Real=0.06s
[2023-02-09T14:11:04.733+0000][68][gc          ] GC(166) Concurrent Mark Cycle
[2023-02-09T14:11:04.734+0000][68][gc,marking  ] GC(166) Concurrent Clear Claimed Marks
[2023-02-09T14:11:04.734+0000][68][safepoint   ] Safepoint "G1CollectForAllocation", Time since last: 1307204267 ns, Reaching safepoint: 129156 ns, At safepoint: 65504095 ns, Total: 65633251 ns
[2023-02-09T14:11:04.735+0000][68][gc,marking  ] GC(166) Concurrent Clear Claimed Marks 1.060ms
[2023-02-09T14:11:04.737+0000][68][gc,marking  ] GC(166) Concurrent Scan Root Regions
[2023-02-09T14:11:04.741+0000][68][gc,marking  ] GC(166) Concurrent Scan Root Regions 3.868ms
[2023-02-09T14:11:04.742+0000][68][gc,marking  ] GC(166) Concurrent Mark
[2023-02-09T14:11:04.743+0000][68][gc,marking  ] GC(166) Concurrent Mark From Roots
[2023-02-09T14:11:04.743+0000][68][gc,task     ] GC(166) Using 1 workers of 1 for marking
[2023-02-09T14:11:04.922+0000][68][gc,marking  ] GC(166) Concurrent Mark From Roots 179.929ms
[2023-02-09T14:11:04.934+0000][68][gc,marking  ] GC(166) Concurrent Preclean
[2023-02-09T14:11:04.942+0000][68][gc,marking  ] GC(166) Concurrent Preclean 8.249ms
[2023-02-09T14:11:04.955+0000][68][gc,start    ] GC(166) Pause Remark
[2023-02-09T14:11:04.994+0000][68][gc          ] GC(166) Pause Remark 115M->115M(256M) 38.777ms
[2023-02-09T14:11:04.995+0000][68][gc,cpu      ] GC(166) User=0.05s Sys=0.01s Real=0.05s
[2023-02-09T14:11:04.996+0000][68][safepoint   ] Safepoint "G1PauseRemark", Time since last: 221203083 ns, Reaching safepoint: 107519 ns, At safepoint: 41395980 ns, Total: 41503499 ns
[2023-02-09T14:11:04.998+0000][68][gc,marking  ] GC(166) Concurrent Mark 255.901ms
[2023-02-09T14:11:04.999+0000][68][gc,marking  ] GC(166) Concurrent Rebuild Remembered Sets
[2023-02-09T14:11:05.083+0000][68][gc,marking  ] GC(166) Concurrent Rebuild Remembered Sets 84.254ms
[2023-02-09T14:11:05.085+0000][68][gc,start    ] GC(166) Pause Cleanup
[2023-02-09T14:11:05.086+0000][68][gc          ] GC(166) Pause Cleanup 115M->115M(256M) 1.532ms
[2023-02-09T14:11:05.088+0000][68][gc,cpu      ] GC(166) User=0.01s Sys=0.00s Real=0.01s
[2023-02-09T14:11:05.088+0000][68][safepoint   ] Safepoint "G1PauseCleanup", Time since last: 87509709 ns, Reaching safepoint: 682254 ns, At safepoint: 3706541 ns, Total: 4388795 ns
[2023-02-09T14:11:05.089+0000][68][gc,marking  ] GC(166) Concurrent Cleanup for Next Mark
[2023-02-09T14:11:05.091+0000][68][gc,marking  ] GC(166) Concurrent Cleanup for Next Mark 1.711ms
[2023-02-09T14:11:05.092+0000][68][gc          ] GC(166) Concurrent Mark Cycle 359.227ms
[2023-02-09T14:11:07.095+0000][68][safepoint   ] Safepoint "Cleanup", Time since last: 2006212612 ns, Reaching safepoint: 594392 ns, At safepoint: 35541 ns, Total: 629933 ns
[2023-02-09T14:11:08.110+0000][68][safepoint   ] Safepoint "Cleanup", Time since last: 1014259734 ns, Reaching safepoint: 103745 ns, At safepoint: 3638 ns, Total: 107383 ns
[2023-02-09T14:11:21.564+0000][68][safepoint   ] Safepoint "Cleanup", Time since last: 13476500210 ns, Reaching safepoint: 686148 ns, At safepoint: 13972 ns, Total: 700120 ns
[2023-02-09T14:11:24.571+0000][68][safepoint   ] Safepoint "Cleanup", Time since last: 3006348578 ns, Reaching safepoint: 171596 ns, At safepoint: 32695 ns, Total: 204291 ns
[2023-02-09T14:11:27.575+0000][68][safepoint   ] Safepoint "Cleanup", Time since last: 3004080103 ns, Reaching safepoint: 168806 ns, At safepoint: 16592 ns, Total: 185398 ns
[2023-02-09T14:11:30.370+0000][68][gc,start    ] GC(167) Pause Young (Normal) (G1 Evacuation Pause)
[2023-02-09T14:11:30.372+0000][68][gc,task     ] GC(167) Using 4 workers of 4 for evacuation
[2023-02-09T14:11:30.374+0000][68][gc,age      ] GC(167) Desired survivor size 6291456 bytes, new threshold 15 (max threshold 15)
[2023-02-09T14:11:30.382+0000][68][gc,phases   ] GC(167)   Pre Evacuate Collection Set: 0.3ms
[2023-02-09T14:11:30.384+0000][68][gc,phases   ] GC(167)   Merge Heap Roots: 0.2ms
[2023-02-09T14:11:30.385+0000][68][gc,phases   ] GC(167)   Evacuate Collection Set: 4.1ms
[2023-02-09T14:11:30.387+0000][68][gc,phases   ] GC(167)   Post Evacuate Collection Set: 1.4ms
[2023-02-09T14:11:30.388+0000][68][gc,phases   ] GC(167)   Other: 4.4ms
[2023-02-09T14:11:30.389+0000][68][gc,age      ] GC(167) Age table with threshold 15 (max threshold 15)
[2023-02-09T14:11:30.389+0000][68][gc,age      ] GC(167) - age   1:    1140240 bytes,    1140240 total
[2023-02-09T14:11:30.391+0000][68][gc,age      ] GC(167) - age   2:     259608 bytes,    1399848 total
[2023-02-09T14:11:30.391+0000][68][gc,age      ] GC(167) - age   3:     296624 bytes,    1696472 total
[2023-02-09T14:11:30.392+0000][68][gc,age      ] GC(167) - age   4:      63328 bytes,    1759800 total
[2023-02-09T14:11:30.393+0000][68][gc,age      ] GC(167) - age   5:     450712 bytes,    2210512 total
[2023-02-09T14:11:30.394+0000][68][gc,age      ] GC(167) - age   6:        768 bytes,    2211280 total
[2023-02-09T14:11:30.395+0000][68][gc,age      ] GC(167) - age   7:      17176 bytes,    2228456 total
[2023-02-09T14:11:30.395+0000][68][gc,age      ] GC(167) - age   8:      14240 bytes,    2242696 total
[2023-02-09T14:11:30.396+0000][68][gc,age      ] GC(167) - age   9:        336 bytes,    2243032 total
[2023-02-09T14:11:30.398+0000][68][gc,age      ] GC(167) - age  10:      14912 bytes,    2257944 total
[2023-02-09T14:11:30.398+0000][68][gc,age      ] GC(167) - age  11:        928 bytes,    2258872 total
[2023-02-09T14:11:30.399+0000][68][gc,age      ] GC(167) - age  12:        976 bytes,    2259848 total
[2023-02-09T14:11:30.400+0000][68][gc,age      ] GC(167) - age  14:       9464 bytes,    2269312 total
[2023-02-09T14:11:30.400+0000][68][gc,age      ] GC(167) - age  15:      11072 bytes,    2280384 total
[2023-02-09T14:11:30.401+0000][68][gc,heap     ] GC(167) Eden regions: 22->0(22)
[2023-02-09T14:11:30.402+0000][68][gc,heap     ] GC(167) Survivor regions: 1->1(3)
[2023-02-09T14:11:30.403+0000][68][gc,heap     ] GC(167) Old regions: 26->26
[2023-02-09T14:11:30.404+0000][68][gc,heap     ] GC(167) Archive regions: 2->2
[2023-02-09T14:11:30.404+0000][68][gc,heap     ] GC(167) Humongous regions: 2->2
[2023-02-09T14:11:30.405+0000][68][gc,metaspace] GC(167) Metaspace: 142086K(145216K)->142086K(145216K) NonClass: 123927K(125184K)->123927K(125184K) Class: 18159K(20032K)->18159K(20032K)
[2023-02-09T14:11:30.406+0000][68][gc          ] GC(167) Pause Young (Normal) (G1 Evacuation Pause) 203M->115M(256M) 35.924ms
[2023-02-09T14:11:30.406+0000][68][gc,cpu      ] GC(167) User=0.01s Sys=0.00s Real=0.04s
[2023-02-09T14:11:30.407+0000][68][safepoint   ] Safepoint "G1CollectForAllocation", Time since last: 2794309362 ns, Reaching safepoint: 528536 ns, At safepoint: 37061064 ns, Total: 37589600 ns
[2023-02-09T14:11:36.411+0000][68][safepoint   ] Safepoint "Cleanup", Time since last: 6003499783 ns, Reaching safepoint: 199951 ns, At safepoint: 134787 ns, Total: 334738 ns
[2023-02-09T14:11:48.422+0000][68][safepoint   ] Safepoint "Cleanup", Time since last: 12010782670 ns, Reaching safepoint: 160641 ns, At safepoint: 7161 ns, Total: 167802 ns
[2023-02-09T14:11:51.404+0000][68][safepoint   ] Safepoint "Cleanup", Time since last: 3003984939 ns, Reaching safepoint: 364534 ns, At safepoint: 26743 ns, Total: 391277 ns
[2023-02-09T14:11:54.408+0000][68][safepoint   ] Safepoint "Cleanup", Time since last: 3003793670 ns, Reaching safepoint: 427967 ns, At safepoint: 11182 ns, Total: 439149 ns
[2023-02-09T14:11:58.402+0000][68][gc,start    ] GC(168) Pause Young (Concurrent Start) (G1 Evacuation Pause)
[2023-02-09T14:11:58.402+0000][68][gc,task     ] GC(168) Using 4 workers of 4 for evacuation
[2023-02-09T14:11:58.403+0000][68][gc,age      ] GC(168) Desired survivor size 6291456 bytes, new threshold 15 (max threshold 15)
[2023-02-09T14:11:58.406+0000][68][gc,phases   ] GC(168)   Pre Evacuate Collection Set: 0.4ms
[2023-02-09T14:11:58.407+0000][68][gc,phases   ] GC(168)   Merge Heap Roots: 0.1ms
[2023-02-09T14:11:58.407+0000][68][gc,phases   ] GC(168)   Evacuate Collection Set: 1.4ms
[2023-02-09T14:11:58.408+0000][68][gc,phases   ] GC(168)   Post Evacuate Collection Set: 0.7ms
[2023-02-09T14:11:58.408+0000][68][gc,phases   ] GC(168)   Other: 1.1ms
[2023-02-09T14:11:58.409+0000][68][gc,age      ] GC(168) Age table with threshold 15 (max threshold 15)
[2023-02-09T14:11:58.409+0000][68][gc,age      ] GC(168) - age   1:    1213456 bytes,    1213456 total
[2023-02-09T14:11:58.409+0000][68][gc,age      ] GC(168) - age   2:     158608 bytes,    1372064 total
[2023-02-09T14:11:58.410+0000][68][gc,age      ] GC(168) - age   3:      94360 bytes,    1466424 total
[2023-02-09T14:11:58.410+0000][68][gc,age      ] GC(168) - age   4:     292280 bytes,    1758704 total
[2023-02-09T14:11:58.411+0000][68][gc,age      ] GC(168) - age   5:      62952 bytes,    1821656 total
[2023-02-09T14:11:58.411+0000][68][gc,age      ] GC(168) - age   6:     450712 bytes,    2272368 total
[2023-02-09T14:11:58.411+0000][68][gc,age      ] GC(168) - age   7:        704 bytes,    2273072 total
[2023-02-09T14:11:58.412+0000][68][gc,age      ] GC(168) - age   8:      17176 bytes,    2290248 total
[2023-02-09T14:11:58.412+0000][68][gc,age      ] GC(168) - age   9:      14240 bytes,    2304488 total
[2023-02-09T14:11:58.413+0000][68][gc,age      ] GC(168) - age  10:        336 bytes,    2304824 total
[2023-02-09T14:11:58.413+0000][68][gc,age      ] GC(168) - age  11:      14912 bytes,    2319736 total
[2023-02-09T14:11:58.414+0000][68][gc,age      ] GC(168) - age  12:        928 bytes,    2320664 total
[2023-02-09T14:11:58.414+0000][68][gc,age      ] GC(168) - age  13:        976 bytes,    2321640 total
[2023-02-09T14:11:58.414+0000][68][gc,age      ] GC(168) - age  15:       9464 bytes,    2331104 total
[2023-02-09T14:11:58.415+0000][68][gc,heap     ] GC(168) Eden regions: 22->0(22)
[2023-02-09T14:11:58.415+0000][68][gc,heap     ] GC(168) Survivor regions: 1->1(3)
[2023-02-09T14:11:58.416+0000][68][gc,heap     ] GC(168) Old regions: 26->26
[2023-02-09T14:11:58.416+0000][68][gc,heap     ] GC(168) Archive regions: 2->2
[2023-02-09T14:11:58.416+0000][68][gc,heap     ] GC(168) Humongous regions: 2->2
[2023-02-09T14:11:58.417+0000][68][gc,metaspace] GC(168) Metaspace: 142107K(145216K)->142107K(145216K) NonClass: 123948K(125184K)->123948K(125184K) Class: 18159K(20032K)->18159K(20032K)
[2023-02-09T14:11:58.417+0000][68][gc          ] GC(168) Pause Young (Concurrent Start) (G1 Evacuation Pause) 203M->115M(256M) 15.578ms
[2023-02-09T14:11:58.418+0000][68][gc,cpu      ] GC(168) User=0.01s Sys=0.01s Real=0.01s
[2023-02-09T14:11:58.418+0000][68][safepoint   ] Safepoint "G1CollectForAllocation", Time since last: 3993626654 ns, Reaching safepoint: 87940 ns, At safepoint: 16597747 ns, Total: 16685687 ns
[2023-02-09T14:11:58.418+0000][68][gc          ] GC(169) Concurrent Mark Cycle
[2023-02-09T14:11:58.419+0000][68][gc,marking  ] GC(169) Concurrent Clear Claimed Marks
[2023-02-09T14:11:58.420+0000][68][gc,marking  ] GC(169) Concurrent Clear Claimed Marks 0.811ms
[2023-02-09T14:11:58.421+0000][68][gc,marking  ] GC(169) Concurrent Scan Root Regions
[2023-02-09T14:11:58.423+0000][68][gc,marking  ] GC(169) Concurrent Scan Root Regions 2.873ms
[2023-02-09T14:11:58.424+0000][68][gc,marking  ] GC(169) Concurrent Mark
[2023-02-09T14:11:58.424+0000][68][gc,marking  ] GC(169) Concurrent Mark From Roots
[2023-02-09T14:11:58.425+0000][68][gc,task     ] GC(169) Using 1 workers of 1 for marking
[2023-02-09T14:11:58.526+0000][68][gc,marking  ] GC(169) Concurrent Mark From Roots 101.915ms
[2023-02-09T14:11:58.528+0000][68][gc,marking  ] GC(169) Concurrent Preclean
[2023-02-09T14:11:58.529+0000][68][gc,marking  ] GC(169) Concurrent Preclean 1.174ms
[2023-02-09T14:11:58.530+0000][68][gc,start    ] GC(169) Pause Remark
[2023-02-09T14:11:58.542+0000][68][gc          ] GC(169) Pause Remark 116M->116M(256M) 11.984ms
[2023-02-09T14:11:58.543+0000][68][gc,cpu      ] GC(169) User=0.03s Sys=0.00s Real=0.02s
[2023-02-09T14:11:58.544+0000][68][safepoint   ] Safepoint "G1PauseRemark", Time since last: 111157501 ns, Reaching safepoint: 203407 ns, At safepoint: 14163295 ns, Total: 14366702 ns
[2023-02-09T14:11:58.545+0000][68][gc,marking  ] GC(169) Concurrent Mark 121.108ms
[2023-02-09T14:11:58.546+0000][68][gc,marking  ] GC(169) Concurrent Rebuild Remembered Sets
[2023-02-09T14:11:58.597+0000][68][gc,marking  ] GC(169) Concurrent Rebuild Remembered Sets 51.449ms
[2023-02-09T14:11:58.598+0000][68][gc,start    ] GC(169) Pause Cleanup
[2023-02-09T14:11:58.600+0000][68][gc          ] GC(169) Pause Cleanup 117M->117M(256M) 1.088ms
[2023-02-09T14:11:58.600+0000][68][gc,cpu      ] GC(169) User=0.00s Sys=0.00s Real=0.01s
[2023-02-09T14:11:58.601+0000][68][safepoint   ] Safepoint "G1PauseCleanup", Time since last: 54345667 ns, Reaching safepoint: 197127 ns, At safepoint: 2456867 ns, Total: 2653994 ns
[2023-02-09T14:11:58.601+0000][68][gc,marking  ] GC(169) Concurrent Cleanup for Next Mark
[2023-02-09T14:11:58.602+0000][68][gc,marking  ] GC(169) Concurrent Cleanup for Next Mark 0.673ms
[2023-02-09T14:11:58.603+0000][68][gc          ] GC(169) Concurrent Mark Cycle 184.612ms
[2023-02-09T14:12:06.611+0000][68][safepoint   ] Safepoint "Cleanup", Time since last: 8008430767 ns, Reaching safepoint: 986693 ns, At safepoint: 44184 ns, Total: 1030877 ns
[2023-02-09T14:12:07.615+0000][68][safepoint   ] Safepoint "Cleanup", Time since last: 1004304894 ns, Reaching safepoint: 353157 ns, At safepoint: 11847 ns, Total: 365004 ns
[2023-02-09T14:12:15.631+0000][68][safepoint   ] Safepoint "Cleanup", Time since last: 8016067742 ns, Reaching safepoint: 357336 ns, At safepoint: 11779 ns, Total: 369115 ns
[2023-02-09T14:12:21.619+0000][68][safepoint   ] Safepoint "Cleanup", Time since last: 6009176574 ns, Reaching safepoint: 412329 ns, At safepoint: 15291 ns, Total: 427620 ns
[2023-02-09T14:12:27.141+0000][68][gc,start    ] GC(170) Pause Young (Normal) (G1 Evacuation Pause)
[2023-02-09T14:12:27.141+0000][68][gc,task     ] GC(170) Using 4 workers of 4 for evacuation
[2023-02-09T14:12:27.142+0000][68][gc,age      ] GC(170) Desired survivor size 6291456 bytes, new threshold 15 (max threshold 15)
[2023-02-09T14:12:27.146+0000][68][gc,phases   ] GC(170)   Pre Evacuate Collection Set: 0.1ms
[2023-02-09T14:12:27.147+0000][68][gc,phases   ] GC(170)   Merge Heap Roots: 0.1ms
[2023-02-09T14:12:27.147+0000][68][gc,phases   ] GC(170)   Evacuate Collection Set: 2.4ms
[2023-02-09T14:12:27.148+0000][68][gc,phases   ] GC(170)   Post Evacuate Collection Set: 0.7ms
[2023-02-09T14:12:27.148+0000][68][gc,phases   ] GC(170)   Other: 1.3ms
[2023-02-09T14:12:27.149+0000][68][gc,age      ] GC(170) Age table with threshold 15 (max threshold 15)
[2023-02-09T14:12:27.149+0000][68][gc,age      ] GC(170) - age   1:    1727248 bytes,    1727248 total
[2023-02-09T14:12:27.150+0000][68][gc,age      ] GC(170) - age   2:       8376 bytes,    1735624 total
[2023-02-09T14:12:27.150+0000][68][gc,age      ] GC(170) - age   3:     157024 bytes,    1892648 total
[2023-02-09T14:12:27.151+0000][68][gc,age      ] GC(170) - age   4:      93952 bytes,    1986600 total
[2023-02-09T14:12:27.151+0000][68][gc,age      ] GC(170) - age   5:     292216 bytes,    2278816 total
[2023-02-09T14:12:27.152+0000][68][gc,age      ] GC(170) - age   6:      62952 bytes,    2341768 total
[2023-02-09T14:12:27.152+0000][68][gc,age      ] GC(170) - age   7:     450712 bytes,    2792480 total
[2023-02-09T14:12:27.153+0000][68][gc,age      ] GC(170) - age   8:        704 bytes,    2793184 total
[2023-02-09T14:12:27.153+0000][68][gc,age      ] GC(170) - age   9:      17176 bytes,    2810360 total
[2023-02-09T14:12:27.154+0000][68][gc,age      ] GC(170) - age  10:      14240 bytes,    2824600 total
[2023-02-09T14:12:27.155+0000][68][gc,age      ] GC(170) - age  11:        336 bytes,    2824936 total
[2023-02-09T14:12:27.155+0000][68][gc,age      ] GC(170) - age  12:      14912 bytes,    2839848 total
[2023-02-09T14:12:27.155+0000][68][gc,age      ] GC(170) - age  13:        928 bytes,    2840776 total
[2023-02-09T14:12:27.156+0000][68][gc,age      ] GC(170) - age  14:        976 bytes,    2841752 total
[2023-02-09T14:12:27.156+0000][68][gc,heap     ] GC(170) Eden regions: 22->0(22)
[2023-02-09T14:12:27.157+0000][68][gc,heap     ] GC(170) Survivor regions: 1->1(3)
[2023-02-09T14:12:27.157+0000][68][gc,heap     ] GC(170) Old regions: 26->26
[2023-02-09T14:12:27.158+0000][68][gc,heap     ] GC(170) Archive regions: 2->2
[2023-02-09T14:12:27.158+0000][68][gc,heap     ] GC(170) Humongous regions: 2->2
[2023-02-09T14:12:27.158+0000][68][gc,metaspace] GC(170) Metaspace: 142111K(145216K)->142111K(145216K) NonClass: 123952K(125184K)->123952K(125184K) Class: 18159K(20032K)->18159K(20032K)
[2023-02-09T14:12:27.159+0000][68][gc          ] GC(170) Pause Young (Normal) (G1 Evacuation Pause) 203M->116M(256M) 18.122ms
[2023-02-09T14:12:27.159+0000][68][gc,cpu      ] GC(170) User=0.01s Sys=0.00s Real=0.02s
[2023-02-09T14:12:27.160+0000][68][safepoint   ] Safepoint "G1CollectForAllocation", Time since last: 5521303844 ns, Reaching safepoint: 175339 ns, At safepoint: 19089787 ns, Total: 19265126 ns
[2023-02-09T14:12:49.180+0000][68][safepoint   ] Safepoint "Cleanup", Time since last: 22020260097 ns, Reaching safepoint: 342917 ns, At safepoint: 11729 ns, Total: 354646 ns
[2023-02-09T14:12:51.931+0000][68][gc,start    ] GC(171) Pause Young (Concurrent Start) (G1 Evacuation Pause)
[2023-02-09T14:12:51.932+0000][68][gc,task     ] GC(171) Using 4 workers of 4 for evacuation
[2023-02-09T14:12:51.932+0000][68][gc,age      ] GC(171) Desired survivor size 6291456 bytes, new threshold 15 (max threshold 15)
[2023-02-09T14:12:51.936+0000][68][gc,phases   ] GC(171)   Pre Evacuate Collection Set: 0.3ms
[2023-02-09T14:12:51.937+0000][68][gc,phases   ] GC(171)   Merge Heap Roots: 0.1ms
[2023-02-09T14:12:51.937+0000][68][gc,phases   ] GC(171)   Evacuate Collection Set: 2.1ms
[2023-02-09T14:12:51.938+0000][68][gc,phases   ] GC(171)   Post Evacuate Collection Set: 0.8ms
[2023-02-09T14:12:51.939+0000][68][gc,phases   ] GC(171)   Other: 1.2ms
[2023-02-09T14:12:51.939+0000][68][gc,age      ] GC(171) Age table with threshold 15 (max threshold 15)
[2023-02-09T14:12:51.940+0000][68][gc,age      ] GC(171) - age   1:    1652800 bytes,    1652800 total
[2023-02-09T14:12:51.940+0000][68][gc,age      ] GC(171) - age   2:     176496 bytes,    1829296 total
[2023-02-09T14:12:51.941+0000][68][gc,age      ] GC(171) - age   3:       3048 bytes,    1832344 total
[2023-02-09T14:12:51.942+0000][68][gc,age      ] GC(171) - age   4:       4744 bytes,    1837088 total
[2023-02-09T14:12:51.942+0000][68][gc,age      ] GC(171) - age   5:      93952 bytes,    1931040 total
[2023-02-09T14:12:51.942+0000][68][gc,age      ] GC(171) - age   6:     291944 bytes,    2222984 total
[2023-02-09T14:12:51.943+0000][68][gc,age      ] GC(171) - age   7:      37264 bytes,    2260248 total
[2023-02-09T14:12:51.944+0000][68][gc,age      ] GC(171) - age   8:     450712 bytes,    2710960 total
[2023-02-09T14:12:51.944+0000][68][gc,age      ] GC(171) - age   9:        704 bytes,    2711664 total
[2023-02-09T14:12:51.945+0000][68][gc,age      ] GC(171) - age  10:      17176 bytes,    2728840 total
[2023-02-09T14:12:51.945+0000][68][gc,age      ] GC(171) - age  11:      14240 bytes,    2743080 total
[2023-02-09T14:12:51.945+0000][68][gc,age      ] GC(171) - age  12:        336 bytes,    2743416 total
[2023-02-09T14:12:51.946+0000][68][gc,age      ] GC(171) - age  13:      14912 bytes,    2758328 total
[2023-02-09T14:12:51.946+0000][68][gc,age      ] GC(171) - age  14:        928 bytes,    2759256 total
[2023-02-09T14:12:51.947+0000][68][gc,age      ] GC(171) - age  15:        976 bytes,    2760232 total
[2023-02-09T14:12:51.948+0000][68][gc,heap     ] GC(171) Eden regions: 22->0(21)
[2023-02-09T14:12:51.948+0000][68][gc,heap     ] GC(171) Survivor regions: 1->1(3)
[2023-02-09T14:12:51.948+0000][68][gc,heap     ] GC(171) Old regions: 26->26
[2023-02-09T14:12:51.949+0000][68][gc,heap     ] GC(171) Archive regions: 2->2
[2023-02-09T14:12:51.949+0000][68][gc,heap     ] GC(171) Humongous regions: 2->2
[2023-02-09T14:12:51.949+0000][68][gc,metaspace] GC(171) Metaspace: 142123K(145216K)->142123K(145216K) NonClass: 123964K(125184K)->123964K(125184K) Class: 18159K(20032K)->18159K(20032K)
[2023-02-09T14:12:51.950+0000][68][gc          ] GC(171) Pause Young (Concurrent Start) (G1 Evacuation Pause) 204M->116M(256M) 19.323ms
[2023-02-09T14:12:51.950+0000][68][gc,cpu      ] GC(171) User=0.00s Sys=0.00s Real=0.02s
[2023-02-09T14:12:51.950+0000][68][gc          ] GC(172) Concurrent Mark Cycle
[2023-02-09T14:12:51.951+0000][68][gc,marking  ] GC(172) Concurrent Clear Claimed Marks
[2023-02-09T14:12:51.951+0000][68][safepoint   ] Safepoint "G1CollectForAllocation", Time since last: 2770862386 ns, Reaching safepoint: 112939 ns, At safepoint: 20179445 ns, Total: 20292384 ns
[2023-02-09T14:12:51.952+0000][68][gc,marking  ] GC(172) Concurrent Clear Claimed Marks 0.659ms
[2023-02-09T14:12:51.953+0000][68][gc,marking  ] GC(172) Concurrent Scan Root Regions
[2023-02-09T14:12:51.956+0000][68][gc,marking  ] GC(172) Concurrent Scan Root Regions 2.919ms
[2023-02-09T14:12:51.956+0000][68][gc,marking  ] GC(172) Concurrent Mark
[2023-02-09T14:12:51.957+0000][68][gc,marking  ] GC(172) Concurrent Mark From Roots
[2023-02-09T14:12:51.957+0000][68][gc,task     ] GC(172) Using 1 workers of 1 for marking
[2023-02-09T14:12:52.067+0000][68][gc,marking  ] GC(172) Concurrent Mark From Roots 110.443ms
[2023-02-09T14:12:52.068+0000][68][gc,marking  ] GC(172) Concurrent Preclean
[2023-02-09T14:12:52.069+0000][68][gc,marking  ] GC(172) Concurrent Preclean 0.652ms
[2023-02-09T14:12:52.069+0000][68][gc,start    ] GC(172) Pause Remark
[2023-02-09T14:12:52.079+0000][68][gc          ] GC(172) Pause Remark 118M->118M(256M) 9.700ms
[2023-02-09T14:12:52.080+0000][68][gc,cpu      ] GC(172) User=0.03s Sys=0.00s Real=0.01s
[2023-02-09T14:12:52.080+0000][68][safepoint   ] Safepoint "G1PauseRemark", Time since last: 118259652 ns, Reaching safepoint: 74335 ns, At safepoint: 10833133 ns, Total: 10907468 ns
[2023-02-09T14:12:52.081+0000][68][gc,marking  ] GC(172) Concurrent Mark 124.546ms
[2023-02-09T14:12:52.081+0000][68][gc,marking  ] GC(172) Concurrent Rebuild Remembered Sets
[2023-02-09T14:12:52.130+0000][68][gc,marking  ] GC(172) Concurrent Rebuild Remembered Sets 48.763ms
[2023-02-09T14:12:52.131+0000][68][gc,start    ] GC(172) Pause Cleanup
[2023-02-09T14:12:52.132+0000][68][gc          ] GC(172) Pause Cleanup 118M->118M(256M) 0.853ms
[2023-02-09T14:12:52.133+0000][68][gc,cpu      ] GC(172) User=0.00s Sys=0.00s Real=0.00s
[2023-02-09T14:12:52.133+0000][68][safepoint   ] Safepoint "G1PauseCleanup", Time since last: 51009734 ns, Reaching safepoint: 110015 ns, At safepoint: 2085204 ns, Total: 2195219 ns
[2023-02-09T14:12:52.133+0000][68][gc,marking  ] GC(172) Concurrent Cleanup for Next Mark
[2023-02-09T14:12:52.134+0000][68][gc,marking  ] GC(172) Concurrent Cleanup for Next Mark 0.837ms
[2023-02-09T14:12:52.135+0000][68][gc          ] GC(172) Concurrent Mark Cycle 184.510ms
[2023-02-09T14:12:57.138+0000][68][safepoint   ] Safepoint "Cleanup", Time since last: 5004227004 ns, Reaching safepoint: 352106 ns, At safepoint: 13518 ns, Total: 365624 ns
[2023-02-09T14:13:00.145+0000][68][safepoint   ] Safepoint "Cleanup", Time since last: 3006628757 ns, Reaching safepoint: 353066 ns, At safepoint: 12394 ns, Total: 365460 ns
[2023-02-09T14:13:07.157+0000][68][safepoint   ] Safepoint "Cleanup", Time since last: 7011614438 ns, Reaching safepoint: 442061 ns, At safepoint: 15270 ns, Total: 457331 ns
[2023-02-09T14:13:15.169+0000][68][safepoint   ] Safepoint "Cleanup", Time since last: 8012397288 ns, Reaching safepoint: 219174 ns, At safepoint: 6372 ns, Total: 225546 ns
[2023-02-09T14:13:21.094+0000][68][gc,start    ] GC(173) Pause Young (Normal) (G1 Evacuation Pause)
[2023-02-09T14:13:21.094+0000][68][gc,task     ] GC(173) Using 4 workers of 4 for evacuation
[2023-02-09T14:13:21.095+0000][68][gc,age      ] GC(173) Desired survivor size 6291456 bytes, new threshold 15 (max threshold 15)
[2023-02-09T14:13:21.098+0000][68][gc,phases   ] GC(173)   Pre Evacuate Collection Set: 0.1ms
[2023-02-09T14:13:21.099+0000][68][gc,phases   ] GC(173)   Merge Heap Roots: 0.1ms
[2023-02-09T14:13:21.099+0000][68][gc,phases   ] GC(173)   Evacuate Collection Set: 1.6ms
[2023-02-09T14:13:21.100+0000][68][gc,phases   ] GC(173)   Post Evacuate Collection Set: 0.7ms
[2023-02-09T14:13:21.101+0000][68][gc,phases   ] GC(173)   Other: 1.1ms
[2023-02-09T14:13:21.102+0000][68][gc,age      ] GC(173) Age table with threshold 15 (max threshold 15)
[2023-02-09T14:13:21.102+0000][68][gc,age      ] GC(173) - age   1:     727120 bytes,     727120 total
[2023-02-09T14:13:21.103+0000][68][gc,age      ] GC(173) - age   2:      11968 bytes,     739088 total
[2023-02-09T14:13:21.103+0000][68][gc,age      ] GC(173) - age   3:      10016 bytes,     749104 total
[2023-02-09T14:13:21.104+0000][68][gc,age      ] GC(173) - age   4:       2472 bytes,     751576 total
[2023-02-09T14:13:21.104+0000][68][gc,age      ] GC(173) - age   5:       4680 bytes,     756256 total
[2023-02-09T14:13:21.104+0000][68][gc,age      ] GC(173) - age   6:      93888 bytes,     850144 total
[2023-02-09T14:13:21.105+0000][68][gc,age      ] GC(173) - age   7:     291944 bytes,    1142088 total
[2023-02-09T14:13:21.105+0000][68][gc,age      ] GC(173) - age   8:      37264 bytes,    1179352 total
[2023-02-09T14:13:21.106+0000][68][gc,age      ] GC(173) - age   9:     450712 bytes,    1630064 total
[2023-02-09T14:13:21.106+0000][68][gc,age      ] GC(173) - age  10:        704 bytes,    1630768 total
[2023-02-09T14:13:21.107+0000][68][gc,age      ] GC(173) - age  11:      17176 bytes,    1647944 total
[2023-02-09T14:13:21.107+0000][68][gc,age      ] GC(173) - age  12:      14240 bytes,    1662184 total
[2023-02-09T14:13:21.107+0000][68][gc,age      ] GC(173) - age  13:        336 bytes,    1662520 total
[2023-02-09T14:13:21.108+0000][68][gc,age      ] GC(173) - age  14:      14912 bytes,    1677432 total
[2023-02-09T14:13:21.108+0000][68][gc,age      ] GC(173) - age  15:        928 bytes,    1678360 total
[2023-02-09T14:13:21.109+0000][68][gc,heap     ] GC(173) Eden regions: 21->0(21)
[2023-02-09T14:13:21.109+0000][68][gc,heap     ] GC(173) Survivor regions: 1->1(3)
[2023-02-09T14:13:21.109+0000][68][gc,heap     ] GC(173) Old regions: 26->26
[2023-02-09T14:13:21.110+0000][68][gc,heap     ] GC(173) Archive regions: 2->2
[2023-02-09T14:13:21.110+0000][68][gc,heap     ] GC(173) Humongous regions: 2->2
[2023-02-09T14:13:21.111+0000][68][gc,metaspace] GC(173) Metaspace: 142130K(145216K)->142130K(145216K) NonClass: 123971K(125184K)->123971K(125184K) Class: 18159K(20032K)->18159K(20032K)
[2023-02-09T14:13:21.111+0000][68][gc          ] GC(173) Pause Young (Normal) (G1 Evacuation Pause) 200M->115M(256M) 17.424ms
[2023-02-09T14:13:21.112+0000][68][gc,cpu      ] GC(173) User=0.01s Sys=0.00s Real=0.02s
[2023-02-09T14:13:21.112+0000][68][safepoint   ] Safepoint "G1CollectForAllocation", Time since last: 5946827415 ns, Reaching safepoint: 67986 ns, At safepoint: 18328155 ns, Total: 18396141 ns
[2023-02-09T14:13:27.118+0000][68][safepoint   ] Safepoint "Cleanup", Time since last: 6005927182 ns, Reaching safepoint: 156261 ns, At safepoint: 4517 ns, Total: 160778 ns
[2023-02-09T14:13:30.121+0000][68][safepoint   ] Safepoint "Cleanup", Time since last: 3002617913 ns, Reaching safepoint: 103640 ns, At safepoint: 3153 ns, Total: 106793 ns
[2023-02-09T14:13:35.127+0000][68][safepoint   ] Safepoint "Cleanup", Time since last: 5005552255 ns, Reaching safepoint: 390717 ns, At safepoint: 14625 ns, Total: 405342 ns
[2023-02-09T14:13:36.133+0000][68][safepoint   ] Safepoint "Cleanup", Time since last: 1006026069 ns, Reaching safepoint: 372013 ns, At safepoint: 12102 ns, Total: 384115 ns
[2023-02-09T14:13:37.139+0000][68][safepoint   ] Safepoint "Cleanup", Time since last: 1004829796 ns, Reaching safepoint: 522106 ns, At safepoint: 14954 ns, Total: 537060 ns
[2023-02-09T14:13:39.144+0000][68][safepoint   ] Safepoint "Cleanup", Time since last: 2004898404 ns, Reaching safepoint: 133672 ns, At safepoint: 6327 ns, Total: 139999 ns
[2023-02-09T14:13:42.148+0000][68][safepoint   ] Safepoint "Cleanup", Time since last: 3003625148 ns, Reaching safepoint: 383111 ns, At safepoint: 16892 ns, Total: 400003 ns
[2023-02-09T14:13:45.158+0000][68][safepoint   ] Safepoint "Cleanup", Time since last: 3009444310 ns, Reaching safepoint: 501521 ns, At safepoint: 24975 ns, Total: 526496 ns
[2023-02-09T14:13:45.869+0000][68][gc,start    ] GC(174) Pause Young (Concurrent Start) (G1 Evacuation Pause)
[2023-02-09T14:13:45.870+0000][68][gc,task     ] GC(174) Using 4 workers of 4 for evacuation
[2023-02-09T14:13:45.870+0000][68][gc,age      ] GC(174) Desired survivor size 6291456 bytes, new threshold 15 (max threshold 15)
[2023-02-09T14:13:45.874+0000][68][gc,phases   ] GC(174)   Pre Evacuate Collection Set: 0.3ms
[2023-02-09T14:13:45.874+0000][68][gc,phases   ] GC(174)   Merge Heap Roots: 0.1ms
[2023-02-09T14:13:45.875+0000][68][gc,phases   ] GC(174)   Evacuate Collection Set: 2.1ms
[2023-02-09T14:13:45.875+0000][68][gc,phases   ] GC(174)   Post Evacuate Collection Set: 0.7ms
[2023-02-09T14:13:45.875+0000][68][gc,phases   ] GC(174)   Other: 0.8ms
[2023-02-09T14:13:45.876+0000][68][gc,age      ] GC(174) Age table with threshold 15 (max threshold 15)
[2023-02-09T14:13:45.876+0000][68][gc,age      ] GC(174) - age   1:     703416 bytes,     703416 total
[2023-02-09T14:13:45.877+0000][68][gc,age      ] GC(174) - age   2:     151680 bytes,     855096 total
[2023-02-09T14:13:45.877+0000][68][gc,age      ] GC(174) - age   3:      10264 bytes,     865360 total
[2023-02-09T14:13:45.878+0000][68][gc,age      ] GC(174) - age   4:       9384 bytes,     874744 total
[2023-02-09T14:13:45.878+0000][68][gc,age      ] GC(174) - age   5:       2344 bytes,     877088 total
[2023-02-09T14:13:45.878+0000][68][gc,age      ] GC(174) - age   6:       4680 bytes,     881768 total
[2023-02-09T14:13:45.879+0000][68][gc,age      ] GC(174) - age   7:      77320 bytes,     959088 total
[2023-02-09T14:13:45.879+0000][68][gc,age      ] GC(174) - age   8:     291664 bytes,    1250752 total
[2023-02-09T14:13:45.879+0000][68][gc,age      ] GC(174) - age   9:      37240 bytes,    1287992 total
[2023-02-09T14:13:45.880+0000][68][gc,age      ] GC(174) - age  10:     450416 bytes,    1738408 total
[2023-02-09T14:13:45.880+0000][68][gc,age      ] GC(174) - age  11:        704 bytes,    1739112 total
[2023-02-09T14:13:45.881+0000][68][gc,age      ] GC(174) - age  12:      17176 bytes,    1756288 total
[2023-02-09T14:13:45.881+0000][68][gc,age      ] GC(174) - age  13:      13984 bytes,    1770272 total
[2023-02-09T14:13:45.881+0000][68][gc,age      ] GC(174) - age  14:        336 bytes,    1770608 total
[2023-02-09T14:13:45.882+0000][68][gc,age      ] GC(174) - age  15:      14912 bytes,    1785520 total
[2023-02-09T14:13:45.882+0000][68][gc,heap     ] GC(174) Eden regions: 21->0(22)
[2023-02-09T14:13:45.882+0000][68][gc,heap     ] GC(174) Survivor regions: 1->1(3)
[2023-02-09T14:13:45.883+0000][68][gc,heap     ] GC(174) Old regions: 26->26
[2023-02-09T14:13:45.884+0000][68][gc,heap     ] GC(174) Archive regions: 2->2
[2023-02-09T14:13:45.885+0000][68][gc,heap     ] GC(174) Humongous regions: 2->2
[2023-02-09T14:13:45.886+0000][68][gc,metaspace] GC(174) Metaspace: 142148K(145280K)->142148K(145280K) NonClass: 123989K(125248K)->123989K(125248K) Class: 18159K(20032K)->18159K(20032K)
[2023-02-09T14:13:45.886+0000][68][gc          ] GC(174) Pause Young (Concurrent Start) (G1 Evacuation Pause) 199M->115M(256M) 17.279ms
[2023-02-09T14:13:45.887+0000][68][gc,cpu      ] GC(174) User=0.00s Sys=0.00s Real=0.02s
[2023-02-09T14:13:45.887+0000][68][gc          ] GC(175) Concurrent Mark Cycle
[2023-02-09T14:13:45.888+0000][68][gc,marking  ] GC(175) Concurrent Clear Claimed Marks
[2023-02-09T14:13:45.888+0000][68][safepoint   ] Safepoint "G1CollectForAllocation", Time since last: 711362723 ns, Reaching safepoint: 56605 ns, At safepoint: 18516418 ns, Total: 18573023 ns
[2023-02-09T14:13:45.889+0000][68][gc,marking  ] GC(175) Concurrent Clear Claimed Marks 0.673ms
[2023-02-09T14:13:45.889+0000][68][gc,marking  ] GC(175) Concurrent Scan Root Regions
[2023-02-09T14:13:45.892+0000][68][gc,marking  ] GC(175) Concurrent Scan Root Regions 2.552ms
[2023-02-09T14:13:45.892+0000][68][gc,marking  ] GC(175) Concurrent Mark
[2023-02-09T14:13:45.893+0000][68][gc,marking  ] GC(175) Concurrent Mark From Roots
[2023-02-09T14:13:45.893+0000][68][gc,task     ] GC(175) Using 1 workers of 1 for marking
[2023-02-09T14:13:45.989+0000][68][gc,marking  ] GC(175) Concurrent Mark From Roots 95.758ms
[2023-02-09T14:13:45.990+0000][68][gc,marking  ] GC(175) Concurrent Preclean
[2023-02-09T14:13:45.991+0000][68][gc,marking  ] GC(175) Concurrent Preclean 1.013ms
[2023-02-09T14:13:45.992+0000][68][gc,start    ] GC(175) Pause Remark
[2023-02-09T14:13:46.001+0000][68][gc          ] GC(175) Pause Remark 115M->115M(256M) 8.986ms
[2023-02-09T14:13:46.002+0000][68][gc,cpu      ] GC(175) User=0.03s Sys=0.00s Real=0.01s
[2023-02-09T14:13:46.002+0000][68][safepoint   ] Safepoint "G1PauseRemark", Time since last: 104024548 ns, Reaching safepoint: 103217 ns, At safepoint: 10664723 ns, Total: 10767940 ns
[2023-02-09T14:13:46.003+0000][68][gc,marking  ] GC(175) Concurrent Mark 110.522ms
[2023-02-09T14:13:46.003+0000][68][gc,marking  ] GC(175) Concurrent Rebuild Remembered Sets
[2023-02-09T14:13:46.050+0000][68][gc,marking  ] GC(175) Concurrent Rebuild Remembered Sets 46.758ms
[2023-02-09T14:13:46.051+0000][68][gc,start    ] GC(175) Pause Cleanup
[2023-02-09T14:13:46.052+0000][68][gc          ] GC(175) Pause Cleanup 115M->115M(256M) 0.837ms
[2023-02-09T14:13:46.053+0000][68][gc,cpu      ] GC(175) User=0.00s Sys=0.00s Real=0.00s
[2023-02-09T14:13:46.054+0000][68][safepoint   ] Safepoint "G1PauseCleanup", Time since last: 48804216 ns, Reaching safepoint: 156122 ns, At safepoint: 2807387 ns, Total: 2963509 ns
[2023-02-09T14:13:46.055+0000][68][gc,marking  ] GC(175) Concurrent Cleanup for Next Mark
[2023-02-09T14:13:46.056+0000][68][gc,marking  ] GC(175) Concurrent Cleanup for Next Mark 1.046ms
[2023-02-09T14:13:46.056+0000][68][gc          ] GC(175) Concurrent Mark Cycle 169.394ms
[2023-02-09T14:13:48.058+0000][68][safepoint   ] Safepoint "Cleanup", Time since last: 2003296579 ns, Reaching safepoint: 336851 ns, At safepoint: 14398 ns, Total: 351249 ns
[2023-02-09T14:13:50.066+0000][68][safepoint   ] Safepoint "Cleanup", Time since last: 2007892849 ns, Reaching safepoint: 121419 ns, At safepoint: 12029 ns, Total: 133448 ns
[2023-02-09T14:14:04.058+0000][68][safepoint   ] Safepoint "Cleanup", Time since last: 14014133006 ns, Reaching safepoint: 240902 ns, At safepoint: 12749 ns, Total: 253651 ns
[2023-02-09T14:14:06.065+0000][68][safepoint   ] Safepoint "Cleanup", Time since last: 2005947135 ns, Reaching safepoint: 370938 ns, At safepoint: 11903 ns, Total: 382841 ns
[2023-02-09T14:14:07.070+0000][68][safepoint   ] Safepoint "Cleanup", Time since last: 1004648406 ns, Reaching safepoint: 746201 ns, At safepoint: 28752 ns, Total: 774953 ns
[2023-02-09T14:14:09.075+0000][68][safepoint   ] Safepoint "Cleanup", Time since last: 2005011736 ns, Reaching safepoint: 91496 ns, At safepoint: 3142 ns, Total: 94638 ns
[2023-02-09T14:14:15.066+0000][68][gc,start    ] GC(176) Pause Young (Normal) (G1 Evacuation Pause)
[2023-02-09T14:14:15.067+0000][68][gc,task     ] GC(176) Using 4 workers of 4 for evacuation
[2023-02-09T14:14:15.067+0000][68][gc,age      ] GC(176) Desired survivor size 6291456 bytes, new threshold 15 (max threshold 15)
[2023-02-09T14:14:15.071+0000][68][gc,phases   ] GC(176)   Pre Evacuate Collection Set: 0.1ms
[2023-02-09T14:14:15.072+0000][68][gc,phases   ] GC(176)   Merge Heap Roots: 0.0ms
[2023-02-09T14:14:15.073+0000][68][gc,phases   ] GC(176)   Evacuate Collection Set: 2.2ms
[2023-02-09T14:14:15.073+0000][68][gc,phases   ] GC(176)   Post Evacuate Collection Set: 0.7ms
[2023-02-09T14:14:15.074+0000][68][gc,phases   ] GC(176)   Other: 1.0ms
[2023-02-09T14:14:15.074+0000][68][gc,age      ] GC(176) Age table with threshold 15 (max threshold 15)
[2023-02-09T14:14:15.074+0000][68][gc,age      ] GC(176) - age   1:     753888 bytes,     753888 total
[2023-02-09T14:14:15.075+0000][68][gc,age      ] GC(176) - age   2:      21560 bytes,     775448 total
[2023-02-09T14:14:15.076+0000][68][gc,age      ] GC(176) - age   3:     150232 bytes,     925680 total
[2023-02-09T14:14:15.076+0000][68][gc,age      ] GC(176) - age   4:       5952 bytes,     931632 total
[2023-02-09T14:14:15.077+0000][68][gc,age      ] GC(176) - age   5:       9256 bytes,     940888 total
[2023-02-09T14:14:15.077+0000][68][gc,age      ] GC(176) - age   6:       2344 bytes,     943232 total
[2023-02-09T14:14:15.078+0000][68][gc,age      ] GC(176) - age   7:       4680 bytes,     947912 total
[2023-02-09T14:14:15.078+0000][68][gc,age      ] GC(176) - age   8:      77320 bytes,    1025232 total
[2023-02-09T14:14:15.079+0000][68][gc,age      ] GC(176) - age   9:     291664 bytes,    1316896 total
[2023-02-09T14:14:15.079+0000][68][gc,age      ] GC(176) - age  10:      37240 bytes,    1354136 total
[2023-02-09T14:14:15.080+0000][68][gc,age      ] GC(176) - age  11:     450416 bytes,    1804552 total
[2023-02-09T14:14:15.080+0000][68][gc,age      ] GC(176) - age  12:        704 bytes,    1805256 total
[2023-02-09T14:14:15.081+0000][68][gc,age      ] GC(176) - age  13:      17176 bytes,    1822432 total
[2023-02-09T14:14:15.081+0000][68][gc,age      ] GC(176) - age  14:      13984 bytes,    1836416 total
[2023-02-09T14:14:15.081+0000][68][gc,age      ] GC(176) - age  15:        336 bytes,    1836752 total
[2023-02-09T14:14:15.082+0000][68][gc,heap     ] GC(176) Eden regions: 22->0(22)
[2023-02-09T14:14:15.082+0000][68][gc,heap     ] GC(176) Survivor regions: 1->1(3)
[2023-02-09T14:14:15.083+0000][68][gc,heap     ] GC(176) Old regions: 26->26
[2023-02-09T14:14:15.083+0000][68][gc,heap     ] GC(176) Archive regions: 2->2
[2023-02-09T14:14:15.084+0000][68][gc,heap     ] GC(176) Humongous regions: 2->2
[2023-02-09T14:14:15.084+0000][68][gc,metaspace] GC(176) Metaspace: 142167K(145280K)->142167K(145280K) NonClass: 124008K(125248K)->124008K(125248K) Class: 18159K(20032K)->18159K(20032K)
[2023-02-09T14:14:15.085+0000][68][gc          ] GC(176) Pause Young (Normal) (G1 Evacuation Pause) 203M->115M(256M) 18.488ms
[2023-02-09T14:14:15.085+0000][68][gc,cpu      ] GC(176) User=0.01s Sys=0.00s Real=0.02s
[2023-02-09T14:14:15.086+0000][68][safepoint   ] Safepoint "G1CollectForAllocation", Time since last: 5990858067 ns, Reaching safepoint: 109258 ns, At safepoint: 19568166 ns, Total: 19677424 ns
[2023-02-09T14:14:21.069+0000][68][safepoint   ] Safepoint "Cleanup", Time since last: 6004625321 ns, Reaching safepoint: 83332 ns, At safepoint: 2803 ns, Total: 86135 ns
[2023-02-09T14:14:27.073+0000][68][safepoint   ] Safepoint "Cleanup", Time since last: 6004501466 ns, Reaching safepoint: 153651 ns, At safepoint: 26772 ns, Total: 180423 ns
[2023-02-09T14:14:28.076+0000][68][safepoint   ] Safepoint "Cleanup", Time since last: 1001961375 ns, Reaching safepoint: 495255 ns, At safepoint: 17020 ns, Total: 512275 ns
[2023-02-09T14:14:33.083+0000][68][safepoint   ] Safepoint "Cleanup", Time since last: 5006973813 ns, Reaching safepoint: 68672 ns, At safepoint: 3873 ns, Total: 72545 ns
[2023-02-09T14:14:34.084+0000][68][safepoint   ] Safepoint "Cleanup", Time since last: 1000766476 ns, Reaching safepoint: 58944 ns, At safepoint: 3059 ns, Total: 62003 ns
[2023-02-09T14:14:36.086+0000][68][safepoint   ] Safepoint "Cleanup", Time since last: 2002319541 ns, Reaching safepoint: 233809 ns, At safepoint: 14111 ns, Total: 247920 ns
[2023-02-09T14:14:39.091+0000][68][safepoint   ] Safepoint "Cleanup", Time since last: 3004107990 ns, Reaching safepoint: 131033 ns, At safepoint: 5889 ns, Total: 136922 ns
[2023-02-09T14:14:42.095+0000][68][safepoint   ] Safepoint "Cleanup", Time since last: 3003825136 ns, Reaching safepoint: 270305 ns, At safepoint: 131493 ns, Total: 401798 ns
[2023-02-09T14:14:45.100+0000][68][safepoint   ] Safepoint "Cleanup", Time since last: 3005214917 ns, Reaching safepoint: 72315 ns, At safepoint: 4138 ns, Total: 76453 ns
[2023-02-09T14:14:45.123+0000][68][gc,start    ] GC(177) Pause Young (Concurrent Start) (G1 Evacuation Pause)
[2023-02-09T14:14:45.124+0000][68][gc,task     ] GC(177) Using 4 workers of 4 for evacuation
[2023-02-09T14:14:45.124+0000][68][gc,age      ] GC(177) Desired survivor size 6291456 bytes, new threshold 15 (max threshold 15)
[2023-02-09T14:14:45.129+0000][68][gc,phases   ] GC(177)   Pre Evacuate Collection Set: 0.3ms
[2023-02-09T14:14:45.129+0000][68][gc,phases   ] GC(177)   Merge Heap Roots: 0.1ms
[2023-02-09T14:14:45.130+0000][68][gc,phases   ] GC(177)   Evacuate Collection Set: 2.4ms
[2023-02-09T14:14:45.130+0000][68][gc,phases   ] GC(177)   Post Evacuate Collection Set: 0.9ms
[2023-02-09T14:14:45.131+0000][68][gc,phases   ] GC(177)   Other: 1.0ms
[2023-02-09T14:14:45.131+0000][68][gc,age      ] GC(177) Age table with threshold 15 (max threshold 15)
[2023-02-09T14:14:45.131+0000][68][gc,age      ] GC(177) - age   1:    1183352 bytes,    1183352 total
[2023-02-09T14:14:45.132+0000][68][gc,age      ] GC(177) - age   2:     123328 bytes,    1306680 total
[2023-02-09T14:14:45.133+0000][68][gc,age      ] GC(177) - age   3:       1824 bytes,    1308504 total
[2023-02-09T14:14:45.133+0000][68][gc,age      ] GC(177) - age   4:        512 bytes,    1309016 total
[2023-02-09T14:14:45.134+0000][68][gc,age      ] GC(177) - age   5:       4416 bytes,    1313432 total
[2023-02-09T14:14:45.134+0000][68][gc,age      ] GC(177) - age   6:       1176 bytes,    1314608 total
[2023-02-09T14:14:45.135+0000][68][gc,age      ] GC(177) - age   7:       2280 bytes,    1316888 total
[2023-02-09T14:14:45.135+0000][68][gc,age      ] GC(177) - age   8:       4680 bytes,    1321568 total
[2023-02-09T14:14:45.136+0000][68][gc,age      ] GC(177) - age   9:      77320 bytes,    1398888 total
[2023-02-09T14:14:45.136+0000][68][gc,age      ] GC(177) - age  10:     291664 bytes,    1690552 total
[2023-02-09T14:14:45.136+0000][68][gc,age      ] GC(177) - age  11:      37240 bytes,    1727792 total
[2023-02-09T14:14:45.137+0000][68][gc,age      ] GC(177) - age  12:     450416 bytes,    2178208 total
[2023-02-09T14:14:45.137+0000][68][gc,age      ] GC(177) - age  13:        704 bytes,    2178912 total
[2023-02-09T14:14:45.137+0000][68][gc,age      ] GC(177) - age  14:      17176 bytes,    2196088 total
[2023-02-09T14:14:45.138+0000][68][gc,age      ] GC(177) - age  15:      13984 bytes,    2210072 total
[2023-02-09T14:14:45.138+0000][68][gc,heap     ] GC(177) Eden regions: 22->0(22)
[2023-02-09T14:14:45.138+0000][68][gc,heap     ] GC(177) Survivor regions: 1->1(3)
[2023-02-09T14:14:45.139+0000][68][gc,heap     ] GC(177) Old regions: 26->26
[2023-02-09T14:14:45.139+0000][68][gc,heap     ] GC(177) Archive regions: 2->2
[2023-02-09T14:14:45.139+0000][68][gc,heap     ] GC(177) Humongous regions: 2->2
[2023-02-09T14:14:45.140+0000][68][gc,metaspace] GC(177) Metaspace: 142194K(145280K)->142194K(145280K) NonClass: 124035K(125248K)->124035K(125248K) Class: 18159K(20032K)->18159K(20032K)
[2023-02-09T14:14:45.140+0000][68][gc          ] GC(177) Pause Young (Concurrent Start) (G1 Evacuation Pause) 203M->115M(256M) 16.635ms
[2023-02-09T14:14:45.140+0000][68][gc,cpu      ] GC(177) User=0.00s Sys=0.00s Real=0.01s
[2023-02-09T14:14:45.141+0000][68][gc          ] GC(178) Concurrent Mark Cycle
[2023-02-09T14:14:45.141+0000][68][gc,marking  ] GC(178) Concurrent Clear Claimed Marks
[2023-02-09T14:14:45.141+0000][68][safepoint   ] Safepoint "G1CollectForAllocation", Time since last: 23304397 ns, Reaching safepoint: 52954 ns, At safepoint: 17448264 ns, Total: 17501218 ns
[2023-02-09T14:14:45.142+0000][68][gc,marking  ] GC(178) Concurrent Clear Claimed Marks 0.684ms
[2023-02-09T14:14:45.143+0000][68][gc,marking  ] GC(178) Concurrent Scan Root Regions
[2023-02-09T14:14:45.146+0000][68][gc,marking  ] GC(178) Concurrent Scan Root Regions 2.859ms
[2023-02-09T14:14:45.146+0000][68][gc,marking  ] GC(178) Concurrent Mark
[2023-02-09T14:14:45.147+0000][68][gc,marking  ] GC(178) Concurrent Mark From Roots
[2023-02-09T14:14:45.147+0000][68][gc,task     ] GC(178) Using 1 workers of 1 for marking
[2023-02-09T14:14:45.244+0000][68][gc,marking  ] GC(178) Concurrent Mark From Roots 97.333ms
[2023-02-09T14:14:45.245+0000][68][gc,marking  ] GC(178) Concurrent Preclean
[2023-02-09T14:14:45.246+0000][68][gc,marking  ] GC(178) Concurrent Preclean 0.886ms
[2023-02-09T14:14:45.247+0000][68][gc,start    ] GC(178) Pause Remark
[2023-02-09T14:14:45.258+0000][68][gc          ] GC(178) Pause Remark 118M->118M(256M) 10.789ms
[2023-02-09T14:14:45.258+0000][68][gc,cpu      ] GC(178) User=0.03s Sys=0.00s Real=0.01s
[2023-02-09T14:14:45.259+0000][68][safepoint   ] Safepoint "G1PauseRemark", Time since last: 105769298 ns, Reaching safepoint: 97790 ns, At safepoint: 12513296 ns, Total: 12611086 ns
[2023-02-09T14:14:45.260+0000][68][gc,marking  ] GC(178) Concurrent Mark 113.682ms
[2023-02-09T14:14:45.260+0000][68][gc,marking  ] GC(178) Concurrent Rebuild Remembered Sets
[2023-02-09T14:14:45.309+0000][68][gc,marking  ] GC(178) Concurrent Rebuild Remembered Sets 48.388ms
[2023-02-09T14:14:45.310+0000][68][gc,start    ] GC(178) Pause Cleanup
[2023-02-09T14:14:45.311+0000][68][gc          ] GC(178) Pause Cleanup 119M->119M(256M) 1.006ms
[2023-02-09T14:14:45.312+0000][68][gc,cpu      ] GC(178) User=0.00s Sys=0.00s Real=0.01s
[2023-02-09T14:14:45.312+0000][68][safepoint   ] Safepoint "G1PauseCleanup", Time since last: 50387970 ns, Reaching safepoint: 77918 ns, At safepoint: 2525171 ns, Total: 2603089 ns
[2023-02-09T14:14:45.313+0000][68][gc,marking  ] GC(178) Concurrent Cleanup for Next Mark
[2023-02-09T14:14:45.313+0000][68][gc,marking  ] GC(178) Concurrent Cleanup for Next Mark 0.766ms
[2023-02-09T14:14:45.314+0000][68][gc          ] GC(178) Concurrent Mark Cycle 173.460ms
[2023-02-09T14:14:57.312+0000][68][safepoint   ] Safepoint "Cleanup", Time since last: 12020102403 ns, Reaching safepoint: 129314 ns, At safepoint: 4571 ns, Total: 133885 ns
[2023-02-09T14:15:06.327+0000][68][safepoint   ] Safepoint "Cleanup", Time since last: 9014003611 ns, Reaching safepoint: 682192 ns, At safepoint: 31894 ns, Total: 714086 ns
[2023-02-09T14:15:11.904+0000][68][gc,start    ] GC(179) Pause Young (Normal) (G1 Evacuation Pause)
[2023-02-09T14:15:11.905+0000][68][gc,task     ] GC(179) Using 4 workers of 4 for evacuation
[2023-02-09T14:15:11.907+0000][68][gc,age      ] GC(179) Desired survivor size 6291456 bytes, new threshold 15 (max threshold 15)
[2023-02-09T14:15:11.913+0000][68][gc,phases   ] GC(179)   Pre Evacuate Collection Set: 0.2ms
[2023-02-09T14:15:11.914+0000][68][gc,phases   ] GC(179)   Merge Heap Roots: 0.2ms
[2023-02-09T14:15:11.915+0000][68][gc,phases   ] GC(179)   Evacuate Collection Set: 3.2ms
[2023-02-09T14:15:11.915+0000][68][gc,phases   ] GC(179)   Post Evacuate Collection Set: 1.3ms
[2023-02-09T14:15:11.916+0000][68][gc,phases   ] GC(179)   Other: 3.0ms
[2023-02-09T14:15:11.917+0000][68][gc,age      ] GC(179) Age table with threshold 15 (max threshold 15)
[2023-02-09T14:15:11.918+0000][68][gc,age      ] GC(179) - age   1:     905728 bytes,     905728 total
[2023-02-09T14:15:11.918+0000][68][gc,age      ] GC(179) - age   2:      66368 bytes,     972096 total
[2023-02-09T14:15:11.919+0000][68][gc,age      ] GC(179) - age   3:     118288 bytes,    1090384 total
[2023-02-09T14:15:11.920+0000][68][gc,age      ] GC(179) - age   4:       1760 bytes,    1092144 total
[2023-02-09T14:15:11.920+0000][68][gc,age      ] GC(179) - age   5:        448 bytes,    1092592 total
[2023-02-09T14:15:11.921+0000][68][gc,age      ] GC(179) - age   6:       4416 bytes,    1097008 total
[2023-02-09T14:15:11.921+0000][68][gc,age      ] GC(179) - age   7:       1112 bytes,    1098120 total
[2023-02-09T14:15:11.922+0000][68][gc,age      ] GC(179) - age   8:       2280 bytes,    1100400 total
[2023-02-09T14:15:11.923+0000][68][gc,age      ] GC(179) - age   9:       4680 bytes,    1105080 total
[2023-02-09T14:15:11.924+0000][68][gc,age      ] GC(179) - age  10:      77320 bytes,    1182400 total
[2023-02-09T14:15:11.924+0000][68][gc,age      ] GC(179) - age  11:     291664 bytes,    1474064 total
[2023-02-09T14:15:11.925+0000][68][gc,age      ] GC(179) - age  12:      37240 bytes,    1511304 total
[2023-02-09T14:15:11.926+0000][68][gc,age      ] GC(179) - age  13:     450416 bytes,    1961720 total
[2023-02-09T14:15:11.926+0000][68][gc,age      ] GC(179) - age  14:        704 bytes,    1962424 total
[2023-02-09T14:15:11.927+0000][68][gc,age      ] GC(179) - age  15:      17176 bytes,    1979600 total
[2023-02-09T14:15:11.927+0000][68][gc,heap     ] GC(179) Eden regions: 22->0(22)
[2023-02-09T14:15:11.928+0000][68][gc,heap     ] GC(179) Survivor regions: 1->1(3)
[2023-02-09T14:15:11.929+0000][68][gc,heap     ] GC(179) Old regions: 26->26
[2023-02-09T14:15:11.929+0000][68][gc,heap     ] GC(179) Archive regions: 2->2
[2023-02-09T14:15:11.930+0000][68][gc,heap     ] GC(179) Humongous regions: 2->2
[2023-02-09T14:15:11.930+0000][68][gc,metaspace] GC(179) Metaspace: 142196K(145280K)->142196K(145280K) NonClass: 124037K(125248K)->124037K(125248K) Class: 18159K(20032K)->18159K(20032K)
[2023-02-09T14:15:11.931+0000][68][gc          ] GC(179) Pause Young (Normal) (G1 Evacuation Pause) 203M->115M(256M) 27.495ms
[2023-02-09T14:15:11.932+0000][68][gc,cpu      ] GC(179) User=0.01s Sys=0.00s Real=0.03s
[2023-02-09T14:15:11.932+0000][68][safepoint   ] Safepoint "G1CollectForAllocation", Time since last: 5576275894 ns, Reaching safepoint: 351169 ns, At safepoint: 28779315 ns, Total: 29130484 ns
[2023-02-09T14:15:17.941+0000][68][safepoint   ] Safepoint "Cleanup", Time since last: 6007681685 ns, Reaching safepoint: 627392 ns, At safepoint: 15395 ns, Total: 642787 ns
[2023-02-09T14:15:22.925+0000][68][safepoint   ] Safepoint "Cleanup", Time since last: 5006699854 ns, Reaching safepoint: 691059 ns, At safepoint: 26274 ns, Total: 717333 ns
[2023-02-09T14:15:30.940+0000][68][safepoint   ] Safepoint "Cleanup", Time since last: 8014071882 ns, Reaching safepoint: 787178 ns, At safepoint: 32744 ns, Total: 819922 ns
[2023-02-09T14:15:34.946+0000][68][safepoint   ] Safepoint "Cleanup", Time since last: 4005810155 ns, Reaching safepoint: 665154 ns, At safepoint: 19533 ns, Total: 684687 ns
[2023-02-09T14:15:36.158+0000][68][gc,start    ] GC(180) Pause Young (Concurrent Start) (G1 Evacuation Pause)
[2023-02-09T14:15:36.159+0000][68][gc,task     ] GC(180) Using 4 workers of 4 for evacuation
[2023-02-09T14:15:36.159+0000][68][gc,age      ] GC(180) Desired survivor size 6291456 bytes, new threshold 15 (max threshold 15)
[2023-02-09T14:15:36.162+0000][68][gc,phases   ] GC(180)   Pre Evacuate Collection Set: 0.3ms
[2023-02-09T14:15:36.163+0000][68][gc,phases   ] GC(180)   Merge Heap Roots: 0.1ms
[2023-02-09T14:15:36.164+0000][68][gc,phases   ] GC(180)   Evacuate Collection Set: 1.5ms
[2023-02-09T14:15:36.164+0000][68][gc,phases   ] GC(180)   Post Evacuate Collection Set: 0.7ms
[2023-02-09T14:15:36.164+0000][68][gc,phases   ] GC(180)   Other: 1.2ms
[2023-02-09T14:15:36.165+0000][68][gc,age      ] GC(180) Age table with threshold 15 (max threshold 15)
[2023-02-09T14:15:36.165+0000][68][gc,age      ] GC(180) - age   1:    1401136 bytes,    1401136 total
[2023-02-09T14:15:36.165+0000][68][gc,age      ] GC(180) - age   2:     140488 bytes,    1541624 total
[2023-02-09T14:15:36.166+0000][68][gc,age      ] GC(180) - age   3:       1056 bytes,    1542680 total
[2023-02-09T14:15:36.166+0000][68][gc,age      ] GC(180) - age   4:       4200 bytes,    1546880 total
[2023-02-09T14:15:36.167+0000][68][gc,age      ] GC(180) - age   5:       1696 bytes,    1548576 total
[2023-02-09T14:15:36.167+0000][68][gc,age      ] GC(180) - age   6:        384 bytes,    1548960 total
[2023-02-09T14:15:36.168+0000][68][gc,age      ] GC(180) - age   7:       4352 bytes,    1553312 total
[2023-02-09T14:15:36.168+0000][68][gc,age      ] GC(180) - age   8:       1112 bytes,    1554424 total
[2023-02-09T14:15:36.169+0000][68][gc,age      ] GC(180) - age   9:       2280 bytes,    1556704 total
[2023-02-09T14:15:36.169+0000][68][gc,age      ] GC(180) - age  10:       4680 bytes,    1561384 total
[2023-02-09T14:15:36.170+0000][68][gc,age      ] GC(180) - age  11:      77040 bytes,    1638424 total
[2023-02-09T14:15:36.170+0000][68][gc,age      ] GC(180) - age  12:     291664 bytes,    1930088 total
[2023-02-09T14:15:36.170+0000][68][gc,age      ] GC(180) - age  13:      37240 bytes,    1967328 total
[2023-02-09T14:15:36.171+0000][68][gc,age      ] GC(180) - age  14:     450376 bytes,    2417704 total
[2023-02-09T14:15:36.171+0000][68][gc,age      ] GC(180) - age  15:        704 bytes,    2418408 total
[2023-02-09T14:15:36.172+0000][68][gc,heap     ] GC(180) Eden regions: 22->0(22)
[2023-02-09T14:15:36.172+0000][68][gc,heap     ] GC(180) Survivor regions: 1->1(3)
[2023-02-09T14:15:36.172+0000][68][gc,heap     ] GC(180) Old regions: 26->26
[2023-02-09T14:15:36.173+0000][68][gc,heap     ] GC(180) Archive regions: 2->2
[2023-02-09T14:15:36.173+0000][68][gc,heap     ] GC(180) Humongous regions: 2->2
[2023-02-09T14:15:36.174+0000][68][gc,metaspace] GC(180) Metaspace: 142199K(145344K)->142199K(145344K) NonClass: 124040K(125312K)->124040K(125312K) Class: 18159K(20032K)->18159K(20032K)
[2023-02-09T14:15:36.175+0000][68][gc          ] GC(180) Pause Young (Concurrent Start) (G1 Evacuation Pause) 203M->115M(256M) 16.891ms
[2023-02-09T14:15:36.175+0000][68][gc,cpu      ] GC(180) User=0.01s Sys=0.01s Real=0.02s
[2023-02-09T14:15:36.175+0000][68][safepoint   ] Safepoint "G1CollectForAllocation", Time since last: 1211041609 ns, Reaching safepoint: 98608 ns, At safepoint: 17883705 ns, Total: 17982313 ns
[2023-02-09T14:15:36.175+0000][68][gc          ] GC(181) Concurrent Mark Cycle
[2023-02-09T14:15:36.178+0000][68][gc,marking  ] GC(181) Concurrent Clear Claimed Marks
[2023-02-09T14:15:36.179+0000][68][gc,marking  ] GC(181) Concurrent Clear Claimed Marks 0.792ms
[2023-02-09T14:15:36.179+0000][68][gc,marking  ] GC(181) Concurrent Scan Root Regions
[2023-02-09T14:15:36.182+0000][68][gc,marking  ] GC(181) Concurrent Scan Root Regions 2.683ms
[2023-02-09T14:15:36.184+0000][68][gc,marking  ] GC(181) Concurrent Mark
[2023-02-09T14:15:36.185+0000][68][gc,marking  ] GC(181) Concurrent Mark From Roots
[2023-02-09T14:15:36.186+0000][68][gc,task     ] GC(181) Using 1 workers of 1 for marking
[2023-02-09T14:15:36.282+0000][68][gc,marking  ] GC(181) Concurrent Mark From Roots 97.021ms
[2023-02-09T14:15:36.283+0000][68][gc,marking  ] GC(181) Concurrent Preclean
[2023-02-09T14:15:36.284+0000][68][gc,marking  ] GC(181) Concurrent Preclean 1.012ms
[2023-02-09T14:15:36.285+0000][68][gc,start    ] GC(181) Pause Remark
[2023-02-09T14:15:36.294+0000][68][gc          ] GC(181) Pause Remark 121M->121M(256M) 8.967ms
[2023-02-09T14:15:36.295+0000][68][gc,cpu      ] GC(181) User=0.03s Sys=0.00s Real=0.01s
[2023-02-09T14:15:36.295+0000][68][safepoint   ] Safepoint "G1PauseRemark", Time since last: 109302497 ns, Reaching safepoint: 75509 ns, At safepoint: 10426965 ns, Total: 10502474 ns
[2023-02-09T14:15:36.296+0000][68][gc,marking  ] GC(181) Concurrent Mark 111.717ms
[2023-02-09T14:15:36.296+0000][68][gc,marking  ] GC(181) Concurrent Rebuild Remembered Sets
[2023-02-09T14:15:36.345+0000][68][gc,marking  ] GC(181) Concurrent Rebuild Remembered Sets 48.290ms
[2023-02-09T14:15:36.346+0000][68][gc,start    ] GC(181) Pause Cleanup
[2023-02-09T14:15:36.347+0000][68][gc          ] GC(181) Pause Cleanup 121M->121M(256M) 0.946ms
[2023-02-09T14:15:36.348+0000][68][gc,cpu      ] GC(181) User=0.00s Sys=0.00s Real=0.00s
[2023-02-09T14:15:36.349+0000][68][safepoint   ] Safepoint "G1PauseCleanup", Time since last: 50801692 ns, Reaching safepoint: 90529 ns, At safepoint: 2431791 ns, Total: 2522320 ns
[2023-02-09T14:15:36.349+0000][68][gc,marking  ] GC(181) Concurrent Cleanup for Next Mark
[2023-02-09T14:15:36.350+0000][68][gc,marking  ] GC(181) Concurrent Cleanup for Next Mark 0.727ms
[2023-02-09T14:15:36.350+0000][68][gc          ] GC(181) Concurrent Mark Cycle 175.114ms
[2023-02-09T14:15:37.349+0000][68][safepoint   ] Safepoint "Cleanup", Time since last: 1000753738 ns, Reaching safepoint: 86709 ns, At safepoint: 3113 ns, Total: 89822 ns
[2023-02-09T14:15:39.353+0000][68][safepoint   ] Safepoint "Cleanup", Time since last: 2003079422 ns, Reaching safepoint: 200347 ns, At safepoint: 6152 ns, Total: 206499 ns
[2023-02-09T14:15:40.356+0000][68][safepoint   ] Safepoint "Cleanup", Time since last: 1002340190 ns, Reaching safepoint: 522699 ns, At safepoint: 30985 ns, Total: 553684 ns
[2023-02-09T14:15:45.365+0000][68][safepoint   ] Safepoint "Cleanup", Time since last: 5008270245 ns, Reaching safepoint: 602022 ns, At safepoint: 14043 ns, Total: 616065 ns
[2023-02-09T14:15:47.372+0000][68][safepoint   ] Safepoint "Cleanup", Time since last: 2006363316 ns, Reaching safepoint: 696563 ns, At safepoint: 16241 ns, Total: 712804 ns
[2023-02-09T14:15:51.352+0000][68][safepoint   ] Safepoint "Cleanup", Time since last: 4006620266 ns, Reaching safepoint: 383708 ns, At safepoint: 16124 ns, Total: 399832 ns
[2023-02-09T14:15:57.362+0000][68][safepoint   ] Safepoint "Cleanup", Time since last: 6010210553 ns, Reaching safepoint: 424909 ns, At safepoint: 13587 ns, Total: 438496 ns
[2023-02-09T14:16:03.010+0000][68][gc,start    ] GC(182) Pause Young (Normal) (G1 Evacuation Pause)
[2023-02-09T14:16:03.011+0000][68][gc,task     ] GC(182) Using 4 workers of 4 for evacuation
[2023-02-09T14:16:03.011+0000][68][gc,age      ] GC(182) Desired survivor size 6291456 bytes, new threshold 15 (max threshold 15)
[2023-02-09T14:16:03.014+0000][68][gc,phases   ] GC(182)   Pre Evacuate Collection Set: 0.1ms
[2023-02-09T14:16:03.015+0000][68][gc,phases   ] GC(182)   Merge Heap Roots: 0.1ms
[2023-02-09T14:16:03.016+0000][68][gc,phases   ] GC(182)   Evacuate Collection Set: 2.0ms
[2023-02-09T14:16:03.016+0000][68][gc,phases   ] GC(182)   Post Evacuate Collection Set: 0.7ms
[2023-02-09T14:16:03.017+0000][68][gc,phases   ] GC(182)   Other: 0.9ms
[2023-02-09T14:16:03.017+0000][68][gc,age      ] GC(182) Age table with threshold 15 (max threshold 15)
[2023-02-09T14:16:03.018+0000][68][gc,age      ] GC(182) - age   1:    1618464 bytes,    1618464 total
[2023-02-09T14:16:03.018+0000][68][gc,age      ] GC(182) - age   2:     183088 bytes,    1801552 total
[2023-02-09T14:16:03.019+0000][68][gc,age      ] GC(182) - age   3:      19336 bytes,    1820888 total
[2023-02-09T14:16:03.019+0000][68][gc,age      ] GC(182) - age   4:        928 bytes,    1821816 total
[2023-02-09T14:16:03.020+0000][68][gc,age      ] GC(182) - age   5:       4136 bytes,    1825952 total
[2023-02-09T14:16:03.020+0000][68][gc,age      ] GC(182) - age   6:       1680 bytes,    1827632 total
[2023-02-09T14:16:03.021+0000][68][gc,age      ] GC(182) - age   7:        384 bytes,    1828016 total
[2023-02-09T14:16:03.021+0000][68][gc,age      ] GC(182) - age   8:       2992 bytes,    1831008 total
[2023-02-09T14:16:03.022+0000][68][gc,age      ] GC(182) - age   9:       1112 bytes,    1832120 total
[2023-02-09T14:16:03.022+0000][68][gc,age      ] GC(182) - age  10:       2280 bytes,    1834400 total
[2023-02-09T14:16:03.022+0000][68][gc,age      ] GC(182) - age  11:       2024 bytes,    1836424 total
[2023-02-09T14:16:03.023+0000][68][gc,age      ] GC(182) - age  12:      39976 bytes,    1876400 total
[2023-02-09T14:16:03.023+0000][68][gc,age      ] GC(182) - age  13:      48936 bytes,    1925336 total
[2023-02-09T14:16:03.024+0000][68][gc,age      ] GC(182) - age  14:      37240 bytes,    1962576 total
[2023-02-09T14:16:03.024+0000][68][gc,age      ] GC(182) - age  15:     365136 bytes,    2327712 total
[2023-02-09T14:16:03.025+0000][68][gc,heap     ] GC(182) Eden regions: 22->0(22)
[2023-02-09T14:16:03.025+0000][68][gc,heap     ] GC(182) Survivor regions: 1->1(3)
[2023-02-09T14:16:03.026+0000][68][gc,heap     ] GC(182) Old regions: 26->26
[2023-02-09T14:16:03.026+0000][68][gc,heap     ] GC(182) Archive regions: 2->2
[2023-02-09T14:16:03.026+0000][68][gc,heap     ] GC(182) Humongous regions: 2->2
[2023-02-09T14:16:03.027+0000][68][gc,metaspace] GC(182) Metaspace: 142205K(145344K)->142205K(145344K) NonClass: 124046K(125312K)->124046K(125312K) Class: 18159K(20032K)->18159K(20032K)
[2023-02-09T14:16:03.028+0000][68][gc          ] GC(182) Pause Young (Normal) (G1 Evacuation Pause) 203M->115M(256M) 17.729ms
[2023-02-09T14:16:03.028+0000][68][gc,cpu      ] GC(182) User=0.01s Sys=0.00s Real=0.02s
[2023-02-09T14:16:03.029+0000][68][safepoint   ] Safepoint "G1CollectForAllocation", Time since last: 5647578053 ns, Reaching safepoint: 119681 ns, At safepoint: 18697185 ns, Total: 18816866 ns
[2023-02-09T14:16:04.031+0000][68][safepoint   ] Safepoint "Cleanup", Time since last: 1001984439 ns, Reaching safepoint: 339582 ns, At safepoint: 12286 ns, Total: 351868 ns
[2023-02-09T14:16:08.038+0000][68][safepoint   ] Safepoint "Cleanup", Time since last: 4006534256 ns, Reaching safepoint: 809785 ns, At safepoint: 56034 ns, Total: 865819 ns
[2023-02-09T14:16:09.041+0000][68][safepoint   ] Safepoint "Cleanup", Time since last: 1002599923 ns, Reaching safepoint: 104006 ns, At safepoint: 2860 ns, Total: 106866 ns
[2023-02-09T14:16:16.047+0000][68][safepoint   ] Safepoint "Cleanup", Time since last: 7005736312 ns, Reaching safepoint: 90772 ns, At safepoint: 3660 ns, Total: 94432 ns
[2023-02-09T14:16:27.072+0000][68][gc,start    ] GC(183) Pause Young (Concurrent Start) (G1 Evacuation Pause)
[2023-02-09T14:16:27.073+0000][68][gc,task     ] GC(183) Using 4 workers of 4 for evacuation
[2023-02-09T14:16:27.074+0000][68][gc,age      ] GC(183) Desired survivor size 6291456 bytes, new threshold 15 (max threshold 15)
[2023-02-09T14:16:27.078+0000][68][gc,phases   ] GC(183)   Pre Evacuate Collection Set: 0.4ms
[2023-02-09T14:16:27.078+0000][68][gc,phases   ] GC(183)   Merge Heap Roots: 0.2ms
[2023-02-09T14:16:27.079+0000][68][gc,phases   ] GC(183)   Evacuate Collection Set: 2.0ms
[2023-02-09T14:16:27.079+0000][68][gc,phases   ] GC(183)   Post Evacuate Collection Set: 0.7ms
[2023-02-09T14:16:27.080+0000][68][gc,phases   ] GC(183)   Other: 1.2ms
[2023-02-09T14:16:27.080+0000][68][gc,age      ] GC(183) Age table with threshold 15 (max threshold 15)
[2023-02-09T14:16:27.080+0000][68][gc,age      ] GC(183) - age   1:    1734592 bytes,    1734592 total
[2023-02-09T14:16:27.081+0000][68][gc,age      ] GC(183) - age   2:     380048 bytes,    2114640 total
[2023-02-09T14:16:27.081+0000][68][gc,age      ] GC(183) - age   3:       3672 bytes,    2118312 total
[2023-02-09T14:16:27.082+0000][68][gc,age      ] GC(183) - age   4:      18912 bytes,    2137224 total
[2023-02-09T14:16:27.082+0000][68][gc,age      ] GC(183) - age   5:        864 bytes,    2138088 total
[2023-02-09T14:16:27.083+0000][68][gc,age      ] GC(183) - age   6:       4136 bytes,    2142224 total
[2023-02-09T14:16:27.083+0000][68][gc,age      ] GC(183) - age   7:       1680 bytes,    2143904 total
[2023-02-09T14:16:27.084+0000][68][gc,age      ] GC(183) - age   8:        104 bytes,    2144008 total
[2023-02-09T14:16:27.084+0000][68][gc,age      ] GC(183) - age   9:       2992 bytes,    2147000 total
[2023-02-09T14:16:27.084+0000][68][gc,age      ] GC(183) - age  10:       1112 bytes,    2148112 total
[2023-02-09T14:16:27.085+0000][68][gc,age      ] GC(183) - age  11:       2280 bytes,    2150392 total
[2023-02-09T14:16:27.085+0000][68][gc,age      ] GC(183) - age  12:       2024 bytes,    2152416 total
[2023-02-09T14:16:27.085+0000][68][gc,age      ] GC(183) - age  13:      39712 bytes,    2192128 total
[2023-02-09T14:16:27.086+0000][68][gc,age      ] GC(183) - age  14:      48904 bytes,    2241032 total
[2023-02-09T14:16:27.086+0000][68][gc,age      ] GC(183) - age  15:      37240 bytes,    2278272 total
[2023-02-09T14:16:27.087+0000][68][gc,heap     ] GC(183) Eden regions: 22->0(21)
[2023-02-09T14:16:27.087+0000][68][gc,heap     ] GC(183) Survivor regions: 1->1(3)
[2023-02-09T14:16:27.088+0000][68][gc,heap     ] GC(183) Old regions: 26->26
[2023-02-09T14:16:27.088+0000][68][gc,heap     ] GC(183) Archive regions: 2->2
[2023-02-09T14:16:27.089+0000][68][gc,heap     ] GC(183) Humongous regions: 2->2
[2023-02-09T14:16:27.089+0000][68][gc,metaspace] GC(183) Metaspace: 142211K(145344K)->142211K(145344K) NonClass: 124051K(125312K)->124051K(125312K) Class: 18159K(20032K)->18159K(20032K)
[2023-02-09T14:16:27.090+0000][68][gc          ] GC(183) Pause Young (Concurrent Start) (G1 Evacuation Pause) 203M->116M(256M) 17.652ms
[2023-02-09T14:16:27.090+0000][68][gc,cpu      ] GC(183) User=0.01s Sys=0.00s Real=0.02s
[2023-02-09T14:16:27.091+0000][68][safepoint   ] Safepoint "G1CollectForAllocation", Time since last: 11049584243 ns, Reaching safepoint: 129428 ns, At safepoint: 18458840 ns, Total: 18588268 ns
[2023-02-09T14:16:27.090+0000][68][gc          ] GC(184) Concurrent Mark Cycle
[2023-02-09T14:16:27.093+0000][68][gc,marking  ] GC(184) Concurrent Clear Claimed Marks
[2023-02-09T14:16:27.094+0000][68][gc,marking  ] GC(184) Concurrent Clear Claimed Marks 0.825ms
[2023-02-09T14:16:27.094+0000][68][gc,marking  ] GC(184) Concurrent Scan Root Regions
[2023-02-09T14:16:27.097+0000][68][gc,marking  ] GC(184) Concurrent Scan Root Regions 2.760ms
[2023-02-09T14:16:27.098+0000][68][gc,marking  ] GC(184) Concurrent Mark
[2023-02-09T14:16:27.098+0000][68][gc,marking  ] GC(184) Concurrent Mark From Roots
[2023-02-09T14:16:27.099+0000][68][gc,task     ] GC(184) Using 1 workers of 1 for marking
[2023-02-09T14:16:27.243+0000][68][gc,marking  ] GC(184) Concurrent Mark From Roots 144.457ms
[2023-02-09T14:16:27.243+0000][68][gc,marking  ] GC(184) Concurrent Preclean
[2023-02-09T14:16:27.244+0000][68][gc,marking  ] GC(184) Concurrent Preclean 0.526ms
[2023-02-09T14:16:27.244+0000][68][gc,start    ] GC(184) Pause Remark
[2023-02-09T14:16:27.254+0000][68][gc          ] GC(184) Pause Remark 121M->121M(256M) 9.977ms
[2023-02-09T14:16:27.255+0000][68][gc,cpu      ] GC(184) User=0.03s Sys=0.00s Real=0.01s
[2023-02-09T14:16:27.255+0000][68][safepoint   ] Safepoint "G1PauseRemark", Time since last: 153463377 ns, Reaching safepoint: 66718 ns, At safepoint: 11109953 ns, Total: 11176671 ns
[2023-02-09T14:16:27.256+0000][68][gc,marking  ] GC(184) Concurrent Mark 158.515ms
[2023-02-09T14:16:27.256+0000][68][gc,marking  ] GC(184) Concurrent Rebuild Remembered Sets
[2023-02-09T14:16:27.330+0000][68][gc,marking  ] GC(184) Concurrent Rebuild Remembered Sets 73.183ms
[2023-02-09T14:16:27.331+0000][68][gc,start    ] GC(184) Pause Cleanup
[2023-02-09T14:16:27.331+0000][68][gc          ] GC(184) Pause Cleanup 122M->122M(256M) 0.634ms
[2023-02-09T14:16:27.332+0000][68][gc,cpu      ] GC(184) User=0.00s Sys=0.00s Real=0.00s
[2023-02-09T14:16:27.332+0000][68][safepoint   ] Safepoint "G1PauseCleanup", Time since last: 75040078 ns, Reaching safepoint: 114618 ns, At safepoint: 1848912 ns, Total: 1963530 ns
[2023-02-09T14:16:27.333+0000][68][gc,marking  ] GC(184) Concurrent Cleanup for Next Mark
[2023-02-09T14:16:27.334+0000][68][gc,marking  ] GC(184) Concurrent Cleanup for Next Mark 0.874ms
[2023-02-09T14:16:27.335+0000][68][gc          ] GC(184) Concurrent Mark Cycle 244.293ms
[2023-02-09T14:16:51.339+0000][68][safepoint   ] Safepoint "Cleanup", Time since last: 24027418929 ns, Reaching safepoint: 148608 ns, At safepoint: 3779 ns, Total: 152387 ns
[2023-02-09T14:16:56.805+0000][68][gc,start    ] GC(185) Pause Young (Normal) (G1 Evacuation Pause)
[2023-02-09T14:16:56.806+0000][68][gc,task     ] GC(185) Using 4 workers of 4 for evacuation
[2023-02-09T14:16:56.807+0000][68][gc,age      ] GC(185) Desired survivor size 6291456 bytes, new threshold 15 (max threshold 15)
[2023-02-09T14:16:56.812+0000][68][gc,phases   ] GC(185)   Pre Evacuate Collection Set: 0.2ms
[2023-02-09T14:16:56.813+0000][68][gc,phases   ] GC(185)   Merge Heap Roots: 0.1ms
[2023-02-09T14:16:56.813+0000][68][gc,phases   ] GC(185)   Evacuate Collection Set: 1.9ms
[2023-02-09T14:16:56.814+0000][68][gc,phases   ] GC(185)   Post Evacuate Collection Set: 1.5ms
[2023-02-09T14:16:56.815+0000][68][gc,phases   ] GC(185)   Other: 2.1ms
[2023-02-09T14:16:56.815+0000][68][gc,age      ] GC(185) Age table with threshold 15 (max threshold 15)
[2023-02-09T14:16:56.816+0000][68][gc,age      ] GC(185) - age   1:     251184 bytes,     251184 total
[2023-02-09T14:16:56.817+0000][68][gc,age      ] GC(185) - age   2:      19744 bytes,     270928 total
[2023-02-09T14:16:56.818+0000][68][gc,age      ] GC(185) - age   3:     360272 bytes,     631200 total
[2023-02-09T14:16:56.819+0000][68][gc,age      ] GC(185) - age   4:       2952 bytes,     634152 total
[2023-02-09T14:16:56.819+0000][68][gc,age      ] GC(185) - age   5:      18352 bytes,     652504 total
[2023-02-09T14:16:56.820+0000][68][gc,age      ] GC(185) - age   6:        504 bytes,     653008 total
[2023-02-09T14:16:56.820+0000][68][gc,age      ] GC(185) - age   7:       4136 bytes,     657144 total
[2023-02-09T14:16:56.821+0000][68][gc,age      ] GC(185) - age   8:       1680 bytes,     658824 total
[2023-02-09T14:16:56.821+0000][68][gc,age      ] GC(185) - age   9:        104 bytes,     658928 total
[2023-02-09T14:16:56.822+0000][68][gc,age      ] GC(185) - age  10:       2992 bytes,     661920 total
[2023-02-09T14:16:56.823+0000][68][gc,age      ] GC(185) - age  11:       1112 bytes,     663032 total
[2023-02-09T14:16:56.823+0000][68][gc,age      ] GC(185) - age  12:       2280 bytes,     665312 total
[2023-02-09T14:16:56.824+0000][68][gc,age      ] GC(185) - age  13:       2024 bytes,     667336 total
[2023-02-09T14:16:56.824+0000][68][gc,age      ] GC(185) - age  14:      39712 bytes,     707048 total
[2023-02-09T14:16:56.825+0000][68][gc,age      ] GC(185) - age  15:      48536 bytes,     755584 total
[2023-02-09T14:16:56.826+0000][68][gc,heap     ] GC(185) Eden regions: 21->0(22)
[2023-02-09T14:16:56.826+0000][68][gc,heap     ] GC(185) Survivor regions: 1->1(3)
[2023-02-09T14:16:56.827+0000][68][gc,heap     ] GC(185) Old regions: 26->26
[2023-02-09T14:16:56.827+0000][68][gc,heap     ] GC(185) Archive regions: 2->2
[2023-02-09T14:16:56.828+0000][68][gc,heap     ] GC(185) Humongous regions: 2->2
[2023-02-09T14:16:56.829+0000][68][gc,metaspace] GC(185) Metaspace: 142216K(145344K)->142216K(145344K) NonClass: 124057K(125312K)->124057K(125312K) Class: 18159K(20032K)->18159K(20032K)
[2023-02-09T14:16:56.829+0000][68][gc          ] GC(185) Pause Young (Normal) (G1 Evacuation Pause) 200M->114M(256M) 24.756ms
[2023-02-09T14:16:56.830+0000][68][gc,cpu      ] GC(185) User=0.01s Sys=0.01s Real=0.03s
[2023-02-09T14:16:56.831+0000][68][safepoint   ] Safepoint "G1CollectForAllocation", Time since last: 5464841991 ns, Reaching safepoint: 385623 ns, At safepoint: 25999824 ns, Total: 26385447 ns
[2023-02-09T14:16:57.834+0000][68][safepoint   ] Safepoint "Cleanup", Time since last: 1003350235 ns, Reaching safepoint: 358563 ns, At safepoint: 9052 ns, Total: 367615 ns
[2023-02-09T14:17:06.847+0000][68][safepoint   ] Safepoint "Cleanup", Time since last: 9012072056 ns, Reaching safepoint: 370430 ns, At safepoint: 27202 ns, Total: 397632 ns
[2023-02-09T14:17:15.855+0000][68][safepoint   ] Safepoint "Cleanup", Time since last: 9008093589 ns, Reaching safepoint: 491038 ns, At safepoint: 145898 ns, Total: 636936 ns
[2023-02-09T14:17:21.593+0000][68][gc,start    ] GC(186) Pause Young (Concurrent Start) (G1 Evacuation Pause)
[2023-02-09T14:17:21.594+0000][68][gc,task     ] GC(186) Using 4 workers of 4 for evacuation
[2023-02-09T14:17:21.595+0000][68][gc,age      ] GC(186) Desired survivor size 6291456 bytes, new threshold 15 (max threshold 15)
[2023-02-09T14:17:21.599+0000][68][gc,phases   ] GC(186)   Pre Evacuate Collection Set: 0.5ms
[2023-02-09T14:17:21.600+0000][68][gc,phases   ] GC(186)   Merge Heap Roots: 0.1ms
[2023-02-09T14:17:21.600+0000][68][gc,phases   ] GC(186)   Evacuate Collection Set: 1.9ms
[2023-02-09T14:17:21.601+0000][68][gc,phases   ] GC(186)   Post Evacuate Collection Set: 0.7ms
[2023-02-09T14:17:21.602+0000][68][gc,phases   ] GC(186)   Other: 1.8ms
[2023-02-09T14:17:21.603+0000][68][gc,age      ] GC(186) Age table with threshold 15 (max threshold 15)
[2023-02-09T14:17:21.603+0000][68][gc,age      ] GC(186) - age   1:    1472784 bytes,    1472784 total
[2023-02-09T14:17:21.604+0000][68][gc,age      ] GC(186) - age   2:     136632 bytes,    1609416 total
[2023-02-09T14:17:21.604+0000][68][gc,age      ] GC(186) - age   3:      14208 bytes,    1623624 total
[2023-02-09T14:17:21.605+0000][68][gc,age      ] GC(186) - age   4:     359416 bytes,    1983040 total
[2023-02-09T14:17:21.606+0000][68][gc,age      ] GC(186) - age   5:       2856 bytes,    1985896 total
[2023-02-09T14:17:21.606+0000][68][gc,age      ] GC(186) - age   6:      18352 bytes,    2004248 total
[2023-02-09T14:17:21.607+0000][68][gc,age      ] GC(186) - age   7:        440 bytes,    2004688 total
[2023-02-09T14:17:21.607+0000][68][gc,age      ] GC(186) - age   8:       4104 bytes,    2008792 total
[2023-02-09T14:17:21.607+0000][68][gc,age      ] GC(186) - age   9:       1384 bytes,    2010176 total
[2023-02-09T14:17:21.608+0000][68][gc,age      ] GC(186) - age  10:        104 bytes,    2010280 total
[2023-02-09T14:17:21.608+0000][68][gc,age      ] GC(186) - age  11:       2992 bytes,    2013272 total
[2023-02-09T14:17:21.609+0000][68][gc,age      ] GC(186) - age  12:       1112 bytes,    2014384 total
[2023-02-09T14:17:21.609+0000][68][gc,age      ] GC(186) - age  13:       2280 bytes,    2016664 total
[2023-02-09T14:17:21.610+0000][68][gc,age      ] GC(186) - age  14:       2024 bytes,    2018688 total
[2023-02-09T14:17:21.610+0000][68][gc,age      ] GC(186) - age  15:      39648 bytes,    2058336 total
[2023-02-09T14:17:21.610+0000][68][gc,heap     ] GC(186) Eden regions: 22->0(22)
[2023-02-09T14:17:21.611+0000][68][gc,heap     ] GC(186) Survivor regions: 1->1(3)
[2023-02-09T14:17:21.611+0000][68][gc,heap     ] GC(186) Old regions: 26->26
[2023-02-09T14:17:21.612+0000][68][gc,heap     ] GC(186) Archive regions: 2->2
[2023-02-09T14:17:21.612+0000][68][gc,heap     ] GC(186) Humongous regions: 2->2
[2023-02-09T14:17:21.612+0000][68][gc,metaspace] GC(186) Metaspace: 142226K(145344K)->142226K(145344K) NonClass: 124067K(125312K)->124067K(125312K) Class: 18159K(20032K)->18159K(20032K)
[2023-02-09T14:17:21.613+0000][68][gc          ] GC(186) Pause Young (Concurrent Start) (G1 Evacuation Pause) 202M->115M(256M) 19.908ms
[2023-02-09T14:17:21.613+0000][68][gc,cpu      ] GC(186) User=0.01s Sys=0.00s Real=0.02s
[2023-02-09T14:17:21.613+0000][68][gc          ] GC(187) Concurrent Mark Cycle
[2023-02-09T14:17:21.614+0000][68][gc,marking  ] GC(187) Concurrent Clear Claimed Marks
[2023-02-09T14:17:21.614+0000][68][safepoint   ] Safepoint "G1CollectForAllocation", Time since last: 5760502586 ns, Reaching safepoint: 432216 ns, At safepoint: 20891370 ns, Total: 21323586 ns
[2023-02-09T14:17:21.615+0000][68][gc,marking  ] GC(187) Concurrent Clear Claimed Marks 0.679ms
[2023-02-09T14:17:21.616+0000][68][gc,marking  ] GC(187) Concurrent Scan Root Regions
[2023-02-09T14:17:21.619+0000][68][gc,marking  ] GC(187) Concurrent Scan Root Regions 3.292ms
[2023-02-09T14:17:21.620+0000][68][gc,marking  ] GC(187) Concurrent Mark
[2023-02-09T14:17:21.620+0000][68][gc,marking  ] GC(187) Concurrent Mark From Roots
[2023-02-09T14:17:21.620+0000][68][gc,task     ] GC(187) Using 1 workers of 1 for marking
[2023-02-09T14:17:21.734+0000][68][gc,marking  ] GC(187) Concurrent Mark From Roots 113.720ms
[2023-02-09T14:17:21.734+0000][68][gc,marking  ] GC(187) Concurrent Preclean
[2023-02-09T14:17:21.735+0000][68][gc,marking  ] GC(187) Concurrent Preclean 0.781ms
[2023-02-09T14:17:21.736+0000][68][gc,start    ] GC(187) Pause Remark
[2023-02-09T14:17:21.747+0000][68][gc          ] GC(187) Pause Remark 117M->117M(256M) 11.237ms
[2023-02-09T14:17:21.748+0000][68][gc,cpu      ] GC(187) User=0.03s Sys=0.00s Real=0.01s
[2023-02-09T14:17:21.749+0000][68][safepoint   ] Safepoint "G1PauseRemark", Time since last: 122214521 ns, Reaching safepoint: 128167 ns, At safepoint: 12530390 ns, Total: 12658557 ns
[2023-02-09T14:17:21.749+0000][68][gc,marking  ] GC(187) Concurrent Mark 129.354ms
[2023-02-09T14:17:21.750+0000][68][gc,marking  ] GC(187) Concurrent Rebuild Remembered Sets
[2023-02-09T14:17:21.810+0000][68][gc,marking  ] GC(187) Concurrent Rebuild Remembered Sets 60.669ms
[2023-02-09T14:17:21.811+0000][68][gc,start    ] GC(187) Pause Cleanup
[2023-02-09T14:17:21.811+0000][68][gc          ] GC(187) Pause Cleanup 117M->117M(256M) 0.578ms
[2023-02-09T14:17:21.812+0000][68][gc,cpu      ] GC(187) User=0.00s Sys=0.00s Real=0.00s
[2023-02-09T14:17:21.813+0000][68][safepoint   ] Safepoint "G1PauseCleanup", Time since last: 62079940 ns, Reaching safepoint: 75126 ns, At safepoint: 1870818 ns, Total: 1945944 ns
[2023-02-09T14:17:21.813+0000][68][gc,marking  ] GC(187) Concurrent Cleanup for Next Mark
[2023-02-09T14:17:21.814+0000][68][gc,marking  ] GC(187) Concurrent Cleanup for Next Mark 0.685ms
[2023-02-09T14:17:21.814+0000][68][gc          ] GC(187) Concurrent Mark Cycle 201.149ms
[2023-02-09T14:17:28.825+0000][68][safepoint   ] Safepoint "Cleanup", Time since last: 7011411156 ns, Reaching safepoint: 397587 ns, At safepoint: 37076 ns, Total: 434663 ns
[2023-02-09T14:17:39.851+0000][68][safepoint   ] Safepoint "Cleanup", Time since last: 11025747451 ns, Reaching safepoint: 412105 ns, At safepoint: 13172 ns, Total: 425277 ns
[2023-02-09T14:17:43.856+0000][68][safepoint   ] Safepoint "Cleanup", Time since last: 4005467288 ns, Reaching safepoint: 327484 ns, At safepoint: 11102 ns, Total: 338586 ns
[2023-02-09T14:17:44.860+0000][68][safepoint   ] Safepoint "Cleanup", Time since last: 1003342780 ns, Reaching safepoint: 238264 ns, At safepoint: 53780 ns, Total: 292044 ns
[2023-02-09T14:17:50.826+0000][68][gc,start    ] GC(188) Pause Young (Normal) (G1 Evacuation Pause)
[2023-02-09T14:17:50.827+0000][68][gc,task     ] GC(188) Using 4 workers of 4 for evacuation
[2023-02-09T14:17:50.828+0000][68][gc,age      ] GC(188) Desired survivor size 6291456 bytes, new threshold 15 (max threshold 15)
[2023-02-09T14:17:50.832+0000][68][gc,phases   ] GC(188)   Pre Evacuate Collection Set: 0.1ms
[2023-02-09T14:17:50.832+0000][68][gc,phases   ] GC(188)   Merge Heap Roots: 0.1ms
[2023-02-09T14:17:50.833+0000][68][gc,phases   ] GC(188)   Evacuate Collection Set: 1.9ms
[2023-02-09T14:17:50.833+0000][68][gc,phases   ] GC(188)   Post Evacuate Collection Set: 0.9ms
[2023-02-09T14:17:50.834+0000][68][gc,phases   ] GC(188)   Other: 1.4ms
[2023-02-09T14:17:50.834+0000][68][gc,age      ] GC(188) Age table with threshold 15 (max threshold 15)
[2023-02-09T14:17:50.835+0000][68][gc,age      ] GC(188) - age   1:     948192 bytes,     948192 total
[2023-02-09T14:17:50.836+0000][68][gc,age      ] GC(188) - age   2:      77648 bytes,    1025840 total
[2023-02-09T14:17:50.836+0000][68][gc,age      ] GC(188) - age   3:       3712 bytes,    1029552 total
[2023-02-09T14:17:50.836+0000][68][gc,age      ] GC(188) - age   4:      13960 bytes,    1043512 total
[2023-02-09T14:17:50.837+0000][68][gc,age      ] GC(188) - age   5:     238608 bytes,    1282120 total
[2023-02-09T14:17:50.838+0000][68][gc,age      ] GC(188) - age   6:       2792 bytes,    1284912 total
[2023-02-09T14:17:50.838+0000][68][gc,age      ] GC(188) - age   7:      18352 bytes,    1303264 total
[2023-02-09T14:17:50.838+0000][68][gc,age      ] GC(188) - age   8:        440 bytes,    1303704 total
[2023-02-09T14:17:50.839+0000][68][gc,age      ] GC(188) - age   9:       4104 bytes,    1307808 total
[2023-02-09T14:17:50.839+0000][68][gc,age      ] GC(188) - age  10:       1384 bytes,    1309192 total
[2023-02-09T14:17:50.840+0000][68][gc,age      ] GC(188) - age  11:        104 bytes,    1309296 total
[2023-02-09T14:17:50.840+0000][68][gc,age      ] GC(188) - age  12:       2992 bytes,    1312288 total
[2023-02-09T14:17:50.841+0000][68][gc,age      ] GC(188) - age  13:       1112 bytes,    1313400 total
[2023-02-09T14:17:50.841+0000][68][gc,age      ] GC(188) - age  14:       2280 bytes,    1315680 total
[2023-02-09T14:17:50.842+0000][68][gc,age      ] GC(188) - age  15:       2024 bytes,    1317704 total
[2023-02-09T14:17:50.843+0000][68][gc,heap     ] GC(188) Eden regions: 22->0(22)
[2023-02-09T14:17:50.843+0000][68][gc,heap     ] GC(188) Survivor regions: 1->1(3)
[2023-02-09T14:17:50.844+0000][68][gc,heap     ] GC(188) Old regions: 26->26
[2023-02-09T14:17:50.844+0000][68][gc,heap     ] GC(188) Archive regions: 2->2
[2023-02-09T14:17:50.845+0000][68][gc,heap     ] GC(188) Humongous regions: 2->2
[2023-02-09T14:17:50.845+0000][68][gc,metaspace] GC(188) Metaspace: 142228K(145344K)->142228K(145344K) NonClass: 124069K(125312K)->124069K(125312K) Class: 18159K(20032K)->18159K(20032K)
[2023-02-09T14:17:50.846+0000][68][gc          ] GC(188) Pause Young (Normal) (G1 Evacuation Pause) 203M->115M(256M) 20.200ms
[2023-02-09T14:17:50.847+0000][68][gc,cpu      ] GC(188) User=0.01s Sys=0.00s Real=0.02s
[2023-02-09T14:17:50.847+0000][68][safepoint   ] Safepoint "G1CollectForAllocation", Time since last: 5987722508 ns, Reaching safepoint: 174536 ns, At safepoint: 20999055 ns, Total: 21173591 ns
[2023-02-09T14:18:06.869+0000][68][safepoint   ] Safepoint "Cleanup", Time since last: 16021359757 ns, Reaching safepoint: 442603 ns, At safepoint: 14333 ns, Total: 456936 ns
[2023-02-09T14:18:15.886+0000][68][safepoint   ] Safepoint "Cleanup", Time since last: 9016517780 ns, Reaching safepoint: 311134 ns, At safepoint: 11063 ns, Total: 322197 ns
[2023-02-09T14:18:16.585+0000][68][gc,start    ] GC(189) Pause Young (Concurrent Start) (G1 Evacuation Pause)
[2023-02-09T14:18:16.586+0000][68][gc,task     ] GC(189) Using 4 workers of 4 for evacuation
[2023-02-09T14:18:16.587+0000][68][gc,age      ] GC(189) Desired survivor size 6291456 bytes, new threshold 15 (max threshold 15)
[2023-02-09T14:18:16.592+0000][68][gc,phases   ] GC(189)   Pre Evacuate Collection Set: 0.5ms
[2023-02-09T14:18:16.593+0000][68][gc,phases   ] GC(189)   Merge Heap Roots: 0.1ms
[2023-02-09T14:18:16.593+0000][68][gc,phases   ] GC(189)   Evacuate Collection Set: 2.5ms
[2023-02-09T14:18:16.594+0000][68][gc,phases   ] GC(189)   Post Evacuate Collection Set: 0.7ms
[2023-02-09T14:18:16.594+0000][68][gc,phases   ] GC(189)   Other: 1.8ms
[2023-02-09T14:18:16.594+0000][68][gc,age      ] GC(189) Age table with threshold 15 (max threshold 15)
[2023-02-09T14:18:16.595+0000][68][gc,age      ] GC(189) - age   1:     887120 bytes,     887120 total
[2023-02-09T14:18:16.595+0000][68][gc,age      ] GC(189) - age   2:     157752 bytes,    1044872 total
[2023-02-09T14:18:16.596+0000][68][gc,age      ] GC(189) - age   3:      11992 bytes,    1056864 total
[2023-02-09T14:18:16.596+0000][68][gc,age      ] GC(189) - age   4:       3584 bytes,    1060448 total
[2023-02-09T14:18:16.597+0000][68][gc,age      ] GC(189) - age   5:      13896 bytes,    1074344 total
[2023-02-09T14:18:16.597+0000][68][gc,age      ] GC(189) - age   6:     238544 bytes,    1312888 total
[2023-02-09T14:18:16.598+0000][68][gc,age      ] GC(189) - age   7:       2728 bytes,    1315616 total
[2023-02-09T14:18:16.598+0000][68][gc,age      ] GC(189) - age   8:      18352 bytes,    1333968 total
[2023-02-09T14:18:16.598+0000][68][gc,age      ] GC(189) - age   9:        160 bytes,    1334128 total
[2023-02-09T14:18:16.599+0000][68][gc,age      ] GC(189) - age  10:       4104 bytes,    1338232 total
[2023-02-09T14:18:16.599+0000][68][gc,age      ] GC(189) - age  11:       1344 bytes,    1339576 total
[2023-02-09T14:18:16.600+0000][68][gc,age      ] GC(189) - age  12:        104 bytes,    1339680 total
[2023-02-09T14:18:16.600+0000][68][gc,age      ] GC(189) - age  13:       2992 bytes,    1342672 total
[2023-02-09T14:18:16.601+0000][68][gc,age      ] GC(189) - age  14:       1112 bytes,    1343784 total
[2023-02-09T14:18:16.601+0000][68][gc,age      ] GC(189) - age  15:       2280 bytes,    1346064 total
[2023-02-09T14:18:16.602+0000][68][gc,heap     ] GC(189) Eden regions: 22->0(22)
[2023-02-09T14:18:16.602+0000][68][gc,heap     ] GC(189) Survivor regions: 1->1(3)
[2023-02-09T14:18:16.602+0000][68][gc,heap     ] GC(189) Old regions: 26->26
[2023-02-09T14:18:16.603+0000][68][gc,heap     ] GC(189) Archive regions: 2->2
[2023-02-09T14:18:16.603+0000][68][gc,heap     ] GC(189) Humongous regions: 2->2
[2023-02-09T14:18:16.604+0000][68][gc,metaspace] GC(189) Metaspace: 142250K(145344K)->142250K(145344K) NonClass: 124091K(125312K)->124091K(125312K) Class: 18159K(20032K)->18159K(20032K)
[2023-02-09T14:18:16.604+0000][68][gc          ] GC(189) Pause Young (Concurrent Start) (G1 Evacuation Pause) 203M->115M(256M) 19.363ms
[2023-02-09T14:18:16.605+0000][68][gc,cpu      ] GC(189) User=0.01s Sys=0.00s Real=0.02s
[2023-02-09T14:18:16.605+0000][68][gc          ] GC(190) Concurrent Mark Cycle
[2023-02-09T14:18:16.606+0000][68][gc,marking  ] GC(190) Concurrent Clear Claimed Marks
[2023-02-09T14:18:16.606+0000][68][safepoint   ] Safepoint "G1CollectForAllocation", Time since last: 698873025 ns, Reaching safepoint: 408694 ns, At safepoint: 21068450 ns, Total: 21477144 ns
[2023-02-09T14:18:16.607+0000][68][gc,marking  ] GC(190) Concurrent Clear Claimed Marks 0.821ms
[2023-02-09T14:18:16.608+0000][68][gc,marking  ] GC(190) Concurrent Scan Root Regions
[2023-02-09T14:18:16.611+0000][68][gc,marking  ] GC(190) Concurrent Scan Root Regions 3.038ms
[2023-02-09T14:18:16.612+0000][68][gc,marking  ] GC(190) Concurrent Mark
[2023-02-09T14:18:16.612+0000][68][gc,marking  ] GC(190) Concurrent Mark From Roots
[2023-02-09T14:18:16.613+0000][68][gc,task     ] GC(190) Using 1 workers of 1 for marking
[2023-02-09T14:18:16.717+0000][68][gc,marking  ] GC(190) Concurrent Mark From Roots 105.171ms
[2023-02-09T14:18:16.719+0000][68][gc,marking  ] GC(190) Concurrent Preclean
[2023-02-09T14:18:16.720+0000][68][gc,marking  ] GC(190) Concurrent Preclean 1.019ms
[2023-02-09T14:18:16.721+0000][68][gc,start    ] GC(190) Pause Remark
[2023-02-09T14:18:16.732+0000][68][gc          ] GC(190) Pause Remark 117M->117M(256M) 10.908ms
[2023-02-09T14:18:16.733+0000][68][gc,cpu      ] GC(190) User=0.03s Sys=0.00s Real=0.01s
[2023-02-09T14:18:16.734+0000][68][safepoint   ] Safepoint "G1PauseRemark", Time since last: 114589174 ns, Reaching safepoint: 211910 ns, At safepoint: 12759601 ns, Total: 12971511 ns
[2023-02-09T14:18:16.734+0000][68][gc,marking  ] GC(190) Concurrent Mark 122.706ms
[2023-02-09T14:18:16.735+0000][68][gc,marking  ] GC(190) Concurrent Rebuild Remembered Sets
[2023-02-09T14:18:16.784+0000][68][gc,marking  ] GC(190) Concurrent Rebuild Remembered Sets 48.695ms
[2023-02-09T14:18:16.785+0000][68][gc,start    ] GC(190) Pause Cleanup
[2023-02-09T14:18:16.786+0000][68][gc          ] GC(190) Pause Cleanup 117M->117M(256M) 1.144ms
[2023-02-09T14:18:16.787+0000][68][gc,cpu      ] GC(190) User=0.00s Sys=0.00s Real=0.00s
[2023-02-09T14:18:16.788+0000][68][safepoint   ] Safepoint "G1PauseCleanup", Time since last: 50999669 ns, Reaching safepoint: 229020 ns, At safepoint: 2836071 ns, Total: 3065091 ns
[2023-02-09T14:18:16.788+0000][68][gc,marking  ] GC(190) Concurrent Cleanup for Next Mark
[2023-02-09T14:18:16.789+0000][68][gc,marking  ] GC(190) Concurrent Cleanup for Next Mark 0.679ms
[2023-02-09T14:18:16.790+0000][68][gc          ] GC(190) Concurrent Mark Cycle 184.557ms
[2023-02-09T14:18:27.782+0000][68][safepoint   ] Safepoint "Cleanup", Time since last: 11015184690 ns, Reaching safepoint: 669544 ns, At safepoint: 31813 ns, Total: 701357 ns
[2023-02-09T14:18:33.793+0000][68][safepoint   ] Safepoint "Cleanup", Time since last: 6010120780 ns, Reaching safepoint: 742894 ns, At safepoint: 38610 ns, Total: 781504 ns
[2023-02-09T14:18:35.798+0000][68][safepoint   ] Safepoint "Cleanup", Time since last: 2004578274 ns, Reaching safepoint: 171093 ns, At safepoint: 6645 ns, Total: 177738 ns
[2023-02-09T14:18:38.805+0000][68][safepoint   ] Safepoint "Cleanup", Time since last: 3007215595 ns, Reaching safepoint: 134709 ns, At safepoint: 5138 ns, Total: 139847 ns
[2023-02-09T14:18:39.807+0000][68][safepoint   ] Safepoint "Cleanup", Time since last: 1001456246 ns, Reaching safepoint: 49647 ns, At safepoint: 3821 ns, Total: 53468 ns
[2023-02-09T14:18:41.809+0000][68][safepoint   ] Safepoint "Cleanup", Time since last: 2002264162 ns, Reaching safepoint: 322495 ns, At safepoint: 13346 ns, Total: 335841 ns
[2023-02-09T14:18:45.821+0000][68][safepoint   ] Safepoint "Cleanup", Time since last: 4010841637 ns, Reaching safepoint: 615947 ns, At safepoint: 44831 ns, Total: 660778 ns
[2023-02-09T14:18:45.972+0000][68][gc,start    ] GC(191) Pause Young (Normal) (G1 Evacuation Pause)
[2023-02-09T14:18:45.972+0000][68][gc,task     ] GC(191) Using 4 workers of 4 for evacuation
[2023-02-09T14:18:45.973+0000][68][gc,age      ] GC(191) Desired survivor size 6291456 bytes, new threshold 15 (max threshold 15)
[2023-02-09T14:18:45.978+0000][68][gc,phases   ] GC(191)   Pre Evacuate Collection Set: 0.1ms
[2023-02-09T14:18:45.979+0000][68][gc,phases   ] GC(191)   Merge Heap Roots: 0.1ms
[2023-02-09T14:18:45.980+0000][68][gc,phases   ] GC(191)   Evacuate Collection Set: 2.8ms
[2023-02-09T14:18:45.981+0000][68][gc,phases   ] GC(191)   Post Evacuate Collection Set: 0.9ms
[2023-02-09T14:18:45.981+0000][68][gc,phases   ] GC(191)   Other: 2.0ms
[2023-02-09T14:18:45.982+0000][68][gc,age      ] GC(191) Age table with threshold 15 (max threshold 15)
[2023-02-09T14:18:45.982+0000][68][gc,age      ] GC(191) - age   1:    1078048 bytes,    1078048 total
[2023-02-09T14:18:45.983+0000][68][gc,age      ] GC(191) - age   2:       8048 bytes,    1086096 total
[2023-02-09T14:18:45.983+0000][68][gc,age      ] GC(191) - age   3:     138824 bytes,    1224920 total
[2023-02-09T14:18:45.984+0000][68][gc,age      ] GC(191) - age   4:      11280 bytes,    1236200 total
[2023-02-09T14:18:45.984+0000][68][gc,age      ] GC(191) - age   5:       3408 bytes,    1239608 total
[2023-02-09T14:18:45.984+0000][68][gc,age      ] GC(191) - age   6:      13896 bytes,    1253504 total
[2023-02-09T14:18:45.985+0000][68][gc,age      ] GC(191) - age   7:     238544 bytes,    1492048 total
[2023-02-09T14:18:45.985+0000][68][gc,age      ] GC(191) - age   8:       2664 bytes,    1494712 total
[2023-02-09T14:18:45.986+0000][68][gc,age      ] GC(191) - age   9:      18352 bytes,    1513064 total
[2023-02-09T14:18:45.986+0000][68][gc,age      ] GC(191) - age  10:        160 bytes,    1513224 total
[2023-02-09T14:18:45.987+0000][68][gc,age      ] GC(191) - age  11:       4104 bytes,    1517328 total
[2023-02-09T14:18:45.987+0000][68][gc,age      ] GC(191) - age  12:       1112 bytes,    1518440 total
[2023-02-09T14:18:45.988+0000][68][gc,age      ] GC(191) - age  13:        104 bytes,    1518544 total
[2023-02-09T14:18:45.988+0000][68][gc,age      ] GC(191) - age  14:       2992 bytes,    1521536 total
[2023-02-09T14:18:45.989+0000][68][gc,age      ] GC(191) - age  15:       1112 bytes,    1522648 total
[2023-02-09T14:18:45.989+0000][68][gc,heap     ] GC(191) Eden regions: 22->0(22)
[2023-02-09T14:18:45.990+0000][68][gc,heap     ] GC(191) Survivor regions: 1->1(3)
[2023-02-09T14:18:45.990+0000][68][gc,heap     ] GC(191) Old regions: 26->26
[2023-02-09T14:18:45.990+0000][68][gc,heap     ] GC(191) Archive regions: 2->2
[2023-02-09T14:18:45.991+0000][68][gc,heap     ] GC(191) Humongous regions: 2->2
[2023-02-09T14:18:45.991+0000][68][gc,metaspace] GC(191) Metaspace: 142253K(145344K)->142253K(145344K) NonClass: 124094K(125312K)->124094K(125312K) Class: 18159K(20032K)->18159K(20032K)
[2023-02-09T14:18:45.992+0000][68][gc          ] GC(191) Pause Young (Normal) (G1 Evacuation Pause) 203M->115M(256M) 20.012ms
[2023-02-09T14:18:45.992+0000][68][gc,cpu      ] GC(191) User=0.01s Sys=0.01s Real=0.02s
[2023-02-09T14:18:45.993+0000][68][safepoint   ] Safepoint "G1CollectForAllocation", Time since last: 150692028 ns, Reaching safepoint: 62922 ns, At safepoint: 20982891 ns, Total: 21045813 ns
[2023-02-09T14:18:46.997+0000][68][safepoint   ] Safepoint "Cleanup", Time since last: 1003935561 ns, Reaching safepoint: 541127 ns, At safepoint: 35530 ns, Total: 576657 ns
[2023-02-09T14:18:50.983+0000][68][safepoint   ] Safepoint "Cleanup", Time since last: 4006665166 ns, Reaching safepoint: 128616 ns, At safepoint: 4242 ns, Total: 132858 ns
[2023-02-09T14:18:52.140+0000][68][safepoint   ] Safepoint "Cleanup", Time since last: 1156824092 ns, Reaching safepoint: 389199 ns, At safepoint: 15161 ns, Total: 404360 ns
[2023-02-09T14:18:57.148+0000][68][safepoint   ] Safepoint "Cleanup", Time since last: 5007298881 ns, Reaching safepoint: 328210 ns, At safepoint: 134105 ns, Total: 462315 ns
[2023-02-09T14:19:06.170+0000][68][safepoint   ] Safepoint "Cleanup", Time since last: 9021011180 ns, Reaching safepoint: 425573 ns, At safepoint: 24443 ns, Total: 450016 ns
[2023-02-09T14:19:08.179+0000][68][safepoint   ] Safepoint "Cleanup", Time since last: 2009222032 ns, Reaching safepoint: 324696 ns, At safepoint: 37793 ns, Total: 362489 ns
[2023-02-09T14:19:15.027+0000][68][gc,start    ] GC(192) Pause Young (Concurrent Start) (G1 Evacuation Pause)
[2023-02-09T14:19:15.028+0000][68][gc,task     ] GC(192) Using 4 workers of 4 for evacuation
[2023-02-09T14:19:15.028+0000][68][gc,age      ] GC(192) Desired survivor size 6291456 bytes, new threshold 15 (max threshold 15)
[2023-02-09T14:19:15.032+0000][68][gc,phases   ] GC(192)   Pre Evacuate Collection Set: 0.3ms
[2023-02-09T14:19:15.032+0000][68][gc,phases   ] GC(192)   Merge Heap Roots: 0.1ms
[2023-02-09T14:19:15.033+0000][68][gc,phases   ] GC(192)   Evacuate Collection Set: 1.6ms
[2023-02-09T14:19:15.033+0000][68][gc,phases   ] GC(192)   Post Evacuate Collection Set: 0.7ms
[2023-02-09T14:19:15.034+0000][68][gc,phases   ] GC(192)   Other: 0.9ms
[2023-02-09T14:19:15.034+0000][68][gc,age      ] GC(192) Age table with threshold 15 (max threshold 15)
[2023-02-09T14:19:15.034+0000][68][gc,age      ] GC(192) - age   1:    1079320 bytes,    1079320 total
[2023-02-09T14:19:15.035+0000][68][gc,age      ] GC(192) - age   2:     152176 bytes,    1231496 total
[2023-02-09T14:19:15.035+0000][68][gc,age      ] GC(192) - age   3:       7328 bytes,    1238824 total
[2023-02-09T14:19:15.036+0000][68][gc,age      ] GC(192) - age   4:       2208 bytes,    1241032 total
[2023-02-09T14:19:15.036+0000][68][gc,age      ] GC(192) - age   5:      11152 bytes,    1252184 total
[2023-02-09T14:19:15.036+0000][68][gc,age      ] GC(192) - age   6:       3344 bytes,    1255528 total
[2023-02-09T14:19:15.037+0000][68][gc,age      ] GC(192) - age   7:      13616 bytes,    1269144 total
[2023-02-09T14:19:15.037+0000][68][gc,age      ] GC(192) - age   8:     238544 bytes,    1507688 total
[2023-02-09T14:19:15.038+0000][68][gc,age      ] GC(192) - age   9:       2664 bytes,    1510352 total
[2023-02-09T14:19:15.038+0000][68][gc,age      ] GC(192) - age  10:      18352 bytes,    1528704 total
[2023-02-09T14:19:15.039+0000][68][gc,age      ] GC(192) - age  11:        160 bytes,    1528864 total
[2023-02-09T14:19:15.039+0000][68][gc,age      ] GC(192) - age  12:       4104 bytes,    1532968 total
[2023-02-09T14:19:15.039+0000][68][gc,age      ] GC(192) - age  13:       1112 bytes,    1534080 total
[2023-02-09T14:19:15.040+0000][68][gc,age      ] GC(192) - age  14:        104 bytes,    1534184 total
[2023-02-09T14:19:15.040+0000][68][gc,age      ] GC(192) - age  15:       2992 bytes,    1537176 total
[2023-02-09T14:19:15.041+0000][68][gc,heap     ] GC(192) Eden regions: 22->0(22)
[2023-02-09T14:19:15.041+0000][68][gc,heap     ] GC(192) Survivor regions: 1->1(3)
[2023-02-09T14:19:15.042+0000][68][gc,heap     ] GC(192) Old regions: 26->26
[2023-02-09T14:19:15.042+0000][68][gc,heap     ] GC(192) Archive regions: 2->2
[2023-02-09T14:19:15.042+0000][68][gc,heap     ] GC(192) Humongous regions: 2->2
[2023-02-09T14:19:15.043+0000][68][gc,metaspace] GC(192) Metaspace: 142263K(145344K)->142263K(145344K) NonClass: 124104K(125312K)->124104K(125312K) Class: 18159K(20032K)->18159K(20032K)
[2023-02-09T14:19:15.044+0000][68][gc          ] GC(192) Pause Young (Concurrent Start) (G1 Evacuation Pause) 203M->115M(256M) 16.369ms
[2023-02-09T14:19:15.044+0000][68][gc,cpu      ] GC(192) User=0.01s Sys=0.00s Real=0.02s
[2023-02-09T14:19:15.045+0000][68][safepoint   ] Safepoint "G1CollectForAllocation", Time since last: 6847880386 ns, Reaching safepoint: 65009 ns, At safepoint: 17281458 ns, Total: 17346467 ns
[2023-02-09T14:19:15.044+0000][68][gc          ] GC(193) Concurrent Mark Cycle
[2023-02-09T14:19:15.047+0000][68][gc,marking  ] GC(193) Concurrent Clear Claimed Marks
[2023-02-09T14:19:15.049+0000][68][gc,marking  ] GC(193) Concurrent Clear Claimed Marks 1.943ms
[2023-02-09T14:19:15.050+0000][68][gc,marking  ] GC(193) Concurrent Scan Root Regions
[2023-02-09T14:19:15.052+0000][68][gc,marking  ] GC(193) Concurrent Scan Root Regions 2.269ms
[2023-02-09T14:19:15.053+0000][68][gc,marking  ] GC(193) Concurrent Mark
[2023-02-09T14:19:15.053+0000][68][gc,marking  ] GC(193) Concurrent Mark From Roots
[2023-02-09T14:19:15.054+0000][68][gc,task     ] GC(193) Using 1 workers of 1 for marking
[2023-02-09T14:19:15.155+0000][68][gc,marking  ] GC(193) Concurrent Mark From Roots 101.778ms
[2023-02-09T14:19:15.156+0000][68][gc,marking  ] GC(193) Concurrent Preclean
[2023-02-09T14:19:15.157+0000][68][gc,marking  ] GC(193) Concurrent Preclean 0.914ms
[2023-02-09T14:19:15.158+0000][68][gc,start    ] GC(193) Pause Remark
[2023-02-09T14:19:15.173+0000][68][gc          ] GC(193) Pause Remark 119M->119M(256M) 14.802ms
[2023-02-09T14:19:15.174+0000][68][gc,cpu      ] GC(193) User=0.02s Sys=0.00s Real=0.02s
[2023-02-09T14:19:15.176+0000][68][safepoint   ] Safepoint "G1PauseRemark", Time since last: 113261061 ns, Reaching safepoint: 66774 ns, At safepoint: 18634840 ns, Total: 18701614 ns
[2023-02-09T14:19:15.177+0000][68][gc,marking  ] GC(193) Concurrent Mark 124.098ms
[2023-02-09T14:19:15.177+0000][68][gc,marking  ] GC(193) Concurrent Rebuild Remembered Sets
[2023-02-09T14:19:15.227+0000][68][gc,marking  ] GC(193) Concurrent Rebuild Remembered Sets 49.657ms
[2023-02-09T14:19:15.228+0000][68][gc,start    ] GC(193) Pause Cleanup
[2023-02-09T14:19:15.229+0000][68][gc          ] GC(193) Pause Cleanup 119M->119M(256M) 0.800ms
[2023-02-09T14:19:15.230+0000][68][gc,cpu      ] GC(193) User=0.00s Sys=0.00s Real=0.01s
[2023-02-09T14:19:15.231+0000][68][safepoint   ] Safepoint "G1PauseCleanup", Time since last: 51882940 ns, Reaching safepoint: 57499 ns, At safepoint: 2186335 ns, Total: 2243834 ns
[2023-02-09T14:19:15.231+0000][68][gc,marking  ] GC(193) Concurrent Cleanup for Next Mark
[2023-02-09T14:19:15.232+0000][68][gc,marking  ] GC(193) Concurrent Cleanup for Next Mark 0.768ms
[2023-02-09T14:19:15.233+0000][68][gc          ] GC(193) Concurrent Mark Cycle 188.418ms
[2023-02-09T14:19:21.237+0000][68][safepoint   ] Safepoint "Cleanup", Time since last: 6013583342 ns, Reaching safepoint: 158046 ns, At safepoint: 12648 ns, Total: 170694 ns
[2023-02-09T14:19:30.262+0000][68][safepoint   ] Safepoint "Cleanup", Time since last: 9024134260 ns, Reaching safepoint: 732000 ns, At safepoint: 53546 ns, Total: 785546 ns
[2023-02-09T14:19:33.268+0000][68][safepoint   ] Safepoint "Cleanup", Time since last: 3005874619 ns, Reaching safepoint: 151029 ns, At safepoint: 3336 ns, Total: 154365 ns
[2023-02-09T14:19:36.271+0000][68][safepoint   ] Safepoint "Cleanup", Time since last: 3003036192 ns, Reaching safepoint: 319865 ns, At safepoint: 12386 ns, Total: 332251 ns
[2023-02-09T14:19:39.283+0000][68][safepoint   ] Safepoint "Cleanup", Time since last: 3011454229 ns, Reaching safepoint: 287101 ns, At safepoint: 14757 ns, Total: 301858 ns
[2023-02-09T14:19:43.297+0000][68][safepoint   ] Safepoint "Cleanup", Time since last: 4013521650 ns, Reaching safepoint: 533511 ns, At safepoint: 28461 ns, Total: 561972 ns
[2023-02-09T14:19:44.800+0000][68][gc,start    ] GC(194) Pause Young (Normal) (G1 Evacuation Pause)
[2023-02-09T14:19:44.801+0000][68][gc,task     ] GC(194) Using 4 workers of 4 for evacuation
[2023-02-09T14:19:44.803+0000][68][gc,age      ] GC(194) Desired survivor size 6291456 bytes, new threshold 15 (max threshold 15)
[2023-02-09T14:19:44.809+0000][68][gc,phases   ] GC(194)   Pre Evacuate Collection Set: 0.2ms
[2023-02-09T14:19:44.810+0000][68][gc,phases   ] GC(194)   Merge Heap Roots: 0.1ms
[2023-02-09T14:19:44.811+0000][68][gc,phases   ] GC(194)   Evacuate Collection Set: 2.7ms
[2023-02-09T14:19:44.811+0000][68][gc,phases   ] GC(194)   Post Evacuate Collection Set: 1.4ms
[2023-02-09T14:19:44.812+0000][68][gc,phases   ] GC(194)   Other: 2.7ms
[2023-02-09T14:19:44.813+0000][68][gc,age      ] GC(194) Age table with threshold 15 (max threshold 15)
[2023-02-09T14:19:44.813+0000][68][gc,age      ] GC(194) - age   1:    1233720 bytes,    1233720 total
[2023-02-09T14:19:44.814+0000][68][gc,age      ] GC(194) - age   2:     134208 bytes,    1367928 total
[2023-02-09T14:19:44.815+0000][68][gc,age      ] GC(194) - age   3:      20048 bytes,    1387976 total
[2023-02-09T14:19:44.816+0000][68][gc,age      ] GC(194) - age   4:       2920 bytes,    1390896 total
[2023-02-09T14:19:44.816+0000][68][gc,age      ] GC(194) - age   5:       1864 bytes,    1392760 total
[2023-02-09T14:19:44.818+0000][68][gc,age      ] GC(194) - age   6:      11024 bytes,    1403784 total
[2023-02-09T14:19:44.818+0000][68][gc,age      ] GC(194) - age   7:       3344 bytes,    1407128 total
[2023-02-09T14:19:44.819+0000][68][gc,age      ] GC(194) - age   8:      13616 bytes,    1420744 total
[2023-02-09T14:19:44.819+0000][68][gc,age      ] GC(194) - age   9:     238544 bytes,    1659288 total
[2023-02-09T14:19:44.820+0000][68][gc,age      ] GC(194) - age  10:       2632 bytes,    1661920 total
[2023-02-09T14:19:44.820+0000][68][gc,age      ] GC(194) - age  11:      18352 bytes,    1680272 total
[2023-02-09T14:19:44.821+0000][68][gc,age      ] GC(194) - age  12:        160 bytes,    1680432 total
[2023-02-09T14:19:44.822+0000][68][gc,age      ] GC(194) - age  13:       4104 bytes,    1684536 total
[2023-02-09T14:19:44.822+0000][68][gc,age      ] GC(194) - age  14:       1112 bytes,    1685648 total
[2023-02-09T14:19:44.823+0000][68][gc,age      ] GC(194) - age  15:        104 bytes,    1685752 total
[2023-02-09T14:19:44.823+0000][68][gc,heap     ] GC(194) Eden regions: 22->0(22)
[2023-02-09T14:19:44.824+0000][68][gc,heap     ] GC(194) Survivor regions: 1->1(3)
[2023-02-09T14:19:44.825+0000][68][gc,heap     ] GC(194) Old regions: 26->26
[2023-02-09T14:19:44.825+0000][68][gc,heap     ] GC(194) Archive regions: 2->2
[2023-02-09T14:19:44.826+0000][68][gc,heap     ] GC(194) Humongous regions: 2->2
[2023-02-09T14:19:44.826+0000][68][gc,metaspace] GC(194) Metaspace: 142265K(145344K)->142265K(145344K) NonClass: 124106K(125312K)->124106K(125312K) Class: 18159K(20032K)->18159K(20032K)
[2023-02-09T14:19:44.827+0000][68][gc          ] GC(194) Pause Young (Normal) (G1 Evacuation Pause) 203M->115M(256M) 26.935ms
[2023-02-09T14:19:44.827+0000][68][gc,cpu      ] GC(194) User=0.01s Sys=0.00s Real=0.03s
[2023-02-09T14:19:44.828+0000][68][safepoint   ] Safepoint "G1CollectForAllocation", Time since last: 1502499772 ns, Reaching safepoint: 162951 ns, At safepoint: 28240934 ns, Total: 28403885 ns
[2023-02-09T14:19:56.842+0000][68][safepoint   ] Safepoint "Cleanup", Time since last: 12017135030 ns, Reaching safepoint: 76094 ns, At safepoint: 7117 ns, Total: 83211 ns
[2023-02-09T14:20:06.861+0000][68][safepoint   ] Safepoint "Cleanup", Time since last: 10018839239 ns, Reaching safepoint: 631638 ns, At safepoint: 16093 ns, Total: 647731 ns
[2023-02-09T14:20:08.889+0000][68][gc,start    ] GC(195) Pause Young (Concurrent Start) (G1 Evacuation Pause)
[2023-02-09T14:20:08.889+0000][68][gc,task     ] GC(195) Using 4 workers of 4 for evacuation
[2023-02-09T14:20:08.890+0000][68][gc,age      ] GC(195) Desired survivor size 6291456 bytes, new threshold 15 (max threshold 15)
[2023-02-09T14:20:08.894+0000][68][gc,phases   ] GC(195)   Pre Evacuate Collection Set: 0.3ms
[2023-02-09T14:20:08.894+0000][68][gc,phases   ] GC(195)   Merge Heap Roots: 0.1ms
[2023-02-09T14:20:08.895+0000][68][gc,phases   ] GC(195)   Evacuate Collection Set: 2.4ms
[2023-02-09T14:20:08.895+0000][68][gc,phases   ] GC(195)   Post Evacuate Collection Set: 0.7ms
[2023-02-09T14:20:08.896+0000][68][gc,phases   ] GC(195)   Other: 0.8ms
[2023-02-09T14:20:08.896+0000][68][gc,age      ] GC(195) Age table with threshold 15 (max threshold 15)
[2023-02-09T14:20:08.897+0000][68][gc,age      ] GC(195) - age   1:    1665272 bytes,    1665272 total
[2023-02-09T14:20:08.897+0000][68][gc,age      ] GC(195) - age   2:     143720 bytes,    1808992 total
[2023-02-09T14:20:08.898+0000][68][gc,age      ] GC(195) - age   3:       2328 bytes,    1811320 total
[2023-02-09T14:20:08.898+0000][68][gc,age      ] GC(195) - age   4:      19920 bytes,    1831240 total
[2023-02-09T14:20:08.899+0000][68][gc,age      ] GC(195) - age   5:       2792 bytes,    1834032 total
[2023-02-09T14:20:08.899+0000][68][gc,age      ] GC(195) - age   6:       1864 bytes,    1835896 total
[2023-02-09T14:20:08.899+0000][68][gc,age      ] GC(195) - age   7:      11024 bytes,    1846920 total
[2023-02-09T14:20:08.900+0000][68][gc,age      ] GC(195) - age   8:       3344 bytes,    1850264 total
[2023-02-09T14:20:08.900+0000][68][gc,age      ] GC(195) - age   9:      13616 bytes,    1863880 total
[2023-02-09T14:20:08.901+0000][68][gc,age      ] GC(195) - age  10:     238544 bytes,    2102424 total
[2023-02-09T14:20:08.901+0000][68][gc,age      ] GC(195) - age  11:       2632 bytes,    2105056 total
[2023-02-09T14:20:08.901+0000][68][gc,age      ] GC(195) - age  12:      18352 bytes,    2123408 total
[2023-02-09T14:20:08.902+0000][68][gc,age      ] GC(195) - age  13:        160 bytes,    2123568 total
[2023-02-09T14:20:08.902+0000][68][gc,age      ] GC(195) - age  14:       4104 bytes,    2127672 total
[2023-02-09T14:20:08.903+0000][68][gc,age      ] GC(195) - age  15:       1112 bytes,    2128784 total
[2023-02-09T14:20:08.903+0000][68][gc,heap     ] GC(195) Eden regions: 22->0(22)
[2023-02-09T14:20:08.904+0000][68][gc,heap     ] GC(195) Survivor regions: 1->1(3)
[2023-02-09T14:20:08.904+0000][68][gc,heap     ] GC(195) Old regions: 26->26
[2023-02-09T14:20:08.905+0000][68][gc,heap     ] GC(195) Archive regions: 2->2
[2023-02-09T14:20:08.905+0000][68][gc,heap     ] GC(195) Humongous regions: 2->2
[2023-02-09T14:20:08.906+0000][68][gc,metaspace] GC(195) Metaspace: 142273K(145344K)->142273K(145344K) NonClass: 124114K(125312K)->124114K(125312K) Class: 18159K(20032K)->18159K(20032K)
[2023-02-09T14:20:08.906+0000][68][gc          ] GC(195) Pause Young (Concurrent Start) (G1 Evacuation Pause) 203M->116M(256M) 17.290ms
[2023-02-09T14:20:08.907+0000][68][gc,cpu      ] GC(195) User=0.01s Sys=0.00s Real=0.01s
[2023-02-09T14:20:08.907+0000][68][safepoint   ] Safepoint "G1CollectForAllocation", Time since last: 2027728912 ns, Reaching safepoint: 62134 ns, At safepoint: 18274281 ns, Total: 18336415 ns
[2023-02-09T14:20:08.907+0000][68][gc          ] GC(196) Concurrent Mark Cycle
[2023-02-09T14:20:08.908+0000][68][gc,marking  ] GC(196) Concurrent Clear Claimed Marks
[2023-02-09T14:20:08.909+0000][68][gc,marking  ] GC(196) Concurrent Clear Claimed Marks 0.766ms
[2023-02-09T14:20:08.910+0000][68][gc,marking  ] GC(196) Concurrent Scan Root Regions
[2023-02-09T14:20:08.912+0000][68][gc,marking  ] GC(196) Concurrent Scan Root Regions 2.677ms
[2023-02-09T14:20:08.913+0000][68][gc,marking  ] GC(196) Concurrent Mark
[2023-02-09T14:20:08.913+0000][68][gc,marking  ] GC(196) Concurrent Mark From Roots
[2023-02-09T14:20:08.914+0000][68][gc,task     ] GC(196) Using 1 workers of 1 for marking
[2023-02-09T14:20:09.028+0000][68][gc,marking  ] GC(196) Concurrent Mark From Roots 114.797ms
[2023-02-09T14:20:09.029+0000][68][gc,marking  ] GC(196) Concurrent Preclean
[2023-02-09T14:20:09.029+0000][68][gc,marking  ] GC(196) Concurrent Preclean 0.626ms
[2023-02-09T14:20:09.030+0000][68][gc,start    ] GC(196) Pause Remark
[2023-02-09T14:20:09.040+0000][68][gc          ] GC(196) Pause Remark 117M->117M(256M) 9.980ms
[2023-02-09T14:20:09.041+0000][68][gc,cpu      ] GC(196) User=0.03s Sys=0.00s Real=0.01s
[2023-02-09T14:20:09.041+0000][68][safepoint   ] Safepoint "G1PauseRemark", Time since last: 122854803 ns, Reaching safepoint: 67872 ns, At safepoint: 11291013 ns, Total: 11358885 ns
[2023-02-09T14:20:09.042+0000][68][gc,marking  ] GC(196) Concurrent Mark 129.058ms
[2023-02-09T14:20:09.042+0000][68][gc,marking  ] GC(196) Concurrent Rebuild Remembered Sets
[2023-02-09T14:20:09.095+0000][68][gc,marking  ] GC(196) Concurrent Rebuild Remembered Sets 52.520ms
[2023-02-09T14:20:09.096+0000][68][gc,start    ] GC(196) Pause Cleanup
[2023-02-09T14:20:09.096+0000][68][gc          ] GC(196) Pause Cleanup 122M->122M(256M) 0.729ms
[2023-02-09T14:20:09.097+0000][68][gc,cpu      ] GC(196) User=0.00s Sys=0.00s Real=0.00s
[2023-02-09T14:20:09.098+0000][68][safepoint   ] Safepoint "G1PauseCleanup", Time since last: 54272411 ns, Reaching safepoint: 125787 ns, At safepoint: 2007179 ns, Total: 2132966 ns
[2023-02-09T14:20:09.098+0000][68][gc,marking  ] GC(196) Concurrent Cleanup for Next Mark
[2023-02-09T14:20:09.099+0000][68][gc,marking  ] GC(196) Concurrent Cleanup for Next Mark 0.711ms
[2023-02-09T14:20:09.099+0000][68][gc          ] GC(196) Concurrent Mark Cycle 192.632ms
[2023-02-09T14:20:28.114+0000][68][safepoint   ] Safepoint "Cleanup", Time since last: 19036032231 ns, Reaching safepoint: 422139 ns, At safepoint: 112129 ns, Total: 534268 ns
[2023-02-09T14:20:30.119+0000][68][safepoint   ] Safepoint "Cleanup", Time since last: 2004778981 ns, Reaching safepoint: 322705 ns, At safepoint: 14406 ns, Total: 337111 ns
[2023-02-09T14:20:33.775+0000][68][safepoint   ] Safepoint "Cleanup", Time since last: 3655355136 ns, Reaching safepoint: 55716 ns, At safepoint: 2223 ns, Total: 57939 ns
[2023-02-09T14:20:33.824+0000][68][gc,start    ] GC(197) Pause Young (Normal) (G1 Evacuation Pause)
[2023-02-09T14:20:33.824+0000][68][gc,task     ] GC(197) Using 4 workers of 4 for evacuation
[2023-02-09T14:20:33.824+0000][68][gc,age      ] GC(197) Desired survivor size 6291456 bytes, new threshold 15 (max threshold 15)
[2023-02-09T14:20:33.828+0000][68][gc,phases   ] GC(197)   Pre Evacuate Collection Set: 0.1ms
[2023-02-09T14:20:33.829+0000][68][gc,phases   ] GC(197)   Merge Heap Roots: 0.1ms
[2023-02-09T14:20:33.830+0000][68][gc,phases   ] GC(197)   Evacuate Collection Set: 2.3ms
[2023-02-09T14:20:33.831+0000][68][gc,phases   ] GC(197)   Post Evacuate Collection Set: 0.8ms
[2023-02-09T14:20:33.831+0000][68][gc,phases   ] GC(197)   Other: 0.9ms
[2023-02-09T14:20:33.832+0000][68][gc,age      ] GC(197) Age table with threshold 15 (max threshold 15)
[2023-02-09T14:20:33.833+0000][68][gc,age      ] GC(197) - age   1:    1674160 bytes,    1674160 total
[2023-02-09T14:20:33.834+0000][68][gc,age      ] GC(197) - age   2:     168072 bytes,    1842232 total
[2023-02-09T14:20:33.834+0000][68][gc,age      ] GC(197) - age   3:      10112 bytes,    1852344 total
[2023-02-09T14:20:33.834+0000][68][gc,age      ] GC(197) - age   4:       2168 bytes,    1854512 total
[2023-02-09T14:20:33.835+0000][68][gc,age      ] GC(197) - age   5:      19464 bytes,    1873976 total
[2023-02-09T14:20:33.835+0000][68][gc,age      ] GC(197) - age   6:       2432 bytes,    1876408 total
[2023-02-09T14:20:33.836+0000][68][gc,age      ] GC(197) - age   7:       1864 bytes,    1878272 total
[2023-02-09T14:20:33.836+0000][68][gc,age      ] GC(197) - age   8:      11024 bytes,    1889296 total
[2023-02-09T14:20:33.837+0000][68][gc,age      ] GC(197) - age   9:       3344 bytes,    1892640 total
[2023-02-09T14:20:33.837+0000][68][gc,age      ] GC(197) - age  10:      13616 bytes,    1906256 total
[2023-02-09T14:20:33.837+0000][68][gc,age      ] GC(197) - age  11:     238544 bytes,    2144800 total
[2023-02-09T14:20:33.838+0000][68][gc,age      ] GC(197) - age  12:       2632 bytes,    2147432 total
[2023-02-09T14:20:33.838+0000][68][gc,age      ] GC(197) - age  13:      18352 bytes,    2165784 total
[2023-02-09T14:20:33.839+0000][68][gc,age      ] GC(197) - age  14:        160 bytes,    2165944 total
[2023-02-09T14:20:33.839+0000][68][gc,age      ] GC(197) - age  15:       4080 bytes,    2170024 total
[2023-02-09T14:20:33.839+0000][68][gc,heap     ] GC(197) Eden regions: 22->0(21)
[2023-02-09T14:20:33.840+0000][68][gc,heap     ] GC(197) Survivor regions: 1->1(3)
[2023-02-09T14:20:33.840+0000][68][gc,heap     ] GC(197) Old regions: 26->26
[2023-02-09T14:20:33.841+0000][68][gc,heap     ] GC(197) Archive regions: 2->2
[2023-02-09T14:20:33.841+0000][68][gc,heap     ] GC(197) Humongous regions: 2->2
[2023-02-09T14:20:33.842+0000][68][gc,metaspace] GC(197) Metaspace: 142277K(145344K)->142277K(145344K) NonClass: 124118K(125312K)->124118K(125312K) Class: 18159K(20032K)->18159K(20032K)
[2023-02-09T14:20:33.842+0000][68][gc          ] GC(197) Pause Young (Normal) (G1 Evacuation Pause) 204M->116M(256M) 18.281ms
[2023-02-09T14:20:33.842+0000][68][gc,cpu      ] GC(197) User=0.01s Sys=0.00s Real=0.02s
[2023-02-09T14:20:33.843+0000][68][safepoint   ] Safepoint "G1CollectForAllocation", Time since last: 48985809 ns, Reaching safepoint: 87174 ns, At safepoint: 19218795 ns, Total: 19305969 ns
[2023-02-09T14:20:34.844+0000][68][safepoint   ] Safepoint "Cleanup", Time since last: 1001013215 ns, Reaching safepoint: 178160 ns, At safepoint: 39605 ns, Total: 217765 ns
[2023-02-09T14:20:35.846+0000][68][safepoint   ] Safepoint "Cleanup", Time since last: 1002028273 ns, Reaching safepoint: 123782 ns, At safepoint: 4706 ns, Total: 128488 ns
[2023-02-09T14:20:49.865+0000][68][safepoint   ] Safepoint "Cleanup", Time since last: 14017540598 ns, Reaching safepoint: 984918 ns, At safepoint: 145654 ns, Total: 1130572 ns
[2023-02-09T14:20:56.808+0000][68][gc,start    ] GC(198) Pause Young (Concurrent Start) (G1 Evacuation Pause)
[2023-02-09T14:20:56.810+0000][68][gc,task     ] GC(198) Using 4 workers of 4 for evacuation
[2023-02-09T14:20:56.812+0000][68][gc,age      ] GC(198) Desired survivor size 6291456 bytes, new threshold 15 (max threshold 15)
[2023-02-09T14:20:56.818+0000][68][gc,phases   ] GC(198)   Pre Evacuate Collection Set: 0.8ms
[2023-02-09T14:20:56.819+0000][68][gc,phases   ] GC(198)   Merge Heap Roots: 0.2ms
[2023-02-09T14:20:56.820+0000][68][gc,phases   ] GC(198)   Evacuate Collection Set: 2.8ms
[2023-02-09T14:20:56.821+0000][68][gc,phases   ] GC(198)   Post Evacuate Collection Set: 1.2ms
[2023-02-09T14:20:56.821+0000][68][gc,phases   ] GC(198)   Other: 2.6ms
[2023-02-09T14:20:56.822+0000][68][gc,age      ] GC(198) Age table with threshold 15 (max threshold 15)
[2023-02-09T14:20:56.823+0000][68][gc,age      ] GC(198) - age   1:     543112 bytes,     543112 total
[2023-02-09T14:20:56.824+0000][68][gc,age      ] GC(198) - age   2:     160656 bytes,     703768 total
[2023-02-09T14:20:56.824+0000][68][gc,age      ] GC(198) - age   3:       3096 bytes,     706864 total
[2023-02-09T14:20:56.825+0000][68][gc,age      ] GC(198) - age   4:       6112 bytes,     712976 total
[2023-02-09T14:20:56.826+0000][68][gc,age      ] GC(198) - age   5:       2168 bytes,     715144 total
[2023-02-09T14:20:56.826+0000][68][gc,age      ] GC(198) - age   6:      18088 bytes,     733232 total
[2023-02-09T14:20:56.827+0000][68][gc,age      ] GC(198) - age   7:       2376 bytes,     735608 total
[2023-02-09T14:20:56.827+0000][68][gc,age      ] GC(198) - age   8:       1864 bytes,     737472 total
[2023-02-09T14:20:56.828+0000][68][gc,age      ] GC(198) - age   9:      11024 bytes,     748496 total
[2023-02-09T14:20:56.828+0000][68][gc,age      ] GC(198) - age  10:        976 bytes,     749472 total
[2023-02-09T14:20:56.829+0000][68][gc,age      ] GC(198) - age  11:      13616 bytes,     763088 total
[2023-02-09T14:20:56.830+0000][68][gc,age      ] GC(198) - age  12:     116672 bytes,     879760 total
[2023-02-09T14:20:56.830+0000][68][gc,age      ] GC(198) - age  13:       2632 bytes,     882392 total
[2023-02-09T14:20:56.831+0000][68][gc,age      ] GC(198) - age  14:      18352 bytes,     900744 total
[2023-02-09T14:20:56.831+0000][68][gc,age      ] GC(198) - age  15:        160 bytes,     900904 total
[2023-02-09T14:20:56.832+0000][68][gc,heap     ] GC(198) Eden regions: 21->0(22)
[2023-02-09T14:20:56.832+0000][68][gc,heap     ] GC(198) Survivor regions: 1->1(3)
[2023-02-09T14:20:56.833+0000][68][gc,heap     ] GC(198) Old regions: 26->26
[2023-02-09T14:20:56.834+0000][68][gc,heap     ] GC(198) Archive regions: 2->2
[2023-02-09T14:20:56.834+0000][68][gc,heap     ] GC(198) Humongous regions: 2->2
[2023-02-09T14:20:56.835+0000][68][gc,metaspace] GC(198) Metaspace: 142299K(145408K)->142299K(145408K) NonClass: 124140K(125376K)->124140K(125376K) Class: 18159K(20032K)->18159K(20032K)
[2023-02-09T14:20:56.835+0000][68][gc          ] GC(198) Pause Young (Concurrent Start) (G1 Evacuation Pause) 200M->115M(256M) 27.356ms
[2023-02-09T14:20:56.836+0000][68][gc,cpu      ] GC(198) User=0.01s Sys=0.01s Real=0.03s
[2023-02-09T14:20:56.837+0000][68][safepoint   ] Safepoint "G1CollectForAllocation", Time since last: 6964259783 ns, Reaching safepoint: 474407 ns, At safepoint: 28722507 ns, Total: 29196914 ns
[2023-02-09T14:20:56.836+0000][68][gc          ] GC(199) Concurrent Mark Cycle
[2023-02-09T14:20:56.838+0000][68][gc,marking  ] GC(199) Concurrent Clear Claimed Marks
[2023-02-09T14:20:56.839+0000][68][gc,marking  ] GC(199) Concurrent Clear Claimed Marks 0.747ms
[2023-02-09T14:20:56.839+0000][68][gc,marking  ] GC(199) Concurrent Scan Root Regions
[2023-02-09T14:20:56.842+0000][68][gc,marking  ] GC(199) Concurrent Scan Root Regions 3.078ms
[2023-02-09T14:20:56.843+0000][68][gc,marking  ] GC(199) Concurrent Mark
[2023-02-09T14:20:56.843+0000][68][gc,marking  ] GC(199) Concurrent Mark From Roots
[2023-02-09T14:20:56.844+0000][68][gc,task     ] GC(199) Using 1 workers of 1 for marking
[2023-02-09T14:20:56.955+0000][68][gc,marking  ] GC(199) Concurrent Mark From Roots 111.948ms
[2023-02-09T14:20:56.956+0000][68][gc,marking  ] GC(199) Concurrent Preclean
[2023-02-09T14:20:56.957+0000][68][gc,marking  ] GC(199) Concurrent Preclean 1.031ms
[2023-02-09T14:20:56.958+0000][68][gc,start    ] GC(199) Pause Remark
[2023-02-09T14:20:56.970+0000][68][gc          ] GC(199) Pause Remark 119M->119M(256M) 11.570ms
[2023-02-09T14:20:56.971+0000][68][gc,cpu      ] GC(199) User=0.03s Sys=0.00s Real=0.01s
[2023-02-09T14:20:56.972+0000][68][safepoint   ] Safepoint "G1PauseRemark", Time since last: 121569565 ns, Reaching safepoint: 161559 ns, At safepoint: 13151577 ns, Total: 13313136 ns
[2023-02-09T14:20:56.972+0000][68][gc,marking  ] GC(199) Concurrent Mark 129.193ms
[2023-02-09T14:20:56.973+0000][68][gc,marking  ] GC(199) Concurrent Rebuild Remembered Sets
[2023-02-09T14:20:57.026+0000][68][gc,marking  ] GC(199) Concurrent Rebuild Remembered Sets 53.204ms
[2023-02-09T14:20:57.027+0000][68][gc,start    ] GC(199) Pause Cleanup
[2023-02-09T14:20:57.027+0000][68][gc          ] GC(199) Pause Cleanup 119M->119M(256M) 0.447ms
[2023-02-09T14:20:57.028+0000][68][gc,cpu      ] GC(199) User=0.00s Sys=0.00s Real=0.00s
[2023-02-09T14:20:57.028+0000][68][safepoint   ] Safepoint "G1PauseCleanup", Time since last: 55254213 ns, Reaching safepoint: 82053 ns, At safepoint: 1494826 ns, Total: 1576879 ns
[2023-02-09T14:20:57.029+0000][68][gc,marking  ] GC(199) Concurrent Cleanup for Next Mark
[2023-02-09T14:20:57.030+0000][68][gc,marking  ] GC(199) Concurrent Cleanup for Next Mark 1.063ms
[2023-02-09T14:20:57.031+0000][68][gc          ] GC(199) Concurrent Mark Cycle 194.567ms
[2023-02-09T14:21:02.040+0000][68][safepoint   ] Safepoint "Cleanup", Time since last: 5011516490 ns, Reaching safepoint: 339296 ns, At safepoint: 12560 ns, Total: 351856 ns
[2023-02-09T14:21:06.048+0000][68][safepoint   ] Safepoint "Cleanup", Time since last: 4007206980 ns, Reaching safepoint: 948252 ns, At safepoint: 35347 ns, Total: 983599 ns
[2023-02-09T14:21:09.060+0000][68][safepoint   ] Safepoint "Cleanup", Time since last: 3011071082 ns, Reaching safepoint: 72723 ns, At safepoint: 3007 ns, Total: 75730 ns
[2023-02-09T14:21:22.662+0000][68][gc,start    ] GC(200) Pause Young (Normal) (G1 Evacuation Pause)
[2023-02-09T14:21:22.662+0000][68][gc,task     ] GC(200) Using 4 workers of 4 for evacuation
[2023-02-09T14:21:22.663+0000][68][gc,age      ] GC(200) Desired survivor size 6291456 bytes, new threshold 15 (max threshold 15)
[2023-02-09T14:21:22.666+0000][68][gc,phases   ] GC(200)   Pre Evacuate Collection Set: 0.1ms
[2023-02-09T14:21:22.667+0000][68][gc,phases   ] GC(200)   Merge Heap Roots: 0.1ms
[2023-02-09T14:21:22.667+0000][68][gc,phases   ] GC(200)   Evacuate Collection Set: 1.4ms
[2023-02-09T14:21:22.667+0000][68][gc,phases   ] GC(200)   Post Evacuate Collection Set: 0.8ms
[2023-02-09T14:21:22.668+0000][68][gc,phases   ] GC(200)   Other: 1.1ms
[2023-02-09T14:21:22.668+0000][68][gc,age      ] GC(200) Age table with threshold 15 (max threshold 15)
[2023-02-09T14:21:22.669+0000][68][gc,age      ] GC(200) - age   1:     434144 bytes,     434144 total
[2023-02-09T14:21:22.669+0000][68][gc,age      ] GC(200) - age   2:     420416 bytes,     854560 total
[2023-02-09T14:21:22.670+0000][68][gc,age      ] GC(200) - age   3:       2824 bytes,     857384 total
[2023-02-09T14:21:22.670+0000][68][gc,age      ] GC(200) - age   4:       2496 bytes,     859880 total
[2023-02-09T14:21:22.670+0000][68][gc,age      ] GC(200) - age   5:       6112 bytes,     865992 total
[2023-02-09T14:21:22.671+0000][68][gc,age      ] GC(200) - age   6:       1480 bytes,     867472 total
[2023-02-09T14:21:22.672+0000][68][gc,age      ] GC(200) - age   7:       1808 bytes,     869280 total
[2023-02-09T14:21:22.672+0000][68][gc,age      ] GC(200) - age   8:       2376 bytes,     871656 total
[2023-02-09T14:21:22.673+0000][68][gc,age      ] GC(200) - age   9:       1800 bytes,     873456 total
[2023-02-09T14:21:22.673+0000][68][gc,age      ] GC(200) - age  10:      11024 bytes,     884480 total
[2023-02-09T14:21:22.674+0000][68][gc,age      ] GC(200) - age  11:        976 bytes,     885456 total
[2023-02-09T14:21:22.674+0000][68][gc,age      ] GC(200) - age  12:      13384 bytes,     898840 total
[2023-02-09T14:21:22.674+0000][68][gc,age      ] GC(200) - age  13:     116608 bytes,    1015448 total
[2023-02-09T14:21:22.675+0000][68][gc,age      ] GC(200) - age  14:       2632 bytes,    1018080 total
[2023-02-09T14:21:22.675+0000][68][gc,age      ] GC(200) - age  15:      18352 bytes,    1036432 total
[2023-02-09T14:21:22.676+0000][68][gc,heap     ] GC(200) Eden regions: 22->0(22)
[2023-02-09T14:21:22.676+0000][68][gc,heap     ] GC(200) Survivor regions: 1->1(3)
[2023-02-09T14:21:22.676+0000][68][gc,heap     ] GC(200) Old regions: 26->26
[2023-02-09T14:21:22.677+0000][68][gc,heap     ] GC(200) Archive regions: 2->2
[2023-02-09T14:21:22.677+0000][68][gc,heap     ] GC(200) Humongous regions: 2->2
[2023-02-09T14:21:22.678+0000][68][gc,metaspace] GC(200) Metaspace: 142305K(145408K)->142305K(145408K) NonClass: 124146K(125376K)->124146K(125376K) Class: 18159K(20032K)->18159K(20032K)
[2023-02-09T14:21:22.678+0000][68][gc          ] GC(200) Pause Young (Normal) (G1 Evacuation Pause) 203M->115M(256M) 16.445ms
[2023-02-09T14:21:22.679+0000][68][gc,cpu      ] GC(200) User=0.00s Sys=0.00s Real=0.02s
[2023-02-09T14:21:22.679+0000][68][safepoint   ] Safepoint "G1CollectForAllocation", Time since last: 13623309689 ns, Reaching safepoint: 96228 ns, At safepoint: 17289398 ns, Total: 17385626 ns
[2023-02-09T14:21:27.692+0000][68][safepoint   ] Safepoint "Cleanup", Time since last: 5012808415 ns, Reaching safepoint: 335780 ns, At safepoint: 13788 ns, Total: 349568 ns
[2023-02-09T14:21:32.709+0000][68][safepoint   ] Safepoint "Cleanup", Time since last: 5016556303 ns, Reaching safepoint: 336314 ns, At safepoint: 11473 ns, Total: 347787 ns
[2023-02-09T14:21:40.730+0000][68][safepoint   ] Safepoint "Cleanup", Time since last: 8021112357 ns, Reaching safepoint: 339603 ns, At safepoint: 18563 ns, Total: 358166 ns
[2023-02-09T14:21:53.896+0000][68][gc,start    ] GC(201) Pause Young (Concurrent Start) (G1 Evacuation Pause)
[2023-02-09T14:21:53.897+0000][68][gc,task     ] GC(201) Using 4 workers of 4 for evacuation
[2023-02-09T14:21:53.897+0000][68][gc,age      ] GC(201) Desired survivor size 6291456 bytes, new threshold 15 (max threshold 15)
[2023-02-09T14:21:53.901+0000][68][gc,phases   ] GC(201)   Pre Evacuate Collection Set: 0.4ms
[2023-02-09T14:21:53.901+0000][68][gc,phases   ] GC(201)   Merge Heap Roots: 0.1ms
[2023-02-09T14:21:53.902+0000][68][gc,phases   ] GC(201)   Evacuate Collection Set: 1.5ms
[2023-02-09T14:21:53.902+0000][68][gc,phases   ] GC(201)   Post Evacuate Collection Set: 0.8ms
[2023-02-09T14:21:53.903+0000][68][gc,phases   ] GC(201)   Other: 1.4ms
[2023-02-09T14:21:53.904+0000][68][gc,age      ] GC(201) Age table with threshold 15 (max threshold 15)
[2023-02-09T14:21:53.905+0000][68][gc,age      ] GC(201) - age   1:    1167312 bytes,    1167312 total
[2023-02-09T14:21:53.905+0000][68][gc,age      ] GC(201) - age   2:      66696 bytes,    1234008 total
[2023-02-09T14:21:53.906+0000][68][gc,age      ] GC(201) - age   3:     416024 bytes,    1650032 total
[2023-02-09T14:21:53.907+0000][68][gc,age      ] GC(201) - age   4:       1640 bytes,    1651672 total
[2023-02-09T14:21:53.907+0000][68][gc,age      ] GC(201) - age   5:       2432 bytes,    1654104 total
[2023-02-09T14:21:53.908+0000][68][gc,age      ] GC(201) - age   6:       6048 bytes,    1660152 total
[2023-02-09T14:21:53.909+0000][68][gc,age      ] GC(201) - age   7:       1352 bytes,    1661504 total
[2023-02-09T14:21:53.909+0000][68][gc,age      ] GC(201) - age   8:       1808 bytes,    1663312 total
[2023-02-09T14:21:53.912+0000][68][gc,age      ] GC(201) - age   9:       2376 bytes,    1665688 total
[2023-02-09T14:21:53.913+0000][68][gc,age      ] GC(201) - age  10:       1736 bytes,    1667424 total
[2023-02-09T14:21:53.913+0000][68][gc,age      ] GC(201) - age  11:      11024 bytes,    1678448 total
[2023-02-09T14:21:53.914+0000][68][gc,age      ] GC(201) - age  12:        976 bytes,    1679424 total
[2023-02-09T14:21:53.914+0000][68][gc,age      ] GC(201) - age  13:      13384 bytes,    1692808 total
[2023-02-09T14:21:53.914+0000][68][gc,age      ] GC(201) - age  14:     116544 bytes,    1809352 total
[2023-02-09T14:21:53.915+0000][68][gc,age      ] GC(201) - age  15:       2632 bytes,    1811984 total
[2023-02-09T14:21:53.915+0000][68][gc,heap     ] GC(201) Eden regions: 22->0(22)
[2023-02-09T14:21:53.915+0000][68][gc,heap     ] GC(201) Survivor regions: 1->1(3)
[2023-02-09T14:21:53.916+0000][68][gc,heap     ] GC(201) Old regions: 26->26
[2023-02-09T14:21:53.916+0000][68][gc,heap     ] GC(201) Archive regions: 2->2
[2023-02-09T14:21:53.917+0000][68][gc,heap     ] GC(201) Humongous regions: 2->2
[2023-02-09T14:21:53.917+0000][68][gc,metaspace] GC(201) Metaspace: 142305K(145408K)->142305K(145408K) NonClass: 124146K(125376K)->124146K(125376K) Class: 18159K(20032K)->18159K(20032K)
[2023-02-09T14:21:53.918+0000][68][gc          ] GC(201) Pause Young (Concurrent Start) (G1 Evacuation Pause) 203M->115M(256M) 21.669ms
[2023-02-09T14:21:53.918+0000][68][gc,cpu      ] GC(201) User=0.00s Sys=0.00s Real=0.02s
[2023-02-09T14:21:53.918+0000][68][gc          ] GC(202) Concurrent Mark Cycle
[2023-02-09T14:21:53.919+0000][68][gc,marking  ] GC(202) Concurrent Clear Claimed Marks
[2023-02-09T14:21:53.919+0000][68][safepoint   ] Safepoint "G1CollectForAllocation", Time since last: 13187140920 ns, Reaching safepoint: 105704 ns, At safepoint: 22812609 ns, Total: 22918313 ns
[2023-02-09T14:21:53.920+0000][68][gc,marking  ] GC(202) Concurrent Clear Claimed Marks 1.022ms
[2023-02-09T14:21:53.921+0000][68][gc,marking  ] GC(202) Concurrent Scan Root Regions
[2023-02-09T14:21:53.924+0000][68][gc,marking  ] GC(202) Concurrent Scan Root Regions 2.562ms
[2023-02-09T14:21:53.924+0000][68][gc,marking  ] GC(202) Concurrent Mark
[2023-02-09T14:21:53.925+0000][68][gc,marking  ] GC(202) Concurrent Mark From Roots
[2023-02-09T14:21:53.925+0000][68][gc,task     ] GC(202) Using 1 workers of 1 for marking
[2023-02-09T14:21:54.033+0000][68][gc,marking  ] GC(202) Concurrent Mark From Roots 107.853ms
[2023-02-09T14:21:54.034+0000][68][gc,marking  ] GC(202) Concurrent Preclean
[2023-02-09T14:21:54.034+0000][68][gc,marking  ] GC(202) Concurrent Preclean 0.821ms
[2023-02-09T14:21:54.035+0000][68][gc,start    ] GC(202) Pause Remark
[2023-02-09T14:21:54.044+0000][68][gc          ] GC(202) Pause Remark 116M->116M(256M) 9.271ms
[2023-02-09T14:21:54.045+0000][68][gc,cpu      ] GC(202) User=0.03s Sys=0.00s Real=0.01s
[2023-02-09T14:21:54.046+0000][68][safepoint   ] Safepoint "G1PauseRemark", Time since last: 116417806 ns, Reaching safepoint: 68326 ns, At safepoint: 10569433 ns, Total: 10637759 ns
[2023-02-09T14:21:54.046+0000][68][gc,marking  ] GC(202) Concurrent Mark 121.755ms
[2023-02-09T14:21:54.047+0000][68][gc,marking  ] GC(202) Concurrent Rebuild Remembered Sets
[2023-02-09T14:21:54.109+0000][68][gc,marking  ] GC(202) Concurrent Rebuild Remembered Sets 62.338ms
[2023-02-09T14:21:54.110+0000][68][gc,start    ] GC(202) Pause Cleanup
[2023-02-09T14:21:54.111+0000][68][gc          ] GC(202) Pause Cleanup 122M->122M(256M) 0.776ms
[2023-02-09T14:21:54.111+0000][68][gc,cpu      ] GC(202) User=0.00s Sys=0.00s Real=0.00s
[2023-02-09T14:21:54.112+0000][68][safepoint   ] Safepoint "G1PauseCleanup", Time since last: 64158101 ns, Reaching safepoint: 103797 ns, At safepoint: 1791326 ns, Total: 1895123 ns
[2023-02-09T14:21:54.112+0000][68][gc,marking  ] GC(202) Concurrent Cleanup for Next Mark
[2023-02-09T14:21:54.113+0000][68][gc,marking  ] GC(202) Concurrent Cleanup for Next Mark 0.604ms
[2023-02-09T14:21:54.113+0000][68][gc          ] GC(202) Concurrent Mark Cycle 195.334ms
[2023-02-09T14:21:58.118+0000][68][safepoint   ] Safepoint "Cleanup", Time since last: 4005493099 ns, Reaching safepoint: 709112 ns, At safepoint: 19293 ns, Total: 728405 ns
[2023-02-09T14:22:03.127+0000][68][safepoint   ] Safepoint "Cleanup", Time since last: 5008468002 ns, Reaching safepoint: 172207 ns, At safepoint: 43810 ns, Total: 216017 ns
[2023-02-09T14:22:06.134+0000][68][safepoint   ] Safepoint "Cleanup", Time since last: 3006755039 ns, Reaching safepoint: 658581 ns, At safepoint: 17341 ns, Total: 675922 ns
[2023-02-09T14:22:07.140+0000][68][safepoint   ] Safepoint "Cleanup", Time since last: 1005879324 ns, Reaching safepoint: 426229 ns, At safepoint: 16385 ns, Total: 442614 ns
[2023-02-09T14:22:09.146+0000][68][safepoint   ] Safepoint "Cleanup", Time since last: 2005459944 ns, Reaching safepoint: 237898 ns, At safepoint: 5031 ns, Total: 242929 ns
[2023-02-09T14:22:10.344+0000][68][safepoint   ] Safepoint "Cleanup", Time since last: 1197007538 ns, Reaching safepoint: 726332 ns, At safepoint: 18030 ns, Total: 744362 ns
[2023-02-09T14:22:15.360+0000][68][safepoint   ] Safepoint "Cleanup", Time since last: 5016406451 ns, Reaching safepoint: 139120 ns, At safepoint: 4564 ns, Total: 143684 ns
[2023-02-09T14:22:18.365+0000][68][safepoint   ] Safepoint "Cleanup", Time since last: 3003974113 ns, Reaching safepoint: 576045 ns, At safepoint: 24006 ns, Total: 600051 ns
[2023-02-09T14:22:19.377+0000][68][gc,start    ] GC(203) Pause Young (Normal) (G1 Evacuation Pause)
[2023-02-09T14:22:19.380+0000][68][gc,task     ] GC(203) Using 4 workers of 4 for evacuation
[2023-02-09T14:22:19.382+0000][68][gc,age      ] GC(203) Desired survivor size 6291456 bytes, new threshold 15 (max threshold 15)
[2023-02-09T14:22:19.389+0000][68][gc,phases   ] GC(203)   Pre Evacuate Collection Set: 0.4ms
[2023-02-09T14:22:19.390+0000][68][gc,phases   ] GC(203)   Merge Heap Roots: 0.2ms
[2023-02-09T14:22:19.391+0000][68][gc,phases   ] GC(203)   Evacuate Collection Set: 3.5ms
[2023-02-09T14:22:19.392+0000][68][gc,phases   ] GC(203)   Post Evacuate Collection Set: 1.5ms
[2023-02-09T14:22:19.393+0000][68][gc,phases   ] GC(203)   Other: 3.3ms
[2023-02-09T14:22:19.394+0000][68][gc,age      ] GC(203) Age table with threshold 15 (max threshold 15)
[2023-02-09T14:22:19.395+0000][68][gc,age      ] GC(203) - age   1:    1037368 bytes,    1037368 total
[2023-02-09T14:22:19.396+0000][68][gc,age      ] GC(203) - age   2:     143264 bytes,    1180632 total
[2023-02-09T14:22:19.397+0000][68][gc,age      ] GC(203) - age   3:      10632 bytes,    1191264 total
[2023-02-09T14:22:19.397+0000][68][gc,age      ] GC(203) - age   4:     299904 bytes,    1491168 total
[2023-02-09T14:22:19.398+0000][68][gc,age      ] GC(203) - age   5:       1576 bytes,    1492744 total
[2023-02-09T14:22:19.399+0000][68][gc,age      ] GC(203) - age   6:       2432 bytes,    1495176 total
[2023-02-09T14:22:19.400+0000][68][gc,age      ] GC(203) - age   7:       6048 bytes,    1501224 total
[2023-02-09T14:22:19.400+0000][68][gc,age      ] GC(203) - age   8:       1352 bytes,    1502576 total
[2023-02-09T14:22:19.401+0000][68][gc,age      ] GC(203) - age   9:       1808 bytes,    1504384 total
[2023-02-09T14:22:19.402+0000][68][gc,age      ] GC(203) - age  10:       2376 bytes,    1506760 total
[2023-02-09T14:22:19.402+0000][68][gc,age      ] GC(203) - age  11:       1736 bytes,    1508496 total
[2023-02-09T14:22:19.403+0000][68][gc,age      ] GC(203) - age  12:      11024 bytes,    1519520 total
[2023-02-09T14:22:19.404+0000][68][gc,age      ] GC(203) - age  13:        976 bytes,    1520496 total
[2023-02-09T14:22:19.404+0000][68][gc,age      ] GC(203) - age  14:      13384 bytes,    1533880 total
[2023-02-09T14:22:19.405+0000][68][gc,age      ] GC(203) - age  15:     116544 bytes,    1650424 total
[2023-02-09T14:22:19.406+0000][68][gc,heap     ] GC(203) Eden regions: 22->0(22)
[2023-02-09T14:22:19.406+0000][68][gc,heap     ] GC(203) Survivor regions: 1->1(3)
[2023-02-09T14:22:19.407+0000][68][gc,heap     ] GC(203) Old regions: 26->26
[2023-02-09T14:22:19.407+0000][68][gc,heap     ] GC(203) Archive regions: 2->2
[2023-02-09T14:22:19.408+0000][68][gc,heap     ] GC(203) Humongous regions: 2->2
[2023-02-09T14:22:19.408+0000][68][gc,metaspace] GC(203) Metaspace: 142318K(145472K)->142318K(145472K) NonClass: 124159K(125440K)->124159K(125440K) Class: 18159K(20032K)->18159K(20032K)
[2023-02-09T14:22:19.409+0000][68][gc          ] GC(203) Pause Young (Normal) (G1 Evacuation Pause) 203M->115M(256M) 31.561ms
[2023-02-09T14:22:19.409+0000][68][gc,cpu      ] GC(203) User=0.01s Sys=0.00s Real=0.03s
[2023-02-09T14:22:19.410+0000][68][safepoint   ] Safepoint "G1CollectForAllocation", Time since last: 1011820424 ns, Reaching safepoint: 366321 ns, At safepoint: 32845944 ns, Total: 33212265 ns
[2023-02-09T14:22:21.394+0000][68][safepoint   ] Safepoint "Cleanup", Time since last: 2004238944 ns, Reaching safepoint: 623418 ns, At safepoint: 16343 ns, Total: 639761 ns
[2023-02-09T14:22:27.408+0000][68][safepoint   ] Safepoint "Cleanup", Time since last: 6013349765 ns, Reaching safepoint: 480312 ns, At safepoint: 57523 ns, Total: 537835 ns
[2023-02-09T14:22:34.419+0000][68][safepoint   ] Safepoint "Cleanup", Time since last: 7011229377 ns, Reaching safepoint: 288945 ns, At safepoint: 30310 ns, Total: 319255 ns
[2023-02-09T14:22:36.424+0000][68][safepoint   ] Safepoint "Cleanup", Time since last: 2003916447 ns, Reaching safepoint: 314142 ns, At safepoint: 10081 ns, Total: 324223 ns
[2023-02-09T14:22:39.434+0000][68][safepoint   ] Safepoint "Cleanup", Time since last: 3009993952 ns, Reaching safepoint: 484809 ns, At safepoint: 11937 ns, Total: 496746 ns
[2023-02-09T14:22:46.527+0000][68][gc,start    ] GC(204) Pause Young (Concurrent Start) (G1 Evacuation Pause)
[2023-02-09T14:22:46.529+0000][68][gc,task     ] GC(204) Using 4 workers of 4 for evacuation
[2023-02-09T14:22:46.531+0000][68][gc,age      ] GC(204) Desired survivor size 6291456 bytes, new threshold 15 (max threshold 15)
[2023-02-09T14:22:46.540+0000][68][gc,phases   ] GC(204)   Pre Evacuate Collection Set: 0.9ms
[2023-02-09T14:22:46.541+0000][68][gc,phases   ] GC(204)   Merge Heap Roots: 0.4ms
[2023-02-09T14:22:46.542+0000][68][gc,phases   ] GC(204)   Evacuate Collection Set: 4.2ms
[2023-02-09T14:22:46.543+0000][68][gc,phases   ] GC(204)   Post Evacuate Collection Set: 1.9ms
[2023-02-09T14:22:46.544+0000][68][gc,phases   ] GC(204)   Other: 3.8ms
[2023-02-09T14:22:46.544+0000][68][gc,age      ] GC(204) Age table with threshold 15 (max threshold 15)
[2023-02-09T14:22:46.545+0000][68][gc,age      ] GC(204) - age   1:    1237384 bytes,    1237384 total
[2023-02-09T14:22:46.546+0000][68][gc,age      ] GC(204) - age   2:     179288 bytes,    1416672 total
[2023-02-09T14:22:46.546+0000][68][gc,age      ] GC(204) - age   3:       1416 bytes,    1418088 total
[2023-02-09T14:22:46.547+0000][68][gc,age      ] GC(204) - age   4:      10160 bytes,    1428248 total
[2023-02-09T14:22:46.548+0000][68][gc,age      ] GC(204) - age   5:     299904 bytes,    1728152 total
[2023-02-09T14:22:46.548+0000][68][gc,age      ] GC(204) - age   6:       1400 bytes,    1729552 total
[2023-02-09T14:22:46.549+0000][68][gc,age      ] GC(204) - age   7:       2432 bytes,    1731984 total
[2023-02-09T14:22:46.550+0000][68][gc,age      ] GC(204) - age   8:       6048 bytes,    1738032 total
[2023-02-09T14:22:46.551+0000][68][gc,age      ] GC(204) - age   9:       1352 bytes,    1739384 total
[2023-02-09T14:22:46.551+0000][68][gc,age      ] GC(204) - age  10:       1808 bytes,    1741192 total
[2023-02-09T14:22:46.552+0000][68][gc,age      ] GC(204) - age  11:       2376 bytes,    1743568 total
[2023-02-09T14:22:46.553+0000][68][gc,age      ] GC(204) - age  12:       1736 bytes,    1745304 total
[2023-02-09T14:22:46.554+0000][68][gc,age      ] GC(204) - age  13:      11024 bytes,    1756328 total
[2023-02-09T14:22:46.554+0000][68][gc,age      ] GC(204) - age  14:        976 bytes,    1757304 total
[2023-02-09T14:22:46.555+0000][68][gc,age      ] GC(204) - age  15:      13384 bytes,    1770688 total
[2023-02-09T14:22:46.555+0000][68][gc,heap     ] GC(204) Eden regions: 22->0(22)
[2023-02-09T14:22:46.556+0000][68][gc,heap     ] GC(204) Survivor regions: 1->1(3)
[2023-02-09T14:22:46.557+0000][68][gc,heap     ] GC(204) Old regions: 26->26
[2023-02-09T14:22:46.557+0000][68][gc,heap     ] GC(204) Archive regions: 2->2
[2023-02-09T14:22:46.557+0000][68][gc,heap     ] GC(204) Humongous regions: 2->2
[2023-02-09T14:22:46.558+0000][68][gc,metaspace] GC(204) Metaspace: 142319K(145472K)->142319K(145472K) NonClass: 124160K(125440K)->124160K(125440K) Class: 18159K(20032K)->18159K(20032K)
[2023-02-09T14:22:46.559+0000][68][gc          ] GC(204) Pause Young (Concurrent Start) (G1 Evacuation Pause) 203M->115M(256M) 31.087ms
[2023-02-09T14:22:46.559+0000][68][gc,cpu      ] GC(204) User=0.01s Sys=0.01s Real=0.03s
[2023-02-09T14:22:46.559+0000][68][gc          ] GC(205) Concurrent Mark Cycle
[2023-02-09T14:22:46.560+0000][68][gc,marking  ] GC(205) Concurrent Clear Claimed Marks
[2023-02-09T14:22:46.560+0000][68][safepoint   ] Safepoint "G1CollectForAllocation", Time since last: 7093276473 ns, Reaching safepoint: 130932 ns, At safepoint: 32431536 ns, Total: 32562468 ns
[2023-02-09T14:22:46.561+0000][68][gc,marking  ] GC(205) Concurrent Clear Claimed Marks 0.992ms
[2023-02-09T14:22:46.562+0000][68][gc,marking  ] GC(205) Concurrent Scan Root Regions
[2023-02-09T14:22:46.566+0000][68][gc,marking  ] GC(205) Concurrent Scan Root Regions 3.618ms
[2023-02-09T14:22:46.566+0000][68][gc,marking  ] GC(205) Concurrent Mark
[2023-02-09T14:22:46.567+0000][68][gc,marking  ] GC(205) Concurrent Mark From Roots
[2023-02-09T14:22:46.568+0000][68][gc,task     ] GC(205) Using 1 workers of 1 for marking
[2023-02-09T14:22:46.665+0000][68][gc,marking  ] GC(205) Concurrent Mark From Roots 98.075ms
[2023-02-09T14:22:46.667+0000][68][gc,marking  ] GC(205) Concurrent Preclean
[2023-02-09T14:22:46.667+0000][68][gc,marking  ] GC(205) Concurrent Preclean 0.812ms
[2023-02-09T14:22:46.668+0000][68][gc,start    ] GC(205) Pause Remark
[2023-02-09T14:22:46.682+0000][68][gc          ] GC(205) Pause Remark 116M->116M(256M) 13.456ms
[2023-02-09T14:22:46.682+0000][68][gc,cpu      ] GC(205) User=0.03s Sys=0.00s Real=0.02s
[2023-02-09T14:22:46.683+0000][68][safepoint   ] Safepoint "G1PauseRemark", Time since last: 108155719 ns, Reaching safepoint: 82339 ns, At safepoint: 14993531 ns, Total: 15075870 ns
[2023-02-09T14:22:46.684+0000][68][gc,marking  ] GC(205) Concurrent Mark 117.209ms
[2023-02-09T14:22:46.684+0000][68][gc,marking  ] GC(205) Concurrent Rebuild Remembered Sets
[2023-02-09T14:22:46.736+0000][68][gc,marking  ] GC(205) Concurrent Rebuild Remembered Sets 51.467ms
[2023-02-09T14:22:46.737+0000][68][gc,start    ] GC(205) Pause Cleanup
[2023-02-09T14:22:46.738+0000][68][gc          ] GC(205) Pause Cleanup 116M->116M(256M) 1.078ms
[2023-02-09T14:22:46.739+0000][68][gc,cpu      ] GC(205) User=0.00s Sys=0.00s Real=0.00s
[2023-02-09T14:22:46.740+0000][68][safepoint   ] Safepoint "G1PauseCleanup", Time since last: 53822084 ns, Reaching safepoint: 168847 ns, At safepoint: 2594374 ns, Total: 2763221 ns
[2023-02-09T14:22:46.740+0000][68][gc,marking  ] GC(205) Concurrent Cleanup for Next Mark
[2023-02-09T14:22:46.741+0000][68][gc,marking  ] GC(205) Concurrent Cleanup for Next Mark 0.768ms
[2023-02-09T14:22:46.742+0000][68][gc          ] GC(205) Concurrent Mark Cycle 182.503ms
[2023-02-09T14:22:51.728+0000][68][safepoint   ] Safepoint "Cleanup", Time since last: 5009730025 ns, Reaching safepoint: 744924 ns, At safepoint: 33285 ns, Total: 778209 ns
[2023-02-09T14:22:54.737+0000][68][safepoint   ] Safepoint "Cleanup", Time since last: 3009037047 ns, Reaching safepoint: 536930 ns, At safepoint: 45538 ns, Total: 582468 ns
[2023-02-09T14:22:57.747+0000][68][safepoint   ] Safepoint "Cleanup", Time since last: 3009306422 ns, Reaching safepoint: 436894 ns, At safepoint: 14190 ns, Total: 451084 ns
[2023-02-09T14:22:59.753+0000][68][safepoint   ] Safepoint "Cleanup", Time since last: 2005570910 ns, Reaching safepoint: 769621 ns, At safepoint: 28019 ns, Total: 797640 ns
[2023-02-09T14:23:03.766+0000][68][safepoint   ] Safepoint "Cleanup", Time since last: 4012072295 ns, Reaching safepoint: 251862 ns, At safepoint: 21474 ns, Total: 273336 ns
[2023-02-09T14:23:06.772+0000][68][safepoint   ] Safepoint "Cleanup", Time since last: 3005730616 ns, Reaching safepoint: 518249 ns, At safepoint: 13329 ns, Total: 531578 ns
[2023-02-09T14:23:09.783+0000][68][safepoint   ] Safepoint "Cleanup", Time since last: 3010173834 ns, Reaching safepoint: 447606 ns, At safepoint: 16604 ns, Total: 464210 ns
[2023-02-09T14:23:15.044+0000][68][gc,start    ] GC(206) Pause Young (Normal) (G1 Evacuation Pause)
[2023-02-09T14:23:15.045+0000][68][gc,task     ] GC(206) Using 4 workers of 4 for evacuation
[2023-02-09T14:23:15.045+0000][68][gc,age      ] GC(206) Desired survivor size 6291456 bytes, new threshold 15 (max threshold 15)
[2023-02-09T14:23:15.048+0000][68][gc,phases   ] GC(206)   Pre Evacuate Collection Set: 0.1ms
[2023-02-09T14:23:15.049+0000][68][gc,phases   ] GC(206)   Merge Heap Roots: 0.1ms
[2023-02-09T14:23:15.050+0000][68][gc,phases   ] GC(206)   Evacuate Collection Set: 1.4ms
[2023-02-09T14:23:15.050+0000][68][gc,phases   ] GC(206)   Post Evacuate Collection Set: 0.7ms
[2023-02-09T14:23:15.050+0000][68][gc,phases   ] GC(206)   Other: 1.0ms
[2023-02-09T14:23:15.051+0000][68][gc,age      ] GC(206) Age table with threshold 15 (max threshold 15)
[2023-02-09T14:23:15.051+0000][68][gc,age      ] GC(206) - age   1:    1485824 bytes,    1485824 total
[2023-02-09T14:23:15.052+0000][68][gc,age      ] GC(206) - age   2:       3320 bytes,    1489144 total
[2023-02-09T14:23:15.052+0000][68][gc,age      ] GC(206) - age   3:     157200 bytes,    1646344 total
[2023-02-09T14:23:15.052+0000][68][gc,age      ] GC(206) - age   4:       1224 bytes,    1647568 total
[2023-02-09T14:23:15.053+0000][68][gc,age      ] GC(206) - age   5:      10072 bytes,    1657640 total
[2023-02-09T14:23:15.053+0000][68][gc,age      ] GC(206) - age   6:     299904 bytes,    1957544 total
[2023-02-09T14:23:15.054+0000][68][gc,age      ] GC(206) - age   7:       1272 bytes,    1958816 total
[2023-02-09T14:23:15.054+0000][68][gc,age      ] GC(206) - age   8:       2432 bytes,    1961248 total
[2023-02-09T14:23:15.054+0000][68][gc,age      ] GC(206) - age   9:       6048 bytes,    1967296 total
[2023-02-09T14:23:15.055+0000][68][gc,age      ] GC(206) - age  10:       1352 bytes,    1968648 total
[2023-02-09T14:23:15.055+0000][68][gc,age      ] GC(206) - age  11:       1808 bytes,    1970456 total
[2023-02-09T14:23:15.055+0000][68][gc,age      ] GC(206) - age  12:       2056 bytes,    1972512 total
[2023-02-09T14:23:15.056+0000][68][gc,age      ] GC(206) - age  13:       1736 bytes,    1974248 total
[2023-02-09T14:23:15.056+0000][68][gc,age      ] GC(206) - age  14:      11024 bytes,    1985272 total
[2023-02-09T14:23:15.057+0000][68][gc,age      ] GC(206) - age  15:        976 bytes,    1986248 total
[2023-02-09T14:23:15.057+0000][68][gc,heap     ] GC(206) Eden regions: 22->0(22)
[2023-02-09T14:23:15.057+0000][68][gc,heap     ] GC(206) Survivor regions: 1->1(3)
[2023-02-09T14:23:15.058+0000][68][gc,heap     ] GC(206) Old regions: 26->26
[2023-02-09T14:23:15.058+0000][68][gc,heap     ] GC(206) Archive regions: 2->2
[2023-02-09T14:23:15.058+0000][68][gc,heap     ] GC(206) Humongous regions: 2->2
[2023-02-09T14:23:15.059+0000][68][gc,metaspace] GC(206) Metaspace: 142331K(145472K)->142331K(145472K) NonClass: 124172K(125440K)->124172K(125440K) Class: 18159K(20032K)->18159K(20032K)
[2023-02-09T14:23:15.059+0000][68][gc          ] GC(206) Pause Young (Normal) (G1 Evacuation Pause) 203M->116M(256M) 14.954ms
[2023-02-09T14:23:15.060+0000][68][gc,cpu      ] GC(206) User=0.01s Sys=0.01s Real=0.02s
[2023-02-09T14:23:15.060+0000][68][safepoint   ] Safepoint "G1CollectForAllocation", Time since last: 5261584965 ns, Reaching safepoint: 89053 ns, At safepoint: 15855980 ns, Total: 15945033 ns
[2023-02-09T14:23:16.062+0000][68][safepoint   ] Safepoint "Cleanup", Time since last: 1001098034 ns, Reaching safepoint: 620237 ns, At safepoint: 136827 ns, Total: 757064 ns
[2023-02-09T14:23:22.048+0000][68][safepoint   ] Safepoint "Cleanup", Time since last: 6006432160 ns, Reaching safepoint: 103941 ns, At safepoint: 4963 ns, Total: 108904 ns
[2023-02-09T14:23:25.050+0000][68][safepoint   ] Safepoint "Cleanup", Time since last: 3002272677 ns, Reaching safepoint: 157223 ns, At safepoint: 4565 ns, Total: 161788 ns
[2023-02-09T14:23:27.052+0000][68][safepoint   ] Safepoint "Cleanup", Time since last: 2001699805 ns, Reaching safepoint: 98703 ns, At safepoint: 3880 ns, Total: 102583 ns
[2023-02-09T14:23:28.053+0000][68][safepoint   ] Safepoint "Cleanup", Time since last: 1000907880 ns, Reaching safepoint: 150161 ns, At safepoint: 4244 ns, Total: 154405 ns
[2023-02-09T14:23:30.056+0000][68][safepoint   ] Safepoint "Cleanup", Time since last: 2002163905 ns, Reaching safepoint: 582616 ns, At safepoint: 15404 ns, Total: 598020 ns
[2023-02-09T14:23:31.061+0000][68][safepoint   ] Safepoint "Cleanup", Time since last: 1004622238 ns, Reaching safepoint: 692708 ns, At safepoint: 34400 ns, Total: 727108 ns
[2023-02-09T14:23:33.069+0000][68][safepoint   ] Safepoint "Cleanup", Time since last: 2007298708 ns, Reaching safepoint: 774729 ns, At safepoint: 23580 ns, Total: 798309 ns
[2023-02-09T14:23:38.079+0000][68][safepoint   ] Safepoint "Cleanup", Time since last: 5008469981 ns, Reaching safepoint: 537702 ns, At safepoint: 44915 ns, Total: 582617 ns
[2023-02-09T14:23:39.809+0000][68][gc,start    ] GC(207) Pause Young (Concurrent Start) (G1 Evacuation Pause)
[2023-02-09T14:23:39.810+0000][68][gc,task     ] GC(207) Using 4 workers of 4 for evacuation
[2023-02-09T14:23:39.813+0000][68][gc,age      ] GC(207) Desired survivor size 6291456 bytes, new threshold 15 (max threshold 15)
[2023-02-09T14:23:39.819+0000][68][gc,phases   ] GC(207)   Pre Evacuate Collection Set: 0.4ms
[2023-02-09T14:23:39.820+0000][68][gc,phases   ] GC(207)   Merge Heap Roots: 0.1ms
[2023-02-09T14:23:39.820+0000][68][gc,phases   ] GC(207)   Evacuate Collection Set: 2.7ms
[2023-02-09T14:23:39.821+0000][68][gc,phases   ] GC(207)   Post Evacuate Collection Set: 1.0ms
[2023-02-09T14:23:39.821+0000][68][gc,phases   ] GC(207)   Other: 4.5ms
[2023-02-09T14:23:39.822+0000][68][gc,age      ] GC(207) Age table with threshold 15 (max threshold 15)
[2023-02-09T14:23:39.822+0000][68][gc,age      ] GC(207) - age   1:    1579152 bytes,    1579152 total
[2023-02-09T14:23:39.823+0000][68][gc,age      ] GC(207) - age   2:     135288 bytes,    1714440 total
[2023-02-09T14:23:39.823+0000][68][gc,age      ] GC(207) - age   3:       1288 bytes,    1715728 total
[2023-02-09T14:23:39.824+0000][68][gc,age      ] GC(207) - age   4:       4056 bytes,    1719784 total
[2023-02-09T14:23:39.824+0000][68][gc,age      ] GC(207) - age   5:       1224 bytes,    1721008 total
[2023-02-09T14:23:39.824+0000][68][gc,age      ] GC(207) - age   6:      10072 bytes,    1731080 total
[2023-02-09T14:23:39.825+0000][68][gc,age      ] GC(207) - age   7:     299904 bytes,    2030984 total
[2023-02-09T14:23:39.825+0000][68][gc,age      ] GC(207) - age   8:       1272 bytes,    2032256 total
[2023-02-09T14:23:39.826+0000][68][gc,age      ] GC(207) - age   9:       2432 bytes,    2034688 total
[2023-02-09T14:23:39.826+0000][68][gc,age      ] GC(207) - age  10:       6048 bytes,    2040736 total
[2023-02-09T14:23:39.826+0000][68][gc,age      ] GC(207) - age  11:       1352 bytes,    2042088 total
[2023-02-09T14:23:39.827+0000][68][gc,age      ] GC(207) - age  12:       1600 bytes,    2043688 total
[2023-02-09T14:23:39.827+0000][68][gc,age      ] GC(207) - age  13:       2056 bytes,    2045744 total
[2023-02-09T14:23:39.828+0000][68][gc,age      ] GC(207) - age  14:       1736 bytes,    2047480 total
[2023-02-09T14:23:39.828+0000][68][gc,age      ] GC(207) - age  15:      11024 bytes,    2058504 total
[2023-02-09T14:23:39.828+0000][68][gc,heap     ] GC(207) Eden regions: 22->0(21)
[2023-02-09T14:23:39.829+0000][68][gc,heap     ] GC(207) Survivor regions: 1->1(3)
[2023-02-09T14:23:39.829+0000][68][gc,heap     ] GC(207) Old regions: 26->26
[2023-02-09T14:23:39.830+0000][68][gc,heap     ] GC(207) Archive regions: 2->2
[2023-02-09T14:23:39.830+0000][68][gc,heap     ] GC(207) Humongous regions: 2->2
[2023-02-09T14:23:39.831+0000][68][gc,metaspace] GC(207) Metaspace: 142333K(145472K)->142333K(145472K) NonClass: 124174K(125440K)->124174K(125440K) Class: 18159K(20032K)->18159K(20032K)
[2023-02-09T14:23:39.831+0000][68][gc          ] GC(207) Pause Young (Concurrent Start) (G1 Evacuation Pause) 204M->116M(256M) 22.163ms
[2023-02-09T14:23:39.832+0000][68][gc,cpu      ] GC(207) User=0.01s Sys=0.00s Real=0.02s
[2023-02-09T14:23:39.832+0000][68][gc          ] GC(208) Concurrent Mark Cycle
[2023-02-09T14:23:39.833+0000][68][gc,marking  ] GC(208) Concurrent Clear Claimed Marks
[2023-02-09T14:23:39.832+0000][68][safepoint   ] Safepoint "G1CollectForAllocation", Time since last: 1730636380 ns, Reaching safepoint: 109163 ns, At safepoint: 23238263 ns, Total: 23347426 ns
[2023-02-09T14:23:39.834+0000][68][gc,marking  ] GC(208) Concurrent Clear Claimed Marks 0.727ms
[2023-02-09T14:23:39.835+0000][68][gc,marking  ] GC(208) Concurrent Scan Root Regions
[2023-02-09T14:23:39.838+0000][68][gc,marking  ] GC(208) Concurrent Scan Root Regions 2.549ms
[2023-02-09T14:23:39.838+0000][68][gc,marking  ] GC(208) Concurrent Mark
[2023-02-09T14:23:39.839+0000][68][gc,marking  ] GC(208) Concurrent Mark From Roots
[2023-02-09T14:23:39.839+0000][68][gc,task     ] GC(208) Using 1 workers of 1 for marking
[2023-02-09T14:23:39.942+0000][68][gc,marking  ] GC(208) Concurrent Mark From Roots 103.338ms
[2023-02-09T14:23:39.943+0000][68][gc,marking  ] GC(208) Concurrent Preclean
[2023-02-09T14:23:39.944+0000][68][gc,marking  ] GC(208) Concurrent Preclean 0.739ms
[2023-02-09T14:23:39.944+0000][68][gc,start    ] GC(208) Pause Remark
[2023-02-09T14:23:39.954+0000][68][gc          ] GC(208) Pause Remark 117M->117M(256M) 9.263ms
[2023-02-09T14:23:39.954+0000][68][gc,cpu      ] GC(208) User=0.03s Sys=0.00s Real=0.01s
[2023-02-09T14:23:39.955+0000][68][safepoint   ] Safepoint "G1PauseRemark", Time since last: 111674386 ns, Reaching safepoint: 90688 ns, At safepoint: 10355173 ns, Total: 10445861 ns
[2023-02-09T14:23:39.955+0000][68][gc,marking  ] GC(208) Concurrent Mark 116.697ms
[2023-02-09T14:23:39.956+0000][68][gc,marking  ] GC(208) Concurrent Rebuild Remembered Sets
[2023-02-09T14:23:40.005+0000][68][gc,marking  ] GC(208) Concurrent Rebuild Remembered Sets 49.185ms
[2023-02-09T14:23:40.006+0000][68][gc,start    ] GC(208) Pause Cleanup
[2023-02-09T14:23:40.007+0000][68][gc          ] GC(208) Pause Cleanup 117M->117M(256M) 0.760ms
[2023-02-09T14:23:40.008+0000][68][gc,cpu      ] GC(208) User=0.00s Sys=0.00s Real=0.00s
[2023-02-09T14:23:40.008+0000][68][safepoint   ] Safepoint "G1PauseCleanup", Time since last: 51350210 ns, Reaching safepoint: 174288 ns, At safepoint: 2081577 ns, Total: 2255865 ns
[2023-02-09T14:23:40.009+0000][68][gc,marking  ] GC(208) Concurrent Cleanup for Next Mark
[2023-02-09T14:23:40.010+0000][68][gc,marking  ] GC(208) Concurrent Cleanup for Next Mark 0.741ms
[2023-02-09T14:23:40.010+0000][68][gc          ] GC(208) Concurrent Mark Cycle 177.892ms
[2023-02-09T14:23:45.015+0000][68][safepoint   ] Safepoint "Cleanup", Time since last: 5006374697 ns, Reaching safepoint: 138159 ns, At safepoint: 5162 ns, Total: 143321 ns
[2023-02-09T14:24:04.025+0000][68][safepoint   ] Safepoint "Cleanup", Time since last: 19031604460 ns, Reaching safepoint: 92519 ns, At safepoint: 3600 ns, Total: 96119 ns
[2023-02-09T14:24:05.818+0000][68][gc,start    ] GC(209) Pause Young (Normal) (G1 Evacuation Pause)
[2023-02-09T14:24:05.819+0000][68][gc,task     ] GC(209) Using 4 workers of 4 for evacuation
[2023-02-09T14:24:05.820+0000][68][gc,age      ] GC(209) Desired survivor size 6291456 bytes, new threshold 15 (max threshold 15)
[2023-02-09T14:24:05.826+0000][68][gc,phases   ] GC(209)   Pre Evacuate Collection Set: 0.4ms
[2023-02-09T14:24:05.826+0000][68][gc,phases   ] GC(209)   Merge Heap Roots: 0.3ms
[2023-02-09T14:24:05.827+0000][68][gc,phases   ] GC(209)   Evacuate Collection Set: 2.2ms
[2023-02-09T14:24:05.828+0000][68][gc,phases   ] GC(209)   Post Evacuate Collection Set: 1.6ms
[2023-02-09T14:24:05.829+0000][68][gc,phases   ] GC(209)   Other: 1.9ms
[2023-02-09T14:24:05.830+0000][68][gc,age      ] GC(209) Age table with threshold 15 (max threshold 15)
[2023-02-09T14:24:05.830+0000][68][gc,age      ] GC(209) - age   1:     527504 bytes,     527504 total
[2023-02-09T14:24:05.831+0000][68][gc,age      ] GC(209) - age   2:      15480 bytes,     542984 total
[2023-02-09T14:24:05.831+0000][68][gc,age      ] GC(209) - age   3:       2608 bytes,     545592 total
[2023-02-09T14:24:05.832+0000][68][gc,age      ] GC(209) - age   4:        840 bytes,     546432 total
[2023-02-09T14:24:05.832+0000][68][gc,age      ] GC(209) - age   5:       3928 bytes,     550360 total
[2023-02-09T14:24:05.833+0000][68][gc,age      ] GC(209) - age   6:        632 bytes,     550992 total
[2023-02-09T14:24:05.833+0000][68][gc,age      ] GC(209) - age   7:       9944 bytes,     560936 total
[2023-02-09T14:24:05.834+0000][68][gc,age      ] GC(209) - age   8:     299904 bytes,     860840 total
[2023-02-09T14:24:05.834+0000][68][gc,age      ] GC(209) - age   9:       1272 bytes,     862112 total
[2023-02-09T14:24:05.835+0000][68][gc,age      ] GC(209) - age  10:       2432 bytes,     864544 total
[2023-02-09T14:24:05.835+0000][68][gc,age      ] GC(209) - age  11:       6048 bytes,     870592 total
[2023-02-09T14:24:05.836+0000][68][gc,age      ] GC(209) - age  12:       1352 bytes,     871944 total
[2023-02-09T14:24:05.836+0000][68][gc,age      ] GC(209) - age  13:       1600 bytes,     873544 total
[2023-02-09T14:24:05.837+0000][68][gc,age      ] GC(209) - age  14:       2056 bytes,     875600 total
[2023-02-09T14:24:05.837+0000][68][gc,age      ] GC(209) - age  15:       1736 bytes,     877336 total
[2023-02-09T14:24:05.837+0000][68][gc,heap     ] GC(209) Eden regions: 21->0(22)
[2023-02-09T14:24:05.838+0000][68][gc,heap     ] GC(209) Survivor regions: 1->1(3)
[2023-02-09T14:24:05.838+0000][68][gc,heap     ] GC(209) Old regions: 26->26
[2023-02-09T14:24:05.839+0000][68][gc,heap     ] GC(209) Archive regions: 2->2
[2023-02-09T14:24:05.839+0000][68][gc,heap     ] GC(209) Humongous regions: 2->2
[2023-02-09T14:24:05.840+0000][68][gc,metaspace] GC(209) Metaspace: 142337K(145472K)->142337K(145472K) NonClass: 124178K(125440K)->124178K(125440K) Class: 18159K(20032K)->18159K(20032K)
[2023-02-09T14:24:05.841+0000][68][gc          ] GC(209) Pause Young (Normal) (G1 Evacuation Pause) 200M->115M(256M) 22.632ms
[2023-02-09T14:24:05.841+0000][68][gc,cpu      ] GC(209) User=0.01s Sys=0.00s Real=0.02s
[2023-02-09T14:24:05.842+0000][68][safepoint   ] Safepoint "G1CollectForAllocation", Time since last: 1793094376 ns, Reaching safepoint: 126961 ns, At safepoint: 23717251 ns, Total: 23844212 ns
[2023-02-09T14:24:06.846+0000][68][safepoint   ] Safepoint "Cleanup", Time since last: 1003844615 ns, Reaching safepoint: 881946 ns, At safepoint: 33492 ns, Total: 915438 ns
[2023-02-09T14:24:09.855+0000][68][safepoint   ] Safepoint "Cleanup", Time since last: 3008557105 ns, Reaching safepoint: 245018 ns, At safepoint: 17040 ns, Total: 262058 ns
[2023-02-09T14:24:14.866+0000][68][safepoint   ] Safepoint "Cleanup", Time since last: 5010341508 ns, Reaching safepoint: 119743 ns, At safepoint: 48807 ns, Total: 168550 ns
[2023-02-09T14:24:20.853+0000][68][safepoint   ] Safepoint "Cleanup", Time since last: 6008451522 ns, Reaching safepoint: 127446 ns, At safepoint: 4714 ns, Total: 132160 ns
[2023-02-09T14:24:26.863+0000][68][safepoint   ] Safepoint "Cleanup", Time since last: 6010243289 ns, Reaching safepoint: 254034 ns, At safepoint: 25956 ns, Total: 279990 ns
[2023-02-09T14:24:28.867+0000][68][safepoint   ] Safepoint "Cleanup", Time since last: 2003228563 ns, Reaching safepoint: 290438 ns, At safepoint: 15020 ns, Total: 305458 ns
[2023-02-09T14:24:36.539+0000][68][gc,start    ] GC(210) Pause Young (Concurrent Start) (G1 Evacuation Pause)
[2023-02-09T14:24:36.539+0000][68][gc,task     ] GC(210) Using 4 workers of 4 for evacuation
[2023-02-09T14:24:36.540+0000][68][gc,age      ] GC(210) Desired survivor size 6291456 bytes, new threshold 15 (max threshold 15)
[2023-02-09T14:24:36.544+0000][68][gc,phases   ] GC(210)   Pre Evacuate Collection Set: 0.4ms
[2023-02-09T14:24:36.545+0000][68][gc,phases   ] GC(210)   Merge Heap Roots: 0.1ms
[2023-02-09T14:24:36.546+0000][68][gc,phases   ] GC(210)   Evacuate Collection Set: 1.9ms
[2023-02-09T14:24:36.546+0000][68][gc,phases   ] GC(210)   Post Evacuate Collection Set: 1.0ms
[2023-02-09T14:24:36.547+0000][68][gc,phases   ] GC(210)   Other: 1.3ms
[2023-02-09T14:24:36.547+0000][68][gc,age      ] GC(210) Age table with threshold 15 (max threshold 15)
[2023-02-09T14:24:36.547+0000][68][gc,age      ] GC(210) - age   1:     728208 bytes,     728208 total
[2023-02-09T14:24:36.548+0000][68][gc,age      ] GC(210) - age   2:     131056 bytes,     859264 total
[2023-02-09T14:24:36.548+0000][68][gc,age      ] GC(210) - age   3:       6896 bytes,     866160 total
[2023-02-09T14:24:36.549+0000][68][gc,age      ] GC(210) - age   4:       2448 bytes,     868608 total
[2023-02-09T14:24:36.549+0000][68][gc,age      ] GC(210) - age   5:        320 bytes,     868928 total
[2023-02-09T14:24:36.550+0000][68][gc,age      ] GC(210) - age   6:       3864 bytes,     872792 total
[2023-02-09T14:24:36.550+0000][68][gc,age      ] GC(210) - age   7:        632 bytes,     873424 total
[2023-02-09T14:24:36.550+0000][68][gc,age      ] GC(210) - age   8:       9944 bytes,     883368 total
[2023-02-09T14:24:36.551+0000][68][gc,age      ] GC(210) - age   9:     299848 bytes,    1183216 total
[2023-02-09T14:24:36.551+0000][68][gc,age      ] GC(210) - age  10:       1272 bytes,    1184488 total
[2023-02-09T14:24:36.551+0000][68][gc,age      ] GC(210) - age  11:       2432 bytes,    1186920 total
[2023-02-09T14:24:36.552+0000][68][gc,age      ] GC(210) - age  12:       6048 bytes,    1192968 total
[2023-02-09T14:24:36.552+0000][68][gc,age      ] GC(210) - age  13:       1352 bytes,    1194320 total
[2023-02-09T14:24:36.553+0000][68][gc,age      ] GC(210) - age  14:       1600 bytes,    1195920 total
[2023-02-09T14:24:36.553+0000][68][gc,age      ] GC(210) - age  15:       2032 bytes,    1197952 total
[2023-02-09T14:24:36.554+0000][68][gc,heap     ] GC(210) Eden regions: 22->0(22)
[2023-02-09T14:24:36.554+0000][68][gc,heap     ] GC(210) Survivor regions: 1->1(3)
[2023-02-09T14:24:36.554+0000][68][gc,heap     ] GC(210) Old regions: 26->26
[2023-02-09T14:24:36.555+0000][68][gc,heap     ] GC(210) Archive regions: 2->2
[2023-02-09T14:24:36.555+0000][68][gc,heap     ] GC(210) Humongous regions: 2->2
[2023-02-09T14:24:36.556+0000][68][gc,metaspace] GC(210) Metaspace: 142342K(145472K)->142342K(145472K) NonClass: 124183K(125440K)->124183K(125440K) Class: 18159K(20032K)->18159K(20032K)
[2023-02-09T14:24:36.556+0000][68][gc          ] GC(210) Pause Young (Concurrent Start) (G1 Evacuation Pause) 203M->115M(256M) 17.324ms
[2023-02-09T14:24:36.557+0000][68][gc          ] GC(211) Concurrent Mark Cycle
[2023-02-09T14:24:36.557+0000][68][gc,marking  ] GC(211) Concurrent Clear Claimed Marks
[2023-02-09T14:24:36.558+0000][68][gc,marking  ] GC(211) Concurrent Clear Claimed Marks 0.597ms
[2023-02-09T14:24:36.558+0000][68][gc,marking  ] GC(211) Concurrent Scan Root Regions
[2023-02-09T14:24:36.557+0000][68][gc,cpu      ] GC(210) User=0.01s Sys=0.00s Real=0.02s
[2023-02-09T14:24:36.559+0000][68][safepoint   ] Safepoint "G1CollectForAllocation", Time since last: 7671463659 ns, Reaching safepoint: 232668 ns, At safepoint: 20367632 ns, Total: 20600300 ns
[2023-02-09T14:24:36.561+0000][68][gc,marking  ] GC(211) Concurrent Scan Root Regions 2.706ms
[2023-02-09T14:24:36.562+0000][68][gc,marking  ] GC(211) Concurrent Mark
[2023-02-09T14:24:36.562+0000][68][gc,marking  ] GC(211) Concurrent Mark From Roots
[2023-02-09T14:24:36.563+0000][68][gc,task     ] GC(211) Using 1 workers of 1 for marking
[2023-02-09T14:24:36.662+0000][68][gc,marking  ] GC(211) Concurrent Mark From Roots 100.281ms
[2023-02-09T14:24:36.663+0000][68][gc,marking  ] GC(211) Concurrent Preclean
[2023-02-09T14:24:36.664+0000][68][gc,marking  ] GC(211) Concurrent Preclean 0.769ms
[2023-02-09T14:24:36.665+0000][68][gc,start    ] GC(211) Pause Remark
[2023-02-09T14:24:36.675+0000][68][gc          ] GC(211) Pause Remark 118M->118M(256M) 10.154ms
[2023-02-09T14:24:36.677+0000][68][gc,cpu      ] GC(211) User=0.03s Sys=0.00s Real=0.02s
[2023-02-09T14:24:36.677+0000][68][safepoint   ] Safepoint "G1PauseRemark", Time since last: 105951513 ns, Reaching safepoint: 110279 ns, At safepoint: 12088861 ns, Total: 12199140 ns
[2023-02-09T14:24:36.678+0000][68][gc,marking  ] GC(211) Concurrent Mark 116.259ms
[2023-02-09T14:24:36.678+0000][68][gc,marking  ] GC(211) Concurrent Rebuild Remembered Sets
[2023-02-09T14:24:36.727+0000][68][gc,marking  ] GC(211) Concurrent Rebuild Remembered Sets 48.487ms
[2023-02-09T14:24:36.728+0000][68][gc,start    ] GC(211) Pause Cleanup
[2023-02-09T14:24:36.729+0000][68][gc          ] GC(211) Pause Cleanup 118M->118M(256M) 1.378ms
[2023-02-09T14:24:36.730+0000][68][gc,cpu      ] GC(211) User=0.00s Sys=0.00s Real=0.00s
[2023-02-09T14:24:36.731+0000][68][safepoint   ] Safepoint "G1PauseCleanup", Time since last: 50627039 ns, Reaching safepoint: 158458 ns, At safepoint: 2491446 ns, Total: 2649904 ns
[2023-02-09T14:24:36.731+0000][68][gc,marking  ] GC(211) Concurrent Cleanup for Next Mark
[2023-02-09T14:24:36.732+0000][68][gc,marking  ] GC(211) Concurrent Cleanup for Next Mark 0.740ms
[2023-02-09T14:24:36.732+0000][68][gc          ] GC(211) Concurrent Mark Cycle 175.755ms
[2023-02-09T14:24:45.742+0000][68][safepoint   ] Safepoint "Cleanup", Time since last: 9011710110 ns, Reaching safepoint: 125507 ns, At safepoint: 4219 ns, Total: 129726 ns
[2023-02-09T14:24:49.754+0000][68][safepoint   ] Safepoint "Cleanup", Time since last: 4011463808 ns, Reaching safepoint: 356600 ns, At safepoint: 13546 ns, Total: 370146 ns
[2023-02-09T14:25:03.758+0000][68][safepoint   ] Safepoint "Cleanup", Time since last: 14025285275 ns, Reaching safepoint: 619495 ns, At safepoint: 16150 ns, Total: 635645 ns
[2023-02-09T14:25:05.020+0000][68][gc,start    ] GC(212) Pause Young (Normal) (G1 Evacuation Pause)
[2023-02-09T14:25:05.022+0000][68][gc,task     ] GC(212) Using 4 workers of 4 for evacuation
[2023-02-09T14:25:05.024+0000][68][gc,age      ] GC(212) Desired survivor size 6291456 bytes, new threshold 15 (max threshold 15)
[2023-02-09T14:25:05.031+0000][68][gc,phases   ] GC(212)   Pre Evacuate Collection Set: 0.3ms
[2023-02-09T14:25:05.033+0000][68][gc,phases   ] GC(212)   Merge Heap Roots: 0.2ms
[2023-02-09T14:25:05.034+0000][68][gc,phases   ] GC(212)   Evacuate Collection Set: 3.5ms
[2023-02-09T14:25:05.035+0000][68][gc,phases   ] GC(212)   Post Evacuate Collection Set: 1.4ms
[2023-02-09T14:25:05.036+0000][68][gc,phases   ] GC(212)   Other: 3.7ms
[2023-02-09T14:25:05.037+0000][68][gc,age      ] GC(212) Age table with threshold 15 (max threshold 15)
[2023-02-09T14:25:05.037+0000][68][gc,age      ] GC(212) - age   1:     608840 bytes,     608840 total
[2023-02-09T14:25:05.038+0000][68][gc,age      ] GC(212) - age   2:     158512 bytes,     767352 total
[2023-02-09T14:25:05.039+0000][68][gc,age      ] GC(212) - age   3:       2656 bytes,     770008 total
[2023-02-09T14:25:05.040+0000][68][gc,age      ] GC(212) - age   4:       6552 bytes,     776560 total
[2023-02-09T14:25:05.041+0000][68][gc,age      ] GC(212) - age   5:       2384 bytes,     778944 total
[2023-02-09T14:25:05.041+0000][68][gc,age      ] GC(212) - age   6:        256 bytes,     779200 total
[2023-02-09T14:25:05.042+0000][68][gc,age      ] GC(212) - age   7:       3864 bytes,     783064 total
[2023-02-09T14:25:05.043+0000][68][gc,age      ] GC(212) - age   8:        632 bytes,     783696 total
[2023-02-09T14:25:05.043+0000][68][gc,age      ] GC(212) - age   9:       9944 bytes,     793640 total
[2023-02-09T14:25:05.044+0000][68][gc,age      ] GC(212) - age  10:     299848 bytes,    1093488 total
[2023-02-09T14:25:05.045+0000][68][gc,age      ] GC(212) - age  11:       1272 bytes,    1094760 total
[2023-02-09T14:25:05.045+0000][68][gc,age      ] GC(212) - age  12:       2432 bytes,    1097192 total
[2023-02-09T14:25:05.046+0000][68][gc,age      ] GC(212) - age  13:       6048 bytes,    1103240 total
[2023-02-09T14:25:05.047+0000][68][gc,age      ] GC(212) - age  14:       1352 bytes,    1104592 total
[2023-02-09T14:25:05.048+0000][68][gc,age      ] GC(212) - age  15:       1600 bytes,    1106192 total
[2023-02-09T14:25:05.049+0000][68][gc,heap     ] GC(212) Eden regions: 22->0(22)
[2023-02-09T14:25:05.050+0000][68][gc,heap     ] GC(212) Survivor regions: 1->1(3)
[2023-02-09T14:25:05.050+0000][68][gc,heap     ] GC(212) Old regions: 26->26
[2023-02-09T14:25:05.051+0000][68][gc,heap     ] GC(212) Archive regions: 2->2
[2023-02-09T14:25:05.051+0000][68][gc,heap     ] GC(212) Humongous regions: 2->2
[2023-02-09T14:25:05.052+0000][68][gc,metaspace] GC(212) Metaspace: 142342K(145472K)->142342K(145472K) NonClass: 124183K(125440K)->124183K(125440K) Class: 18159K(20032K)->18159K(20032K)
[2023-02-09T14:25:05.053+0000][68][gc          ] GC(212) Pause Young (Normal) (G1 Evacuation Pause) 203M->115M(256M) 32.821ms
[2023-02-09T14:25:05.053+0000][68][gc,cpu      ] GC(212) User=0.01s Sys=0.01s Real=0.03s
[2023-02-09T14:25:05.054+0000][68][safepoint   ] Safepoint "G1CollectForAllocation", Time since last: 1261162024 ns, Reaching safepoint: 196773 ns, At safepoint: 34140262 ns, Total: 34337035 ns
[2023-02-09T14:25:06.057+0000][68][safepoint   ] Safepoint "Cleanup", Time since last: 1002903260 ns, Reaching safepoint: 380133 ns, At safepoint: 15958 ns, Total: 396091 ns
[2023-02-09T14:25:15.078+0000][68][safepoint   ] Safepoint "Cleanup", Time since last: 9020258091 ns, Reaching safepoint: 337598 ns, At safepoint: 40673 ns, Total: 378271 ns
[2023-02-09T14:25:23.063+0000][68][safepoint   ] Safepoint "Cleanup", Time since last: 8005807256 ns, Reaching safepoint: 356087 ns, At safepoint: 8527 ns, Total: 364614 ns
[2023-02-09T14:25:27.065+0000][68][safepoint   ] Safepoint "Cleanup", Time since last: 4002082380 ns, Reaching safepoint: 333245 ns, At safepoint: 13436 ns, Total: 346681 ns
[2023-02-09T14:25:33.081+0000][68][safepoint   ] Safepoint "Cleanup", Time since last: 6014991900 ns, Reaching safepoint: 496654 ns, At safepoint: 14282 ns, Total: 510936 ns
[2023-02-09T14:25:35.738+0000][68][gc,start    ] GC(213) Pause Young (Concurrent Start) (G1 Evacuation Pause)
[2023-02-09T14:25:35.740+0000][68][gc,task     ] GC(213) Using 4 workers of 4 for evacuation
[2023-02-09T14:25:35.742+0000][68][gc,age      ] GC(213) Desired survivor size 6291456 bytes, new threshold 15 (max threshold 15)
[2023-02-09T14:25:35.749+0000][68][gc,phases   ] GC(213)   Pre Evacuate Collection Set: 0.6ms
[2023-02-09T14:25:35.751+0000][68][gc,phases   ] GC(213)   Merge Heap Roots: 0.2ms
[2023-02-09T14:25:35.751+0000][68][gc,phases   ] GC(213)   Evacuate Collection Set: 3.8ms
[2023-02-09T14:25:35.752+0000][68][gc,phases   ] GC(213)   Post Evacuate Collection Set: 1.2ms
[2023-02-09T14:25:35.753+0000][68][gc,phases   ] GC(213)   Other: 3.4ms
[2023-02-09T14:25:35.754+0000][68][gc,age      ] GC(213) Age table with threshold 15 (max threshold 15)
[2023-02-09T14:25:35.755+0000][68][gc,age      ] GC(213) - age   1:     748992 bytes,     748992 total
[2023-02-09T14:25:35.755+0000][68][gc,age      ] GC(213) - age   2:       2024 bytes,     751016 total
[2023-02-09T14:25:35.756+0000][68][gc,age      ] GC(213) - age   3:     152288 bytes,     903304 total
[2023-02-09T14:25:35.757+0000][68][gc,age      ] GC(213) - age   4:       2656 bytes,     905960 total
[2023-02-09T14:25:35.758+0000][68][gc,age      ] GC(213) - age   5:       6552 bytes,     912512 total
[2023-02-09T14:25:35.758+0000][68][gc,age      ] GC(213) - age   6:       2384 bytes,     914896 total
[2023-02-09T14:25:35.759+0000][68][gc,age      ] GC(213) - age   7:        256 bytes,     915152 total
[2023-02-09T14:25:35.760+0000][68][gc,age      ] GC(213) - age   8:       3864 bytes,     919016 total
[2023-02-09T14:25:35.761+0000][68][gc,age      ] GC(213) - age   9:        632 bytes,     919648 total
[2023-02-09T14:25:35.761+0000][68][gc,age      ] GC(213) - age  10:       9944 bytes,     929592 total
[2023-02-09T14:25:35.762+0000][68][gc,age      ] GC(213) - age  11:     299848 bytes,    1229440 total
[2023-02-09T14:25:35.763+0000][68][gc,age      ] GC(213) - age  12:       1272 bytes,    1230712 total
[2023-02-09T14:25:35.764+0000][68][gc,age      ] GC(213) - age  13:       2432 bytes,    1233144 total
[2023-02-09T14:25:35.764+0000][68][gc,age      ] GC(213) - age  14:       6048 bytes,    1239192 total
[2023-02-09T14:25:35.765+0000][68][gc,age      ] GC(213) - age  15:       1352 bytes,    1240544 total
[2023-02-09T14:25:35.766+0000][68][gc,heap     ] GC(213) Eden regions: 22->0(22)
[2023-02-09T14:25:35.766+0000][68][gc,heap     ] GC(213) Survivor regions: 1->1(3)
[2023-02-09T14:25:35.767+0000][68][gc,heap     ] GC(213) Old regions: 26->26
[2023-02-09T14:25:35.767+0000][68][gc,heap     ] GC(213) Archive regions: 2->2
[2023-02-09T14:25:35.768+0000][68][gc,heap     ] GC(213) Humongous regions: 2->2
[2023-02-09T14:25:35.769+0000][68][gc,metaspace] GC(213) Metaspace: 142345K(145472K)->142345K(145472K) NonClass: 124186K(125440K)->124186K(125440K) Class: 18159K(20032K)->18159K(20032K)
[2023-02-09T14:25:35.769+0000][68][gc          ] GC(213) Pause Young (Concurrent Start) (G1 Evacuation Pause) 203M->115M(256M) 31.375ms
[2023-02-09T14:25:35.770+0000][68][gc,cpu      ] GC(213) User=0.01s Sys=0.01s Real=0.03s
[2023-02-09T14:25:35.770+0000][68][gc          ] GC(214) Concurrent Mark Cycle
[2023-02-09T14:25:35.771+0000][68][gc,marking  ] GC(214) Concurrent Clear Claimed Marks
[2023-02-09T14:25:35.771+0000][68][safepoint   ] Safepoint "G1CollectForAllocation", Time since last: 2657131248 ns, Reaching safepoint: 136204 ns, At safepoint: 32709372 ns, Total: 32845576 ns
[2023-02-09T14:25:35.772+0000][68][gc,marking  ] GC(214) Concurrent Clear Claimed Marks 1.033ms
[2023-02-09T14:25:35.773+0000][68][gc,marking  ] GC(214) Concurrent Scan Root Regions
[2023-02-09T14:25:35.777+0000][68][gc,marking  ] GC(214) Concurrent Scan Root Regions 3.313ms
[2023-02-09T14:25:35.777+0000][68][gc,marking  ] GC(214) Concurrent Mark
[2023-02-09T14:25:35.778+0000][68][gc,marking  ] GC(214) Concurrent Mark From Roots
[2023-02-09T14:25:35.778+0000][68][gc,task     ] GC(214) Using 1 workers of 1 for marking
[2023-02-09T14:25:35.930+0000][68][gc,marking  ] GC(214) Concurrent Mark From Roots 151.979ms
[2023-02-09T14:25:35.930+0000][68][gc,marking  ] GC(214) Concurrent Preclean
[2023-02-09T14:25:35.931+0000][68][gc,marking  ] GC(214) Concurrent Preclean 0.937ms
[2023-02-09T14:25:35.932+0000][68][gc,start    ] GC(214) Pause Remark
[2023-02-09T14:25:35.944+0000][68][gc          ] GC(214) Pause Remark 120M->120M(256M) 11.916ms
[2023-02-09T14:25:35.945+0000][68][gc,cpu      ] GC(214) User=0.03s Sys=0.00s Real=0.02s
[2023-02-09T14:25:35.945+0000][68][safepoint   ] Safepoint "G1PauseRemark", Time since last: 161249918 ns, Reaching safepoint: 183623 ns, At safepoint: 13447037 ns, Total: 13630660 ns
[2023-02-09T14:25:35.946+0000][68][gc,marking  ] GC(214) Concurrent Mark 168.687ms
[2023-02-09T14:25:35.946+0000][68][gc,marking  ] GC(214) Concurrent Rebuild Remembered Sets
[2023-02-09T14:25:36.030+0000][68][gc,marking  ] GC(214) Concurrent Rebuild Remembered Sets 83.592ms
[2023-02-09T14:25:36.031+0000][68][gc,start    ] GC(214) Pause Cleanup
[2023-02-09T14:25:36.031+0000][68][gc          ] GC(214) Pause Cleanup 120M->120M(256M) 0.738ms
[2023-02-09T14:25:36.032+0000][68][gc,cpu      ] GC(214) User=0.00s Sys=0.00s Real=0.00s
[2023-02-09T14:25:36.033+0000][68][safepoint   ] Safepoint "G1PauseCleanup", Time since last: 85076396 ns, Reaching safepoint: 86973 ns, At safepoint: 1938771 ns, Total: 2025744 ns
[2023-02-09T14:25:36.033+0000][68][gc,marking  ] GC(214) Concurrent Cleanup for Next Mark
[2023-02-09T14:25:36.034+0000][68][gc,marking  ] GC(214) Concurrent Cleanup for Next Mark 0.815ms
[2023-02-09T14:25:36.035+0000][68][gc          ] GC(214) Concurrent Mark Cycle 264.975ms
[2023-02-09T14:25:41.041+0000][68][safepoint   ] Safepoint "Cleanup", Time since last: 5007921371 ns, Reaching safepoint: 425623 ns, At safepoint: 14576 ns, Total: 440199 ns
[2023-02-09T14:25:45.048+0000][68][safepoint   ] Safepoint "Cleanup", Time since last: 4006444756 ns, Reaching safepoint: 152051 ns, At safepoint: 5163 ns, Total: 157214 ns
[2023-02-09T14:25:46.049+0000][68][safepoint   ] Safepoint "Cleanup", Time since last: 1000817237 ns, Reaching safepoint: 132667 ns, At safepoint: 18667 ns, Total: 151334 ns
[2023-02-09T14:25:47.051+0000][68][safepoint   ] Safepoint "Cleanup", Time since last: 1002274078 ns, Reaching safepoint: 214558 ns, At safepoint: 11587 ns, Total: 226145 ns
[2023-02-09T14:25:51.042+0000][68][safepoint   ] Safepoint "Cleanup", Time since last: 4011700021 ns, Reaching safepoint: 90752 ns, At safepoint: 3471 ns, Total: 94223 ns
[2023-02-09T14:25:56.816+0000][68][gc,start    ] GC(215) Pause Young (Normal) (G1 Evacuation Pause)
[2023-02-09T14:25:56.817+0000][68][gc,task     ] GC(215) Using 4 workers of 4 for evacuation
[2023-02-09T14:25:56.818+0000][68][gc,age      ] GC(215) Desired survivor size 6291456 bytes, new threshold 15 (max threshold 15)
[2023-02-09T14:25:56.822+0000][68][gc,phases   ] GC(215)   Pre Evacuate Collection Set: 0.1ms
[2023-02-09T14:25:56.823+0000][68][gc,phases   ] GC(215)   Merge Heap Roots: 0.1ms
[2023-02-09T14:25:56.823+0000][68][gc,phases   ] GC(215)   Evacuate Collection Set: 2.3ms
[2023-02-09T14:25:56.824+0000][68][gc,phases   ] GC(215)   Post Evacuate Collection Set: 1.0ms
[2023-02-09T14:25:56.825+0000][68][gc,phases   ] GC(215)   Other: 1.1ms
[2023-02-09T14:25:56.825+0000][68][gc,age      ] GC(215) Age table with threshold 15 (max threshold 15)
[2023-02-09T14:25:56.825+0000][68][gc,age      ] GC(215) - age   1:    1353128 bytes,    1353128 total
[2023-02-09T14:25:56.826+0000][68][gc,age      ] GC(215) - age   2:     128944 bytes,    1482072 total
[2023-02-09T14:25:56.826+0000][68][gc,age      ] GC(215) - age   3:       1264 bytes,    1483336 total
[2023-02-09T14:25:56.827+0000][68][gc,age      ] GC(215) - age   4:       3512 bytes,    1486848 total
[2023-02-09T14:25:56.827+0000][68][gc,age      ] GC(215) - age   5:       2656 bytes,    1489504 total
[2023-02-09T14:25:56.828+0000][68][gc,age      ] GC(215) - age   6:       6536 bytes,    1496040 total
[2023-02-09T14:25:56.828+0000][68][gc,age      ] GC(215) - age   7:        728 bytes,    1496768 total
[2023-02-09T14:25:56.828+0000][68][gc,age      ] GC(215) - age   8:        256 bytes,    1497024 total
[2023-02-09T14:25:56.829+0000][68][gc,age      ] GC(215) - age   9:       2568 bytes,    1499592 total
[2023-02-09T14:25:56.829+0000][68][gc,age      ] GC(215) - age  10:        632 bytes,    1500224 total
[2023-02-09T14:25:56.830+0000][68][gc,age      ] GC(215) - age  11:        560 bytes,    1500784 total
[2023-02-09T14:25:56.830+0000][68][gc,age      ] GC(215) - age  12:      18568 bytes,    1519352 total
[2023-02-09T14:25:56.830+0000][68][gc,age      ] GC(215) - age  13:       1208 bytes,    1520560 total
[2023-02-09T14:25:56.831+0000][68][gc,age      ] GC(215) - age  14:       2432 bytes,    1522992 total
[2023-02-09T14:25:56.831+0000][68][gc,age      ] GC(215) - age  15:       6048 bytes,    1529040 total
[2023-02-09T14:25:56.832+0000][68][gc,heap     ] GC(215) Eden regions: 22->0(22)
[2023-02-09T14:25:56.832+0000][68][gc,heap     ] GC(215) Survivor regions: 1->1(3)
[2023-02-09T14:25:56.833+0000][68][gc,heap     ] GC(215) Old regions: 26->26
[2023-02-09T14:25:56.833+0000][68][gc,heap     ] GC(215) Archive regions: 2->2
[2023-02-09T14:25:56.834+0000][68][gc,heap     ] GC(215) Humongous regions: 2->2
[2023-02-09T14:25:56.834+0000][68][gc,metaspace] GC(215) Metaspace: 142351K(145472K)->142351K(145472K) NonClass: 124192K(125440K)->124192K(125440K) Class: 18159K(20032K)->18159K(20032K)
[2023-02-09T14:25:56.835+0000][68][gc          ] GC(215) Pause Young (Normal) (G1 Evacuation Pause) 203M->115M(256M) 18.922ms
[2023-02-09T14:25:56.836+0000][68][gc,cpu      ] GC(215) User=0.01s Sys=0.00s Real=0.02s
[2023-02-09T14:25:56.836+0000][68][safepoint   ] Safepoint "G1CollectForAllocation", Time since last: 5774426398 ns, Reaching safepoint: 85208 ns, At safepoint: 20316214 ns, Total: 20401422 ns
[2023-02-09T14:25:57.838+0000][68][safepoint   ] Safepoint "Cleanup", Time since last: 1000966365 ns, Reaching safepoint: 103131 ns, At safepoint: 4332 ns, Total: 107463 ns
[2023-02-09T14:26:03.848+0000][68][safepoint   ] Safepoint "Cleanup", Time since last: 6010633620 ns, Reaching safepoint: 136833 ns, At safepoint: 6488 ns, Total: 143321 ns
[2023-02-09T14:26:05.854+0000][68][safepoint   ] Safepoint "Cleanup", Time since last: 2005638711 ns, Reaching safepoint: 138832 ns, At safepoint: 3931 ns, Total: 142763 ns
[2023-02-09T14:26:07.861+0000][68][safepoint   ] Safepoint "Cleanup", Time since last: 2006433049 ns, Reaching safepoint: 561820 ns, At safepoint: 19285 ns, Total: 581105 ns
[2023-02-09T14:26:08.865+0000][68][safepoint   ] Safepoint "Cleanup", Time since last: 1003249062 ns, Reaching safepoint: 183049 ns, At safepoint: 9688 ns, Total: 192737 ns
[2023-02-09T14:26:09.867+0000][68][safepoint   ] Safepoint "Cleanup", Time since last: 1001645418 ns, Reaching safepoint: 351229 ns, At safepoint: 29967 ns, Total: 381196 ns
[2023-02-09T14:26:21.013+0000][68][gc,start    ] GC(216) Pause Young (Concurrent Start) (G1 Evacuation Pause)
[2023-02-09T14:26:21.014+0000][68][gc,task     ] GC(216) Using 4 workers of 4 for evacuation
[2023-02-09T14:26:21.015+0000][68][gc,age      ] GC(216) Desired survivor size 6291456 bytes, new threshold 15 (max threshold 15)
[2023-02-09T14:26:21.018+0000][68][gc,phases   ] GC(216)   Pre Evacuate Collection Set: 0.3ms
[2023-02-09T14:26:21.019+0000][68][gc,phases   ] GC(216)   Merge Heap Roots: 0.1ms
[2023-02-09T14:26:21.019+0000][68][gc,phases   ] GC(216)   Evacuate Collection Set: 1.4ms
[2023-02-09T14:26:21.019+0000][68][gc,phases   ] GC(216)   Post Evacuate Collection Set: 0.8ms
[2023-02-09T14:26:21.020+0000][68][gc,phases   ] GC(216)   Other: 1.2ms
[2023-02-09T14:26:21.020+0000][68][gc,age      ] GC(216) Age table with threshold 15 (max threshold 15)
[2023-02-09T14:26:21.020+0000][68][gc,age      ] GC(216) - age   1:    1226376 bytes,    1226376 total
[2023-02-09T14:26:21.021+0000][68][gc,age      ] GC(216) - age   2:     467720 bytes,    1694096 total
[2023-02-09T14:26:21.021+0000][68][gc,age      ] GC(216) - age   3:       1352 bytes,    1695448 total
[2023-02-09T14:26:21.022+0000][68][gc,age      ] GC(216) - age   4:       1008 bytes,    1696456 total
[2023-02-09T14:26:21.022+0000][68][gc,age      ] GC(216) - age   5:       3320 bytes,    1699776 total
[2023-02-09T14:26:21.022+0000][68][gc,age      ] GC(216) - age   6:       2408 bytes,    1702184 total
[2023-02-09T14:26:21.023+0000][68][gc,age      ] GC(216) - age   7:       6536 bytes,    1708720 total
[2023-02-09T14:26:21.023+0000][68][gc,age      ] GC(216) - age   8:        408 bytes,    1709128 total
[2023-02-09T14:26:21.023+0000][68][gc,age      ] GC(216) - age   9:        256 bytes,    1709384 total
[2023-02-09T14:26:21.024+0000][68][gc,age      ] GC(216) - age  10:       2568 bytes,    1711952 total
[2023-02-09T14:26:21.024+0000][68][gc,age      ] GC(216) - age  11:        632 bytes,    1712584 total
[2023-02-09T14:26:21.025+0000][68][gc,age      ] GC(216) - age  12:        328 bytes,    1712912 total
[2023-02-09T14:26:21.025+0000][68][gc,age      ] GC(216) - age  13:      18568 bytes,    1731480 total
[2023-02-09T14:26:21.026+0000][68][gc,age      ] GC(216) - age  14:       1208 bytes,    1732688 total
[2023-02-09T14:26:21.026+0000][68][gc,age      ] GC(216) - age  15:       2432 bytes,    1735120 total
[2023-02-09T14:26:21.026+0000][68][gc,heap     ] GC(216) Eden regions: 22->0(22)
[2023-02-09T14:26:21.027+0000][68][gc,heap     ] GC(216) Survivor regions: 1->1(3)
[2023-02-09T14:26:21.027+0000][68][gc,heap     ] GC(216) Old regions: 26->26
[2023-02-09T14:26:21.028+0000][68][gc,heap     ] GC(216) Archive regions: 2->2
[2023-02-09T14:26:21.028+0000][68][gc,heap     ] GC(216) Humongous regions: 2->2
[2023-02-09T14:26:21.029+0000][68][gc,metaspace] GC(216) Metaspace: 142354K(145472K)->142354K(145472K) NonClass: 124195K(125440K)->124195K(125440K) Class: 18159K(20032K)->18159K(20032K)
[2023-02-09T14:26:21.029+0000][68][gc          ] GC(216) Pause Young (Concurrent Start) (G1 Evacuation Pause) 203M->116M(256M) 15.561ms
[2023-02-09T14:26:21.030+0000][68][gc,cpu      ] GC(216) User=0.01s Sys=0.00s Real=0.02s
[2023-02-09T14:26:21.030+0000][68][gc          ] GC(217) Concurrent Mark Cycle
[2023-02-09T14:26:21.031+0000][68][gc,marking  ] GC(217) Concurrent Clear Claimed Marks
[2023-02-09T14:26:21.032+0000][68][gc,marking  ] GC(217) Concurrent Clear Claimed Marks 0.666ms
[2023-02-09T14:26:21.032+0000][68][gc,marking  ] GC(217) Concurrent Scan Root Regions
[2023-02-09T14:26:21.030+0000][68][safepoint   ] Safepoint "G1CollectForAllocation", Time since last: 11168506365 ns, Reaching safepoint: 93723 ns, At safepoint: 16664859 ns, Total: 16758582 ns
[2023-02-09T14:26:21.035+0000][68][gc,marking  ] GC(217) Concurrent Scan Root Regions 2.447ms
[2023-02-09T14:26:21.037+0000][68][gc,marking  ] GC(217) Concurrent Mark
[2023-02-09T14:26:21.039+0000][68][gc,marking  ] GC(217) Concurrent Mark From Roots
[2023-02-09T14:26:21.040+0000][68][gc,task     ] GC(217) Using 1 workers of 1 for marking
[2023-02-09T14:26:21.135+0000][68][gc,marking  ] GC(217) Concurrent Mark From Roots 95.259ms
[2023-02-09T14:26:21.136+0000][68][gc,marking  ] GC(217) Concurrent Preclean
[2023-02-09T14:26:21.137+0000][68][gc,marking  ] GC(217) Concurrent Preclean 0.877ms
[2023-02-09T14:26:21.138+0000][68][gc,start    ] GC(217) Pause Remark
[2023-02-09T14:26:21.148+0000][68][gc          ] GC(217) Pause Remark 120M->120M(256M) 10.179ms
[2023-02-09T14:26:21.149+0000][68][gc,cpu      ] GC(217) User=0.03s Sys=0.00s Real=0.01s
[2023-02-09T14:26:21.149+0000][68][safepoint   ] Safepoint "G1PauseRemark", Time since last: 107605804 ns, Reaching safepoint: 83798 ns, At safepoint: 11393338 ns, Total: 11477136 ns
[2023-02-09T14:26:21.150+0000][68][gc,marking  ] GC(217) Concurrent Mark 112.525ms
[2023-02-09T14:26:21.150+0000][68][gc,marking  ] GC(217) Concurrent Rebuild Remembered Sets
[2023-02-09T14:26:21.198+0000][68][gc,marking  ] GC(217) Concurrent Rebuild Remembered Sets 48.159ms
[2023-02-09T14:26:21.199+0000][68][gc,start    ] GC(217) Pause Cleanup
[2023-02-09T14:26:21.200+0000][68][gc          ] GC(217) Pause Cleanup 120M->120M(256M) 0.798ms
[2023-02-09T14:26:21.201+0000][68][gc,cpu      ] GC(217) User=0.01s Sys=0.00s Real=0.00s
[2023-02-09T14:26:21.201+0000][68][safepoint   ] Safepoint "G1PauseCleanup", Time since last: 50011339 ns, Reaching safepoint: 163576 ns, At safepoint: 1786531 ns, Total: 1950107 ns
[2023-02-09T14:26:21.202+0000][68][gc,marking  ] GC(217) Concurrent Cleanup for Next Mark
[2023-02-09T14:26:21.202+0000][68][gc,marking  ] GC(217) Concurrent Cleanup for Next Mark 0.692ms
[2023-02-09T14:26:21.203+0000][68][gc          ] GC(217) Concurrent Mark Cycle 173.184ms
[2023-02-09T14:26:47.239+0000][68][safepoint   ] Safepoint "Cleanup", Time since last: 26037647330 ns, Reaching safepoint: 377276 ns, At safepoint: 16353 ns, Total: 393629 ns
[2023-02-09T14:26:48.245+0000][68][safepoint   ] Safepoint "Cleanup", Time since last: 1005546130 ns, Reaching safepoint: 371197 ns, At safepoint: 13755 ns, Total: 384952 ns
[2023-02-09T14:26:50.809+0000][68][gc,start    ] GC(218) Pause Young (Normal) (G1 Evacuation Pause)
[2023-02-09T14:26:50.811+0000][68][gc,task     ] GC(218) Using 4 workers of 4 for evacuation
[2023-02-09T14:26:50.812+0000][68][gc,age      ] GC(218) Desired survivor size 6291456 bytes, new threshold 15 (max threshold 15)
[2023-02-09T14:26:50.819+0000][68][gc,phases   ] GC(218)   Pre Evacuate Collection Set: 0.2ms
[2023-02-09T14:26:50.820+0000][68][gc,phases   ] GC(218)   Merge Heap Roots: 0.3ms
[2023-02-09T14:26:50.821+0000][68][gc,phases   ] GC(218)   Evacuate Collection Set: 4.6ms
[2023-02-09T14:26:50.821+0000][68][gc,phases   ] GC(218)   Post Evacuate Collection Set: 1.2ms
[2023-02-09T14:26:50.822+0000][68][gc,phases   ] GC(218)   Other: 1.9ms
[2023-02-09T14:26:50.822+0000][68][gc,age      ] GC(218) Age table with threshold 15 (max threshold 15)
[2023-02-09T14:26:50.823+0000][68][gc,age      ] GC(218) - age   1:    1411328 bytes,    1411328 total
[2023-02-09T14:26:50.824+0000][68][gc,age      ] GC(218) - age   2:     144648 bytes,    1555976 total
[2023-02-09T14:26:50.824+0000][68][gc,age      ] GC(218) - age   3:     314424 bytes,    1870400 total
[2023-02-09T14:26:50.825+0000][68][gc,age      ] GC(218) - age   4:        256 bytes,    1870656 total
[2023-02-09T14:26:50.826+0000][68][gc,age      ] GC(218) - age   5:        944 bytes,    1871600 total
[2023-02-09T14:26:50.826+0000][68][gc,age      ] GC(218) - age   6:       2896 bytes,    1874496 total
[2023-02-09T14:26:50.827+0000][68][gc,age      ] GC(218) - age   7:       2408 bytes,    1876904 total
[2023-02-09T14:26:50.827+0000][68][gc,age      ] GC(218) - age   8:       6536 bytes,    1883440 total
[2023-02-09T14:26:50.827+0000][68][gc,age      ] GC(218) - age   9:        408 bytes,    1883848 total
[2023-02-09T14:26:50.828+0000][68][gc,age      ] GC(218) - age  10:        256 bytes,    1884104 total
[2023-02-09T14:26:50.829+0000][68][gc,age      ] GC(218) - age  11:       2568 bytes,    1886672 total
[2023-02-09T14:26:50.829+0000][68][gc,age      ] GC(218) - age  12:        632 bytes,    1887304 total
[2023-02-09T14:26:50.830+0000][68][gc,age      ] GC(218) - age  13:        328 bytes,    1887632 total
[2023-02-09T14:26:50.830+0000][68][gc,age      ] GC(218) - age  14:      15384 bytes,    1903016 total
[2023-02-09T14:26:50.831+0000][68][gc,age      ] GC(218) - age  15:       1208 bytes,    1904224 total
[2023-02-09T14:26:50.831+0000][68][gc,heap     ] GC(218) Eden regions: 22->0(22)
[2023-02-09T14:26:50.831+0000][68][gc,heap     ] GC(218) Survivor regions: 1->1(3)
[2023-02-09T14:26:50.832+0000][68][gc,heap     ] GC(218) Old regions: 26->26
[2023-02-09T14:26:50.832+0000][68][gc,heap     ] GC(218) Archive regions: 2->2
[2023-02-09T14:26:50.833+0000][68][gc,heap     ] GC(218) Humongous regions: 2->2
[2023-02-09T14:26:50.833+0000][68][gc,metaspace] GC(218) Metaspace: 142356K(145472K)->142356K(145472K) NonClass: 124196K(125440K)->124196K(125440K) Class: 18159K(20032K)->18159K(20032K)
[2023-02-09T14:26:50.834+0000][68][gc          ] GC(218) Pause Young (Normal) (G1 Evacuation Pause) 204M->116M(256M) 24.526ms
[2023-02-09T14:26:50.834+0000][68][gc,cpu      ] GC(218) User=0.02s Sys=0.00s Real=0.02s
[2023-02-09T14:26:50.835+0000][68][safepoint   ] Safepoint "G1CollectForAllocation", Time since last: 2586093922 ns, Reaching safepoint: 118320 ns, At safepoint: 25568277 ns, Total: 25686597 ns
[2023-02-09T14:26:51.840+0000][68][safepoint   ] Safepoint "Cleanup", Time since last: 1004407531 ns, Reaching safepoint: 439117 ns, At safepoint: 18369 ns, Total: 457486 ns
[2023-02-09T14:27:03.862+0000][68][safepoint   ] Safepoint "Cleanup", Time since last: 12021487374 ns, Reaching safepoint: 324948 ns, At safepoint: 16485 ns, Total: 341433 ns
[2023-02-09T14:27:15.114+0000][68][gc,start    ] GC(219) Pause Young (Concurrent Start) (G1 Evacuation Pause)
[2023-02-09T14:27:15.114+0000][68][gc,task     ] GC(219) Using 4 workers of 4 for evacuation
[2023-02-09T14:27:15.115+0000][68][gc,age      ] GC(219) Desired survivor size 6291456 bytes, new threshold 15 (max threshold 15)
[2023-02-09T14:27:15.145+0000][68][gc,phases   ] GC(219)   Pre Evacuate Collection Set: 0.7ms
[2023-02-09T14:27:15.146+0000][68][gc,phases   ] GC(219)   Merge Heap Roots: 0.3ms
[2023-02-09T14:27:15.147+0000][68][gc,phases   ] GC(219)   Evacuate Collection Set: 2.3ms
[2023-02-09T14:27:15.148+0000][68][gc,phases   ] GC(219)   Post Evacuate Collection Set: 1.1ms
[2023-02-09T14:27:15.148+0000][68][gc,phases   ] GC(219)   Other: 27.0ms
[2023-02-09T14:27:15.149+0000][68][gc,age      ] GC(219) Age table with threshold 15 (max threshold 15)
[2023-02-09T14:27:15.149+0000][68][gc,age      ] GC(219) - age   1:    1816464 bytes,    1816464 total
[2023-02-09T14:27:15.150+0000][68][gc,age      ] GC(219) - age   2:     162536 bytes,    1979000 total
[2023-02-09T14:27:15.150+0000][68][gc,age      ] GC(219) - age   3:       3528 bytes,    1982528 total
[2023-02-09T14:27:15.151+0000][68][gc,age      ] GC(219) - age   4:     314168 bytes,    2296696 total
[2023-02-09T14:27:15.151+0000][68][gc,age      ] GC(219) - age   6:        600 bytes,    2297296 total
[2023-02-09T14:27:15.152+0000][68][gc,age      ] GC(219) - age   7:       2896 bytes,    2300192 total
[2023-02-09T14:27:15.152+0000][68][gc,age      ] GC(219) - age   8:       2408 bytes,    2302600 total
[2023-02-09T14:27:15.153+0000][68][gc,age      ] GC(219) - age   9:       6536 bytes,    2309136 total
[2023-02-09T14:27:15.154+0000][68][gc,age      ] GC(219) - age  10:        408 bytes,    2309544 total
[2023-02-09T14:27:15.154+0000][68][gc,age      ] GC(219) - age  11:        256 bytes,    2309800 total
[2023-02-09T14:27:15.155+0000][68][gc,age      ] GC(219) - age  12:       2568 bytes,    2312368 total
[2023-02-09T14:27:15.155+0000][68][gc,age      ] GC(219) - age  13:        632 bytes,    2313000 total
[2023-02-09T14:27:15.156+0000][68][gc,age      ] GC(219) - age  14:        328 bytes,    2313328 total
[2023-02-09T14:27:15.156+0000][68][gc,age      ] GC(219) - age  15:      15352 bytes,    2328680 total
[2023-02-09T14:27:15.156+0000][68][gc,heap     ] GC(219) Eden regions: 22->0(21)
[2023-02-09T14:27:15.157+0000][68][gc,heap     ] GC(219) Survivor regions: 1->1(3)
[2023-02-09T14:27:15.157+0000][68][gc,heap     ] GC(219) Old regions: 26->26
[2023-02-09T14:27:15.158+0000][68][gc,heap     ] GC(219) Archive regions: 2->2
[2023-02-09T14:27:15.158+0000][68][gc,heap     ] GC(219) Humongous regions: 2->2
[2023-02-09T14:27:15.159+0000][68][gc,metaspace] GC(219) Metaspace: 142365K(145472K)->142365K(145472K) NonClass: 124205K(125440K)->124205K(125440K) Class: 18159K(20032K)->18159K(20032K)
[2023-02-09T14:27:15.159+0000][68][gc          ] GC(219) Pause Young (Concurrent Start) (G1 Evacuation Pause) 204M->116M(256M) 45.476ms
[2023-02-09T14:27:15.160+0000][68][gc          ] GC(220) Concurrent Mark Cycle
[2023-02-09T14:27:15.160+0000][68][gc,marking  ] GC(220) Concurrent Clear Claimed Marks
[2023-02-09T14:27:15.161+0000][68][gc,marking  ] GC(220) Concurrent Clear Claimed Marks 0.626ms
[2023-02-09T14:27:15.161+0000][68][gc,marking  ] GC(220) Concurrent Scan Root Regions
[2023-02-09T14:27:15.160+0000][68][gc,cpu      ] GC(219) User=0.01s Sys=0.00s Real=0.05s
[2023-02-09T14:27:15.163+0000][68][safepoint   ] Safepoint "G1CollectForAllocation", Time since last: 11251938860 ns, Reaching safepoint: 169780 ns, At safepoint: 49426418 ns, Total: 49596198 ns
[2023-02-09T14:27:15.164+0000][68][gc,marking  ] GC(220) Concurrent Scan Root Regions 2.406ms
[2023-02-09T14:27:15.164+0000][68][gc,marking  ] GC(220) Concurrent Mark
[2023-02-09T14:27:15.165+0000][68][gc,marking  ] GC(220) Concurrent Mark From Roots
[2023-02-09T14:27:15.166+0000][68][gc,task     ] GC(220) Using 1 workers of 1 for marking
[2023-02-09T14:27:15.314+0000][68][gc,marking  ] GC(220) Concurrent Mark From Roots 148.806ms
[2023-02-09T14:27:15.315+0000][68][gc,marking  ] GC(220) Concurrent Preclean
[2023-02-09T14:27:15.316+0000][68][gc,marking  ] GC(220) Concurrent Preclean 1.138ms
[2023-02-09T14:27:15.317+0000][68][gc,start    ] GC(220) Pause Remark
[2023-02-09T14:27:15.328+0000][68][gc          ] GC(220) Pause Remark 122M->122M(256M) 10.704ms
[2023-02-09T14:27:15.329+0000][68][gc,cpu      ] GC(220) User=0.04s Sys=0.00s Real=0.02s
[2023-02-09T14:27:15.331+0000][68][safepoint   ] Safepoint "G1PauseRemark", Time since last: 153623891 ns, Reaching safepoint: 104189 ns, At safepoint: 13910861 ns, Total: 14015050 ns
[2023-02-09T14:27:15.332+0000][68][gc,marking  ] GC(220) Concurrent Mark 167.883ms
[2023-02-09T14:27:15.333+0000][68][gc,marking  ] GC(220) Concurrent Rebuild Remembered Sets
[2023-02-09T14:27:15.441+0000][68][gc,marking  ] GC(220) Concurrent Rebuild Remembered Sets 107.962ms
[2023-02-09T14:27:15.442+0000][68][gc,start    ] GC(220) Pause Cleanup
[2023-02-09T14:27:15.442+0000][68][gc          ] GC(220) Pause Cleanup 123M->123M(256M) 0.843ms
[2023-02-09T14:27:15.443+0000][68][gc,cpu      ] GC(220) User=0.00s Sys=0.00s Real=0.00s
[2023-02-09T14:27:15.444+0000][68][safepoint   ] Safepoint "G1PauseCleanup", Time since last: 110651263 ns, Reaching safepoint: 159677 ns, At safepoint: 2094629 ns, Total: 2254306 ns
[2023-02-09T14:27:15.444+0000][68][gc,marking  ] GC(220) Concurrent Cleanup for Next Mark
[2023-02-09T14:27:15.445+0000][68][gc,marking  ] GC(220) Concurrent Cleanup for Next Mark 0.996ms
[2023-02-09T14:27:15.446+0000][68][gc          ] GC(220) Concurrent Mark Cycle 286.128ms
[2023-02-09T14:27:27.431+0000][68][safepoint   ] Safepoint "Cleanup", Time since last: 12014032125 ns, Reaching safepoint: 399346 ns, At safepoint: 17529 ns, Total: 416875 ns
[2023-02-09T14:27:33.440+0000][68][safepoint   ] Safepoint "Cleanup", Time since last: 6009398556 ns, Reaching safepoint: 110590 ns, At safepoint: 3927 ns, Total: 114517 ns
[2023-02-09T14:27:37.452+0000][68][safepoint   ] Safepoint "Cleanup", Time since last: 4011218992 ns, Reaching safepoint: 427082 ns, At safepoint: 12739 ns, Total: 439821 ns
[2023-02-09T14:27:39.457+0000][68][safepoint   ] Safepoint "Cleanup", Time since last: 2004174766 ns, Reaching safepoint: 723736 ns, At safepoint: 34581 ns, Total: 758317 ns
[2023-02-09T14:27:42.466+0000][68][safepoint   ] Safepoint "Cleanup", Time since last: 3008495119 ns, Reaching safepoint: 553152 ns, At safepoint: 14769 ns, Total: 567921 ns
[2023-02-09T14:27:44.473+0000][68][safepoint   ] Safepoint "Cleanup", Time since last: 2006439900 ns, Reaching safepoint: 588224 ns, At safepoint: 14985 ns, Total: 603209 ns
[2023-02-09T14:27:44.892+0000][68][gc,start    ] GC(221) Pause Young (Normal) (G1 Evacuation Pause)
[2023-02-09T14:27:44.892+0000][68][gc,task     ] GC(221) Using 4 workers of 4 for evacuation
[2023-02-09T14:27:44.893+0000][68][gc,age      ] GC(221) Desired survivor size 6291456 bytes, new threshold 15 (max threshold 15)
[2023-02-09T14:27:44.896+0000][68][gc,phases   ] GC(221)   Pre Evacuate Collection Set: 0.2ms
[2023-02-09T14:27:44.897+0000][68][gc,phases   ] GC(221)   Merge Heap Roots: 0.1ms
[2023-02-09T14:27:44.898+0000][68][gc,phases   ] GC(221)   Evacuate Collection Set: 1.5ms
[2023-02-09T14:27:44.898+0000][68][gc,phases   ] GC(221)   Post Evacuate Collection Set: 0.8ms
[2023-02-09T14:27:44.899+0000][68][gc,phases   ] GC(221)   Other: 1.3ms
[2023-02-09T14:27:44.900+0000][68][gc,age      ] GC(221) Age table with threshold 15 (max threshold 15)
[2023-02-09T14:27:44.900+0000][68][gc,age      ] GC(221) - age   1:     594992 bytes,     594992 total
[2023-02-09T14:27:44.901+0000][68][gc,age      ] GC(221) - age   2:      21360 bytes,     616352 total
[2023-02-09T14:27:44.901+0000][68][gc,age      ] GC(221) - age   3:     156040 bytes,     772392 total
[2023-02-09T14:27:44.902+0000][68][gc,age      ] GC(221) - age   4:       3032 bytes,     775424 total
[2023-02-09T14:27:44.902+0000][68][gc,age      ] GC(221) - age   5:     314104 bytes,    1089528 total
[2023-02-09T14:27:44.903+0000][68][gc,age      ] GC(221) - age   7:        576 bytes,    1090104 total
[2023-02-09T14:27:44.904+0000][68][gc,age      ] GC(221) - age   8:       2896 bytes,    1093000 total
[2023-02-09T14:27:44.904+0000][68][gc,age      ] GC(221) - age   9:       2408 bytes,    1095408 total
[2023-02-09T14:27:44.905+0000][68][gc,age      ] GC(221) - age  10:       6536 bytes,    1101944 total
[2023-02-09T14:27:44.905+0000][68][gc,age      ] GC(221) - age  11:        408 bytes,    1102352 total
[2023-02-09T14:27:44.906+0000][68][gc,age      ] GC(221) - age  12:        256 bytes,    1102608 total
[2023-02-09T14:27:44.907+0000][68][gc,age      ] GC(221) - age  13:       2568 bytes,    1105176 total
[2023-02-09T14:27:44.907+0000][68][gc,age      ] GC(221) - age  14:        632 bytes,    1105808 total
[2023-02-09T14:27:44.908+0000][68][gc,age      ] GC(221) - age  15:        328 bytes,    1106136 total
[2023-02-09T14:27:44.908+0000][68][gc,heap     ] GC(221) Eden regions: 21->0(22)
[2023-02-09T14:27:44.909+0000][68][gc,heap     ] GC(221) Survivor regions: 1->1(3)
[2023-02-09T14:27:44.909+0000][68][gc,heap     ] GC(221) Old regions: 26->26
[2023-02-09T14:27:44.910+0000][68][gc,heap     ] GC(221) Archive regions: 2->2
[2023-02-09T14:27:44.910+0000][68][gc,heap     ] GC(221) Humongous regions: 2->2
[2023-02-09T14:27:44.911+0000][68][gc,metaspace] GC(221) Metaspace: 142367K(145536K)->142367K(145536K) NonClass: 124207K(125504K)->124207K(125504K) Class: 18159K(20032K)->18159K(20032K)
[2023-02-09T14:27:44.912+0000][68][gc          ] GC(221) Pause Young (Normal) (G1 Evacuation Pause) 200M->115M(256M) 19.656ms
[2023-02-09T14:27:44.913+0000][68][gc,cpu      ] GC(221) User=0.01s Sys=0.01s Real=0.02s
[2023-02-09T14:27:44.913+0000][68][safepoint   ] Safepoint "G1CollectForAllocation", Time since last: 418851944 ns, Reaching safepoint: 233570 ns, At safepoint: 21316904 ns, Total: 21550474 ns
[2023-02-09T14:27:45.914+0000][68][safepoint   ] Safepoint "Cleanup", Time since last: 1000883265 ns, Reaching safepoint: 120284 ns, At safepoint: 4732 ns, Total: 125016 ns
[2023-02-09T14:27:47.917+0000][68][safepoint   ] Safepoint "Cleanup", Time since last: 2002825466 ns, Reaching safepoint: 329551 ns, At safepoint: 11234 ns, Total: 340785 ns
[2023-02-09T14:27:50.901+0000][68][safepoint   ] Safepoint "Cleanup", Time since last: 3007161573 ns, Reaching safepoint: 137635 ns, At safepoint: 6075 ns, Total: 143710 ns
[2023-02-09T14:27:59.920+0000][68][safepoint   ] Safepoint "Cleanup", Time since last: 9018842054 ns, Reaching safepoint: 525444 ns, At safepoint: 15452 ns, Total: 540896 ns
[2023-02-09T14:28:05.929+0000][68][safepoint   ] Safepoint "Cleanup", Time since last: 6008469606 ns, Reaching safepoint: 527730 ns, At safepoint: 38634 ns, Total: 566364 ns
[2023-02-09T14:28:10.876+0000][68][gc,start    ] GC(222) Pause Young (Concurrent Start) (G1 Evacuation Pause)
[2023-02-09T14:28:10.879+0000][68][gc,task     ] GC(222) Using 4 workers of 4 for evacuation
[2023-02-09T14:28:10.882+0000][68][gc,age      ] GC(222) Desired survivor size 6291456 bytes, new threshold 15 (max threshold 15)
[2023-02-09T14:28:10.892+0000][68][gc,phases   ] GC(222)   Pre Evacuate Collection Set: 0.7ms
[2023-02-09T14:28:10.893+0000][68][gc,phases   ] GC(222)   Merge Heap Roots: 0.3ms
[2023-02-09T14:28:10.894+0000][68][gc,phases   ] GC(222)   Evacuate Collection Set: 5.4ms
[2023-02-09T14:28:10.895+0000][68][gc,phases   ] GC(222)   Post Evacuate Collection Set: 1.5ms
[2023-02-09T14:28:10.896+0000][68][gc,phases   ] GC(222)   Other: 5.3ms
[2023-02-09T14:28:10.897+0000][68][gc,age      ] GC(222) Age table with threshold 15 (max threshold 15)
[2023-02-09T14:28:10.898+0000][68][gc,age      ] GC(222) - age   1:     587416 bytes,     587416 total
[2023-02-09T14:28:10.898+0000][68][gc,age      ] GC(222) - age   2:       2704 bytes,     590120 total
[2023-02-09T14:28:10.899+0000][68][gc,age      ] GC(222) - age   3:      20440 bytes,     610560 total
[2023-02-09T14:28:10.900+0000][68][gc,age      ] GC(222) - age   4:     155648 bytes,     766208 total
[2023-02-09T14:28:10.901+0000][68][gc,age      ] GC(222) - age   5:       2624 bytes,     768832 total
[2023-02-09T14:28:10.901+0000][68][gc,age      ] GC(222) - age   6:     314104 bytes,    1082936 total
[2023-02-09T14:28:10.902+0000][68][gc,age      ] GC(222) - age   8:        576 bytes,    1083512 total
[2023-02-09T14:28:10.903+0000][68][gc,age      ] GC(222) - age   9:       2896 bytes,    1086408 total
[2023-02-09T14:28:10.903+0000][68][gc,age      ] GC(222) - age  10:       2408 bytes,    1088816 total
[2023-02-09T14:28:10.904+0000][68][gc,age      ] GC(222) - age  11:       6536 bytes,    1095352 total
[2023-02-09T14:28:10.905+0000][68][gc,age      ] GC(222) - age  12:        408 bytes,    1095760 total
[2023-02-09T14:28:10.905+0000][68][gc,age      ] GC(222) - age  13:        256 bytes,    1096016 total
[2023-02-09T14:28:10.906+0000][68][gc,age      ] GC(222) - age  14:       2568 bytes,    1098584 total
[2023-02-09T14:28:10.907+0000][68][gc,age      ] GC(222) - age  15:        632 bytes,    1099216 total
[2023-02-09T14:28:10.907+0000][68][gc,heap     ] GC(222) Eden regions: 22->0(22)
[2023-02-09T14:28:10.908+0000][68][gc,heap     ] GC(222) Survivor regions: 1->1(3)
[2023-02-09T14:28:10.908+0000][68][gc,heap     ] GC(222) Old regions: 26->26
[2023-02-09T14:28:10.909+0000][68][gc,heap     ] GC(222) Archive regions: 2->2
[2023-02-09T14:28:10.909+0000][68][gc,heap     ] GC(222) Humongous regions: 2->2
[2023-02-09T14:28:10.910+0000][68][gc,metaspace] GC(222) Metaspace: 142379K(145536K)->142379K(145536K) NonClass: 124219K(125504K)->124219K(125504K) Class: 18159K(20032K)->18159K(20032K)
[2023-02-09T14:28:10.911+0000][68][gc          ] GC(222) Pause Young (Concurrent Start) (G1 Evacuation Pause) 203M->115M(256M) 34.446ms
[2023-02-09T14:28:10.912+0000][68][gc          ] GC(223) Concurrent Mark Cycle
[2023-02-09T14:28:10.913+0000][68][gc,marking  ] GC(223) Concurrent Clear Claimed Marks
[2023-02-09T14:28:10.912+0000][68][gc,cpu      ] GC(222) User=0.02s Sys=0.00s Real=0.03s
[2023-02-09T14:28:10.914+0000][68][gc,marking  ] GC(223) Concurrent Clear Claimed Marks 1.011ms
[2023-02-09T14:28:10.914+0000][68][gc,marking  ] GC(223) Concurrent Scan Root Regions
[2023-02-09T14:28:10.914+0000][68][safepoint   ] Safepoint "G1CollectForAllocation", Time since last: 4946951419 ns, Reaching safepoint: 312532 ns, At safepoint: 37748403 ns, Total: 38060935 ns
[2023-02-09T14:28:10.917+0000][68][gc,marking  ] GC(223) Concurrent Scan Root Regions 2.826ms
[2023-02-09T14:28:10.918+0000][68][gc,marking  ] GC(223) Concurrent Mark
[2023-02-09T14:28:10.918+0000][68][gc,marking  ] GC(223) Concurrent Mark From Roots
[2023-02-09T14:28:10.919+0000][68][gc,task     ] GC(223) Using 1 workers of 1 for marking
[2023-02-09T14:28:11.011+0000][68][gc,marking  ] GC(223) Concurrent Mark From Roots 92.923ms
[2023-02-09T14:28:11.013+0000][68][gc,marking  ] GC(223) Concurrent Preclean
[2023-02-09T14:28:11.014+0000][68][gc,marking  ] GC(223) Concurrent Preclean 1.191ms
[2023-02-09T14:28:11.015+0000][68][gc,start    ] GC(223) Pause Remark
[2023-02-09T14:28:11.024+0000][68][gc          ] GC(223) Pause Remark 115M->115M(256M) 9.180ms
[2023-02-09T14:28:11.025+0000][68][gc,cpu      ] GC(223) User=0.03s Sys=0.00s Real=0.01s
[2023-02-09T14:28:11.026+0000][68][safepoint   ] Safepoint "G1PauseRemark", Time since last: 100708466 ns, Reaching safepoint: 144491 ns, At safepoint: 11033266 ns, Total: 11177757 ns
[2023-02-09T14:28:11.026+0000][68][gc,marking  ] GC(223) Concurrent Mark 108.390ms
[2023-02-09T14:28:11.027+0000][68][gc,marking  ] GC(223) Concurrent Rebuild Remembered Sets
[2023-02-09T14:28:11.076+0000][68][gc,marking  ] GC(223) Concurrent Rebuild Remembered Sets 48.845ms
[2023-02-09T14:28:11.077+0000][68][gc,start    ] GC(223) Pause Cleanup
[2023-02-09T14:28:11.078+0000][68][gc          ] GC(223) Pause Cleanup 115M->115M(256M) 0.874ms
[2023-02-09T14:28:11.079+0000][68][gc,cpu      ] GC(223) User=0.00s Sys=0.00s Real=0.00s
[2023-02-09T14:28:11.080+0000][68][safepoint   ] Safepoint "G1PauseCleanup", Time since last: 51095494 ns, Reaching safepoint: 215060 ns, At safepoint: 2571653 ns, Total: 2786713 ns
[2023-02-09T14:28:11.080+0000][68][gc,marking  ] GC(223) Concurrent Cleanup for Next Mark
[2023-02-09T14:28:11.081+0000][68][gc,marking  ] GC(223) Concurrent Cleanup for Next Mark 0.770ms
[2023-02-09T14:28:11.081+0000][68][gc          ] GC(223) Concurrent Mark Cycle 169.439ms
[2023-02-09T14:28:12.081+0000][68][safepoint   ] Safepoint "Cleanup", Time since last: 1000708086 ns, Reaching safepoint: 501517 ns, At safepoint: 59459 ns, Total: 560976 ns
[2023-02-09T14:28:27.074+0000][68][safepoint   ] Safepoint "Cleanup", Time since last: 15015459889 ns, Reaching safepoint: 530148 ns, At safepoint: 20319 ns, Total: 550467 ns
[2023-02-09T14:28:28.080+0000][68][safepoint   ] Safepoint "Cleanup", Time since last: 1005283241 ns, Reaching safepoint: 241226 ns, At safepoint: 14518 ns, Total: 255744 ns
[2023-02-09T14:28:35.095+0000][68][safepoint   ] Safepoint "Cleanup", Time since last: 7014627754 ns, Reaching safepoint: 219996 ns, At safepoint: 101435 ns, Total: 321431 ns
[2023-02-09T14:28:36.103+0000][68][safepoint   ] Safepoint "Cleanup", Time since last: 1007324899 ns, Reaching safepoint: 477072 ns, At safepoint: 41525 ns, Total: 518597 ns
[2023-02-09T14:28:39.028+0000][68][gc,start    ] GC(224) Pause Young (Normal) (G1 Evacuation Pause)
[2023-02-09T14:28:39.029+0000][68][gc,task     ] GC(224) Using 4 workers of 4 for evacuation
[2023-02-09T14:28:39.029+0000][68][gc,age      ] GC(224) Desired survivor size 6291456 bytes, new threshold 15 (max threshold 15)
[2023-02-09T14:28:39.033+0000][68][gc,phases   ] GC(224)   Pre Evacuate Collection Set: 0.1ms
[2023-02-09T14:28:39.034+0000][68][gc,phases   ] GC(224)   Merge Heap Roots: 0.1ms
[2023-02-09T14:28:39.035+0000][68][gc,phases   ] GC(224)   Evacuate Collection Set: 2.2ms
[2023-02-09T14:28:39.035+0000][68][gc,phases   ] GC(224)   Post Evacuate Collection Set: 1.0ms
[2023-02-09T14:28:39.036+0000][68][gc,phases   ] GC(224)   Other: 1.0ms
[2023-02-09T14:28:39.036+0000][68][gc,age      ] GC(224) Age table with threshold 15 (max threshold 15)
[2023-02-09T14:28:39.037+0000][68][gc,age      ] GC(224) - age   1:    1085840 bytes,    1085840 total
[2023-02-09T14:28:39.037+0000][68][gc,age      ] GC(224) - age   2:     153840 bytes,    1239680 total
[2023-02-09T14:28:39.038+0000][68][gc,age      ] GC(224) - age   3:       1472 bytes,    1241152 total
[2023-02-09T14:28:39.038+0000][68][gc,age      ] GC(224) - age   4:       2456 bytes,    1243608 total
[2023-02-09T14:28:39.039+0000][68][gc,age      ] GC(224) - age   5:      20720 bytes,    1264328 total
[2023-02-09T14:28:39.039+0000][68][gc,age      ] GC(224) - age   6:       2312 bytes,    1266640 total
[2023-02-09T14:28:39.039+0000][68][gc,age      ] GC(224) - age   7:     313464 bytes,    1580104 total
[2023-02-09T14:28:39.040+0000][68][gc,age      ] GC(224) - age   9:        576 bytes,    1580680 total
[2023-02-09T14:28:39.040+0000][68][gc,age      ] GC(224) - age  10:       2896 bytes,    1583576 total
[2023-02-09T14:28:39.041+0000][68][gc,age      ] GC(224) - age  11:       2408 bytes,    1585984 total
[2023-02-09T14:28:39.041+0000][68][gc,age      ] GC(224) - age  12:       6024 bytes,    1592008 total
[2023-02-09T14:28:39.042+0000][68][gc,age      ] GC(224) - age  13:        408 bytes,    1592416 total
[2023-02-09T14:28:39.042+0000][68][gc,age      ] GC(224) - age  14:         72 bytes,    1592488 total
[2023-02-09T14:28:39.042+0000][68][gc,age      ] GC(224) - age  15:       2568 bytes,    1595056 total
[2023-02-09T14:28:39.043+0000][68][gc,heap     ] GC(224) Eden regions: 22->0(22)
[2023-02-09T14:28:39.043+0000][68][gc,heap     ] GC(224) Survivor regions: 1->1(3)
[2023-02-09T14:28:39.044+0000][68][gc,heap     ] GC(224) Old regions: 26->26
[2023-02-09T14:28:39.044+0000][68][gc,heap     ] GC(224) Archive regions: 2->2
[2023-02-09T14:28:39.045+0000][68][gc,heap     ] GC(224) Humongous regions: 2->2
[2023-02-09T14:28:39.045+0000][68][gc,metaspace] GC(224) Metaspace: 142380K(145536K)->142380K(145536K) NonClass: 124220K(125504K)->124220K(125504K) Class: 18159K(20032K)->18159K(20032K)
[2023-02-09T14:28:39.046+0000][68][gc          ] GC(224) Pause Young (Normal) (G1 Evacuation Pause) 203M->115M(256M) 17.438ms
[2023-02-09T14:28:39.046+0000][68][gc,cpu      ] GC(224) User=0.00s Sys=0.00s Real=0.02s
[2023-02-09T14:28:39.047+0000][68][safepoint   ] Safepoint "G1CollectForAllocation", Time since last: 2925364612 ns, Reaching safepoint: 54293 ns, At safepoint: 18491350 ns, Total: 18545643 ns
[2023-02-09T14:28:52.054+0000][68][safepoint   ] Safepoint "Cleanup", Time since last: 13029020477 ns, Reaching safepoint: 259430 ns, At safepoint: 13363 ns, Total: 272793 ns
[2023-02-09T14:28:54.066+0000][68][safepoint   ] Safepoint "Cleanup", Time since last: 2010659599 ns, Reaching safepoint: 749076 ns, At safepoint: 43943 ns, Total: 793019 ns
[2023-02-09T14:29:06.097+0000][68][safepoint   ] Safepoint "Cleanup", Time since last: 12030205971 ns, Reaching safepoint: 872461 ns, At safepoint: 55202 ns, Total: 927663 ns
[2023-02-09T14:29:06.314+0000][68][gc,start    ] GC(225) Pause Young (Concurrent Start) (G1 Evacuation Pause)
[2023-02-09T14:29:06.315+0000][68][gc,task     ] GC(225) Using 4 workers of 4 for evacuation
[2023-02-09T14:29:06.316+0000][68][gc,age      ] GC(225) Desired survivor size 6291456 bytes, new threshold 15 (max threshold 15)
[2023-02-09T14:29:06.324+0000][68][gc,phases   ] GC(225)   Pre Evacuate Collection Set: 0.4ms
[2023-02-09T14:29:06.324+0000][68][gc,phases   ] GC(225)   Merge Heap Roots: 0.2ms
[2023-02-09T14:29:06.325+0000][68][gc,phases   ] GC(225)   Evacuate Collection Set: 3.5ms
[2023-02-09T14:29:06.326+0000][68][gc,phases   ] GC(225)   Post Evacuate Collection Set: 1.5ms
[2023-02-09T14:29:06.327+0000][68][gc,phases   ] GC(225)   Other: 2.9ms
[2023-02-09T14:29:06.329+0000][68][gc,age      ] GC(225) Age table with threshold 15 (max threshold 15)
[2023-02-09T14:29:06.329+0000][68][gc,age      ] GC(225) - age   1:     865496 bytes,     865496 total
[2023-02-09T14:29:06.330+0000][68][gc,age      ] GC(225) - age   2:      40704 bytes,     906200 total
[2023-02-09T14:29:06.331+0000][68][gc,age      ] GC(225) - age   3:     148712 bytes,    1054912 total
[2023-02-09T14:29:06.331+0000][68][gc,age      ] GC(225) - age   4:        912 bytes,    1055824 total
[2023-02-09T14:29:06.332+0000][68][gc,age      ] GC(225) - age   5:       2200 bytes,    1058024 total
[2023-02-09T14:29:06.333+0000][68][gc,age      ] GC(225) - age   6:      20528 bytes,    1078552 total
[2023-02-09T14:29:06.334+0000][68][gc,age      ] GC(225) - age   7:       2312 bytes,    1080864 total
[2023-02-09T14:29:06.334+0000][68][gc,age      ] GC(225) - age   8:     313464 bytes,    1394328 total
[2023-02-09T14:29:06.335+0000][68][gc,age      ] GC(225) - age  10:        576 bytes,    1394904 total
[2023-02-09T14:29:06.336+0000][68][gc,age      ] GC(225) - age  11:       2896 bytes,    1397800 total
[2023-02-09T14:29:06.336+0000][68][gc,age      ] GC(225) - age  12:       2408 bytes,    1400208 total
[2023-02-09T14:29:06.337+0000][68][gc,age      ] GC(225) - age  13:       6024 bytes,    1406232 total
[2023-02-09T14:29:06.337+0000][68][gc,age      ] GC(225) - age  14:        408 bytes,    1406640 total
[2023-02-09T14:29:06.338+0000][68][gc,age      ] GC(225) - age  15:         72 bytes,    1406712 total
[2023-02-09T14:29:06.338+0000][68][gc,heap     ] GC(225) Eden regions: 22->0(22)
[2023-02-09T14:29:06.339+0000][68][gc,heap     ] GC(225) Survivor regions: 1->1(3)
[2023-02-09T14:29:06.340+0000][68][gc,heap     ] GC(225) Old regions: 26->26
[2023-02-09T14:29:06.340+0000][68][gc,heap     ] GC(225) Archive regions: 2->2
[2023-02-09T14:29:06.341+0000][68][gc,heap     ] GC(225) Humongous regions: 2->2
[2023-02-09T14:29:06.341+0000][68][gc,metaspace] GC(225) Metaspace: 142390K(145536K)->142390K(145536K) NonClass: 124230K(125504K)->124230K(125504K) Class: 18159K(20032K)->18159K(20032K)
[2023-02-09T14:29:06.342+0000][68][gc          ] GC(225) Pause Young (Concurrent Start) (G1 Evacuation Pause) 203M->115M(256M) 28.374ms
[2023-02-09T14:29:06.342+0000][68][gc          ] GC(226) Concurrent Mark Cycle
[2023-02-09T14:29:06.343+0000][68][gc,marking  ] GC(226) Concurrent Clear Claimed Marks
[2023-02-09T14:29:06.344+0000][68][gc,marking  ] GC(226) Concurrent Clear Claimed Marks 0.859ms
[2023-02-09T14:29:06.344+0000][68][gc,marking  ] GC(226) Concurrent Scan Root Regions
[2023-02-09T14:29:06.342+0000][68][gc,cpu      ] GC(225) User=0.01s Sys=0.00s Real=0.03s
[2023-02-09T14:29:06.345+0000][68][safepoint   ] Safepoint "G1CollectForAllocation", Time since last: 216359739 ns, Reaching safepoint: 274436 ns, At safepoint: 31579208 ns, Total: 31853644 ns
[2023-02-09T14:29:06.348+0000][68][gc,marking  ] GC(226) Concurrent Scan Root Regions 3.778ms
[2023-02-09T14:29:06.349+0000][68][gc,marking  ] GC(226) Concurrent Mark
[2023-02-09T14:29:06.349+0000][68][gc,marking  ] GC(226) Concurrent Mark From Roots
[2023-02-09T14:29:06.349+0000][68][gc,task     ] GC(226) Using 1 workers of 1 for marking
[2023-02-09T14:29:06.442+0000][68][gc,marking  ] GC(226) Concurrent Mark From Roots 92.913ms
[2023-02-09T14:29:06.443+0000][68][gc,marking  ] GC(226) Concurrent Preclean
[2023-02-09T14:29:06.444+0000][68][gc,marking  ] GC(226) Concurrent Preclean 1.131ms
[2023-02-09T14:29:06.445+0000][68][gc,start    ] GC(226) Pause Remark
[2023-02-09T14:29:06.454+0000][68][gc          ] GC(226) Pause Remark 116M->116M(256M) 9.181ms
[2023-02-09T14:29:06.456+0000][68][gc,cpu      ] GC(226) User=0.03s Sys=0.00s Real=0.01s
[2023-02-09T14:29:06.456+0000][68][safepoint   ] Safepoint "G1PauseRemark", Time since last: 100067192 ns, Reaching safepoint: 123725 ns, At safepoint: 11091976 ns, Total: 11215701 ns
[2023-02-09T14:29:06.457+0000][68][gc,marking  ] GC(226) Concurrent Mark 108.376ms
[2023-02-09T14:29:06.458+0000][68][gc,marking  ] GC(226) Concurrent Rebuild Remembered Sets
[2023-02-09T14:29:06.507+0000][68][gc,marking  ] GC(226) Concurrent Rebuild Remembered Sets 49.757ms
[2023-02-09T14:29:06.509+0000][68][gc,start    ] GC(226) Pause Cleanup
[2023-02-09T14:29:06.510+0000][68][gc          ] GC(226) Pause Cleanup 116M->116M(256M) 1.073ms
[2023-02-09T14:29:06.511+0000][68][gc,cpu      ] GC(226) User=0.00s Sys=0.00s Real=0.00s
[2023-02-09T14:29:06.511+0000][68][safepoint   ] Safepoint "G1PauseCleanup", Time since last: 52246479 ns, Reaching safepoint: 94313 ns, At safepoint: 2510676 ns, Total: 2604989 ns
[2023-02-09T14:29:06.512+0000][68][gc,marking  ] GC(226) Concurrent Cleanup for Next Mark
[2023-02-09T14:29:06.513+0000][68][gc,marking  ] GC(226) Concurrent Cleanup for Next Mark 0.771ms
[2023-02-09T14:29:06.513+0000][68][gc          ] GC(226) Concurrent Mark Cycle 170.726ms
[2023-02-09T14:29:15.527+0000][68][safepoint   ] Safepoint "Cleanup", Time since last: 9015623254 ns, Reaching safepoint: 257290 ns, At safepoint: 10573 ns, Total: 267863 ns
[2023-02-09T14:29:16.531+0000][68][safepoint   ] Safepoint "Cleanup", Time since last: 1003268738 ns, Reaching safepoint: 239562 ns, At safepoint: 16290 ns, Total: 255852 ns
[2023-02-09T14:29:24.518+0000][68][safepoint   ] Safepoint "Cleanup", Time since last: 8007794565 ns, Reaching safepoint: 90327 ns, At safepoint: 4412 ns, Total: 94739 ns
[2023-02-09T14:29:38.767+0000][68][gc,start    ] GC(227) Pause Young (Normal) (G1 Evacuation Pause)
[2023-02-09T14:29:38.769+0000][68][gc,task     ] GC(227) Using 4 workers of 4 for evacuation
[2023-02-09T14:29:38.771+0000][68][gc,age      ] GC(227) Desired survivor size 6291456 bytes, new threshold 15 (max threshold 15)
[2023-02-09T14:29:38.778+0000][68][gc,phases   ] GC(227)   Pre Evacuate Collection Set: 0.5ms
[2023-02-09T14:29:38.779+0000][68][gc,phases   ] GC(227)   Merge Heap Roots: 0.1ms
[2023-02-09T14:29:38.780+0000][68][gc,phases   ] GC(227)   Evacuate Collection Set: 4.2ms
[2023-02-09T14:29:38.781+0000][68][gc,phases   ] GC(227)   Post Evacuate Collection Set: 1.3ms
[2023-02-09T14:29:38.782+0000][68][gc,phases   ] GC(227)   Other: 2.6ms
[2023-02-09T14:29:38.783+0000][68][gc,age      ] GC(227) Age table with threshold 15 (max threshold 15)
[2023-02-09T14:29:38.784+0000][68][gc,age      ] GC(227) - age   1:    1150104 bytes,    1150104 total
[2023-02-09T14:29:38.785+0000][68][gc,age      ] GC(227) - age   2:     120456 bytes,    1270560 total
[2023-02-09T14:29:38.785+0000][68][gc,age      ] GC(227) - age   3:      19832 bytes,    1290392 total
[2023-02-09T14:29:38.786+0000][68][gc,age      ] GC(227) - age   4:       3016 bytes,    1293408 total
[2023-02-09T14:29:38.787+0000][68][gc,age      ] GC(227) - age   5:        784 bytes,    1294192 total
[2023-02-09T14:29:38.788+0000][68][gc,age      ] GC(227) - age   6:       1920 bytes,    1296112 total
[2023-02-09T14:29:38.788+0000][68][gc,age      ] GC(227) - age   7:      20528 bytes,    1316640 total
[2023-02-09T14:29:38.790+0000][68][gc,age      ] GC(227) - age   8:       2312 bytes,    1318952 total
[2023-02-09T14:29:38.790+0000][68][gc,age      ] GC(227) - age   9:     313464 bytes,    1632416 total
[2023-02-09T14:29:38.809+0000][68][gc,age      ] GC(227) - age  11:        576 bytes,    1632992 total
[2023-02-09T14:29:38.811+0000][68][gc,age      ] GC(227) - age  12:       2896 bytes,    1635888 total
[2023-02-09T14:29:38.813+0000][68][gc,age      ] GC(227) - age  13:       2408 bytes,    1638296 total
[2023-02-09T14:29:38.814+0000][68][gc,age      ] GC(227) - age  14:       6024 bytes,    1644320 total
[2023-02-09T14:29:38.815+0000][68][gc,age      ] GC(227) - age  15:        408 bytes,    1644728 total
[2023-02-09T14:29:38.816+0000][68][gc,heap     ] GC(227) Eden regions: 22->0(22)
[2023-02-09T14:29:38.817+0000][68][gc,heap     ] GC(227) Survivor regions: 1->1(3)
[2023-02-09T14:29:38.818+0000][68][gc,heap     ] GC(227) Old regions: 26->26
[2023-02-09T14:29:38.819+0000][68][gc,heap     ] GC(227) Archive regions: 2->2
[2023-02-09T14:29:38.820+0000][68][gc,heap     ] GC(227) Humongous regions: 2->2
[2023-02-09T14:29:38.821+0000][68][gc,metaspace] GC(227) Metaspace: 142390K(145536K)->142390K(145536K) NonClass: 124230K(125504K)->124230K(125504K) Class: 18159K(20032K)->18159K(20032K)
[2023-02-09T14:29:38.823+0000][68][gc          ] GC(227) Pause Young (Normal) (G1 Evacuation Pause) 203M->115M(256M) 55.910ms
[2023-02-09T14:29:38.824+0000][68][gc,cpu      ] GC(227) User=0.00s Sys=0.01s Real=0.06s
[2023-02-09T14:29:38.825+0000][68][safepoint   ] Safepoint "G1CollectForAllocation", Time since last: 14249421465 ns, Reaching safepoint: 107065 ns, At safepoint: 58038970 ns, Total: 58146035 ns
[2023-02-09T14:30:01.849+0000][68][safepoint   ] Safepoint "Cleanup", Time since last: 23044604100 ns, Reaching safepoint: 684029 ns, At safepoint: 158295 ns, Total: 842324 ns
[2023-02-09T14:30:05.501+0000][68][gc,start    ] GC(228) Pause Young (Concurrent Start) (G1 Evacuation Pause)
[2023-02-09T14:30:05.502+0000][68][gc,task     ] GC(228) Using 4 workers of 4 for evacuation
[2023-02-09T14:30:05.504+0000][68][gc,age      ] GC(228) Desired survivor size 6291456 bytes, new threshold 15 (max threshold 15)
[2023-02-09T14:30:05.512+0000][68][gc,phases   ] GC(228)   Pre Evacuate Collection Set: 0.9ms
[2023-02-09T14:30:05.513+0000][68][gc,phases   ] GC(228)   Merge Heap Roots: 0.1ms
[2023-02-09T14:30:05.514+0000][68][gc,phases   ] GC(228)   Evacuate Collection Set: 4.0ms
[2023-02-09T14:30:05.515+0000][68][gc,phases   ] GC(228)   Post Evacuate Collection Set: 1.4ms
[2023-02-09T14:30:05.515+0000][68][gc,phases   ] GC(228)   Other: 3.0ms
[2023-02-09T14:30:05.516+0000][68][gc,age      ] GC(228) Age table with threshold 15 (max threshold 15)
[2023-02-09T14:30:05.517+0000][68][gc,age      ] GC(228) - age   1:    1331840 bytes,    1331840 total
[2023-02-09T14:30:05.517+0000][68][gc,age      ] GC(228) - age   2:     177080 bytes,    1508920 total
[2023-02-09T14:30:05.518+0000][68][gc,age      ] GC(228) - age   3:       3168 bytes,    1512088 total
[2023-02-09T14:30:05.519+0000][68][gc,age      ] GC(228) - age   4:      19488 bytes,    1531576 total
[2023-02-09T14:30:05.519+0000][68][gc,age      ] GC(228) - age   5:       2952 bytes,    1534528 total
[2023-02-09T14:30:05.520+0000][68][gc,age      ] GC(228) - age   6:        784 bytes,    1535312 total
[2023-02-09T14:30:05.521+0000][68][gc,age      ] GC(228) - age   7:       1920 bytes,    1537232 total
[2023-02-09T14:30:05.521+0000][68][gc,age      ] GC(228) - age   8:      20528 bytes,    1557760 total
[2023-02-09T14:30:05.522+0000][68][gc,age      ] GC(228) - age   9:       2312 bytes,    1560072 total
[2023-02-09T14:30:05.522+0000][68][gc,age      ] GC(228) - age  10:     313464 bytes,    1873536 total
[2023-02-09T14:30:05.523+0000][68][gc,age      ] GC(228) - age  12:        576 bytes,    1874112 total
[2023-02-09T14:30:05.523+0000][68][gc,age      ] GC(228) - age  13:       2896 bytes,    1877008 total
[2023-02-09T14:30:05.524+0000][68][gc,age      ] GC(228) - age  14:       2408 bytes,    1879416 total
[2023-02-09T14:30:05.524+0000][68][gc,age      ] GC(228) - age  15:       6024 bytes,    1885440 total
[2023-02-09T14:30:05.525+0000][68][gc,heap     ] GC(228) Eden regions: 22->0(22)
[2023-02-09T14:30:05.526+0000][68][gc,heap     ] GC(228) Survivor regions: 1->1(3)
[2023-02-09T14:30:05.526+0000][68][gc,heap     ] GC(228) Old regions: 26->26
[2023-02-09T14:30:05.527+0000][68][gc,heap     ] GC(228) Archive regions: 2->2
[2023-02-09T14:30:05.527+0000][68][gc,heap     ] GC(228) Humongous regions: 2->2
[2023-02-09T14:30:05.528+0000][68][gc,metaspace] GC(228) Metaspace: 142392K(145536K)->142392K(145536K) NonClass: 124232K(125504K)->124232K(125504K) Class: 18159K(20032K)->18159K(20032K)
[2023-02-09T14:30:05.528+0000][68][gc          ] GC(228) Pause Young (Concurrent Start) (G1 Evacuation Pause) 203M->116M(256M) 27.462ms
[2023-02-09T14:30:05.529+0000][68][gc,cpu      ] GC(228) User=0.01s Sys=0.00s Real=0.03s
[2023-02-09T14:30:05.529+0000][68][gc          ] GC(229) Concurrent Mark Cycle
[2023-02-09T14:30:05.530+0000][68][gc,marking  ] GC(229) Concurrent Clear Claimed Marks
[2023-02-09T14:30:05.530+0000][68][safepoint   ] Safepoint "G1CollectForAllocation", Time since last: 3651939391 ns, Reaching safepoint: 236004 ns, At safepoint: 28856760 ns, Total: 29092764 ns
[2023-02-09T14:30:05.531+0000][68][gc,marking  ] GC(229) Concurrent Clear Claimed Marks 1.044ms
[2023-02-09T14:30:05.533+0000][68][gc,marking  ] GC(229) Concurrent Scan Root Regions
[2023-02-09T14:30:05.535+0000][68][gc,marking  ] GC(229) Concurrent Scan Root Regions 2.859ms
[2023-02-09T14:30:05.536+0000][68][gc,marking  ] GC(229) Concurrent Mark
[2023-02-09T14:30:05.537+0000][68][gc,marking  ] GC(229) Concurrent Mark From Roots
[2023-02-09T14:30:05.537+0000][68][gc,task     ] GC(229) Using 1 workers of 1 for marking
[2023-02-09T14:30:05.642+0000][68][gc,marking  ] GC(229) Concurrent Mark From Roots 105.381ms
[2023-02-09T14:30:05.643+0000][68][gc,marking  ] GC(229) Concurrent Preclean
[2023-02-09T14:30:05.643+0000][68][gc,marking  ] GC(229) Concurrent Preclean 0.688ms
[2023-02-09T14:30:05.644+0000][68][gc,start    ] GC(229) Pause Remark
[2023-02-09T14:30:05.655+0000][68][gc          ] GC(229) Pause Remark 119M->119M(256M) 11.260ms
[2023-02-09T14:30:05.656+0000][68][gc,cpu      ] GC(229) User=0.04s Sys=0.00s Real=0.01s
[2023-02-09T14:30:05.657+0000][68][safepoint   ] Safepoint "G1PauseRemark", Time since last: 114228613 ns, Reaching safepoint: 89496 ns, At safepoint: 12632323 ns, Total: 12721819 ns
[2023-02-09T14:30:05.657+0000][68][gc,marking  ] GC(229) Concurrent Mark 121.238ms
[2023-02-09T14:30:05.658+0000][68][gc,marking  ] GC(229) Concurrent Rebuild Remembered Sets
[2023-02-09T14:30:05.706+0000][68][gc,marking  ] GC(229) Concurrent Rebuild Remembered Sets 48.055ms
[2023-02-09T14:30:05.707+0000][68][gc,start    ] GC(229) Pause Cleanup
[2023-02-09T14:30:05.708+0000][68][gc          ] GC(229) Pause Cleanup 119M->119M(256M) 0.873ms
[2023-02-09T14:30:05.709+0000][68][gc,cpu      ] GC(229) User=0.00s Sys=0.00s Real=0.01s
[2023-02-09T14:30:05.709+0000][68][safepoint   ] Safepoint "G1PauseCleanup", Time since last: 50270434 ns, Reaching safepoint: 91163 ns, At safepoint: 2227896 ns, Total: 2319059 ns
[2023-02-09T14:30:05.710+0000][68][gc,marking  ] GC(229) Concurrent Cleanup for Next Mark
[2023-02-09T14:30:05.711+0000][68][gc,marking  ] GC(229) Concurrent Cleanup for Next Mark 0.872ms
[2023-02-09T14:30:05.711+0000][68][gc          ] GC(229) Concurrent Mark Cycle 182.335ms
[2023-02-09T14:30:06.712+0000][68][safepoint   ] Safepoint "Cleanup", Time since last: 1002105041 ns, Reaching safepoint: 608023 ns, At safepoint: 15666 ns, Total: 623689 ns
[2023-02-09T14:30:07.719+0000][68][safepoint   ] Safepoint "Cleanup", Time since last: 1006757128 ns, Reaching safepoint: 367424 ns, At safepoint: 13720 ns, Total: 381144 ns
[2023-02-09T14:30:09.727+0000][68][safepoint   ] Safepoint "Cleanup", Time since last: 2007399820 ns, Reaching safepoint: 352848 ns, At safepoint: 14407 ns, Total: 367255 ns
[2023-02-09T14:30:27.162+0000][68][gc,start    ] GC(230) Pause Young (Normal) (G1 Evacuation Pause)
[2023-02-09T14:30:27.164+0000][68][gc,task     ] GC(230) Using 4 workers of 4 for evacuation
[2023-02-09T14:30:27.165+0000][68][gc,age      ] GC(230) Desired survivor size 6291456 bytes, new threshold 15 (max threshold 15)
[2023-02-09T14:30:27.174+0000][68][gc,phases   ] GC(230)   Pre Evacuate Collection Set: 0.3ms
[2023-02-09T14:30:27.175+0000][68][gc,phases   ] GC(230)   Merge Heap Roots: 0.2ms
[2023-02-09T14:30:27.176+0000][68][gc,phases   ] GC(230)   Evacuate Collection Set: 4.8ms
[2023-02-09T14:30:27.177+0000][68][gc,phases   ] GC(230)   Post Evacuate Collection Set: 1.3ms
[2023-02-09T14:30:27.178+0000][68][gc,phases   ] GC(230)   Other: 3.1ms
[2023-02-09T14:30:27.179+0000][68][gc,age      ] GC(230) Age table with threshold 15 (max threshold 15)
[2023-02-09T14:30:27.180+0000][68][gc,age      ] GC(230) - age   1:    1596168 bytes,    1596168 total
[2023-02-09T14:30:27.180+0000][68][gc,age      ] GC(230) - age   2:     162128 bytes,    1758296 total
[2023-02-09T14:30:27.181+0000][68][gc,age      ] GC(230) - age   3:       1648 bytes,    1759944 total
[2023-02-09T14:30:27.182+0000][68][gc,age      ] GC(230) - age   4:       2904 bytes,    1762848 total
[2023-02-09T14:30:27.183+0000][68][gc,age      ] GC(230) - age   5:      19424 bytes,    1782272 total
[2023-02-09T14:30:27.184+0000][68][gc,age      ] GC(230) - age   6:       2736 bytes,    1785008 total
[2023-02-09T14:30:27.185+0000][68][gc,age      ] GC(230) - age   7:        720 bytes,    1785728 total
[2023-02-09T14:30:27.185+0000][68][gc,age      ] GC(230) - age   8:       1856 bytes,    1787584 total
[2023-02-09T14:30:27.186+0000][68][gc,age      ] GC(230) - age   9:      20504 bytes,    1808088 total
[2023-02-09T14:30:27.187+0000][68][gc,age      ] GC(230) - age  10:       2016 bytes,    1810104 total
[2023-02-09T14:30:27.187+0000][68][gc,age      ] GC(230) - age  11:     313464 bytes,    2123568 total
[2023-02-09T14:30:27.188+0000][68][gc,age      ] GC(230) - age  13:        576 bytes,    2124144 total
[2023-02-09T14:30:27.189+0000][68][gc,age      ] GC(230) - age  14:       2896 bytes,    2127040 total
[2023-02-09T14:30:27.189+0000][68][gc,age      ] GC(230) - age  15:       2408 bytes,    2129448 total
[2023-02-09T14:30:27.190+0000][68][gc,heap     ] GC(230) Eden regions: 22->0(22)
[2023-02-09T14:30:27.190+0000][68][gc,heap     ] GC(230) Survivor regions: 1->1(3)
[2023-02-09T14:30:27.191+0000][68][gc,heap     ] GC(230) Old regions: 26->26
[2023-02-09T14:30:27.192+0000][68][gc,heap     ] GC(230) Archive regions: 2->2
[2023-02-09T14:30:27.192+0000][68][gc,heap     ] GC(230) Humongous regions: 2->2
[2023-02-09T14:30:27.193+0000][68][gc,metaspace] GC(230) Metaspace: 142407K(145536K)->142407K(145536K) NonClass: 124247K(125504K)->124247K(125504K) Class: 18159K(20032K)->18159K(20032K)
[2023-02-09T14:30:27.194+0000][68][gc          ] GC(230) Pause Young (Normal) (G1 Evacuation Pause) 204M->116M(256M) 31.427ms
[2023-02-09T14:30:27.194+0000][68][gc,cpu      ] GC(230) User=0.01s Sys=0.01s Real=0.03s
[2023-02-09T14:30:27.195+0000][68][safepoint   ] Safepoint "G1CollectForAllocation", Time since last: 17456212840 ns, Reaching safepoint: 209719 ns, At safepoint: 32929792 ns, Total: 33139511 ns
[2023-02-09T14:30:37.215+0000][68][safepoint   ] Safepoint "Cleanup", Time since last: 10019577809 ns, Reaching safepoint: 505824 ns, At safepoint: 17161 ns, Total: 522985 ns
[2023-02-09T14:30:39.223+0000][68][safepoint   ] Safepoint "Cleanup", Time since last: 2007340223 ns, Reaching safepoint: 333490 ns, At safepoint: 13545 ns, Total: 347035 ns
[2023-02-09T14:30:49.250+0000][68][safepoint   ] Safepoint "Cleanup", Time since last: 10026447877 ns, Reaching safepoint: 247322 ns, At safepoint: 7616 ns, Total: 254938 ns
[2023-02-09T14:30:50.795+0000][68][gc,start    ] GC(231) Pause Young (Concurrent Start) (G1 Evacuation Pause)
[2023-02-09T14:30:50.795+0000][68][gc,task     ] GC(231) Using 4 workers of 4 for evacuation
[2023-02-09T14:30:50.796+0000][68][gc,age      ] GC(231) Desired survivor size 6291456 bytes, new threshold 15 (max threshold 15)
[2023-02-09T14:30:50.799+0000][68][gc,phases   ] GC(231)   Pre Evacuate Collection Set: 0.3ms
[2023-02-09T14:30:50.800+0000][68][gc,phases   ] GC(231)   Merge Heap Roots: 0.1ms
[2023-02-09T14:30:50.800+0000][68][gc,phases   ] GC(231)   Evacuate Collection Set: 1.8ms
[2023-02-09T14:30:50.801+0000][68][gc,phases   ] GC(231)   Post Evacuate Collection Set: 0.8ms
[2023-02-09T14:30:50.801+0000][68][gc,phases   ] GC(231)   Other: 1.0ms
[2023-02-09T14:30:50.801+0000][68][gc,age      ] GC(231) Age table with threshold 15 (max threshold 15)
[2023-02-09T14:30:50.802+0000][68][gc,age      ] GC(231) - age   1:     944232 bytes,     944232 total
[2023-02-09T14:30:50.802+0000][68][gc,age      ] GC(231) - age   2:     140232 bytes,    1084464 total
[2023-02-09T14:30:50.802+0000][68][gc,age      ] GC(231) - age   3:      28608 bytes,    1113072 total
[2023-02-09T14:30:50.803+0000][68][gc,age      ] GC(231) - age   4:        928 bytes,    1114000 total
[2023-02-09T14:30:50.803+0000][68][gc,age      ] GC(231) - age   5:       2840 bytes,    1116840 total
[2023-02-09T14:30:50.804+0000][68][gc,age      ] GC(231) - age   6:      18016 bytes,    1134856 total
[2023-02-09T14:30:50.804+0000][68][gc,age      ] GC(231) - age   7:       2736 bytes,    1137592 total
[2023-02-09T14:30:50.805+0000][68][gc,age      ] GC(231) - age   8:        720 bytes,    1138312 total
[2023-02-09T14:30:50.805+0000][68][gc,age      ] GC(231) - age   9:        496 bytes,    1138808 total
[2023-02-09T14:30:50.806+0000][68][gc,age      ] GC(231) - age  10:      20504 bytes,    1159312 total
[2023-02-09T14:30:50.806+0000][68][gc,age      ] GC(231) - age  11:        624 bytes,    1159936 total
[2023-02-09T14:30:50.806+0000][68][gc,age      ] GC(231) - age  12:       9752 bytes,    1169688 total
[2023-02-09T14:30:50.807+0000][68][gc,age      ] GC(231) - age  14:        576 bytes,    1170264 total
[2023-02-09T14:30:50.807+0000][68][gc,age      ] GC(231) - age  15:       2896 bytes,    1173160 total
[2023-02-09T14:30:50.808+0000][68][gc,heap     ] GC(231) Eden regions: 22->0(22)
[2023-02-09T14:30:50.808+0000][68][gc,heap     ] GC(231) Survivor regions: 1->1(3)
[2023-02-09T14:30:50.808+0000][68][gc,heap     ] GC(231) Old regions: 26->26
[2023-02-09T14:30:50.809+0000][68][gc,heap     ] GC(231) Archive regions: 2->2
[2023-02-09T14:30:50.809+0000][68][gc,heap     ] GC(231) Humongous regions: 2->2
[2023-02-09T14:30:50.810+0000][68][gc,metaspace] GC(231) Metaspace: 142409K(145536K)->142409K(145536K) NonClass: 124250K(125504K)->124250K(125504K) Class: 18159K(20032K)->18159K(20032K)
[2023-02-09T14:30:50.810+0000][68][gc          ] GC(231) Pause Young (Concurrent Start) (G1 Evacuation Pause) 204M->115M(256M) 15.248ms
[2023-02-09T14:30:50.811+0000][68][gc,cpu      ] GC(231) User=0.01s Sys=0.00s Real=0.02s
[2023-02-09T14:30:50.811+0000][68][gc          ] GC(232) Concurrent Mark Cycle
[2023-02-09T14:30:50.811+0000][68][gc,marking  ] GC(232) Concurrent Clear Claimed Marks
[2023-02-09T14:30:50.811+0000][68][safepoint   ] Safepoint "G1CollectForAllocation", Time since last: 1565388475 ns, Reaching safepoint: 61424 ns, At safepoint: 16527424 ns, Total: 16588848 ns
[2023-02-09T14:30:50.812+0000][68][gc,marking  ] GC(232) Concurrent Clear Claimed Marks 0.740ms
[2023-02-09T14:30:50.813+0000][68][gc,marking  ] GC(232) Concurrent Scan Root Regions
[2023-02-09T14:30:50.817+0000][68][gc,marking  ] GC(232) Concurrent Scan Root Regions 3.622ms
[2023-02-09T14:30:50.817+0000][68][gc,marking  ] GC(232) Concurrent Mark
[2023-02-09T14:30:50.818+0000][68][gc,marking  ] GC(232) Concurrent Mark From Roots
[2023-02-09T14:30:50.818+0000][68][gc,task     ] GC(232) Using 1 workers of 1 for marking
[2023-02-09T14:30:50.950+0000][68][gc,marking  ] GC(232) Concurrent Mark From Roots 131.939ms
[2023-02-09T14:30:50.950+0000][68][gc,marking  ] GC(232) Concurrent Preclean
[2023-02-09T14:30:50.951+0000][68][gc,marking  ] GC(232) Concurrent Preclean 0.840ms
[2023-02-09T14:30:50.952+0000][68][gc,start    ] GC(232) Pause Remark
[2023-02-09T14:30:50.962+0000][68][gc          ] GC(232) Pause Remark 117M->117M(256M) 9.620ms
[2023-02-09T14:30:50.963+0000][68][gc,cpu      ] GC(232) User=0.03s Sys=0.00s Real=0.01s
[2023-02-09T14:30:50.963+0000][68][safepoint   ] Safepoint "G1PauseRemark", Time since last: 140897540 ns, Reaching safepoint: 95961 ns, At safepoint: 11197450 ns, Total: 11293411 ns
[2023-02-09T14:30:50.964+0000][68][gc,marking  ] GC(232) Concurrent Mark 146.864ms
[2023-02-09T14:30:50.965+0000][68][gc,marking  ] GC(232) Concurrent Rebuild Remembered Sets
[2023-02-09T14:30:51.023+0000][68][gc,marking  ] GC(232) Concurrent Rebuild Remembered Sets 57.790ms
[2023-02-09T14:30:51.024+0000][68][gc,start    ] GC(232) Pause Cleanup
[2023-02-09T14:30:51.024+0000][68][gc          ] GC(232) Pause Cleanup 120M->120M(256M) 0.618ms
[2023-02-09T14:30:51.025+0000][68][gc,cpu      ] GC(232) User=0.00s Sys=0.00s Real=0.00s
[2023-02-09T14:30:51.025+0000][68][safepoint   ] Safepoint "G1PauseCleanup", Time since last: 59990483 ns, Reaching safepoint: 150204 ns, At safepoint: 1614654 ns, Total: 1764858 ns
[2023-02-09T14:30:51.026+0000][68][gc,marking  ] GC(232) Concurrent Cleanup for Next Mark
[2023-02-09T14:30:51.026+0000][68][gc,marking  ] GC(232) Concurrent Cleanup for Next Mark 0.640ms
[2023-02-09T14:30:51.027+0000][68][gc          ] GC(232) Concurrent Mark Cycle 216.537ms
[2023-02-09T14:30:55.029+0000][68][safepoint   ] Safepoint "Cleanup", Time since last: 4003628931 ns, Reaching safepoint: 382107 ns, At safepoint: 11647 ns, Total: 393754 ns
[2023-02-09T14:30:57.169+0000][68][safepoint   ] Safepoint "Cleanup", Time since last: 2140166711 ns, Reaching safepoint: 92156 ns, At safepoint: 3799 ns, Total: 95955 ns
[2023-02-09T14:31:08.185+0000][68][safepoint   ] Safepoint "Cleanup", Time since last: 11014421054 ns, Reaching safepoint: 743835 ns, At safepoint: 45782 ns, Total: 789617 ns
[2023-02-09T14:31:15.198+0000][68][safepoint   ] Safepoint "Cleanup", Time since last: 7012699613 ns, Reaching safepoint: 199136 ns, At safepoint: 5212 ns, Total: 204348 ns
[2023-02-09T14:31:15.912+0000][68][gc,start    ] GC(233) Pause Young (Normal) (G1 Evacuation Pause)
[2023-02-09T14:31:15.912+0000][68][gc,task     ] GC(233) Using 4 workers of 4 for evacuation
[2023-02-09T14:31:15.912+0000][68][gc,age      ] GC(233) Desired survivor size 6291456 bytes, new threshold 15 (max threshold 15)
[2023-02-09T14:31:15.918+0000][68][gc,phases   ] GC(233)   Pre Evacuate Collection Set: 0.2ms
[2023-02-09T14:31:15.919+0000][68][gc,phases   ] GC(233)   Merge Heap Roots: 0.2ms
[2023-02-09T14:31:15.919+0000][68][gc,phases   ] GC(233)   Evacuate Collection Set: 4.2ms
[2023-02-09T14:31:15.919+0000][68][gc,phases   ] GC(233)   Post Evacuate Collection Set: 0.7ms
[2023-02-09T14:31:15.920+0000][68][gc,phases   ] GC(233)   Other: 0.7ms
[2023-02-09T14:31:15.920+0000][68][gc,age      ] GC(233) Age table with threshold 15 (max threshold 15)
[2023-02-09T14:31:15.920+0000][68][gc,age      ] GC(233) - age   1:    1312488 bytes,    1312488 total
[2023-02-09T14:31:15.921+0000][68][gc,age      ] GC(233) - age   2:     446904 bytes,    1759392 total
[2023-02-09T14:31:15.921+0000][68][gc,age      ] GC(233) - age   3:     134696 bytes,    1894088 total
[2023-02-09T14:31:15.921+0000][68][gc,age      ] GC(233) - age   4:      27888 bytes,    1921976 total
[2023-02-09T14:31:15.922+0000][68][gc,age      ] GC(233) - age   5:        584 bytes,    1922560 total
[2023-02-09T14:31:15.922+0000][68][gc,age      ] GC(233) - age   6:       2752 bytes,    1925312 total
[2023-02-09T14:31:15.922+0000][68][gc,age      ] GC(233) - age   7:       1736 bytes,    1927048 total
[2023-02-09T14:31:15.922+0000][68][gc,age      ] GC(233) - age   8:       2736 bytes,    1929784 total
[2023-02-09T14:31:15.923+0000][68][gc,age      ] GC(233) - age   9:        720 bytes,    1930504 total
[2023-02-09T14:31:15.923+0000][68][gc,age      ] GC(233) - age  10:        496 bytes,    1931000 total
[2023-02-09T14:31:15.923+0000][68][gc,age      ] GC(233) - age  11:      20504 bytes,    1951504 total
[2023-02-09T14:31:15.924+0000][68][gc,age      ] GC(233) - age  12:        392 bytes,    1951896 total
[2023-02-09T14:31:15.924+0000][68][gc,age      ] GC(233) - age  13:       9752 bytes,    1961648 total
[2023-02-09T14:31:15.924+0000][68][gc,age      ] GC(233) - age  15:        576 bytes,    1962224 total
[2023-02-09T14:31:15.925+0000][68][gc,heap     ] GC(233) Eden regions: 22->0(22)
[2023-02-09T14:31:15.925+0000][68][gc,heap     ] GC(233) Survivor regions: 1->1(3)
[2023-02-09T14:31:15.925+0000][68][gc,heap     ] GC(233) Old regions: 26->26
[2023-02-09T14:31:15.925+0000][68][gc,heap     ] GC(233) Archive regions: 2->2
[2023-02-09T14:31:15.926+0000][68][gc,heap     ] GC(233) Humongous regions: 2->2
[2023-02-09T14:31:15.926+0000][68][gc,metaspace] GC(233) Metaspace: 142419K(145536K)->142419K(145536K) NonClass: 124259K(125504K)->124259K(125504K) Class: 18160K(20032K)->18160K(20032K)
[2023-02-09T14:31:15.926+0000][68][gc          ] GC(233) Pause Young (Normal) (G1 Evacuation Pause) 203M->116M(256M) 14.735ms
[2023-02-09T14:31:15.927+0000][68][gc,cpu      ] GC(233) User=0.01s Sys=0.00s Real=0.01s
[2023-02-09T14:31:15.927+0000][68][safepoint   ] Safepoint "G1CollectForAllocation", Time since last: 713925564 ns, Reaching safepoint: 107434 ns, At safepoint: 15515620 ns, Total: 15623054 ns
[2023-02-09T14:31:35.935+0000][68][safepoint   ] Safepoint "Cleanup", Time since last: 20028083934 ns, Reaching safepoint: 2463174 ns, At safepoint: 158124 ns, Total: 2621298 ns
[2023-02-09T14:31:39.942+0000][68][safepoint   ] Safepoint "Cleanup", Time since last: 4006654325 ns, Reaching safepoint: 152013 ns, At safepoint: 8635 ns, Total: 160648 ns
[2023-02-09T14:31:45.949+0000][68][safepoint   ] Safepoint "Cleanup", Time since last: 6007004068 ns, Reaching safepoint: 338189 ns, At safepoint: 12940 ns, Total: 351129 ns
[2023-02-09T14:31:46.518+0000][68][gc,start    ] GC(234) Pause Young (Concurrent Start) (G1 Evacuation Pause)
[2023-02-09T14:31:46.519+0000][68][gc,task     ] GC(234) Using 4 workers of 4 for evacuation
[2023-02-09T14:31:46.520+0000][68][gc,age      ] GC(234) Desired survivor size 6291456 bytes, new threshold 15 (max threshold 15)
[2023-02-09T14:31:46.523+0000][68][gc,phases   ] GC(234)   Pre Evacuate Collection Set: 0.3ms
[2023-02-09T14:31:46.524+0000][68][gc,phases   ] GC(234)   Merge Heap Roots: 0.1ms
[2023-02-09T14:31:46.525+0000][68][gc,phases   ] GC(234)   Evacuate Collection Set: 2.3ms
[2023-02-09T14:31:46.525+0000][68][gc,phases   ] GC(234)   Post Evacuate Collection Set: 0.8ms
[2023-02-09T14:31:46.526+0000][68][gc,phases   ] GC(234)   Other: 1.0ms
[2023-02-09T14:31:46.526+0000][68][gc,age      ] GC(234) Age table with threshold 15 (max threshold 15)
[2023-02-09T14:31:46.527+0000][68][gc,age      ] GC(234) - age   1:     534256 bytes,     534256 total
[2023-02-09T14:31:46.527+0000][68][gc,age      ] GC(234) - age   2:      63168 bytes,     597424 total
[2023-02-09T14:31:46.528+0000][68][gc,age      ] GC(234) - age   3:     421704 bytes,    1019128 total
[2023-02-09T14:31:46.528+0000][68][gc,age      ] GC(234) - age   4:       3336 bytes,    1022464 total
[2023-02-09T14:31:46.528+0000][68][gc,age      ] GC(234) - age   5:      27760 bytes,    1050224 total
[2023-02-09T14:31:46.529+0000][68][gc,age      ] GC(234) - age   6:        520 bytes,    1050744 total
[2023-02-09T14:31:46.529+0000][68][gc,age      ] GC(234) - age   7:       2752 bytes,    1053496 total
[2023-02-09T14:31:46.530+0000][68][gc,age      ] GC(234) - age   8:       1736 bytes,    1055232 total
[2023-02-09T14:31:46.530+0000][68][gc,age      ] GC(234) - age   9:       2456 bytes,    1057688 total
[2023-02-09T14:31:46.531+0000][68][gc,age      ] GC(234) - age  10:        720 bytes,    1058408 total
[2023-02-09T14:31:46.531+0000][68][gc,age      ] GC(234) - age  11:        496 bytes,    1058904 total
[2023-02-09T14:31:46.531+0000][68][gc,age      ] GC(234) - age  12:      20504 bytes,    1079408 total
[2023-02-09T14:31:46.532+0000][68][gc,age      ] GC(234) - age  13:        352 bytes,    1079760 total
[2023-02-09T14:31:46.532+0000][68][gc,age      ] GC(234) - age  14:       9688 bytes,    1089448 total
[2023-02-09T14:31:46.533+0000][68][gc,heap     ] GC(234) Eden regions: 22->0(22)
[2023-02-09T14:31:46.533+0000][68][gc,heap     ] GC(234) Survivor regions: 1->1(3)
[2023-02-09T14:31:46.533+0000][68][gc,heap     ] GC(234) Old regions: 26->26
[2023-02-09T14:31:46.534+0000][68][gc,heap     ] GC(234) Archive regions: 2->2
[2023-02-09T14:31:46.534+0000][68][gc,heap     ] GC(234) Humongous regions: 2->2
[2023-02-09T14:31:46.535+0000][68][gc,metaspace] GC(234) Metaspace: 142420K(145536K)->142420K(145536K) NonClass: 124260K(125504K)->124260K(125504K) Class: 18160K(20032K)->18160K(20032K)
[2023-02-09T14:31:46.535+0000][68][gc          ] GC(234) Pause Young (Concurrent Start) (G1 Evacuation Pause) 204M->115M(256M) 16.753ms
[2023-02-09T14:31:46.536+0000][68][gc          ] GC(235) Concurrent Mark Cycle
[2023-02-09T14:31:46.536+0000][68][gc,marking  ] GC(235) Concurrent Clear Claimed Marks
[2023-02-09T14:31:46.536+0000][68][gc,cpu      ] GC(234) User=0.01s Sys=0.00s Real=0.02s
[2023-02-09T14:31:46.537+0000][68][safepoint   ] Safepoint "G1CollectForAllocation", Time since last: 568919531 ns, Reaching safepoint: 34738 ns, At safepoint: 18892983 ns, Total: 18927721 ns
[2023-02-09T14:31:46.537+0000][68][gc,marking  ] GC(235) Concurrent Clear Claimed Marks 0.692ms
[2023-02-09T14:31:46.538+0000][68][gc,marking  ] GC(235) Concurrent Scan Root Regions
[2023-02-09T14:31:46.541+0000][68][gc,marking  ] GC(235) Concurrent Scan Root Regions 2.768ms
[2023-02-09T14:31:46.542+0000][68][gc,marking  ] GC(235) Concurrent Mark
[2023-02-09T14:31:46.542+0000][68][gc,marking  ] GC(235) Concurrent Mark From Roots
[2023-02-09T14:31:46.543+0000][68][gc,task     ] GC(235) Using 1 workers of 1 for marking
[2023-02-09T14:31:46.646+0000][68][gc,marking  ] GC(235) Concurrent Mark From Roots 103.183ms
[2023-02-09T14:31:46.646+0000][68][gc,marking  ] GC(235) Concurrent Preclean
[2023-02-09T14:31:46.647+0000][68][gc,marking  ] GC(235) Concurrent Preclean 0.807ms
[2023-02-09T14:31:46.648+0000][68][gc,start    ] GC(235) Pause Remark
[2023-02-09T14:31:46.659+0000][68][gc          ] GC(235) Pause Remark 116M->116M(256M) 11.410ms
[2023-02-09T14:31:46.661+0000][68][gc,cpu      ] GC(235) User=0.03s Sys=0.00s Real=0.01s
[2023-02-09T14:31:46.661+0000][68][safepoint   ] Safepoint "G1PauseRemark", Time since last: 110569626 ns, Reaching safepoint: 58332 ns, At safepoint: 13540602 ns, Total: 13598934 ns
[2023-02-09T14:31:46.662+0000][68][gc,marking  ] GC(235) Concurrent Mark 120.397ms
[2023-02-09T14:31:46.662+0000][68][gc,marking  ] GC(235) Concurrent Rebuild Remembered Sets
[2023-02-09T14:31:46.711+0000][68][gc,marking  ] GC(235) Concurrent Rebuild Remembered Sets 48.990ms
[2023-02-09T14:31:46.713+0000][68][gc,start    ] GC(235) Pause Cleanup
[2023-02-09T14:31:46.714+0000][68][gc          ] GC(235) Pause Cleanup 116M->116M(256M) 0.931ms
[2023-02-09T14:31:46.714+0000][68][gc,cpu      ] GC(235) User=0.00s Sys=0.00s Real=0.01s
[2023-02-09T14:31:46.715+0000][68][safepoint   ] Safepoint "G1PauseCleanup", Time since last: 51463752 ns, Reaching safepoint: 140557 ns, At safepoint: 1795858 ns, Total: 1936415 ns
[2023-02-09T14:31:46.715+0000][68][gc,marking  ] GC(235) Concurrent Cleanup for Next Mark
[2023-02-09T14:31:46.716+0000][68][gc,marking  ] GC(235) Concurrent Cleanup for Next Mark 0.658ms
[2023-02-09T14:31:46.717+0000][68][gc          ] GC(235) Concurrent Mark Cycle 180.903ms
[2023-02-09T14:32:04.729+0000][68][safepoint   ] Safepoint "Cleanup", Time since last: 18036104483 ns, Reaching safepoint: 338367 ns, At safepoint: 14709 ns, Total: 353076 ns
[2023-02-09T14:32:05.735+0000][68][safepoint   ] Safepoint "Cleanup", Time since last: 1005564715 ns, Reaching safepoint: 338104 ns, At safepoint: 14495 ns, Total: 352599 ns
[2023-02-09T14:32:20.145+0000][68][gc,start    ] GC(236) Pause Young (Normal) (G1 Evacuation Pause)
[2023-02-09T14:32:20.147+0000][68][gc,task     ] GC(236) Using 4 workers of 4 for evacuation
[2023-02-09T14:32:20.148+0000][68][gc,age      ] GC(236) Desired survivor size 6291456 bytes, new threshold 15 (max threshold 15)
[2023-02-09T14:32:20.155+0000][68][gc,phases   ] GC(236)   Pre Evacuate Collection Set: 0.4ms
[2023-02-09T14:32:20.156+0000][68][gc,phases   ] GC(236)   Merge Heap Roots: 0.3ms
[2023-02-09T14:32:20.157+0000][68][gc,phases   ] GC(236)   Evacuate Collection Set: 3.2ms
[2023-02-09T14:32:20.158+0000][68][gc,phases   ] GC(236)   Post Evacuate Collection Set: 1.2ms
[2023-02-09T14:32:20.159+0000][68][gc,phases   ] GC(236)   Other: 3.2ms
[2023-02-09T14:32:20.160+0000][68][gc,age      ] GC(236) Age table with threshold 15 (max threshold 15)
[2023-02-09T14:32:20.160+0000][68][gc,age      ] GC(236) - age   1:     737856 bytes,     737856 total
[2023-02-09T14:32:20.161+0000][68][gc,age      ] GC(236) - age   2:      23112 bytes,     760968 total
[2023-02-09T14:32:20.162+0000][68][gc,age      ] GC(236) - age   3:      58032 bytes,     819000 total
[2023-02-09T14:32:20.163+0000][68][gc,age      ] GC(236) - age   4:     417840 bytes,    1236840 total
[2023-02-09T14:32:20.163+0000][68][gc,age      ] GC(236) - age   5:       3208 bytes,    1240048 total
[2023-02-09T14:32:20.164+0000][68][gc,age      ] GC(236) - age   6:      27760 bytes,    1267808 total
[2023-02-09T14:32:20.165+0000][68][gc,age      ] GC(236) - age   7:        392 bytes,    1268200 total
[2023-02-09T14:32:20.165+0000][68][gc,age      ] GC(236) - age   8:       2752 bytes,    1270952 total
[2023-02-09T14:32:20.167+0000][68][gc,age      ] GC(236) - age   9:       1736 bytes,    1272688 total
[2023-02-09T14:32:20.168+0000][68][gc,age      ] GC(236) - age  10:       2456 bytes,    1275144 total
[2023-02-09T14:32:20.168+0000][68][gc,age      ] GC(236) - age  11:        720 bytes,    1275864 total
[2023-02-09T14:32:20.169+0000][68][gc,age      ] GC(236) - age  12:        496 bytes,    1276360 total
[2023-02-09T14:32:20.170+0000][68][gc,age      ] GC(236) - age  13:      20504 bytes,    1296864 total
[2023-02-09T14:32:20.170+0000][68][gc,age      ] GC(236) - age  14:        352 bytes,    1297216 total
[2023-02-09T14:32:20.171+0000][68][gc,age      ] GC(236) - age  15:       9624 bytes,    1306840 total
[2023-02-09T14:32:20.172+0000][68][gc,heap     ] GC(236) Eden regions: 22->0(22)
[2023-02-09T14:32:20.172+0000][68][gc,heap     ] GC(236) Survivor regions: 1->1(3)
[2023-02-09T14:32:20.173+0000][68][gc,heap     ] GC(236) Old regions: 26->26
[2023-02-09T14:32:20.173+0000][68][gc,heap     ] GC(236) Archive regions: 2->2
[2023-02-09T14:32:20.174+0000][68][gc,heap     ] GC(236) Humongous regions: 2->2
[2023-02-09T14:32:20.174+0000][68][gc,metaspace] GC(236) Metaspace: 142423K(145536K)->142423K(145536K) NonClass: 124263K(125504K)->124263K(125504K) Class: 18160K(20032K)->18160K(20032K)
[2023-02-09T14:32:20.175+0000][68][gc          ] GC(236) Pause Young (Normal) (G1 Evacuation Pause) 203M->115M(256M) 29.871ms
[2023-02-09T14:32:20.175+0000][68][gc,cpu      ] GC(236) User=0.01s Sys=0.00s Real=0.03s
[2023-02-09T14:32:20.176+0000][68][safepoint   ] Safepoint "G1CollectForAllocation", Time since last: 14432964433 ns, Reaching safepoint: 220236 ns, At safepoint: 31320498 ns, Total: 31540734 ns
[2023-02-09T14:32:27.181+0000][68][safepoint   ] Safepoint "Cleanup", Time since last: 7005002764 ns, Reaching safepoint: 194162 ns, At safepoint: 5359 ns, Total: 199521 ns
[2023-02-09T14:32:44.743+0000][68][gc,start    ] GC(237) Pause Young (Concurrent Start) (G1 Evacuation Pause)
[2023-02-09T14:32:44.745+0000][68][gc,task     ] GC(237) Using 4 workers of 4 for evacuation
[2023-02-09T14:32:44.746+0000][68][gc,age      ] GC(237) Desired survivor size 6291456 bytes, new threshold 15 (max threshold 15)
[2023-02-09T14:32:44.753+0000][68][gc,phases   ] GC(237)   Pre Evacuate Collection Set: 0.8ms
[2023-02-09T14:32:44.754+0000][68][gc,phases   ] GC(237)   Merge Heap Roots: 0.2ms
[2023-02-09T14:32:44.755+0000][68][gc,phases   ] GC(237)   Evacuate Collection Set: 2.8ms
[2023-02-09T14:32:44.756+0000][68][gc,phases   ] GC(237)   Post Evacuate Collection Set: 1.3ms
[2023-02-09T14:32:44.757+0000][68][gc,phases   ] GC(237)   Other: 2.6ms
[2023-02-09T14:32:44.757+0000][68][gc,age      ] GC(237) Age table with threshold 15 (max threshold 15)
[2023-02-09T14:32:44.758+0000][68][gc,age      ] GC(237) - age   1:     928544 bytes,     928544 total
[2023-02-09T14:32:44.759+0000][68][gc,age      ] GC(237) - age   2:     134960 bytes,    1063504 total
[2023-02-09T14:32:44.759+0000][68][gc,age      ] GC(237) - age   3:       4152 bytes,    1067656 total
[2023-02-09T14:32:44.760+0000][68][gc,age      ] GC(237) - age   4:      56944 bytes,    1124600 total
[2023-02-09T14:32:44.761+0000][68][gc,age      ] GC(237) - age   5:     270184 bytes,    1394784 total
[2023-02-09T14:32:44.761+0000][68][gc,age      ] GC(237) - age   6:       3208 bytes,    1397992 total
[2023-02-09T14:32:44.762+0000][68][gc,age      ] GC(237) - age   7:       2008 bytes,    1400000 total
[2023-02-09T14:32:44.762+0000][68][gc,age      ] GC(237) - age   8:        328 bytes,    1400328 total
[2023-02-09T14:32:44.763+0000][68][gc,age      ] GC(237) - age   9:       2472 bytes,    1402800 total
[2023-02-09T14:32:44.763+0000][68][gc,age      ] GC(237) - age  10:       1736 bytes,    1404536 total
[2023-02-09T14:32:44.764+0000][68][gc,age      ] GC(237) - age  11:       2456 bytes,    1406992 total
[2023-02-09T14:32:44.764+0000][68][gc,age      ] GC(237) - age  12:        720 bytes,    1407712 total
[2023-02-09T14:32:44.765+0000][68][gc,age      ] GC(237) - age  13:        496 bytes,    1408208 total
[2023-02-09T14:32:44.766+0000][68][gc,age      ] GC(237) - age  14:      20320 bytes,    1428528 total
[2023-02-09T14:32:44.766+0000][68][gc,age      ] GC(237) - age  15:        352 bytes,    1428880 total
[2023-02-09T14:32:44.767+0000][68][gc,heap     ] GC(237) Eden regions: 22->0(22)
[2023-02-09T14:32:44.767+0000][68][gc,heap     ] GC(237) Survivor regions: 1->1(3)
[2023-02-09T14:32:44.768+0000][68][gc,heap     ] GC(237) Old regions: 26->26
[2023-02-09T14:32:44.768+0000][68][gc,heap     ] GC(237) Archive regions: 2->2
[2023-02-09T14:32:44.769+0000][68][gc,heap     ] GC(237) Humongous regions: 2->2
[2023-02-09T14:32:44.769+0000][68][gc,metaspace] GC(237) Metaspace: 142434K(145536K)->142434K(145536K) NonClass: 124274K(125504K)->124274K(125504K) Class: 18160K(20032K)->18160K(20032K)
[2023-02-09T14:32:44.770+0000][68][gc          ] GC(237) Pause Young (Concurrent Start) (G1 Evacuation Pause) 203M->115M(256M) 26.570ms
[2023-02-09T14:32:44.771+0000][68][gc          ] GC(238) Concurrent Mark Cycle
[2023-02-09T14:32:44.771+0000][68][gc,marking  ] GC(238) Concurrent Clear Claimed Marks
[2023-02-09T14:32:44.771+0000][68][gc,cpu      ] GC(237) User=0.01s Sys=0.01s Real=0.03s
[2023-02-09T14:32:44.830+0000][68][safepoint   ] Safepoint "G1CollectForAllocation", Time since last: 17561964428 ns, Reaching safepoint: 151464 ns, At safepoint: 86391361 ns, Total: 86542825 ns
[2023-02-09T14:32:44.827+0000][68][gc,marking  ] GC(238) Concurrent Clear Claimed Marks 55.517ms
[2023-02-09T14:32:44.834+0000][68][gc,marking  ] GC(238) Concurrent Scan Root Regions
[2023-02-09T14:32:44.839+0000][68][gc,marking  ] GC(238) Concurrent Scan Root Regions 5.295ms
[2023-02-09T14:32:44.840+0000][68][gc,marking  ] GC(238) Concurrent Mark
[2023-02-09T14:32:44.841+0000][68][gc,marking  ] GC(238) Concurrent Mark From Roots
[2023-02-09T14:32:44.842+0000][68][gc,task     ] GC(238) Using 1 workers of 1 for marking
[2023-02-09T14:32:45.000+0000][68][gc,marking  ] GC(238) Concurrent Mark From Roots 159.136ms
[2023-02-09T14:32:45.001+0000][68][gc,marking  ] GC(238) Concurrent Preclean
[2023-02-09T14:32:45.002+0000][68][gc,marking  ] GC(238) Concurrent Preclean 0.642ms
[2023-02-09T14:32:45.002+0000][68][gc,start    ] GC(238) Pause Remark
[2023-02-09T14:32:45.011+0000][68][gc          ] GC(238) Pause Remark 120M->120M(256M) 8.910ms
[2023-02-09T14:32:45.012+0000][68][gc,cpu      ] GC(238) User=0.03s Sys=0.00s Real=0.01s
[2023-02-09T14:32:45.012+0000][68][safepoint   ] Safepoint "G1PauseRemark", Time since last: 172359737 ns, Reaching safepoint: 87443 ns, At safepoint: 10165768 ns, Total: 10253211 ns
[2023-02-09T14:32:45.013+0000][68][gc,marking  ] GC(238) Concurrent Mark 172.751ms
[2023-02-09T14:32:45.013+0000][68][gc,marking  ] GC(238) Concurrent Rebuild Remembered Sets
[2023-02-09T14:32:45.079+0000][68][gc,marking  ] GC(238) Concurrent Rebuild Remembered Sets 65.012ms
[2023-02-09T14:32:45.079+0000][68][gc,start    ] GC(238) Pause Cleanup
[2023-02-09T14:32:45.080+0000][68][gc          ] GC(238) Pause Cleanup 121M->121M(256M) 0.544ms
[2023-02-09T14:32:45.080+0000][68][gc,cpu      ] GC(238) User=0.00s Sys=0.00s Real=0.00s
[2023-02-09T14:32:45.081+0000][68][safepoint   ] Safepoint "G1PauseCleanup", Time since last: 66825514 ns, Reaching safepoint: 82958 ns, At safepoint: 1574163 ns, Total: 1657121 ns
[2023-02-09T14:32:45.081+0000][68][gc,marking  ] GC(238) Concurrent Cleanup for Next Mark
[2023-02-09T14:32:45.082+0000][68][gc,marking  ] GC(238) Concurrent Cleanup for Next Mark 0.691ms
[2023-02-09T14:32:45.083+0000][68][gc          ] GC(238) Concurrent Mark Cycle 311.986ms
[2023-02-09T14:33:14.738+0000][68][gc,start    ] GC(239) Pause Young (Normal) (G1 Evacuation Pause)
[2023-02-09T14:33:14.740+0000][68][gc,task     ] GC(239) Using 4 workers of 4 for evacuation
[2023-02-09T14:33:14.741+0000][68][gc,age      ] GC(239) Desired survivor size 6291456 bytes, new threshold 15 (max threshold 15)
[2023-02-09T14:33:14.746+0000][68][gc,phases   ] GC(239)   Pre Evacuate Collection Set: 0.2ms
[2023-02-09T14:33:14.747+0000][68][gc,phases   ] GC(239)   Merge Heap Roots: 0.1ms
[2023-02-09T14:33:14.749+0000][68][gc,phases   ] GC(239)   Evacuate Collection Set: 2.4ms
[2023-02-09T14:33:14.750+0000][68][gc,phases   ] GC(239)   Post Evacuate Collection Set: 1.3ms
[2023-02-09T14:33:14.751+0000][68][gc,phases   ] GC(239)   Other: 2.7ms
[2023-02-09T14:33:14.752+0000][68][gc,age      ] GC(239) Age table with threshold 15 (max threshold 15)
[2023-02-09T14:33:14.752+0000][68][gc,age      ] GC(239) - age   1:    1051448 bytes,    1051448 total
[2023-02-09T14:33:14.753+0000][68][gc,age      ] GC(239) - age   2:     140728 bytes,    1192176 total
[2023-02-09T14:33:14.754+0000][68][gc,age      ] GC(239) - age   3:       2768 bytes,    1194944 total
[2023-02-09T14:33:14.755+0000][68][gc,age      ] GC(239) - age   4:       3832 bytes,    1198776 total
[2023-02-09T14:33:14.755+0000][68][gc,age      ] GC(239) - age   5:      56384 bytes,    1255160 total
[2023-02-09T14:33:14.756+0000][68][gc,age      ] GC(239) - age   6:     270088 bytes,    1525248 total
[2023-02-09T14:33:14.756+0000][68][gc,age      ] GC(239) - age   7:       3208 bytes,    1528456 total
[2023-02-09T14:33:14.757+0000][68][gc,age      ] GC(239) - age   8:       2008 bytes,    1530464 total
[2023-02-09T14:33:14.758+0000][68][gc,age      ] GC(239) - age   9:        328 bytes,    1530792 total
[2023-02-09T14:33:14.758+0000][68][gc,age      ] GC(239) - age  10:       2472 bytes,    1533264 total
[2023-02-09T14:33:14.759+0000][68][gc,age      ] GC(239) - age  11:       1736 bytes,    1535000 total
[2023-02-09T14:33:14.759+0000][68][gc,age      ] GC(239) - age  12:       2456 bytes,    1537456 total
[2023-02-09T14:33:14.760+0000][68][gc,age      ] GC(239) - age  13:        720 bytes,    1538176 total
[2023-02-09T14:33:14.761+0000][68][gc,age      ] GC(239) - age  14:        496 bytes,    1538672 total
[2023-02-09T14:33:14.761+0000][68][gc,age      ] GC(239) - age  15:      20320 bytes,    1558992 total
[2023-02-09T14:33:14.762+0000][68][gc,heap     ] GC(239) Eden regions: 22->0(22)
[2023-02-09T14:33:14.762+0000][68][gc,heap     ] GC(239) Survivor regions: 1->1(3)
[2023-02-09T14:33:14.763+0000][68][gc,heap     ] GC(239) Old regions: 26->26
[2023-02-09T14:33:14.763+0000][68][gc,heap     ] GC(239) Archive regions: 2->2
[2023-02-09T14:33:14.764+0000][68][gc,heap     ] GC(239) Humongous regions: 2->2
[2023-02-09T14:33:14.764+0000][68][gc,metaspace] GC(239) Metaspace: 142449K(145600K)->142449K(145600K) NonClass: 124289K(125568K)->124289K(125568K) Class: 18160K(20032K)->18160K(20032K)
[2023-02-09T14:33:14.765+0000][68][gc          ] GC(239) Pause Young (Normal) (G1 Evacuation Pause) 203M->115M(256M) 27.072ms
[2023-02-09T14:33:14.766+0000][68][gc,cpu      ] GC(239) User=0.01s Sys=0.00s Real=0.03s
[2023-02-09T14:33:14.766+0000][68][safepoint   ] Safepoint "G1CollectForAllocation", Time since last: 29680135305 ns, Reaching safepoint: 152880 ns, At safepoint: 28252977 ns, Total: 28405857 ns
[2023-02-09T14:33:17.770+0000][68][safepoint   ] Safepoint "Cleanup", Time since last: 3003589541 ns, Reaching safepoint: 636736 ns, At safepoint: 17225 ns, Total: 653961 ns
[2023-02-09T14:33:20.752+0000][68][safepoint   ] Safepoint "Cleanup", Time since last: 3004642042 ns, Reaching safepoint: 171147 ns, At safepoint: 5072 ns, Total: 176219 ns
[2023-02-09T14:33:21.753+0000][68][safepoint   ] Safepoint "Cleanup", Time since last: 1000860625 ns, Reaching safepoint: 123745 ns, At safepoint: 4354 ns, Total: 128099 ns
[2023-02-09T14:33:33.768+0000][68][safepoint   ] Safepoint "Cleanup", Time since last: 12014593883 ns, Reaching safepoint: 101305 ns, At safepoint: 3951 ns, Total: 105256 ns
[2023-02-09T14:33:37.772+0000][68][safepoint   ] Safepoint "Cleanup", Time since last: 4003749899 ns, Reaching safepoint: 499009 ns, At safepoint: 45028 ns, Total: 544037 ns
[2023-02-09T14:33:38.775+0000][68][safepoint   ] Safepoint "Cleanup", Time since last: 1002346091 ns, Reaching safepoint: 270553 ns, At safepoint: 5691 ns, Total: 276244 ns
[2023-02-09T14:33:39.545+0000][68][gc,start    ] GC(240) Pause Young (Concurrent Start) (G1 Evacuation Pause)
[2023-02-09T14:33:39.547+0000][68][gc,task     ] GC(240) Using 4 workers of 4 for evacuation
[2023-02-09T14:33:39.549+0000][68][gc,age      ] GC(240) Desired survivor size 6291456 bytes, new threshold 15 (max threshold 15)
[2023-02-09T14:33:39.557+0000][68][gc,phases   ] GC(240)   Pre Evacuate Collection Set: 0.4ms
[2023-02-09T14:33:39.560+0000][68][gc,phases   ] GC(240)   Merge Heap Roots: 0.6ms
[2023-02-09T14:33:39.562+0000][68][gc,phases   ] GC(240)   Evacuate Collection Set: 2.6ms
[2023-02-09T14:33:39.563+0000][68][gc,phases   ] GC(240)   Post Evacuate Collection Set: 2.8ms
[2023-02-09T14:33:39.564+0000][68][gc,phases   ] GC(240)   Other: 4.1ms
[2023-02-09T14:33:39.565+0000][68][gc,age      ] GC(240) Age table with threshold 15 (max threshold 15)
[2023-02-09T14:33:39.566+0000][68][gc,age      ] GC(240) - age   1:    1317064 bytes,    1317064 total
[2023-02-09T14:33:39.567+0000][68][gc,age      ] GC(240) - age   2:       4296 bytes,    1321360 total
[2023-02-09T14:33:39.567+0000][68][gc,age      ] GC(240) - age   3:     118008 bytes,    1439368 total
[2023-02-09T14:33:39.568+0000][68][gc,age      ] GC(240) - age   4:       2208 bytes,    1441576 total
[2023-02-09T14:33:39.569+0000][68][gc,age      ] GC(240) - age   5:       3296 bytes,    1444872 total
[2023-02-09T14:33:39.569+0000][68][gc,age      ] GC(240) - age   6:      39560 bytes,    1484432 total
[2023-02-09T14:33:39.570+0000][68][gc,age      ] GC(240) - age   7:     270088 bytes,    1754520 total
[2023-02-09T14:33:39.571+0000][68][gc,age      ] GC(240) - age   8:       3144 bytes,    1757664 total
[2023-02-09T14:33:39.572+0000][68][gc,age      ] GC(240) - age   9:       2008 bytes,    1759672 total
[2023-02-09T14:33:39.573+0000][68][gc,age      ] GC(240) - age  10:        328 bytes,    1760000 total
[2023-02-09T14:33:39.574+0000][68][gc,age      ] GC(240) - age  11:       2408 bytes,    1762408 total
[2023-02-09T14:33:39.574+0000][68][gc,age      ] GC(240) - age  12:       1480 bytes,    1763888 total
[2023-02-09T14:33:39.575+0000][68][gc,age      ] GC(240) - age  13:       2392 bytes,    1766280 total
[2023-02-09T14:33:39.576+0000][68][gc,age      ] GC(240) - age  14:        720 bytes,    1767000 total
[2023-02-09T14:33:39.576+0000][68][gc,age      ] GC(240) - age  15:        496 bytes,    1767496 total
[2023-02-09T14:33:39.577+0000][68][gc,heap     ] GC(240) Eden regions: 22->0(22)
[2023-02-09T14:33:39.578+0000][68][gc,heap     ] GC(240) Survivor regions: 1->1(3)
[2023-02-09T14:33:39.578+0000][68][gc,heap     ] GC(240) Old regions: 26->26
[2023-02-09T14:33:39.579+0000][68][gc,heap     ] GC(240) Archive regions: 2->2
[2023-02-09T14:33:39.579+0000][68][gc,heap     ] GC(240) Humongous regions: 2->2
[2023-02-09T14:33:39.580+0000][68][gc,metaspace] GC(240) Metaspace: 142454K(145600K)->142454K(145600K) NonClass: 124294K(125568K)->124294K(125568K) Class: 18160K(20032K)->18160K(20032K)
[2023-02-09T14:33:39.580+0000][68][gc          ] GC(240) Pause Young (Concurrent Start) (G1 Evacuation Pause) 203M->116M(256M) 35.355ms
[2023-02-09T14:33:39.581+0000][68][gc,cpu      ] GC(240) User=0.01s Sys=0.00s Real=0.03s
[2023-02-09T14:33:39.581+0000][68][gc          ] GC(241) Concurrent Mark Cycle
[2023-02-09T14:33:39.582+0000][68][gc,marking  ] GC(241) Concurrent Clear Claimed Marks
[2023-02-09T14:33:39.581+0000][68][safepoint   ] Safepoint "G1CollectForAllocation", Time since last: 769774813 ns, Reaching safepoint: 120686 ns, At safepoint: 36501173 ns, Total: 36621859 ns
[2023-02-09T14:33:39.583+0000][68][gc,marking  ] GC(241) Concurrent Clear Claimed Marks 1.078ms
[2023-02-09T14:33:39.584+0000][68][gc,marking  ] GC(241) Concurrent Scan Root Regions
[2023-02-09T14:33:39.587+0000][68][gc,marking  ] GC(241) Concurrent Scan Root Regions 2.724ms
[2023-02-09T14:33:39.588+0000][68][gc,marking  ] GC(241) Concurrent Mark
[2023-02-09T14:33:39.588+0000][68][gc,marking  ] GC(241) Concurrent Mark From Roots
[2023-02-09T14:33:39.589+0000][68][gc,task     ] GC(241) Using 1 workers of 1 for marking
[2023-02-09T14:33:39.745+0000][68][gc,marking  ] GC(241) Concurrent Mark From Roots 157.104ms
[2023-02-09T14:33:39.746+0000][68][gc,marking  ] GC(241) Concurrent Preclean
[2023-02-09T14:33:39.748+0000][68][gc,marking  ] GC(241) Concurrent Preclean 1.745ms
[2023-02-09T14:33:39.748+0000][68][gc,start    ] GC(241) Pause Remark
[2023-02-09T14:33:39.759+0000][68][gc          ] GC(241) Pause Remark 117M->117M(256M) 10.260ms
[2023-02-09T14:33:39.760+0000][68][gc,cpu      ] GC(241) User=0.03s Sys=0.00s Real=0.01s
[2023-02-09T14:33:39.760+0000][68][safepoint   ] Safepoint "G1PauseRemark", Time since last: 167173828 ns, Reaching safepoint: 159118 ns, At safepoint: 11706317 ns, Total: 11865435 ns
[2023-02-09T14:33:39.761+0000][68][gc,marking  ] GC(241) Concurrent Mark 173.200ms
[2023-02-09T14:33:39.761+0000][68][gc,marking  ] GC(241) Concurrent Rebuild Remembered Sets
[2023-02-09T14:33:39.820+0000][68][gc,marking  ] GC(241) Concurrent Rebuild Remembered Sets 58.673ms
[2023-02-09T14:33:39.928+0000][68][gc,start    ] GC(241) Pause Cleanup
[2023-02-09T14:33:39.930+0000][68][gc          ] GC(241) Pause Cleanup 118M->118M(256M) 2.320ms
[2023-02-09T14:33:39.932+0000][68][gc,cpu      ] GC(241) User=0.00s Sys=0.00s Real=0.00s
[2023-02-09T14:33:39.933+0000][68][safepoint   ] Safepoint "G1PauseCleanup", Time since last: 166096833 ns, Reaching safepoint: 1368335 ns, At safepoint: 5324273 ns, Total: 6692608 ns
[2023-02-09T14:33:39.935+0000][68][gc,marking  ] GC(241) Concurrent Cleanup for Next Mark
[2023-02-09T14:33:39.936+0000][68][gc,marking  ] GC(241) Concurrent Cleanup for Next Mark 1.902ms
[2023-02-09T14:33:39.938+0000][68][gc          ] GC(241) Concurrent Mark Cycle 357.368ms
[2023-02-09T14:33:46.943+0000][68][safepoint   ] Safepoint "Cleanup", Time since last: 7009440772 ns, Reaching safepoint: 318126 ns, At safepoint: 12915 ns, Total: 331041 ns
[2023-02-09T14:33:50.926+0000][68][safepoint   ] Safepoint "Cleanup", Time since last: 4005058223 ns, Reaching safepoint: 242307 ns, At safepoint: 5663 ns, Total: 247970 ns
[2023-02-09T14:33:51.928+0000][68][safepoint   ] Safepoint "Cleanup", Time since last: 1001150152 ns, Reaching safepoint: 324922 ns, At safepoint: 13497 ns, Total: 338419 ns
[2023-02-09T14:34:03.944+0000][68][safepoint   ] Safepoint "Cleanup", Time since last: 12015693258 ns, Reaching safepoint: 100532 ns, At safepoint: 3565 ns, Total: 104097 ns
[2023-02-09T14:34:05.947+0000][68][safepoint   ] Safepoint "Cleanup", Time since last: 2002952238 ns, Reaching safepoint: 674073 ns, At safepoint: 24444 ns, Total: 698517 ns
[2023-02-09T14:34:09.528+0000][68][gc,start    ] GC(242) Pause Young (Normal) (G1 Evacuation Pause)
[2023-02-09T14:34:09.529+0000][68][gc,task     ] GC(242) Using 4 workers of 4 for evacuation
[2023-02-09T14:34:09.530+0000][68][gc,age      ] GC(242) Desired survivor size 6291456 bytes, new threshold 15 (max threshold 15)
[2023-02-09T14:34:09.535+0000][68][gc,phases   ] GC(242)   Pre Evacuate Collection Set: 0.3ms
[2023-02-09T14:34:09.536+0000][68][gc,phases   ] GC(242)   Merge Heap Roots: 0.1ms
[2023-02-09T14:34:09.536+0000][68][gc,phases   ] GC(242)   Evacuate Collection Set: 2.5ms
[2023-02-09T14:34:09.537+0000][68][gc,phases   ] GC(242)   Post Evacuate Collection Set: 1.1ms
[2023-02-09T14:34:09.538+0000][68][gc,phases   ] GC(242)   Other: 1.7ms
[2023-02-09T14:34:09.539+0000][68][gc,age      ] GC(242) Age table with threshold 15 (max threshold 15)
[2023-02-09T14:34:09.539+0000][68][gc,age      ] GC(242) - age   1:    1454288 bytes,    1454288 total
[2023-02-09T14:34:09.540+0000][68][gc,age      ] GC(242) - age   2:     135920 bytes,    1590208 total
[2023-02-09T14:34:09.541+0000][68][gc,age      ] GC(242) - age   3:       2136 bytes,    1592344 total
[2023-02-09T14:34:09.541+0000][68][gc,age      ] GC(242) - age   4:       4912 bytes,    1597256 total
[2023-02-09T14:34:09.542+0000][68][gc,age      ] GC(242) - age   5:       2144 bytes,    1599400 total
[2023-02-09T14:34:09.543+0000][68][gc,age      ] GC(242) - age   6:       3232 bytes,    1602632 total
[2023-02-09T14:34:09.544+0000][68][gc,age      ] GC(242) - age   7:      39560 bytes,    1642192 total
[2023-02-09T14:34:09.544+0000][68][gc,age      ] GC(242) - age   8:     270024 bytes,    1912216 total
[2023-02-09T14:34:09.545+0000][68][gc,age      ] GC(242) - age   9:       3144 bytes,    1915360 total
[2023-02-09T14:34:09.546+0000][68][gc,age      ] GC(242) - age  10:       2008 bytes,    1917368 total
[2023-02-09T14:34:09.546+0000][68][gc,age      ] GC(242) - age  11:        264 bytes,    1917632 total
[2023-02-09T14:34:09.547+0000][68][gc,age      ] GC(242) - age  12:       2408 bytes,    1920040 total
[2023-02-09T14:34:09.547+0000][68][gc,age      ] GC(242) - age  13:       1480 bytes,    1921520 total
[2023-02-09T14:34:09.548+0000][68][gc,age      ] GC(242) - age  14:       2392 bytes,    1923912 total
[2023-02-09T14:34:09.548+0000][68][gc,age      ] GC(242) - age  15:        720 bytes,    1924632 total
[2023-02-09T14:34:09.549+0000][68][gc,heap     ] GC(242) Eden regions: 22->0(22)
[2023-02-09T14:34:09.549+0000][68][gc,heap     ] GC(242) Survivor regions: 1->1(3)
[2023-02-09T14:34:09.550+0000][68][gc,heap     ] GC(242) Old regions: 26->26
[2023-02-09T14:34:09.550+0000][68][gc,heap     ] GC(242) Archive regions: 2->2
[2023-02-09T14:34:09.551+0000][68][gc,heap     ] GC(242) Humongous regions: 2->2
[2023-02-09T14:34:09.551+0000][68][gc,metaspace] GC(242) Metaspace: 142454K(145600K)->142454K(145600K) NonClass: 124294K(125568K)->124294K(125568K) Class: 18160K(20032K)->18160K(20032K)
[2023-02-09T14:34:09.552+0000][68][gc          ] GC(242) Pause Young (Normal) (G1 Evacuation Pause) 204M->116M(256M) 23.550ms
[2023-02-09T14:34:09.552+0000][68][gc,cpu      ] GC(242) User=0.01s Sys=0.00s Real=0.03s
[2023-02-09T14:34:09.553+0000][68][safepoint   ] Safepoint "G1CollectForAllocation", Time since last: 3580783773 ns, Reaching safepoint: 121448 ns, At safepoint: 24808046 ns, Total: 24929494 ns
[2023-02-09T14:34:10.555+0000][68][safepoint   ] Safepoint "Cleanup", Time since last: 1001378039 ns, Reaching safepoint: 1015352 ns, At safepoint: 37624 ns, Total: 1052976 ns
[2023-02-09T14:34:16.564+0000][68][safepoint   ] Safepoint "Cleanup", Time since last: 6007958576 ns, Reaching safepoint: 133193 ns, At safepoint: 5019 ns, Total: 138212 ns
[2023-02-09T14:34:27.552+0000][68][safepoint   ] Safepoint "Cleanup", Time since last: 11009292637 ns, Reaching safepoint: 141331 ns, At safepoint: 3947 ns, Total: 145278 ns
[2023-02-09T14:34:34.557+0000][68][safepoint   ] Safepoint "Cleanup", Time since last: 7004803915 ns, Reaching safepoint: 131287 ns, At safepoint: 6068 ns, Total: 137355 ns
[2023-02-09T14:34:39.207+0000][68][gc,start    ] GC(243) Pause Young (Concurrent Start) (G1 Evacuation Pause)
[2023-02-09T14:34:39.209+0000][68][gc,task     ] GC(243) Using 4 workers of 4 for evacuation
[2023-02-09T14:34:39.209+0000][68][gc,age      ] GC(243) Desired survivor size 6291456 bytes, new threshold 15 (max threshold 15)
[2023-02-09T14:34:39.214+0000][68][gc,phases   ] GC(243)   Pre Evacuate Collection Set: 0.4ms
[2023-02-09T14:34:39.215+0000][68][gc,phases   ] GC(243)   Merge Heap Roots: 0.1ms
[2023-02-09T14:34:39.216+0000][68][gc,phases   ] GC(243)   Evacuate Collection Set: 2.3ms
[2023-02-09T14:34:39.216+0000][68][gc,phases   ] GC(243)   Post Evacuate Collection Set: 0.9ms
[2023-02-09T14:34:39.217+0000][68][gc,phases   ] GC(243)   Other: 2.1ms
[2023-02-09T14:34:39.218+0000][68][gc,age      ] GC(243) Age table with threshold 15 (max threshold 15)
[2023-02-09T14:34:39.218+0000][68][gc,age      ] GC(243) - age   1:    1280448 bytes,    1280448 total
[2023-02-09T14:34:39.219+0000][68][gc,age      ] GC(243) - age   2:     124088 bytes,    1404536 total
[2023-02-09T14:34:39.220+0000][68][gc,age      ] GC(243) - age   3:       3808 bytes,    1408344 total
[2023-02-09T14:34:39.220+0000][68][gc,age      ] GC(243) - age   4:       2008 bytes,    1410352 total
[2023-02-09T14:34:39.221+0000][68][gc,age      ] GC(243) - age   5:       4672 bytes,    1415024 total
[2023-02-09T14:34:39.221+0000][68][gc,age      ] GC(243) - age   6:       2144 bytes,    1417168 total
[2023-02-09T14:34:39.222+0000][68][gc,age      ] GC(243) - age   7:       3232 bytes,    1420400 total
[2023-02-09T14:34:39.223+0000][68][gc,age      ] GC(243) - age   8:      39560 bytes,    1459960 total
[2023-02-09T14:34:39.224+0000][68][gc,age      ] GC(243) - age   9:     269840 bytes,    1729800 total
[2023-02-09T14:34:39.224+0000][68][gc,age      ] GC(243) - age  10:       3144 bytes,    1732944 total
[2023-02-09T14:34:39.224+0000][68][gc,age      ] GC(243) - age  11:       2008 bytes,    1734952 total
[2023-02-09T14:34:39.225+0000][68][gc,age      ] GC(243) - age  12:        264 bytes,    1735216 total
[2023-02-09T14:34:39.226+0000][68][gc,age      ] GC(243) - age  13:       2408 bytes,    1737624 total
[2023-02-09T14:34:39.226+0000][68][gc,age      ] GC(243) - age  14:       1184 bytes,    1738808 total
[2023-02-09T14:34:39.227+0000][68][gc,age      ] GC(243) - age  15:       2392 bytes,    1741200 total
[2023-02-09T14:34:39.227+0000][68][gc,heap     ] GC(243) Eden regions: 22->0(22)
[2023-02-09T14:34:39.228+0000][68][gc,heap     ] GC(243) Survivor regions: 1->1(3)
[2023-02-09T14:34:39.228+0000][68][gc,heap     ] GC(243) Old regions: 26->26
[2023-02-09T14:34:39.228+0000][68][gc,heap     ] GC(243) Archive regions: 2->2
[2023-02-09T14:34:39.229+0000][68][gc,heap     ] GC(243) Humongous regions: 2->2
[2023-02-09T14:34:39.229+0000][68][gc,metaspace] GC(243) Metaspace: 142456K(145600K)->142456K(145600K) NonClass: 124296K(125568K)->124296K(125568K) Class: 18160K(20032K)->18160K(20032K)
[2023-02-09T14:34:39.230+0000][68][gc          ] GC(243) Pause Young (Concurrent Start) (G1 Evacuation Pause) 204M->116M(256M) 22.836ms
[2023-02-09T14:34:39.231+0000][68][gc          ] GC(244) Concurrent Mark Cycle
[2023-02-09T14:34:39.231+0000][68][gc,marking  ] GC(244) Concurrent Clear Claimed Marks
[2023-02-09T14:34:39.231+0000][68][gc,cpu      ] GC(243) User=0.01s Sys=0.01s Real=0.03s
[2023-02-09T14:34:39.232+0000][68][gc,marking  ] GC(244) Concurrent Clear Claimed Marks 0.758ms
[2023-02-09T14:34:39.233+0000][68][gc,marking  ] GC(244) Concurrent Scan Root Regions
[2023-02-09T14:34:39.232+0000][68][safepoint   ] Safepoint "G1CollectForAllocation", Time since last: 4650350186 ns, Reaching safepoint: 109341 ns, At safepoint: 25022887 ns, Total: 25132228 ns
[2023-02-09T14:34:39.235+0000][68][gc,marking  ] GC(244) Concurrent Scan Root Regions 2.590ms
[2023-02-09T14:34:39.236+0000][68][gc,marking  ] GC(244) Concurrent Mark
[2023-02-09T14:34:39.236+0000][68][gc,marking  ] GC(244) Concurrent Mark From Roots
[2023-02-09T14:34:39.237+0000][68][gc,task     ] GC(244) Using 1 workers of 1 for marking
[2023-02-09T14:34:39.420+0000][68][gc,marking  ] GC(244) Concurrent Mark From Roots 184.365ms
[2023-02-09T14:34:39.421+0000][68][gc,marking  ] GC(244) Concurrent Preclean
[2023-02-09T14:34:39.422+0000][68][gc,marking  ] GC(244) Concurrent Preclean 0.673ms
[2023-02-09T14:34:39.422+0000][68][gc,start    ] GC(244) Pause Remark
[2023-02-09T14:34:39.434+0000][68][gc          ] GC(244) Pause Remark 120M->120M(256M) 11.285ms
[2023-02-09T14:34:39.434+0000][68][gc,cpu      ] GC(244) User=0.03s Sys=0.00s Real=0.01s
[2023-02-09T14:34:39.435+0000][68][safepoint   ] Safepoint "G1PauseRemark", Time since last: 190128502 ns, Reaching safepoint: 75554 ns, At safepoint: 12513111 ns, Total: 12588665 ns
[2023-02-09T14:34:39.436+0000][68][gc,marking  ] GC(244) Concurrent Mark 199.918ms
[2023-02-09T14:34:39.436+0000][68][gc,marking  ] GC(244) Concurrent Rebuild Remembered Sets
[2023-02-09T14:34:39.515+0000][68][gc,marking  ] GC(244) Concurrent Rebuild Remembered Sets 78.822ms
[2023-02-09T14:34:39.516+0000][68][gc,start    ] GC(244) Pause Cleanup
[2023-02-09T14:34:39.517+0000][68][gc          ] GC(244) Pause Cleanup 124M->124M(256M) 0.686ms
[2023-02-09T14:34:39.517+0000][68][gc,cpu      ] GC(244) User=0.00s Sys=0.00s Real=0.00s
[2023-02-09T14:34:39.518+0000][68][safepoint   ] Safepoint "G1PauseCleanup", Time since last: 80889965 ns, Reaching safepoint: 126915 ns, At safepoint: 1870873 ns, Total: 1997788 ns
[2023-02-09T14:34:39.518+0000][68][gc,marking  ] GC(244) Concurrent Cleanup for Next Mark
[2023-02-09T14:34:39.520+0000][68][gc,marking  ] GC(244) Concurrent Cleanup for Next Mark 1.077ms
[2023-02-09T14:34:39.520+0000][68][gc          ] GC(244) Concurrent Mark Cycle 289.778ms
[2023-02-09T14:34:46.525+0000][68][safepoint   ] Safepoint "Cleanup", Time since last: 7007166675 ns, Reaching safepoint: 239711 ns, At safepoint: 15655 ns, Total: 255366 ns
[2023-02-09T14:35:04.518+0000][68][gc,start    ] GC(245) Pause Young (Normal) (G1 Evacuation Pause)
[2023-02-09T14:35:04.519+0000][68][gc,task     ] GC(245) Using 4 workers of 4 for evacuation
[2023-02-09T14:35:04.519+0000][68][gc,age      ] GC(245) Desired survivor size 6291456 bytes, new threshold 15 (max threshold 15)
[2023-02-09T14:35:04.524+0000][68][gc,phases   ] GC(245)   Pre Evacuate Collection Set: 0.2ms
[2023-02-09T14:35:04.525+0000][68][gc,phases   ] GC(245)   Merge Heap Roots: 0.1ms
[2023-02-09T14:35:04.526+0000][68][gc,phases   ] GC(245)   Evacuate Collection Set: 2.9ms
[2023-02-09T14:35:04.527+0000][68][gc,phases   ] GC(245)   Post Evacuate Collection Set: 0.9ms
[2023-02-09T14:35:04.527+0000][68][gc,phases   ] GC(245)   Other: 1.4ms
[2023-02-09T14:35:04.528+0000][68][gc,age      ] GC(245) Age table with threshold 15 (max threshold 15)
[2023-02-09T14:35:04.529+0000][68][gc,age      ] GC(245) - age   1:    1644632 bytes,    1644632 total
[2023-02-09T14:35:04.530+0000][68][gc,age      ] GC(245) - age   2:      63912 bytes,    1708544 total
[2023-02-09T14:35:04.532+0000][68][gc,age      ] GC(245) - age   3:     123064 bytes,    1831608 total
[2023-02-09T14:35:04.534+0000][68][gc,age      ] GC(245) - age   4:       3616 bytes,    1835224 total
[2023-02-09T14:35:04.534+0000][68][gc,age      ] GC(245) - age   5:       2008 bytes,    1837232 total
[2023-02-09T14:35:04.535+0000][68][gc,age      ] GC(245) - age   6:       4312 bytes,    1841544 total
[2023-02-09T14:35:04.535+0000][68][gc,age      ] GC(245) - age   7:       2080 bytes,    1843624 total
[2023-02-09T14:35:04.536+0000][68][gc,age      ] GC(245) - age   8:       3232 bytes,    1846856 total
[2023-02-09T14:35:04.537+0000][68][gc,age      ] GC(245) - age   9:      39560 bytes,    1886416 total
[2023-02-09T14:35:04.537+0000][68][gc,age      ] GC(245) - age  10:     269840 bytes,    2156256 total
[2023-02-09T14:35:04.537+0000][68][gc,age      ] GC(245) - age  11:       3144 bytes,    2159400 total
[2023-02-09T14:35:04.538+0000][68][gc,age      ] GC(245) - age  12:       2008 bytes,    2161408 total
[2023-02-09T14:35:04.538+0000][68][gc,age      ] GC(245) - age  13:        264 bytes,    2161672 total
[2023-02-09T14:35:04.539+0000][68][gc,age      ] GC(245) - age  14:       2408 bytes,    2164080 total
[2023-02-09T14:35:04.539+0000][68][gc,age      ] GC(245) - age  15:       1184 bytes,    2165264 total
[2023-02-09T14:35:04.540+0000][68][gc,heap     ] GC(245) Eden regions: 22->0(21)
[2023-02-09T14:35:04.540+0000][68][gc,heap     ] GC(245) Survivor regions: 1->1(3)
[2023-02-09T14:35:04.541+0000][68][gc,heap     ] GC(245) Old regions: 26->26
[2023-02-09T14:35:04.542+0000][68][gc,heap     ] GC(245) Archive regions: 2->2
[2023-02-09T14:35:04.543+0000][68][gc,heap     ] GC(245) Humongous regions: 2->2
[2023-02-09T14:35:04.543+0000][68][gc,metaspace] GC(245) Metaspace: 142472K(145600K)->142472K(145600K) NonClass: 124311K(125568K)->124311K(125568K) Class: 18160K(20032K)->18160K(20032K)
[2023-02-09T14:35:04.544+0000][68][gc          ] GC(245) Pause Young (Normal) (G1 Evacuation Pause) 204M->116M(256M) 26.592ms
[2023-02-09T14:35:04.545+0000][68][gc,cpu      ] GC(245) User=0.02s Sys=0.01s Real=0.02s
[2023-02-09T14:35:04.545+0000][68][safepoint   ] Safepoint "G1CollectForAllocation", Time since last: 18014963701 ns, Reaching safepoint: 81138 ns, At safepoint: 27586950 ns, Total: 27668088 ns
[2023-02-09T14:35:05.546+0000][68][safepoint   ] Safepoint "Cleanup", Time since last: 1000756213 ns, Reaching safepoint: 155998 ns, At safepoint: 5977 ns, Total: 161975 ns
[2023-02-09T14:35:19.558+0000][68][safepoint   ] Safepoint "Cleanup", Time since last: 14011480537 ns, Reaching safepoint: 313294 ns, At safepoint: 11349 ns, Total: 324643 ns
[2023-02-09T14:35:22.546+0000][68][safepoint   ] Safepoint "Cleanup", Time since last: 3007396467 ns, Reaching safepoint: 406498 ns, At safepoint: 13341 ns, Total: 419839 ns
[2023-02-09T14:35:27.542+0000][68][gc,start    ] GC(246) Pause Young (Concurrent Start) (G1 Evacuation Pause)
[2023-02-09T14:35:27.543+0000][68][gc,task     ] GC(246) Using 4 workers of 4 for evacuation
[2023-02-09T14:35:27.543+0000][68][gc,age      ] GC(246) Desired survivor size 6291456 bytes, new threshold 15 (max threshold 15)
[2023-02-09T14:35:27.548+0000][68][gc,phases   ] GC(246)   Pre Evacuate Collection Set: 0.5ms
[2023-02-09T14:35:27.548+0000][68][gc,phases   ] GC(246)   Merge Heap Roots: 0.1ms
[2023-02-09T14:35:27.549+0000][68][gc,phases   ] GC(246)   Evacuate Collection Set: 1.9ms
[2023-02-09T14:35:27.549+0000][68][gc,phases   ] GC(246)   Post Evacuate Collection Set: 0.8ms
[2023-02-09T14:35:27.550+0000][68][gc,phases   ] GC(246)   Other: 1.8ms
[2023-02-09T14:35:27.551+0000][68][gc,age      ] GC(246) Age table with threshold 15 (max threshold 15)
[2023-02-09T14:35:27.551+0000][68][gc,age      ] GC(246) - age   1:    1842864 bytes,    1842864 total
[2023-02-09T14:35:27.552+0000][68][gc,age      ] GC(246) - age   2:       6128 bytes,    1848992 total
[2023-02-09T14:35:27.552+0000][68][gc,age      ] GC(246) - age   3:      39248 bytes,    1888240 total
[2023-02-09T14:35:27.553+0000][68][gc,age      ] GC(246) - age   4:     122720 bytes,    2010960 total
[2023-02-09T14:35:27.554+0000][68][gc,age      ] GC(246) - age   5:       3488 bytes,    2014448 total
[2023-02-09T14:35:27.555+0000][68][gc,age      ] GC(246) - age   6:       2008 bytes,    2016456 total
[2023-02-09T14:35:27.556+0000][68][gc,age      ] GC(246) - age   7:       4312 bytes,    2020768 total
[2023-02-09T14:35:27.556+0000][68][gc,age      ] GC(246) - age   8:       2080 bytes,    2022848 total
[2023-02-09T14:35:27.557+0000][68][gc,age      ] GC(246) - age   9:       3232 bytes,    2026080 total
[2023-02-09T14:35:27.557+0000][68][gc,age      ] GC(246) - age  10:      39560 bytes,    2065640 total
[2023-02-09T14:35:27.558+0000][68][gc,age      ] GC(246) - age  11:     269840 bytes,    2335480 total
[2023-02-09T14:35:27.558+0000][68][gc,age      ] GC(246) - age  12:       3144 bytes,    2338624 total
[2023-02-09T14:35:27.559+0000][68][gc,age      ] GC(246) - age  13:       2008 bytes,    2340632 total
[2023-02-09T14:35:27.559+0000][68][gc,age      ] GC(246) - age  14:        264 bytes,    2340896 total
[2023-02-09T14:35:27.560+0000][68][gc,age      ] GC(246) - age  15:       2408 bytes,    2343304 total
[2023-02-09T14:35:27.561+0000][68][gc,heap     ] GC(246) Eden regions: 21->0(21)
[2023-02-09T14:35:27.561+0000][68][gc,heap     ] GC(246) Survivor regions: 1->1(3)
[2023-02-09T14:35:27.562+0000][68][gc,heap     ] GC(246) Old regions: 26->26
[2023-02-09T14:35:27.562+0000][68][gc,heap     ] GC(246) Archive regions: 2->2
[2023-02-09T14:35:27.563+0000][68][gc,heap     ] GC(246) Humongous regions: 2->2
[2023-02-09T14:35:27.563+0000][68][gc,metaspace] GC(246) Metaspace: 142477K(145600K)->142477K(145600K) NonClass: 124316K(125568K)->124316K(125568K) Class: 18160K(20032K)->18160K(20032K)
[2023-02-09T14:35:27.564+0000][68][gc          ] GC(246) Pause Young (Concurrent Start) (G1 Evacuation Pause) 200M->116M(256M) 22.165ms
[2023-02-09T14:35:27.564+0000][68][gc,cpu      ] GC(246) User=0.03s Sys=0.00s Real=0.02s
[2023-02-09T14:35:27.564+0000][68][gc          ] GC(247) Concurrent Mark Cycle
[2023-02-09T14:35:27.565+0000][68][gc,marking  ] GC(247) Concurrent Clear Claimed Marks
[2023-02-09T14:35:27.565+0000][68][safepoint   ] Safepoint "G1CollectForAllocation", Time since last: 4995719703 ns, Reaching safepoint: 98672 ns, At safepoint: 23277394 ns, Total: 23376066 ns
[2023-02-09T14:35:27.567+0000][68][gc,marking  ] GC(247) Concurrent Clear Claimed Marks 1.089ms
[2023-02-09T14:35:27.568+0000][68][gc,marking  ] GC(247) Concurrent Scan Root Regions
[2023-02-09T14:35:27.572+0000][68][gc,marking  ] GC(247) Concurrent Scan Root Regions 3.645ms
[2023-02-09T14:35:27.572+0000][68][gc,marking  ] GC(247) Concurrent Mark
[2023-02-09T14:35:27.573+0000][68][gc,marking  ] GC(247) Concurrent Mark From Roots
[2023-02-09T14:35:27.576+0000][68][gc,task     ] GC(247) Using 1 workers of 1 for marking
[2023-02-09T14:35:27.757+0000][68][gc,marking  ] GC(247) Concurrent Mark From Roots 183.693ms
[2023-02-09T14:35:27.758+0000][68][gc,marking  ] GC(247) Concurrent Preclean
[2023-02-09T14:35:27.759+0000][68][gc,marking  ] GC(247) Concurrent Preclean 0.908ms
[2023-02-09T14:35:27.759+0000][68][gc,start    ] GC(247) Pause Remark
[2023-02-09T14:35:27.770+0000][68][gc          ] GC(247) Pause Remark 119M->119M(256M) 10.252ms
[2023-02-09T14:35:27.770+0000][68][gc,cpu      ] GC(247) User=0.04s Sys=0.00s Real=0.01s
[2023-02-09T14:35:27.771+0000][68][safepoint   ] Safepoint "G1PauseRemark", Time since last: 194341434 ns, Reaching safepoint: 258693 ns, At safepoint: 11808950 ns, Total: 12067643 ns
[2023-02-09T14:35:27.772+0000][68][gc,marking  ] GC(247) Concurrent Mark 199.580ms
[2023-02-09T14:35:27.773+0000][68][gc,marking  ] GC(247) Concurrent Rebuild Remembered Sets
[2023-02-09T14:35:27.870+0000][68][gc,marking  ] GC(247) Concurrent Rebuild Remembered Sets 96.850ms
[2023-02-09T14:35:27.871+0000][68][gc,start    ] GC(247) Pause Cleanup
[2023-02-09T14:35:27.871+0000][68][gc          ] GC(247) Pause Cleanup 120M->120M(256M) 0.563ms
[2023-02-09T14:35:27.872+0000][68][gc,cpu      ] GC(247) User=0.00s Sys=0.00s Real=0.00s
[2023-02-09T14:35:27.872+0000][68][safepoint   ] Safepoint "G1PauseCleanup", Time since last: 99389407 ns, Reaching safepoint: 94713 ns, At safepoint: 1699314 ns, Total: 1794027 ns
[2023-02-09T14:35:27.873+0000][68][gc,marking  ] GC(247) Concurrent Cleanup for Next Mark
[2023-02-09T14:35:27.874+0000][68][gc,marking  ] GC(247) Concurrent Cleanup for Next Mark 1.321ms
[2023-02-09T14:35:27.875+0000][68][gc          ] GC(247) Concurrent Mark Cycle 311.369ms
[2023-02-09T14:35:30.876+0000][68][safepoint   ] Safepoint "Cleanup", Time since last: 3003344691 ns, Reaching safepoint: 253883 ns, At safepoint: 23613 ns, Total: 277496 ns
[2023-02-09T14:35:32.881+0000][68][safepoint   ] Safepoint "Cleanup", Time since last: 2005012333 ns, Reaching safepoint: 460985 ns, At safepoint: 17639 ns, Total: 478624 ns
[2023-02-09T14:35:39.892+0000][68][safepoint   ] Safepoint "Cleanup", Time since last: 7010723507 ns, Reaching safepoint: 88281 ns, At safepoint: 4162 ns, Total: 92443 ns
[2023-02-09T14:35:41.896+0000][68][safepoint   ] Safepoint "Cleanup", Time since last: 2003747178 ns, Reaching safepoint: 325588 ns, At safepoint: 13115 ns, Total: 338703 ns
[2023-02-09T14:35:45.212+0000][68][gc,start    ] GC(248) Pause Young (Normal) (G1 Evacuation Pause)
[2023-02-09T14:35:45.212+0000][68][gc,task     ] GC(248) Using 4 workers of 4 for evacuation
[2023-02-09T14:35:45.213+0000][68][gc,age      ] GC(248) Desired survivor size 6291456 bytes, new threshold 15 (max threshold 15)
[2023-02-09T14:35:45.216+0000][68][gc,phases   ] GC(248)   Pre Evacuate Collection Set: 0.1ms
[2023-02-09T14:35:45.216+0000][68][gc,phases   ] GC(248)   Merge Heap Roots: 0.1ms
[2023-02-09T14:35:45.217+0000][68][gc,phases   ] GC(248)   Evacuate Collection Set: 1.5ms
[2023-02-09T14:35:45.217+0000][68][gc,phases   ] GC(248)   Post Evacuate Collection Set: 0.7ms
[2023-02-09T14:35:45.218+0000][68][gc,phases   ] GC(248)   Other: 1.1ms
[2023-02-09T14:35:45.218+0000][68][gc,age      ] GC(248) Age table with threshold 15 (max threshold 15)
[2023-02-09T14:35:45.219+0000][68][gc,age      ] GC(248) - age   1:    1508712 bytes,    1508712 total
[2023-02-09T14:35:45.219+0000][68][gc,age      ] GC(248) - age   2:       3960 bytes,    1512672 total
[2023-02-09T14:35:45.220+0000][68][gc,age      ] GC(248) - age   3:       1504 bytes,    1514176 total
[2023-02-09T14:35:45.220+0000][68][gc,age      ] GC(248) - age   4:       2744 bytes,    1516920 total
[2023-02-09T14:35:45.220+0000][68][gc,age      ] GC(248) - age   5:        800 bytes,    1517720 total
[2023-02-09T14:35:45.221+0000][68][gc,age      ] GC(248) - age   6:       3488 bytes,    1521208 total
[2023-02-09T14:35:45.222+0000][68][gc,age      ] GC(248) - age   7:       2008 bytes,    1523216 total
[2023-02-09T14:35:45.222+0000][68][gc,age      ] GC(248) - age   8:       2632 bytes,    1525848 total
[2023-02-09T14:35:45.223+0000][68][gc,age      ] GC(248) - age   9:       2080 bytes,    1527928 total
[2023-02-09T14:35:45.223+0000][68][gc,age      ] GC(248) - age  10:        720 bytes,    1528648 total
[2023-02-09T14:35:45.224+0000][68][gc,age      ] GC(248) - age  11:       4248 bytes,    1532896 total
[2023-02-09T14:35:45.225+0000][68][gc,age      ] GC(248) - age  12:     186968 bytes,    1719864 total
[2023-02-09T14:35:45.226+0000][68][gc,age      ] GC(248) - age  13:       3144 bytes,    1723008 total
[2023-02-09T14:35:45.226+0000][68][gc,age      ] GC(248) - age  14:       2008 bytes,    1725016 total
[2023-02-09T14:35:45.227+0000][68][gc,age      ] GC(248) - age  15:        264 bytes,    1725280 total
[2023-02-09T14:35:45.227+0000][68][gc,heap     ] GC(248) Eden regions: 21->0(21)
[2023-02-09T14:35:45.228+0000][68][gc,heap     ] GC(248) Survivor regions: 1->1(3)
[2023-02-09T14:35:45.228+0000][68][gc,heap     ] GC(248) Old regions: 26->26
[2023-02-09T14:35:45.229+0000][68][gc,heap     ] GC(248) Archive regions: 2->2
[2023-02-09T14:35:45.229+0000][68][gc,heap     ] GC(248) Humongous regions: 2->2
[2023-02-09T14:35:45.230+0000][68][gc,metaspace] GC(248) Metaspace: 142477K(145600K)->142477K(145600K) NonClass: 124316K(125568K)->124316K(125568K) Class: 18160K(20032K)->18160K(20032K)
[2023-02-09T14:35:45.230+0000][68][gc          ] GC(248) Pause Young (Normal) (G1 Evacuation Pause) 200M->116M(256M) 18.284ms
[2023-02-09T14:35:45.231+0000][68][gc,cpu      ] GC(248) User=0.01s Sys=0.01s Real=0.02s
[2023-02-09T14:35:45.231+0000][68][safepoint   ] Safepoint "G1CollectForAllocation", Time since last: 3315468551 ns, Reaching safepoint: 75364 ns, At safepoint: 19425111 ns, Total: 19500475 ns
[2023-02-09T14:35:50.214+0000][68][safepoint   ] Safepoint "Cleanup", Time since last: 5004750474 ns, Reaching safepoint: 78070 ns, At safepoint: 2879 ns, Total: 80949 ns
[2023-02-09T14:35:58.220+0000][68][safepoint   ] Safepoint "Cleanup", Time since last: 8005393681 ns, Reaching safepoint: 529233 ns, At safepoint: 14661 ns, Total: 543894 ns
[2023-02-09T14:36:00.225+0000][68][safepoint   ] Safepoint "Cleanup", Time since last: 2004100620 ns, Reaching safepoint: 653900 ns, At safepoint: 25112 ns, Total: 679012 ns
[2023-02-09T14:36:04.229+0000][68][safepoint   ] Safepoint "Cleanup", Time since last: 4003810500 ns, Reaching safepoint: 152155 ns, At safepoint: 35343 ns, Total: 187498 ns
[2023-02-09T14:36:06.231+0000][68][safepoint   ] Safepoint "Cleanup", Time since last: 2001371079 ns, Reaching safepoint: 425509 ns, At safepoint: 15599 ns, Total: 441108 ns
[2023-02-09T14:36:09.176+0000][68][gc,start    ] GC(249) Pause Young (Concurrent Start) (G1 Evacuation Pause)
[2023-02-09T14:36:09.177+0000][68][gc,task     ] GC(249) Using 4 workers of 4 for evacuation
[2023-02-09T14:36:09.178+0000][68][gc,age      ] GC(249) Desired survivor size 6291456 bytes, new threshold 15 (max threshold 15)
[2023-02-09T14:36:09.183+0000][68][gc,phases   ] GC(249)   Pre Evacuate Collection Set: 0.4ms
[2023-02-09T14:36:09.184+0000][68][gc,phases   ] GC(249)   Merge Heap Roots: 0.1ms
[2023-02-09T14:36:09.185+0000][68][gc,phases   ] GC(249)   Evacuate Collection Set: 1.8ms
[2023-02-09T14:36:09.186+0000][68][gc,phases   ] GC(249)   Post Evacuate Collection Set: 1.2ms
[2023-02-09T14:36:09.186+0000][68][gc,phases   ] GC(249)   Other: 2.3ms
[2023-02-09T14:36:09.187+0000][68][gc,age      ] GC(249) Age table with threshold 15 (max threshold 15)
[2023-02-09T14:36:09.187+0000][68][gc,age      ] GC(249) - age   1:     645392 bytes,     645392 total
[2023-02-09T14:36:09.187+0000][68][gc,age      ] GC(249) - age   2:     172200 bytes,     817592 total
[2023-02-09T14:36:09.188+0000][68][gc,age      ] GC(249) - age   3:       1040 bytes,     818632 total
[2023-02-09T14:36:09.188+0000][68][gc,age      ] GC(249) - age   4:       1248 bytes,     819880 total
[2023-02-09T14:36:09.189+0000][68][gc,age      ] GC(249) - age   5:       2616 bytes,     822496 total
[2023-02-09T14:36:09.189+0000][68][gc,age      ] GC(249) - age   6:        608 bytes,     823104 total
[2023-02-09T14:36:09.190+0000][68][gc,age      ] GC(249) - age   7:       3488 bytes,     826592 total
[2023-02-09T14:36:09.191+0000][68][gc,age      ] GC(249) - age   8:       2008 bytes,     828600 total
[2023-02-09T14:36:09.191+0000][68][gc,age      ] GC(249) - age   9:       2632 bytes,     831232 total
[2023-02-09T14:36:09.191+0000][68][gc,age      ] GC(249) - age  10:       1800 bytes,     833032 total
[2023-02-09T14:36:09.192+0000][68][gc,age      ] GC(249) - age  11:        720 bytes,     833752 total
[2023-02-09T14:36:09.192+0000][68][gc,age      ] GC(249) - age  12:       4248 bytes,     838000 total
[2023-02-09T14:36:09.193+0000][68][gc,age      ] GC(249) - age  13:      31216 bytes,     869216 total
[2023-02-09T14:36:09.193+0000][68][gc,age      ] GC(249) - age  14:       3144 bytes,     872360 total
[2023-02-09T14:36:09.194+0000][68][gc,age      ] GC(249) - age  15:       2008 bytes,     874368 total
[2023-02-09T14:36:09.194+0000][68][gc,heap     ] GC(249) Eden regions: 21->0(21)
[2023-02-09T14:36:09.195+0000][68][gc,heap     ] GC(249) Survivor regions: 1->1(3)
[2023-02-09T14:36:09.195+0000][68][gc,heap     ] GC(249) Old regions: 26->26
[2023-02-09T14:36:09.196+0000][68][gc,heap     ] GC(249) Archive regions: 2->2
[2023-02-09T14:36:09.196+0000][68][gc,heap     ] GC(249) Humongous regions: 2->2
[2023-02-09T14:36:09.196+0000][68][gc,metaspace] GC(249) Metaspace: 142486K(145600K)->142486K(145600K) NonClass: 124325K(125568K)->124325K(125568K) Class: 18160K(20032K)->18160K(20032K)
[2023-02-09T14:36:09.197+0000][68][gc          ] GC(249) Pause Young (Concurrent Start) (G1 Evacuation Pause) 200M->115M(256M) 20.633ms
[2023-02-09T14:36:09.197+0000][68][gc,cpu      ] GC(249) User=0.01s Sys=0.00s Real=0.02s
[2023-02-09T14:36:09.197+0000][68][gc          ] GC(250) Concurrent Mark Cycle
[2023-02-09T14:36:09.198+0000][68][gc,marking  ] GC(250) Concurrent Clear Claimed Marks
[2023-02-09T14:36:09.198+0000][68][safepoint   ] Safepoint "G1CollectForAllocation", Time since last: 2944969579 ns, Reaching safepoint: 218337 ns, At safepoint: 21676805 ns, Total: 21895142 ns
[2023-02-09T14:36:09.199+0000][68][gc,marking  ] GC(250) Concurrent Clear Claimed Marks 0.543ms
[2023-02-09T14:36:09.200+0000][68][gc,marking  ] GC(250) Concurrent Scan Root Regions
[2023-02-09T14:36:09.202+0000][68][gc,marking  ] GC(250) Concurrent Scan Root Regions 2.259ms
[2023-02-09T14:36:09.203+0000][68][gc,marking  ] GC(250) Concurrent Mark
[2023-02-09T14:36:09.203+0000][68][gc,marking  ] GC(250) Concurrent Mark From Roots
[2023-02-09T14:36:09.203+0000][68][gc,task     ] GC(250) Using 1 workers of 1 for marking
[2023-02-09T14:36:09.409+0000][68][gc,marking  ] GC(250) Concurrent Mark From Roots 206.025ms
[2023-02-09T14:36:09.410+0000][68][gc,marking  ] GC(250) Concurrent Preclean
[2023-02-09T14:36:09.411+0000][68][gc,marking  ] GC(250) Concurrent Preclean 0.848ms
[2023-02-09T14:36:09.412+0000][68][gc,start    ] GC(250) Pause Remark
[2023-02-09T14:36:09.424+0000][68][gc          ] GC(250) Pause Remark 119M->119M(256M) 12.799ms
[2023-02-09T14:36:09.425+0000][68][gc,cpu      ] GC(250) User=0.03s Sys=0.00s Real=0.02s
[2023-02-09T14:36:09.426+0000][68][safepoint   ] Safepoint "G1PauseRemark", Time since last: 213591152 ns, Reaching safepoint: 98273 ns, At safepoint: 14279430 ns, Total: 14377703 ns
[2023-02-09T14:36:09.427+0000][68][gc,marking  ] GC(250) Concurrent Mark 224.148ms
[2023-02-09T14:36:09.428+0000][68][gc,marking  ] GC(250) Concurrent Rebuild Remembered Sets
[2023-02-09T14:36:09.486+0000][68][gc,marking  ] GC(250) Concurrent Rebuild Remembered Sets 58.356ms
[2023-02-09T14:36:09.487+0000][68][gc,start    ] GC(250) Pause Cleanup
[2023-02-09T14:36:09.488+0000][68][gc          ] GC(250) Pause Cleanup 121M->121M(256M) 0.679ms
[2023-02-09T14:36:09.488+0000][68][gc,cpu      ] GC(250) User=0.00s Sys=0.00s Real=0.00s
[2023-02-09T14:36:09.489+0000][68][safepoint   ] Safepoint "G1PauseCleanup", Time since last: 61169836 ns, Reaching safepoint: 69443 ns, At safepoint: 1728079 ns, Total: 1797522 ns
[2023-02-09T14:36:09.489+0000][68][gc,marking  ] GC(250) Concurrent Cleanup for Next Mark
[2023-02-09T14:36:09.491+0000][68][gc,marking  ] GC(250) Concurrent Cleanup for Next Mark 1.247ms
[2023-02-09T14:36:09.491+0000][68][gc          ] GC(250) Concurrent Mark Cycle 293.722ms
[2023-02-09T14:36:12.494+0000][68][safepoint   ] Safepoint "Cleanup", Time since last: 3004615697 ns, Reaching safepoint: 589021 ns, At safepoint: 21479 ns, Total: 610500 ns
[2023-02-09T14:36:39.151+0000][68][gc,start    ] GC(251) Pause Young (Normal) (G1 Evacuation Pause)
[2023-02-09T14:36:39.153+0000][68][gc,task     ] GC(251) Using 4 workers of 4 for evacuation
[2023-02-09T14:36:39.154+0000][68][gc,age      ] GC(251) Desired survivor size 6291456 bytes, new threshold 15 (max threshold 15)
[2023-02-09T14:36:39.159+0000][68][gc,phases   ] GC(251)   Pre Evacuate Collection Set: 0.5ms
[2023-02-09T14:36:39.161+0000][68][gc,phases   ] GC(251)   Merge Heap Roots: 0.4ms
[2023-02-09T14:36:39.162+0000][68][gc,phases   ] GC(251)   Evacuate Collection Set: 2.4ms
[2023-02-09T14:36:39.163+0000][68][gc,phases   ] GC(251)   Post Evacuate Collection Set: 0.9ms
[2023-02-09T14:36:39.165+0000][68][gc,phases   ] GC(251)   Other: 2.3ms
[2023-02-09T14:36:39.166+0000][68][gc,age      ] GC(251) Age table with threshold 15 (max threshold 15)
[2023-02-09T14:36:39.167+0000][68][gc,age      ] GC(251) - age   1:     622520 bytes,     622520 total
[2023-02-09T14:36:39.167+0000][68][gc,age      ] GC(251) - age   2:     194120 bytes,     816640 total
[2023-02-09T14:36:39.168+0000][68][gc,age      ] GC(251) - age   3:     169848 bytes,     986488 total
[2023-02-09T14:36:39.169+0000][68][gc,age      ] GC(251) - age   4:        296 bytes,     986784 total
[2023-02-09T14:36:39.170+0000][68][gc,age      ] GC(251) - age   5:       1184 bytes,     987968 total
[2023-02-09T14:36:39.170+0000][68][gc,age      ] GC(251) - age   6:       2376 bytes,     990344 total
[2023-02-09T14:36:39.171+0000][68][gc,age      ] GC(251) - age   7:        544 bytes,     990888 total
[2023-02-09T14:36:39.172+0000][68][gc,age      ] GC(251) - age   8:       3488 bytes,     994376 total
[2023-02-09T14:36:39.172+0000][68][gc,age      ] GC(251) - age   9:       2008 bytes,     996384 total
[2023-02-09T14:36:39.173+0000][68][gc,age      ] GC(251) - age  10:       2632 bytes,     999016 total
[2023-02-09T14:36:39.174+0000][68][gc,age      ] GC(251) - age  11:       1800 bytes,    1000816 total
[2023-02-09T14:36:39.175+0000][68][gc,age      ] GC(251) - age  12:        720 bytes,    1001536 total
[2023-02-09T14:36:39.175+0000][68][gc,age      ] GC(251) - age  13:       4120 bytes,    1005656 total
[2023-02-09T14:36:39.176+0000][68][gc,age      ] GC(251) - age  14:      31216 bytes,    1036872 total
[2023-02-09T14:36:39.177+0000][68][gc,age      ] GC(251) - age  15:       3144 bytes,    1040016 total
[2023-02-09T14:36:39.178+0000][68][gc,heap     ] GC(251) Eden regions: 21->0(22)
[2023-02-09T14:36:39.179+0000][68][gc,heap     ] GC(251) Survivor regions: 1->1(3)
[2023-02-09T14:36:39.179+0000][68][gc,heap     ] GC(251) Old regions: 26->26
[2023-02-09T14:36:39.180+0000][68][gc,heap     ] GC(251) Archive regions: 2->2
[2023-02-09T14:36:39.181+0000][68][gc,heap     ] GC(251) Humongous regions: 2->2
[2023-02-09T14:36:39.181+0000][68][gc,metaspace] GC(251) Metaspace: 142494K(145600K)->142494K(145600K) NonClass: 124333K(125568K)->124333K(125568K) Class: 18160K(20032K)->18160K(20032K)
[2023-02-09T14:36:39.182+0000][68][gc          ] GC(251) Pause Young (Normal) (G1 Evacuation Pause) 199M->115M(256M) 30.755ms
[2023-02-09T14:36:39.183+0000][68][gc,cpu      ] GC(251) User=0.01s Sys=0.00s Real=0.03s
[2023-02-09T14:36:39.183+0000][68][safepoint   ] Safepoint "G1CollectForAllocation", Time since last: 26678370538 ns, Reaching safepoint: 396514 ns, At safepoint: 31903092 ns, Total: 32299606 ns
[2023-02-09T14:36:57.176+0000][68][safepoint   ] Safepoint "Cleanup", Time since last: 18014473671 ns, Reaching safepoint: 292891 ns, At safepoint: 19953 ns, Total: 312844 ns
[2023-02-09T14:36:58.177+0000][68][safepoint   ] Safepoint "Cleanup", Time since last: 1001303219 ns, Reaching safepoint: 183945 ns, At safepoint: 9027 ns, Total: 192972 ns
[2023-02-09T14:37:04.481+0000][68][gc,start    ] GC(252) Pause Young (Concurrent Start) (G1 Evacuation Pause)
[2023-02-09T14:37:04.481+0000][68][gc,task     ] GC(252) Using 4 workers of 4 for evacuation
[2023-02-09T14:37:04.482+0000][68][gc,age      ] GC(252) Desired survivor size 6291456 bytes, new threshold 15 (max threshold 15)
[2023-02-09T14:37:04.485+0000][68][gc,phases   ] GC(252)   Pre Evacuate Collection Set: 0.3ms
[2023-02-09T14:37:04.486+0000][68][gc,phases   ] GC(252)   Merge Heap Roots: 0.1ms
[2023-02-09T14:37:04.487+0000][68][gc,phases   ] GC(252)   Evacuate Collection Set: 1.3ms
[2023-02-09T14:37:04.487+0000][68][gc,phases   ] GC(252)   Post Evacuate Collection Set: 0.7ms
[2023-02-09T14:37:04.488+0000][68][gc,phases   ] GC(252)   Other: 1.5ms
[2023-02-09T14:37:04.489+0000][68][gc,age      ] GC(252) Age table with threshold 15 (max threshold 15)
[2023-02-09T14:37:04.489+0000][68][gc,age      ] GC(252) - age   1:     720624 bytes,     720624 total
[2023-02-09T14:37:04.490+0000][68][gc,age      ] GC(252) - age   2:     176320 bytes,     896944 total
[2023-02-09T14:37:04.490+0000][68][gc,age      ] GC(252) - age   3:     193408 bytes,    1090352 total
[2023-02-09T14:37:04.491+0000][68][gc,age      ] GC(252) - age   4:      16160 bytes,    1106512 total
[2023-02-09T14:37:04.491+0000][68][gc,age      ] GC(252) - age   5:        232 bytes,    1106744 total
[2023-02-09T14:37:04.492+0000][68][gc,age      ] GC(252) - age   6:       1184 bytes,    1107928 total
[2023-02-09T14:37:04.492+0000][68][gc,age      ] GC(252) - age   7:       2376 bytes,    1110304 total
[2023-02-09T14:37:04.492+0000][68][gc,age      ] GC(252) - age   8:        544 bytes,    1110848 total
[2023-02-09T14:37:04.493+0000][68][gc,age      ] GC(252) - age   9:       3488 bytes,    1114336 total
[2023-02-09T14:37:04.493+0000][68][gc,age      ] GC(252) - age  10:       2008 bytes,    1116344 total
[2023-02-09T14:37:04.494+0000][68][gc,age      ] GC(252) - age  11:       2632 bytes,    1118976 total
[2023-02-09T14:37:04.494+0000][68][gc,age      ] GC(252) - age  12:       1800 bytes,    1120776 total
[2023-02-09T14:37:04.495+0000][68][gc,age      ] GC(252) - age  13:        720 bytes,    1121496 total
[2023-02-09T14:37:04.495+0000][68][gc,age      ] GC(252) - age  14:       4120 bytes,    1125616 total
[2023-02-09T14:37:04.496+0000][68][gc,age      ] GC(252) - age  15:      31216 bytes,    1156832 total
[2023-02-09T14:37:04.496+0000][68][gc,heap     ] GC(252) Eden regions: 22->0(22)
[2023-02-09T14:37:04.497+0000][68][gc,heap     ] GC(252) Survivor regions: 1->1(3)
[2023-02-09T14:37:04.497+0000][68][gc,heap     ] GC(252) Old regions: 26->26
[2023-02-09T14:37:04.498+0000][68][gc,heap     ] GC(252) Archive regions: 2->2
[2023-02-09T14:37:04.498+0000][68][gc,heap     ] GC(252) Humongous regions: 2->2
[2023-02-09T14:37:04.499+0000][68][gc,metaspace] GC(252) Metaspace: 142506K(145600K)->142506K(145600K) NonClass: 124346K(125568K)->124346K(125568K) Class: 18160K(20032K)->18160K(20032K)
[2023-02-09T14:37:04.500+0000][68][gc          ] GC(252) Pause Young (Concurrent Start) (G1 Evacuation Pause) 203M->115M(256M) 18.919ms
[2023-02-09T14:37:04.500+0000][68][gc          ] GC(253) Concurrent Mark Cycle
[2023-02-09T14:37:04.501+0000][68][gc,marking  ] GC(253) Concurrent Clear Claimed Marks
[2023-02-09T14:37:04.501+0000][68][gc,marking  ] GC(253) Concurrent Clear Claimed Marks 0.588ms
[2023-02-09T14:37:04.502+0000][68][gc,marking  ] GC(253) Concurrent Scan Root Regions
[2023-02-09T14:37:04.500+0000][68][gc,cpu      ] GC(252) User=0.01s Sys=0.00s Real=0.02s
[2023-02-09T14:37:04.504+0000][68][safepoint   ] Safepoint "G1CollectForAllocation", Time since last: 6303059314 ns, Reaching safepoint: 154032 ns, At safepoint: 23673631 ns, Total: 23827663 ns
[2023-02-09T14:37:04.504+0000][68][gc,marking  ] GC(253) Concurrent Scan Root Regions 2.335ms
[2023-02-09T14:37:04.506+0000][68][gc,marking  ] GC(253) Concurrent Mark
[2023-02-09T14:37:04.506+0000][68][gc,marking  ] GC(253) Concurrent Mark From Roots
[2023-02-09T14:37:04.507+0000][68][gc,task     ] GC(253) Using 1 workers of 1 for marking
[2023-02-09T14:37:04.641+0000][68][gc,marking  ] GC(253) Concurrent Mark From Roots 134.688ms
[2023-02-09T14:37:04.642+0000][68][gc,marking  ] GC(253) Concurrent Preclean
[2023-02-09T14:37:04.643+0000][68][gc,marking  ] GC(253) Concurrent Preclean 0.725ms
[2023-02-09T14:37:04.643+0000][68][gc,start    ] GC(253) Pause Remark
[2023-02-09T14:37:04.652+0000][68][gc          ] GC(253) Pause Remark 116M->116M(256M) 8.645ms
[2023-02-09T14:37:04.653+0000][68][gc,cpu      ] GC(253) User=0.03s Sys=0.01s Real=0.01s
[2023-02-09T14:37:04.653+0000][68][safepoint   ] Safepoint "G1PauseRemark", Time since last: 138899160 ns, Reaching safepoint: 153493 ns, At safepoint: 10030371 ns, Total: 10183864 ns
[2023-02-09T14:37:04.654+0000][68][gc,marking  ] GC(253) Concurrent Mark 148.379ms
[2023-02-09T14:37:04.655+0000][68][gc,marking  ] GC(253) Concurrent Rebuild Remembered Sets
[2023-02-09T14:37:04.704+0000][68][gc,marking  ] GC(253) Concurrent Rebuild Remembered Sets 49.568ms
[2023-02-09T14:37:04.705+0000][68][gc,start    ] GC(253) Pause Cleanup
[2023-02-09T14:37:04.706+0000][68][gc          ] GC(253) Pause Cleanup 117M->117M(256M) 0.654ms
[2023-02-09T14:37:04.706+0000][68][gc,cpu      ] GC(253) User=0.00s Sys=0.00s Real=0.00s
[2023-02-09T14:37:04.707+0000][68][safepoint   ] Safepoint "G1PauseCleanup", Time since last: 51581415 ns, Reaching safepoint: 82922 ns, At safepoint: 1597334 ns, Total: 1680256 ns
[2023-02-09T14:37:04.707+0000][68][gc,marking  ] GC(253) Concurrent Cleanup for Next Mark
[2023-02-09T14:37:04.708+0000][68][gc,marking  ] GC(253) Concurrent Cleanup for Next Mark 0.600ms
[2023-02-09T14:37:04.708+0000][68][gc          ] GC(253) Concurrent Mark Cycle 208.175ms
[2023-02-09T14:37:05.709+0000][68][safepoint   ] Safepoint "Cleanup", Time since last: 1001032570 ns, Reaching safepoint: 701067 ns, At safepoint: 139087 ns, Total: 840154 ns
[2023-02-09T14:37:09.717+0000][68][safepoint   ] Safepoint "Cleanup", Time since last: 4008059797 ns, Reaching safepoint: 374303 ns, At safepoint: 7801 ns, Total: 382104 ns
[2023-02-09T14:37:17.729+0000][68][safepoint   ] Safepoint "Cleanup", Time since last: 8011433314 ns, Reaching safepoint: 451464 ns, At safepoint: 19150 ns, Total: 470614 ns
[2023-02-09T14:37:35.246+0000][68][gc,start    ] GC(254) Pause Young (Normal) (G1 Evacuation Pause)
[2023-02-09T14:37:35.248+0000][68][gc,task     ] GC(254) Using 4 workers of 4 for evacuation
[2023-02-09T14:37:35.250+0000][68][gc,age      ] GC(254) Desired survivor size 6291456 bytes, new threshold 15 (max threshold 15)
[2023-02-09T14:37:35.258+0000][68][gc,phases   ] GC(254)   Pre Evacuate Collection Set: 0.4ms
[2023-02-09T14:37:35.259+0000][68][gc,phases   ] GC(254)   Merge Heap Roots: 0.4ms
[2023-02-09T14:37:35.261+0000][68][gc,phases   ] GC(254)   Evacuate Collection Set: 3.1ms
[2023-02-09T14:37:35.262+0000][68][gc,phases   ] GC(254)   Post Evacuate Collection Set: 2.0ms
[2023-02-09T14:37:35.263+0000][68][gc,phases   ] GC(254)   Other: 3.8ms
[2023-02-09T14:37:35.264+0000][68][gc,age      ] GC(254) Age table with threshold 15 (max threshold 15)
[2023-02-09T14:37:35.265+0000][68][gc,age      ] GC(254) - age   1:     739992 bytes,     739992 total
[2023-02-09T14:37:35.265+0000][68][gc,age      ] GC(254) - age   2:     129296 bytes,     869288 total
[2023-02-09T14:37:35.267+0000][68][gc,age      ] GC(254) - age   3:      19336 bytes,     888624 total
[2023-02-09T14:37:35.267+0000][68][gc,age      ] GC(254) - age   4:     188640 bytes,    1077264 total
[2023-02-09T14:37:35.268+0000][68][gc,age      ] GC(254) - age   5:      15856 bytes,    1093120 total
[2023-02-09T14:37:35.269+0000][68][gc,age      ] GC(254) - age   6:        232 bytes,    1093352 total
[2023-02-09T14:37:35.270+0000][68][gc,age      ] GC(254) - age   7:       1184 bytes,    1094536 total
[2023-02-09T14:37:35.271+0000][68][gc,age      ] GC(254) - age   8:       2376 bytes,    1096912 total
[2023-02-09T14:37:35.271+0000][68][gc,age      ] GC(254) - age   9:        544 bytes,    1097456 total
[2023-02-09T14:37:35.272+0000][68][gc,age      ] GC(254) - age  10:       3488 bytes,    1100944 total
[2023-02-09T14:37:35.273+0000][68][gc,age      ] GC(254) - age  11:       2008 bytes,    1102952 total
[2023-02-09T14:37:35.274+0000][68][gc,age      ] GC(254) - age  12:       2632 bytes,    1105584 total
[2023-02-09T14:37:35.275+0000][68][gc,age      ] GC(254) - age  13:       1800 bytes,    1107384 total
[2023-02-09T14:37:35.275+0000][68][gc,age      ] GC(254) - age  14:        720 bytes,    1108104 total
[2023-02-09T14:37:35.276+0000][68][gc,age      ] GC(254) - age  15:       4120 bytes,    1112224 total
[2023-02-09T14:37:35.277+0000][68][gc,heap     ] GC(254) Eden regions: 22->0(22)
[2023-02-09T14:37:35.277+0000][68][gc,heap     ] GC(254) Survivor regions: 1->1(3)
[2023-02-09T14:37:35.278+0000][68][gc,heap     ] GC(254) Old regions: 26->26
[2023-02-09T14:37:35.279+0000][68][gc,heap     ] GC(254) Archive regions: 2->2
[2023-02-09T14:37:35.279+0000][68][gc,heap     ] GC(254) Humongous regions: 2->2
[2023-02-09T14:37:35.280+0000][68][gc,metaspace] GC(254) Metaspace: 142506K(145600K)->142506K(145600K) NonClass: 124346K(125568K)->124346K(125568K) Class: 18160K(20032K)->18160K(20032K)
[2023-02-09T14:37:35.281+0000][68][gc          ] GC(254) Pause Young (Normal) (G1 Evacuation Pause) 203M->115M(256M) 34.518ms
[2023-02-09T14:37:35.281+0000][68][gc,cpu      ] GC(254) User=0.01s Sys=0.01s Real=0.04s
[2023-02-09T14:37:35.283+0000][68][safepoint   ] Safepoint "G1CollectForAllocation", Time since last: 17541974681 ns, Reaching safepoint: 572618 ns, At safepoint: 36777813 ns, Total: 37350431 ns
[2023-02-09T14:37:40.287+0000][68][safepoint   ] Safepoint "Cleanup", Time since last: 5003744289 ns, Reaching safepoint: 607489 ns, At safepoint: 30029 ns, Total: 637518 ns
[2023-02-09T14:37:51.276+0000][68][safepoint   ] Safepoint "Cleanup", Time since last: 11009788976 ns, Reaching safepoint: 833882 ns, At safepoint: 154070 ns, Total: 987952 ns
[2023-02-09T14:38:00.123+0000][68][gc,start    ] GC(255) Pause Young (Concurrent Start) (G1 Evacuation Pause)
[2023-02-09T14:38:00.124+0000][68][gc,task     ] GC(255) Using 4 workers of 4 for evacuation
[2023-02-09T14:38:00.126+0000][68][gc,age      ] GC(255) Desired survivor size 6291456 bytes, new threshold 15 (max threshold 15)
[2023-02-09T14:38:00.133+0000][68][gc,phases   ] GC(255)   Pre Evacuate Collection Set: 0.7ms
[2023-02-09T14:38:00.134+0000][68][gc,phases   ] GC(255)   Merge Heap Roots: 0.2ms
[2023-02-09T14:38:00.135+0000][68][gc,phases   ] GC(255)   Evacuate Collection Set: 3.3ms
[2023-02-09T14:38:00.136+0000][68][gc,phases   ] GC(255)   Post Evacuate Collection Set: 1.0ms
[2023-02-09T14:38:00.136+0000][68][gc,phases   ] GC(255)   Other: 3.6ms
[2023-02-09T14:38:00.137+0000][68][gc,age      ] GC(255) Age table with threshold 15 (max threshold 15)
[2023-02-09T14:38:00.138+0000][68][gc,age      ] GC(255) - age   1:     980400 bytes,     980400 total
[2023-02-09T14:38:00.138+0000][68][gc,age      ] GC(255) - age   2:       4960 bytes,     985360 total
[2023-02-09T14:38:00.139+0000][68][gc,age      ] GC(255) - age   3:     111344 bytes,    1096704 total
[2023-02-09T14:38:00.140+0000][68][gc,age      ] GC(255) - age   4:      19016 bytes,    1115720 total
[2023-02-09T14:38:00.140+0000][68][gc,age      ] GC(255) - age   5:     188368 bytes,    1304088 total
[2023-02-09T14:38:00.141+0000][68][gc,age      ] GC(255) - age   6:      12120 bytes,    1316208 total
[2023-02-09T14:38:00.142+0000][68][gc,age      ] GC(255) - age   7:         40 bytes,    1316248 total
[2023-02-09T14:38:00.142+0000][68][gc,age      ] GC(255) - age   8:       1184 bytes,    1317432 total
[2023-02-09T14:38:00.144+0000][68][gc,age      ] GC(255) - age   9:       2376 bytes,    1319808 total
[2023-02-09T14:38:00.145+0000][68][gc,age      ] GC(255) - age  10:        544 bytes,    1320352 total
[2023-02-09T14:38:00.146+0000][68][gc,age      ] GC(255) - age  11:       3488 bytes,    1323840 total
[2023-02-09T14:38:00.146+0000][68][gc,age      ] GC(255) - age  12:       2008 bytes,    1325848 total
[2023-02-09T14:38:00.147+0000][68][gc,age      ] GC(255) - age  13:       2632 bytes,    1328480 total
[2023-02-09T14:38:00.148+0000][68][gc,age      ] GC(255) - age  14:       1800 bytes,    1330280 total
[2023-02-09T14:38:00.149+0000][68][gc,age      ] GC(255) - age  15:        720 bytes,    1331000 total
[2023-02-09T14:38:00.149+0000][68][gc,heap     ] GC(255) Eden regions: 22->0(22)
[2023-02-09T14:38:00.150+0000][68][gc,heap     ] GC(255) Survivor regions: 1->1(3)
[2023-02-09T14:38:00.150+0000][68][gc,heap     ] GC(255) Old regions: 26->26
[2023-02-09T14:38:00.151+0000][68][gc,heap     ] GC(255) Archive regions: 2->2
[2023-02-09T14:38:00.151+0000][68][gc,heap     ] GC(255) Humongous regions: 2->2
[2023-02-09T14:38:00.152+0000][68][gc,metaspace] GC(255) Metaspace: 142508K(145600K)->142508K(145600K) NonClass: 124347K(125568K)->124347K(125568K) Class: 18160K(20032K)->18160K(20032K)
[2023-02-09T14:38:00.152+0000][68][gc          ] GC(255) Pause Young (Concurrent Start) (G1 Evacuation Pause) 203M->115M(256M) 29.591ms
[2023-02-09T14:38:00.153+0000][68][gc,cpu      ] GC(255) User=0.01s Sys=0.01s Real=0.03s
[2023-02-09T14:38:00.153+0000][68][safepoint   ] Safepoint "G1CollectForAllocation", Time since last: 8846956573 ns, Reaching safepoint: 108704 ns, At safepoint: 30582266 ns, Total: 30690970 ns
[2023-02-09T14:38:00.153+0000][68][gc          ] GC(256) Concurrent Mark Cycle
[2023-02-09T14:38:00.155+0000][68][gc,marking  ] GC(256) Concurrent Clear Claimed Marks
[2023-02-09T14:38:00.156+0000][68][gc,marking  ] GC(256) Concurrent Clear Claimed Marks 0.781ms
[2023-02-09T14:38:00.156+0000][68][gc,marking  ] GC(256) Concurrent Scan Root Regions
[2023-02-09T14:38:00.159+0000][68][gc,marking  ] GC(256) Concurrent Scan Root Regions 2.916ms
[2023-02-09T14:38:00.160+0000][68][gc,marking  ] GC(256) Concurrent Mark
[2023-02-09T14:38:00.161+0000][68][gc,marking  ] GC(256) Concurrent Mark From Roots
[2023-02-09T14:38:00.162+0000][68][gc,task     ] GC(256) Using 1 workers of 1 for marking
[2023-02-09T14:38:00.277+0000][68][gc,marking  ] GC(256) Concurrent Mark From Roots 115.563ms
[2023-02-09T14:38:00.278+0000][68][gc,marking  ] GC(256) Concurrent Preclean
[2023-02-09T14:38:00.280+0000][68][gc,marking  ] GC(256) Concurrent Preclean 1.208ms
[2023-02-09T14:38:00.281+0000][68][gc,start    ] GC(256) Pause Remark
[2023-02-09T14:38:00.294+0000][68][gc          ] GC(256) Pause Remark 118M->118M(256M) 13.037ms
[2023-02-09T14:38:00.295+0000][68][gc,cpu      ] GC(256) User=0.04s Sys=0.00s Real=0.02s
[2023-02-09T14:38:00.297+0000][68][safepoint   ] Safepoint "G1PauseRemark", Time since last: 127563395 ns, Reaching safepoint: 160635 ns, At safepoint: 15648724 ns, Total: 15809359 ns
[2023-02-09T14:38:00.298+0000][68][gc,marking  ] GC(256) Concurrent Mark 137.165ms
[2023-02-09T14:38:00.298+0000][68][gc,marking  ] GC(256) Concurrent Rebuild Remembered Sets
[2023-02-09T14:38:00.355+0000][68][gc,marking  ] GC(256) Concurrent Rebuild Remembered Sets 57.024ms
[2023-02-09T14:38:00.356+0000][68][gc,start    ] GC(256) Pause Cleanup
[2023-02-09T14:38:00.357+0000][68][gc          ] GC(256) Pause Cleanup 119M->119M(256M) 0.803ms
[2023-02-09T14:38:00.358+0000][68][gc,cpu      ] GC(256) User=0.00s Sys=0.00s Real=0.00s
[2023-02-09T14:38:00.359+0000][68][safepoint   ] Safepoint "G1PauseCleanup", Time since last: 59781885 ns, Reaching safepoint: 92358 ns, At safepoint: 2658668 ns, Total: 2751026 ns
[2023-02-09T14:38:00.360+0000][68][gc,marking  ] GC(256) Concurrent Cleanup for Next Mark
[2023-02-09T14:38:00.362+0000][68][gc,marking  ] GC(256) Concurrent Cleanup for Next Mark 1.718ms
[2023-02-09T14:38:00.362+0000][68][gc          ] GC(256) Concurrent Mark Cycle 209.627ms
[2023-02-09T14:38:11.366+0000][68][safepoint   ] Safepoint "Cleanup", Time since last: 11006558033 ns, Reaching safepoint: 300662 ns, At safepoint: 66488 ns, Total: 367150 ns
[2023-02-09T14:38:16.370+0000][68][safepoint   ] Safepoint "Cleanup", Time since last: 5003915008 ns, Reaching safepoint: 296211 ns, At safepoint: 17980 ns, Total: 314191 ns
[2023-02-09T14:38:21.354+0000][68][safepoint   ] Safepoint "Cleanup", Time since last: 5004014015 ns, Reaching safepoint: 549969 ns, At safepoint: 51731 ns, Total: 601700 ns
[2023-02-09T14:38:22.356+0000][68][safepoint   ] Safepoint "Cleanup", Time since last: 1002010040 ns, Reaching safepoint: 364833 ns, At safepoint: 23701 ns, Total: 388534 ns
[2023-02-09T14:38:28.350+0000][68][gc,start    ] GC(257) Pause Young (Normal) (G1 Evacuation Pause)
[2023-02-09T14:38:28.351+0000][68][gc,task     ] GC(257) Using 4 workers of 4 for evacuation
[2023-02-09T14:38:28.351+0000][68][gc,age      ] GC(257) Desired survivor size 6291456 bytes, new threshold 15 (max threshold 15)
[2023-02-09T14:38:28.355+0000][68][gc,phases   ] GC(257)   Pre Evacuate Collection Set: 0.1ms
[2023-02-09T14:38:28.356+0000][68][gc,phases   ] GC(257)   Merge Heap Roots: 0.0ms
[2023-02-09T14:38:28.357+0000][68][gc,phases   ] GC(257)   Evacuate Collection Set: 1.9ms
[2023-02-09T14:38:28.357+0000][68][gc,phases   ] GC(257)   Post Evacuate Collection Set: 1.1ms
[2023-02-09T14:38:28.358+0000][68][gc,phases   ] GC(257)   Other: 1.6ms
[2023-02-09T14:38:28.358+0000][68][gc,age      ] GC(257) Age table with threshold 15 (max threshold 15)
[2023-02-09T14:38:28.358+0000][68][gc,age      ] GC(257) - age   1:    1183728 bytes,    1183728 total
[2023-02-09T14:38:28.359+0000][68][gc,age      ] GC(257) - age   2:     137808 bytes,    1321536 total
[2023-02-09T14:38:28.359+0000][68][gc,age      ] GC(257) - age   3:       2080 bytes,    1323616 total
[2023-02-09T14:38:28.360+0000][68][gc,age      ] GC(257) - age   4:       2232 bytes,    1325848 total
[2023-02-09T14:38:28.360+0000][68][gc,age      ] GC(257) - age   5:      19016 bytes,    1344864 total
[2023-02-09T14:38:28.361+0000][68][gc,age      ] GC(257) - age   6:     188304 bytes,    1533168 total
[2023-02-09T14:38:28.361+0000][68][gc,age      ] GC(257) - age   7:      12056 bytes,    1545224 total
[2023-02-09T14:38:28.362+0000][68][gc,age      ] GC(257) - age   8:         40 bytes,    1545264 total
[2023-02-09T14:38:28.362+0000][68][gc,age      ] GC(257) - age   9:       1184 bytes,    1546448 total
[2023-02-09T14:38:28.363+0000][68][gc,age      ] GC(257) - age  10:       2376 bytes,    1548824 total
[2023-02-09T14:38:28.363+0000][68][gc,age      ] GC(257) - age  11:        544 bytes,    1549368 total
[2023-02-09T14:38:28.363+0000][68][gc,age      ] GC(257) - age  12:       3488 bytes,    1552856 total
[2023-02-09T14:38:28.364+0000][68][gc,age      ] GC(257) - age  13:       2008 bytes,    1554864 total
[2023-02-09T14:38:28.366+0000][68][gc,age      ] GC(257) - age  14:       2632 bytes,    1557496 total
[2023-02-09T14:38:28.366+0000][68][gc,age      ] GC(257) - age  15:       1800 bytes,    1559296 total
[2023-02-09T14:38:28.367+0000][68][gc,heap     ] GC(257) Eden regions: 22->0(22)
[2023-02-09T14:38:28.368+0000][68][gc,heap     ] GC(257) Survivor regions: 1->1(3)
[2023-02-09T14:38:28.369+0000][68][gc,heap     ] GC(257) Old regions: 26->26
[2023-02-09T14:38:28.369+0000][68][gc,heap     ] GC(257) Archive regions: 2->2
[2023-02-09T14:38:28.370+0000][68][gc,heap     ] GC(257) Humongous regions: 2->2
[2023-02-09T14:38:28.370+0000][68][gc,metaspace] GC(257) Metaspace: 142508K(145600K)->142508K(145600K) NonClass: 124347K(125568K)->124347K(125568K) Class: 18160K(20032K)->18160K(20032K)
[2023-02-09T14:38:28.371+0000][68][gc          ] GC(257) Pause Young (Normal) (G1 Evacuation Pause) 203M->115M(256M) 20.747ms
[2023-02-09T14:38:28.371+0000][68][gc,cpu      ] GC(257) User=0.00s Sys=0.00s Real=0.02s
[2023-02-09T14:38:28.372+0000][68][safepoint   ] Safepoint "G1CollectForAllocation", Time since last: 5993851230 ns, Reaching safepoint: 125699 ns, At safepoint: 21733914 ns, Total: 21859613 ns
[2023-02-09T14:38:34.033+0000][68][safepoint   ] Safepoint "Cleanup", Time since last: 5661559248 ns, Reaching safepoint: 245199 ns, At safepoint: 4693 ns, Total: 249892 ns
[2023-02-09T14:38:35.042+0000][68][safepoint   ] Safepoint "Cleanup", Time since last: 1008680168 ns, Reaching safepoint: 259797 ns, At safepoint: 7626 ns, Total: 267423 ns
[2023-02-09T14:38:52.037+0000][68][safepoint   ] Safepoint "Cleanup", Time since last: 17016230399 ns, Reaching safepoint: 300839 ns, At safepoint: 10772 ns, Total: 311611 ns
[2023-02-09T14:38:57.338+0000][68][gc,start    ] GC(258) Pause Young (Concurrent Start) (G1 Evacuation Pause)
[2023-02-09T14:38:57.339+0000][68][gc,task     ] GC(258) Using 4 workers of 4 for evacuation
[2023-02-09T14:38:57.339+0000][68][gc,age      ] GC(258) Desired survivor size 6291456 bytes, new threshold 15 (max threshold 15)
[2023-02-09T14:38:57.343+0000][68][gc,phases   ] GC(258)   Pre Evacuate Collection Set: 0.4ms
[2023-02-09T14:38:57.344+0000][68][gc,phases   ] GC(258)   Merge Heap Roots: 0.1ms
[2023-02-09T14:38:57.344+0000][68][gc,phases   ] GC(258)   Evacuate Collection Set: 2.0ms
[2023-02-09T14:38:57.345+0000][68][gc,phases   ] GC(258)   Post Evacuate Collection Set: 0.7ms
[2023-02-09T14:38:57.346+0000][68][gc,phases   ] GC(258)   Other: 1.1ms
[2023-02-09T14:38:57.346+0000][68][gc,age      ] GC(258) Age table with threshold 15 (max threshold 15)
[2023-02-09T14:38:57.347+0000][68][gc,age      ] GC(258) - age   1:    1200240 bytes,    1200240 total
[2023-02-09T14:38:57.347+0000][68][gc,age      ] GC(258) - age   2:       3832 bytes,    1204072 total
[2023-02-09T14:38:57.348+0000][68][gc,age      ] GC(258) - age   3:     115432 bytes,    1319504 total
[2023-02-09T14:38:57.348+0000][68][gc,age      ] GC(258) - age   4:       1168 bytes,    1320672 total
[2023-02-09T14:38:57.349+0000][68][gc,age      ] GC(258) - age   5:       2168 bytes,    1322840 total
[2023-02-09T14:38:57.349+0000][68][gc,age      ] GC(258) - age   6:      18560 bytes,    1341400 total
[2023-02-09T14:38:57.349+0000][68][gc,age      ] GC(258) - age   7:     188304 bytes,    1529704 total
[2023-02-09T14:38:57.350+0000][68][gc,age      ] GC(258) - age   8:      12056 bytes,    1541760 total
[2023-02-09T14:38:57.350+0000][68][gc,age      ] GC(258) - age   9:         40 bytes,    1541800 total
[2023-02-09T14:38:57.351+0000][68][gc,age      ] GC(258) - age  10:       1184 bytes,    1542984 total
[2023-02-09T14:38:57.351+0000][68][gc,age      ] GC(258) - age  11:       2376 bytes,    1545360 total
[2023-02-09T14:38:57.352+0000][68][gc,age      ] GC(258) - age  12:        544 bytes,    1545904 total
[2023-02-09T14:38:57.352+0000][68][gc,age      ] GC(258) - age  13:       3256 bytes,    1549160 total
[2023-02-09T14:38:57.353+0000][68][gc,age      ] GC(258) - age  14:       2008 bytes,    1551168 total
[2023-02-09T14:38:57.353+0000][68][gc,age      ] GC(258) - age  15:       2632 bytes,    1553800 total
[2023-02-09T14:38:57.353+0000][68][gc,heap     ] GC(258) Eden regions: 22->0(22)
[2023-02-09T14:38:57.354+0000][68][gc,heap     ] GC(258) Survivor regions: 1->1(3)
[2023-02-09T14:38:57.354+0000][68][gc,heap     ] GC(258) Old regions: 26->26
[2023-02-09T14:38:57.355+0000][68][gc,heap     ] GC(258) Archive regions: 2->2
[2023-02-09T14:38:57.356+0000][68][gc,heap     ] GC(258) Humongous regions: 2->2
[2023-02-09T14:38:57.357+0000][68][gc,metaspace] GC(258) Metaspace: 142508K(145600K)->142508K(145600K) NonClass: 124347K(125568K)->124347K(125568K) Class: 18160K(20032K)->18160K(20032K)
[2023-02-09T14:38:57.358+0000][68][gc          ] GC(258) Pause Young (Concurrent Start) (G1 Evacuation Pause) 203M->116M(256M) 20.102ms
[2023-02-09T14:38:57.359+0000][68][gc,cpu      ] GC(258) User=0.00s Sys=0.00s Real=0.02s
[2023-02-09T14:38:57.361+0000][68][safepoint   ] Safepoint "G1CollectForAllocation", Time since last: 5301317156 ns, Reaching safepoint: 177387 ns, At safepoint: 22679482 ns, Total: 22856869 ns
[2023-02-09T14:38:57.360+0000][68][gc          ] GC(259) Concurrent Mark Cycle
[2023-02-09T14:38:57.363+0000][68][gc,marking  ] GC(259) Concurrent Clear Claimed Marks
[2023-02-09T14:38:57.364+0000][68][gc,marking  ] GC(259) Concurrent Clear Claimed Marks 1.306ms
[2023-02-09T14:38:57.366+0000][68][gc,marking  ] GC(259) Concurrent Scan Root Regions
[2023-02-09T14:38:57.369+0000][68][gc,marking  ] GC(259) Concurrent Scan Root Regions 3.075ms
[2023-02-09T14:38:57.370+0000][68][gc,marking  ] GC(259) Concurrent Mark
[2023-02-09T14:38:57.371+0000][68][gc,marking  ] GC(259) Concurrent Mark From Roots
[2023-02-09T14:38:57.372+0000][68][gc,task     ] GC(259) Using 1 workers of 1 for marking
[2023-02-09T14:38:57.470+0000][68][gc,marking  ] GC(259) Concurrent Mark From Roots 99.041ms
[2023-02-09T14:38:57.471+0000][68][gc,marking  ] GC(259) Concurrent Preclean
[2023-02-09T14:38:57.472+0000][68][gc,marking  ] GC(259) Concurrent Preclean 1.021ms
[2023-02-09T14:38:57.473+0000][68][gc,start    ] GC(259) Pause Remark
[2023-02-09T14:38:57.482+0000][68][gc          ] GC(259) Pause Remark 120M->120M(256M) 9.120ms
[2023-02-09T14:38:57.483+0000][68][gc,cpu      ] GC(259) User=0.03s Sys=0.00s Real=0.01s
[2023-02-09T14:38:57.484+0000][68][safepoint   ] Safepoint "G1PauseRemark", Time since last: 112158376 ns, Reaching safepoint: 131032 ns, At safepoint: 10955069 ns, Total: 11086101 ns
[2023-02-09T14:38:57.485+0000][68][gc,marking  ] GC(259) Concurrent Mark 114.765ms
[2023-02-09T14:38:57.486+0000][68][gc,marking  ] GC(259) Concurrent Rebuild Remembered Sets
[2023-02-09T14:38:57.541+0000][68][gc,marking  ] GC(259) Concurrent Rebuild Remembered Sets 55.283ms
[2023-02-09T14:38:57.543+0000][68][gc,start    ] GC(259) Pause Cleanup
[2023-02-09T14:38:57.544+0000][68][gc          ] GC(259) Pause Cleanup 120M->120M(256M) 1.355ms
[2023-02-09T14:38:57.545+0000][68][gc,cpu      ] GC(259) User=0.00s Sys=0.00s Real=0.00s
[2023-02-09T14:38:57.546+0000][68][safepoint   ] Safepoint "G1PauseCleanup", Time since last: 58465678 ns, Reaching safepoint: 100676 ns, At safepoint: 3236540 ns, Total: 3337216 ns
[2023-02-09T14:38:57.546+0000][68][gc,marking  ] GC(259) Concurrent Cleanup for Next Mark
[2023-02-09T14:38:57.547+0000][68][gc,marking  ] GC(259) Concurrent Cleanup for Next Mark 0.797ms
[2023-02-09T14:38:57.548+0000][68][gc          ] GC(259) Concurrent Mark Cycle 188.234ms
[2023-02-09T14:39:03.552+0000][68][safepoint   ] Safepoint "Cleanup", Time since last: 6006404960 ns, Reaching safepoint: 300794 ns, At safepoint: 28888 ns, Total: 329682 ns
[2023-02-09T14:39:05.557+0000][68][safepoint   ] Safepoint "Cleanup", Time since last: 2003082953 ns, Reaching safepoint: 1438610 ns, At safepoint: 36721 ns, Total: 1475331 ns
[2023-02-09T14:39:27.164+0000][68][gc,start    ] GC(260) Pause Young (Normal) (G1 Evacuation Pause)
[2023-02-09T14:39:27.165+0000][68][gc,task     ] GC(260) Using 4 workers of 4 for evacuation
[2023-02-09T14:39:27.166+0000][68][gc,age      ] GC(260) Desired survivor size 6291456 bytes, new threshold 15 (max threshold 15)
[2023-02-09T14:39:27.169+0000][68][gc,phases   ] GC(260)   Pre Evacuate Collection Set: 0.1ms
[2023-02-09T14:39:27.169+0000][68][gc,phases   ] GC(260)   Merge Heap Roots: 0.2ms
[2023-02-09T14:39:27.170+0000][68][gc,phases   ] GC(260)   Evacuate Collection Set: 1.5ms
[2023-02-09T14:39:27.170+0000][68][gc,phases   ] GC(260)   Post Evacuate Collection Set: 1.0ms
[2023-02-09T14:39:27.171+0000][68][gc,phases   ] GC(260)   Other: 0.9ms
[2023-02-09T14:39:27.171+0000][68][gc,age      ] GC(260) Age table with threshold 15 (max threshold 15)
[2023-02-09T14:39:27.171+0000][68][gc,age      ] GC(260) - age   1:    1480152 bytes,    1480152 total
[2023-02-09T14:39:27.172+0000][68][gc,age      ] GC(260) - age   2:      69840 bytes,    1549992 total
[2023-02-09T14:39:27.172+0000][68][gc,age      ] GC(260) - age   3:       2480 bytes,    1552472 total
[2023-02-09T14:39:27.173+0000][68][gc,age      ] GC(260) - age   4:     115240 bytes,    1667712 total
[2023-02-09T14:39:27.173+0000][68][gc,age      ] GC(260) - age   5:       1168 bytes,    1668880 total
[2023-02-09T14:39:27.173+0000][68][gc,age      ] GC(260) - age   6:       2168 bytes,    1671048 total
[2023-02-09T14:39:27.174+0000][68][gc,age      ] GC(260) - age   7:      18560 bytes,    1689608 total
[2023-02-09T14:39:27.174+0000][68][gc,age      ] GC(260) - age   8:     188304 bytes,    1877912 total
[2023-02-09T14:39:27.175+0000][68][gc,age      ] GC(260) - age   9:      12056 bytes,    1889968 total
[2023-02-09T14:39:27.175+0000][68][gc,age      ] GC(260) - age  10:         40 bytes,    1890008 total
[2023-02-09T14:39:27.175+0000][68][gc,age      ] GC(260) - age  11:       1184 bytes,    1891192 total
[2023-02-09T14:39:27.176+0000][68][gc,age      ] GC(260) - age  12:       2344 bytes,    1893536 total
[2023-02-09T14:39:27.177+0000][68][gc,age      ] GC(260) - age  13:        544 bytes,    1894080 total
[2023-02-09T14:39:27.177+0000][68][gc,age      ] GC(260) - age  14:       3256 bytes,    1897336 total
[2023-02-09T14:39:27.178+0000][68][gc,age      ] GC(260) - age  15:       2008 bytes,    1899344 total
[2023-02-09T14:39:27.178+0000][68][gc,heap     ] GC(260) Eden regions: 22->0(22)
[2023-02-09T14:39:27.179+0000][68][gc,heap     ] GC(260) Survivor regions: 1->1(3)
[2023-02-09T14:39:27.179+0000][68][gc,heap     ] GC(260) Old regions: 26->26
[2023-02-09T14:39:27.180+0000][68][gc,heap     ] GC(260) Archive regions: 2->2
[2023-02-09T14:39:27.180+0000][68][gc,heap     ] GC(260) Humongous regions: 2->2
[2023-02-09T14:39:27.180+0000][68][gc,metaspace] GC(260) Metaspace: 142511K(145600K)->142511K(145600K) NonClass: 124351K(125568K)->124351K(125568K) Class: 18160K(20032K)->18160K(20032K)
[2023-02-09T14:39:27.181+0000][68][gc          ] GC(260) Pause Young (Normal) (G1 Evacuation Pause) 203M->116M(256M) 16.562ms
[2023-02-09T14:39:27.181+0000][68][gc,cpu      ] GC(260) User=0.01s Sys=0.00s Real=0.02s
[2023-02-09T14:39:27.182+0000][68][safepoint   ] Safepoint "G1CollectForAllocation", Time since last: 21628395137 ns, Reaching safepoint: 98313 ns, At safepoint: 17495903 ns, Total: 17594216 ns
[2023-02-09T14:39:29.183+0000][68][safepoint   ] Safepoint "Cleanup", Time since last: 2000986593 ns, Reaching safepoint: 239098 ns, At safepoint: 26308 ns, Total: 265406 ns
[2023-02-09T14:39:51.472+0000][68][gc,start    ] GC(261) Pause Young (Concurrent Start) (G1 Evacuation Pause)
[2023-02-09T14:39:51.473+0000][68][gc,task     ] GC(261) Using 4 workers of 4 for evacuation
[2023-02-09T14:39:51.474+0000][68][gc,age      ] GC(261) Desired survivor size 6291456 bytes, new threshold 15 (max threshold 15)
[2023-02-09T14:39:51.479+0000][68][gc,phases   ] GC(261)   Pre Evacuate Collection Set: 0.5ms
[2023-02-09T14:39:51.481+0000][68][gc,phases   ] GC(261)   Merge Heap Roots: 0.2ms
[2023-02-09T14:39:51.483+0000][68][gc,phases   ] GC(261)   Evacuate Collection Set: 2.5ms
[2023-02-09T14:39:51.484+0000][68][gc,phases   ] GC(261)   Post Evacuate Collection Set: 1.1ms
[2023-02-09T14:39:51.485+0000][68][gc,phases   ] GC(261)   Other: 1.7ms
[2023-02-09T14:39:51.486+0000][68][gc,age      ] GC(261) Age table with threshold 15 (max threshold 15)
[2023-02-09T14:39:51.488+0000][68][gc,age      ] GC(261) - age   1:    2019552 bytes,    2019552 total
[2023-02-09T14:39:51.489+0000][68][gc,age      ] GC(261) - age   2:     111544 bytes,    2131096 total
[2023-02-09T14:39:51.491+0000][68][gc,age      ] GC(261) - age   3:      20184 bytes,    2151280 total
[2023-02-09T14:39:51.492+0000][68][gc,age      ] GC(261) - age   4:       2072 bytes,    2153352 total
[2023-02-09T14:39:51.493+0000][68][gc,age      ] GC(261) - age   5:       4072 bytes,    2157424 total
[2023-02-09T14:39:51.494+0000][68][gc,age      ] GC(261) - age   6:       1104 bytes,    2158528 total
[2023-02-09T14:39:51.495+0000][68][gc,age      ] GC(261) - age   7:       1888 bytes,    2160416 total
[2023-02-09T14:39:51.496+0000][68][gc,age      ] GC(261) - age   8:      18560 bytes,    2178976 total
[2023-02-09T14:39:51.497+0000][68][gc,age      ] GC(261) - age   9:     188240 bytes,    2367216 total
[2023-02-09T14:39:51.498+0000][68][gc,age      ] GC(261) - age  10:      11992 bytes,    2379208 total
[2023-02-09T14:39:51.498+0000][68][gc,age      ] GC(261) - age  11:         40 bytes,    2379248 total
[2023-02-09T14:39:51.499+0000][68][gc,age      ] GC(261) - age  12:       1184 bytes,    2380432 total
[2023-02-09T14:39:51.500+0000][68][gc,age      ] GC(261) - age  13:       2344 bytes,    2382776 total
[2023-02-09T14:39:51.501+0000][68][gc,age      ] GC(261) - age  14:        544 bytes,    2383320 total
[2023-02-09T14:39:51.502+0000][68][gc,age      ] GC(261) - age  15:       3256 bytes,    2386576 total
[2023-02-09T14:39:51.504+0000][68][gc,heap     ] GC(261) Eden regions: 22->0(21)
[2023-02-09T14:39:51.505+0000][68][gc,heap     ] GC(261) Survivor regions: 1->1(3)
[2023-02-09T14:39:51.506+0000][68][gc,heap     ] GC(261) Old regions: 26->26
[2023-02-09T14:39:51.507+0000][68][gc,heap     ] GC(261) Archive regions: 2->2
[2023-02-09T14:39:51.508+0000][68][gc,heap     ] GC(261) Humongous regions: 2->2
[2023-02-09T14:39:51.510+0000][68][gc,metaspace] GC(261) Metaspace: 142511K(145600K)->142511K(145600K) NonClass: 124351K(125568K)->124351K(125568K) Class: 18160K(20032K)->18160K(20032K)
[2023-02-09T14:39:51.511+0000][68][gc          ] GC(261) Pause Young (Concurrent Start) (G1 Evacuation Pause) 204M->116M(256M) 38.367ms
[2023-02-09T14:39:51.512+0000][68][gc,cpu      ] GC(261) User=0.01s Sys=0.00s Real=0.04s
[2023-02-09T14:39:51.512+0000][68][gc          ] GC(262) Concurrent Mark Cycle
[2023-02-09T14:39:51.513+0000][68][gc,marking  ] GC(262) Concurrent Clear Claimed Marks
[2023-02-09T14:39:51.513+0000][68][safepoint   ] Safepoint "G1CollectForAllocation", Time since last: 22317183843 ns, Reaching safepoint: 142092 ns, At safepoint: 41262267 ns, Total: 41404359 ns
[2023-02-09T14:39:51.514+0000][68][gc,marking  ] GC(262) Concurrent Clear Claimed Marks 0.949ms
[2023-02-09T14:39:51.519+0000][68][gc,marking  ] GC(262) Concurrent Scan Root Regions
[2023-02-09T14:39:51.522+0000][68][gc,marking  ] GC(262) Concurrent Scan Root Regions 3.509ms
[2023-02-09T14:39:51.524+0000][68][gc,marking  ] GC(262) Concurrent Mark
[2023-02-09T14:39:51.525+0000][68][gc,marking  ] GC(262) Concurrent Mark From Roots
[2023-02-09T14:39:51.525+0000][68][gc,task     ] GC(262) Using 1 workers of 1 for marking
[2023-02-09T14:39:51.687+0000][68][gc,marking  ] GC(262) Concurrent Mark From Roots 162.383ms
[2023-02-09T14:39:51.688+0000][68][gc,marking  ] GC(262) Concurrent Preclean
[2023-02-09T14:39:51.689+0000][68][gc,marking  ] GC(262) Concurrent Preclean 1.049ms
[2023-02-09T14:39:51.690+0000][68][gc,start    ] GC(262) Pause Remark
[2023-02-09T14:39:51.701+0000][68][gc          ] GC(262) Pause Remark 123M->123M(256M) 11.125ms
[2023-02-09T14:39:51.702+0000][68][gc,cpu      ] GC(262) User=0.04s Sys=0.00s Real=0.02s
[2023-02-09T14:39:51.703+0000][68][safepoint   ] Safepoint "G1PauseRemark", Time since last: 176717613 ns, Reaching safepoint: 98617 ns, At safepoint: 12899249 ns, Total: 12997866 ns
[2023-02-09T14:39:51.704+0000][68][gc,marking  ] GC(262) Concurrent Mark 180.300ms
[2023-02-09T14:39:51.705+0000][68][gc,marking  ] GC(262) Concurrent Rebuild Remembered Sets
[2023-02-09T14:39:51.756+0000][68][gc,marking  ] GC(262) Concurrent Rebuild Remembered Sets 51.616ms
[2023-02-09T14:39:51.758+0000][68][gc,start    ] GC(262) Pause Cleanup
[2023-02-09T14:39:51.759+0000][68][gc          ] GC(262) Pause Cleanup 123M->123M(256M) 0.793ms
[2023-02-09T14:39:51.759+0000][68][gc,cpu      ] GC(262) User=0.00s Sys=0.00s Real=0.00s
[2023-02-09T14:39:51.760+0000][68][safepoint   ] Safepoint "G1PauseCleanup", Time since last: 54810854 ns, Reaching safepoint: 103992 ns, At safepoint: 1929472 ns, Total: 2033464 ns
[2023-02-09T14:39:51.760+0000][68][gc,marking  ] GC(262) Concurrent Cleanup for Next Mark
[2023-02-09T14:39:51.761+0000][68][gc,marking  ] GC(262) Concurrent Cleanup for Next Mark 0.927ms
[2023-02-09T14:39:51.762+0000][68][gc          ] GC(262) Concurrent Mark Cycle 250.421ms
[2023-02-09T14:40:03.770+0000][68][safepoint   ] Safepoint "Cleanup", Time since last: 12010181382 ns, Reaching safepoint: 195151 ns, At safepoint: 12076 ns, Total: 207227 ns
[2023-02-09T14:40:05.773+0000][68][safepoint   ] Safepoint "Cleanup", Time since last: 2002401711 ns, Reaching safepoint: 221069 ns, At safepoint: 4497 ns, Total: 225566 ns
[2023-02-09T14:40:15.785+0000][68][safepoint   ] Safepoint "Cleanup", Time since last: 10011450457 ns, Reaching safepoint: 563944 ns, At safepoint: 24870 ns, Total: 588814 ns
[2023-02-09T14:40:16.587+0000][68][gc,start    ] GC(263) Pause Young (Normal) (G1 Evacuation Pause)
[2023-02-09T14:40:16.588+0000][68][gc,task     ] GC(263) Using 4 workers of 4 for evacuation
[2023-02-09T14:40:16.589+0000][68][gc,age      ] GC(263) Desired survivor size 6291456 bytes, new threshold 15 (max threshold 15)
[2023-02-09T14:40:16.596+0000][68][gc,phases   ] GC(263)   Pre Evacuate Collection Set: 0.3ms
[2023-02-09T14:40:16.597+0000][68][gc,phases   ] GC(263)   Merge Heap Roots: 0.1ms
[2023-02-09T14:40:16.598+0000][68][gc,phases   ] GC(263)   Evacuate Collection Set: 2.1ms
[2023-02-09T14:40:16.598+0000][68][gc,phases   ] GC(263)   Post Evacuate Collection Set: 1.5ms
[2023-02-09T14:40:16.599+0000][68][gc,phases   ] GC(263)   Other: 3.6ms
[2023-02-09T14:40:16.600+0000][68][gc,age      ] GC(263) Age table with threshold 15 (max threshold 15)
[2023-02-09T14:40:16.601+0000][68][gc,age      ] GC(263) - age   1:    1622560 bytes,    1622560 total
[2023-02-09T14:40:16.602+0000][68][gc,age      ] GC(263) - age   2:      33328 bytes,    1655888 total
[2023-02-09T14:40:16.603+0000][68][gc,age      ] GC(263) - age   3:     110560 bytes,    1766448 total
[2023-02-09T14:40:16.604+0000][68][gc,age      ] GC(263) - age   4:      19792 bytes,    1786240 total
[2023-02-09T14:40:16.605+0000][68][gc,age      ] GC(263) - age   5:       1792 bytes,    1788032 total
[2023-02-09T14:40:16.606+0000][68][gc,age      ] GC(263) - age   6:       4072 bytes,    1792104 total
[2023-02-09T14:40:16.608+0000][68][gc,age      ] GC(263) - age   7:       1104 bytes,    1793208 total
[2023-02-09T14:40:16.609+0000][68][gc,age      ] GC(263) - age   8:       1888 bytes,    1795096 total
[2023-02-09T14:40:16.609+0000][68][gc,age      ] GC(263) - age   9:      18560 bytes,    1813656 total
[2023-02-09T14:40:16.610+0000][68][gc,age      ] GC(263) - age  10:     188240 bytes,    2001896 total
[2023-02-09T14:40:16.611+0000][68][gc,age      ] GC(263) - age  11:      11992 bytes,    2013888 total
[2023-02-09T14:40:16.611+0000][68][gc,age      ] GC(263) - age  12:         40 bytes,    2013928 total
[2023-02-09T14:40:16.612+0000][68][gc,age      ] GC(263) - age  13:       1184 bytes,    2015112 total
[2023-02-09T14:40:16.613+0000][68][gc,age      ] GC(263) - age  14:       2344 bytes,    2017456 total
[2023-02-09T14:40:16.614+0000][68][gc,age      ] GC(263) - age  15:        544 bytes,    2018000 total
[2023-02-09T14:40:16.614+0000][68][gc,heap     ] GC(263) Eden regions: 21->0(21)
[2023-02-09T14:40:16.615+0000][68][gc,heap     ] GC(263) Survivor regions: 1->1(3)
[2023-02-09T14:40:16.616+0000][68][gc,heap     ] GC(263) Old regions: 26->26
[2023-02-09T14:40:16.617+0000][68][gc,heap     ] GC(263) Archive regions: 2->2
[2023-02-09T14:40:16.618+0000][68][gc,heap     ] GC(263) Humongous regions: 2->2
[2023-02-09T14:40:16.618+0000][68][gc,metaspace] GC(263) Metaspace: 142512K(145600K)->142512K(145600K) NonClass: 124352K(125568K)->124352K(125568K) Class: 18160K(20032K)->18160K(20032K)
[2023-02-09T14:40:16.619+0000][68][gc          ] GC(263) Pause Young (Normal) (G1 Evacuation Pause) 200M->116M(256M) 31.767ms
[2023-02-09T14:40:16.620+0000][68][gc,cpu      ] GC(263) User=0.01s Sys=0.00s Real=0.03s
[2023-02-09T14:40:16.621+0000][68][safepoint   ] Safepoint "G1CollectForAllocation", Time since last: 801989928 ns, Reaching safepoint: 190214 ns, At safepoint: 33607559 ns, Total: 33797773 ns
[2023-02-09T14:40:42.459+0000][68][gc,start    ] GC(264) Pause Young (Concurrent Start) (G1 Evacuation Pause)
[2023-02-09T14:40:42.460+0000][68][gc,task     ] GC(264) Using 4 workers of 4 for evacuation
[2023-02-09T14:40:42.461+0000][68][gc,age      ] GC(264) Desired survivor size 6291456 bytes, new threshold 15 (max threshold 15)
[2023-02-09T14:40:42.465+0000][68][gc,phases   ] GC(264)   Pre Evacuate Collection Set: 0.4ms
[2023-02-09T14:40:42.466+0000][68][gc,phases   ] GC(264)   Merge Heap Roots: 0.1ms
[2023-02-09T14:40:42.467+0000][68][gc,phases   ] GC(264)   Evacuate Collection Set: 2.1ms
[2023-02-09T14:40:42.467+0000][68][gc,phases   ] GC(264)   Post Evacuate Collection Set: 0.6ms
[2023-02-09T14:40:42.468+0000][68][gc,phases   ] GC(264)   Other: 1.7ms
[2023-02-09T14:40:42.469+0000][68][gc,age      ] GC(264) Age table with threshold 15 (max threshold 15)
[2023-02-09T14:40:42.469+0000][68][gc,age      ] GC(264) - age   1:    1946368 bytes,    1946368 total
[2023-02-09T14:40:42.471+0000][68][gc,age      ] GC(264) - age   2:      10592 bytes,    1956960 total
[2023-02-09T14:40:42.472+0000][68][gc,age      ] GC(264) - age   3:      12592 bytes,    1969552 total
[2023-02-09T14:40:42.472+0000][68][gc,age      ] GC(264) - age   4:     109416 bytes,    2078968 total
[2023-02-09T14:40:42.472+0000][68][gc,age      ] GC(264) - age   5:      19424 bytes,    2098392 total
[2023-02-09T14:40:42.473+0000][68][gc,age      ] GC(264) - age   6:       1792 bytes,    2100184 total
[2023-02-09T14:40:42.473+0000][68][gc,age      ] GC(264) - age   7:       4072 bytes,    2104256 total
[2023-02-09T14:40:42.474+0000][68][gc,age      ] GC(264) - age   8:       1104 bytes,    2105360 total
[2023-02-09T14:40:42.474+0000][68][gc,age      ] GC(264) - age   9:       1888 bytes,    2107248 total
[2023-02-09T14:40:42.474+0000][68][gc,age      ] GC(264) - age  10:      18376 bytes,    2125624 total
[2023-02-09T14:40:42.475+0000][68][gc,age      ] GC(264) - age  11:     188240 bytes,    2313864 total
[2023-02-09T14:40:42.475+0000][68][gc,age      ] GC(264) - age  12:      11992 bytes,    2325856 total
[2023-02-09T14:40:42.476+0000][68][gc,age      ] GC(264) - age  13:         40 bytes,    2325896 total
[2023-02-09T14:40:42.476+0000][68][gc,age      ] GC(264) - age  14:       1184 bytes,    2327080 total
[2023-02-09T14:40:42.477+0000][68][gc,age      ] GC(264) - age  15:       2344 bytes,    2329424 total
[2023-02-09T14:40:42.477+0000][68][gc,heap     ] GC(264) Eden regions: 21->0(21)
[2023-02-09T14:40:42.478+0000][68][gc,heap     ] GC(264) Survivor regions: 1->1(3)
[2023-02-09T14:40:42.478+0000][68][gc,heap     ] GC(264) Old regions: 26->26
[2023-02-09T14:40:42.478+0000][68][gc,heap     ] GC(264) Archive regions: 2->2
[2023-02-09T14:40:42.479+0000][68][gc,heap     ] GC(264) Humongous regions: 2->2
[2023-02-09T14:40:42.479+0000][68][gc,metaspace] GC(264) Metaspace: 142514K(145600K)->142514K(145600K) NonClass: 124353K(125568K)->124353K(125568K) Class: 18160K(20032K)->18160K(20032K)
[2023-02-09T14:40:42.480+0000][68][gc          ] GC(264) Pause Young (Concurrent Start) (G1 Evacuation Pause) 200M->116M(256M) 20.274ms
[2023-02-09T14:40:42.480+0000][68][gc,cpu      ] GC(264) User=0.01s Sys=0.00s Real=0.02s
[2023-02-09T14:40:42.480+0000][68][gc          ] GC(265) Concurrent Mark Cycle
[2023-02-09T14:40:42.481+0000][68][safepoint   ] Safepoint "G1CollectForAllocation", Time since last: 25892620812 ns, Reaching safepoint: 147446 ns, At safepoint: 21226465 ns, Total: 21373911 ns
[2023-02-09T14:40:42.481+0000][68][gc,marking  ] GC(265) Concurrent Clear Claimed Marks
[2023-02-09T14:40:42.482+0000][68][gc,marking  ] GC(265) Concurrent Clear Claimed Marks 1.303ms
[2023-02-09T14:40:42.483+0000][68][gc,marking  ] GC(265) Concurrent Scan Root Regions
[2023-02-09T14:40:42.486+0000][68][gc,marking  ] GC(265) Concurrent Scan Root Regions 2.624ms
[2023-02-09T14:40:42.486+0000][68][gc,marking  ] GC(265) Concurrent Mark
[2023-02-09T14:40:42.487+0000][68][gc,marking  ] GC(265) Concurrent Mark From Roots
[2023-02-09T14:40:42.487+0000][68][gc,task     ] GC(265) Using 1 workers of 1 for marking
[2023-02-09T14:40:42.675+0000][68][gc,marking  ] GC(265) Concurrent Mark From Roots 188.533ms
[2023-02-09T14:40:42.676+0000][68][gc,marking  ] GC(265) Concurrent Preclean
[2023-02-09T14:40:42.676+0000][68][gc,marking  ] GC(265) Concurrent Preclean 0.621ms
[2023-02-09T14:40:42.677+0000][68][gc,start    ] GC(265) Pause Remark
[2023-02-09T14:40:42.688+0000][68][gc          ] GC(265) Pause Remark 118M->118M(256M) 10.381ms
[2023-02-09T14:40:42.688+0000][68][gc,cpu      ] GC(265) User=0.03s Sys=0.00s Real=0.01s
[2023-02-09T14:40:42.689+0000][68][safepoint   ] Safepoint "G1PauseRemark", Time since last: 196335944 ns, Reaching safepoint: 193048 ns, At safepoint: 11643949 ns, Total: 11836997 ns
[2023-02-09T14:40:42.690+0000][68][gc,marking  ] GC(265) Concurrent Mark 203.222ms
[2023-02-09T14:40:42.690+0000][68][gc,marking  ] GC(265) Concurrent Rebuild Remembered Sets
[2023-02-09T14:40:42.743+0000][68][gc,marking  ] GC(265) Concurrent Rebuild Remembered Sets 52.573ms
[2023-02-09T14:40:42.745+0000][68][gc,start    ] GC(265) Pause Cleanup
[2023-02-09T14:40:42.746+0000][68][gc          ] GC(265) Pause Cleanup 119M->119M(256M) 1.852ms
[2023-02-09T14:40:42.747+0000][68][gc,cpu      ] GC(265) User=0.00s Sys=0.00s Real=0.01s
[2023-02-09T14:40:42.748+0000][68][safepoint   ] Safepoint "G1PauseCleanup", Time since last: 55618583 ns, Reaching safepoint: 89820 ns, At safepoint: 3446420 ns, Total: 3536240 ns
[2023-02-09T14:40:42.749+0000][68][gc,marking  ] GC(265) Concurrent Cleanup for Next Mark
[2023-02-09T14:40:42.750+0000][68][gc,marking  ] GC(265) Concurrent Cleanup for Next Mark 1.078ms
[2023-02-09T14:40:42.751+0000][68][gc          ] GC(265) Concurrent Mark Cycle 270.872ms
[2023-02-09T14:40:45.755+0000][68][safepoint   ] Safepoint "Cleanup", Time since last: 3006085356 ns, Reaching safepoint: 557891 ns, At safepoint: 15708 ns, Total: 573599 ns
[2023-02-09T14:40:46.759+0000][68][safepoint   ] Safepoint "Cleanup", Time since last: 1003978447 ns, Reaching safepoint: 120985 ns, At safepoint: 3596 ns, Total: 124581 ns
[2023-02-09T14:40:48.762+0000][68][safepoint   ] Safepoint "Cleanup", Time since last: 2002754165 ns, Reaching safepoint: 218547 ns, At safepoint: 8824 ns, Total: 227371 ns
[2023-02-09T14:40:49.765+0000][68][safepoint   ] Safepoint "Cleanup", Time since last: 1002938314 ns, Reaching safepoint: 246647 ns, At safepoint: 10139 ns, Total: 256786 ns
[2023-02-09T14:40:54.301+0000][68][safepoint   ] Safepoint "Cleanup", Time since last: 4562006873 ns, Reaching safepoint: 357615 ns, At safepoint: 12018 ns, Total: 369633 ns
[2023-02-09T14:41:03.314+0000][68][safepoint   ] Safepoint "Cleanup", Time since last: 9013386022 ns, Reaching safepoint: 245156 ns, At safepoint: 5337 ns, Total: 250493 ns
[2023-02-09T14:41:03.897+0000][68][gc,start    ] GC(266) Pause Young (Normal) (G1 Evacuation Pause)
[2023-02-09T14:41:03.898+0000][68][gc,task     ] GC(266) Using 4 workers of 4 for evacuation
[2023-02-09T14:41:03.899+0000][68][gc,age      ] GC(266) Desired survivor size 6291456 bytes, new threshold 15 (max threshold 15)
[2023-02-09T14:41:03.905+0000][68][gc,phases   ] GC(266)   Pre Evacuate Collection Set: 0.2ms
[2023-02-09T14:41:03.906+0000][68][gc,phases   ] GC(266)   Merge Heap Roots: 0.1ms
[2023-02-09T14:41:03.907+0000][68][gc,phases   ] GC(266)   Evacuate Collection Set: 3.1ms
[2023-02-09T14:41:03.908+0000][68][gc,phases   ] GC(266)   Post Evacuate Collection Set: 1.5ms
[2023-02-09T14:41:03.909+0000][68][gc,phases   ] GC(266)   Other: 2.1ms
[2023-02-09T14:41:03.910+0000][68][gc,age      ] GC(266) Age table with threshold 15 (max threshold 15)
[2023-02-09T14:41:03.911+0000][68][gc,age      ] GC(266) - age   1:    1969800 bytes,    1969800 total
[2023-02-09T14:41:03.911+0000][68][gc,age      ] GC(266) - age   2:     158568 bytes,    2128368 total
[2023-02-09T14:41:03.912+0000][68][gc,age      ] GC(266) - age   3:       5136 bytes,    2133504 total
[2023-02-09T14:41:03.913+0000][68][gc,age      ] GC(266) - age   4:        784 bytes,    2134288 total
[2023-02-09T14:41:03.916+0000][68][gc,age      ] GC(266) - age   5:        552 bytes,    2134840 total
[2023-02-09T14:41:03.916+0000][68][gc,age      ] GC(266) - age   6:      19344 bytes,    2154184 total
[2023-02-09T14:41:03.917+0000][68][gc,age      ] GC(266) - age   7:       1768 bytes,    2155952 total
[2023-02-09T14:41:03.917+0000][68][gc,age      ] GC(266) - age   8:       2280 bytes,    2158232 total
[2023-02-09T14:41:03.918+0000][68][gc,age      ] GC(266) - age   9:       1104 bytes,    2159336 total
[2023-02-09T14:41:03.918+0000][68][gc,age      ] GC(266) - age  10:       1888 bytes,    2161224 total
[2023-02-09T14:41:03.919+0000][68][gc,age      ] GC(266) - age  11:       4592 bytes,    2165816 total
[2023-02-09T14:41:03.919+0000][68][gc,age      ] GC(266) - age  12:     116360 bytes,    2282176 total
[2023-02-09T14:41:03.920+0000][68][gc,age      ] GC(266) - age  13:      11912 bytes,    2294088 total
[2023-02-09T14:41:03.920+0000][68][gc,age      ] GC(266) - age  14:         40 bytes,    2294128 total
[2023-02-09T14:41:03.921+0000][68][gc,age      ] GC(266) - age  15:       1184 bytes,    2295312 total
[2023-02-09T14:41:03.922+0000][68][gc,heap     ] GC(266) Eden regions: 21->0(21)
[2023-02-09T14:41:03.922+0000][68][gc,heap     ] GC(266) Survivor regions: 1->1(3)
[2023-02-09T14:41:03.922+0000][68][gc,heap     ] GC(266) Old regions: 26->26
[2023-02-09T14:41:03.923+0000][68][gc,heap     ] GC(266) Archive regions: 2->2
[2023-02-09T14:41:03.923+0000][68][gc,heap     ] GC(266) Humongous regions: 2->2
[2023-02-09T14:41:03.923+0000][68][gc,metaspace] GC(266) Metaspace: 142520K(145600K)->142520K(145600K) NonClass: 124359K(125568K)->124359K(125568K) Class: 18160K(20032K)->18160K(20032K)
[2023-02-09T14:41:03.924+0000][68][gc          ] GC(266) Pause Young (Normal) (G1 Evacuation Pause) 200M->116M(256M) 27.249ms
[2023-02-09T14:41:03.925+0000][68][gc,cpu      ] GC(266) User=0.01s Sys=0.00s Real=0.03s
[2023-02-09T14:41:03.925+0000][68][safepoint   ] Safepoint "G1CollectForAllocation", Time since last: 582142785 ns, Reaching safepoint: 300765 ns, At safepoint: 28361684 ns, Total: 28662449 ns
[2023-02-09T14:41:06.931+0000][68][safepoint   ] Safepoint "Cleanup", Time since last: 3005042533 ns, Reaching safepoint: 709881 ns, At safepoint: 33957 ns, Total: 743838 ns
[2023-02-09T14:41:09.937+0000][68][safepoint   ] Safepoint "Cleanup", Time since last: 3005587907 ns, Reaching safepoint: 534957 ns, At safepoint: 13786 ns, Total: 548743 ns
[2023-02-09T14:41:15.946+0000][68][safepoint   ] Safepoint "Cleanup", Time since last: 6008748617 ns, Reaching safepoint: 495631 ns, At safepoint: 14392 ns, Total: 510023 ns
[2023-02-09T14:41:21.932+0000][68][safepoint   ] Safepoint "Cleanup", Time since last: 6007584593 ns, Reaching safepoint: 187687 ns, At safepoint: 4456 ns, Total: 192143 ns
[2023-02-09T14:41:27.942+0000][68][safepoint   ] Safepoint "Cleanup", Time since last: 6009927155 ns, Reaching safepoint: 148244 ns, At safepoint: 5094 ns, Total: 153338 ns
[2023-02-09T14:41:33.241+0000][68][gc,start    ] GC(267) Pause Young (Concurrent Start) (G1 Evacuation Pause)
[2023-02-09T14:41:33.242+0000][68][gc,task     ] GC(267) Using 4 workers of 4 for evacuation
[2023-02-09T14:41:33.243+0000][68][gc,age      ] GC(267) Desired survivor size 6291456 bytes, new threshold 15 (max threshold 15)
[2023-02-09T14:41:33.245+0000][68][gc,phases   ] GC(267)   Pre Evacuate Collection Set: 0.4ms
[2023-02-09T14:41:33.246+0000][68][gc,phases   ] GC(267)   Merge Heap Roots: 0.1ms
[2023-02-09T14:41:33.247+0000][68][gc,phases   ] GC(267)   Evacuate Collection Set: 1.1ms
[2023-02-09T14:41:33.247+0000][68][gc,phases   ] GC(267)   Post Evacuate Collection Set: 0.6ms
[2023-02-09T14:41:33.248+0000][68][gc,phases   ] GC(267)   Other: 1.0ms
[2023-02-09T14:41:33.248+0000][68][gc,age      ] GC(267) Age table with threshold 15 (max threshold 15)
[2023-02-09T14:41:33.249+0000][68][gc,age      ] GC(267) - age   1:     721576 bytes,     721576 total
[2023-02-09T14:41:33.249+0000][68][gc,age      ] GC(267) - age   2:     359912 bytes,    1081488 total
[2023-02-09T14:41:33.249+0000][68][gc,age      ] GC(267) - age   3:       1416 bytes,    1082904 total
[2023-02-09T14:41:33.250+0000][68][gc,age      ] GC(267) - age   4:       3896 bytes,    1086800 total
[2023-02-09T14:41:33.250+0000][68][gc,age      ] GC(267) - age   5:        592 bytes,    1087392 total
[2023-02-09T14:41:33.251+0000][68][gc,age      ] GC(267) - age   6:        424 bytes,    1087816 total
[2023-02-09T14:41:33.251+0000][68][gc,age      ] GC(267) - age   7:       3000 bytes,    1090816 total
[2023-02-09T14:41:33.252+0000][68][gc,age      ] GC(267) - age   8:       1768 bytes,    1092584 total
[2023-02-09T14:41:33.252+0000][68][gc,age      ] GC(267) - age   9:       2280 bytes,    1094864 total
[2023-02-09T14:41:33.252+0000][68][gc,age      ] GC(267) - age  10:       1104 bytes,    1095968 total
[2023-02-09T14:41:33.253+0000][68][gc,age      ] GC(267) - age  11:       1888 bytes,    1097856 total
[2023-02-09T14:41:33.253+0000][68][gc,age      ] GC(267) - age  12:       4528 bytes,    1102384 total
[2023-02-09T14:41:33.254+0000][68][gc,age      ] GC(267) - age  13:     116264 bytes,    1218648 total
[2023-02-09T14:41:33.255+0000][68][gc,age      ] GC(267) - age  14:      11912 bytes,    1230560 total
[2023-02-09T14:41:33.256+0000][68][gc,age      ] GC(267) - age  15:         40 bytes,    1230600 total
[2023-02-09T14:41:33.257+0000][68][gc,heap     ] GC(267) Eden regions: 21->0(21)
[2023-02-09T14:41:33.257+0000][68][gc,heap     ] GC(267) Survivor regions: 1->1(3)
[2023-02-09T14:41:33.258+0000][68][gc,heap     ] GC(267) Old regions: 26->26
[2023-02-09T14:41:33.258+0000][68][gc,heap     ] GC(267) Archive regions: 2->2
[2023-02-09T14:41:33.259+0000][68][gc,heap     ] GC(267) Humongous regions: 2->2
[2023-02-09T14:41:33.259+0000][68][gc,metaspace] GC(267) Metaspace: 142520K(145600K)->142520K(145600K) NonClass: 124359K(125568K)->124359K(125568K) Class: 18160K(20032K)->18160K(20032K)
[2023-02-09T14:41:33.260+0000][68][gc          ] GC(267) Pause Young (Concurrent Start) (G1 Evacuation Pause) 200M->115M(256M) 18.752ms
[2023-02-09T14:41:33.261+0000][68][gc,cpu      ] GC(267) User=0.00s Sys=0.00s Real=0.02s
[2023-02-09T14:41:33.261+0000][68][gc          ] GC(268) Concurrent Mark Cycle
[2023-02-09T14:41:33.262+0000][68][gc,marking  ] GC(268) Concurrent Clear Claimed Marks
[2023-02-09T14:41:33.262+0000][68][safepoint   ] Safepoint "G1CollectForAllocation", Time since last: 5299480743 ns, Reaching safepoint: 88781 ns, At safepoint: 20342822 ns, Total: 20431603 ns
[2023-02-09T14:41:33.263+0000][68][gc,marking  ] GC(268) Concurrent Clear Claimed Marks 0.641ms
[2023-02-09T14:41:33.264+0000][68][gc,marking  ] GC(268) Concurrent Scan Root Regions
[2023-02-09T14:41:33.267+0000][68][gc,marking  ] GC(268) Concurrent Scan Root Regions 2.340ms
[2023-02-09T14:41:33.267+0000][68][gc,marking  ] GC(268) Concurrent Mark
[2023-02-09T14:41:33.268+0000][68][gc,marking  ] GC(268) Concurrent Mark From Roots
[2023-02-09T14:41:33.268+0000][68][gc,task     ] GC(268) Using 1 workers of 1 for marking
[2023-02-09T14:41:33.370+0000][68][gc,marking  ] GC(268) Concurrent Mark From Roots 102.300ms
[2023-02-09T14:41:33.372+0000][68][gc,marking  ] GC(268) Concurrent Preclean
[2023-02-09T14:41:33.372+0000][68][gc,marking  ] GC(268) Concurrent Preclean 0.866ms
[2023-02-09T14:41:33.373+0000][68][gc,start    ] GC(268) Pause Remark
[2023-02-09T14:41:33.385+0000][68][gc          ] GC(268) Pause Remark 118M->118M(256M) 11.115ms
[2023-02-09T14:41:33.385+0000][68][gc,cpu      ] GC(268) User=0.03s Sys=0.00s Real=0.01s
[2023-02-09T14:41:33.386+0000][68][safepoint   ] Safepoint "G1PauseRemark", Time since last: 111477526 ns, Reaching safepoint: 176407 ns, At safepoint: 12649356 ns, Total: 12825763 ns
[2023-02-09T14:41:33.387+0000][68][gc,marking  ] GC(268) Concurrent Mark 119.489ms
[2023-02-09T14:41:33.388+0000][68][gc,marking  ] GC(268) Concurrent Rebuild Remembered Sets
[2023-02-09T14:41:33.442+0000][68][gc,marking  ] GC(268) Concurrent Rebuild Remembered Sets 53.883ms
[2023-02-09T14:41:33.443+0000][68][gc,start    ] GC(268) Pause Cleanup
[2023-02-09T14:41:33.445+0000][68][gc          ] GC(268) Pause Cleanup 118M->118M(256M) 1.267ms
[2023-02-09T14:41:33.446+0000][68][gc,cpu      ] GC(268) User=0.00s Sys=0.00s Real=0.00s
[2023-02-09T14:41:33.466+0000][68][safepoint   ] Safepoint "G1PauseCleanup", Time since last: 57206690 ns, Reaching safepoint: 113453 ns, At safepoint: 22440338 ns, Total: 22553791 ns
[2023-02-09T14:41:33.467+0000][68][gc,marking  ] GC(268) Concurrent Cleanup for Next Mark
[2023-02-09T14:41:33.468+0000][68][gc,marking  ] GC(268) Concurrent Cleanup for Next Mark 1.121ms
[2023-02-09T14:41:33.469+0000][68][gc          ] GC(268) Concurrent Mark Cycle 207.934ms
[2023-02-09T14:41:47.477+0000][68][safepoint   ] Safepoint "Cleanup", Time since last: 14010999850 ns, Reaching safepoint: 534762 ns, At safepoint: 18155 ns, Total: 552917 ns
[2023-02-09T14:41:48.482+0000][68][safepoint   ] Safepoint "Cleanup", Time since last: 1004305642 ns, Reaching safepoint: 362767 ns, At safepoint: 17408 ns, Total: 380175 ns
[2023-02-09T14:41:54.144+0000][68][gc,start    ] GC(269) Pause Young (Normal) (G1 Evacuation Pause)
[2023-02-09T14:41:54.145+0000][68][gc,task     ] GC(269) Using 4 workers of 4 for evacuation
[2023-02-09T14:41:54.146+0000][68][gc,age      ] GC(269) Desired survivor size 6291456 bytes, new threshold 15 (max threshold 15)
[2023-02-09T14:41:54.150+0000][68][gc,phases   ] GC(269)   Pre Evacuate Collection Set: 0.2ms
[2023-02-09T14:41:54.150+0000][68][gc,phases   ] GC(269)   Merge Heap Roots: 0.1ms
[2023-02-09T14:41:54.151+0000][68][gc,phases   ] GC(269)   Evacuate Collection Set: 2.4ms
[2023-02-09T14:41:54.152+0000][68][gc,phases   ] GC(269)   Post Evacuate Collection Set: 0.7ms
[2023-02-09T14:41:54.153+0000][68][gc,phases   ] GC(269)   Other: 1.4ms
[2023-02-09T14:41:54.153+0000][68][gc,age      ] GC(269) Age table with threshold 15 (max threshold 15)
[2023-02-09T14:41:54.154+0000][68][gc,age      ] GC(269) - age   1:     812872 bytes,     812872 total
[2023-02-09T14:41:54.154+0000][68][gc,age      ] GC(269) - age   2:      73448 bytes,     886320 total
[2023-02-09T14:41:54.155+0000][68][gc,age      ] GC(269) - age   3:     354816 bytes,    1241136 total
[2023-02-09T14:41:54.155+0000][68][gc,age      ] GC(269) - age   4:       1096 bytes,    1242232 total
[2023-02-09T14:41:54.156+0000][68][gc,age      ] GC(269) - age   5:       3832 bytes,    1246064 total
[2023-02-09T14:41:54.156+0000][68][gc,age      ] GC(269) - age   6:        528 bytes,    1246592 total
[2023-02-09T14:41:54.157+0000][68][gc,age      ] GC(269) - age   7:        360 bytes,    1246952 total
[2023-02-09T14:41:54.157+0000][68][gc,age      ] GC(269) - age   8:       3000 bytes,    1249952 total
[2023-02-09T14:41:54.158+0000][68][gc,age      ] GC(269) - age   9:       1768 bytes,    1251720 total
[2023-02-09T14:41:54.158+0000][68][gc,age      ] GC(269) - age  10:       2280 bytes,    1254000 total
[2023-02-09T14:41:54.159+0000][68][gc,age      ] GC(269) - age  11:       1104 bytes,    1255104 total
[2023-02-09T14:41:54.159+0000][68][gc,age      ] GC(269) - age  12:       1888 bytes,    1256992 total
[2023-02-09T14:41:54.160+0000][68][gc,age      ] GC(269) - age  13:       4528 bytes,    1261520 total
[2023-02-09T14:41:54.160+0000][68][gc,age      ] GC(269) - age  14:     116264 bytes,    1377784 total
[2023-02-09T14:41:54.161+0000][68][gc,age      ] GC(269) - age  15:      11912 bytes,    1389696 total
[2023-02-09T14:41:54.161+0000][68][gc,heap     ] GC(269) Eden regions: 21->0(21)
[2023-02-09T14:41:54.162+0000][68][gc,heap     ] GC(269) Survivor regions: 1->1(3)
[2023-02-09T14:41:54.162+0000][68][gc,heap     ] GC(269) Old regions: 26->26
[2023-02-09T14:41:54.163+0000][68][gc,heap     ] GC(269) Archive regions: 2->2
[2023-02-09T14:41:54.164+0000][68][gc,heap     ] GC(269) Humongous regions: 2->2
[2023-02-09T14:41:54.164+0000][68][gc,metaspace] GC(269) Metaspace: 142523K(145600K)->142523K(145600K) NonClass: 124362K(125568K)->124362K(125568K) Class: 18160K(20032K)->18160K(20032K)
[2023-02-09T14:41:54.165+0000][68][gc          ] GC(269) Pause Young (Normal) (G1 Evacuation Pause) 199M->115M(256M) 21.053ms
[2023-02-09T14:41:54.165+0000][68][gc,cpu      ] GC(269) User=0.01s Sys=0.01s Real=0.03s
[2023-02-09T14:41:54.166+0000][68][safepoint   ] Safepoint "G1CollectForAllocation", Time since last: 5684591608 ns, Reaching safepoint: 141583 ns, At safepoint: 22183915 ns, Total: 22325498 ns
[2023-02-09T14:41:58.170+0000][68][safepoint   ] Safepoint "Cleanup", Time since last: 4003822493 ns, Reaching safepoint: 314081 ns, At safepoint: 11264 ns, Total: 325345 ns
[2023-02-09T14:42:05.181+0000][68][safepoint   ] Safepoint "Cleanup", Time since last: 7009225604 ns, Reaching safepoint: 1276094 ns, At safepoint: 32592 ns, Total: 1308686 ns
[2023-02-09T14:42:15.640+0000][68][gc,start    ] GC(270) Pause Young (Concurrent Start) (G1 Evacuation Pause)
[2023-02-09T14:42:15.640+0000][68][gc,task     ] GC(270) Using 4 workers of 4 for evacuation
[2023-02-09T14:42:15.641+0000][68][gc,age      ] GC(270) Desired survivor size 6291456 bytes, new threshold 15 (max threshold 15)
[2023-02-09T14:42:15.644+0000][68][gc,phases   ] GC(270)   Pre Evacuate Collection Set: 0.4ms
[2023-02-09T14:42:15.645+0000][68][gc,phases   ] GC(270)   Merge Heap Roots: 0.1ms
[2023-02-09T14:42:15.646+0000][68][gc,phases   ] GC(270)   Evacuate Collection Set: 1.8ms
[2023-02-09T14:42:15.646+0000][68][gc,phases   ] GC(270)   Post Evacuate Collection Set: 0.7ms
[2023-02-09T14:42:15.647+0000][68][gc,phases   ] GC(270)   Other: 0.9ms
[2023-02-09T14:42:15.647+0000][68][gc,age      ] GC(270) Age table with threshold 15 (max threshold 15)
[2023-02-09T14:42:15.648+0000][68][gc,age      ] GC(270) - age   1:    1903360 bytes,    1903360 total
[2023-02-09T14:42:15.648+0000][68][gc,age      ] GC(270) - age   2:     298560 bytes,    2201920 total
[2023-02-09T14:42:15.649+0000][68][gc,age      ] GC(270) - age   3:      70184 bytes,    2272104 total
[2023-02-09T14:42:15.649+0000][68][gc,age      ] GC(270) - age   4:     354752 bytes,    2626856 total
[2023-02-09T14:42:15.650+0000][68][gc,age      ] GC(270) - age   5:        608 bytes,    2627464 total
[2023-02-09T14:42:15.650+0000][68][gc,age      ] GC(270) - age   6:       3832 bytes,    2631296 total
[2023-02-09T14:42:15.651+0000][68][gc,age      ] GC(270) - age   7:        528 bytes,    2631824 total
[2023-02-09T14:42:15.651+0000][68][gc,age      ] GC(270) - age   8:        360 bytes,    2632184 total
[2023-02-09T14:42:15.652+0000][68][gc,age      ] GC(270) - age   9:       3000 bytes,    2635184 total
[2023-02-09T14:42:15.652+0000][68][gc,age      ] GC(270) - age  10:       1768 bytes,    2636952 total
[2023-02-09T14:42:15.653+0000][68][gc,age      ] GC(270) - age  11:       2280 bytes,    2639232 total
[2023-02-09T14:42:15.653+0000][68][gc,age      ] GC(270) - age  12:       1104 bytes,    2640336 total
[2023-02-09T14:42:15.654+0000][68][gc,age      ] GC(270) - age  13:       1888 bytes,    2642224 total
[2023-02-09T14:42:15.654+0000][68][gc,age      ] GC(270) - age  14:       4528 bytes,    2646752 total
[2023-02-09T14:42:15.655+0000][68][gc,age      ] GC(270) - age  15:     116264 bytes,    2763016 total
[2023-02-09T14:42:15.655+0000][68][gc,heap     ] GC(270) Eden regions: 21->0(21)
[2023-02-09T14:42:15.655+0000][68][gc,heap     ] GC(270) Survivor regions: 1->1(3)
[2023-02-09T14:42:15.656+0000][68][gc,heap     ] GC(270) Old regions: 26->26
[2023-02-09T14:42:15.656+0000][68][gc,heap     ] GC(270) Archive regions: 2->2
[2023-02-09T14:42:15.657+0000][68][gc,heap     ] GC(270) Humongous regions: 2->2
[2023-02-09T14:42:15.657+0000][68][gc,metaspace] GC(270) Metaspace: 142529K(145600K)->142529K(145600K) NonClass: 124368K(125568K)->124368K(125568K) Class: 18160K(20032K)->18160K(20032K)
[2023-02-09T14:42:15.658+0000][68][gc          ] GC(270) Pause Young (Concurrent Start) (G1 Evacuation Pause) 199M->117M(256M) 18.479ms
[2023-02-09T14:42:15.659+0000][68][gc,cpu      ] GC(270) User=0.01s Sys=0.00s Real=0.02s
[2023-02-09T14:42:15.659+0000][68][gc          ] GC(271) Concurrent Mark Cycle
[2023-02-09T14:42:15.659+0000][68][gc,marking  ] GC(271) Concurrent Clear Claimed Marks
[2023-02-09T14:42:15.659+0000][68][safepoint   ] Safepoint "G1CollectForAllocation", Time since last: 10458923449 ns, Reaching safepoint: 88060 ns, At safepoint: 19390979 ns, Total: 19479039 ns
[2023-02-09T14:42:15.660+0000][68][gc,marking  ] GC(271) Concurrent Clear Claimed Marks 0.528ms
[2023-02-09T14:42:15.661+0000][68][gc,marking  ] GC(271) Concurrent Scan Root Regions
[2023-02-09T14:42:15.664+0000][68][gc,marking  ] GC(271) Concurrent Scan Root Regions 2.581ms
[2023-02-09T14:42:15.664+0000][68][gc,marking  ] GC(271) Concurrent Mark
[2023-02-09T14:42:15.665+0000][68][gc,marking  ] GC(271) Concurrent Mark From Roots
[2023-02-09T14:42:15.665+0000][68][gc,task     ] GC(271) Using 1 workers of 1 for marking
[2023-02-09T14:42:15.812+0000][68][gc,marking  ] GC(271) Concurrent Mark From Roots 147.358ms
[2023-02-09T14:42:15.813+0000][68][gc,marking  ] GC(271) Concurrent Preclean
[2023-02-09T14:42:15.813+0000][68][gc,marking  ] GC(271) Concurrent Preclean 0.739ms
[2023-02-09T14:42:15.814+0000][68][gc,start    ] GC(271) Pause Remark
[2023-02-09T14:42:15.827+0000][68][gc          ] GC(271) Pause Remark 121M->121M(256M) 12.754ms
[2023-02-09T14:42:15.828+0000][68][gc,cpu      ] GC(271) User=0.04s Sys=0.00s Real=0.02s
[2023-02-09T14:42:15.829+0000][68][safepoint   ] Safepoint "G1PauseRemark", Time since last: 154879026 ns, Reaching safepoint: 102150 ns, At safepoint: 15512874 ns, Total: 15615024 ns
[2023-02-09T14:42:15.830+0000][68][gc,marking  ] GC(271) Concurrent Mark 166.180ms
[2023-02-09T14:42:15.831+0000][68][gc,marking  ] GC(271) Concurrent Rebuild Remembered Sets
[2023-02-09T14:42:15.887+0000][68][gc,marking  ] GC(271) Concurrent Rebuild Remembered Sets 55.980ms
[2023-02-09T14:42:15.889+0000][68][gc,start    ] GC(271) Pause Cleanup
[2023-02-09T14:42:15.890+0000][68][gc          ] GC(271) Pause Cleanup 121M->121M(256M) 0.977ms
[2023-02-09T14:42:15.890+0000][68][gc,cpu      ] GC(271) User=0.00s Sys=0.00s Real=0.00s
[2023-02-09T14:42:15.891+0000][68][safepoint   ] Safepoint "G1PauseCleanup", Time since last: 59112922 ns, Reaching safepoint: 223616 ns, At safepoint: 2213545 ns, Total: 2437161 ns
[2023-02-09T14:42:15.892+0000][68][gc,marking  ] GC(271) Concurrent Cleanup for Next Mark
[2023-02-09T14:42:15.892+0000][68][gc,marking  ] GC(271) Concurrent Cleanup for Next Mark 0.503ms
[2023-02-09T14:42:15.893+0000][68][gc          ] GC(271) Concurrent Mark Cycle 234.023ms
[2023-02-09T14:42:27.883+0000][68][safepoint   ] Safepoint "Cleanup", Time since last: 12014241669 ns, Reaching safepoint: 1067206 ns, At safepoint: 23803 ns, Total: 1091009 ns
[2023-02-09T14:42:30.890+0000][68][safepoint   ] Safepoint "Cleanup", Time since last: 3006870676 ns, Reaching safepoint: 443222 ns, At safepoint: 12259 ns, Total: 455481 ns
[2023-02-09T14:42:36.900+0000][68][safepoint   ] Safepoint "Cleanup", Time since last: 6008608938 ns, Reaching safepoint: 681241 ns, At safepoint: 23798 ns, Total: 705039 ns
[2023-02-09T14:42:39.906+0000][68][safepoint   ] Safepoint "Cleanup", Time since last: 3005945235 ns, Reaching safepoint: 131877 ns, At safepoint: 8807 ns, Total: 140684 ns
[2023-02-09T14:42:40.908+0000][68][safepoint   ] Safepoint "Cleanup", Time since last: 1001611104 ns, Reaching safepoint: 224525 ns, At safepoint: 13561 ns, Total: 238086 ns
[2023-02-09T14:42:41.955+0000][68][gc,start    ] GC(272) Pause Young (Normal) (G1 Evacuation Pause)
[2023-02-09T14:42:41.957+0000][68][gc,task     ] GC(272) Using 4 workers of 4 for evacuation
[2023-02-09T14:42:41.959+0000][68][gc,age      ] GC(272) Desired survivor size 6291456 bytes, new threshold 15 (max threshold 15)
[2023-02-09T14:42:41.966+0000][68][gc,phases   ] GC(272)   Pre Evacuate Collection Set: 0.2ms
[2023-02-09T14:42:41.967+0000][68][gc,phases   ] GC(272)   Merge Heap Roots: 0.1ms
[2023-02-09T14:42:41.968+0000][68][gc,phases   ] GC(272)   Evacuate Collection Set: 4.0ms
[2023-02-09T14:42:41.969+0000][68][gc,phases   ] GC(272)   Post Evacuate Collection Set: 1.4ms
[2023-02-09T14:42:41.970+0000][68][gc,phases   ] GC(272)   Other: 2.8ms
[2023-02-09T14:42:41.970+0000][68][gc,age      ] GC(272) Age table with threshold 15 (max threshold 15)
[2023-02-09T14:42:41.971+0000][68][gc,age      ] GC(272) - age   1:     290384 bytes,     290384 total
[2023-02-09T14:42:41.972+0000][68][gc,age      ] GC(272) - age   2:     116320 bytes,     406704 total
[2023-02-09T14:42:41.972+0000][68][gc,age      ] GC(272) - age   3:     167880 bytes,     574584 total
[2023-02-09T14:42:41.973+0000][68][gc,age      ] GC(272) - age   4:      14664 bytes,     589248 total
[2023-02-09T14:42:41.973+0000][68][gc,age      ] GC(272) - age   5:     300080 bytes,     889328 total
[2023-02-09T14:42:41.974+0000][68][gc,age      ] GC(272) - age   6:        432 bytes,     889760 total
[2023-02-09T14:42:41.974+0000][68][gc,age      ] GC(272) - age   7:       3800 bytes,     893560 total
[2023-02-09T14:42:41.975+0000][68][gc,age      ] GC(272) - age   8:        528 bytes,     894088 total
[2023-02-09T14:42:41.975+0000][68][gc,age      ] GC(272) - age   9:        360 bytes,     894448 total
[2023-02-09T14:42:41.976+0000][68][gc,age      ] GC(272) - age  10:       3000 bytes,     897448 total
[2023-02-09T14:42:41.977+0000][68][gc,age      ] GC(272) - age  11:       1768 bytes,     899216 total
[2023-02-09T14:42:41.978+0000][68][gc,age      ] GC(272) - age  12:       2280 bytes,     901496 total
[2023-02-09T14:42:41.978+0000][68][gc,age      ] GC(272) - age  13:       1104 bytes,     902600 total
[2023-02-09T14:42:41.979+0000][68][gc,age      ] GC(272) - age  14:       1888 bytes,     904488 total
[2023-02-09T14:42:41.980+0000][68][gc,age      ] GC(272) - age  15:       4528 bytes,     909016 total
[2023-02-09T14:42:41.980+0000][68][gc,heap     ] GC(272) Eden regions: 21->0(22)
[2023-02-09T14:42:41.980+0000][68][gc,heap     ] GC(272) Survivor regions: 1->1(3)
[2023-02-09T14:42:41.981+0000][68][gc,heap     ] GC(272) Old regions: 26->26
[2023-02-09T14:42:41.981+0000][68][gc,heap     ] GC(272) Archive regions: 2->2
[2023-02-09T14:42:41.982+0000][68][gc,heap     ] GC(272) Humongous regions: 2->2
[2023-02-09T14:42:41.982+0000][68][gc,metaspace] GC(272) Metaspace: 142532K(145600K)->142532K(145600K) NonClass: 124372K(125568K)->124372K(125568K) Class: 18160K(20032K)->18160K(20032K)
[2023-02-09T14:42:41.983+0000][68][gc          ] GC(272) Pause Young (Normal) (G1 Evacuation Pause) 201M->115M(256M) 28.497ms
[2023-02-09T14:42:41.984+0000][68][gc,cpu      ] GC(272) User=0.01s Sys=0.00s Real=0.03s
[2023-02-09T14:42:41.984+0000][68][safepoint   ] Safepoint "G1CollectForAllocation", Time since last: 1046362032 ns, Reaching safepoint: 522222 ns, At safepoint: 29719154 ns, Total: 30241376 ns
[2023-02-09T14:42:47.989+0000][68][safepoint   ] Safepoint "Cleanup", Time since last: 6004517056 ns, Reaching safepoint: 338260 ns, At safepoint: 13048 ns, Total: 351308 ns
[2023-02-09T14:42:50.973+0000][68][safepoint   ] Safepoint "Cleanup", Time since last: 3004808293 ns, Reaching safepoint: 306005 ns, At safepoint: 9366 ns, Total: 315371 ns
[2023-02-09T14:43:02.985+0000][68][safepoint   ] Safepoint "Cleanup", Time since last: 12011749429 ns, Reaching safepoint: 165602 ns, At safepoint: 3819 ns, Total: 169421 ns
[2023-02-09T14:43:04.988+0000][68][safepoint   ] Safepoint "Cleanup", Time since last: 2003032444 ns, Reaching safepoint: 238765 ns, At safepoint: 40729 ns, Total: 279494 ns
[2023-02-09T14:43:09.145+0000][68][gc,start    ] GC(273) Pause Young (Concurrent Start) (G1 Evacuation Pause)
[2023-02-09T14:43:09.145+0000][68][gc,task     ] GC(273) Using 4 workers of 4 for evacuation
[2023-02-09T14:43:09.146+0000][68][gc,age      ] GC(273) Desired survivor size 6291456 bytes, new threshold 15 (max threshold 15)
[2023-02-09T14:43:09.149+0000][68][gc,phases   ] GC(273)   Pre Evacuate Collection Set: 0.4ms
[2023-02-09T14:43:09.149+0000][68][gc,phases   ] GC(273)   Merge Heap Roots: 0.1ms
[2023-02-09T14:43:09.150+0000][68][gc,phases   ] GC(273)   Evacuate Collection Set: 1.1ms
[2023-02-09T14:43:09.150+0000][68][gc,phases   ] GC(273)   Post Evacuate Collection Set: 0.7ms
[2023-02-09T14:43:09.150+0000][68][gc,phases   ] GC(273)   Other: 1.0ms
[2023-02-09T14:43:09.151+0000][68][gc,age      ] GC(273) Age table with threshold 15 (max threshold 15)
[2023-02-09T14:43:09.151+0000][68][gc,age      ] GC(273) - age   1:     859536 bytes,     859536 total
[2023-02-09T14:43:09.152+0000][68][gc,age      ] GC(273) - age   2:      32184 bytes,     891720 total
[2023-02-09T14:43:09.152+0000][68][gc,age      ] GC(273) - age   3:     114704 bytes,    1006424 total
[2023-02-09T14:43:09.152+0000][68][gc,age      ] GC(273) - age   4:     149128 bytes,    1155552 total
[2023-02-09T14:43:09.153+0000][68][gc,age      ] GC(273) - age   5:        168 bytes,    1155720 total
[2023-02-09T14:43:09.153+0000][68][gc,age      ] GC(273) - age   6:     185912 bytes,    1341632 total
[2023-02-09T14:43:09.153+0000][68][gc,age      ] GC(273) - age   7:        432 bytes,    1342064 total
[2023-02-09T14:43:09.154+0000][68][gc,age      ] GC(273) - age   8:       3736 bytes,    1345800 total
[2023-02-09T14:43:09.154+0000][68][gc,age      ] GC(273) - age   9:        528 bytes,    1346328 total
[2023-02-09T14:43:09.154+0000][68][gc,age      ] GC(273) - age  10:        360 bytes,    1346688 total
[2023-02-09T14:43:09.155+0000][68][gc,age      ] GC(273) - age  11:       3000 bytes,    1349688 total
[2023-02-09T14:43:09.156+0000][68][gc,age      ] GC(273) - age  12:       1768 bytes,    1351456 total
[2023-02-09T14:43:09.156+0000][68][gc,age      ] GC(273) - age  13:       2280 bytes,    1353736 total
[2023-02-09T14:43:09.156+0000][68][gc,age      ] GC(273) - age  14:       1104 bytes,    1354840 total
[2023-02-09T14:43:09.157+0000][68][gc,age      ] GC(273) - age  15:       1888 bytes,    1356728 total
[2023-02-09T14:43:09.157+0000][68][gc,heap     ] GC(273) Eden regions: 22->0(22)
[2023-02-09T14:43:09.157+0000][68][gc,heap     ] GC(273) Survivor regions: 1->1(3)
[2023-02-09T14:43:09.158+0000][68][gc,heap     ] GC(273) Old regions: 26->26
[2023-02-09T14:43:09.158+0000][68][gc,heap     ] GC(273) Archive regions: 2->2
[2023-02-09T14:43:09.158+0000][68][gc,heap     ] GC(273) Humongous regions: 2->2
[2023-02-09T14:43:09.159+0000][68][gc,metaspace] GC(273) Metaspace: 142535K(145600K)->142535K(145600K) NonClass: 124375K(125568K)->124375K(125568K) Class: 18160K(20032K)->18160K(20032K)
[2023-02-09T14:43:09.159+0000][68][gc          ] GC(273) Pause Young (Concurrent Start) (G1 Evacuation Pause) 203M->116M(256M) 14.444ms
[2023-02-09T14:43:09.160+0000][68][gc          ] GC(274) Concurrent Mark Cycle
[2023-02-09T14:43:09.160+0000][68][gc,marking  ] GC(274) Concurrent Clear Claimed Marks
[2023-02-09T14:43:09.160+0000][68][gc,cpu      ] GC(273) User=0.01s Sys=0.00s Real=0.02s
[2023-02-09T14:43:09.161+0000][68][gc,marking  ] GC(274) Concurrent Clear Claimed Marks 0.676ms
[2023-02-09T14:43:09.162+0000][68][gc,marking  ] GC(274) Concurrent Scan Root Regions
[2023-02-09T14:43:09.161+0000][68][safepoint   ] Safepoint "G1CollectForAllocation", Time since last: 4156557649 ns, Reaching safepoint: 113499 ns, At safepoint: 16429773 ns, Total: 16543272 ns
[2023-02-09T14:43:09.164+0000][68][gc,marking  ] GC(274) Concurrent Scan Root Regions 2.244ms
[2023-02-09T14:43:09.164+0000][68][gc,marking  ] GC(274) Concurrent Mark
[2023-02-09T14:43:09.165+0000][68][gc,marking  ] GC(274) Concurrent Mark From Roots
[2023-02-09T14:43:09.165+0000][68][gc,task     ] GC(274) Using 1 workers of 1 for marking
[2023-02-09T14:43:09.269+0000][68][gc,marking  ] GC(274) Concurrent Mark From Roots 104.271ms
[2023-02-09T14:43:09.270+0000][68][gc,marking  ] GC(274) Concurrent Preclean
[2023-02-09T14:43:09.271+0000][68][gc,marking  ] GC(274) Concurrent Preclean 0.604ms
[2023-02-09T14:43:09.271+0000][68][gc,start    ] GC(274) Pause Remark
[2023-02-09T14:43:09.280+0000][68][gc          ] GC(274) Pause Remark 120M->120M(256M) 8.790ms
[2023-02-09T14:43:09.281+0000][68][gc,cpu      ] GC(274) User=0.02s Sys=0.00s Real=0.01s
[2023-02-09T14:43:09.281+0000][68][safepoint   ] Safepoint "G1PauseRemark", Time since last: 110048664 ns, Reaching safepoint: 101230 ns, At safepoint: 9989337 ns, Total: 10090567 ns
[2023-02-09T14:43:09.282+0000][68][gc,marking  ] GC(274) Concurrent Mark 117.518ms
[2023-02-09T14:43:09.282+0000][68][gc,marking  ] GC(274) Concurrent Rebuild Remembered Sets
[2023-02-09T14:43:09.332+0000][68][gc,marking  ] GC(274) Concurrent Rebuild Remembered Sets 49.996ms
[2023-02-09T14:43:09.333+0000][68][gc,start    ] GC(274) Pause Cleanup
[2023-02-09T14:43:09.334+0000][68][gc          ] GC(274) Pause Cleanup 120M->120M(256M) 0.693ms
[2023-02-09T14:43:09.334+0000][68][gc,cpu      ] GC(274) User=0.00s Sys=0.00s Real=0.00s
[2023-02-09T14:43:09.335+0000][68][safepoint   ] Safepoint "G1PauseCleanup", Time since last: 51852060 ns, Reaching safepoint: 131516 ns, At safepoint: 1635112 ns, Total: 1766628 ns
[2023-02-09T14:43:09.335+0000][68][gc,marking  ] GC(274) Concurrent Cleanup for Next Mark
[2023-02-09T14:43:09.336+0000][68][gc,marking  ] GC(274) Concurrent Cleanup for Next Mark 0.814ms
[2023-02-09T14:43:09.337+0000][68][gc          ] GC(274) Concurrent Mark Cycle 177.190ms
[2023-02-09T14:43:19.347+0000][68][safepoint   ] Safepoint "Cleanup", Time since last: 10011643124 ns, Reaching safepoint: 163379 ns, At safepoint: 13110 ns, Total: 176489 ns
[2023-02-09T14:43:36.342+0000][68][safepoint   ] Safepoint "Cleanup", Time since last: 17017310710 ns, Reaching safepoint: 278356 ns, At safepoint: 27709 ns, Total: 306065 ns
[2023-02-09T14:43:38.924+0000][68][gc,start    ] GC(275) Pause Young (Normal) (G1 Evacuation Pause)
[2023-02-09T14:43:38.925+0000][68][gc,task     ] GC(275) Using 4 workers of 4 for evacuation
[2023-02-09T14:43:38.925+0000][68][gc,age      ] GC(275) Desired survivor size 6291456 bytes, new threshold 15 (max threshold 15)
[2023-02-09T14:43:38.929+0000][68][gc,phases   ] GC(275)   Pre Evacuate Collection Set: 0.1ms
[2023-02-09T14:43:38.929+0000][68][gc,phases   ] GC(275)   Merge Heap Roots: 0.1ms
[2023-02-09T14:43:38.930+0000][68][gc,phases   ] GC(275)   Evacuate Collection Set: 1.4ms
[2023-02-09T14:43:38.930+0000][68][gc,phases   ] GC(275)   Post Evacuate Collection Set: 1.1ms
[2023-02-09T14:43:38.931+0000][68][gc,phases   ] GC(275)   Other: 1.3ms
[2023-02-09T14:43:38.931+0000][68][gc,age      ] GC(275) Age table with threshold 15 (max threshold 15)
[2023-02-09T14:43:38.932+0000][68][gc,age      ] GC(275) - age   1:     378792 bytes,     378792 total
[2023-02-09T14:43:38.932+0000][68][gc,age      ] GC(275) - age   2:     530696 bytes,     909488 total
[2023-02-09T14:43:38.933+0000][68][gc,age      ] GC(275) - age   3:      30552 bytes,     940040 total
[2023-02-09T14:43:38.933+0000][68][gc,age      ] GC(275) - age   4:     114416 bytes,    1054456 total
[2023-02-09T14:43:38.934+0000][68][gc,age      ] GC(275) - age   5:     149064 bytes,    1203520 total
[2023-02-09T14:43:38.934+0000][68][gc,age      ] GC(275) - age   6:        168 bytes,    1203688 total
[2023-02-09T14:43:38.935+0000][68][gc,age      ] GC(275) - age   7:     185592 bytes,    1389280 total
[2023-02-09T14:43:38.935+0000][68][gc,age      ] GC(275) - age   8:        432 bytes,    1389712 total
[2023-02-09T14:43:38.936+0000][68][gc,age      ] GC(275) - age   9:       3736 bytes,    1393448 total
[2023-02-09T14:43:38.936+0000][68][gc,age      ] GC(275) - age  10:        528 bytes,    1393976 total
[2023-02-09T14:43:38.936+0000][68][gc,age      ] GC(275) - age  11:        360 bytes,    1394336 total
[2023-02-09T14:43:38.937+0000][68][gc,age      ] GC(275) - age  12:       2792 bytes,    1397128 total
[2023-02-09T14:43:38.937+0000][68][gc,age      ] GC(275) - age  13:       1768 bytes,    1398896 total
[2023-02-09T14:43:38.938+0000][68][gc,age      ] GC(275) - age  14:       2280 bytes,    1401176 total
[2023-02-09T14:43:38.938+0000][68][gc,age      ] GC(275) - age  15:       1104 bytes,    1402280 total
[2023-02-09T14:43:38.938+0000][68][gc,heap     ] GC(275) Eden regions: 22->0(22)
[2023-02-09T14:43:38.939+0000][68][gc,heap     ] GC(275) Survivor regions: 1->1(3)
[2023-02-09T14:43:38.939+0000][68][gc,heap     ] GC(275) Old regions: 26->26
[2023-02-09T14:43:38.940+0000][68][gc,heap     ] GC(275) Archive regions: 2->2
[2023-02-09T14:43:38.940+0000][68][gc,heap     ] GC(275) Humongous regions: 2->2
[2023-02-09T14:43:38.941+0000][68][gc,metaspace] GC(275) Metaspace: 142546K(145664K)->142546K(145664K) NonClass: 124385K(125632K)->124385K(125632K) Class: 18160K(20032K)->18160K(20032K)
[2023-02-09T14:43:38.941+0000][68][gc          ] GC(275) Pause Young (Normal) (G1 Evacuation Pause) 204M->116M(256M) 17.673ms
[2023-02-09T14:43:38.942+0000][68][gc,cpu      ] GC(275) User=0.00s Sys=0.00s Real=0.02s
[2023-02-09T14:43:38.943+0000][68][safepoint   ] Safepoint "G1CollectForAllocation", Time since last: 2581546393 ns, Reaching safepoint: 125616 ns, At safepoint: 18841385 ns, Total: 18967001 ns
[2023-02-09T14:43:56.937+0000][68][safepoint   ] Safepoint "Cleanup", Time since last: 18015954136 ns, Reaching safepoint: 192437 ns, At safepoint: 40309 ns, Total: 232746 ns
[2023-02-09T14:44:03.883+0000][68][gc,start    ] GC(276) Pause Young (Concurrent Start) (G1 Evacuation Pause)
[2023-02-09T14:44:03.883+0000][68][gc,task     ] GC(276) Using 4 workers of 4 for evacuation
[2023-02-09T14:44:03.884+0000][68][gc,age      ] GC(276) Desired survivor size 6291456 bytes, new threshold 15 (max threshold 15)
[2023-02-09T14:44:03.887+0000][68][gc,phases   ] GC(276)   Pre Evacuate Collection Set: 0.3ms
[2023-02-09T14:44:03.888+0000][68][gc,phases   ] GC(276)   Merge Heap Roots: 0.1ms
[2023-02-09T14:44:03.889+0000][68][gc,phases   ] GC(276)   Evacuate Collection Set: 1.6ms
[2023-02-09T14:44:03.889+0000][68][gc,phases   ] GC(276)   Post Evacuate Collection Set: 0.6ms
[2023-02-09T14:44:03.890+0000][68][gc,phases   ] GC(276)   Other: 1.2ms
[2023-02-09T14:44:03.890+0000][68][gc,age      ] GC(276) Age table with threshold 15 (max threshold 15)
[2023-02-09T14:44:03.891+0000][68][gc,age      ] GC(276) - age   1:     833120 bytes,     833120 total
[2023-02-09T14:44:03.891+0000][68][gc,age      ] GC(276) - age   2:     136136 bytes,     969256 total
[2023-02-09T14:44:03.892+0000][68][gc,age      ] GC(276) - age   3:     455976 bytes,    1425232 total
[2023-02-09T14:44:03.892+0000][68][gc,age      ] GC(276) - age   4:      30488 bytes,    1455720 total
[2023-02-09T14:44:03.893+0000][68][gc,age      ] GC(276) - age   5:     114416 bytes,    1570136 total
[2023-02-09T14:44:03.893+0000][68][gc,age      ] GC(276) - age   6:      37640 bytes,    1607776 total
[2023-02-09T14:44:03.894+0000][68][gc,age      ] GC(276) - age   7:        168 bytes,    1607944 total
[2023-02-09T14:44:03.894+0000][68][gc,age      ] GC(276) - age   8:     185464 bytes,    1793408 total
[2023-02-09T14:44:03.895+0000][68][gc,age      ] GC(276) - age   9:        368 bytes,    1793776 total
[2023-02-09T14:44:03.895+0000][68][gc,age      ] GC(276) - age  10:       3736 bytes,    1797512 total
[2023-02-09T14:44:03.896+0000][68][gc,age      ] GC(276) - age  11:        528 bytes,    1798040 total
[2023-02-09T14:44:03.897+0000][68][gc,age      ] GC(276) - age  12:        360 bytes,    1798400 total
[2023-02-09T14:44:03.897+0000][68][gc,age      ] GC(276) - age  13:       2792 bytes,    1801192 total
[2023-02-09T14:44:03.898+0000][68][gc,age      ] GC(276) - age  14:       1768 bytes,    1802960 total
[2023-02-09T14:44:03.899+0000][68][gc,age      ] GC(276) - age  15:       2280 bytes,    1805240 total
[2023-02-09T14:44:03.899+0000][68][gc,heap     ] GC(276) Eden regions: 22->0(22)
[2023-02-09T14:44:03.900+0000][68][gc,heap     ] GC(276) Survivor regions: 1->1(3)
[2023-02-09T14:44:03.901+0000][68][gc,heap     ] GC(276) Old regions: 26->26
[2023-02-09T14:44:03.901+0000][68][gc,heap     ] GC(276) Archive regions: 2->2
[2023-02-09T14:44:03.902+0000][68][gc,heap     ] GC(276) Humongous regions: 2->2
[2023-02-09T14:44:03.903+0000][68][gc,metaspace] GC(276) Metaspace: 142548K(145664K)->142548K(145664K) NonClass: 124388K(125632K)->124388K(125632K) Class: 18160K(20032K)->18160K(20032K)
[2023-02-09T14:44:03.903+0000][68][gc          ] GC(276) Pause Young (Concurrent Start) (G1 Evacuation Pause) 204M->116M(256M) 20.480ms
[2023-02-09T14:44:03.904+0000][68][gc          ] GC(277) Concurrent Mark Cycle
[2023-02-09T14:44:03.905+0000][68][gc,marking  ] GC(277) Concurrent Clear Claimed Marks
[2023-02-09T14:44:03.904+0000][68][gc,cpu      ] GC(276) User=0.01s Sys=0.00s Real=0.02s
[2023-02-09T14:44:03.906+0000][68][safepoint   ] Safepoint "G1CollectForAllocation", Time since last: 6945359779 ns, Reaching safepoint: 91239 ns, At safepoint: 23363027 ns, Total: 23454266 ns
[2023-02-09T14:44:03.905+0000][68][gc,marking  ] GC(277) Concurrent Clear Claimed Marks 0.796ms
[2023-02-09T14:44:03.908+0000][68][gc,marking  ] GC(277) Concurrent Scan Root Regions
[2023-02-09T14:44:03.910+0000][68][gc,marking  ] GC(277) Concurrent Scan Root Regions 2.590ms
[2023-02-09T14:44:03.911+0000][68][gc,marking  ] GC(277) Concurrent Mark
[2023-02-09T14:44:03.912+0000][68][gc,marking  ] GC(277) Concurrent Mark From Roots
[2023-02-09T14:44:03.914+0000][68][gc,task     ] GC(277) Using 1 workers of 1 for marking
[2023-02-09T14:44:04.084+0000][68][gc,marking  ] GC(277) Concurrent Mark From Roots 172.160ms
[2023-02-09T14:44:04.085+0000][68][gc,marking  ] GC(277) Concurrent Preclean
[2023-02-09T14:44:04.086+0000][68][gc,marking  ] GC(277) Concurrent Preclean 0.625ms
[2023-02-09T14:44:04.086+0000][68][gc,start    ] GC(277) Pause Remark
[2023-02-09T14:44:04.097+0000][68][gc          ] GC(277) Pause Remark 118M->118M(256M) 10.619ms
[2023-02-09T14:44:04.098+0000][68][gc,cpu      ] GC(277) User=0.03s Sys=0.00s Real=0.01s
[2023-02-09T14:44:04.099+0000][68][safepoint   ] Safepoint "G1PauseRemark", Time since last: 180120403 ns, Reaching safepoint: 74914 ns, At safepoint: 12426389 ns, Total: 12501303 ns
[2023-02-09T14:44:04.099+0000][68][gc,marking  ] GC(277) Concurrent Mark 188.448ms
[2023-02-09T14:44:04.100+0000][68][gc,marking  ] GC(277) Concurrent Rebuild Remembered Sets
[2023-02-09T14:44:04.148+0000][68][gc,marking  ] GC(277) Concurrent Rebuild Remembered Sets 48.586ms
[2023-02-09T14:44:04.149+0000][68][gc,start    ] GC(277) Pause Cleanup
[2023-02-09T14:44:04.150+0000][68][gc          ] GC(277) Pause Cleanup 118M->118M(256M) 0.792ms
[2023-02-09T14:44:04.151+0000][68][gc,cpu      ] GC(277) User=0.00s Sys=0.00s Real=0.00s
[2023-02-09T14:44:04.152+0000][68][safepoint   ] Safepoint "G1PauseCleanup", Time since last: 50578980 ns, Reaching safepoint: 81869 ns, At safepoint: 2188507 ns, Total: 2270376 ns
[2023-02-09T14:44:04.152+0000][68][gc,marking  ] GC(277) Concurrent Cleanup for Next Mark
[2023-02-09T14:44:04.153+0000][68][gc,marking  ] GC(277) Concurrent Cleanup for Next Mark 0.575ms
[2023-02-09T14:44:04.153+0000][68][gc          ] GC(277) Concurrent Mark Cycle 249.230ms
[2023-02-09T14:44:05.154+0000][68][safepoint   ] Safepoint "Cleanup", Time since last: 1001987165 ns, Reaching safepoint: 102707 ns, At safepoint: 4074 ns, Total: 106781 ns
[2023-02-09T14:44:20.346+0000][68][safepoint   ] Safepoint "Cleanup", Time since last: 15213029378 ns, Reaching safepoint: 84038 ns, At safepoint: 2542 ns, Total: 86580 ns
[2023-02-09T14:44:21.347+0000][68][safepoint   ] Safepoint "Cleanup", Time since last: 1001085443 ns, Reaching safepoint: 244145 ns, At safepoint: 18979 ns, Total: 263124 ns
[2023-02-09T14:44:22.352+0000][68][safepoint   ] Safepoint "Cleanup", Time since last: 1004388103 ns, Reaching safepoint: 851319 ns, At safepoint: 35702 ns, Total: 887021 ns
[2023-02-09T14:44:32.934+0000][68][gc,start    ] GC(278) Pause Young (Normal) (G1 Evacuation Pause)
[2023-02-09T14:44:32.935+0000][68][gc,task     ] GC(278) Using 4 workers of 4 for evacuation
[2023-02-09T14:44:32.935+0000][68][gc,age      ] GC(278) Desired survivor size 6291456 bytes, new threshold 15 (max threshold 15)
[2023-02-09T14:44:32.940+0000][68][gc,phases   ] GC(278)   Pre Evacuate Collection Set: 0.1ms
[2023-02-09T14:44:32.941+0000][68][gc,phases   ] GC(278)   Merge Heap Roots: 0.1ms
[2023-02-09T14:44:32.941+0000][68][gc,phases   ] GC(278)   Evacuate Collection Set: 2.7ms
[2023-02-09T14:44:32.942+0000][68][gc,phases   ] GC(278)   Post Evacuate Collection Set: 1.1ms
[2023-02-09T14:44:32.943+0000][68][gc,phases   ] GC(278)   Other: 1.0ms
[2023-02-09T14:44:32.943+0000][68][gc,age      ] GC(278) Age table with threshold 15 (max threshold 15)
[2023-02-09T14:44:32.944+0000][68][gc,age      ] GC(278) - age   1:    1051904 bytes,    1051904 total
[2023-02-09T14:44:32.944+0000][68][gc,age      ] GC(278) - age   2:      42536 bytes,    1094440 total
[2023-02-09T14:44:32.944+0000][68][gc,age      ] GC(278) - age   3:     120568 bytes,    1215008 total
[2023-02-09T14:44:32.945+0000][68][gc,age      ] GC(278) - age   4:     455520 bytes,    1670528 total
[2023-02-09T14:44:32.945+0000][68][gc,age      ] GC(278) - age   5:      30312 bytes,    1700840 total
[2023-02-09T14:44:32.946+0000][68][gc,age      ] GC(278) - age   6:     114416 bytes,    1815256 total
[2023-02-09T14:44:32.946+0000][68][gc,age      ] GC(278) - age   7:      13056 bytes,    1828312 total
[2023-02-09T14:44:32.947+0000][68][gc,age      ] GC(278) - age   8:        168 bytes,    1828480 total
[2023-02-09T14:44:32.947+0000][68][gc,age      ] GC(278) - age   9:     181728 bytes,    2010208 total
[2023-02-09T14:44:32.947+0000][68][gc,age      ] GC(278) - age  10:        184 bytes,    2010392 total
[2023-02-09T14:44:32.948+0000][68][gc,age      ] GC(278) - age  11:       3736 bytes,    2014128 total
[2023-02-09T14:44:32.948+0000][68][gc,age      ] GC(278) - age  12:        464 bytes,    2014592 total
[2023-02-09T14:44:32.948+0000][68][gc,age      ] GC(278) - age  13:        296 bytes,    2014888 total
[2023-02-09T14:44:32.949+0000][68][gc,age      ] GC(278) - age  14:       2792 bytes,    2017680 total
[2023-02-09T14:44:32.949+0000][68][gc,age      ] GC(278) - age  15:       1768 bytes,    2019448 total
[2023-02-09T14:44:32.950+0000][68][gc,heap     ] GC(278) Eden regions: 22->0(22)
[2023-02-09T14:44:32.950+0000][68][gc,heap     ] GC(278) Survivor regions: 1->1(3)
[2023-02-09T14:44:32.951+0000][68][gc,heap     ] GC(278) Old regions: 26->26
[2023-02-09T14:44:32.951+0000][68][gc,heap     ] GC(278) Archive regions: 2->2
[2023-02-09T14:44:32.952+0000][68][gc,heap     ] GC(278) Humongous regions: 2->2
[2023-02-09T14:44:32.952+0000][68][gc,metaspace] GC(278) Metaspace: 142615K(145728K)->142615K(145728K) NonClass: 124454K(125696K)->124454K(125696K) Class: 18160K(20032K)->18160K(20032K)
[2023-02-09T14:44:32.952+0000][68][gc          ] GC(278) Pause Young (Normal) (G1 Evacuation Pause) 204M->116M(256M) 18.241ms
[2023-02-09T14:44:32.953+0000][68][gc,cpu      ] GC(278) User=0.00s Sys=0.00s Real=0.02s
[2023-02-09T14:44:32.953+0000][68][safepoint   ] Safepoint "G1CollectForAllocation", Time since last: 10581846194 ns, Reaching safepoint: 108480 ns, At safepoint: 19125642 ns, Total: 19234122 ns
[2023-02-09T14:44:39.959+0000][68][safepoint   ] Safepoint "Cleanup", Time since last: 7005095604 ns, Reaching safepoint: 132798 ns, At safepoint: 10123 ns, Total: 142921 ns
[2023-02-09T14:44:46.966+0000][68][safepoint   ] Safepoint "Cleanup", Time since last: 7007163657 ns, Reaching safepoint: 384298 ns, At safepoint: 8874 ns, Total: 393172 ns
[2023-02-09T14:44:51.949+0000][68][safepoint   ] Safepoint "Cleanup", Time since last: 5005756692 ns, Reaching safepoint: 348753 ns, At safepoint: 12907 ns, Total: 361660 ns
[2023-02-09T14:45:02.963+0000][68][safepoint   ] Safepoint "Cleanup", Time since last: 11014162786 ns, Reaching safepoint: 104153 ns, At safepoint: 4196 ns, Total: 108349 ns
[2023-02-09T14:45:03.226+0000][68][gc,start    ] GC(279) Pause Young (Concurrent Start) (G1 Evacuation Pause)
[2023-02-09T14:45:03.228+0000][68][gc,task     ] GC(279) Using 4 workers of 4 for evacuation
[2023-02-09T14:45:03.229+0000][68][gc,age      ] GC(279) Desired survivor size 6291456 bytes, new threshold 15 (max threshold 15)
[2023-02-09T14:45:03.236+0000][68][gc,phases   ] GC(279)   Pre Evacuate Collection Set: 0.8ms
[2023-02-09T14:45:03.237+0000][68][gc,phases   ] GC(279)   Merge Heap Roots: 0.1ms
[2023-02-09T14:45:03.238+0000][68][gc,phases   ] GC(279)   Evacuate Collection Set: 3.0ms
[2023-02-09T14:45:03.239+0000][68][gc,phases   ] GC(279)   Post Evacuate Collection Set: 1.7ms
[2023-02-09T14:45:03.240+0000][68][gc,phases   ] GC(279)   Other: 2.1ms
[2023-02-09T14:45:03.241+0000][68][gc,age      ] GC(279) Age table with threshold 15 (max threshold 15)
[2023-02-09T14:45:03.241+0000][68][gc,age      ] GC(279) - age   1:     908368 bytes,     908368 total
[2023-02-09T14:45:03.243+0000][68][gc,age      ] GC(279) - age   2:       8856 bytes,     917224 total
[2023-02-09T14:45:03.244+0000][68][gc,age      ] GC(279) - age   3:      41832 bytes,     959056 total
[2023-02-09T14:45:03.244+0000][68][gc,age      ] GC(279) - age   4:     120480 bytes,    1079536 total
[2023-02-09T14:45:03.245+0000][68][gc,age      ] GC(279) - age   5:     454736 bytes,    1534272 total
[2023-02-09T14:45:03.246+0000][68][gc,age      ] GC(279) - age   6:      30312 bytes,    1564584 total
[2023-02-09T14:45:03.247+0000][68][gc,age      ] GC(279) - age   7:      36552 bytes,    1601136 total
[2023-02-09T14:45:03.247+0000][68][gc,age      ] GC(279) - age   8:      13056 bytes,    1614192 total
[2023-02-09T14:45:03.248+0000][68][gc,age      ] GC(279) - age   9:        104 bytes,    1614296 total
[2023-02-09T14:45:03.249+0000][68][gc,age      ] GC(279) - age  10:     181728 bytes,    1796024 total
[2023-02-09T14:45:03.250+0000][68][gc,age      ] GC(279) - age  11:        184 bytes,    1796208 total
[2023-02-09T14:45:03.251+0000][68][gc,age      ] GC(279) - age  12:       3736 bytes,    1799944 total
[2023-02-09T14:45:03.252+0000][68][gc,age      ] GC(279) - age  13:        464 bytes,    1800408 total
[2023-02-09T14:45:03.253+0000][68][gc,age      ] GC(279) - age  14:        296 bytes,    1800704 total
[2023-02-09T14:45:03.254+0000][68][gc,age      ] GC(279) - age  15:       2792 bytes,    1803496 total
[2023-02-09T14:45:03.255+0000][68][gc,heap     ] GC(279) Eden regions: 22->0(22)
[2023-02-09T14:45:03.255+0000][68][gc,heap     ] GC(279) Survivor regions: 1->1(3)
[2023-02-09T14:45:03.256+0000][68][gc,heap     ] GC(279) Old regions: 26->26
[2023-02-09T14:45:03.256+0000][68][gc,heap     ] GC(279) Archive regions: 2->2
[2023-02-09T14:45:03.257+0000][68][gc,heap     ] GC(279) Humongous regions: 2->2
[2023-02-09T14:45:03.257+0000][68][gc,metaspace] GC(279) Metaspace: 142616K(145728K)->142616K(145728K) NonClass: 124455K(125696K)->124455K(125696K) Class: 18160K(20032K)->18160K(20032K)
[2023-02-09T14:45:03.258+0000][68][gc          ] GC(279) Pause Young (Concurrent Start) (G1 Evacuation Pause) 204M->116M(256M) 31.649ms
[2023-02-09T14:45:03.259+0000][68][gc,cpu      ] GC(279) User=0.02s Sys=0.00s Real=0.03s
[2023-02-09T14:45:03.259+0000][68][gc          ] GC(280) Concurrent Mark Cycle
[2023-02-09T14:45:03.260+0000][68][gc,marking  ] GC(280) Concurrent Clear Claimed Marks
[2023-02-09T14:45:03.259+0000][68][safepoint   ] Safepoint "G1CollectForAllocation", Time since last: 262733547 ns, Reaching safepoint: 186500 ns, At safepoint: 32987600 ns, Total: 33174100 ns
[2023-02-09T14:45:03.261+0000][68][gc,marking  ] GC(280) Concurrent Clear Claimed Marks 0.719ms
[2023-02-09T14:45:03.262+0000][68][gc,marking  ] GC(280) Concurrent Scan Root Regions
[2023-02-09T14:45:03.265+0000][68][gc,marking  ] GC(280) Concurrent Scan Root Regions 2.679ms
[2023-02-09T14:45:03.265+0000][68][gc,marking  ] GC(280) Concurrent Mark
[2023-02-09T14:45:03.266+0000][68][gc,marking  ] GC(280) Concurrent Mark From Roots
[2023-02-09T14:45:03.267+0000][68][gc,task     ] GC(280) Using 1 workers of 1 for marking
[2023-02-09T14:45:03.425+0000][68][gc,marking  ] GC(280) Concurrent Mark From Roots 158.565ms
[2023-02-09T14:45:03.427+0000][68][gc,marking  ] GC(280) Concurrent Preclean
[2023-02-09T14:45:03.429+0000][68][gc,marking  ] GC(280) Concurrent Preclean 2.026ms
[2023-02-09T14:45:03.430+0000][68][gc,start    ] GC(280) Pause Remark
[2023-02-09T14:45:03.444+0000][68][gc          ] GC(280) Pause Remark 121M->121M(256M) 13.871ms
[2023-02-09T14:45:03.445+0000][68][gc,cpu      ] GC(280) User=0.04s Sys=0.00s Real=0.02s
[2023-02-09T14:45:03.447+0000][68][safepoint   ] Safepoint "G1PauseRemark", Time since last: 170719170 ns, Reaching safepoint: 115437 ns, At safepoint: 17030083 ns, Total: 17145520 ns
[2023-02-09T14:45:03.448+0000][68][gc,marking  ] GC(280) Concurrent Mark 183.102ms
[2023-02-09T14:45:03.450+0000][68][gc,marking  ] GC(280) Concurrent Rebuild Remembered Sets
[2023-02-09T14:45:03.547+0000][68][gc,marking  ] GC(280) Concurrent Rebuild Remembered Sets 96.958ms
[2023-02-09T14:45:03.549+0000][68][gc,start    ] GC(280) Pause Cleanup
[2023-02-09T14:45:03.549+0000][68][gc          ] GC(280) Pause Cleanup 122M->122M(256M) 0.525ms
[2023-02-09T14:45:03.550+0000][68][gc,cpu      ] GC(280) User=0.00s Sys=0.00s Real=0.00s
[2023-02-09T14:45:03.551+0000][68][safepoint   ] Safepoint "G1PauseCleanup", Time since last: 101509137 ns, Reaching safepoint: 64477 ns, At safepoint: 1903949 ns, Total: 1968426 ns
[2023-02-09T14:45:03.551+0000][68][gc,marking  ] GC(280) Concurrent Cleanup for Next Mark
[2023-02-09T14:45:03.553+0000][68][gc,marking  ] GC(280) Concurrent Cleanup for Next Mark 1.568ms
[2023-02-09T14:45:03.554+0000][68][gc          ] GC(280) Concurrent Mark Cycle 294.713ms
[2023-02-09T14:45:15.563+0000][68][safepoint   ] Safepoint "Cleanup", Time since last: 12012363883 ns, Reaching safepoint: 368485 ns, At safepoint: 13781 ns, Total: 382266 ns
[2023-02-09T14:45:21.551+0000][68][safepoint   ] Safepoint "Cleanup", Time since last: 6008082881 ns, Reaching safepoint: 72157 ns, At safepoint: 3644 ns, Total: 75801 ns
[2023-02-09T14:45:28.036+0000][68][gc,start    ] GC(281) Pause Young (Normal) (G1 Evacuation Pause)
[2023-02-09T14:45:28.037+0000][68][gc,task     ] GC(281) Using 4 workers of 4 for evacuation
[2023-02-09T14:45:28.037+0000][68][gc,age      ] GC(281) Desired survivor size 6291456 bytes, new threshold 15 (max threshold 15)
[2023-02-09T14:45:28.040+0000][68][gc,phases   ] GC(281)   Pre Evacuate Collection Set: 0.1ms
[2023-02-09T14:45:28.041+0000][68][gc,phases   ] GC(281)   Merge Heap Roots: 0.1ms
[2023-02-09T14:45:28.041+0000][68][gc,phases   ] GC(281)   Evacuate Collection Set: 1.6ms
[2023-02-09T14:45:28.042+0000][68][gc,phases   ] GC(281)   Post Evacuate Collection Set: 0.7ms
[2023-02-09T14:45:28.042+0000][68][gc,phases   ] GC(281)   Other: 0.8ms
[2023-02-09T14:45:28.043+0000][68][gc,age      ] GC(281) Age table with threshold 15 (max threshold 15)
[2023-02-09T14:45:28.043+0000][68][gc,age      ] GC(281) - age   1:     859416 bytes,     859416 total
[2023-02-09T14:45:28.044+0000][68][gc,age      ] GC(281) - age   2:     152840 bytes,    1012256 total
[2023-02-09T14:45:28.045+0000][68][gc,age      ] GC(281) - age   3:       3544 bytes,    1015800 total
[2023-02-09T14:45:28.045+0000][68][gc,age      ] GC(281) - age   4:       3632 bytes,    1019432 total
[2023-02-09T14:45:28.046+0000][68][gc,age      ] GC(281) - age   5:      11400 bytes,    1030832 total
[2023-02-09T14:45:28.046+0000][68][gc,age      ] GC(281) - age   6:     454736 bytes,    1485568 total
[2023-02-09T14:45:28.047+0000][68][gc,age      ] GC(281) - age   7:       5728 bytes,    1491296 total
[2023-02-09T14:45:28.047+0000][68][gc,age      ] GC(281) - age   8:      36552 bytes,    1527848 total
[2023-02-09T14:45:28.048+0000][68][gc,age      ] GC(281) - age   9:      13056 bytes,    1540904 total
[2023-02-09T14:45:28.048+0000][68][gc,age      ] GC(281) - age  10:        104 bytes,    1541008 total
[2023-02-09T14:45:28.048+0000][68][gc,age      ] GC(281) - age  11:     181728 bytes,    1722736 total
[2023-02-09T14:45:28.049+0000][68][gc,age      ] GC(281) - age  12:        184 bytes,    1722920 total
[2023-02-09T14:45:28.049+0000][68][gc,age      ] GC(281) - age  13:       3736 bytes,    1726656 total
[2023-02-09T14:45:28.050+0000][68][gc,age      ] GC(281) - age  14:        464 bytes,    1727120 total
[2023-02-09T14:45:28.051+0000][68][gc,age      ] GC(281) - age  15:        296 bytes,    1727416 total
[2023-02-09T14:45:28.051+0000][68][gc,heap     ] GC(281) Eden regions: 22->0(22)
[2023-02-09T14:45:28.052+0000][68][gc,heap     ] GC(281) Survivor regions: 1->1(3)
[2023-02-09T14:45:28.052+0000][68][gc,heap     ] GC(281) Old regions: 26->26
[2023-02-09T14:45:28.053+0000][68][gc,heap     ] GC(281) Archive regions: 2->2
[2023-02-09T14:45:28.053+0000][68][gc,heap     ] GC(281) Humongous regions: 2->2
[2023-02-09T14:45:28.054+0000][68][gc,metaspace] GC(281) Metaspace: 142639K(145792K)->142639K(145792K) NonClass: 124478K(125760K)->124478K(125760K) Class: 18160K(20032K)->18160K(20032K)
[2023-02-09T14:45:28.054+0000][68][gc          ] GC(281) Pause Young (Normal) (G1 Evacuation Pause) 204M->116M(256M) 18.203ms
[2023-02-09T14:45:28.055+0000][68][gc,cpu      ] GC(281) User=0.01s Sys=0.00s Real=0.02s
[2023-02-09T14:45:28.055+0000][68][safepoint   ] Safepoint "G1CollectForAllocation", Time since last: 6484523499 ns, Reaching safepoint: 135165 ns, At safepoint: 19457838 ns, Total: 19593003 ns
[2023-02-09T14:45:30.057+0000][68][safepoint   ] Safepoint "Cleanup", Time since last: 2001662644 ns, Reaching safepoint: 232194 ns, At safepoint: 10773 ns, Total: 242967 ns
[2023-02-09T14:45:53.879+0000][68][gc,start    ] GC(282) Pause Young (Concurrent Start) (G1 Evacuation Pause)
[2023-02-09T14:45:53.881+0000][68][gc,task     ] GC(282) Using 4 workers of 4 for evacuation
[2023-02-09T14:45:53.882+0000][68][gc,age      ] GC(282) Desired survivor size 6291456 bytes, new threshold 15 (max threshold 15)
[2023-02-09T14:45:53.888+0000][68][gc,phases   ] GC(282)   Pre Evacuate Collection Set: 0.5ms
[2023-02-09T14:45:53.889+0000][68][gc,phases   ] GC(282)   Merge Heap Roots: 0.3ms
[2023-02-09T14:45:53.889+0000][68][gc,phases   ] GC(282)   Evacuate Collection Set: 2.6ms
[2023-02-09T14:45:53.890+0000][68][gc,phases   ] GC(282)   Post Evacuate Collection Set: 1.5ms
[2023-02-09T14:45:53.891+0000][68][gc,phases   ] GC(282)   Other: 2.0ms
[2023-02-09T14:45:53.891+0000][68][gc,age      ] GC(282) Age table with threshold 15 (max threshold 15)
[2023-02-09T14:45:53.891+0000][68][gc,age      ] GC(282) - age   1:    1794464 bytes,    1794464 total
[2023-02-09T14:45:53.892+0000][68][gc,age      ] GC(282) - age   2:     116528 bytes,    1910992 total
[2023-02-09T14:45:53.892+0000][68][gc,age      ] GC(282) - age   3:       1912 bytes,    1912904 total
[2023-02-09T14:45:53.893+0000][68][gc,age      ] GC(282) - age   4:       2824 bytes,    1915728 total
[2023-02-09T14:45:53.893+0000][68][gc,age      ] GC(282) - age   5:       3504 bytes,    1919232 total
[2023-02-09T14:45:53.894+0000][68][gc,age      ] GC(282) - age   6:      11400 bytes,    1930632 total
[2023-02-09T14:45:53.894+0000][68][gc,age      ] GC(282) - age   7:     454344 bytes,    2384976 total
[2023-02-09T14:45:53.894+0000][68][gc,age      ] GC(282) - age   8:       5728 bytes,    2390704 total
[2023-02-09T14:45:53.895+0000][68][gc,age      ] GC(282) - age   9:      36488 bytes,    2427192 total
[2023-02-09T14:45:53.896+0000][68][gc,age      ] GC(282) - age  10:      13056 bytes,    2440248 total
[2023-02-09T14:45:53.896+0000][68][gc,age      ] GC(282) - age  11:        104 bytes,    2440352 total
[2023-02-09T14:45:53.897+0000][68][gc,age      ] GC(282) - age  12:     181728 bytes,    2622080 total
[2023-02-09T14:45:53.897+0000][68][gc,age      ] GC(282) - age  13:        184 bytes,    2622264 total
[2023-02-09T14:45:53.898+0000][68][gc,age      ] GC(282) - age  14:       3736 bytes,    2626000 total
[2023-02-09T14:45:53.899+0000][68][gc,age      ] GC(282) - age  15:        184 bytes,    2626184 total
[2023-02-09T14:45:53.899+0000][68][gc,heap     ] GC(282) Eden regions: 22->0(22)
[2023-02-09T14:45:53.900+0000][68][gc,heap     ] GC(282) Survivor regions: 1->1(3)
[2023-02-09T14:45:53.900+0000][68][gc,heap     ] GC(282) Old regions: 26->26
[2023-02-09T14:45:53.901+0000][68][gc,heap     ] GC(282) Archive regions: 2->2
[2023-02-09T14:45:53.901+0000][68][gc,heap     ] GC(282) Humongous regions: 2->2
[2023-02-09T14:45:53.902+0000][68][gc,metaspace] GC(282) Metaspace: 142641K(145792K)->142641K(145792K) NonClass: 124481K(125760K)->124481K(125760K) Class: 18160K(20032K)->18160K(20032K)
[2023-02-09T14:45:53.902+0000][68][gc          ] GC(282) Pause Young (Concurrent Start) (G1 Evacuation Pause) 204M->117M(256M) 23.525ms
[2023-02-09T14:45:53.903+0000][68][gc,cpu      ] GC(282) User=0.01s Sys=0.00s Real=0.03s
[2023-02-09T14:45:53.903+0000][68][safepoint   ] Safepoint "G1CollectForAllocation", Time since last: 23843487298 ns, Reaching safepoint: 128303 ns, At safepoint: 24468935 ns, Total: 24597238 ns
[2023-02-09T14:45:53.903+0000][68][gc          ] GC(283) Concurrent Mark Cycle
[2023-02-09T14:45:53.904+0000][68][gc,marking  ] GC(283) Concurrent Clear Claimed Marks
[2023-02-09T14:45:53.905+0000][68][gc,marking  ] GC(283) Concurrent Clear Claimed Marks 0.685ms
[2023-02-09T14:45:53.905+0000][68][gc,marking  ] GC(283) Concurrent Scan Root Regions
[2023-02-09T14:45:53.908+0000][68][gc,marking  ] GC(283) Concurrent Scan Root Regions 2.675ms
[2023-02-09T14:45:53.908+0000][68][gc,marking  ] GC(283) Concurrent Mark
[2023-02-09T14:45:53.909+0000][68][gc,marking  ] GC(283) Concurrent Mark From Roots
[2023-02-09T14:45:53.909+0000][68][gc,task     ] GC(283) Using 1 workers of 1 for marking
[2023-02-09T14:45:54.020+0000][68][gc,marking  ] GC(283) Concurrent Mark From Roots 110.800ms
[2023-02-09T14:45:54.021+0000][68][gc,marking  ] GC(283) Concurrent Preclean
[2023-02-09T14:45:54.022+0000][68][gc,marking  ] GC(283) Concurrent Preclean 1.233ms
[2023-02-09T14:45:54.023+0000][68][gc,start    ] GC(283) Pause Remark
[2023-02-09T14:45:54.034+0000][68][gc          ] GC(283) Pause Remark 118M->118M(256M) 11.583ms
[2023-02-09T14:45:54.035+0000][68][gc,cpu      ] GC(283) User=0.03s Sys=0.00s Real=0.01s
[2023-02-09T14:45:54.036+0000][68][safepoint   ] Safepoint "G1PauseRemark", Time since last: 119797401 ns, Reaching safepoint: 97057 ns, At safepoint: 13189715 ns, Total: 13286772 ns
[2023-02-09T14:45:54.037+0000][68][gc,marking  ] GC(283) Concurrent Mark 128.943ms
[2023-02-09T14:45:54.038+0000][68][gc,marking  ] GC(283) Concurrent Rebuild Remembered Sets
[2023-02-09T14:45:54.090+0000][68][gc,marking  ] GC(283) Concurrent Rebuild Remembered Sets 52.279ms
[2023-02-09T14:45:54.092+0000][68][gc,start    ] GC(283) Pause Cleanup
[2023-02-09T14:45:54.093+0000][68][gc          ] GC(283) Pause Cleanup 118M->118M(256M) 0.955ms
[2023-02-09T14:45:54.093+0000][68][gc,cpu      ] GC(283) User=0.00s Sys=0.00s Real=0.00s
[2023-02-09T14:45:54.094+0000][68][safepoint   ] Safepoint "G1PauseCleanup", Time since last: 55467772 ns, Reaching safepoint: 248985 ns, At safepoint: 2353998 ns, Total: 2602983 ns
[2023-02-09T14:45:54.095+0000][68][gc,marking  ] GC(283) Concurrent Cleanup for Next Mark
[2023-02-09T14:45:54.096+0000][68][gc,marking  ] GC(283) Concurrent Cleanup for Next Mark 1.284ms
[2023-02-09T14:45:54.097+0000][68][gc          ] GC(283) Concurrent Mark Cycle 194.543ms
[2023-02-09T14:45:55.095+0000][68][safepoint   ] Safepoint "Cleanup", Time since last: 1000851245 ns, Reaching safepoint: 104830 ns, At safepoint: 5292 ns, Total: 110122 ns
[2023-02-09T14:45:56.096+0000][68][safepoint   ] Safepoint "Cleanup", Time since last: 1001172262 ns, Reaching safepoint: 145362 ns, At safepoint: 50924 ns, Total: 196286 ns
[2023-02-09T14:45:59.099+0000][68][safepoint   ] Safepoint "Cleanup", Time since last: 3002377352 ns, Reaching safepoint: 319741 ns, At safepoint: 9866 ns, Total: 329607 ns
[2023-02-09T14:46:04.104+0000][68][safepoint   ] Safepoint "Cleanup", Time since last: 5004318678 ns, Reaching safepoint: 79738 ns, At safepoint: 4116 ns, Total: 83854 ns
[2023-02-09T14:46:05.106+0000][68][safepoint   ] Safepoint "Cleanup", Time since last: 1001983653 ns, Reaching safepoint: 175352 ns, At safepoint: 7604 ns, Total: 182956 ns
[2023-02-09T14:46:16.117+0000][68][gc,start    ] GC(284) Pause Young (Normal) (G1 Evacuation Pause)
[2023-02-09T14:46:16.118+0000][68][gc,task     ] GC(284) Using 4 workers of 4 for evacuation
[2023-02-09T14:46:16.119+0000][68][gc,age      ] GC(284) Desired survivor size 6291456 bytes, new threshold 15 (max threshold 15)
[2023-02-09T14:46:16.123+0000][68][gc,phases   ] GC(284)   Pre Evacuate Collection Set: 0.1ms
[2023-02-09T14:46:16.124+0000][68][gc,phases   ] GC(284)   Merge Heap Roots: 0.1ms
[2023-02-09T14:46:16.125+0000][68][gc,phases   ] GC(284)   Evacuate Collection Set: 2.7ms
[2023-02-09T14:46:16.126+0000][68][gc,phases   ] GC(284)   Post Evacuate Collection Set: 1.1ms
[2023-02-09T14:46:16.126+0000][68][gc,phases   ] GC(284)   Other: 1.4ms
[2023-02-09T14:46:16.127+0000][68][gc,age      ] GC(284) Age table with threshold 15 (max threshold 15)
[2023-02-09T14:46:16.127+0000][68][gc,age      ] GC(284) - age   1:    1613344 bytes,    1613344 total
[2023-02-09T14:46:16.128+0000][68][gc,age      ] GC(284) - age   2:     154376 bytes,    1767720 total
[2023-02-09T14:46:16.129+0000][68][gc,age      ] GC(284) - age   3:       6704 bytes,    1774424 total
[2023-02-09T14:46:16.129+0000][68][gc,age      ] GC(284) - age   4:        424 bytes,    1774848 total
[2023-02-09T14:46:16.130+0000][68][gc,age      ] GC(284) - age   5:       2760 bytes,    1777608 total
[2023-02-09T14:46:16.130+0000][68][gc,age      ] GC(284) - age   6:       3208 bytes,    1780816 total
[2023-02-09T14:46:16.131+0000][68][gc,age      ] GC(284) - age   7:       2280 bytes,    1783096 total
[2023-02-09T14:46:16.131+0000][68][gc,age      ] GC(284) - age   8:       9688 bytes,    1792784 total
[2023-02-09T14:46:16.132+0000][68][gc,age      ] GC(284) - age   9:       5728 bytes,    1798512 total
[2023-02-09T14:46:16.132+0000][68][gc,age      ] GC(284) - age  10:      36488 bytes,    1835000 total
[2023-02-09T14:46:16.133+0000][68][gc,age      ] GC(284) - age  11:      13056 bytes,    1848056 total
[2023-02-09T14:46:16.133+0000][68][gc,age      ] GC(284) - age  12:        104 bytes,    1848160 total
[2023-02-09T14:46:16.134+0000][68][gc,age      ] GC(284) - age  13:      25696 bytes,    1873856 total
[2023-02-09T14:46:16.135+0000][68][gc,age      ] GC(284) - age  14:        184 bytes,    1874040 total
[2023-02-09T14:46:16.135+0000][68][gc,age      ] GC(284) - age  15:       3736 bytes,    1877776 total
[2023-02-09T14:46:16.136+0000][68][gc,heap     ] GC(284) Eden regions: 22->0(22)
[2023-02-09T14:46:16.137+0000][68][gc,heap     ] GC(284) Survivor regions: 1->1(3)
[2023-02-09T14:46:16.138+0000][68][gc,heap     ] GC(284) Old regions: 26->26
[2023-02-09T14:46:16.138+0000][68][gc,heap     ] GC(284) Archive regions: 2->2
[2023-02-09T14:46:16.140+0000][68][gc,heap     ] GC(284) Humongous regions: 2->2
[2023-02-09T14:46:16.141+0000][68][gc,metaspace] GC(284) Metaspace: 142642K(145792K)->142642K(145792K) NonClass: 124481K(125760K)->124481K(125760K) Class: 18160K(20032K)->18160K(20032K)
[2023-02-09T14:46:16.142+0000][68][gc          ] GC(284) Pause Young (Normal) (G1 Evacuation Pause) 205M->116M(256M) 24.806ms
[2023-02-09T14:46:16.143+0000][68][gc,cpu      ] GC(284) User=0.01s Sys=0.00s Real=0.03s
[2023-02-09T14:46:16.144+0000][68][safepoint   ] Safepoint "G1CollectForAllocation", Time since last: 11011488015 ns, Reaching safepoint: 60783 ns, At safepoint: 27088404 ns, Total: 27149187 ns
[2023-02-09T14:46:18.147+0000][68][safepoint   ] Safepoint "Cleanup", Time since last: 2002382269 ns, Reaching safepoint: 514163 ns, At safepoint: 14585 ns, Total: 528748 ns
[2023-02-09T14:46:23.132+0000][68][safepoint   ] Safepoint "Cleanup", Time since last: 5007038423 ns, Reaching safepoint: 580222 ns, At safepoint: 35821 ns, Total: 616043 ns
[2023-02-09T14:46:32.143+0000][68][safepoint   ] Safepoint "Cleanup", Time since last: 9011008511 ns, Reaching safepoint: 161000 ns, At safepoint: 4681 ns, Total: 165681 ns
[2023-02-09T14:46:36.147+0000][68][safepoint   ] Safepoint "Cleanup", Time since last: 4003709267 ns, Reaching safepoint: 322119 ns, At safepoint: 10417 ns, Total: 332536 ns
[2023-02-09T14:46:45.062+0000][68][gc,start    ] GC(285) Pause Young (Concurrent Start) (G1 Evacuation Pause)
[2023-02-09T14:46:45.064+0000][68][gc,task     ] GC(285) Using 4 workers of 4 for evacuation
[2023-02-09T14:46:45.065+0000][68][gc,age      ] GC(285) Desired survivor size 6291456 bytes, new threshold 15 (max threshold 15)
[2023-02-09T14:46:45.070+0000][68][gc,phases   ] GC(285)   Pre Evacuate Collection Set: 0.3ms
[2023-02-09T14:46:45.071+0000][68][gc,phases   ] GC(285)   Merge Heap Roots: 0.1ms
[2023-02-09T14:46:45.072+0000][68][gc,phases   ] GC(285)   Evacuate Collection Set: 3.0ms
[2023-02-09T14:46:45.072+0000][68][gc,phases   ] GC(285)   Post Evacuate Collection Set: 0.8ms
[2023-02-09T14:46:45.073+0000][68][gc,phases   ] GC(285)   Other: 1.8ms
[2023-02-09T14:46:45.074+0000][68][gc,age      ] GC(285) Age table with threshold 15 (max threshold 15)
[2023-02-09T14:46:45.075+0000][68][gc,age      ] GC(285) - age   1:    1493160 bytes,    1493160 total
[2023-02-09T14:46:45.076+0000][68][gc,age      ] GC(285) - age   2:     211056 bytes,    1704216 total
[2023-02-09T14:46:45.076+0000][68][gc,age      ] GC(285) - age   3:     152048 bytes,    1856264 total
[2023-02-09T14:46:45.077+0000][68][gc,age      ] GC(285) - age   4:       2408 bytes,    1858672 total
[2023-02-09T14:46:45.078+0000][68][gc,age      ] GC(285) - age   5:        296 bytes,    1858968 total
[2023-02-09T14:46:45.079+0000][68][gc,age      ] GC(285) - age   6:       2584 bytes,    1861552 total
[2023-02-09T14:46:45.080+0000][68][gc,age      ] GC(285) - age   7:       3208 bytes,    1864760 total
[2023-02-09T14:46:45.080+0000][68][gc,age      ] GC(285) - age   8:       2280 bytes,    1867040 total
[2023-02-09T14:46:45.081+0000][68][gc,age      ] GC(285) - age   9:       9688 bytes,    1876728 total
[2023-02-09T14:46:45.082+0000][68][gc,age      ] GC(285) - age  10:       5696 bytes,    1882424 total
[2023-02-09T14:46:45.083+0000][68][gc,age      ] GC(285) - age  11:      36488 bytes,    1918912 total
[2023-02-09T14:46:45.083+0000][68][gc,age      ] GC(285) - age  12:      13056 bytes,    1931968 total
[2023-02-09T14:46:45.084+0000][68][gc,age      ] GC(285) - age  13:        104 bytes,    1932072 total
[2023-02-09T14:46:45.086+0000][68][gc,age      ] GC(285) - age  14:      25696 bytes,    1957768 total
[2023-02-09T14:46:45.086+0000][68][gc,age      ] GC(285) - age  15:        184 bytes,    1957952 total
[2023-02-09T14:46:45.087+0000][68][gc,heap     ] GC(285) Eden regions: 22->0(21)
[2023-02-09T14:46:45.089+0000][68][gc,heap     ] GC(285) Survivor regions: 1->1(3)
[2023-02-09T14:46:45.089+0000][68][gc,heap     ] GC(285) Old regions: 26->26
[2023-02-09T14:46:45.090+0000][68][gc,heap     ] GC(285) Archive regions: 2->2
[2023-02-09T14:46:45.093+0000][68][gc,heap     ] GC(285) Humongous regions: 2->2
[2023-02-09T14:46:45.094+0000][68][gc,metaspace] GC(285) Metaspace: 142643K(145792K)->142643K(145792K) NonClass: 124483K(125760K)->124483K(125760K) Class: 18160K(20032K)->18160K(20032K)
[2023-02-09T14:46:45.095+0000][68][gc          ] GC(285) Pause Young (Concurrent Start) (G1 Evacuation Pause) 204M->116M(256M) 33.022ms
[2023-02-09T14:46:45.096+0000][68][gc          ] GC(286) Concurrent Mark Cycle
[2023-02-09T14:46:45.097+0000][68][gc,marking  ] GC(286) Concurrent Clear Claimed Marks
[2023-02-09T14:46:45.098+0000][68][gc,marking  ] GC(286) Concurrent Clear Claimed Marks 1.151ms
[2023-02-09T14:46:45.099+0000][68][gc,marking  ] GC(286) Concurrent Scan Root Regions
[2023-02-09T14:46:45.096+0000][68][gc,cpu      ] GC(285) User=0.02s Sys=0.00s Real=0.03s
[2023-02-09T14:46:45.101+0000][68][safepoint   ] Safepoint "G1CollectForAllocation", Time since last: 8914709473 ns, Reaching safepoint: 187493 ns, At safepoint: 38601879 ns, Total: 38789372 ns
[2023-02-09T14:46:45.106+0000][68][gc,marking  ] GC(286) Concurrent Scan Root Regions 6.912ms
[2023-02-09T14:46:45.108+0000][68][gc,marking  ] GC(286) Concurrent Mark
[2023-02-09T14:46:45.108+0000][68][gc,marking  ] GC(286) Concurrent Mark From Roots
[2023-02-09T14:46:45.109+0000][68][gc,task     ] GC(286) Using 1 workers of 1 for marking
[2023-02-09T14:46:45.410+0000][68][gc,marking  ] GC(286) Concurrent Mark From Roots 301.427ms
[2023-02-09T14:46:45.411+0000][68][gc,marking  ] GC(286) Concurrent Preclean
[2023-02-09T14:46:45.412+0000][68][gc,marking  ] GC(286) Concurrent Preclean 1.112ms
[2023-02-09T14:46:45.413+0000][68][gc,start    ] GC(286) Pause Remark
[2023-02-09T14:46:45.432+0000][68][gc          ] GC(286) Pause Remark 119M->119M(256M) 19.093ms
[2023-02-09T14:46:45.433+0000][68][gc,cpu      ] GC(286) User=0.07s Sys=0.00s Real=0.02s
[2023-02-09T14:46:45.434+0000][68][safepoint   ] Safepoint "G1PauseRemark", Time since last: 311908136 ns, Reaching safepoint: 164642 ns, At safepoint: 21008806 ns, Total: 21173448 ns
[2023-02-09T14:46:45.435+0000][68][gc,marking  ] GC(286) Concurrent Mark 327.215ms
[2023-02-09T14:46:45.436+0000][68][gc,marking  ] GC(286) Concurrent Rebuild Remembered Sets
[2023-02-09T14:46:45.509+0000][68][gc,marking  ] GC(286) Concurrent Rebuild Remembered Sets 73.784ms
[2023-02-09T14:46:45.511+0000][68][gc,start    ] GC(286) Pause Cleanup
[2023-02-09T14:46:45.512+0000][68][gc          ] GC(286) Pause Cleanup 122M->122M(256M) 1.191ms
[2023-02-09T14:46:45.513+0000][68][gc,cpu      ] GC(286) User=0.00s Sys=0.00s Real=0.00s
[2023-02-09T14:46:45.514+0000][68][safepoint   ] Safepoint "G1PauseCleanup", Time since last: 76535413 ns, Reaching safepoint: 137887 ns, At safepoint: 3080069 ns, Total: 3217956 ns
[2023-02-09T14:46:45.515+0000][68][gc,marking  ] GC(286) Concurrent Cleanup for Next Mark
[2023-02-09T14:46:45.517+0000][68][gc,marking  ] GC(286) Concurrent Cleanup for Next Mark 2.167ms
[2023-02-09T14:46:45.519+0000][68][gc          ] GC(286) Concurrent Mark Cycle 422.481ms
[2023-02-09T14:46:48.516+0000][68][safepoint   ] Safepoint "Cleanup", Time since last: 3002198441 ns, Reaching safepoint: 104857 ns, At safepoint: 3245 ns, Total: 108102 ns
[2023-02-09T14:46:51.494+0000][68][safepoint   ] Safepoint "Cleanup", Time since last: 3003218404 ns, Reaching safepoint: 425847 ns, At safepoint: 60572 ns, Total: 486419 ns
[2023-02-09T14:47:05.509+0000][68][safepoint   ] Safepoint "Cleanup", Time since last: 14014320752 ns, Reaching safepoint: 649442 ns, At safepoint: 107504 ns, Total: 756946 ns
[2023-02-09T14:47:11.856+0000][68][gc,start    ] GC(287) Pause Young (Normal) (G1 Evacuation Pause)
[2023-02-09T14:47:11.857+0000][68][gc,task     ] GC(287) Using 4 workers of 4 for evacuation
[2023-02-09T14:47:11.858+0000][68][gc,age      ] GC(287) Desired survivor size 6291456 bytes, new threshold 15 (max threshold 15)
[2023-02-09T14:47:11.864+0000][68][gc,phases   ] GC(287)   Pre Evacuate Collection Set: 0.2ms
[2023-02-09T14:47:11.865+0000][68][gc,phases   ] GC(287)   Merge Heap Roots: 0.2ms
[2023-02-09T14:47:11.866+0000][68][gc,phases   ] GC(287)   Evacuate Collection Set: 3.6ms
[2023-02-09T14:47:11.867+0000][68][gc,phases   ] GC(287)   Post Evacuate Collection Set: 1.6ms
[2023-02-09T14:47:11.867+0000][68][gc,phases   ] GC(287)   Other: 1.5ms
[2023-02-09T14:47:11.868+0000][68][gc,age      ] GC(287) Age table with threshold 15 (max threshold 15)
[2023-02-09T14:47:11.869+0000][68][gc,age      ] GC(287) - age   1:    1404336 bytes,    1404336 total
[2023-02-09T14:47:11.869+0000][68][gc,age      ] GC(287) - age   2:     117512 bytes,    1521848 total
[2023-02-09T14:47:11.870+0000][68][gc,age      ] GC(287) - age   3:     207904 bytes,    1729752 total
[2023-02-09T14:47:11.870+0000][68][gc,age      ] GC(287) - age   4:       9704 bytes,    1739456 total
[2023-02-09T14:47:11.871+0000][68][gc,age      ] GC(287) - age   5:       2344 bytes,    1741800 total
[2023-02-09T14:47:11.872+0000][68][gc,age      ] GC(287) - age   6:        296 bytes,    1742096 total
[2023-02-09T14:47:11.873+0000][68][gc,age      ] GC(287) - age   7:       2584 bytes,    1744680 total
[2023-02-09T14:47:11.873+0000][68][gc,age      ] GC(287) - age   8:       3208 bytes,    1747888 total
[2023-02-09T14:47:11.874+0000][68][gc,age      ] GC(287) - age   9:       2280 bytes,    1750168 total
[2023-02-09T14:47:11.874+0000][68][gc,age      ] GC(287) - age  10:       6096 bytes,    1756264 total
[2023-02-09T14:47:11.875+0000][68][gc,age      ] GC(287) - age  11:       5696 bytes,    1761960 total
[2023-02-09T14:47:11.876+0000][68][gc,age      ] GC(287) - age  12:      36488 bytes,    1798448 total
[2023-02-09T14:47:11.876+0000][68][gc,age      ] GC(287) - age  13:      13056 bytes,    1811504 total
[2023-02-09T14:47:11.877+0000][68][gc,age      ] GC(287) - age  14:        104 bytes,    1811608 total
[2023-02-09T14:47:11.877+0000][68][gc,age      ] GC(287) - age  15:      20592 bytes,    1832200 total
[2023-02-09T14:47:11.878+0000][68][gc,heap     ] GC(287) Eden regions: 21->0(21)
[2023-02-09T14:47:11.879+0000][68][gc,heap     ] GC(287) Survivor regions: 1->1(3)
[2023-02-09T14:47:11.879+0000][68][gc,heap     ] GC(287) Old regions: 26->26
[2023-02-09T14:47:11.880+0000][68][gc,heap     ] GC(287) Archive regions: 2->2
[2023-02-09T14:47:11.881+0000][68][gc,heap     ] GC(287) Humongous regions: 2->2
[2023-02-09T14:47:11.881+0000][68][gc,metaspace] GC(287) Metaspace: 142645K(145792K)->142645K(145792K) NonClass: 124484K(125760K)->124484K(125760K) Class: 18160K(20032K)->18160K(20032K)
[2023-02-09T14:47:11.882+0000][68][gc          ] GC(287) Pause Young (Normal) (G1 Evacuation Pause) 200M->116M(256M) 25.899ms
[2023-02-09T14:47:11.882+0000][68][gc,cpu      ] GC(287) User=0.01s Sys=0.00s Real=0.03s
[2023-02-09T14:47:11.883+0000][68][safepoint   ] Safepoint "G1CollectForAllocation", Time since last: 6346582438 ns, Reaching safepoint: 304353 ns, At safepoint: 27192719 ns, Total: 27497072 ns
[2023-02-09T14:47:15.885+0000][68][safepoint   ] Safepoint "Cleanup", Time since last: 4001603384 ns, Reaching safepoint: 197212 ns, At safepoint: 9790 ns, Total: 207002 ns
[2023-02-09T14:47:23.869+0000][68][safepoint   ] Safepoint "Cleanup", Time since last: 8007242181 ns, Reaching safepoint: 528057 ns, At safepoint: 15502 ns, Total: 543559 ns
[2023-02-09T14:47:34.878+0000][68][safepoint   ] Safepoint "Cleanup", Time since last: 11008388540 ns, Reaching safepoint: 354269 ns, At safepoint: 12034 ns, Total: 366303 ns
[2023-02-09T14:47:38.860+0000][68][gc,start    ] GC(288) Pause Young (Concurrent Start) (G1 Evacuation Pause)
[2023-02-09T14:47:38.861+0000][68][gc,task     ] GC(288) Using 4 workers of 4 for evacuation
[2023-02-09T14:47:38.861+0000][68][gc,age      ] GC(288) Desired survivor size 6291456 bytes, new threshold 15 (max threshold 15)
[2023-02-09T14:47:38.866+0000][68][gc,phases   ] GC(288)   Pre Evacuate Collection Set: 0.4ms
[2023-02-09T14:47:38.866+0000][68][gc,phases   ] GC(288)   Merge Heap Roots: 0.1ms
[2023-02-09T14:47:38.867+0000][68][gc,phases   ] GC(288)   Evacuate Collection Set: 2.0ms
[2023-02-09T14:47:38.867+0000][68][gc,phases   ] GC(288)   Post Evacuate Collection Set: 0.9ms
[2023-02-09T14:47:38.868+0000][68][gc,phases   ] GC(288)   Other: 1.6ms
[2023-02-09T14:47:38.868+0000][68][gc,age      ] GC(288) Age table with threshold 15 (max threshold 15)
[2023-02-09T14:47:38.869+0000][68][gc,age      ] GC(288) - age   1:    1402688 bytes,    1402688 total
[2023-02-09T14:47:38.869+0000][68][gc,age      ] GC(288) - age   2:     143168 bytes,    1545856 total
[2023-02-09T14:47:38.870+0000][68][gc,age      ] GC(288) - age   3:       2904 bytes,    1548760 total
[2023-02-09T14:47:38.870+0000][68][gc,age      ] GC(288) - age   4:     207624 bytes,    1756384 total
[2023-02-09T14:47:38.870+0000][68][gc,age      ] GC(288) - age   5:       9576 bytes,    1765960 total
[2023-02-09T14:47:38.871+0000][68][gc,age      ] GC(288) - age   6:       2344 bytes,    1768304 total
[2023-02-09T14:47:38.871+0000][68][gc,age      ] GC(288) - age   7:        296 bytes,    1768600 total
[2023-02-09T14:47:38.872+0000][68][gc,age      ] GC(288) - age   8:       2584 bytes,    1771184 total
[2023-02-09T14:47:38.872+0000][68][gc,age      ] GC(288) - age   9:       3208 bytes,    1774392 total
[2023-02-09T14:47:38.873+0000][68][gc,age      ] GC(288) - age  10:       2280 bytes,    1776672 total
[2023-02-09T14:47:38.873+0000][68][gc,age      ] GC(288) - age  11:       6096 bytes,    1782768 total
[2023-02-09T14:47:38.874+0000][68][gc,age      ] GC(288) - age  12:       5504 bytes,    1788272 total
[2023-02-09T14:47:38.874+0000][68][gc,age      ] GC(288) - age  13:      32216 bytes,    1820488 total
[2023-02-09T14:47:38.875+0000][68][gc,age      ] GC(288) - age  14:      13056 bytes,    1833544 total
[2023-02-09T14:47:38.875+0000][68][gc,age      ] GC(288) - age  15:        104 bytes,    1833648 total
[2023-02-09T14:47:38.876+0000][68][gc,heap     ] GC(288) Eden regions: 21->0(21)
[2023-02-09T14:47:38.876+0000][68][gc,heap     ] GC(288) Survivor regions: 1->1(3)
[2023-02-09T14:47:38.877+0000][68][gc,heap     ] GC(288) Old regions: 26->26
[2023-02-09T14:47:38.877+0000][68][gc,heap     ] GC(288) Archive regions: 2->2
[2023-02-09T14:47:38.878+0000][68][gc,heap     ] GC(288) Humongous regions: 2->2
[2023-02-09T14:47:38.878+0000][68][gc,metaspace] GC(288) Metaspace: 142648K(145792K)->142648K(145792K) NonClass: 124488K(125760K)->124488K(125760K) Class: 18160K(20032K)->18160K(20032K)
[2023-02-09T14:47:38.879+0000][68][gc          ] GC(288) Pause Young (Concurrent Start) (G1 Evacuation Pause) 200M->116M(256M) 19.044ms
[2023-02-09T14:47:38.879+0000][68][gc,cpu      ] GC(288) User=0.01s Sys=0.01s Real=0.02s
[2023-02-09T14:47:38.880+0000][68][safepoint   ] Safepoint "G1CollectForAllocation", Time since last: 3981487843 ns, Reaching safepoint: 141184 ns, At safepoint: 20150295 ns, Total: 20291479 ns
[2023-02-09T14:47:38.879+0000][68][gc          ] GC(289) Concurrent Mark Cycle
[2023-02-09T14:47:38.881+0000][68][gc,marking  ] GC(289) Concurrent Clear Claimed Marks
[2023-02-09T14:47:38.882+0000][68][gc,marking  ] GC(289) Concurrent Clear Claimed Marks 0.857ms
[2023-02-09T14:47:38.882+0000][68][gc,marking  ] GC(289) Concurrent Scan Root Regions
[2023-02-09T14:47:38.885+0000][68][gc,marking  ] GC(289) Concurrent Scan Root Regions 2.625ms
[2023-02-09T14:47:38.886+0000][68][gc,marking  ] GC(289) Concurrent Mark
[2023-02-09T14:47:38.886+0000][68][gc,marking  ] GC(289) Concurrent Mark From Roots
[2023-02-09T14:47:38.887+0000][68][gc,task     ] GC(289) Using 1 workers of 1 for marking
[2023-02-09T14:47:39.012+0000][68][gc,marking  ] GC(289) Concurrent Mark From Roots 125.668ms
[2023-02-09T14:47:39.013+0000][68][gc,marking  ] GC(289) Concurrent Preclean
[2023-02-09T14:47:39.015+0000][68][gc,marking  ] GC(289) Concurrent Preclean 1.786ms
[2023-02-09T14:47:39.016+0000][68][gc,start    ] GC(289) Pause Remark
[2023-02-09T14:47:39.033+0000][68][gc          ] GC(289) Pause Remark 119M->119M(256M) 17.296ms
[2023-02-09T14:47:39.034+0000][68][gc,cpu      ] GC(289) User=0.03s Sys=0.00s Real=0.02s
[2023-02-09T14:47:39.035+0000][68][safepoint   ] Safepoint "G1PauseRemark", Time since last: 136180750 ns, Reaching safepoint: 208964 ns, At safepoint: 18892354 ns, Total: 19101318 ns
[2023-02-09T14:47:39.036+0000][68][gc,marking  ] GC(289) Concurrent Mark 149.925ms
[2023-02-09T14:47:39.036+0000][68][gc,marking  ] GC(289) Concurrent Rebuild Remembered Sets
[2023-02-09T14:47:39.102+0000][68][gc,marking  ] GC(289) Concurrent Rebuild Remembered Sets 66.274ms
[2023-02-09T14:47:39.104+0000][68][gc,start    ] GC(289) Pause Cleanup
[2023-02-09T14:47:39.104+0000][68][gc          ] GC(289) Pause Cleanup 119M->119M(256M) 0.460ms
[2023-02-09T14:47:39.105+0000][68][gc,cpu      ] GC(289) User=0.00s Sys=0.00s Real=0.00s
[2023-02-09T14:47:39.105+0000][68][safepoint   ] Safepoint "G1PauseCleanup", Time since last: 68291157 ns, Reaching safepoint: 797817 ns, At safepoint: 1466600 ns, Total: 2264417 ns
[2023-02-09T14:47:39.106+0000][68][gc,marking  ] GC(289) Concurrent Cleanup for Next Mark
[2023-02-09T14:47:39.107+0000][68][gc,marking  ] GC(289) Concurrent Cleanup for Next Mark 0.963ms
[2023-02-09T14:47:39.108+0000][68][gc          ] GC(289) Concurrent Mark Cycle 228.410ms
[2023-02-09T14:48:04.222+0000][68][gc,start    ] GC(290) Pause Young (Normal) (G1 Evacuation Pause)
[2023-02-09T14:48:04.223+0000][68][gc,task     ] GC(290) Using 4 workers of 4 for evacuation
[2023-02-09T14:48:04.224+0000][68][gc,age      ] GC(290) Desired survivor size 6291456 bytes, new threshold 15 (max threshold 15)
[2023-02-09T14:48:04.230+0000][68][gc,phases   ] GC(290)   Pre Evacuate Collection Set: 0.2ms
[2023-02-09T14:48:04.231+0000][68][gc,phases   ] GC(290)   Merge Heap Roots: 0.1ms
[2023-02-09T14:48:04.232+0000][68][gc,phases   ] GC(290)   Evacuate Collection Set: 2.6ms
[2023-02-09T14:48:04.234+0000][68][gc,phases   ] GC(290)   Post Evacuate Collection Set: 1.1ms
[2023-02-09T14:48:04.235+0000][68][gc,phases   ] GC(290)   Other: 2.6ms
[2023-02-09T14:48:04.237+0000][68][gc,age      ] GC(290) Age table with threshold 15 (max threshold 15)
[2023-02-09T14:48:04.238+0000][68][gc,age      ] GC(290) - age   1:    1833328 bytes,    1833328 total
[2023-02-09T14:48:04.240+0000][68][gc,age      ] GC(290) - age   2:      38136 bytes,    1871464 total
[2023-02-09T14:48:04.240+0000][68][gc,age      ] GC(290) - age   3:     142232 bytes,    2013696 total
[2023-02-09T14:48:04.241+0000][68][gc,age      ] GC(290) - age   4:       2712 bytes,    2016408 total
[2023-02-09T14:48:04.242+0000][68][gc,age      ] GC(290) - age   5:     205800 bytes,    2222208 total
[2023-02-09T14:48:04.243+0000][68][gc,age      ] GC(290) - age   6:       9576 bytes,    2231784 total
[2023-02-09T14:48:04.244+0000][68][gc,age      ] GC(290) - age   7:       2344 bytes,    2234128 total
[2023-02-09T14:48:04.245+0000][68][gc,age      ] GC(290) - age   8:        296 bytes,    2234424 total
[2023-02-09T14:48:04.247+0000][68][gc,age      ] GC(290) - age   9:       2584 bytes,    2237008 total
[2023-02-09T14:48:04.248+0000][68][gc,age      ] GC(290) - age  10:       3208 bytes,    2240216 total
[2023-02-09T14:48:04.249+0000][68][gc,age      ] GC(290) - age  11:       2280 bytes,    2242496 total
[2023-02-09T14:48:04.249+0000][68][gc,age      ] GC(290) - age  12:       6096 bytes,    2248592 total
[2023-02-09T14:48:04.251+0000][68][gc,age      ] GC(290) - age  13:       5504 bytes,    2254096 total
[2023-02-09T14:48:04.251+0000][68][gc,age      ] GC(290) - age  14:      31848 bytes,    2285944 total
[2023-02-09T14:48:04.253+0000][68][gc,age      ] GC(290) - age  15:      13056 bytes,    2299000 total
[2023-02-09T14:48:04.254+0000][68][gc,heap     ] GC(290) Eden regions: 21->0(21)
[2023-02-09T14:48:04.256+0000][68][gc,heap     ] GC(290) Survivor regions: 1->1(3)
[2023-02-09T14:48:04.257+0000][68][gc,heap     ] GC(290) Old regions: 26->26
[2023-02-09T14:48:04.259+0000][68][gc,heap     ] GC(290) Archive regions: 2->2
[2023-02-09T14:48:04.260+0000][68][gc,heap     ] GC(290) Humongous regions: 2->2
[2023-02-09T14:48:04.261+0000][68][gc,metaspace] GC(290) Metaspace: 142648K(145792K)->142648K(145792K) NonClass: 124488K(125760K)->124488K(125760K) Class: 18160K(20032K)->18160K(20032K)
[2023-02-09T14:48:04.261+0000][68][gc          ] GC(290) Pause Young (Normal) (G1 Evacuation Pause) 200M->117M(256M) 39.542ms
[2023-02-09T14:48:04.262+0000][68][gc,cpu      ] GC(290) User=0.01s Sys=0.01s Real=0.04s
[2023-02-09T14:48:04.263+0000][68][safepoint   ] Safepoint "G1CollectForAllocation", Time since last: 25137514305 ns, Reaching safepoint: 190693 ns, At safepoint: 40865614 ns, Total: 41056307 ns
[2023-02-09T14:48:05.264+0000][68][safepoint   ] Safepoint "Cleanup", Time since last: 1001232384 ns, Reaching safepoint: 127088 ns, At safepoint: 4460 ns, Total: 131548 ns
[2023-02-09T14:48:25.264+0000][68][safepoint   ] Safepoint "Cleanup", Time since last: 20021571508 ns, Reaching safepoint: 315981 ns, At safepoint: 8251 ns, Total: 324232 ns
[2023-02-09T14:48:26.824+0000][68][gc,start    ] GC(291) Pause Young (Concurrent Start) (G1 Evacuation Pause)
[2023-02-09T14:48:26.825+0000][68][gc,task     ] GC(291) Using 4 workers of 4 for evacuation
[2023-02-09T14:48:26.826+0000][68][gc,age      ] GC(291) Desired survivor size 6291456 bytes, new threshold 15 (max threshold 15)
[2023-02-09T14:48:26.831+0000][68][gc,phases   ] GC(291)   Pre Evacuate Collection Set: 0.4ms
[2023-02-09T14:48:26.832+0000][68][gc,phases   ] GC(291)   Merge Heap Roots: 0.2ms
[2023-02-09T14:48:26.832+0000][68][gc,phases   ] GC(291)   Evacuate Collection Set: 2.0ms
[2023-02-09T14:48:26.833+0000][68][gc,phases   ] GC(291)   Post Evacuate Collection Set: 1.0ms
[2023-02-09T14:48:26.834+0000][68][gc,phases   ] GC(291)   Other: 1.9ms
[2023-02-09T14:48:26.834+0000][68][gc,age      ] GC(291) Age table with threshold 15 (max threshold 15)
[2023-02-09T14:48:26.835+0000][68][gc,age      ] GC(291) - age   1:     324336 bytes,     324336 total
[2023-02-09T14:48:26.836+0000][68][gc,age      ] GC(291) - age   2:     113016 bytes,     437352 total
[2023-02-09T14:48:26.836+0000][68][gc,age      ] GC(291) - age   3:      18600 bytes,     455952 total
[2023-02-09T14:48:26.837+0000][68][gc,age      ] GC(291) - age   4:       1848 bytes,     457800 total
[2023-02-09T14:48:26.837+0000][68][gc,age      ] GC(291) - age   5:       2648 bytes,     460448 total
[2023-02-09T14:48:26.838+0000][68][gc,age      ] GC(291) - age   6:     205800 bytes,     666248 total
[2023-02-09T14:48:26.838+0000][68][gc,age      ] GC(291) - age   7:       9576 bytes,     675824 total
[2023-02-09T14:48:26.839+0000][68][gc,age      ] GC(291) - age   8:       2344 bytes,     678168 total
[2023-02-09T14:48:26.839+0000][68][gc,age      ] GC(291) - age   9:        296 bytes,     678464 total
[2023-02-09T14:48:26.840+0000][68][gc,age      ] GC(291) - age  10:       2584 bytes,     681048 total
[2023-02-09T14:48:26.840+0000][68][gc,age      ] GC(291) - age  11:       3208 bytes,     684256 total
[2023-02-09T14:48:26.841+0000][68][gc,age      ] GC(291) - age  12:       2280 bytes,     686536 total
[2023-02-09T14:48:26.841+0000][68][gc,age      ] GC(291) - age  13:       6096 bytes,     692632 total
[2023-02-09T14:48:26.842+0000][68][gc,age      ] GC(291) - age  14:       5504 bytes,     698136 total
[2023-02-09T14:48:26.842+0000][68][gc,age      ] GC(291) - age  15:      31848 bytes,     729984 total
[2023-02-09T14:48:26.843+0000][68][gc,heap     ] GC(291) Eden regions: 21->0(22)
[2023-02-09T14:48:26.843+0000][68][gc,heap     ] GC(291) Survivor regions: 1->1(3)
[2023-02-09T14:48:26.844+0000][68][gc,heap     ] GC(291) Old regions: 26->26
[2023-02-09T14:48:26.844+0000][68][gc,heap     ] GC(291) Archive regions: 2->2
[2023-02-09T14:48:26.845+0000][68][gc,heap     ] GC(291) Humongous regions: 2->2
[2023-02-09T14:48:26.846+0000][68][gc,metaspace] GC(291) Metaspace: 142652K(145792K)->142652K(145792K) NonClass: 124490K(125760K)->124490K(125760K) Class: 18161K(20032K)->18161K(20032K)
[2023-02-09T14:48:26.846+0000][68][gc          ] GC(291) Pause Young (Concurrent Start) (G1 Evacuation Pause) 201M->115M(256M) 22.570ms
[2023-02-09T14:48:26.847+0000][68][gc,cpu      ] GC(291) User=0.01s Sys=0.00s Real=0.02s
[2023-02-09T14:48:26.847+0000][68][safepoint   ] Safepoint "G1CollectForAllocation", Time since last: 1560126837 ns, Reaching safepoint: 135504 ns, At safepoint: 23649439 ns, Total: 23784943 ns
[2023-02-09T14:48:26.847+0000][68][gc          ] GC(292) Concurrent Mark Cycle
[2023-02-09T14:48:26.848+0000][68][gc,marking  ] GC(292) Concurrent Clear Claimed Marks
[2023-02-09T14:48:26.849+0000][68][gc,marking  ] GC(292) Concurrent Clear Claimed Marks 0.813ms
[2023-02-09T14:48:26.850+0000][68][gc,marking  ] GC(292) Concurrent Scan Root Regions
[2023-02-09T14:48:26.853+0000][68][gc,marking  ] GC(292) Concurrent Scan Root Regions 2.690ms
[2023-02-09T14:48:26.853+0000][68][gc,marking  ] GC(292) Concurrent Mark
[2023-02-09T14:48:26.854+0000][68][gc,marking  ] GC(292) Concurrent Mark From Roots
[2023-02-09T14:48:26.854+0000][68][gc,task     ] GC(292) Using 1 workers of 1 for marking
[2023-02-09T14:48:27.000+0000][68][gc,marking  ] GC(292) Concurrent Mark From Roots 146.529ms
[2023-02-09T14:48:27.001+0000][68][gc,marking  ] GC(292) Concurrent Preclean
[2023-02-09T14:48:27.001+0000][68][gc,marking  ] GC(292) Concurrent Preclean 0.789ms
[2023-02-09T14:48:27.002+0000][68][gc,start    ] GC(292) Pause Remark
[2023-02-09T14:48:27.011+0000][68][gc          ] GC(292) Pause Remark 118M->118M(256M) 8.727ms
[2023-02-09T14:48:27.012+0000][68][gc,cpu      ] GC(292) User=0.03s Sys=0.00s Real=0.01s
[2023-02-09T14:48:27.012+0000][68][safepoint   ] Safepoint "G1PauseRemark", Time since last: 154515967 ns, Reaching safepoint: 124371 ns, At safepoint: 10072420 ns, Total: 10196791 ns
[2023-02-09T14:48:27.013+0000][68][gc,marking  ] GC(292) Concurrent Mark 159.792ms
[2023-02-09T14:48:27.013+0000][68][gc,marking  ] GC(292) Concurrent Rebuild Remembered Sets
[2023-02-09T14:48:27.130+0000][68][gc,marking  ] GC(292) Concurrent Rebuild Remembered Sets 117.104ms
[2023-02-09T14:48:27.134+0000][68][gc,start    ] GC(292) Pause Cleanup
[2023-02-09T14:48:27.136+0000][68][gc          ] GC(292) Pause Cleanup 119M->119M(256M) 1.942ms
[2023-02-09T14:48:27.137+0000][68][gc,cpu      ] GC(292) User=0.00s Sys=0.01s Real=0.00s
[2023-02-09T14:48:27.139+0000][68][safepoint   ] Safepoint "G1PauseCleanup", Time since last: 120815867 ns, Reaching safepoint: 963631 ns, At safepoint: 4864307 ns, Total: 5827938 ns
[2023-02-09T14:48:27.141+0000][68][gc,marking  ] GC(292) Concurrent Cleanup for Next Mark
[2023-02-09T14:48:27.144+0000][68][gc,marking  ] GC(292) Concurrent Cleanup for Next Mark 2.783ms
[2023-02-09T14:48:27.145+0000][68][gc          ] GC(292) Concurrent Mark Cycle 298.176ms
[2023-02-09T14:48:35.149+0000][68][safepoint   ] Safepoint "Cleanup", Time since last: 8009264541 ns, Reaching safepoint: 444287 ns, At safepoint: 101127 ns, Total: 545414 ns
[2023-02-09T14:48:47.164+0000][68][safepoint   ] Safepoint "Cleanup", Time since last: 12014463707 ns, Reaching safepoint: 876152 ns, At safepoint: 38908 ns, Total: 915060 ns
[2023-02-09T14:48:50.148+0000][68][safepoint   ] Safepoint "Cleanup", Time since last: 3004689159 ns, Reaching safepoint: 339165 ns, At safepoint: 7028 ns, Total: 346193 ns
[2023-02-09T14:48:57.021+0000][68][gc,start    ] GC(293) Pause Young (Normal) (G1 Evacuation Pause)
[2023-02-09T14:48:57.022+0000][68][gc,task     ] GC(293) Using 4 workers of 4 for evacuation
[2023-02-09T14:48:57.022+0000][68][gc,age      ] GC(293) Desired survivor size 6291456 bytes, new threshold 15 (max threshold 15)
[2023-02-09T14:48:57.025+0000][68][gc,phases   ] GC(293)   Pre Evacuate Collection Set: 0.1ms
[2023-02-09T14:48:57.026+0000][68][gc,phases   ] GC(293)   Merge Heap Roots: 0.1ms
[2023-02-09T14:48:57.027+0000][68][gc,phases   ] GC(293)   Evacuate Collection Set: 1.5ms
[2023-02-09T14:48:57.028+0000][68][gc,phases   ] GC(293)   Post Evacuate Collection Set: 1.0ms
[2023-02-09T14:48:57.028+0000][68][gc,phases   ] GC(293)   Other: 1.3ms
[2023-02-09T14:48:57.029+0000][68][gc,age      ] GC(293) Age table with threshold 15 (max threshold 15)
[2023-02-09T14:48:57.029+0000][68][gc,age      ] GC(293) - age   1:     720448 bytes,     720448 total
[2023-02-09T14:48:57.030+0000][68][gc,age      ] GC(293) - age   2:     133984 bytes,     854432 total
[2023-02-09T14:48:57.030+0000][68][gc,age      ] GC(293) - age   3:        176 bytes,     854608 total
[2023-02-09T14:48:57.030+0000][68][gc,age      ] GC(293) - age   4:      17752 bytes,     872360 total
[2023-02-09T14:48:57.031+0000][68][gc,age      ] GC(293) - age   5:       1312 bytes,     873672 total
[2023-02-09T14:48:57.031+0000][68][gc,age      ] GC(293) - age   6:       2408 bytes,     876080 total
[2023-02-09T14:48:57.032+0000][68][gc,age      ] GC(293) - age   7:     205800 bytes,    1081880 total
[2023-02-09T14:48:57.032+0000][68][gc,age      ] GC(293) - age   8:       9576 bytes,    1091456 total
[2023-02-09T14:48:57.033+0000][68][gc,age      ] GC(293) - age   9:       2344 bytes,    1093800 total
[2023-02-09T14:48:57.033+0000][68][gc,age      ] GC(293) - age  10:        296 bytes,    1094096 total
[2023-02-09T14:48:57.034+0000][68][gc,age      ] GC(293) - age  11:       2584 bytes,    1096680 total
[2023-02-09T14:48:57.034+0000][68][gc,age      ] GC(293) - age  12:       3208 bytes,    1099888 total
[2023-02-09T14:48:57.034+0000][68][gc,age      ] GC(293) - age  13:       2048 bytes,    1101936 total
[2023-02-09T14:48:57.035+0000][68][gc,age      ] GC(293) - age  14:       6096 bytes,    1108032 total
[2023-02-09T14:48:57.035+0000][68][gc,age      ] GC(293) - age  15:       5504 bytes,    1113536 total
[2023-02-09T14:48:57.036+0000][68][gc,heap     ] GC(293) Eden regions: 22->0(22)
[2023-02-09T14:48:57.036+0000][68][gc,heap     ] GC(293) Survivor regions: 1->1(3)
[2023-02-09T14:48:57.037+0000][68][gc,heap     ] GC(293) Old regions: 26->26
[2023-02-09T14:48:57.037+0000][68][gc,heap     ] GC(293) Archive regions: 2->2
[2023-02-09T14:48:57.038+0000][68][gc,heap     ] GC(293) Humongous regions: 2->2
[2023-02-09T14:48:57.038+0000][68][gc,metaspace] GC(293) Metaspace: 142656K(145792K)->142656K(145792K) NonClass: 124495K(125760K)->124495K(125760K) Class: 18161K(20032K)->18161K(20032K)
[2023-02-09T14:48:57.039+0000][68][gc          ] GC(293) Pause Young (Normal) (G1 Evacuation Pause) 203M->115M(256M) 17.582ms
[2023-02-09T14:48:57.039+0000][68][gc,cpu      ] GC(293) User=0.01s Sys=0.00s Real=0.02s
[2023-02-09T14:48:57.040+0000][68][safepoint   ] Safepoint "G1CollectForAllocation", Time since last: 6873395437 ns, Reaching safepoint: 102192 ns, At safepoint: 18714947 ns, Total: 18817139 ns
[2023-02-09T14:49:05.048+0000][68][safepoint   ] Safepoint "Cleanup", Time since last: 8008542564 ns, Reaching safepoint: 121751 ns, At safepoint: 4566 ns, Total: 126317 ns
[2023-02-09T14:49:09.051+0000][68][safepoint   ] Safepoint "Cleanup", Time since last: 4001981824 ns, Reaching safepoint: 192360 ns, At safepoint: 26080 ns, Total: 218440 ns
[2023-02-09T14:49:16.057+0000][68][safepoint   ] Safepoint "Cleanup", Time since last: 7005978580 ns, Reaching safepoint: 166653 ns, At safepoint: 6140 ns, Total: 172793 ns
[2023-02-09T14:49:25.281+0000][68][gc,start    ] GC(294) Pause Young (Concurrent Start) (G1 Evacuation Pause)
[2023-02-09T14:49:25.282+0000][68][gc,task     ] GC(294) Using 4 workers of 4 for evacuation
[2023-02-09T14:49:25.283+0000][68][gc,age      ] GC(294) Desired survivor size 6291456 bytes, new threshold 15 (max threshold 15)
[2023-02-09T14:49:25.288+0000][68][gc,phases   ] GC(294)   Pre Evacuate Collection Set: 0.5ms
[2023-02-09T14:49:25.288+0000][68][gc,phases   ] GC(294)   Merge Heap Roots: 0.1ms
[2023-02-09T14:49:25.289+0000][68][gc,phases   ] GC(294)   Evacuate Collection Set: 2.6ms
[2023-02-09T14:49:25.289+0000][68][gc,phases   ] GC(294)   Post Evacuate Collection Set: 0.7ms
[2023-02-09T14:49:25.290+0000][68][gc,phases   ] GC(294)   Other: 2.0ms
[2023-02-09T14:49:25.291+0000][68][gc,age      ] GC(294) Age table with threshold 15 (max threshold 15)
[2023-02-09T14:49:25.291+0000][68][gc,age      ] GC(294) - age   1:     851624 bytes,     851624 total
[2023-02-09T14:49:25.291+0000][68][gc,age      ] GC(294) - age   2:      37016 bytes,     888640 total
[2023-02-09T14:49:25.292+0000][68][gc,age      ] GC(294) - age   3:     129344 bytes,    1017984 total
[2023-02-09T14:49:25.292+0000][68][gc,age      ] GC(294) - age   4:        112 bytes,    1018096 total
[2023-02-09T14:49:25.293+0000][68][gc,age      ] GC(294) - age   5:      17392 bytes,    1035488 total
[2023-02-09T14:49:25.293+0000][68][gc,age      ] GC(294) - age   6:       1312 bytes,    1036800 total
[2023-02-09T14:49:25.294+0000][68][gc,age      ] GC(294) - age   7:       2408 bytes,    1039208 total
[2023-02-09T14:49:25.294+0000][68][gc,age      ] GC(294) - age   8:     205760 bytes,    1244968 total
[2023-02-09T14:49:25.295+0000][68][gc,age      ] GC(294) - age   9:       9576 bytes,    1254544 total
[2023-02-09T14:49:25.296+0000][68][gc,age      ] GC(294) - age  10:       2344 bytes,    1256888 total
[2023-02-09T14:49:25.296+0000][68][gc,age      ] GC(294) - age  11:        296 bytes,    1257184 total
[2023-02-09T14:49:25.297+0000][68][gc,age      ] GC(294) - age  12:       2584 bytes,    1259768 total
[2023-02-09T14:49:25.297+0000][68][gc,age      ] GC(294) - age  13:       3208 bytes,    1262976 total
[2023-02-09T14:49:25.298+0000][68][gc,age      ] GC(294) - age  14:       2048 bytes,    1265024 total
[2023-02-09T14:49:25.298+0000][68][gc,age      ] GC(294) - age  15:       6096 bytes,    1271120 total
[2023-02-09T14:49:25.299+0000][68][gc,heap     ] GC(294) Eden regions: 22->0(22)
[2023-02-09T14:49:25.299+0000][68][gc,heap     ] GC(294) Survivor regions: 1->1(3)
[2023-02-09T14:49:25.300+0000][68][gc,heap     ] GC(294) Old regions: 26->26
[2023-02-09T14:49:25.301+0000][68][gc,heap     ] GC(294) Archive regions: 2->2
[2023-02-09T14:49:25.301+0000][68][gc,heap     ] GC(294) Humongous regions: 2->2
[2023-02-09T14:49:25.301+0000][68][gc,metaspace] GC(294) Metaspace: 142659K(145792K)->142659K(145792K) NonClass: 124498K(125760K)->124498K(125760K) Class: 18161K(20032K)->18161K(20032K)
[2023-02-09T14:49:25.302+0000][68][gc          ] GC(294) Pause Young (Concurrent Start) (G1 Evacuation Pause) 203M->116M(256M) 21.163ms
[2023-02-09T14:49:25.302+0000][68][gc          ] GC(295) Concurrent Mark Cycle
[2023-02-09T14:49:25.303+0000][68][gc,marking  ] GC(295) Concurrent Clear Claimed Marks
[2023-02-09T14:49:25.304+0000][68][gc,marking  ] GC(295) Concurrent Clear Claimed Marks 0.794ms
[2023-02-09T14:49:25.304+0000][68][gc,marking  ] GC(295) Concurrent Scan Root Regions
[2023-02-09T14:49:25.303+0000][68][gc,cpu      ] GC(294) User=0.01s Sys=0.01s Real=0.02s
[2023-02-09T14:49:25.305+0000][68][safepoint   ] Safepoint "G1CollectForAllocation", Time since last: 9245359954 ns, Reaching safepoint: 231682 ns, At safepoint: 24612081 ns, Total: 24843763 ns
[2023-02-09T14:49:25.311+0000][68][gc,marking  ] GC(295) Concurrent Scan Root Regions 6.724ms
[2023-02-09T14:49:25.312+0000][68][gc,marking  ] GC(295) Concurrent Mark
[2023-02-09T14:49:25.313+0000][68][gc,marking  ] GC(295) Concurrent Mark From Roots
[2023-02-09T14:49:25.314+0000][68][gc,task     ] GC(295) Using 1 workers of 1 for marking
[2023-02-09T14:49:25.426+0000][68][gc,marking  ] GC(295) Concurrent Mark From Roots 112.924ms
[2023-02-09T14:49:25.427+0000][68][gc,marking  ] GC(295) Concurrent Preclean
[2023-02-09T14:49:25.428+0000][68][gc,marking  ] GC(295) Concurrent Preclean 1.013ms
[2023-02-09T14:49:25.429+0000][68][gc,start    ] GC(295) Pause Remark
[2023-02-09T14:49:25.441+0000][68][gc          ] GC(295) Pause Remark 122M->122M(256M) 12.152ms
[2023-02-09T14:49:25.442+0000][68][gc,cpu      ] GC(295) User=0.03s Sys=0.00s Real=0.02s
[2023-02-09T14:49:25.443+0000][68][safepoint   ] Safepoint "G1PauseRemark", Time since last: 123106018 ns, Reaching safepoint: 129251 ns, At safepoint: 14277877 ns, Total: 14407128 ns
[2023-02-09T14:49:25.444+0000][68][gc,marking  ] GC(295) Concurrent Mark 131.732ms
[2023-02-09T14:49:25.445+0000][68][gc,marking  ] GC(295) Concurrent Rebuild Remembered Sets
[2023-02-09T14:49:25.501+0000][68][gc,marking  ] GC(295) Concurrent Rebuild Remembered Sets 55.862ms
[2023-02-09T14:49:25.502+0000][68][gc,start    ] GC(295) Pause Cleanup
[2023-02-09T14:49:25.503+0000][68][gc          ] GC(295) Pause Cleanup 122M->122M(256M) 0.666ms
[2023-02-09T14:49:25.503+0000][68][gc,cpu      ] GC(295) User=0.00s Sys=0.00s Real=0.00s
[2023-02-09T14:49:25.504+0000][68][safepoint   ] Safepoint "G1PauseCleanup", Time since last: 58939039 ns, Reaching safepoint: 200861 ns, At safepoint: 2047372 ns, Total: 2248233 ns
[2023-02-09T14:49:25.505+0000][68][gc,marking  ] GC(295) Concurrent Cleanup for Next Mark
[2023-02-09T14:49:25.506+0000][68][gc,marking  ] GC(295) Concurrent Cleanup for Next Mark 1.121ms
[2023-02-09T14:49:25.507+0000][68][gc          ] GC(295) Concurrent Mark Cycle 204.534ms
[2023-02-09T14:49:51.397+0000][68][gc,start    ] GC(296) Pause Young (Normal) (G1 Evacuation Pause)
[2023-02-09T14:49:51.398+0000][68][gc,task     ] GC(296) Using 4 workers of 4 for evacuation
[2023-02-09T14:49:51.398+0000][68][gc,age      ] GC(296) Desired survivor size 6291456 bytes, new threshold 15 (max threshold 15)
[2023-02-09T14:49:51.402+0000][68][gc,phases   ] GC(296)   Pre Evacuate Collection Set: 0.1ms
[2023-02-09T14:49:51.402+0000][68][gc,phases   ] GC(296)   Merge Heap Roots: 0.1ms
[2023-02-09T14:49:51.403+0000][68][gc,phases   ] GC(296)   Evacuate Collection Set: 1.7ms
[2023-02-09T14:49:51.403+0000][68][gc,phases   ] GC(296)   Post Evacuate Collection Set: 0.8ms
[2023-02-09T14:49:51.404+0000][68][gc,phases   ] GC(296)   Other: 1.1ms
[2023-02-09T14:49:51.405+0000][68][gc,age      ] GC(296) Age table with threshold 15 (max threshold 15)
[2023-02-09T14:49:51.405+0000][68][gc,age      ] GC(296) - age   1:     998280 bytes,     998280 total
[2023-02-09T14:49:51.406+0000][68][gc,age      ] GC(296) - age   2:     133720 bytes,    1132000 total
[2023-02-09T14:49:51.406+0000][68][gc,age      ] GC(296) - age   3:      18632 bytes,    1150632 total
[2023-02-09T14:49:51.407+0000][68][gc,age      ] GC(296) - age   4:       4576 bytes,    1155208 total
[2023-02-09T14:49:51.408+0000][68][gc,age      ] GC(296) - age   5:        112 bytes,    1155320 total
[2023-02-09T14:49:51.408+0000][68][gc,age      ] GC(296) - age   6:      17392 bytes,    1172712 total
[2023-02-09T14:49:51.409+0000][68][gc,age      ] GC(296) - age   7:       1312 bytes,    1174024 total
[2023-02-09T14:49:51.409+0000][68][gc,age      ] GC(296) - age   8:       2344 bytes,    1176368 total
[2023-02-09T14:49:51.410+0000][68][gc,age      ] GC(296) - age   9:     205760 bytes,    1382128 total
[2023-02-09T14:49:51.410+0000][68][gc,age      ] GC(296) - age  10:       9280 bytes,    1391408 total
[2023-02-09T14:49:51.411+0000][68][gc,age      ] GC(296) - age  11:       2344 bytes,    1393752 total
[2023-02-09T14:49:51.411+0000][68][gc,age      ] GC(296) - age  13:       2584 bytes,    1396336 total
[2023-02-09T14:49:51.412+0000][68][gc,age      ] GC(296) - age  14:       3208 bytes,    1399544 total
[2023-02-09T14:49:51.412+0000][68][gc,age      ] GC(296) - age  15:       2048 bytes,    1401592 total
[2023-02-09T14:49:51.413+0000][68][gc,heap     ] GC(296) Eden regions: 22->0(22)
[2023-02-09T14:49:51.414+0000][68][gc,heap     ] GC(296) Survivor regions: 1->1(3)
[2023-02-09T14:49:51.415+0000][68][gc,heap     ] GC(296) Old regions: 26->26
[2023-02-09T14:49:51.416+0000][68][gc,heap     ] GC(296) Archive regions: 2->2
[2023-02-09T14:49:51.416+0000][68][gc,heap     ] GC(296) Humongous regions: 2->2
[2023-02-09T14:49:51.417+0000][68][gc,metaspace] GC(296) Metaspace: 142678K(145856K)->142678K(145856K) NonClass: 124516K(125824K)->124516K(125824K) Class: 18161K(20032K)->18161K(20032K)
[2023-02-09T14:49:51.417+0000][68][gc          ] GC(296) Pause Young (Normal) (G1 Evacuation Pause) 204M->116M(256M) 20.295ms
[2023-02-09T14:49:51.418+0000][68][gc,cpu      ] GC(296) User=0.01s Sys=0.00s Real=0.02s
[2023-02-09T14:49:51.418+0000][68][safepoint   ] Safepoint "G1CollectForAllocation", Time since last: 25914750057 ns, Reaching safepoint: 144638 ns, At safepoint: 21258656 ns, Total: 21403294 ns
[2023-02-09T14:49:55.423+0000][68][safepoint   ] Safepoint "Cleanup", Time since last: 4004216720 ns, Reaching safepoint: 324186 ns, At safepoint: 28820 ns, Total: 353006 ns
[2023-02-09T14:50:05.433+0000][68][safepoint   ] Safepoint "Cleanup", Time since last: 10010347901 ns, Reaching safepoint: 333278 ns, At safepoint: 8728 ns, Total: 342006 ns
[2023-02-09T14:50:17.808+0000][68][gc,start    ] GC(297) Pause Young (Concurrent Start) (G1 Evacuation Pause)
[2023-02-09T14:50:17.808+0000][68][gc,task     ] GC(297) Using 4 workers of 4 for evacuation
[2023-02-09T14:50:17.809+0000][68][gc,age      ] GC(297) Desired survivor size 6291456 bytes, new threshold 15 (max threshold 15)
[2023-02-09T14:50:17.813+0000][68][gc,phases   ] GC(297)   Pre Evacuate Collection Set: 0.3ms
[2023-02-09T14:50:17.813+0000][68][gc,phases   ] GC(297)   Merge Heap Roots: 0.2ms
[2023-02-09T14:50:17.814+0000][68][gc,phases   ] GC(297)   Evacuate Collection Set: 1.8ms
[2023-02-09T14:50:17.814+0000][68][gc,phases   ] GC(297)   Post Evacuate Collection Set: 0.8ms
[2023-02-09T14:50:17.815+0000][68][gc,phases   ] GC(297)   Other: 1.1ms
[2023-02-09T14:50:17.815+0000][68][gc,age      ] GC(297) Age table with threshold 15 (max threshold 15)
[2023-02-09T14:50:17.816+0000][68][gc,age      ] GC(297) - age   1:    1471096 bytes,    1471096 total
[2023-02-09T14:50:17.816+0000][68][gc,age      ] GC(297) - age   2:     140016 bytes,    1611112 total
[2023-02-09T14:50:17.817+0000][68][gc,age      ] GC(297) - age   3:       7152 bytes,    1618264 total
[2023-02-09T14:50:17.817+0000][68][gc,age      ] GC(297) - age   4:      18208 bytes,    1636472 total
[2023-02-09T14:50:17.818+0000][68][gc,age      ] GC(297) - age   5:       4512 bytes,    1640984 total
[2023-02-09T14:50:17.819+0000][68][gc,age      ] GC(297) - age   6:        112 bytes,    1641096 total
[2023-02-09T14:50:17.819+0000][68][gc,age      ] GC(297) - age   7:      17392 bytes,    1658488 total
[2023-02-09T14:50:17.819+0000][68][gc,age      ] GC(297) - age   8:       1280 bytes,    1659768 total
[2023-02-09T14:50:17.820+0000][68][gc,age      ] GC(297) - age   9:       2344 bytes,    1662112 total
[2023-02-09T14:50:17.820+0000][68][gc,age      ] GC(297) - age  10:     205760 bytes,    1867872 total
[2023-02-09T14:50:17.820+0000][68][gc,age      ] GC(297) - age  11:       9280 bytes,    1877152 total
[2023-02-09T14:50:17.821+0000][68][gc,age      ] GC(297) - age  12:       2344 bytes,    1879496 total
[2023-02-09T14:50:17.821+0000][68][gc,age      ] GC(297) - age  14:       2584 bytes,    1882080 total
[2023-02-09T14:50:17.822+0000][68][gc,age      ] GC(297) - age  15:       3208 bytes,    1885288 total
[2023-02-09T14:50:17.822+0000][68][gc,heap     ] GC(297) Eden regions: 22->0(22)
[2023-02-09T14:50:17.822+0000][68][gc,heap     ] GC(297) Survivor regions: 1->1(3)
[2023-02-09T14:50:17.823+0000][68][gc,heap     ] GC(297) Old regions: 26->26
[2023-02-09T14:50:17.823+0000][68][gc,heap     ] GC(297) Archive regions: 2->2
[2023-02-09T14:50:17.824+0000][68][gc,heap     ] GC(297) Humongous regions: 2->2
[2023-02-09T14:50:17.824+0000][68][gc,metaspace] GC(297) Metaspace: 142681K(145856K)->142681K(145856K) NonClass: 124519K(125824K)->124519K(125824K) Class: 18161K(20032K)->18161K(20032K)
[2023-02-09T14:50:17.824+0000][68][gc          ] GC(297) Pause Young (Concurrent Start) (G1 Evacuation Pause) 204M->116M(256M) 16.717ms
[2023-02-09T14:50:17.825+0000][68][gc          ] GC(298) Concurrent Mark Cycle
[2023-02-09T14:50:17.825+0000][68][gc,marking  ] GC(298) Concurrent Clear Claimed Marks
[2023-02-09T14:50:17.825+0000][68][gc,cpu      ] GC(297) User=0.01s Sys=0.01s Real=0.02s
[2023-02-09T14:50:17.826+0000][68][gc,marking  ] GC(298) Concurrent Clear Claimed Marks 0.683ms
[2023-02-09T14:50:17.826+0000][68][safepoint   ] Safepoint "G1CollectForAllocation", Time since last: 12374207803 ns, Reaching safepoint: 87804 ns, At safepoint: 18654247 ns, Total: 18742051 ns
[2023-02-09T14:50:17.827+0000][68][gc,marking  ] GC(298) Concurrent Scan Root Regions
[2023-02-09T14:50:17.834+0000][68][gc,marking  ] GC(298) Concurrent Scan Root Regions 6.902ms
[2023-02-09T14:50:17.835+0000][68][gc,marking  ] GC(298) Concurrent Mark
[2023-02-09T14:50:17.836+0000][68][gc,marking  ] GC(298) Concurrent Mark From Roots
[2023-02-09T14:50:17.836+0000][68][gc,task     ] GC(298) Using 1 workers of 1 for marking
[2023-02-09T14:50:17.992+0000][68][gc,marking  ] GC(298) Concurrent Mark From Roots 156.377ms
[2023-02-09T14:50:17.993+0000][68][gc,marking  ] GC(298) Concurrent Preclean
[2023-02-09T14:50:17.993+0000][68][gc,marking  ] GC(298) Concurrent Preclean 0.663ms
[2023-02-09T14:50:17.994+0000][68][gc,start    ] GC(298) Pause Remark
[2023-02-09T14:50:18.006+0000][68][gc          ] GC(298) Pause Remark 118M->118M(256M) 11.691ms
[2023-02-09T14:50:18.007+0000][68][gc,cpu      ] GC(298) User=0.04s Sys=0.01s Real=0.01s
[2023-02-09T14:50:18.008+0000][68][safepoint   ] Safepoint "G1PauseRemark", Time since last: 167634064 ns, Reaching safepoint: 90080 ns, At safepoint: 13472572 ns, Total: 13562652 ns
[2023-02-09T14:50:18.008+0000][68][gc,marking  ] GC(298) Concurrent Mark 173.682ms
[2023-02-09T14:50:18.009+0000][68][gc,marking  ] GC(298) Concurrent Rebuild Remembered Sets
[2023-02-09T14:50:18.068+0000][68][gc,marking  ] GC(298) Concurrent Rebuild Remembered Sets 59.011ms
[2023-02-09T14:50:18.069+0000][68][gc,start    ] GC(298) Pause Cleanup
[2023-02-09T14:50:18.070+0000][68][gc          ] GC(298) Pause Cleanup 119M->119M(256M) 0.618ms
[2023-02-09T14:50:18.070+0000][68][gc,cpu      ] GC(298) User=0.00s Sys=0.00s Real=0.00s
[2023-02-09T14:50:18.071+0000][68][safepoint   ] Safepoint "G1PauseCleanup", Time since last: 61758833 ns, Reaching safepoint: 90755 ns, At safepoint: 1445473 ns, Total: 1536228 ns
[2023-02-09T14:50:18.071+0000][68][gc,marking  ] GC(298) Concurrent Cleanup for Next Mark
[2023-02-09T14:50:18.072+0000][68][gc,marking  ] GC(298) Concurrent Cleanup for Next Mark 0.741ms
[2023-02-09T14:50:18.074+0000][68][gc          ] GC(298) Concurrent Mark Cycle 249.345ms
[2023-02-09T14:50:19.072+0000][68][safepoint   ] Safepoint "Cleanup", Time since last: 1001323275 ns, Reaching safepoint: 287887 ns, At safepoint: 8579 ns, Total: 296466 ns
[2023-02-09T14:50:21.055+0000][68][safepoint   ] Safepoint "Cleanup", Time since last: 2003611947 ns, Reaching safepoint: 114667 ns, At safepoint: 31241 ns, Total: 145908 ns
[2023-02-09T14:50:22.056+0000][68][safepoint   ] Safepoint "Cleanup", Time since last: 1000762658 ns, Reaching safepoint: 74651 ns, At safepoint: 3193 ns, Total: 77844 ns
[2023-02-09T14:50:27.058+0000][68][safepoint   ] Safepoint "Cleanup", Time since last: 5002402133 ns, Reaching safepoint: 144868 ns, At safepoint: 6888 ns, Total: 151756 ns
[2023-02-09T14:50:28.097+0000][68][safepoint   ] Safepoint "Cleanup", Time since last: 1038053744 ns, Reaching safepoint: 339435 ns, At safepoint: 7520 ns, Total: 346955 ns
[2023-02-09T14:50:28.628+0000][68][gc,start    ] GC(299) Pause Young (Prepare Mixed) (G1 Evacuation Pause)
[2023-02-09T14:50:28.629+0000][68][gc,task     ] GC(299) Using 4 workers of 4 for evacuation
[2023-02-09T14:50:28.629+0000][68][gc,age      ] GC(299) Desired survivor size 6291456 bytes, new threshold 15 (max threshold 15)
[2023-02-09T14:50:28.633+0000][68][gc,phases   ] GC(299)   Pre Evacuate Collection Set: 0.2ms
[2023-02-09T14:50:28.634+0000][68][gc,phases   ] GC(299)   Merge Heap Roots: 0.1ms
[2023-02-09T14:50:28.634+0000][68][gc,phases   ] GC(299)   Evacuate Collection Set: 1.8ms
[2023-02-09T14:50:28.635+0000][68][gc,phases   ] GC(299)   Post Evacuate Collection Set: 1.0ms
[2023-02-09T14:50:28.636+0000][68][gc,phases   ] GC(299)   Other: 1.2ms
[2023-02-09T14:50:28.637+0000][68][gc,age      ] GC(299) Age table with threshold 15 (max threshold 15)
[2023-02-09T14:50:28.638+0000][68][gc,age      ] GC(299) - age   1:    2142904 bytes,    2142904 total
[2023-02-09T14:50:28.639+0000][68][gc,age      ] GC(299) - age   2:     185736 bytes,    2328640 total
[2023-02-09T14:50:28.640+0000][68][gc,age      ] GC(299) - age   3:      12360 bytes,    2341000 total
[2023-02-09T14:50:28.642+0000][68][gc,age      ] GC(299) - age   4:       5464 bytes,    2346464 total
[2023-02-09T14:50:28.643+0000][68][gc,age      ] GC(299) - age   5:      18192 bytes,    2364656 total
[2023-02-09T14:50:28.644+0000][68][gc,age      ] GC(299) - age   6:       4384 bytes,    2369040 total
[2023-02-09T14:50:28.644+0000][68][gc,age      ] GC(299) - age   7:        112 bytes,    2369152 total
[2023-02-09T14:50:28.645+0000][68][gc,age      ] GC(299) - age   8:      17392 bytes,    2386544 total
[2023-02-09T14:50:28.646+0000][68][gc,age      ] GC(299) - age   9:        848 bytes,    2387392 total
[2023-02-09T14:50:28.647+0000][68][gc,age      ] GC(299) - age  10:       2344 bytes,    2389736 total
[2023-02-09T14:50:28.647+0000][68][gc,age      ] GC(299) - age  11:     120648 bytes,    2510384 total
[2023-02-09T14:50:28.648+0000][68][gc,age      ] GC(299) - age  12:       8960 bytes,    2519344 total
[2023-02-09T14:50:28.648+0000][68][gc,age      ] GC(299) - age  13:       2344 bytes,    2521688 total
[2023-02-09T14:50:28.649+0000][68][gc,age      ] GC(299) - age  15:       2584 bytes,    2524272 total
[2023-02-09T14:50:28.649+0000][68][gc,heap     ] GC(299) Eden regions: 22->0(2)
[2023-02-09T14:50:28.650+0000][68][gc,heap     ] GC(299) Survivor regions: 1->1(3)
[2023-02-09T14:50:28.650+0000][68][gc,heap     ] GC(299) Old regions: 26->26
[2023-02-09T14:50:28.651+0000][68][gc,heap     ] GC(299) Archive regions: 2->2
[2023-02-09T14:50:28.652+0000][68][gc,heap     ] GC(299) Humongous regions: 2->2
[2023-02-09T14:50:28.652+0000][68][gc,metaspace] GC(299) Metaspace: 142707K(145856K)->142707K(145856K) NonClass: 124545K(125824K)->124545K(125824K) Class: 18162K(20032K)->18162K(20032K)
[2023-02-09T14:50:28.653+0000][68][gc          ] GC(299) Pause Young (Prepare Mixed) (G1 Evacuation Pause) 204M->117M(256M) 24.890ms
[2023-02-09T14:50:28.653+0000][68][gc,cpu      ] GC(299) User=0.00s Sys=0.01s Real=0.02s
[2023-02-09T14:50:28.654+0000][68][safepoint   ] Safepoint "G1CollectForAllocation", Time since last: 531341885 ns, Reaching safepoint: 110601 ns, At safepoint: 25986654 ns, Total: 26097255 ns
[2023-02-09T14:50:29.863+0000][68][gc,start    ] GC(300) Pause Young (Mixed) (G1 Evacuation Pause)
[2023-02-09T14:50:29.864+0000][68][gc,task     ] GC(300) Using 4 workers of 4 for evacuation
[2023-02-09T14:50:29.864+0000][68][gc,age      ] GC(300) Desired survivor size 2097152 bytes, new threshold 1 (max threshold 15)
[2023-02-09T14:50:29.872+0000][68][gc,phases   ] GC(300)   Pre Evacuate Collection Set: 0.1ms
[2023-02-09T14:50:29.872+0000][68][gc,phases   ] GC(300)   Merge Heap Roots: 0.1ms
[2023-02-09T14:50:29.873+0000][68][gc,phases   ] GC(300)   Evacuate Collection Set: 6.4ms
[2023-02-09T14:50:29.873+0000][68][gc,phases   ] GC(300)   Post Evacuate Collection Set: 0.8ms
[2023-02-09T14:50:29.874+0000][68][gc,phases   ] GC(300)   Other: 0.8ms
[2023-02-09T14:50:29.874+0000][68][gc,age      ] GC(300) Age table with threshold 1 (max threshold 15)
[2023-02-09T14:50:29.875+0000][68][gc,age      ] GC(300) - age   1:     703376 bytes,     703376 total
[2023-02-09T14:50:29.875+0000][68][gc,heap     ] GC(300) Eden regions: 2->0(20)
[2023-02-09T14:50:29.875+0000][68][gc,heap     ] GC(300) Survivor regions: 1->1(1)
[2023-02-09T14:50:29.876+0000][68][gc,heap     ] GC(300) Old regions: 26->27
[2023-02-09T14:50:29.876+0000][68][gc,heap     ] GC(300) Archive regions: 2->2
[2023-02-09T14:50:29.877+0000][68][gc,heap     ] GC(300) Humongous regions: 2->2
[2023-02-09T14:50:29.877+0000][68][gc,metaspace] GC(300) Metaspace: 142707K(145856K)->142707K(145856K) NonClass: 124545K(125824K)->124545K(125824K) Class: 18162K(20032K)->18162K(20032K)
[2023-02-09T14:50:29.878+0000][68][gc          ] GC(300) Pause Young (Mixed) (G1 Evacuation Pause) 125M->117M(256M) 14.673ms
[2023-02-09T14:50:29.878+0000][68][gc,cpu      ] GC(300) User=0.03s Sys=0.00s Real=0.02s
[2023-02-09T14:50:29.879+0000][68][safepoint   ] Safepoint "G1CollectForAllocation", Time since last: 1208844050 ns, Reaching safepoint: 110525 ns, At safepoint: 15654072 ns, Total: 15764597 ns
[2023-02-09T14:50:30.880+0000][68][safepoint   ] Safepoint "Cleanup", Time since last: 1001241855 ns, Reaching safepoint: 272444 ns, At safepoint: 8658 ns, Total: 281102 ns
[2023-02-09T14:50:31.884+0000][68][safepoint   ] Safepoint "Cleanup", Time since last: 1003484937 ns, Reaching safepoint: 476788 ns, At safepoint: 13148 ns, Total: 489936 ns
[2023-02-09T14:50:34.889+0000][68][safepoint   ] Safepoint "Cleanup", Time since last: 3004784941 ns, Reaching safepoint: 423181 ns, At safepoint: 17734 ns, Total: 440915 ns
[2023-02-09T14:50:39.893+0000][68][safepoint   ] Safepoint "Cleanup", Time since last: 5003677863 ns, Reaching safepoint: 183988 ns, At safepoint: 4942 ns, Total: 188930 ns
[2023-02-09T14:50:41.897+0000][68][safepoint   ] Safepoint "Cleanup", Time since last: 2003937481 ns, Reaching safepoint: 137521 ns, At safepoint: 9954 ns, Total: 147475 ns
[2023-02-09T14:50:44.900+0000][68][safepoint   ] Safepoint "Cleanup", Time since last: 3002220575 ns, Reaching safepoint: 241867 ns, At safepoint: 31794 ns, Total: 273661 ns
[2023-02-09T14:50:50.881+0000][68][safepoint   ] Safepoint "Cleanup", Time since last: 6003180728 ns, Reaching safepoint: 145923 ns, At safepoint: 8340 ns, Total: 154263 ns
[2023-02-09T14:50:50.980+0000][68][gc,start    ] GC(301) Pause Young (Normal) (G1 Evacuation Pause)
[2023-02-09T14:50:50.981+0000][68][gc,task     ] GC(301) Using 4 workers of 4 for evacuation
[2023-02-09T14:50:50.981+0000][68][gc,age      ] GC(301) Desired survivor size 6291456 bytes, new threshold 15 (max threshold 15)
[2023-02-09T14:50:50.984+0000][68][gc,phases   ] GC(301)   Pre Evacuate Collection Set: 0.2ms
[2023-02-09T14:50:50.985+0000][68][gc,phases   ] GC(301)   Merge Heap Roots: 0.1ms
[2023-02-09T14:50:50.986+0000][68][gc,phases   ] GC(301)   Evacuate Collection Set: 1.2ms
[2023-02-09T14:50:50.986+0000][68][gc,phases   ] GC(301)   Post Evacuate Collection Set: 0.8ms
[2023-02-09T14:50:50.987+0000][68][gc,phases   ] GC(301)   Other: 1.3ms
[2023-02-09T14:50:50.987+0000][68][gc,age      ] GC(301) Age table with threshold 15 (max threshold 15)
[2023-02-09T14:50:50.987+0000][68][gc,age      ] GC(301) - age   1:    1799264 bytes,    1799264 total
[2023-02-09T14:50:50.988+0000][68][gc,age      ] GC(301) - age   2:      13640 bytes,    1812904 total
[2023-02-09T14:50:50.988+0000][68][gc,heap     ] GC(301) Eden regions: 20->0(20)
[2023-02-09T14:50:50.989+0000][68][gc,heap     ] GC(301) Survivor regions: 1->1(3)
[2023-02-09T14:50:50.989+0000][68][gc,heap     ] GC(301) Old regions: 27->27
[2023-02-09T14:50:50.990+0000][68][gc,heap     ] GC(301) Archive regions: 2->2
[2023-02-09T14:50:50.990+0000][68][gc,heap     ] GC(301) Humongous regions: 2->2
[2023-02-09T14:50:50.991+0000][68][gc,metaspace] GC(301) Metaspace: 142707K(145856K)->142707K(145856K) NonClass: 124545K(125824K)->124545K(125824K) Class: 18162K(20032K)->18162K(20032K)
[2023-02-09T14:50:50.992+0000][68][gc          ] GC(301) Pause Young (Normal) (G1 Evacuation Pause) 197M->118M(256M) 11.739ms
[2023-02-09T14:50:50.992+0000][68][gc,cpu      ] GC(301) User=0.01s Sys=0.00s Real=0.01s
[2023-02-09T14:50:50.992+0000][68][safepoint   ] Safepoint "G1CollectForAllocation", Time since last: 98666585 ns, Reaching safepoint: 145569 ns, At safepoint: 12614217 ns, Total: 12759786 ns
[2023-02-09T14:50:51.993+0000][68][safepoint   ] Safepoint "Cleanup", Time since last: 1000531714 ns, Reaching safepoint: 111886 ns, At safepoint: 4413 ns, Total: 116299 ns
[2023-02-09T14:50:54.996+0000][68][safepoint   ] Safepoint "Cleanup", Time since last: 3002091820 ns, Reaching safepoint: 285831 ns, At safepoint: 6709 ns, Total: 292540 ns
[2023-02-09T14:50:59.002+0000][68][safepoint   ] Safepoint "Cleanup", Time since last: 4005396725 ns, Reaching safepoint: 618637 ns, At safepoint: 38212 ns, Total: 656849 ns
[2023-02-09T14:51:05.008+0000][68][safepoint   ] Safepoint "Cleanup", Time since last: 6005953497 ns, Reaching safepoint: 382679 ns, At safepoint: 8236 ns, Total: 390915 ns
[2023-02-09T14:51:09.014+0000][68][safepoint   ] Safepoint "Cleanup", Time since last: 4005518548 ns, Reaching safepoint: 167981 ns, At safepoint: 31251 ns, Total: 199232 ns
[2023-02-09T14:51:10.016+0000][68][safepoint   ] Safepoint "Cleanup", Time since last: 1001780761 ns, Reaching safepoint: 332604 ns, At safepoint: 20183 ns, Total: 352787 ns
[2023-02-09T14:51:11.753+0000][68][gc,start    ] GC(302) Pause Young (Normal) (G1 Evacuation Pause)
[2023-02-09T14:51:11.754+0000][68][gc,task     ] GC(302) Using 4 workers of 4 for evacuation
[2023-02-09T14:51:11.755+0000][68][gc,age      ] GC(302) Desired survivor size 6291456 bytes, new threshold 15 (max threshold 15)
[2023-02-09T14:51:11.759+0000][68][gc,phases   ] GC(302)   Pre Evacuate Collection Set: 0.2ms
[2023-02-09T14:51:11.760+0000][68][gc,phases   ] GC(302)   Merge Heap Roots: 0.1ms
[2023-02-09T14:51:11.761+0000][68][gc,phases   ] GC(302)   Evacuate Collection Set: 1.8ms
[2023-02-09T14:51:11.762+0000][68][gc,phases   ] GC(302)   Post Evacuate Collection Set: 1.1ms
[2023-02-09T14:51:11.764+0000][68][gc,phases   ] GC(302)   Other: 2.0ms
[2023-02-09T14:51:11.765+0000][68][gc,age      ] GC(302) Age table with threshold 15 (max threshold 15)
[2023-02-09T14:51:11.766+0000][68][gc,age      ] GC(302) - age   1:    1599696 bytes,    1599696 total
[2023-02-09T14:51:11.768+0000][68][gc,age      ] GC(302) - age   2:     404864 bytes,    2004560 total
[2023-02-09T14:51:11.770+0000][68][gc,age      ] GC(302) - age   3:      11240 bytes,    2015800 total
[2023-02-09T14:51:11.770+0000][68][gc,heap     ] GC(302) Eden regions: 20->0(20)
[2023-02-09T14:51:11.771+0000][68][gc,heap     ] GC(302) Survivor regions: 1->1(3)
[2023-02-09T14:51:11.772+0000][68][gc,heap     ] GC(302) Old regions: 27->27
[2023-02-09T14:51:11.772+0000][68][gc,heap     ] GC(302) Archive regions: 2->2
[2023-02-09T14:51:11.773+0000][68][gc,heap     ] GC(302) Humongous regions: 2->2
[2023-02-09T14:51:11.773+0000][68][gc,metaspace] GC(302) Metaspace: 142710K(145856K)->142710K(145856K) NonClass: 124548K(125824K)->124548K(125824K) Class: 18162K(20032K)->18162K(20032K)
[2023-02-09T14:51:11.774+0000][68][gc          ] GC(302) Pause Young (Normal) (G1 Evacuation Pause) 198M->118M(256M) 20.493ms
[2023-02-09T14:51:11.774+0000][68][gc,cpu      ] GC(302) User=0.01s Sys=0.00s Real=0.02s
[2023-02-09T14:51:11.775+0000][68][safepoint   ] Safepoint "G1CollectForAllocation", Time since last: 1737156455 ns, Reaching safepoint: 97820 ns, At safepoint: 21566983 ns, Total: 21664803 ns
[2023-02-09T14:51:23.759+0000][68][safepoint   ] Safepoint "Cleanup", Time since last: 12005119005 ns, Reaching safepoint: 163260 ns, At safepoint: 7723 ns, Total: 170983 ns
[2023-02-09T14:51:27.772+0000][68][safepoint   ] Safepoint "Cleanup", Time since last: 4013099061 ns, Reaching safepoint: 137744 ns, At safepoint: 11596 ns, Total: 149340 ns
[2023-02-09T14:51:35.783+0000][68][safepoint   ] Safepoint "Cleanup", Time since last: 8010792402 ns, Reaching safepoint: 239266 ns, At safepoint: 13321 ns, Total: 252587 ns
[2023-02-09T14:51:38.748+0000][68][gc,start    ] GC(303) Pause Young (Concurrent Start) (G1 Evacuation Pause)
[2023-02-09T14:51:38.749+0000][68][gc,task     ] GC(303) Using 4 workers of 4 for evacuation
[2023-02-09T14:51:38.750+0000][68][gc,age      ] GC(303) Desired survivor size 6291456 bytes, new threshold 15 (max threshold 15)
[2023-02-09T14:51:38.756+0000][68][gc,phases   ] GC(303)   Pre Evacuate Collection Set: 0.4ms
[2023-02-09T14:51:38.757+0000][68][gc,phases   ] GC(303)   Merge Heap Roots: 0.2ms
[2023-02-09T14:51:38.758+0000][68][gc,phases   ] GC(303)   Evacuate Collection Set: 2.7ms
[2023-02-09T14:51:38.759+0000][68][gc,phases   ] GC(303)   Post Evacuate Collection Set: 1.2ms
[2023-02-09T14:51:38.759+0000][68][gc,phases   ] GC(303)   Other: 2.9ms
[2023-02-09T14:51:38.760+0000][68][gc,age      ] GC(303) Age table with threshold 15 (max threshold 15)
[2023-02-09T14:51:38.760+0000][68][gc,age      ] GC(303) - age   1:    1074240 bytes,    1074240 total
[2023-02-09T14:51:38.761+0000][68][gc,age      ] GC(303) - age   2:     512560 bytes,    1586800 total
[2023-02-09T14:51:38.761+0000][68][gc,age      ] GC(303) - age   3:     254120 bytes,    1840920 total
[2023-02-09T14:51:38.762+0000][68][gc,age      ] GC(303) - age   4:      11208 bytes,    1852128 total
[2023-02-09T14:51:38.763+0000][68][gc,heap     ] GC(303) Eden regions: 20->0(20)
[2023-02-09T14:51:38.764+0000][68][gc,heap     ] GC(303) Survivor regions: 1->1(3)
[2023-02-09T14:51:38.765+0000][68][gc,heap     ] GC(303) Old regions: 27->27
[2023-02-09T14:51:38.766+0000][68][gc,heap     ] GC(303) Archive regions: 2->2
[2023-02-09T14:51:38.767+0000][68][gc,heap     ] GC(303) Humongous regions: 2->2
[2023-02-09T14:51:38.767+0000][68][gc,metaspace] GC(303) Metaspace: 142730K(145856K)->142730K(145856K) NonClass: 124568K(125824K)->124568K(125824K) Class: 18162K(20032K)->18162K(20032K)
[2023-02-09T14:51:38.769+0000][68][gc          ] GC(303) Pause Young (Concurrent Start) (G1 Evacuation Pause) 198M->118M(256M) 20.788ms
[2023-02-09T14:51:38.770+0000][68][gc,cpu      ] GC(303) User=0.00s Sys=0.00s Real=0.02s
[2023-02-09T14:51:38.771+0000][68][safepoint   ] Safepoint "G1CollectForAllocation", Time since last: 2964329331 ns, Reaching safepoint: 75988 ns, At safepoint: 22786171 ns, Total: 22862159 ns
[2023-02-09T14:51:38.770+0000][68][gc          ] GC(304) Concurrent Mark Cycle
[2023-02-09T14:51:38.774+0000][68][gc,marking  ] GC(304) Concurrent Clear Claimed Marks
[2023-02-09T14:51:38.775+0000][68][gc,marking  ] GC(304) Concurrent Clear Claimed Marks 1.076ms
[2023-02-09T14:51:38.776+0000][68][gc,marking  ] GC(304) Concurrent Scan Root Regions
[2023-02-09T14:51:38.780+0000][68][gc,marking  ] GC(304) Concurrent Scan Root Regions 4.190ms
[2023-02-09T14:51:38.781+0000][68][gc,marking  ] GC(304) Concurrent Mark
[2023-02-09T14:51:38.782+0000][68][gc,marking  ] GC(304) Concurrent Mark From Roots
[2023-02-09T14:51:38.783+0000][68][gc,task     ] GC(304) Using 1 workers of 1 for marking
[2023-02-09T14:51:39.041+0000][68][gc,marking  ] GC(304) Concurrent Mark From Roots 258.808ms
[2023-02-09T14:51:39.041+0000][68][gc,marking  ] GC(304) Concurrent Preclean
[2023-02-09T14:51:39.042+0000][68][gc,marking  ] GC(304) Concurrent Preclean 0.947ms
[2023-02-09T14:51:39.043+0000][68][gc,start    ] GC(304) Pause Remark
[2023-02-09T14:51:39.053+0000][68][gc          ] GC(304) Pause Remark 122M->122M(256M) 10.366ms
[2023-02-09T14:51:39.054+0000][68][gc,cpu      ] GC(304) User=0.03s Sys=0.00s Real=0.02s
[2023-02-09T14:51:39.055+0000][68][safepoint   ] Safepoint "G1PauseRemark", Time since last: 272282372 ns, Reaching safepoint: 169804 ns, At safepoint: 11809826 ns, Total: 11979630 ns
[2023-02-09T14:51:39.056+0000][68][gc,marking  ] GC(304) Concurrent Mark 274.355ms
[2023-02-09T14:51:39.056+0000][68][gc,marking  ] GC(304) Concurrent Rebuild Remembered Sets
[2023-02-09T14:51:39.156+0000][68][gc,marking  ] GC(304) Concurrent Rebuild Remembered Sets 100.354ms
[2023-02-09T14:51:39.159+0000][68][gc,start    ] GC(304) Pause Cleanup
[2023-02-09T14:51:39.160+0000][68][gc          ] GC(304) Pause Cleanup 127M->127M(256M) 0.844ms
[2023-02-09T14:51:39.160+0000][68][gc,cpu      ] GC(304) User=0.00s Sys=0.00s Real=0.00s
[2023-02-09T14:51:39.161+0000][68][safepoint   ] Safepoint "G1PauseCleanup", Time since last: 104104641 ns, Reaching safepoint: 91858 ns, At safepoint: 1982507 ns, Total: 2074365 ns
[2023-02-09T14:51:39.161+0000][68][gc,marking  ] GC(304) Concurrent Cleanup for Next Mark
[2023-02-09T14:51:39.162+0000][68][gc,marking  ] GC(304) Concurrent Cleanup for Next Mark 0.697ms
[2023-02-09T14:51:39.163+0000][68][gc          ] GC(304) Concurrent Mark Cycle 393.085ms
[2023-02-09T14:52:03.604+0000][68][gc,start    ] GC(305) Pause Young (Prepare Mixed) (G1 Evacuation Pause)
[2023-02-09T14:52:03.605+0000][68][gc,task     ] GC(305) Using 4 workers of 4 for evacuation
[2023-02-09T14:52:03.606+0000][68][gc,age      ] GC(305) Desired survivor size 6291456 bytes, new threshold 15 (max threshold 15)
[2023-02-09T14:52:03.610+0000][68][gc,phases   ] GC(305)   Pre Evacuate Collection Set: 0.1ms
[2023-02-09T14:52:03.611+0000][68][gc,phases   ] GC(305)   Merge Heap Roots: 0.1ms
[2023-02-09T14:52:03.612+0000][68][gc,phases   ] GC(305)   Evacuate Collection Set: 2.5ms
[2023-02-09T14:52:03.613+0000][68][gc,phases   ] GC(305)   Post Evacuate Collection Set: 1.0ms
[2023-02-09T14:52:03.614+0000][68][gc,phases   ] GC(305)   Other: 1.4ms
[2023-02-09T14:52:03.615+0000][68][gc,age      ] GC(305) Age table with threshold 15 (max threshold 15)
[2023-02-09T14:52:03.615+0000][68][gc,age      ] GC(305) - age   1:    1227424 bytes,    1227424 total
[2023-02-09T14:52:03.616+0000][68][gc,age      ] GC(305) - age   2:     207664 bytes,    1435088 total
[2023-02-09T14:52:03.617+0000][68][gc,age      ] GC(305) - age   3:     334944 bytes,    1770032 total
[2023-02-09T14:52:03.618+0000][68][gc,age      ] GC(305) - age   4:     244400 bytes,    2014432 total
[2023-02-09T14:52:03.619+0000][68][gc,age      ] GC(305) - age   5:       3440 bytes,    2017872 total
[2023-02-09T14:52:03.620+0000][68][gc,heap     ] GC(305) Eden regions: 20->0(2)
[2023-02-09T14:52:03.621+0000][68][gc,heap     ] GC(305) Survivor regions: 1->1(3)
[2023-02-09T14:52:03.622+0000][68][gc,heap     ] GC(305) Old regions: 27->27
[2023-02-09T14:52:03.623+0000][68][gc,heap     ] GC(305) Archive regions: 2->2
[2023-02-09T14:52:03.624+0000][68][gc,heap     ] GC(305) Humongous regions: 2->2
[2023-02-09T14:52:03.625+0000][68][gc,metaspace] GC(305) Metaspace: 142732K(145856K)->142732K(145856K) NonClass: 124570K(125824K)->124570K(125824K) Class: 18162K(20032K)->18162K(20032K)
[2023-02-09T14:52:03.626+0000][68][gc          ] GC(305) Pause Young (Prepare Mixed) (G1 Evacuation Pause) 198M->118M(256M) 21.313ms
[2023-02-09T14:52:03.626+0000][68][gc,cpu      ] GC(305) User=0.01s Sys=0.00s Real=0.03s
[2023-02-09T14:52:03.627+0000][68][safepoint   ] Safepoint "G1CollectForAllocation", Time since last: 24470761196 ns, Reaching safepoint: 135618 ns, At safepoint: 22807742 ns, Total: 22943360 ns
[2023-02-09T14:52:04.629+0000][68][safepoint   ] Safepoint "Cleanup", Time since last: 1001725126 ns, Reaching safepoint: 469593 ns, At safepoint: 22284 ns, Total: 491877 ns
[2023-02-09T14:52:05.633+0000][68][safepoint   ] Safepoint "Cleanup", Time since last: 1002778638 ns, Reaching safepoint: 450588 ns, At safepoint: 43504 ns, Total: 494092 ns
[2023-02-09T14:52:05.718+0000][68][gc,start    ] GC(306) Pause Young (Mixed) (G1 Evacuation Pause)
[2023-02-09T14:52:05.720+0000][68][gc,task     ] GC(306) Using 4 workers of 4 for evacuation
[2023-02-09T14:52:05.721+0000][68][gc,age      ] GC(306) Desired survivor size 2097152 bytes, new threshold 15 (max threshold 15)
[2023-02-09T14:52:05.733+0000][68][gc,phases   ] GC(306)   Pre Evacuate Collection Set: 0.4ms
[2023-02-09T14:52:05.734+0000][68][gc,phases   ] GC(306)   Merge Heap Roots: 0.2ms
[2023-02-09T14:52:05.735+0000][68][gc,phases   ] GC(306)   Evacuate Collection Set: 8.6ms
[2023-02-09T14:52:05.735+0000][68][gc,phases   ] GC(306)   Post Evacuate Collection Set: 1.6ms
[2023-02-09T14:52:05.736+0000][68][gc,phases   ] GC(306)   Other: 2.2ms
[2023-02-09T14:52:05.737+0000][68][gc,age      ] GC(306) Age table with threshold 15 (max threshold 15)
[2023-02-09T14:52:05.738+0000][68][gc,age      ] GC(306) - age   1:     372816 bytes,     372816 total
[2023-02-09T14:52:05.738+0000][68][gc,age      ] GC(306) - age   2:     816952 bytes,    1189768 total
[2023-02-09T14:52:05.739+0000][68][gc,age      ] GC(306) - age   3:     202712 bytes,    1392480 total
[2023-02-09T14:52:05.739+0000][68][gc,age      ] GC(306) - age   4:     334864 bytes,    1727344 total
[2023-02-09T14:52:05.740+0000][68][gc,age      ] GC(306) - age   5:     242560 bytes,    1969904 total
[2023-02-09T14:52:05.740+0000][68][gc,age      ] GC(306) - age   6:       2640 bytes,    1972544 total
[2023-02-09T14:52:05.741+0000][68][gc,heap     ] GC(306) Eden regions: 2->0(21)
[2023-02-09T14:52:05.742+0000][68][gc,heap     ] GC(306) Survivor regions: 1->1(1)
[2023-02-09T14:52:05.742+0000][68][gc,heap     ] GC(306) Old regions: 27->26
[2023-02-09T14:52:05.743+0000][68][gc,heap     ] GC(306) Archive regions: 2->2
[2023-02-09T14:52:05.744+0000][68][gc,heap     ] GC(306) Humongous regions: 2->2
[2023-02-09T14:52:05.744+0000][68][gc,metaspace] GC(306) Metaspace: 142736K(145856K)->142736K(145856K) NonClass: 124574K(125824K)->124574K(125824K) Class: 18162K(20032K)->18162K(20032K)
[2023-02-09T14:52:05.745+0000][68][gc          ] GC(306) Pause Young (Mixed) (G1 Evacuation Pause) 126M->116M(256M) 26.878ms
[2023-02-09T14:52:05.745+0000][68][gc,cpu      ] GC(306) User=0.02s Sys=0.01s Real=0.02s
[2023-02-09T14:52:05.746+0000][68][safepoint   ] Safepoint "G1CollectForAllocation", Time since last: 84994069 ns, Reaching safepoint: 231152 ns, At safepoint: 28268054 ns, Total: 28499206 ns
[2023-02-09T14:52:28.532+0000][68][gc,start    ] GC(307) Pause Young (Normal) (G1 Evacuation Pause)
[2023-02-09T14:52:28.533+0000][68][gc,task     ] GC(307) Using 4 workers of 4 for evacuation
[2023-02-09T14:52:28.534+0000][68][gc,age      ] GC(307) Desired survivor size 6291456 bytes, new threshold 15 (max threshold 15)
[2023-02-09T14:52:28.538+0000][68][gc,phases   ] GC(307)   Pre Evacuate Collection Set: 0.2ms
[2023-02-09T14:52:28.539+0000][68][gc,phases   ] GC(307)   Merge Heap Roots: 0.1ms
[2023-02-09T14:52:28.539+0000][68][gc,phases   ] GC(307)   Evacuate Collection Set: 2.0ms
[2023-02-09T14:52:28.540+0000][68][gc,phases   ] GC(307)   Post Evacuate Collection Set: 1.0ms
[2023-02-09T14:52:28.540+0000][68][gc,phases   ] GC(307)   Other: 1.5ms
[2023-02-09T14:52:28.541+0000][68][gc,age      ] GC(307) Age table with threshold 15 (max threshold 15)
[2023-02-09T14:52:28.541+0000][68][gc,age      ] GC(307) - age   1:    1393512 bytes,    1393512 total
[2023-02-09T14:52:28.541+0000][68][gc,age      ] GC(307) - age   2:       4920 bytes,    1398432 total
[2023-02-09T14:52:28.542+0000][68][gc,age      ] GC(307) - age   3:     130672 bytes,    1529104 total
[2023-02-09T14:52:28.542+0000][68][gc,age      ] GC(307) - age   4:      58112 bytes,    1587216 total
[2023-02-09T14:52:28.543+0000][68][gc,age      ] GC(307) - age   5:     334544 bytes,    1921760 total
[2023-02-09T14:52:28.543+0000][68][gc,age      ] GC(307) - age   6:     242368 bytes,    2164128 total
[2023-02-09T14:52:28.544+0000][68][gc,age      ] GC(307) - age   7:       2640 bytes,    2166768 total
[2023-02-09T14:52:28.544+0000][68][gc,heap     ] GC(307) Eden regions: 21->0(21)
[2023-02-09T14:52:28.545+0000][68][gc,heap     ] GC(307) Survivor regions: 1->1(3)
[2023-02-09T14:52:28.545+0000][68][gc,heap     ] GC(307) Old regions: 26->26
[2023-02-09T14:52:28.546+0000][68][gc,heap     ] GC(307) Archive regions: 2->2
[2023-02-09T14:52:28.546+0000][68][gc,heap     ] GC(307) Humongous regions: 2->2
[2023-02-09T14:52:28.546+0000][68][gc,metaspace] GC(307) Metaspace: 142745K(145856K)->142745K(145856K) NonClass: 124583K(125824K)->124583K(125824K) Class: 18162K(20032K)->18162K(20032K)
[2023-02-09T14:52:28.547+0000][68][gc          ] GC(307) Pause Young (Normal) (G1 Evacuation Pause) 200M->116M(256M) 14.659ms
[2023-02-09T14:52:28.547+0000][68][gc,cpu      ] GC(307) User=0.01s Sys=0.00s Real=0.01s
[2023-02-09T14:52:28.548+0000][68][safepoint   ] Safepoint "G1CollectForAllocation", Time since last: 22810313656 ns, Reaching safepoint: 88036 ns, At safepoint: 15672969 ns, Total: 15761005 ns
[2023-02-09T14:52:56.984+0000][68][gc,start    ] GC(308) Pause Young (Normal) (G1 Evacuation Pause)
[2023-02-09T14:52:56.985+0000][68][gc,task     ] GC(308) Using 4 workers of 4 for evacuation
[2023-02-09T14:52:56.985+0000][68][gc,age      ] GC(308) Desired survivor size 6291456 bytes, new threshold 15 (max threshold 15)
[2023-02-09T14:52:56.989+0000][68][gc,phases   ] GC(308)   Pre Evacuate Collection Set: 0.1ms
[2023-02-09T14:52:56.989+0000][68][gc,phases   ] GC(308)   Merge Heap Roots: 0.1ms
[2023-02-09T14:52:56.990+0000][68][gc,phases   ] GC(308)   Evacuate Collection Set: 1.9ms
[2023-02-09T14:52:56.990+0000][68][gc,phases   ] GC(308)   Post Evacuate Collection Set: 0.8ms
[2023-02-09T14:52:56.991+0000][68][gc,phases   ] GC(308)   Other: 1.0ms
[2023-02-09T14:52:56.991+0000][68][gc,age      ] GC(308) Age table with threshold 15 (max threshold 15)
[2023-02-09T14:52:56.991+0000][68][gc,age      ] GC(308) - age   1:    1273440 bytes,    1273440 total
[2023-02-09T14:52:56.992+0000][68][gc,age      ] GC(308) - age   2:     153664 bytes,    1427104 total
[2023-02-09T14:52:56.993+0000][68][gc,age      ] GC(308) - age   4:       1160 bytes,    1428264 total
[2023-02-09T14:52:56.993+0000][68][gc,age      ] GC(308) - age   5:      57472 bytes,    1485736 total
[2023-02-09T14:52:56.993+0000][68][gc,age      ] GC(308) - age   6:     334480 bytes,    1820216 total
[2023-02-09T14:52:56.994+0000][68][gc,age      ] GC(308) - age   7:     242128 bytes,    2062344 total
[2023-02-09T14:52:56.994+0000][68][gc,age      ] GC(308) - age   8:       2640 bytes,    2064984 total
[2023-02-09T14:52:56.994+0000][68][gc,heap     ] GC(308) Eden regions: 21->0(21)
[2023-02-09T14:52:56.994+0000][68][gc,heap     ] GC(308) Survivor regions: 1->1(3)
[2023-02-09T14:52:56.995+0000][68][gc,heap     ] GC(308) Old regions: 26->26
[2023-02-09T14:52:56.995+0000][68][gc,heap     ] GC(308) Archive regions: 2->2
[2023-02-09T14:52:56.995+0000][68][gc,heap     ] GC(308) Humongous regions: 2->2
[2023-02-09T14:52:56.996+0000][68][gc,metaspace] GC(308) Metaspace: 142749K(145856K)->142749K(145856K) NonClass: 124586K(125824K)->124586K(125824K) Class: 18162K(20032K)->18162K(20032K)
[2023-02-09T14:52:56.996+0000][68][gc          ] GC(308) Pause Young (Normal) (G1 Evacuation Pause) 200M->116M(256M) 12.096ms
[2023-02-09T14:52:56.996+0000][68][gc,cpu      ] GC(308) User=0.01s Sys=0.00s Real=0.01s
[2023-02-09T14:52:56.997+0000][68][safepoint   ] Safepoint "G1CollectForAllocation", Time since last: 28457303033 ns, Reaching safepoint: 109571 ns, At safepoint: 12851818 ns, Total: 12961389 ns
[2023-02-09T14:53:26.673+0000][68][gc,start    ] GC(309) Pause Young (Concurrent Start) (G1 Evacuation Pause)
[2023-02-09T14:53:26.674+0000][68][gc,task     ] GC(309) Using 4 workers of 4 for evacuation
[2023-02-09T14:53:26.674+0000][68][gc,age      ] GC(309) Desired survivor size 6291456 bytes, new threshold 15 (max threshold 15)
[2023-02-09T14:53:26.678+0000][68][gc,phases   ] GC(309)   Pre Evacuate Collection Set: 0.5ms
[2023-02-09T14:53:26.679+0000][68][gc,phases   ] GC(309)   Merge Heap Roots: 0.1ms
[2023-02-09T14:53:26.679+0000][68][gc,phases   ] GC(309)   Evacuate Collection Set: 1.7ms
[2023-02-09T14:53:26.680+0000][68][gc,phases   ] GC(309)   Post Evacuate Collection Set: 0.9ms
[2023-02-09T14:53:26.680+0000][68][gc,phases   ] GC(309)   Other: 1.5ms
[2023-02-09T14:53:26.681+0000][68][gc,age      ] GC(309) Age table with threshold 15 (max threshold 15)
[2023-02-09T14:53:26.682+0000][68][gc,age      ] GC(309) - age   1:    1356896 bytes,    1356896 total
[2023-02-09T14:53:26.682+0000][68][gc,age      ] GC(309) - age   2:     112528 bytes,    1469424 total
[2023-02-09T14:53:26.682+0000][68][gc,age      ] GC(309) - age   3:       6912 bytes,    1476336 total
[2023-02-09T14:53:26.683+0000][68][gc,age      ] GC(309) - age   5:        968 bytes,    1477304 total
[2023-02-09T14:53:26.683+0000][68][gc,age      ] GC(309) - age   6:      57472 bytes,    1534776 total
[2023-02-09T14:53:26.684+0000][68][gc,age      ] GC(309) - age   7:     334096 bytes,    1868872 total
[2023-02-09T14:53:26.684+0000][68][gc,age      ] GC(309) - age   8:     241592 bytes,    2110464 total
[2023-02-09T14:53:26.685+0000][68][gc,age      ] GC(309) - age   9:       2640 bytes,    2113104 total
[2023-02-09T14:53:26.685+0000][68][gc,heap     ] GC(309) Eden regions: 21->0(21)
[2023-02-09T14:53:26.685+0000][68][gc,heap     ] GC(309) Survivor regions: 1->1(3)
[2023-02-09T14:53:26.686+0000][68][gc,heap     ] GC(309) Old regions: 26->26
[2023-02-09T14:53:26.686+0000][68][gc,heap     ] GC(309) Archive regions: 2->2
[2023-02-09T14:53:26.687+0000][68][gc,heap     ] GC(309) Humongous regions: 2->2
[2023-02-09T14:53:26.687+0000][68][gc,metaspace] GC(309) Metaspace: 142751K(145920K)->142751K(145920K) NonClass: 124589K(125888K)->124589K(125888K) Class: 18162K(20032K)->18162K(20032K)
[2023-02-09T14:53:26.688+0000][68][gc          ] GC(309) Pause Young (Concurrent Start) (G1 Evacuation Pause) 200M->116M(256M) 15.127ms
[2023-02-09T14:53:26.688+0000][68][gc,cpu      ] GC(309) User=0.00s Sys=0.00s Real=0.02s
[2023-02-09T14:53:26.688+0000][68][gc          ] GC(310) Concurrent Mark Cycle
[2023-02-09T14:53:26.690+0000][68][gc,marking  ] GC(310) Concurrent Clear Claimed Marks
[2023-02-09T14:53:26.689+0000][68][safepoint   ] Safepoint "G1CollectForAllocation", Time since last: 29698048021 ns, Reaching safepoint: 158784 ns, At safepoint: 16205929 ns, Total: 16364713 ns
[2023-02-09T14:53:26.690+0000][68][gc,marking  ] GC(310) Concurrent Clear Claimed Marks 0.829ms
[2023-02-09T14:53:26.691+0000][68][gc,marking  ] GC(310) Concurrent Scan Root Regions
[2023-02-09T14:53:26.694+0000][68][gc,marking  ] GC(310) Concurrent Scan Root Regions 2.468ms
[2023-02-09T14:53:26.694+0000][68][gc,marking  ] GC(310) Concurrent Mark
[2023-02-09T14:53:26.695+0000][68][gc,marking  ] GC(310) Concurrent Mark From Roots
[2023-02-09T14:53:26.695+0000][68][gc,task     ] GC(310) Using 1 workers of 1 for marking
[2023-02-09T14:53:26.825+0000][68][gc,marking  ] GC(310) Concurrent Mark From Roots 130.621ms
[2023-02-09T14:53:26.826+0000][68][gc,marking  ] GC(310) Concurrent Preclean
[2023-02-09T14:53:26.827+0000][68][gc,marking  ] GC(310) Concurrent Preclean 0.779ms
[2023-02-09T14:53:26.828+0000][68][gc,start    ] GC(310) Pause Remark
[2023-02-09T14:53:26.840+0000][68][gc          ] GC(310) Pause Remark 122M->122M(256M) 12.731ms
[2023-02-09T14:53:26.841+0000][68][gc,cpu      ] GC(310) User=0.04s Sys=0.00s Real=0.02s
[2023-02-09T14:53:26.842+0000][68][safepoint   ] Safepoint "G1PauseRemark", Time since last: 138458042 ns, Reaching safepoint: 207183 ns, At safepoint: 14313049 ns, Total: 14520232 ns
[2023-02-09T14:53:26.843+0000][68][gc,marking  ] GC(310) Concurrent Mark 148.761ms
[2023-02-09T14:53:26.844+0000][68][gc,marking  ] GC(310) Concurrent Rebuild Remembered Sets
[2023-02-09T14:53:26.928+0000][68][gc,marking  ] GC(310) Concurrent Rebuild Remembered Sets 84.531ms
[2023-02-09T14:53:26.930+0000][68][gc,start    ] GC(310) Pause Cleanup
[2023-02-09T14:53:26.931+0000][68][gc          ] GC(310) Pause Cleanup 122M->122M(256M) 1.395ms
[2023-02-09T14:53:26.932+0000][68][gc,cpu      ] GC(310) User=0.00s Sys=0.00s Real=0.00s
[2023-02-09T14:53:26.933+0000][68][safepoint   ] Safepoint "G1PauseCleanup", Time since last: 87261293 ns, Reaching safepoint: 529516 ns, At safepoint: 3777182 ns, Total: 4306698 ns
[2023-02-09T14:53:26.934+0000][68][gc,marking  ] GC(310) Concurrent Cleanup for Next Mark
[2023-02-09T14:53:26.935+0000][68][gc,marking  ] GC(310) Concurrent Cleanup for Next Mark 0.925ms
[2023-02-09T14:53:26.936+0000][68][gc          ] GC(310) Concurrent Mark Cycle 247.246ms
[2023-02-09T14:53:32.937+0000][68][safepoint   ] Safepoint "Cleanup", Time since last: 6003553893 ns, Reaching safepoint: 94568 ns, At safepoint: 4233 ns, Total: 98801 ns
[2023-02-09T14:53:45.946+0000][68][safepoint   ] Safepoint "Cleanup", Time since last: 13008506602 ns, Reaching safepoint: 100649 ns, At safepoint: 25222 ns, Total: 125871 ns
[2023-02-09T14:53:50.749+0000][68][gc,start    ] GC(311) Pause Young (Prepare Mixed) (G1 Evacuation Pause)
[2023-02-09T14:53:50.749+0000][68][gc,task     ] GC(311) Using 4 workers of 4 for evacuation
[2023-02-09T14:53:50.750+0000][68][gc,age      ] GC(311) Desired survivor size 6291456 bytes, new threshold 15 (max threshold 15)
[2023-02-09T14:53:50.753+0000][68][gc,phases   ] GC(311)   Pre Evacuate Collection Set: 0.1ms
[2023-02-09T14:53:50.754+0000][68][gc,phases   ] GC(311)   Merge Heap Roots: 0.0ms
[2023-02-09T14:53:50.754+0000][68][gc,phases   ] GC(311)   Evacuate Collection Set: 2.3ms
[2023-02-09T14:53:50.755+0000][68][gc,phases   ] GC(311)   Post Evacuate Collection Set: 0.7ms
[2023-02-09T14:53:50.755+0000][68][gc,phases   ] GC(311)   Other: 0.9ms
[2023-02-09T14:53:50.756+0000][68][gc,age      ] GC(311) Age table with threshold 15 (max threshold 15)
[2023-02-09T14:53:50.756+0000][68][gc,age      ] GC(311) - age   1:    1615424 bytes,    1615424 total
[2023-02-09T14:53:50.757+0000][68][gc,age      ] GC(311) - age   2:      40800 bytes,    1656224 total
[2023-02-09T14:53:50.757+0000][68][gc,age      ] GC(311) - age   3:     111064 bytes,    1767288 total
[2023-02-09T14:53:50.758+0000][68][gc,age      ] GC(311) - age   4:       2544 bytes,    1769832 total
[2023-02-09T14:53:50.759+0000][68][gc,age      ] GC(311) - age   6:        840 bytes,    1770672 total
[2023-02-09T14:53:50.759+0000][68][gc,age      ] GC(311) - age   7:      40840 bytes,    1811512 total
[2023-02-09T14:53:50.760+0000][68][gc,age      ] GC(311) - age   8:     333816 bytes,    2145328 total
[2023-02-09T14:53:50.760+0000][68][gc,age      ] GC(311) - age   9:     241592 bytes,    2386920 total
[2023-02-09T14:53:50.761+0000][68][gc,age      ] GC(311) - age  10:       2640 bytes,    2389560 total
[2023-02-09T14:53:50.762+0000][68][gc,heap     ] GC(311) Eden regions: 21->0(2)
[2023-02-09T14:53:50.762+0000][68][gc,heap     ] GC(311) Survivor regions: 1->1(3)
[2023-02-09T14:53:50.763+0000][68][gc,heap     ] GC(311) Old regions: 26->26
[2023-02-09T14:53:50.763+0000][68][gc,heap     ] GC(311) Archive regions: 2->2
[2023-02-09T14:53:50.764+0000][68][gc,heap     ] GC(311) Humongous regions: 2->2
[2023-02-09T14:53:50.764+0000][68][gc,metaspace] GC(311) Metaspace: 142751K(145920K)->142751K(145920K) NonClass: 124589K(125888K)->124589K(125888K) Class: 18162K(20032K)->18162K(20032K)
[2023-02-09T14:53:50.765+0000][68][gc          ] GC(311) Pause Young (Prepare Mixed) (G1 Evacuation Pause) 200M->116M(256M) 16.259ms
[2023-02-09T14:53:50.766+0000][68][gc,cpu      ] GC(311) User=0.00s Sys=0.01s Real=0.01s
[2023-02-09T14:53:50.766+0000][68][safepoint   ] Safepoint "G1CollectForAllocation", Time since last: 4825091908 ns, Reaching safepoint: 96669 ns, At safepoint: 17864642 ns, Total: 17961311 ns
[2023-02-09T14:53:50.968+0000][68][gc,start    ] GC(312) Pause Young (Mixed) (G1 Evacuation Pause)
[2023-02-09T14:53:50.968+0000][68][gc,task     ] GC(312) Using 4 workers of 4 for evacuation
[2023-02-09T14:53:50.969+0000][68][gc,age      ] GC(312) Desired survivor size 2097152 bytes, new threshold 8 (max threshold 15)
[2023-02-09T14:53:50.975+0000][68][gc,phases   ] GC(312)   Pre Evacuate Collection Set: 0.1ms
[2023-02-09T14:53:50.975+0000][68][gc,phases   ] GC(312)   Merge Heap Roots: 0.2ms
[2023-02-09T14:53:50.977+0000][68][gc,phases   ] GC(312)   Evacuate Collection Set: 4.1ms
[2023-02-09T14:53:50.977+0000][68][gc,phases   ] GC(312)   Post Evacuate Collection Set: 0.7ms
[2023-02-09T14:53:50.978+0000][68][gc,phases   ] GC(312)   Other: 1.1ms
[2023-02-09T14:53:50.978+0000][68][gc,age      ] GC(312) Age table with threshold 8 (max threshold 15)
[2023-02-09T14:53:50.979+0000][68][gc,age      ] GC(312) - age   1:     700680 bytes,     700680 total
[2023-02-09T14:53:50.979+0000][68][gc,age      ] GC(312) - age   2:    1065520 bytes,    1766200 total
[2023-02-09T14:53:50.980+0000][68][gc,age      ] GC(312) - age   3:      40800 bytes,    1807000 total
[2023-02-09T14:53:50.980+0000][68][gc,age      ] GC(312) - age   4:     111064 bytes,    1918064 total
[2023-02-09T14:53:50.981+0000][68][gc,age      ] GC(312) - age   5:       2544 bytes,    1920608 total
[2023-02-09T14:53:50.981+0000][68][gc,age      ] GC(312) - age   7:        840 bytes,    1921448 total
[2023-02-09T14:53:50.981+0000][68][gc,age      ] GC(312) - age   8:      40840 bytes,    1962288 total
[2023-02-09T14:53:50.982+0000][68][gc,heap     ] GC(312) Eden regions: 2->0(21)
[2023-02-09T14:53:50.982+0000][68][gc,heap     ] GC(312) Survivor regions: 1->1(1)
[2023-02-09T14:53:50.983+0000][68][gc,heap     ] GC(312) Old regions: 26->26
[2023-02-09T14:53:50.983+0000][68][gc,heap     ] GC(312) Archive regions: 2->2
[2023-02-09T14:53:50.984+0000][68][gc,heap     ] GC(312) Humongous regions: 2->2
[2023-02-09T14:53:50.984+0000][68][gc,metaspace] GC(312) Metaspace: 142751K(145920K)->142751K(145920K) NonClass: 124589K(125888K)->124589K(125888K) Class: 18162K(20032K)->18162K(20032K)
[2023-02-09T14:53:50.985+0000][68][gc          ] GC(312) Pause Young (Mixed) (G1 Evacuation Pause) 124M->115M(256M) 16.884ms
[2023-02-09T14:53:50.985+0000][68][gc,cpu      ] GC(312) User=0.01s Sys=0.00s Real=0.01s
[2023-02-09T14:53:50.987+0000][68][safepoint   ] Safepoint "G1CollectForAllocation", Time since last: 201194147 ns, Reaching safepoint: 95753 ns, At safepoint: 19312138 ns, Total: 19407891 ns
[2023-02-09T14:54:03.002+0000][68][safepoint   ] Safepoint "Cleanup", Time since last: 12014448839 ns, Reaching safepoint: 523941 ns, At safepoint: 12571 ns, Total: 536512 ns
[2023-02-09T14:54:05.007+0000][68][safepoint   ] Safepoint "Cleanup", Time since last: 2004263512 ns, Reaching safepoint: 650178 ns, At safepoint: 19061 ns, Total: 669239 ns
[2023-02-09T14:54:15.412+0000][68][gc,start    ] GC(313) Pause Young (Normal) (G1 Evacuation Pause)
[2023-02-09T14:54:15.413+0000][68][gc,task     ] GC(313) Using 4 workers of 4 for evacuation
[2023-02-09T14:54:15.413+0000][68][gc,age      ] GC(313) Desired survivor size 6291456 bytes, new threshold 15 (max threshold 15)
[2023-02-09T14:54:15.416+0000][68][gc,phases   ] GC(313)   Pre Evacuate Collection Set: 0.1ms
[2023-02-09T14:54:15.417+0000][68][gc,phases   ] GC(313)   Merge Heap Roots: 0.0ms
[2023-02-09T14:54:15.418+0000][68][gc,phases   ] GC(313)   Evacuate Collection Set: 1.2ms
[2023-02-09T14:54:15.418+0000][68][gc,phases   ] GC(313)   Post Evacuate Collection Set: 0.9ms
[2023-02-09T14:54:15.419+0000][68][gc,phases   ] GC(313)   Other: 1.3ms
[2023-02-09T14:54:15.419+0000][68][gc,age      ] GC(313) Age table with threshold 15 (max threshold 15)
[2023-02-09T14:54:15.419+0000][68][gc,age      ] GC(313) - age   1:    1614704 bytes,    1614704 total
[2023-02-09T14:54:15.420+0000][68][gc,age      ] GC(313) - age   2:       1080 bytes,    1615784 total
[2023-02-09T14:54:15.420+0000][68][gc,age      ] GC(313) - age   3:     120208 bytes,    1735992 total
[2023-02-09T14:54:15.421+0000][68][gc,age      ] GC(313) - age   4:       5128 bytes,    1741120 total
[2023-02-09T14:54:15.421+0000][68][gc,age      ] GC(313) - age   5:       1584 bytes,    1742704 total
[2023-02-09T14:54:15.422+0000][68][gc,age      ] GC(313) - age   6:       2544 bytes,    1745248 total
[2023-02-09T14:54:15.423+0000][68][gc,age      ] GC(313) - age   8:        840 bytes,    1746088 total
[2023-02-09T14:54:15.423+0000][68][gc,age      ] GC(313) - age   9:      40840 bytes,    1786928 total
[2023-02-09T14:54:15.423+0000][68][gc,heap     ] GC(313) Eden regions: 21->0(21)
[2023-02-09T14:54:15.424+0000][68][gc,heap     ] GC(313) Survivor regions: 1->1(3)
[2023-02-09T14:54:15.424+0000][68][gc,heap     ] GC(313) Old regions: 26->26
[2023-02-09T14:54:15.425+0000][68][gc,heap     ] GC(313) Archive regions: 2->2
[2023-02-09T14:54:15.425+0000][68][gc,heap     ] GC(313) Humongous regions: 2->2
[2023-02-09T14:54:15.426+0000][68][gc,metaspace] GC(313) Metaspace: 142764K(145920K)->142764K(145920K) NonClass: 124602K(125888K)->124602K(125888K) Class: 18162K(20032K)->18162K(20032K)
[2023-02-09T14:54:15.426+0000][68][gc          ] GC(313) Pause Young (Normal) (G1 Evacuation Pause) 199M->115M(256M) 14.293ms
[2023-02-09T14:54:15.427+0000][68][gc,cpu      ] GC(313) User=0.01s Sys=0.00s Real=0.02s
[2023-02-09T14:54:15.427+0000][68][safepoint   ] Safepoint "G1CollectForAllocation", Time since last: 10405042901 ns, Reaching safepoint: 109861 ns, At safepoint: 15409430 ns, Total: 15519291 ns
[2023-02-09T14:54:21.410+0000][68][safepoint   ] Safepoint "Cleanup", Time since last: 6003851368 ns, Reaching safepoint: 256467 ns, At safepoint: 20195 ns, Total: 276662 ns
[2023-02-09T14:54:38.970+0000][68][gc,start    ] GC(314) Pause Young (Normal) (G1 Evacuation Pause)
[2023-02-09T14:54:38.973+0000][68][gc,task     ] GC(314) Using 4 workers of 4 for evacuation
[2023-02-09T14:54:38.974+0000][68][gc,age      ] GC(314) Desired survivor size 6291456 bytes, new threshold 15 (max threshold 15)
[2023-02-09T14:54:38.979+0000][68][gc,phases   ] GC(314)   Pre Evacuate Collection Set: 0.3ms
[2023-02-09T14:54:38.980+0000][68][gc,phases   ] GC(314)   Merge Heap Roots: 0.2ms
[2023-02-09T14:54:38.981+0000][68][gc,phases   ] GC(314)   Evacuate Collection Set: 1.3ms
[2023-02-09T14:54:38.983+0000][68][gc,phases   ] GC(314)   Post Evacuate Collection Set: 1.5ms
[2023-02-09T14:54:38.984+0000][68][gc,phases   ] GC(314)   Other: 3.1ms
[2023-02-09T14:54:38.985+0000][68][gc,age      ] GC(314) Age table with threshold 15 (max threshold 15)
[2023-02-09T14:54:38.987+0000][68][gc,age      ] GC(314) - age   1:     429440 bytes,     429440 total
[2023-02-09T14:54:38.988+0000][68][gc,age      ] GC(314) - age   2:      56384 bytes,     485824 total
[2023-02-09T14:54:38.989+0000][68][gc,age      ] GC(314) - age   4:       3720 bytes,     489544 total
[2023-02-09T14:54:38.990+0000][68][gc,age      ] GC(314) - age   5:       3936 bytes,     493480 total
[2023-02-09T14:54:38.991+0000][68][gc,age      ] GC(314) - age   6:       1024 bytes,     494504 total
[2023-02-09T14:54:38.992+0000][68][gc,age      ] GC(314) - age   7:       2416 bytes,     496920 total
[2023-02-09T14:54:38.992+0000][68][gc,age      ] GC(314) - age   9:        776 bytes,     497696 total
[2023-02-09T14:54:38.993+0000][68][gc,age      ] GC(314) - age  10:      40840 bytes,     538536 total
[2023-02-09T14:54:38.995+0000][68][gc,heap     ] GC(314) Eden regions: 21->0(21)
[2023-02-09T14:54:38.996+0000][68][gc,heap     ] GC(314) Survivor regions: 1->1(3)
[2023-02-09T14:54:38.996+0000][68][gc,heap     ] GC(314) Old regions: 26->26
[2023-02-09T14:54:38.997+0000][68][gc,heap     ] GC(314) Archive regions: 2->2
[2023-02-09T14:54:38.998+0000][68][gc,heap     ] GC(314) Humongous regions: 2->2
[2023-02-09T14:54:38.998+0000][68][gc,metaspace] GC(314) Metaspace: 142772K(145920K)->142772K(145920K) NonClass: 124610K(125888K)->124610K(125888K) Class: 18162K(20032K)->18162K(20032K)
[2023-02-09T14:54:38.999+0000][68][gc          ] GC(314) Pause Young (Normal) (G1 Evacuation Pause) 199M->114M(256M) 29.262ms
[2023-02-09T14:54:39.000+0000][68][gc,cpu      ] GC(314) User=0.01s Sys=0.00s Real=0.03s
[2023-02-09T14:54:39.000+0000][68][safepoint   ] Safepoint "G1CollectForAllocation", Time since last: 17559149997 ns, Reaching safepoint: 279302 ns, At safepoint: 30621968 ns, Total: 30901270 ns
[2023-02-09T14:55:02.001+0000][68][safepoint   ] Safepoint "Cleanup", Time since last: 23021210322 ns, Reaching safepoint: 761743 ns, At safepoint: 17083 ns, Total: 778826 ns
[2023-02-09T14:55:05.006+0000][68][safepoint   ] Safepoint "Cleanup", Time since last: 3004658122 ns, Reaching safepoint: 412809 ns, At safepoint: 58038 ns, Total: 470847 ns
[2023-02-09T14:55:08.724+0000][68][gc,start    ] GC(315) Pause Young (Concurrent Start) (G1 Evacuation Pause)
[2023-02-09T14:55:08.724+0000][68][gc,task     ] GC(315) Using 4 workers of 4 for evacuation
[2023-02-09T14:55:08.725+0000][68][gc,age      ] GC(315) Desired survivor size 6291456 bytes, new threshold 15 (max threshold 15)
[2023-02-09T14:55:08.728+0000][68][gc,phases   ] GC(315)   Pre Evacuate Collection Set: 0.3ms
[2023-02-09T14:55:08.728+0000][68][gc,phases   ] GC(315)   Merge Heap Roots: 0.1ms
[2023-02-09T14:55:08.729+0000][68][gc,phases   ] GC(315)   Evacuate Collection Set: 1.3ms
[2023-02-09T14:55:08.729+0000][68][gc,phases   ] GC(315)   Post Evacuate Collection Set: 0.7ms
[2023-02-09T14:55:08.730+0000][68][gc,phases   ] GC(315)   Other: 1.1ms
[2023-02-09T14:55:08.730+0000][68][gc,age      ] GC(315) Age table with threshold 15 (max threshold 15)
[2023-02-09T14:55:08.731+0000][68][gc,age      ] GC(315) - age   1:     706440 bytes,     706440 total
[2023-02-09T14:55:08.731+0000][68][gc,age      ] GC(315) - age   2:     159336 bytes,     865776 total
[2023-02-09T14:55:08.732+0000][68][gc,age      ] GC(315) - age   3:        408 bytes,     866184 total
[2023-02-09T14:55:08.732+0000][68][gc,age      ] GC(315) - age   5:       3592 bytes,     869776 total
[2023-02-09T14:55:08.733+0000][68][gc,age      ] GC(315) - age   6:       3872 bytes,     873648 total
[2023-02-09T14:55:08.733+0000][68][gc,age      ] GC(315) - age   7:       1024 bytes,     874672 total
[2023-02-09T14:55:08.733+0000][68][gc,age      ] GC(315) - age   8:       2416 bytes,     877088 total
[2023-02-09T14:55:08.734+0000][68][gc,age      ] GC(315) - age  10:        776 bytes,     877864 total
[2023-02-09T14:55:08.734+0000][68][gc,age      ] GC(315) - age  11:      40544 bytes,     918408 total
[2023-02-09T14:55:08.735+0000][68][gc,heap     ] GC(315) Eden regions: 21->0(22)
[2023-02-09T14:55:08.736+0000][68][gc,heap     ] GC(315) Survivor regions: 1->1(3)
[2023-02-09T14:55:08.736+0000][68][gc,heap     ] GC(315) Old regions: 26->26
[2023-02-09T14:55:08.737+0000][68][gc,heap     ] GC(315) Archive regions: 2->2
[2023-02-09T14:55:08.737+0000][68][gc,heap     ] GC(315) Humongous regions: 2->2
[2023-02-09T14:55:08.737+0000][68][gc,metaspace] GC(315) Metaspace: 142775K(145920K)->142775K(145920K) NonClass: 124613K(125888K)->124613K(125888K) Class: 18162K(20032K)->18162K(20032K)
[2023-02-09T14:55:08.738+0000][68][gc          ] GC(315) Pause Young (Concurrent Start) (G1 Evacuation Pause) 198M->114M(256M) 14.241ms
[2023-02-09T14:55:08.738+0000][68][gc,cpu      ] GC(315) User=0.00s Sys=0.00s Real=0.01s
[2023-02-09T14:55:08.739+0000][68][safepoint   ] Safepoint "G1CollectForAllocation", Time since last: 3717745545 ns, Reaching safepoint: 195233 ns, At safepoint: 15162990 ns, Total: 15358223 ns
[2023-02-09T14:55:08.738+0000][68][gc          ] GC(316) Concurrent Mark Cycle
[2023-02-09T14:55:08.740+0000][68][gc,marking  ] GC(316) Concurrent Clear Claimed Marks
[2023-02-09T14:55:08.741+0000][68][gc,marking  ] GC(316) Concurrent Clear Claimed Marks 0.974ms
[2023-02-09T14:55:08.741+0000][68][gc,marking  ] GC(316) Concurrent Scan Root Regions
[2023-02-09T14:55:08.744+0000][68][gc,marking  ] GC(316) Concurrent Scan Root Regions 2.286ms
[2023-02-09T14:55:08.744+0000][68][gc,marking  ] GC(316) Concurrent Mark
[2023-02-09T14:55:08.745+0000][68][gc,marking  ] GC(316) Concurrent Mark From Roots
[2023-02-09T14:55:08.745+0000][68][gc,task     ] GC(316) Using 1 workers of 1 for marking
[2023-02-09T14:55:08.861+0000][68][gc,marking  ] GC(316) Concurrent Mark From Roots 115.774ms
[2023-02-09T14:55:08.861+0000][68][gc,marking  ] GC(316) Concurrent Preclean
[2023-02-09T14:55:08.862+0000][68][gc,marking  ] GC(316) Concurrent Preclean 1.066ms
[2023-02-09T14:55:08.863+0000][68][gc,start    ] GC(316) Pause Remark
[2023-02-09T14:55:08.875+0000][68][gc          ] GC(316) Pause Remark 116M->116M(256M) 11.753ms
[2023-02-09T14:55:08.876+0000][68][gc,cpu      ] GC(316) User=0.03s Sys=0.00s Real=0.01s
[2023-02-09T14:55:08.877+0000][68][safepoint   ] Safepoint "G1PauseRemark", Time since last: 124177440 ns, Reaching safepoint: 96716 ns, At safepoint: 13478371 ns, Total: 13575087 ns
[2023-02-09T14:55:08.877+0000][68][gc,marking  ] GC(316) Concurrent Mark 132.740ms
[2023-02-09T14:55:08.878+0000][68][gc,marking  ] GC(316) Concurrent Rebuild Remembered Sets
[2023-02-09T14:55:08.931+0000][68][gc,marking  ] GC(316) Concurrent Rebuild Remembered Sets 53.631ms
[2023-02-09T14:55:08.932+0000][68][gc,start    ] GC(316) Pause Cleanup
[2023-02-09T14:55:08.933+0000][68][gc          ] GC(316) Pause Cleanup 119M->119M(256M) 0.674ms
[2023-02-09T14:55:08.933+0000][68][gc,cpu      ] GC(316) User=0.00s Sys=0.00s Real=0.01s
[2023-02-09T14:55:08.934+0000][68][safepoint   ] Safepoint "G1PauseCleanup", Time since last: 55350262 ns, Reaching safepoint: 109894 ns, At safepoint: 1611869 ns, Total: 1721763 ns
[2023-02-09T14:55:08.934+0000][68][gc,marking  ] GC(316) Concurrent Cleanup for Next Mark
[2023-02-09T14:55:08.935+0000][68][gc,marking  ] GC(316) Concurrent Cleanup for Next Mark 0.680ms
[2023-02-09T14:55:08.935+0000][68][gc          ] GC(316) Concurrent Mark Cycle 196.863ms
[2023-02-09T14:55:35.654+0000][68][gc,start    ] GC(317) Pause Young (Normal) (G1 Evacuation Pause)
[2023-02-09T14:55:35.654+0000][68][gc,task     ] GC(317) Using 4 workers of 4 for evacuation
[2023-02-09T14:55:35.654+0000][68][gc,age      ] GC(317) Desired survivor size 6291456 bytes, new threshold 15 (max threshold 15)
[2023-02-09T14:55:35.658+0000][68][gc,phases   ] GC(317)   Pre Evacuate Collection Set: 0.1ms
[2023-02-09T14:55:35.659+0000][68][gc,phases   ] GC(317)   Merge Heap Roots: 0.1ms
[2023-02-09T14:55:35.660+0000][68][gc,phases   ] GC(317)   Evacuate Collection Set: 2.1ms
[2023-02-09T14:55:35.661+0000][68][gc,phases   ] GC(317)   Post Evacuate Collection Set: 0.8ms
[2023-02-09T14:55:35.661+0000][68][gc,phases   ] GC(317)   Other: 0.9ms
[2023-02-09T14:55:35.662+0000][68][gc,age      ] GC(317) Age table with threshold 15 (max threshold 15)
[2023-02-09T14:55:35.664+0000][68][gc,age      ] GC(317) - age   1:     579432 bytes,     579432 total
[2023-02-09T14:55:35.665+0000][68][gc,age      ] GC(317) - age   2:     129560 bytes,     708992 total
[2023-02-09T14:55:35.665+0000][68][gc,age      ] GC(317) - age   3:       3144 bytes,     712136 total
[2023-02-09T14:55:35.666+0000][68][gc,age      ] GC(317) - age   4:        408 bytes,     712544 total
[2023-02-09T14:55:35.666+0000][68][gc,age      ] GC(317) - age   6:       3336 bytes,     715880 total
[2023-02-09T14:55:35.667+0000][68][gc,age      ] GC(317) - age   7:       3808 bytes,     719688 total
[2023-02-09T14:55:35.668+0000][68][gc,age      ] GC(317) - age   8:       1024 bytes,     720712 total
[2023-02-09T14:55:35.668+0000][68][gc,age      ] GC(317) - age   9:       2416 bytes,     723128 total
[2023-02-09T14:55:35.669+0000][68][gc,age      ] GC(317) - age  11:        776 bytes,     723904 total
[2023-02-09T14:55:35.670+0000][68][gc,age      ] GC(317) - age  12:      40544 bytes,     764448 total
[2023-02-09T14:55:35.670+0000][68][gc,heap     ] GC(317) Eden regions: 22->0(22)
[2023-02-09T14:55:35.671+0000][68][gc,heap     ] GC(317) Survivor regions: 1->1(3)
[2023-02-09T14:55:35.671+0000][68][gc,heap     ] GC(317) Old regions: 26->26
[2023-02-09T14:55:35.672+0000][68][gc,heap     ] GC(317) Archive regions: 2->2
[2023-02-09T14:55:35.672+0000][68][gc,heap     ] GC(317) Humongous regions: 2->2
[2023-02-09T14:55:35.673+0000][68][gc,metaspace] GC(317) Metaspace: 142776K(145920K)->142776K(145920K) NonClass: 124614K(125888K)->124614K(125888K) Class: 18162K(20032K)->18162K(20032K)
[2023-02-09T14:55:35.673+0000][68][gc          ] GC(317) Pause Young (Normal) (G1 Evacuation Pause) 202M->114M(256M) 19.672ms
[2023-02-09T14:55:35.674+0000][68][gc,cpu      ] GC(317) User=0.01s Sys=0.00s Real=0.02s
[2023-02-09T14:55:35.674+0000][68][safepoint   ] Safepoint "G1CollectForAllocation", Time since last: 26741838120 ns, Reaching safepoint: 101848 ns, At safepoint: 20643835 ns, Total: 20745683 ns
[2023-02-09T14:55:54.671+0000][68][safepoint   ] Safepoint "Cleanup", Time since last: 19018497432 ns, Reaching safepoint: 231466 ns, At safepoint: 9837 ns, Total: 241303 ns
[2023-02-09T14:55:58.677+0000][68][safepoint   ] Safepoint "Cleanup", Time since last: 4005521691 ns, Reaching safepoint: 693263 ns, At safepoint: 17824 ns, Total: 711087 ns
[2023-02-09T14:55:59.635+0000][68][gc,start    ] GC(318) Pause Young (Concurrent Start) (G1 Evacuation Pause)
[2023-02-09T14:55:59.637+0000][68][gc,task     ] GC(318) Using 4 workers of 4 for evacuation
[2023-02-09T14:55:59.638+0000][68][gc,age      ] GC(318) Desired survivor size 6291456 bytes, new threshold 15 (max threshold 15)
[2023-02-09T14:55:59.643+0000][68][gc,phases   ] GC(318)   Pre Evacuate Collection Set: 0.5ms
[2023-02-09T14:55:59.644+0000][68][gc,phases   ] GC(318)   Merge Heap Roots: 0.1ms
[2023-02-09T14:55:59.644+0000][68][gc,phases   ] GC(318)   Evacuate Collection Set: 2.4ms
[2023-02-09T14:55:59.645+0000][68][gc,phases   ] GC(318)   Post Evacuate Collection Set: 1.1ms
[2023-02-09T14:55:59.646+0000][68][gc,phases   ] GC(318)   Other: 2.2ms
[2023-02-09T14:55:59.647+0000][68][gc,age      ] GC(318) Age table with threshold 15 (max threshold 15)
[2023-02-09T14:55:59.647+0000][68][gc,age      ] GC(318) - age   1:    1181016 bytes,    1181016 total
[2023-02-09T14:55:59.648+0000][68][gc,age      ] GC(318) - age   2:     161256 bytes,    1342272 total
[2023-02-09T14:55:59.648+0000][68][gc,age      ] GC(318) - age   3:       1024 bytes,    1343296 total
[2023-02-09T14:55:59.649+0000][68][gc,age      ] GC(318) - age   4:       3016 bytes,    1346312 total
[2023-02-09T14:55:59.650+0000][68][gc,age      ] GC(318) - age   5:        408 bytes,    1346720 total
[2023-02-09T14:55:59.650+0000][68][gc,age      ] GC(318) - age   7:       3208 bytes,    1349928 total
[2023-02-09T14:55:59.651+0000][68][gc,age      ] GC(318) - age   8:       3808 bytes,    1353736 total
[2023-02-09T14:55:59.652+0000][68][gc,age      ] GC(318) - age   9:       1024 bytes,    1354760 total
[2023-02-09T14:55:59.653+0000][68][gc,age      ] GC(318) - age  10:       2416 bytes,    1357176 total
[2023-02-09T14:55:59.654+0000][68][gc,age      ] GC(318) - age  12:        776 bytes,    1357952 total
[2023-02-09T14:55:59.655+0000][68][gc,age      ] GC(318) - age  13:      40464 bytes,    1398416 total
[2023-02-09T14:55:59.656+0000][68][gc,heap     ] GC(318) Eden regions: 22->0(22)
[2023-02-09T14:55:59.657+0000][68][gc,heap     ] GC(318) Survivor regions: 1->1(3)
[2023-02-09T14:55:59.657+0000][68][gc,heap     ] GC(318) Old regions: 26->26
[2023-02-09T14:55:59.658+0000][68][gc,heap     ] GC(318) Archive regions: 2->2
[2023-02-09T14:55:59.659+0000][68][gc,heap     ] GC(318) Humongous regions: 2->2
[2023-02-09T14:55:59.659+0000][68][gc,metaspace] GC(318) Metaspace: 142777K(145920K)->142777K(145920K) NonClass: 124615K(125888K)->124615K(125888K) Class: 18162K(20032K)->18162K(20032K)
[2023-02-09T14:55:59.660+0000][68][gc          ] GC(318) Pause Young (Concurrent Start) (G1 Evacuation Pause) 202M->115M(256M) 24.910ms
[2023-02-09T14:55:59.660+0000][68][gc          ] GC(319) Concurrent Mark Cycle
[2023-02-09T14:55:59.661+0000][68][gc,marking  ] GC(319) Concurrent Clear Claimed Marks
[2023-02-09T14:55:59.662+0000][68][gc,marking  ] GC(319) Concurrent Clear Claimed Marks 0.817ms
[2023-02-09T14:55:59.662+0000][68][gc,marking  ] GC(319) Concurrent Scan Root Regions
[2023-02-09T14:55:59.660+0000][68][gc,cpu      ] GC(318) User=0.01s Sys=0.00s Real=0.03s
[2023-02-09T14:55:59.665+0000][68][safepoint   ] Safepoint "G1CollectForAllocation", Time since last: 957207145 ns, Reaching safepoint: 104374 ns, At safepoint: 30299484 ns, Total: 30403858 ns
[2023-02-09T14:55:59.665+0000][68][gc,marking  ] GC(319) Concurrent Scan Root Regions 2.727ms
[2023-02-09T14:55:59.667+0000][68][gc,marking  ] GC(319) Concurrent Mark
[2023-02-09T14:55:59.668+0000][68][gc,marking  ] GC(319) Concurrent Mark From Roots
[2023-02-09T14:55:59.669+0000][68][gc,task     ] GC(319) Using 1 workers of 1 for marking
[2023-02-09T14:55:59.765+0000][68][gc,marking  ] GC(319) Concurrent Mark From Roots 96.763ms
[2023-02-09T14:55:59.766+0000][68][gc,marking  ] GC(319) Concurrent Preclean
[2023-02-09T14:55:59.767+0000][68][gc,marking  ] GC(319) Concurrent Preclean 1.015ms
[2023-02-09T14:55:59.768+0000][68][gc,start    ] GC(319) Pause Remark
[2023-02-09T14:55:59.778+0000][68][gc          ] GC(319) Pause Remark 116M->116M(256M) 9.886ms
[2023-02-09T14:55:59.779+0000][68][gc,cpu      ] GC(319) User=0.04s Sys=0.00s Real=0.02s
[2023-02-09T14:55:59.780+0000][68][safepoint   ] Safepoint "G1PauseRemark", Time since last: 102889103 ns, Reaching safepoint: 129571 ns, At safepoint: 11825053 ns, Total: 11954624 ns
[2023-02-09T14:55:59.781+0000][68][gc,marking  ] GC(319) Concurrent Mark 113.505ms
[2023-02-09T14:55:59.781+0000][68][gc,marking  ] GC(319) Concurrent Rebuild Remembered Sets
[2023-02-09T14:55:59.833+0000][68][gc,marking  ] GC(319) Concurrent Rebuild Remembered Sets 51.592ms
[2023-02-09T14:55:59.834+0000][68][gc,start    ] GC(319) Pause Cleanup
[2023-02-09T14:55:59.835+0000][68][gc          ] GC(319) Pause Cleanup 116M->116M(256M) 1.143ms
[2023-02-09T14:55:59.836+0000][68][gc,cpu      ] GC(319) User=0.00s Sys=0.00s Real=0.00s
[2023-02-09T14:55:59.837+0000][68][safepoint   ] Safepoint "G1PauseCleanup", Time since last: 54024644 ns, Reaching safepoint: 339481 ns, At safepoint: 2578030 ns, Total: 2917511 ns
[2023-02-09T14:55:59.837+0000][68][gc,marking  ] GC(319) Concurrent Cleanup for Next Mark
[2023-02-09T14:55:59.838+0000][68][gc,marking  ] GC(319) Concurrent Cleanup for Next Mark 0.932ms
[2023-02-09T14:55:59.839+0000][68][gc          ] GC(319) Concurrent Mark Cycle 178.542ms
[2023-02-09T14:56:05.844+0000][68][safepoint   ] Safepoint "Cleanup", Time since last: 6006400655 ns, Reaching safepoint: 317036 ns, At safepoint: 12362 ns, Total: 329398 ns
[2023-02-09T14:56:06.847+0000][68][safepoint   ] Safepoint "Cleanup", Time since last: 1003546554 ns, Reaching safepoint: 312738 ns, At safepoint: 13414 ns, Total: 326152 ns
[2023-02-09T14:56:08.852+0000][68][safepoint   ] Safepoint "Cleanup", Time since last: 2003876066 ns, Reaching safepoint: 370519 ns, At safepoint: 9601 ns, Total: 380120 ns
[2023-02-09T14:56:16.862+0000][68][safepoint   ] Safepoint "Cleanup", Time since last: 8009963971 ns, Reaching safepoint: 479794 ns, At safepoint: 11119 ns, Total: 490913 ns
[2023-02-09T14:56:29.611+0000][68][gc,start    ] GC(320) Pause Young (Normal) (G1 Evacuation Pause)
[2023-02-09T14:56:29.613+0000][68][gc,task     ] GC(320) Using 4 workers of 4 for evacuation
[2023-02-09T14:56:29.615+0000][68][gc,age      ] GC(320) Desired survivor size 6291456 bytes, new threshold 15 (max threshold 15)
[2023-02-09T14:56:29.621+0000][68][gc,phases   ] GC(320)   Pre Evacuate Collection Set: 0.2ms
[2023-02-09T14:56:29.622+0000][68][gc,phases   ] GC(320)   Merge Heap Roots: 0.2ms
[2023-02-09T14:56:29.623+0000][68][gc,phases   ] GC(320)   Evacuate Collection Set: 3.6ms
[2023-02-09T14:56:29.623+0000][68][gc,phases   ] GC(320)   Post Evacuate Collection Set: 1.2ms
[2023-02-09T14:56:29.624+0000][68][gc,phases   ] GC(320)   Other: 2.3ms
[2023-02-09T14:56:29.624+0000][68][gc,age      ] GC(320) Age table with threshold 15 (max threshold 15)
[2023-02-09T14:56:29.625+0000][68][gc,age      ] GC(320) - age   1:     987936 bytes,     987936 total
[2023-02-09T14:56:29.626+0000][68][gc,age      ] GC(320) - age   2:     516320 bytes,    1504256 total
[2023-02-09T14:56:29.626+0000][68][gc,age      ] GC(320) - age   3:      15680 bytes,    1519936 total
[2023-02-09T14:56:29.627+0000][68][gc,age      ] GC(320) - age   4:        648 bytes,    1520584 total
[2023-02-09T14:56:29.628+0000][68][gc,age      ] GC(320) - age   5:       2952 bytes,    1523536 total
[2023-02-09T14:56:29.629+0000][68][gc,age      ] GC(320) - age   6:        344 bytes,    1523880 total
[2023-02-09T14:56:29.630+0000][68][gc,age      ] GC(320) - age   8:       2912 bytes,    1526792 total
[2023-02-09T14:56:29.630+0000][68][gc,age      ] GC(320) - age   9:       3808 bytes,    1530600 total
[2023-02-09T14:56:29.631+0000][68][gc,age      ] GC(320) - age  10:       1024 bytes,    1531624 total
[2023-02-09T14:56:29.632+0000][68][gc,age      ] GC(320) - age  11:       2416 bytes,    1534040 total
[2023-02-09T14:56:29.632+0000][68][gc,age      ] GC(320) - age  13:        776 bytes,    1534816 total
[2023-02-09T14:56:29.633+0000][68][gc,age      ] GC(320) - age  14:      40264 bytes,    1575080 total
[2023-02-09T14:56:29.633+0000][68][gc,heap     ] GC(320) Eden regions: 22->0(22)
[2023-02-09T14:56:29.634+0000][68][gc,heap     ] GC(320) Survivor regions: 1->1(3)
[2023-02-09T14:56:29.634+0000][68][gc,heap     ] GC(320) Old regions: 26->26
[2023-02-09T14:56:29.635+0000][68][gc,heap     ] GC(320) Archive regions: 2->2
[2023-02-09T14:56:29.635+0000][68][gc,heap     ] GC(320) Humongous regions: 2->2
[2023-02-09T14:56:29.636+0000][68][gc,metaspace] GC(320) Metaspace: 142777K(145920K)->142777K(145920K) NonClass: 124615K(125888K)->124615K(125888K) Class: 18162K(20032K)->18162K(20032K)
[2023-02-09T14:56:29.636+0000][68][gc          ] GC(320) Pause Young (Normal) (G1 Evacuation Pause) 203M->115M(256M) 25.509ms
[2023-02-09T14:56:29.637+0000][68][gc,cpu      ] GC(320) User=0.01s Sys=0.00s Real=0.03s
[2023-02-09T14:56:29.637+0000][68][safepoint   ] Safepoint "G1CollectForAllocation", Time since last: 12771065900 ns, Reaching safepoint: 174699 ns, At safepoint: 26793473 ns, Total: 26968172 ns
[2023-02-09T14:56:35.645+0000][68][safepoint   ] Safepoint "Cleanup", Time since last: 6006396029 ns, Reaching safepoint: 587321 ns, At safepoint: 17728 ns, Total: 605049 ns
[2023-02-09T14:56:39.650+0000][68][safepoint   ] Safepoint "Cleanup", Time since last: 4005517054 ns, Reaching safepoint: 126115 ns, At safepoint: 4002 ns, Total: 130117 ns
[2023-02-09T14:56:40.651+0000][68][safepoint   ] Safepoint "Cleanup", Time since last: 1001113239 ns, Reaching safepoint: 221200 ns, At safepoint: 8557 ns, Total: 229757 ns
[2023-02-09T14:56:44.655+0000][68][safepoint   ] Safepoint "Cleanup", Time since last: 4003805422 ns, Reaching safepoint: 129269 ns, At safepoint: 5420 ns, Total: 134689 ns
[2023-02-09T14:56:55.271+0000][68][gc,start    ] GC(321) Pause Young (Concurrent Start) (G1 Evacuation Pause)
[2023-02-09T14:56:55.273+0000][68][gc,task     ] GC(321) Using 4 workers of 4 for evacuation
[2023-02-09T14:56:55.274+0000][68][gc,age      ] GC(321) Desired survivor size 6291456 bytes, new threshold 15 (max threshold 15)
[2023-02-09T14:56:55.282+0000][68][gc,phases   ] GC(321)   Pre Evacuate Collection Set: 0.5ms
[2023-02-09T14:56:55.283+0000][68][gc,phases   ] GC(321)   Merge Heap Roots: 0.2ms
[2023-02-09T14:56:55.284+0000][68][gc,phases   ] GC(321)   Evacuate Collection Set: 4.2ms
[2023-02-09T14:56:55.285+0000][68][gc,phases   ] GC(321)   Post Evacuate Collection Set: 1.3ms
[2023-02-09T14:56:55.285+0000][68][gc,phases   ] GC(321)   Other: 2.5ms
[2023-02-09T14:56:55.286+0000][68][gc,age      ] GC(321) Age table with threshold 15 (max threshold 15)
[2023-02-09T14:56:55.287+0000][68][gc,age      ] GC(321) - age   1:    1083368 bytes,    1083368 total
[2023-02-09T14:56:55.288+0000][68][gc,age      ] GC(321) - age   2:     128960 bytes,    1212328 total
[2023-02-09T14:56:55.289+0000][68][gc,age      ] GC(321) - age   3:     354152 bytes,    1566480 total
[2023-02-09T14:56:55.289+0000][68][gc,age      ] GC(321) - age   4:      11264 bytes,    1577744 total
[2023-02-09T14:56:55.290+0000][68][gc,age      ] GC(321) - age   5:        648 bytes,    1578392 total
[2023-02-09T14:56:55.291+0000][68][gc,age      ] GC(321) - age   6:       2712 bytes,    1581104 total
[2023-02-09T14:56:55.291+0000][68][gc,age      ] GC(321) - age   7:        280 bytes,    1581384 total
[2023-02-09T14:56:55.292+0000][68][gc,age      ] GC(321) - age   9:       2912 bytes,    1584296 total
[2023-02-09T14:56:55.293+0000][68][gc,age      ] GC(321) - age  10:       3808 bytes,    1588104 total
[2023-02-09T14:56:55.293+0000][68][gc,age      ] GC(321) - age  11:       1024 bytes,    1589128 total
[2023-02-09T14:56:55.294+0000][68][gc,age      ] GC(321) - age  12:       2416 bytes,    1591544 total
[2023-02-09T14:56:55.295+0000][68][gc,age      ] GC(321) - age  14:        776 bytes,    1592320 total
[2023-02-09T14:56:55.295+0000][68][gc,age      ] GC(321) - age  15:      40264 bytes,    1632584 total
[2023-02-09T14:56:55.296+0000][68][gc,heap     ] GC(321) Eden regions: 22->0(22)
[2023-02-09T14:56:55.296+0000][68][gc,heap     ] GC(321) Survivor regions: 1->1(3)
[2023-02-09T14:56:55.297+0000][68][gc,heap     ] GC(321) Old regions: 26->26
[2023-02-09T14:56:55.298+0000][68][gc,heap     ] GC(321) Archive regions: 2->2
[2023-02-09T14:56:55.298+0000][68][gc,heap     ] GC(321) Humongous regions: 2->2
[2023-02-09T14:56:55.299+0000][68][gc,metaspace] GC(321) Metaspace: 142778K(145920K)->142778K(145920K) NonClass: 124616K(125888K)->124616K(125888K) Class: 18162K(20032K)->18162K(20032K)
[2023-02-09T14:56:55.299+0000][68][gc          ] GC(321) Pause Young (Concurrent Start) (G1 Evacuation Pause) 203M->115M(256M) 27.949ms
[2023-02-09T14:56:55.300+0000][68][gc,cpu      ] GC(321) User=0.01s Sys=0.00s Real=0.03s
[2023-02-09T14:56:55.300+0000][68][gc          ] GC(322) Concurrent Mark Cycle
[2023-02-09T14:56:55.301+0000][68][gc,marking  ] GC(322) Concurrent Clear Claimed Marks
[2023-02-09T14:56:55.301+0000][68][safepoint   ] Safepoint "G1CollectForAllocation", Time since last: 10643401705 ns, Reaching safepoint: 145862 ns, At safepoint: 29300876 ns, Total: 29446738 ns
[2023-02-09T14:56:55.302+0000][68][gc,marking  ] GC(322) Concurrent Clear Claimed Marks 1.146ms
[2023-02-09T14:56:55.303+0000][68][gc,marking  ] GC(322) Concurrent Scan Root Regions
[2023-02-09T14:56:55.306+0000][68][gc,marking  ] GC(322) Concurrent Scan Root Regions 2.968ms
[2023-02-09T14:56:55.307+0000][68][gc,marking  ] GC(322) Concurrent Mark
[2023-02-09T14:56:55.307+0000][68][gc,marking  ] GC(322) Concurrent Mark From Roots
[2023-02-09T14:56:55.308+0000][68][gc,task     ] GC(322) Using 1 workers of 1 for marking
[2023-02-09T14:56:55.410+0000][68][gc,marking  ] GC(322) Concurrent Mark From Roots 103.205ms
[2023-02-09T14:56:55.411+0000][68][gc,marking  ] GC(322) Concurrent Preclean
[2023-02-09T14:56:55.414+0000][68][gc,marking  ] GC(322) Concurrent Preclean 2.471ms
[2023-02-09T14:56:55.414+0000][68][gc,start    ] GC(322) Pause Remark
[2023-02-09T14:56:55.429+0000][68][gc          ] GC(322) Pause Remark 116M->116M(256M) 14.100ms
[2023-02-09T14:56:55.429+0000][68][gc,cpu      ] GC(322) User=0.03s Sys=0.00s Real=0.02s
[2023-02-09T14:56:55.430+0000][68][safepoint   ] Safepoint "G1PauseRemark", Time since last: 113638915 ns, Reaching safepoint: 37116 ns, At safepoint: 15758691 ns, Total: 15795807 ns
[2023-02-09T14:56:55.431+0000][68][gc,marking  ] GC(322) Concurrent Mark 124.253ms
[2023-02-09T14:56:55.432+0000][68][gc,marking  ] GC(322) Concurrent Rebuild Remembered Sets
[2023-02-09T14:56:55.484+0000][68][gc,marking  ] GC(322) Concurrent Rebuild Remembered Sets 52.217ms
[2023-02-09T14:56:55.485+0000][68][gc,start    ] GC(322) Pause Cleanup
[2023-02-09T14:56:55.486+0000][68][gc          ] GC(322) Pause Cleanup 116M->116M(256M) 1.083ms
[2023-02-09T14:56:55.487+0000][68][gc,cpu      ] GC(322) User=0.00s Sys=0.00s Real=0.00s
[2023-02-09T14:56:55.488+0000][68][safepoint   ] Safepoint "G1PauseCleanup", Time since last: 54782439 ns, Reaching safepoint: 126674 ns, At safepoint: 2637563 ns, Total: 2764237 ns
[2023-02-09T14:56:55.488+0000][68][gc,marking  ] GC(322) Concurrent Cleanup for Next Mark
[2023-02-09T14:56:55.489+0000][68][gc,marking  ] GC(322) Concurrent Cleanup for Next Mark 1.162ms
[2023-02-09T14:56:55.490+0000][68][gc          ] GC(322) Concurrent Mark Cycle 189.822ms
[2023-02-09T14:57:03.495+0000][68][safepoint   ] Safepoint "Cleanup", Time since last: 8007582357 ns, Reaching safepoint: 99913 ns, At safepoint: 4418 ns, Total: 104331 ns
[2023-02-09T14:57:09.504+0000][68][safepoint   ] Safepoint "Cleanup", Time since last: 6008097600 ns, Reaching safepoint: 589113 ns, At safepoint: 14813 ns, Total: 603926 ns
[2023-02-09T14:57:15.511+0000][68][safepoint   ] Safepoint "Cleanup", Time since last: 6006579666 ns, Reaching safepoint: 211514 ns, At safepoint: 69807 ns, Total: 281321 ns
[2023-02-09T14:57:23.583+0000][68][gc,start    ] GC(323) Pause Young (Normal) (G1 Evacuation Pause)
[2023-02-09T14:57:23.584+0000][68][gc,task     ] GC(323) Using 4 workers of 4 for evacuation
[2023-02-09T14:57:23.586+0000][68][gc,age      ] GC(323) Desired survivor size 6291456 bytes, new threshold 15 (max threshold 15)
[2023-02-09T14:57:23.592+0000][68][gc,phases   ] GC(323)   Pre Evacuate Collection Set: 0.2ms
[2023-02-09T14:57:23.593+0000][68][gc,phases   ] GC(323)   Merge Heap Roots: 0.1ms
[2023-02-09T14:57:23.594+0000][68][gc,phases   ] GC(323)   Evacuate Collection Set: 3.0ms
[2023-02-09T14:57:23.595+0000][68][gc,phases   ] GC(323)   Post Evacuate Collection Set: 1.3ms
[2023-02-09T14:57:23.596+0000][68][gc,phases   ] GC(323)   Other: 2.7ms
[2023-02-09T14:57:23.596+0000][68][gc,age      ] GC(323) Age table with threshold 15 (max threshold 15)
[2023-02-09T14:57:23.597+0000][68][gc,age      ] GC(323) - age   1:    1225992 bytes,    1225992 total
[2023-02-09T14:57:23.598+0000][68][gc,age      ] GC(323) - age   2:     187424 bytes,    1413416 total
[2023-02-09T14:57:23.598+0000][68][gc,age      ] GC(323) - age   3:      18216 bytes,    1431632 total
[2023-02-09T14:57:23.599+0000][68][gc,age      ] GC(323) - age   4:     350288 bytes,    1781920 total
[2023-02-09T14:57:23.600+0000][68][gc,age      ] GC(323) - age   5:      11200 bytes,    1793120 total
[2023-02-09T14:57:23.600+0000][68][gc,age      ] GC(323) - age   6:        288 bytes,    1793408 total
[2023-02-09T14:57:23.601+0000][68][gc,age      ] GC(323) - age   7:       2712 bytes,    1796120 total
[2023-02-09T14:57:23.602+0000][68][gc,age      ] GC(323) - age   8:        280 bytes,    1796400 total
[2023-02-09T14:57:23.602+0000][68][gc,age      ] GC(323) - age  10:       2912 bytes,    1799312 total
[2023-02-09T14:57:23.603+0000][68][gc,age      ] GC(323) - age  11:       3808 bytes,    1803120 total
[2023-02-09T14:57:23.603+0000][68][gc,age      ] GC(323) - age  12:       1024 bytes,    1804144 total
[2023-02-09T14:57:23.604+0000][68][gc,age      ] GC(323) - age  13:       2416 bytes,    1806560 total
[2023-02-09T14:57:23.605+0000][68][gc,age      ] GC(323) - age  15:        776 bytes,    1807336 total
[2023-02-09T14:57:23.606+0000][68][gc,heap     ] GC(323) Eden regions: 22->0(22)
[2023-02-09T14:57:23.606+0000][68][gc,heap     ] GC(323) Survivor regions: 1->1(3)
[2023-02-09T14:57:23.607+0000][68][gc,heap     ] GC(323) Old regions: 26->26
[2023-02-09T14:57:23.607+0000][68][gc,heap     ] GC(323) Archive regions: 2->2
[2023-02-09T14:57:23.608+0000][68][gc,heap     ] GC(323) Humongous regions: 2->2
[2023-02-09T14:57:23.608+0000][68][gc,metaspace] GC(323) Metaspace: 142780K(145920K)->142780K(145920K) NonClass: 124617K(125888K)->124617K(125888K) Class: 18162K(20032K)->18162K(20032K)
[2023-02-09T14:57:23.609+0000][68][gc          ] GC(323) Pause Young (Normal) (G1 Evacuation Pause) 203M->115M(256M) 26.021ms
[2023-02-09T14:57:23.609+0000][68][gc,cpu      ] GC(323) User=0.01s Sys=0.00s Real=0.03s
[2023-02-09T14:57:23.610+0000][68][safepoint   ] Safepoint "G1CollectForAllocation", Time since last: 8094363159 ns, Reaching safepoint: 389235 ns, At safepoint: 27205802 ns, Total: 27595037 ns
[2023-02-09T14:57:27.615+0000][68][safepoint   ] Safepoint "Cleanup", Time since last: 4005089985 ns, Reaching safepoint: 75045 ns, At safepoint: 3750 ns, Total: 78795 ns
[2023-02-09T14:57:50.810+0000][68][gc,start    ] GC(324) Pause Young (Concurrent Start) (G1 Evacuation Pause)
[2023-02-09T14:57:50.811+0000][68][gc,task     ] GC(324) Using 4 workers of 4 for evacuation
[2023-02-09T14:57:50.812+0000][68][gc,age      ] GC(324) Desired survivor size 6291456 bytes, new threshold 15 (max threshold 15)
[2023-02-09T14:57:50.816+0000][68][gc,phases   ] GC(324)   Pre Evacuate Collection Set: 0.3ms
[2023-02-09T14:57:50.816+0000][68][gc,phases   ] GC(324)   Merge Heap Roots: 0.1ms
[2023-02-09T14:57:50.817+0000][68][gc,phases   ] GC(324)   Evacuate Collection Set: 2.7ms
[2023-02-09T14:57:50.818+0000][68][gc,phases   ] GC(324)   Post Evacuate Collection Set: 0.7ms
[2023-02-09T14:57:50.818+0000][68][gc,phases   ] GC(324)   Other: 1.1ms
[2023-02-09T14:57:50.819+0000][68][gc,age      ] GC(324) Age table with threshold 15 (max threshold 15)
[2023-02-09T14:57:50.819+0000][68][gc,age      ] GC(324) - age   1:    1382504 bytes,    1382504 total
[2023-02-09T14:57:50.820+0000][68][gc,age      ] GC(324) - age   2:     128256 bytes,    1510760 total
[2023-02-09T14:57:50.820+0000][68][gc,age      ] GC(324) - age   3:      20056 bytes,    1530816 total
[2023-02-09T14:57:50.820+0000][68][gc,age      ] GC(324) - age   4:      17632 bytes,    1548448 total
[2023-02-09T14:57:50.821+0000][68][gc,age      ] GC(324) - age   5:     349808 bytes,    1898256 total
[2023-02-09T14:57:50.821+0000][68][gc,age      ] GC(324) - age   6:      11200 bytes,    1909456 total
[2023-02-09T14:57:50.822+0000][68][gc,age      ] GC(324) - age   7:        288 bytes,    1909744 total
[2023-02-09T14:57:50.822+0000][68][gc,age      ] GC(324) - age   8:       2712 bytes,    1912456 total
[2023-02-09T14:57:50.823+0000][68][gc,age      ] GC(324) - age   9:        280 bytes,    1912736 total
[2023-02-09T14:57:50.823+0000][68][gc,age      ] GC(324) - age  11:       2912 bytes,    1915648 total
[2023-02-09T14:57:50.824+0000][68][gc,age      ] GC(324) - age  12:       3744 bytes,    1919392 total
[2023-02-09T14:57:50.824+0000][68][gc,age      ] GC(324) - age  13:       1024 bytes,    1920416 total
[2023-02-09T14:57:50.825+0000][68][gc,age      ] GC(324) - age  14:       2416 bytes,    1922832 total
[2023-02-09T14:57:50.825+0000][68][gc,heap     ] GC(324) Eden regions: 22->0(22)
[2023-02-09T14:57:50.826+0000][68][gc,heap     ] GC(324) Survivor regions: 1->1(3)
[2023-02-09T14:57:50.826+0000][68][gc,heap     ] GC(324) Old regions: 26->26
[2023-02-09T14:57:50.827+0000][68][gc,heap     ] GC(324) Archive regions: 2->2
[2023-02-09T14:57:50.827+0000][68][gc,heap     ] GC(324) Humongous regions: 2->2
[2023-02-09T14:57:50.828+0000][68][gc,metaspace] GC(324) Metaspace: 142780K(145920K)->142780K(145920K) NonClass: 124617K(125888K)->124617K(125888K) Class: 18162K(20032K)->18162K(20032K)
[2023-02-09T14:57:50.829+0000][68][gc          ] GC(324) Pause Young (Concurrent Start) (G1 Evacuation Pause) 203M->115M(256M) 18.657ms
[2023-02-09T14:57:50.829+0000][68][gc,cpu      ] GC(324) User=0.01s Sys=0.00s Real=0.02s
[2023-02-09T14:57:50.829+0000][68][gc          ] GC(325) Concurrent Mark Cycle
[2023-02-09T14:57:50.830+0000][68][gc,marking  ] GC(325) Concurrent Clear Claimed Marks
[2023-02-09T14:57:50.830+0000][68][safepoint   ] Safepoint "G1CollectForAllocation", Time since last: 23216097268 ns, Reaching safepoint: 100683 ns, At safepoint: 19688089 ns, Total: 19788772 ns
[2023-02-09T14:57:50.831+0000][68][gc,marking  ] GC(325) Concurrent Clear Claimed Marks 0.788ms
[2023-02-09T14:57:50.832+0000][68][gc,marking  ] GC(325) Concurrent Scan Root Regions
[2023-02-09T14:57:50.835+0000][68][gc,marking  ] GC(325) Concurrent Scan Root Regions 2.847ms
[2023-02-09T14:57:50.836+0000][68][gc,marking  ] GC(325) Concurrent Mark
[2023-02-09T14:57:50.836+0000][68][gc,marking  ] GC(325) Concurrent Mark From Roots
[2023-02-09T14:57:50.837+0000][68][gc,task     ] GC(325) Using 1 workers of 1 for marking
[2023-02-09T14:57:50.938+0000][68][gc,marking  ] GC(325) Concurrent Mark From Roots 102.155ms
[2023-02-09T14:57:50.940+0000][68][gc,marking  ] GC(325) Concurrent Preclean
[2023-02-09T14:57:50.941+0000][68][gc,marking  ] GC(325) Concurrent Preclean 0.980ms
[2023-02-09T14:57:50.941+0000][68][gc,start    ] GC(325) Pause Remark
[2023-02-09T14:57:50.952+0000][68][gc          ] GC(325) Pause Remark 117M->117M(256M) 10.713ms
[2023-02-09T14:57:50.953+0000][68][gc,cpu      ] GC(325) User=0.03s Sys=0.00s Real=0.01s
[2023-02-09T14:57:50.954+0000][68][safepoint   ] Safepoint "G1PauseRemark", Time since last: 111571075 ns, Reaching safepoint: 119904 ns, At safepoint: 12619533 ns, Total: 12739437 ns
[2023-02-09T14:57:50.955+0000][68][gc,marking  ] GC(325) Concurrent Mark 119.119ms
[2023-02-09T14:57:50.955+0000][68][gc,marking  ] GC(325) Concurrent Rebuild Remembered Sets
[2023-02-09T14:57:51.007+0000][68][gc,marking  ] GC(325) Concurrent Rebuild Remembered Sets 51.789ms
[2023-02-09T14:57:51.009+0000][68][gc,start    ] GC(325) Pause Cleanup
[2023-02-09T14:57:51.010+0000][68][gc          ] GC(325) Pause Cleanup 118M->118M(256M) 1.082ms
[2023-02-09T14:57:51.010+0000][68][gc,cpu      ] GC(325) User=0.00s Sys=0.00s Real=0.00s
[2023-02-09T14:57:51.011+0000][68][safepoint   ] Safepoint "G1PauseCleanup", Time since last: 54361555 ns, Reaching safepoint: 141161 ns, At safepoint: 2328861 ns, Total: 2470022 ns
[2023-02-09T14:57:51.012+0000][68][gc,marking  ] GC(325) Concurrent Cleanup for Next Mark
[2023-02-09T14:57:51.012+0000][68][gc,marking  ] GC(325) Concurrent Cleanup for Next Mark 0.737ms
[2023-02-09T14:57:51.013+0000][68][gc          ] GC(325) Concurrent Mark Cycle 183.763ms
[2023-02-09T14:58:05.021+0000][68][safepoint   ] Safepoint "Cleanup", Time since last: 14009510802 ns, Reaching safepoint: 303309 ns, At safepoint: 9677 ns, Total: 312986 ns
[2023-02-09T14:58:20.766+0000][68][gc,start    ] GC(326) Pause Young (Normal) (G1 Evacuation Pause)
[2023-02-09T14:58:20.767+0000][68][gc,task     ] GC(326) Using 4 workers of 4 for evacuation
[2023-02-09T14:58:20.768+0000][68][gc,age      ] GC(326) Desired survivor size 6291456 bytes, new threshold 15 (max threshold 15)
[2023-02-09T14:58:20.771+0000][68][gc,phases   ] GC(326)   Pre Evacuate Collection Set: 0.1ms
[2023-02-09T14:58:20.772+0000][68][gc,phases   ] GC(326)   Merge Heap Roots: 0.1ms
[2023-02-09T14:58:20.773+0000][68][gc,phases   ] GC(326)   Evacuate Collection Set: 1.6ms
[2023-02-09T14:58:20.774+0000][68][gc,phases   ] GC(326)   Post Evacuate Collection Set: 0.9ms
[2023-02-09T14:58:20.775+0000][68][gc,phases   ] GC(326)   Other: 1.4ms
[2023-02-09T14:58:20.776+0000][68][gc,age      ] GC(326) Age table with threshold 15 (max threshold 15)
[2023-02-09T14:58:20.777+0000][68][gc,age      ] GC(326) - age   1:    1276832 bytes,    1276832 total
[2023-02-09T14:58:20.777+0000][68][gc,age      ] GC(326) - age   2:     175680 bytes,    1452512 total
[2023-02-09T14:58:20.778+0000][68][gc,age      ] GC(326) - age   3:        720 bytes,    1453232 total
[2023-02-09T14:58:20.779+0000][68][gc,age      ] GC(326) - age   4:      19504 bytes,    1472736 total
[2023-02-09T14:58:20.780+0000][68][gc,age      ] GC(326) - age   5:      17632 bytes,    1490368 total
[2023-02-09T14:58:20.781+0000][68][gc,age      ] GC(326) - age   6:     349808 bytes,    1840176 total
[2023-02-09T14:58:20.781+0000][68][gc,age      ] GC(326) - age   7:      11200 bytes,    1851376 total
[2023-02-09T14:58:20.782+0000][68][gc,age      ] GC(326) - age   8:        288 bytes,    1851664 total
[2023-02-09T14:58:20.782+0000][68][gc,age      ] GC(326) - age   9:       2712 bytes,    1854376 total
[2023-02-09T14:58:20.783+0000][68][gc,age      ] GC(326) - age  10:        280 bytes,    1854656 total
[2023-02-09T14:58:20.783+0000][68][gc,age      ] GC(326) - age  12:       2912 bytes,    1857568 total
[2023-02-09T14:58:20.783+0000][68][gc,age      ] GC(326) - age  13:       3744 bytes,    1861312 total
[2023-02-09T14:58:20.784+0000][68][gc,age      ] GC(326) - age  14:       1024 bytes,    1862336 total
[2023-02-09T14:58:20.785+0000][68][gc,age      ] GC(326) - age  15:       2416 bytes,    1864752 total
[2023-02-09T14:58:20.785+0000][68][gc,heap     ] GC(326) Eden regions: 22->0(22)
[2023-02-09T14:58:20.786+0000][68][gc,heap     ] GC(326) Survivor regions: 1->1(3)
[2023-02-09T14:58:20.787+0000][68][gc,heap     ] GC(326) Old regions: 26->26
[2023-02-09T14:58:20.787+0000][68][gc,heap     ] GC(326) Archive regions: 2->2
[2023-02-09T14:58:20.788+0000][68][gc,heap     ] GC(326) Humongous regions: 2->2
[2023-02-09T14:58:20.789+0000][68][gc,metaspace] GC(326) Metaspace: 142780K(145920K)->142780K(145920K) NonClass: 124617K(125888K)->124617K(125888K) Class: 18162K(20032K)->18162K(20032K)
[2023-02-09T14:58:20.789+0000][68][gc          ] GC(326) Pause Young (Normal) (G1 Evacuation Pause) 203M->115M(256M) 23.018ms
[2023-02-09T14:58:20.790+0000][68][gc,cpu      ] GC(326) User=0.01s Sys=0.00s Real=0.02s
[2023-02-09T14:58:20.791+0000][68][safepoint   ] Safepoint "G1CollectForAllocation", Time since last: 15766911584 ns, Reaching safepoint: 73195 ns, At safepoint: 24323463 ns, Total: 24396658 ns
[2023-02-09T14:58:27.796+0000][68][safepoint   ] Safepoint "Cleanup", Time since last: 7005396164 ns, Reaching safepoint: 460672 ns, At safepoint: 16678 ns, Total: 477350 ns
[2023-02-09T14:58:35.809+0000][68][safepoint   ] Safepoint "Cleanup", Time since last: 8012229365 ns, Reaching safepoint: 256178 ns, At safepoint: 36898 ns, Total: 293076 ns
[2023-02-09T14:58:44.666+0000][68][gc,start    ] GC(327) Pause Young (Concurrent Start) (G1 Evacuation Pause)
[2023-02-09T14:58:44.667+0000][68][gc,task     ] GC(327) Using 4 workers of 4 for evacuation
[2023-02-09T14:58:44.668+0000][68][gc,age      ] GC(327) Desired survivor size 6291456 bytes, new threshold 15 (max threshold 15)
[2023-02-09T14:58:44.672+0000][68][gc,phases   ] GC(327)   Pre Evacuate Collection Set: 0.3ms
[2023-02-09T14:58:44.673+0000][68][gc,phases   ] GC(327)   Merge Heap Roots: 0.1ms
[2023-02-09T14:58:44.674+0000][68][gc,phases   ] GC(327)   Evacuate Collection Set: 1.9ms
[2023-02-09T14:58:44.675+0000][68][gc,phases   ] GC(327)   Post Evacuate Collection Set: 0.9ms
[2023-02-09T14:58:44.675+0000][68][gc,phases   ] GC(327)   Other: 2.0ms
[2023-02-09T14:58:44.676+0000][68][gc,age      ] GC(327) Age table with threshold 15 (max threshold 15)
[2023-02-09T14:58:44.677+0000][68][gc,age      ] GC(327) - age   1:     771400 bytes,     771400 total
[2023-02-09T14:58:44.678+0000][68][gc,age      ] GC(327) - age   2:       2504 bytes,     773904 total
[2023-02-09T14:58:44.679+0000][68][gc,age      ] GC(327) - age   3:       7472 bytes,     781376 total
[2023-02-09T14:58:44.680+0000][68][gc,age      ] GC(327) - age   4:        528 bytes,     781904 total
[2023-02-09T14:58:44.681+0000][68][gc,age      ] GC(327) - age   5:      19264 bytes,     801168 total
[2023-02-09T14:58:44.682+0000][68][gc,age      ] GC(327) - age   6:      17632 bytes,     818800 total
[2023-02-09T14:58:44.682+0000][68][gc,age      ] GC(327) - age   7:     349808 bytes,    1168608 total
[2023-02-09T14:58:44.683+0000][68][gc,age      ] GC(327) - age   8:      11200 bytes,    1179808 total
[2023-02-09T14:58:44.684+0000][68][gc,age      ] GC(327) - age   9:        288 bytes,    1180096 total
[2023-02-09T14:58:44.685+0000][68][gc,age      ] GC(327) - age  10:       2712 bytes,    1182808 total
[2023-02-09T14:58:44.686+0000][68][gc,age      ] GC(327) - age  11:        280 bytes,    1183088 total
[2023-02-09T14:58:44.686+0000][68][gc,age      ] GC(327) - age  13:       2384 bytes,    1185472 total
[2023-02-09T14:58:44.687+0000][68][gc,age      ] GC(327) - age  14:       3744 bytes,    1189216 total
[2023-02-09T14:58:44.687+0000][68][gc,age      ] GC(327) - age  15:       1024 bytes,    1190240 total
[2023-02-09T14:58:44.688+0000][68][gc,heap     ] GC(327) Eden regions: 22->0(22)
[2023-02-09T14:58:44.688+0000][68][gc,heap     ] GC(327) Survivor regions: 1->1(3)
[2023-02-09T14:58:44.689+0000][68][gc,heap     ] GC(327) Old regions: 26->26
[2023-02-09T14:58:44.689+0000][68][gc,heap     ] GC(327) Archive regions: 2->2
[2023-02-09T14:58:44.690+0000][68][gc,heap     ] GC(327) Humongous regions: 2->2
[2023-02-09T14:58:44.690+0000][68][gc,metaspace] GC(327) Metaspace: 142780K(145920K)->142780K(145920K) NonClass: 124618K(125888K)->124618K(125888K) Class: 18162K(20032K)->18162K(20032K)
[2023-02-09T14:58:44.691+0000][68][gc          ] GC(327) Pause Young (Concurrent Start) (G1 Evacuation Pause) 203M->115M(256M) 24.432ms
[2023-02-09T14:58:44.691+0000][68][gc          ] GC(328) Concurrent Mark Cycle
[2023-02-09T14:58:44.691+0000][68][gc,cpu      ] GC(327) User=0.00s Sys=0.01s Real=0.02s
[2023-02-09T14:58:44.692+0000][68][gc,marking  ] GC(328) Concurrent Clear Claimed Marks
[2023-02-09T14:58:44.692+0000][68][safepoint   ] Safepoint "G1CollectForAllocation", Time since last: 8857127813 ns, Reaching safepoint: 135114 ns, At safepoint: 25877888 ns, Total: 26013002 ns
[2023-02-09T14:58:44.693+0000][68][gc,marking  ] GC(328) Concurrent Clear Claimed Marks 1.220ms
[2023-02-09T14:58:44.694+0000][68][gc,marking  ] GC(328) Concurrent Scan Root Regions
[2023-02-09T14:58:44.698+0000][68][gc,marking  ] GC(328) Concurrent Scan Root Regions 4.145ms
[2023-02-09T14:58:44.698+0000][68][gc,marking  ] GC(328) Concurrent Mark
[2023-02-09T14:58:44.699+0000][68][gc,marking  ] GC(328) Concurrent Mark From Roots
[2023-02-09T14:58:44.700+0000][68][gc,task     ] GC(328) Using 1 workers of 1 for marking
[2023-02-09T14:58:44.819+0000][68][gc,marking  ] GC(328) Concurrent Mark From Roots 119.883ms
[2023-02-09T14:58:44.819+0000][68][gc,marking  ] GC(328) Concurrent Preclean
[2023-02-09T14:58:44.820+0000][68][gc,marking  ] GC(328) Concurrent Preclean 0.887ms
[2023-02-09T14:58:44.821+0000][68][gc,start    ] GC(328) Pause Remark
[2023-02-09T14:58:44.832+0000][68][gc          ] GC(328) Pause Remark 116M->116M(256M) 11.163ms
[2023-02-09T14:58:44.833+0000][68][gc,cpu      ] GC(328) User=0.04s Sys=0.00s Real=0.02s
[2023-02-09T14:58:44.834+0000][68][safepoint   ] Safepoint "G1PauseRemark", Time since last: 128831585 ns, Reaching safepoint: 110142 ns, At safepoint: 12489064 ns, Total: 12599206 ns
[2023-02-09T14:58:44.834+0000][68][gc,marking  ] GC(328) Concurrent Mark 135.678ms
[2023-02-09T14:58:44.835+0000][68][gc,marking  ] GC(328) Concurrent Rebuild Remembered Sets
[2023-02-09T14:58:44.894+0000][68][gc,marking  ] GC(328) Concurrent Rebuild Remembered Sets 59.395ms
[2023-02-09T14:58:44.896+0000][68][gc,start    ] GC(328) Pause Cleanup
[2023-02-09T14:58:44.897+0000][68][gc          ] GC(328) Pause Cleanup 119M->119M(256M) 1.377ms
[2023-02-09T14:58:44.898+0000][68][gc,cpu      ] GC(328) User=0.00s Sys=0.00s Real=0.00s
[2023-02-09T14:58:44.899+0000][68][safepoint   ] Safepoint "G1PauseCleanup", Time since last: 62116276 ns, Reaching safepoint: 159212 ns, At safepoint: 3154329 ns, Total: 3313541 ns
[2023-02-09T14:58:44.900+0000][68][gc,marking  ] GC(328) Concurrent Cleanup for Next Mark
[2023-02-09T14:58:44.900+0000][68][gc,marking  ] GC(328) Concurrent Cleanup for Next Mark 0.692ms
[2023-02-09T14:58:44.901+0000][68][gc          ] GC(328) Concurrent Mark Cycle 209.669ms
[2023-02-09T14:58:46.901+0000][68][safepoint   ] Safepoint "Cleanup", Time since last: 2001398173 ns, Reaching safepoint: 430147 ns, At safepoint: 24964 ns, Total: 455111 ns
[2023-02-09T14:58:47.906+0000][68][safepoint   ] Safepoint "Cleanup", Time since last: 1004605975 ns, Reaching safepoint: 155087 ns, At safepoint: 6371 ns, Total: 161458 ns
[2023-02-09T14:58:50.889+0000][68][safepoint   ] Safepoint "Cleanup", Time since last: 3004808603 ns, Reaching safepoint: 178329 ns, At safepoint: 63686 ns, Total: 242015 ns
[2023-02-09T14:59:04.903+0000][68][safepoint   ] Safepoint "Cleanup", Time since last: 14013564922 ns, Reaching safepoint: 557104 ns, At safepoint: 14073 ns, Total: 571177 ns
[2023-02-09T14:59:10.046+0000][68][gc,start    ] GC(329) Pause Young (Normal) (G1 Evacuation Pause)
[2023-02-09T14:59:10.047+0000][68][gc,task     ] GC(329) Using 4 workers of 4 for evacuation
[2023-02-09T14:59:10.047+0000][68][gc,age      ] GC(329) Desired survivor size 6291456 bytes, new threshold 15 (max threshold 15)
[2023-02-09T14:59:10.051+0000][68][gc,phases   ] GC(329)   Pre Evacuate Collection Set: 0.1ms
[2023-02-09T14:59:10.052+0000][68][gc,phases   ] GC(329)   Merge Heap Roots: 0.1ms
[2023-02-09T14:59:10.052+0000][68][gc,phases   ] GC(329)   Evacuate Collection Set: 2.0ms
[2023-02-09T14:59:10.053+0000][68][gc,phases   ] GC(329)   Post Evacuate Collection Set: 0.9ms
[2023-02-09T14:59:10.053+0000][68][gc,phases   ] GC(329)   Other: 1.0ms
[2023-02-09T14:59:10.054+0000][68][gc,age      ] GC(329) Age table with threshold 15 (max threshold 15)
[2023-02-09T14:59:10.054+0000][68][gc,age      ] GC(329) - age   1:    1468144 bytes,    1468144 total
[2023-02-09T14:59:10.055+0000][68][gc,age      ] GC(329) - age   2:     259112 bytes,    1727256 total
[2023-02-09T14:59:10.055+0000][68][gc,age      ] GC(329) - age   3:        680 bytes,    1727936 total
[2023-02-09T14:59:10.056+0000][68][gc,age      ] GC(329) - age   4:       3152 bytes,    1731088 total
[2023-02-09T14:59:10.056+0000][68][gc,age      ] GC(329) - age   5:        528 bytes,    1731616 total
[2023-02-09T14:59:10.057+0000][68][gc,age      ] GC(329) - age   6:      19264 bytes,    1750880 total
[2023-02-09T14:59:10.057+0000][68][gc,age      ] GC(329) - age   7:      17632 bytes,    1768512 total
[2023-02-09T14:59:10.058+0000][68][gc,age      ] GC(329) - age   8:     349808 bytes,    2118320 total
[2023-02-09T14:59:10.058+0000][68][gc,age      ] GC(329) - age   9:      11200 bytes,    2129520 total
[2023-02-09T14:59:10.059+0000][68][gc,age      ] GC(329) - age  10:        288 bytes,    2129808 total
[2023-02-09T14:59:10.060+0000][68][gc,age      ] GC(329) - age  11:       2712 bytes,    2132520 total
[2023-02-09T14:59:10.061+0000][68][gc,age      ] GC(329) - age  12:        280 bytes,    2132800 total
[2023-02-09T14:59:10.061+0000][68][gc,age      ] GC(329) - age  14:       2384 bytes,    2135184 total
[2023-02-09T14:59:10.062+0000][68][gc,age      ] GC(329) - age  15:       3744 bytes,    2138928 total
[2023-02-09T14:59:10.062+0000][68][gc,heap     ] GC(329) Eden regions: 22->0(22)
[2023-02-09T14:59:10.063+0000][68][gc,heap     ] GC(329) Survivor regions: 1->1(3)
[2023-02-09T14:59:10.063+0000][68][gc,heap     ] GC(329) Old regions: 26->26
[2023-02-09T14:59:10.064+0000][68][gc,heap     ] GC(329) Archive regions: 2->2
[2023-02-09T14:59:10.064+0000][68][gc,heap     ] GC(329) Humongous regions: 2->2
[2023-02-09T14:59:10.064+0000][68][gc,metaspace] GC(329) Metaspace: 142783K(145920K)->142783K(145920K) NonClass: 124621K(125888K)->124621K(125888K) Class: 18162K(20032K)->18162K(20032K)
[2023-02-09T14:59:10.065+0000][68][gc          ] GC(329) Pause Young (Normal) (G1 Evacuation Pause) 203M->115M(256M) 18.665ms
[2023-02-09T14:59:10.066+0000][68][gc,cpu      ] GC(329) User=0.01s Sys=0.00s Real=0.02s
[2023-02-09T14:59:10.066+0000][68][safepoint   ] Safepoint "G1CollectForAllocation", Time since last: 5143051036 ns, Reaching safepoint: 116223 ns, At safepoint: 19800268 ns, Total: 19916491 ns
[2023-02-09T14:59:21.082+0000][68][safepoint   ] Safepoint "Cleanup", Time since last: 11008507440 ns, Reaching safepoint: 187553 ns, At safepoint: 13984 ns, Total: 201537 ns
[2023-02-09T14:59:24.087+0000][68][safepoint   ] Safepoint "Cleanup", Time since last: 3004824115 ns, Reaching safepoint: 461513 ns, At safepoint: 19899 ns, Total: 481412 ns
[2023-02-09T14:59:26.093+0000][68][safepoint   ] Safepoint "Cleanup", Time since last: 2005050519 ns, Reaching safepoint: 222880 ns, At safepoint: 34373 ns, Total: 257253 ns
[2023-02-09T14:59:41.575+0000][68][gc,start    ] GC(330) Pause Young (Concurrent Start) (G1 Evacuation Pause)
[2023-02-09T14:59:41.588+0000][68][gc,task     ] GC(330) Using 4 workers of 4 for evacuation
[2023-02-09T14:59:41.592+0000][68][gc,age      ] GC(330) Desired survivor size 6291456 bytes, new threshold 15 (max threshold 15)
[2023-02-09T14:59:41.603+0000][68][gc,phases   ] GC(330)   Pre Evacuate Collection Set: 1.0ms
[2023-02-09T14:59:41.604+0000][68][gc,phases   ] GC(330)   Merge Heap Roots: 0.2ms
[2023-02-09T14:59:41.605+0000][68][gc,phases   ] GC(330)   Evacuate Collection Set: 3.1ms
[2023-02-09T14:59:41.606+0000][68][gc,phases   ] GC(330)   Post Evacuate Collection Set: 1.7ms
[2023-02-09T14:59:41.607+0000][68][gc,phases   ] GC(330)   Other: 8.8ms
[2023-02-09T14:59:41.608+0000][68][gc,age      ] GC(330) Age table with threshold 15 (max threshold 15)
[2023-02-09T14:59:41.609+0000][68][gc,age      ] GC(330) - age   1:     680616 bytes,     680616 total
[2023-02-09T14:59:41.611+0000][68][gc,age      ] GC(330) - age   2:      71056 bytes,     751672 total
[2023-02-09T14:59:41.613+0000][68][gc,age      ] GC(330) - age   3:      19864 bytes,     771536 total
[2023-02-09T14:59:41.617+0000][68][gc,age      ] GC(330) - age   4:        376 bytes,     771912 total
[2023-02-09T14:59:41.618+0000][68][gc,age      ] GC(330) - age   5:       3088 bytes,     775000 total
[2023-02-09T14:59:41.618+0000][68][gc,age      ] GC(330) - age   6:        528 bytes,     775528 total
[2023-02-09T14:59:41.619+0000][68][gc,age      ] GC(330) - age   7:      19264 bytes,     794792 total
[2023-02-09T14:59:41.619+0000][68][gc,age      ] GC(330) - age   8:      17440 bytes,     812232 total
[2023-02-09T14:59:41.620+0000][68][gc,age      ] GC(330) - age   9:     349808 bytes,    1162040 total
[2023-02-09T14:59:41.620+0000][68][gc,age      ] GC(330) - age  10:      11136 bytes,    1173176 total
[2023-02-09T14:59:41.621+0000][68][gc,age      ] GC(330) - age  11:        288 bytes,    1173464 total
[2023-02-09T14:59:41.622+0000][68][gc,age      ] GC(330) - age  12:       2712 bytes,    1176176 total
[2023-02-09T14:59:41.623+0000][68][gc,age      ] GC(330) - age  13:        280 bytes,    1176456 total
[2023-02-09T14:59:41.623+0000][68][gc,age      ] GC(330) - age  15:       2384 bytes,    1178840 total
[2023-02-09T14:59:41.624+0000][68][gc,heap     ] GC(330) Eden regions: 22->0(22)
[2023-02-09T14:59:41.624+0000][68][gc,heap     ] GC(330) Survivor regions: 1->1(3)
[2023-02-09T14:59:41.625+0000][68][gc,heap     ] GC(330) Old regions: 26->26
[2023-02-09T14:59:41.626+0000][68][gc,heap     ] GC(330) Archive regions: 2->2
[2023-02-09T14:59:41.627+0000][68][gc,heap     ] GC(330) Humongous regions: 2->2
[2023-02-09T14:59:41.628+0000][68][gc,metaspace] GC(330) Metaspace: 142783K(145920K)->142783K(145920K) NonClass: 124621K(125888K)->124621K(125888K) Class: 18162K(20032K)->18162K(20032K)
[2023-02-09T14:59:41.628+0000][68][gc          ] GC(330) Pause Young (Concurrent Start) (G1 Evacuation Pause) 203M->115M(256M) 53.656ms
[2023-02-09T14:59:41.629+0000][68][gc,cpu      ] GC(330) User=0.01s Sys=0.00s Real=0.06s
[2023-02-09T14:59:41.629+0000][68][gc          ] GC(331) Concurrent Mark Cycle
[2023-02-09T14:59:41.630+0000][68][gc,marking  ] GC(331) Concurrent Clear Claimed Marks
[2023-02-09T14:59:41.629+0000][68][safepoint   ] Safepoint "G1CollectForAllocation", Time since last: 15481591016 ns, Reaching safepoint: 182082 ns, At safepoint: 54890104 ns, Total: 55072186 ns
[2023-02-09T14:59:41.631+0000][68][gc,marking  ] GC(331) Concurrent Clear Claimed Marks 0.907ms
[2023-02-09T14:59:41.632+0000][68][gc,marking  ] GC(331) Concurrent Scan Root Regions
[2023-02-09T14:59:41.636+0000][68][gc,marking  ] GC(331) Concurrent Scan Root Regions 4.449ms
[2023-02-09T14:59:41.637+0000][68][gc,marking  ] GC(331) Concurrent Mark
[2023-02-09T14:59:41.637+0000][68][gc,marking  ] GC(331) Concurrent Mark From Roots
[2023-02-09T14:59:41.638+0000][68][gc,task     ] GC(331) Using 1 workers of 1 for marking
[2023-02-09T14:59:41.761+0000][68][gc,marking  ] GC(331) Concurrent Mark From Roots 123.406ms
[2023-02-09T14:59:41.762+0000][68][gc,marking  ] GC(331) Concurrent Preclean
[2023-02-09T14:59:41.763+0000][68][gc,marking  ] GC(331) Concurrent Preclean 1.084ms
[2023-02-09T14:59:41.764+0000][68][gc,start    ] GC(331) Pause Remark
[2023-02-09T14:59:41.779+0000][68][gc          ] GC(331) Pause Remark 116M->116M(256M) 15.166ms
[2023-02-09T14:59:41.780+0000][68][gc,cpu      ] GC(331) User=0.05s Sys=0.00s Real=0.02s
[2023-02-09T14:59:41.781+0000][68][safepoint   ] Safepoint "G1PauseRemark", Time since last: 134725021 ns, Reaching safepoint: 33522 ns, At safepoint: 16860881 ns, Total: 16894403 ns
[2023-02-09T14:59:41.782+0000][68][gc,marking  ] GC(331) Concurrent Mark 145.621ms
[2023-02-09T14:59:41.783+0000][68][gc,marking  ] GC(331) Concurrent Rebuild Remembered Sets
[2023-02-09T14:59:41.840+0000][68][gc,marking  ] GC(331) Concurrent Rebuild Remembered Sets 57.348ms
[2023-02-09T14:59:41.842+0000][68][gc,start    ] GC(331) Pause Cleanup
[2023-02-09T14:59:41.843+0000][68][gc          ] GC(331) Pause Cleanup 116M->116M(256M) 0.832ms
[2023-02-09T14:59:41.844+0000][68][gc,cpu      ] GC(331) User=0.01s Sys=0.00s Real=0.00s
[2023-02-09T14:59:41.845+0000][68][safepoint   ] Safepoint "G1PauseCleanup", Time since last: 60680099 ns, Reaching safepoint: 160993 ns, At safepoint: 3439674 ns, Total: 3600667 ns
[2023-02-09T14:59:41.846+0000][68][gc,marking  ] GC(331) Concurrent Cleanup for Next Mark
[2023-02-09T14:59:41.848+0000][68][gc,marking  ] GC(331) Concurrent Cleanup for Next Mark 1.303ms
[2023-02-09T14:59:41.849+0000][68][gc          ] GC(331) Concurrent Mark Cycle 219.891ms
[2023-02-09T15:00:04.845+0000][68][safepoint   ] Safepoint "Cleanup", Time since last: 23015501269 ns, Reaching safepoint: 177847 ns, At safepoint: 6241 ns, Total: 184088 ns
[2023-02-09T15:00:08.851+0000][68][safepoint   ] Safepoint "Cleanup", Time since last: 4005201938 ns, Reaching safepoint: 481329 ns, At safepoint: 5393 ns, Total: 486722 ns
[2023-02-09T15:00:08.934+0000][68][gc,start    ] GC(332) Pause Young (Normal) (G1 Evacuation Pause)
[2023-02-09T15:00:08.935+0000][68][gc,task     ] GC(332) Using 4 workers of 4 for evacuation
[2023-02-09T15:00:08.936+0000][68][gc,age      ] GC(332) Desired survivor size 6291456 bytes, new threshold 15 (max threshold 15)
[2023-02-09T15:00:08.943+0000][68][gc,phases   ] GC(332)   Pre Evacuate Collection Set: 0.5ms
[2023-02-09T15:00:08.944+0000][68][gc,phases   ] GC(332)   Merge Heap Roots: 0.1ms
[2023-02-09T15:00:08.945+0000][68][gc,phases   ] GC(332)   Evacuate Collection Set: 3.2ms
[2023-02-09T15:00:08.946+0000][68][gc,phases   ] GC(332)   Post Evacuate Collection Set: 1.6ms
[2023-02-09T15:00:08.946+0000][68][gc,phases   ] GC(332)   Other: 2.5ms
[2023-02-09T15:00:08.947+0000][68][gc,age      ] GC(332) Age table with threshold 15 (max threshold 15)
[2023-02-09T15:00:08.948+0000][68][gc,age      ] GC(332) - age   1:     611256 bytes,     611256 total
[2023-02-09T15:00:08.950+0000][68][gc,age      ] GC(332) - age   2:     177400 bytes,     788656 total
[2023-02-09T15:00:08.950+0000][68][gc,age      ] GC(332) - age   3:      11328 bytes,     799984 total
[2023-02-09T15:00:08.951+0000][68][gc,age      ] GC(332) - age   4:      19736 bytes,     819720 total
[2023-02-09T15:00:08.952+0000][68][gc,age      ] GC(332) - age   5:         80 bytes,     819800 total
[2023-02-09T15:00:08.953+0000][68][gc,age      ] GC(332) - age   6:       3024 bytes,     822824 total
[2023-02-09T15:00:08.953+0000][68][gc,age      ] GC(332) - age   7:        504 bytes,     823328 total
[2023-02-09T15:00:08.954+0000][68][gc,age      ] GC(332) - age   8:      19264 bytes,     842592 total
[2023-02-09T15:00:08.954+0000][68][gc,age      ] GC(332) - age   9:      17440 bytes,     860032 total
[2023-02-09T15:00:08.955+0000][68][gc,age      ] GC(332) - age  10:     349808 bytes,    1209840 total
[2023-02-09T15:00:08.956+0000][68][gc,age      ] GC(332) - age  11:      11136 bytes,    1220976 total
[2023-02-09T15:00:08.956+0000][68][gc,age      ] GC(332) - age  12:        288 bytes,    1221264 total
[2023-02-09T15:00:08.957+0000][68][gc,age      ] GC(332) - age  13:       2712 bytes,    1223976 total
[2023-02-09T15:00:08.957+0000][68][gc,age      ] GC(332) - age  14:        280 bytes,    1224256 total
[2023-02-09T15:00:08.958+0000][68][gc,heap     ] GC(332) Eden regions: 22->0(22)
[2023-02-09T15:00:08.958+0000][68][gc,heap     ] GC(332) Survivor regions: 1->1(3)
[2023-02-09T15:00:08.959+0000][68][gc,heap     ] GC(332) Old regions: 26->26
[2023-02-09T15:00:08.959+0000][68][gc,heap     ] GC(332) Archive regions: 2->2
[2023-02-09T15:00:08.960+0000][68][gc,heap     ] GC(332) Humongous regions: 2->2
[2023-02-09T15:00:08.960+0000][68][gc,metaspace] GC(332) Metaspace: 142783K(145920K)->142783K(145920K) NonClass: 124621K(125888K)->124621K(125888K) Class: 18162K(20032K)->18162K(20032K)
[2023-02-09T15:00:08.961+0000][68][gc          ] GC(332) Pause Young (Normal) (G1 Evacuation Pause) 203M->115M(256M) 26.742ms
[2023-02-09T15:00:08.961+0000][68][gc,cpu      ] GC(332) User=0.01s Sys=0.00s Real=0.02s
[2023-02-09T15:00:08.962+0000][68][safepoint   ] Safepoint "G1CollectForAllocation", Time since last: 82878711 ns, Reaching safepoint: 129206 ns, At safepoint: 27726345 ns, Total: 27855551 ns
[2023-02-09T15:00:11.964+0000][68][safepoint   ] Safepoint "Cleanup", Time since last: 3002358306 ns, Reaching safepoint: 153094 ns, At safepoint: 9816 ns, Total: 162910 ns
[2023-02-09T15:00:14.969+0000][68][safepoint   ] Safepoint "Cleanup", Time since last: 3004983565 ns, Reaching safepoint: 106511 ns, At safepoint: 3381 ns, Total: 109892 ns
[2023-02-09T15:00:21.589+0000][68][safepoint   ] Safepoint "Cleanup", Time since last: 6640719351 ns, Reaching safepoint: 162558 ns, At safepoint: 5792 ns, Total: 168350 ns
[2023-02-09T15:00:33.597+0000][68][safepoint   ] Safepoint "Cleanup", Time since last: 12007131966 ns, Reaching safepoint: 312177 ns, At safepoint: 11362 ns, Total: 323539 ns
[2023-02-09T15:00:39.436+0000][68][gc,start    ] GC(333) Pause Young (Concurrent Start) (G1 Evacuation Pause)
[2023-02-09T15:00:39.436+0000][68][gc,task     ] GC(333) Using 4 workers of 4 for evacuation
[2023-02-09T15:00:39.437+0000][68][gc,age      ] GC(333) Desired survivor size 6291456 bytes, new threshold 15 (max threshold 15)
[2023-02-09T15:00:39.441+0000][68][gc,phases   ] GC(333)   Pre Evacuate Collection Set: 0.4ms
[2023-02-09T15:00:39.442+0000][68][gc,phases   ] GC(333)   Merge Heap Roots: 0.1ms
[2023-02-09T15:00:39.443+0000][68][gc,phases   ] GC(333)   Evacuate Collection Set: 1.5ms
[2023-02-09T15:00:39.444+0000][68][gc,phases   ] GC(333)   Post Evacuate Collection Set: 0.9ms
[2023-02-09T15:00:39.444+0000][68][gc,phases   ] GC(333)   Other: 2.1ms
[2023-02-09T15:00:39.445+0000][68][gc,age      ] GC(333) Age table with threshold 15 (max threshold 15)
[2023-02-09T15:00:39.445+0000][68][gc,age      ] GC(333) - age   1:    1133344 bytes,    1133344 total
[2023-02-09T15:00:39.446+0000][68][gc,age      ] GC(333) - age   2:      16872 bytes,    1150216 total
[2023-02-09T15:00:39.446+0000][68][gc,age      ] GC(333) - age   3:     175752 bytes,    1325968 total
[2023-02-09T15:00:39.447+0000][68][gc,age      ] GC(333) - age   4:      11136 bytes,    1337104 total
[2023-02-09T15:00:39.448+0000][68][gc,age      ] GC(333) - age   5:      19496 bytes,    1356600 total
[2023-02-09T15:00:39.449+0000][68][gc,age      ] GC(333) - age   6:         80 bytes,    1356680 total
[2023-02-09T15:00:39.449+0000][68][gc,age      ] GC(333) - age   7:       3024 bytes,    1359704 total
[2023-02-09T15:00:39.450+0000][68][gc,age      ] GC(333) - age   8:        504 bytes,    1360208 total
[2023-02-09T15:00:39.450+0000][68][gc,age      ] GC(333) - age   9:      19080 bytes,    1379288 total
[2023-02-09T15:00:39.451+0000][68][gc,age      ] GC(333) - age  10:      17408 bytes,    1396696 total
[2023-02-09T15:00:39.452+0000][68][gc,age      ] GC(333) - age  11:     349808 bytes,    1746504 total
[2023-02-09T15:00:39.453+0000][68][gc,age      ] GC(333) - age  12:      11136 bytes,    1757640 total
[2023-02-09T15:00:39.454+0000][68][gc,age      ] GC(333) - age  13:        288 bytes,    1757928 total
[2023-02-09T15:00:39.454+0000][68][gc,age      ] GC(333) - age  14:       2712 bytes,    1760640 total
[2023-02-09T15:00:39.454+0000][68][gc,age      ] GC(333) - age  15:        280 bytes,    1760920 total
[2023-02-09T15:00:39.455+0000][68][gc,heap     ] GC(333) Eden regions: 22->0(22)
[2023-02-09T15:00:39.455+0000][68][gc,heap     ] GC(333) Survivor regions: 1->1(3)
[2023-02-09T15:00:39.456+0000][68][gc,heap     ] GC(333) Old regions: 26->26
[2023-02-09T15:00:39.456+0000][68][gc,heap     ] GC(333) Archive regions: 2->2
[2023-02-09T15:00:39.457+0000][68][gc,heap     ] GC(333) Humongous regions: 2->2
[2023-02-09T15:00:39.457+0000][68][gc,metaspace] GC(333) Metaspace: 142802K(145920K)->142802K(145920K) NonClass: 124639K(125888K)->124639K(125888K) Class: 18163K(20032K)->18163K(20032K)
[2023-02-09T15:00:39.458+0000][68][gc          ] GC(333) Pause Young (Concurrent Start) (G1 Evacuation Pause) 203M->115M(256M) 21.743ms
[2023-02-09T15:00:39.458+0000][68][gc,cpu      ] GC(333) User=0.01s Sys=0.00s Real=0.02s
[2023-02-09T15:00:39.458+0000][68][gc          ] GC(334) Concurrent Mark Cycle
[2023-02-09T15:00:39.459+0000][68][safepoint   ] Safepoint "G1CollectForAllocation", Time since last: 5839128505 ns, Reaching safepoint: 108895 ns, At safepoint: 22811134 ns, Total: 22920029 ns
[2023-02-09T15:00:39.459+0000][68][gc,marking  ] GC(334) Concurrent Clear Claimed Marks
[2023-02-09T15:00:39.460+0000][68][gc,marking  ] GC(334) Concurrent Clear Claimed Marks 1.105ms
[2023-02-09T15:00:39.461+0000][68][gc,marking  ] GC(334) Concurrent Scan Root Regions
[2023-02-09T15:00:39.464+0000][68][gc,marking  ] GC(334) Concurrent Scan Root Regions 2.647ms
[2023-02-09T15:00:39.465+0000][68][gc,marking  ] GC(334) Concurrent Mark
[2023-02-09T15:00:39.465+0000][68][gc,marking  ] GC(334) Concurrent Mark From Roots
[2023-02-09T15:00:39.466+0000][68][gc,task     ] GC(334) Using 1 workers of 1 for marking
[2023-02-09T15:00:39.612+0000][68][gc,marking  ] GC(334) Concurrent Mark From Roots 147.138ms
[2023-02-09T15:00:39.613+0000][68][gc,marking  ] GC(334) Concurrent Preclean
[2023-02-09T15:00:39.614+0000][68][gc,marking  ] GC(334) Concurrent Preclean 1.134ms
[2023-02-09T15:00:39.615+0000][68][gc,start    ] GC(334) Pause Remark
[2023-02-09T15:00:39.626+0000][68][gc          ] GC(334) Pause Remark 116M->116M(256M) 11.146ms
[2023-02-09T15:00:39.627+0000][68][gc,cpu      ] GC(334) User=0.03s Sys=0.00s Real=0.01s
[2023-02-09T15:00:39.628+0000][68][safepoint   ] Safepoint "G1PauseRemark", Time since last: 156487230 ns, Reaching safepoint: 105947 ns, At safepoint: 12608637 ns, Total: 12714584 ns
[2023-02-09T15:00:39.629+0000][68][gc,marking  ] GC(334) Concurrent Mark 164.122ms
[2023-02-09T15:00:39.629+0000][68][gc,marking  ] GC(334) Concurrent Rebuild Remembered Sets
[2023-02-09T15:00:39.695+0000][68][gc,marking  ] GC(334) Concurrent Rebuild Remembered Sets 66.004ms
[2023-02-09T15:00:39.696+0000][68][gc,start    ] GC(334) Pause Cleanup
[2023-02-09T15:00:39.697+0000][68][gc          ] GC(334) Pause Cleanup 117M->117M(256M) 0.745ms
[2023-02-09T15:00:39.698+0000][68][gc,cpu      ] GC(334) User=0.00s Sys=0.00s Real=0.00s
[2023-02-09T15:00:39.699+0000][68][safepoint   ] Safepoint "G1PauseCleanup", Time since last: 68176550 ns, Reaching safepoint: 112583 ns, At safepoint: 2540988 ns, Total: 2653571 ns
[2023-02-09T15:00:39.700+0000][68][gc,marking  ] GC(334) Concurrent Cleanup for Next Mark
[2023-02-09T15:00:39.701+0000][68][gc,marking  ] GC(334) Concurrent Cleanup for Next Mark 1.473ms
[2023-02-09T15:00:39.702+0000][68][gc          ] GC(334) Concurrent Mark Cycle 243.578ms
[2023-02-09T15:00:48.707+0000][68][safepoint   ] Safepoint "Cleanup", Time since last: 9007000137 ns, Reaching safepoint: 1035629 ns, At safepoint: 128099 ns, Total: 1163728 ns
[2023-02-09T15:00:50.692+0000][68][safepoint   ] Safepoint "Cleanup", Time since last: 2004698809 ns, Reaching safepoint: 166037 ns, At safepoint: 42404 ns, Total: 208441 ns
[2023-02-09T15:00:54.695+0000][68][safepoint   ] Safepoint "Cleanup", Time since last: 4003277021 ns, Reaching safepoint: 125526 ns, At safepoint: 4668 ns, Total: 130194 ns
[2023-02-09T15:00:57.411+0000][68][gc,start    ] GC(335) Pause Young (Normal) (G1 Evacuation Pause)
[2023-02-09T15:00:57.412+0000][68][gc,task     ] GC(335) Using 4 workers of 4 for evacuation
[2023-02-09T15:00:57.413+0000][68][gc,age      ] GC(335) Desired survivor size 6291456 bytes, new threshold 15 (max threshold 15)
[2023-02-09T15:00:57.416+0000][68][gc,phases   ] GC(335)   Pre Evacuate Collection Set: 0.2ms
[2023-02-09T15:00:57.417+0000][68][gc,phases   ] GC(335)   Merge Heap Roots: 0.1ms
[2023-02-09T15:00:57.418+0000][68][gc,phases   ] GC(335)   Evacuate Collection Set: 2.2ms
[2023-02-09T15:00:57.418+0000][68][gc,phases   ] GC(335)   Post Evacuate Collection Set: 0.8ms
[2023-02-09T15:00:57.418+0000][68][gc,phases   ] GC(335)   Other: 1.6ms
[2023-02-09T15:00:57.419+0000][68][gc,age      ] GC(335) Age table with threshold 15 (max threshold 15)
[2023-02-09T15:00:57.419+0000][68][gc,age      ] GC(335) - age   1:    1509048 bytes,    1509048 total
[2023-02-09T15:00:57.420+0000][68][gc,age      ] GC(335) - age   2:      14712 bytes,    1523760 total
[2023-02-09T15:00:57.420+0000][68][gc,age      ] GC(335) - age   3:      12232 bytes,    1535992 total
[2023-02-09T15:00:57.420+0000][68][gc,age      ] GC(335) - age   4:     158512 bytes,    1694504 total
[2023-02-09T15:00:57.421+0000][68][gc,age      ] GC(335) - age   5:      11136 bytes,    1705640 total
[2023-02-09T15:00:57.421+0000][68][gc,age      ] GC(335) - age   6:      19432 bytes,    1725072 total
[2023-02-09T15:00:57.422+0000][68][gc,age      ] GC(335) - age   7:         80 bytes,    1725152 total
[2023-02-09T15:00:57.422+0000][68][gc,age      ] GC(335) - age   8:       3024 bytes,    1728176 total
[2023-02-09T15:00:57.422+0000][68][gc,age      ] GC(335) - age   9:        504 bytes,    1728680 total
[2023-02-09T15:00:57.423+0000][68][gc,age      ] GC(335) - age  10:      19080 bytes,    1747760 total
[2023-02-09T15:00:57.423+0000][68][gc,age      ] GC(335) - age  11:      17408 bytes,    1765168 total
[2023-02-09T15:00:57.424+0000][68][gc,age      ] GC(335) - age  12:     349808 bytes,    2114976 total
[2023-02-09T15:00:57.425+0000][68][gc,age      ] GC(335) - age  13:      11136 bytes,    2126112 total
[2023-02-09T15:00:57.425+0000][68][gc,age      ] GC(335) - age  14:        288 bytes,    2126400 total
[2023-02-09T15:00:57.426+0000][68][gc,age      ] GC(335) - age  15:       2712 bytes,    2129112 total
[2023-02-09T15:00:57.427+0000][68][gc,heap     ] GC(335) Eden regions: 22->0(22)
[2023-02-09T15:00:57.428+0000][68][gc,heap     ] GC(335) Survivor regions: 1->1(3)
[2023-02-09T15:00:57.428+0000][68][gc,heap     ] GC(335) Old regions: 26->26
[2023-02-09T15:00:57.429+0000][68][gc,heap     ] GC(335) Archive regions: 2->2
[2023-02-09T15:00:57.429+0000][68][gc,heap     ] GC(335) Humongous regions: 2->2
[2023-02-09T15:00:57.429+0000][68][gc,metaspace] GC(335) Metaspace: 142802K(145920K)->142802K(145920K) NonClass: 124639K(125888K)->124639K(125888K) Class: 18163K(20032K)->18163K(20032K)
[2023-02-09T15:00:57.430+0000][68][gc          ] GC(335) Pause Young (Normal) (G1 Evacuation Pause) 203M->116M(256M) 19.244ms
[2023-02-09T15:00:57.430+0000][68][gc,cpu      ] GC(335) User=0.01s Sys=0.00s Real=0.02s
[2023-02-09T15:00:57.431+0000][68][safepoint   ] Safepoint "G1CollectForAllocation", Time since last: 2715277872 ns, Reaching safepoint: 179499 ns, At safepoint: 19924383 ns, Total: 20103882 ns
[2023-02-09T15:01:01.433+0000][68][safepoint   ] Safepoint "Cleanup", Time since last: 4002390294 ns, Reaching safepoint: 393904 ns, At safepoint: 16142 ns, Total: 410046 ns
[2023-02-09T15:01:04.439+0000][68][safepoint   ] Safepoint "Cleanup", Time since last: 3004421274 ns, Reaching safepoint: 911288 ns, At safepoint: 53461 ns, Total: 964749 ns
[2023-02-09T15:01:21.358+0000][68][gc,start    ] GC(336) Pause Young (Concurrent Start) (G1 Evacuation Pause)
[2023-02-09T15:01:21.358+0000][68][gc,task     ] GC(336) Using 4 workers of 4 for evacuation
[2023-02-09T15:01:21.359+0000][68][gc,age      ] GC(336) Desired survivor size 6291456 bytes, new threshold 15 (max threshold 15)
[2023-02-09T15:01:21.365+0000][68][gc,phases   ] GC(336)   Pre Evacuate Collection Set: 0.4ms
[2023-02-09T15:01:21.366+0000][68][gc,phases   ] GC(336)   Merge Heap Roots: 0.2ms
[2023-02-09T15:01:21.367+0000][68][gc,phases   ] GC(336)   Evacuate Collection Set: 2.7ms
[2023-02-09T15:01:21.367+0000][68][gc,phases   ] GC(336)   Post Evacuate Collection Set: 1.3ms
[2023-02-09T15:01:21.368+0000][68][gc,phases   ] GC(336)   Other: 1.7ms
[2023-02-09T15:01:21.369+0000][68][gc,age      ] GC(336) Age table with threshold 15 (max threshold 15)
[2023-02-09T15:01:21.370+0000][68][gc,age      ] GC(336) - age   1:    2190272 bytes,    2190272 total
[2023-02-09T15:01:21.370+0000][68][gc,age      ] GC(336) - age   2:     154816 bytes,    2345088 total
[2023-02-09T15:01:21.371+0000][68][gc,age      ] GC(336) - age   3:       3776 bytes,    2348864 total
[2023-02-09T15:01:21.372+0000][68][gc,age      ] GC(336) - age   4:      12104 bytes,    2360968 total
[2023-02-09T15:01:21.372+0000][68][gc,age      ] GC(336) - age   5:       8440 bytes,    2369408 total
[2023-02-09T15:01:21.373+0000][68][gc,age      ] GC(336) - age   6:      11120 bytes,    2380528 total
[2023-02-09T15:01:21.374+0000][68][gc,age      ] GC(336) - age   7:       1760 bytes,    2382288 total
[2023-02-09T15:01:21.374+0000][68][gc,age      ] GC(336) - age   8:         80 bytes,    2382368 total
[2023-02-09T15:01:21.374+0000][68][gc,age      ] GC(336) - age   9:       2160 bytes,    2384528 total
[2023-02-09T15:01:21.375+0000][68][gc,age      ] GC(336) - age  10:        376 bytes,    2384904 total
[2023-02-09T15:01:21.375+0000][68][gc,age      ] GC(336) - age  11:       2224 bytes,    2387128 total
[2023-02-09T15:01:21.376+0000][68][gc,age      ] GC(336) - age  12:       1544 bytes,    2388672 total
[2023-02-09T15:01:21.376+0000][68][gc,age      ] GC(336) - age  13:     116160 bytes,    2504832 total
[2023-02-09T15:01:21.377+0000][68][gc,age      ] GC(336) - age  14:      11136 bytes,    2515968 total
[2023-02-09T15:01:21.378+0000][68][gc,age      ] GC(336) - age  15:        288 bytes,    2516256 total
[2023-02-09T15:01:21.378+0000][68][gc,heap     ] GC(336) Eden regions: 22->0(21)
[2023-02-09T15:01:21.379+0000][68][gc,heap     ] GC(336) Survivor regions: 1->1(3)
[2023-02-09T15:01:21.380+0000][68][gc,heap     ] GC(336) Old regions: 26->26
[2023-02-09T15:01:21.381+0000][68][gc,heap     ] GC(336) Archive regions: 2->2
[2023-02-09T15:01:21.382+0000][68][gc,heap     ] GC(336) Humongous regions: 2->2
[2023-02-09T15:01:21.383+0000][68][gc,metaspace] GC(336) Metaspace: 142804K(145920K)->142804K(145920K) NonClass: 124641K(125888K)->124641K(125888K) Class: 18163K(20032K)->18163K(20032K)
[2023-02-09T15:01:21.385+0000][68][gc          ] GC(336) Pause Young (Concurrent Start) (G1 Evacuation Pause) 204M->116M(256M) 27.173ms
[2023-02-09T15:01:21.386+0000][68][gc          ] GC(337) Concurrent Mark Cycle
[2023-02-09T15:01:21.386+0000][68][gc,cpu      ] GC(336) User=0.01s Sys=0.01s Real=0.02s
[2023-02-09T15:01:21.386+0000][68][gc,marking  ] GC(337) Concurrent Clear Claimed Marks
[2023-02-09T15:01:21.387+0000][68][safepoint   ] Safepoint "G1CollectForAllocation", Time since last: 16943883335 ns, Reaching safepoint: 130690 ns, At safepoint: 29452065 ns, Total: 29582755 ns
[2023-02-09T15:01:21.388+0000][68][gc,marking  ] GC(337) Concurrent Clear Claimed Marks 1.474ms
[2023-02-09T15:01:21.389+0000][68][gc,marking  ] GC(337) Concurrent Scan Root Regions
[2023-02-09T15:01:21.394+0000][68][gc,marking  ] GC(337) Concurrent Scan Root Regions 4.442ms
[2023-02-09T15:01:21.394+0000][68][gc,marking  ] GC(337) Concurrent Mark
[2023-02-09T15:01:21.395+0000][68][gc,marking  ] GC(337) Concurrent Mark From Roots
[2023-02-09T15:01:21.397+0000][68][gc,task     ] GC(337) Using 1 workers of 1 for marking
[2023-02-09T15:01:21.553+0000][68][gc,marking  ] GC(337) Concurrent Mark From Roots 157.451ms
[2023-02-09T15:01:21.554+0000][68][gc,marking  ] GC(337) Concurrent Preclean
[2023-02-09T15:01:21.555+0000][68][gc,marking  ] GC(337) Concurrent Preclean 1.092ms
[2023-02-09T15:01:21.556+0000][68][gc,start    ] GC(337) Pause Remark
[2023-02-09T15:01:21.567+0000][68][gc          ] GC(337) Pause Remark 117M->117M(256M) 11.426ms
[2023-02-09T15:01:21.569+0000][68][gc,cpu      ] GC(337) User=0.03s Sys=0.00s Real=0.02s
[2023-02-09T15:01:21.570+0000][68][safepoint   ] Safepoint "G1PauseRemark", Time since last: 168725473 ns, Reaching safepoint: 177000 ns, At safepoint: 13697404 ns, Total: 13874404 ns
[2023-02-09T15:01:21.570+0000][68][gc,marking  ] GC(337) Concurrent Mark 176.080ms
[2023-02-09T15:01:21.571+0000][68][gc,marking  ] GC(337) Concurrent Rebuild Remembered Sets
[2023-02-09T15:01:21.631+0000][68][gc,marking  ] GC(337) Concurrent Rebuild Remembered Sets 59.704ms
[2023-02-09T15:01:21.632+0000][68][gc,start    ] GC(337) Pause Cleanup
[2023-02-09T15:01:21.633+0000][68][gc          ] GC(337) Pause Cleanup 117M->117M(256M) 0.870ms
[2023-02-09T15:01:21.633+0000][68][gc,cpu      ] GC(337) User=0.00s Sys=0.00s Real=0.00s
[2023-02-09T15:01:21.634+0000][68][safepoint   ] Safepoint "G1PauseCleanup", Time since last: 61993803 ns, Reaching safepoint: 113145 ns, At safepoint: 2048128 ns, Total: 2161273 ns
[2023-02-09T15:01:21.634+0000][68][gc,marking  ] GC(337) Concurrent Cleanup for Next Mark
[2023-02-09T15:01:21.635+0000][68][gc,marking  ] GC(337) Concurrent Cleanup for Next Mark 0.886ms
[2023-02-09T15:01:21.636+0000][68][gc          ] GC(337) Concurrent Mark Cycle 250.057ms
[2023-02-09T15:01:49.303+0000][68][gc,start    ] GC(338) Pause Young (Normal) (G1 Evacuation Pause)
[2023-02-09T15:01:49.304+0000][68][gc,task     ] GC(338) Using 4 workers of 4 for evacuation
[2023-02-09T15:01:49.305+0000][68][gc,age      ] GC(338) Desired survivor size 6291456 bytes, new threshold 15 (max threshold 15)
[2023-02-09T15:01:49.308+0000][68][gc,phases   ] GC(338)   Pre Evacuate Collection Set: 0.1ms
[2023-02-09T15:01:49.309+0000][68][gc,phases   ] GC(338)   Merge Heap Roots: 0.1ms
[2023-02-09T15:01:49.309+0000][68][gc,phases   ] GC(338)   Evacuate Collection Set: 1.7ms
[2023-02-09T15:01:49.310+0000][68][gc,phases   ] GC(338)   Post Evacuate Collection Set: 0.8ms
[2023-02-09T15:01:49.310+0000][68][gc,phases   ] GC(338)   Other: 1.4ms
[2023-02-09T15:01:49.311+0000][68][gc,age      ] GC(338) Age table with threshold 15 (max threshold 15)
[2023-02-09T15:01:49.311+0000][68][gc,age      ] GC(338) - age   1:     811896 bytes,     811896 total
[2023-02-09T15:01:49.312+0000][68][gc,age      ] GC(338) - age   2:     300192 bytes,    1112088 total
[2023-02-09T15:01:49.312+0000][68][gc,age      ] GC(338) - age   3:       3392 bytes,    1115480 total
[2023-02-09T15:01:49.313+0000][68][gc,age      ] GC(338) - age   4:       2600 bytes,    1118080 total
[2023-02-09T15:01:49.313+0000][68][gc,age      ] GC(338) - age   5:      12080 bytes,    1130160 total
[2023-02-09T15:01:49.314+0000][68][gc,age      ] GC(338) - age   6:       8312 bytes,    1138472 total
[2023-02-09T15:01:49.314+0000][68][gc,age      ] GC(338) - age   7:      10824 bytes,    1149296 total
[2023-02-09T15:01:49.315+0000][68][gc,age      ] GC(338) - age   8:       1760 bytes,    1151056 total
[2023-02-09T15:01:49.315+0000][68][gc,age      ] GC(338) - age   9:         80 bytes,    1151136 total
[2023-02-09T15:01:49.316+0000][68][gc,age      ] GC(338) - age  10:       2160 bytes,    1153296 total
[2023-02-09T15:01:49.316+0000][68][gc,age      ] GC(338) - age  11:        376 bytes,    1153672 total
[2023-02-09T15:01:49.316+0000][68][gc,age      ] GC(338) - age  12:       2224 bytes,    1155896 total
[2023-02-09T15:01:49.317+0000][68][gc,age      ] GC(338) - age  13:        984 bytes,    1156880 total
[2023-02-09T15:01:49.318+0000][68][gc,age      ] GC(338) - age  14:      88912 bytes,    1245792 total
[2023-02-09T15:01:49.318+0000][68][gc,age      ] GC(338) - age  15:      11136 bytes,    1256928 total
[2023-02-09T15:01:49.319+0000][68][gc,heap     ] GC(338) Eden regions: 21->0(21)
[2023-02-09T15:01:49.319+0000][68][gc,heap     ] GC(338) Survivor regions: 1->1(3)
[2023-02-09T15:01:49.320+0000][68][gc,heap     ] GC(338) Old regions: 26->26
[2023-02-09T15:01:49.320+0000][68][gc,heap     ] GC(338) Archive regions: 2->2
[2023-02-09T15:01:49.321+0000][68][gc,heap     ] GC(338) Humongous regions: 2->2
[2023-02-09T15:01:49.321+0000][68][gc,metaspace] GC(338) Metaspace: 142806K(145920K)->142806K(145920K) NonClass: 124643K(125888K)->124643K(125888K) Class: 18163K(20032K)->18163K(20032K)
[2023-02-09T15:01:49.321+0000][68][gc          ] GC(338) Pause Young (Normal) (G1 Evacuation Pause) 200M->115M(256M) 18.368ms
[2023-02-09T15:01:49.322+0000][68][gc,cpu      ] GC(338) User=0.00s Sys=0.00s Real=0.02s
[2023-02-09T15:01:49.322+0000][68][safepoint   ] Safepoint "G1CollectForAllocation", Time since last: 27691384125 ns, Reaching safepoint: 134231 ns, At safepoint: 19398142 ns, Total: 19532373 ns
[2023-02-09T15:01:51.326+0000][68][safepoint   ] Safepoint "Cleanup", Time since last: 2002675577 ns, Reaching safepoint: 565195 ns, At safepoint: 16484 ns, Total: 581679 ns
[2023-02-09T15:02:03.342+0000][68][safepoint   ] Safepoint "Cleanup", Time since last: 12015301264 ns, Reaching safepoint: 747121 ns, At safepoint: 36618 ns, Total: 783739 ns
[2023-02-09T15:02:04.346+0000][68][safepoint   ] Safepoint "Cleanup", Time since last: 1004349293 ns, Reaching safepoint: 120753 ns, At safepoint: 4516 ns, Total: 125269 ns
[2023-02-09T15:02:10.353+0000][68][safepoint   ] Safepoint "Cleanup", Time since last: 6006283629 ns, Reaching safepoint: 212713 ns, At safepoint: 9065 ns, Total: 221778 ns
[2023-02-09T15:02:15.106+0000][68][gc,start    ] GC(339) Pause Young (Concurrent Start) (G1 Evacuation Pause)
[2023-02-09T15:02:15.107+0000][68][gc,task     ] GC(339) Using 4 workers of 4 for evacuation
[2023-02-09T15:02:15.108+0000][68][gc,age      ] GC(339) Desired survivor size 6291456 bytes, new threshold 15 (max threshold 15)
[2023-02-09T15:02:15.112+0000][68][gc,phases   ] GC(339)   Pre Evacuate Collection Set: 0.4ms
[2023-02-09T15:02:15.113+0000][68][gc,phases   ] GC(339)   Merge Heap Roots: 0.1ms
[2023-02-09T15:02:15.114+0000][68][gc,phases   ] GC(339)   Evacuate Collection Set: 2.5ms
[2023-02-09T15:02:15.115+0000][68][gc,phases   ] GC(339)   Post Evacuate Collection Set: 0.8ms
[2023-02-09T15:02:15.115+0000][68][gc,phases   ] GC(339)   Other: 1.7ms
[2023-02-09T15:02:15.116+0000][68][gc,age      ] GC(339) Age table with threshold 15 (max threshold 15)
[2023-02-09T15:02:15.117+0000][68][gc,age      ] GC(339) - age   1:     622880 bytes,     622880 total
[2023-02-09T15:02:15.118+0000][68][gc,age      ] GC(339) - age   2:     138528 bytes,     761408 total
[2023-02-09T15:02:15.119+0000][68][gc,age      ] GC(339) - age   3:     294248 bytes,    1055656 total
[2023-02-09T15:02:15.121+0000][68][gc,age      ] GC(339) - age   4:       3008 bytes,    1058664 total
[2023-02-09T15:02:15.123+0000][68][gc,age      ] GC(339) - age   5:       2344 bytes,    1061008 total
[2023-02-09T15:02:15.124+0000][68][gc,age      ] GC(339) - age   6:      12080 bytes,    1073088 total
[2023-02-09T15:02:15.125+0000][68][gc,age      ] GC(339) - age   7:       8312 bytes,    1081400 total
[2023-02-09T15:02:15.128+0000][68][gc,age      ] GC(339) - age   8:      10824 bytes,    1092224 total
[2023-02-09T15:02:15.131+0000][68][gc,age      ] GC(339) - age   9:       1760 bytes,    1093984 total
[2023-02-09T15:02:15.132+0000][68][gc,age      ] GC(339) - age  10:         80 bytes,    1094064 total
[2023-02-09T15:02:15.133+0000][68][gc,age      ] GC(339) - age  11:       2160 bytes,    1096224 total
[2023-02-09T15:02:15.134+0000][68][gc,age      ] GC(339) - age  12:        376 bytes,    1096600 total
[2023-02-09T15:02:15.135+0000][68][gc,age      ] GC(339) - age  13:       2160 bytes,    1098760 total
[2023-02-09T15:02:15.136+0000][68][gc,age      ] GC(339) - age  14:        984 bytes,    1099744 total
[2023-02-09T15:02:15.138+0000][68][gc,age      ] GC(339) - age  15:      88912 bytes,    1188656 total
[2023-02-09T15:02:15.139+0000][68][gc,heap     ] GC(339) Eden regions: 21->0(22)
[2023-02-09T15:02:15.139+0000][68][gc,heap     ] GC(339) Survivor regions: 1->1(3)
[2023-02-09T15:02:15.142+0000][68][gc,heap     ] GC(339) Old regions: 26->26
[2023-02-09T15:02:15.143+0000][68][gc,heap     ] GC(339) Archive regions: 2->2
[2023-02-09T15:02:15.144+0000][68][gc,heap     ] GC(339) Humongous regions: 2->2
[2023-02-09T15:02:15.146+0000][68][gc,metaspace] GC(339) Metaspace: 142817K(145920K)->142817K(145920K) NonClass: 124653K(125888K)->124653K(125888K) Class: 18164K(20032K)->18164K(20032K)
[2023-02-09T15:02:15.147+0000][68][gc          ] GC(339) Pause Young (Concurrent Start) (G1 Evacuation Pause) 199M->115M(256M) 41.001ms
[2023-02-09T15:02:15.150+0000][68][gc,cpu      ] GC(339) User=0.00s Sys=0.01s Real=0.04s
[2023-02-09T15:02:15.150+0000][68][gc          ] GC(340) Concurrent Mark Cycle
[2023-02-09T15:02:15.157+0000][68][gc,marking  ] GC(340) Concurrent Clear Claimed Marks
[2023-02-09T15:02:15.153+0000][68][safepoint   ] Safepoint "G1CollectForAllocation", Time since last: 4753325997 ns, Reaching safepoint: 105659 ns, At safepoint: 46575619 ns, Total: 46681278 ns
[2023-02-09T15:02:15.159+0000][68][gc,marking  ] GC(340) Concurrent Clear Claimed Marks 1.252ms
[2023-02-09T15:02:15.164+0000][68][gc,marking  ] GC(340) Concurrent Scan Root Regions
[2023-02-09T15:02:15.172+0000][68][gc,marking  ] GC(340) Concurrent Scan Root Regions 7.341ms
[2023-02-09T15:02:15.173+0000][68][gc,marking  ] GC(340) Concurrent Mark
[2023-02-09T15:02:15.175+0000][68][gc,marking  ] GC(340) Concurrent Mark From Roots
[2023-02-09T15:02:15.177+0000][68][gc,task     ] GC(340) Using 1 workers of 1 for marking
[2023-02-09T15:02:15.439+0000][68][gc,marking  ] GC(340) Concurrent Mark From Roots 263.849ms
[2023-02-09T15:02:15.440+0000][68][gc,marking  ] GC(340) Concurrent Preclean
[2023-02-09T15:02:15.441+0000][68][gc,marking  ] GC(340) Concurrent Preclean 0.836ms
[2023-02-09T15:02:15.442+0000][68][gc,start    ] GC(340) Pause Remark
[2023-02-09T15:02:15.465+0000][68][gc          ] GC(340) Pause Remark 116M->116M(256M) 23.263ms
[2023-02-09T15:02:15.468+0000][68][gc,cpu      ] GC(340) User=0.05s Sys=0.01s Real=0.03s
[2023-02-09T15:02:15.469+0000][68][safepoint   ] Safepoint "G1PauseRemark", Time since last: 288674833 ns, Reaching safepoint: 141161 ns, At safepoint: 27132760 ns, Total: 27273921 ns
[2023-02-09T15:02:15.470+0000][68][gc,marking  ] GC(340) Concurrent Mark 296.884ms
[2023-02-09T15:02:15.470+0000][68][gc,marking  ] GC(340) Concurrent Rebuild Remembered Sets
[2023-02-09T15:02:15.568+0000][68][gc,marking  ] GC(340) Concurrent Rebuild Remembered Sets 97.977ms
[2023-02-09T15:02:15.569+0000][68][gc,start    ] GC(340) Pause Cleanup
[2023-02-09T15:02:15.570+0000][68][gc          ] GC(340) Pause Cleanup 117M->117M(256M) 0.752ms
[2023-02-09T15:02:15.571+0000][68][gc,cpu      ] GC(340) User=0.00s Sys=0.00s Real=0.00s
[2023-02-09T15:02:15.572+0000][68][safepoint   ] Safepoint "G1PauseCleanup", Time since last: 100485047 ns, Reaching safepoint: 83646 ns, At safepoint: 2307788 ns, Total: 2391434 ns
[2023-02-09T15:02:15.572+0000][68][gc,marking  ] GC(340) Concurrent Cleanup for Next Mark
[2023-02-09T15:02:15.573+0000][68][gc,marking  ] GC(340) Concurrent Cleanup for Next Mark 1.168ms
[2023-02-09T15:02:15.574+0000][68][gc          ] GC(340) Concurrent Mark Cycle 424.247ms
[2023-02-09T15:02:46.172+0000][68][gc,start    ] GC(341) Pause Young (Normal) (G1 Evacuation Pause)
[2023-02-09T15:02:46.174+0000][68][gc,task     ] GC(341) Using 4 workers of 4 for evacuation
[2023-02-09T15:02:46.175+0000][68][gc,age      ] GC(341) Desired survivor size 6291456 bytes, new threshold 15 (max threshold 15)
[2023-02-09T15:02:46.181+0000][68][gc,phases   ] GC(341)   Pre Evacuate Collection Set: 0.1ms
[2023-02-09T15:02:46.183+0000][68][gc,phases   ] GC(341)   Merge Heap Roots: 0.1ms
[2023-02-09T15:02:46.184+0000][68][gc,phases   ] GC(341)   Evacuate Collection Set: 2.6ms
[2023-02-09T15:02:46.185+0000][68][gc,phases   ] GC(341)   Post Evacuate Collection Set: 1.5ms
[2023-02-09T15:02:46.187+0000][68][gc,phases   ] GC(341)   Other: 3.2ms
[2023-02-09T15:02:46.188+0000][68][gc,age      ] GC(341) Age table with threshold 15 (max threshold 15)
[2023-02-09T15:02:46.189+0000][68][gc,age      ] GC(341) - age   1:     744000 bytes,     744000 total
[2023-02-09T15:02:46.190+0000][68][gc,age      ] GC(341) - age   2:     160200 bytes,     904200 total
[2023-02-09T15:02:46.191+0000][68][gc,age      ] GC(341) - age   3:      10256 bytes,     914456 total
[2023-02-09T15:02:46.192+0000][68][gc,age      ] GC(341) - age   4:     293816 bytes,    1208272 total
[2023-02-09T15:02:46.192+0000][68][gc,age      ] GC(341) - age   5:       3008 bytes,    1211280 total
[2023-02-09T15:02:46.193+0000][68][gc,age      ] GC(341) - age   6:       2168 bytes,    1213448 total
[2023-02-09T15:02:46.193+0000][68][gc,age      ] GC(341) - age   7:      12080 bytes,    1225528 total
[2023-02-09T15:02:46.194+0000][68][gc,age      ] GC(341) - age   8:       8312 bytes,    1233840 total
[2023-02-09T15:02:46.194+0000][68][gc,age      ] GC(341) - age   9:      10824 bytes,    1244664 total
[2023-02-09T15:02:46.195+0000][68][gc,age      ] GC(341) - age  10:       1760 bytes,    1246424 total
[2023-02-09T15:02:46.195+0000][68][gc,age      ] GC(341) - age  11:         80 bytes,    1246504 total
[2023-02-09T15:02:46.196+0000][68][gc,age      ] GC(341) - age  12:       2160 bytes,    1248664 total
[2023-02-09T15:02:46.196+0000][68][gc,age      ] GC(341) - age  13:        376 bytes,    1249040 total
[2023-02-09T15:02:46.197+0000][68][gc,age      ] GC(341) - age  14:       2160 bytes,    1251200 total
[2023-02-09T15:02:46.197+0000][68][gc,age      ] GC(341) - age  15:        984 bytes,    1252184 total
[2023-02-09T15:02:46.198+0000][68][gc,heap     ] GC(341) Eden regions: 22->0(22)
[2023-02-09T15:02:46.198+0000][68][gc,heap     ] GC(341) Survivor regions: 1->1(3)
[2023-02-09T15:02:46.199+0000][68][gc,heap     ] GC(341) Old regions: 26->26
[2023-02-09T15:02:46.200+0000][68][gc,heap     ] GC(341) Archive regions: 2->2
[2023-02-09T15:02:46.200+0000][68][gc,heap     ] GC(341) Humongous regions: 2->2
[2023-02-09T15:02:46.201+0000][68][gc,metaspace] GC(341) Metaspace: 142818K(145920K)->142818K(145920K) NonClass: 124654K(125888K)->124654K(125888K) Class: 18164K(20032K)->18164K(20032K)
[2023-02-09T15:02:46.201+0000][68][gc          ] GC(341) Pause Young (Normal) (G1 Evacuation Pause) 203M->115M(256M) 29.109ms
[2023-02-09T15:02:46.202+0000][68][gc,cpu      ] GC(341) User=0.01s Sys=0.00s Real=0.03s
[2023-02-09T15:02:46.202+0000][68][safepoint   ] Safepoint "G1CollectForAllocation", Time since last: 30621951053 ns, Reaching safepoint: 163684 ns, At safepoint: 30195067 ns, Total: 30358751 ns
[2023-02-09T15:02:51.188+0000][68][safepoint   ] Safepoint "Cleanup", Time since last: 5007727204 ns, Reaching safepoint: 106781 ns, At safepoint: 3435 ns, Total: 110216 ns
[2023-02-09T15:03:03.200+0000][68][safepoint   ] Safepoint "Cleanup", Time since last: 12012181576 ns, Reaching safepoint: 312872 ns, At safepoint: 12788 ns, Total: 325660 ns
[2023-02-09T15:03:04.204+0000][68][safepoint   ] Safepoint "Cleanup", Time since last: 1003140286 ns, Reaching safepoint: 219264 ns, At safepoint: 8282 ns, Total: 227546 ns
[2023-02-09T15:03:09.214+0000][68][safepoint   ] Safepoint "Cleanup", Time since last: 5010071055 ns, Reaching safepoint: 369244 ns, At safepoint: 17573 ns, Total: 386817 ns
[2023-02-09T15:03:09.655+0000][68][gc,start    ] GC(342) Pause Young (Concurrent Start) (G1 Evacuation Pause)
[2023-02-09T15:03:09.656+0000][68][gc,task     ] GC(342) Using 4 workers of 4 for evacuation
[2023-02-09T15:03:09.656+0000][68][gc,age      ] GC(342) Desired survivor size 6291456 bytes, new threshold 15 (max threshold 15)
[2023-02-09T15:03:09.660+0000][68][gc,phases   ] GC(342)   Pre Evacuate Collection Set: 0.4ms
[2023-02-09T15:03:09.660+0000][68][gc,phases   ] GC(342)   Merge Heap Roots: 0.1ms
[2023-02-09T15:03:09.661+0000][68][gc,phases   ] GC(342)   Evacuate Collection Set: 1.5ms
[2023-02-09T15:03:09.661+0000][68][gc,phases   ] GC(342)   Post Evacuate Collection Set: 0.6ms
[2023-02-09T15:03:09.662+0000][68][gc,phases   ] GC(342)   Other: 1.3ms
[2023-02-09T15:03:09.663+0000][68][gc,age      ] GC(342) Age table with threshold 15 (max threshold 15)
[2023-02-09T15:03:09.663+0000][68][gc,age      ] GC(342) - age   1:     926592 bytes,     926592 total
[2023-02-09T15:03:09.664+0000][68][gc,age      ] GC(342) - age   2:     150480 bytes,    1077072 total
[2023-02-09T15:03:09.664+0000][68][gc,age      ] GC(342) - age   3:       1296 bytes,    1078368 total
[2023-02-09T15:03:09.665+0000][68][gc,age      ] GC(342) - age   4:       6072 bytes,    1084440 total
[2023-02-09T15:03:09.666+0000][68][gc,age      ] GC(342) - age   5:     293752 bytes,    1378192 total
[2023-02-09T15:03:09.666+0000][68][gc,age      ] GC(342) - age   6:       3008 bytes,    1381200 total
[2023-02-09T15:03:09.667+0000][68][gc,age      ] GC(342) - age   7:       2168 bytes,    1383368 total
[2023-02-09T15:03:09.667+0000][68][gc,age      ] GC(342) - age   8:      12080 bytes,    1395448 total
[2023-02-09T15:03:09.668+0000][68][gc,age      ] GC(342) - age   9:       8016 bytes,    1403464 total
[2023-02-09T15:03:09.669+0000][68][gc,age      ] GC(342) - age  10:      10824 bytes,    1414288 total
[2023-02-09T15:03:09.670+0000][68][gc,age      ] GC(342) - age  11:       1760 bytes,    1416048 total
[2023-02-09T15:03:09.670+0000][68][gc,age      ] GC(342) - age  12:         80 bytes,    1416128 total
[2023-02-09T15:03:09.671+0000][68][gc,age      ] GC(342) - age  13:       2160 bytes,    1418288 total
[2023-02-09T15:03:09.671+0000][68][gc,age      ] GC(342) - age  14:        376 bytes,    1418664 total
[2023-02-09T15:03:09.672+0000][68][gc,age      ] GC(342) - age  15:       2160 bytes,    1420824 total
[2023-02-09T15:03:09.672+0000][68][gc,heap     ] GC(342) Eden regions: 22->0(22)
[2023-02-09T15:03:09.673+0000][68][gc,heap     ] GC(342) Survivor regions: 1->1(3)
[2023-02-09T15:03:09.673+0000][68][gc,heap     ] GC(342) Old regions: 26->26
[2023-02-09T15:03:09.674+0000][68][gc,heap     ] GC(342) Archive regions: 2->2
[2023-02-09T15:03:09.674+0000][68][gc,heap     ] GC(342) Humongous regions: 2->2
[2023-02-09T15:03:09.675+0000][68][gc,metaspace] GC(342) Metaspace: 142819K(145920K)->142819K(145920K) NonClass: 124655K(125888K)->124655K(125888K) Class: 18164K(20032K)->18164K(20032K)
[2023-02-09T15:03:09.675+0000][68][gc          ] GC(342) Pause Young (Concurrent Start) (G1 Evacuation Pause) 203M->115M(256M) 20.273ms
[2023-02-09T15:03:09.676+0000][68][gc,cpu      ] GC(342) User=0.01s Sys=0.00s Real=0.02s
[2023-02-09T15:03:09.676+0000][68][gc          ] GC(343) Concurrent Mark Cycle
[2023-02-09T15:03:09.677+0000][68][gc,marking  ] GC(343) Concurrent Clear Claimed Marks
[2023-02-09T15:03:09.676+0000][68][safepoint   ] Safepoint "G1CollectForAllocation", Time since last: 440573077 ns, Reaching safepoint: 70183 ns, At safepoint: 21425706 ns, Total: 21495889 ns
[2023-02-09T15:03:09.677+0000][68][gc,marking  ] GC(343) Concurrent Clear Claimed Marks 0.668ms
[2023-02-09T15:03:09.678+0000][68][gc,marking  ] GC(343) Concurrent Scan Root Regions
[2023-02-09T15:03:09.680+0000][68][gc,marking  ] GC(343) Concurrent Scan Root Regions 2.177ms
[2023-02-09T15:03:09.681+0000][68][gc,marking  ] GC(343) Concurrent Mark
[2023-02-09T15:03:09.682+0000][68][gc,marking  ] GC(343) Concurrent Mark From Roots
[2023-02-09T15:03:09.682+0000][68][gc,task     ] GC(343) Using 1 workers of 1 for marking
[2023-02-09T15:03:09.792+0000][68][gc,marking  ] GC(343) Concurrent Mark From Roots 109.608ms
[2023-02-09T15:03:09.792+0000][68][gc,marking  ] GC(343) Concurrent Preclean
[2023-02-09T15:03:09.793+0000][68][gc,marking  ] GC(343) Concurrent Preclean 0.866ms
[2023-02-09T15:03:09.794+0000][68][gc,start    ] GC(343) Pause Remark
[2023-02-09T15:03:09.804+0000][68][gc          ] GC(343) Pause Remark 116M->116M(256M) 9.922ms
[2023-02-09T15:03:09.804+0000][68][gc,cpu      ] GC(343) User=0.03s Sys=0.00s Real=0.01s
[2023-02-09T15:03:09.805+0000][68][safepoint   ] Safepoint "G1PauseRemark", Time since last: 117067194 ns, Reaching safepoint: 245994 ns, At safepoint: 11186299 ns, Total: 11432293 ns
[2023-02-09T15:03:09.806+0000][68][gc,marking  ] GC(343) Concurrent Mark 124.852ms
[2023-02-09T15:03:09.806+0000][68][gc,marking  ] GC(343) Concurrent Rebuild Remembered Sets
[2023-02-09T15:03:09.855+0000][68][gc,marking  ] GC(343) Concurrent Rebuild Remembered Sets 48.745ms
[2023-02-09T15:03:09.856+0000][68][gc,start    ] GC(343) Pause Cleanup
[2023-02-09T15:03:09.857+0000][68][gc          ] GC(343) Pause Cleanup 116M->116M(256M) 0.765ms
[2023-02-09T15:03:09.858+0000][68][gc,cpu      ] GC(343) User=0.00s Sys=0.00s Real=0.00s
[2023-02-09T15:03:09.859+0000][68][safepoint   ] Safepoint "G1PauseCleanup", Time since last: 51473606 ns, Reaching safepoint: 141491 ns, At safepoint: 2260570 ns, Total: 2402061 ns
[2023-02-09T15:03:09.859+0000][68][gc,marking  ] GC(343) Concurrent Cleanup for Next Mark
[2023-02-09T15:03:09.860+0000][68][gc,marking  ] GC(343) Concurrent Cleanup for Next Mark 0.678ms
[2023-02-09T15:03:09.861+0000][68][gc          ] GC(343) Concurrent Mark Cycle 184.893ms
[2023-02-09T15:03:38.868+0000][68][gc,start    ] GC(344) Pause Young (Normal) (G1 Evacuation Pause)
[2023-02-09T15:03:38.870+0000][68][gc,task     ] GC(344) Using 4 workers of 4 for evacuation
[2023-02-09T15:03:38.872+0000][68][gc,age      ] GC(344) Desired survivor size 6291456 bytes, new threshold 15 (max threshold 15)
[2023-02-09T15:03:38.880+0000][68][gc,phases   ] GC(344)   Pre Evacuate Collection Set: 0.5ms
[2023-02-09T15:03:38.880+0000][68][gc,phases   ] GC(344)   Merge Heap Roots: 0.3ms
[2023-02-09T15:03:38.882+0000][68][gc,phases   ] GC(344)   Evacuate Collection Set: 3.3ms
[2023-02-09T15:03:38.883+0000][68][gc,phases   ] GC(344)   Post Evacuate Collection Set: 1.8ms
[2023-02-09T15:03:38.883+0000][68][gc,phases   ] GC(344)   Other: 3.5ms
[2023-02-09T15:03:38.884+0000][68][gc,age      ] GC(344) Age table with threshold 15 (max threshold 15)
[2023-02-09T15:03:38.885+0000][68][gc,age      ] GC(344) - age   1:    1303120 bytes,    1303120 total
[2023-02-09T15:03:38.886+0000][68][gc,age      ] GC(344) - age   2:     141392 bytes,    1444512 total
[2023-02-09T15:03:38.887+0000][68][gc,age      ] GC(344) - age   3:       1216 bytes,    1445728 total
[2023-02-09T15:03:38.888+0000][68][gc,age      ] GC(344) - age   4:       1104 bytes,    1446832 total
[2023-02-09T15:03:38.889+0000][68][gc,age      ] GC(344) - age   5:       6072 bytes,    1452904 total
[2023-02-09T15:03:38.889+0000][68][gc,age      ] GC(344) - age   6:     293688 bytes,    1746592 total
[2023-02-09T15:03:38.890+0000][68][gc,age      ] GC(344) - age   7:       3008 bytes,    1749600 total
[2023-02-09T15:03:38.890+0000][68][gc,age      ] GC(344) - age   8:       2168 bytes,    1751768 total
[2023-02-09T15:03:38.891+0000][68][gc,age      ] GC(344) - age   9:      12080 bytes,    1763848 total
[2023-02-09T15:03:38.892+0000][68][gc,age      ] GC(344) - age  10:       8016 bytes,    1771864 total
[2023-02-09T15:03:38.893+0000][68][gc,age      ] GC(344) - age  11:      10824 bytes,    1782688 total
[2023-02-09T15:03:38.893+0000][68][gc,age      ] GC(344) - age  12:       1552 bytes,    1784240 total
[2023-02-09T15:03:38.894+0000][68][gc,age      ] GC(344) - age  13:         80 bytes,    1784320 total
[2023-02-09T15:03:38.894+0000][68][gc,age      ] GC(344) - age  14:       2160 bytes,    1786480 total
[2023-02-09T15:03:38.895+0000][68][gc,age      ] GC(344) - age  15:        376 bytes,    1786856 total
[2023-02-09T15:03:38.896+0000][68][gc,heap     ] GC(344) Eden regions: 22->0(22)
[2023-02-09T15:03:38.896+0000][68][gc,heap     ] GC(344) Survivor regions: 1->1(3)
[2023-02-09T15:03:38.897+0000][68][gc,heap     ] GC(344) Old regions: 26->26
[2023-02-09T15:03:38.897+0000][68][gc,heap     ] GC(344) Archive regions: 2->2
[2023-02-09T15:03:38.898+0000][68][gc,heap     ] GC(344) Humongous regions: 2->2
[2023-02-09T15:03:38.898+0000][68][gc,metaspace] GC(344) Metaspace: 142819K(145920K)->142819K(145920K) NonClass: 124655K(125888K)->124655K(125888K) Class: 18164K(20032K)->18164K(20032K)
[2023-02-09T15:03:38.899+0000][68][gc          ] GC(344) Pause Young (Normal) (G1 Evacuation Pause) 203M->115M(256M) 30.669ms
[2023-02-09T15:03:38.899+0000][68][gc,cpu      ] GC(344) User=0.02s Sys=0.00s Real=0.03s
[2023-02-09T15:03:38.900+0000][68][safepoint   ] Safepoint "G1CollectForAllocation", Time since last: 29029545517 ns, Reaching safepoint: 253607 ns, At safepoint: 32056031 ns, Total: 32309638 ns
[2023-02-09T15:03:50.889+0000][68][safepoint   ] Safepoint "Cleanup", Time since last: 12010829559 ns, Reaching safepoint: 110628 ns, At safepoint: 5072 ns, Total: 115700 ns
[2023-02-09T15:04:08.507+0000][68][gc,start    ] GC(345) Pause Young (Concurrent Start) (G1 Evacuation Pause)
[2023-02-09T15:04:08.508+0000][68][gc,task     ] GC(345) Using 4 workers of 4 for evacuation
[2023-02-09T15:04:08.509+0000][68][gc,age      ] GC(345) Desired survivor size 6291456 bytes, new threshold 15 (max threshold 15)
[2023-02-09T15:04:08.513+0000][68][gc,phases   ] GC(345)   Pre Evacuate Collection Set: 0.4ms
[2023-02-09T15:04:08.514+0000][68][gc,phases   ] GC(345)   Merge Heap Roots: 0.1ms
[2023-02-09T15:04:08.515+0000][68][gc,phases   ] GC(345)   Evacuate Collection Set: 2.2ms
[2023-02-09T15:04:08.515+0000][68][gc,phases   ] GC(345)   Post Evacuate Collection Set: 0.8ms
[2023-02-09T15:04:08.516+0000][68][gc,phases   ] GC(345)   Other: 1.8ms
[2023-02-09T15:04:08.516+0000][68][gc,age      ] GC(345) Age table with threshold 15 (max threshold 15)
[2023-02-09T15:04:08.517+0000][68][gc,age      ] GC(345) - age   1:    1459432 bytes,    1459432 total
[2023-02-09T15:04:08.517+0000][68][gc,age      ] GC(345) - age   2:     131560 bytes,    1590992 total
[2023-02-09T15:04:08.518+0000][68][gc,age      ] GC(345) - age   3:      10952 bytes,    1601944 total
[2023-02-09T15:04:08.518+0000][68][gc,age      ] GC(345) - age   4:        896 bytes,    1602840 total
[2023-02-09T15:04:08.519+0000][68][gc,age      ] GC(345) - age   5:       1040 bytes,    1603880 total
[2023-02-09T15:04:08.520+0000][68][gc,age      ] GC(345) - age   6:       5648 bytes,    1609528 total
[2023-02-09T15:04:08.521+0000][68][gc,age      ] GC(345) - age   7:     293688 bytes,    1903216 total
[2023-02-09T15:04:08.521+0000][68][gc,age      ] GC(345) - age   8:       2944 bytes,    1906160 total
[2023-02-09T15:04:08.522+0000][68][gc,age      ] GC(345) - age   9:       2168 bytes,    1908328 total
[2023-02-09T15:04:08.523+0000][68][gc,age      ] GC(345) - age  10:      12080 bytes,    1920408 total
[2023-02-09T15:04:08.523+0000][68][gc,age      ] GC(345) - age  12:      10824 bytes,    1931232 total
[2023-02-09T15:04:08.524+0000][68][gc,age      ] GC(345) - age  13:       1552 bytes,    1932784 total
[2023-02-09T15:04:08.525+0000][68][gc,age      ] GC(345) - age  14:         80 bytes,    1932864 total
[2023-02-09T15:04:08.525+0000][68][gc,age      ] GC(345) - age  15:       2160 bytes,    1935024 total
[2023-02-09T15:04:08.526+0000][68][gc,heap     ] GC(345) Eden regions: 22->0(22)
[2023-02-09T15:04:08.526+0000][68][gc,heap     ] GC(345) Survivor regions: 1->1(3)
[2023-02-09T15:04:08.527+0000][68][gc,heap     ] GC(345) Old regions: 26->26
[2023-02-09T15:04:08.527+0000][68][gc,heap     ] GC(345) Archive regions: 2->2
[2023-02-09T15:04:08.528+0000][68][gc,heap     ] GC(345) Humongous regions: 2->2
[2023-02-09T15:04:08.528+0000][68][gc,metaspace] GC(345) Metaspace: 142822K(145920K)->142822K(145920K) NonClass: 124657K(125888K)->124657K(125888K) Class: 18164K(20032K)->18164K(20032K)
[2023-02-09T15:04:08.529+0000][68][gc          ] GC(345) Pause Young (Concurrent Start) (G1 Evacuation Pause) 203M->115M(256M) 21.808ms
[2023-02-09T15:04:08.529+0000][68][gc          ] GC(346) Concurrent Mark Cycle
[2023-02-09T15:04:08.529+0000][68][gc,marking  ] GC(346) Concurrent Clear Claimed Marks
[2023-02-09T15:04:08.529+0000][68][gc,cpu      ] GC(345) User=0.01s Sys=0.00s Real=0.03s
[2023-02-09T15:04:08.530+0000][68][gc,marking  ] GC(346) Concurrent Clear Claimed Marks 0.943ms
[2023-02-09T15:04:08.531+0000][68][gc,marking  ] GC(346) Concurrent Scan Root Regions
[2023-02-09T15:04:08.531+0000][68][safepoint   ] Safepoint "G1CollectForAllocation", Time since last: 17617380669 ns, Reaching safepoint: 125201 ns, At safepoint: 23856497 ns, Total: 23981698 ns
[2023-02-09T15:04:08.534+0000][68][gc,marking  ] GC(346) Concurrent Scan Root Regions 2.964ms
[2023-02-09T15:04:08.535+0000][68][gc,marking  ] GC(346) Concurrent Mark
[2023-02-09T15:04:08.536+0000][68][gc,marking  ] GC(346) Concurrent Mark From Roots
[2023-02-09T15:04:08.537+0000][68][gc,task     ] GC(346) Using 1 workers of 1 for marking
[2023-02-09T15:04:08.680+0000][68][gc,marking  ] GC(346) Concurrent Mark From Roots 144.648ms
[2023-02-09T15:04:08.681+0000][68][gc,marking  ] GC(346) Concurrent Preclean
[2023-02-09T15:04:08.682+0000][68][gc,marking  ] GC(346) Concurrent Preclean 0.668ms
[2023-02-09T15:04:08.682+0000][68][gc,start    ] GC(346) Pause Remark
[2023-02-09T15:04:08.691+0000][68][gc          ] GC(346) Pause Remark 118M->118M(256M) 8.789ms
[2023-02-09T15:04:08.692+0000][68][gc,cpu      ] GC(346) User=0.03s Sys=0.00s Real=0.01s
[2023-02-09T15:04:08.692+0000][68][safepoint   ] Safepoint "G1PauseRemark", Time since last: 151697013 ns, Reaching safepoint: 92113 ns, At safepoint: 10012174 ns, Total: 10104287 ns
[2023-02-09T15:04:08.693+0000][68][gc,marking  ] GC(346) Concurrent Mark 158.218ms
[2023-02-09T15:04:08.694+0000][68][gc,marking  ] GC(346) Concurrent Rebuild Remembered Sets
[2023-02-09T15:04:08.782+0000][68][gc,marking  ] GC(346) Concurrent Rebuild Remembered Sets 88.317ms
[2023-02-09T15:04:08.783+0000][68][gc,start    ] GC(346) Pause Cleanup
[2023-02-09T15:04:08.784+0000][68][gc          ] GC(346) Pause Cleanup 120M->120M(256M) 0.720ms
[2023-02-09T15:04:08.784+0000][68][gc,cpu      ] GC(346) User=0.00s Sys=0.00s Real=0.00s
[2023-02-09T15:04:08.784+0000][68][safepoint   ] Safepoint "G1PauseCleanup", Time since last: 90247239 ns, Reaching safepoint: 226094 ns, At safepoint: 1534013 ns, Total: 1760107 ns
[2023-02-09T15:04:08.787+0000][68][gc,marking  ] GC(346) Concurrent Cleanup for Next Mark
[2023-02-09T15:04:08.788+0000][68][gc,marking  ] GC(346) Concurrent Cleanup for Next Mark 0.911ms
[2023-02-09T15:04:08.789+0000][68][gc          ] GC(346) Concurrent Mark Cycle 259.563ms
[2023-02-09T15:04:20.773+0000][68][safepoint   ] Safepoint "Cleanup", Time since last: 12009534257 ns, Reaching safepoint: 162021 ns, At safepoint: 3745 ns, Total: 165766 ns
[2023-02-09T15:04:22.775+0000][68][safepoint   ] Safepoint "Cleanup", Time since last: 2002217316 ns, Reaching safepoint: 681470 ns, At safepoint: 13956 ns, Total: 695426 ns
[2023-02-09T15:04:27.784+0000][68][safepoint   ] Safepoint "Cleanup", Time since last: 5007664912 ns, Reaching safepoint: 725860 ns, At safepoint: 39261 ns, Total: 765121 ns
[2023-02-09T15:04:32.791+0000][68][safepoint   ] Safepoint "Cleanup", Time since last: 5006824752 ns, Reaching safepoint: 219549 ns, At safepoint: 55579 ns, Total: 275128 ns
[2023-02-09T15:04:38.469+0000][68][gc,start    ] GC(347) Pause Young (Normal) (G1 Evacuation Pause)
[2023-02-09T15:04:38.471+0000][68][gc,task     ] GC(347) Using 4 workers of 4 for evacuation
[2023-02-09T15:04:38.472+0000][68][gc,age      ] GC(347) Desired survivor size 6291456 bytes, new threshold 15 (max threshold 15)
[2023-02-09T15:04:38.480+0000][68][gc,phases   ] GC(347)   Pre Evacuate Collection Set: 0.2ms
[2023-02-09T15:04:38.481+0000][68][gc,phases   ] GC(347)   Merge Heap Roots: 0.1ms
[2023-02-09T15:04:38.481+0000][68][gc,phases   ] GC(347)   Evacuate Collection Set: 4.5ms
[2023-02-09T15:04:38.482+0000][68][gc,phases   ] GC(347)   Post Evacuate Collection Set: 1.5ms
[2023-02-09T15:04:38.483+0000][68][gc,phases   ] GC(347)   Other: 2.3ms
[2023-02-09T15:04:38.484+0000][68][gc,age      ] GC(347) Age table with threshold 15 (max threshold 15)
[2023-02-09T15:04:38.485+0000][68][gc,age      ] GC(347) - age   1:    1305048 bytes,    1305048 total
[2023-02-09T15:04:38.486+0000][68][gc,age      ] GC(347) - age   2:     169304 bytes,    1474352 total
[2023-02-09T15:04:38.487+0000][68][gc,age      ] GC(347) - age   3:       2848 bytes,    1477200 total
[2023-02-09T15:04:38.487+0000][68][gc,age      ] GC(347) - age   4:      10824 bytes,    1488024 total
[2023-02-09T15:04:38.489+0000][68][gc,age      ] GC(347) - age   5:        656 bytes,    1488680 total
[2023-02-09T15:04:38.490+0000][68][gc,age      ] GC(347) - age   6:       1040 bytes,    1489720 total
[2023-02-09T15:04:38.491+0000][68][gc,age      ] GC(347) - age   7:       5648 bytes,    1495368 total
[2023-02-09T15:04:38.492+0000][68][gc,age      ] GC(347) - age   8:     293656 bytes,    1789024 total
[2023-02-09T15:04:38.493+0000][68][gc,age      ] GC(347) - age   9:       2944 bytes,    1791968 total
[2023-02-09T15:04:38.493+0000][68][gc,age      ] GC(347) - age  10:       1984 bytes,    1793952 total
[2023-02-09T15:04:38.495+0000][68][gc,age      ] GC(347) - age  11:      12080 bytes,    1806032 total
[2023-02-09T15:04:38.496+0000][68][gc,age      ] GC(347) - age  13:      10528 bytes,    1816560 total
[2023-02-09T15:04:38.497+0000][68][gc,age      ] GC(347) - age  14:       1552 bytes,    1818112 total
[2023-02-09T15:04:38.498+0000][68][gc,age      ] GC(347) - age  15:         80 bytes,    1818192 total
[2023-02-09T15:04:38.499+0000][68][gc,heap     ] GC(347) Eden regions: 22->0(22)
[2023-02-09T15:04:38.500+0000][68][gc,heap     ] GC(347) Survivor regions: 1->1(3)
[2023-02-09T15:04:38.500+0000][68][gc,heap     ] GC(347) Old regions: 26->26
[2023-02-09T15:04:38.501+0000][68][gc,heap     ] GC(347) Archive regions: 2->2
[2023-02-09T15:04:38.502+0000][68][gc,heap     ] GC(347) Humongous regions: 2->2
[2023-02-09T15:04:38.502+0000][68][gc,metaspace] GC(347) Metaspace: 142822K(145920K)->142822K(145920K) NonClass: 124657K(125888K)->124657K(125888K) Class: 18164K(20032K)->18164K(20032K)
[2023-02-09T15:04:38.503+0000][68][gc          ] GC(347) Pause Young (Normal) (G1 Evacuation Pause) 203M->115M(256M) 33.752ms
[2023-02-09T15:04:38.504+0000][68][gc,cpu      ] GC(347) User=0.02s Sys=0.00s Real=0.03s
[2023-02-09T15:04:38.504+0000][68][safepoint   ] Safepoint "G1CollectForAllocation", Time since last: 5678014686 ns, Reaching safepoint: 235597 ns, At safepoint: 35183243 ns, Total: 35418840 ns
[2023-02-09T15:05:02.456+0000][68][gc,start    ] GC(348) Pause Young (Concurrent Start) (G1 Evacuation Pause)
[2023-02-09T15:05:02.458+0000][68][gc,task     ] GC(348) Using 4 workers of 4 for evacuation
[2023-02-09T15:05:02.459+0000][68][gc,age      ] GC(348) Desired survivor size 6291456 bytes, new threshold 15 (max threshold 15)
[2023-02-09T15:05:02.464+0000][68][gc,phases   ] GC(348)   Pre Evacuate Collection Set: 0.6ms
[2023-02-09T15:05:02.465+0000][68][gc,phases   ] GC(348)   Merge Heap Roots: 0.2ms
[2023-02-09T15:05:02.466+0000][68][gc,phases   ] GC(348)   Evacuate Collection Set: 2.2ms
[2023-02-09T15:05:02.467+0000][68][gc,phases   ] GC(348)   Post Evacuate Collection Set: 1.4ms
[2023-02-09T15:05:02.467+0000][68][gc,phases   ] GC(348)   Other: 2.2ms
[2023-02-09T15:05:02.468+0000][68][gc,age      ] GC(348) Age table with threshold 15 (max threshold 15)
[2023-02-09T15:05:02.468+0000][68][gc,age      ] GC(348) - age   1:    1404776 bytes,    1404776 total
[2023-02-09T15:05:02.469+0000][68][gc,age      ] GC(348) - age   2:     201016 bytes,    1605792 total
[2023-02-09T15:05:02.470+0000][68][gc,age      ] GC(348) - age   3:      20784 bytes,    1626576 total
[2023-02-09T15:05:02.470+0000][68][gc,age      ] GC(348) - age   4:       2632 bytes,    1629208 total
[2023-02-09T15:05:02.471+0000][68][gc,age      ] GC(348) - age   5:      10800 bytes,    1640008 total
[2023-02-09T15:05:02.471+0000][68][gc,age      ] GC(348) - age   6:        656 bytes,    1640664 total
[2023-02-09T15:05:02.472+0000][68][gc,age      ] GC(348) - age   7:       1040 bytes,    1641704 total
[2023-02-09T15:05:02.473+0000][68][gc,age      ] GC(348) - age   8:       5368 bytes,    1647072 total
[2023-02-09T15:05:02.474+0000][68][gc,age      ] GC(348) - age   9:     293656 bytes,    1940728 total
[2023-02-09T15:05:02.475+0000][68][gc,age      ] GC(348) - age  10:       2944 bytes,    1943672 total
[2023-02-09T15:05:02.476+0000][68][gc,age      ] GC(348) - age  11:       1984 bytes,    1945656 total
[2023-02-09T15:05:02.477+0000][68][gc,age      ] GC(348) - age  12:      12080 bytes,    1957736 total
[2023-02-09T15:05:02.478+0000][68][gc,age      ] GC(348) - age  14:      10488 bytes,    1968224 total
[2023-02-09T15:05:02.479+0000][68][gc,age      ] GC(348) - age  15:       1552 bytes,    1969776 total
[2023-02-09T15:05:02.479+0000][68][gc,heap     ] GC(348) Eden regions: 22->0(22)
[2023-02-09T15:05:02.480+0000][68][gc,heap     ] GC(348) Survivor regions: 1->1(3)
[2023-02-09T15:05:02.480+0000][68][gc,heap     ] GC(348) Old regions: 26->26
[2023-02-09T15:05:02.481+0000][68][gc,heap     ] GC(348) Archive regions: 2->2
[2023-02-09T15:05:02.481+0000][68][gc,heap     ] GC(348) Humongous regions: 2->2
[2023-02-09T15:05:02.481+0000][68][gc,metaspace] GC(348) Metaspace: 142822K(145920K)->142822K(145920K) NonClass: 124657K(125888K)->124657K(125888K) Class: 18164K(20032K)->18164K(20032K)
[2023-02-09T15:05:02.482+0000][68][gc          ] GC(348) Pause Young (Concurrent Start) (G1 Evacuation Pause) 203M->115M(256M) 25.897ms
[2023-02-09T15:05:02.483+0000][68][gc          ] GC(349) Concurrent Mark Cycle
[2023-02-09T15:05:02.483+0000][68][gc,marking  ] GC(349) Concurrent Clear Claimed Marks
[2023-02-09T15:05:02.483+0000][68][gc,cpu      ] GC(348) User=0.01s Sys=0.00s Real=0.02s
[2023-02-09T15:05:02.484+0000][68][gc,marking  ] GC(349) Concurrent Clear Claimed Marks 0.673ms
[2023-02-09T15:05:02.484+0000][68][safepoint   ] Safepoint "G1CollectForAllocation", Time since last: 23973158746 ns, Reaching safepoint: 408044 ns, At safepoint: 28019939 ns, Total: 28427983 ns
[2023-02-09T15:05:02.485+0000][68][gc,marking  ] GC(349) Concurrent Scan Root Regions
[2023-02-09T15:05:02.490+0000][68][gc,marking  ] GC(349) Concurrent Scan Root Regions 5.776ms
[2023-02-09T15:05:02.491+0000][68][gc,marking  ] GC(349) Concurrent Mark
[2023-02-09T15:05:02.491+0000][68][gc,marking  ] GC(349) Concurrent Mark From Roots
[2023-02-09T15:05:02.492+0000][68][gc,task     ] GC(349) Using 1 workers of 1 for marking
[2023-02-09T15:05:02.620+0000][68][gc,marking  ] GC(349) Concurrent Mark From Roots 128.066ms
[2023-02-09T15:05:02.620+0000][68][gc,marking  ] GC(349) Concurrent Preclean
[2023-02-09T15:05:02.621+0000][68][gc,marking  ] GC(349) Concurrent Preclean 0.991ms
[2023-02-09T15:05:02.622+0000][68][gc,start    ] GC(349) Pause Remark
[2023-02-09T15:05:02.634+0000][68][gc          ] GC(349) Pause Remark 120M->120M(256M) 11.755ms
[2023-02-09T15:05:02.635+0000][68][gc,cpu      ] GC(349) User=0.04s Sys=0.01s Real=0.01s
[2023-02-09T15:05:02.636+0000][68][safepoint   ] Safepoint "G1PauseRemark", Time since last: 137707915 ns, Reaching safepoint: 295939 ns, At safepoint: 13475023 ns, Total: 13770962 ns
[2023-02-09T15:05:02.636+0000][68][gc,marking  ] GC(349) Concurrent Mark 145.249ms
[2023-02-09T15:05:02.637+0000][68][gc,marking  ] GC(349) Concurrent Rebuild Remembered Sets
[2023-02-09T15:05:02.712+0000][68][gc,marking  ] GC(349) Concurrent Rebuild Remembered Sets 75.411ms
[2023-02-09T15:05:02.714+0000][68][gc,start    ] GC(349) Pause Cleanup
[2023-02-09T15:05:02.715+0000][68][gc          ] GC(349) Pause Cleanup 120M->120M(256M) 1.380ms
[2023-02-09T15:05:02.716+0000][68][gc,cpu      ] GC(349) User=0.00s Sys=0.00s Real=0.01s
[2023-02-09T15:05:02.717+0000][68][safepoint   ] Safepoint "G1PauseCleanup", Time since last: 77723639 ns, Reaching safepoint: 170536 ns, At safepoint: 3549987 ns, Total: 3720523 ns
[2023-02-09T15:05:02.718+0000][68][gc,marking  ] GC(349) Concurrent Cleanup for Next Mark
[2023-02-09T15:05:02.719+0000][68][gc,marking  ] GC(349) Concurrent Cleanup for Next Mark 1.454ms
[2023-02-09T15:05:02.721+0000][68][gc          ] GC(349) Concurrent Mark Cycle 238.756ms
[2023-02-09T15:05:27.243+0000][68][gc,start    ] GC(350) Pause Young (Normal) (G1 Evacuation Pause)
[2023-02-09T15:05:27.244+0000][68][gc,task     ] GC(350) Using 4 workers of 4 for evacuation
[2023-02-09T15:05:27.245+0000][68][gc,age      ] GC(350) Desired survivor size 6291456 bytes, new threshold 15 (max threshold 15)
[2023-02-09T15:05:27.250+0000][68][gc,phases   ] GC(350)   Pre Evacuate Collection Set: 0.1ms
[2023-02-09T15:05:27.251+0000][68][gc,phases   ] GC(350)   Merge Heap Roots: 0.1ms
[2023-02-09T15:05:27.252+0000][68][gc,phases   ] GC(350)   Evacuate Collection Set: 3.2ms
[2023-02-09T15:05:27.252+0000][68][gc,phases   ] GC(350)   Post Evacuate Collection Set: 1.4ms
[2023-02-09T15:05:27.253+0000][68][gc,phases   ] GC(350)   Other: 1.7ms
[2023-02-09T15:05:27.254+0000][68][gc,age      ] GC(350) Age table with threshold 15 (max threshold 15)
[2023-02-09T15:05:27.254+0000][68][gc,age      ] GC(350) - age   1:    2065912 bytes,    2065912 total
[2023-02-09T15:05:27.255+0000][68][gc,age      ] GC(350) - age   2:     139896 bytes,    2205808 total
[2023-02-09T15:05:27.256+0000][68][gc,age      ] GC(350) - age   3:      84224 bytes,    2290032 total
[2023-02-09T15:05:27.256+0000][68][gc,age      ] GC(350) - age   4:      20400 bytes,    2310432 total
[2023-02-09T15:05:27.257+0000][68][gc,age      ] GC(350) - age   5:       2440 bytes,    2312872 total
[2023-02-09T15:05:27.258+0000][68][gc,age      ] GC(350) - age   6:      10800 bytes,    2323672 total
[2023-02-09T15:05:27.259+0000][68][gc,age      ] GC(350) - age   7:        656 bytes,    2324328 total
[2023-02-09T15:05:27.260+0000][68][gc,age      ] GC(350) - age   8:       1040 bytes,    2325368 total
[2023-02-09T15:05:27.260+0000][68][gc,age      ] GC(350) - age   9:       5368 bytes,    2330736 total
[2023-02-09T15:05:27.261+0000][68][gc,age      ] GC(350) - age  10:     293656 bytes,    2624392 total
[2023-02-09T15:05:27.262+0000][68][gc,age      ] GC(350) - age  11:       2944 bytes,    2627336 total
[2023-02-09T15:05:27.262+0000][68][gc,age      ] GC(350) - age  12:       1984 bytes,    2629320 total
[2023-02-09T15:05:27.263+0000][68][gc,age      ] GC(350) - age  13:      12080 bytes,    2641400 total
[2023-02-09T15:05:27.263+0000][68][gc,age      ] GC(350) - age  15:      10488 bytes,    2651888 total
[2023-02-09T15:05:27.264+0000][68][gc,heap     ] GC(350) Eden regions: 22->0(21)
[2023-02-09T15:05:27.264+0000][68][gc,heap     ] GC(350) Survivor regions: 1->1(3)
[2023-02-09T15:05:27.265+0000][68][gc,heap     ] GC(350) Old regions: 26->26
[2023-02-09T15:05:27.265+0000][68][gc,heap     ] GC(350) Archive regions: 2->2
[2023-02-09T15:05:27.266+0000][68][gc,heap     ] GC(350) Humongous regions: 2->2
[2023-02-09T15:05:27.266+0000][68][gc,metaspace] GC(350) Metaspace: 142824K(145920K)->142824K(145920K) NonClass: 124659K(125888K)->124659K(125888K) Class: 18164K(20032K)->18164K(20032K)
[2023-02-09T15:05:27.266+0000][68][gc          ] GC(350) Pause Young (Normal) (G1 Evacuation Pause) 203M->116M(256M) 23.755ms
[2023-02-09T15:05:27.267+0000][68][gc,cpu      ] GC(350) User=0.00s Sys=0.01s Real=0.03s
[2023-02-09T15:05:27.268+0000][68][safepoint   ] Safepoint "G1CollectForAllocation", Time since last: 24546888046 ns, Reaching safepoint: 59769 ns, At safepoint: 24863317 ns, Total: 24923086 ns
[2023-02-09T15:05:28.269+0000][68][safepoint   ] Safepoint "Cleanup", Time since last: 1001014800 ns, Reaching safepoint: 195011 ns, At safepoint: 13418 ns, Total: 208429 ns
[2023-02-09T15:05:39.281+0000][68][safepoint   ] Safepoint "Cleanup", Time since last: 11012203805 ns, Reaching safepoint: 513771 ns, At safepoint: 40760 ns, Total: 554531 ns
[2023-02-09T15:05:45.288+0000][68][safepoint   ] Safepoint "Cleanup", Time since last: 6006517240 ns, Reaching safepoint: 335813 ns, At safepoint: 18071 ns, Total: 353884 ns
[2023-02-09T15:05:53.298+0000][68][gc,start    ] GC(351) Pause Young (Concurrent Start) (G1 Evacuation Pause)
[2023-02-09T15:05:53.299+0000][68][gc,task     ] GC(351) Using 4 workers of 4 for evacuation
[2023-02-09T15:05:53.300+0000][68][gc,age      ] GC(351) Desired survivor size 6291456 bytes, new threshold 15 (max threshold 15)
[2023-02-09T15:05:53.304+0000][68][gc,phases   ] GC(351)   Pre Evacuate Collection Set: 0.3ms
[2023-02-09T15:05:53.305+0000][68][gc,phases   ] GC(351)   Merge Heap Roots: 0.0ms
[2023-02-09T15:05:53.305+0000][68][gc,phases   ] GC(351)   Evacuate Collection Set: 2.7ms
[2023-02-09T15:05:53.306+0000][68][gc,phases   ] GC(351)   Post Evacuate Collection Set: 0.8ms
[2023-02-09T15:05:53.306+0000][68][gc,phases   ] GC(351)   Other: 1.1ms
[2023-02-09T15:05:53.307+0000][68][gc,age      ] GC(351) Age table with threshold 15 (max threshold 15)
[2023-02-09T15:05:53.308+0000][68][gc,age      ] GC(351) - age   1:     755000 bytes,     755000 total
[2023-02-09T15:05:53.308+0000][68][gc,age      ] GC(351) - age   2:      10904 bytes,     765904 total
[2023-02-09T15:05:53.309+0000][68][gc,age      ] GC(351) - age   3:       2944 bytes,     768848 total
[2023-02-09T15:05:53.309+0000][68][gc,age      ] GC(351) - age   4:      83248 bytes,     852096 total
[2023-02-09T15:05:53.310+0000][68][gc,age      ] GC(351) - age   5:      12192 bytes,     864288 total
[2023-02-09T15:05:53.310+0000][68][gc,age      ] GC(351) - age   6:       2440 bytes,     866728 total
[2023-02-09T15:05:53.310+0000][68][gc,age      ] GC(351) - age   7:      10800 bytes,     877528 total
[2023-02-09T15:05:53.311+0000][68][gc,age      ] GC(351) - age   8:        656 bytes,     878184 total
[2023-02-09T15:05:53.311+0000][68][gc,age      ] GC(351) - age   9:       1016 bytes,     879200 total
[2023-02-09T15:05:53.311+0000][68][gc,age      ] GC(351) - age  10:       5368 bytes,     884568 total
[2023-02-09T15:05:53.312+0000][68][gc,age      ] GC(351) - age  11:     293656 bytes,    1178224 total
[2023-02-09T15:05:53.312+0000][68][gc,age      ] GC(351) - age  12:       2944 bytes,    1181168 total
[2023-02-09T15:05:53.313+0000][68][gc,age      ] GC(351) - age  13:       1984 bytes,    1183152 total
[2023-02-09T15:05:53.313+0000][68][gc,age      ] GC(351) - age  14:      12080 bytes,    1195232 total
[2023-02-09T15:05:53.314+0000][68][gc,heap     ] GC(351) Eden regions: 21->0(21)
[2023-02-09T15:05:53.314+0000][68][gc,heap     ] GC(351) Survivor regions: 1->1(3)
[2023-02-09T15:05:53.314+0000][68][gc,heap     ] GC(351) Old regions: 26->26
[2023-02-09T15:05:53.315+0000][68][gc,heap     ] GC(351) Archive regions: 2->2
[2023-02-09T15:05:53.315+0000][68][gc,heap     ] GC(351) Humongous regions: 2->2
[2023-02-09T15:05:53.316+0000][68][gc,metaspace] GC(351) Metaspace: 142824K(145920K)->142824K(145920K) NonClass: 124659K(125888K)->124659K(125888K) Class: 18164K(20032K)->18164K(20032K)
[2023-02-09T15:05:53.316+0000][68][gc          ] GC(351) Pause Young (Concurrent Start) (G1 Evacuation Pause) 200M->115M(256M) 18.101ms
[2023-02-09T15:05:53.317+0000][68][gc,cpu      ] GC(351) User=0.01s Sys=0.01s Real=0.02s
[2023-02-09T15:05:53.317+0000][68][safepoint   ] Safepoint "G1CollectForAllocation", Time since last: 8033663513 ns, Reaching safepoint: 122889 ns, At safepoint: 18981777 ns, Total: 19104666 ns
[2023-02-09T15:05:53.317+0000][68][gc          ] GC(352) Concurrent Mark Cycle
[2023-02-09T15:05:53.318+0000][68][gc,marking  ] GC(352) Concurrent Clear Claimed Marks
[2023-02-09T15:05:53.320+0000][68][gc,marking  ] GC(352) Concurrent Clear Claimed Marks 1.544ms
[2023-02-09T15:05:53.320+0000][68][gc,marking  ] GC(352) Concurrent Scan Root Regions
[2023-02-09T15:05:53.323+0000][68][gc,marking  ] GC(352) Concurrent Scan Root Regions 3.049ms
[2023-02-09T15:05:53.324+0000][68][gc,marking  ] GC(352) Concurrent Mark
[2023-02-09T15:05:53.324+0000][68][gc,marking  ] GC(352) Concurrent Mark From Roots
[2023-02-09T15:05:53.325+0000][68][gc,task     ] GC(352) Using 1 workers of 1 for marking
[2023-02-09T15:05:53.436+0000][68][gc,marking  ] GC(352) Concurrent Mark From Roots 111.182ms
[2023-02-09T15:05:53.437+0000][68][gc,marking  ] GC(352) Concurrent Preclean
[2023-02-09T15:05:53.438+0000][68][gc,marking  ] GC(352) Concurrent Preclean 1.049ms
[2023-02-09T15:05:53.438+0000][68][gc,start    ] GC(352) Pause Remark
[2023-02-09T15:05:53.450+0000][68][gc          ] GC(352) Pause Remark 121M->121M(256M) 11.403ms
[2023-02-09T15:05:53.451+0000][68][gc,cpu      ] GC(352) User=0.02s Sys=0.00s Real=0.02s
[2023-02-09T15:05:53.451+0000][68][safepoint   ] Safepoint "G1PauseRemark", Time since last: 121283262 ns, Reaching safepoint: 104933 ns, At safepoint: 12817655 ns, Total: 12922588 ns
[2023-02-09T15:05:53.452+0000][68][gc,marking  ] GC(352) Concurrent Mark 127.933ms
[2023-02-09T15:05:53.452+0000][68][gc,marking  ] GC(352) Concurrent Rebuild Remembered Sets
[2023-02-09T15:05:53.502+0000][68][gc,marking  ] GC(352) Concurrent Rebuild Remembered Sets 49.344ms
[2023-02-09T15:05:53.503+0000][68][gc,start    ] GC(352) Pause Cleanup
[2023-02-09T15:05:53.504+0000][68][gc          ] GC(352) Pause Cleanup 121M->121M(256M) 0.798ms
[2023-02-09T15:05:53.505+0000][68][gc,cpu      ] GC(352) User=0.00s Sys=0.00s Real=0.00s
[2023-02-09T15:05:53.505+0000][68][safepoint   ] Safepoint "G1PauseCleanup", Time since last: 51645771 ns, Reaching safepoint: 153772 ns, At safepoint: 2171213 ns, Total: 2324985 ns
[2023-02-09T15:05:53.506+0000][68][gc,marking  ] GC(352) Concurrent Cleanup for Next Mark
[2023-02-09T15:05:53.507+0000][68][gc,marking  ] GC(352) Concurrent Cleanup for Next Mark 0.785ms
[2023-02-09T15:05:53.507+0000][68][gc          ] GC(352) Concurrent Mark Cycle 190.468ms
[2023-02-09T15:06:00.512+0000][68][safepoint   ] Safepoint "Cleanup", Time since last: 7006284664 ns, Reaching safepoint: 291914 ns, At safepoint: 11521 ns, Total: 303435 ns
[2023-02-09T15:06:09.521+0000][68][safepoint   ] Safepoint "Cleanup", Time since last: 9009020259 ns, Reaching safepoint: 277621 ns, At safepoint: 11151 ns, Total: 288772 ns
[2023-02-09T15:06:10.358+0000][68][gc,start    ] GC(353) Pause Young (Normal) (G1 Evacuation Pause)
[2023-02-09T15:06:10.358+0000][68][gc,task     ] GC(353) Using 4 workers of 4 for evacuation
[2023-02-09T15:06:10.359+0000][68][gc,age      ] GC(353) Desired survivor size 6291456 bytes, new threshold 15 (max threshold 15)
[2023-02-09T15:06:10.362+0000][68][gc,phases   ] GC(353)   Pre Evacuate Collection Set: 0.1ms
[2023-02-09T15:06:10.362+0000][68][gc,phases   ] GC(353)   Merge Heap Roots: 0.1ms
[2023-02-09T15:06:10.362+0000][68][gc,phases   ] GC(353)   Evacuate Collection Set: 1.4ms
[2023-02-09T15:06:10.363+0000][68][gc,phases   ] GC(353)   Post Evacuate Collection Set: 0.8ms
[2023-02-09T15:06:10.363+0000][68][gc,phases   ] GC(353)   Other: 0.8ms
[2023-02-09T15:06:10.363+0000][68][gc,age      ] GC(353) Age table with threshold 15 (max threshold 15)
[2023-02-09T15:06:10.364+0000][68][gc,age      ] GC(353) - age   1:     758512 bytes,     758512 total
[2023-02-09T15:06:10.364+0000][68][gc,age      ] GC(353) - age   2:     116272 bytes,     874784 total
[2023-02-09T15:06:10.364+0000][68][gc,age      ] GC(353) - age   3:      10008 bytes,     884792 total
[2023-02-09T15:06:10.365+0000][68][gc,age      ] GC(353) - age   4:       2752 bytes,     887544 total
[2023-02-09T15:06:10.365+0000][68][gc,age      ] GC(353) - age   5:      83248 bytes,     970792 total
[2023-02-09T15:06:10.365+0000][68][gc,age      ] GC(353) - age   6:      10816 bytes,     981608 total
[2023-02-09T15:06:10.366+0000][68][gc,age      ] GC(353) - age   7:       2080 bytes,     983688 total
[2023-02-09T15:06:10.366+0000][68][gc,age      ] GC(353) - age   8:      10672 bytes,     994360 total
[2023-02-09T15:06:10.366+0000][68][gc,age      ] GC(353) - age   9:        656 bytes,     995016 total
[2023-02-09T15:06:10.367+0000][68][gc,age      ] GC(353) - age  10:       1016 bytes,     996032 total
[2023-02-09T15:06:10.367+0000][68][gc,age      ] GC(353) - age  11:       3144 bytes,     999176 total
[2023-02-09T15:06:10.367+0000][68][gc,age      ] GC(353) - age  12:     181504 bytes,    1180680 total
[2023-02-09T15:06:10.368+0000][68][gc,age      ] GC(353) - age  13:       2944 bytes,    1183624 total
[2023-02-09T15:06:10.368+0000][68][gc,age      ] GC(353) - age  14:       1984 bytes,    1185608 total
[2023-02-09T15:06:10.368+0000][68][gc,age      ] GC(353) - age  15:      12080 bytes,    1197688 total
[2023-02-09T15:06:10.369+0000][68][gc,heap     ] GC(353) Eden regions: 21->0(22)
[2023-02-09T15:06:10.369+0000][68][gc,heap     ] GC(353) Survivor regions: 1->1(3)
[2023-02-09T15:06:10.369+0000][68][gc,heap     ] GC(353) Old regions: 26->26
[2023-02-09T15:06:10.369+0000][68][gc,heap     ] GC(353) Archive regions: 2->2
[2023-02-09T15:06:10.370+0000][68][gc,heap     ] GC(353) Humongous regions: 2->2
[2023-02-09T15:06:10.370+0000][68][gc,metaspace] GC(353) Metaspace: 142830K(145984K)->142830K(145984K) NonClass: 124665K(125952K)->124665K(125952K) Class: 18164K(20032K)->18164K(20032K)
[2023-02-09T15:06:10.371+0000][68][gc          ] GC(353) Pause Young (Normal) (G1 Evacuation Pause) 199M->115M(256M) 12.780ms
[2023-02-09T15:06:10.371+0000][68][gc,cpu      ] GC(353) User=0.00s Sys=0.00s Real=0.02s
[2023-02-09T15:06:10.372+0000][68][safepoint   ] Safepoint "G1CollectForAllocation", Time since last: 836834984 ns, Reaching safepoint: 95317 ns, At safepoint: 13535413 ns, Total: 13630730 ns
[2023-02-09T15:06:11.375+0000][68][safepoint   ] Safepoint "Cleanup", Time since last: 1003221306 ns, Reaching safepoint: 129617 ns, At safepoint: 12860 ns, Total: 142477 ns
[2023-02-09T15:06:16.381+0000][68][safepoint   ] Safepoint "Cleanup", Time since last: 5005088783 ns, Reaching safepoint: 734954 ns, At safepoint: 18649 ns, Total: 753603 ns
[2023-02-09T15:06:22.367+0000][68][safepoint   ] Safepoint "Cleanup", Time since last: 6010335868 ns, Reaching safepoint: 749607 ns, At safepoint: 39534 ns, Total: 789141 ns
[2023-02-09T15:06:33.377+0000][68][safepoint   ] Safepoint "Cleanup", Time since last: 11009431676 ns, Reaching safepoint: 550310 ns, At safepoint: 8635 ns, Total: 558945 ns
[2023-02-09T15:06:41.425+0000][68][gc,start    ] GC(354) Pause Young (Concurrent Start) (G1 Evacuation Pause)
[2023-02-09T15:06:41.427+0000][68][gc,task     ] GC(354) Using 4 workers of 4 for evacuation
[2023-02-09T15:06:41.429+0000][68][gc,age      ] GC(354) Desired survivor size 6291456 bytes, new threshold 15 (max threshold 15)
[2023-02-09T15:06:41.437+0000][68][gc,phases   ] GC(354)   Pre Evacuate Collection Set: 0.5ms
[2023-02-09T15:06:41.438+0000][68][gc,phases   ] GC(354)   Merge Heap Roots: 0.2ms
[2023-02-09T15:06:41.439+0000][68][gc,phases   ] GC(354)   Evacuate Collection Set: 4.1ms
[2023-02-09T15:06:41.440+0000][68][gc,phases   ] GC(354)   Post Evacuate Collection Set: 1.4ms
[2023-02-09T15:06:41.441+0000][68][gc,phases   ] GC(354)   Other: 3.4ms
[2023-02-09T15:06:41.442+0000][68][gc,age      ] GC(354) Age table with threshold 15 (max threshold 15)
[2023-02-09T15:06:41.444+0000][68][gc,age      ] GC(354) - age   1:     705528 bytes,     705528 total
[2023-02-09T15:06:41.444+0000][68][gc,age      ] GC(354) - age   2:     434272 bytes,    1139800 total
[2023-02-09T15:06:41.445+0000][68][gc,age      ] GC(354) - age   3:       5680 bytes,    1145480 total
[2023-02-09T15:06:41.446+0000][68][gc,age      ] GC(354) - age   4:       8184 bytes,    1153664 total
[2023-02-09T15:06:41.447+0000][68][gc,age      ] GC(354) - age   5:       2752 bytes,    1156416 total
[2023-02-09T15:06:41.448+0000][68][gc,age      ] GC(354) - age   6:      82312 bytes,    1238728 total
[2023-02-09T15:06:41.449+0000][68][gc,age      ] GC(354) - age   7:      10816 bytes,    1249544 total
[2023-02-09T15:06:41.449+0000][68][gc,age      ] GC(354) - age   8:       2080 bytes,    1251624 total
[2023-02-09T15:06:41.450+0000][68][gc,age      ] GC(354) - age   9:      10672 bytes,    1262296 total
[2023-02-09T15:06:41.451+0000][68][gc,age      ] GC(354) - age  10:        656 bytes,    1262952 total
[2023-02-09T15:06:41.452+0000][68][gc,age      ] GC(354) - age  11:       1016 bytes,    1263968 total
[2023-02-09T15:06:41.453+0000][68][gc,age      ] GC(354) - age  12:       2944 bytes,    1266912 total
[2023-02-09T15:06:41.454+0000][68][gc,age      ] GC(354) - age  13:     181376 bytes,    1448288 total
[2023-02-09T15:06:41.455+0000][68][gc,age      ] GC(354) - age  14:       2944 bytes,    1451232 total
[2023-02-09T15:06:41.455+0000][68][gc,age      ] GC(354) - age  15:       1984 bytes,    1453216 total
[2023-02-09T15:06:41.456+0000][68][gc,heap     ] GC(354) Eden regions: 22->0(22)
[2023-02-09T15:06:41.457+0000][68][gc,heap     ] GC(354) Survivor regions: 1->1(3)
[2023-02-09T15:06:41.457+0000][68][gc,heap     ] GC(354) Old regions: 26->26
[2023-02-09T15:06:41.458+0000][68][gc,heap     ] GC(354) Archive regions: 2->2
[2023-02-09T15:06:41.459+0000][68][gc,heap     ] GC(354) Humongous regions: 2->2
[2023-02-09T15:06:41.460+0000][68][gc,metaspace] GC(354) Metaspace: 142837K(145984K)->142837K(145984K) NonClass: 124672K(125952K)->124672K(125952K) Class: 18164K(20032K)->18164K(20032K)
[2023-02-09T15:06:41.461+0000][68][gc          ] GC(354) Pause Young (Concurrent Start) (G1 Evacuation Pause) 203M->115M(256M) 35.836ms
[2023-02-09T15:06:41.462+0000][68][gc          ] GC(355) Concurrent Mark Cycle
[2023-02-09T15:06:41.462+0000][68][gc,marking  ] GC(355) Concurrent Clear Claimed Marks
[2023-02-09T15:06:41.463+0000][68][gc,marking  ] GC(355) Concurrent Clear Claimed Marks 0.647ms
[2023-02-09T15:06:41.463+0000][68][gc,marking  ] GC(355) Concurrent Scan Root Regions
[2023-02-09T15:06:41.462+0000][68][gc,cpu      ] GC(354) User=0.02s Sys=0.00s Real=0.03s
[2023-02-09T15:06:41.464+0000][68][safepoint   ] Safepoint "G1CollectForAllocation", Time since last: 8048009129 ns, Reaching safepoint: 405173 ns, At safepoint: 39027817 ns, Total: 39432990 ns
[2023-02-09T15:06:41.466+0000][68][gc,marking  ] GC(355) Concurrent Scan Root Regions 2.708ms
[2023-02-09T15:06:41.467+0000][68][gc,marking  ] GC(355) Concurrent Mark
[2023-02-09T15:06:41.467+0000][68][gc,marking  ] GC(355) Concurrent Mark From Roots
[2023-02-09T15:06:41.468+0000][68][gc,task     ] GC(355) Using 1 workers of 1 for marking
[2023-02-09T15:06:41.603+0000][68][gc,marking  ] GC(355) Concurrent Mark From Roots 135.918ms
[2023-02-09T15:06:41.604+0000][68][gc,marking  ] GC(355) Concurrent Preclean
[2023-02-09T15:06:41.605+0000][68][gc,marking  ] GC(355) Concurrent Preclean 0.926ms
[2023-02-09T15:06:41.607+0000][68][gc,start    ] GC(355) Pause Remark
[2023-02-09T15:06:41.621+0000][68][gc          ] GC(355) Pause Remark 117M->117M(256M) 14.455ms
[2023-02-09T15:06:41.622+0000][68][gc,cpu      ] GC(355) User=0.04s Sys=0.00s Real=0.01s
[2023-02-09T15:06:41.622+0000][68][safepoint   ] Safepoint "G1PauseRemark", Time since last: 142127666 ns, Reaching safepoint: 148399 ns, At safepoint: 15888918 ns, Total: 16037317 ns
[2023-02-09T15:06:41.623+0000][68][gc,marking  ] GC(355) Concurrent Mark 156.592ms
[2023-02-09T15:06:41.624+0000][68][gc,marking  ] GC(355) Concurrent Rebuild Remembered Sets
[2023-02-09T15:06:41.680+0000][68][gc,marking  ] GC(355) Concurrent Rebuild Remembered Sets 55.710ms
[2023-02-09T15:06:41.681+0000][68][gc,start    ] GC(355) Pause Cleanup
[2023-02-09T15:06:41.682+0000][68][gc          ] GC(355) Pause Cleanup 117M->117M(256M) 0.844ms
[2023-02-09T15:06:41.683+0000][68][gc,cpu      ] GC(355) User=0.00s Sys=0.00s Real=0.00s
[2023-02-09T15:06:41.684+0000][68][safepoint   ] Safepoint "G1PauseCleanup", Time since last: 58442364 ns, Reaching safepoint: 113721 ns, At safepoint: 3261452 ns, Total: 3375173 ns
[2023-02-09T15:06:41.685+0000][68][gc,marking  ] GC(355) Concurrent Cleanup for Next Mark
[2023-02-09T15:06:41.687+0000][68][gc,marking  ] GC(355) Concurrent Cleanup for Next Mark 1.513ms
[2023-02-09T15:06:41.687+0000][68][gc          ] GC(355) Concurrent Mark Cycle 225.769ms
[2023-02-09T15:06:45.689+0000][68][safepoint   ] Safepoint "Cleanup", Time since last: 4004337879 ns, Reaching safepoint: 202026 ns, At safepoint: 8733 ns, Total: 210759 ns
[2023-02-09T15:06:50.674+0000][68][safepoint   ] Safepoint "Cleanup", Time since last: 5007217397 ns, Reaching safepoint: 177363 ns, At safepoint: 6259 ns, Total: 183622 ns
[2023-02-09T15:06:57.681+0000][68][safepoint   ] Safepoint "Cleanup", Time since last: 7006361862 ns, Reaching safepoint: 366811 ns, At safepoint: 13108 ns, Total: 379919 ns
[2023-02-09T15:06:58.683+0000][68][safepoint   ] Safepoint "Cleanup", Time since last: 1001696136 ns, Reaching safepoint: 688914 ns, At safepoint: 72715 ns, Total: 761629 ns
[2023-02-09T15:07:03.689+0000][68][safepoint   ] Safepoint "Cleanup", Time since last: 5004640064 ns, Reaching safepoint: 560009 ns, At safepoint: 20553 ns, Total: 580562 ns
[2023-02-09T15:07:03.853+0000][68][gc,start    ] GC(356) Pause Young (Normal) (G1 Evacuation Pause)
[2023-02-09T15:07:03.854+0000][68][gc,task     ] GC(356) Using 4 workers of 4 for evacuation
[2023-02-09T15:07:03.855+0000][68][gc,age      ] GC(356) Desired survivor size 6291456 bytes, new threshold 15 (max threshold 15)
[2023-02-09T15:07:03.859+0000][68][gc,phases   ] GC(356)   Pre Evacuate Collection Set: 0.1ms
[2023-02-09T15:07:03.860+0000][68][gc,phases   ] GC(356)   Merge Heap Roots: 0.1ms
[2023-02-09T15:07:03.861+0000][68][gc,phases   ] GC(356)   Evacuate Collection Set: 1.8ms
[2023-02-09T15:07:03.862+0000][68][gc,phases   ] GC(356)   Post Evacuate Collection Set: 0.8ms
[2023-02-09T15:07:03.862+0000][68][gc,phases   ] GC(356)   Other: 2.3ms
[2023-02-09T15:07:03.863+0000][68][gc,age      ] GC(356) Age table with threshold 15 (max threshold 15)
[2023-02-09T15:07:03.864+0000][68][gc,age      ] GC(356) - age   1:    1189584 bytes,    1189584 total
[2023-02-09T15:07:03.865+0000][68][gc,age      ] GC(356) - age   2:      28272 bytes,    1217856 total
[2023-02-09T15:07:03.866+0000][68][gc,age      ] GC(356) - age   3:     416928 bytes,    1634784 total
[2023-02-09T15:07:03.866+0000][68][gc,age      ] GC(356) - age   4:       5616 bytes,    1640400 total
[2023-02-09T15:07:03.867+0000][68][gc,age      ] GC(356) - age   5:       8184 bytes,    1648584 total
[2023-02-09T15:07:03.869+0000][68][gc,age      ] GC(356) - age   6:       2752 bytes,    1651336 total
[2023-02-09T15:07:03.870+0000][68][gc,age      ] GC(356) - age   7:      49592 bytes,    1700928 total
[2023-02-09T15:07:03.870+0000][68][gc,age      ] GC(356) - age   8:      10816 bytes,    1711744 total
[2023-02-09T15:07:03.871+0000][68][gc,age      ] GC(356) - age   9:       2080 bytes,    1713824 total
[2023-02-09T15:07:03.871+0000][68][gc,age      ] GC(356) - age  10:      10672 bytes,    1724496 total
[2023-02-09T15:07:03.872+0000][68][gc,age      ] GC(356) - age  11:        360 bytes,    1724856 total
[2023-02-09T15:07:03.872+0000][68][gc,age      ] GC(356) - age  12:        920 bytes,    1725776 total
[2023-02-09T15:07:03.873+0000][68][gc,age      ] GC(356) - age  13:       2944 bytes,    1728720 total
[2023-02-09T15:07:03.874+0000][68][gc,age      ] GC(356) - age  14:     181376 bytes,    1910096 total
[2023-02-09T15:07:03.874+0000][68][gc,age      ] GC(356) - age  15:       2944 bytes,    1913040 total
[2023-02-09T15:07:03.874+0000][68][gc,heap     ] GC(356) Eden regions: 22->0(22)
[2023-02-09T15:07:03.875+0000][68][gc,heap     ] GC(356) Survivor regions: 1->1(3)
[2023-02-09T15:07:03.876+0000][68][gc,heap     ] GC(356) Old regions: 26->26
[2023-02-09T15:07:03.877+0000][68][gc,heap     ] GC(356) Archive regions: 2->2
[2023-02-09T15:07:03.877+0000][68][gc,heap     ] GC(356) Humongous regions: 2->2
[2023-02-09T15:07:03.877+0000][68][gc,metaspace] GC(356) Metaspace: 142842K(145984K)->142842K(145984K) NonClass: 124677K(125952K)->124677K(125952K) Class: 18165K(20032K)->18165K(20032K)
[2023-02-09T15:07:03.878+0000][68][gc          ] GC(356) Pause Young (Normal) (G1 Evacuation Pause) 203M->115M(256M) 25.284ms
[2023-02-09T15:07:03.879+0000][68][gc,cpu      ] GC(356) User=0.01s Sys=0.00s Real=0.02s
[2023-02-09T15:07:03.879+0000][68][safepoint   ] Safepoint "G1CollectForAllocation", Time since last: 163814684 ns, Reaching safepoint: 229839 ns, At safepoint: 26404556 ns, Total: 26634395 ns
[2023-02-09T15:07:09.885+0000][68][safepoint   ] Safepoint "Cleanup", Time since last: 6005240257 ns, Reaching safepoint: 499381 ns, At safepoint: 7838 ns, Total: 507219 ns
[2023-02-09T15:07:32.828+0000][68][gc,start    ] GC(357) Pause Young (Concurrent Start) (G1 Evacuation Pause)
[2023-02-09T15:07:32.829+0000][68][gc,task     ] GC(357) Using 4 workers of 4 for evacuation
[2023-02-09T15:07:32.830+0000][68][gc,age      ] GC(357) Desired survivor size 6291456 bytes, new threshold 15 (max threshold 15)
[2023-02-09T15:07:32.835+0000][68][gc,phases   ] GC(357)   Pre Evacuate Collection Set: 0.6ms
[2023-02-09T15:07:32.836+0000][68][gc,phases   ] GC(357)   Merge Heap Roots: 0.1ms
[2023-02-09T15:07:32.837+0000][68][gc,phases   ] GC(357)   Evacuate Collection Set: 2.6ms
[2023-02-09T15:07:32.865+0000][68][gc,phases   ] GC(357)   Post Evacuate Collection Set: 0.9ms
[2023-02-09T15:07:32.867+0000][68][gc,phases   ] GC(357)   Other: 1.9ms
[2023-02-09T15:07:32.868+0000][68][gc,age      ] GC(357) Age table with threshold 15 (max threshold 15)
[2023-02-09T15:07:32.870+0000][68][gc,age      ] GC(357) - age   1:    1310008 bytes,    1310008 total
[2023-02-09T15:07:32.870+0000][68][gc,age      ] GC(357) - age   2:     149088 bytes,    1459096 total
[2023-02-09T15:07:32.876+0000][68][gc,age      ] GC(357) - age   3:      18920 bytes,    1478016 total
[2023-02-09T15:07:32.880+0000][68][gc,age      ] GC(357) - age   4:     307672 bytes,    1785688 total
[2023-02-09T15:07:32.881+0000][68][gc,age      ] GC(357) - age   5:       5616 bytes,    1791304 total
[2023-02-09T15:07:32.882+0000][68][gc,age      ] GC(357) - age   6:       8184 bytes,    1799488 total
[2023-02-09T15:07:32.883+0000][68][gc,age      ] GC(357) - age   7:       2752 bytes,    1802240 total
[2023-02-09T15:07:32.884+0000][68][gc,age      ] GC(357) - age   8:      49592 bytes,    1851832 total
[2023-02-09T15:07:32.885+0000][68][gc,age      ] GC(357) - age   9:      10816 bytes,    1862648 total
[2023-02-09T15:07:32.885+0000][68][gc,age      ] GC(357) - age  10:       2080 bytes,    1864728 total
[2023-02-09T15:07:32.886+0000][68][gc,age      ] GC(357) - age  11:      10672 bytes,    1875400 total
[2023-02-09T15:07:32.887+0000][68][gc,age      ] GC(357) - age  12:        360 bytes,    1875760 total
[2023-02-09T15:07:32.888+0000][68][gc,age      ] GC(357) - age  13:        920 bytes,    1876680 total
[2023-02-09T15:07:32.889+0000][68][gc,age      ] GC(357) - age  14:       2944 bytes,    1879624 total
[2023-02-09T15:07:32.890+0000][68][gc,age      ] GC(357) - age  15:     181376 bytes,    2061000 total
[2023-02-09T15:07:32.890+0000][68][gc,heap     ] GC(357) Eden regions: 22->0(22)
[2023-02-09T15:07:32.891+0000][68][gc,heap     ] GC(357) Survivor regions: 1->1(3)
[2023-02-09T15:07:32.892+0000][68][gc,heap     ] GC(357) Old regions: 26->26
[2023-02-09T15:07:32.893+0000][68][gc,heap     ] GC(357) Archive regions: 2->2
[2023-02-09T15:07:32.893+0000][68][gc,heap     ] GC(357) Humongous regions: 2->2
[2023-02-09T15:07:32.894+0000][68][gc,metaspace] GC(357) Metaspace: 142846K(145984K)->142846K(145984K) NonClass: 124681K(125952K)->124681K(125952K) Class: 18165K(20032K)->18165K(20032K)
[2023-02-09T15:07:32.895+0000][68][gc          ] GC(357) Pause Young (Concurrent Start) (G1 Evacuation Pause) 203M->116M(256M) 66.813ms
[2023-02-09T15:07:32.895+0000][68][gc          ] GC(358) Concurrent Mark Cycle
[2023-02-09T15:07:32.896+0000][68][gc,marking  ] GC(358) Concurrent Clear Claimed Marks
[2023-02-09T15:07:32.897+0000][68][gc,marking  ] GC(358) Concurrent Clear Claimed Marks 1.072ms
[2023-02-09T15:07:32.897+0000][68][gc,marking  ] GC(358) Concurrent Scan Root Regions
[2023-02-09T15:07:32.895+0000][68][gc,cpu      ] GC(357) User=0.02s Sys=0.00s Real=0.07s
[2023-02-09T15:07:32.900+0000][68][gc,marking  ] GC(358) Concurrent Scan Root Regions 2.706ms
[2023-02-09T15:07:32.901+0000][68][gc,marking  ] GC(358) Concurrent Mark
[2023-02-09T15:07:32.901+0000][68][gc,marking  ] GC(358) Concurrent Mark From Roots
[2023-02-09T15:07:32.902+0000][68][gc,task     ] GC(358) Using 1 workers of 1 for marking
[2023-02-09T15:07:32.900+0000][68][safepoint   ] Safepoint "G1CollectForAllocation", Time since last: 22964633158 ns, Reaching safepoint: 91733 ns, At safepoint: 72576080 ns, Total: 72667813 ns
[2023-02-09T15:07:33.011+0000][68][gc,marking  ] GC(358) Concurrent Mark From Roots 109.192ms
[2023-02-09T15:07:33.012+0000][68][gc,marking  ] GC(358) Concurrent Preclean
[2023-02-09T15:07:33.013+0000][68][gc,marking  ] GC(358) Concurrent Preclean 0.842ms
[2023-02-09T15:07:33.014+0000][68][gc,start    ] GC(358) Pause Remark
[2023-02-09T15:07:33.023+0000][68][gc          ] GC(358) Pause Remark 116M->116M(256M) 9.633ms
[2023-02-09T15:07:33.024+0000][68][gc,cpu      ] GC(358) User=0.03s Sys=0.00s Real=0.01s
[2023-02-09T15:07:33.026+0000][68][safepoint   ] Safepoint "G1PauseRemark", Time since last: 113380190 ns, Reaching safepoint: 90636 ns, At safepoint: 11741733 ns, Total: 11832369 ns
[2023-02-09T15:07:33.026+0000][68][gc,marking  ] GC(358) Concurrent Mark 125.386ms
[2023-02-09T15:07:33.027+0000][68][gc,marking  ] GC(358) Concurrent Rebuild Remembered Sets
[2023-02-09T15:07:33.080+0000][68][gc,marking  ] GC(358) Concurrent Rebuild Remembered Sets 52.594ms
[2023-02-09T15:07:33.081+0000][68][gc,start    ] GC(358) Pause Cleanup
[2023-02-09T15:07:33.083+0000][68][gc          ] GC(358) Pause Cleanup 116M->116M(256M) 1.715ms
[2023-02-09T15:07:33.084+0000][68][gc,cpu      ] GC(358) User=0.00s Sys=0.00s Real=0.00s
[2023-02-09T15:07:33.085+0000][68][safepoint   ] Safepoint "G1PauseCleanup", Time since last: 55588327 ns, Reaching safepoint: 225184 ns, At safepoint: 3549855 ns, Total: 3775039 ns
[2023-02-09T15:07:33.086+0000][68][gc,marking  ] GC(358) Concurrent Cleanup for Next Mark
[2023-02-09T15:07:33.087+0000][68][gc,marking  ] GC(358) Concurrent Cleanup for Next Mark 1.428ms
[2023-02-09T15:07:33.088+0000][68][gc          ] GC(358) Concurrent Mark Cycle 192.968ms
[2023-02-09T15:07:39.091+0000][68][safepoint   ] Safepoint "Cleanup", Time since last: 6006248459 ns, Reaching safepoint: 117923 ns, At safepoint: 3689 ns, Total: 121612 ns
[2023-02-09T15:07:42.097+0000][68][safepoint   ] Safepoint "Cleanup", Time since last: 3005065381 ns, Reaching safepoint: 616178 ns, At safepoint: 14295 ns, Total: 630473 ns
[2023-02-09T15:07:56.092+0000][68][safepoint   ] Safepoint "Cleanup", Time since last: 14016058500 ns, Reaching safepoint: 326211 ns, At safepoint: 13198 ns, Total: 339409 ns
[2023-02-09T15:08:02.598+0000][68][gc,start    ] GC(359) Pause Young (Normal) (G1 Evacuation Pause)
[2023-02-09T15:08:02.598+0000][68][gc,task     ] GC(359) Using 4 workers of 4 for evacuation
[2023-02-09T15:08:02.599+0000][68][gc,age      ] GC(359) Desired survivor size 6291456 bytes, new threshold 15 (max threshold 15)
[2023-02-09T15:08:02.602+0000][68][gc,phases   ] GC(359)   Pre Evacuate Collection Set: 0.1ms
[2023-02-09T15:08:02.603+0000][68][gc,phases   ] GC(359)   Merge Heap Roots: 0.1ms
[2023-02-09T15:08:02.603+0000][68][gc,phases   ] GC(359)   Evacuate Collection Set: 1.7ms
[2023-02-09T15:08:02.603+0000][68][gc,phases   ] GC(359)   Post Evacuate Collection Set: 0.7ms
[2023-02-09T15:08:02.604+0000][68][gc,phases   ] GC(359)   Other: 1.0ms
[2023-02-09T15:08:02.604+0000][68][gc,age      ] GC(359) Age table with threshold 15 (max threshold 15)
[2023-02-09T15:08:02.605+0000][68][gc,age      ] GC(359) - age   1:    1180792 bytes,    1180792 total
[2023-02-09T15:08:02.605+0000][68][gc,age      ] GC(359) - age   2:       3008 bytes,    1183800 total
[2023-02-09T15:08:02.606+0000][68][gc,age      ] GC(359) - age   3:     147840 bytes,    1331640 total
[2023-02-09T15:08:02.606+0000][68][gc,age      ] GC(359) - age   4:      18344 bytes,    1349984 total
[2023-02-09T15:08:02.607+0000][68][gc,age      ] GC(359) - age   5:     307672 bytes,    1657656 total
[2023-02-09T15:08:02.607+0000][68][gc,age      ] GC(359) - age   6:       1880 bytes,    1659536 total
[2023-02-09T15:08:02.608+0000][68][gc,age      ] GC(359) - age   7:       8056 bytes,    1667592 total
[2023-02-09T15:08:02.608+0000][68][gc,age      ] GC(359) - age   8:       2696 bytes,    1670288 total
[2023-02-09T15:08:02.609+0000][68][gc,age      ] GC(359) - age   9:      49592 bytes,    1719880 total
[2023-02-09T15:08:02.609+0000][68][gc,age      ] GC(359) - age  10:      10816 bytes,    1730696 total
[2023-02-09T15:08:02.609+0000][68][gc,age      ] GC(359) - age  11:       2080 bytes,    1732776 total
[2023-02-09T15:08:02.610+0000][68][gc,age      ] GC(359) - age  12:      10672 bytes,    1743448 total
[2023-02-09T15:08:02.610+0000][68][gc,age      ] GC(359) - age  13:        360 bytes,    1743808 total
[2023-02-09T15:08:02.611+0000][68][gc,age      ] GC(359) - age  14:        920 bytes,    1744728 total
[2023-02-09T15:08:02.611+0000][68][gc,age      ] GC(359) - age  15:       2944 bytes,    1747672 total
[2023-02-09T15:08:02.612+0000][68][gc,heap     ] GC(359) Eden regions: 22->0(22)
[2023-02-09T15:08:02.612+0000][68][gc,heap     ] GC(359) Survivor regions: 1->1(3)
[2023-02-09T15:08:02.613+0000][68][gc,heap     ] GC(359) Old regions: 26->26
[2023-02-09T15:08:02.613+0000][68][gc,heap     ] GC(359) Archive regions: 2->2
[2023-02-09T15:08:02.614+0000][68][gc,heap     ] GC(359) Humongous regions: 2->2
[2023-02-09T15:08:02.614+0000][68][gc,metaspace] GC(359) Metaspace: 142848K(145984K)->142848K(145984K) NonClass: 124683K(125952K)->124683K(125952K) Class: 18165K(20032K)->18165K(20032K)
[2023-02-09T15:08:02.615+0000][68][gc          ] GC(359) Pause Young (Normal) (G1 Evacuation Pause) 204M->115M(256M) 16.807ms
[2023-02-09T15:08:02.615+0000][68][gc,cpu      ] GC(359) User=0.00s Sys=0.00s Real=0.02s
[2023-02-09T15:08:02.615+0000][68][safepoint   ] Safepoint "G1CollectForAllocation", Time since last: 6505688130 ns, Reaching safepoint: 67345 ns, At safepoint: 17682833 ns, Total: 17750178 ns
[2023-02-09T15:08:04.618+0000][68][safepoint   ] Safepoint "Cleanup", Time since last: 2002318129 ns, Reaching safepoint: 640635 ns, At safepoint: 39699 ns, Total: 680334 ns
[2023-02-09T15:08:05.622+0000][68][safepoint   ] Safepoint "Cleanup", Time since last: 1003560778 ns, Reaching safepoint: 359230 ns, At safepoint: 12515 ns, Total: 371745 ns
[2023-02-09T15:08:08.626+0000][68][safepoint   ] Safepoint "Cleanup", Time since last: 3003708062 ns, Reaching safepoint: 190273 ns, At safepoint: 41927 ns, Total: 232200 ns
[2023-02-09T15:08:09.627+0000][68][safepoint   ] Safepoint "Cleanup", Time since last: 1000642386 ns, Reaching safepoint: 226648 ns, At safepoint: 6451 ns, Total: 233099 ns
[2023-02-09T15:08:27.618+0000][68][safepoint   ] Safepoint "Cleanup", Time since last: 18011659887 ns, Reaching safepoint: 131071 ns, At safepoint: 5306 ns, Total: 136377 ns
[2023-02-09T15:08:32.381+0000][68][gc,start    ] GC(360) Pause Young (Concurrent Start) (G1 Evacuation Pause)
[2023-02-09T15:08:32.383+0000][68][gc,task     ] GC(360) Using 4 workers of 4 for evacuation
[2023-02-09T15:08:32.384+0000][68][gc,age      ] GC(360) Desired survivor size 6291456 bytes, new threshold 15 (max threshold 15)
[2023-02-09T15:08:32.391+0000][68][gc,phases   ] GC(360)   Pre Evacuate Collection Set: 0.5ms
[2023-02-09T15:08:32.391+0000][68][gc,phases   ] GC(360)   Merge Heap Roots: 0.2ms
[2023-02-09T15:08:32.392+0000][68][gc,phases   ] GC(360)   Evacuate Collection Set: 3.0ms
[2023-02-09T15:08:32.393+0000][68][gc,phases   ] GC(360)   Post Evacuate Collection Set: 1.5ms
[2023-02-09T15:08:32.394+0000][68][gc,phases   ] GC(360)   Other: 2.1ms
[2023-02-09T15:08:32.394+0000][68][gc,age      ] GC(360) Age table with threshold 15 (max threshold 15)
[2023-02-09T15:08:32.395+0000][68][gc,age      ] GC(360) - age   1:    1243992 bytes,    1243992 total
[2023-02-09T15:08:32.396+0000][68][gc,age      ] GC(360) - age   2:     139952 bytes,    1383944 total
[2023-02-09T15:08:32.396+0000][68][gc,age      ] GC(360) - age   3:       1192 bytes,    1385136 total
[2023-02-09T15:08:32.397+0000][68][gc,age      ] GC(360) - age   4:      21216 bytes,    1406352 total
[2023-02-09T15:08:32.397+0000][68][gc,age      ] GC(360) - age   5:      18168 bytes,    1424520 total
[2023-02-09T15:08:32.398+0000][68][gc,age      ] GC(360) - age   6:     306736 bytes,    1731256 total
[2023-02-09T15:08:32.399+0000][68][gc,age      ] GC(360) - age   7:       1880 bytes,    1733136 total
[2023-02-09T15:08:32.400+0000][68][gc,age      ] GC(360) - age   8:       8056 bytes,    1741192 total
[2023-02-09T15:08:32.400+0000][68][gc,age      ] GC(360) - age   9:       2696 bytes,    1743888 total
[2023-02-09T15:08:32.401+0000][68][gc,age      ] GC(360) - age  10:      49592 bytes,    1793480 total
[2023-02-09T15:08:32.401+0000][68][gc,age      ] GC(360) - age  11:      10816 bytes,    1804296 total
[2023-02-09T15:08:32.402+0000][68][gc,age      ] GC(360) - age  12:       1880 bytes,    1806176 total
[2023-02-09T15:08:32.403+0000][68][gc,age      ] GC(360) - age  13:      10672 bytes,    1816848 total
[2023-02-09T15:08:32.403+0000][68][gc,age      ] GC(360) - age  14:        328 bytes,    1817176 total
[2023-02-09T15:08:32.404+0000][68][gc,age      ] GC(360) - age  15:        920 bytes,    1818096 total
[2023-02-09T15:08:32.405+0000][68][gc,heap     ] GC(360) Eden regions: 22->0(22)
[2023-02-09T15:08:32.405+0000][68][gc,heap     ] GC(360) Survivor regions: 1->1(3)
[2023-02-09T15:08:32.406+0000][68][gc,heap     ] GC(360) Old regions: 26->26
[2023-02-09T15:08:32.407+0000][68][gc,heap     ] GC(360) Archive regions: 2->2
[2023-02-09T15:08:32.407+0000][68][gc,heap     ] GC(360) Humongous regions: 2->2
[2023-02-09T15:08:32.408+0000][68][gc,metaspace] GC(360) Metaspace: 142850K(145984K)->142850K(145984K) NonClass: 124685K(125952K)->124685K(125952K) Class: 18165K(20032K)->18165K(20032K)
[2023-02-09T15:08:32.409+0000][68][gc          ] GC(360) Pause Young (Concurrent Start) (G1 Evacuation Pause) 203M->116M(256M) 27.533ms
[2023-02-09T15:08:32.410+0000][68][gc          ] GC(361) Concurrent Mark Cycle
[2023-02-09T15:08:32.410+0000][68][gc,marking  ] GC(361) Concurrent Clear Claimed Marks
[2023-02-09T15:08:32.410+0000][68][gc,cpu      ] GC(360) User=0.01s Sys=0.00s Real=0.03s
[2023-02-09T15:08:32.411+0000][68][gc,marking  ] GC(361) Concurrent Clear Claimed Marks 0.767ms
[2023-02-09T15:08:32.412+0000][68][gc,marking  ] GC(361) Concurrent Scan Root Regions
[2023-02-09T15:08:32.412+0000][68][safepoint   ] Safepoint "G1CollectForAllocation", Time since last: 4763376375 ns, Reaching safepoint: 321885 ns, At safepoint: 30039749 ns, Total: 30361634 ns
[2023-02-09T15:08:32.415+0000][68][gc,marking  ] GC(361) Concurrent Scan Root Regions 2.698ms
[2023-02-09T15:08:32.415+0000][68][gc,marking  ] GC(361) Concurrent Mark
[2023-02-09T15:08:32.417+0000][68][gc,marking  ] GC(361) Concurrent Mark From Roots
[2023-02-09T15:08:32.418+0000][68][gc,task     ] GC(361) Using 1 workers of 1 for marking
[2023-02-09T15:08:32.538+0000][68][gc,marking  ] GC(361) Concurrent Mark From Roots 120.929ms
[2023-02-09T15:08:32.539+0000][68][gc,marking  ] GC(361) Concurrent Preclean
[2023-02-09T15:08:32.540+0000][68][gc,marking  ] GC(361) Concurrent Preclean 1.621ms
[2023-02-09T15:08:32.541+0000][68][gc,start    ] GC(361) Pause Remark
[2023-02-09T15:08:32.550+0000][68][gc          ] GC(361) Pause Remark 120M->120M(256M) 9.097ms
[2023-02-09T15:08:32.551+0000][68][gc,cpu      ] GC(361) User=0.03s Sys=0.01s Real=0.01s
[2023-02-09T15:08:32.552+0000][68][safepoint   ] Safepoint "G1PauseRemark", Time since last: 129555744 ns, Reaching safepoint: 139984 ns, At safepoint: 10892684 ns, Total: 11032668 ns
[2023-02-09T15:08:32.553+0000][68][gc,marking  ] GC(361) Concurrent Mark 137.571ms
[2023-02-09T15:08:32.553+0000][68][gc,marking  ] GC(361) Concurrent Rebuild Remembered Sets
[2023-02-09T15:08:32.610+0000][68][gc,marking  ] GC(361) Concurrent Rebuild Remembered Sets 57.181ms
[2023-02-09T15:08:32.611+0000][68][gc,start    ] GC(361) Pause Cleanup
[2023-02-09T15:08:32.612+0000][68][gc          ] GC(361) Pause Cleanup 121M->121M(256M) 0.439ms
[2023-02-09T15:08:32.612+0000][68][gc,cpu      ] GC(361) User=0.00s Sys=0.00s Real=0.00s
[2023-02-09T15:08:32.612+0000][68][safepoint   ] Safepoint "G1PauseCleanup", Time since last: 58999295 ns, Reaching safepoint: 207441 ns, At safepoint: 1270802 ns, Total: 1478243 ns
[2023-02-09T15:08:32.613+0000][68][gc,marking  ] GC(361) Concurrent Cleanup for Next Mark
[2023-02-09T15:08:32.614+0000][68][gc,marking  ] GC(361) Concurrent Cleanup for Next Mark 0.967ms
[2023-02-09T15:08:32.615+0000][68][gc          ] GC(361) Concurrent Mark Cycle 204.942ms
[2023-02-09T15:08:33.614+0000][68][safepoint   ] Safepoint "Cleanup", Time since last: 1000931821 ns, Reaching safepoint: 153526 ns, At safepoint: 4214 ns, Total: 157740 ns
[2023-02-09T15:08:34.620+0000][68][safepoint   ] Safepoint "Cleanup", Time since last: 1006379309 ns, Reaching safepoint: 464080 ns, At safepoint: 31498 ns, Total: 495578 ns
[2023-02-09T15:08:35.625+0000][68][safepoint   ] Safepoint "Cleanup", Time since last: 1003457906 ns, Reaching safepoint: 827317 ns, At safepoint: 22460 ns, Total: 849777 ns
[2023-02-09T15:08:41.648+0000][68][safepoint   ] Safepoint "Cleanup", Time since last: 6023485587 ns, Reaching safepoint: 147770 ns, At safepoint: 6698 ns, Total: 154468 ns
[2023-02-09T15:08:58.058+0000][68][gc,start    ] GC(362) Pause Young (Normal) (G1 Evacuation Pause)
[2023-02-09T15:08:58.059+0000][68][gc,task     ] GC(362) Using 4 workers of 4 for evacuation
[2023-02-09T15:08:58.060+0000][68][gc,age      ] GC(362) Desired survivor size 6291456 bytes, new threshold 15 (max threshold 15)
[2023-02-09T15:08:58.063+0000][68][gc,phases   ] GC(362)   Pre Evacuate Collection Set: 0.2ms
[2023-02-09T15:08:58.064+0000][68][gc,phases   ] GC(362)   Merge Heap Roots: 0.1ms
[2023-02-09T15:08:58.064+0000][68][gc,phases   ] GC(362)   Evacuate Collection Set: 2.0ms
[2023-02-09T15:08:58.065+0000][68][gc,phases   ] GC(362)   Post Evacuate Collection Set: 0.7ms
[2023-02-09T15:08:58.065+0000][68][gc,phases   ] GC(362)   Other: 1.3ms
[2023-02-09T15:08:58.066+0000][68][gc,age      ] GC(362) Age table with threshold 15 (max threshold 15)
[2023-02-09T15:08:58.066+0000][68][gc,age      ] GC(362) - age   1:    1504960 bytes,    1504960 total
[2023-02-09T15:08:58.067+0000][68][gc,age      ] GC(362) - age   2:     133064 bytes,    1638024 total
[2023-02-09T15:08:58.067+0000][68][gc,age      ] GC(362) - age   3:       3024 bytes,    1641048 total
[2023-02-09T15:08:58.067+0000][68][gc,age      ] GC(362) - age   4:        936 bytes,    1641984 total
[2023-02-09T15:08:58.068+0000][68][gc,age      ] GC(362) - age   5:      21216 bytes,    1663200 total
[2023-02-09T15:08:58.068+0000][68][gc,age      ] GC(362) - age   6:      18168 bytes,    1681368 total
[2023-02-09T15:08:58.069+0000][68][gc,age      ] GC(362) - age   7:     306736 bytes,    1988104 total
[2023-02-09T15:08:58.069+0000][68][gc,age      ] GC(362) - age   8:       1848 bytes,    1989952 total
[2023-02-09T15:08:58.070+0000][68][gc,age      ] GC(362) - age   9:       8056 bytes,    1998008 total
[2023-02-09T15:08:58.070+0000][68][gc,age      ] GC(362) - age  10:       2696 bytes,    2000704 total
[2023-02-09T15:08:58.070+0000][68][gc,age      ] GC(362) - age  11:      49592 bytes,    2050296 total
[2023-02-09T15:08:58.071+0000][68][gc,age      ] GC(362) - age  12:      10816 bytes,    2061112 total
[2023-02-09T15:08:58.071+0000][68][gc,age      ] GC(362) - age  13:       1848 bytes,    2062960 total
[2023-02-09T15:08:58.072+0000][68][gc,age      ] GC(362) - age  14:      10672 bytes,    2073632 total
[2023-02-09T15:08:58.072+0000][68][gc,age      ] GC(362) - age  15:        328 bytes,    2073960 total
[2023-02-09T15:08:58.072+0000][68][gc,heap     ] GC(362) Eden regions: 22->0(22)
[2023-02-09T15:08:58.073+0000][68][gc,heap     ] GC(362) Survivor regions: 1->1(3)
[2023-02-09T15:08:58.074+0000][68][gc,heap     ] GC(362) Old regions: 26->26
[2023-02-09T15:08:58.074+0000][68][gc,heap     ] GC(362) Archive regions: 2->2
[2023-02-09T15:08:58.075+0000][68][gc,heap     ] GC(362) Humongous regions: 2->2
[2023-02-09T15:08:58.075+0000][68][gc,metaspace] GC(362) Metaspace: 142855K(145984K)->142855K(145984K) NonClass: 124690K(125952K)->124690K(125952K) Class: 18165K(20032K)->18165K(20032K)
[2023-02-09T15:08:58.076+0000][68][gc          ] GC(362) Pause Young (Normal) (G1 Evacuation Pause) 204M->116M(256M) 17.952ms
[2023-02-09T15:08:58.077+0000][68][gc,cpu      ] GC(362) User=0.01s Sys=0.00s Real=0.01s
[2023-02-09T15:08:58.080+0000][68][safepoint   ] Safepoint "G1CollectForAllocation", Time since last: 16430367589 ns, Reaching safepoint: 120695 ns, At safepoint: 21455392 ns, Total: 21576087 ns
[2023-02-09T15:09:04.086+0000][68][safepoint   ] Safepoint "Cleanup", Time since last: 6005357690 ns, Reaching safepoint: 633669 ns, At safepoint: 68695 ns, Total: 702364 ns
[2023-02-09T15:09:20.753+0000][68][gc,start    ] GC(363) Pause Young (Concurrent Start) (G1 Evacuation Pause)
[2023-02-09T15:09:20.754+0000][68][gc,task     ] GC(363) Using 4 workers of 4 for evacuation
[2023-02-09T15:09:20.755+0000][68][gc,age      ] GC(363) Desired survivor size 6291456 bytes, new threshold 15 (max threshold 15)
[2023-02-09T15:09:20.761+0000][68][gc,phases   ] GC(363)   Pre Evacuate Collection Set: 0.4ms
[2023-02-09T15:09:20.762+0000][68][gc,phases   ] GC(363)   Merge Heap Roots: 0.1ms
[2023-02-09T15:09:20.762+0000][68][gc,phases   ] GC(363)   Evacuate Collection Set: 4.0ms
[2023-02-09T15:09:20.763+0000][68][gc,phases   ] GC(363)   Post Evacuate Collection Set: 0.7ms
[2023-02-09T15:09:20.764+0000][68][gc,phases   ] GC(363)   Other: 1.5ms
[2023-02-09T15:09:20.764+0000][68][gc,age      ] GC(363) Age table with threshold 15 (max threshold 15)
[2023-02-09T15:09:20.765+0000][68][gc,age      ] GC(363) - age   1:    2007816 bytes,    2007816 total
[2023-02-09T15:09:20.765+0000][68][gc,age      ] GC(363) - age   2:      26336 bytes,    2034152 total
[2023-02-09T15:09:20.765+0000][68][gc,age      ] GC(363) - age   3:     112952 bytes,    2147104 total
[2023-02-09T15:09:20.766+0000][68][gc,age      ] GC(363) - age   4:       2280 bytes,    2149384 total
[2023-02-09T15:09:20.766+0000][68][gc,age      ] GC(363) - age   5:        808 bytes,    2150192 total
[2023-02-09T15:09:20.767+0000][68][gc,age      ] GC(363) - age   6:      21152 bytes,    2171344 total
[2023-02-09T15:09:20.767+0000][68][gc,age      ] GC(363) - age   7:      18168 bytes,    2189512 total
[2023-02-09T15:09:20.768+0000][68][gc,age      ] GC(363) - age   8:     298656 bytes,    2488168 total
[2023-02-09T15:09:20.768+0000][68][gc,age      ] GC(363) - age   9:       1848 bytes,    2490016 total
[2023-02-09T15:09:20.769+0000][68][gc,age      ] GC(363) - age  10:       8056 bytes,    2498072 total
[2023-02-09T15:09:20.769+0000][68][gc,age      ] GC(363) - age  11:       2696 bytes,    2500768 total
[2023-02-09T15:09:20.769+0000][68][gc,age      ] GC(363) - age  12:      49592 bytes,    2550360 total
[2023-02-09T15:09:20.770+0000][68][gc,age      ] GC(363) - age  13:      10816 bytes,    2561176 total
[2023-02-09T15:09:20.770+0000][68][gc,age      ] GC(363) - age  14:       1848 bytes,    2563024 total
[2023-02-09T15:09:20.771+0000][68][gc,age      ] GC(363) - age  15:      10672 bytes,    2573696 total
[2023-02-09T15:09:20.771+0000][68][gc,heap     ] GC(363) Eden regions: 22->0(21)
[2023-02-09T15:09:20.772+0000][68][gc,heap     ] GC(363) Survivor regions: 1->1(3)
[2023-02-09T15:09:20.772+0000][68][gc,heap     ] GC(363) Old regions: 26->26
[2023-02-09T15:09:20.773+0000][68][gc,heap     ] GC(363) Archive regions: 2->2
[2023-02-09T15:09:20.773+0000][68][gc,heap     ] GC(363) Humongous regions: 2->2
[2023-02-09T15:09:20.774+0000][68][gc,metaspace] GC(363) Metaspace: 142913K(146048K)->142913K(146048K) NonClass: 124748K(126016K)->124748K(126016K) Class: 18165K(20032K)->18165K(20032K)
[2023-02-09T15:09:20.775+0000][68][gc          ] GC(363) Pause Young (Concurrent Start) (G1 Evacuation Pause) 204M->116M(256M) 21.288ms
[2023-02-09T15:09:20.775+0000][68][gc,cpu      ] GC(363) User=0.00s Sys=0.01s Real=0.03s
[2023-02-09T15:09:20.776+0000][68][safepoint   ] Safepoint "G1CollectForAllocation", Time since last: 16689723796 ns, Reaching safepoint: 119478 ns, At safepoint: 22673563 ns, Total: 22793041 ns
[2023-02-09T15:09:20.775+0000][68][gc          ] GC(364) Concurrent Mark Cycle
[2023-02-09T15:09:20.778+0000][68][gc,marking  ] GC(364) Concurrent Clear Claimed Marks
[2023-02-09T15:09:20.779+0000][68][gc,marking  ] GC(364) Concurrent Clear Claimed Marks 0.862ms
[2023-02-09T15:09:20.779+0000][68][gc,marking  ] GC(364) Concurrent Scan Root Regions
[2023-02-09T15:09:20.782+0000][68][gc,marking  ] GC(364) Concurrent Scan Root Regions 2.873ms
[2023-02-09T15:09:20.783+0000][68][gc,marking  ] GC(364) Concurrent Mark
[2023-02-09T15:09:20.784+0000][68][gc,marking  ] GC(364) Concurrent Mark From Roots
[2023-02-09T15:09:20.784+0000][68][gc,task     ] GC(364) Using 1 workers of 1 for marking
[2023-02-09T15:09:20.932+0000][68][gc,marking  ] GC(364) Concurrent Mark From Roots 148.148ms
[2023-02-09T15:09:20.933+0000][68][gc,marking  ] GC(364) Concurrent Preclean
[2023-02-09T15:09:20.934+0000][68][gc,marking  ] GC(364) Concurrent Preclean 0.973ms
[2023-02-09T15:09:20.935+0000][68][gc,start    ] GC(364) Pause Remark
[2023-02-09T15:09:20.947+0000][68][gc          ] GC(364) Pause Remark 119M->119M(256M) 12.196ms
[2023-02-09T15:09:20.958+0000][68][gc,cpu      ] GC(364) User=0.04s Sys=0.00s Real=0.02s
[2023-02-09T15:09:20.959+0000][68][safepoint   ] Safepoint "G1PauseRemark", Time since last: 159114968 ns, Reaching safepoint: 131305 ns, At safepoint: 23847415 ns, Total: 23978720 ns
[2023-02-09T15:09:20.961+0000][68][gc,marking  ] GC(364) Concurrent Mark 177.715ms
[2023-02-09T15:09:20.961+0000][68][gc,marking  ] GC(364) Concurrent Rebuild Remembered Sets
[2023-02-09T15:09:21.018+0000][68][gc,marking  ] GC(364) Concurrent Rebuild Remembered Sets 57.111ms
[2023-02-09T15:09:21.021+0000][68][gc,start    ] GC(364) Pause Cleanup
[2023-02-09T15:09:21.023+0000][68][gc          ] GC(364) Pause Cleanup 119M->119M(256M) 1.419ms
[2023-02-09T15:09:21.024+0000][68][gc,cpu      ] GC(364) User=0.00s Sys=0.00s Real=0.00s
[2023-02-09T15:09:21.024+0000][68][safepoint   ] Safepoint "G1PauseCleanup", Time since last: 62241970 ns, Reaching safepoint: 104170 ns, At safepoint: 3187428 ns, Total: 3291598 ns
[2023-02-09T15:09:21.026+0000][68][gc,marking  ] GC(364) Concurrent Cleanup for Next Mark
[2023-02-09T15:09:21.027+0000][68][gc,marking  ] GC(364) Concurrent Cleanup for Next Mark 1.272ms
[2023-02-09T15:09:21.028+0000][68][gc          ] GC(364) Concurrent Mark Cycle 252.312ms
[2023-02-09T15:09:47.058+0000][68][safepoint   ] Safepoint "Cleanup", Time since last: 26033047580 ns, Reaching safepoint: 505518 ns, At safepoint: 23858 ns, Total: 529376 ns
[2023-02-09T15:09:50.357+0000][68][gc,start    ] GC(365) Pause Young (Normal) (G1 Evacuation Pause)
[2023-02-09T15:09:50.358+0000][68][gc,task     ] GC(365) Using 4 workers of 4 for evacuation
[2023-02-09T15:09:50.359+0000][68][gc,age      ] GC(365) Desired survivor size 6291456 bytes, new threshold 15 (max threshold 15)
[2023-02-09T15:09:50.363+0000][68][gc,phases   ] GC(365)   Pre Evacuate Collection Set: 0.1ms
[2023-02-09T15:09:50.364+0000][68][gc,phases   ] GC(365)   Merge Heap Roots: 0.1ms
[2023-02-09T15:09:50.365+0000][68][gc,phases   ] GC(365)   Evacuate Collection Set: 1.9ms
[2023-02-09T15:09:50.366+0000][68][gc,phases   ] GC(365)   Post Evacuate Collection Set: 1.0ms
[2023-02-09T15:09:50.366+0000][68][gc,phases   ] GC(365)   Other: 2.3ms
[2023-02-09T15:09:50.367+0000][68][gc,age      ] GC(365) Age table with threshold 15 (max threshold 15)
[2023-02-09T15:09:50.368+0000][68][gc,age      ] GC(365) - age   1:     566856 bytes,     566856 total
[2023-02-09T15:09:50.368+0000][68][gc,age      ] GC(365) - age   2:      13296 bytes,     580152 total
[2023-02-09T15:09:50.369+0000][68][gc,age      ] GC(365) - age   3:      25048 bytes,     605200 total
[2023-02-09T15:09:50.369+0000][68][gc,age      ] GC(365) - age   4:       2272 bytes,     607472 total
[2023-02-09T15:09:50.370+0000][68][gc,age      ] GC(365) - age   5:       2216 bytes,     609688 total
[2023-02-09T15:09:50.371+0000][68][gc,age      ] GC(365) - age   6:        744 bytes,     610432 total
[2023-02-09T15:09:50.456+0000][68][gc,age      ] GC(365) - age   7:      20856 bytes,     631288 total
[2023-02-09T15:09:50.458+0000][68][gc,age      ] GC(365) - age   8:      18168 bytes,     649456 total
[2023-02-09T15:09:50.460+0000][68][gc,age      ] GC(365) - age   9:     298656 bytes,     948112 total
[2023-02-09T15:09:50.462+0000][68][gc,age      ] GC(365) - age  10:       1824 bytes,     949936 total
[2023-02-09T15:09:50.464+0000][68][gc,age      ] GC(365) - age  11:       8056 bytes,     957992 total
[2023-02-09T15:09:50.465+0000][68][gc,age      ] GC(365) - age  12:       2200 bytes,     960192 total
[2023-02-09T15:09:50.466+0000][68][gc,age      ] GC(365) - age  13:      44168 bytes,    1004360 total
[2023-02-09T15:09:50.468+0000][68][gc,age      ] GC(365) - age  14:      10816 bytes,    1015176 total
[2023-02-09T15:09:50.469+0000][68][gc,age      ] GC(365) - age  15:       1848 bytes,    1017024 total
[2023-02-09T15:09:50.470+0000][68][gc,heap     ] GC(365) Eden regions: 21->0(22)
[2023-02-09T15:09:50.471+0000][68][gc,heap     ] GC(365) Survivor regions: 1->1(3)
[2023-02-09T15:09:50.471+0000][68][gc,heap     ] GC(365) Old regions: 26->26
[2023-02-09T15:09:50.472+0000][68][gc,heap     ] GC(365) Archive regions: 2->2
[2023-02-09T15:09:50.474+0000][68][gc,heap     ] GC(365) Humongous regions: 2->2
[2023-02-09T15:09:50.475+0000][68][gc,metaspace] GC(365) Metaspace: 142913K(146048K)->142913K(146048K) NonClass: 124748K(126016K)->124748K(126016K) Class: 18165K(20032K)->18165K(20032K)
[2023-02-09T15:09:50.477+0000][68][gc          ] GC(365) Pause Young (Normal) (G1 Evacuation Pause) 200M->115M(256M) 119.674ms
[2023-02-09T15:09:50.477+0000][68][gc,cpu      ] GC(365) User=0.01s Sys=0.00s Real=0.12s
[2023-02-09T15:09:50.478+0000][68][safepoint   ] Safepoint "G1CollectForAllocation", Time since last: 3320180856 ns, Reaching safepoint: 188696 ns, At safepoint: 121304140 ns, Total: 121492836 ns
[2023-02-09T15:09:51.479+0000][68][safepoint   ] Safepoint "Cleanup", Time since last: 1001148723 ns, Reaching safepoint: 155216 ns, At safepoint: 12835 ns, Total: 168051 ns
[2023-02-09T15:10:04.488+0000][68][safepoint   ] Safepoint "Cleanup", Time since last: 13008359789 ns, Reaching safepoint: 535255 ns, At safepoint: 49843 ns, Total: 585098 ns
[2023-02-09T15:10:09.494+0000][68][safepoint   ] Safepoint "Cleanup", Time since last: 5004808260 ns, Reaching safepoint: 315431 ns, At safepoint: 88849 ns, Total: 404280 ns
[2023-02-09T15:10:14.709+0000][68][gc,start    ] GC(366) Pause Young (Concurrent Start) (G1 Evacuation Pause)
[2023-02-09T15:10:14.709+0000][68][gc,task     ] GC(366) Using 4 workers of 4 for evacuation
[2023-02-09T15:10:14.710+0000][68][gc,age      ] GC(366) Desired survivor size 6291456 bytes, new threshold 15 (max threshold 15)
[2023-02-09T15:10:14.716+0000][68][gc,phases   ] GC(366)   Pre Evacuate Collection Set: 0.5ms
[2023-02-09T15:10:14.717+0000][68][gc,phases   ] GC(366)   Merge Heap Roots: 0.2ms
[2023-02-09T15:10:14.717+0000][68][gc,phases   ] GC(366)   Evacuate Collection Set: 3.1ms
[2023-02-09T15:10:14.718+0000][68][gc,phases   ] GC(366)   Post Evacuate Collection Set: 1.0ms
[2023-02-09T15:10:14.718+0000][68][gc,phases   ] GC(366)   Other: 1.5ms
[2023-02-09T15:10:14.719+0000][68][gc,age      ] GC(366) Age table with threshold 15 (max threshold 15)
[2023-02-09T15:10:14.719+0000][68][gc,age      ] GC(366) - age   1:     782176 bytes,     782176 total
[2023-02-09T15:10:14.720+0000][68][gc,age      ] GC(366) - age   2:     235408 bytes,    1017584 total
[2023-02-09T15:10:14.720+0000][68][gc,age      ] GC(366) - age   3:       2688 bytes,    1020272 total
[2023-02-09T15:10:14.721+0000][68][gc,age      ] GC(366) - age   4:      20976 bytes,    1041248 total
[2023-02-09T15:10:14.721+0000][68][gc,age      ] GC(366) - age   5:       1904 bytes,    1043152 total
[2023-02-09T15:10:14.722+0000][68][gc,age      ] GC(366) - age   6:       2160 bytes,    1045312 total
[2023-02-09T15:10:14.723+0000][68][gc,age      ] GC(366) - age   7:        680 bytes,    1045992 total
[2023-02-09T15:10:14.723+0000][68][gc,age      ] GC(366) - age   8:      20856 bytes,    1066848 total
[2023-02-09T15:10:14.724+0000][68][gc,age      ] GC(366) - age   9:      18168 bytes,    1085016 total
[2023-02-09T15:10:14.725+0000][68][gc,age      ] GC(366) - age  10:     298656 bytes,    1383672 total
[2023-02-09T15:10:14.726+0000][68][gc,age      ] GC(366) - age  11:       1824 bytes,    1385496 total
[2023-02-09T15:10:14.727+0000][68][gc,age      ] GC(366) - age  12:       8056 bytes,    1393552 total
[2023-02-09T15:10:14.727+0000][68][gc,age      ] GC(366) - age  13:       2200 bytes,    1395752 total
[2023-02-09T15:10:14.728+0000][68][gc,age      ] GC(366) - age  14:      44168 bytes,    1439920 total
[2023-02-09T15:10:14.728+0000][68][gc,age      ] GC(366) - age  15:      10816 bytes,    1450736 total
[2023-02-09T15:10:14.729+0000][68][gc,heap     ] GC(366) Eden regions: 22->0(22)
[2023-02-09T15:10:14.729+0000][68][gc,heap     ] GC(366) Survivor regions: 1->1(3)
[2023-02-09T15:10:14.729+0000][68][gc,heap     ] GC(366) Old regions: 26->26
[2023-02-09T15:10:14.730+0000][68][gc,heap     ] GC(366) Archive regions: 2->2
[2023-02-09T15:10:14.730+0000][68][gc,heap     ] GC(366) Humongous regions: 2->2
[2023-02-09T15:10:14.731+0000][68][gc,metaspace] GC(366) Metaspace: 142918K(146048K)->142918K(146048K) NonClass: 124753K(126016K)->124753K(126016K) Class: 18165K(20032K)->18165K(20032K)
[2023-02-09T15:10:14.731+0000][68][gc          ] GC(366) Pause Young (Concurrent Start) (G1 Evacuation Pause) 203M->115M(256M) 22.890ms
[2023-02-09T15:10:14.732+0000][68][gc,cpu      ] GC(366) User=0.01s Sys=0.00s Real=0.02s
[2023-02-09T15:10:14.733+0000][68][safepoint   ] Safepoint "G1CollectForAllocation", Time since last: 5214608297 ns, Reaching safepoint: 304935 ns, At safepoint: 24490883 ns, Total: 24795818 ns
[2023-02-09T15:10:14.732+0000][68][gc          ] GC(367) Concurrent Mark Cycle
[2023-02-09T15:10:14.735+0000][68][gc,marking  ] GC(367) Concurrent Clear Claimed Marks
[2023-02-09T15:10:14.736+0000][68][gc,marking  ] GC(367) Concurrent Clear Claimed Marks 1.427ms
[2023-02-09T15:10:14.739+0000][68][gc,marking  ] GC(367) Concurrent Scan Root Regions
[2023-02-09T15:10:14.743+0000][68][gc,marking  ] GC(367) Concurrent Scan Root Regions 3.736ms
[2023-02-09T15:10:14.744+0000][68][gc,marking  ] GC(367) Concurrent Mark
[2023-02-09T15:10:14.744+0000][68][gc,marking  ] GC(367) Concurrent Mark From Roots
[2023-02-09T15:10:14.745+0000][68][gc,task     ] GC(367) Using 1 workers of 1 for marking
[2023-02-09T15:10:14.863+0000][68][gc,marking  ] GC(367) Concurrent Mark From Roots 119.034ms
[2023-02-09T15:10:14.865+0000][68][gc,marking  ] GC(367) Concurrent Preclean
[2023-02-09T15:10:14.865+0000][68][gc,marking  ] GC(367) Concurrent Preclean 0.883ms
[2023-02-09T15:10:14.867+0000][68][gc,start    ] GC(367) Pause Remark
[2023-02-09T15:10:14.879+0000][68][gc          ] GC(367) Pause Remark 118M->118M(256M) 12.530ms
[2023-02-09T15:10:14.880+0000][68][gc,cpu      ] GC(367) User=0.04s Sys=0.00s Real=0.01s
[2023-02-09T15:10:14.881+0000][68][safepoint   ] Safepoint "G1PauseRemark", Time since last: 133541188 ns, Reaching safepoint: 94643 ns, At safepoint: 14767293 ns, Total: 14861936 ns
[2023-02-09T15:10:14.882+0000][68][gc,marking  ] GC(367) Concurrent Mark 138.782ms
[2023-02-09T15:10:14.883+0000][68][gc,marking  ] GC(367) Concurrent Rebuild Remembered Sets
[2023-02-09T15:10:14.986+0000][68][gc,marking  ] GC(367) Concurrent Rebuild Remembered Sets 102.591ms
[2023-02-09T15:10:14.988+0000][68][gc,start    ] GC(367) Pause Cleanup
[2023-02-09T15:10:14.989+0000][68][gc          ] GC(367) Pause Cleanup 119M->119M(256M) 1.380ms
[2023-02-09T15:10:14.990+0000][68][gc,cpu      ] GC(367) User=0.00s Sys=0.00s Real=0.00s
[2023-02-09T15:10:14.992+0000][68][safepoint   ] Safepoint "G1PauseCleanup", Time since last: 106037739 ns, Reaching safepoint: 107051 ns, At safepoint: 4322612 ns, Total: 4429663 ns
[2023-02-09T15:10:14.993+0000][68][gc,marking  ] GC(367) Concurrent Cleanup for Next Mark
[2023-02-09T15:10:14.996+0000][68][gc,marking  ] GC(367) Concurrent Cleanup for Next Mark 2.552ms
[2023-02-09T15:10:14.997+0000][68][gc          ] GC(367) Concurrent Mark Cycle 264.373ms
[2023-02-09T15:10:33.986+0000][68][safepoint   ] Safepoint "Cleanup", Time since last: 19015544104 ns, Reaching safepoint: 215859 ns, At safepoint: 5104 ns, Total: 220963 ns
[2023-02-09T15:10:35.989+0000][68][safepoint   ] Safepoint "Cleanup", Time since last: 2002588628 ns, Reaching safepoint: 321391 ns, At safepoint: 5968 ns, Total: 327359 ns
[2023-02-09T15:10:44.765+0000][68][gc,start    ] GC(368) Pause Young (Normal) (G1 Evacuation Pause)
[2023-02-09T15:10:44.766+0000][68][gc,task     ] GC(368) Using 4 workers of 4 for evacuation
[2023-02-09T15:10:44.766+0000][68][gc,age      ] GC(368) Desired survivor size 6291456 bytes, new threshold 15 (max threshold 15)
[2023-02-09T15:10:44.770+0000][68][gc,phases   ] GC(368)   Pre Evacuate Collection Set: 0.2ms
[2023-02-09T15:10:44.771+0000][68][gc,phases   ] GC(368)   Merge Heap Roots: 0.1ms
[2023-02-09T15:10:44.772+0000][68][gc,phases   ] GC(368)   Evacuate Collection Set: 1.9ms
[2023-02-09T15:10:44.772+0000][68][gc,phases   ] GC(368)   Post Evacuate Collection Set: 1.0ms
[2023-02-09T15:10:44.773+0000][68][gc,phases   ] GC(368)   Other: 1.8ms
[2023-02-09T15:10:44.773+0000][68][gc,age      ] GC(368) Age table with threshold 15 (max threshold 15)
[2023-02-09T15:10:44.774+0000][68][gc,age      ] GC(368) - age   1:    1202592 bytes,    1202592 total
[2023-02-09T15:10:44.775+0000][68][gc,age      ] GC(368) - age   2:     171704 bytes,    1374296 total
[2023-02-09T15:10:44.775+0000][68][gc,age      ] GC(368) - age   3:     106648 bytes,    1480944 total
[2023-02-09T15:10:44.775+0000][68][gc,age      ] GC(368) - age   4:       2320 bytes,    1483264 total
[2023-02-09T15:10:44.776+0000][68][gc,age      ] GC(368) - age   5:      20848 bytes,    1504112 total
[2023-02-09T15:10:44.776+0000][68][gc,age      ] GC(368) - age   6:       1544 bytes,    1505656 total
[2023-02-09T15:10:44.777+0000][68][gc,age      ] GC(368) - age   7:       2160 bytes,    1507816 total
[2023-02-09T15:10:44.778+0000][68][gc,age      ] GC(368) - age   8:        680 bytes,    1508496 total
[2023-02-09T15:10:44.779+0000][68][gc,age      ] GC(368) - age   9:      20856 bytes,    1529352 total
[2023-02-09T15:10:44.779+0000][68][gc,age      ] GC(368) - age  10:      18168 bytes,    1547520 total
[2023-02-09T15:10:44.780+0000][68][gc,age      ] GC(368) - age  11:     298656 bytes,    1846176 total
[2023-02-09T15:10:44.781+0000][68][gc,age      ] GC(368) - age  12:       1824 bytes,    1848000 total
[2023-02-09T15:10:44.782+0000][68][gc,age      ] GC(368) - age  13:       8056 bytes,    1856056 total
[2023-02-09T15:10:44.782+0000][68][gc,age      ] GC(368) - age  14:       2200 bytes,    1858256 total
[2023-02-09T15:10:44.783+0000][68][gc,age      ] GC(368) - age  15:      43800 bytes,    1902056 total
[2023-02-09T15:10:44.784+0000][68][gc,heap     ] GC(368) Eden regions: 22->0(22)
[2023-02-09T15:10:44.784+0000][68][gc,heap     ] GC(368) Survivor regions: 1->1(3)
[2023-02-09T15:10:44.785+0000][68][gc,heap     ] GC(368) Old regions: 26->26
[2023-02-09T15:10:44.785+0000][68][gc,heap     ] GC(368) Archive regions: 2->2
[2023-02-09T15:10:44.785+0000][68][gc,heap     ] GC(368) Humongous regions: 2->2
[2023-02-09T15:10:44.786+0000][68][gc,metaspace] GC(368) Metaspace: 142918K(146048K)->142918K(146048K) NonClass: 124753K(126016K)->124753K(126016K) Class: 18165K(20032K)->18165K(20032K)
[2023-02-09T15:10:44.786+0000][68][gc          ] GC(368) Pause Young (Normal) (G1 Evacuation Pause) 203M->116M(256M) 21.517ms
[2023-02-09T15:10:44.787+0000][68][gc,cpu      ] GC(368) User=0.01s Sys=0.00s Real=0.02s
[2023-02-09T15:10:44.787+0000][68][safepoint   ] Safepoint "G1CollectForAllocation", Time since last: 8775383229 ns, Reaching safepoint: 200822 ns, At safepoint: 22718818 ns, Total: 22919640 ns
[2023-02-09T15:10:54.769+0000][68][safepoint   ] Safepoint "Cleanup", Time since last: 10009754566 ns, Reaching safepoint: 193463 ns, At safepoint: 5742 ns, Total: 199205 ns
[2023-02-09T15:10:58.775+0000][68][safepoint   ] Safepoint "Cleanup", Time since last: 4005477462 ns, Reaching safepoint: 289395 ns, At safepoint: 9534 ns, Total: 298929 ns
[2023-02-09T15:10:59.777+0000][68][safepoint   ] Safepoint "Cleanup", Time since last: 1002256208 ns, Reaching safepoint: 202122 ns, At safepoint: 5577 ns, Total: 207699 ns
[2023-02-09T15:11:03.782+0000][68][safepoint   ] Safepoint "Cleanup", Time since last: 4004573809 ns, Reaching safepoint: 194023 ns, At safepoint: 5037 ns, Total: 199060 ns
[2023-02-09T15:11:07.329+0000][68][gc,start    ] GC(369) Pause Young (Concurrent Start) (G1 Evacuation Pause)
[2023-02-09T15:11:07.337+0000][68][gc,task     ] GC(369) Using 4 workers of 4 for evacuation
[2023-02-09T15:11:07.338+0000][68][gc,age      ] GC(369) Desired survivor size 6291456 bytes, new threshold 15 (max threshold 15)
[2023-02-09T15:11:07.343+0000][68][gc,phases   ] GC(369)   Pre Evacuate Collection Set: 0.6ms
[2023-02-09T15:11:07.344+0000][68][gc,phases   ] GC(369)   Merge Heap Roots: 0.2ms
[2023-02-09T15:11:07.344+0000][68][gc,phases   ] GC(369)   Evacuate Collection Set: 2.1ms
[2023-02-09T15:11:07.345+0000][68][gc,phases   ] GC(369)   Post Evacuate Collection Set: 1.0ms
[2023-02-09T15:11:07.346+0000][68][gc,phases   ] GC(369)   Other: 2.1ms
[2023-02-09T15:11:07.347+0000][68][gc,age      ] GC(369) Age table with threshold 15 (max threshold 15)
[2023-02-09T15:11:07.348+0000][68][gc,age      ] GC(369) - age   1:    1161704 bytes,    1161704 total
[2023-02-09T15:11:07.349+0000][68][gc,age      ] GC(369) - age   2:     148576 bytes,    1310280 total
[2023-02-09T15:11:07.350+0000][68][gc,age      ] GC(369) - age   3:      39632 bytes,    1349912 total
[2023-02-09T15:11:07.350+0000][68][gc,age      ] GC(369) - age   4:      98992 bytes,    1448904 total
[2023-02-09T15:11:07.351+0000][68][gc,age      ] GC(369) - age   5:       2240 bytes,    1451144 total
[2023-02-09T15:11:07.352+0000][68][gc,age      ] GC(369) - age   6:      20848 bytes,    1471992 total
[2023-02-09T15:11:07.353+0000][68][gc,age      ] GC(369) - age   7:        392 bytes,    1472384 total
[2023-02-09T15:11:07.354+0000][68][gc,age      ] GC(369) - age   8:       2160 bytes,    1474544 total
[2023-02-09T15:11:07.354+0000][68][gc,age      ] GC(369) - age   9:        648 bytes,    1475192 total
[2023-02-09T15:11:07.355+0000][68][gc,age      ] GC(369) - age  10:      19368 bytes,    1494560 total
[2023-02-09T15:11:07.356+0000][68][gc,age      ] GC(369) - age  11:        704 bytes,    1495264 total
[2023-02-09T15:11:07.357+0000][68][gc,age      ] GC(369) - age  12:     167768 bytes,    1663032 total
[2023-02-09T15:11:07.357+0000][68][gc,age      ] GC(369) - age  13:       1696 bytes,    1664728 total
[2023-02-09T15:11:07.358+0000][68][gc,age      ] GC(369) - age  14:       8056 bytes,    1672784 total
[2023-02-09T15:11:07.358+0000][68][gc,age      ] GC(369) - age  15:       2200 bytes,    1674984 total
[2023-02-09T15:11:07.359+0000][68][gc,heap     ] GC(369) Eden regions: 22->0(22)
[2023-02-09T15:11:07.360+0000][68][gc,heap     ] GC(369) Survivor regions: 1->1(3)
[2023-02-09T15:11:07.361+0000][68][gc,heap     ] GC(369) Old regions: 26->26
[2023-02-09T15:11:07.363+0000][68][gc,heap     ] GC(369) Archive regions: 2->2
[2023-02-09T15:11:07.364+0000][68][gc,heap     ] GC(369) Humongous regions: 2->2
[2023-02-09T15:11:07.365+0000][68][gc,metaspace] GC(369) Metaspace: 142942K(146048K)->142942K(146048K) NonClass: 124774K(126016K)->124774K(126016K) Class: 18168K(20032K)->18168K(20032K)
[2023-02-09T15:11:07.366+0000][68][gc          ] GC(369) Pause Young (Concurrent Start) (G1 Evacuation Pause) 204M->116M(256M) 36.687ms
[2023-02-09T15:11:07.367+0000][68][gc          ] GC(370) Concurrent Mark Cycle
[2023-02-09T15:11:07.368+0000][68][gc,marking  ] GC(370) Concurrent Clear Claimed Marks
[2023-02-09T15:11:07.367+0000][68][gc,cpu      ] GC(369) User=0.01s Sys=0.00s Real=0.04s
[2023-02-09T15:11:07.369+0000][68][gc,marking  ] GC(370) Concurrent Clear Claimed Marks 1.152ms
[2023-02-09T15:11:07.370+0000][68][gc,marking  ] GC(370) Concurrent Scan Root Regions
[2023-02-09T15:11:07.370+0000][68][safepoint   ] Safepoint "G1CollectForAllocation", Time since last: 3546834428 ns, Reaching safepoint: 122761 ns, At safepoint: 40859053 ns, Total: 40981814 ns
[2023-02-09T15:11:07.374+0000][68][gc,marking  ] GC(370) Concurrent Scan Root Regions 3.543ms
[2023-02-09T15:11:07.375+0000][68][gc,marking  ] GC(370) Concurrent Mark
[2023-02-09T15:11:07.375+0000][68][gc,marking  ] GC(370) Concurrent Mark From Roots
[2023-02-09T15:11:07.376+0000][68][gc,task     ] GC(370) Using 1 workers of 1 for marking
[2023-02-09T15:11:07.509+0000][68][gc,marking  ] GC(370) Concurrent Mark From Roots 133.745ms
[2023-02-09T15:11:07.510+0000][68][gc,marking  ] GC(370) Concurrent Preclean
[2023-02-09T15:11:07.512+0000][68][gc,marking  ] GC(370) Concurrent Preclean 1.370ms
[2023-02-09T15:11:07.513+0000][68][gc,start    ] GC(370) Pause Remark
[2023-02-09T15:11:07.524+0000][68][gc          ] GC(370) Pause Remark 116M->116M(256M) 10.635ms
[2023-02-09T15:11:07.525+0000][68][gc,cpu      ] GC(370) User=0.03s Sys=0.00s Real=0.02s
[2023-02-09T15:11:07.526+0000][68][safepoint   ] Safepoint "G1PauseRemark", Time since last: 142820111 ns, Reaching safepoint: 193879 ns, At safepoint: 12548027 ns, Total: 12741906 ns
[2023-02-09T15:11:07.526+0000][68][gc,marking  ] GC(370) Concurrent Mark 151.502ms
[2023-02-09T15:11:07.527+0000][68][gc,marking  ] GC(370) Concurrent Rebuild Remembered Sets
[2023-02-09T15:11:07.582+0000][68][gc,marking  ] GC(370) Concurrent Rebuild Remembered Sets 54.815ms
[2023-02-09T15:11:07.584+0000][68][gc,start    ] GC(370) Pause Cleanup
[2023-02-09T15:11:07.585+0000][68][gc          ] GC(370) Pause Cleanup 116M->116M(256M) 0.857ms
[2023-02-09T15:11:07.585+0000][68][gc,cpu      ] GC(370) User=0.01s Sys=0.00s Real=0.00s
[2023-02-09T15:11:07.586+0000][68][safepoint   ] Safepoint "G1PauseCleanup", Time since last: 58156471 ns, Reaching safepoint: 169005 ns, At safepoint: 1876621 ns, Total: 2045626 ns
[2023-02-09T15:11:07.586+0000][68][gc,marking  ] GC(370) Concurrent Cleanup for Next Mark
[2023-02-09T15:11:07.587+0000][68][gc,marking  ] GC(370) Concurrent Cleanup for Next Mark 0.799ms
[2023-02-09T15:11:07.588+0000][68][gc          ] GC(370) Concurrent Mark Cycle 220.445ms
[2023-02-09T15:11:13.589+0000][68][safepoint   ] Safepoint "Cleanup", Time since last: 6002853501 ns, Reaching safepoint: 202132 ns, At safepoint: 41144 ns, Total: 243276 ns
[2023-02-09T15:11:26.580+0000][68][safepoint   ] Safepoint "Cleanup", Time since last: 13012238032 ns, Reaching safepoint: 882873 ns, At safepoint: 45629 ns, Total: 928502 ns
[2023-02-09T15:11:32.298+0000][68][gc,start    ] GC(371) Pause Young (Normal) (G1 Evacuation Pause)
[2023-02-09T15:11:32.300+0000][68][gc,task     ] GC(371) Using 4 workers of 4 for evacuation
[2023-02-09T15:11:32.302+0000][68][gc,age      ] GC(371) Desired survivor size 6291456 bytes, new threshold 15 (max threshold 15)
[2023-02-09T15:11:32.308+0000][68][gc,phases   ] GC(371)   Pre Evacuate Collection Set: 0.3ms
[2023-02-09T15:11:32.309+0000][68][gc,phases   ] GC(371)   Merge Heap Roots: 0.1ms
[2023-02-09T15:11:32.310+0000][68][gc,phases   ] GC(371)   Evacuate Collection Set: 3.5ms
[2023-02-09T15:11:32.311+0000][68][gc,phases   ] GC(371)   Post Evacuate Collection Set: 1.3ms
[2023-02-09T15:11:32.312+0000][68][gc,phases   ] GC(371)   Other: 2.9ms
[2023-02-09T15:11:32.312+0000][68][gc,age      ] GC(371) Age table with threshold 15 (max threshold 15)
[2023-02-09T15:11:32.313+0000][68][gc,age      ] GC(371) - age   1:    1615008 bytes,    1615008 total
[2023-02-09T15:11:32.314+0000][68][gc,age      ] GC(371) - age   2:     312160 bytes,    1927168 total
[2023-02-09T15:11:32.315+0000][68][gc,age      ] GC(371) - age   3:       1416 bytes,    1928584 total
[2023-02-09T15:11:32.316+0000][68][gc,age      ] GC(371) - age   4:      31488 bytes,    1960072 total
[2023-02-09T15:11:32.317+0000][68][gc,age      ] GC(371) - age   5:      98320 bytes,    2058392 total
[2023-02-09T15:11:32.317+0000][68][gc,age      ] GC(371) - age   6:       2176 bytes,    2060568 total
[2023-02-09T15:11:32.318+0000][68][gc,age      ] GC(371) - age   7:       4568 bytes,    2065136 total
[2023-02-09T15:11:32.319+0000][68][gc,age      ] GC(371) - age   8:        392 bytes,    2065528 total
[2023-02-09T15:11:32.319+0000][68][gc,age      ] GC(371) - age   9:       2160 bytes,    2067688 total
[2023-02-09T15:11:32.320+0000][68][gc,age      ] GC(371) - age  10:        352 bytes,    2068040 total
[2023-02-09T15:11:32.320+0000][68][gc,age      ] GC(371) - age  11:      19368 bytes,    2087408 total
[2023-02-09T15:11:32.321+0000][68][gc,age      ] GC(371) - age  12:        248 bytes,    2087656 total
[2023-02-09T15:11:32.321+0000][68][gc,age      ] GC(371) - age  13:       9312 bytes,    2096968 total
[2023-02-09T15:11:32.322+0000][68][gc,age      ] GC(371) - age  14:       1696 bytes,    2098664 total
[2023-02-09T15:11:32.323+0000][68][gc,age      ] GC(371) - age  15:       8056 bytes,    2106720 total
[2023-02-09T15:11:32.323+0000][68][gc,heap     ] GC(371) Eden regions: 22->0(21)
[2023-02-09T15:11:32.324+0000][68][gc,heap     ] GC(371) Survivor regions: 1->1(3)
[2023-02-09T15:11:32.324+0000][68][gc,heap     ] GC(371) Old regions: 26->26
[2023-02-09T15:11:32.325+0000][68][gc,heap     ] GC(371) Archive regions: 2->2
[2023-02-09T15:11:32.325+0000][68][gc,heap     ] GC(371) Humongous regions: 2->2
[2023-02-09T15:11:32.326+0000][68][gc,metaspace] GC(371) Metaspace: 142942K(146048K)->142942K(146048K) NonClass: 124774K(126016K)->124774K(126016K) Class: 18168K(20032K)->18168K(20032K)
[2023-02-09T15:11:32.326+0000][68][gc          ] GC(371) Pause Young (Normal) (G1 Evacuation Pause) 204M->116M(256M) 27.641ms
[2023-02-09T15:11:32.327+0000][68][gc,cpu      ] GC(371) User=0.02s Sys=0.00s Real=0.03s
[2023-02-09T15:11:32.327+0000][68][safepoint   ] Safepoint "G1CollectForAllocation", Time since last: 5718213830 ns, Reaching safepoint: 208850 ns, At safepoint: 29124291 ns, Total: 29333141 ns
[2023-02-09T15:11:33.328+0000][68][safepoint   ] Safepoint "Cleanup", Time since last: 1000604089 ns, Reaching safepoint: 152075 ns, At safepoint: 2977 ns, Total: 155052 ns
[2023-02-09T15:11:38.331+0000][68][safepoint   ] Safepoint "Cleanup", Time since last: 5002244722 ns, Reaching safepoint: 117787 ns, At safepoint: 3996 ns, Total: 121783 ns
[2023-02-09T15:11:57.878+0000][68][gc,start    ] GC(372) Pause Young (Concurrent Start) (G1 Evacuation Pause)
[2023-02-09T15:11:57.879+0000][68][gc,task     ] GC(372) Using 4 workers of 4 for evacuation
[2023-02-09T15:11:57.879+0000][68][gc,age      ] GC(372) Desired survivor size 6291456 bytes, new threshold 15 (max threshold 15)
[2023-02-09T15:11:57.884+0000][68][gc,phases   ] GC(372)   Pre Evacuate Collection Set: 0.3ms
[2023-02-09T15:11:57.884+0000][68][gc,phases   ] GC(372)   Merge Heap Roots: 0.1ms
[2023-02-09T15:11:57.885+0000][68][gc,phases   ] GC(372)   Evacuate Collection Set: 2.2ms
[2023-02-09T15:11:57.885+0000][68][gc,phases   ] GC(372)   Post Evacuate Collection Set: 0.8ms
[2023-02-09T15:11:57.886+0000][68][gc,phases   ] GC(372)   Other: 1.1ms
[2023-02-09T15:11:57.887+0000][68][gc,age      ] GC(372) Age table with threshold 15 (max threshold 15)
[2023-02-09T15:11:57.888+0000][68][gc,age      ] GC(372) - age   1:    1361744 bytes,    1361744 total
[2023-02-09T15:11:57.890+0000][68][gc,age      ] GC(372) - age   2:     438816 bytes,    1800560 total
[2023-02-09T15:11:57.891+0000][68][gc,age      ] GC(372) - age   3:     142272 bytes,    1942832 total
[2023-02-09T15:11:57.893+0000][68][gc,age      ] GC(372) - age   4:       1160 bytes,    1943992 total
[2023-02-09T15:11:57.895+0000][68][gc,age      ] GC(372) - age   5:      31488 bytes,    1975480 total
[2023-02-09T15:11:57.896+0000][68][gc,age      ] GC(372) - age   6:      98320 bytes,    2073800 total
[2023-02-09T15:11:57.897+0000][68][gc,age      ] GC(372) - age   7:       2176 bytes,    2075976 total
[2023-02-09T15:11:57.898+0000][68][gc,age      ] GC(372) - age   8:       4568 bytes,    2080544 total
[2023-02-09T15:11:57.899+0000][68][gc,age      ] GC(372) - age   9:        392 bytes,    2080936 total
[2023-02-09T15:11:57.900+0000][68][gc,age      ] GC(372) - age  10:       2160 bytes,    2083096 total
[2023-02-09T15:11:57.902+0000][68][gc,age      ] GC(372) - age  11:        352 bytes,    2083448 total
[2023-02-09T15:11:57.904+0000][68][gc,age      ] GC(372) - age  12:      19368 bytes,    2102816 total
[2023-02-09T15:11:57.905+0000][68][gc,age      ] GC(372) - age  13:        248 bytes,    2103064 total
[2023-02-09T15:11:57.906+0000][68][gc,age      ] GC(372) - age  14:       9216 bytes,    2112280 total
[2023-02-09T15:11:57.907+0000][68][gc,age      ] GC(372) - age  15:       1696 bytes,    2113976 total
[2023-02-09T15:11:57.908+0000][68][gc,heap     ] GC(372) Eden regions: 21->0(21)
[2023-02-09T15:11:57.909+0000][68][gc,heap     ] GC(372) Survivor regions: 1->1(3)
[2023-02-09T15:11:57.910+0000][68][gc,heap     ] GC(372) Old regions: 26->26
[2023-02-09T15:11:57.911+0000][68][gc,heap     ] GC(372) Archive regions: 2->2
[2023-02-09T15:11:57.911+0000][68][gc,heap     ] GC(372) Humongous regions: 2->2
[2023-02-09T15:11:57.912+0000][68][gc,metaspace] GC(372) Metaspace: 142942K(146048K)->142942K(146048K) NonClass: 124774K(126016K)->124774K(126016K) Class: 18168K(20032K)->18168K(20032K)
[2023-02-09T15:11:57.914+0000][68][gc          ] GC(372) Pause Young (Concurrent Start) (G1 Evacuation Pause) 200M->116M(256M) 35.516ms
[2023-02-09T15:11:57.915+0000][68][gc,cpu      ] GC(372) User=0.01s Sys=0.00s Real=0.04s
[2023-02-09T15:11:57.917+0000][68][safepoint   ] Safepoint "G1CollectForAllocation", Time since last: 19569651721 ns, Reaching safepoint: 105385 ns, At safepoint: 38387034 ns, Total: 38492419 ns
[2023-02-09T15:11:57.916+0000][68][gc          ] GC(373) Concurrent Mark Cycle
[2023-02-09T15:11:57.922+0000][68][gc,marking  ] GC(373) Concurrent Clear Claimed Marks
[2023-02-09T15:11:57.923+0000][68][gc,marking  ] GC(373) Concurrent Clear Claimed Marks 1.122ms
[2023-02-09T15:11:57.925+0000][68][gc,marking  ] GC(373) Concurrent Scan Root Regions
[2023-02-09T15:11:57.931+0000][68][gc,marking  ] GC(373) Concurrent Scan Root Regions 5.964ms
[2023-02-09T15:11:57.932+0000][68][gc,marking  ] GC(373) Concurrent Mark
[2023-02-09T15:11:57.933+0000][68][gc,marking  ] GC(373) Concurrent Mark From Roots
[2023-02-09T15:11:57.938+0000][68][gc,task     ] GC(373) Using 1 workers of 1 for marking
[2023-02-09T15:11:58.232+0000][68][gc,marking  ] GC(373) Concurrent Mark From Roots 298.322ms
[2023-02-09T15:11:58.233+0000][68][gc,marking  ] GC(373) Concurrent Preclean
[2023-02-09T15:11:58.235+0000][68][gc,marking  ] GC(373) Concurrent Preclean 1.546ms
[2023-02-09T15:11:58.236+0000][68][gc,start    ] GC(373) Pause Remark
[2023-02-09T15:11:58.253+0000][68][gc          ] GC(373) Pause Remark 121M->121M(256M) 17.005ms
[2023-02-09T15:11:58.254+0000][68][gc,cpu      ] GC(373) User=0.04s Sys=0.01s Real=0.02s
[2023-02-09T15:11:58.255+0000][68][safepoint   ] Safepoint "G1PauseRemark", Time since last: 319022089 ns, Reaching safepoint: 59876 ns, At safepoint: 19076383 ns, Total: 19136259 ns
[2023-02-09T15:11:58.257+0000][68][gc,marking  ] GC(373) Concurrent Mark 324.585ms
[2023-02-09T15:11:58.259+0000][68][gc,marking  ] GC(373) Concurrent Rebuild Remembered Sets
[2023-02-09T15:11:58.324+0000][68][gc,marking  ] GC(373) Concurrent Rebuild Remembered Sets 64.932ms
[2023-02-09T15:11:58.325+0000][68][gc,start    ] GC(373) Pause Cleanup
[2023-02-09T15:11:58.325+0000][68][gc          ] GC(373) Pause Cleanup 124M->124M(256M) 0.523ms
[2023-02-09T15:11:58.326+0000][68][gc,cpu      ] GC(373) User=0.00s Sys=0.00s Real=0.00s
[2023-02-09T15:11:58.326+0000][68][safepoint   ] Safepoint "G1PauseCleanup", Time since last: 69492565 ns, Reaching safepoint: 255922 ns, At safepoint: 1557500 ns, Total: 1813422 ns
[2023-02-09T15:11:58.327+0000][68][gc,marking  ] GC(373) Concurrent Cleanup for Next Mark
[2023-02-09T15:11:58.328+0000][68][gc,marking  ] GC(373) Concurrent Cleanup for Next Mark 1.157ms
[2023-02-09T15:11:58.329+0000][68][gc          ] GC(373) Concurrent Mark Cycle 412.999ms
[2023-02-09T15:12:04.330+0000][68][safepoint   ] Safepoint "Cleanup", Time since last: 6003154906 ns, Reaching safepoint: 953234 ns, At safepoint: 33081 ns, Total: 986315 ns
[2023-02-09T15:12:26.273+0000][68][gc,start    ] GC(374) Pause Young (Normal) (G1 Evacuation Pause)
[2023-02-09T15:12:26.275+0000][68][gc,task     ] GC(374) Using 4 workers of 4 for evacuation
[2023-02-09T15:12:26.276+0000][68][gc,age      ] GC(374) Desired survivor size 6291456 bytes, new threshold 15 (max threshold 15)
[2023-02-09T15:12:26.282+0000][68][gc,phases   ] GC(374)   Pre Evacuate Collection Set: 0.2ms
[2023-02-09T15:12:26.283+0000][68][gc,phases   ] GC(374)   Merge Heap Roots: 0.1ms
[2023-02-09T15:12:26.285+0000][68][gc,phases   ] GC(374)   Evacuate Collection Set: 2.5ms
[2023-02-09T15:12:26.286+0000][68][gc,phases   ] GC(374)   Post Evacuate Collection Set: 1.6ms
[2023-02-09T15:12:26.287+0000][68][gc,phases   ] GC(374)   Other: 2.6ms
[2023-02-09T15:12:26.288+0000][68][gc,age      ] GC(374) Age table with threshold 15 (max threshold 15)
[2023-02-09T15:12:26.288+0000][68][gc,age      ] GC(374) - age   1:    1368112 bytes,    1368112 total
[2023-02-09T15:12:26.289+0000][68][gc,age      ] GC(374) - age   2:       2592 bytes,    1370704 total
[2023-02-09T15:12:26.290+0000][68][gc,age      ] GC(374) - age   3:     427488 bytes,    1798192 total
[2023-02-09T15:12:26.291+0000][68][gc,age      ] GC(374) - age   4:     130000 bytes,    1928192 total
[2023-02-09T15:12:26.291+0000][68][gc,age      ] GC(374) - age   5:        672 bytes,    1928864 total
[2023-02-09T15:12:26.292+0000][68][gc,age      ] GC(374) - age   6:      30576 bytes,    1959440 total
[2023-02-09T15:12:26.293+0000][68][gc,age      ] GC(374) - age   7:      49624 bytes,    2009064 total
[2023-02-09T15:12:26.294+0000][68][gc,age      ] GC(374) - age   8:       2176 bytes,    2011240 total
[2023-02-09T15:12:26.295+0000][68][gc,age      ] GC(374) - age   9:       4568 bytes,    2015808 total
[2023-02-09T15:12:26.295+0000][68][gc,age      ] GC(374) - age  10:        392 bytes,    2016200 total
[2023-02-09T15:12:26.296+0000][68][gc,age      ] GC(374) - age  11:       2160 bytes,    2018360 total
[2023-02-09T15:12:26.297+0000][68][gc,age      ] GC(374) - age  12:        352 bytes,    2018712 total
[2023-02-09T15:12:26.297+0000][68][gc,age      ] GC(374) - age  13:      19368 bytes,    2038080 total
[2023-02-09T15:12:26.298+0000][68][gc,age      ] GC(374) - age  14:        184 bytes,    2038264 total
[2023-02-09T15:12:26.298+0000][68][gc,age      ] GC(374) - age  15:       9024 bytes,    2047288 total
[2023-02-09T15:12:26.299+0000][68][gc,heap     ] GC(374) Eden regions: 21->0(21)
[2023-02-09T15:12:26.300+0000][68][gc,heap     ] GC(374) Survivor regions: 1->1(3)
[2023-02-09T15:12:26.300+0000][68][gc,heap     ] GC(374) Old regions: 26->26
[2023-02-09T15:12:26.301+0000][68][gc,heap     ] GC(374) Archive regions: 2->2
[2023-02-09T15:12:26.301+0000][68][gc,heap     ] GC(374) Humongous regions: 2->2
[2023-02-09T15:12:26.302+0000][68][gc,metaspace] GC(374) Metaspace: 142942K(146048K)->142942K(146048K) NonClass: 124774K(126016K)->124774K(126016K) Class: 18168K(20032K)->18168K(20032K)
[2023-02-09T15:12:26.302+0000][68][gc          ] GC(374) Pause Young (Normal) (G1 Evacuation Pause) 200M->116M(256M) 28.979ms
[2023-02-09T15:12:26.303+0000][68][gc,cpu      ] GC(374) User=0.00s Sys=0.01s Real=0.03s
[2023-02-09T15:12:26.303+0000][68][safepoint   ] Safepoint "G1CollectForAllocation", Time since last: 21963692023 ns, Reaching safepoint: 487398 ns, At safepoint: 30207976 ns, Total: 30695374 ns
[2023-02-09T15:12:51.444+0000][68][gc,start    ] GC(375) Pause Young (Concurrent Start) (G1 Evacuation Pause)
[2023-02-09T15:12:51.444+0000][68][gc,task     ] GC(375) Using 4 workers of 4 for evacuation
[2023-02-09T15:12:51.444+0000][68][gc,age      ] GC(375) Desired survivor size 6291456 bytes, new threshold 15 (max threshold 15)
[2023-02-09T15:12:51.447+0000][68][gc,phases   ] GC(375)   Pre Evacuate Collection Set: 0.4ms
[2023-02-09T15:12:51.448+0000][68][gc,phases   ] GC(375)   Merge Heap Roots: 0.1ms
[2023-02-09T15:12:51.449+0000][68][gc,phases   ] GC(375)   Evacuate Collection Set: 1.2ms
[2023-02-09T15:12:51.449+0000][68][gc,phases   ] GC(375)   Post Evacuate Collection Set: 0.7ms
[2023-02-09T15:12:51.450+0000][68][gc,phases   ] GC(375)   Other: 0.9ms
[2023-02-09T15:12:51.450+0000][68][gc,age      ] GC(375) Age table with threshold 15 (max threshold 15)
[2023-02-09T15:12:51.450+0000][68][gc,age      ] GC(375) - age   1:    1528584 bytes,    1528584 total
[2023-02-09T15:12:51.451+0000][68][gc,age      ] GC(375) - age   2:     202344 bytes,    1730928 total
[2023-02-09T15:12:51.452+0000][68][gc,age      ] GC(375) - age   3:       1072 bytes,    1732000 total
[2023-02-09T15:12:51.452+0000][68][gc,age      ] GC(375) - age   4:     279504 bytes,    2011504 total
[2023-02-09T15:12:51.453+0000][68][gc,age      ] GC(375) - age   5:     130000 bytes,    2141504 total
[2023-02-09T15:12:51.453+0000][68][gc,age      ] GC(375) - age   6:        496 bytes,    2142000 total
[2023-02-09T15:12:51.454+0000][68][gc,age      ] GC(375) - age   7:       4888 bytes,    2146888 total
[2023-02-09T15:12:51.455+0000][68][gc,age      ] GC(375) - age   8:      49624 bytes,    2196512 total
[2023-02-09T15:12:51.455+0000][68][gc,age      ] GC(375) - age   9:       2176 bytes,    2198688 total
[2023-02-09T15:12:51.456+0000][68][gc,age      ] GC(375) - age  10:       4568 bytes,    2203256 total
[2023-02-09T15:12:51.456+0000][68][gc,age      ] GC(375) - age  11:        392 bytes,    2203648 total
[2023-02-09T15:12:51.457+0000][68][gc,age      ] GC(375) - age  12:       2160 bytes,    2205808 total
[2023-02-09T15:12:51.458+0000][68][gc,age      ] GC(375) - age  13:        352 bytes,    2206160 total
[2023-02-09T15:12:51.459+0000][68][gc,age      ] GC(375) - age  14:      19368 bytes,    2225528 total
[2023-02-09T15:12:51.459+0000][68][gc,age      ] GC(375) - age  15:        184 bytes,    2225712 total
[2023-02-09T15:12:51.460+0000][68][gc,heap     ] GC(375) Eden regions: 21->0(21)
[2023-02-09T15:12:51.460+0000][68][gc,heap     ] GC(375) Survivor regions: 1->1(3)
[2023-02-09T15:12:51.460+0000][68][gc,heap     ] GC(375) Old regions: 26->26
[2023-02-09T15:12:51.461+0000][68][gc,heap     ] GC(375) Archive regions: 2->2
[2023-02-09T15:12:51.461+0000][68][gc,heap     ] GC(375) Humongous regions: 2->2
[2023-02-09T15:12:51.462+0000][68][gc,metaspace] GC(375) Metaspace: 142943K(146048K)->142943K(146048K) NonClass: 124775K(126016K)->124775K(126016K) Class: 18168K(20032K)->18168K(20032K)
[2023-02-09T15:12:51.462+0000][68][gc          ] GC(375) Pause Young (Concurrent Start) (G1 Evacuation Pause) 200M->116M(256M) 18.643ms
[2023-02-09T15:12:51.463+0000][68][gc          ] GC(376) Concurrent Mark Cycle
[2023-02-09T15:12:51.463+0000][68][gc,marking  ] GC(376) Concurrent Clear Claimed Marks
[2023-02-09T15:12:51.463+0000][68][gc,cpu      ] GC(375) User=0.01s Sys=0.00s Real=0.02s
[2023-02-09T15:12:51.464+0000][68][safepoint   ] Safepoint "G1CollectForAllocation", Time since last: 25161300882 ns, Reaching safepoint: 90482 ns, At safepoint: 20361739 ns, Total: 20452221 ns
[2023-02-09T15:12:51.464+0000][68][gc,marking  ] GC(376) Concurrent Clear Claimed Marks 0.607ms
[2023-02-09T15:12:51.465+0000][68][gc,marking  ] GC(376) Concurrent Scan Root Regions
[2023-02-09T15:12:51.469+0000][68][gc,marking  ] GC(376) Concurrent Scan Root Regions 3.806ms
[2023-02-09T15:12:51.469+0000][68][gc,marking  ] GC(376) Concurrent Mark
[2023-02-09T15:12:51.470+0000][68][gc,marking  ] GC(376) Concurrent Mark From Roots
[2023-02-09T15:12:51.470+0000][68][gc,task     ] GC(376) Using 1 workers of 1 for marking
[2023-02-09T15:12:51.634+0000][68][gc,marking  ] GC(376) Concurrent Mark From Roots 164.201ms
[2023-02-09T15:12:51.634+0000][68][gc,marking  ] GC(376) Concurrent Preclean
[2023-02-09T15:12:51.635+0000][68][gc,marking  ] GC(376) Concurrent Preclean 0.812ms
[2023-02-09T15:12:51.636+0000][68][gc,start    ] GC(376) Pause Remark
[2023-02-09T15:12:51.646+0000][68][gc          ] GC(376) Pause Remark 123M->123M(256M) 10.159ms
[2023-02-09T15:12:51.647+0000][68][gc,cpu      ] GC(376) User=0.03s Sys=0.00s Real=0.02s
[2023-02-09T15:12:51.648+0000][68][safepoint   ] Safepoint "G1PauseRemark", Time since last: 171776259 ns, Reaching safepoint: 134593 ns, At safepoint: 11812111 ns, Total: 11946704 ns
[2023-02-09T15:12:51.648+0000][68][gc,marking  ] GC(376) Concurrent Mark 178.943ms
[2023-02-09T15:12:51.649+0000][68][gc,marking  ] GC(376) Concurrent Rebuild Remembered Sets
[2023-02-09T15:12:51.721+0000][68][gc,marking  ] GC(376) Concurrent Rebuild Remembered Sets 72.008ms
[2023-02-09T15:12:51.722+0000][68][gc,start    ] GC(376) Pause Cleanup
[2023-02-09T15:12:51.723+0000][68][gc          ] GC(376) Pause Cleanup 124M->124M(256M) 0.981ms
[2023-02-09T15:12:51.725+0000][68][gc,cpu      ] GC(376) User=0.00s Sys=0.00s Real=0.00s
[2023-02-09T15:12:51.727+0000][68][safepoint   ] Safepoint "G1PauseCleanup", Time since last: 74542556 ns, Reaching safepoint: 127150 ns, At safepoint: 4274348 ns, Total: 4401498 ns
[2023-02-09T15:12:51.727+0000][68][gc,marking  ] GC(376) Concurrent Cleanup for Next Mark
[2023-02-09T15:12:51.729+0000][68][gc,marking  ] GC(376) Concurrent Cleanup for Next Mark 1.141ms
[2023-02-09T15:12:51.729+0000][68][gc          ] GC(376) Concurrent Mark Cycle 266.731ms
[2023-02-09T15:12:52.728+0000][68][safepoint   ] Safepoint "Cleanup", Time since last: 1001127586 ns, Reaching safepoint: 302439 ns, At safepoint: 8841 ns, Total: 311280 ns
[2023-02-09T15:12:56.733+0000][68][safepoint   ] Safepoint "Cleanup", Time since last: 4004164823 ns, Reaching safepoint: 1022746 ns, At safepoint: 136735 ns, Total: 1159481 ns
[2023-02-09T15:13:03.741+0000][68][safepoint   ] Safepoint "Cleanup", Time since last: 7006753227 ns, Reaching safepoint: 689507 ns, At safepoint: 34619 ns, Total: 724126 ns
[2023-02-09T15:13:17.583+0000][68][gc,start    ] GC(377) Pause Young (Normal) (G1 Evacuation Pause)
[2023-02-09T15:13:17.584+0000][68][gc,task     ] GC(377) Using 4 workers of 4 for evacuation
[2023-02-09T15:13:17.585+0000][68][gc,age      ] GC(377) Desired survivor size 6291456 bytes, new threshold 15 (max threshold 15)
[2023-02-09T15:13:17.588+0000][68][gc,phases   ] GC(377)   Pre Evacuate Collection Set: 0.2ms
[2023-02-09T15:13:17.589+0000][68][gc,phases   ] GC(377)   Merge Heap Roots: 0.1ms
[2023-02-09T15:13:17.589+0000][68][gc,phases   ] GC(377)   Evacuate Collection Set: 2.3ms
[2023-02-09T15:13:17.590+0000][68][gc,phases   ] GC(377)   Post Evacuate Collection Set: 0.8ms
[2023-02-09T15:13:17.590+0000][68][gc,phases   ] GC(377)   Other: 1.0ms
[2023-02-09T15:13:17.591+0000][68][gc,age      ] GC(377) Age table with threshold 15 (max threshold 15)
[2023-02-09T15:13:17.592+0000][68][gc,age      ] GC(377) - age   1:    1777448 bytes,    1777448 total
[2023-02-09T15:13:17.592+0000][68][gc,age      ] GC(377) - age   2:       3608 bytes,    1781056 total
[2023-02-09T15:13:17.593+0000][68][gc,age      ] GC(377) - age   3:     197792 bytes,    1978848 total
[2023-02-09T15:13:17.594+0000][68][gc,age      ] GC(377) - age   4:        752 bytes,    1979600 total
[2023-02-09T15:13:17.595+0000][68][gc,age      ] GC(377) - age   5:     279224 bytes,    2258824 total
[2023-02-09T15:13:17.596+0000][68][gc,age      ] GC(377) - age   6:     130000 bytes,    2388824 total
[2023-02-09T15:13:17.596+0000][68][gc,age      ] GC(377) - age   7:        496 bytes,    2389320 total
[2023-02-09T15:13:17.597+0000][68][gc,age      ] GC(377) - age   8:       4824 bytes,    2394144 total
[2023-02-09T15:13:17.598+0000][68][gc,age      ] GC(377) - age   9:      49624 bytes,    2443768 total
[2023-02-09T15:13:17.598+0000][68][gc,age      ] GC(377) - age  10:       2176 bytes,    2445944 total
[2023-02-09T15:13:17.599+0000][68][gc,age      ] GC(377) - age  11:       4568 bytes,    2450512 total
[2023-02-09T15:13:17.600+0000][68][gc,age      ] GC(377) - age  12:        392 bytes,    2450904 total
[2023-02-09T15:13:17.601+0000][68][gc,age      ] GC(377) - age  13:       2160 bytes,    2453064 total
[2023-02-09T15:13:17.601+0000][68][gc,age      ] GC(377) - age  14:        352 bytes,    2453416 total
[2023-02-09T15:13:17.602+0000][68][gc,age      ] GC(377) - age  15:      19368 bytes,    2472784 total
[2023-02-09T15:13:17.603+0000][68][gc,heap     ] GC(377) Eden regions: 21->0(21)
[2023-02-09T15:13:17.604+0000][68][gc,heap     ] GC(377) Survivor regions: 1->1(3)
[2023-02-09T15:13:17.604+0000][68][gc,heap     ] GC(377) Old regions: 26->26
[2023-02-09T15:13:17.605+0000][68][gc,heap     ] GC(377) Archive regions: 2->2
[2023-02-09T15:13:17.605+0000][68][gc,heap     ] GC(377) Humongous regions: 2->2
[2023-02-09T15:13:17.606+0000][68][gc,metaspace] GC(377) Metaspace: 142943K(146048K)->142943K(146048K) NonClass: 124775K(126016K)->124775K(126016K) Class: 18168K(20032K)->18168K(20032K)
[2023-02-09T15:13:17.606+0000][68][gc          ] GC(377) Pause Young (Normal) (G1 Evacuation Pause) 200M->116M(256M) 22.613ms
[2023-02-09T15:13:17.607+0000][68][gc,cpu      ] GC(377) User=0.00s Sys=0.00s Real=0.02s
[2023-02-09T15:13:17.607+0000][68][safepoint   ] Safepoint "G1CollectForAllocation", Time since last: 13842419052 ns, Reaching safepoint: 82540 ns, At safepoint: 23663533 ns, Total: 23746073 ns
[2023-02-09T15:13:40.934+0000][68][gc,start    ] GC(378) Pause Young (Concurrent Start) (G1 Evacuation Pause)
[2023-02-09T15:13:40.935+0000][68][gc,task     ] GC(378) Using 4 workers of 4 for evacuation
[2023-02-09T15:13:40.937+0000][68][gc,age      ] GC(378) Desired survivor size 6291456 bytes, new threshold 15 (max threshold 15)
[2023-02-09T15:13:40.942+0000][68][gc,phases   ] GC(378)   Pre Evacuate Collection Set: 0.5ms
[2023-02-09T15:13:40.945+0000][68][gc,phases   ] GC(378)   Merge Heap Roots: 0.1ms
[2023-02-09T15:13:40.946+0000][68][gc,phases   ] GC(378)   Evacuate Collection Set: 2.5ms
[2023-02-09T15:13:40.949+0000][68][gc,phases   ] GC(378)   Post Evacuate Collection Set: 1.6ms
[2023-02-09T15:13:40.950+0000][68][gc,phases   ] GC(378)   Other: 2.1ms
[2023-02-09T15:13:40.952+0000][68][gc,age      ] GC(378) Age table with threshold 15 (max threshold 15)
[2023-02-09T15:13:40.953+0000][68][gc,age      ] GC(378) - age   1:     787528 bytes,     787528 total
[2023-02-09T15:13:40.954+0000][68][gc,age      ] GC(378) - age   2:      44696 bytes,     832224 total
[2023-02-09T15:13:40.955+0000][68][gc,age      ] GC(378) - age   3:       2056 bytes,     834280 total
[2023-02-09T15:13:40.956+0000][68][gc,age      ] GC(378) - age   4:      29576 bytes,     863856 total
[2023-02-09T15:13:40.957+0000][68][gc,age      ] GC(378) - age   5:        688 bytes,     864544 total
[2023-02-09T15:13:40.958+0000][68][gc,age      ] GC(378) - age   6:     278800 bytes,    1143344 total
[2023-02-09T15:13:40.959+0000][68][gc,age      ] GC(378) - age   7:      97216 bytes,    1240560 total
[2023-02-09T15:13:40.960+0000][68][gc,age      ] GC(378) - age   8:        368 bytes,    1240928 total
[2023-02-09T15:13:40.960+0000][68][gc,age      ] GC(378) - age   9:       4760 bytes,    1245688 total
[2023-02-09T15:13:40.961+0000][68][gc,age      ] GC(378) - age  10:      49624 bytes,    1295312 total
[2023-02-09T15:13:40.962+0000][68][gc,age      ] GC(378) - age  11:       2176 bytes,    1297488 total
[2023-02-09T15:13:40.963+0000][68][gc,age      ] GC(378) - age  12:       4520 bytes,    1302008 total
[2023-02-09T15:13:40.964+0000][68][gc,age      ] GC(378) - age  13:        184 bytes,    1302192 total
[2023-02-09T15:13:40.965+0000][68][gc,age      ] GC(378) - age  14:       2160 bytes,    1304352 total
[2023-02-09T15:13:40.966+0000][68][gc,age      ] GC(378) - age  15:        352 bytes,    1304704 total
[2023-02-09T15:13:40.967+0000][68][gc,heap     ] GC(378) Eden regions: 21->0(21)
[2023-02-09T15:13:40.968+0000][68][gc,heap     ] GC(378) Survivor regions: 1->1(3)
[2023-02-09T15:13:40.969+0000][68][gc,heap     ] GC(378) Old regions: 26->26
[2023-02-09T15:13:40.972+0000][68][gc,heap     ] GC(378) Archive regions: 2->2
[2023-02-09T15:13:40.974+0000][68][gc,heap     ] GC(378) Humongous regions: 2->2
[2023-02-09T15:13:40.976+0000][68][gc,metaspace] GC(378) Metaspace: 142945K(146048K)->142945K(146048K) NonClass: 124776K(126016K)->124776K(126016K) Class: 18168K(20032K)->18168K(20032K)
[2023-02-09T15:13:40.977+0000][68][gc          ] GC(378) Pause Young (Concurrent Start) (G1 Evacuation Pause) 200M->115M(256M) 42.958ms
[2023-02-09T15:13:40.986+0000][68][gc,cpu      ] GC(378) User=0.01s Sys=0.00s Real=0.06s
[2023-02-09T15:13:40.988+0000][68][safepoint   ] Safepoint "G1CollectForAllocation", Time since last: 23348448004 ns, Reaching safepoint: 64892 ns, At safepoint: 53969553 ns, Total: 54034445 ns
[2023-02-09T15:13:40.987+0000][68][gc          ] GC(379) Concurrent Mark Cycle
[2023-02-09T15:13:40.999+0000][68][gc,marking  ] GC(379) Concurrent Clear Claimed Marks
[2023-02-09T15:13:41.001+0000][68][gc,marking  ] GC(379) Concurrent Clear Claimed Marks 1.754ms
[2023-02-09T15:13:41.002+0000][68][gc,marking  ] GC(379) Concurrent Scan Root Regions
[2023-02-09T15:13:41.011+0000][68][gc,marking  ] GC(379) Concurrent Scan Root Regions 9.497ms
[2023-02-09T15:13:41.013+0000][68][gc,marking  ] GC(379) Concurrent Mark
[2023-02-09T15:13:41.014+0000][68][gc,marking  ] GC(379) Concurrent Mark From Roots
[2023-02-09T15:13:41.015+0000][68][gc,task     ] GC(379) Using 1 workers of 1 for marking
[2023-02-09T15:13:41.195+0000][68][gc,marking  ] GC(379) Concurrent Mark From Roots 181.265ms
[2023-02-09T15:13:41.198+0000][68][gc,marking  ] GC(379) Concurrent Preclean
[2023-02-09T15:13:41.202+0000][68][gc,marking  ] GC(379) Concurrent Preclean 4.276ms
[2023-02-09T15:13:41.204+0000][68][gc,start    ] GC(379) Pause Remark
[2023-02-09T15:13:41.221+0000][68][gc          ] GC(379) Pause Remark 116M->116M(256M) 17.760ms
[2023-02-09T15:13:41.224+0000][68][gc,cpu      ] GC(379) User=0.04s Sys=0.01s Real=0.02s
[2023-02-09T15:13:41.227+0000][68][safepoint   ] Safepoint "G1PauseRemark", Time since last: 215588925 ns, Reaching safepoint: 90142 ns, At safepoint: 23380311 ns, Total: 23470453 ns
[2023-02-09T15:13:41.232+0000][68][gc,marking  ] GC(379) Concurrent Mark 219.331ms
[2023-02-09T15:13:41.233+0000][68][gc,marking  ] GC(379) Concurrent Rebuild Remembered Sets
[2023-02-09T15:13:41.343+0000][68][gc,marking  ] GC(379) Concurrent Rebuild Remembered Sets 109.877ms
[2023-02-09T15:13:41.344+0000][68][gc,start    ] GC(379) Pause Cleanup
[2023-02-09T15:13:41.346+0000][68][gc          ] GC(379) Pause Cleanup 118M->118M(256M) 1.510ms
[2023-02-09T15:13:41.346+0000][68][gc,cpu      ] GC(379) User=0.00s Sys=0.00s Real=0.01s
[2023-02-09T15:13:41.347+0000][68][safepoint   ] Safepoint "G1PauseCleanup", Time since last: 116995125 ns, Reaching safepoint: 136858 ns, At safepoint: 3215682 ns, Total: 3352540 ns
[2023-02-09T15:13:41.349+0000][68][gc,marking  ] GC(379) Concurrent Cleanup for Next Mark
[2023-02-09T15:13:41.351+0000][68][gc,marking  ] GC(379) Concurrent Cleanup for Next Mark 2.497ms
[2023-02-09T15:13:41.352+0000][68][gc          ] GC(379) Concurrent Mark Cycle 365.289ms
[2023-02-09T15:14:02.347+0000][68][safepoint   ] Safepoint "Cleanup", Time since last: 21021660919 ns, Reaching safepoint: 142597 ns, At safepoint: 6888 ns, Total: 149485 ns
[2023-02-09T15:14:03.348+0000][68][safepoint   ] Safepoint "Cleanup", Time since last: 1000961368 ns, Reaching safepoint: 242848 ns, At safepoint: 13428 ns, Total: 256276 ns
[2023-02-09T15:14:04.350+0000][68][safepoint   ] Safepoint "Cleanup", Time since last: 1000924342 ns, Reaching safepoint: 397148 ns, At safepoint: 16969 ns, Total: 414117 ns
[2023-02-09T15:14:06.355+0000][68][safepoint   ] Safepoint "Cleanup", Time since last: 2004956717 ns, Reaching safepoint: 440045 ns, At safepoint: 17461 ns, Total: 457506 ns
[2023-02-09T15:14:08.554+0000][68][gc,start    ] GC(380) Pause Young (Normal) (G1 Evacuation Pause)
[2023-02-09T15:14:08.555+0000][68][gc,task     ] GC(380) Using 4 workers of 4 for evacuation
[2023-02-09T15:14:08.555+0000][68][gc,age      ] GC(380) Desired survivor size 6291456 bytes, new threshold 15 (max threshold 15)
[2023-02-09T15:14:08.559+0000][68][gc,phases   ] GC(380)   Pre Evacuate Collection Set: 0.2ms
[2023-02-09T15:14:08.560+0000][68][gc,phases   ] GC(380)   Merge Heap Roots: 0.1ms
[2023-02-09T15:14:08.562+0000][68][gc,phases   ] GC(380)   Evacuate Collection Set: 1.6ms
[2023-02-09T15:14:08.563+0000][68][gc,phases   ] GC(380)   Post Evacuate Collection Set: 1.0ms
[2023-02-09T15:14:08.564+0000][68][gc,phases   ] GC(380)   Other: 1.9ms
[2023-02-09T15:14:08.565+0000][68][gc,age      ] GC(380) Age table with threshold 15 (max threshold 15)
[2023-02-09T15:14:08.565+0000][68][gc,age      ] GC(380) - age   1:     472336 bytes,     472336 total
[2023-02-09T15:14:08.566+0000][68][gc,age      ] GC(380) - age   2:     116376 bytes,     588712 total
[2023-02-09T15:14:08.567+0000][68][gc,age      ] GC(380) - age   3:        832 bytes,     589544 total
[2023-02-09T15:14:08.567+0000][68][gc,age      ] GC(380) - age   4:        784 bytes,     590328 total
[2023-02-09T15:14:08.568+0000][68][gc,age      ] GC(380) - age   5:      29512 bytes,     619840 total
[2023-02-09T15:14:08.568+0000][68][gc,age      ] GC(380) - age   6:        688 bytes,     620528 total
[2023-02-09T15:14:08.569+0000][68][gc,age      ] GC(380) - age   7:     278520 bytes,     899048 total
[2023-02-09T15:14:08.569+0000][68][gc,age      ] GC(380) - age   8:      97216 bytes,     996264 total
[2023-02-09T15:14:08.570+0000][68][gc,age      ] GC(380) - age   9:        368 bytes,     996632 total
[2023-02-09T15:14:08.570+0000][68][gc,age      ] GC(380) - age  10:       4760 bytes,    1001392 total
[2023-02-09T15:14:08.571+0000][68][gc,age      ] GC(380) - age  11:      49624 bytes,    1051016 total
[2023-02-09T15:14:08.571+0000][68][gc,age      ] GC(380) - age  12:       2176 bytes,    1053192 total
[2023-02-09T15:14:08.572+0000][68][gc,age      ] GC(380) - age  13:       4456 bytes,    1057648 total
[2023-02-09T15:14:08.572+0000][68][gc,age      ] GC(380) - age  14:        184 bytes,    1057832 total
[2023-02-09T15:14:08.573+0000][68][gc,age      ] GC(380) - age  15:       2160 bytes,    1059992 total
[2023-02-09T15:14:08.574+0000][68][gc,heap     ] GC(380) Eden regions: 21->0(22)
[2023-02-09T15:14:08.575+0000][68][gc,heap     ] GC(380) Survivor regions: 1->1(3)
[2023-02-09T15:14:08.575+0000][68][gc,heap     ] GC(380) Old regions: 26->26
[2023-02-09T15:14:08.575+0000][68][gc,heap     ] GC(380) Archive regions: 2->2
[2023-02-09T15:14:08.576+0000][68][gc,heap     ] GC(380) Humongous regions: 2->2
[2023-02-09T15:14:08.577+0000][68][gc,metaspace] GC(380) Metaspace: 142952K(146048K)->142952K(146048K) NonClass: 124783K(126016K)->124783K(126016K) Class: 18168K(20032K)->18168K(20032K)
[2023-02-09T15:14:08.577+0000][68][gc          ] GC(380) Pause Young (Normal) (G1 Evacuation Pause) 199M->115M(256M) 23.482ms
[2023-02-09T15:14:08.578+0000][68][gc,cpu      ] GC(380) User=0.01s Sys=0.00s Real=0.02s
[2023-02-09T15:14:08.578+0000][68][safepoint   ] Safepoint "G1CollectForAllocation", Time since last: 2198283259 ns, Reaching safepoint: 228586 ns, At safepoint: 24720313 ns, Total: 24948899 ns
[2023-02-09T15:14:20.567+0000][68][safepoint   ] Safepoint "Cleanup", Time since last: 12009818995 ns, Reaching safepoint: 129573 ns, At safepoint: 4086 ns, Total: 133659 ns
[2023-02-09T15:14:38.251+0000][68][gc,start    ] GC(381) Pause Young (Concurrent Start) (G1 Evacuation Pause)
[2023-02-09T15:14:38.253+0000][68][gc,task     ] GC(381) Using 4 workers of 4 for evacuation
[2023-02-09T15:14:38.254+0000][68][gc,age      ] GC(381) Desired survivor size 6291456 bytes, new threshold 15 (max threshold 15)
[2023-02-09T15:14:38.261+0000][68][gc,phases   ] GC(381)   Pre Evacuate Collection Set: 0.6ms
[2023-02-09T15:14:38.263+0000][68][gc,phases   ] GC(381)   Merge Heap Roots: 0.3ms
[2023-02-09T15:14:38.264+0000][68][gc,phases   ] GC(381)   Evacuate Collection Set: 3.2ms
[2023-02-09T15:14:38.264+0000][68][gc,phases   ] GC(381)   Post Evacuate Collection Set: 1.5ms
[2023-02-09T15:14:38.265+0000][68][gc,phases   ] GC(381)   Other: 2.8ms
[2023-02-09T15:14:38.266+0000][68][gc,age      ] GC(381) Age table with threshold 15 (max threshold 15)
[2023-02-09T15:14:38.266+0000][68][gc,age      ] GC(381) - age   1:     464304 bytes,     464304 total
[2023-02-09T15:14:38.267+0000][68][gc,age      ] GC(381) - age   2:      34272 bytes,     498576 total
[2023-02-09T15:14:38.268+0000][68][gc,age      ] GC(381) - age   3:     111248 bytes,     609824 total
[2023-02-09T15:14:38.268+0000][68][gc,age      ] GC(381) - age   4:        168 bytes,     609992 total
[2023-02-09T15:14:38.269+0000][68][gc,age      ] GC(381) - age   5:        480 bytes,     610472 total
[2023-02-09T15:14:38.270+0000][68][gc,age      ] GC(381) - age   6:      21248 bytes,     631720 total
[2023-02-09T15:14:38.271+0000][68][gc,age      ] GC(381) - age   7:        688 bytes,     632408 total
[2023-02-09T15:14:38.271+0000][68][gc,age      ] GC(381) - age   8:     278520 bytes,     910928 total
[2023-02-09T15:14:38.272+0000][68][gc,age      ] GC(381) - age   9:      97216 bytes,    1008144 total
[2023-02-09T15:14:38.272+0000][68][gc,age      ] GC(381) - age  10:        368 bytes,    1008512 total
[2023-02-09T15:14:38.273+0000][68][gc,age      ] GC(381) - age  11:       4736 bytes,    1013248 total
[2023-02-09T15:14:38.274+0000][68][gc,age      ] GC(381) - age  12:      49624 bytes,    1062872 total
[2023-02-09T15:14:38.274+0000][68][gc,age      ] GC(381) - age  13:       2176 bytes,    1065048 total
[2023-02-09T15:14:38.275+0000][68][gc,age      ] GC(381) - age  14:       4456 bytes,    1069504 total
[2023-02-09T15:14:38.276+0000][68][gc,age      ] GC(381) - age  15:        184 bytes,    1069688 total
[2023-02-09T15:14:38.276+0000][68][gc,heap     ] GC(381) Eden regions: 22->0(22)
[2023-02-09T15:14:38.277+0000][68][gc,heap     ] GC(381) Survivor regions: 1->1(3)
[2023-02-09T15:14:38.277+0000][68][gc,heap     ] GC(381) Old regions: 26->26
[2023-02-09T15:14:38.278+0000][68][gc,heap     ] GC(381) Archive regions: 2->2
[2023-02-09T15:14:38.278+0000][68][gc,heap     ] GC(381) Humongous regions: 2->2
[2023-02-09T15:14:38.279+0000][68][gc,metaspace] GC(381) Metaspace: 142952K(146048K)->142952K(146048K) NonClass: 124783K(126016K)->124783K(126016K) Class: 18168K(20032K)->18168K(20032K)
[2023-02-09T15:14:38.280+0000][68][gc          ] GC(381) Pause Young (Concurrent Start) (G1 Evacuation Pause) 203M->115M(256M) 29.169ms
[2023-02-09T15:14:38.281+0000][68][gc          ] GC(382) Concurrent Mark Cycle
[2023-02-09T15:14:38.281+0000][68][gc,marking  ] GC(382) Concurrent Clear Claimed Marks
[2023-02-09T15:14:38.282+0000][68][gc,marking  ] GC(382) Concurrent Clear Claimed Marks 0.861ms
[2023-02-09T15:14:38.283+0000][68][gc,marking  ] GC(382) Concurrent Scan Root Regions
[2023-02-09T15:14:38.281+0000][68][gc,cpu      ] GC(381) User=0.01s Sys=0.00s Real=0.03s
[2023-02-09T15:14:38.284+0000][68][safepoint   ] Safepoint "G1CollectForAllocation", Time since last: 17683486627 ns, Reaching safepoint: 106759 ns, At safepoint: 32725101 ns, Total: 32831860 ns
[2023-02-09T15:14:38.285+0000][68][gc,marking  ] GC(382) Concurrent Scan Root Regions 2.699ms
[2023-02-09T15:14:38.286+0000][68][gc,marking  ] GC(382) Concurrent Mark
[2023-02-09T15:14:38.286+0000][68][gc,marking  ] GC(382) Concurrent Mark From Roots
[2023-02-09T15:14:38.287+0000][68][gc,task     ] GC(382) Using 1 workers of 1 for marking
[2023-02-09T15:14:38.414+0000][68][gc,marking  ] GC(382) Concurrent Mark From Roots 127.014ms
[2023-02-09T15:14:38.414+0000][68][gc,marking  ] GC(382) Concurrent Preclean
[2023-02-09T15:14:38.415+0000][68][gc,marking  ] GC(382) Concurrent Preclean 1.059ms
[2023-02-09T15:14:38.416+0000][68][gc,start    ] GC(382) Pause Remark
[2023-02-09T15:14:38.428+0000][68][gc          ] GC(382) Pause Remark 119M->119M(256M) 12.002ms
[2023-02-09T15:14:38.429+0000][68][gc,cpu      ] GC(382) User=0.04s Sys=0.00s Real=0.01s
[2023-02-09T15:14:38.430+0000][68][safepoint   ] Safepoint "G1PauseRemark", Time since last: 132168383 ns, Reaching safepoint: 363439 ns, At safepoint: 13472700 ns, Total: 13836139 ns
[2023-02-09T15:14:38.430+0000][68][gc,marking  ] GC(382) Concurrent Mark 144.060ms
[2023-02-09T15:14:38.430+0000][68][gc,marking  ] GC(382) Concurrent Rebuild Remembered Sets
[2023-02-09T15:14:38.490+0000][68][gc,marking  ] GC(382) Concurrent Rebuild Remembered Sets 59.483ms
[2023-02-09T15:14:38.491+0000][68][gc,start    ] GC(382) Pause Cleanup
[2023-02-09T15:14:38.491+0000][68][gc          ] GC(382) Pause Cleanup 120M->120M(256M) 0.510ms
[2023-02-09T15:14:38.491+0000][68][gc,cpu      ] GC(382) User=0.00s Sys=0.00s Real=0.00s
[2023-02-09T15:14:38.492+0000][68][safepoint   ] Safepoint "G1PauseCleanup", Time since last: 60736691 ns, Reaching safepoint: 234308 ns, At safepoint: 1447712 ns, Total: 1682020 ns
[2023-02-09T15:14:38.493+0000][68][gc,marking  ] GC(382) Concurrent Cleanup for Next Mark
[2023-02-09T15:14:38.494+0000][68][gc,marking  ] GC(382) Concurrent Cleanup for Next Mark 0.872ms
[2023-02-09T15:14:38.494+0000][68][gc          ] GC(382) Concurrent Mark Cycle 213.585ms
[2023-02-09T15:15:04.485+0000][68][safepoint   ] Safepoint "Cleanup", Time since last: 26022560050 ns, Reaching safepoint: 446848 ns, At safepoint: 18205 ns, Total: 465053 ns
[2023-02-09T15:15:08.253+0000][68][gc,start    ] GC(383) Pause Young (Normal) (G1 Evacuation Pause)
[2023-02-09T15:15:08.254+0000][68][gc,task     ] GC(383) Using 4 workers of 4 for evacuation
[2023-02-09T15:15:08.255+0000][68][gc,age      ] GC(383) Desired survivor size 6291456 bytes, new threshold 15 (max threshold 15)
[2023-02-09T15:15:08.259+0000][68][gc,phases   ] GC(383)   Pre Evacuate Collection Set: 0.1ms
[2023-02-09T15:15:08.260+0000][68][gc,phases   ] GC(383)   Merge Heap Roots: 0.2ms
[2023-02-09T15:15:08.261+0000][68][gc,phases   ] GC(383)   Evacuate Collection Set: 2.3ms
[2023-02-09T15:15:08.261+0000][68][gc,phases   ] GC(383)   Post Evacuate Collection Set: 1.1ms
[2023-02-09T15:15:08.262+0000][68][gc,phases   ] GC(383)   Other: 1.4ms
[2023-02-09T15:15:08.263+0000][68][gc,age      ] GC(383) Age table with threshold 15 (max threshold 15)
[2023-02-09T15:15:08.264+0000][68][gc,age      ] GC(383) - age   1:     920752 bytes,     920752 total
[2023-02-09T15:15:08.265+0000][68][gc,age      ] GC(383) - age   2:      36376 bytes,     957128 total
[2023-02-09T15:15:08.266+0000][68][gc,age      ] GC(383) - age   3:      33224 bytes,     990352 total
[2023-02-09T15:15:08.266+0000][68][gc,age      ] GC(383) - age   4:     110960 bytes,    1101312 total
[2023-02-09T15:15:08.267+0000][68][gc,age      ] GC(383) - age   5:        104 bytes,    1101416 total
[2023-02-09T15:15:08.267+0000][68][gc,age      ] GC(383) - age   6:        184 bytes,    1101600 total
[2023-02-09T15:15:08.267+0000][68][gc,age      ] GC(383) - age   7:       4680 bytes,    1106280 total
[2023-02-09T15:15:08.268+0000][68][gc,age      ] GC(383) - age   8:        688 bytes,    1106968 total
[2023-02-09T15:15:08.268+0000][68][gc,age      ] GC(383) - age   9:     278520 bytes,    1385488 total
[2023-02-09T15:15:08.269+0000][68][gc,age      ] GC(383) - age  10:      97216 bytes,    1482704 total
[2023-02-09T15:15:08.269+0000][68][gc,age      ] GC(383) - age  11:        368 bytes,    1483072 total
[2023-02-09T15:15:08.270+0000][68][gc,age      ] GC(383) - age  12:       4736 bytes,    1487808 total
[2023-02-09T15:15:08.270+0000][68][gc,age      ] GC(383) - age  13:      49624 bytes,    1537432 total
[2023-02-09T15:15:08.270+0000][68][gc,age      ] GC(383) - age  14:       2176 bytes,    1539608 total
[2023-02-09T15:15:08.271+0000][68][gc,age      ] GC(383) - age  15:       4456 bytes,    1544064 total
[2023-02-09T15:15:08.271+0000][68][gc,heap     ] GC(383) Eden regions: 22->0(22)
[2023-02-09T15:15:08.272+0000][68][gc,heap     ] GC(383) Survivor regions: 1->1(3)
[2023-02-09T15:15:08.272+0000][68][gc,heap     ] GC(383) Old regions: 26->26
[2023-02-09T15:15:08.273+0000][68][gc,heap     ] GC(383) Archive regions: 2->2
[2023-02-09T15:15:08.274+0000][68][gc,heap     ] GC(383) Humongous regions: 2->2
[2023-02-09T15:15:08.274+0000][68][gc,metaspace] GC(383) Metaspace: 142953K(146048K)->142953K(146048K) NonClass: 124785K(126016K)->124785K(126016K) Class: 18168K(20032K)->18168K(20032K)
[2023-02-09T15:15:08.275+0000][68][gc          ] GC(383) Pause Young (Normal) (G1 Evacuation Pause) 203M->115M(256M) 21.384ms
[2023-02-09T15:15:08.275+0000][68][gc,cpu      ] GC(383) User=0.00s Sys=0.00s Real=0.02s
[2023-02-09T15:15:08.276+0000][68][safepoint   ] Safepoint "G1CollectForAllocation", Time since last: 3767800039 ns, Reaching safepoint: 100953 ns, At safepoint: 23048825 ns, Total: 23149778 ns
[2023-02-09T15:15:32.242+0000][68][gc,start    ] GC(384) Pause Young (Concurrent Start) (G1 Evacuation Pause)
[2023-02-09T15:15:32.242+0000][68][gc,task     ] GC(384) Using 4 workers of 4 for evacuation
[2023-02-09T15:15:32.243+0000][68][gc,age      ] GC(384) Desired survivor size 6291456 bytes, new threshold 15 (max threshold 15)
[2023-02-09T15:15:32.246+0000][68][gc,phases   ] GC(384)   Pre Evacuate Collection Set: 0.4ms
[2023-02-09T15:15:32.247+0000][68][gc,phases   ] GC(384)   Merge Heap Roots: 0.1ms
[2023-02-09T15:15:32.247+0000][68][gc,phases   ] GC(384)   Evacuate Collection Set: 1.6ms
[2023-02-09T15:15:32.248+0000][68][gc,phases   ] GC(384)   Post Evacuate Collection Set: 0.8ms
[2023-02-09T15:15:32.248+0000][68][gc,phases   ] GC(384)   Other: 1.1ms
[2023-02-09T15:15:32.249+0000][68][gc,age      ] GC(384) Age table with threshold 15 (max threshold 15)
[2023-02-09T15:15:32.249+0000][68][gc,age      ] GC(384) - age   1:    1078040 bytes,    1078040 total
[2023-02-09T15:15:32.249+0000][68][gc,age      ] GC(384) - age   2:     141456 bytes,    1219496 total
[2023-02-09T15:15:32.250+0000][68][gc,age      ] GC(384) - age   3:      16784 bytes,    1236280 total
[2023-02-09T15:15:32.250+0000][68][gc,age      ] GC(384) - age   4:       1504 bytes,    1237784 total
[2023-02-09T15:15:32.251+0000][68][gc,age      ] GC(384) - age   5:       2584 bytes,    1240368 total
[2023-02-09T15:15:32.251+0000][68][gc,age      ] GC(384) - age   6:        104 bytes,    1240472 total
[2023-02-09T15:15:32.252+0000][68][gc,age      ] GC(384) - age   7:        184 bytes,    1240656 total
[2023-02-09T15:15:32.252+0000][68][gc,age      ] GC(384) - age   8:       4680 bytes,    1245336 total
[2023-02-09T15:15:32.253+0000][68][gc,age      ] GC(384) - age   9:        688 bytes,    1246024 total
[2023-02-09T15:15:32.253+0000][68][gc,age      ] GC(384) - age  10:     278520 bytes,    1524544 total
[2023-02-09T15:15:32.254+0000][68][gc,age      ] GC(384) - age  11:      97216 bytes,    1621760 total
[2023-02-09T15:15:32.254+0000][68][gc,age      ] GC(384) - age  12:        368 bytes,    1622128 total
[2023-02-09T15:15:32.255+0000][68][gc,age      ] GC(384) - age  13:       4736 bytes,    1626864 total
[2023-02-09T15:15:32.255+0000][68][gc,age      ] GC(384) - age  14:      49624 bytes,    1676488 total
[2023-02-09T15:15:32.256+0000][68][gc,age      ] GC(384) - age  15:       2176 bytes,    1678664 total
[2023-02-09T15:15:32.256+0000][68][gc,heap     ] GC(384) Eden regions: 22->0(22)
[2023-02-09T15:15:32.256+0000][68][gc,heap     ] GC(384) Survivor regions: 1->1(3)
[2023-02-09T15:15:32.257+0000][68][gc,heap     ] GC(384) Old regions: 26->26
[2023-02-09T15:15:32.257+0000][68][gc,heap     ] GC(384) Archive regions: 2->2
[2023-02-09T15:15:32.258+0000][68][gc,heap     ] GC(384) Humongous regions: 2->2
[2023-02-09T15:15:32.258+0000][68][gc,metaspace] GC(384) Metaspace: 142958K(146048K)->142958K(146048K) NonClass: 124790K(126016K)->124790K(126016K) Class: 18168K(20032K)->18168K(20032K)
[2023-02-09T15:15:32.259+0000][68][gc          ] GC(384) Pause Young (Concurrent Start) (G1 Evacuation Pause) 203M->116M(256M) 17.079ms
[2023-02-09T15:15:32.259+0000][68][gc,cpu      ] GC(384) User=0.01s Sys=0.01s Real=0.02s
[2023-02-09T15:15:32.260+0000][68][safepoint   ] Safepoint "G1CollectForAllocation", Time since last: 23991765430 ns, Reaching safepoint: 117881 ns, At safepoint: 18308639 ns, Total: 18426520 ns
[2023-02-09T15:15:32.259+0000][68][gc          ] GC(385) Concurrent Mark Cycle
[2023-02-09T15:15:32.262+0000][68][gc,marking  ] GC(385) Concurrent Clear Claimed Marks
[2023-02-09T15:15:32.262+0000][68][gc,marking  ] GC(385) Concurrent Clear Claimed Marks 0.793ms
[2023-02-09T15:15:32.263+0000][68][gc,marking  ] GC(385) Concurrent Scan Root Regions
[2023-02-09T15:15:32.267+0000][68][gc,marking  ] GC(385) Concurrent Scan Root Regions 3.906ms
[2023-02-09T15:15:32.267+0000][68][gc,marking  ] GC(385) Concurrent Mark
[2023-02-09T15:15:32.268+0000][68][gc,marking  ] GC(385) Concurrent Mark From Roots
[2023-02-09T15:15:32.268+0000][68][gc,task     ] GC(385) Using 1 workers of 1 for marking
[2023-02-09T15:15:32.434+0000][68][gc,marking  ] GC(385) Concurrent Mark From Roots 165.860ms
[2023-02-09T15:15:32.435+0000][68][gc,marking  ] GC(385) Concurrent Preclean
[2023-02-09T15:15:32.436+0000][68][gc,marking  ] GC(385) Concurrent Preclean 1.154ms
[2023-02-09T15:15:32.437+0000][68][gc,start    ] GC(385) Pause Remark
[2023-02-09T15:15:32.448+0000][68][gc          ] GC(385) Pause Remark 118M->118M(256M) 11.539ms
[2023-02-09T15:15:32.449+0000][68][gc,cpu      ] GC(385) User=0.03s Sys=0.00s Real=0.01s
[2023-02-09T15:15:32.450+0000][68][safepoint   ] Safepoint "G1PauseRemark", Time since last: 176498937 ns, Reaching safepoint: 125612 ns, At safepoint: 13098600 ns, Total: 13224212 ns
[2023-02-09T15:15:32.450+0000][68][gc,marking  ] GC(385) Concurrent Mark 182.870ms
[2023-02-09T15:15:32.451+0000][68][gc,marking  ] GC(385) Concurrent Rebuild Remembered Sets
[2023-02-09T15:15:32.524+0000][68][gc,marking  ] GC(385) Concurrent Rebuild Remembered Sets 73.034ms
[2023-02-09T15:15:32.525+0000][68][gc,start    ] GC(385) Pause Cleanup
[2023-02-09T15:15:32.526+0000][68][gc          ] GC(385) Pause Cleanup 118M->118M(256M) 0.521ms
[2023-02-09T15:15:32.526+0000][68][gc,cpu      ] GC(385) User=0.00s Sys=0.00s Real=0.01s
[2023-02-09T15:15:32.527+0000][68][safepoint   ] Safepoint "G1PauseCleanup", Time since last: 75240671 ns, Reaching safepoint: 207223 ns, At safepoint: 1564001 ns, Total: 1771224 ns
[2023-02-09T15:15:32.528+0000][68][gc,marking  ] GC(385) Concurrent Cleanup for Next Mark
[2023-02-09T15:15:32.529+0000][68][gc,marking  ] GC(385) Concurrent Cleanup for Next Mark 1.254ms
[2023-02-09T15:15:32.529+0000][68][gc          ] GC(385) Concurrent Mark Cycle 270.062ms
[2023-02-09T15:15:45.541+0000][68][safepoint   ] Safepoint "Cleanup", Time since last: 13014132969 ns, Reaching safepoint: 451766 ns, At safepoint: 18565 ns, Total: 470331 ns
[2023-02-09T15:15:46.544+0000][68][safepoint   ] Safepoint "Cleanup", Time since last: 1002918860 ns, Reaching safepoint: 238265 ns, At safepoint: 8887 ns, Total: 247152 ns
[2023-02-09T15:15:56.535+0000][68][safepoint   ] Safepoint "Cleanup", Time since last: 10012635532 ns, Reaching safepoint: 101921 ns, At safepoint: 2823 ns, Total: 104744 ns
[2023-02-09T15:15:59.192+0000][68][gc,start    ] GC(386) Pause Young (Normal) (G1 Evacuation Pause)
[2023-02-09T15:15:59.199+0000][68][gc,task     ] GC(386) Using 4 workers of 4 for evacuation
[2023-02-09T15:15:59.204+0000][68][gc,age      ] GC(386) Desired survivor size 6291456 bytes, new threshold 15 (max threshold 15)
[2023-02-09T15:15:59.213+0000][68][gc,phases   ] GC(386)   Pre Evacuate Collection Set: 0.1ms
[2023-02-09T15:15:59.214+0000][68][gc,phases   ] GC(386)   Merge Heap Roots: 0.1ms
[2023-02-09T15:15:59.215+0000][68][gc,phases   ] GC(386)   Evacuate Collection Set: 2.3ms
[2023-02-09T15:15:59.217+0000][68][gc,phases   ] GC(386)   Post Evacuate Collection Set: 2.1ms
[2023-02-09T15:15:59.218+0000][68][gc,phases   ] GC(386)   Other: 9.3ms
[2023-02-09T15:15:59.222+0000][68][gc,age      ] GC(386) Age table with threshold 15 (max threshold 15)
[2023-02-09T15:15:59.228+0000][68][gc,age      ] GC(386) - age   1:    1338160 bytes,    1338160 total
[2023-02-09T15:15:59.234+0000][68][gc,age      ] GC(386) - age   2:     166032 bytes,    1504192 total
[2023-02-09T15:15:59.238+0000][68][gc,age      ] GC(386) - age   3:        544 bytes,    1504736 total
[2023-02-09T15:15:59.240+0000][68][gc,age      ] GC(386) - age   4:       7128 bytes,    1511864 total
[2023-02-09T15:15:59.242+0000][68][gc,age      ] GC(386) - age   5:       1232 bytes,    1513096 total
[2023-02-09T15:15:59.244+0000][68][gc,age      ] GC(386) - age   6:       2584 bytes,    1515680 total
[2023-02-09T15:15:59.246+0000][68][gc,age      ] GC(386) - age   7:        104 bytes,    1515784 total
[2023-02-09T15:15:59.249+0000][68][gc,age      ] GC(386) - age   8:        184 bytes,    1515968 total
[2023-02-09T15:15:59.250+0000][68][gc,age      ] GC(386) - age   9:       3816 bytes,    1519784 total
[2023-02-09T15:15:59.252+0000][68][gc,age      ] GC(386) - age  10:        688 bytes,    1520472 total
[2023-02-09T15:15:59.254+0000][68][gc,age      ] GC(386) - age  11:     167192 bytes,    1687664 total
[2023-02-09T15:15:59.255+0000][68][gc,age      ] GC(386) - age  12:      88784 bytes,    1776448 total
[2023-02-09T15:15:59.257+0000][68][gc,age      ] GC(386) - age  13:        368 bytes,    1776816 total
[2023-02-09T15:15:59.258+0000][68][gc,age      ] GC(386) - age  14:       4736 bytes,    1781552 total
[2023-02-09T15:15:59.260+0000][68][gc,age      ] GC(386) - age  15:      37704 bytes,    1819256 total
[2023-02-09T15:15:59.261+0000][68][gc,heap     ] GC(386) Eden regions: 22->0(22)
[2023-02-09T15:15:59.262+0000][68][gc,heap     ] GC(386) Survivor regions: 1->1(3)
[2023-02-09T15:15:59.265+0000][68][gc,heap     ] GC(386) Old regions: 26->26
[2023-02-09T15:15:59.266+0000][68][gc,heap     ] GC(386) Archive regions: 2->2
[2023-02-09T15:15:59.267+0000][68][gc,heap     ] GC(386) Humongous regions: 2->2
[2023-02-09T15:15:59.269+0000][68][gc,metaspace] GC(386) Metaspace: 142964K(146048K)->142964K(146048K) NonClass: 124796K(126016K)->124796K(126016K) Class: 18168K(20032K)->18168K(20032K)
[2023-02-09T15:15:59.271+0000][68][gc          ] GC(386) Pause Young (Normal) (G1 Evacuation Pause) 204M->116M(256M) 78.454ms
[2023-02-09T15:15:59.272+0000][68][gc,cpu      ] GC(386) User=0.01s Sys=0.00s Real=0.08s
[2023-02-09T15:15:59.273+0000][68][safepoint   ] Safepoint "G1CollectForAllocation", Time since last: 2657221163 ns, Reaching safepoint: 232301 ns, At safepoint: 80835302 ns, Total: 81067603 ns
[2023-02-09T15:16:03.196+0000][68][safepoint   ] Safepoint "Cleanup", Time since last: 3922384033 ns, Reaching safepoint: 491592 ns, At safepoint: 16205 ns, Total: 507797 ns
[2023-02-09T15:16:04.201+0000][68][safepoint   ] Safepoint "Cleanup", Time since last: 1004729590 ns, Reaching safepoint: 602406 ns, At safepoint: 26827 ns, Total: 629233 ns
[2023-02-09T15:16:06.205+0000][68][safepoint   ] Safepoint "Cleanup", Time since last: 2003418929 ns, Reaching safepoint: 369884 ns, At safepoint: 12525 ns, Total: 382409 ns
[2023-02-09T15:16:11.210+0000][68][safepoint   ] Safepoint "Cleanup", Time since last: 5004327736 ns, Reaching safepoint: 232748 ns, At safepoint: 8786 ns, Total: 241534 ns
[2023-02-09T15:16:14.213+0000][68][safepoint   ] Safepoint "Cleanup", Time since last: 3003259909 ns, Reaching safepoint: 87885 ns, At safepoint: 3650 ns, Total: 91535 ns
[2023-02-09T15:16:20.416+0000][68][gc,start    ] GC(387) Pause Young (Concurrent Start) (G1 Evacuation Pause)
[2023-02-09T15:16:20.416+0000][68][gc,task     ] GC(387) Using 4 workers of 4 for evacuation
[2023-02-09T15:16:20.417+0000][68][gc,age      ] GC(387) Desired survivor size 6291456 bytes, new threshold 15 (max threshold 15)
[2023-02-09T15:16:20.420+0000][68][gc,phases   ] GC(387)   Pre Evacuate Collection Set: 0.3ms
[2023-02-09T15:16:20.420+0000][68][gc,phases   ] GC(387)   Merge Heap Roots: 0.1ms
[2023-02-09T15:16:20.421+0000][68][gc,phases   ] GC(387)   Evacuate Collection Set: 1.4ms
[2023-02-09T15:16:20.421+0000][68][gc,phases   ] GC(387)   Post Evacuate Collection Set: 0.7ms
[2023-02-09T15:16:20.422+0000][68][gc,phases   ] GC(387)   Other: 0.8ms
[2023-02-09T15:16:20.422+0000][68][gc,age      ] GC(387) Age table with threshold 15 (max threshold 15)
[2023-02-09T15:16:20.423+0000][68][gc,age      ] GC(387) - age   1:    1161792 bytes,    1161792 total
[2023-02-09T15:16:20.423+0000][68][gc,age      ] GC(387) - age   2:      37256 bytes,    1199048 total
[2023-02-09T15:16:20.423+0000][68][gc,age      ] GC(387) - age   3:     145840 bytes,    1344888 total
[2023-02-09T15:16:20.424+0000][68][gc,age      ] GC(387) - age   4:        352 bytes,    1345240 total
[2023-02-09T15:16:20.424+0000][68][gc,age      ] GC(387) - age   5:       6832 bytes,    1352072 total
[2023-02-09T15:16:20.425+0000][68][gc,age      ] GC(387) - age   6:       1232 bytes,    1353304 total
[2023-02-09T15:16:20.425+0000][68][gc,age      ] GC(387) - age   7:       2288 bytes,    1355592 total
[2023-02-09T15:16:20.426+0000][68][gc,age      ] GC(387) - age   8:        104 bytes,    1355696 total
[2023-02-09T15:16:20.426+0000][68][gc,age      ] GC(387) - age   9:        184 bytes,    1355880 total
[2023-02-09T15:16:20.427+0000][68][gc,age      ] GC(387) - age  10:       3816 bytes,    1359696 total
[2023-02-09T15:16:20.427+0000][68][gc,age      ] GC(387) - age  11:        656 bytes,    1360352 total
[2023-02-09T15:16:20.428+0000][68][gc,age      ] GC(387) - age  12:       9448 bytes,    1369800 total
[2023-02-09T15:16:20.428+0000][68][gc,age      ] GC(387) - age  13:      88752 bytes,    1458552 total
[2023-02-09T15:16:20.428+0000][68][gc,age      ] GC(387) - age  14:        368 bytes,    1458920 total
[2023-02-09T15:16:20.429+0000][68][gc,age      ] GC(387) - age  15:       4736 bytes,    1463656 total
[2023-02-09T15:16:20.429+0000][68][gc,heap     ] GC(387) Eden regions: 22->0(22)
[2023-02-09T15:16:20.430+0000][68][gc,heap     ] GC(387) Survivor regions: 1->1(3)
[2023-02-09T15:16:20.430+0000][68][gc,heap     ] GC(387) Old regions: 26->26
[2023-02-09T15:16:20.431+0000][68][gc,heap     ] GC(387) Archive regions: 2->2
[2023-02-09T15:16:20.432+0000][68][gc,heap     ] GC(387) Humongous regions: 2->2
[2023-02-09T15:16:20.432+0000][68][gc,metaspace] GC(387) Metaspace: 142964K(146048K)->142964K(146048K) NonClass: 124796K(126016K)->124796K(126016K) Class: 18168K(20032K)->18168K(20032K)
[2023-02-09T15:16:20.433+0000][68][gc          ] GC(387) Pause Young (Concurrent Start) (G1 Evacuation Pause) 204M->115M(256M) 17.241ms
[2023-02-09T15:16:20.434+0000][68][gc,cpu      ] GC(387) User=0.01s Sys=0.00s Real=0.02s
[2023-02-09T15:16:20.434+0000][68][safepoint   ] Safepoint "G1CollectForAllocation", Time since last: 6224222764 ns, Reaching safepoint: 125105 ns, At safepoint: 18339861 ns, Total: 18464966 ns
[2023-02-09T15:16:20.434+0000][68][gc          ] GC(388) Concurrent Mark Cycle
[2023-02-09T15:16:20.438+0000][68][gc,marking  ] GC(388) Concurrent Clear Claimed Marks
[2023-02-09T15:16:20.439+0000][68][gc,marking  ] GC(388) Concurrent Clear Claimed Marks 0.779ms
[2023-02-09T15:16:20.439+0000][68][gc,marking  ] GC(388) Concurrent Scan Root Regions
[2023-02-09T15:16:20.442+0000][68][gc,marking  ] GC(388) Concurrent Scan Root Regions 2.403ms
[2023-02-09T15:16:20.442+0000][68][gc,marking  ] GC(388) Concurrent Mark
[2023-02-09T15:16:20.442+0000][68][gc,marking  ] GC(388) Concurrent Mark From Roots
[2023-02-09T15:16:20.443+0000][68][gc,task     ] GC(388) Using 1 workers of 1 for marking
[2023-02-09T15:16:20.549+0000][68][gc,marking  ] GC(388) Concurrent Mark From Roots 106.490ms
[2023-02-09T15:16:20.550+0000][68][gc,marking  ] GC(388) Concurrent Preclean
[2023-02-09T15:16:20.552+0000][68][gc,marking  ] GC(388) Concurrent Preclean 1.793ms
[2023-02-09T15:16:20.556+0000][68][gc,start    ] GC(388) Pause Remark
[2023-02-09T15:16:20.571+0000][68][gc          ] GC(388) Pause Remark 118M->118M(256M) 15.571ms
[2023-02-09T15:16:20.574+0000][68][gc,cpu      ] GC(388) User=0.03s Sys=0.00s Real=0.02s
[2023-02-09T15:16:20.574+0000][68][safepoint   ] Safepoint "G1PauseRemark", Time since last: 121401074 ns, Reaching safepoint: 106340 ns, At safepoint: 18663428 ns, Total: 18769768 ns
[2023-02-09T15:16:20.575+0000][68][gc,marking  ] GC(388) Concurrent Mark 133.207ms
[2023-02-09T15:16:20.576+0000][68][gc,marking  ] GC(388) Concurrent Rebuild Remembered Sets
[2023-02-09T15:16:20.645+0000][68][gc,marking  ] GC(388) Concurrent Rebuild Remembered Sets 69.011ms
[2023-02-09T15:16:20.646+0000][68][gc,start    ] GC(388) Pause Cleanup
[2023-02-09T15:16:20.646+0000][68][gc          ] GC(388) Pause Cleanup 118M->118M(256M) 0.562ms
[2023-02-09T15:16:20.647+0000][68][gc,cpu      ] GC(388) User=0.00s Sys=0.00s Real=0.00s
[2023-02-09T15:16:20.647+0000][68][safepoint   ] Safepoint "G1PauseCleanup", Time since last: 71437948 ns, Reaching safepoint: 55748 ns, At safepoint: 1644283 ns, Total: 1700031 ns
[2023-02-09T15:16:20.648+0000][68][gc,marking  ] GC(388) Concurrent Cleanup for Next Mark
[2023-02-09T15:16:20.649+0000][68][gc,marking  ] GC(388) Concurrent Cleanup for Next Mark 0.856ms
[2023-02-09T15:16:20.650+0000][68][gc          ] GC(388) Concurrent Mark Cycle 215.818ms
[2023-02-09T15:16:50.172+0000][68][gc,start    ] GC(389) Pause Young (Prepare Mixed) (G1 Evacuation Pause)
[2023-02-09T15:16:50.173+0000][68][gc,task     ] GC(389) Using 4 workers of 4 for evacuation
[2023-02-09T15:16:50.174+0000][68][gc,age      ] GC(389) Desired survivor size 6291456 bytes, new threshold 15 (max threshold 15)
[2023-02-09T15:16:50.178+0000][68][gc,phases   ] GC(389)   Pre Evacuate Collection Set: 0.1ms
[2023-02-09T15:16:50.179+0000][68][gc,phases   ] GC(389)   Merge Heap Roots: 0.1ms
[2023-02-09T15:16:50.180+0000][68][gc,phases   ] GC(389)   Evacuate Collection Set: 2.0ms
[2023-02-09T15:16:50.180+0000][68][gc,phases   ] GC(389)   Post Evacuate Collection Set: 0.8ms
[2023-02-09T15:16:50.181+0000][68][gc,phases   ] GC(389)   Other: 1.5ms
[2023-02-09T15:16:50.181+0000][68][gc,age      ] GC(389) Age table with threshold 15 (max threshold 15)
[2023-02-09T15:16:50.182+0000][68][gc,age      ] GC(389) - age   1:     926600 bytes,     926600 total
[2023-02-09T15:16:50.182+0000][68][gc,age      ] GC(389) - age   2:     291728 bytes,    1218328 total
[2023-02-09T15:16:50.183+0000][68][gc,age      ] GC(389) - age   3:      30968 bytes,    1249296 total
[2023-02-09T15:16:50.183+0000][68][gc,age      ] GC(389) - age   4:       2336 bytes,    1251632 total
[2023-02-09T15:16:50.184+0000][68][gc,age      ] GC(389) - age   5:        128 bytes,    1251760 total
[2023-02-09T15:16:50.184+0000][68][gc,age      ] GC(389) - age   6:       6472 bytes,    1258232 total
[2023-02-09T15:16:50.184+0000][68][gc,age      ] GC(389) - age   7:        744 bytes,    1258976 total
[2023-02-09T15:16:50.185+0000][68][gc,age      ] GC(389) - age   8:       2288 bytes,    1261264 total
[2023-02-09T15:16:50.186+0000][68][gc,age      ] GC(389) - age   9:        104 bytes,    1261368 total
[2023-02-09T15:16:50.186+0000][68][gc,age      ] GC(389) - age  10:        184 bytes,    1261552 total
[2023-02-09T15:16:50.186+0000][68][gc,age      ] GC(389) - age  11:       3816 bytes,    1265368 total
[2023-02-09T15:16:50.187+0000][68][gc,age      ] GC(389) - age  12:        656 bytes,    1266024 total
[2023-02-09T15:16:50.187+0000][68][gc,age      ] GC(389) - age  13:       9448 bytes,    1275472 total
[2023-02-09T15:16:50.188+0000][68][gc,age      ] GC(389) - age  14:      88752 bytes,    1364224 total
[2023-02-09T15:16:50.188+0000][68][gc,age      ] GC(389) - age  15:        368 bytes,    1364592 total
[2023-02-09T15:16:50.188+0000][68][gc,heap     ] GC(389) Eden regions: 22->0(2)
[2023-02-09T15:16:50.189+0000][68][gc,heap     ] GC(389) Survivor regions: 1->1(3)
[2023-02-09T15:16:50.189+0000][68][gc,heap     ] GC(389) Old regions: 26->26
[2023-02-09T15:16:50.190+0000][68][gc,heap     ] GC(389) Archive regions: 2->2
[2023-02-09T15:16:50.190+0000][68][gc,heap     ] GC(389) Humongous regions: 2->2
[2023-02-09T15:16:50.190+0000][68][gc,metaspace] GC(389) Metaspace: 142966K(146048K)->142966K(146048K) NonClass: 124798K(126016K)->124798K(126016K) Class: 18168K(20032K)->18168K(20032K)
[2023-02-09T15:16:50.191+0000][68][gc          ] GC(389) Pause Young (Prepare Mixed) (G1 Evacuation Pause) 203M->115M(256M) 18.589ms
[2023-02-09T15:16:50.191+0000][68][gc,cpu      ] GC(389) User=0.01s Sys=0.01s Real=0.02s
[2023-02-09T15:16:50.192+0000][68][safepoint   ] Safepoint "G1CollectForAllocation", Time since last: 29545408605 ns, Reaching safepoint: 100764 ns, At safepoint: 19574321 ns, Total: 19675085 ns
[2023-02-09T15:16:50.730+0000][68][gc,start    ] GC(390) Pause Young (Mixed) (G1 Evacuation Pause)
[2023-02-09T15:16:50.732+0000][68][gc,task     ] GC(390) Using 4 workers of 4 for evacuation
[2023-02-09T15:16:50.733+0000][68][gc,age      ] GC(390) Desired survivor size 2097152 bytes, new threshold 15 (max threshold 15)
[2023-02-09T15:16:50.746+0000][68][gc,phases   ] GC(390)   Pre Evacuate Collection Set: 0.3ms
[2023-02-09T15:16:50.747+0000][68][gc,phases   ] GC(390)   Merge Heap Roots: 0.1ms
[2023-02-09T15:16:50.748+0000][68][gc,phases   ] GC(390)   Evacuate Collection Set: 9.6ms
[2023-02-09T15:16:50.749+0000][68][gc,phases   ] GC(390)   Post Evacuate Collection Set: 1.3ms
[2023-02-09T15:16:50.749+0000][68][gc,phases   ] GC(390)   Other: 2.9ms
[2023-02-09T15:16:50.750+0000][68][gc,age      ] GC(390) Age table with threshold 15 (max threshold 15)
[2023-02-09T15:16:50.751+0000][68][gc,age      ] GC(390) - age   1:     565416 bytes,     565416 total
[2023-02-09T15:16:50.751+0000][68][gc,age      ] GC(390) - age   2:     698432 bytes,    1263848 total
[2023-02-09T15:16:50.752+0000][68][gc,age      ] GC(390) - age   3:     289040 bytes,    1552888 total
[2023-02-09T15:16:50.752+0000][68][gc,age      ] GC(390) - age   4:      30888 bytes,    1583776 total
[2023-02-09T15:16:50.753+0000][68][gc,age      ] GC(390) - age   5:       2272 bytes,    1586048 total
[2023-02-09T15:16:50.754+0000][68][gc,age      ] GC(390) - age   6:        128 bytes,    1586176 total
[2023-02-09T15:16:50.754+0000][68][gc,age      ] GC(390) - age   7:       6472 bytes,    1592648 total
[2023-02-09T15:16:50.755+0000][68][gc,age      ] GC(390) - age   8:        744 bytes,    1593392 total
[2023-02-09T15:16:50.756+0000][68][gc,age      ] GC(390) - age   9:       2288 bytes,    1595680 total
[2023-02-09T15:16:50.757+0000][68][gc,age      ] GC(390) - age  10:        104 bytes,    1595784 total
[2023-02-09T15:16:50.757+0000][68][gc,age      ] GC(390) - age  11:        184 bytes,    1595968 total
[2023-02-09T15:16:50.758+0000][68][gc,age      ] GC(390) - age  12:       3816 bytes,    1599784 total
[2023-02-09T15:16:50.758+0000][68][gc,age      ] GC(390) - age  13:        656 bytes,    1600440 total
[2023-02-09T15:16:50.759+0000][68][gc,age      ] GC(390) - age  14:       9448 bytes,    1609888 total
[2023-02-09T15:16:50.759+0000][68][gc,age      ] GC(390) - age  15:      88752 bytes,    1698640 total
[2023-02-09T15:16:50.761+0000][68][gc,heap     ] GC(390) Eden regions: 2->0(22)
[2023-02-09T15:16:50.761+0000][68][gc,heap     ] GC(390) Survivor regions: 1->1(1)
[2023-02-09T15:16:50.762+0000][68][gc,heap     ] GC(390) Old regions: 26->26
[2023-02-09T15:16:50.762+0000][68][gc,heap     ] GC(390) Archive regions: 2->2
[2023-02-09T15:16:50.763+0000][68][gc,heap     ] GC(390) Humongous regions: 2->2
[2023-02-09T15:16:50.764+0000][68][gc,metaspace] GC(390) Metaspace: 142966K(146048K)->142966K(146048K) NonClass: 124798K(126016K)->124798K(126016K) Class: 18168K(20032K)->18168K(20032K)
[2023-02-09T15:16:50.764+0000][68][gc          ] GC(390) Pause Young (Mixed) (G1 Evacuation Pause) 123M->115M(256M) 34.145ms
[2023-02-09T15:16:50.765+0000][68][gc,cpu      ] GC(390) User=0.03s Sys=0.00s Real=0.04s
[2023-02-09T15:16:50.765+0000][68][safepoint   ] Safepoint "G1CollectForAllocation", Time since last: 537694625 ns, Reaching safepoint: 226878 ns, At safepoint: 35376081 ns, Total: 35602959 ns
[2023-02-09T15:17:02.775+0000][68][safepoint   ] Safepoint "Cleanup", Time since last: 12009546512 ns, Reaching safepoint: 96361 ns, At safepoint: 5314 ns, Total: 101675 ns
[2023-02-09T15:17:13.787+0000][68][safepoint   ] Safepoint "Cleanup", Time since last: 11012262707 ns, Reaching safepoint: 186806 ns, At safepoint: 6234 ns, Total: 193040 ns
[2023-02-09T15:17:18.772+0000][68][safepoint   ] Safepoint "Cleanup", Time since last: 5006764004 ns, Reaching safepoint: 219211 ns, At safepoint: 9349 ns, Total: 228560 ns
[2023-02-09T15:17:20.226+0000][68][gc,start    ] GC(391) Pause Young (Normal) (G1 Evacuation Pause)
[2023-02-09T15:17:20.227+0000][68][gc,task     ] GC(391) Using 4 workers of 4 for evacuation
[2023-02-09T15:17:20.227+0000][68][gc,age      ] GC(391) Desired survivor size 6291456 bytes, new threshold 15 (max threshold 15)
[2023-02-09T15:17:20.231+0000][68][gc,phases   ] GC(391)   Pre Evacuate Collection Set: 0.1ms
[2023-02-09T15:17:20.232+0000][68][gc,phases   ] GC(391)   Merge Heap Roots: 0.0ms
[2023-02-09T15:17:20.232+0000][68][gc,phases   ] GC(391)   Evacuate Collection Set: 2.0ms
[2023-02-09T15:17:20.233+0000][68][gc,phases   ] GC(391)   Post Evacuate Collection Set: 1.4ms
[2023-02-09T15:17:20.233+0000][68][gc,phases   ] GC(391)   Other: 0.8ms
[2023-02-09T15:17:20.234+0000][68][gc,age      ] GC(391) Age table with threshold 15 (max threshold 15)
[2023-02-09T15:17:20.234+0000][68][gc,age      ] GC(391) - age   1:    1316080 bytes,    1316080 total
[2023-02-09T15:17:20.235+0000][68][gc,age      ] GC(391) - age   2:        320 bytes,    1316400 total
[2023-02-09T15:17:20.235+0000][68][gc,age      ] GC(391) - age   3:      89072 bytes,    1405472 total
[2023-02-09T15:17:20.236+0000][68][gc,age      ] GC(391) - age   4:     288480 bytes,    1693952 total
[2023-02-09T15:17:20.236+0000][68][gc,age      ] GC(391) - age   5:      26640 bytes,    1720592 total
[2023-02-09T15:17:20.236+0000][68][gc,age      ] GC(391) - age   6:       2272 bytes,    1722864 total
[2023-02-09T15:17:20.237+0000][68][gc,age      ] GC(391) - age   7:        128 bytes,    1722992 total
[2023-02-09T15:17:20.237+0000][68][gc,age      ] GC(391) - age   8:       6472 bytes,    1729464 total
[2023-02-09T15:17:20.238+0000][68][gc,age      ] GC(391) - age   9:        744 bytes,    1730208 total
[2023-02-09T15:17:20.238+0000][68][gc,age      ] GC(391) - age  10:       2288 bytes,    1732496 total
[2023-02-09T15:17:20.239+0000][68][gc,age      ] GC(391) - age  11:        104 bytes,    1732600 total
[2023-02-09T15:17:20.239+0000][68][gc,age      ] GC(391) - age  12:        184 bytes,    1732784 total
[2023-02-09T15:17:20.240+0000][68][gc,age      ] GC(391) - age  13:       3816 bytes,    1736600 total
[2023-02-09T15:17:20.240+0000][68][gc,age      ] GC(391) - age  14:        656 bytes,    1737256 total
[2023-02-09T15:17:20.241+0000][68][gc,age      ] GC(391) - age  15:       9448 bytes,    1746704 total
[2023-02-09T15:17:20.241+0000][68][gc,heap     ] GC(391) Eden regions: 22->0(22)
[2023-02-09T15:17:20.241+0000][68][gc,heap     ] GC(391) Survivor regions: 1->1(3)
[2023-02-09T15:17:20.242+0000][68][gc,heap     ] GC(391) Old regions: 26->26
[2023-02-09T15:17:20.243+0000][68][gc,heap     ] GC(391) Archive regions: 2->2
[2023-02-09T15:17:20.243+0000][68][gc,heap     ] GC(391) Humongous regions: 2->2
[2023-02-09T15:17:20.244+0000][68][gc,metaspace] GC(391) Metaspace: 142970K(146048K)->142970K(146048K) NonClass: 124801K(126016K)->124801K(126016K) Class: 18168K(20032K)->18168K(20032K)
[2023-02-09T15:17:20.244+0000][68][gc          ] GC(391) Pause Young (Normal) (G1 Evacuation Pause) 203M->115M(256M) 18.290ms
[2023-02-09T15:17:20.245+0000][68][gc,cpu      ] GC(391) User=0.01s Sys=0.00s Real=0.02s
[2023-02-09T15:17:20.245+0000][68][safepoint   ] Safepoint "G1CollectForAllocation", Time since last: 1454238052 ns, Reaching safepoint: 91880 ns, At safepoint: 19306757 ns, Total: 19398637 ns
[2023-02-09T15:17:27.250+0000][68][safepoint   ] Safepoint "Cleanup", Time since last: 7004914862 ns, Reaching safepoint: 279693 ns, At safepoint: 13990 ns, Total: 293683 ns
[2023-02-09T15:17:29.252+0000][68][safepoint   ] Safepoint "Cleanup", Time since last: 2001465490 ns, Reaching safepoint: 91913 ns, At safepoint: 32247 ns, Total: 124160 ns
[2023-02-09T15:17:30.253+0000][68][safepoint   ] Safepoint "Cleanup", Time since last: 1001238410 ns, Reaching safepoint: 100680 ns, At safepoint: 5548 ns, Total: 106228 ns
[2023-02-09T15:17:44.166+0000][68][gc,start    ] GC(392) Pause Young (Normal) (G1 Evacuation Pause)
[2023-02-09T15:17:44.168+0000][68][gc,task     ] GC(392) Using 4 workers of 4 for evacuation
[2023-02-09T15:17:44.169+0000][68][gc,age      ] GC(392) Desired survivor size 6291456 bytes, new threshold 15 (max threshold 15)
[2023-02-09T15:17:44.174+0000][68][gc,phases   ] GC(392)   Pre Evacuate Collection Set: 0.1ms
[2023-02-09T15:17:44.175+0000][68][gc,phases   ] GC(392)   Merge Heap Roots: 0.0ms
[2023-02-09T15:17:44.175+0000][68][gc,phases   ] GC(392)   Evacuate Collection Set: 2.2ms
[2023-02-09T15:17:44.176+0000][68][gc,phases   ] GC(392)   Post Evacuate Collection Set: 1.3ms
[2023-02-09T15:17:44.176+0000][68][gc,phases   ] GC(392)   Other: 2.2ms
[2023-02-09T15:17:44.177+0000][68][gc,age      ] GC(392) Age table with threshold 15 (max threshold 15)
[2023-02-09T15:17:44.177+0000][68][gc,age      ] GC(392) - age   1:    1292200 bytes,    1292200 total
[2023-02-09T15:17:44.178+0000][68][gc,age      ] GC(392) - age   2:     112312 bytes,    1404512 total
[2023-02-09T15:17:44.178+0000][68][gc,age      ] GC(392) - age   3:        128 bytes,    1404640 total
[2023-02-09T15:17:44.179+0000][68][gc,age      ] GC(392) - age   4:      39136 bytes,    1443776 total
[2023-02-09T15:17:44.179+0000][68][gc,age      ] GC(392) - age   5:     179344 bytes,    1623120 total
[2023-02-09T15:17:44.180+0000][68][gc,age      ] GC(392) - age   6:      26512 bytes,    1649632 total
[2023-02-09T15:17:44.180+0000][68][gc,age      ] GC(392) - age   7:       2272 bytes,    1651904 total
[2023-02-09T15:17:44.181+0000][68][gc,age      ] GC(392) - age   8:        128 bytes,    1652032 total
[2023-02-09T15:17:44.182+0000][68][gc,age      ] GC(392) - age   9:       2736 bytes,    1654768 total
[2023-02-09T15:17:44.183+0000][68][gc,age      ] GC(392) - age  10:        744 bytes,    1655512 total
[2023-02-09T15:17:44.183+0000][68][gc,age      ] GC(392) - age  11:       2288 bytes,    1657800 total
[2023-02-09T15:17:44.184+0000][68][gc,age      ] GC(392) - age  12:        104 bytes,    1657904 total
[2023-02-09T15:17:44.184+0000][68][gc,age      ] GC(392) - age  13:        184 bytes,    1658088 total
[2023-02-09T15:17:44.184+0000][68][gc,age      ] GC(392) - age  14:       3816 bytes,    1661904 total
[2023-02-09T15:17:44.185+0000][68][gc,age      ] GC(392) - age  15:        656 bytes,    1662560 total
[2023-02-09T15:17:44.185+0000][68][gc,heap     ] GC(392) Eden regions: 22->0(22)
[2023-02-09T15:17:44.185+0000][68][gc,heap     ] GC(392) Survivor regions: 1->1(3)
[2023-02-09T15:17:44.186+0000][68][gc,heap     ] GC(392) Old regions: 26->26
[2023-02-09T15:17:44.186+0000][68][gc,heap     ] GC(392) Archive regions: 2->2
[2023-02-09T15:17:44.187+0000][68][gc,heap     ] GC(392) Humongous regions: 2->2
[2023-02-09T15:17:44.187+0000][68][gc,metaspace] GC(392) Metaspace: 142970K(146048K)->142970K(146048K) NonClass: 124801K(126016K)->124801K(126016K) Class: 18168K(20032K)->18168K(20032K)
[2023-02-09T15:17:44.188+0000][68][gc          ] GC(392) Pause Young (Normal) (G1 Evacuation Pause) 203M->115M(256M) 21.463ms
[2023-02-09T15:17:44.188+0000][68][gc,cpu      ] GC(392) User=0.01s Sys=0.00s Real=0.02s
[2023-02-09T15:17:44.189+0000][68][safepoint   ] Safepoint "G1CollectForAllocation", Time since last: 13912594002 ns, Reaching safepoint: 317667 ns, At safepoint: 23046414 ns, Total: 23364081 ns
[2023-02-09T15:18:04.186+0000][68][safepoint   ] Safepoint "Cleanup", Time since last: 20018555474 ns, Reaching safepoint: 199893 ns, At safepoint: 11841 ns, Total: 211734 ns
[2023-02-09T15:18:05.189+0000][68][safepoint   ] Safepoint "Cleanup", Time since last: 1002268637 ns, Reaching safepoint: 207541 ns, At safepoint: 7501 ns, Total: 215042 ns
[2023-02-09T15:18:09.889+0000][68][gc,start    ] GC(393) Pause Young (Concurrent Start) (G1 Evacuation Pause)
[2023-02-09T15:18:09.889+0000][68][gc,task     ] GC(393) Using 4 workers of 4 for evacuation
[2023-02-09T15:18:09.890+0000][68][gc,age      ] GC(393) Desired survivor size 6291456 bytes, new threshold 15 (max threshold 15)
[2023-02-09T15:18:09.895+0000][68][gc,phases   ] GC(393)   Pre Evacuate Collection Set: 0.4ms
[2023-02-09T15:18:09.896+0000][68][gc,phases   ] GC(393)   Merge Heap Roots: 0.1ms
[2023-02-09T15:18:09.897+0000][68][gc,phases   ] GC(393)   Evacuate Collection Set: 2.1ms
[2023-02-09T15:18:09.898+0000][68][gc,phases   ] GC(393)   Post Evacuate Collection Set: 1.2ms
[2023-02-09T15:18:09.899+0000][68][gc,phases   ] GC(393)   Other: 1.5ms
[2023-02-09T15:18:09.900+0000][68][gc,age      ] GC(393) Age table with threshold 15 (max threshold 15)
[2023-02-09T15:18:09.901+0000][68][gc,age      ] GC(393) - age   1:    1838576 bytes,    1838576 total
[2023-02-09T15:18:09.902+0000][68][gc,age      ] GC(393) - age   2:      48256 bytes,    1886832 total
[2023-02-09T15:18:09.902+0000][68][gc,age      ] GC(393) - age   3:     110256 bytes,    1997088 total
[2023-02-09T15:18:09.904+0000][68][gc,age      ] GC(393) - age   5:      38784 bytes,    2035872 total
[2023-02-09T15:18:09.904+0000][68][gc,age      ] GC(393) - age   6:     179064 bytes,    2214936 total
[2023-02-09T15:18:09.906+0000][68][gc,age      ] GC(393) - age   7:      26512 bytes,    2241448 total
[2023-02-09T15:18:09.907+0000][68][gc,age      ] GC(393) - age   8:       2080 bytes,    2243528 total
[2023-02-09T15:18:09.907+0000][68][gc,age      ] GC(393) - age  10:       2736 bytes,    2246264 total
[2023-02-09T15:18:09.908+0000][68][gc,age      ] GC(393) - age  11:        744 bytes,    2247008 total
[2023-02-09T15:18:09.909+0000][68][gc,age      ] GC(393) - age  12:       2288 bytes,    2249296 total
[2023-02-09T15:18:09.909+0000][68][gc,age      ] GC(393) - age  13:        104 bytes,    2249400 total
[2023-02-09T15:18:09.910+0000][68][gc,age      ] GC(393) - age  14:        184 bytes,    2249584 total
[2023-02-09T15:18:09.911+0000][68][gc,age      ] GC(393) - age  15:       3816 bytes,    2253400 total
[2023-02-09T15:18:09.912+0000][68][gc,heap     ] GC(393) Eden regions: 22->0(21)
[2023-02-09T15:18:09.912+0000][68][gc,heap     ] GC(393) Survivor regions: 1->1(3)
[2023-02-09T15:18:09.913+0000][68][gc,heap     ] GC(393) Old regions: 26->26
[2023-02-09T15:18:09.914+0000][68][gc,heap     ] GC(393) Archive regions: 2->2
[2023-02-09T15:18:09.914+0000][68][gc,heap     ] GC(393) Humongous regions: 2->2
[2023-02-09T15:18:09.915+0000][68][gc,metaspace] GC(393) Metaspace: 142970K(146048K)->142970K(146048K) NonClass: 124801K(126016K)->124801K(126016K) Class: 18168K(20032K)->18168K(20032K)
[2023-02-09T15:18:09.916+0000][68][gc          ] GC(393) Pause Young (Concurrent Start) (G1 Evacuation Pause) 203M->116M(256M) 26.951ms
[2023-02-09T15:18:09.916+0000][68][gc,cpu      ] GC(393) User=0.01s Sys=0.00s Real=0.02s
[2023-02-09T15:18:09.916+0000][68][gc          ] GC(394) Concurrent Mark Cycle
[2023-02-09T15:18:09.918+0000][68][gc,marking  ] GC(394) Concurrent Clear Claimed Marks
[2023-02-09T15:18:09.917+0000][68][safepoint   ] Safepoint "G1CollectForAllocation", Time since last: 4699787740 ns, Reaching safepoint: 175520 ns, At safepoint: 28228960 ns, Total: 28404480 ns
[2023-02-09T15:18:09.918+0000][68][gc,marking  ] GC(394) Concurrent Clear Claimed Marks 0.781ms
[2023-02-09T15:18:09.919+0000][68][gc,marking  ] GC(394) Concurrent Scan Root Regions
[2023-02-09T15:18:09.922+0000][68][gc,marking  ] GC(394) Concurrent Scan Root Regions 2.513ms
[2023-02-09T15:18:09.922+0000][68][gc,marking  ] GC(394) Concurrent Mark
[2023-02-09T15:18:09.923+0000][68][gc,marking  ] GC(394) Concurrent Mark From Roots
[2023-02-09T15:18:09.923+0000][68][gc,task     ] GC(394) Using 1 workers of 1 for marking
[2023-02-09T15:18:10.085+0000][68][gc,marking  ] GC(394) Concurrent Mark From Roots 162.188ms
[2023-02-09T15:18:10.086+0000][68][gc,marking  ] GC(394) Concurrent Preclean
[2023-02-09T15:18:10.087+0000][68][gc,marking  ] GC(394) Concurrent Preclean 0.796ms
[2023-02-09T15:18:10.087+0000][68][gc,start    ] GC(394) Pause Remark
[2023-02-09T15:18:10.100+0000][68][gc          ] GC(394) Pause Remark 121M->121M(256M) 12.502ms
[2023-02-09T15:18:10.101+0000][68][gc,cpu      ] GC(394) User=0.03s Sys=0.00s Real=0.01s
[2023-02-09T15:18:10.101+0000][68][safepoint   ] Safepoint "G1PauseRemark", Time since last: 170278034 ns, Reaching safepoint: 68238 ns, At safepoint: 13783826 ns, Total: 13852064 ns
[2023-02-09T15:18:10.102+0000][68][gc,marking  ] GC(394) Concurrent Mark 179.314ms
[2023-02-09T15:18:10.102+0000][68][gc,marking  ] GC(394) Concurrent Rebuild Remembered Sets
[2023-02-09T15:18:10.171+0000][68][gc,marking  ] GC(394) Concurrent Rebuild Remembered Sets 68.962ms
[2023-02-09T15:18:10.172+0000][68][gc,start    ] GC(394) Pause Cleanup
[2023-02-09T15:18:10.173+0000][68][gc          ] GC(394) Pause Cleanup 121M->121M(256M) 1.032ms
[2023-02-09T15:18:10.174+0000][68][gc,cpu      ] GC(394) User=0.00s Sys=0.00s Real=0.00s
[2023-02-09T15:18:10.175+0000][68][safepoint   ] Safepoint "G1PauseCleanup", Time since last: 71319751 ns, Reaching safepoint: 75165 ns, At safepoint: 2114066 ns, Total: 2189231 ns
[2023-02-09T15:18:10.175+0000][68][gc,marking  ] GC(394) Concurrent Cleanup for Next Mark
[2023-02-09T15:18:10.176+0000][68][gc,marking  ] GC(394) Concurrent Cleanup for Next Mark 0.677ms
[2023-02-09T15:18:10.176+0000][68][gc          ] GC(394) Concurrent Mark Cycle 260.126ms
[2023-02-09T15:18:17.181+0000][68][safepoint   ] Safepoint "Cleanup", Time since last: 7005900627 ns, Reaching safepoint: 119745 ns, At safepoint: 6672 ns, Total: 126417 ns
[2023-02-09T15:18:28.167+0000][68][safepoint   ] Safepoint "Cleanup", Time since last: 11007525412 ns, Reaching safepoint: 112402 ns, At safepoint: 5569 ns, Total: 117971 ns
[2023-02-09T15:18:33.670+0000][68][gc,start    ] GC(395) Pause Young (Prepare Mixed) (G1 Evacuation Pause)
[2023-02-09T15:18:33.671+0000][68][gc,task     ] GC(395) Using 4 workers of 4 for evacuation
[2023-02-09T15:18:33.672+0000][68][gc,age      ] GC(395) Desired survivor size 6291456 bytes, new threshold 15 (max threshold 15)
[2023-02-09T15:18:33.677+0000][68][gc,phases   ] GC(395)   Pre Evacuate Collection Set: 0.1ms
[2023-02-09T15:18:33.679+0000][68][gc,phases   ] GC(395)   Merge Heap Roots: 0.1ms
[2023-02-09T15:18:33.680+0000][68][gc,phases   ] GC(395)   Evacuate Collection Set: 2.8ms
[2023-02-09T15:18:33.681+0000][68][gc,phases   ] GC(395)   Post Evacuate Collection Set: 1.2ms
[2023-02-09T15:18:33.682+0000][68][gc,phases   ] GC(395)   Other: 2.2ms
[2023-02-09T15:18:33.684+0000][68][gc,age      ] GC(395) Age table with threshold 15 (max threshold 15)
[2023-02-09T15:18:33.692+0000][68][gc,age      ] GC(395) - age   1:    1386480 bytes,    1386480 total
[2023-02-09T15:18:33.697+0000][68][gc,age      ] GC(395) - age   2:     155248 bytes,    1541728 total
[2023-02-09T15:18:33.701+0000][68][gc,age      ] GC(395) - age   3:       4784 bytes,    1546512 total
[2023-02-09T15:18:33.703+0000][68][gc,age      ] GC(395) - age   4:        680 bytes,    1547192 total
[2023-02-09T15:18:33.705+0000][68][gc,age      ] GC(395) - age   6:      38456 bytes,    1585648 total
[2023-02-09T15:18:33.706+0000][68][gc,age      ] GC(395) - age   7:     179064 bytes,    1764712 total
[2023-02-09T15:18:33.707+0000][68][gc,age      ] GC(395) - age   8:      26512 bytes,    1791224 total
[2023-02-09T15:18:33.708+0000][68][gc,age      ] GC(395) - age   9:       2080 bytes,    1793304 total
[2023-02-09T15:18:33.709+0000][68][gc,age      ] GC(395) - age  11:       2736 bytes,    1796040 total
[2023-02-09T15:18:33.710+0000][68][gc,age      ] GC(395) - age  12:        744 bytes,    1796784 total
[2023-02-09T15:18:33.711+0000][68][gc,age      ] GC(395) - age  13:       2112 bytes,    1798896 total
[2023-02-09T15:18:33.712+0000][68][gc,age      ] GC(395) - age  14:        104 bytes,    1799000 total
[2023-02-09T15:18:33.713+0000][68][gc,age      ] GC(395) - age  15:        184 bytes,    1799184 total
[2023-02-09T15:18:33.714+0000][68][gc,heap     ] GC(395) Eden regions: 21->0(2)
[2023-02-09T15:18:33.715+0000][68][gc,heap     ] GC(395) Survivor regions: 1->1(3)
[2023-02-09T15:18:33.716+0000][68][gc,heap     ] GC(395) Old regions: 26->26
[2023-02-09T15:18:33.717+0000][68][gc,heap     ] GC(395) Archive regions: 2->2
[2023-02-09T15:18:33.718+0000][68][gc,heap     ] GC(395) Humongous regions: 2->2
[2023-02-09T15:18:33.720+0000][68][gc,metaspace] GC(395) Metaspace: 142970K(146048K)->142970K(146048K) NonClass: 124801K(126016K)->124801K(126016K) Class: 18168K(20032K)->18168K(20032K)
[2023-02-09T15:18:33.721+0000][68][gc          ] GC(395) Pause Young (Prepare Mixed) (G1 Evacuation Pause) 200M->116M(256M) 51.367ms
[2023-02-09T15:18:33.722+0000][68][gc,cpu      ] GC(395) User=0.01s Sys=0.01s Real=0.05s
[2023-02-09T15:18:33.723+0000][68][safepoint   ] Safepoint "G1CollectForAllocation", Time since last: 5502399805 ns, Reaching safepoint: 246330 ns, At safepoint: 53479255 ns, Total: 53725585 ns
[2023-02-09T15:18:38.181+0000][68][gc,start    ] GC(396) Pause Young (Mixed) (G1 Evacuation Pause)
[2023-02-09T15:18:38.181+0000][68][gc,task     ] GC(396) Using 4 workers of 4 for evacuation
[2023-02-09T15:18:38.182+0000][68][gc,age      ] GC(396) Desired survivor size 2097152 bytes, new threshold 15 (max threshold 15)
[2023-02-09T15:18:38.189+0000][68][gc,phases   ] GC(396)   Pre Evacuate Collection Set: 0.1ms
[2023-02-09T15:18:38.189+0000][68][gc,phases   ] GC(396)   Merge Heap Roots: 0.2ms
[2023-02-09T15:18:38.190+0000][68][gc,phases   ] GC(396)   Evacuate Collection Set: 4.9ms
[2023-02-09T15:18:38.191+0000][68][gc,phases   ] GC(396)   Post Evacuate Collection Set: 1.0ms
[2023-02-09T15:18:38.191+0000][68][gc,phases   ] GC(396)   Other: 1.2ms
[2023-02-09T15:18:38.192+0000][68][gc,age      ] GC(396) Age table with threshold 15 (max threshold 15)
[2023-02-09T15:18:38.192+0000][68][gc,age      ] GC(396) - age   1:     557032 bytes,     557032 total
[2023-02-09T15:18:38.193+0000][68][gc,age      ] GC(396) - age   2:     292960 bytes,     849992 total
[2023-02-09T15:18:38.193+0000][68][gc,age      ] GC(396) - age   3:       2824 bytes,     852816 total
[2023-02-09T15:18:38.194+0000][68][gc,age      ] GC(396) - age   4:       4784 bytes,     857600 total
[2023-02-09T15:18:38.194+0000][68][gc,age      ] GC(396) - age   5:        592 bytes,     858192 total
[2023-02-09T15:18:38.195+0000][68][gc,age      ] GC(396) - age   7:      38456 bytes,     896648 total
[2023-02-09T15:18:38.195+0000][68][gc,age      ] GC(396) - age   8:     179064 bytes,    1075712 total
[2023-02-09T15:18:38.196+0000][68][gc,age      ] GC(396) - age   9:      26224 bytes,    1101936 total
[2023-02-09T15:18:38.196+0000][68][gc,age      ] GC(396) - age  10:       2080 bytes,    1104016 total
[2023-02-09T15:18:38.197+0000][68][gc,age      ] GC(396) - age  12:       2736 bytes,    1106752 total
[2023-02-09T15:18:38.197+0000][68][gc,age      ] GC(396) - age  13:        744 bytes,    1107496 total
[2023-02-09T15:18:38.198+0000][68][gc,age      ] GC(396) - age  14:       2056 bytes,    1109552 total
[2023-02-09T15:18:38.198+0000][68][gc,age      ] GC(396) - age  15:        104 bytes,    1109656 total
[2023-02-09T15:18:38.199+0000][68][gc,heap     ] GC(396) Eden regions: 2->0(21)
[2023-02-09T15:18:38.199+0000][68][gc,heap     ] GC(396) Survivor regions: 1->1(1)
[2023-02-09T15:18:38.200+0000][68][gc,heap     ] GC(396) Old regions: 26->26
[2023-02-09T15:18:38.200+0000][68][gc,heap     ] GC(396) Archive regions: 2->2
[2023-02-09T15:18:38.201+0000][68][gc,heap     ] GC(396) Humongous regions: 2->2
[2023-02-09T15:18:38.202+0000][68][gc,metaspace] GC(396) Metaspace: 142970K(146048K)->142970K(146048K) NonClass: 124801K(126016K)->124801K(126016K) Class: 18168K(20032K)->18168K(20032K)
[2023-02-09T15:18:38.203+0000][68][gc          ] GC(396) Pause Young (Mixed) (G1 Evacuation Pause) 124M->114M(256M) 21.874ms
[2023-02-09T15:18:38.203+0000][68][gc,cpu      ] GC(396) User=0.02s Sys=0.01s Real=0.02s
[2023-02-09T15:18:38.204+0000][68][safepoint   ] Safepoint "G1CollectForAllocation", Time since last: 4457439977 ns, Reaching safepoint: 129289 ns, At safepoint: 23167996 ns, Total: 23297285 ns
[2023-02-09T15:19:03.200+0000][68][safepoint   ] Safepoint "Cleanup", Time since last: 25017878336 ns, Reaching safepoint: 82859 ns, At safepoint: 6212 ns, Total: 89071 ns
[2023-02-09T15:19:05.779+0000][68][gc,start    ] GC(397) Pause Young (Normal) (G1 Evacuation Pause)
[2023-02-09T15:19:05.780+0000][68][gc,task     ] GC(397) Using 4 workers of 4 for evacuation
[2023-02-09T15:19:05.782+0000][68][gc,age      ] GC(397) Desired survivor size 6291456 bytes, new threshold 15 (max threshold 15)
[2023-02-09T15:19:05.788+0000][68][gc,phases   ] GC(397)   Pre Evacuate Collection Set: 0.3ms
[2023-02-09T15:19:05.790+0000][68][gc,phases   ] GC(397)   Merge Heap Roots: 0.1ms
[2023-02-09T15:19:05.791+0000][68][gc,phases   ] GC(397)   Evacuate Collection Set: 2.8ms
[2023-02-09T15:19:05.792+0000][68][gc,phases   ] GC(397)   Post Evacuate Collection Set: 1.4ms
[2023-02-09T15:19:05.793+0000][68][gc,phases   ] GC(397)   Other: 3.1ms
[2023-02-09T15:19:05.794+0000][68][gc,age      ] GC(397) Age table with threshold 15 (max threshold 15)
[2023-02-09T15:19:05.794+0000][68][gc,age      ] GC(397) - age   1:     468488 bytes,     468488 total
[2023-02-09T15:19:05.795+0000][68][gc,age      ] GC(397) - age   2:      18744 bytes,     487232 total
[2023-02-09T15:19:05.796+0000][68][gc,age      ] GC(397) - age   3:     159096 bytes,     646328 total
[2023-02-09T15:19:05.796+0000][68][gc,age      ] GC(397) - age   4:       2248 bytes,     648576 total
[2023-02-09T15:19:05.797+0000][68][gc,age      ] GC(397) - age   5:       3920 bytes,     652496 total
[2023-02-09T15:19:05.798+0000][68][gc,age      ] GC(397) - age   6:        592 bytes,     653088 total
[2023-02-09T15:19:05.798+0000][68][gc,age      ] GC(397) - age   8:      38456 bytes,     691544 total
[2023-02-09T15:19:05.799+0000][68][gc,age      ] GC(397) - age   9:     179064 bytes,     870608 total
[2023-02-09T15:19:05.800+0000][68][gc,age      ] GC(397) - age  10:      26224 bytes,     896832 total
[2023-02-09T15:19:05.800+0000][68][gc,age      ] GC(397) - age  11:       2080 bytes,     898912 total
[2023-02-09T15:19:05.801+0000][68][gc,age      ] GC(397) - age  13:       2736 bytes,     901648 total
[2023-02-09T15:19:05.801+0000][68][gc,age      ] GC(397) - age  14:        744 bytes,     902392 total
[2023-02-09T15:19:05.802+0000][68][gc,age      ] GC(397) - age  15:       2056 bytes,     904448 total
[2023-02-09T15:19:05.802+0000][68][gc,heap     ] GC(397) Eden regions: 21->0(22)
[2023-02-09T15:19:05.803+0000][68][gc,heap     ] GC(397) Survivor regions: 1->1(3)
[2023-02-09T15:19:05.803+0000][68][gc,heap     ] GC(397) Old regions: 26->26
[2023-02-09T15:19:05.804+0000][68][gc,heap     ] GC(397) Archive regions: 2->2
[2023-02-09T15:19:05.805+0000][68][gc,heap     ] GC(397) Humongous regions: 2->2
[2023-02-09T15:19:05.806+0000][68][gc,metaspace] GC(397) Metaspace: 142970K(146048K)->142970K(146048K) NonClass: 124801K(126016K)->124801K(126016K) Class: 18168K(20032K)->18168K(20032K)
[2023-02-09T15:19:05.806+0000][68][gc          ] GC(397) Pause Young (Normal) (G1 Evacuation Pause) 198M->114M(256M) 27.526ms
[2023-02-09T15:19:05.808+0000][68][gc,cpu      ] GC(397) User=0.00s Sys=0.01s Real=0.03s
[2023-02-09T15:19:05.808+0000][68][safepoint   ] Safepoint "G1CollectForAllocation", Time since last: 2578490950 ns, Reaching safepoint: 172061 ns, At safepoint: 29574672 ns, Total: 29746733 ns
[2023-02-09T15:19:33.271+0000][68][gc,start    ] GC(398) Pause Young (Normal) (G1 Evacuation Pause)
[2023-02-09T15:19:33.272+0000][68][gc,task     ] GC(398) Using 4 workers of 4 for evacuation
[2023-02-09T15:19:33.273+0000][68][gc,age      ] GC(398) Desired survivor size 6291456 bytes, new threshold 15 (max threshold 15)
[2023-02-09T15:19:33.277+0000][68][gc,phases   ] GC(398)   Pre Evacuate Collection Set: 0.2ms
[2023-02-09T15:19:33.278+0000][68][gc,phases   ] GC(398)   Merge Heap Roots: 0.1ms
[2023-02-09T15:19:33.279+0000][68][gc,phases   ] GC(398)   Evacuate Collection Set: 1.9ms
[2023-02-09T15:19:33.279+0000][68][gc,phases   ] GC(398)   Post Evacuate Collection Set: 1.0ms
[2023-02-09T15:19:33.279+0000][68][gc,phases   ] GC(398)   Other: 1.6ms
[2023-02-09T15:19:33.280+0000][68][gc,age      ] GC(398) Age table with threshold 15 (max threshold 15)
[2023-02-09T15:19:33.280+0000][68][gc,age      ] GC(398) - age   1:     745512 bytes,     745512 total
[2023-02-09T15:19:33.281+0000][68][gc,age      ] GC(398) - age   2:     143048 bytes,     888560 total
[2023-02-09T15:19:33.282+0000][68][gc,age      ] GC(398) - age   3:      16960 bytes,     905520 total
[2023-02-09T15:19:33.283+0000][68][gc,age      ] GC(398) - age   4:      16728 bytes,     922248 total
[2023-02-09T15:19:33.284+0000][68][gc,age      ] GC(398) - age   5:        848 bytes,     923096 total
[2023-02-09T15:19:33.285+0000][68][gc,age      ] GC(398) - age   6:       3920 bytes,     927016 total
[2023-02-09T15:19:33.286+0000][68][gc,age      ] GC(398) - age   7:        592 bytes,     927608 total
[2023-02-09T15:19:33.286+0000][68][gc,age      ] GC(398) - age   9:      38456 bytes,     966064 total
[2023-02-09T15:19:33.287+0000][68][gc,age      ] GC(398) - age  10:     179064 bytes,    1145128 total
[2023-02-09T15:19:33.288+0000][68][gc,age      ] GC(398) - age  11:      26224 bytes,    1171352 total
[2023-02-09T15:19:33.288+0000][68][gc,age      ] GC(398) - age  12:       2080 bytes,    1173432 total
[2023-02-09T15:19:33.289+0000][68][gc,age      ] GC(398) - age  14:       2736 bytes,    1176168 total
[2023-02-09T15:19:33.289+0000][68][gc,age      ] GC(398) - age  15:        744 bytes,    1176912 total
[2023-02-09T15:19:33.290+0000][68][gc,heap     ] GC(398) Eden regions: 22->0(22)
[2023-02-09T15:19:33.290+0000][68][gc,heap     ] GC(398) Survivor regions: 1->1(3)
[2023-02-09T15:19:33.290+0000][68][gc,heap     ] GC(398) Old regions: 26->26
[2023-02-09T15:19:33.291+0000][68][gc,heap     ] GC(398) Archive regions: 2->2
[2023-02-09T15:19:33.291+0000][68][gc,heap     ] GC(398) Humongous regions: 2->2
[2023-02-09T15:19:33.292+0000][68][gc,metaspace] GC(398) Metaspace: 142971K(146048K)->142971K(146048K) NonClass: 124803K(126016K)->124803K(126016K) Class: 18168K(20032K)->18168K(20032K)
[2023-02-09T15:19:33.292+0000][68][gc          ] GC(398) Pause Young (Normal) (G1 Evacuation Pause) 202M->114M(256M) 20.736ms
[2023-02-09T15:19:33.293+0000][68][gc,cpu      ] GC(398) User=0.01s Sys=0.00s Real=0.03s
[2023-02-09T15:19:33.293+0000][68][safepoint   ] Safepoint "G1CollectForAllocation", Time since last: 27484170968 ns, Reaching safepoint: 218892 ns, At safepoint: 21707869 ns, Total: 21926761 ns
[2023-02-09T15:20:02.100+0000][68][gc,start    ] GC(399) Pause Young (Concurrent Start) (G1 Evacuation Pause)
[2023-02-09T15:20:02.101+0000][68][gc,task     ] GC(399) Using 4 workers of 4 for evacuation
[2023-02-09T15:20:02.103+0000][68][gc,age      ] GC(399) Desired survivor size 6291456 bytes, new threshold 15 (max threshold 15)
[2023-02-09T15:20:02.110+0000][68][gc,phases   ] GC(399)   Pre Evacuate Collection Set: 0.5ms
[2023-02-09T15:20:02.110+0000][68][gc,phases   ] GC(399)   Merge Heap Roots: 0.2ms
[2023-02-09T15:20:02.111+0000][68][gc,phases   ] GC(399)   Evacuate Collection Set: 4.0ms
[2023-02-09T15:20:02.112+0000][68][gc,phases   ] GC(399)   Post Evacuate Collection Set: 1.2ms
[2023-02-09T15:20:02.113+0000][68][gc,phases   ] GC(399)   Other: 2.5ms
[2023-02-09T15:20:02.113+0000][68][gc,age      ] GC(399) Age table with threshold 15 (max threshold 15)
[2023-02-09T15:20:02.114+0000][68][gc,age      ] GC(399) - age   1:     988584 bytes,     988584 total
[2023-02-09T15:20:02.114+0000][68][gc,age      ] GC(399) - age   2:       8264 bytes,     996848 total
[2023-02-09T15:20:02.115+0000][68][gc,age      ] GC(399) - age   3:     119480 bytes,    1116328 total
[2023-02-09T15:20:02.116+0000][68][gc,age      ] GC(399) - age   4:      16896 bytes,    1133224 total
[2023-02-09T15:20:02.117+0000][68][gc,age      ] GC(399) - age   5:      15864 bytes,    1149088 total
[2023-02-09T15:20:02.117+0000][68][gc,age      ] GC(399) - age   6:        400 bytes,    1149488 total
[2023-02-09T15:20:02.118+0000][68][gc,age      ] GC(399) - age   7:       3856 bytes,    1153344 total
[2023-02-09T15:20:02.118+0000][68][gc,age      ] GC(399) - age   8:        592 bytes,    1153936 total
[2023-02-09T15:20:02.119+0000][68][gc,age      ] GC(399) - age  10:      38456 bytes,    1192392 total
[2023-02-09T15:20:02.120+0000][68][gc,age      ] GC(399) - age  11:     178824 bytes,    1371216 total
[2023-02-09T15:20:02.120+0000][68][gc,age      ] GC(399) - age  12:      26224 bytes,    1397440 total
[2023-02-09T15:20:02.121+0000][68][gc,age      ] GC(399) - age  13:       2080 bytes,    1399520 total
[2023-02-09T15:20:02.121+0000][68][gc,age      ] GC(399) - age  15:       2736 bytes,    1402256 total
[2023-02-09T15:20:02.121+0000][68][gc,heap     ] GC(399) Eden regions: 22->0(22)
[2023-02-09T15:20:02.122+0000][68][gc,heap     ] GC(399) Survivor regions: 1->1(3)
[2023-02-09T15:20:02.122+0000][68][gc,heap     ] GC(399) Old regions: 26->26
[2023-02-09T15:20:02.123+0000][68][gc,heap     ] GC(399) Archive regions: 2->2
[2023-02-09T15:20:02.123+0000][68][gc,heap     ] GC(399) Humongous regions: 2->2
[2023-02-09T15:20:02.124+0000][68][gc,metaspace] GC(399) Metaspace: 142971K(146048K)->142971K(146048K) NonClass: 124803K(126016K)->124803K(126016K) Class: 18168K(20032K)->18168K(20032K)
[2023-02-09T15:20:02.124+0000][68][gc          ] GC(399) Pause Young (Concurrent Start) (G1 Evacuation Pause) 202M->115M(256M) 24.111ms
[2023-02-09T15:20:02.125+0000][68][gc,cpu      ] GC(399) User=0.01s Sys=0.00s Real=0.03s
[2023-02-09T15:20:02.125+0000][68][gc          ] GC(400) Concurrent Mark Cycle
[2023-02-09T15:20:02.126+0000][68][gc,marking  ] GC(400) Concurrent Clear Claimed Marks
[2023-02-09T15:20:02.125+0000][68][safepoint   ] Safepoint "G1CollectForAllocation", Time since last: 28829046344 ns, Reaching safepoint: 320352 ns, At safepoint: 25183558 ns, Total: 25503910 ns
[2023-02-09T15:20:02.127+0000][68][gc,marking  ] GC(400) Concurrent Clear Claimed Marks 1.018ms
[2023-02-09T15:20:02.128+0000][68][gc,marking  ] GC(400) Concurrent Scan Root Regions
[2023-02-09T15:20:02.131+0000][68][gc,marking  ] GC(400) Concurrent Scan Root Regions 2.727ms
[2023-02-09T15:20:02.131+0000][68][gc,marking  ] GC(400) Concurrent Mark
[2023-02-09T15:20:02.132+0000][68][gc,marking  ] GC(400) Concurrent Mark From Roots
[2023-02-09T15:20:02.133+0000][68][gc,task     ] GC(400) Using 1 workers of 1 for marking
[2023-02-09T15:20:02.334+0000][68][gc,marking  ] GC(400) Concurrent Mark From Roots 201.971ms
[2023-02-09T15:20:02.335+0000][68][gc,marking  ] GC(400) Concurrent Preclean
[2023-02-09T15:20:02.336+0000][68][gc,marking  ] GC(400) Concurrent Preclean 1.154ms
[2023-02-09T15:20:02.338+0000][68][gc,start    ] GC(400) Pause Remark
[2023-02-09T15:20:02.349+0000][68][gc          ] GC(400) Pause Remark 118M->118M(256M) 11.653ms
[2023-02-09T15:20:02.350+0000][68][gc,cpu      ] GC(400) User=0.03s Sys=0.00s Real=0.02s
[2023-02-09T15:20:02.351+0000][68][safepoint   ] Safepoint "G1PauseRemark", Time since last: 212477153 ns, Reaching safepoint: 133849 ns, At safepoint: 13740836 ns, Total: 13874685 ns
[2023-02-09T15:20:02.353+0000][68][gc,marking  ] GC(400) Concurrent Mark 221.527ms
[2023-02-09T15:20:02.355+0000][68][gc,marking  ] GC(400) Concurrent Rebuild Remembered Sets
[2023-02-09T15:20:02.418+0000][68][gc,marking  ] GC(400) Concurrent Rebuild Remembered Sets 63.813ms
[2023-02-09T15:20:02.420+0000][68][gc,start    ] GC(400) Pause Cleanup
[2023-02-09T15:20:02.421+0000][68][gc          ] GC(400) Pause Cleanup 119M->119M(256M) 0.617ms
[2023-02-09T15:20:02.421+0000][68][gc,cpu      ] GC(400) User=0.00s Sys=0.00s Real=0.01s
[2023-02-09T15:20:02.422+0000][68][safepoint   ] Safepoint "G1PauseCleanup", Time since last: 67745281 ns, Reaching safepoint: 648708 ns, At safepoint: 1666527 ns, Total: 2315235 ns
[2023-02-09T15:20:02.422+0000][68][gc,marking  ] GC(400) Concurrent Cleanup for Next Mark
[2023-02-09T15:20:02.423+0000][68][gc,marking  ] GC(400) Concurrent Cleanup for Next Mark 0.867ms
[2023-02-09T15:20:02.424+0000][68][gc          ] GC(400) Concurrent Mark Cycle 298.964ms
[2023-02-09T15:20:26.419+0000][68][safepoint   ] Safepoint "Cleanup", Time since last: 24023120021 ns, Reaching safepoint: 443637 ns, At safepoint: 25834 ns, Total: 469471 ns
[2023-02-09T15:20:29.277+0000][68][gc,start    ] GC(401) Pause Young (Normal) (G1 Evacuation Pause)
[2023-02-09T15:20:29.283+0000][68][gc,task     ] GC(401) Using 4 workers of 4 for evacuation
[2023-02-09T15:20:29.283+0000][68][gc,age      ] GC(401) Desired survivor size 6291456 bytes, new threshold 15 (max threshold 15)
[2023-02-09T15:20:29.287+0000][68][gc,phases   ] GC(401)   Pre Evacuate Collection Set: 0.2ms
[2023-02-09T15:20:29.288+0000][68][gc,phases   ] GC(401)   Merge Heap Roots: 0.1ms
[2023-02-09T15:20:29.289+0000][68][gc,phases   ] GC(401)   Evacuate Collection Set: 2.4ms
[2023-02-09T15:20:29.289+0000][68][gc,phases   ] GC(401)   Post Evacuate Collection Set: 0.8ms
[2023-02-09T15:20:29.290+0000][68][gc,phases   ] GC(401)   Other: 1.2ms
[2023-02-09T15:20:29.290+0000][68][gc,age      ] GC(401) Age table with threshold 15 (max threshold 15)
[2023-02-09T15:20:29.291+0000][68][gc,age      ] GC(401) - age   1:    1419448 bytes,    1419448 total
[2023-02-09T15:20:29.291+0000][68][gc,age      ] GC(401) - age   2:     131360 bytes,    1550808 total
[2023-02-09T15:20:29.292+0000][68][gc,age      ] GC(401) - age   3:       3504 bytes,    1554312 total
[2023-02-09T15:20:29.292+0000][68][gc,age      ] GC(401) - age   4:        192 bytes,    1554504 total
[2023-02-09T15:20:29.292+0000][68][gc,age      ] GC(401) - age   5:      16896 bytes,    1571400 total
[2023-02-09T15:20:29.293+0000][68][gc,age      ] GC(401) - age   6:      15864 bytes,    1587264 total
[2023-02-09T15:20:29.294+0000][68][gc,age      ] GC(401) - age   7:        400 bytes,    1587664 total
[2023-02-09T15:20:29.294+0000][68][gc,age      ] GC(401) - age   8:       3792 bytes,    1591456 total
[2023-02-09T15:20:29.295+0000][68][gc,age      ] GC(401) - age   9:        592 bytes,    1592048 total
[2023-02-09T15:20:29.296+0000][68][gc,age      ] GC(401) - age  11:      38424 bytes,    1630472 total
[2023-02-09T15:20:29.297+0000][68][gc,age      ] GC(401) - age  12:     178824 bytes,    1809296 total
[2023-02-09T15:20:29.298+0000][68][gc,age      ] GC(401) - age  13:      26224 bytes,    1835520 total
[2023-02-09T15:20:29.299+0000][68][gc,age      ] GC(401) - age  14:       2080 bytes,    1837600 total
[2023-02-09T15:20:29.300+0000][68][gc,heap     ] GC(401) Eden regions: 22->0(22)
[2023-02-09T15:20:29.301+0000][68][gc,heap     ] GC(401) Survivor regions: 1->1(3)
[2023-02-09T15:20:29.302+0000][68][gc,heap     ] GC(401) Old regions: 26->26
[2023-02-09T15:20:29.303+0000][68][gc,heap     ] GC(401) Archive regions: 2->2
[2023-02-09T15:20:29.304+0000][68][gc,heap     ] GC(401) Humongous regions: 2->2
[2023-02-09T15:20:29.304+0000][68][gc,metaspace] GC(401) Metaspace: 142971K(146048K)->142971K(146048K) NonClass: 124803K(126016K)->124803K(126016K) Class: 18168K(20032K)->18168K(20032K)
[2023-02-09T15:20:29.305+0000][68][gc          ] GC(401) Pause Young (Normal) (G1 Evacuation Pause) 203M->115M(256M) 28.042ms
[2023-02-09T15:20:29.306+0000][68][gc,cpu      ] GC(401) User=0.01s Sys=0.00s Real=0.03s
[2023-02-09T15:20:29.307+0000][68][safepoint   ] Safepoint "G1CollectForAllocation", Time since last: 2858021949 ns, Reaching safepoint: 73337 ns, At safepoint: 29599251 ns, Total: 29672588 ns
[2023-02-09T15:20:30.307+0000][68][safepoint   ] Safepoint "Cleanup", Time since last: 1000667480 ns, Reaching safepoint: 103943 ns, At safepoint: 8120 ns, Total: 112063 ns
[2023-02-09T15:20:50.338+0000][68][gc,start    ] GC(402) Pause Young (Concurrent Start) (G1 Evacuation Pause)
[2023-02-09T15:20:50.339+0000][68][gc,task     ] GC(402) Using 4 workers of 4 for evacuation
[2023-02-09T15:20:50.339+0000][68][gc,age      ] GC(402) Desired survivor size 6291456 bytes, new threshold 15 (max threshold 15)
[2023-02-09T15:20:50.342+0000][68][gc,phases   ] GC(402)   Pre Evacuate Collection Set: 0.3ms
[2023-02-09T15:20:50.343+0000][68][gc,phases   ] GC(402)   Merge Heap Roots: 0.1ms
[2023-02-09T15:20:50.344+0000][68][gc,phases   ] GC(402)   Evacuate Collection Set: 1.7ms
[2023-02-09T15:20:50.344+0000][68][gc,phases   ] GC(402)   Post Evacuate Collection Set: 0.7ms
[2023-02-09T15:20:50.345+0000][68][gc,phases   ] GC(402)   Other: 0.9ms
[2023-02-09T15:20:50.345+0000][68][gc,age      ] GC(402) Age table with threshold 15 (max threshold 15)
[2023-02-09T15:20:50.345+0000][68][gc,age      ] GC(402) - age   1:    1679560 bytes,    1679560 total
[2023-02-09T15:20:50.346+0000][68][gc,age      ] GC(402) - age   2:       8744 bytes,    1688304 total
[2023-02-09T15:20:50.346+0000][68][gc,age      ] GC(402) - age   3:     111224 bytes,    1799528 total
[2023-02-09T15:20:50.346+0000][68][gc,age      ] GC(402) - age   4:       2392 bytes,    1801920 total
[2023-02-09T15:20:50.347+0000][68][gc,age      ] GC(402) - age   5:         64 bytes,    1801984 total
[2023-02-09T15:20:50.347+0000][68][gc,age      ] GC(402) - age   6:      16896 bytes,    1818880 total
[2023-02-09T15:20:50.347+0000][68][gc,age      ] GC(402) - age   7:      15416 bytes,    1834296 total
[2023-02-09T15:20:50.348+0000][68][gc,age      ] GC(402) - age   8:        336 bytes,    1834632 total
[2023-02-09T15:20:50.348+0000][68][gc,age      ] GC(402) - age   9:       2368 bytes,    1837000 total
[2023-02-09T15:20:50.348+0000][68][gc,age      ] GC(402) - age  10:        592 bytes,    1837592 total
[2023-02-09T15:20:50.349+0000][68][gc,age      ] GC(402) - age  12:      11472 bytes,    1849064 total
[2023-02-09T15:20:50.349+0000][68][gc,age      ] GC(402) - age  13:     119888 bytes,    1968952 total
[2023-02-09T15:20:50.349+0000][68][gc,age      ] GC(402) - age  14:      26144 bytes,    1995096 total
[2023-02-09T15:20:50.350+0000][68][gc,age      ] GC(402) - age  15:       2080 bytes,    1997176 total
[2023-02-09T15:20:50.350+0000][68][gc,heap     ] GC(402) Eden regions: 22->0(22)
[2023-02-09T15:20:50.350+0000][68][gc,heap     ] GC(402) Survivor regions: 1->1(3)
[2023-02-09T15:20:50.351+0000][68][gc,heap     ] GC(402) Old regions: 26->26
[2023-02-09T15:20:50.351+0000][68][gc,heap     ] GC(402) Archive regions: 2->2
[2023-02-09T15:20:50.352+0000][68][gc,heap     ] GC(402) Humongous regions: 2->2
[2023-02-09T15:20:50.352+0000][68][gc,metaspace] GC(402) Metaspace: 142971K(146048K)->142971K(146048K) NonClass: 124803K(126016K)->124803K(126016K) Class: 18168K(20032K)->18168K(20032K)
[2023-02-09T15:20:50.352+0000][68][gc          ] GC(402) Pause Young (Concurrent Start) (G1 Evacuation Pause) 203M->115M(256M) 14.592ms
[2023-02-09T15:20:50.353+0000][68][gc,cpu      ] GC(402) User=0.00s Sys=0.00s Real=0.02s
[2023-02-09T15:20:50.354+0000][68][safepoint   ] Safepoint "G1CollectForAllocation", Time since last: 20052014347 ns, Reaching safepoint: 80419 ns, At safepoint: 15694548 ns, Total: 15774967 ns
[2023-02-09T15:20:50.353+0000][68][gc          ] GC(403) Concurrent Mark Cycle
[2023-02-09T15:20:50.355+0000][68][gc,marking  ] GC(403) Concurrent Clear Claimed Marks
[2023-02-09T15:20:50.358+0000][68][gc,marking  ] GC(403) Concurrent Clear Claimed Marks 2.202ms
[2023-02-09T15:20:50.358+0000][68][gc,marking  ] GC(403) Concurrent Scan Root Regions
[2023-02-09T15:20:50.360+0000][68][gc,marking  ] GC(403) Concurrent Scan Root Regions 2.506ms
[2023-02-09T15:20:50.361+0000][68][gc,marking  ] GC(403) Concurrent Mark
[2023-02-09T15:20:50.362+0000][68][gc,marking  ] GC(403) Concurrent Mark From Roots
[2023-02-09T15:20:50.362+0000][68][gc,task     ] GC(403) Using 1 workers of 1 for marking
[2023-02-09T15:20:50.462+0000][68][gc,marking  ] GC(403) Concurrent Mark From Roots 100.320ms
[2023-02-09T15:20:50.463+0000][68][gc,marking  ] GC(403) Concurrent Preclean
[2023-02-09T15:20:50.464+0000][68][gc,marking  ] GC(403) Concurrent Preclean 0.762ms
[2023-02-09T15:20:50.464+0000][68][gc,start    ] GC(403) Pause Remark
[2023-02-09T15:20:50.478+0000][68][gc          ] GC(403) Pause Remark 118M->118M(256M) 13.447ms
[2023-02-09T15:20:50.479+0000][68][gc,cpu      ] GC(403) User=0.03s Sys=0.00s Real=0.01s
[2023-02-09T15:20:50.479+0000][68][safepoint   ] Safepoint "G1PauseRemark", Time since last: 110811277 ns, Reaching safepoint: 79797 ns, At safepoint: 15030642 ns, Total: 15110439 ns
[2023-02-09T15:20:50.480+0000][68][gc,marking  ] GC(403) Concurrent Mark 118.875ms
[2023-02-09T15:20:50.481+0000][68][gc,marking  ] GC(403) Concurrent Rebuild Remembered Sets
[2023-02-09T15:20:50.540+0000][68][gc,marking  ] GC(403) Concurrent Rebuild Remembered Sets 59.706ms
[2023-02-09T15:20:50.542+0000][68][gc,start    ] GC(403) Pause Cleanup
[2023-02-09T15:20:50.545+0000][68][gc          ] GC(403) Pause Cleanup 119M->119M(256M) 2.590ms
[2023-02-09T15:20:50.546+0000][68][gc,cpu      ] GC(403) User=0.00s Sys=0.00s Real=0.01s
[2023-02-09T15:20:50.548+0000][68][safepoint   ] Safepoint "G1PauseCleanup", Time since last: 62478632 ns, Reaching safepoint: 140893 ns, At safepoint: 5974193 ns, Total: 6115086 ns
[2023-02-09T15:20:50.549+0000][68][gc,marking  ] GC(403) Concurrent Cleanup for Next Mark
[2023-02-09T15:20:50.551+0000][68][gc,marking  ] GC(403) Concurrent Cleanup for Next Mark 1.813ms
[2023-02-09T15:20:50.552+0000][68][gc          ] GC(403) Concurrent Mark Cycle 199.160ms
[2023-02-09T15:21:14.081+0000][68][gc,start    ] GC(404) Pause Young (Normal) (G1 Evacuation Pause)
[2023-02-09T15:21:14.082+0000][68][gc,task     ] GC(404) Using 4 workers of 4 for evacuation
[2023-02-09T15:21:14.083+0000][68][gc,age      ] GC(404) Desired survivor size 6291456 bytes, new threshold 15 (max threshold 15)
[2023-02-09T15:21:14.088+0000][68][gc,phases   ] GC(404)   Pre Evacuate Collection Set: 0.1ms
[2023-02-09T15:21:14.089+0000][68][gc,phases   ] GC(404)   Merge Heap Roots: 0.2ms
[2023-02-09T15:21:14.090+0000][68][gc,phases   ] GC(404)   Evacuate Collection Set: 3.0ms
[2023-02-09T15:21:14.091+0000][68][gc,phases   ] GC(404)   Post Evacuate Collection Set: 0.8ms
[2023-02-09T15:21:14.092+0000][68][gc,phases   ] GC(404)   Other: 1.9ms
[2023-02-09T15:21:14.092+0000][68][gc,age      ] GC(404) Age table with threshold 15 (max threshold 15)
[2023-02-09T15:21:14.093+0000][68][gc,age      ] GC(404) - age   1:    1642376 bytes,    1642376 total
[2023-02-09T15:21:14.094+0000][68][gc,age      ] GC(404) - age   2:     298872 bytes,    1941248 total
[2023-02-09T15:21:14.095+0000][68][gc,age      ] GC(404) - age   3:       7368 bytes,    1948616 total
[2023-02-09T15:21:14.095+0000][68][gc,age      ] GC(404) - age   4:       1304 bytes,    1949920 total
[2023-02-09T15:21:14.096+0000][68][gc,age      ] GC(404) - age   5:       2328 bytes,    1952248 total
[2023-02-09T15:21:14.096+0000][68][gc,age      ] GC(404) - age   6:         64 bytes,    1952312 total
[2023-02-09T15:21:14.097+0000][68][gc,age      ] GC(404) - age   7:      16896 bytes,    1969208 total
[2023-02-09T15:21:14.098+0000][68][gc,age      ] GC(404) - age   8:       7400 bytes,    1976608 total
[2023-02-09T15:21:14.099+0000][68][gc,age      ] GC(404) - age   9:        336 bytes,    1976944 total
[2023-02-09T15:21:14.099+0000][68][gc,age      ] GC(404) - age  10:       2368 bytes,    1979312 total
[2023-02-09T15:21:14.100+0000][68][gc,age      ] GC(404) - age  11:        592 bytes,    1979904 total
[2023-02-09T15:21:14.101+0000][68][gc,age      ] GC(404) - age  13:      11144 bytes,    1991048 total
[2023-02-09T15:21:14.103+0000][68][gc,age      ] GC(404) - age  14:     119784 bytes,    2110832 total
[2023-02-09T15:21:14.103+0000][68][gc,age      ] GC(404) - age  15:      26144 bytes,    2136976 total
[2023-02-09T15:21:14.104+0000][68][gc,heap     ] GC(404) Eden regions: 22->0(21)
[2023-02-09T15:21:14.104+0000][68][gc,heap     ] GC(404) Survivor regions: 1->1(3)
[2023-02-09T15:21:14.104+0000][68][gc,heap     ] GC(404) Old regions: 26->26
[2023-02-09T15:21:14.105+0000][68][gc,heap     ] GC(404) Archive regions: 2->2
[2023-02-09T15:21:14.106+0000][68][gc,heap     ] GC(404) Humongous regions: 2->2
[2023-02-09T15:21:14.106+0000][68][gc,metaspace] GC(404) Metaspace: 142971K(146048K)->142971K(146048K) NonClass: 124803K(126016K)->124803K(126016K) Class: 18168K(20032K)->18168K(20032K)
[2023-02-09T15:21:14.107+0000][68][gc          ] GC(404) Pause Young (Normal) (G1 Evacuation Pause) 203M->115M(256M) 25.534ms
[2023-02-09T15:21:14.107+0000][68][gc,cpu      ] GC(404) User=0.00s Sys=0.00s Real=0.03s
[2023-02-09T15:21:14.108+0000][68][safepoint   ] Safepoint "G1CollectForAllocation", Time since last: 23532970488 ns, Reaching safepoint: 83159 ns, At safepoint: 26788391 ns, Total: 26871550 ns
[2023-02-09T15:21:16.110+0000][68][safepoint   ] Safepoint "Cleanup", Time since last: 2001769133 ns, Reaching safepoint: 280920 ns, At safepoint: 10104 ns, Total: 291024 ns
[2023-02-09T15:21:19.227+0000][68][safepoint   ] Safepoint "Cleanup", Time since last: 3139608734 ns, Reaching safepoint: 71805 ns, At safepoint: 2596 ns, Total: 74401 ns
[2023-02-09T15:21:26.240+0000][68][safepoint   ] Safepoint "Cleanup", Time since last: 7012959128 ns, Reaching safepoint: 128434 ns, At safepoint: 3611 ns, Total: 132045 ns
[2023-02-09T15:21:38.136+0000][68][gc,start    ] GC(405) Pause Young (Concurrent Start) (G1 Evacuation Pause)
[2023-02-09T15:21:38.137+0000][68][gc,task     ] GC(405) Using 4 workers of 4 for evacuation
[2023-02-09T15:21:38.137+0000][68][gc,age      ] GC(405) Desired survivor size 6291456 bytes, new threshold 15 (max threshold 15)
[2023-02-09T15:21:38.142+0000][68][gc,phases   ] GC(405)   Pre Evacuate Collection Set: 0.4ms
[2023-02-09T15:21:38.143+0000][68][gc,phases   ] GC(405)   Merge Heap Roots: 0.2ms
[2023-02-09T15:21:38.143+0000][68][gc,phases   ] GC(405)   Evacuate Collection Set: 2.7ms
[2023-02-09T15:21:38.143+0000][68][gc,phases   ] GC(405)   Post Evacuate Collection Set: 0.8ms
[2023-02-09T15:21:38.144+0000][68][gc,phases   ] GC(405)   Other: 1.2ms
[2023-02-09T15:21:38.144+0000][68][gc,age      ] GC(405) Age table with threshold 15 (max threshold 15)
[2023-02-09T15:21:38.145+0000][68][gc,age      ] GC(405) - age   1:    1609664 bytes,    1609664 total
[2023-02-09T15:21:38.145+0000][68][gc,age      ] GC(405) - age   2:     454184 bytes,    2063848 total
[2023-02-09T15:21:38.145+0000][68][gc,age      ] GC(405) - age   3:     187976 bytes,    2251824 total
[2023-02-09T15:21:38.146+0000][68][gc,age      ] GC(405) - age   4:       6488 bytes,    2258312 total
[2023-02-09T15:21:38.146+0000][68][gc,age      ] GC(405) - age   5:       1112 bytes,    2259424 total
[2023-02-09T15:21:38.147+0000][68][gc,age      ] GC(405) - age   6:       2328 bytes,    2261752 total
[2023-02-09T15:21:38.147+0000][68][gc,age      ] GC(405) - age   7:         64 bytes,    2261816 total
[2023-02-09T15:21:38.148+0000][68][gc,age      ] GC(405) - age   8:        528 bytes,    2262344 total
[2023-02-09T15:21:38.148+0000][68][gc,age      ] GC(405) - age   9:       7400 bytes,    2269744 total
[2023-02-09T15:21:38.149+0000][68][gc,age      ] GC(405) - age  10:        336 bytes,    2270080 total
[2023-02-09T15:21:38.149+0000][68][gc,age      ] GC(405) - age  11:       2368 bytes,    2272448 total
[2023-02-09T15:21:38.150+0000][68][gc,age      ] GC(405) - age  12:        592 bytes,    2273040 total
[2023-02-09T15:21:38.150+0000][68][gc,age      ] GC(405) - age  14:      11144 bytes,    2284184 total
[2023-02-09T15:21:38.151+0000][68][gc,age      ] GC(405) - age  15:     119752 bytes,    2403936 total
[2023-02-09T15:21:38.151+0000][68][gc,heap     ] GC(405) Eden regions: 21->0(21)
[2023-02-09T15:21:38.152+0000][68][gc,heap     ] GC(405) Survivor regions: 1->1(3)
[2023-02-09T15:21:38.152+0000][68][gc,heap     ] GC(405) Old regions: 26->26
[2023-02-09T15:21:38.153+0000][68][gc,heap     ] GC(405) Archive regions: 2->2
[2023-02-09T15:21:38.153+0000][68][gc,heap     ] GC(405) Humongous regions: 2->2
[2023-02-09T15:21:38.154+0000][68][gc,metaspace] GC(405) Metaspace: 143135K(146240K)->143135K(146240K) NonClass: 124954K(126208K)->124954K(126208K) Class: 18180K(20032K)->18180K(20032K)
[2023-02-09T15:21:38.154+0000][68][gc          ] GC(405) Pause Young (Concurrent Start) (G1 Evacuation Pause) 199M->116M(256M) 18.234ms
[2023-02-09T15:21:38.155+0000][68][gc,cpu      ] GC(405) User=0.01s Sys=0.00s Real=0.02s
[2023-02-09T15:21:38.155+0000][68][gc          ] GC(406) Concurrent Mark Cycle
[2023-02-09T15:21:38.156+0000][68][gc,marking  ] GC(406) Concurrent Clear Claimed Marks
[2023-02-09T15:21:38.155+0000][68][safepoint   ] Safepoint "G1CollectForAllocation", Time since last: 11895610776 ns, Reaching safepoint: 56055 ns, At safepoint: 19123933 ns, Total: 19179988 ns
[2023-02-09T15:21:38.156+0000][68][gc,marking  ] GC(406) Concurrent Clear Claimed Marks 0.958ms
[2023-02-09T15:21:38.157+0000][68][gc,marking  ] GC(406) Concurrent Scan Root Regions
[2023-02-09T15:21:38.160+0000][68][gc,marking  ] GC(406) Concurrent Scan Root Regions 3.026ms
[2023-02-09T15:21:38.161+0000][68][gc,marking  ] GC(406) Concurrent Mark
[2023-02-09T15:21:38.162+0000][68][gc,marking  ] GC(406) Concurrent Mark From Roots
[2023-02-09T15:21:38.163+0000][68][gc,task     ] GC(406) Using 1 workers of 1 for marking
[2023-02-09T15:21:38.297+0000][68][gc,marking  ] GC(406) Concurrent Mark From Roots 135.248ms
[2023-02-09T15:21:38.298+0000][68][gc,marking  ] GC(406) Concurrent Preclean
[2023-02-09T15:21:38.299+0000][68][gc,marking  ] GC(406) Concurrent Preclean 0.969ms
[2023-02-09T15:21:38.300+0000][68][gc,start    ] GC(406) Pause Remark
[2023-02-09T15:21:38.315+0000][68][gc          ] GC(406) Pause Remark 117M->117M(256M) 14.695ms
[2023-02-09T15:21:38.315+0000][68][gc,cpu      ] GC(406) User=0.04s Sys=0.00s Real=0.01s
[2023-02-09T15:21:38.316+0000][68][safepoint   ] Safepoint "G1PauseRemark", Time since last: 144538913 ns, Reaching safepoint: 243832 ns, At safepoint: 16225770 ns, Total: 16469602 ns
[2023-02-09T15:21:38.317+0000][68][gc,marking  ] GC(406) Concurrent Mark 155.831ms
[2023-02-09T15:21:38.318+0000][68][gc,marking  ] GC(406) Concurrent Rebuild Remembered Sets
[2023-02-09T15:21:38.377+0000][68][gc,marking  ] GC(406) Concurrent Rebuild Remembered Sets 59.328ms
[2023-02-09T15:21:38.378+0000][68][gc,start    ] GC(406) Pause Cleanup
[2023-02-09T15:21:38.379+0000][68][gc          ] GC(406) Pause Cleanup 117M->117M(256M) 0.564ms
[2023-02-09T15:21:38.379+0000][68][gc,cpu      ] GC(406) User=0.00s Sys=0.00s Real=0.00s
[2023-02-09T15:21:38.380+0000][68][safepoint   ] Safepoint "G1PauseCleanup", Time since last: 62068891 ns, Reaching safepoint: 55944 ns, At safepoint: 1403133 ns, Total: 1459077 ns
[2023-02-09T15:21:38.380+0000][68][gc,marking  ] GC(406) Concurrent Cleanup for Next Mark
[2023-02-09T15:21:38.381+0000][68][gc,marking  ] GC(406) Concurrent Cleanup for Next Mark 0.888ms
[2023-02-09T15:21:38.382+0000][68][gc          ] GC(406) Concurrent Mark Cycle 226.944ms
[2023-02-09T15:21:44.387+0000][68][safepoint   ] Safepoint "Cleanup", Time since last: 6007487703 ns, Reaching safepoint: 309733 ns, At safepoint: 10898 ns, Total: 320631 ns
[2023-02-09T15:21:59.041+0000][68][gc,start    ] GC(407) Pause Young (Normal) (G1 Evacuation Pause)
[2023-02-09T15:21:59.042+0000][68][gc,task     ] GC(407) Using 4 workers of 4 for evacuation
[2023-02-09T15:21:59.043+0000][68][gc,age      ] GC(407) Desired survivor size 6291456 bytes, new threshold 15 (max threshold 15)
[2023-02-09T15:21:59.048+0000][68][gc,phases   ] GC(407)   Pre Evacuate Collection Set: 0.1ms
[2023-02-09T15:21:59.049+0000][68][gc,phases   ] GC(407)   Merge Heap Roots: 0.1ms
[2023-02-09T15:21:59.049+0000][68][gc,phases   ] GC(407)   Evacuate Collection Set: 2.6ms
[2023-02-09T15:21:59.050+0000][68][gc,phases   ] GC(407)   Post Evacuate Collection Set: 1.1ms
[2023-02-09T15:21:59.052+0000][68][gc,phases   ] GC(407)   Other: 2.0ms
[2023-02-09T15:21:59.052+0000][68][gc,age      ] GC(407) Age table with threshold 15 (max threshold 15)
[2023-02-09T15:21:59.053+0000][68][gc,age      ] GC(407) - age   1:     272936 bytes,     272936 total
[2023-02-09T15:21:59.054+0000][68][gc,age      ] GC(407) - age   2:     260992 bytes,     533928 total
[2023-02-09T15:21:59.054+0000][68][gc,age      ] GC(407) - age   3:     284808 bytes,     818736 total
[2023-02-09T15:21:59.055+0000][68][gc,age      ] GC(407) - age   4:     187848 bytes,    1006584 total
[2023-02-09T15:21:59.055+0000][68][gc,age      ] GC(407) - age   5:       6296 bytes,    1012880 total
[2023-02-09T15:21:59.056+0000][68][gc,age      ] GC(407) - age   6:       1048 bytes,    1013928 total
[2023-02-09T15:21:59.056+0000][68][gc,age      ] GC(407) - age   7:       2264 bytes,    1016192 total
[2023-02-09T15:21:59.057+0000][68][gc,age      ] GC(407) - age   9:        528 bytes,    1016720 total
[2023-02-09T15:21:59.058+0000][68][gc,age      ] GC(407) - age  10:       7400 bytes,    1024120 total
[2023-02-09T15:21:59.058+0000][68][gc,age      ] GC(407) - age  11:        336 bytes,    1024456 total
[2023-02-09T15:21:59.059+0000][68][gc,age      ] GC(407) - age  12:       2368 bytes,    1026824 total
[2023-02-09T15:21:59.059+0000][68][gc,age      ] GC(407) - age  13:        592 bytes,    1027416 total
[2023-02-09T15:21:59.060+0000][68][gc,age      ] GC(407) - age  15:      11144 bytes,    1038560 total
[2023-02-09T15:21:59.060+0000][68][gc,heap     ] GC(407) Eden regions: 21->0(22)
[2023-02-09T15:21:59.061+0000][68][gc,heap     ] GC(407) Survivor regions: 1->1(3)
[2023-02-09T15:21:59.061+0000][68][gc,heap     ] GC(407) Old regions: 26->26
[2023-02-09T15:21:59.062+0000][68][gc,heap     ] GC(407) Archive regions: 2->2
[2023-02-09T15:21:59.062+0000][68][gc,heap     ] GC(407) Humongous regions: 2->2
[2023-02-09T15:21:59.063+0000][68][gc,metaspace] GC(407) Metaspace: 143137K(146240K)->143137K(146240K) NonClass: 124956K(126208K)->124956K(126208K) Class: 18180K(20032K)->18180K(20032K)
[2023-02-09T15:21:59.063+0000][68][gc          ] GC(407) Pause Young (Normal) (G1 Evacuation Pause) 200M->115M(256M) 22.846ms
[2023-02-09T15:21:59.064+0000][68][gc,cpu      ] GC(407) User=0.01s Sys=0.01s Real=0.02s
[2023-02-09T15:21:59.064+0000][68][safepoint   ] Safepoint "G1CollectForAllocation", Time since last: 14674438628 ns, Reaching safepoint: 159241 ns, At safepoint: 23823624 ns, Total: 23982865 ns
[2023-02-09T15:22:01.068+0000][68][safepoint   ] Safepoint "Cleanup", Time since last: 2003045141 ns, Reaching safepoint: 437027 ns, At safepoint: 39808 ns, Total: 476835 ns
[2023-02-09T15:22:10.078+0000][68][safepoint   ] Safepoint "Cleanup", Time since last: 9009831084 ns, Reaching safepoint: 163489 ns, At safepoint: 4845 ns, Total: 168334 ns
[2023-02-09T15:22:11.082+0000][68][safepoint   ] Safepoint "Cleanup", Time since last: 1003115884 ns, Reaching safepoint: 867880 ns, At safepoint: 18185 ns, Total: 886065 ns
[2023-02-09T15:22:17.088+0000][68][safepoint   ] Safepoint "Cleanup", Time since last: 6005732606 ns, Reaching safepoint: 295783 ns, At safepoint: 10204 ns, Total: 305987 ns
[2023-02-09T15:22:21.071+0000][68][safepoint   ] Safepoint "Cleanup", Time since last: 4004373701 ns, Reaching safepoint: 509696 ns, At safepoint: 18165 ns, Total: 527861 ns
[2023-02-09T15:22:26.076+0000][68][safepoint   ] Safepoint "Cleanup", Time since last: 5004397023 ns, Reaching safepoint: 148710 ns, At safepoint: 3570 ns, Total: 152280 ns
[2023-02-09T15:22:27.570+0000][68][gc,start    ] GC(408) Pause Young (Concurrent Start) (G1 Evacuation Pause)
[2023-02-09T15:22:27.571+0000][68][gc,task     ] GC(408) Using 4 workers of 4 for evacuation
[2023-02-09T15:22:27.572+0000][68][gc,age      ] GC(408) Desired survivor size 6291456 bytes, new threshold 15 (max threshold 15)
[2023-02-09T15:22:27.577+0000][68][gc,phases   ] GC(408)   Pre Evacuate Collection Set: 0.7ms
[2023-02-09T15:22:27.577+0000][68][gc,phases   ] GC(408)   Merge Heap Roots: 0.2ms
[2023-02-09T15:22:27.578+0000][68][gc,phases   ] GC(408)   Evacuate Collection Set: 2.0ms
[2023-02-09T15:22:27.579+0000][68][gc,phases   ] GC(408)   Post Evacuate Collection Set: 1.3ms
[2023-02-09T15:22:27.579+0000][68][gc,phases   ] GC(408)   Other: 2.0ms
[2023-02-09T15:22:27.580+0000][68][gc,age      ] GC(408) Age table with threshold 15 (max threshold 15)
[2023-02-09T15:22:27.580+0000][68][gc,age      ] GC(408) - age   1:    1355056 bytes,    1355056 total
[2023-02-09T15:22:27.581+0000][68][gc,age      ] GC(408) - age   2:     135360 bytes,    1490416 total
[2023-02-09T15:22:27.581+0000][68][gc,age      ] GC(408) - age   3:     226552 bytes,    1716968 total
[2023-02-09T15:22:27.581+0000][68][gc,age      ] GC(408) - age   4:     283976 bytes,    2000944 total
[2023-02-09T15:22:27.582+0000][68][gc,age      ] GC(408) - age   5:     183920 bytes,    2184864 total
[2023-02-09T15:22:27.582+0000][68][gc,age      ] GC(408) - age   6:       6296 bytes,    2191160 total
[2023-02-09T15:22:27.583+0000][68][gc,age      ] GC(408) - age   7:       1048 bytes,    2192208 total
[2023-02-09T15:22:27.583+0000][68][gc,age      ] GC(408) - age   8:       2264 bytes,    2194472 total
[2023-02-09T15:22:27.583+0000][68][gc,age      ] GC(408) - age  10:        528 bytes,    2195000 total
[2023-02-09T15:22:27.584+0000][68][gc,age      ] GC(408) - age  11:       7400 bytes,    2202400 total
[2023-02-09T15:22:27.584+0000][68][gc,age      ] GC(408) - age  12:        336 bytes,    2202736 total
[2023-02-09T15:22:27.585+0000][68][gc,age      ] GC(408) - age  13:       2368 bytes,    2205104 total
[2023-02-09T15:22:27.585+0000][68][gc,age      ] GC(408) - age  14:        592 bytes,    2205696 total
[2023-02-09T15:22:27.586+0000][68][gc,heap     ] GC(408) Eden regions: 22->0(22)
[2023-02-09T15:22:27.586+0000][68][gc,heap     ] GC(408) Survivor regions: 1->1(3)
[2023-02-09T15:22:27.586+0000][68][gc,heap     ] GC(408) Old regions: 26->26
[2023-02-09T15:22:27.587+0000][68][gc,heap     ] GC(408) Archive regions: 2->2
[2023-02-09T15:22:27.587+0000][68][gc,heap     ] GC(408) Humongous regions: 2->2
[2023-02-09T15:22:27.587+0000][68][gc,metaspace] GC(408) Metaspace: 143192K(146304K)->143192K(146304K) NonClass: 125002K(126272K)->125002K(126272K) Class: 18190K(20032K)->18190K(20032K)
[2023-02-09T15:22:27.588+0000][68][gc          ] GC(408) Pause Young (Concurrent Start) (G1 Evacuation Pause) 203M->116M(256M) 18.176ms
[2023-02-09T15:22:27.589+0000][68][gc,cpu      ] GC(408) User=0.01s Sys=0.00s Real=0.02s
[2023-02-09T15:22:27.589+0000][68][safepoint   ] Safepoint "G1CollectForAllocation", Time since last: 1493786381 ns, Reaching safepoint: 196835 ns, At safepoint: 19411846 ns, Total: 19608681 ns
[2023-02-09T15:22:27.589+0000][68][gc          ] GC(409) Concurrent Mark Cycle
[2023-02-09T15:22:27.591+0000][68][gc,marking  ] GC(409) Concurrent Clear Claimed Marks
[2023-02-09T15:22:27.592+0000][68][gc,marking  ] GC(409) Concurrent Clear Claimed Marks 1.038ms
[2023-02-09T15:22:27.593+0000][68][gc,marking  ] GC(409) Concurrent Scan Root Regions
[2023-02-09T15:22:27.596+0000][68][gc,marking  ] GC(409) Concurrent Scan Root Regions 2.793ms
[2023-02-09T15:22:27.596+0000][68][gc,marking  ] GC(409) Concurrent Mark
[2023-02-09T15:22:27.597+0000][68][gc,marking  ] GC(409) Concurrent Mark From Roots
[2023-02-09T15:22:27.597+0000][68][gc,task     ] GC(409) Using 1 workers of 1 for marking
[2023-02-09T15:22:27.763+0000][68][gc,marking  ] GC(409) Concurrent Mark From Roots 166.144ms
[2023-02-09T15:22:27.764+0000][68][gc,marking  ] GC(409) Concurrent Preclean
[2023-02-09T15:22:27.764+0000][68][gc,marking  ] GC(409) Concurrent Preclean 0.821ms
[2023-02-09T15:22:27.765+0000][68][gc,start    ] GC(409) Pause Remark
[2023-02-09T15:22:27.777+0000][68][gc          ] GC(409) Pause Remark 117M->117M(256M) 12.141ms
[2023-02-09T15:22:27.778+0000][68][gc,cpu      ] GC(409) User=0.03s Sys=0.00s Real=0.02s
[2023-02-09T15:22:27.779+0000][68][safepoint   ] Safepoint "G1PauseRemark", Time since last: 175666422 ns, Reaching safepoint: 88701 ns, At safepoint: 14155346 ns, Total: 14244047 ns
[2023-02-09T15:22:27.781+0000][68][gc,marking  ] GC(409) Concurrent Mark 184.528ms
[2023-02-09T15:22:27.781+0000][68][gc,marking  ] GC(409) Concurrent Rebuild Remembered Sets
[2023-02-09T15:22:27.834+0000][68][gc,marking  ] GC(409) Concurrent Rebuild Remembered Sets 52.806ms
[2023-02-09T15:22:27.835+0000][68][gc,start    ] GC(409) Pause Cleanup
[2023-02-09T15:22:27.836+0000][68][gc          ] GC(409) Pause Cleanup 117M->117M(256M) 0.825ms
[2023-02-09T15:22:27.837+0000][68][gc,cpu      ] GC(409) User=0.00s Sys=0.00s Real=0.00s
[2023-02-09T15:22:27.837+0000][68][safepoint   ] Safepoint "G1PauseCleanup", Time since last: 55690620 ns, Reaching safepoint: 106113 ns, At safepoint: 2183629 ns, Total: 2289742 ns
[2023-02-09T15:22:27.838+0000][68][gc,marking  ] GC(409) Concurrent Cleanup for Next Mark
[2023-02-09T15:22:27.839+0000][68][gc,marking  ] GC(409) Concurrent Cleanup for Next Mark 0.702ms
[2023-02-09T15:22:27.839+0000][68][gc          ] GC(409) Concurrent Mark Cycle 250.362ms
[2023-02-09T15:22:31.843+0000][68][safepoint   ] Safepoint "Cleanup", Time since last: 4005551034 ns, Reaching safepoint: 532753 ns, At safepoint: 14863 ns, Total: 547616 ns
[2023-02-09T15:22:56.276+0000][68][gc,start    ] GC(410) Pause Young (Normal) (G1 Evacuation Pause)
[2023-02-09T15:22:56.277+0000][68][gc,task     ] GC(410) Using 4 workers of 4 for evacuation
[2023-02-09T15:22:56.277+0000][68][gc,age      ] GC(410) Desired survivor size 6291456 bytes, new threshold 15 (max threshold 15)
[2023-02-09T15:22:56.280+0000][68][gc,phases   ] GC(410)   Pre Evacuate Collection Set: 0.2ms
[2023-02-09T15:22:56.281+0000][68][gc,phases   ] GC(410)   Merge Heap Roots: 0.1ms
[2023-02-09T15:22:56.282+0000][68][gc,phases   ] GC(410)   Evacuate Collection Set: 1.5ms
[2023-02-09T15:22:56.282+0000][68][gc,phases   ] GC(410)   Post Evacuate Collection Set: 0.6ms
[2023-02-09T15:22:56.283+0000][68][gc,phases   ] GC(410)   Other: 1.0ms
[2023-02-09T15:22:56.284+0000][68][gc,age      ] GC(410) Age table with threshold 15 (max threshold 15)
[2023-02-09T15:22:56.284+0000][68][gc,age      ] GC(410) - age   1:     647784 bytes,     647784 total
[2023-02-09T15:22:56.285+0000][68][gc,age      ] GC(410) - age   2:     137792 bytes,     785576 total
[2023-02-09T15:22:56.285+0000][68][gc,age      ] GC(410) - age   3:      26584 bytes,     812160 total
[2023-02-09T15:22:56.286+0000][68][gc,age      ] GC(410) - age   4:     114952 bytes,     927112 total
[2023-02-09T15:22:56.287+0000][68][gc,age      ] GC(410) - age   5:     283384 bytes,    1210496 total
[2023-02-09T15:22:56.287+0000][68][gc,age      ] GC(410) - age   6:     183744 bytes,    1394240 total
[2023-02-09T15:22:56.288+0000][68][gc,age      ] GC(410) - age   7:       2560 bytes,    1396800 total
[2023-02-09T15:22:56.288+0000][68][gc,age      ] GC(410) - age   8:       1048 bytes,    1397848 total
[2023-02-09T15:22:56.289+0000][68][gc,age      ] GC(410) - age   9:       2264 bytes,    1400112 total
[2023-02-09T15:22:56.290+0000][68][gc,age      ] GC(410) - age  11:        528 bytes,    1400640 total
[2023-02-09T15:22:56.291+0000][68][gc,age      ] GC(410) - age  12:       7400 bytes,    1408040 total
[2023-02-09T15:22:56.291+0000][68][gc,age      ] GC(410) - age  13:        336 bytes,    1408376 total
[2023-02-09T15:22:56.292+0000][68][gc,age      ] GC(410) - age  14:       2368 bytes,    1410744 total
[2023-02-09T15:22:56.293+0000][68][gc,age      ] GC(410) - age  15:        592 bytes,    1411336 total
[2023-02-09T15:22:56.313+0000][68][gc,heap     ] GC(410) Eden regions: 22->0(22)
[2023-02-09T15:22:56.314+0000][68][gc,heap     ] GC(410) Survivor regions: 1->1(3)
[2023-02-09T15:22:56.315+0000][68][gc,heap     ] GC(410) Old regions: 26->26
[2023-02-09T15:22:56.316+0000][68][gc,heap     ] GC(410) Archive regions: 2->2
[2023-02-09T15:22:56.317+0000][68][gc,heap     ] GC(410) Humongous regions: 2->2
[2023-02-09T15:22:56.318+0000][68][gc,metaspace] GC(410) Metaspace: 143193K(146304K)->143193K(146304K) NonClass: 125003K(126272K)->125003K(126272K) Class: 18190K(20032K)->18190K(20032K)
[2023-02-09T15:22:56.319+0000][68][gc          ] GC(410) Pause Young (Normal) (G1 Evacuation Pause) 204M->115M(256M) 43.272ms
[2023-02-09T15:22:56.320+0000][68][gc,cpu      ] GC(410) User=0.01s Sys=0.00s Real=0.04s
[2023-02-09T15:22:56.321+0000][68][safepoint   ] Safepoint "G1CollectForAllocation", Time since last: 24453589506 ns, Reaching safepoint: 210168 ns, At safepoint: 45157549 ns, Total: 45367717 ns
[2023-02-09T15:23:03.327+0000][68][safepoint   ] Safepoint "Cleanup", Time since last: 7006480610 ns, Reaching safepoint: 179880 ns, At safepoint: 3457 ns, Total: 183337 ns
[2023-02-09T15:23:16.338+0000][68][safepoint   ] Safepoint "Cleanup", Time since last: 13010053934 ns, Reaching safepoint: 139506 ns, At safepoint: 3764 ns, Total: 143270 ns
[2023-02-09T15:23:26.212+0000][68][gc,start    ] GC(411) Pause Young (Concurrent Start) (G1 Evacuation Pause)
[2023-02-09T15:23:26.212+0000][68][gc,task     ] GC(411) Using 4 workers of 4 for evacuation
[2023-02-09T15:23:26.213+0000][68][gc,age      ] GC(411) Desired survivor size 6291456 bytes, new threshold 15 (max threshold 15)
[2023-02-09T15:23:26.216+0000][68][gc,phases   ] GC(411)   Pre Evacuate Collection Set: 0.3ms
[2023-02-09T15:23:26.216+0000][68][gc,phases   ] GC(411)   Merge Heap Roots: 0.1ms
[2023-02-09T15:23:26.217+0000][68][gc,phases   ] GC(411)   Evacuate Collection Set: 1.5ms
[2023-02-09T15:23:26.217+0000][68][gc,phases   ] GC(411)   Post Evacuate Collection Set: 0.6ms
[2023-02-09T15:23:26.218+0000][68][gc,phases   ] GC(411)   Other: 0.7ms
[2023-02-09T15:23:26.218+0000][68][gc,age      ] GC(411) Age table with threshold 15 (max threshold 15)
[2023-02-09T15:23:26.218+0000][68][gc,age      ] GC(411) - age   1:     817992 bytes,     817992 total
[2023-02-09T15:23:26.219+0000][68][gc,age      ] GC(411) - age   2:     161056 bytes,     979048 total
[2023-02-09T15:23:26.219+0000][68][gc,age      ] GC(411) - age   3:      80248 bytes,    1059296 total
[2023-02-09T15:23:26.220+0000][68][gc,age      ] GC(411) - age   4:      26520 bytes,    1085816 total
[2023-02-09T15:23:26.220+0000][68][gc,age      ] GC(411) - age   5:     114952 bytes,    1200768 total
[2023-02-09T15:23:26.220+0000][68][gc,age      ] GC(411) - age   6:     283384 bytes,    1484152 total
[2023-02-09T15:23:26.221+0000][68][gc,age      ] GC(411) - age   7:     183616 bytes,    1667768 total
[2023-02-09T15:23:26.221+0000][68][gc,age      ] GC(411) - age   8:       2560 bytes,    1670328 total
[2023-02-09T15:23:26.221+0000][68][gc,age      ] GC(411) - age   9:       1048 bytes,    1671376 total
[2023-02-09T15:23:26.222+0000][68][gc,age      ] GC(411) - age  10:       2264 bytes,    1673640 total
[2023-02-09T15:23:26.222+0000][68][gc,age      ] GC(411) - age  12:        528 bytes,    1674168 total
[2023-02-09T15:23:26.223+0000][68][gc,age      ] GC(411) - age  13:       7400 bytes,    1681568 total
[2023-02-09T15:23:26.223+0000][68][gc,age      ] GC(411) - age  14:        336 bytes,    1681904 total
[2023-02-09T15:23:26.223+0000][68][gc,age      ] GC(411) - age  15:       2368 bytes,    1684272 total
[2023-02-09T15:23:26.224+0000][68][gc,heap     ] GC(411) Eden regions: 22->0(22)
[2023-02-09T15:23:26.224+0000][68][gc,heap     ] GC(411) Survivor regions: 1->1(3)
[2023-02-09T15:23:26.224+0000][68][gc,heap     ] GC(411) Old regions: 26->26
[2023-02-09T15:23:26.225+0000][68][gc,heap     ] GC(411) Archive regions: 2->2
[2023-02-09T15:23:26.225+0000][68][gc,heap     ] GC(411) Humongous regions: 2->2
[2023-02-09T15:23:26.225+0000][68][gc,metaspace] GC(411) Metaspace: 143195K(146304K)->143195K(146304K) NonClass: 125005K(126272K)->125005K(126272K) Class: 18190K(20032K)->18190K(20032K)
[2023-02-09T15:23:26.226+0000][68][gc          ] GC(411) Pause Young (Concurrent Start) (G1 Evacuation Pause) 203M->115M(256M) 14.005ms
[2023-02-09T15:23:26.226+0000][68][gc,cpu      ] GC(411) User=0.00s Sys=0.01s Real=0.02s
[2023-02-09T15:23:26.227+0000][68][safepoint   ] Safepoint "G1CollectForAllocation", Time since last: 9895959741 ns, Reaching safepoint: 86784 ns, At safepoint: 14826593 ns, Total: 14913377 ns
[2023-02-09T15:23:26.226+0000][68][gc          ] GC(412) Concurrent Mark Cycle
[2023-02-09T15:23:26.230+0000][68][gc,marking  ] GC(412) Concurrent Clear Claimed Marks
[2023-02-09T15:23:26.231+0000][68][gc,marking  ] GC(412) Concurrent Clear Claimed Marks 0.706ms
[2023-02-09T15:23:26.231+0000][68][gc,marking  ] GC(412) Concurrent Scan Root Regions
[2023-02-09T15:23:26.233+0000][68][gc,marking  ] GC(412) Concurrent Scan Root Regions 2.147ms
[2023-02-09T15:23:26.234+0000][68][gc,marking  ] GC(412) Concurrent Mark
[2023-02-09T15:23:26.234+0000][68][gc,marking  ] GC(412) Concurrent Mark From Roots
[2023-02-09T15:23:26.234+0000][68][gc,task     ] GC(412) Using 1 workers of 1 for marking
[2023-02-09T15:23:26.363+0000][68][gc,marking  ] GC(412) Concurrent Mark From Roots 129.014ms
[2023-02-09T15:23:26.364+0000][68][gc,marking  ] GC(412) Concurrent Preclean
[2023-02-09T15:23:26.365+0000][68][gc,marking  ] GC(412) Concurrent Preclean 0.919ms
[2023-02-09T15:23:26.366+0000][68][gc,start    ] GC(412) Pause Remark
[2023-02-09T15:23:26.387+0000][68][gc          ] GC(412) Pause Remark 117M->117M(256M) 20.881ms
[2023-02-09T15:23:26.388+0000][68][gc,cpu      ] GC(412) User=0.04s Sys=0.00s Real=0.02s
[2023-02-09T15:23:26.388+0000][68][safepoint   ] Safepoint "G1PauseRemark", Time since last: 139285722 ns, Reaching safepoint: 81398 ns, At safepoint: 22390027 ns, Total: 22471425 ns
[2023-02-09T15:23:26.389+0000][68][gc,marking  ] GC(412) Concurrent Mark 155.539ms
[2023-02-09T15:23:26.390+0000][68][gc,marking  ] GC(412) Concurrent Rebuild Remembered Sets
[2023-02-09T15:23:26.456+0000][68][gc,marking  ] GC(412) Concurrent Rebuild Remembered Sets 66.155ms
[2023-02-09T15:23:26.457+0000][68][gc,start    ] GC(412) Pause Cleanup
[2023-02-09T15:23:26.457+0000][68][gc          ] GC(412) Pause Cleanup 117M->117M(256M) 0.524ms
[2023-02-09T15:23:26.458+0000][68][gc,cpu      ] GC(412) User=0.00s Sys=0.00s Real=0.00s
[2023-02-09T15:23:26.458+0000][68][safepoint   ] Safepoint "G1PauseCleanup", Time since last: 68376906 ns, Reaching safepoint: 52071 ns, At safepoint: 1682949 ns, Total: 1735020 ns
[2023-02-09T15:23:26.459+0000][68][gc,marking  ] GC(412) Concurrent Cleanup for Next Mark
[2023-02-09T15:23:26.460+0000][68][gc,marking  ] GC(412) Concurrent Cleanup for Next Mark 1.009ms
[2023-02-09T15:23:26.461+0000][68][gc          ] GC(412) Concurrent Mark Cycle 234.632ms
[2023-02-09T15:23:35.468+0000][68][safepoint   ] Safepoint "Cleanup", Time since last: 9009365521 ns, Reaching safepoint: 190737 ns, At safepoint: 3843 ns, Total: 194580 ns
[2023-02-09T15:23:38.471+0000][68][safepoint   ] Safepoint "Cleanup", Time since last: 3002804120 ns, Reaching safepoint: 102360 ns, At safepoint: 4110 ns, Total: 106470 ns
[2023-02-09T15:23:50.222+0000][68][gc,start    ] GC(413) Pause Young (Normal) (G1 Evacuation Pause)
[2023-02-09T15:23:50.223+0000][68][gc,task     ] GC(413) Using 4 workers of 4 for evacuation
[2023-02-09T15:23:50.223+0000][68][gc,age      ] GC(413) Desired survivor size 6291456 bytes, new threshold 15 (max threshold 15)
[2023-02-09T15:23:50.228+0000][68][gc,phases   ] GC(413)   Pre Evacuate Collection Set: 0.1ms
[2023-02-09T15:23:50.228+0000][68][gc,phases   ] GC(413)   Merge Heap Roots: 0.2ms
[2023-02-09T15:23:50.229+0000][68][gc,phases   ] GC(413)   Evacuate Collection Set: 2.4ms
[2023-02-09T15:23:50.229+0000][68][gc,phases   ] GC(413)   Post Evacuate Collection Set: 1.1ms
[2023-02-09T15:23:50.230+0000][68][gc,phases   ] GC(413)   Other: 1.0ms
[2023-02-09T15:23:50.230+0000][68][gc,age      ] GC(413) Age table with threshold 15 (max threshold 15)
[2023-02-09T15:23:50.231+0000][68][gc,age      ] GC(413) - age   1:     951736 bytes,     951736 total
[2023-02-09T15:23:50.231+0000][68][gc,age      ] GC(413) - age   2:       1720 bytes,     953456 total
[2023-02-09T15:23:50.231+0000][68][gc,age      ] GC(413) - age   3:     139072 bytes,    1092528 total
[2023-02-09T15:23:50.232+0000][68][gc,age      ] GC(413) - age   4:      79632 bytes,    1172160 total
[2023-02-09T15:23:50.232+0000][68][gc,age      ] GC(413) - age   5:      26520 bytes,    1198680 total
[2023-02-09T15:23:50.233+0000][68][gc,age      ] GC(413) - age   6:     114672 bytes,    1313352 total
[2023-02-09T15:23:50.234+0000][68][gc,age      ] GC(413) - age   7:     283384 bytes,    1596736 total
[2023-02-09T15:23:50.234+0000][68][gc,age      ] GC(413) - age   8:     183616 bytes,    1780352 total
[2023-02-09T15:23:50.235+0000][68][gc,age      ] GC(413) - age   9:       2528 bytes,    1782880 total
[2023-02-09T15:23:50.235+0000][68][gc,age      ] GC(413) - age  10:       1048 bytes,    1783928 total
[2023-02-09T15:23:50.236+0000][68][gc,age      ] GC(413) - age  11:       2264 bytes,    1786192 total
[2023-02-09T15:23:50.236+0000][68][gc,age      ] GC(413) - age  13:        528 bytes,    1786720 total
[2023-02-09T15:23:50.237+0000][68][gc,age      ] GC(413) - age  14:       7192 bytes,    1793912 total
[2023-02-09T15:23:50.237+0000][68][gc,age      ] GC(413) - age  15:        336 bytes,    1794248 total
[2023-02-09T15:23:50.237+0000][68][gc,heap     ] GC(413) Eden regions: 22->0(22)
[2023-02-09T15:23:50.238+0000][68][gc,heap     ] GC(413) Survivor regions: 1->1(3)
[2023-02-09T15:23:50.238+0000][68][gc,heap     ] GC(413) Old regions: 26->26
[2023-02-09T15:23:50.239+0000][68][gc,heap     ] GC(413) Archive regions: 2->2
[2023-02-09T15:23:50.239+0000][68][gc,heap     ] GC(413) Humongous regions: 2->2
[2023-02-09T15:23:50.239+0000][68][gc,metaspace] GC(413) Metaspace: 143199K(146304K)->143199K(146304K) NonClass: 125008K(126272K)->125008K(126272K) Class: 18190K(20032K)->18190K(20032K)
[2023-02-09T15:23:50.240+0000][68][gc          ] GC(413) Pause Young (Normal) (G1 Evacuation Pause) 203M->115M(256M) 17.944ms
[2023-02-09T15:23:50.241+0000][68][gc,cpu      ] GC(413) User=0.01s Sys=0.00s Real=0.01s
[2023-02-09T15:23:50.241+0000][68][safepoint   ] Safepoint "G1CollectForAllocation", Time since last: 11772426149 ns, Reaching safepoint: 95459 ns, At safepoint: 18987160 ns, Total: 19082619 ns
[2023-02-09T15:24:10.256+0000][68][safepoint   ] Safepoint "Cleanup", Time since last: 20014727149 ns, Reaching safepoint: 208776 ns, At safepoint: 8062 ns, Total: 216838 ns
[2023-02-09T15:24:14.264+0000][68][safepoint   ] Safepoint "Cleanup", Time since last: 4007229921 ns, Reaching safepoint: 310399 ns, At safepoint: 15581 ns, Total: 325980 ns
[2023-02-09T15:24:20.222+0000][68][gc,start    ] GC(414) Pause Young (Concurrent Start) (G1 Evacuation Pause)
[2023-02-09T15:24:20.223+0000][68][gc,task     ] GC(414) Using 4 workers of 4 for evacuation
[2023-02-09T15:24:20.223+0000][68][gc,age      ] GC(414) Desired survivor size 6291456 bytes, new threshold 15 (max threshold 15)
[2023-02-09T15:24:20.228+0000][68][gc,phases   ] GC(414)   Pre Evacuate Collection Set: 0.4ms
[2023-02-09T15:24:20.228+0000][68][gc,phases   ] GC(414)   Merge Heap Roots: 0.1ms
[2023-02-09T15:24:20.229+0000][68][gc,phases   ] GC(414)   Evacuate Collection Set: 2.6ms
[2023-02-09T15:24:20.229+0000][68][gc,phases   ] GC(414)   Post Evacuate Collection Set: 0.8ms
[2023-02-09T15:24:20.230+0000][68][gc,phases   ] GC(414)   Other: 1.2ms
[2023-02-09T15:24:20.230+0000][68][gc,age      ] GC(414) Age table with threshold 15 (max threshold 15)
[2023-02-09T15:24:20.231+0000][68][gc,age      ] GC(414) - age   1:    1127072 bytes,    1127072 total
[2023-02-09T15:24:20.231+0000][68][gc,age      ] GC(414) - age   2:     142136 bytes,    1269208 total
[2023-02-09T15:24:20.231+0000][68][gc,age      ] GC(414) - age   3:       1160 bytes,    1270368 total
[2023-02-09T15:24:20.232+0000][68][gc,age      ] GC(414) - age   4:      14072 bytes,    1284440 total
[2023-02-09T15:24:20.232+0000][68][gc,age      ] GC(414) - age   5:      79568 bytes,    1364008 total
[2023-02-09T15:24:20.232+0000][68][gc,age      ] GC(414) - age   6:      26520 bytes,    1390528 total
[2023-02-09T15:24:20.233+0000][68][gc,age      ] GC(414) - age   7:      98520 bytes,    1489048 total
[2023-02-09T15:24:20.233+0000][68][gc,age      ] GC(414) - age   8:     283384 bytes,    1772432 total
[2023-02-09T15:24:20.234+0000][68][gc,age      ] GC(414) - age   9:     183616 bytes,    1956048 total
[2023-02-09T15:24:20.234+0000][68][gc,age      ] GC(414) - age  10:       2528 bytes,    1958576 total
[2023-02-09T15:24:20.235+0000][68][gc,age      ] GC(414) - age  11:       1048 bytes,    1959624 total
[2023-02-09T15:24:20.236+0000][68][gc,age      ] GC(414) - age  12:       2264 bytes,    1961888 total
[2023-02-09T15:24:20.236+0000][68][gc,age      ] GC(414) - age  14:        528 bytes,    1962416 total
[2023-02-09T15:24:20.237+0000][68][gc,age      ] GC(414) - age  15:       7192 bytes,    1969608 total
[2023-02-09T15:24:20.237+0000][68][gc,heap     ] GC(414) Eden regions: 22->0(22)
[2023-02-09T15:24:20.238+0000][68][gc,heap     ] GC(414) Survivor regions: 1->1(3)
[2023-02-09T15:24:20.238+0000][68][gc,heap     ] GC(414) Old regions: 26->26
[2023-02-09T15:24:20.238+0000][68][gc,heap     ] GC(414) Archive regions: 2->2
[2023-02-09T15:24:20.239+0000][68][gc,heap     ] GC(414) Humongous regions: 2->2
[2023-02-09T15:24:20.239+0000][68][gc,metaspace] GC(414) Metaspace: 143200K(146304K)->143200K(146304K) NonClass: 125009K(126272K)->125009K(126272K) Class: 18190K(20032K)->18190K(20032K)
[2023-02-09T15:24:20.240+0000][68][gc          ] GC(414) Pause Young (Concurrent Start) (G1 Evacuation Pause) 203M->115M(256M) 17.817ms
[2023-02-09T15:24:20.240+0000][68][gc,cpu      ] GC(414) User=0.00s Sys=0.00s Real=0.02s
[2023-02-09T15:24:20.241+0000][68][safepoint   ] Safepoint "G1CollectForAllocation", Time since last: 5980334829 ns, Reaching safepoint: 58004 ns, At safepoint: 18876289 ns, Total: 18934293 ns
[2023-02-09T15:24:20.240+0000][68][gc          ] GC(415) Concurrent Mark Cycle
[2023-02-09T15:24:20.242+0000][68][gc,marking  ] GC(415) Concurrent Clear Claimed Marks
[2023-02-09T15:24:20.242+0000][68][gc,marking  ] GC(415) Concurrent Clear Claimed Marks 0.685ms
[2023-02-09T15:24:20.244+0000][68][gc,marking  ] GC(415) Concurrent Scan Root Regions
[2023-02-09T15:24:20.247+0000][68][gc,marking  ] GC(415) Concurrent Scan Root Regions 2.722ms
[2023-02-09T15:24:20.247+0000][68][gc,marking  ] GC(415) Concurrent Mark
[2023-02-09T15:24:20.248+0000][68][gc,marking  ] GC(415) Concurrent Mark From Roots
[2023-02-09T15:24:20.248+0000][68][gc,task     ] GC(415) Using 1 workers of 1 for marking
[2023-02-09T15:24:20.359+0000][68][gc,marking  ] GC(415) Concurrent Mark From Roots 111.156ms
[2023-02-09T15:24:20.360+0000][68][gc,marking  ] GC(415) Concurrent Preclean
[2023-02-09T15:24:20.361+0000][68][gc,marking  ] GC(415) Concurrent Preclean 1.044ms
[2023-02-09T15:24:20.362+0000][68][gc,start    ] GC(415) Pause Remark
[2023-02-09T15:24:20.377+0000][68][gc          ] GC(415) Pause Remark 118M->118M(256M) 15.467ms
[2023-02-09T15:24:20.378+0000][68][gc,cpu      ] GC(415) User=0.04s Sys=0.00s Real=0.01s
[2023-02-09T15:24:20.379+0000][68][safepoint   ] Safepoint "G1PauseRemark", Time since last: 121063192 ns, Reaching safepoint: 30477 ns, At safepoint: 16787438 ns, Total: 16817915 ns
[2023-02-09T15:24:20.379+0000][68][gc,marking  ] GC(415) Concurrent Mark 131.905ms
[2023-02-09T15:24:20.380+0000][68][gc,marking  ] GC(415) Concurrent Rebuild Remembered Sets
[2023-02-09T15:24:20.431+0000][68][gc,marking  ] GC(415) Concurrent Rebuild Remembered Sets 51.651ms
[2023-02-09T15:24:20.433+0000][68][gc,start    ] GC(415) Pause Cleanup
[2023-02-09T15:24:20.433+0000][68][gc          ] GC(415) Pause Cleanup 118M->118M(256M) 0.693ms
[2023-02-09T15:24:20.434+0000][68][gc,cpu      ] GC(415) User=0.00s Sys=0.00s Real=0.00s
[2023-02-09T15:24:20.434+0000][68][safepoint   ] Safepoint "G1PauseCleanup", Time since last: 53816906 ns, Reaching safepoint: 105020 ns, At safepoint: 1875708 ns, Total: 1980728 ns
[2023-02-09T15:24:20.435+0000][68][gc,marking  ] GC(415) Concurrent Cleanup for Next Mark
[2023-02-09T15:24:20.436+0000][68][gc,marking  ] GC(415) Concurrent Cleanup for Next Mark 0.809ms
[2023-02-09T15:24:20.436+0000][68][gc          ] GC(415) Concurrent Mark Cycle 196.032ms
[2023-02-09T15:24:33.446+0000][68][safepoint   ] Safepoint "Cleanup", Time since last: 13011533257 ns, Reaching safepoint: 199084 ns, At safepoint: 3724 ns, Total: 202808 ns
[2023-02-09T15:24:38.457+0000][68][safepoint   ] Safepoint "Cleanup", Time since last: 5010529512 ns, Reaching safepoint: 622394 ns, At safepoint: 14106 ns, Total: 636500 ns
[2023-02-09T15:24:49.970+0000][68][gc,start    ] GC(416) Pause Young (Normal) (G1 Evacuation Pause)
[2023-02-09T15:24:49.971+0000][68][gc,task     ] GC(416) Using 4 workers of 4 for evacuation
[2023-02-09T15:24:49.972+0000][68][gc,age      ] GC(416) Desired survivor size 6291456 bytes, new threshold 15 (max threshold 15)
[2023-02-09T15:24:49.977+0000][68][gc,phases   ] GC(416)   Pre Evacuate Collection Set: 0.1ms
[2023-02-09T15:24:49.977+0000][68][gc,phases   ] GC(416)   Merge Heap Roots: 0.1ms
[2023-02-09T15:24:49.978+0000][68][gc,phases   ] GC(416)   Evacuate Collection Set: 2.8ms
[2023-02-09T15:24:49.979+0000][68][gc,phases   ] GC(416)   Post Evacuate Collection Set: 1.3ms
[2023-02-09T15:24:49.979+0000][68][gc,phases   ] GC(416)   Other: 1.1ms
[2023-02-09T15:24:49.979+0000][68][gc,age      ] GC(416) Age table with threshold 15 (max threshold 15)
[2023-02-09T15:24:49.980+0000][68][gc,age      ] GC(416) - age   1:    1015600 bytes,    1015600 total
[2023-02-09T15:24:49.980+0000][68][gc,age      ] GC(416) - age   2:       1760 bytes,    1017360 total
[2023-02-09T15:24:49.980+0000][68][gc,age      ] GC(416) - age   3:      10688 bytes,    1028048 total
[2023-02-09T15:24:49.981+0000][68][gc,age      ] GC(416) - age   4:        528 bytes,    1028576 total
[2023-02-09T15:24:49.981+0000][68][gc,age      ] GC(416) - age   5:      13392 bytes,    1041968 total
[2023-02-09T15:24:49.981+0000][68][gc,age      ] GC(416) - age   6:      62696 bytes,    1104664 total
[2023-02-09T15:24:49.982+0000][68][gc,age      ] GC(416) - age   7:      26520 bytes,    1131184 total
[2023-02-09T15:24:49.982+0000][68][gc,age      ] GC(416) - age   8:      81656 bytes,    1212840 total
[2023-02-09T15:24:49.983+0000][68][gc,age      ] GC(416) - age   9:     275368 bytes,    1488208 total
[2023-02-09T15:24:49.983+0000][68][gc,age      ] GC(416) - age  10:     183616 bytes,    1671824 total
[2023-02-09T15:24:49.983+0000][68][gc,age      ] GC(416) - age  11:       2504 bytes,    1674328 total
[2023-02-09T15:24:49.984+0000][68][gc,age      ] GC(416) - age  12:       1048 bytes,    1675376 total
[2023-02-09T15:24:49.984+0000][68][gc,age      ] GC(416) - age  13:       2264 bytes,    1677640 total
[2023-02-09T15:24:49.984+0000][68][gc,age      ] GC(416) - age  15:        528 bytes,    1678168 total
[2023-02-09T15:24:49.985+0000][68][gc,heap     ] GC(416) Eden regions: 22->0(22)
[2023-02-09T15:24:49.985+0000][68][gc,heap     ] GC(416) Survivor regions: 1->1(3)
[2023-02-09T15:24:49.985+0000][68][gc,heap     ] GC(416) Old regions: 26->26
[2023-02-09T15:24:49.986+0000][68][gc,heap     ] GC(416) Archive regions: 2->2
[2023-02-09T15:24:49.986+0000][68][gc,heap     ] GC(416) Humongous regions: 2->2
[2023-02-09T15:24:49.986+0000][68][gc,metaspace] GC(416) Metaspace: 143204K(146304K)->143204K(146304K) NonClass: 125014K(126272K)->125014K(126272K) Class: 18190K(20032K)->18190K(20032K)
[2023-02-09T15:24:49.987+0000][68][gc          ] GC(416) Pause Young (Normal) (G1 Evacuation Pause) 203M->115M(256M) 16.853ms
[2023-02-09T15:24:49.988+0000][68][gc,cpu      ] GC(416) User=0.02s Sys=0.00s Real=0.02s
[2023-02-09T15:24:49.988+0000][68][safepoint   ] Safepoint "G1CollectForAllocation", Time since last: 11536840654 ns, Reaching safepoint: 96691 ns, At safepoint: 17787757 ns, Total: 17884448 ns
[2023-02-09T15:25:08.005+0000][68][safepoint   ] Safepoint "Cleanup", Time since last: 18016522339 ns, Reaching safepoint: 79088 ns, At safepoint: 24503 ns, Total: 103591 ns
[2023-02-09T15:25:09.006+0000][68][safepoint   ] Safepoint "Cleanup", Time since last: 1001479348 ns, Reaching safepoint: 132776 ns, At safepoint: 4048 ns, Total: 136824 ns
[2023-02-09T15:25:16.012+0000][68][safepoint   ] Safepoint "Cleanup", Time since last: 7005594374 ns, Reaching safepoint: 472110 ns, At safepoint: 12952 ns, Total: 485062 ns
[2023-02-09T15:25:19.996+0000][68][gc,start    ] GC(417) Pause Young (Concurrent Start) (G1 Evacuation Pause)
[2023-02-09T15:25:19.997+0000][68][gc,task     ] GC(417) Using 4 workers of 4 for evacuation
[2023-02-09T15:25:19.998+0000][68][gc,age      ] GC(417) Desired survivor size 6291456 bytes, new threshold 15 (max threshold 15)
[2023-02-09T15:25:20.002+0000][68][gc,phases   ] GC(417)   Pre Evacuate Collection Set: 0.3ms
[2023-02-09T15:25:20.002+0000][68][gc,phases   ] GC(417)   Merge Heap Roots: 0.1ms
[2023-02-09T15:25:20.003+0000][68][gc,phases   ] GC(417)   Evacuate Collection Set: 2.5ms
[2023-02-09T15:25:20.003+0000][68][gc,phases   ] GC(417)   Post Evacuate Collection Set: 0.8ms
[2023-02-09T15:25:20.004+0000][68][gc,phases   ] GC(417)   Other: 1.0ms
[2023-02-09T15:25:20.004+0000][68][gc,age      ] GC(417) Age table with threshold 15 (max threshold 15)
[2023-02-09T15:25:20.005+0000][68][gc,age      ] GC(417) - age   1:    1476504 bytes,    1476504 total
[2023-02-09T15:25:20.005+0000][68][gc,age      ] GC(417) - age   2:     146160 bytes,    1622664 total
[2023-02-09T15:25:20.005+0000][68][gc,age      ] GC(417) - age   3:        520 bytes,    1623184 total
[2023-02-09T15:25:20.006+0000][68][gc,age      ] GC(417) - age   4:      10688 bytes,    1633872 total
[2023-02-09T15:25:20.006+0000][68][gc,age      ] GC(417) - age   5:        528 bytes,    1634400 total
[2023-02-09T15:25:20.007+0000][68][gc,age      ] GC(417) - age   6:      13392 bytes,    1647792 total
[2023-02-09T15:25:20.007+0000][68][gc,age      ] GC(417) - age   7:      53184 bytes,    1700976 total
[2023-02-09T15:25:20.007+0000][68][gc,age      ] GC(417) - age   8:      26520 bytes,    1727496 total
[2023-02-09T15:25:20.008+0000][68][gc,age      ] GC(417) - age   9:      81048 bytes,    1808544 total
[2023-02-09T15:25:20.008+0000][68][gc,age      ] GC(417) - age  10:     275368 bytes,    2083912 total
[2023-02-09T15:25:20.008+0000][68][gc,age      ] GC(417) - age  11:     183616 bytes,    2267528 total
[2023-02-09T15:25:20.009+0000][68][gc,age      ] GC(417) - age  12:       2504 bytes,    2270032 total
[2023-02-09T15:25:20.009+0000][68][gc,age      ] GC(417) - age  13:       1048 bytes,    2271080 total
[2023-02-09T15:25:20.010+0000][68][gc,age      ] GC(417) - age  14:       2264 bytes,    2273344 total
[2023-02-09T15:25:20.010+0000][68][gc,heap     ] GC(417) Eden regions: 22->0(22)
[2023-02-09T15:25:20.010+0000][68][gc,heap     ] GC(417) Survivor regions: 1->1(3)
[2023-02-09T15:25:20.011+0000][68][gc,heap     ] GC(417) Old regions: 26->26
[2023-02-09T15:25:20.011+0000][68][gc,heap     ] GC(417) Archive regions: 2->2
[2023-02-09T15:25:20.012+0000][68][gc,heap     ] GC(417) Humongous regions: 2->2
[2023-02-09T15:25:20.012+0000][68][gc,metaspace] GC(417) Metaspace: 143205K(146304K)->143205K(146304K) NonClass: 125015K(126272K)->125015K(126272K) Class: 18190K(20032K)->18190K(20032K)
[2023-02-09T15:25:20.013+0000][68][gc          ] GC(417) Pause Young (Concurrent Start) (G1 Evacuation Pause) 203M->116M(256M) 16.131ms
[2023-02-09T15:25:20.013+0000][68][gc,cpu      ] GC(417) User=0.01s Sys=0.01s Real=0.02s
[2023-02-09T15:25:20.013+0000][68][gc          ] GC(418) Concurrent Mark Cycle
[2023-02-09T15:25:20.014+0000][68][gc,marking  ] GC(418) Concurrent Clear Claimed Marks
[2023-02-09T15:25:20.013+0000][68][safepoint   ] Safepoint "G1CollectForAllocation", Time since last: 4009386265 ns, Reaching safepoint: 58225 ns, At safepoint: 17097510 ns, Total: 17155735 ns
[2023-02-09T15:25:20.015+0000][68][gc,marking  ] GC(418) Concurrent Clear Claimed Marks 0.803ms
[2023-02-09T15:25:20.016+0000][68][gc,marking  ] GC(418) Concurrent Scan Root Regions
[2023-02-09T15:25:20.019+0000][68][gc,marking  ] GC(418) Concurrent Scan Root Regions 2.889ms
[2023-02-09T15:25:20.019+0000][68][gc,marking  ] GC(418) Concurrent Mark
[2023-02-09T15:25:20.020+0000][68][gc,marking  ] GC(418) Concurrent Mark From Roots
[2023-02-09T15:25:20.020+0000][68][gc,task     ] GC(418) Using 1 workers of 1 for marking
[2023-02-09T15:25:20.135+0000][68][gc,marking  ] GC(418) Concurrent Mark From Roots 115.228ms
[2023-02-09T15:25:20.135+0000][68][gc,marking  ] GC(418) Concurrent Preclean
[2023-02-09T15:25:20.136+0000][68][gc,marking  ] GC(418) Concurrent Preclean 0.695ms
[2023-02-09T15:25:20.137+0000][68][gc,start    ] GC(418) Pause Remark
[2023-02-09T15:25:20.146+0000][68][gc          ] GC(418) Pause Remark 117M->117M(256M) 8.682ms
[2023-02-09T15:25:20.147+0000][68][gc,cpu      ] GC(418) User=0.03s Sys=0.00s Real=0.01s
[2023-02-09T15:25:20.147+0000][68][safepoint   ] Safepoint "G1PauseRemark", Time since last: 123536812 ns, Reaching safepoint: 198067 ns, At safepoint: 9882486 ns, Total: 10080553 ns
[2023-02-09T15:25:20.148+0000][68][gc,marking  ] GC(418) Concurrent Mark 128.713ms
[2023-02-09T15:25:20.149+0000][68][gc,marking  ] GC(418) Concurrent Rebuild Remembered Sets
[2023-02-09T15:25:20.202+0000][68][gc,marking  ] GC(418) Concurrent Rebuild Remembered Sets 53.778ms
[2023-02-09T15:25:20.203+0000][68][gc,start    ] GC(418) Pause Cleanup
[2023-02-09T15:25:20.204+0000][68][gc          ] GC(418) Pause Cleanup 118M->118M(256M) 0.607ms
[2023-02-09T15:25:20.204+0000][68][gc,cpu      ] GC(418) User=0.00s Sys=0.00s Real=0.00s
[2023-02-09T15:25:20.205+0000][68][safepoint   ] Safepoint "G1PauseCleanup", Time since last: 55778845 ns, Reaching safepoint: 157454 ns, At safepoint: 1598899 ns, Total: 1756353 ns
[2023-02-09T15:25:20.205+0000][68][gc,marking  ] GC(418) Concurrent Cleanup for Next Mark
[2023-02-09T15:25:20.206+0000][68][gc,marking  ] GC(418) Concurrent Cleanup for Next Mark 0.774ms
[2023-02-09T15:25:20.207+0000][68][gc          ] GC(418) Concurrent Mark Cycle 193.470ms
[2023-02-09T15:25:28.432+0000][68][safepoint   ] Safepoint "Cleanup", Time since last: 8227247321 ns, Reaching safepoint: 208411 ns, At safepoint: 15020 ns, Total: 223431 ns
[2023-02-09T15:25:29.435+0000][68][safepoint   ] Safepoint "Cleanup", Time since last: 1002195689 ns, Reaching safepoint: 511236 ns, At safepoint: 16592 ns, Total: 527828 ns
[2023-02-09T15:25:37.444+0000][68][safepoint   ] Safepoint "Cleanup", Time since last: 8008632838 ns, Reaching safepoint: 687362 ns, At safepoint: 16921 ns, Total: 704283 ns
[2023-02-09T15:25:38.448+0000][68][safepoint   ] Safepoint "Cleanup", Time since last: 1003162772 ns, Reaching safepoint: 480949 ns, At safepoint: 15977 ns, Total: 496926 ns
[2023-02-09T15:25:48.138+0000][68][gc,start    ] GC(419) Pause Young (Normal) (G1 Evacuation Pause)
[2023-02-09T15:25:48.140+0000][68][gc,task     ] GC(419) Using 4 workers of 4 for evacuation
[2023-02-09T15:25:48.140+0000][68][gc,age      ] GC(419) Desired survivor size 6291456 bytes, new threshold 15 (max threshold 15)
[2023-02-09T15:25:48.146+0000][68][gc,phases   ] GC(419)   Pre Evacuate Collection Set: 0.1ms
[2023-02-09T15:25:48.147+0000][68][gc,phases   ] GC(419)   Merge Heap Roots: 0.1ms
[2023-02-09T15:25:48.147+0000][68][gc,phases   ] GC(419)   Evacuate Collection Set: 2.9ms
[2023-02-09T15:25:48.148+0000][68][gc,phases   ] GC(419)   Post Evacuate Collection Set: 1.4ms
[2023-02-09T15:25:48.149+0000][68][gc,phases   ] GC(419)   Other: 1.8ms
[2023-02-09T15:25:48.150+0000][68][gc,age      ] GC(419) Age table with threshold 15 (max threshold 15)
[2023-02-09T15:25:48.150+0000][68][gc,age      ] GC(419) - age   1:    1190112 bytes,    1190112 total
[2023-02-09T15:25:48.151+0000][68][gc,age      ] GC(419) - age   2:     115056 bytes,    1305168 total
[2023-02-09T15:25:48.151+0000][68][gc,age      ] GC(419) - age   3:     140800 bytes,    1445968 total
[2023-02-09T15:25:48.152+0000][68][gc,age      ] GC(419) - age   4:         80 bytes,    1446048 total
[2023-02-09T15:25:48.152+0000][68][gc,age      ] GC(419) - age   5:      10624 bytes,    1456672 total
[2023-02-09T15:25:48.153+0000][68][gc,age      ] GC(419) - age   6:        528 bytes,    1457200 total
[2023-02-09T15:25:48.154+0000][68][gc,age      ] GC(419) - age   7:      13064 bytes,    1470264 total
[2023-02-09T15:25:48.154+0000][68][gc,age      ] GC(419) - age   8:      52400 bytes,    1522664 total
[2023-02-09T15:25:48.155+0000][68][gc,age      ] GC(419) - age   9:      26224 bytes,    1548888 total
[2023-02-09T15:25:48.156+0000][68][gc,age      ] GC(419) - age  10:      81048 bytes,    1629936 total
[2023-02-09T15:25:48.156+0000][68][gc,age      ] GC(419) - age  11:     275304 bytes,    1905240 total
[2023-02-09T15:25:48.157+0000][68][gc,age      ] GC(419) - age  12:     183616 bytes,    2088856 total
[2023-02-09T15:25:48.158+0000][68][gc,age      ] GC(419) - age  13:       2504 bytes,    2091360 total
[2023-02-09T15:25:48.158+0000][68][gc,age      ] GC(419) - age  14:       1048 bytes,    2092408 total
[2023-02-09T15:25:48.159+0000][68][gc,age      ] GC(419) - age  15:       2264 bytes,    2094672 total
[2023-02-09T15:25:48.159+0000][68][gc,heap     ] GC(419) Eden regions: 22->0(22)
[2023-02-09T15:25:48.160+0000][68][gc,heap     ] GC(419) Survivor regions: 1->1(3)
[2023-02-09T15:25:48.160+0000][68][gc,heap     ] GC(419) Old regions: 26->26
[2023-02-09T15:25:48.161+0000][68][gc,heap     ] GC(419) Archive regions: 2->2
[2023-02-09T15:25:48.161+0000][68][gc,heap     ] GC(419) Humongous regions: 2->2
[2023-02-09T15:25:48.162+0000][68][gc,metaspace] GC(419) Metaspace: 143211K(146304K)->143211K(146304K) NonClass: 125021K(126272K)->125021K(126272K) Class: 18190K(20032K)->18190K(20032K)
[2023-02-09T15:25:48.162+0000][68][gc          ] GC(419) Pause Young (Normal) (G1 Evacuation Pause) 204M->116M(256M) 23.714ms
[2023-02-09T15:25:48.163+0000][68][gc,cpu      ] GC(419) User=0.01s Sys=0.01s Real=0.03s
[2023-02-09T15:25:48.163+0000][68][safepoint   ] Safepoint "G1CollectForAllocation", Time since last: 9690169097 ns, Reaching safepoint: 345451 ns, At safepoint: 24733372 ns, Total: 25078823 ns
[2023-02-09T15:26:03.153+0000][68][safepoint   ] Safepoint "Cleanup", Time since last: 15011382022 ns, Reaching safepoint: 111137 ns, At safepoint: 4992 ns, Total: 116129 ns
[2023-02-09T15:26:09.158+0000][68][safepoint   ] Safepoint "Cleanup", Time since last: 6004821343 ns, Reaching safepoint: 320875 ns, At safepoint: 19351 ns, Total: 340226 ns
[2023-02-09T15:26:11.244+0000][68][gc,start    ] GC(420) Pause Young (Concurrent Start) (G1 Evacuation Pause)
[2023-02-09T15:26:11.245+0000][68][gc,task     ] GC(420) Using 4 workers of 4 for evacuation
[2023-02-09T15:26:11.245+0000][68][gc,age      ] GC(420) Desired survivor size 6291456 bytes, new threshold 15 (max threshold 15)
[2023-02-09T15:26:11.249+0000][68][gc,phases   ] GC(420)   Pre Evacuate Collection Set: 0.3ms
[2023-02-09T15:26:11.250+0000][68][gc,phases   ] GC(420)   Merge Heap Roots: 0.1ms
[2023-02-09T15:26:11.251+0000][68][gc,phases   ] GC(420)   Evacuate Collection Set: 2.1ms
[2023-02-09T15:26:11.251+0000][68][gc,phases   ] GC(420)   Post Evacuate Collection Set: 1.2ms
[2023-02-09T15:26:11.252+0000][68][gc,phases   ] GC(420)   Other: 1.1ms
[2023-02-09T15:26:11.252+0000][68][gc,age      ] GC(420) Age table with threshold 15 (max threshold 15)
[2023-02-09T15:26:11.253+0000][68][gc,age      ] GC(420) - age   1:    1567968 bytes,    1567968 total
[2023-02-09T15:26:11.253+0000][68][gc,age      ] GC(420) - age   2:      79168 bytes,    1647136 total
[2023-02-09T15:26:11.253+0000][68][gc,age      ] GC(420) - age   3:      96392 bytes,    1743528 total
[2023-02-09T15:26:11.254+0000][68][gc,age      ] GC(420) - age   4:     132440 bytes,    1875968 total
[2023-02-09T15:26:11.254+0000][68][gc,age      ] GC(420) - age   5:         80 bytes,    1876048 total
[2023-02-09T15:26:11.255+0000][68][gc,age      ] GC(420) - age   6:      10624 bytes,    1886672 total
[2023-02-09T15:26:11.255+0000][68][gc,age      ] GC(420) - age   7:        528 bytes,    1887200 total
[2023-02-09T15:26:11.255+0000][68][gc,age      ] GC(420) - age   8:      13064 bytes,    1900264 total
[2023-02-09T15:26:11.256+0000][68][gc,age      ] GC(420) - age   9:      52400 bytes,    1952664 total
[2023-02-09T15:26:11.256+0000][68][gc,age      ] GC(420) - age  10:      26224 bytes,    1978888 total
[2023-02-09T15:26:11.257+0000][68][gc,age      ] GC(420) - age  11:      81048 bytes,    2059936 total
[2023-02-09T15:26:11.257+0000][68][gc,age      ] GC(420) - age  12:     275304 bytes,    2335240 total
[2023-02-09T15:26:11.258+0000][68][gc,age      ] GC(420) - age  13:     183560 bytes,    2518800 total
[2023-02-09T15:26:11.259+0000][68][gc,age      ] GC(420) - age  14:       2504 bytes,    2521304 total
[2023-02-09T15:26:11.259+0000][68][gc,age      ] GC(420) - age  15:       1048 bytes,    2522352 total
[2023-02-09T15:26:11.260+0000][68][gc,heap     ] GC(420) Eden regions: 22->0(22)
[2023-02-09T15:26:11.260+0000][68][gc,heap     ] GC(420) Survivor regions: 1->1(3)
[2023-02-09T15:26:11.261+0000][68][gc,heap     ] GC(420) Old regions: 26->26
[2023-02-09T15:26:11.261+0000][68][gc,heap     ] GC(420) Archive regions: 2->2
[2023-02-09T15:26:11.261+0000][68][gc,heap     ] GC(420) Humongous regions: 2->2
[2023-02-09T15:26:11.262+0000][68][gc,metaspace] GC(420) Metaspace: 143218K(146304K)->143218K(146304K) NonClass: 125028K(126272K)->125028K(126272K) Class: 18190K(20032K)->18190K(20032K)
[2023-02-09T15:26:11.262+0000][68][gc          ] GC(420) Pause Young (Concurrent Start) (G1 Evacuation Pause) 204M->116M(256M) 18.290ms
[2023-02-09T15:26:11.263+0000][68][gc,cpu      ] GC(420) User=0.01s Sys=0.00s Real=0.02s
[2023-02-09T15:26:11.263+0000][68][gc          ] GC(421) Concurrent Mark Cycle
[2023-02-09T15:26:11.264+0000][68][gc,marking  ] GC(421) Concurrent Clear Claimed Marks
[2023-02-09T15:26:11.263+0000][68][safepoint   ] Safepoint "G1CollectForAllocation", Time since last: 2085648833 ns, Reaching safepoint: 76516 ns, At safepoint: 19265779 ns, Total: 19342295 ns
[2023-02-09T15:26:11.264+0000][68][gc,marking  ] GC(421) Concurrent Clear Claimed Marks 0.608ms
[2023-02-09T15:26:11.266+0000][68][gc,marking  ] GC(421) Concurrent Scan Root Regions
[2023-02-09T15:26:11.268+0000][68][gc,marking  ] GC(421) Concurrent Scan Root Regions 2.616ms
[2023-02-09T15:26:11.269+0000][68][gc,marking  ] GC(421) Concurrent Mark
[2023-02-09T15:26:11.270+0000][68][gc,marking  ] GC(421) Concurrent Mark From Roots
[2023-02-09T15:26:11.270+0000][68][gc,task     ] GC(421) Using 1 workers of 1 for marking
[2023-02-09T15:26:11.448+0000][68][gc,marking  ] GC(421) Concurrent Mark From Roots 178.529ms
[2023-02-09T15:26:11.449+0000][68][gc,marking  ] GC(421) Concurrent Preclean
[2023-02-09T15:26:11.451+0000][68][gc,marking  ] GC(421) Concurrent Preclean 1.097ms
[2023-02-09T15:26:11.452+0000][68][gc,start    ] GC(421) Pause Remark
[2023-02-09T15:26:11.472+0000][68][gc          ] GC(421) Pause Remark 122M->122M(256M) 20.347ms
[2023-02-09T15:26:11.474+0000][68][gc,cpu      ] GC(421) User=0.05s Sys=0.01s Real=0.02s
[2023-02-09T15:26:11.475+0000][68][safepoint   ] Safepoint "G1PauseRemark", Time since last: 188316302 ns, Reaching safepoint: 100061 ns, At safepoint: 23195249 ns, Total: 23295310 ns
[2023-02-09T15:26:11.476+0000][68][gc,marking  ] GC(421) Concurrent Mark 206.594ms
[2023-02-09T15:26:11.477+0000][68][gc,marking  ] GC(421) Concurrent Rebuild Remembered Sets
[2023-02-09T15:26:11.592+0000][68][gc,marking  ] GC(421) Concurrent Rebuild Remembered Sets 114.574ms
[2023-02-09T15:26:11.592+0000][68][gc,start    ] GC(421) Pause Cleanup
[2023-02-09T15:26:11.594+0000][68][gc          ] GC(421) Pause Cleanup 123M->123M(256M) 1.028ms
[2023-02-09T15:26:11.595+0000][68][gc,cpu      ] GC(421) User=0.00s Sys=0.00s Real=0.00s
[2023-02-09T15:26:11.596+0000][68][safepoint   ] Safepoint "G1PauseCleanup", Time since last: 117290407 ns, Reaching safepoint: 150137 ns, At safepoint: 3063535 ns, Total: 3213672 ns
[2023-02-09T15:26:11.597+0000][68][gc,marking  ] GC(421) Concurrent Cleanup for Next Mark
[2023-02-09T15:26:11.598+0000][68][gc,marking  ] GC(421) Concurrent Cleanup for Next Mark 1.479ms
[2023-02-09T15:26:11.599+0000][68][gc          ] GC(421) Concurrent Mark Cycle 336.515ms
[2023-02-09T15:26:16.601+0000][68][safepoint   ] Safepoint "Cleanup", Time since last: 5004310729 ns, Reaching safepoint: 843169 ns, At safepoint: 38208 ns, Total: 881377 ns
[2023-02-09T15:26:38.142+0000][68][gc,start    ] GC(422) Pause Young (Normal) (G1 Evacuation Pause)
[2023-02-09T15:26:38.143+0000][68][gc,task     ] GC(422) Using 4 workers of 4 for evacuation
[2023-02-09T15:26:38.143+0000][68][gc,age      ] GC(422) Desired survivor size 6291456 bytes, new threshold 15 (max threshold 15)
[2023-02-09T15:26:38.147+0000][68][gc,phases   ] GC(422)   Pre Evacuate Collection Set: 0.1ms
[2023-02-09T15:26:38.148+0000][68][gc,phases   ] GC(422)   Merge Heap Roots: 0.1ms
[2023-02-09T15:26:38.149+0000][68][gc,phases   ] GC(422)   Evacuate Collection Set: 2.0ms
[2023-02-09T15:26:38.149+0000][68][gc,phases   ] GC(422)   Post Evacuate Collection Set: 1.0ms
[2023-02-09T15:26:38.149+0000][68][gc,phases   ] GC(422)   Other: 1.0ms
[2023-02-09T15:26:38.150+0000][68][gc,age      ] GC(422) Age table with threshold 15 (max threshold 15)
[2023-02-09T15:26:38.150+0000][68][gc,age      ] GC(422) - age   1:     845712 bytes,     845712 total
[2023-02-09T15:26:38.151+0000][68][gc,age      ] GC(422) - age   2:      19944 bytes,     865656 total
[2023-02-09T15:26:38.151+0000][68][gc,age      ] GC(422) - age   3:      72424 bytes,     938080 total
[2023-02-09T15:26:38.152+0000][68][gc,age      ] GC(422) - age   4:      96088 bytes,    1034168 total
[2023-02-09T15:26:38.152+0000][68][gc,age      ] GC(422) - age   5:     132264 bytes,    1166432 total
[2023-02-09T15:26:38.152+0000][68][gc,age      ] GC(422) - age   6:         64 bytes,    1166496 total
[2023-02-09T15:26:38.153+0000][68][gc,age      ] GC(422) - age   7:      10592 bytes,    1177088 total
[2023-02-09T15:26:38.153+0000][68][gc,age      ] GC(422) - age   8:        232 bytes,    1177320 total
[2023-02-09T15:26:38.154+0000][68][gc,age      ] GC(422) - age   9:      10696 bytes,    1188016 total
[2023-02-09T15:26:38.154+0000][68][gc,age      ] GC(422) - age  10:      52400 bytes,    1240416 total
[2023-02-09T15:26:38.155+0000][68][gc,age      ] GC(422) - age  11:       8264 bytes,    1248680 total
[2023-02-09T15:26:38.155+0000][68][gc,age      ] GC(422) - age  12:      63656 bytes,    1312336 total
[2023-02-09T15:26:38.155+0000][68][gc,age      ] GC(422) - age  13:       4168 bytes,    1316504 total
[2023-02-09T15:26:38.156+0000][68][gc,age      ] GC(422) - age  14:      30744 bytes,    1347248 total
[2023-02-09T15:26:38.156+0000][68][gc,age      ] GC(422) - age  15:       2504 bytes,    1349752 total
[2023-02-09T15:26:38.156+0000][68][gc,heap     ] GC(422) Eden regions: 22->0(22)
[2023-02-09T15:26:38.157+0000][68][gc,heap     ] GC(422) Survivor regions: 1->1(3)
[2023-02-09T15:26:38.157+0000][68][gc,heap     ] GC(422) Old regions: 26->26
[2023-02-09T15:26:38.158+0000][68][gc,heap     ] GC(422) Archive regions: 2->2
[2023-02-09T15:26:38.158+0000][68][gc,heap     ] GC(422) Humongous regions: 2->2
[2023-02-09T15:26:38.159+0000][68][gc,metaspace] GC(422) Metaspace: 143219K(146304K)->143219K(146304K) NonClass: 125029K(126272K)->125029K(126272K) Class: 18190K(20032K)->18190K(20032K)
[2023-02-09T15:26:38.159+0000][68][gc          ] GC(422) Pause Young (Normal) (G1 Evacuation Pause) 204M->115M(256M) 17.048ms
[2023-02-09T15:26:38.159+0000][68][gc,cpu      ] GC(422) User=0.01s Sys=0.00s Real=0.02s
[2023-02-09T15:26:38.160+0000][68][safepoint   ] Safepoint "G1CollectForAllocation", Time since last: 21562886084 ns, Reaching safepoint: 64546 ns, At safepoint: 17806938 ns, Total: 17871484 ns
[2023-02-09T15:26:39.163+0000][68][safepoint   ] Safepoint "Cleanup", Time since last: 1002374124 ns, Reaching safepoint: 624832 ns, At safepoint: 18216 ns, Total: 643048 ns
[2023-02-09T15:27:03.172+0000][68][safepoint   ] Safepoint "Cleanup", Time since last: 24029758894 ns, Reaching safepoint: 197283 ns, At safepoint: 11042 ns, Total: 208325 ns
[2023-02-09T15:27:07.963+0000][68][gc,start    ] GC(423) Pause Young (Concurrent Start) (G1 Evacuation Pause)
[2023-02-09T15:27:07.964+0000][68][gc,task     ] GC(423) Using 4 workers of 4 for evacuation
[2023-02-09T15:27:07.964+0000][68][gc,age      ] GC(423) Desired survivor size 6291456 bytes, new threshold 15 (max threshold 15)
[2023-02-09T15:27:07.970+0000][68][gc,phases   ] GC(423)   Pre Evacuate Collection Set: 0.4ms
[2023-02-09T15:27:07.971+0000][68][gc,phases   ] GC(423)   Merge Heap Roots: 0.2ms
[2023-02-09T15:27:07.972+0000][68][gc,phases   ] GC(423)   Evacuate Collection Set: 2.4ms
[2023-02-09T15:27:07.972+0000][68][gc,phases   ] GC(423)   Post Evacuate Collection Set: 1.7ms
[2023-02-09T15:27:07.973+0000][68][gc,phases   ] GC(423)   Other: 1.6ms
[2023-02-09T15:27:07.974+0000][68][gc,age      ] GC(423) Age table with threshold 15 (max threshold 15)
[2023-02-09T15:27:07.976+0000][68][gc,age      ] GC(423) - age   1:     928280 bytes,     928280 total
[2023-02-09T15:27:07.977+0000][68][gc,age      ] GC(423) - age   2:     302312 bytes,    1230592 total
[2023-02-09T15:27:07.978+0000][68][gc,age      ] GC(423) - age   3:      18760 bytes,    1249352 total
[2023-02-09T15:27:07.978+0000][68][gc,age      ] GC(423) - age   4:      72032 bytes,    1321384 total
[2023-02-09T15:27:07.979+0000][68][gc,age      ] GC(423) - age   5:      96088 bytes,    1417472 total
[2023-02-09T15:27:07.980+0000][68][gc,age      ] GC(423) - age   6:     132232 bytes,    1549704 total
[2023-02-09T15:27:07.980+0000][68][gc,age      ] GC(423) - age   7:         64 bytes,    1549768 total
[2023-02-09T15:27:07.981+0000][68][gc,age      ] GC(423) - age   8:      10592 bytes,    1560360 total
[2023-02-09T15:27:07.981+0000][68][gc,age      ] GC(423) - age   9:        232 bytes,    1560592 total
[2023-02-09T15:27:07.982+0000][68][gc,age      ] GC(423) - age  10:      10696 bytes,    1571288 total
[2023-02-09T15:27:07.983+0000][68][gc,age      ] GC(423) - age  11:      52400 bytes,    1623688 total
[2023-02-09T15:27:07.984+0000][68][gc,age      ] GC(423) - age  12:       8264 bytes,    1631952 total
[2023-02-09T15:27:07.984+0000][68][gc,age      ] GC(423) - age  13:      63592 bytes,    1695544 total
[2023-02-09T15:27:07.985+0000][68][gc,age      ] GC(423) - age  14:       4040 bytes,    1699584 total
[2023-02-09T15:27:07.985+0000][68][gc,age      ] GC(423) - age  15:      30744 bytes,    1730328 total
[2023-02-09T15:27:07.986+0000][68][gc,heap     ] GC(423) Eden regions: 22->0(22)
[2023-02-09T15:27:07.987+0000][68][gc,heap     ] GC(423) Survivor regions: 1->1(3)
[2023-02-09T15:27:07.988+0000][68][gc,heap     ] GC(423) Old regions: 26->26
[2023-02-09T15:27:07.988+0000][68][gc,heap     ] GC(423) Archive regions: 2->2
[2023-02-09T15:27:07.989+0000][68][gc,heap     ] GC(423) Humongous regions: 2->2
[2023-02-09T15:27:07.989+0000][68][gc,metaspace] GC(423) Metaspace: 143219K(146304K)->143219K(146304K) NonClass: 125029K(126272K)->125029K(126272K) Class: 18190K(20032K)->18190K(20032K)
[2023-02-09T15:27:07.990+0000][68][gc          ] GC(423) Pause Young (Concurrent Start) (G1 Evacuation Pause) 203M->115M(256M) 27.488ms
[2023-02-09T15:27:07.991+0000][68][gc,cpu      ] GC(423) User=0.01s Sys=0.01s Real=0.03s
[2023-02-09T15:27:07.991+0000][68][safepoint   ] Safepoint "G1CollectForAllocation", Time since last: 4790046729 ns, Reaching safepoint: 143130 ns, At safepoint: 28603071 ns, Total: 28746201 ns
[2023-02-09T15:27:07.991+0000][68][gc          ] GC(424) Concurrent Mark Cycle
[2023-02-09T15:27:07.993+0000][68][gc,marking  ] GC(424) Concurrent Clear Claimed Marks
[2023-02-09T15:27:07.994+0000][68][gc,marking  ] GC(424) Concurrent Clear Claimed Marks 1.767ms
[2023-02-09T15:27:07.995+0000][68][gc,marking  ] GC(424) Concurrent Scan Root Regions
[2023-02-09T15:27:07.998+0000][68][gc,marking  ] GC(424) Concurrent Scan Root Regions 3.091ms
[2023-02-09T15:27:07.999+0000][68][gc,marking  ] GC(424) Concurrent Mark
[2023-02-09T15:27:08.001+0000][68][gc,marking  ] GC(424) Concurrent Mark From Roots
[2023-02-09T15:27:08.001+0000][68][gc,task     ] GC(424) Using 1 workers of 1 for marking
[2023-02-09T15:27:08.194+0000][68][gc,marking  ] GC(424) Concurrent Mark From Roots 193.091ms
[2023-02-09T15:27:08.194+0000][68][gc,marking  ] GC(424) Concurrent Preclean
[2023-02-09T15:27:08.196+0000][68][gc,marking  ] GC(424) Concurrent Preclean 1.287ms
[2023-02-09T15:27:08.197+0000][68][gc,start    ] GC(424) Pause Remark
[2023-02-09T15:27:08.210+0000][68][gc          ] GC(424) Pause Remark 117M->117M(256M) 13.333ms
[2023-02-09T15:27:08.211+0000][68][gc,cpu      ] GC(424) User=0.03s Sys=0.00s Real=0.02s
[2023-02-09T15:27:08.212+0000][68][safepoint   ] Safepoint "G1PauseRemark", Time since last: 205381794 ns, Reaching safepoint: 302994 ns, At safepoint: 15321076 ns, Total: 15624070 ns
[2023-02-09T15:27:08.213+0000][68][gc,marking  ] GC(424) Concurrent Mark 213.792ms
[2023-02-09T15:27:08.214+0000][68][gc,marking  ] GC(424) Concurrent Rebuild Remembered Sets
[2023-02-09T15:27:08.286+0000][68][gc,marking  ] GC(424) Concurrent Rebuild Remembered Sets 71.635ms
[2023-02-09T15:27:08.287+0000][68][gc,start    ] GC(424) Pause Cleanup
[2023-02-09T15:27:08.288+0000][68][gc          ] GC(424) Pause Cleanup 118M->118M(256M) 1.132ms
[2023-02-09T15:27:08.289+0000][68][gc,cpu      ] GC(424) User=0.00s Sys=0.00s Real=0.00s
[2023-02-09T15:27:08.290+0000][68][safepoint   ] Safepoint "G1PauseCleanup", Time since last: 74780506 ns, Reaching safepoint: 133648 ns, At safepoint: 2651127 ns, Total: 2784775 ns
[2023-02-09T15:27:08.290+0000][68][gc,marking  ] GC(424) Concurrent Cleanup for Next Mark
[2023-02-09T15:27:08.291+0000][68][gc,marking  ] GC(424) Concurrent Cleanup for Next Mark 0.839ms
[2023-02-09T15:27:08.292+0000][68][gc          ] GC(424) Concurrent Mark Cycle 300.924ms
[2023-02-09T15:27:09.291+0000][68][safepoint   ] Safepoint "Cleanup", Time since last: 1000829273 ns, Reaching safepoint: 301937 ns, At safepoint: 44432 ns, Total: 346369 ns
[2023-02-09T15:27:26.285+0000][68][safepoint   ] Safepoint "Cleanup", Time since last: 17016674232 ns, Reaching safepoint: 284018 ns, At safepoint: 9511 ns, Total: 293529 ns
[2023-02-09T15:27:29.290+0000][68][safepoint   ] Safepoint "Cleanup", Time since last: 3004416855 ns, Reaching safepoint: 558762 ns, At safepoint: 14861 ns, Total: 573623 ns
[2023-02-09T15:27:32.296+0000][68][safepoint   ] Safepoint "Cleanup", Time since last: 3005138470 ns, Reaching safepoint: 447951 ns, At safepoint: 18090 ns, Total: 466041 ns
[2023-02-09T15:27:38.185+0000][68][gc,start    ] GC(425) Pause Young (Normal) (G1 Evacuation Pause)
[2023-02-09T15:27:38.185+0000][68][gc,task     ] GC(425) Using 4 workers of 4 for evacuation
[2023-02-09T15:27:38.186+0000][68][gc,age      ] GC(425) Desired survivor size 6291456 bytes, new threshold 15 (max threshold 15)
[2023-02-09T15:27:38.190+0000][68][gc,phases   ] GC(425)   Pre Evacuate Collection Set: 0.1ms
[2023-02-09T15:27:38.191+0000][68][gc,phases   ] GC(425)   Merge Heap Roots: 0.1ms
[2023-02-09T15:27:38.191+0000][68][gc,phases   ] GC(425)   Evacuate Collection Set: 1.9ms
[2023-02-09T15:27:38.192+0000][68][gc,phases   ] GC(425)   Post Evacuate Collection Set: 0.9ms
[2023-02-09T15:27:38.192+0000][68][gc,phases   ] GC(425)   Other: 1.3ms
[2023-02-09T15:27:38.193+0000][68][gc,age      ] GC(425) Age table with threshold 15 (max threshold 15)
[2023-02-09T15:27:38.193+0000][68][gc,age      ] GC(425) - age   1:    1063768 bytes,    1063768 total
[2023-02-09T15:27:38.194+0000][68][gc,age      ] GC(425) - age   2:      17288 bytes,    1081056 total
[2023-02-09T15:27:38.194+0000][68][gc,age      ] GC(425) - age   3:     297056 bytes,    1378112 total
[2023-02-09T15:27:38.195+0000][68][gc,age      ] GC(425) - age   4:      18440 bytes,    1396552 total
[2023-02-09T15:27:38.195+0000][68][gc,age      ] GC(425) - age   5:      71904 bytes,    1468456 total
[2023-02-09T15:27:38.196+0000][68][gc,age      ] GC(425) - age   6:      79936 bytes,    1548392 total
[2023-02-09T15:27:38.196+0000][68][gc,age      ] GC(425) - age   7:     131808 bytes,    1680200 total
[2023-02-09T15:27:38.197+0000][68][gc,age      ] GC(425) - age   9:      10592 bytes,    1690792 total
[2023-02-09T15:27:38.197+0000][68][gc,age      ] GC(425) - age  10:        232 bytes,    1691024 total
[2023-02-09T15:27:38.197+0000][68][gc,age      ] GC(425) - age  11:      10696 bytes,    1701720 total
[2023-02-09T15:27:38.198+0000][68][gc,age      ] GC(425) - age  12:      52400 bytes,    1754120 total
[2023-02-09T15:27:38.198+0000][68][gc,age      ] GC(425) - age  13:       8200 bytes,    1762320 total
[2023-02-09T15:27:38.199+0000][68][gc,age      ] GC(425) - age  14:      63592 bytes,    1825912 total
[2023-02-09T15:27:38.199+0000][68][gc,age      ] GC(425) - age  15:       3672 bytes,    1829584 total
[2023-02-09T15:27:38.199+0000][68][gc,heap     ] GC(425) Eden regions: 22->0(22)
[2023-02-09T15:27:38.200+0000][68][gc,heap     ] GC(425) Survivor regions: 1->1(3)
[2023-02-09T15:27:38.200+0000][68][gc,heap     ] GC(425) Old regions: 26->26
[2023-02-09T15:27:38.201+0000][68][gc,heap     ] GC(425) Archive regions: 2->2
[2023-02-09T15:27:38.202+0000][68][gc,heap     ] GC(425) Humongous regions: 2->2
[2023-02-09T15:27:38.202+0000][68][gc,metaspace] GC(425) Metaspace: 143220K(146304K)->143220K(146304K) NonClass: 125030K(126272K)->125030K(126272K) Class: 18190K(20032K)->18190K(20032K)
[2023-02-09T15:27:38.203+0000][68][gc          ] GC(425) Pause Young (Normal) (G1 Evacuation Pause) 203M->115M(256M) 18.607ms
[2023-02-09T15:27:38.204+0000][68][gc,cpu      ] GC(425) User=0.01s Sys=0.00s Real=0.01s
[2023-02-09T15:27:38.204+0000][68][safepoint   ] Safepoint "G1CollectForAllocation", Time since last: 5888919310 ns, Reaching safepoint: 136188 ns, At safepoint: 19865083 ns, Total: 20001271 ns
[2023-02-09T15:27:40.208+0000][68][safepoint   ] Safepoint "Cleanup", Time since last: 2003026286 ns, Reaching safepoint: 351770 ns, At safepoint: 12751 ns, Total: 364521 ns
[2023-02-09T15:27:56.205+0000][68][safepoint   ] Safepoint "Cleanup", Time since last: 16017769811 ns, Reaching safepoint: 331548 ns, At safepoint: 10149 ns, Total: 341697 ns
[2023-02-09T15:28:01.895+0000][68][gc,start    ] GC(426) Pause Young (Concurrent Start) (G1 Evacuation Pause)
[2023-02-09T15:28:01.896+0000][68][gc,task     ] GC(426) Using 4 workers of 4 for evacuation
[2023-02-09T15:28:01.896+0000][68][gc,age      ] GC(426) Desired survivor size 6291456 bytes, new threshold 15 (max threshold 15)
[2023-02-09T15:28:01.900+0000][68][gc,phases   ] GC(426)   Pre Evacuate Collection Set: 0.3ms
[2023-02-09T15:28:01.901+0000][68][gc,phases   ] GC(426)   Merge Heap Roots: 0.1ms
[2023-02-09T15:28:01.902+0000][68][gc,phases   ] GC(426)   Evacuate Collection Set: 1.7ms
[2023-02-09T15:28:01.902+0000][68][gc,phases   ] GC(426)   Post Evacuate Collection Set: 1.1ms
[2023-02-09T15:28:01.903+0000][68][gc,phases   ] GC(426)   Other: 1.1ms
[2023-02-09T15:28:01.903+0000][68][gc,age      ] GC(426) Age table with threshold 15 (max threshold 15)
[2023-02-09T15:28:01.904+0000][68][gc,age      ] GC(426) - age   1:    1766640 bytes,    1766640 total
[2023-02-09T15:28:01.904+0000][68][gc,age      ] GC(426) - age   2:       9136 bytes,    1775776 total
[2023-02-09T15:28:01.904+0000][68][gc,age      ] GC(426) - age   3:       6360 bytes,    1782136 total
[2023-02-09T15:28:01.905+0000][68][gc,age      ] GC(426) - age   4:     189080 bytes,    1971216 total
[2023-02-09T15:28:01.905+0000][68][gc,age      ] GC(426) - age   5:      18416 bytes,    1989632 total
[2023-02-09T15:28:01.906+0000][68][gc,age      ] GC(426) - age   6:      71872 bytes,    2061504 total
[2023-02-09T15:28:01.906+0000][68][gc,age      ] GC(426) - age   7:      79936 bytes,    2141440 total
[2023-02-09T15:28:01.907+0000][68][gc,age      ] GC(426) - age   8:     131784 bytes,    2273224 total
[2023-02-09T15:28:01.907+0000][68][gc,age      ] GC(426) - age  10:      10592 bytes,    2283816 total
[2023-02-09T15:28:01.908+0000][68][gc,age      ] GC(426) - age  11:        232 bytes,    2284048 total
[2023-02-09T15:28:01.908+0000][68][gc,age      ] GC(426) - age  12:      10696 bytes,    2294744 total
[2023-02-09T15:28:01.909+0000][68][gc,age      ] GC(426) - age  13:      52400 bytes,    2347144 total
[2023-02-09T15:28:01.909+0000][68][gc,age      ] GC(426) - age  14:       8200 bytes,    2355344 total
[2023-02-09T15:28:01.909+0000][68][gc,age      ] GC(426) - age  15:      63592 bytes,    2418936 total
[2023-02-09T15:28:01.910+0000][68][gc,heap     ] GC(426) Eden regions: 22->0(22)
[2023-02-09T15:28:01.910+0000][68][gc,heap     ] GC(426) Survivor regions: 1->1(3)
[2023-02-09T15:28:01.911+0000][68][gc,heap     ] GC(426) Old regions: 26->26
[2023-02-09T15:28:01.911+0000][68][gc,heap     ] GC(426) Archive regions: 2->2
[2023-02-09T15:28:01.912+0000][68][gc,heap     ] GC(426) Humongous regions: 2->2
[2023-02-09T15:28:01.913+0000][68][gc,metaspace] GC(426) Metaspace: 143224K(146304K)->143224K(146304K) NonClass: 125034K(126272K)->125034K(126272K) Class: 18190K(20032K)->18190K(20032K)
[2023-02-09T15:28:01.913+0000][68][gc          ] GC(426) Pause Young (Concurrent Start) (G1 Evacuation Pause) 203M->116M(256M) 18.329ms
[2023-02-09T15:28:01.914+0000][68][gc,cpu      ] GC(426) User=0.01s Sys=0.00s Real=0.02s
[2023-02-09T15:28:01.914+0000][68][gc          ] GC(427) Concurrent Mark Cycle
[2023-02-09T15:28:01.915+0000][68][gc,marking  ] GC(427) Concurrent Clear Claimed Marks
[2023-02-09T15:28:01.917+0000][68][gc,marking  ] GC(427) Concurrent Clear Claimed Marks 1.208ms
[2023-02-09T15:28:01.917+0000][68][gc,marking  ] GC(427) Concurrent Scan Root Regions
[2023-02-09T15:28:01.915+0000][68][safepoint   ] Safepoint "G1CollectForAllocation", Time since last: 5690104290 ns, Reaching safepoint: 69742 ns, At safepoint: 20078405 ns, Total: 20148147 ns
[2023-02-09T15:28:01.920+0000][68][gc,marking  ] GC(427) Concurrent Scan Root Regions 3.188ms
[2023-02-09T15:28:01.921+0000][68][gc,marking  ] GC(427) Concurrent Mark
[2023-02-09T15:28:01.922+0000][68][gc,marking  ] GC(427) Concurrent Mark From Roots
[2023-02-09T15:28:01.922+0000][68][gc,task     ] GC(427) Using 1 workers of 1 for marking
[2023-02-09T15:28:02.127+0000][68][gc,marking  ] GC(427) Concurrent Mark From Roots 204.760ms
[2023-02-09T15:28:02.127+0000][68][gc,marking  ] GC(427) Concurrent Preclean
[2023-02-09T15:28:02.128+0000][68][gc,marking  ] GC(427) Concurrent Preclean 1.173ms
[2023-02-09T15:28:02.129+0000][68][gc,start    ] GC(427) Pause Remark
[2023-02-09T15:28:02.143+0000][68][gc          ] GC(427) Pause Remark 118M->118M(256M) 13.470ms
[2023-02-09T15:28:02.144+0000][68][gc,cpu      ] GC(427) User=0.04s Sys=0.00s Real=0.02s
[2023-02-09T15:28:02.145+0000][68][safepoint   ] Safepoint "G1PauseRemark", Time since last: 214070248 ns, Reaching safepoint: 280169 ns, At safepoint: 15493548 ns, Total: 15773717 ns
[2023-02-09T15:28:02.146+0000][68][gc,marking  ] GC(427) Concurrent Mark 224.568ms
[2023-02-09T15:28:02.146+0000][68][gc,marking  ] GC(427) Concurrent Rebuild Remembered Sets
[2023-02-09T15:28:02.216+0000][68][gc,marking  ] GC(427) Concurrent Rebuild Remembered Sets 69.580ms
[2023-02-09T15:28:02.217+0000][68][gc,start    ] GC(427) Pause Cleanup
[2023-02-09T15:28:02.218+0000][68][gc          ] GC(427) Pause Cleanup 119M->119M(256M) 0.537ms
[2023-02-09T15:28:02.218+0000][68][gc,cpu      ] GC(427) User=0.00s Sys=0.00s Real=0.00s
[2023-02-09T15:28:02.219+0000][68][safepoint   ] Safepoint "G1PauseCleanup", Time since last: 72076683 ns, Reaching safepoint: 211559 ns, At safepoint: 1428918 ns, Total: 1640477 ns
[2023-02-09T15:28:02.219+0000][68][gc,marking  ] GC(427) Concurrent Cleanup for Next Mark
[2023-02-09T15:28:02.220+0000][68][gc,marking  ] GC(427) Concurrent Cleanup for Next Mark 0.751ms
[2023-02-09T15:28:02.220+0000][68][gc          ] GC(427) Concurrent Mark Cycle 306.090ms
[2023-02-09T15:28:31.921+0000][68][gc,start    ] GC(428) Pause Young (Normal) (G1 Evacuation Pause)
[2023-02-09T15:28:31.921+0000][68][gc,task     ] GC(428) Using 4 workers of 4 for evacuation
[2023-02-09T15:28:31.922+0000][68][gc,age      ] GC(428) Desired survivor size 6291456 bytes, new threshold 15 (max threshold 15)
[2023-02-09T15:28:31.929+0000][68][gc,phases   ] GC(428)   Pre Evacuate Collection Set: 0.2ms
[2023-02-09T15:28:31.930+0000][68][gc,phases   ] GC(428)   Merge Heap Roots: 0.1ms
[2023-02-09T15:28:31.931+0000][68][gc,phases   ] GC(428)   Evacuate Collection Set: 5.2ms
[2023-02-09T15:28:31.932+0000][68][gc,phases   ] GC(428)   Post Evacuate Collection Set: 1.0ms
[2023-02-09T15:28:31.932+0000][68][gc,phases   ] GC(428)   Other: 1.5ms
[2023-02-09T15:28:31.933+0000][68][gc,age      ] GC(428) Age table with threshold 15 (max threshold 15)
[2023-02-09T15:28:31.933+0000][68][gc,age      ] GC(428) - age   1:    1457080 bytes,    1457080 total
[2023-02-09T15:28:31.934+0000][68][gc,age      ] GC(428) - age   2:     467600 bytes,    1924680 total
[2023-02-09T15:28:31.935+0000][68][gc,age      ] GC(428) - age   3:        624 bytes,    1925304 total
[2023-02-09T15:28:31.935+0000][68][gc,age      ] GC(428) - age   4:       6104 bytes,    1931408 total
[2023-02-09T15:28:31.935+0000][68][gc,age      ] GC(428) - age   5:     188784 bytes,    2120192 total
[2023-02-09T15:28:31.936+0000][68][gc,age      ] GC(428) - age   6:      18416 bytes,    2138608 total
[2023-02-09T15:28:31.937+0000][68][gc,age      ] GC(428) - age   7:      55720 bytes,    2194328 total
[2023-02-09T15:28:31.938+0000][68][gc,age      ] GC(428) - age   8:      63368 bytes,    2257696 total
[2023-02-09T15:28:31.938+0000][68][gc,age      ] GC(428) - age   9:     131600 bytes,    2389296 total
[2023-02-09T15:28:31.939+0000][68][gc,age      ] GC(428) - age  11:      10392 bytes,    2399688 total
[2023-02-09T15:28:31.940+0000][68][gc,age      ] GC(428) - age  12:        232 bytes,    2399920 total
[2023-02-09T15:28:31.940+0000][68][gc,age      ] GC(428) - age  13:      10696 bytes,    2410616 total
[2023-02-09T15:28:31.941+0000][68][gc,age      ] GC(428) - age  14:      52400 bytes,    2463016 total
[2023-02-09T15:28:31.942+0000][68][gc,age      ] GC(428) - age  15:       8200 bytes,    2471216 total
[2023-02-09T15:28:31.942+0000][68][gc,heap     ] GC(428) Eden regions: 22->0(22)
[2023-02-09T15:28:31.943+0000][68][gc,heap     ] GC(428) Survivor regions: 1->1(3)
[2023-02-09T15:28:31.943+0000][68][gc,heap     ] GC(428) Old regions: 26->26
[2023-02-09T15:28:31.944+0000][68][gc,heap     ] GC(428) Archive regions: 2->2
[2023-02-09T15:28:31.945+0000][68][gc,heap     ] GC(428) Humongous regions: 2->2
[2023-02-09T15:28:31.945+0000][68][gc,metaspace] GC(428) Metaspace: 143226K(146304K)->143226K(146304K) NonClass: 125035K(126272K)->125035K(126272K) Class: 18190K(20032K)->18190K(20032K)
[2023-02-09T15:28:31.946+0000][68][gc          ] GC(428) Pause Young (Normal) (G1 Evacuation Pause) 204M->116M(256M) 24.887ms
[2023-02-09T15:28:31.946+0000][68][gc,cpu      ] GC(428) User=0.02s Sys=0.00s Real=0.03s
[2023-02-09T15:28:31.947+0000][68][safepoint   ] Safepoint "G1CollectForAllocation", Time since last: 29723902876 ns, Reaching safepoint: 121886 ns, At safepoint: 26122453 ns, Total: 26244339 ns
[2023-02-09T15:28:33.952+0000][68][safepoint   ] Safepoint "Cleanup", Time since last: 2004641530 ns, Reaching safepoint: 642253 ns, At safepoint: 27930 ns, Total: 670183 ns
[2023-02-09T15:29:01.873+0000][68][gc,start    ] GC(429) Pause Young (Concurrent Start) (G1 Evacuation Pause)
[2023-02-09T15:29:01.874+0000][68][gc,task     ] GC(429) Using 4 workers of 4 for evacuation
[2023-02-09T15:29:01.874+0000][68][gc,age      ] GC(429) Desired survivor size 6291456 bytes, new threshold 15 (max threshold 15)
[2023-02-09T15:29:01.877+0000][68][gc,phases   ] GC(429)   Pre Evacuate Collection Set: 0.3ms
[2023-02-09T15:29:01.878+0000][68][gc,phases   ] GC(429)   Merge Heap Roots: 0.1ms
[2023-02-09T15:29:01.878+0000][68][gc,phases   ] GC(429)   Evacuate Collection Set: 1.5ms
[2023-02-09T15:29:01.879+0000][68][gc,phases   ] GC(429)   Post Evacuate Collection Set: 0.7ms
[2023-02-09T15:29:01.879+0000][68][gc,phases   ] GC(429)   Other: 1.0ms
[2023-02-09T15:29:01.880+0000][68][gc,age      ] GC(429) Age table with threshold 15 (max threshold 15)
[2023-02-09T15:29:01.880+0000][68][gc,age      ] GC(429) - age   1:    1724976 bytes,    1724976 total
[2023-02-09T15:29:01.881+0000][68][gc,age      ] GC(429) - age   2:      12224 bytes,    1737200 total
[2023-02-09T15:29:01.881+0000][68][gc,age      ] GC(429) - age   3:     458824 bytes,    2196024 total
[2023-02-09T15:29:01.881+0000][68][gc,age      ] GC(429) - age   4:        368 bytes,    2196392 total
[2023-02-09T15:29:01.882+0000][68][gc,age      ] GC(429) - age   5:       5856 bytes,    2202248 total
[2023-02-09T15:29:01.882+0000][68][gc,age      ] GC(429) - age   6:     188360 bytes,    2390608 total
[2023-02-09T15:29:01.883+0000][68][gc,age      ] GC(429) - age   7:      18352 bytes,    2408960 total
[2023-02-09T15:29:01.884+0000][68][gc,age      ] GC(429) - age   8:      55720 bytes,    2464680 total
[2023-02-09T15:29:01.884+0000][68][gc,age      ] GC(429) - age   9:      63368 bytes,    2528048 total
[2023-02-09T15:29:01.885+0000][68][gc,age      ] GC(429) - age  10:     131600 bytes,    2659648 total
[2023-02-09T15:29:01.886+0000][68][gc,age      ] GC(429) - age  12:      10360 bytes,    2670008 total
[2023-02-09T15:29:01.888+0000][68][gc,age      ] GC(429) - age  13:        232 bytes,    2670240 total
[2023-02-09T15:29:01.888+0000][68][gc,age      ] GC(429) - age  14:      10696 bytes,    2680936 total
[2023-02-09T15:29:01.889+0000][68][gc,age      ] GC(429) - age  15:      52400 bytes,    2733336 total
[2023-02-09T15:29:01.889+0000][68][gc,heap     ] GC(429) Eden regions: 22->0(21)
[2023-02-09T15:29:01.890+0000][68][gc,heap     ] GC(429) Survivor regions: 1->1(3)
[2023-02-09T15:29:01.890+0000][68][gc,heap     ] GC(429) Old regions: 26->26
[2023-02-09T15:29:01.891+0000][68][gc,heap     ] GC(429) Archive regions: 2->2
[2023-02-09T15:29:01.891+0000][68][gc,heap     ] GC(429) Humongous regions: 2->2
[2023-02-09T15:29:01.892+0000][68][gc,metaspace] GC(429) Metaspace: 143226K(146304K)->143226K(146304K) NonClass: 125035K(126272K)->125035K(126272K) Class: 18190K(20032K)->18190K(20032K)
[2023-02-09T15:29:01.892+0000][68][gc          ] GC(429) Pause Young (Concurrent Start) (G1 Evacuation Pause) 204M->116M(256M) 19.011ms
[2023-02-09T15:29:01.893+0000][68][gc,cpu      ] GC(429) User=0.01s Sys=0.00s Real=0.02s
[2023-02-09T15:29:01.893+0000][68][gc          ] GC(430) Concurrent Mark Cycle
[2023-02-09T15:29:01.895+0000][68][gc,marking  ] GC(430) Concurrent Clear Claimed Marks
[2023-02-09T15:29:01.893+0000][68][safepoint   ] Safepoint "G1CollectForAllocation", Time since last: 27941967569 ns, Reaching safepoint: 363015 ns, At safepoint: 20112159 ns, Total: 20475174 ns
[2023-02-09T15:29:01.896+0000][68][gc,marking  ] GC(430) Concurrent Clear Claimed Marks 1.715ms
[2023-02-09T15:29:01.898+0000][68][gc,marking  ] GC(430) Concurrent Scan Root Regions
[2023-02-09T15:29:01.900+0000][68][gc,marking  ] GC(430) Concurrent Scan Root Regions 2.814ms
[2023-02-09T15:29:01.901+0000][68][gc,marking  ] GC(430) Concurrent Mark
[2023-02-09T15:29:01.902+0000][68][gc,marking  ] GC(430) Concurrent Mark From Roots
[2023-02-09T15:29:01.902+0000][68][gc,task     ] GC(430) Using 1 workers of 1 for marking
[2023-02-09T15:29:02.105+0000][68][gc,marking  ] GC(430) Concurrent Mark From Roots 203.315ms
[2023-02-09T15:29:02.105+0000][68][gc,marking  ] GC(430) Concurrent Preclean
[2023-02-09T15:29:02.106+0000][68][gc,marking  ] GC(430) Concurrent Preclean 0.876ms
[2023-02-09T15:29:02.107+0000][68][gc,start    ] GC(430) Pause Remark
[2023-02-09T15:29:02.119+0000][68][gc          ] GC(430) Pause Remark 120M->120M(256M) 12.089ms
[2023-02-09T15:29:02.121+0000][68][gc,cpu      ] GC(430) User=0.04s Sys=0.00s Real=0.02s
[2023-02-09T15:29:02.122+0000][68][safepoint   ] Safepoint "G1PauseRemark", Time since last: 213888438 ns, Reaching safepoint: 90537 ns, At safepoint: 15338159 ns, Total: 15428696 ns
[2023-02-09T15:29:02.124+0000][68][gc,marking  ] GC(430) Concurrent Mark 222.928ms
[2023-02-09T15:29:02.125+0000][68][gc,marking  ] GC(430) Concurrent Rebuild Remembered Sets
[2023-02-09T15:29:02.211+0000][68][gc,marking  ] GC(430) Concurrent Rebuild Remembered Sets 85.855ms
[2023-02-09T15:29:02.212+0000][68][gc,start    ] GC(430) Pause Cleanup
[2023-02-09T15:29:02.214+0000][68][gc          ] GC(430) Pause Cleanup 121M->121M(256M) 1.417ms
[2023-02-09T15:29:02.214+0000][68][gc,cpu      ] GC(430) User=0.00s Sys=0.00s Real=0.00s
[2023-02-09T15:29:02.215+0000][68][safepoint   ] Safepoint "G1PauseCleanup", Time since last: 89661892 ns, Reaching safepoint: 220675 ns, At safepoint: 2943600 ns, Total: 3164275 ns
[2023-02-09T15:29:02.216+0000][68][gc,marking  ] GC(430) Concurrent Cleanup for Next Mark
[2023-02-09T15:29:02.217+0000][68][gc,marking  ] GC(430) Concurrent Cleanup for Next Mark 0.961ms
[2023-02-09T15:29:02.218+0000][68][gc          ] GC(430) Concurrent Mark Cycle 325.186ms
[2023-02-09T15:29:03.217+0000][68][safepoint   ] Safepoint "Cleanup", Time since last: 1001077562 ns, Reaching safepoint: 262865 ns, At safepoint: 12353 ns, Total: 275218 ns
[2023-02-09T15:29:27.275+0000][68][gc,start    ] GC(431) Pause Young (Normal) (G1 Evacuation Pause)
[2023-02-09T15:29:27.276+0000][68][gc,task     ] GC(431) Using 4 workers of 4 for evacuation
[2023-02-09T15:29:27.278+0000][68][gc,age      ] GC(431) Desired survivor size 6291456 bytes, new threshold 15 (max threshold 15)
[2023-02-09T15:29:27.283+0000][68][gc,phases   ] GC(431)   Pre Evacuate Collection Set: 0.1ms
[2023-02-09T15:29:27.284+0000][68][gc,phases   ] GC(431)   Merge Heap Roots: 0.1ms
[2023-02-09T15:29:27.285+0000][68][gc,phases   ] GC(431)   Evacuate Collection Set: 2.7ms
[2023-02-09T15:29:27.286+0000][68][gc,phases   ] GC(431)   Post Evacuate Collection Set: 1.5ms
[2023-02-09T15:29:27.287+0000][68][gc,phases   ] GC(431)   Other: 2.7ms
[2023-02-09T15:29:27.288+0000][68][gc,age      ] GC(431) Age table with threshold 15 (max threshold 15)
[2023-02-09T15:29:27.289+0000][68][gc,age      ] GC(431) - age   1:    1634544 bytes,    1634544 total
[2023-02-09T15:29:27.289+0000][68][gc,age      ] GC(431) - age   2:      22400 bytes,    1656944 total
[2023-02-09T15:29:27.290+0000][68][gc,age      ] GC(431) - age   3:      10576 bytes,    1667520 total
[2023-02-09T15:29:27.291+0000][68][gc,age      ] GC(431) - age   4:     458104 bytes,    2125624 total
[2023-02-09T15:29:27.291+0000][68][gc,age      ] GC(431) - age   5:        368 bytes,    2125992 total
[2023-02-09T15:29:27.292+0000][68][gc,age      ] GC(431) - age   6:       5856 bytes,    2131848 total
[2023-02-09T15:29:27.292+0000][68][gc,age      ] GC(431) - age   7:     188360 bytes,    2320208 total
[2023-02-09T15:29:27.293+0000][68][gc,age      ] GC(431) - age   8:      18352 bytes,    2338560 total
[2023-02-09T15:29:27.294+0000][68][gc,age      ] GC(431) - age   9:      55720 bytes,    2394280 total
[2023-02-09T15:29:27.294+0000][68][gc,age      ] GC(431) - age  10:      63368 bytes,    2457648 total
[2023-02-09T15:29:27.295+0000][68][gc,age      ] GC(431) - age  11:     131600 bytes,    2589248 total
[2023-02-09T15:29:27.296+0000][68][gc,age      ] GC(431) - age  13:      10360 bytes,    2599608 total
[2023-02-09T15:29:27.296+0000][68][gc,age      ] GC(431) - age  14:        232 bytes,    2599840 total
[2023-02-09T15:29:27.297+0000][68][gc,age      ] GC(431) - age  15:      10696 bytes,    2610536 total
[2023-02-09T15:29:27.298+0000][68][gc,heap     ] GC(431) Eden regions: 21->0(21)
[2023-02-09T15:29:27.298+0000][68][gc,heap     ] GC(431) Survivor regions: 1->1(3)
[2023-02-09T15:29:27.299+0000][68][gc,heap     ] GC(431) Old regions: 26->26
[2023-02-09T15:29:27.300+0000][68][gc,heap     ] GC(431) Archive regions: 2->2
[2023-02-09T15:29:27.301+0000][68][gc,heap     ] GC(431) Humongous regions: 2->2
[2023-02-09T15:29:27.302+0000][68][gc,metaspace] GC(431) Metaspace: 143230K(146304K)->143230K(146304K) NonClass: 125040K(126272K)->125040K(126272K) Class: 18190K(20032K)->18190K(20032K)
[2023-02-09T15:29:27.302+0000][68][gc          ] GC(431) Pause Young (Normal) (G1 Evacuation Pause) 200M->116M(256M) 27.122ms
[2023-02-09T15:29:27.303+0000][68][gc,cpu      ] GC(431) User=0.01s Sys=0.00s Real=0.02s
[2023-02-09T15:29:27.304+0000][68][safepoint   ] Safepoint "G1CollectForAllocation", Time since last: 24083021567 ns, Reaching safepoint: 104672 ns, At safepoint: 28715084 ns, Total: 28819756 ns
[2023-02-09T15:29:53.307+0000][68][safepoint   ] Safepoint "Cleanup", Time since last: 26027619024 ns, Reaching safepoint: 324494 ns, At safepoint: 12077 ns, Total: 336571 ns
[2023-02-09T15:29:55.831+0000][68][gc,start    ] GC(432) Pause Young (Concurrent Start) (G1 Evacuation Pause)
[2023-02-09T15:29:55.833+0000][68][gc,task     ] GC(432) Using 4 workers of 4 for evacuation
[2023-02-09T15:29:55.833+0000][68][gc,age      ] GC(432) Desired survivor size 6291456 bytes, new threshold 15 (max threshold 15)
[2023-02-09T15:29:55.838+0000][68][gc,phases   ] GC(432)   Pre Evacuate Collection Set: 0.5ms
[2023-02-09T15:29:55.839+0000][68][gc,phases   ] GC(432)   Merge Heap Roots: 0.1ms
[2023-02-09T15:29:55.840+0000][68][gc,phases   ] GC(432)   Evacuate Collection Set: 2.1ms
[2023-02-09T15:29:55.841+0000][68][gc,phases   ] GC(432)   Post Evacuate Collection Set: 0.9ms
[2023-02-09T15:29:55.841+0000][68][gc,phases   ] GC(432)   Other: 2.2ms
[2023-02-09T15:29:55.842+0000][68][gc,age      ] GC(432) Age table with threshold 15 (max threshold 15)
[2023-02-09T15:29:55.843+0000][68][gc,age      ] GC(432) - age   1:     292400 bytes,     292400 total
[2023-02-09T15:29:55.844+0000][68][gc,age      ] GC(432) - age   2:       5240 bytes,     297640 total
[2023-02-09T15:29:55.844+0000][68][gc,age      ] GC(432) - age   3:      19736 bytes,     317376 total
[2023-02-09T15:29:55.845+0000][68][gc,age      ] GC(432) - age   4:       9936 bytes,     327312 total
[2023-02-09T15:29:55.846+0000][68][gc,age      ] GC(432) - age   5:     457976 bytes,     785288 total
[2023-02-09T15:29:55.847+0000][68][gc,age      ] GC(432) - age   6:        304 bytes,     785592 total
[2023-02-09T15:29:55.847+0000][68][gc,age      ] GC(432) - age   7:       2120 bytes,     787712 total
[2023-02-09T15:29:55.848+0000][68][gc,age      ] GC(432) - age   8:     188040 bytes,     975752 total
[2023-02-09T15:29:55.849+0000][68][gc,age      ] GC(432) - age   9:      18352 bytes,     994104 total
[2023-02-09T15:29:55.849+0000][68][gc,age      ] GC(432) - age  10:      55720 bytes,    1049824 total
[2023-02-09T15:29:55.849+0000][68][gc,age      ] GC(432) - age  11:      63368 bytes,    1113192 total
[2023-02-09T15:29:55.850+0000][68][gc,age      ] GC(432) - age  12:     131600 bytes,    1244792 total
[2023-02-09T15:29:55.850+0000][68][gc,age      ] GC(432) - age  14:      10360 bytes,    1255152 total
[2023-02-09T15:29:55.851+0000][68][gc,age      ] GC(432) - age  15:        232 bytes,    1255384 total
[2023-02-09T15:29:55.851+0000][68][gc,heap     ] GC(432) Eden regions: 21->0(22)
[2023-02-09T15:29:55.852+0000][68][gc,heap     ] GC(432) Survivor regions: 1->1(3)
[2023-02-09T15:29:55.852+0000][68][gc,heap     ] GC(432) Old regions: 26->26
[2023-02-09T15:29:55.853+0000][68][gc,heap     ] GC(432) Archive regions: 2->2
[2023-02-09T15:29:55.853+0000][68][gc,heap     ] GC(432) Humongous regions: 2->2
[2023-02-09T15:29:55.854+0000][68][gc,metaspace] GC(432) Metaspace: 143230K(146304K)->143230K(146304K) NonClass: 125040K(126272K)->125040K(126272K) Class: 18190K(20032K)->18190K(20032K)
[2023-02-09T15:29:55.854+0000][68][gc          ] GC(432) Pause Young (Concurrent Start) (G1 Evacuation Pause) 200M->115M(256M) 22.789ms
[2023-02-09T15:29:55.855+0000][68][gc,cpu      ] GC(432) User=0.01s Sys=0.00s Real=0.02s
[2023-02-09T15:29:55.855+0000][68][gc          ] GC(433) Concurrent Mark Cycle
[2023-02-09T15:29:55.856+0000][68][gc,marking  ] GC(433) Concurrent Clear Claimed Marks
[2023-02-09T15:29:55.855+0000][68][safepoint   ] Safepoint "G1CollectForAllocation", Time since last: 2524356717 ns, Reaching safepoint: 113045 ns, At safepoint: 23891503 ns, Total: 24004548 ns
[2023-02-09T15:29:55.856+0000][68][gc,marking  ] GC(433) Concurrent Clear Claimed Marks 0.638ms
[2023-02-09T15:29:55.857+0000][68][gc,marking  ] GC(433) Concurrent Scan Root Regions
[2023-02-09T15:29:55.861+0000][68][gc,marking  ] GC(433) Concurrent Scan Root Regions 3.191ms
[2023-02-09T15:29:55.862+0000][68][gc,marking  ] GC(433) Concurrent Mark
[2023-02-09T15:29:55.862+0000][68][gc,marking  ] GC(433) Concurrent Mark From Roots
[2023-02-09T15:29:55.863+0000][68][gc,task     ] GC(433) Using 1 workers of 1 for marking
[2023-02-09T15:29:55.994+0000][68][gc,marking  ] GC(433) Concurrent Mark From Roots 131.925ms
[2023-02-09T15:29:55.995+0000][68][gc,marking  ] GC(433) Concurrent Preclean
[2023-02-09T15:29:55.996+0000][68][gc,marking  ] GC(433) Concurrent Preclean 1.133ms
[2023-02-09T15:29:55.998+0000][68][gc,start    ] GC(433) Pause Remark
[2023-02-09T15:29:56.013+0000][68][gc          ] GC(433) Pause Remark 119M->119M(256M) 15.640ms
[2023-02-09T15:29:56.015+0000][68][gc,cpu      ] GC(433) User=0.05s Sys=0.00s Real=0.02s
[2023-02-09T15:29:56.015+0000][68][safepoint   ] Safepoint "G1PauseRemark", Time since last: 142096240 ns, Reaching safepoint: 453015 ns, At safepoint: 17626681 ns, Total: 18079696 ns
[2023-02-09T15:29:56.016+0000][68][gc,marking  ] GC(433) Concurrent Mark 154.025ms
[2023-02-09T15:29:56.017+0000][68][gc,marking  ] GC(433) Concurrent Rebuild Remembered Sets
[2023-02-09T15:29:56.076+0000][68][gc,marking  ] GC(433) Concurrent Rebuild Remembered Sets 59.113ms
[2023-02-09T15:29:56.077+0000][68][gc,start    ] GC(433) Pause Cleanup
[2023-02-09T15:29:56.078+0000][68][gc          ] GC(433) Pause Cleanup 119M->119M(256M) 0.738ms
[2023-02-09T15:29:56.078+0000][68][gc,cpu      ] GC(433) User=0.00s Sys=0.00s Real=0.00s
[2023-02-09T15:29:56.079+0000][68][safepoint   ] Safepoint "G1PauseCleanup", Time since last: 61542767 ns, Reaching safepoint: 194225 ns, At safepoint: 1731376 ns, Total: 1925601 ns
[2023-02-09T15:29:56.079+0000][68][gc,marking  ] GC(433) Concurrent Cleanup for Next Mark
[2023-02-09T15:29:56.080+0000][68][gc,marking  ] GC(433) Concurrent Cleanup for Next Mark 0.673ms
[2023-02-09T15:29:56.081+0000][68][gc          ] GC(433) Concurrent Mark Cycle 225.867ms
[2023-02-09T15:30:03.086+0000][68][safepoint   ] Safepoint "Cleanup", Time since last: 7006936234 ns, Reaching safepoint: 221242 ns, At safepoint: 11282 ns, Total: 232524 ns
[2023-02-09T15:30:14.103+0000][68][safepoint   ] Safepoint "Cleanup", Time since last: 11016694411 ns, Reaching safepoint: 90706 ns, At safepoint: 27288 ns, Total: 117994 ns
[2023-02-09T15:30:21.314+0000][68][gc,start    ] GC(434) Pause Young (Normal) (G1 Evacuation Pause)
[2023-02-09T15:30:21.315+0000][68][gc,task     ] GC(434) Using 4 workers of 4 for evacuation
[2023-02-09T15:30:21.316+0000][68][gc,age      ] GC(434) Desired survivor size 6291456 bytes, new threshold 15 (max threshold 15)
[2023-02-09T15:30:21.319+0000][68][gc,phases   ] GC(434)   Pre Evacuate Collection Set: 0.2ms
[2023-02-09T15:30:21.319+0000][68][gc,phases   ] GC(434)   Merge Heap Roots: 0.2ms
[2023-02-09T15:30:21.320+0000][68][gc,phases   ] GC(434)   Evacuate Collection Set: 1.1ms
[2023-02-09T15:30:21.320+0000][68][gc,phases   ] GC(434)   Post Evacuate Collection Set: 0.9ms
[2023-02-09T15:30:21.321+0000][68][gc,phases   ] GC(434)   Other: 1.2ms
[2023-02-09T15:30:21.321+0000][68][gc,age      ] GC(434) Age table with threshold 15 (max threshold 15)
[2023-02-09T15:30:21.322+0000][68][gc,age      ] GC(434) - age   1:     537024 bytes,     537024 total
[2023-02-09T15:30:21.323+0000][68][gc,age      ] GC(434) - age   2:       7136 bytes,     544160 total
[2023-02-09T15:30:21.323+0000][68][gc,age      ] GC(434) - age   3:       3256 bytes,     547416 total
[2023-02-09T15:30:21.324+0000][68][gc,age      ] GC(434) - age   4:      19264 bytes,     566680 total
[2023-02-09T15:30:21.325+0000][68][gc,age      ] GC(434) - age   5:       9936 bytes,     576616 total
[2023-02-09T15:30:21.325+0000][68][gc,age      ] GC(434) - age   6:     457912 bytes,    1034528 total
[2023-02-09T15:30:21.326+0000][68][gc,age      ] GC(434) - age   7:        304 bytes,    1034832 total
[2023-02-09T15:30:21.326+0000][68][gc,age      ] GC(434) - age   8:       2120 bytes,    1036952 total
[2023-02-09T15:30:21.328+0000][68][gc,age      ] GC(434) - age   9:     188040 bytes,    1224992 total
[2023-02-09T15:30:21.328+0000][68][gc,age      ] GC(434) - age  10:      18352 bytes,    1243344 total
[2023-02-09T15:30:21.328+0000][68][gc,age      ] GC(434) - age  11:      55720 bytes,    1299064 total
[2023-02-09T15:30:21.329+0000][68][gc,age      ] GC(434) - age  12:      63368 bytes,    1362432 total
[2023-02-09T15:30:21.329+0000][68][gc,age      ] GC(434) - age  13:     131304 bytes,    1493736 total
[2023-02-09T15:30:21.330+0000][68][gc,age      ] GC(434) - age  15:      10360 bytes,    1504096 total
[2023-02-09T15:30:21.330+0000][68][gc,heap     ] GC(434) Eden regions: 22->0(22)
[2023-02-09T15:30:21.330+0000][68][gc,heap     ] GC(434) Survivor regions: 1->1(3)
[2023-02-09T15:30:21.331+0000][68][gc,heap     ] GC(434) Old regions: 26->26
[2023-02-09T15:30:21.331+0000][68][gc,heap     ] GC(434) Archive regions: 2->2
[2023-02-09T15:30:21.332+0000][68][gc,heap     ] GC(434) Humongous regions: 2->2
[2023-02-09T15:30:21.332+0000][68][gc,metaspace] GC(434) Metaspace: 143221K(146304K)->143221K(146304K) NonClass: 125033K(126272K)->125033K(126272K) Class: 18187K(20032K)->18187K(20032K)
[2023-02-09T15:30:21.332+0000][68][gc          ] GC(434) Pause Young (Normal) (G1 Evacuation Pause) 203M->115M(256M) 17.883ms
[2023-02-09T15:30:21.333+0000][68][gc,cpu      ] GC(434) User=0.01s Sys=0.00s Real=0.02s
[2023-02-09T15:30:21.333+0000][68][safepoint   ] Safepoint "G1CollectForAllocation", Time since last: 7232875930 ns, Reaching safepoint: 106490 ns, At safepoint: 18929174 ns, Total: 19035664 ns
[2023-02-09T15:30:50.846+0000][68][gc,start    ] GC(435) Pause Young (Concurrent Start) (G1 Evacuation Pause)
[2023-02-09T15:30:50.847+0000][68][gc,task     ] GC(435) Using 4 workers of 4 for evacuation
[2023-02-09T15:30:50.847+0000][68][gc,age      ] GC(435) Desired survivor size 6291456 bytes, new threshold 15 (max threshold 15)
[2023-02-09T15:30:50.851+0000][68][gc,phases   ] GC(435)   Pre Evacuate Collection Set: 0.4ms
[2023-02-09T15:30:50.852+0000][68][gc,phases   ] GC(435)   Merge Heap Roots: 0.1ms
[2023-02-09T15:30:50.853+0000][68][gc,phases   ] GC(435)   Evacuate Collection Set: 1.4ms
[2023-02-09T15:30:50.854+0000][68][gc,phases   ] GC(435)   Post Evacuate Collection Set: 1.1ms
[2023-02-09T15:30:50.855+0000][68][gc,phases   ] GC(435)   Other: 1.0ms
[2023-02-09T15:30:50.856+0000][68][gc,age      ] GC(435) Age table with threshold 15 (max threshold 15)
[2023-02-09T15:30:50.856+0000][68][gc,age      ] GC(435) - age   1:     703784 bytes,     703784 total
[2023-02-09T15:30:50.857+0000][68][gc,age      ] GC(435) - age   2:      30768 bytes,     734552 total
[2023-02-09T15:30:50.858+0000][68][gc,age      ] GC(435) - age   3:       2624 bytes,     737176 total
[2023-02-09T15:30:50.858+0000][68][gc,age      ] GC(435) - age   4:       2768 bytes,     739944 total
[2023-02-09T15:30:50.859+0000][68][gc,age      ] GC(435) - age   5:      19072 bytes,     759016 total
[2023-02-09T15:30:50.859+0000][68][gc,age      ] GC(435) - age   6:       9512 bytes,     768528 total
[2023-02-09T15:30:50.860+0000][68][gc,age      ] GC(435) - age   7:     457912 bytes,    1226440 total
[2023-02-09T15:30:50.860+0000][68][gc,age      ] GC(435) - age   8:        304 bytes,    1226744 total
[2023-02-09T15:30:50.861+0000][68][gc,age      ] GC(435) - age   9:       2120 bytes,    1228864 total
[2023-02-09T15:30:50.861+0000][68][gc,age      ] GC(435) - age  10:     187232 bytes,    1416096 total
[2023-02-09T15:30:50.862+0000][68][gc,age      ] GC(435) - age  11:      18352 bytes,    1434448 total
[2023-02-09T15:30:50.863+0000][68][gc,age      ] GC(435) - age  12:      44752 bytes,    1479200 total
[2023-02-09T15:30:50.863+0000][68][gc,age      ] GC(435) - age  13:      62704 bytes,    1541904 total
[2023-02-09T15:30:50.864+0000][68][gc,age      ] GC(435) - age  14:     131304 bytes,    1673208 total
[2023-02-09T15:30:50.864+0000][68][gc,heap     ] GC(435) Eden regions: 22->0(22)
[2023-02-09T15:30:50.865+0000][68][gc,heap     ] GC(435) Survivor regions: 1->1(3)
[2023-02-09T15:30:50.865+0000][68][gc,heap     ] GC(435) Old regions: 26->26
[2023-02-09T15:30:50.866+0000][68][gc,heap     ] GC(435) Archive regions: 2->2
[2023-02-09T15:30:50.867+0000][68][gc,heap     ] GC(435) Humongous regions: 2->2
[2023-02-09T15:30:50.867+0000][68][gc,metaspace] GC(435) Metaspace: 143224K(146304K)->143224K(146304K) NonClass: 125036K(126272K)->125036K(126272K) Class: 18187K(20032K)->18187K(20032K)
[2023-02-09T15:30:50.869+0000][68][gc          ] GC(435) Pause Young (Concurrent Start) (G1 Evacuation Pause) 203M->115M(256M) 22.247ms
[2023-02-09T15:30:50.869+0000][68][gc          ] GC(436) Concurrent Mark Cycle
[2023-02-09T15:30:50.870+0000][68][gc,marking  ] GC(436) Concurrent Clear Claimed Marks
[2023-02-09T15:30:50.871+0000][68][gc,marking  ] GC(436) Concurrent Clear Claimed Marks 0.899ms
[2023-02-09T15:30:50.872+0000][68][gc,marking  ] GC(436) Concurrent Scan Root Regions
[2023-02-09T15:30:50.870+0000][68][gc,cpu      ] GC(435) User=0.01s Sys=0.00s Real=0.02s
[2023-02-09T15:30:50.873+0000][68][safepoint   ] Safepoint "G1CollectForAllocation", Time since last: 29535437158 ns, Reaching safepoint: 103003 ns, At safepoint: 26681679 ns, Total: 26784682 ns
[2023-02-09T15:30:50.874+0000][68][gc,marking  ] GC(436) Concurrent Scan Root Regions 2.795ms
[2023-02-09T15:30:50.876+0000][68][gc,marking  ] GC(436) Concurrent Mark
[2023-02-09T15:30:50.877+0000][68][gc,marking  ] GC(436) Concurrent Mark From Roots
[2023-02-09T15:30:50.878+0000][68][gc,task     ] GC(436) Using 1 workers of 1 for marking
[2023-02-09T15:30:51.008+0000][68][gc,marking  ] GC(436) Concurrent Mark From Roots 131.101ms
[2023-02-09T15:30:51.009+0000][68][gc,marking  ] GC(436) Concurrent Preclean
[2023-02-09T15:30:51.010+0000][68][gc,marking  ] GC(436) Concurrent Preclean 0.832ms
[2023-02-09T15:30:51.011+0000][68][gc,start    ] GC(436) Pause Remark
[2023-02-09T15:30:51.022+0000][68][gc          ] GC(436) Pause Remark 117M->117M(256M) 10.938ms
[2023-02-09T15:30:51.023+0000][68][gc,cpu      ] GC(436) User=0.04s Sys=0.01s Real=0.01s
[2023-02-09T15:30:51.024+0000][68][safepoint   ] Safepoint "G1PauseRemark", Time since last: 137841131 ns, Reaching safepoint: 82202 ns, At safepoint: 13134126 ns, Total: 13216328 ns
[2023-02-09T15:30:51.025+0000][68][gc,marking  ] GC(436) Concurrent Mark 148.560ms
[2023-02-09T15:30:51.026+0000][68][gc,marking  ] GC(436) Concurrent Rebuild Remembered Sets
[2023-02-09T15:30:51.077+0000][68][gc,marking  ] GC(436) Concurrent Rebuild Remembered Sets 51.416ms
[2023-02-09T15:30:51.078+0000][68][gc,start    ] GC(436) Pause Cleanup
[2023-02-09T15:30:51.079+0000][68][gc          ] GC(436) Pause Cleanup 117M->117M(256M) 0.878ms
[2023-02-09T15:30:51.080+0000][68][gc,cpu      ] GC(436) User=0.00s Sys=0.00s Real=0.00s
[2023-02-09T15:30:51.080+0000][68][safepoint   ] Safepoint "G1PauseCleanup", Time since last: 54305226 ns, Reaching safepoint: 72133 ns, At safepoint: 2090074 ns, Total: 2162207 ns
[2023-02-09T15:30:51.081+0000][68][gc,marking  ] GC(436) Concurrent Cleanup for Next Mark
[2023-02-09T15:30:51.082+0000][68][gc,marking  ] GC(436) Concurrent Cleanup for Next Mark 0.975ms
[2023-02-09T15:30:51.083+0000][68][gc          ] GC(436) Concurrent Mark Cycle 213.202ms
[2023-02-09T15:31:17.924+0000][68][gc,start    ] GC(437) Pause Young (Normal) (G1 Evacuation Pause)
[2023-02-09T15:31:17.925+0000][68][gc,task     ] GC(437) Using 4 workers of 4 for evacuation
[2023-02-09T15:31:17.926+0000][68][gc,age      ] GC(437) Desired survivor size 6291456 bytes, new threshold 15 (max threshold 15)
[2023-02-09T15:31:17.931+0000][68][gc,phases   ] GC(437)   Pre Evacuate Collection Set: 0.2ms
[2023-02-09T15:31:17.932+0000][68][gc,phases   ] GC(437)   Merge Heap Roots: 0.2ms
[2023-02-09T15:31:17.933+0000][68][gc,phases   ] GC(437)   Evacuate Collection Set: 3.1ms
[2023-02-09T15:31:17.933+0000][68][gc,phases   ] GC(437)   Post Evacuate Collection Set: 1.1ms
[2023-02-09T15:31:17.933+0000][68][gc,phases   ] GC(437)   Other: 1.6ms
[2023-02-09T15:31:17.934+0000][68][gc,age      ] GC(437) Age table with threshold 15 (max threshold 15)
[2023-02-09T15:31:17.934+0000][68][gc,age      ] GC(437) - age   1:     896880 bytes,     896880 total
[2023-02-09T15:31:17.935+0000][68][gc,age      ] GC(437) - age   2:      47192 bytes,     944072 total
[2023-02-09T15:31:17.935+0000][68][gc,age      ] GC(437) - age   3:      29672 bytes,     973744 total
[2023-02-09T15:31:17.936+0000][68][gc,age      ] GC(437) - age   4:       2560 bytes,     976304 total
[2023-02-09T15:31:17.937+0000][68][gc,age      ] GC(437) - age   5:       2768 bytes,     979072 total
[2023-02-09T15:31:17.937+0000][68][gc,age      ] GC(437) - age   6:       2792 bytes,     981864 total
[2023-02-09T15:31:17.938+0000][68][gc,age      ] GC(437) - age   7:       9512 bytes,     991376 total
[2023-02-09T15:31:17.939+0000][68][gc,age      ] GC(437) - age   8:     457616 bytes,    1448992 total
[2023-02-09T15:31:17.939+0000][68][gc,age      ] GC(437) - age   9:        304 bytes,    1449296 total
[2023-02-09T15:31:17.940+0000][68][gc,age      ] GC(437) - age  10:       2088 bytes,    1451384 total
[2023-02-09T15:31:17.940+0000][68][gc,age      ] GC(437) - age  11:     187200 bytes,    1638584 total
[2023-02-09T15:31:17.940+0000][68][gc,age      ] GC(437) - age  12:      18352 bytes,    1656936 total
[2023-02-09T15:31:17.941+0000][68][gc,age      ] GC(437) - age  13:      44088 bytes,    1701024 total
[2023-02-09T15:31:17.942+0000][68][gc,age      ] GC(437) - age  14:      62704 bytes,    1763728 total
[2023-02-09T15:31:17.943+0000][68][gc,age      ] GC(437) - age  15:     131264 bytes,    1894992 total
[2023-02-09T15:31:17.943+0000][68][gc,heap     ] GC(437) Eden regions: 22->0(22)
[2023-02-09T15:31:17.944+0000][68][gc,heap     ] GC(437) Survivor regions: 1->1(3)
[2023-02-09T15:31:17.944+0000][68][gc,heap     ] GC(437) Old regions: 26->26
[2023-02-09T15:31:17.945+0000][68][gc,heap     ] GC(437) Archive regions: 2->2
[2023-02-09T15:31:17.945+0000][68][gc,heap     ] GC(437) Humongous regions: 2->2
[2023-02-09T15:31:17.946+0000][68][gc,metaspace] GC(437) Metaspace: 143229K(146304K)->143229K(146304K) NonClass: 125042K(126272K)->125042K(126272K) Class: 18187K(20032K)->18187K(20032K)
[2023-02-09T15:31:17.947+0000][68][gc          ] GC(437) Pause Young (Normal) (G1 Evacuation Pause) 203M->116M(256M) 23.061ms
[2023-02-09T15:31:17.948+0000][68][gc,cpu      ] GC(437) User=0.01s Sys=0.00s Real=0.03s
[2023-02-09T15:31:17.948+0000][68][safepoint   ] Safepoint "G1CollectForAllocation", Time since last: 26842959202 ns, Reaching safepoint: 454317 ns, At safepoint: 24539406 ns, Total: 24993723 ns
[2023-02-09T15:31:37.950+0000][68][safepoint   ] Safepoint "Cleanup", Time since last: 20022538521 ns, Reaching safepoint: 190612 ns, At safepoint: 10574 ns, Total: 201186 ns
[2023-02-09T15:31:43.604+0000][68][gc,start    ] GC(438) Pause Young (Concurrent Start) (G1 Evacuation Pause)
[2023-02-09T15:31:43.605+0000][68][gc,task     ] GC(438) Using 4 workers of 4 for evacuation
[2023-02-09T15:31:43.606+0000][68][gc,age      ] GC(438) Desired survivor size 6291456 bytes, new threshold 15 (max threshold 15)
[2023-02-09T15:31:43.612+0000][68][gc,phases   ] GC(438)   Pre Evacuate Collection Set: 0.5ms
[2023-02-09T15:31:43.613+0000][68][gc,phases   ] GC(438)   Merge Heap Roots: 0.1ms
[2023-02-09T15:31:43.613+0000][68][gc,phases   ] GC(438)   Evacuate Collection Set: 3.1ms
[2023-02-09T15:31:43.614+0000][68][gc,phases   ] GC(438)   Post Evacuate Collection Set: 1.3ms
[2023-02-09T15:31:43.614+0000][68][gc,phases   ] GC(438)   Other: 1.7ms
[2023-02-09T15:31:43.615+0000][68][gc,age      ] GC(438) Age table with threshold 15 (max threshold 15)
[2023-02-09T15:31:43.615+0000][68][gc,age      ] GC(438) - age   1:    1635104 bytes,    1635104 total
[2023-02-09T15:31:43.616+0000][68][gc,age      ] GC(438) - age   2:       2752 bytes,    1637856 total
[2023-02-09T15:31:43.616+0000][68][gc,age      ] GC(438) - age   3:      31184 bytes,    1669040 total
[2023-02-09T15:31:43.616+0000][68][gc,age      ] GC(438) - age   4:      29224 bytes,    1698264 total
[2023-02-09T15:31:43.617+0000][68][gc,age      ] GC(438) - age   5:       2496 bytes,    1700760 total
[2023-02-09T15:31:43.617+0000][68][gc,age      ] GC(438) - age   6:        112 bytes,    1700872 total
[2023-02-09T15:31:43.618+0000][68][gc,age      ] GC(438) - age   7:       2496 bytes,    1703368 total
[2023-02-09T15:31:43.618+0000][68][gc,age      ] GC(438) - age   8:        176 bytes,    1703544 total
[2023-02-09T15:31:43.619+0000][68][gc,age      ] GC(438) - age   9:       3952 bytes,    1707496 total
[2023-02-09T15:31:43.619+0000][68][gc,age      ] GC(438) - age  10:        304 bytes,    1707800 total
[2023-02-09T15:31:43.619+0000][68][gc,age      ] GC(438) - age  11:       2088 bytes,    1709888 total
[2023-02-09T15:31:43.620+0000][68][gc,age      ] GC(438) - age  12:      29928 bytes,    1739816 total
[2023-02-09T15:31:43.620+0000][68][gc,age      ] GC(438) - age  13:      18352 bytes,    1758168 total
[2023-02-09T15:31:43.621+0000][68][gc,age      ] GC(438) - age  14:      43304 bytes,    1801472 total
[2023-02-09T15:31:43.621+0000][68][gc,age      ] GC(438) - age  15:      62704 bytes,    1864176 total
[2023-02-09T15:31:43.622+0000][68][gc,heap     ] GC(438) Eden regions: 22->0(22)
[2023-02-09T15:31:43.622+0000][68][gc,heap     ] GC(438) Survivor regions: 1->1(3)
[2023-02-09T15:31:43.622+0000][68][gc,heap     ] GC(438) Old regions: 26->26
[2023-02-09T15:31:43.623+0000][68][gc,heap     ] GC(438) Archive regions: 2->2
[2023-02-09T15:31:43.624+0000][68][gc,heap     ] GC(438) Humongous regions: 2->2
[2023-02-09T15:31:43.624+0000][68][gc,metaspace] GC(438) Metaspace: 143234K(146304K)->143234K(146304K) NonClass: 125046K(126272K)->125046K(126272K) Class: 18187K(20032K)->18187K(20032K)
[2023-02-09T15:31:43.625+0000][68][gc          ] GC(438) Pause Young (Concurrent Start) (G1 Evacuation Pause) 204M->116M(256M) 20.399ms
[2023-02-09T15:31:43.625+0000][68][gc,cpu      ] GC(438) User=0.01s Sys=0.00s Real=0.03s
[2023-02-09T15:31:43.625+0000][68][gc          ] GC(439) Concurrent Mark Cycle
[2023-02-09T15:31:43.626+0000][68][gc,marking  ] GC(439) Concurrent Clear Claimed Marks
[2023-02-09T15:31:43.626+0000][68][safepoint   ] Safepoint "G1CollectForAllocation", Time since last: 5653522695 ns, Reaching safepoint: 531188 ns, At safepoint: 21440396 ns, Total: 21971584 ns
[2023-02-09T15:31:43.627+0000][68][gc,marking  ] GC(439) Concurrent Clear Claimed Marks 0.672ms
[2023-02-09T15:31:43.628+0000][68][gc,marking  ] GC(439) Concurrent Scan Root Regions
[2023-02-09T15:31:43.632+0000][68][gc,marking  ] GC(439) Concurrent Scan Root Regions 4.365ms
[2023-02-09T15:31:43.633+0000][68][gc,marking  ] GC(439) Concurrent Mark
[2023-02-09T15:31:43.633+0000][68][gc,marking  ] GC(439) Concurrent Mark From Roots
[2023-02-09T15:31:43.634+0000][68][gc,task     ] GC(439) Using 1 workers of 1 for marking
[2023-02-09T15:31:43.739+0000][68][gc,marking  ] GC(439) Concurrent Mark From Roots 105.335ms
[2023-02-09T15:31:43.740+0000][68][gc,marking  ] GC(439) Concurrent Preclean
[2023-02-09T15:31:43.741+0000][68][gc,marking  ] GC(439) Concurrent Preclean 1.089ms
[2023-02-09T15:31:43.742+0000][68][gc,start    ] GC(439) Pause Remark
[2023-02-09T15:31:43.752+0000][68][gc          ] GC(439) Pause Remark 118M->118M(256M) 9.437ms
[2023-02-09T15:31:43.753+0000][68][gc,cpu      ] GC(439) User=0.03s Sys=0.00s Real=0.01s
[2023-02-09T15:31:43.754+0000][68][safepoint   ] Safepoint "G1PauseRemark", Time since last: 116131683 ns, Reaching safepoint: 159018 ns, At safepoint: 11594257 ns, Total: 11753275 ns
[2023-02-09T15:31:43.755+0000][68][gc,marking  ] GC(439) Concurrent Mark 121.779ms
[2023-02-09T15:31:43.755+0000][68][gc,marking  ] GC(439) Concurrent Rebuild Remembered Sets
[2023-02-09T15:31:43.827+0000][68][gc,marking  ] GC(439) Concurrent Rebuild Remembered Sets 72.169ms
[2023-02-09T15:31:43.828+0000][68][gc,start    ] GC(439) Pause Cleanup
[2023-02-09T15:31:43.828+0000][68][gc          ] GC(439) Pause Cleanup 123M->123M(256M) 0.637ms
[2023-02-09T15:31:43.829+0000][68][gc,cpu      ] GC(439) User=0.00s Sys=0.00s Real=0.00s
[2023-02-09T15:31:43.829+0000][68][safepoint   ] Safepoint "G1PauseCleanup", Time since last: 74018026 ns, Reaching safepoint: 113001 ns, At safepoint: 1514179 ns, Total: 1627180 ns
[2023-02-09T15:31:43.830+0000][68][gc,marking  ] GC(439) Concurrent Cleanup for Next Mark
[2023-02-09T15:31:43.831+0000][68][gc,marking  ] GC(439) Concurrent Cleanup for Next Mark 1.054ms
[2023-02-09T15:31:43.831+0000][68][gc          ] GC(439) Concurrent Mark Cycle 206.041ms
[2023-02-09T15:31:55.818+0000][68][safepoint   ] Safepoint "Cleanup", Time since last: 12011335012 ns, Reaching safepoint: 177793 ns, At safepoint: 39612 ns, Total: 217405 ns
[2023-02-09T15:32:10.792+0000][68][gc,start    ] GC(440) Pause Young (Normal) (G1 Evacuation Pause)
[2023-02-09T15:32:10.793+0000][68][gc,task     ] GC(440) Using 4 workers of 4 for evacuation
[2023-02-09T15:32:10.794+0000][68][gc,age      ] GC(440) Desired survivor size 6291456 bytes, new threshold 15 (max threshold 15)
[2023-02-09T15:32:10.798+0000][68][gc,phases   ] GC(440)   Pre Evacuate Collection Set: 0.1ms
[2023-02-09T15:32:10.799+0000][68][gc,phases   ] GC(440)   Merge Heap Roots: 0.1ms
[2023-02-09T15:32:10.799+0000][68][gc,phases   ] GC(440)   Evacuate Collection Set: 1.7ms
[2023-02-09T15:32:10.800+0000][68][gc,phases   ] GC(440)   Post Evacuate Collection Set: 0.9ms
[2023-02-09T15:32:10.800+0000][68][gc,phases   ] GC(440)   Other: 1.7ms
[2023-02-09T15:32:10.801+0000][68][gc,age      ] GC(440) Age table with threshold 15 (max threshold 15)
[2023-02-09T15:32:10.802+0000][68][gc,age      ] GC(440) - age   1:    1573616 bytes,    1573616 total
[2023-02-09T15:32:10.803+0000][68][gc,age      ] GC(440) - age   2:     296784 bytes,    1870400 total
[2023-02-09T15:32:10.804+0000][68][gc,age      ] GC(440) - age   3:       1544 bytes,    1871944 total
[2023-02-09T15:32:10.804+0000][68][gc,age      ] GC(440) - age   4:      30768 bytes,    1902712 total
[2023-02-09T15:32:10.804+0000][68][gc,age      ] GC(440) - age   5:      29096 bytes,    1931808 total
[2023-02-09T15:32:10.805+0000][68][gc,age      ] GC(440) - age   6:       2496 bytes,    1934304 total
[2023-02-09T15:32:10.805+0000][68][gc,age      ] GC(440) - age   7:        112 bytes,    1934416 total
[2023-02-09T15:32:10.806+0000][68][gc,age      ] GC(440) - age   8:       2496 bytes,    1936912 total
[2023-02-09T15:32:10.806+0000][68][gc,age      ] GC(440) - age   9:        176 bytes,    1937088 total
[2023-02-09T15:32:10.807+0000][68][gc,age      ] GC(440) - age  10:       3032 bytes,    1940120 total
[2023-02-09T15:32:10.807+0000][68][gc,age      ] GC(440) - age  11:        304 bytes,    1940424 total
[2023-02-09T15:32:10.808+0000][68][gc,age      ] GC(440) - age  12:       2088 bytes,    1942512 total
[2023-02-09T15:32:10.808+0000][68][gc,age      ] GC(440) - age  13:      29928 bytes,    1972440 total
[2023-02-09T15:32:10.809+0000][68][gc,age      ] GC(440) - age  14:      18352 bytes,    1990792 total
[2023-02-09T15:32:10.809+0000][68][gc,age      ] GC(440) - age  15:      43104 bytes,    2033896 total
[2023-02-09T15:32:10.810+0000][68][gc,heap     ] GC(440) Eden regions: 22->0(22)
[2023-02-09T15:32:10.810+0000][68][gc,heap     ] GC(440) Survivor regions: 1->1(3)
[2023-02-09T15:32:10.811+0000][68][gc,heap     ] GC(440) Old regions: 26->26
[2023-02-09T15:32:10.812+0000][68][gc,heap     ] GC(440) Archive regions: 2->2
[2023-02-09T15:32:10.813+0000][68][gc,heap     ] GC(440) Humongous regions: 2->2
[2023-02-09T15:32:10.814+0000][68][gc,metaspace] GC(440) Metaspace: 143234K(146304K)->143234K(146304K) NonClass: 125046K(126272K)->125046K(126272K) Class: 18187K(20032K)->18187K(20032K)
[2023-02-09T15:32:10.814+0000][68][gc          ] GC(440) Pause Young (Normal) (G1 Evacuation Pause) 204M->116M(256M) 21.966ms
[2023-02-09T15:32:10.815+0000][68][gc,cpu      ] GC(440) User=0.01s Sys=0.00s Real=0.03s
[2023-02-09T15:32:10.816+0000][68][safepoint   ] Safepoint "G1CollectForAllocation", Time since last: 14973968554 ns, Reaching safepoint: 236949 ns, At safepoint: 23336887 ns, Total: 23573836 ns
[2023-02-09T15:32:13.819+0000][68][safepoint   ] Safepoint "Cleanup", Time since last: 3002752868 ns, Reaching safepoint: 393045 ns, At safepoint: 72529 ns, Total: 465574 ns
[2023-02-09T15:32:14.820+0000][68][safepoint   ] Safepoint "Cleanup", Time since last: 1000890777 ns, Reaching safepoint: 83655 ns, At safepoint: 3072 ns, Total: 86727 ns
[2023-02-09T15:32:23.804+0000][68][safepoint   ] Safepoint "Cleanup", Time since last: 9009237446 ns, Reaching safepoint: 195631 ns, At safepoint: 7820 ns, Total: 203451 ns
[2023-02-09T15:32:25.806+0000][68][safepoint   ] Safepoint "Cleanup", Time since last: 2002210971 ns, Reaching safepoint: 98768 ns, At safepoint: 5835 ns, Total: 104603 ns
[2023-02-09T15:32:33.812+0000][68][safepoint   ] Safepoint "Cleanup", Time since last: 8005554066 ns, Reaching safepoint: 242040 ns, At safepoint: 9435 ns, Total: 251475 ns
[2023-02-09T15:32:35.816+0000][68][safepoint   ] Safepoint "Cleanup", Time since last: 2003577268 ns, Reaching safepoint: 172455 ns, At safepoint: 7705 ns, Total: 180160 ns
[2023-02-09T15:32:37.754+0000][68][gc,start    ] GC(441) Pause Young (Concurrent Start) (G1 Evacuation Pause)
[2023-02-09T15:32:37.755+0000][68][gc,task     ] GC(441) Using 4 workers of 4 for evacuation
[2023-02-09T15:32:37.756+0000][68][gc,age      ] GC(441) Desired survivor size 6291456 bytes, new threshold 15 (max threshold 15)
[2023-02-09T15:32:37.761+0000][68][gc,phases   ] GC(441)   Pre Evacuate Collection Set: 0.5ms
[2023-02-09T15:32:37.762+0000][68][gc,phases   ] GC(441)   Merge Heap Roots: 0.1ms
[2023-02-09T15:32:37.764+0000][68][gc,phases   ] GC(441)   Evacuate Collection Set: 1.9ms
[2023-02-09T15:32:37.765+0000][68][gc,phases   ] GC(441)   Post Evacuate Collection Set: 1.0ms
[2023-02-09T15:32:37.766+0000][68][gc,phases   ] GC(441)   Other: 2.2ms
[2023-02-09T15:32:37.767+0000][68][gc,age      ] GC(441) Age table with threshold 15 (max threshold 15)
[2023-02-09T15:32:37.767+0000][68][gc,age      ] GC(441) - age   1:     162112 bytes,     162112 total
[2023-02-09T15:32:37.768+0000][68][gc,age      ] GC(441) - age   2:      19760 bytes,     181872 total
[2023-02-09T15:32:37.769+0000][68][gc,age      ] GC(441) - age   3:     291032 bytes,     472904 total
[2023-02-09T15:32:37.770+0000][68][gc,age      ] GC(441) - age   4:       1176 bytes,     474080 total
[2023-02-09T15:32:37.770+0000][68][gc,age      ] GC(441) - age   5:      30232 bytes,     504312 total
[2023-02-09T15:32:37.771+0000][68][gc,age      ] GC(441) - age   6:      28968 bytes,     533280 total
[2023-02-09T15:32:37.772+0000][68][gc,age      ] GC(441) - age   7:       2496 bytes,     535776 total
[2023-02-09T15:32:37.772+0000][68][gc,age      ] GC(441) - age   8:        112 bytes,     535888 total
[2023-02-09T15:32:37.773+0000][68][gc,age      ] GC(441) - age   9:       2496 bytes,     538384 total
[2023-02-09T15:32:37.774+0000][68][gc,age      ] GC(441) - age  10:        176 bytes,     538560 total
[2023-02-09T15:32:37.775+0000][68][gc,age      ] GC(441) - age  11:       2968 bytes,     541528 total
[2023-02-09T15:32:37.775+0000][68][gc,age      ] GC(441) - age  12:        304 bytes,     541832 total
[2023-02-09T15:32:37.776+0000][68][gc,age      ] GC(441) - age  13:       2088 bytes,     543920 total
[2023-02-09T15:32:37.777+0000][68][gc,age      ] GC(441) - age  14:      29928 bytes,     573848 total
[2023-02-09T15:32:37.778+0000][68][gc,age      ] GC(441) - age  15:      18352 bytes,     592200 total
[2023-02-09T15:32:37.779+0000][68][gc,heap     ] GC(441) Eden regions: 22->0(22)
[2023-02-09T15:32:37.780+0000][68][gc,heap     ] GC(441) Survivor regions: 1->1(3)
[2023-02-09T15:32:37.781+0000][68][gc,heap     ] GC(441) Old regions: 26->26
[2023-02-09T15:32:37.782+0000][68][gc,heap     ] GC(441) Archive regions: 2->2
[2023-02-09T15:32:37.783+0000][68][gc,heap     ] GC(441) Humongous regions: 2->2
[2023-02-09T15:32:37.784+0000][68][gc,metaspace] GC(441) Metaspace: 143234K(146304K)->143234K(146304K) NonClass: 125046K(126272K)->125046K(126272K) Class: 18187K(20032K)->18187K(20032K)
[2023-02-09T15:32:37.785+0000][68][gc          ] GC(441) Pause Young (Concurrent Start) (G1 Evacuation Pause) 204M->115M(256M) 31.063ms
[2023-02-09T15:32:37.786+0000][68][gc,cpu      ] GC(441) User=0.00s Sys=0.01s Real=0.03s
[2023-02-09T15:32:37.786+0000][68][gc          ] GC(442) Concurrent Mark Cycle
[2023-02-09T15:32:37.787+0000][68][gc,marking  ] GC(442) Concurrent Clear Claimed Marks
[2023-02-09T15:32:37.787+0000][68][safepoint   ] Safepoint "G1CollectForAllocation", Time since last: 1937721035 ns, Reaching safepoint: 116661 ns, At safepoint: 32957781 ns, Total: 33074442 ns
[2023-02-09T15:32:37.788+0000][68][gc,marking  ] GC(442) Concurrent Clear Claimed Marks 0.745ms
[2023-02-09T15:32:37.790+0000][68][gc,marking  ] GC(442) Concurrent Scan Root Regions
[2023-02-09T15:32:37.792+0000][68][gc,marking  ] GC(442) Concurrent Scan Root Regions 2.100ms
[2023-02-09T15:32:37.793+0000][68][gc,marking  ] GC(442) Concurrent Mark
[2023-02-09T15:32:37.794+0000][68][gc,marking  ] GC(442) Concurrent Mark From Roots
[2023-02-09T15:32:37.794+0000][68][gc,task     ] GC(442) Using 1 workers of 1 for marking
[2023-02-09T15:32:37.950+0000][68][gc,marking  ] GC(442) Concurrent Mark From Roots 156.122ms
[2023-02-09T15:32:37.951+0000][68][gc,marking  ] GC(442) Concurrent Preclean
[2023-02-09T15:32:37.952+0000][68][gc,marking  ] GC(442) Concurrent Preclean 1.140ms
[2023-02-09T15:32:37.953+0000][68][gc,start    ] GC(442) Pause Remark
[2023-02-09T15:32:37.969+0000][68][gc          ] GC(442) Pause Remark 119M->119M(256M) 16.006ms
[2023-02-09T15:32:37.970+0000][68][gc,cpu      ] GC(442) User=0.04s Sys=0.00s Real=0.02s
[2023-02-09T15:32:37.971+0000][68][safepoint   ] Safepoint "G1PauseRemark", Time since last: 166109869 ns, Reaching safepoint: 132539 ns, At safepoint: 18567095 ns, Total: 18699634 ns
[2023-02-09T15:32:37.973+0000][68][gc,marking  ] GC(442) Concurrent Mark 179.805ms
[2023-02-09T15:32:37.974+0000][68][gc,marking  ] GC(442) Concurrent Rebuild Remembered Sets
[2023-02-09T15:32:38.052+0000][68][gc,marking  ] GC(442) Concurrent Rebuild Remembered Sets 78.447ms
[2023-02-09T15:32:38.054+0000][68][gc,start    ] GC(442) Pause Cleanup
[2023-02-09T15:32:38.055+0000][68][gc          ] GC(442) Pause Cleanup 120M->120M(256M) 1.065ms
[2023-02-09T15:32:38.056+0000][68][gc,cpu      ] GC(442) User=0.00s Sys=0.00s Real=0.00s
[2023-02-09T15:32:38.056+0000][68][safepoint   ] Safepoint "G1PauseCleanup", Time since last: 82215541 ns, Reaching safepoint: 186921 ns, At safepoint: 2644053 ns, Total: 2830974 ns
[2023-02-09T15:32:38.057+0000][68][gc,marking  ] GC(442) Concurrent Cleanup for Next Mark
[2023-02-09T15:32:38.058+0000][68][gc,marking  ] GC(442) Concurrent Cleanup for Next Mark 0.759ms
[2023-02-09T15:32:38.058+0000][68][gc          ] GC(442) Concurrent Mark Cycle 272.707ms
[2023-02-09T15:32:45.067+0000][68][safepoint   ] Safepoint "Cleanup", Time since last: 7010358287 ns, Reaching safepoint: 564814 ns, At safepoint: 16083 ns, Total: 580897 ns
[2023-02-09T15:33:03.424+0000][68][gc,start    ] GC(443) Pause Young (Normal) (G1 Evacuation Pause)
[2023-02-09T15:33:03.424+0000][68][gc,task     ] GC(443) Using 4 workers of 4 for evacuation
[2023-02-09T15:33:03.425+0000][68][gc,age      ] GC(443) Desired survivor size 6291456 bytes, new threshold 15 (max threshold 15)
[2023-02-09T15:33:03.429+0000][68][gc,phases   ] GC(443)   Pre Evacuate Collection Set: 0.1ms
[2023-02-09T15:33:03.429+0000][68][gc,phases   ] GC(443)   Merge Heap Roots: 0.1ms
[2023-02-09T15:33:03.430+0000][68][gc,phases   ] GC(443)   Evacuate Collection Set: 2.5ms
[2023-02-09T15:33:03.430+0000][68][gc,phases   ] GC(443)   Post Evacuate Collection Set: 0.9ms
[2023-02-09T15:33:03.431+0000][68][gc,phases   ] GC(443)   Other: 0.9ms
[2023-02-09T15:33:03.431+0000][68][gc,age      ] GC(443) Age table with threshold 15 (max threshold 15)
[2023-02-09T15:33:03.431+0000][68][gc,age      ] GC(443) - age   1:     596144 bytes,     596144 total
[2023-02-09T15:33:03.432+0000][68][gc,age      ] GC(443) - age   2:      11096 bytes,     607240 total
[2023-02-09T15:33:03.432+0000][68][gc,age      ] GC(443) - age   3:      18456 bytes,     625696 total
[2023-02-09T15:33:03.432+0000][68][gc,age      ] GC(443) - age   4:     285248 bytes,     910944 total
[2023-02-09T15:33:03.433+0000][68][gc,age      ] GC(443) - age   5:       1176 bytes,     912120 total
[2023-02-09T15:33:03.433+0000][68][gc,age      ] GC(443) - age   6:      30232 bytes,     942352 total
[2023-02-09T15:33:03.434+0000][68][gc,age      ] GC(443) - age   7:       2520 bytes,     944872 total
[2023-02-09T15:33:03.434+0000][68][gc,age      ] GC(443) - age   8:       2496 bytes,     947368 total
[2023-02-09T15:33:03.434+0000][68][gc,age      ] GC(443) - age   9:        112 bytes,     947480 total
[2023-02-09T15:33:03.435+0000][68][gc,age      ] GC(443) - age  10:       2496 bytes,     949976 total
[2023-02-09T15:33:03.435+0000][68][gc,age      ] GC(443) - age  11:        176 bytes,     950152 total
[2023-02-09T15:33:03.436+0000][68][gc,age      ] GC(443) - age  12:       2912 bytes,     953064 total
[2023-02-09T15:33:03.436+0000][68][gc,age      ] GC(443) - age  13:        304 bytes,     953368 total
[2023-02-09T15:33:03.436+0000][68][gc,age      ] GC(443) - age  14:       2088 bytes,     955456 total
[2023-02-09T15:33:03.437+0000][68][gc,age      ] GC(443) - age  15:      29928 bytes,     985384 total
[2023-02-09T15:33:03.437+0000][68][gc,heap     ] GC(443) Eden regions: 22->0(22)
[2023-02-09T15:33:03.438+0000][68][gc,heap     ] GC(443) Survivor regions: 1->1(3)
[2023-02-09T15:33:03.438+0000][68][gc,heap     ] GC(443) Old regions: 26->26
[2023-02-09T15:33:03.438+0000][68][gc,heap     ] GC(443) Archive regions: 2->2
[2023-02-09T15:33:03.439+0000][68][gc,heap     ] GC(443) Humongous regions: 2->2
[2023-02-09T15:33:03.440+0000][68][gc,metaspace] GC(443) Metaspace: 143234K(146304K)->143234K(146304K) NonClass: 125046K(126272K)->125046K(126272K) Class: 18187K(20032K)->18187K(20032K)
[2023-02-09T15:33:03.440+0000][68][gc          ] GC(443) Pause Young (Normal) (G1 Evacuation Pause) 203M->115M(256M) 16.506ms
[2023-02-09T15:33:03.441+0000][68][gc,cpu      ] GC(443) User=0.01s Sys=0.00s Real=0.02s
[2023-02-09T15:33:03.441+0000][68][safepoint   ] Safepoint "G1CollectForAllocation", Time since last: 18377502134 ns, Reaching safepoint: 148056 ns, At safepoint: 17355025 ns, Total: 17503081 ns
[2023-02-09T15:33:08.445+0000][68][safepoint   ] Safepoint "Cleanup", Time since last: 5003833059 ns, Reaching safepoint: 521602 ns, At safepoint: 13768 ns, Total: 535370 ns
[2023-02-09T15:33:37.736+0000][68][gc,start    ] GC(444) Pause Young (Concurrent Start) (G1 Evacuation Pause)
[2023-02-09T15:33:37.737+0000][68][gc,task     ] GC(444) Using 4 workers of 4 for evacuation
[2023-02-09T15:33:37.739+0000][68][gc,age      ] GC(444) Desired survivor size 6291456 bytes, new threshold 15 (max threshold 15)
[2023-02-09T15:33:37.745+0000][68][gc,phases   ] GC(444)   Pre Evacuate Collection Set: 0.7ms
[2023-02-09T15:33:37.746+0000][68][gc,phases   ] GC(444)   Merge Heap Roots: 0.2ms
[2023-02-09T15:33:37.746+0000][68][gc,phases   ] GC(444)   Evacuate Collection Set: 2.2ms
[2023-02-09T15:33:37.748+0000][68][gc,phases   ] GC(444)   Post Evacuate Collection Set: 1.2ms
[2023-02-09T15:33:37.748+0000][68][gc,phases   ] GC(444)   Other: 3.3ms
[2023-02-09T15:33:37.749+0000][68][gc,age      ] GC(444) Age table with threshold 15 (max threshold 15)
[2023-02-09T15:33:37.750+0000][68][gc,age      ] GC(444) - age   1:     776176 bytes,     776176 total
[2023-02-09T15:33:37.750+0000][68][gc,age      ] GC(444) - age   2:      25504 bytes,     801680 total
[2023-02-09T15:33:37.751+0000][68][gc,age      ] GC(444) - age   3:       2864 bytes,     804544 total
[2023-02-09T15:33:37.752+0000][68][gc,age      ] GC(444) - age   4:      18176 bytes,     822720 total
[2023-02-09T15:33:37.752+0000][68][gc,age      ] GC(444) - age   5:     277232 bytes,    1099952 total
[2023-02-09T15:33:37.753+0000][68][gc,age      ] GC(444) - age   6:        816 bytes,    1100768 total
[2023-02-09T15:33:37.754+0000][68][gc,age      ] GC(444) - age   7:      30232 bytes,    1131000 total
[2023-02-09T15:33:37.755+0000][68][gc,age      ] GC(444) - age   8:       2520 bytes,    1133520 total
[2023-02-09T15:33:37.755+0000][68][gc,age      ] GC(444) - age   9:       2496 bytes,    1136016 total
[2023-02-09T15:33:37.756+0000][68][gc,age      ] GC(444) - age  10:        112 bytes,    1136128 total
[2023-02-09T15:33:37.756+0000][68][gc,age      ] GC(444) - age  11:       2416 bytes,    1138544 total
[2023-02-09T15:33:37.757+0000][68][gc,age      ] GC(444) - age  13:       2912 bytes,    1141456 total
[2023-02-09T15:33:37.758+0000][68][gc,age      ] GC(444) - age  14:        304 bytes,    1141760 total
[2023-02-09T15:33:37.758+0000][68][gc,age      ] GC(444) - age  15:       2088 bytes,    1143848 total
[2023-02-09T15:33:37.759+0000][68][gc,heap     ] GC(444) Eden regions: 22->0(22)
[2023-02-09T15:33:37.760+0000][68][gc,heap     ] GC(444) Survivor regions: 1->1(3)
[2023-02-09T15:33:37.760+0000][68][gc,heap     ] GC(444) Old regions: 26->26
[2023-02-09T15:33:37.761+0000][68][gc,heap     ] GC(444) Archive regions: 2->2
[2023-02-09T15:33:37.761+0000][68][gc,heap     ] GC(444) Humongous regions: 2->2
[2023-02-09T15:33:37.762+0000][68][gc,metaspace] GC(444) Metaspace: 143234K(146304K)->143234K(146304K) NonClass: 125046K(126272K)->125046K(126272K) Class: 18187K(20032K)->18187K(20032K)
[2023-02-09T15:33:37.762+0000][68][gc          ] GC(444) Pause Young (Concurrent Start) (G1 Evacuation Pause) 203M->115M(256M) 26.668ms
[2023-02-09T15:33:37.763+0000][68][gc          ] GC(445) Concurrent Mark Cycle
[2023-02-09T15:33:37.763+0000][68][gc,marking  ] GC(445) Concurrent Clear Claimed Marks
[2023-02-09T15:33:37.763+0000][68][gc,cpu      ] GC(444) User=0.01s Sys=0.00s Real=0.02s
[2023-02-09T15:33:37.765+0000][68][gc,marking  ] GC(445) Concurrent Clear Claimed Marks 1.351ms
[2023-02-09T15:33:37.766+0000][68][gc,marking  ] GC(445) Concurrent Scan Root Regions
[2023-02-09T15:33:37.765+0000][68][safepoint   ] Safepoint "G1CollectForAllocation", Time since last: 29312193426 ns, Reaching safepoint: 293938 ns, At safepoint: 29471429 ns, Total: 29765367 ns
[2023-02-09T15:33:37.768+0000][68][gc,marking  ] GC(445) Concurrent Scan Root Regions 2.467ms
[2023-02-09T15:33:37.769+0000][68][gc,marking  ] GC(445) Concurrent Mark
[2023-02-09T15:33:37.770+0000][68][gc,marking  ] GC(445) Concurrent Mark From Roots
[2023-02-09T15:33:37.770+0000][68][gc,task     ] GC(445) Using 1 workers of 1 for marking
[2023-02-09T15:33:37.902+0000][68][gc,marking  ] GC(445) Concurrent Mark From Roots 132.582ms
[2023-02-09T15:33:37.903+0000][68][gc,marking  ] GC(445) Concurrent Preclean
[2023-02-09T15:33:37.904+0000][68][gc,marking  ] GC(445) Concurrent Preclean 0.782ms
[2023-02-09T15:33:37.905+0000][68][gc,start    ] GC(445) Pause Remark
[2023-02-09T15:33:37.917+0000][68][gc          ] GC(445) Pause Remark 120M->120M(256M) 12.809ms
[2023-02-09T15:33:37.918+0000][68][gc,cpu      ] GC(445) User=0.03s Sys=0.00s Real=0.01s
[2023-02-09T15:33:37.919+0000][68][safepoint   ] Safepoint "G1PauseRemark", Time since last: 139205972 ns, Reaching safepoint: 229621 ns, At safepoint: 14115168 ns, Total: 14344789 ns
[2023-02-09T15:33:37.919+0000][68][gc,marking  ] GC(445) Concurrent Mark 150.232ms
[2023-02-09T15:33:37.920+0000][68][gc,marking  ] GC(445) Concurrent Rebuild Remembered Sets
[2023-02-09T15:33:37.993+0000][68][gc,marking  ] GC(445) Concurrent Rebuild Remembered Sets 72.860ms
[2023-02-09T15:33:37.994+0000][68][gc,start    ] GC(445) Pause Cleanup
[2023-02-09T15:33:37.995+0000][68][gc          ] GC(445) Pause Cleanup 121M->121M(256M) 0.781ms
[2023-02-09T15:33:37.995+0000][68][gc,cpu      ] GC(445) User=0.00s Sys=0.00s Real=0.00s
[2023-02-09T15:33:37.996+0000][68][safepoint   ] Safepoint "G1PauseCleanup", Time since last: 75002995 ns, Reaching safepoint: 146295 ns, At safepoint: 2078312 ns, Total: 2224607 ns
[2023-02-09T15:33:37.997+0000][68][gc,marking  ] GC(445) Concurrent Cleanup for Next Mark
[2023-02-09T15:33:37.998+0000][68][gc,marking  ] GC(445) Concurrent Cleanup for Next Mark 1.164ms
[2023-02-09T15:33:37.998+0000][68][gc          ] GC(445) Concurrent Mark Cycle 235.520ms
[2023-02-09T15:34:04.724+0000][68][gc,start    ] GC(446) Pause Young (Normal) (G1 Evacuation Pause)
[2023-02-09T15:34:04.725+0000][68][gc,task     ] GC(446) Using 4 workers of 4 for evacuation
[2023-02-09T15:34:04.726+0000][68][gc,age      ] GC(446) Desired survivor size 6291456 bytes, new threshold 15 (max threshold 15)
[2023-02-09T15:34:04.731+0000][68][gc,phases   ] GC(446)   Pre Evacuate Collection Set: 0.2ms
[2023-02-09T15:34:04.732+0000][68][gc,phases   ] GC(446)   Merge Heap Roots: 0.2ms
[2023-02-09T15:34:04.732+0000][68][gc,phases   ] GC(446)   Evacuate Collection Set: 2.5ms
[2023-02-09T15:34:04.733+0000][68][gc,phases   ] GC(446)   Post Evacuate Collection Set: 0.9ms
[2023-02-09T15:34:04.734+0000][68][gc,phases   ] GC(446)   Other: 1.7ms
[2023-02-09T15:34:04.734+0000][68][gc,age      ] GC(446) Age table with threshold 15 (max threshold 15)
[2023-02-09T15:34:04.735+0000][68][gc,age      ] GC(446) - age   1:    1043984 bytes,    1043984 total
[2023-02-09T15:34:04.735+0000][68][gc,age      ] GC(446) - age   2:      18856 bytes,    1062840 total
[2023-02-09T15:34:04.736+0000][68][gc,age      ] GC(446) - age   3:      21344 bytes,    1084184 total
[2023-02-09T15:34:04.737+0000][68][gc,age      ] GC(446) - age   4:       2736 bytes,    1086920 total
[2023-02-09T15:34:04.737+0000][68][gc,age      ] GC(446) - age   5:      17752 bytes,    1104672 total
[2023-02-09T15:34:04.738+0000][68][gc,age      ] GC(446) - age   6:     236080 bytes,    1340752 total
[2023-02-09T15:34:04.738+0000][68][gc,age      ] GC(446) - age   7:        816 bytes,    1341568 total
[2023-02-09T15:34:04.739+0000][68][gc,age      ] GC(446) - age   8:      30232 bytes,    1371800 total
[2023-02-09T15:34:04.740+0000][68][gc,age      ] GC(446) - age   9:       2520 bytes,    1374320 total
[2023-02-09T15:34:04.741+0000][68][gc,age      ] GC(446) - age  10:       2496 bytes,    1376816 total
[2023-02-09T15:34:04.741+0000][68][gc,age      ] GC(446) - age  11:        112 bytes,    1376928 total
[2023-02-09T15:34:04.742+0000][68][gc,age      ] GC(446) - age  12:       2416 bytes,    1379344 total
[2023-02-09T15:34:04.742+0000][68][gc,age      ] GC(446) - age  14:       2912 bytes,    1382256 total
[2023-02-09T15:34:04.743+0000][68][gc,age      ] GC(446) - age  15:        304 bytes,    1382560 total
[2023-02-09T15:34:04.743+0000][68][gc,heap     ] GC(446) Eden regions: 22->0(22)
[2023-02-09T15:34:04.744+0000][68][gc,heap     ] GC(446) Survivor regions: 1->1(3)
[2023-02-09T15:34:04.745+0000][68][gc,heap     ] GC(446) Old regions: 26->26
[2023-02-09T15:34:04.745+0000][68][gc,heap     ] GC(446) Archive regions: 2->2
[2023-02-09T15:34:04.745+0000][68][gc,heap     ] GC(446) Humongous regions: 2->2
[2023-02-09T15:34:04.746+0000][68][gc,metaspace] GC(446) Metaspace: 143235K(146304K)->143235K(146304K) NonClass: 125047K(126272K)->125047K(126272K) Class: 18187K(20032K)->18187K(20032K)
[2023-02-09T15:34:04.747+0000][68][gc          ] GC(446) Pause Young (Normal) (G1 Evacuation Pause) 203M->115M(256M) 22.699ms
[2023-02-09T15:34:04.747+0000][68][gc,cpu      ] GC(446) User=0.01s Sys=0.00s Real=0.02s
[2023-02-09T15:34:04.747+0000][68][safepoint   ] Safepoint "G1CollectForAllocation", Time since last: 26749601646 ns, Reaching safepoint: 144042 ns, At safepoint: 23668271 ns, Total: 23812313 ns
[2023-02-09T15:34:05.749+0000][68][safepoint   ] Safepoint "Cleanup", Time since last: 1000890172 ns, Reaching safepoint: 632444 ns, At safepoint: 39118 ns, Total: 671562 ns
[2023-02-09T15:34:12.758+0000][68][safepoint   ] Safepoint "Cleanup", Time since last: 7008247077 ns, Reaching safepoint: 402844 ns, At safepoint: 44027 ns, Total: 446871 ns
[2023-02-09T15:34:31.787+0000][68][gc,start    ] GC(447) Pause Young (Concurrent Start) (G1 Evacuation Pause)
[2023-02-09T15:34:31.788+0000][68][gc,task     ] GC(447) Using 4 workers of 4 for evacuation
[2023-02-09T15:34:31.788+0000][68][gc,age      ] GC(447) Desired survivor size 6291456 bytes, new threshold 15 (max threshold 15)
[2023-02-09T15:34:31.793+0000][68][gc,phases   ] GC(447)   Pre Evacuate Collection Set: 0.5ms
[2023-02-09T15:34:31.793+0000][68][gc,phases   ] GC(447)   Merge Heap Roots: 0.1ms
[2023-02-09T15:34:31.794+0000][68][gc,phases   ] GC(447)   Evacuate Collection Set: 2.2ms
[2023-02-09T15:34:31.795+0000][68][gc,phases   ] GC(447)   Post Evacuate Collection Set: 1.0ms
[2023-02-09T15:34:31.795+0000][68][gc,phases   ] GC(447)   Other: 1.1ms
[2023-02-09T15:34:31.796+0000][68][gc,age      ] GC(447) Age table with threshold 15 (max threshold 15)
[2023-02-09T15:34:31.797+0000][68][gc,age      ] GC(447) - age   1:    1498536 bytes,    1498536 total
[2023-02-09T15:34:31.797+0000][68][gc,age      ] GC(447) - age   2:       8456 bytes,    1506992 total
[2023-02-09T15:34:31.798+0000][68][gc,age      ] GC(447) - age   3:      10992 bytes,    1517984 total
[2023-02-09T15:34:31.798+0000][68][gc,age      ] GC(447) - age   4:      20920 bytes,    1538904 total
[2023-02-09T15:34:31.799+0000][68][gc,age      ] GC(447) - age   5:       2472 bytes,    1541376 total
[2023-02-09T15:34:31.800+0000][68][gc,age      ] GC(447) - age   6:      17752 bytes,    1559128 total
[2023-02-09T15:34:31.800+0000][68][gc,age      ] GC(447) - age   7:     236016 bytes,    1795144 total
[2023-02-09T15:34:31.801+0000][68][gc,age      ] GC(447) - age   8:        784 bytes,    1795928 total
[2023-02-09T15:34:31.801+0000][68][gc,age      ] GC(447) - age   9:      30232 bytes,    1826160 total
[2023-02-09T15:34:31.802+0000][68][gc,age      ] GC(447) - age  10:       2520 bytes,    1828680 total
[2023-02-09T15:34:31.802+0000][68][gc,age      ] GC(447) - age  11:       2496 bytes,    1831176 total
[2023-02-09T15:34:31.803+0000][68][gc,age      ] GC(447) - age  12:        112 bytes,    1831288 total
[2023-02-09T15:34:31.803+0000][68][gc,age      ] GC(447) - age  13:       2416 bytes,    1833704 total
[2023-02-09T15:34:31.804+0000][68][gc,age      ] GC(447) - age  15:       2912 bytes,    1836616 total
[2023-02-09T15:34:31.804+0000][68][gc,heap     ] GC(447) Eden regions: 22->0(22)
[2023-02-09T15:34:31.805+0000][68][gc,heap     ] GC(447) Survivor regions: 1->1(3)
[2023-02-09T15:34:31.806+0000][68][gc,heap     ] GC(447) Old regions: 26->26
[2023-02-09T15:34:31.806+0000][68][gc,heap     ] GC(447) Archive regions: 2->2
[2023-02-09T15:34:31.806+0000][68][gc,heap     ] GC(447) Humongous regions: 2->2
[2023-02-09T15:34:31.807+0000][68][gc,metaspace] GC(447) Metaspace: 143235K(146304K)->143235K(146304K) NonClass: 125047K(126272K)->125047K(126272K) Class: 18187K(20032K)->18187K(20032K)
[2023-02-09T15:34:31.807+0000][68][gc          ] GC(447) Pause Young (Concurrent Start) (G1 Evacuation Pause) 203M->116M(256M) 20.736ms
[2023-02-09T15:34:31.808+0000][68][gc          ] GC(448) Concurrent Mark Cycle
[2023-02-09T15:34:31.808+0000][68][gc,marking  ] GC(448) Concurrent Clear Claimed Marks
[2023-02-09T15:34:31.808+0000][68][gc,cpu      ] GC(447) User=0.01s Sys=0.00s Real=0.02s
[2023-02-09T15:34:31.809+0000][68][gc,marking  ] GC(448) Concurrent Clear Claimed Marks 0.632ms
[2023-02-09T15:34:31.810+0000][68][gc,marking  ] GC(448) Concurrent Scan Root Regions
[2023-02-09T15:34:31.809+0000][68][safepoint   ] Safepoint "G1CollectForAllocation", Time since last: 19050517366 ns, Reaching safepoint: 91899 ns, At safepoint: 22798692 ns, Total: 22890591 ns
[2023-02-09T15:34:31.813+0000][68][gc,marking  ] GC(448) Concurrent Scan Root Regions 2.838ms
[2023-02-09T15:34:31.814+0000][68][gc,marking  ] GC(448) Concurrent Mark
[2023-02-09T15:34:31.815+0000][68][gc,marking  ] GC(448) Concurrent Mark From Roots
[2023-02-09T15:34:31.816+0000][68][gc,task     ] GC(448) Using 1 workers of 1 for marking
[2023-02-09T15:34:31.943+0000][68][gc,marking  ] GC(448) Concurrent Mark From Roots 128.031ms
[2023-02-09T15:34:31.944+0000][68][gc,marking  ] GC(448) Concurrent Preclean
[2023-02-09T15:34:31.944+0000][68][gc,marking  ] GC(448) Concurrent Preclean 0.721ms
[2023-02-09T15:34:31.945+0000][68][gc,start    ] GC(448) Pause Remark
[2023-02-09T15:34:31.956+0000][68][gc          ] GC(448) Pause Remark 116M->116M(256M) 10.502ms
[2023-02-09T15:34:31.956+0000][68][gc,cpu      ] GC(448) User=0.03s Sys=0.00s Real=0.01s
[2023-02-09T15:34:31.957+0000][68][safepoint   ] Safepoint "G1PauseRemark", Time since last: 135538819 ns, Reaching safepoint: 71403 ns, At safepoint: 11686810 ns, Total: 11758213 ns
[2023-02-09T15:34:31.958+0000][68][gc,marking  ] GC(448) Concurrent Mark 143.405ms
[2023-02-09T15:34:31.958+0000][68][gc,marking  ] GC(448) Concurrent Rebuild Remembered Sets
[2023-02-09T15:34:32.014+0000][68][gc,marking  ] GC(448) Concurrent Rebuild Remembered Sets 55.739ms
[2023-02-09T15:34:32.015+0000][68][gc,start    ] GC(448) Pause Cleanup
[2023-02-09T15:34:32.016+0000][68][gc          ] GC(448) Pause Cleanup 121M->121M(256M) 0.638ms
[2023-02-09T15:34:32.016+0000][68][gc,cpu      ] GC(448) User=0.00s Sys=0.00s Real=0.00s
[2023-02-09T15:34:32.017+0000][68][safepoint   ] Safepoint "G1PauseCleanup", Time since last: 58226910 ns, Reaching safepoint: 128021 ns, At safepoint: 1603475 ns, Total: 1731496 ns
[2023-02-09T15:34:32.017+0000][68][gc,marking  ] GC(448) Concurrent Cleanup for Next Mark
[2023-02-09T15:34:32.018+0000][68][gc,marking  ] GC(448) Concurrent Cleanup for Next Mark 0.758ms
[2023-02-09T15:34:32.018+0000][68][gc          ] GC(448) Concurrent Mark Cycle 210.309ms
[2023-02-09T15:34:56.013+0000][68][safepoint   ] Safepoint "Cleanup", Time since last: 24017586656 ns, Reaching safepoint: 177069 ns, At safepoint: 4204 ns, Total: 181273 ns
[2023-02-09T15:34:59.011+0000][68][gc,start    ] GC(449) Pause Young (Normal) (G1 Evacuation Pause)
[2023-02-09T15:34:59.013+0000][68][gc,task     ] GC(449) Using 4 workers of 4 for evacuation
[2023-02-09T15:34:59.014+0000][68][gc,age      ] GC(449) Desired survivor size 6291456 bytes, new threshold 15 (max threshold 15)
[2023-02-09T15:34:59.025+0000][68][gc,phases   ] GC(449)   Pre Evacuate Collection Set: 0.3ms
[2023-02-09T15:34:59.026+0000][68][gc,phases   ] GC(449)   Merge Heap Roots: 0.4ms
[2023-02-09T15:34:59.027+0000][68][gc,phases   ] GC(449)   Evacuate Collection Set: 4.6ms
[2023-02-09T15:34:59.028+0000][68][gc,phases   ] GC(449)   Post Evacuate Collection Set: 1.7ms
[2023-02-09T15:34:59.029+0000][68][gc,phases   ] GC(449)   Other: 5.1ms
[2023-02-09T15:34:59.030+0000][68][gc,age      ] GC(449) Age table with threshold 15 (max threshold 15)
[2023-02-09T15:34:59.031+0000][68][gc,age      ] GC(449) - age   1:    1376896 bytes,    1376896 total
[2023-02-09T15:34:59.032+0000][68][gc,age      ] GC(449) - age   2:       4400 bytes,    1381296 total
[2023-02-09T15:34:59.032+0000][68][gc,age      ] GC(449) - age   3:       3624 bytes,    1384920 total
[2023-02-09T15:34:59.033+0000][68][gc,age      ] GC(449) - age   4:      10520 bytes,    1395440 total
[2023-02-09T15:34:59.034+0000][68][gc,age      ] GC(449) - age   5:      20792 bytes,    1416232 total
[2023-02-09T15:34:59.035+0000][68][gc,age      ] GC(449) - age   6:       2408 bytes,    1418640 total
[2023-02-09T15:34:59.036+0000][68][gc,age      ] GC(449) - age   7:      17752 bytes,    1436392 total
[2023-02-09T15:34:59.036+0000][68][gc,age      ] GC(449) - age   8:     201712 bytes,    1638104 total
[2023-02-09T15:34:59.037+0000][68][gc,age      ] GC(449) - age   9:        784 bytes,    1638888 total
[2023-02-09T15:34:59.038+0000][68][gc,age      ] GC(449) - age  10:      29192 bytes,    1668080 total
[2023-02-09T15:34:59.038+0000][68][gc,age      ] GC(449) - age  11:       2520 bytes,    1670600 total
[2023-02-09T15:34:59.039+0000][68][gc,age      ] GC(449) - age  12:       2496 bytes,    1673096 total
[2023-02-09T15:34:59.040+0000][68][gc,age      ] GC(449) - age  13:        112 bytes,    1673208 total
[2023-02-09T15:34:59.040+0000][68][gc,age      ] GC(449) - age  14:       2416 bytes,    1675624 total
[2023-02-09T15:34:59.041+0000][68][gc,heap     ] GC(449) Eden regions: 22->0(22)
[2023-02-09T15:34:59.042+0000][68][gc,heap     ] GC(449) Survivor regions: 1->1(3)
[2023-02-09T15:34:59.043+0000][68][gc,heap     ] GC(449) Old regions: 26->26
[2023-02-09T15:34:59.043+0000][68][gc,heap     ] GC(449) Archive regions: 2->2
[2023-02-09T15:34:59.044+0000][68][gc,heap     ] GC(449) Humongous regions: 2->2
[2023-02-09T15:34:59.045+0000][68][gc,metaspace] GC(449) Metaspace: 143307K(146368K)->143307K(146368K) NonClass: 125102K(126336K)->125102K(126336K) Class: 18204K(20032K)->18204K(20032K)
[2023-02-09T15:34:59.045+0000][68][gc          ] GC(449) Pause Young (Normal) (G1 Evacuation Pause) 204M->116M(256M) 34.442ms
[2023-02-09T15:34:59.046+0000][68][gc,cpu      ] GC(449) User=0.02s Sys=0.00s Real=0.03s
[2023-02-09T15:34:59.046+0000][68][safepoint   ] Safepoint "G1CollectForAllocation", Time since last: 2997311379 ns, Reaching safepoint: 356084 ns, At safepoint: 35647646 ns, Total: 36003730 ns
[2023-02-09T15:35:02.050+0000][68][safepoint   ] Safepoint "Cleanup", Time since last: 3003495077 ns, Reaching safepoint: 108421 ns, At safepoint: 3696 ns, Total: 112117 ns
[2023-02-09T15:35:14.063+0000][68][safepoint   ] Safepoint "Cleanup", Time since last: 12012885691 ns, Reaching safepoint: 322094 ns, At safepoint: 13239 ns, Total: 335333 ns
[2023-02-09T15:35:21.049+0000][68][safepoint   ] Safepoint "Cleanup", Time since last: 7007329037 ns, Reaching safepoint: 171447 ns, At safepoint: 12929 ns, Total: 184376 ns
[2023-02-09T15:35:22.836+0000][68][gc,start    ] GC(450) Pause Young (Concurrent Start) (G1 Evacuation Pause)
[2023-02-09T15:35:22.836+0000][68][gc,task     ] GC(450) Using 4 workers of 4 for evacuation
[2023-02-09T15:35:22.837+0000][68][gc,age      ] GC(450) Desired survivor size 6291456 bytes, new threshold 15 (max threshold 15)
[2023-02-09T15:35:22.841+0000][68][gc,phases   ] GC(450)   Pre Evacuate Collection Set: 0.3ms
[2023-02-09T15:35:22.842+0000][68][gc,phases   ] GC(450)   Merge Heap Roots: 0.1ms
[2023-02-09T15:35:22.843+0000][68][gc,phases   ] GC(450)   Evacuate Collection Set: 2.5ms
[2023-02-09T15:35:22.844+0000][68][gc,phases   ] GC(450)   Post Evacuate Collection Set: 0.9ms
[2023-02-09T15:35:22.845+0000][68][gc,phases   ] GC(450)   Other: 1.0ms
[2023-02-09T15:35:22.846+0000][68][gc,age      ] GC(450) Age table with threshold 15 (max threshold 15)
[2023-02-09T15:35:22.847+0000][68][gc,age      ] GC(450) - age   1:    1707576 bytes,    1707576 total
[2023-02-09T15:35:22.848+0000][68][gc,age      ] GC(450) - age   2:     126504 bytes,    1834080 total
[2023-02-09T15:35:22.848+0000][68][gc,age      ] GC(450) - age   3:       1752 bytes,    1835832 total
[2023-02-09T15:35:22.849+0000][68][gc,age      ] GC(450) - age   4:       3176 bytes,    1839008 total
[2023-02-09T15:35:22.850+0000][68][gc,age      ] GC(450) - age   5:       8864 bytes,    1847872 total
[2023-02-09T15:35:22.852+0000][68][gc,age      ] GC(450) - age   6:       4160 bytes,    1852032 total
[2023-02-09T15:35:22.853+0000][68][gc,age      ] GC(450) - age   7:        320 bytes,    1852352 total
[2023-02-09T15:35:22.854+0000][68][gc,age      ] GC(450) - age   8:       4912 bytes,    1857264 total
[2023-02-09T15:35:22.854+0000][68][gc,age      ] GC(450) - age   9:     129800 bytes,    1987064 total
[2023-02-09T15:35:22.855+0000][68][gc,age      ] GC(450) - age  10:        784 bytes,    1987848 total
[2023-02-09T15:35:22.856+0000][68][gc,age      ] GC(450) - age  11:      29152 bytes,    2017000 total
[2023-02-09T15:35:22.857+0000][68][gc,age      ] GC(450) - age  12:       2520 bytes,    2019520 total
[2023-02-09T15:35:22.857+0000][68][gc,age      ] GC(450) - age  13:       2496 bytes,    2022016 total
[2023-02-09T15:35:22.858+0000][68][gc,age      ] GC(450) - age  14:        112 bytes,    2022128 total
[2023-02-09T15:35:22.859+0000][68][gc,age      ] GC(450) - age  15:       2416 bytes,    2024544 total
[2023-02-09T15:35:22.860+0000][68][gc,heap     ] GC(450) Eden regions: 22->0(22)
[2023-02-09T15:35:22.861+0000][68][gc,heap     ] GC(450) Survivor regions: 1->1(3)
[2023-02-09T15:35:22.862+0000][68][gc,heap     ] GC(450) Old regions: 26->26
[2023-02-09T15:35:22.863+0000][68][gc,heap     ] GC(450) Archive regions: 2->2
[2023-02-09T15:35:22.863+0000][68][gc,heap     ] GC(450) Humongous regions: 2->2
[2023-02-09T15:35:22.864+0000][68][gc,metaspace] GC(450) Metaspace: 143308K(146368K)->143308K(146368K) NonClass: 125103K(126336K)->125103K(126336K) Class: 18204K(20032K)->18204K(20032K)
[2023-02-09T15:35:22.865+0000][68][gc          ] GC(450) Pause Young (Concurrent Start) (G1 Evacuation Pause) 204M->116M(256M) 29.125ms
[2023-02-09T15:35:22.866+0000][68][gc,cpu      ] GC(450) User=0.01s Sys=0.00s Real=0.03s
[2023-02-09T15:35:22.866+0000][68][gc          ] GC(451) Concurrent Mark Cycle
[2023-02-09T15:35:22.867+0000][68][gc,marking  ] GC(451) Concurrent Clear Claimed Marks
[2023-02-09T15:35:22.866+0000][68][safepoint   ] Safepoint "G1CollectForAllocation", Time since last: 1786210846 ns, Reaching safepoint: 252628 ns, At safepoint: 30634495 ns, Total: 30887123 ns
[2023-02-09T15:35:22.868+0000][68][gc,marking  ] GC(451) Concurrent Clear Claimed Marks 1.457ms
[2023-02-09T15:35:22.872+0000][68][gc,marking  ] GC(451) Concurrent Scan Root Regions
[2023-02-09T15:35:22.876+0000][68][gc,marking  ] GC(451) Concurrent Scan Root Regions 4.272ms
[2023-02-09T15:35:22.877+0000][68][gc,marking  ] GC(451) Concurrent Mark
[2023-02-09T15:35:22.878+0000][68][gc,marking  ] GC(451) Concurrent Mark From Roots
[2023-02-09T15:35:22.879+0000][68][gc,task     ] GC(451) Using 1 workers of 1 for marking
[2023-02-09T15:35:22.995+0000][68][gc,marking  ] GC(451) Concurrent Mark From Roots 117.042ms
[2023-02-09T15:35:22.996+0000][68][gc,marking  ] GC(451) Concurrent Preclean
[2023-02-09T15:35:22.997+0000][68][gc,marking  ] GC(451) Concurrent Preclean 1.132ms
[2023-02-09T15:35:22.998+0000][68][gc,start    ] GC(451) Pause Remark
[2023-02-09T15:35:23.010+0000][68][gc          ] GC(451) Pause Remark 117M->117M(256M) 12.592ms
[2023-02-09T15:35:23.011+0000][68][gc,cpu      ] GC(451) User=0.04s Sys=0.00s Real=0.01s
[2023-02-09T15:35:23.012+0000][68][safepoint   ] Safepoint "G1PauseRemark", Time since last: 131379323 ns, Reaching safepoint: 109305 ns, At safepoint: 14485857 ns, Total: 14595162 ns
[2023-02-09T15:35:23.013+0000][68][gc,marking  ] GC(451) Concurrent Mark 136.067ms
[2023-02-09T15:35:23.014+0000][68][gc,marking  ] GC(451) Concurrent Rebuild Remembered Sets
[2023-02-09T15:35:23.066+0000][68][gc,marking  ] GC(451) Concurrent Rebuild Remembered Sets 52.397ms
[2023-02-09T15:35:23.067+0000][68][gc,start    ] GC(451) Pause Cleanup
[2023-02-09T15:35:23.068+0000][68][gc          ] GC(451) Pause Cleanup 117M->117M(256M) 1.067ms
[2023-02-09T15:35:23.069+0000][68][gc,cpu      ] GC(451) User=0.00s Sys=0.00s Real=0.00s
[2023-02-09T15:35:23.070+0000][68][safepoint   ] Safepoint "G1PauseCleanup", Time since last: 54795050 ns, Reaching safepoint: 199239 ns, At safepoint: 2533761 ns, Total: 2733000 ns
[2023-02-09T15:35:23.070+0000][68][gc,marking  ] GC(451) Concurrent Cleanup for Next Mark
[2023-02-09T15:35:23.071+0000][68][gc,marking  ] GC(451) Concurrent Cleanup for Next Mark 0.634ms
[2023-02-09T15:35:23.071+0000][68][gc          ] GC(451) Concurrent Mark Cycle 205.908ms
[2023-02-09T15:35:27.075+0000][68][safepoint   ] Safepoint "Cleanup", Time since last: 4004189517 ns, Reaching safepoint: 688843 ns, At safepoint: 15042 ns, Total: 703885 ns
[2023-02-09T15:35:38.089+0000][68][safepoint   ] Safepoint "Cleanup", Time since last: 11014060974 ns, Reaching safepoint: 139194 ns, At safepoint: 4714 ns, Total: 143908 ns
[2023-02-09T15:35:49.951+0000][68][gc,start    ] GC(452) Pause Young (Normal) (G1 Evacuation Pause)
[2023-02-09T15:35:49.954+0000][68][gc,task     ] GC(452) Using 4 workers of 4 for evacuation
[2023-02-09T15:35:49.956+0000][68][gc,age      ] GC(452) Desired survivor size 6291456 bytes, new threshold 15 (max threshold 15)
[2023-02-09T15:35:49.964+0000][68][gc,phases   ] GC(452)   Pre Evacuate Collection Set: 0.7ms
[2023-02-09T15:35:49.965+0000][68][gc,phases   ] GC(452)   Merge Heap Roots: 0.5ms
[2023-02-09T15:35:49.966+0000][68][gc,phases   ] GC(452)   Evacuate Collection Set: 3.4ms
[2023-02-09T15:35:49.967+0000][68][gc,phases   ] GC(452)   Post Evacuate Collection Set: 1.7ms
[2023-02-09T15:35:49.968+0000][68][gc,phases   ] GC(452)   Other: 3.7ms
[2023-02-09T15:35:49.969+0000][68][gc,age      ] GC(452) Age table with threshold 15 (max threshold 15)
[2023-02-09T15:35:49.970+0000][68][gc,age      ] GC(452) - age   1:    1238584 bytes,    1238584 total
[2023-02-09T15:35:49.971+0000][68][gc,age      ] GC(452) - age   2:     475104 bytes,    1713688 total
[2023-02-09T15:35:49.972+0000][68][gc,age      ] GC(452) - age   3:     124272 bytes,    1837960 total
[2023-02-09T15:35:49.973+0000][68][gc,age      ] GC(452) - age   4:        848 bytes,    1838808 total
[2023-02-09T15:35:49.973+0000][68][gc,age      ] GC(452) - age   5:       2880 bytes,    1841688 total
[2023-02-09T15:35:49.974+0000][68][gc,age      ] GC(452) - age   6:       8800 bytes,    1850488 total
[2023-02-09T15:35:49.975+0000][68][gc,age      ] GC(452) - age   7:       4096 bytes,    1854584 total
[2023-02-09T15:35:49.975+0000][68][gc,age      ] GC(452) - age   8:        320 bytes,    1854904 total
[2023-02-09T15:35:49.976+0000][68][gc,age      ] GC(452) - age   9:       4912 bytes,    1859816 total
[2023-02-09T15:35:49.977+0000][68][gc,age      ] GC(452) - age  10:     127464 bytes,    1987280 total
[2023-02-09T15:35:49.978+0000][68][gc,age      ] GC(452) - age  11:        784 bytes,    1988064 total
[2023-02-09T15:35:49.978+0000][68][gc,age      ] GC(452) - age  12:      29152 bytes,    2017216 total
[2023-02-09T15:35:49.979+0000][68][gc,age      ] GC(452) - age  13:       2520 bytes,    2019736 total
[2023-02-09T15:35:49.980+0000][68][gc,age      ] GC(452) - age  14:       2496 bytes,    2022232 total
[2023-02-09T15:35:49.980+0000][68][gc,age      ] GC(452) - age  15:        112 bytes,    2022344 total
[2023-02-09T15:35:49.981+0000][68][gc,heap     ] GC(452) Eden regions: 22->0(22)
[2023-02-09T15:35:49.982+0000][68][gc,heap     ] GC(452) Survivor regions: 1->1(3)
[2023-02-09T15:35:49.982+0000][68][gc,heap     ] GC(452) Old regions: 26->26
[2023-02-09T15:35:49.984+0000][68][gc,heap     ] GC(452) Archive regions: 2->2
[2023-02-09T15:35:49.984+0000][68][gc,heap     ] GC(452) Humongous regions: 2->2
[2023-02-09T15:35:49.985+0000][68][gc,metaspace] GC(452) Metaspace: 143308K(146368K)->143308K(146368K) NonClass: 125103K(126336K)->125103K(126336K) Class: 18204K(20032K)->18204K(20032K)
[2023-02-09T15:35:49.985+0000][68][gc          ] GC(452) Pause Young (Normal) (G1 Evacuation Pause) 204M->116M(256M) 33.956ms
[2023-02-09T15:35:49.986+0000][68][gc,cpu      ] GC(452) User=0.01s Sys=0.01s Real=0.04s
[2023-02-09T15:35:49.986+0000][68][safepoint   ] Safepoint "G1CollectForAllocation", Time since last: 11883153859 ns, Reaching safepoint: 581075 ns, At safepoint: 34981176 ns, Total: 35562251 ns
[2023-02-09T15:35:55.992+0000][68][safepoint   ] Safepoint "Cleanup", Time since last: 6005317059 ns, Reaching safepoint: 264972 ns, At safepoint: 25980 ns, Total: 290952 ns
[2023-02-09T15:35:57.994+0000][68][safepoint   ] Safepoint "Cleanup", Time since last: 2001860393 ns, Reaching safepoint: 158163 ns, At safepoint: 6400 ns, Total: 164563 ns
[2023-02-09T15:36:02.999+0000][68][safepoint   ] Safepoint "Cleanup", Time since last: 5004365780 ns, Reaching safepoint: 243610 ns, At safepoint: 14895 ns, Total: 258505 ns
[2023-02-09T15:36:17.066+0000][68][gc,start    ] GC(453) Pause Young (Concurrent Start) (G1 Evacuation Pause)
[2023-02-09T15:36:17.066+0000][68][gc,task     ] GC(453) Using 4 workers of 4 for evacuation
[2023-02-09T15:36:17.067+0000][68][gc,age      ] GC(453) Desired survivor size 6291456 bytes, new threshold 15 (max threshold 15)
[2023-02-09T15:36:17.071+0000][68][gc,phases   ] GC(453)   Pre Evacuate Collection Set: 0.4ms
[2023-02-09T15:36:17.072+0000][68][gc,phases   ] GC(453)   Merge Heap Roots: 0.2ms
[2023-02-09T15:36:17.073+0000][68][gc,phases   ] GC(453)   Evacuate Collection Set: 2.3ms
[2023-02-09T15:36:17.073+0000][68][gc,phases   ] GC(453)   Post Evacuate Collection Set: 0.8ms
[2023-02-09T15:36:17.074+0000][68][gc,phases   ] GC(453)   Other: 1.2ms
[2023-02-09T15:36:17.074+0000][68][gc,age      ] GC(453) Age table with threshold 15 (max threshold 15)
[2023-02-09T15:36:17.075+0000][68][gc,age      ] GC(453) - age   1:    1632328 bytes,    1632328 total
[2023-02-09T15:36:17.076+0000][68][gc,age      ] GC(453) - age   2:      85632 bytes,    1717960 total
[2023-02-09T15:36:17.076+0000][68][gc,age      ] GC(453) - age   3:     474256 bytes,    2192216 total
[2023-02-09T15:36:17.077+0000][68][gc,age      ] GC(453) - age   4:     124080 bytes,    2316296 total
[2023-02-09T15:36:17.077+0000][68][gc,age      ] GC(453) - age   5:        752 bytes,    2317048 total
[2023-02-09T15:36:17.078+0000][68][gc,age      ] GC(453) - age   6:       2880 bytes,    2319928 total
[2023-02-09T15:36:17.078+0000][68][gc,age      ] GC(453) - age   7:       8800 bytes,    2328728 total
[2023-02-09T15:36:17.079+0000][68][gc,age      ] GC(453) - age   8:       4096 bytes,    2332824 total
[2023-02-09T15:36:17.079+0000][68][gc,age      ] GC(453) - age   9:        288 bytes,    2333112 total
[2023-02-09T15:36:17.080+0000][68][gc,age      ] GC(453) - age  10:       4912 bytes,    2338024 total
[2023-02-09T15:36:17.080+0000][68][gc,age      ] GC(453) - age  11:     127464 bytes,    2465488 total
[2023-02-09T15:36:17.081+0000][68][gc,age      ] GC(453) - age  12:        784 bytes,    2466272 total
[2023-02-09T15:36:17.082+0000][68][gc,age      ] GC(453) - age  13:      29152 bytes,    2495424 total
[2023-02-09T15:36:17.082+0000][68][gc,age      ] GC(453) - age  14:       2520 bytes,    2497944 total
[2023-02-09T15:36:17.083+0000][68][gc,age      ] GC(453) - age  15:       2496 bytes,    2500440 total
[2023-02-09T15:36:17.083+0000][68][gc,heap     ] GC(453) Eden regions: 22->0(22)
[2023-02-09T15:36:17.084+0000][68][gc,heap     ] GC(453) Survivor regions: 1->1(3)
[2023-02-09T15:36:17.084+0000][68][gc,heap     ] GC(453) Old regions: 26->26
[2023-02-09T15:36:17.085+0000][68][gc,heap     ] GC(453) Archive regions: 2->2
[2023-02-09T15:36:17.085+0000][68][gc,heap     ] GC(453) Humongous regions: 2->2
[2023-02-09T15:36:17.086+0000][68][gc,metaspace] GC(453) Metaspace: 143315K(146368K)->143315K(146368K) NonClass: 125111K(126336K)->125111K(126336K) Class: 18204K(20032K)->18204K(20032K)
[2023-02-09T15:36:17.087+0000][68][gc          ] GC(453) Pause Young (Concurrent Start) (G1 Evacuation Pause) 204M->117M(256M) 20.838ms
[2023-02-09T15:36:17.087+0000][68][gc          ] GC(454) Concurrent Mark Cycle
[2023-02-09T15:36:17.087+0000][68][gc,marking  ] GC(454) Concurrent Clear Claimed Marks
[2023-02-09T15:36:17.087+0000][68][gc,cpu      ] GC(453) User=0.00s Sys=0.00s Real=0.02s
[2023-02-09T15:36:17.088+0000][68][gc,marking  ] GC(454) Concurrent Clear Claimed Marks 0.628ms
[2023-02-09T15:36:17.089+0000][68][gc,marking  ] GC(454) Concurrent Scan Root Regions
[2023-02-09T15:36:17.088+0000][68][safepoint   ] Safepoint "G1CollectForAllocation", Time since last: 14066936317 ns, Reaching safepoint: 196725 ns, At safepoint: 22780075 ns, Total: 22976800 ns
[2023-02-09T15:36:17.092+0000][68][gc,marking  ] GC(454) Concurrent Scan Root Regions 2.802ms
[2023-02-09T15:36:17.092+0000][68][gc,marking  ] GC(454) Concurrent Mark
[2023-02-09T15:36:17.092+0000][68][gc,marking  ] GC(454) Concurrent Mark From Roots
[2023-02-09T15:36:17.093+0000][68][gc,task     ] GC(454) Using 1 workers of 1 for marking
[2023-02-09T15:36:17.237+0000][68][gc,marking  ] GC(454) Concurrent Mark From Roots 144.587ms
[2023-02-09T15:36:17.238+0000][68][gc,marking  ] GC(454) Concurrent Preclean
[2023-02-09T15:36:17.239+0000][68][gc,marking  ] GC(454) Concurrent Preclean 0.893ms
[2023-02-09T15:36:17.239+0000][68][gc,start    ] GC(454) Pause Remark
[2023-02-09T15:36:17.257+0000][68][gc          ] GC(454) Pause Remark 118M->118M(256M) 17.374ms
[2023-02-09T15:36:17.258+0000][68][gc,cpu      ] GC(454) User=0.04s Sys=0.00s Real=0.02s
[2023-02-09T15:36:17.259+0000][68][safepoint   ] Safepoint "G1PauseRemark", Time since last: 150904146 ns, Reaching safepoint: 58622 ns, At safepoint: 19049940 ns, Total: 19108562 ns
[2023-02-09T15:36:17.259+0000][68][gc,marking  ] GC(454) Concurrent Mark 167.288ms
[2023-02-09T15:36:17.260+0000][68][gc,marking  ] GC(454) Concurrent Rebuild Remembered Sets
[2023-02-09T15:36:17.321+0000][68][gc,marking  ] GC(454) Concurrent Rebuild Remembered Sets 60.942ms
[2023-02-09T15:36:17.321+0000][68][gc,start    ] GC(454) Pause Cleanup
[2023-02-09T15:36:17.322+0000][68][gc          ] GC(454) Pause Cleanup 118M->118M(256M) 0.629ms
[2023-02-09T15:36:17.323+0000][68][gc,cpu      ] GC(454) User=0.00s Sys=0.00s Real=0.00s
[2023-02-09T15:36:17.323+0000][68][safepoint   ] Safepoint "G1PauseCleanup", Time since last: 62811568 ns, Reaching safepoint: 127938 ns, At safepoint: 1489632 ns, Total: 1617570 ns
[2023-02-09T15:36:17.323+0000][68][gc,marking  ] GC(454) Concurrent Cleanup for Next Mark
[2023-02-09T15:36:17.324+0000][68][gc,marking  ] GC(454) Concurrent Cleanup for Next Mark 0.731ms
[2023-02-09T15:36:17.325+0000][68][gc          ] GC(454) Concurrent Mark Cycle 237.738ms
[2023-02-09T15:36:24.307+0000][68][safepoint   ] Safepoint "Cleanup", Time since last: 7005366555 ns, Reaching safepoint: 864853 ns, At safepoint: 31245 ns, Total: 896098 ns
[2023-02-09T15:36:37.660+0000][68][gc,start    ] GC(455) Pause Young (Normal) (G1 Evacuation Pause)
[2023-02-09T15:36:37.661+0000][68][gc,task     ] GC(455) Using 4 workers of 4 for evacuation
[2023-02-09T15:36:37.661+0000][68][gc,age      ] GC(455) Desired survivor size 6291456 bytes, new threshold 15 (max threshold 15)
[2023-02-09T15:36:37.665+0000][68][gc,phases   ] GC(455)   Pre Evacuate Collection Set: 0.1ms
[2023-02-09T15:36:37.666+0000][68][gc,phases   ] GC(455)   Merge Heap Roots: 0.1ms
[2023-02-09T15:36:37.667+0000][68][gc,phases   ] GC(455)   Evacuate Collection Set: 2.1ms
[2023-02-09T15:36:37.667+0000][68][gc,phases   ] GC(455)   Post Evacuate Collection Set: 1.0ms
[2023-02-09T15:36:37.668+0000][68][gc,phases   ] GC(455)   Other: 1.4ms
[2023-02-09T15:36:37.668+0000][68][gc,age      ] GC(455) Age table with threshold 15 (max threshold 15)
[2023-02-09T15:36:37.669+0000][68][gc,age      ] GC(455) - age   1:     525448 bytes,     525448 total
[2023-02-09T15:36:37.670+0000][68][gc,age      ] GC(455) - age   2:       2928 bytes,     528376 total
[2023-02-09T15:36:37.672+0000][68][gc,age      ] GC(455) - age   3:      48520 bytes,     576896 total
[2023-02-09T15:36:37.676+0000][68][gc,age      ] GC(455) - age   4:     364728 bytes,     941624 total
[2023-02-09T15:36:37.678+0000][68][gc,age      ] GC(455) - age   5:     123864 bytes,    1065488 total
[2023-02-09T15:36:37.681+0000][68][gc,age      ] GC(455) - age   6:        392 bytes,    1065880 total
[2023-02-09T15:36:37.683+0000][68][gc,age      ] GC(455) - age   7:       2880 bytes,    1068760 total
[2023-02-09T15:36:37.702+0000][68][gc,age      ] GC(455) - age   8:        784 bytes,    1069544 total
[2023-02-09T15:36:37.703+0000][68][gc,age      ] GC(455) - age   9:       4096 bytes,    1073640 total
[2023-02-09T15:36:37.704+0000][68][gc,age      ] GC(455) - age  10:        288 bytes,    1073928 total
[2023-02-09T15:36:37.705+0000][68][gc,age      ] GC(455) - age  11:       4912 bytes,    1078840 total
[2023-02-09T15:36:37.707+0000][68][gc,age      ] GC(455) - age  12:     127384 bytes,    1206224 total
[2023-02-09T15:36:37.710+0000][68][gc,age      ] GC(455) - age  13:        784 bytes,    1207008 total
[2023-02-09T15:36:37.713+0000][68][gc,age      ] GC(455) - age  14:      29152 bytes,    1236160 total
[2023-02-09T15:36:37.714+0000][68][gc,age      ] GC(455) - age  15:       2520 bytes,    1238680 total
[2023-02-09T15:36:37.717+0000][68][gc,heap     ] GC(455) Eden regions: 22->0(22)
[2023-02-09T15:36:37.720+0000][68][gc,heap     ] GC(455) Survivor regions: 1->1(3)
[2023-02-09T15:36:37.725+0000][68][gc,heap     ] GC(455) Old regions: 26->26
[2023-02-09T15:36:37.726+0000][68][gc,heap     ] GC(455) Archive regions: 2->2
[2023-02-09T15:36:37.728+0000][68][gc,heap     ] GC(455) Humongous regions: 2->2
[2023-02-09T15:36:37.731+0000][68][gc,metaspace] GC(455) Metaspace: 143316K(146368K)->143316K(146368K) NonClass: 125111K(126336K)->125111K(126336K) Class: 18204K(20032K)->18204K(20032K)
[2023-02-09T15:36:37.736+0000][68][gc          ] GC(455) Pause Young (Normal) (G1 Evacuation Pause) 205M->115M(256M) 76.422ms
[2023-02-09T15:36:37.740+0000][68][gc,cpu      ] GC(455) User=0.01s Sys=0.00s Real=0.08s
[2023-02-09T15:36:37.741+0000][68][safepoint   ] Safepoint "G1CollectForAllocation", Time since last: 13352500530 ns, Reaching safepoint: 131379 ns, At safepoint: 80925391 ns, Total: 81056770 ns
[2023-02-09T15:36:43.747+0000][68][safepoint   ] Safepoint "Cleanup", Time since last: 6005832855 ns, Reaching safepoint: 298007 ns, At safepoint: 75792 ns, Total: 373799 ns
[2023-02-09T15:36:53.734+0000][68][safepoint   ] Safepoint "Cleanup", Time since last: 10008880150 ns, Reaching safepoint: 105997 ns, At safepoint: 6421 ns, Total: 112418 ns
[2023-02-09T15:37:01.997+0000][68][gc,start    ] GC(456) Pause Young (Concurrent Start) (G1 Evacuation Pause)
[2023-02-09T15:37:01.998+0000][68][gc,task     ] GC(456) Using 4 workers of 4 for evacuation
[2023-02-09T15:37:01.999+0000][68][gc,age      ] GC(456) Desired survivor size 6291456 bytes, new threshold 15 (max threshold 15)
[2023-02-09T15:37:02.004+0000][68][gc,phases   ] GC(456)   Pre Evacuate Collection Set: 0.4ms
[2023-02-09T15:37:02.005+0000][68][gc,phases   ] GC(456)   Merge Heap Roots: 0.2ms
[2023-02-09T15:37:02.006+0000][68][gc,phases   ] GC(456)   Evacuate Collection Set: 2.6ms
[2023-02-09T15:37:02.007+0000][68][gc,phases   ] GC(456)   Post Evacuate Collection Set: 1.5ms
[2023-02-09T15:37:02.008+0000][68][gc,phases   ] GC(456)   Other: 1.5ms
[2023-02-09T15:37:02.009+0000][68][gc,age      ] GC(456) Age table with threshold 15 (max threshold 15)
[2023-02-09T15:37:02.010+0000][68][gc,age      ] GC(456) - age   1:    2154904 bytes,    2154904 total
[2023-02-09T15:37:02.010+0000][68][gc,age      ] GC(456) - age   2:     125448 bytes,    2280352 total
[2023-02-09T15:37:02.011+0000][68][gc,age      ] GC(456) - age   3:        832 bytes,    2281184 total
[2023-02-09T15:37:02.011+0000][68][gc,age      ] GC(456) - age   4:      47432 bytes,    2328616 total
[2023-02-09T15:37:02.012+0000][68][gc,age      ] GC(456) - age   5:      42496 bytes,    2371112 total
[2023-02-09T15:37:02.013+0000][68][gc,age      ] GC(456) - age   6:     123720 bytes,    2494832 total
[2023-02-09T15:37:02.013+0000][68][gc,age      ] GC(456) - age   7:        328 bytes,    2495160 total
[2023-02-09T15:37:02.014+0000][68][gc,age      ] GC(456) - age   8:       2880 bytes,    2498040 total
[2023-02-09T15:37:02.014+0000][68][gc,age      ] GC(456) - age   9:        784 bytes,    2498824 total
[2023-02-09T15:37:02.015+0000][68][gc,age      ] GC(456) - age  10:       4096 bytes,    2502920 total
[2023-02-09T15:37:02.015+0000][68][gc,age      ] GC(456) - age  11:        288 bytes,    2503208 total
[2023-02-09T15:37:02.016+0000][68][gc,age      ] GC(456) - age  12:        536 bytes,    2503744 total
[2023-02-09T15:37:02.016+0000][68][gc,age      ] GC(456) - age  13:      11728 bytes,    2515472 total
[2023-02-09T15:37:02.016+0000][68][gc,age      ] GC(456) - age  14:        784 bytes,    2516256 total
[2023-02-09T15:37:02.017+0000][68][gc,age      ] GC(456) - age  15:      29152 bytes,    2545408 total
[2023-02-09T15:37:02.017+0000][68][gc,heap     ] GC(456) Eden regions: 22->0(21)
[2023-02-09T15:37:02.018+0000][68][gc,heap     ] GC(456) Survivor regions: 1->1(3)
[2023-02-09T15:37:02.018+0000][68][gc,heap     ] GC(456) Old regions: 26->26
[2023-02-09T15:37:02.018+0000][68][gc,heap     ] GC(456) Archive regions: 2->2
[2023-02-09T15:37:02.019+0000][68][gc,heap     ] GC(456) Humongous regions: 2->2
[2023-02-09T15:37:02.019+0000][68][gc,metaspace] GC(456) Metaspace: 143317K(146368K)->143317K(146368K) NonClass: 125112K(126336K)->125112K(126336K) Class: 18204K(20032K)->18204K(20032K)
[2023-02-09T15:37:02.020+0000][68][gc          ] GC(456) Pause Young (Concurrent Start) (G1 Evacuation Pause) 203M->117M(256M) 23.174ms
[2023-02-09T15:37:02.021+0000][68][gc,cpu      ] GC(456) User=0.01s Sys=0.01s Real=0.02s
[2023-02-09T15:37:02.021+0000][68][safepoint   ] Safepoint "G1CollectForAllocation", Time since last: 8262487947 ns, Reaching safepoint: 165676 ns, At safepoint: 24142930 ns, Total: 24308606 ns
[2023-02-09T15:37:02.021+0000][68][gc          ] GC(457) Concurrent Mark Cycle
[2023-02-09T15:37:02.022+0000][68][gc,marking  ] GC(457) Concurrent Clear Claimed Marks
[2023-02-09T15:37:02.023+0000][68][gc,marking  ] GC(457) Concurrent Clear Claimed Marks 1.249ms
[2023-02-09T15:37:02.024+0000][68][gc,marking  ] GC(457) Concurrent Scan Root Regions
[2023-02-09T15:37:02.027+0000][68][gc,marking  ] GC(457) Concurrent Scan Root Regions 3.101ms
[2023-02-09T15:37:02.027+0000][68][gc,marking  ] GC(457) Concurrent Mark
[2023-02-09T15:37:02.028+0000][68][gc,marking  ] GC(457) Concurrent Mark From Roots
[2023-02-09T15:37:02.028+0000][68][gc,task     ] GC(457) Using 1 workers of 1 for marking
[2023-02-09T15:37:02.175+0000][68][gc,marking  ] GC(457) Concurrent Mark From Roots 147.386ms
[2023-02-09T15:37:02.176+0000][68][gc,marking  ] GC(457) Concurrent Preclean
[2023-02-09T15:37:02.177+0000][68][gc,marking  ] GC(457) Concurrent Preclean 1.131ms
[2023-02-09T15:37:02.178+0000][68][gc,start    ] GC(457) Pause Remark
[2023-02-09T15:37:02.190+0000][68][gc          ] GC(457) Pause Remark 121M->121M(256M) 11.922ms
[2023-02-09T15:37:02.191+0000][68][gc,cpu      ] GC(457) User=0.03s Sys=0.00s Real=0.01s
[2023-02-09T15:37:02.192+0000][68][safepoint   ] Safepoint "G1PauseRemark", Time since last: 157113384 ns, Reaching safepoint: 148690 ns, At safepoint: 13303182 ns, Total: 13451872 ns
[2023-02-09T15:37:02.192+0000][68][gc,marking  ] GC(457) Concurrent Mark 164.788ms
[2023-02-09T15:37:02.193+0000][68][gc,marking  ] GC(457) Concurrent Rebuild Remembered Sets
[2023-02-09T15:37:02.251+0000][68][gc,marking  ] GC(457) Concurrent Rebuild Remembered Sets 58.526ms
[2023-02-09T15:37:02.252+0000][68][gc,start    ] GC(457) Pause Cleanup
[2023-02-09T15:37:02.253+0000][68][gc          ] GC(457) Pause Cleanup 121M->121M(256M) 0.505ms
[2023-02-09T15:37:02.253+0000][68][gc,cpu      ] GC(457) User=0.00s Sys=0.00s Real=0.00s
[2023-02-09T15:37:02.254+0000][68][safepoint   ] Safepoint "G1PauseCleanup", Time since last: 60626343 ns, Reaching safepoint: 80002 ns, At safepoint: 1843340 ns, Total: 1923342 ns
[2023-02-09T15:37:02.255+0000][68][gc,marking  ] GC(457) Concurrent Cleanup for Next Mark
[2023-02-09T15:37:02.255+0000][68][gc,marking  ] GC(457) Concurrent Cleanup for Next Mark 0.755ms
[2023-02-09T15:37:02.256+0000][68][gc          ] GC(457) Concurrent Mark Cycle 235.425ms
[2023-02-09T15:37:27.257+0000][68][gc,start    ] GC(458) Pause Young (Normal) (G1 Evacuation Pause)
[2023-02-09T15:37:27.258+0000][68][gc,task     ] GC(458) Using 4 workers of 4 for evacuation
[2023-02-09T15:37:27.258+0000][68][gc,age      ] GC(458) Desired survivor size 6291456 bytes, new threshold 15 (max threshold 15)
[2023-02-09T15:37:27.263+0000][68][gc,phases   ] GC(458)   Pre Evacuate Collection Set: 0.2ms
[2023-02-09T15:37:27.263+0000][68][gc,phases   ] GC(458)   Merge Heap Roots: 0.1ms
[2023-02-09T15:37:27.264+0000][68][gc,phases   ] GC(458)   Evacuate Collection Set: 2.0ms
[2023-02-09T15:37:27.264+0000][68][gc,phases   ] GC(458)   Post Evacuate Collection Set: 1.5ms
[2023-02-09T15:37:27.265+0000][68][gc,phases   ] GC(458)   Other: 1.1ms
[2023-02-09T15:37:27.265+0000][68][gc,age      ] GC(458) Age table with threshold 15 (max threshold 15)
[2023-02-09T15:37:27.266+0000][68][gc,age      ] GC(458) - age   1:    1057832 bytes,    1057832 total
[2023-02-09T15:37:27.266+0000][68][gc,age      ] GC(458) - age   2:     398800 bytes,    1456632 total
[2023-02-09T15:37:27.267+0000][68][gc,age      ] GC(458) - age   3:       7704 bytes,    1464336 total
[2023-02-09T15:37:27.267+0000][68][gc,age      ] GC(458) - age   4:        208 bytes,    1464544 total
[2023-02-09T15:37:27.268+0000][68][gc,age      ] GC(458) - age   5:      47304 bytes,    1511848 total
[2023-02-09T15:37:27.268+0000][68][gc,age      ] GC(458) - age   6:      42304 bytes,    1554152 total
[2023-02-09T15:37:27.268+0000][68][gc,age      ] GC(458) - age   7:      89328 bytes,    1643480 total
[2023-02-09T15:37:27.269+0000][68][gc,age      ] GC(458) - age   8:        328 bytes,    1643808 total
[2023-02-09T15:37:27.269+0000][68][gc,age      ] GC(458) - age   9:       2880 bytes,    1646688 total
[2023-02-09T15:37:27.270+0000][68][gc,age      ] GC(458) - age  10:        784 bytes,    1647472 total
[2023-02-09T15:37:27.270+0000][68][gc,age      ] GC(458) - age  11:       4096 bytes,    1651568 total
[2023-02-09T15:37:27.271+0000][68][gc,age      ] GC(458) - age  12:        288 bytes,    1651856 total
[2023-02-09T15:37:27.271+0000][68][gc,age      ] GC(458) - age  13:        472 bytes,    1652328 total
[2023-02-09T15:37:27.272+0000][68][gc,age      ] GC(458) - age  14:      11664 bytes,    1663992 total
[2023-02-09T15:37:27.273+0000][68][gc,age      ] GC(458) - age  15:        784 bytes,    1664776 total
[2023-02-09T15:37:27.274+0000][68][gc,heap     ] GC(458) Eden regions: 21->0(21)
[2023-02-09T15:37:27.274+0000][68][gc,heap     ] GC(458) Survivor regions: 1->1(3)
[2023-02-09T15:37:27.275+0000][68][gc,heap     ] GC(458) Old regions: 26->26
[2023-02-09T15:37:27.275+0000][68][gc,heap     ] GC(458) Archive regions: 2->2
[2023-02-09T15:37:27.275+0000][68][gc,heap     ] GC(458) Humongous regions: 2->2
[2023-02-09T15:37:27.276+0000][68][gc,metaspace] GC(458) Metaspace: 143319K(146368K)->143319K(146368K) NonClass: 125114K(126336K)->125114K(126336K) Class: 18204K(20032K)->18204K(20032K)
[2023-02-09T15:37:27.277+0000][68][gc          ] GC(458) Pause Young (Normal) (G1 Evacuation Pause) 201M->116M(256M) 19.803ms
[2023-02-09T15:37:27.277+0000][68][gc,cpu      ] GC(458) User=0.01s Sys=0.01s Real=0.02s
[2023-02-09T15:37:27.277+0000][68][safepoint   ] Safepoint "G1CollectForAllocation", Time since last: 25023498474 ns, Reaching safepoint: 211559 ns, At safepoint: 20718492 ns, Total: 20930051 ns
[2023-02-09T15:37:56.851+0000][68][gc,start    ] GC(459) Pause Young (Concurrent Start) (G1 Evacuation Pause)
[2023-02-09T15:37:56.851+0000][68][gc,task     ] GC(459) Using 4 workers of 4 for evacuation
[2023-02-09T15:37:56.852+0000][68][gc,age      ] GC(459) Desired survivor size 6291456 bytes, new threshold 15 (max threshold 15)
[2023-02-09T15:37:56.855+0000][68][gc,phases   ] GC(459)   Pre Evacuate Collection Set: 0.3ms
[2023-02-09T15:37:56.856+0000][68][gc,phases   ] GC(459)   Merge Heap Roots: 0.2ms
[2023-02-09T15:37:56.857+0000][68][gc,phases   ] GC(459)   Evacuate Collection Set: 1.5ms
[2023-02-09T15:37:56.857+0000][68][gc,phases   ] GC(459)   Post Evacuate Collection Set: 0.8ms
[2023-02-09T15:37:56.857+0000][68][gc,phases   ] GC(459)   Other: 1.4ms
[2023-02-09T15:37:56.858+0000][68][gc,age      ] GC(459) Age table with threshold 15 (max threshold 15)
[2023-02-09T15:37:56.858+0000][68][gc,age      ] GC(459) - age   1:     566544 bytes,     566544 total
[2023-02-09T15:37:56.859+0000][68][gc,age      ] GC(459) - age   2:      54752 bytes,     621296 total
[2023-02-09T15:37:56.859+0000][68][gc,age      ] GC(459) - age   3:     396040 bytes,    1017336 total
[2023-02-09T15:37:56.859+0000][68][gc,age      ] GC(459) - age   4:       6888 bytes,    1024224 total
[2023-02-09T15:37:56.860+0000][68][gc,age      ] GC(459) - age   5:        208 bytes,    1024432 total
[2023-02-09T15:37:56.860+0000][68][gc,age      ] GC(459) - age   6:      47304 bytes,    1071736 total
[2023-02-09T15:37:56.861+0000][68][gc,age      ] GC(459) - age   7:       9640 bytes,    1081376 total
[2023-02-09T15:37:56.861+0000][68][gc,age      ] GC(459) - age   8:      89328 bytes,    1170704 total
[2023-02-09T15:37:56.861+0000][68][gc,age      ] GC(459) - age   9:        328 bytes,    1171032 total
[2023-02-09T15:37:56.862+0000][68][gc,age      ] GC(459) - age  10:       2880 bytes,    1173912 total
[2023-02-09T15:37:56.862+0000][68][gc,age      ] GC(459) - age  11:        784 bytes,    1174696 total
[2023-02-09T15:37:56.863+0000][68][gc,age      ] GC(459) - age  12:       4096 bytes,    1178792 total
[2023-02-09T15:37:56.863+0000][68][gc,age      ] GC(459) - age  13:        288 bytes,    1179080 total
[2023-02-09T15:37:56.863+0000][68][gc,age      ] GC(459) - age  14:        472 bytes,    1179552 total
[2023-02-09T15:37:56.864+0000][68][gc,age      ] GC(459) - age  15:      11664 bytes,    1191216 total
[2023-02-09T15:37:56.864+0000][68][gc,heap     ] GC(459) Eden regions: 21->0(22)
[2023-02-09T15:37:56.865+0000][68][gc,heap     ] GC(459) Survivor regions: 1->1(3)
[2023-02-09T15:37:56.865+0000][68][gc,heap     ] GC(459) Old regions: 26->26
[2023-02-09T15:37:56.866+0000][68][gc,heap     ] GC(459) Archive regions: 2->2
[2023-02-09T15:37:56.866+0000][68][gc,heap     ] GC(459) Humongous regions: 2->2
[2023-02-09T15:37:56.867+0000][68][gc,metaspace] GC(459) Metaspace: 143319K(146368K)->143319K(146368K) NonClass: 125114K(126336K)->125114K(126336K) Class: 18204K(20032K)->18204K(20032K)
[2023-02-09T15:37:56.867+0000][68][gc          ] GC(459) Pause Young (Concurrent Start) (G1 Evacuation Pause) 200M->115M(256M) 16.100ms
[2023-02-09T15:37:56.867+0000][68][gc          ] GC(460) Concurrent Mark Cycle
[2023-02-09T15:37:56.868+0000][68][gc,marking  ] GC(460) Concurrent Clear Claimed Marks
[2023-02-09T15:37:56.868+0000][68][gc,cpu      ] GC(459) User=0.00s Sys=0.01s Real=0.01s
[2023-02-09T15:37:56.869+0000][68][gc,marking  ] GC(460) Concurrent Clear Claimed Marks 0.721ms
[2023-02-09T15:37:56.870+0000][68][gc,marking  ] GC(460) Concurrent Scan Root Regions
[2023-02-09T15:37:56.869+0000][68][safepoint   ] Safepoint "G1CollectForAllocation", Time since last: 29594801853 ns, Reaching safepoint: 86132 ns, At safepoint: 18287539 ns, Total: 18373671 ns
[2023-02-09T15:37:56.872+0000][68][gc,marking  ] GC(460) Concurrent Scan Root Regions 2.232ms
[2023-02-09T15:37:56.872+0000][68][gc,marking  ] GC(460) Concurrent Mark
[2023-02-09T15:37:56.873+0000][68][gc,marking  ] GC(460) Concurrent Mark From Roots
[2023-02-09T15:37:56.873+0000][68][gc,task     ] GC(460) Using 1 workers of 1 for marking
[2023-02-09T15:37:56.996+0000][68][gc,marking  ] GC(460) Concurrent Mark From Roots 123.614ms
[2023-02-09T15:37:56.997+0000][68][gc,marking  ] GC(460) Concurrent Preclean
[2023-02-09T15:37:56.998+0000][68][gc,marking  ] GC(460) Concurrent Preclean 0.864ms
[2023-02-09T15:37:57.000+0000][68][gc,start    ] GC(460) Pause Remark
[2023-02-09T15:37:57.010+0000][68][gc          ] GC(460) Pause Remark 116M->116M(256M) 10.400ms
[2023-02-09T15:37:57.011+0000][68][gc,cpu      ] GC(460) User=0.04s Sys=0.00s Real=0.01s
[2023-02-09T15:37:57.011+0000][68][safepoint   ] Safepoint "G1PauseRemark", Time since last: 130345899 ns, Reaching safepoint: 159830 ns, At safepoint: 11661440 ns, Total: 11821270 ns
[2023-02-09T15:37:57.012+0000][68][gc,marking  ] GC(460) Concurrent Mark 139.512ms
[2023-02-09T15:37:57.012+0000][68][gc,marking  ] GC(460) Concurrent Rebuild Remembered Sets
[2023-02-09T15:37:57.060+0000][68][gc,marking  ] GC(460) Concurrent Rebuild Remembered Sets 47.847ms
[2023-02-09T15:37:57.062+0000][68][gc,start    ] GC(460) Pause Cleanup
[2023-02-09T15:37:57.063+0000][68][gc          ] GC(460) Pause Cleanup 116M->116M(256M) 1.199ms
[2023-02-09T15:37:57.064+0000][68][gc,cpu      ] GC(460) User=0.00s Sys=0.00s Real=0.00s
[2023-02-09T15:37:57.064+0000][68][safepoint   ] Safepoint "G1PauseCleanup", Time since last: 50185262 ns, Reaching safepoint: 349758 ns, At safepoint: 2544526 ns, Total: 2894284 ns
[2023-02-09T15:37:57.065+0000][68][gc,marking  ] GC(460) Concurrent Cleanup for Next Mark
[2023-02-09T15:37:57.066+0000][68][gc,marking  ] GC(460) Concurrent Cleanup for Next Mark 0.580ms
[2023-02-09T15:37:57.066+0000][68][gc          ] GC(460) Concurrent Mark Cycle 198.537ms
[2023-02-09T15:38:05.072+0000][68][safepoint   ] Safepoint "Cleanup", Time since last: 8007272214 ns, Reaching safepoint: 456359 ns, At safepoint: 269262 ns, Total: 725621 ns
[2023-02-09T15:38:28.256+0000][68][gc,start    ] GC(461) Pause Young (Normal) (G1 Evacuation Pause)
[2023-02-09T15:38:28.257+0000][68][gc,task     ] GC(461) Using 4 workers of 4 for evacuation
[2023-02-09T15:38:28.258+0000][68][gc,age      ] GC(461) Desired survivor size 6291456 bytes, new threshold 15 (max threshold 15)
[2023-02-09T15:38:28.262+0000][68][gc,phases   ] GC(461)   Pre Evacuate Collection Set: 0.2ms
[2023-02-09T15:38:28.263+0000][68][gc,phases   ] GC(461)   Merge Heap Roots: 0.1ms
[2023-02-09T15:38:28.264+0000][68][gc,phases   ] GC(461)   Evacuate Collection Set: 2.4ms
[2023-02-09T15:38:28.264+0000][68][gc,phases   ] GC(461)   Post Evacuate Collection Set: 0.9ms
[2023-02-09T15:38:28.265+0000][68][gc,phases   ] GC(461)   Other: 1.5ms
[2023-02-09T15:38:28.265+0000][68][gc,age      ] GC(461) Age table with threshold 15 (max threshold 15)
[2023-02-09T15:38:28.266+0000][68][gc,age      ] GC(461) - age   1:     851088 bytes,     851088 total
[2023-02-09T15:38:28.267+0000][68][gc,age      ] GC(461) - age   2:       1584 bytes,     852672 total
[2023-02-09T15:38:28.267+0000][68][gc,age      ] GC(461) - age   3:      53392 bytes,     906064 total
[2023-02-09T15:38:28.268+0000][68][gc,age      ] GC(461) - age   4:     391952 bytes,    1298016 total
[2023-02-09T15:38:28.268+0000][68][gc,age      ] GC(461) - age   5:       6888 bytes,    1304904 total
[2023-02-09T15:38:28.269+0000][68][gc,age      ] GC(461) - age   6:        208 bytes,    1305112 total
[2023-02-09T15:38:28.270+0000][68][gc,age      ] GC(461) - age   7:      22256 bytes,    1327368 total
[2023-02-09T15:38:28.270+0000][68][gc,age      ] GC(461) - age   8:       5648 bytes,    1333016 total
[2023-02-09T15:38:28.270+0000][68][gc,age      ] GC(461) - age   9:      85592 bytes,    1418608 total
[2023-02-09T15:38:28.271+0000][68][gc,age      ] GC(461) - age  10:        328 bytes,    1418936 total
[2023-02-09T15:38:28.272+0000][68][gc,age      ] GC(461) - age  11:       2880 bytes,    1421816 total
[2023-02-09T15:38:28.272+0000][68][gc,age      ] GC(461) - age  12:        784 bytes,    1422600 total
[2023-02-09T15:38:28.273+0000][68][gc,age      ] GC(461) - age  13:       4096 bytes,    1426696 total
[2023-02-09T15:38:28.273+0000][68][gc,age      ] GC(461) - age  14:        288 bytes,    1426984 total
[2023-02-09T15:38:28.274+0000][68][gc,age      ] GC(461) - age  15:        472 bytes,    1427456 total
[2023-02-09T15:38:28.274+0000][68][gc,heap     ] GC(461) Eden regions: 22->0(22)
[2023-02-09T15:38:28.275+0000][68][gc,heap     ] GC(461) Survivor regions: 1->1(3)
[2023-02-09T15:38:28.276+0000][68][gc,heap     ] GC(461) Old regions: 26->26
[2023-02-09T15:38:28.276+0000][68][gc,heap     ] GC(461) Archive regions: 2->2
[2023-02-09T15:38:28.277+0000][68][gc,heap     ] GC(461) Humongous regions: 2->2
[2023-02-09T15:38:28.277+0000][68][gc,metaspace] GC(461) Metaspace: 143319K(146368K)->143319K(146368K) NonClass: 125115K(126336K)->125115K(126336K) Class: 18204K(20032K)->18204K(20032K)
[2023-02-09T15:38:28.278+0000][68][gc          ] GC(461) Pause Young (Normal) (G1 Evacuation Pause) 203M->116M(256M) 22.403ms
[2023-02-09T15:38:28.278+0000][68][gc,cpu      ] GC(461) User=0.00s Sys=0.00s Real=0.02s
[2023-02-09T15:38:28.279+0000][68][safepoint   ] Safepoint "G1CollectForAllocation", Time since last: 23207561404 ns, Reaching safepoint: 289537 ns, At safepoint: 23394467 ns, Total: 23684004 ns
[2023-02-09T15:38:35.290+0000][68][safepoint   ] Safepoint "Cleanup", Time since last: 7010416042 ns, Reaching safepoint: 626076 ns, At safepoint: 15818 ns, Total: 641894 ns
[2023-02-09T15:38:38.294+0000][68][safepoint   ] Safepoint "Cleanup", Time since last: 3003676261 ns, Reaching safepoint: 65690 ns, At safepoint: 3233 ns, Total: 68923 ns
[2023-02-09T15:38:55.575+0000][68][gc,start    ] GC(462) Pause Young (Concurrent Start) (G1 Evacuation Pause)
[2023-02-09T15:38:55.576+0000][68][gc,task     ] GC(462) Using 4 workers of 4 for evacuation
[2023-02-09T15:38:55.578+0000][68][gc,age      ] GC(462) Desired survivor size 6291456 bytes, new threshold 15 (max threshold 15)
[2023-02-09T15:38:55.583+0000][68][gc,phases   ] GC(462)   Pre Evacuate Collection Set: 0.4ms
[2023-02-09T15:38:55.583+0000][68][gc,phases   ] GC(462)   Merge Heap Roots: 0.1ms
[2023-02-09T15:38:55.584+0000][68][gc,phases   ] GC(462)   Evacuate Collection Set: 2.6ms
[2023-02-09T15:38:55.585+0000][68][gc,phases   ] GC(462)   Post Evacuate Collection Set: 0.9ms
[2023-02-09T15:38:55.586+0000][68][gc,phases   ] GC(462)   Other: 2.1ms
[2023-02-09T15:38:55.586+0000][68][gc,age      ] GC(462) Age table with threshold 15 (max threshold 15)
[2023-02-09T15:38:55.587+0000][68][gc,age      ] GC(462) - age   1:     977200 bytes,     977200 total
[2023-02-09T15:38:55.588+0000][68][gc,age      ] GC(462) - age   2:       8072 bytes,     985272 total
[2023-02-09T15:38:55.588+0000][68][gc,age      ] GC(462) - age   3:        624 bytes,     985896 total
[2023-02-09T15:38:55.589+0000][68][gc,age      ] GC(462) - age   4:      53264 bytes,    1039160 total
[2023-02-09T15:38:55.589+0000][68][gc,age      ] GC(462) - age   5:     391144 bytes,    1430304 total
[2023-02-09T15:38:55.590+0000][68][gc,age      ] GC(462) - age   6:       6648 bytes,    1436952 total
[2023-02-09T15:38:55.590+0000][68][gc,age      ] GC(462) - age   7:        208 bytes,    1437160 total
[2023-02-09T15:38:55.591+0000][68][gc,age      ] GC(462) - age   8:      22256 bytes,    1459416 total
[2023-02-09T15:38:55.591+0000][68][gc,age      ] GC(462) - age   9:       5648 bytes,    1465064 total
[2023-02-09T15:38:55.592+0000][68][gc,age      ] GC(462) - age  10:      85592 bytes,    1550656 total
[2023-02-09T15:38:55.593+0000][68][gc,age      ] GC(462) - age  11:        328 bytes,    1550984 total
[2023-02-09T15:38:55.593+0000][68][gc,age      ] GC(462) - age  12:       2880 bytes,    1553864 total
[2023-02-09T15:38:55.594+0000][68][gc,age      ] GC(462) - age  13:        552 bytes,    1554416 total
[2023-02-09T15:38:55.594+0000][68][gc,age      ] GC(462) - age  14:       4096 bytes,    1558512 total
[2023-02-09T15:38:55.595+0000][68][gc,age      ] GC(462) - age  15:        288 bytes,    1558800 total
[2023-02-09T15:38:55.595+0000][68][gc,heap     ] GC(462) Eden regions: 22->0(22)
[2023-02-09T15:38:55.596+0000][68][gc,heap     ] GC(462) Survivor regions: 1->1(3)
[2023-02-09T15:38:55.596+0000][68][gc,heap     ] GC(462) Old regions: 26->26
[2023-02-09T15:38:55.597+0000][68][gc,heap     ] GC(462) Archive regions: 2->2
[2023-02-09T15:38:55.597+0000][68][gc,heap     ] GC(462) Humongous regions: 2->2
[2023-02-09T15:38:55.598+0000][68][gc,metaspace] GC(462) Metaspace: 143326K(146432K)->143326K(146432K) NonClass: 125122K(126400K)->125122K(126400K) Class: 18204K(20032K)->18204K(20032K)
[2023-02-09T15:38:55.599+0000][68][gc          ] GC(462) Pause Young (Concurrent Start) (G1 Evacuation Pause) 204M->116M(256M) 23.554ms
[2023-02-09T15:38:55.599+0000][68][gc          ] GC(463) Concurrent Mark Cycle
[2023-02-09T15:38:55.600+0000][68][gc,marking  ] GC(463) Concurrent Clear Claimed Marks
[2023-02-09T15:38:55.600+0000][68][gc,marking  ] GC(463) Concurrent Clear Claimed Marks 0.653ms
[2023-02-09T15:38:55.601+0000][68][gc,marking  ] GC(463) Concurrent Scan Root Regions
[2023-02-09T15:38:55.599+0000][68][gc,cpu      ] GC(462) User=0.00s Sys=0.00s Real=0.03s
[2023-02-09T15:38:55.603+0000][68][gc,marking  ] GC(463) Concurrent Scan Root Regions 2.584ms
[2023-02-09T15:38:55.604+0000][68][gc,marking  ] GC(463) Concurrent Mark
[2023-02-09T15:38:55.604+0000][68][gc,marking  ] GC(463) Concurrent Mark From Roots
[2023-02-09T15:38:55.605+0000][68][gc,task     ] GC(463) Using 1 workers of 1 for marking
[2023-02-09T15:38:55.603+0000][68][safepoint   ] Safepoint "G1CollectForAllocation", Time since last: 17308297104 ns, Reaching safepoint: 259224 ns, At safepoint: 28516423 ns, Total: 28775647 ns
[2023-02-09T15:38:55.799+0000][68][gc,marking  ] GC(463) Concurrent Mark From Roots 194.316ms
[2023-02-09T15:38:55.799+0000][68][gc,marking  ] GC(463) Concurrent Preclean
[2023-02-09T15:38:55.800+0000][68][gc,marking  ] GC(463) Concurrent Preclean 0.916ms
[2023-02-09T15:38:55.801+0000][68][gc,start    ] GC(463) Pause Remark
[2023-02-09T15:38:55.812+0000][68][gc          ] GC(463) Pause Remark 121M->121M(256M) 10.297ms
[2023-02-09T15:38:55.813+0000][68][gc,cpu      ] GC(463) User=0.04s Sys=0.00s Real=0.01s
[2023-02-09T15:38:55.814+0000][68][safepoint   ] Safepoint "G1PauseRemark", Time since last: 197867311 ns, Reaching safepoint: 124634 ns, At safepoint: 12726624 ns, Total: 12851258 ns
[2023-02-09T15:38:55.816+0000][68][gc,marking  ] GC(463) Concurrent Mark 211.751ms
[2023-02-09T15:38:55.816+0000][68][gc,marking  ] GC(463) Concurrent Rebuild Remembered Sets
[2023-02-09T15:38:55.880+0000][68][gc,marking  ] GC(463) Concurrent Rebuild Remembered Sets 64.063ms
[2023-02-09T15:38:55.882+0000][68][gc,start    ] GC(463) Pause Cleanup
[2023-02-09T15:38:55.883+0000][68][gc          ] GC(463) Pause Cleanup 121M->121M(256M) 1.243ms
[2023-02-09T15:38:55.884+0000][68][gc,cpu      ] GC(463) User=0.00s Sys=0.00s Real=0.00s
[2023-02-09T15:38:55.885+0000][68][safepoint   ] Safepoint "G1PauseCleanup", Time since last: 67781280 ns, Reaching safepoint: 190987 ns, At safepoint: 2417382 ns, Total: 2608369 ns
[2023-02-09T15:38:55.885+0000][68][gc,marking  ] GC(463) Concurrent Cleanup for Next Mark
[2023-02-09T15:38:55.886+0000][68][gc,marking  ] GC(463) Concurrent Cleanup for Next Mark 1.225ms
[2023-02-09T15:38:55.887+0000][68][gc          ] GC(463) Concurrent Mark Cycle 288.431ms
[2023-02-09T15:39:25.570+0000][68][gc,start    ] GC(464) Pause Young (Normal) (G1 Evacuation Pause)
[2023-02-09T15:39:25.573+0000][68][gc,task     ] GC(464) Using 4 workers of 4 for evacuation
[2023-02-09T15:39:25.574+0000][68][gc,age      ] GC(464) Desired survivor size 6291456 bytes, new threshold 15 (max threshold 15)
[2023-02-09T15:39:25.580+0000][68][gc,phases   ] GC(464)   Pre Evacuate Collection Set: 0.3ms
[2023-02-09T15:39:25.581+0000][68][gc,phases   ] GC(464)   Merge Heap Roots: 0.3ms
[2023-02-09T15:39:25.581+0000][68][gc,phases   ] GC(464)   Evacuate Collection Set: 2.4ms
[2023-02-09T15:39:25.582+0000][68][gc,phases   ] GC(464)   Post Evacuate Collection Set: 1.5ms
[2023-02-09T15:39:25.583+0000][68][gc,phases   ] GC(464)   Other: 2.1ms
[2023-02-09T15:39:25.583+0000][68][gc,age      ] GC(464) Age table with threshold 15 (max threshold 15)
[2023-02-09T15:39:25.584+0000][68][gc,age      ] GC(464) - age   1:    1105728 bytes,    1105728 total
[2023-02-09T15:39:25.585+0000][68][gc,age      ] GC(464) - age   2:      20520 bytes,    1126248 total
[2023-02-09T15:39:25.585+0000][68][gc,age      ] GC(464) - age   3:       6344 bytes,    1132592 total
[2023-02-09T15:39:25.586+0000][68][gc,age      ] GC(464) - age   4:        560 bytes,    1133152 total
[2023-02-09T15:39:25.587+0000][68][gc,age      ] GC(464) - age   5:      53136 bytes,    1186288 total
[2023-02-09T15:39:25.588+0000][68][gc,age      ] GC(464) - age   6:     390720 bytes,    1577008 total
[2023-02-09T15:39:25.589+0000][68][gc,age      ] GC(464) - age   7:       6648 bytes,    1583656 total
[2023-02-09T15:39:25.589+0000][68][gc,age      ] GC(464) - age   8:        208 bytes,    1583864 total
[2023-02-09T15:39:25.590+0000][68][gc,age      ] GC(464) - age   9:      22256 bytes,    1606120 total
[2023-02-09T15:39:25.590+0000][68][gc,age      ] GC(464) - age  10:       5648 bytes,    1611768 total
[2023-02-09T15:39:25.591+0000][68][gc,age      ] GC(464) - age  11:      85592 bytes,    1697360 total
[2023-02-09T15:39:25.591+0000][68][gc,age      ] GC(464) - age  12:        328 bytes,    1697688 total
[2023-02-09T15:39:25.592+0000][68][gc,age      ] GC(464) - age  13:       2880 bytes,    1700568 total
[2023-02-09T15:39:25.593+0000][68][gc,age      ] GC(464) - age  14:        552 bytes,    1701120 total
[2023-02-09T15:39:25.593+0000][68][gc,age      ] GC(464) - age  15:       4096 bytes,    1705216 total
[2023-02-09T15:39:25.593+0000][68][gc,heap     ] GC(464) Eden regions: 22->0(22)
[2023-02-09T15:39:25.594+0000][68][gc,heap     ] GC(464) Survivor regions: 1->1(3)
[2023-02-09T15:39:25.595+0000][68][gc,heap     ] GC(464) Old regions: 26->26
[2023-02-09T15:39:25.595+0000][68][gc,heap     ] GC(464) Archive regions: 2->2
[2023-02-09T15:39:25.596+0000][68][gc,heap     ] GC(464) Humongous regions: 2->2
[2023-02-09T15:39:25.596+0000][68][gc,metaspace] GC(464) Metaspace: 143327K(146432K)->143327K(146432K) NonClass: 125123K(126400K)->125123K(126400K) Class: 18204K(20032K)->18204K(20032K)
[2023-02-09T15:39:25.597+0000][68][gc          ] GC(464) Pause Young (Normal) (G1 Evacuation Pause) 204M->116M(256M) 27.159ms
[2023-02-09T15:39:25.598+0000][68][gc,cpu      ] GC(464) User=0.01s Sys=0.01s Real=0.03s
[2023-02-09T15:39:25.598+0000][68][safepoint   ] Safepoint "G1CollectForAllocation", Time since last: 29705735684 ns, Reaching safepoint: 309839 ns, At safepoint: 28223565 ns, Total: 28533404 ns
[2023-02-09T15:39:50.941+0000][68][gc,start    ] GC(465) Pause Young (Concurrent Start) (G1 Evacuation Pause)
[2023-02-09T15:39:50.941+0000][68][gc,task     ] GC(465) Using 4 workers of 4 for evacuation
[2023-02-09T15:39:50.942+0000][68][gc,age      ] GC(465) Desired survivor size 6291456 bytes, new threshold 15 (max threshold 15)
[2023-02-09T15:39:50.946+0000][68][gc,phases   ] GC(465)   Pre Evacuate Collection Set: 0.4ms
[2023-02-09T15:39:50.947+0000][68][gc,phases   ] GC(465)   Merge Heap Roots: 0.1ms
[2023-02-09T15:39:50.947+0000][68][gc,phases   ] GC(465)   Evacuate Collection Set: 1.8ms
[2023-02-09T15:39:50.948+0000][68][gc,phases   ] GC(465)   Post Evacuate Collection Set: 1.0ms
[2023-02-09T15:39:50.948+0000][68][gc,phases   ] GC(465)   Other: 1.4ms
[2023-02-09T15:39:50.948+0000][68][gc,age      ] GC(465) Age table with threshold 15 (max threshold 15)
[2023-02-09T15:39:50.949+0000][68][gc,age      ] GC(465) - age   1:    1091344 bytes,    1091344 total
[2023-02-09T15:39:50.949+0000][68][gc,age      ] GC(465) - age   2:       2200 bytes,    1093544 total
[2023-02-09T15:39:50.950+0000][68][gc,age      ] GC(465) - age   3:      19288 bytes,    1112832 total
[2023-02-09T15:39:50.950+0000][68][gc,age      ] GC(465) - age   4:       2160 bytes,    1114992 total
[2023-02-09T15:39:50.950+0000][68][gc,age      ] GC(465) - age   5:        496 bytes,    1115488 total
[2023-02-09T15:39:50.951+0000][68][gc,age      ] GC(465) - age   6:      45120 bytes,    1160608 total
[2023-02-09T15:39:50.951+0000][68][gc,age      ] GC(465) - age   7:     390720 bytes,    1551328 total
[2023-02-09T15:39:50.952+0000][68][gc,age      ] GC(465) - age   8:       6648 bytes,    1557976 total
[2023-02-09T15:39:50.952+0000][68][gc,age      ] GC(465) - age   9:        208 bytes,    1558184 total
[2023-02-09T15:39:50.953+0000][68][gc,age      ] GC(465) - age  10:      22256 bytes,    1580440 total
[2023-02-09T15:39:50.953+0000][68][gc,age      ] GC(465) - age  11:       5648 bytes,    1586088 total
[2023-02-09T15:39:50.953+0000][68][gc,age      ] GC(465) - age  12:      85592 bytes,    1671680 total
[2023-02-09T15:39:50.954+0000][68][gc,age      ] GC(465) - age  13:         32 bytes,    1671712 total
[2023-02-09T15:39:50.954+0000][68][gc,age      ] GC(465) - age  14:       2880 bytes,    1674592 total
[2023-02-09T15:39:50.954+0000][68][gc,age      ] GC(465) - age  15:        552 bytes,    1675144 total
[2023-02-09T15:39:50.955+0000][68][gc,heap     ] GC(465) Eden regions: 22->0(22)
[2023-02-09T15:39:50.955+0000][68][gc,heap     ] GC(465) Survivor regions: 1->1(3)
[2023-02-09T15:39:50.955+0000][68][gc,heap     ] GC(465) Old regions: 26->26
[2023-02-09T15:39:50.956+0000][68][gc,heap     ] GC(465) Archive regions: 2->2
[2023-02-09T15:39:50.956+0000][68][gc,heap     ] GC(465) Humongous regions: 2->2
[2023-02-09T15:39:50.956+0000][68][gc,metaspace] GC(465) Metaspace: 143328K(146432K)->143328K(146432K) NonClass: 125124K(126400K)->125124K(126400K) Class: 18204K(20032K)->18204K(20032K)
[2023-02-09T15:39:50.956+0000][68][gc          ] GC(465) Pause Young (Concurrent Start) (G1 Evacuation Pause) 204M->116M(256M) 15.700ms
[2023-02-09T15:39:50.957+0000][68][gc,cpu      ] GC(465) User=0.01s Sys=0.00s Real=0.02s
[2023-02-09T15:39:50.957+0000][68][gc          ] GC(466) Concurrent Mark Cycle
[2023-02-09T15:39:50.958+0000][68][gc,marking  ] GC(466) Concurrent Clear Claimed Marks
[2023-02-09T15:39:50.957+0000][68][safepoint   ] Safepoint "G1CollectForAllocation", Time since last: 25364827483 ns, Reaching safepoint: 117579 ns, At safepoint: 16373745 ns, Total: 16491324 ns
[2023-02-09T15:39:50.959+0000][68][gc,marking  ] GC(466) Concurrent Clear Claimed Marks 0.919ms
[2023-02-09T15:39:50.960+0000][68][gc,marking  ] GC(466) Concurrent Scan Root Regions
[2023-02-09T15:39:50.963+0000][68][gc,marking  ] GC(466) Concurrent Scan Root Regions 2.699ms
[2023-02-09T15:39:50.964+0000][68][gc,marking  ] GC(466) Concurrent Mark
[2023-02-09T15:39:50.965+0000][68][gc,marking  ] GC(466) Concurrent Mark From Roots
[2023-02-09T15:39:50.965+0000][68][gc,task     ] GC(466) Using 1 workers of 1 for marking
[2023-02-09T15:39:51.074+0000][68][gc,marking  ] GC(466) Concurrent Mark From Roots 108.827ms
[2023-02-09T15:39:51.074+0000][68][gc,marking  ] GC(466) Concurrent Preclean
[2023-02-09T15:39:51.075+0000][68][gc,marking  ] GC(466) Concurrent Preclean 0.738ms
[2023-02-09T15:39:51.076+0000][68][gc,start    ] GC(466) Pause Remark
[2023-02-09T15:39:51.091+0000][68][gc          ] GC(466) Pause Remark 117M->117M(256M) 14.697ms
[2023-02-09T15:39:51.092+0000][68][gc,cpu      ] GC(466) User=0.04s Sys=0.00s Real=0.01s
[2023-02-09T15:39:51.092+0000][68][safepoint   ] Safepoint "G1PauseRemark", Time since last: 118800879 ns, Reaching safepoint: 80394 ns, At safepoint: 16430148 ns, Total: 16510542 ns
[2023-02-09T15:39:51.093+0000][68][gc,marking  ] GC(466) Concurrent Mark 129.116ms
[2023-02-09T15:39:51.094+0000][68][gc,marking  ] GC(466) Concurrent Rebuild Remembered Sets
[2023-02-09T15:39:51.143+0000][68][gc,marking  ] GC(466) Concurrent Rebuild Remembered Sets 49.254ms
[2023-02-09T15:39:51.144+0000][68][gc,start    ] GC(466) Pause Cleanup
[2023-02-09T15:39:51.145+0000][68][gc          ] GC(466) Pause Cleanup 117M->117M(256M) 0.579ms
[2023-02-09T15:39:51.146+0000][68][gc,cpu      ] GC(466) User=0.00s Sys=0.00s Real=0.00s
[2023-02-09T15:39:51.146+0000][68][safepoint   ] Safepoint "G1PauseCleanup", Time since last: 51849916 ns, Reaching safepoint: 126306 ns, At safepoint: 1781200 ns, Total: 1907506 ns
[2023-02-09T15:39:51.147+0000][68][gc,marking  ] GC(466) Concurrent Cleanup for Next Mark
[2023-02-09T15:39:51.147+0000][68][gc,marking  ] GC(466) Concurrent Cleanup for Next Mark 0.634ms
[2023-02-09T15:39:51.148+0000][68][gc          ] GC(466) Concurrent Mark Cycle 190.984ms
[2023-02-09T15:39:58.153+0000][68][safepoint   ] Safepoint "Cleanup", Time since last: 7006246868 ns, Reaching safepoint: 262143 ns, At safepoint: 7244 ns, Total: 269387 ns
[2023-02-09T15:40:20.155+0000][68][safepoint   ] Safepoint "Cleanup", Time since last: 22023039110 ns, Reaching safepoint: 455654 ns, At safepoint: 42675 ns, Total: 498329 ns
[2023-02-09T15:40:22.537+0000][68][gc,start    ] GC(467) Pause Young (Normal) (G1 Evacuation Pause)
[2023-02-09T15:40:22.538+0000][68][gc,task     ] GC(467) Using 4 workers of 4 for evacuation
[2023-02-09T15:40:22.539+0000][68][gc,age      ] GC(467) Desired survivor size 6291456 bytes, new threshold 15 (max threshold 15)
[2023-02-09T15:40:22.546+0000][68][gc,phases   ] GC(467)   Pre Evacuate Collection Set: 0.2ms
[2023-02-09T15:40:22.547+0000][68][gc,phases   ] GC(467)   Merge Heap Roots: 0.1ms
[2023-02-09T15:40:22.547+0000][68][gc,phases   ] GC(467)   Evacuate Collection Set: 3.1ms
[2023-02-09T15:40:22.548+0000][68][gc,phases   ] GC(467)   Post Evacuate Collection Set: 1.3ms
[2023-02-09T15:40:22.549+0000][68][gc,phases   ] GC(467)   Other: 2.8ms
[2023-02-09T15:40:22.550+0000][68][gc,age      ] GC(467) Age table with threshold 15 (max threshold 15)
[2023-02-09T15:40:22.550+0000][68][gc,age      ] GC(467) - age   1:    1339072 bytes,    1339072 total
[2023-02-09T15:40:22.551+0000][68][gc,age      ] GC(467) - age   2:      17984 bytes,    1357056 total
[2023-02-09T15:40:22.552+0000][68][gc,age      ] GC(467) - age   3:       1264 bytes,    1358320 total
[2023-02-09T15:40:22.552+0000][68][gc,age      ] GC(467) - age   4:      19160 bytes,    1377480 total
[2023-02-09T15:40:22.553+0000][68][gc,age      ] GC(467) - age   5:       1904 bytes,    1379384 total
[2023-02-09T15:40:22.554+0000][68][gc,age      ] GC(467) - age   6:        496 bytes,    1379880 total
[2023-02-09T15:40:22.554+0000][68][gc,age      ] GC(467) - age   7:      45056 bytes,    1424936 total
[2023-02-09T15:40:22.555+0000][68][gc,age      ] GC(467) - age   8:     390440 bytes,    1815376 total
[2023-02-09T15:40:22.556+0000][68][gc,age      ] GC(467) - age   9:       6648 bytes,    1822024 total
[2023-02-09T15:40:22.556+0000][68][gc,age      ] GC(467) - age  10:        208 bytes,    1822232 total
[2023-02-09T15:40:22.557+0000][68][gc,age      ] GC(467) - age  11:      22096 bytes,    1844328 total
[2023-02-09T15:40:22.557+0000][68][gc,age      ] GC(467) - age  12:       5616 bytes,    1849944 total
[2023-02-09T15:40:22.558+0000][68][gc,age      ] GC(467) - age  13:      81216 bytes,    1931160 total
[2023-02-09T15:40:22.558+0000][68][gc,age      ] GC(467) - age  14:         32 bytes,    1931192 total
[2023-02-09T15:40:22.559+0000][68][gc,age      ] GC(467) - age  15:       2880 bytes,    1934072 total
[2023-02-09T15:40:22.560+0000][68][gc,heap     ] GC(467) Eden regions: 22->0(22)
[2023-02-09T15:40:22.560+0000][68][gc,heap     ] GC(467) Survivor regions: 1->1(3)
[2023-02-09T15:40:22.561+0000][68][gc,heap     ] GC(467) Old regions: 26->26
[2023-02-09T15:40:22.562+0000][68][gc,heap     ] GC(467) Archive regions: 2->2
[2023-02-09T15:40:22.563+0000][68][gc,heap     ] GC(467) Humongous regions: 2->2
[2023-02-09T15:40:22.563+0000][68][gc,metaspace] GC(467) Metaspace: 143329K(146432K)->143329K(146432K) NonClass: 125124K(126400K)->125124K(126400K) Class: 18204K(20032K)->18204K(20032K)
[2023-02-09T15:40:22.564+0000][68][gc          ] GC(467) Pause Young (Normal) (G1 Evacuation Pause) 204M->116M(256M) 27.384ms
[2023-02-09T15:40:22.565+0000][68][gc,cpu      ] GC(467) User=0.01s Sys=0.00s Real=0.03s
[2023-02-09T15:40:22.565+0000][68][safepoint   ] Safepoint "G1CollectForAllocation", Time since last: 2381606560 ns, Reaching safepoint: 286644 ns, At safepoint: 28611709 ns, Total: 28898353 ns
[2023-02-09T15:40:44.846+0000][68][gc,start    ] GC(468) Pause Young (Concurrent Start) (G1 Evacuation Pause)
[2023-02-09T15:40:44.847+0000][68][gc,task     ] GC(468) Using 4 workers of 4 for evacuation
[2023-02-09T15:40:44.847+0000][68][gc,age      ] GC(468) Desired survivor size 6291456 bytes, new threshold 15 (max threshold 15)
[2023-02-09T15:40:44.850+0000][68][gc,phases   ] GC(468)   Pre Evacuate Collection Set: 0.3ms
[2023-02-09T15:40:44.852+0000][68][gc,phases   ] GC(468)   Merge Heap Roots: 0.1ms
[2023-02-09T15:40:44.852+0000][68][gc,phases   ] GC(468)   Evacuate Collection Set: 1.3ms
[2023-02-09T15:40:44.852+0000][68][gc,phases   ] GC(468)   Post Evacuate Collection Set: 0.9ms
[2023-02-09T15:40:44.853+0000][68][gc,phases   ] GC(468)   Other: 0.8ms
[2023-02-09T15:40:44.853+0000][68][gc,age      ] GC(468) Age table with threshold 15 (max threshold 15)
[2023-02-09T15:40:44.854+0000][68][gc,age      ] GC(468) - age   1:    1501008 bytes,    1501008 total
[2023-02-09T15:40:44.854+0000][68][gc,age      ] GC(468) - age   2:      18400 bytes,    1519408 total
[2023-02-09T15:40:44.855+0000][68][gc,age      ] GC(468) - age   3:       4424 bytes,    1523832 total
[2023-02-09T15:40:44.855+0000][68][gc,age      ] GC(468) - age   4:        568 bytes,    1524400 total
[2023-02-09T15:40:44.855+0000][68][gc,age      ] GC(468) - age   5:      18984 bytes,    1543384 total
[2023-02-09T15:40:44.856+0000][68][gc,age      ] GC(468) - age   6:       1904 bytes,    1545288 total
[2023-02-09T15:40:44.856+0000][68][gc,age      ] GC(468) - age   7:        496 bytes,    1545784 total
[2023-02-09T15:40:44.857+0000][68][gc,age      ] GC(468) - age   8:      45056 bytes,    1590840 total
[2023-02-09T15:40:44.858+0000][68][gc,age      ] GC(468) - age   9:     390440 bytes,    1981280 total
[2023-02-09T15:40:44.858+0000][68][gc,age      ] GC(468) - age  10:       6616 bytes,    1987896 total
[2023-02-09T15:40:44.859+0000][68][gc,age      ] GC(468) - age  11:        208 bytes,    1988104 total
[2023-02-09T15:40:44.859+0000][68][gc,age      ] GC(468) - age  12:      22096 bytes,    2010200 total
[2023-02-09T15:40:44.859+0000][68][gc,age      ] GC(468) - age  13:       5616 bytes,    2015816 total
[2023-02-09T15:40:44.860+0000][68][gc,age      ] GC(468) - age  14:      81216 bytes,    2097032 total
[2023-02-09T15:40:44.860+0000][68][gc,age      ] GC(468) - age  15:         32 bytes,    2097064 total
[2023-02-09T15:40:44.861+0000][68][gc,heap     ] GC(468) Eden regions: 22->0(22)
[2023-02-09T15:40:44.861+0000][68][gc,heap     ] GC(468) Survivor regions: 1->1(3)
[2023-02-09T15:40:44.861+0000][68][gc,heap     ] GC(468) Old regions: 26->26
[2023-02-09T15:40:44.862+0000][68][gc,heap     ] GC(468) Archive regions: 2->2
[2023-02-09T15:40:44.862+0000][68][gc,heap     ] GC(468) Humongous regions: 2->2
[2023-02-09T15:40:44.862+0000][68][gc,metaspace] GC(468) Metaspace: 143329K(146432K)->143329K(146432K) NonClass: 125124K(126400K)->125124K(126400K) Class: 18204K(20032K)->18204K(20032K)
[2023-02-09T15:40:44.863+0000][68][gc          ] GC(468) Pause Young (Concurrent Start) (G1 Evacuation Pause) 204M->116M(256M) 16.711ms
[2023-02-09T15:40:44.863+0000][68][gc,cpu      ] GC(468) User=0.01s Sys=0.00s Real=0.02s
[2023-02-09T15:40:44.864+0000][68][safepoint   ] Safepoint "G1CollectForAllocation", Time since last: 22280911893 ns, Reaching safepoint: 96076 ns, At safepoint: 17696607 ns, Total: 17792683 ns
[2023-02-09T15:40:44.863+0000][68][gc          ] GC(469) Concurrent Mark Cycle
[2023-02-09T15:40:44.865+0000][68][gc,marking  ] GC(469) Concurrent Clear Claimed Marks
[2023-02-09T15:40:44.865+0000][68][gc,marking  ] GC(469) Concurrent Clear Claimed Marks 0.587ms
[2023-02-09T15:40:44.867+0000][68][gc,marking  ] GC(469) Concurrent Scan Root Regions
[2023-02-09T15:40:44.870+0000][68][gc,marking  ] GC(469) Concurrent Scan Root Regions 2.514ms
[2023-02-09T15:40:44.871+0000][68][gc,marking  ] GC(469) Concurrent Mark
[2023-02-09T15:40:44.871+0000][68][gc,marking  ] GC(469) Concurrent Mark From Roots
[2023-02-09T15:40:44.872+0000][68][gc,task     ] GC(469) Using 1 workers of 1 for marking
[2023-02-09T15:40:45.000+0000][68][gc,marking  ] GC(469) Concurrent Mark From Roots 128.676ms
[2023-02-09T15:40:45.001+0000][68][gc,marking  ] GC(469) Concurrent Preclean
[2023-02-09T15:40:45.002+0000][68][gc,marking  ] GC(469) Concurrent Preclean 1.139ms
[2023-02-09T15:40:45.003+0000][68][gc,start    ] GC(469) Pause Remark
[2023-02-09T15:40:45.013+0000][68][gc          ] GC(469) Pause Remark 123M->123M(256M) 10.183ms
[2023-02-09T15:40:45.015+0000][68][gc,cpu      ] GC(469) User=0.03s Sys=0.00s Real=0.01s
[2023-02-09T15:40:45.016+0000][68][safepoint   ] Safepoint "G1PauseRemark", Time since last: 139322871 ns, Reaching safepoint: 118838 ns, At safepoint: 12620345 ns, Total: 12739183 ns
[2023-02-09T15:40:45.017+0000][68][gc,marking  ] GC(469) Concurrent Mark 146.315ms
[2023-02-09T15:40:45.018+0000][68][gc,marking  ] GC(469) Concurrent Rebuild Remembered Sets
[2023-02-09T15:40:45.088+0000][68][gc,marking  ] GC(469) Concurrent Rebuild Remembered Sets 70.602ms
[2023-02-09T15:40:45.089+0000][68][gc,start    ] GC(469) Pause Cleanup
[2023-02-09T15:40:45.091+0000][68][gc          ] GC(469) Pause Cleanup 123M->123M(256M) 1.500ms
[2023-02-09T15:40:45.091+0000][68][gc,cpu      ] GC(469) User=0.00s Sys=0.00s Real=0.00s
[2023-02-09T15:40:45.092+0000][68][safepoint   ] Safepoint "G1PauseCleanup", Time since last: 73157861 ns, Reaching safepoint: 87755 ns, At safepoint: 3143308 ns, Total: 3231063 ns
[2023-02-09T15:40:45.093+0000][68][gc,marking  ] GC(469) Concurrent Cleanup for Next Mark
[2023-02-09T15:40:45.094+0000][68][gc,marking  ] GC(469) Concurrent Cleanup for Next Mark 0.751ms
[2023-02-09T15:40:45.094+0000][68][gc          ] GC(469) Concurrent Mark Cycle 230.925ms
[2023-02-09T15:40:49.075+0000][68][safepoint   ] Safepoint "Cleanup", Time since last: 4003731080 ns, Reaching safepoint: 439967 ns, At safepoint: 53174 ns, Total: 493141 ns
[2023-02-09T15:41:13.732+0000][68][gc,start    ] GC(470) Pause Young (Normal) (G1 Evacuation Pause)
[2023-02-09T15:41:13.734+0000][68][gc,task     ] GC(470) Using 4 workers of 4 for evacuation
[2023-02-09T15:41:13.735+0000][68][gc,age      ] GC(470) Desired survivor size 6291456 bytes, new threshold 15 (max threshold 15)
[2023-02-09T15:41:13.740+0000][68][gc,phases   ] GC(470)   Pre Evacuate Collection Set: 0.2ms
[2023-02-09T15:41:13.741+0000][68][gc,phases   ] GC(470)   Merge Heap Roots: 0.2ms
[2023-02-09T15:41:13.741+0000][68][gc,phases   ] GC(470)   Evacuate Collection Set: 2.5ms
[2023-02-09T15:41:13.742+0000][68][gc,phases   ] GC(470)   Post Evacuate Collection Set: 1.1ms
[2023-02-09T15:41:13.743+0000][68][gc,phases   ] GC(470)   Other: 1.5ms
[2023-02-09T15:41:13.743+0000][68][gc,age      ] GC(470) Age table with threshold 15 (max threshold 15)
[2023-02-09T15:41:13.744+0000][68][gc,age      ] GC(470) - age   1:     619768 bytes,     619768 total
[2023-02-09T15:41:13.745+0000][68][gc,age      ] GC(470) - age   2:      17552 bytes,     637320 total
[2023-02-09T15:41:13.746+0000][68][gc,age      ] GC(470) - age   3:      17576 bytes,     654896 total
[2023-02-09T15:41:13.747+0000][68][gc,age      ] GC(470) - age   4:       4296 bytes,     659192 total
[2023-02-09T15:41:13.747+0000][68][gc,age      ] GC(470) - age   5:        208 bytes,     659400 total
[2023-02-09T15:41:13.748+0000][68][gc,age      ] GC(470) - age   6:       2640 bytes,     662040 total
[2023-02-09T15:41:13.748+0000][68][gc,age      ] GC(470) - age   7:       1904 bytes,     663944 total
[2023-02-09T15:41:13.749+0000][68][gc,age      ] GC(470) - age   8:        496 bytes,     664440 total
[2023-02-09T15:41:13.749+0000][68][gc,age      ] GC(470) - age   9:      45056 bytes,     709496 total
[2023-02-09T15:41:13.750+0000][68][gc,age      ] GC(470) - age  10:     390440 bytes,    1099936 total
[2023-02-09T15:41:13.750+0000][68][gc,age      ] GC(470) - age  11:       6616 bytes,    1106552 total
[2023-02-09T15:41:13.751+0000][68][gc,age      ] GC(470) - age  12:        208 bytes,    1106760 total
[2023-02-09T15:41:13.751+0000][68][gc,age      ] GC(470) - age  13:      22096 bytes,    1128856 total
[2023-02-09T15:41:13.752+0000][68][gc,age      ] GC(470) - age  14:       5616 bytes,    1134472 total
[2023-02-09T15:41:13.752+0000][68][gc,age      ] GC(470) - age  15:      80848 bytes,    1215320 total
[2023-02-09T15:41:13.753+0000][68][gc,heap     ] GC(470) Eden regions: 22->0(22)
[2023-02-09T15:41:13.754+0000][68][gc,heap     ] GC(470) Survivor regions: 1->1(3)
[2023-02-09T15:41:13.754+0000][68][gc,heap     ] GC(470) Old regions: 26->26
[2023-02-09T15:41:13.755+0000][68][gc,heap     ] GC(470) Archive regions: 2->2
[2023-02-09T15:41:13.756+0000][68][gc,heap     ] GC(470) Humongous regions: 2->2
[2023-02-09T15:41:13.757+0000][68][gc,metaspace] GC(470) Metaspace: 143329K(146432K)->143329K(146432K) NonClass: 125124K(126400K)->125124K(126400K) Class: 18204K(20032K)->18204K(20032K)
[2023-02-09T15:41:13.758+0000][68][gc          ] GC(470) Pause Young (Normal) (G1 Evacuation Pause) 204M->115M(256M) 25.167ms
[2023-02-09T15:41:13.758+0000][68][gc,cpu      ] GC(470) User=0.02s Sys=0.00s Real=0.02s
[2023-02-09T15:41:13.759+0000][68][safepoint   ] Safepoint "G1CollectForAllocation", Time since last: 24657270033 ns, Reaching safepoint: 106580 ns, At safepoint: 26318679 ns, Total: 26425259 ns
[2023-02-09T15:41:16.760+0000][68][safepoint   ] Safepoint "Cleanup", Time since last: 3001484961 ns, Reaching safepoint: 107672 ns, At safepoint: 4073 ns, Total: 111745 ns
[2023-02-09T15:41:17.740+0000][68][safepoint   ] Safepoint "Cleanup", Time since last: 1000866166 ns, Reaching safepoint: 172183 ns, At safepoint: 4873 ns, Total: 177056 ns
[2023-02-09T15:41:35.010+0000][68][gc,start    ] GC(471) Pause Young (Concurrent Start) (G1 Evacuation Pause)
[2023-02-09T15:41:35.011+0000][68][gc,task     ] GC(471) Using 4 workers of 4 for evacuation
[2023-02-09T15:41:35.011+0000][68][gc,age      ] GC(471) Desired survivor size 6291456 bytes, new threshold 15 (max threshold 15)
[2023-02-09T15:41:35.018+0000][68][gc,phases   ] GC(471)   Pre Evacuate Collection Set: 0.7ms
[2023-02-09T15:41:35.019+0000][68][gc,phases   ] GC(471)   Merge Heap Roots: 0.2ms
[2023-02-09T15:41:35.020+0000][68][gc,phases   ] GC(471)   Evacuate Collection Set: 2.9ms
[2023-02-09T15:41:35.021+0000][68][gc,phases   ] GC(471)   Post Evacuate Collection Set: 1.5ms
[2023-02-09T15:41:35.021+0000][68][gc,phases   ] GC(471)   Other: 2.0ms
[2023-02-09T15:41:35.022+0000][68][gc,age      ] GC(471) Age table with threshold 15 (max threshold 15)
[2023-02-09T15:41:35.022+0000][68][gc,age      ] GC(471) - age   1:     985160 bytes,     985160 total
[2023-02-09T15:41:35.023+0000][68][gc,age      ] GC(471) - age   2:       6864 bytes,     992024 total
[2023-02-09T15:41:35.023+0000][68][gc,age      ] GC(471) - age   3:      11208 bytes,    1003232 total
[2023-02-09T15:41:35.024+0000][68][gc,age      ] GC(471) - age   4:      17128 bytes,    1020360 total
[2023-02-09T15:41:35.024+0000][68][gc,age      ] GC(471) - age   5:       2512 bytes,    1022872 total
[2023-02-09T15:41:35.025+0000][68][gc,age      ] GC(471) - age   6:        208 bytes,    1023080 total
[2023-02-09T15:41:35.025+0000][68][gc,age      ] GC(471) - age   7:       1920 bytes,    1025000 total
[2023-02-09T15:41:35.026+0000][68][gc,age      ] GC(471) - age   8:       1904 bytes,    1026904 total
[2023-02-09T15:41:35.027+0000][68][gc,age      ] GC(471) - age   9:        496 bytes,    1027400 total
[2023-02-09T15:41:35.027+0000][68][gc,age      ] GC(471) - age  10:      14184 bytes,    1041584 total
[2023-02-09T15:41:35.028+0000][68][gc,age      ] GC(471) - age  11:     283272 bytes,    1324856 total
[2023-02-09T15:41:35.029+0000][68][gc,age      ] GC(471) - age  12:       6536 bytes,    1331392 total
[2023-02-09T15:41:35.029+0000][68][gc,age      ] GC(471) - age  13:        208 bytes,    1331600 total
[2023-02-09T15:41:35.030+0000][68][gc,age      ] GC(471) - age  14:      22096 bytes,    1353696 total
[2023-02-09T15:41:35.030+0000][68][gc,age      ] GC(471) - age  15:       5616 bytes,    1359312 total
[2023-02-09T15:41:35.031+0000][68][gc,heap     ] GC(471) Eden regions: 22->0(22)
[2023-02-09T15:41:35.031+0000][68][gc,heap     ] GC(471) Survivor regions: 1->1(3)
[2023-02-09T15:41:35.032+0000][68][gc,heap     ] GC(471) Old regions: 26->26
[2023-02-09T15:41:35.032+0000][68][gc,heap     ] GC(471) Archive regions: 2->2
[2023-02-09T15:41:35.033+0000][68][gc,heap     ] GC(471) Humongous regions: 2->2
[2023-02-09T15:41:35.033+0000][68][gc,metaspace] GC(471) Metaspace: 143330K(146432K)->143330K(146432K) NonClass: 125125K(126400K)->125125K(126400K) Class: 18204K(20032K)->18204K(20032K)
[2023-02-09T15:41:35.035+0000][68][gc          ] GC(471) Pause Young (Concurrent Start) (G1 Evacuation Pause) 203M->116M(256M) 24.936ms
[2023-02-09T15:41:35.035+0000][68][gc,cpu      ] GC(471) User=0.01s Sys=0.00s Real=0.03s
[2023-02-09T15:41:35.035+0000][68][gc          ] GC(472) Concurrent Mark Cycle
[2023-02-09T15:41:35.037+0000][68][gc,marking  ] GC(472) Concurrent Clear Claimed Marks
[2023-02-09T15:41:35.036+0000][68][safepoint   ] Safepoint "G1CollectForAllocation", Time since last: 17269199146 ns, Reaching safepoint: 301459 ns, At safepoint: 26580339 ns, Total: 26881798 ns
[2023-02-09T15:41:35.037+0000][68][gc,marking  ] GC(472) Concurrent Clear Claimed Marks 0.626ms
[2023-02-09T15:41:35.038+0000][68][gc,marking  ] GC(472) Concurrent Scan Root Regions
[2023-02-09T15:41:35.041+0000][68][gc,marking  ] GC(472) Concurrent Scan Root Regions 3.217ms
[2023-02-09T15:41:35.042+0000][68][gc,marking  ] GC(472) Concurrent Mark
[2023-02-09T15:41:35.043+0000][68][gc,marking  ] GC(472) Concurrent Mark From Roots
[2023-02-09T15:41:35.043+0000][68][gc,task     ] GC(472) Using 1 workers of 1 for marking
[2023-02-09T15:41:35.148+0000][68][gc,marking  ] GC(472) Concurrent Mark From Roots 104.878ms
[2023-02-09T15:41:35.149+0000][68][gc,marking  ] GC(472) Concurrent Preclean
[2023-02-09T15:41:35.150+0000][68][gc,marking  ] GC(472) Concurrent Preclean 1.650ms
[2023-02-09T15:41:35.152+0000][68][gc,start    ] GC(472) Pause Remark
[2023-02-09T15:41:35.165+0000][68][gc          ] GC(472) Pause Remark 116M->116M(256M) 13.652ms
[2023-02-09T15:41:35.166+0000][68][gc,cpu      ] GC(472) User=0.03s Sys=0.00s Real=0.01s
[2023-02-09T15:41:35.167+0000][68][safepoint   ] Safepoint "G1PauseRemark", Time since last: 115318114 ns, Reaching safepoint: 229713 ns, At safepoint: 15393017 ns, Total: 15622730 ns
[2023-02-09T15:41:35.168+0000][68][gc,marking  ] GC(472) Concurrent Mark 125.743ms
[2023-02-09T15:41:35.169+0000][68][gc,marking  ] GC(472) Concurrent Rebuild Remembered Sets
[2023-02-09T15:41:35.220+0000][68][gc,marking  ] GC(472) Concurrent Rebuild Remembered Sets 50.987ms
[2023-02-09T15:41:35.221+0000][68][gc,start    ] GC(472) Pause Cleanup
[2023-02-09T15:41:35.222+0000][68][gc          ] GC(472) Pause Cleanup 116M->116M(256M) 1.110ms
[2023-02-09T15:41:35.223+0000][68][gc,cpu      ] GC(472) User=0.00s Sys=0.00s Real=0.00s
[2023-02-09T15:41:35.224+0000][68][safepoint   ] Safepoint "G1PauseCleanup", Time since last: 53865832 ns, Reaching safepoint: 165677 ns, At safepoint: 2449123 ns, Total: 2614800 ns
[2023-02-09T15:41:35.224+0000][68][gc,marking  ] GC(472) Concurrent Cleanup for Next Mark
[2023-02-09T15:41:35.225+0000][68][gc,marking  ] GC(472) Concurrent Cleanup for Next Mark 0.909ms
[2023-02-09T15:41:35.226+0000][68][gc          ] GC(472) Concurrent Mark Cycle 190.195ms
[2023-02-09T15:42:03.240+0000][68][gc,start    ] GC(473) Pause Young (Normal) (G1 Evacuation Pause)
[2023-02-09T15:42:03.241+0000][68][gc,task     ] GC(473) Using 4 workers of 4 for evacuation
[2023-02-09T15:42:03.243+0000][68][gc,age      ] GC(473) Desired survivor size 6291456 bytes, new threshold 15 (max threshold 15)
[2023-02-09T15:42:03.251+0000][68][gc,phases   ] GC(473)   Pre Evacuate Collection Set: 0.2ms
[2023-02-09T15:42:03.252+0000][68][gc,phases   ] GC(473)   Merge Heap Roots: 0.1ms
[2023-02-09T15:42:03.253+0000][68][gc,phases   ] GC(473)   Evacuate Collection Set: 4.7ms
[2023-02-09T15:42:03.253+0000][68][gc,phases   ] GC(473)   Post Evacuate Collection Set: 1.2ms
[2023-02-09T15:42:03.254+0000][68][gc,phases   ] GC(473)   Other: 3.3ms
[2023-02-09T15:42:03.255+0000][68][gc,age      ] GC(473) Age table with threshold 15 (max threshold 15)
[2023-02-09T15:42:03.256+0000][68][gc,age      ] GC(473) - age   1:    1001400 bytes,    1001400 total
[2023-02-09T15:42:03.257+0000][68][gc,age      ] GC(473) - age   2:     298440 bytes,    1299840 total
[2023-02-09T15:42:03.257+0000][68][gc,age      ] GC(473) - age   3:        576 bytes,    1300416 total
[2023-02-09T15:42:03.258+0000][68][gc,age      ] GC(473) - age   4:      11016 bytes,    1311432 total
[2023-02-09T15:42:03.259+0000][68][gc,age      ] GC(473) - age   5:      16872 bytes,    1328304 total
[2023-02-09T15:42:03.260+0000][68][gc,age      ] GC(473) - age   6:       2512 bytes,    1330816 total
[2023-02-09T15:42:03.261+0000][68][gc,age      ] GC(473) - age   7:        208 bytes,    1331024 total
[2023-02-09T15:42:03.262+0000][68][gc,age      ] GC(473) - age   8:       1624 bytes,    1332648 total
[2023-02-09T15:42:03.263+0000][68][gc,age      ] GC(473) - age   9:       1904 bytes,    1334552 total
[2023-02-09T15:42:03.264+0000][68][gc,age      ] GC(473) - age  10:        496 bytes,    1335048 total
[2023-02-09T15:42:03.264+0000][68][gc,age      ] GC(473) - age  11:      14024 bytes,    1349072 total
[2023-02-09T15:42:03.265+0000][68][gc,age      ] GC(473) - age  12:     283272 bytes,    1632344 total
[2023-02-09T15:42:03.265+0000][68][gc,age      ] GC(473) - age  13:       6536 bytes,    1638880 total
[2023-02-09T15:42:03.266+0000][68][gc,age      ] GC(473) - age  14:        208 bytes,    1639088 total
[2023-02-09T15:42:03.267+0000][68][gc,age      ] GC(473) - age  15:      22096 bytes,    1661184 total
[2023-02-09T15:42:03.267+0000][68][gc,heap     ] GC(473) Eden regions: 22->0(22)
[2023-02-09T15:42:03.268+0000][68][gc,heap     ] GC(473) Survivor regions: 1->1(3)
[2023-02-09T15:42:03.268+0000][68][gc,heap     ] GC(473) Old regions: 26->26
[2023-02-09T15:42:03.269+0000][68][gc,heap     ] GC(473) Archive regions: 2->2
[2023-02-09T15:42:03.269+0000][68][gc,heap     ] GC(473) Humongous regions: 2->2
[2023-02-09T15:42:03.270+0000][68][gc,metaspace] GC(473) Metaspace: 143330K(146432K)->143330K(146432K) NonClass: 125125K(126400K)->125125K(126400K) Class: 18204K(20032K)->18204K(20032K)
[2023-02-09T15:42:03.271+0000][68][gc          ] GC(473) Pause Young (Normal) (G1 Evacuation Pause) 204M->116M(256M) 31.108ms
[2023-02-09T15:42:03.271+0000][68][gc,cpu      ] GC(473) User=0.02s Sys=0.00s Real=0.03s
[2023-02-09T15:42:03.272+0000][68][safepoint   ] Safepoint "G1CollectForAllocation", Time since last: 28037507460 ns, Reaching safepoint: 211628 ns, At safepoint: 32438368 ns, Total: 32649996 ns
[2023-02-09T15:42:06.280+0000][68][safepoint   ] Safepoint "Cleanup", Time since last: 3006034706 ns, Reaching safepoint: 1712971 ns, At safepoint: 57798 ns, Total: 1770769 ns
[2023-02-09T15:42:33.247+0000][68][gc,start    ] GC(474) Pause Young (Concurrent Start) (G1 Evacuation Pause)
[2023-02-09T15:42:33.249+0000][68][gc,task     ] GC(474) Using 4 workers of 4 for evacuation
[2023-02-09T15:42:33.249+0000][68][gc,age      ] GC(474) Desired survivor size 6291456 bytes, new threshold 15 (max threshold 15)
[2023-02-09T15:42:33.254+0000][68][gc,phases   ] GC(474)   Pre Evacuate Collection Set: 0.4ms
[2023-02-09T15:42:33.255+0000][68][gc,phases   ] GC(474)   Merge Heap Roots: 0.2ms
[2023-02-09T15:42:33.256+0000][68][gc,phases   ] GC(474)   Evacuate Collection Set: 2.8ms
[2023-02-09T15:42:33.256+0000][68][gc,phases   ] GC(474)   Post Evacuate Collection Set: 0.9ms
[2023-02-09T15:42:33.257+0000][68][gc,phases   ] GC(474)   Other: 1.2ms
[2023-02-09T15:42:33.257+0000][68][gc,age      ] GC(474) Age table with threshold 15 (max threshold 15)
[2023-02-09T15:42:33.258+0000][68][gc,age      ] GC(474) - age   1:    1476824 bytes,    1476824 total
[2023-02-09T15:42:33.258+0000][68][gc,age      ] GC(474) - age   2:      19768 bytes,    1496592 total
[2023-02-09T15:42:33.259+0000][68][gc,age      ] GC(474) - age   3:     287888 bytes,    1784480 total
[2023-02-09T15:42:33.259+0000][68][gc,age      ] GC(474) - age   4:        488 bytes,    1784968 total
[2023-02-09T15:42:33.260+0000][68][gc,age      ] GC(474) - age   5:       2528 bytes,    1787496 total
[2023-02-09T15:42:33.260+0000][68][gc,age      ] GC(474) - age   6:      16808 bytes,    1804304 total
[2023-02-09T15:42:33.261+0000][68][gc,age      ] GC(474) - age   7:       2512 bytes,    1806816 total
[2023-02-09T15:42:33.261+0000][68][gc,age      ] GC(474) - age   8:        208 bytes,    1807024 total
[2023-02-09T15:42:33.262+0000][68][gc,age      ] GC(474) - age   9:       1624 bytes,    1808648 total
[2023-02-09T15:42:33.263+0000][68][gc,age      ] GC(474) - age  10:       1904 bytes,    1810552 total
[2023-02-09T15:42:33.263+0000][68][gc,age      ] GC(474) - age  11:        496 bytes,    1811048 total
[2023-02-09T15:42:33.263+0000][68][gc,age      ] GC(474) - age  12:      14024 bytes,    1825072 total
[2023-02-09T15:42:33.264+0000][68][gc,age      ] GC(474) - age  13:     283272 bytes,    2108344 total
[2023-02-09T15:42:33.264+0000][68][gc,age      ] GC(474) - age  14:       6536 bytes,    2114880 total
[2023-02-09T15:42:33.265+0000][68][gc,age      ] GC(474) - age  15:        144 bytes,    2115024 total
[2023-02-09T15:42:33.265+0000][68][gc,heap     ] GC(474) Eden regions: 22->0(22)
[2023-02-09T15:42:33.266+0000][68][gc,heap     ] GC(474) Survivor regions: 1->1(3)
[2023-02-09T15:42:33.266+0000][68][gc,heap     ] GC(474) Old regions: 26->26
[2023-02-09T15:42:33.266+0000][68][gc,heap     ] GC(474) Archive regions: 2->2
[2023-02-09T15:42:33.267+0000][68][gc,heap     ] GC(474) Humongous regions: 2->2
[2023-02-09T15:42:33.267+0000][68][gc,metaspace] GC(474) Metaspace: 143338K(146432K)->143338K(146432K) NonClass: 125134K(126400K)->125134K(126400K) Class: 18204K(20032K)->18204K(20032K)
[2023-02-09T15:42:33.268+0000][68][gc          ] GC(474) Pause Young (Concurrent Start) (G1 Evacuation Pause) 204M->116M(256M) 20.585ms
[2023-02-09T15:42:33.268+0000][68][gc,cpu      ] GC(474) User=0.01s Sys=0.00s Real=0.02s
[2023-02-09T15:42:33.269+0000][68][safepoint   ] Safepoint "G1CollectForAllocation", Time since last: 26988686025 ns, Reaching safepoint: 259970 ns, At safepoint: 21705096 ns, Total: 21965066 ns
[2023-02-09T15:42:33.268+0000][68][gc          ] GC(475) Concurrent Mark Cycle
[2023-02-09T15:42:33.270+0000][68][gc,marking  ] GC(475) Concurrent Clear Claimed Marks
[2023-02-09T15:42:33.271+0000][68][gc,marking  ] GC(475) Concurrent Clear Claimed Marks 0.759ms
[2023-02-09T15:42:33.271+0000][68][gc,marking  ] GC(475) Concurrent Scan Root Regions
[2023-02-09T15:42:33.274+0000][68][gc,marking  ] GC(475) Concurrent Scan Root Regions 2.636ms
[2023-02-09T15:42:33.275+0000][68][gc,marking  ] GC(475) Concurrent Mark
[2023-02-09T15:42:33.275+0000][68][gc,marking  ] GC(475) Concurrent Mark From Roots
[2023-02-09T15:42:33.276+0000][68][gc,task     ] GC(475) Using 1 workers of 1 for marking
[2023-02-09T15:42:33.374+0000][68][gc,marking  ] GC(475) Concurrent Mark From Roots 99.089ms
[2023-02-09T15:42:33.376+0000][68][gc,marking  ] GC(475) Concurrent Preclean
[2023-02-09T15:42:33.377+0000][68][gc,marking  ] GC(475) Concurrent Preclean 1.277ms
[2023-02-09T15:42:33.378+0000][68][gc,start    ] GC(475) Pause Remark
[2023-02-09T15:42:33.395+0000][68][gc          ] GC(475) Pause Remark 119M->119M(256M) 16.937ms
[2023-02-09T15:42:33.396+0000][68][gc,cpu      ] GC(475) User=0.06s Sys=0.00s Real=0.01s
[2023-02-09T15:42:33.397+0000][68][safepoint   ] Safepoint "G1PauseRemark", Time since last: 108787627 ns, Reaching safepoint: 139041 ns, At safepoint: 18855370 ns, Total: 18994411 ns
[2023-02-09T15:42:33.397+0000][68][gc,marking  ] GC(475) Concurrent Mark 122.349ms
[2023-02-09T15:42:33.398+0000][68][gc,marking  ] GC(475) Concurrent Rebuild Remembered Sets
[2023-02-09T15:42:33.451+0000][68][gc,marking  ] GC(475) Concurrent Rebuild Remembered Sets 53.436ms
[2023-02-09T15:42:33.452+0000][68][gc,start    ] GC(475) Pause Cleanup
[2023-02-09T15:42:33.453+0000][68][gc          ] GC(475) Pause Cleanup 120M->120M(256M) 0.981ms
[2023-02-09T15:42:33.454+0000][68][gc,cpu      ] GC(475) User=0.00s Sys=0.00s Real=0.00s
[2023-02-09T15:42:33.454+0000][68][safepoint   ] Safepoint "G1PauseCleanup", Time since last: 55617686 ns, Reaching safepoint: 105187 ns, At safepoint: 2133256 ns, Total: 2238443 ns
[2023-02-09T15:42:33.455+0000][68][gc,marking  ] GC(475) Concurrent Cleanup for Next Mark
[2023-02-09T15:42:33.456+0000][68][gc,marking  ] GC(475) Concurrent Cleanup for Next Mark 0.830ms
[2023-02-09T15:42:33.456+0000][68][gc          ] GC(475) Concurrent Mark Cycle 187.889ms
[2023-02-09T15:42:54.566+0000][68][gc,start    ] GC(476) Pause Young (Normal) (G1 Evacuation Pause)
[2023-02-09T15:42:54.567+0000][68][gc,task     ] GC(476) Using 4 workers of 4 for evacuation
[2023-02-09T15:42:54.567+0000][68][gc,age      ] GC(476) Desired survivor size 6291456 bytes, new threshold 15 (max threshold 15)
[2023-02-09T15:42:54.571+0000][68][gc,phases   ] GC(476)   Pre Evacuate Collection Set: 0.1ms
[2023-02-09T15:42:54.571+0000][68][gc,phases   ] GC(476)   Merge Heap Roots: 0.1ms
[2023-02-09T15:42:54.572+0000][68][gc,phases   ] GC(476)   Evacuate Collection Set: 2.3ms
[2023-02-09T15:42:54.573+0000][68][gc,phases   ] GC(476)   Post Evacuate Collection Set: 0.7ms
[2023-02-09T15:42:54.573+0000][68][gc,phases   ] GC(476)   Other: 1.0ms
[2023-02-09T15:42:54.573+0000][68][gc,age      ] GC(476) Age table with threshold 15 (max threshold 15)
[2023-02-09T15:42:54.574+0000][68][gc,age      ] GC(476) - age   1:    1570592 bytes,    1570592 total
[2023-02-09T15:42:54.574+0000][68][gc,age      ] GC(476) - age   2:      19224 bytes,    1589816 total
[2023-02-09T15:42:54.575+0000][68][gc,age      ] GC(476) - age   3:      19288 bytes,    1609104 total
[2023-02-09T15:42:54.575+0000][68][gc,age      ] GC(476) - age   4:     287264 bytes,    1896368 total
[2023-02-09T15:42:54.575+0000][68][gc,age      ] GC(476) - age   5:        360 bytes,    1896728 total
[2023-02-09T15:42:54.576+0000][68][gc,age      ] GC(476) - age   6:       2528 bytes,    1899256 total
[2023-02-09T15:42:54.576+0000][68][gc,age      ] GC(476) - age   7:      16808 bytes,    1916064 total
[2023-02-09T15:42:54.577+0000][68][gc,age      ] GC(476) - age   8:       2512 bytes,    1918576 total
[2023-02-09T15:42:54.577+0000][68][gc,age      ] GC(476) - age   9:        208 bytes,    1918784 total
[2023-02-09T15:42:54.577+0000][68][gc,age      ] GC(476) - age  10:       1624 bytes,    1920408 total
[2023-02-09T15:42:54.578+0000][68][gc,age      ] GC(476) - age  11:       1904 bytes,    1922312 total
[2023-02-09T15:42:54.578+0000][68][gc,age      ] GC(476) - age  12:        496 bytes,    1922808 total
[2023-02-09T15:42:54.579+0000][68][gc,age      ] GC(476) - age  13:      14024 bytes,    1936832 total
[2023-02-09T15:42:54.579+0000][68][gc,age      ] GC(476) - age  14:     283272 bytes,    2220104 total
[2023-02-09T15:42:54.580+0000][68][gc,age      ] GC(476) - age  15:       6504 bytes,    2226608 total
[2023-02-09T15:42:54.580+0000][68][gc,heap     ] GC(476) Eden regions: 22->0(22)
[2023-02-09T15:42:54.581+0000][68][gc,heap     ] GC(476) Survivor regions: 1->1(3)
[2023-02-09T15:42:54.581+0000][68][gc,heap     ] GC(476) Old regions: 26->26
[2023-02-09T15:42:54.582+0000][68][gc,heap     ] GC(476) Archive regions: 2->2
[2023-02-09T15:42:54.582+0000][68][gc,heap     ] GC(476) Humongous regions: 2->2
[2023-02-09T15:42:54.583+0000][68][gc,metaspace] GC(476) Metaspace: 143307K(146432K)->143307K(146432K) NonClass: 125111K(126400K)->125111K(126400K) Class: 18196K(20032K)->18196K(20032K)
[2023-02-09T15:42:54.584+0000][68][gc          ] GC(476) Pause Young (Normal) (G1 Evacuation Pause) 204M->116M(256M) 17.817ms
[2023-02-09T15:42:54.584+0000][68][gc,cpu      ] GC(476) User=0.01s Sys=0.00s Real=0.01s
[2023-02-09T15:42:54.585+0000][68][safepoint   ] Safepoint "G1CollectForAllocation", Time since last: 21132519124 ns, Reaching safepoint: 86892 ns, At safepoint: 19378690 ns, Total: 19465582 ns
[2023-02-09T15:42:59.593+0000][68][safepoint   ] Safepoint "Cleanup", Time since last: 5007351139 ns, Reaching safepoint: 109308 ns, At safepoint: 3988 ns, Total: 113296 ns
[2023-02-09T15:43:05.600+0000][68][safepoint   ] Safepoint "Cleanup", Time since last: 6007169154 ns, Reaching safepoint: 305078 ns, At safepoint: 9407 ns, Total: 314485 ns
[2023-02-09T15:43:29.162+0000][68][gc,start    ] GC(477) Pause Young (Concurrent Start) (G1 Evacuation Pause)
[2023-02-09T15:43:29.164+0000][68][gc,task     ] GC(477) Using 4 workers of 4 for evacuation
[2023-02-09T15:43:29.166+0000][68][gc,age      ] GC(477) Desired survivor size 6291456 bytes, new threshold 15 (max threshold 15)
[2023-02-09T15:43:29.172+0000][68][gc,phases   ] GC(477)   Pre Evacuate Collection Set: 0.6ms
[2023-02-09T15:43:29.174+0000][68][gc,phases   ] GC(477)   Merge Heap Roots: 0.1ms
[2023-02-09T15:43:29.176+0000][68][gc,phases   ] GC(477)   Evacuate Collection Set: 2.2ms
[2023-02-09T15:43:29.178+0000][68][gc,phases   ] GC(477)   Post Evacuate Collection Set: 1.2ms
[2023-02-09T15:43:29.179+0000][68][gc,phases   ] GC(477)   Other: 3.5ms
[2023-02-09T15:43:29.180+0000][68][gc,age      ] GC(477) Age table with threshold 15 (max threshold 15)
[2023-02-09T15:43:29.180+0000][68][gc,age      ] GC(477) - age   1:     705376 bytes,     705376 total
[2023-02-09T15:43:29.181+0000][68][gc,age      ] GC(477) - age   2:       4184 bytes,     709560 total
[2023-02-09T15:43:29.183+0000][68][gc,age      ] GC(477) - age   3:       7416 bytes,     716976 total
[2023-02-09T15:43:29.184+0000][68][gc,age      ] GC(477) - age   4:      18848 bytes,     735824 total
[2023-02-09T15:43:29.185+0000][68][gc,age      ] GC(477) - age   5:     286904 bytes,    1022728 total
[2023-02-09T15:43:29.186+0000][68][gc,age      ] GC(477) - age   6:        296 bytes,    1023024 total
[2023-02-09T15:43:29.187+0000][68][gc,age      ] GC(477) - age   7:       2528 bytes,    1025552 total
[2023-02-09T15:43:29.187+0000][68][gc,age      ] GC(477) - age   8:      16808 bytes,    1042360 total
[2023-02-09T15:43:29.188+0000][68][gc,age      ] GC(477) - age   9:       2512 bytes,    1044872 total
[2023-02-09T15:43:29.189+0000][68][gc,age      ] GC(477) - age  10:        208 bytes,    1045080 total
[2023-02-09T15:43:29.190+0000][68][gc,age      ] GC(477) - age  11:       1624 bytes,    1046704 total
[2023-02-09T15:43:29.190+0000][68][gc,age      ] GC(477) - age  12:       1904 bytes,    1048608 total
[2023-02-09T15:43:29.191+0000][68][gc,age      ] GC(477) - age  13:        496 bytes,    1049104 total
[2023-02-09T15:43:29.192+0000][68][gc,age      ] GC(477) - age  14:      14024 bytes,    1063128 total
[2023-02-09T15:43:29.192+0000][68][gc,age      ] GC(477) - age  15:     283272 bytes,    1346400 total
[2023-02-09T15:43:29.193+0000][68][gc,heap     ] GC(477) Eden regions: 22->0(22)
[2023-02-09T15:43:29.193+0000][68][gc,heap     ] GC(477) Survivor regions: 1->1(3)
[2023-02-09T15:43:29.194+0000][68][gc,heap     ] GC(477) Old regions: 26->26
[2023-02-09T15:43:29.194+0000][68][gc,heap     ] GC(477) Archive regions: 2->2
[2023-02-09T15:43:29.195+0000][68][gc,heap     ] GC(477) Humongous regions: 2->2
[2023-02-09T15:43:29.195+0000][68][gc,metaspace] GC(477) Metaspace: 143307K(146432K)->143307K(146432K) NonClass: 125111K(126400K)->125111K(126400K) Class: 18196K(20032K)->18196K(20032K)
[2023-02-09T15:43:29.196+0000][68][gc          ] GC(477) Pause Young (Concurrent Start) (G1 Evacuation Pause) 204M->116M(256M) 34.098ms
[2023-02-09T15:43:29.197+0000][68][gc,cpu      ] GC(477) User=0.01s Sys=0.01s Real=0.03s
[2023-02-09T15:43:29.197+0000][68][gc          ] GC(478) Concurrent Mark Cycle
[2023-02-09T15:43:29.198+0000][68][gc,marking  ] GC(478) Concurrent Clear Claimed Marks
[2023-02-09T15:43:29.197+0000][68][safepoint   ] Safepoint "G1CollectForAllocation", Time since last: 23600256915 ns, Reaching safepoint: 101143 ns, At safepoint: 35483750 ns, Total: 35584893 ns
[2023-02-09T15:43:29.199+0000][68][gc,marking  ] GC(478) Concurrent Clear Claimed Marks 0.946ms
[2023-02-09T15:43:29.200+0000][68][gc,marking  ] GC(478) Concurrent Scan Root Regions
[2023-02-09T15:43:29.203+0000][68][gc,marking  ] GC(478) Concurrent Scan Root Regions 3.671ms
[2023-02-09T15:43:29.204+0000][68][gc,marking  ] GC(478) Concurrent Mark
[2023-02-09T15:43:29.205+0000][68][gc,marking  ] GC(478) Concurrent Mark From Roots
[2023-02-09T15:43:29.206+0000][68][gc,task     ] GC(478) Using 1 workers of 1 for marking
[2023-02-09T15:43:29.349+0000][68][gc,marking  ] GC(478) Concurrent Mark From Roots 144.722ms
[2023-02-09T15:43:29.350+0000][68][gc,marking  ] GC(478) Concurrent Preclean
[2023-02-09T15:43:29.351+0000][68][gc,marking  ] GC(478) Concurrent Preclean 1.207ms
[2023-02-09T15:43:29.352+0000][68][gc,start    ] GC(478) Pause Remark
[2023-02-09T15:43:29.364+0000][68][gc          ] GC(478) Pause Remark 119M->119M(256M) 12.165ms
[2023-02-09T15:43:29.365+0000][68][gc,cpu      ] GC(478) User=0.03s Sys=0.00s Real=0.01s
[2023-02-09T15:43:29.367+0000][68][safepoint   ] Safepoint "G1PauseRemark", Time since last: 154624783 ns, Reaching safepoint: 90666 ns, At safepoint: 14457513 ns, Total: 14548179 ns
[2023-02-09T15:43:29.368+0000][68][gc,marking  ] GC(478) Concurrent Mark 164.296ms
[2023-02-09T15:43:29.369+0000][68][gc,marking  ] GC(478) Concurrent Rebuild Remembered Sets
[2023-02-09T15:43:29.440+0000][68][gc,marking  ] GC(478) Concurrent Rebuild Remembered Sets 70.444ms
[2023-02-09T15:43:29.440+0000][68][gc,start    ] GC(478) Pause Cleanup
[2023-02-09T15:43:29.441+0000][68][gc          ] GC(478) Pause Cleanup 120M->120M(256M) 0.505ms
[2023-02-09T15:43:29.441+0000][68][gc,cpu      ] GC(478) User=0.00s Sys=0.00s Real=0.00s
[2023-02-09T15:43:29.442+0000][68][safepoint   ] Safepoint "G1PauseCleanup", Time since last: 73742765 ns, Reaching safepoint: 89160 ns, At safepoint: 1401382 ns, Total: 1490542 ns
[2023-02-09T15:43:29.442+0000][68][gc,marking  ] GC(478) Concurrent Cleanup for Next Mark
[2023-02-09T15:43:29.443+0000][68][gc,marking  ] GC(478) Concurrent Cleanup for Next Mark 0.779ms
[2023-02-09T15:43:29.444+0000][68][gc          ] GC(478) Concurrent Mark Cycle 246.993ms
[2023-02-09T15:43:56.163+0000][68][gc,start    ] GC(479) Pause Young (Normal) (G1 Evacuation Pause)
[2023-02-09T15:43:56.165+0000][68][gc,task     ] GC(479) Using 4 workers of 4 for evacuation
[2023-02-09T15:43:56.166+0000][68][gc,age      ] GC(479) Desired survivor size 6291456 bytes, new threshold 15 (max threshold 15)
[2023-02-09T15:43:56.173+0000][68][gc,phases   ] GC(479)   Pre Evacuate Collection Set: 0.3ms
[2023-02-09T15:43:56.174+0000][68][gc,phases   ] GC(479)   Merge Heap Roots: 0.1ms
[2023-02-09T15:43:56.175+0000][68][gc,phases   ] GC(479)   Evacuate Collection Set: 3.5ms
[2023-02-09T15:43:56.176+0000][68][gc,phases   ] GC(479)   Post Evacuate Collection Set: 1.3ms
[2023-02-09T15:43:56.177+0000][68][gc,phases   ] GC(479)   Other: 2.7ms
[2023-02-09T15:43:56.178+0000][68][gc,age      ] GC(479) Age table with threshold 15 (max threshold 15)
[2023-02-09T15:43:56.178+0000][68][gc,age      ] GC(479) - age   1:     959352 bytes,     959352 total
[2023-02-09T15:43:56.179+0000][68][gc,age      ] GC(479) - age   2:       2240 bytes,     961592 total
[2023-02-09T15:43:56.180+0000][68][gc,age      ] GC(479) - age   3:       3424 bytes,     965016 total
[2023-02-09T15:43:56.181+0000][68][gc,age      ] GC(479) - age   4:       3008 bytes,     968024 total
[2023-02-09T15:43:56.181+0000][68][gc,age      ] GC(479) - age   5:      18720 bytes,     986744 total
[2023-02-09T15:43:56.182+0000][68][gc,age      ] GC(479) - age   6:     286904 bytes,    1273648 total
[2023-02-09T15:43:56.183+0000][68][gc,age      ] GC(479) - age   7:        296 bytes,    1273944 total
[2023-02-09T15:43:56.184+0000][68][gc,age      ] GC(479) - age   8:       2528 bytes,    1276472 total
[2023-02-09T15:43:56.184+0000][68][gc,age      ] GC(479) - age   9:      16808 bytes,    1293280 total
[2023-02-09T15:43:56.185+0000][68][gc,age      ] GC(479) - age  10:       2512 bytes,    1295792 total
[2023-02-09T15:43:56.185+0000][68][gc,age      ] GC(479) - age  11:        208 bytes,    1296000 total
[2023-02-09T15:43:56.186+0000][68][gc,age      ] GC(479) - age  12:       1416 bytes,    1297416 total
[2023-02-09T15:43:56.187+0000][68][gc,age      ] GC(479) - age  13:       1904 bytes,    1299320 total
[2023-02-09T15:43:56.187+0000][68][gc,age      ] GC(479) - age  14:        496 bytes,    1299816 total
[2023-02-09T15:43:56.188+0000][68][gc,age      ] GC(479) - age  15:      14024 bytes,    1313840 total
[2023-02-09T15:43:56.189+0000][68][gc,heap     ] GC(479) Eden regions: 22->0(22)
[2023-02-09T15:43:56.189+0000][68][gc,heap     ] GC(479) Survivor regions: 1->1(3)
[2023-02-09T15:43:56.190+0000][68][gc,heap     ] GC(479) Old regions: 26->26
[2023-02-09T15:43:56.190+0000][68][gc,heap     ] GC(479) Archive regions: 2->2
[2023-02-09T15:43:56.191+0000][68][gc,heap     ] GC(479) Humongous regions: 2->2
[2023-02-09T15:43:56.191+0000][68][gc,metaspace] GC(479) Metaspace: 143307K(146432K)->143307K(146432K) NonClass: 125111K(126400K)->125111K(126400K) Class: 18196K(20032K)->18196K(20032K)
[2023-02-09T15:43:56.192+0000][68][gc          ] GC(479) Pause Young (Normal) (G1 Evacuation Pause) 204M->116M(256M) 28.946ms
[2023-02-09T15:43:56.193+0000][68][gc,cpu      ] GC(479) User=0.01s Sys=0.00s Real=0.03s
[2023-02-09T15:43:56.194+0000][68][safepoint   ] Safepoint "G1CollectForAllocation", Time since last: 26731483421 ns, Reaching safepoint: 577015 ns, At safepoint: 30281240 ns, Total: 30858255 ns
[2023-02-09T15:44:12.208+0000][68][safepoint   ] Safepoint "Cleanup", Time since last: 16013634416 ns, Reaching safepoint: 255221 ns, At safepoint: 12032 ns, Total: 267253 ns
[2023-02-09T15:44:29.173+0000][68][gc,start    ] GC(480) Pause Young (Concurrent Start) (G1 Evacuation Pause)
[2023-02-09T15:44:29.174+0000][68][gc,task     ] GC(480) Using 4 workers of 4 for evacuation
[2023-02-09T15:44:29.175+0000][68][gc,age      ] GC(480) Desired survivor size 6291456 bytes, new threshold 15 (max threshold 15)
[2023-02-09T15:44:29.179+0000][68][gc,phases   ] GC(480)   Pre Evacuate Collection Set: 0.4ms
[2023-02-09T15:44:29.180+0000][68][gc,phases   ] GC(480)   Merge Heap Roots: 0.2ms
[2023-02-09T15:44:29.180+0000][68][gc,phases   ] GC(480)   Evacuate Collection Set: 2.0ms
[2023-02-09T15:44:29.181+0000][68][gc,phases   ] GC(480)   Post Evacuate Collection Set: 0.8ms
[2023-02-09T15:44:29.181+0000][68][gc,phases   ] GC(480)   Other: 1.4ms
[2023-02-09T15:44:29.182+0000][68][gc,age      ] GC(480) Age table with threshold 15 (max threshold 15)
[2023-02-09T15:44:29.183+0000][68][gc,age      ] GC(480) - age   1:    1454728 bytes,    1454728 total
[2023-02-09T15:44:29.183+0000][68][gc,age      ] GC(480) - age   2:      15672 bytes,    1470400 total
[2023-02-09T15:44:29.184+0000][68][gc,age      ] GC(480) - age   3:        264 bytes,    1470664 total
[2023-02-09T15:44:29.184+0000][68][gc,age      ] GC(480) - age   4:       3168 bytes,    1473832 total
[2023-02-09T15:44:29.185+0000][68][gc,age      ] GC(480) - age   5:       2944 bytes,    1476776 total
[2023-02-09T15:44:29.186+0000][68][gc,age      ] GC(480) - age   6:      18296 bytes,    1495072 total
[2023-02-09T15:44:29.186+0000][68][gc,age      ] GC(480) - age   7:     286904 bytes,    1781976 total
[2023-02-09T15:44:29.187+0000][68][gc,age      ] GC(480) - age   8:        296 bytes,    1782272 total
[2023-02-09T15:44:29.187+0000][68][gc,age      ] GC(480) - age   9:       2528 bytes,    1784800 total
[2023-02-09T15:44:29.187+0000][68][gc,age      ] GC(480) - age  10:      16808 bytes,    1801608 total
[2023-02-09T15:44:29.188+0000][68][gc,age      ] GC(480) - age  11:       2216 bytes,    1803824 total
[2023-02-09T15:44:29.188+0000][68][gc,age      ] GC(480) - age  12:        208 bytes,    1804032 total
[2023-02-09T15:44:29.189+0000][68][gc,age      ] GC(480) - age  13:       1416 bytes,    1805448 total
[2023-02-09T15:44:29.189+0000][68][gc,age      ] GC(480) - age  14:       1904 bytes,    1807352 total
[2023-02-09T15:44:29.190+0000][68][gc,age      ] GC(480) - age  15:        496 bytes,    1807848 total
[2023-02-09T15:44:29.190+0000][68][gc,heap     ] GC(480) Eden regions: 22->0(22)
[2023-02-09T15:44:29.191+0000][68][gc,heap     ] GC(480) Survivor regions: 1->1(3)
[2023-02-09T15:44:29.191+0000][68][gc,heap     ] GC(480) Old regions: 26->26
[2023-02-09T15:44:29.192+0000][68][gc,heap     ] GC(480) Archive regions: 2->2
[2023-02-09T15:44:29.192+0000][68][gc,heap     ] GC(480) Humongous regions: 2->2
[2023-02-09T15:44:29.193+0000][68][gc,metaspace] GC(480) Metaspace: 143310K(146432K)->143310K(146432K) NonClass: 125114K(126400K)->125114K(126400K) Class: 18196K(20032K)->18196K(20032K)
[2023-02-09T15:44:29.193+0000][68][gc          ] GC(480) Pause Young (Concurrent Start) (G1 Evacuation Pause) 204M->116M(256M) 20.012ms
[2023-02-09T15:44:29.194+0000][68][gc,cpu      ] GC(480) User=0.00s Sys=0.00s Real=0.03s
[2023-02-09T15:44:29.195+0000][68][safepoint   ] Safepoint "G1CollectForAllocation", Time since last: 16987902466 ns, Reaching safepoint: 195338 ns, At safepoint: 21278694 ns, Total: 21474032 ns
[2023-02-09T15:44:29.194+0000][68][gc          ] GC(481) Concurrent Mark Cycle
[2023-02-09T15:44:29.196+0000][68][gc,marking  ] GC(481) Concurrent Clear Claimed Marks
[2023-02-09T15:44:29.197+0000][68][gc,marking  ] GC(481) Concurrent Clear Claimed Marks 0.576ms
[2023-02-09T15:44:29.197+0000][68][gc,marking  ] GC(481) Concurrent Scan Root Regions
[2023-02-09T15:44:29.200+0000][68][gc,marking  ] GC(481) Concurrent Scan Root Regions 2.816ms
[2023-02-09T15:44:29.201+0000][68][gc,marking  ] GC(481) Concurrent Mark
[2023-02-09T15:44:29.201+0000][68][gc,marking  ] GC(481) Concurrent Mark From Roots
[2023-02-09T15:44:29.202+0000][68][gc,task     ] GC(481) Using 1 workers of 1 for marking
[2023-02-09T15:44:29.340+0000][68][gc,marking  ] GC(481) Concurrent Mark From Roots 138.736ms
[2023-02-09T15:44:29.340+0000][68][gc,marking  ] GC(481) Concurrent Preclean
[2023-02-09T15:44:29.341+0000][68][gc,marking  ] GC(481) Concurrent Preclean 0.699ms
[2023-02-09T15:44:29.343+0000][68][gc,start    ] GC(481) Pause Remark
[2023-02-09T15:44:29.353+0000][68][gc          ] GC(481) Pause Remark 119M->119M(256M) 10.198ms
[2023-02-09T15:44:29.354+0000][68][gc,cpu      ] GC(481) User=0.03s Sys=0.00s Real=0.01s
[2023-02-09T15:44:29.354+0000][68][safepoint   ] Safepoint "G1PauseRemark", Time since last: 147093094 ns, Reaching safepoint: 784256 ns, At safepoint: 11698870 ns, Total: 12483126 ns
[2023-02-09T15:44:29.355+0000][68][gc,marking  ] GC(481) Concurrent Mark 154.197ms
[2023-02-09T15:44:29.355+0000][68][gc,marking  ] GC(481) Concurrent Rebuild Remembered Sets
[2023-02-09T15:44:29.499+0000][68][gc,marking  ] GC(481) Concurrent Rebuild Remembered Sets 143.396ms
[2023-02-09T15:44:29.506+0000][68][gc,start    ] GC(481) Pause Cleanup
[2023-02-09T15:44:29.508+0000][68][gc          ] GC(481) Pause Cleanup 119M->119M(256M) 2.691ms
[2023-02-09T15:44:29.512+0000][68][gc,cpu      ] GC(481) User=0.00s Sys=0.00s Real=0.00s
[2023-02-09T15:44:29.513+0000][68][safepoint   ] Safepoint "G1PauseCleanup", Time since last: 148109144 ns, Reaching safepoint: 3113371 ns, At safepoint: 7997922 ns, Total: 11111293 ns
[2023-02-09T15:44:29.516+0000][68][gc,marking  ] GC(481) Concurrent Cleanup for Next Mark
[2023-02-09T15:44:29.519+0000][68][gc,marking  ] GC(481) Concurrent Cleanup for Next Mark 3.026ms
[2023-02-09T15:44:29.521+0000][68][gc          ] GC(481) Concurrent Mark Cycle 327.070ms
[2023-02-09T15:44:53.164+0000][68][gc,start    ] GC(482) Pause Young (Normal) (G1 Evacuation Pause)
[2023-02-09T15:44:53.166+0000][68][gc,task     ] GC(482) Using 4 workers of 4 for evacuation
[2023-02-09T15:44:53.166+0000][68][gc,age      ] GC(482) Desired survivor size 6291456 bytes, new threshold 15 (max threshold 15)
[2023-02-09T15:44:53.170+0000][68][gc,phases   ] GC(482)   Pre Evacuate Collection Set: 0.2ms
[2023-02-09T15:44:53.171+0000][68][gc,phases   ] GC(482)   Merge Heap Roots: 0.1ms
[2023-02-09T15:44:53.172+0000][68][gc,phases   ] GC(482)   Evacuate Collection Set: 1.6ms
[2023-02-09T15:44:53.173+0000][68][gc,phases   ] GC(482)   Post Evacuate Collection Set: 0.9ms
[2023-02-09T15:44:53.174+0000][68][gc,phases   ] GC(482)   Other: 1.9ms
[2023-02-09T15:44:53.174+0000][68][gc,age      ] GC(482) Age table with threshold 15 (max threshold 15)
[2023-02-09T15:44:53.175+0000][68][gc,age      ] GC(482) - age   1:    1713048 bytes,    1713048 total
[2023-02-09T15:44:53.176+0000][68][gc,age      ] GC(482) - age   2:       3600 bytes,    1716648 total
[2023-02-09T15:44:53.177+0000][68][gc,age      ] GC(482) - age   3:       2896 bytes,    1719544 total
[2023-02-09T15:44:53.178+0000][68][gc,age      ] GC(482) - age   4:         72 bytes,    1719616 total
[2023-02-09T15:44:53.179+0000][68][gc,age      ] GC(482) - age   5:       3104 bytes,    1722720 total
[2023-02-09T15:44:53.179+0000][68][gc,age      ] GC(482) - age   6:       2704 bytes,    1725424 total
[2023-02-09T15:44:53.180+0000][68][gc,age      ] GC(482) - age   7:      17960 bytes,    1743384 total
[2023-02-09T15:44:53.180+0000][68][gc,age      ] GC(482) - age   8:     286872 bytes,    2030256 total
[2023-02-09T15:44:53.182+0000][68][gc,age      ] GC(482) - age   9:        296 bytes,    2030552 total
[2023-02-09T15:44:53.182+0000][68][gc,age      ] GC(482) - age  10:       2528 bytes,    2033080 total
[2023-02-09T15:44:53.183+0000][68][gc,age      ] GC(482) - age  11:      16512 bytes,    2049592 total
[2023-02-09T15:44:53.184+0000][68][gc,age      ] GC(482) - age  12:       2216 bytes,    2051808 total
[2023-02-09T15:44:53.184+0000][68][gc,age      ] GC(482) - age  13:        208 bytes,    2052016 total
[2023-02-09T15:44:53.185+0000][68][gc,age      ] GC(482) - age  14:       1416 bytes,    2053432 total
[2023-02-09T15:44:53.185+0000][68][gc,age      ] GC(482) - age  15:       1904 bytes,    2055336 total
[2023-02-09T15:44:53.186+0000][68][gc,heap     ] GC(482) Eden regions: 22->0(22)
[2023-02-09T15:44:53.187+0000][68][gc,heap     ] GC(482) Survivor regions: 1->1(3)
[2023-02-09T15:44:53.188+0000][68][gc,heap     ] GC(482) Old regions: 26->26
[2023-02-09T15:44:53.191+0000][68][gc,heap     ] GC(482) Archive regions: 2->2
[2023-02-09T15:44:53.192+0000][68][gc,heap     ] GC(482) Humongous regions: 2->2
[2023-02-09T15:44:53.195+0000][68][gc,metaspace] GC(482) Metaspace: 143310K(146432K)->143310K(146432K) NonClass: 125114K(126400K)->125114K(126400K) Class: 18196K(20032K)->18196K(20032K)
[2023-02-09T15:44:53.199+0000][68][gc          ] GC(482) Pause Young (Normal) (G1 Evacuation Pause) 204M->117M(256M) 35.186ms
[2023-02-09T15:44:53.202+0000][68][gc,cpu      ] GC(482) User=0.01s Sys=0.01s Real=0.03s
[2023-02-09T15:44:53.204+0000][68][safepoint   ] Safepoint "G1CollectForAllocation", Time since last: 23670889124 ns, Reaching safepoint: 384188 ns, At safepoint: 40424998 ns, Total: 40809186 ns
[2023-02-09T15:45:12.225+0000][68][safepoint   ] Safepoint "Cleanup", Time since last: 19019761395 ns, Reaching safepoint: 974103 ns, At safepoint: 152435 ns, Total: 1126538 ns
[2023-02-09T15:45:16.260+0000][68][safepoint   ] Safepoint "Cleanup", Time since last: 4034396712 ns, Reaching safepoint: 722732 ns, At safepoint: 27412 ns, Total: 750144 ns
[2023-02-09T15:45:17.511+0000][68][gc,start    ] GC(483) Pause Young (Concurrent Start) (G1 Evacuation Pause)
[2023-02-09T15:45:17.511+0000][68][gc,task     ] GC(483) Using 4 workers of 4 for evacuation
[2023-02-09T15:45:17.512+0000][68][gc,age      ] GC(483) Desired survivor size 6291456 bytes, new threshold 15 (max threshold 15)
[2023-02-09T15:45:17.515+0000][68][gc,phases   ] GC(483)   Pre Evacuate Collection Set: 0.3ms
[2023-02-09T15:45:17.516+0000][68][gc,phases   ] GC(483)   Merge Heap Roots: 0.1ms
[2023-02-09T15:45:17.517+0000][68][gc,phases   ] GC(483)   Evacuate Collection Set: 1.5ms
[2023-02-09T15:45:17.518+0000][68][gc,phases   ] GC(483)   Post Evacuate Collection Set: 0.9ms
[2023-02-09T15:45:17.519+0000][68][gc,phases   ] GC(483)   Other: 1.2ms
[2023-02-09T15:45:17.520+0000][68][gc,age      ] GC(483) Age table with threshold 15 (max threshold 15)
[2023-02-09T15:45:17.521+0000][68][gc,age      ] GC(483) - age   1:    1976656 bytes,    1976656 total
[2023-02-09T15:45:17.521+0000][68][gc,age      ] GC(483) - age   2:      16056 bytes,    1992712 total
[2023-02-09T15:45:17.522+0000][68][gc,age      ] GC(483) - age   3:       1464 bytes,    1994176 total
[2023-02-09T15:45:17.523+0000][68][gc,age      ] GC(483) - age   4:       2768 bytes,    1996944 total
[2023-02-09T15:45:17.524+0000][68][gc,age      ] GC(483) - age   5:         72 bytes,    1997016 total
[2023-02-09T15:45:17.525+0000][68][gc,age      ] GC(483) - age   6:       3040 bytes,    2000056 total
[2023-02-09T15:45:17.525+0000][68][gc,age      ] GC(483) - age   7:       2408 bytes,    2002464 total
[2023-02-09T15:45:17.526+0000][68][gc,age      ] GC(483) - age   8:      17960 bytes,    2020424 total
[2023-02-09T15:45:17.527+0000][68][gc,age      ] GC(483) - age   9:     286872 bytes,    2307296 total
[2023-02-09T15:45:17.527+0000][68][gc,age      ] GC(483) - age  10:        296 bytes,    2307592 total
[2023-02-09T15:45:17.528+0000][68][gc,age      ] GC(483) - age  11:       2528 bytes,    2310120 total
[2023-02-09T15:45:17.529+0000][68][gc,age      ] GC(483) - age  12:      11832 bytes,    2321952 total
[2023-02-09T15:45:17.530+0000][68][gc,age      ] GC(483) - age  13:       2216 bytes,    2324168 total
[2023-02-09T15:45:17.530+0000][68][gc,age      ] GC(483) - age  14:        208 bytes,    2324376 total
[2023-02-09T15:45:17.531+0000][68][gc,age      ] GC(483) - age  15:       1416 bytes,    2325792 total
[2023-02-09T15:45:17.532+0000][68][gc,heap     ] GC(483) Eden regions: 22->0(21)
[2023-02-09T15:45:17.532+0000][68][gc,heap     ] GC(483) Survivor regions: 1->1(3)
[2023-02-09T15:45:17.533+0000][68][gc,heap     ] GC(483) Old regions: 26->26
[2023-02-09T15:45:17.533+0000][68][gc,heap     ] GC(483) Archive regions: 2->2
[2023-02-09T15:45:17.534+0000][68][gc,heap     ] GC(483) Humongous regions: 2->2
[2023-02-09T15:45:17.535+0000][68][gc,metaspace] GC(483) Metaspace: 143311K(146432K)->143311K(146432K) NonClass: 125115K(126400K)->125115K(126400K) Class: 18196K(20032K)->18196K(20032K)
[2023-02-09T15:45:17.535+0000][68][gc          ] GC(483) Pause Young (Concurrent Start) (G1 Evacuation Pause) 205M->117M(256M) 24.605ms
[2023-02-09T15:45:17.536+0000][68][gc,cpu      ] GC(483) User=0.01s Sys=0.01s Real=0.03s
[2023-02-09T15:45:17.536+0000][68][gc          ] GC(484) Concurrent Mark Cycle
[2023-02-09T15:45:17.537+0000][68][gc,marking  ] GC(484) Concurrent Clear Claimed Marks
[2023-02-09T15:45:17.536+0000][68][safepoint   ] Safepoint "G1CollectForAllocation", Time since last: 1250552921 ns, Reaching safepoint: 89117 ns, At safepoint: 25885417 ns, Total: 25974534 ns
[2023-02-09T15:45:17.538+0000][68][gc,marking  ] GC(484) Concurrent Clear Claimed Marks 0.962ms
[2023-02-09T15:45:17.539+0000][68][gc,marking  ] GC(484) Concurrent Scan Root Regions
[2023-02-09T15:45:17.541+0000][68][gc,marking  ] GC(484) Concurrent Scan Root Regions 2.456ms
[2023-02-09T15:45:17.542+0000][68][gc,marking  ] GC(484) Concurrent Mark
[2023-02-09T15:45:17.543+0000][68][gc,marking  ] GC(484) Concurrent Mark From Roots
[2023-02-09T15:45:17.544+0000][68][gc,task     ] GC(484) Using 1 workers of 1 for marking
[2023-02-09T15:45:17.630+0000][68][gc,marking  ] GC(484) Concurrent Mark From Roots 108.149ms
[2023-02-09T15:45:17.631+0000][68][gc,marking  ] GC(484) Concurrent Preclean
[2023-02-09T15:45:17.632+0000][68][gc,marking  ] GC(484) Concurrent Preclean 0.951ms
[2023-02-09T15:45:17.633+0000][68][gc,start    ] GC(484) Pause Remark
[2023-02-09T15:45:17.642+0000][68][gc          ] GC(484) Pause Remark 118M->118M(256M) 9.271ms
[2023-02-09T15:45:17.643+0000][68][gc,cpu      ] GC(484) User=0.03s Sys=0.00s Real=0.01s
[2023-02-09T15:45:17.643+0000][68][safepoint   ] Safepoint "G1PauseRemark", Time since last: 117356157 ns, Reaching safepoint: 101810 ns, At safepoint: 10785335 ns, Total: 10887145 ns
[2023-02-09T15:45:17.644+0000][68][gc,marking  ] GC(484) Concurrent Mark 123.247ms
[2023-02-09T15:45:17.645+0000][68][gc,marking  ] GC(484) Concurrent Rebuild Remembered Sets
[2023-02-09T15:45:17.704+0000][68][gc,marking  ] GC(484) Concurrent Rebuild Remembered Sets 59.662ms
[2023-02-09T15:45:17.706+0000][68][gc,start    ] GC(484) Pause Cleanup
[2023-02-09T15:45:17.707+0000][68][gc          ] GC(484) Pause Cleanup 119M->119M(256M) 0.805ms
[2023-02-09T15:45:17.707+0000][68][gc,cpu      ] GC(484) User=0.00s Sys=0.00s Real=0.00s
[2023-02-09T15:45:17.708+0000][68][safepoint   ] Safepoint "G1PauseCleanup", Time since last: 62388052 ns, Reaching safepoint: 125421 ns, At safepoint: 2220599 ns, Total: 2346020 ns
[2023-02-09T15:45:17.709+0000][68][gc,marking  ] GC(484) Concurrent Cleanup for Next Mark
[2023-02-09T15:45:17.710+0000][68][gc,marking  ] GC(484) Concurrent Cleanup for Next Mark 1.121ms
[2023-02-09T15:45:17.711+0000][68][gc          ] GC(484) Concurrent Mark Cycle 196.490ms
[2023-02-09T15:45:34.724+0000][68][safepoint   ] Safepoint "Cleanup", Time since last: 17015527079 ns, Reaching safepoint: 655230 ns, At safepoint: 18079 ns, Total: 673309 ns
[2023-02-09T15:45:46.035+0000][68][gc,start    ] GC(485) Pause Young (Normal) (G1 Evacuation Pause)
[2023-02-09T15:45:46.037+0000][68][gc,task     ] GC(485) Using 4 workers of 4 for evacuation
[2023-02-09T15:45:46.041+0000][68][gc,age      ] GC(485) Desired survivor size 6291456 bytes, new threshold 15 (max threshold 15)
[2023-02-09T15:45:46.048+0000][68][gc,phases   ] GC(485)   Pre Evacuate Collection Set: 0.2ms
[2023-02-09T15:45:46.050+0000][68][gc,phases   ] GC(485)   Merge Heap Roots: 0.2ms
[2023-02-09T15:45:46.052+0000][68][gc,phases   ] GC(485)   Evacuate Collection Set: 3.5ms
[2023-02-09T15:45:46.053+0000][68][gc,phases   ] GC(485)   Post Evacuate Collection Set: 1.7ms
[2023-02-09T15:45:46.054+0000][68][gc,phases   ] GC(485)   Other: 5.8ms
[2023-02-09T15:45:46.055+0000][68][gc,age      ] GC(485) Age table with threshold 15 (max threshold 15)
[2023-02-09T15:45:46.056+0000][68][gc,age      ] GC(485) - age   1:     414728 bytes,     414728 total
[2023-02-09T15:45:46.057+0000][68][gc,age      ] GC(485) - age   2:      58464 bytes,     473192 total
[2023-02-09T15:45:46.058+0000][68][gc,age      ] GC(485) - age   3:      11408 bytes,     484600 total
[2023-02-09T15:45:46.059+0000][68][gc,age      ] GC(485) - age   4:        176 bytes,     484776 total
[2023-02-09T15:45:46.060+0000][68][gc,age      ] GC(485) - age   5:       2640 bytes,     487416 total
[2023-02-09T15:45:46.061+0000][68][gc,age      ] GC(485) - age   6:         72 bytes,     487488 total
[2023-02-09T15:45:46.061+0000][68][gc,age      ] GC(485) - age   7:       3040 bytes,     490528 total
[2023-02-09T15:45:46.062+0000][68][gc,age      ] GC(485) - age   8:       2408 bytes,     492936 total
[2023-02-09T15:45:46.063+0000][68][gc,age      ] GC(485) - age   9:      17960 bytes,     510896 total
[2023-02-09T15:45:46.064+0000][68][gc,age      ] GC(485) - age  10:     286872 bytes,     797768 total
[2023-02-09T15:45:46.064+0000][68][gc,age      ] GC(485) - age  11:        296 bytes,     798064 total
[2023-02-09T15:45:46.065+0000][68][gc,age      ] GC(485) - age  12:       2528 bytes,     800592 total
[2023-02-09T15:45:46.066+0000][68][gc,age      ] GC(485) - age  13:      11616 bytes,     812208 total
[2023-02-09T15:45:46.067+0000][68][gc,age      ] GC(485) - age  14:       2216 bytes,     814424 total
[2023-02-09T15:45:46.068+0000][68][gc,age      ] GC(485) - age  15:        208 bytes,     814632 total
[2023-02-09T15:45:46.068+0000][68][gc,heap     ] GC(485) Eden regions: 21->0(22)
[2023-02-09T15:45:46.069+0000][68][gc,heap     ] GC(485) Survivor regions: 1->1(3)
[2023-02-09T15:45:46.070+0000][68][gc,heap     ] GC(485) Old regions: 26->26
[2023-02-09T15:45:46.070+0000][68][gc,heap     ] GC(485) Archive regions: 2->2
[2023-02-09T15:45:46.071+0000][68][gc,heap     ] GC(485) Humongous regions: 2->2
[2023-02-09T15:45:46.071+0000][68][gc,metaspace] GC(485) Metaspace: 143331K(146432K)->143331K(146432K) NonClass: 125130K(126400K)->125130K(126400K) Class: 18200K(20032K)->18200K(20032K)
[2023-02-09T15:45:46.072+0000][68][gc          ] GC(485) Pause Young (Normal) (G1 Evacuation Pause) 201M->115M(256M) 36.616ms
[2023-02-09T15:45:46.072+0000][68][gc,cpu      ] GC(485) User=0.01s Sys=0.00s Real=0.04s
[2023-02-09T15:45:46.073+0000][68][safepoint   ] Safepoint "G1CollectForAllocation", Time since last: 11310559764 ns, Reaching safepoint: 251199 ns, At safepoint: 37714634 ns, Total: 37965833 ns
[2023-02-09T15:46:03.069+0000][68][safepoint   ] Safepoint "Cleanup", Time since last: 17017298505 ns, Reaching safepoint: 604082 ns, At safepoint: 16678 ns, Total: 620760 ns
[2023-02-09T15:46:17.153+0000][68][gc,start    ] GC(486) Pause Young (Concurrent Start) (G1 Evacuation Pause)
[2023-02-09T15:46:17.154+0000][68][gc,task     ] GC(486) Using 4 workers of 4 for evacuation
[2023-02-09T15:46:17.155+0000][68][gc,age      ] GC(486) Desired survivor size 6291456 bytes, new threshold 15 (max threshold 15)
[2023-02-09T15:46:17.160+0000][68][gc,phases   ] GC(486)   Pre Evacuate Collection Set: 0.5ms
[2023-02-09T15:46:17.160+0000][68][gc,phases   ] GC(486)   Merge Heap Roots: 0.1ms
[2023-02-09T15:46:17.161+0000][68][gc,phases   ] GC(486)   Evacuate Collection Set: 2.8ms
[2023-02-09T15:46:17.162+0000][68][gc,phases   ] GC(486)   Post Evacuate Collection Set: 0.9ms
[2023-02-09T15:46:17.163+0000][68][gc,phases   ] GC(486)   Other: 1.4ms
[2023-02-09T15:46:17.163+0000][68][gc,age      ] GC(486) Age table with threshold 15 (max threshold 15)
[2023-02-09T15:46:17.164+0000][68][gc,age      ] GC(486) - age   1:     919584 bytes,     919584 total
[2023-02-09T15:46:17.164+0000][68][gc,age      ] GC(486) - age   2:      79104 bytes,     998688 total
[2023-02-09T15:46:17.165+0000][68][gc,age      ] GC(486) - age   3:      57040 bytes,    1055728 total
[2023-02-09T15:46:17.165+0000][68][gc,age      ] GC(486) - age   4:      11216 bytes,    1066944 total
[2023-02-09T15:46:17.165+0000][68][gc,age      ] GC(486) - age   5:        176 bytes,    1067120 total
[2023-02-09T15:46:17.166+0000][68][gc,age      ] GC(486) - age   6:       2640 bytes,    1069760 total
[2023-02-09T15:46:17.166+0000][68][gc,age      ] GC(486) - age   7:         72 bytes,    1069832 total
[2023-02-09T15:46:17.167+0000][68][gc,age      ] GC(486) - age   8:       3040 bytes,    1072872 total
[2023-02-09T15:46:17.167+0000][68][gc,age      ] GC(486) - age   9:       2408 bytes,    1075280 total
[2023-02-09T15:46:17.168+0000][68][gc,age      ] GC(486) - age  10:      17960 bytes,    1093240 total
[2023-02-09T15:46:17.168+0000][68][gc,age      ] GC(486) - age  11:     286592 bytes,    1379832 total
[2023-02-09T15:46:17.169+0000][68][gc,age      ] GC(486) - age  12:        296 bytes,    1380128 total
[2023-02-09T15:46:17.169+0000][68][gc,age      ] GC(486) - age  13:       2528 bytes,    1382656 total
[2023-02-09T15:46:17.169+0000][68][gc,age      ] GC(486) - age  14:      11616 bytes,    1394272 total
[2023-02-09T15:46:17.170+0000][68][gc,age      ] GC(486) - age  15:       2176 bytes,    1396448 total
[2023-02-09T15:46:17.170+0000][68][gc,heap     ] GC(486) Eden regions: 22->0(22)
[2023-02-09T15:46:17.171+0000][68][gc,heap     ] GC(486) Survivor regions: 1->1(3)
[2023-02-09T15:46:17.171+0000][68][gc,heap     ] GC(486) Old regions: 26->26
[2023-02-09T15:46:17.172+0000][68][gc,heap     ] GC(486) Archive regions: 2->2
[2023-02-09T15:46:17.172+0000][68][gc,heap     ] GC(486) Humongous regions: 2->2
[2023-02-09T15:46:17.172+0000][68][gc,metaspace] GC(486) Metaspace: 143335K(146432K)->143335K(146432K) NonClass: 125134K(126400K)->125134K(126400K) Class: 18200K(20032K)->18200K(20032K)
[2023-02-09T15:46:17.173+0000][68][gc          ] GC(486) Pause Young (Concurrent Start) (G1 Evacuation Pause) 203M->116M(256M) 19.755ms
[2023-02-09T15:46:17.173+0000][68][gc,cpu      ] GC(486) User=0.01s Sys=0.00s Real=0.02s
[2023-02-09T15:46:17.173+0000][68][gc          ] GC(487) Concurrent Mark Cycle
[2023-02-09T15:46:17.174+0000][68][gc,marking  ] GC(487) Concurrent Clear Claimed Marks
[2023-02-09T15:46:17.174+0000][68][safepoint   ] Safepoint "G1CollectForAllocation", Time since last: 14083580215 ns, Reaching safepoint: 190286 ns, At safepoint: 20871925 ns, Total: 21062211 ns
[2023-02-09T15:46:17.175+0000][68][gc,marking  ] GC(487) Concurrent Clear Claimed Marks 0.689ms
[2023-02-09T15:46:17.176+0000][68][gc,marking  ] GC(487) Concurrent Scan Root Regions
[2023-02-09T15:46:17.179+0000][68][gc,marking  ] GC(487) Concurrent Scan Root Regions 2.469ms
[2023-02-09T15:46:17.179+0000][68][gc,marking  ] GC(487) Concurrent Mark
[2023-02-09T15:46:17.180+0000][68][gc,marking  ] GC(487) Concurrent Mark From Roots
[2023-02-09T15:46:17.181+0000][68][gc,task     ] GC(487) Using 1 workers of 1 for marking
[2023-02-09T15:46:17.318+0000][68][gc,marking  ] GC(487) Concurrent Mark From Roots 137.991ms
[2023-02-09T15:46:17.319+0000][68][gc,marking  ] GC(487) Concurrent Preclean
[2023-02-09T15:46:17.320+0000][68][gc,marking  ] GC(487) Concurrent Preclean 1.079ms
[2023-02-09T15:46:17.321+0000][68][gc,start    ] GC(487) Pause Remark
[2023-02-09T15:46:17.336+0000][68][gc          ] GC(487) Pause Remark 119M->119M(256M) 15.157ms
[2023-02-09T15:46:17.337+0000][68][gc,cpu      ] GC(487) User=0.04s Sys=0.00s Real=0.01s
[2023-02-09T15:46:17.337+0000][68][safepoint   ] Safepoint "G1PauseRemark", Time since last: 146749993 ns, Reaching safepoint: 137671 ns, At safepoint: 16658296 ns, Total: 16795967 ns
[2023-02-09T15:46:17.339+0000][68][gc,marking  ] GC(487) Concurrent Mark 159.369ms
[2023-02-09T15:46:17.339+0000][68][gc,marking  ] GC(487) Concurrent Rebuild Remembered Sets
[2023-02-09T15:46:17.405+0000][68][gc,marking  ] GC(487) Concurrent Rebuild Remembered Sets 65.110ms
[2023-02-09T15:46:17.414+0000][68][gc,start    ] GC(487) Pause Cleanup
[2023-02-09T15:46:17.415+0000][68][gc          ] GC(487) Pause Cleanup 119M->119M(256M) 0.994ms
[2023-02-09T15:46:17.416+0000][68][gc,cpu      ] GC(487) User=0.00s Sys=0.00s Real=0.00s
[2023-02-09T15:46:17.417+0000][68][safepoint   ] Safepoint "G1PauseCleanup", Time since last: 76844047 ns, Reaching safepoint: 164608 ns, At safepoint: 2343553 ns, Total: 2508161 ns
[2023-02-09T15:46:17.418+0000][68][gc,marking  ] GC(487) Concurrent Cleanup for Next Mark
[2023-02-09T15:46:17.419+0000][68][gc,marking  ] GC(487) Concurrent Cleanup for Next Mark 1.453ms
[2023-02-09T15:46:17.421+0000][68][gc          ] GC(487) Concurrent Mark Cycle 247.645ms
[2023-02-09T15:46:18.397+0000][68][safepoint   ] Safepoint "Cleanup", Time since last: 1001809663 ns, Reaching safepoint: 332862 ns, At safepoint: 11891 ns, Total: 344753 ns
[2023-02-09T15:46:19.836+0000][68][safepoint   ] Safepoint "Cleanup", Time since last: 1438691703 ns, Reaching safepoint: 212470 ns, At safepoint: 48522 ns, Total: 260992 ns
[2023-02-09T15:46:20.845+0000][68][safepoint   ] Safepoint "Cleanup", Time since last: 1008598313 ns, Reaching safepoint: 126226 ns, At safepoint: 4292 ns, Total: 130518 ns
[2023-02-09T15:46:26.857+0000][68][safepoint   ] Safepoint "Cleanup", Time since last: 6011573483 ns, Reaching safepoint: 304190 ns, At safepoint: 13839 ns, Total: 318029 ns
[2023-02-09T15:46:37.251+0000][68][gc,start    ] GC(488) Pause Young (Normal) (G1 Evacuation Pause)
[2023-02-09T15:46:37.252+0000][68][gc,task     ] GC(488) Using 4 workers of 4 for evacuation
[2023-02-09T15:46:37.252+0000][68][gc,age      ] GC(488) Desired survivor size 6291456 bytes, new threshold 15 (max threshold 15)
[2023-02-09T15:46:37.256+0000][68][gc,phases   ] GC(488)   Pre Evacuate Collection Set: 0.4ms
[2023-02-09T15:46:37.256+0000][68][gc,phases   ] GC(488)   Merge Heap Roots: 0.2ms
[2023-02-09T15:46:37.257+0000][68][gc,phases   ] GC(488)   Evacuate Collection Set: 1.3ms
[2023-02-09T15:46:37.257+0000][68][gc,phases   ] GC(488)   Post Evacuate Collection Set: 0.7ms
[2023-02-09T15:46:37.258+0000][68][gc,phases   ] GC(488)   Other: 1.3ms
[2023-02-09T15:46:37.258+0000][68][gc,age      ] GC(488) Age table with threshold 15 (max threshold 15)
[2023-02-09T15:46:37.258+0000][68][gc,age      ] GC(488) - age   1:    1236352 bytes,    1236352 total
[2023-02-09T15:46:37.259+0000][68][gc,age      ] GC(488) - age   2:      64088 bytes,    1300440 total
[2023-02-09T15:46:37.259+0000][68][gc,age      ] GC(488) - age   3:      73344 bytes,    1373784 total
[2023-02-09T15:46:37.260+0000][68][gc,age      ] GC(488) - age   4:      56720 bytes,    1430504 total
[2023-02-09T15:46:37.260+0000][68][gc,age      ] GC(488) - age   5:       2800 bytes,    1433304 total
[2023-02-09T15:46:37.261+0000][68][gc,age      ] GC(488) - age   6:        160 bytes,    1433464 total
[2023-02-09T15:46:37.261+0000][68][gc,age      ] GC(488) - age   7:       2640 bytes,    1436104 total
[2023-02-09T15:46:37.262+0000][68][gc,age      ] GC(488) - age   8:         72 bytes,    1436176 total
[2023-02-09T15:46:37.262+0000][68][gc,age      ] GC(488) - age   9:        576 bytes,    1436752 total
[2023-02-09T15:46:37.262+0000][68][gc,age      ] GC(488) - age  10:       2408 bytes,    1439160 total
[2023-02-09T15:46:37.263+0000][68][gc,age      ] GC(488) - age  11:         64 bytes,    1439224 total
[2023-02-09T15:46:37.263+0000][68][gc,age      ] GC(488) - age  12:      35384 bytes,    1474608 total
[2023-02-09T15:46:37.264+0000][68][gc,age      ] GC(488) - age  13:        296 bytes,    1474904 total
[2023-02-09T15:46:37.264+0000][68][gc,age      ] GC(488) - age  14:       2528 bytes,    1477432 total
[2023-02-09T15:46:37.265+0000][68][gc,age      ] GC(488) - age  15:      11104 bytes,    1488536 total
[2023-02-09T15:46:37.266+0000][68][gc,heap     ] GC(488) Eden regions: 22->0(22)
[2023-02-09T15:46:37.266+0000][68][gc,heap     ] GC(488) Survivor regions: 1->1(3)
[2023-02-09T15:46:37.267+0000][68][gc,heap     ] GC(488) Old regions: 26->26
[2023-02-09T15:46:37.267+0000][68][gc,heap     ] GC(488) Archive regions: 2->2
[2023-02-09T15:46:37.268+0000][68][gc,heap     ] GC(488) Humongous regions: 2->2
[2023-02-09T15:46:37.268+0000][68][gc,metaspace] GC(488) Metaspace: 143336K(146432K)->143336K(146432K) NonClass: 125136K(126400K)->125136K(126400K) Class: 18200K(20032K)->18200K(20032K)
[2023-02-09T15:46:37.269+0000][68][gc          ] GC(488) Pause Young (Normal) (G1 Evacuation Pause) 204M->116M(256M) 17.852ms
[2023-02-09T15:46:37.269+0000][68][gc,cpu      ] GC(488) User=0.00s Sys=0.00s Real=0.02s
[2023-02-09T15:46:37.270+0000][68][safepoint   ] Safepoint "G1CollectForAllocation", Time since last: 10393859953 ns, Reaching safepoint: 130586 ns, At safepoint: 18810869 ns, Total: 18941455 ns
[2023-02-09T15:47:05.371+0000][68][gc,start    ] GC(489) Pause Young (Concurrent Start) (G1 Evacuation Pause)
[2023-02-09T15:47:05.372+0000][68][gc,task     ] GC(489) Using 4 workers of 4 for evacuation
[2023-02-09T15:47:05.372+0000][68][gc,age      ] GC(489) Desired survivor size 6291456 bytes, new threshold 15 (max threshold 15)
[2023-02-09T15:47:05.376+0000][68][gc,phases   ] GC(489)   Pre Evacuate Collection Set: 0.4ms
[2023-02-09T15:47:05.377+0000][68][gc,phases   ] GC(489)   Merge Heap Roots: 0.2ms
[2023-02-09T15:47:05.377+0000][68][gc,phases   ] GC(489)   Evacuate Collection Set: 1.6ms
[2023-02-09T15:47:05.378+0000][68][gc,phases   ] GC(489)   Post Evacuate Collection Set: 0.7ms
[2023-02-09T15:47:05.378+0000][68][gc,phases   ] GC(489)   Other: 1.0ms
[2023-02-09T15:47:05.379+0000][68][gc,age      ] GC(489) Age table with threshold 15 (max threshold 15)
[2023-02-09T15:47:05.379+0000][68][gc,age      ] GC(489) - age   1:     940472 bytes,     940472 total
[2023-02-09T15:47:05.379+0000][68][gc,age      ] GC(489) - age   2:     358784 bytes,    1299256 total
[2023-02-09T15:47:05.380+0000][68][gc,age      ] GC(489) - age   3:      62120 bytes,    1361376 total
[2023-02-09T15:47:05.380+0000][68][gc,age      ] GC(489) - age   4:      73344 bytes,    1434720 total
[2023-02-09T15:47:05.381+0000][68][gc,age      ] GC(489) - age   5:      56656 bytes,    1491376 total
[2023-02-09T15:47:05.381+0000][68][gc,age      ] GC(489) - age   6:       2800 bytes,    1494176 total
[2023-02-09T15:47:05.382+0000][68][gc,age      ] GC(489) - age   7:        160 bytes,    1494336 total
[2023-02-09T15:47:05.382+0000][68][gc,age      ] GC(489) - age   8:       2640 bytes,    1496976 total
[2023-02-09T15:47:05.383+0000][68][gc,age      ] GC(489) - age   9:         72 bytes,    1497048 total
[2023-02-09T15:47:05.383+0000][68][gc,age      ] GC(489) - age  10:        488 bytes,    1497536 total
[2023-02-09T15:47:05.384+0000][68][gc,age      ] GC(489) - age  11:       2344 bytes,    1499880 total
[2023-02-09T15:47:05.385+0000][68][gc,age      ] GC(489) - age  13:      35320 bytes,    1535200 total
[2023-02-09T15:47:05.386+0000][68][gc,age      ] GC(489) - age  14:        296 bytes,    1535496 total
[2023-02-09T15:47:05.386+0000][68][gc,age      ] GC(489) - age  15:       2528 bytes,    1538024 total
[2023-02-09T15:47:05.387+0000][68][gc,heap     ] GC(489) Eden regions: 22->0(22)
[2023-02-09T15:47:05.387+0000][68][gc,heap     ] GC(489) Survivor regions: 1->1(3)
[2023-02-09T15:47:05.388+0000][68][gc,heap     ] GC(489) Old regions: 26->26
[2023-02-09T15:47:05.388+0000][68][gc,heap     ] GC(489) Archive regions: 2->2
[2023-02-09T15:47:05.389+0000][68][gc,heap     ] GC(489) Humongous regions: 2->2
[2023-02-09T15:47:05.389+0000][68][gc,metaspace] GC(489) Metaspace: 143349K(146432K)->143349K(146432K) NonClass: 125149K(126400K)->125149K(126400K) Class: 18200K(20032K)->18200K(20032K)
[2023-02-09T15:47:05.390+0000][68][gc          ] GC(489) Pause Young (Concurrent Start) (G1 Evacuation Pause) 204M->116M(256M) 18.623ms
[2023-02-09T15:47:05.390+0000][68][gc          ] GC(490) Concurrent Mark Cycle
[2023-02-09T15:47:05.391+0000][68][gc,marking  ] GC(490) Concurrent Clear Claimed Marks
[2023-02-09T15:47:05.392+0000][68][gc,marking  ] GC(490) Concurrent Clear Claimed Marks 0.659ms
[2023-02-09T15:47:05.392+0000][68][gc,marking  ] GC(490) Concurrent Scan Root Regions
[2023-02-09T15:47:05.391+0000][68][gc,cpu      ] GC(489) User=0.01s Sys=0.00s Real=0.02s
[2023-02-09T15:47:05.394+0000][68][safepoint   ] Safepoint "G1CollectForAllocation", Time since last: 28123107779 ns, Reaching safepoint: 249287 ns, At safepoint: 22878385 ns, Total: 23127672 ns
[2023-02-09T15:47:05.394+0000][68][gc,marking  ] GC(490) Concurrent Scan Root Regions 2.432ms
[2023-02-09T15:47:05.395+0000][68][gc,marking  ] GC(490) Concurrent Mark
[2023-02-09T15:47:05.396+0000][68][gc,marking  ] GC(490) Concurrent Mark From Roots
[2023-02-09T15:47:05.397+0000][68][gc,task     ] GC(490) Using 1 workers of 1 for marking
[2023-02-09T15:47:05.510+0000][68][gc,marking  ] GC(490) Concurrent Mark From Roots 114.287ms
[2023-02-09T15:47:05.511+0000][68][gc,marking  ] GC(490) Concurrent Preclean
[2023-02-09T15:47:05.512+0000][68][gc,marking  ] GC(490) Concurrent Preclean 0.949ms
[2023-02-09T15:47:05.513+0000][68][gc,start    ] GC(490) Pause Remark
[2023-02-09T15:47:05.525+0000][68][gc          ] GC(490) Pause Remark 118M->118M(256M) 12.141ms
[2023-02-09T15:47:05.526+0000][68][gc,cpu      ] GC(490) User=0.03s Sys=0.00s Real=0.01s
[2023-02-09T15:47:05.527+0000][68][safepoint   ] Safepoint "G1PauseRemark", Time since last: 118806536 ns, Reaching safepoint: 231792 ns, At safepoint: 13801654 ns, Total: 14033446 ns
[2023-02-09T15:47:05.527+0000][68][gc,marking  ] GC(490) Concurrent Mark 132.389ms
[2023-02-09T15:47:05.528+0000][68][gc,marking  ] GC(490) Concurrent Rebuild Remembered Sets
[2023-02-09T15:47:05.583+0000][68][gc,marking  ] GC(490) Concurrent Rebuild Remembered Sets 54.964ms
[2023-02-09T15:47:05.584+0000][68][gc,start    ] GC(490) Pause Cleanup
[2023-02-09T15:47:05.585+0000][68][gc          ] GC(490) Pause Cleanup 118M->118M(256M) 1.208ms
[2023-02-09T15:47:05.586+0000][68][gc,cpu      ] GC(490) User=0.00s Sys=0.00s Real=0.00s
[2023-02-09T15:47:05.587+0000][68][safepoint   ] Safepoint "G1PauseCleanup", Time since last: 57150344 ns, Reaching safepoint: 110410 ns, At safepoint: 2641021 ns, Total: 2751431 ns
[2023-02-09T15:47:05.587+0000][68][gc,marking  ] GC(490) Concurrent Cleanup for Next Mark
[2023-02-09T15:47:05.589+0000][68][gc,marking  ] GC(490) Concurrent Cleanup for Next Mark 1.369ms
[2023-02-09T15:47:05.589+0000][68][gc          ] GC(490) Concurrent Mark Cycle 198.899ms
[2023-02-09T15:47:35.594+0000][68][safepoint   ] Safepoint "Cleanup", Time since last: 30029576369 ns, Reaching safepoint: 120505 ns, At safepoint: 3816 ns, Total: 124321 ns
[2023-02-09T15:47:36.569+0000][68][gc,start    ] GC(491) Pause Young (Normal) (G1 Evacuation Pause)
[2023-02-09T15:47:36.570+0000][68][gc,task     ] GC(491) Using 4 workers of 4 for evacuation
[2023-02-09T15:47:36.570+0000][68][gc,age      ] GC(491) Desired survivor size 6291456 bytes, new threshold 15 (max threshold 15)
[2023-02-09T15:47:36.574+0000][68][gc,phases   ] GC(491)   Pre Evacuate Collection Set: 0.1ms
[2023-02-09T15:47:36.575+0000][68][gc,phases   ] GC(491)   Merge Heap Roots: 0.1ms
[2023-02-09T15:47:36.575+0000][68][gc,phases   ] GC(491)   Evacuate Collection Set: 2.2ms
[2023-02-09T15:47:36.576+0000][68][gc,phases   ] GC(491)   Post Evacuate Collection Set: 1.0ms
[2023-02-09T15:47:36.576+0000][68][gc,phases   ] GC(491)   Other: 1.1ms
[2023-02-09T15:47:36.577+0000][68][gc,age      ] GC(491) Age table with threshold 15 (max threshold 15)
[2023-02-09T15:47:36.577+0000][68][gc,age      ] GC(491) - age   1:    1039008 bytes,    1039008 total
[2023-02-09T15:47:36.578+0000][68][gc,age      ] GC(491) - age   2:      27344 bytes,    1066352 total
[2023-02-09T15:47:36.578+0000][68][gc,age      ] GC(491) - age   3:     356712 bytes,    1423064 total
[2023-02-09T15:47:36.579+0000][68][gc,age      ] GC(491) - age   4:      61880 bytes,    1484944 total
[2023-02-09T15:47:36.580+0000][68][gc,age      ] GC(491) - age   5:      73344 bytes,    1558288 total
[2023-02-09T15:47:36.580+0000][68][gc,age      ] GC(491) - age   6:      56656 bytes,    1614944 total
[2023-02-09T15:47:36.581+0000][68][gc,age      ] GC(491) - age   7:       2736 bytes,    1617680 total
[2023-02-09T15:47:36.582+0000][68][gc,age      ] GC(491) - age   8:         32 bytes,    1617712 total
[2023-02-09T15:47:36.582+0000][68][gc,age      ] GC(491) - age   9:       2576 bytes,    1620288 total
[2023-02-09T15:47:36.583+0000][68][gc,age      ] GC(491) - age  10:         72 bytes,    1620360 total
[2023-02-09T15:47:36.583+0000][68][gc,age      ] GC(491) - age  11:        488 bytes,    1620848 total
[2023-02-09T15:47:36.584+0000][68][gc,age      ] GC(491) - age  12:       2344 bytes,    1623192 total
[2023-02-09T15:47:36.584+0000][68][gc,age      ] GC(491) - age  14:      34952 bytes,    1658144 total
[2023-02-09T15:47:36.585+0000][68][gc,age      ] GC(491) - age  15:        296 bytes,    1658440 total
[2023-02-09T15:47:36.585+0000][68][gc,heap     ] GC(491) Eden regions: 22->0(22)
[2023-02-09T15:47:36.586+0000][68][gc,heap     ] GC(491) Survivor regions: 1->1(3)
[2023-02-09T15:47:36.586+0000][68][gc,heap     ] GC(491) Old regions: 26->26
[2023-02-09T15:47:36.587+0000][68][gc,heap     ] GC(491) Archive regions: 2->2
[2023-02-09T15:47:36.587+0000][68][gc,heap     ] GC(491) Humongous regions: 2->2
[2023-02-09T15:47:36.587+0000][68][gc,metaspace] GC(491) Metaspace: 143349K(146432K)->143349K(146432K) NonClass: 125149K(126400K)->125149K(126400K) Class: 18200K(20032K)->18200K(20032K)
[2023-02-09T15:47:36.588+0000][68][gc          ] GC(491) Pause Young (Normal) (G1 Evacuation Pause) 204M->116M(256M) 19.038ms
[2023-02-09T15:47:36.589+0000][68][gc,cpu      ] GC(491) User=0.01s Sys=0.00s Real=0.02s
[2023-02-09T15:47:36.589+0000][68][safepoint   ] Safepoint "G1CollectForAllocation", Time since last: 974415709 ns, Reaching safepoint: 68988 ns, At safepoint: 20224108 ns, Total: 20293096 ns
[2023-02-09T15:47:47.574+0000][68][safepoint   ] Safepoint "Cleanup", Time since last: 11010043367 ns, Reaching safepoint: 614301 ns, At safepoint: 41910 ns, Total: 656211 ns
[2023-02-09T15:48:02.586+0000][68][safepoint   ] Safepoint "Cleanup", Time since last: 15012127477 ns, Reaching safepoint: 400518 ns, At safepoint: 24541 ns, Total: 425059 ns
[2023-02-09T15:48:05.376+0000][68][gc,start    ] GC(492) Pause Young (Concurrent Start) (G1 Evacuation Pause)
[2023-02-09T15:48:05.377+0000][68][gc,task     ] GC(492) Using 4 workers of 4 for evacuation
[2023-02-09T15:48:05.378+0000][68][gc,age      ] GC(492) Desired survivor size 6291456 bytes, new threshold 15 (max threshold 15)
[2023-02-09T15:48:05.382+0000][68][gc,phases   ] GC(492)   Pre Evacuate Collection Set: 0.3ms
[2023-02-09T15:48:05.382+0000][68][gc,phases   ] GC(492)   Merge Heap Roots: 0.2ms
[2023-02-09T15:48:05.383+0000][68][gc,phases   ] GC(492)   Evacuate Collection Set: 2.0ms
[2023-02-09T15:48:05.385+0000][68][gc,phases   ] GC(492)   Post Evacuate Collection Set: 0.9ms
[2023-02-09T15:48:05.386+0000][68][gc,phases   ] GC(492)   Other: 1.4ms
[2023-02-09T15:48:05.386+0000][68][gc,age      ] GC(492) Age table with threshold 15 (max threshold 15)
[2023-02-09T15:48:05.387+0000][68][gc,age      ] GC(492) - age   1:    1460704 bytes,    1460704 total
[2023-02-09T15:48:05.388+0000][68][gc,age      ] GC(492) - age   2:       2968 bytes,    1463672 total
[2023-02-09T15:48:05.388+0000][68][gc,age      ] GC(492) - age   3:      18656 bytes,    1482328 total
[2023-02-09T15:48:05.388+0000][68][gc,age      ] GC(492) - age   4:     351872 bytes,    1834200 total
[2023-02-09T15:48:05.389+0000][68][gc,age      ] GC(492) - age   5:      61880 bytes,    1896080 total
[2023-02-09T15:48:05.389+0000][68][gc,age      ] GC(492) - age   6:      48760 bytes,    1944840 total
[2023-02-09T15:48:05.390+0000][68][gc,age      ] GC(492) - age   7:      40208 bytes,    1985048 total
[2023-02-09T15:48:05.390+0000][68][gc,age      ] GC(492) - age   8:       2736 bytes,    1987784 total
[2023-02-09T15:48:05.391+0000][68][gc,age      ] GC(492) - age   9:         32 bytes,    1987816 total
[2023-02-09T15:48:05.392+0000][68][gc,age      ] GC(492) - age  10:       2576 bytes,    1990392 total
[2023-02-09T15:48:05.392+0000][68][gc,age      ] GC(492) - age  11:         72 bytes,    1990464 total
[2023-02-09T15:48:05.393+0000][68][gc,age      ] GC(492) - age  12:        488 bytes,    1990952 total
[2023-02-09T15:48:05.393+0000][68][gc,age      ] GC(492) - age  13:       2344 bytes,    1993296 total
[2023-02-09T15:48:05.394+0000][68][gc,age      ] GC(492) - age  15:      34952 bytes,    2028248 total
[2023-02-09T15:48:05.394+0000][68][gc,heap     ] GC(492) Eden regions: 22->0(22)
[2023-02-09T15:48:05.395+0000][68][gc,heap     ] GC(492) Survivor regions: 1->1(3)
[2023-02-09T15:48:05.395+0000][68][gc,heap     ] GC(492) Old regions: 26->26
[2023-02-09T15:48:05.396+0000][68][gc,heap     ] GC(492) Archive regions: 2->2
[2023-02-09T15:48:05.396+0000][68][gc,heap     ] GC(492) Humongous regions: 2->2
[2023-02-09T15:48:05.396+0000][68][gc,metaspace] GC(492) Metaspace: 143349K(146432K)->143349K(146432K) NonClass: 125149K(126400K)->125149K(126400K) Class: 18200K(20032K)->18200K(20032K)
[2023-02-09T15:48:05.397+0000][68][gc          ] GC(492) Pause Young (Concurrent Start) (G1 Evacuation Pause) 204M->117M(256M) 20.947ms
[2023-02-09T15:48:05.397+0000][68][gc,cpu      ] GC(492) User=0.01s Sys=0.00s Real=0.02s
[2023-02-09T15:48:05.397+0000][68][gc          ] GC(493) Concurrent Mark Cycle
[2023-02-09T15:48:05.398+0000][68][gc,marking  ] GC(493) Concurrent Clear Claimed Marks
[2023-02-09T15:48:05.398+0000][68][safepoint   ] Safepoint "G1CollectForAllocation", Time since last: 2789538676 ns, Reaching safepoint: 125669 ns, At safepoint: 21862808 ns, Total: 21988477 ns
[2023-02-09T15:48:05.399+0000][68][gc,marking  ] GC(493) Concurrent Clear Claimed Marks 0.669ms
[2023-02-09T15:48:05.401+0000][68][gc,marking  ] GC(493) Concurrent Scan Root Regions
[2023-02-09T15:48:05.404+0000][68][gc,marking  ] GC(493) Concurrent Scan Root Regions 2.710ms
[2023-02-09T15:48:05.404+0000][68][gc,marking  ] GC(493) Concurrent Mark
[2023-02-09T15:48:05.404+0000][68][gc,marking  ] GC(493) Concurrent Mark From Roots
[2023-02-09T15:48:05.405+0000][68][gc,task     ] GC(493) Using 1 workers of 1 for marking
[2023-02-09T15:48:05.508+0000][68][gc,marking  ] GC(493) Concurrent Mark From Roots 103.379ms
[2023-02-09T15:48:05.509+0000][68][gc,marking  ] GC(493) Concurrent Preclean
[2023-02-09T15:48:05.510+0000][68][gc,marking  ] GC(493) Concurrent Preclean 1.077ms
[2023-02-09T15:48:05.511+0000][68][gc,start    ] GC(493) Pause Remark
[2023-02-09T15:48:05.523+0000][68][gc          ] GC(493) Pause Remark 117M->117M(256M) 11.867ms
[2023-02-09T15:48:05.523+0000][68][gc,cpu      ] GC(493) User=0.04s Sys=0.00s Real=0.01s
[2023-02-09T15:48:05.524+0000][68][safepoint   ] Safepoint "G1PauseRemark", Time since last: 112778681 ns, Reaching safepoint: 78555 ns, At safepoint: 13204735 ns, Total: 13283290 ns
[2023-02-09T15:48:05.525+0000][68][gc,marking  ] GC(493) Concurrent Mark 120.531ms
[2023-02-09T15:48:05.525+0000][68][gc,marking  ] GC(493) Concurrent Rebuild Remembered Sets
[2023-02-09T15:48:05.577+0000][68][gc,marking  ] GC(493) Concurrent Rebuild Remembered Sets 51.248ms
[2023-02-09T15:48:05.578+0000][68][gc,start    ] GC(493) Pause Cleanup
[2023-02-09T15:48:05.579+0000][68][gc          ] GC(493) Pause Cleanup 117M->117M(256M) 0.732ms
[2023-02-09T15:48:05.579+0000][68][gc,cpu      ] GC(493) User=0.00s Sys=0.00s Real=0.01s
[2023-02-09T15:48:05.580+0000][68][safepoint   ] Safepoint "G1PauseCleanup", Time since last: 53876105 ns, Reaching safepoint: 95065 ns, At safepoint: 1888129 ns, Total: 1983194 ns
[2023-02-09T15:48:05.580+0000][68][gc,marking  ] GC(493) Concurrent Cleanup for Next Mark
[2023-02-09T15:48:05.581+0000][68][gc,marking  ] GC(493) Concurrent Cleanup for Next Mark 1.343ms
[2023-02-09T15:48:05.582+0000][68][gc          ] GC(493) Concurrent Mark Cycle 184.988ms
[2023-02-09T15:48:36.557+0000][68][gc,start    ] GC(494) Pause Young (Normal) (G1 Evacuation Pause)
[2023-02-09T15:48:36.558+0000][68][gc,task     ] GC(494) Using 4 workers of 4 for evacuation
[2023-02-09T15:48:36.559+0000][68][gc,age      ] GC(494) Desired survivor size 6291456 bytes, new threshold 15 (max threshold 15)
[2023-02-09T15:48:36.563+0000][68][gc,phases   ] GC(494)   Pre Evacuate Collection Set: 0.1ms
[2023-02-09T15:48:36.564+0000][68][gc,phases   ] GC(494)   Merge Heap Roots: 0.1ms
[2023-02-09T15:48:36.564+0000][68][gc,phases   ] GC(494)   Evacuate Collection Set: 2.8ms
[2023-02-09T15:48:36.565+0000][68][gc,phases   ] GC(494)   Post Evacuate Collection Set: 0.7ms
[2023-02-09T15:48:36.565+0000][68][gc,phases   ] GC(494)   Other: 1.4ms
[2023-02-09T15:48:36.566+0000][68][gc,age      ] GC(494) Age table with threshold 15 (max threshold 15)
[2023-02-09T15:48:36.566+0000][68][gc,age      ] GC(494) - age   1:    1416848 bytes,    1416848 total
[2023-02-09T15:48:36.567+0000][68][gc,age      ] GC(494) - age   2:      17472 bytes,    1434320 total
[2023-02-09T15:48:36.567+0000][68][gc,age      ] GC(494) - age   3:        552 bytes,    1434872 total
[2023-02-09T15:48:36.567+0000][68][gc,age      ] GC(494) - age   4:      18568 bytes,    1453440 total
[2023-02-09T15:48:36.568+0000][68][gc,age      ] GC(494) - age   5:     351696 bytes,    1805136 total
[2023-02-09T15:48:36.568+0000][68][gc,age      ] GC(494) - age   6:      36912 bytes,    1842048 total
[2023-02-09T15:48:36.569+0000][68][gc,age      ] GC(494) - age   7:      48760 bytes,    1890808 total
[2023-02-09T15:48:36.569+0000][68][gc,age      ] GC(494) - age   8:      23640 bytes,    1914448 total
[2023-02-09T15:48:36.570+0000][68][gc,age      ] GC(494) - age   9:       2736 bytes,    1917184 total
[2023-02-09T15:48:36.570+0000][68][gc,age      ] GC(494) - age  10:         32 bytes,    1917216 total
[2023-02-09T15:48:36.571+0000][68][gc,age      ] GC(494) - age  11:       2344 bytes,    1919560 total
[2023-02-09T15:48:36.571+0000][68][gc,age      ] GC(494) - age  12:         72 bytes,    1919632 total
[2023-02-09T15:48:36.571+0000][68][gc,age      ] GC(494) - age  13:        488 bytes,    1920120 total
[2023-02-09T15:48:36.572+0000][68][gc,age      ] GC(494) - age  14:       2344 bytes,    1922464 total
[2023-02-09T15:48:36.572+0000][68][gc,heap     ] GC(494) Eden regions: 22->0(22)
[2023-02-09T15:48:36.573+0000][68][gc,heap     ] GC(494) Survivor regions: 1->1(3)
[2023-02-09T15:48:36.573+0000][68][gc,heap     ] GC(494) Old regions: 26->26
[2023-02-09T15:48:36.574+0000][68][gc,heap     ] GC(494) Archive regions: 2->2
[2023-02-09T15:48:36.574+0000][68][gc,heap     ] GC(494) Humongous regions: 2->2
[2023-02-09T15:48:36.575+0000][68][gc,metaspace] GC(494) Metaspace: 143349K(146432K)->143349K(146432K) NonClass: 125149K(126400K)->125149K(126400K) Class: 18200K(20032K)->18200K(20032K)
[2023-02-09T15:48:36.575+0000][68][gc          ] GC(494) Pause Young (Normal) (G1 Evacuation Pause) 205M->117M(256M) 17.946ms
[2023-02-09T15:48:36.576+0000][68][gc,cpu      ] GC(494) User=0.01s Sys=0.00s Real=0.02s
[2023-02-09T15:48:36.576+0000][68][safepoint   ] Safepoint "G1CollectForAllocation", Time since last: 31000535696 ns, Reaching safepoint: 138233 ns, At safepoint: 18969932 ns, Total: 19108165 ns
[2023-02-09T15:48:41.580+0000][68][safepoint   ] Safepoint "Cleanup", Time since last: 5004179422 ns, Reaching safepoint: 132842 ns, At safepoint: 14381 ns, Total: 147223 ns
[2023-02-09T15:48:59.413+0000][68][gc,start    ] GC(495) Pause Young (Concurrent Start) (G1 Evacuation Pause)
[2023-02-09T15:48:59.414+0000][68][gc,task     ] GC(495) Using 4 workers of 4 for evacuation
[2023-02-09T15:48:59.414+0000][68][gc,age      ] GC(495) Desired survivor size 6291456 bytes, new threshold 15 (max threshold 15)
[2023-02-09T15:48:59.418+0000][68][gc,phases   ] GC(495)   Pre Evacuate Collection Set: 0.4ms
[2023-02-09T15:48:59.419+0000][68][gc,phases   ] GC(495)   Merge Heap Roots: 0.1ms
[2023-02-09T15:48:59.420+0000][68][gc,phases   ] GC(495)   Evacuate Collection Set: 1.9ms
[2023-02-09T15:48:59.420+0000][68][gc,phases   ] GC(495)   Post Evacuate Collection Set: 1.0ms
[2023-02-09T15:48:59.421+0000][68][gc,phases   ] GC(495)   Other: 0.8ms
[2023-02-09T15:48:59.423+0000][68][gc,age      ] GC(495) Age table with threshold 15 (max threshold 15)
[2023-02-09T15:48:59.424+0000][68][gc,age      ] GC(495) - age   1:    2042112 bytes,    2042112 total
[2023-02-09T15:48:59.424+0000][68][gc,age      ] GC(495) - age   2:      27432 bytes,    2069544 total
[2023-02-09T15:48:59.425+0000][68][gc,age      ] GC(495) - age   3:      12736 bytes,    2082280 total
[2023-02-09T15:48:59.425+0000][68][gc,age      ] GC(495) - age   4:        424 bytes,    2082704 total
[2023-02-09T15:48:59.425+0000][68][gc,age      ] GC(495) - age   5:      18176 bytes,    2100880 total
[2023-02-09T15:48:59.426+0000][68][gc,age      ] GC(495) - age   6:     318600 bytes,    2419480 total
[2023-02-09T15:48:59.426+0000][68][gc,age      ] GC(495) - age   7:      36488 bytes,    2455968 total
[2023-02-09T15:48:59.427+0000][68][gc,age      ] GC(495) - age   8:      32192 bytes,    2488160 total
[2023-02-09T15:48:59.427+0000][68][gc,age      ] GC(495) - age   9:      23576 bytes,    2511736 total
[2023-02-09T15:48:59.428+0000][68][gc,age      ] GC(495) - age  10:       2736 bytes,    2514472 total
[2023-02-09T15:48:59.428+0000][68][gc,age      ] GC(495) - age  11:         32 bytes,    2514504 total
[2023-02-09T15:48:59.428+0000][68][gc,age      ] GC(495) - age  12:       2344 bytes,    2516848 total
[2023-02-09T15:48:59.429+0000][68][gc,age      ] GC(495) - age  13:         72 bytes,    2516920 total
[2023-02-09T15:48:59.429+0000][68][gc,age      ] GC(495) - age  14:        488 bytes,    2517408 total
[2023-02-09T15:48:59.430+0000][68][gc,age      ] GC(495) - age  15:       2344 bytes,    2519752 total
[2023-02-09T15:48:59.430+0000][68][gc,heap     ] GC(495) Eden regions: 22->0(21)
[2023-02-09T15:48:59.430+0000][68][gc,heap     ] GC(495) Survivor regions: 1->1(3)
[2023-02-09T15:48:59.431+0000][68][gc,heap     ] GC(495) Old regions: 26->26
[2023-02-09T15:48:59.431+0000][68][gc,heap     ] GC(495) Archive regions: 2->2
[2023-02-09T15:48:59.432+0000][68][gc,heap     ] GC(495) Humongous regions: 2->2
[2023-02-09T15:48:59.433+0000][68][gc,metaspace] GC(495) Metaspace: 143356K(146432K)->143356K(146432K) NonClass: 125155K(126400K)->125155K(126400K) Class: 18200K(20032K)->18200K(20032K)
[2023-02-09T15:48:59.434+0000][68][gc          ] GC(495) Pause Young (Concurrent Start) (G1 Evacuation Pause) 205M->117M(256M) 20.229ms
[2023-02-09T15:48:59.434+0000][68][gc,cpu      ] GC(495) User=0.01s Sys=0.00s Real=0.02s
[2023-02-09T15:48:59.435+0000][68][safepoint   ] Safepoint "G1CollectForAllocation", Time since last: 17853301793 ns, Reaching safepoint: 161881 ns, At safepoint: 21657126 ns, Total: 21819007 ns
[2023-02-09T15:48:59.434+0000][68][gc          ] GC(496) Concurrent Mark Cycle
[2023-02-09T15:48:59.437+0000][68][gc,marking  ] GC(496) Concurrent Clear Claimed Marks
[2023-02-09T15:48:59.437+0000][68][gc,marking  ] GC(496) Concurrent Clear Claimed Marks 0.883ms
[2023-02-09T15:48:59.438+0000][68][gc,marking  ] GC(496) Concurrent Scan Root Regions
[2023-02-09T15:48:59.441+0000][68][gc,marking  ] GC(496) Concurrent Scan Root Regions 2.542ms
[2023-02-09T15:48:59.441+0000][68][gc,marking  ] GC(496) Concurrent Mark
[2023-02-09T15:48:59.444+0000][68][gc,marking  ] GC(496) Concurrent Mark From Roots
[2023-02-09T15:48:59.445+0000][68][gc,task     ] GC(496) Using 1 workers of 1 for marking
[2023-02-09T15:48:59.592+0000][68][gc,marking  ] GC(496) Concurrent Mark From Roots 147.963ms
[2023-02-09T15:48:59.593+0000][68][gc,marking  ] GC(496) Concurrent Preclean
[2023-02-09T15:48:59.594+0000][68][gc,marking  ] GC(496) Concurrent Preclean 1.046ms
[2023-02-09T15:48:59.595+0000][68][gc,start    ] GC(496) Pause Remark
[2023-02-09T15:48:59.608+0000][68][gc          ] GC(496) Pause Remark 118M->118M(256M) 13.047ms
[2023-02-09T15:48:59.609+0000][68][gc,cpu      ] GC(496) User=0.04s Sys=0.00s Real=0.01s
[2023-02-09T15:48:59.610+0000][68][safepoint   ] Safepoint "G1PauseRemark", Time since last: 160172656 ns, Reaching safepoint: 143855 ns, At safepoint: 14518247 ns, Total: 14662102 ns
[2023-02-09T15:48:59.610+0000][68][gc,marking  ] GC(496) Concurrent Mark 169.117ms
[2023-02-09T15:48:59.611+0000][68][gc,marking  ] GC(496) Concurrent Rebuild Remembered Sets
[2023-02-09T15:48:59.665+0000][68][gc,marking  ] GC(496) Concurrent Rebuild Remembered Sets 53.761ms
[2023-02-09T15:48:59.666+0000][68][gc,start    ] GC(496) Pause Cleanup
[2023-02-09T15:48:59.667+0000][68][gc          ] GC(496) Pause Cleanup 118M->118M(256M) 0.993ms
[2023-02-09T15:48:59.668+0000][68][gc,cpu      ] GC(496) User=0.00s Sys=0.00s Real=0.00s
[2023-02-09T15:48:59.669+0000][68][safepoint   ] Safepoint "G1PauseCleanup", Time since last: 56144800 ns, Reaching safepoint: 232789 ns, At safepoint: 2457206 ns, Total: 2689995 ns
[2023-02-09T15:48:59.669+0000][68][gc,marking  ] GC(496) Concurrent Cleanup for Next Mark
[2023-02-09T15:48:59.670+0000][68][gc,marking  ] GC(496) Concurrent Cleanup for Next Mark 0.596ms
[2023-02-09T15:48:59.670+0000][68][gc          ] GC(496) Concurrent Mark Cycle 236.296ms
[2023-02-09T15:49:30.697+0000][68][gc,start    ] GC(497) Pause Young (Normal) (G1 Evacuation Pause)
[2023-02-09T15:49:30.698+0000][68][gc,task     ] GC(497) Using 4 workers of 4 for evacuation
[2023-02-09T15:49:30.699+0000][68][gc,age      ] GC(497) Desired survivor size 6291456 bytes, new threshold 15 (max threshold 15)
[2023-02-09T15:49:30.705+0000][68][gc,phases   ] GC(497)   Pre Evacuate Collection Set: 0.6ms
[2023-02-09T15:49:30.707+0000][68][gc,phases   ] GC(497)   Merge Heap Roots: 0.3ms
[2023-02-09T15:49:30.708+0000][68][gc,phases   ] GC(497)   Evacuate Collection Set: 2.1ms
[2023-02-09T15:49:30.709+0000][68][gc,phases   ] GC(497)   Post Evacuate Collection Set: 1.5ms
[2023-02-09T15:49:30.710+0000][68][gc,phases   ] GC(497)   Other: 2.8ms
[2023-02-09T15:49:30.711+0000][68][gc,age      ] GC(497) Age table with threshold 15 (max threshold 15)
[2023-02-09T15:49:30.712+0000][68][gc,age      ] GC(497) - age   1:     675952 bytes,     675952 total
[2023-02-09T15:49:30.713+0000][68][gc,age      ] GC(497) - age   2:      84680 bytes,     760632 total
[2023-02-09T15:49:30.714+0000][68][gc,age      ] GC(497) - age   3:      18480 bytes,     779112 total
[2023-02-09T15:49:30.715+0000][68][gc,age      ] GC(497) - age   4:       4528 bytes,     783640 total
[2023-02-09T15:49:30.716+0000][68][gc,age      ] GC(497) - age   5:        360 bytes,     784000 total
[2023-02-09T15:49:30.717+0000][68][gc,age      ] GC(497) - age   6:      18176 bytes,     802176 total
[2023-02-09T15:49:30.718+0000][68][gc,age      ] GC(497) - age   7:     318568 bytes,    1120744 total
[2023-02-09T15:49:30.720+0000][68][gc,age      ] GC(497) - age   8:      36488 bytes,    1157232 total
[2023-02-09T15:49:30.721+0000][68][gc,age      ] GC(497) - age   9:      32128 bytes,    1189360 total
[2023-02-09T15:49:30.722+0000][68][gc,age      ] GC(497) - age  10:      23576 bytes,    1212936 total
[2023-02-09T15:49:30.723+0000][68][gc,age      ] GC(497) - age  11:       2736 bytes,    1215672 total
[2023-02-09T15:49:30.724+0000][68][gc,age      ] GC(497) - age  12:         32 bytes,    1215704 total
[2023-02-09T15:49:30.725+0000][68][gc,age      ] GC(497) - age  13:       2344 bytes,    1218048 total
[2023-02-09T15:49:30.725+0000][68][gc,age      ] GC(497) - age  14:         72 bytes,    1218120 total
[2023-02-09T15:49:30.727+0000][68][gc,age      ] GC(497) - age  15:        488 bytes,    1218608 total
[2023-02-09T15:49:30.728+0000][68][gc,heap     ] GC(497) Eden regions: 21->0(22)
[2023-02-09T15:49:30.729+0000][68][gc,heap     ] GC(497) Survivor regions: 1->1(3)
[2023-02-09T15:49:30.730+0000][68][gc,heap     ] GC(497) Old regions: 26->26
[2023-02-09T15:49:30.731+0000][68][gc,heap     ] GC(497) Archive regions: 2->2
[2023-02-09T15:49:30.733+0000][68][gc,heap     ] GC(497) Humongous regions: 2->2
[2023-02-09T15:49:30.734+0000][68][gc,metaspace] GC(497) Metaspace: 143367K(146432K)->143367K(146432K) NonClass: 125166K(126400K)->125166K(126400K) Class: 18200K(20032K)->18200K(20032K)
[2023-02-09T15:49:30.735+0000][68][gc          ] GC(497) Pause Young (Normal) (G1 Evacuation Pause) 201M->116M(256M) 37.832ms
[2023-02-09T15:49:30.738+0000][68][gc,cpu      ] GC(497) User=0.02s Sys=0.00s Real=0.04s
[2023-02-09T15:49:30.739+0000][68][safepoint   ] Safepoint "G1CollectForAllocation", Time since last: 31050262606 ns, Reaching safepoint: 197833 ns, At safepoint: 41724858 ns, Total: 41922691 ns
[2023-02-09T15:49:53.791+0000][68][safepoint   ] Safepoint "Cleanup", Time since last: 23072661795 ns, Reaching safepoint: 312426 ns, At safepoint: 19876 ns, Total: 332302 ns
[2023-02-09T15:50:00.133+0000][68][gc,start    ] GC(498) Pause Young (Concurrent Start) (G1 Evacuation Pause)
[2023-02-09T15:50:00.134+0000][68][gc,task     ] GC(498) Using 4 workers of 4 for evacuation
[2023-02-09T15:50:00.135+0000][68][gc,age      ] GC(498) Desired survivor size 6291456 bytes, new threshold 15 (max threshold 15)
[2023-02-09T15:50:00.140+0000][68][gc,phases   ] GC(498)   Pre Evacuate Collection Set: 0.6ms
[2023-02-09T15:50:00.141+0000][68][gc,phases   ] GC(498)   Merge Heap Roots: 0.2ms
[2023-02-09T15:50:00.142+0000][68][gc,phases   ] GC(498)   Evacuate Collection Set: 2.4ms
[2023-02-09T15:50:00.142+0000][68][gc,phases   ] GC(498)   Post Evacuate Collection Set: 0.9ms
[2023-02-09T15:50:00.143+0000][68][gc,phases   ] GC(498)   Other: 1.8ms
[2023-02-09T15:50:00.144+0000][68][gc,age      ] GC(498) Age table with threshold 15 (max threshold 15)
[2023-02-09T15:50:00.144+0000][68][gc,age      ] GC(498) - age   1:     820120 bytes,     820120 total
[2023-02-09T15:50:00.145+0000][68][gc,age      ] GC(498) - age   2:       2392 bytes,     822512 total
[2023-02-09T15:50:00.146+0000][68][gc,age      ] GC(498) - age   3:      79880 bytes,     902392 total
[2023-02-09T15:50:00.146+0000][68][gc,age      ] GC(498) - age   4:      18176 bytes,     920568 total
[2023-02-09T15:50:00.147+0000][68][gc,age      ] GC(498) - age   5:       4528 bytes,     925096 total
[2023-02-09T15:50:00.147+0000][68][gc,age      ] GC(498) - age   6:        360 bytes,     925456 total
[2023-02-09T15:50:00.148+0000][68][gc,age      ] GC(498) - age   7:      18176 bytes,     943632 total
[2023-02-09T15:50:00.148+0000][68][gc,age      ] GC(498) - age   8:     318568 bytes,    1262200 total
[2023-02-09T15:50:00.149+0000][68][gc,age      ] GC(498) - age   9:      36488 bytes,    1298688 total
[2023-02-09T15:50:00.150+0000][68][gc,age      ] GC(498) - age  10:      32128 bytes,    1330816 total
[2023-02-09T15:50:00.150+0000][68][gc,age      ] GC(498) - age  11:      23240 bytes,    1354056 total
[2023-02-09T15:50:00.151+0000][68][gc,age      ] GC(498) - age  12:       2736 bytes,    1356792 total
[2023-02-09T15:50:00.152+0000][68][gc,age      ] GC(498) - age  14:       2344 bytes,    1359136 total
[2023-02-09T15:50:00.152+0000][68][gc,age      ] GC(498) - age  15:         72 bytes,    1359208 total
[2023-02-09T15:50:00.153+0000][68][gc,heap     ] GC(498) Eden regions: 22->0(22)
[2023-02-09T15:50:00.153+0000][68][gc,heap     ] GC(498) Survivor regions: 1->1(3)
[2023-02-09T15:50:00.154+0000][68][gc,heap     ] GC(498) Old regions: 26->26
[2023-02-09T15:50:00.154+0000][68][gc,heap     ] GC(498) Archive regions: 2->2
[2023-02-09T15:50:00.155+0000][68][gc,heap     ] GC(498) Humongous regions: 2->2
[2023-02-09T15:50:00.155+0000][68][gc,metaspace] GC(498) Metaspace: 143392K(146432K)->143392K(146432K) NonClass: 125191K(126400K)->125191K(126400K) Class: 18200K(20032K)->18200K(20032K)
[2023-02-09T15:50:00.156+0000][68][gc          ] GC(498) Pause Young (Concurrent Start) (G1 Evacuation Pause) 204M->116M(256M) 22.346ms
[2023-02-09T15:50:00.156+0000][68][gc          ] GC(499) Concurrent Mark Cycle
[2023-02-09T15:50:00.157+0000][68][gc,marking  ] GC(499) Concurrent Clear Claimed Marks
[2023-02-09T15:50:00.156+0000][68][gc,cpu      ] GC(498) User=0.01s Sys=0.00s Real=0.02s
[2023-02-09T15:50:00.157+0000][68][gc,marking  ] GC(499) Concurrent Clear Claimed Marks 0.786ms
[2023-02-09T15:50:00.158+0000][68][gc,marking  ] GC(499) Concurrent Scan Root Regions
[2023-02-09T15:50:00.158+0000][68][safepoint   ] Safepoint "G1CollectForAllocation", Time since last: 6342579979 ns, Reaching safepoint: 132019 ns, At safepoint: 24619032 ns, Total: 24751051 ns
[2023-02-09T15:50:00.161+0000][68][gc,marking  ] GC(499) Concurrent Scan Root Regions 2.351ms
[2023-02-09T15:50:00.162+0000][68][gc,marking  ] GC(499) Concurrent Mark
[2023-02-09T15:50:00.163+0000][68][gc,marking  ] GC(499) Concurrent Mark From Roots
[2023-02-09T15:50:00.163+0000][68][gc,task     ] GC(499) Using 1 workers of 1 for marking
[2023-02-09T15:50:00.338+0000][68][gc,marking  ] GC(499) Concurrent Mark From Roots 175.623ms
[2023-02-09T15:50:00.339+0000][68][gc,marking  ] GC(499) Concurrent Preclean
[2023-02-09T15:50:00.340+0000][68][gc,marking  ] GC(499) Concurrent Preclean 1.131ms
[2023-02-09T15:50:00.341+0000][68][gc,start    ] GC(499) Pause Remark
[2023-02-09T15:50:00.355+0000][68][gc          ] GC(499) Pause Remark 118M->118M(256M) 13.506ms
[2023-02-09T15:50:00.356+0000][68][gc,cpu      ] GC(499) User=0.03s Sys=0.00s Real=0.01s
[2023-02-09T15:50:00.356+0000][68][safepoint   ] Safepoint "G1PauseRemark", Time since last: 183353488 ns, Reaching safepoint: 152250 ns, At safepoint: 15156829 ns, Total: 15309079 ns
[2023-02-09T15:50:00.357+0000][68][gc,marking  ] GC(499) Concurrent Mark 195.095ms
[2023-02-09T15:50:00.358+0000][68][gc,marking  ] GC(499) Concurrent Rebuild Remembered Sets
[2023-02-09T15:50:00.424+0000][68][gc,marking  ] GC(499) Concurrent Rebuild Remembered Sets 66.157ms
[2023-02-09T15:50:00.425+0000][68][gc,start    ] GC(499) Pause Cleanup
[2023-02-09T15:50:00.425+0000][68][gc          ] GC(499) Pause Cleanup 118M->118M(256M) 0.494ms
[2023-02-09T15:50:00.426+0000][68][gc,cpu      ] GC(499) User=0.00s Sys=0.00s Real=0.00s
[2023-02-09T15:50:00.426+0000][68][safepoint   ] Safepoint "G1PauseCleanup", Time since last: 68168826 ns, Reaching safepoint: 91609 ns, At safepoint: 1538240 ns, Total: 1629849 ns
[2023-02-09T15:50:00.427+0000][68][gc,marking  ] GC(499) Concurrent Cleanup for Next Mark
[2023-02-09T15:50:00.428+0000][68][gc,marking  ] GC(499) Concurrent Cleanup for Next Mark 0.652ms
[2023-02-09T15:50:00.428+0000][68][gc          ] GC(499) Concurrent Mark Cycle 271.949ms
[2023-02-09T15:50:02.429+0000][68][safepoint   ] Safepoint "Cleanup", Time since last: 2001734127 ns, Reaching safepoint: 538276 ns, At safepoint: 15474 ns, Total: 553750 ns
[2023-02-09T15:50:21.425+0000][68][safepoint   ] Safepoint "Cleanup", Time since last: 19017339407 ns, Reaching safepoint: 268563 ns, At safepoint: 6682 ns, Total: 275245 ns
[2023-02-09T15:50:23.435+0000][68][gc,start    ] GC(500) Pause Young (Normal) (G1 Evacuation Pause)
[2023-02-09T15:50:23.436+0000][68][gc,task     ] GC(500) Using 4 workers of 4 for evacuation
[2023-02-09T15:50:23.437+0000][68][gc,age      ] GC(500) Desired survivor size 6291456 bytes, new threshold 15 (max threshold 15)
[2023-02-09T15:50:23.442+0000][68][gc,phases   ] GC(500)   Pre Evacuate Collection Set: 0.1ms
[2023-02-09T15:50:23.443+0000][68][gc,phases   ] GC(500)   Merge Heap Roots: 0.1ms
[2023-02-09T15:50:23.444+0000][68][gc,phases   ] GC(500)   Evacuate Collection Set: 2.1ms
[2023-02-09T15:50:23.444+0000][68][gc,phases   ] GC(500)   Post Evacuate Collection Set: 1.4ms
[2023-02-09T15:50:23.445+0000][68][gc,phases   ] GC(500)   Other: 2.0ms
[2023-02-09T15:50:23.446+0000][68][gc,age      ] GC(500) Age table with threshold 15 (max threshold 15)
[2023-02-09T15:50:23.446+0000][68][gc,age      ] GC(500) - age   1:    1100536 bytes,    1100536 total
[2023-02-09T15:50:23.447+0000][68][gc,age      ] GC(500) - age   2:      18960 bytes,    1119496 total
[2023-02-09T15:50:23.447+0000][68][gc,age      ] GC(500) - age   3:       1432 bytes,    1120928 total
[2023-02-09T15:50:23.448+0000][68][gc,age      ] GC(500) - age   4:      79752 bytes,    1200680 total
[2023-02-09T15:50:23.449+0000][68][gc,age      ] GC(500) - age   5:      18112 bytes,    1218792 total
[2023-02-09T15:50:23.449+0000][68][gc,age      ] GC(500) - age   6:       3520 bytes,    1222312 total
[2023-02-09T15:50:23.450+0000][68][gc,age      ] GC(500) - age   7:        360 bytes,    1222672 total
[2023-02-09T15:50:23.450+0000][68][gc,age      ] GC(500) - age   8:      18176 bytes,    1240848 total
[2023-02-09T15:50:23.451+0000][68][gc,age      ] GC(500) - age   9:     318568 bytes,    1559416 total
[2023-02-09T15:50:23.452+0000][68][gc,age      ] GC(500) - age  10:      36488 bytes,    1595904 total
[2023-02-09T15:50:23.452+0000][68][gc,age      ] GC(500) - age  11:      32128 bytes,    1628032 total
[2023-02-09T15:50:23.453+0000][68][gc,age      ] GC(500) - age  12:      23240 bytes,    1651272 total
[2023-02-09T15:50:23.453+0000][68][gc,age      ] GC(500) - age  13:       2736 bytes,    1654008 total
[2023-02-09T15:50:23.454+0000][68][gc,age      ] GC(500) - age  15:       2344 bytes,    1656352 total
[2023-02-09T15:50:23.454+0000][68][gc,heap     ] GC(500) Eden regions: 22->0(22)
[2023-02-09T15:50:23.454+0000][68][gc,heap     ] GC(500) Survivor regions: 1->1(3)
[2023-02-09T15:50:23.455+0000][68][gc,heap     ] GC(500) Old regions: 26->26
[2023-02-09T15:50:23.455+0000][68][gc,heap     ] GC(500) Archive regions: 2->2
[2023-02-09T15:50:23.455+0000][68][gc,heap     ] GC(500) Humongous regions: 2->2
[2023-02-09T15:50:23.456+0000][68][gc,metaspace] GC(500) Metaspace: 143395K(146432K)->143395K(146432K) NonClass: 125195K(126400K)->125195K(126400K) Class: 18200K(20032K)->18200K(20032K)
[2023-02-09T15:50:23.456+0000][68][gc          ] GC(500) Pause Young (Normal) (G1 Evacuation Pause) 204M->116M(256M) 21.225ms
[2023-02-09T15:50:23.456+0000][68][gc,cpu      ] GC(500) User=0.01s Sys=0.00s Real=0.02s
[2023-02-09T15:50:23.457+0000][68][safepoint   ] Safepoint "G1CollectForAllocation", Time since last: 2010193470 ns, Reaching safepoint: 134528 ns, At safepoint: 21988210 ns, Total: 22122738 ns
[2023-02-09T15:50:26.461+0000][68][safepoint   ] Safepoint "Cleanup", Time since last: 3003879689 ns, Reaching safepoint: 146117 ns, At safepoint: 5509 ns, Total: 151626 ns
[2023-02-09T15:50:29.464+0000][68][safepoint   ] Safepoint "Cleanup", Time since last: 3002800572 ns, Reaching safepoint: 153617 ns, At safepoint: 40700 ns, Total: 194317 ns
[2023-02-09T15:50:41.232+0000][68][gc,start    ] GC(501) Pause Young (Concurrent Start) (G1 Evacuation Pause)
[2023-02-09T15:50:41.234+0000][68][gc,task     ] GC(501) Using 4 workers of 4 for evacuation
[2023-02-09T15:50:41.235+0000][68][gc,age      ] GC(501) Desired survivor size 6291456 bytes, new threshold 15 (max threshold 15)
[2023-02-09T15:50:41.241+0000][68][gc,phases   ] GC(501)   Pre Evacuate Collection Set: 0.6ms
[2023-02-09T15:50:41.242+0000][68][gc,phases   ] GC(501)   Merge Heap Roots: 0.1ms
[2023-02-09T15:50:41.242+0000][68][gc,phases   ] GC(501)   Evacuate Collection Set: 2.8ms
[2023-02-09T15:50:41.243+0000][68][gc,phases   ] GC(501)   Post Evacuate Collection Set: 1.2ms
[2023-02-09T15:50:41.243+0000][68][gc,phases   ] GC(501)   Other: 2.1ms
[2023-02-09T15:50:41.244+0000][68][gc,age      ] GC(501) Age table with threshold 15 (max threshold 15)
[2023-02-09T15:50:41.244+0000][68][gc,age      ] GC(501) - age   1:    1714744 bytes,    1714744 total
[2023-02-09T15:50:41.244+0000][68][gc,age      ] GC(501) - age   2:      30752 bytes,    1745496 total
[2023-02-09T15:50:41.245+0000][68][gc,age      ] GC(501) - age   3:       4168 bytes,    1749664 total
[2023-02-09T15:50:41.245+0000][68][gc,age      ] GC(501) - age   4:        608 bytes,    1750272 total
[2023-02-09T15:50:41.246+0000][68][gc,age      ] GC(501) - age   5:      79688 bytes,    1829960 total
[2023-02-09T15:50:41.246+0000][68][gc,age      ] GC(501) - age   6:      17936 bytes,    1847896 total
[2023-02-09T15:50:41.247+0000][68][gc,age      ] GC(501) - age   7:       2160 bytes,    1850056 total
[2023-02-09T15:50:41.247+0000][68][gc,age      ] GC(501) - age   8:         64 bytes,    1850120 total
[2023-02-09T15:50:41.248+0000][68][gc,age      ] GC(501) - age   9:        256 bytes,    1850376 total
[2023-02-09T15:50:41.248+0000][68][gc,age      ] GC(501) - age  10:     219784 bytes,    2070160 total
[2023-02-09T15:50:41.249+0000][68][gc,age      ] GC(501) - age  11:      36488 bytes,    2106648 total
[2023-02-09T15:50:41.249+0000][68][gc,age      ] GC(501) - age  12:      32128 bytes,    2138776 total
[2023-02-09T15:50:41.250+0000][68][gc,age      ] GC(501) - age  13:      23240 bytes,    2162016 total
[2023-02-09T15:50:41.251+0000][68][gc,age      ] GC(501) - age  14:       2736 bytes,    2164752 total
[2023-02-09T15:50:41.251+0000][68][gc,heap     ] GC(501) Eden regions: 22->0(22)
[2023-02-09T15:50:41.252+0000][68][gc,heap     ] GC(501) Survivor regions: 1->1(3)
[2023-02-09T15:50:41.252+0000][68][gc,heap     ] GC(501) Old regions: 26->26
[2023-02-09T15:50:41.252+0000][68][gc,heap     ] GC(501) Archive regions: 2->2
[2023-02-09T15:50:41.253+0000][68][gc,heap     ] GC(501) Humongous regions: 2->2
[2023-02-09T15:50:41.253+0000][68][gc,metaspace] GC(501) Metaspace: 143402K(146496K)->143402K(146496K) NonClass: 125202K(126464K)->125202K(126464K) Class: 18200K(20032K)->18200K(20032K)
[2023-02-09T15:50:41.254+0000][68][gc          ] GC(501) Pause Young (Concurrent Start) (G1 Evacuation Pause) 204M->117M(256M) 21.833ms
[2023-02-09T15:50:41.254+0000][68][gc,cpu      ] GC(501) User=0.01s Sys=0.00s Real=0.02s
[2023-02-09T15:50:41.254+0000][68][gc          ] GC(502) Concurrent Mark Cycle
[2023-02-09T15:50:41.255+0000][68][gc,marking  ] GC(502) Concurrent Clear Claimed Marks
[2023-02-09T15:50:41.256+0000][68][gc,marking  ] GC(502) Concurrent Clear Claimed Marks 0.790ms
[2023-02-09T15:50:41.257+0000][68][gc,marking  ] GC(502) Concurrent Scan Root Regions
[2023-02-09T15:50:41.258+0000][68][safepoint   ] Safepoint "G1CollectForAllocation", Time since last: 11767506765 ns, Reaching safepoint: 309459 ns, At safepoint: 26163453 ns, Total: 26472912 ns
[2023-02-09T15:50:41.261+0000][68][gc,marking  ] GC(502) Concurrent Scan Root Regions 3.612ms
[2023-02-09T15:50:41.262+0000][68][gc,marking  ] GC(502) Concurrent Mark
[2023-02-09T15:50:41.263+0000][68][gc,marking  ] GC(502) Concurrent Mark From Roots
[2023-02-09T15:50:41.263+0000][68][gc,task     ] GC(502) Using 1 workers of 1 for marking
[2023-02-09T15:50:41.429+0000][68][gc,marking  ] GC(502) Concurrent Mark From Roots 166.831ms
[2023-02-09T15:50:41.430+0000][68][gc,marking  ] GC(502) Concurrent Preclean
[2023-02-09T15:50:41.431+0000][68][gc,marking  ] GC(502) Concurrent Preclean 0.974ms
[2023-02-09T15:50:41.432+0000][68][gc,start    ] GC(502) Pause Remark
[2023-02-09T15:50:41.447+0000][68][gc          ] GC(502) Pause Remark 127M->127M(256M) 14.508ms
[2023-02-09T15:50:41.448+0000][68][gc,cpu      ] GC(502) User=0.03s Sys=0.00s Real=0.01s
[2023-02-09T15:50:41.448+0000][68][safepoint   ] Safepoint "G1PauseRemark", Time since last: 174386214 ns, Reaching safepoint: 151734 ns, At safepoint: 16032399 ns, Total: 16184133 ns
[2023-02-09T15:50:41.449+0000][68][gc,marking  ] GC(502) Concurrent Mark 187.510ms
[2023-02-09T15:50:41.450+0000][68][gc,marking  ] GC(502) Concurrent Rebuild Remembered Sets
[2023-02-09T15:50:41.506+0000][68][gc,marking  ] GC(502) Concurrent Rebuild Remembered Sets 56.125ms
[2023-02-09T15:50:41.508+0000][68][gc,start    ] GC(502) Pause Cleanup
[2023-02-09T15:50:41.508+0000][68][gc          ] GC(502) Pause Cleanup 128M->128M(256M) 0.587ms
[2023-02-09T15:50:41.509+0000][68][gc,cpu      ] GC(502) User=0.00s Sys=0.00s Real=0.00s
[2023-02-09T15:50:41.509+0000][68][safepoint   ] Safepoint "G1PauseCleanup", Time since last: 59005287 ns, Reaching safepoint: 87365 ns, At safepoint: 1899267 ns, Total: 1986632 ns
[2023-02-09T15:50:41.510+0000][68][gc,marking  ] GC(502) Concurrent Cleanup for Next Mark
[2023-02-09T15:50:41.511+0000][68][gc,marking  ] GC(502) Concurrent Cleanup for Next Mark 1.082ms
[2023-02-09T15:50:41.512+0000][68][gc          ] GC(502) Concurrent Mark Cycle 257.920ms
[2023-02-09T15:50:47.493+0000][68][safepoint   ] Safepoint "Cleanup", Time since last: 6004629377 ns, Reaching safepoint: 224349 ns, At safepoint: 26113 ns, Total: 250462 ns
[2023-02-09T15:51:02.510+0000][68][safepoint   ] Safepoint "Cleanup", Time since last: 15015984123 ns, Reaching safepoint: 972179 ns, At safepoint: 50433 ns, Total: 1022612 ns
[2023-02-09T15:51:05.279+0000][68][gc,start    ] GC(503) Pause Young (Normal) (G1 Evacuation Pause)
[2023-02-09T15:51:05.280+0000][68][gc,task     ] GC(503) Using 4 workers of 4 for evacuation
[2023-02-09T15:51:05.280+0000][68][gc,age      ] GC(503) Desired survivor size 6291456 bytes, new threshold 15 (max threshold 15)
[2023-02-09T15:51:05.283+0000][68][gc,phases   ] GC(503)   Pre Evacuate Collection Set: 0.1ms
[2023-02-09T15:51:05.284+0000][68][gc,phases   ] GC(503)   Merge Heap Roots: 0.1ms
[2023-02-09T15:51:05.285+0000][68][gc,phases   ] GC(503)   Evacuate Collection Set: 1.6ms
[2023-02-09T15:51:05.285+0000][68][gc,phases   ] GC(503)   Post Evacuate Collection Set: 0.8ms
[2023-02-09T15:51:05.286+0000][68][gc,phases   ] GC(503)   Other: 1.3ms
[2023-02-09T15:51:05.286+0000][68][gc,age      ] GC(503) Age table with threshold 15 (max threshold 15)
[2023-02-09T15:51:05.286+0000][68][gc,age      ] GC(503) - age   1:    1511112 bytes,    1511112 total
[2023-02-09T15:51:05.287+0000][68][gc,age      ] GC(503) - age   2:     386096 bytes,    1897208 total
[2023-02-09T15:51:05.287+0000][68][gc,age      ] GC(503) - age   3:      28912 bytes,    1926120 total
[2023-02-09T15:51:05.288+0000][68][gc,age      ] GC(503) - age   4:       3456 bytes,    1929576 total
[2023-02-09T15:51:05.288+0000][68][gc,age      ] GC(503) - age   5:        480 bytes,    1930056 total
[2023-02-09T15:51:05.289+0000][68][gc,age      ] GC(503) - age   6:      79624 bytes,    2009680 total
[2023-02-09T15:51:05.289+0000][68][gc,age      ] GC(503) - age   7:       1592 bytes,    2011272 total
[2023-02-09T15:51:05.289+0000][68][gc,age      ] GC(503) - age   8:       2160 bytes,    2013432 total
[2023-02-09T15:51:05.290+0000][68][gc,age      ] GC(503) - age  10:        192 bytes,    2013624 total
[2023-02-09T15:51:05.290+0000][68][gc,age      ] GC(503) - age  11:     219256 bytes,    2232880 total
[2023-02-09T15:51:05.291+0000][68][gc,age      ] GC(503) - age  12:      36152 bytes,    2269032 total
[2023-02-09T15:51:05.291+0000][68][gc,age      ] GC(503) - age  13:      32128 bytes,    2301160 total
[2023-02-09T15:51:05.291+0000][68][gc,age      ] GC(503) - age  14:      23240 bytes,    2324400 total
[2023-02-09T15:51:05.292+0000][68][gc,age      ] GC(503) - age  15:       2736 bytes,    2327136 total
[2023-02-09T15:51:05.292+0000][68][gc,heap     ] GC(503) Eden regions: 22->0(21)
[2023-02-09T15:51:05.293+0000][68][gc,heap     ] GC(503) Survivor regions: 1->1(3)
[2023-02-09T15:51:05.293+0000][68][gc,heap     ] GC(503) Old regions: 26->26
[2023-02-09T15:51:05.294+0000][68][gc,heap     ] GC(503) Archive regions: 2->2
[2023-02-09T15:51:05.294+0000][68][gc,heap     ] GC(503) Humongous regions: 2->2
[2023-02-09T15:51:05.295+0000][68][gc,metaspace] GC(503) Metaspace: 143405K(146496K)->143405K(146496K) NonClass: 125204K(126464K)->125204K(126464K) Class: 18200K(20032K)->18200K(20032K)
[2023-02-09T15:51:05.295+0000][68][gc          ] GC(503) Pause Young (Normal) (G1 Evacuation Pause) 205M->117M(256M) 16.021ms
[2023-02-09T15:51:05.296+0000][68][gc,cpu      ] GC(503) User=0.01s Sys=0.00s Real=0.01s
[2023-02-09T15:51:05.296+0000][68][safepoint   ] Safepoint "G1CollectForAllocation", Time since last: 2768722156 ns, Reaching safepoint: 141129 ns, At safepoint: 17008602 ns, Total: 17149731 ns
[2023-02-09T15:51:26.782+0000][68][gc,start    ] GC(504) Pause Young (Concurrent Start) (G1 Evacuation Pause)
[2023-02-09T15:51:26.783+0000][68][gc,task     ] GC(504) Using 4 workers of 4 for evacuation
[2023-02-09T15:51:26.783+0000][68][gc,age      ] GC(504) Desired survivor size 6291456 bytes, new threshold 15 (max threshold 15)
[2023-02-09T15:51:26.787+0000][68][gc,phases   ] GC(504)   Pre Evacuate Collection Set: 0.3ms
[2023-02-09T15:51:26.788+0000][68][gc,phases   ] GC(504)   Merge Heap Roots: 0.1ms
[2023-02-09T15:51:26.789+0000][68][gc,phases   ] GC(504)   Evacuate Collection Set: 2.1ms
[2023-02-09T15:51:26.789+0000][68][gc,phases   ] GC(504)   Post Evacuate Collection Set: 1.0ms
[2023-02-09T15:51:26.789+0000][68][gc,phases   ] GC(504)   Other: 1.0ms
[2023-02-09T15:51:26.790+0000][68][gc,age      ] GC(504) Age table with threshold 15 (max threshold 15)
[2023-02-09T15:51:26.790+0000][68][gc,age      ] GC(504) - age   1:    1385728 bytes,    1385728 total
[2023-02-09T15:51:26.791+0000][68][gc,age      ] GC(504) - age   2:     243144 bytes,    1628872 total
[2023-02-09T15:51:26.792+0000][68][gc,age      ] GC(504) - age   3:     383544 bytes,    2012416 total
[2023-02-09T15:51:26.792+0000][68][gc,age      ] GC(504) - age   4:      28552 bytes,    2040968 total
[2023-02-09T15:51:26.793+0000][68][gc,age      ] GC(504) - age   5:       3456 bytes,    2044424 total
[2023-02-09T15:51:26.793+0000][68][gc,age      ] GC(504) - age   6:        480 bytes,    2044904 total
[2023-02-09T15:51:26.794+0000][68][gc,age      ] GC(504) - age   7:      37912 bytes,    2082816 total
[2023-02-09T15:51:26.794+0000][68][gc,age      ] GC(504) - age   8:       1592 bytes,    2084408 total
[2023-02-09T15:51:26.794+0000][68][gc,age      ] GC(504) - age   9:       2160 bytes,    2086568 total
[2023-02-09T15:51:26.795+0000][68][gc,age      ] GC(504) - age  11:        192 bytes,    2086760 total
[2023-02-09T15:51:26.795+0000][68][gc,age      ] GC(504) - age  12:     219224 bytes,    2305984 total
[2023-02-09T15:51:26.796+0000][68][gc,age      ] GC(504) - age  13:      36152 bytes,    2342136 total
[2023-02-09T15:51:26.796+0000][68][gc,age      ] GC(504) - age  14:      32064 bytes,    2374200 total
[2023-02-09T15:51:26.797+0000][68][gc,age      ] GC(504) - age  15:      23240 bytes,    2397440 total
[2023-02-09T15:51:26.797+0000][68][gc,heap     ] GC(504) Eden regions: 21->0(21)
[2023-02-09T15:51:26.798+0000][68][gc,heap     ] GC(504) Survivor regions: 1->1(3)
[2023-02-09T15:51:26.798+0000][68][gc,heap     ] GC(504) Old regions: 26->26
[2023-02-09T15:51:26.799+0000][68][gc,heap     ] GC(504) Archive regions: 2->2
[2023-02-09T15:51:26.800+0000][68][gc,heap     ] GC(504) Humongous regions: 2->2
[2023-02-09T15:51:26.800+0000][68][gc,metaspace] GC(504) Metaspace: 143407K(146496K)->143407K(146496K) NonClass: 125207K(126464K)->125207K(126464K) Class: 18200K(20032K)->18200K(20032K)
[2023-02-09T15:51:26.801+0000][68][gc          ] GC(504) Pause Young (Concurrent Start) (G1 Evacuation Pause) 201M->117M(256M) 18.286ms
[2023-02-09T15:51:26.801+0000][68][gc,cpu      ] GC(504) User=0.01s Sys=0.00s Real=0.02s
[2023-02-09T15:51:26.801+0000][68][safepoint   ] Safepoint "G1CollectForAllocation", Time since last: 21507855272 ns, Reaching safepoint: 69783 ns, At safepoint: 19289668 ns, Total: 19359451 ns
[2023-02-09T15:51:26.801+0000][68][gc          ] GC(505) Concurrent Mark Cycle
[2023-02-09T15:51:26.804+0000][68][gc,marking  ] GC(505) Concurrent Clear Claimed Marks
[2023-02-09T15:51:26.805+0000][68][gc,marking  ] GC(505) Concurrent Clear Claimed Marks 0.883ms
[2023-02-09T15:51:26.805+0000][68][gc,marking  ] GC(505) Concurrent Scan Root Regions
[2023-02-09T15:51:26.809+0000][68][gc,marking  ] GC(505) Concurrent Scan Root Regions 3.122ms
[2023-02-09T15:51:26.809+0000][68][gc,marking  ] GC(505) Concurrent Mark
[2023-02-09T15:51:26.810+0000][68][gc,marking  ] GC(505) Concurrent Mark From Roots
[2023-02-09T15:51:26.811+0000][68][gc,task     ] GC(505) Using 1 workers of 1 for marking
[2023-02-09T15:51:26.954+0000][68][gc,marking  ] GC(505) Concurrent Mark From Roots 143.602ms
[2023-02-09T15:51:26.954+0000][68][gc,marking  ] GC(505) Concurrent Preclean
[2023-02-09T15:51:26.956+0000][68][gc,marking  ] GC(505) Concurrent Preclean 1.077ms
[2023-02-09T15:51:26.957+0000][68][gc,start    ] GC(505) Pause Remark
[2023-02-09T15:51:26.971+0000][68][gc          ] GC(505) Pause Remark 127M->127M(256M) 13.709ms
[2023-02-09T15:51:26.972+0000][68][gc,cpu      ] GC(505) User=0.03s Sys=0.00s Real=0.01s
[2023-02-09T15:51:26.972+0000][68][safepoint   ] Safepoint "G1PauseRemark", Time since last: 155100614 ns, Reaching safepoint: 153329 ns, At safepoint: 15575984 ns, Total: 15729313 ns
[2023-02-09T15:51:26.973+0000][68][gc,marking  ] GC(505) Concurrent Mark 164.048ms
[2023-02-09T15:51:26.974+0000][68][gc,marking  ] GC(505) Concurrent Rebuild Remembered Sets
[2023-02-09T15:51:27.035+0000][68][gc,marking  ] GC(505) Concurrent Rebuild Remembered Sets 61.659ms
[2023-02-09T15:51:27.036+0000][68][gc,start    ] GC(505) Pause Cleanup
[2023-02-09T15:51:27.036+0000][68][gc          ] GC(505) Pause Cleanup 127M->127M(256M) 0.495ms
[2023-02-09T15:51:27.037+0000][68][gc,cpu      ] GC(505) User=0.00s Sys=0.00s Real=0.01s
[2023-02-09T15:51:27.038+0000][68][safepoint   ] Safepoint "G1PauseCleanup", Time since last: 63518712 ns, Reaching safepoint: 97203 ns, At safepoint: 1823851 ns, Total: 1921054 ns
[2023-02-09T15:51:27.038+0000][68][gc,marking  ] GC(505) Concurrent Cleanup for Next Mark
[2023-02-09T15:51:27.039+0000][68][gc,marking  ] GC(505) Concurrent Cleanup for Next Mark 1.085ms
[2023-02-09T15:51:27.040+0000][68][gc          ] GC(505) Concurrent Mark Cycle 239.120ms
[2023-02-09T15:51:53.234+0000][68][gc,start    ] GC(506) Pause Young (Normal) (G1 Evacuation Pause)
[2023-02-09T15:51:53.235+0000][68][gc,task     ] GC(506) Using 4 workers of 4 for evacuation
[2023-02-09T15:51:53.235+0000][68][gc,age      ] GC(506) Desired survivor size 6291456 bytes, new threshold 15 (max threshold 15)
[2023-02-09T15:51:53.238+0000][68][gc,phases   ] GC(506)   Pre Evacuate Collection Set: 0.2ms
[2023-02-09T15:51:53.239+0000][68][gc,phases   ] GC(506)   Merge Heap Roots: 0.1ms
[2023-02-09T15:51:53.239+0000][68][gc,phases   ] GC(506)   Evacuate Collection Set: 1.5ms
[2023-02-09T15:51:53.240+0000][68][gc,phases   ] GC(506)   Post Evacuate Collection Set: 0.7ms
[2023-02-09T15:51:53.240+0000][68][gc,phases   ] GC(506)   Other: 1.1ms
[2023-02-09T15:51:53.241+0000][68][gc,age      ] GC(506) Age table with threshold 15 (max threshold 15)
[2023-02-09T15:51:53.241+0000][68][gc,age      ] GC(506) - age   1:    1603272 bytes,    1603272 total
[2023-02-09T15:51:53.242+0000][68][gc,age      ] GC(506) - age   2:      34488 bytes,    1637760 total
[2023-02-09T15:51:53.242+0000][68][gc,age      ] GC(506) - age   3:       3640 bytes,    1641400 total
[2023-02-09T15:51:53.243+0000][68][gc,age      ] GC(506) - age   4:     183080 bytes,    1824480 total
[2023-02-09T15:51:53.243+0000][68][gc,age      ] GC(506) - age   5:      20232 bytes,    1844712 total
[2023-02-09T15:51:53.244+0000][68][gc,age      ] GC(506) - age   6:       3456 bytes,    1848168 total
[2023-02-09T15:51:53.244+0000][68][gc,age      ] GC(506) - age   7:        184 bytes,    1848352 total
[2023-02-09T15:51:53.245+0000][68][gc,age      ] GC(506) - age   8:      37912 bytes,    1886264 total
[2023-02-09T15:51:53.245+0000][68][gc,age      ] GC(506) - age   9:       1592 bytes,    1887856 total
[2023-02-09T15:51:53.246+0000][68][gc,age      ] GC(506) - age  10:       2160 bytes,    1890016 total
[2023-02-09T15:51:53.246+0000][68][gc,age      ] GC(506) - age  12:        192 bytes,    1890208 total
[2023-02-09T15:51:53.247+0000][68][gc,age      ] GC(506) - age  13:      63840 bytes,    1954048 total
[2023-02-09T15:51:53.247+0000][68][gc,age      ] GC(506) - age  14:      36152 bytes,    1990200 total
[2023-02-09T15:51:53.247+0000][68][gc,age      ] GC(506) - age  15:      32064 bytes,    2022264 total
[2023-02-09T15:51:53.248+0000][68][gc,heap     ] GC(506) Eden regions: 21->0(21)
[2023-02-09T15:51:53.248+0000][68][gc,heap     ] GC(506) Survivor regions: 1->1(3)
[2023-02-09T15:51:53.248+0000][68][gc,heap     ] GC(506) Old regions: 26->26
[2023-02-09T15:51:53.249+0000][68][gc,heap     ] GC(506) Archive regions: 2->2
[2023-02-09T15:51:53.249+0000][68][gc,heap     ] GC(506) Humongous regions: 2->2
[2023-02-09T15:51:53.250+0000][68][gc,metaspace] GC(506) Metaspace: 143407K(146496K)->143407K(146496K) NonClass: 125207K(126464K)->125207K(126464K) Class: 18200K(20032K)->18200K(20032K)
[2023-02-09T15:51:53.250+0000][68][gc          ] GC(506) Pause Young (Normal) (G1 Evacuation Pause) 201M->117M(256M) 15.709ms
[2023-02-09T15:51:53.250+0000][68][gc,cpu      ] GC(506) User=0.00s Sys=0.00s Real=0.02s
[2023-02-09T15:51:53.251+0000][68][safepoint   ] Safepoint "G1CollectForAllocation", Time since last: 26218007780 ns, Reaching safepoint: 90473 ns, At safepoint: 16598270 ns, Total: 16688743 ns
[2023-02-09T15:52:13.270+0000][68][safepoint   ] Safepoint "Cleanup", Time since last: 20018462768 ns, Reaching safepoint: 556523 ns, At safepoint: 280063 ns, Total: 836586 ns
[2023-02-09T15:52:17.285+0000][68][gc,start    ] GC(507) Pause Young (Concurrent Start) (G1 Evacuation Pause)
[2023-02-09T15:52:17.286+0000][68][gc,task     ] GC(507) Using 4 workers of 4 for evacuation
[2023-02-09T15:52:17.286+0000][68][gc,age      ] GC(507) Desired survivor size 6291456 bytes, new threshold 15 (max threshold 15)
[2023-02-09T15:52:17.291+0000][68][gc,phases   ] GC(507)   Pre Evacuate Collection Set: 0.4ms
[2023-02-09T15:52:17.291+0000][68][gc,phases   ] GC(507)   Merge Heap Roots: 0.1ms
[2023-02-09T15:52:17.292+0000][68][gc,phases   ] GC(507)   Evacuate Collection Set: 2.1ms
[2023-02-09T15:52:17.292+0000][68][gc,phases   ] GC(507)   Post Evacuate Collection Set: 0.9ms
[2023-02-09T15:52:17.293+0000][68][gc,phases   ] GC(507)   Other: 1.1ms
[2023-02-09T15:52:17.293+0000][68][gc,age      ] GC(507) Age table with threshold 15 (max threshold 15)
[2023-02-09T15:52:17.294+0000][68][gc,age      ] GC(507) - age   1:    2761024 bytes,    2761024 total
[2023-02-09T15:52:17.294+0000][68][gc,age      ] GC(507) - age   2:     195088 bytes,    2956112 total
[2023-02-09T15:52:17.295+0000][68][gc,age      ] GC(507) - age   3:      28384 bytes,    2984496 total
[2023-02-09T15:52:17.295+0000][68][gc,age      ] GC(507) - age   4:       3160 bytes,    2987656 total
[2023-02-09T15:52:17.296+0000][68][gc,age      ] GC(507) - age   5:     178920 bytes,    3166576 total
[2023-02-09T15:52:17.296+0000][68][gc,age      ] GC(507) - age   6:      20104 bytes,    3186680 total
[2023-02-09T15:52:17.297+0000][68][gc,age      ] GC(507) - age   7:       3392 bytes,    3190072 total
[2023-02-09T15:52:17.298+0000][68][gc,age      ] GC(507) - age   8:        120 bytes,    3190192 total
[2023-02-09T15:52:17.298+0000][68][gc,age      ] GC(507) - age   9:      37912 bytes,    3228104 total
[2023-02-09T15:52:17.299+0000][68][gc,age      ] GC(507) - age  10:       1592 bytes,    3229696 total
[2023-02-09T15:52:17.299+0000][68][gc,age      ] GC(507) - age  11:       2160 bytes,    3231856 total
[2023-02-09T15:52:17.300+0000][68][gc,age      ] GC(507) - age  13:        192 bytes,    3232048 total
[2023-02-09T15:52:17.300+0000][68][gc,age      ] GC(507) - age  14:      63840 bytes,    3295888 total
[2023-02-09T15:52:17.300+0000][68][gc,age      ] GC(507) - age  15:      36152 bytes,    3332040 total
[2023-02-09T15:52:17.301+0000][68][gc,heap     ] GC(507) Eden regions: 21->0(21)
[2023-02-09T15:52:17.301+0000][68][gc,heap     ] GC(507) Survivor regions: 1->1(3)
[2023-02-09T15:52:17.302+0000][68][gc,heap     ] GC(507) Old regions: 26->26
[2023-02-09T15:52:17.302+0000][68][gc,heap     ] GC(507) Archive regions: 2->2
[2023-02-09T15:52:17.302+0000][68][gc,heap     ] GC(507) Humongous regions: 2->2
[2023-02-09T15:52:17.303+0000][68][gc,metaspace] GC(507) Metaspace: 143414K(146496K)->143414K(146496K) NonClass: 125214K(126464K)->125214K(126464K) Class: 18200K(20032K)->18200K(20032K)
[2023-02-09T15:52:17.303+0000][68][gc          ] GC(507) Pause Young (Concurrent Start) (G1 Evacuation Pause) 201M->118M(256M) 18.524ms
[2023-02-09T15:52:17.304+0000][68][gc,cpu      ] GC(507) User=0.01s Sys=0.00s Real=0.02s
[2023-02-09T15:52:17.304+0000][68][safepoint   ] Safepoint "G1CollectForAllocation", Time since last: 4014124164 ns, Reaching safepoint: 148380 ns, At safepoint: 19465570 ns, Total: 19613950 ns
[2023-02-09T15:52:17.304+0000][68][gc          ] GC(508) Concurrent Mark Cycle
[2023-02-09T15:52:17.306+0000][68][gc,marking  ] GC(508) Concurrent Clear Claimed Marks
[2023-02-09T15:52:17.307+0000][68][gc,marking  ] GC(508) Concurrent Clear Claimed Marks 0.898ms
[2023-02-09T15:52:17.308+0000][68][gc,marking  ] GC(508) Concurrent Scan Root Regions
[2023-02-09T15:52:17.320+0000][68][gc,marking  ] GC(508) Concurrent Scan Root Regions 12.631ms
[2023-02-09T15:52:17.322+0000][68][gc,marking  ] GC(508) Concurrent Mark
[2023-02-09T15:52:17.323+0000][68][gc,marking  ] GC(508) Concurrent Mark From Roots
[2023-02-09T15:52:17.325+0000][68][gc,task     ] GC(508) Using 1 workers of 1 for marking
[2023-02-09T15:52:17.464+0000][68][gc,marking  ] GC(508) Concurrent Mark From Roots 163.246ms
[2023-02-09T15:52:17.465+0000][68][gc,marking  ] GC(508) Concurrent Preclean
[2023-02-09T15:52:17.468+0000][68][gc,marking  ] GC(508) Concurrent Preclean 2.853ms
[2023-02-09T15:52:17.470+0000][68][gc,start    ] GC(508) Pause Remark
[2023-02-09T15:52:17.481+0000][68][gc          ] GC(508) Pause Remark 127M->127M(256M) 11.656ms
[2023-02-09T15:52:17.482+0000][68][gc,cpu      ] GC(508) User=0.03s Sys=0.00s Real=0.01s
[2023-02-09T15:52:17.483+0000][68][safepoint   ] Safepoint "G1PauseRemark", Time since last: 187576770 ns, Reaching safepoint: 142895 ns, At safepoint: 13525850 ns, Total: 13668745 ns
[2023-02-09T15:52:17.484+0000][68][gc,marking  ] GC(508) Concurrent Mark 184.122ms
[2023-02-09T15:52:17.484+0000][68][gc,marking  ] GC(508) Concurrent Rebuild Remembered Sets
[2023-02-09T15:52:17.559+0000][68][gc,marking  ] GC(508) Concurrent Rebuild Remembered Sets 74.565ms
[2023-02-09T15:52:17.560+0000][68][gc,start    ] GC(508) Pause Cleanup
[2023-02-09T15:52:17.560+0000][68][gc          ] GC(508) Pause Cleanup 127M->127M(256M) 0.615ms
[2023-02-09T15:52:17.561+0000][68][gc,cpu      ] GC(508) User=0.01s Sys=0.00s Real=0.00s
[2023-02-09T15:52:17.561+0000][68][safepoint   ] Safepoint "G1PauseCleanup", Time since last: 76322230 ns, Reaching safepoint: 89390 ns, At safepoint: 1436472 ns, Total: 1525862 ns
[2023-02-09T15:52:17.561+0000][68][gc,marking  ] GC(508) Concurrent Cleanup for Next Mark
[2023-02-09T15:52:17.562+0000][68][gc,marking  ] GC(508) Concurrent Cleanup for Next Mark 0.871ms
[2023-02-09T15:52:17.563+0000][68][gc          ] GC(508) Concurrent Mark Cycle 281.451ms
[2023-02-09T15:52:27.574+0000][68][safepoint   ] Safepoint "Cleanup", Time since last: 10012177345 ns, Reaching safepoint: 562790 ns, At safepoint: 22551 ns, Total: 585341 ns
[2023-02-09T15:52:33.584+0000][68][safepoint   ] Safepoint "Cleanup", Time since last: 6009933514 ns, Reaching safepoint: 616264 ns, At safepoint: 15308 ns, Total: 631572 ns
[2023-02-09T15:52:40.595+0000][68][safepoint   ] Safepoint "Cleanup", Time since last: 7010616648 ns, Reaching safepoint: 445871 ns, At safepoint: 14515 ns, Total: 460386 ns
[2023-02-09T15:52:41.883+0000][68][gc,start    ] GC(509) Pause Young (Normal) (G1 Evacuation Pause)
[2023-02-09T15:52:41.883+0000][68][gc,task     ] GC(509) Using 4 workers of 4 for evacuation
[2023-02-09T15:52:41.884+0000][68][gc,age      ] GC(509) Desired survivor size 6291456 bytes, new threshold 15 (max threshold 15)
[2023-02-09T15:52:41.889+0000][68][gc,phases   ] GC(509)   Pre Evacuate Collection Set: 0.2ms
[2023-02-09T15:52:41.890+0000][68][gc,phases   ] GC(509)   Merge Heap Roots: 0.2ms
[2023-02-09T15:52:41.891+0000][68][gc,phases   ] GC(509)   Evacuate Collection Set: 3.6ms
[2023-02-09T15:52:41.893+0000][68][gc,phases   ] GC(509)   Post Evacuate Collection Set: 1.2ms
[2023-02-09T15:52:41.893+0000][68][gc,phases   ] GC(509)   Other: 0.9ms
[2023-02-09T15:52:41.894+0000][68][gc,age      ] GC(509) Age table with threshold 15 (max threshold 15)
[2023-02-09T15:52:41.894+0000][68][gc,age      ] GC(509) - age   1:    1774128 bytes,    1774128 total
[2023-02-09T15:52:41.895+0000][68][gc,age      ] GC(509) - age   2:      27400 bytes,    1801528 total
[2023-02-09T15:52:41.895+0000][68][gc,age      ] GC(509) - age   3:     190376 bytes,    1991904 total
[2023-02-09T15:52:41.896+0000][68][gc,age      ] GC(509) - age   4:      27240 bytes,    2019144 total
[2023-02-09T15:52:41.896+0000][68][gc,age      ] GC(509) - age   5:       2272 bytes,    2021416 total
[2023-02-09T15:52:41.897+0000][68][gc,age      ] GC(509) - age   6:     175416 bytes,    2196832 total
[2023-02-09T15:52:41.897+0000][68][gc,age      ] GC(509) - age   7:      11416 bytes,    2208248 total
[2023-02-09T15:52:41.897+0000][68][gc,age      ] GC(509) - age   8:       3392 bytes,    2211640 total
[2023-02-09T15:52:41.898+0000][68][gc,age      ] GC(509) - age   9:         88 bytes,    2211728 total
[2023-02-09T15:52:41.898+0000][68][gc,age      ] GC(509) - age  10:      28936 bytes,    2240664 total
[2023-02-09T15:52:41.899+0000][68][gc,age      ] GC(509) - age  11:       1592 bytes,    2242256 total
[2023-02-09T15:52:41.900+0000][68][gc,age      ] GC(509) - age  12:       2160 bytes,    2244416 total
[2023-02-09T15:52:41.900+0000][68][gc,age      ] GC(509) - age  14:        192 bytes,    2244608 total
[2023-02-09T15:52:41.900+0000][68][gc,age      ] GC(509) - age  15:      63272 bytes,    2307880 total
[2023-02-09T15:52:41.901+0000][68][gc,heap     ] GC(509) Eden regions: 21->0(21)
[2023-02-09T15:52:41.901+0000][68][gc,heap     ] GC(509) Survivor regions: 1->1(3)
[2023-02-09T15:52:41.902+0000][68][gc,heap     ] GC(509) Old regions: 26->26
[2023-02-09T15:52:41.902+0000][68][gc,heap     ] GC(509) Archive regions: 2->2
[2023-02-09T15:52:41.903+0000][68][gc,heap     ] GC(509) Humongous regions: 2->2
[2023-02-09T15:52:41.903+0000][68][gc,metaspace] GC(509) Metaspace: 143415K(146496K)->143415K(146496K) NonClass: 125214K(126464K)->125214K(126464K) Class: 18200K(20032K)->18200K(20032K)
[2023-02-09T15:52:41.904+0000][68][gc          ] GC(509) Pause Young (Normal) (G1 Evacuation Pause) 202M->117M(256M) 21.296ms
[2023-02-09T15:52:41.904+0000][68][gc,cpu      ] GC(509) User=0.01s Sys=0.00s Real=0.03s
[2023-02-09T15:52:41.905+0000][68][safepoint   ] Safepoint "G1CollectForAllocation", Time since last: 1287010390 ns, Reaching safepoint: 145380 ns, At safepoint: 22579444 ns, Total: 22724824 ns
[2023-02-09T15:52:53.891+0000][68][safepoint   ] Safepoint "Cleanup", Time since last: 12010995598 ns, Reaching safepoint: 987619 ns, At safepoint: 136115 ns, Total: 1123734 ns
[2023-02-09T15:53:05.900+0000][68][safepoint   ] Safepoint "Cleanup", Time since last: 12009300151 ns, Reaching safepoint: 375667 ns, At safepoint: 37559 ns, Total: 413226 ns
[2023-02-09T15:53:07.980+0000][68][gc,start    ] GC(510) Pause Young (Concurrent Start) (G1 Evacuation Pause)
[2023-02-09T15:53:07.981+0000][68][gc,task     ] GC(510) Using 4 workers of 4 for evacuation
[2023-02-09T15:53:07.982+0000][68][gc,age      ] GC(510) Desired survivor size 6291456 bytes, new threshold 15 (max threshold 15)
[2023-02-09T15:53:07.988+0000][68][gc,phases   ] GC(510)   Pre Evacuate Collection Set: 0.4ms
[2023-02-09T15:53:07.989+0000][68][gc,phases   ] GC(510)   Merge Heap Roots: 0.2ms
[2023-02-09T15:53:07.990+0000][68][gc,phases   ] GC(510)   Evacuate Collection Set: 3.2ms
[2023-02-09T15:53:07.991+0000][68][gc,phases   ] GC(510)   Post Evacuate Collection Set: 1.3ms
[2023-02-09T15:53:07.992+0000][68][gc,phases   ] GC(510)   Other: 2.1ms
[2023-02-09T15:53:07.992+0000][68][gc,age      ] GC(510) Age table with threshold 15 (max threshold 15)
[2023-02-09T15:53:07.993+0000][68][gc,age      ] GC(510) - age   1:    1884544 bytes,    1884544 total
[2023-02-09T15:53:07.993+0000][68][gc,age      ] GC(510) - age   2:     129568 bytes,    2014112 total
[2023-02-09T15:53:07.994+0000][68][gc,age      ] GC(510) - age   3:      10536 bytes,    2024648 total
[2023-02-09T15:53:07.995+0000][68][gc,age      ] GC(510) - age   4:     117288 bytes,    2141936 total
[2023-02-09T15:53:07.995+0000][68][gc,age      ] GC(510) - age   5:      27112 bytes,    2169048 total
[2023-02-09T15:53:07.996+0000][68][gc,age      ] GC(510) - age   6:       2192 bytes,    2171240 total
[2023-02-09T15:53:07.996+0000][68][gc,age      ] GC(510) - age   7:     158616 bytes,    2329856 total
[2023-02-09T15:53:07.997+0000][68][gc,age      ] GC(510) - age   8:      10568 bytes,    2340424 total
[2023-02-09T15:53:07.997+0000][68][gc,age      ] GC(510) - age   9:       3392 bytes,    2343816 total
[2023-02-09T15:53:07.998+0000][68][gc,age      ] GC(510) - age  10:         88 bytes,    2343904 total
[2023-02-09T15:53:07.999+0000][68][gc,age      ] GC(510) - age  11:      28736 bytes,    2372640 total
[2023-02-09T15:53:07.999+0000][68][gc,age      ] GC(510) - age  12:       1592 bytes,    2374232 total
[2023-02-09T15:53:08.000+0000][68][gc,age      ] GC(510) - age  13:       2160 bytes,    2376392 total
[2023-02-09T15:53:08.000+0000][68][gc,age      ] GC(510) - age  15:        192 bytes,    2376584 total
[2023-02-09T15:53:08.001+0000][68][gc,heap     ] GC(510) Eden regions: 21->0(21)
[2023-02-09T15:53:08.001+0000][68][gc,heap     ] GC(510) Survivor regions: 1->1(3)
[2023-02-09T15:53:08.002+0000][68][gc,heap     ] GC(510) Old regions: 26->26
[2023-02-09T15:53:08.002+0000][68][gc,heap     ] GC(510) Archive regions: 2->2
[2023-02-09T15:53:08.003+0000][68][gc,heap     ] GC(510) Humongous regions: 2->2
[2023-02-09T15:53:08.003+0000][68][gc,metaspace] GC(510) Metaspace: 143420K(146496K)->143420K(146496K) NonClass: 125220K(126464K)->125220K(126464K) Class: 18200K(20032K)->18200K(20032K)
[2023-02-09T15:53:08.003+0000][68][gc          ] GC(510) Pause Young (Concurrent Start) (G1 Evacuation Pause) 201M->117M(256M) 23.744ms
[2023-02-09T15:53:08.004+0000][68][gc,cpu      ] GC(510) User=0.01s Sys=0.00s Real=0.02s
[2023-02-09T15:53:08.004+0000][68][gc          ] GC(511) Concurrent Mark Cycle
[2023-02-09T15:53:08.005+0000][68][gc,marking  ] GC(511) Concurrent Clear Claimed Marks
[2023-02-09T15:53:08.004+0000][68][safepoint   ] Safepoint "G1CollectForAllocation", Time since last: 2079121739 ns, Reaching safepoint: 277734 ns, At safepoint: 24773531 ns, Total: 25051265 ns
[2023-02-09T15:53:08.006+0000][68][gc,marking  ] GC(511) Concurrent Clear Claimed Marks 0.813ms
[2023-02-09T15:53:08.007+0000][68][gc,marking  ] GC(511) Concurrent Scan Root Regions
[2023-02-09T15:53:08.010+0000][68][gc,marking  ] GC(511) Concurrent Scan Root Regions 3.076ms
[2023-02-09T15:53:08.010+0000][68][gc,marking  ] GC(511) Concurrent Mark
[2023-02-09T15:53:08.011+0000][68][gc,marking  ] GC(511) Concurrent Mark From Roots
[2023-02-09T15:53:08.012+0000][68][gc,task     ] GC(511) Using 1 workers of 1 for marking
[2023-02-09T15:53:08.142+0000][68][gc,marking  ] GC(511) Concurrent Mark From Roots 130.777ms
[2023-02-09T15:53:08.142+0000][68][gc,marking  ] GC(511) Concurrent Preclean
[2023-02-09T15:53:08.143+0000][68][gc,marking  ] GC(511) Concurrent Preclean 0.920ms
[2023-02-09T15:53:08.144+0000][68][gc,start    ] GC(511) Pause Remark
[2023-02-09T15:53:08.157+0000][68][gc          ] GC(511) Pause Remark 122M->122M(256M) 12.692ms
[2023-02-09T15:53:08.158+0000][68][gc,cpu      ] GC(511) User=0.04s Sys=0.00s Real=0.02s
[2023-02-09T15:53:08.158+0000][68][safepoint   ] Safepoint "G1PauseRemark", Time since last: 139558292 ns, Reaching safepoint: 263585 ns, At safepoint: 14065727 ns, Total: 14329312 ns
[2023-02-09T15:53:08.159+0000][68][gc,marking  ] GC(511) Concurrent Mark 148.451ms
[2023-02-09T15:53:08.159+0000][68][gc,marking  ] GC(511) Concurrent Rebuild Remembered Sets
[2023-02-09T15:53:08.247+0000][68][gc,marking  ] GC(511) Concurrent Rebuild Remembered Sets 87.141ms
[2023-02-09T15:53:08.247+0000][68][gc,start    ] GC(511) Pause Cleanup
[2023-02-09T15:53:08.249+0000][68][gc          ] GC(511) Pause Cleanup 122M->122M(256M) 1.549ms
[2023-02-09T15:53:08.249+0000][68][gc,cpu      ] GC(511) User=0.00s Sys=0.00s Real=0.00s
[2023-02-09T15:53:08.250+0000][68][safepoint   ] Safepoint "G1PauseCleanup", Time since last: 88914622 ns, Reaching safepoint: 77612 ns, At safepoint: 2555819 ns, Total: 2633431 ns
[2023-02-09T15:53:08.250+0000][68][gc,marking  ] GC(511) Concurrent Cleanup for Next Mark
[2023-02-09T15:53:08.251+0000][68][gc,marking  ] GC(511) Concurrent Cleanup for Next Mark 0.706ms
[2023-02-09T15:53:08.252+0000][68][gc          ] GC(511) Concurrent Mark Cycle 247.523ms
[2023-02-09T15:53:18.238+0000][68][safepoint   ] Safepoint "Cleanup", Time since last: 10009951755 ns, Reaching safepoint: 223485 ns, At safepoint: 9047 ns, Total: 232532 ns
[2023-02-09T15:53:24.245+0000][68][safepoint   ] Safepoint "Cleanup", Time since last: 6006434484 ns, Reaching safepoint: 139623 ns, At safepoint: 7383 ns, Total: 147006 ns
[2023-02-09T15:53:27.249+0000][68][safepoint   ] Safepoint "Cleanup", Time since last: 3003305593 ns, Reaching safepoint: 606283 ns, At safepoint: 20058 ns, Total: 626341 ns
[2023-02-09T15:53:28.972+0000][68][gc,start    ] GC(512) Pause Young (Normal) (G1 Evacuation Pause)
[2023-02-09T15:53:28.973+0000][68][gc,task     ] GC(512) Using 4 workers of 4 for evacuation
[2023-02-09T15:53:28.974+0000][68][gc,age      ] GC(512) Desired survivor size 6291456 bytes, new threshold 15 (max threshold 15)
[2023-02-09T15:53:28.981+0000][68][gc,phases   ] GC(512)   Pre Evacuate Collection Set: 0.2ms
[2023-02-09T15:53:28.981+0000][68][gc,phases   ] GC(512)   Merge Heap Roots: 0.1ms
[2023-02-09T15:53:28.982+0000][68][gc,phases   ] GC(512)   Evacuate Collection Set: 3.8ms
[2023-02-09T15:53:28.982+0000][68][gc,phases   ] GC(512)   Post Evacuate Collection Set: 1.0ms
[2023-02-09T15:53:28.983+0000][68][gc,phases   ] GC(512)   Other: 2.6ms
[2023-02-09T15:53:28.983+0000][68][gc,age      ] GC(512) Age table with threshold 15 (max threshold 15)
[2023-02-09T15:53:28.984+0000][68][gc,age      ] GC(512) - age   1:    1783440 bytes,    1783440 total
[2023-02-09T15:53:28.984+0000][68][gc,age      ] GC(512) - age   2:     526144 bytes,    2309584 total
[2023-02-09T15:53:28.985+0000][68][gc,age      ] GC(512) - age   3:     113720 bytes,    2423304 total
[2023-02-09T15:53:28.985+0000][68][gc,age      ] GC(512) - age   4:      10168 bytes,    2433472 total
[2023-02-09T15:53:28.986+0000][68][gc,age      ] GC(512) - age   5:     117096 bytes,    2550568 total
[2023-02-09T15:53:28.987+0000][68][gc,age      ] GC(512) - age   6:      27112 bytes,    2577680 total
[2023-02-09T15:53:28.987+0000][68][gc,age      ] GC(512) - age   7:       2192 bytes,    2579872 total
[2023-02-09T15:53:28.988+0000][68][gc,age      ] GC(512) - age   8:     158616 bytes,    2738488 total
[2023-02-09T15:53:28.988+0000][68][gc,age      ] GC(512) - age   9:      10568 bytes,    2749056 total
[2023-02-09T15:53:28.989+0000][68][gc,age      ] GC(512) - age  10:       3096 bytes,    2752152 total
[2023-02-09T15:53:28.989+0000][68][gc,age      ] GC(512) - age  11:         88 bytes,    2752240 total
[2023-02-09T15:53:28.989+0000][68][gc,age      ] GC(512) - age  12:      28136 bytes,    2780376 total
[2023-02-09T15:53:28.990+0000][68][gc,age      ] GC(512) - age  13:       1592 bytes,    2781968 total
[2023-02-09T15:53:28.990+0000][68][gc,age      ] GC(512) - age  14:       2160 bytes,    2784128 total
[2023-02-09T15:53:28.991+0000][68][gc,heap     ] GC(512) Eden regions: 21->0(21)
[2023-02-09T15:53:28.991+0000][68][gc,heap     ] GC(512) Survivor regions: 1->1(3)
[2023-02-09T15:53:28.992+0000][68][gc,heap     ] GC(512) Old regions: 26->26
[2023-02-09T15:53:28.992+0000][68][gc,heap     ] GC(512) Archive regions: 2->2
[2023-02-09T15:53:28.993+0000][68][gc,heap     ] GC(512) Humongous regions: 2->2
[2023-02-09T15:53:28.993+0000][68][gc,metaspace] GC(512) Metaspace: 143426K(146496K)->143426K(146496K) NonClass: 125225K(126464K)->125225K(126464K) Class: 18200K(20032K)->18200K(20032K)
[2023-02-09T15:53:28.993+0000][68][gc          ] GC(512) Pause Young (Normal) (G1 Evacuation Pause) 201M->118M(256M) 21.033ms
[2023-02-09T15:53:28.994+0000][68][gc,cpu      ] GC(512) User=0.01s Sys=0.01s Real=0.02s
[2023-02-09T15:53:28.994+0000][68][safepoint   ] Safepoint "G1CollectForAllocation", Time since last: 1723377540 ns, Reaching safepoint: 111188 ns, At safepoint: 22124935 ns, Total: 22236123 ns
[2023-02-09T15:53:53.975+0000][68][gc,start    ] GC(513) Pause Young (Concurrent Start) (G1 Evacuation Pause)
[2023-02-09T15:53:53.976+0000][68][gc,task     ] GC(513) Using 4 workers of 4 for evacuation
[2023-02-09T15:53:53.977+0000][68][gc,age      ] GC(513) Desired survivor size 6291456 bytes, new threshold 15 (max threshold 15)
[2023-02-09T15:53:53.982+0000][68][gc,phases   ] GC(513)   Pre Evacuate Collection Set: 0.3ms
[2023-02-09T15:53:53.982+0000][68][gc,phases   ] GC(513)   Merge Heap Roots: 0.1ms
[2023-02-09T15:53:53.983+0000][68][gc,phases   ] GC(513)   Evacuate Collection Set: 3.1ms
[2023-02-09T15:53:53.984+0000][68][gc,phases   ] GC(513)   Post Evacuate Collection Set: 1.0ms
[2023-02-09T15:53:53.984+0000][68][gc,phases   ] GC(513)   Other: 1.1ms
[2023-02-09T15:53:53.985+0000][68][gc,age      ] GC(513) Age table with threshold 15 (max threshold 15)
[2023-02-09T15:53:53.986+0000][68][gc,age      ] GC(513) - age   1:    1627032 bytes,    1627032 total
[2023-02-09T15:53:53.987+0000][68][gc,age      ] GC(513) - age   2:     118496 bytes,    1745528 total
[2023-02-09T15:53:53.987+0000][68][gc,age      ] GC(513) - age   3:     512584 bytes,    2258112 total
[2023-02-09T15:53:53.988+0000][68][gc,age      ] GC(513) - age   4:     113008 bytes,    2371120 total
[2023-02-09T15:53:53.989+0000][68][gc,age      ] GC(513) - age   5:      10104 bytes,    2381224 total
[2023-02-09T15:53:53.989+0000][68][gc,age      ] GC(513) - age   6:     117032 bytes,    2498256 total
[2023-02-09T15:53:53.990+0000][68][gc,age      ] GC(513) - age   7:      27112 bytes,    2525368 total
[2023-02-09T15:53:53.990+0000][68][gc,age      ] GC(513) - age   8:       1944 bytes,    2527312 total
[2023-02-09T15:53:53.991+0000][68][gc,age      ] GC(513) - age   9:     154288 bytes,    2681600 total
[2023-02-09T15:53:53.991+0000][68][gc,age      ] GC(513) - age  10:      10568 bytes,    2692168 total
[2023-02-09T15:53:53.992+0000][68][gc,age      ] GC(513) - age  11:       3096 bytes,    2695264 total
[2023-02-09T15:53:53.992+0000][68][gc,age      ] GC(513) - age  12:         88 bytes,    2695352 total
[2023-02-09T15:53:53.993+0000][68][gc,age      ] GC(513) - age  13:      28136 bytes,    2723488 total
[2023-02-09T15:53:53.993+0000][68][gc,age      ] GC(513) - age  14:       1336 bytes,    2724824 total
[2023-02-09T15:53:53.993+0000][68][gc,age      ] GC(513) - age  15:       2160 bytes,    2726984 total
[2023-02-09T15:53:53.994+0000][68][gc,heap     ] GC(513) Eden regions: 21->0(21)
[2023-02-09T15:53:53.994+0000][68][gc,heap     ] GC(513) Survivor regions: 1->1(3)
[2023-02-09T15:53:53.995+0000][68][gc,heap     ] GC(513) Old regions: 26->26
[2023-02-09T15:53:53.995+0000][68][gc,heap     ] GC(513) Archive regions: 2->2
[2023-02-09T15:53:53.996+0000][68][gc,heap     ] GC(513) Humongous regions: 2->2
[2023-02-09T15:53:53.996+0000][68][gc,metaspace] GC(513) Metaspace: 143426K(146496K)->143426K(146496K) NonClass: 125226K(126464K)->125226K(126464K) Class: 18200K(20032K)->18200K(20032K)
[2023-02-09T15:53:53.997+0000][68][gc          ] GC(513) Pause Young (Concurrent Start) (G1 Evacuation Pause) 202M->118M(256M) 21.354ms
[2023-02-09T15:53:53.997+0000][68][gc,cpu      ] GC(513) User=0.01s Sys=0.00s Real=0.02s
[2023-02-09T15:53:53.998+0000][68][safepoint   ] Safepoint "G1CollectForAllocation", Time since last: 25002464115 ns, Reaching safepoint: 71912 ns, At safepoint: 22413937 ns, Total: 22485849 ns
[2023-02-09T15:53:53.997+0000][68][gc          ] GC(514) Concurrent Mark Cycle
[2023-02-09T15:53:53.999+0000][68][gc,marking  ] GC(514) Concurrent Clear Claimed Marks
[2023-02-09T15:53:54.000+0000][68][gc,marking  ] GC(514) Concurrent Clear Claimed Marks 0.853ms
[2023-02-09T15:53:54.001+0000][68][gc,marking  ] GC(514) Concurrent Scan Root Regions
[2023-02-09T15:53:54.004+0000][68][gc,marking  ] GC(514) Concurrent Scan Root Regions 2.743ms
[2023-02-09T15:53:54.004+0000][68][gc,marking  ] GC(514) Concurrent Mark
[2023-02-09T15:53:54.005+0000][68][gc,marking  ] GC(514) Concurrent Mark From Roots
[2023-02-09T15:53:54.006+0000][68][gc,task     ] GC(514) Using 1 workers of 1 for marking
[2023-02-09T15:53:54.120+0000][68][gc,marking  ] GC(514) Concurrent Mark From Roots 114.653ms
[2023-02-09T15:53:54.121+0000][68][gc,marking  ] GC(514) Concurrent Preclean
[2023-02-09T15:53:54.121+0000][68][gc,marking  ] GC(514) Concurrent Preclean 0.913ms
[2023-02-09T15:53:54.122+0000][68][gc,start    ] GC(514) Pause Remark
[2023-02-09T15:53:54.134+0000][68][gc          ] GC(514) Pause Remark 120M->120M(256M) 11.611ms
[2023-02-09T15:53:54.135+0000][68][gc,cpu      ] GC(514) User=0.03s Sys=0.00s Real=0.02s
[2023-02-09T15:53:54.135+0000][68][safepoint   ] Safepoint "G1PauseRemark", Time since last: 124319292 ns, Reaching safepoint: 115133 ns, At safepoint: 13007929 ns, Total: 13123062 ns
[2023-02-09T15:53:54.136+0000][68][gc,marking  ] GC(514) Concurrent Mark 131.157ms
[2023-02-09T15:53:54.136+0000][68][gc,marking  ] GC(514) Concurrent Rebuild Remembered Sets
[2023-02-09T15:53:54.188+0000][68][gc,marking  ] GC(514) Concurrent Rebuild Remembered Sets 51.676ms
[2023-02-09T15:53:54.189+0000][68][gc,start    ] GC(514) Pause Cleanup
[2023-02-09T15:53:54.190+0000][68][gc          ] GC(514) Pause Cleanup 120M->120M(256M) 0.592ms
[2023-02-09T15:53:54.191+0000][68][gc,cpu      ] GC(514) User=0.01s Sys=0.00s Real=0.00s
[2023-02-09T15:53:54.192+0000][68][safepoint   ] Safepoint "G1PauseCleanup", Time since last: 53562567 ns, Reaching safepoint: 176716 ns, At safepoint: 2893675 ns, Total: 3070391 ns
[2023-02-09T15:53:54.193+0000][68][gc,marking  ] GC(514) Concurrent Cleanup for Next Mark
[2023-02-09T15:53:54.193+0000][68][gc,marking  ] GC(514) Concurrent Cleanup for Next Mark 0.817ms
[2023-02-09T15:53:54.194+0000][68][gc          ] GC(514) Concurrent Mark Cycle 196.633ms
[2023-02-09T15:54:13.207+0000][68][safepoint   ] Safepoint "Cleanup", Time since last: 19015116805 ns, Reaching safepoint: 197396 ns, At safepoint: 4613 ns, Total: 202009 ns
[2023-02-09T15:54:17.211+0000][68][safepoint   ] Safepoint "Cleanup", Time since last: 4004177927 ns, Reaching safepoint: 109742 ns, At safepoint: 4720 ns, Total: 114462 ns
[2023-02-09T15:54:18.193+0000][68][safepoint   ] Safepoint "Cleanup", Time since last: 1002657641 ns, Reaching safepoint: 193301 ns, At safepoint: 9234 ns, Total: 202535 ns
[2023-02-09T15:54:23.223+0000][68][gc,start    ] GC(515) Pause Young (Normal) (G1 Evacuation Pause)
[2023-02-09T15:54:23.223+0000][68][gc,task     ] GC(515) Using 4 workers of 4 for evacuation
[2023-02-09T15:54:23.224+0000][68][gc,age      ] GC(515) Desired survivor size 6291456 bytes, new threshold 15 (max threshold 15)
[2023-02-09T15:54:23.229+0000][68][gc,phases   ] GC(515)   Pre Evacuate Collection Set: 0.1ms
[2023-02-09T15:54:23.229+0000][68][gc,phases   ] GC(515)   Merge Heap Roots: 0.1ms
[2023-02-09T15:54:23.230+0000][68][gc,phases   ] GC(515)   Evacuate Collection Set: 3.0ms
[2023-02-09T15:54:23.231+0000][68][gc,phases   ] GC(515)   Post Evacuate Collection Set: 0.9ms
[2023-02-09T15:54:23.231+0000][68][gc,phases   ] GC(515)   Other: 0.9ms
[2023-02-09T15:54:23.231+0000][68][gc,age      ] GC(515) Age table with threshold 15 (max threshold 15)
[2023-02-09T15:54:23.232+0000][68][gc,age      ] GC(515) - age   1:    2188576 bytes,    2188576 total
[2023-02-09T15:54:23.232+0000][68][gc,age      ] GC(515) - age   2:       3528 bytes,    2192104 total
[2023-02-09T15:54:23.233+0000][68][gc,age      ] GC(515) - age   3:      97784 bytes,    2289888 total
[2023-02-09T15:54:23.233+0000][68][gc,age      ] GC(515) - age   4:     381888 bytes,    2671776 total
[2023-02-09T15:54:23.234+0000][68][gc,age      ] GC(515) - age   5:     112928 bytes,    2784704 total
[2023-02-09T15:54:23.234+0000][68][gc,age      ] GC(515) - age   6:      10104 bytes,    2794808 total
[2023-02-09T15:54:23.235+0000][68][gc,age      ] GC(515) - age   7:     116952 bytes,    2911760 total
[2023-02-09T15:54:23.235+0000][68][gc,age      ] GC(515) - age   8:      27112 bytes,    2938872 total
[2023-02-09T15:54:23.236+0000][68][gc,age      ] GC(515) - age   9:       1944 bytes,    2940816 total
[2023-02-09T15:54:23.236+0000][68][gc,age      ] GC(515) - age  10:     154288 bytes,    3095104 total
[2023-02-09T15:54:23.237+0000][68][gc,age      ] GC(515) - age  11:      10568 bytes,    3105672 total
[2023-02-09T15:54:23.237+0000][68][gc,age      ] GC(515) - age  12:       3096 bytes,    3108768 total
[2023-02-09T15:54:23.237+0000][68][gc,age      ] GC(515) - age  13:         88 bytes,    3108856 total
[2023-02-09T15:54:23.238+0000][68][gc,age      ] GC(515) - age  14:      28136 bytes,    3136992 total
[2023-02-09T15:54:23.238+0000][68][gc,age      ] GC(515) - age  15:       1336 bytes,    3138328 total
[2023-02-09T15:54:23.239+0000][68][gc,heap     ] GC(515) Eden regions: 21->0(21)
[2023-02-09T15:54:23.239+0000][68][gc,heap     ] GC(515) Survivor regions: 1->1(3)
[2023-02-09T15:54:23.239+0000][68][gc,heap     ] GC(515) Old regions: 26->26
[2023-02-09T15:54:23.240+0000][68][gc,heap     ] GC(515) Archive regions: 2->2
[2023-02-09T15:54:23.240+0000][68][gc,heap     ] GC(515) Humongous regions: 2->2
[2023-02-09T15:54:23.241+0000][68][gc,metaspace] GC(515) Metaspace: 143436K(146496K)->143436K(146496K) NonClass: 125236K(126464K)->125236K(126464K) Class: 18200K(20032K)->18200K(20032K)
[2023-02-09T15:54:23.242+0000][68][gc          ] GC(515) Pause Young (Normal) (G1 Evacuation Pause) 202M->118M(256M) 18.789ms
[2023-02-09T15:54:23.242+0000][68][gc,cpu      ] GC(515) User=0.01s Sys=0.00s Real=0.02s
[2023-02-09T15:54:23.243+0000][68][safepoint   ] Safepoint "G1CollectForAllocation", Time since last: 5029902065 ns, Reaching safepoint: 101773 ns, At safepoint: 19872692 ns, Total: 19974465 ns
[2023-02-09T15:54:48.647+0000][68][gc,start    ] GC(516) Pause Young (Concurrent Start) (G1 Evacuation Pause)
[2023-02-09T15:54:48.649+0000][68][gc,task     ] GC(516) Using 4 workers of 4 for evacuation
[2023-02-09T15:54:48.650+0000][68][gc,age      ] GC(516) Desired survivor size 6291456 bytes, new threshold 15 (max threshold 15)
[2023-02-09T15:54:48.657+0000][68][gc,phases   ] GC(516)   Pre Evacuate Collection Set: 0.7ms
[2023-02-09T15:54:48.659+0000][68][gc,phases   ] GC(516)   Merge Heap Roots: 0.1ms
[2023-02-09T15:54:48.659+0000][68][gc,phases   ] GC(516)   Evacuate Collection Set: 3.5ms
[2023-02-09T15:54:48.660+0000][68][gc,phases   ] GC(516)   Post Evacuate Collection Set: 1.3ms
[2023-02-09T15:54:48.661+0000][68][gc,phases   ] GC(516)   Other: 2.8ms
[2023-02-09T15:54:48.662+0000][68][gc,age      ] GC(516) Age table with threshold 15 (max threshold 15)
[2023-02-09T15:54:48.662+0000][68][gc,age      ] GC(516) - age   1:    1326736 bytes,    1326736 total
[2023-02-09T15:54:48.663+0000][68][gc,age      ] GC(516) - age   2:     395952 bytes,    1722688 total
[2023-02-09T15:54:48.664+0000][68][gc,age      ] GC(516) - age   3:       2008 bytes,    1724696 total
[2023-02-09T15:54:48.665+0000][68][gc,age      ] GC(516) - age   4:      97056 bytes,    1821752 total
[2023-02-09T15:54:48.666+0000][68][gc,age      ] GC(516) - age   5:     381168 bytes,    2202920 total
[2023-02-09T15:54:48.666+0000][68][gc,age      ] GC(516) - age   6:     112752 bytes,    2315672 total
[2023-02-09T15:54:48.667+0000][68][gc,age      ] GC(516) - age   7:      10040 bytes,    2325712 total
[2023-02-09T15:54:48.667+0000][68][gc,age      ] GC(516) - age   8:     116952 bytes,    2442664 total
[2023-02-09T15:54:48.668+0000][68][gc,age      ] GC(516) - age   9:      27112 bytes,    2469776 total
[2023-02-09T15:54:48.669+0000][68][gc,age      ] GC(516) - age  10:       1944 bytes,    2471720 total
[2023-02-09T15:54:48.669+0000][68][gc,age      ] GC(516) - age  11:     154288 bytes,    2626008 total
[2023-02-09T15:54:48.670+0000][68][gc,age      ] GC(516) - age  12:      10568 bytes,    2636576 total
[2023-02-09T15:54:48.671+0000][68][gc,age      ] GC(516) - age  13:       3096 bytes,    2639672 total
[2023-02-09T15:54:48.671+0000][68][gc,age      ] GC(516) - age  14:         88 bytes,    2639760 total
[2023-02-09T15:54:48.672+0000][68][gc,age      ] GC(516) - age  15:      28136 bytes,    2667896 total
[2023-02-09T15:54:48.672+0000][68][gc,heap     ] GC(516) Eden regions: 21->0(21)
[2023-02-09T15:54:48.673+0000][68][gc,heap     ] GC(516) Survivor regions: 1->1(3)
[2023-02-09T15:54:48.674+0000][68][gc,heap     ] GC(516) Old regions: 26->26
[2023-02-09T15:54:48.674+0000][68][gc,heap     ] GC(516) Archive regions: 2->2
[2023-02-09T15:54:48.675+0000][68][gc,heap     ] GC(516) Humongous regions: 2->2
[2023-02-09T15:54:48.675+0000][68][gc,metaspace] GC(516) Metaspace: 143437K(146496K)->143437K(146496K) NonClass: 125236K(126464K)->125236K(126464K) Class: 18200K(20032K)->18200K(20032K)
[2023-02-09T15:54:48.676+0000][68][gc          ] GC(516) Pause Young (Concurrent Start) (G1 Evacuation Pause) 202M->118M(256M) 28.288ms
[2023-02-09T15:54:48.676+0000][68][gc          ] GC(517) Concurrent Mark Cycle
[2023-02-09T15:54:48.677+0000][68][gc,marking  ] GC(517) Concurrent Clear Claimed Marks
[2023-02-09T15:54:48.678+0000][68][gc,marking  ] GC(517) Concurrent Clear Claimed Marks 0.753ms
[2023-02-09T15:54:48.678+0000][68][gc,marking  ] GC(517) Concurrent Scan Root Regions
[2023-02-09T15:54:48.676+0000][68][gc,cpu      ] GC(516) User=0.01s Sys=0.01s Real=0.03s
[2023-02-09T15:54:48.681+0000][68][safepoint   ] Safepoint "G1CollectForAllocation", Time since last: 25425855567 ns, Reaching safepoint: 181912 ns, At safepoint: 33336444 ns, Total: 33518356 ns
[2023-02-09T15:54:48.681+0000][68][gc,marking  ] GC(517) Concurrent Scan Root Regions 3.198ms
[2023-02-09T15:54:48.682+0000][68][gc,marking  ] GC(517) Concurrent Mark
[2023-02-09T15:54:48.684+0000][68][gc,marking  ] GC(517) Concurrent Mark From Roots
[2023-02-09T15:54:48.686+0000][68][gc,task     ] GC(517) Using 1 workers of 1 for marking
[2023-02-09T15:54:48.802+0000][68][gc,marking  ] GC(517) Concurrent Mark From Roots 118.348ms
[2023-02-09T15:54:48.803+0000][68][gc,marking  ] GC(517) Concurrent Preclean
[2023-02-09T15:54:48.804+0000][68][gc,marking  ] GC(517) Concurrent Preclean 0.979ms
[2023-02-09T15:54:48.805+0000][68][gc,start    ] GC(517) Pause Remark
[2023-02-09T15:54:48.814+0000][68][gc          ] GC(517) Pause Remark 118M->118M(256M) 9.186ms
[2023-02-09T15:54:48.815+0000][68][gc,cpu      ] GC(517) User=0.03s Sys=0.00s Real=0.01s
[2023-02-09T15:54:48.816+0000][68][safepoint   ] Safepoint "G1PauseRemark", Time since last: 124370092 ns, Reaching safepoint: 88731 ns, At safepoint: 10877294 ns, Total: 10966025 ns
[2023-02-09T15:54:48.817+0000][68][gc,marking  ] GC(517) Concurrent Mark 134.783ms
[2023-02-09T15:54:48.818+0000][68][gc,marking  ] GC(517) Concurrent Rebuild Remembered Sets
[2023-02-09T15:54:48.866+0000][68][gc,marking  ] GC(517) Concurrent Rebuild Remembered Sets 48.841ms
[2023-02-09T15:54:48.868+0000][68][gc,start    ] GC(517) Pause Cleanup
[2023-02-09T15:54:48.869+0000][68][gc          ] GC(517) Pause Cleanup 118M->118M(256M) 0.913ms
[2023-02-09T15:54:48.869+0000][68][gc,cpu      ] GC(517) User=0.00s Sys=0.00s Real=0.00s
[2023-02-09T15:54:48.870+0000][68][safepoint   ] Safepoint "G1PauseCleanup", Time since last: 51600297 ns, Reaching safepoint: 135257 ns, At safepoint: 1969212 ns, Total: 2104469 ns
[2023-02-09T15:54:48.871+0000][68][gc,marking  ] GC(517) Concurrent Cleanup for Next Mark
[2023-02-09T15:54:48.872+0000][68][gc,marking  ] GC(517) Concurrent Cleanup for Next Mark 0.989ms
[2023-02-09T15:54:48.872+0000][68][gc          ] GC(517) Concurrent Mark Cycle 196.002ms
[2023-02-09T15:55:02.482+0000][68][safepoint   ] Safepoint "Cleanup", Time since last: 13612078157 ns, Reaching safepoint: 242802 ns, At safepoint: 7194 ns, Total: 249996 ns
[2023-02-09T15:55:17.018+0000][68][gc,start    ] GC(518) Pause Young (Normal) (G1 Evacuation Pause)
[2023-02-09T15:55:17.019+0000][68][gc,task     ] GC(518) Using 4 workers of 4 for evacuation
[2023-02-09T15:55:17.019+0000][68][gc,age      ] GC(518) Desired survivor size 6291456 bytes, new threshold 15 (max threshold 15)
[2023-02-09T15:55:17.023+0000][68][gc,phases   ] GC(518)   Pre Evacuate Collection Set: 0.1ms
[2023-02-09T15:55:17.024+0000][68][gc,phases   ] GC(518)   Merge Heap Roots: 0.1ms
[2023-02-09T15:55:17.025+0000][68][gc,phases   ] GC(518)   Evacuate Collection Set: 2.3ms
[2023-02-09T15:55:17.025+0000][68][gc,phases   ] GC(518)   Post Evacuate Collection Set: 0.9ms
[2023-02-09T15:55:17.026+0000][68][gc,phases   ] GC(518)   Other: 1.2ms
[2023-02-09T15:55:17.026+0000][68][gc,age      ] GC(518) Age table with threshold 15 (max threshold 15)
[2023-02-09T15:55:17.027+0000][68][gc,age      ] GC(518) - age   1:     821472 bytes,     821472 total
[2023-02-09T15:55:17.027+0000][68][gc,age      ] GC(518) - age   2:      24136 bytes,     845608 total
[2023-02-09T15:55:17.028+0000][68][gc,age      ] GC(518) - age   3:     392880 bytes,    1238488 total
[2023-02-09T15:55:17.028+0000][68][gc,age      ] GC(518) - age   4:       1560 bytes,    1240048 total
[2023-02-09T15:55:17.029+0000][68][gc,age      ] GC(518) - age   5:      96928 bytes,    1336976 total
[2023-02-09T15:55:17.029+0000][68][gc,age      ] GC(518) - age   6:     381168 bytes,    1718144 total
[2023-02-09T15:55:17.030+0000][68][gc,age      ] GC(518) - age   7:      55864 bytes,    1774008 total
[2023-02-09T15:55:17.030+0000][68][gc,age      ] GC(518) - age   8:      10040 bytes,    1784048 total
[2023-02-09T15:55:17.031+0000][68][gc,age      ] GC(518) - age   9:     116952 bytes,    1901000 total
[2023-02-09T15:55:17.031+0000][68][gc,age      ] GC(518) - age  10:      27112 bytes,    1928112 total
[2023-02-09T15:55:17.032+0000][68][gc,age      ] GC(518) - age  11:       1648 bytes,    1929760 total
[2023-02-09T15:55:17.033+0000][68][gc,age      ] GC(518) - age  12:     154288 bytes,    2084048 total
[2023-02-09T15:55:17.033+0000][68][gc,age      ] GC(518) - age  13:      10568 bytes,    2094616 total
[2023-02-09T15:55:17.034+0000][68][gc,age      ] GC(518) - age  14:       3056 bytes,    2097672 total
[2023-02-09T15:55:17.034+0000][68][gc,age      ] GC(518) - age  15:         88 bytes,    2097760 total
[2023-02-09T15:55:17.035+0000][68][gc,heap     ] GC(518) Eden regions: 21->0(21)
[2023-02-09T15:55:17.035+0000][68][gc,heap     ] GC(518) Survivor regions: 1->1(3)
[2023-02-09T15:55:17.035+0000][68][gc,heap     ] GC(518) Old regions: 26->26
[2023-02-09T15:55:17.036+0000][68][gc,heap     ] GC(518) Archive regions: 2->2
[2023-02-09T15:55:17.036+0000][68][gc,heap     ] GC(518) Humongous regions: 2->2
[2023-02-09T15:55:17.037+0000][68][gc,metaspace] GC(518) Metaspace: 143448K(146496K)->143448K(146496K) NonClass: 125247K(126464K)->125247K(126464K) Class: 18200K(20032K)->18200K(20032K)
[2023-02-09T15:55:17.037+0000][68][gc          ] GC(518) Pause Young (Normal) (G1 Evacuation Pause) 202M->117M(256M) 19.283ms
[2023-02-09T15:55:17.038+0000][68][gc,cpu      ] GC(518) User=0.01s Sys=0.00s Real=0.02s
[2023-02-09T15:55:17.038+0000][68][safepoint   ] Safepoint "G1CollectForAllocation", Time since last: 14535582887 ns, Reaching safepoint: 125508 ns, At safepoint: 20216927 ns, Total: 20342435 ns
[2023-02-09T15:55:42.973+0000][68][gc,start    ] GC(519) Pause Young (Concurrent Start) (G1 Evacuation Pause)
[2023-02-09T15:55:42.976+0000][68][gc,task     ] GC(519) Using 4 workers of 4 for evacuation
[2023-02-09T15:55:42.978+0000][68][gc,age      ] GC(519) Desired survivor size 6291456 bytes, new threshold 15 (max threshold 15)
[2023-02-09T15:55:42.985+0000][68][gc,phases   ] GC(519)   Pre Evacuate Collection Set: 0.8ms
[2023-02-09T15:55:42.986+0000][68][gc,phases   ] GC(519)   Merge Heap Roots: 0.2ms
[2023-02-09T15:55:42.987+0000][68][gc,phases   ] GC(519)   Evacuate Collection Set: 2.5ms
[2023-02-09T15:55:42.988+0000][68][gc,phases   ] GC(519)   Post Evacuate Collection Set: 1.5ms
[2023-02-09T15:55:42.989+0000][68][gc,phases   ] GC(519)   Other: 3.8ms
[2023-02-09T15:55:42.990+0000][68][gc,age      ] GC(519) Age table with threshold 15 (max threshold 15)
[2023-02-09T15:55:42.990+0000][68][gc,age      ] GC(519) - age   1:     888512 bytes,     888512 total
[2023-02-09T15:55:42.991+0000][68][gc,age      ] GC(519) - age   2:       4384 bytes,     892896 total
[2023-02-09T15:55:42.992+0000][68][gc,age      ] GC(519) - age   3:      22616 bytes,     915512 total
[2023-02-09T15:55:42.993+0000][68][gc,age      ] GC(519) - age   4:     372848 bytes,    1288360 total
[2023-02-09T15:55:42.994+0000][68][gc,age      ] GC(519) - age   5:       1528 bytes,    1289888 total
[2023-02-09T15:55:42.994+0000][68][gc,age      ] GC(519) - age   6:      96544 bytes,    1386432 total
[2023-02-09T15:55:42.995+0000][68][gc,age      ] GC(519) - age   7:     331696 bytes,    1718128 total
[2023-02-09T15:55:42.995+0000][68][gc,age      ] GC(519) - age   8:      55864 bytes,    1773992 total
[2023-02-09T15:55:42.996+0000][68][gc,age      ] GC(519) - age   9:       6240 bytes,    1780232 total
[2023-02-09T15:55:42.997+0000][68][gc,age      ] GC(519) - age  10:     116952 bytes,    1897184 total
[2023-02-09T15:55:42.998+0000][68][gc,age      ] GC(519) - age  11:      27112 bytes,    1924296 total
[2023-02-09T15:55:42.998+0000][68][gc,age      ] GC(519) - age  12:       1648 bytes,    1925944 total
[2023-02-09T15:55:42.999+0000][68][gc,age      ] GC(519) - age  13:     154288 bytes,    2080232 total
[2023-02-09T15:55:43.000+0000][68][gc,age      ] GC(519) - age  14:      10568 bytes,    2090800 total
[2023-02-09T15:55:43.000+0000][68][gc,age      ] GC(519) - age  15:       3056 bytes,    2093856 total
[2023-02-09T15:55:43.001+0000][68][gc,heap     ] GC(519) Eden regions: 21->0(21)
[2023-02-09T15:55:43.002+0000][68][gc,heap     ] GC(519) Survivor regions: 1->1(3)
[2023-02-09T15:55:43.003+0000][68][gc,heap     ] GC(519) Old regions: 26->26
[2023-02-09T15:55:43.004+0000][68][gc,heap     ] GC(519) Archive regions: 2->2
[2023-02-09T15:55:43.004+0000][68][gc,heap     ] GC(519) Humongous regions: 2->2
[2023-02-09T15:55:43.005+0000][68][gc,metaspace] GC(519) Metaspace: 143454K(146496K)->143454K(146496K) NonClass: 125254K(126464K)->125254K(126464K) Class: 18200K(20032K)->18200K(20032K)
[2023-02-09T15:55:43.005+0000][68][gc          ] GC(519) Pause Young (Concurrent Start) (G1 Evacuation Pause) 201M->117M(256M) 31.948ms
[2023-02-09T15:55:43.006+0000][68][gc          ] GC(520) Concurrent Mark Cycle
[2023-02-09T15:55:43.006+0000][68][gc,marking  ] GC(520) Concurrent Clear Claimed Marks
[2023-02-09T15:55:43.006+0000][68][gc,cpu      ] GC(519) User=0.01s Sys=0.00s Real=0.03s
[2023-02-09T15:55:43.007+0000][68][gc,marking  ] GC(520) Concurrent Clear Claimed Marks 0.655ms
[2023-02-09T15:55:43.010+0000][68][gc,marking  ] GC(520) Concurrent Scan Root Regions
[2023-02-09T15:55:43.009+0000][68][safepoint   ] Safepoint "G1CollectForAllocation", Time since last: 25956819644 ns, Reaching safepoint: 399861 ns, At safepoint: 35472782 ns, Total: 35872643 ns
[2023-02-09T15:55:43.013+0000][68][gc,marking  ] GC(520) Concurrent Scan Root Regions 3.037ms
[2023-02-09T15:55:43.014+0000][68][gc,marking  ] GC(520) Concurrent Mark
[2023-02-09T15:55:43.014+0000][68][gc,marking  ] GC(520) Concurrent Mark From Roots
[2023-02-09T15:55:43.016+0000][68][gc,task     ] GC(520) Using 1 workers of 1 for marking
[2023-02-09T15:55:43.125+0000][68][gc,marking  ] GC(520) Concurrent Mark From Roots 110.715ms
[2023-02-09T15:55:43.126+0000][68][gc,marking  ] GC(520) Concurrent Preclean
[2023-02-09T15:55:43.127+0000][68][gc,marking  ] GC(520) Concurrent Preclean 0.993ms
[2023-02-09T15:55:43.128+0000][68][gc,start    ] GC(520) Pause Remark
[2023-02-09T15:55:43.142+0000][68][gc          ] GC(520) Pause Remark 118M->118M(256M) 13.980ms
[2023-02-09T15:55:43.143+0000][68][gc,cpu      ] GC(520) User=0.04s Sys=0.01s Real=0.01s
[2023-02-09T15:55:43.144+0000][68][safepoint   ] Safepoint "G1PauseRemark", Time since last: 118995351 ns, Reaching safepoint: 225075 ns, At safepoint: 15658639 ns, Total: 15883714 ns
[2023-02-09T15:55:43.144+0000][68][gc,marking  ] GC(520) Concurrent Mark 130.733ms
[2023-02-09T15:55:43.145+0000][68][gc,marking  ] GC(520) Concurrent Rebuild Remembered Sets
[2023-02-09T15:55:43.198+0000][68][gc,marking  ] GC(520) Concurrent Rebuild Remembered Sets 52.650ms
[2023-02-09T15:55:43.199+0000][68][gc,start    ] GC(520) Pause Cleanup
[2023-02-09T15:55:43.200+0000][68][gc          ] GC(520) Pause Cleanup 118M->118M(256M) 0.823ms
[2023-02-09T15:55:43.200+0000][68][gc,cpu      ] GC(520) User=0.00s Sys=0.00s Real=0.00s
[2023-02-09T15:55:43.201+0000][68][safepoint   ] Safepoint "G1PauseCleanup", Time since last: 55024990 ns, Reaching safepoint: 90528 ns, At safepoint: 2257383 ns, Total: 2347911 ns
[2023-02-09T15:55:43.202+0000][68][gc,marking  ] GC(520) Concurrent Cleanup for Next Mark
[2023-02-09T15:55:43.202+0000][68][gc,marking  ] GC(520) Concurrent Cleanup for Next Mark 0.828ms
[2023-02-09T15:55:43.203+0000][68][gc          ] GC(520) Concurrent Mark Cycle 196.884ms
[2023-02-09T15:56:11.858+0000][68][gc,start    ] GC(521) Pause Young (Normal) (G1 Evacuation Pause)
[2023-02-09T15:56:11.860+0000][68][gc,task     ] GC(521) Using 4 workers of 4 for evacuation
[2023-02-09T15:56:11.861+0000][68][gc,age      ] GC(521) Desired survivor size 6291456 bytes, new threshold 15 (max threshold 15)
[2023-02-09T15:56:11.865+0000][68][gc,phases   ] GC(521)   Pre Evacuate Collection Set: 0.3ms
[2023-02-09T15:56:11.867+0000][68][gc,phases   ] GC(521)   Merge Heap Roots: 0.1ms
[2023-02-09T15:56:11.868+0000][68][gc,phases   ] GC(521)   Evacuate Collection Set: 2.3ms
[2023-02-09T15:56:11.869+0000][68][gc,phases   ] GC(521)   Post Evacuate Collection Set: 1.1ms
[2023-02-09T15:56:11.869+0000][68][gc,phases   ] GC(521)   Other: 2.0ms
[2023-02-09T15:56:11.870+0000][68][gc,age      ] GC(521) Age table with threshold 15 (max threshold 15)
[2023-02-09T15:56:11.872+0000][68][gc,age      ] GC(521) - age   1:    1160224 bytes,    1160224 total
[2023-02-09T15:56:11.873+0000][68][gc,age      ] GC(521) - age   2:     175904 bytes,    1336128 total
[2023-02-09T15:56:11.873+0000][68][gc,age      ] GC(521) - age   3:       3424 bytes,    1339552 total
[2023-02-09T15:56:11.874+0000][68][gc,age      ] GC(521) - age   4:      22048 bytes,    1361600 total
[2023-02-09T15:56:11.875+0000][68][gc,age      ] GC(521) - age   5:     372656 bytes,    1734256 total
[2023-02-09T15:56:11.875+0000][68][gc,age      ] GC(521) - age   6:        904 bytes,    1735160 total
[2023-02-09T15:56:11.876+0000][68][gc,age      ] GC(521) - age   7:      55680 bytes,    1790840 total
[2023-02-09T15:56:11.876+0000][68][gc,age      ] GC(521) - age   8:     331504 bytes,    2122344 total
[2023-02-09T15:56:11.877+0000][68][gc,age      ] GC(521) - age   9:      39712 bytes,    2162056 total
[2023-02-09T15:56:11.878+0000][68][gc,age      ] GC(521) - age  10:       6240 bytes,    2168296 total
[2023-02-09T15:56:11.879+0000][68][gc,age      ] GC(521) - age  11:     116952 bytes,    2285248 total
[2023-02-09T15:56:11.879+0000][68][gc,age      ] GC(521) - age  12:       2528 bytes,    2287776 total
[2023-02-09T15:56:11.880+0000][68][gc,age      ] GC(521) - age  13:       1648 bytes,    2289424 total
[2023-02-09T15:56:11.880+0000][68][gc,age      ] GC(521) - age  14:     154264 bytes,    2443688 total
[2023-02-09T15:56:11.881+0000][68][gc,age      ] GC(521) - age  15:      10568 bytes,    2454256 total
[2023-02-09T15:56:11.882+0000][68][gc,heap     ] GC(521) Eden regions: 21->0(22)
[2023-02-09T15:56:11.882+0000][68][gc,heap     ] GC(521) Survivor regions: 1->1(3)
[2023-02-09T15:56:11.883+0000][68][gc,heap     ] GC(521) Old regions: 26->26
[2023-02-09T15:56:11.883+0000][68][gc,heap     ] GC(521) Archive regions: 2->2
[2023-02-09T15:56:11.884+0000][68][gc,heap     ] GC(521) Humongous regions: 2->2
[2023-02-09T15:56:11.884+0000][68][gc,metaspace] GC(521) Metaspace: 143485K(146560K)->143485K(146560K) NonClass: 125284K(126528K)->125284K(126528K) Class: 18200K(20032K)->18200K(20032K)
[2023-02-09T15:56:11.885+0000][68][gc          ] GC(521) Pause Young (Normal) (G1 Evacuation Pause) 201M->117M(256M) 26.669ms
[2023-02-09T15:56:11.886+0000][68][gc,cpu      ] GC(521) User=0.01s Sys=0.01s Real=0.02s
[2023-02-09T15:56:11.886+0000][68][safepoint   ] Safepoint "G1CollectForAllocation", Time since last: 28678526840 ns, Reaching safepoint: 403512 ns, At safepoint: 27976110 ns, Total: 28379622 ns
[2023-02-09T15:56:23.876+0000][68][safepoint   ] Safepoint "Cleanup", Time since last: 12010474084 ns, Reaching safepoint: 346083 ns, At safepoint: 12606 ns, Total: 358689 ns
[2023-02-09T15:56:29.884+0000][68][safepoint   ] Safepoint "Cleanup", Time since last: 6007562919 ns, Reaching safepoint: 275783 ns, At safepoint: 45510 ns, Total: 321293 ns
[2023-02-09T15:56:33.886+0000][68][safepoint   ] Safepoint "Cleanup", Time since last: 4001886509 ns, Reaching safepoint: 151367 ns, At safepoint: 3910 ns, Total: 155277 ns
[2023-02-09T15:56:34.887+0000][68][gc,start    ] GC(522) Pause Young (Concurrent Start) (G1 Evacuation Pause)
[2023-02-09T15:56:34.888+0000][68][gc,task     ] GC(522) Using 4 workers of 4 for evacuation
[2023-02-09T15:56:34.890+0000][68][gc,age      ] GC(522) Desired survivor size 6291456 bytes, new threshold 15 (max threshold 15)
[2023-02-09T15:56:34.895+0000][68][gc,phases   ] GC(522)   Pre Evacuate Collection Set: 0.5ms
[2023-02-09T15:56:34.896+0000][68][gc,phases   ] GC(522)   Merge Heap Roots: 0.2ms
[2023-02-09T15:56:34.897+0000][68][gc,phases   ] GC(522)   Evacuate Collection Set: 1.8ms
[2023-02-09T15:56:34.899+0000][68][gc,phases   ] GC(522)   Post Evacuate Collection Set: 1.3ms
[2023-02-09T15:56:34.899+0000][68][gc,phases   ] GC(522)   Other: 2.4ms
[2023-02-09T15:56:34.900+0000][68][gc,age      ] GC(522) Age table with threshold 15 (max threshold 15)
[2023-02-09T15:56:34.901+0000][68][gc,age      ] GC(522) - age   1:    1144448 bytes,    1144448 total
[2023-02-09T15:56:34.902+0000][68][gc,age      ] GC(522) - age   2:       7872 bytes,    1152320 total
[2023-02-09T15:56:34.903+0000][68][gc,age      ] GC(522) - age   3:     170376 bytes,    1322696 total
[2023-02-09T15:56:34.904+0000][68][gc,age      ] GC(522) - age   4:        464 bytes,    1323160 total
[2023-02-09T15:56:34.904+0000][68][gc,age      ] GC(522) - age   5:       2928 bytes,    1326088 total
[2023-02-09T15:56:34.905+0000][68][gc,age      ] GC(522) - age   6:      19688 bytes,    1345776 total
[2023-02-09T15:56:34.906+0000][68][gc,age      ] GC(522) - age   7:        888 bytes,    1346664 total
[2023-02-09T15:56:34.907+0000][68][gc,age      ] GC(522) - age   8:      55624 bytes,    1402288 total
[2023-02-09T15:56:34.907+0000][68][gc,age      ] GC(522) - age   9:      13040 bytes,    1415328 total
[2023-02-09T15:56:34.908+0000][68][gc,age      ] GC(522) - age  10:      39712 bytes,    1455040 total
[2023-02-09T15:56:34.908+0000][68][gc,age      ] GC(522) - age  11:       1800 bytes,    1456840 total
[2023-02-09T15:56:34.909+0000][68][gc,age      ] GC(522) - age  12:       1312 bytes,    1458152 total
[2023-02-09T15:56:34.909+0000][68][gc,age      ] GC(522) - age  13:       2528 bytes,    1460680 total
[2023-02-09T15:56:34.910+0000][68][gc,age      ] GC(522) - age  14:       1648 bytes,    1462328 total
[2023-02-09T15:56:34.910+0000][68][gc,age      ] GC(522) - age  15:     154264 bytes,    1616592 total
[2023-02-09T15:56:34.911+0000][68][gc,heap     ] GC(522) Eden regions: 22->0(22)
[2023-02-09T15:56:34.911+0000][68][gc,heap     ] GC(522) Survivor regions: 1->1(3)
[2023-02-09T15:56:34.912+0000][68][gc,heap     ] GC(522) Old regions: 26->26
[2023-02-09T15:56:34.912+0000][68][gc,heap     ] GC(522) Archive regions: 2->2
[2023-02-09T15:56:34.913+0000][68][gc,heap     ] GC(522) Humongous regions: 2->2
[2023-02-09T15:56:34.913+0000][68][gc,metaspace] GC(522) Metaspace: 143494K(146560K)->143494K(146560K) NonClass: 125293K(126528K)->125293K(126528K) Class: 18200K(20032K)->18200K(20032K)
[2023-02-09T15:56:34.914+0000][68][gc          ] GC(522) Pause Young (Concurrent Start) (G1 Evacuation Pause) 205M->117M(256M) 27.281ms
[2023-02-09T15:56:34.915+0000][68][gc          ] GC(523) Concurrent Mark Cycle
[2023-02-09T15:56:34.915+0000][68][gc,marking  ] GC(523) Concurrent Clear Claimed Marks
[2023-02-09T15:56:34.915+0000][68][gc,cpu      ] GC(522) User=0.00s Sys=0.00s Real=0.02s
[2023-02-09T15:56:34.916+0000][68][safepoint   ] Safepoint "G1CollectForAllocation", Time since last: 1000799755 ns, Reaching safepoint: 161708 ns, At safepoint: 29128867 ns, Total: 29290575 ns
[2023-02-09T15:56:34.915+0000][68][gc,marking  ] GC(523) Concurrent Clear Claimed Marks 0.534ms
[2023-02-09T15:56:34.917+0000][68][gc,marking  ] GC(523) Concurrent Scan Root Regions
[2023-02-09T15:56:34.920+0000][68][gc,marking  ] GC(523) Concurrent Scan Root Regions 3.139ms
[2023-02-09T15:56:34.921+0000][68][gc,marking  ] GC(523) Concurrent Mark
[2023-02-09T15:56:34.921+0000][68][gc,marking  ] GC(523) Concurrent Mark From Roots
[2023-02-09T15:56:34.922+0000][68][gc,task     ] GC(523) Using 1 workers of 1 for marking
[2023-02-09T15:56:35.060+0000][68][gc,marking  ] GC(523) Concurrent Mark From Roots 138.412ms
[2023-02-09T15:56:35.060+0000][68][gc,marking  ] GC(523) Concurrent Preclean
[2023-02-09T15:56:35.061+0000][68][gc,marking  ] GC(523) Concurrent Preclean 0.913ms
[2023-02-09T15:56:35.062+0000][68][gc,start    ] GC(523) Pause Remark
[2023-02-09T15:56:35.075+0000][68][gc          ] GC(523) Pause Remark 120M->120M(256M) 12.757ms
[2023-02-09T15:56:35.076+0000][68][gc,cpu      ] GC(523) User=0.03s Sys=0.00s Real=0.02s
[2023-02-09T15:56:35.077+0000][68][safepoint   ] Safepoint "G1PauseRemark", Time since last: 146149679 ns, Reaching safepoint: 394037 ns, At safepoint: 14231668 ns, Total: 14625705 ns
[2023-02-09T15:56:35.077+0000][68][gc,marking  ] GC(523) Concurrent Mark 156.773ms
[2023-02-09T15:56:35.078+0000][68][gc,marking  ] GC(523) Concurrent Rebuild Remembered Sets
[2023-02-09T15:56:35.142+0000][68][gc,marking  ] GC(523) Concurrent Rebuild Remembered Sets 63.878ms
[2023-02-09T15:56:35.143+0000][68][gc,start    ] GC(523) Pause Cleanup
[2023-02-09T15:56:35.144+0000][68][gc          ] GC(523) Pause Cleanup 121M->121M(256M) 0.596ms
[2023-02-09T15:56:35.144+0000][68][gc,cpu      ] GC(523) User=0.00s Sys=0.00s Real=0.00s
[2023-02-09T15:56:35.145+0000][68][safepoint   ] Safepoint "G1PauseCleanup", Time since last: 66605832 ns, Reaching safepoint: 80239 ns, At safepoint: 1923811 ns, Total: 2004050 ns
[2023-02-09T15:56:35.146+0000][68][gc,marking  ] GC(523) Concurrent Cleanup for Next Mark
[2023-02-09T15:56:35.147+0000][68][gc,marking  ] GC(523) Concurrent Cleanup for Next Mark 0.846ms
[2023-02-09T15:56:35.147+0000][68][gc          ] GC(523) Concurrent Mark Cycle 232.666ms
[2023-02-09T15:56:37.147+0000][68][safepoint   ] Safepoint "Cleanup", Time since last: 2001631497 ns, Reaching safepoint: 152568 ns, At safepoint: 4460 ns, Total: 157028 ns
[2023-02-09T15:57:00.147+0000][68][safepoint   ] Safepoint "Cleanup", Time since last: 23020946844 ns, Reaching safepoint: 1256943 ns, At safepoint: 50552 ns, Total: 1307495 ns
[2023-02-09T15:57:01.152+0000][68][safepoint   ] Safepoint "Cleanup", Time since last: 1004044602 ns, Reaching safepoint: 789892 ns, At safepoint: 41828 ns, Total: 831720 ns
[2023-02-09T15:57:02.157+0000][68][safepoint   ] Safepoint "Cleanup", Time since last: 1003729375 ns, Reaching safepoint: 775179 ns, At safepoint: 17244 ns, Total: 792423 ns
[2023-02-09T15:57:04.896+0000][68][gc,start    ] GC(524) Pause Young (Normal) (G1 Evacuation Pause)
[2023-02-09T15:57:04.896+0000][68][gc,task     ] GC(524) Using 4 workers of 4 for evacuation
[2023-02-09T15:57:04.897+0000][68][gc,age      ] GC(524) Desired survivor size 6291456 bytes, new threshold 15 (max threshold 15)
[2023-02-09T15:57:04.903+0000][68][gc,phases   ] GC(524)   Pre Evacuate Collection Set: 0.1ms
[2023-02-09T15:57:04.904+0000][68][gc,phases   ] GC(524)   Merge Heap Roots: 0.2ms
[2023-02-09T15:57:04.905+0000][68][gc,phases   ] GC(524)   Evacuate Collection Set: 3.9ms
[2023-02-09T15:57:04.906+0000][68][gc,phases   ] GC(524)   Post Evacuate Collection Set: 1.0ms
[2023-02-09T15:57:04.907+0000][68][gc,phases   ] GC(524)   Other: 1.7ms
[2023-02-09T15:57:04.907+0000][68][gc,age      ] GC(524) Age table with threshold 15 (max threshold 15)
[2023-02-09T15:57:04.908+0000][68][gc,age      ] GC(524) - age   1:    1455984 bytes,    1455984 total
[2023-02-09T15:57:04.909+0000][68][gc,age      ] GC(524) - age   2:     192968 bytes,    1648952 total
[2023-02-09T15:57:04.909+0000][68][gc,age      ] GC(524) - age   3:        784 bytes,    1649736 total
[2023-02-09T15:57:04.910+0000][68][gc,age      ] GC(524) - age   4:     170224 bytes,    1819960 total
[2023-02-09T15:57:04.910+0000][68][gc,age      ] GC(524) - age   5:        400 bytes,    1820360 total
[2023-02-09T15:57:04.911+0000][68][gc,age      ] GC(524) - age   6:       2336 bytes,    1822696 total
[2023-02-09T15:57:04.911+0000][68][gc,age      ] GC(524) - age   7:      19432 bytes,    1842128 total
[2023-02-09T15:57:04.912+0000][68][gc,age      ] GC(524) - age   8:        824 bytes,    1842952 total
[2023-02-09T15:57:04.912+0000][68][gc,age      ] GC(524) - age   9:      55624 bytes,    1898576 total
[2023-02-09T15:57:04.913+0000][68][gc,age      ] GC(524) - age  10:      12976 bytes,    1911552 total
[2023-02-09T15:57:04.913+0000][68][gc,age      ] GC(524) - age  11:      39712 bytes,    1951264 total
[2023-02-09T15:57:04.914+0000][68][gc,age      ] GC(524) - age  12:       1800 bytes,    1953064 total
[2023-02-09T15:57:04.915+0000][68][gc,age      ] GC(524) - age  13:       1312 bytes,    1954376 total
[2023-02-09T15:57:04.915+0000][68][gc,age      ] GC(524) - age  14:       2528 bytes,    1956904 total
[2023-02-09T15:57:04.915+0000][68][gc,age      ] GC(524) - age  15:       1648 bytes,    1958552 total
[2023-02-09T15:57:04.916+0000][68][gc,heap     ] GC(524) Eden regions: 22->0(21)
[2023-02-09T15:57:04.916+0000][68][gc,heap     ] GC(524) Survivor regions: 1->1(3)
[2023-02-09T15:57:04.917+0000][68][gc,heap     ] GC(524) Old regions: 26->26
[2023-02-09T15:57:04.918+0000][68][gc,heap     ] GC(524) Archive regions: 2->2
[2023-02-09T15:57:04.919+0000][68][gc,heap     ] GC(524) Humongous regions: 2->2
[2023-02-09T15:57:04.919+0000][68][gc,metaspace] GC(524) Metaspace: 143501K(146560K)->143501K(146560K) NonClass: 125300K(126528K)->125300K(126528K) Class: 18200K(20032K)->18200K(20032K)
[2023-02-09T15:57:04.920+0000][68][gc          ] GC(524) Pause Young (Normal) (G1 Evacuation Pause) 205M->117M(256M) 24.021ms
[2023-02-09T15:57:04.920+0000][68][gc,cpu      ] GC(524) User=0.01s Sys=0.00s Real=0.02s
[2023-02-09T15:57:04.920+0000][68][safepoint   ] Safepoint "G1CollectForAllocation", Time since last: 2738658007 ns, Reaching safepoint: 84073 ns, At safepoint: 24991716 ns, Total: 25075789 ns
[2023-02-09T15:57:26.887+0000][68][gc,start    ] GC(525) Pause Young (Concurrent Start) (G1 Evacuation Pause)
[2023-02-09T15:57:26.889+0000][68][gc,task     ] GC(525) Using 4 workers of 4 for evacuation
[2023-02-09T15:57:26.890+0000][68][gc,age      ] GC(525) Desired survivor size 6291456 bytes, new threshold 15 (max threshold 15)
[2023-02-09T15:57:26.897+0000][68][gc,phases   ] GC(525)   Pre Evacuate Collection Set: 0.5ms
[2023-02-09T15:57:26.899+0000][68][gc,phases   ] GC(525)   Merge Heap Roots: 0.2ms
[2023-02-09T15:57:26.923+0000][68][gc,phases   ] GC(525)   Evacuate Collection Set: 2.7ms
[2023-02-09T15:57:26.941+0000][68][gc,phases   ] GC(525)   Post Evacuate Collection Set: 1.9ms
[2023-02-09T15:57:26.942+0000][68][gc,phases   ] GC(525)   Other: 3.0ms
[2023-02-09T15:57:26.943+0000][68][gc,age      ] GC(525) Age table with threshold 15 (max threshold 15)
[2023-02-09T15:57:26.961+0000][68][gc,age      ] GC(525) - age   1:     168472 bytes,     168472 total
[2023-02-09T15:57:26.999+0000][68][gc,age      ] GC(525) - age   2:      39368 bytes,     207840 total
[2023-02-09T15:57:27.000+0000][68][gc,age      ] GC(525) - age   3:     183776 bytes,     391616 total
[2023-02-09T15:57:27.001+0000][68][gc,age      ] GC(525) - age   4:        464 bytes,     392080 total
[2023-02-09T15:57:27.002+0000][68][gc,age      ] GC(525) - age   5:     170224 bytes,     562304 total
[2023-02-09T15:57:27.003+0000][68][gc,age      ] GC(525) - age   6:        400 bytes,     562704 total
[2023-02-09T15:57:27.005+0000][68][gc,age      ] GC(525) - age   7:       2336 bytes,     565040 total
[2023-02-09T15:57:27.006+0000][68][gc,age      ] GC(525) - age   8:      19240 bytes,     584280 total
[2023-02-09T15:57:27.007+0000][68][gc,age      ] GC(525) - age   9:        824 bytes,     585104 total
[2023-02-09T15:57:27.008+0000][68][gc,age      ] GC(525) - age  10:      55624 bytes,     640728 total
[2023-02-09T15:57:27.008+0000][68][gc,age      ] GC(525) - age  11:      12912 bytes,     653640 total
[2023-02-09T15:57:27.010+0000][68][gc,age      ] GC(525) - age  12:      39712 bytes,     693352 total
[2023-02-09T15:57:27.011+0000][68][gc,age      ] GC(525) - age  13:       1736 bytes,     695088 total
[2023-02-09T15:57:27.012+0000][68][gc,age      ] GC(525) - age  14:       1312 bytes,     696400 total
[2023-02-09T15:57:27.013+0000][68][gc,age      ] GC(525) - age  15:       2528 bytes,     698928 total
[2023-02-09T15:57:27.014+0000][68][gc,heap     ] GC(525) Eden regions: 21->0(22)
[2023-02-09T15:57:27.015+0000][68][gc,heap     ] GC(525) Survivor regions: 1->1(3)
[2023-02-09T15:57:27.016+0000][68][gc,heap     ] GC(525) Old regions: 26->26
[2023-02-09T15:57:27.017+0000][68][gc,heap     ] GC(525) Archive regions: 2->2
[2023-02-09T15:57:27.018+0000][68][gc,heap     ] GC(525) Humongous regions: 2->2
[2023-02-09T15:57:27.019+0000][68][gc,metaspace] GC(525) Metaspace: 143529K(146560K)->143529K(146560K) NonClass: 125328K(126528K)->125328K(126528K) Class: 18200K(20032K)->18200K(20032K)
[2023-02-09T15:57:27.019+0000][68][gc          ] GC(525) Pause Young (Concurrent Start) (G1 Evacuation Pause) 201M->116M(256M) 132.112ms
[2023-02-09T15:57:27.020+0000][68][gc          ] GC(526) Concurrent Mark Cycle
[2023-02-09T15:57:27.021+0000][68][gc,marking  ] GC(526) Concurrent Clear Claimed Marks
[2023-02-09T15:57:27.022+0000][68][gc,marking  ] GC(526) Concurrent Clear Claimed Marks 0.783ms
[2023-02-09T15:57:27.023+0000][68][gc,marking  ] GC(526) Concurrent Scan Root Regions
[2023-02-09T15:57:27.020+0000][68][gc,cpu      ] GC(525) User=0.01s Sys=0.00s Real=0.14s
[2023-02-09T15:57:27.027+0000][68][safepoint   ] Safepoint "G1CollectForAllocation", Time since last: 21991798094 ns, Reaching safepoint: 232298 ns, At safepoint: 139407002 ns, Total: 139639300 ns
[2023-02-09T15:57:27.026+0000][68][gc,marking  ] GC(526) Concurrent Scan Root Regions 2.383ms
[2023-02-09T15:57:27.029+0000][68][gc,marking  ] GC(526) Concurrent Mark
[2023-02-09T15:57:27.030+0000][68][gc,marking  ] GC(526) Concurrent Mark From Roots
[2023-02-09T15:57:27.030+0000][68][gc,task     ] GC(526) Using 1 workers of 1 for marking
[2023-02-09T15:57:27.133+0000][68][gc,marking  ] GC(526) Concurrent Mark From Roots 103.160ms
[2023-02-09T15:57:27.134+0000][68][gc,marking  ] GC(526) Concurrent Preclean
[2023-02-09T15:57:27.135+0000][68][gc,marking  ] GC(526) Concurrent Preclean 1.065ms
[2023-02-09T15:57:27.136+0000][68][gc,start    ] GC(526) Pause Remark
[2023-02-09T15:57:27.153+0000][68][gc          ] GC(526) Pause Remark 117M->117M(256M) 17.334ms
[2023-02-09T15:57:27.154+0000][68][gc,cpu      ] GC(526) User=0.04s Sys=0.00s Real=0.02s
[2023-02-09T15:57:27.154+0000][68][safepoint   ] Safepoint "G1PauseRemark", Time since last: 109037346 ns, Reaching safepoint: 57868 ns, At safepoint: 18654155 ns, Total: 18712023 ns
[2023-02-09T15:57:27.155+0000][68][gc,marking  ] GC(526) Concurrent Mark 125.816ms
[2023-02-09T15:57:27.155+0000][68][gc,marking  ] GC(526) Concurrent Rebuild Remembered Sets
[2023-02-09T15:57:27.208+0000][68][gc,marking  ] GC(526) Concurrent Rebuild Remembered Sets 52.552ms
[2023-02-09T15:57:27.209+0000][68][gc,start    ] GC(526) Pause Cleanup
[2023-02-09T15:57:27.210+0000][68][gc          ] GC(526) Pause Cleanup 117M->117M(256M) 1.091ms
[2023-02-09T15:57:27.211+0000][68][gc,cpu      ] GC(526) User=0.00s Sys=0.00s Real=0.00s
[2023-02-09T15:57:27.211+0000][68][safepoint   ] Safepoint "G1PauseCleanup", Time since last: 54853136 ns, Reaching safepoint: 66839 ns, At safepoint: 2023864 ns, Total: 2090703 ns
[2023-02-09T15:57:27.212+0000][68][gc,marking  ] GC(526) Concurrent Cleanup for Next Mark
[2023-02-09T15:57:27.213+0000][68][gc,marking  ] GC(526) Concurrent Cleanup for Next Mark 0.903ms
[2023-02-09T15:57:27.214+0000][68][gc          ] GC(526) Concurrent Mark Cycle 193.502ms
[2023-02-09T15:57:47.214+0000][68][safepoint   ] Safepoint "Cleanup", Time since last: 20025870501 ns, Reaching safepoint: 285736 ns, At safepoint: 90899 ns, Total: 376635 ns
[2023-02-09T15:57:48.768+0000][68][safepoint   ] Safepoint "Cleanup", Time since last: 1553069581 ns, Reaching safepoint: 656111 ns, At safepoint: 15713 ns, Total: 671824 ns
[2023-02-09T15:57:49.374+0000][68][gc,heap,exit] Heap
[2023-02-09T15:57:49.375+0000][68][gc,heap,exit]  garbage-first heap   total 262144K, used 184314K [0x00000000f0000000, 0x0000000100000000)
[2023-02-09T15:57:49.377+0000][68][gc,heap,exit]   region size 4096K, 17 young (69632K), 1 survivors (4096K)
[2023-02-09T15:57:49.379+0000][68][gc,heap,exit]  Metaspace       used 144423K, committed 147328K, reserved 1179648K
[2023-02-09T15:57:49.380+0000][68][gc,heap,exit]   class space    used 18371K, committed 20032K, reserved 1048576K
