[2023-03-15T04:17:39.623+0000][69][gc,init] CardTable entry size: 512
[2023-03-15T04:17:39.625+0000][69][gc     ] Using G1
[2023-03-15T04:17:39.707+0000][69][gc,init] Version: 19.0.1+10-21 (release)
[2023-03-15T04:17:39.708+0000][69][gc,init] CPUs: 4 total, 4 available
[2023-03-15T04:17:39.709+0000][69][gc,init] Memory: 7860M
[2023-03-15T04:17:39.711+0000][69][gc,init] Large Page Support: Disabled
[2023-03-15T04:17:39.712+0000][69][gc,init] NUMA Support: Disabled
[2023-03-15T04:17:39.712+0000][69][gc,init] Compressed Oops: Enabled (32-bit)
[2023-03-15T04:17:39.713+0000][69][gc,init] Heap Region Size: 4M
[2023-03-15T04:17:39.714+0000][69][gc,init] Heap Min Capacity: 256M
[2023-03-15T04:17:39.716+0000][69][gc,init] Heap Initial Capacity: 256M
[2023-03-15T04:17:39.716+0000][69][gc,init] Heap Max Capacity: 256M
[2023-03-15T04:17:39.717+0000][69][gc,init] Pre-touch: Enabled
[2023-03-15T04:17:39.718+0000][69][gc,init] Parallel Workers: 4
[2023-03-15T04:17:39.719+0000][69][gc,init] Concurrent Workers: 1
[2023-03-15T04:17:39.720+0000][69][gc,init] Concurrent Refinement Workers: 4
[2023-03-15T04:17:39.721+0000][69][gc,init] Periodic GC: Disabled
[2023-03-15T04:17:39.723+0000][69][gc,metaspace] CDS archive(s) mapped at: [0x0000000800000000-0x0000000800c4f000-0x0000000800c4f000), size 12906496, SharedBaseAddress: 0x0000000800000000, ArchiveRelocationMode: 0.
[2023-03-15T04:17:39.724+0000][69][gc,metaspace] Compressed class space mapped at: 0x0000000801000000-0x0000000841000000, reserved size: 1073741824
[2023-03-15T04:17:39.725+0000][69][gc,metaspace] Narrow klass base: 0x0000000800000000, Narrow klass shift: 0, Narrow klass range: 0x100000000
[2023-03-15T04:17:40.178+0000][69][gc,start    ] GC(0) Pause Young (Normal) (G1 Evacuation Pause)
[2023-03-15T04:17:40.179+0000][69][gc,task     ] GC(0) Using 4 workers of 4 for evacuation
[2023-03-15T04:17:40.180+0000][69][gc,age      ] GC(0) Desired survivor size 2097152 bytes, new threshold 15 (max threshold 15)
[2023-03-15T04:17:40.183+0000][69][gc,phases   ] GC(0)   Pre Evacuate Collection Set: 0.1ms
[2023-03-15T04:17:40.184+0000][69][gc,phases   ] GC(0)   Merge Heap Roots: 0.1ms
[2023-03-15T04:17:40.184+0000][69][gc,phases   ] GC(0)   Evacuate Collection Set: 1.8ms
[2023-03-15T04:17:40.185+0000][69][gc,phases   ] GC(0)   Post Evacuate Collection Set: 0.6ms
[2023-03-15T04:17:40.186+0000][69][gc,phases   ] GC(0)   Other: 1.6ms
[2023-03-15T04:17:40.187+0000][69][gc,age      ] GC(0) Age table with threshold 15 (max threshold 15)
[2023-03-15T04:17:40.188+0000][69][gc,age      ] GC(0) - age   1:    1502264 bytes,    1502264 total
[2023-03-15T04:17:40.191+0000][69][gc,heap     ] GC(0) Eden regions: 3->0(10)
[2023-03-15T04:17:40.191+0000][69][gc,heap     ] GC(0) Survivor regions: 0->1(1)
[2023-03-15T04:17:40.192+0000][69][gc,heap     ] GC(0) Old regions: 0->0
[2023-03-15T04:17:40.192+0000][69][gc,heap     ] GC(0) Archive regions: 2->2
[2023-03-15T04:17:40.193+0000][69][gc,heap     ] GC(0) Humongous regions: 0->0
[2023-03-15T04:17:40.193+0000][69][gc,metaspace] GC(0) Metaspace: 704K(896K)->704K(896K) NonClass: 659K(768K)->659K(768K) Class: 44K(128K)->44K(128K)
[2023-03-15T04:17:40.195+0000][69][gc          ] GC(0) Pause Young (Normal) (G1 Evacuation Pause) 15M->5M(256M) 16.705ms
[2023-03-15T04:17:40.195+0000][69][gc,cpu      ] GC(0) User=0.01s Sys=0.00s Real=0.01s
[2023-03-15T04:17:40.196+0000][69][safepoint   ] Safepoint "G1CollectForAllocation", Time since last: 435749163 ns, Reaching safepoint: 710392 ns, At safepoint: 18513568 ns, Total: 19223960 ns
[2023-03-15T04:17:41.370+0000][69][safepoint   ] Safepoint "ICBufferFull", Time since last: 1173690032 ns, Reaching safepoint: 161949 ns, At safepoint: 68027 ns, Total: 229976 ns
[2023-03-15T04:17:42.288+0000][69][gc,start    ] GC(1) Pause Young (Normal) (G1 Evacuation Pause)
[2023-03-15T04:17:42.290+0000][69][gc,task     ] GC(1) Using 4 workers of 4 for evacuation
[2023-03-15T04:17:42.291+0000][69][gc,age      ] GC(1) Desired survivor size 4194304 bytes, new threshold 15 (max threshold 15)
[2023-03-15T04:17:42.297+0000][69][gc,phases   ] GC(1)   Pre Evacuate Collection Set: 0.1ms
[2023-03-15T04:17:42.299+0000][69][gc,phases   ] GC(1)   Merge Heap Roots: 0.0ms
[2023-03-15T04:17:42.300+0000][69][gc,phases   ] GC(1)   Evacuate Collection Set: 4.2ms
[2023-03-15T04:17:42.300+0000][69][gc,phases   ] GC(1)   Post Evacuate Collection Set: 0.6ms
[2023-03-15T04:17:42.301+0000][69][gc,phases   ] GC(1)   Other: 1.9ms
[2023-03-15T04:17:42.302+0000][69][gc,age      ] GC(1) Age table with threshold 15 (max threshold 15)
[2023-03-15T04:17:42.303+0000][69][gc,age      ] GC(1) - age   1:    4994168 bytes,    4994168 total
[2023-03-15T04:17:42.304+0000][69][gc,age      ] GC(1) - age   2:     406464 bytes,    5400632 total
[2023-03-15T04:17:42.305+0000][69][gc,heap     ] GC(1) Eden regions: 10->0(36)
[2023-03-15T04:17:42.306+0000][69][gc,heap     ] GC(1) Survivor regions: 1->2(2)
[2023-03-15T04:17:42.307+0000][69][gc,heap     ] GC(1) Old regions: 0->0
[2023-03-15T04:17:42.308+0000][69][gc,heap     ] GC(1) Archive regions: 2->2
[2023-03-15T04:17:42.309+0000][69][gc,heap     ] GC(1) Humongous regions: 0->0
[2023-03-15T04:17:42.310+0000][69][gc,metaspace] GC(1) Metaspace: 9227K(9600K)->9227K(9600K) NonClass: 8127K(8320K)->8127K(8320K) Class: 1100K(1280K)->1100K(1280K)
[2023-03-15T04:17:42.311+0000][69][gc          ] GC(1) Pause Young (Normal) (G1 Evacuation Pause) 45M->9M(256M) 22.507ms
[2023-03-15T04:17:42.311+0000][69][gc,cpu      ] GC(1) User=0.01s Sys=0.00s Real=0.02s
[2023-03-15T04:17:42.312+0000][69][safepoint   ] Safepoint "G1CollectForAllocation", Time since last: 917839448 ns, Reaching safepoint: 330101 ns, At safepoint: 23968878 ns, Total: 24298979 ns
[2023-03-15T04:17:42.842+0000][69][safepoint   ] Safepoint "ICBufferFull", Time since last: 529214482 ns, Reaching safepoint: 203427 ns, At safepoint: 25310 ns, Total: 228737 ns
[2023-03-15T04:17:43.308+0000][69][safepoint   ] Safepoint "ICBufferFull", Time since last: 465977202 ns, Reaching safepoint: 135798 ns, At safepoint: 3642 ns, Total: 139440 ns
[2023-03-15T04:17:43.863+0000][69][safepoint   ] Safepoint "ICBufferFull", Time since last: 554919021 ns, Reaching safepoint: 290128 ns, At safepoint: 32250 ns, Total: 322378 ns
[2023-03-15T04:17:44.146+0000][69][gc,start    ] GC(2) Pause Young (Normal) (G1 Evacuation Pause)
[2023-03-15T04:17:44.147+0000][69][gc,task     ] GC(2) Using 4 workers of 4 for evacuation
[2023-03-15T04:17:44.148+0000][69][gc,age      ] GC(2) Desired survivor size 10485760 bytes, new threshold 15 (max threshold 15)
[2023-03-15T04:17:44.162+0000][69][gc,phases   ] GC(2)   Pre Evacuate Collection Set: 0.1ms
[2023-03-15T04:17:44.163+0000][69][gc,phases   ] GC(2)   Merge Heap Roots: 0.0ms
[2023-03-15T04:17:44.163+0000][69][gc,phases   ] GC(2)   Evacuate Collection Set: 10.1ms
[2023-03-15T04:17:44.164+0000][69][gc,phases   ] GC(2)   Post Evacuate Collection Set: 3.1ms
[2023-03-15T04:17:44.164+0000][69][gc,phases   ] GC(2)   Other: 1.6ms
[2023-03-15T04:17:44.165+0000][69][gc,age      ] GC(2) Age table with threshold 15 (max threshold 15)
[2023-03-15T04:17:44.166+0000][69][gc,age      ] GC(2) - age   1:    6904464 bytes,    6904464 total
[2023-03-15T04:17:44.166+0000][69][gc,age      ] GC(2) - age   2:    4827824 bytes,   11732288 total
[2023-03-15T04:17:44.167+0000][69][gc,age      ] GC(2) - age   3:     405000 bytes,   12137288 total
[2023-03-15T04:17:44.168+0000][69][gc,heap     ] GC(2) Eden regions: 36->0(34)
[2023-03-15T04:17:44.168+0000][69][gc,heap     ] GC(2) Survivor regions: 2->3(5)
[2023-03-15T04:17:44.169+0000][69][gc,heap     ] GC(2) Old regions: 0->0
[2023-03-15T04:17:44.170+0000][69][gc,heap     ] GC(2) Archive regions: 2->2
[2023-03-15T04:17:44.170+0000][69][gc,heap     ] GC(2) Humongous regions: 0->0
[2023-03-15T04:17:44.171+0000][69][gc,metaspace] GC(2) Metaspace: 18318K(18752K)->18318K(18752K) NonClass: 16257K(16448K)->16257K(16448K) Class: 2061K(2304K)->2061K(2304K)
[2023-03-15T04:17:44.171+0000][69][gc          ] GC(2) Pause Young (Normal) (G1 Evacuation Pause) 153M->15M(256M) 25.251ms
[2023-03-15T04:17:44.172+0000][69][gc,cpu      ] GC(2) User=0.03s Sys=0.00s Real=0.03s
[2023-03-15T04:17:44.173+0000][69][safepoint   ] Safepoint "G1CollectForAllocation", Time since last: 283026999 ns, Reaching safepoint: 109217 ns, At safepoint: 26428444 ns, Total: 26537661 ns
[2023-03-15T04:17:44.374+0000][69][gc,start    ] GC(3) Pause Young (Concurrent Start) (Metadata GC Threshold)
[2023-03-15T04:17:44.549+0000][69][gc,task     ] GC(3) Using 4 workers of 4 for evacuation
[2023-03-15T04:17:44.551+0000][69][gc,age      ] GC(3) Desired survivor size 10485760 bytes, new threshold 2 (max threshold 15)
[2023-03-15T04:17:44.568+0000][69][gc,phases   ] GC(3)   Pre Evacuate Collection Set: 0.3ms
[2023-03-15T04:17:44.569+0000][69][gc,phases   ] GC(3)   Merge Heap Roots: 0.1ms
[2023-03-15T04:17:44.570+0000][69][gc,phases   ] GC(3)   Evacuate Collection Set: 12.9ms
[2023-03-15T04:17:44.571+0000][69][gc,phases   ] GC(3)   Post Evacuate Collection Set: 1.2ms
[2023-03-15T04:17:44.572+0000][69][gc,phases   ] GC(3)   Other: 4.3ms
[2023-03-15T04:17:44.573+0000][69][gc,age      ] GC(3) Age table with threshold 2 (max threshold 15)
[2023-03-15T04:17:44.574+0000][69][gc,age      ] GC(3) - age   1:    1036872 bytes,    1036872 total
[2023-03-15T04:17:44.575+0000][69][gc,age      ] GC(3) - age   2:    4815488 bytes,    5852360 total
[2023-03-15T04:17:44.576+0000][69][gc,heap     ] GC(3) Eden regions: 12->0(36)
[2023-03-15T04:17:44.576+0000][69][gc,heap     ] GC(3) Survivor regions: 3->2(5)
[2023-03-15T04:17:44.577+0000][69][gc,heap     ] GC(3) Old regions: 0->2
[2023-03-15T04:17:44.578+0000][69][gc,heap     ] GC(3) Archive regions: 2->2
[2023-03-15T04:17:44.579+0000][69][gc,heap     ] GC(3) Humongous regions: 0->0
[2023-03-15T04:17:44.579+0000][69][gc,metaspace] GC(3) Metaspace: 21065K(21504K)->21065K(21504K) NonClass: 18746K(18944K)->18746K(18944K) Class: 2318K(2560K)->2318K(2560K)
[2023-03-15T04:17:44.580+0000][69][gc          ] GC(3) Pause Young (Concurrent Start) (Metadata GC Threshold) 63M->15M(256M) 205.506ms
[2023-03-15T04:17:44.580+0000][69][gc          ] GC(4) Concurrent Mark Cycle
[2023-03-15T04:17:44.581+0000][69][gc,marking  ] GC(4) Concurrent Clear Claimed Marks
[2023-03-15T04:17:44.582+0000][69][gc,marking  ] GC(4) Concurrent Clear Claimed Marks 0.760ms
[2023-03-15T04:17:44.582+0000][69][gc,marking  ] GC(4) Concurrent Scan Root Regions
[2023-03-15T04:17:44.581+0000][69][gc,cpu      ] GC(3) User=0.10s Sys=0.01s Real=0.21s
[2023-03-15T04:17:44.584+0000][69][safepoint   ] Safepoint "CollectForMetadataAllocation", Time since last: 201369350 ns, Reaching safepoint: 296587 ns, At safepoint: 209354477 ns, Total: 209651064 ns
[2023-03-15T04:17:44.591+0000][69][gc,marking  ] GC(4) Concurrent Scan Root Regions 8.771ms
[2023-03-15T04:17:44.592+0000][69][gc,marking  ] GC(4) Concurrent Mark
[2023-03-15T04:17:44.592+0000][69][gc,marking  ] GC(4) Concurrent Mark From Roots
[2023-03-15T04:17:44.593+0000][69][gc,task     ] GC(4) Using 1 workers of 1 for marking
[2023-03-15T04:17:44.594+0000][69][gc,marking  ] GC(4) Concurrent Mark From Roots 1.895ms
[2023-03-15T04:17:44.595+0000][69][gc,marking  ] GC(4) Concurrent Preclean
[2023-03-15T04:17:44.595+0000][69][gc,marking  ] GC(4) Concurrent Preclean 0.536ms
[2023-03-15T04:17:44.596+0000][69][gc,start    ] GC(4) Pause Remark
[2023-03-15T04:17:44.602+0000][69][gc          ] GC(4) Pause Remark 18M->18M(256M) 5.859ms
[2023-03-15T04:17:44.603+0000][69][gc,cpu      ] GC(4) User=0.01s Sys=0.00s Real=0.01s
[2023-03-15T04:17:44.604+0000][69][safepoint   ] Safepoint "G1PauseRemark", Time since last: 12468299 ns, Reaching safepoint: 212963 ns, At safepoint: 7426882 ns, Total: 7639845 ns
[2023-03-15T04:17:44.604+0000][69][gc,marking  ] GC(4) Concurrent Mark 12.383ms
[2023-03-15T04:17:44.605+0000][69][gc,marking  ] GC(4) Concurrent Rebuild Remembered Sets
[2023-03-15T04:17:44.610+0000][69][gc,marking  ] GC(4) Concurrent Rebuild Remembered Sets 4.646ms
[2023-03-15T04:17:44.612+0000][69][gc,start    ] GC(4) Pause Cleanup
[2023-03-15T04:17:44.613+0000][69][gc          ] GC(4) Pause Cleanup 18M->18M(256M) 1.036ms
[2023-03-15T04:17:44.614+0000][69][gc,cpu      ] GC(4) User=0.00s Sys=0.00s Real=0.00s
[2023-03-15T04:17:44.614+0000][69][safepoint   ] Safepoint "G1PauseCleanup", Time since last: 8093275 ns, Reaching safepoint: 257400 ns, At safepoint: 2129337 ns, Total: 2386737 ns
[2023-03-15T04:17:44.615+0000][69][gc,marking  ] GC(4) Concurrent Cleanup for Next Mark
[2023-03-15T04:17:44.616+0000][69][gc,marking  ] GC(4) Concurrent Cleanup for Next Mark 1.013ms
[2023-03-15T04:17:44.617+0000][69][gc          ] GC(4) Concurrent Mark Cycle 36.591ms
[2023-03-15T04:17:45.134+0000][69][safepoint   ] Safepoint "ICBufferFull", Time since last: 518447411 ns, Reaching safepoint: 1011139 ns, At safepoint: 11846 ns, Total: 1022985 ns
[2023-03-15T04:17:45.178+0000][69][gc,start    ] GC(5) Pause Young (Normal) (G1 Evacuation Pause)
[2023-03-15T04:17:45.179+0000][69][gc,task     ] GC(5) Using 4 workers of 4 for evacuation
[2023-03-15T04:17:45.180+0000][69][gc,age      ] GC(5) Desired survivor size 10485760 bytes, new threshold 15 (max threshold 15)
[2023-03-15T04:17:45.194+0000][69][gc,phases   ] GC(5)   Pre Evacuate Collection Set: 0.1ms
[2023-03-15T04:17:45.195+0000][69][gc,phases   ] GC(5)   Merge Heap Roots: 0.1ms
[2023-03-15T04:17:45.196+0000][69][gc,phases   ] GC(5)   Evacuate Collection Set: 11.9ms
[2023-03-15T04:17:45.197+0000][69][gc,phases   ] GC(5)   Post Evacuate Collection Set: 0.9ms
[2023-03-15T04:17:45.198+0000][69][gc,phases   ] GC(5)   Other: 1.3ms
[2023-03-15T04:17:45.198+0000][69][gc,age      ] GC(5) Age table with threshold 15 (max threshold 15)
[2023-03-15T04:17:45.199+0000][69][gc,age      ] GC(5) - age   1:    5270096 bytes,    5270096 total
[2023-03-15T04:17:45.199+0000][69][gc,age      ] GC(5) - age   2:     995808 bytes,    6265904 total
[2023-03-15T04:17:45.200+0000][69][gc,age      ] GC(5) - age   3:    4809960 bytes,   11075864 total
[2023-03-15T04:17:45.201+0000][69][gc,heap     ] GC(5) Eden regions: 36->0(35)
[2023-03-15T04:17:45.201+0000][69][gc,heap     ] GC(5) Survivor regions: 2->3(5)
[2023-03-15T04:17:45.202+0000][69][gc,heap     ] GC(5) Old regions: 2->2
[2023-03-15T04:17:45.203+0000][69][gc,heap     ] GC(5) Archive regions: 2->2
[2023-03-15T04:17:45.204+0000][69][gc,heap     ] GC(5) Humongous regions: 0->0
[2023-03-15T04:17:45.204+0000][69][gc,metaspace] GC(5) Metaspace: 25178K(25728K)->25178K(25728K) NonClass: 22286K(22592K)->22286K(22592K) Class: 2892K(3136K)->2892K(3136K)
[2023-03-15T04:17:45.205+0000][69][gc          ] GC(5) Pause Young (Normal) (G1 Evacuation Pause) 159M->20M(256M) 26.934ms
[2023-03-15T04:17:45.205+0000][69][gc,cpu      ] GC(5) User=0.04s Sys=0.00s Real=0.02s
[2023-03-15T04:17:45.206+0000][69][safepoint   ] Safepoint "G1CollectForAllocation", Time since last: 44111834 ns, Reaching safepoint: 151767 ns, At safepoint: 28092233 ns, Total: 28244000 ns
[2023-03-15T04:17:45.536+0000][69][gc,start    ] GC(6) Pause Young (Normal) (G1 Evacuation Pause)
[2023-03-15T04:17:45.538+0000][69][gc,task     ] GC(6) Using 4 workers of 4 for evacuation
[2023-03-15T04:17:45.538+0000][69][gc,age      ] GC(6) Desired survivor size 10485760 bytes, new threshold 3 (max threshold 15)
[2023-03-15T04:17:45.550+0000][69][gc,phases   ] GC(6)   Pre Evacuate Collection Set: 0.1ms
[2023-03-15T04:17:45.551+0000][69][gc,phases   ] GC(6)   Merge Heap Roots: 0.1ms
[2023-03-15T04:17:45.552+0000][69][gc,phases   ] GC(6)   Evacuate Collection Set: 9.8ms
[2023-03-15T04:17:45.552+0000][69][gc,phases   ] GC(6)   Post Evacuate Collection Set: 0.7ms
[2023-03-15T04:17:45.553+0000][69][gc,phases   ] GC(6)   Other: 1.3ms
[2023-03-15T04:17:45.554+0000][69][gc,age      ] GC(6) Age table with threshold 3 (max threshold 15)
[2023-03-15T04:17:45.554+0000][69][gc,age      ] GC(6) - age   1:    3237312 bytes,    3237312 total
[2023-03-15T04:17:45.555+0000][69][gc,age      ] GC(6) - age   2:    4158360 bytes,    7395672 total
[2023-03-15T04:17:45.555+0000][69][gc,age      ] GC(6) - age   3:     995776 bytes,    8391448 total
[2023-03-15T04:17:45.556+0000][69][gc,heap     ] GC(6) Eden regions: 35->0(35)
[2023-03-15T04:17:45.556+0000][69][gc,heap     ] GC(6) Survivor regions: 3->3(5)
[2023-03-15T04:17:45.556+0000][69][gc,heap     ] GC(6) Old regions: 2->3
[2023-03-15T04:17:45.558+0000][69][gc,heap     ] GC(6) Archive regions: 2->2
[2023-03-15T04:17:45.559+0000][69][gc,heap     ] GC(6) Humongous regions: 0->0
[2023-03-15T04:17:45.560+0000][69][gc,metaspace] GC(6) Metaspace: 25574K(26112K)->25574K(26112K) NonClass: 22644K(22912K)->22644K(22912K) Class: 2929K(3200K)->2929K(3200K)
[2023-03-15T04:17:45.561+0000][69][gc          ] GC(6) Pause Young (Normal) (G1 Evacuation Pause) 160M->22M(256M) 24.896ms
[2023-03-15T04:17:45.562+0000][69][gc,cpu      ] GC(6) User=0.02s Sys=0.00s Real=0.03s
[2023-03-15T04:17:45.563+0000][69][safepoint   ] Safepoint "G1CollectForAllocation", Time since last: 330192547 ns, Reaching safepoint: 132856 ns, At safepoint: 26499025 ns, Total: 26631881 ns
[2023-03-15T04:17:45.814+0000][69][gc,start    ] GC(7) Pause Young (Normal) (G1 Evacuation Pause)
[2023-03-15T04:17:45.815+0000][69][gc,task     ] GC(7) Using 4 workers of 4 for evacuation
[2023-03-15T04:17:45.816+0000][69][gc,age      ] GC(7) Desired survivor size 10485760 bytes, new threshold 15 (max threshold 15)
[2023-03-15T04:17:45.822+0000][69][gc,phases   ] GC(7)   Pre Evacuate Collection Set: 0.1ms
[2023-03-15T04:17:45.823+0000][69][gc,phases   ] GC(7)   Merge Heap Roots: 0.1ms
[2023-03-15T04:17:45.823+0000][69][gc,phases   ] GC(7)   Evacuate Collection Set: 4.6ms
[2023-03-15T04:17:45.824+0000][69][gc,phases   ] GC(7)   Post Evacuate Collection Set: 0.6ms
[2023-03-15T04:17:45.825+0000][69][gc,phases   ] GC(7)   Other: 1.6ms
[2023-03-15T04:17:45.825+0000][69][gc,age      ] GC(7) Age table with threshold 15 (max threshold 15)
[2023-03-15T04:17:45.826+0000][69][gc,age      ] GC(7) - age   1:     947744 bytes,     947744 total
[2023-03-15T04:17:45.827+0000][69][gc,age      ] GC(7) - age   2:    2431840 bytes,    3379584 total
[2023-03-15T04:17:45.827+0000][69][gc,age      ] GC(7) - age   3:    4158216 bytes,    7537800 total
[2023-03-15T04:17:45.828+0000][69][gc,age      ] GC(7) - age   4:     995776 bytes,    8533576 total
[2023-03-15T04:17:45.828+0000][69][gc,heap     ] GC(7) Eden regions: 35->0(35)
[2023-03-15T04:17:45.829+0000][69][gc,heap     ] GC(7) Survivor regions: 3->3(5)
[2023-03-15T04:17:45.829+0000][69][gc,heap     ] GC(7) Old regions: 3->3
[2023-03-15T04:17:45.830+0000][69][gc,heap     ] GC(7) Archive regions: 2->2
[2023-03-15T04:17:45.830+0000][69][gc,heap     ] GC(7) Humongous regions: 0->0
[2023-03-15T04:17:45.831+0000][69][gc,metaspace] GC(7) Metaspace: 26078K(26752K)->26078K(26752K) NonClass: 23083K(23488K)->23083K(23488K) Class: 2995K(3264K)->2995K(3264K)
[2023-03-15T04:17:45.831+0000][69][gc          ] GC(7) Pause Young (Normal) (G1 Evacuation Pause) 162M->22M(256M) 17.393ms
[2023-03-15T04:17:45.832+0000][69][gc,cpu      ] GC(7) User=0.01s Sys=0.00s Real=0.02s
[2023-03-15T04:17:45.832+0000][69][safepoint   ] Safepoint "G1CollectForAllocation", Time since last: 250941156 ns, Reaching safepoint: 135685 ns, At safepoint: 18547218 ns, Total: 18682903 ns
[2023-03-15T04:17:46.461+0000][69][gc,start    ] GC(8) Pause Young (Normal) (G1 Evacuation Pause)
[2023-03-15T04:17:46.462+0000][69][gc,task     ] GC(8) Using 4 workers of 4 for evacuation
[2023-03-15T04:17:46.463+0000][69][gc,age      ] GC(8) Desired survivor size 10485760 bytes, new threshold 15 (max threshold 15)
[2023-03-15T04:17:46.470+0000][69][gc,phases   ] GC(8)   Pre Evacuate Collection Set: 0.1ms
[2023-03-15T04:17:46.471+0000][69][gc,phases   ] GC(8)   Merge Heap Roots: 0.1ms
[2023-03-15T04:17:46.472+0000][69][gc,phases   ] GC(8)   Evacuate Collection Set: 5.8ms
[2023-03-15T04:17:46.472+0000][69][gc,phases   ] GC(8)   Post Evacuate Collection Set: 0.7ms
[2023-03-15T04:17:46.473+0000][69][gc,phases   ] GC(8)   Other: 1.5ms
[2023-03-15T04:17:46.473+0000][69][gc,age      ] GC(8) Age table with threshold 15 (max threshold 15)
[2023-03-15T04:17:46.474+0000][69][gc,age      ] GC(8) - age   1:    3584104 bytes,    3584104 total
[2023-03-15T04:17:46.474+0000][69][gc,age      ] GC(8) - age   2:     375792 bytes,    3959896 total
[2023-03-15T04:17:46.475+0000][69][gc,age      ] GC(8) - age   3:    2431840 bytes,    6391736 total
[2023-03-15T04:17:46.476+0000][69][gc,age      ] GC(8) - age   4:    4153320 bytes,   10545056 total
[2023-03-15T04:17:46.476+0000][69][gc,age      ] GC(8) - age   5:     994736 bytes,   11539792 total
[2023-03-15T04:17:46.477+0000][69][gc,heap     ] GC(8) Eden regions: 35->0(35)
[2023-03-15T04:17:46.478+0000][69][gc,heap     ] GC(8) Survivor regions: 3->3(5)
[2023-03-15T04:17:46.478+0000][69][gc,heap     ] GC(8) Old regions: 3->3
[2023-03-15T04:17:46.479+0000][69][gc,heap     ] GC(8) Archive regions: 2->2
[2023-03-15T04:17:46.479+0000][69][gc,heap     ] GC(8) Humongous regions: 0->0
[2023-03-15T04:17:46.480+0000][69][gc,metaspace] GC(8) Metaspace: 32113K(32896K)->32113K(32896K) NonClass: 28464K(28928K)->28464K(28928K) Class: 3649K(3968K)->3649K(3968K)
[2023-03-15T04:17:46.480+0000][69][gc          ] GC(8) Pause Young (Normal) (G1 Evacuation Pause) 162M->25M(256M) 19.100ms
[2023-03-15T04:17:46.481+0000][69][gc,cpu      ] GC(8) User=0.02s Sys=0.00s Real=0.02s
[2023-03-15T04:17:46.482+0000][69][safepoint   ] Safepoint "G1CollectForAllocation", Time since last: 628451093 ns, Reaching safepoint: 202476 ns, At safepoint: 20371844 ns, Total: 20574320 ns
[2023-03-15T04:17:46.670+0000][69][gc,start    ] GC(9) Pause Young (Normal) (G1 Evacuation Pause)
[2023-03-15T04:17:46.672+0000][69][gc,task     ] GC(9) Using 4 workers of 4 for evacuation
[2023-03-15T04:17:46.673+0000][69][gc,age      ] GC(9) Desired survivor size 10485760 bytes, new threshold 4 (max threshold 15)
[2023-03-15T04:17:46.682+0000][69][gc,phases   ] GC(9)   Pre Evacuate Collection Set: 0.2ms
[2023-03-15T04:17:46.683+0000][69][gc,phases   ] GC(9)   Merge Heap Roots: 0.1ms
[2023-03-15T04:17:46.684+0000][69][gc,phases   ] GC(9)   Evacuate Collection Set: 7.6ms
[2023-03-15T04:17:46.685+0000][69][gc,phases   ] GC(9)   Post Evacuate Collection Set: 0.6ms
[2023-03-15T04:17:46.685+0000][69][gc,phases   ] GC(9)   Other: 1.6ms
[2023-03-15T04:17:46.686+0000][69][gc,age      ] GC(9) Age table with threshold 4 (max threshold 15)
[2023-03-15T04:17:46.686+0000][69][gc,age      ] GC(9) - age   1:    3305032 bytes,    3305032 total
[2023-03-15T04:17:46.687+0000][69][gc,age      ] GC(9) - age   2:    3322240 bytes,    6627272 total
[2023-03-15T04:17:46.687+0000][69][gc,age      ] GC(9) - age   3:     375792 bytes,    7003064 total
[2023-03-15T04:17:46.688+0000][69][gc,age      ] GC(9) - age   4:    2431808 bytes,    9434872 total
[2023-03-15T04:17:46.688+0000][69][gc,heap     ] GC(9) Eden regions: 35->0(35)
[2023-03-15T04:17:46.689+0000][69][gc,heap     ] GC(9) Survivor regions: 3->3(5)
[2023-03-15T04:17:46.689+0000][69][gc,heap     ] GC(9) Old regions: 3->4
[2023-03-15T04:17:46.690+0000][69][gc,heap     ] GC(9) Archive regions: 2->2
[2023-03-15T04:17:46.691+0000][69][gc,heap     ] GC(9) Humongous regions: 0->0
[2023-03-15T04:17:46.691+0000][69][gc,metaspace] GC(9) Metaspace: 32225K(32960K)->32225K(32960K) NonClass: 28555K(28992K)->28555K(28992K) Class: 3670K(3968K)->3670K(3968K)
[2023-03-15T04:17:46.692+0000][69][gc          ] GC(9) Pause Young (Normal) (G1 Evacuation Pause) 165M->28M(256M) 22.184ms
[2023-03-15T04:17:46.693+0000][69][gc,cpu      ] GC(9) User=0.02s Sys=0.00s Real=0.02s
[2023-03-15T04:17:46.693+0000][69][safepoint   ] Safepoint "G1CollectForAllocation", Time since last: 188396311 ns, Reaching safepoint: 133147 ns, At safepoint: 23164868 ns, Total: 23298015 ns
[2023-03-15T04:17:47.010+0000][69][gc,start    ] GC(10) Pause Young (Normal) (G1 Evacuation Pause)
[2023-03-15T04:17:47.014+0000][69][gc,task     ] GC(10) Using 4 workers of 4 for evacuation
[2023-03-15T04:17:47.019+0000][69][gc,age      ] GC(10) Desired survivor size 10485760 bytes, new threshold 15 (max threshold 15)
[2023-03-15T04:17:47.029+0000][69][gc,phases   ] GC(10)   Pre Evacuate Collection Set: 0.1ms
[2023-03-15T04:17:47.029+0000][69][gc,phases   ] GC(10)   Merge Heap Roots: 0.1ms
[2023-03-15T04:17:47.030+0000][69][gc,phases   ] GC(10)   Evacuate Collection Set: 7.6ms
[2023-03-15T04:17:47.031+0000][69][gc,phases   ] GC(10)   Post Evacuate Collection Set: 0.7ms
[2023-03-15T04:17:47.031+0000][69][gc,phases   ] GC(10)   Other: 6.4ms
[2023-03-15T04:17:47.033+0000][69][gc,age      ] GC(10) Age table with threshold 15 (max threshold 15)
[2023-03-15T04:17:47.033+0000][69][gc,age      ] GC(10) - age   1:    4342088 bytes,    4342088 total
[2023-03-15T04:17:47.034+0000][69][gc,age      ] GC(10) - age   2:    1417248 bytes,    5759336 total
[2023-03-15T04:17:47.035+0000][69][gc,age      ] GC(10) - age   3:    3322208 bytes,    9081544 total
[2023-03-15T04:17:47.035+0000][69][gc,age      ] GC(10) - age   4:     375144 bytes,    9456688 total
[2023-03-15T04:17:47.035+0000][69][gc,age      ] GC(10) - age   5:    2431200 bytes,   11887888 total
[2023-03-15T04:17:47.036+0000][69][gc,heap     ] GC(10) Eden regions: 35->0(35)
[2023-03-15T04:17:47.037+0000][69][gc,heap     ] GC(10) Survivor regions: 3->3(5)
[2023-03-15T04:17:47.037+0000][69][gc,heap     ] GC(10) Old regions: 4->4
[2023-03-15T04:17:47.038+0000][69][gc,heap     ] GC(10) Archive regions: 2->2
[2023-03-15T04:17:47.038+0000][69][gc,heap     ] GC(10) Humongous regions: 0->0
[2023-03-15T04:17:47.039+0000][69][gc,metaspace] GC(10) Metaspace: 33656K(34432K)->33656K(34432K) NonClass: 29811K(30272K)->29811K(30272K) Class: 3844K(4160K)->3844K(4160K)
[2023-03-15T04:17:47.040+0000][69][gc          ] GC(10) Pause Young (Normal) (G1 Evacuation Pause) 168M->30M(256M) 29.343ms
[2023-03-15T04:17:47.040+0000][69][gc,cpu      ] GC(10) User=0.02s Sys=0.01s Real=0.03s
[2023-03-15T04:17:47.041+0000][69][safepoint   ] Safepoint "G1CollectForAllocation", Time since last: 338540523 ns, Reaching safepoint: 207462 ns, At safepoint: 30436184 ns, Total: 30643646 ns
[2023-03-15T04:17:47.388+0000][69][gc,start    ] GC(11) Pause Young (Normal) (G1 Evacuation Pause)
[2023-03-15T04:17:47.389+0000][69][gc,task     ] GC(11) Using 4 workers of 4 for evacuation
[2023-03-15T04:17:47.390+0000][69][gc,age      ] GC(11) Desired survivor size 10485760 bytes, new threshold 5 (max threshold 15)
[2023-03-15T04:17:47.398+0000][69][gc,phases   ] GC(11)   Pre Evacuate Collection Set: 0.1ms
[2023-03-15T04:17:47.399+0000][69][gc,phases   ] GC(11)   Merge Heap Roots: 0.1ms
[2023-03-15T04:17:47.400+0000][69][gc,phases   ] GC(11)   Evacuate Collection Set: 6.5ms
[2023-03-15T04:17:47.401+0000][69][gc,phases   ] GC(11)   Post Evacuate Collection Set: 0.7ms
[2023-03-15T04:17:47.401+0000][69][gc,phases   ] GC(11)   Other: 1.7ms
[2023-03-15T04:17:47.402+0000][69][gc,age      ] GC(11) Age table with threshold 5 (max threshold 15)
[2023-03-15T04:17:47.403+0000][69][gc,age      ] GC(11) - age   1:    3417128 bytes,    3417128 total
[2023-03-15T04:17:47.403+0000][69][gc,age      ] GC(11) - age   2:    3124624 bytes,    6541752 total
[2023-03-15T04:17:47.404+0000][69][gc,age      ] GC(11) - age   3:    1417216 bytes,    7958968 total
[2023-03-15T04:17:47.405+0000][69][gc,age      ] GC(11) - age   4:    3322208 bytes,   11281176 total
[2023-03-15T04:17:47.406+0000][69][gc,age      ] GC(11) - age   5:     375144 bytes,   11656320 total
[2023-03-15T04:17:47.407+0000][69][gc,heap     ] GC(11) Eden regions: 35->0(35)
[2023-03-15T04:17:47.407+0000][69][gc,heap     ] GC(11) Survivor regions: 3->3(5)
[2023-03-15T04:17:47.408+0000][69][gc,heap     ] GC(11) Old regions: 4->5
[2023-03-15T04:17:47.409+0000][69][gc,heap     ] GC(11) Archive regions: 2->2
[2023-03-15T04:17:47.409+0000][69][gc,heap     ] GC(11) Humongous regions: 0->0
[2023-03-15T04:17:47.410+0000][69][gc,metaspace] GC(11) Metaspace: 34111K(35008K)->34111K(35008K) NonClass: 30201K(30720K)->30201K(30720K) Class: 3910K(4288K)->3910K(4288K)
[2023-03-15T04:17:47.410+0000][69][gc          ] GC(11) Pause Young (Normal) (G1 Evacuation Pause) 170M->32M(256M) 22.153ms
[2023-03-15T04:17:47.411+0000][69][gc,cpu      ] GC(11) User=0.04s Sys=0.01s Real=0.02s
[2023-03-15T04:17:47.411+0000][69][safepoint   ] Safepoint "G1CollectForAllocation", Time since last: 347327847 ns, Reaching safepoint: 96172 ns, At safepoint: 23342994 ns, Total: 23439166 ns
[2023-03-15T04:17:47.635+0000][69][gc,start    ] GC(12) Pause Young (Normal) (G1 Evacuation Pause)
[2023-03-15T04:17:47.636+0000][69][gc,task     ] GC(12) Using 4 workers of 4 for evacuation
[2023-03-15T04:17:47.637+0000][69][gc,age      ] GC(12) Desired survivor size 10485760 bytes, new threshold 4 (max threshold 15)
[2023-03-15T04:17:47.644+0000][69][gc,phases   ] GC(12)   Pre Evacuate Collection Set: 0.3ms
[2023-03-15T04:17:47.645+0000][69][gc,phases   ] GC(12)   Merge Heap Roots: 0.2ms
[2023-03-15T04:17:47.646+0000][69][gc,phases   ] GC(12)   Evacuate Collection Set: 4.4ms
[2023-03-15T04:17:47.647+0000][69][gc,phases   ] GC(12)   Post Evacuate Collection Set: 0.7ms
[2023-03-15T04:17:47.647+0000][69][gc,phases   ] GC(12)   Other: 2.4ms
[2023-03-15T04:17:47.648+0000][69][gc,age      ] GC(12) Age table with threshold 4 (max threshold 15)
[2023-03-15T04:17:47.648+0000][69][gc,age      ] GC(12) - age   1:    2539832 bytes,    2539832 total
[2023-03-15T04:17:47.649+0000][69][gc,age      ] GC(12) - age   2:    2367616 bytes,    4907448 total
[2023-03-15T04:17:47.650+0000][69][gc,age      ] GC(12) - age   3:    3124504 bytes,    8031952 total
[2023-03-15T04:17:47.651+0000][69][gc,age      ] GC(12) - age   4:    1417216 bytes,    9449168 total
[2023-03-15T04:17:47.651+0000][69][gc,heap     ] GC(12) Eden regions: 35->0(35)
[2023-03-15T04:17:47.652+0000][69][gc,heap     ] GC(12) Survivor regions: 3->3(5)
[2023-03-15T04:17:47.653+0000][69][gc,heap     ] GC(12) Old regions: 5->6
[2023-03-15T04:17:47.653+0000][69][gc,heap     ] GC(12) Archive regions: 2->2
[2023-03-15T04:17:47.654+0000][69][gc,heap     ] GC(12) Humongous regions: 0->0
[2023-03-15T04:17:47.654+0000][69][gc,metaspace] GC(12) Metaspace: 34521K(35328K)->34521K(35328K) NonClass: 30563K(31040K)->30563K(31040K) Class: 3957K(4288K)->3957K(4288K)
[2023-03-15T04:17:47.655+0000][69][gc          ] GC(12) Pause Young (Normal) (G1 Evacuation Pause) 172M->34M(256M) 19.592ms
[2023-03-15T04:17:47.656+0000][69][gc,cpu      ] GC(12) User=0.02s Sys=0.00s Real=0.03s
[2023-03-15T04:17:47.657+0000][69][safepoint   ] Safepoint "G1CollectForAllocation", Time since last: 223691829 ns, Reaching safepoint: 123774 ns, At safepoint: 21400178 ns, Total: 21523952 ns
[2023-03-15T04:17:47.762+0000][69][gc,start    ] GC(13) Pause Young (Concurrent Start) (Metadata GC Threshold)
[2023-03-15T04:17:47.763+0000][69][gc,task     ] GC(13) Using 4 workers of 4 for evacuation
[2023-03-15T04:17:47.764+0000][69][gc,age      ] GC(13) Desired survivor size 10485760 bytes, new threshold 15 (max threshold 15)
[2023-03-15T04:17:47.768+0000][69][gc,phases   ] GC(13)   Pre Evacuate Collection Set: 0.3ms
[2023-03-15T04:17:47.769+0000][69][gc,phases   ] GC(13)   Merge Heap Roots: 0.1ms
[2023-03-15T04:17:47.770+0000][69][gc,phases   ] GC(13)   Evacuate Collection Set: 2.4ms
[2023-03-15T04:17:47.770+0000][69][gc,phases   ] GC(13)   Post Evacuate Collection Set: 0.8ms
[2023-03-15T04:17:47.771+0000][69][gc,phases   ] GC(13)   Other: 1.4ms
[2023-03-15T04:17:47.772+0000][69][gc,age      ] GC(13) Age table with threshold 15 (max threshold 15)
[2023-03-15T04:17:47.772+0000][69][gc,age      ] GC(13) - age   1:     424160 bytes,     424160 total
[2023-03-15T04:17:47.773+0000][69][gc,age      ] GC(13) - age   2:     718088 bytes,    1142248 total
[2023-03-15T04:17:47.773+0000][69][gc,age      ] GC(13) - age   3:    2367480 bytes,    3509728 total
[2023-03-15T04:17:47.774+0000][69][gc,age      ] GC(13) - age   4:    3124312 bytes,    6634040 total
[2023-03-15T04:17:47.775+0000][69][gc,age      ] GC(13) - age   5:    1417112 bytes,    8051152 total
[2023-03-15T04:17:47.775+0000][69][gc,heap     ] GC(13) Eden regions: 3->0(35)
[2023-03-15T04:17:47.776+0000][69][gc,heap     ] GC(13) Survivor regions: 3->3(5)
[2023-03-15T04:17:47.776+0000][69][gc,heap     ] GC(13) Old regions: 6->6
[2023-03-15T04:17:47.777+0000][69][gc,heap     ] GC(13) Archive regions: 2->2
[2023-03-15T04:17:47.777+0000][69][gc,heap     ] GC(13) Humongous regions: 0->0
[2023-03-15T04:17:47.778+0000][69][gc,metaspace] GC(13) Metaspace: 35240K(36096K)->35240K(36096K) NonClass: 31208K(31744K)->31208K(31744K) Class: 4031K(4352K)->4031K(4352K)
[2023-03-15T04:17:47.778+0000][69][gc          ] GC(13) Pause Young (Concurrent Start) (Metadata GC Threshold) 44M->33M(256M) 15.892ms
[2023-03-15T04:17:47.780+0000][69][gc,cpu      ] GC(13) User=0.02s Sys=0.00s Real=0.02s
[2023-03-15T04:17:47.780+0000][69][gc          ] GC(14) Concurrent Mark Cycle
[2023-03-15T04:17:47.800+0000][69][safepoint   ] Safepoint "CollectForMetadataAllocation", Time since last: 105535419 ns, Reaching safepoint: 120364 ns, At safepoint: 38057249 ns, Total: 38177613 ns
[2023-03-15T04:17:47.801+0000][69][gc,marking  ] GC(14) Concurrent Clear Claimed Marks
[2023-03-15T04:17:47.802+0000][69][gc,marking  ] GC(14) Concurrent Clear Claimed Marks 1.446ms
[2023-03-15T04:17:47.803+0000][69][gc,marking  ] GC(14) Concurrent Scan Root Regions
[2023-03-15T04:17:47.806+0000][69][gc,marking  ] GC(14) Concurrent Scan Root Regions 2.583ms
[2023-03-15T04:17:47.806+0000][69][gc,marking  ] GC(14) Concurrent Mark
[2023-03-15T04:17:47.807+0000][69][gc,marking  ] GC(14) Concurrent Mark From Roots
[2023-03-15T04:17:47.807+0000][69][gc,task     ] GC(14) Using 1 workers of 1 for marking
[2023-03-15T04:17:47.827+0000][69][gc,marking  ] GC(14) Concurrent Mark From Roots 20.601ms
[2023-03-15T04:17:47.828+0000][69][gc,marking  ] GC(14) Concurrent Preclean
[2023-03-15T04:17:47.829+0000][69][gc,marking  ] GC(14) Concurrent Preclean 0.827ms
[2023-03-15T04:17:47.830+0000][69][gc,start    ] GC(14) Pause Remark
[2023-03-15T04:17:47.836+0000][69][gc          ] GC(14) Pause Remark 35M->35M(256M) 6.010ms
[2023-03-15T04:17:47.837+0000][69][gc,cpu      ] GC(14) User=0.01s Sys=0.00s Real=0.01s
[2023-03-15T04:17:47.837+0000][69][safepoint   ] Safepoint "G1PauseRemark", Time since last: 29542865 ns, Reaching safepoint: 192996 ns, At safepoint: 7310362 ns, Total: 7503358 ns
[2023-03-15T04:17:47.838+0000][69][gc,marking  ] GC(14) Concurrent Mark 31.735ms
[2023-03-15T04:17:47.838+0000][69][gc,marking  ] GC(14) Concurrent Rebuild Remembered Sets
[2023-03-15T04:17:47.852+0000][69][gc,marking  ] GC(14) Concurrent Rebuild Remembered Sets 13.233ms
[2023-03-15T04:17:47.853+0000][69][gc,start    ] GC(14) Pause Cleanup
[2023-03-15T04:17:47.853+0000][69][gc          ] GC(14) Pause Cleanup 35M->35M(256M) 0.716ms
[2023-03-15T04:17:47.854+0000][69][gc,cpu      ] GC(14) User=0.00s Sys=0.00s Real=0.00s
[2023-03-15T04:17:47.854+0000][69][safepoint   ] Safepoint "G1PauseCleanup", Time since last: 14997858 ns, Reaching safepoint: 149269 ns, At safepoint: 1618036 ns, Total: 1767305 ns
[2023-03-15T04:17:47.855+0000][69][gc,marking  ] GC(14) Concurrent Cleanup for Next Mark
[2023-03-15T04:17:47.855+0000][69][gc,marking  ] GC(14) Concurrent Cleanup for Next Mark 0.856ms
[2023-03-15T04:17:47.856+0000][69][gc          ] GC(14) Concurrent Mark Cycle 76.017ms
[2023-03-15T04:17:48.928+0000][69][safepoint   ] Safepoint "ICBufferFull", Time since last: 1073366929 ns, Reaching safepoint: 290068 ns, At safepoint: 26104 ns, Total: 316172 ns
[2023-03-15T04:17:49.407+0000][69][gc,start    ] GC(15) Pause Young (Normal) (G1 Evacuation Pause)
[2023-03-15T04:17:49.410+0000][69][gc,task     ] GC(15) Using 4 workers of 4 for evacuation
[2023-03-15T04:17:49.411+0000][69][gc,age      ] GC(15) Desired survivor size 10485760 bytes, new threshold 15 (max threshold 15)
[2023-03-15T04:17:49.433+0000][69][gc,phases   ] GC(15)   Pre Evacuate Collection Set: 0.2ms
[2023-03-15T04:17:49.434+0000][69][gc,phases   ] GC(15)   Merge Heap Roots: 0.2ms
[2023-03-15T04:17:49.435+0000][69][gc,phases   ] GC(15)   Evacuate Collection Set: 15.9ms
[2023-03-15T04:17:49.436+0000][69][gc,phases   ] GC(15)   Post Evacuate Collection Set: 3.9ms
[2023-03-15T04:17:49.436+0000][69][gc,phases   ] GC(15)   Other: 3.0ms
[2023-03-15T04:17:49.437+0000][69][gc,age      ] GC(15) Age table with threshold 15 (max threshold 15)
[2023-03-15T04:17:49.438+0000][69][gc,age      ] GC(15) - age   1:   11448768 bytes,   11448768 total
[2023-03-15T04:17:49.439+0000][69][gc,age      ] GC(15) - age   2:     404992 bytes,   11853760 total
[2023-03-15T04:17:49.440+0000][69][gc,age      ] GC(15) - age   3:     710800 bytes,   12564560 total
[2023-03-15T04:17:49.441+0000][69][gc,age      ] GC(15) - age   4:    2360272 bytes,   14924832 total
[2023-03-15T04:17:49.442+0000][69][gc,age      ] GC(15) - age   5:    3105440 bytes,   18030272 total
[2023-03-15T04:17:49.444+0000][69][gc,age      ] GC(15) - age   6:    1409352 bytes,   19439624 total
[2023-03-15T04:17:49.445+0000][69][gc,heap     ] GC(15) Eden regions: 35->0(33)
[2023-03-15T04:17:49.447+0000][69][gc,heap     ] GC(15) Survivor regions: 3->5(5)
[2023-03-15T04:17:49.448+0000][69][gc,heap     ] GC(15) Old regions: 6->6
[2023-03-15T04:17:49.448+0000][69][gc,heap     ] GC(15) Archive regions: 2->2
[2023-03-15T04:17:49.449+0000][69][gc,heap     ] GC(15) Humongous regions: 0->0
[2023-03-15T04:17:49.450+0000][69][gc,metaspace] GC(15) Metaspace: 44052K(45376K)->44052K(45376K) NonClass: 38811K(39552K)->38811K(39552K) Class: 5241K(5824K)->5241K(5824K)
[2023-03-15T04:17:49.450+0000][69][gc          ] GC(15) Pause Young (Normal) (G1 Evacuation Pause) 173M->43M(256M) 43.609ms
[2023-03-15T04:17:49.451+0000][69][gc,cpu      ] GC(15) User=0.07s Sys=0.00s Real=0.04s
[2023-03-15T04:17:49.451+0000][69][safepoint   ] Safepoint "G1CollectForAllocation", Time since last: 477287850 ns, Reaching safepoint: 1530631 ns, At safepoint: 44825781 ns, Total: 46356412 ns
[2023-03-15T04:17:50.303+0000][69][gc,start    ] GC(16) Pause Young (Normal) (G1 Evacuation Pause)
[2023-03-15T04:17:50.303+0000][69][gc,task     ] GC(16) Using 4 workers of 4 for evacuation
[2023-03-15T04:17:50.304+0000][69][gc,age      ] GC(16) Desired survivor size 10485760 bytes, new threshold 1 (max threshold 15)
[2023-03-15T04:17:50.325+0000][69][gc,phases   ] GC(16)   Pre Evacuate Collection Set: 0.1ms
[2023-03-15T04:17:50.326+0000][69][gc,phases   ] GC(16)   Merge Heap Roots: 0.1ms
[2023-03-15T04:17:50.326+0000][69][gc,phases   ] GC(16)   Evacuate Collection Set: 19.2ms
[2023-03-15T04:17:50.327+0000][69][gc,phases   ] GC(16)   Post Evacuate Collection Set: 0.8ms
[2023-03-15T04:17:50.328+0000][69][gc,phases   ] GC(16)   Other: 1.5ms
[2023-03-15T04:17:50.328+0000][69][gc,age      ] GC(16) Age table with threshold 1 (max threshold 15)
[2023-03-15T04:17:50.329+0000][69][gc,age      ] GC(16) - age   1:    6994760 bytes,    6994760 total
[2023-03-15T04:17:50.329+0000][69][gc,heap     ] GC(16) Eden regions: 33->0(34)
[2023-03-15T04:17:50.330+0000][69][gc,heap     ] GC(16) Survivor regions: 5->2(5)
[2023-03-15T04:17:50.331+0000][69][gc,heap     ] GC(16) Old regions: 6->10
[2023-03-15T04:17:50.331+0000][69][gc,heap     ] GC(16) Archive regions: 2->2
[2023-03-15T04:17:50.332+0000][69][gc,heap     ] GC(16) Humongous regions: 0->0
[2023-03-15T04:17:50.332+0000][69][gc,metaspace] GC(16) Metaspace: 44079K(45440K)->44079K(45440K) NonClass: 38834K(39616K)->38834K(39616K) Class: 5244K(5824K)->5244K(5824K)
[2023-03-15T04:17:50.333+0000][69][gc          ] GC(16) Pause Young (Normal) (G1 Evacuation Pause) 175M->50M(256M) 30.193ms
[2023-03-15T04:17:50.333+0000][69][gc,cpu      ] GC(16) User=0.06s Sys=0.01s Real=0.03s
[2023-03-15T04:17:50.334+0000][69][safepoint   ] Safepoint "G1CollectForAllocation", Time since last: 850827190 ns, Reaching safepoint: 219094 ns, At safepoint: 31315304 ns, Total: 31534398 ns
[2023-03-15T04:17:50.897+0000][69][safepoint   ] Safepoint "ICBufferFull", Time since last: 563099909 ns, Reaching safepoint: 259470 ns, At safepoint: 39347 ns, Total: 298817 ns
[2023-03-15T04:17:51.841+0000][69][gc,start    ] GC(17) Pause Young (Normal) (G1 Evacuation Pause)
[2023-03-15T04:17:51.841+0000][69][gc,task     ] GC(17) Using 4 workers of 4 for evacuation
[2023-03-15T04:17:51.842+0000][69][gc,age      ] GC(17) Desired survivor size 10485760 bytes, new threshold 15 (max threshold 15)
[2023-03-15T04:17:51.852+0000][69][gc,phases   ] GC(17)   Pre Evacuate Collection Set: 0.2ms
[2023-03-15T04:17:51.853+0000][69][gc,phases   ] GC(17)   Merge Heap Roots: 0.1ms
[2023-03-15T04:17:51.854+0000][69][gc,phases   ] GC(17)   Evacuate Collection Set: 8.6ms
[2023-03-15T04:17:51.854+0000][69][gc,phases   ] GC(17)   Post Evacuate Collection Set: 0.8ms
[2023-03-15T04:17:51.855+0000][69][gc,phases   ] GC(17)   Other: 1.3ms
[2023-03-15T04:17:51.855+0000][69][gc,age      ] GC(17) Age table with threshold 15 (max threshold 15)
[2023-03-15T04:17:51.856+0000][69][gc,age      ] GC(17) - age   1:    5095472 bytes,    5095472 total
[2023-03-15T04:17:51.857+0000][69][gc,age      ] GC(17) - age   2:    6555752 bytes,   11651224 total
[2023-03-15T04:17:51.857+0000][69][gc,heap     ] GC(17) Eden regions: 34->0(34)
[2023-03-15T04:17:51.857+0000][69][gc,heap     ] GC(17) Survivor regions: 2->3(5)
[2023-03-15T04:17:51.858+0000][69][gc,heap     ] GC(17) Old regions: 10->10
[2023-03-15T04:17:51.858+0000][69][gc,heap     ] GC(17) Archive regions: 2->2
[2023-03-15T04:17:51.858+0000][69][gc,heap     ] GC(17) Humongous regions: 0->0
[2023-03-15T04:17:51.859+0000][69][gc,metaspace] GC(17) Metaspace: 52001K(53312K)->52001K(53312K) NonClass: 45707K(46464K)->45707K(46464K) Class: 6294K(6848K)->6294K(6848K)
[2023-03-15T04:17:51.859+0000][69][gc          ] GC(17) Pause Young (Normal) (G1 Evacuation Pause) 186M->54M(256M) 18.585ms
[2023-03-15T04:17:51.860+0000][69][gc,cpu      ] GC(17) User=0.04s Sys=0.00s Real=0.02s
[2023-03-15T04:17:51.860+0000][69][safepoint   ] Safepoint "G1CollectForAllocation", Time since last: 943266496 ns, Reaching safepoint: 108186 ns, At safepoint: 19335646 ns, Total: 19443832 ns
[2023-03-15T04:17:52.381+0000][69][gc,start    ] GC(18) Pause Young (Concurrent Start) (Metadata GC Threshold)
[2023-03-15T04:17:52.381+0000][69][gc,task     ] GC(18) Using 4 workers of 4 for evacuation
[2023-03-15T04:17:52.382+0000][69][gc,age      ] GC(18) Desired survivor size 10485760 bytes, new threshold 2 (max threshold 15)
[2023-03-15T04:17:52.393+0000][69][gc,phases   ] GC(18)   Pre Evacuate Collection Set: 0.3ms
[2023-03-15T04:17:52.393+0000][69][gc,phases   ] GC(18)   Merge Heap Roots: 0.1ms
[2023-03-15T04:17:52.394+0000][69][gc,phases   ] GC(18)   Evacuate Collection Set: 8.4ms
[2023-03-15T04:17:52.394+0000][69][gc,phases   ] GC(18)   Post Evacuate Collection Set: 1.0ms
[2023-03-15T04:17:52.395+0000][69][gc,phases   ] GC(18)   Other: 1.3ms
[2023-03-15T04:17:52.395+0000][69][gc,age      ] GC(18) Age table with threshold 2 (max threshold 15)
[2023-03-15T04:17:52.396+0000][69][gc,age      ] GC(18) - age   1:    2626024 bytes,    2626024 total
[2023-03-15T04:17:52.396+0000][69][gc,age      ] GC(18) - age   2:    4816352 bytes,    7442376 total
[2023-03-15T04:17:52.396+0000][69][gc,heap     ] GC(18) Eden regions: 10->0(31)
[2023-03-15T04:17:52.397+0000][69][gc,heap     ] GC(18) Survivor regions: 3->3(5)
[2023-03-15T04:17:52.397+0000][69][gc,heap     ] GC(18) Old regions: 10->12
[2023-03-15T04:17:52.398+0000][69][gc,heap     ] GC(18) Archive regions: 2->2
[2023-03-15T04:17:52.398+0000][69][gc,heap     ] GC(18) Humongous regions: 0->0
[2023-03-15T04:17:52.398+0000][69][gc,metaspace] GC(18) Metaspace: 58913K(60288K)->58913K(60288K) NonClass: 51616K(52416K)->51616K(52416K) Class: 7297K(7872K)->7297K(7872K)
[2023-03-15T04:17:52.399+0000][69][gc          ] GC(18) Pause Young (Concurrent Start) (Metadata GC Threshold) 92M->57M(256M) 18.194ms
[2023-03-15T04:17:52.399+0000][69][gc,cpu      ] GC(18) User=0.03s Sys=0.00s Real=0.02s
[2023-03-15T04:17:52.399+0000][69][gc          ] GC(19) Concurrent Mark Cycle
[2023-03-15T04:17:52.400+0000][69][gc,marking  ] GC(19) Concurrent Clear Claimed Marks
[2023-03-15T04:17:52.400+0000][69][safepoint   ] Safepoint "CollectForMetadataAllocation", Time since last: 520444431 ns, Reaching safepoint: 246496 ns, At safepoint: 19249823 ns, Total: 19496319 ns
[2023-03-15T04:17:52.401+0000][69][gc,marking  ] GC(19) Concurrent Clear Claimed Marks 0.661ms
[2023-03-15T04:17:52.402+0000][69][gc,marking  ] GC(19) Concurrent Scan Root Regions
[2023-03-15T04:17:52.412+0000][69][gc,marking  ] GC(19) Concurrent Scan Root Regions 10.205ms
[2023-03-15T04:17:52.413+0000][69][gc,marking  ] GC(19) Concurrent Mark
[2023-03-15T04:17:52.413+0000][69][gc,marking  ] GC(19) Concurrent Mark From Roots
[2023-03-15T04:17:52.414+0000][69][gc,task     ] GC(19) Using 1 workers of 1 for marking
[2023-03-15T04:17:52.444+0000][69][safepoint   ] Safepoint "CollectForMetadataAllocation", Time since last: 44277124 ns, Reaching safepoint: 202465 ns, At safepoint: 81443 ns, Total: 283908 ns
[2023-03-15T04:17:52.453+0000][69][gc,marking  ] GC(19) Concurrent Mark From Roots 39.755ms
[2023-03-15T04:17:52.454+0000][69][gc,marking  ] GC(19) Concurrent Preclean
[2023-03-15T04:17:52.455+0000][69][gc,marking  ] GC(19) Concurrent Preclean 0.856ms
[2023-03-15T04:17:52.456+0000][69][gc,start    ] GC(19) Pause Remark
[2023-03-15T04:17:52.460+0000][69][gc          ] GC(19) Pause Remark 61M->61M(256M) 4.435ms
[2023-03-15T04:17:52.461+0000][69][gc,cpu      ] GC(19) User=0.01s Sys=0.00s Real=0.00s
[2023-03-15T04:17:52.462+0000][69][safepoint   ] Safepoint "G1PauseRemark", Time since last: 11073569 ns, Reaching safepoint: 383842 ns, At safepoint: 5781001 ns, Total: 6164843 ns
[2023-03-15T04:17:52.462+0000][69][gc,marking  ] GC(19) Concurrent Mark 49.400ms
[2023-03-15T04:17:52.463+0000][69][gc,marking  ] GC(19) Concurrent Rebuild Remembered Sets
[2023-03-15T04:17:52.486+0000][69][gc,marking  ] GC(19) Concurrent Rebuild Remembered Sets 23.160ms
[2023-03-15T04:17:52.487+0000][69][gc,start    ] GC(19) Pause Cleanup
[2023-03-15T04:17:52.487+0000][69][gc          ] GC(19) Pause Cleanup 63M->63M(256M) 0.720ms
[2023-03-15T04:17:52.488+0000][69][gc,cpu      ] GC(19) User=0.00s Sys=0.00s Real=0.00s
[2023-03-15T04:17:52.489+0000][69][safepoint   ] Safepoint "G1PauseCleanup", Time since last: 24943613 ns, Reaching safepoint: 117559 ns, At safepoint: 1925834 ns, Total: 2043393 ns
[2023-03-15T04:17:52.489+0000][69][gc,marking  ] GC(19) Concurrent Cleanup for Next Mark
[2023-03-15T04:17:52.490+0000][69][gc,marking  ] GC(19) Concurrent Cleanup for Next Mark 0.761ms
[2023-03-15T04:17:52.490+0000][69][gc          ] GC(19) Concurrent Mark Cycle 91.095ms
[2023-03-15T04:17:53.162+0000][69][gc,start    ] GC(20) Pause Young (Normal) (G1 Evacuation Pause)
[2023-03-15T04:17:53.163+0000][69][gc,task     ] GC(20) Using 4 workers of 4 for evacuation
[2023-03-15T04:17:53.164+0000][69][gc,age      ] GC(20) Desired survivor size 10485760 bytes, new threshold 15 (max threshold 15)
[2023-03-15T04:17:53.173+0000][69][gc,phases   ] GC(20)   Pre Evacuate Collection Set: 0.1ms
[2023-03-15T04:17:53.174+0000][69][gc,phases   ] GC(20)   Merge Heap Roots: 0.1ms
[2023-03-15T04:17:53.175+0000][69][gc,phases   ] GC(20)   Evacuate Collection Set: 7.2ms
[2023-03-15T04:17:53.175+0000][69][gc,phases   ] GC(20)   Post Evacuate Collection Set: 1.4ms
[2023-03-15T04:17:53.176+0000][69][gc,phases   ] GC(20)   Other: 1.2ms
[2023-03-15T04:17:53.177+0000][69][gc,age      ] GC(20) Age table with threshold 15 (max threshold 15)
[2023-03-15T04:17:53.177+0000][69][gc,age      ] GC(20) - age   1:    2123520 bytes,    2123520 total
[2023-03-15T04:17:53.178+0000][69][gc,age      ] GC(20) - age   2:    2471064 bytes,    4594584 total
[2023-03-15T04:17:53.178+0000][69][gc,age      ] GC(20) - age   3:    4792944 bytes,    9387528 total
[2023-03-15T04:17:53.179+0000][69][gc,heap     ] GC(20) Eden regions: 31->0(32)
[2023-03-15T04:17:53.179+0000][69][gc,heap     ] GC(20) Survivor regions: 3->3(5)
[2023-03-15T04:17:53.179+0000][69][gc,heap     ] GC(20) Old regions: 12->12
[2023-03-15T04:17:53.180+0000][69][gc,heap     ] GC(20) Archive regions: 2->2
[2023-03-15T04:17:53.180+0000][69][gc,heap     ] GC(20) Humongous regions: 0->0
[2023-03-15T04:17:53.181+0000][69][gc,metaspace] GC(20) Metaspace: 65488K(67072K)->65488K(67072K) NonClass: 57141K(58048K)->57141K(58048K) Class: 8347K(9024K)->8347K(9024K)
[2023-03-15T04:17:53.181+0000][69][gc          ] GC(20) Pause Young (Normal) (G1 Evacuation Pause) 181M->58M(256M) 19.087ms
[2023-03-15T04:17:53.182+0000][69][gc,cpu      ] GC(20) User=0.02s Sys=0.00s Real=0.02s
[2023-03-15T04:17:53.182+0000][69][safepoint   ] Safepoint "G1CollectForAllocation", Time since last: 672964242 ns, Reaching safepoint: 585448 ns, At safepoint: 20131850 ns, Total: 20717298 ns
[2023-03-15T04:17:53.633+0000][69][gc,start    ] GC(21) Pause Young (Normal) (G1 Evacuation Pause)
[2023-03-15T04:17:53.633+0000][69][gc,task     ] GC(21) Using 4 workers of 4 for evacuation
[2023-03-15T04:17:53.634+0000][69][gc,age      ] GC(21) Desired survivor size 10485760 bytes, new threshold 15 (max threshold 15)
[2023-03-15T04:17:53.641+0000][69][gc,phases   ] GC(21)   Pre Evacuate Collection Set: 0.2ms
[2023-03-15T04:17:53.642+0000][69][gc,phases   ] GC(21)   Merge Heap Roots: 0.1ms
[2023-03-15T04:17:53.643+0000][69][gc,phases   ] GC(21)   Evacuate Collection Set: 5.0ms
[2023-03-15T04:17:53.643+0000][69][gc,phases   ] GC(21)   Post Evacuate Collection Set: 0.7ms
[2023-03-15T04:17:53.644+0000][69][gc,phases   ] GC(21)   Other: 1.8ms
[2023-03-15T04:17:53.645+0000][69][gc,age      ] GC(21) Age table with threshold 15 (max threshold 15)
[2023-03-15T04:17:53.645+0000][69][gc,age      ] GC(21) - age   1:     471496 bytes,     471496 total
[2023-03-15T04:17:53.646+0000][69][gc,age      ] GC(21) - age   2:    1949824 bytes,    2421320 total
[2023-03-15T04:17:53.646+0000][69][gc,age      ] GC(21) - age   3:    2471032 bytes,    4892352 total
[2023-03-15T04:17:53.647+0000][69][gc,age      ] GC(21) - age   4:    4792944 bytes,    9685296 total
[2023-03-15T04:17:53.647+0000][69][gc,heap     ] GC(21) Eden regions: 32->0(33)
[2023-03-15T04:17:53.648+0000][69][gc,heap     ] GC(21) Survivor regions: 3->3(5)
[2023-03-15T04:17:53.648+0000][69][gc,heap     ] GC(21) Old regions: 12->12
[2023-03-15T04:17:53.649+0000][69][gc,heap     ] GC(21) Archive regions: 2->2
[2023-03-15T04:17:53.649+0000][69][gc,heap     ] GC(21) Humongous regions: 0->0
[2023-03-15T04:17:53.650+0000][69][gc,metaspace] GC(21) Metaspace: 65549K(67072K)->65549K(67072K) NonClass: 57184K(58048K)->57184K(58048K) Class: 8365K(9024K)->8365K(9024K)
[2023-03-15T04:17:53.650+0000][69][gc          ] GC(21) Pause Young (Normal) (G1 Evacuation Pause) 186M->59M(256M) 17.804ms
[2023-03-15T04:17:53.651+0000][69][gc,cpu      ] GC(21) User=0.04s Sys=0.00s Real=0.02s
[2023-03-15T04:17:53.651+0000][69][safepoint   ] Safepoint "G1CollectForAllocation", Time since last: 450030600 ns, Reaching safepoint: 124001 ns, At safepoint: 18835908 ns, Total: 18959909 ns
[2023-03-15T04:17:55.260+0000][69][gc,start    ] GC(22) Pause Young (Normal) (G1 Evacuation Pause)
[2023-03-15T04:17:55.261+0000][69][gc,task     ] GC(22) Using 4 workers of 4 for evacuation
[2023-03-15T04:17:55.262+0000][69][gc,age      ] GC(22) Desired survivor size 10485760 bytes, new threshold 15 (max threshold 15)
[2023-03-15T04:17:55.274+0000][69][gc,phases   ] GC(22)   Pre Evacuate Collection Set: 0.1ms
[2023-03-15T04:17:55.275+0000][69][gc,phases   ] GC(22)   Merge Heap Roots: 0.1ms
[2023-03-15T04:17:55.276+0000][69][gc,phases   ] GC(22)   Evacuate Collection Set: 10.5ms
[2023-03-15T04:17:55.276+0000][69][gc,phases   ] GC(22)   Post Evacuate Collection Set: 1.5ms
[2023-03-15T04:17:55.277+0000][69][gc,phases   ] GC(22)   Other: 1.1ms
[2023-03-15T04:17:55.277+0000][69][gc,age      ] GC(22) Age table with threshold 15 (max threshold 15)
[2023-03-15T04:17:55.278+0000][69][gc,age      ] GC(22) - age   1:    7452144 bytes,    7452144 total
[2023-03-15T04:17:55.278+0000][69][gc,age      ] GC(22) - age   2:      88048 bytes,    7540192 total
[2023-03-15T04:17:55.279+0000][69][gc,age      ] GC(22) - age   3:    1926728 bytes,    9466920 total
[2023-03-15T04:17:55.279+0000][69][gc,age      ] GC(22) - age   4:    2468992 bytes,   11935912 total
[2023-03-15T04:17:55.280+0000][69][gc,age      ] GC(22) - age   5:    4789080 bytes,   16724992 total
[2023-03-15T04:17:55.281+0000][69][gc,heap     ] GC(22) Eden regions: 33->0(30)
[2023-03-15T04:17:55.281+0000][69][gc,heap     ] GC(22) Survivor regions: 3->5(5)
[2023-03-15T04:17:55.282+0000][69][gc,heap     ] GC(22) Old regions: 12->12
[2023-03-15T04:17:55.282+0000][69][gc,heap     ] GC(22) Archive regions: 2->2
[2023-03-15T04:17:55.283+0000][69][gc,heap     ] GC(22) Humongous regions: 0->0
[2023-03-15T04:17:55.283+0000][69][gc,metaspace] GC(22) Metaspace: 79482K(81088K)->79482K(81088K) NonClass: 69179K(70080K)->69179K(70080K) Class: 10303K(11008K)->10303K(11008K)
[2023-03-15T04:17:55.284+0000][69][gc          ] GC(22) Pause Young (Normal) (G1 Evacuation Pause) 191M->65M(256M) 23.195ms
[2023-03-15T04:17:55.284+0000][69][gc,cpu      ] GC(22) User=0.04s Sys=0.00s Real=0.02s
[2023-03-15T04:17:55.285+0000][69][safepoint   ] Safepoint "G1CollectForAllocation", Time since last: 1608229117 ns, Reaching safepoint: 757386 ns, At safepoint: 24525135 ns, Total: 25282521 ns
[2023-03-15T04:17:56.342+0000][69][gc,start    ] GC(23) Pause Young (Normal) (G1 Evacuation Pause)
[2023-03-15T04:17:56.343+0000][69][gc,task     ] GC(23) Using 4 workers of 4 for evacuation
[2023-03-15T04:17:56.344+0000][69][gc,age      ] GC(23) Desired survivor size 10485760 bytes, new threshold 4 (max threshold 15)
[2023-03-15T04:17:56.359+0000][69][gc,phases   ] GC(23)   Pre Evacuate Collection Set: 0.1ms
[2023-03-15T04:17:56.370+0000][69][gc,phases   ] GC(23)   Merge Heap Roots: 0.1ms
[2023-03-15T04:17:56.371+0000][69][gc,phases   ] GC(23)   Evacuate Collection Set: 11.7ms
[2023-03-15T04:17:56.372+0000][69][gc,phases   ] GC(23)   Post Evacuate Collection Set: 1.9ms
[2023-03-15T04:17:56.372+0000][69][gc,phases   ] GC(23)   Other: 1.5ms
[2023-03-15T04:17:56.373+0000][69][gc,age      ] GC(23) Age table with threshold 4 (max threshold 15)
[2023-03-15T04:17:56.373+0000][69][gc,age      ] GC(23) - age   1:    3338272 bytes,    3338272 total
[2023-03-15T04:17:56.373+0000][69][gc,age      ] GC(23) - age   2:    7199816 bytes,   10538088 total
[2023-03-15T04:17:56.374+0000][69][gc,age      ] GC(23) - age   3:      88016 bytes,   10626104 total
[2023-03-15T04:17:56.374+0000][69][gc,age      ] GC(23) - age   4:    1920160 bytes,   12546264 total
[2023-03-15T04:17:56.375+0000][69][gc,heap     ] GC(23) Eden regions: 30->0(30)
[2023-03-15T04:17:56.375+0000][69][gc,heap     ] GC(23) Survivor regions: 5->4(5)
[2023-03-15T04:17:56.376+0000][69][gc,heap     ] GC(23) Old regions: 12->14
[2023-03-15T04:17:56.376+0000][69][gc,heap     ] GC(23) Archive regions: 2->2
[2023-03-15T04:17:56.376+0000][69][gc,heap     ] GC(23) Humongous regions: 0->0
[2023-03-15T04:17:56.377+0000][69][gc,metaspace] GC(23) Metaspace: 92216K(93952K)->92216K(93952K) NonClass: 80315K(81280K)->80315K(81280K) Class: 11900K(12672K)->11900K(12672K)
[2023-03-15T04:17:56.377+0000][69][gc          ] GC(23) Pause Young (Normal) (G1 Evacuation Pause) 185M->69M(256M) 35.120ms
[2023-03-15T04:17:56.378+0000][69][gc,cpu      ] GC(23) User=0.03s Sys=0.00s Real=0.04s
[2023-03-15T04:17:56.378+0000][69][safepoint   ] Safepoint "G1CollectForAllocation", Time since last: 1056949924 ns, Reaching safepoint: 364780 ns, At safepoint: 36147972 ns, Total: 36512752 ns
[2023-03-15T04:17:57.053+0000][69][safepoint   ] Safepoint "ICBufferFull", Time since last: 674344957 ns, Reaching safepoint: 482013 ns, At safepoint: 12431 ns, Total: 494444 ns
[2023-03-15T04:17:57.124+0000][69][gc,start    ] GC(24) Pause Young (Concurrent Start) (Metadata GC Threshold)
[2023-03-15T04:17:57.125+0000][69][gc,task     ] GC(24) Using 4 workers of 4 for evacuation
[2023-03-15T04:17:57.126+0000][69][gc,age      ] GC(24) Desired survivor size 10485760 bytes, new threshold 2 (max threshold 15)
[2023-03-15T04:17:57.139+0000][69][gc,phases   ] GC(24)   Pre Evacuate Collection Set: 0.3ms
[2023-03-15T04:17:57.140+0000][69][gc,phases   ] GC(24)   Merge Heap Roots: 0.1ms
[2023-03-15T04:17:57.140+0000][69][gc,phases   ] GC(24)   Evacuate Collection Set: 10.6ms
[2023-03-15T04:17:57.141+0000][69][gc,phases   ] GC(24)   Post Evacuate Collection Set: 1.1ms
[2023-03-15T04:17:57.142+0000][69][gc,phases   ] GC(24)   Other: 1.2ms
[2023-03-15T04:17:57.142+0000][69][gc,age      ] GC(24) Age table with threshold 2 (max threshold 15)
[2023-03-15T04:17:57.143+0000][69][gc,age      ] GC(24) - age   1:    4446064 bytes,    4446064 total
[2023-03-15T04:17:57.143+0000][69][gc,age      ] GC(24) - age   2:    3188368 bytes,    7634432 total
[2023-03-15T04:17:57.144+0000][69][gc,heap     ] GC(24) Eden regions: 12->0(28)
[2023-03-15T04:17:57.144+0000][69][gc,heap     ] GC(24) Survivor regions: 4->3(5)
[2023-03-15T04:17:57.145+0000][69][gc,heap     ] GC(24) Old regions: 14->16
[2023-03-15T04:17:57.145+0000][69][gc,heap     ] GC(24) Archive regions: 2->2
[2023-03-15T04:17:57.146+0000][69][gc,heap     ] GC(24) Humongous regions: 0->0
[2023-03-15T04:17:57.147+0000][69][gc,metaspace] GC(24) Metaspace: 99177K(101248K)->99177K(101248K) NonClass: 86308K(87424K)->86308K(87424K) Class: 12869K(13824K)->12869K(13824K)
[2023-03-15T04:17:57.147+0000][69][gc          ] GC(24) Pause Young (Concurrent Start) (Metadata GC Threshold) 117M->74M(256M) 22.652ms
[2023-03-15T04:17:57.148+0000][69][gc,cpu      ] GC(24) User=0.04s Sys=0.00s Real=0.03s
[2023-03-15T04:17:57.148+0000][69][gc          ] GC(25) Concurrent Mark Cycle
[2023-03-15T04:17:57.148+0000][69][safepoint   ] Safepoint "CollectForMetadataAllocation", Time since last: 71121393 ns, Reaching safepoint: 157001 ns, At safepoint: 23906869 ns, Total: 24063870 ns
[2023-03-15T04:17:57.149+0000][69][gc,marking  ] GC(25) Concurrent Clear Claimed Marks
[2023-03-15T04:17:57.150+0000][69][gc,marking  ] GC(25) Concurrent Clear Claimed Marks 1.449ms
[2023-03-15T04:17:57.151+0000][69][gc,marking  ] GC(25) Concurrent Scan Root Regions
[2023-03-15T04:17:57.169+0000][69][gc,marking  ] GC(25) Concurrent Scan Root Regions 17.765ms
[2023-03-15T04:17:57.169+0000][69][gc,marking  ] GC(25) Concurrent Mark
[2023-03-15T04:17:57.170+0000][69][gc,marking  ] GC(25) Concurrent Mark From Roots
[2023-03-15T04:17:57.171+0000][69][gc,task     ] GC(25) Using 1 workers of 1 for marking
[2023-03-15T04:17:57.184+0000][69][safepoint   ] Safepoint "CollectForMetadataAllocation", Time since last: 35913456 ns, Reaching safepoint: 146118 ns, At safepoint: 73165 ns, Total: 219283 ns
[2023-03-15T04:17:57.211+0000][69][safepoint   ] Safepoint "CollectForMetadataAllocation", Time since last: 25734543 ns, Reaching safepoint: 1093280 ns, At safepoint: 88633 ns, Total: 1181913 ns
[2023-03-15T04:17:57.252+0000][69][safepoint   ] Safepoint "CollectForMetadataAllocation", Time since last: 40120390 ns, Reaching safepoint: 135518 ns, At safepoint: 75322 ns, Total: 210840 ns
[2023-03-15T04:17:57.279+0000][69][gc,marking  ] GC(25) Concurrent Mark From Roots 108.532ms
[2023-03-15T04:17:57.279+0000][69][safepoint   ] Safepoint "CollectForMetadataAllocation", Time since last: 27422811 ns, Reaching safepoint: 115753 ns, At safepoint: 60444 ns, Total: 176197 ns
[2023-03-15T04:17:57.280+0000][69][gc,marking  ] GC(25) Concurrent Preclean
[2023-03-15T04:17:57.282+0000][69][gc,marking  ] GC(25) Concurrent Preclean 1.653ms
[2023-03-15T04:17:57.283+0000][69][gc,start    ] GC(25) Pause Remark
[2023-03-15T04:17:57.288+0000][69][gc          ] GC(25) Pause Remark 82M->82M(256M) 5.573ms
[2023-03-15T04:17:57.289+0000][69][gc,cpu      ] GC(25) User=0.01s Sys=0.00s Real=0.01s
[2023-03-15T04:17:57.289+0000][69][safepoint   ] Safepoint "G1PauseRemark", Time since last: 3051611 ns, Reaching safepoint: 337575 ns, At safepoint: 6697085 ns, Total: 7034660 ns
[2023-03-15T04:17:57.290+0000][69][gc,marking  ] GC(25) Concurrent Mark 120.503ms
[2023-03-15T04:17:57.290+0000][69][gc,marking  ] GC(25) Concurrent Rebuild Remembered Sets
[2023-03-15T04:17:57.370+0000][69][gc,marking  ] GC(25) Concurrent Rebuild Remembered Sets 79.690ms
[2023-03-15T04:17:57.371+0000][69][gc,start    ] GC(25) Pause Cleanup
[2023-03-15T04:17:57.372+0000][69][gc          ] GC(25) Pause Cleanup 92M->92M(256M) 0.863ms
[2023-03-15T04:17:57.373+0000][69][gc,cpu      ] GC(25) User=0.00s Sys=0.00s Real=0.00s
[2023-03-15T04:17:57.373+0000][69][safepoint   ] Safepoint "G1PauseCleanup", Time since last: 81552334 ns, Reaching safepoint: 173861 ns, At safepoint: 1971514 ns, Total: 2145375 ns
[2023-03-15T04:17:57.374+0000][69][gc,marking  ] GC(25) Concurrent Cleanup for Next Mark
[2023-03-15T04:17:57.375+0000][69][gc,marking  ] GC(25) Concurrent Cleanup for Next Mark 0.946ms
[2023-03-15T04:17:57.375+0000][69][gc          ] GC(25) Concurrent Mark Cycle 227.696ms
[2023-03-15T04:17:58.428+0000][69][safepoint   ] Safepoint "ICBufferFull", Time since last: 1055111474 ns, Reaching safepoint: 156378 ns, At safepoint: 2704 ns, Total: 159082 ns
[2023-03-15T04:17:58.686+0000][69][safepoint   ] Safepoint "ICBufferFull", Time since last: 257762568 ns, Reaching safepoint: 301556 ns, At safepoint: 32851 ns, Total: 334407 ns
[2023-03-15T04:17:59.239+0000][69][gc,start    ] GC(26) Pause Young (Normal) (G1 Evacuation Pause)
[2023-03-15T04:17:59.240+0000][69][gc,task     ] GC(26) Using 4 workers of 4 for evacuation
[2023-03-15T04:17:59.240+0000][69][gc,age      ] GC(26) Desired survivor size 8388608 bytes, new threshold 15 (max threshold 15)
[2023-03-15T04:17:59.261+0000][69][gc,phases   ] GC(26)   Pre Evacuate Collection Set: 0.2ms
[2023-03-15T04:17:59.262+0000][69][gc,phases   ] GC(26)   Merge Heap Roots: 0.1ms
[2023-03-15T04:17:59.262+0000][69][gc,phases   ] GC(26)   Evacuate Collection Set: 11.7ms
[2023-03-15T04:17:59.263+0000][69][gc,phases   ] GC(26)   Post Evacuate Collection Set: 7.8ms
[2023-03-15T04:17:59.264+0000][69][gc,phases   ] GC(26)   Other: 1.1ms
[2023-03-15T04:17:59.264+0000][69][gc,age      ] GC(26) Age table with threshold 15 (max threshold 15)
[2023-03-15T04:17:59.265+0000][69][gc,age      ] GC(26) - age   1:    7555104 bytes,    7555104 total
[2023-03-15T04:17:59.265+0000][69][gc,age      ] GC(26) - age   2:    3936336 bytes,   11491440 total
[2023-03-15T04:17:59.266+0000][69][gc,age      ] GC(26) - age   3:    3160376 bytes,   14651816 total
[2023-03-15T04:17:59.266+0000][69][gc,heap     ] GC(26) Eden regions: 28->0(27)
[2023-03-15T04:17:59.266+0000][69][gc,heap     ] GC(26) Survivor regions: 3->4(4)
[2023-03-15T04:17:59.267+0000][69][gc,heap     ] GC(26) Old regions: 16->16
[2023-03-15T04:17:59.267+0000][69][gc,heap     ] GC(26) Archive regions: 2->2
[2023-03-15T04:17:59.268+0000][69][gc,heap     ] GC(26) Humongous regions: 0->0
[2023-03-15T04:17:59.268+0000][69][gc,metaspace] GC(26) Metaspace: 112197K(115328K)->112197K(115328K) NonClass: 97279K(98880K)->97279K(98880K) Class: 14917K(16448K)->14917K(16448K)
[2023-03-15T04:17:59.269+0000][69][gc          ] GC(26) Pause Young (Normal) (G1 Evacuation Pause) 186M->80M(256M) 29.971ms
[2023-03-15T04:17:59.269+0000][69][gc,cpu      ] GC(26) User=0.04s Sys=0.00s Real=0.03s
[2023-03-15T04:17:59.270+0000][69][safepoint   ] Safepoint "G1CollectForAllocation", Time since last: 552107980 ns, Reaching safepoint: 260332 ns, At safepoint: 30837783 ns, Total: 31098115 ns
[2023-03-15T04:17:59.982+0000][69][safepoint   ] Safepoint "ICBufferFull", Time since last: 711462537 ns, Reaching safepoint: 344845 ns, At safepoint: 29687 ns, Total: 374532 ns
[2023-03-15T04:18:00.949+0000][69][safepoint   ] Safepoint "ICBufferFull", Time since last: 967032279 ns, Reaching safepoint: 370943 ns, At safepoint: 7711 ns, Total: 378654 ns
[2023-03-15T04:18:01.634+0000][69][safepoint   ] Safepoint "ICBufferFull", Time since last: 684440683 ns, Reaching safepoint: 327241 ns, At safepoint: 29190 ns, Total: 356431 ns
[2023-03-15T04:18:02.217+0000][69][safepoint   ] Safepoint "ICBufferFull", Time since last: 582430877 ns, Reaching safepoint: 651889 ns, At safepoint: 14887 ns, Total: 666776 ns
[2023-03-15T04:18:02.462+0000][69][gc,start    ] GC(27) Pause Young (Normal) (G1 Evacuation Pause)
[2023-03-15T04:18:02.463+0000][69][gc,task     ] GC(27) Using 4 workers of 4 for evacuation
[2023-03-15T04:18:02.464+0000][69][gc,age      ] GC(27) Desired survivor size 8388608 bytes, new threshold 2 (max threshold 15)
[2023-03-15T04:18:02.485+0000][69][gc,phases   ] GC(27)   Pre Evacuate Collection Set: 0.2ms
[2023-03-15T04:18:02.487+0000][69][gc,phases   ] GC(27)   Merge Heap Roots: 0.1ms
[2023-03-15T04:18:02.487+0000][69][gc,phases   ] GC(27)   Evacuate Collection Set: 16.9ms
[2023-03-15T04:18:02.488+0000][69][gc,phases   ] GC(27)   Post Evacuate Collection Set: 2.8ms
[2023-03-15T04:18:02.489+0000][69][gc,phases   ] GC(27)   Other: 1.5ms
[2023-03-15T04:18:02.489+0000][69][gc,age      ] GC(27) Age table with threshold 2 (max threshold 15)
[2023-03-15T04:18:02.490+0000][69][gc,age      ] GC(27) - age   1:    9430528 bytes,    9430528 total
[2023-03-15T04:18:02.491+0000][69][gc,age      ] GC(27) - age   2:    6819768 bytes,   16250296 total
[2023-03-15T04:18:02.491+0000][69][gc,heap     ] GC(27) Eden regions: 27->0(23)
[2023-03-15T04:18:02.491+0000][69][gc,heap     ] GC(27) Survivor regions: 4->4(4)
[2023-03-15T04:18:02.492+0000][69][gc,heap     ] GC(27) Old regions: 16->18
[2023-03-15T04:18:02.493+0000][69][gc,heap     ] GC(27) Archive regions: 2->2
[2023-03-15T04:18:02.493+0000][69][gc,heap     ] GC(27) Humongous regions: 2->2
[2023-03-15T04:18:02.494+0000][69][gc,metaspace] GC(27) Metaspace: 123635K(126912K)->123635K(126912K) NonClass: 107000K(108672K)->107000K(108672K) Class: 16634K(18240K)->16634K(18240K)
[2023-03-15T04:18:02.494+0000][69][gc          ] GC(27) Pause Young (Normal) (G1 Evacuation Pause) 196M->97M(256M) 31.831ms
[2023-03-15T04:18:02.495+0000][69][gc,cpu      ] GC(27) User=0.07s Sys=0.01s Real=0.03s
[2023-03-15T04:18:02.495+0000][69][safepoint   ] Safepoint "G1CollectForAllocation", Time since last: 244775180 ns, Reaching safepoint: 614545 ns, At safepoint: 32944299 ns, Total: 33558844 ns
[2023-03-15T04:18:02.817+0000][69][safepoint   ] Safepoint "ICBufferFull", Time since last: 318871923 ns, Reaching safepoint: 2689589 ns, At safepoint: 33224 ns, Total: 2722813 ns
[2023-03-15T04:18:03.209+0000][69][gc,start    ] GC(28) Pause Young (Concurrent Start) (G1 Evacuation Pause)
[2023-03-15T04:18:03.210+0000][69][gc,task     ] GC(28) Using 4 workers of 4 for evacuation
[2023-03-15T04:18:03.210+0000][69][gc,age      ] GC(28) Desired survivor size 8388608 bytes, new threshold 1 (max threshold 15)
[2023-03-15T04:18:03.223+0000][69][gc,phases   ] GC(28)   Pre Evacuate Collection Set: 0.5ms
[2023-03-15T04:18:03.223+0000][69][gc,phases   ] GC(28)   Merge Heap Roots: 0.2ms
[2023-03-15T04:18:03.224+0000][69][gc,phases   ] GC(28)   Evacuate Collection Set: 9.6ms
[2023-03-15T04:18:03.225+0000][69][gc,phases   ] GC(28)   Post Evacuate Collection Set: 1.1ms
[2023-03-15T04:18:03.225+0000][69][gc,phases   ] GC(28)   Other: 1.6ms
[2023-03-15T04:18:03.226+0000][69][gc,age      ] GC(28) Age table with threshold 1 (max threshold 15)
[2023-03-15T04:18:03.226+0000][69][gc,age      ] GC(28) - age   1:    2219000 bytes,    2219000 total
[2023-03-15T04:18:03.227+0000][69][gc,heap     ] GC(28) Eden regions: 23->0(23)
[2023-03-15T04:18:03.227+0000][69][gc,heap     ] GC(28) Survivor regions: 4->1(4)
[2023-03-15T04:18:03.228+0000][69][gc,heap     ] GC(28) Old regions: 18->22
[2023-03-15T04:18:03.228+0000][69][gc,heap     ] GC(28) Archive regions: 2->2
[2023-03-15T04:18:03.229+0000][69][gc,heap     ] GC(28) Humongous regions: 2->2
[2023-03-15T04:18:03.229+0000][69][gc,metaspace] GC(28) Metaspace: 124739K(128000K)->124739K(128000K) NonClass: 107940K(109632K)->107940K(109632K) Class: 16799K(18368K)->16799K(18368K)
[2023-03-15T04:18:03.230+0000][69][gc          ] GC(28) Pause Young (Concurrent Start) (G1 Evacuation Pause) 189M->100M(256M) 21.073ms
[2023-03-15T04:18:03.230+0000][69][gc          ] GC(29) Concurrent Mark Cycle
[2023-03-15T04:18:03.231+0000][69][gc,marking  ] GC(29) Concurrent Clear Claimed Marks
[2023-03-15T04:18:03.230+0000][69][gc,cpu      ] GC(28) User=0.04s Sys=0.00s Real=0.02s
[2023-03-15T04:18:03.232+0000][69][safepoint   ] Safepoint "G1CollectForAllocation", Time since last: 391739703 ns, Reaching safepoint: 200742 ns, At safepoint: 23264884 ns, Total: 23465626 ns
[2023-03-15T04:18:03.232+0000][69][gc,marking  ] GC(29) Concurrent Clear Claimed Marks 1.009ms
[2023-03-15T04:18:03.234+0000][69][gc,marking  ] GC(29) Concurrent Scan Root Regions
[2023-03-15T04:18:03.278+0000][69][gc,marking  ] GC(29) Concurrent Scan Root Regions 44.126ms
[2023-03-15T04:18:03.279+0000][69][gc,marking  ] GC(29) Concurrent Mark
[2023-03-15T04:18:03.279+0000][69][gc,marking  ] GC(29) Concurrent Mark From Roots
[2023-03-15T04:18:03.280+0000][69][gc,task     ] GC(29) Using 1 workers of 1 for marking
[2023-03-15T04:18:03.417+0000][69][gc,marking  ] GC(29) Concurrent Mark From Roots 137.152ms
[2023-03-15T04:18:03.417+0000][69][gc,marking  ] GC(29) Concurrent Preclean
[2023-03-15T04:18:03.419+0000][69][gc,marking  ] GC(29) Concurrent Preclean 1.116ms
[2023-03-15T04:18:03.420+0000][69][gc,start    ] GC(29) Pause Remark
[2023-03-15T04:18:03.426+0000][69][gc          ] GC(29) Pause Remark 107M->107M(256M) 5.897ms
[2023-03-15T04:18:03.426+0000][69][gc,cpu      ] GC(29) User=0.01s Sys=0.00s Real=0.01s
[2023-03-15T04:18:03.428+0000][69][safepoint   ] Safepoint "G1PauseRemark", Time since last: 187363591 ns, Reaching safepoint: 289962 ns, At safepoint: 7993821 ns, Total: 8283783 ns
[2023-03-15T04:18:03.429+0000][69][gc,marking  ] GC(29) Concurrent Mark 149.878ms
[2023-03-15T04:18:03.429+0000][69][gc,marking  ] GC(29) Concurrent Rebuild Remembered Sets
[2023-03-15T04:18:03.568+0000][69][gc,marking  ] GC(29) Concurrent Rebuild Remembered Sets 138.676ms
[2023-03-15T04:18:03.571+0000][69][gc,start    ] GC(29) Pause Cleanup
[2023-03-15T04:18:03.572+0000][69][gc          ] GC(29) Pause Cleanup 114M->114M(256M) 1.158ms
[2023-03-15T04:18:03.573+0000][69][gc,cpu      ] GC(29) User=0.00s Sys=0.00s Real=0.00s
[2023-03-15T04:18:03.574+0000][69][safepoint   ] Safepoint "G1PauseCleanup", Time since last: 141267100 ns, Reaching safepoint: 1617211 ns, At safepoint: 3380867 ns, Total: 4998078 ns
[2023-03-15T04:18:03.576+0000][69][gc,marking  ] GC(29) Concurrent Cleanup for Next Mark
[2023-03-15T04:18:03.587+0000][69][gc,marking  ] GC(29) Concurrent Cleanup for Next Mark 11.202ms
[2023-03-15T04:18:03.589+0000][69][gc          ] GC(29) Concurrent Mark Cycle 358.239ms
[2023-03-15T04:18:04.454+0000][69][safepoint   ] Safepoint "ICBufferFull", Time since last: 878136648 ns, Reaching safepoint: 1726287 ns, At safepoint: 79483 ns, Total: 1805770 ns
[2023-03-15T04:18:05.481+0000][69][safepoint   ] Safepoint "ICBufferFull", Time since last: 1026724187 ns, Reaching safepoint: 369297 ns, At safepoint: 30323 ns, Total: 399620 ns
[2023-03-15T04:18:06.482+0000][69][safepoint   ] Safepoint "Cleanup", Time since last: 1001189425 ns, Reaching safepoint: 208318 ns, At safepoint: 3955 ns, Total: 212273 ns
[2023-03-15T04:18:07.484+0000][69][safepoint   ] Safepoint "Cleanup", Time since last: 1001320145 ns, Reaching safepoint: 177588 ns, At safepoint: 3579 ns, Total: 181167 ns
[2023-03-15T04:18:07.911+0000][69][safepoint   ] Safepoint "ICBufferFull", Time since last: 420723293 ns, Reaching safepoint: 5992427 ns, At safepoint: 151954 ns, Total: 6144381 ns
[2023-03-15T04:18:08.032+0000][69][safepoint   ] Safepoint "G1CollectForAllocation", Time since last: 121328267 ns, Reaching safepoint: 395823 ns, At safepoint: 36873 ns, Total: 432696 ns
[2023-03-15T04:18:08.037+0000][69][gc,start    ] GC(30) Pause Young (Normal) (GCLocker Initiated GC)
[2023-03-15T04:18:08.038+0000][69][gc,task     ] GC(30) Using 4 workers of 4 for evacuation
[2023-03-15T04:18:08.042+0000][69][gc,age      ] GC(30) Desired survivor size 6291456 bytes, new threshold 15 (max threshold 15)
[2023-03-15T04:18:08.056+0000][69][gc,phases   ] GC(30)   Pre Evacuate Collection Set: 0.1ms
[2023-03-15T04:18:08.057+0000][69][gc,phases   ] GC(30)   Merge Heap Roots: 0.1ms
[2023-03-15T04:18:08.064+0000][69][gc,phases   ] GC(30)   Evacuate Collection Set: 10.3ms
[2023-03-15T04:18:08.065+0000][69][gc,phases   ] GC(30)   Post Evacuate Collection Set: 1.2ms
[2023-03-15T04:18:08.065+0000][69][gc,phases   ] GC(30)   Other: 6.7ms
[2023-03-15T04:18:08.065+0000][69][gc,age      ] GC(30) Age table with threshold 15 (max threshold 15)
[2023-03-15T04:18:08.066+0000][69][gc,age      ] GC(30) - age   1:    6434352 bytes,    6434352 total
[2023-03-15T04:18:08.066+0000][69][gc,age      ] GC(30) - age   2:    1972440 bytes,    8406792 total
[2023-03-15T04:18:08.067+0000][69][gc,heap     ] GC(30) Eden regions: 23->0(21)
[2023-03-15T04:18:08.067+0000][69][gc,heap     ] GC(30) Survivor regions: 1->3(3)
[2023-03-15T04:18:08.068+0000][69][gc,heap     ] GC(30) Old regions: 22->22
[2023-03-15T04:18:08.068+0000][69][gc,heap     ] GC(30) Archive regions: 2->2
[2023-03-15T04:18:08.068+0000][69][gc,heap     ] GC(30) Humongous regions: 2->2
[2023-03-15T04:18:08.069+0000][69][gc,metaspace] GC(30) Metaspace: 129766K(133056K)->129766K(133056K) NonClass: 112262K(113920K)->112262K(113920K) Class: 17504K(19136K)->17504K(19136K)
[2023-03-15T04:18:08.070+0000][69][gc          ] GC(30) Pause Young (Normal) (GCLocker Initiated GC) 192M->105M(256M) 32.417ms
[2023-03-15T04:18:08.075+0000][69][gc,cpu      ] GC(30) User=0.02s Sys=0.00s Real=0.03s
[2023-03-15T04:18:08.076+0000][69][safepoint   ] Safepoint "G1CollectForAllocation", Time since last: 4361864 ns, Reaching safepoint: 295423 ns, At safepoint: 39223220 ns, Total: 39518643 ns
[2023-03-15T04:18:08.833+0000][69][safepoint   ] Safepoint "ICBufferFull", Time since last: 755841378 ns, Reaching safepoint: 361287 ns, At safepoint: 70540 ns, Total: 431827 ns
[2023-03-15T04:18:09.468+0000][69][safepoint   ] Safepoint "ICBufferFull", Time since last: 634943049 ns, Reaching safepoint: 500883 ns, At safepoint: 8051 ns, Total: 508934 ns
[2023-03-15T04:18:10.847+0000][69][safepoint   ] Safepoint "ICBufferFull", Time since last: 1378794557 ns, Reaching safepoint: 555931 ns, At safepoint: 44378 ns, Total: 600309 ns
[2023-03-15T04:18:11.399+0000][69][gc,start    ] GC(31) Pause Young (Concurrent Start) (G1 Evacuation Pause)
[2023-03-15T04:18:11.400+0000][69][gc,task     ] GC(31) Using 4 workers of 4 for evacuation
[2023-03-15T04:18:11.401+0000][69][gc,age      ] GC(31) Desired survivor size 6291456 bytes, new threshold 1 (max threshold 15)
[2023-03-15T04:18:11.413+0000][69][gc,phases   ] GC(31)   Pre Evacuate Collection Set: 0.8ms
[2023-03-15T04:18:11.414+0000][69][gc,phases   ] GC(31)   Merge Heap Roots: 0.2ms
[2023-03-15T04:18:11.415+0000][69][gc,phases   ] GC(31)   Evacuate Collection Set: 7.4ms
[2023-03-15T04:18:11.416+0000][69][gc,phases   ] GC(31)   Post Evacuate Collection Set: 2.5ms
[2023-03-15T04:18:11.416+0000][69][gc,phases   ] GC(31)   Other: 2.2ms
[2023-03-15T04:18:11.416+0000][69][gc,age      ] GC(31) Age table with threshold 1 (max threshold 15)
[2023-03-15T04:18:11.417+0000][69][gc,age      ] GC(31) - age   1:    7603888 bytes,    7603888 total
[2023-03-15T04:18:11.417+0000][69][gc,heap     ] GC(31) Eden regions: 21->0(20)
[2023-03-15T04:18:11.418+0000][69][gc,heap     ] GC(31) Survivor regions: 3->2(3)
[2023-03-15T04:18:11.418+0000][69][gc,heap     ] GC(31) Old regions: 22->23
[2023-03-15T04:18:11.419+0000][69][gc,heap     ] GC(31) Archive regions: 2->2
[2023-03-15T04:18:11.419+0000][69][gc,heap     ] GC(31) Humongous regions: 2->2
[2023-03-15T04:18:11.420+0000][69][gc,metaspace] GC(31) Metaspace: 132608K(136064K)->132608K(136064K) NonClass: 114686K(116416K)->114686K(116416K) Class: 17922K(19648K)->17922K(19648K)
[2023-03-15T04:18:11.420+0000][69][gc          ] GC(31) Pause Young (Concurrent Start) (G1 Evacuation Pause) 189M->111M(256M) 21.619ms
[2023-03-15T04:18:11.421+0000][69][gc          ] GC(32) Concurrent Mark Cycle
[2023-03-15T04:18:11.421+0000][69][gc,marking  ] GC(32) Concurrent Clear Claimed Marks
[2023-03-15T04:18:11.421+0000][69][gc,cpu      ] GC(31) User=0.03s Sys=0.00s Real=0.02s
[2023-03-15T04:18:11.422+0000][69][gc,marking  ] GC(32) Concurrent Clear Claimed Marks 0.973ms
[2023-03-15T04:18:11.423+0000][69][gc,marking  ] GC(32) Concurrent Scan Root Regions
[2023-03-15T04:18:11.423+0000][69][safepoint   ] Safepoint "G1CollectForAllocation", Time since last: 551001982 ns, Reaching safepoint: 254949 ns, At safepoint: 24256760 ns, Total: 24511709 ns
[2023-03-15T04:18:11.436+0000][69][gc,marking  ] GC(32) Concurrent Scan Root Regions 13.066ms
[2023-03-15T04:18:11.437+0000][69][gc,marking  ] GC(32) Concurrent Mark
[2023-03-15T04:18:11.438+0000][69][gc,marking  ] GC(32) Concurrent Mark From Roots
[2023-03-15T04:18:11.438+0000][69][gc,task     ] GC(32) Using 1 workers of 1 for marking
[2023-03-15T04:18:11.675+0000][69][gc,marking  ] GC(32) Concurrent Mark From Roots 237.615ms
[2023-03-15T04:18:11.676+0000][69][gc,marking  ] GC(32) Concurrent Preclean
[2023-03-15T04:18:11.677+0000][69][gc,marking  ] GC(32) Concurrent Preclean 0.821ms
[2023-03-15T04:18:11.678+0000][69][gc,start    ] GC(32) Pause Remark
[2023-03-15T04:18:11.690+0000][69][gc          ] GC(32) Pause Remark 114M->114M(256M) 11.815ms
[2023-03-15T04:18:11.691+0000][69][gc,cpu      ] GC(32) User=0.04s Sys=0.00s Real=0.01s
[2023-03-15T04:18:11.692+0000][69][safepoint   ] Safepoint "G1PauseRemark", Time since last: 254711850 ns, Reaching safepoint: 94428 ns, At safepoint: 14071728 ns, Total: 14166156 ns
[2023-03-15T04:18:11.694+0000][69][gc,marking  ] GC(32) Concurrent Mark 257.456ms
[2023-03-15T04:18:11.695+0000][69][gc,marking  ] GC(32) Concurrent Rebuild Remembered Sets
[2023-03-15T04:18:11.696+0000][69][gc,marking  ] GC(32) Concurrent Rebuild Remembered Sets 0.864ms
[2023-03-15T04:18:11.707+0000][69][gc,start    ] GC(32) Pause Cleanup
[2023-03-15T04:18:11.708+0000][69][gc          ] GC(32) Pause Cleanup 114M->114M(256M) 0.819ms
[2023-03-15T04:18:11.709+0000][69][gc,cpu      ] GC(32) User=0.00s Sys=0.00s Real=0.00s
[2023-03-15T04:18:11.710+0000][69][safepoint   ] Safepoint "G1PauseCleanup", Time since last: 4877017 ns, Reaching safepoint: 10533302 ns, At safepoint: 2449183 ns, Total: 12982485 ns
[2023-03-15T04:18:11.711+0000][69][gc,marking  ] GC(32) Concurrent Cleanup for Next Mark
[2023-03-15T04:18:11.712+0000][69][gc,marking  ] GC(32) Concurrent Cleanup for Next Mark 1.593ms
[2023-03-15T04:18:11.713+0000][69][gc          ] GC(32) Concurrent Mark Cycle 292.179ms
[2023-03-15T04:18:12.711+0000][69][safepoint   ] Safepoint "Cleanup", Time since last: 1001178480 ns, Reaching safepoint: 188176 ns, At safepoint: 5315 ns, Total: 193491 ns
[2023-03-15T04:18:13.713+0000][69][safepoint   ] Safepoint "Cleanup", Time since last: 1001641626 ns, Reaching safepoint: 291915 ns, At safepoint: 185535 ns, Total: 477450 ns
[2023-03-15T04:18:14.307+0000][69][safepoint   ] Safepoint "ICBufferFull", Time since last: 593217354 ns, Reaching safepoint: 133416 ns, At safepoint: 57742 ns, Total: 191158 ns
[2023-03-15T04:18:15.308+0000][69][safepoint   ] Safepoint "Cleanup", Time since last: 1001171576 ns, Reaching safepoint: 253648 ns, At safepoint: 8679 ns, Total: 262327 ns
[2023-03-15T04:18:16.313+0000][69][safepoint   ] Safepoint "Cleanup", Time since last: 1003541924 ns, Reaching safepoint: 1002327 ns, At safepoint: 45688 ns, Total: 1048015 ns
[2023-03-15T04:18:18.127+0000][69][safepoint   ] Safepoint "Cleanup", Time since last: 1834621876 ns, Reaching safepoint: 1175683 ns, At safepoint: 72873 ns, Total: 1248556 ns
[2023-03-15T04:18:19.130+0000][69][safepoint   ] Safepoint "Cleanup", Time since last: 1003364047 ns, Reaching safepoint: 365044 ns, At safepoint: 12335 ns, Total: 377379 ns
[2023-03-15T04:18:20.135+0000][69][safepoint   ] Safepoint "Cleanup", Time since last: 1004042852 ns, Reaching safepoint: 450006 ns, At safepoint: 13235 ns, Total: 463241 ns
[2023-03-15T04:18:21.139+0000][69][safepoint   ] Safepoint "Cleanup", Time since last: 1003580252 ns, Reaching safepoint: 336755 ns, At safepoint: 11982 ns, Total: 348737 ns
[2023-03-15T04:18:22.143+0000][69][safepoint   ] Safepoint "Cleanup", Time since last: 1003717036 ns, Reaching safepoint: 252724 ns, At safepoint: 11056 ns, Total: 263780 ns
[2023-03-15T04:18:23.146+0000][69][safepoint   ] Safepoint "Cleanup", Time since last: 1003420119 ns, Reaching safepoint: 304521 ns, At safepoint: 5404 ns, Total: 309925 ns
[2023-03-15T04:18:24.149+0000][69][safepoint   ] Safepoint "Cleanup", Time since last: 1002039763 ns, Reaching safepoint: 558868 ns, At safepoint: 25472 ns, Total: 584340 ns
[2023-03-15T04:18:25.736+0000][69][safepoint   ] Safepoint "Cleanup", Time since last: 1586456856 ns, Reaching safepoint: 809142 ns, At safepoint: 58970 ns, Total: 868112 ns
[2023-03-15T04:18:27.741+0000][69][safepoint   ] Safepoint "Cleanup", Time since last: 2004332380 ns, Reaching safepoint: 546809 ns, At safepoint: 13675 ns, Total: 560484 ns
[2023-03-15T04:18:28.745+0000][69][safepoint   ] Safepoint "Cleanup", Time since last: 1003134119 ns, Reaching safepoint: 168707 ns, At safepoint: 16980 ns, Total: 185687 ns
[2023-03-15T04:18:29.746+0000][69][safepoint   ] Safepoint "Cleanup", Time since last: 1000752846 ns, Reaching safepoint: 223636 ns, At safepoint: 33530 ns, Total: 257166 ns
[2023-03-15T04:18:30.297+0000][69][gc,start    ] GC(33) Pause Young (Normal) (G1 Evacuation Pause)
[2023-03-15T04:18:30.297+0000][69][gc,task     ] GC(33) Using 4 workers of 4 for evacuation
[2023-03-15T04:18:30.298+0000][69][gc,age      ] GC(33) Desired survivor size 6291456 bytes, new threshold 1 (max threshold 15)
[2023-03-15T04:18:30.304+0000][69][gc,phases   ] GC(33)   Pre Evacuate Collection Set: 0.1ms
[2023-03-15T04:18:30.305+0000][69][gc,phases   ] GC(33)   Merge Heap Roots: 0.1ms
[2023-03-15T04:18:30.305+0000][69][gc,phases   ] GC(33)   Evacuate Collection Set: 4.3ms
[2023-03-15T04:18:30.306+0000][69][gc,phases   ] GC(33)   Post Evacuate Collection Set: 0.7ms
[2023-03-15T04:18:30.306+0000][69][gc,phases   ] GC(33)   Other: 1.4ms
[2023-03-15T04:18:30.306+0000][69][gc,age      ] GC(33) Age table with threshold 1 (max threshold 15)
[2023-03-15T04:18:30.307+0000][69][gc,age      ] GC(33) - age   1:    2147712 bytes,    2147712 total
[2023-03-15T04:18:30.307+0000][69][gc,heap     ] GC(33) Eden regions: 20->0(20)
[2023-03-15T04:18:30.308+0000][69][gc,heap     ] GC(33) Survivor regions: 2->1(3)
[2023-03-15T04:18:30.308+0000][69][gc,heap     ] GC(33) Old regions: 23->25
[2023-03-15T04:18:30.309+0000][69][gc,heap     ] GC(33) Archive regions: 2->2
[2023-03-15T04:18:30.309+0000][69][gc,heap     ] GC(33) Humongous regions: 2->2
[2023-03-15T04:18:30.309+0000][69][gc,metaspace] GC(33) Metaspace: 133872K(137344K)->133872K(137344K) NonClass: 115905K(117632K)->115905K(117632K) Class: 17966K(19712K)->17966K(19712K)
[2023-03-15T04:18:30.310+0000][69][gc          ] GC(33) Pause Young (Normal) (G1 Evacuation Pause) 191M->112M(256M) 13.305ms
[2023-03-15T04:18:30.311+0000][69][gc,cpu      ] GC(33) User=0.02s Sys=0.00s Real=0.01s
[2023-03-15T04:18:30.311+0000][69][safepoint   ] Safepoint "G1CollectForAllocation", Time since last: 550887110 ns, Reaching safepoint: 126901 ns, At safepoint: 14361995 ns, Total: 14488896 ns
[2023-03-15T04:18:31.313+0000][69][safepoint   ] Safepoint "Cleanup", Time since last: 1002120221 ns, Reaching safepoint: 331161 ns, At safepoint: 12815 ns, Total: 343976 ns
[2023-03-15T04:18:32.318+0000][69][safepoint   ] Safepoint "Cleanup", Time since last: 1003388552 ns, Reaching safepoint: 569825 ns, At safepoint: 73216 ns, Total: 643041 ns
[2023-03-15T04:18:33.320+0000][69][safepoint   ] Safepoint "Cleanup", Time since last: 1002471106 ns, Reaching safepoint: 195358 ns, At safepoint: 6705 ns, Total: 202063 ns
[2023-03-15T04:18:34.321+0000][69][safepoint   ] Safepoint "Cleanup", Time since last: 1000818397 ns, Reaching safepoint: 55332 ns, At safepoint: 2549 ns, Total: 57881 ns
[2023-03-15T04:18:35.548+0000][69][safepoint   ] Safepoint "ICBufferFull", Time since last: 1226304914 ns, Reaching safepoint: 983495 ns, At safepoint: 121441 ns, Total: 1104936 ns
[2023-03-15T04:18:36.552+0000][69][safepoint   ] Safepoint "Cleanup", Time since last: 1002948020 ns, Reaching safepoint: 364546 ns, At safepoint: 10016 ns, Total: 374562 ns
[2023-03-15T04:18:38.559+0000][69][safepoint   ] Safepoint "Cleanup", Time since last: 2006708109 ns, Reaching safepoint: 516688 ns, At safepoint: 15081 ns, Total: 531769 ns
[2023-03-15T04:18:39.563+0000][69][safepoint   ] Safepoint "Cleanup", Time since last: 1003897695 ns, Reaching safepoint: 346602 ns, At safepoint: 11528 ns, Total: 358130 ns
[2023-03-15T04:18:40.569+0000][69][safepoint   ] Safepoint "Cleanup", Time since last: 1005455110 ns, Reaching safepoint: 505546 ns, At safepoint: 12476 ns, Total: 518022 ns
[2023-03-15T04:18:41.574+0000][69][safepoint   ] Safepoint "Cleanup", Time since last: 1004054072 ns, Reaching safepoint: 457031 ns, At safepoint: 14747 ns, Total: 471778 ns
[2023-03-15T04:18:42.578+0000][69][safepoint   ] Safepoint "Cleanup", Time since last: 1004415591 ns, Reaching safepoint: 263760 ns, At safepoint: 13165 ns, Total: 276925 ns
[2023-03-15T04:18:43.583+0000][69][safepoint   ] Safepoint "Cleanup", Time since last: 1004641718 ns, Reaching safepoint: 134315 ns, At safepoint: 6645 ns, Total: 140960 ns
[2023-03-15T04:18:44.587+0000][69][safepoint   ] Safepoint "Cleanup", Time since last: 1003644249 ns, Reaching safepoint: 334393 ns, At safepoint: 15521 ns, Total: 349914 ns
[2023-03-15T04:18:45.591+0000][69][safepoint   ] Safepoint "Cleanup", Time since last: 1003654275 ns, Reaching safepoint: 337893 ns, At safepoint: 11709 ns, Total: 349602 ns
[2023-03-15T04:18:47.575+0000][69][safepoint   ] Safepoint "Cleanup", Time since last: 2005381912 ns, Reaching safepoint: 313225 ns, At safepoint: 12540 ns, Total: 325765 ns
[2023-03-15T04:18:48.578+0000][69][safepoint   ] Safepoint "Cleanup", Time since last: 1002230991 ns, Reaching safepoint: 349016 ns, At safepoint: 12581 ns, Total: 361597 ns
[2023-03-15T04:18:49.583+0000][69][safepoint   ] Safepoint "Cleanup", Time since last: 1004994391 ns, Reaching safepoint: 297779 ns, At safepoint: 9374 ns, Total: 307153 ns
[2023-03-15T04:18:50.585+0000][69][safepoint   ] Safepoint "Cleanup", Time since last: 1001431267 ns, Reaching safepoint: 397736 ns, At safepoint: 10896 ns, Total: 408632 ns
[2023-03-15T04:18:51.588+0000][69][safepoint   ] Safepoint "Cleanup", Time since last: 1003238650 ns, Reaching safepoint: 350550 ns, At safepoint: 12604 ns, Total: 363154 ns
[2023-03-15T04:18:52.592+0000][69][safepoint   ] Safepoint "Cleanup", Time since last: 1003575004 ns, Reaching safepoint: 344061 ns, At safepoint: 12287 ns, Total: 356348 ns
[2023-03-15T04:18:52.920+0000][69][gc,start    ] GC(34) Pause Young (Concurrent Start) (G1 Evacuation Pause)
[2023-03-15T04:18:52.921+0000][69][gc,task     ] GC(34) Using 4 workers of 4 for evacuation
[2023-03-15T04:18:52.921+0000][69][gc,age      ] GC(34) Desired survivor size 6291456 bytes, new threshold 15 (max threshold 15)
[2023-03-15T04:18:52.926+0000][69][gc,phases   ] GC(34)   Pre Evacuate Collection Set: 0.6ms
[2023-03-15T04:18:52.927+0000][69][gc,phases   ] GC(34)   Merge Heap Roots: 0.1ms
[2023-03-15T04:18:52.927+0000][69][gc,phases   ] GC(34)   Evacuate Collection Set: 3.2ms
[2023-03-15T04:18:52.928+0000][69][gc,phases   ] GC(34)   Post Evacuate Collection Set: 0.7ms
[2023-03-15T04:18:52.928+0000][69][gc,phases   ] GC(34)   Other: 0.9ms
[2023-03-15T04:18:52.929+0000][69][gc,age      ] GC(34) Age table with threshold 15 (max threshold 15)
[2023-03-15T04:18:52.929+0000][69][gc,age      ] GC(34) - age   1:    1182488 bytes,    1182488 total
[2023-03-15T04:18:52.929+0000][69][gc,age      ] GC(34) - age   2:     710392 bytes,    1892880 total
[2023-03-15T04:18:52.930+0000][69][gc,heap     ] GC(34) Eden regions: 20->0(20)
[2023-03-15T04:18:52.930+0000][69][gc,heap     ] GC(34) Survivor regions: 1->1(3)
[2023-03-15T04:18:52.931+0000][69][gc,heap     ] GC(34) Old regions: 25->25
[2023-03-15T04:18:52.931+0000][69][gc,heap     ] GC(34) Archive regions: 2->2
[2023-03-15T04:18:52.932+0000][69][gc,heap     ] GC(34) Humongous regions: 2->2
[2023-03-15T04:18:52.932+0000][69][gc,metaspace] GC(34) Metaspace: 134531K(137984K)->134531K(137984K) NonClass: 116554K(118272K)->116554K(118272K) Class: 17977K(19712K)->17977K(19712K)
[2023-03-15T04:18:52.932+0000][69][gc          ] GC(34) Pause Young (Concurrent Start) (G1 Evacuation Pause) 192M->111M(256M) 12.421ms
[2023-03-15T04:18:52.933+0000][69][gc,cpu      ] GC(34) User=0.01s Sys=0.00s Real=0.02s
[2023-03-15T04:18:52.933+0000][69][gc          ] GC(35) Concurrent Mark Cycle
[2023-03-15T04:18:52.933+0000][69][safepoint   ] Safepoint "G1CollectForAllocation", Time since last: 327555978 ns, Reaching safepoint: 109116 ns, At safepoint: 13322510 ns, Total: 13431626 ns
[2023-03-15T04:18:52.934+0000][69][gc,marking  ] GC(35) Concurrent Clear Claimed Marks
[2023-03-15T04:18:52.936+0000][69][gc,marking  ] GC(35) Concurrent Clear Claimed Marks 2.588ms
[2023-03-15T04:18:52.943+0000][69][gc,marking  ] GC(35) Concurrent Scan Root Regions
[2023-03-15T04:18:52.946+0000][69][gc,marking  ] GC(35) Concurrent Scan Root Regions 3.187ms
[2023-03-15T04:18:52.947+0000][69][gc,marking  ] GC(35) Concurrent Mark
[2023-03-15T04:18:52.949+0000][69][gc,marking  ] GC(35) Concurrent Mark From Roots
[2023-03-15T04:18:52.949+0000][69][gc,task     ] GC(35) Using 1 workers of 1 for marking
[2023-03-15T04:18:53.059+0000][69][gc,marking  ] GC(35) Concurrent Mark From Roots 109.870ms
[2023-03-15T04:18:53.060+0000][69][gc,marking  ] GC(35) Concurrent Preclean
[2023-03-15T04:18:53.061+0000][69][gc,marking  ] GC(35) Concurrent Preclean 1.266ms
[2023-03-15T04:18:53.062+0000][69][gc,start    ] GC(35) Pause Remark
[2023-03-15T04:18:53.076+0000][69][gc          ] GC(35) Pause Remark 115M->115M(256M) 13.823ms
[2023-03-15T04:18:53.079+0000][69][gc,cpu      ] GC(35) User=0.04s Sys=0.00s Real=0.01s
[2023-03-15T04:18:53.079+0000][69][safepoint   ] Safepoint "G1PauseRemark", Time since last: 128780316 ns, Reaching safepoint: 232337 ns, At safepoint: 16816257 ns, Total: 17048594 ns
[2023-03-15T04:18:53.080+0000][69][gc,marking  ] GC(35) Concurrent Mark 133.011ms
[2023-03-15T04:18:53.080+0000][69][gc,marking  ] GC(35) Concurrent Rebuild Remembered Sets
[2023-03-15T04:18:53.134+0000][69][gc,marking  ] GC(35) Concurrent Rebuild Remembered Sets 53.483ms
[2023-03-15T04:18:53.136+0000][69][gc,start    ] GC(35) Pause Cleanup
[2023-03-15T04:18:53.137+0000][69][gc          ] GC(35) Pause Cleanup 115M->115M(256M) 1.066ms
[2023-03-15T04:18:53.137+0000][69][gc,cpu      ] GC(35) User=0.00s Sys=0.00s Real=0.00s
[2023-03-15T04:18:53.138+0000][69][safepoint   ] Safepoint "G1PauseCleanup", Time since last: 56377647 ns, Reaching safepoint: 174783 ns, At safepoint: 2037874 ns, Total: 2212657 ns
[2023-03-15T04:18:53.138+0000][69][gc,marking  ] GC(35) Concurrent Cleanup for Next Mark
[2023-03-15T04:18:53.139+0000][69][gc,marking  ] GC(35) Concurrent Cleanup for Next Mark 0.758ms
[2023-03-15T04:18:53.140+0000][69][gc          ] GC(35) Concurrent Mark Cycle 206.688ms
[2023-03-15T04:18:54.140+0000][69][safepoint   ] Safepoint "Cleanup", Time since last: 1001741113 ns, Reaching safepoint: 711884 ns, At safepoint: 17629 ns, Total: 729513 ns
[2023-03-15T04:18:56.144+0000][69][safepoint   ] Safepoint "Cleanup", Time since last: 2003821783 ns, Reaching safepoint: 254579 ns, At safepoint: 8458 ns, Total: 263037 ns
[2023-03-15T04:18:57.147+0000][69][safepoint   ] Safepoint "Cleanup", Time since last: 1002461386 ns, Reaching safepoint: 515388 ns, At safepoint: 13814 ns, Total: 529202 ns
[2023-03-15T04:18:58.152+0000][69][safepoint   ] Safepoint "Cleanup", Time since last: 1003879866 ns, Reaching safepoint: 513992 ns, At safepoint: 12993 ns, Total: 526985 ns
[2023-03-15T04:18:59.155+0000][69][safepoint   ] Safepoint "Cleanup", Time since last: 1003085095 ns, Reaching safepoint: 220707 ns, At safepoint: 63432 ns, Total: 284139 ns
[2023-03-15T04:19:00.157+0000][69][safepoint   ] Safepoint "Cleanup", Time since last: 1001401931 ns, Reaching safepoint: 732438 ns, At safepoint: 15326 ns, Total: 747764 ns
[2023-03-15T04:19:01.168+0000][69][safepoint   ] Safepoint "Cleanup", Time since last: 1010080292 ns, Reaching safepoint: 510300 ns, At safepoint: 14219 ns, Total: 524519 ns
[2023-03-15T04:19:02.172+0000][69][safepoint   ] Safepoint "Cleanup", Time since last: 1004194296 ns, Reaching safepoint: 198151 ns, At safepoint: 7120 ns, Total: 205271 ns
[2023-03-15T04:19:03.174+0000][69][safepoint   ] Safepoint "Cleanup", Time since last: 1001762075 ns, Reaching safepoint: 469261 ns, At safepoint: 13851 ns, Total: 483112 ns
[2023-03-15T04:19:04.179+0000][69][safepoint   ] Safepoint "Cleanup", Time since last: 1004216472 ns, Reaching safepoint: 365396 ns, At safepoint: 9463 ns, Total: 374859 ns
[2023-03-15T04:19:05.182+0000][69][safepoint   ] Safepoint "Cleanup", Time since last: 1002066355 ns, Reaching safepoint: 752123 ns, At safepoint: 161314 ns, Total: 913437 ns
[2023-03-15T04:19:06.186+0000][69][safepoint   ] Safepoint "Cleanup", Time since last: 1003141578 ns, Reaching safepoint: 542691 ns, At safepoint: 59152 ns, Total: 601843 ns
[2023-03-15T04:19:08.190+0000][69][safepoint   ] Safepoint "Cleanup", Time since last: 2003515040 ns, Reaching safepoint: 539224 ns, At safepoint: 23722 ns, Total: 562946 ns
[2023-03-15T04:19:11.192+0000][69][safepoint   ] Safepoint "Cleanup", Time since last: 3002366542 ns, Reaching safepoint: 138953 ns, At safepoint: 26344 ns, Total: 165297 ns
[2023-03-15T04:19:12.194+0000][69][safepoint   ] Safepoint "Cleanup", Time since last: 1000964051 ns, Reaching safepoint: 373705 ns, At safepoint: 9788 ns, Total: 383493 ns
[2023-03-15T04:19:13.198+0000][69][safepoint   ] Safepoint "Cleanup", Time since last: 1003525137 ns, Reaching safepoint: 949365 ns, At safepoint: 20591 ns, Total: 969956 ns
[2023-03-15T04:19:14.202+0000][69][safepoint   ] Safepoint "Cleanup", Time since last: 1004021986 ns, Reaching safepoint: 90143 ns, At safepoint: 7282 ns, Total: 97425 ns
[2023-03-15T04:19:15.180+0000][69][gc,start    ] GC(36) Pause Young (Prepare Mixed) (G1 Evacuation Pause)
[2023-03-15T04:19:15.182+0000][69][gc,task     ] GC(36) Using 4 workers of 4 for evacuation
[2023-03-15T04:19:15.184+0000][69][gc,age      ] GC(36) Desired survivor size 6291456 bytes, new threshold 15 (max threshold 15)
[2023-03-15T04:19:15.193+0000][69][gc,phases   ] GC(36)   Pre Evacuate Collection Set: 0.3ms
[2023-03-15T04:19:15.194+0000][69][gc,phases   ] GC(36)   Merge Heap Roots: 0.3ms
[2023-03-15T04:19:15.196+0000][69][gc,phases   ] GC(36)   Evacuate Collection Set: 5.5ms
[2023-03-15T04:19:15.196+0000][69][gc,phases   ] GC(36)   Post Evacuate Collection Set: 1.5ms
[2023-03-15T04:19:15.197+0000][69][gc,phases   ] GC(36)   Other: 3.6ms
[2023-03-15T04:19:15.198+0000][69][gc,age      ] GC(36) Age table with threshold 15 (max threshold 15)
[2023-03-15T04:19:15.199+0000][69][gc,age      ] GC(36) - age   1:    1032488 bytes,    1032488 total
[2023-03-15T04:19:15.200+0000][69][gc,age      ] GC(36) - age   2:     331640 bytes,    1364128 total
[2023-03-15T04:19:15.200+0000][69][gc,age      ] GC(36) - age   3:     682080 bytes,    2046208 total
[2023-03-15T04:19:15.201+0000][69][gc,heap     ] GC(36) Eden regions: 20->0(2)
[2023-03-15T04:19:15.202+0000][69][gc,heap     ] GC(36) Survivor regions: 1->1(3)
[2023-03-15T04:19:15.203+0000][69][gc,heap     ] GC(36) Old regions: 25->25
[2023-03-15T04:19:15.203+0000][69][gc,heap     ] GC(36) Archive regions: 2->2
[2023-03-15T04:19:15.204+0000][69][gc,heap     ] GC(36) Humongous regions: 2->2
[2023-03-15T04:19:15.205+0000][69][gc,metaspace] GC(36) Metaspace: 135041K(138496K)->135041K(138496K) NonClass: 117083K(118784K)->117083K(118784K) Class: 17957K(19712K)->17957K(19712K)
[2023-03-15T04:19:15.206+0000][69][gc          ] GC(36) Pause Young (Prepare Mixed) (G1 Evacuation Pause) 191M->111M(256M) 25.381ms
[2023-03-15T04:19:15.206+0000][69][gc,cpu      ] GC(36) User=0.02s Sys=0.00s Real=0.03s
[2023-03-15T04:19:15.207+0000][69][safepoint   ] Safepoint "G1CollectForAllocation", Time since last: 977613054 ns, Reaching safepoint: 171141 ns, At safepoint: 26766660 ns, Total: 26937801 ns
[2023-03-15T04:19:16.911+0000][69][gc,start    ] GC(37) Pause Young (Mixed) (G1 Evacuation Pause)
[2023-03-15T04:19:16.912+0000][69][gc,task     ] GC(37) Using 4 workers of 4 for evacuation
[2023-03-15T04:19:16.912+0000][69][gc,age      ] GC(37) Desired survivor size 2097152 bytes, new threshold 15 (max threshold 15)
[2023-03-15T04:19:16.917+0000][69][gc,phases   ] GC(37)   Pre Evacuate Collection Set: 0.1ms
[2023-03-15T04:19:16.918+0000][69][gc,phases   ] GC(37)   Merge Heap Roots: 0.1ms
[2023-03-15T04:19:16.918+0000][69][gc,phases   ] GC(37)   Evacuate Collection Set: 3.2ms
[2023-03-15T04:19:16.919+0000][69][gc,phases   ] GC(37)   Post Evacuate Collection Set: 0.7ms
[2023-03-15T04:19:16.919+0000][69][gc,phases   ] GC(37)   Other: 1.0ms
[2023-03-15T04:19:16.919+0000][69][gc,age      ] GC(37) Age table with threshold 15 (max threshold 15)
[2023-03-15T04:19:16.920+0000][69][gc,age      ] GC(37) - age   1:     311760 bytes,     311760 total
[2023-03-15T04:19:16.920+0000][69][gc,age      ] GC(37) - age   2:     917224 bytes,    1228984 total
[2023-03-15T04:19:16.921+0000][69][gc,age      ] GC(37) - age   3:     331336 bytes,    1560320 total
[2023-03-15T04:19:16.921+0000][69][gc,age      ] GC(37) - age   4:     624848 bytes,    2185168 total
[2023-03-15T04:19:16.922+0000][69][gc,heap     ] GC(37) Eden regions: 2->0(21)
[2023-03-15T04:19:16.922+0000][69][gc,heap     ] GC(37) Survivor regions: 1->1(1)
[2023-03-15T04:19:16.923+0000][69][gc,heap     ] GC(37) Old regions: 25->25
[2023-03-15T04:19:16.923+0000][69][gc,heap     ] GC(37) Archive regions: 2->2
[2023-03-15T04:19:16.924+0000][69][gc,heap     ] GC(37) Humongous regions: 2->2
[2023-03-15T04:19:16.924+0000][69][gc,metaspace] GC(37) Metaspace: 135077K(138560K)->135077K(138560K) NonClass: 117119K(118848K)->117119K(118848K) Class: 17957K(19712K)->17957K(19712K)
[2023-03-15T04:19:16.925+0000][69][gc          ] GC(37) Pause Young (Mixed) (G1 Evacuation Pause) 119M->110M(256M) 13.701ms
[2023-03-15T04:19:16.925+0000][69][gc,cpu      ] GC(37) User=0.01s Sys=0.00s Real=0.01s
[2023-03-15T04:19:16.926+0000][69][safepoint   ] Safepoint "G1CollectForAllocation", Time since last: 1726117331 ns, Reaching safepoint: 111322 ns, At safepoint: 14716606 ns, Total: 14827928 ns
[2023-03-15T04:19:17.930+0000][69][safepoint   ] Safepoint "Cleanup", Time since last: 1003260769 ns, Reaching safepoint: 656254 ns, At safepoint: 251846 ns, Total: 908100 ns
[2023-03-15T04:19:18.936+0000][69][safepoint   ] Safepoint "Cleanup", Time since last: 1004993347 ns, Reaching safepoint: 1054522 ns, At safepoint: 207401 ns, Total: 1261923 ns
[2023-03-15T04:19:19.940+0000][69][safepoint   ] Safepoint "Cleanup", Time since last: 1002822972 ns, Reaching safepoint: 520775 ns, At safepoint: 178999 ns, Total: 699774 ns
[2023-03-15T04:19:20.942+0000][69][safepoint   ] Safepoint "Cleanup", Time since last: 1002191014 ns, Reaching safepoint: 155789 ns, At safepoint: 68403 ns, Total: 224192 ns
[2023-03-15T04:19:21.944+0000][69][safepoint   ] Safepoint "Cleanup", Time since last: 1002152505 ns, Reaching safepoint: 183273 ns, At safepoint: 12017 ns, Total: 195290 ns
[2023-03-15T04:19:22.946+0000][69][safepoint   ] Safepoint "Cleanup", Time since last: 1001469700 ns, Reaching safepoint: 93828 ns, At safepoint: 3526 ns, Total: 97354 ns
[2023-03-15T04:19:23.948+0000][69][safepoint   ] Safepoint "Cleanup", Time since last: 1001056705 ns, Reaching safepoint: 405368 ns, At safepoint: 79158 ns, Total: 484526 ns
[2023-03-15T04:19:25.951+0000][69][safepoint   ] Safepoint "Cleanup", Time since last: 2003131807 ns, Reaching safepoint: 335983 ns, At safepoint: 72149 ns, Total: 408132 ns
[2023-03-15T04:19:27.955+0000][69][safepoint   ] Safepoint "Cleanup", Time since last: 2002913702 ns, Reaching safepoint: 509013 ns, At safepoint: 271894 ns, Total: 780907 ns
[2023-03-15T04:19:28.957+0000][69][safepoint   ] Safepoint "Cleanup", Time since last: 1002255773 ns, Reaching safepoint: 189777 ns, At safepoint: 4554 ns, Total: 194331 ns
[2023-03-15T04:19:29.958+0000][69][safepoint   ] Safepoint "Cleanup", Time since last: 1001018727 ns, Reaching safepoint: 116498 ns, At safepoint: 7443 ns, Total: 123941 ns
[2023-03-15T04:19:30.960+0000][69][safepoint   ] Safepoint "Cleanup", Time since last: 1000954135 ns, Reaching safepoint: 208910 ns, At safepoint: 72903 ns, Total: 281813 ns
[2023-03-15T04:19:31.963+0000][69][safepoint   ] Safepoint "Cleanup", Time since last: 1002512813 ns, Reaching safepoint: 419974 ns, At safepoint: 74449 ns, Total: 494423 ns
[2023-03-15T04:19:32.965+0000][69][safepoint   ] Safepoint "Cleanup", Time since last: 1002408563 ns, Reaching safepoint: 437424 ns, At safepoint: 76404 ns, Total: 513828 ns
[2023-03-15T04:19:33.968+0000][69][safepoint   ] Safepoint "Cleanup", Time since last: 1002080251 ns, Reaching safepoint: 528344 ns, At safepoint: 8213 ns, Total: 536557 ns
[2023-03-15T04:19:34.971+0000][69][safepoint   ] Safepoint "Cleanup", Time since last: 1002569206 ns, Reaching safepoint: 204508 ns, At safepoint: 7624 ns, Total: 212132 ns
[2023-03-15T04:19:35.973+0000][69][safepoint   ] Safepoint "Cleanup", Time since last: 1001756315 ns, Reaching safepoint: 226155 ns, At safepoint: 5953 ns, Total: 232108 ns
[2023-03-15T04:19:37.976+0000][69][safepoint   ] Safepoint "Cleanup", Time since last: 2002428877 ns, Reaching safepoint: 116374 ns, At safepoint: 127407 ns, Total: 243781 ns
[2023-03-15T04:19:38.978+0000][69][safepoint   ] Safepoint "Cleanup", Time since last: 1002480996 ns, Reaching safepoint: 377353 ns, At safepoint: 81999 ns, Total: 459352 ns
[2023-03-15T04:19:40.982+0000][69][safepoint   ] Safepoint "Cleanup", Time since last: 2002961495 ns, Reaching safepoint: 88508 ns, At safepoint: 3043 ns, Total: 91551 ns
[2023-03-15T04:19:41.985+0000][69][safepoint   ] Safepoint "Cleanup", Time since last: 1002762459 ns, Reaching safepoint: 574963 ns, At safepoint: 143684 ns, Total: 718647 ns
[2023-03-15T04:19:42.989+0000][69][safepoint   ] Safepoint "Cleanup", Time since last: 1003325061 ns, Reaching safepoint: 673271 ns, At safepoint: 23626 ns, Total: 696897 ns
[2023-03-15T04:19:43.991+0000][69][safepoint   ] Safepoint "Cleanup", Time since last: 1002001292 ns, Reaching safepoint: 288496 ns, At safepoint: 69949 ns, Total: 358445 ns
[2023-03-15T04:19:44.994+0000][69][safepoint   ] Safepoint "Cleanup", Time since last: 1002201173 ns, Reaching safepoint: 176479 ns, At safepoint: 7073 ns, Total: 183552 ns
[2023-03-15T04:19:47.003+0000][69][gc,start    ] GC(38) Pause Young (Concurrent Start) (G1 Evacuation Pause)
[2023-03-15T04:19:47.004+0000][69][gc,task     ] GC(38) Using 4 workers of 4 for evacuation
[2023-03-15T04:19:47.005+0000][69][gc,age      ] GC(38) Desired survivor size 6291456 bytes, new threshold 15 (max threshold 15)
[2023-03-15T04:19:47.010+0000][69][gc,phases   ] GC(38)   Pre Evacuate Collection Set: 0.4ms
[2023-03-15T04:19:47.010+0000][69][gc,phases   ] GC(38)   Merge Heap Roots: 0.1ms
[2023-03-15T04:19:47.011+0000][69][gc,phases   ] GC(38)   Evacuate Collection Set: 2.9ms
[2023-03-15T04:19:47.011+0000][69][gc,phases   ] GC(38)   Post Evacuate Collection Set: 1.2ms
[2023-03-15T04:19:47.012+0000][69][gc,phases   ] GC(38)   Other: 1.1ms
[2023-03-15T04:19:47.012+0000][69][gc,age      ] GC(38) Age table with threshold 15 (max threshold 15)
[2023-03-15T04:19:47.012+0000][69][gc,age      ] GC(38) - age   1:     874952 bytes,     874952 total
[2023-03-15T04:19:47.013+0000][69][gc,age      ] GC(38) - age   2:        712 bytes,     875664 total
[2023-03-15T04:19:47.013+0000][69][gc,age      ] GC(38) - age   3:     450272 bytes,    1325936 total
[2023-03-15T04:19:47.014+0000][69][gc,age      ] GC(38) - age   4:     330704 bytes,    1656640 total
[2023-03-15T04:19:47.014+0000][69][gc,age      ] GC(38) - age   5:     624816 bytes,    2281456 total
[2023-03-15T04:19:47.015+0000][69][gc,heap     ] GC(38) Eden regions: 21->0(21)
[2023-03-15T04:19:47.015+0000][69][gc,heap     ] GC(38) Survivor regions: 1->1(3)
[2023-03-15T04:19:47.015+0000][69][gc,heap     ] GC(38) Old regions: 25->25
[2023-03-15T04:19:47.016+0000][69][gc,heap     ] GC(38) Archive regions: 2->2
[2023-03-15T04:19:47.016+0000][69][gc,heap     ] GC(38) Humongous regions: 2->2
[2023-03-15T04:19:47.017+0000][69][gc,metaspace] GC(38) Metaspace: 135367K(138880K)->135367K(138880K) NonClass: 117410K(119168K)->117410K(119168K) Class: 17957K(19712K)->17957K(19712K)
[2023-03-15T04:19:47.017+0000][69][gc          ] GC(38) Pause Young (Concurrent Start) (G1 Evacuation Pause) 194M->110M(256M) 13.915ms
[2023-03-15T04:19:47.018+0000][69][gc,cpu      ] GC(38) User=0.00s Sys=0.00s Real=0.01s
[2023-03-15T04:19:47.018+0000][69][gc          ] GC(39) Concurrent Mark Cycle
[2023-03-15T04:19:47.019+0000][69][gc,marking  ] GC(39) Concurrent Clear Claimed Marks
[2023-03-15T04:19:47.018+0000][69][safepoint   ] Safepoint "G1CollectForAllocation", Time since last: 1959414642 ns, Reaching safepoint: 132767 ns, At safepoint: 15026884 ns, Total: 15159651 ns
[2023-03-15T04:19:47.020+0000][69][gc,marking  ] GC(39) Concurrent Clear Claimed Marks 1.170ms
[2023-03-15T04:19:47.021+0000][69][gc,marking  ] GC(39) Concurrent Scan Root Regions
[2023-03-15T04:19:47.026+0000][69][gc,marking  ] GC(39) Concurrent Scan Root Regions 5.355ms
[2023-03-15T04:19:47.027+0000][69][gc,marking  ] GC(39) Concurrent Mark
[2023-03-15T04:19:47.027+0000][69][gc,marking  ] GC(39) Concurrent Mark From Roots
[2023-03-15T04:19:47.028+0000][69][gc,task     ] GC(39) Using 1 workers of 1 for marking
[2023-03-15T04:19:47.149+0000][69][gc,marking  ] GC(39) Concurrent Mark From Roots 121.288ms
[2023-03-15T04:19:47.149+0000][69][gc,marking  ] GC(39) Concurrent Preclean
[2023-03-15T04:19:47.151+0000][69][gc,marking  ] GC(39) Concurrent Preclean 1.040ms
[2023-03-15T04:19:47.152+0000][69][gc,start    ] GC(39) Pause Remark
[2023-03-15T04:19:47.160+0000][69][gc          ] GC(39) Pause Remark 113M->113M(256M) 8.150ms
[2023-03-15T04:19:47.160+0000][69][gc,cpu      ] GC(39) User=0.02s Sys=0.00s Real=0.01s
[2023-03-15T04:19:47.161+0000][69][safepoint   ] Safepoint "G1PauseRemark", Time since last: 133025696 ns, Reaching safepoint: 199287 ns, At safepoint: 9768999 ns, Total: 9968286 ns
[2023-03-15T04:19:47.162+0000][69][gc,marking  ] GC(39) Concurrent Mark 135.317ms
[2023-03-15T04:19:47.162+0000][69][gc,marking  ] GC(39) Concurrent Rebuild Remembered Sets
[2023-03-15T04:19:47.216+0000][69][gc,marking  ] GC(39) Concurrent Rebuild Remembered Sets 53.650ms
[2023-03-15T04:19:47.218+0000][69][gc,start    ] GC(39) Pause Cleanup
[2023-03-15T04:19:47.218+0000][69][gc          ] GC(39) Pause Cleanup 113M->113M(256M) 0.854ms
[2023-03-15T04:19:47.219+0000][69][gc,cpu      ] GC(39) User=0.00s Sys=0.00s Real=0.00s
[2023-03-15T04:19:47.220+0000][69][safepoint   ] Safepoint "G1PauseCleanup", Time since last: 56085366 ns, Reaching safepoint: 213480 ns, At safepoint: 2290309 ns, Total: 2503789 ns
[2023-03-15T04:19:47.220+0000][69][gc,marking  ] GC(39) Concurrent Cleanup for Next Mark
[2023-03-15T04:19:47.221+0000][69][gc,marking  ] GC(39) Concurrent Cleanup for Next Mark 0.800ms
[2023-03-15T04:19:47.222+0000][69][gc          ] GC(39) Concurrent Mark Cycle 203.983ms
[2023-03-15T04:19:48.222+0000][69][safepoint   ] Safepoint "Cleanup", Time since last: 1001723777 ns, Reaching safepoint: 429115 ns, At safepoint: 11854 ns, Total: 440969 ns
[2023-03-15T04:19:49.226+0000][69][safepoint   ] Safepoint "Cleanup", Time since last: 1003284184 ns, Reaching safepoint: 235060 ns, At safepoint: 14688 ns, Total: 249748 ns
[2023-03-15T04:19:50.229+0000][69][safepoint   ] Safepoint "Cleanup", Time since last: 1003202646 ns, Reaching safepoint: 304950 ns, At safepoint: 77413 ns, Total: 382363 ns
[2023-03-15T04:19:51.232+0000][69][safepoint   ] Safepoint "Cleanup", Time since last: 1002725126 ns, Reaching safepoint: 242018 ns, At safepoint: 18264 ns, Total: 260282 ns
[2023-03-15T04:19:52.236+0000][69][safepoint   ] Safepoint "Cleanup", Time since last: 1003374728 ns, Reaching safepoint: 399936 ns, At safepoint: 12651 ns, Total: 412587 ns
[2023-03-15T04:19:53.240+0000][69][safepoint   ] Safepoint "Cleanup", Time since last: 1003142128 ns, Reaching safepoint: 608934 ns, At safepoint: 16925 ns, Total: 625859 ns
[2023-03-15T04:19:54.242+0000][69][safepoint   ] Safepoint "Cleanup", Time since last: 1002067149 ns, Reaching safepoint: 103825 ns, At safepoint: 3558 ns, Total: 107383 ns
[2023-03-15T04:19:56.248+0000][69][safepoint   ] Safepoint "Cleanup", Time since last: 2005617357 ns, Reaching safepoint: 455371 ns, At safepoint: 14716 ns, Total: 470087 ns
[2023-03-15T04:19:57.252+0000][69][safepoint   ] Safepoint "Cleanup", Time since last: 1003417133 ns, Reaching safepoint: 238213 ns, At safepoint: 9780 ns, Total: 247993 ns
[2023-03-15T04:19:58.256+0000][69][safepoint   ] Safepoint "Cleanup", Time since last: 1004384509 ns, Reaching safepoint: 197737 ns, At safepoint: 11336 ns, Total: 209073 ns
[2023-03-15T04:19:59.261+0000][69][safepoint   ] Safepoint "Cleanup", Time since last: 1003136384 ns, Reaching safepoint: 1633134 ns, At safepoint: 47714 ns, Total: 1680848 ns
[2023-03-15T04:20:00.263+0000][69][safepoint   ] Safepoint "Cleanup", Time since last: 1001652977 ns, Reaching safepoint: 438719 ns, At safepoint: 44947 ns, Total: 483666 ns
[2023-03-15T04:20:01.268+0000][69][safepoint   ] Safepoint "Cleanup", Time since last: 1004075456 ns, Reaching safepoint: 339071 ns, At safepoint: 11840 ns, Total: 350911 ns
[2023-03-15T04:20:02.274+0000][69][safepoint   ] Safepoint "Cleanup", Time since last: 1005431798 ns, Reaching safepoint: 508778 ns, At safepoint: 172980 ns, Total: 681758 ns
[2023-03-15T04:20:03.278+0000][69][safepoint   ] Safepoint "Cleanup", Time since last: 1003707169 ns, Reaching safepoint: 468760 ns, At safepoint: 15416 ns, Total: 484176 ns
[2023-03-15T04:20:05.281+0000][69][safepoint   ] Safepoint "Cleanup", Time since last: 2003171800 ns, Reaching safepoint: 320539 ns, At safepoint: 12058 ns, Total: 332597 ns
[2023-03-15T04:20:06.286+0000][69][safepoint   ] Safepoint "Cleanup", Time since last: 1003740894 ns, Reaching safepoint: 276914 ns, At safepoint: 147032 ns, Total: 423946 ns
[2023-03-15T04:20:07.709+0000][69][safepoint   ] Safepoint "Cleanup", Time since last: 1423179046 ns, Reaching safepoint: 370550 ns, At safepoint: 11162 ns, Total: 381712 ns
[2023-03-15T04:20:08.741+0000][69][safepoint   ] Safepoint "Cleanup", Time since last: 1030940322 ns, Reaching safepoint: 531155 ns, At safepoint: 18173 ns, Total: 549328 ns
[2023-03-15T04:20:10.744+0000][69][safepoint   ] Safepoint "Cleanup", Time since last: 2003094092 ns, Reaching safepoint: 346026 ns, At safepoint: 6341 ns, Total: 352367 ns
[2023-03-15T04:20:11.746+0000][69][safepoint   ] Safepoint "Cleanup", Time since last: 1001881495 ns, Reaching safepoint: 300888 ns, At safepoint: 42838 ns, Total: 343726 ns
[2023-03-15T04:20:12.750+0000][69][safepoint   ] Safepoint "Cleanup", Time since last: 1003347670 ns, Reaching safepoint: 90611 ns, At safepoint: 4011 ns, Total: 94622 ns
[2023-03-15T04:20:13.752+0000][69][safepoint   ] Safepoint "Cleanup", Time since last: 1001748767 ns, Reaching safepoint: 240853 ns, At safepoint: 46415 ns, Total: 287268 ns
[2023-03-15T04:20:14.754+0000][69][safepoint   ] Safepoint "Cleanup", Time since last: 1001755460 ns, Reaching safepoint: 346131 ns, At safepoint: 12012 ns, Total: 358143 ns
[2023-03-15T04:20:15.759+0000][69][safepoint   ] Safepoint "Cleanup", Time since last: 1004444881 ns, Reaching safepoint: 346979 ns, At safepoint: 12268 ns, Total: 359247 ns
[2023-03-15T04:20:16.740+0000][69][safepoint   ] Safepoint "Cleanup", Time since last: 1003187876 ns, Reaching safepoint: 287905 ns, At safepoint: 99749 ns, Total: 387654 ns
[2023-03-15T04:20:16.821+0000][69][gc,start    ] GC(40) Pause Young (Prepare Mixed) (G1 Evacuation Pause)
[2023-03-15T04:20:16.822+0000][69][gc,task     ] GC(40) Using 4 workers of 4 for evacuation
[2023-03-15T04:20:16.823+0000][69][gc,age      ] GC(40) Desired survivor size 6291456 bytes, new threshold 15 (max threshold 15)
[2023-03-15T04:20:16.830+0000][69][gc,phases   ] GC(40)   Pre Evacuate Collection Set: 0.2ms
[2023-03-15T04:20:16.831+0000][69][gc,phases   ] GC(40)   Merge Heap Roots: 0.2ms
[2023-03-15T04:20:16.832+0000][69][gc,phases   ] GC(40)   Evacuate Collection Set: 4.2ms
[2023-03-15T04:20:16.832+0000][69][gc,phases   ] GC(40)   Post Evacuate Collection Set: 1.2ms
[2023-03-15T04:20:16.833+0000][69][gc,phases   ] GC(40)   Other: 2.0ms
[2023-03-15T04:20:16.833+0000][69][gc,age      ] GC(40) Age table with threshold 15 (max threshold 15)
[2023-03-15T04:20:16.834+0000][69][gc,age      ] GC(40) - age   1:    1458920 bytes,    1458920 total
[2023-03-15T04:20:16.834+0000][69][gc,age      ] GC(40) - age   2:      21200 bytes,    1480120 total
[2023-03-15T04:20:16.834+0000][69][gc,age      ] GC(40) - age   3:        584 bytes,    1480704 total
[2023-03-15T04:20:16.835+0000][69][gc,age      ] GC(40) - age   4:     449032 bytes,    1929736 total
[2023-03-15T04:20:16.835+0000][69][gc,age      ] GC(40) - age   5:     330528 bytes,    2260264 total
[2023-03-15T04:20:16.836+0000][69][gc,age      ] GC(40) - age   6:     618680 bytes,    2878944 total
[2023-03-15T04:20:16.836+0000][69][gc,heap     ] GC(40) Eden regions: 21->0(2)
[2023-03-15T04:20:16.836+0000][69][gc,heap     ] GC(40) Survivor regions: 1->1(3)
[2023-03-15T04:20:16.837+0000][69][gc,heap     ] GC(40) Old regions: 25->25
[2023-03-15T04:20:16.837+0000][69][gc,heap     ] GC(40) Archive regions: 2->2
[2023-03-15T04:20:16.838+0000][69][gc,heap     ] GC(40) Humongous regions: 2->2
[2023-03-15T04:20:16.838+0000][69][gc,metaspace] GC(40) Metaspace: 135765K(139200K)->135765K(139200K) NonClass: 117808K(119488K)->117808K(119488K) Class: 17957K(19712K)->17957K(19712K)
[2023-03-15T04:20:16.839+0000][69][gc          ] GC(40) Pause Young (Prepare Mixed) (G1 Evacuation Pause) 194M->111M(256M) 17.472ms
[2023-03-15T04:20:16.839+0000][69][gc,cpu      ] GC(40) User=0.01s Sys=0.00s Real=0.02s
[2023-03-15T04:20:16.840+0000][69][safepoint   ] Safepoint "G1CollectForAllocation", Time since last: 80749457 ns, Reaching safepoint: 165704 ns, At safepoint: 18510331 ns, Total: 18676035 ns
[2023-03-15T04:20:17.493+0000][69][gc,start    ] GC(41) Pause Young (Mixed) (G1 Evacuation Pause)
[2023-03-15T04:20:17.493+0000][69][gc,task     ] GC(41) Using 4 workers of 4 for evacuation
[2023-03-15T04:20:17.494+0000][69][gc,age      ] GC(41) Desired survivor size 2097152 bytes, new threshold 5 (max threshold 15)
[2023-03-15T04:20:17.500+0000][69][gc,phases   ] GC(41)   Pre Evacuate Collection Set: 0.1ms
[2023-03-15T04:20:17.501+0000][69][gc,phases   ] GC(41)   Merge Heap Roots: 0.1ms
[2023-03-15T04:20:17.501+0000][69][gc,phases   ] GC(41)   Evacuate Collection Set: 4.5ms
[2023-03-15T04:20:17.502+0000][69][gc,phases   ] GC(41)   Post Evacuate Collection Set: 1.0ms
[2023-03-15T04:20:17.503+0000][69][gc,phases   ] GC(41)   Other: 1.0ms
[2023-03-15T04:20:17.503+0000][69][gc,age      ] GC(41) Age table with threshold 5 (max threshold 15)
[2023-03-15T04:20:17.504+0000][69][gc,age      ] GC(41) - age   1:     576424 bytes,     576424 total
[2023-03-15T04:20:17.504+0000][69][gc,age      ] GC(41) - age   2:     820264 bytes,    1396688 total
[2023-03-15T04:20:17.504+0000][69][gc,age      ] GC(41) - age   3:      21072 bytes,    1417760 total
[2023-03-15T04:20:17.505+0000][69][gc,age      ] GC(41) - age   4:        584 bytes,    1418344 total
[2023-03-15T04:20:17.505+0000][69][gc,age      ] GC(41) - age   5:     448792 bytes,    1867136 total
[2023-03-15T04:20:17.506+0000][69][gc,heap     ] GC(41) Eden regions: 2->0(22)
[2023-03-15T04:20:17.506+0000][69][gc,heap     ] GC(41) Survivor regions: 1->1(1)
[2023-03-15T04:20:17.507+0000][69][gc,heap     ] GC(41) Old regions: 25->25
[2023-03-15T04:20:17.507+0000][69][gc,heap     ] GC(41) Archive regions: 2->2
[2023-03-15T04:20:17.507+0000][69][gc,heap     ] GC(41) Humongous regions: 2->2
[2023-03-15T04:20:17.508+0000][69][gc,metaspace] GC(41) Metaspace: 135773K(139200K)->135773K(139200K) NonClass: 117815K(119488K)->117815K(119488K) Class: 17957K(19712K)->17957K(19712K)
[2023-03-15T04:20:17.508+0000][69][gc          ] GC(41) Pause Young (Mixed) (G1 Evacuation Pause) 119M->110M(256M) 15.535ms
[2023-03-15T04:20:17.509+0000][69][gc,cpu      ] GC(41) User=0.02s Sys=0.00s Real=0.02s
[2023-03-15T04:20:17.509+0000][69][safepoint   ] Safepoint "G1CollectForAllocation", Time since last: 652949999 ns, Reaching safepoint: 125542 ns, At safepoint: 16607092 ns, Total: 16732634 ns
[2023-03-15T04:20:18.513+0000][69][safepoint   ] Safepoint "Cleanup", Time since last: 1002838345 ns, Reaching safepoint: 450857 ns, At safepoint: 23950 ns, Total: 474807 ns
[2023-03-15T04:20:20.518+0000][69][safepoint   ] Safepoint "Cleanup", Time since last: 2004373357 ns, Reaching safepoint: 754521 ns, At safepoint: 14540 ns, Total: 769061 ns
[2023-03-15T04:20:23.525+0000][69][safepoint   ] Safepoint "Cleanup", Time since last: 3007040036 ns, Reaching safepoint: 351547 ns, At safepoint: 6668 ns, Total: 358215 ns
[2023-03-15T04:20:24.531+0000][69][safepoint   ] Safepoint "Cleanup", Time since last: 1004588218 ns, Reaching safepoint: 661432 ns, At safepoint: 17482 ns, Total: 678914 ns
[2023-03-15T04:20:26.536+0000][69][safepoint   ] Safepoint "Cleanup", Time since last: 2004360900 ns, Reaching safepoint: 463448 ns, At safepoint: 50899 ns, Total: 514347 ns
[2023-03-15T04:20:29.544+0000][69][safepoint   ] Safepoint "Cleanup", Time since last: 3007025332 ns, Reaching safepoint: 1182041 ns, At safepoint: 174782 ns, Total: 1356823 ns
[2023-03-15T04:20:30.550+0000][69][safepoint   ] Safepoint "Cleanup", Time since last: 1005234438 ns, Reaching safepoint: 489563 ns, At safepoint: 12659 ns, Total: 502222 ns
[2023-03-15T04:20:34.559+0000][69][safepoint   ] Safepoint "Cleanup", Time since last: 4009316957 ns, Reaching safepoint: 481320 ns, At safepoint: 15583 ns, Total: 496903 ns
[2023-03-15T04:20:35.565+0000][69][safepoint   ] Safepoint "Cleanup", Time since last: 1004422031 ns, Reaching safepoint: 761539 ns, At safepoint: 53664 ns, Total: 815203 ns
[2023-03-15T04:20:38.571+0000][69][safepoint   ] Safepoint "Cleanup", Time since last: 3006248613 ns, Reaching safepoint: 466423 ns, At safepoint: 13278 ns, Total: 479701 ns
[2023-03-15T04:20:40.576+0000][69][safepoint   ] Safepoint "Cleanup", Time since last: 2004604604 ns, Reaching safepoint: 346224 ns, At safepoint: 13648 ns, Total: 359872 ns
[2023-03-15T04:20:41.582+0000][69][safepoint   ] Safepoint "Cleanup", Time since last: 1005385521 ns, Reaching safepoint: 83561 ns, At safepoint: 7746 ns, Total: 91307 ns
[2023-03-15T04:20:42.585+0000][69][safepoint   ] Safepoint "Cleanup", Time since last: 1002414878 ns, Reaching safepoint: 480318 ns, At safepoint: 49143 ns, Total: 529461 ns
[2023-03-15T04:20:43.589+0000][69][safepoint   ] Safepoint "Cleanup", Time since last: 1003623576 ns, Reaching safepoint: 260696 ns, At safepoint: 11748 ns, Total: 272444 ns
[2023-03-15T04:20:44.592+0000][69][safepoint   ] Safepoint "Cleanup", Time since last: 1003410685 ns, Reaching safepoint: 288052 ns, At safepoint: 13454 ns, Total: 301506 ns
[2023-03-15T04:20:45.596+0000][69][safepoint   ] Safepoint "Cleanup", Time since last: 1003894482 ns, Reaching safepoint: 252207 ns, At safepoint: 11165 ns, Total: 263372 ns
[2023-03-15T04:20:46.601+0000][69][safepoint   ] Safepoint "Cleanup", Time since last: 1004887056 ns, Reaching safepoint: 167737 ns, At safepoint: 11207 ns, Total: 178944 ns
[2023-03-15T04:20:47.584+0000][69][safepoint   ] Safepoint "Cleanup", Time since last: 1003961673 ns, Reaching safepoint: 511162 ns, At safepoint: 18477 ns, Total: 529639 ns
[2023-03-15T04:20:47.818+0000][69][gc,start    ] GC(42) Pause Young (Concurrent Start) (G1 Evacuation Pause)
[2023-03-15T04:20:47.819+0000][69][gc,task     ] GC(42) Using 4 workers of 4 for evacuation
[2023-03-15T04:20:47.819+0000][69][gc,age      ] GC(42) Desired survivor size 6291456 bytes, new threshold 15 (max threshold 15)
[2023-03-15T04:20:47.823+0000][69][gc,phases   ] GC(42)   Pre Evacuate Collection Set: 0.4ms
[2023-03-15T04:20:47.824+0000][69][gc,phases   ] GC(42)   Merge Heap Roots: 0.1ms
[2023-03-15T04:20:47.824+0000][69][gc,phases   ] GC(42)   Evacuate Collection Set: 1.9ms
[2023-03-15T04:20:47.825+0000][69][gc,phases   ] GC(42)   Post Evacuate Collection Set: 0.8ms
[2023-03-15T04:20:47.825+0000][69][gc,phases   ] GC(42)   Other: 1.0ms
[2023-03-15T04:20:47.825+0000][69][gc,age      ] GC(42) Age table with threshold 15 (max threshold 15)
[2023-03-15T04:20:47.826+0000][69][gc,age      ] GC(42) - age   1:    1503800 bytes,    1503800 total
[2023-03-15T04:20:47.826+0000][69][gc,age      ] GC(42) - age   2:       9112 bytes,    1512912 total
[2023-03-15T04:20:47.827+0000][69][gc,age      ] GC(42) - age   3:      29968 bytes,    1542880 total
[2023-03-15T04:20:47.827+0000][69][gc,age      ] GC(42) - age   4:      20448 bytes,    1563328 total
[2023-03-15T04:20:47.827+0000][69][gc,age      ] GC(42) - age   5:        520 bytes,    1563848 total
[2023-03-15T04:20:47.828+0000][69][gc,age      ] GC(42) - age   6:     440040 bytes,    2003888 total
[2023-03-15T04:20:47.829+0000][69][gc,heap     ] GC(42) Eden regions: 22->0(22)
[2023-03-15T04:20:47.829+0000][69][gc,heap     ] GC(42) Survivor regions: 1->1(3)
[2023-03-15T04:20:47.830+0000][69][gc,heap     ] GC(42) Old regions: 25->25
[2023-03-15T04:20:47.830+0000][69][gc,heap     ] GC(42) Archive regions: 2->2
[2023-03-15T04:20:47.831+0000][69][gc,heap     ] GC(42) Humongous regions: 2->2
[2023-03-15T04:20:47.831+0000][69][gc,metaspace] GC(42) Metaspace: 135985K(139456K)->135985K(139456K) NonClass: 118027K(119744K)->118027K(119744K) Class: 17957K(19712K)->17957K(19712K)
[2023-03-15T04:20:47.831+0000][69][gc          ] GC(42) Pause Young (Concurrent Start) (G1 Evacuation Pause) 198M->110M(256M) 13.080ms
[2023-03-15T04:20:47.832+0000][69][gc          ] GC(43) Concurrent Mark Cycle
[2023-03-15T04:20:47.832+0000][69][gc,cpu      ] GC(42) User=0.00s Sys=0.00s Real=0.01s
[2023-03-15T04:20:47.833+0000][69][safepoint   ] Safepoint "G1CollectForAllocation", Time since last: 234134149 ns, Reaching safepoint: 99070 ns, At safepoint: 14562575 ns, Total: 14661645 ns
[2023-03-15T04:20:47.832+0000][69][gc,marking  ] GC(43) Concurrent Clear Claimed Marks
[2023-03-15T04:20:47.834+0000][69][gc,marking  ] GC(43) Concurrent Clear Claimed Marks 2.025ms
[2023-03-15T04:20:47.835+0000][69][gc,marking  ] GC(43) Concurrent Scan Root Regions
[2023-03-15T04:20:47.838+0000][69][gc,marking  ] GC(43) Concurrent Scan Root Regions 2.775ms
[2023-03-15T04:20:47.838+0000][69][gc,marking  ] GC(43) Concurrent Mark
[2023-03-15T04:20:47.839+0000][69][gc,marking  ] GC(43) Concurrent Mark From Roots
[2023-03-15T04:20:47.840+0000][69][gc,task     ] GC(43) Using 1 workers of 1 for marking
[2023-03-15T04:20:47.958+0000][69][gc,marking  ] GC(43) Concurrent Mark From Roots 119.193ms
[2023-03-15T04:20:47.959+0000][69][gc,marking  ] GC(43) Concurrent Preclean
[2023-03-15T04:20:47.960+0000][69][gc,marking  ] GC(43) Concurrent Preclean 1.477ms
[2023-03-15T04:20:47.961+0000][69][gc,start    ] GC(43) Pause Remark
[2023-03-15T04:20:47.983+0000][69][gc          ] GC(43) Pause Remark 111M->111M(256M) 21.471ms
[2023-03-15T04:20:47.983+0000][69][gc,cpu      ] GC(43) User=0.05s Sys=0.00s Real=0.02s
[2023-03-15T04:20:47.984+0000][69][safepoint   ] Safepoint "G1PauseRemark", Time since last: 128116633 ns, Reaching safepoint: 246073 ns, At safepoint: 22882127 ns, Total: 23128200 ns
[2023-03-15T04:20:47.985+0000][69][gc,marking  ] GC(43) Concurrent Mark 146.390ms
[2023-03-15T04:20:47.985+0000][69][gc,marking  ] GC(43) Concurrent Rebuild Remembered Sets
[2023-03-15T04:20:48.053+0000][69][gc,marking  ] GC(43) Concurrent Rebuild Remembered Sets 67.865ms
[2023-03-15T04:20:48.054+0000][69][gc,start    ] GC(43) Pause Cleanup
[2023-03-15T04:20:48.054+0000][69][gc          ] GC(43) Pause Cleanup 112M->112M(256M) 0.573ms
[2023-03-15T04:20:48.055+0000][69][gc,cpu      ] GC(43) User=0.00s Sys=0.00s Real=0.00s
[2023-03-15T04:20:48.055+0000][69][safepoint   ] Safepoint "G1PauseCleanup", Time since last: 69788684 ns, Reaching safepoint: 89640 ns, At safepoint: 1571103 ns, Total: 1660743 ns
[2023-03-15T04:20:48.056+0000][69][gc,marking  ] GC(43) Concurrent Cleanup for Next Mark
[2023-03-15T04:20:48.057+0000][69][gc,marking  ] GC(43) Concurrent Cleanup for Next Mark 0.733ms
[2023-03-15T04:20:48.057+0000][69][gc          ] GC(43) Concurrent Mark Cycle 225.295ms
[2023-03-15T04:20:49.059+0000][69][safepoint   ] Safepoint "Cleanup", Time since last: 1003449988 ns, Reaching safepoint: 442832 ns, At safepoint: 11285 ns, Total: 454117 ns
[2023-03-15T04:20:50.064+0000][69][safepoint   ] Safepoint "Cleanup", Time since last: 1004007899 ns, Reaching safepoint: 163651 ns, At safepoint: 6600 ns, Total: 170251 ns
[2023-03-15T04:20:51.066+0000][69][safepoint   ] Safepoint "Cleanup", Time since last: 1002314574 ns, Reaching safepoint: 395129 ns, At safepoint: 12232 ns, Total: 407361 ns
[2023-03-15T04:20:52.072+0000][69][safepoint   ] Safepoint "Cleanup", Time since last: 1004855283 ns, Reaching safepoint: 548456 ns, At safepoint: 18777 ns, Total: 567233 ns
[2023-03-15T04:20:53.075+0000][69][safepoint   ] Safepoint "Cleanup", Time since last: 1003292199 ns, Reaching safepoint: 180240 ns, At safepoint: 6243 ns, Total: 186483 ns
[2023-03-15T04:20:56.081+0000][69][safepoint   ] Safepoint "Cleanup", Time since last: 3005491802 ns, Reaching safepoint: 695309 ns, At safepoint: 31756 ns, Total: 727065 ns
[2023-03-15T04:20:58.085+0000][69][safepoint   ] Safepoint "Cleanup", Time since last: 2003272376 ns, Reaching safepoint: 204066 ns, At safepoint: 8028 ns, Total: 212094 ns
[2023-03-15T04:20:59.087+0000][69][safepoint   ] Safepoint "Cleanup", Time since last: 1001319083 ns, Reaching safepoint: 400368 ns, At safepoint: 17964 ns, Total: 418332 ns
[2023-03-15T04:21:00.088+0000][69][safepoint   ] Safepoint "Cleanup", Time since last: 1001290659 ns, Reaching safepoint: 314083 ns, At safepoint: 28120 ns, Total: 342203 ns
[2023-03-15T04:21:01.090+0000][69][safepoint   ] Safepoint "Cleanup", Time since last: 1001535600 ns, Reaching safepoint: 529804 ns, At safepoint: 86530 ns, Total: 616334 ns
[2023-03-15T04:21:02.094+0000][69][safepoint   ] Safepoint "Cleanup", Time since last: 1003229568 ns, Reaching safepoint: 559108 ns, At safepoint: 37121 ns, Total: 596229 ns
[2023-03-15T04:21:05.100+0000][69][safepoint   ] Safepoint "Cleanup", Time since last: 3005667503 ns, Reaching safepoint: 254066 ns, At safepoint: 8519 ns, Total: 262585 ns
[2023-03-15T04:21:06.103+0000][69][safepoint   ] Safepoint "Cleanup", Time since last: 1003135819 ns, Reaching safepoint: 144004 ns, At safepoint: 4995 ns, Total: 148999 ns
[2023-03-15T04:21:08.108+0000][69][safepoint   ] Safepoint "Cleanup", Time since last: 2004157710 ns, Reaching safepoint: 601311 ns, At safepoint: 48584 ns, Total: 649895 ns
[2023-03-15T04:21:11.113+0000][69][safepoint   ] Safepoint "Cleanup", Time since last: 3004432819 ns, Reaching safepoint: 155901 ns, At safepoint: 74368 ns, Total: 230269 ns
[2023-03-15T04:21:12.115+0000][69][safepoint   ] Safepoint "Cleanup", Time since last: 1001777588 ns, Reaching safepoint: 570874 ns, At safepoint: 31659 ns, Total: 602533 ns
[2023-03-15T04:21:14.119+0000][69][safepoint   ] Safepoint "Cleanup", Time since last: 2002945519 ns, Reaching safepoint: 436121 ns, At safepoint: 20110 ns, Total: 456231 ns
[2023-03-15T04:21:17.101+0000][69][safepoint   ] Safepoint "Cleanup", Time since last: 3003363256 ns, Reaching safepoint: 171626 ns, At safepoint: 27651 ns, Total: 199277 ns
[2023-03-15T04:21:17.121+0000][69][gc,start    ] GC(44) Pause Young (Prepare Mixed) (G1 Evacuation Pause)
[2023-03-15T04:21:17.122+0000][69][gc,task     ] GC(44) Using 4 workers of 4 for evacuation
[2023-03-15T04:21:17.123+0000][69][gc,age      ] GC(44) Desired survivor size 6291456 bytes, new threshold 15 (max threshold 15)
[2023-03-15T04:21:17.131+0000][69][gc,phases   ] GC(44)   Pre Evacuate Collection Set: 0.1ms
[2023-03-15T04:21:17.132+0000][69][gc,phases   ] GC(44)   Merge Heap Roots: 0.1ms
[2023-03-15T04:21:17.132+0000][69][gc,phases   ] GC(44)   Evacuate Collection Set: 5.1ms
[2023-03-15T04:21:17.133+0000][69][gc,phases   ] GC(44)   Post Evacuate Collection Set: 1.7ms
[2023-03-15T04:21:17.133+0000][69][gc,phases   ] GC(44)   Other: 1.9ms
[2023-03-15T04:21:17.134+0000][69][gc,age      ] GC(44) Age table with threshold 15 (max threshold 15)
[2023-03-15T04:21:17.134+0000][69][gc,age      ] GC(44) - age   1:    1914392 bytes,    1914392 total
[2023-03-15T04:21:17.134+0000][69][gc,age      ] GC(44) - age   2:       9000 bytes,    1923392 total
[2023-03-15T04:21:17.135+0000][69][gc,age      ] GC(44) - age   3:       8984 bytes,    1932376 total
[2023-03-15T04:21:17.135+0000][69][gc,age      ] GC(44) - age   4:      28136 bytes,    1960512 total
[2023-03-15T04:21:17.136+0000][69][gc,age      ] GC(44) - age   5:      19896 bytes,    1980408 total
[2023-03-15T04:21:17.136+0000][69][gc,age      ] GC(44) - age   6:        520 bytes,    1980928 total
[2023-03-15T04:21:17.137+0000][69][gc,age      ] GC(44) - age   7:     439824 bytes,    2420752 total
[2023-03-15T04:21:17.137+0000][69][gc,heap     ] GC(44) Eden regions: 22->0(2)
[2023-03-15T04:21:17.138+0000][69][gc,heap     ] GC(44) Survivor regions: 1->1(3)
[2023-03-15T04:21:17.138+0000][69][gc,heap     ] GC(44) Old regions: 25->25
[2023-03-15T04:21:17.139+0000][69][gc,heap     ] GC(44) Archive regions: 2->2
[2023-03-15T04:21:17.140+0000][69][gc,heap     ] GC(44) Humongous regions: 2->2
[2023-03-15T04:21:17.140+0000][69][gc,metaspace] GC(44) Metaspace: 133837K(139456K)->133837K(139456K) NonClass: 116450K(119744K)->116450K(119744K) Class: 17387K(19712K)->17387K(19712K)
[2023-03-15T04:21:17.141+0000][69][gc          ] GC(44) Pause Young (Prepare Mixed) (G1 Evacuation Pause) 198M->110M(256M) 20.014ms
[2023-03-15T04:21:17.142+0000][69][gc,cpu      ] GC(44) User=0.03s Sys=0.00s Real=0.02s
[2023-03-15T04:21:17.142+0000][69][safepoint   ] Safepoint "G1CollectForAllocation", Time since last: 20154719 ns, Reaching safepoint: 219483 ns, At safepoint: 21186983 ns, Total: 21406466 ns
[2023-03-15T04:21:18.143+0000][69][safepoint   ] Safepoint "Cleanup", Time since last: 1000841074 ns, Reaching safepoint: 198515 ns, At safepoint: 3534 ns, Total: 202049 ns
[2023-03-15T04:21:19.145+0000][69][safepoint   ] Safepoint "Cleanup", Time since last: 1001597805 ns, Reaching safepoint: 223227 ns, At safepoint: 10184 ns, Total: 233411 ns
[2023-03-15T04:21:19.710+0000][69][gc,start    ] GC(45) Pause Young (Mixed) (G1 Evacuation Pause)
[2023-03-15T04:21:19.712+0000][69][gc,task     ] GC(45) Using 4 workers of 4 for evacuation
[2023-03-15T04:21:19.713+0000][69][gc,age      ] GC(45) Desired survivor size 2097152 bytes, new threshold 7 (max threshold 15)
[2023-03-15T04:21:19.724+0000][69][gc,phases   ] GC(45)   Pre Evacuate Collection Set: 0.1ms
[2023-03-15T04:21:19.724+0000][69][gc,phases   ] GC(45)   Merge Heap Roots: 0.1ms
[2023-03-15T04:21:19.725+0000][69][gc,phases   ] GC(45)   Evacuate Collection Set: 9.4ms
[2023-03-15T04:21:19.726+0000][69][gc,phases   ] GC(45)   Post Evacuate Collection Set: 0.7ms
[2023-03-15T04:21:19.726+0000][69][gc,phases   ] GC(45)   Other: 1.8ms
[2023-03-15T04:21:19.727+0000][69][gc,age      ] GC(45) Age table with threshold 7 (max threshold 15)
[2023-03-15T04:21:19.727+0000][69][gc,age      ] GC(45) - age   1:     390024 bytes,     390024 total
[2023-03-15T04:21:19.728+0000][69][gc,age      ] GC(45) - age   2:      30424 bytes,     420448 total
[2023-03-15T04:21:19.729+0000][69][gc,age      ] GC(45) - age   3:       8808 bytes,     429256 total
[2023-03-15T04:21:19.730+0000][69][gc,age      ] GC(45) - age   4:       8984 bytes,     438240 total
[2023-03-15T04:21:19.730+0000][69][gc,age      ] GC(45) - age   5:      28072 bytes,     466312 total
[2023-03-15T04:21:19.731+0000][69][gc,age      ] GC(45) - age   6:      19832 bytes,     486144 total
[2023-03-15T04:21:19.731+0000][69][gc,age      ] GC(45) - age   7:        520 bytes,     486664 total
[2023-03-15T04:21:19.731+0000][69][gc,heap     ] GC(45) Eden regions: 2->0(23)
[2023-03-15T04:21:19.732+0000][69][gc,heap     ] GC(45) Survivor regions: 1->1(1)
[2023-03-15T04:21:19.732+0000][69][gc,heap     ] GC(45) Old regions: 25->24
[2023-03-15T04:21:19.733+0000][69][gc,heap     ] GC(45) Archive regions: 2->2
[2023-03-15T04:21:19.733+0000][69][gc,heap     ] GC(45) Humongous regions: 2->2
[2023-03-15T04:21:19.734+0000][69][gc,metaspace] GC(45) Metaspace: 133863K(139456K)->133863K(139456K) NonClass: 116476K(119744K)->116476K(119744K) Class: 17387K(19712K)->17387K(19712K)
[2023-03-15T04:21:19.734+0000][69][gc          ] GC(45) Pause Young (Mixed) (G1 Evacuation Pause) 118M->108M(256M) 24.306ms
[2023-03-15T04:21:19.735+0000][69][gc,cpu      ] GC(45) User=0.02s Sys=0.00s Real=0.03s
[2023-03-15T04:21:19.735+0000][69][safepoint   ] Safepoint "G1CollectForAllocation", Time since last: 564584970 ns, Reaching safepoint: 50413 ns, At safepoint: 25393806 ns, Total: 25444219 ns
[2023-03-15T04:21:20.736+0000][69][safepoint   ] Safepoint "Cleanup", Time since last: 1000972494 ns, Reaching safepoint: 300833 ns, At safepoint: 8580 ns, Total: 309413 ns
[2023-03-15T04:21:21.741+0000][69][safepoint   ] Safepoint "Cleanup", Time since last: 1003852339 ns, Reaching safepoint: 431140 ns, At safepoint: 18527 ns, Total: 449667 ns
[2023-03-15T04:21:22.745+0000][69][safepoint   ] Safepoint "Cleanup", Time since last: 1003620826 ns, Reaching safepoint: 269201 ns, At safepoint: 6226 ns, Total: 275427 ns
[2023-03-15T04:21:23.748+0000][69][safepoint   ] Safepoint "Cleanup", Time since last: 1002310778 ns, Reaching safepoint: 570351 ns, At safepoint: 16310 ns, Total: 586661 ns
[2023-03-15T04:21:24.752+0000][69][safepoint   ] Safepoint "Cleanup", Time since last: 1004337786 ns, Reaching safepoint: 531066 ns, At safepoint: 14206 ns, Total: 545272 ns
[2023-03-15T04:21:25.757+0000][69][safepoint   ] Safepoint "Cleanup", Time since last: 1004067173 ns, Reaching safepoint: 468989 ns, At safepoint: 16738 ns, Total: 485727 ns
[2023-03-15T04:21:26.763+0000][69][safepoint   ] Safepoint "Cleanup", Time since last: 1005363863 ns, Reaching safepoint: 367856 ns, At safepoint: 14859 ns, Total: 382715 ns
[2023-03-15T04:21:28.768+0000][69][safepoint   ] Safepoint "Cleanup", Time since last: 2005219299 ns, Reaching safepoint: 182436 ns, At safepoint: 13209 ns, Total: 195645 ns
[2023-03-15T04:21:29.772+0000][69][safepoint   ] Safepoint "Cleanup", Time since last: 1003050698 ns, Reaching safepoint: 465702 ns, At safepoint: 45183 ns, Total: 510885 ns
[2023-03-15T04:21:30.776+0000][69][safepoint   ] Safepoint "Cleanup", Time since last: 1003531591 ns, Reaching safepoint: 874271 ns, At safepoint: 19224 ns, Total: 893495 ns
[2023-03-15T04:21:31.782+0000][69][safepoint   ] Safepoint "Cleanup", Time since last: 1004625691 ns, Reaching safepoint: 767076 ns, At safepoint: 15068 ns, Total: 782144 ns
[2023-03-15T04:21:33.786+0000][69][safepoint   ] Safepoint "Cleanup", Time since last: 2004276944 ns, Reaching safepoint: 385778 ns, At safepoint: 43964 ns, Total: 429742 ns
[2023-03-15T04:21:34.789+0000][69][safepoint   ] Safepoint "Cleanup", Time since last: 1002403649 ns, Reaching safepoint: 191014 ns, At safepoint: 5484 ns, Total: 196498 ns
[2023-03-15T04:21:35.790+0000][69][safepoint   ] Safepoint "Cleanup", Time since last: 1001122590 ns, Reaching safepoint: 131375 ns, At safepoint: 5673 ns, Total: 137048 ns
[2023-03-15T04:21:36.793+0000][69][safepoint   ] Safepoint "Cleanup", Time since last: 1002101547 ns, Reaching safepoint: 456164 ns, At safepoint: 14090 ns, Total: 470254 ns
[2023-03-15T04:21:37.797+0000][69][safepoint   ] Safepoint "Cleanup", Time since last: 1003858579 ns, Reaching safepoint: 251831 ns, At safepoint: 8268 ns, Total: 260099 ns
[2023-03-15T04:21:38.799+0000][69][safepoint   ] Safepoint "Cleanup", Time since last: 1002359461 ns, Reaching safepoint: 173677 ns, At safepoint: 9839 ns, Total: 183516 ns
[2023-03-15T04:21:40.801+0000][69][safepoint   ] Safepoint "Cleanup", Time since last: 2001947177 ns, Reaching safepoint: 106616 ns, At safepoint: 5344 ns, Total: 111960 ns
[2023-03-15T04:21:41.806+0000][69][safepoint   ] Safepoint "Cleanup", Time since last: 1002942850 ns, Reaching safepoint: 1210512 ns, At safepoint: 70014 ns, Total: 1280526 ns
[2023-03-15T04:21:43.819+0000][69][safepoint   ] Safepoint "Cleanup", Time since last: 2013224397 ns, Reaching safepoint: 287866 ns, At safepoint: 10936 ns, Total: 298802 ns
[2023-03-15T04:21:46.809+0000][69][safepoint   ] Safepoint "Cleanup", Time since last: 3011103008 ns, Reaching safepoint: 299739 ns, At safepoint: 19269 ns, Total: 319008 ns
[2023-03-15T04:21:47.810+0000][69][safepoint   ] Safepoint "Cleanup", Time since last: 1001197551 ns, Reaching safepoint: 105314 ns, At safepoint: 3397 ns, Total: 108711 ns
[2023-03-15T04:21:47.866+0000][69][gc,start    ] GC(46) Pause Young (Concurrent Start) (G1 Evacuation Pause)
[2023-03-15T04:21:47.867+0000][69][gc,task     ] GC(46) Using 4 workers of 4 for evacuation
[2023-03-15T04:21:47.867+0000][69][gc,age      ] GC(46) Desired survivor size 6291456 bytes, new threshold 15 (max threshold 15)
[2023-03-15T04:21:47.871+0000][69][gc,phases   ] GC(46)   Pre Evacuate Collection Set: 0.4ms
[2023-03-15T04:21:47.872+0000][69][gc,phases   ] GC(46)   Merge Heap Roots: 0.1ms
[2023-03-15T04:21:47.872+0000][69][gc,phases   ] GC(46)   Evacuate Collection Set: 1.8ms
[2023-03-15T04:21:47.873+0000][69][gc,phases   ] GC(46)   Post Evacuate Collection Set: 0.7ms
[2023-03-15T04:21:47.874+0000][69][gc,phases   ] GC(46)   Other: 1.1ms
[2023-03-15T04:21:47.874+0000][69][gc,age      ] GC(46) Age table with threshold 15 (max threshold 15)
[2023-03-15T04:21:47.875+0000][69][gc,age      ] GC(46) - age   1:     800016 bytes,     800016 total
[2023-03-15T04:21:47.876+0000][69][gc,age      ] GC(46) - age   2:        304 bytes,     800320 total
[2023-03-15T04:21:47.876+0000][69][gc,age      ] GC(46) - age   3:      10312 bytes,     810632 total
[2023-03-15T04:21:47.877+0000][69][gc,age      ] GC(46) - age   4:       8232 bytes,     818864 total
[2023-03-15T04:21:47.877+0000][69][gc,age      ] GC(46) - age   5:       8920 bytes,     827784 total
[2023-03-15T04:21:47.878+0000][69][gc,age      ] GC(46) - age   6:      28072 bytes,     855856 total
[2023-03-15T04:21:47.878+0000][69][gc,age      ] GC(46) - age   7:      19832 bytes,     875688 total
[2023-03-15T04:21:47.879+0000][69][gc,age      ] GC(46) - age   8:        520 bytes,     876208 total
[2023-03-15T04:21:47.879+0000][69][gc,heap     ] GC(46) Eden regions: 23->0(23)
[2023-03-15T04:21:47.879+0000][69][gc,heap     ] GC(46) Survivor regions: 1->1(3)
[2023-03-15T04:21:47.880+0000][69][gc,heap     ] GC(46) Old regions: 24->24
[2023-03-15T04:21:47.881+0000][69][gc,heap     ] GC(46) Archive regions: 2->2
[2023-03-15T04:21:47.881+0000][69][gc,heap     ] GC(46) Humongous regions: 2->2
[2023-03-15T04:21:47.882+0000][69][gc,metaspace] GC(46) Metaspace: 134081K(139520K)->134081K(139520K) NonClass: 116694K(119808K)->116694K(119808K) Class: 17387K(19712K)->17387K(19712K)
[2023-03-15T04:21:47.882+0000][69][gc          ] GC(46) Pause Young (Concurrent Start) (G1 Evacuation Pause) 200M->108M(256M) 16.029ms
[2023-03-15T04:21:47.883+0000][69][gc          ] GC(47) Concurrent Mark Cycle
[2023-03-15T04:21:47.883+0000][69][gc,marking  ] GC(47) Concurrent Clear Claimed Marks
[2023-03-15T04:21:47.883+0000][69][gc,cpu      ] GC(46) User=0.01s Sys=0.00s Real=0.02s
[2023-03-15T04:21:47.884+0000][69][gc,marking  ] GC(47) Concurrent Clear Claimed Marks 0.665ms
[2023-03-15T04:21:47.885+0000][69][gc,marking  ] GC(47) Concurrent Scan Root Regions
[2023-03-15T04:21:47.884+0000][69][safepoint   ] Safepoint "G1CollectForAllocation", Time since last: 55835027 ns, Reaching safepoint: 372950 ns, At safepoint: 18102502 ns, Total: 18475452 ns
[2023-03-15T04:21:47.887+0000][69][gc,marking  ] GC(47) Concurrent Scan Root Regions 2.237ms
[2023-03-15T04:21:47.888+0000][69][gc,marking  ] GC(47) Concurrent Mark
[2023-03-15T04:21:47.889+0000][69][gc,marking  ] GC(47) Concurrent Mark From Roots
[2023-03-15T04:21:47.889+0000][69][gc,task     ] GC(47) Using 1 workers of 1 for marking
[2023-03-15T04:21:47.996+0000][69][gc,marking  ] GC(47) Concurrent Mark From Roots 107.544ms
[2023-03-15T04:21:47.997+0000][69][gc,marking  ] GC(47) Concurrent Preclean
[2023-03-15T04:21:47.999+0000][69][gc,marking  ] GC(47) Concurrent Preclean 1.681ms
[2023-03-15T04:21:48.000+0000][69][gc,start    ] GC(47) Pause Remark
[2023-03-15T04:21:48.017+0000][69][gc          ] GC(47) Pause Remark 109M->109M(256M) 17.758ms
[2023-03-15T04:21:48.018+0000][69][gc,cpu      ] GC(47) User=0.04s Sys=0.00s Real=0.02s
[2023-03-15T04:21:48.019+0000][69][safepoint   ] Safepoint "G1PauseRemark", Time since last: 115261764 ns, Reaching safepoint: 52283 ns, At safepoint: 19451734 ns, Total: 19504017 ns
[2023-03-15T04:21:48.020+0000][69][gc,marking  ] GC(47) Concurrent Mark 131.910ms
[2023-03-15T04:21:48.021+0000][69][gc,marking  ] GC(47) Concurrent Rebuild Remembered Sets
[2023-03-15T04:21:48.078+0000][69][gc,marking  ] GC(47) Concurrent Rebuild Remembered Sets 57.787ms
[2023-03-15T04:21:48.080+0000][69][gc,start    ] GC(47) Pause Cleanup
[2023-03-15T04:21:48.081+0000][69][gc          ] GC(47) Pause Cleanup 109M->109M(256M) 1.023ms
[2023-03-15T04:21:48.082+0000][69][gc,cpu      ] GC(47) User=0.00s Sys=0.00s Real=0.00s
[2023-03-15T04:21:48.082+0000][69][safepoint   ] Safepoint "G1PauseCleanup", Time since last: 60675547 ns, Reaching safepoint: 67065 ns, At safepoint: 2296637 ns, Total: 2363702 ns
[2023-03-15T04:21:48.083+0000][69][gc,marking  ] GC(47) Concurrent Cleanup for Next Mark
[2023-03-15T04:21:48.084+0000][69][gc,marking  ] GC(47) Concurrent Cleanup for Next Mark 0.642ms
[2023-03-15T04:21:48.085+0000][69][gc          ] GC(47) Concurrent Mark Cycle 201.728ms
[2023-03-15T04:21:51.086+0000][69][safepoint   ] Safepoint "Cleanup", Time since last: 3003594314 ns, Reaching safepoint: 330151 ns, At safepoint: 12234 ns, Total: 342385 ns
[2023-03-15T04:21:53.091+0000][69][safepoint   ] Safepoint "Cleanup", Time since last: 2004400943 ns, Reaching safepoint: 151393 ns, At safepoint: 8165 ns, Total: 159558 ns
[2023-03-15T04:21:55.094+0000][69][safepoint   ] Safepoint "Cleanup", Time since last: 2002750634 ns, Reaching safepoint: 250434 ns, At safepoint: 21282 ns, Total: 271716 ns
[2023-03-15T04:21:59.100+0000][69][safepoint   ] Safepoint "Cleanup", Time since last: 4005819135 ns, Reaching safepoint: 104189 ns, At safepoint: 3485 ns, Total: 107674 ns
[2023-03-15T04:22:00.102+0000][69][safepoint   ] Safepoint "Cleanup", Time since last: 1001782679 ns, Reaching safepoint: 451756 ns, At safepoint: 30463 ns, Total: 482219 ns
[2023-03-15T04:22:05.109+0000][69][safepoint   ] Safepoint "Cleanup", Time since last: 5005886508 ns, Reaching safepoint: 901547 ns, At safepoint: 46159 ns, Total: 947706 ns
[2023-03-15T04:22:06.116+0000][69][safepoint   ] Safepoint "Cleanup", Time since last: 1006721761 ns, Reaching safepoint: 384893 ns, At safepoint: 13471 ns, Total: 398364 ns
[2023-03-15T04:22:08.122+0000][69][safepoint   ] Safepoint "Cleanup", Time since last: 2005463555 ns, Reaching safepoint: 265373 ns, At safepoint: 12182 ns, Total: 277555 ns
[2023-03-15T04:22:09.124+0000][69][safepoint   ] Safepoint "Cleanup", Time since last: 1002236796 ns, Reaching safepoint: 188249 ns, At safepoint: 54725 ns, Total: 242974 ns
[2023-03-15T04:22:11.128+0000][69][safepoint   ] Safepoint "Cleanup", Time since last: 2003429999 ns, Reaching safepoint: 188018 ns, At safepoint: 4802 ns, Total: 192820 ns
[2023-03-15T04:22:13.129+0000][69][safepoint   ] Safepoint "Cleanup", Time since last: 2001166281 ns, Reaching safepoint: 165557 ns, At safepoint: 5081 ns, Total: 170638 ns
[2023-03-15T04:22:14.132+0000][69][safepoint   ] Safepoint "Cleanup", Time since last: 1002681959 ns, Reaching safepoint: 106200 ns, At safepoint: 4374 ns, Total: 110574 ns
[2023-03-15T04:22:17.113+0000][69][safepoint   ] Safepoint "Cleanup", Time since last: 3002582967 ns, Reaching safepoint: 296994 ns, At safepoint: 8171 ns, Total: 305165 ns
[2023-03-15T04:22:18.119+0000][69][safepoint   ] Safepoint "Cleanup", Time since last: 1004402689 ns, Reaching safepoint: 707660 ns, At safepoint: 23251 ns, Total: 730911 ns
[2023-03-15T04:22:19.123+0000][69][safepoint   ] Safepoint "Cleanup", Time since last: 1003667341 ns, Reaching safepoint: 267163 ns, At safepoint: 12572 ns, Total: 279735 ns
[2023-03-15T04:22:20.127+0000][69][safepoint   ] Safepoint "Cleanup", Time since last: 1004366332 ns, Reaching safepoint: 431915 ns, At safepoint: 10529 ns, Total: 442444 ns
[2023-03-15T04:22:21.130+0000][69][safepoint   ] Safepoint "Cleanup", Time since last: 1002515743 ns, Reaching safepoint: 524996 ns, At safepoint: 12693 ns, Total: 537689 ns
[2023-03-15T04:22:22.744+0000][69][gc,start    ] GC(48) Pause Young (Prepare Mixed) (G1 Evacuation Pause)
[2023-03-15T04:22:22.744+0000][69][gc,task     ] GC(48) Using 4 workers of 4 for evacuation
[2023-03-15T04:22:22.745+0000][69][gc,age      ] GC(48) Desired survivor size 6291456 bytes, new threshold 15 (max threshold 15)
[2023-03-15T04:22:22.754+0000][69][gc,phases   ] GC(48)   Pre Evacuate Collection Set: 0.1ms
[2023-03-15T04:22:22.754+0000][69][gc,phases   ] GC(48)   Merge Heap Roots: 0.1ms
[2023-03-15T04:22:22.755+0000][69][gc,phases   ] GC(48)   Evacuate Collection Set: 7.2ms
[2023-03-15T04:22:22.755+0000][69][gc,phases   ] GC(48)   Post Evacuate Collection Set: 0.8ms
[2023-03-15T04:22:22.756+0000][69][gc,phases   ] GC(48)   Other: 1.2ms
[2023-03-15T04:22:22.756+0000][69][gc,age      ] GC(48) Age table with threshold 15 (max threshold 15)
[2023-03-15T04:22:22.757+0000][69][gc,age      ] GC(48) - age   1:    1500880 bytes,    1500880 total
[2023-03-15T04:22:22.757+0000][69][gc,age      ] GC(48) - age   2:      15152 bytes,    1516032 total
[2023-03-15T04:22:22.758+0000][69][gc,age      ] GC(48) - age   3:        240 bytes,    1516272 total
[2023-03-15T04:22:22.758+0000][69][gc,age      ] GC(48) - age   4:       9568 bytes,    1525840 total
[2023-03-15T04:22:22.759+0000][69][gc,age      ] GC(48) - age   5:       7760 bytes,    1533600 total
[2023-03-15T04:22:22.759+0000][69][gc,age      ] GC(48) - age   6:        904 bytes,    1534504 total
[2023-03-15T04:22:22.760+0000][69][gc,age      ] GC(48) - age   7:      27768 bytes,    1562272 total
[2023-03-15T04:22:22.760+0000][69][gc,age      ] GC(48) - age   8:      19832 bytes,    1582104 total
[2023-03-15T04:22:22.761+0000][69][gc,age      ] GC(48) - age   9:        520 bytes,    1582624 total
[2023-03-15T04:22:22.761+0000][69][gc,heap     ] GC(48) Eden regions: 23->0(2)
[2023-03-15T04:22:22.762+0000][69][gc,heap     ] GC(48) Survivor regions: 1->1(3)
[2023-03-15T04:22:22.762+0000][69][gc,heap     ] GC(48) Old regions: 24->24
[2023-03-15T04:22:22.763+0000][69][gc,heap     ] GC(48) Archive regions: 2->2
[2023-03-15T04:22:22.764+0000][69][gc,heap     ] GC(48) Humongous regions: 2->2
[2023-03-15T04:22:22.764+0000][69][gc,metaspace] GC(48) Metaspace: 134422K(139520K)->134422K(139520K) NonClass: 117034K(119808K)->117034K(119808K) Class: 17387K(19712K)->17387K(19712K)
[2023-03-15T04:22:22.765+0000][69][gc          ] GC(48) Pause Young (Prepare Mixed) (G1 Evacuation Pause) 200M->109M(256M) 20.850ms
[2023-03-15T04:22:22.765+0000][69][gc,cpu      ] GC(48) User=0.01s Sys=0.00s Real=0.02s
[2023-03-15T04:22:22.765+0000][69][safepoint   ] Safepoint "G1CollectForAllocation", Time since last: 1613180947 ns, Reaching safepoint: 106839 ns, At safepoint: 21834499 ns, Total: 21941338 ns
[2023-03-15T04:22:23.091+0000][69][gc,start    ] GC(49) Pause Young (Mixed) (G1 Evacuation Pause)
[2023-03-15T04:22:23.093+0000][69][gc,task     ] GC(49) Using 4 workers of 4 for evacuation
[2023-03-15T04:22:23.094+0000][69][gc,age      ] GC(49) Desired survivor size 2097152 bytes, new threshold 15 (max threshold 15)
[2023-03-15T04:22:23.106+0000][69][gc,phases   ] GC(49)   Pre Evacuate Collection Set: 0.2ms
[2023-03-15T04:22:23.108+0000][69][gc,phases   ] GC(49)   Merge Heap Roots: 0.3ms
[2023-03-15T04:22:23.108+0000][69][gc,phases   ] GC(49)   Evacuate Collection Set: 7.8ms
[2023-03-15T04:22:23.110+0000][69][gc,phases   ] GC(49)   Post Evacuate Collection Set: 1.7ms
[2023-03-15T04:22:23.111+0000][69][gc,phases   ] GC(49)   Other: 3.3ms
[2023-03-15T04:22:23.112+0000][69][gc,age      ] GC(49) Age table with threshold 15 (max threshold 15)
[2023-03-15T04:22:23.113+0000][69][gc,age      ] GC(49) - age   1:     646064 bytes,     646064 total
[2023-03-15T04:22:23.114+0000][69][gc,age      ] GC(49) - age   2:     955888 bytes,    1601952 total
[2023-03-15T04:22:23.115+0000][69][gc,age      ] GC(49) - age   3:      15088 bytes,    1617040 total
[2023-03-15T04:22:23.115+0000][69][gc,age      ] GC(49) - age   4:        240 bytes,    1617280 total
[2023-03-15T04:22:23.116+0000][69][gc,age      ] GC(49) - age   5:       9568 bytes,    1626848 total
[2023-03-15T04:22:23.117+0000][69][gc,age      ] GC(49) - age   6:       7728 bytes,    1634576 total
[2023-03-15T04:22:23.117+0000][69][gc,age      ] GC(49) - age   7:        904 bytes,    1635480 total
[2023-03-15T04:22:23.118+0000][69][gc,age      ] GC(49) - age   8:      27768 bytes,    1663248 total
[2023-03-15T04:22:23.119+0000][69][gc,age      ] GC(49) - age   9:      19800 bytes,    1683048 total
[2023-03-15T04:22:23.120+0000][69][gc,age      ] GC(49) - age  10:        520 bytes,    1683568 total
[2023-03-15T04:22:23.121+0000][69][gc,heap     ] GC(49) Eden regions: 2->0(23)
[2023-03-15T04:22:23.122+0000][69][gc,heap     ] GC(49) Survivor regions: 1->1(1)
[2023-03-15T04:22:23.123+0000][69][gc,heap     ] GC(49) Old regions: 24->24
[2023-03-15T04:22:23.124+0000][69][gc,heap     ] GC(49) Archive regions: 2->2
[2023-03-15T04:22:23.124+0000][69][gc,heap     ] GC(49) Humongous regions: 2->2
[2023-03-15T04:22:23.125+0000][69][gc,metaspace] GC(49) Metaspace: 134432K(139520K)->134432K(139520K) NonClass: 117044K(119808K)->117044K(119808K) Class: 17387K(19712K)->17387K(19712K)
[2023-03-15T04:22:23.126+0000][69][gc          ] GC(49) Pause Young (Mixed) (G1 Evacuation Pause) 117M->108M(256M) 35.262ms
[2023-03-15T04:22:23.127+0000][69][gc,cpu      ] GC(49) User=0.02s Sys=0.00s Real=0.04s
[2023-03-15T04:22:23.128+0000][69][safepoint   ] Safepoint "G1CollectForAllocation", Time since last: 325195317 ns, Reaching safepoint: 196736 ns, At safepoint: 37239318 ns, Total: 37436054 ns
[2023-03-15T04:22:24.130+0000][69][safepoint   ] Safepoint "Cleanup", Time since last: 1001658795 ns, Reaching safepoint: 222422 ns, At safepoint: 17441 ns, Total: 239863 ns
[2023-03-15T04:22:25.131+0000][69][safepoint   ] Safepoint "Cleanup", Time since last: 1001233671 ns, Reaching safepoint: 172920 ns, At safepoint: 13564 ns, Total: 186484 ns
[2023-03-15T04:22:29.136+0000][69][safepoint   ] Safepoint "Cleanup", Time since last: 4003931737 ns, Reaching safepoint: 623696 ns, At safepoint: 320841 ns, Total: 944537 ns
[2023-03-15T04:22:30.141+0000][69][safepoint   ] Safepoint "Cleanup", Time since last: 1004100855 ns, Reaching safepoint: 338719 ns, At safepoint: 32098 ns, Total: 370817 ns
[2023-03-15T04:22:33.147+0000][69][safepoint   ] Safepoint "Cleanup", Time since last: 3006140409 ns, Reaching safepoint: 374381 ns, At safepoint: 11276 ns, Total: 385657 ns
[2023-03-15T04:22:35.152+0000][69][safepoint   ] Safepoint "Cleanup", Time since last: 2004401647 ns, Reaching safepoint: 233744 ns, At safepoint: 5667 ns, Total: 239411 ns
[2023-03-15T04:22:36.156+0000][69][safepoint   ] Safepoint "Cleanup", Time since last: 1003528608 ns, Reaching safepoint: 460084 ns, At safepoint: 13251 ns, Total: 473335 ns
[2023-03-15T04:22:37.160+0000][69][safepoint   ] Safepoint "Cleanup", Time since last: 1004374537 ns, Reaching safepoint: 156319 ns, At safepoint: 5773 ns, Total: 162092 ns
[2023-03-15T04:22:38.164+0000][69][safepoint   ] Safepoint "Cleanup", Time since last: 1003184951 ns, Reaching safepoint: 169630 ns, At safepoint: 6341 ns, Total: 175971 ns
[2023-03-15T04:22:39.168+0000][69][safepoint   ] Safepoint "Cleanup", Time since last: 1003826253 ns, Reaching safepoint: 335485 ns, At safepoint: 23689 ns, Total: 359174 ns
[2023-03-15T04:22:40.172+0000][69][safepoint   ] Safepoint "Cleanup", Time since last: 1003954775 ns, Reaching safepoint: 175950 ns, At safepoint: 21203 ns, Total: 197153 ns
[2023-03-15T04:22:41.176+0000][69][safepoint   ] Safepoint "Cleanup", Time since last: 1003251827 ns, Reaching safepoint: 316795 ns, At safepoint: 18164 ns, Total: 334959 ns
[2023-03-15T04:22:43.182+0000][69][safepoint   ] Safepoint "Cleanup", Time since last: 2006405655 ns, Reaching safepoint: 227032 ns, At safepoint: 16950 ns, Total: 243982 ns
[2023-03-15T04:22:47.165+0000][69][safepoint   ] Safepoint "Cleanup", Time since last: 4003976233 ns, Reaching safepoint: 71607 ns, At safepoint: 4570 ns, Total: 76177 ns
[2023-03-15T04:22:48.166+0000][69][safepoint   ] Safepoint "Cleanup", Time since last: 1001255282 ns, Reaching safepoint: 256821 ns, At safepoint: 13114 ns, Total: 269935 ns
[2023-03-15T04:22:49.171+0000][69][safepoint   ] Safepoint "Cleanup", Time since last: 1004245878 ns, Reaching safepoint: 131693 ns, At safepoint: 4054 ns, Total: 135747 ns
[2023-03-15T04:22:53.178+0000][69][safepoint   ] Safepoint "Cleanup", Time since last: 4006461372 ns, Reaching safepoint: 755463 ns, At safepoint: 13665 ns, Total: 769128 ns
[2023-03-15T04:22:53.806+0000][69][gc,start    ] GC(50) Pause Young (Concurrent Start) (G1 Evacuation Pause)
[2023-03-15T04:22:53.807+0000][69][gc,task     ] GC(50) Using 4 workers of 4 for evacuation
[2023-03-15T04:22:53.807+0000][69][gc,age      ] GC(50) Desired survivor size 6291456 bytes, new threshold 15 (max threshold 15)
[2023-03-15T04:22:53.814+0000][69][gc,phases   ] GC(50)   Pre Evacuate Collection Set: 0.5ms
[2023-03-15T04:22:53.815+0000][69][gc,phases   ] GC(50)   Merge Heap Roots: 0.2ms
[2023-03-15T04:22:53.815+0000][69][gc,phases   ] GC(50)   Evacuate Collection Set: 3.4ms
[2023-03-15T04:22:53.816+0000][69][gc,phases   ] GC(50)   Post Evacuate Collection Set: 1.0ms
[2023-03-15T04:22:53.816+0000][69][gc,phases   ] GC(50)   Other: 1.9ms
[2023-03-15T04:22:53.817+0000][69][gc,age      ] GC(50) Age table with threshold 15 (max threshold 15)
[2023-03-15T04:22:53.818+0000][69][gc,age      ] GC(50) - age   1:     688280 bytes,     688280 total
[2023-03-15T04:22:53.819+0000][69][gc,age      ] GC(50) - age   2:        680 bytes,     688960 total
[2023-03-15T04:22:53.819+0000][69][gc,age      ] GC(50) - age   3:      32576 bytes,     721536 total
[2023-03-15T04:22:53.820+0000][69][gc,age      ] GC(50) - age   4:      14312 bytes,     735848 total
[2023-03-15T04:22:53.820+0000][69][gc,age      ] GC(50) - age   5:        240 bytes,     736088 total
[2023-03-15T04:22:53.820+0000][69][gc,age      ] GC(50) - age   6:       9568 bytes,     745656 total
[2023-03-15T04:22:53.821+0000][69][gc,age      ] GC(50) - age   7:       7664 bytes,     753320 total
[2023-03-15T04:22:53.821+0000][69][gc,age      ] GC(50) - age   8:        904 bytes,     754224 total
[2023-03-15T04:22:53.821+0000][69][gc,age      ] GC(50) - age   9:      27472 bytes,     781696 total
[2023-03-15T04:22:53.822+0000][69][gc,age      ] GC(50) - age  10:      19736 bytes,     801432 total
[2023-03-15T04:22:53.823+0000][69][gc,age      ] GC(50) - age  11:        520 bytes,     801952 total
[2023-03-15T04:22:53.823+0000][69][gc,heap     ] GC(50) Eden regions: 23->0(23)
[2023-03-15T04:22:53.823+0000][69][gc,heap     ] GC(50) Survivor regions: 1->1(3)
[2023-03-15T04:22:53.824+0000][69][gc,heap     ] GC(50) Old regions: 24->24
[2023-03-15T04:22:53.824+0000][69][gc,heap     ] GC(50) Archive regions: 2->2
[2023-03-15T04:22:53.825+0000][69][gc,heap     ] GC(50) Humongous regions: 2->2
[2023-03-15T04:22:53.826+0000][69][gc,metaspace] GC(50) Metaspace: 134579K(139520K)->134579K(139520K) NonClass: 117191K(119808K)->117191K(119808K) Class: 17388K(19712K)->17388K(19712K)
[2023-03-15T04:22:53.826+0000][69][gc          ] GC(50) Pause Young (Concurrent Start) (G1 Evacuation Pause) 200M->107M(256M) 20.568ms
[2023-03-15T04:22:53.827+0000][69][gc          ] GC(51) Concurrent Mark Cycle
[2023-03-15T04:22:53.827+0000][69][gc,marking  ] GC(51) Concurrent Clear Claimed Marks
[2023-03-15T04:22:53.828+0000][69][gc,marking  ] GC(51) Concurrent Clear Claimed Marks 0.670ms
[2023-03-15T04:22:53.828+0000][69][gc,marking  ] GC(51) Concurrent Scan Root Regions
[2023-03-15T04:22:53.827+0000][69][gc,cpu      ] GC(50) User=0.01s Sys=0.00s Real=0.02s
[2023-03-15T04:22:53.830+0000][69][gc,marking  ] GC(51) Concurrent Scan Root Regions 1.981ms
[2023-03-15T04:22:53.831+0000][69][gc,marking  ] GC(51) Concurrent Mark
[2023-03-15T04:22:53.832+0000][69][gc,marking  ] GC(51) Concurrent Mark From Roots
[2023-03-15T04:22:53.832+0000][69][gc,task     ] GC(51) Using 1 workers of 1 for marking
[2023-03-15T04:22:53.831+0000][69][safepoint   ] Safepoint "G1CollectForAllocation", Time since last: 627365531 ns, Reaching safepoint: 65462 ns, At safepoint: 25235169 ns, Total: 25300631 ns
[2023-03-15T04:22:53.970+0000][69][gc,marking  ] GC(51) Concurrent Mark From Roots 138.090ms
[2023-03-15T04:22:53.971+0000][69][gc,marking  ] GC(51) Concurrent Preclean
[2023-03-15T04:22:53.972+0000][69][gc,marking  ] GC(51) Concurrent Preclean 0.932ms
[2023-03-15T04:22:53.972+0000][69][gc,start    ] GC(51) Pause Remark
[2023-03-15T04:22:53.987+0000][69][gc          ] GC(51) Pause Remark 108M->108M(256M) 14.878ms
[2023-03-15T04:22:53.988+0000][69][gc,cpu      ] GC(51) User=0.02s Sys=0.00s Real=0.01s
[2023-03-15T04:22:53.989+0000][69][safepoint   ] Safepoint "G1PauseRemark", Time since last: 141428553 ns, Reaching safepoint: 186509 ns, At safepoint: 16308781 ns, Total: 16495290 ns
[2023-03-15T04:22:53.989+0000][69][gc,marking  ] GC(51) Concurrent Mark 158.253ms
[2023-03-15T04:22:53.990+0000][69][gc,marking  ] GC(51) Concurrent Rebuild Remembered Sets
[2023-03-15T04:22:54.065+0000][69][gc,marking  ] GC(51) Concurrent Rebuild Remembered Sets 75.159ms
[2023-03-15T04:22:54.066+0000][69][gc,start    ] GC(51) Pause Cleanup
[2023-03-15T04:22:54.067+0000][69][gc          ] GC(51) Pause Cleanup 109M->109M(256M) 0.862ms
[2023-03-15T04:22:54.068+0000][69][gc,cpu      ] GC(51) User=0.00s Sys=0.00s Real=0.00s
[2023-03-15T04:22:54.068+0000][69][safepoint   ] Safepoint "G1PauseCleanup", Time since last: 77359985 ns, Reaching safepoint: 135060 ns, At safepoint: 1758407 ns, Total: 1893467 ns
[2023-03-15T04:22:54.068+0000][69][gc,marking  ] GC(51) Concurrent Cleanup for Next Mark
[2023-03-15T04:22:54.069+0000][69][gc,marking  ] GC(51) Concurrent Cleanup for Next Mark 0.778ms
[2023-03-15T04:22:54.070+0000][69][gc          ] GC(51) Concurrent Mark Cycle 243.191ms
[2023-03-15T04:22:55.884+0000][69][safepoint   ] Safepoint "Cleanup", Time since last: 1815709223 ns, Reaching safepoint: 237464 ns, At safepoint: 8701 ns, Total: 246165 ns
[2023-03-15T04:22:56.886+0000][69][safepoint   ] Safepoint "Cleanup", Time since last: 1001485975 ns, Reaching safepoint: 325473 ns, At safepoint: 7765 ns, Total: 333238 ns
[2023-03-15T04:22:58.619+0000][69][safepoint   ] Safepoint "Cleanup", Time since last: 1733006708 ns, Reaching safepoint: 326765 ns, At safepoint: 29368 ns, Total: 356133 ns
[2023-03-15T04:22:59.622+0000][69][safepoint   ] Safepoint "Cleanup", Time since last: 1002467810 ns, Reaching safepoint: 436124 ns, At safepoint: 11261 ns, Total: 447385 ns
[2023-03-15T04:23:00.625+0000][69][safepoint   ] Safepoint "Cleanup", Time since last: 1002370715 ns, Reaching safepoint: 204786 ns, At safepoint: 9776 ns, Total: 214562 ns
[2023-03-15T04:23:01.627+0000][69][safepoint   ] Safepoint "Cleanup", Time since last: 1001849439 ns, Reaching safepoint: 218111 ns, At safepoint: 6199 ns, Total: 224310 ns
[2023-03-15T04:23:03.629+0000][69][safepoint   ] Safepoint "Cleanup", Time since last: 2002591177 ns, Reaching safepoint: 159920 ns, At safepoint: 58721 ns, Total: 218641 ns
[2023-03-15T04:23:04.631+0000][69][safepoint   ] Safepoint "Cleanup", Time since last: 1001368175 ns, Reaching safepoint: 90206 ns, At safepoint: 3076 ns, Total: 93282 ns
[2023-03-15T04:23:05.632+0000][69][safepoint   ] Safepoint "Cleanup", Time since last: 1000650523 ns, Reaching safepoint: 326555 ns, At safepoint: 8630 ns, Total: 335185 ns
[2023-03-15T04:23:06.634+0000][69][safepoint   ] Safepoint "Cleanup", Time since last: 1001194822 ns, Reaching safepoint: 718799 ns, At safepoint: 23215 ns, Total: 742014 ns
[2023-03-15T04:23:07.636+0000][69][safepoint   ] Safepoint "Cleanup", Time since last: 1002103778 ns, Reaching safepoint: 145846 ns, At safepoint: 4492 ns, Total: 150338 ns
[2023-03-15T04:23:08.639+0000][69][safepoint   ] Safepoint "Cleanup", Time since last: 1002292247 ns, Reaching safepoint: 859702 ns, At safepoint: 41650 ns, Total: 901352 ns
[2023-03-15T04:23:09.644+0000][69][safepoint   ] Safepoint "Cleanup", Time since last: 1004551679 ns, Reaching safepoint: 189886 ns, At safepoint: 5236 ns, Total: 195122 ns
[2023-03-15T04:23:11.647+0000][69][safepoint   ] Safepoint "Cleanup", Time since last: 2002899802 ns, Reaching safepoint: 341222 ns, At safepoint: 7957 ns, Total: 349179 ns
[2023-03-15T04:23:12.652+0000][69][safepoint   ] Safepoint "Cleanup", Time since last: 1004061918 ns, Reaching safepoint: 609893 ns, At safepoint: 34863 ns, Total: 644756 ns
[2023-03-15T04:23:13.655+0000][69][safepoint   ] Safepoint "Cleanup", Time since last: 1002757085 ns, Reaching safepoint: 294693 ns, At safepoint: 74505 ns, Total: 369198 ns
[2023-03-15T04:23:14.659+0000][69][safepoint   ] Safepoint "Cleanup", Time since last: 1003781958 ns, Reaching safepoint: 284643 ns, At safepoint: 26973 ns, Total: 311616 ns
[2023-03-15T04:23:17.642+0000][69][safepoint   ] Safepoint "Cleanup", Time since last: 3004213766 ns, Reaching safepoint: 109391 ns, At safepoint: 3318 ns, Total: 112709 ns
[2023-03-15T04:23:18.645+0000][69][safepoint   ] Safepoint "Cleanup", Time since last: 1002807210 ns, Reaching safepoint: 117425 ns, At safepoint: 4504 ns, Total: 121929 ns
[2023-03-15T04:23:19.646+0000][69][safepoint   ] Safepoint "Cleanup", Time since last: 1000817233 ns, Reaching safepoint: 107034 ns, At safepoint: 5155 ns, Total: 112189 ns
[2023-03-15T04:23:22.641+0000][69][gc,start    ] GC(52) Pause Young (Prepare Mixed) (G1 Evacuation Pause)
[2023-03-15T04:23:22.644+0000][69][gc,task     ] GC(52) Using 4 workers of 4 for evacuation
[2023-03-15T04:23:22.645+0000][69][gc,age      ] GC(52) Desired survivor size 6291456 bytes, new threshold 15 (max threshold 15)
[2023-03-15T04:23:22.655+0000][69][gc,phases   ] GC(52)   Pre Evacuate Collection Set: 0.3ms
[2023-03-15T04:23:22.656+0000][69][gc,phases   ] GC(52)   Merge Heap Roots: 0.2ms
[2023-03-15T04:23:22.657+0000][69][gc,phases   ] GC(52)   Evacuate Collection Set: 6.4ms
[2023-03-15T04:23:22.658+0000][69][gc,phases   ] GC(52)   Post Evacuate Collection Set: 1.1ms
[2023-03-15T04:23:22.658+0000][69][gc,phases   ] GC(52)   Other: 2.9ms
[2023-03-15T04:23:22.659+0000][69][gc,age      ] GC(52) Age table with threshold 15 (max threshold 15)
[2023-03-15T04:23:22.660+0000][69][gc,age      ] GC(52) - age   1:    1498120 bytes,    1498120 total
[2023-03-15T04:23:22.661+0000][69][gc,age      ] GC(52) - age   2:       7704 bytes,    1505824 total
[2023-03-15T04:23:22.661+0000][69][gc,age      ] GC(52) - age   3:        456 bytes,    1506280 total
[2023-03-15T04:23:22.663+0000][69][gc,age      ] GC(52) - age   4:      22864 bytes,    1529144 total
[2023-03-15T04:23:22.663+0000][69][gc,age      ] GC(52) - age   5:      13992 bytes,    1543136 total
[2023-03-15T04:23:22.664+0000][69][gc,age      ] GC(52) - age   6:        240 bytes,    1543376 total
[2023-03-15T04:23:22.664+0000][69][gc,age      ] GC(52) - age   7:       9424 bytes,    1552800 total
[2023-03-15T04:23:22.665+0000][69][gc,age      ] GC(52) - age   8:       6216 bytes,    1559016 total
[2023-03-15T04:23:22.665+0000][69][gc,age      ] GC(52) - age   9:        904 bytes,    1559920 total
[2023-03-15T04:23:22.666+0000][69][gc,age      ] GC(52) - age  10:      27472 bytes,    1587392 total
[2023-03-15T04:23:22.667+0000][69][gc,age      ] GC(52) - age  11:      19576 bytes,    1606968 total
[2023-03-15T04:23:22.667+0000][69][gc,age      ] GC(52) - age  12:        520 bytes,    1607488 total
[2023-03-15T04:23:22.668+0000][69][gc,heap     ] GC(52) Eden regions: 23->0(2)
[2023-03-15T04:23:22.668+0000][69][gc,heap     ] GC(52) Survivor regions: 1->1(3)
[2023-03-15T04:23:22.669+0000][69][gc,heap     ] GC(52) Old regions: 24->24
[2023-03-15T04:23:22.669+0000][69][gc,heap     ] GC(52) Archive regions: 2->2
[2023-03-15T04:23:22.670+0000][69][gc,heap     ] GC(52) Humongous regions: 2->2
[2023-03-15T04:23:22.670+0000][69][gc,metaspace] GC(52) Metaspace: 134833K(139584K)->134833K(139584K) NonClass: 117436K(119872K)->117436K(119872K) Class: 17396K(19712K)->17396K(19712K)
[2023-03-15T04:23:22.671+0000][69][gc          ] GC(52) Pause Young (Prepare Mixed) (G1 Evacuation Pause) 199M->108M(256M) 29.210ms
[2023-03-15T04:23:22.671+0000][69][gc,cpu      ] GC(52) User=0.03s Sys=0.01s Real=0.03s
[2023-03-15T04:23:22.672+0000][69][safepoint   ] Safepoint "G1CollectForAllocation", Time since last: 2994961677 ns, Reaching safepoint: 200034 ns, At safepoint: 30524354 ns, Total: 30724388 ns
[2023-03-15T04:23:23.021+0000][69][gc,start    ] GC(53) Pause Young (Mixed) (G1 Evacuation Pause)
[2023-03-15T04:23:23.022+0000][69][gc,task     ] GC(53) Using 4 workers of 4 for evacuation
[2023-03-15T04:23:23.023+0000][69][gc,age      ] GC(53) Desired survivor size 2097152 bytes, new threshold 15 (max threshold 15)
[2023-03-15T04:23:23.029+0000][69][gc,phases   ] GC(53)   Pre Evacuate Collection Set: 0.1ms
[2023-03-15T04:23:23.030+0000][69][gc,phases   ] GC(53)   Merge Heap Roots: 0.1ms
[2023-03-15T04:23:23.030+0000][69][gc,phases   ] GC(53)   Evacuate Collection Set: 4.4ms
[2023-03-15T04:23:23.031+0000][69][gc,phases   ] GC(53)   Post Evacuate Collection Set: 0.9ms
[2023-03-15T04:23:23.031+0000][69][gc,phases   ] GC(53)   Other: 1.6ms
[2023-03-15T04:23:23.032+0000][69][gc,age      ] GC(53) Age table with threshold 15 (max threshold 15)
[2023-03-15T04:23:23.032+0000][69][gc,age      ] GC(53) - age   1:     542032 bytes,     542032 total
[2023-03-15T04:23:23.033+0000][69][gc,age      ] GC(53) - age   2:    1279920 bytes,    1821952 total
[2023-03-15T04:23:23.033+0000][69][gc,age      ] GC(53) - age   3:       7448 bytes,    1829400 total
[2023-03-15T04:23:23.034+0000][69][gc,age      ] GC(53) - age   4:        456 bytes,    1829856 total
[2023-03-15T04:23:23.034+0000][69][gc,age      ] GC(53) - age   5:      22800 bytes,    1852656 total
[2023-03-15T04:23:23.034+0000][69][gc,age      ] GC(53) - age   6:      13992 bytes,    1866648 total
[2023-03-15T04:23:23.035+0000][69][gc,age      ] GC(53) - age   7:        240 bytes,    1866888 total
[2023-03-15T04:23:23.035+0000][69][gc,age      ] GC(53) - age   8:       9424 bytes,    1876312 total
[2023-03-15T04:23:23.036+0000][69][gc,age      ] GC(53) - age   9:       6216 bytes,    1882528 total
[2023-03-15T04:23:23.036+0000][69][gc,age      ] GC(53) - age  10:        904 bytes,    1883432 total
[2023-03-15T04:23:23.036+0000][69][gc,age      ] GC(53) - age  11:      27472 bytes,    1910904 total
[2023-03-15T04:23:23.037+0000][69][gc,age      ] GC(53) - age  12:      19576 bytes,    1930480 total
[2023-03-15T04:23:23.037+0000][69][gc,age      ] GC(53) - age  13:        520 bytes,    1931000 total
[2023-03-15T04:23:23.038+0000][69][gc,heap     ] GC(53) Eden regions: 2->0(23)
[2023-03-15T04:23:23.039+0000][69][gc,heap     ] GC(53) Survivor regions: 1->1(1)
[2023-03-15T04:23:23.039+0000][69][gc,heap     ] GC(53) Old regions: 24->24
[2023-03-15T04:23:23.040+0000][69][gc,heap     ] GC(53) Archive regions: 2->2
[2023-03-15T04:23:23.040+0000][69][gc,heap     ] GC(53) Humongous regions: 2->2
[2023-03-15T04:23:23.041+0000][69][gc,metaspace] GC(53) Metaspace: 134851K(139584K)->134851K(139584K) NonClass: 117455K(119872K)->117455K(119872K) Class: 17396K(19712K)->17396K(19712K)
[2023-03-15T04:23:23.041+0000][69][gc          ] GC(53) Pause Young (Mixed) (G1 Evacuation Pause) 116M->108M(256M) 20.182ms
[2023-03-15T04:23:23.042+0000][69][gc,cpu      ] GC(53) User=0.01s Sys=0.00s Real=0.02s
[2023-03-15T04:23:23.042+0000][69][safepoint   ] Safepoint "G1CollectForAllocation", Time since last: 348723776 ns, Reaching safepoint: 198529 ns, At safepoint: 21356118 ns, Total: 21554647 ns
[2023-03-15T04:23:24.043+0000][69][safepoint   ] Safepoint "Cleanup", Time since last: 1000600870 ns, Reaching safepoint: 93843 ns, At safepoint: 3829 ns, Total: 97672 ns
[2023-03-15T04:23:26.046+0000][69][safepoint   ] Safepoint "Cleanup", Time since last: 2002313288 ns, Reaching safepoint: 305121 ns, At safepoint: 79657 ns, Total: 384778 ns
[2023-03-15T04:23:28.051+0000][69][safepoint   ] Safepoint "Cleanup", Time since last: 2005039018 ns, Reaching safepoint: 235380 ns, At safepoint: 4833 ns, Total: 240213 ns
[2023-03-15T04:23:29.053+0000][69][safepoint   ] Safepoint "Cleanup", Time since last: 1001487488 ns, Reaching safepoint: 248619 ns, At safepoint: 9928 ns, Total: 258547 ns
[2023-03-15T04:23:30.054+0000][69][safepoint   ] Safepoint "Cleanup", Time since last: 1001262059 ns, Reaching safepoint: 348401 ns, At safepoint: 22010 ns, Total: 370411 ns
[2023-03-15T04:23:31.058+0000][69][safepoint   ] Safepoint "Cleanup", Time since last: 1003149568 ns, Reaching safepoint: 149197 ns, At safepoint: 3321 ns, Total: 152518 ns
[2023-03-15T04:23:33.061+0000][69][safepoint   ] Safepoint "Cleanup", Time since last: 2002780666 ns, Reaching safepoint: 245609 ns, At safepoint: 17762 ns, Total: 263371 ns
[2023-03-15T04:23:35.064+0000][69][safepoint   ] Safepoint "Cleanup", Time since last: 2002789188 ns, Reaching safepoint: 140175 ns, At safepoint: 4730 ns, Total: 144905 ns
[2023-03-15T04:23:36.065+0000][69][safepoint   ] Safepoint "Cleanup", Time since last: 1001187336 ns, Reaching safepoint: 181554 ns, At safepoint: 6266 ns, Total: 187820 ns
[2023-03-15T04:23:37.068+0000][69][safepoint   ] Safepoint "Cleanup", Time since last: 1002319897 ns, Reaching safepoint: 657720 ns, At safepoint: 52185 ns, Total: 709905 ns
[2023-03-15T04:23:38.071+0000][69][safepoint   ] Safepoint "Cleanup", Time since last: 1003066986 ns, Reaching safepoint: 386273 ns, At safepoint: 25693 ns, Total: 411966 ns
[2023-03-15T04:23:39.074+0000][69][safepoint   ] Safepoint "Cleanup", Time since last: 1002306292 ns, Reaching safepoint: 107095 ns, At safepoint: 18085 ns, Total: 125180 ns
[2023-03-15T04:23:40.083+0000][69][safepoint   ] Safepoint "Cleanup", Time since last: 1004406332 ns, Reaching safepoint: 4442609 ns, At safepoint: 16137 ns, Total: 4458746 ns
[2023-03-15T04:23:41.085+0000][69][safepoint   ] Safepoint "Cleanup", Time since last: 1001557792 ns, Reaching safepoint: 220364 ns, At safepoint: 14426 ns, Total: 234790 ns
[2023-03-15T04:23:44.090+0000][69][safepoint   ] Safepoint "Cleanup", Time since last: 3005246592 ns, Reaching safepoint: 463015 ns, At safepoint: 11650 ns, Total: 474665 ns
[2023-03-15T04:23:46.094+0000][69][safepoint   ] Safepoint "Cleanup", Time since last: 2004002997 ns, Reaching safepoint: 136622 ns, At safepoint: 3348 ns, Total: 139970 ns
[2023-03-15T04:23:47.073+0000][69][gc,start    ] GC(54) Pause Young (Concurrent Start) (G1 Evacuation Pause)
[2023-03-15T04:23:47.074+0000][69][gc,task     ] GC(54) Using 4 workers of 4 for evacuation
[2023-03-15T04:23:47.075+0000][69][gc,age      ] GC(54) Desired survivor size 6291456 bytes, new threshold 15 (max threshold 15)
[2023-03-15T04:23:47.081+0000][69][gc,phases   ] GC(54)   Pre Evacuate Collection Set: 0.3ms
[2023-03-15T04:23:47.082+0000][69][gc,phases   ] GC(54)   Merge Heap Roots: 0.1ms
[2023-03-15T04:23:47.082+0000][69][gc,phases   ] GC(54)   Evacuate Collection Set: 3.8ms
[2023-03-15T04:23:47.083+0000][69][gc,phases   ] GC(54)   Post Evacuate Collection Set: 0.9ms
[2023-03-15T04:23:47.084+0000][69][gc,phases   ] GC(54)   Other: 2.1ms
[2023-03-15T04:23:47.084+0000][69][gc,age      ] GC(54) Age table with threshold 15 (max threshold 15)
[2023-03-15T04:23:47.085+0000][69][gc,age      ] GC(54) - age   1:    1383688 bytes,    1383688 total
[2023-03-15T04:23:47.086+0000][69][gc,age      ] GC(54) - age   2:       1144 bytes,    1384832 total
[2023-03-15T04:23:47.087+0000][69][gc,age      ] GC(54) - age   3:     536960 bytes,    1921792 total
[2023-03-15T04:23:47.088+0000][69][gc,age      ] GC(54) - age   4:       7384 bytes,    1929176 total
[2023-03-15T04:23:47.089+0000][69][gc,age      ] GC(54) - age   5:        456 bytes,    1929632 total
[2023-03-15T04:23:47.090+0000][69][gc,age      ] GC(54) - age   6:      22440 bytes,    1952072 total
[2023-03-15T04:23:47.091+0000][69][gc,age      ] GC(54) - age   7:      13928 bytes,    1966000 total
[2023-03-15T04:23:47.092+0000][69][gc,age      ] GC(54) - age   8:        240 bytes,    1966240 total
[2023-03-15T04:23:47.093+0000][69][gc,age      ] GC(54) - age   9:       9304 bytes,    1975544 total
[2023-03-15T04:23:47.094+0000][69][gc,age      ] GC(54) - age  10:       6216 bytes,    1981760 total
[2023-03-15T04:23:47.094+0000][69][gc,age      ] GC(54) - age  11:        904 bytes,    1982664 total
[2023-03-15T04:23:47.095+0000][69][gc,age      ] GC(54) - age  12:      27472 bytes,    2010136 total
[2023-03-15T04:23:47.095+0000][69][gc,age      ] GC(54) - age  13:      19224 bytes,    2029360 total
[2023-03-15T04:23:47.096+0000][69][gc,age      ] GC(54) - age  14:        520 bytes,    2029880 total
[2023-03-15T04:23:47.097+0000][69][gc,heap     ] GC(54) Eden regions: 23->0(23)
[2023-03-15T04:23:47.097+0000][69][gc,heap     ] GC(54) Survivor regions: 1->1(3)
[2023-03-15T04:23:47.098+0000][69][gc,heap     ] GC(54) Old regions: 24->24
[2023-03-15T04:23:47.098+0000][69][gc,heap     ] GC(54) Archive regions: 2->2
[2023-03-15T04:23:47.105+0000][69][gc,heap     ] GC(54) Humongous regions: 2->2
[2023-03-15T04:23:47.106+0000][69][gc,metaspace] GC(54) Metaspace: 134965K(139584K)->134965K(139584K) NonClass: 117569K(119872K)->117569K(119872K) Class: 17396K(19712K)->17396K(19712K)
[2023-03-15T04:23:47.108+0000][69][gc          ] GC(54) Pause Young (Concurrent Start) (G1 Evacuation Pause) 200M->108M(256M) 34.986ms
[2023-03-15T04:23:47.116+0000][69][gc,cpu      ] GC(54) User=0.02s Sys=0.01s Real=0.04s
[2023-03-15T04:23:47.116+0000][69][gc          ] GC(55) Concurrent Mark Cycle
[2023-03-15T04:23:47.125+0000][69][gc,marking  ] GC(55) Concurrent Clear Claimed Marks
[2023-03-15T04:23:47.123+0000][69][safepoint   ] Safepoint "G1CollectForAllocation", Time since last: 996328939 ns, Reaching safepoint: 620180 ns, At safepoint: 50079105 ns, Total: 50699285 ns
[2023-03-15T04:23:47.127+0000][69][gc,marking  ] GC(55) Concurrent Clear Claimed Marks 1.873ms
[2023-03-15T04:23:47.131+0000][69][gc,marking  ] GC(55) Concurrent Scan Root Regions
[2023-03-15T04:23:47.146+0000][69][gc,marking  ] GC(55) Concurrent Scan Root Regions 15.269ms
[2023-03-15T04:23:47.161+0000][69][gc,marking  ] GC(55) Concurrent Mark
[2023-03-15T04:23:47.162+0000][69][gc,marking  ] GC(55) Concurrent Mark From Roots
[2023-03-15T04:23:47.163+0000][69][gc,task     ] GC(55) Using 1 workers of 1 for marking
[2023-03-15T04:23:47.304+0000][69][gc,marking  ] GC(55) Concurrent Mark From Roots 141.848ms
[2023-03-15T04:23:47.305+0000][69][gc,marking  ] GC(55) Concurrent Preclean
[2023-03-15T04:23:47.308+0000][69][gc,marking  ] GC(55) Concurrent Preclean 2.953ms
[2023-03-15T04:23:47.309+0000][69][gc,start    ] GC(55) Pause Remark
[2023-03-15T04:23:47.323+0000][69][gc          ] GC(55) Pause Remark 110M->110M(256M) 14.122ms
[2023-03-15T04:23:47.325+0000][69][gc,cpu      ] GC(55) User=0.03s Sys=0.01s Real=0.02s
[2023-03-15T04:23:47.326+0000][69][safepoint   ] Safepoint "G1PauseRemark", Time since last: 186115966 ns, Reaching safepoint: 90507 ns, At safepoint: 16960892 ns, Total: 17051399 ns
[2023-03-15T04:23:47.327+0000][69][gc,marking  ] GC(55) Concurrent Mark 166.186ms
[2023-03-15T04:23:47.328+0000][69][gc,marking  ] GC(55) Concurrent Rebuild Remembered Sets
[2023-03-15T04:23:47.388+0000][69][gc,marking  ] GC(55) Concurrent Rebuild Remembered Sets 59.758ms
[2023-03-15T04:23:47.389+0000][69][gc,start    ] GC(55) Pause Cleanup
[2023-03-15T04:23:47.390+0000][69][gc          ] GC(55) Pause Cleanup 110M->110M(256M) 1.051ms
[2023-03-15T04:23:47.391+0000][69][gc,cpu      ] GC(55) User=0.00s Sys=0.00s Real=0.01s
[2023-03-15T04:23:47.391+0000][69][safepoint   ] Safepoint "G1PauseCleanup", Time since last: 63000506 ns, Reaching safepoint: 55760 ns, At safepoint: 2119436 ns, Total: 2175196 ns
[2023-03-15T04:23:47.392+0000][69][gc,marking  ] GC(55) Concurrent Cleanup for Next Mark
[2023-03-15T04:23:47.393+0000][69][gc,marking  ] GC(55) Concurrent Cleanup for Next Mark 0.905ms
[2023-03-15T04:23:47.393+0000][69][gc          ] GC(55) Concurrent Mark Cycle 277.464ms
[2023-03-15T04:23:54.398+0000][69][safepoint   ] Safepoint "Cleanup", Time since last: 7006940600 ns, Reaching safepoint: 181341 ns, At safepoint: 45406 ns, Total: 226747 ns
[2023-03-15T04:23:55.400+0000][69][safepoint   ] Safepoint "Cleanup", Time since last: 1001393627 ns, Reaching safepoint: 703290 ns, At safepoint: 20771 ns, Total: 724061 ns
[2023-03-15T04:23:56.404+0000][69][safepoint   ] Safepoint "Cleanup", Time since last: 1003352813 ns, Reaching safepoint: 187626 ns, At safepoint: 14435 ns, Total: 202061 ns
[2023-03-15T04:23:58.410+0000][69][safepoint   ] Safepoint "Cleanup", Time since last: 2005105911 ns, Reaching safepoint: 776165 ns, At safepoint: 55939 ns, Total: 832104 ns
[2023-03-15T04:23:59.414+0000][69][safepoint   ] Safepoint "Cleanup", Time since last: 1003632685 ns, Reaching safepoint: 351334 ns, At safepoint: 11165 ns, Total: 362499 ns
[2023-03-15T04:24:00.417+0000][69][safepoint   ] Safepoint "Cleanup", Time since last: 1002424504 ns, Reaching safepoint: 430224 ns, At safepoint: 14591 ns, Total: 444815 ns
[2023-03-15T04:24:02.420+0000][69][safepoint   ] Safepoint "Cleanup", Time since last: 2002773848 ns, Reaching safepoint: 253086 ns, At safepoint: 15378 ns, Total: 268464 ns
[2023-03-15T04:24:05.425+0000][69][safepoint   ] Safepoint "Cleanup", Time since last: 3005100818 ns, Reaching safepoint: 164209 ns, At safepoint: 4005 ns, Total: 168214 ns
[2023-03-15T04:24:06.427+0000][69][safepoint   ] Safepoint "Cleanup", Time since last: 1002069902 ns, Reaching safepoint: 221019 ns, At safepoint: 10477 ns, Total: 231496 ns
[2023-03-15T04:24:08.432+0000][69][safepoint   ] Safepoint "Cleanup", Time since last: 2003951252 ns, Reaching safepoint: 409821 ns, At safepoint: 12367 ns, Total: 422188 ns
[2023-03-15T04:24:09.435+0000][69][safepoint   ] Safepoint "Cleanup", Time since last: 1003667652 ns, Reaching safepoint: 147661 ns, At safepoint: 4052 ns, Total: 151713 ns
[2023-03-15T04:24:10.438+0000][69][safepoint   ] Safepoint "Cleanup", Time since last: 1001687816 ns, Reaching safepoint: 336123 ns, At safepoint: 12478 ns, Total: 348601 ns
[2023-03-15T04:24:11.441+0000][69][safepoint   ] Safepoint "Cleanup", Time since last: 1003703468 ns, Reaching safepoint: 145811 ns, At safepoint: 4509 ns, Total: 150320 ns
[2023-03-15T04:24:14.445+0000][69][safepoint   ] Safepoint "Cleanup", Time since last: 3002932990 ns, Reaching safepoint: 664839 ns, At safepoint: 16892 ns, Total: 681731 ns
[2023-03-15T04:24:15.462+0000][69][safepoint   ] Safepoint "Cleanup", Time since last: 1016766442 ns, Reaching safepoint: 142213 ns, At safepoint: 3463 ns, Total: 145676 ns
[2023-03-15T04:24:17.462+0000][69][safepoint   ] Safepoint "Cleanup", Time since last: 2024001514 ns, Reaching safepoint: 208584 ns, At safepoint: 33686 ns, Total: 242270 ns
[2023-03-15T04:24:18.463+0000][69][safepoint   ] Safepoint "Cleanup", Time since last: 1001176578 ns, Reaching safepoint: 136753 ns, At safepoint: 4660 ns, Total: 141413 ns
[2023-03-15T04:24:19.614+0000][69][gc,start    ] GC(56) Pause Young (Prepare Mixed) (G1 Evacuation Pause)
[2023-03-15T04:24:19.615+0000][69][gc,task     ] GC(56) Using 4 workers of 4 for evacuation
[2023-03-15T04:24:19.617+0000][69][gc,age      ] GC(56) Desired survivor size 6291456 bytes, new threshold 15 (max threshold 15)
[2023-03-15T04:24:19.626+0000][69][gc,phases   ] GC(56)   Pre Evacuate Collection Set: 0.2ms
[2023-03-15T04:24:19.627+0000][69][gc,phases   ] GC(56)   Merge Heap Roots: 0.2ms
[2023-03-15T04:24:19.628+0000][69][gc,phases   ] GC(56)   Evacuate Collection Set: 6.1ms
[2023-03-15T04:24:19.630+0000][69][gc,phases   ] GC(56)   Post Evacuate Collection Set: 1.5ms
[2023-03-15T04:24:19.630+0000][69][gc,phases   ] GC(56)   Other: 3.0ms
[2023-03-15T04:24:19.631+0000][69][gc,age      ] GC(56) Age table with threshold 15 (max threshold 15)
[2023-03-15T04:24:19.632+0000][69][gc,age      ] GC(56) - age   1:    1322232 bytes,    1322232 total
[2023-03-15T04:24:19.633+0000][69][gc,age      ] GC(56) - age   2:     221424 bytes,    1543656 total
[2023-03-15T04:24:19.634+0000][69][gc,age      ] GC(56) - age   3:        888 bytes,    1544544 total
[2023-03-15T04:24:19.635+0000][69][gc,age      ] GC(56) - age   4:     523912 bytes,    2068456 total
[2023-03-15T04:24:19.636+0000][69][gc,age      ] GC(56) - age   5:       6272 bytes,    2074728 total
[2023-03-15T04:24:19.637+0000][69][gc,age      ] GC(56) - age   6:        456 bytes,    2075184 total
[2023-03-15T04:24:19.638+0000][69][gc,age      ] GC(56) - age   7:      22072 bytes,    2097256 total
[2023-03-15T04:24:19.639+0000][69][gc,age      ] GC(56) - age   8:      13632 bytes,    2110888 total
[2023-03-15T04:24:19.640+0000][69][gc,age      ] GC(56) - age   9:        240 bytes,    2111128 total
[2023-03-15T04:24:19.640+0000][69][gc,age      ] GC(56) - age  10:       9304 bytes,    2120432 total
[2023-03-15T04:24:19.641+0000][69][gc,age      ] GC(56) - age  11:       6216 bytes,    2126648 total
[2023-03-15T04:24:19.642+0000][69][gc,age      ] GC(56) - age  12:        904 bytes,    2127552 total
[2023-03-15T04:24:19.642+0000][69][gc,age      ] GC(56) - age  13:      27472 bytes,    2155024 total
[2023-03-15T04:24:19.643+0000][69][gc,age      ] GC(56) - age  14:      19224 bytes,    2174248 total
[2023-03-15T04:24:19.643+0000][69][gc,age      ] GC(56) - age  15:        520 bytes,    2174768 total
[2023-03-15T04:24:19.644+0000][69][gc,heap     ] GC(56) Eden regions: 23->0(2)
[2023-03-15T04:24:19.645+0000][69][gc,heap     ] GC(56) Survivor regions: 1->1(3)
[2023-03-15T04:24:19.646+0000][69][gc,heap     ] GC(56) Old regions: 24->24
[2023-03-15T04:24:19.646+0000][69][gc,heap     ] GC(56) Archive regions: 2->2
[2023-03-15T04:24:19.647+0000][69][gc,heap     ] GC(56) Humongous regions: 2->2
[2023-03-15T04:24:19.648+0000][69][gc,metaspace] GC(56) Metaspace: 135046K(139584K)->135046K(139584K) NonClass: 117649K(119872K)->117649K(119872K) Class: 17396K(19712K)->17396K(19712K)
[2023-03-15T04:24:19.648+0000][69][gc          ] GC(56) Pause Young (Prepare Mixed) (G1 Evacuation Pause) 200M->108M(256M) 34.573ms
[2023-03-15T04:24:19.649+0000][69][gc,cpu      ] GC(56) User=0.02s Sys=0.00s Real=0.04s
[2023-03-15T04:24:19.650+0000][69][safepoint   ] Safepoint "G1CollectForAllocation", Time since last: 1150539876 ns, Reaching safepoint: 163589 ns, At safepoint: 36223000 ns, Total: 36386589 ns
[2023-03-15T04:24:22.864+0000][69][gc,start    ] GC(57) Pause Young (Mixed) (G1 Evacuation Pause)
[2023-03-15T04:24:22.865+0000][69][gc,task     ] GC(57) Using 4 workers of 4 for evacuation
[2023-03-15T04:24:22.865+0000][69][gc,age      ] GC(57) Desired survivor size 2097152 bytes, new threshold 7 (max threshold 15)
[2023-03-15T04:24:22.877+0000][69][gc,phases   ] GC(57)   Pre Evacuate Collection Set: 0.2ms
[2023-03-15T04:24:22.878+0000][69][gc,phases   ] GC(57)   Merge Heap Roots: 0.3ms
[2023-03-15T04:24:22.879+0000][69][gc,phases   ] GC(57)   Evacuate Collection Set: 9.1ms
[2023-03-15T04:24:22.880+0000][69][gc,phases   ] GC(57)   Post Evacuate Collection Set: 1.3ms
[2023-03-15T04:24:22.880+0000][69][gc,phases   ] GC(57)   Other: 1.6ms
[2023-03-15T04:24:22.881+0000][69][gc,age      ] GC(57) Age table with threshold 7 (max threshold 15)
[2023-03-15T04:24:22.882+0000][69][gc,age      ] GC(57) - age   1:     178584 bytes,     178584 total
[2023-03-15T04:24:22.882+0000][69][gc,age      ] GC(57) - age   2:    1268808 bytes,    1447392 total
[2023-03-15T04:24:22.883+0000][69][gc,age      ] GC(57) - age   3:     221232 bytes,    1668624 total
[2023-03-15T04:24:22.884+0000][69][gc,age      ] GC(57) - age   4:        856 bytes,    1669480 total
[2023-03-15T04:24:22.884+0000][69][gc,age      ] GC(57) - age   5:     523912 bytes,    2193392 total
[2023-03-15T04:24:22.885+0000][69][gc,age      ] GC(57) - age   6:       6272 bytes,    2199664 total
[2023-03-15T04:24:22.885+0000][69][gc,age      ] GC(57) - age   7:        456 bytes,    2200120 total
[2023-03-15T04:24:22.886+0000][69][gc,heap     ] GC(57) Eden regions: 2->0(23)
[2023-03-15T04:24:22.886+0000][69][gc,heap     ] GC(57) Survivor regions: 1->1(1)
[2023-03-15T04:24:22.887+0000][69][gc,heap     ] GC(57) Old regions: 24->24
[2023-03-15T04:24:22.888+0000][69][gc,heap     ] GC(57) Archive regions: 2->2
[2023-03-15T04:24:22.889+0000][69][gc,heap     ] GC(57) Humongous regions: 2->2
[2023-03-15T04:24:22.889+0000][69][gc,metaspace] GC(57) Metaspace: 135071K(139648K)->135071K(139648K) NonClass: 117674K(119936K)->117674K(119936K) Class: 17396K(19712K)->17396K(19712K)
[2023-03-15T04:24:22.890+0000][69][gc          ] GC(57) Pause Young (Mixed) (G1 Evacuation Pause) 116M->107M(256M) 26.400ms
[2023-03-15T04:24:22.891+0000][69][gc,cpu      ] GC(57) User=0.03s Sys=0.00s Real=0.03s
[2023-03-15T04:24:22.892+0000][69][safepoint   ] Safepoint "G1CollectForAllocation", Time since last: 3213831643 ns, Reaching safepoint: 106339 ns, At safepoint: 28175294 ns, Total: 28281633 ns
[2023-03-15T04:24:23.896+0000][69][safepoint   ] Safepoint "Cleanup", Time since last: 1002888786 ns, Reaching safepoint: 747168 ns, At safepoint: 32900 ns, Total: 780068 ns
[2023-03-15T04:24:27.905+0000][69][safepoint   ] Safepoint "Cleanup", Time since last: 4009050343 ns, Reaching safepoint: 377166 ns, At safepoint: 14575 ns, Total: 391741 ns
[2023-03-15T04:24:28.908+0000][69][safepoint   ] Safepoint "Cleanup", Time since last: 1002538887 ns, Reaching safepoint: 206405 ns, At safepoint: 8747 ns, Total: 215152 ns
[2023-03-15T04:24:29.910+0000][69][safepoint   ] Safepoint "Cleanup", Time since last: 1001799587 ns, Reaching safepoint: 118339 ns, At safepoint: 5357 ns, Total: 123696 ns
[2023-03-15T04:24:30.912+0000][69][safepoint   ] Safepoint "Cleanup", Time since last: 1001663016 ns, Reaching safepoint: 813797 ns, At safepoint: 49022 ns, Total: 862819 ns
[2023-03-15T04:24:31.916+0000][69][safepoint   ] Safepoint "Cleanup", Time since last: 1003678267 ns, Reaching safepoint: 301744 ns, At safepoint: 12763 ns, Total: 314507 ns
[2023-03-15T04:24:33.920+0000][69][safepoint   ] Safepoint "Cleanup", Time since last: 2003284943 ns, Reaching safepoint: 333454 ns, At safepoint: 11686 ns, Total: 345140 ns
[2023-03-15T04:24:34.924+0000][69][safepoint   ] Safepoint "Cleanup", Time since last: 1003315398 ns, Reaching safepoint: 982382 ns, At safepoint: 21382 ns, Total: 1003764 ns
[2023-03-15T04:24:35.927+0000][69][safepoint   ] Safepoint "Cleanup", Time since last: 1002177052 ns, Reaching safepoint: 627570 ns, At safepoint: 18418 ns, Total: 645988 ns
[2023-03-15T04:24:36.931+0000][69][safepoint   ] Safepoint "Cleanup", Time since last: 1004053247 ns, Reaching safepoint: 381109 ns, At safepoint: 15201 ns, Total: 396310 ns
[2023-03-15T04:24:37.935+0000][69][safepoint   ] Safepoint "Cleanup", Time since last: 1002996199 ns, Reaching safepoint: 674562 ns, At safepoint: 25481 ns, Total: 700043 ns
[2023-03-15T04:24:40.940+0000][69][safepoint   ] Safepoint "Cleanup", Time since last: 3004210030 ns, Reaching safepoint: 161782 ns, At safepoint: 4265 ns, Total: 166047 ns
[2023-03-15T04:24:42.942+0000][69][safepoint   ] Safepoint "Cleanup", Time since last: 2002661423 ns, Reaching safepoint: 164870 ns, At safepoint: 9316 ns, Total: 174186 ns
[2023-03-15T04:24:45.949+0000][69][safepoint   ] Safepoint "Cleanup", Time since last: 3005890930 ns, Reaching safepoint: 671198 ns, At safepoint: 25013 ns, Total: 696211 ns
[2023-03-15T04:24:46.931+0000][69][safepoint   ] Safepoint "Cleanup", Time since last: 1003566410 ns, Reaching safepoint: 103388 ns, At safepoint: 4270 ns, Total: 107658 ns
[2023-03-15T04:24:47.932+0000][69][safepoint   ] Safepoint "Cleanup", Time since last: 1001114783 ns, Reaching safepoint: 133009 ns, At safepoint: 7381 ns, Total: 140390 ns
[2023-03-15T04:24:48.935+0000][69][safepoint   ] Safepoint "Cleanup", Time since last: 1001874766 ns, Reaching safepoint: 258840 ns, At safepoint: 9491 ns, Total: 268331 ns
[2023-03-15T04:24:49.940+0000][69][safepoint   ] Safepoint "Cleanup", Time since last: 1004842440 ns, Reaching safepoint: 742633 ns, At safepoint: 82071 ns, Total: 824704 ns
[2023-03-15T04:24:52.619+0000][69][gc,start    ] GC(58) Pause Young (Concurrent Start) (G1 Evacuation Pause)
[2023-03-15T04:24:52.620+0000][69][gc,task     ] GC(58) Using 4 workers of 4 for evacuation
[2023-03-15T04:24:52.620+0000][69][gc,age      ] GC(58) Desired survivor size 6291456 bytes, new threshold 15 (max threshold 15)
[2023-03-15T04:24:52.625+0000][69][gc,phases   ] GC(58)   Pre Evacuate Collection Set: 0.4ms
[2023-03-15T04:24:52.625+0000][69][gc,phases   ] GC(58)   Merge Heap Roots: 0.1ms
[2023-03-15T04:24:52.626+0000][69][gc,phases   ] GC(58)   Evacuate Collection Set: 2.1ms
[2023-03-15T04:24:52.626+0000][69][gc,phases   ] GC(58)   Post Evacuate Collection Set: 0.9ms
[2023-03-15T04:24:52.627+0000][69][gc,phases   ] GC(58)   Other: 1.4ms
[2023-03-15T04:24:52.628+0000][69][gc,age      ] GC(58) Age table with threshold 15 (max threshold 15)
[2023-03-15T04:24:52.628+0000][69][gc,age      ] GC(58) - age   1:     596832 bytes,     596832 total
[2023-03-15T04:24:52.629+0000][69][gc,age      ] GC(58) - age   2:        528 bytes,     597360 total
[2023-03-15T04:24:52.629+0000][69][gc,age      ] GC(58) - age   3:      52032 bytes,     649392 total
[2023-03-15T04:24:52.629+0000][69][gc,age      ] GC(58) - age   4:     220160 bytes,     869552 total
[2023-03-15T04:24:52.630+0000][69][gc,age      ] GC(58) - age   5:        856 bytes,     870408 total
[2023-03-15T04:24:52.630+0000][69][gc,age      ] GC(58) - age   6:     523912 bytes,    1394320 total
[2023-03-15T04:24:52.631+0000][69][gc,age      ] GC(58) - age   7:       6272 bytes,    1400592 total
[2023-03-15T04:24:52.631+0000][69][gc,age      ] GC(58) - age   8:        456 bytes,    1401048 total
[2023-03-15T04:24:52.632+0000][69][gc,heap     ] GC(58) Eden regions: 23->0(24)
[2023-03-15T04:24:52.632+0000][69][gc,heap     ] GC(58) Survivor regions: 1->1(3)
[2023-03-15T04:24:52.632+0000][69][gc,heap     ] GC(58) Old regions: 24->24
[2023-03-15T04:24:52.633+0000][69][gc,heap     ] GC(58) Archive regions: 2->2
[2023-03-15T04:24:52.633+0000][69][gc,heap     ] GC(58) Humongous regions: 2->2
[2023-03-15T04:24:52.633+0000][69][gc,metaspace] GC(58) Metaspace: 135249K(139648K)->135249K(139648K) NonClass: 117853K(119936K)->117853K(119936K) Class: 17396K(19712K)->17396K(19712K)
[2023-03-15T04:24:52.634+0000][69][gc          ] GC(58) Pause Young (Concurrent Start) (G1 Evacuation Pause) 199M->107M(256M) 14.786ms
[2023-03-15T04:24:52.634+0000][69][gc,cpu      ] GC(58) User=0.01s Sys=0.00s Real=0.02s
[2023-03-15T04:24:52.634+0000][69][gc          ] GC(59) Concurrent Mark Cycle
[2023-03-15T04:24:52.635+0000][69][safepoint   ] Safepoint "G1CollectForAllocation", Time since last: 2678702650 ns, Reaching safepoint: 111639 ns, At safepoint: 15899090 ns, Total: 16010729 ns
[2023-03-15T04:24:52.636+0000][69][gc,marking  ] GC(59) Concurrent Clear Claimed Marks
[2023-03-15T04:24:52.637+0000][69][gc,marking  ] GC(59) Concurrent Clear Claimed Marks 1.751ms
[2023-03-15T04:24:52.639+0000][69][gc,marking  ] GC(59) Concurrent Scan Root Regions
[2023-03-15T04:24:52.642+0000][69][gc,marking  ] GC(59) Concurrent Scan Root Regions 2.686ms
[2023-03-15T04:24:52.643+0000][69][gc,marking  ] GC(59) Concurrent Mark
[2023-03-15T04:24:52.643+0000][69][gc,marking  ] GC(59) Concurrent Mark From Roots
[2023-03-15T04:24:52.644+0000][69][gc,task     ] GC(59) Using 1 workers of 1 for marking
[2023-03-15T04:24:52.801+0000][69][gc,marking  ] GC(59) Concurrent Mark From Roots 157.939ms
[2023-03-15T04:24:52.802+0000][69][gc,marking  ] GC(59) Concurrent Preclean
[2023-03-15T04:24:52.803+0000][69][gc,marking  ] GC(59) Concurrent Preclean 0.902ms
[2023-03-15T04:24:52.804+0000][69][gc,start    ] GC(59) Pause Remark
[2023-03-15T04:24:52.813+0000][69][gc          ] GC(59) Pause Remark 109M->109M(256M) 9.777ms
[2023-03-15T04:24:52.814+0000][69][gc,cpu      ] GC(59) User=0.02s Sys=0.00s Real=0.01s
[2023-03-15T04:24:52.815+0000][69][safepoint   ] Safepoint "G1PauseRemark", Time since last: 168625144 ns, Reaching safepoint: 135409 ns, At safepoint: 11201597 ns, Total: 11337006 ns
[2023-03-15T04:24:52.816+0000][69][gc,marking  ] GC(59) Concurrent Mark 173.030ms
[2023-03-15T04:24:52.816+0000][69][gc,marking  ] GC(59) Concurrent Rebuild Remembered Sets
[2023-03-15T04:24:52.878+0000][69][gc,marking  ] GC(59) Concurrent Rebuild Remembered Sets 62.370ms
[2023-03-15T04:24:52.879+0000][69][gc,start    ] GC(59) Pause Cleanup
[2023-03-15T04:24:52.880+0000][69][gc          ] GC(59) Pause Cleanup 110M->110M(256M) 0.568ms
[2023-03-15T04:24:52.880+0000][69][gc,cpu      ] GC(59) User=0.00s Sys=0.00s Real=0.00s
[2023-03-15T04:24:52.881+0000][69][safepoint   ] Safepoint "G1PauseCleanup", Time since last: 64187528 ns, Reaching safepoint: 193954 ns, At safepoint: 1385802 ns, Total: 1579756 ns
[2023-03-15T04:24:52.881+0000][69][gc,marking  ] GC(59) Concurrent Cleanup for Next Mark
[2023-03-15T04:24:52.882+0000][69][gc,marking  ] GC(59) Concurrent Cleanup for Next Mark 0.572ms
[2023-03-15T04:24:52.882+0000][69][gc          ] GC(59) Concurrent Mark Cycle 247.762ms
[2023-03-15T04:24:53.882+0000][69][safepoint   ] Safepoint "Cleanup", Time since last: 1000634107 ns, Reaching safepoint: 315092 ns, At safepoint: 237576 ns, Total: 552668 ns
[2023-03-15T04:24:58.891+0000][69][safepoint   ] Safepoint "Cleanup", Time since last: 5008979417 ns, Reaching safepoint: 189383 ns, At safepoint: 5713 ns, Total: 195096 ns
[2023-03-15T04:24:59.894+0000][69][safepoint   ] Safepoint "Cleanup", Time since last: 1002869115 ns, Reaching safepoint: 320503 ns, At safepoint: 11832 ns, Total: 332335 ns
[2023-03-15T04:25:03.903+0000][69][safepoint   ] Safepoint "Cleanup", Time since last: 4008610295 ns, Reaching safepoint: 218509 ns, At safepoint: 7793 ns, Total: 226302 ns
[2023-03-15T04:25:04.905+0000][69][safepoint   ] Safepoint "Cleanup", Time since last: 1001926658 ns, Reaching safepoint: 431075 ns, At safepoint: 13890 ns, Total: 444965 ns
[2023-03-15T04:25:05.907+0000][69][safepoint   ] Safepoint "Cleanup", Time since last: 1001107677 ns, Reaching safepoint: 159127 ns, At safepoint: 5689 ns, Total: 164816 ns
[2023-03-15T04:25:07.911+0000][69][safepoint   ] Safepoint "Cleanup", Time since last: 2004312845 ns, Reaching safepoint: 431115 ns, At safepoint: 13797 ns, Total: 444912 ns
[2023-03-15T04:25:08.917+0000][69][safepoint   ] Safepoint "Cleanup", Time since last: 1004922059 ns, Reaching safepoint: 448351 ns, At safepoint: 20171 ns, Total: 468522 ns
[2023-03-15T04:25:10.921+0000][69][safepoint   ] Safepoint "Cleanup", Time since last: 2004349733 ns, Reaching safepoint: 142407 ns, At safepoint: 7511 ns, Total: 149918 ns
[2023-03-15T04:25:11.924+0000][69][safepoint   ] Safepoint "Cleanup", Time since last: 1002210701 ns, Reaching safepoint: 325922 ns, At safepoint: 18116 ns, Total: 344038 ns
[2023-03-15T04:25:12.925+0000][69][safepoint   ] Safepoint "Cleanup", Time since last: 1001279097 ns, Reaching safepoint: 150441 ns, At safepoint: 4021 ns, Total: 154462 ns
[2023-03-15T04:25:13.929+0000][69][safepoint   ] Safepoint "Cleanup", Time since last: 1003718205 ns, Reaching safepoint: 390458 ns, At safepoint: 12934 ns, Total: 403392 ns
[2023-03-15T04:25:16.972+0000][69][safepoint   ] Safepoint "Cleanup", Time since last: 3067848849 ns, Reaching safepoint: 245840 ns, At safepoint: 30225 ns, Total: 276065 ns
[2023-03-15T04:25:17.979+0000][69][safepoint   ] Safepoint "Cleanup", Time since last: 1005602384 ns, Reaching safepoint: 848386 ns, At safepoint: 45473 ns, Total: 893859 ns
[2023-03-15T04:25:22.990+0000][69][safepoint   ] Safepoint "Cleanup", Time since last: 5010863241 ns, Reaching safepoint: 144699 ns, At safepoint: 4256 ns, Total: 148955 ns
[2023-03-15T04:25:25.104+0000][69][gc,start    ] GC(60) Pause Young (Normal) (G1 Evacuation Pause)
[2023-03-15T04:25:25.106+0000][69][gc,task     ] GC(60) Using 4 workers of 4 for evacuation
[2023-03-15T04:25:25.108+0000][69][gc,age      ] GC(60) Desired survivor size 8388608 bytes, new threshold 15 (max threshold 15)
[2023-03-15T04:25:25.115+0000][69][gc,phases   ] GC(60)   Pre Evacuate Collection Set: 0.5ms
[2023-03-15T04:25:25.116+0000][69][gc,phases   ] GC(60)   Merge Heap Roots: 0.3ms
[2023-03-15T04:25:25.117+0000][69][gc,phases   ] GC(60)   Evacuate Collection Set: 3.7ms
[2023-03-15T04:25:25.118+0000][69][gc,phases   ] GC(60)   Post Evacuate Collection Set: 1.3ms
[2023-03-15T04:25:25.119+0000][69][gc,phases   ] GC(60)   Other: 3.7ms
[2023-03-15T04:25:25.120+0000][69][gc,age      ] GC(60) Age table with threshold 15 (max threshold 15)
[2023-03-15T04:25:25.121+0000][69][gc,age      ] GC(60) - age   1:     591144 bytes,     591144 total
[2023-03-15T04:25:25.122+0000][69][gc,age      ] GC(60) - age   2:       6032 bytes,     597176 total
[2023-03-15T04:25:25.123+0000][69][gc,age      ] GC(60) - age   3:        432 bytes,     597608 total
[2023-03-15T04:25:25.123+0000][69][gc,age      ] GC(60) - age   4:      49784 bytes,     647392 total
[2023-03-15T04:25:25.124+0000][69][gc,age      ] GC(60) - age   5:     214416 bytes,     861808 total
[2023-03-15T04:25:25.125+0000][69][gc,age      ] GC(60) - age   6:        856 bytes,     862664 total
[2023-03-15T04:25:25.126+0000][69][gc,age      ] GC(60) - age   7:     492616 bytes,    1355280 total
[2023-03-15T04:25:25.127+0000][69][gc,age      ] GC(60) - age   8:       6272 bytes,    1361552 total
[2023-03-15T04:25:25.127+0000][69][gc,age      ] GC(60) - age   9:        456 bytes,    1362008 total
[2023-03-15T04:25:25.128+0000][69][gc,heap     ] GC(60) Eden regions: 24->0(24)
[2023-03-15T04:25:25.129+0000][69][gc,heap     ] GC(60) Survivor regions: 1->1(4)
[2023-03-15T04:25:25.129+0000][69][gc,heap     ] GC(60) Old regions: 24->24
[2023-03-15T04:25:25.130+0000][69][gc,heap     ] GC(60) Archive regions: 2->2
[2023-03-15T04:25:25.131+0000][69][gc,heap     ] GC(60) Humongous regions: 2->2
[2023-03-15T04:25:25.131+0000][69][gc,metaspace] GC(60) Metaspace: 135352K(139648K)->135352K(139648K) NonClass: 117956K(119936K)->117956K(119936K) Class: 17396K(19712K)->17396K(19712K)
[2023-03-15T04:25:25.132+0000][69][gc          ] GC(60) Pause Young (Normal) (G1 Evacuation Pause) 203M->107M(256M) 28.597ms
[2023-03-15T04:25:25.133+0000][69][gc,cpu      ] GC(60) User=0.01s Sys=0.01s Real=0.03s
[2023-03-15T04:25:25.133+0000][69][safepoint   ] Safepoint "G1CollectForAllocation", Time since last: 2113799446 ns, Reaching safepoint: 167117 ns, At safepoint: 29903062 ns, Total: 30070179 ns
[2023-03-15T04:25:26.135+0000][69][safepoint   ] Safepoint "Cleanup", Time since last: 1001259097 ns, Reaching safepoint: 194527 ns, At safepoint: 5415 ns, Total: 199942 ns
[2023-03-15T04:25:28.139+0000][69][safepoint   ] Safepoint "Cleanup", Time since last: 2003712624 ns, Reaching safepoint: 402028 ns, At safepoint: 16435 ns, Total: 418463 ns
[2023-03-15T04:25:30.145+0000][69][safepoint   ] Safepoint "Cleanup", Time since last: 2005948370 ns, Reaching safepoint: 477671 ns, At safepoint: 12708 ns, Total: 490379 ns
[2023-03-15T04:25:32.152+0000][69][safepoint   ] Safepoint "Cleanup", Time since last: 2005829421 ns, Reaching safepoint: 242623 ns, At safepoint: 8796 ns, Total: 251419 ns
[2023-03-15T04:25:33.154+0000][69][safepoint   ] Safepoint "Cleanup", Time since last: 1002062515 ns, Reaching safepoint: 98248 ns, At safepoint: 5880 ns, Total: 104128 ns
[2023-03-15T04:25:35.156+0000][69][safepoint   ] Safepoint "Cleanup", Time since last: 2001532425 ns, Reaching safepoint: 754293 ns, At safepoint: 43149 ns, Total: 797442 ns
[2023-03-15T04:25:36.541+0000][69][safepoint   ] Safepoint "Cleanup", Time since last: 1384649931 ns, Reaching safepoint: 388349 ns, At safepoint: 12643 ns, Total: 400992 ns
[2023-03-15T04:25:38.547+0000][69][safepoint   ] Safepoint "Cleanup", Time since last: 2005126972 ns, Reaching safepoint: 427925 ns, At safepoint: 17322 ns, Total: 445247 ns
[2023-03-15T04:25:41.551+0000][69][safepoint   ] Safepoint "Cleanup", Time since last: 3003866066 ns, Reaching safepoint: 271329 ns, At safepoint: 43984 ns, Total: 315313 ns
[2023-03-15T04:25:44.558+0000][69][safepoint   ] Safepoint "Cleanup", Time since last: 3006594530 ns, Reaching safepoint: 543139 ns, At safepoint: 176059 ns, Total: 719198 ns
[2023-03-15T04:25:47.541+0000][69][safepoint   ] Safepoint "Cleanup", Time since last: 3005525362 ns, Reaching safepoint: 372671 ns, At safepoint: 12461 ns, Total: 385132 ns
[2023-03-15T04:25:53.554+0000][69][safepoint   ] Safepoint "Cleanup", Time since last: 6012387374 ns, Reaching safepoint: 364462 ns, At safepoint: 12891 ns, Total: 377353 ns
[2023-03-15T04:25:55.565+0000][69][gc,start    ] GC(61) Pause Young (Concurrent Start) (G1 Evacuation Pause)
[2023-03-15T04:25:55.566+0000][69][gc,task     ] GC(61) Using 4 workers of 4 for evacuation
[2023-03-15T04:25:55.567+0000][69][gc,age      ] GC(61) Desired survivor size 8388608 bytes, new threshold 15 (max threshold 15)
[2023-03-15T04:25:55.572+0000][69][gc,phases   ] GC(61)   Pre Evacuate Collection Set: 0.4ms
[2023-03-15T04:25:55.572+0000][69][gc,phases   ] GC(61)   Merge Heap Roots: 0.1ms
[2023-03-15T04:25:55.573+0000][69][gc,phases   ] GC(61)   Evacuate Collection Set: 2.3ms
[2023-03-15T04:25:55.573+0000][69][gc,phases   ] GC(61)   Post Evacuate Collection Set: 0.9ms
[2023-03-15T04:25:55.574+0000][69][gc,phases   ] GC(61)   Other: 1.6ms
[2023-03-15T04:25:55.575+0000][69][gc,age      ] GC(61) Age table with threshold 15 (max threshold 15)
[2023-03-15T04:25:55.575+0000][69][gc,age      ] GC(61) - age   1:    1193792 bytes,    1193792 total
[2023-03-15T04:25:55.576+0000][69][gc,age      ] GC(61) - age   2:       3288 bytes,    1197080 total
[2023-03-15T04:25:55.576+0000][69][gc,age      ] GC(61) - age   3:       5320 bytes,    1202400 total
[2023-03-15T04:25:55.577+0000][69][gc,age      ] GC(61) - age   4:        368 bytes,    1202768 total
[2023-03-15T04:25:55.578+0000][69][gc,age      ] GC(61) - age   5:      49720 bytes,    1252488 total
[2023-03-15T04:25:55.578+0000][69][gc,age      ] GC(61) - age   6:     214072 bytes,    1466560 total
[2023-03-15T04:25:55.579+0000][69][gc,age      ] GC(61) - age   7:        856 bytes,    1467416 total
[2023-03-15T04:25:55.579+0000][69][gc,age      ] GC(61) - age   8:     491792 bytes,    1959208 total
[2023-03-15T04:25:55.580+0000][69][gc,age      ] GC(61) - age   9:       6272 bytes,    1965480 total
[2023-03-15T04:25:55.580+0000][69][gc,age      ] GC(61) - age  10:        456 bytes,    1965936 total
[2023-03-15T04:25:55.581+0000][69][gc,heap     ] GC(61) Eden regions: 24->0(24)
[2023-03-15T04:25:55.582+0000][69][gc,heap     ] GC(61) Survivor regions: 1->1(4)
[2023-03-15T04:25:55.583+0000][69][gc,heap     ] GC(61) Old regions: 24->24
[2023-03-15T04:25:55.583+0000][69][gc,heap     ] GC(61) Archive regions: 2->2
[2023-03-15T04:25:55.585+0000][69][gc,heap     ] GC(61) Humongous regions: 2->2
[2023-03-15T04:25:55.586+0000][69][gc,metaspace] GC(61) Metaspace: 135452K(139648K)->135452K(139648K) NonClass: 118053K(119936K)->118053K(119936K) Class: 17398K(19712K)->17398K(19712K)
[2023-03-15T04:25:55.587+0000][69][gc          ] GC(61) Pause Young (Concurrent Start) (G1 Evacuation Pause) 203M->107M(256M) 21.278ms
[2023-03-15T04:25:55.588+0000][69][gc          ] GC(62) Concurrent Mark Cycle
[2023-03-15T04:25:55.590+0000][69][gc,marking  ] GC(62) Concurrent Clear Claimed Marks
[2023-03-15T04:25:55.589+0000][69][gc,cpu      ] GC(61) User=0.01s Sys=0.01s Real=0.02s
[2023-03-15T04:25:55.591+0000][69][gc,marking  ] GC(62) Concurrent Clear Claimed Marks 1.052ms
[2023-03-15T04:25:55.593+0000][69][gc,marking  ] GC(62) Concurrent Scan Root Regions
[2023-03-15T04:25:55.592+0000][69][safepoint   ] Safepoint "G1CollectForAllocation", Time since last: 2011353824 ns, Reaching safepoint: 93238 ns, At safepoint: 26405776 ns, Total: 26499014 ns
[2023-03-15T04:25:55.598+0000][69][gc,marking  ] GC(62) Concurrent Scan Root Regions 4.637ms
[2023-03-15T04:25:55.599+0000][69][gc,marking  ] GC(62) Concurrent Mark
[2023-03-15T04:25:55.599+0000][69][gc,marking  ] GC(62) Concurrent Mark From Roots
[2023-03-15T04:25:55.600+0000][69][gc,task     ] GC(62) Using 1 workers of 1 for marking
[2023-03-15T04:25:55.699+0000][69][gc,marking  ] GC(62) Concurrent Mark From Roots 99.651ms
[2023-03-15T04:25:55.701+0000][69][gc,marking  ] GC(62) Concurrent Preclean
[2023-03-15T04:25:55.702+0000][69][gc,marking  ] GC(62) Concurrent Preclean 1.492ms
[2023-03-15T04:25:55.704+0000][69][gc,start    ] GC(62) Pause Remark
[2023-03-15T04:25:55.712+0000][69][gc          ] GC(62) Pause Remark 109M->109M(256M) 8.145ms
[2023-03-15T04:25:55.713+0000][69][gc,cpu      ] GC(62) User=0.02s Sys=0.00s Real=0.01s
[2023-03-15T04:25:55.714+0000][69][safepoint   ] Safepoint "G1PauseRemark", Time since last: 111695558 ns, Reaching safepoint: 165265 ns, At safepoint: 10054587 ns, Total: 10219852 ns
[2023-03-15T04:25:55.715+0000][69][gc,marking  ] GC(62) Concurrent Mark 116.034ms
[2023-03-15T04:25:55.716+0000][69][gc,marking  ] GC(62) Concurrent Rebuild Remembered Sets
[2023-03-15T04:25:55.776+0000][69][gc,marking  ] GC(62) Concurrent Rebuild Remembered Sets 60.660ms
[2023-03-15T04:25:55.777+0000][69][gc,start    ] GC(62) Pause Cleanup
[2023-03-15T04:25:55.778+0000][69][gc          ] GC(62) Pause Cleanup 109M->109M(256M) 0.994ms
[2023-03-15T04:25:55.779+0000][69][gc,cpu      ] GC(62) User=0.00s Sys=0.00s Real=0.00s
[2023-03-15T04:25:55.780+0000][69][safepoint   ] Safepoint "G1PauseCleanup", Time since last: 63764985 ns, Reaching safepoint: 73654 ns, At safepoint: 2278720 ns, Total: 2352374 ns
[2023-03-15T04:25:55.780+0000][69][gc,marking  ] GC(62) Concurrent Cleanup for Next Mark
[2023-03-15T04:25:55.781+0000][69][gc,marking  ] GC(62) Concurrent Cleanup for Next Mark 0.842ms
[2023-03-15T04:25:55.782+0000][69][gc          ] GC(62) Concurrent Mark Cycle 193.424ms
[2023-03-15T04:25:59.783+0000][69][safepoint   ] Safepoint "Cleanup", Time since last: 4002822775 ns, Reaching safepoint: 83026 ns, At safepoint: 3523 ns, Total: 86549 ns
[2023-03-15T04:26:00.785+0000][69][safepoint   ] Safepoint "Cleanup", Time since last: 1002476770 ns, Reaching safepoint: 251273 ns, At safepoint: 12030 ns, Total: 263303 ns
[2023-03-15T04:26:02.791+0000][69][safepoint   ] Safepoint "Cleanup", Time since last: 2005510233 ns, Reaching safepoint: 459114 ns, At safepoint: 12141 ns, Total: 471255 ns
[2023-03-15T04:26:05.796+0000][69][safepoint   ] Safepoint "Cleanup", Time since last: 3004232906 ns, Reaching safepoint: 55488 ns, At safepoint: 4000 ns, Total: 59488 ns
[2023-03-15T04:26:06.799+0000][69][safepoint   ] Safepoint "Cleanup", Time since last: 1002989988 ns, Reaching safepoint: 251058 ns, At safepoint: 13181 ns, Total: 264239 ns
[2023-03-15T04:26:07.803+0000][69][safepoint   ] Safepoint "Cleanup", Time since last: 1003585887 ns, Reaching safepoint: 288332 ns, At safepoint: 11520 ns, Total: 299852 ns
[2023-03-15T04:26:09.806+0000][69][safepoint   ] Safepoint "Cleanup", Time since last: 2002835386 ns, Reaching safepoint: 326470 ns, At safepoint: 11796 ns, Total: 338266 ns
[2023-03-15T04:26:10.809+0000][69][safepoint   ] Safepoint "Cleanup", Time since last: 1002457955 ns, Reaching safepoint: 130244 ns, At safepoint: 5788 ns, Total: 136032 ns
[2023-03-15T04:26:11.810+0000][69][safepoint   ] Safepoint "Cleanup", Time since last: 1001024759 ns, Reaching safepoint: 823684 ns, At safepoint: 42556 ns, Total: 866240 ns
[2023-03-15T04:26:16.798+0000][69][safepoint   ] Safepoint "Cleanup", Time since last: 5008071719 ns, Reaching safepoint: 107318 ns, At safepoint: 4983 ns, Total: 112301 ns
[2023-03-15T04:26:17.801+0000][69][safepoint   ] Safepoint "Cleanup", Time since last: 1002639693 ns, Reaching safepoint: 622971 ns, At safepoint: 29338 ns, Total: 652309 ns
[2023-03-15T04:26:18.807+0000][69][safepoint   ] Safepoint "Cleanup", Time since last: 1006187403 ns, Reaching safepoint: 155820 ns, At safepoint: 6142 ns, Total: 161962 ns
[2023-03-15T04:26:19.810+0000][69][safepoint   ] Safepoint "Cleanup", Time since last: 1001607352 ns, Reaching safepoint: 597669 ns, At safepoint: 13740 ns, Total: 611409 ns
[2023-03-15T04:26:22.814+0000][69][safepoint   ] Safepoint "Cleanup", Time since last: 3004217122 ns, Reaching safepoint: 89699 ns, At safepoint: 2347 ns, Total: 92046 ns
[2023-03-15T04:26:25.819+0000][69][safepoint   ] Safepoint "Cleanup", Time since last: 3004054738 ns, Reaching safepoint: 795092 ns, At safepoint: 127812 ns, Total: 922904 ns
[2023-03-15T04:26:28.809+0000][69][gc,start    ] GC(63) Pause Young (Prepare Mixed) (G1 Evacuation Pause)
[2023-03-15T04:26:28.811+0000][69][gc,task     ] GC(63) Using 4 workers of 4 for evacuation
[2023-03-15T04:26:28.812+0000][69][gc,age      ] GC(63) Desired survivor size 8388608 bytes, new threshold 15 (max threshold 15)
[2023-03-15T04:26:28.815+0000][69][gc,phases   ] GC(63)   Pre Evacuate Collection Set: 0.1ms
[2023-03-15T04:26:28.816+0000][69][gc,phases   ] GC(63)   Merge Heap Roots: 0.0ms
[2023-03-15T04:26:28.817+0000][69][gc,phases   ] GC(63)   Evacuate Collection Set: 2.5ms
[2023-03-15T04:26:28.817+0000][69][gc,phases   ] GC(63)   Post Evacuate Collection Set: 0.8ms
[2023-03-15T04:26:28.818+0000][69][gc,phases   ] GC(63)   Other: 1.2ms
[2023-03-15T04:26:28.818+0000][69][gc,age      ] GC(63) Age table with threshold 15 (max threshold 15)
[2023-03-15T04:26:28.819+0000][69][gc,age      ] GC(63) - age   1:    1431160 bytes,    1431160 total
[2023-03-15T04:26:28.819+0000][69][gc,age      ] GC(63) - age   2:       7776 bytes,    1438936 total
[2023-03-15T04:26:28.819+0000][69][gc,age      ] GC(63) - age   3:       2472 bytes,    1441408 total
[2023-03-15T04:26:28.820+0000][69][gc,age      ] GC(63) - age   4:       5192 bytes,    1446600 total
[2023-03-15T04:26:28.820+0000][69][gc,age      ] GC(63) - age   5:        368 bytes,    1446968 total
[2023-03-15T04:26:28.821+0000][69][gc,age      ] GC(63) - age   6:      49416 bytes,    1496384 total
[2023-03-15T04:26:28.821+0000][69][gc,age      ] GC(63) - age   7:     213848 bytes,    1710232 total
[2023-03-15T04:26:28.822+0000][69][gc,age      ] GC(63) - age   8:        856 bytes,    1711088 total
[2023-03-15T04:26:28.822+0000][69][gc,age      ] GC(63) - age   9:     479920 bytes,    2191008 total
[2023-03-15T04:26:28.823+0000][69][gc,age      ] GC(63) - age  10:       6272 bytes,    2197280 total
[2023-03-15T04:26:28.823+0000][69][gc,age      ] GC(63) - age  11:        456 bytes,    2197736 total
[2023-03-15T04:26:28.823+0000][69][gc,heap     ] GC(63) Eden regions: 24->0(2)
[2023-03-15T04:26:28.824+0000][69][gc,heap     ] GC(63) Survivor regions: 1->1(4)
[2023-03-15T04:26:28.824+0000][69][gc,heap     ] GC(63) Old regions: 24->24
[2023-03-15T04:26:28.825+0000][69][gc,heap     ] GC(63) Archive regions: 2->2
[2023-03-15T04:26:28.825+0000][69][gc,heap     ] GC(63) Humongous regions: 2->2
[2023-03-15T04:26:28.826+0000][69][gc,metaspace] GC(63) Metaspace: 135512K(139712K)->135512K(139712K) NonClass: 118113K(120000K)->118113K(120000K) Class: 17398K(19712K)->17398K(19712K)
[2023-03-15T04:26:28.826+0000][69][gc          ] GC(63) Pause Young (Prepare Mixed) (G1 Evacuation Pause) 203M->107M(256M) 16.970ms
[2023-03-15T04:26:28.827+0000][69][gc,cpu      ] GC(63) User=0.01s Sys=0.00s Real=0.02s
[2023-03-15T04:26:28.827+0000][69][safepoint   ] Safepoint "G1CollectForAllocation", Time since last: 2990258750 ns, Reaching safepoint: 71501 ns, At safepoint: 18060920 ns, Total: 18132421 ns
[2023-03-15T04:26:28.922+0000][69][gc,start    ] GC(64) Pause Young (Mixed) (G1 Evacuation Pause)
[2023-03-15T04:26:28.923+0000][69][gc,task     ] GC(64) Using 4 workers of 4 for evacuation
[2023-03-15T04:26:28.923+0000][69][gc,age      ] GC(64) Desired survivor size 2097152 bytes, new threshold 9 (max threshold 15)
[2023-03-15T04:26:28.935+0000][69][gc,phases   ] GC(64)   Pre Evacuate Collection Set: 0.1ms
[2023-03-15T04:26:28.935+0000][69][gc,phases   ] GC(64)   Merge Heap Roots: 0.1ms
[2023-03-15T04:26:28.936+0000][69][gc,phases   ] GC(64)   Evacuate Collection Set: 9.4ms
[2023-03-15T04:26:28.936+0000][69][gc,phases   ] GC(64)   Post Evacuate Collection Set: 0.8ms
[2023-03-15T04:26:28.937+0000][69][gc,phases   ] GC(64)   Other: 1.7ms
[2023-03-15T04:26:28.937+0000][69][gc,age      ] GC(64) Age table with threshold 9 (max threshold 15)
[2023-03-15T04:26:28.938+0000][69][gc,age      ] GC(64) - age   1:     536808 bytes,     536808 total
[2023-03-15T04:26:28.938+0000][69][gc,age      ] GC(64) - age   2:    1385064 bytes,    1921872 total
[2023-03-15T04:26:28.938+0000][69][gc,age      ] GC(64) - age   3:       7648 bytes,    1929520 total
[2023-03-15T04:26:28.939+0000][69][gc,age      ] GC(64) - age   4:       2472 bytes,    1931992 total
[2023-03-15T04:26:28.939+0000][69][gc,age      ] GC(64) - age   5:       5192 bytes,    1937184 total
[2023-03-15T04:26:28.940+0000][69][gc,age      ] GC(64) - age   6:        368 bytes,    1937552 total
[2023-03-15T04:26:28.940+0000][69][gc,age      ] GC(64) - age   7:      49416 bytes,    1986968 total
[2023-03-15T04:26:28.941+0000][69][gc,age      ] GC(64) - age   8:     213688 bytes,    2200656 total
[2023-03-15T04:26:28.941+0000][69][gc,age      ] GC(64) - age   9:        856 bytes,    2201512 total
[2023-03-15T04:26:28.941+0000][69][gc,heap     ] GC(64) Eden regions: 2->0(24)
[2023-03-15T04:26:28.942+0000][69][gc,heap     ] GC(64) Survivor regions: 1->1(1)
[2023-03-15T04:26:28.942+0000][69][gc,heap     ] GC(64) Old regions: 24->24
[2023-03-15T04:26:28.943+0000][69][gc,heap     ] GC(64) Archive regions: 2->2
[2023-03-15T04:26:28.943+0000][69][gc,heap     ] GC(64) Humongous regions: 2->2
[2023-03-15T04:26:28.944+0000][69][gc,metaspace] GC(64) Metaspace: 135512K(139712K)->135512K(139712K) NonClass: 118113K(120000K)->118113K(120000K) Class: 17398K(19712K)->17398K(19712K)
[2023-03-15T04:26:28.944+0000][69][gc          ] GC(64) Pause Young (Mixed) (G1 Evacuation Pause) 115M->107M(256M) 22.645ms
[2023-03-15T04:26:28.945+0000][69][gc,cpu      ] GC(64) User=0.02s Sys=0.00s Real=0.03s
[2023-03-15T04:26:28.945+0000][69][safepoint   ] Safepoint "G1CollectForAllocation", Time since last: 94427119 ns, Reaching safepoint: 102977 ns, At safepoint: 23723523 ns, Total: 23826500 ns
[2023-03-15T04:26:29.947+0000][69][safepoint   ] Safepoint "Cleanup", Time since last: 1001604474 ns, Reaching safepoint: 92826 ns, At safepoint: 3268 ns, Total: 96094 ns
[2023-03-15T04:26:30.949+0000][69][safepoint   ] Safepoint "Cleanup", Time since last: 1001250944 ns, Reaching safepoint: 387461 ns, At safepoint: 12453 ns, Total: 399914 ns
[2023-03-15T04:26:31.953+0000][69][safepoint   ] Safepoint "Cleanup", Time since last: 1003971249 ns, Reaching safepoint: 322943 ns, At safepoint: 12463 ns, Total: 335406 ns
[2023-03-15T04:26:34.957+0000][69][safepoint   ] Safepoint "Cleanup", Time since last: 3004144614 ns, Reaching safepoint: 140543 ns, At safepoint: 5643 ns, Total: 146186 ns
[2023-03-15T04:26:35.963+0000][69][safepoint   ] Safepoint "Cleanup", Time since last: 1004497603 ns, Reaching safepoint: 869350 ns, At safepoint: 47404 ns, Total: 916754 ns
[2023-03-15T04:26:37.968+0000][69][safepoint   ] Safepoint "Cleanup", Time since last: 2004744964 ns, Reaching safepoint: 353966 ns, At safepoint: 13179 ns, Total: 367145 ns
[2023-03-15T04:26:43.979+0000][69][safepoint   ] Safepoint "Cleanup", Time since last: 6010874170 ns, Reaching safepoint: 534758 ns, At safepoint: 15653 ns, Total: 550411 ns
[2023-03-15T04:26:46.970+0000][69][safepoint   ] Safepoint "Cleanup", Time since last: 3012180935 ns, Reaching safepoint: 139682 ns, At safepoint: 7115 ns, Total: 146797 ns
[2023-03-15T04:26:47.985+0000][69][safepoint   ] Safepoint "Cleanup", Time since last: 1015348420 ns, Reaching safepoint: 39367 ns, At safepoint: 3098 ns, Total: 42465 ns
[2023-03-15T04:26:49.989+0000][69][safepoint   ] Safepoint "Cleanup", Time since last: 2003930477 ns, Reaching safepoint: 405141 ns, At safepoint: 12015 ns, Total: 417156 ns
[2023-03-15T04:26:53.002+0000][69][safepoint   ] Safepoint "Cleanup", Time since last: 3012298675 ns, Reaching safepoint: 683812 ns, At safepoint: 58054 ns, Total: 741866 ns
[2023-03-15T04:26:54.007+0000][69][safepoint   ] Safepoint "Cleanup", Time since last: 1004318353 ns, Reaching safepoint: 267981 ns, At safepoint: 13150 ns, Total: 281131 ns
[2023-03-15T04:26:55.010+0000][69][safepoint   ] Safepoint "Cleanup", Time since last: 1003157987 ns, Reaching safepoint: 191807 ns, At safepoint: 13651 ns, Total: 205458 ns
[2023-03-15T04:26:56.014+0000][69][safepoint   ] Safepoint "Cleanup", Time since last: 1002478169 ns, Reaching safepoint: 948686 ns, At safepoint: 141768 ns, Total: 1090454 ns
[2023-03-15T04:26:57.018+0000][69][safepoint   ] Safepoint "Cleanup", Time since last: 1003831172 ns, Reaching safepoint: 526154 ns, At safepoint: 27876 ns, Total: 554030 ns
[2023-03-15T04:26:59.023+0000][69][safepoint   ] Safepoint "Cleanup", Time since last: 2004766137 ns, Reaching safepoint: 125658 ns, At safepoint: 6131 ns, Total: 131789 ns
[2023-03-15T04:27:00.026+0000][69][safepoint   ] Safepoint "Cleanup", Time since last: 1002246142 ns, Reaching safepoint: 215898 ns, At safepoint: 7578 ns, Total: 223476 ns
[2023-03-15T04:27:02.030+0000][69][safepoint   ] Safepoint "Cleanup", Time since last: 2003633665 ns, Reaching safepoint: 455783 ns, At safepoint: 45694 ns, Total: 501477 ns
[2023-03-15T04:27:04.554+0000][69][gc,start    ] GC(65) Pause Young (Concurrent Start) (G1 Evacuation Pause)
[2023-03-15T04:27:04.556+0000][69][gc,task     ] GC(65) Using 4 workers of 4 for evacuation
[2023-03-15T04:27:04.557+0000][69][gc,age      ] GC(65) Desired survivor size 8388608 bytes, new threshold 15 (max threshold 15)
[2023-03-15T04:27:04.564+0000][69][gc,phases   ] GC(65)   Pre Evacuate Collection Set: 0.7ms
[2023-03-15T04:27:04.565+0000][69][gc,phases   ] GC(65)   Merge Heap Roots: 0.1ms
[2023-03-15T04:27:04.566+0000][69][gc,phases   ] GC(65)   Evacuate Collection Set: 2.8ms
[2023-03-15T04:27:04.567+0000][69][gc,phases   ] GC(65)   Post Evacuate Collection Set: 1.1ms
[2023-03-15T04:27:04.568+0000][69][gc,phases   ] GC(65)   Other: 2.9ms
[2023-03-15T04:27:04.569+0000][69][gc,age      ] GC(65) Age table with threshold 15 (max threshold 15)
[2023-03-15T04:27:04.569+0000][69][gc,age      ] GC(65) - age   1:     575120 bytes,     575120 total
[2023-03-15T04:27:04.570+0000][69][gc,age      ] GC(65) - age   2:       1128 bytes,     576248 total
[2023-03-15T04:27:04.571+0000][69][gc,age      ] GC(65) - age   3:       2664 bytes,     578912 total
[2023-03-15T04:27:04.572+0000][69][gc,age      ] GC(65) - age   4:       6712 bytes,     585624 total
[2023-03-15T04:27:04.572+0000][69][gc,age      ] GC(65) - age   5:       1936 bytes,     587560 total
[2023-03-15T04:27:04.573+0000][69][gc,age      ] GC(65) - age   6:       5096 bytes,     592656 total
[2023-03-15T04:27:04.574+0000][69][gc,age      ] GC(65) - age   7:        368 bytes,     593024 total
[2023-03-15T04:27:04.575+0000][69][gc,age      ] GC(65) - age   8:      49072 bytes,     642096 total
[2023-03-15T04:27:04.575+0000][69][gc,age      ] GC(65) - age   9:     205672 bytes,     847768 total
[2023-03-15T04:27:04.576+0000][69][gc,age      ] GC(65) - age  10:        856 bytes,     848624 total
[2023-03-15T04:27:04.577+0000][69][gc,heap     ] GC(65) Eden regions: 24->0(24)
[2023-03-15T04:27:04.577+0000][69][gc,heap     ] GC(65) Survivor regions: 1->1(4)
[2023-03-15T04:27:04.578+0000][69][gc,heap     ] GC(65) Old regions: 24->24
[2023-03-15T04:27:04.579+0000][69][gc,heap     ] GC(65) Archive regions: 2->2
[2023-03-15T04:27:04.579+0000][69][gc,heap     ] GC(65) Humongous regions: 2->2
[2023-03-15T04:27:04.580+0000][69][gc,metaspace] GC(65) Metaspace: 135623K(139776K)->135623K(139776K) NonClass: 118224K(120064K)->118224K(120064K) Class: 17398K(19712K)->17398K(19712K)
[2023-03-15T04:27:04.581+0000][69][gc          ] GC(65) Pause Young (Concurrent Start) (G1 Evacuation Pause) 203M->106M(256M) 26.278ms
[2023-03-15T04:27:04.581+0000][69][gc,cpu      ] GC(65) User=0.01s Sys=0.00s Real=0.02s
[2023-03-15T04:27:04.581+0000][69][gc          ] GC(66) Concurrent Mark Cycle
[2023-03-15T04:27:04.583+0000][69][gc,marking  ] GC(66) Concurrent Clear Claimed Marks
[2023-03-15T04:27:04.582+0000][69][safepoint   ] Safepoint "G1CollectForAllocation", Time since last: 2524300268 ns, Reaching safepoint: 141109 ns, At safepoint: 28164091 ns, Total: 28305200 ns
[2023-03-15T04:27:04.584+0000][69][gc,marking  ] GC(66) Concurrent Clear Claimed Marks 0.841ms
[2023-03-15T04:27:04.585+0000][69][gc,marking  ] GC(66) Concurrent Scan Root Regions
[2023-03-15T04:27:04.588+0000][69][gc,marking  ] GC(66) Concurrent Scan Root Regions 2.827ms
[2023-03-15T04:27:04.588+0000][69][gc,marking  ] GC(66) Concurrent Mark
[2023-03-15T04:27:04.589+0000][69][gc,marking  ] GC(66) Concurrent Mark From Roots
[2023-03-15T04:27:04.590+0000][69][gc,task     ] GC(66) Using 1 workers of 1 for marking
[2023-03-15T04:27:04.737+0000][69][gc,marking  ] GC(66) Concurrent Mark From Roots 147.922ms
[2023-03-15T04:27:04.737+0000][69][gc,marking  ] GC(66) Concurrent Preclean
[2023-03-15T04:27:04.738+0000][69][gc,marking  ] GC(66) Concurrent Preclean 1.079ms
[2023-03-15T04:27:04.739+0000][69][gc,start    ] GC(66) Pause Remark
[2023-03-15T04:27:04.755+0000][69][gc          ] GC(66) Pause Remark 110M->110M(256M) 16.329ms
[2023-03-15T04:27:04.756+0000][69][gc,cpu      ] GC(66) User=0.05s Sys=0.00s Real=0.02s
[2023-03-15T04:27:04.761+0000][69][safepoint   ] Safepoint "G1PauseRemark", Time since last: 156371635 ns, Reaching safepoint: 148888 ns, At safepoint: 21903737 ns, Total: 22052625 ns
[2023-03-15T04:27:04.762+0000][69][gc,marking  ] GC(66) Concurrent Mark 173.235ms
[2023-03-15T04:27:04.762+0000][69][gc,marking  ] GC(66) Concurrent Rebuild Remembered Sets
[2023-03-15T04:27:04.851+0000][69][gc,marking  ] GC(66) Concurrent Rebuild Remembered Sets 88.914ms
[2023-03-15T04:27:04.852+0000][69][gc,start    ] GC(66) Pause Cleanup
[2023-03-15T04:27:04.853+0000][69][gc          ] GC(66) Pause Cleanup 111M->111M(256M) 0.638ms
[2023-03-15T04:27:04.853+0000][69][gc,cpu      ] GC(66) User=0.00s Sys=0.00s Real=0.01s
[2023-03-15T04:27:04.854+0000][69][safepoint   ] Safepoint "G1PauseCleanup", Time since last: 90784345 ns, Reaching safepoint: 196647 ns, At safepoint: 1792241 ns, Total: 1988888 ns
[2023-03-15T04:27:04.854+0000][69][gc,marking  ] GC(66) Concurrent Cleanup for Next Mark
[2023-03-15T04:27:04.855+0000][69][gc,marking  ] GC(66) Concurrent Cleanup for Next Mark 0.941ms
[2023-03-15T04:27:04.858+0000][69][gc          ] GC(66) Concurrent Mark Cycle 276.518ms
[2023-03-15T04:27:05.855+0000][69][safepoint   ] Safepoint "Cleanup", Time since last: 1001156498 ns, Reaching safepoint: 134767 ns, At safepoint: 3847 ns, Total: 138614 ns
[2023-03-15T04:27:07.860+0000][69][safepoint   ] Safepoint "Cleanup", Time since last: 2004669309 ns, Reaching safepoint: 727684 ns, At safepoint: 39408 ns, Total: 767092 ns
[2023-03-15T04:27:08.866+0000][69][safepoint   ] Safepoint "Cleanup", Time since last: 1004932686 ns, Reaching safepoint: 285381 ns, At safepoint: 15540 ns, Total: 300921 ns
[2023-03-15T04:27:10.871+0000][69][safepoint   ] Safepoint "Cleanup", Time since last: 2004586690 ns, Reaching safepoint: 245994 ns, At safepoint: 44175 ns, Total: 290169 ns
[2023-03-15T04:27:16.856+0000][69][safepoint   ] Safepoint "Cleanup", Time since last: 6006385869 ns, Reaching safepoint: 322449 ns, At safepoint: 10413 ns, Total: 332862 ns
[2023-03-15T04:27:17.861+0000][69][safepoint   ] Safepoint "Cleanup", Time since last: 1004128940 ns, Reaching safepoint: 687876 ns, At safepoint: 256941 ns, Total: 944817 ns
[2023-03-15T04:27:22.871+0000][69][safepoint   ] Safepoint "Cleanup", Time since last: 5009285656 ns, Reaching safepoint: 174942 ns, At safepoint: 185823 ns, Total: 360765 ns
[2023-03-15T04:27:27.879+0000][69][safepoint   ] Safepoint "Cleanup", Time since last: 5006783654 ns, Reaching safepoint: 1120250 ns, At safepoint: 146721 ns, Total: 1266971 ns
[2023-03-15T04:27:28.882+0000][69][safepoint   ] Safepoint "Cleanup", Time since last: 1003101344 ns, Reaching safepoint: 529167 ns, At safepoint: 18732 ns, Total: 547899 ns
[2023-03-15T04:27:29.886+0000][69][safepoint   ] Safepoint "Cleanup", Time since last: 1003378954 ns, Reaching safepoint: 171447 ns, At safepoint: 4915 ns, Total: 176362 ns
[2023-03-15T04:27:34.890+0000][69][safepoint   ] Safepoint "Cleanup", Time since last: 5003564986 ns, Reaching safepoint: 157006 ns, At safepoint: 79030 ns, Total: 236036 ns
[2023-03-15T04:27:34.946+0000][69][gc,start    ] GC(67) Pause Young (Normal) (G1 Evacuation Pause)
[2023-03-15T04:27:34.947+0000][69][gc,task     ] GC(67) Using 4 workers of 4 for evacuation
[2023-03-15T04:27:34.947+0000][69][gc,age      ] GC(67) Desired survivor size 8388608 bytes, new threshold 15 (max threshold 15)
[2023-03-15T04:27:34.952+0000][69][gc,phases   ] GC(67)   Pre Evacuate Collection Set: 0.1ms
[2023-03-15T04:27:34.953+0000][69][gc,phases   ] GC(67)   Merge Heap Roots: 0.1ms
[2023-03-15T04:27:34.954+0000][69][gc,phases   ] GC(67)   Evacuate Collection Set: 3.5ms
[2023-03-15T04:27:34.955+0000][69][gc,phases   ] GC(67)   Post Evacuate Collection Set: 1.2ms
[2023-03-15T04:27:34.956+0000][69][gc,phases   ] GC(67)   Other: 0.9ms
[2023-03-15T04:27:34.957+0000][69][gc,age      ] GC(67) Age table with threshold 15 (max threshold 15)
[2023-03-15T04:27:34.957+0000][69][gc,age      ] GC(67) - age   1:    1382896 bytes,    1382896 total
[2023-03-15T04:27:34.958+0000][69][gc,age      ] GC(67) - age   2:       5128 bytes,    1388024 total
[2023-03-15T04:27:34.958+0000][69][gc,age      ] GC(67) - age   3:       1000 bytes,    1389024 total
[2023-03-15T04:27:34.958+0000][69][gc,age      ] GC(67) - age   4:       1992 bytes,    1391016 total
[2023-03-15T04:27:34.959+0000][69][gc,age      ] GC(67) - age   5:       6584 bytes,    1397600 total
[2023-03-15T04:27:34.959+0000][69][gc,age      ] GC(67) - age   6:       1936 bytes,    1399536 total
[2023-03-15T04:27:34.960+0000][69][gc,age      ] GC(67) - age   7:       5096 bytes,    1404632 total
[2023-03-15T04:27:34.960+0000][69][gc,age      ] GC(67) - age   8:        368 bytes,    1405000 total
[2023-03-15T04:27:34.961+0000][69][gc,age      ] GC(67) - age   9:      49072 bytes,    1454072 total
[2023-03-15T04:27:34.961+0000][69][gc,age      ] GC(67) - age  10:     205672 bytes,    1659744 total
[2023-03-15T04:27:34.962+0000][69][gc,age      ] GC(67) - age  11:        856 bytes,    1660600 total
[2023-03-15T04:27:34.962+0000][69][gc,heap     ] GC(67) Eden regions: 24->0(24)
[2023-03-15T04:27:34.963+0000][69][gc,heap     ] GC(67) Survivor regions: 1->1(4)
[2023-03-15T04:27:34.963+0000][69][gc,heap     ] GC(67) Old regions: 24->24
[2023-03-15T04:27:34.964+0000][69][gc,heap     ] GC(67) Archive regions: 2->2
[2023-03-15T04:27:34.964+0000][69][gc,heap     ] GC(67) Humongous regions: 2->2
[2023-03-15T04:27:34.965+0000][69][gc,metaspace] GC(67) Metaspace: 135764K(139840K)->135764K(139840K) NonClass: 118367K(120128K)->118367K(120128K) Class: 17396K(19712K)->17396K(19712K)
[2023-03-15T04:27:34.966+0000][69][gc          ] GC(67) Pause Young (Normal) (G1 Evacuation Pause) 202M->107M(256M) 19.768ms
[2023-03-15T04:27:34.966+0000][69][gc,cpu      ] GC(67) User=0.01s Sys=0.00s Real=0.02s
[2023-03-15T04:27:34.967+0000][69][safepoint   ] Safepoint "G1CollectForAllocation", Time since last: 55947819 ns, Reaching safepoint: 133313 ns, At safepoint: 20814642 ns, Total: 20947955 ns
[2023-03-15T04:27:36.971+0000][69][safepoint   ] Safepoint "Cleanup", Time since last: 2003592793 ns, Reaching safepoint: 332766 ns, At safepoint: 11882 ns, Total: 344648 ns
[2023-03-15T04:27:37.975+0000][69][safepoint   ] Safepoint "Cleanup", Time since last: 1003742233 ns, Reaching safepoint: 777077 ns, At safepoint: 50286 ns, Total: 827363 ns
[2023-03-15T04:27:38.981+0000][69][safepoint   ] Safepoint "Cleanup", Time since last: 1004702410 ns, Reaching safepoint: 695477 ns, At safepoint: 17183 ns, Total: 712660 ns
[2023-03-15T04:27:40.985+0000][69][safepoint   ] Safepoint "Cleanup", Time since last: 2004709389 ns, Reaching safepoint: 137624 ns, At safepoint: 3728 ns, Total: 141352 ns
[2023-03-15T04:27:42.988+0000][69][safepoint   ] Safepoint "Cleanup", Time since last: 2001745334 ns, Reaching safepoint: 424941 ns, At safepoint: 12768 ns, Total: 437709 ns
[2023-03-15T04:27:43.994+0000][69][safepoint   ] Safepoint "Cleanup", Time since last: 1005959367 ns, Reaching safepoint: 558672 ns, At safepoint: 14709 ns, Total: 573381 ns
[2023-03-15T04:27:46.979+0000][69][safepoint   ] Safepoint "Cleanup", Time since last: 3005932399 ns, Reaching safepoint: 651002 ns, At safepoint: 23861 ns, Total: 674863 ns
[2023-03-15T04:27:47.984+0000][69][safepoint   ] Safepoint "Cleanup", Time since last: 1003747419 ns, Reaching safepoint: 695553 ns, At safepoint: 53096 ns, Total: 748649 ns
[2023-03-15T04:27:49.989+0000][69][safepoint   ] Safepoint "Cleanup", Time since last: 2004124056 ns, Reaching safepoint: 853422 ns, At safepoint: 46244 ns, Total: 899666 ns
[2023-03-15T04:27:50.994+0000][69][safepoint   ] Safepoint "Cleanup", Time since last: 1004672352 ns, Reaching safepoint: 458826 ns, At safepoint: 14565 ns, Total: 473391 ns
[2023-03-15T04:27:53.001+0000][69][safepoint   ] Safepoint "Cleanup", Time since last: 2006350321 ns, Reaching safepoint: 720826 ns, At safepoint: 44295 ns, Total: 765121 ns
[2023-03-15T04:27:55.007+0000][69][safepoint   ] Safepoint "Cleanup", Time since last: 2005815961 ns, Reaching safepoint: 332315 ns, At safepoint: 10121 ns, Total: 342436 ns
[2023-03-15T04:27:56.012+0000][69][safepoint   ] Safepoint "Cleanup", Time since last: 1004147582 ns, Reaching safepoint: 490392 ns, At safepoint: 53806 ns, Total: 544198 ns
[2023-03-15T04:27:58.018+0000][69][safepoint   ] Safepoint "Cleanup", Time since last: 2005910398 ns, Reaching safepoint: 723211 ns, At safepoint: 46125 ns, Total: 769336 ns
[2023-03-15T04:28:00.024+0000][69][safepoint   ] Safepoint "Cleanup", Time since last: 2004506845 ns, Reaching safepoint: 762764 ns, At safepoint: 30485 ns, Total: 793249 ns
[2023-03-15T04:28:01.028+0000][69][safepoint   ] Safepoint "Cleanup", Time since last: 1003928087 ns, Reaching safepoint: 239585 ns, At safepoint: 9265 ns, Total: 248850 ns
[2023-03-15T04:28:02.032+0000][69][safepoint   ] Safepoint "Cleanup", Time since last: 1003698379 ns, Reaching safepoint: 381154 ns, At safepoint: 13314 ns, Total: 394468 ns
[2023-03-15T04:28:03.036+0000][69][safepoint   ] Safepoint "Cleanup", Time since last: 1003583673 ns, Reaching safepoint: 337730 ns, At safepoint: 12477 ns, Total: 350207 ns
[2023-03-15T04:28:04.775+0000][69][gc,start    ] GC(68) Pause Young (Concurrent Start) (G1 Evacuation Pause)
[2023-03-15T04:28:04.775+0000][69][gc,task     ] GC(68) Using 4 workers of 4 for evacuation
[2023-03-15T04:28:04.776+0000][69][gc,age      ] GC(68) Desired survivor size 8388608 bytes, new threshold 15 (max threshold 15)
[2023-03-15T04:28:04.781+0000][69][gc,phases   ] GC(68)   Pre Evacuate Collection Set: 0.3ms
[2023-03-15T04:28:04.782+0000][69][gc,phases   ] GC(68)   Merge Heap Roots: 0.1ms
[2023-03-15T04:28:04.782+0000][69][gc,phases   ] GC(68)   Evacuate Collection Set: 3.6ms
[2023-03-15T04:28:04.783+0000][69][gc,phases   ] GC(68)   Post Evacuate Collection Set: 0.9ms
[2023-03-15T04:28:04.783+0000][69][gc,phases   ] GC(68)   Other: 1.2ms
[2023-03-15T04:28:04.784+0000][69][gc,age      ] GC(68) Age table with threshold 15 (max threshold 15)
[2023-03-15T04:28:04.784+0000][69][gc,age      ] GC(68) - age   1:    1632752 bytes,    1632752 total
[2023-03-15T04:28:04.785+0000][69][gc,age      ] GC(68) - age   2:      10552 bytes,    1643304 total
[2023-03-15T04:28:04.785+0000][69][gc,age      ] GC(68) - age   3:       3512 bytes,    1646816 total
[2023-03-15T04:28:04.786+0000][69][gc,age      ] GC(68) - age   4:       1000 bytes,    1647816 total
[2023-03-15T04:28:04.786+0000][69][gc,age      ] GC(68) - age   5:       1496 bytes,    1649312 total
[2023-03-15T04:28:04.787+0000][69][gc,age      ] GC(68) - age   6:       6584 bytes,    1655896 total
[2023-03-15T04:28:04.787+0000][69][gc,age      ] GC(68) - age   7:       1936 bytes,    1657832 total
[2023-03-15T04:28:04.788+0000][69][gc,age      ] GC(68) - age   8:       4800 bytes,    1662632 total
[2023-03-15T04:28:04.788+0000][69][gc,age      ] GC(68) - age   9:        368 bytes,    1663000 total
[2023-03-15T04:28:04.789+0000][69][gc,age      ] GC(68) - age  10:      40640 bytes,    1703640 total
[2023-03-15T04:28:04.789+0000][69][gc,age      ] GC(68) - age  11:     205672 bytes,    1909312 total
[2023-03-15T04:28:04.790+0000][69][gc,age      ] GC(68) - age  12:        856 bytes,    1910168 total
[2023-03-15T04:28:04.790+0000][69][gc,heap     ] GC(68) Eden regions: 24->0(24)
[2023-03-15T04:28:04.791+0000][69][gc,heap     ] GC(68) Survivor regions: 1->1(4)
[2023-03-15T04:28:04.791+0000][69][gc,heap     ] GC(68) Old regions: 24->24
[2023-03-15T04:28:04.791+0000][69][gc,heap     ] GC(68) Archive regions: 2->2
[2023-03-15T04:28:04.792+0000][69][gc,heap     ] GC(68) Humongous regions: 2->2
[2023-03-15T04:28:04.792+0000][69][gc,metaspace] GC(68) Metaspace: 136156K(139904K)->136156K(139904K) NonClass: 118679K(120192K)->118679K(120192K) Class: 17477K(19712K)->17477K(19712K)
[2023-03-15T04:28:04.793+0000][69][gc          ] GC(68) Pause Young (Concurrent Start) (G1 Evacuation Pause) 203M->107M(256M) 18.176ms
[2023-03-15T04:28:04.793+0000][69][gc,cpu      ] GC(68) User=0.01s Sys=0.00s Real=0.02s
[2023-03-15T04:28:04.794+0000][69][safepoint   ] Safepoint "G1CollectForAllocation", Time since last: 1738354627 ns, Reaching safepoint: 271619 ns, At safepoint: 19266659 ns, Total: 19538278 ns
[2023-03-15T04:28:04.793+0000][69][gc          ] GC(69) Concurrent Mark Cycle
[2023-03-15T04:28:04.795+0000][69][gc,marking  ] GC(69) Concurrent Clear Claimed Marks
[2023-03-15T04:28:04.801+0000][69][gc,marking  ] GC(69) Concurrent Clear Claimed Marks 5.859ms
[2023-03-15T04:28:04.803+0000][69][gc,marking  ] GC(69) Concurrent Scan Root Regions
[2023-03-15T04:28:04.808+0000][69][gc,marking  ] GC(69) Concurrent Scan Root Regions 5.066ms
[2023-03-15T04:28:04.814+0000][69][gc,marking  ] GC(69) Concurrent Mark
[2023-03-15T04:28:04.814+0000][69][gc,marking  ] GC(69) Concurrent Mark From Roots
[2023-03-15T04:28:04.815+0000][69][gc,task     ] GC(69) Using 1 workers of 1 for marking
[2023-03-15T04:28:04.927+0000][69][gc,marking  ] GC(69) Concurrent Mark From Roots 112.982ms
[2023-03-15T04:28:04.928+0000][69][gc,marking  ] GC(69) Concurrent Preclean
[2023-03-15T04:28:04.929+0000][69][gc,marking  ] GC(69) Concurrent Preclean 1.583ms
[2023-03-15T04:28:04.931+0000][69][gc,start    ] GC(69) Pause Remark
[2023-03-15T04:28:04.941+0000][69][gc          ] GC(69) Pause Remark 112M->112M(256M) 10.036ms
[2023-03-15T04:28:04.942+0000][69][gc,cpu      ] GC(69) User=0.02s Sys=0.00s Real=0.01s
[2023-03-15T04:28:04.942+0000][69][safepoint   ] Safepoint "G1PauseRemark", Time since last: 136953320 ns, Reaching safepoint: 223385 ns, At safepoint: 11226430 ns, Total: 11449815 ns
[2023-03-15T04:28:04.943+0000][69][gc,marking  ] GC(69) Concurrent Mark 129.025ms
[2023-03-15T04:28:04.943+0000][69][gc,marking  ] GC(69) Concurrent Rebuild Remembered Sets
[2023-03-15T04:28:04.997+0000][69][gc,marking  ] GC(69) Concurrent Rebuild Remembered Sets 53.755ms
[2023-03-15T04:28:04.998+0000][69][gc,start    ] GC(69) Pause Cleanup
[2023-03-15T04:28:04.999+0000][69][gc          ] GC(69) Pause Cleanup 112M->112M(256M) 0.579ms
[2023-03-15T04:28:04.999+0000][69][gc,cpu      ] GC(69) User=0.00s Sys=0.00s Real=0.01s
[2023-03-15T04:28:05.000+0000][69][safepoint   ] Safepoint "G1PauseCleanup", Time since last: 56075889 ns, Reaching safepoint: 76642 ns, At safepoint: 1858155 ns, Total: 1934797 ns
[2023-03-15T04:28:05.001+0000][69][gc,marking  ] GC(69) Concurrent Cleanup for Next Mark
[2023-03-15T04:28:05.001+0000][69][gc,marking  ] GC(69) Concurrent Cleanup for Next Mark 0.721ms
[2023-03-15T04:28:05.002+0000][69][gc          ] GC(69) Concurrent Mark Cycle 208.855ms
[2023-03-15T04:28:06.001+0000][69][safepoint   ] Safepoint "Cleanup", Time since last: 1000629756 ns, Reaching safepoint: 120343 ns, At safepoint: 11860 ns, Total: 132203 ns
[2023-03-15T04:28:07.003+0000][69][safepoint   ] Safepoint "Cleanup", Time since last: 1001371418 ns, Reaching safepoint: 374587 ns, At safepoint: 13350 ns, Total: 387937 ns
[2023-03-15T04:28:08.010+0000][69][safepoint   ] Safepoint "Cleanup", Time since last: 1006981431 ns, Reaching safepoint: 193881 ns, At safepoint: 13983 ns, Total: 207864 ns
[2023-03-15T04:28:10.014+0000][69][safepoint   ] Safepoint "Cleanup", Time since last: 2004467126 ns, Reaching safepoint: 132760 ns, At safepoint: 4236 ns, Total: 136996 ns
[2023-03-15T04:28:11.016+0000][69][safepoint   ] Safepoint "Cleanup", Time since last: 1001556582 ns, Reaching safepoint: 413324 ns, At safepoint: 10209 ns, Total: 423533 ns
[2023-03-15T04:28:14.022+0000][69][safepoint   ] Safepoint "Cleanup", Time since last: 3004867397 ns, Reaching safepoint: 182012 ns, At safepoint: 8052 ns, Total: 190064 ns
[2023-03-15T04:28:16.025+0000][69][safepoint   ] Safepoint "Cleanup", Time since last: 2003009770 ns, Reaching safepoint: 147149 ns, At safepoint: 13308 ns, Total: 160457 ns
[2023-03-15T04:28:17.007+0000][69][safepoint   ] Safepoint "Cleanup", Time since last: 1003262732 ns, Reaching safepoint: 869233 ns, At safepoint: 36875 ns, Total: 906108 ns
[2023-03-15T04:28:18.012+0000][69][safepoint   ] Safepoint "Cleanup", Time since last: 1003895762 ns, Reaching safepoint: 592698 ns, At safepoint: 36322 ns, Total: 629020 ns
[2023-03-15T04:28:23.019+0000][69][safepoint   ] Safepoint "Cleanup", Time since last: 5006407142 ns, Reaching safepoint: 217770 ns, At safepoint: 9502 ns, Total: 227272 ns
[2023-03-15T04:28:29.027+0000][69][safepoint   ] Safepoint "Cleanup", Time since last: 6007868765 ns, Reaching safepoint: 220336 ns, At safepoint: 10583 ns, Total: 230919 ns
[2023-03-15T04:28:30.030+0000][69][safepoint   ] Safepoint "Cleanup", Time since last: 1003020208 ns, Reaching safepoint: 266456 ns, At safepoint: 14664 ns, Total: 281120 ns
[2023-03-15T04:28:31.036+0000][69][safepoint   ] Safepoint "Cleanup", Time since last: 1005633355 ns, Reaching safepoint: 627161 ns, At safepoint: 44094 ns, Total: 671255 ns
[2023-03-15T04:28:32.040+0000][69][safepoint   ] Safepoint "Cleanup", Time since last: 1003938004 ns, Reaching safepoint: 254089 ns, At safepoint: 11558 ns, Total: 265647 ns
[2023-03-15T04:28:35.045+0000][69][safepoint   ] Safepoint "Cleanup", Time since last: 3004718970 ns, Reaching safepoint: 182868 ns, At safepoint: 28842 ns, Total: 211710 ns
[2023-03-15T04:28:35.047+0000][69][gc,start    ] GC(70) Pause Young (Normal) (G1 Evacuation Pause)
[2023-03-15T04:28:35.048+0000][69][gc,task     ] GC(70) Using 4 workers of 4 for evacuation
[2023-03-15T04:28:35.049+0000][69][gc,age      ] GC(70) Desired survivor size 8388608 bytes, new threshold 15 (max threshold 15)
[2023-03-15T04:28:35.053+0000][69][gc,phases   ] GC(70)   Pre Evacuate Collection Set: 0.1ms
[2023-03-15T04:28:35.054+0000][69][gc,phases   ] GC(70)   Merge Heap Roots: 0.1ms
[2023-03-15T04:28:35.055+0000][69][gc,phases   ] GC(70)   Evacuate Collection Set: 2.6ms
[2023-03-15T04:28:35.055+0000][69][gc,phases   ] GC(70)   Post Evacuate Collection Set: 0.8ms
[2023-03-15T04:28:35.056+0000][69][gc,phases   ] GC(70)   Other: 1.3ms
[2023-03-15T04:28:35.056+0000][69][gc,age      ] GC(70) Age table with threshold 15 (max threshold 15)
[2023-03-15T04:28:35.056+0000][69][gc,age      ] GC(70) - age   1:     675528 bytes,     675528 total
[2023-03-15T04:28:35.057+0000][69][gc,age      ] GC(70) - age   2:     162160 bytes,     837688 total
[2023-03-15T04:28:35.057+0000][69][gc,age      ] GC(70) - age   3:       9976 bytes,     847664 total
[2023-03-15T04:28:35.058+0000][69][gc,age      ] GC(70) - age   4:       3512 bytes,     851176 total
[2023-03-15T04:28:35.058+0000][69][gc,age      ] GC(70) - age   5:       1000 bytes,     852176 total
[2023-03-15T04:28:35.059+0000][69][gc,age      ] GC(70) - age   6:       1432 bytes,     853608 total
[2023-03-15T04:28:35.071+0000][69][gc,age      ] GC(70) - age   7:       6584 bytes,     860192 total
[2023-03-15T04:28:35.082+0000][69][gc,age      ] GC(70) - age   8:       1640 bytes,     861832 total
[2023-03-15T04:28:35.088+0000][69][gc,age      ] GC(70) - age   9:       4800 bytes,     866632 total
[2023-03-15T04:28:35.089+0000][69][gc,age      ] GC(70) - age  10:        368 bytes,     867000 total
[2023-03-15T04:28:35.090+0000][69][gc,age      ] GC(70) - age  11:      40560 bytes,     907560 total
[2023-03-15T04:28:35.091+0000][69][gc,age      ] GC(70) - age  12:     205672 bytes,    1113232 total
[2023-03-15T04:28:35.092+0000][69][gc,age      ] GC(70) - age  13:        856 bytes,    1114088 total
[2023-03-15T04:28:35.092+0000][69][gc,heap     ] GC(70) Eden regions: 24->0(24)
[2023-03-15T04:28:35.093+0000][69][gc,heap     ] GC(70) Survivor regions: 1->1(4)
[2023-03-15T04:28:35.094+0000][69][gc,heap     ] GC(70) Old regions: 24->24
[2023-03-15T04:28:35.094+0000][69][gc,heap     ] GC(70) Archive regions: 2->2
[2023-03-15T04:28:35.095+0000][69][gc,heap     ] GC(70) Humongous regions: 2->2
[2023-03-15T04:28:35.095+0000][69][gc,metaspace] GC(70) Metaspace: 136329K(140032K)->136329K(140032K) NonClass: 118852K(120320K)->118852K(120320K) Class: 17477K(19712K)->17477K(19712K)
[2023-03-15T04:28:35.102+0000][69][gc          ] GC(70) Pause Young (Normal) (G1 Evacuation Pause) 203M->106M(256M) 54.598ms
[2023-03-15T04:28:35.103+0000][69][gc,cpu      ] GC(70) User=0.00s Sys=0.00s Real=0.06s
[2023-03-15T04:28:35.104+0000][69][safepoint   ] Safepoint "G1CollectForAllocation", Time since last: 1854598 ns, Reaching safepoint: 60864 ns, At safepoint: 56979836 ns, Total: 57040700 ns
[2023-03-15T04:28:38.110+0000][69][safepoint   ] Safepoint "Cleanup", Time since last: 3004167422 ns, Reaching safepoint: 1307221 ns, At safepoint: 51862 ns, Total: 1359083 ns
[2023-03-15T04:28:39.116+0000][69][safepoint   ] Safepoint "Cleanup", Time since last: 1005563886 ns, Reaching safepoint: 650618 ns, At safepoint: 52209 ns, Total: 702827 ns
[2023-03-15T04:28:40.119+0000][69][safepoint   ] Safepoint "Cleanup", Time since last: 1003323151 ns, Reaching safepoint: 65128 ns, At safepoint: 3914 ns, Total: 69042 ns
[2023-03-15T04:28:41.123+0000][69][safepoint   ] Safepoint "Cleanup", Time since last: 1002343445 ns, Reaching safepoint: 909480 ns, At safepoint: 56783 ns, Total: 966263 ns
[2023-03-15T04:28:44.128+0000][69][safepoint   ] Safepoint "Cleanup", Time since last: 3005394328 ns, Reaching safepoint: 142544 ns, At safepoint: 5923 ns, Total: 148467 ns
[2023-03-15T04:28:45.132+0000][69][safepoint   ] Safepoint "Cleanup", Time since last: 1002778864 ns, Reaching safepoint: 529171 ns, At safepoint: 168228 ns, Total: 697399 ns
[2023-03-15T04:28:47.117+0000][69][safepoint   ] Safepoint "Cleanup", Time since last: 2005454512 ns, Reaching safepoint: 761402 ns, At safepoint: 17367 ns, Total: 778769 ns
[2023-03-15T04:28:48.122+0000][69][safepoint   ] Safepoint "Cleanup", Time since last: 1004145111 ns, Reaching safepoint: 632464 ns, At safepoint: 16367 ns, Total: 648831 ns
[2023-03-15T04:28:53.133+0000][69][safepoint   ] Safepoint "Cleanup", Time since last: 5010095320 ns, Reaching safepoint: 385462 ns, At safepoint: 14183 ns, Total: 399645 ns
[2023-03-15T04:28:54.137+0000][69][safepoint   ] Safepoint "Cleanup", Time since last: 1003948042 ns, Reaching safepoint: 706921 ns, At safepoint: 53431 ns, Total: 760352 ns
[2023-03-15T04:28:55.144+0000][69][safepoint   ] Safepoint "Cleanup", Time since last: 1005990166 ns, Reaching safepoint: 791141 ns, At safepoint: 55899 ns, Total: 847040 ns
[2023-03-15T04:28:56.148+0000][69][safepoint   ] Safepoint "Cleanup", Time since last: 1003387737 ns, Reaching safepoint: 345371 ns, At safepoint: 12018 ns, Total: 357389 ns
[2023-03-15T04:28:57.153+0000][69][safepoint   ] Safepoint "Cleanup", Time since last: 1005120450 ns, Reaching safepoint: 350121 ns, At safepoint: 11981 ns, Total: 362102 ns
[2023-03-15T04:29:00.161+0000][69][safepoint   ] Safepoint "Cleanup", Time since last: 3006895629 ns, Reaching safepoint: 337404 ns, At safepoint: 15263 ns, Total: 352667 ns
[2023-03-15T04:29:04.619+0000][69][gc,start    ] GC(71) Pause Young (Concurrent Start) (G1 Evacuation Pause)
[2023-03-15T04:29:04.619+0000][69][gc,task     ] GC(71) Using 4 workers of 4 for evacuation
[2023-03-15T04:29:04.620+0000][69][gc,age      ] GC(71) Desired survivor size 8388608 bytes, new threshold 15 (max threshold 15)
[2023-03-15T04:29:04.625+0000][69][gc,phases   ] GC(71)   Pre Evacuate Collection Set: 0.4ms
[2023-03-15T04:29:04.626+0000][69][gc,phases   ] GC(71)   Merge Heap Roots: 0.1ms
[2023-03-15T04:29:04.626+0000][69][gc,phases   ] GC(71)   Evacuate Collection Set: 2.4ms
[2023-03-15T04:29:04.627+0000][69][gc,phases   ] GC(71)   Post Evacuate Collection Set: 0.9ms
[2023-03-15T04:29:04.628+0000][69][gc,phases   ] GC(71)   Other: 1.7ms
[2023-03-15T04:29:04.629+0000][69][gc,age      ] GC(71) Age table with threshold 15 (max threshold 15)
[2023-03-15T04:29:04.629+0000][69][gc,age      ] GC(71) - age   1:    1367352 bytes,    1367352 total
[2023-03-15T04:29:04.630+0000][69][gc,age      ] GC(71) - age   2:      14712 bytes,    1382064 total
[2023-03-15T04:29:04.631+0000][69][gc,age      ] GC(71) - age   3:     151800 bytes,    1533864 total
[2023-03-15T04:29:04.632+0000][69][gc,age      ] GC(71) - age   4:       9912 bytes,    1543776 total
[2023-03-15T04:29:04.632+0000][69][gc,age      ] GC(71) - age   5:       3200 bytes,    1546976 total
[2023-03-15T04:29:04.633+0000][69][gc,age      ] GC(71) - age   6:       1000 bytes,    1547976 total
[2023-03-15T04:29:04.633+0000][69][gc,age      ] GC(71) - age   7:       1432 bytes,    1549408 total
[2023-03-15T04:29:04.634+0000][69][gc,age      ] GC(71) - age   8:       6584 bytes,    1555992 total
[2023-03-15T04:29:04.634+0000][69][gc,age      ] GC(71) - age   9:       1640 bytes,    1557632 total
[2023-03-15T04:29:04.635+0000][69][gc,age      ] GC(71) - age  10:       4368 bytes,    1562000 total
[2023-03-15T04:29:04.635+0000][69][gc,age      ] GC(71) - age  11:        368 bytes,    1562368 total
[2023-03-15T04:29:04.635+0000][69][gc,age      ] GC(71) - age  12:      16128 bytes,    1578496 total
[2023-03-15T04:29:04.636+0000][69][gc,age      ] GC(71) - age  13:     139072 bytes,    1717568 total
[2023-03-15T04:29:04.636+0000][69][gc,age      ] GC(71) - age  14:        856 bytes,    1718424 total
[2023-03-15T04:29:04.637+0000][69][gc,heap     ] GC(71) Eden regions: 24->0(24)
[2023-03-15T04:29:04.637+0000][69][gc,heap     ] GC(71) Survivor regions: 1->1(4)
[2023-03-15T04:29:04.638+0000][69][gc,heap     ] GC(71) Old regions: 24->24
[2023-03-15T04:29:04.638+0000][69][gc,heap     ] GC(71) Archive regions: 2->2
[2023-03-15T04:29:04.639+0000][69][gc,heap     ] GC(71) Humongous regions: 2->2
[2023-03-15T04:29:04.639+0000][69][gc,metaspace] GC(71) Metaspace: 136390K(140096K)->136390K(140096K) NonClass: 118913K(120384K)->118913K(120384K) Class: 17477K(19712K)->17477K(19712K)
[2023-03-15T04:29:04.640+0000][69][gc          ] GC(71) Pause Young (Concurrent Start) (G1 Evacuation Pause) 202M->107M(256M) 21.066ms
[2023-03-15T04:29:04.640+0000][69][gc,cpu      ] GC(71) User=0.01s Sys=0.01s Real=0.02s
[2023-03-15T04:29:04.640+0000][69][gc          ] GC(72) Concurrent Mark Cycle
[2023-03-15T04:29:04.641+0000][69][gc,marking  ] GC(72) Concurrent Clear Claimed Marks
[2023-03-15T04:29:04.641+0000][69][safepoint   ] Safepoint "G1CollectForAllocation", Time since last: 4458114427 ns, Reaching safepoint: 101828 ns, At safepoint: 22159892 ns, Total: 22261720 ns
[2023-03-15T04:29:04.643+0000][69][gc,marking  ] GC(72) Concurrent Clear Claimed Marks 0.992ms
[2023-03-15T04:29:04.643+0000][69][gc,marking  ] GC(72) Concurrent Scan Root Regions
[2023-03-15T04:29:04.646+0000][69][gc,marking  ] GC(72) Concurrent Scan Root Regions 2.882ms
[2023-03-15T04:29:04.647+0000][69][gc,marking  ] GC(72) Concurrent Mark
[2023-03-15T04:29:04.648+0000][69][gc,marking  ] GC(72) Concurrent Mark From Roots
[2023-03-15T04:29:04.648+0000][69][gc,task     ] GC(72) Using 1 workers of 1 for marking
[2023-03-15T04:29:04.765+0000][69][gc,marking  ] GC(72) Concurrent Mark From Roots 117.445ms
[2023-03-15T04:29:04.766+0000][69][gc,marking  ] GC(72) Concurrent Preclean
[2023-03-15T04:29:04.767+0000][69][gc,marking  ] GC(72) Concurrent Preclean 1.500ms
[2023-03-15T04:29:04.768+0000][69][gc,start    ] GC(72) Pause Remark
[2023-03-15T04:29:04.778+0000][69][gc          ] GC(72) Pause Remark 108M->108M(256M) 9.224ms
[2023-03-15T04:29:04.778+0000][69][gc,cpu      ] GC(72) User=0.03s Sys=0.00s Real=0.01s
[2023-03-15T04:29:04.779+0000][69][safepoint   ] Safepoint "G1PauseRemark", Time since last: 127174120 ns, Reaching safepoint: 210185 ns, At safepoint: 11069557 ns, Total: 11279742 ns
[2023-03-15T04:29:04.780+0000][69][gc,marking  ] GC(72) Concurrent Mark 133.246ms
[2023-03-15T04:29:04.781+0000][69][gc,marking  ] GC(72) Concurrent Rebuild Remembered Sets
[2023-03-15T04:29:04.844+0000][69][gc,marking  ] GC(72) Concurrent Rebuild Remembered Sets 62.703ms
[2023-03-15T04:29:04.845+0000][69][gc,start    ] GC(72) Pause Cleanup
[2023-03-15T04:29:04.846+0000][69][gc          ] GC(72) Pause Cleanup 112M->112M(256M) 0.850ms
[2023-03-15T04:29:04.846+0000][69][gc,cpu      ] GC(72) User=0.00s Sys=0.00s Real=0.00s
[2023-03-15T04:29:04.847+0000][69][safepoint   ] Safepoint "G1PauseCleanup", Time since last: 65543287 ns, Reaching safepoint: 49660 ns, At safepoint: 2277858 ns, Total: 2327518 ns
[2023-03-15T04:29:04.848+0000][69][gc,marking  ] GC(72) Concurrent Cleanup for Next Mark
[2023-03-15T04:29:04.849+0000][69][gc,marking  ] GC(72) Concurrent Cleanup for Next Mark 0.792ms
[2023-03-15T04:29:04.849+0000][69][gc          ] GC(72) Concurrent Mark Cycle 208.873ms
[2023-03-15T04:29:07.853+0000][69][safepoint   ] Safepoint "Cleanup", Time since last: 3005234286 ns, Reaching safepoint: 327016 ns, At safepoint: 11148 ns, Total: 338164 ns
[2023-03-15T04:29:08.857+0000][69][safepoint   ] Safepoint "Cleanup", Time since last: 1004215552 ns, Reaching safepoint: 348994 ns, At safepoint: 11932 ns, Total: 360926 ns
[2023-03-15T04:29:10.864+0000][69][safepoint   ] Safepoint "Cleanup", Time since last: 2005841771 ns, Reaching safepoint: 312550 ns, At safepoint: 11287 ns, Total: 323837 ns
[2023-03-15T04:29:11.867+0000][69][safepoint   ] Safepoint "Cleanup", Time since last: 1003043324 ns, Reaching safepoint: 572959 ns, At safepoint: 14385 ns, Total: 587344 ns
[2023-03-15T04:29:16.854+0000][69][safepoint   ] Safepoint "Cleanup", Time since last: 5007654057 ns, Reaching safepoint: 108821 ns, At safepoint: 26334 ns, Total: 135155 ns
[2023-03-15T04:29:22.862+0000][69][safepoint   ] Safepoint "Cleanup", Time since last: 6007683867 ns, Reaching safepoint: 1025003 ns, At safepoint: 43780 ns, Total: 1068783 ns
[2023-03-15T04:29:23.868+0000][69][safepoint   ] Safepoint "Cleanup", Time since last: 1005434408 ns, Reaching safepoint: 351451 ns, At safepoint: 15536 ns, Total: 366987 ns
[2023-03-15T04:29:27.875+0000][69][safepoint   ] Safepoint "Cleanup", Time since last: 4006906648 ns, Reaching safepoint: 334753 ns, At safepoint: 11759 ns, Total: 346512 ns
[2023-03-15T04:29:28.880+0000][69][safepoint   ] Safepoint "Cleanup", Time since last: 1004497748 ns, Reaching safepoint: 338628 ns, At safepoint: 18599 ns, Total: 357227 ns
[2023-03-15T04:29:31.887+0000][69][safepoint   ] Safepoint "Cleanup", Time since last: 3006890091 ns, Reaching safepoint: 348334 ns, At safepoint: 8594 ns, Total: 356928 ns
[2023-03-15T04:29:35.959+0000][69][gc,start    ] GC(73) Pause Young (Normal) (G1 Evacuation Pause)
[2023-03-15T04:29:35.959+0000][69][gc,task     ] GC(73) Using 4 workers of 4 for evacuation
[2023-03-15T04:29:35.960+0000][69][gc,age      ] GC(73) Desired survivor size 8388608 bytes, new threshold 15 (max threshold 15)
[2023-03-15T04:29:35.964+0000][69][gc,phases   ] GC(73)   Pre Evacuate Collection Set: 0.1ms
[2023-03-15T04:29:35.965+0000][69][gc,phases   ] GC(73)   Merge Heap Roots: 0.1ms
[2023-03-15T04:29:35.965+0000][69][gc,phases   ] GC(73)   Evacuate Collection Set: 2.8ms
[2023-03-15T04:29:35.966+0000][69][gc,phases   ] GC(73)   Post Evacuate Collection Set: 0.7ms
[2023-03-15T04:29:35.966+0000][69][gc,phases   ] GC(73)   Other: 1.2ms
[2023-03-15T04:29:35.966+0000][69][gc,age      ] GC(73) Age table with threshold 15 (max threshold 15)
[2023-03-15T04:29:35.967+0000][69][gc,age      ] GC(73) - age   1:    1067344 bytes,    1067344 total
[2023-03-15T04:29:35.967+0000][69][gc,age      ] GC(73) - age   2:     337856 bytes,    1405200 total
[2023-03-15T04:29:35.968+0000][69][gc,age      ] GC(73) - age   3:      14000 bytes,    1419200 total
[2023-03-15T04:29:35.969+0000][69][gc,age      ] GC(73) - age   4:     151608 bytes,    1570808 total
[2023-03-15T04:29:35.969+0000][69][gc,age      ] GC(73) - age   5:       9848 bytes,    1580656 total
[2023-03-15T04:29:35.970+0000][69][gc,age      ] GC(73) - age   6:       3200 bytes,    1583856 total
[2023-03-15T04:29:35.970+0000][69][gc,age      ] GC(73) - age   7:       1000 bytes,    1584856 total
[2023-03-15T04:29:35.971+0000][69][gc,age      ] GC(73) - age   8:       1432 bytes,    1586288 total
[2023-03-15T04:29:35.971+0000][69][gc,age      ] GC(73) - age   9:       6584 bytes,    1592872 total
[2023-03-15T04:29:35.972+0000][69][gc,age      ] GC(73) - age  10:       1640 bytes,    1594512 total
[2023-03-15T04:29:35.972+0000][69][gc,age      ] GC(73) - age  11:       4368 bytes,    1598880 total
[2023-03-15T04:29:35.972+0000][69][gc,age      ] GC(73) - age  12:        368 bytes,    1599248 total
[2023-03-15T04:29:35.973+0000][69][gc,age      ] GC(73) - age  13:      16064 bytes,    1615312 total
[2023-03-15T04:29:35.973+0000][69][gc,age      ] GC(73) - age  14:     138704 bytes,    1754016 total
[2023-03-15T04:29:35.974+0000][69][gc,age      ] GC(73) - age  15:        856 bytes,    1754872 total
[2023-03-15T04:29:35.974+0000][69][gc,heap     ] GC(73) Eden regions: 24->0(24)
[2023-03-15T04:29:35.975+0000][69][gc,heap     ] GC(73) Survivor regions: 1->1(4)
[2023-03-15T04:29:35.975+0000][69][gc,heap     ] GC(73) Old regions: 24->24
[2023-03-15T04:29:35.976+0000][69][gc,heap     ] GC(73) Archive regions: 2->2
[2023-03-15T04:29:35.976+0000][69][gc,heap     ] GC(73) Humongous regions: 2->2
[2023-03-15T04:29:35.977+0000][69][gc,metaspace] GC(73) Metaspace: 136440K(140160K)->136440K(140160K) NonClass: 118962K(120448K)->118962K(120448K) Class: 17477K(19712K)->17477K(19712K)
[2023-03-15T04:29:35.977+0000][69][gc          ] GC(73) Pause Young (Normal) (G1 Evacuation Pause) 203M->107M(256M) 18.288ms
[2023-03-15T04:29:35.978+0000][69][gc,cpu      ] GC(73) User=0.01s Sys=0.00s Real=0.02s
[2023-03-15T04:29:35.978+0000][69][safepoint   ] Safepoint "G1CollectForAllocation", Time since last: 4071083328 ns, Reaching safepoint: 66537 ns, At safepoint: 19841032 ns, Total: 19907569 ns
[2023-03-15T04:29:37.984+0000][69][safepoint   ] Safepoint "Cleanup", Time since last: 2005001335 ns, Reaching safepoint: 338532 ns, At safepoint: 13973 ns, Total: 352505 ns
[2023-03-15T04:29:41.581+0000][69][safepoint   ] Safepoint "Cleanup", Time since last: 3596733011 ns, Reaching safepoint: 400479 ns, At safepoint: 12457 ns, Total: 412936 ns
[2023-03-15T04:29:42.586+0000][69][safepoint   ] Safepoint "Cleanup", Time since last: 1004262477 ns, Reaching safepoint: 714271 ns, At safepoint: 13977 ns, Total: 728248 ns
[2023-03-15T04:29:43.593+0000][69][safepoint   ] Safepoint "Cleanup", Time since last: 1006828213 ns, Reaching safepoint: 223030 ns, At safepoint: 14946 ns, Total: 237976 ns
[2023-03-15T04:29:44.599+0000][69][safepoint   ] Safepoint "Cleanup", Time since last: 1005200690 ns, Reaching safepoint: 277881 ns, At safepoint: 27297 ns, Total: 305178 ns
[2023-03-15T04:29:46.579+0000][69][safepoint   ] Safepoint "Cleanup", Time since last: 2001972300 ns, Reaching safepoint: 88151 ns, At safepoint: 41297 ns, Total: 129448 ns
[2023-03-15T04:29:47.584+0000][69][safepoint   ] Safepoint "Cleanup", Time since last: 1004585750 ns, Reaching safepoint: 544439 ns, At safepoint: 15288 ns, Total: 559727 ns
[2023-03-15T04:29:54.595+0000][69][safepoint   ] Safepoint "Cleanup", Time since last: 7010790408 ns, Reaching safepoint: 441945 ns, At safepoint: 11859 ns, Total: 453804 ns
[2023-03-15T04:29:59.604+0000][69][safepoint   ] Safepoint "Cleanup", Time since last: 5008812885 ns, Reaching safepoint: 124256 ns, At safepoint: 5135 ns, Total: 129391 ns
[2023-03-15T04:30:00.605+0000][69][safepoint   ] Safepoint "Cleanup", Time since last: 1000869916 ns, Reaching safepoint: 118509 ns, At safepoint: 5307 ns, Total: 123816 ns
[2023-03-15T04:30:04.585+0000][69][gc,start    ] GC(74) Pause Young (Concurrent Start) (G1 Evacuation Pause)
[2023-03-15T04:30:04.586+0000][69][gc,task     ] GC(74) Using 4 workers of 4 for evacuation
[2023-03-15T04:30:04.587+0000][69][gc,age      ] GC(74) Desired survivor size 8388608 bytes, new threshold 15 (max threshold 15)
[2023-03-15T04:30:04.592+0000][69][gc,phases   ] GC(74)   Pre Evacuate Collection Set: 0.5ms
[2023-03-15T04:30:04.593+0000][69][gc,phases   ] GC(74)   Merge Heap Roots: 0.2ms
[2023-03-15T04:30:04.594+0000][69][gc,phases   ] GC(74)   Evacuate Collection Set: 2.8ms
[2023-03-15T04:30:04.595+0000][69][gc,phases   ] GC(74)   Post Evacuate Collection Set: 1.2ms
[2023-03-15T04:30:04.595+0000][69][gc,phases   ] GC(74)   Other: 1.5ms
[2023-03-15T04:30:04.596+0000][69][gc,age      ] GC(74) Age table with threshold 15 (max threshold 15)
[2023-03-15T04:30:04.597+0000][69][gc,age      ] GC(74) - age   1:     625984 bytes,     625984 total
[2023-03-15T04:30:04.598+0000][69][gc,age      ] GC(74) - age   2:      19208 bytes,     645192 total
[2023-03-15T04:30:04.599+0000][69][gc,age      ] GC(74) - age   3:     331720 bytes,     976912 total
[2023-03-15T04:30:04.599+0000][69][gc,age      ] GC(74) - age   4:      13936 bytes,     990848 total
[2023-03-15T04:30:04.600+0000][69][gc,age      ] GC(74) - age   5:     151176 bytes,    1142024 total
[2023-03-15T04:30:04.600+0000][69][gc,age      ] GC(74) - age   6:       9848 bytes,    1151872 total
[2023-03-15T04:30:04.601+0000][69][gc,age      ] GC(74) - age   7:       3200 bytes,    1155072 total
[2023-03-15T04:30:04.601+0000][69][gc,age      ] GC(74) - age   8:       1000 bytes,    1156072 total
[2023-03-15T04:30:04.601+0000][69][gc,age      ] GC(74) - age   9:       1432 bytes,    1157504 total
[2023-03-15T04:30:04.602+0000][69][gc,age      ] GC(74) - age  10:       6584 bytes,    1164088 total
[2023-03-15T04:30:04.602+0000][69][gc,age      ] GC(74) - age  11:       1640 bytes,    1165728 total
[2023-03-15T04:30:04.603+0000][69][gc,age      ] GC(74) - age  12:       4368 bytes,    1170096 total
[2023-03-15T04:30:04.603+0000][69][gc,age      ] GC(74) - age  13:        368 bytes,    1170464 total
[2023-03-15T04:30:04.604+0000][69][gc,age      ] GC(74) - age  14:      15816 bytes,    1186280 total
[2023-03-15T04:30:04.604+0000][69][gc,age      ] GC(74) - age  15:     138704 bytes,    1324984 total
[2023-03-15T04:30:04.605+0000][69][gc,heap     ] GC(74) Eden regions: 24->0(24)
[2023-03-15T04:30:04.605+0000][69][gc,heap     ] GC(74) Survivor regions: 1->1(4)
[2023-03-15T04:30:04.605+0000][69][gc,heap     ] GC(74) Old regions: 24->24
[2023-03-15T04:30:04.605+0000][69][gc,heap     ] GC(74) Archive regions: 2->2
[2023-03-15T04:30:04.606+0000][69][gc,heap     ] GC(74) Humongous regions: 2->2
[2023-03-15T04:30:04.606+0000][69][gc,metaspace] GC(74) Metaspace: 136471K(140160K)->136471K(140160K) NonClass: 118994K(120448K)->118994K(120448K) Class: 17477K(19712K)->17477K(19712K)
[2023-03-15T04:30:04.607+0000][69][gc          ] GC(74) Pause Young (Concurrent Start) (G1 Evacuation Pause) 203M->106M(256M) 21.567ms
[2023-03-15T04:30:04.607+0000][69][gc          ] GC(75) Concurrent Mark Cycle
[2023-03-15T04:30:04.607+0000][69][gc,cpu      ] GC(74) User=0.01s Sys=0.00s Real=0.02s
[2023-03-15T04:30:04.607+0000][69][gc,marking  ] GC(75) Concurrent Clear Claimed Marks
[2023-03-15T04:30:04.608+0000][69][safepoint   ] Safepoint "G1CollectForAllocation", Time since last: 3979917613 ns, Reaching safepoint: 72253 ns, At safepoint: 23009565 ns, Total: 23081818 ns
[2023-03-15T04:30:04.609+0000][69][gc,marking  ] GC(75) Concurrent Clear Claimed Marks 1.401ms
[2023-03-15T04:30:04.610+0000][69][gc,marking  ] GC(75) Concurrent Scan Root Regions
[2023-03-15T04:30:04.613+0000][69][gc,marking  ] GC(75) Concurrent Scan Root Regions 2.843ms
[2023-03-15T04:30:04.613+0000][69][gc,marking  ] GC(75) Concurrent Mark
[2023-03-15T04:30:04.614+0000][69][gc,marking  ] GC(75) Concurrent Mark From Roots
[2023-03-15T04:30:04.614+0000][69][gc,task     ] GC(75) Using 1 workers of 1 for marking
[2023-03-15T04:30:04.725+0000][69][gc,marking  ] GC(75) Concurrent Mark From Roots 111.513ms
[2023-03-15T04:30:04.726+0000][69][gc,marking  ] GC(75) Concurrent Preclean
[2023-03-15T04:30:04.727+0000][69][gc,marking  ] GC(75) Concurrent Preclean 1.565ms
[2023-03-15T04:30:04.728+0000][69][gc,start    ] GC(75) Pause Remark
[2023-03-15T04:30:04.736+0000][69][gc          ] GC(75) Pause Remark 108M->108M(256M) 7.859ms
[2023-03-15T04:30:04.737+0000][69][gc,cpu      ] GC(75) User=0.02s Sys=0.00s Real=0.01s
[2023-03-15T04:30:04.737+0000][69][safepoint   ] Safepoint "G1PauseRemark", Time since last: 120022734 ns, Reaching safepoint: 198240 ns, At safepoint: 9080931 ns, Total: 9279171 ns
[2023-03-15T04:30:04.738+0000][69][gc,marking  ] GC(75) Concurrent Mark 124.714ms
[2023-03-15T04:30:04.738+0000][69][gc,marking  ] GC(75) Concurrent Rebuild Remembered Sets
[2023-03-15T04:30:04.790+0000][69][gc,marking  ] GC(75) Concurrent Rebuild Remembered Sets 51.658ms
[2023-03-15T04:30:04.791+0000][69][gc,start    ] GC(75) Pause Cleanup
[2023-03-15T04:30:04.792+0000][69][gc          ] GC(75) Pause Cleanup 111M->111M(256M) 0.709ms
[2023-03-15T04:30:04.792+0000][69][gc,cpu      ] GC(75) User=0.00s Sys=0.00s Real=0.00s
[2023-03-15T04:30:04.793+0000][69][safepoint   ] Safepoint "G1PauseCleanup", Time since last: 53508372 ns, Reaching safepoint: 87499 ns, At safepoint: 1632274 ns, Total: 1719773 ns
[2023-03-15T04:30:04.793+0000][69][gc,marking  ] GC(75) Concurrent Cleanup for Next Mark
[2023-03-15T04:30:04.794+0000][69][gc,marking  ] GC(75) Concurrent Cleanup for Next Mark 0.642ms
[2023-03-15T04:30:04.794+0000][69][gc          ] GC(75) Concurrent Mark Cycle 187.243ms
[2023-03-15T04:30:05.794+0000][69][safepoint   ] Safepoint "Cleanup", Time since last: 1000702422 ns, Reaching safepoint: 418703 ns, At safepoint: 31004 ns, Total: 449707 ns
[2023-03-15T04:30:07.798+0000][69][safepoint   ] Safepoint "Cleanup", Time since last: 2003493541 ns, Reaching safepoint: 760611 ns, At safepoint: 139548 ns, Total: 900159 ns
[2023-03-15T04:30:10.807+0000][69][safepoint   ] Safepoint "Cleanup", Time since last: 3008358942 ns, Reaching safepoint: 646002 ns, At safepoint: 16242 ns, Total: 662244 ns
[2023-03-15T04:30:19.801+0000][69][safepoint   ] Safepoint "Cleanup", Time since last: 9017996974 ns, Reaching safepoint: 387619 ns, At safepoint: 12083 ns, Total: 399702 ns
[2023-03-15T04:30:22.811+0000][69][safepoint   ] Safepoint "Cleanup", Time since last: 3010535842 ns, Reaching safepoint: 196252 ns, At safepoint: 6748 ns, Total: 203000 ns
[2023-03-15T04:30:24.814+0000][69][safepoint   ] Safepoint "Cleanup", Time since last: 2001893566 ns, Reaching safepoint: 361814 ns, At safepoint: 10937 ns, Total: 372751 ns
[2023-03-15T04:30:28.821+0000][69][safepoint   ] Safepoint "Cleanup", Time since last: 4007675393 ns, Reaching safepoint: 105205 ns, At safepoint: 3407 ns, Total: 108612 ns
[2023-03-15T04:30:29.823+0000][69][safepoint   ] Safepoint "Cleanup", Time since last: 1001108447 ns, Reaching safepoint: 252067 ns, At safepoint: 7574 ns, Total: 259641 ns
[2023-03-15T04:30:30.826+0000][69][safepoint   ] Safepoint "Cleanup", Time since last: 1003249035 ns, Reaching safepoint: 256538 ns, At safepoint: 11599 ns, Total: 268137 ns
[2023-03-15T04:30:34.834+0000][69][safepoint   ] Safepoint "Cleanup", Time since last: 4007823876 ns, Reaching safepoint: 91208 ns, At safepoint: 59480 ns, Total: 150688 ns
[2023-03-15T04:30:35.838+0000][69][safepoint   ] Safepoint "Cleanup", Time since last: 1003363764 ns, Reaching safepoint: 246132 ns, At safepoint: 9314 ns, Total: 255446 ns
[2023-03-15T04:30:37.511+0000][69][gc,start    ] GC(76) Pause Young (Prepare Mixed) (G1 Evacuation Pause)
[2023-03-15T04:30:37.512+0000][69][gc,task     ] GC(76) Using 4 workers of 4 for evacuation
[2023-03-15T04:30:37.514+0000][69][gc,age      ] GC(76) Desired survivor size 8388608 bytes, new threshold 15 (max threshold 15)
[2023-03-15T04:30:37.519+0000][69][gc,phases   ] GC(76)   Pre Evacuate Collection Set: 0.1ms
[2023-03-15T04:30:37.520+0000][69][gc,phases   ] GC(76)   Merge Heap Roots: 0.2ms
[2023-03-15T04:30:37.521+0000][69][gc,phases   ] GC(76)   Evacuate Collection Set: 2.9ms
[2023-03-15T04:30:37.521+0000][69][gc,phases   ] GC(76)   Post Evacuate Collection Set: 1.1ms
[2023-03-15T04:30:37.523+0000][69][gc,phases   ] GC(76)   Other: 2.3ms
[2023-03-15T04:30:37.523+0000][69][gc,age      ] GC(76) Age table with threshold 15 (max threshold 15)
[2023-03-15T04:30:37.524+0000][69][gc,age      ] GC(76) - age   1:     873720 bytes,     873720 total
[2023-03-15T04:30:37.525+0000][69][gc,age      ] GC(76) - age   2:       4848 bytes,     878568 total
[2023-03-15T04:30:37.526+0000][69][gc,age      ] GC(76) - age   3:      17496 bytes,     896064 total
[2023-03-15T04:30:37.526+0000][69][gc,age      ] GC(76) - age   4:     331376 bytes,    1227440 total
[2023-03-15T04:30:37.527+0000][69][gc,age      ] GC(76) - age   5:      13936 bytes,    1241376 total
[2023-03-15T04:30:37.527+0000][69][gc,age      ] GC(76) - age   6:     132352 bytes,    1373728 total
[2023-03-15T04:30:37.528+0000][69][gc,age      ] GC(76) - age   7:       1832 bytes,    1375560 total
[2023-03-15T04:30:37.529+0000][69][gc,age      ] GC(76) - age   8:       3200 bytes,    1378760 total
[2023-03-15T04:30:37.529+0000][69][gc,age      ] GC(76) - age   9:       1000 bytes,    1379760 total
[2023-03-15T04:30:37.530+0000][69][gc,age      ] GC(76) - age  10:       1432 bytes,    1381192 total
[2023-03-15T04:30:37.530+0000][69][gc,age      ] GC(76) - age  11:       6584 bytes,    1387776 total
[2023-03-15T04:30:37.531+0000][69][gc,age      ] GC(76) - age  12:       1640 bytes,    1389416 total
[2023-03-15T04:30:37.531+0000][69][gc,age      ] GC(76) - age  13:       4368 bytes,    1393784 total
[2023-03-15T04:30:37.532+0000][69][gc,age      ] GC(76) - age  14:        368 bytes,    1394152 total
[2023-03-15T04:30:37.532+0000][69][gc,age      ] GC(76) - age  15:      15816 bytes,    1409968 total
[2023-03-15T04:30:37.533+0000][69][gc,heap     ] GC(76) Eden regions: 24->0(2)
[2023-03-15T04:30:37.533+0000][69][gc,heap     ] GC(76) Survivor regions: 1->1(4)
[2023-03-15T04:30:37.534+0000][69][gc,heap     ] GC(76) Old regions: 24->24
[2023-03-15T04:30:37.535+0000][69][gc,heap     ] GC(76) Archive regions: 2->2
[2023-03-15T04:30:37.535+0000][69][gc,heap     ] GC(76) Humongous regions: 2->2
[2023-03-15T04:30:37.535+0000][69][gc,metaspace] GC(76) Metaspace: 136496K(140224K)->136496K(140224K) NonClass: 119019K(120512K)->119019K(120512K) Class: 17477K(19712K)->17477K(19712K)
[2023-03-15T04:30:37.536+0000][69][gc          ] GC(76) Pause Young (Prepare Mixed) (G1 Evacuation Pause) 202M->107M(256M) 24.711ms
[2023-03-15T04:30:37.536+0000][69][gc,cpu      ] GC(76) User=0.02s Sys=0.00s Real=0.02s
[2023-03-15T04:30:37.537+0000][69][safepoint   ] Safepoint "G1CollectForAllocation", Time since last: 1673021692 ns, Reaching safepoint: 115884 ns, At safepoint: 25613620 ns, Total: 25729504 ns
[2023-03-15T04:30:40.753+0000][69][gc,start    ] GC(77) Pause Young (Mixed) (G1 Evacuation Pause)
[2023-03-15T04:30:40.756+0000][69][gc,task     ] GC(77) Using 4 workers of 4 for evacuation
[2023-03-15T04:30:40.757+0000][69][gc,age      ] GC(77) Desired survivor size 2097152 bytes, new threshold 15 (max threshold 15)
[2023-03-15T04:30:40.766+0000][69][gc,phases   ] GC(77)   Pre Evacuate Collection Set: 0.1ms
[2023-03-15T04:30:40.766+0000][69][gc,phases   ] GC(77)   Merge Heap Roots: 0.1ms
[2023-03-15T04:30:40.767+0000][69][gc,phases   ] GC(77)   Evacuate Collection Set: 4.5ms
[2023-03-15T04:30:40.767+0000][69][gc,phases   ] GC(77)   Post Evacuate Collection Set: 1.1ms
[2023-03-15T04:30:40.768+0000][69][gc,phases   ] GC(77)   Other: 3.6ms
[2023-03-15T04:30:40.768+0000][69][gc,age      ] GC(77) Age table with threshold 15 (max threshold 15)
[2023-03-15T04:30:40.769+0000][69][gc,age      ] GC(77) - age   1:     477216 bytes,     477216 total
[2023-03-15T04:30:40.769+0000][69][gc,age      ] GC(77) - age   2:     609448 bytes,    1086664 total
[2023-03-15T04:30:40.770+0000][69][gc,age      ] GC(77) - age   3:       4848 bytes,    1091512 total
[2023-03-15T04:30:40.770+0000][69][gc,age      ] GC(77) - age   4:      17432 bytes,    1108944 total
[2023-03-15T04:30:40.771+0000][69][gc,age      ] GC(77) - age   5:     331376 bytes,    1440320 total
[2023-03-15T04:30:40.771+0000][69][gc,age      ] GC(77) - age   6:      13936 bytes,    1454256 total
[2023-03-15T04:30:40.772+0000][69][gc,age      ] GC(77) - age   7:     132352 bytes,    1586608 total
[2023-03-15T04:30:40.772+0000][69][gc,age      ] GC(77) - age   8:       1832 bytes,    1588440 total
[2023-03-15T04:30:40.773+0000][69][gc,age      ] GC(77) - age   9:       3200 bytes,    1591640 total
[2023-03-15T04:30:40.773+0000][69][gc,age      ] GC(77) - age  10:       1000 bytes,    1592640 total
[2023-03-15T04:30:40.774+0000][69][gc,age      ] GC(77) - age  11:       1432 bytes,    1594072 total
[2023-03-15T04:30:40.774+0000][69][gc,age      ] GC(77) - age  12:       6584 bytes,    1600656 total
[2023-03-15T04:30:40.775+0000][69][gc,age      ] GC(77) - age  13:       1640 bytes,    1602296 total
[2023-03-15T04:30:40.775+0000][69][gc,age      ] GC(77) - age  14:       4368 bytes,    1606664 total
[2023-03-15T04:30:40.776+0000][69][gc,age      ] GC(77) - age  15:        368 bytes,    1607032 total
[2023-03-15T04:30:40.776+0000][69][gc,heap     ] GC(77) Eden regions: 2->0(24)
[2023-03-15T04:30:40.777+0000][69][gc,heap     ] GC(77) Survivor regions: 1->1(1)
[2023-03-15T04:30:40.777+0000][69][gc,heap     ] GC(77) Old regions: 24->24
[2023-03-15T04:30:40.778+0000][69][gc,heap     ] GC(77) Archive regions: 2->2
[2023-03-15T04:30:40.778+0000][69][gc,heap     ] GC(77) Humongous regions: 2->2
[2023-03-15T04:30:40.778+0000][69][gc,metaspace] GC(77) Metaspace: 136497K(140224K)->136497K(140224K) NonClass: 119019K(120512K)->119019K(120512K) Class: 17477K(19712K)->17477K(19712K)
[2023-03-15T04:30:40.779+0000][69][gc          ] GC(77) Pause Young (Mixed) (G1 Evacuation Pause) 115M->106M(256M) 26.253ms
[2023-03-15T04:30:40.779+0000][69][gc,cpu      ] GC(77) User=0.01s Sys=0.00s Real=0.03s
[2023-03-15T04:30:40.780+0000][69][safepoint   ] Safepoint "G1CollectForAllocation", Time since last: 3215975407 ns, Reaching safepoint: 102261 ns, At safepoint: 27262709 ns, Total: 27364970 ns
[2023-03-15T04:30:41.786+0000][69][safepoint   ] Safepoint "Cleanup", Time since last: 1004848656 ns, Reaching safepoint: 687424 ns, At safepoint: 41936 ns, Total: 729360 ns
[2023-03-15T04:30:46.778+0000][69][safepoint   ] Safepoint "Cleanup", Time since last: 5015105039 ns, Reaching safepoint: 458834 ns, At safepoint: 16021 ns, Total: 474855 ns
[2023-03-15T04:30:47.780+0000][69][safepoint   ] Safepoint "Cleanup", Time since last: 1001809877 ns, Reaching safepoint: 47783 ns, At safepoint: 3093 ns, Total: 50876 ns
[2023-03-15T04:30:52.793+0000][69][safepoint   ] Safepoint "Cleanup", Time since last: 5011983686 ns, Reaching safepoint: 351882 ns, At safepoint: 10881 ns, Total: 362763 ns
[2023-03-15T04:30:53.795+0000][69][safepoint   ] Safepoint "Cleanup", Time since last: 1002601812 ns, Reaching safepoint: 266802 ns, At safepoint: 14028 ns, Total: 280830 ns
[2023-03-15T04:30:55.803+0000][69][safepoint   ] Safepoint "Cleanup", Time since last: 2006927736 ns, Reaching safepoint: 226714 ns, At safepoint: 10707 ns, Total: 237421 ns
[2023-03-15T04:30:57.807+0000][69][safepoint   ] Safepoint "Cleanup", Time since last: 2004634317 ns, Reaching safepoint: 160754 ns, At safepoint: 11127 ns, Total: 171881 ns
[2023-03-15T04:30:58.812+0000][69][safepoint   ] Safepoint "Cleanup", Time since last: 1003525690 ns, Reaching safepoint: 637149 ns, At safepoint: 19894 ns, Total: 657043 ns
[2023-03-15T04:30:59.818+0000][69][safepoint   ] Safepoint "Cleanup", Time since last: 1004986659 ns, Reaching safepoint: 1102976 ns, At safepoint: 46445 ns, Total: 1149421 ns
[2023-03-15T04:31:01.824+0000][69][safepoint   ] Safepoint "Cleanup", Time since last: 2006143015 ns, Reaching safepoint: 357931 ns, At safepoint: 17021 ns, Total: 374952 ns
[2023-03-15T04:31:05.833+0000][69][safepoint   ] Safepoint "Cleanup", Time since last: 4008416079 ns, Reaching safepoint: 128123 ns, At safepoint: 26126 ns, Total: 154249 ns
[2023-03-15T04:31:07.838+0000][69][safepoint   ] Safepoint "Cleanup", Time since last: 2004218525 ns, Reaching safepoint: 614991 ns, At safepoint: 16194 ns, Total: 631185 ns
[2023-03-15T04:31:10.848+0000][69][safepoint   ] Safepoint "Cleanup", Time since last: 3009912177 ns, Reaching safepoint: 420441 ns, At safepoint: 41043 ns, Total: 461484 ns
[2023-03-15T04:31:10.978+0000][69][gc,start    ] GC(78) Pause Young (Normal) (G1 Evacuation Pause)
[2023-03-15T04:31:10.979+0000][69][gc,task     ] GC(78) Using 4 workers of 4 for evacuation
[2023-03-15T04:31:10.980+0000][69][gc,age      ] GC(78) Desired survivor size 8388608 bytes, new threshold 15 (max threshold 15)
[2023-03-15T04:31:10.984+0000][69][gc,phases   ] GC(78)   Pre Evacuate Collection Set: 0.2ms
[2023-03-15T04:31:10.985+0000][69][gc,phases   ] GC(78)   Merge Heap Roots: 0.0ms
[2023-03-15T04:31:10.986+0000][69][gc,phases   ] GC(78)   Evacuate Collection Set: 2.3ms
[2023-03-15T04:31:10.986+0000][69][gc,phases   ] GC(78)   Post Evacuate Collection Set: 0.9ms
[2023-03-15T04:31:10.987+0000][69][gc,phases   ] GC(78)   Other: 1.9ms
[2023-03-15T04:31:10.987+0000][69][gc,age      ] GC(78) Age table with threshold 15 (max threshold 15)
[2023-03-15T04:31:10.988+0000][69][gc,age      ] GC(78) - age   1:    1646368 bytes,    1646368 total
[2023-03-15T04:31:10.988+0000][69][gc,age      ] GC(78) - age   2:        128 bytes,    1646496 total
[2023-03-15T04:31:10.988+0000][69][gc,age      ] GC(78) - age   3:       1384 bytes,    1647880 total
[2023-03-15T04:31:10.989+0000][69][gc,age      ] GC(78) - age   4:       3168 bytes,    1651048 total
[2023-03-15T04:31:10.989+0000][69][gc,age      ] GC(78) - age   5:      17176 bytes,    1668224 total
[2023-03-15T04:31:10.989+0000][69][gc,age      ] GC(78) - age   6:     323064 bytes,    1991288 total
[2023-03-15T04:31:10.990+0000][69][gc,age      ] GC(78) - age   7:      13936 bytes,    2005224 total
[2023-03-15T04:31:10.990+0000][69][gc,age      ] GC(78) - age   8:     132352 bytes,    2137576 total
[2023-03-15T04:31:10.991+0000][69][gc,age      ] GC(78) - age   9:       1832 bytes,    2139408 total
[2023-03-15T04:31:10.991+0000][69][gc,age      ] GC(78) - age  10:       3200 bytes,    2142608 total
[2023-03-15T04:31:10.991+0000][69][gc,age      ] GC(78) - age  11:       1000 bytes,    2143608 total
[2023-03-15T04:31:10.991+0000][69][gc,age      ] GC(78) - age  12:       1432 bytes,    2145040 total
[2023-03-15T04:31:10.992+0000][69][gc,age      ] GC(78) - age  13:       6584 bytes,    2151624 total
[2023-03-15T04:31:10.992+0000][69][gc,age      ] GC(78) - age  14:       1640 bytes,    2153264 total
[2023-03-15T04:31:10.993+0000][69][gc,age      ] GC(78) - age  15:       4368 bytes,    2157632 total
[2023-03-15T04:31:10.993+0000][69][gc,heap     ] GC(78) Eden regions: 24->0(24)
[2023-03-15T04:31:10.993+0000][69][gc,heap     ] GC(78) Survivor regions: 1->1(4)
[2023-03-15T04:31:10.994+0000][69][gc,heap     ] GC(78) Old regions: 24->24
[2023-03-15T04:31:10.994+0000][69][gc,heap     ] GC(78) Archive regions: 2->2
[2023-03-15T04:31:10.994+0000][69][gc,heap     ] GC(78) Humongous regions: 2->2
[2023-03-15T04:31:10.995+0000][69][gc,metaspace] GC(78) Metaspace: 136608K(140288K)->136608K(140288K) NonClass: 119130K(120576K)->119130K(120576K) Class: 17477K(19712K)->17477K(19712K)
[2023-03-15T04:31:10.995+0000][69][gc          ] GC(78) Pause Young (Normal) (G1 Evacuation Pause) 202M->107M(256M) 17.224ms
[2023-03-15T04:31:10.996+0000][69][gc,cpu      ] GC(78) User=0.01s Sys=0.00s Real=0.02s
[2023-03-15T04:31:10.996+0000][69][safepoint   ] Safepoint "G1CollectForAllocation", Time since last: 129990491 ns, Reaching safepoint: 111843 ns, At safepoint: 18103701 ns, Total: 18215544 ns
[2023-03-15T04:31:11.999+0000][69][safepoint   ] Safepoint "Cleanup", Time since last: 1002167178 ns, Reaching safepoint: 185415 ns, At safepoint: 8044 ns, Total: 193459 ns
[2023-03-15T04:31:13.004+0000][69][safepoint   ] Safepoint "Cleanup", Time since last: 1005403393 ns, Reaching safepoint: 252088 ns, At safepoint: 12506 ns, Total: 264594 ns
[2023-03-15T04:31:16.993+0000][69][safepoint   ] Safepoint "Cleanup", Time since last: 4009925514 ns, Reaching safepoint: 158409 ns, At safepoint: 4028 ns, Total: 162437 ns
[2023-03-15T04:31:23.009+0000][69][safepoint   ] Safepoint "Cleanup", Time since last: 6015949297 ns, Reaching safepoint: 260408 ns, At safepoint: 10346 ns, Total: 270754 ns
[2023-03-15T04:31:25.015+0000][69][safepoint   ] Safepoint "Cleanup", Time since last: 2006009876 ns, Reaching safepoint: 251155 ns, At safepoint: 10875 ns, Total: 262030 ns
[2023-03-15T04:31:26.021+0000][69][safepoint   ] Safepoint "Cleanup", Time since last: 1004766836 ns, Reaching safepoint: 524138 ns, At safepoint: 15268 ns, Total: 539406 ns
[2023-03-15T04:31:27.025+0000][69][safepoint   ] Safepoint "Cleanup", Time since last: 1003818384 ns, Reaching safepoint: 262839 ns, At safepoint: 21125 ns, Total: 283964 ns
[2023-03-15T04:31:29.027+0000][69][safepoint   ] Safepoint "Cleanup", Time since last: 2002168082 ns, Reaching safepoint: 118284 ns, At safepoint: 5288 ns, Total: 123572 ns
[2023-03-15T04:31:31.034+0000][69][safepoint   ] Safepoint "Cleanup", Time since last: 2006444920 ns, Reaching safepoint: 297969 ns, At safepoint: 13255 ns, Total: 311224 ns
[2023-03-15T04:31:35.043+0000][69][safepoint   ] Safepoint "Cleanup", Time since last: 4008897817 ns, Reaching safepoint: 247241 ns, At safepoint: 11474 ns, Total: 258715 ns
[2023-03-15T04:31:36.048+0000][69][safepoint   ] Safepoint "Cleanup", Time since last: 1005158708 ns, Reaching safepoint: 191663 ns, At safepoint: 14757 ns, Total: 206420 ns
[2023-03-15T04:31:38.053+0000][69][safepoint   ] Safepoint "Cleanup", Time since last: 2004400423 ns, Reaching safepoint: 244209 ns, At safepoint: 11896 ns, Total: 256105 ns
[2023-03-15T04:31:41.062+0000][69][safepoint   ] Safepoint "Cleanup", Time since last: 3008497289 ns, Reaching safepoint: 508397 ns, At safepoint: 49793 ns, Total: 558190 ns
[2023-03-15T04:31:41.747+0000][69][gc,start    ] GC(79) Pause Young (Normal) (G1 Evacuation Pause)
[2023-03-15T04:31:41.748+0000][69][gc,task     ] GC(79) Using 4 workers of 4 for evacuation
[2023-03-15T04:31:41.748+0000][69][gc,age      ] GC(79) Desired survivor size 8388608 bytes, new threshold 15 (max threshold 15)
[2023-03-15T04:31:41.754+0000][69][gc,phases   ] GC(79)   Pre Evacuate Collection Set: 0.2ms
[2023-03-15T04:31:41.755+0000][69][gc,phases   ] GC(79)   Merge Heap Roots: 0.1ms
[2023-03-15T04:31:41.756+0000][69][gc,phases   ] GC(79)   Evacuate Collection Set: 3.7ms
[2023-03-15T04:31:41.757+0000][69][gc,phases   ] GC(79)   Post Evacuate Collection Set: 1.0ms
[2023-03-15T04:31:41.757+0000][69][gc,phases   ] GC(79)   Other: 1.3ms
[2023-03-15T04:31:41.758+0000][69][gc,age      ] GC(79) Age table with threshold 15 (max threshold 15)
[2023-03-15T04:31:41.759+0000][69][gc,age      ] GC(79) - age   1:    1650056 bytes,    1650056 total
[2023-03-15T04:31:41.759+0000][69][gc,age      ] GC(79) - age   2:      11976 bytes,    1662032 total
[2023-03-15T04:31:41.760+0000][69][gc,age      ] GC(79) - age   4:       1000 bytes,    1663032 total
[2023-03-15T04:31:41.760+0000][69][gc,age      ] GC(79) - age   5:       2808 bytes,    1665840 total
[2023-03-15T04:31:41.761+0000][69][gc,age      ] GC(79) - age   6:      17176 bytes,    1683016 total
[2023-03-15T04:31:41.763+0000][69][gc,age      ] GC(79) - age   7:     296624 bytes,    1979640 total
[2023-03-15T04:31:41.764+0000][69][gc,age      ] GC(79) - age   8:      13936 bytes,    1993576 total
[2023-03-15T04:31:41.765+0000][69][gc,age      ] GC(79) - age   9:     132352 bytes,    2125928 total
[2023-03-15T04:31:41.765+0000][69][gc,age      ] GC(79) - age  10:       1832 bytes,    2127760 total
[2023-03-15T04:31:41.766+0000][69][gc,age      ] GC(79) - age  11:       3200 bytes,    2130960 total
[2023-03-15T04:31:41.766+0000][69][gc,age      ] GC(79) - age  12:       1000 bytes,    2131960 total
[2023-03-15T04:31:41.766+0000][69][gc,age      ] GC(79) - age  13:       1432 bytes,    2133392 total
[2023-03-15T04:31:41.767+0000][69][gc,age      ] GC(79) - age  14:       6584 bytes,    2139976 total
[2023-03-15T04:31:41.767+0000][69][gc,age      ] GC(79) - age  15:       1640 bytes,    2141616 total
[2023-03-15T04:31:41.768+0000][69][gc,heap     ] GC(79) Eden regions: 24->0(23)
[2023-03-15T04:31:41.768+0000][69][gc,heap     ] GC(79) Survivor regions: 1->1(4)
[2023-03-15T04:31:41.769+0000][69][gc,heap     ] GC(79) Old regions: 24->24
[2023-03-15T04:31:41.769+0000][69][gc,heap     ] GC(79) Archive regions: 2->2
[2023-03-15T04:31:41.770+0000][69][gc,heap     ] GC(79) Humongous regions: 2->2
[2023-03-15T04:31:41.770+0000][69][gc,metaspace] GC(79) Metaspace: 136664K(140288K)->136664K(140288K) NonClass: 119186K(120576K)->119186K(120576K) Class: 17477K(19712K)->17477K(19712K)
[2023-03-15T04:31:41.771+0000][69][gc          ] GC(79) Pause Young (Normal) (G1 Evacuation Pause) 203M->107M(256M) 23.378ms
[2023-03-15T04:31:41.771+0000][69][gc,cpu      ] GC(79) User=0.01s Sys=0.00s Real=0.02s
[2023-03-15T04:31:41.771+0000][69][safepoint   ] Safepoint "G1CollectForAllocation", Time since last: 685110725 ns, Reaching safepoint: 128845 ns, At safepoint: 24321497 ns, Total: 24450342 ns
[2023-03-15T04:31:43.776+0000][69][safepoint   ] Safepoint "Cleanup", Time since last: 2004179507 ns, Reaching safepoint: 366237 ns, At safepoint: 12499 ns, Total: 378736 ns
[2023-03-15T04:31:44.780+0000][69][safepoint   ] Safepoint "Cleanup", Time since last: 1003626452 ns, Reaching safepoint: 281245 ns, At safepoint: 14950 ns, Total: 296195 ns
[2023-03-15T04:31:46.768+0000][69][safepoint   ] Safepoint "Cleanup", Time since last: 2008359619 ns, Reaching safepoint: 278534 ns, At safepoint: 15107 ns, Total: 293641 ns
[2023-03-15T04:31:47.773+0000][69][safepoint   ] Safepoint "Cleanup", Time since last: 1004168528 ns, Reaching safepoint: 117813 ns, At safepoint: 3246 ns, Total: 121059 ns
[2023-03-15T04:31:49.777+0000][69][safepoint   ] Safepoint "Cleanup", Time since last: 2004091749 ns, Reaching safepoint: 276015 ns, At safepoint: 34276 ns, Total: 310291 ns
[2023-03-15T04:31:50.783+0000][69][safepoint   ] Safepoint "Cleanup", Time since last: 1005606904 ns, Reaching safepoint: 574881 ns, At safepoint: 20668 ns, Total: 595549 ns
[2023-03-15T04:31:52.790+0000][69][safepoint   ] Safepoint "Cleanup", Time since last: 2005500254 ns, Reaching safepoint: 913034 ns, At safepoint: 110801 ns, Total: 1023835 ns
[2023-03-15T04:31:53.794+0000][69][safepoint   ] Safepoint "Cleanup", Time since last: 1003958077 ns, Reaching safepoint: 454774 ns, At safepoint: 40264 ns, Total: 495038 ns
[2023-03-15T04:32:00.807+0000][69][safepoint   ] Safepoint "Cleanup", Time since last: 7012514060 ns, Reaching safepoint: 185001 ns, At safepoint: 6623 ns, Total: 191624 ns
[2023-03-15T04:32:04.810+0000][69][safepoint   ] Safepoint "Cleanup", Time since last: 4003233027 ns, Reaching safepoint: 115021 ns, At safepoint: 9349 ns, Total: 124370 ns
[2023-03-15T04:32:05.811+0000][69][safepoint   ] Safepoint "Cleanup", Time since last: 1001253006 ns, Reaching safepoint: 60585 ns, At safepoint: 2816 ns, Total: 63401 ns
[2023-03-15T04:32:07.815+0000][69][safepoint   ] Safepoint "Cleanup", Time since last: 2003372193 ns, Reaching safepoint: 319799 ns, At safepoint: 15121 ns, Total: 334920 ns
[2023-03-15T04:32:10.808+0000][69][gc,start    ] GC(80) Pause Young (Concurrent Start) (G1 Evacuation Pause)
[2023-03-15T04:32:10.809+0000][69][gc,task     ] GC(80) Using 4 workers of 4 for evacuation
[2023-03-15T04:32:10.810+0000][69][gc,age      ] GC(80) Desired survivor size 6291456 bytes, new threshold 15 (max threshold 15)
[2023-03-15T04:32:10.816+0000][69][gc,phases   ] GC(80)   Pre Evacuate Collection Set: 0.3ms
[2023-03-15T04:32:10.817+0000][69][gc,phases   ] GC(80)   Merge Heap Roots: 0.0ms
[2023-03-15T04:32:10.817+0000][69][gc,phases   ] GC(80)   Evacuate Collection Set: 4.9ms
[2023-03-15T04:32:10.818+0000][69][gc,phases   ] GC(80)   Post Evacuate Collection Set: 0.7ms
[2023-03-15T04:32:10.818+0000][69][gc,phases   ] GC(80)   Other: 1.1ms
[2023-03-15T04:32:10.819+0000][69][gc,age      ] GC(80) Age table with threshold 15 (max threshold 15)
[2023-03-15T04:32:10.819+0000][69][gc,age      ] GC(80) - age   1:     679928 bytes,     679928 total
[2023-03-15T04:32:10.820+0000][69][gc,age      ] GC(80) - age   2:      12888 bytes,     692816 total
[2023-03-15T04:32:10.820+0000][69][gc,age      ] GC(80) - age   3:      10352 bytes,     703168 total
[2023-03-15T04:32:10.821+0000][69][gc,age      ] GC(80) - age   5:        744 bytes,     703912 total
[2023-03-15T04:32:10.821+0000][69][gc,age      ] GC(80) - age   6:       2504 bytes,     706416 total
[2023-03-15T04:32:10.822+0000][69][gc,age      ] GC(80) - age   7:      17176 bytes,     723592 total
[2023-03-15T04:32:10.822+0000][69][gc,age      ] GC(80) - age   8:     296592 bytes,    1020184 total
[2023-03-15T04:32:10.823+0000][69][gc,age      ] GC(80) - age   9:      13936 bytes,    1034120 total
[2023-03-15T04:32:10.823+0000][69][gc,age      ] GC(80) - age  10:     132352 bytes,    1166472 total
[2023-03-15T04:32:10.824+0000][69][gc,age      ] GC(80) - age  11:       1832 bytes,    1168304 total
[2023-03-15T04:32:10.824+0000][69][gc,age      ] GC(80) - age  12:       3200 bytes,    1171504 total
[2023-03-15T04:32:10.824+0000][69][gc,age      ] GC(80) - age  13:       1000 bytes,    1172504 total
[2023-03-15T04:32:10.825+0000][69][gc,age      ] GC(80) - age  14:       1248 bytes,    1173752 total
[2023-03-15T04:32:10.825+0000][69][gc,age      ] GC(80) - age  15:       6584 bytes,    1180336 total
[2023-03-15T04:32:10.826+0000][69][gc,heap     ] GC(80) Eden regions: 23->0(24)
[2023-03-15T04:32:10.826+0000][69][gc,heap     ] GC(80) Survivor regions: 1->1(3)
[2023-03-15T04:32:10.827+0000][69][gc,heap     ] GC(80) Old regions: 24->24
[2023-03-15T04:32:10.827+0000][69][gc,heap     ] GC(80) Archive regions: 2->2
[2023-03-15T04:32:10.828+0000][69][gc,heap     ] GC(80) Humongous regions: 2->2
[2023-03-15T04:32:10.829+0000][69][gc,metaspace] GC(80) Metaspace: 136702K(140352K)->136702K(140352K) NonClass: 119225K(120640K)->119225K(120640K) Class: 17477K(19712K)->17477K(19712K)
[2023-03-15T04:32:10.829+0000][69][gc          ] GC(80) Pause Young (Concurrent Start) (G1 Evacuation Pause) 199M->106M(256M) 21.358ms
[2023-03-15T04:32:10.830+0000][69][gc,cpu      ] GC(80) User=0.01s Sys=0.00s Real=0.02s
[2023-03-15T04:32:10.830+0000][69][safepoint   ] Safepoint "G1CollectForAllocation", Time since last: 2992235608 ns, Reaching safepoint: 220183 ns, At safepoint: 22402367 ns, Total: 22622550 ns
[2023-03-15T04:32:10.830+0000][69][gc          ] GC(81) Concurrent Mark Cycle
[2023-03-15T04:32:10.831+0000][69][gc,marking  ] GC(81) Concurrent Clear Claimed Marks
[2023-03-15T04:32:10.832+0000][69][gc,marking  ] GC(81) Concurrent Clear Claimed Marks 0.736ms
[2023-03-15T04:32:10.832+0000][69][gc,marking  ] GC(81) Concurrent Scan Root Regions
[2023-03-15T04:32:10.835+0000][69][gc,marking  ] GC(81) Concurrent Scan Root Regions 2.868ms
[2023-03-15T04:32:10.836+0000][69][gc,marking  ] GC(81) Concurrent Mark
[2023-03-15T04:32:10.837+0000][69][gc,marking  ] GC(81) Concurrent Mark From Roots
[2023-03-15T04:32:10.837+0000][69][gc,task     ] GC(81) Using 1 workers of 1 for marking
[2023-03-15T04:32:10.937+0000][69][gc,marking  ] GC(81) Concurrent Mark From Roots 99.988ms
[2023-03-15T04:32:10.938+0000][69][gc,marking  ] GC(81) Concurrent Preclean
[2023-03-15T04:32:10.939+0000][69][gc,marking  ] GC(81) Concurrent Preclean 1.161ms
[2023-03-15T04:32:10.940+0000][69][gc,start    ] GC(81) Pause Remark
[2023-03-15T04:32:10.950+0000][69][gc          ] GC(81) Pause Remark 109M->109M(256M) 10.668ms
[2023-03-15T04:32:10.951+0000][69][gc,cpu      ] GC(81) User=0.03s Sys=0.00s Real=0.01s
[2023-03-15T04:32:10.952+0000][69][safepoint   ] Safepoint "G1PauseRemark", Time since last: 109598427 ns, Reaching safepoint: 143911 ns, At safepoint: 12028926 ns, Total: 12172837 ns
[2023-03-15T04:32:10.952+0000][69][gc,marking  ] GC(81) Concurrent Mark 115.933ms
[2023-03-15T04:32:10.953+0000][69][gc,marking  ] GC(81) Concurrent Rebuild Remembered Sets
[2023-03-15T04:32:11.003+0000][69][gc,marking  ] GC(81) Concurrent Rebuild Remembered Sets 50.087ms
[2023-03-15T04:32:11.004+0000][69][gc,start    ] GC(81) Pause Cleanup
[2023-03-15T04:32:11.005+0000][69][gc          ] GC(81) Pause Cleanup 109M->109M(256M) 0.837ms
[2023-03-15T04:32:11.006+0000][69][gc,cpu      ] GC(81) User=0.00s Sys=0.00s Real=0.00s
[2023-03-15T04:32:11.007+0000][69][safepoint   ] Safepoint "G1PauseCleanup", Time since last: 52540581 ns, Reaching safepoint: 107101 ns, At safepoint: 2198106 ns, Total: 2305207 ns
[2023-03-15T04:32:11.008+0000][69][gc,marking  ] GC(81) Concurrent Cleanup for Next Mark
[2023-03-15T04:32:11.009+0000][69][gc,marking  ] GC(81) Concurrent Cleanup for Next Mark 0.797ms
[2023-03-15T04:32:11.009+0000][69][gc          ] GC(81) Concurrent Mark Cycle 179.752ms
[2023-03-15T04:32:16.999+0000][69][safepoint   ] Safepoint "Cleanup", Time since last: 6014049599 ns, Reaching safepoint: 619765 ns, At safepoint: 13410 ns, Total: 633175 ns
[2023-03-15T04:32:23.008+0000][69][safepoint   ] Safepoint "Cleanup", Time since last: 6009525041 ns, Reaching safepoint: 352117 ns, At safepoint: 11609 ns, Total: 363726 ns
[2023-03-15T04:32:24.015+0000][69][safepoint   ] Safepoint "Cleanup", Time since last: 1005372982 ns, Reaching safepoint: 700530 ns, At safepoint: 13755 ns, Total: 714285 ns
[2023-03-15T04:32:29.025+0000][69][safepoint   ] Safepoint "Cleanup", Time since last: 5009897341 ns, Reaching safepoint: 355652 ns, At safepoint: 30527 ns, Total: 386179 ns
[2023-03-15T04:32:30.028+0000][69][safepoint   ] Safepoint "Cleanup", Time since last: 1002558348 ns, Reaching safepoint: 367961 ns, At safepoint: 13673 ns, Total: 381634 ns
[2023-03-15T04:32:31.035+0000][69][safepoint   ] Safepoint "Cleanup", Time since last: 1006902461 ns, Reaching safepoint: 619939 ns, At safepoint: 164890 ns, Total: 784829 ns
[2023-03-15T04:32:32.042+0000][69][safepoint   ] Safepoint "Cleanup", Time since last: 1005983376 ns, Reaching safepoint: 250252 ns, At safepoint: 5925 ns, Total: 256177 ns
[2023-03-15T04:32:35.048+0000][69][safepoint   ] Safepoint "Cleanup", Time since last: 3005586411 ns, Reaching safepoint: 550805 ns, At safepoint: 50265 ns, Total: 601070 ns
[2023-03-15T04:32:36.052+0000][69][safepoint   ] Safepoint "Cleanup", Time since last: 1003927474 ns, Reaching safepoint: 585801 ns, At safepoint: 9941 ns, Total: 595742 ns
[2023-03-15T04:32:41.061+0000][69][safepoint   ] Safepoint "Cleanup", Time since last: 5008338139 ns, Reaching safepoint: 233019 ns, At safepoint: 11544 ns, Total: 244563 ns
[2023-03-15T04:32:44.068+0000][69][safepoint   ] Safepoint "Cleanup", Time since last: 3006459723 ns, Reaching safepoint: 156902 ns, At safepoint: 12152 ns, Total: 169054 ns
[2023-03-15T04:32:46.516+0000][69][gc,start    ] GC(82) Pause Young (Normal) (G1 Evacuation Pause)
[2023-03-15T04:32:46.517+0000][69][gc,task     ] GC(82) Using 4 workers of 4 for evacuation
[2023-03-15T04:32:46.517+0000][69][gc,age      ] GC(82) Desired survivor size 8388608 bytes, new threshold 15 (max threshold 15)
[2023-03-15T04:32:46.523+0000][69][gc,phases   ] GC(82)   Pre Evacuate Collection Set: 0.1ms
[2023-03-15T04:32:46.524+0000][69][gc,phases   ] GC(82)   Merge Heap Roots: 0.1ms
[2023-03-15T04:32:46.524+0000][69][gc,phases   ] GC(82)   Evacuate Collection Set: 4.0ms
[2023-03-15T04:32:46.525+0000][69][gc,phases   ] GC(82)   Post Evacuate Collection Set: 0.9ms
[2023-03-15T04:32:46.525+0000][69][gc,phases   ] GC(82)   Other: 1.0ms
[2023-03-15T04:32:46.526+0000][69][gc,age      ] GC(82) Age table with threshold 15 (max threshold 15)
[2023-03-15T04:32:46.526+0000][69][gc,age      ] GC(82) - age   1:    1242312 bytes,    1242312 total
[2023-03-15T04:32:46.526+0000][69][gc,age      ] GC(82) - age   2:       5112 bytes,    1247424 total
[2023-03-15T04:32:46.527+0000][69][gc,age      ] GC(82) - age   3:      12312 bytes,    1259736 total
[2023-03-15T04:32:46.527+0000][69][gc,age      ] GC(82) - age   4:       2272 bytes,    1262008 total
[2023-03-15T04:32:46.528+0000][69][gc,age      ] GC(82) - age   6:        680 bytes,    1262688 total
[2023-03-15T04:32:46.528+0000][69][gc,age      ] GC(82) - age   7:       2504 bytes,    1265192 total
[2023-03-15T04:32:46.529+0000][69][gc,age      ] GC(82) - age   8:      17176 bytes,    1282368 total
[2023-03-15T04:32:46.529+0000][69][gc,age      ] GC(82) - age   9:     296592 bytes,    1578960 total
[2023-03-15T04:32:46.530+0000][69][gc,age      ] GC(82) - age  10:      13936 bytes,    1592896 total
[2023-03-15T04:32:46.530+0000][69][gc,age      ] GC(82) - age  11:     132352 bytes,    1725248 total
[2023-03-15T04:32:46.531+0000][69][gc,age      ] GC(82) - age  12:       1536 bytes,    1726784 total
[2023-03-15T04:32:46.531+0000][69][gc,age      ] GC(82) - age  13:       3200 bytes,    1729984 total
[2023-03-15T04:32:46.532+0000][69][gc,age      ] GC(82) - age  14:       1000 bytes,    1730984 total
[2023-03-15T04:32:46.532+0000][69][gc,age      ] GC(82) - age  15:       1248 bytes,    1732232 total
[2023-03-15T04:32:46.533+0000][69][gc,heap     ] GC(82) Eden regions: 24->0(24)
[2023-03-15T04:32:46.533+0000][69][gc,heap     ] GC(82) Survivor regions: 1->1(4)
[2023-03-15T04:32:46.534+0000][69][gc,heap     ] GC(82) Old regions: 24->24
[2023-03-15T04:32:46.534+0000][69][gc,heap     ] GC(82) Archive regions: 2->2
[2023-03-15T04:32:46.535+0000][69][gc,heap     ] GC(82) Humongous regions: 2->2
[2023-03-15T04:32:46.535+0000][69][gc,metaspace] GC(82) Metaspace: 136759K(140352K)->136759K(140352K) NonClass: 119281K(120640K)->119281K(120640K) Class: 17477K(19712K)->17477K(19712K)
[2023-03-15T04:32:46.536+0000][69][gc          ] GC(82) Pause Young (Normal) (G1 Evacuation Pause) 202M->107M(256M) 19.455ms
[2023-03-15T04:32:46.536+0000][69][gc,cpu      ] GC(82) User=0.01s Sys=0.00s Real=0.02s
[2023-03-15T04:32:46.537+0000][69][safepoint   ] Safepoint "G1CollectForAllocation", Time since last: 2469953350 ns, Reaching safepoint: 60187 ns, At safepoint: 20443249 ns, Total: 20503436 ns
[2023-03-15T04:32:47.539+0000][69][safepoint   ] Safepoint "Cleanup", Time since last: 1001441919 ns, Reaching safepoint: 631328 ns, At safepoint: 17186 ns, Total: 648514 ns
[2023-03-15T04:32:52.551+0000][69][safepoint   ] Safepoint "Cleanup", Time since last: 5011833388 ns, Reaching safepoint: 94702 ns, At safepoint: 3507 ns, Total: 98209 ns
[2023-03-15T04:32:53.552+0000][69][safepoint   ] Safepoint "Cleanup", Time since last: 1000884745 ns, Reaching safepoint: 166283 ns, At safepoint: 27058 ns, Total: 193341 ns
[2023-03-15T04:32:57.559+0000][69][safepoint   ] Safepoint "Cleanup", Time since last: 4006936252 ns, Reaching safepoint: 501873 ns, At safepoint: 12285 ns, Total: 514158 ns
[2023-03-15T04:32:58.563+0000][69][safepoint   ] Safepoint "Cleanup", Time since last: 1002988966 ns, Reaching safepoint: 172905 ns, At safepoint: 7127 ns, Total: 180032 ns
[2023-03-15T04:32:59.564+0000][69][safepoint   ] Safepoint "Cleanup", Time since last: 1001545147 ns, Reaching safepoint: 269393 ns, At safepoint: 15726 ns, Total: 285119 ns
[2023-03-15T04:33:00.572+0000][69][safepoint   ] Safepoint "Cleanup", Time since last: 1007052339 ns, Reaching safepoint: 452551 ns, At safepoint: 14225 ns, Total: 466776 ns
[2023-03-15T04:33:04.579+0000][69][safepoint   ] Safepoint "Cleanup", Time since last: 4007336449 ns, Reaching safepoint: 68417 ns, At safepoint: 3060 ns, Total: 71477 ns
[2023-03-15T04:33:05.581+0000][69][safepoint   ] Safepoint "Cleanup", Time since last: 1001272406 ns, Reaching safepoint: 570990 ns, At safepoint: 16138 ns, Total: 587128 ns
[2023-03-15T04:33:07.585+0000][69][safepoint   ] Safepoint "Cleanup", Time since last: 2003707191 ns, Reaching safepoint: 262546 ns, At safepoint: 14158 ns, Total: 276704 ns
[2023-03-15T04:33:11.592+0000][69][safepoint   ] Safepoint "Cleanup", Time since last: 4006172908 ns, Reaching safepoint: 363485 ns, At safepoint: 12360 ns, Total: 375845 ns
[2023-03-15T04:33:16.587+0000][69][safepoint   ] Safepoint "Cleanup", Time since last: 5016424364 ns, Reaching safepoint: 189749 ns, At safepoint: 4570 ns, Total: 194319 ns
[2023-03-15T04:33:17.587+0000][69][safepoint   ] Safepoint "Cleanup", Time since last: 1000640403 ns, Reaching safepoint: 135778 ns, At safepoint: 4828 ns, Total: 140606 ns
[2023-03-15T04:33:17.694+0000][69][gc,start    ] GC(83) Pause Young (Concurrent Start) (G1 Evacuation Pause)
[2023-03-15T04:33:17.694+0000][69][gc,task     ] GC(83) Using 4 workers of 4 for evacuation
[2023-03-15T04:33:17.694+0000][69][gc,age      ] GC(83) Desired survivor size 8388608 bytes, new threshold 15 (max threshold 15)
[2023-03-15T04:33:17.698+0000][69][gc,phases   ] GC(83)   Pre Evacuate Collection Set: 0.4ms
[2023-03-15T04:33:17.699+0000][69][gc,phases   ] GC(83)   Merge Heap Roots: 0.1ms
[2023-03-15T04:33:17.700+0000][69][gc,phases   ] GC(83)   Evacuate Collection Set: 2.1ms
[2023-03-15T04:33:17.700+0000][69][gc,phases   ] GC(83)   Post Evacuate Collection Set: 0.8ms
[2023-03-15T04:33:17.701+0000][69][gc,phases   ] GC(83)   Other: 0.7ms
[2023-03-15T04:33:17.701+0000][69][gc,age      ] GC(83) Age table with threshold 15 (max threshold 15)
[2023-03-15T04:33:17.701+0000][69][gc,age      ] GC(83) - age   1:    1367944 bytes,    1367944 total
[2023-03-15T04:33:17.702+0000][69][gc,age      ] GC(83) - age   2:      18888 bytes,    1386832 total
[2023-03-15T04:33:17.702+0000][69][gc,age      ] GC(83) - age   3:       3424 bytes,    1390256 total
[2023-03-15T04:33:17.703+0000][69][gc,age      ] GC(83) - age   4:      11992 bytes,    1402248 total
[2023-03-15T04:33:17.703+0000][69][gc,age      ] GC(83) - age   5:       2144 bytes,    1404392 total
[2023-03-15T04:33:17.704+0000][69][gc,age      ] GC(83) - age   7:        616 bytes,    1405008 total
[2023-03-15T04:33:17.704+0000][69][gc,age      ] GC(83) - age   8:       2504 bytes,    1407512 total
[2023-03-15T04:33:17.704+0000][69][gc,age      ] GC(83) - age   9:      17176 bytes,    1424688 total
[2023-03-15T04:33:17.705+0000][69][gc,age      ] GC(83) - age  10:     296592 bytes,    1721280 total
[2023-03-15T04:33:17.705+0000][69][gc,age      ] GC(83) - age  11:      13936 bytes,    1735216 total
[2023-03-15T04:33:17.706+0000][69][gc,age      ] GC(83) - age  12:     124568 bytes,    1859784 total
[2023-03-15T04:33:17.706+0000][69][gc,age      ] GC(83) - age  13:       1536 bytes,    1861320 total
[2023-03-15T04:33:17.707+0000][69][gc,age      ] GC(83) - age  14:       3200 bytes,    1864520 total
[2023-03-15T04:33:17.707+0000][69][gc,age      ] GC(83) - age  15:       1000 bytes,    1865520 total
[2023-03-15T04:33:17.708+0000][69][gc,heap     ] GC(83) Eden regions: 24->0(24)
[2023-03-15T04:33:17.708+0000][69][gc,heap     ] GC(83) Survivor regions: 1->1(4)
[2023-03-15T04:33:17.708+0000][69][gc,heap     ] GC(83) Old regions: 24->24
[2023-03-15T04:33:17.709+0000][69][gc,heap     ] GC(83) Archive regions: 2->2
[2023-03-15T04:33:17.709+0000][69][gc,heap     ] GC(83) Humongous regions: 2->2
[2023-03-15T04:33:17.710+0000][69][gc,metaspace] GC(83) Metaspace: 136817K(140352K)->136817K(140352K) NonClass: 119335K(120640K)->119335K(120640K) Class: 17481K(19712K)->17481K(19712K)
[2023-03-15T04:33:17.710+0000][69][gc          ] GC(83) Pause Young (Concurrent Start) (G1 Evacuation Pause) 203M->107M(256M) 16.323ms
[2023-03-15T04:33:17.711+0000][69][gc          ] GC(84) Concurrent Mark Cycle
[2023-03-15T04:33:17.711+0000][69][gc,marking  ] GC(84) Concurrent Clear Claimed Marks
[2023-03-15T04:33:17.711+0000][69][gc,cpu      ] GC(83) User=0.00s Sys=0.00s Real=0.02s
[2023-03-15T04:33:17.712+0000][69][safepoint   ] Safepoint "G1CollectForAllocation", Time since last: 106220801 ns, Reaching safepoint: 86446 ns, At safepoint: 18416530 ns, Total: 18502976 ns
[2023-03-15T04:33:17.712+0000][69][gc,marking  ] GC(84) Concurrent Clear Claimed Marks 0.732ms
[2023-03-15T04:33:17.714+0000][69][gc,marking  ] GC(84) Concurrent Scan Root Regions
[2023-03-15T04:33:17.717+0000][69][gc,marking  ] GC(84) Concurrent Scan Root Regions 2.999ms
[2023-03-15T04:33:17.717+0000][69][gc,marking  ] GC(84) Concurrent Mark
[2023-03-15T04:33:17.718+0000][69][gc,marking  ] GC(84) Concurrent Mark From Roots
[2023-03-15T04:33:17.718+0000][69][gc,task     ] GC(84) Using 1 workers of 1 for marking
[2023-03-15T04:33:17.815+0000][69][gc,marking  ] GC(84) Concurrent Mark From Roots 96.844ms
[2023-03-15T04:33:17.816+0000][69][gc,marking  ] GC(84) Concurrent Preclean
[2023-03-15T04:33:17.817+0000][69][gc,marking  ] GC(84) Concurrent Preclean 1.051ms
[2023-03-15T04:33:17.818+0000][69][gc,start    ] GC(84) Pause Remark
[2023-03-15T04:33:17.828+0000][69][gc          ] GC(84) Pause Remark 107M->107M(256M) 10.389ms
[2023-03-15T04:33:17.829+0000][69][gc,cpu      ] GC(84) User=0.03s Sys=0.00s Real=0.02s
[2023-03-15T04:33:17.831+0000][69][safepoint   ] Safepoint "G1PauseRemark", Time since last: 105301597 ns, Reaching safepoint: 79194 ns, At safepoint: 13017271 ns, Total: 13096465 ns
[2023-03-15T04:33:17.831+0000][69][gc,marking  ] GC(84) Concurrent Mark 113.794ms
[2023-03-15T04:33:17.832+0000][69][gc,marking  ] GC(84) Concurrent Rebuild Remembered Sets
[2023-03-15T04:33:17.881+0000][69][gc,marking  ] GC(84) Concurrent Rebuild Remembered Sets 49.262ms
[2023-03-15T04:33:17.882+0000][69][gc,start    ] GC(84) Pause Cleanup
[2023-03-15T04:33:17.883+0000][69][gc          ] GC(84) Pause Cleanup 107M->107M(256M) 0.723ms
[2023-03-15T04:33:17.884+0000][69][gc,cpu      ] GC(84) User=0.00s Sys=0.00s Real=0.00s
[2023-03-15T04:33:17.884+0000][69][safepoint   ] Safepoint "G1PauseCleanup", Time since last: 51424329 ns, Reaching safepoint: 121540 ns, At safepoint: 2110710 ns, Total: 2232250 ns
[2023-03-15T04:33:17.885+0000][69][gc,marking  ] GC(84) Concurrent Cleanup for Next Mark
[2023-03-15T04:33:17.886+0000][69][gc,marking  ] GC(84) Concurrent Cleanup for Next Mark 0.747ms
[2023-03-15T04:33:17.886+0000][69][gc          ] GC(84) Concurrent Mark Cycle 175.731ms
[2023-03-15T04:33:22.887+0000][69][safepoint   ] Safepoint "Cleanup", Time since last: 5002976059 ns, Reaching safepoint: 107651 ns, At safepoint: 9224 ns, Total: 116875 ns
[2023-03-15T04:33:24.889+0000][69][safepoint   ] Safepoint "Cleanup", Time since last: 2001278624 ns, Reaching safepoint: 428463 ns, At safepoint: 29206 ns, Total: 457669 ns
[2023-03-15T04:33:28.897+0000][69][safepoint   ] Safepoint "Cleanup", Time since last: 4007322224 ns, Reaching safepoint: 152067 ns, At safepoint: 4162 ns, Total: 156229 ns
[2023-03-15T04:33:29.899+0000][69][safepoint   ] Safepoint "Cleanup", Time since last: 1002436547 ns, Reaching safepoint: 183000 ns, At safepoint: 176921 ns, Total: 359921 ns
[2023-03-15T04:33:37.912+0000][69][safepoint   ] Safepoint "Cleanup", Time since last: 8011739313 ns, Reaching safepoint: 959128 ns, At safepoint: 45448 ns, Total: 1004576 ns
[2023-03-15T04:33:40.919+0000][69][safepoint   ] Safepoint "Cleanup", Time since last: 3006905709 ns, Reaching safepoint: 267603 ns, At safepoint: 8440 ns, Total: 276043 ns
[2023-03-15T04:33:41.922+0000][69][safepoint   ] Safepoint "Cleanup", Time since last: 1002114810 ns, Reaching safepoint: 311191 ns, At safepoint: 18389 ns, Total: 329580 ns
[2023-03-15T04:33:43.923+0000][69][safepoint   ] Safepoint "Cleanup", Time since last: 2001620234 ns, Reaching safepoint: 144051 ns, At safepoint: 5502 ns, Total: 149553 ns
[2023-03-15T04:33:46.789+0000][69][gc,start    ] GC(85) Pause Young (Normal) (G1 Evacuation Pause)
[2023-03-15T04:33:46.789+0000][69][gc,task     ] GC(85) Using 4 workers of 4 for evacuation
[2023-03-15T04:33:46.790+0000][69][gc,age      ] GC(85) Desired survivor size 8388608 bytes, new threshold 15 (max threshold 15)
[2023-03-15T04:33:46.796+0000][69][gc,phases   ] GC(85)   Pre Evacuate Collection Set: 0.4ms
[2023-03-15T04:33:46.796+0000][69][gc,phases   ] GC(85)   Merge Heap Roots: 0.3ms
[2023-03-15T04:33:46.797+0000][69][gc,phases   ] GC(85)   Evacuate Collection Set: 3.2ms
[2023-03-15T04:33:46.797+0000][69][gc,phases   ] GC(85)   Post Evacuate Collection Set: 1.0ms
[2023-03-15T04:33:46.798+0000][69][gc,phases   ] GC(85)   Other: 1.5ms
[2023-03-15T04:33:46.798+0000][69][gc,age      ] GC(85) Age table with threshold 15 (max threshold 15)
[2023-03-15T04:33:46.799+0000][69][gc,age      ] GC(85) - age   1:    2225720 bytes,    2225720 total
[2023-03-15T04:33:46.799+0000][69][gc,age      ] GC(85) - age   2:      18840 bytes,    2244560 total
[2023-03-15T04:33:46.800+0000][69][gc,age      ] GC(85) - age   3:      18056 bytes,    2262616 total
[2023-03-15T04:33:46.800+0000][69][gc,age      ] GC(85) - age   4:       3344 bytes,    2265960 total
[2023-03-15T04:33:46.801+0000][69][gc,age      ] GC(85) - age   5:      11960 bytes,    2277920 total
[2023-03-15T04:33:46.802+0000][69][gc,age      ] GC(85) - age   6:       2144 bytes,    2280064 total
[2023-03-15T04:33:46.802+0000][69][gc,age      ] GC(85) - age   8:        320 bytes,    2280384 total
[2023-03-15T04:33:46.804+0000][69][gc,age      ] GC(85) - age   9:       1784 bytes,    2282168 total
[2023-03-15T04:33:46.804+0000][69][gc,age      ] GC(85) - age  10:       3272 bytes,    2285440 total
[2023-03-15T04:33:46.805+0000][69][gc,age      ] GC(85) - age  11:     199136 bytes,    2484576 total
[2023-03-15T04:33:46.805+0000][69][gc,age      ] GC(85) - age  12:      13936 bytes,    2498512 total
[2023-03-15T04:33:46.806+0000][69][gc,age      ] GC(85) - age  13:     116136 bytes,    2614648 total
[2023-03-15T04:33:46.806+0000][69][gc,age      ] GC(85) - age  14:       1504 bytes,    2616152 total
[2023-03-15T04:33:46.807+0000][69][gc,age      ] GC(85) - age  15:       3200 bytes,    2619352 total
[2023-03-15T04:33:46.807+0000][69][gc,heap     ] GC(85) Eden regions: 24->0(23)
[2023-03-15T04:33:46.808+0000][69][gc,heap     ] GC(85) Survivor regions: 1->1(4)
[2023-03-15T04:33:46.808+0000][69][gc,heap     ] GC(85) Old regions: 24->24
[2023-03-15T04:33:46.809+0000][69][gc,heap     ] GC(85) Archive regions: 2->2
[2023-03-15T04:33:46.809+0000][69][gc,heap     ] GC(85) Humongous regions: 2->2
[2023-03-15T04:33:46.810+0000][69][gc,metaspace] GC(85) Metaspace: 136859K(140416K)->136859K(140416K) NonClass: 119377K(120704K)->119377K(120704K) Class: 17481K(19712K)->17481K(19712K)
[2023-03-15T04:33:46.811+0000][69][gc          ] GC(85) Pause Young (Normal) (G1 Evacuation Pause) 203M->107M(256M) 22.057ms
[2023-03-15T04:33:46.811+0000][69][gc,cpu      ] GC(85) User=0.01s Sys=0.01s Real=0.02s
[2023-03-15T04:33:46.812+0000][69][safepoint   ] Safepoint "G1CollectForAllocation", Time since last: 2885477256 ns, Reaching safepoint: 549111 ns, At safepoint: 23673818 ns, Total: 24222929 ns
[2023-03-15T04:33:47.823+0000][69][safepoint   ] Safepoint "Cleanup", Time since last: 1010339741 ns, Reaching safepoint: 360378 ns, At safepoint: 13258 ns, Total: 373636 ns
[2023-03-15T04:33:49.830+0000][69][safepoint   ] Safepoint "Cleanup", Time since last: 2006941251 ns, Reaching safepoint: 398135 ns, At safepoint: 10478 ns, Total: 408613 ns
[2023-03-15T04:33:52.844+0000][69][safepoint   ] Safepoint "Cleanup", Time since last: 3012703596 ns, Reaching safepoint: 830767 ns, At safepoint: 16602 ns, Total: 847369 ns
[2023-03-15T04:33:55.851+0000][69][safepoint   ] Safepoint "Cleanup", Time since last: 3007272352 ns, Reaching safepoint: 105032 ns, At safepoint: 3321 ns, Total: 108353 ns
[2023-03-15T04:33:56.853+0000][69][safepoint   ] Safepoint "Cleanup", Time since last: 1001225010 ns, Reaching safepoint: 94339 ns, At safepoint: 4006 ns, Total: 98345 ns
[2023-03-15T04:33:57.857+0000][69][safepoint   ] Safepoint "Cleanup", Time since last: 1003911282 ns, Reaching safepoint: 340422 ns, At safepoint: 12288 ns, Total: 352710 ns
[2023-03-15T04:34:00.869+0000][69][safepoint   ] Safepoint "Cleanup", Time since last: 3011976525 ns, Reaching safepoint: 132856 ns, At safepoint: 6605 ns, Total: 139461 ns
[2023-03-15T04:34:04.894+0000][69][safepoint   ] Safepoint "Cleanup", Time since last: 4024998025 ns, Reaching safepoint: 174747 ns, At safepoint: 5304 ns, Total: 180051 ns
[2023-03-15T04:34:05.897+0000][69][safepoint   ] Safepoint "Cleanup", Time since last: 1002900354 ns, Reaching safepoint: 129757 ns, At safepoint: 4555 ns, Total: 134312 ns
[2023-03-15T04:34:07.900+0000][69][safepoint   ] Safepoint "Cleanup", Time since last: 2002614456 ns, Reaching safepoint: 399730 ns, At safepoint: 13602 ns, Total: 413332 ns
[2023-03-15T04:34:08.908+0000][69][safepoint   ] Safepoint "Cleanup", Time since last: 1007540502 ns, Reaching safepoint: 355745 ns, At safepoint: 11405 ns, Total: 367150 ns
[2023-03-15T04:34:10.913+0000][69][safepoint   ] Safepoint "Cleanup", Time since last: 2004037001 ns, Reaching safepoint: 509467 ns, At safepoint: 11544 ns, Total: 521011 ns
[2023-03-15T04:34:13.501+0000][69][safepoint   ] Safepoint "Cleanup", Time since last: 2587625036 ns, Reaching safepoint: 289433 ns, At safepoint: 4915 ns, Total: 294348 ns
[2023-03-15T04:34:16.483+0000][69][safepoint   ] Safepoint "Cleanup", Time since last: 3004489922 ns, Reaching safepoint: 142776 ns, At safepoint: 7006 ns, Total: 149782 ns
[2023-03-15T04:34:16.506+0000][69][gc,start    ] GC(86) Pause Young (Concurrent Start) (G1 Evacuation Pause)
[2023-03-15T04:34:16.507+0000][69][gc,task     ] GC(86) Using 4 workers of 4 for evacuation
[2023-03-15T04:34:16.507+0000][69][gc,age      ] GC(86) Desired survivor size 6291456 bytes, new threshold 15 (max threshold 15)
[2023-03-15T04:34:16.512+0000][69][gc,phases   ] GC(86)   Pre Evacuate Collection Set: 0.4ms
[2023-03-15T04:34:16.512+0000][69][gc,phases   ] GC(86)   Merge Heap Roots: 0.1ms
[2023-03-15T04:34:16.513+0000][69][gc,phases   ] GC(86)   Evacuate Collection Set: 2.6ms
[2023-03-15T04:34:16.513+0000][69][gc,phases   ] GC(86)   Post Evacuate Collection Set: 0.8ms
[2023-03-15T04:34:16.514+0000][69][gc,phases   ] GC(86)   Other: 1.0ms
[2023-03-15T04:34:16.514+0000][69][gc,age      ] GC(86) Age table with threshold 15 (max threshold 15)
[2023-03-15T04:34:16.514+0000][69][gc,age      ] GC(86) - age   1:    1065464 bytes,    1065464 total
[2023-03-15T04:34:16.515+0000][69][gc,age      ] GC(86) - age   2:     323720 bytes,    1389184 total
[2023-03-15T04:34:16.515+0000][69][gc,age      ] GC(86) - age   3:      16648 bytes,    1405832 total
[2023-03-15T04:34:16.516+0000][69][gc,age      ] GC(86) - age   4:      17896 bytes,    1423728 total
[2023-03-15T04:34:16.516+0000][69][gc,age      ] GC(86) - age   5:       2688 bytes,    1426416 total
[2023-03-15T04:34:16.516+0000][69][gc,age      ] GC(86) - age   6:      11960 bytes,    1438376 total
[2023-03-15T04:34:16.517+0000][69][gc,age      ] GC(86) - age   7:       2144 bytes,    1440520 total
[2023-03-15T04:34:16.517+0000][69][gc,age      ] GC(86) - age   9:        320 bytes,    1440840 total
[2023-03-15T04:34:16.518+0000][69][gc,age      ] GC(86) - age  10:       1784 bytes,    1442624 total
[2023-03-15T04:34:16.518+0000][69][gc,age      ] GC(86) - age  11:       3208 bytes,    1445832 total
[2023-03-15T04:34:16.518+0000][69][gc,age      ] GC(86) - age  12:     198840 bytes,    1644672 total
[2023-03-15T04:34:16.519+0000][69][gc,age      ] GC(86) - age  13:      13936 bytes,    1658608 total
[2023-03-15T04:34:16.519+0000][69][gc,age      ] GC(86) - age  14:     116136 bytes,    1774744 total
[2023-03-15T04:34:16.520+0000][69][gc,age      ] GC(86) - age  15:       1504 bytes,    1776248 total
[2023-03-15T04:34:16.520+0000][69][gc,heap     ] GC(86) Eden regions: 23->0(23)
[2023-03-15T04:34:16.520+0000][69][gc,heap     ] GC(86) Survivor regions: 1->1(3)
[2023-03-15T04:34:16.521+0000][69][gc,heap     ] GC(86) Old regions: 24->24
[2023-03-15T04:34:16.521+0000][69][gc,heap     ] GC(86) Archive regions: 2->2
[2023-03-15T04:34:16.522+0000][69][gc,heap     ] GC(86) Humongous regions: 2->2
[2023-03-15T04:34:16.522+0000][69][gc,metaspace] GC(86) Metaspace: 136890K(140416K)->136890K(140416K) NonClass: 119408K(120704K)->119408K(120704K) Class: 17481K(19712K)->17481K(19712K)
[2023-03-15T04:34:16.522+0000][69][gc          ] GC(86) Pause Young (Concurrent Start) (G1 Evacuation Pause) 199M->107M(256M) 15.934ms
[2023-03-15T04:34:16.523+0000][69][gc,cpu      ] GC(86) User=0.00s Sys=0.00s Real=0.01s
[2023-03-15T04:34:16.523+0000][69][gc          ] GC(87) Concurrent Mark Cycle
[2023-03-15T04:34:16.523+0000][69][safepoint   ] Safepoint "G1CollectForAllocation", Time since last: 22924361 ns, Reaching safepoint: 128714 ns, At safepoint: 16935964 ns, Total: 17064678 ns
[2023-03-15T04:34:16.524+0000][69][gc,marking  ] GC(87) Concurrent Clear Claimed Marks
[2023-03-15T04:34:16.525+0000][69][gc,marking  ] GC(87) Concurrent Clear Claimed Marks 1.312ms
[2023-03-15T04:34:16.526+0000][69][gc,marking  ] GC(87) Concurrent Scan Root Regions
[2023-03-15T04:34:16.530+0000][69][gc,marking  ] GC(87) Concurrent Scan Root Regions 4.127ms
[2023-03-15T04:34:16.531+0000][69][gc,marking  ] GC(87) Concurrent Mark
[2023-03-15T04:34:16.531+0000][69][gc,marking  ] GC(87) Concurrent Mark From Roots
[2023-03-15T04:34:16.532+0000][69][gc,task     ] GC(87) Using 1 workers of 1 for marking
[2023-03-15T04:34:16.668+0000][69][gc,marking  ] GC(87) Concurrent Mark From Roots 136.490ms
[2023-03-15T04:34:16.669+0000][69][gc,marking  ] GC(87) Concurrent Preclean
[2023-03-15T04:34:16.669+0000][69][gc,marking  ] GC(87) Concurrent Preclean 0.812ms
[2023-03-15T04:34:16.670+0000][69][gc,start    ] GC(87) Pause Remark
[2023-03-15T04:34:16.681+0000][69][gc          ] GC(87) Pause Remark 108M->108M(256M) 11.055ms
[2023-03-15T04:34:16.682+0000][69][gc,cpu      ] GC(87) User=0.03s Sys=0.00s Real=0.01s
[2023-03-15T04:34:16.682+0000][69][safepoint   ] Safepoint "G1PauseRemark", Time since last: 146420069 ns, Reaching safepoint: 99779 ns, At safepoint: 12147842 ns, Total: 12247621 ns
[2023-03-15T04:34:16.683+0000][69][gc,marking  ] GC(87) Concurrent Mark 152.056ms
[2023-03-15T04:34:16.683+0000][69][gc,marking  ] GC(87) Concurrent Rebuild Remembered Sets
[2023-03-15T04:34:16.742+0000][69][gc,marking  ] GC(87) Concurrent Rebuild Remembered Sets 58.675ms
[2023-03-15T04:34:16.743+0000][69][gc,start    ] GC(87) Pause Cleanup
[2023-03-15T04:34:16.743+0000][69][gc          ] GC(87) Pause Cleanup 109M->109M(256M) 0.463ms
[2023-03-15T04:34:16.744+0000][69][gc,cpu      ] GC(87) User=0.00s Sys=0.00s Real=0.00s
[2023-03-15T04:34:16.744+0000][69][safepoint   ] Safepoint "G1PauseCleanup", Time since last: 60486146 ns, Reaching safepoint: 74358 ns, At safepoint: 1412702 ns, Total: 1487060 ns
[2023-03-15T04:34:16.744+0000][69][gc,marking  ] GC(87) Concurrent Cleanup for Next Mark
[2023-03-15T04:34:16.745+0000][69][gc,marking  ] GC(87) Concurrent Cleanup for Next Mark 0.577ms
[2023-03-15T04:34:16.746+0000][69][gc          ] GC(87) Concurrent Mark Cycle 222.575ms
[2023-03-15T04:34:17.747+0000][69][safepoint   ] Safepoint "Cleanup", Time since last: 1002156259 ns, Reaching safepoint: 669168 ns, At safepoint: 28242 ns, Total: 697410 ns
[2023-03-15T04:34:22.502+0000][69][safepoint   ] Safepoint "Cleanup", Time since last: 4754231333 ns, Reaching safepoint: 278267 ns, At safepoint: 154515 ns, Total: 432782 ns
[2023-03-15T04:34:23.505+0000][69][safepoint   ] Safepoint "Cleanup", Time since last: 1002636455 ns, Reaching safepoint: 306292 ns, At safepoint: 11809 ns, Total: 318101 ns
[2023-03-15T04:34:29.509+0000][69][safepoint   ] Safepoint "Cleanup", Time since last: 6003791097 ns, Reaching safepoint: 288371 ns, At safepoint: 11235 ns, Total: 299606 ns
[2023-03-15T04:34:32.511+0000][69][safepoint   ] Safepoint "Cleanup", Time since last: 3002427957 ns, Reaching safepoint: 202247 ns, At safepoint: 6371 ns, Total: 208618 ns
[2023-03-15T04:34:34.514+0000][69][safepoint   ] Safepoint "Cleanup", Time since last: 2002275129 ns, Reaching safepoint: 69744 ns, At safepoint: 3200 ns, Total: 72944 ns
[2023-03-15T04:34:35.515+0000][69][safepoint   ] Safepoint "Cleanup", Time since last: 1001533069 ns, Reaching safepoint: 185100 ns, At safepoint: 8402 ns, Total: 193502 ns
[2023-03-15T04:34:37.519+0000][69][safepoint   ] Safepoint "Cleanup", Time since last: 2003179701 ns, Reaching safepoint: 232561 ns, At safepoint: 10600 ns, Total: 243161 ns
[2023-03-15T04:34:38.521+0000][69][safepoint   ] Safepoint "Cleanup", Time since last: 1001875781 ns, Reaching safepoint: 484777 ns, At safepoint: 17094 ns, Total: 501871 ns
[2023-03-15T04:34:44.530+0000][69][safepoint   ] Safepoint "Cleanup", Time since last: 6008161485 ns, Reaching safepoint: 811192 ns, At safepoint: 16800 ns, Total: 827992 ns
[2023-03-15T04:34:46.924+0000][69][gc,start    ] GC(88) Pause Young (Normal) (G1 Evacuation Pause)
[2023-03-15T04:34:46.926+0000][69][gc,task     ] GC(88) Using 4 workers of 4 for evacuation
[2023-03-15T04:34:46.927+0000][69][gc,age      ] GC(88) Desired survivor size 6291456 bytes, new threshold 15 (max threshold 15)
[2023-03-15T04:34:46.935+0000][69][gc,phases   ] GC(88)   Pre Evacuate Collection Set: 0.2ms
[2023-03-15T04:34:46.936+0000][69][gc,phases   ] GC(88)   Merge Heap Roots: 0.2ms
[2023-03-15T04:34:46.937+0000][69][gc,phases   ] GC(88)   Evacuate Collection Set: 4.1ms
[2023-03-15T04:34:46.938+0000][69][gc,phases   ] GC(88)   Post Evacuate Collection Set: 2.2ms
[2023-03-15T04:34:46.939+0000][69][gc,phases   ] GC(88)   Other: 2.4ms
[2023-03-15T04:34:46.941+0000][69][gc,age      ] GC(88) Age table with threshold 15 (max threshold 15)
[2023-03-15T04:34:46.962+0000][69][gc,age      ] GC(88) - age   1:    1066728 bytes,    1066728 total
[2023-03-15T04:34:46.964+0000][69][gc,age      ] GC(88) - age   2:     170760 bytes,    1237488 total
[2023-03-15T04:34:46.966+0000][69][gc,age      ] GC(88) - age   3:     317376 bytes,    1554864 total
[2023-03-15T04:34:46.967+0000][69][gc,age      ] GC(88) - age   4:      16432 bytes,    1571296 total
[2023-03-15T04:34:46.968+0000][69][gc,age      ] GC(88) - age   5:      17896 bytes,    1589192 total
[2023-03-15T04:34:46.969+0000][69][gc,age      ] GC(88) - age   6:       2688 bytes,    1591880 total
[2023-03-15T04:34:46.970+0000][69][gc,age      ] GC(88) - age   7:      11960 bytes,    1603840 total
[2023-03-15T04:34:46.971+0000][69][gc,age      ] GC(88) - age   8:       2144 bytes,    1605984 total
[2023-03-15T04:34:46.972+0000][69][gc,age      ] GC(88) - age  10:        320 bytes,    1606304 total
[2023-03-15T04:34:46.973+0000][69][gc,age      ] GC(88) - age  11:       1784 bytes,    1608088 total
[2023-03-15T04:34:46.974+0000][69][gc,age      ] GC(88) - age  12:       3208 bytes,    1611296 total
[2023-03-15T04:34:46.975+0000][69][gc,age      ] GC(88) - age  13:     198840 bytes,    1810136 total
[2023-03-15T04:34:46.975+0000][69][gc,age      ] GC(88) - age  14:      13936 bytes,    1824072 total
[2023-03-15T04:34:46.976+0000][69][gc,age      ] GC(88) - age  15:     116136 bytes,    1940208 total
[2023-03-15T04:34:46.977+0000][69][gc,heap     ] GC(88) Eden regions: 23->0(24)
[2023-03-15T04:34:46.978+0000][69][gc,heap     ] GC(88) Survivor regions: 1->1(3)
[2023-03-15T04:34:46.978+0000][69][gc,heap     ] GC(88) Old regions: 24->24
[2023-03-15T04:34:46.979+0000][69][gc,heap     ] GC(88) Archive regions: 2->2
[2023-03-15T04:34:46.980+0000][69][gc,heap     ] GC(88) Humongous regions: 2->2
[2023-03-15T04:34:46.981+0000][69][gc,metaspace] GC(88) Metaspace: 136902K(140416K)->136902K(140416K) NonClass: 119420K(120704K)->119420K(120704K) Class: 17481K(19712K)->17481K(19712K)
[2023-03-15T04:34:46.982+0000][69][gc          ] GC(88) Pause Young (Normal) (G1 Evacuation Pause) 199M->107M(256M) 57.773ms
[2023-03-15T04:34:46.984+0000][69][gc,cpu      ] GC(88) User=0.01s Sys=0.00s Real=0.06s
[2023-03-15T04:34:46.984+0000][69][safepoint   ] Safepoint "G1CollectForAllocation", Time since last: 2405091998 ns, Reaching safepoint: 100137 ns, At safepoint: 60111413 ns, Total: 60211550 ns
[2023-03-15T04:34:47.986+0000][69][safepoint   ] Safepoint "Cleanup", Time since last: 1001373596 ns, Reaching safepoint: 418321 ns, At safepoint: 14716 ns, Total: 433037 ns
[2023-03-15T04:34:52.956+0000][69][safepoint   ] Safepoint "Cleanup", Time since last: 4969715562 ns, Reaching safepoint: 117027 ns, At safepoint: 33740 ns, Total: 150767 ns
[2023-03-15T04:34:53.958+0000][69][safepoint   ] Safepoint "Cleanup", Time since last: 1001112137 ns, Reaching safepoint: 310099 ns, At safepoint: 30850 ns, Total: 340949 ns
[2023-03-15T04:34:56.961+0000][69][safepoint   ] Safepoint "Cleanup", Time since last: 3003351519 ns, Reaching safepoint: 277479 ns, At safepoint: 12296 ns, Total: 289775 ns
[2023-03-15T04:34:59.385+0000][69][safepoint   ] Safepoint "Cleanup", Time since last: 2422014980 ns, Reaching safepoint: 934231 ns, At safepoint: 419824 ns, Total: 1354055 ns
[2023-03-15T04:35:00.387+0000][69][safepoint   ] Safepoint "Cleanup", Time since last: 1002793553 ns, Reaching safepoint: 104516 ns, At safepoint: 3408 ns, Total: 107924 ns
[2023-03-15T04:35:01.389+0000][69][safepoint   ] Safepoint "Cleanup", Time since last: 1000968599 ns, Reaching safepoint: 82243 ns, At safepoint: 2796 ns, Total: 85039 ns
[2023-03-15T04:35:02.390+0000][69][safepoint   ] Safepoint "Cleanup", Time since last: 1001487646 ns, Reaching safepoint: 255043 ns, At safepoint: 19556 ns, Total: 274599 ns
[2023-03-15T04:35:05.397+0000][69][safepoint   ] Safepoint "Cleanup", Time since last: 3006386874 ns, Reaching safepoint: 237066 ns, At safepoint: 13086 ns, Total: 250152 ns
[2023-03-15T04:35:07.401+0000][69][safepoint   ] Safepoint "Cleanup", Time since last: 2003536270 ns, Reaching safepoint: 250133 ns, At safepoint: 8345 ns, Total: 258478 ns
[2023-03-15T04:35:08.405+0000][69][safepoint   ] Safepoint "Cleanup", Time since last: 1004277061 ns, Reaching safepoint: 388222 ns, At safepoint: 13152 ns, Total: 401374 ns
[2023-03-15T04:35:11.412+0000][69][safepoint   ] Safepoint "Cleanup", Time since last: 3006063824 ns, Reaching safepoint: 223235 ns, At safepoint: 6855 ns, Total: 230090 ns
[2023-03-15T04:35:17.411+0000][69][safepoint   ] Safepoint "Cleanup", Time since last: 6006813820 ns, Reaching safepoint: 153699 ns, At safepoint: 4456 ns, Total: 158155 ns
[2023-03-15T04:35:19.416+0000][69][safepoint   ] Safepoint "Cleanup", Time since last: 2003701303 ns, Reaching safepoint: 381928 ns, At safepoint: 15695 ns, Total: 397623 ns
[2023-03-15T04:35:22.502+0000][69][gc,start    ] GC(89) Pause Young (Concurrent Start) (G1 Evacuation Pause)
[2023-03-15T04:35:22.503+0000][69][gc,task     ] GC(89) Using 4 workers of 4 for evacuation
[2023-03-15T04:35:22.504+0000][69][gc,age      ] GC(89) Desired survivor size 8388608 bytes, new threshold 15 (max threshold 15)
[2023-03-15T04:35:22.509+0000][69][gc,phases   ] GC(89)   Pre Evacuate Collection Set: 0.4ms
[2023-03-15T04:35:22.509+0000][69][gc,phases   ] GC(89)   Merge Heap Roots: 0.1ms
[2023-03-15T04:35:22.510+0000][69][gc,phases   ] GC(89)   Evacuate Collection Set: 2.5ms
[2023-03-15T04:35:22.510+0000][69][gc,phases   ] GC(89)   Post Evacuate Collection Set: 0.9ms
[2023-03-15T04:35:22.511+0000][69][gc,phases   ] GC(89)   Other: 1.8ms
[2023-03-15T04:35:22.511+0000][69][gc,age      ] GC(89) Age table with threshold 15 (max threshold 15)
[2023-03-15T04:35:22.511+0000][69][gc,age      ] GC(89) - age   1:    1448928 bytes,    1448928 total
[2023-03-15T04:35:22.512+0000][69][gc,age      ] GC(89) - age   2:     122760 bytes,    1571688 total
[2023-03-15T04:35:22.513+0000][69][gc,age      ] GC(89) - age   3:      36520 bytes,    1608208 total
[2023-03-15T04:35:22.513+0000][69][gc,age      ] GC(89) - age   4:     315480 bytes,    1923688 total
[2023-03-15T04:35:22.514+0000][69][gc,age      ] GC(89) - age   5:      16368 bytes,    1940056 total
[2023-03-15T04:35:22.515+0000][69][gc,age      ] GC(89) - age   6:      17896 bytes,    1957952 total
[2023-03-15T04:35:22.515+0000][69][gc,age      ] GC(89) - age   7:       2688 bytes,    1960640 total
[2023-03-15T04:35:22.516+0000][69][gc,age      ] GC(89) - age   8:      11960 bytes,    1972600 total
[2023-03-15T04:35:22.516+0000][69][gc,age      ] GC(89) - age   9:       1848 bytes,    1974448 total
[2023-03-15T04:35:22.516+0000][69][gc,age      ] GC(89) - age  11:        320 bytes,    1974768 total
[2023-03-15T04:35:22.517+0000][69][gc,age      ] GC(89) - age  12:       1784 bytes,    1976552 total
[2023-03-15T04:35:22.517+0000][69][gc,age      ] GC(89) - age  13:       3208 bytes,    1979760 total
[2023-03-15T04:35:22.518+0000][69][gc,age      ] GC(89) - age  14:     198840 bytes,    2178600 total
[2023-03-15T04:35:22.518+0000][69][gc,age      ] GC(89) - age  15:      13936 bytes,    2192536 total
[2023-03-15T04:35:22.519+0000][69][gc,heap     ] GC(89) Eden regions: 24->0(24)
[2023-03-15T04:35:22.519+0000][69][gc,heap     ] GC(89) Survivor regions: 1->1(4)
[2023-03-15T04:35:22.520+0000][69][gc,heap     ] GC(89) Old regions: 24->24
[2023-03-15T04:35:22.520+0000][69][gc,heap     ] GC(89) Archive regions: 2->2
[2023-03-15T04:35:22.520+0000][69][gc,heap     ] GC(89) Humongous regions: 2->2
[2023-03-15T04:35:22.521+0000][69][gc,metaspace] GC(89) Metaspace: 136951K(140480K)->136951K(140480K) NonClass: 119468K(120768K)->119468K(120768K) Class: 17482K(19712K)->17482K(19712K)
[2023-03-15T04:35:22.521+0000][69][gc          ] GC(89) Pause Young (Concurrent Start) (G1 Evacuation Pause) 203M->107M(256M) 19.327ms
[2023-03-15T04:35:22.522+0000][69][gc,cpu      ] GC(89) User=0.01s Sys=0.00s Real=0.02s
[2023-03-15T04:35:22.522+0000][69][safepoint   ] Safepoint "G1CollectForAllocation", Time since last: 3086312782 ns, Reaching safepoint: 67015 ns, At safepoint: 20360250 ns, Total: 20427265 ns
[2023-03-15T04:35:22.522+0000][69][gc          ] GC(90) Concurrent Mark Cycle
[2023-03-15T04:35:22.524+0000][69][gc,marking  ] GC(90) Concurrent Clear Claimed Marks
[2023-03-15T04:35:22.525+0000][69][gc,marking  ] GC(90) Concurrent Clear Claimed Marks 0.758ms
[2023-03-15T04:35:22.525+0000][69][gc,marking  ] GC(90) Concurrent Scan Root Regions
[2023-03-15T04:35:22.529+0000][69][gc,marking  ] GC(90) Concurrent Scan Root Regions 3.830ms
[2023-03-15T04:35:22.529+0000][69][gc,marking  ] GC(90) Concurrent Mark
[2023-03-15T04:35:22.530+0000][69][gc,marking  ] GC(90) Concurrent Mark From Roots
[2023-03-15T04:35:22.530+0000][69][gc,task     ] GC(90) Using 1 workers of 1 for marking
[2023-03-15T04:35:22.668+0000][69][gc,marking  ] GC(90) Concurrent Mark From Roots 138.376ms
[2023-03-15T04:35:22.669+0000][69][gc,marking  ] GC(90) Concurrent Preclean
[2023-03-15T04:35:22.670+0000][69][gc,marking  ] GC(90) Concurrent Preclean 1.299ms
[2023-03-15T04:35:22.672+0000][69][gc,start    ] GC(90) Pause Remark
[2023-03-15T04:35:22.684+0000][69][gc          ] GC(90) Pause Remark 109M->109M(256M) 11.885ms
[2023-03-15T04:35:22.685+0000][69][gc,cpu      ] GC(90) User=0.02s Sys=0.00s Real=0.01s
[2023-03-15T04:35:22.685+0000][69][safepoint   ] Safepoint "G1PauseRemark", Time since last: 149082086 ns, Reaching safepoint: 289204 ns, At safepoint: 13570518 ns, Total: 13859722 ns
[2023-03-15T04:35:22.686+0000][69][gc,marking  ] GC(90) Concurrent Mark 156.591ms
[2023-03-15T04:35:22.687+0000][69][gc,marking  ] GC(90) Concurrent Rebuild Remembered Sets
[2023-03-15T04:35:22.743+0000][69][gc,marking  ] GC(90) Concurrent Rebuild Remembered Sets 55.550ms
[2023-03-15T04:35:22.755+0000][69][gc,start    ] GC(90) Pause Cleanup
[2023-03-15T04:35:22.755+0000][69][gc          ] GC(90) Pause Cleanup 109M->109M(256M) 0.876ms
[2023-03-15T04:35:22.756+0000][69][gc,cpu      ] GC(90) User=0.00s Sys=0.00s Real=0.00s
[2023-03-15T04:35:22.757+0000][69][safepoint   ] Safepoint "G1PauseCleanup", Time since last: 69035062 ns, Reaching safepoint: 217419 ns, At safepoint: 2005971 ns, Total: 2223390 ns
[2023-03-15T04:35:22.757+0000][69][gc,marking  ] GC(90) Concurrent Cleanup for Next Mark
[2023-03-15T04:35:22.758+0000][69][gc,marking  ] GC(90) Concurrent Cleanup for Next Mark 0.837ms
[2023-03-15T04:35:22.759+0000][69][gc          ] GC(90) Concurrent Mark Cycle 236.803ms
[2023-03-15T04:35:23.760+0000][69][safepoint   ] Safepoint "Cleanup", Time since last: 1000888080 ns, Reaching safepoint: 2783998 ns, At safepoint: 19695 ns, Total: 2803693 ns
[2023-03-15T04:35:29.771+0000][69][safepoint   ] Safepoint "Cleanup", Time since last: 6010411624 ns, Reaching safepoint: 484008 ns, At safepoint: 24262 ns, Total: 508270 ns
[2023-03-15T04:35:30.777+0000][69][safepoint   ] Safepoint "Cleanup", Time since last: 1004906126 ns, Reaching safepoint: 824249 ns, At safepoint: 46555 ns, Total: 870804 ns
[2023-03-15T04:35:34.786+0000][69][safepoint   ] Safepoint "Cleanup", Time since last: 4007821892 ns, Reaching safepoint: 785514 ns, At safepoint: 51984 ns, Total: 837498 ns
[2023-03-15T04:35:37.900+0000][69][safepoint   ] Safepoint "Cleanup", Time since last: 3113921317 ns, Reaching safepoint: 247424 ns, At safepoint: 11369 ns, Total: 258793 ns
[2023-03-15T04:35:46.907+0000][69][safepoint   ] Safepoint "Cleanup", Time since last: 9027011768 ns, Reaching safepoint: 197499 ns, At safepoint: 15527 ns, Total: 213026 ns
[2023-03-15T04:35:52.917+0000][69][safepoint   ] Safepoint "Cleanup", Time since last: 6009159915 ns, Reaching safepoint: 176487 ns, At safepoint: 7120 ns, Total: 183607 ns
[2023-03-15T04:35:53.042+0000][69][gc,start    ] GC(91) Pause Young (Normal) (G1 Evacuation Pause)
[2023-03-15T04:35:53.043+0000][69][gc,task     ] GC(91) Using 4 workers of 4 for evacuation
[2023-03-15T04:35:53.043+0000][69][gc,age      ] GC(91) Desired survivor size 8388608 bytes, new threshold 15 (max threshold 15)
[2023-03-15T04:35:53.054+0000][69][gc,phases   ] GC(91)   Pre Evacuate Collection Set: 0.1ms
[2023-03-15T04:35:53.054+0000][69][gc,phases   ] GC(91)   Merge Heap Roots: 0.1ms
[2023-03-15T04:35:53.056+0000][69][gc,phases   ] GC(91)   Evacuate Collection Set: 8.2ms
[2023-03-15T04:35:53.057+0000][69][gc,phases   ] GC(91)   Post Evacuate Collection Set: 1.2ms
[2023-03-15T04:35:53.057+0000][69][gc,phases   ] GC(91)   Other: 1.6ms
[2023-03-15T04:35:53.058+0000][69][gc,age      ] GC(91) Age table with threshold 15 (max threshold 15)
[2023-03-15T04:35:53.058+0000][69][gc,age      ] GC(91) - age   1:    1594392 bytes,    1594392 total
[2023-03-15T04:35:53.059+0000][69][gc,age      ] GC(91) - age   2:     166800 bytes,    1761192 total
[2023-03-15T04:35:53.060+0000][69][gc,age      ] GC(91) - age   3:       6360 bytes,    1767552 total
[2023-03-15T04:35:53.060+0000][69][gc,age      ] GC(91) - age   4:      36160 bytes,    1803712 total
[2023-03-15T04:35:53.061+0000][69][gc,age      ] GC(91) - age   5:     314400 bytes,    2118112 total
[2023-03-15T04:35:53.061+0000][69][gc,age      ] GC(91) - age   6:      12592 bytes,    2130704 total
[2023-03-15T04:35:53.062+0000][69][gc,age      ] GC(91) - age   7:      17896 bytes,    2148600 total
[2023-03-15T04:35:53.062+0000][69][gc,age      ] GC(91) - age   8:       2688 bytes,    2151288 total
[2023-03-15T04:35:53.063+0000][69][gc,age      ] GC(91) - age   9:      11960 bytes,    2163248 total
[2023-03-15T04:35:53.064+0000][69][gc,age      ] GC(91) - age  10:       1848 bytes,    2165096 total
[2023-03-15T04:35:53.064+0000][69][gc,age      ] GC(91) - age  12:        320 bytes,    2165416 total
[2023-03-15T04:35:53.065+0000][69][gc,age      ] GC(91) - age  13:       1784 bytes,    2167200 total
[2023-03-15T04:35:53.066+0000][69][gc,age      ] GC(91) - age  14:       3208 bytes,    2170408 total
[2023-03-15T04:35:53.066+0000][69][gc,age      ] GC(91) - age  15:     198840 bytes,    2369248 total
[2023-03-15T04:35:53.067+0000][69][gc,heap     ] GC(91) Eden regions: 24->0(23)
[2023-03-15T04:35:53.068+0000][69][gc,heap     ] GC(91) Survivor regions: 1->1(4)
[2023-03-15T04:35:53.069+0000][69][gc,heap     ] GC(91) Old regions: 24->24
[2023-03-15T04:35:53.070+0000][69][gc,heap     ] GC(91) Archive regions: 2->2
[2023-03-15T04:35:53.070+0000][69][gc,heap     ] GC(91) Humongous regions: 2->2
[2023-03-15T04:35:53.071+0000][69][gc,metaspace] GC(91) Metaspace: 136956K(140480K)->136956K(140480K) NonClass: 119473K(120768K)->119473K(120768K) Class: 17482K(19712K)->17482K(19712K)
[2023-03-15T04:35:53.072+0000][69][gc          ] GC(91) Pause Young (Normal) (G1 Evacuation Pause) 203M->107M(256M) 29.781ms
[2023-03-15T04:35:53.072+0000][69][gc,cpu      ] GC(91) User=0.03s Sys=0.01s Real=0.03s
[2023-03-15T04:35:53.073+0000][69][safepoint   ] Safepoint "G1CollectForAllocation", Time since last: 124957739 ns, Reaching safepoint: 40293 ns, At safepoint: 31132135 ns, Total: 31172428 ns
[2023-03-15T04:35:54.075+0000][69][safepoint   ] Safepoint "Cleanup", Time since last: 1001551201 ns, Reaching safepoint: 149565 ns, At safepoint: 10710 ns, Total: 160275 ns
[2023-03-15T04:35:55.078+0000][69][safepoint   ] Safepoint "Cleanup", Time since last: 1002962862 ns, Reaching safepoint: 221164 ns, At safepoint: 8199 ns, Total: 229363 ns
[2023-03-15T04:35:56.081+0000][69][safepoint   ] Safepoint "Cleanup", Time since last: 1003342340 ns, Reaching safepoint: 160568 ns, At safepoint: 5570 ns, Total: 166138 ns
[2023-03-15T04:35:59.087+0000][69][safepoint   ] Safepoint "Cleanup", Time since last: 3005426792 ns, Reaching safepoint: 314268 ns, At safepoint: 9404 ns, Total: 323672 ns
[2023-03-15T04:36:03.093+0000][69][safepoint   ] Safepoint "Cleanup", Time since last: 4005257362 ns, Reaching safepoint: 291116 ns, At safepoint: 13361 ns, Total: 304477 ns
[2023-03-15T04:36:05.098+0000][69][safepoint   ] Safepoint "Cleanup", Time since last: 2005267081 ns, Reaching safepoint: 187402 ns, At safepoint: 8578 ns, Total: 195980 ns
[2023-03-15T04:36:06.101+0000][69][safepoint   ] Safepoint "Cleanup", Time since last: 1002600101 ns, Reaching safepoint: 165765 ns, At safepoint: 8510 ns, Total: 174275 ns
[2023-03-15T04:36:07.103+0000][69][safepoint   ] Safepoint "Cleanup", Time since last: 1002537730 ns, Reaching safepoint: 119155 ns, At safepoint: 4534 ns, Total: 123689 ns
[2023-03-15T04:36:17.093+0000][69][safepoint   ] Safepoint "Cleanup", Time since last: 10009946921 ns, Reaching safepoint: 134230 ns, At safepoint: 5921 ns, Total: 140151 ns
[2023-03-15T04:36:18.097+0000][69][safepoint   ] Safepoint "Cleanup", Time since last: 1002970188 ns, Reaching safepoint: 673215 ns, At safepoint: 62992 ns, Total: 736207 ns
[2023-03-15T04:36:19.453+0000][69][gc,start    ] GC(92) Pause Young (Concurrent Start) (G1 Evacuation Pause)
[2023-03-15T04:36:19.454+0000][69][gc,task     ] GC(92) Using 4 workers of 4 for evacuation
[2023-03-15T04:36:19.455+0000][69][gc,age      ] GC(92) Desired survivor size 6291456 bytes, new threshold 15 (max threshold 15)
[2023-03-15T04:36:19.461+0000][69][gc,phases   ] GC(92)   Pre Evacuate Collection Set: 0.5ms
[2023-03-15T04:36:19.461+0000][69][gc,phases   ] GC(92)   Merge Heap Roots: 0.2ms
[2023-03-15T04:36:19.462+0000][69][gc,phases   ] GC(92)   Evacuate Collection Set: 3.4ms
[2023-03-15T04:36:19.463+0000][69][gc,phases   ] GC(92)   Post Evacuate Collection Set: 0.8ms
[2023-03-15T04:36:19.463+0000][69][gc,phases   ] GC(92)   Other: 2.0ms
[2023-03-15T04:36:19.464+0000][69][gc,age      ] GC(92) Age table with threshold 15 (max threshold 15)
[2023-03-15T04:36:19.464+0000][69][gc,age      ] GC(92) - age   1:     630176 bytes,     630176 total
[2023-03-15T04:36:19.465+0000][69][gc,age      ] GC(92) - age   2:       3120 bytes,     633296 total
[2023-03-15T04:36:19.465+0000][69][gc,age      ] GC(92) - age   3:     147840 bytes,     781136 total
[2023-03-15T04:36:19.466+0000][69][gc,age      ] GC(92) - age   4:       6232 bytes,     787368 total
[2023-03-15T04:36:19.466+0000][69][gc,age      ] GC(92) - age   5:      35984 bytes,     823352 total
[2023-03-15T04:36:19.467+0000][69][gc,age      ] GC(92) - age   6:     287960 bytes,    1111312 total
[2023-03-15T04:36:19.467+0000][69][gc,age      ] GC(92) - age   7:      12592 bytes,    1123904 total
[2023-03-15T04:36:19.468+0000][69][gc,age      ] GC(92) - age   8:      17896 bytes,    1141800 total
[2023-03-15T04:36:19.468+0000][69][gc,age      ] GC(92) - age   9:       2688 bytes,    1144488 total
[2023-03-15T04:36:19.469+0000][69][gc,age      ] GC(92) - age  10:      11960 bytes,    1156448 total
[2023-03-15T04:36:19.469+0000][69][gc,age      ] GC(92) - age  11:       1848 bytes,    1158296 total
[2023-03-15T04:36:19.470+0000][69][gc,age      ] GC(92) - age  13:        320 bytes,    1158616 total
[2023-03-15T04:36:19.470+0000][69][gc,age      ] GC(92) - age  14:       1784 bytes,    1160400 total
[2023-03-15T04:36:19.471+0000][69][gc,age      ] GC(92) - age  15:       3208 bytes,    1163608 total
[2023-03-15T04:36:19.471+0000][69][gc,heap     ] GC(92) Eden regions: 23->0(24)
[2023-03-15T04:36:19.472+0000][69][gc,heap     ] GC(92) Survivor regions: 1->1(3)
[2023-03-15T04:36:19.472+0000][69][gc,heap     ] GC(92) Old regions: 24->24
[2023-03-15T04:36:19.472+0000][69][gc,heap     ] GC(92) Archive regions: 2->2
[2023-03-15T04:36:19.473+0000][69][gc,heap     ] GC(92) Humongous regions: 2->2
[2023-03-15T04:36:19.473+0000][69][gc,metaspace] GC(92) Metaspace: 136975K(140480K)->136975K(140480K) NonClass: 119492K(120768K)->119492K(120768K) Class: 17482K(19712K)->17482K(19712K)
[2023-03-15T04:36:19.474+0000][69][gc          ] GC(92) Pause Young (Concurrent Start) (G1 Evacuation Pause) 199M->107M(256M) 21.468ms
[2023-03-15T04:36:19.474+0000][69][gc,cpu      ] GC(92) User=0.01s Sys=0.00s Real=0.02s
[2023-03-15T04:36:19.475+0000][69][gc          ] GC(93) Concurrent Mark Cycle
[2023-03-15T04:36:19.475+0000][69][safepoint   ] Safepoint "G1CollectForAllocation", Time since last: 1355461907 ns, Reaching safepoint: 421373 ns, At safepoint: 22381554 ns, Total: 22802927 ns
[2023-03-15T04:36:19.475+0000][69][gc,marking  ] GC(93) Concurrent Clear Claimed Marks
[2023-03-15T04:36:19.477+0000][69][gc,marking  ] GC(93) Concurrent Clear Claimed Marks 1.357ms
[2023-03-15T04:36:19.477+0000][69][gc,marking  ] GC(93) Concurrent Scan Root Regions
[2023-03-15T04:36:19.483+0000][69][gc,marking  ] GC(93) Concurrent Scan Root Regions 5.830ms
[2023-03-15T04:36:19.485+0000][69][gc,marking  ] GC(93) Concurrent Mark
[2023-03-15T04:36:19.486+0000][69][gc,marking  ] GC(93) Concurrent Mark From Roots
[2023-03-15T04:36:19.487+0000][69][gc,task     ] GC(93) Using 1 workers of 1 for marking
[2023-03-15T04:36:19.594+0000][69][gc,marking  ] GC(93) Concurrent Mark From Roots 107.842ms
[2023-03-15T04:36:19.595+0000][69][gc,marking  ] GC(93) Concurrent Preclean
[2023-03-15T04:36:19.596+0000][69][gc,marking  ] GC(93) Concurrent Preclean 1.326ms
[2023-03-15T04:36:19.597+0000][69][gc,start    ] GC(93) Pause Remark
[2023-03-15T04:36:19.614+0000][69][gc          ] GC(93) Pause Remark 107M->107M(256M) 16.845ms
[2023-03-15T04:36:19.615+0000][69][gc,cpu      ] GC(93) User=0.06s Sys=0.00s Real=0.01s
[2023-03-15T04:36:19.616+0000][69][safepoint   ] Safepoint "G1PauseRemark", Time since last: 122261924 ns, Reaching safepoint: 41562 ns, At safepoint: 19044200 ns, Total: 19085762 ns
[2023-03-15T04:36:19.626+0000][69][gc,marking  ] GC(93) Concurrent Mark 140.959ms
[2023-03-15T04:36:19.627+0000][69][gc,marking  ] GC(93) Concurrent Rebuild Remembered Sets
[2023-03-15T04:36:19.682+0000][69][gc,marking  ] GC(93) Concurrent Rebuild Remembered Sets 55.110ms
[2023-03-15T04:36:19.684+0000][69][gc,start    ] GC(93) Pause Cleanup
[2023-03-15T04:36:19.685+0000][69][gc          ] GC(93) Pause Cleanup 107M->107M(256M) 1.278ms
[2023-03-15T04:36:19.687+0000][69][gc,cpu      ] GC(93) User=0.00s Sys=0.00s Real=0.00s
[2023-03-15T04:36:19.688+0000][69][safepoint   ] Safepoint "G1PauseCleanup", Time since last: 67524653 ns, Reaching safepoint: 156688 ns, At safepoint: 4031643 ns, Total: 4188331 ns
[2023-03-15T04:36:19.689+0000][69][gc,marking  ] GC(93) Concurrent Cleanup for Next Mark
[2023-03-15T04:36:19.690+0000][69][gc,marking  ] GC(93) Concurrent Cleanup for Next Mark 1.068ms
[2023-03-15T04:36:19.690+0000][69][gc          ] GC(93) Concurrent Mark Cycle 215.893ms
[2023-03-15T04:36:23.695+0000][69][safepoint   ] Safepoint "Cleanup", Time since last: 4006592063 ns, Reaching safepoint: 795468 ns, At safepoint: 19834 ns, Total: 815302 ns
[2023-03-15T04:36:27.703+0000][69][safepoint   ] Safepoint "Cleanup", Time since last: 4006896558 ns, Reaching safepoint: 372379 ns, At safepoint: 13253 ns, Total: 385632 ns
[2023-03-15T04:36:29.708+0000][69][safepoint   ] Safepoint "Cleanup", Time since last: 2004890730 ns, Reaching safepoint: 759225 ns, At safepoint: 52746 ns, Total: 811971 ns
[2023-03-15T04:36:34.715+0000][69][safepoint   ] Safepoint "Cleanup", Time since last: 5006020114 ns, Reaching safepoint: 91723 ns, At safepoint: 35094 ns, Total: 126817 ns
[2023-03-15T04:36:35.715+0000][69][safepoint   ] Safepoint "Cleanup", Time since last: 1000662920 ns, Reaching safepoint: 156004 ns, At safepoint: 14448 ns, Total: 170452 ns
[2023-03-15T04:36:36.717+0000][69][safepoint   ] Safepoint "Cleanup", Time since last: 1001255675 ns, Reaching safepoint: 388984 ns, At safepoint: 12138 ns, Total: 401122 ns
[2023-03-15T04:36:37.722+0000][69][safepoint   ] Safepoint "Cleanup", Time since last: 1004120004 ns, Reaching safepoint: 706052 ns, At safepoint: 15591 ns, Total: 721643 ns
[2023-03-15T04:36:39.728+0000][69][safepoint   ] Safepoint "Cleanup", Time since last: 2005110702 ns, Reaching safepoint: 563833 ns, At safepoint: 12084 ns, Total: 575917 ns
[2023-03-15T04:36:40.771+0000][69][safepoint   ] Safepoint "Cleanup", Time since last: 1042805958 ns, Reaching safepoint: 324214 ns, At safepoint: 21297 ns, Total: 345511 ns
[2023-03-15T04:36:41.777+0000][69][safepoint   ] Safepoint "Cleanup", Time since last: 1005536636 ns, Reaching safepoint: 781079 ns, At safepoint: 40997 ns, Total: 822076 ns
[2023-03-15T04:36:53.493+0000][69][gc,start    ] GC(94) Pause Young (Normal) (G1 Evacuation Pause)
[2023-03-15T04:36:53.493+0000][69][gc,task     ] GC(94) Using 4 workers of 4 for evacuation
[2023-03-15T04:36:53.494+0000][69][gc,age      ] GC(94) Desired survivor size 8388608 bytes, new threshold 15 (max threshold 15)
[2023-03-15T04:36:53.500+0000][69][gc,phases   ] GC(94)   Pre Evacuate Collection Set: 0.1ms
[2023-03-15T04:36:53.502+0000][69][gc,phases   ] GC(94)   Merge Heap Roots: 0.1ms
[2023-03-15T04:36:53.502+0000][69][gc,phases   ] GC(94)   Evacuate Collection Set: 3.3ms
[2023-03-15T04:36:53.503+0000][69][gc,phases   ] GC(94)   Post Evacuate Collection Set: 1.2ms
[2023-03-15T04:36:53.503+0000][69][gc,phases   ] GC(94)   Other: 1.8ms
[2023-03-15T04:36:53.504+0000][69][gc,age      ] GC(94) Age table with threshold 15 (max threshold 15)
[2023-03-15T04:36:53.504+0000][69][gc,age      ] GC(94) - age   1:    1082448 bytes,    1082448 total
[2023-03-15T04:36:53.505+0000][69][gc,age      ] GC(94) - age   2:      37704 bytes,    1120152 total
[2023-03-15T04:36:53.505+0000][69][gc,age      ] GC(94) - age   3:       1896 bytes,    1122048 total
[2023-03-15T04:36:53.506+0000][69][gc,age      ] GC(94) - age   4:     147328 bytes,    1269376 total
[2023-03-15T04:36:53.506+0000][69][gc,age      ] GC(94) - age   5:       5912 bytes,    1275288 total
[2023-03-15T04:36:53.506+0000][69][gc,age      ] GC(94) - age   6:      35696 bytes,    1310984 total
[2023-03-15T04:36:53.507+0000][69][gc,age      ] GC(94) - age   7:     287960 bytes,    1598944 total
[2023-03-15T04:36:53.507+0000][69][gc,age      ] GC(94) - age   8:      12592 bytes,    1611536 total
[2023-03-15T04:36:53.508+0000][69][gc,age      ] GC(94) - age   9:       9880 bytes,    1621416 total
[2023-03-15T04:36:53.508+0000][69][gc,age      ] GC(94) - age  10:       2688 bytes,    1624104 total
[2023-03-15T04:36:53.509+0000][69][gc,age      ] GC(94) - age  11:      11960 bytes,    1636064 total
[2023-03-15T04:36:53.509+0000][69][gc,age      ] GC(94) - age  12:       1848 bytes,    1637912 total
[2023-03-15T04:36:53.510+0000][69][gc,age      ] GC(94) - age  14:        320 bytes,    1638232 total
[2023-03-15T04:36:53.510+0000][69][gc,age      ] GC(94) - age  15:       1784 bytes,    1640016 total
[2023-03-15T04:36:53.510+0000][69][gc,heap     ] GC(94) Eden regions: 24->0(24)
[2023-03-15T04:36:53.511+0000][69][gc,heap     ] GC(94) Survivor regions: 1->1(4)
[2023-03-15T04:36:53.511+0000][69][gc,heap     ] GC(94) Old regions: 24->24
[2023-03-15T04:36:53.512+0000][69][gc,heap     ] GC(94) Archive regions: 2->2
[2023-03-15T04:36:53.512+0000][69][gc,heap     ] GC(94) Humongous regions: 2->2
[2023-03-15T04:36:53.512+0000][69][gc,metaspace] GC(94) Metaspace: 136923K(140480K)->136923K(140480K) NonClass: 119455K(120768K)->119455K(120768K) Class: 17467K(19712K)->17467K(19712K)
[2023-03-15T04:36:53.513+0000][69][gc          ] GC(94) Pause Young (Normal) (G1 Evacuation Pause) 203M->107M(256M) 20.072ms
[2023-03-15T04:36:53.513+0000][69][gc,cpu      ] GC(94) User=0.01s Sys=0.00s Real=0.02s
[2023-03-15T04:36:53.514+0000][69][safepoint   ] Safepoint "G1CollectForAllocation", Time since last: 11736947400 ns, Reaching safepoint: 142750 ns, At safepoint: 20957684 ns, Total: 21100434 ns
[2023-03-15T04:37:00.519+0000][69][safepoint   ] Safepoint "Cleanup", Time since last: 7005173081 ns, Reaching safepoint: 150518 ns, At safepoint: 4562 ns, Total: 155080 ns
[2023-03-15T04:37:05.525+0000][69][safepoint   ] Safepoint "Cleanup", Time since last: 5005513529 ns, Reaching safepoint: 170477 ns, At safepoint: 5140 ns, Total: 175617 ns
[2023-03-15T04:37:07.529+0000][69][safepoint   ] Safepoint "Cleanup", Time since last: 2003701302 ns, Reaching safepoint: 253884 ns, At safepoint: 15311 ns, Total: 269195 ns
[2023-03-15T04:37:11.533+0000][69][safepoint   ] Safepoint "Cleanup", Time since last: 4004459205 ns, Reaching safepoint: 268994 ns, At safepoint: 33456 ns, Total: 302450 ns
[2023-03-15T04:37:13.535+0000][69][safepoint   ] Safepoint "Cleanup", Time since last: 2001355532 ns, Reaching safepoint: 106953 ns, At safepoint: 5698 ns, Total: 112651 ns
[2023-03-15T04:37:16.517+0000][69][safepoint   ] Safepoint "Cleanup", Time since last: 3003008200 ns, Reaching safepoint: 56025 ns, At safepoint: 3675 ns, Total: 59700 ns
[2023-03-15T04:37:17.519+0000][69][safepoint   ] Safepoint "Cleanup", Time since last: 1001433499 ns, Reaching safepoint: 394270 ns, At safepoint: 11639 ns, Total: 405909 ns
[2023-03-15T04:37:22.526+0000][69][safepoint   ] Safepoint "Cleanup", Time since last: 5006687486 ns, Reaching safepoint: 90986 ns, At safepoint: 5167 ns, Total: 96153 ns
[2023-03-15T04:37:28.524+0000][69][gc,start    ] GC(95) Pause Young (Concurrent Start) (G1 Evacuation Pause)
[2023-03-15T04:37:28.525+0000][69][gc,task     ] GC(95) Using 4 workers of 4 for evacuation
[2023-03-15T04:37:28.526+0000][69][gc,age      ] GC(95) Desired survivor size 8388608 bytes, new threshold 15 (max threshold 15)
[2023-03-15T04:37:28.532+0000][69][gc,phases   ] GC(95)   Pre Evacuate Collection Set: 0.4ms
[2023-03-15T04:37:28.533+0000][69][gc,phases   ] GC(95)   Merge Heap Roots: 0.2ms
[2023-03-15T04:37:28.533+0000][69][gc,phases   ] GC(95)   Evacuate Collection Set: 3.3ms
[2023-03-15T04:37:28.534+0000][69][gc,phases   ] GC(95)   Post Evacuate Collection Set: 1.2ms
[2023-03-15T04:37:28.535+0000][69][gc,phases   ] GC(95)   Other: 1.4ms
[2023-03-15T04:37:28.535+0000][69][gc,age      ] GC(95) Age table with threshold 15 (max threshold 15)
[2023-03-15T04:37:28.536+0000][69][gc,age      ] GC(95) - age   1:    1456040 bytes,    1456040 total
[2023-03-15T04:37:28.536+0000][69][gc,age      ] GC(95) - age   2:     121936 bytes,    1577976 total
[2023-03-15T04:37:28.537+0000][69][gc,age      ] GC(95) - age   3:       3080 bytes,    1581056 total
[2023-03-15T04:37:28.537+0000][69][gc,age      ] GC(95) - age   4:       1472 bytes,    1582528 total
[2023-03-15T04:37:28.538+0000][69][gc,age      ] GC(95) - age   5:      14280 bytes,    1596808 total
[2023-03-15T04:37:28.538+0000][69][gc,age      ] GC(95) - age   6:       5912 bytes,    1602720 total
[2023-03-15T04:37:28.539+0000][69][gc,age      ] GC(95) - age   7:      35696 bytes,    1638416 total
[2023-03-15T04:37:28.540+0000][69][gc,age      ] GC(95) - age   8:     279528 bytes,    1917944 total
[2023-03-15T04:37:28.540+0000][69][gc,age      ] GC(95) - age   9:      12592 bytes,    1930536 total
[2023-03-15T04:37:28.541+0000][69][gc,age      ] GC(95) - age  10:       9880 bytes,    1940416 total
[2023-03-15T04:37:28.542+0000][69][gc,age      ] GC(95) - age  11:       2688 bytes,    1943104 total
[2023-03-15T04:37:28.542+0000][69][gc,age      ] GC(95) - age  12:      11960 bytes,    1955064 total
[2023-03-15T04:37:28.543+0000][69][gc,age      ] GC(95) - age  13:       1848 bytes,    1956912 total
[2023-03-15T04:37:28.544+0000][69][gc,age      ] GC(95) - age  15:        320 bytes,    1957232 total
[2023-03-15T04:37:28.545+0000][69][gc,heap     ] GC(95) Eden regions: 24->0(24)
[2023-03-15T04:37:28.545+0000][69][gc,heap     ] GC(95) Survivor regions: 1->1(4)
[2023-03-15T04:37:28.546+0000][69][gc,heap     ] GC(95) Old regions: 24->24
[2023-03-15T04:37:28.546+0000][69][gc,heap     ] GC(95) Archive regions: 2->2
[2023-03-15T04:37:28.547+0000][69][gc,heap     ] GC(95) Humongous regions: 2->2
[2023-03-15T04:37:28.548+0000][69][gc,metaspace] GC(95) Metaspace: 136967K(140544K)->136967K(140544K) NonClass: 119499K(120832K)->119499K(120832K) Class: 17467K(19712K)->17467K(19712K)
[2023-03-15T04:37:28.548+0000][69][gc          ] GC(95) Pause Young (Concurrent Start) (G1 Evacuation Pause) 203M->107M(256M) 24.425ms
[2023-03-15T04:37:28.549+0000][69][gc          ] GC(96) Concurrent Mark Cycle
[2023-03-15T04:37:28.550+0000][69][gc,marking  ] GC(96) Concurrent Clear Claimed Marks
[2023-03-15T04:37:28.551+0000][69][gc,marking  ] GC(96) Concurrent Clear Claimed Marks 1.303ms
[2023-03-15T04:37:28.552+0000][69][gc,marking  ] GC(96) Concurrent Scan Root Regions
[2023-03-15T04:37:28.549+0000][69][gc,cpu      ] GC(95) User=0.00s Sys=0.01s Real=0.03s
[2023-03-15T04:37:28.555+0000][69][gc,marking  ] GC(96) Concurrent Scan Root Regions 3.324ms
[2023-03-15T04:37:28.557+0000][69][gc,marking  ] GC(96) Concurrent Mark
[2023-03-15T04:37:28.558+0000][69][gc,marking  ] GC(96) Concurrent Mark From Roots
[2023-03-15T04:37:28.558+0000][69][gc,task     ] GC(96) Using 1 workers of 1 for marking
[2023-03-15T04:37:28.556+0000][69][safepoint   ] Safepoint "G1CollectForAllocation", Time since last: 5997704472 ns, Reaching safepoint: 214683 ns, At safepoint: 32157460 ns, Total: 32372143 ns
[2023-03-15T04:37:28.704+0000][69][gc,marking  ] GC(96) Concurrent Mark From Roots 146.438ms
[2023-03-15T04:37:28.705+0000][69][gc,marking  ] GC(96) Concurrent Preclean
[2023-03-15T04:37:28.706+0000][69][gc,marking  ] GC(96) Concurrent Preclean 1.344ms
[2023-03-15T04:37:28.707+0000][69][gc,start    ] GC(96) Pause Remark
[2023-03-15T04:37:28.718+0000][69][gc          ] GC(96) Pause Remark 108M->108M(256M) 11.176ms
[2023-03-15T04:37:28.719+0000][69][gc,cpu      ] GC(96) User=0.03s Sys=0.00s Real=0.01s
[2023-03-15T04:37:28.719+0000][69][safepoint   ] Safepoint "G1PauseRemark", Time since last: 150728616 ns, Reaching safepoint: 72559 ns, At safepoint: 12553506 ns, Total: 12626065 ns
[2023-03-15T04:37:28.720+0000][69][gc,marking  ] GC(96) Concurrent Mark 163.517ms
[2023-03-15T04:37:28.721+0000][69][gc,marking  ] GC(96) Concurrent Rebuild Remembered Sets
[2023-03-15T04:37:28.786+0000][69][gc,marking  ] GC(96) Concurrent Rebuild Remembered Sets 65.311ms
[2023-03-15T04:37:28.787+0000][69][gc,start    ] GC(96) Pause Cleanup
[2023-03-15T04:37:28.788+0000][69][gc          ] GC(96) Pause Cleanup 110M->110M(256M) 1.058ms
[2023-03-15T04:37:28.789+0000][69][gc,cpu      ] GC(96) User=0.00s Sys=0.00s Real=0.00s
[2023-03-15T04:37:28.790+0000][69][safepoint   ] Safepoint "G1PauseCleanup", Time since last: 67610895 ns, Reaching safepoint: 276650 ns, At safepoint: 2922040 ns, Total: 3198690 ns
[2023-03-15T04:37:28.791+0000][69][gc,marking  ] GC(96) Concurrent Cleanup for Next Mark
[2023-03-15T04:37:28.793+0000][69][gc,marking  ] GC(96) Concurrent Cleanup for Next Mark 1.453ms
[2023-03-15T04:37:28.794+0000][69][gc          ] GC(96) Concurrent Mark Cycle 244.487ms
[2023-03-15T04:37:30.795+0000][69][safepoint   ] Safepoint "Cleanup", Time since last: 2003063607 ns, Reaching safepoint: 734909 ns, At safepoint: 409582 ns, Total: 1144491 ns
[2023-03-15T04:37:31.798+0000][69][safepoint   ] Safepoint "Cleanup", Time since last: 1003726798 ns, Reaching safepoint: 226236 ns, At safepoint: 8255 ns, Total: 234491 ns
[2023-03-15T04:37:32.801+0000][69][safepoint   ] Safepoint "Cleanup", Time since last: 1002558579 ns, Reaching safepoint: 440142 ns, At safepoint: 12293 ns, Total: 452435 ns
[2023-03-15T04:37:34.804+0000][69][safepoint   ] Safepoint "Cleanup", Time since last: 2002598467 ns, Reaching safepoint: 167329 ns, At safepoint: 86960 ns, Total: 254289 ns
[2023-03-15T04:37:37.808+0000][69][safepoint   ] Safepoint "Cleanup", Time since last: 3002690828 ns, Reaching safepoint: 902474 ns, At safepoint: 59944 ns, Total: 962418 ns
[2023-03-15T04:37:40.812+0000][69][safepoint   ] Safepoint "Cleanup", Time since last: 3004205300 ns, Reaching safepoint: 130858 ns, At safepoint: 11383 ns, Total: 142241 ns
[2023-03-15T04:37:47.799+0000][69][safepoint   ] Safepoint "Cleanup", Time since last: 7007484941 ns, Reaching safepoint: 158516 ns, At safepoint: 9391 ns, Total: 167907 ns
[2023-03-15T04:37:49.806+0000][69][safepoint   ] Safepoint "Cleanup", Time since last: 2006397755 ns, Reaching safepoint: 149459 ns, At safepoint: 11613 ns, Total: 161072 ns
[2023-03-15T04:37:55.813+0000][69][safepoint   ] Safepoint "Cleanup", Time since last: 6006985410 ns, Reaching safepoint: 159505 ns, At safepoint: 13750 ns, Total: 173255 ns
[2023-03-15T04:37:58.695+0000][69][gc,start    ] GC(97) Pause Young (Normal) (G1 Evacuation Pause)
[2023-03-15T04:37:58.696+0000][69][gc,task     ] GC(97) Using 4 workers of 4 for evacuation
[2023-03-15T04:37:58.696+0000][69][gc,age      ] GC(97) Desired survivor size 8388608 bytes, new threshold 15 (max threshold 15)
[2023-03-15T04:37:58.702+0000][69][gc,phases   ] GC(97)   Pre Evacuate Collection Set: 0.1ms
[2023-03-15T04:37:58.703+0000][69][gc,phases   ] GC(97)   Merge Heap Roots: 0.1ms
[2023-03-15T04:37:58.703+0000][69][gc,phases   ] GC(97)   Evacuate Collection Set: 4.2ms
[2023-03-15T04:37:58.704+0000][69][gc,phases   ] GC(97)   Post Evacuate Collection Set: 0.6ms
[2023-03-15T04:37:58.705+0000][69][gc,phases   ] GC(97)   Other: 1.0ms
[2023-03-15T04:37:58.706+0000][69][gc,age      ] GC(97) Age table with threshold 15 (max threshold 15)
[2023-03-15T04:37:58.707+0000][69][gc,age      ] GC(97) - age   1:    1814112 bytes,    1814112 total
[2023-03-15T04:37:58.708+0000][69][gc,age      ] GC(97) - age   2:     157408 bytes,    1971520 total
[2023-03-15T04:37:58.708+0000][69][gc,age      ] GC(97) - age   3:       8832 bytes,    1980352 total
[2023-03-15T04:37:58.709+0000][69][gc,age      ] GC(97) - age   4:       2720 bytes,    1983072 total
[2023-03-15T04:37:58.710+0000][69][gc,age      ] GC(97) - age   5:       1472 bytes,    1984544 total
[2023-03-15T04:37:58.710+0000][69][gc,age      ] GC(97) - age   6:      12680 bytes,    1997224 total
[2023-03-15T04:37:58.711+0000][69][gc,age      ] GC(97) - age   7:       5912 bytes,    2003136 total
[2023-03-15T04:37:58.711+0000][69][gc,age      ] GC(97) - age   8:      35696 bytes,    2038832 total
[2023-03-15T04:37:58.712+0000][69][gc,age      ] GC(97) - age   9:     279528 bytes,    2318360 total
[2023-03-15T04:37:58.713+0000][69][gc,age      ] GC(97) - age  10:      12016 bytes,    2330376 total
[2023-03-15T04:37:58.713+0000][69][gc,age      ] GC(97) - age  11:       9880 bytes,    2340256 total
[2023-03-15T04:37:58.714+0000][69][gc,age      ] GC(97) - age  12:       2688 bytes,    2342944 total
[2023-03-15T04:37:58.714+0000][69][gc,age      ] GC(97) - age  13:      11960 bytes,    2354904 total
[2023-03-15T04:37:58.715+0000][69][gc,age      ] GC(97) - age  14:       1848 bytes,    2356752 total
[2023-03-15T04:37:58.715+0000][69][gc,heap     ] GC(97) Eden regions: 24->0(23)
[2023-03-15T04:37:58.716+0000][69][gc,heap     ] GC(97) Survivor regions: 1->1(4)
[2023-03-15T04:37:58.716+0000][69][gc,heap     ] GC(97) Old regions: 24->24
[2023-03-15T04:37:58.717+0000][69][gc,heap     ] GC(97) Archive regions: 2->2
[2023-03-15T04:37:58.717+0000][69][gc,heap     ] GC(97) Humongous regions: 2->2
[2023-03-15T04:37:58.718+0000][69][gc,metaspace] GC(97) Metaspace: 136973K(140544K)->136973K(140544K) NonClass: 119505K(120832K)->119505K(120832K) Class: 17467K(19712K)->17467K(19712K)
[2023-03-15T04:37:58.718+0000][69][gc          ] GC(97) Pause Young (Normal) (G1 Evacuation Pause) 203M->108M(256M) 23.240ms
[2023-03-15T04:37:58.719+0000][69][gc,cpu      ] GC(97) User=0.01s Sys=0.00s Real=0.02s
[2023-03-15T04:37:58.719+0000][69][safepoint   ] Safepoint "G1CollectForAllocation", Time since last: 2882035275 ns, Reaching safepoint: 42861 ns, At safepoint: 24301163 ns, Total: 24344024 ns
[2023-03-15T04:37:59.721+0000][69][safepoint   ] Safepoint "Cleanup", Time since last: 1001571687 ns, Reaching safepoint: 372042 ns, At safepoint: 14562 ns, Total: 386604 ns
[2023-03-15T04:38:00.725+0000][69][safepoint   ] Safepoint "Cleanup", Time since last: 1004019390 ns, Reaching safepoint: 179465 ns, At safepoint: 6498 ns, Total: 185963 ns
[2023-03-15T04:38:02.729+0000][69][safepoint   ] Safepoint "Cleanup", Time since last: 2003388671 ns, Reaching safepoint: 376694 ns, At safepoint: 214239 ns, Total: 590933 ns
[2023-03-15T04:38:03.735+0000][69][safepoint   ] Safepoint "Cleanup", Time since last: 1004921620 ns, Reaching safepoint: 338418 ns, At safepoint: 13716 ns, Total: 352134 ns
[2023-03-15T04:38:04.738+0000][69][safepoint   ] Safepoint "Cleanup", Time since last: 1003039781 ns, Reaching safepoint: 314538 ns, At safepoint: 7761 ns, Total: 322299 ns
[2023-03-15T04:38:07.742+0000][69][safepoint   ] Safepoint "Cleanup", Time since last: 3003546418 ns, Reaching safepoint: 196344 ns, At safepoint: 6523 ns, Total: 202867 ns
[2023-03-15T04:38:10.746+0000][69][safepoint   ] Safepoint "Cleanup", Time since last: 3003591653 ns, Reaching safepoint: 363712 ns, At safepoint: 13153 ns, Total: 376865 ns
[2023-03-15T04:38:11.750+0000][69][safepoint   ] Safepoint "Cleanup", Time since last: 1003444750 ns, Reaching safepoint: 501928 ns, At safepoint: 13002 ns, Total: 514930 ns
[2023-03-15T04:38:12.755+0000][69][safepoint   ] Safepoint "Cleanup", Time since last: 1004769529 ns, Reaching safepoint: 150648 ns, At safepoint: 10919 ns, Total: 161567 ns
[2023-03-15T04:38:13.758+0000][69][safepoint   ] Safepoint "Cleanup", Time since last: 1003423913 ns, Reaching safepoint: 215614 ns, At safepoint: 6031 ns, Total: 221645 ns
[2023-03-15T04:38:14.447+0000][69][gc,start    ] GC(98) Pause Young (Concurrent Start) (G1 Evacuation Pause)
[2023-03-15T04:38:14.448+0000][69][gc,task     ] GC(98) Using 4 workers of 4 for evacuation
[2023-03-15T04:38:14.449+0000][69][gc,age      ] GC(98) Desired survivor size 6291456 bytes, new threshold 15 (max threshold 15)
[2023-03-15T04:38:14.455+0000][69][gc,phases   ] GC(98)   Pre Evacuate Collection Set: 0.4ms
[2023-03-15T04:38:14.456+0000][69][gc,phases   ] GC(98)   Merge Heap Roots: 0.2ms
[2023-03-15T04:38:14.457+0000][69][gc,phases   ] GC(98)   Evacuate Collection Set: 2.6ms
[2023-03-15T04:38:14.459+0000][69][gc,phases   ] GC(98)   Post Evacuate Collection Set: 1.1ms
[2023-03-15T04:38:14.460+0000][69][gc,phases   ] GC(98)   Other: 2.5ms
[2023-03-15T04:38:14.460+0000][69][gc,age      ] GC(98) Age table with threshold 15 (max threshold 15)
[2023-03-15T04:38:14.461+0000][69][gc,age      ] GC(98) - age   1:    1729040 bytes,    1729040 total
[2023-03-15T04:38:14.462+0000][69][gc,age      ] GC(98) - age   2:       6680 bytes,    1735720 total
[2023-03-15T04:38:14.462+0000][69][gc,age      ] GC(98) - age   3:       4152 bytes,    1739872 total
[2023-03-15T04:38:14.463+0000][69][gc,age      ] GC(98) - age   4:       8688 bytes,    1748560 total
[2023-03-15T04:38:14.464+0000][69][gc,age      ] GC(98) - age   5:       2656 bytes,    1751216 total
[2023-03-15T04:38:14.464+0000][69][gc,age      ] GC(98) - age   6:       1472 bytes,    1752688 total
[2023-03-15T04:38:14.465+0000][69][gc,age      ] GC(98) - age   7:      11672 bytes,    1764360 total
[2023-03-15T04:38:14.466+0000][69][gc,age      ] GC(98) - age   8:       5616 bytes,    1769976 total
[2023-03-15T04:38:14.466+0000][69][gc,age      ] GC(98) - age   9:       3592 bytes,    1773568 total
[2023-03-15T04:38:14.467+0000][69][gc,age      ] GC(98) - age  10:     178576 bytes,    1952144 total
[2023-03-15T04:38:14.468+0000][69][gc,age      ] GC(98) - age  11:      11744 bytes,    1963888 total
[2023-03-15T04:38:14.468+0000][69][gc,age      ] GC(98) - age  12:       9880 bytes,    1973768 total
[2023-03-15T04:38:14.470+0000][69][gc,age      ] GC(98) - age  13:       2688 bytes,    1976456 total
[2023-03-15T04:38:14.470+0000][69][gc,age      ] GC(98) - age  14:      11960 bytes,    1988416 total
[2023-03-15T04:38:14.471+0000][69][gc,age      ] GC(98) - age  15:       1848 bytes,    1990264 total
[2023-03-15T04:38:14.472+0000][69][gc,heap     ] GC(98) Eden regions: 23->0(23)
[2023-03-15T04:38:14.472+0000][69][gc,heap     ] GC(98) Survivor regions: 1->1(3)
[2023-03-15T04:38:14.473+0000][69][gc,heap     ] GC(98) Old regions: 24->24
[2023-03-15T04:38:14.473+0000][69][gc,heap     ] GC(98) Archive regions: 2->2
[2023-03-15T04:38:14.474+0000][69][gc,heap     ] GC(98) Humongous regions: 2->2
[2023-03-15T04:38:14.475+0000][69][gc,metaspace] GC(98) Metaspace: 136991K(140544K)->136991K(140544K) NonClass: 119524K(120832K)->119524K(120832K) Class: 17467K(19712K)->17467K(19712K)
[2023-03-15T04:38:14.475+0000][69][gc          ] GC(98) Pause Young (Concurrent Start) (G1 Evacuation Pause) 200M->107M(256M) 28.321ms
[2023-03-15T04:38:14.476+0000][69][gc,cpu      ] GC(98) User=0.01s Sys=0.00s Real=0.03s
[2023-03-15T04:38:14.476+0000][69][gc          ] GC(99) Concurrent Mark Cycle
[2023-03-15T04:38:14.477+0000][69][safepoint   ] Safepoint "G1CollectForAllocation", Time since last: 688530785 ns, Reaching safepoint: 217511 ns, At safepoint: 29970687 ns, Total: 30188198 ns
[2023-03-15T04:38:14.478+0000][69][gc,marking  ] GC(99) Concurrent Clear Claimed Marks
[2023-03-15T04:38:14.481+0000][69][gc,marking  ] GC(99) Concurrent Clear Claimed Marks 2.971ms
[2023-03-15T04:38:14.482+0000][69][gc,marking  ] GC(99) Concurrent Scan Root Regions
[2023-03-15T04:38:14.485+0000][69][gc,marking  ] GC(99) Concurrent Scan Root Regions 3.504ms
[2023-03-15T04:38:14.486+0000][69][gc,marking  ] GC(99) Concurrent Mark
[2023-03-15T04:38:14.487+0000][69][gc,marking  ] GC(99) Concurrent Mark From Roots
[2023-03-15T04:38:14.489+0000][69][gc,task     ] GC(99) Using 1 workers of 1 for marking
[2023-03-15T04:38:14.648+0000][69][gc,marking  ] GC(99) Concurrent Mark From Roots 160.782ms
[2023-03-15T04:38:14.648+0000][69][gc,marking  ] GC(99) Concurrent Preclean
[2023-03-15T04:38:14.650+0000][69][gc,marking  ] GC(99) Concurrent Preclean 1.510ms
[2023-03-15T04:38:14.652+0000][69][gc,start    ] GC(99) Pause Remark
[2023-03-15T04:38:14.666+0000][69][gc          ] GC(99) Pause Remark 111M->111M(256M) 14.072ms
[2023-03-15T04:38:14.667+0000][69][gc,cpu      ] GC(99) User=0.04s Sys=0.00s Real=0.02s
[2023-03-15T04:38:14.668+0000][69][safepoint   ] Safepoint "G1PauseRemark", Time since last: 174827147 ns, Reaching safepoint: 129867 ns, At safepoint: 15940649 ns, Total: 16070516 ns
[2023-03-15T04:38:14.669+0000][69][gc,marking  ] GC(99) Concurrent Mark 182.475ms
[2023-03-15T04:38:14.669+0000][69][gc,marking  ] GC(99) Concurrent Rebuild Remembered Sets
[2023-03-15T04:38:14.755+0000][69][gc,marking  ] GC(99) Concurrent Rebuild Remembered Sets 85.600ms
[2023-03-15T04:38:14.756+0000][69][gc,start    ] GC(99) Pause Cleanup
[2023-03-15T04:38:14.756+0000][69][gc          ] GC(99) Pause Cleanup 111M->111M(256M) 0.737ms
[2023-03-15T04:38:14.757+0000][69][gc,cpu      ] GC(99) User=0.00s Sys=0.00s Real=0.00s
[2023-03-15T04:38:14.757+0000][69][safepoint   ] Safepoint "G1PauseCleanup", Time since last: 87665379 ns, Reaching safepoint: 86769 ns, At safepoint: 1699882 ns, Total: 1786651 ns
[2023-03-15T04:38:14.758+0000][69][gc,marking  ] GC(99) Concurrent Cleanup for Next Mark
[2023-03-15T04:38:14.759+0000][69][gc,marking  ] GC(99) Concurrent Cleanup for Next Mark 0.829ms
[2023-03-15T04:38:14.759+0000][69][gc          ] GC(99) Concurrent Mark Cycle 283.175ms
[2023-03-15T04:38:15.759+0000][69][safepoint   ] Safepoint "Cleanup", Time since last: 1001284990 ns, Reaching safepoint: 202672 ns, At safepoint: 4553 ns, Total: 207225 ns
[2023-03-15T04:38:16.740+0000][69][safepoint   ] Safepoint "Cleanup", Time since last: 1003006336 ns, Reaching safepoint: 348519 ns, At safepoint: 7136 ns, Total: 355655 ns
[2023-03-15T04:38:17.742+0000][69][safepoint   ] Safepoint "Cleanup", Time since last: 1001982916 ns, Reaching safepoint: 515787 ns, At safepoint: 11426 ns, Total: 527213 ns
[2023-03-15T04:38:19.747+0000][69][safepoint   ] Safepoint "Cleanup", Time since last: 2004217291 ns, Reaching safepoint: 177087 ns, At safepoint: 4737 ns, Total: 181824 ns
[2023-03-15T04:38:20.750+0000][69][safepoint   ] Safepoint "Cleanup", Time since last: 1002422581 ns, Reaching safepoint: 414036 ns, At safepoint: 12104 ns, Total: 426140 ns
[2023-03-15T04:38:22.755+0000][69][safepoint   ] Safepoint "Cleanup", Time since last: 2005065886 ns, Reaching safepoint: 264130 ns, At safepoint: 52544 ns, Total: 316674 ns
[2023-03-15T04:38:24.758+0000][69][safepoint   ] Safepoint "Cleanup", Time since last: 2002276991 ns, Reaching safepoint: 338549 ns, At safepoint: 11424 ns, Total: 349973 ns
[2023-03-15T04:38:25.765+0000][69][safepoint   ] Safepoint "Cleanup", Time since last: 1006477139 ns, Reaching safepoint: 311661 ns, At safepoint: 15198 ns, Total: 326859 ns
[2023-03-15T04:38:29.774+0000][69][safepoint   ] Safepoint "Cleanup", Time since last: 4009277472 ns, Reaching safepoint: 636700 ns, At safepoint: 17096 ns, Total: 653796 ns
[2023-03-15T04:38:30.781+0000][69][safepoint   ] Safepoint "Cleanup", Time since last: 1005543849 ns, Reaching safepoint: 544119 ns, At safepoint: 15613 ns, Total: 559732 ns
[2023-03-15T04:38:32.786+0000][69][safepoint   ] Safepoint "Cleanup", Time since last: 2005159081 ns, Reaching safepoint: 704904 ns, At safepoint: 19049 ns, Total: 723953 ns
[2023-03-15T04:38:40.555+0000][69][gc,start    ] GC(100) Pause Young (Normal) (G1 Evacuation Pause)
[2023-03-15T04:38:40.556+0000][69][gc,task     ] GC(100) Using 4 workers of 4 for evacuation
[2023-03-15T04:38:40.556+0000][69][gc,age      ] GC(100) Desired survivor size 6291456 bytes, new threshold 15 (max threshold 15)
[2023-03-15T04:38:40.560+0000][69][gc,phases   ] GC(100)   Pre Evacuate Collection Set: 0.1ms
[2023-03-15T04:38:40.561+0000][69][gc,phases   ] GC(100)   Merge Heap Roots: 0.1ms
[2023-03-15T04:38:40.562+0000][69][gc,phases   ] GC(100)   Evacuate Collection Set: 2.4ms
[2023-03-15T04:38:40.562+0000][69][gc,phases   ] GC(100)   Post Evacuate Collection Set: 0.8ms
[2023-03-15T04:38:40.562+0000][69][gc,phases   ] GC(100)   Other: 0.8ms
[2023-03-15T04:38:40.563+0000][69][gc,age      ] GC(100) Age table with threshold 15 (max threshold 15)
[2023-03-15T04:38:40.563+0000][69][gc,age      ] GC(100) - age   1:    1389768 bytes,    1389768 total
[2023-03-15T04:38:40.564+0000][69][gc,age      ] GC(100) - age   2:     782304 bytes,    2172072 total
[2023-03-15T04:38:40.564+0000][69][gc,age      ] GC(100) - age   3:       4328 bytes,    2176400 total
[2023-03-15T04:38:40.564+0000][69][gc,age      ] GC(100) - age   4:       3832 bytes,    2180232 total
[2023-03-15T04:38:40.565+0000][69][gc,age      ] GC(100) - age   5:       8200 bytes,    2188432 total
[2023-03-15T04:38:40.565+0000][69][gc,age      ] GC(100) - age   6:       2592 bytes,    2191024 total
[2023-03-15T04:38:40.565+0000][69][gc,age      ] GC(100) - age   7:       1344 bytes,    2192368 total
[2023-03-15T04:38:40.566+0000][69][gc,age      ] GC(100) - age   8:      11672 bytes,    2204040 total
[2023-03-15T04:38:40.566+0000][69][gc,age      ] GC(100) - age   9:       5616 bytes,    2209656 total
[2023-03-15T04:38:40.567+0000][69][gc,age      ] GC(100) - age  10:       2952 bytes,    2212608 total
[2023-03-15T04:38:40.567+0000][69][gc,age      ] GC(100) - age  11:     178576 bytes,    2391184 total
[2023-03-15T04:38:40.567+0000][69][gc,age      ] GC(100) - age  12:      11712 bytes,    2402896 total
[2023-03-15T04:38:40.568+0000][69][gc,age      ] GC(100) - age  13:       9880 bytes,    2412776 total
[2023-03-15T04:38:40.568+0000][69][gc,age      ] GC(100) - age  14:       2688 bytes,    2415464 total
[2023-03-15T04:38:40.569+0000][69][gc,age      ] GC(100) - age  15:      11960 bytes,    2427424 total
[2023-03-15T04:38:40.569+0000][69][gc,heap     ] GC(100) Eden regions: 23->0(23)
[2023-03-15T04:38:40.570+0000][69][gc,heap     ] GC(100) Survivor regions: 1->1(3)
[2023-03-15T04:38:40.570+0000][69][gc,heap     ] GC(100) Old regions: 24->24
[2023-03-15T04:38:40.570+0000][69][gc,heap     ] GC(100) Archive regions: 2->2
[2023-03-15T04:38:40.571+0000][69][gc,heap     ] GC(100) Humongous regions: 2->2
[2023-03-15T04:38:40.571+0000][69][gc,metaspace] GC(100) Metaspace: 137012K(140544K)->137012K(140544K) NonClass: 119544K(120832K)->119544K(120832K) Class: 17468K(19712K)->17468K(19712K)
[2023-03-15T04:38:40.572+0000][69][gc          ] GC(100) Pause Young (Normal) (G1 Evacuation Pause) 199M->108M(256M) 16.443ms
[2023-03-15T04:38:40.572+0000][69][gc,cpu      ] GC(100) User=0.01s Sys=0.00s Real=0.02s
[2023-03-15T04:38:40.573+0000][69][safepoint   ] Safepoint "G1CollectForAllocation", Time since last: 7768678991 ns, Reaching safepoint: 65450 ns, At safepoint: 17408387 ns, Total: 17473837 ns
[2023-03-15T04:38:44.575+0000][69][safepoint   ] Safepoint "Cleanup", Time since last: 4002469136 ns, Reaching safepoint: 271172 ns, At safepoint: 13140 ns, Total: 284312 ns
[2023-03-15T04:38:45.580+0000][69][safepoint   ] Safepoint "Cleanup", Time since last: 1004774193 ns, Reaching safepoint: 266218 ns, At safepoint: 13299 ns, Total: 279517 ns
[2023-03-15T04:38:53.566+0000][69][safepoint   ] Safepoint "Cleanup", Time since last: 8006598214 ns, Reaching safepoint: 96572 ns, At safepoint: 6679 ns, Total: 103251 ns
[2023-03-15T04:39:04.658+0000][69][gc,start    ] GC(101) Pause Young (Concurrent Start) (G1 Evacuation Pause)
[2023-03-15T04:39:04.659+0000][69][gc,task     ] GC(101) Using 4 workers of 4 for evacuation
[2023-03-15T04:39:04.659+0000][69][gc,age      ] GC(101) Desired survivor size 6291456 bytes, new threshold 15 (max threshold 15)
[2023-03-15T04:39:04.664+0000][69][gc,phases   ] GC(101)   Pre Evacuate Collection Set: 0.3ms
[2023-03-15T04:39:04.665+0000][69][gc,phases   ] GC(101)   Merge Heap Roots: 0.1ms
[2023-03-15T04:39:04.665+0000][69][gc,phases   ] GC(101)   Evacuate Collection Set: 2.9ms
[2023-03-15T04:39:04.666+0000][69][gc,phases   ] GC(101)   Post Evacuate Collection Set: 0.8ms
[2023-03-15T04:39:04.667+0000][69][gc,phases   ] GC(101)   Other: 1.1ms
[2023-03-15T04:39:04.667+0000][69][gc,age      ] GC(101) Age table with threshold 15 (max threshold 15)
[2023-03-15T04:39:04.668+0000][69][gc,age      ] GC(101) - age   1:    1517184 bytes,    1517184 total
[2023-03-15T04:39:04.668+0000][69][gc,age      ] GC(101) - age   2:     326112 bytes,    1843296 total
[2023-03-15T04:39:04.668+0000][69][gc,age      ] GC(101) - age   3:     548568 bytes,    2391864 total
[2023-03-15T04:39:04.669+0000][69][gc,age      ] GC(101) - age   4:       3080 bytes,    2394944 total
[2023-03-15T04:39:04.669+0000][69][gc,age      ] GC(101) - age   5:       3736 bytes,    2398680 total
[2023-03-15T04:39:04.670+0000][69][gc,age      ] GC(101) - age   6:       8136 bytes,    2406816 total
[2023-03-15T04:39:04.670+0000][69][gc,age      ] GC(101) - age   7:       2592 bytes,    2409408 total
[2023-03-15T04:39:04.671+0000][69][gc,age      ] GC(101) - age   8:       1344 bytes,    2410752 total
[2023-03-15T04:39:04.671+0000][69][gc,age      ] GC(101) - age   9:      11672 bytes,    2422424 total
[2023-03-15T04:39:04.671+0000][69][gc,age      ] GC(101) - age  10:       5584 bytes,    2428008 total
[2023-03-15T04:39:04.672+0000][69][gc,age      ] GC(101) - age  11:       2912 bytes,    2430920 total
[2023-03-15T04:39:04.672+0000][69][gc,age      ] GC(101) - age  12:     178448 bytes,    2609368 total
[2023-03-15T04:39:04.673+0000][69][gc,age      ] GC(101) - age  13:      11712 bytes,    2621080 total
[2023-03-15T04:39:04.673+0000][69][gc,age      ] GC(101) - age  14:       9880 bytes,    2630960 total
[2023-03-15T04:39:04.674+0000][69][gc,age      ] GC(101) - age  15:       2688 bytes,    2633648 total
[2023-03-15T04:39:04.674+0000][69][gc,heap     ] GC(101) Eden regions: 23->0(23)
[2023-03-15T04:39:04.674+0000][69][gc,heap     ] GC(101) Survivor regions: 1->1(3)
[2023-03-15T04:39:04.675+0000][69][gc,heap     ] GC(101) Old regions: 24->24
[2023-03-15T04:39:04.675+0000][69][gc,heap     ] GC(101) Archive regions: 2->2
[2023-03-15T04:39:04.676+0000][69][gc,heap     ] GC(101) Humongous regions: 2->2
[2023-03-15T04:39:04.676+0000][69][gc,metaspace] GC(101) Metaspace: 137019K(140544K)->137019K(140544K) NonClass: 119551K(120832K)->119551K(120832K) Class: 17468K(19712K)->17468K(19712K)
[2023-03-15T04:39:04.677+0000][69][gc          ] GC(101) Pause Young (Concurrent Start) (G1 Evacuation Pause) 200M->108M(256M) 18.508ms
[2023-03-15T04:39:04.677+0000][69][gc,cpu      ] GC(101) User=0.01s Sys=0.00s Real=0.02s
[2023-03-15T04:39:04.677+0000][69][gc          ] GC(102) Concurrent Mark Cycle
[2023-03-15T04:39:04.678+0000][69][gc,marking  ] GC(102) Concurrent Clear Claimed Marks
[2023-03-15T04:39:04.678+0000][69][safepoint   ] Safepoint "G1CollectForAllocation", Time since last: 11092117817 ns, Reaching safepoint: 97892 ns, At safepoint: 19562609 ns, Total: 19660501 ns
[2023-03-15T04:39:04.679+0000][69][gc,marking  ] GC(102) Concurrent Clear Claimed Marks 0.721ms
[2023-03-15T04:39:04.682+0000][69][gc,marking  ] GC(102) Concurrent Scan Root Regions
[2023-03-15T04:39:04.686+0000][69][gc,marking  ] GC(102) Concurrent Scan Root Regions 4.038ms
[2023-03-15T04:39:04.687+0000][69][gc,marking  ] GC(102) Concurrent Mark
[2023-03-15T04:39:04.687+0000][69][gc,marking  ] GC(102) Concurrent Mark From Roots
[2023-03-15T04:39:04.688+0000][69][gc,task     ] GC(102) Using 1 workers of 1 for marking
[2023-03-15T04:39:04.791+0000][69][gc,marking  ] GC(102) Concurrent Mark From Roots 103.335ms
[2023-03-15T04:39:04.791+0000][69][gc,marking  ] GC(102) Concurrent Preclean
[2023-03-15T04:39:04.792+0000][69][gc,marking  ] GC(102) Concurrent Preclean 0.762ms
[2023-03-15T04:39:04.793+0000][69][gc,start    ] GC(102) Pause Remark
[2023-03-15T04:39:04.803+0000][69][gc          ] GC(102) Pause Remark 110M->110M(256M) 9.757ms
[2023-03-15T04:39:04.803+0000][69][gc,cpu      ] GC(102) User=0.03s Sys=0.00s Real=0.01s
[2023-03-15T04:39:04.804+0000][69][safepoint   ] Safepoint "G1PauseRemark", Time since last: 114898048 ns, Reaching safepoint: 72235 ns, At safepoint: 10923264 ns, Total: 10995499 ns
[2023-03-15T04:39:04.805+0000][69][gc,marking  ] GC(102) Concurrent Mark 117.595ms
[2023-03-15T04:39:04.805+0000][69][gc,marking  ] GC(102) Concurrent Rebuild Remembered Sets
[2023-03-15T04:39:04.860+0000][69][gc,marking  ] GC(102) Concurrent Rebuild Remembered Sets 54.887ms
[2023-03-15T04:39:04.861+0000][69][gc,start    ] GC(102) Pause Cleanup
[2023-03-15T04:39:04.861+0000][69][gc          ] GC(102) Pause Cleanup 111M->111M(256M) 0.704ms
[2023-03-15T04:39:04.862+0000][69][gc,cpu      ] GC(102) User=0.00s Sys=0.00s Real=0.01s
[2023-03-15T04:39:04.862+0000][69][safepoint   ] Safepoint "G1PauseCleanup", Time since last: 56926298 ns, Reaching safepoint: 117591 ns, At safepoint: 1652746 ns, Total: 1770337 ns
[2023-03-15T04:39:04.863+0000][69][gc,marking  ] GC(102) Concurrent Cleanup for Next Mark
[2023-03-15T04:39:04.864+0000][69][gc,marking  ] GC(102) Concurrent Cleanup for Next Mark 0.719ms
[2023-03-15T04:39:04.866+0000][69][gc          ] GC(102) Concurrent Mark Cycle 188.332ms
[2023-03-15T04:39:07.867+0000][69][safepoint   ] Safepoint "Cleanup", Time since last: 3003652745 ns, Reaching safepoint: 554111 ns, At safepoint: 21642 ns, Total: 575753 ns
[2023-03-15T04:39:16.860+0000][69][safepoint   ] Safepoint "Cleanup", Time since last: 9014682589 ns, Reaching safepoint: 352745 ns, At safepoint: 12384 ns, Total: 365129 ns
[2023-03-15T04:39:17.864+0000][69][safepoint   ] Safepoint "Cleanup", Time since last: 1003462186 ns, Reaching safepoint: 98183 ns, At safepoint: 4136 ns, Total: 102319 ns
[2023-03-15T04:39:18.867+0000][69][safepoint   ] Safepoint "Cleanup", Time since last: 1002590067 ns, Reaching safepoint: 456528 ns, At safepoint: 13001 ns, Total: 469529 ns
[2023-03-15T04:39:22.875+0000][69][safepoint   ] Safepoint "Cleanup", Time since last: 4007669580 ns, Reaching safepoint: 161724 ns, At safepoint: 4572 ns, Total: 166296 ns
[2023-03-15T04:39:24.879+0000][69][safepoint   ] Safepoint "Cleanup", Time since last: 2004110817 ns, Reaching safepoint: 738925 ns, At safepoint: 51189 ns, Total: 790114 ns
[2023-03-15T04:39:27.886+0000][69][safepoint   ] Safepoint "Cleanup", Time since last: 3006425119 ns, Reaching safepoint: 353757 ns, At safepoint: 13860 ns, Total: 367617 ns
[2023-03-15T04:39:28.892+0000][69][safepoint   ] Safepoint "Cleanup", Time since last: 1004942391 ns, Reaching safepoint: 760980 ns, At safepoint: 27902 ns, Total: 788882 ns
[2023-03-15T04:39:30.682+0000][69][safepoint   ] Safepoint "Cleanup", Time since last: 1789093630 ns, Reaching safepoint: 620688 ns, At safepoint: 16342 ns, Total: 637030 ns
[2023-03-15T04:39:34.637+0000][69][gc,start    ] GC(103) Pause Young (Normal) (G1 Evacuation Pause)
[2023-03-15T04:39:34.638+0000][69][gc,task     ] GC(103) Using 4 workers of 4 for evacuation
[2023-03-15T04:39:34.638+0000][69][gc,age      ] GC(103) Desired survivor size 6291456 bytes, new threshold 15 (max threshold 15)
[2023-03-15T04:39:34.642+0000][69][gc,phases   ] GC(103)   Pre Evacuate Collection Set: 0.1ms
[2023-03-15T04:39:34.642+0000][69][gc,phases   ] GC(103)   Merge Heap Roots: 0.1ms
[2023-03-15T04:39:34.643+0000][69][gc,phases   ] GC(103)   Evacuate Collection Set: 2.0ms
[2023-03-15T04:39:34.643+0000][69][gc,phases   ] GC(103)   Post Evacuate Collection Set: 0.7ms
[2023-03-15T04:39:34.643+0000][69][gc,phases   ] GC(103)   Other: 1.1ms
[2023-03-15T04:39:34.644+0000][69][gc,age      ] GC(103) Age table with threshold 15 (max threshold 15)
[2023-03-15T04:39:34.644+0000][69][gc,age      ] GC(103) - age   1:     553592 bytes,     553592 total
[2023-03-15T04:39:34.645+0000][69][gc,age      ] GC(103) - age   2:     321952 bytes,     875544 total
[2023-03-15T04:39:34.645+0000][69][gc,age      ] GC(103) - age   3:     194264 bytes,    1069808 total
[2023-03-15T04:39:34.646+0000][69][gc,age      ] GC(103) - age   4:     544512 bytes,    1614320 total
[2023-03-15T04:39:34.646+0000][69][gc,age      ] GC(103) - age   5:       3080 bytes,    1617400 total
[2023-03-15T04:39:34.646+0000][69][gc,age      ] GC(103) - age   6:       3672 bytes,    1621072 total
[2023-03-15T04:39:34.647+0000][69][gc,age      ] GC(103) - age   7:       8136 bytes,    1629208 total
[2023-03-15T04:39:34.648+0000][69][gc,age      ] GC(103) - age   8:       2592 bytes,    1631800 total
[2023-03-15T04:39:34.648+0000][69][gc,age      ] GC(103) - age   9:       1344 bytes,    1633144 total
[2023-03-15T04:39:34.649+0000][69][gc,age      ] GC(103) - age  10:      11672 bytes,    1644816 total
[2023-03-15T04:39:34.649+0000][69][gc,age      ] GC(103) - age  11:       5584 bytes,    1650400 total
[2023-03-15T04:39:34.649+0000][69][gc,age      ] GC(103) - age  12:       2912 bytes,    1653312 total
[2023-03-15T04:39:34.650+0000][69][gc,age      ] GC(103) - age  13:     178448 bytes,    1831760 total
[2023-03-15T04:39:34.650+0000][69][gc,age      ] GC(103) - age  14:      11712 bytes,    1843472 total
[2023-03-15T04:39:34.650+0000][69][gc,age      ] GC(103) - age  15:       9880 bytes,    1853352 total
[2023-03-15T04:39:34.651+0000][69][gc,heap     ] GC(103) Eden regions: 23->0(23)
[2023-03-15T04:39:34.651+0000][69][gc,heap     ] GC(103) Survivor regions: 1->1(3)
[2023-03-15T04:39:34.652+0000][69][gc,heap     ] GC(103) Old regions: 24->24
[2023-03-15T04:39:34.652+0000][69][gc,heap     ] GC(103) Archive regions: 2->2
[2023-03-15T04:39:34.653+0000][69][gc,heap     ] GC(103) Humongous regions: 2->2
[2023-03-15T04:39:34.653+0000][69][gc,metaspace] GC(103) Metaspace: 137052K(140544K)->137052K(140544K) NonClass: 119584K(120832K)->119584K(120832K) Class: 17468K(19712K)->17468K(19712K)
[2023-03-15T04:39:34.654+0000][69][gc          ] GC(103) Pause Young (Normal) (G1 Evacuation Pause) 200M->107M(256M) 16.994ms
[2023-03-15T04:39:34.654+0000][69][gc,cpu      ] GC(103) User=0.01s Sys=0.00s Real=0.02s
[2023-03-15T04:39:34.655+0000][69][safepoint   ] Safepoint "G1CollectForAllocation", Time since last: 3954968760 ns, Reaching safepoint: 74886 ns, At safepoint: 18189016 ns, Total: 18263902 ns
[2023-03-15T04:39:37.658+0000][69][safepoint   ] Safepoint "Cleanup", Time since last: 3002233382 ns, Reaching safepoint: 453046 ns, At safepoint: 14329 ns, Total: 467375 ns
[2023-03-15T04:39:46.646+0000][69][safepoint   ] Safepoint "Cleanup", Time since last: 9011666416 ns, Reaching safepoint: 262446 ns, At safepoint: 25882 ns, Total: 288328 ns
[2023-03-15T04:39:47.647+0000][69][safepoint   ] Safepoint "Cleanup", Time since last: 1001001666 ns, Reaching safepoint: 328270 ns, At safepoint: 11962 ns, Total: 340232 ns
[2023-03-15T04:39:52.654+0000][69][safepoint   ] Safepoint "Cleanup", Time since last: 5006540506 ns, Reaching safepoint: 101339 ns, At safepoint: 3111 ns, Total: 104450 ns
[2023-03-15T04:39:55.659+0000][69][safepoint   ] Safepoint "Cleanup", Time since last: 3004941889 ns, Reaching safepoint: 352767 ns, At safepoint: 11609 ns, Total: 364376 ns
[2023-03-15T04:39:58.665+0000][69][safepoint   ] Safepoint "Cleanup", Time since last: 3005662136 ns, Reaching safepoint: 111991 ns, At safepoint: 6443 ns, Total: 118434 ns
[2023-03-15T04:39:59.666+0000][69][safepoint   ] Safepoint "Cleanup", Time since last: 1000799058 ns, Reaching safepoint: 189881 ns, At safepoint: 10982 ns, Total: 200863 ns
[2023-03-15T04:40:00.668+0000][69][safepoint   ] Safepoint "Cleanup", Time since last: 1001835910 ns, Reaching safepoint: 411164 ns, At safepoint: 11334 ns, Total: 422498 ns
[2023-03-15T04:40:05.152+0000][69][gc,start    ] GC(104) Pause Young (Concurrent Start) (G1 Evacuation Pause)
[2023-03-15T04:40:05.153+0000][69][gc,task     ] GC(104) Using 4 workers of 4 for evacuation
[2023-03-15T04:40:05.153+0000][69][gc,age      ] GC(104) Desired survivor size 6291456 bytes, new threshold 15 (max threshold 15)
[2023-03-15T04:40:05.156+0000][69][gc,phases   ] GC(104)   Pre Evacuate Collection Set: 0.5ms
[2023-03-15T04:40:05.157+0000][69][gc,phases   ] GC(104)   Merge Heap Roots: 0.1ms
[2023-03-15T04:40:05.157+0000][69][gc,phases   ] GC(104)   Evacuate Collection Set: 1.4ms
[2023-03-15T04:40:05.158+0000][69][gc,phases   ] GC(104)   Post Evacuate Collection Set: 0.6ms
[2023-03-15T04:40:05.158+0000][69][gc,phases   ] GC(104)   Other: 1.2ms
[2023-03-15T04:40:05.159+0000][69][gc,age      ] GC(104) Age table with threshold 15 (max threshold 15)
[2023-03-15T04:40:05.160+0000][69][gc,age      ] GC(104) - age   1:     663504 bytes,     663504 total
[2023-03-15T04:40:05.161+0000][69][gc,age      ] GC(104) - age   2:     165144 bytes,     828648 total
[2023-03-15T04:40:05.161+0000][69][gc,age      ] GC(104) - age   3:     319896 bytes,    1148544 total
[2023-03-15T04:40:05.162+0000][69][gc,age      ] GC(104) - age   4:     194072 bytes,    1342616 total
[2023-03-15T04:40:05.162+0000][69][gc,age      ] GC(104) - age   5:     544512 bytes,    1887128 total
[2023-03-15T04:40:05.163+0000][69][gc,age      ] GC(104) - age   6:       2776 bytes,    1889904 total
[2023-03-15T04:40:05.163+0000][69][gc,age      ] GC(104) - age   7:       3672 bytes,    1893576 total
[2023-03-15T04:40:05.163+0000][69][gc,age      ] GC(104) - age   8:       8136 bytes,    1901712 total
[2023-03-15T04:40:05.164+0000][69][gc,age      ] GC(104) - age   9:       2592 bytes,    1904304 total
[2023-03-15T04:40:05.164+0000][69][gc,age      ] GC(104) - age  10:       1344 bytes,    1905648 total
[2023-03-15T04:40:05.165+0000][69][gc,age      ] GC(104) - age  11:      11672 bytes,    1917320 total
[2023-03-15T04:40:05.165+0000][69][gc,age      ] GC(104) - age  12:       5584 bytes,    1922904 total
[2023-03-15T04:40:05.166+0000][69][gc,age      ] GC(104) - age  13:       2728 bytes,    1925632 total
[2023-03-15T04:40:05.166+0000][69][gc,age      ] GC(104) - age  14:     178448 bytes,    2104080 total
[2023-03-15T04:40:05.167+0000][69][gc,age      ] GC(104) - age  15:      11712 bytes,    2115792 total
[2023-03-15T04:40:05.167+0000][69][gc,heap     ] GC(104) Eden regions: 23->0(24)
[2023-03-15T04:40:05.168+0000][69][gc,heap     ] GC(104) Survivor regions: 1->1(3)
[2023-03-15T04:40:05.168+0000][69][gc,heap     ] GC(104) Old regions: 24->24
[2023-03-15T04:40:05.169+0000][69][gc,heap     ] GC(104) Archive regions: 2->2
[2023-03-15T04:40:05.169+0000][69][gc,heap     ] GC(104) Humongous regions: 2->2
[2023-03-15T04:40:05.170+0000][69][gc,metaspace] GC(104) Metaspace: 137053K(140544K)->137053K(140544K) NonClass: 119585K(120832K)->119585K(120832K) Class: 17468K(19712K)->17468K(19712K)
[2023-03-15T04:40:05.170+0000][69][gc          ] GC(104) Pause Young (Concurrent Start) (G1 Evacuation Pause) 199M->108M(256M) 18.134ms
[2023-03-15T04:40:05.171+0000][69][gc          ] GC(105) Concurrent Mark Cycle
[2023-03-15T04:40:05.171+0000][69][gc,marking  ] GC(105) Concurrent Clear Claimed Marks
[2023-03-15T04:40:05.172+0000][69][gc,marking  ] GC(105) Concurrent Clear Claimed Marks 0.709ms
[2023-03-15T04:40:05.172+0000][69][gc,marking  ] GC(105) Concurrent Scan Root Regions
[2023-03-15T04:40:05.175+0000][69][gc,marking  ] GC(105) Concurrent Scan Root Regions 2.751ms
[2023-03-15T04:40:05.176+0000][69][gc,marking  ] GC(105) Concurrent Mark
[2023-03-15T04:40:05.176+0000][69][gc,marking  ] GC(105) Concurrent Mark From Roots
[2023-03-15T04:40:05.176+0000][69][gc,task     ] GC(105) Using 1 workers of 1 for marking
[2023-03-15T04:40:05.171+0000][69][gc,cpu      ] GC(104) User=0.00s Sys=0.00s Real=0.02s
[2023-03-15T04:40:05.182+0000][69][safepoint   ] Safepoint "G1CollectForAllocation", Time since last: 4483581842 ns, Reaching safepoint: 120991 ns, At safepoint: 29780825 ns, Total: 29901816 ns
[2023-03-15T04:40:05.274+0000][69][gc,marking  ] GC(105) Concurrent Mark From Roots 97.684ms
[2023-03-15T04:40:05.275+0000][69][gc,marking  ] GC(105) Concurrent Preclean
[2023-03-15T04:40:05.276+0000][69][gc,marking  ] GC(105) Concurrent Preclean 1.330ms
[2023-03-15T04:40:05.277+0000][69][gc,start    ] GC(105) Pause Remark
[2023-03-15T04:40:05.285+0000][69][gc          ] GC(105) Pause Remark 108M->108M(256M) 8.177ms
[2023-03-15T04:40:05.286+0000][69][gc,cpu      ] GC(105) User=0.03s Sys=0.01s Real=0.01s
[2023-03-15T04:40:05.287+0000][69][safepoint   ] Safepoint "G1PauseRemark", Time since last: 95385984 ns, Reaching safepoint: 90682 ns, At safepoint: 9910985 ns, Total: 10001667 ns
[2023-03-15T04:40:05.288+0000][69][gc,marking  ] GC(105) Concurrent Mark 111.898ms
[2023-03-15T04:40:05.288+0000][69][gc,marking  ] GC(105) Concurrent Rebuild Remembered Sets
[2023-03-15T04:40:05.337+0000][69][gc,marking  ] GC(105) Concurrent Rebuild Remembered Sets 48.829ms
[2023-03-15T04:40:05.339+0000][69][gc,start    ] GC(105) Pause Cleanup
[2023-03-15T04:40:05.339+0000][69][gc          ] GC(105) Pause Cleanup 108M->108M(256M) 0.838ms
[2023-03-15T04:40:05.340+0000][69][gc,cpu      ] GC(105) User=0.00s Sys=0.00s Real=0.00s
[2023-03-15T04:40:05.341+0000][69][safepoint   ] Safepoint "G1PauseCleanup", Time since last: 51481462 ns, Reaching safepoint: 87108 ns, At safepoint: 1976185 ns, Total: 2063293 ns
[2023-03-15T04:40:05.341+0000][69][gc,marking  ] GC(105) Concurrent Cleanup for Next Mark
[2023-03-15T04:40:05.342+0000][69][gc,marking  ] GC(105) Concurrent Cleanup for Next Mark 0.661ms
[2023-03-15T04:40:05.342+0000][69][gc          ] GC(105) Concurrent Mark Cycle 171.754ms
[2023-03-15T04:40:07.343+0000][69][safepoint   ] Safepoint "Cleanup", Time since last: 2002476083 ns, Reaching safepoint: 283624 ns, At safepoint: 12451 ns, Total: 296075 ns
[2023-03-15T04:40:14.355+0000][69][safepoint   ] Safepoint "Cleanup", Time since last: 7010962695 ns, Reaching safepoint: 251275 ns, At safepoint: 12531 ns, Total: 263806 ns
[2023-03-15T04:40:29.348+0000][69][safepoint   ] Safepoint "Cleanup", Time since last: 15018880615 ns, Reaching safepoint: 134810 ns, At safepoint: 7671 ns, Total: 142481 ns
[2023-03-15T04:40:35.351+0000][69][safepoint   ] Safepoint "Cleanup", Time since last: 6003118947 ns, Reaching safepoint: 130766 ns, At safepoint: 3505 ns, Total: 134271 ns
[2023-03-15T04:40:36.354+0000][69][safepoint   ] Safepoint "Cleanup", Time since last: 1002184141 ns, Reaching safepoint: 210974 ns, At safepoint: 10424 ns, Total: 221398 ns
[2023-03-15T04:40:37.389+0000][69][gc,start    ] GC(106) Pause Young (Normal) (G1 Evacuation Pause)
[2023-03-15T04:40:37.391+0000][69][gc,task     ] GC(106) Using 4 workers of 4 for evacuation
[2023-03-15T04:40:37.393+0000][69][gc,age      ] GC(106) Desired survivor size 8388608 bytes, new threshold 15 (max threshold 15)
[2023-03-15T04:40:37.400+0000][69][gc,phases   ] GC(106)   Pre Evacuate Collection Set: 0.3ms
[2023-03-15T04:40:37.401+0000][69][gc,phases   ] GC(106)   Merge Heap Roots: 0.2ms
[2023-03-15T04:40:37.402+0000][69][gc,phases   ] GC(106)   Evacuate Collection Set: 5.1ms
[2023-03-15T04:40:37.403+0000][69][gc,phases   ] GC(106)   Post Evacuate Collection Set: 0.9ms
[2023-03-15T04:40:37.403+0000][69][gc,phases   ] GC(106)   Other: 2.7ms
[2023-03-15T04:40:37.404+0000][69][gc,age      ] GC(106) Age table with threshold 15 (max threshold 15)
[2023-03-15T04:40:37.405+0000][69][gc,age      ] GC(106) - age   1:    1108704 bytes,    1108704 total
[2023-03-15T04:40:37.406+0000][69][gc,age      ] GC(106) - age   2:     136688 bytes,    1245392 total
[2023-03-15T04:40:37.406+0000][69][gc,age      ] GC(106) - age   3:      22424 bytes,    1267816 total
[2023-03-15T04:40:37.407+0000][69][gc,age      ] GC(106) - age   4:     318968 bytes,    1586784 total
[2023-03-15T04:40:37.407+0000][69][gc,age      ] GC(106) - age   5:     193664 bytes,    1780448 total
[2023-03-15T04:40:37.408+0000][69][gc,age      ] GC(106) - age   6:     544512 bytes,    2324960 total
[2023-03-15T04:40:37.409+0000][69][gc,age      ] GC(106) - age   7:       2712 bytes,    2327672 total
[2023-03-15T04:40:37.409+0000][69][gc,age      ] GC(106) - age   8:       3672 bytes,    2331344 total
[2023-03-15T04:40:37.410+0000][69][gc,age      ] GC(106) - age   9:       8136 bytes,    2339480 total
[2023-03-15T04:40:37.411+0000][69][gc,age      ] GC(106) - age  10:       2592 bytes,    2342072 total
[2023-03-15T04:40:37.411+0000][69][gc,age      ] GC(106) - age  11:       1344 bytes,    2343416 total
[2023-03-15T04:40:37.412+0000][69][gc,age      ] GC(106) - age  12:      11672 bytes,    2355088 total
[2023-03-15T04:40:37.412+0000][69][gc,age      ] GC(106) - age  13:       5584 bytes,    2360672 total
[2023-03-15T04:40:37.413+0000][69][gc,age      ] GC(106) - age  14:       2728 bytes,    2363400 total
[2023-03-15T04:40:37.414+0000][69][gc,age      ] GC(106) - age  15:     178448 bytes,    2541848 total
[2023-03-15T04:40:37.414+0000][69][gc,heap     ] GC(106) Eden regions: 24->0(24)
[2023-03-15T04:40:37.415+0000][69][gc,heap     ] GC(106) Survivor regions: 1->1(4)
[2023-03-15T04:40:37.415+0000][69][gc,heap     ] GC(106) Old regions: 24->24
[2023-03-15T04:40:37.416+0000][69][gc,heap     ] GC(106) Archive regions: 2->2
[2023-03-15T04:40:37.417+0000][69][gc,heap     ] GC(106) Humongous regions: 2->2
[2023-03-15T04:40:37.418+0000][69][gc,metaspace] GC(106) Metaspace: 137092K(140608K)->137092K(140608K) NonClass: 119624K(120896K)->119624K(120896K) Class: 17468K(19712K)->17468K(19712K)
[2023-03-15T04:40:37.419+0000][69][gc          ] GC(106) Pause Young (Normal) (G1 Evacuation Pause) 204M->108M(256M) 29.195ms
[2023-03-15T04:40:37.419+0000][69][gc,cpu      ] GC(106) User=0.02s Sys=0.00s Real=0.03s
[2023-03-15T04:40:37.420+0000][69][safepoint   ] Safepoint "G1CollectForAllocation", Time since last: 1035467977 ns, Reaching safepoint: 133406 ns, At safepoint: 30321218 ns, Total: 30454624 ns
[2023-03-15T04:40:42.427+0000][69][safepoint   ] Safepoint "Cleanup", Time since last: 5006318868 ns, Reaching safepoint: 635598 ns, At safepoint: 17239 ns, Total: 652837 ns
[2023-03-15T04:40:43.431+0000][69][safepoint   ] Safepoint "Cleanup", Time since last: 1003645741 ns, Reaching safepoint: 243391 ns, At safepoint: 7264 ns, Total: 250655 ns
[2023-03-15T04:40:48.417+0000][69][safepoint   ] Safepoint "Cleanup", Time since last: 5006752085 ns, Reaching safepoint: 283520 ns, At safepoint: 13075 ns, Total: 296595 ns
[2023-03-15T04:40:52.424+0000][69][safepoint   ] Safepoint "Cleanup", Time since last: 4007042393 ns, Reaching safepoint: 220194 ns, At safepoint: 10424 ns, Total: 230618 ns
[2023-03-15T04:40:58.433+0000][69][safepoint   ] Safepoint "Cleanup", Time since last: 6009165700 ns, Reaching safepoint: 106421 ns, At safepoint: 6035 ns, Total: 112456 ns
[2023-03-15T04:40:59.435+0000][69][safepoint   ] Safepoint "Cleanup", Time since last: 1001174887 ns, Reaching safepoint: 640860 ns, At safepoint: 37829 ns, Total: 678689 ns
[2023-03-15T04:41:05.443+0000][69][safepoint   ] Safepoint "Cleanup", Time since last: 6007557258 ns, Reaching safepoint: 121072 ns, At safepoint: 16193 ns, Total: 137265 ns
[2023-03-15T04:41:06.445+0000][69][safepoint   ] Safepoint "Cleanup", Time since last: 1001229823 ns, Reaching safepoint: 606275 ns, At safepoint: 17653 ns, Total: 623928 ns
[2023-03-15T04:41:06.836+0000][69][gc,start    ] GC(107) Pause Young (Concurrent Start) (G1 Evacuation Pause)
[2023-03-15T04:41:06.838+0000][69][gc,task     ] GC(107) Using 4 workers of 4 for evacuation
[2023-03-15T04:41:06.839+0000][69][gc,age      ] GC(107) Desired survivor size 8388608 bytes, new threshold 15 (max threshold 15)
[2023-03-15T04:41:06.846+0000][69][gc,phases   ] GC(107)   Pre Evacuate Collection Set: 0.7ms
[2023-03-15T04:41:06.846+0000][69][gc,phases   ] GC(107)   Merge Heap Roots: 0.2ms
[2023-03-15T04:41:06.847+0000][69][gc,phases   ] GC(107)   Evacuate Collection Set: 2.9ms
[2023-03-15T04:41:06.848+0000][69][gc,phases   ] GC(107)   Post Evacuate Collection Set: 1.2ms
[2023-03-15T04:41:06.849+0000][69][gc,phases   ] GC(107)   Other: 2.9ms
[2023-03-15T04:41:06.850+0000][69][gc,age      ] GC(107) Age table with threshold 15 (max threshold 15)
[2023-03-15T04:41:06.850+0000][69][gc,age      ] GC(107) - age   1:     358304 bytes,     358304 total
[2023-03-15T04:41:06.851+0000][69][gc,age      ] GC(107) - age   2:       3120 bytes,     361424 total
[2023-03-15T04:41:06.852+0000][69][gc,age      ] GC(107) - age   3:       3344 bytes,     364768 total
[2023-03-15T04:41:06.852+0000][69][gc,age      ] GC(107) - age   4:      22360 bytes,     387128 total
[2023-03-15T04:41:06.853+0000][69][gc,age      ] GC(107) - age   5:     318352 bytes,     705480 total
[2023-03-15T04:41:06.854+0000][69][gc,age      ] GC(107) - age   6:     193664 bytes,     899144 total
[2023-03-15T04:41:06.855+0000][69][gc,age      ] GC(107) - age   7:     501848 bytes,    1400992 total
[2023-03-15T04:41:06.855+0000][69][gc,age      ] GC(107) - age   8:       2712 bytes,    1403704 total
[2023-03-15T04:41:06.857+0000][69][gc,age      ] GC(107) - age   9:       3672 bytes,    1407376 total
[2023-03-15T04:41:06.857+0000][69][gc,age      ] GC(107) - age  10:       8136 bytes,    1415512 total
[2023-03-15T04:41:06.858+0000][69][gc,age      ] GC(107) - age  11:       2592 bytes,    1418104 total
[2023-03-15T04:41:06.858+0000][69][gc,age      ] GC(107) - age  12:       1344 bytes,    1419448 total
[2023-03-15T04:41:06.859+0000][69][gc,age      ] GC(107) - age  13:      11672 bytes,    1431120 total
[2023-03-15T04:41:06.860+0000][69][gc,age      ] GC(107) - age  14:       5584 bytes,    1436704 total
[2023-03-15T04:41:06.860+0000][69][gc,age      ] GC(107) - age  15:       2728 bytes,    1439432 total
[2023-03-15T04:41:06.861+0000][69][gc,heap     ] GC(107) Eden regions: 24->0(24)
[2023-03-15T04:41:06.862+0000][69][gc,heap     ] GC(107) Survivor regions: 1->1(4)
[2023-03-15T04:41:06.862+0000][69][gc,heap     ] GC(107) Old regions: 24->24
[2023-03-15T04:41:06.863+0000][69][gc,heap     ] GC(107) Archive regions: 2->2
[2023-03-15T04:41:06.863+0000][69][gc,heap     ] GC(107) Humongous regions: 2->2
[2023-03-15T04:41:06.864+0000][69][gc,metaspace] GC(107) Metaspace: 137097K(140608K)->137097K(140608K) NonClass: 119629K(120896K)->119629K(120896K) Class: 17468K(19712K)->17468K(19712K)
[2023-03-15T04:41:06.864+0000][69][gc          ] GC(107) Pause Young (Concurrent Start) (G1 Evacuation Pause) 204M->107M(256M) 28.459ms
[2023-03-15T04:41:06.865+0000][69][gc          ] GC(108) Concurrent Mark Cycle
[2023-03-15T04:41:06.865+0000][69][gc,marking  ] GC(108) Concurrent Clear Claimed Marks
[2023-03-15T04:41:06.865+0000][69][gc,cpu      ] GC(107) User=0.01s Sys=0.00s Real=0.03s
[2023-03-15T04:41:06.866+0000][69][gc,marking  ] GC(108) Concurrent Clear Claimed Marks 0.828ms
[2023-03-15T04:41:06.867+0000][69][gc,marking  ] GC(108) Concurrent Scan Root Regions
[2023-03-15T04:41:06.869+0000][69][gc,marking  ] GC(108) Concurrent Scan Root Regions 2.476ms
[2023-03-15T04:41:06.870+0000][69][gc,marking  ] GC(108) Concurrent Mark
[2023-03-15T04:41:06.871+0000][69][gc,marking  ] GC(108) Concurrent Mark From Roots
[2023-03-15T04:41:06.871+0000][69][gc,task     ] GC(108) Using 1 workers of 1 for marking
[2023-03-15T04:41:06.866+0000][69][safepoint   ] Safepoint "G1CollectForAllocation", Time since last: 391066482 ns, Reaching safepoint: 163584 ns, At safepoint: 30574059 ns, Total: 30737643 ns
[2023-03-15T04:41:06.972+0000][69][gc,marking  ] GC(108) Concurrent Mark From Roots 101.333ms
[2023-03-15T04:41:06.973+0000][69][gc,marking  ] GC(108) Concurrent Preclean
[2023-03-15T04:41:06.974+0000][69][gc,marking  ] GC(108) Concurrent Preclean 1.234ms
[2023-03-15T04:41:06.975+0000][69][gc,start    ] GC(108) Pause Remark
[2023-03-15T04:41:06.984+0000][69][gc          ] GC(108) Pause Remark 107M->107M(256M) 9.257ms
[2023-03-15T04:41:06.985+0000][69][gc,cpu      ] GC(108) User=0.03s Sys=0.00s Real=0.01s
[2023-03-15T04:41:06.986+0000][69][safepoint   ] Safepoint "G1PauseRemark", Time since last: 108522661 ns, Reaching safepoint: 177984 ns, At safepoint: 10893476 ns, Total: 11071460 ns
[2023-03-15T04:41:06.987+0000][69][gc,marking  ] GC(108) Concurrent Mark 116.572ms
[2023-03-15T04:41:06.987+0000][69][gc,marking  ] GC(108) Concurrent Rebuild Remembered Sets
[2023-03-15T04:41:07.036+0000][69][gc,marking  ] GC(108) Concurrent Rebuild Remembered Sets 49.212ms
[2023-03-15T04:41:07.037+0000][69][gc,start    ] GC(108) Pause Cleanup
[2023-03-15T04:41:07.038+0000][69][gc          ] GC(108) Pause Cleanup 107M->107M(256M) 0.850ms
[2023-03-15T04:41:07.039+0000][69][gc,cpu      ] GC(108) User=0.00s Sys=0.00s Real=0.00s
[2023-03-15T04:41:07.039+0000][69][safepoint   ] Safepoint "G1PauseCleanup", Time since last: 51167401 ns, Reaching safepoint: 122835 ns, At safepoint: 2110853 ns, Total: 2233688 ns
[2023-03-15T04:41:07.040+0000][69][gc,marking  ] GC(108) Concurrent Cleanup for Next Mark
[2023-03-15T04:41:07.041+0000][69][gc,marking  ] GC(108) Concurrent Cleanup for Next Mark 0.750ms
[2023-03-15T04:41:07.042+0000][69][gc          ] GC(108) Concurrent Mark Cycle 176.872ms
[2023-03-15T04:41:11.048+0000][69][safepoint   ] Safepoint "Cleanup", Time since last: 4007539369 ns, Reaching safepoint: 486872 ns, At safepoint: 15306 ns, Total: 502178 ns
[2023-03-15T04:41:16.059+0000][69][safepoint   ] Safepoint "Cleanup", Time since last: 5010456499 ns, Reaching safepoint: 546978 ns, At safepoint: 13139 ns, Total: 560117 ns
[2023-03-15T04:41:18.042+0000][69][safepoint   ] Safepoint "Cleanup", Time since last: 2004245750 ns, Reaching safepoint: 345798 ns, At safepoint: 13729 ns, Total: 359527 ns
[2023-03-15T04:41:29.063+0000][69][safepoint   ] Safepoint "Cleanup", Time since last: 11019709812 ns, Reaching safepoint: 551397 ns, At safepoint: 36701 ns, Total: 588098 ns
[2023-03-15T04:41:30.067+0000][69][safepoint   ] Safepoint "Cleanup", Time since last: 1003845581 ns, Reaching safepoint: 343481 ns, At safepoint: 14225 ns, Total: 357706 ns
[2023-03-15T04:41:32.072+0000][69][safepoint   ] Safepoint "Cleanup", Time since last: 2005063356 ns, Reaching safepoint: 427830 ns, At safepoint: 13027 ns, Total: 440857 ns
[2023-03-15T04:41:35.078+0000][69][safepoint   ] Safepoint "Cleanup", Time since last: 3005185499 ns, Reaching safepoint: 270787 ns, At safepoint: 13559 ns, Total: 284346 ns
[2023-03-15T04:41:40.696+0000][69][gc,start    ] GC(109) Pause Young (Normal) (G1 Evacuation Pause)
[2023-03-15T04:41:40.696+0000][69][gc,task     ] GC(109) Using 4 workers of 4 for evacuation
[2023-03-15T04:41:40.697+0000][69][gc,age      ] GC(109) Desired survivor size 8388608 bytes, new threshold 15 (max threshold 15)
[2023-03-15T04:41:40.700+0000][69][gc,phases   ] GC(109)   Pre Evacuate Collection Set: 0.1ms
[2023-03-15T04:41:40.701+0000][69][gc,phases   ] GC(109)   Merge Heap Roots: 0.1ms
[2023-03-15T04:41:40.701+0000][69][gc,phases   ] GC(109)   Evacuate Collection Set: 1.3ms
[2023-03-15T04:41:40.702+0000][69][gc,phases   ] GC(109)   Post Evacuate Collection Set: 0.9ms
[2023-03-15T04:41:40.702+0000][69][gc,phases   ] GC(109)   Other: 1.5ms
[2023-03-15T04:41:40.703+0000][69][gc,age      ] GC(109) Age table with threshold 15 (max threshold 15)
[2023-03-15T04:41:40.703+0000][69][gc,age      ] GC(109) - age   1:     492312 bytes,     492312 total
[2023-03-15T04:41:40.703+0000][69][gc,age      ] GC(109) - age   2:     139480 bytes,     631792 total
[2023-03-15T04:41:40.704+0000][69][gc,age      ] GC(109) - age   3:       2096 bytes,     633888 total
[2023-03-15T04:41:40.704+0000][69][gc,age      ] GC(109) - age   4:       3184 bytes,     637072 total
[2023-03-15T04:41:40.705+0000][69][gc,age      ] GC(109) - age   5:      22232 bytes,     659304 total
[2023-03-15T04:41:40.705+0000][69][gc,age      ] GC(109) - age   6:     318352 bytes,     977656 total
[2023-03-15T04:41:40.706+0000][69][gc,age      ] GC(109) - age   7:     193528 bytes,    1171184 total
[2023-03-15T04:41:40.706+0000][69][gc,age      ] GC(109) - age   8:     501488 bytes,    1672672 total
[2023-03-15T04:41:40.706+0000][69][gc,age      ] GC(109) - age   9:       2712 bytes,    1675384 total
[2023-03-15T04:41:40.707+0000][69][gc,age      ] GC(109) - age  10:       3672 bytes,    1679056 total
[2023-03-15T04:41:40.707+0000][69][gc,age      ] GC(109) - age  11:        120 bytes,    1679176 total
[2023-03-15T04:41:40.708+0000][69][gc,age      ] GC(109) - age  12:       2592 bytes,    1681768 total
[2023-03-15T04:41:40.708+0000][69][gc,age      ] GC(109) - age  13:       1344 bytes,    1683112 total
[2023-03-15T04:41:40.709+0000][69][gc,age      ] GC(109) - age  14:      11672 bytes,    1694784 total
[2023-03-15T04:41:40.709+0000][69][gc,age      ] GC(109) - age  15:       5584 bytes,    1700368 total
[2023-03-15T04:41:40.710+0000][69][gc,heap     ] GC(109) Eden regions: 24->0(24)
[2023-03-15T04:41:40.710+0000][69][gc,heap     ] GC(109) Survivor regions: 1->1(4)
[2023-03-15T04:41:40.711+0000][69][gc,heap     ] GC(109) Old regions: 24->24
[2023-03-15T04:41:40.711+0000][69][gc,heap     ] GC(109) Archive regions: 2->2
[2023-03-15T04:41:40.712+0000][69][gc,heap     ] GC(109) Humongous regions: 2->2
[2023-03-15T04:41:40.712+0000][69][gc,metaspace] GC(109) Metaspace: 137102K(140608K)->137102K(140608K) NonClass: 119633K(120896K)->119633K(120896K) Class: 17468K(19712K)->17468K(19712K)
[2023-03-15T04:41:40.713+0000][69][gc          ] GC(109) Pause Young (Normal) (G1 Evacuation Pause) 203M->107M(256M) 17.354ms
[2023-03-15T04:41:40.713+0000][69][gc,cpu      ] GC(109) User=0.01s Sys=0.00s Real=0.02s
[2023-03-15T04:41:40.714+0000][69][safepoint   ] Safepoint "G1CollectForAllocation", Time since last: 5617750682 ns, Reaching safepoint: 92308 ns, At safepoint: 18354359 ns, Total: 18446667 ns
[2023-03-15T04:41:43.718+0000][69][safepoint   ] Safepoint "Cleanup", Time since last: 3003902012 ns, Reaching safepoint: 561672 ns, At safepoint: 13490 ns, Total: 575162 ns
[2023-03-15T04:41:46.704+0000][69][safepoint   ] Safepoint "Cleanup", Time since last: 3005131199 ns, Reaching safepoint: 252423 ns, At safepoint: 6365 ns, Total: 258788 ns
[2023-03-15T04:41:58.721+0000][69][safepoint   ] Safepoint "Cleanup", Time since last: 12016380057 ns, Reaching safepoint: 247809 ns, At safepoint: 36636 ns, Total: 284445 ns
[2023-03-15T04:41:59.724+0000][69][safepoint   ] Safepoint "Cleanup", Time since last: 1002247935 ns, Reaching safepoint: 666335 ns, At safepoint: 42698 ns, Total: 709033 ns
[2023-03-15T04:42:02.730+0000][69][safepoint   ] Safepoint "Cleanup", Time since last: 3005853028 ns, Reaching safepoint: 810827 ns, At safepoint: 59090 ns, Total: 869917 ns
[2023-03-15T04:42:04.736+0000][69][safepoint   ] Safepoint "Cleanup", Time since last: 2005211664 ns, Reaching safepoint: 523451 ns, At safepoint: 98930 ns, Total: 622381 ns
[2023-03-15T04:42:05.740+0000][69][safepoint   ] Safepoint "Cleanup", Time since last: 1002922618 ns, Reaching safepoint: 713520 ns, At safepoint: 18158 ns, Total: 731678 ns
[2023-03-15T04:42:07.744+0000][69][safepoint   ] Safepoint "Cleanup", Time since last: 2004019233 ns, Reaching safepoint: 454512 ns, At safepoint: 12930 ns, Total: 467442 ns
[2023-03-15T04:42:10.754+0000][69][safepoint   ] Safepoint "Cleanup", Time since last: 3009072045 ns, Reaching safepoint: 366695 ns, At safepoint: 22802 ns, Total: 389497 ns
[2023-03-15T04:42:16.592+0000][69][gc,start    ] GC(110) Pause Young (Concurrent Start) (G1 Evacuation Pause)
[2023-03-15T04:42:16.593+0000][69][gc,task     ] GC(110) Using 4 workers of 4 for evacuation
[2023-03-15T04:42:16.593+0000][69][gc,age      ] GC(110) Desired survivor size 8388608 bytes, new threshold 15 (max threshold 15)
[2023-03-15T04:42:16.598+0000][69][gc,phases   ] GC(110)   Pre Evacuate Collection Set: 0.4ms
[2023-03-15T04:42:16.599+0000][69][gc,phases   ] GC(110)   Merge Heap Roots: 0.1ms
[2023-03-15T04:42:16.599+0000][69][gc,phases   ] GC(110)   Evacuate Collection Set: 3.1ms
[2023-03-15T04:42:16.599+0000][69][gc,phases   ] GC(110)   Post Evacuate Collection Set: 0.8ms
[2023-03-15T04:42:16.600+0000][69][gc,phases   ] GC(110)   Other: 1.0ms
[2023-03-15T04:42:16.600+0000][69][gc,age      ] GC(110) Age table with threshold 15 (max threshold 15)
[2023-03-15T04:42:16.600+0000][69][gc,age      ] GC(110) - age   1:     967352 bytes,     967352 total
[2023-03-15T04:42:16.601+0000][69][gc,age      ] GC(110) - age   2:     133232 bytes,    1100584 total
[2023-03-15T04:42:16.601+0000][69][gc,age      ] GC(110) - age   3:       1448 bytes,    1102032 total
[2023-03-15T04:42:16.601+0000][69][gc,age      ] GC(110) - age   4:       1776 bytes,    1103808 total
[2023-03-15T04:42:16.602+0000][69][gc,age      ] GC(110) - age   5:       2944 bytes,    1106752 total
[2023-03-15T04:42:16.602+0000][69][gc,age      ] GC(110) - age   6:      21936 bytes,    1128688 total
[2023-03-15T04:42:16.602+0000][69][gc,age      ] GC(110) - age   7:     318064 bytes,    1446752 total
[2023-03-15T04:42:16.603+0000][69][gc,age      ] GC(110) - age   8:     193528 bytes,    1640280 total
[2023-03-15T04:42:16.603+0000][69][gc,age      ] GC(110) - age   9:     501488 bytes,    2141768 total
[2023-03-15T04:42:16.603+0000][69][gc,age      ] GC(110) - age  10:       2712 bytes,    2144480 total
[2023-03-15T04:42:16.604+0000][69][gc,age      ] GC(110) - age  11:       3672 bytes,    2148152 total
[2023-03-15T04:42:16.604+0000][69][gc,age      ] GC(110) - age  12:        120 bytes,    2148272 total
[2023-03-15T04:42:16.605+0000][69][gc,age      ] GC(110) - age  13:       2592 bytes,    2150864 total
[2023-03-15T04:42:16.605+0000][69][gc,age      ] GC(110) - age  14:       1344 bytes,    2152208 total
[2023-03-15T04:42:16.605+0000][69][gc,age      ] GC(110) - age  15:      11672 bytes,    2163880 total
[2023-03-15T04:42:16.606+0000][69][gc,heap     ] GC(110) Eden regions: 24->0(24)
[2023-03-15T04:42:16.606+0000][69][gc,heap     ] GC(110) Survivor regions: 1->1(4)
[2023-03-15T04:42:16.607+0000][69][gc,heap     ] GC(110) Old regions: 24->24
[2023-03-15T04:42:16.607+0000][69][gc,heap     ] GC(110) Archive regions: 2->2
[2023-03-15T04:42:16.607+0000][69][gc,heap     ] GC(110) Humongous regions: 2->2
[2023-03-15T04:42:16.607+0000][69][gc,metaspace] GC(110) Metaspace: 137132K(140608K)->137132K(140608K) NonClass: 119663K(120896K)->119663K(120896K) Class: 17468K(19712K)->17468K(19712K)
[2023-03-15T04:42:16.608+0000][69][gc          ] GC(110) Pause Young (Concurrent Start) (G1 Evacuation Pause) 203M->108M(256M) 15.664ms
[2023-03-15T04:42:16.608+0000][69][gc,cpu      ] GC(110) User=0.00s Sys=0.01s Real=0.02s
[2023-03-15T04:42:16.609+0000][69][safepoint   ] Safepoint "G1CollectForAllocation", Time since last: 5860990252 ns, Reaching safepoint: 162268 ns, At safepoint: 16439657 ns, Total: 16601925 ns
[2023-03-15T04:42:16.608+0000][69][gc          ] GC(111) Concurrent Mark Cycle
[2023-03-15T04:42:16.609+0000][69][gc,marking  ] GC(111) Concurrent Clear Claimed Marks
[2023-03-15T04:42:16.610+0000][69][gc,marking  ] GC(111) Concurrent Clear Claimed Marks 0.689ms
[2023-03-15T04:42:16.611+0000][69][gc,marking  ] GC(111) Concurrent Scan Root Regions
[2023-03-15T04:42:16.613+0000][69][gc,marking  ] GC(111) Concurrent Scan Root Regions 2.791ms
[2023-03-15T04:42:16.614+0000][69][gc,marking  ] GC(111) Concurrent Mark
[2023-03-15T04:42:16.615+0000][69][gc,marking  ] GC(111) Concurrent Mark From Roots
[2023-03-15T04:42:16.615+0000][69][gc,task     ] GC(111) Using 1 workers of 1 for marking
[2023-03-15T04:42:16.720+0000][69][gc,marking  ] GC(111) Concurrent Mark From Roots 104.998ms
[2023-03-15T04:42:16.721+0000][69][gc,marking  ] GC(111) Concurrent Preclean
[2023-03-15T04:42:16.721+0000][69][gc,marking  ] GC(111) Concurrent Preclean 0.934ms
[2023-03-15T04:42:16.722+0000][69][gc,start    ] GC(111) Pause Remark
[2023-03-15T04:42:16.733+0000][69][gc          ] GC(111) Pause Remark 113M->113M(256M) 11.249ms
[2023-03-15T04:42:16.734+0000][69][gc,cpu      ] GC(111) User=0.03s Sys=0.00s Real=0.01s
[2023-03-15T04:42:16.735+0000][69][safepoint   ] Safepoint "G1PauseRemark", Time since last: 113248069 ns, Reaching safepoint: 80387 ns, At safepoint: 12683652 ns, Total: 12764039 ns
[2023-03-15T04:42:16.735+0000][69][gc,marking  ] GC(111) Concurrent Mark 121.090ms
[2023-03-15T04:42:16.736+0000][69][gc,marking  ] GC(111) Concurrent Rebuild Remembered Sets
[2023-03-15T04:42:16.785+0000][69][gc,marking  ] GC(111) Concurrent Rebuild Remembered Sets 49.522ms
[2023-03-15T04:42:16.786+0000][69][gc,start    ] GC(111) Pause Cleanup
[2023-03-15T04:42:16.787+0000][69][gc          ] GC(111) Pause Cleanup 113M->113M(256M) 0.627ms
[2023-03-15T04:42:16.787+0000][69][gc,cpu      ] GC(111) User=0.00s Sys=0.00s Real=0.00s
[2023-03-15T04:42:16.788+0000][69][safepoint   ] Safepoint "G1PauseCleanup", Time since last: 51319618 ns, Reaching safepoint: 62336 ns, At safepoint: 1736187 ns, Total: 1798523 ns
[2023-03-15T04:42:16.788+0000][69][gc,marking  ] GC(111) Concurrent Cleanup for Next Mark
[2023-03-15T04:42:16.789+0000][69][gc,marking  ] GC(111) Concurrent Cleanup for Next Mark 0.847ms
[2023-03-15T04:42:16.789+0000][69][gc          ] GC(111) Concurrent Mark Cycle 181.187ms
[2023-03-15T04:42:19.790+0000][69][safepoint   ] Safepoint "Cleanup", Time since last: 3002307832 ns, Reaching safepoint: 340596 ns, At safepoint: 12633 ns, Total: 353229 ns
[2023-03-15T04:42:21.796+0000][69][safepoint   ] Safepoint "Cleanup", Time since last: 2005256760 ns, Reaching safepoint: 489056 ns, At safepoint: 13253 ns, Total: 502309 ns
[2023-03-15T04:42:22.801+0000][69][safepoint   ] Safepoint "Cleanup", Time since last: 1005188055 ns, Reaching safepoint: 71627 ns, At safepoint: 3996 ns, Total: 75623 ns
[2023-03-15T04:42:25.807+0000][69][safepoint   ] Safepoint "Cleanup", Time since last: 3004813236 ns, Reaching safepoint: 315292 ns, At safepoint: 10053 ns, Total: 325345 ns
[2023-03-15T04:42:30.817+0000][69][safepoint   ] Safepoint "Cleanup", Time since last: 5010281270 ns, Reaching safepoint: 478131 ns, At safepoint: 49742 ns, Total: 527873 ns
[2023-03-15T04:42:31.822+0000][69][safepoint   ] Safepoint "Cleanup", Time since last: 1004242466 ns, Reaching safepoint: 403383 ns, At safepoint: 15931 ns, Total: 419314 ns
[2023-03-15T04:42:32.825+0000][69][safepoint   ] Safepoint "Cleanup", Time since last: 1002916018 ns, Reaching safepoint: 280877 ns, At safepoint: 13496 ns, Total: 294373 ns
[2023-03-15T04:42:34.831+0000][69][safepoint   ] Safepoint "Cleanup", Time since last: 2005307833 ns, Reaching safepoint: 135091 ns, At safepoint: 35343 ns, Total: 170434 ns
[2023-03-15T04:42:37.835+0000][69][safepoint   ] Safepoint "Cleanup", Time since last: 3003572128 ns, Reaching safepoint: 882466 ns, At safepoint: 80506 ns, Total: 962972 ns
[2023-03-15T04:42:43.847+0000][69][safepoint   ] Safepoint "Cleanup", Time since last: 6011174836 ns, Reaching safepoint: 252551 ns, At safepoint: 12228 ns, Total: 264779 ns
[2023-03-15T04:42:46.558+0000][69][gc,start    ] GC(112) Pause Young (Normal) (G1 Evacuation Pause)
[2023-03-15T04:42:46.558+0000][69][gc,task     ] GC(112) Using 4 workers of 4 for evacuation
[2023-03-15T04:42:46.559+0000][69][gc,age      ] GC(112) Desired survivor size 8388608 bytes, new threshold 15 (max threshold 15)
[2023-03-15T04:42:46.563+0000][69][gc,phases   ] GC(112)   Pre Evacuate Collection Set: 0.0ms
[2023-03-15T04:42:46.563+0000][69][gc,phases   ] GC(112)   Merge Heap Roots: 0.1ms
[2023-03-15T04:42:46.564+0000][69][gc,phases   ] GC(112)   Evacuate Collection Set: 2.0ms
[2023-03-15T04:42:46.564+0000][69][gc,phases   ] GC(112)   Post Evacuate Collection Set: 1.0ms
[2023-03-15T04:42:46.565+0000][69][gc,phases   ] GC(112)   Other: 1.0ms
[2023-03-15T04:42:46.565+0000][69][gc,age      ] GC(112) Age table with threshold 15 (max threshold 15)
[2023-03-15T04:42:46.565+0000][69][gc,age      ] GC(112) - age   1:    1257624 bytes,    1257624 total
[2023-03-15T04:42:46.566+0000][69][gc,age      ] GC(112) - age   2:     150032 bytes,    1407656 total
[2023-03-15T04:42:46.566+0000][69][gc,age      ] GC(112) - age   3:       2968 bytes,    1410624 total
[2023-03-15T04:42:46.567+0000][69][gc,age      ] GC(112) - age   4:       1320 bytes,    1411944 total
[2023-03-15T04:42:46.567+0000][69][gc,age      ] GC(112) - age   5:       1712 bytes,    1413656 total
[2023-03-15T04:42:46.567+0000][69][gc,age      ] GC(112) - age   6:       2944 bytes,    1416600 total
[2023-03-15T04:42:46.568+0000][69][gc,age      ] GC(112) - age   7:      21936 bytes,    1438536 total
[2023-03-15T04:42:46.568+0000][69][gc,age      ] GC(112) - age   8:     318064 bytes,    1756600 total
[2023-03-15T04:42:46.569+0000][69][gc,age      ] GC(112) - age   9:     193528 bytes,    1950128 total
[2023-03-15T04:42:46.569+0000][69][gc,age      ] GC(112) - age  10:     501488 bytes,    2451616 total
[2023-03-15T04:42:46.570+0000][69][gc,age      ] GC(112) - age  11:       2712 bytes,    2454328 total
[2023-03-15T04:42:46.570+0000][69][gc,age      ] GC(112) - age  12:       3672 bytes,    2458000 total
[2023-03-15T04:42:46.570+0000][69][gc,age      ] GC(112) - age  13:        120 bytes,    2458120 total
[2023-03-15T04:42:46.571+0000][69][gc,age      ] GC(112) - age  14:       2592 bytes,    2460712 total
[2023-03-15T04:42:46.571+0000][69][gc,age      ] GC(112) - age  15:       1344 bytes,    2462056 total
[2023-03-15T04:42:46.572+0000][69][gc,heap     ] GC(112) Eden regions: 24->0(24)
[2023-03-15T04:42:46.572+0000][69][gc,heap     ] GC(112) Survivor regions: 1->1(4)
[2023-03-15T04:42:46.573+0000][69][gc,heap     ] GC(112) Old regions: 24->24
[2023-03-15T04:42:46.573+0000][69][gc,heap     ] GC(112) Archive regions: 2->2
[2023-03-15T04:42:46.574+0000][69][gc,heap     ] GC(112) Humongous regions: 2->2
[2023-03-15T04:42:46.575+0000][69][gc,metaspace] GC(112) Metaspace: 137135K(140608K)->137135K(140608K) NonClass: 119666K(120896K)->119666K(120896K) Class: 17468K(19712K)->17468K(19712K)
[2023-03-15T04:42:46.575+0000][69][gc          ] GC(112) Pause Young (Normal) (G1 Evacuation Pause) 204M->108M(256M) 17.126ms
[2023-03-15T04:42:46.575+0000][69][gc,cpu      ] GC(112) User=0.00s Sys=0.01s Real=0.02s
[2023-03-15T04:42:46.576+0000][69][safepoint   ] Safepoint "G1CollectForAllocation", Time since last: 2733722229 ns, Reaching safepoint: 61864 ns, At safepoint: 18264569 ns, Total: 18326433 ns
[2023-03-15T04:42:48.577+0000][69][safepoint   ] Safepoint "Cleanup", Time since last: 2000905480 ns, Reaching safepoint: 184452 ns, At safepoint: 8153 ns, Total: 192605 ns
[2023-03-15T04:42:49.579+0000][69][safepoint   ] Safepoint "Cleanup", Time since last: 1001114098 ns, Reaching safepoint: 779738 ns, At safepoint: 221130 ns, Total: 1000868 ns
[2023-03-15T04:42:59.597+0000][69][safepoint   ] Safepoint "Cleanup", Time since last: 10017065909 ns, Reaching safepoint: 474415 ns, At safepoint: 45939 ns, Total: 520354 ns
[2023-03-15T04:43:01.608+0000][69][safepoint   ] Safepoint "Cleanup", Time since last: 2011366912 ns, Reaching safepoint: 148797 ns, At safepoint: 12335 ns, Total: 161132 ns
[2023-03-15T04:43:03.614+0000][69][safepoint   ] Safepoint "Cleanup", Time since last: 2005356316 ns, Reaching safepoint: 587067 ns, At safepoint: 44071 ns, Total: 631138 ns
[2023-03-15T04:43:04.618+0000][69][safepoint   ] Safepoint "Cleanup", Time since last: 1003311646 ns, Reaching safepoint: 151172 ns, At safepoint: 4996 ns, Total: 156168 ns
[2023-03-15T04:43:05.620+0000][69][safepoint   ] Safepoint "Cleanup", Time since last: 1001149430 ns, Reaching safepoint: 519492 ns, At safepoint: 13028 ns, Total: 532520 ns
[2023-03-15T04:43:07.626+0000][69][safepoint   ] Safepoint "Cleanup", Time since last: 2006347859 ns, Reaching safepoint: 538536 ns, At safepoint: 15237 ns, Total: 553773 ns
[2023-03-15T04:43:08.631+0000][69][safepoint   ] Safepoint "Cleanup", Time since last: 1004095613 ns, Reaching safepoint: 657375 ns, At safepoint: 90763 ns, Total: 748138 ns
[2023-03-15T04:43:16.626+0000][69][safepoint   ] Safepoint "Cleanup", Time since last: 8014577112 ns, Reaching safepoint: 341867 ns, At safepoint: 36344 ns, Total: 378211 ns
[2023-03-15T04:43:16.662+0000][69][gc,start    ] GC(113) Pause Young (Concurrent Start) (G1 Evacuation Pause)
[2023-03-15T04:43:16.663+0000][69][gc,task     ] GC(113) Using 4 workers of 4 for evacuation
[2023-03-15T04:43:16.663+0000][69][gc,age      ] GC(113) Desired survivor size 8388608 bytes, new threshold 15 (max threshold 15)
[2023-03-15T04:43:16.669+0000][69][gc,phases   ] GC(113)   Pre Evacuate Collection Set: 0.4ms
[2023-03-15T04:43:16.670+0000][69][gc,phases   ] GC(113)   Merge Heap Roots: 0.1ms
[2023-03-15T04:43:16.671+0000][69][gc,phases   ] GC(113)   Evacuate Collection Set: 3.6ms
[2023-03-15T04:43:16.671+0000][69][gc,phases   ] GC(113)   Post Evacuate Collection Set: 0.9ms
[2023-03-15T04:43:16.672+0000][69][gc,phases   ] GC(113)   Other: 1.8ms
[2023-03-15T04:43:16.672+0000][69][gc,age      ] GC(113) Age table with threshold 15 (max threshold 15)
[2023-03-15T04:43:16.673+0000][69][gc,age      ] GC(113) - age   1:    1914064 bytes,    1914064 total
[2023-03-15T04:43:16.673+0000][69][gc,age      ] GC(113) - age   2:     132248 bytes,    2046312 total
[2023-03-15T04:43:16.674+0000][69][gc,age      ] GC(113) - age   3:       3008 bytes,    2049320 total
[2023-03-15T04:43:16.674+0000][69][gc,age      ] GC(113) - age   4:       2672 bytes,    2051992 total
[2023-03-15T04:43:16.675+0000][69][gc,age      ] GC(113) - age   5:       1320 bytes,    2053312 total
[2023-03-15T04:43:16.675+0000][69][gc,age      ] GC(113) - age   6:       1712 bytes,    2055024 total
[2023-03-15T04:43:16.676+0000][69][gc,age      ] GC(113) - age   7:       2944 bytes,    2057968 total
[2023-03-15T04:43:16.677+0000][69][gc,age      ] GC(113) - age   8:      21936 bytes,    2079904 total
[2023-03-15T04:43:16.677+0000][69][gc,age      ] GC(113) - age   9:     318064 bytes,    2397968 total
[2023-03-15T04:43:16.678+0000][69][gc,age      ] GC(113) - age  10:     193528 bytes,    2591496 total
[2023-03-15T04:43:16.678+0000][69][gc,age      ] GC(113) - age  11:     501232 bytes,    3092728 total
[2023-03-15T04:43:16.679+0000][69][gc,age      ] GC(113) - age  12:       2712 bytes,    3095440 total
[2023-03-15T04:43:16.679+0000][69][gc,age      ] GC(113) - age  13:       3672 bytes,    3099112 total
[2023-03-15T04:43:16.680+0000][69][gc,age      ] GC(113) - age  14:        120 bytes,    3099232 total
[2023-03-15T04:43:16.680+0000][69][gc,age      ] GC(113) - age  15:       2592 bytes,    3101824 total
[2023-03-15T04:43:16.681+0000][69][gc,heap     ] GC(113) Eden regions: 24->0(24)
[2023-03-15T04:43:16.681+0000][69][gc,heap     ] GC(113) Survivor regions: 1->1(4)
[2023-03-15T04:43:16.682+0000][69][gc,heap     ] GC(113) Old regions: 24->24
[2023-03-15T04:43:16.682+0000][69][gc,heap     ] GC(113) Archive regions: 2->2
[2023-03-15T04:43:16.683+0000][69][gc,heap     ] GC(113) Humongous regions: 2->2
[2023-03-15T04:43:16.684+0000][69][gc,metaspace] GC(113) Metaspace: 137144K(140608K)->137144K(140608K) NonClass: 119675K(120896K)->119675K(120896K) Class: 17468K(19712K)->17468K(19712K)
[2023-03-15T04:43:16.684+0000][69][gc          ] GC(113) Pause Young (Concurrent Start) (G1 Evacuation Pause) 204M->109M(256M) 22.310ms
[2023-03-15T04:43:16.685+0000][69][gc          ] GC(114) Concurrent Mark Cycle
[2023-03-15T04:43:16.685+0000][69][gc,marking  ] GC(114) Concurrent Clear Claimed Marks
[2023-03-15T04:43:16.685+0000][69][gc,cpu      ] GC(113) User=0.01s Sys=0.00s Real=0.03s
[2023-03-15T04:43:16.686+0000][69][gc,marking  ] GC(114) Concurrent Clear Claimed Marks 0.729ms
[2023-03-15T04:43:16.687+0000][69][gc,marking  ] GC(114) Concurrent Scan Root Regions
[2023-03-15T04:43:16.686+0000][69][safepoint   ] Safepoint "G1CollectForAllocation", Time since last: 35308969 ns, Reaching safepoint: 49122 ns, At safepoint: 24750431 ns, Total: 24799553 ns
[2023-03-15T04:43:16.691+0000][69][gc,marking  ] GC(114) Concurrent Scan Root Regions 3.703ms
[2023-03-15T04:43:16.692+0000][69][gc,marking  ] GC(114) Concurrent Mark
[2023-03-15T04:43:16.692+0000][69][gc,marking  ] GC(114) Concurrent Mark From Roots
[2023-03-15T04:43:16.693+0000][69][gc,task     ] GC(114) Using 1 workers of 1 for marking
[2023-03-15T04:43:16.823+0000][69][gc,marking  ] GC(114) Concurrent Mark From Roots 130.927ms
[2023-03-15T04:43:16.824+0000][69][gc,marking  ] GC(114) Concurrent Preclean
[2023-03-15T04:43:16.825+0000][69][gc,marking  ] GC(114) Concurrent Preclean 0.629ms
[2023-03-15T04:43:16.825+0000][69][gc,start    ] GC(114) Pause Remark
[2023-03-15T04:43:16.836+0000][69][gc          ] GC(114) Pause Remark 114M->114M(256M) 10.571ms
[2023-03-15T04:43:16.836+0000][69][gc,cpu      ] GC(114) User=0.03s Sys=0.00s Real=0.01s
[2023-03-15T04:43:16.837+0000][69][safepoint   ] Safepoint "G1PauseRemark", Time since last: 138535021 ns, Reaching safepoint: 49439 ns, At safepoint: 11796882 ns, Total: 11846321 ns
[2023-03-15T04:43:16.838+0000][69][gc,marking  ] GC(114) Concurrent Mark 146.005ms
[2023-03-15T04:43:16.838+0000][69][gc,marking  ] GC(114) Concurrent Rebuild Remembered Sets
[2023-03-15T04:43:16.890+0000][69][gc,marking  ] GC(114) Concurrent Rebuild Remembered Sets 52.148ms
[2023-03-15T04:43:16.891+0000][69][gc,start    ] GC(114) Pause Cleanup
[2023-03-15T04:43:16.892+0000][69][gc          ] GC(114) Pause Cleanup 114M->114M(256M) 1.031ms
[2023-03-15T04:43:16.893+0000][69][gc,cpu      ] GC(114) User=0.00s Sys=0.00s Real=0.00s
[2023-03-15T04:43:16.894+0000][69][safepoint   ] Safepoint "G1PauseCleanup", Time since last: 54249033 ns, Reaching safepoint: 112881 ns, At safepoint: 2358513 ns, Total: 2471394 ns
[2023-03-15T04:43:16.894+0000][69][gc,marking  ] GC(114) Concurrent Cleanup for Next Mark
[2023-03-15T04:43:16.895+0000][69][gc,marking  ] GC(114) Concurrent Cleanup for Next Mark 0.746ms
[2023-03-15T04:43:16.896+0000][69][gc          ] GC(114) Concurrent Mark Cycle 211.350ms
[2023-03-15T04:43:18.900+0000][69][safepoint   ] Safepoint "Cleanup", Time since last: 2006044304 ns, Reaching safepoint: 299176 ns, At safepoint: 11756 ns, Total: 310932 ns
[2023-03-15T04:43:33.928+0000][69][safepoint   ] Safepoint "Cleanup", Time since last: 15027182638 ns, Reaching safepoint: 552937 ns, At safepoint: 15589 ns, Total: 568526 ns
[2023-03-15T04:43:41.944+0000][69][safepoint   ] Safepoint "Cleanup", Time since last: 8016051836 ns, Reaching safepoint: 340505 ns, At safepoint: 13031 ns, Total: 353536 ns
[2023-03-15T04:43:42.950+0000][69][safepoint   ] Safepoint "Cleanup", Time since last: 1005424811 ns, Reaching safepoint: 341673 ns, At safepoint: 12498 ns, Total: 354171 ns
[2023-03-15T04:43:46.937+0000][69][safepoint   ] Safepoint "Cleanup", Time since last: 4007644249 ns, Reaching safepoint: 297817 ns, At safepoint: 23799 ns, Total: 321616 ns
[2023-03-15T04:43:47.917+0000][69][gc,start    ] GC(115) Pause Young (Normal) (G1 Evacuation Pause)
[2023-03-15T04:43:47.918+0000][69][gc,task     ] GC(115) Using 4 workers of 4 for evacuation
[2023-03-15T04:43:47.919+0000][69][gc,age      ] GC(115) Desired survivor size 8388608 bytes, new threshold 15 (max threshold 15)
[2023-03-15T04:43:47.925+0000][69][gc,phases   ] GC(115)   Pre Evacuate Collection Set: 0.3ms
[2023-03-15T04:43:47.926+0000][69][gc,phases   ] GC(115)   Merge Heap Roots: 0.2ms
[2023-03-15T04:43:47.927+0000][69][gc,phases   ] GC(115)   Evacuate Collection Set: 3.4ms
[2023-03-15T04:43:47.927+0000][69][gc,phases   ] GC(115)   Post Evacuate Collection Set: 1.3ms
[2023-03-15T04:43:47.928+0000][69][gc,phases   ] GC(115)   Other: 1.7ms
[2023-03-15T04:43:47.929+0000][69][gc,age      ] GC(115) Age table with threshold 15 (max threshold 15)
[2023-03-15T04:43:47.929+0000][69][gc,age      ] GC(115) - age   1:    1059664 bytes,    1059664 total
[2023-03-15T04:43:47.930+0000][69][gc,age      ] GC(115) - age   2:       3904 bytes,    1063568 total
[2023-03-15T04:43:47.931+0000][69][gc,age      ] GC(115) - age   3:        808 bytes,    1064376 total
[2023-03-15T04:43:47.931+0000][69][gc,age      ] GC(115) - age   4:       2720 bytes,    1067096 total
[2023-03-15T04:43:47.932+0000][69][gc,age      ] GC(115) - age   5:       2608 bytes,    1069704 total
[2023-03-15T04:43:47.932+0000][69][gc,age      ] GC(115) - age   6:       1320 bytes,    1071024 total
[2023-03-15T04:43:47.933+0000][69][gc,age      ] GC(115) - age   7:       1712 bytes,    1072736 total
[2023-03-15T04:43:47.934+0000][69][gc,age      ] GC(115) - age   8:       2944 bytes,    1075680 total
[2023-03-15T04:43:47.934+0000][69][gc,age      ] GC(115) - age   9:      21936 bytes,    1097616 total
[2023-03-15T04:43:47.935+0000][69][gc,age      ] GC(115) - age  10:     318064 bytes,    1415680 total
[2023-03-15T04:43:47.935+0000][69][gc,age      ] GC(115) - age  11:     193464 bytes,    1609144 total
[2023-03-15T04:43:47.936+0000][69][gc,age      ] GC(115) - age  12:     253904 bytes,    1863048 total
[2023-03-15T04:43:47.936+0000][69][gc,age      ] GC(115) - age  13:       2712 bytes,    1865760 total
[2023-03-15T04:43:47.937+0000][69][gc,age      ] GC(115) - age  14:       3672 bytes,    1869432 total
[2023-03-15T04:43:47.937+0000][69][gc,age      ] GC(115) - age  15:        120 bytes,    1869552 total
[2023-03-15T04:43:47.938+0000][69][gc,heap     ] GC(115) Eden regions: 24->0(24)
[2023-03-15T04:43:47.939+0000][69][gc,heap     ] GC(115) Survivor regions: 1->1(4)
[2023-03-15T04:43:47.939+0000][69][gc,heap     ] GC(115) Old regions: 24->24
[2023-03-15T04:43:47.940+0000][69][gc,heap     ] GC(115) Archive regions: 2->2
[2023-03-15T04:43:47.940+0000][69][gc,heap     ] GC(115) Humongous regions: 2->2
[2023-03-15T04:43:47.941+0000][69][gc,metaspace] GC(115) Metaspace: 137153K(140672K)->137153K(140672K) NonClass: 119684K(120960K)->119684K(120960K) Class: 17468K(19712K)->17468K(19712K)
[2023-03-15T04:43:47.941+0000][69][gc          ] GC(115) Pause Young (Normal) (G1 Evacuation Pause) 205M->108M(256M) 24.095ms
[2023-03-15T04:43:47.942+0000][69][gc,cpu      ] GC(115) User=0.00s Sys=0.00s Real=0.03s
[2023-03-15T04:43:47.943+0000][69][safepoint   ] Safepoint "G1CollectForAllocation", Time since last: 980006822 ns, Reaching safepoint: 449995 ns, At safepoint: 25768752 ns, Total: 26218747 ns
[2023-03-15T04:43:48.944+0000][69][safepoint   ] Safepoint "Cleanup", Time since last: 1000756214 ns, Reaching safepoint: 104493 ns, At safepoint: 3540 ns, Total: 108033 ns
[2023-03-15T04:43:49.946+0000][69][safepoint   ] Safepoint "Cleanup", Time since last: 1001561433 ns, Reaching safepoint: 265061 ns, At safepoint: 11929 ns, Total: 276990 ns
[2023-03-15T04:44:04.977+0000][69][safepoint   ] Safepoint "Cleanup", Time since last: 15030969846 ns, Reaching safepoint: 274763 ns, At safepoint: 11817 ns, Total: 286580 ns
[2023-03-15T04:44:05.980+0000][69][safepoint   ] Safepoint "Cleanup", Time since last: 1002779717 ns, Reaching safepoint: 148068 ns, At safepoint: 3934 ns, Total: 152002 ns
[2023-03-15T04:44:06.982+0000][69][safepoint   ] Safepoint "Cleanup", Time since last: 1001741914 ns, Reaching safepoint: 119216 ns, At safepoint: 4149 ns, Total: 123365 ns
[2023-03-15T04:44:08.987+0000][69][safepoint   ] Safepoint "Cleanup", Time since last: 2004787998 ns, Reaching safepoint: 150181 ns, At safepoint: 10677 ns, Total: 160858 ns
[2023-03-15T04:44:10.991+0000][69][safepoint   ] Safepoint "Cleanup", Time since last: 2003766846 ns, Reaching safepoint: 81413 ns, At safepoint: 3615 ns, Total: 85028 ns
[2023-03-15T04:44:17.235+0000][69][gc,start    ] GC(116) Pause Young (Concurrent Start) (G1 Evacuation Pause)
[2023-03-15T04:44:17.235+0000][69][gc,task     ] GC(116) Using 4 workers of 4 for evacuation
[2023-03-15T04:44:17.236+0000][69][gc,age      ] GC(116) Desired survivor size 8388608 bytes, new threshold 15 (max threshold 15)
[2023-03-15T04:44:17.239+0000][69][gc,phases   ] GC(116)   Pre Evacuate Collection Set: 0.3ms
[2023-03-15T04:44:17.239+0000][69][gc,phases   ] GC(116)   Merge Heap Roots: 0.0ms
[2023-03-15T04:44:17.240+0000][69][gc,phases   ] GC(116)   Evacuate Collection Set: 1.5ms
[2023-03-15T04:44:17.240+0000][69][gc,phases   ] GC(116)   Post Evacuate Collection Set: 0.6ms
[2023-03-15T04:44:17.241+0000][69][gc,phases   ] GC(116)   Other: 0.9ms
[2023-03-15T04:44:17.241+0000][69][gc,age      ] GC(116) Age table with threshold 15 (max threshold 15)
[2023-03-15T04:44:17.242+0000][69][gc,age      ] GC(116) - age   1:     874616 bytes,     874616 total
[2023-03-15T04:44:17.242+0000][69][gc,age      ] GC(116) - age   2:     218416 bytes,    1093032 total
[2023-03-15T04:44:17.243+0000][69][gc,age      ] GC(116) - age   3:       1064 bytes,    1094096 total
[2023-03-15T04:44:17.243+0000][69][gc,age      ] GC(116) - age   4:        744 bytes,    1094840 total
[2023-03-15T04:44:17.243+0000][69][gc,age      ] GC(116) - age   5:       2344 bytes,    1097184 total
[2023-03-15T04:44:17.244+0000][69][gc,age      ] GC(116) - age   6:       2608 bytes,    1099792 total
[2023-03-15T04:44:17.244+0000][69][gc,age      ] GC(116) - age   7:       1024 bytes,    1100816 total
[2023-03-15T04:44:17.245+0000][69][gc,age      ] GC(116) - age   8:        272 bytes,    1101088 total
[2023-03-15T04:44:17.245+0000][69][gc,age      ] GC(116) - age   9:       2648 bytes,    1103736 total
[2023-03-15T04:44:17.245+0000][69][gc,age      ] GC(116) - age  10:       1736 bytes,    1105472 total
[2023-03-15T04:44:17.246+0000][69][gc,age      ] GC(116) - age  11:       4120 bytes,    1109592 total
[2023-03-15T04:44:17.246+0000][69][gc,age      ] GC(116) - age  12:     193464 bytes,    1303056 total
[2023-03-15T04:44:17.247+0000][69][gc,age      ] GC(116) - age  13:     158440 bytes,    1461496 total
[2023-03-15T04:44:17.247+0000][69][gc,age      ] GC(116) - age  14:       2712 bytes,    1464208 total
[2023-03-15T04:44:17.247+0000][69][gc,age      ] GC(116) - age  15:       3672 bytes,    1467880 total
[2023-03-15T04:44:17.248+0000][69][gc,heap     ] GC(116) Eden regions: 24->0(24)
[2023-03-15T04:44:17.248+0000][69][gc,heap     ] GC(116) Survivor regions: 1->1(4)
[2023-03-15T04:44:17.249+0000][69][gc,heap     ] GC(116) Old regions: 24->24
[2023-03-15T04:44:17.250+0000][69][gc,heap     ] GC(116) Archive regions: 2->2
[2023-03-15T04:44:17.250+0000][69][gc,heap     ] GC(116) Humongous regions: 2->2
[2023-03-15T04:44:17.251+0000][69][gc,metaspace] GC(116) Metaspace: 137160K(140672K)->137160K(140672K) NonClass: 119691K(120960K)->119691K(120960K) Class: 17468K(19712K)->17468K(19712K)
[2023-03-15T04:44:17.251+0000][69][gc          ] GC(116) Pause Young (Concurrent Start) (G1 Evacuation Pause) 204M->107M(256M) 16.693ms
[2023-03-15T04:44:17.252+0000][69][gc          ] GC(117) Concurrent Mark Cycle
[2023-03-15T04:44:17.252+0000][69][gc,marking  ] GC(117) Concurrent Clear Claimed Marks
[2023-03-15T04:44:17.252+0000][69][gc,cpu      ] GC(116) User=0.01s Sys=0.00s Real=0.02s
[2023-03-15T04:44:17.253+0000][69][safepoint   ] Safepoint "G1CollectForAllocation", Time since last: 6267191994 ns, Reaching safepoint: 39437 ns, At safepoint: 18360563 ns, Total: 18400000 ns
[2023-03-15T04:44:17.253+0000][69][gc,marking  ] GC(117) Concurrent Clear Claimed Marks 0.671ms
[2023-03-15T04:44:17.255+0000][69][gc,marking  ] GC(117) Concurrent Scan Root Regions
[2023-03-15T04:44:17.257+0000][69][gc,marking  ] GC(117) Concurrent Scan Root Regions 2.808ms
[2023-03-15T04:44:17.258+0000][69][gc,marking  ] GC(117) Concurrent Mark
[2023-03-15T04:44:17.259+0000][69][gc,marking  ] GC(117) Concurrent Mark From Roots
[2023-03-15T04:44:17.259+0000][69][gc,task     ] GC(117) Using 1 workers of 1 for marking
[2023-03-15T04:44:17.362+0000][69][gc,marking  ] GC(117) Concurrent Mark From Roots 103.565ms
[2023-03-15T04:44:17.363+0000][69][gc,marking  ] GC(117) Concurrent Preclean
[2023-03-15T04:44:17.365+0000][69][gc,marking  ] GC(117) Concurrent Preclean 1.273ms
[2023-03-15T04:44:17.365+0000][69][gc,start    ] GC(117) Pause Remark
[2023-03-15T04:44:17.376+0000][69][gc          ] GC(117) Pause Remark 109M->109M(256M) 10.250ms
[2023-03-15T04:44:17.377+0000][69][gc,cpu      ] GC(117) User=0.03s Sys=0.00s Real=0.01s
[2023-03-15T04:44:17.377+0000][69][safepoint   ] Safepoint "G1PauseRemark", Time since last: 112374438 ns, Reaching safepoint: 88145 ns, At safepoint: 11940420 ns, Total: 12028565 ns
[2023-03-15T04:44:17.378+0000][69][gc,marking  ] GC(117) Concurrent Mark 119.930ms
[2023-03-15T04:44:17.378+0000][69][gc,marking  ] GC(117) Concurrent Rebuild Remembered Sets
[2023-03-15T04:44:17.427+0000][69][gc,marking  ] GC(117) Concurrent Rebuild Remembered Sets 48.548ms
[2023-03-15T04:44:17.429+0000][69][gc,start    ] GC(117) Pause Cleanup
[2023-03-15T04:44:17.430+0000][69][gc          ] GC(117) Pause Cleanup 109M->109M(256M) 1.083ms
[2023-03-15T04:44:17.431+0000][69][gc,cpu      ] GC(117) User=0.00s Sys=0.00s Real=0.01s
[2023-03-15T04:44:17.431+0000][69][safepoint   ] Safepoint "G1PauseCleanup", Time since last: 51144275 ns, Reaching safepoint: 109156 ns, At safepoint: 2716792 ns, Total: 2825948 ns
[2023-03-15T04:44:17.432+0000][69][gc,marking  ] GC(117) Concurrent Cleanup for Next Mark
[2023-03-15T04:44:17.433+0000][69][gc,marking  ] GC(117) Concurrent Cleanup for Next Mark 0.774ms
[2023-03-15T04:44:17.433+0000][69][gc          ] GC(117) Concurrent Mark Cycle 181.415ms
[2023-03-15T04:44:27.442+0000][69][safepoint   ] Safepoint "Cleanup", Time since last: 10010143807 ns, Reaching safepoint: 305383 ns, At safepoint: 8939 ns, Total: 314322 ns
[2023-03-15T04:44:28.446+0000][69][safepoint   ] Safepoint "Cleanup", Time since last: 1003636607 ns, Reaching safepoint: 106902 ns, At safepoint: 3624 ns, Total: 110526 ns
[2023-03-15T04:44:29.452+0000][69][safepoint   ] Safepoint "Cleanup", Time since last: 1005869377 ns, Reaching safepoint: 340219 ns, At safepoint: 9907 ns, Total: 350126 ns
[2023-03-15T04:44:37.464+0000][69][safepoint   ] Safepoint "Cleanup", Time since last: 8011892121 ns, Reaching safepoint: 347871 ns, At safepoint: 13086 ns, Total: 360957 ns
[2023-03-15T04:44:40.468+0000][69][safepoint   ] Safepoint "Cleanup", Time since last: 3004382432 ns, Reaching safepoint: 102455 ns, At safepoint: 3388 ns, Total: 105843 ns
[2023-03-15T04:44:43.474+0000][69][safepoint   ] Safepoint "Cleanup", Time since last: 3004587029 ns, Reaching safepoint: 636981 ns, At safepoint: 21922 ns, Total: 658903 ns
[2023-03-15T04:44:45.479+0000][69][safepoint   ] Safepoint "Cleanup", Time since last: 2005060641 ns, Reaching safepoint: 405680 ns, At safepoint: 13317 ns, Total: 418997 ns
[2023-03-15T04:44:46.902+0000][69][gc,start    ] GC(118) Pause Young (Normal) (G1 Evacuation Pause)
[2023-03-15T04:44:46.903+0000][69][gc,task     ] GC(118) Using 4 workers of 4 for evacuation
[2023-03-15T04:44:46.903+0000][69][gc,age      ] GC(118) Desired survivor size 8388608 bytes, new threshold 15 (max threshold 15)
[2023-03-15T04:44:46.907+0000][69][gc,phases   ] GC(118)   Pre Evacuate Collection Set: 0.1ms
[2023-03-15T04:44:46.907+0000][69][gc,phases   ] GC(118)   Merge Heap Roots: 0.1ms
[2023-03-15T04:44:46.908+0000][69][gc,phases   ] GC(118)   Evacuate Collection Set: 1.9ms
[2023-03-15T04:44:46.909+0000][69][gc,phases   ] GC(118)   Post Evacuate Collection Set: 0.8ms
[2023-03-15T04:44:46.909+0000][69][gc,phases   ] GC(118)   Other: 1.1ms
[2023-03-15T04:44:46.910+0000][69][gc,age      ] GC(118) Age table with threshold 15 (max threshold 15)
[2023-03-15T04:44:46.910+0000][69][gc,age      ] GC(118) - age   1:    1028560 bytes,    1028560 total
[2023-03-15T04:44:46.910+0000][69][gc,age      ] GC(118) - age   2:     362728 bytes,    1391288 total
[2023-03-15T04:44:46.911+0000][69][gc,age      ] GC(118) - age   3:      67696 bytes,    1458984 total
[2023-03-15T04:44:46.911+0000][69][gc,age      ] GC(118) - age   4:        936 bytes,    1459920 total
[2023-03-15T04:44:46.912+0000][69][gc,age      ] GC(118) - age   5:        712 bytes,    1460632 total
[2023-03-15T04:44:46.912+0000][69][gc,age      ] GC(118) - age   6:       2344 bytes,    1462976 total
[2023-03-15T04:44:46.912+0000][69][gc,age      ] GC(118) - age   7:       2544 bytes,    1465520 total
[2023-03-15T04:44:46.913+0000][69][gc,age      ] GC(118) - age   8:       1024 bytes,    1466544 total
[2023-03-15T04:44:46.913+0000][69][gc,age      ] GC(118) - age   9:        272 bytes,    1466816 total
[2023-03-15T04:44:46.914+0000][69][gc,age      ] GC(118) - age  10:       2648 bytes,    1469464 total
[2023-03-15T04:44:46.914+0000][69][gc,age      ] GC(118) - age  11:       1672 bytes,    1471136 total
[2023-03-15T04:44:46.914+0000][69][gc,age      ] GC(118) - age  12:       2208 bytes,    1473344 total
[2023-03-15T04:44:46.915+0000][69][gc,age      ] GC(118) - age  13:     193464 bytes,    1666808 total
[2023-03-15T04:44:46.915+0000][69][gc,age      ] GC(118) - age  14:     154624 bytes,    1821432 total
[2023-03-15T04:44:46.915+0000][69][gc,age      ] GC(118) - age  15:       2712 bytes,    1824144 total
[2023-03-15T04:44:46.916+0000][69][gc,heap     ] GC(118) Eden regions: 24->0(24)
[2023-03-15T04:44:46.916+0000][69][gc,heap     ] GC(118) Survivor regions: 1->1(4)
[2023-03-15T04:44:46.917+0000][69][gc,heap     ] GC(118) Old regions: 24->24
[2023-03-15T04:44:46.917+0000][69][gc,heap     ] GC(118) Archive regions: 2->2
[2023-03-15T04:44:46.918+0000][69][gc,heap     ] GC(118) Humongous regions: 2->2
[2023-03-15T04:44:46.918+0000][69][gc,metaspace] GC(118) Metaspace: 137161K(140672K)->137161K(140672K) NonClass: 119692K(120960K)->119692K(120960K) Class: 17468K(19712K)->17468K(19712K)
[2023-03-15T04:44:46.918+0000][69][gc          ] GC(118) Pause Young (Normal) (G1 Evacuation Pause) 203M->107M(256M) 16.168ms
[2023-03-15T04:44:46.919+0000][69][gc,cpu      ] GC(118) User=0.00s Sys=0.00s Real=0.02s
[2023-03-15T04:44:46.919+0000][69][safepoint   ] Safepoint "G1CollectForAllocation", Time since last: 1446707874 ns, Reaching safepoint: 83449 ns, At safepoint: 16974323 ns, Total: 17057772 ns
[2023-03-15T04:44:47.921+0000][69][safepoint   ] Safepoint "Cleanup", Time since last: 1001328492 ns, Reaching safepoint: 393766 ns, At safepoint: 13253 ns, Total: 407019 ns
[2023-03-15T04:44:52.933+0000][69][safepoint   ] Safepoint "Cleanup", Time since last: 5012020770 ns, Reaching safepoint: 130490 ns, At safepoint: 7554 ns, Total: 138044 ns
[2023-03-15T04:44:53.936+0000][69][safepoint   ] Safepoint "Cleanup", Time since last: 1002697753 ns, Reaching safepoint: 210913 ns, At safepoint: 10014 ns, Total: 220927 ns
[2023-03-15T04:45:04.979+0000][69][safepoint   ] Safepoint "Cleanup", Time since last: 11042571144 ns, Reaching safepoint: 145756 ns, At safepoint: 10114 ns, Total: 155870 ns
[2023-03-15T04:45:06.986+0000][69][safepoint   ] Safepoint "Cleanup", Time since last: 2006873494 ns, Reaching safepoint: 138654 ns, At safepoint: 9478 ns, Total: 148132 ns
[2023-03-15T04:45:07.991+0000][69][safepoint   ] Safepoint "Cleanup", Time since last: 1004970176 ns, Reaching safepoint: 152119 ns, At safepoint: 11193 ns, Total: 163312 ns
[2023-03-15T04:45:22.603+0000][69][gc,start    ] GC(119) Pause Young (Concurrent Start) (G1 Evacuation Pause)
[2023-03-15T04:45:22.604+0000][69][gc,task     ] GC(119) Using 4 workers of 4 for evacuation
[2023-03-15T04:45:22.605+0000][69][gc,age      ] GC(119) Desired survivor size 8388608 bytes, new threshold 15 (max threshold 15)
[2023-03-15T04:45:22.610+0000][69][gc,phases   ] GC(119)   Pre Evacuate Collection Set: 0.3ms
[2023-03-15T04:45:22.611+0000][69][gc,phases   ] GC(119)   Merge Heap Roots: 0.0ms
[2023-03-15T04:45:22.611+0000][69][gc,phases   ] GC(119)   Evacuate Collection Set: 3.5ms
[2023-03-15T04:45:22.612+0000][69][gc,phases   ] GC(119)   Post Evacuate Collection Set: 0.8ms
[2023-03-15T04:45:22.612+0000][69][gc,phases   ] GC(119)   Other: 1.3ms
[2023-03-15T04:45:22.613+0000][69][gc,age      ] GC(119) Age table with threshold 15 (max threshold 15)
[2023-03-15T04:45:22.613+0000][69][gc,age      ] GC(119) - age   1:    1448688 bytes,    1448688 total
[2023-03-15T04:45:22.614+0000][69][gc,age      ] GC(119) - age   2:     136768 bytes,    1585456 total
[2023-03-15T04:45:22.614+0000][69][gc,age      ] GC(119) - age   3:     224584 bytes,    1810040 total
[2023-03-15T04:45:22.615+0000][69][gc,age      ] GC(119) - age   4:      67632 bytes,    1877672 total
[2023-03-15T04:45:22.615+0000][69][gc,age      ] GC(119) - age   5:        872 bytes,    1878544 total
[2023-03-15T04:45:22.616+0000][69][gc,age      ] GC(119) - age   6:        712 bytes,    1879256 total
[2023-03-15T04:45:22.616+0000][69][gc,age      ] GC(119) - age   7:       2344 bytes,    1881600 total
[2023-03-15T04:45:22.617+0000][69][gc,age      ] GC(119) - age   8:       2544 bytes,    1884144 total
[2023-03-15T04:45:22.617+0000][69][gc,age      ] GC(119) - age   9:       1024 bytes,    1885168 total
[2023-03-15T04:45:22.617+0000][69][gc,age      ] GC(119) - age  10:        272 bytes,    1885440 total
[2023-03-15T04:45:22.618+0000][69][gc,age      ] GC(119) - age  11:       2648 bytes,    1888088 total
[2023-03-15T04:45:22.618+0000][69][gc,age      ] GC(119) - age  12:       1672 bytes,    1889760 total
[2023-03-15T04:45:22.619+0000][69][gc,age      ] GC(119) - age  13:       2208 bytes,    1891968 total
[2023-03-15T04:45:22.619+0000][69][gc,age      ] GC(119) - age  14:     193464 bytes,    2085432 total
[2023-03-15T04:45:22.620+0000][69][gc,age      ] GC(119) - age  15:     154624 bytes,    2240056 total
[2023-03-15T04:45:22.620+0000][69][gc,heap     ] GC(119) Eden regions: 24->0(24)
[2023-03-15T04:45:22.621+0000][69][gc,heap     ] GC(119) Survivor regions: 1->1(4)
[2023-03-15T04:45:22.621+0000][69][gc,heap     ] GC(119) Old regions: 24->24
[2023-03-15T04:45:22.622+0000][69][gc,heap     ] GC(119) Archive regions: 2->2
[2023-03-15T04:45:22.622+0000][69][gc,heap     ] GC(119) Humongous regions: 2->2
[2023-03-15T04:45:22.623+0000][69][gc,metaspace] GC(119) Metaspace: 137166K(140672K)->137166K(140672K) NonClass: 119697K(120960K)->119697K(120960K) Class: 17468K(19712K)->17468K(19712K)
[2023-03-15T04:45:22.623+0000][69][gc          ] GC(119) Pause Young (Concurrent Start) (G1 Evacuation Pause) 203M->108M(256M) 19.547ms
[2023-03-15T04:45:22.624+0000][69][gc          ] GC(120) Concurrent Mark Cycle
[2023-03-15T04:45:22.624+0000][69][gc,marking  ] GC(120) Concurrent Clear Claimed Marks
[2023-03-15T04:45:22.624+0000][69][gc,cpu      ] GC(119) User=0.00s Sys=0.01s Real=0.02s
[2023-03-15T04:45:22.625+0000][69][gc,marking  ] GC(120) Concurrent Clear Claimed Marks 0.892ms
[2023-03-15T04:45:22.627+0000][69][gc,marking  ] GC(120) Concurrent Scan Root Regions
[2023-03-15T04:45:22.626+0000][69][safepoint   ] Safepoint "G1CollectForAllocation", Time since last: 14633976681 ns, Reaching safepoint: 157820 ns, At safepoint: 22693990 ns, Total: 22851810 ns
[2023-03-15T04:45:22.630+0000][69][gc,marking  ] GC(120) Concurrent Scan Root Regions 3.691ms
[2023-03-15T04:45:22.631+0000][69][gc,marking  ] GC(120) Concurrent Mark
[2023-03-15T04:45:22.631+0000][69][gc,marking  ] GC(120) Concurrent Mark From Roots
[2023-03-15T04:45:22.632+0000][69][gc,task     ] GC(120) Using 1 workers of 1 for marking
[2023-03-15T04:45:22.767+0000][69][gc,marking  ] GC(120) Concurrent Mark From Roots 135.866ms
[2023-03-15T04:45:22.768+0000][69][gc,marking  ] GC(120) Concurrent Preclean
[2023-03-15T04:45:22.769+0000][69][gc,marking  ] GC(120) Concurrent Preclean 0.973ms
[2023-03-15T04:45:22.772+0000][69][gc,start    ] GC(120) Pause Remark
[2023-03-15T04:45:22.785+0000][69][gc          ] GC(120) Pause Remark 120M->120M(256M) 13.104ms
[2023-03-15T04:45:22.786+0000][69][gc,cpu      ] GC(120) User=0.04s Sys=0.00s Real=0.02s
[2023-03-15T04:45:22.787+0000][69][safepoint   ] Safepoint "G1PauseRemark", Time since last: 145867335 ns, Reaching safepoint: 292149 ns, At safepoint: 14443288 ns, Total: 14735437 ns
[2023-03-15T04:45:22.787+0000][69][gc,marking  ] GC(120) Concurrent Mark 156.228ms
[2023-03-15T04:45:22.788+0000][69][gc,marking  ] GC(120) Concurrent Rebuild Remembered Sets
[2023-03-15T04:45:22.853+0000][69][gc,marking  ] GC(120) Concurrent Rebuild Remembered Sets 65.443ms
[2023-03-15T04:45:22.854+0000][69][gc,start    ] GC(120) Pause Cleanup
[2023-03-15T04:45:22.854+0000][69][gc          ] GC(120) Pause Cleanup 121M->121M(256M) 0.517ms
[2023-03-15T04:45:22.855+0000][69][gc,cpu      ] GC(120) User=0.00s Sys=0.00s Real=0.00s
[2023-03-15T04:45:22.855+0000][69][safepoint   ] Safepoint "G1PauseCleanup", Time since last: 66966253 ns, Reaching safepoint: 142505 ns, At safepoint: 1308684 ns, Total: 1451189 ns
[2023-03-15T04:45:22.856+0000][69][gc,marking  ] GC(120) Concurrent Cleanup for Next Mark
[2023-03-15T04:45:22.856+0000][69][gc,marking  ] GC(120) Concurrent Cleanup for Next Mark 0.560ms
[2023-03-15T04:45:22.857+0000][69][gc          ] GC(120) Concurrent Mark Cycle 233.221ms
[2023-03-15T04:45:25.858+0000][69][safepoint   ] Safepoint "Cleanup", Time since last: 3002822591 ns, Reaching safepoint: 382653 ns, At safepoint: 13852 ns, Total: 396505 ns
[2023-03-15T04:45:34.877+0000][69][safepoint   ] Safepoint "Cleanup", Time since last: 9017999347 ns, Reaching safepoint: 203882 ns, At safepoint: 141372 ns, Total: 345254 ns
[2023-03-15T04:45:52.584+0000][69][gc,start    ] GC(121) Pause Young (Normal) (G1 Evacuation Pause)
[2023-03-15T04:45:52.585+0000][69][gc,task     ] GC(121) Using 4 workers of 4 for evacuation
[2023-03-15T04:45:52.585+0000][69][gc,age      ] GC(121) Desired survivor size 8388608 bytes, new threshold 15 (max threshold 15)
[2023-03-15T04:45:52.589+0000][69][gc,phases   ] GC(121)   Pre Evacuate Collection Set: 0.1ms
[2023-03-15T04:45:52.589+0000][69][gc,phases   ] GC(121)   Merge Heap Roots: 0.1ms
[2023-03-15T04:45:52.590+0000][69][gc,phases   ] GC(121)   Evacuate Collection Set: 2.4ms
[2023-03-15T04:45:52.590+0000][69][gc,phases   ] GC(121)   Post Evacuate Collection Set: 0.6ms
[2023-03-15T04:45:52.591+0000][69][gc,phases   ] GC(121)   Other: 0.9ms
[2023-03-15T04:45:52.591+0000][69][gc,age      ] GC(121) Age table with threshold 15 (max threshold 15)
[2023-03-15T04:45:52.591+0000][69][gc,age      ] GC(121) - age   1:     693184 bytes,     693184 total
[2023-03-15T04:45:52.592+0000][69][gc,age      ] GC(121) - age   2:       2192 bytes,     695376 total
[2023-03-15T04:45:52.592+0000][69][gc,age      ] GC(121) - age   3:       2360 bytes,     697736 total
[2023-03-15T04:45:52.593+0000][69][gc,age      ] GC(121) - age   4:     219336 bytes,     917072 total
[2023-03-15T04:45:52.593+0000][69][gc,age      ] GC(121) - age   5:      59616 bytes,     976688 total
[2023-03-15T04:45:52.594+0000][69][gc,age      ] GC(121) - age   6:        872 bytes,     977560 total
[2023-03-15T04:45:52.594+0000][69][gc,age      ] GC(121) - age   7:        712 bytes,     978272 total
[2023-03-15T04:45:52.594+0000][69][gc,age      ] GC(121) - age   8:       2344 bytes,     980616 total
[2023-03-15T04:45:52.595+0000][69][gc,age      ] GC(121) - age   9:       2544 bytes,     983160 total
[2023-03-15T04:45:52.595+0000][69][gc,age      ] GC(121) - age  10:       1024 bytes,     984184 total
[2023-03-15T04:45:52.596+0000][69][gc,age      ] GC(121) - age  11:        272 bytes,     984456 total
[2023-03-15T04:45:52.596+0000][69][gc,age      ] GC(121) - age  12:       2648 bytes,     987104 total
[2023-03-15T04:45:52.596+0000][69][gc,age      ] GC(121) - age  13:       1672 bytes,     988776 total
[2023-03-15T04:45:52.597+0000][69][gc,age      ] GC(121) - age  14:       2208 bytes,     990984 total
[2023-03-15T04:45:52.597+0000][69][gc,age      ] GC(121) - age  15:     185032 bytes,    1176016 total
[2023-03-15T04:45:52.597+0000][69][gc,heap     ] GC(121) Eden regions: 24->0(24)
[2023-03-15T04:45:52.598+0000][69][gc,heap     ] GC(121) Survivor regions: 1->1(4)
[2023-03-15T04:45:52.598+0000][69][gc,heap     ] GC(121) Old regions: 24->24
[2023-03-15T04:45:52.599+0000][69][gc,heap     ] GC(121) Archive regions: 2->2
[2023-03-15T04:45:52.599+0000][69][gc,heap     ] GC(121) Humongous regions: 2->2
[2023-03-15T04:45:52.599+0000][69][gc,metaspace] GC(121) Metaspace: 137166K(140672K)->137166K(140672K) NonClass: 119697K(120960K)->119697K(120960K) Class: 17468K(19712K)->17468K(19712K)
[2023-03-15T04:45:52.600+0000][69][gc          ] GC(121) Pause Young (Normal) (G1 Evacuation Pause) 204M->107M(256M) 16.036ms
[2023-03-15T04:45:52.601+0000][69][gc,cpu      ] GC(121) User=0.01s Sys=0.00s Real=0.01s
[2023-03-15T04:45:52.601+0000][69][safepoint   ] Safepoint "G1CollectForAllocation", Time since last: 17726699004 ns, Reaching safepoint: 60900 ns, At safepoint: 17067432 ns, Total: 17128332 ns
[2023-03-15T04:46:03.619+0000][69][safepoint   ] Safepoint "Cleanup", Time since last: 11018226903 ns, Reaching safepoint: 238856 ns, At safepoint: 14393 ns, Total: 253249 ns
[2023-03-15T04:46:05.626+0000][69][safepoint   ] Safepoint "Cleanup", Time since last: 2005982842 ns, Reaching safepoint: 108323 ns, At safepoint: 7699 ns, Total: 116022 ns
[2023-03-15T04:46:06.626+0000][69][safepoint   ] Safepoint "Cleanup", Time since last: 1000829192 ns, Reaching safepoint: 111635 ns, At safepoint: 6086 ns, Total: 117721 ns
[2023-03-15T04:46:10.016+0000][69][safepoint   ] Safepoint "Cleanup", Time since last: 3388597906 ns, Reaching safepoint: 465855 ns, At safepoint: 14021 ns, Total: 479876 ns
[2023-03-15T04:46:16.763+0000][69][safepoint   ] Safepoint "Cleanup", Time since last: 6769695505 ns, Reaching safepoint: 77131 ns, At safepoint: 7332 ns, Total: 84463 ns
[2023-03-15T04:46:17.766+0000][69][safepoint   ] Safepoint "Cleanup", Time since last: 1002760249 ns, Reaching safepoint: 274549 ns, At safepoint: 13955 ns, Total: 288504 ns
[2023-03-15T04:46:28.357+0000][69][gc,start    ] GC(122) Pause Young (Concurrent Start) (G1 Evacuation Pause)
[2023-03-15T04:46:28.359+0000][69][gc,task     ] GC(122) Using 4 workers of 4 for evacuation
[2023-03-15T04:46:28.360+0000][69][gc,age      ] GC(122) Desired survivor size 8388608 bytes, new threshold 15 (max threshold 15)
[2023-03-15T04:46:28.367+0000][69][gc,phases   ] GC(122)   Pre Evacuate Collection Set: 0.7ms
[2023-03-15T04:46:28.368+0000][69][gc,phases   ] GC(122)   Merge Heap Roots: 0.1ms
[2023-03-15T04:46:28.369+0000][69][gc,phases   ] GC(122)   Evacuate Collection Set: 4.0ms
[2023-03-15T04:46:28.369+0000][69][gc,phases   ] GC(122)   Post Evacuate Collection Set: 1.0ms
[2023-03-15T04:46:28.370+0000][69][gc,phases   ] GC(122)   Other: 2.4ms
[2023-03-15T04:46:28.371+0000][69][gc,age      ] GC(122) Age table with threshold 15 (max threshold 15)
[2023-03-15T04:46:28.372+0000][69][gc,age      ] GC(122) - age   1:     702552 bytes,     702552 total
[2023-03-15T04:46:28.373+0000][69][gc,age      ] GC(122) - age   2:     140176 bytes,     842728 total
[2023-03-15T04:46:28.374+0000][69][gc,age      ] GC(122) - age   3:        288 bytes,     843016 total
[2023-03-15T04:46:28.374+0000][69][gc,age      ] GC(122) - age   4:       2168 bytes,     845184 total
[2023-03-15T04:46:28.375+0000][69][gc,age      ] GC(122) - age   5:     219032 bytes,    1064216 total
[2023-03-15T04:46:28.376+0000][69][gc,age      ] GC(122) - age   6:      59552 bytes,    1123768 total
[2023-03-15T04:46:28.376+0000][69][gc,age      ] GC(122) - age   7:        872 bytes,    1124640 total
[2023-03-15T04:46:28.377+0000][69][gc,age      ] GC(122) - age   8:        712 bytes,    1125352 total
[2023-03-15T04:46:28.377+0000][69][gc,age      ] GC(122) - age   9:       2344 bytes,    1127696 total
[2023-03-15T04:46:28.378+0000][69][gc,age      ] GC(122) - age  10:       2544 bytes,    1130240 total
[2023-03-15T04:46:28.379+0000][69][gc,age      ] GC(122) - age  11:       1024 bytes,    1131264 total
[2023-03-15T04:46:28.379+0000][69][gc,age      ] GC(122) - age  12:        272 bytes,    1131536 total
[2023-03-15T04:46:28.380+0000][69][gc,age      ] GC(122) - age  13:       2648 bytes,    1134184 total
[2023-03-15T04:46:28.380+0000][69][gc,age      ] GC(122) - age  14:       1672 bytes,    1135856 total
[2023-03-15T04:46:28.381+0000][69][gc,age      ] GC(122) - age  15:       2208 bytes,    1138064 total
[2023-03-15T04:46:28.382+0000][69][gc,heap     ] GC(122) Eden regions: 24->0(24)
[2023-03-15T04:46:28.382+0000][69][gc,heap     ] GC(122) Survivor regions: 1->1(4)
[2023-03-15T04:46:28.383+0000][69][gc,heap     ] GC(122) Old regions: 24->24
[2023-03-15T04:46:28.383+0000][69][gc,heap     ] GC(122) Archive regions: 2->2
[2023-03-15T04:46:28.384+0000][69][gc,heap     ] GC(122) Humongous regions: 2->2
[2023-03-15T04:46:28.384+0000][69][gc,metaspace] GC(122) Metaspace: 137174K(140672K)->137174K(140672K) NonClass: 119705K(120960K)->119705K(120960K) Class: 17468K(19712K)->17468K(19712K)
[2023-03-15T04:46:28.385+0000][69][gc          ] GC(122) Pause Young (Concurrent Start) (G1 Evacuation Pause) 203M->107M(256M) 28.205ms
[2023-03-15T04:46:28.385+0000][69][gc          ] GC(123) Concurrent Mark Cycle
[2023-03-15T04:46:28.386+0000][69][gc,marking  ] GC(123) Concurrent Clear Claimed Marks
[2023-03-15T04:46:28.385+0000][69][gc,cpu      ] GC(122) User=0.01s Sys=0.01s Real=0.03s
[2023-03-15T04:46:28.386+0000][69][gc,marking  ] GC(123) Concurrent Clear Claimed Marks 0.761ms
[2023-03-15T04:46:28.387+0000][69][gc,marking  ] GC(123) Concurrent Scan Root Regions
[2023-03-15T04:46:28.387+0000][69][safepoint   ] Safepoint "G1CollectForAllocation", Time since last: 10590730004 ns, Reaching safepoint: 84465 ns, At safepoint: 30246586 ns, Total: 30331051 ns
[2023-03-15T04:46:28.391+0000][69][gc,marking  ] GC(123) Concurrent Scan Root Regions 3.375ms
[2023-03-15T04:46:28.391+0000][69][gc,marking  ] GC(123) Concurrent Mark
[2023-03-15T04:46:28.392+0000][69][gc,marking  ] GC(123) Concurrent Mark From Roots
[2023-03-15T04:46:28.392+0000][69][gc,task     ] GC(123) Using 1 workers of 1 for marking
[2023-03-15T04:46:28.503+0000][69][gc,marking  ] GC(123) Concurrent Mark From Roots 110.945ms
[2023-03-15T04:46:28.503+0000][69][gc,marking  ] GC(123) Concurrent Preclean
[2023-03-15T04:46:28.504+0000][69][gc,marking  ] GC(123) Concurrent Preclean 0.755ms
[2023-03-15T04:46:28.505+0000][69][gc,start    ] GC(123) Pause Remark
[2023-03-15T04:46:28.516+0000][69][gc          ] GC(123) Pause Remark 110M->110M(256M) 10.856ms
[2023-03-15T04:46:28.517+0000][69][gc,cpu      ] GC(123) User=0.02s Sys=0.00s Real=0.01s
[2023-03-15T04:46:28.517+0000][69][safepoint   ] Safepoint "G1PauseRemark", Time since last: 117790543 ns, Reaching safepoint: 177464 ns, At safepoint: 12582884 ns, Total: 12760348 ns
[2023-03-15T04:46:28.518+0000][69][gc,marking  ] GC(123) Concurrent Mark 126.796ms
[2023-03-15T04:46:28.519+0000][69][gc,marking  ] GC(123) Concurrent Rebuild Remembered Sets
[2023-03-15T04:46:28.573+0000][69][gc,marking  ] GC(123) Concurrent Rebuild Remembered Sets 54.080ms
[2023-03-15T04:46:28.574+0000][69][gc,start    ] GC(123) Pause Cleanup
[2023-03-15T04:46:28.574+0000][69][gc          ] GC(123) Pause Cleanup 111M->111M(256M) 0.554ms
[2023-03-15T04:46:28.575+0000][69][gc,cpu      ] GC(123) User=0.00s Sys=0.00s Real=0.00s
[2023-03-15T04:46:28.575+0000][69][safepoint   ] Safepoint "G1PauseCleanup", Time since last: 56415888 ns, Reaching safepoint: 216216 ns, At safepoint: 1451492 ns, Total: 1667708 ns
[2023-03-15T04:46:28.576+0000][69][gc,marking  ] GC(123) Concurrent Cleanup for Next Mark
[2023-03-15T04:46:28.577+0000][69][gc,marking  ] GC(123) Concurrent Cleanup for Next Mark 0.774ms
[2023-03-15T04:46:28.577+0000][69][gc          ] GC(123) Concurrent Mark Cycle 191.831ms
[2023-03-15T04:46:29.576+0000][69][safepoint   ] Safepoint "Cleanup", Time since last: 1000712977 ns, Reaching safepoint: 107971 ns, At safepoint: 7462 ns, Total: 115433 ns
[2023-03-15T04:46:32.580+0000][69][safepoint   ] Safepoint "Cleanup", Time since last: 3003359469 ns, Reaching safepoint: 444839 ns, At safepoint: 17220 ns, Total: 462059 ns
[2023-03-15T04:46:35.586+0000][69][safepoint   ] Safepoint "Cleanup", Time since last: 3005937663 ns, Reaching safepoint: 228228 ns, At safepoint: 7997 ns, Total: 236225 ns
[2023-03-15T04:46:49.602+0000][69][safepoint   ] Safepoint "Cleanup", Time since last: 14035898217 ns, Reaching safepoint: 734547 ns, At safepoint: 18947 ns, Total: 753494 ns
[2023-03-15T04:46:52.616+0000][69][safepoint   ] Safepoint "Cleanup", Time since last: 3013313978 ns, Reaching safepoint: 556287 ns, At safepoint: 19291 ns, Total: 575578 ns
[2023-03-15T04:46:55.355+0000][69][gc,start    ] GC(124) Pause Young (Normal) (G1 Evacuation Pause)
[2023-03-15T04:46:55.357+0000][69][gc,task     ] GC(124) Using 4 workers of 4 for evacuation
[2023-03-15T04:46:55.358+0000][69][gc,age      ] GC(124) Desired survivor size 8388608 bytes, new threshold 15 (max threshold 15)
[2023-03-15T04:46:55.369+0000][69][gc,phases   ] GC(124)   Pre Evacuate Collection Set: 0.2ms
[2023-03-15T04:46:55.370+0000][69][gc,phases   ] GC(124)   Merge Heap Roots: 0.1ms
[2023-03-15T04:46:55.371+0000][69][gc,phases   ] GC(124)   Evacuate Collection Set: 7.3ms
[2023-03-15T04:46:55.372+0000][69][gc,phases   ] GC(124)   Post Evacuate Collection Set: 1.8ms
[2023-03-15T04:46:55.373+0000][69][gc,phases   ] GC(124)   Other: 2.6ms
[2023-03-15T04:46:55.373+0000][69][gc,age      ] GC(124) Age table with threshold 15 (max threshold 15)
[2023-03-15T04:46:55.374+0000][69][gc,age      ] GC(124) - age   1:    1327752 bytes,    1327752 total
[2023-03-15T04:46:55.375+0000][69][gc,age      ] GC(124) - age   2:     116864 bytes,    1444616 total
[2023-03-15T04:46:55.376+0000][69][gc,age      ] GC(124) - age   3:       8880 bytes,    1453496 total
[2023-03-15T04:46:55.376+0000][69][gc,age      ] GC(124) - age   4:         96 bytes,    1453592 total
[2023-03-15T04:46:55.377+0000][69][gc,age      ] GC(124) - age   5:       2040 bytes,    1455632 total
[2023-03-15T04:46:55.378+0000][69][gc,age      ] GC(124) - age   6:     218968 bytes,    1674600 total
[2023-03-15T04:46:55.378+0000][69][gc,age      ] GC(124) - age   7:      59552 bytes,    1734152 total
[2023-03-15T04:46:55.379+0000][69][gc,age      ] GC(124) - age   8:        576 bytes,    1734728 total
[2023-03-15T04:46:55.379+0000][69][gc,age      ] GC(124) - age   9:        712 bytes,    1735440 total
[2023-03-15T04:46:55.380+0000][69][gc,age      ] GC(124) - age  10:       2344 bytes,    1737784 total
[2023-03-15T04:46:55.381+0000][69][gc,age      ] GC(124) - age  11:       2544 bytes,    1740328 total
[2023-03-15T04:46:55.381+0000][69][gc,age      ] GC(124) - age  12:       1024 bytes,    1741352 total
[2023-03-15T04:46:55.382+0000][69][gc,age      ] GC(124) - age  13:        272 bytes,    1741624 total
[2023-03-15T04:46:55.382+0000][69][gc,age      ] GC(124) - age  14:       2648 bytes,    1744272 total
[2023-03-15T04:46:55.383+0000][69][gc,age      ] GC(124) - age  15:       1672 bytes,    1745944 total
[2023-03-15T04:46:55.384+0000][69][gc,heap     ] GC(124) Eden regions: 24->0(24)
[2023-03-15T04:46:55.385+0000][69][gc,heap     ] GC(124) Survivor regions: 1->1(4)
[2023-03-15T04:46:55.385+0000][69][gc,heap     ] GC(124) Old regions: 24->24
[2023-03-15T04:46:55.386+0000][69][gc,heap     ] GC(124) Archive regions: 2->2
[2023-03-15T04:46:55.386+0000][69][gc,heap     ] GC(124) Humongous regions: 2->2
[2023-03-15T04:46:55.387+0000][69][gc,metaspace] GC(124) Metaspace: 137178K(140672K)->137178K(140672K) NonClass: 119709K(120960K)->119709K(120960K) Class: 17468K(19712K)->17468K(19712K)
[2023-03-15T04:46:55.387+0000][69][gc          ] GC(124) Pause Young (Normal) (G1 Evacuation Pause) 203M->108M(256M) 32.362ms
[2023-03-15T04:46:55.388+0000][69][gc,cpu      ] GC(124) User=0.02s Sys=0.00s Real=0.03s
[2023-03-15T04:46:55.388+0000][69][safepoint   ] Safepoint "G1CollectForAllocation", Time since last: 2739014282 ns, Reaching safepoint: 157216 ns, At safepoint: 33573779 ns, Total: 33730995 ns
[2023-03-15T04:46:59.394+0000][69][safepoint   ] Safepoint "Cleanup", Time since last: 4005050712 ns, Reaching safepoint: 775044 ns, At safepoint: 42357 ns, Total: 817401 ns
[2023-03-15T04:47:00.398+0000][69][safepoint   ] Safepoint "Cleanup", Time since last: 1003488168 ns, Reaching safepoint: 771311 ns, At safepoint: 42940 ns, Total: 814251 ns
[2023-03-15T04:47:01.406+0000][69][safepoint   ] Safepoint "Cleanup", Time since last: 1007218508 ns, Reaching safepoint: 465341 ns, At safepoint: 26118 ns, Total: 491459 ns
[2023-03-15T04:47:05.935+0000][69][safepoint   ] Safepoint "Cleanup", Time since last: 4527639272 ns, Reaching safepoint: 824651 ns, At safepoint: 228298 ns, Total: 1052949 ns
[2023-03-15T04:47:06.938+0000][69][safepoint   ] Safepoint "Cleanup", Time since last: 1002373312 ns, Reaching safepoint: 688466 ns, At safepoint: 49924 ns, Total: 738390 ns
[2023-03-15T04:47:19.936+0000][69][safepoint   ] Safepoint "Cleanup", Time since last: 13018060245 ns, Reaching safepoint: 974256 ns, At safepoint: 44485 ns, Total: 1018741 ns
[2023-03-15T04:47:22.941+0000][69][safepoint   ] Safepoint "Cleanup", Time since last: 3005116649 ns, Reaching safepoint: 104039 ns, At safepoint: 9302 ns, Total: 113341 ns
[2023-03-15T04:47:23.053+0000][69][gc,start    ] GC(125) Pause Young (Concurrent Start) (G1 Evacuation Pause)
[2023-03-15T04:47:23.053+0000][69][gc,task     ] GC(125) Using 4 workers of 4 for evacuation
[2023-03-15T04:47:23.054+0000][69][gc,age      ] GC(125) Desired survivor size 8388608 bytes, new threshold 15 (max threshold 15)
[2023-03-15T04:47:23.060+0000][69][gc,phases   ] GC(125)   Pre Evacuate Collection Set: 0.3ms
[2023-03-15T04:47:23.061+0000][69][gc,phases   ] GC(125)   Merge Heap Roots: 0.0ms
[2023-03-15T04:47:23.061+0000][69][gc,phases   ] GC(125)   Evacuate Collection Set: 4.7ms
[2023-03-15T04:47:23.061+0000][69][gc,phases   ] GC(125)   Post Evacuate Collection Set: 1.0ms
[2023-03-15T04:47:23.062+0000][69][gc,phases   ] GC(125)   Other: 0.7ms
[2023-03-15T04:47:23.062+0000][69][gc,age      ] GC(125) Age table with threshold 15 (max threshold 15)
[2023-03-15T04:47:23.063+0000][69][gc,age      ] GC(125) - age   1:    1433624 bytes,    1433624 total
[2023-03-15T04:47:23.063+0000][69][gc,age      ] GC(125) - age   2:     126328 bytes,    1559952 total
[2023-03-15T04:47:23.063+0000][69][gc,age      ] GC(125) - age   3:        992 bytes,    1560944 total
[2023-03-15T04:47:23.064+0000][69][gc,age      ] GC(125) - age   4:       8600 bytes,    1569544 total
[2023-03-15T04:47:23.064+0000][69][gc,age      ] GC(125) - age   5:         96 bytes,    1569640 total
[2023-03-15T04:47:23.064+0000][69][gc,age      ] GC(125) - age   6:       2040 bytes,    1571680 total
[2023-03-15T04:47:23.065+0000][69][gc,age      ] GC(125) - age   7:     218968 bytes,    1790648 total
[2023-03-15T04:47:23.065+0000][69][gc,age      ] GC(125) - age   8:      59520 bytes,    1850168 total
[2023-03-15T04:47:23.065+0000][69][gc,age      ] GC(125) - age   9:        576 bytes,    1850744 total
[2023-03-15T04:47:23.066+0000][69][gc,age      ] GC(125) - age  10:        712 bytes,    1851456 total
[2023-03-15T04:47:23.066+0000][69][gc,age      ] GC(125) - age  11:       2344 bytes,    1853800 total
[2023-03-15T04:47:23.067+0000][69][gc,age      ] GC(125) - age  12:       2544 bytes,    1856344 total
[2023-03-15T04:47:23.067+0000][69][gc,age      ] GC(125) - age  13:       1024 bytes,    1857368 total
[2023-03-15T04:47:23.067+0000][69][gc,age      ] GC(125) - age  14:        272 bytes,    1857640 total
[2023-03-15T04:47:23.068+0000][69][gc,age      ] GC(125) - age  15:       2648 bytes,    1860288 total
[2023-03-15T04:47:23.068+0000][69][gc,heap     ] GC(125) Eden regions: 24->0(24)
[2023-03-15T04:47:23.068+0000][69][gc,heap     ] GC(125) Survivor regions: 1->1(4)
[2023-03-15T04:47:23.069+0000][69][gc,heap     ] GC(125) Old regions: 24->24
[2023-03-15T04:47:23.069+0000][69][gc,heap     ] GC(125) Archive regions: 2->2
[2023-03-15T04:47:23.069+0000][69][gc,heap     ] GC(125) Humongous regions: 2->2
[2023-03-15T04:47:23.070+0000][69][gc,metaspace] GC(125) Metaspace: 137183K(140736K)->137183K(140736K) NonClass: 119715K(121024K)->119715K(121024K) Class: 17468K(19712K)->17468K(19712K)
[2023-03-15T04:47:23.070+0000][69][gc          ] GC(125) Pause Young (Concurrent Start) (G1 Evacuation Pause) 204M->108M(256M) 17.135ms
[2023-03-15T04:47:23.070+0000][69][gc,cpu      ] GC(125) User=0.02s Sys=0.00s Real=0.02s
[2023-03-15T04:47:23.071+0000][69][safepoint   ] Safepoint "G1CollectForAllocation", Time since last: 112033042 ns, Reaching safepoint: 36304 ns, At safepoint: 17906344 ns, Total: 17942648 ns
[2023-03-15T04:47:23.070+0000][69][gc          ] GC(126) Concurrent Mark Cycle
[2023-03-15T04:47:23.073+0000][69][gc,marking  ] GC(126) Concurrent Clear Claimed Marks
[2023-03-15T04:47:23.074+0000][69][gc,marking  ] GC(126) Concurrent Clear Claimed Marks 0.780ms
[2023-03-15T04:47:23.074+0000][69][gc,marking  ] GC(126) Concurrent Scan Root Regions
[2023-03-15T04:47:23.076+0000][69][gc,marking  ] GC(126) Concurrent Scan Root Regions 2.415ms
[2023-03-15T04:47:23.077+0000][69][gc,marking  ] GC(126) Concurrent Mark
[2023-03-15T04:47:23.077+0000][69][gc,marking  ] GC(126) Concurrent Mark From Roots
[2023-03-15T04:47:23.078+0000][69][gc,task     ] GC(126) Using 1 workers of 1 for marking
[2023-03-15T04:47:23.330+0000][69][gc,marking  ] GC(126) Concurrent Mark From Roots 252.839ms
[2023-03-15T04:47:23.331+0000][69][gc,marking  ] GC(126) Concurrent Preclean
[2023-03-15T04:47:23.332+0000][69][gc,marking  ] GC(126) Concurrent Preclean 0.921ms
[2023-03-15T04:47:23.332+0000][69][gc,start    ] GC(126) Pause Remark
[2023-03-15T04:47:23.354+0000][69][gc          ] GC(126) Pause Remark 109M->109M(256M) 21.322ms
[2023-03-15T04:47:23.355+0000][69][gc,cpu      ] GC(126) User=0.06s Sys=0.00s Real=0.02s
[2023-03-15T04:47:23.357+0000][69][safepoint   ] Safepoint "G1PauseRemark", Time since last: 261557627 ns, Reaching safepoint: 57939 ns, At safepoint: 24064575 ns, Total: 24122514 ns
[2023-03-15T04:47:23.363+0000][69][gc,marking  ] GC(126) Concurrent Mark 286.189ms
[2023-03-15T04:47:23.364+0000][69][gc,marking  ] GC(126) Concurrent Rebuild Remembered Sets
[2023-03-15T04:47:23.420+0000][69][gc,marking  ] GC(126) Concurrent Rebuild Remembered Sets 55.797ms
[2023-03-15T04:47:23.421+0000][69][gc,start    ] GC(126) Pause Cleanup
[2023-03-15T04:47:23.422+0000][69][gc          ] GC(126) Pause Cleanup 109M->109M(256M) 0.830ms
[2023-03-15T04:47:23.422+0000][69][gc,cpu      ] GC(126) User=0.00s Sys=0.00s Real=0.00s
[2023-03-15T04:47:23.423+0000][69][safepoint   ] Safepoint "G1PauseCleanup", Time since last: 64280067 ns, Reaching safepoint: 95398 ns, At safepoint: 2099777 ns, Total: 2195175 ns
[2023-03-15T04:47:23.424+0000][69][gc,marking  ] GC(126) Concurrent Cleanup for Next Mark
[2023-03-15T04:47:23.424+0000][69][gc,marking  ] GC(126) Concurrent Cleanup for Next Mark 0.702ms
[2023-03-15T04:47:23.425+0000][69][gc          ] GC(126) Concurrent Mark Cycle 354.188ms
[2023-03-15T04:47:30.434+0000][69][safepoint   ] Safepoint "Cleanup", Time since last: 7010923044 ns, Reaching safepoint: 338755 ns, At safepoint: 13260 ns, Total: 352015 ns
[2023-03-15T04:47:47.531+0000][69][safepoint   ] Safepoint "Cleanup", Time since last: 17117797598 ns, Reaching safepoint: 183960 ns, At safepoint: 26734 ns, Total: 210694 ns
[2023-03-15T04:47:52.535+0000][69][safepoint   ] Safepoint "Cleanup", Time since last: 5004431171 ns, Reaching safepoint: 124557 ns, At safepoint: 3949 ns, Total: 128506 ns
[2023-03-15T04:47:57.545+0000][69][safepoint   ] Safepoint "Cleanup", Time since last: 5009356527 ns, Reaching safepoint: 322592 ns, At safepoint: 11346 ns, Total: 333938 ns
[2023-03-15T04:47:58.548+0000][69][safepoint   ] Safepoint "Cleanup", Time since last: 1003031604 ns, Reaching safepoint: 132091 ns, At safepoint: 4867 ns, Total: 136958 ns
[2023-03-15T04:47:58.666+0000][69][gc,start    ] GC(127) Pause Young (Normal) (G1 Evacuation Pause)
[2023-03-15T04:47:58.667+0000][69][gc,task     ] GC(127) Using 4 workers of 4 for evacuation
[2023-03-15T04:47:58.667+0000][69][gc,age      ] GC(127) Desired survivor size 8388608 bytes, new threshold 15 (max threshold 15)
[2023-03-15T04:47:58.673+0000][69][gc,phases   ] GC(127)   Pre Evacuate Collection Set: 0.1ms
[2023-03-15T04:47:58.674+0000][69][gc,phases   ] GC(127)   Merge Heap Roots: 0.1ms
[2023-03-15T04:47:58.675+0000][69][gc,phases   ] GC(127)   Evacuate Collection Set: 3.6ms
[2023-03-15T04:47:58.675+0000][69][gc,phases   ] GC(127)   Post Evacuate Collection Set: 1.2ms
[2023-03-15T04:47:58.676+0000][69][gc,phases   ] GC(127)   Other: 1.2ms
[2023-03-15T04:47:58.676+0000][69][gc,age      ] GC(127) Age table with threshold 15 (max threshold 15)
[2023-03-15T04:47:58.677+0000][69][gc,age      ] GC(127) - age   1:     945512 bytes,     945512 total
[2023-03-15T04:47:58.677+0000][69][gc,age      ] GC(127) - age   2:     133456 bytes,    1078968 total
[2023-03-15T04:47:58.678+0000][69][gc,age      ] GC(127) - age   3:       8984 bytes,    1087952 total
[2023-03-15T04:47:58.678+0000][69][gc,age      ] GC(127) - age   4:        816 bytes,    1088768 total
[2023-03-15T04:47:58.679+0000][69][gc,age      ] GC(127) - age   5:       8600 bytes,    1097368 total
[2023-03-15T04:47:58.679+0000][69][gc,age      ] GC(127) - age   6:         96 bytes,    1097464 total
[2023-03-15T04:47:58.680+0000][69][gc,age      ] GC(127) - age   7:       2040 bytes,    1099504 total
[2023-03-15T04:47:58.680+0000][69][gc,age      ] GC(127) - age   8:     218968 bytes,    1318472 total
[2023-03-15T04:47:58.681+0000][69][gc,age      ] GC(127) - age   9:      59520 bytes,    1377992 total
[2023-03-15T04:47:58.681+0000][69][gc,age      ] GC(127) - age  10:        400 bytes,    1378392 total
[2023-03-15T04:47:58.682+0000][69][gc,age      ] GC(127) - age  11:        712 bytes,    1379104 total
[2023-03-15T04:47:58.682+0000][69][gc,age      ] GC(127) - age  12:       2344 bytes,    1381448 total
[2023-03-15T04:47:58.683+0000][69][gc,age      ] GC(127) - age  13:       2544 bytes,    1383992 total
[2023-03-15T04:47:58.683+0000][69][gc,age      ] GC(127) - age  14:       1024 bytes,    1385016 total
[2023-03-15T04:47:58.683+0000][69][gc,age      ] GC(127) - age  15:        272 bytes,    1385288 total
[2023-03-15T04:47:58.684+0000][69][gc,heap     ] GC(127) Eden regions: 24->0(24)
[2023-03-15T04:47:58.684+0000][69][gc,heap     ] GC(127) Survivor regions: 1->1(4)
[2023-03-15T04:47:58.685+0000][69][gc,heap     ] GC(127) Old regions: 24->24
[2023-03-15T04:47:58.685+0000][69][gc,heap     ] GC(127) Archive regions: 2->2
[2023-03-15T04:47:58.685+0000][69][gc,heap     ] GC(127) Humongous regions: 2->2
[2023-03-15T04:47:58.686+0000][69][gc,metaspace] GC(127) Metaspace: 137186K(140736K)->137186K(140736K) NonClass: 119718K(121024K)->119718K(121024K) Class: 17468K(19712K)->17468K(19712K)
[2023-03-15T04:47:58.686+0000][69][gc          ] GC(127) Pause Young (Normal) (G1 Evacuation Pause) 204M->107M(256M) 20.747ms
[2023-03-15T04:47:58.687+0000][69][gc,cpu      ] GC(127) User=0.01s Sys=0.00s Real=0.02s
[2023-03-15T04:47:58.687+0000][69][safepoint   ] Safepoint "G1CollectForAllocation", Time since last: 117434264 ns, Reaching safepoint: 91301 ns, At safepoint: 21701496 ns, Total: 21792797 ns
[2023-03-15T04:48:00.690+0000][69][safepoint   ] Safepoint "Cleanup", Time since last: 2002077534 ns, Reaching safepoint: 346132 ns, At safepoint: 12496 ns, Total: 358628 ns
[2023-03-15T04:48:06.704+0000][69][safepoint   ] Safepoint "Cleanup", Time since last: 6013359915 ns, Reaching safepoint: 639751 ns, At safepoint: 46450 ns, Total: 686201 ns
[2023-03-15T04:48:14.720+0000][69][safepoint   ] Safepoint "Cleanup", Time since last: 8014886236 ns, Reaching safepoint: 863892 ns, At safepoint: 32000 ns, Total: 895892 ns
[2023-03-15T04:48:16.703+0000][69][safepoint   ] Safepoint "Cleanup", Time since last: 2004371639 ns, Reaching safepoint: 254758 ns, At safepoint: 33569 ns, Total: 288327 ns
[2023-03-15T04:48:17.705+0000][69][safepoint   ] Safepoint "Cleanup", Time since last: 1001978265 ns, Reaching safepoint: 130356 ns, At safepoint: 4103 ns, Total: 134459 ns
[2023-03-15T04:48:31.358+0000][69][gc,start    ] GC(128) Pause Young (Concurrent Start) (G1 Evacuation Pause)
[2023-03-15T04:48:31.359+0000][69][gc,task     ] GC(128) Using 4 workers of 4 for evacuation
[2023-03-15T04:48:31.360+0000][69][gc,age      ] GC(128) Desired survivor size 8388608 bytes, new threshold 15 (max threshold 15)
[2023-03-15T04:48:31.366+0000][69][gc,phases   ] GC(128)   Pre Evacuate Collection Set: 0.6ms
[2023-03-15T04:48:31.367+0000][69][gc,phases   ] GC(128)   Merge Heap Roots: 0.2ms
[2023-03-15T04:48:31.368+0000][69][gc,phases   ] GC(128)   Evacuate Collection Set: 2.7ms
[2023-03-15T04:48:31.369+0000][69][gc,phases   ] GC(128)   Post Evacuate Collection Set: 1.2ms
[2023-03-15T04:48:31.370+0000][69][gc,phases   ] GC(128)   Other: 2.3ms
[2023-03-15T04:48:31.370+0000][69][gc,age      ] GC(128) Age table with threshold 15 (max threshold 15)
[2023-03-15T04:48:31.371+0000][69][gc,age      ] GC(128) - age   1:    1102488 bytes,    1102488 total
[2023-03-15T04:48:31.371+0000][69][gc,age      ] GC(128) - age   2:     152296 bytes,    1254784 total
[2023-03-15T04:48:31.372+0000][69][gc,age      ] GC(128) - age   3:        232 bytes,    1255016 total
[2023-03-15T04:48:31.373+0000][69][gc,age      ] GC(128) - age   4:       8736 bytes,    1263752 total
[2023-03-15T04:48:31.373+0000][69][gc,age      ] GC(128) - age   5:        688 bytes,    1264440 total
[2023-03-15T04:48:31.374+0000][69][gc,age      ] GC(128) - age   6:       8600 bytes,    1273040 total
[2023-03-15T04:48:31.375+0000][69][gc,age      ] GC(128) - age   7:         96 bytes,    1273136 total
[2023-03-15T04:48:31.375+0000][69][gc,age      ] GC(128) - age   8:       2040 bytes,    1275176 total
[2023-03-15T04:48:31.376+0000][69][gc,age      ] GC(128) - age   9:     210536 bytes,    1485712 total
[2023-03-15T04:48:31.376+0000][69][gc,age      ] GC(128) - age  10:      59520 bytes,    1545232 total
[2023-03-15T04:48:31.377+0000][69][gc,age      ] GC(128) - age  11:        344 bytes,    1545576 total
[2023-03-15T04:48:31.377+0000][69][gc,age      ] GC(128) - age  12:        712 bytes,    1546288 total
[2023-03-15T04:48:31.378+0000][69][gc,age      ] GC(128) - age  13:       2344 bytes,    1548632 total
[2023-03-15T04:48:31.378+0000][69][gc,age      ] GC(128) - age  14:       2544 bytes,    1551176 total
[2023-03-15T04:48:31.379+0000][69][gc,age      ] GC(128) - age  15:       1024 bytes,    1552200 total
[2023-03-15T04:48:31.380+0000][69][gc,heap     ] GC(128) Eden regions: 24->0(24)
[2023-03-15T04:48:31.380+0000][69][gc,heap     ] GC(128) Survivor regions: 1->1(4)
[2023-03-15T04:48:31.380+0000][69][gc,heap     ] GC(128) Old regions: 24->24
[2023-03-15T04:48:31.381+0000][69][gc,heap     ] GC(128) Archive regions: 2->2
[2023-03-15T04:48:31.381+0000][69][gc,heap     ] GC(128) Humongous regions: 2->2
[2023-03-15T04:48:31.382+0000][69][gc,metaspace] GC(128) Metaspace: 137197K(140736K)->137197K(140736K) NonClass: 119729K(121024K)->119729K(121024K) Class: 17468K(19712K)->17468K(19712K)
[2023-03-15T04:48:31.382+0000][69][gc          ] GC(128) Pause Young (Concurrent Start) (G1 Evacuation Pause) 203M->107M(256M) 24.779ms
[2023-03-15T04:48:31.383+0000][69][gc          ] GC(129) Concurrent Mark Cycle
[2023-03-15T04:48:31.383+0000][69][gc,marking  ] GC(129) Concurrent Clear Claimed Marks
[2023-03-15T04:48:31.384+0000][69][gc,marking  ] GC(129) Concurrent Clear Claimed Marks 0.737ms
[2023-03-15T04:48:31.385+0000][69][gc,marking  ] GC(129) Concurrent Scan Root Regions
[2023-03-15T04:48:31.383+0000][69][gc,cpu      ] GC(128) User=0.01s Sys=0.00s Real=0.02s
[2023-03-15T04:48:31.386+0000][69][safepoint   ] Safepoint "G1CollectForAllocation", Time since last: 13652068539 ns, Reaching safepoint: 239802 ns, At safepoint: 28563260 ns, Total: 28803062 ns
[2023-03-15T04:48:31.388+0000][69][gc,marking  ] GC(129) Concurrent Scan Root Regions 2.961ms
[2023-03-15T04:48:31.389+0000][69][gc,marking  ] GC(129) Concurrent Mark
[2023-03-15T04:48:31.390+0000][69][gc,marking  ] GC(129) Concurrent Mark From Roots
[2023-03-15T04:48:31.390+0000][69][gc,task     ] GC(129) Using 1 workers of 1 for marking
[2023-03-15T04:48:31.486+0000][69][gc,marking  ] GC(129) Concurrent Mark From Roots 96.356ms
[2023-03-15T04:48:31.487+0000][69][gc,marking  ] GC(129) Concurrent Preclean
[2023-03-15T04:48:31.488+0000][69][gc,marking  ] GC(129) Concurrent Preclean 1.181ms
[2023-03-15T04:48:31.489+0000][69][gc,start    ] GC(129) Pause Remark
[2023-03-15T04:48:31.497+0000][69][gc          ] GC(129) Pause Remark 110M->110M(256M) 8.180ms
[2023-03-15T04:48:31.498+0000][69][gc,cpu      ] GC(129) User=0.02s Sys=0.00s Real=0.01s
[2023-03-15T04:48:31.499+0000][69][safepoint   ] Safepoint "G1PauseRemark", Time since last: 102739202 ns, Reaching safepoint: 125682 ns, At safepoint: 9679285 ns, Total: 9804967 ns
[2023-03-15T04:48:31.499+0000][69][gc,marking  ] GC(129) Concurrent Mark 110.420ms
[2023-03-15T04:48:31.500+0000][69][gc,marking  ] GC(129) Concurrent Rebuild Remembered Sets
[2023-03-15T04:48:31.549+0000][69][gc,marking  ] GC(129) Concurrent Rebuild Remembered Sets 49.012ms
[2023-03-15T04:48:31.550+0000][69][gc,start    ] GC(129) Pause Cleanup
[2023-03-15T04:48:31.551+0000][69][gc          ] GC(129) Pause Cleanup 110M->110M(256M) 1.061ms
[2023-03-15T04:48:31.552+0000][69][gc,cpu      ] GC(129) User=0.00s Sys=0.00s Real=0.00s
[2023-03-15T04:48:31.553+0000][69][safepoint   ] Safepoint "G1PauseCleanup", Time since last: 50987897 ns, Reaching safepoint: 85007 ns, At safepoint: 2783178 ns, Total: 2868185 ns
[2023-03-15T04:48:31.553+0000][69][gc,marking  ] GC(129) Concurrent Cleanup for Next Mark
[2023-03-15T04:48:31.554+0000][69][gc,marking  ] GC(129) Concurrent Cleanup for Next Mark 0.660ms
[2023-03-15T04:48:31.554+0000][69][gc          ] GC(129) Concurrent Mark Cycle 171.393ms
[2023-03-15T04:48:33.560+0000][69][safepoint   ] Safepoint "Cleanup", Time since last: 2006506602 ns, Reaching safepoint: 369740 ns, At safepoint: 15367 ns, Total: 385107 ns
[2023-03-15T04:48:35.563+0000][69][safepoint   ] Safepoint "Cleanup", Time since last: 2003068135 ns, Reaching safepoint: 212675 ns, At safepoint: 8511 ns, Total: 221186 ns
[2023-03-15T04:48:37.567+0000][69][safepoint   ] Safepoint "Cleanup", Time since last: 2003981416 ns, Reaching safepoint: 87030 ns, At safepoint: 11475 ns, Total: 98505 ns
[2023-03-15T04:48:47.557+0000][69][safepoint   ] Safepoint "Cleanup", Time since last: 10010606067 ns, Reaching safepoint: 876483 ns, At safepoint: 42337 ns, Total: 918820 ns
[2023-03-15T04:48:49.561+0000][69][safepoint   ] Safepoint "Cleanup", Time since last: 2003648192 ns, Reaching safepoint: 244569 ns, At safepoint: 9723 ns, Total: 254292 ns
[2023-03-15T04:48:50.565+0000][69][safepoint   ] Safepoint "Cleanup", Time since last: 1003455475 ns, Reaching safepoint: 655285 ns, At safepoint: 47346 ns, Total: 702631 ns
[2023-03-15T04:48:52.692+0000][69][gc,start    ] GC(130) Pause Young (Normal) (G1 Evacuation Pause)
[2023-03-15T04:48:52.693+0000][69][gc,task     ] GC(130) Using 4 workers of 4 for evacuation
[2023-03-15T04:48:52.693+0000][69][gc,age      ] GC(130) Desired survivor size 8388608 bytes, new threshold 15 (max threshold 15)
[2023-03-15T04:48:52.696+0000][69][gc,phases   ] GC(130)   Pre Evacuate Collection Set: 0.1ms
[2023-03-15T04:48:52.697+0000][69][gc,phases   ] GC(130)   Merge Heap Roots: 0.1ms
[2023-03-15T04:48:52.698+0000][69][gc,phases   ] GC(130)   Evacuate Collection Set: 1.8ms
[2023-03-15T04:48:52.699+0000][69][gc,phases   ] GC(130)   Post Evacuate Collection Set: 0.7ms
[2023-03-15T04:48:52.700+0000][69][gc,phases   ] GC(130)   Other: 1.3ms
[2023-03-15T04:48:52.701+0000][69][gc,age      ] GC(130) Age table with threshold 15 (max threshold 15)
[2023-03-15T04:48:52.701+0000][69][gc,age      ] GC(130) - age   1:    2039488 bytes,    2039488 total
[2023-03-15T04:48:52.702+0000][69][gc,age      ] GC(130) - age   2:      34080 bytes,    2073568 total
[2023-03-15T04:48:52.703+0000][69][gc,age      ] GC(130) - age   3:     134368 bytes,    2207936 total
[2023-03-15T04:48:52.704+0000][69][gc,age      ] GC(130) - age   4:         72 bytes,    2208008 total
[2023-03-15T04:48:52.704+0000][69][gc,age      ] GC(130) - age   5:       8592 bytes,    2216600 total
[2023-03-15T04:48:52.705+0000][69][gc,age      ] GC(130) - age   6:        624 bytes,    2217224 total
[2023-03-15T04:48:52.705+0000][69][gc,age      ] GC(130) - age   7:        584 bytes,    2217808 total
[2023-03-15T04:48:52.706+0000][69][gc,age      ] GC(130) - age   8:         96 bytes,    2217904 total
[2023-03-15T04:48:52.706+0000][69][gc,age      ] GC(130) - age   9:       1608 bytes,    2219512 total
[2023-03-15T04:48:52.707+0000][69][gc,age      ] GC(130) - age  10:     120720 bytes,    2340232 total
[2023-03-15T04:48:52.707+0000][69][gc,age      ] GC(130) - age  11:      59008 bytes,    2399240 total
[2023-03-15T04:48:52.708+0000][69][gc,age      ] GC(130) - age  12:        344 bytes,    2399584 total
[2023-03-15T04:48:52.708+0000][69][gc,age      ] GC(130) - age  13:        712 bytes,    2400296 total
[2023-03-15T04:48:52.709+0000][69][gc,age      ] GC(130) - age  14:       2344 bytes,    2402640 total
[2023-03-15T04:48:52.709+0000][69][gc,age      ] GC(130) - age  15:       2544 bytes,    2405184 total
[2023-03-15T04:48:52.710+0000][69][gc,heap     ] GC(130) Eden regions: 24->0(23)
[2023-03-15T04:48:52.710+0000][69][gc,heap     ] GC(130) Survivor regions: 1->1(4)
[2023-03-15T04:48:52.711+0000][69][gc,heap     ] GC(130) Old regions: 24->24
[2023-03-15T04:48:52.711+0000][69][gc,heap     ] GC(130) Archive regions: 2->2
[2023-03-15T04:48:52.711+0000][69][gc,heap     ] GC(130) Humongous regions: 2->2
[2023-03-15T04:48:52.712+0000][69][gc,metaspace] GC(130) Metaspace: 137205K(140736K)->137205K(140736K) NonClass: 119736K(121024K)->119736K(121024K) Class: 17468K(19712K)->17468K(19712K)
[2023-03-15T04:48:52.712+0000][69][gc          ] GC(130) Pause Young (Normal) (G1 Evacuation Pause) 203M->108M(256M) 20.541ms
[2023-03-15T04:48:52.713+0000][69][gc,cpu      ] GC(130) User=0.01s Sys=0.00s Real=0.02s
[2023-03-15T04:48:52.713+0000][69][safepoint   ] Safepoint "G1CollectForAllocation", Time since last: 2126911146 ns, Reaching safepoint: 93007 ns, At safepoint: 21555512 ns, Total: 21648519 ns
[2023-03-15T04:48:53.719+0000][69][safepoint   ] Safepoint "Cleanup", Time since last: 1005410183 ns, Reaching safepoint: 150986 ns, At safepoint: 74034 ns, Total: 225020 ns
[2023-03-15T04:48:58.726+0000][69][safepoint   ] Safepoint "Cleanup", Time since last: 5006580163 ns, Reaching safepoint: 262808 ns, At safepoint: 63221 ns, Total: 326029 ns
[2023-03-15T04:48:59.729+0000][69][safepoint   ] Safepoint "Cleanup", Time since last: 1002528642 ns, Reaching safepoint: 250453 ns, At safepoint: 14695 ns, Total: 265148 ns
[2023-03-15T04:49:04.739+0000][69][safepoint   ] Safepoint "Cleanup", Time since last: 5010682011 ns, Reaching safepoint: 69013 ns, At safepoint: 5299 ns, Total: 74312 ns
[2023-03-15T04:49:05.744+0000][69][safepoint   ] Safepoint "Cleanup", Time since last: 1003859332 ns, Reaching safepoint: 560530 ns, At safepoint: 121193 ns, Total: 681723 ns
[2023-03-15T04:49:06.748+0000][69][safepoint   ] Safepoint "Cleanup", Time since last: 1003553384 ns, Reaching safepoint: 354822 ns, At safepoint: 10899 ns, Total: 365721 ns
[2023-03-15T04:49:22.549+0000][69][gc,start    ] GC(131) Pause Young (Concurrent Start) (G1 Evacuation Pause)
[2023-03-15T04:49:22.550+0000][69][gc,task     ] GC(131) Using 4 workers of 4 for evacuation
[2023-03-15T04:49:22.550+0000][69][gc,age      ] GC(131) Desired survivor size 6291456 bytes, new threshold 15 (max threshold 15)
[2023-03-15T04:49:22.554+0000][69][gc,phases   ] GC(131)   Pre Evacuate Collection Set: 0.3ms
[2023-03-15T04:49:22.555+0000][69][gc,phases   ] GC(131)   Merge Heap Roots: 0.2ms
[2023-03-15T04:49:22.556+0000][69][gc,phases   ] GC(131)   Evacuate Collection Set: 2.0ms
[2023-03-15T04:49:22.556+0000][69][gc,phases   ] GC(131)   Post Evacuate Collection Set: 0.7ms
[2023-03-15T04:49:22.557+0000][69][gc,phases   ] GC(131)   Other: 1.5ms
[2023-03-15T04:49:22.557+0000][69][gc,age      ] GC(131) Age table with threshold 15 (max threshold 15)
[2023-03-15T04:49:22.557+0000][69][gc,age      ] GC(131) - age   1:     924648 bytes,     924648 total
[2023-03-15T04:49:22.558+0000][69][gc,age      ] GC(131) - age   2:      27832 bytes,     952480 total
[2023-03-15T04:49:22.558+0000][69][gc,age      ] GC(131) - age   3:      22208 bytes,     974688 total
[2023-03-15T04:49:22.559+0000][69][gc,age      ] GC(131) - age   4:       4784 bytes,     979472 total
[2023-03-15T04:49:22.559+0000][69][gc,age      ] GC(131) - age   5:         72 bytes,     979544 total
[2023-03-15T04:49:22.560+0000][69][gc,age      ] GC(131) - age   6:       8592 bytes,     988136 total
[2023-03-15T04:49:22.560+0000][69][gc,age      ] GC(131) - age   7:        624 bytes,     988760 total
[2023-03-15T04:49:22.560+0000][69][gc,age      ] GC(131) - age   8:        288 bytes,     989048 total
[2023-03-15T04:49:22.561+0000][69][gc,age      ] GC(131) - age   9:         96 bytes,     989144 total
[2023-03-15T04:49:22.561+0000][69][gc,age      ] GC(131) - age  10:       1608 bytes,     990752 total
[2023-03-15T04:49:22.561+0000][69][gc,age      ] GC(131) - age  11:     119256 bytes,    1110008 total
[2023-03-15T04:49:22.562+0000][69][gc,age      ] GC(131) - age  12:      59008 bytes,    1169016 total
[2023-03-15T04:49:22.562+0000][69][gc,age      ] GC(131) - age  13:        344 bytes,    1169360 total
[2023-03-15T04:49:22.563+0000][69][gc,age      ] GC(131) - age  14:        712 bytes,    1170072 total
[2023-03-15T04:49:22.563+0000][69][gc,age      ] GC(131) - age  15:       2344 bytes,    1172416 total
[2023-03-15T04:49:22.563+0000][69][gc,heap     ] GC(131) Eden regions: 23->0(24)
[2023-03-15T04:49:22.564+0000][69][gc,heap     ] GC(131) Survivor regions: 1->1(3)
[2023-03-15T04:49:22.564+0000][69][gc,heap     ] GC(131) Old regions: 24->24
[2023-03-15T04:49:22.565+0000][69][gc,heap     ] GC(131) Archive regions: 2->2
[2023-03-15T04:49:22.565+0000][69][gc,heap     ] GC(131) Humongous regions: 2->2
[2023-03-15T04:49:22.566+0000][69][gc,metaspace] GC(131) Metaspace: 137212K(140736K)->137212K(140736K) NonClass: 119743K(121024K)->119743K(121024K) Class: 17468K(19712K)->17468K(19712K)
[2023-03-15T04:49:22.566+0000][69][gc          ] GC(131) Pause Young (Concurrent Start) (G1 Evacuation Pause) 200M->107M(256M) 17.035ms
[2023-03-15T04:49:22.566+0000][69][gc,cpu      ] GC(131) User=0.00s Sys=0.00s Real=0.02s
[2023-03-15T04:49:22.566+0000][69][gc          ] GC(132) Concurrent Mark Cycle
[2023-03-15T04:49:22.567+0000][69][gc,marking  ] GC(132) Concurrent Clear Claimed Marks
[2023-03-15T04:49:22.567+0000][69][safepoint   ] Safepoint "G1CollectForAllocation", Time since last: 15824688480 ns, Reaching safepoint: 58819 ns, At safepoint: 18127977 ns, Total: 18186796 ns
[2023-03-15T04:49:22.568+0000][69][gc,marking  ] GC(132) Concurrent Clear Claimed Marks 0.693ms
[2023-03-15T04:49:22.572+0000][69][gc,marking  ] GC(132) Concurrent Scan Root Regions
[2023-03-15T04:49:22.576+0000][69][gc,marking  ] GC(132) Concurrent Scan Root Regions 4.486ms
[2023-03-15T04:49:22.577+0000][69][gc,marking  ] GC(132) Concurrent Mark
[2023-03-15T04:49:22.577+0000][69][gc,marking  ] GC(132) Concurrent Mark From Roots
[2023-03-15T04:49:22.578+0000][69][gc,task     ] GC(132) Using 1 workers of 1 for marking
[2023-03-15T04:49:22.677+0000][69][gc,marking  ] GC(132) Concurrent Mark From Roots 99.809ms
[2023-03-15T04:49:22.678+0000][69][gc,marking  ] GC(132) Concurrent Preclean
[2023-03-15T04:49:22.680+0000][69][gc,marking  ] GC(132) Concurrent Preclean 1.350ms
[2023-03-15T04:49:22.681+0000][69][gc,start    ] GC(132) Pause Remark
[2023-03-15T04:49:22.694+0000][69][gc          ] GC(132) Pause Remark 111M->111M(256M) 13.123ms
[2023-03-15T04:49:22.695+0000][69][gc,cpu      ] GC(132) User=0.02s Sys=0.00s Real=0.01s
[2023-03-15T04:49:22.696+0000][69][safepoint   ] Safepoint "G1PauseRemark", Time since last: 113847191 ns, Reaching safepoint: 64382 ns, At safepoint: 14997755 ns, Total: 15062137 ns
[2023-03-15T04:49:22.697+0000][69][gc,marking  ] GC(132) Concurrent Mark 119.774ms
[2023-03-15T04:49:22.697+0000][69][gc,marking  ] GC(132) Concurrent Rebuild Remembered Sets
[2023-03-15T04:49:22.752+0000][69][gc,marking  ] GC(132) Concurrent Rebuild Remembered Sets 54.143ms
[2023-03-15T04:49:22.753+0000][69][gc,start    ] GC(132) Pause Cleanup
[2023-03-15T04:49:22.754+0000][69][gc          ] GC(132) Pause Cleanup 111M->111M(256M) 0.971ms
[2023-03-15T04:49:22.755+0000][69][gc,cpu      ] GC(132) User=0.00s Sys=0.00s Real=0.00s
[2023-03-15T04:49:22.756+0000][69][safepoint   ] Safepoint "G1PauseCleanup", Time since last: 56997071 ns, Reaching safepoint: 254706 ns, At safepoint: 2301105 ns, Total: 2555811 ns
[2023-03-15T04:49:22.756+0000][69][gc,marking  ] GC(132) Concurrent Cleanup for Next Mark
[2023-03-15T04:49:22.757+0000][69][gc,marking  ] GC(132) Concurrent Cleanup for Next Mark 0.784ms
[2023-03-15T04:49:22.757+0000][69][gc          ] GC(132) Concurrent Mark Cycle 190.834ms
[2023-03-15T04:49:40.789+0000][69][safepoint   ] Safepoint "Cleanup", Time since last: 18032666026 ns, Reaching safepoint: 399448 ns, At safepoint: 12297 ns, Total: 411745 ns
[2023-03-15T04:49:58.401+0000][69][gc,start    ] GC(133) Pause Young (Normal) (G1 Evacuation Pause)
[2023-03-15T04:49:58.401+0000][69][gc,task     ] GC(133) Using 4 workers of 4 for evacuation
[2023-03-15T04:49:58.402+0000][69][gc,age      ] GC(133) Desired survivor size 8388608 bytes, new threshold 15 (max threshold 15)
[2023-03-15T04:49:58.406+0000][69][gc,phases   ] GC(133)   Pre Evacuate Collection Set: 0.2ms
[2023-03-15T04:49:58.407+0000][69][gc,phases   ] GC(133)   Merge Heap Roots: 0.2ms
[2023-03-15T04:49:58.407+0000][69][gc,phases   ] GC(133)   Evacuate Collection Set: 2.1ms
[2023-03-15T04:49:58.408+0000][69][gc,phases   ] GC(133)   Post Evacuate Collection Set: 1.2ms
[2023-03-15T04:49:58.408+0000][69][gc,phases   ] GC(133)   Other: 1.0ms
[2023-03-15T04:49:58.409+0000][69][gc,age      ] GC(133) Age table with threshold 15 (max threshold 15)
[2023-03-15T04:49:58.410+0000][69][gc,age      ] GC(133) - age   1:    1158240 bytes,    1158240 total
[2023-03-15T04:49:58.411+0000][69][gc,age      ] GC(133) - age   2:     426976 bytes,    1585216 total
[2023-03-15T04:49:58.411+0000][69][gc,age      ] GC(133) - age   3:      25456 bytes,    1610672 total
[2023-03-15T04:49:58.412+0000][69][gc,age      ] GC(133) - age   4:      21952 bytes,    1632624 total
[2023-03-15T04:49:58.412+0000][69][gc,age      ] GC(133) - age   5:       4480 bytes,    1637104 total
[2023-03-15T04:49:58.413+0000][69][gc,age      ] GC(133) - age   6:         72 bytes,    1637176 total
[2023-03-15T04:49:58.413+0000][69][gc,age      ] GC(133) - age   7:       8592 bytes,    1645768 total
[2023-03-15T04:49:58.413+0000][69][gc,age      ] GC(133) - age   8:        624 bytes,    1646392 total
[2023-03-15T04:49:58.414+0000][69][gc,age      ] GC(133) - age   9:        288 bytes,    1646680 total
[2023-03-15T04:49:58.414+0000][69][gc,age      ] GC(133) - age  10:         96 bytes,    1646776 total
[2023-03-15T04:49:58.415+0000][69][gc,age      ] GC(133) - age  11:       1608 bytes,    1648384 total
[2023-03-15T04:49:58.415+0000][69][gc,age      ] GC(133) - age  12:     118824 bytes,    1767208 total
[2023-03-15T04:49:58.416+0000][69][gc,age      ] GC(133) - age  13:      59008 bytes,    1826216 total
[2023-03-15T04:49:58.416+0000][69][gc,age      ] GC(133) - age  14:        344 bytes,    1826560 total
[2023-03-15T04:49:58.416+0000][69][gc,age      ] GC(133) - age  15:        712 bytes,    1827272 total
[2023-03-15T04:49:58.417+0000][69][gc,heap     ] GC(133) Eden regions: 24->0(24)
[2023-03-15T04:49:58.418+0000][69][gc,heap     ] GC(133) Survivor regions: 1->1(4)
[2023-03-15T04:49:58.418+0000][69][gc,heap     ] GC(133) Old regions: 24->24
[2023-03-15T04:49:58.418+0000][69][gc,heap     ] GC(133) Archive regions: 2->2
[2023-03-15T04:49:58.419+0000][69][gc,heap     ] GC(133) Humongous regions: 2->2
[2023-03-15T04:49:58.419+0000][69][gc,metaspace] GC(133) Metaspace: 137222K(140736K)->137222K(140736K) NonClass: 119753K(121024K)->119753K(121024K) Class: 17468K(19712K)->17468K(19712K)
[2023-03-15T04:49:58.420+0000][69][gc          ] GC(133) Pause Young (Normal) (G1 Evacuation Pause) 203M->108M(256M) 18.943ms
[2023-03-15T04:49:58.420+0000][69][gc,cpu      ] GC(133) User=0.01s Sys=0.01s Real=0.02s
[2023-03-15T04:49:58.421+0000][69][safepoint   ] Safepoint "G1CollectForAllocation", Time since last: 17633642149 ns, Reaching safepoint: 94705 ns, At safepoint: 19804704 ns, Total: 19899409 ns
[2023-03-15T04:49:59.424+0000][69][safepoint   ] Safepoint "Cleanup", Time since last: 1003398315 ns, Reaching safepoint: 357898 ns, At safepoint: 9495 ns, Total: 367393 ns
[2023-03-15T04:50:00.427+0000][69][safepoint   ] Safepoint "Cleanup", Time since last: 1002601139 ns, Reaching safepoint: 524465 ns, At safepoint: 14176 ns, Total: 538641 ns
[2023-03-15T04:50:05.436+0000][69][safepoint   ] Safepoint "Cleanup", Time since last: 5008882368 ns, Reaching safepoint: 67334 ns, At safepoint: 3861 ns, Total: 71195 ns
[2023-03-15T04:50:07.439+0000][69][safepoint   ] Safepoint "Cleanup", Time since last: 2002411921 ns, Reaching safepoint: 533639 ns, At safepoint: 17186 ns, Total: 550825 ns
[2023-03-15T04:50:11.449+0000][69][safepoint   ] Safepoint "Cleanup", Time since last: 4009153438 ns, Reaching safepoint: 701163 ns, At safepoint: 44946 ns, Total: 746109 ns
[2023-03-15T04:50:28.771+0000][69][gc,start    ] GC(134) Pause Young (Concurrent Start) (G1 Evacuation Pause)
[2023-03-15T04:50:28.773+0000][69][gc,task     ] GC(134) Using 4 workers of 4 for evacuation
[2023-03-15T04:50:28.774+0000][69][gc,age      ] GC(134) Desired survivor size 8388608 bytes, new threshold 15 (max threshold 15)
[2023-03-15T04:50:28.782+0000][69][gc,phases   ] GC(134)   Pre Evacuate Collection Set: 1.0ms
[2023-03-15T04:50:28.784+0000][69][gc,phases   ] GC(134)   Merge Heap Roots: 0.2ms
[2023-03-15T04:50:28.785+0000][69][gc,phases   ] GC(134)   Evacuate Collection Set: 3.3ms
[2023-03-15T04:50:28.786+0000][69][gc,phases   ] GC(134)   Post Evacuate Collection Set: 1.7ms
[2023-03-15T04:50:28.787+0000][69][gc,phases   ] GC(134)   Other: 3.4ms
[2023-03-15T04:50:28.788+0000][69][gc,age      ] GC(134) Age table with threshold 15 (max threshold 15)
[2023-03-15T04:50:28.792+0000][69][gc,age      ] GC(134) - age   1:    1298688 bytes,    1298688 total
[2023-03-15T04:50:28.793+0000][69][gc,age      ] GC(134) - age   2:     152528 bytes,    1451216 total
[2023-03-15T04:50:28.794+0000][69][gc,age      ] GC(134) - age   3:     296640 bytes,    1747856 total
[2023-03-15T04:50:28.795+0000][69][gc,age      ] GC(134) - age   4:      25328 bytes,    1773184 total
[2023-03-15T04:50:28.795+0000][69][gc,age      ] GC(134) - age   5:      21800 bytes,    1794984 total
[2023-03-15T04:50:28.796+0000][69][gc,age      ] GC(134) - age   6:       4480 bytes,    1799464 total
[2023-03-15T04:50:28.797+0000][69][gc,age      ] GC(134) - age   7:         72 bytes,    1799536 total
[2023-03-15T04:50:28.798+0000][69][gc,age      ] GC(134) - age   8:       8592 bytes,    1808128 total
[2023-03-15T04:50:28.798+0000][69][gc,age      ] GC(134) - age   9:        624 bytes,    1808752 total
[2023-03-15T04:50:28.799+0000][69][gc,age      ] GC(134) - age  10:        288 bytes,    1809040 total
[2023-03-15T04:50:28.800+0000][69][gc,age      ] GC(134) - age  11:         96 bytes,    1809136 total
[2023-03-15T04:50:28.800+0000][69][gc,age      ] GC(134) - age  12:       1608 bytes,    1810744 total
[2023-03-15T04:50:28.801+0000][69][gc,age      ] GC(134) - age  13:     118824 bytes,    1929568 total
[2023-03-15T04:50:28.802+0000][69][gc,age      ] GC(134) - age  14:      59008 bytes,    1988576 total
[2023-03-15T04:50:28.803+0000][69][gc,age      ] GC(134) - age  15:        344 bytes,    1988920 total
[2023-03-15T04:50:28.803+0000][69][gc,heap     ] GC(134) Eden regions: 24->0(24)
[2023-03-15T04:50:28.804+0000][69][gc,heap     ] GC(134) Survivor regions: 1->1(4)
[2023-03-15T04:50:28.804+0000][69][gc,heap     ] GC(134) Old regions: 24->24
[2023-03-15T04:50:28.805+0000][69][gc,heap     ] GC(134) Archive regions: 2->2
[2023-03-15T04:50:28.805+0000][69][gc,heap     ] GC(134) Humongous regions: 2->2
[2023-03-15T04:50:28.806+0000][69][gc,metaspace] GC(134) Metaspace: 137225K(140736K)->137225K(140736K) NonClass: 119757K(121024K)->119757K(121024K) Class: 17468K(19712K)->17468K(19712K)
[2023-03-15T04:50:28.806+0000][69][gc          ] GC(134) Pause Young (Concurrent Start) (G1 Evacuation Pause) 204M->108M(256M) 35.376ms
[2023-03-15T04:50:28.807+0000][69][gc,cpu      ] GC(134) User=0.01s Sys=0.00s Real=0.03s
[2023-03-15T04:50:28.807+0000][69][gc          ] GC(135) Concurrent Mark Cycle
[2023-03-15T04:50:28.809+0000][69][gc,marking  ] GC(135) Concurrent Clear Claimed Marks
[2023-03-15T04:50:28.808+0000][69][safepoint   ] Safepoint "G1CollectForAllocation", Time since last: 17342549571 ns, Reaching safepoint: 549802 ns, At safepoint: 36725672 ns, Total: 37275474 ns
[2023-03-15T04:50:28.810+0000][69][gc,marking  ] GC(135) Concurrent Clear Claimed Marks 0.764ms
[2023-03-15T04:50:28.813+0000][69][gc,marking  ] GC(135) Concurrent Scan Root Regions
[2023-03-15T04:50:28.815+0000][69][gc,marking  ] GC(135) Concurrent Scan Root Regions 2.481ms
[2023-03-15T04:50:28.816+0000][69][gc,marking  ] GC(135) Concurrent Mark
[2023-03-15T04:50:28.816+0000][69][gc,marking  ] GC(135) Concurrent Mark From Roots
[2023-03-15T04:50:28.817+0000][69][gc,task     ] GC(135) Using 1 workers of 1 for marking
[2023-03-15T04:50:28.908+0000][69][gc,marking  ] GC(135) Concurrent Mark From Roots 92.262ms
[2023-03-15T04:50:28.910+0000][69][gc,marking  ] GC(135) Concurrent Preclean
[2023-03-15T04:50:28.911+0000][69][gc,marking  ] GC(135) Concurrent Preclean 1.546ms
[2023-03-15T04:50:28.912+0000][69][gc,start    ] GC(135) Pause Remark
[2023-03-15T04:50:28.920+0000][69][gc          ] GC(135) Pause Remark 109M->109M(256M) 8.116ms
[2023-03-15T04:50:28.921+0000][69][gc,cpu      ] GC(135) User=0.03s Sys=0.00s Real=0.01s
[2023-03-15T04:50:28.922+0000][69][safepoint   ] Safepoint "G1PauseRemark", Time since last: 104351709 ns, Reaching safepoint: 123310 ns, At safepoint: 9754786 ns, Total: 9878096 ns
[2023-03-15T04:50:28.922+0000][69][gc,marking  ] GC(135) Concurrent Mark 106.782ms
[2023-03-15T04:50:28.923+0000][69][gc,marking  ] GC(135) Concurrent Rebuild Remembered Sets
[2023-03-15T04:50:28.973+0000][69][gc,marking  ] GC(135) Concurrent Rebuild Remembered Sets 50.149ms
[2023-03-15T04:50:28.975+0000][69][gc,start    ] GC(135) Pause Cleanup
[2023-03-15T04:50:28.976+0000][69][gc          ] GC(135) Pause Cleanup 109M->109M(256M) 0.906ms
[2023-03-15T04:50:28.977+0000][69][gc,cpu      ] GC(135) User=0.00s Sys=0.00s Real=0.00s
[2023-03-15T04:50:28.977+0000][69][safepoint   ] Safepoint "G1PauseCleanup", Time since last: 52675940 ns, Reaching safepoint: 216474 ns, At safepoint: 2608051 ns, Total: 2824525 ns
[2023-03-15T04:50:28.978+0000][69][gc,marking  ] GC(135) Concurrent Cleanup for Next Mark
[2023-03-15T04:50:28.979+0000][69][gc,marking  ] GC(135) Concurrent Cleanup for Next Mark 0.740ms
[2023-03-15T04:50:28.979+0000][69][gc          ] GC(135) Concurrent Mark Cycle 172.097ms
[2023-03-15T04:50:34.991+0000][69][safepoint   ] Safepoint "Cleanup", Time since last: 6012760048 ns, Reaching safepoint: 420393 ns, At safepoint: 11784 ns, Total: 432177 ns
[2023-03-15T04:50:42.004+0000][69][safepoint   ] Safepoint "Cleanup", Time since last: 7013350127 ns, Reaching safepoint: 448794 ns, At safepoint: 13669 ns, Total: 462463 ns
[2023-03-15T04:50:46.997+0000][69][safepoint   ] Safepoint "Cleanup", Time since last: 5016419449 ns, Reaching safepoint: 346205 ns, At safepoint: 15663 ns, Total: 361868 ns
[2023-03-15T04:50:53.008+0000][69][safepoint   ] Safepoint "Cleanup", Time since last: 6010225300 ns, Reaching safepoint: 649900 ns, At safepoint: 18142 ns, Total: 668042 ns
[2023-03-15T04:50:54.015+0000][69][safepoint   ] Safepoint "Cleanup", Time since last: 1006495417 ns, Reaching safepoint: 647277 ns, At safepoint: 16221 ns, Total: 663498 ns
[2023-03-15T04:50:58.590+0000][69][gc,start    ] GC(136) Pause Young (Normal) (G1 Evacuation Pause)
[2023-03-15T04:50:58.590+0000][69][gc,task     ] GC(136) Using 4 workers of 4 for evacuation
[2023-03-15T04:50:58.591+0000][69][gc,age      ] GC(136) Desired survivor size 8388608 bytes, new threshold 15 (max threshold 15)
[2023-03-15T04:50:58.594+0000][69][gc,phases   ] GC(136)   Pre Evacuate Collection Set: 0.1ms
[2023-03-15T04:50:58.595+0000][69][gc,phases   ] GC(136)   Merge Heap Roots: 0.1ms
[2023-03-15T04:50:58.596+0000][69][gc,phases   ] GC(136)   Evacuate Collection Set: 2.3ms
[2023-03-15T04:50:58.596+0000][69][gc,phases   ] GC(136)   Post Evacuate Collection Set: 0.9ms
[2023-03-15T04:50:58.597+0000][69][gc,phases   ] GC(136)   Other: 0.9ms
[2023-03-15T04:50:58.597+0000][69][gc,age      ] GC(136) Age table with threshold 15 (max threshold 15)
[2023-03-15T04:50:58.597+0000][69][gc,age      ] GC(136) - age   1:    1867592 bytes,    1867592 total
[2023-03-15T04:50:58.598+0000][69][gc,age      ] GC(136) - age   2:     132112 bytes,    1999704 total
[2023-03-15T04:50:58.598+0000][69][gc,age      ] GC(136) - age   3:       2280 bytes,    2001984 total
[2023-03-15T04:50:58.599+0000][69][gc,age      ] GC(136) - age   4:     296488 bytes,    2298472 total
[2023-03-15T04:50:58.599+0000][69][gc,age      ] GC(136) - age   5:      25328 bytes,    2323800 total
[2023-03-15T04:50:58.600+0000][69][gc,age      ] GC(136) - age   6:       5096 bytes,    2328896 total
[2023-03-15T04:50:58.600+0000][69][gc,age      ] GC(136) - age   7:       4480 bytes,    2333376 total
[2023-03-15T04:50:58.601+0000][69][gc,age      ] GC(136) - age   8:         72 bytes,    2333448 total
[2023-03-15T04:50:58.601+0000][69][gc,age      ] GC(136) - age   9:       8592 bytes,    2342040 total
[2023-03-15T04:50:58.602+0000][69][gc,age      ] GC(136) - age  10:        624 bytes,    2342664 total
[2023-03-15T04:50:58.602+0000][69][gc,age      ] GC(136) - age  11:        288 bytes,    2342952 total
[2023-03-15T04:50:58.602+0000][69][gc,age      ] GC(136) - age  12:         96 bytes,    2343048 total
[2023-03-15T04:50:58.603+0000][69][gc,age      ] GC(136) - age  13:       1608 bytes,    2344656 total
[2023-03-15T04:50:58.603+0000][69][gc,age      ] GC(136) - age  14:     118824 bytes,    2463480 total
[2023-03-15T04:50:58.604+0000][69][gc,age      ] GC(136) - age  15:      59008 bytes,    2522488 total
[2023-03-15T04:50:58.604+0000][69][gc,heap     ] GC(136) Eden regions: 24->0(23)
[2023-03-15T04:50:58.605+0000][69][gc,heap     ] GC(136) Survivor regions: 1->1(4)
[2023-03-15T04:50:58.605+0000][69][gc,heap     ] GC(136) Old regions: 24->24
[2023-03-15T04:50:58.606+0000][69][gc,heap     ] GC(136) Archive regions: 2->2
[2023-03-15T04:50:58.606+0000][69][gc,heap     ] GC(136) Humongous regions: 2->2
[2023-03-15T04:50:58.606+0000][69][gc,metaspace] GC(136) Metaspace: 137237K(140736K)->137237K(140736K) NonClass: 119768K(121024K)->119768K(121024K) Class: 17468K(19712K)->17468K(19712K)
[2023-03-15T04:50:58.607+0000][69][gc          ] GC(136) Pause Young (Normal) (G1 Evacuation Pause) 204M->108M(256M) 17.547ms
[2023-03-15T04:50:58.608+0000][69][gc,cpu      ] GC(136) User=0.00s Sys=0.00s Real=0.02s
[2023-03-15T04:50:58.608+0000][69][safepoint   ] Safepoint "G1CollectForAllocation", Time since last: 4574730841 ns, Reaching safepoint: 117436 ns, At safepoint: 18589727 ns, Total: 18707163 ns
[2023-03-15T04:50:59.614+0000][69][safepoint   ] Safepoint "Cleanup", Time since last: 1005196088 ns, Reaching safepoint: 470872 ns, At safepoint: 38344 ns, Total: 509216 ns
[2023-03-15T04:51:06.625+0000][69][safepoint   ] Safepoint "Cleanup", Time since last: 7010953667 ns, Reaching safepoint: 375969 ns, At safepoint: 16677 ns, Total: 392646 ns
[2023-03-15T04:51:10.634+0000][69][safepoint   ] Safepoint "Cleanup", Time since last: 4008185076 ns, Reaching safepoint: 176643 ns, At safepoint: 11368 ns, Total: 188011 ns
[2023-03-15T04:51:16.609+0000][69][safepoint   ] Safepoint "Cleanup", Time since last: 6008082408 ns, Reaching safepoint: 230294 ns, At safepoint: 4908 ns, Total: 235202 ns
[2023-03-15T04:51:18.613+0000][69][safepoint   ] Safepoint "Cleanup", Time since last: 2003585354 ns, Reaching safepoint: 269714 ns, At safepoint: 25699 ns, Total: 295413 ns
[2023-03-15T04:51:22.623+0000][69][safepoint   ] Safepoint "Cleanup", Time since last: 4009752225 ns, Reaching safepoint: 74768 ns, At safepoint: 8073 ns, Total: 82841 ns
[2023-03-15T04:51:26.631+0000][69][safepoint   ] Safepoint "Cleanup", Time since last: 4008407816 ns, Reaching safepoint: 444777 ns, At safepoint: 13337 ns, Total: 458114 ns
[2023-03-15T04:51:28.540+0000][69][gc,start    ] GC(137) Pause Young (Concurrent Start) (G1 Evacuation Pause)
[2023-03-15T04:51:28.541+0000][69][gc,task     ] GC(137) Using 4 workers of 4 for evacuation
[2023-03-15T04:51:28.542+0000][69][gc,age      ] GC(137) Desired survivor size 6291456 bytes, new threshold 15 (max threshold 15)
[2023-03-15T04:51:28.545+0000][69][gc,phases   ] GC(137)   Pre Evacuate Collection Set: 0.3ms
[2023-03-15T04:51:28.546+0000][69][gc,phases   ] GC(137)   Merge Heap Roots: 0.1ms
[2023-03-15T04:51:28.546+0000][69][gc,phases   ] GC(137)   Evacuate Collection Set: 1.6ms
[2023-03-15T04:51:28.547+0000][69][gc,phases   ] GC(137)   Post Evacuate Collection Set: 0.7ms
[2023-03-15T04:51:28.547+0000][69][gc,phases   ] GC(137)   Other: 1.0ms
[2023-03-15T04:51:28.548+0000][69][gc,age      ] GC(137) Age table with threshold 15 (max threshold 15)
[2023-03-15T04:51:28.548+0000][69][gc,age      ] GC(137) - age   1:     684288 bytes,     684288 total
[2023-03-15T04:51:28.548+0000][69][gc,age      ] GC(137) - age   2:       5160 bytes,     689448 total
[2023-03-15T04:51:28.549+0000][69][gc,age      ] GC(137) - age   3:       1256 bytes,     690704 total
[2023-03-15T04:51:28.549+0000][69][gc,age      ] GC(137) - age   4:       1768 bytes,     692472 total
[2023-03-15T04:51:28.550+0000][69][gc,age      ] GC(137) - age   5:     296424 bytes,     988896 total
[2023-03-15T04:51:28.550+0000][69][gc,age      ] GC(137) - age   6:      25328 bytes,    1014224 total
[2023-03-15T04:51:28.550+0000][69][gc,age      ] GC(137) - age   7:       5096 bytes,    1019320 total
[2023-03-15T04:51:28.551+0000][69][gc,age      ] GC(137) - age   8:       4480 bytes,    1023800 total
[2023-03-15T04:51:28.551+0000][69][gc,age      ] GC(137) - age   9:         72 bytes,    1023872 total
[2023-03-15T04:51:28.551+0000][69][gc,age      ] GC(137) - age  10:       8592 bytes,    1032464 total
[2023-03-15T04:51:28.551+0000][69][gc,age      ] GC(137) - age  11:        624 bytes,    1033088 total
[2023-03-15T04:51:28.552+0000][69][gc,age      ] GC(137) - age  12:        288 bytes,    1033376 total
[2023-03-15T04:51:28.552+0000][69][gc,age      ] GC(137) - age  13:         96 bytes,    1033472 total
[2023-03-15T04:51:28.553+0000][69][gc,age      ] GC(137) - age  14:       1608 bytes,    1035080 total
[2023-03-15T04:51:28.553+0000][69][gc,age      ] GC(137) - age  15:     118824 bytes,    1153904 total
[2023-03-15T04:51:28.553+0000][69][gc,heap     ] GC(137) Eden regions: 23->0(24)
[2023-03-15T04:51:28.553+0000][69][gc,heap     ] GC(137) Survivor regions: 1->1(3)
[2023-03-15T04:51:28.554+0000][69][gc,heap     ] GC(137) Old regions: 24->24
[2023-03-15T04:51:28.554+0000][69][gc,heap     ] GC(137) Archive regions: 2->2
[2023-03-15T04:51:28.554+0000][69][gc,heap     ] GC(137) Humongous regions: 2->2
[2023-03-15T04:51:28.555+0000][69][gc,metaspace] GC(137) Metaspace: 137239K(140736K)->137239K(140736K) NonClass: 119770K(121024K)->119770K(121024K) Class: 17468K(19712K)->17468K(19712K)
[2023-03-15T04:51:28.555+0000][69][gc          ] GC(137) Pause Young (Concurrent Start) (G1 Evacuation Pause) 200M->107M(256M) 14.446ms
[2023-03-15T04:51:28.555+0000][69][gc          ] GC(138) Concurrent Mark Cycle
[2023-03-15T04:51:28.555+0000][69][gc,marking  ] GC(138) Concurrent Clear Claimed Marks
[2023-03-15T04:51:28.555+0000][69][gc,cpu      ] GC(137) User=0.00s Sys=0.00s Real=0.01s
[2023-03-15T04:51:28.557+0000][69][gc,marking  ] GC(138) Concurrent Clear Claimed Marks 1.250ms
[2023-03-15T04:51:28.557+0000][69][gc,marking  ] GC(138) Concurrent Scan Root Regions
[2023-03-15T04:51:28.557+0000][69][safepoint   ] Safepoint "G1CollectForAllocation", Time since last: 1908896677 ns, Reaching safepoint: 51858 ns, At safepoint: 16525262 ns, Total: 16577120 ns
[2023-03-15T04:51:28.560+0000][69][gc,marking  ] GC(138) Concurrent Scan Root Regions 2.718ms
[2023-03-15T04:51:28.565+0000][69][gc,marking  ] GC(138) Concurrent Mark
[2023-03-15T04:51:28.565+0000][69][gc,marking  ] GC(138) Concurrent Mark From Roots
[2023-03-15T04:51:28.566+0000][69][gc,task     ] GC(138) Using 1 workers of 1 for marking
[2023-03-15T04:51:28.665+0000][69][gc,marking  ] GC(138) Concurrent Mark From Roots 99.991ms
[2023-03-15T04:51:28.667+0000][69][gc,marking  ] GC(138) Concurrent Preclean
[2023-03-15T04:51:28.668+0000][69][gc,marking  ] GC(138) Concurrent Preclean 1.262ms
[2023-03-15T04:51:28.669+0000][69][gc,start    ] GC(138) Pause Remark
[2023-03-15T04:51:28.678+0000][69][gc          ] GC(138) Pause Remark 111M->111M(256M) 9.121ms
[2023-03-15T04:51:28.679+0000][69][gc,cpu      ] GC(138) User=0.02s Sys=0.00s Real=0.01s
[2023-03-15T04:51:28.679+0000][69][safepoint   ] Safepoint "G1PauseRemark", Time since last: 111874028 ns, Reaching safepoint: 134901 ns, At safepoint: 10606437 ns, Total: 10741338 ns
[2023-03-15T04:51:28.680+0000][69][gc,marking  ] GC(138) Concurrent Mark 115.358ms
[2023-03-15T04:51:28.681+0000][69][gc,marking  ] GC(138) Concurrent Rebuild Remembered Sets
[2023-03-15T04:51:28.730+0000][69][gc,marking  ] GC(138) Concurrent Rebuild Remembered Sets 49.509ms
[2023-03-15T04:51:28.732+0000][69][gc,start    ] GC(138) Pause Cleanup
[2023-03-15T04:51:28.733+0000][69][gc          ] GC(138) Pause Cleanup 111M->111M(256M) 1.084ms
[2023-03-15T04:51:28.733+0000][69][gc,cpu      ] GC(138) User=0.00s Sys=0.00s Real=0.00s
[2023-03-15T04:51:28.734+0000][69][safepoint   ] Safepoint "G1PauseCleanup", Time since last: 52069169 ns, Reaching safepoint: 130491 ns, At safepoint: 2229844 ns, Total: 2360335 ns
[2023-03-15T04:51:28.735+0000][69][gc,marking  ] GC(138) Concurrent Cleanup for Next Mark
[2023-03-15T04:51:28.736+0000][69][gc,marking  ] GC(138) Concurrent Cleanup for Next Mark 0.787ms
[2023-03-15T04:51:28.736+0000][69][gc          ] GC(138) Concurrent Mark Cycle 180.934ms
[2023-03-15T04:51:46.741+0000][69][safepoint   ] Safepoint "Cleanup", Time since last: 18030305256 ns, Reaching safepoint: 102356 ns, At safepoint: 21309 ns, Total: 123665 ns
[2023-03-15T04:51:47.743+0000][69][safepoint   ] Safepoint "Cleanup", Time since last: 1001544461 ns, Reaching safepoint: 197942 ns, At safepoint: 28486 ns, Total: 226428 ns
[2023-03-15T04:51:59.248+0000][69][gc,start    ] GC(139) Pause Young (Normal) (G1 Evacuation Pause)
[2023-03-15T04:51:59.248+0000][69][gc,task     ] GC(139) Using 4 workers of 4 for evacuation
[2023-03-15T04:51:59.248+0000][69][gc,age      ] GC(139) Desired survivor size 8388608 bytes, new threshold 15 (max threshold 15)
[2023-03-15T04:51:59.252+0000][69][gc,phases   ] GC(139)   Pre Evacuate Collection Set: 0.1ms
[2023-03-15T04:51:59.253+0000][69][gc,phases   ] GC(139)   Merge Heap Roots: 0.1ms
[2023-03-15T04:51:59.253+0000][69][gc,phases   ] GC(139)   Evacuate Collection Set: 2.1ms
[2023-03-15T04:51:59.253+0000][69][gc,phases   ] GC(139)   Post Evacuate Collection Set: 0.8ms
[2023-03-15T04:51:59.254+0000][69][gc,phases   ] GC(139)   Other: 0.7ms
[2023-03-15T04:51:59.254+0000][69][gc,age      ] GC(139) Age table with threshold 15 (max threshold 15)
[2023-03-15T04:51:59.254+0000][69][gc,age      ] GC(139) - age   1:     969152 bytes,     969152 total
[2023-03-15T04:51:59.255+0000][69][gc,age      ] GC(139) - age   2:     115432 bytes,    1084584 total
[2023-03-15T04:51:59.255+0000][69][gc,age      ] GC(139) - age   3:       3224 bytes,    1087808 total
[2023-03-15T04:51:59.256+0000][69][gc,age      ] GC(139) - age   4:        704 bytes,    1088512 total
[2023-03-15T04:51:59.257+0000][69][gc,age      ] GC(139) - age   5:       1496 bytes,    1090008 total
[2023-03-15T04:51:59.257+0000][69][gc,age      ] GC(139) - age   6:     296424 bytes,    1386432 total
[2023-03-15T04:51:59.258+0000][69][gc,age      ] GC(139) - age   7:      25328 bytes,    1411760 total
[2023-03-15T04:51:59.258+0000][69][gc,age      ] GC(139) - age   8:       5096 bytes,    1416856 total
[2023-03-15T04:51:59.259+0000][69][gc,age      ] GC(139) - age   9:       4480 bytes,    1421336 total
[2023-03-15T04:51:59.259+0000][69][gc,age      ] GC(139) - age  10:         72 bytes,    1421408 total
[2023-03-15T04:51:59.260+0000][69][gc,age      ] GC(139) - age  11:        160 bytes,    1421568 total
[2023-03-15T04:51:59.260+0000][69][gc,age      ] GC(139) - age  12:        624 bytes,    1422192 total
[2023-03-15T04:51:59.261+0000][69][gc,age      ] GC(139) - age  13:        288 bytes,    1422480 total
[2023-03-15T04:51:59.261+0000][69][gc,age      ] GC(139) - age  14:         96 bytes,    1422576 total
[2023-03-15T04:51:59.262+0000][69][gc,age      ] GC(139) - age  15:       1608 bytes,    1424184 total
[2023-03-15T04:51:59.262+0000][69][gc,heap     ] GC(139) Eden regions: 24->0(24)
[2023-03-15T04:51:59.263+0000][69][gc,heap     ] GC(139) Survivor regions: 1->1(4)
[2023-03-15T04:51:59.263+0000][69][gc,heap     ] GC(139) Old regions: 24->24
[2023-03-15T04:51:59.264+0000][69][gc,heap     ] GC(139) Archive regions: 2->2
[2023-03-15T04:51:59.264+0000][69][gc,heap     ] GC(139) Humongous regions: 2->2
[2023-03-15T04:51:59.265+0000][69][gc,metaspace] GC(139) Metaspace: 137264K(140800K)->137264K(140800K) NonClass: 119794K(121088K)->119794K(121088K) Class: 17470K(19712K)->17470K(19712K)
[2023-03-15T04:51:59.268+0000][69][gc          ] GC(139) Pause Young (Normal) (G1 Evacuation Pause) 203M->108M(256M) 20.464ms
[2023-03-15T04:51:59.269+0000][69][gc,cpu      ] GC(139) User=0.01s Sys=0.00s Real=0.02s
[2023-03-15T04:51:59.269+0000][69][safepoint   ] Safepoint "G1CollectForAllocation", Time since last: 11504876783 ns, Reaching safepoint: 113031 ns, At safepoint: 21477744 ns, Total: 21590775 ns
[2023-03-15T04:52:00.274+0000][69][safepoint   ] Safepoint "Cleanup", Time since last: 1003917739 ns, Reaching safepoint: 925811 ns, At safepoint: 48716 ns, Total: 974527 ns
[2023-03-15T04:52:07.283+0000][69][safepoint   ] Safepoint "Cleanup", Time since last: 7008550808 ns, Reaching safepoint: 560030 ns, At safepoint: 12421 ns, Total: 572451 ns
[2023-03-15T04:52:11.302+0000][69][safepoint   ] Safepoint "Cleanup", Time since last: 4018106001 ns, Reaching safepoint: 421531 ns, At safepoint: 10823 ns, Total: 432354 ns
[2023-03-15T04:52:17.290+0000][69][safepoint   ] Safepoint "Cleanup", Time since last: 6009169323 ns, Reaching safepoint: 518925 ns, At safepoint: 12447 ns, Total: 531372 ns
[2023-03-15T04:52:32.335+0000][69][gc,start    ] GC(140) Pause Young (Concurrent Start) (G1 Evacuation Pause)
[2023-03-15T04:52:32.337+0000][69][gc,task     ] GC(140) Using 4 workers of 4 for evacuation
[2023-03-15T04:52:32.338+0000][69][gc,age      ] GC(140) Desired survivor size 8388608 bytes, new threshold 15 (max threshold 15)
[2023-03-15T04:52:32.346+0000][69][gc,phases   ] GC(140)   Pre Evacuate Collection Set: 1.0ms
[2023-03-15T04:52:32.347+0000][69][gc,phases   ] GC(140)   Merge Heap Roots: 0.1ms
[2023-03-15T04:52:32.348+0000][69][gc,phases   ] GC(140)   Evacuate Collection Set: 3.7ms
[2023-03-15T04:52:32.348+0000][69][gc,phases   ] GC(140)   Post Evacuate Collection Set: 1.2ms
[2023-03-15T04:52:32.349+0000][69][gc,phases   ] GC(140)   Other: 3.1ms
[2023-03-15T04:52:32.350+0000][69][gc,age      ] GC(140) Age table with threshold 15 (max threshold 15)
[2023-03-15T04:52:32.351+0000][69][gc,age      ] GC(140) - age   1:    1141704 bytes,    1141704 total
[2023-03-15T04:52:32.352+0000][69][gc,age      ] GC(140) - age   2:      38288 bytes,    1179992 total
[2023-03-15T04:52:32.352+0000][69][gc,age      ] GC(140) - age   3:     114896 bytes,    1294888 total
[2023-03-15T04:52:32.353+0000][69][gc,age      ] GC(140) - age   4:       3096 bytes,    1297984 total
[2023-03-15T04:52:32.355+0000][69][gc,age      ] GC(140) - age   5:        640 bytes,    1298624 total
[2023-03-15T04:52:32.355+0000][69][gc,age      ] GC(140) - age   6:       1496 bytes,    1300120 total
[2023-03-15T04:52:32.356+0000][69][gc,age      ] GC(140) - age   7:     296128 bytes,    1596248 total
[2023-03-15T04:52:32.357+0000][69][gc,age      ] GC(140) - age   8:      17312 bytes,    1613560 total
[2023-03-15T04:52:32.357+0000][69][gc,age      ] GC(140) - age   9:       5096 bytes,    1618656 total
[2023-03-15T04:52:32.358+0000][69][gc,age      ] GC(140) - age  10:       4480 bytes,    1623136 total
[2023-03-15T04:52:32.358+0000][69][gc,age      ] GC(140) - age  11:         72 bytes,    1623208 total
[2023-03-15T04:52:32.359+0000][69][gc,age      ] GC(140) - age  12:         80 bytes,    1623288 total
[2023-03-15T04:52:32.360+0000][69][gc,age      ] GC(140) - age  13:        624 bytes,    1623912 total
[2023-03-15T04:52:32.360+0000][69][gc,age      ] GC(140) - age  14:        288 bytes,    1624200 total
[2023-03-15T04:52:32.361+0000][69][gc,age      ] GC(140) - age  15:         96 bytes,    1624296 total
[2023-03-15T04:52:32.361+0000][69][gc,heap     ] GC(140) Eden regions: 24->0(24)
[2023-03-15T04:52:32.362+0000][69][gc,heap     ] GC(140) Survivor regions: 1->1(4)
[2023-03-15T04:52:32.362+0000][69][gc,heap     ] GC(140) Old regions: 24->24
[2023-03-15T04:52:32.363+0000][69][gc,heap     ] GC(140) Archive regions: 2->2
[2023-03-15T04:52:32.363+0000][69][gc,heap     ] GC(140) Humongous regions: 2->2
[2023-03-15T04:52:32.364+0000][69][gc,metaspace] GC(140) Metaspace: 137276K(140800K)->137276K(140800K) NonClass: 119806K(121088K)->119806K(121088K) Class: 17470K(19712K)->17470K(19712K)
[2023-03-15T04:52:32.364+0000][69][gc          ] GC(140) Pause Young (Concurrent Start) (G1 Evacuation Pause) 204M->108M(256M) 29.766ms
[2023-03-15T04:52:32.365+0000][69][gc,cpu      ] GC(140) User=0.02s Sys=0.01s Real=0.03s
[2023-03-15T04:52:32.366+0000][69][safepoint   ] Safepoint "G1CollectForAllocation", Time since last: 15043818862 ns, Reaching safepoint: 478182 ns, At safepoint: 30979501 ns, Total: 31457683 ns
[2023-03-15T04:52:32.365+0000][69][gc          ] GC(141) Concurrent Mark Cycle
[2023-03-15T04:52:32.367+0000][69][gc,marking  ] GC(141) Concurrent Clear Claimed Marks
[2023-03-15T04:52:32.368+0000][69][gc,marking  ] GC(141) Concurrent Clear Claimed Marks 0.978ms
[2023-03-15T04:52:32.369+0000][69][gc,marking  ] GC(141) Concurrent Scan Root Regions
[2023-03-15T04:52:32.373+0000][69][gc,marking  ] GC(141) Concurrent Scan Root Regions 4.397ms
[2023-03-15T04:52:32.374+0000][69][gc,marking  ] GC(141) Concurrent Mark
[2023-03-15T04:52:32.374+0000][69][gc,marking  ] GC(141) Concurrent Mark From Roots
[2023-03-15T04:52:32.375+0000][69][gc,task     ] GC(141) Using 1 workers of 1 for marking
[2023-03-15T04:52:32.476+0000][69][gc,marking  ] GC(141) Concurrent Mark From Roots 101.244ms
[2023-03-15T04:52:32.477+0000][69][gc,marking  ] GC(141) Concurrent Preclean
[2023-03-15T04:52:32.478+0000][69][gc,marking  ] GC(141) Concurrent Preclean 1.300ms
[2023-03-15T04:52:32.479+0000][69][gc,start    ] GC(141) Pause Remark
[2023-03-15T04:52:32.487+0000][69][gc          ] GC(141) Pause Remark 108M->108M(256M) 8.053ms
[2023-03-15T04:52:32.488+0000][69][gc,cpu      ] GC(141) User=0.03s Sys=0.00s Real=0.01s
[2023-03-15T04:52:32.489+0000][69][safepoint   ] Safepoint "G1PauseRemark", Time since last: 113402158 ns, Reaching safepoint: 182558 ns, At safepoint: 9826076 ns, Total: 10008634 ns
[2023-03-15T04:52:32.490+0000][69][gc,marking  ] GC(141) Concurrent Mark 116.073ms
[2023-03-15T04:52:32.490+0000][69][gc,marking  ] GC(141) Concurrent Rebuild Remembered Sets
[2023-03-15T04:52:32.541+0000][69][gc,marking  ] GC(141) Concurrent Rebuild Remembered Sets 51.115ms
[2023-03-15T04:52:32.543+0000][69][gc,start    ] GC(141) Pause Cleanup
[2023-03-15T04:52:32.544+0000][69][gc          ] GC(141) Pause Cleanup 108M->108M(256M) 0.918ms
[2023-03-15T04:52:32.544+0000][69][gc,cpu      ] GC(141) User=0.00s Sys=0.00s Real=0.00s
[2023-03-15T04:52:32.546+0000][69][safepoint   ] Safepoint "G1PauseCleanup", Time since last: 53809604 ns, Reaching safepoint: 170027 ns, At safepoint: 2656035 ns, Total: 2826062 ns
[2023-03-15T04:52:32.546+0000][69][gc,marking  ] GC(141) Concurrent Cleanup for Next Mark
[2023-03-15T04:52:32.547+0000][69][gc,marking  ] GC(141) Concurrent Cleanup for Next Mark 0.766ms
[2023-03-15T04:52:32.548+0000][69][gc          ] GC(141) Concurrent Mark Cycle 182.479ms
[2023-03-15T04:52:35.551+0000][69][safepoint   ] Safepoint "Cleanup", Time since last: 3004969951 ns, Reaching safepoint: 698167 ns, At safepoint: 30492 ns, Total: 728659 ns
[2023-03-15T04:52:36.559+0000][69][safepoint   ] Safepoint "Cleanup", Time since last: 1007678162 ns, Reaching safepoint: 348752 ns, At safepoint: 14922 ns, Total: 363674 ns
[2023-03-15T04:52:48.564+0000][69][safepoint   ] Safepoint "Cleanup", Time since last: 12025456841 ns, Reaching safepoint: 750781 ns, At safepoint: 56843 ns, Total: 807624 ns
[2023-03-15T04:52:52.572+0000][69][safepoint   ] Safepoint "Cleanup", Time since last: 4008018729 ns, Reaching safepoint: 471768 ns, At safepoint: 31186 ns, Total: 502954 ns
[2023-03-15T04:52:53.576+0000][69][safepoint   ] Safepoint "Cleanup", Time since last: 1002795358 ns, Reaching safepoint: 852560 ns, At safepoint: 49024 ns, Total: 901584 ns
[2023-03-15T04:52:59.496+0000][69][gc,start    ] GC(142) Pause Young (Normal) (G1 Evacuation Pause)
[2023-03-15T04:52:59.500+0000][69][gc,task     ] GC(142) Using 4 workers of 4 for evacuation
[2023-03-15T04:52:59.501+0000][69][gc,age      ] GC(142) Desired survivor size 8388608 bytes, new threshold 15 (max threshold 15)
[2023-03-15T04:52:59.508+0000][69][gc,phases   ] GC(142)   Pre Evacuate Collection Set: 0.2ms
[2023-03-15T04:52:59.509+0000][69][gc,phases   ] GC(142)   Merge Heap Roots: 0.2ms
[2023-03-15T04:52:59.510+0000][69][gc,phases   ] GC(142)   Evacuate Collection Set: 3.6ms
[2023-03-15T04:52:59.511+0000][69][gc,phases   ] GC(142)   Post Evacuate Collection Set: 1.6ms
[2023-03-15T04:52:59.512+0000][69][gc,phases   ] GC(142)   Other: 3.2ms
[2023-03-15T04:52:59.513+0000][69][gc,age      ] GC(142) Age table with threshold 15 (max threshold 15)
[2023-03-15T04:52:59.513+0000][69][gc,age      ] GC(142) - age   1:     686816 bytes,     686816 total
[2023-03-15T04:52:59.514+0000][69][gc,age      ] GC(142) - age   2:     136120 bytes,     822936 total
[2023-03-15T04:52:59.515+0000][69][gc,age      ] GC(142) - age   3:      13032 bytes,     835968 total
[2023-03-15T04:52:59.515+0000][69][gc,age      ] GC(142) - age   4:       1256 bytes,     837224 total
[2023-03-15T04:52:59.516+0000][69][gc,age      ] GC(142) - age   5:       1952 bytes,     839176 total
[2023-03-15T04:52:59.517+0000][69][gc,age      ] GC(142) - age   6:        576 bytes,     839752 total
[2023-03-15T04:52:59.517+0000][69][gc,age      ] GC(142) - age   7:       1496 bytes,     841248 total
[2023-03-15T04:52:59.518+0000][69][gc,age      ] GC(142) - age   8:     296128 bytes,    1137376 total
[2023-03-15T04:52:59.518+0000][69][gc,age      ] GC(142) - age   9:      17288 bytes,    1154664 total
[2023-03-15T04:52:59.519+0000][69][gc,age      ] GC(142) - age  10:       5064 bytes,    1159728 total
[2023-03-15T04:52:59.520+0000][69][gc,age      ] GC(142) - age  11:       4304 bytes,    1164032 total
[2023-03-15T04:52:59.520+0000][69][gc,age      ] GC(142) - age  12:         72 bytes,    1164104 total
[2023-03-15T04:52:59.521+0000][69][gc,age      ] GC(142) - age  13:         80 bytes,    1164184 total
[2023-03-15T04:52:59.522+0000][69][gc,age      ] GC(142) - age  14:        624 bytes,    1164808 total
[2023-03-15T04:52:59.522+0000][69][gc,age      ] GC(142) - age  15:        288 bytes,    1165096 total
[2023-03-15T04:52:59.523+0000][69][gc,heap     ] GC(142) Eden regions: 24->0(24)
[2023-03-15T04:52:59.524+0000][69][gc,heap     ] GC(142) Survivor regions: 1->1(4)
[2023-03-15T04:52:59.525+0000][69][gc,heap     ] GC(142) Old regions: 24->24
[2023-03-15T04:52:59.525+0000][69][gc,heap     ] GC(142) Archive regions: 2->2
[2023-03-15T04:52:59.526+0000][69][gc,heap     ] GC(142) Humongous regions: 2->2
[2023-03-15T04:52:59.527+0000][69][gc,metaspace] GC(142) Metaspace: 137276K(140800K)->137276K(140800K) NonClass: 119806K(121088K)->119806K(121088K) Class: 17470K(19712K)->17470K(19712K)
[2023-03-15T04:52:59.528+0000][69][gc          ] GC(142) Pause Young (Normal) (G1 Evacuation Pause) 204M->107M(256M) 31.006ms
[2023-03-15T04:52:59.528+0000][69][gc,cpu      ] GC(142) User=0.01s Sys=0.00s Real=0.03s
[2023-03-15T04:52:59.529+0000][69][safepoint   ] Safepoint "G1CollectForAllocation", Time since last: 5919588701 ns, Reaching safepoint: 911104 ns, At safepoint: 32277243 ns, Total: 33188347 ns
[2023-03-15T04:53:07.542+0000][69][safepoint   ] Safepoint "Cleanup", Time since last: 8013116329 ns, Reaching safepoint: 636836 ns, At safepoint: 15078 ns, Total: 651914 ns
[2023-03-15T04:53:33.895+0000][69][gc,start    ] GC(143) Pause Young (Concurrent Start) (G1 Evacuation Pause)
[2023-03-15T04:53:33.897+0000][69][gc,task     ] GC(143) Using 4 workers of 4 for evacuation
[2023-03-15T04:53:33.899+0000][69][gc,age      ] GC(143) Desired survivor size 8388608 bytes, new threshold 15 (max threshold 15)
[2023-03-15T04:53:33.906+0000][69][gc,phases   ] GC(143)   Pre Evacuate Collection Set: 0.7ms
[2023-03-15T04:53:33.907+0000][69][gc,phases   ] GC(143)   Merge Heap Roots: 0.2ms
[2023-03-15T04:53:33.908+0000][69][gc,phases   ] GC(143)   Evacuate Collection Set: 2.7ms
[2023-03-15T04:53:33.909+0000][69][gc,phases   ] GC(143)   Post Evacuate Collection Set: 1.5ms
[2023-03-15T04:53:33.910+0000][69][gc,phases   ] GC(143)   Other: 3.8ms
[2023-03-15T04:53:33.910+0000][69][gc,age      ] GC(143) Age table with threshold 15 (max threshold 15)
[2023-03-15T04:53:33.911+0000][69][gc,age      ] GC(143) - age   1:     614320 bytes,     614320 total
[2023-03-15T04:53:33.912+0000][69][gc,age      ] GC(143) - age   2:      37072 bytes,     651392 total
[2023-03-15T04:53:33.912+0000][69][gc,age      ] GC(143) - age   3:     123064 bytes,     774456 total
[2023-03-15T04:53:33.913+0000][69][gc,age      ] GC(143) - age   4:       4824 bytes,     779280 total
[2023-03-15T04:53:33.914+0000][69][gc,age      ] GC(143) - age   5:        896 bytes,     780176 total
[2023-03-15T04:53:33.914+0000][69][gc,age      ] GC(143) - age   6:       1952 bytes,     782128 total
[2023-03-15T04:53:33.915+0000][69][gc,age      ] GC(143) - age   7:        576 bytes,     782704 total
[2023-03-15T04:53:33.915+0000][69][gc,age      ] GC(143) - age   8:       1496 bytes,     784200 total
[2023-03-15T04:53:33.916+0000][69][gc,age      ] GC(143) - age   9:     296128 bytes,    1080328 total
[2023-03-15T04:53:33.916+0000][69][gc,age      ] GC(143) - age  10:      17288 bytes,    1097616 total
[2023-03-15T04:53:33.917+0000][69][gc,age      ] GC(143) - age  11:       5064 bytes,    1102680 total
[2023-03-15T04:53:33.918+0000][69][gc,age      ] GC(143) - age  12:       4304 bytes,    1106984 total
[2023-03-15T04:53:33.918+0000][69][gc,age      ] GC(143) - age  13:         72 bytes,    1107056 total
[2023-03-15T04:53:33.919+0000][69][gc,age      ] GC(143) - age  14:         80 bytes,    1107136 total
[2023-03-15T04:53:33.919+0000][69][gc,age      ] GC(143) - age  15:        624 bytes,    1107760 total
[2023-03-15T04:53:33.920+0000][69][gc,heap     ] GC(143) Eden regions: 24->0(24)
[2023-03-15T04:53:33.920+0000][69][gc,heap     ] GC(143) Survivor regions: 1->1(4)
[2023-03-15T04:53:33.921+0000][69][gc,heap     ] GC(143) Old regions: 24->24
[2023-03-15T04:53:33.921+0000][69][gc,heap     ] GC(143) Archive regions: 2->2
[2023-03-15T04:53:33.922+0000][69][gc,heap     ] GC(143) Humongous regions: 2->2
[2023-03-15T04:53:33.922+0000][69][gc,metaspace] GC(143) Metaspace: 137277K(140800K)->137277K(140800K) NonClass: 119807K(121088K)->119807K(121088K) Class: 17470K(19712K)->17470K(19712K)
[2023-03-15T04:53:33.923+0000][69][gc          ] GC(143) Pause Young (Concurrent Start) (G1 Evacuation Pause) 203M->107M(256M) 27.856ms
[2023-03-15T04:53:33.924+0000][69][gc,cpu      ] GC(143) User=0.01s Sys=0.00s Real=0.03s
[2023-03-15T04:53:33.924+0000][69][safepoint   ] Safepoint "G1CollectForAllocation", Time since last: 26373444654 ns, Reaching safepoint: 230739 ns, At safepoint: 29195933 ns, Total: 29426672 ns
[2023-03-15T04:53:33.924+0000][69][gc          ] GC(144) Concurrent Mark Cycle
[2023-03-15T04:53:33.926+0000][69][gc,marking  ] GC(144) Concurrent Clear Claimed Marks
[2023-03-15T04:53:33.927+0000][69][gc,marking  ] GC(144) Concurrent Clear Claimed Marks 0.902ms
[2023-03-15T04:53:33.928+0000][69][gc,marking  ] GC(144) Concurrent Scan Root Regions
[2023-03-15T04:53:33.930+0000][69][gc,marking  ] GC(144) Concurrent Scan Root Regions 2.588ms
[2023-03-15T04:53:33.931+0000][69][gc,marking  ] GC(144) Concurrent Mark
[2023-03-15T04:53:33.932+0000][69][gc,marking  ] GC(144) Concurrent Mark From Roots
[2023-03-15T04:53:33.932+0000][69][gc,task     ] GC(144) Using 1 workers of 1 for marking
[2023-03-15T04:53:34.030+0000][69][gc,marking  ] GC(144) Concurrent Mark From Roots 98.656ms
[2023-03-15T04:53:34.031+0000][69][gc,marking  ] GC(144) Concurrent Preclean
[2023-03-15T04:53:34.032+0000][69][gc,marking  ] GC(144) Concurrent Preclean 1.044ms
[2023-03-15T04:53:34.033+0000][69][gc,start    ] GC(144) Pause Remark
[2023-03-15T04:53:34.043+0000][69][gc          ] GC(144) Pause Remark 108M->108M(256M) 9.756ms
[2023-03-15T04:53:34.044+0000][69][gc,cpu      ] GC(144) User=0.03s Sys=0.00s Real=0.01s
[2023-03-15T04:53:34.045+0000][69][safepoint   ] Safepoint "G1PauseRemark", Time since last: 108790375 ns, Reaching safepoint: 80223 ns, At safepoint: 11503357 ns, Total: 11583580 ns
[2023-03-15T04:53:34.045+0000][69][gc,marking  ] GC(144) Concurrent Mark 114.096ms
[2023-03-15T04:53:34.046+0000][69][gc,marking  ] GC(144) Concurrent Rebuild Remembered Sets
[2023-03-15T04:53:34.098+0000][69][gc,marking  ] GC(144) Concurrent Rebuild Remembered Sets 52.068ms
[2023-03-15T04:53:34.099+0000][69][gc,start    ] GC(144) Pause Cleanup
[2023-03-15T04:53:34.100+0000][69][gc          ] GC(144) Pause Cleanup 108M->108M(256M) 0.852ms
[2023-03-15T04:53:34.101+0000][69][gc,cpu      ] GC(144) User=0.00s Sys=0.00s Real=0.00s
[2023-03-15T04:53:34.101+0000][69][safepoint   ] Safepoint "G1PauseCleanup", Time since last: 54281529 ns, Reaching safepoint: 107465 ns, At safepoint: 1990782 ns, Total: 2098247 ns
[2023-03-15T04:53:34.102+0000][69][gc,marking  ] GC(144) Concurrent Cleanup for Next Mark
[2023-03-15T04:53:34.103+0000][69][gc,marking  ] GC(144) Concurrent Cleanup for Next Mark 0.909ms
[2023-03-15T04:53:34.103+0000][69][gc          ] GC(144) Concurrent Mark Cycle 179.288ms
[2023-03-15T04:53:41.109+0000][69][safepoint   ] Safepoint "Cleanup", Time since last: 7007203503 ns, Reaching safepoint: 695118 ns, At safepoint: 27877 ns, Total: 722995 ns
[2023-03-15T04:53:53.113+0000][69][safepoint   ] Safepoint "Cleanup", Time since last: 12024798067 ns, Reaching safepoint: 563739 ns, At safepoint: 31074 ns, Total: 594813 ns
[2023-03-15T04:53:55.121+0000][69][safepoint   ] Safepoint "Cleanup", Time since last: 2006779101 ns, Reaching safepoint: 840933 ns, At safepoint: 55570 ns, Total: 896503 ns
[2023-03-15T04:53:59.135+0000][69][safepoint   ] Safepoint "Cleanup", Time since last: 4013143737 ns, Reaching safepoint: 429066 ns, At safepoint: 14781 ns, Total: 443847 ns
[2023-03-15T04:54:00.142+0000][69][safepoint   ] Safepoint "Cleanup", Time since last: 1006750889 ns, Reaching safepoint: 482074 ns, At safepoint: 18373 ns, Total: 500447 ns
[2023-03-15T04:54:04.336+0000][69][gc,start    ] GC(145) Pause Young (Normal) (G1 Evacuation Pause)
[2023-03-15T04:54:04.337+0000][69][gc,task     ] GC(145) Using 4 workers of 4 for evacuation
[2023-03-15T04:54:04.337+0000][69][gc,age      ] GC(145) Desired survivor size 8388608 bytes, new threshold 15 (max threshold 15)
[2023-03-15T04:54:04.341+0000][69][gc,phases   ] GC(145)   Pre Evacuate Collection Set: 0.2ms
[2023-03-15T04:54:04.342+0000][69][gc,phases   ] GC(145)   Merge Heap Roots: 0.1ms
[2023-03-15T04:54:04.343+0000][69][gc,phases   ] GC(145)   Evacuate Collection Set: 2.1ms
[2023-03-15T04:54:04.343+0000][69][gc,phases   ] GC(145)   Post Evacuate Collection Set: 0.9ms
[2023-03-15T04:54:04.344+0000][69][gc,phases   ] GC(145)   Other: 1.4ms
[2023-03-15T04:54:04.345+0000][69][gc,age      ] GC(145) Age table with threshold 15 (max threshold 15)
[2023-03-15T04:54:04.345+0000][69][gc,age      ] GC(145) - age   1:    1638592 bytes,    1638592 total
[2023-03-15T04:54:04.346+0000][69][gc,age      ] GC(145) - age   2:     122768 bytes,    1761360 total
[2023-03-15T04:54:04.346+0000][69][gc,age      ] GC(145) - age   3:        496 bytes,    1761856 total
[2023-03-15T04:54:04.347+0000][69][gc,age      ] GC(145) - age   4:       9312 bytes,    1771168 total
[2023-03-15T04:54:04.347+0000][69][gc,age      ] GC(145) - age   5:       3824 bytes,    1774992 total
[2023-03-15T04:54:04.348+0000][69][gc,age      ] GC(145) - age   6:        896 bytes,    1775888 total
[2023-03-15T04:54:04.348+0000][69][gc,age      ] GC(145) - age   7:       1952 bytes,    1777840 total
[2023-03-15T04:54:04.348+0000][69][gc,age      ] GC(145) - age   8:        576 bytes,    1778416 total
[2023-03-15T04:54:04.349+0000][69][gc,age      ] GC(145) - age   9:        560 bytes,    1778976 total
[2023-03-15T04:54:04.349+0000][69][gc,age      ] GC(145) - age  10:      31744 bytes,    1810720 total
[2023-03-15T04:54:04.350+0000][69][gc,age      ] GC(145) - age  11:        712 bytes,    1811432 total
[2023-03-15T04:54:04.350+0000][69][gc,age      ] GC(145) - age  12:       5064 bytes,    1816496 total
[2023-03-15T04:54:04.350+0000][69][gc,age      ] GC(145) - age  13:       4304 bytes,    1820800 total
[2023-03-15T04:54:04.351+0000][69][gc,age      ] GC(145) - age  14:         72 bytes,    1820872 total
[2023-03-15T04:54:04.351+0000][69][gc,age      ] GC(145) - age  15:         80 bytes,    1820952 total
[2023-03-15T04:54:04.352+0000][69][gc,heap     ] GC(145) Eden regions: 24->0(24)
[2023-03-15T04:54:04.352+0000][69][gc,heap     ] GC(145) Survivor regions: 1->1(4)
[2023-03-15T04:54:04.352+0000][69][gc,heap     ] GC(145) Old regions: 24->24
[2023-03-15T04:54:04.353+0000][69][gc,heap     ] GC(145) Archive regions: 2->2
[2023-03-15T04:54:04.353+0000][69][gc,heap     ] GC(145) Humongous regions: 2->2
[2023-03-15T04:54:04.354+0000][69][gc,metaspace] GC(145) Metaspace: 137278K(140800K)->137278K(140800K) NonClass: 119808K(121088K)->119808K(121088K) Class: 17470K(19712K)->17470K(19712K)
[2023-03-15T04:54:04.354+0000][69][gc          ] GC(145) Pause Young (Normal) (G1 Evacuation Pause) 203M->108M(256M) 18.502ms
[2023-03-15T04:54:04.355+0000][69][gc,cpu      ] GC(145) User=0.01s Sys=0.01s Real=0.02s
[2023-03-15T04:54:04.355+0000][69][safepoint   ] Safepoint "G1CollectForAllocation", Time since last: 4193303201 ns, Reaching safepoint: 351365 ns, At safepoint: 19422221 ns, Total: 19773586 ns
[2023-03-15T04:54:05.360+0000][69][safepoint   ] Safepoint "Cleanup", Time since last: 1004626872 ns, Reaching safepoint: 205526 ns, At safepoint: 12985 ns, Total: 218511 ns
[2023-03-15T04:54:06.365+0000][69][safepoint   ] Safepoint "Cleanup", Time since last: 1004469969 ns, Reaching safepoint: 342617 ns, At safepoint: 11848 ns, Total: 354465 ns
[2023-03-15T04:54:12.385+0000][69][safepoint   ] Safepoint "Cleanup", Time since last: 6019738721 ns, Reaching safepoint: 585933 ns, At safepoint: 16414 ns, Total: 602347 ns
[2023-03-15T04:54:15.392+0000][69][safepoint   ] Safepoint "Cleanup", Time since last: 3006416800 ns, Reaching safepoint: 528199 ns, At safepoint: 16311 ns, Total: 544510 ns
[2023-03-15T04:54:16.372+0000][69][safepoint   ] Safepoint "Cleanup", Time since last: 1002914661 ns, Reaching safepoint: 204341 ns, At safepoint: 29366 ns, Total: 233707 ns
[2023-03-15T04:54:23.385+0000][69][safepoint   ] Safepoint "Cleanup", Time since last: 7012210582 ns, Reaching safepoint: 574347 ns, At safepoint: 58915 ns, Total: 633262 ns
[2023-03-15T04:54:27.395+0000][69][safepoint   ] Safepoint "Cleanup", Time since last: 4010056187 ns, Reaching safepoint: 247299 ns, At safepoint: 11520 ns, Total: 258819 ns
[2023-03-15T04:54:30.401+0000][69][safepoint   ] Safepoint "Cleanup", Time since last: 3005174661 ns, Reaching safepoint: 647896 ns, At safepoint: 14705 ns, Total: 662601 ns
[2023-03-15T04:54:34.408+0000][69][safepoint   ] Safepoint "Cleanup", Time since last: 4007071885 ns, Reaching safepoint: 155250 ns, At safepoint: 9853 ns, Total: 165103 ns
[2023-03-15T04:54:35.349+0000][69][gc,start    ] GC(146) Pause Young (Concurrent Start) (G1 Evacuation Pause)
[2023-03-15T04:54:35.350+0000][69][gc,task     ] GC(146) Using 4 workers of 4 for evacuation
[2023-03-15T04:54:35.351+0000][69][gc,age      ] GC(146) Desired survivor size 8388608 bytes, new threshold 15 (max threshold 15)
[2023-03-15T04:54:35.356+0000][69][gc,phases   ] GC(146)   Pre Evacuate Collection Set: 0.5ms
[2023-03-15T04:54:35.356+0000][69][gc,phases   ] GC(146)   Merge Heap Roots: 0.1ms
[2023-03-15T04:54:35.357+0000][69][gc,phases   ] GC(146)   Evacuate Collection Set: 2.9ms
[2023-03-15T04:54:35.357+0000][69][gc,phases   ] GC(146)   Post Evacuate Collection Set: 0.9ms
[2023-03-15T04:54:35.358+0000][69][gc,phases   ] GC(146)   Other: 1.3ms
[2023-03-15T04:54:35.358+0000][69][gc,age      ] GC(146) Age table with threshold 15 (max threshold 15)
[2023-03-15T04:54:35.359+0000][69][gc,age      ] GC(146) - age   1:    1446920 bytes,    1446920 total
[2023-03-15T04:54:35.359+0000][69][gc,age      ] GC(146) - age   2:     346528 bytes,    1793448 total
[2023-03-15T04:54:35.360+0000][69][gc,age      ] GC(146) - age   3:     122576 bytes,    1916024 total
[2023-03-15T04:54:35.360+0000][69][gc,age      ] GC(146) - age   4:        368 bytes,    1916392 total
[2023-03-15T04:54:35.360+0000][69][gc,age      ] GC(146) - age   5:       9312 bytes,    1925704 total
[2023-03-15T04:54:35.361+0000][69][gc,age      ] GC(146) - age   6:       3528 bytes,    1929232 total
[2023-03-15T04:54:35.361+0000][69][gc,age      ] GC(146) - age   7:        832 bytes,    1930064 total
[2023-03-15T04:54:35.362+0000][69][gc,age      ] GC(146) - age   8:       1888 bytes,    1931952 total
[2023-03-15T04:54:35.362+0000][69][gc,age      ] GC(146) - age   9:        576 bytes,    1932528 total
[2023-03-15T04:54:35.362+0000][69][gc,age      ] GC(146) - age  10:        560 bytes,    1933088 total
[2023-03-15T04:54:35.363+0000][69][gc,age      ] GC(146) - age  11:      31616 bytes,    1964704 total
[2023-03-15T04:54:35.363+0000][69][gc,age      ] GC(146) - age  12:        712 bytes,    1965416 total
[2023-03-15T04:54:35.363+0000][69][gc,age      ] GC(146) - age  13:       5064 bytes,    1970480 total
[2023-03-15T04:54:35.364+0000][69][gc,age      ] GC(146) - age  14:       4304 bytes,    1974784 total
[2023-03-15T04:54:35.364+0000][69][gc,age      ] GC(146) - age  15:         72 bytes,    1974856 total
[2023-03-15T04:54:35.364+0000][69][gc,heap     ] GC(146) Eden regions: 24->0(24)
[2023-03-15T04:54:35.365+0000][69][gc,heap     ] GC(146) Survivor regions: 1->1(4)
[2023-03-15T04:54:35.365+0000][69][gc,heap     ] GC(146) Old regions: 24->24
[2023-03-15T04:54:35.365+0000][69][gc,heap     ] GC(146) Archive regions: 2->2
[2023-03-15T04:54:35.366+0000][69][gc,heap     ] GC(146) Humongous regions: 2->2
[2023-03-15T04:54:35.366+0000][69][gc,metaspace] GC(146) Metaspace: 137292K(140800K)->137292K(140800K) NonClass: 119822K(121088K)->119822K(121088K) Class: 17470K(19712K)->17470K(19712K)
[2023-03-15T04:54:35.367+0000][69][gc          ] GC(146) Pause Young (Concurrent Start) (G1 Evacuation Pause) 204M->108M(256M) 17.225ms
[2023-03-15T04:54:35.367+0000][69][gc,cpu      ] GC(146) User=0.01s Sys=0.01s Real=0.01s
[2023-03-15T04:54:35.367+0000][69][safepoint   ] Safepoint "G1CollectForAllocation", Time since last: 940888174 ns, Reaching safepoint: 101167 ns, At safepoint: 18017987 ns, Total: 18119154 ns
[2023-03-15T04:54:35.367+0000][69][gc          ] GC(147) Concurrent Mark Cycle
[2023-03-15T04:54:35.368+0000][69][gc,marking  ] GC(147) Concurrent Clear Claimed Marks
[2023-03-15T04:54:35.369+0000][69][gc,marking  ] GC(147) Concurrent Clear Claimed Marks 0.798ms
[2023-03-15T04:54:35.370+0000][69][gc,marking  ] GC(147) Concurrent Scan Root Regions
[2023-03-15T04:54:35.373+0000][69][gc,marking  ] GC(147) Concurrent Scan Root Regions 3.530ms
[2023-03-15T04:54:35.374+0000][69][gc,marking  ] GC(147) Concurrent Mark
[2023-03-15T04:54:35.375+0000][69][gc,marking  ] GC(147) Concurrent Mark From Roots
[2023-03-15T04:54:35.375+0000][69][gc,task     ] GC(147) Using 1 workers of 1 for marking
[2023-03-15T04:54:35.506+0000][69][gc,marking  ] GC(147) Concurrent Mark From Roots 131.599ms
[2023-03-15T04:54:35.507+0000][69][gc,marking  ] GC(147) Concurrent Preclean
[2023-03-15T04:54:35.508+0000][69][gc,marking  ] GC(147) Concurrent Preclean 0.831ms
[2023-03-15T04:54:35.509+0000][69][gc,start    ] GC(147) Pause Remark
[2023-03-15T04:54:35.517+0000][69][gc          ] GC(147) Pause Remark 109M->109M(256M) 8.755ms
[2023-03-15T04:54:35.518+0000][69][gc,cpu      ] GC(147) User=0.03s Sys=0.00s Real=0.00s
[2023-03-15T04:54:35.518+0000][69][safepoint   ] Safepoint "G1PauseRemark", Time since last: 141090643 ns, Reaching safepoint: 134847 ns, At safepoint: 9884014 ns, Total: 10018861 ns
[2023-03-15T04:54:35.519+0000][69][gc,marking  ] GC(147) Concurrent Mark 145.442ms
[2023-03-15T04:54:35.520+0000][69][gc,marking  ] GC(147) Concurrent Rebuild Remembered Sets
[2023-03-15T04:54:35.594+0000][69][gc,marking  ] GC(147) Concurrent Rebuild Remembered Sets 74.282ms
[2023-03-15T04:54:35.595+0000][69][gc,start    ] GC(147) Pause Cleanup
[2023-03-15T04:54:35.596+0000][69][gc          ] GC(147) Pause Cleanup 110M->110M(256M) 0.702ms
[2023-03-15T04:54:35.596+0000][69][gc,cpu      ] GC(147) User=0.00s Sys=0.00s Real=0.00s
[2023-03-15T04:54:35.597+0000][69][safepoint   ] Safepoint "G1PauseCleanup", Time since last: 76359420 ns, Reaching safepoint: 90618 ns, At safepoint: 1777146 ns, Total: 1867764 ns
[2023-03-15T04:54:35.597+0000][69][gc,marking  ] GC(147) Concurrent Cleanup for Next Mark
[2023-03-15T04:54:35.598+0000][69][gc,marking  ] GC(147) Concurrent Cleanup for Next Mark 0.666ms
[2023-03-15T04:54:35.598+0000][69][gc          ] GC(147) Concurrent Mark Cycle 231.389ms
[2023-03-15T04:54:41.608+0000][69][safepoint   ] Safepoint "Cleanup", Time since last: 6010575589 ns, Reaching safepoint: 529630 ns, At safepoint: 8836 ns, Total: 538466 ns
[2023-03-15T04:54:53.610+0000][69][safepoint   ] Safepoint "Cleanup", Time since last: 12023973474 ns, Reaching safepoint: 556291 ns, At safepoint: 29143 ns, Total: 585434 ns
[2023-03-15T04:54:56.616+0000][69][safepoint   ] Safepoint "Cleanup", Time since last: 3005567031 ns, Reaching safepoint: 93892 ns, At safepoint: 36875 ns, Total: 130767 ns
[2023-03-15T04:54:58.620+0000][69][safepoint   ] Safepoint "Cleanup", Time since last: 2003214258 ns, Reaching safepoint: 261058 ns, At safepoint: 28292 ns, Total: 289350 ns
[2023-03-15T04:55:04.350+0000][69][gc,start    ] GC(148) Pause Young (Normal) (G1 Evacuation Pause)
[2023-03-15T04:55:04.350+0000][69][gc,task     ] GC(148) Using 4 workers of 4 for evacuation
[2023-03-15T04:55:04.351+0000][69][gc,age      ] GC(148) Desired survivor size 8388608 bytes, new threshold 15 (max threshold 15)
[2023-03-15T04:55:04.354+0000][69][gc,phases   ] GC(148)   Pre Evacuate Collection Set: 0.1ms
[2023-03-15T04:55:04.355+0000][69][gc,phases   ] GC(148)   Merge Heap Roots: 0.1ms
[2023-03-15T04:55:04.355+0000][69][gc,phases   ] GC(148)   Evacuate Collection Set: 1.5ms
[2023-03-15T04:55:04.356+0000][69][gc,phases   ] GC(148)   Post Evacuate Collection Set: 0.8ms
[2023-03-15T04:55:04.356+0000][69][gc,phases   ] GC(148)   Other: 1.3ms
[2023-03-15T04:55:04.357+0000][69][gc,age      ] GC(148) Age table with threshold 15 (max threshold 15)
[2023-03-15T04:55:04.357+0000][69][gc,age      ] GC(148) - age   1:     614792 bytes,     614792 total
[2023-03-15T04:55:04.358+0000][69][gc,age      ] GC(148) - age   2:     156568 bytes,     771360 total
[2023-03-15T04:55:04.358+0000][69][gc,age      ] GC(148) - age   3:     294912 bytes,    1066272 total
[2023-03-15T04:55:04.359+0000][69][gc,age      ] GC(148) - age   4:       9496 bytes,    1075768 total
[2023-03-15T04:55:04.359+0000][69][gc,age      ] GC(148) - age   5:        344 bytes,    1076112 total
[2023-03-15T04:55:04.360+0000][69][gc,age      ] GC(148) - age   6:        880 bytes,    1076992 total
[2023-03-15T04:55:04.360+0000][69][gc,age      ] GC(148) - age   7:       3528 bytes,    1080520 total
[2023-03-15T04:55:04.362+0000][69][gc,age      ] GC(148) - age   8:        832 bytes,    1081352 total
[2023-03-15T04:55:04.362+0000][69][gc,age      ] GC(148) - age   9:       1888 bytes,    1083240 total
[2023-03-15T04:55:04.363+0000][69][gc,age      ] GC(148) - age  10:        576 bytes,    1083816 total
[2023-03-15T04:55:04.363+0000][69][gc,age      ] GC(148) - age  11:        560 bytes,    1084376 total
[2023-03-15T04:55:04.363+0000][69][gc,age      ] GC(148) - age  12:      31616 bytes,    1115992 total
[2023-03-15T04:55:04.364+0000][69][gc,age      ] GC(148) - age  13:        712 bytes,    1116704 total
[2023-03-15T04:55:04.364+0000][69][gc,age      ] GC(148) - age  14:       5064 bytes,    1121768 total
[2023-03-15T04:55:04.365+0000][69][gc,age      ] GC(148) - age  15:       4304 bytes,    1126072 total
[2023-03-15T04:55:04.365+0000][69][gc,heap     ] GC(148) Eden regions: 24->0(24)
[2023-03-15T04:55:04.366+0000][69][gc,heap     ] GC(148) Survivor regions: 1->1(4)
[2023-03-15T04:55:04.366+0000][69][gc,heap     ] GC(148) Old regions: 24->24
[2023-03-15T04:55:04.367+0000][69][gc,heap     ] GC(148) Archive regions: 2->2
[2023-03-15T04:55:04.367+0000][69][gc,heap     ] GC(148) Humongous regions: 2->2
[2023-03-15T04:55:04.368+0000][69][gc,metaspace] GC(148) Metaspace: 137292K(140800K)->137292K(140800K) NonClass: 119822K(121088K)->119822K(121088K) Class: 17470K(19712K)->17470K(19712K)
[2023-03-15T04:55:04.368+0000][69][gc          ] GC(148) Pause Young (Normal) (G1 Evacuation Pause) 204M->107M(256M) 18.577ms
[2023-03-15T04:55:04.369+0000][69][gc,cpu      ] GC(148) User=0.00s Sys=0.00s Real=0.02s
[2023-03-15T04:55:04.369+0000][69][safepoint   ] Safepoint "G1CollectForAllocation", Time since last: 5729993635 ns, Reaching safepoint: 72737 ns, At safepoint: 19698851 ns, Total: 19771588 ns
[2023-03-15T04:55:05.374+0000][69][safepoint   ] Safepoint "Cleanup", Time since last: 1004248194 ns, Reaching safepoint: 353937 ns, At safepoint: 22811 ns, Total: 376748 ns
[2023-03-15T04:55:07.293+0000][69][safepoint   ] Safepoint "Cleanup", Time since last: 1918452809 ns, Reaching safepoint: 221926 ns, At safepoint: 6054 ns, Total: 227980 ns
[2023-03-15T04:55:17.293+0000][69][safepoint   ] Safepoint "Cleanup", Time since last: 10019692599 ns, Reaching safepoint: 1163049 ns, At safepoint: 179437 ns, Total: 1342486 ns
[2023-03-15T04:55:34.314+0000][69][safepoint   ] Safepoint "Cleanup", Time since last: 17020454552 ns, Reaching safepoint: 541105 ns, At safepoint: 14511 ns, Total: 555616 ns
[2023-03-15T04:55:37.322+0000][69][gc,start    ] GC(149) Pause Young (Concurrent Start) (G1 Evacuation Pause)
[2023-03-15T04:55:37.323+0000][69][gc,task     ] GC(149) Using 4 workers of 4 for evacuation
[2023-03-15T04:55:37.324+0000][69][gc,age      ] GC(149) Desired survivor size 8388608 bytes, new threshold 15 (max threshold 15)
[2023-03-15T04:55:37.330+0000][69][gc,phases   ] GC(149)   Pre Evacuate Collection Set: 0.5ms
[2023-03-15T04:55:37.331+0000][69][gc,phases   ] GC(149)   Merge Heap Roots: 0.2ms
[2023-03-15T04:55:37.332+0000][69][gc,phases   ] GC(149)   Evacuate Collection Set: 2.4ms
[2023-03-15T04:55:37.333+0000][69][gc,phases   ] GC(149)   Post Evacuate Collection Set: 0.9ms
[2023-03-15T04:55:37.334+0000][69][gc,phases   ] GC(149)   Other: 2.5ms
[2023-03-15T04:55:37.334+0000][69][gc,age      ] GC(149) Age table with threshold 15 (max threshold 15)
[2023-03-15T04:55:37.335+0000][69][gc,age      ] GC(149) - age   1:     865016 bytes,     865016 total
[2023-03-15T04:55:37.336+0000][69][gc,age      ] GC(149) - age   2:      36552 bytes,     901568 total
[2023-03-15T04:55:37.336+0000][69][gc,age      ] GC(149) - age   3:     147592 bytes,    1049160 total
[2023-03-15T04:55:37.337+0000][69][gc,age      ] GC(149) - age   4:     290328 bytes,    1339488 total
[2023-03-15T04:55:37.337+0000][69][gc,age      ] GC(149) - age   5:       9432 bytes,    1348920 total
[2023-03-15T04:55:37.338+0000][69][gc,age      ] GC(149) - age   6:        344 bytes,    1349264 total
[2023-03-15T04:55:37.339+0000][69][gc,age      ] GC(149) - age   7:        504 bytes,    1349768 total
[2023-03-15T04:55:37.340+0000][69][gc,age      ] GC(149) - age   8:       3528 bytes,    1353296 total
[2023-03-15T04:55:37.340+0000][69][gc,age      ] GC(149) - age   9:        832 bytes,    1354128 total
[2023-03-15T04:55:37.341+0000][69][gc,age      ] GC(149) - age  10:       1888 bytes,    1356016 total
[2023-03-15T04:55:37.342+0000][69][gc,age      ] GC(149) - age  11:        576 bytes,    1356592 total
[2023-03-15T04:55:37.342+0000][69][gc,age      ] GC(149) - age  12:        560 bytes,    1357152 total
[2023-03-15T04:55:37.343+0000][69][gc,age      ] GC(149) - age  13:      31616 bytes,    1388768 total
[2023-03-15T04:55:37.343+0000][69][gc,age      ] GC(149) - age  14:        712 bytes,    1389480 total
[2023-03-15T04:55:37.344+0000][69][gc,age      ] GC(149) - age  15:       5064 bytes,    1394544 total
[2023-03-15T04:55:37.345+0000][69][gc,heap     ] GC(149) Eden regions: 24->0(24)
[2023-03-15T04:55:37.345+0000][69][gc,heap     ] GC(149) Survivor regions: 1->1(4)
[2023-03-15T04:55:37.346+0000][69][gc,heap     ] GC(149) Old regions: 24->24
[2023-03-15T04:55:37.346+0000][69][gc,heap     ] GC(149) Archive regions: 2->2
[2023-03-15T04:55:37.347+0000][69][gc,heap     ] GC(149) Humongous regions: 2->2
[2023-03-15T04:55:37.347+0000][69][gc,metaspace] GC(149) Metaspace: 137296K(140800K)->137296K(140800K) NonClass: 119825K(121088K)->119825K(121088K) Class: 17470K(19712K)->17470K(19712K)
[2023-03-15T04:55:37.348+0000][69][gc          ] GC(149) Pause Young (Concurrent Start) (G1 Evacuation Pause) 203M->108M(256M) 25.687ms
[2023-03-15T04:55:37.348+0000][69][gc,cpu      ] GC(149) User=0.01s Sys=0.00s Real=0.03s
[2023-03-15T04:55:37.348+0000][69][gc          ] GC(150) Concurrent Mark Cycle
[2023-03-15T04:55:37.349+0000][69][gc,marking  ] GC(150) Concurrent Clear Claimed Marks
[2023-03-15T04:55:37.349+0000][69][safepoint   ] Safepoint "G1CollectForAllocation", Time since last: 3008223027 ns, Reaching safepoint: 130447 ns, At safepoint: 27074474 ns, Total: 27204921 ns
[2023-03-15T04:55:37.350+0000][69][gc,marking  ] GC(150) Concurrent Clear Claimed Marks 0.686ms
[2023-03-15T04:55:37.351+0000][69][gc,marking  ] GC(150) Concurrent Scan Root Regions
[2023-03-15T04:55:37.354+0000][69][gc,marking  ] GC(150) Concurrent Scan Root Regions 2.479ms
[2023-03-15T04:55:37.354+0000][69][gc,marking  ] GC(150) Concurrent Mark
[2023-03-15T04:55:37.355+0000][69][gc,marking  ] GC(150) Concurrent Mark From Roots
[2023-03-15T04:55:37.355+0000][69][gc,task     ] GC(150) Using 1 workers of 1 for marking
[2023-03-15T04:55:37.451+0000][69][gc,marking  ] GC(150) Concurrent Mark From Roots 95.730ms
[2023-03-15T04:55:37.452+0000][69][gc,marking  ] GC(150) Concurrent Preclean
[2023-03-15T04:55:37.453+0000][69][gc,marking  ] GC(150) Concurrent Preclean 1.395ms
[2023-03-15T04:55:37.454+0000][69][gc,start    ] GC(150) Pause Remark
[2023-03-15T04:55:37.463+0000][69][gc          ] GC(150) Pause Remark 109M->109M(256M) 8.451ms
[2023-03-15T04:55:37.464+0000][69][gc,cpu      ] GC(150) User=0.02s Sys=0.00s Real=0.01s
[2023-03-15T04:55:37.465+0000][69][safepoint   ] Safepoint "G1PauseRemark", Time since last: 105151670 ns, Reaching safepoint: 129587 ns, At safepoint: 10494894 ns, Total: 10624481 ns
[2023-03-15T04:55:37.466+0000][69][gc,marking  ] GC(150) Concurrent Mark 111.155ms
[2023-03-15T04:55:37.466+0000][69][gc,marking  ] GC(150) Concurrent Rebuild Remembered Sets
[2023-03-15T04:55:37.515+0000][69][gc,marking  ] GC(150) Concurrent Rebuild Remembered Sets 49.227ms
[2023-03-15T04:55:37.517+0000][69][gc,start    ] GC(150) Pause Cleanup
[2023-03-15T04:55:37.518+0000][69][gc          ] GC(150) Pause Cleanup 109M->109M(256M) 0.874ms
[2023-03-15T04:55:37.518+0000][69][gc,cpu      ] GC(150) User=0.00s Sys=0.00s Real=0.00s
[2023-03-15T04:55:37.519+0000][69][safepoint   ] Safepoint "G1PauseCleanup", Time since last: 51552100 ns, Reaching safepoint: 296595 ns, At safepoint: 2418288 ns, Total: 2714883 ns
[2023-03-15T04:55:37.520+0000][69][gc,marking  ] GC(150) Concurrent Cleanup for Next Mark
[2023-03-15T04:55:37.520+0000][69][gc,marking  ] GC(150) Concurrent Cleanup for Next Mark 0.724ms
[2023-03-15T04:55:37.521+0000][69][gc          ] GC(150) Concurrent Mark Cycle 172.961ms
[2023-03-15T04:55:48.515+0000][69][safepoint   ] Safepoint "Cleanup", Time since last: 11017206629 ns, Reaching safepoint: 570612 ns, At safepoint: 34243 ns, Total: 604855 ns
[2023-03-15T04:55:53.526+0000][69][safepoint   ] Safepoint "Cleanup", Time since last: 5011028841 ns, Reaching safepoint: 244984 ns, At safepoint: 12775 ns, Total: 257759 ns
[2023-03-15T04:56:00.538+0000][69][safepoint   ] Safepoint "Cleanup", Time since last: 7011425665 ns, Reaching safepoint: 738487 ns, At safepoint: 45738 ns, Total: 784225 ns
[2023-03-15T04:56:03.553+0000][69][safepoint   ] Safepoint "Cleanup", Time since last: 3014737357 ns, Reaching safepoint: 181259 ns, At safepoint: 14226 ns, Total: 195485 ns
[2023-03-15T04:56:05.560+0000][69][safepoint   ] Safepoint "Cleanup", Time since last: 2005304737 ns, Reaching safepoint: 763184 ns, At safepoint: 47280 ns, Total: 810464 ns
[2023-03-15T04:56:06.565+0000][69][safepoint   ] Safepoint "Cleanup", Time since last: 1005111848 ns, Reaching safepoint: 174424 ns, At safepoint: 13367 ns, Total: 187791 ns
[2023-03-15T04:56:10.343+0000][69][gc,start    ] GC(151) Pause Young (Normal) (G1 Evacuation Pause)
[2023-03-15T04:56:10.343+0000][69][gc,task     ] GC(151) Using 4 workers of 4 for evacuation
[2023-03-15T04:56:10.344+0000][69][gc,age      ] GC(151) Desired survivor size 8388608 bytes, new threshold 15 (max threshold 15)
[2023-03-15T04:56:10.349+0000][69][gc,phases   ] GC(151)   Pre Evacuate Collection Set: 0.1ms
[2023-03-15T04:56:10.349+0000][69][gc,phases   ] GC(151)   Merge Heap Roots: 0.0ms
[2023-03-15T04:56:10.350+0000][69][gc,phases   ] GC(151)   Evacuate Collection Set: 3.0ms
[2023-03-15T04:56:10.351+0000][69][gc,phases   ] GC(151)   Post Evacuate Collection Set: 0.9ms
[2023-03-15T04:56:10.351+0000][69][gc,phases   ] GC(151)   Other: 1.3ms
[2023-03-15T04:56:10.352+0000][69][gc,age      ] GC(151) Age table with threshold 15 (max threshold 15)
[2023-03-15T04:56:10.352+0000][69][gc,age      ] GC(151) - age   1:    1549176 bytes,    1549176 total
[2023-03-15T04:56:10.352+0000][69][gc,age      ] GC(151) - age   2:      18928 bytes,    1568104 total
[2023-03-15T04:56:10.353+0000][69][gc,age      ] GC(151) - age   3:      35072 bytes,    1603176 total
[2023-03-15T04:56:10.353+0000][69][gc,age      ] GC(151) - age   4:     147464 bytes,    1750640 total
[2023-03-15T04:56:10.354+0000][69][gc,age      ] GC(151) - age   5:     289840 bytes,    2040480 total
[2023-03-15T04:56:10.354+0000][69][gc,age      ] GC(151) - age   6:       9304 bytes,    2049784 total
[2023-03-15T04:56:10.355+0000][69][gc,age      ] GC(151) - age   7:        344 bytes,    2050128 total
[2023-03-15T04:56:10.355+0000][69][gc,age      ] GC(151) - age   8:        504 bytes,    2050632 total
[2023-03-15T04:56:10.356+0000][69][gc,age      ] GC(151) - age   9:       3344 bytes,    2053976 total
[2023-03-15T04:56:10.356+0000][69][gc,age      ] GC(151) - age  10:        832 bytes,    2054808 total
[2023-03-15T04:56:10.357+0000][69][gc,age      ] GC(151) - age  11:       1888 bytes,    2056696 total
[2023-03-15T04:56:10.357+0000][69][gc,age      ] GC(151) - age  12:        576 bytes,    2057272 total
[2023-03-15T04:56:10.358+0000][69][gc,age      ] GC(151) - age  13:        560 bytes,    2057832 total
[2023-03-15T04:56:10.358+0000][69][gc,age      ] GC(151) - age  14:      31616 bytes,    2089448 total
[2023-03-15T04:56:10.359+0000][69][gc,age      ] GC(151) - age  15:        712 bytes,    2090160 total
[2023-03-15T04:56:10.360+0000][69][gc,heap     ] GC(151) Eden regions: 24->0(24)
[2023-03-15T04:56:10.360+0000][69][gc,heap     ] GC(151) Survivor regions: 1->1(4)
[2023-03-15T04:56:10.360+0000][69][gc,heap     ] GC(151) Old regions: 24->24
[2023-03-15T04:56:10.361+0000][69][gc,heap     ] GC(151) Archive regions: 2->2
[2023-03-15T04:56:10.361+0000][69][gc,heap     ] GC(151) Humongous regions: 2->2
[2023-03-15T04:56:10.362+0000][69][gc,metaspace] GC(151) Metaspace: 137297K(140800K)->137297K(140800K) NonClass: 119827K(121088K)->119827K(121088K) Class: 17470K(19712K)->17470K(19712K)
[2023-03-15T04:56:10.363+0000][69][gc          ] GC(151) Pause Young (Normal) (G1 Evacuation Pause) 204M->108M(256M) 19.872ms
[2023-03-15T04:56:10.363+0000][69][gc,cpu      ] GC(151) User=0.01s Sys=0.01s Real=0.02s
[2023-03-15T04:56:10.364+0000][69][safepoint   ] Safepoint "G1CollectForAllocation", Time since last: 3777594959 ns, Reaching safepoint: 309571 ns, At safepoint: 20841678 ns, Total: 21151249 ns
[2023-03-15T04:56:11.365+0000][69][safepoint   ] Safepoint "Cleanup", Time since last: 1000787144 ns, Reaching safepoint: 530151 ns, At safepoint: 17467 ns, Total: 547618 ns
[2023-03-15T04:56:12.370+0000][69][safepoint   ] Safepoint "Cleanup", Time since last: 1004611146 ns, Reaching safepoint: 914933 ns, At safepoint: 56181 ns, Total: 971114 ns
[2023-03-15T04:56:27.378+0000][69][safepoint   ] Safepoint "Cleanup", Time since last: 15028011887 ns, Reaching safepoint: 1006979 ns, At safepoint: 233982 ns, Total: 1240961 ns
[2023-03-15T04:56:40.388+0000][69][safepoint   ] Safepoint "Cleanup", Time since last: 13009841891 ns, Reaching safepoint: 86827 ns, At safepoint: 3929 ns, Total: 90756 ns
[2023-03-15T04:56:40.672+0000][69][gc,start    ] GC(152) Pause Young (Concurrent Start) (G1 Evacuation Pause)
[2023-03-15T04:56:40.673+0000][69][gc,task     ] GC(152) Using 4 workers of 4 for evacuation
[2023-03-15T04:56:40.674+0000][69][gc,age      ] GC(152) Desired survivor size 8388608 bytes, new threshold 15 (max threshold 15)
[2023-03-15T04:56:40.680+0000][69][gc,phases   ] GC(152)   Pre Evacuate Collection Set: 0.4ms
[2023-03-15T04:56:40.681+0000][69][gc,phases   ] GC(152)   Merge Heap Roots: 0.1ms
[2023-03-15T04:56:40.681+0000][69][gc,phases   ] GC(152)   Evacuate Collection Set: 3.5ms
[2023-03-15T04:56:40.682+0000][69][gc,phases   ] GC(152)   Post Evacuate Collection Set: 0.8ms
[2023-03-15T04:56:40.682+0000][69][gc,phases   ] GC(152)   Other: 1.8ms
[2023-03-15T04:56:40.682+0000][69][gc,age      ] GC(152) Age table with threshold 15 (max threshold 15)
[2023-03-15T04:56:40.683+0000][69][gc,age      ] GC(152) - age   1:    1920264 bytes,    1920264 total
[2023-03-15T04:56:40.683+0000][69][gc,age      ] GC(152) - age   2:       3856 bytes,    1924120 total
[2023-03-15T04:56:40.684+0000][69][gc,age      ] GC(152) - age   3:      18056 bytes,    1942176 total
[2023-03-15T04:56:40.684+0000][69][gc,age      ] GC(152) - age   4:      35008 bytes,    1977184 total
[2023-03-15T04:56:40.685+0000][69][gc,age      ] GC(152) - age   5:     147464 bytes,    2124648 total
[2023-03-15T04:56:40.685+0000][69][gc,age      ] GC(152) - age   6:     289840 bytes,    2414488 total
[2023-03-15T04:56:40.686+0000][69][gc,age      ] GC(152) - age   7:       9304 bytes,    2423792 total
[2023-03-15T04:56:40.686+0000][69][gc,age      ] GC(152) - age   8:        344 bytes,    2424136 total
[2023-03-15T04:56:40.687+0000][69][gc,age      ] GC(152) - age   9:        504 bytes,    2424640 total
[2023-03-15T04:56:40.687+0000][69][gc,age      ] GC(152) - age  10:       3344 bytes,    2427984 total
[2023-03-15T04:56:40.688+0000][69][gc,age      ] GC(152) - age  11:        832 bytes,    2428816 total
[2023-03-15T04:56:40.688+0000][69][gc,age      ] GC(152) - age  12:       1888 bytes,    2430704 total
[2023-03-15T04:56:40.689+0000][69][gc,age      ] GC(152) - age  13:        576 bytes,    2431280 total
[2023-03-15T04:56:40.689+0000][69][gc,age      ] GC(152) - age  14:        560 bytes,    2431840 total
[2023-03-15T04:56:40.689+0000][69][gc,age      ] GC(152) - age  15:      31616 bytes,    2463456 total
[2023-03-15T04:56:40.690+0000][69][gc,heap     ] GC(152) Eden regions: 24->0(24)
[2023-03-15T04:56:40.690+0000][69][gc,heap     ] GC(152) Survivor regions: 1->1(4)
[2023-03-15T04:56:40.691+0000][69][gc,heap     ] GC(152) Old regions: 24->24
[2023-03-15T04:56:40.691+0000][69][gc,heap     ] GC(152) Archive regions: 2->2
[2023-03-15T04:56:40.692+0000][69][gc,heap     ] GC(152) Humongous regions: 2->2
[2023-03-15T04:56:40.692+0000][69][gc,metaspace] GC(152) Metaspace: 137315K(140800K)->137315K(140800K) NonClass: 119844K(121088K)->119844K(121088K) Class: 17470K(19712K)->17470K(19712K)
[2023-03-15T04:56:40.693+0000][69][gc          ] GC(152) Pause Young (Concurrent Start) (G1 Evacuation Pause) 204M->108M(256M) 20.779ms
[2023-03-15T04:56:40.694+0000][69][gc,cpu      ] GC(152) User=0.01s Sys=0.00s Real=0.02s
[2023-03-15T04:56:40.695+0000][69][safepoint   ] Safepoint "G1CollectForAllocation", Time since last: 283819340 ns, Reaching safepoint: 176877 ns, At safepoint: 22929074 ns, Total: 23105951 ns
[2023-03-15T04:56:40.694+0000][69][gc          ] GC(153) Concurrent Mark Cycle
[2023-03-15T04:56:40.697+0000][69][gc,marking  ] GC(153) Concurrent Clear Claimed Marks
[2023-03-15T04:56:40.697+0000][69][gc,marking  ] GC(153) Concurrent Clear Claimed Marks 0.729ms
[2023-03-15T04:56:40.698+0000][69][gc,marking  ] GC(153) Concurrent Scan Root Regions
[2023-03-15T04:56:40.700+0000][69][gc,marking  ] GC(153) Concurrent Scan Root Regions 2.263ms
[2023-03-15T04:56:40.701+0000][69][gc,marking  ] GC(153) Concurrent Mark
[2023-03-15T04:56:40.702+0000][69][gc,marking  ] GC(153) Concurrent Mark From Roots
[2023-03-15T04:56:40.702+0000][69][gc,task     ] GC(153) Using 1 workers of 1 for marking
[2023-03-15T04:56:40.841+0000][69][gc,marking  ] GC(153) Concurrent Mark From Roots 139.338ms
[2023-03-15T04:56:40.842+0000][69][gc,marking  ] GC(153) Concurrent Preclean
[2023-03-15T04:56:40.843+0000][69][gc,marking  ] GC(153) Concurrent Preclean 1.143ms
[2023-03-15T04:56:40.844+0000][69][gc,start    ] GC(153) Pause Remark
[2023-03-15T04:56:40.856+0000][69][gc          ] GC(153) Pause Remark 113M->113M(256M) 11.752ms
[2023-03-15T04:56:40.861+0000][69][gc,cpu      ] GC(153) User=0.02s Sys=0.00s Real=0.01s
[2023-03-15T04:56:40.861+0000][69][safepoint   ] Safepoint "G1PauseRemark", Time since last: 148535251 ns, Reaching safepoint: 97209 ns, At safepoint: 17266894 ns, Total: 17364103 ns
[2023-03-15T04:56:40.862+0000][69][gc,marking  ] GC(153) Concurrent Mark 160.517ms
[2023-03-15T04:56:40.862+0000][69][gc,marking  ] GC(153) Concurrent Rebuild Remembered Sets
[2023-03-15T04:56:40.942+0000][69][gc,marking  ] GC(153) Concurrent Rebuild Remembered Sets 79.406ms
[2023-03-15T04:56:40.943+0000][69][gc,start    ] GC(153) Pause Cleanup
[2023-03-15T04:56:40.943+0000][69][gc          ] GC(153) Pause Cleanup 114M->114M(256M) 0.803ms
[2023-03-15T04:56:40.944+0000][69][gc,cpu      ] GC(153) User=0.00s Sys=0.00s Real=0.00s
[2023-03-15T04:56:40.944+0000][69][safepoint   ] Safepoint "G1PauseCleanup", Time since last: 81052426 ns, Reaching safepoint: 273847 ns, At safepoint: 1771035 ns, Total: 2044882 ns
[2023-03-15T04:56:40.945+0000][69][gc,marking  ] GC(153) Concurrent Cleanup for Next Mark
[2023-03-15T04:56:40.945+0000][69][gc,marking  ] GC(153) Concurrent Cleanup for Next Mark 0.818ms
[2023-03-15T04:56:40.946+0000][69][gc          ] GC(153) Concurrent Mark Cycle 251.907ms
[2023-03-15T04:56:42.948+0000][69][safepoint   ] Safepoint "Cleanup", Time since last: 2003484415 ns, Reaching safepoint: 210225 ns, At safepoint: 7425 ns, Total: 217650 ns
[2023-03-15T04:57:10.559+0000][69][gc,start    ] GC(154) Pause Young (Normal) (G1 Evacuation Pause)
[2023-03-15T04:57:10.560+0000][69][gc,task     ] GC(154) Using 4 workers of 4 for evacuation
[2023-03-15T04:57:10.560+0000][69][gc,age      ] GC(154) Desired survivor size 8388608 bytes, new threshold 15 (max threshold 15)
[2023-03-15T04:57:10.564+0000][69][gc,phases   ] GC(154)   Pre Evacuate Collection Set: 0.1ms
[2023-03-15T04:57:10.565+0000][69][gc,phases   ] GC(154)   Merge Heap Roots: 0.1ms
[2023-03-15T04:57:10.565+0000][69][gc,phases   ] GC(154)   Evacuate Collection Set: 2.5ms
[2023-03-15T04:57:10.566+0000][69][gc,phases   ] GC(154)   Post Evacuate Collection Set: 0.8ms
[2023-03-15T04:57:10.567+0000][69][gc,phases   ] GC(154)   Other: 1.0ms
[2023-03-15T04:57:10.567+0000][69][gc,age      ] GC(154) Age table with threshold 15 (max threshold 15)
[2023-03-15T04:57:10.567+0000][69][gc,age      ] GC(154) - age   1:     634328 bytes,     634328 total
[2023-03-15T04:57:10.568+0000][69][gc,age      ] GC(154) - age   2:       4528 bytes,     638856 total
[2023-03-15T04:57:10.569+0000][69][gc,age      ] GC(154) - age   3:       2000 bytes,     640856 total
[2023-03-15T04:57:10.569+0000][69][gc,age      ] GC(154) - age   4:      17584 bytes,     658440 total
[2023-03-15T04:57:10.570+0000][69][gc,age      ] GC(154) - age   5:      34944 bytes,     693384 total
[2023-03-15T04:57:10.570+0000][69][gc,age      ] GC(154) - age   6:     147400 bytes,     840784 total
[2023-03-15T04:57:10.571+0000][69][gc,age      ] GC(154) - age   7:     263400 bytes,    1104184 total
[2023-03-15T04:57:10.571+0000][69][gc,age      ] GC(154) - age   8:        872 bytes,    1105056 total
[2023-03-15T04:57:10.572+0000][69][gc,age      ] GC(154) - age   9:        312 bytes,    1105368 total
[2023-03-15T04:57:10.572+0000][69][gc,age      ] GC(154) - age  10:        504 bytes,    1105872 total
[2023-03-15T04:57:10.573+0000][69][gc,age      ] GC(154) - age  11:       3344 bytes,    1109216 total
[2023-03-15T04:57:10.573+0000][69][gc,age      ] GC(154) - age  12:        832 bytes,    1110048 total
[2023-03-15T04:57:10.574+0000][69][gc,age      ] GC(154) - age  13:       1888 bytes,    1111936 total
[2023-03-15T04:57:10.574+0000][69][gc,age      ] GC(154) - age  14:        576 bytes,    1112512 total
[2023-03-15T04:57:10.575+0000][69][gc,age      ] GC(154) - age  15:        560 bytes,    1113072 total
[2023-03-15T04:57:10.575+0000][69][gc,heap     ] GC(154) Eden regions: 24->0(24)
[2023-03-15T04:57:10.576+0000][69][gc,heap     ] GC(154) Survivor regions: 1->1(4)
[2023-03-15T04:57:10.576+0000][69][gc,heap     ] GC(154) Old regions: 24->24
[2023-03-15T04:57:10.577+0000][69][gc,heap     ] GC(154) Archive regions: 2->2
[2023-03-15T04:57:10.577+0000][69][gc,heap     ] GC(154) Humongous regions: 2->2
[2023-03-15T04:57:10.578+0000][69][gc,metaspace] GC(154) Metaspace: 137320K(140800K)->137320K(140800K) NonClass: 119849K(121088K)->119849K(121088K) Class: 17470K(19712K)->17470K(19712K)
[2023-03-15T04:57:10.578+0000][69][gc          ] GC(154) Pause Young (Normal) (G1 Evacuation Pause) 204M->107M(256M) 19.262ms
[2023-03-15T04:57:10.579+0000][69][gc,cpu      ] GC(154) User=0.00s Sys=0.00s Real=0.02s
[2023-03-15T04:57:10.579+0000][69][safepoint   ] Safepoint "G1CollectForAllocation", Time since last: 27632420639 ns, Reaching safepoint: 56740 ns, At safepoint: 20211372 ns, Total: 20268112 ns
[2023-03-15T04:57:18.570+0000][69][safepoint   ] Safepoint "Cleanup", Time since last: 8011896917 ns, Reaching safepoint: 348348 ns, At safepoint: 13254 ns, Total: 361602 ns
[2023-03-15T04:57:28.588+0000][69][safepoint   ] Safepoint "Cleanup", Time since last: 10017737474 ns, Reaching safepoint: 89674 ns, At safepoint: 3095 ns, Total: 92769 ns
[2023-03-15T04:57:46.296+0000][69][gc,start    ] GC(155) Pause Young (Concurrent Start) (G1 Evacuation Pause)
[2023-03-15T04:57:46.298+0000][69][gc,task     ] GC(155) Using 4 workers of 4 for evacuation
[2023-03-15T04:57:46.299+0000][69][gc,age      ] GC(155) Desired survivor size 8388608 bytes, new threshold 15 (max threshold 15)
[2023-03-15T04:57:46.307+0000][69][gc,phases   ] GC(155)   Pre Evacuate Collection Set: 0.7ms
[2023-03-15T04:57:46.308+0000][69][gc,phases   ] GC(155)   Merge Heap Roots: 0.3ms
[2023-03-15T04:57:46.309+0000][69][gc,phases   ] GC(155)   Evacuate Collection Set: 4.4ms
[2023-03-15T04:57:46.310+0000][69][gc,phases   ] GC(155)   Post Evacuate Collection Set: 1.0ms
[2023-03-15T04:57:46.311+0000][69][gc,phases   ] GC(155)   Other: 2.8ms
[2023-03-15T04:57:46.311+0000][69][gc,age      ] GC(155) Age table with threshold 15 (max threshold 15)
[2023-03-15T04:57:46.312+0000][69][gc,age      ] GC(155) - age   1:    1053664 bytes,    1053664 total
[2023-03-15T04:57:46.313+0000][69][gc,age      ] GC(155) - age   2:     148736 bytes,    1202400 total
[2023-03-15T04:57:46.314+0000][69][gc,age      ] GC(155) - age   3:       3648 bytes,    1206048 total
[2023-03-15T04:57:46.314+0000][69][gc,age      ] GC(155) - age   4:       1936 bytes,    1207984 total
[2023-03-15T04:57:46.315+0000][69][gc,age      ] GC(155) - age   5:      17520 bytes,    1225504 total
[2023-03-15T04:57:46.316+0000][69][gc,age      ] GC(155) - age   6:       1280 bytes,    1226784 total
[2023-03-15T04:57:46.317+0000][69][gc,age      ] GC(155) - age   7:      29128 bytes,    1255912 total
[2023-03-15T04:57:46.318+0000][69][gc,age      ] GC(155) - age   8:     263400 bytes,    1519312 total
[2023-03-15T04:57:46.318+0000][69][gc,age      ] GC(155) - age   9:        872 bytes,    1520184 total
[2023-03-15T04:57:46.319+0000][69][gc,age      ] GC(155) - age  10:        312 bytes,    1520496 total
[2023-03-15T04:57:46.320+0000][69][gc,age      ] GC(155) - age  11:        504 bytes,    1521000 total
[2023-03-15T04:57:46.320+0000][69][gc,age      ] GC(155) - age  12:       3344 bytes,    1524344 total
[2023-03-15T04:57:46.321+0000][69][gc,age      ] GC(155) - age  13:        832 bytes,    1525176 total
[2023-03-15T04:57:46.321+0000][69][gc,age      ] GC(155) - age  14:       1888 bytes,    1527064 total
[2023-03-15T04:57:46.322+0000][69][gc,age      ] GC(155) - age  15:        576 bytes,    1527640 total
[2023-03-15T04:57:46.323+0000][69][gc,heap     ] GC(155) Eden regions: 24->0(24)
[2023-03-15T04:57:46.323+0000][69][gc,heap     ] GC(155) Survivor regions: 1->1(4)
[2023-03-15T04:57:46.324+0000][69][gc,heap     ] GC(155) Old regions: 24->24
[2023-03-15T04:57:46.324+0000][69][gc,heap     ] GC(155) Archive regions: 2->2
[2023-03-15T04:57:46.325+0000][69][gc,heap     ] GC(155) Humongous regions: 2->2
[2023-03-15T04:57:46.326+0000][69][gc,metaspace] GC(155) Metaspace: 137326K(140800K)->137326K(140800K) NonClass: 119854K(121088K)->119854K(121088K) Class: 17471K(19712K)->17471K(19712K)
[2023-03-15T04:57:46.327+0000][69][gc          ] GC(155) Pause Young (Concurrent Start) (G1 Evacuation Pause) 203M->108M(256M) 30.615ms
[2023-03-15T04:57:46.327+0000][69][gc,cpu      ] GC(155) User=0.02s Sys=0.00s Real=0.03s
[2023-03-15T04:57:46.327+0000][69][gc          ] GC(156) Concurrent Mark Cycle
[2023-03-15T04:57:46.328+0000][69][gc,marking  ] GC(156) Concurrent Clear Claimed Marks
[2023-03-15T04:57:46.328+0000][69][safepoint   ] Safepoint "G1CollectForAllocation", Time since last: 17728863387 ns, Reaching safepoint: 196492 ns, At safepoint: 32219695 ns, Total: 32416187 ns
[2023-03-15T04:57:46.329+0000][69][gc,marking  ] GC(156) Concurrent Clear Claimed Marks 0.628ms
[2023-03-15T04:57:46.330+0000][69][gc,marking  ] GC(156) Concurrent Scan Root Regions
[2023-03-15T04:57:46.334+0000][69][gc,marking  ] GC(156) Concurrent Scan Root Regions 3.604ms
[2023-03-15T04:57:46.334+0000][69][gc,marking  ] GC(156) Concurrent Mark
[2023-03-15T04:57:46.335+0000][69][gc,marking  ] GC(156) Concurrent Mark From Roots
[2023-03-15T04:57:46.335+0000][69][gc,task     ] GC(156) Using 1 workers of 1 for marking
[2023-03-15T04:57:46.482+0000][69][gc,marking  ] GC(156) Concurrent Mark From Roots 147.145ms
[2023-03-15T04:57:46.483+0000][69][gc,marking  ] GC(156) Concurrent Preclean
[2023-03-15T04:57:46.483+0000][69][gc,marking  ] GC(156) Concurrent Preclean 0.803ms
[2023-03-15T04:57:46.484+0000][69][gc,start    ] GC(156) Pause Remark
[2023-03-15T04:57:46.495+0000][69][gc          ] GC(156) Pause Remark 112M->112M(256M) 11.122ms
[2023-03-15T04:57:46.496+0000][69][gc,cpu      ] GC(156) User=0.03s Sys=0.00s Real=0.01s
[2023-03-15T04:57:46.497+0000][69][safepoint   ] Safepoint "G1PauseRemark", Time since last: 155644992 ns, Reaching safepoint: 446258 ns, At safepoint: 12564725 ns, Total: 13010983 ns
[2023-03-15T04:57:46.498+0000][69][gc,marking  ] GC(156) Concurrent Mark 163.491ms
[2023-03-15T04:57:46.498+0000][69][gc,marking  ] GC(156) Concurrent Rebuild Remembered Sets
[2023-03-15T04:57:46.562+0000][69][gc,marking  ] GC(156) Concurrent Rebuild Remembered Sets 64.070ms
[2023-03-15T04:57:46.563+0000][69][gc,start    ] GC(156) Pause Cleanup
[2023-03-15T04:57:46.564+0000][69][gc          ] GC(156) Pause Cleanup 113M->113M(256M) 0.690ms
[2023-03-15T04:57:46.564+0000][69][gc,cpu      ] GC(156) User=0.00s Sys=0.00s Real=0.00s
[2023-03-15T04:57:46.565+0000][69][safepoint   ] Safepoint "G1PauseCleanup", Time since last: 66135443 ns, Reaching safepoint: 263226 ns, At safepoint: 1710421 ns, Total: 1973647 ns
[2023-03-15T04:57:46.566+0000][69][gc,marking  ] GC(156) Concurrent Cleanup for Next Mark
[2023-03-15T04:57:46.567+0000][69][gc,marking  ] GC(156) Concurrent Cleanup for Next Mark 0.705ms
[2023-03-15T04:57:46.567+0000][69][gc          ] GC(156) Concurrent Mark Cycle 239.902ms
[2023-03-15T04:57:53.584+0000][69][safepoint   ] Safepoint "Cleanup", Time since last: 7018235098 ns, Reaching safepoint: 832210 ns, At safepoint: 46641 ns, Total: 878851 ns
[2023-03-15T04:58:00.604+0000][69][safepoint   ] Safepoint "Cleanup", Time since last: 7019690435 ns, Reaching safepoint: 337967 ns, At safepoint: 23197 ns, Total: 361164 ns
[2023-03-15T04:58:16.431+0000][69][gc,start    ] GC(157) Pause Young (Normal) (G1 Evacuation Pause)
[2023-03-15T04:58:16.431+0000][69][gc,task     ] GC(157) Using 4 workers of 4 for evacuation
[2023-03-15T04:58:16.432+0000][69][gc,age      ] GC(157) Desired survivor size 8388608 bytes, new threshold 15 (max threshold 15)
[2023-03-15T04:58:16.436+0000][69][gc,phases   ] GC(157)   Pre Evacuate Collection Set: 0.2ms
[2023-03-15T04:58:16.436+0000][69][gc,phases   ] GC(157)   Merge Heap Roots: 0.1ms
[2023-03-15T04:58:16.437+0000][69][gc,phases   ] GC(157)   Evacuate Collection Set: 2.3ms
[2023-03-15T04:58:16.437+0000][69][gc,phases   ] GC(157)   Post Evacuate Collection Set: 0.6ms
[2023-03-15T04:58:16.438+0000][69][gc,phases   ] GC(157)   Other: 1.1ms
[2023-03-15T04:58:16.438+0000][69][gc,age      ] GC(157) Age table with threshold 15 (max threshold 15)
[2023-03-15T04:58:16.439+0000][69][gc,age      ] GC(157) - age   1:    1597000 bytes,    1597000 total
[2023-03-15T04:58:16.439+0000][69][gc,age      ] GC(157) - age   2:       2632 bytes,    1599632 total
[2023-03-15T04:58:16.440+0000][69][gc,age      ] GC(157) - age   3:     130432 bytes,    1730064 total
[2023-03-15T04:58:16.440+0000][69][gc,age      ] GC(157) - age   4:       3176 bytes,    1733240 total
[2023-03-15T04:58:16.441+0000][69][gc,age      ] GC(157) - age   5:       1696 bytes,    1734936 total
[2023-03-15T04:58:16.441+0000][69][gc,age      ] GC(157) - age   6:      17520 bytes,    1752456 total
[2023-03-15T04:58:16.442+0000][69][gc,age      ] GC(157) - age   7:        984 bytes,    1753440 total
[2023-03-15T04:58:16.442+0000][69][gc,age      ] GC(157) - age   8:      29064 bytes,    1782504 total
[2023-03-15T04:58:16.443+0000][69][gc,age      ] GC(157) - age   9:     263400 bytes,    2045904 total
[2023-03-15T04:58:16.443+0000][69][gc,age      ] GC(157) - age  10:        872 bytes,    2046776 total
[2023-03-15T04:58:16.443+0000][69][gc,age      ] GC(157) - age  11:         80 bytes,    2046856 total
[2023-03-15T04:58:16.444+0000][69][gc,age      ] GC(157) - age  12:        504 bytes,    2047360 total
[2023-03-15T04:58:16.444+0000][69][gc,age      ] GC(157) - age  13:       3344 bytes,    2050704 total
[2023-03-15T04:58:16.445+0000][69][gc,age      ] GC(157) - age  14:        832 bytes,    2051536 total
[2023-03-15T04:58:16.445+0000][69][gc,age      ] GC(157) - age  15:       1888 bytes,    2053424 total
[2023-03-15T04:58:16.446+0000][69][gc,heap     ] GC(157) Eden regions: 24->0(24)
[2023-03-15T04:58:16.446+0000][69][gc,heap     ] GC(157) Survivor regions: 1->1(4)
[2023-03-15T04:58:16.447+0000][69][gc,heap     ] GC(157) Old regions: 24->24
[2023-03-15T04:58:16.447+0000][69][gc,heap     ] GC(157) Archive regions: 2->2
[2023-03-15T04:58:16.447+0000][69][gc,heap     ] GC(157) Humongous regions: 2->2
[2023-03-15T04:58:16.448+0000][69][gc,metaspace] GC(157) Metaspace: 137327K(140800K)->137327K(140800K) NonClass: 119856K(121088K)->119856K(121088K) Class: 17471K(19712K)->17471K(19712K)
[2023-03-15T04:58:16.449+0000][69][gc          ] GC(157) Pause Young (Normal) (G1 Evacuation Pause) 204M->108M(256M) 17.832ms
[2023-03-15T04:58:16.449+0000][69][gc,cpu      ] GC(157) User=0.01s Sys=0.00s Real=0.02s
[2023-03-15T04:58:16.450+0000][69][safepoint   ] Safepoint "G1CollectForAllocation", Time since last: 15847956209 ns, Reaching safepoint: 100089 ns, At safepoint: 18902634 ns, Total: 19002723 ns
[2023-03-15T04:58:17.453+0000][69][safepoint   ] Safepoint "Cleanup", Time since last: 1003470551 ns, Reaching safepoint: 258024 ns, At safepoint: 12782 ns, Total: 270806 ns
[2023-03-15T04:58:23.464+0000][69][safepoint   ] Safepoint "Cleanup", Time since last: 6009654570 ns, Reaching safepoint: 1026957 ns, At safepoint: 53089 ns, Total: 1080046 ns
[2023-03-15T04:58:29.470+0000][69][safepoint   ] Safepoint "Cleanup", Time since last: 6005996394 ns, Reaching safepoint: 161790 ns, At safepoint: 10152 ns, Total: 171942 ns
[2023-03-15T04:58:31.473+0000][69][safepoint   ] Safepoint "Cleanup", Time since last: 2002287016 ns, Reaching safepoint: 257961 ns, At safepoint: 15565 ns, Total: 273526 ns
[2023-03-15T04:58:34.478+0000][69][safepoint   ] Safepoint "Cleanup", Time since last: 3004913652 ns, Reaching safepoint: 103723 ns, At safepoint: 6297 ns, Total: 110020 ns
[2023-03-15T04:58:36.481+0000][69][safepoint   ] Safepoint "Cleanup", Time since last: 2002540257 ns, Reaching safepoint: 629217 ns, At safepoint: 31664 ns, Total: 660881 ns
[2023-03-15T04:58:40.490+0000][69][safepoint   ] Safepoint "Cleanup", Time since last: 4009078019 ns, Reaching safepoint: 79165 ns, At safepoint: 5319 ns, Total: 84484 ns
[2023-03-15T04:58:41.491+0000][69][safepoint   ] Safepoint "Cleanup", Time since last: 1000947897 ns, Reaching safepoint: 153375 ns, At safepoint: 8499 ns, Total: 161874 ns
[2023-03-15T04:58:42.494+0000][69][safepoint   ] Safepoint "Cleanup", Time since last: 1002710367 ns, Reaching safepoint: 355980 ns, At safepoint: 14651 ns, Total: 370631 ns
[2023-03-15T04:58:43.498+0000][69][safepoint   ] Safepoint "Cleanup", Time since last: 1003732854 ns, Reaching safepoint: 318488 ns, At safepoint: 10566 ns, Total: 329054 ns
[2023-03-15T04:58:45.503+0000][69][safepoint   ] Safepoint "Cleanup", Time since last: 2004056885 ns, Reaching safepoint: 290526 ns, At safepoint: 14027 ns, Total: 304553 ns
[2023-03-15T04:58:46.484+0000][69][safepoint   ] Safepoint "Cleanup", Time since last: 1002698033 ns, Reaching safepoint: 66195 ns, At safepoint: 3304 ns, Total: 69499 ns
[2023-03-15T04:58:46.532+0000][69][gc,start    ] GC(158) Pause Young (Concurrent Start) (G1 Evacuation Pause)
[2023-03-15T04:58:46.533+0000][69][gc,task     ] GC(158) Using 4 workers of 4 for evacuation
[2023-03-15T04:58:46.533+0000][69][gc,age      ] GC(158) Desired survivor size 8388608 bytes, new threshold 15 (max threshold 15)
[2023-03-15T04:58:46.536+0000][69][gc,phases   ] GC(158)   Pre Evacuate Collection Set: 0.3ms
[2023-03-15T04:58:46.537+0000][69][gc,phases   ] GC(158)   Merge Heap Roots: 0.1ms
[2023-03-15T04:58:46.538+0000][69][gc,phases   ] GC(158)   Evacuate Collection Set: 1.7ms
[2023-03-15T04:58:46.539+0000][69][gc,phases   ] GC(158)   Post Evacuate Collection Set: 0.7ms
[2023-03-15T04:58:46.539+0000][69][gc,phases   ] GC(158)   Other: 1.1ms
[2023-03-15T04:58:46.540+0000][69][gc,age      ] GC(158) Age table with threshold 15 (max threshold 15)
[2023-03-15T04:58:46.540+0000][69][gc,age      ] GC(158) - age   1:     659240 bytes,     659240 total
[2023-03-15T04:58:46.541+0000][69][gc,age      ] GC(158) - age   2:     167992 bytes,     827232 total
[2023-03-15T04:58:46.541+0000][69][gc,age      ] GC(158) - age   3:       2080 bytes,     829312 total
[2023-03-15T04:58:46.542+0000][69][gc,age      ] GC(158) - age   4:       1288 bytes,     830600 total
[2023-03-15T04:58:46.542+0000][69][gc,age      ] GC(158) - age   5:       3176 bytes,     833776 total
[2023-03-15T04:58:46.543+0000][69][gc,age      ] GC(158) - age   6:       1672 bytes,     835448 total
[2023-03-15T04:58:46.543+0000][69][gc,age      ] GC(158) - age   7:      17520 bytes,     852968 total
[2023-03-15T04:58:46.544+0000][69][gc,age      ] GC(158) - age   8:        984 bytes,     853952 total
[2023-03-15T04:58:46.544+0000][69][gc,age      ] GC(158) - age   9:      29064 bytes,     883016 total
[2023-03-15T04:58:46.544+0000][69][gc,age      ] GC(158) - age  10:     263400 bytes,    1146416 total
[2023-03-15T04:58:46.545+0000][69][gc,age      ] GC(158) - age  11:        872 bytes,    1147288 total
[2023-03-15T04:58:46.545+0000][69][gc,age      ] GC(158) - age  12:         80 bytes,    1147368 total
[2023-03-15T04:58:46.546+0000][69][gc,age      ] GC(158) - age  13:        504 bytes,    1147872 total
[2023-03-15T04:58:46.547+0000][69][gc,age      ] GC(158) - age  14:       3344 bytes,    1151216 total
[2023-03-15T04:58:46.547+0000][69][gc,age      ] GC(158) - age  15:        832 bytes,    1152048 total
[2023-03-15T04:58:46.547+0000][69][gc,heap     ] GC(158) Eden regions: 24->0(24)
[2023-03-15T04:58:46.548+0000][69][gc,heap     ] GC(158) Survivor regions: 1->1(4)
[2023-03-15T04:58:46.548+0000][69][gc,heap     ] GC(158) Old regions: 24->24
[2023-03-15T04:58:46.549+0000][69][gc,heap     ] GC(158) Archive regions: 2->2
[2023-03-15T04:58:46.549+0000][69][gc,heap     ] GC(158) Humongous regions: 2->2
[2023-03-15T04:58:46.550+0000][69][gc,metaspace] GC(158) Metaspace: 137329K(140800K)->137329K(140800K) NonClass: 119857K(121088K)->119857K(121088K) Class: 17471K(19712K)->17471K(19712K)
[2023-03-15T04:58:46.550+0000][69][gc          ] GC(158) Pause Young (Concurrent Start) (G1 Evacuation Pause) 204M->107M(256M) 18.081ms
[2023-03-15T04:58:46.551+0000][69][gc,cpu      ] GC(158) User=0.00s Sys=0.00s Real=0.02s
[2023-03-15T04:58:46.551+0000][69][gc          ] GC(159) Concurrent Mark Cycle
[2023-03-15T04:58:46.552+0000][69][gc,marking  ] GC(159) Concurrent Clear Claimed Marks
[2023-03-15T04:58:46.551+0000][69][safepoint   ] Safepoint "G1CollectForAllocation", Time since last: 47725809 ns, Reaching safepoint: 55721 ns, At safepoint: 19146736 ns, Total: 19202457 ns
[2023-03-15T04:58:46.552+0000][69][gc,marking  ] GC(159) Concurrent Clear Claimed Marks 0.589ms
[2023-03-15T04:58:46.553+0000][69][gc,marking  ] GC(159) Concurrent Scan Root Regions
[2023-03-15T04:58:46.555+0000][69][gc,marking  ] GC(159) Concurrent Scan Root Regions 2.325ms
[2023-03-15T04:58:46.556+0000][69][gc,marking  ] GC(159) Concurrent Mark
[2023-03-15T04:58:46.563+0000][69][gc,marking  ] GC(159) Concurrent Mark From Roots
[2023-03-15T04:58:46.564+0000][69][gc,task     ] GC(159) Using 1 workers of 1 for marking
[2023-03-15T04:58:46.668+0000][69][gc,marking  ] GC(159) Concurrent Mark From Roots 104.309ms
[2023-03-15T04:58:46.669+0000][69][gc,marking  ] GC(159) Concurrent Preclean
[2023-03-15T04:58:46.670+0000][69][gc,marking  ] GC(159) Concurrent Preclean 1.063ms
[2023-03-15T04:58:46.671+0000][69][gc,start    ] GC(159) Pause Remark
[2023-03-15T04:58:46.682+0000][69][gc          ] GC(159) Pause Remark 110M->110M(256M) 10.978ms
[2023-03-15T04:58:46.683+0000][69][gc,cpu      ] GC(159) User=0.02s Sys=0.01s Real=0.01s
[2023-03-15T04:58:46.684+0000][69][safepoint   ] Safepoint "G1PauseRemark", Time since last: 119238986 ns, Reaching safepoint: 78372 ns, At safepoint: 13278164 ns, Total: 13356536 ns
[2023-03-15T04:58:46.684+0000][69][gc,marking  ] GC(159) Concurrent Mark 128.382ms
[2023-03-15T04:58:46.685+0000][69][gc,marking  ] GC(159) Concurrent Rebuild Remembered Sets
[2023-03-15T04:58:46.735+0000][69][gc,marking  ] GC(159) Concurrent Rebuild Remembered Sets 50.541ms
[2023-03-15T04:58:46.737+0000][69][gc,start    ] GC(159) Pause Cleanup
[2023-03-15T04:58:46.738+0000][69][gc          ] GC(159) Pause Cleanup 111M->111M(256M) 0.803ms
[2023-03-15T04:58:46.738+0000][69][gc,cpu      ] GC(159) User=0.00s Sys=0.00s Real=0.00s
[2023-03-15T04:58:46.739+0000][69][safepoint   ] Safepoint "G1PauseCleanup", Time since last: 52900099 ns, Reaching safepoint: 162022 ns, At safepoint: 1808454 ns, Total: 1970476 ns
[2023-03-15T04:58:46.739+0000][69][gc,marking  ] GC(159) Concurrent Cleanup for Next Mark
[2023-03-15T04:58:46.740+0000][69][gc,marking  ] GC(159) Concurrent Cleanup for Next Mark 0.751ms
[2023-03-15T04:58:46.740+0000][69][gc          ] GC(159) Concurrent Mark Cycle 189.557ms
[2023-03-15T04:58:52.751+0000][69][safepoint   ] Safepoint "Cleanup", Time since last: 6011926827 ns, Reaching safepoint: 487553 ns, At safepoint: 11992 ns, Total: 499545 ns
[2023-03-15T04:58:55.760+0000][69][safepoint   ] Safepoint "Cleanup", Time since last: 3008892496 ns, Reaching safepoint: 92709 ns, At safepoint: 4015 ns, Total: 96724 ns
[2023-03-15T04:58:56.767+0000][69][safepoint   ] Safepoint "Cleanup", Time since last: 1006822484 ns, Reaching safepoint: 341472 ns, At safepoint: 12546 ns, Total: 354018 ns
[2023-03-15T04:58:58.773+0000][69][safepoint   ] Safepoint "Cleanup", Time since last: 2005737691 ns, Reaching safepoint: 323881 ns, At safepoint: 13004 ns, Total: 336885 ns
[2023-03-15T04:59:06.785+0000][69][safepoint   ] Safepoint "Cleanup", Time since last: 8011211411 ns, Reaching safepoint: 814916 ns, At safepoint: 21683 ns, Total: 836599 ns
[2023-03-15T04:59:07.791+0000][69][safepoint   ] Safepoint "Cleanup", Time since last: 1004278399 ns, Reaching safepoint: 897534 ns, At safepoint: 213285 ns, Total: 1110819 ns
[2023-03-15T04:59:10.328+0000][69][gc,start    ] GC(160) Pause Young (Normal) (G1 Evacuation Pause)
[2023-03-15T04:59:10.329+0000][69][gc,task     ] GC(160) Using 4 workers of 4 for evacuation
[2023-03-15T04:59:10.329+0000][69][gc,age      ] GC(160) Desired survivor size 8388608 bytes, new threshold 15 (max threshold 15)
[2023-03-15T04:59:10.334+0000][69][gc,phases   ] GC(160)   Pre Evacuate Collection Set: 0.2ms
[2023-03-15T04:59:10.335+0000][69][gc,phases   ] GC(160)   Merge Heap Roots: 0.1ms
[2023-03-15T04:59:10.335+0000][69][gc,phases   ] GC(160)   Evacuate Collection Set: 2.2ms
[2023-03-15T04:59:10.336+0000][69][gc,phases   ] GC(160)   Post Evacuate Collection Set: 1.3ms
[2023-03-15T04:59:10.336+0000][69][gc,phases   ] GC(160)   Other: 1.4ms
[2023-03-15T04:59:10.337+0000][69][gc,age      ] GC(160) Age table with threshold 15 (max threshold 15)
[2023-03-15T04:59:10.337+0000][69][gc,age      ] GC(160) - age   1:    1638280 bytes,    1638280 total
[2023-03-15T04:59:10.338+0000][69][gc,age      ] GC(160) - age   2:     114120 bytes,    1752400 total
[2023-03-15T04:59:10.338+0000][69][gc,age      ] GC(160) - age   3:      35176 bytes,    1787576 total
[2023-03-15T04:59:10.339+0000][69][gc,age      ] GC(160) - age   4:       1576 bytes,    1789152 total
[2023-03-15T04:59:10.339+0000][69][gc,age      ] GC(160) - age   5:       1144 bytes,    1790296 total
[2023-03-15T04:59:10.340+0000][69][gc,age      ] GC(160) - age   6:       2816 bytes,    1793112 total
[2023-03-15T04:59:10.340+0000][69][gc,age      ] GC(160) - age   7:       1480 bytes,    1794592 total
[2023-03-15T04:59:10.341+0000][69][gc,age      ] GC(160) - age   8:      17520 bytes,    1812112 total
[2023-03-15T04:59:10.345+0000][69][gc,age      ] GC(160) - age   9:        264 bytes,    1812376 total
[2023-03-15T04:59:10.345+0000][69][gc,age      ] GC(160) - age  10:        616 bytes,    1812992 total
[2023-03-15T04:59:10.345+0000][69][gc,age      ] GC(160) - age  11:     179984 bytes,    1992976 total
[2023-03-15T04:59:10.346+0000][69][gc,age      ] GC(160) - age  12:        792 bytes,    1993768 total
[2023-03-15T04:59:10.346+0000][69][gc,age      ] GC(160) - age  13:         80 bytes,    1993848 total
[2023-03-15T04:59:10.347+0000][69][gc,age      ] GC(160) - age  14:        504 bytes,    1994352 total
[2023-03-15T04:59:10.347+0000][69][gc,age      ] GC(160) - age  15:       3344 bytes,    1997696 total
[2023-03-15T04:59:10.347+0000][69][gc,heap     ] GC(160) Eden regions: 24->0(24)
[2023-03-15T04:59:10.348+0000][69][gc,heap     ] GC(160) Survivor regions: 1->1(4)
[2023-03-15T04:59:10.348+0000][69][gc,heap     ] GC(160) Old regions: 24->24
[2023-03-15T04:59:10.349+0000][69][gc,heap     ] GC(160) Archive regions: 2->2
[2023-03-15T04:59:10.349+0000][69][gc,heap     ] GC(160) Humongous regions: 2->2
[2023-03-15T04:59:10.350+0000][69][gc,metaspace] GC(160) Metaspace: 137339K(140800K)->137339K(140800K) NonClass: 119867K(121088K)->119867K(121088K) Class: 17471K(19712K)->17471K(19712K)
[2023-03-15T04:59:10.350+0000][69][gc          ] GC(160) Pause Young (Normal) (G1 Evacuation Pause) 203M->108M(256M) 22.353ms
[2023-03-15T04:59:10.351+0000][69][gc,cpu      ] GC(160) User=0.01s Sys=0.00s Real=0.02s
[2023-03-15T04:59:10.351+0000][69][safepoint   ] Safepoint "G1CollectForAllocation", Time since last: 2536721692 ns, Reaching safepoint: 278245 ns, At safepoint: 23309039 ns, Total: 23587284 ns
[2023-03-15T04:59:25.349+0000][69][safepoint   ] Safepoint "Cleanup", Time since last: 15019448911 ns, Reaching safepoint: 480908 ns, At safepoint: 16273 ns, Total: 497181 ns
[2023-03-15T04:59:35.360+0000][69][safepoint   ] Safepoint "Cleanup", Time since last: 10010199749 ns, Reaching safepoint: 343083 ns, At safepoint: 74284 ns, Total: 417367 ns
[2023-03-15T04:59:36.364+0000][69][safepoint   ] Safepoint "Cleanup", Time since last: 1004592854 ns, Reaching safepoint: 188505 ns, At safepoint: 10753 ns, Total: 199258 ns
[2023-03-15T04:59:37.367+0000][69][safepoint   ] Safepoint "Cleanup", Time since last: 1002254599 ns, Reaching safepoint: 205571 ns, At safepoint: 8515 ns, Total: 214086 ns
[2023-03-15T04:59:40.376+0000][69][safepoint   ] Safepoint "Cleanup", Time since last: 3009388477 ns, Reaching safepoint: 64741 ns, At safepoint: 45889 ns, Total: 110630 ns
[2023-03-15T04:59:41.380+0000][69][safepoint   ] Safepoint "Cleanup", Time since last: 1003398525 ns, Reaching safepoint: 245463 ns, At safepoint: 13243 ns, Total: 258706 ns
[2023-03-15T04:59:43.302+0000][69][gc,start    ] GC(161) Pause Young (Concurrent Start) (G1 Evacuation Pause)
[2023-03-15T04:59:43.303+0000][69][gc,task     ] GC(161) Using 4 workers of 4 for evacuation
[2023-03-15T04:59:43.304+0000][69][gc,age      ] GC(161) Desired survivor size 8388608 bytes, new threshold 15 (max threshold 15)
[2023-03-15T04:59:43.311+0000][69][gc,phases   ] GC(161)   Pre Evacuate Collection Set: 0.7ms
[2023-03-15T04:59:43.312+0000][69][gc,phases   ] GC(161)   Merge Heap Roots: 0.1ms
[2023-03-15T04:59:43.313+0000][69][gc,phases   ] GC(161)   Evacuate Collection Set: 3.4ms
[2023-03-15T04:59:43.314+0000][69][gc,phases   ] GC(161)   Post Evacuate Collection Set: 1.4ms
[2023-03-15T04:59:43.315+0000][69][gc,phases   ] GC(161)   Other: 2.3ms
[2023-03-15T04:59:43.315+0000][69][gc,age      ] GC(161) Age table with threshold 15 (max threshold 15)
[2023-03-15T04:59:43.316+0000][69][gc,age      ] GC(161) - age   1:    1309680 bytes,    1309680 total
[2023-03-15T04:59:43.317+0000][69][gc,age      ] GC(161) - age   2:     480248 bytes,    1789928 total
[2023-03-15T04:59:43.317+0000][69][gc,age      ] GC(161) - age   3:       4632 bytes,    1794560 total
[2023-03-15T04:59:43.318+0000][69][gc,age      ] GC(161) - age   4:      35048 bytes,    1829608 total
[2023-03-15T04:59:43.319+0000][69][gc,age      ] GC(161) - age   5:       1512 bytes,    1831120 total
[2023-03-15T04:59:43.319+0000][69][gc,age      ] GC(161) - age   6:       1144 bytes,    1832264 total
[2023-03-15T04:59:43.320+0000][69][gc,age      ] GC(161) - age   7:       2816 bytes,    1835080 total
[2023-03-15T04:59:43.321+0000][69][gc,age      ] GC(161) - age   8:       1480 bytes,    1836560 total
[2023-03-15T04:59:43.321+0000][69][gc,age      ] GC(161) - age   9:      17520 bytes,    1854080 total
[2023-03-15T04:59:43.322+0000][69][gc,age      ] GC(161) - age  10:        264 bytes,    1854344 total
[2023-03-15T04:59:43.322+0000][69][gc,age      ] GC(161) - age  11:        552 bytes,    1854896 total
[2023-03-15T04:59:43.323+0000][69][gc,age      ] GC(161) - age  12:     179984 bytes,    2034880 total
[2023-03-15T04:59:43.323+0000][69][gc,age      ] GC(161) - age  13:        792 bytes,    2035672 total
[2023-03-15T04:59:43.324+0000][69][gc,age      ] GC(161) - age  14:         80 bytes,    2035752 total
[2023-03-15T04:59:43.324+0000][69][gc,age      ] GC(161) - age  15:        504 bytes,    2036256 total
[2023-03-15T04:59:43.325+0000][69][gc,heap     ] GC(161) Eden regions: 24->0(24)
[2023-03-15T04:59:43.325+0000][69][gc,heap     ] GC(161) Survivor regions: 1->1(4)
[2023-03-15T04:59:43.326+0000][69][gc,heap     ] GC(161) Old regions: 24->24
[2023-03-15T04:59:43.327+0000][69][gc,heap     ] GC(161) Archive regions: 2->2
[2023-03-15T04:59:43.327+0000][69][gc,heap     ] GC(161) Humongous regions: 2->2
[2023-03-15T04:59:43.328+0000][69][gc,metaspace] GC(161) Metaspace: 137340K(140800K)->137340K(140800K) NonClass: 119869K(121088K)->119869K(121088K) Class: 17471K(19712K)->17471K(19712K)
[2023-03-15T04:59:43.328+0000][69][gc          ] GC(161) Pause Young (Concurrent Start) (G1 Evacuation Pause) 204M->108M(256M) 26.301ms
[2023-03-15T04:59:43.329+0000][69][gc,cpu      ] GC(161) User=0.01s Sys=0.01s Real=0.03s
[2023-03-15T04:59:43.329+0000][69][gc          ] GC(162) Concurrent Mark Cycle
[2023-03-15T04:59:43.330+0000][69][gc,marking  ] GC(162) Concurrent Clear Claimed Marks
[2023-03-15T04:59:43.330+0000][69][safepoint   ] Safepoint "G1CollectForAllocation", Time since last: 1921541043 ns, Reaching safepoint: 189583 ns, At safepoint: 28144038 ns, Total: 28333621 ns
[2023-03-15T04:59:43.331+0000][69][gc,marking  ] GC(162) Concurrent Clear Claimed Marks 0.908ms
[2023-03-15T04:59:43.332+0000][69][gc,marking  ] GC(162) Concurrent Scan Root Regions
[2023-03-15T04:59:43.335+0000][69][gc,marking  ] GC(162) Concurrent Scan Root Regions 3.064ms
[2023-03-15T04:59:43.335+0000][69][gc,marking  ] GC(162) Concurrent Mark
[2023-03-15T04:59:43.336+0000][69][gc,marking  ] GC(162) Concurrent Mark From Roots
[2023-03-15T04:59:43.336+0000][69][gc,task     ] GC(162) Using 1 workers of 1 for marking
[2023-03-15T04:59:43.432+0000][69][gc,marking  ] GC(162) Concurrent Mark From Roots 96.581ms
[2023-03-15T04:59:43.433+0000][69][gc,marking  ] GC(162) Concurrent Preclean
[2023-03-15T04:59:43.434+0000][69][gc,marking  ] GC(162) Concurrent Preclean 1.015ms
[2023-03-15T04:59:43.435+0000][69][gc,start    ] GC(162) Pause Remark
[2023-03-15T04:59:43.444+0000][69][gc          ] GC(162) Pause Remark 110M->110M(256M) 8.427ms
[2023-03-15T04:59:43.445+0000][69][gc,cpu      ] GC(162) User=0.03s Sys=0.00s Real=0.01s
[2023-03-15T04:59:43.445+0000][69][safepoint   ] Safepoint "G1PauseRemark", Time since last: 105136080 ns, Reaching safepoint: 282518 ns, At safepoint: 10015801 ns, Total: 10298319 ns
[2023-03-15T04:59:43.446+0000][69][gc,marking  ] GC(162) Concurrent Mark 110.613ms
[2023-03-15T04:59:43.446+0000][69][gc,marking  ] GC(162) Concurrent Rebuild Remembered Sets
[2023-03-15T04:59:43.497+0000][69][gc,marking  ] GC(162) Concurrent Rebuild Remembered Sets 50.254ms
[2023-03-15T04:59:43.498+0000][69][gc,start    ] GC(162) Pause Cleanup
[2023-03-15T04:59:43.499+0000][69][gc          ] GC(162) Pause Cleanup 110M->110M(256M) 1.202ms
[2023-03-15T04:59:43.500+0000][69][gc,cpu      ] GC(162) User=0.00s Sys=0.00s Real=0.00s
[2023-03-15T04:59:43.500+0000][69][safepoint   ] Safepoint "G1PauseCleanup", Time since last: 52740407 ns, Reaching safepoint: 69625 ns, At safepoint: 2262843 ns, Total: 2332468 ns
[2023-03-15T04:59:43.501+0000][69][gc,marking  ] GC(162) Concurrent Cleanup for Next Mark
[2023-03-15T04:59:43.502+0000][69][gc,marking  ] GC(162) Concurrent Cleanup for Next Mark 0.769ms
[2023-03-15T04:59:43.502+0000][69][gc          ] GC(162) Concurrent Mark Cycle 172.976ms
[2023-03-15T04:59:51.490+0000][69][safepoint   ] Safepoint "Cleanup", Time since last: 8012870750 ns, Reaching safepoint: 742170 ns, At safepoint: 47415 ns, Total: 789585 ns
[2023-03-15T04:59:57.498+0000][69][safepoint   ] Safepoint "Cleanup", Time since last: 6007397263 ns, Reaching safepoint: 529717 ns, At safepoint: 110455 ns, Total: 640172 ns
[2023-03-15T05:00:00.506+0000][69][safepoint   ] Safepoint "Cleanup", Time since last: 3007837462 ns, Reaching safepoint: 147725 ns, At safepoint: 11932 ns, Total: 159657 ns
[2023-03-15T05:00:04.517+0000][69][safepoint   ] Safepoint "Cleanup", Time since last: 4011227083 ns, Reaching safepoint: 279718 ns, At safepoint: 7427 ns, Total: 287145 ns
[2023-03-15T05:00:06.523+0000][69][safepoint   ] Safepoint "Cleanup", Time since last: 2004827344 ns, Reaching safepoint: 553461 ns, At safepoint: 17732 ns, Total: 571193 ns
[2023-03-15T05:00:11.373+0000][69][gc,start    ] GC(163) Pause Young (Normal) (G1 Evacuation Pause)
[2023-03-15T05:00:11.374+0000][69][gc,task     ] GC(163) Using 4 workers of 4 for evacuation
[2023-03-15T05:00:11.374+0000][69][gc,age      ] GC(163) Desired survivor size 8388608 bytes, new threshold 15 (max threshold 15)
[2023-03-15T05:00:11.380+0000][69][gc,phases   ] GC(163)   Pre Evacuate Collection Set: 0.2ms
[2023-03-15T05:00:11.381+0000][69][gc,phases   ] GC(163)   Merge Heap Roots: 0.2ms
[2023-03-15T05:00:11.382+0000][69][gc,phases   ] GC(163)   Evacuate Collection Set: 3.4ms
[2023-03-15T05:00:11.382+0000][69][gc,phases   ] GC(163)   Post Evacuate Collection Set: 1.4ms
[2023-03-15T05:00:11.383+0000][69][gc,phases   ] GC(163)   Other: 1.2ms
[2023-03-15T05:00:11.383+0000][69][gc,age      ] GC(163) Age table with threshold 15 (max threshold 15)
[2023-03-15T05:00:11.384+0000][69][gc,age      ] GC(163) - age   1:    1579264 bytes,    1579264 total
[2023-03-15T05:00:11.384+0000][69][gc,age      ] GC(163) - age   2:      10840 bytes,    1590104 total
[2023-03-15T05:00:11.385+0000][69][gc,age      ] GC(163) - age   3:     470048 bytes,    2060152 total
[2023-03-15T05:00:11.385+0000][69][gc,age      ] GC(163) - age   4:       4136 bytes,    2064288 total
[2023-03-15T05:00:11.386+0000][69][gc,age      ] GC(163) - age   5:      34872 bytes,    2099160 total
[2023-03-15T05:00:11.386+0000][69][gc,age      ] GC(163) - age   6:       1512 bytes,    2100672 total
[2023-03-15T05:00:11.386+0000][69][gc,age      ] GC(163) - age   7:       1144 bytes,    2101816 total
[2023-03-15T05:00:11.387+0000][69][gc,age      ] GC(163) - age   8:       2816 bytes,    2104632 total
[2023-03-15T05:00:11.387+0000][69][gc,age      ] GC(163) - age   9:       1296 bytes,    2105928 total
[2023-03-15T05:00:11.388+0000][69][gc,age      ] GC(163) - age  10:      17520 bytes,    2123448 total
[2023-03-15T05:00:11.388+0000][69][gc,age      ] GC(163) - age  11:        264 bytes,    2123712 total
[2023-03-15T05:00:11.389+0000][69][gc,age      ] GC(163) - age  12:        552 bytes,    2124264 total
[2023-03-15T05:00:11.389+0000][69][gc,age      ] GC(163) - age  13:     179984 bytes,    2304248 total
[2023-03-15T05:00:11.389+0000][69][gc,age      ] GC(163) - age  14:        792 bytes,    2305040 total
[2023-03-15T05:00:11.389+0000][69][gc,age      ] GC(163) - age  15:         80 bytes,    2305120 total
[2023-03-15T05:00:11.390+0000][69][gc,heap     ] GC(163) Eden regions: 24->0(23)
[2023-03-15T05:00:11.390+0000][69][gc,heap     ] GC(163) Survivor regions: 1->1(4)
[2023-03-15T05:00:11.390+0000][69][gc,heap     ] GC(163) Old regions: 24->24
[2023-03-15T05:00:11.391+0000][69][gc,heap     ] GC(163) Archive regions: 2->2
[2023-03-15T05:00:11.391+0000][69][gc,heap     ] GC(163) Humongous regions: 2->2
[2023-03-15T05:00:11.391+0000][69][gc,metaspace] GC(163) Metaspace: 137352K(140800K)->137352K(140800K) NonClass: 119880K(121088K)->119880K(121088K) Class: 17471K(19712K)->17471K(19712K)
[2023-03-15T05:00:11.392+0000][69][gc          ] GC(163) Pause Young (Normal) (G1 Evacuation Pause) 204M->108M(256M) 18.763ms
[2023-03-15T05:00:11.392+0000][69][gc,cpu      ] GC(163) User=0.01s Sys=0.00s Real=0.02s
[2023-03-15T05:00:11.392+0000][69][safepoint   ] Safepoint "G1CollectForAllocation", Time since last: 4849736769 ns, Reaching safepoint: 211820 ns, At safepoint: 19503633 ns, Total: 19715453 ns
[2023-03-15T05:00:29.391+0000][69][safepoint   ] Safepoint "Cleanup", Time since last: 18019640960 ns, Reaching safepoint: 933995 ns, At safepoint: 46613 ns, Total: 980608 ns
[2023-03-15T05:00:30.396+0000][69][safepoint   ] Safepoint "Cleanup", Time since last: 1003749294 ns, Reaching safepoint: 552578 ns, At safepoint: 45040 ns, Total: 597618 ns
[2023-03-15T05:00:34.408+0000][69][safepoint   ] Safepoint "Cleanup", Time since last: 4011811868 ns, Reaching safepoint: 235319 ns, At safepoint: 9818 ns, Total: 245137 ns
[2023-03-15T05:00:37.415+0000][69][safepoint   ] Safepoint "Cleanup", Time since last: 3006734531 ns, Reaching safepoint: 302188 ns, At safepoint: 11927 ns, Total: 314115 ns
[2023-03-15T05:00:40.424+0000][69][safepoint   ] Safepoint "Cleanup", Time since last: 3009030650 ns, Reaching safepoint: 201323 ns, At safepoint: 26038 ns, Total: 227361 ns
[2023-03-15T05:00:41.425+0000][69][safepoint   ] Safepoint "Cleanup", Time since last: 1000857145 ns, Reaching safepoint: 193260 ns, At safepoint: 16712 ns, Total: 209972 ns
[2023-03-15T05:00:46.368+0000][69][gc,start    ] GC(164) Pause Young (Concurrent Start) (G1 Evacuation Pause)
[2023-03-15T05:00:46.370+0000][69][gc,task     ] GC(164) Using 4 workers of 4 for evacuation
[2023-03-15T05:00:46.371+0000][69][gc,age      ] GC(164) Desired survivor size 6291456 bytes, new threshold 15 (max threshold 15)
[2023-03-15T05:00:46.376+0000][69][gc,phases   ] GC(164)   Pre Evacuate Collection Set: 0.5ms
[2023-03-15T05:00:46.377+0000][69][gc,phases   ] GC(164)   Merge Heap Roots: 0.1ms
[2023-03-15T05:00:46.378+0000][69][gc,phases   ] GC(164)   Evacuate Collection Set: 3.1ms
[2023-03-15T05:00:46.379+0000][69][gc,phases   ] GC(164)   Post Evacuate Collection Set: 0.8ms
[2023-03-15T05:00:46.379+0000][69][gc,phases   ] GC(164)   Other: 1.9ms
[2023-03-15T05:00:46.380+0000][69][gc,age      ] GC(164) Age table with threshold 15 (max threshold 15)
[2023-03-15T05:00:46.380+0000][69][gc,age      ] GC(164) - age   1:     791904 bytes,     791904 total
[2023-03-15T05:00:46.381+0000][69][gc,age      ] GC(164) - age   2:     142280 bytes,     934184 total
[2023-03-15T05:00:46.381+0000][69][gc,age      ] GC(164) - age   3:       9688 bytes,     943872 total
[2023-03-15T05:00:46.382+0000][69][gc,age      ] GC(164) - age   4:     338616 bytes,    1282488 total
[2023-03-15T05:00:46.382+0000][69][gc,age      ] GC(164) - age   5:       4136 bytes,    1286624 total
[2023-03-15T05:00:46.383+0000][69][gc,age      ] GC(164) - age   6:      34808 bytes,    1321432 total
[2023-03-15T05:00:46.383+0000][69][gc,age      ] GC(164) - age   7:       1448 bytes,    1322880 total
[2023-03-15T05:00:46.383+0000][69][gc,age      ] GC(164) - age   8:       1144 bytes,    1324024 total
[2023-03-15T05:00:46.384+0000][69][gc,age      ] GC(164) - age   9:       2816 bytes,    1326840 total
[2023-03-15T05:00:46.384+0000][69][gc,age      ] GC(164) - age  10:       1296 bytes,    1328136 total
[2023-03-15T05:00:46.385+0000][69][gc,age      ] GC(164) - age  11:       9504 bytes,    1337640 total
[2023-03-15T05:00:46.385+0000][69][gc,age      ] GC(164) - age  12:        264 bytes,    1337904 total
[2023-03-15T05:00:46.386+0000][69][gc,age      ] GC(164) - age  13:        488 bytes,    1338392 total
[2023-03-15T05:00:46.387+0000][69][gc,age      ] GC(164) - age  14:     179984 bytes,    1518376 total
[2023-03-15T05:00:46.387+0000][69][gc,age      ] GC(164) - age  15:        792 bytes,    1519168 total
[2023-03-15T05:00:46.388+0000][69][gc,heap     ] GC(164) Eden regions: 23->0(24)
[2023-03-15T05:00:46.388+0000][69][gc,heap     ] GC(164) Survivor regions: 1->1(3)
[2023-03-15T05:00:46.389+0000][69][gc,heap     ] GC(164) Old regions: 24->24
[2023-03-15T05:00:46.389+0000][69][gc,heap     ] GC(164) Archive regions: 2->2
[2023-03-15T05:00:46.390+0000][69][gc,heap     ] GC(164) Humongous regions: 2->2
[2023-03-15T05:00:46.390+0000][69][gc,metaspace] GC(164) Metaspace: 137373K(140864K)->137373K(140864K) NonClass: 119901K(121152K)->119901K(121152K) Class: 17471K(19712K)->17471K(19712K)
[2023-03-15T05:00:46.391+0000][69][gc          ] GC(164) Pause Young (Concurrent Start) (G1 Evacuation Pause) 200M->108M(256M) 22.753ms
[2023-03-15T05:00:46.392+0000][69][gc,cpu      ] GC(164) User=0.01s Sys=0.00s Real=0.02s
[2023-03-15T05:00:46.392+0000][69][gc          ] GC(165) Concurrent Mark Cycle
[2023-03-15T05:00:46.393+0000][69][gc,marking  ] GC(165) Concurrent Clear Claimed Marks
[2023-03-15T05:00:46.392+0000][69][safepoint   ] Safepoint "G1CollectForAllocation", Time since last: 4964823854 ns, Reaching safepoint: 89946 ns, At safepoint: 23843269 ns, Total: 23933215 ns
[2023-03-15T05:00:46.393+0000][69][gc,marking  ] GC(165) Concurrent Clear Claimed Marks 0.761ms
[2023-03-15T05:00:46.394+0000][69][gc,marking  ] GC(165) Concurrent Scan Root Regions
[2023-03-15T05:00:46.397+0000][69][gc,marking  ] GC(165) Concurrent Scan Root Regions 2.939ms
[2023-03-15T05:00:46.397+0000][69][gc,marking  ] GC(165) Concurrent Mark
[2023-03-15T05:00:46.398+0000][69][gc,marking  ] GC(165) Concurrent Mark From Roots
[2023-03-15T05:00:46.398+0000][69][gc,task     ] GC(165) Using 1 workers of 1 for marking
[2023-03-15T05:00:46.505+0000][69][gc,marking  ] GC(165) Concurrent Mark From Roots 107.284ms
[2023-03-15T05:00:46.506+0000][69][gc,marking  ] GC(165) Concurrent Preclean
[2023-03-15T05:00:46.507+0000][69][gc,marking  ] GC(165) Concurrent Preclean 0.753ms
[2023-03-15T05:00:46.508+0000][69][gc,start    ] GC(165) Pause Remark
[2023-03-15T05:00:46.527+0000][69][gc          ] GC(165) Pause Remark 108M->108M(256M) 19.120ms
[2023-03-15T05:00:46.528+0000][69][gc,cpu      ] GC(165) User=0.05s Sys=0.00s Real=0.02s
[2023-03-15T05:00:46.529+0000][69][safepoint   ] Safepoint "G1PauseRemark", Time since last: 115486625 ns, Reaching safepoint: 120319 ns, At safepoint: 20974875 ns, Total: 21095194 ns
[2023-03-15T05:00:46.532+0000][69][gc,marking  ] GC(165) Concurrent Mark 134.907ms
[2023-03-15T05:00:46.533+0000][69][gc,marking  ] GC(165) Concurrent Rebuild Remembered Sets
[2023-03-15T05:00:46.585+0000][69][gc,marking  ] GC(165) Concurrent Rebuild Remembered Sets 52.389ms
[2023-03-15T05:00:46.586+0000][69][gc,start    ] GC(165) Pause Cleanup
[2023-03-15T05:00:46.587+0000][69][gc          ] GC(165) Pause Cleanup 109M->109M(256M) 0.555ms
[2023-03-15T05:00:46.587+0000][69][gc,cpu      ] GC(165) User=0.00s Sys=0.00s Real=0.00s
[2023-03-15T05:00:46.588+0000][69][safepoint   ] Safepoint "G1PauseCleanup", Time since last: 57500698 ns, Reaching safepoint: 38142 ns, At safepoint: 1765037 ns, Total: 1803179 ns
[2023-03-15T05:00:46.589+0000][69][gc,marking  ] GC(165) Concurrent Cleanup for Next Mark
[2023-03-15T05:00:46.590+0000][69][gc,marking  ] GC(165) Concurrent Cleanup for Next Mark 1.401ms
[2023-03-15T05:00:46.591+0000][69][gc          ] GC(165) Concurrent Mark Cycle 199.234ms
[2023-03-15T05:00:52.601+0000][69][safepoint   ] Safepoint "Cleanup", Time since last: 6013273150 ns, Reaching safepoint: 118345 ns, At safepoint: 6127 ns, Total: 124472 ns
[2023-03-15T05:00:58.610+0000][69][safepoint   ] Safepoint "Cleanup", Time since last: 6008711180 ns, Reaching safepoint: 63593 ns, At safepoint: 5087 ns, Total: 68680 ns
[2023-03-15T05:01:06.626+0000][69][safepoint   ] Safepoint "Cleanup", Time since last: 8015983217 ns, Reaching safepoint: 309529 ns, At safepoint: 111770 ns, Total: 421299 ns
[2023-03-15T05:01:07.631+0000][69][safepoint   ] Safepoint "Cleanup", Time since last: 1004434868 ns, Reaching safepoint: 393529 ns, At safepoint: 13629 ns, Total: 407158 ns
[2023-03-15T05:01:10.641+0000][69][safepoint   ] Safepoint "Cleanup", Time since last: 3008406418 ns, Reaching safepoint: 782656 ns, At safepoint: 43564 ns, Total: 826220 ns
[2023-03-15T05:01:11.645+0000][69][safepoint   ] Safepoint "Cleanup", Time since last: 1003926634 ns, Reaching safepoint: 272289 ns, At safepoint: 12635 ns, Total: 284924 ns
[2023-03-15T05:01:16.405+0000][69][gc,start    ] GC(166) Pause Young (Normal) (G1 Evacuation Pause)
[2023-03-15T05:01:16.406+0000][69][gc,task     ] GC(166) Using 4 workers of 4 for evacuation
[2023-03-15T05:01:16.406+0000][69][gc,age      ] GC(166) Desired survivor size 8388608 bytes, new threshold 15 (max threshold 15)
[2023-03-15T05:01:16.411+0000][69][gc,phases   ] GC(166)   Pre Evacuate Collection Set: 0.1ms
[2023-03-15T05:01:16.411+0000][69][gc,phases   ] GC(166)   Merge Heap Roots: 0.1ms
[2023-03-15T05:01:16.412+0000][69][gc,phases   ] GC(166)   Evacuate Collection Set: 2.9ms
[2023-03-15T05:01:16.412+0000][69][gc,phases   ] GC(166)   Post Evacuate Collection Set: 0.8ms
[2023-03-15T05:01:16.413+0000][69][gc,phases   ] GC(166)   Other: 1.2ms
[2023-03-15T05:01:16.413+0000][69][gc,age      ] GC(166) Age table with threshold 15 (max threshold 15)
[2023-03-15T05:01:16.414+0000][69][gc,age      ] GC(166) - age   1:    1080784 bytes,    1080784 total
[2023-03-15T05:01:16.414+0000][69][gc,age      ] GC(166) - age   2:     125024 bytes,    1205808 total
[2023-03-15T05:01:16.415+0000][69][gc,age      ] GC(166) - age   3:       2088 bytes,    1207896 total
[2023-03-15T05:01:16.415+0000][69][gc,age      ] GC(166) - age   4:       9240 bytes,    1217136 total
[2023-03-15T05:01:16.415+0000][69][gc,age      ] GC(166) - age   5:     338424 bytes,    1555560 total
[2023-03-15T05:01:16.416+0000][69][gc,age      ] GC(166) - age   6:       4136 bytes,    1559696 total
[2023-03-15T05:01:16.417+0000][69][gc,age      ] GC(166) - age   7:       9432 bytes,    1569128 total
[2023-03-15T05:01:16.417+0000][69][gc,age      ] GC(166) - age   8:       1448 bytes,    1570576 total
[2023-03-15T05:01:16.418+0000][69][gc,age      ] GC(166) - age   9:       1144 bytes,    1571720 total
[2023-03-15T05:01:16.418+0000][69][gc,age      ] GC(166) - age  10:       2816 bytes,    1574536 total
[2023-03-15T05:01:16.418+0000][69][gc,age      ] GC(166) - age  11:       1296 bytes,    1575832 total
[2023-03-15T05:01:16.419+0000][69][gc,age      ] GC(166) - age  12:       9504 bytes,    1585336 total
[2023-03-15T05:01:16.419+0000][69][gc,age      ] GC(166) - age  13:        264 bytes,    1585600 total
[2023-03-15T05:01:16.420+0000][69][gc,age      ] GC(166) - age  14:        488 bytes,    1586088 total
[2023-03-15T05:01:16.420+0000][69][gc,age      ] GC(166) - age  15:     179984 bytes,    1766072 total
[2023-03-15T05:01:16.421+0000][69][gc,heap     ] GC(166) Eden regions: 24->0(24)
[2023-03-15T05:01:16.421+0000][69][gc,heap     ] GC(166) Survivor regions: 1->1(4)
[2023-03-15T05:01:16.422+0000][69][gc,heap     ] GC(166) Old regions: 24->24
[2023-03-15T05:01:16.422+0000][69][gc,heap     ] GC(166) Archive regions: 2->2
[2023-03-15T05:01:16.422+0000][69][gc,heap     ] GC(166) Humongous regions: 2->2
[2023-03-15T05:01:16.423+0000][69][gc,metaspace] GC(166) Metaspace: 137368K(140864K)->137368K(140864K) NonClass: 119897K(121152K)->119897K(121152K) Class: 17470K(19712K)->17470K(19712K)
[2023-03-15T05:01:16.423+0000][69][gc          ] GC(166) Pause Young (Normal) (G1 Evacuation Pause) 204M->108M(256M) 18.527ms
[2023-03-15T05:01:16.424+0000][69][gc,cpu      ] GC(166) User=0.01s Sys=0.00s Real=0.02s
[2023-03-15T05:01:16.424+0000][69][safepoint   ] Safepoint "G1CollectForAllocation", Time since last: 4780473473 ns, Reaching safepoint: 430632 ns, At safepoint: 19511293 ns, Total: 19941925 ns
[2023-03-15T05:01:22.429+0000][69][safepoint   ] Safepoint "Cleanup", Time since last: 6004804532 ns, Reaching safepoint: 155922 ns, At safepoint: 8926 ns, Total: 164848 ns
[2023-03-15T05:01:49.272+0000][69][gc,start    ] GC(167) Pause Young (Concurrent Start) (G1 Evacuation Pause)
[2023-03-15T05:01:49.274+0000][69][gc,task     ] GC(167) Using 4 workers of 4 for evacuation
[2023-03-15T05:01:49.275+0000][69][gc,age      ] GC(167) Desired survivor size 8388608 bytes, new threshold 15 (max threshold 15)
[2023-03-15T05:01:49.284+0000][69][gc,phases   ] GC(167)   Pre Evacuate Collection Set: 0.6ms
[2023-03-15T05:01:49.285+0000][69][gc,phases   ] GC(167)   Merge Heap Roots: 0.3ms
[2023-03-15T05:01:49.286+0000][69][gc,phases   ] GC(167)   Evacuate Collection Set: 4.6ms
[2023-03-15T05:01:49.287+0000][69][gc,phases   ] GC(167)   Post Evacuate Collection Set: 1.2ms
[2023-03-15T05:01:49.288+0000][69][gc,phases   ] GC(167)   Other: 3.2ms
[2023-03-15T05:01:49.288+0000][69][gc,age      ] GC(167) Age table with threshold 15 (max threshold 15)
[2023-03-15T05:01:49.289+0000][69][gc,age      ] GC(167) - age   1:    1187664 bytes,    1187664 total
[2023-03-15T05:01:49.289+0000][69][gc,age      ] GC(167) - age   2:      47240 bytes,    1234904 total
[2023-03-15T05:01:49.290+0000][69][gc,age      ] GC(167) - age   3:     124464 bytes,    1359368 total
[2023-03-15T05:01:49.291+0000][69][gc,age      ] GC(167) - age   4:       1832 bytes,    1361200 total
[2023-03-15T05:01:49.291+0000][69][gc,age      ] GC(167) - age   5:       9176 bytes,    1370376 total
[2023-03-15T05:01:49.292+0000][69][gc,age      ] GC(167) - age   6:     311952 bytes,    1682328 total
[2023-03-15T05:01:49.293+0000][69][gc,age      ] GC(167) - age   7:       4112 bytes,    1686440 total
[2023-03-15T05:01:49.293+0000][69][gc,age      ] GC(167) - age   8:       9432 bytes,    1695872 total
[2023-03-15T05:01:49.294+0000][69][gc,age      ] GC(167) - age   9:       1448 bytes,    1697320 total
[2023-03-15T05:01:49.295+0000][69][gc,age      ] GC(167) - age  10:       1144 bytes,    1698464 total
[2023-03-15T05:01:49.295+0000][69][gc,age      ] GC(167) - age  11:       2816 bytes,    1701280 total
[2023-03-15T05:01:49.296+0000][69][gc,age      ] GC(167) - age  12:       1296 bytes,    1702576 total
[2023-03-15T05:01:49.297+0000][69][gc,age      ] GC(167) - age  13:       9504 bytes,    1712080 total
[2023-03-15T05:01:49.298+0000][69][gc,age      ] GC(167) - age  14:        264 bytes,    1712344 total
[2023-03-15T05:01:49.298+0000][69][gc,age      ] GC(167) - age  15:        488 bytes,    1712832 total
[2023-03-15T05:01:49.299+0000][69][gc,heap     ] GC(167) Eden regions: 24->0(24)
[2023-03-15T05:01:49.299+0000][69][gc,heap     ] GC(167) Survivor regions: 1->1(4)
[2023-03-15T05:01:49.300+0000][69][gc,heap     ] GC(167) Old regions: 24->24
[2023-03-15T05:01:49.301+0000][69][gc,heap     ] GC(167) Archive regions: 2->2
[2023-03-15T05:01:49.301+0000][69][gc,heap     ] GC(167) Humongous regions: 2->2
[2023-03-15T05:01:49.302+0000][69][gc,metaspace] GC(167) Metaspace: 137383K(140864K)->137383K(140864K) NonClass: 119911K(121152K)->119911K(121152K) Class: 17471K(19712K)->17471K(19712K)
[2023-03-15T05:01:49.302+0000][69][gc          ] GC(167) Pause Young (Concurrent Start) (G1 Evacuation Pause) 204M->108M(256M) 30.738ms
[2023-03-15T05:01:49.303+0000][69][gc,cpu      ] GC(167) User=0.01s Sys=0.01s Real=0.03s
[2023-03-15T05:01:49.304+0000][69][safepoint   ] Safepoint "G1CollectForAllocation", Time since last: 26864095515 ns, Reaching safepoint: 153700 ns, At safepoint: 31927767 ns, Total: 32081467 ns
[2023-03-15T05:01:49.303+0000][69][gc          ] GC(168) Concurrent Mark Cycle
[2023-03-15T05:01:49.305+0000][69][gc,marking  ] GC(168) Concurrent Clear Claimed Marks
[2023-03-15T05:01:49.306+0000][69][gc,marking  ] GC(168) Concurrent Clear Claimed Marks 0.970ms
[2023-03-15T05:01:49.307+0000][69][gc,marking  ] GC(168) Concurrent Scan Root Regions
[2023-03-15T05:01:49.310+0000][69][gc,marking  ] GC(168) Concurrent Scan Root Regions 3.031ms
[2023-03-15T05:01:49.310+0000][69][gc,marking  ] GC(168) Concurrent Mark
[2023-03-15T05:01:49.311+0000][69][gc,marking  ] GC(168) Concurrent Mark From Roots
[2023-03-15T05:01:49.311+0000][69][gc,task     ] GC(168) Using 1 workers of 1 for marking
[2023-03-15T05:01:49.406+0000][69][gc,marking  ] GC(168) Concurrent Mark From Roots 95.303ms
[2023-03-15T05:01:49.407+0000][69][gc,marking  ] GC(168) Concurrent Preclean
[2023-03-15T05:01:49.409+0000][69][gc,marking  ] GC(168) Concurrent Preclean 1.203ms
[2023-03-15T05:01:49.409+0000][69][gc,start    ] GC(168) Pause Remark
[2023-03-15T05:01:49.421+0000][69][gc          ] GC(168) Pause Remark 111M->111M(256M) 11.087ms
[2023-03-15T05:01:49.421+0000][69][gc,cpu      ] GC(168) User=0.03s Sys=0.00s Real=0.01s
[2023-03-15T05:01:49.422+0000][69][safepoint   ] Safepoint "G1PauseRemark", Time since last: 105744679 ns, Reaching safepoint: 138663 ns, At safepoint: 12637315 ns, Total: 12775978 ns
[2023-03-15T05:01:49.423+0000][69][gc,marking  ] GC(168) Concurrent Mark 112.313ms
[2023-03-15T05:01:49.423+0000][69][gc,marking  ] GC(168) Concurrent Rebuild Remembered Sets
[2023-03-15T05:01:49.473+0000][69][gc,marking  ] GC(168) Concurrent Rebuild Remembered Sets 49.526ms
[2023-03-15T05:01:49.474+0000][69][gc,start    ] GC(168) Pause Cleanup
[2023-03-15T05:01:49.475+0000][69][gc          ] GC(168) Pause Cleanup 111M->111M(256M) 1.098ms
[2023-03-15T05:01:49.476+0000][69][gc,cpu      ] GC(168) User=0.00s Sys=0.00s Real=0.00s
[2023-03-15T05:01:49.476+0000][69][safepoint   ] Safepoint "G1PauseCleanup", Time since last: 51953439 ns, Reaching safepoint: 85435 ns, At safepoint: 2395946 ns, Total: 2481381 ns
[2023-03-15T05:01:49.477+0000][69][gc,marking  ] GC(168) Concurrent Cleanup for Next Mark
[2023-03-15T05:01:49.478+0000][69][gc,marking  ] GC(168) Concurrent Cleanup for Next Mark 0.801ms
[2023-03-15T05:01:49.478+0000][69][gc          ] GC(168) Concurrent Mark Cycle 175.445ms
[2023-03-15T05:02:06.495+0000][69][safepoint   ] Safepoint "Cleanup", Time since last: 17018028757 ns, Reaching safepoint: 485718 ns, At safepoint: 17765 ns, Total: 503483 ns
[2023-03-15T05:02:16.494+0000][69][safepoint   ] Safepoint "Cleanup", Time since last: 10019464529 ns, Reaching safepoint: 143136 ns, At safepoint: 4100 ns, Total: 147236 ns
[2023-03-15T05:02:17.415+0000][69][gc,start    ] GC(169) Pause Young (Normal) (G1 Evacuation Pause)
[2023-03-15T05:02:17.416+0000][69][gc,task     ] GC(169) Using 4 workers of 4 for evacuation
[2023-03-15T05:02:17.416+0000][69][gc,age      ] GC(169) Desired survivor size 8388608 bytes, new threshold 15 (max threshold 15)
[2023-03-15T05:02:17.420+0000][69][gc,phases   ] GC(169)   Pre Evacuate Collection Set: 0.1ms
[2023-03-15T05:02:17.421+0000][69][gc,phases   ] GC(169)   Merge Heap Roots: 0.1ms
[2023-03-15T05:02:17.421+0000][69][gc,phases   ] GC(169)   Evacuate Collection Set: 2.0ms
[2023-03-15T05:02:17.422+0000][69][gc,phases   ] GC(169)   Post Evacuate Collection Set: 1.0ms
[2023-03-15T05:02:17.422+0000][69][gc,phases   ] GC(169)   Other: 1.1ms
[2023-03-15T05:02:17.423+0000][69][gc,age      ] GC(169) Age table with threshold 15 (max threshold 15)
[2023-03-15T05:02:17.423+0000][69][gc,age      ] GC(169) - age   1:    1335048 bytes,    1335048 total
[2023-03-15T05:02:17.424+0000][69][gc,age      ] GC(169) - age   2:       3224 bytes,    1338272 total
[2023-03-15T05:02:17.424+0000][69][gc,age      ] GC(169) - age   3:      30624 bytes,    1368896 total
[2023-03-15T05:02:17.425+0000][69][gc,age      ] GC(169) - age   4:     123256 bytes,    1492152 total
[2023-03-15T05:02:17.425+0000][69][gc,age      ] GC(169) - age   5:       1656 bytes,    1493808 total
[2023-03-15T05:02:17.426+0000][69][gc,age      ] GC(169) - age   6:       9176 bytes,    1502984 total
[2023-03-15T05:02:17.426+0000][69][gc,age      ] GC(169) - age   7:     311952 bytes,    1814936 total
[2023-03-15T05:02:17.426+0000][69][gc,age      ] GC(169) - age   8:       4112 bytes,    1819048 total
[2023-03-15T05:02:17.427+0000][69][gc,age      ] GC(169) - age   9:       9432 bytes,    1828480 total
[2023-03-15T05:02:17.427+0000][69][gc,age      ] GC(169) - age  10:       1448 bytes,    1829928 total
[2023-03-15T05:02:17.428+0000][69][gc,age      ] GC(169) - age  11:       1144 bytes,    1831072 total
[2023-03-15T05:02:17.428+0000][69][gc,age      ] GC(169) - age  12:       2816 bytes,    1833888 total
[2023-03-15T05:02:17.429+0000][69][gc,age      ] GC(169) - age  13:       1296 bytes,    1835184 total
[2023-03-15T05:02:17.429+0000][69][gc,age      ] GC(169) - age  14:       9504 bytes,    1844688 total
[2023-03-15T05:02:17.430+0000][69][gc,age      ] GC(169) - age  15:        264 bytes,    1844952 total
[2023-03-15T05:02:17.431+0000][69][gc,heap     ] GC(169) Eden regions: 24->0(24)
[2023-03-15T05:02:17.434+0000][69][gc,heap     ] GC(169) Survivor regions: 1->1(4)
[2023-03-15T05:02:17.434+0000][69][gc,heap     ] GC(169) Old regions: 24->24
[2023-03-15T05:02:17.435+0000][69][gc,heap     ] GC(169) Archive regions: 2->2
[2023-03-15T05:02:17.436+0000][69][gc,heap     ] GC(169) Humongous regions: 2->2
[2023-03-15T05:02:17.436+0000][69][gc,metaspace] GC(169) Metaspace: 137389K(140864K)->137389K(140864K) NonClass: 119918K(121152K)->119918K(121152K) Class: 17471K(19712K)->17471K(19712K)
[2023-03-15T05:02:17.436+0000][69][gc          ] GC(169) Pause Young (Normal) (G1 Evacuation Pause) 204M->108M(256M) 21.317ms
[2023-03-15T05:02:17.437+0000][69][gc,cpu      ] GC(169) User=0.00s Sys=0.00s Real=0.02s
[2023-03-15T05:02:17.437+0000][69][safepoint   ] Safepoint "G1CollectForAllocation", Time since last: 920858020 ns, Reaching safepoint: 187318 ns, At safepoint: 22337277 ns, Total: 22524595 ns
[2023-03-15T05:02:45.453+0000][69][safepoint   ] Safepoint "Cleanup", Time since last: 28036042378 ns, Reaching safepoint: 1015970 ns, At safepoint: 176900 ns, Total: 1192870 ns
[2023-03-15T05:02:47.458+0000][69][safepoint   ] Safepoint "Cleanup", Time since last: 2004404773 ns, Reaching safepoint: 554416 ns, At safepoint: 20060 ns, Total: 574476 ns
[2023-03-15T05:02:52.802+0000][69][gc,start    ] GC(170) Pause Young (Concurrent Start) (G1 Evacuation Pause)
[2023-03-15T05:02:52.802+0000][69][gc,task     ] GC(170) Using 4 workers of 4 for evacuation
[2023-03-15T05:02:52.803+0000][69][gc,age      ] GC(170) Desired survivor size 8388608 bytes, new threshold 15 (max threshold 15)
[2023-03-15T05:02:52.808+0000][69][gc,phases   ] GC(170)   Pre Evacuate Collection Set: 0.5ms
[2023-03-15T05:02:52.809+0000][69][gc,phases   ] GC(170)   Merge Heap Roots: 0.1ms
[2023-03-15T05:02:52.810+0000][69][gc,phases   ] GC(170)   Evacuate Collection Set: 2.1ms
[2023-03-15T05:02:52.810+0000][69][gc,phases   ] GC(170)   Post Evacuate Collection Set: 1.1ms
[2023-03-15T05:02:52.811+0000][69][gc,phases   ] GC(170)   Other: 2.1ms
[2023-03-15T05:02:52.811+0000][69][gc,age      ] GC(170) Age table with threshold 15 (max threshold 15)
[2023-03-15T05:02:52.812+0000][69][gc,age      ] GC(170) - age   1:     900856 bytes,     900856 total
[2023-03-15T05:02:52.812+0000][69][gc,age      ] GC(170) - age   2:      63000 bytes,     963856 total
[2023-03-15T05:02:52.813+0000][69][gc,age      ] GC(170) - age   3:       2512 bytes,     966368 total
[2023-03-15T05:02:52.814+0000][69][gc,age      ] GC(170) - age   4:        480 bytes,     966848 total
[2023-03-15T05:02:52.814+0000][69][gc,age      ] GC(170) - age   5:       1264 bytes,     968112 total
[2023-03-15T05:02:52.815+0000][69][gc,age      ] GC(170) - age   6:       1592 bytes,     969704 total
[2023-03-15T05:02:52.815+0000][69][gc,age      ] GC(170) - age   7:       9176 bytes,     978880 total
[2023-03-15T05:02:52.816+0000][69][gc,age      ] GC(170) - age   8:     311952 bytes,    1290832 total
[2023-03-15T05:02:52.816+0000][69][gc,age      ] GC(170) - age   9:       3816 bytes,    1294648 total
[2023-03-15T05:02:52.817+0000][69][gc,age      ] GC(170) - age  10:       9432 bytes,    1304080 total
[2023-03-15T05:02:52.817+0000][69][gc,age      ] GC(170) - age  11:       1448 bytes,    1305528 total
[2023-03-15T05:02:52.818+0000][69][gc,age      ] GC(170) - age  12:       1112 bytes,    1306640 total
[2023-03-15T05:02:52.818+0000][69][gc,age      ] GC(170) - age  13:       2816 bytes,    1309456 total
[2023-03-15T05:02:52.818+0000][69][gc,age      ] GC(170) - age  14:       1296 bytes,    1310752 total
[2023-03-15T05:02:52.819+0000][69][gc,age      ] GC(170) - age  15:       9504 bytes,    1320256 total
[2023-03-15T05:02:52.819+0000][69][gc,heap     ] GC(170) Eden regions: 24->0(24)
[2023-03-15T05:02:52.820+0000][69][gc,heap     ] GC(170) Survivor regions: 1->1(4)
[2023-03-15T05:02:52.820+0000][69][gc,heap     ] GC(170) Old regions: 24->24
[2023-03-15T05:02:52.821+0000][69][gc,heap     ] GC(170) Archive regions: 2->2
[2023-03-15T05:02:52.822+0000][69][gc,heap     ] GC(170) Humongous regions: 2->2
[2023-03-15T05:02:52.822+0000][69][gc,metaspace] GC(170) Metaspace: 137391K(140864K)->137391K(140864K) NonClass: 119919K(121152K)->119919K(121152K) Class: 17471K(19712K)->17471K(19712K)
[2023-03-15T05:02:52.823+0000][69][gc          ] GC(170) Pause Young (Concurrent Start) (G1 Evacuation Pause) 204M->108M(256M) 20.988ms
[2023-03-15T05:02:52.823+0000][69][gc,cpu      ] GC(170) User=0.01s Sys=0.00s Real=0.02s
[2023-03-15T05:02:52.823+0000][69][gc          ] GC(171) Concurrent Mark Cycle
[2023-03-15T05:02:52.824+0000][69][gc,marking  ] GC(171) Concurrent Clear Claimed Marks
[2023-03-15T05:02:52.824+0000][69][safepoint   ] Safepoint "G1CollectForAllocation", Time since last: 5343770039 ns, Reaching safepoint: 134856 ns, At safepoint: 22209200 ns, Total: 22344056 ns
[2023-03-15T05:02:52.825+0000][69][gc,marking  ] GC(171) Concurrent Clear Claimed Marks 0.673ms
[2023-03-15T05:02:52.826+0000][69][gc,marking  ] GC(171) Concurrent Scan Root Regions
[2023-03-15T05:02:52.830+0000][69][gc,marking  ] GC(171) Concurrent Scan Root Regions 4.221ms
[2023-03-15T05:02:52.831+0000][69][gc,marking  ] GC(171) Concurrent Mark
[2023-03-15T05:02:52.831+0000][69][gc,marking  ] GC(171) Concurrent Mark From Roots
[2023-03-15T05:02:52.832+0000][69][gc,task     ] GC(171) Using 1 workers of 1 for marking
[2023-03-15T05:02:52.995+0000][69][gc,marking  ] GC(171) Concurrent Mark From Roots 163.303ms
[2023-03-15T05:02:52.995+0000][69][gc,marking  ] GC(171) Concurrent Preclean
[2023-03-15T05:02:52.996+0000][69][gc,marking  ] GC(171) Concurrent Preclean 0.973ms
[2023-03-15T05:02:52.997+0000][69][gc,start    ] GC(171) Pause Remark
[2023-03-15T05:02:53.008+0000][69][gc          ] GC(171) Pause Remark 109M->109M(256M) 10.487ms
[2023-03-15T05:02:53.009+0000][69][gc,cpu      ] GC(171) User=0.03s Sys=0.00s Real=0.01s
[2023-03-15T05:02:53.009+0000][69][safepoint   ] Safepoint "G1PauseRemark", Time since last: 173489814 ns, Reaching safepoint: 145958 ns, At safepoint: 12017614 ns, Total: 12163572 ns
[2023-03-15T05:02:53.010+0000][69][gc,marking  ] GC(171) Concurrent Mark 179.237ms
[2023-03-15T05:02:53.010+0000][69][gc,marking  ] GC(171) Concurrent Rebuild Remembered Sets
[2023-03-15T05:02:53.070+0000][69][gc,marking  ] GC(171) Concurrent Rebuild Remembered Sets 59.985ms
[2023-03-15T05:02:53.071+0000][69][gc,start    ] GC(171) Pause Cleanup
[2023-03-15T05:02:53.072+0000][69][gc          ] GC(171) Pause Cleanup 110M->110M(256M) 0.588ms
[2023-03-15T05:02:53.073+0000][69][gc,cpu      ] GC(171) User=0.00s Sys=0.00s Real=0.00s
[2023-03-15T05:02:53.073+0000][69][safepoint   ] Safepoint "G1PauseCleanup", Time since last: 61867193 ns, Reaching safepoint: 132848 ns, At safepoint: 1596582 ns, Total: 1729430 ns
[2023-03-15T05:02:53.074+0000][69][gc,marking  ] GC(171) Concurrent Cleanup for Next Mark
[2023-03-15T05:02:53.074+0000][69][gc,marking  ] GC(171) Concurrent Cleanup for Next Mark 0.745ms
[2023-03-15T05:02:53.075+0000][69][gc          ] GC(171) Concurrent Mark Cycle 251.563ms
[2023-03-15T05:03:08.110+0000][69][safepoint   ] Safepoint "Cleanup", Time since last: 15036612096 ns, Reaching safepoint: 483345 ns, At safepoint: 31967 ns, Total: 515312 ns
[2023-03-15T05:03:11.121+0000][69][safepoint   ] Safepoint "Cleanup", Time since last: 3009878246 ns, Reaching safepoint: 655846 ns, At safepoint: 38894 ns, Total: 694740 ns
[2023-03-15T05:03:18.113+0000][69][safepoint   ] Safepoint "Cleanup", Time since last: 7012368885 ns, Reaching safepoint: 343932 ns, At safepoint: 13044 ns, Total: 356976 ns
[2023-03-15T05:03:22.513+0000][69][gc,start    ] GC(172) Pause Young (Normal) (G1 Evacuation Pause)
[2023-03-15T05:03:22.514+0000][69][gc,task     ] GC(172) Using 4 workers of 4 for evacuation
[2023-03-15T05:03:22.514+0000][69][gc,age      ] GC(172) Desired survivor size 8388608 bytes, new threshold 15 (max threshold 15)
[2023-03-15T05:03:22.518+0000][69][gc,phases   ] GC(172)   Pre Evacuate Collection Set: 0.1ms
[2023-03-15T05:03:22.518+0000][69][gc,phases   ] GC(172)   Merge Heap Roots: 0.1ms
[2023-03-15T05:03:22.519+0000][69][gc,phases   ] GC(172)   Evacuate Collection Set: 2.0ms
[2023-03-15T05:03:22.519+0000][69][gc,phases   ] GC(172)   Post Evacuate Collection Set: 0.7ms
[2023-03-15T05:03:22.520+0000][69][gc,phases   ] GC(172)   Other: 1.0ms
[2023-03-15T05:03:22.521+0000][69][gc,age      ] GC(172) Age table with threshold 15 (max threshold 15)
[2023-03-15T05:03:22.521+0000][69][gc,age      ] GC(172) - age   1:    1233256 bytes,    1233256 total
[2023-03-15T05:03:22.522+0000][69][gc,age      ] GC(172) - age   2:     144544 bytes,    1377800 total
[2023-03-15T05:03:22.522+0000][69][gc,age      ] GC(172) - age   3:        904 bytes,    1378704 total
[2023-03-15T05:03:22.523+0000][69][gc,age      ] GC(172) - age   4:       1576 bytes,    1380280 total
[2023-03-15T05:03:22.523+0000][69][gc,age      ] GC(172) - age   5:        352 bytes,    1380632 total
[2023-03-15T05:03:22.524+0000][69][gc,age      ] GC(172) - age   6:       1264 bytes,    1381896 total
[2023-03-15T05:03:22.525+0000][69][gc,age      ] GC(172) - age   7:       1592 bytes,    1383488 total
[2023-03-15T05:03:22.525+0000][69][gc,age      ] GC(172) - age   8:       9176 bytes,    1392664 total
[2023-03-15T05:03:22.526+0000][69][gc,age      ] GC(172) - age   9:     311952 bytes,    1704616 total
[2023-03-15T05:03:22.526+0000][69][gc,age      ] GC(172) - age  10:       3816 bytes,    1708432 total
[2023-03-15T05:03:22.527+0000][69][gc,age      ] GC(172) - age  11:       9176 bytes,    1717608 total
[2023-03-15T05:03:22.528+0000][69][gc,age      ] GC(172) - age  12:       1448 bytes,    1719056 total
[2023-03-15T05:03:22.529+0000][69][gc,age      ] GC(172) - age  13:       1112 bytes,    1720168 total
[2023-03-15T05:03:22.530+0000][69][gc,age      ] GC(172) - age  14:       2816 bytes,    1722984 total
[2023-03-15T05:03:22.530+0000][69][gc,age      ] GC(172) - age  15:       1296 bytes,    1724280 total
[2023-03-15T05:03:22.531+0000][69][gc,heap     ] GC(172) Eden regions: 24->0(24)
[2023-03-15T05:03:22.531+0000][69][gc,heap     ] GC(172) Survivor regions: 1->1(4)
[2023-03-15T05:03:22.532+0000][69][gc,heap     ] GC(172) Old regions: 24->24
[2023-03-15T05:03:22.533+0000][69][gc,heap     ] GC(172) Archive regions: 2->2
[2023-03-15T05:03:22.533+0000][69][gc,heap     ] GC(172) Humongous regions: 2->2
[2023-03-15T05:03:22.534+0000][69][gc,metaspace] GC(172) Metaspace: 137392K(140864K)->137392K(140864K) NonClass: 119920K(121152K)->119920K(121152K) Class: 17471K(19712K)->17471K(19712K)
[2023-03-15T05:03:22.534+0000][69][gc          ] GC(172) Pause Young (Normal) (G1 Evacuation Pause) 204M->108M(256M) 21.302ms
[2023-03-15T05:03:22.535+0000][69][gc,cpu      ] GC(172) User=0.01s Sys=0.00s Real=0.02s
[2023-03-15T05:03:22.535+0000][69][safepoint   ] Safepoint "G1CollectForAllocation", Time since last: 4400317872 ns, Reaching safepoint: 88410 ns, At safepoint: 22466478 ns, Total: 22554888 ns
[2023-03-15T05:03:29.547+0000][69][safepoint   ] Safepoint "Cleanup", Time since last: 7011705292 ns, Reaching safepoint: 332648 ns, At safepoint: 13578 ns, Total: 346226 ns
[2023-03-15T05:03:34.558+0000][69][safepoint   ] Safepoint "Cleanup", Time since last: 5010392091 ns, Reaching safepoint: 245304 ns, At safepoint: 8504 ns, Total: 253808 ns
[2023-03-15T05:03:48.561+0000][69][safepoint   ] Safepoint "Cleanup", Time since last: 14023510644 ns, Reaching safepoint: 970648 ns, At safepoint: 16807 ns, Total: 987455 ns
[2023-03-15T05:03:52.570+0000][69][safepoint   ] Safepoint "Cleanup", Time since last: 4009548527 ns, Reaching safepoint: 116145 ns, At safepoint: 3786 ns, Total: 119931 ns
[2023-03-15T05:03:53.354+0000][69][gc,start    ] GC(173) Pause Young (Concurrent Start) (G1 Evacuation Pause)
[2023-03-15T05:03:53.355+0000][69][gc,task     ] GC(173) Using 4 workers of 4 for evacuation
[2023-03-15T05:03:53.355+0000][69][gc,age      ] GC(173) Desired survivor size 8388608 bytes, new threshold 15 (max threshold 15)
[2023-03-15T05:03:53.361+0000][69][gc,phases   ] GC(173)   Pre Evacuate Collection Set: 0.4ms
[2023-03-15T05:03:53.362+0000][69][gc,phases   ] GC(173)   Merge Heap Roots: 0.2ms
[2023-03-15T05:03:53.362+0000][69][gc,phases   ] GC(173)   Evacuate Collection Set: 2.6ms
[2023-03-15T05:03:53.363+0000][69][gc,phases   ] GC(173)   Post Evacuate Collection Set: 1.2ms
[2023-03-15T05:03:53.363+0000][69][gc,phases   ] GC(173)   Other: 2.1ms
[2023-03-15T05:03:53.364+0000][69][gc,age      ] GC(173) Age table with threshold 15 (max threshold 15)
[2023-03-15T05:03:53.364+0000][69][gc,age      ] GC(173) - age   1:    2070880 bytes,    2070880 total
[2023-03-15T05:03:53.365+0000][69][gc,age      ] GC(173) - age   2:     169048 bytes,    2239928 total
[2023-03-15T05:03:53.365+0000][69][gc,age      ] GC(173) - age   3:      17656 bytes,    2257584 total
[2023-03-15T05:03:53.366+0000][69][gc,age      ] GC(173) - age   4:        904 bytes,    2258488 total
[2023-03-15T05:03:53.366+0000][69][gc,age      ] GC(173) - age   5:       1512 bytes,    2260000 total
[2023-03-15T05:03:53.366+0000][69][gc,age      ] GC(173) - age   6:        224 bytes,    2260224 total
[2023-03-15T05:03:53.367+0000][69][gc,age      ] GC(173) - age   7:       1264 bytes,    2261488 total
[2023-03-15T05:03:53.367+0000][69][gc,age      ] GC(173) - age   8:       1592 bytes,    2263080 total
[2023-03-15T05:03:53.368+0000][69][gc,age      ] GC(173) - age   9:       9176 bytes,    2272256 total
[2023-03-15T05:03:53.368+0000][69][gc,age      ] GC(173) - age  10:     311824 bytes,    2584080 total
[2023-03-15T05:03:53.369+0000][69][gc,age      ] GC(173) - age  11:       3816 bytes,    2587896 total
[2023-03-15T05:03:53.369+0000][69][gc,age      ] GC(173) - age  12:       8800 bytes,    2596696 total
[2023-03-15T05:03:53.370+0000][69][gc,age      ] GC(173) - age  13:       1448 bytes,    2598144 total
[2023-03-15T05:03:53.370+0000][69][gc,age      ] GC(173) - age  14:       1112 bytes,    2599256 total
[2023-03-15T05:03:53.371+0000][69][gc,age      ] GC(173) - age  15:       2816 bytes,    2602072 total
[2023-03-15T05:03:53.371+0000][69][gc,heap     ] GC(173) Eden regions: 24->0(23)
[2023-03-15T05:03:53.372+0000][69][gc,heap     ] GC(173) Survivor regions: 1->1(4)
[2023-03-15T05:03:53.372+0000][69][gc,heap     ] GC(173) Old regions: 24->24
[2023-03-15T05:03:53.373+0000][69][gc,heap     ] GC(173) Archive regions: 2->2
[2023-03-15T05:03:53.373+0000][69][gc,heap     ] GC(173) Humongous regions: 2->2
[2023-03-15T05:03:53.373+0000][69][gc,metaspace] GC(173) Metaspace: 137433K(140928K)->137433K(140928K) NonClass: 119962K(121216K)->119962K(121216K) Class: 17471K(19712K)->17471K(19712K)
[2023-03-15T05:03:53.374+0000][69][gc          ] GC(173) Pause Young (Concurrent Start) (G1 Evacuation Pause) 204M->109M(256M) 20.256ms
[2023-03-15T05:03:53.374+0000][69][gc          ] GC(174) Concurrent Mark Cycle
[2023-03-15T05:03:53.375+0000][69][gc,marking  ] GC(174) Concurrent Clear Claimed Marks
[2023-03-15T05:03:53.375+0000][69][gc,marking  ] GC(174) Concurrent Clear Claimed Marks 0.733ms
[2023-03-15T05:03:53.376+0000][69][gc,marking  ] GC(174) Concurrent Scan Root Regions
[2023-03-15T05:03:53.374+0000][69][gc,cpu      ] GC(173) User=0.01s Sys=0.00s Real=0.02s
[2023-03-15T05:03:53.377+0000][69][safepoint   ] Safepoint "G1CollectForAllocation", Time since last: 783076724 ns, Reaching safepoint: 151369 ns, At safepoint: 23494469 ns, Total: 23645838 ns
[2023-03-15T05:03:53.379+0000][69][gc,marking  ] GC(174) Concurrent Scan Root Regions 3.032ms
[2023-03-15T05:03:53.380+0000][69][gc,marking  ] GC(174) Concurrent Mark
[2023-03-15T05:03:53.380+0000][69][gc,marking  ] GC(174) Concurrent Mark From Roots
[2023-03-15T05:03:53.381+0000][69][gc,task     ] GC(174) Using 1 workers of 1 for marking
[2023-03-15T05:03:53.499+0000][69][gc,marking  ] GC(174) Concurrent Mark From Roots 119.314ms
[2023-03-15T05:03:53.500+0000][69][gc,marking  ] GC(174) Concurrent Preclean
[2023-03-15T05:03:53.501+0000][69][gc,marking  ] GC(174) Concurrent Preclean 0.737ms
[2023-03-15T05:03:53.502+0000][69][gc,start    ] GC(174) Pause Remark
[2023-03-15T05:03:53.514+0000][69][gc          ] GC(174) Pause Remark 113M->113M(256M) 12.115ms
[2023-03-15T05:03:53.515+0000][69][gc,cpu      ] GC(174) User=0.03s Sys=0.00s Real=0.01s
[2023-03-15T05:03:53.515+0000][69][safepoint   ] Safepoint "G1PauseRemark", Time since last: 124590659 ns, Reaching safepoint: 143104 ns, At safepoint: 13470404 ns, Total: 13613508 ns
[2023-03-15T05:03:53.516+0000][69][gc,marking  ] GC(174) Concurrent Mark 136.220ms
[2023-03-15T05:03:53.516+0000][69][gc,marking  ] GC(174) Concurrent Rebuild Remembered Sets
[2023-03-15T05:03:53.566+0000][69][gc,marking  ] GC(174) Concurrent Rebuild Remembered Sets 49.359ms
[2023-03-15T05:03:53.567+0000][69][gc,start    ] GC(174) Pause Cleanup
[2023-03-15T05:03:53.568+0000][69][gc          ] GC(174) Pause Cleanup 113M->113M(256M) 1.320ms
[2023-03-15T05:03:53.569+0000][69][gc,cpu      ] GC(174) User=0.00s Sys=0.00s Real=0.01s
[2023-03-15T05:03:53.570+0000][69][safepoint   ] Safepoint "G1PauseCleanup", Time since last: 51545190 ns, Reaching safepoint: 226828 ns, At safepoint: 2909821 ns, Total: 3136649 ns
[2023-03-15T05:03:53.570+0000][69][gc,marking  ] GC(174) Concurrent Cleanup for Next Mark
[2023-03-15T05:03:53.571+0000][69][gc,marking  ] GC(174) Concurrent Cleanup for Next Mark 0.819ms
[2023-03-15T05:03:53.572+0000][69][gc          ] GC(174) Concurrent Mark Cycle 197.577ms
[2023-03-15T05:04:00.579+0000][69][safepoint   ] Safepoint "Cleanup", Time since last: 7008593583 ns, Reaching safepoint: 722164 ns, At safepoint: 19467 ns, Total: 741631 ns
[2023-03-15T05:04:01.584+0000][69][safepoint   ] Safepoint "Cleanup", Time since last: 1004094617 ns, Reaching safepoint: 456091 ns, At safepoint: 14489 ns, Total: 470580 ns
[2023-03-15T05:04:03.594+0000][69][safepoint   ] Safepoint "Cleanup", Time since last: 2009997143 ns, Reaching safepoint: 383843 ns, At safepoint: 17806 ns, Total: 401649 ns
[2023-03-15T05:04:04.602+0000][69][safepoint   ] Safepoint "Cleanup", Time since last: 1007010251 ns, Reaching safepoint: 791842 ns, At safepoint: 43240 ns, Total: 835082 ns
[2023-03-15T05:04:06.607+0000][69][safepoint   ] Safepoint "Cleanup", Time since last: 2004560523 ns, Reaching safepoint: 580902 ns, At safepoint: 36117 ns, Total: 617019 ns
[2023-03-15T05:04:17.600+0000][69][safepoint   ] Safepoint "Cleanup", Time since last: 11013817636 ns, Reaching safepoint: 83097 ns, At safepoint: 4629 ns, Total: 87726 ns
[2023-03-15T05:04:18.601+0000][69][safepoint   ] Safepoint "Cleanup", Time since last: 1000694542 ns, Reaching safepoint: 307577 ns, At safepoint: 61548 ns, Total: 369125 ns
[2023-03-15T05:04:22.520+0000][69][gc,start    ] GC(175) Pause Young (Normal) (G1 Evacuation Pause)
[2023-03-15T05:04:22.521+0000][69][gc,task     ] GC(175) Using 4 workers of 4 for evacuation
[2023-03-15T05:04:22.521+0000][69][gc,age      ] GC(175) Desired survivor size 6291456 bytes, new threshold 15 (max threshold 15)
[2023-03-15T05:04:22.524+0000][69][gc,phases   ] GC(175)   Pre Evacuate Collection Set: 0.1ms
[2023-03-15T05:04:22.525+0000][69][gc,phases   ] GC(175)   Merge Heap Roots: 0.1ms
[2023-03-15T05:04:22.525+0000][69][gc,phases   ] GC(175)   Evacuate Collection Set: 1.6ms
[2023-03-15T05:04:22.526+0000][69][gc,phases   ] GC(175)   Post Evacuate Collection Set: 0.7ms
[2023-03-15T05:04:22.526+0000][69][gc,phases   ] GC(175)   Other: 1.1ms
[2023-03-15T05:04:22.527+0000][69][gc,age      ] GC(175) Age table with threshold 15 (max threshold 15)
[2023-03-15T05:04:22.527+0000][69][gc,age      ] GC(175) - age   1:     651480 bytes,     651480 total
[2023-03-15T05:04:22.528+0000][69][gc,age      ] GC(175) - age   2:     139256 bytes,     790736 total
[2023-03-15T05:04:22.528+0000][69][gc,age      ] GC(175) - age   3:       1048 bytes,     791784 total
[2023-03-15T05:04:22.529+0000][69][gc,age      ] GC(175) - age   4:       9512 bytes,     801296 total
[2023-03-15T05:04:22.529+0000][69][gc,age      ] GC(175) - age   5:        464 bytes,     801760 total
[2023-03-15T05:04:22.529+0000][69][gc,age      ] GC(175) - age   6:       1512 bytes,     803272 total
[2023-03-15T05:04:22.530+0000][69][gc,age      ] GC(175) - age   7:        224 bytes,     803496 total
[2023-03-15T05:04:22.530+0000][69][gc,age      ] GC(175) - age   8:       1264 bytes,     804760 total
[2023-03-15T05:04:22.530+0000][69][gc,age      ] GC(175) - age   9:        584 bytes,     805344 total
[2023-03-15T05:04:22.531+0000][69][gc,age      ] GC(175) - age  10:        552 bytes,     805896 total
[2023-03-15T05:04:22.531+0000][69][gc,age      ] GC(175) - age  11:      17824 bytes,     823720 total
[2023-03-15T05:04:22.531+0000][69][gc,age      ] GC(175) - age  12:       3816 bytes,     827536 total
[2023-03-15T05:04:22.532+0000][69][gc,age      ] GC(175) - age  13:       8800 bytes,     836336 total
[2023-03-15T05:04:22.532+0000][69][gc,age      ] GC(175) - age  14:       1448 bytes,     837784 total
[2023-03-15T05:04:22.532+0000][69][gc,age      ] GC(175) - age  15:       1112 bytes,     838896 total
[2023-03-15T05:04:22.533+0000][69][gc,heap     ] GC(175) Eden regions: 23->0(24)
[2023-03-15T05:04:22.533+0000][69][gc,heap     ] GC(175) Survivor regions: 1->1(3)
[2023-03-15T05:04:22.533+0000][69][gc,heap     ] GC(175) Old regions: 24->24
[2023-03-15T05:04:22.534+0000][69][gc,heap     ] GC(175) Archive regions: 2->2
[2023-03-15T05:04:22.534+0000][69][gc,heap     ] GC(175) Humongous regions: 2->2
[2023-03-15T05:04:22.535+0000][69][gc,metaspace] GC(175) Metaspace: 137434K(140928K)->137434K(140928K) NonClass: 119962K(121216K)->119962K(121216K) Class: 17471K(19712K)->17471K(19712K)
[2023-03-15T05:04:22.535+0000][69][gc          ] GC(175) Pause Young (Normal) (G1 Evacuation Pause) 201M->107M(256M) 15.452ms
[2023-03-15T05:04:22.536+0000][69][gc,cpu      ] GC(175) User=0.01s Sys=0.00s Real=0.02s
[2023-03-15T05:04:22.537+0000][69][safepoint   ] Safepoint "G1CollectForAllocation", Time since last: 3918971685 ns, Reaching safepoint: 76821 ns, At safepoint: 17352609 ns, Total: 17429430 ns
[2023-03-15T05:04:28.542+0000][69][safepoint   ] Safepoint "Cleanup", Time since last: 6004295763 ns, Reaching safepoint: 92684 ns, At safepoint: 4571 ns, Total: 97255 ns
[2023-03-15T05:04:29.545+0000][69][safepoint   ] Safepoint "Cleanup", Time since last: 1002795772 ns, Reaching safepoint: 321346 ns, At safepoint: 10496 ns, Total: 331842 ns
[2023-03-15T05:04:33.551+0000][69][safepoint   ] Safepoint "Cleanup", Time since last: 4005838866 ns, Reaching safepoint: 304790 ns, At safepoint: 69681 ns, Total: 374471 ns
[2023-03-15T05:04:35.554+0000][69][safepoint   ] Safepoint "Cleanup", Time since last: 2002755847 ns, Reaching safepoint: 97614 ns, At safepoint: 3589 ns, Total: 101203 ns
[2023-03-15T05:04:38.562+0000][69][safepoint   ] Safepoint "Cleanup", Time since last: 3006687345 ns, Reaching safepoint: 768935 ns, At safepoint: 40067 ns, Total: 809002 ns
[2023-03-15T05:04:40.568+0000][69][safepoint   ] Safepoint "Cleanup", Time since last: 2006394062 ns, Reaching safepoint: 147298 ns, At safepoint: 4576 ns, Total: 151874 ns
[2023-03-15T05:04:58.248+0000][69][gc,start    ] GC(176) Pause Young (Concurrent Start) (G1 Evacuation Pause)
[2023-03-15T05:04:58.249+0000][69][gc,task     ] GC(176) Using 4 workers of 4 for evacuation
[2023-03-15T05:04:58.251+0000][69][gc,age      ] GC(176) Desired survivor size 8388608 bytes, new threshold 15 (max threshold 15)
[2023-03-15T05:04:58.259+0000][69][gc,phases   ] GC(176)   Pre Evacuate Collection Set: 0.6ms
[2023-03-15T05:04:58.260+0000][69][gc,phases   ] GC(176)   Merge Heap Roots: 0.4ms
[2023-03-15T05:04:58.261+0000][69][gc,phases   ] GC(176)   Evacuate Collection Set: 4.0ms
[2023-03-15T05:04:58.262+0000][69][gc,phases   ] GC(176)   Post Evacuate Collection Set: 1.4ms
[2023-03-15T05:04:58.263+0000][69][gc,phases   ] GC(176)   Other: 3.0ms
[2023-03-15T05:04:58.263+0000][69][gc,age      ] GC(176) Age table with threshold 15 (max threshold 15)
[2023-03-15T05:04:58.264+0000][69][gc,age      ] GC(176) - age   1:     809128 bytes,     809128 total
[2023-03-15T05:04:58.265+0000][69][gc,age      ] GC(176) - age   2:     442336 bytes,    1251464 total
[2023-03-15T05:04:58.266+0000][69][gc,age      ] GC(176) - age   3:       9216 bytes,    1260680 total
[2023-03-15T05:04:58.267+0000][69][gc,age      ] GC(176) - age   4:        560 bytes,    1261240 total
[2023-03-15T05:04:58.268+0000][69][gc,age      ] GC(176) - age   5:       9448 bytes,    1270688 total
[2023-03-15T05:04:58.269+0000][69][gc,age      ] GC(176) - age   6:        368 bytes,    1271056 total
[2023-03-15T05:04:58.270+0000][69][gc,age      ] GC(176) - age   7:       1448 bytes,    1272504 total
[2023-03-15T05:04:58.270+0000][69][gc,age      ] GC(176) - age   8:        224 bytes,    1272728 total
[2023-03-15T05:04:58.271+0000][69][gc,age      ] GC(176) - age   9:       1264 bytes,    1273992 total
[2023-03-15T05:04:58.271+0000][69][gc,age      ] GC(176) - age  10:        584 bytes,    1274576 total
[2023-03-15T05:04:58.272+0000][69][gc,age      ] GC(176) - age  11:        552 bytes,    1275128 total
[2023-03-15T05:04:58.273+0000][69][gc,age      ] GC(176) - age  12:       9128 bytes,    1284256 total
[2023-03-15T05:04:58.274+0000][69][gc,age      ] GC(176) - age  13:       3816 bytes,    1288072 total
[2023-03-15T05:04:58.274+0000][69][gc,age      ] GC(176) - age  14:       8800 bytes,    1296872 total
[2023-03-15T05:04:58.275+0000][69][gc,age      ] GC(176) - age  15:       1448 bytes,    1298320 total
[2023-03-15T05:04:58.276+0000][69][gc,heap     ] GC(176) Eden regions: 24->0(24)
[2023-03-15T05:04:58.276+0000][69][gc,heap     ] GC(176) Survivor regions: 1->1(4)
[2023-03-15T05:04:58.277+0000][69][gc,heap     ] GC(176) Old regions: 24->24
[2023-03-15T05:04:58.278+0000][69][gc,heap     ] GC(176) Archive regions: 2->2
[2023-03-15T05:04:58.279+0000][69][gc,heap     ] GC(176) Humongous regions: 2->2
[2023-03-15T05:04:58.279+0000][69][gc,metaspace] GC(176) Metaspace: 137434K(140928K)->137434K(140928K) NonClass: 119962K(121216K)->119962K(121216K) Class: 17471K(19712K)->17471K(19712K)
[2023-03-15T05:04:58.281+0000][69][gc          ] GC(176) Pause Young (Concurrent Start) (G1 Evacuation Pause) 203M->108M(256M) 33.093ms
[2023-03-15T05:04:58.281+0000][69][gc,cpu      ] GC(176) User=0.01s Sys=0.00s Real=0.03s
[2023-03-15T05:04:58.282+0000][69][gc          ] GC(177) Concurrent Mark Cycle
[2023-03-15T05:04:58.283+0000][69][gc,marking  ] GC(177) Concurrent Clear Claimed Marks
[2023-03-15T05:04:58.282+0000][69][safepoint   ] Safepoint "G1CollectForAllocation", Time since last: 17703324212 ns, Reaching safepoint: 281454 ns, At safepoint: 34577956 ns, Total: 34859410 ns
[2023-03-15T05:04:58.284+0000][69][gc,marking  ] GC(177) Concurrent Clear Claimed Marks 1.046ms
[2023-03-15T05:04:58.285+0000][69][gc,marking  ] GC(177) Concurrent Scan Root Regions
[2023-03-15T05:04:58.287+0000][69][gc,marking  ] GC(177) Concurrent Scan Root Regions 2.450ms
[2023-03-15T05:04:58.288+0000][69][gc,marking  ] GC(177) Concurrent Mark
[2023-03-15T05:04:58.290+0000][69][gc,marking  ] GC(177) Concurrent Mark From Roots
[2023-03-15T05:04:58.291+0000][69][gc,task     ] GC(177) Using 1 workers of 1 for marking
[2023-03-15T05:04:58.475+0000][69][gc,marking  ] GC(177) Concurrent Mark From Roots 184.980ms
[2023-03-15T05:04:58.476+0000][69][gc,marking  ] GC(177) Concurrent Preclean
[2023-03-15T05:04:58.477+0000][69][gc,marking  ] GC(177) Concurrent Preclean 1.010ms
[2023-03-15T05:04:58.478+0000][69][gc,start    ] GC(177) Pause Remark
[2023-03-15T05:04:58.489+0000][69][gc          ] GC(177) Pause Remark 112M->112M(256M) 10.640ms
[2023-03-15T05:04:58.490+0000][69][gc,cpu      ] GC(177) User=0.03s Sys=0.00s Real=0.01s
[2023-03-15T05:04:58.491+0000][69][safepoint   ] Safepoint "G1PauseRemark", Time since last: 195745125 ns, Reaching safepoint: 374649 ns, At safepoint: 12284527 ns, Total: 12659176 ns
[2023-03-15T05:04:58.491+0000][69][gc,marking  ] GC(177) Concurrent Mark 202.912ms
[2023-03-15T05:04:58.492+0000][69][gc,marking  ] GC(177) Concurrent Rebuild Remembered Sets
[2023-03-15T05:04:58.578+0000][69][gc,marking  ] GC(177) Concurrent Rebuild Remembered Sets 86.160ms
[2023-03-15T05:04:58.579+0000][69][gc,start    ] GC(177) Pause Cleanup
[2023-03-15T05:04:58.580+0000][69][gc          ] GC(177) Pause Cleanup 112M->112M(256M) 0.625ms
[2023-03-15T05:04:58.580+0000][69][gc,cpu      ] GC(177) User=0.00s Sys=0.00s Real=0.00s
[2023-03-15T05:04:58.581+0000][69][safepoint   ] Safepoint "G1PauseCleanup", Time since last: 88373947 ns, Reaching safepoint: 150203 ns, At safepoint: 1609636 ns, Total: 1759839 ns
[2023-03-15T05:04:58.581+0000][69][gc,marking  ] GC(177) Concurrent Cleanup for Next Mark
[2023-03-15T05:04:58.583+0000][69][gc,marking  ] GC(177) Concurrent Cleanup for Next Mark 1.669ms
[2023-03-15T05:04:58.585+0000][69][gc          ] GC(177) Concurrent Mark Cycle 303.093ms
[2023-03-15T05:05:06.593+0000][69][safepoint   ] Safepoint "Cleanup", Time since last: 8011300386 ns, Reaching safepoint: 442963 ns, At safepoint: 16670 ns, Total: 459633 ns
[2023-03-15T05:05:16.596+0000][69][safepoint   ] Safepoint "Cleanup", Time since last: 10024329128 ns, Reaching safepoint: 361949 ns, At safepoint: 108531 ns, Total: 470480 ns
[2023-03-15T05:05:25.612+0000][69][safepoint   ] Safepoint "Cleanup", Time since last: 9015142995 ns, Reaching safepoint: 943484 ns, At safepoint: 153204 ns, Total: 1096688 ns
[2023-03-15T05:05:25.983+0000][69][gc,start    ] GC(178) Pause Young (Normal) (G1 Evacuation Pause)
[2023-03-15T05:05:25.984+0000][69][gc,task     ] GC(178) Using 4 workers of 4 for evacuation
[2023-03-15T05:05:25.984+0000][69][gc,age      ] GC(178) Desired survivor size 8388608 bytes, new threshold 15 (max threshold 15)
[2023-03-15T05:05:25.988+0000][69][gc,phases   ] GC(178)   Pre Evacuate Collection Set: 0.2ms
[2023-03-15T05:05:25.989+0000][69][gc,phases   ] GC(178)   Merge Heap Roots: 0.2ms
[2023-03-15T05:05:25.990+0000][69][gc,phases   ] GC(178)   Evacuate Collection Set: 1.9ms
[2023-03-15T05:05:25.991+0000][69][gc,phases   ] GC(178)   Post Evacuate Collection Set: 1.2ms
[2023-03-15T05:05:25.991+0000][69][gc,phases   ] GC(178)   Other: 1.0ms
[2023-03-15T05:05:25.992+0000][69][gc,age      ] GC(178) Age table with threshold 15 (max threshold 15)
[2023-03-15T05:05:25.992+0000][69][gc,age      ] GC(178) - age   1:    1347160 bytes,    1347160 total
[2023-03-15T05:05:25.993+0000][69][gc,age      ] GC(178) - age   2:      19456 bytes,    1366616 total
[2023-03-15T05:05:25.993+0000][69][gc,age      ] GC(178) - age   3:     441792 bytes,    1808408 total
[2023-03-15T05:05:25.994+0000][69][gc,age      ] GC(178) - age   4:       8768 bytes,    1817176 total
[2023-03-15T05:05:25.994+0000][69][gc,age      ] GC(178) - age   5:        432 bytes,    1817608 total
[2023-03-15T05:05:25.994+0000][69][gc,age      ] GC(178) - age   6:       9152 bytes,    1826760 total
[2023-03-15T05:05:25.995+0000][69][gc,age      ] GC(178) - age   7:        368 bytes,    1827128 total
[2023-03-15T05:05:25.995+0000][69][gc,age      ] GC(178) - age   8:       1448 bytes,    1828576 total
[2023-03-15T05:05:25.996+0000][69][gc,age      ] GC(178) - age   9:        224 bytes,    1828800 total
[2023-03-15T05:05:25.996+0000][69][gc,age      ] GC(178) - age  10:       1264 bytes,    1830064 total
[2023-03-15T05:05:25.997+0000][69][gc,age      ] GC(178) - age  11:        584 bytes,    1830648 total
[2023-03-15T05:05:25.997+0000][69][gc,age      ] GC(178) - age  12:        552 bytes,    1831200 total
[2023-03-15T05:05:25.997+0000][69][gc,age      ] GC(178) - age  13:       5616 bytes,    1836816 total
[2023-03-15T05:05:25.998+0000][69][gc,age      ] GC(178) - age  14:       3816 bytes,    1840632 total
[2023-03-15T05:05:25.998+0000][69][gc,age      ] GC(178) - age  15:       8800 bytes,    1849432 total
[2023-03-15T05:05:25.999+0000][69][gc,heap     ] GC(178) Eden regions: 24->0(24)
[2023-03-15T05:05:25.999+0000][69][gc,heap     ] GC(178) Survivor regions: 1->1(4)
[2023-03-15T05:05:26.000+0000][69][gc,heap     ] GC(178) Old regions: 24->24
[2023-03-15T05:05:26.000+0000][69][gc,heap     ] GC(178) Archive regions: 2->2
[2023-03-15T05:05:26.001+0000][69][gc,heap     ] GC(178) Humongous regions: 2->2
[2023-03-15T05:05:26.001+0000][69][gc,metaspace] GC(178) Metaspace: 137439K(140928K)->137439K(140928K) NonClass: 119967K(121216K)->119967K(121216K) Class: 17471K(19712K)->17471K(19712K)
[2023-03-15T05:05:26.002+0000][69][gc          ] GC(178) Pause Young (Normal) (G1 Evacuation Pause) 204M->108M(256M) 18.298ms
[2023-03-15T05:05:26.002+0000][69][gc,cpu      ] GC(178) User=0.01s Sys=0.00s Real=0.02s
[2023-03-15T05:05:26.002+0000][69][safepoint   ] Safepoint "G1CollectForAllocation", Time since last: 371312080 ns, Reaching safepoint: 90865 ns, At safepoint: 19289153 ns, Total: 19380018 ns
[2023-03-15T05:05:29.009+0000][69][safepoint   ] Safepoint "Cleanup", Time since last: 3005666958 ns, Reaching safepoint: 418256 ns, At safepoint: 12103 ns, Total: 430359 ns
[2023-03-15T05:05:30.014+0000][69][safepoint   ] Safepoint "Cleanup", Time since last: 1004828438 ns, Reaching safepoint: 948012 ns, At safepoint: 38903 ns, Total: 986915 ns
[2023-03-15T05:05:35.023+0000][69][safepoint   ] Safepoint "Cleanup", Time since last: 5007869879 ns, Reaching safepoint: 579349 ns, At safepoint: 14294 ns, Total: 593643 ns
[2023-03-15T05:05:44.047+0000][69][safepoint   ] Safepoint "Cleanup", Time since last: 9023179022 ns, Reaching safepoint: 488436 ns, At safepoint: 18023 ns, Total: 506459 ns
[2023-03-15T05:05:47.034+0000][69][safepoint   ] Safepoint "Cleanup", Time since last: 3008719453 ns, Reaching safepoint: 96892 ns, At safepoint: 7931 ns, Total: 104823 ns
[2023-03-15T05:05:52.553+0000][69][safepoint   ] Safepoint "Cleanup", Time since last: 5518304065 ns, Reaching safepoint: 230428 ns, At safepoint: 4837 ns, Total: 235265 ns
[2023-03-15T05:05:53.557+0000][69][safepoint   ] Safepoint "Cleanup", Time since last: 1004228264 ns, Reaching safepoint: 410664 ns, At safepoint: 12965 ns, Total: 423629 ns
[2023-03-15T05:05:58.468+0000][69][gc,start    ] GC(179) Pause Young (Concurrent Start) (G1 Evacuation Pause)
[2023-03-15T05:05:58.468+0000][69][gc,task     ] GC(179) Using 4 workers of 4 for evacuation
[2023-03-15T05:05:58.469+0000][69][gc,age      ] GC(179) Desired survivor size 8388608 bytes, new threshold 15 (max threshold 15)
[2023-03-15T05:05:58.473+0000][69][gc,phases   ] GC(179)   Pre Evacuate Collection Set: 0.4ms
[2023-03-15T05:05:58.474+0000][69][gc,phases   ] GC(179)   Merge Heap Roots: 0.2ms
[2023-03-15T05:05:58.474+0000][69][gc,phases   ] GC(179)   Evacuate Collection Set: 1.8ms
[2023-03-15T05:05:58.474+0000][69][gc,phases   ] GC(179)   Post Evacuate Collection Set: 0.7ms
[2023-03-15T05:05:58.475+0000][69][gc,phases   ] GC(179)   Other: 1.7ms
[2023-03-15T05:05:58.475+0000][69][gc,age      ] GC(179) Age table with threshold 15 (max threshold 15)
[2023-03-15T05:05:58.476+0000][69][gc,age      ] GC(179) - age   1:    1750568 bytes,    1750568 total
[2023-03-15T05:05:58.476+0000][69][gc,age      ] GC(179) - age   2:     145168 bytes,    1895736 total
[2023-03-15T05:05:58.476+0000][69][gc,age      ] GC(179) - age   3:      15984 bytes,    1911720 total
[2023-03-15T05:05:58.477+0000][69][gc,age      ] GC(179) - age   4:     292760 bytes,    2204480 total
[2023-03-15T05:05:58.477+0000][69][gc,age      ] GC(179) - age   5:       8576 bytes,    2213056 total
[2023-03-15T05:05:58.478+0000][69][gc,age      ] GC(179) - age   6:        432 bytes,    2213488 total
[2023-03-15T05:05:58.478+0000][69][gc,age      ] GC(179) - age   7:       9152 bytes,    2222640 total
[2023-03-15T05:05:58.478+0000][69][gc,age      ] GC(179) - age   8:        368 bytes,    2223008 total
[2023-03-15T05:05:58.479+0000][69][gc,age      ] GC(179) - age   9:       1448 bytes,    2224456 total
[2023-03-15T05:05:58.479+0000][69][gc,age      ] GC(179) - age  10:        224 bytes,    2224680 total
[2023-03-15T05:05:58.480+0000][69][gc,age      ] GC(179) - age  11:       1264 bytes,    2225944 total
[2023-03-15T05:05:58.480+0000][69][gc,age      ] GC(179) - age  12:        584 bytes,    2226528 total
[2023-03-15T05:05:58.481+0000][69][gc,age      ] GC(179) - age  13:        552 bytes,    2227080 total
[2023-03-15T05:05:58.481+0000][69][gc,age      ] GC(179) - age  14:       5616 bytes,    2232696 total
[2023-03-15T05:05:58.481+0000][69][gc,age      ] GC(179) - age  15:       3816 bytes,    2236512 total
[2023-03-15T05:05:58.482+0000][69][gc,heap     ] GC(179) Eden regions: 24->0(23)
[2023-03-15T05:05:58.482+0000][69][gc,heap     ] GC(179) Survivor regions: 1->1(4)
[2023-03-15T05:05:58.483+0000][69][gc,heap     ] GC(179) Old regions: 24->24
[2023-03-15T05:05:58.483+0000][69][gc,heap     ] GC(179) Archive regions: 2->2
[2023-03-15T05:05:58.484+0000][69][gc,heap     ] GC(179) Humongous regions: 2->2
[2023-03-15T05:05:58.484+0000][69][gc,metaspace] GC(179) Metaspace: 137441K(140928K)->137441K(140928K) NonClass: 119969K(121216K)->119969K(121216K) Class: 17471K(19712K)->17471K(19712K)
[2023-03-15T05:05:58.484+0000][69][gc          ] GC(179) Pause Young (Concurrent Start) (G1 Evacuation Pause) 204M->109M(256M) 16.833ms
[2023-03-15T05:05:58.485+0000][69][gc,cpu      ] GC(179) User=0.00s Sys=0.00s Real=0.02s
[2023-03-15T05:05:58.485+0000][69][gc          ] GC(180) Concurrent Mark Cycle
[2023-03-15T05:05:58.487+0000][69][gc,marking  ] GC(180) Concurrent Clear Claimed Marks
[2023-03-15T05:05:58.485+0000][69][safepoint   ] Safepoint "G1CollectForAllocation", Time since last: 4910040079 ns, Reaching safepoint: 259843 ns, At safepoint: 17928362 ns, Total: 18188205 ns
[2023-03-15T05:05:58.488+0000][69][gc,marking  ] GC(180) Concurrent Clear Claimed Marks 0.702ms
[2023-03-15T05:05:58.492+0000][69][gc,marking  ] GC(180) Concurrent Scan Root Regions
[2023-03-15T05:05:58.495+0000][69][gc,marking  ] GC(180) Concurrent Scan Root Regions 3.016ms
[2023-03-15T05:05:58.496+0000][69][gc,marking  ] GC(180) Concurrent Mark
[2023-03-15T05:05:58.496+0000][69][gc,marking  ] GC(180) Concurrent Mark From Roots
[2023-03-15T05:05:58.496+0000][69][gc,task     ] GC(180) Using 1 workers of 1 for marking
[2023-03-15T05:05:58.609+0000][69][gc,marking  ] GC(180) Concurrent Mark From Roots 112.906ms
[2023-03-15T05:05:58.610+0000][69][gc,marking  ] GC(180) Concurrent Preclean
[2023-03-15T05:05:58.611+0000][69][gc,marking  ] GC(180) Concurrent Preclean 1.258ms
[2023-03-15T05:05:58.614+0000][69][gc,start    ] GC(180) Pause Remark
[2023-03-15T05:05:58.626+0000][69][gc          ] GC(180) Pause Remark 119M->119M(256M) 11.565ms
[2023-03-15T05:05:58.627+0000][69][gc,cpu      ] GC(180) User=0.03s Sys=0.00s Real=0.01s
[2023-03-15T05:05:58.628+0000][69][safepoint   ] Safepoint "G1PauseRemark", Time since last: 128849105 ns, Reaching safepoint: 129069 ns, At safepoint: 13389003 ns, Total: 13518072 ns
[2023-03-15T05:05:58.629+0000][69][gc,marking  ] GC(180) Concurrent Mark 133.254ms
[2023-03-15T05:05:58.629+0000][69][gc,marking  ] GC(180) Concurrent Rebuild Remembered Sets
[2023-03-15T05:05:58.713+0000][69][gc,marking  ] GC(180) Concurrent Rebuild Remembered Sets 83.692ms
[2023-03-15T05:05:58.714+0000][69][gc,start    ] GC(180) Pause Cleanup
[2023-03-15T05:05:58.714+0000][69][gc          ] GC(180) Pause Cleanup 120M->120M(256M) 0.637ms
[2023-03-15T05:05:58.715+0000][69][gc,cpu      ] GC(180) User=0.00s Sys=0.00s Real=0.00s
[2023-03-15T05:05:58.716+0000][69][safepoint   ] Safepoint "G1PauseCleanup", Time since last: 85863818 ns, Reaching safepoint: 121878 ns, At safepoint: 1707355 ns, Total: 1829233 ns
[2023-03-15T05:05:58.716+0000][69][gc,marking  ] GC(180) Concurrent Cleanup for Next Mark
[2023-03-15T05:05:58.717+0000][69][gc,marking  ] GC(180) Concurrent Cleanup for Next Mark 1.053ms
[2023-03-15T05:05:58.718+0000][69][gc          ] GC(180) Concurrent Mark Cycle 233.068ms
[2023-03-15T05:06:06.736+0000][69][safepoint   ] Safepoint "Cleanup", Time since last: 8020076325 ns, Reaching safepoint: 666416 ns, At safepoint: 136772 ns, Total: 803188 ns
[2023-03-15T05:06:28.476+0000][69][gc,start    ] GC(181) Pause Young (Normal) (G1 Evacuation Pause)
[2023-03-15T05:06:28.476+0000][69][gc,task     ] GC(181) Using 4 workers of 4 for evacuation
[2023-03-15T05:06:28.477+0000][69][gc,age      ] GC(181) Desired survivor size 6291456 bytes, new threshold 15 (max threshold 15)
[2023-03-15T05:06:28.480+0000][69][gc,phases   ] GC(181)   Pre Evacuate Collection Set: 0.1ms
[2023-03-15T05:06:28.481+0000][69][gc,phases   ] GC(181)   Merge Heap Roots: 0.1ms
[2023-03-15T05:06:28.481+0000][69][gc,phases   ] GC(181)   Evacuate Collection Set: 1.5ms
[2023-03-15T05:06:28.482+0000][69][gc,phases   ] GC(181)   Post Evacuate Collection Set: 0.8ms
[2023-03-15T05:06:28.482+0000][69][gc,phases   ] GC(181)   Other: 1.1ms
[2023-03-15T05:06:28.483+0000][69][gc,age      ] GC(181) Age table with threshold 15 (max threshold 15)
[2023-03-15T05:06:28.483+0000][69][gc,age      ] GC(181) - age   1:     615696 bytes,     615696 total
[2023-03-15T05:06:28.484+0000][69][gc,age      ] GC(181) - age   2:     122632 bytes,     738328 total
[2023-03-15T05:06:28.484+0000][69][gc,age      ] GC(181) - age   3:       4656 bytes,     742984 total
[2023-03-15T05:06:28.484+0000][69][gc,age      ] GC(181) - age   4:      15856 bytes,     758840 total
[2023-03-15T05:06:28.485+0000][69][gc,age      ] GC(181) - age   5:     292696 bytes,    1051536 total
[2023-03-15T05:06:28.485+0000][69][gc,age      ] GC(181) - age   6:       8576 bytes,    1060112 total
[2023-03-15T05:06:28.486+0000][69][gc,age      ] GC(181) - age   7:        432 bytes,    1060544 total
[2023-03-15T05:06:28.486+0000][69][gc,age      ] GC(181) - age   8:       9152 bytes,    1069696 total
[2023-03-15T05:06:28.487+0000][69][gc,age      ] GC(181) - age   9:        368 bytes,    1070064 total
[2023-03-15T05:06:28.487+0000][69][gc,age      ] GC(181) - age  10:       1448 bytes,    1071512 total
[2023-03-15T05:06:28.487+0000][69][gc,age      ] GC(181) - age  11:        224 bytes,    1071736 total
[2023-03-15T05:06:28.488+0000][69][gc,age      ] GC(181) - age  12:       1264 bytes,    1073000 total
[2023-03-15T05:06:28.488+0000][69][gc,age      ] GC(181) - age  13:        584 bytes,    1073584 total
[2023-03-15T05:06:28.489+0000][69][gc,age      ] GC(181) - age  14:        552 bytes,    1074136 total
[2023-03-15T05:06:28.489+0000][69][gc,age      ] GC(181) - age  15:       5424 bytes,    1079560 total
[2023-03-15T05:06:28.489+0000][69][gc,heap     ] GC(181) Eden regions: 23->0(24)
[2023-03-15T05:06:28.490+0000][69][gc,heap     ] GC(181) Survivor regions: 1->1(3)
[2023-03-15T05:06:28.491+0000][69][gc,heap     ] GC(181) Old regions: 24->24
[2023-03-15T05:06:28.491+0000][69][gc,heap     ] GC(181) Archive regions: 2->2
[2023-03-15T05:06:28.492+0000][69][gc,heap     ] GC(181) Humongous regions: 2->2
[2023-03-15T05:06:28.492+0000][69][gc,metaspace] GC(181) Metaspace: 137456K(140928K)->137456K(140928K) NonClass: 119985K(121216K)->119985K(121216K) Class: 17471K(19712K)->17471K(19712K)
[2023-03-15T05:06:28.493+0000][69][gc          ] GC(181) Pause Young (Normal) (G1 Evacuation Pause) 201M->108M(256M) 16.995ms
[2023-03-15T05:06:28.493+0000][69][gc,cpu      ] GC(181) User=0.01s Sys=0.00s Real=0.02s
[2023-03-15T05:06:28.494+0000][69][safepoint   ] Safepoint "G1CollectForAllocation", Time since last: 21760345031 ns, Reaching safepoint: 194406 ns, At safepoint: 17962270 ns, Total: 18156676 ns
[2023-03-15T05:06:30.977+0000][69][safepoint   ] Safepoint "Cleanup", Time since last: 2482441405 ns, Reaching safepoint: 564967 ns, At safepoint: 13300 ns, Total: 578267 ns
[2023-03-15T05:06:32.983+0000][69][safepoint   ] Safepoint "Cleanup", Time since last: 2005124970 ns, Reaching safepoint: 865628 ns, At safepoint: 60646 ns, Total: 926274 ns
[2023-03-15T05:06:41.003+0000][69][safepoint   ] Safepoint "Cleanup", Time since last: 8019590528 ns, Reaching safepoint: 821851 ns, At safepoint: 156134 ns, Total: 977985 ns
[2023-03-15T05:06:42.009+0000][69][safepoint   ] Safepoint "Cleanup", Time since last: 1005006357 ns, Reaching safepoint: 578798 ns, At safepoint: 36334 ns, Total: 615132 ns
[2023-03-15T05:06:44.019+0000][69][safepoint   ] Safepoint "Cleanup", Time since last: 2008795100 ns, Reaching safepoint: 821169 ns, At safepoint: 130936 ns, Total: 952105 ns
[2023-03-15T05:06:47.003+0000][69][safepoint   ] Safepoint "Cleanup", Time since last: 3005092002 ns, Reaching safepoint: 133049 ns, At safepoint: 4131 ns, Total: 137180 ns
[2023-03-15T05:06:50.008+0000][69][safepoint   ] Safepoint "Cleanup", Time since last: 3004488261 ns, Reaching safepoint: 876124 ns, At safepoint: 52134 ns, Total: 928258 ns
[2023-03-15T05:06:59.631+0000][69][safepoint   ] Safepoint "Cleanup", Time since last: 9622244472 ns, Reaching safepoint: 724431 ns, At safepoint: 8860 ns, Total: 733291 ns
[2023-03-15T05:07:00.632+0000][69][safepoint   ] Safepoint "Cleanup", Time since last: 1000989057 ns, Reaching safepoint: 140952 ns, At safepoint: 4213 ns, Total: 145165 ns
[2023-03-15T05:07:01.635+0000][69][safepoint   ] Safepoint "Cleanup", Time since last: 1002097257 ns, Reaching safepoint: 587045 ns, At safepoint: 16240 ns, Total: 603285 ns
[2023-03-15T05:07:04.241+0000][69][gc,start    ] GC(182) Pause Young (Concurrent Start) (G1 Evacuation Pause)
[2023-03-15T05:07:04.242+0000][69][gc,task     ] GC(182) Using 4 workers of 4 for evacuation
[2023-03-15T05:07:04.243+0000][69][gc,age      ] GC(182) Desired survivor size 8388608 bytes, new threshold 15 (max threshold 15)
[2023-03-15T05:07:04.251+0000][69][gc,phases   ] GC(182)   Pre Evacuate Collection Set: 0.6ms
[2023-03-15T05:07:04.252+0000][69][gc,phases   ] GC(182)   Merge Heap Roots: 0.3ms
[2023-03-15T05:07:04.253+0000][69][gc,phases   ] GC(182)   Evacuate Collection Set: 4.0ms
[2023-03-15T05:07:04.254+0000][69][gc,phases   ] GC(182)   Post Evacuate Collection Set: 1.3ms
[2023-03-15T05:07:04.255+0000][69][gc,phases   ] GC(182)   Other: 2.2ms
[2023-03-15T05:07:04.255+0000][69][gc,age      ] GC(182) Age table with threshold 15 (max threshold 15)
[2023-03-15T05:07:04.256+0000][69][gc,age      ] GC(182) - age   1:     802056 bytes,     802056 total
[2023-03-15T05:07:04.257+0000][69][gc,age      ] GC(182) - age   2:     136168 bytes,     938224 total
[2023-03-15T05:07:04.258+0000][69][gc,age      ] GC(182) - age   3:       1352 bytes,     939576 total
[2023-03-15T05:07:04.258+0000][69][gc,age      ] GC(182) - age   4:       4152 bytes,     943728 total
[2023-03-15T05:07:04.259+0000][69][gc,age      ] GC(182) - age   5:      15792 bytes,     959520 total
[2023-03-15T05:07:04.260+0000][69][gc,age      ] GC(182) - age   6:     284680 bytes,    1244200 total
[2023-03-15T05:07:04.261+0000][69][gc,age      ] GC(182) - age   7:       8576 bytes,    1252776 total
[2023-03-15T05:07:04.262+0000][69][gc,age      ] GC(182) - age   8:        432 bytes,    1253208 total
[2023-03-15T05:07:04.262+0000][69][gc,age      ] GC(182) - age   9:       9152 bytes,    1262360 total
[2023-03-15T05:07:04.263+0000][69][gc,age      ] GC(182) - age  10:        368 bytes,    1262728 total
[2023-03-15T05:07:04.263+0000][69][gc,age      ] GC(182) - age  11:       1448 bytes,    1264176 total
[2023-03-15T05:07:04.264+0000][69][gc,age      ] GC(182) - age  12:        224 bytes,    1264400 total
[2023-03-15T05:07:04.264+0000][69][gc,age      ] GC(182) - age  13:       1264 bytes,    1265664 total
[2023-03-15T05:07:04.265+0000][69][gc,age      ] GC(182) - age  14:        584 bytes,    1266248 total
[2023-03-15T05:07:04.266+0000][69][gc,age      ] GC(182) - age  15:        552 bytes,    1266800 total
[2023-03-15T05:07:04.266+0000][69][gc,heap     ] GC(182) Eden regions: 24->0(24)
[2023-03-15T05:07:04.267+0000][69][gc,heap     ] GC(182) Survivor regions: 1->1(4)
[2023-03-15T05:07:04.268+0000][69][gc,heap     ] GC(182) Old regions: 24->24
[2023-03-15T05:07:04.268+0000][69][gc,heap     ] GC(182) Archive regions: 2->2
[2023-03-15T05:07:04.269+0000][69][gc,heap     ] GC(182) Humongous regions: 2->2
[2023-03-15T05:07:04.269+0000][69][gc,metaspace] GC(182) Metaspace: 137457K(140928K)->137457K(140928K) NonClass: 119985K(121216K)->119985K(121216K) Class: 17471K(19712K)->17471K(19712K)
[2023-03-15T05:07:04.270+0000][69][gc          ] GC(182) Pause Young (Concurrent Start) (G1 Evacuation Pause) 204M->108M(256M) 29.064ms
[2023-03-15T05:07:04.270+0000][69][gc          ] GC(183) Concurrent Mark Cycle
[2023-03-15T05:07:04.271+0000][69][gc,marking  ] GC(183) Concurrent Clear Claimed Marks
[2023-03-15T05:07:04.272+0000][69][gc,marking  ] GC(183) Concurrent Clear Claimed Marks 0.772ms
[2023-03-15T05:07:04.272+0000][69][gc,marking  ] GC(183) Concurrent Scan Root Regions
[2023-03-15T05:07:04.270+0000][69][gc,cpu      ] GC(182) User=0.02s Sys=0.01s Real=0.03s
[2023-03-15T05:07:04.273+0000][69][safepoint   ] Safepoint "G1CollectForAllocation", Time since last: 2605442982 ns, Reaching safepoint: 191593 ns, At safepoint: 32811327 ns, Total: 33002920 ns
[2023-03-15T05:07:04.275+0000][69][gc,marking  ] GC(183) Concurrent Scan Root Regions 2.806ms
[2023-03-15T05:07:04.275+0000][69][gc,marking  ] GC(183) Concurrent Mark
[2023-03-15T05:07:04.276+0000][69][gc,marking  ] GC(183) Concurrent Mark From Roots
[2023-03-15T05:07:04.277+0000][69][gc,task     ] GC(183) Using 1 workers of 1 for marking
[2023-03-15T05:07:04.394+0000][69][gc,marking  ] GC(183) Concurrent Mark From Roots 117.738ms
[2023-03-15T05:07:04.395+0000][69][gc,marking  ] GC(183) Concurrent Preclean
[2023-03-15T05:07:04.396+0000][69][gc,marking  ] GC(183) Concurrent Preclean 0.991ms
[2023-03-15T05:07:04.396+0000][69][gc,start    ] GC(183) Pause Remark
[2023-03-15T05:07:04.407+0000][69][gc          ] GC(183) Pause Remark 111M->111M(256M) 10.641ms
[2023-03-15T05:07:04.408+0000][69][gc,cpu      ] GC(183) User=0.02s Sys=0.00s Real=0.02s
[2023-03-15T05:07:04.408+0000][69][safepoint   ] Safepoint "G1PauseRemark", Time since last: 123021610 ns, Reaching safepoint: 104058 ns, At safepoint: 11796068 ns, Total: 11900126 ns
[2023-03-15T05:07:04.409+0000][69][gc,marking  ] GC(183) Concurrent Mark 133.386ms
[2023-03-15T05:07:04.409+0000][69][gc,marking  ] GC(183) Concurrent Rebuild Remembered Sets
[2023-03-15T05:07:04.465+0000][69][gc,marking  ] GC(183) Concurrent Rebuild Remembered Sets 55.418ms
[2023-03-15T05:07:04.466+0000][69][gc,start    ] GC(183) Pause Cleanup
[2023-03-15T05:07:04.466+0000][69][gc          ] GC(183) Pause Cleanup 111M->111M(256M) 0.660ms
[2023-03-15T05:07:04.467+0000][69][gc,cpu      ] GC(183) User=0.00s Sys=0.00s Real=0.01s
[2023-03-15T05:07:04.468+0000][69][safepoint   ] Safepoint "G1PauseCleanup", Time since last: 57320770 ns, Reaching safepoint: 118463 ns, At safepoint: 1826220 ns, Total: 1944683 ns
[2023-03-15T05:07:04.469+0000][69][gc,marking  ] GC(183) Concurrent Cleanup for Next Mark
[2023-03-15T05:07:04.470+0000][69][gc,marking  ] GC(183) Concurrent Cleanup for Next Mark 0.999ms
[2023-03-15T05:07:04.470+0000][69][gc          ] GC(183) Concurrent Mark Cycle 199.878ms
[2023-03-15T05:07:06.475+0000][69][safepoint   ] Safepoint "Cleanup", Time since last: 2006482683 ns, Reaching safepoint: 762286 ns, At safepoint: 51510 ns, Total: 813796 ns
[2023-03-15T05:07:11.486+0000][69][safepoint   ] Safepoint "Cleanup", Time since last: 5010634934 ns, Reaching safepoint: 838175 ns, At safepoint: 80506 ns, Total: 918681 ns
[2023-03-15T05:07:15.479+0000][69][safepoint   ] Safepoint "Cleanup", Time since last: 4013487363 ns, Reaching safepoint: 514112 ns, At safepoint: 15419 ns, Total: 529531 ns
[2023-03-15T05:07:30.509+0000][69][safepoint   ] Safepoint "Cleanup", Time since last: 15030219885 ns, Reaching safepoint: 422255 ns, At safepoint: 12782 ns, Total: 435037 ns
[2023-03-15T05:07:31.516+0000][69][safepoint   ] Safepoint "Cleanup", Time since last: 1006364210 ns, Reaching safepoint: 497100 ns, At safepoint: 21666 ns, Total: 518766 ns
[2023-03-15T05:07:32.087+0000][69][gc,start    ] GC(184) Pause Young (Normal) (G1 Evacuation Pause)
[2023-03-15T05:07:32.088+0000][69][gc,task     ] GC(184) Using 4 workers of 4 for evacuation
[2023-03-15T05:07:32.088+0000][69][gc,age      ] GC(184) Desired survivor size 8388608 bytes, new threshold 15 (max threshold 15)
[2023-03-15T05:07:32.092+0000][69][gc,phases   ] GC(184)   Pre Evacuate Collection Set: 0.2ms
[2023-03-15T05:07:32.092+0000][69][gc,phases   ] GC(184)   Merge Heap Roots: 0.2ms
[2023-03-15T05:07:32.093+0000][69][gc,phases   ] GC(184)   Evacuate Collection Set: 1.9ms
[2023-03-15T05:07:32.093+0000][69][gc,phases   ] GC(184)   Post Evacuate Collection Set: 0.8ms
[2023-03-15T05:07:32.094+0000][69][gc,phases   ] GC(184)   Other: 1.0ms
[2023-03-15T05:07:32.094+0000][69][gc,age      ] GC(184) Age table with threshold 15 (max threshold 15)
[2023-03-15T05:07:32.094+0000][69][gc,age      ] GC(184) - age   1:    1070136 bytes,    1070136 total
[2023-03-15T05:07:32.095+0000][69][gc,age      ] GC(184) - age   2:     131504 bytes,    1201640 total
[2023-03-15T05:07:32.095+0000][69][gc,age      ] GC(184) - age   3:         64 bytes,    1201704 total
[2023-03-15T05:07:32.096+0000][69][gc,age      ] GC(184) - age   4:       1096 bytes,    1202800 total
[2023-03-15T05:07:32.096+0000][69][gc,age      ] GC(184) - age   5:       3664 bytes,    1206464 total
[2023-03-15T05:07:32.096+0000][69][gc,age      ] GC(184) - age   6:      15792 bytes,    1222256 total
[2023-03-15T05:07:32.097+0000][69][gc,age      ] GC(184) - age   7:     284680 bytes,    1506936 total
[2023-03-15T05:07:32.097+0000][69][gc,age      ] GC(184) - age   8:       8576 bytes,    1515512 total
[2023-03-15T05:07:32.098+0000][69][gc,age      ] GC(184) - age   9:        432 bytes,    1515944 total
[2023-03-15T05:07:32.098+0000][69][gc,age      ] GC(184) - age  10:       9152 bytes,    1525096 total
[2023-03-15T05:07:32.098+0000][69][gc,age      ] GC(184) - age  11:        368 bytes,    1525464 total
[2023-03-15T05:07:32.099+0000][69][gc,age      ] GC(184) - age  12:       1424 bytes,    1526888 total
[2023-03-15T05:07:32.099+0000][69][gc,age      ] GC(184) - age  13:        224 bytes,    1527112 total
[2023-03-15T05:07:32.100+0000][69][gc,age      ] GC(184) - age  14:       1264 bytes,    1528376 total
[2023-03-15T05:07:32.100+0000][69][gc,age      ] GC(184) - age  15:        584 bytes,    1528960 total
[2023-03-15T05:07:32.101+0000][69][gc,heap     ] GC(184) Eden regions: 24->0(24)
[2023-03-15T05:07:32.101+0000][69][gc,heap     ] GC(184) Survivor regions: 1->1(4)
[2023-03-15T05:07:32.101+0000][69][gc,heap     ] GC(184) Old regions: 24->24
[2023-03-15T05:07:32.102+0000][69][gc,heap     ] GC(184) Archive regions: 2->2
[2023-03-15T05:07:32.102+0000][69][gc,heap     ] GC(184) Humongous regions: 2->2
[2023-03-15T05:07:32.103+0000][69][gc,metaspace] GC(184) Metaspace: 137459K(140928K)->137459K(140928K) NonClass: 119987K(121216K)->119987K(121216K) Class: 17471K(19712K)->17471K(19712K)
[2023-03-15T05:07:32.104+0000][69][gc          ] GC(184) Pause Young (Normal) (G1 Evacuation Pause) 204M->108M(256M) 16.441ms
[2023-03-15T05:07:32.104+0000][69][gc,cpu      ] GC(184) User=0.01s Sys=0.00s Real=0.01s
[2023-03-15T05:07:32.104+0000][69][safepoint   ] Safepoint "G1CollectForAllocation", Time since last: 570693981 ns, Reaching safepoint: 113759 ns, At safepoint: 17320087 ns, Total: 17433846 ns
[2023-03-15T05:07:38.119+0000][69][safepoint   ] Safepoint "Cleanup", Time since last: 6013734518 ns, Reaching safepoint: 768596 ns, At safepoint: 18979 ns, Total: 787575 ns
[2023-03-15T05:07:44.137+0000][69][safepoint   ] Safepoint "Cleanup", Time since last: 6018329907 ns, Reaching safepoint: 253013 ns, At safepoint: 7480 ns, Total: 260493 ns
[2023-03-15T05:07:53.135+0000][69][safepoint   ] Safepoint "Cleanup", Time since last: 9018461366 ns, Reaching safepoint: 160973 ns, At safepoint: 5203 ns, Total: 166176 ns
[2023-03-15T05:07:56.141+0000][69][safepoint   ] Safepoint "Cleanup", Time since last: 3005425967 ns, Reaching safepoint: 231778 ns, At safepoint: 11541 ns, Total: 243319 ns
[2023-03-15T05:07:59.146+0000][69][safepoint   ] Safepoint "Cleanup", Time since last: 3005139681 ns, Reaching safepoint: 245649 ns, At safepoint: 8961 ns, Total: 254610 ns
[2023-03-15T05:08:00.151+0000][69][safepoint   ] Safepoint "Cleanup", Time since last: 1003591663 ns, Reaching safepoint: 787752 ns, At safepoint: 45876 ns, Total: 833628 ns
[2023-03-15T05:08:04.462+0000][69][gc,start    ] GC(185) Pause Young (Concurrent Start) (G1 Evacuation Pause)
[2023-03-15T05:08:04.463+0000][69][gc,task     ] GC(185) Using 4 workers of 4 for evacuation
[2023-03-15T05:08:04.463+0000][69][gc,age      ] GC(185) Desired survivor size 8388608 bytes, new threshold 15 (max threshold 15)
[2023-03-15T05:08:04.468+0000][69][gc,phases   ] GC(185)   Pre Evacuate Collection Set: 0.4ms
[2023-03-15T05:08:04.469+0000][69][gc,phases   ] GC(185)   Merge Heap Roots: 0.1ms
[2023-03-15T05:08:04.469+0000][69][gc,phases   ] GC(185)   Evacuate Collection Set: 2.6ms
[2023-03-15T05:08:04.470+0000][69][gc,phases   ] GC(185)   Post Evacuate Collection Set: 0.9ms
[2023-03-15T05:08:04.470+0000][69][gc,phases   ] GC(185)   Other: 1.1ms
[2023-03-15T05:08:04.471+0000][69][gc,age      ] GC(185) Age table with threshold 15 (max threshold 15)
[2023-03-15T05:08:04.471+0000][69][gc,age      ] GC(185) - age   1:    1924808 bytes,    1924808 total
[2023-03-15T05:08:04.472+0000][69][gc,age      ] GC(185) - age   2:      31304 bytes,    1956112 total
[2023-03-15T05:08:04.472+0000][69][gc,age      ] GC(185) - age   3:     127088 bytes,    2083200 total
[2023-03-15T05:08:04.473+0000][69][gc,age      ] GC(185) - age   5:        792 bytes,    2083992 total
[2023-03-15T05:08:04.473+0000][69][gc,age      ] GC(185) - age   6:       3664 bytes,    2087656 total
[2023-03-15T05:08:04.474+0000][69][gc,age      ] GC(185) - age   7:      15512 bytes,    2103168 total
[2023-03-15T05:08:04.474+0000][69][gc,age      ] GC(185) - age   8:     284680 bytes,    2387848 total
[2023-03-15T05:08:04.475+0000][69][gc,age      ] GC(185) - age   9:       8576 bytes,    2396424 total
[2023-03-15T05:08:04.475+0000][69][gc,age      ] GC(185) - age  10:        200 bytes,    2396624 total
[2023-03-15T05:08:04.475+0000][69][gc,age      ] GC(185) - age  11:       9152 bytes,    2405776 total
[2023-03-15T05:08:04.476+0000][69][gc,age      ] GC(185) - age  12:        368 bytes,    2406144 total
[2023-03-15T05:08:04.477+0000][69][gc,age      ] GC(185) - age  13:       1424 bytes,    2407568 total
[2023-03-15T05:08:04.477+0000][69][gc,age      ] GC(185) - age  14:        224 bytes,    2407792 total
[2023-03-15T05:08:04.477+0000][69][gc,age      ] GC(185) - age  15:       1264 bytes,    2409056 total
[2023-03-15T05:08:04.478+0000][69][gc,heap     ] GC(185) Eden regions: 24->0(24)
[2023-03-15T05:08:04.478+0000][69][gc,heap     ] GC(185) Survivor regions: 1->1(4)
[2023-03-15T05:08:04.479+0000][69][gc,heap     ] GC(185) Old regions: 24->24
[2023-03-15T05:08:04.479+0000][69][gc,heap     ] GC(185) Archive regions: 2->2
[2023-03-15T05:08:04.480+0000][69][gc,heap     ] GC(185) Humongous regions: 2->2
[2023-03-15T05:08:04.481+0000][69][gc,metaspace] GC(185) Metaspace: 137471K(140928K)->137471K(140928K) NonClass: 119999K(121216K)->119999K(121216K) Class: 17472K(19712K)->17472K(19712K)
[2023-03-15T05:08:04.481+0000][69][gc          ] GC(185) Pause Young (Concurrent Start) (G1 Evacuation Pause) 204M->109M(256M) 19.192ms
[2023-03-15T05:08:04.482+0000][69][gc          ] GC(186) Concurrent Mark Cycle
[2023-03-15T05:08:04.482+0000][69][gc,marking  ] GC(186) Concurrent Clear Claimed Marks
[2023-03-15T05:08:04.482+0000][69][gc,cpu      ] GC(185) User=0.01s Sys=0.00s Real=0.02s
[2023-03-15T05:08:04.483+0000][69][gc,marking  ] GC(186) Concurrent Clear Claimed Marks 0.779ms
[2023-03-15T05:08:04.483+0000][69][safepoint   ] Safepoint "G1CollectForAllocation", Time since last: 4311056991 ns, Reaching safepoint: 327633 ns, At safepoint: 21364663 ns, Total: 21692296 ns
[2023-03-15T05:08:04.492+0000][69][gc,marking  ] GC(186) Concurrent Scan Root Regions
[2023-03-15T05:08:04.496+0000][69][gc,marking  ] GC(186) Concurrent Scan Root Regions 3.622ms
[2023-03-15T05:08:04.497+0000][69][gc,marking  ] GC(186) Concurrent Mark
[2023-03-15T05:08:04.497+0000][69][gc,marking  ] GC(186) Concurrent Mark From Roots
[2023-03-15T05:08:04.498+0000][69][gc,task     ] GC(186) Using 1 workers of 1 for marking
[2023-03-15T05:08:04.625+0000][69][gc,marking  ] GC(186) Concurrent Mark From Roots 127.801ms
[2023-03-15T05:08:04.626+0000][69][gc,marking  ] GC(186) Concurrent Preclean
[2023-03-15T05:08:04.628+0000][69][gc,marking  ] GC(186) Concurrent Preclean 1.749ms
[2023-03-15T05:08:04.629+0000][69][gc,start    ] GC(186) Pause Remark
[2023-03-15T05:08:04.641+0000][69][gc          ] GC(186) Pause Remark 118M->118M(256M) 12.318ms
[2023-03-15T05:08:04.642+0000][69][gc,cpu      ] GC(186) User=0.03s Sys=0.00s Real=0.01s
[2023-03-15T05:08:04.642+0000][69][safepoint   ] Safepoint "G1PauseRemark", Time since last: 145191294 ns, Reaching safepoint: 145559 ns, At safepoint: 13741945 ns, Total: 13887504 ns
[2023-03-15T05:08:04.643+0000][69][gc,marking  ] GC(186) Concurrent Mark 146.252ms
[2023-03-15T05:08:04.643+0000][69][gc,marking  ] GC(186) Concurrent Rebuild Remembered Sets
[2023-03-15T05:08:04.706+0000][69][gc,marking  ] GC(186) Concurrent Rebuild Remembered Sets 62.657ms
[2023-03-15T05:08:04.707+0000][69][gc,start    ] GC(186) Pause Cleanup
[2023-03-15T05:08:04.708+0000][69][gc          ] GC(186) Pause Cleanup 119M->119M(256M) 0.484ms
[2023-03-15T05:08:04.708+0000][69][gc,cpu      ] GC(186) User=0.00s Sys=0.00s Real=0.00s
[2023-03-15T05:08:04.708+0000][69][safepoint   ] Safepoint "G1PauseCleanup", Time since last: 64492953 ns, Reaching safepoint: 98224 ns, At safepoint: 1390323 ns, Total: 1488547 ns
[2023-03-15T05:08:04.709+0000][69][gc,marking  ] GC(186) Concurrent Cleanup for Next Mark
[2023-03-15T05:08:04.710+0000][69][gc,marking  ] GC(186) Concurrent Cleanup for Next Mark 0.584ms
[2023-03-15T05:08:04.710+0000][69][gc          ] GC(186) Concurrent Mark Cycle 228.194ms
[2023-03-15T05:08:05.709+0000][69][safepoint   ] Safepoint "Cleanup", Time since last: 1000623587 ns, Reaching safepoint: 120687 ns, At safepoint: 4051 ns, Total: 124738 ns
[2023-03-15T05:08:16.705+0000][69][safepoint   ] Safepoint "Cleanup", Time since last: 11016764832 ns, Reaching safepoint: 618288 ns, At safepoint: 14700 ns, Total: 632988 ns
[2023-03-15T05:08:22.717+0000][69][safepoint   ] Safepoint "Cleanup", Time since last: 6011405308 ns, Reaching safepoint: 613047 ns, At safepoint: 16911 ns, Total: 629958 ns
[2023-03-15T05:08:24.721+0000][69][safepoint   ] Safepoint "Cleanup", Time since last: 2004262394 ns, Reaching safepoint: 429408 ns, At safepoint: 12672 ns, Total: 442080 ns
[2023-03-15T05:08:26.050+0000][69][gc,start    ] GC(187) Pause Young (Normal) (G1 Evacuation Pause)
[2023-03-15T05:08:26.051+0000][69][gc,task     ] GC(187) Using 4 workers of 4 for evacuation
[2023-03-15T05:08:26.052+0000][69][gc,age      ] GC(187) Desired survivor size 8388608 bytes, new threshold 15 (max threshold 15)
[2023-03-15T05:08:26.055+0000][69][gc,phases   ] GC(187)   Pre Evacuate Collection Set: 0.1ms
[2023-03-15T05:08:26.055+0000][69][gc,phases   ] GC(187)   Merge Heap Roots: 0.1ms
[2023-03-15T05:08:26.056+0000][69][gc,phases   ] GC(187)   Evacuate Collection Set: 1.3ms
[2023-03-15T05:08:26.056+0000][69][gc,phases   ] GC(187)   Post Evacuate Collection Set: 0.8ms
[2023-03-15T05:08:26.057+0000][69][gc,phases   ] GC(187)   Other: 1.5ms
[2023-03-15T05:08:26.057+0000][69][gc,age      ] GC(187) Age table with threshold 15 (max threshold 15)
[2023-03-15T05:08:26.058+0000][69][gc,age      ] GC(187) - age   1:     955184 bytes,     955184 total
[2023-03-15T05:08:26.058+0000][69][gc,age      ] GC(187) - age   2:      53576 bytes,    1008760 total
[2023-03-15T05:08:26.059+0000][69][gc,age      ] GC(187) - age   3:        928 bytes,    1009688 total
[2023-03-15T05:08:26.059+0000][69][gc,age      ] GC(187) - age   4:       1568 bytes,    1011256 total
[2023-03-15T05:08:26.060+0000][69][gc,age      ] GC(187) - age   6:        792 bytes,    1012048 total
[2023-03-15T05:08:26.060+0000][69][gc,age      ] GC(187) - age   7:       3664 bytes,    1015712 total
[2023-03-15T05:08:26.061+0000][69][gc,age      ] GC(187) - age   8:        944 bytes,    1016656 total
[2023-03-15T05:08:26.061+0000][69][gc,age      ] GC(187) - age   9:     187272 bytes,    1203928 total
[2023-03-15T05:08:26.062+0000][69][gc,age      ] GC(187) - age  10:       8576 bytes,    1212504 total
[2023-03-15T05:08:26.062+0000][69][gc,age      ] GC(187) - age  11:        200 bytes,    1212704 total
[2023-03-15T05:08:26.063+0000][69][gc,age      ] GC(187) - age  12:       9152 bytes,    1221856 total
[2023-03-15T05:08:26.063+0000][69][gc,age      ] GC(187) - age  13:        368 bytes,    1222224 total
[2023-03-15T05:08:26.064+0000][69][gc,age      ] GC(187) - age  14:       1424 bytes,    1223648 total
[2023-03-15T05:08:26.064+0000][69][gc,age      ] GC(187) - age  15:        224 bytes,    1223872 total
[2023-03-15T05:08:26.065+0000][69][gc,heap     ] GC(187) Eden regions: 24->0(24)
[2023-03-15T05:08:26.065+0000][69][gc,heap     ] GC(187) Survivor regions: 1->1(4)
[2023-03-15T05:08:26.066+0000][69][gc,heap     ] GC(187) Old regions: 24->24
[2023-03-15T05:08:26.066+0000][69][gc,heap     ] GC(187) Archive regions: 2->2
[2023-03-15T05:08:26.067+0000][69][gc,heap     ] GC(187) Humongous regions: 2->2
[2023-03-15T05:08:26.067+0000][69][gc,metaspace] GC(187) Metaspace: 137481K(140928K)->137481K(140928K) NonClass: 120008K(121216K)->120008K(121216K) Class: 17472K(19712K)->17472K(19712K)
[2023-03-15T05:08:26.068+0000][69][gc          ] GC(187) Pause Young (Normal) (G1 Evacuation Pause) 205M->108M(256M) 17.398ms
[2023-03-15T05:08:26.068+0000][69][gc,cpu      ] GC(187) User=0.01s Sys=0.01s Real=0.02s
[2023-03-15T05:08:26.069+0000][69][safepoint   ] Safepoint "G1CollectForAllocation", Time since last: 1328929693 ns, Reaching safepoint: 123400 ns, At safepoint: 18429674 ns, Total: 18553074 ns
[2023-03-15T05:08:36.089+0000][69][safepoint   ] Safepoint "Cleanup", Time since last: 10020136357 ns, Reaching safepoint: 454841 ns, At safepoint: 16810 ns, Total: 471651 ns
[2023-03-15T05:08:37.094+0000][69][safepoint   ] Safepoint "Cleanup", Time since last: 1003138203 ns, Reaching safepoint: 815156 ns, At safepoint: 72637 ns, Total: 887793 ns
[2023-03-15T05:08:58.446+0000][69][gc,start    ] GC(188) Pause Young (Concurrent Start) (G1 Evacuation Pause)
[2023-03-15T05:08:58.446+0000][69][gc,task     ] GC(188) Using 4 workers of 4 for evacuation
[2023-03-15T05:08:58.447+0000][69][gc,age      ] GC(188) Desired survivor size 8388608 bytes, new threshold 15 (max threshold 15)
[2023-03-15T05:08:58.450+0000][69][gc,phases   ] GC(188)   Pre Evacuate Collection Set: 0.3ms
[2023-03-15T05:08:58.451+0000][69][gc,phases   ] GC(188)   Merge Heap Roots: 0.1ms
[2023-03-15T05:08:58.451+0000][69][gc,phases   ] GC(188)   Evacuate Collection Set: 1.8ms
[2023-03-15T05:08:58.452+0000][69][gc,phases   ] GC(188)   Post Evacuate Collection Set: 0.9ms
[2023-03-15T05:08:58.452+0000][69][gc,phases   ] GC(188)   Other: 1.0ms
[2023-03-15T05:08:58.453+0000][69][gc,age      ] GC(188) Age table with threshold 15 (max threshold 15)
[2023-03-15T05:08:58.453+0000][69][gc,age      ] GC(188) - age   1:    1287768 bytes,    1287768 total
[2023-03-15T05:08:58.454+0000][69][gc,age      ] GC(188) - age   2:     458880 bytes,    1746648 total
[2023-03-15T05:08:58.454+0000][69][gc,age      ] GC(188) - age   3:      35752 bytes,    1782400 total
[2023-03-15T05:08:58.455+0000][69][gc,age      ] GC(188) - age   4:        288 bytes,    1782688 total
[2023-03-15T05:08:58.455+0000][69][gc,age      ] GC(188) - age   5:       1568 bytes,    1784256 total
[2023-03-15T05:08:58.455+0000][69][gc,age      ] GC(188) - age   7:        792 bytes,    1785048 total
[2023-03-15T05:08:58.456+0000][69][gc,age      ] GC(188) - age   8:       3664 bytes,    1788712 total
[2023-03-15T05:08:58.456+0000][69][gc,age      ] GC(188) - age   9:        648 bytes,    1789360 total
[2023-03-15T05:08:58.457+0000][69][gc,age      ] GC(188) - age  10:     187208 bytes,    1976568 total
[2023-03-15T05:08:58.457+0000][69][gc,age      ] GC(188) - age  11:       8576 bytes,    1985144 total
[2023-03-15T05:08:58.458+0000][69][gc,age      ] GC(188) - age  12:        200 bytes,    1985344 total
[2023-03-15T05:08:58.458+0000][69][gc,age      ] GC(188) - age  13:       9152 bytes,    1994496 total
[2023-03-15T05:08:58.458+0000][69][gc,age      ] GC(188) - age  14:        368 bytes,    1994864 total
[2023-03-15T05:08:58.459+0000][69][gc,age      ] GC(188) - age  15:       1424 bytes,    1996288 total
[2023-03-15T05:08:58.459+0000][69][gc,heap     ] GC(188) Eden regions: 24->0(24)
[2023-03-15T05:08:58.460+0000][69][gc,heap     ] GC(188) Survivor regions: 1->1(4)
[2023-03-15T05:08:58.460+0000][69][gc,heap     ] GC(188) Old regions: 24->24
[2023-03-15T05:08:58.460+0000][69][gc,heap     ] GC(188) Archive regions: 2->2
[2023-03-15T05:08:58.461+0000][69][gc,heap     ] GC(188) Humongous regions: 2->2
[2023-03-15T05:08:58.461+0000][69][gc,metaspace] GC(188) Metaspace: 137489K(140928K)->137489K(140928K) NonClass: 120017K(121216K)->120017K(121216K) Class: 17472K(19712K)->17472K(19712K)
[2023-03-15T05:08:58.462+0000][69][gc          ] GC(188) Pause Young (Concurrent Start) (G1 Evacuation Pause) 204M->108M(256M) 16.445ms
[2023-03-15T05:08:58.463+0000][69][gc          ] GC(189) Concurrent Mark Cycle
[2023-03-15T05:08:58.463+0000][69][gc,marking  ] GC(189) Concurrent Clear Claimed Marks
[2023-03-15T05:08:58.463+0000][69][gc,cpu      ] GC(188) User=0.01s Sys=0.00s Real=0.01s
[2023-03-15T05:08:58.463+0000][69][gc,marking  ] GC(189) Concurrent Clear Claimed Marks 0.607ms
[2023-03-15T05:08:58.464+0000][69][gc,marking  ] GC(189) Concurrent Scan Root Regions
[2023-03-15T05:08:58.464+0000][69][safepoint   ] Safepoint "G1CollectForAllocation", Time since last: 21369475529 ns, Reaching safepoint: 154710 ns, At safepoint: 18224995 ns, Total: 18379705 ns
[2023-03-15T05:08:58.469+0000][69][gc,marking  ] GC(189) Concurrent Scan Root Regions 4.688ms
[2023-03-15T05:08:58.469+0000][69][gc,marking  ] GC(189) Concurrent Mark
[2023-03-15T05:08:58.473+0000][69][gc,marking  ] GC(189) Concurrent Mark From Roots
[2023-03-15T05:08:58.473+0000][69][gc,task     ] GC(189) Using 1 workers of 1 for marking
[2023-03-15T05:08:58.577+0000][69][gc,marking  ] GC(189) Concurrent Mark From Roots 104.388ms
[2023-03-15T05:08:58.590+0000][69][gc,marking  ] GC(189) Concurrent Preclean
[2023-03-15T05:08:58.597+0000][69][gc,marking  ] GC(189) Concurrent Preclean 7.190ms
[2023-03-15T05:08:58.598+0000][69][gc,start    ] GC(189) Pause Remark
[2023-03-15T05:08:58.614+0000][69][gc          ] GC(189) Pause Remark 112M->112M(256M) 15.672ms
[2023-03-15T05:08:58.615+0000][69][gc,cpu      ] GC(189) User=0.03s Sys=0.00s Real=0.02s
[2023-03-15T05:08:58.617+0000][69][safepoint   ] Safepoint "G1PauseRemark", Time since last: 134216875 ns, Reaching safepoint: 341303 ns, At safepoint: 18572654 ns, Total: 18913957 ns
[2023-03-15T05:08:58.618+0000][69][gc,marking  ] GC(189) Concurrent Mark 148.686ms
[2023-03-15T05:08:58.619+0000][69][gc,marking  ] GC(189) Concurrent Rebuild Remembered Sets
[2023-03-15T05:08:58.674+0000][69][gc,marking  ] GC(189) Concurrent Rebuild Remembered Sets 55.198ms
[2023-03-15T05:08:58.676+0000][69][gc,start    ] GC(189) Pause Cleanup
[2023-03-15T05:08:58.676+0000][69][gc          ] GC(189) Pause Cleanup 112M->112M(256M) 0.977ms
[2023-03-15T05:08:58.677+0000][69][gc,cpu      ] GC(189) User=0.00s Sys=0.00s Real=0.00s
[2023-03-15T05:08:58.678+0000][69][safepoint   ] Safepoint "G1PauseCleanup", Time since last: 58445977 ns, Reaching safepoint: 146291 ns, At safepoint: 2552943 ns, Total: 2699234 ns
[2023-03-15T05:08:58.679+0000][69][gc,marking  ] GC(189) Concurrent Cleanup for Next Mark
[2023-03-15T05:08:58.680+0000][69][gc,marking  ] GC(189) Concurrent Cleanup for Next Mark 0.940ms
[2023-03-15T05:08:58.680+0000][69][gc          ] GC(189) Concurrent Mark Cycle 217.676ms
[2023-03-15T05:09:00.683+0000][69][safepoint   ] Safepoint "Cleanup", Time since last: 2004850663 ns, Reaching safepoint: 374318 ns, At safepoint: 14499 ns, Total: 388817 ns
[2023-03-15T05:09:04.690+0000][69][safepoint   ] Safepoint "Cleanup", Time since last: 4006042610 ns, Reaching safepoint: 341194 ns, At safepoint: 12472 ns, Total: 353666 ns
[2023-03-15T05:09:05.694+0000][69][safepoint   ] Safepoint "Cleanup", Time since last: 1003664447 ns, Reaching safepoint: 314061 ns, At safepoint: 9420 ns, Total: 323481 ns
[2023-03-15T05:09:10.704+0000][69][safepoint   ] Safepoint "Cleanup", Time since last: 5010157863 ns, Reaching safepoint: 562594 ns, At safepoint: 61758 ns, Total: 624352 ns
[2023-03-15T05:09:22.760+0000][69][gc,start    ] GC(190) Pause Young (Normal) (G1 Evacuation Pause)
[2023-03-15T05:09:22.761+0000][69][gc,task     ] GC(190) Using 4 workers of 4 for evacuation
[2023-03-15T05:09:22.762+0000][69][gc,age      ] GC(190) Desired survivor size 8388608 bytes, new threshold 15 (max threshold 15)
[2023-03-15T05:09:22.766+0000][69][gc,phases   ] GC(190)   Pre Evacuate Collection Set: 0.1ms
[2023-03-15T05:09:22.766+0000][69][gc,phases   ] GC(190)   Merge Heap Roots: 0.2ms
[2023-03-15T05:09:22.767+0000][69][gc,phases   ] GC(190)   Evacuate Collection Set: 2.5ms
[2023-03-15T05:09:22.767+0000][69][gc,phases   ] GC(190)   Post Evacuate Collection Set: 0.8ms
[2023-03-15T05:09:22.768+0000][69][gc,phases   ] GC(190)   Other: 1.2ms
[2023-03-15T05:09:22.769+0000][69][gc,age      ] GC(190) Age table with threshold 15 (max threshold 15)
[2023-03-15T05:09:22.769+0000][69][gc,age      ] GC(190) - age   1:    1983904 bytes,    1983904 total
[2023-03-15T05:09:22.769+0000][69][gc,age      ] GC(190) - age   2:     135128 bytes,    2119032 total
[2023-03-15T05:09:22.770+0000][69][gc,age      ] GC(190) - age   3:     179072 bytes,    2298104 total
[2023-03-15T05:09:22.770+0000][69][gc,age      ] GC(190) - age   4:      35496 bytes,    2333600 total
[2023-03-15T05:09:22.771+0000][69][gc,age      ] GC(190) - age   5:        288 bytes,    2333888 total
[2023-03-15T05:09:22.771+0000][69][gc,age      ] GC(190) - age   6:       1440 bytes,    2335328 total
[2023-03-15T05:09:22.772+0000][69][gc,age      ] GC(190) - age   8:        792 bytes,    2336120 total
[2023-03-15T05:09:22.772+0000][69][gc,age      ] GC(190) - age   9:       3664 bytes,    2339784 total
[2023-03-15T05:09:22.772+0000][69][gc,age      ] GC(190) - age  10:        648 bytes,    2340432 total
[2023-03-15T05:09:22.773+0000][69][gc,age      ] GC(190) - age  11:     187104 bytes,    2527536 total
[2023-03-15T05:09:22.773+0000][69][gc,age      ] GC(190) - age  12:        144 bytes,    2527680 total
[2023-03-15T05:09:22.774+0000][69][gc,age      ] GC(190) - age  13:        200 bytes,    2527880 total
[2023-03-15T05:09:22.774+0000][69][gc,age      ] GC(190) - age  14:       9152 bytes,    2537032 total
[2023-03-15T05:09:22.774+0000][69][gc,age      ] GC(190) - age  15:        368 bytes,    2537400 total
[2023-03-15T05:09:22.775+0000][69][gc,heap     ] GC(190) Eden regions: 24->0(23)
[2023-03-15T05:09:22.775+0000][69][gc,heap     ] GC(190) Survivor regions: 1->1(4)
[2023-03-15T05:09:22.776+0000][69][gc,heap     ] GC(190) Old regions: 24->24
[2023-03-15T05:09:22.776+0000][69][gc,heap     ] GC(190) Archive regions: 2->2
[2023-03-15T05:09:22.777+0000][69][gc,heap     ] GC(190) Humongous regions: 2->2
[2023-03-15T05:09:22.777+0000][69][gc,metaspace] GC(190) Metaspace: 137502K(140928K)->137502K(140928K) NonClass: 120029K(121216K)->120029K(121216K) Class: 17472K(19712K)->17472K(19712K)
[2023-03-15T05:09:22.777+0000][69][gc          ] GC(190) Pause Young (Normal) (G1 Evacuation Pause) 204M->109M(256M) 17.183ms
[2023-03-15T05:09:22.778+0000][69][gc,cpu      ] GC(190) User=0.01s Sys=0.00s Real=0.01s
[2023-03-15T05:09:22.778+0000][69][safepoint   ] Safepoint "G1CollectForAllocation", Time since last: 12071153409 ns, Reaching safepoint: 157397 ns, At safepoint: 18217384 ns, Total: 18374781 ns
[2023-03-15T05:09:34.801+0000][69][safepoint   ] Safepoint "Cleanup", Time since last: 12021888577 ns, Reaching safepoint: 550663 ns, At safepoint: 17903 ns, Total: 568566 ns
[2023-03-15T05:09:37.806+0000][69][safepoint   ] Safepoint "Cleanup", Time since last: 3003999417 ns, Reaching safepoint: 526449 ns, At safepoint: 30464 ns, Total: 556913 ns
[2023-03-15T05:09:52.189+0000][69][gc,start    ] GC(191) Pause Young (Concurrent Start) (G1 Evacuation Pause)
[2023-03-15T05:09:52.192+0000][69][gc,task     ] GC(191) Using 4 workers of 4 for evacuation
[2023-03-15T05:09:52.193+0000][69][gc,age      ] GC(191) Desired survivor size 6291456 bytes, new threshold 15 (max threshold 15)
[2023-03-15T05:09:52.202+0000][69][gc,phases   ] GC(191)   Pre Evacuate Collection Set: 0.9ms
[2023-03-15T05:09:52.204+0000][69][gc,phases   ] GC(191)   Merge Heap Roots: 0.6ms
[2023-03-15T05:09:52.205+0000][69][gc,phases   ] GC(191)   Evacuate Collection Set: 4.4ms
[2023-03-15T05:09:52.206+0000][69][gc,phases   ] GC(191)   Post Evacuate Collection Set: 1.7ms
[2023-03-15T05:09:52.207+0000][69][gc,phases   ] GC(191)   Other: 3.3ms
[2023-03-15T05:09:52.207+0000][69][gc,age      ] GC(191) Age table with threshold 15 (max threshold 15)
[2023-03-15T05:09:52.208+0000][69][gc,age      ] GC(191) - age   1:     778184 bytes,     778184 total
[2023-03-15T05:09:52.209+0000][69][gc,age      ] GC(191) - age   2:     324208 bytes,    1102392 total
[2023-03-15T05:09:52.211+0000][69][gc,age      ] GC(191) - age   3:       3712 bytes,    1106104 total
[2023-03-15T05:09:52.212+0000][69][gc,age      ] GC(191) - age   4:     178816 bytes,    1284920 total
[2023-03-15T05:09:52.213+0000][69][gc,age      ] GC(191) - age   5:      35432 bytes,    1320352 total
[2023-03-15T05:09:52.214+0000][69][gc,age      ] GC(191) - age   6:        224 bytes,    1320576 total
[2023-03-15T05:09:52.215+0000][69][gc,age      ] GC(191) - age   7:       1440 bytes,    1322016 total
[2023-03-15T05:09:52.216+0000][69][gc,age      ] GC(191) - age   9:        792 bytes,    1322808 total
[2023-03-15T05:09:52.217+0000][69][gc,age      ] GC(191) - age  10:       3664 bytes,    1326472 total
[2023-03-15T05:09:52.217+0000][69][gc,age      ] GC(191) - age  11:        648 bytes,    1327120 total
[2023-03-15T05:09:52.218+0000][69][gc,age      ] GC(191) - age  12:     187104 bytes,    1514224 total
[2023-03-15T05:09:52.219+0000][69][gc,age      ] GC(191) - age  13:        144 bytes,    1514368 total
[2023-03-15T05:09:52.219+0000][69][gc,age      ] GC(191) - age  14:        200 bytes,    1514568 total
[2023-03-15T05:09:52.220+0000][69][gc,age      ] GC(191) - age  15:       9152 bytes,    1523720 total
[2023-03-15T05:09:52.221+0000][69][gc,heap     ] GC(191) Eden regions: 23->0(24)
[2023-03-15T05:09:52.221+0000][69][gc,heap     ] GC(191) Survivor regions: 1->1(3)
[2023-03-15T05:09:52.222+0000][69][gc,heap     ] GC(191) Old regions: 24->24
[2023-03-15T05:09:52.223+0000][69][gc,heap     ] GC(191) Archive regions: 2->2
[2023-03-15T05:09:52.223+0000][69][gc,heap     ] GC(191) Humongous regions: 2->2
[2023-03-15T05:09:52.224+0000][69][gc,metaspace] GC(191) Metaspace: 137517K(140928K)->137517K(140928K) NonClass: 120044K(121216K)->120044K(121216K) Class: 17473K(19712K)->17473K(19712K)
[2023-03-15T05:09:52.224+0000][69][gc          ] GC(191) Pause Young (Concurrent Start) (G1 Evacuation Pause) 201M->108M(256M) 35.601ms
[2023-03-15T05:09:52.226+0000][69][gc,cpu      ] GC(191) User=0.02s Sys=0.01s Real=0.03s
[2023-03-15T05:09:52.226+0000][69][gc          ] GC(192) Concurrent Mark Cycle
[2023-03-15T05:09:52.227+0000][69][gc,marking  ] GC(192) Concurrent Clear Claimed Marks
[2023-03-15T05:09:52.226+0000][69][safepoint   ] Safepoint "G1CollectForAllocation", Time since last: 14403958643 ns, Reaching safepoint: 353150 ns, At safepoint: 37456680 ns, Total: 37809830 ns
[2023-03-15T05:09:52.228+0000][69][gc,marking  ] GC(192) Concurrent Clear Claimed Marks 1.491ms
[2023-03-15T05:09:52.230+0000][69][gc,marking  ] GC(192) Concurrent Scan Root Regions
[2023-03-15T05:09:52.233+0000][69][gc,marking  ] GC(192) Concurrent Scan Root Regions 3.400ms
[2023-03-15T05:09:52.234+0000][69][gc,marking  ] GC(192) Concurrent Mark
[2023-03-15T05:09:52.234+0000][69][gc,marking  ] GC(192) Concurrent Mark From Roots
[2023-03-15T05:09:52.235+0000][69][gc,task     ] GC(192) Using 1 workers of 1 for marking
[2023-03-15T05:09:52.391+0000][69][gc,marking  ] GC(192) Concurrent Mark From Roots 156.338ms
[2023-03-15T05:09:52.391+0000][69][gc,marking  ] GC(192) Concurrent Preclean
[2023-03-15T05:09:52.392+0000][69][gc,marking  ] GC(192) Concurrent Preclean 1.209ms
[2023-03-15T05:09:52.394+0000][69][gc,start    ] GC(192) Pause Remark
[2023-03-15T05:09:52.403+0000][69][gc          ] GC(192) Pause Remark 113M->113M(256M) 9.360ms
[2023-03-15T05:09:52.404+0000][69][gc,cpu      ] GC(192) User=0.03s Sys=0.00s Real=0.01s
[2023-03-15T05:09:52.404+0000][69][safepoint   ] Safepoint "G1PauseRemark", Time since last: 167205577 ns, Reaching safepoint: 124039 ns, At safepoint: 10941928 ns, Total: 11065967 ns
[2023-03-15T05:09:52.405+0000][69][gc,marking  ] GC(192) Concurrent Mark 171.464ms
[2023-03-15T05:09:52.406+0000][69][gc,marking  ] GC(192) Concurrent Rebuild Remembered Sets
[2023-03-15T05:09:52.470+0000][69][gc,marking  ] GC(192) Concurrent Rebuild Remembered Sets 64.618ms
[2023-03-15T05:09:52.471+0000][69][gc,start    ] GC(192) Pause Cleanup
[2023-03-15T05:09:52.472+0000][69][gc          ] GC(192) Pause Cleanup 116M->116M(256M) 0.612ms
[2023-03-15T05:09:52.473+0000][69][gc,cpu      ] GC(192) User=0.00s Sys=0.00s Real=0.00s
[2023-03-15T05:09:52.473+0000][69][safepoint   ] Safepoint "G1PauseCleanup", Time since last: 66753380 ns, Reaching safepoint: 218207 ns, At safepoint: 1954037 ns, Total: 2172244 ns
[2023-03-15T05:09:52.474+0000][69][gc,marking  ] GC(192) Concurrent Cleanup for Next Mark
[2023-03-15T05:09:52.476+0000][69][gc,marking  ] GC(192) Concurrent Cleanup for Next Mark 1.389ms
[2023-03-15T05:09:52.476+0000][69][gc          ] GC(192) Concurrent Mark Cycle 250.895ms
[2023-03-15T05:09:56.483+0000][69][safepoint   ] Safepoint "Cleanup", Time since last: 4009191333 ns, Reaching safepoint: 403616 ns, At safepoint: 13042 ns, Total: 416658 ns
[2023-03-15T05:10:04.500+0000][69][safepoint   ] Safepoint "Cleanup", Time since last: 8017360477 ns, Reaching safepoint: 91943 ns, At safepoint: 3812 ns, Total: 95755 ns
[2023-03-15T05:10:06.506+0000][69][safepoint   ] Safepoint "Cleanup", Time since last: 2004560855 ns, Reaching safepoint: 642390 ns, At safepoint: 19028 ns, Total: 661418 ns
[2023-03-15T05:10:22.448+0000][69][gc,start    ] GC(193) Pause Young (Normal) (G1 Evacuation Pause)
[2023-03-15T05:10:22.449+0000][69][gc,task     ] GC(193) Using 4 workers of 4 for evacuation
[2023-03-15T05:10:22.450+0000][69][gc,age      ] GC(193) Desired survivor size 8388608 bytes, new threshold 15 (max threshold 15)
[2023-03-15T05:10:22.453+0000][69][gc,phases   ] GC(193)   Pre Evacuate Collection Set: 0.1ms
[2023-03-15T05:10:22.454+0000][69][gc,phases   ] GC(193)   Merge Heap Roots: 0.1ms
[2023-03-15T05:10:22.455+0000][69][gc,phases   ] GC(193)   Evacuate Collection Set: 2.0ms
[2023-03-15T05:10:22.455+0000][69][gc,phases   ] GC(193)   Post Evacuate Collection Set: 0.8ms
[2023-03-15T05:10:22.456+0000][69][gc,phases   ] GC(193)   Other: 1.3ms
[2023-03-15T05:10:22.456+0000][69][gc,age      ] GC(193) Age table with threshold 15 (max threshold 15)
[2023-03-15T05:10:22.457+0000][69][gc,age      ] GC(193) - age   1:    1379776 bytes,    1379776 total
[2023-03-15T05:10:22.458+0000][69][gc,age      ] GC(193) - age   2:     148312 bytes,    1528088 total
[2023-03-15T05:10:22.458+0000][69][gc,age      ] GC(193) - age   3:     323096 bytes,    1851184 total
[2023-03-15T05:10:22.459+0000][69][gc,age      ] GC(193) - age   4:       3000 bytes,    1854184 total
[2023-03-15T05:10:22.459+0000][69][gc,age      ] GC(193) - age   5:     178688 bytes,    2032872 total
[2023-03-15T05:10:22.460+0000][69][gc,age      ] GC(193) - age   6:      34872 bytes,    2067744 total
[2023-03-15T05:10:22.460+0000][69][gc,age      ] GC(193) - age   7:        224 bytes,    2067968 total
[2023-03-15T05:10:22.461+0000][69][gc,age      ] GC(193) - age   8:       1440 bytes,    2069408 total
[2023-03-15T05:10:22.461+0000][69][gc,age      ] GC(193) - age  10:        792 bytes,    2070200 total
[2023-03-15T05:10:22.461+0000][69][gc,age      ] GC(193) - age  11:       3664 bytes,    2073864 total
[2023-03-15T05:10:22.462+0000][69][gc,age      ] GC(193) - age  12:        648 bytes,    2074512 total
[2023-03-15T05:10:22.462+0000][69][gc,age      ] GC(193) - age  13:     187104 bytes,    2261616 total
[2023-03-15T05:10:22.463+0000][69][gc,age      ] GC(193) - age  14:        144 bytes,    2261760 total
[2023-03-15T05:10:22.463+0000][69][gc,age      ] GC(193) - age  15:        200 bytes,    2261960 total
[2023-03-15T05:10:22.464+0000][69][gc,heap     ] GC(193) Eden regions: 24->0(24)
[2023-03-15T05:10:22.464+0000][69][gc,heap     ] GC(193) Survivor regions: 1->1(4)
[2023-03-15T05:10:22.465+0000][69][gc,heap     ] GC(193) Old regions: 24->24
[2023-03-15T05:10:22.466+0000][69][gc,heap     ] GC(193) Archive regions: 2->2
[2023-03-15T05:10:22.466+0000][69][gc,heap     ] GC(193) Humongous regions: 2->2
[2023-03-15T05:10:22.466+0000][69][gc,metaspace] GC(193) Metaspace: 137519K(140928K)->137519K(140928K) NonClass: 120045K(121216K)->120045K(121216K) Class: 17473K(19712K)->17473K(19712K)
[2023-03-15T05:10:22.467+0000][69][gc          ] GC(193) Pause Young (Normal) (G1 Evacuation Pause) 204M->109M(256M) 18.604ms
[2023-03-15T05:10:22.467+0000][69][gc,cpu      ] GC(193) User=0.01s Sys=0.00s Real=0.02s
[2023-03-15T05:10:22.468+0000][69][safepoint   ] Safepoint "G1CollectForAllocation", Time since last: 15963734268 ns, Reaching safepoint: 143699 ns, At safepoint: 19718144 ns, Total: 19861843 ns
[2023-03-15T05:10:30.483+0000][69][safepoint   ] Safepoint "Cleanup", Time since last: 8013999207 ns, Reaching safepoint: 731542 ns, At safepoint: 44906 ns, Total: 776448 ns
[2023-03-15T05:10:34.490+0000][69][safepoint   ] Safepoint "Cleanup", Time since last: 4007261361 ns, Reaching safepoint: 334468 ns, At safepoint: 12938 ns, Total: 347406 ns
[2023-03-15T05:10:53.849+0000][69][gc,start    ] GC(194) Pause Young (Concurrent Start) (G1 Evacuation Pause)
[2023-03-15T05:10:53.850+0000][69][gc,task     ] GC(194) Using 4 workers of 4 for evacuation
[2023-03-15T05:10:53.851+0000][69][gc,age      ] GC(194) Desired survivor size 8388608 bytes, new threshold 15 (max threshold 15)
[2023-03-15T05:10:53.857+0000][69][gc,phases   ] GC(194)   Pre Evacuate Collection Set: 0.4ms
[2023-03-15T05:10:53.858+0000][69][gc,phases   ] GC(194)   Merge Heap Roots: 0.3ms
[2023-03-15T05:10:53.859+0000][69][gc,phases   ] GC(194)   Evacuate Collection Set: 2.9ms
[2023-03-15T05:10:53.859+0000][69][gc,phases   ] GC(194)   Post Evacuate Collection Set: 1.3ms
[2023-03-15T05:10:53.860+0000][69][gc,phases   ] GC(194)   Other: 1.8ms
[2023-03-15T05:10:53.860+0000][69][gc,age      ] GC(194) Age table with threshold 15 (max threshold 15)
[2023-03-15T05:10:53.861+0000][69][gc,age      ] GC(194) - age   1:    1759312 bytes,    1759312 total
[2023-03-15T05:10:53.861+0000][69][gc,age      ] GC(194) - age   2:       2384 bytes,    1761696 total
[2023-03-15T05:10:53.862+0000][69][gc,age      ] GC(194) - age   3:     130376 bytes,    1892072 total
[2023-03-15T05:10:53.862+0000][69][gc,age      ] GC(194) - age   4:     321864 bytes,    2213936 total
[2023-03-15T05:10:53.862+0000][69][gc,age      ] GC(194) - age   5:       2744 bytes,    2216680 total
[2023-03-15T05:10:53.863+0000][69][gc,age      ] GC(194) - age   6:     178560 bytes,    2395240 total
[2023-03-15T05:10:53.863+0000][69][gc,age      ] GC(194) - age   7:      18464 bytes,    2413704 total
[2023-03-15T05:10:53.864+0000][69][gc,age      ] GC(194) - age   8:        224 bytes,    2413928 total
[2023-03-15T05:10:53.864+0000][69][gc,age      ] GC(194) - age   9:       1144 bytes,    2415072 total
[2023-03-15T05:10:53.864+0000][69][gc,age      ] GC(194) - age  11:        792 bytes,    2415864 total
[2023-03-15T05:10:53.865+0000][69][gc,age      ] GC(194) - age  12:       3664 bytes,    2419528 total
[2023-03-15T05:10:53.865+0000][69][gc,age      ] GC(194) - age  13:        648 bytes,    2420176 total
[2023-03-15T05:10:53.865+0000][69][gc,age      ] GC(194) - age  14:     187104 bytes,    2607280 total
[2023-03-15T05:10:53.866+0000][69][gc,age      ] GC(194) - age  15:         64 bytes,    2607344 total
[2023-03-15T05:10:53.866+0000][69][gc,heap     ] GC(194) Eden regions: 24->0(23)
[2023-03-15T05:10:53.867+0000][69][gc,heap     ] GC(194) Survivor regions: 1->1(4)
[2023-03-15T05:10:53.867+0000][69][gc,heap     ] GC(194) Old regions: 24->24
[2023-03-15T05:10:53.867+0000][69][gc,heap     ] GC(194) Archive regions: 2->2
[2023-03-15T05:10:53.868+0000][69][gc,heap     ] GC(194) Humongous regions: 2->2
[2023-03-15T05:10:53.868+0000][69][gc,metaspace] GC(194) Metaspace: 137527K(140928K)->137527K(140928K) NonClass: 120054K(121216K)->120054K(121216K) Class: 17473K(19712K)->17473K(19712K)
[2023-03-15T05:10:53.869+0000][69][gc          ] GC(194) Pause Young (Concurrent Start) (G1 Evacuation Pause) 205M->109M(256M) 19.206ms
[2023-03-15T05:10:53.869+0000][69][gc,cpu      ] GC(194) User=0.01s Sys=0.00s Real=0.02s
[2023-03-15T05:10:53.869+0000][69][gc          ] GC(195) Concurrent Mark Cycle
[2023-03-15T05:10:53.870+0000][69][gc,marking  ] GC(195) Concurrent Clear Claimed Marks
[2023-03-15T05:10:53.870+0000][69][gc,marking  ] GC(195) Concurrent Clear Claimed Marks 0.684ms
[2023-03-15T05:10:53.871+0000][69][gc,marking  ] GC(195) Concurrent Scan Root Regions
[2023-03-15T05:10:53.869+0000][69][safepoint   ] Safepoint "G1CollectForAllocation", Time since last: 19379467060 ns, Reaching safepoint: 377184 ns, At safepoint: 20100777 ns, Total: 20477961 ns
[2023-03-15T05:10:53.873+0000][69][gc,marking  ] GC(195) Concurrent Scan Root Regions 2.541ms
[2023-03-15T05:10:53.874+0000][69][gc,marking  ] GC(195) Concurrent Mark
[2023-03-15T05:10:53.875+0000][69][gc,marking  ] GC(195) Concurrent Mark From Roots
[2023-03-15T05:10:53.875+0000][69][gc,task     ] GC(195) Using 1 workers of 1 for marking
[2023-03-15T05:10:53.992+0000][69][gc,marking  ] GC(195) Concurrent Mark From Roots 117.470ms
[2023-03-15T05:10:53.993+0000][69][gc,marking  ] GC(195) Concurrent Preclean
[2023-03-15T05:10:53.994+0000][69][gc,marking  ] GC(195) Concurrent Preclean 0.853ms
[2023-03-15T05:10:53.995+0000][69][gc,start    ] GC(195) Pause Remark
[2023-03-15T05:10:54.004+0000][69][gc          ] GC(195) Pause Remark 115M->115M(256M) 9.656ms
[2023-03-15T05:10:54.005+0000][69][gc,cpu      ] GC(195) User=0.03s Sys=0.00s Real=0.01s
[2023-03-15T05:10:54.006+0000][69][safepoint   ] Safepoint "G1PauseRemark", Time since last: 125079799 ns, Reaching safepoint: 180645 ns, At safepoint: 10875248 ns, Total: 11055893 ns
[2023-03-15T05:10:54.006+0000][69][gc,marking  ] GC(195) Concurrent Mark 131.579ms
[2023-03-15T05:10:54.006+0000][69][gc,marking  ] GC(195) Concurrent Rebuild Remembered Sets
[2023-03-15T05:10:54.056+0000][69][gc,marking  ] GC(195) Concurrent Rebuild Remembered Sets 49.235ms
[2023-03-15T05:10:54.057+0000][69][gc,start    ] GC(195) Pause Cleanup
[2023-03-15T05:10:54.058+0000][69][gc          ] GC(195) Pause Cleanup 115M->115M(256M) 1.012ms
[2023-03-15T05:10:54.059+0000][69][gc,cpu      ] GC(195) User=0.00s Sys=0.00s Real=0.00s
[2023-03-15T05:10:54.059+0000][69][safepoint   ] Safepoint "G1PauseCleanup", Time since last: 51568908 ns, Reaching safepoint: 73329 ns, At safepoint: 2299584 ns, Total: 2372913 ns
[2023-03-15T05:10:54.060+0000][69][gc,marking  ] GC(195) Concurrent Cleanup for Next Mark
[2023-03-15T05:10:54.061+0000][69][gc,marking  ] GC(195) Concurrent Cleanup for Next Mark 0.732ms
[2023-03-15T05:10:54.062+0000][69][gc          ] GC(195) Concurrent Mark Cycle 192.518ms
[2023-03-15T05:11:05.073+0000][69][safepoint   ] Safepoint "Cleanup", Time since last: 11013077977 ns, Reaching safepoint: 359139 ns, At safepoint: 15669 ns, Total: 374808 ns
[2023-03-15T05:11:06.081+0000][69][safepoint   ] Safepoint "Cleanup", Time since last: 1007440248 ns, Reaching safepoint: 445581 ns, At safepoint: 20629 ns, Total: 466210 ns
[2023-03-15T05:11:10.096+0000][69][safepoint   ] Safepoint "Cleanup", Time since last: 4014696264 ns, Reaching safepoint: 768376 ns, At safepoint: 16744 ns, Total: 785120 ns
[2023-03-15T05:11:23.101+0000][69][safepoint   ] Safepoint "Cleanup", Time since last: 13025709842 ns, Reaching safepoint: 228311 ns, At safepoint: 30291 ns, Total: 258602 ns
[2023-03-15T05:11:23.294+0000][69][gc,start    ] GC(196) Pause Young (Normal) (G1 Evacuation Pause)
[2023-03-15T05:11:23.295+0000][69][gc,task     ] GC(196) Using 4 workers of 4 for evacuation
[2023-03-15T05:11:23.295+0000][69][gc,age      ] GC(196) Desired survivor size 6291456 bytes, new threshold 15 (max threshold 15)
[2023-03-15T05:11:23.299+0000][69][gc,phases   ] GC(196)   Pre Evacuate Collection Set: 0.2ms
[2023-03-15T05:11:23.299+0000][69][gc,phases   ] GC(196)   Merge Heap Roots: 0.1ms
[2023-03-15T05:11:23.300+0000][69][gc,phases   ] GC(196)   Evacuate Collection Set: 1.7ms
[2023-03-15T05:11:23.300+0000][69][gc,phases   ] GC(196)   Post Evacuate Collection Set: 0.7ms
[2023-03-15T05:11:23.301+0000][69][gc,phases   ] GC(196)   Other: 0.9ms
[2023-03-15T05:11:23.301+0000][69][gc,age      ] GC(196) Age table with threshold 15 (max threshold 15)
[2023-03-15T05:11:23.301+0000][69][gc,age      ] GC(196) - age   1:    1455384 bytes,    1455384 total
[2023-03-15T05:11:23.302+0000][69][gc,age      ] GC(196) - age   2:     125512 bytes,    1580896 total
[2023-03-15T05:11:23.302+0000][69][gc,age      ] GC(196) - age   3:       1056 bytes,    1581952 total
[2023-03-15T05:11:23.303+0000][69][gc,age      ] GC(196) - age   4:      19264 bytes,    1601216 total
[2023-03-15T05:11:23.303+0000][69][gc,age      ] GC(196) - age   5:     321864 bytes,    1923080 total
[2023-03-15T05:11:23.303+0000][69][gc,age      ] GC(196) - age   6:       2504 bytes,    1925584 total
[2023-03-15T05:11:23.304+0000][69][gc,age      ] GC(196) - age   7:     178432 bytes,    2104016 total
[2023-03-15T05:11:23.304+0000][69][gc,age      ] GC(196) - age   8:      18464 bytes,    2122480 total
[2023-03-15T05:11:23.305+0000][69][gc,age      ] GC(196) - age   9:        224 bytes,    2122704 total
[2023-03-15T05:11:23.305+0000][69][gc,age      ] GC(196) - age  10:       1144 bytes,    2123848 total
[2023-03-15T05:11:23.306+0000][69][gc,age      ] GC(196) - age  12:        792 bytes,    2124640 total
[2023-03-15T05:11:23.306+0000][69][gc,age      ] GC(196) - age  13:       3664 bytes,    2128304 total
[2023-03-15T05:11:23.307+0000][69][gc,age      ] GC(196) - age  14:        648 bytes,    2128952 total
[2023-03-15T05:11:23.307+0000][69][gc,age      ] GC(196) - age  15:     187104 bytes,    2316056 total
[2023-03-15T05:11:23.308+0000][69][gc,heap     ] GC(196) Eden regions: 23->0(23)
[2023-03-15T05:11:23.308+0000][69][gc,heap     ] GC(196) Survivor regions: 1->1(3)
[2023-03-15T05:11:23.308+0000][69][gc,heap     ] GC(196) Old regions: 24->24
[2023-03-15T05:11:23.309+0000][69][gc,heap     ] GC(196) Archive regions: 2->2
[2023-03-15T05:11:23.309+0000][69][gc,heap     ] GC(196) Humongous regions: 2->2
[2023-03-15T05:11:23.310+0000][69][gc,metaspace] GC(196) Metaspace: 137527K(140928K)->137527K(140928K) NonClass: 120054K(121216K)->120054K(121216K) Class: 17473K(19712K)->17473K(19712K)
[2023-03-15T05:11:23.310+0000][69][gc          ] GC(196) Pause Young (Normal) (G1 Evacuation Pause) 201M->109M(256M) 15.767ms
[2023-03-15T05:11:23.311+0000][69][gc,cpu      ] GC(196) User=0.01s Sys=0.00s Real=0.02s
[2023-03-15T05:11:23.311+0000][69][safepoint   ] Safepoint "G1CollectForAllocation", Time since last: 193165614 ns, Reaching safepoint: 99761 ns, At safepoint: 16737043 ns, Total: 16836804 ns
[2023-03-15T05:11:43.346+0000][69][safepoint   ] Safepoint "Cleanup", Time since last: 20034344101 ns, Reaching safepoint: 625483 ns, At safepoint: 28341 ns, Total: 653824 ns
[2023-03-15T05:11:52.804+0000][69][gc,start    ] GC(197) Pause Young (Concurrent Start) (G1 Evacuation Pause)
[2023-03-15T05:11:52.805+0000][69][gc,task     ] GC(197) Using 4 workers of 4 for evacuation
[2023-03-15T05:11:52.806+0000][69][gc,age      ] GC(197) Desired survivor size 6291456 bytes, new threshold 15 (max threshold 15)
[2023-03-15T05:11:52.811+0000][69][gc,phases   ] GC(197)   Pre Evacuate Collection Set: 0.6ms
[2023-03-15T05:11:52.812+0000][69][gc,phases   ] GC(197)   Merge Heap Roots: 0.2ms
[2023-03-15T05:11:52.813+0000][69][gc,phases   ] GC(197)   Evacuate Collection Set: 2.1ms
[2023-03-15T05:11:52.813+0000][69][gc,phases   ] GC(197)   Post Evacuate Collection Set: 1.1ms
[2023-03-15T05:11:52.814+0000][69][gc,phases   ] GC(197)   Other: 2.3ms
[2023-03-15T05:11:52.815+0000][69][gc,age      ] GC(197) Age table with threshold 15 (max threshold 15)
[2023-03-15T05:11:52.815+0000][69][gc,age      ] GC(197) - age   1:    1025560 bytes,    1025560 total
[2023-03-15T05:11:52.816+0000][69][gc,age      ] GC(197) - age   2:      76024 bytes,    1101584 total
[2023-03-15T05:11:52.817+0000][69][gc,age      ] GC(197) - age   3:      12088 bytes,    1113672 total
[2023-03-15T05:11:52.817+0000][69][gc,age      ] GC(197) - age   4:        424 bytes,    1114096 total
[2023-03-15T05:11:52.818+0000][69][gc,age      ] GC(197) - age   5:      19136 bytes,    1133232 total
[2023-03-15T05:11:52.819+0000][69][gc,age      ] GC(197) - age   6:     321800 bytes,    1455032 total
[2023-03-15T05:11:52.819+0000][69][gc,age      ] GC(197) - age   7:       2504 bytes,    1457536 total
[2023-03-15T05:11:52.820+0000][69][gc,age      ] GC(197) - age   8:     178432 bytes,    1635968 total
[2023-03-15T05:11:52.820+0000][69][gc,age      ] GC(197) - age   9:      18400 bytes,    1654368 total
[2023-03-15T05:11:52.821+0000][69][gc,age      ] GC(197) - age  10:        224 bytes,    1654592 total
[2023-03-15T05:11:52.822+0000][69][gc,age      ] GC(197) - age  11:       1144 bytes,    1655736 total
[2023-03-15T05:11:52.822+0000][69][gc,age      ] GC(197) - age  13:        792 bytes,    1656528 total
[2023-03-15T05:11:52.823+0000][69][gc,age      ] GC(197) - age  14:       3664 bytes,    1660192 total
[2023-03-15T05:11:52.824+0000][69][gc,age      ] GC(197) - age  15:        648 bytes,    1660840 total
[2023-03-15T05:11:52.824+0000][69][gc,heap     ] GC(197) Eden regions: 23->0(23)
[2023-03-15T05:11:52.825+0000][69][gc,heap     ] GC(197) Survivor regions: 1->1(3)
[2023-03-15T05:11:52.825+0000][69][gc,heap     ] GC(197) Old regions: 24->24
[2023-03-15T05:11:52.826+0000][69][gc,heap     ] GC(197) Archive regions: 2->2
[2023-03-15T05:11:52.826+0000][69][gc,heap     ] GC(197) Humongous regions: 2->2
[2023-03-15T05:11:52.827+0000][69][gc,metaspace] GC(197) Metaspace: 137529K(140928K)->137529K(140928K) NonClass: 120056K(121216K)->120056K(121216K) Class: 17473K(19712K)->17473K(19712K)
[2023-03-15T05:11:52.828+0000][69][gc          ] GC(197) Pause Young (Concurrent Start) (G1 Evacuation Pause) 201M->108M(256M) 23.687ms
[2023-03-15T05:11:52.828+0000][69][gc          ] GC(198) Concurrent Mark Cycle
[2023-03-15T05:11:52.829+0000][69][gc,marking  ] GC(198) Concurrent Clear Claimed Marks
[2023-03-15T05:11:52.829+0000][69][gc,marking  ] GC(198) Concurrent Clear Claimed Marks 0.851ms
[2023-03-15T05:11:52.830+0000][69][gc,marking  ] GC(198) Concurrent Scan Root Regions
[2023-03-15T05:11:52.828+0000][69][gc,cpu      ] GC(197) User=0.01s Sys=0.01s Real=0.02s
[2023-03-15T05:11:52.833+0000][69][safepoint   ] Safepoint "G1CollectForAllocation", Time since last: 9478411170 ns, Reaching safepoint: 284420 ns, At safepoint: 28744442 ns, Total: 29028862 ns
[2023-03-15T05:11:52.833+0000][69][gc,marking  ] GC(198) Concurrent Scan Root Regions 2.721ms
[2023-03-15T05:11:52.834+0000][69][gc,marking  ] GC(198) Concurrent Mark
[2023-03-15T05:11:52.835+0000][69][gc,marking  ] GC(198) Concurrent Mark From Roots
[2023-03-15T05:11:52.836+0000][69][gc,task     ] GC(198) Using 1 workers of 1 for marking
[2023-03-15T05:11:52.970+0000][69][gc,marking  ] GC(198) Concurrent Mark From Roots 134.445ms
[2023-03-15T05:11:52.970+0000][69][gc,marking  ] GC(198) Concurrent Preclean
[2023-03-15T05:11:52.972+0000][69][gc,marking  ] GC(198) Concurrent Preclean 1.231ms
[2023-03-15T05:11:52.973+0000][69][gc,start    ] GC(198) Pause Remark
[2023-03-15T05:11:52.986+0000][69][gc          ] GC(198) Pause Remark 109M->109M(256M) 13.193ms
[2023-03-15T05:11:52.987+0000][69][gc,cpu      ] GC(198) User=0.04s Sys=0.00s Real=0.02s
[2023-03-15T05:11:52.988+0000][69][safepoint   ] Safepoint "G1PauseRemark", Time since last: 140102161 ns, Reaching safepoint: 174604 ns, At safepoint: 15328285 ns, Total: 15502889 ns
[2023-03-15T05:11:52.989+0000][69][gc,marking  ] GC(198) Concurrent Mark 154.718ms
[2023-03-15T05:11:52.990+0000][69][gc,marking  ] GC(198) Concurrent Rebuild Remembered Sets
[2023-03-15T05:11:53.050+0000][69][gc,marking  ] GC(198) Concurrent Rebuild Remembered Sets 60.341ms
[2023-03-15T05:11:53.051+0000][69][gc,start    ] GC(198) Pause Cleanup
[2023-03-15T05:11:53.051+0000][69][gc          ] GC(198) Pause Cleanup 110M->110M(256M) 0.649ms
[2023-03-15T05:11:53.052+0000][69][gc,cpu      ] GC(198) User=0.00s Sys=0.00s Real=0.00s
[2023-03-15T05:11:53.052+0000][69][safepoint   ] Safepoint "G1PauseCleanup", Time since last: 62385100 ns, Reaching safepoint: 96676 ns, At safepoint: 1738947 ns, Total: 1835623 ns
[2023-03-15T05:11:53.053+0000][69][gc,marking  ] GC(198) Concurrent Cleanup for Next Mark
[2023-03-15T05:11:53.054+0000][69][gc,marking  ] GC(198) Concurrent Cleanup for Next Mark 0.792ms
[2023-03-15T05:11:53.055+0000][69][gc          ] GC(198) Concurrent Mark Cycle 226.363ms
[2023-03-15T05:12:06.074+0000][69][safepoint   ] Safepoint "Cleanup", Time since last: 13021666677 ns, Reaching safepoint: 354375 ns, At safepoint: 15013 ns, Total: 369388 ns
[2023-03-15T05:12:07.078+0000][69][safepoint   ] Safepoint "Cleanup", Time since last: 1002986527 ns, Reaching safepoint: 862657 ns, At safepoint: 16483 ns, Total: 879140 ns
[2023-03-15T05:12:23.095+0000][69][safepoint   ] Safepoint "Cleanup", Time since last: 16037714615 ns, Reaching safepoint: 732143 ns, At safepoint: 59934 ns, Total: 792077 ns
[2023-03-15T05:12:23.496+0000][69][gc,start    ] GC(199) Pause Young (Normal) (G1 Evacuation Pause)
[2023-03-15T05:12:23.496+0000][69][gc,task     ] GC(199) Using 4 workers of 4 for evacuation
[2023-03-15T05:12:23.497+0000][69][gc,age      ] GC(199) Desired survivor size 6291456 bytes, new threshold 15 (max threshold 15)
[2023-03-15T05:12:23.500+0000][69][gc,phases   ] GC(199)   Pre Evacuate Collection Set: 0.1ms
[2023-03-15T05:12:23.501+0000][69][gc,phases   ] GC(199)   Merge Heap Roots: 0.1ms
[2023-03-15T05:12:23.501+0000][69][gc,phases   ] GC(199)   Evacuate Collection Set: 1.5ms
[2023-03-15T05:12:23.502+0000][69][gc,phases   ] GC(199)   Post Evacuate Collection Set: 0.7ms
[2023-03-15T05:12:23.502+0000][69][gc,phases   ] GC(199)   Other: 1.0ms
[2023-03-15T05:12:23.502+0000][69][gc,age      ] GC(199) Age table with threshold 15 (max threshold 15)
[2023-03-15T05:12:23.503+0000][69][gc,age      ] GC(199) - age   1:     917752 bytes,     917752 total
[2023-03-15T05:12:23.503+0000][69][gc,age      ] GC(199) - age   2:      63296 bytes,     981048 total
[2023-03-15T05:12:23.503+0000][69][gc,age      ] GC(199) - age   3:      74376 bytes,    1055424 total
[2023-03-15T05:12:23.504+0000][69][gc,age      ] GC(199) - age   4:      11960 bytes,    1067384 total
[2023-03-15T05:12:23.504+0000][69][gc,age      ] GC(199) - age   5:        184 bytes,    1067568 total
[2023-03-15T05:12:23.505+0000][69][gc,age      ] GC(199) - age   6:      19072 bytes,    1086640 total
[2023-03-15T05:12:23.505+0000][69][gc,age      ] GC(199) - age   7:     321736 bytes,    1408376 total
[2023-03-15T05:12:23.506+0000][69][gc,age      ] GC(199) - age   8:       2504 bytes,    1410880 total
[2023-03-15T05:12:23.506+0000][69][gc,age      ] GC(199) - age   9:     178432 bytes,    1589312 total
[2023-03-15T05:12:23.507+0000][69][gc,age      ] GC(199) - age  10:      18400 bytes,    1607712 total
[2023-03-15T05:12:23.507+0000][69][gc,age      ] GC(199) - age  11:        224 bytes,    1607936 total
[2023-03-15T05:12:23.508+0000][69][gc,age      ] GC(199) - age  12:       1144 bytes,    1609080 total
[2023-03-15T05:12:23.508+0000][69][gc,age      ] GC(199) - age  14:        792 bytes,    1609872 total
[2023-03-15T05:12:23.509+0000][69][gc,age      ] GC(199) - age  15:       3664 bytes,    1613536 total
[2023-03-15T05:12:23.509+0000][69][gc,heap     ] GC(199) Eden regions: 23->0(24)
[2023-03-15T05:12:23.510+0000][69][gc,heap     ] GC(199) Survivor regions: 1->1(3)
[2023-03-15T05:12:23.510+0000][69][gc,heap     ] GC(199) Old regions: 24->24
[2023-03-15T05:12:23.511+0000][69][gc,heap     ] GC(199) Archive regions: 2->2
[2023-03-15T05:12:23.511+0000][69][gc,heap     ] GC(199) Humongous regions: 2->2
[2023-03-15T05:12:23.511+0000][69][gc,metaspace] GC(199) Metaspace: 137533K(140992K)->137533K(140992K) NonClass: 120060K(121280K)->120060K(121280K) Class: 17473K(19712K)->17473K(19712K)
[2023-03-15T05:12:23.512+0000][69][gc          ] GC(199) Pause Young (Normal) (G1 Evacuation Pause) 200M->108M(256M) 16.249ms
[2023-03-15T05:12:23.513+0000][69][gc,cpu      ] GC(199) User=0.00s Sys=0.01s Real=0.02s
[2023-03-15T05:12:23.513+0000][69][safepoint   ] Safepoint "G1CollectForAllocation", Time since last: 400423991 ns, Reaching safepoint: 75133 ns, At safepoint: 17305049 ns, Total: 17380182 ns
[2023-03-15T05:12:31.526+0000][69][safepoint   ] Safepoint "Cleanup", Time since last: 8012513659 ns, Reaching safepoint: 431895 ns, At safepoint: 13325 ns, Total: 445220 ns
[2023-03-15T05:12:58.290+0000][69][gc,start    ] GC(200) Pause Young (Concurrent Start) (G1 Evacuation Pause)
[2023-03-15T05:12:58.290+0000][69][gc,task     ] GC(200) Using 4 workers of 4 for evacuation
[2023-03-15T05:12:58.291+0000][69][gc,age      ] GC(200) Desired survivor size 8388608 bytes, new threshold 15 (max threshold 15)
[2023-03-15T05:12:58.296+0000][69][gc,phases   ] GC(200)   Pre Evacuate Collection Set: 0.3ms
[2023-03-15T05:12:58.297+0000][69][gc,phases   ] GC(200)   Merge Heap Roots: 0.1ms
[2023-03-15T05:12:58.298+0000][69][gc,phases   ] GC(200)   Evacuate Collection Set: 3.5ms
[2023-03-15T05:12:58.299+0000][69][gc,phases   ] GC(200)   Post Evacuate Collection Set: 1.1ms
[2023-03-15T05:12:58.300+0000][69][gc,phases   ] GC(200)   Other: 1.1ms
[2023-03-15T05:12:58.300+0000][69][gc,age      ] GC(200) Age table with threshold 15 (max threshold 15)
[2023-03-15T05:12:58.301+0000][69][gc,age      ] GC(200) - age   1:    1724488 bytes,    1724488 total
[2023-03-15T05:12:58.302+0000][69][gc,age      ] GC(200) - age   2:       1744 bytes,    1726232 total
[2023-03-15T05:12:58.303+0000][69][gc,age      ] GC(200) - age   3:      62552 bytes,    1788784 total
[2023-03-15T05:12:58.303+0000][69][gc,age      ] GC(200) - age   4:      74224 bytes,    1863008 total
[2023-03-15T05:12:58.304+0000][69][gc,age      ] GC(200) - age   5:      11960 bytes,    1874968 total
[2023-03-15T05:12:58.305+0000][69][gc,age      ] GC(200) - age   6:        184 bytes,    1875152 total
[2023-03-15T05:12:58.305+0000][69][gc,age      ] GC(200) - age   7:      18792 bytes,    1893944 total
[2023-03-15T05:12:58.306+0000][69][gc,age      ] GC(200) - age   8:     321736 bytes,    2215680 total
[2023-03-15T05:12:58.306+0000][69][gc,age      ] GC(200) - age   9:       2504 bytes,    2218184 total
[2023-03-15T05:12:58.307+0000][69][gc,age      ] GC(200) - age  10:     178432 bytes,    2396616 total
[2023-03-15T05:12:58.307+0000][69][gc,age      ] GC(200) - age  11:      18192 bytes,    2414808 total
[2023-03-15T05:12:58.308+0000][69][gc,age      ] GC(200) - age  12:        200 bytes,    2415008 total
[2023-03-15T05:12:58.308+0000][69][gc,age      ] GC(200) - age  13:       1144 bytes,    2416152 total
[2023-03-15T05:12:58.309+0000][69][gc,age      ] GC(200) - age  15:        792 bytes,    2416944 total
[2023-03-15T05:12:58.310+0000][69][gc,heap     ] GC(200) Eden regions: 24->0(23)
[2023-03-15T05:12:58.310+0000][69][gc,heap     ] GC(200) Survivor regions: 1->1(4)
[2023-03-15T05:12:58.311+0000][69][gc,heap     ] GC(200) Old regions: 24->24
[2023-03-15T05:12:58.311+0000][69][gc,heap     ] GC(200) Archive regions: 2->2
[2023-03-15T05:12:58.312+0000][69][gc,heap     ] GC(200) Humongous regions: 2->2
[2023-03-15T05:12:58.312+0000][69][gc,metaspace] GC(200) Metaspace: 137533K(140992K)->137533K(140992K) NonClass: 120060K(121280K)->120060K(121280K) Class: 17473K(19712K)->17473K(19712K)
[2023-03-15T05:12:58.313+0000][69][gc          ] GC(200) Pause Young (Concurrent Start) (G1 Evacuation Pause) 204M->109M(256M) 23.245ms
[2023-03-15T05:12:58.314+0000][69][gc          ] GC(201) Concurrent Mark Cycle
[2023-03-15T05:12:58.314+0000][69][gc,marking  ] GC(201) Concurrent Clear Claimed Marks
[2023-03-15T05:12:58.315+0000][69][gc,marking  ] GC(201) Concurrent Clear Claimed Marks 0.696ms
[2023-03-15T05:12:58.315+0000][69][gc,marking  ] GC(201) Concurrent Scan Root Regions
[2023-03-15T05:12:58.318+0000][69][gc,marking  ] GC(201) Concurrent Scan Root Regions 2.509ms
[2023-03-15T05:12:58.318+0000][69][gc,marking  ] GC(201) Concurrent Mark
[2023-03-15T05:12:58.319+0000][69][gc,marking  ] GC(201) Concurrent Mark From Roots
[2023-03-15T05:12:58.319+0000][69][gc,task     ] GC(201) Using 1 workers of 1 for marking
[2023-03-15T05:12:58.314+0000][69][gc,cpu      ] GC(200) User=0.01s Sys=0.01s Real=0.03s
[2023-03-15T05:12:58.327+0000][69][safepoint   ] Safepoint "G1CollectForAllocation", Time since last: 26784114746 ns, Reaching safepoint: 229994 ns, At safepoint: 37923944 ns, Total: 38153938 ns
[2023-03-15T05:12:58.446+0000][69][gc,marking  ] GC(201) Concurrent Mark From Roots 127.717ms
[2023-03-15T05:12:58.447+0000][69][gc,marking  ] GC(201) Concurrent Preclean
[2023-03-15T05:12:58.448+0000][69][gc,marking  ] GC(201) Concurrent Preclean 1.048ms
[2023-03-15T05:12:58.449+0000][69][gc,start    ] GC(201) Pause Remark
[2023-03-15T05:12:58.460+0000][69][gc          ] GC(201) Pause Remark 110M->110M(256M) 11.186ms
[2023-03-15T05:12:58.461+0000][69][gc,cpu      ] GC(201) User=0.02s Sys=0.00s Real=0.01s
[2023-03-15T05:12:58.462+0000][69][safepoint   ] Safepoint "G1PauseRemark", Time since last: 121233345 ns, Reaching safepoint: 178771 ns, At safepoint: 12758104 ns, Total: 12936875 ns
[2023-03-15T05:12:58.462+0000][69][gc,marking  ] GC(201) Concurrent Mark 143.933ms
[2023-03-15T05:12:58.463+0000][69][gc,marking  ] GC(201) Concurrent Rebuild Remembered Sets
[2023-03-15T05:12:58.556+0000][69][gc,marking  ] GC(201) Concurrent Rebuild Remembered Sets 93.252ms
[2023-03-15T05:12:58.557+0000][69][gc,start    ] GC(201) Pause Cleanup
[2023-03-15T05:12:58.557+0000][69][gc          ] GC(201) Pause Cleanup 118M->118M(256M) 0.713ms
[2023-03-15T05:12:58.558+0000][69][gc,cpu      ] GC(201) User=0.00s Sys=0.00s Real=0.00s
[2023-03-15T05:12:58.558+0000][69][safepoint   ] Safepoint "G1PauseCleanup", Time since last: 94845314 ns, Reaching safepoint: 166429 ns, At safepoint: 1742459 ns, Total: 1908888 ns
[2023-03-15T05:12:58.559+0000][69][gc,marking  ] GC(201) Concurrent Cleanup for Next Mark
[2023-03-15T05:12:58.560+0000][69][gc,marking  ] GC(201) Concurrent Cleanup for Next Mark 0.788ms
[2023-03-15T05:12:58.561+0000][69][gc          ] GC(201) Concurrent Mark Cycle 247.062ms
[2023-03-15T05:12:59.561+0000][69][safepoint   ] Safepoint "Cleanup", Time since last: 1001457553 ns, Reaching safepoint: 709100 ns, At safepoint: 49651 ns, Total: 758751 ns
[2023-03-15T05:13:00.567+0000][69][safepoint   ] Safepoint "Cleanup", Time since last: 1005975908 ns, Reaching safepoint: 600390 ns, At safepoint: 37990 ns, Total: 638380 ns
[2023-03-15T05:13:05.576+0000][69][safepoint   ] Safepoint "Cleanup", Time since last: 5008126139 ns, Reaching safepoint: 163169 ns, At safepoint: 7050 ns, Total: 170219 ns
[2023-03-15T05:13:10.582+0000][69][safepoint   ] Safepoint "Cleanup", Time since last: 5006212844 ns, Reaching safepoint: 189952 ns, At safepoint: 6860 ns, Total: 196812 ns
[2023-03-15T05:13:16.578+0000][69][safepoint   ] Safepoint "Cleanup", Time since last: 6016609667 ns, Reaching safepoint: 590500 ns, At safepoint: 16530 ns, Total: 607030 ns
[2023-03-15T05:13:22.587+0000][69][safepoint   ] Safepoint "Cleanup", Time since last: 6009397597 ns, Reaching safepoint: 116729 ns, At safepoint: 3700 ns, Total: 120429 ns
[2023-03-15T05:13:25.414+0000][69][gc,start    ] GC(202) Pause Young (Normal) (G1 Evacuation Pause)
[2023-03-15T05:13:25.417+0000][69][gc,task     ] GC(202) Using 4 workers of 4 for evacuation
[2023-03-15T05:13:25.418+0000][69][gc,age      ] GC(202) Desired survivor size 6291456 bytes, new threshold 15 (max threshold 15)
[2023-03-15T05:13:25.426+0000][69][gc,phases   ] GC(202)   Pre Evacuate Collection Set: 0.3ms
[2023-03-15T05:13:25.428+0000][69][gc,phases   ] GC(202)   Merge Heap Roots: 0.2ms
[2023-03-15T05:13:25.429+0000][69][gc,phases   ] GC(202)   Evacuate Collection Set: 3.9ms
[2023-03-15T05:13:25.430+0000][69][gc,phases   ] GC(202)   Post Evacuate Collection Set: 1.3ms
[2023-03-15T05:13:25.431+0000][69][gc,phases   ] GC(202)   Other: 3.7ms
[2023-03-15T05:13:25.432+0000][69][gc,age      ] GC(202) Age table with threshold 15 (max threshold 15)
[2023-03-15T05:13:25.433+0000][69][gc,age      ] GC(202) - age   1:     336040 bytes,     336040 total
[2023-03-15T05:13:25.434+0000][69][gc,age      ] GC(202) - age   2:     160040 bytes,     496080 total
[2023-03-15T05:13:25.435+0000][69][gc,age      ] GC(202) - age   3:       1008 bytes,     497088 total
[2023-03-15T05:13:25.436+0000][69][gc,age      ] GC(202) - age   4:       9432 bytes,     506520 total
[2023-03-15T05:13:25.436+0000][69][gc,age      ] GC(202) - age   5:       1048 bytes,     507568 total
[2023-03-15T05:13:25.437+0000][69][gc,age      ] GC(202) - age   6:       3528 bytes,     511096 total
[2023-03-15T05:13:25.438+0000][69][gc,age      ] GC(202) - age   7:        184 bytes,     511280 total
[2023-03-15T05:13:25.438+0000][69][gc,age      ] GC(202) - age   8:      18792 bytes,     530072 total
[2023-03-15T05:13:25.439+0000][69][gc,age      ] GC(202) - age   9:     321736 bytes,     851808 total
[2023-03-15T05:13:25.440+0000][69][gc,age      ] GC(202) - age  10:       2504 bytes,     854312 total
[2023-03-15T05:13:25.441+0000][69][gc,age      ] GC(202) - age  11:     178432 bytes,    1032744 total
[2023-03-15T05:13:25.441+0000][69][gc,age      ] GC(202) - age  12:      18192 bytes,    1050936 total
[2023-03-15T05:13:25.442+0000][69][gc,age      ] GC(202) - age  13:        200 bytes,    1051136 total
[2023-03-15T05:13:25.443+0000][69][gc,age      ] GC(202) - age  14:       1144 bytes,    1052280 total
[2023-03-15T05:13:25.444+0000][69][gc,heap     ] GC(202) Eden regions: 23->0(24)
[2023-03-15T05:13:25.444+0000][69][gc,heap     ] GC(202) Survivor regions: 1->1(3)
[2023-03-15T05:13:25.445+0000][69][gc,heap     ] GC(202) Old regions: 24->24
[2023-03-15T05:13:25.445+0000][69][gc,heap     ] GC(202) Archive regions: 2->2
[2023-03-15T05:13:25.446+0000][69][gc,heap     ] GC(202) Humongous regions: 2->2
[2023-03-15T05:13:25.447+0000][69][gc,metaspace] GC(202) Metaspace: 137538K(140992K)->137538K(140992K) NonClass: 120065K(121280K)->120065K(121280K) Class: 17473K(19712K)->17473K(19712K)
[2023-03-15T05:13:25.448+0000][69][gc          ] GC(202) Pause Young (Normal) (G1 Evacuation Pause) 201M->108M(256M) 33.538ms
[2023-03-15T05:13:25.448+0000][69][gc,cpu      ] GC(202) User=0.01s Sys=0.00s Real=0.03s
[2023-03-15T05:13:25.449+0000][69][safepoint   ] Safepoint "G1CollectForAllocation", Time since last: 2826460123 ns, Reaching safepoint: 332341 ns, At safepoint: 35250636 ns, Total: 35582977 ns
[2023-03-15T05:13:31.457+0000][69][safepoint   ] Safepoint "Cleanup", Time since last: 6006937932 ns, Reaching safepoint: 378923 ns, At safepoint: 16342 ns, Total: 395265 ns
[2023-03-15T05:13:35.464+0000][69][safepoint   ] Safepoint "Cleanup", Time since last: 4006900324 ns, Reaching safepoint: 340327 ns, At safepoint: 11970 ns, Total: 352297 ns
[2023-03-15T05:13:48.469+0000][69][safepoint   ] Safepoint "Cleanup", Time since last: 13026317208 ns, Reaching safepoint: 744764 ns, At safepoint: 50752 ns, Total: 795516 ns
[2023-03-15T05:13:58.218+0000][69][gc,start    ] GC(203) Pause Young (Concurrent Start) (G1 Evacuation Pause)
[2023-03-15T05:13:58.218+0000][69][gc,task     ] GC(203) Using 4 workers of 4 for evacuation
[2023-03-15T05:13:58.219+0000][69][gc,age      ] GC(203) Desired survivor size 8388608 bytes, new threshold 15 (max threshold 15)
[2023-03-15T05:13:58.223+0000][69][gc,phases   ] GC(203)   Pre Evacuate Collection Set: 0.5ms
[2023-03-15T05:13:58.224+0000][69][gc,phases   ] GC(203)   Merge Heap Roots: 0.1ms
[2023-03-15T05:13:58.224+0000][69][gc,phases   ] GC(203)   Evacuate Collection Set: 1.6ms
[2023-03-15T05:13:58.225+0000][69][gc,phases   ] GC(203)   Post Evacuate Collection Set: 0.9ms
[2023-03-15T05:13:58.226+0000][69][gc,phases   ] GC(203)   Other: 1.6ms
[2023-03-15T05:13:58.226+0000][69][gc,age      ] GC(203) Age table with threshold 15 (max threshold 15)
[2023-03-15T05:13:58.227+0000][69][gc,age      ] GC(203) - age   1:    1245384 bytes,    1245384 total
[2023-03-15T05:13:58.227+0000][69][gc,age      ] GC(203) - age   2:     109872 bytes,    1355256 total
[2023-03-15T05:13:58.228+0000][69][gc,age      ] GC(203) - age   3:       9664 bytes,    1364920 total
[2023-03-15T05:13:58.228+0000][69][gc,age      ] GC(203) - age   4:        584 bytes,    1365504 total
[2023-03-15T05:13:58.229+0000][69][gc,age      ] GC(203) - age   5:       9432 bytes,    1374936 total
[2023-03-15T05:13:58.229+0000][69][gc,age      ] GC(203) - age   6:       1048 bytes,    1375984 total
[2023-03-15T05:13:58.229+0000][69][gc,age      ] GC(203) - age   7:       3528 bytes,    1379512 total
[2023-03-15T05:13:58.230+0000][69][gc,age      ] GC(203) - age   8:        184 bytes,    1379696 total
[2023-03-15T05:13:58.230+0000][69][gc,age      ] GC(203) - age   9:      18792 bytes,    1398488 total
[2023-03-15T05:13:58.231+0000][69][gc,age      ] GC(203) - age  10:     321736 bytes,    1720224 total
[2023-03-15T05:13:58.231+0000][69][gc,age      ] GC(203) - age  11:       2504 bytes,    1722728 total
[2023-03-15T05:13:58.232+0000][69][gc,age      ] GC(203) - age  12:     178432 bytes,    1901160 total
[2023-03-15T05:13:58.232+0000][69][gc,age      ] GC(203) - age  13:      18192 bytes,    1919352 total
[2023-03-15T05:13:58.233+0000][69][gc,age      ] GC(203) - age  14:        200 bytes,    1919552 total
[2023-03-15T05:13:58.233+0000][69][gc,age      ] GC(203) - age  15:       1144 bytes,    1920696 total
[2023-03-15T05:13:58.233+0000][69][gc,heap     ] GC(203) Eden regions: 24->0(24)
[2023-03-15T05:13:58.234+0000][69][gc,heap     ] GC(203) Survivor regions: 1->1(4)
[2023-03-15T05:13:58.234+0000][69][gc,heap     ] GC(203) Old regions: 24->24
[2023-03-15T05:13:58.235+0000][69][gc,heap     ] GC(203) Archive regions: 2->2
[2023-03-15T05:13:58.235+0000][69][gc,heap     ] GC(203) Humongous regions: 2->2
[2023-03-15T05:13:58.236+0000][69][gc,metaspace] GC(203) Metaspace: 137538K(140992K)->137538K(140992K) NonClass: 120065K(121280K)->120065K(121280K) Class: 17473K(19712K)->17473K(19712K)
[2023-03-15T05:13:58.236+0000][69][gc          ] GC(203) Pause Young (Concurrent Start) (G1 Evacuation Pause) 204M->109M(256M) 18.470ms
[2023-03-15T05:13:58.236+0000][69][gc,cpu      ] GC(203) User=0.01s Sys=0.00s Real=0.02s
[2023-03-15T05:13:58.236+0000][69][gc          ] GC(204) Concurrent Mark Cycle
[2023-03-15T05:13:58.237+0000][69][gc,marking  ] GC(204) Concurrent Clear Claimed Marks
[2023-03-15T05:13:58.237+0000][69][safepoint   ] Safepoint "G1CollectForAllocation", Time since last: 9748030173 ns, Reaching safepoint: 166629 ns, At safepoint: 19551394 ns, Total: 19718023 ns
[2023-03-15T05:13:58.238+0000][69][gc,marking  ] GC(204) Concurrent Clear Claimed Marks 0.785ms
[2023-03-15T05:13:58.239+0000][69][gc,marking  ] GC(204) Concurrent Scan Root Regions
[2023-03-15T05:13:58.242+0000][69][gc,marking  ] GC(204) Concurrent Scan Root Regions 3.691ms
[2023-03-15T05:13:58.243+0000][69][gc,marking  ] GC(204) Concurrent Mark
[2023-03-15T05:13:58.243+0000][69][gc,marking  ] GC(204) Concurrent Mark From Roots
[2023-03-15T05:13:58.244+0000][69][gc,task     ] GC(204) Using 1 workers of 1 for marking
[2023-03-15T05:13:58.378+0000][69][gc,marking  ] GC(204) Concurrent Mark From Roots 134.328ms
[2023-03-15T05:13:58.378+0000][69][gc,marking  ] GC(204) Concurrent Preclean
[2023-03-15T05:13:58.380+0000][69][gc,marking  ] GC(204) Concurrent Preclean 1.527ms
[2023-03-15T05:13:58.381+0000][69][gc,start    ] GC(204) Pause Remark
[2023-03-15T05:13:58.390+0000][69][gc          ] GC(204) Pause Remark 111M->111M(256M) 8.612ms
[2023-03-15T05:13:58.391+0000][69][gc,cpu      ] GC(204) User=0.03s Sys=0.00s Real=0.01s
[2023-03-15T05:13:58.391+0000][69][safepoint   ] Safepoint "G1PauseRemark", Time since last: 144131903 ns, Reaching safepoint: 115250 ns, At safepoint: 10122681 ns, Total: 10237931 ns
[2023-03-15T05:13:58.392+0000][69][gc,marking  ] GC(204) Concurrent Mark 149.394ms
[2023-03-15T05:13:58.393+0000][69][gc,marking  ] GC(204) Concurrent Rebuild Remembered Sets
[2023-03-15T05:13:58.450+0000][69][gc,marking  ] GC(204) Concurrent Rebuild Remembered Sets 57.545ms
[2023-03-15T05:13:58.451+0000][69][gc,start    ] GC(204) Pause Cleanup
[2023-03-15T05:13:58.451+0000][69][gc          ] GC(204) Pause Cleanup 111M->111M(256M) 0.626ms
[2023-03-15T05:13:58.452+0000][69][gc,cpu      ] GC(204) User=0.00s Sys=0.00s Real=0.00s
[2023-03-15T05:13:58.452+0000][69][safepoint   ] Safepoint "G1PauseCleanup", Time since last: 59183948 ns, Reaching safepoint: 96753 ns, At safepoint: 1521029 ns, Total: 1617782 ns
[2023-03-15T05:13:58.453+0000][69][gc,marking  ] GC(204) Concurrent Cleanup for Next Mark
[2023-03-15T05:13:58.454+0000][69][gc,marking  ] GC(204) Concurrent Cleanup for Next Mark 0.685ms
[2023-03-15T05:13:58.454+0000][69][gc          ] GC(204) Concurrent Mark Cycle 217.676ms
[2023-03-15T05:14:04.459+0000][69][safepoint   ] Safepoint "Cleanup", Time since last: 6006353015 ns, Reaching safepoint: 120729 ns, At safepoint: 22295 ns, Total: 143024 ns
[2023-03-15T05:14:05.460+0000][69][safepoint   ] Safepoint "Cleanup", Time since last: 1000939333 ns, Reaching safepoint: 392414 ns, At safepoint: 7733 ns, Total: 400147 ns
[2023-03-15T05:14:09.464+0000][69][safepoint   ] Safepoint "Cleanup", Time since last: 4003662767 ns, Reaching safepoint: 377365 ns, At safepoint: 12968 ns, Total: 390333 ns
[2023-03-15T05:14:10.469+0000][69][safepoint   ] Safepoint "Cleanup", Time since last: 1004233879 ns, Reaching safepoint: 482222 ns, At safepoint: 12764 ns, Total: 494986 ns
[2023-03-15T05:14:22.470+0000][69][safepoint   ] Safepoint "Cleanup", Time since last: 12021158606 ns, Reaching safepoint: 699782 ns, At safepoint: 112647 ns, Total: 812429 ns
[2023-03-15T05:14:25.185+0000][69][gc,start    ] GC(205) Pause Young (Normal) (G1 Evacuation Pause)
[2023-03-15T05:14:25.186+0000][69][gc,task     ] GC(205) Using 4 workers of 4 for evacuation
[2023-03-15T05:14:25.186+0000][69][gc,age      ] GC(205) Desired survivor size 8388608 bytes, new threshold 15 (max threshold 15)
[2023-03-15T05:14:25.191+0000][69][gc,phases   ] GC(205)   Pre Evacuate Collection Set: 0.1ms
[2023-03-15T05:14:25.191+0000][69][gc,phases   ] GC(205)   Merge Heap Roots: 0.3ms
[2023-03-15T05:14:25.192+0000][69][gc,phases   ] GC(205)   Evacuate Collection Set: 2.2ms
[2023-03-15T05:14:25.193+0000][69][gc,phases   ] GC(205)   Post Evacuate Collection Set: 0.7ms
[2023-03-15T05:14:25.193+0000][69][gc,phases   ] GC(205)   Other: 1.5ms
[2023-03-15T05:14:25.194+0000][69][gc,age      ] GC(205) Age table with threshold 15 (max threshold 15)
[2023-03-15T05:14:25.194+0000][69][gc,age      ] GC(205) - age   1:    1244504 bytes,    1244504 total
[2023-03-15T05:14:25.194+0000][69][gc,age      ] GC(205) - age   2:     135016 bytes,    1379520 total
[2023-03-15T05:14:25.195+0000][69][gc,age      ] GC(205) - age   3:        776 bytes,    1380296 total
[2023-03-15T05:14:25.196+0000][69][gc,age      ] GC(205) - age   4:       9600 bytes,    1389896 total
[2023-03-15T05:14:25.196+0000][69][gc,age      ] GC(205) - age   5:        504 bytes,    1390400 total
[2023-03-15T05:14:25.196+0000][69][gc,age      ] GC(205) - age   6:        848 bytes,    1391248 total
[2023-03-15T05:14:25.197+0000][69][gc,age      ] GC(205) - age   7:        856 bytes,    1392104 total
[2023-03-15T05:14:25.198+0000][69][gc,age      ] GC(205) - age   8:       1856 bytes,    1393960 total
[2023-03-15T05:14:25.198+0000][69][gc,age      ] GC(205) - age   9:        184 bytes,    1394144 total
[2023-03-15T05:14:25.199+0000][69][gc,age      ] GC(205) - age  10:        936 bytes,    1395080 total
[2023-03-15T05:14:25.199+0000][69][gc,age      ] GC(205) - age  11:        296 bytes,    1395376 total
[2023-03-15T05:14:25.200+0000][69][gc,age      ] GC(205) - age  12:       2504 bytes,    1397880 total
[2023-03-15T05:14:25.200+0000][69][gc,age      ] GC(205) - age  13:       5152 bytes,    1403032 total
[2023-03-15T05:14:25.201+0000][69][gc,age      ] GC(205) - age  14:      18192 bytes,    1421224 total
[2023-03-15T05:14:25.201+0000][69][gc,age      ] GC(205) - age  15:        200 bytes,    1421424 total
[2023-03-15T05:14:25.202+0000][69][gc,heap     ] GC(205) Eden regions: 24->0(24)
[2023-03-15T05:14:25.203+0000][69][gc,heap     ] GC(205) Survivor regions: 1->1(4)
[2023-03-15T05:14:25.203+0000][69][gc,heap     ] GC(205) Old regions: 24->24
[2023-03-15T05:14:25.204+0000][69][gc,heap     ] GC(205) Archive regions: 2->2
[2023-03-15T05:14:25.204+0000][69][gc,heap     ] GC(205) Humongous regions: 2->2
[2023-03-15T05:14:25.205+0000][69][gc,metaspace] GC(205) Metaspace: 137549K(140992K)->137549K(140992K) NonClass: 120075K(121280K)->120075K(121280K) Class: 17473K(19712K)->17473K(19712K)
[2023-03-15T05:14:25.205+0000][69][gc          ] GC(205) Pause Young (Normal) (G1 Evacuation Pause) 205M->108M(256M) 20.898ms
[2023-03-15T05:14:25.206+0000][69][gc,cpu      ] GC(205) User=0.00s Sys=0.00s Real=0.02s
[2023-03-15T05:14:25.206+0000][69][safepoint   ] Safepoint "G1CollectForAllocation", Time since last: 2714844551 ns, Reaching safepoint: 150280 ns, At safepoint: 21855252 ns, Total: 22005532 ns
[2023-03-15T05:14:29.212+0000][69][safepoint   ] Safepoint "Cleanup", Time since last: 4004815337 ns, Reaching safepoint: 790578 ns, At safepoint: 257829 ns, Total: 1048407 ns
[2023-03-15T05:14:36.218+0000][69][safepoint   ] Safepoint "Cleanup", Time since last: 7005740292 ns, Reaching safepoint: 283242 ns, At safepoint: 19814 ns, Total: 303056 ns
[2023-03-15T05:14:46.209+0000][69][safepoint   ] Safepoint "Cleanup", Time since last: 10013918689 ns, Reaching safepoint: 191266 ns, At safepoint: 5015 ns, Total: 196281 ns
[2023-03-15T05:14:50.216+0000][69][safepoint   ] Safepoint "Cleanup", Time since last: 4006722021 ns, Reaching safepoint: 380977 ns, At safepoint: 14944 ns, Total: 395921 ns
[2023-03-15T05:14:53.220+0000][69][safepoint   ] Safepoint "Cleanup", Time since last: 3004065992 ns, Reaching safepoint: 92014 ns, At safepoint: 4700 ns, Total: 96714 ns
[2023-03-15T05:14:58.221+0000][69][gc,start    ] GC(206) Pause Young (Concurrent Start) (G1 Evacuation Pause)
[2023-03-15T05:14:58.221+0000][69][gc,task     ] GC(206) Using 4 workers of 4 for evacuation
[2023-03-15T05:14:58.222+0000][69][gc,age      ] GC(206) Desired survivor size 8388608 bytes, new threshold 15 (max threshold 15)
[2023-03-15T05:14:58.227+0000][69][gc,phases   ] GC(206)   Pre Evacuate Collection Set: 0.4ms
[2023-03-15T05:14:58.227+0000][69][gc,phases   ] GC(206)   Merge Heap Roots: 0.1ms
[2023-03-15T05:14:58.228+0000][69][gc,phases   ] GC(206)   Evacuate Collection Set: 2.4ms
[2023-03-15T05:14:58.228+0000][69][gc,phases   ] GC(206)   Post Evacuate Collection Set: 0.9ms
[2023-03-15T05:14:58.228+0000][69][gc,phases   ] GC(206)   Other: 1.2ms
[2023-03-15T05:14:58.229+0000][69][gc,age      ] GC(206) Age table with threshold 15 (max threshold 15)
[2023-03-15T05:14:58.229+0000][69][gc,age      ] GC(206) - age   1:    1681224 bytes,    1681224 total
[2023-03-15T05:14:58.230+0000][69][gc,age      ] GC(206) - age   2:     241848 bytes,    1923072 total
[2023-03-15T05:14:58.230+0000][69][gc,age      ] GC(206) - age   3:     133248 bytes,    2056320 total
[2023-03-15T05:14:58.231+0000][69][gc,age      ] GC(206) - age   4:        584 bytes,    2056904 total
[2023-03-15T05:14:58.231+0000][69][gc,age      ] GC(206) - age   5:       9512 bytes,    2066416 total
[2023-03-15T05:14:58.232+0000][69][gc,age      ] GC(206) - age   6:        120 bytes,    2066536 total
[2023-03-15T05:14:58.232+0000][69][gc,age      ] GC(206) - age   7:        848 bytes,    2067384 total
[2023-03-15T05:14:58.233+0000][69][gc,age      ] GC(206) - age   8:        856 bytes,    2068240 total
[2023-03-15T05:14:58.233+0000][69][gc,age      ] GC(206) - age   9:       1856 bytes,    2070096 total
[2023-03-15T05:14:58.233+0000][69][gc,age      ] GC(206) - age  10:        184 bytes,    2070280 total
[2023-03-15T05:14:58.234+0000][69][gc,age      ] GC(206) - age  11:        640 bytes,    2070920 total
[2023-03-15T05:14:58.234+0000][69][gc,age      ] GC(206) - age  12:        104 bytes,    2071024 total
[2023-03-15T05:14:58.234+0000][69][gc,age      ] GC(206) - age  13:       2504 bytes,    2073528 total
[2023-03-15T05:14:58.235+0000][69][gc,age      ] GC(206) - age  14:       5152 bytes,    2078680 total
[2023-03-15T05:14:58.235+0000][69][gc,age      ] GC(206) - age  15:      18192 bytes,    2096872 total
[2023-03-15T05:14:58.236+0000][69][gc,heap     ] GC(206) Eden regions: 24->0(24)
[2023-03-15T05:14:58.236+0000][69][gc,heap     ] GC(206) Survivor regions: 1->1(4)
[2023-03-15T05:14:58.237+0000][69][gc,heap     ] GC(206) Old regions: 24->24
[2023-03-15T05:14:58.237+0000][69][gc,heap     ] GC(206) Archive regions: 2->2
[2023-03-15T05:14:58.238+0000][69][gc,heap     ] GC(206) Humongous regions: 2->2
[2023-03-15T05:14:58.238+0000][69][gc,metaspace] GC(206) Metaspace: 137552K(140992K)->137552K(140992K) NonClass: 120079K(121280K)->120079K(121280K) Class: 17473K(19712K)->17473K(19712K)
[2023-03-15T05:14:58.238+0000][69][gc          ] GC(206) Pause Young (Concurrent Start) (G1 Evacuation Pause) 204M->109M(256M) 17.647ms
[2023-03-15T05:14:58.239+0000][69][gc,cpu      ] GC(206) User=0.01s Sys=0.00s Real=0.02s
[2023-03-15T05:14:58.239+0000][69][safepoint   ] Safepoint "G1CollectForAllocation", Time since last: 5000283497 ns, Reaching safepoint: 105434 ns, At safepoint: 18495199 ns, Total: 18600633 ns
[2023-03-15T05:14:58.239+0000][69][gc          ] GC(207) Concurrent Mark Cycle
[2023-03-15T05:14:58.240+0000][69][gc,marking  ] GC(207) Concurrent Clear Claimed Marks
[2023-03-15T05:14:58.241+0000][69][gc,marking  ] GC(207) Concurrent Clear Claimed Marks 0.774ms
[2023-03-15T05:14:58.241+0000][69][gc,marking  ] GC(207) Concurrent Scan Root Regions
[2023-03-15T05:14:58.244+0000][69][gc,marking  ] GC(207) Concurrent Scan Root Regions 2.851ms
[2023-03-15T05:14:58.245+0000][69][gc,marking  ] GC(207) Concurrent Mark
[2023-03-15T05:14:58.245+0000][69][gc,marking  ] GC(207) Concurrent Mark From Roots
[2023-03-15T05:14:58.246+0000][69][gc,task     ] GC(207) Using 1 workers of 1 for marking
[2023-03-15T05:14:58.356+0000][69][gc,marking  ] GC(207) Concurrent Mark From Roots 110.976ms
[2023-03-15T05:14:58.357+0000][69][gc,marking  ] GC(207) Concurrent Preclean
[2023-03-15T05:14:58.358+0000][69][gc,marking  ] GC(207) Concurrent Preclean 0.730ms
[2023-03-15T05:14:58.358+0000][69][gc,start    ] GC(207) Pause Remark
[2023-03-15T05:14:58.370+0000][69][gc          ] GC(207) Pause Remark 110M->110M(256M) 11.224ms
[2023-03-15T05:14:58.370+0000][69][gc,cpu      ] GC(207) User=0.03s Sys=0.00s Real=0.01s
[2023-03-15T05:14:58.371+0000][69][safepoint   ] Safepoint "G1PauseRemark", Time since last: 118938762 ns, Reaching safepoint: 87938 ns, At safepoint: 12758969 ns, Total: 12846907 ns
[2023-03-15T05:14:58.372+0000][69][gc,marking  ] GC(207) Concurrent Mark 126.987ms
[2023-03-15T05:14:58.372+0000][69][gc,marking  ] GC(207) Concurrent Rebuild Remembered Sets
[2023-03-15T05:14:58.425+0000][69][gc,marking  ] GC(207) Concurrent Rebuild Remembered Sets 52.648ms
[2023-03-15T05:14:58.426+0000][69][gc,start    ] GC(207) Pause Cleanup
[2023-03-15T05:14:58.426+0000][69][gc          ] GC(207) Pause Cleanup 111M->111M(256M) 0.534ms
[2023-03-15T05:14:58.427+0000][69][gc,cpu      ] GC(207) User=0.00s Sys=0.00s Real=0.00s
[2023-03-15T05:14:58.428+0000][69][safepoint   ] Safepoint "G1PauseCleanup", Time since last: 54641512 ns, Reaching safepoint: 166521 ns, At safepoint: 1864816 ns, Total: 2031337 ns
[2023-03-15T05:14:58.428+0000][69][gc,marking  ] GC(207) Concurrent Cleanup for Next Mark
[2023-03-15T05:14:58.429+0000][69][gc,marking  ] GC(207) Concurrent Cleanup for Next Mark 0.763ms
[2023-03-15T05:14:58.430+0000][69][gc          ] GC(207) Concurrent Mark Cycle 190.836ms
[2023-03-15T05:14:59.430+0000][69][safepoint   ] Safepoint "Cleanup", Time since last: 1001445213 ns, Reaching safepoint: 334389 ns, At safepoint: 12181 ns, Total: 346570 ns
[2023-03-15T05:15:05.440+0000][69][safepoint   ] Safepoint "Cleanup", Time since last: 6010543864 ns, Reaching safepoint: 355366 ns, At safepoint: 11538 ns, Total: 366904 ns
[2023-03-15T05:15:28.192+0000][69][gc,start    ] GC(208) Pause Young (Normal) (G1 Evacuation Pause)
[2023-03-15T05:15:28.193+0000][69][gc,task     ] GC(208) Using 4 workers of 4 for evacuation
[2023-03-15T05:15:28.194+0000][69][gc,age      ] GC(208) Desired survivor size 8388608 bytes, new threshold 15 (max threshold 15)
[2023-03-15T05:15:28.199+0000][69][gc,phases   ] GC(208)   Pre Evacuate Collection Set: 0.2ms
[2023-03-15T05:15:28.200+0000][69][gc,phases   ] GC(208)   Merge Heap Roots: 0.2ms
[2023-03-15T05:15:28.200+0000][69][gc,phases   ] GC(208)   Evacuate Collection Set: 2.2ms
[2023-03-15T05:15:28.201+0000][69][gc,phases   ] GC(208)   Post Evacuate Collection Set: 1.1ms
[2023-03-15T05:15:28.202+0000][69][gc,phases   ] GC(208)   Other: 2.2ms
[2023-03-15T05:15:28.202+0000][69][gc,age      ] GC(208) Age table with threshold 15 (max threshold 15)
[2023-03-15T05:15:28.203+0000][69][gc,age      ] GC(208) - age   1:     641656 bytes,     641656 total
[2023-03-15T05:15:28.204+0000][69][gc,age      ] GC(208) - age   2:      20224 bytes,     661880 total
[2023-03-15T05:15:28.204+0000][69][gc,age      ] GC(208) - age   3:     200360 bytes,     862240 total
[2023-03-15T05:15:28.205+0000][69][gc,age      ] GC(208) - age   4:       1088 bytes,     863328 total
[2023-03-15T05:15:28.206+0000][69][gc,age      ] GC(208) - age   5:        584 bytes,     863912 total
[2023-03-15T05:15:28.206+0000][69][gc,age      ] GC(208) - age   6:       9512 bytes,     873424 total
[2023-03-15T05:15:28.207+0000][69][gc,age      ] GC(208) - age   7:        120 bytes,     873544 total
[2023-03-15T05:15:28.207+0000][69][gc,age      ] GC(208) - age   8:        848 bytes,     874392 total
[2023-03-15T05:15:28.208+0000][69][gc,age      ] GC(208) - age   9:        856 bytes,     875248 total
[2023-03-15T05:15:28.208+0000][69][gc,age      ] GC(208) - age  10:       1856 bytes,     877104 total
[2023-03-15T05:15:28.209+0000][69][gc,age      ] GC(208) - age  11:        184 bytes,     877288 total
[2023-03-15T05:15:28.209+0000][69][gc,age      ] GC(208) - age  12:        640 bytes,     877928 total
[2023-03-15T05:15:28.210+0000][69][gc,age      ] GC(208) - age  13:         24 bytes,     877952 total
[2023-03-15T05:15:28.210+0000][69][gc,age      ] GC(208) - age  14:       2504 bytes,     880456 total
[2023-03-15T05:15:28.211+0000][69][gc,age      ] GC(208) - age  15:       1704 bytes,     882160 total
[2023-03-15T05:15:28.211+0000][69][gc,heap     ] GC(208) Eden regions: 24->0(24)
[2023-03-15T05:15:28.212+0000][69][gc,heap     ] GC(208) Survivor regions: 1->1(4)
[2023-03-15T05:15:28.212+0000][69][gc,heap     ] GC(208) Old regions: 24->24
[2023-03-15T05:15:28.213+0000][69][gc,heap     ] GC(208) Archive regions: 2->2
[2023-03-15T05:15:28.213+0000][69][gc,heap     ] GC(208) Humongous regions: 2->2
[2023-03-15T05:15:28.214+0000][69][gc,metaspace] GC(208) Metaspace: 137552K(140992K)->137552K(140992K) NonClass: 120079K(121280K)->120079K(121280K) Class: 17473K(19712K)->17473K(19712K)
[2023-03-15T05:15:28.214+0000][69][gc          ] GC(208) Pause Young (Normal) (G1 Evacuation Pause) 205M->108M(256M) 21.748ms
[2023-03-15T05:15:28.215+0000][69][gc,cpu      ] GC(208) User=0.01s Sys=0.00s Real=0.02s
[2023-03-15T05:15:28.215+0000][69][safepoint   ] Safepoint "G1CollectForAllocation", Time since last: 22773920918 ns, Reaching safepoint: 178713 ns, At safepoint: 22824594 ns, Total: 23003307 ns
[2023-03-15T05:15:33.228+0000][69][safepoint   ] Safepoint "Cleanup", Time since last: 5011993360 ns, Reaching safepoint: 363744 ns, At safepoint: 168117 ns, Total: 531861 ns
[2023-03-15T05:15:48.226+0000][69][safepoint   ] Safepoint "Cleanup", Time since last: 15019193312 ns, Reaching safepoint: 484626 ns, At safepoint: 13049 ns, Total: 497675 ns
[2023-03-15T05:15:56.239+0000][69][safepoint   ] Safepoint "Cleanup", Time since last: 8012131053 ns, Reaching safepoint: 1159079 ns, At safepoint: 152971 ns, Total: 1312050 ns
[2023-03-15T05:15:58.399+0000][69][gc,start    ] GC(209) Pause Young (Concurrent Start) (G1 Evacuation Pause)
[2023-03-15T05:15:58.399+0000][69][gc,task     ] GC(209) Using 4 workers of 4 for evacuation
[2023-03-15T05:15:58.400+0000][69][gc,age      ] GC(209) Desired survivor size 8388608 bytes, new threshold 15 (max threshold 15)
[2023-03-15T05:15:58.404+0000][69][gc,phases   ] GC(209)   Pre Evacuate Collection Set: 0.3ms
[2023-03-15T05:15:58.404+0000][69][gc,phases   ] GC(209)   Merge Heap Roots: 0.1ms
[2023-03-15T05:15:58.405+0000][69][gc,phases   ] GC(209)   Evacuate Collection Set: 1.9ms
[2023-03-15T05:15:58.405+0000][69][gc,phases   ] GC(209)   Post Evacuate Collection Set: 0.8ms
[2023-03-15T05:15:58.406+0000][69][gc,phases   ] GC(209)   Other: 1.1ms
[2023-03-15T05:15:58.407+0000][69][gc,age      ] GC(209) Age table with threshold 15 (max threshold 15)
[2023-03-15T05:15:58.408+0000][69][gc,age      ] GC(209) - age   1:    1122056 bytes,    1122056 total
[2023-03-15T05:15:58.408+0000][69][gc,age      ] GC(209) - age   2:     130072 bytes,    1252128 total
[2023-03-15T05:15:58.409+0000][69][gc,age      ] GC(209) - age   3:      18840 bytes,    1270968 total
[2023-03-15T05:15:58.410+0000][69][gc,age      ] GC(209) - age   4:     191920 bytes,    1462888 total
[2023-03-15T05:15:58.410+0000][69][gc,age      ] GC(209) - age   5:        912 bytes,    1463800 total
[2023-03-15T05:15:58.411+0000][69][gc,age      ] GC(209) - age   6:        584 bytes,    1464384 total
[2023-03-15T05:15:58.411+0000][69][gc,age      ] GC(209) - age   7:       9512 bytes,    1473896 total
[2023-03-15T05:15:58.412+0000][69][gc,age      ] GC(209) - age   8:        120 bytes,    1474016 total
[2023-03-15T05:15:58.412+0000][69][gc,age      ] GC(209) - age   9:        848 bytes,    1474864 total
[2023-03-15T05:15:58.413+0000][69][gc,age      ] GC(209) - age  10:        856 bytes,    1475720 total
[2023-03-15T05:15:58.413+0000][69][gc,age      ] GC(209) - age  11:       1856 bytes,    1477576 total
[2023-03-15T05:15:58.413+0000][69][gc,age      ] GC(209) - age  12:        184 bytes,    1477760 total
[2023-03-15T05:15:58.414+0000][69][gc,age      ] GC(209) - age  13:        640 bytes,    1478400 total
[2023-03-15T05:15:58.414+0000][69][gc,age      ] GC(209) - age  14:         24 bytes,    1478424 total
[2023-03-15T05:15:58.415+0000][69][gc,age      ] GC(209) - age  15:       2504 bytes,    1480928 total
[2023-03-15T05:15:58.415+0000][69][gc,heap     ] GC(209) Eden regions: 24->0(24)
[2023-03-15T05:15:58.415+0000][69][gc,heap     ] GC(209) Survivor regions: 1->1(4)
[2023-03-15T05:15:58.416+0000][69][gc,heap     ] GC(209) Old regions: 24->24
[2023-03-15T05:15:58.416+0000][69][gc,heap     ] GC(209) Archive regions: 2->2
[2023-03-15T05:15:58.417+0000][69][gc,heap     ] GC(209) Humongous regions: 2->2
[2023-03-15T05:15:58.417+0000][69][gc,metaspace] GC(209) Metaspace: 137552K(140992K)->137552K(140992K) NonClass: 120079K(121280K)->120079K(121280K) Class: 17473K(19712K)->17473K(19712K)
[2023-03-15T05:15:58.418+0000][69][gc          ] GC(209) Pause Young (Concurrent Start) (G1 Evacuation Pause) 204M->108M(256M) 18.965ms
[2023-03-15T05:15:58.418+0000][69][gc          ] GC(210) Concurrent Mark Cycle
[2023-03-15T05:15:58.419+0000][69][gc,marking  ] GC(210) Concurrent Clear Claimed Marks
[2023-03-15T05:15:58.419+0000][69][gc,marking  ] GC(210) Concurrent Clear Claimed Marks 0.756ms
[2023-03-15T05:15:58.420+0000][69][gc,marking  ] GC(210) Concurrent Scan Root Regions
[2023-03-15T05:15:58.418+0000][69][gc,cpu      ] GC(209) User=0.00s Sys=0.01s Real=0.02s
[2023-03-15T05:15:58.423+0000][69][safepoint   ] Safepoint "G1CollectForAllocation", Time since last: 2159369502 ns, Reaching safepoint: 106458 ns, At safepoint: 24043721 ns, Total: 24150179 ns
[2023-03-15T05:15:58.423+0000][69][gc,marking  ] GC(210) Concurrent Scan Root Regions 3.064ms
[2023-03-15T05:15:58.424+0000][69][gc,marking  ] GC(210) Concurrent Mark
[2023-03-15T05:15:58.424+0000][69][gc,marking  ] GC(210) Concurrent Mark From Roots
[2023-03-15T05:15:58.425+0000][69][gc,task     ] GC(210) Using 1 workers of 1 for marking
[2023-03-15T05:15:58.527+0000][69][gc,marking  ] GC(210) Concurrent Mark From Roots 102.678ms
[2023-03-15T05:15:58.528+0000][69][gc,marking  ] GC(210) Concurrent Preclean
[2023-03-15T05:15:58.529+0000][69][gc,marking  ] GC(210) Concurrent Preclean 1.444ms
[2023-03-15T05:15:58.530+0000][69][gc,start    ] GC(210) Pause Remark
[2023-03-15T05:15:58.540+0000][69][gc          ] GC(210) Pause Remark 113M->113M(256M) 9.812ms
[2023-03-15T05:15:58.541+0000][69][gc,cpu      ] GC(210) User=0.03s Sys=0.00s Real=0.01s
[2023-03-15T05:15:58.542+0000][69][safepoint   ] Safepoint "G1PauseRemark", Time since last: 107286331 ns, Reaching safepoint: 80982 ns, At safepoint: 11922943 ns, Total: 12003925 ns
[2023-03-15T05:15:58.543+0000][69][gc,marking  ] GC(210) Concurrent Mark 118.965ms
[2023-03-15T05:15:58.543+0000][69][gc,marking  ] GC(210) Concurrent Rebuild Remembered Sets
[2023-03-15T05:15:58.593+0000][69][gc,marking  ] GC(210) Concurrent Rebuild Remembered Sets 49.549ms
[2023-03-15T05:15:58.594+0000][69][gc,start    ] GC(210) Pause Cleanup
[2023-03-15T05:15:58.595+0000][69][gc          ] GC(210) Pause Cleanup 113M->113M(256M) 1.212ms
[2023-03-15T05:15:58.596+0000][69][gc,cpu      ] GC(210) User=0.00s Sys=0.00s Real=0.00s
[2023-03-15T05:15:58.596+0000][69][safepoint   ] Safepoint "G1PauseCleanup", Time since last: 51775339 ns, Reaching safepoint: 175226 ns, At safepoint: 2508378 ns, Total: 2683604 ns
[2023-03-15T05:15:58.597+0000][69][gc,marking  ] GC(210) Concurrent Cleanup for Next Mark
[2023-03-15T05:15:58.598+0000][69][gc,marking  ] GC(210) Concurrent Cleanup for Next Mark 0.606ms
[2023-03-15T05:15:58.598+0000][69][gc          ] GC(210) Concurrent Mark Cycle 179.944ms
[2023-03-15T05:16:00.599+0000][69][safepoint   ] Safepoint "Cleanup", Time since last: 2001631580 ns, Reaching safepoint: 617574 ns, At safepoint: 16505 ns, Total: 634079 ns
[2023-03-15T05:16:05.608+0000][69][safepoint   ] Safepoint "Cleanup", Time since last: 5009090051 ns, Reaching safepoint: 422381 ns, At safepoint: 15243 ns, Total: 437624 ns
[2023-03-15T05:16:10.616+0000][69][safepoint   ] Safepoint "Cleanup", Time since last: 5007810946 ns, Reaching safepoint: 349770 ns, At safepoint: 31458 ns, Total: 381228 ns
[2023-03-15T05:16:16.612+0000][69][safepoint   ] Safepoint "Cleanup", Time since last: 6015710359 ns, Reaching safepoint: 759378 ns, At safepoint: 186906 ns, Total: 946284 ns
[2023-03-15T05:16:29.951+0000][69][gc,start    ] GC(211) Pause Young (Normal) (G1 Evacuation Pause)
[2023-03-15T05:16:29.953+0000][69][gc,task     ] GC(211) Using 4 workers of 4 for evacuation
[2023-03-15T05:16:29.955+0000][69][gc,age      ] GC(211) Desired survivor size 8388608 bytes, new threshold 15 (max threshold 15)
[2023-03-15T05:16:29.964+0000][69][gc,phases   ] GC(211)   Pre Evacuate Collection Set: 0.3ms
[2023-03-15T05:16:29.965+0000][69][gc,phases   ] GC(211)   Merge Heap Roots: 0.3ms
[2023-03-15T05:16:29.966+0000][69][gc,phases   ] GC(211)   Evacuate Collection Set: 4.9ms
[2023-03-15T05:16:29.967+0000][69][gc,phases   ] GC(211)   Post Evacuate Collection Set: 1.5ms
[2023-03-15T05:16:29.968+0000][69][gc,phases   ] GC(211)   Other: 3.4ms
[2023-03-15T05:16:29.968+0000][69][gc,age      ] GC(211) Age table with threshold 15 (max threshold 15)
[2023-03-15T05:16:29.969+0000][69][gc,age      ] GC(211) - age   1:    1123600 bytes,    1123600 total
[2023-03-15T05:16:29.970+0000][69][gc,age      ] GC(211) - age   2:      14520 bytes,    1138120 total
[2023-03-15T05:16:29.971+0000][69][gc,age      ] GC(211) - age   3:     129280 bytes,    1267400 total
[2023-03-15T05:16:29.972+0000][69][gc,age      ] GC(211) - age   4:      18176 bytes,    1285576 total
[2023-03-15T05:16:29.972+0000][69][gc,age      ] GC(211) - age   5:     190272 bytes,    1475848 total
[2023-03-15T05:16:29.973+0000][69][gc,age      ] GC(211) - age   6:        848 bytes,    1476696 total
[2023-03-15T05:16:29.974+0000][69][gc,age      ] GC(211) - age   7:        584 bytes,    1477280 total
[2023-03-15T05:16:29.975+0000][69][gc,age      ] GC(211) - age   8:       9512 bytes,    1486792 total
[2023-03-15T05:16:29.976+0000][69][gc,age      ] GC(211) - age   9:        120 bytes,    1486912 total
[2023-03-15T05:16:29.976+0000][69][gc,age      ] GC(211) - age  10:        472 bytes,    1487384 total
[2023-03-15T05:16:29.977+0000][69][gc,age      ] GC(211) - age  11:        856 bytes,    1488240 total
[2023-03-15T05:16:29.978+0000][69][gc,age      ] GC(211) - age  12:       1856 bytes,    1490096 total
[2023-03-15T05:16:29.978+0000][69][gc,age      ] GC(211) - age  13:        184 bytes,    1490280 total
[2023-03-15T05:16:29.979+0000][69][gc,age      ] GC(211) - age  14:        640 bytes,    1490920 total
[2023-03-15T05:16:29.979+0000][69][gc,age      ] GC(211) - age  15:         24 bytes,    1490944 total
[2023-03-15T05:16:29.980+0000][69][gc,heap     ] GC(211) Eden regions: 24->0(24)
[2023-03-15T05:16:29.981+0000][69][gc,heap     ] GC(211) Survivor regions: 1->1(4)
[2023-03-15T05:16:29.981+0000][69][gc,heap     ] GC(211) Old regions: 24->24
[2023-03-15T05:16:29.982+0000][69][gc,heap     ] GC(211) Archive regions: 2->2
[2023-03-15T05:16:29.982+0000][69][gc,heap     ] GC(211) Humongous regions: 2->2
[2023-03-15T05:16:29.983+0000][69][gc,metaspace] GC(211) Metaspace: 137556K(140992K)->137556K(140992K) NonClass: 120083K(121280K)->120083K(121280K) Class: 17473K(19712K)->17473K(19712K)
[2023-03-15T05:16:29.984+0000][69][gc          ] GC(211) Pause Young (Normal) (G1 Evacuation Pause) 204M->108M(256M) 32.716ms
[2023-03-15T05:16:29.984+0000][69][gc,cpu      ] GC(211) User=0.01s Sys=0.01s Real=0.03s
[2023-03-15T05:16:29.985+0000][69][safepoint   ] Safepoint "G1CollectForAllocation", Time since last: 13337566938 ns, Reaching safepoint: 1049388 ns, At safepoint: 33942664 ns, Total: 34992052 ns
[2023-03-15T05:16:37.001+0000][69][safepoint   ] Safepoint "Cleanup", Time since last: 7016168864 ns, Reaching safepoint: 530234 ns, At safepoint: 15592 ns, Total: 545826 ns
[2023-03-15T05:16:38.009+0000][69][safepoint   ] Safepoint "Cleanup", Time since last: 1007089147 ns, Reaching safepoint: 750141 ns, At safepoint: 41517 ns, Total: 791658 ns
[2023-03-15T05:16:45.005+0000][69][safepoint   ] Safepoint "Cleanup", Time since last: 7017508625 ns, Reaching safepoint: 219555 ns, At safepoint: 10038 ns, Total: 229593 ns
[2023-03-15T05:16:57.039+0000][69][safepoint   ] Safepoint "Cleanup", Time since last: 12033567767 ns, Reaching safepoint: 484383 ns, At safepoint: 48594 ns, Total: 532977 ns
[2023-03-15T05:17:04.396+0000][69][gc,start    ] GC(212) Pause Young (Concurrent Start) (G1 Evacuation Pause)
[2023-03-15T05:17:04.397+0000][69][gc,task     ] GC(212) Using 4 workers of 4 for evacuation
[2023-03-15T05:17:04.397+0000][69][gc,age      ] GC(212) Desired survivor size 8388608 bytes, new threshold 15 (max threshold 15)
[2023-03-15T05:17:04.402+0000][69][gc,phases   ] GC(212)   Pre Evacuate Collection Set: 0.3ms
[2023-03-15T05:17:04.403+0000][69][gc,phases   ] GC(212)   Merge Heap Roots: 0.1ms
[2023-03-15T05:17:04.404+0000][69][gc,phases   ] GC(212)   Evacuate Collection Set: 3.0ms
[2023-03-15T05:17:04.404+0000][69][gc,phases   ] GC(212)   Post Evacuate Collection Set: 0.8ms
[2023-03-15T05:17:04.404+0000][69][gc,phases   ] GC(212)   Other: 1.1ms
[2023-03-15T05:17:04.405+0000][69][gc,age      ] GC(212) Age table with threshold 15 (max threshold 15)
[2023-03-15T05:17:04.405+0000][69][gc,age      ] GC(212) - age   1:    1503552 bytes,    1503552 total
[2023-03-15T05:17:04.406+0000][69][gc,age      ] GC(212) - age   2:     119256 bytes,    1622808 total
[2023-03-15T05:17:04.406+0000][69][gc,age      ] GC(212) - age   3:       5136 bytes,    1627944 total
[2023-03-15T05:17:04.407+0000][69][gc,age      ] GC(212) - age   4:        648 bytes,    1628592 total
[2023-03-15T05:17:04.407+0000][69][gc,age      ] GC(212) - age   5:      17984 bytes,    1646576 total
[2023-03-15T05:17:04.408+0000][69][gc,age      ] GC(212) - age   6:     190272 bytes,    1836848 total
[2023-03-15T05:17:04.408+0000][69][gc,age      ] GC(212) - age   7:        848 bytes,    1837696 total
[2023-03-15T05:17:04.408+0000][69][gc,age      ] GC(212) - age   8:        584 bytes,    1838280 total
[2023-03-15T05:17:04.409+0000][69][gc,age      ] GC(212) - age   9:       9512 bytes,    1847792 total
[2023-03-15T05:17:04.409+0000][69][gc,age      ] GC(212) - age  10:        120 bytes,    1847912 total
[2023-03-15T05:17:04.410+0000][69][gc,age      ] GC(212) - age  11:        472 bytes,    1848384 total
[2023-03-15T05:17:04.410+0000][69][gc,age      ] GC(212) - age  12:        856 bytes,    1849240 total
[2023-03-15T05:17:04.410+0000][69][gc,age      ] GC(212) - age  13:       1856 bytes,    1851096 total
[2023-03-15T05:17:04.411+0000][69][gc,age      ] GC(212) - age  14:        184 bytes,    1851280 total
[2023-03-15T05:17:04.411+0000][69][gc,age      ] GC(212) - age  15:        640 bytes,    1851920 total
[2023-03-15T05:17:04.411+0000][69][gc,heap     ] GC(212) Eden regions: 24->0(24)
[2023-03-15T05:17:04.412+0000][69][gc,heap     ] GC(212) Survivor regions: 1->1(4)
[2023-03-15T05:17:04.412+0000][69][gc,heap     ] GC(212) Old regions: 24->24
[2023-03-15T05:17:04.413+0000][69][gc,heap     ] GC(212) Archive regions: 2->2
[2023-03-15T05:17:04.413+0000][69][gc,heap     ] GC(212) Humongous regions: 2->2
[2023-03-15T05:17:04.414+0000][69][gc,metaspace] GC(212) Metaspace: 137563K(140992K)->137563K(140992K) NonClass: 120089K(121280K)->120089K(121280K) Class: 17473K(19712K)->17473K(19712K)
[2023-03-15T05:17:04.414+0000][69][gc          ] GC(212) Pause Young (Concurrent Start) (G1 Evacuation Pause) 204M->109M(256M) 17.630ms
[2023-03-15T05:17:04.415+0000][69][gc,cpu      ] GC(212) User=0.01s Sys=0.00s Real=0.02s
[2023-03-15T05:17:04.415+0000][69][safepoint   ] Safepoint "G1CollectForAllocation", Time since last: 7357111037 ns, Reaching safepoint: 70443 ns, At safepoint: 18609524 ns, Total: 18679967 ns
[2023-03-15T05:17:04.415+0000][69][gc          ] GC(213) Concurrent Mark Cycle
[2023-03-15T05:17:04.424+0000][69][gc,marking  ] GC(213) Concurrent Clear Claimed Marks
[2023-03-15T05:17:04.426+0000][69][gc,marking  ] GC(213) Concurrent Clear Claimed Marks 1.846ms
[2023-03-15T05:17:04.426+0000][69][gc,marking  ] GC(213) Concurrent Scan Root Regions
[2023-03-15T05:17:04.429+0000][69][gc,marking  ] GC(213) Concurrent Scan Root Regions 3.048ms
[2023-03-15T05:17:04.430+0000][69][gc,marking  ] GC(213) Concurrent Mark
[2023-03-15T05:17:04.430+0000][69][gc,marking  ] GC(213) Concurrent Mark From Roots
[2023-03-15T05:17:04.430+0000][69][gc,task     ] GC(213) Using 1 workers of 1 for marking
[2023-03-15T05:17:04.561+0000][69][gc,marking  ] GC(213) Concurrent Mark From Roots 130.410ms
[2023-03-15T05:17:04.562+0000][69][gc,marking  ] GC(213) Concurrent Preclean
[2023-03-15T05:17:04.564+0000][69][gc,marking  ] GC(213) Concurrent Preclean 2.322ms
[2023-03-15T05:17:04.565+0000][69][gc,start    ] GC(213) Pause Remark
[2023-03-15T05:17:04.575+0000][69][gc          ] GC(213) Pause Remark 122M->122M(256M) 9.863ms
[2023-03-15T05:17:04.576+0000][69][gc,cpu      ] GC(213) User=0.03s Sys=0.00s Real=0.01s
[2023-03-15T05:17:04.576+0000][69][safepoint   ] Safepoint "G1PauseRemark", Time since last: 149692805 ns, Reaching safepoint: 117895 ns, At safepoint: 11145984 ns, Total: 11263879 ns
[2023-03-15T05:17:04.577+0000][69][gc,marking  ] GC(213) Concurrent Mark 147.440ms
[2023-03-15T05:17:04.578+0000][69][gc,marking  ] GC(213) Concurrent Rebuild Remembered Sets
[2023-03-15T05:17:04.642+0000][69][gc,marking  ] GC(213) Concurrent Rebuild Remembered Sets 64.234ms
[2023-03-15T05:17:04.643+0000][69][gc,start    ] GC(213) Pause Cleanup
[2023-03-15T05:17:04.644+0000][69][gc          ] GC(213) Pause Cleanup 123M->123M(256M) 1.147ms
[2023-03-15T05:17:04.644+0000][69][gc,cpu      ] GC(213) User=0.00s Sys=0.00s Real=0.00s
[2023-03-15T05:17:04.645+0000][69][safepoint   ] Safepoint "G1PauseCleanup", Time since last: 66621007 ns, Reaching safepoint: 84251 ns, At safepoint: 2077188 ns, Total: 2161439 ns
[2023-03-15T05:17:04.645+0000][69][gc,marking  ] GC(213) Concurrent Cleanup for Next Mark
[2023-03-15T05:17:04.646+0000][69][gc,marking  ] GC(213) Concurrent Cleanup for Next Mark 0.585ms
[2023-03-15T05:17:04.646+0000][69][gc          ] GC(213) Concurrent Mark Cycle 231.671ms
[2023-03-15T05:17:07.651+0000][69][safepoint   ] Safepoint "Cleanup", Time since last: 3005330652 ns, Reaching safepoint: 810697 ns, At safepoint: 42824 ns, Total: 853521 ns
[2023-03-15T05:17:08.656+0000][69][safepoint   ] Safepoint "Cleanup", Time since last: 1004307716 ns, Reaching safepoint: 556525 ns, At safepoint: 19024 ns, Total: 575549 ns
[2023-03-15T05:17:28.687+0000][69][safepoint   ] Safepoint "Cleanup", Time since last: 20051717992 ns, Reaching safepoint: 918000 ns, At safepoint: 22350 ns, Total: 940350 ns
[2023-03-15T05:17:34.493+0000][69][gc,start    ] GC(214) Pause Young (Normal) (G1 Evacuation Pause)
[2023-03-15T05:17:34.495+0000][69][gc,task     ] GC(214) Using 4 workers of 4 for evacuation
[2023-03-15T05:17:34.497+0000][69][gc,age      ] GC(214) Desired survivor size 8388608 bytes, new threshold 15 (max threshold 15)
[2023-03-15T05:17:34.503+0000][69][gc,phases   ] GC(214)   Pre Evacuate Collection Set: 0.4ms
[2023-03-15T05:17:34.505+0000][69][gc,phases   ] GC(214)   Merge Heap Roots: 0.2ms
[2023-03-15T05:17:34.506+0000][69][gc,phases   ] GC(214)   Evacuate Collection Set: 2.7ms
[2023-03-15T05:17:34.507+0000][69][gc,phases   ] GC(214)   Post Evacuate Collection Set: 1.4ms
[2023-03-15T05:17:34.508+0000][69][gc,phases   ] GC(214)   Other: 3.3ms
[2023-03-15T05:17:34.509+0000][69][gc,age      ] GC(214) Age table with threshold 15 (max threshold 15)
[2023-03-15T05:17:34.509+0000][69][gc,age      ] GC(214) - age   1:     450064 bytes,     450064 total
[2023-03-15T05:17:34.510+0000][69][gc,age      ] GC(214) - age   2:      12816 bytes,     462880 total
[2023-03-15T05:17:34.511+0000][69][gc,age      ] GC(214) - age   3:       9512 bytes,     472392 total
[2023-03-15T05:17:34.512+0000][69][gc,age      ] GC(214) - age   4:       5072 bytes,     477464 total
[2023-03-15T05:17:34.513+0000][69][gc,age      ] GC(214) - age   5:        288 bytes,     477752 total
[2023-03-15T05:17:34.513+0000][69][gc,age      ] GC(214) - age   6:      17984 bytes,     495736 total
[2023-03-15T05:17:34.514+0000][69][gc,age      ] GC(214) - age   7:     190272 bytes,     686008 total
[2023-03-15T05:17:34.515+0000][69][gc,age      ] GC(214) - age   8:        848 bytes,     686856 total
[2023-03-15T05:17:34.515+0000][69][gc,age      ] GC(214) - age   9:        584 bytes,     687440 total
[2023-03-15T05:17:34.516+0000][69][gc,age      ] GC(214) - age  10:       9512 bytes,     696952 total
[2023-03-15T05:17:34.517+0000][69][gc,age      ] GC(214) - age  11:        120 bytes,     697072 total
[2023-03-15T05:17:34.517+0000][69][gc,age      ] GC(214) - age  12:        472 bytes,     697544 total
[2023-03-15T05:17:34.518+0000][69][gc,age      ] GC(214) - age  13:        856 bytes,     698400 total
[2023-03-15T05:17:34.519+0000][69][gc,age      ] GC(214) - age  14:       1856 bytes,     700256 total
[2023-03-15T05:17:34.520+0000][69][gc,age      ] GC(214) - age  15:        184 bytes,     700440 total
[2023-03-15T05:17:34.520+0000][69][gc,heap     ] GC(214) Eden regions: 24->0(24)
[2023-03-15T05:17:34.521+0000][69][gc,heap     ] GC(214) Survivor regions: 1->1(4)
[2023-03-15T05:17:34.521+0000][69][gc,heap     ] GC(214) Old regions: 24->24
[2023-03-15T05:17:34.522+0000][69][gc,heap     ] GC(214) Archive regions: 2->2
[2023-03-15T05:17:34.523+0000][69][gc,heap     ] GC(214) Humongous regions: 2->2
[2023-03-15T05:17:34.523+0000][69][gc,metaspace] GC(214) Metaspace: 137563K(140992K)->137563K(140992K) NonClass: 120089K(121280K)->120089K(121280K) Class: 17473K(19712K)->17473K(19712K)
[2023-03-15T05:17:34.525+0000][69][gc          ] GC(214) Pause Young (Normal) (G1 Evacuation Pause) 205M->108M(256M) 31.631ms
[2023-03-15T05:17:34.525+0000][69][gc,cpu      ] GC(214) User=0.00s Sys=0.01s Real=0.03s
[2023-03-15T05:17:34.526+0000][69][safepoint   ] Safepoint "G1CollectForAllocation", Time since last: 5805536203 ns, Reaching safepoint: 312045 ns, At safepoint: 33058828 ns, Total: 33370873 ns
[2023-03-15T05:17:53.539+0000][69][safepoint   ] Safepoint "Cleanup", Time since last: 19035267926 ns, Reaching safepoint: 141026 ns, At safepoint: 3155 ns, Total: 144181 ns
[2023-03-15T05:17:58.545+0000][69][safepoint   ] Safepoint "Cleanup", Time since last: 5005700860 ns, Reaching safepoint: 135749 ns, At safepoint: 4162 ns, Total: 139911 ns
[2023-03-15T05:18:00.549+0000][69][safepoint   ] Safepoint "Cleanup", Time since last: 2003114859 ns, Reaching safepoint: 267071 ns, At safepoint: 11812 ns, Total: 278883 ns
[2023-03-15T05:18:04.388+0000][69][gc,start    ] GC(215) Pause Young (Concurrent Start) (G1 Evacuation Pause)
[2023-03-15T05:18:04.389+0000][69][gc,task     ] GC(215) Using 4 workers of 4 for evacuation
[2023-03-15T05:18:04.389+0000][69][gc,age      ] GC(215) Desired survivor size 8388608 bytes, new threshold 15 (max threshold 15)
[2023-03-15T05:18:04.394+0000][69][gc,phases   ] GC(215)   Pre Evacuate Collection Set: 0.3ms
[2023-03-15T05:18:04.394+0000][69][gc,phases   ] GC(215)   Merge Heap Roots: 0.1ms
[2023-03-15T05:18:04.395+0000][69][gc,phases   ] GC(215)   Evacuate Collection Set: 2.5ms
[2023-03-15T05:18:04.396+0000][69][gc,phases   ] GC(215)   Post Evacuate Collection Set: 1.1ms
[2023-03-15T05:18:04.396+0000][69][gc,phases   ] GC(215)   Other: 1.2ms
[2023-03-15T05:18:04.397+0000][69][gc,age      ] GC(215) Age table with threshold 15 (max threshold 15)
[2023-03-15T05:18:04.397+0000][69][gc,age      ] GC(215) - age   1:    1074456 bytes,    1074456 total
[2023-03-15T05:18:04.398+0000][69][gc,age      ] GC(215) - age   2:     112080 bytes,    1186536 total
[2023-03-15T05:18:04.399+0000][69][gc,age      ] GC(215) - age   3:       2224 bytes,    1188760 total
[2023-03-15T05:18:04.399+0000][69][gc,age      ] GC(215) - age   4:       9320 bytes,    1198080 total
[2023-03-15T05:18:04.400+0000][69][gc,age      ] GC(215) - age   5:       4832 bytes,    1202912 total
[2023-03-15T05:18:04.400+0000][69][gc,age      ] GC(215) - age   6:        264 bytes,    1203176 total
[2023-03-15T05:18:04.401+0000][69][gc,age      ] GC(215) - age   7:      17984 bytes,    1221160 total
[2023-03-15T05:18:04.401+0000][69][gc,age      ] GC(215) - age   8:     190272 bytes,    1411432 total
[2023-03-15T05:18:04.402+0000][69][gc,age      ] GC(215) - age   9:        848 bytes,    1412280 total
[2023-03-15T05:18:04.402+0000][69][gc,age      ] GC(215) - age  10:        584 bytes,    1412864 total
[2023-03-15T05:18:04.403+0000][69][gc,age      ] GC(215) - age  11:       9280 bytes,    1422144 total
[2023-03-15T05:18:04.403+0000][69][gc,age      ] GC(215) - age  12:        120 bytes,    1422264 total
[2023-03-15T05:18:04.404+0000][69][gc,age      ] GC(215) - age  13:        472 bytes,    1422736 total
[2023-03-15T05:18:04.404+0000][69][gc,age      ] GC(215) - age  14:        856 bytes,    1423592 total
[2023-03-15T05:18:04.405+0000][69][gc,age      ] GC(215) - age  15:       1856 bytes,    1425448 total
[2023-03-15T05:18:04.405+0000][69][gc,heap     ] GC(215) Eden regions: 24->0(24)
[2023-03-15T05:18:04.406+0000][69][gc,heap     ] GC(215) Survivor regions: 1->1(4)
[2023-03-15T05:18:04.406+0000][69][gc,heap     ] GC(215) Old regions: 24->24
[2023-03-15T05:18:04.407+0000][69][gc,heap     ] GC(215) Archive regions: 2->2
[2023-03-15T05:18:04.407+0000][69][gc,heap     ] GC(215) Humongous regions: 2->2
[2023-03-15T05:18:04.408+0000][69][gc,metaspace] GC(215) Metaspace: 137567K(140992K)->137567K(140992K) NonClass: 120092K(121280K)->120092K(121280K) Class: 17474K(19712K)->17474K(19712K)
[2023-03-15T05:18:04.408+0000][69][gc          ] GC(215) Pause Young (Concurrent Start) (G1 Evacuation Pause) 204M->108M(256M) 20.448ms
[2023-03-15T05:18:04.409+0000][69][gc          ] GC(216) Concurrent Mark Cycle
[2023-03-15T05:18:04.410+0000][69][gc,marking  ] GC(216) Concurrent Clear Claimed Marks
[2023-03-15T05:18:04.409+0000][69][gc,cpu      ] GC(215) User=0.00s Sys=0.01s Real=0.02s
[2023-03-15T05:18:04.411+0000][69][gc,marking  ] GC(216) Concurrent Clear Claimed Marks 0.662ms
[2023-03-15T05:18:04.411+0000][69][gc,marking  ] GC(216) Concurrent Scan Root Regions
[2023-03-15T05:18:04.411+0000][69][safepoint   ] Safepoint "G1CollectForAllocation", Time since last: 3839195373 ns, Reaching safepoint: 152054 ns, At safepoint: 23087865 ns, Total: 23239919 ns
[2023-03-15T05:18:04.414+0000][69][gc,marking  ] GC(216) Concurrent Scan Root Regions 2.605ms
[2023-03-15T05:18:04.415+0000][69][gc,marking  ] GC(216) Concurrent Mark
[2023-03-15T05:18:04.416+0000][69][gc,marking  ] GC(216) Concurrent Mark From Roots
[2023-03-15T05:18:04.416+0000][69][gc,task     ] GC(216) Using 1 workers of 1 for marking
[2023-03-15T05:18:04.516+0000][69][gc,marking  ] GC(216) Concurrent Mark From Roots 99.767ms
[2023-03-15T05:18:04.517+0000][69][gc,marking  ] GC(216) Concurrent Preclean
[2023-03-15T05:18:04.518+0000][69][gc,marking  ] GC(216) Concurrent Preclean 0.844ms
[2023-03-15T05:18:04.518+0000][69][gc,start    ] GC(216) Pause Remark
[2023-03-15T05:18:04.532+0000][69][gc          ] GC(216) Pause Remark 111M->111M(256M) 14.066ms
[2023-03-15T05:18:04.533+0000][69][gc,cpu      ] GC(216) User=0.02s Sys=0.00s Real=0.01s
[2023-03-15T05:18:04.534+0000][69][safepoint   ] Safepoint "G1PauseRemark", Time since last: 107113749 ns, Reaching safepoint: 55796 ns, At safepoint: 15679684 ns, Total: 15735480 ns
[2023-03-15T05:18:04.535+0000][69][gc,marking  ] GC(216) Concurrent Mark 119.833ms
[2023-03-15T05:18:04.535+0000][69][gc,marking  ] GC(216) Concurrent Rebuild Remembered Sets
[2023-03-15T05:18:04.585+0000][69][gc,marking  ] GC(216) Concurrent Rebuild Remembered Sets 49.799ms
[2023-03-15T05:18:04.586+0000][69][gc,start    ] GC(216) Pause Cleanup
[2023-03-15T05:18:04.587+0000][69][gc          ] GC(216) Pause Cleanup 112M->112M(256M) 1.043ms
[2023-03-15T05:18:04.588+0000][69][gc,cpu      ] GC(216) User=0.00s Sys=0.00s Real=0.00s
[2023-03-15T05:18:04.589+0000][69][safepoint   ] Safepoint "G1PauseCleanup", Time since last: 52332773 ns, Reaching safepoint: 61070 ns, At safepoint: 2514088 ns, Total: 2575158 ns
[2023-03-15T05:18:04.590+0000][69][gc,marking  ] GC(216) Concurrent Cleanup for Next Mark
[2023-03-15T05:18:04.590+0000][69][gc,marking  ] GC(216) Concurrent Cleanup for Next Mark 0.754ms
[2023-03-15T05:18:04.591+0000][69][gc          ] GC(216) Concurrent Mark Cycle 181.295ms
[2023-03-15T05:18:05.590+0000][69][safepoint   ] Safepoint "Cleanup", Time since last: 1000878998 ns, Reaching safepoint: 70190 ns, At safepoint: 3347 ns, Total: 73537 ns
[2023-03-15T05:18:08.595+0000][69][safepoint   ] Safepoint "Cleanup", Time since last: 3004887354 ns, Reaching safepoint: 557600 ns, At safepoint: 12582 ns, Total: 570182 ns
[2023-03-15T05:18:11.605+0000][69][safepoint   ] Safepoint "Cleanup", Time since last: 3009275623 ns, Reaching safepoint: 233665 ns, At safepoint: 142974 ns, Total: 376639 ns
[2023-03-15T05:18:13.612+0000][69][safepoint   ] Safepoint "Cleanup", Time since last: 2006962536 ns, Reaching safepoint: 291268 ns, At safepoint: 12623 ns, Total: 303891 ns
[2023-03-15T05:18:14.618+0000][69][safepoint   ] Safepoint "Cleanup", Time since last: 1005298904 ns, Reaching safepoint: 245887 ns, At safepoint: 12794 ns, Total: 258681 ns
[2023-03-15T05:18:31.174+0000][69][gc,start    ] GC(217) Pause Young (Normal) (G1 Evacuation Pause)
[2023-03-15T05:18:31.176+0000][69][gc,task     ] GC(217) Using 4 workers of 4 for evacuation
[2023-03-15T05:18:31.177+0000][69][gc,age      ] GC(217) Desired survivor size 8388608 bytes, new threshold 15 (max threshold 15)
[2023-03-15T05:18:31.184+0000][69][gc,phases   ] GC(217)   Pre Evacuate Collection Set: 0.1ms
[2023-03-15T05:18:31.185+0000][69][gc,phases   ] GC(217)   Merge Heap Roots: 0.2ms
[2023-03-15T05:18:31.186+0000][69][gc,phases   ] GC(217)   Evacuate Collection Set: 4.6ms
[2023-03-15T05:18:31.187+0000][69][gc,phases   ] GC(217)   Post Evacuate Collection Set: 0.9ms
[2023-03-15T05:18:31.188+0000][69][gc,phases   ] GC(217)   Other: 2.3ms
[2023-03-15T05:18:31.189+0000][69][gc,age      ] GC(217) Age table with threshold 15 (max threshold 15)
[2023-03-15T05:18:31.190+0000][69][gc,age      ] GC(217) - age   1:    1595824 bytes,    1595824 total
[2023-03-15T05:18:31.190+0000][69][gc,age      ] GC(217) - age   2:     176600 bytes,    1772424 total
[2023-03-15T05:18:31.191+0000][69][gc,age      ] GC(217) - age   3:       1496 bytes,    1773920 total
[2023-03-15T05:18:31.192+0000][69][gc,age      ] GC(217) - age   4:       1080 bytes,    1775000 total
[2023-03-15T05:18:31.192+0000][69][gc,age      ] GC(217) - age   5:       9320 bytes,    1784320 total
[2023-03-15T05:18:31.193+0000][69][gc,age      ] GC(217) - age   6:       4832 bytes,    1789152 total
[2023-03-15T05:18:31.194+0000][69][gc,age      ] GC(217) - age   7:        264 bytes,    1789416 total
[2023-03-15T05:18:31.195+0000][69][gc,age      ] GC(217) - age   8:      17984 bytes,    1807400 total
[2023-03-15T05:18:31.195+0000][69][gc,age      ] GC(217) - age   9:     181840 bytes,    1989240 total
[2023-03-15T05:18:31.196+0000][69][gc,age      ] GC(217) - age  10:        848 bytes,    1990088 total
[2023-03-15T05:18:31.196+0000][69][gc,age      ] GC(217) - age  11:        584 bytes,    1990672 total
[2023-03-15T05:18:31.197+0000][69][gc,age      ] GC(217) - age  12:       9280 bytes,    1999952 total
[2023-03-15T05:18:31.197+0000][69][gc,age      ] GC(217) - age  13:         88 bytes,    2000040 total
[2023-03-15T05:18:31.198+0000][69][gc,age      ] GC(217) - age  14:        472 bytes,    2000512 total
[2023-03-15T05:18:31.199+0000][69][gc,age      ] GC(217) - age  15:        856 bytes,    2001368 total
[2023-03-15T05:18:31.199+0000][69][gc,heap     ] GC(217) Eden regions: 24->0(24)
[2023-03-15T05:18:31.200+0000][69][gc,heap     ] GC(217) Survivor regions: 1->1(4)
[2023-03-15T05:18:31.200+0000][69][gc,heap     ] GC(217) Old regions: 24->24
[2023-03-15T05:18:31.201+0000][69][gc,heap     ] GC(217) Archive regions: 2->2
[2023-03-15T05:18:31.201+0000][69][gc,heap     ] GC(217) Humongous regions: 2->2
[2023-03-15T05:18:31.202+0000][69][gc,metaspace] GC(217) Metaspace: 137585K(141056K)->137585K(141056K) NonClass: 120110K(121344K)->120110K(121344K) Class: 17474K(19712K)->17474K(19712K)
[2023-03-15T05:18:31.202+0000][69][gc          ] GC(217) Pause Young (Normal) (G1 Evacuation Pause) 204M->109M(256M) 27.879ms
[2023-03-15T05:18:31.203+0000][69][gc,cpu      ] GC(217) User=0.02s Sys=0.00s Real=0.02s
[2023-03-15T05:18:31.203+0000][69][safepoint   ] Safepoint "G1CollectForAllocation", Time since last: 16576491242 ns, Reaching safepoint: 113724 ns, At safepoint: 28938287 ns, Total: 29052011 ns
[2023-03-15T05:18:35.207+0000][69][safepoint   ] Safepoint "Cleanup", Time since last: 4003436977 ns, Reaching safepoint: 144212 ns, At safepoint: 8521 ns, Total: 152733 ns
[2023-03-15T05:18:36.209+0000][69][safepoint   ] Safepoint "Cleanup", Time since last: 1002144066 ns, Reaching safepoint: 383146 ns, At safepoint: 14741 ns, Total: 397887 ns
[2023-03-15T05:18:38.215+0000][69][safepoint   ] Safepoint "Cleanup", Time since last: 2005529616 ns, Reaching safepoint: 549076 ns, At safepoint: 14533 ns, Total: 563609 ns
[2023-03-15T05:18:41.246+0000][69][safepoint   ] Safepoint "Cleanup", Time since last: 3030050755 ns, Reaching safepoint: 695075 ns, At safepoint: 162891 ns, Total: 857966 ns
[2023-03-15T05:18:42.255+0000][69][safepoint   ] Safepoint "Cleanup", Time since last: 1007915893 ns, Reaching safepoint: 605765 ns, At safepoint: 49967 ns, Total: 655732 ns
[2023-03-15T05:18:56.261+0000][69][safepoint   ] Safepoint "Cleanup", Time since last: 14026366923 ns, Reaching safepoint: 588927 ns, At safepoint: 11988 ns, Total: 600915 ns
[2023-03-15T05:18:59.268+0000][69][safepoint   ] Safepoint "Cleanup", Time since last: 3007239081 ns, Reaching safepoint: 119943 ns, At safepoint: 31166 ns, Total: 151109 ns
[2023-03-15T05:19:00.270+0000][69][safepoint   ] Safepoint "Cleanup", Time since last: 1001880735 ns, Reaching safepoint: 227811 ns, At safepoint: 9302 ns, Total: 237113 ns
[2023-03-15T05:19:01.176+0000][69][gc,start    ] GC(218) Pause Young (Concurrent Start) (G1 Evacuation Pause)
[2023-03-15T05:19:01.178+0000][69][gc,task     ] GC(218) Using 4 workers of 4 for evacuation
[2023-03-15T05:19:01.179+0000][69][gc,age      ] GC(218) Desired survivor size 8388608 bytes, new threshold 15 (max threshold 15)
[2023-03-15T05:19:01.188+0000][69][gc,phases   ] GC(218)   Pre Evacuate Collection Set: 1.0ms
[2023-03-15T05:19:01.189+0000][69][gc,phases   ] GC(218)   Merge Heap Roots: 0.2ms
[2023-03-15T05:19:01.191+0000][69][gc,phases   ] GC(218)   Evacuate Collection Set: 3.4ms
[2023-03-15T05:19:01.192+0000][69][gc,phases   ] GC(218)   Post Evacuate Collection Set: 1.9ms
[2023-03-15T05:19:01.193+0000][69][gc,phases   ] GC(218)   Other: 4.4ms
[2023-03-15T05:19:01.194+0000][69][gc,age      ] GC(218) Age table with threshold 15 (max threshold 15)
[2023-03-15T05:19:01.195+0000][69][gc,age      ] GC(218) - age   1:     596784 bytes,     596784 total
[2023-03-15T05:19:01.196+0000][69][gc,age      ] GC(218) - age   2:     202456 bytes,     799240 total
[2023-03-15T05:19:01.197+0000][69][gc,age      ] GC(218) - age   3:      25608 bytes,     824848 total
[2023-03-15T05:19:01.198+0000][69][gc,age      ] GC(218) - age   4:       1304 bytes,     826152 total
[2023-03-15T05:19:01.199+0000][69][gc,age      ] GC(218) - age   5:       1016 bytes,     827168 total
[2023-03-15T05:19:01.200+0000][69][gc,age      ] GC(218) - age   6:        888 bytes,     828056 total
[2023-03-15T05:19:01.200+0000][69][gc,age      ] GC(218) - age   7:       4536 bytes,     832592 total
[2023-03-15T05:19:01.201+0000][69][gc,age      ] GC(218) - age   8:        264 bytes,     832856 total
[2023-03-15T05:19:01.202+0000][69][gc,age      ] GC(218) - age   9:      17984 bytes,     850840 total
[2023-03-15T05:19:01.202+0000][69][gc,age      ] GC(218) - age  10:     181760 bytes,    1032600 total
[2023-03-15T05:19:01.203+0000][69][gc,age      ] GC(218) - age  11:        848 bytes,    1033448 total
[2023-03-15T05:19:01.203+0000][69][gc,age      ] GC(218) - age  12:        584 bytes,    1034032 total
[2023-03-15T05:19:01.204+0000][69][gc,age      ] GC(218) - age  13:       9280 bytes,    1043312 total
[2023-03-15T05:19:01.204+0000][69][gc,age      ] GC(218) - age  14:         88 bytes,    1043400 total
[2023-03-15T05:19:01.205+0000][69][gc,age      ] GC(218) - age  15:        472 bytes,    1043872 total
[2023-03-15T05:19:01.205+0000][69][gc,heap     ] GC(218) Eden regions: 24->0(24)
[2023-03-15T05:19:01.206+0000][69][gc,heap     ] GC(218) Survivor regions: 1->1(4)
[2023-03-15T05:19:01.206+0000][69][gc,heap     ] GC(218) Old regions: 24->24
[2023-03-15T05:19:01.207+0000][69][gc,heap     ] GC(218) Archive regions: 2->2
[2023-03-15T05:19:01.207+0000][69][gc,heap     ] GC(218) Humongous regions: 2->2
[2023-03-15T05:19:01.208+0000][69][gc,metaspace] GC(218) Metaspace: 137585K(141056K)->137585K(141056K) NonClass: 120110K(121344K)->120110K(121344K) Class: 17474K(19712K)->17474K(19712K)
[2023-03-15T05:19:01.208+0000][69][gc          ] GC(218) Pause Young (Concurrent Start) (G1 Evacuation Pause) 205M->108M(256M) 32.352ms
[2023-03-15T05:19:01.209+0000][69][gc          ] GC(219) Concurrent Mark Cycle
[2023-03-15T05:19:01.209+0000][69][gc,marking  ] GC(219) Concurrent Clear Claimed Marks
[2023-03-15T05:19:01.209+0000][69][gc,cpu      ] GC(218) User=0.02s Sys=0.00s Real=0.03s
[2023-03-15T05:19:01.210+0000][69][gc,marking  ] GC(219) Concurrent Clear Claimed Marks 0.990ms
[2023-03-15T05:19:01.211+0000][69][gc,marking  ] GC(219) Concurrent Scan Root Regions
[2023-03-15T05:19:01.211+0000][69][safepoint   ] Safepoint "G1CollectForAllocation", Time since last: 905370890 ns, Reaching safepoint: 160138 ns, At safepoint: 34876061 ns, Total: 35036199 ns
[2023-03-15T05:19:01.214+0000][69][gc,marking  ] GC(219) Concurrent Scan Root Regions 2.712ms
[2023-03-15T05:19:01.215+0000][69][gc,marking  ] GC(219) Concurrent Mark
[2023-03-15T05:19:01.216+0000][69][gc,marking  ] GC(219) Concurrent Mark From Roots
[2023-03-15T05:19:01.218+0000][69][gc,task     ] GC(219) Using 1 workers of 1 for marking
[2023-03-15T05:19:01.315+0000][69][gc,marking  ] GC(219) Concurrent Mark From Roots 98.401ms
[2023-03-15T05:19:01.316+0000][69][gc,marking  ] GC(219) Concurrent Preclean
[2023-03-15T05:19:01.317+0000][69][gc,marking  ] GC(219) Concurrent Preclean 1.081ms
[2023-03-15T05:19:01.318+0000][69][gc,start    ] GC(219) Pause Remark
[2023-03-15T05:19:01.329+0000][69][gc          ] GC(219) Pause Remark 109M->109M(256M) 10.876ms
[2023-03-15T05:19:01.330+0000][69][gc,cpu      ] GC(219) User=0.03s Sys=0.00s Real=0.01s
[2023-03-15T05:19:01.330+0000][69][safepoint   ] Safepoint "G1PauseRemark", Time since last: 107239186 ns, Reaching safepoint: 247953 ns, At safepoint: 12205672 ns, Total: 12453625 ns
[2023-03-15T05:19:01.331+0000][69][gc,marking  ] GC(219) Concurrent Mark 116.237ms
[2023-03-15T05:19:01.331+0000][69][gc,marking  ] GC(219) Concurrent Rebuild Remembered Sets
[2023-03-15T05:19:01.381+0000][69][gc,marking  ] GC(219) Concurrent Rebuild Remembered Sets 49.286ms
[2023-03-15T05:19:01.382+0000][69][gc,start    ] GC(219) Pause Cleanup
[2023-03-15T05:19:01.383+0000][69][gc          ] GC(219) Pause Cleanup 109M->109M(256M) 0.871ms
[2023-03-15T05:19:01.384+0000][69][gc,cpu      ] GC(219) User=0.00s Sys=0.00s Real=0.01s
[2023-03-15T05:19:01.384+0000][69][safepoint   ] Safepoint "G1PauseCleanup", Time since last: 51685018 ns, Reaching safepoint: 152826 ns, At safepoint: 2093453 ns, Total: 2246279 ns
[2023-03-15T05:19:01.385+0000][69][gc,marking  ] GC(219) Concurrent Cleanup for Next Mark
[2023-03-15T05:19:01.387+0000][69][gc,marking  ] GC(219) Concurrent Cleanup for Next Mark 1.839ms
[2023-03-15T05:19:01.387+0000][69][gc          ] GC(219) Concurrent Mark Cycle 178.697ms
[2023-03-15T05:19:04.388+0000][69][safepoint   ] Safepoint "Cleanup", Time since last: 3003811364 ns, Reaching safepoint: 142931 ns, At safepoint: 7404 ns, Total: 150335 ns
[2023-03-15T05:19:05.391+0000][69][safepoint   ] Safepoint "Cleanup", Time since last: 1002152014 ns, Reaching safepoint: 373768 ns, At safepoint: 14059 ns, Total: 387827 ns
[2023-03-15T05:19:17.385+0000][69][safepoint   ] Safepoint "Cleanup", Time since last: 12015565758 ns, Reaching safepoint: 77799 ns, At safepoint: 6096 ns, Total: 83895 ns
[2023-03-15T05:19:28.368+0000][69][gc,start    ] GC(220) Pause Young (Normal) (G1 Evacuation Pause)
[2023-03-15T05:19:28.369+0000][69][gc,task     ] GC(220) Using 4 workers of 4 for evacuation
[2023-03-15T05:19:28.369+0000][69][gc,age      ] GC(220) Desired survivor size 8388608 bytes, new threshold 15 (max threshold 15)
[2023-03-15T05:19:28.373+0000][69][gc,phases   ] GC(220)   Pre Evacuate Collection Set: 0.1ms
[2023-03-15T05:19:28.374+0000][69][gc,phases   ] GC(220)   Merge Heap Roots: 0.0ms
[2023-03-15T05:19:28.374+0000][69][gc,phases   ] GC(220)   Evacuate Collection Set: 2.4ms
[2023-03-15T05:19:28.375+0000][69][gc,phases   ] GC(220)   Post Evacuate Collection Set: 0.8ms
[2023-03-15T05:19:28.375+0000][69][gc,phases   ] GC(220)   Other: 0.9ms
[2023-03-15T05:19:28.376+0000][69][gc,age      ] GC(220) Age table with threshold 15 (max threshold 15)
[2023-03-15T05:19:28.376+0000][69][gc,age      ] GC(220) - age   1:    1174304 bytes,    1174304 total
[2023-03-15T05:19:28.377+0000][69][gc,age      ] GC(220) - age   2:     132152 bytes,    1306456 total
[2023-03-15T05:19:28.377+0000][69][gc,age      ] GC(220) - age   3:     180696 bytes,    1487152 total
[2023-03-15T05:19:28.378+0000][69][gc,age      ] GC(220) - age   4:      25416 bytes,    1512568 total
[2023-03-15T05:19:28.378+0000][69][gc,age      ] GC(220) - age   5:       1288 bytes,    1513856 total
[2023-03-15T05:19:28.379+0000][69][gc,age      ] GC(220) - age   6:       1016 bytes,    1514872 total
[2023-03-15T05:19:28.379+0000][69][gc,age      ] GC(220) - age   7:        888 bytes,    1515760 total
[2023-03-15T05:19:28.380+0000][69][gc,age      ] GC(220) - age   8:       4536 bytes,    1520296 total
[2023-03-15T05:19:28.380+0000][69][gc,age      ] GC(220) - age   9:        264 bytes,    1520560 total
[2023-03-15T05:19:28.380+0000][69][gc,age      ] GC(220) - age  10:       6760 bytes,    1527320 total
[2023-03-15T05:19:28.381+0000][69][gc,age      ] GC(220) - age  11:     104320 bytes,    1631640 total
[2023-03-15T05:19:28.381+0000][69][gc,age      ] GC(220) - age  12:        848 bytes,    1632488 total
[2023-03-15T05:19:28.382+0000][69][gc,age      ] GC(220) - age  13:        584 bytes,    1633072 total
[2023-03-15T05:19:28.382+0000][69][gc,age      ] GC(220) - age  14:       9280 bytes,    1642352 total
[2023-03-15T05:19:28.382+0000][69][gc,age      ] GC(220) - age  15:         88 bytes,    1642440 total
[2023-03-15T05:19:28.383+0000][69][gc,heap     ] GC(220) Eden regions: 24->0(24)
[2023-03-15T05:19:28.383+0000][69][gc,heap     ] GC(220) Survivor regions: 1->1(4)
[2023-03-15T05:19:28.384+0000][69][gc,heap     ] GC(220) Old regions: 24->24
[2023-03-15T05:19:28.384+0000][69][gc,heap     ] GC(220) Archive regions: 2->2
[2023-03-15T05:19:28.385+0000][69][gc,heap     ] GC(220) Humongous regions: 2->2
[2023-03-15T05:19:28.385+0000][69][gc,metaspace] GC(220) Metaspace: 137586K(141056K)->137586K(141056K) NonClass: 120111K(121344K)->120111K(121344K) Class: 17474K(19712K)->17474K(19712K)
[2023-03-15T05:19:28.385+0000][69][gc          ] GC(220) Pause Young (Normal) (G1 Evacuation Pause) 204M->108M(256M) 17.000ms
[2023-03-15T05:19:28.386+0000][69][gc,cpu      ] GC(220) User=0.00s Sys=0.00s Real=0.02s
[2023-03-15T05:19:28.386+0000][69][safepoint   ] Safepoint "G1CollectForAllocation", Time since last: 10983024385 ns, Reaching safepoint: 53221 ns, At safepoint: 18034107 ns, Total: 18087328 ns
[2023-03-15T05:19:52.406+0000][69][safepoint   ] Safepoint "Cleanup", Time since last: 24040002048 ns, Reaching safepoint: 86983 ns, At safepoint: 3596 ns, Total: 90579 ns
[2023-03-15T05:19:58.412+0000][69][safepoint   ] Safepoint "Cleanup", Time since last: 6005059700 ns, Reaching safepoint: 260668 ns, At safepoint: 10709 ns, Total: 271377 ns
[2023-03-15T05:19:59.419+0000][69][safepoint   ] Safepoint "Cleanup", Time since last: 1006891393 ns, Reaching safepoint: 450807 ns, At safepoint: 42947 ns, Total: 493754 ns
[2023-03-15T05:20:04.167+0000][69][gc,start    ] GC(221) Pause Young (Concurrent Start) (G1 Evacuation Pause)
[2023-03-15T05:20:04.169+0000][69][gc,task     ] GC(221) Using 4 workers of 4 for evacuation
[2023-03-15T05:20:04.170+0000][69][gc,age      ] GC(221) Desired survivor size 8388608 bytes, new threshold 15 (max threshold 15)
[2023-03-15T05:20:04.177+0000][69][gc,phases   ] GC(221)   Pre Evacuate Collection Set: 0.5ms
[2023-03-15T05:20:04.178+0000][69][gc,phases   ] GC(221)   Merge Heap Roots: 0.1ms
[2023-03-15T05:20:04.179+0000][69][gc,phases   ] GC(221)   Evacuate Collection Set: 3.8ms
[2023-03-15T05:20:04.180+0000][69][gc,phases   ] GC(221)   Post Evacuate Collection Set: 1.4ms
[2023-03-15T05:20:04.181+0000][69][gc,phases   ] GC(221)   Other: 3.0ms
[2023-03-15T05:20:04.182+0000][69][gc,age      ] GC(221) Age table with threshold 15 (max threshold 15)
[2023-03-15T05:20:04.182+0000][69][gc,age      ] GC(221) - age   1:    1112944 bytes,    1112944 total
[2023-03-15T05:20:04.183+0000][69][gc,age      ] GC(221) - age   2:     505632 bytes,    1618576 total
[2023-03-15T05:20:04.184+0000][69][gc,age      ] GC(221) - age   3:       9632 bytes,    1628208 total
[2023-03-15T05:20:04.184+0000][69][gc,age      ] GC(221) - age   4:     179960 bytes,    1808168 total
[2023-03-15T05:20:04.185+0000][69][gc,age      ] GC(221) - age   5:      25216 bytes,    1833384 total
[2023-03-15T05:20:04.186+0000][69][gc,age      ] GC(221) - age   6:        992 bytes,    1834376 total
[2023-03-15T05:20:04.186+0000][69][gc,age      ] GC(221) - age   7:       1016 bytes,    1835392 total
[2023-03-15T05:20:04.187+0000][69][gc,age      ] GC(221) - age   8:        888 bytes,    1836280 total
[2023-03-15T05:20:04.188+0000][69][gc,age      ] GC(221) - age   9:       4504 bytes,    1840784 total
[2023-03-15T05:20:04.188+0000][69][gc,age      ] GC(221) - age  10:        264 bytes,    1841048 total
[2023-03-15T05:20:04.189+0000][69][gc,age      ] GC(221) - age  11:       6464 bytes,    1847512 total
[2023-03-15T05:20:04.190+0000][69][gc,age      ] GC(221) - age  12:     104320 bytes,    1951832 total
[2023-03-15T05:20:04.191+0000][69][gc,age      ] GC(221) - age  13:        664 bytes,    1952496 total
[2023-03-15T05:20:04.191+0000][69][gc,age      ] GC(221) - age  14:        584 bytes,    1953080 total
[2023-03-15T05:20:04.192+0000][69][gc,age      ] GC(221) - age  15:       9280 bytes,    1962360 total
[2023-03-15T05:20:04.193+0000][69][gc,heap     ] GC(221) Eden regions: 24->0(24)
[2023-03-15T05:20:04.193+0000][69][gc,heap     ] GC(221) Survivor regions: 1->1(4)
[2023-03-15T05:20:04.194+0000][69][gc,heap     ] GC(221) Old regions: 24->24
[2023-03-15T05:20:04.194+0000][69][gc,heap     ] GC(221) Archive regions: 2->2
[2023-03-15T05:20:04.195+0000][69][gc,heap     ] GC(221) Humongous regions: 2->2
[2023-03-15T05:20:04.195+0000][69][gc,metaspace] GC(221) Metaspace: 137587K(141056K)->137587K(141056K) NonClass: 120112K(121344K)->120112K(121344K) Class: 17474K(19712K)->17474K(19712K)
[2023-03-15T05:20:04.196+0000][69][gc          ] GC(221) Pause Young (Concurrent Start) (G1 Evacuation Pause) 204M->109M(256M) 29.447ms
[2023-03-15T05:20:04.196+0000][69][gc,cpu      ] GC(221) User=0.02s Sys=0.01s Real=0.03s
[2023-03-15T05:20:04.197+0000][69][gc          ] GC(222) Concurrent Mark Cycle
[2023-03-15T05:20:04.198+0000][69][gc,marking  ] GC(222) Concurrent Clear Claimed Marks
[2023-03-15T05:20:04.197+0000][69][safepoint   ] Safepoint "G1CollectForAllocation", Time since last: 4747099062 ns, Reaching safepoint: 222486 ns, At safepoint: 30534724 ns, Total: 30757210 ns
[2023-03-15T05:20:04.199+0000][69][gc,marking  ] GC(222) Concurrent Clear Claimed Marks 0.877ms
[2023-03-15T05:20:04.199+0000][69][gc,marking  ] GC(222) Concurrent Scan Root Regions
[2023-03-15T05:20:04.202+0000][69][gc,marking  ] GC(222) Concurrent Scan Root Regions 2.979ms
[2023-03-15T05:20:04.203+0000][69][gc,marking  ] GC(222) Concurrent Mark
[2023-03-15T05:20:04.204+0000][69][gc,marking  ] GC(222) Concurrent Mark From Roots
[2023-03-15T05:20:04.204+0000][69][gc,task     ] GC(222) Using 1 workers of 1 for marking
[2023-03-15T05:20:04.362+0000][69][gc,marking  ] GC(222) Concurrent Mark From Roots 158.121ms
[2023-03-15T05:20:04.362+0000][69][gc,marking  ] GC(222) Concurrent Preclean
[2023-03-15T05:20:04.363+0000][69][gc,marking  ] GC(222) Concurrent Preclean 1.005ms
[2023-03-15T05:20:04.364+0000][69][gc,start    ] GC(222) Pause Remark
[2023-03-15T05:20:04.373+0000][69][gc          ] GC(222) Pause Remark 113M->113M(256M) 8.641ms
[2023-03-15T05:20:04.374+0000][69][gc,cpu      ] GC(222) User=0.03s Sys=0.00s Real=0.01s
[2023-03-15T05:20:04.374+0000][69][safepoint   ] Safepoint "G1PauseRemark", Time since last: 167152222 ns, Reaching safepoint: 192808 ns, At safepoint: 9890699 ns, Total: 10083507 ns
[2023-03-15T05:20:04.375+0000][69][gc,marking  ] GC(222) Concurrent Mark 172.557ms
[2023-03-15T05:20:04.376+0000][69][gc,marking  ] GC(222) Concurrent Rebuild Remembered Sets
[2023-03-15T05:20:04.434+0000][69][gc,marking  ] GC(222) Concurrent Rebuild Remembered Sets 57.377ms
[2023-03-15T05:20:04.435+0000][69][gc,start    ] GC(222) Pause Cleanup
[2023-03-15T05:20:04.435+0000][69][gc          ] GC(222) Pause Cleanup 114M->114M(256M) 0.654ms
[2023-03-15T05:20:04.436+0000][69][gc,cpu      ] GC(222) User=0.00s Sys=0.00s Real=0.00s
[2023-03-15T05:20:04.436+0000][69][safepoint   ] Safepoint "G1PauseCleanup", Time since last: 60009883 ns, Reaching safepoint: 226164 ns, At safepoint: 1629029 ns, Total: 1855193 ns
[2023-03-15T05:20:04.437+0000][69][gc,marking  ] GC(222) Concurrent Cleanup for Next Mark
[2023-03-15T05:20:04.437+0000][69][gc,marking  ] GC(222) Concurrent Cleanup for Next Mark 0.779ms
[2023-03-15T05:20:04.438+0000][69][gc          ] GC(222) Concurrent Mark Cycle 241.316ms
[2023-03-15T05:20:05.438+0000][69][safepoint   ] Safepoint "Cleanup", Time since last: 1001603856 ns, Reaching safepoint: 675752 ns, At safepoint: 16222 ns, Total: 691974 ns
[2023-03-15T05:20:08.447+0000][69][safepoint   ] Safepoint "Cleanup", Time since last: 3008505719 ns, Reaching safepoint: 128964 ns, At safepoint: 7221 ns, Total: 136185 ns
[2023-03-15T05:20:23.453+0000][69][safepoint   ] Safepoint "Cleanup", Time since last: 15029262512 ns, Reaching safepoint: 646387 ns, At safepoint: 40937 ns, Total: 687324 ns
[2023-03-15T05:20:29.583+0000][69][gc,start    ] GC(223) Pause Young (Normal) (G1 Evacuation Pause)
[2023-03-15T05:20:29.584+0000][69][gc,task     ] GC(223) Using 4 workers of 4 for evacuation
[2023-03-15T05:20:29.584+0000][69][gc,age      ] GC(223) Desired survivor size 8388608 bytes, new threshold 15 (max threshold 15)
[2023-03-15T05:20:29.588+0000][69][gc,phases   ] GC(223)   Pre Evacuate Collection Set: 0.1ms
[2023-03-15T05:20:29.589+0000][69][gc,phases   ] GC(223)   Merge Heap Roots: 0.2ms
[2023-03-15T05:20:29.589+0000][69][gc,phases   ] GC(223)   Evacuate Collection Set: 1.9ms
[2023-03-15T05:20:29.590+0000][69][gc,phases   ] GC(223)   Post Evacuate Collection Set: 0.9ms
[2023-03-15T05:20:29.591+0000][69][gc,phases   ] GC(223)   Other: 1.2ms
[2023-03-15T05:20:29.591+0000][69][gc,age      ] GC(223) Age table with threshold 15 (max threshold 15)
[2023-03-15T05:20:29.592+0000][69][gc,age      ] GC(223) - age   1:    1363504 bytes,    1363504 total
[2023-03-15T05:20:29.592+0000][69][gc,age      ] GC(223) - age   2:      16272 bytes,    1379776 total
[2023-03-15T05:20:29.592+0000][69][gc,age      ] GC(223) - age   3:     487536 bytes,    1867312 total
[2023-03-15T05:20:29.593+0000][69][gc,age      ] GC(223) - age   4:       9376 bytes,    1876688 total
[2023-03-15T05:20:29.594+0000][69][gc,age      ] GC(223) - age   5:     175888 bytes,    2052576 total
[2023-03-15T05:20:29.594+0000][69][gc,age      ] GC(223) - age   6:       8040 bytes,    2060616 total
[2023-03-15T05:20:29.594+0000][69][gc,age      ] GC(223) - age   7:        992 bytes,    2061608 total
[2023-03-15T05:20:29.595+0000][69][gc,age      ] GC(223) - age   8:       1016 bytes,    2062624 total
[2023-03-15T05:20:29.595+0000][69][gc,age      ] GC(223) - age   9:        512 bytes,    2063136 total
[2023-03-15T05:20:29.595+0000][69][gc,age      ] GC(223) - age  10:       4504 bytes,    2067640 total
[2023-03-15T05:20:29.596+0000][69][gc,age      ] GC(223) - age  11:        264 bytes,    2067904 total
[2023-03-15T05:20:29.596+0000][69][gc,age      ] GC(223) - age  12:       6464 bytes,    2074368 total
[2023-03-15T05:20:29.596+0000][69][gc,age      ] GC(223) - age  13:     104320 bytes,    2178688 total
[2023-03-15T05:20:29.596+0000][69][gc,age      ] GC(223) - age  14:        664 bytes,    2179352 total
[2023-03-15T05:20:29.597+0000][69][gc,age      ] GC(223) - age  15:        584 bytes,    2179936 total
[2023-03-15T05:20:29.597+0000][69][gc,heap     ] GC(223) Eden regions: 24->0(24)
[2023-03-15T05:20:29.597+0000][69][gc,heap     ] GC(223) Survivor regions: 1->1(4)
[2023-03-15T05:20:29.598+0000][69][gc,heap     ] GC(223) Old regions: 24->24
[2023-03-15T05:20:29.598+0000][69][gc,heap     ] GC(223) Archive regions: 2->2
[2023-03-15T05:20:29.599+0000][69][gc,heap     ] GC(223) Humongous regions: 2->2
[2023-03-15T05:20:29.599+0000][69][gc,metaspace] GC(223) Metaspace: 137590K(141056K)->137590K(141056K) NonClass: 120115K(121344K)->120115K(121344K) Class: 17474K(19712K)->17474K(19712K)
[2023-03-15T05:20:29.600+0000][69][gc          ] GC(223) Pause Young (Normal) (G1 Evacuation Pause) 205M->109M(256M) 16.109ms
[2023-03-15T05:20:29.600+0000][69][gc,cpu      ] GC(223) User=0.00s Sys=0.01s Real=0.02s
[2023-03-15T05:20:29.601+0000][69][safepoint   ] Safepoint "G1CollectForAllocation", Time since last: 6130026096 ns, Reaching safepoint: 163391 ns, At safepoint: 17119349 ns, Total: 17282740 ns
[2023-03-15T05:21:04.153+0000][69][gc,start    ] GC(224) Pause Young (Concurrent Start) (G1 Evacuation Pause)
[2023-03-15T05:21:04.155+0000][69][gc,task     ] GC(224) Using 4 workers of 4 for evacuation
[2023-03-15T05:21:04.157+0000][69][gc,age      ] GC(224) Desired survivor size 8388608 bytes, new threshold 15 (max threshold 15)
[2023-03-15T05:21:04.166+0000][69][gc,phases   ] GC(224)   Pre Evacuate Collection Set: 1.0ms
[2023-03-15T05:21:04.167+0000][69][gc,phases   ] GC(224)   Merge Heap Roots: 0.4ms
[2023-03-15T05:21:04.168+0000][69][gc,phases   ] GC(224)   Evacuate Collection Set: 3.3ms
[2023-03-15T05:21:04.169+0000][69][gc,phases   ] GC(224)   Post Evacuate Collection Set: 1.4ms
[2023-03-15T05:21:04.169+0000][69][gc,phases   ] GC(224)   Other: 4.3ms
[2023-03-15T05:21:04.170+0000][69][gc,age      ] GC(224) Age table with threshold 15 (max threshold 15)
[2023-03-15T05:21:04.171+0000][69][gc,age      ] GC(224) - age   1:     724856 bytes,     724856 total
[2023-03-15T05:21:04.171+0000][69][gc,age      ] GC(224) - age   2:      10744 bytes,     735600 total
[2023-03-15T05:21:04.172+0000][69][gc,age      ] GC(224) - age   3:       2488 bytes,     738088 total
[2023-03-15T05:21:04.173+0000][69][gc,age      ] GC(224) - age   4:     377616 bytes,    1115704 total
[2023-03-15T05:21:04.174+0000][69][gc,age      ] GC(224) - age   5:       9376 bytes,    1125080 total
[2023-03-15T05:21:04.174+0000][69][gc,age      ] GC(224) - age   6:     172088 bytes,    1297168 total
[2023-03-15T05:21:04.175+0000][69][gc,age      ] GC(224) - age   7:       8040 bytes,    1305208 total
[2023-03-15T05:21:04.175+0000][69][gc,age      ] GC(224) - age   8:        992 bytes,    1306200 total
[2023-03-15T05:21:04.176+0000][69][gc,age      ] GC(224) - age   9:       1016 bytes,    1307216 total
[2023-03-15T05:21:04.176+0000][69][gc,age      ] GC(224) - age  10:        512 bytes,    1307728 total
[2023-03-15T05:21:04.177+0000][69][gc,age      ] GC(224) - age  11:       4504 bytes,    1312232 total
[2023-03-15T05:21:04.178+0000][69][gc,age      ] GC(224) - age  12:        264 bytes,    1312496 total
[2023-03-15T05:21:04.178+0000][69][gc,age      ] GC(224) - age  13:       6464 bytes,    1318960 total
[2023-03-15T05:21:04.179+0000][69][gc,age      ] GC(224) - age  14:     104320 bytes,    1423280 total
[2023-03-15T05:21:04.179+0000][69][gc,age      ] GC(224) - age  15:        664 bytes,    1423944 total
[2023-03-15T05:21:04.180+0000][69][gc,heap     ] GC(224) Eden regions: 24->0(24)
[2023-03-15T05:21:04.181+0000][69][gc,heap     ] GC(224) Survivor regions: 1->1(4)
[2023-03-15T05:21:04.181+0000][69][gc,heap     ] GC(224) Old regions: 24->24
[2023-03-15T05:21:04.182+0000][69][gc,heap     ] GC(224) Archive regions: 2->2
[2023-03-15T05:21:04.182+0000][69][gc,heap     ] GC(224) Humongous regions: 2->2
[2023-03-15T05:21:04.183+0000][69][gc,metaspace] GC(224) Metaspace: 137592K(141056K)->137592K(141056K) NonClass: 120117K(121344K)->120117K(121344K) Class: 17474K(19712K)->17474K(19712K)
[2023-03-15T05:21:04.183+0000][69][gc          ] GC(224) Pause Young (Concurrent Start) (G1 Evacuation Pause) 205M->108M(256M) 30.072ms
[2023-03-15T05:21:04.184+0000][69][gc,cpu      ] GC(224) User=0.01s Sys=0.00s Real=0.03s
[2023-03-15T05:21:04.184+0000][69][gc          ] GC(225) Concurrent Mark Cycle
[2023-03-15T05:21:04.186+0000][69][gc,marking  ] GC(225) Concurrent Clear Claimed Marks
[2023-03-15T05:21:04.185+0000][69][safepoint   ] Safepoint "G1CollectForAllocation", Time since last: 34575820565 ns, Reaching safepoint: 200172 ns, At safepoint: 31539536 ns, Total: 31739708 ns
[2023-03-15T05:21:04.187+0000][69][gc,marking  ] GC(225) Concurrent Clear Claimed Marks 1.042ms
[2023-03-15T05:21:04.188+0000][69][gc,marking  ] GC(225) Concurrent Scan Root Regions
[2023-03-15T05:21:04.192+0000][69][gc,marking  ] GC(225) Concurrent Scan Root Regions 3.312ms
[2023-03-15T05:21:04.192+0000][69][gc,marking  ] GC(225) Concurrent Mark
[2023-03-15T05:21:04.193+0000][69][gc,marking  ] GC(225) Concurrent Mark From Roots
[2023-03-15T05:21:04.193+0000][69][gc,task     ] GC(225) Using 1 workers of 1 for marking
[2023-03-15T05:21:04.325+0000][69][gc,marking  ] GC(225) Concurrent Mark From Roots 131.771ms
[2023-03-15T05:21:04.325+0000][69][gc,marking  ] GC(225) Concurrent Preclean
[2023-03-15T05:21:04.326+0000][69][gc,marking  ] GC(225) Concurrent Preclean 0.833ms
[2023-03-15T05:21:04.327+0000][69][gc,start    ] GC(225) Pause Remark
[2023-03-15T05:21:04.338+0000][69][gc          ] GC(225) Pause Remark 112M->112M(256M) 11.092ms
[2023-03-15T05:21:04.338+0000][69][gc,cpu      ] GC(225) User=0.03s Sys=0.00s Real=0.01s
[2023-03-15T05:21:04.339+0000][69][safepoint   ] Safepoint "G1PauseRemark", Time since last: 141729482 ns, Reaching safepoint: 284958 ns, At safepoint: 12398094 ns, Total: 12683052 ns
[2023-03-15T05:21:04.340+0000][69][gc,marking  ] GC(225) Concurrent Mark 147.488ms
[2023-03-15T05:21:04.340+0000][69][gc,marking  ] GC(225) Concurrent Rebuild Remembered Sets
[2023-03-15T05:21:04.394+0000][69][gc,marking  ] GC(225) Concurrent Rebuild Remembered Sets 54.286ms
[2023-03-15T05:21:04.395+0000][69][gc,start    ] GC(225) Pause Cleanup
[2023-03-15T05:21:04.396+0000][69][gc          ] GC(225) Pause Cleanup 112M->112M(256M) 0.736ms
[2023-03-15T05:21:04.396+0000][69][gc,cpu      ] GC(225) User=0.00s Sys=0.00s Real=0.00s
[2023-03-15T05:21:04.397+0000][69][safepoint   ] Safepoint "G1PauseCleanup", Time since last: 55930176 ns, Reaching safepoint: 86015 ns, At safepoint: 1724565 ns, Total: 1810580 ns
[2023-03-15T05:21:04.397+0000][69][gc,marking  ] GC(225) Concurrent Cleanup for Next Mark
[2023-03-15T05:21:04.398+0000][69][gc,marking  ] GC(225) Concurrent Cleanup for Next Mark 0.842ms
[2023-03-15T05:21:04.399+0000][69][gc          ] GC(225) Concurrent Mark Cycle 214.484ms
[2023-03-15T05:21:16.389+0000][69][safepoint   ] Safepoint "Cleanup", Time since last: 12014610285 ns, Reaching safepoint: 123739 ns, At safepoint: 3160 ns, Total: 126899 ns
[2023-03-15T05:21:23.399+0000][69][safepoint   ] Safepoint "Cleanup", Time since last: 7009287427 ns, Reaching safepoint: 75712 ns, At safepoint: 3520 ns, Total: 79232 ns
[2023-03-15T05:21:25.405+0000][69][safepoint   ] Safepoint "Cleanup", Time since last: 2005996136 ns, Reaching safepoint: 348922 ns, At safepoint: 13774 ns, Total: 362696 ns
[2023-03-15T05:21:34.453+0000][69][gc,start    ] GC(226) Pause Young (Normal) (G1 Evacuation Pause)
[2023-03-15T05:21:34.454+0000][69][gc,task     ] GC(226) Using 4 workers of 4 for evacuation
[2023-03-15T05:21:34.455+0000][69][gc,age      ] GC(226) Desired survivor size 8388608 bytes, new threshold 15 (max threshold 15)
[2023-03-15T05:21:34.470+0000][69][gc,phases   ] GC(226)   Pre Evacuate Collection Set: 0.3ms
[2023-03-15T05:21:34.471+0000][69][gc,phases   ] GC(226)   Merge Heap Roots: 0.3ms
[2023-03-15T05:21:34.472+0000][69][gc,phases   ] GC(226)   Evacuate Collection Set: 12.1ms
[2023-03-15T05:21:34.472+0000][69][gc,phases   ] GC(226)   Post Evacuate Collection Set: 1.1ms
[2023-03-15T05:21:34.473+0000][69][gc,phases   ] GC(226)   Other: 2.3ms
[2023-03-15T05:21:34.473+0000][69][gc,age      ] GC(226) Age table with threshold 15 (max threshold 15)
[2023-03-15T05:21:34.474+0000][69][gc,age      ] GC(226) - age   1:    1014728 bytes,    1014728 total
[2023-03-15T05:21:34.474+0000][69][gc,age      ] GC(226) - age   2:     131920 bytes,    1146648 total
[2023-03-15T05:21:34.475+0000][69][gc,age      ] GC(226) - age   3:       9720 bytes,    1156368 total
[2023-03-15T05:21:34.476+0000][69][gc,age      ] GC(226) - age   4:       1584 bytes,    1157952 total
[2023-03-15T05:21:34.476+0000][69][gc,age      ] GC(226) - age   5:     377616 bytes,    1535568 total
[2023-03-15T05:21:34.477+0000][69][gc,age      ] GC(226) - age   6:       9376 bytes,    1544944 total
[2023-03-15T05:21:34.477+0000][69][gc,age      ] GC(226) - age   7:     154968 bytes,    1699912 total
[2023-03-15T05:21:34.478+0000][69][gc,age      ] GC(226) - age   8:       8040 bytes,    1707952 total
[2023-03-15T05:21:34.478+0000][69][gc,age      ] GC(226) - age   9:        992 bytes,    1708944 total
[2023-03-15T05:21:34.478+0000][69][gc,age      ] GC(226) - age  10:       1016 bytes,    1709960 total
[2023-03-15T05:21:34.479+0000][69][gc,age      ] GC(226) - age  11:        512 bytes,    1710472 total
[2023-03-15T05:21:34.480+0000][69][gc,age      ] GC(226) - age  12:       4504 bytes,    1714976 total
[2023-03-15T05:21:34.480+0000][69][gc,age      ] GC(226) - age  13:        264 bytes,    1715240 total
[2023-03-15T05:21:34.480+0000][69][gc,age      ] GC(226) - age  14:       6464 bytes,    1721704 total
[2023-03-15T05:21:34.481+0000][69][gc,age      ] GC(226) - age  15:     104256 bytes,    1825960 total
[2023-03-15T05:21:34.482+0000][69][gc,heap     ] GC(226) Eden regions: 24->0(24)
[2023-03-15T05:21:34.483+0000][69][gc,heap     ] GC(226) Survivor regions: 1->1(4)
[2023-03-15T05:21:34.483+0000][69][gc,heap     ] GC(226) Old regions: 24->24
[2023-03-15T05:21:34.485+0000][69][gc,heap     ] GC(226) Archive regions: 2->2
[2023-03-15T05:21:34.486+0000][69][gc,heap     ] GC(226) Humongous regions: 2->2
[2023-03-15T05:21:34.486+0000][69][gc,metaspace] GC(226) Metaspace: 137629K(141056K)->137629K(141056K) NonClass: 120154K(121344K)->120154K(121344K) Class: 17474K(19712K)->17474K(19712K)
[2023-03-15T05:21:34.487+0000][69][gc          ] GC(226) Pause Young (Normal) (G1 Evacuation Pause) 204M->109M(256M) 34.002ms
[2023-03-15T05:21:34.487+0000][69][gc,cpu      ] GC(226) User=0.01s Sys=0.01s Real=0.03s
[2023-03-15T05:21:34.488+0000][69][safepoint   ] Safepoint "G1CollectForAllocation", Time since last: 9047614654 ns, Reaching safepoint: 151858 ns, At safepoint: 35104169 ns, Total: 35256027 ns
[2023-03-15T05:21:55.497+0000][69][safepoint   ] Safepoint "Cleanup", Time since last: 21030146467 ns, Reaching safepoint: 435396 ns, At safepoint: 21762 ns, Total: 457158 ns
[2023-03-15T05:22:00.511+0000][69][safepoint   ] Safepoint "Cleanup", Time since last: 5013298258 ns, Reaching safepoint: 578906 ns, At safepoint: 11777 ns, Total: 590683 ns
[2023-03-15T05:22:05.523+0000][69][safepoint   ] Safepoint "Cleanup", Time since last: 5012177335 ns, Reaching safepoint: 75015 ns, At safepoint: 3265 ns, Total: 78280 ns
[2023-03-15T05:22:07.158+0000][69][gc,start    ] GC(227) Pause Young (Concurrent Start) (G1 Evacuation Pause)
[2023-03-15T05:22:07.159+0000][69][gc,task     ] GC(227) Using 4 workers of 4 for evacuation
[2023-03-15T05:22:07.161+0000][69][gc,age      ] GC(227) Desired survivor size 8388608 bytes, new threshold 15 (max threshold 15)
[2023-03-15T05:22:07.166+0000][69][gc,phases   ] GC(227)   Pre Evacuate Collection Set: 0.7ms
[2023-03-15T05:22:07.167+0000][69][gc,phases   ] GC(227)   Merge Heap Roots: 0.2ms
[2023-03-15T05:22:07.168+0000][69][gc,phases   ] GC(227)   Evacuate Collection Set: 2.2ms
[2023-03-15T05:22:07.169+0000][69][gc,phases   ] GC(227)   Post Evacuate Collection Set: 1.2ms
[2023-03-15T05:22:07.170+0000][69][gc,phases   ] GC(227)   Other: 2.7ms
[2023-03-15T05:22:07.170+0000][69][gc,age      ] GC(227) Age table with threshold 15 (max threshold 15)
[2023-03-15T05:22:07.170+0000][69][gc,age      ] GC(227) - age   1:    1177616 bytes,    1177616 total
[2023-03-15T05:22:07.171+0000][69][gc,age      ] GC(227) - age   2:     167400 bytes,    1345016 total
[2023-03-15T05:22:07.172+0000][69][gc,age      ] GC(227) - age   3:       4944 bytes,    1349960 total
[2023-03-15T05:22:07.172+0000][69][gc,age      ] GC(227) - age   4:       9528 bytes,    1359488 total
[2023-03-15T05:22:07.173+0000][69][gc,age      ] GC(227) - age   5:        800 bytes,    1360288 total
[2023-03-15T05:22:07.174+0000][69][gc,age      ] GC(227) - age   6:     367328 bytes,    1727616 total
[2023-03-15T05:22:07.174+0000][69][gc,age      ] GC(227) - age   7:       9376 bytes,    1736992 total
[2023-03-15T05:22:07.175+0000][69][gc,age      ] GC(227) - age   8:     138816 bytes,    1875808 total
[2023-03-15T05:22:07.175+0000][69][gc,age      ] GC(227) - age   9:       8040 bytes,    1883848 total
[2023-03-15T05:22:07.176+0000][69][gc,age      ] GC(227) - age  10:        992 bytes,    1884840 total
[2023-03-15T05:22:07.176+0000][69][gc,age      ] GC(227) - age  11:       1016 bytes,    1885856 total
[2023-03-15T05:22:07.177+0000][69][gc,age      ] GC(227) - age  12:        512 bytes,    1886368 total
[2023-03-15T05:22:07.177+0000][69][gc,age      ] GC(227) - age  13:       4504 bytes,    1890872 total
[2023-03-15T05:22:07.178+0000][69][gc,age      ] GC(227) - age  14:        264 bytes,    1891136 total
[2023-03-15T05:22:07.178+0000][69][gc,age      ] GC(227) - age  15:       6464 bytes,    1897600 total
[2023-03-15T05:22:07.179+0000][69][gc,heap     ] GC(227) Eden regions: 24->0(24)
[2023-03-15T05:22:07.180+0000][69][gc,heap     ] GC(227) Survivor regions: 1->1(4)
[2023-03-15T05:22:07.180+0000][69][gc,heap     ] GC(227) Old regions: 24->24
[2023-03-15T05:22:07.180+0000][69][gc,heap     ] GC(227) Archive regions: 2->2
[2023-03-15T05:22:07.181+0000][69][gc,heap     ] GC(227) Humongous regions: 2->2
[2023-03-15T05:22:07.182+0000][69][gc,metaspace] GC(227) Metaspace: 137640K(141120K)->137640K(141120K) NonClass: 120165K(121408K)->120165K(121408K) Class: 17474K(19712K)->17474K(19712K)
[2023-03-15T05:22:07.182+0000][69][gc          ] GC(227) Pause Young (Concurrent Start) (G1 Evacuation Pause) 205M->109M(256M) 24.114ms
[2023-03-15T05:22:07.183+0000][69][gc          ] GC(228) Concurrent Mark Cycle
[2023-03-15T05:22:07.183+0000][69][gc,marking  ] GC(228) Concurrent Clear Claimed Marks
[2023-03-15T05:22:07.184+0000][69][gc,marking  ] GC(228) Concurrent Clear Claimed Marks 0.735ms
[2023-03-15T05:22:07.184+0000][69][gc,marking  ] GC(228) Concurrent Scan Root Regions
[2023-03-15T05:22:07.183+0000][69][gc,cpu      ] GC(227) User=0.02s Sys=0.00s Real=0.03s
[2023-03-15T05:22:07.186+0000][69][safepoint   ] Safepoint "G1CollectForAllocation", Time since last: 1634630353 ns, Reaching safepoint: 97858 ns, At safepoint: 28105607 ns, Total: 28203465 ns
[2023-03-15T05:22:07.187+0000][69][gc,marking  ] GC(228) Concurrent Scan Root Regions 3.147ms
[2023-03-15T05:22:07.188+0000][69][gc,marking  ] GC(228) Concurrent Mark
[2023-03-15T05:22:07.189+0000][69][gc,marking  ] GC(228) Concurrent Mark From Roots
[2023-03-15T05:22:07.189+0000][69][gc,task     ] GC(228) Using 1 workers of 1 for marking
[2023-03-15T05:22:07.286+0000][69][gc,marking  ] GC(228) Concurrent Mark From Roots 97.897ms
[2023-03-15T05:22:07.288+0000][69][gc,marking  ] GC(228) Concurrent Preclean
[2023-03-15T05:22:07.289+0000][69][gc,marking  ] GC(228) Concurrent Preclean 1.398ms
[2023-03-15T05:22:07.290+0000][69][gc,start    ] GC(228) Pause Remark
[2023-03-15T05:22:07.301+0000][69][gc          ] GC(228) Pause Remark 109M->109M(256M) 11.090ms
[2023-03-15T05:22:07.302+0000][69][gc,cpu      ] GC(228) User=0.03s Sys=0.00s Real=0.02s
[2023-03-15T05:22:07.303+0000][69][safepoint   ] Safepoint "G1PauseRemark", Time since last: 103857846 ns, Reaching safepoint: 164236 ns, At safepoint: 12624062 ns, Total: 12788298 ns
[2023-03-15T05:22:07.303+0000][69][gc,marking  ] GC(228) Concurrent Mark 115.222ms
[2023-03-15T05:22:07.304+0000][69][gc,marking  ] GC(228) Concurrent Rebuild Remembered Sets
[2023-03-15T05:22:07.354+0000][69][gc,marking  ] GC(228) Concurrent Rebuild Remembered Sets 49.891ms
[2023-03-15T05:22:07.355+0000][69][gc,start    ] GC(228) Pause Cleanup
[2023-03-15T05:22:07.356+0000][69][gc          ] GC(228) Pause Cleanup 109M->109M(256M) 0.874ms
[2023-03-15T05:22:07.356+0000][69][gc,cpu      ] GC(228) User=0.00s Sys=0.00s Real=0.00s
[2023-03-15T05:22:07.357+0000][69][safepoint   ] Safepoint "G1PauseCleanup", Time since last: 52094378 ns, Reaching safepoint: 176659 ns, At safepoint: 2269088 ns, Total: 2445747 ns
[2023-03-15T05:22:07.358+0000][69][gc,marking  ] GC(228) Concurrent Cleanup for Next Mark
[2023-03-15T05:22:07.358+0000][69][gc,marking  ] GC(228) Concurrent Cleanup for Next Mark 0.679ms
[2023-03-15T05:22:07.359+0000][69][gc          ] GC(228) Concurrent Mark Cycle 176.519ms
[2023-03-15T05:22:11.365+0000][69][safepoint   ] Safepoint "Cleanup", Time since last: 4007372464 ns, Reaching safepoint: 428375 ns, At safepoint: 32503 ns, Total: 460878 ns
[2023-03-15T05:22:22.358+0000][69][safepoint   ] Safepoint "Cleanup", Time since last: 11013878449 ns, Reaching safepoint: 221267 ns, At safepoint: 28395 ns, Total: 249662 ns
[2023-03-15T05:22:30.372+0000][69][safepoint   ] Safepoint "Cleanup", Time since last: 8013977469 ns, Reaching safepoint: 369196 ns, At safepoint: 10882 ns, Total: 380078 ns
[2023-03-15T05:22:34.344+0000][69][gc,start    ] GC(229) Pause Young (Normal) (G1 Evacuation Pause)
[2023-03-15T05:22:34.344+0000][69][gc,task     ] GC(229) Using 4 workers of 4 for evacuation
[2023-03-15T05:22:34.345+0000][69][gc,age      ] GC(229) Desired survivor size 8388608 bytes, new threshold 15 (max threshold 15)
[2023-03-15T05:22:34.349+0000][69][gc,phases   ] GC(229)   Pre Evacuate Collection Set: 0.1ms
[2023-03-15T05:22:34.349+0000][69][gc,phases   ] GC(229)   Merge Heap Roots: 0.1ms
[2023-03-15T05:22:34.350+0000][69][gc,phases   ] GC(229)   Evacuate Collection Set: 2.1ms
[2023-03-15T05:22:34.350+0000][69][gc,phases   ] GC(229)   Post Evacuate Collection Set: 0.7ms
[2023-03-15T05:22:34.350+0000][69][gc,phases   ] GC(229)   Other: 1.3ms
[2023-03-15T05:22:34.351+0000][69][gc,age      ] GC(229) Age table with threshold 15 (max threshold 15)
[2023-03-15T05:22:34.351+0000][69][gc,age      ] GC(229) - age   1:     611960 bytes,     611960 total
[2023-03-15T05:22:34.351+0000][69][gc,age      ] GC(229) - age   2:       2224 bytes,     614184 total
[2023-03-15T05:22:34.352+0000][69][gc,age      ] GC(229) - age   3:      28368 bytes,     642552 total
[2023-03-15T05:22:34.352+0000][69][gc,age      ] GC(229) - age   4:       4568 bytes,     647120 total
[2023-03-15T05:22:34.353+0000][69][gc,age      ] GC(229) - age   5:       9464 bytes,     656584 total
[2023-03-15T05:22:34.353+0000][69][gc,age      ] GC(229) - age   6:        776 bytes,     657360 total
[2023-03-15T05:22:34.353+0000][69][gc,age      ] GC(229) - age   7:     367328 bytes,    1024688 total
[2023-03-15T05:22:34.354+0000][69][gc,age      ] GC(229) - age   8:        944 bytes,    1025632 total
[2023-03-15T05:22:34.354+0000][69][gc,age      ] GC(229) - age   9:     138816 bytes,    1164448 total
[2023-03-15T05:22:34.355+0000][69][gc,age      ] GC(229) - age  10:       8040 bytes,    1172488 total
[2023-03-15T05:22:34.355+0000][69][gc,age      ] GC(229) - age  11:        992 bytes,    1173480 total
[2023-03-15T05:22:34.356+0000][69][gc,age      ] GC(229) - age  12:       1016 bytes,    1174496 total
[2023-03-15T05:22:34.356+0000][69][gc,age      ] GC(229) - age  13:        512 bytes,    1175008 total
[2023-03-15T05:22:34.357+0000][69][gc,age      ] GC(229) - age  14:       4504 bytes,    1179512 total
[2023-03-15T05:22:34.357+0000][69][gc,age      ] GC(229) - age  15:        264 bytes,    1179776 total
[2023-03-15T05:22:34.358+0000][69][gc,heap     ] GC(229) Eden regions: 24->0(24)
[2023-03-15T05:22:34.358+0000][69][gc,heap     ] GC(229) Survivor regions: 1->1(4)
[2023-03-15T05:22:34.358+0000][69][gc,heap     ] GC(229) Old regions: 24->24
[2023-03-15T05:22:34.359+0000][69][gc,heap     ] GC(229) Archive regions: 2->2
[2023-03-15T05:22:34.359+0000][69][gc,heap     ] GC(229) Humongous regions: 2->2
[2023-03-15T05:22:34.359+0000][69][gc,metaspace] GC(229) Metaspace: 137640K(141120K)->137640K(141120K) NonClass: 120165K(121408K)->120165K(121408K) Class: 17474K(19712K)->17474K(19712K)
[2023-03-15T05:22:34.360+0000][69][gc          ] GC(229) Pause Young (Normal) (G1 Evacuation Pause) 205M->108M(256M) 16.075ms
[2023-03-15T05:22:34.360+0000][69][gc,cpu      ] GC(229) User=0.01s Sys=0.01s Real=0.02s
[2023-03-15T05:22:34.361+0000][69][safepoint   ] Safepoint "G1CollectForAllocation", Time since last: 3971355774 ns, Reaching safepoint: 72176 ns, At safepoint: 16979496 ns, Total: 17051672 ns
[2023-03-15T05:22:49.371+0000][69][safepoint   ] Safepoint "Cleanup", Time since last: 15030843589 ns, Reaching safepoint: 359370 ns, At safepoint: 16139 ns, Total: 375509 ns
[2023-03-15T05:22:52.378+0000][69][safepoint   ] Safepoint "Cleanup", Time since last: 3007446747 ns, Reaching safepoint: 78526 ns, At safepoint: 26369 ns, Total: 104895 ns
[2023-03-15T05:23:05.069+0000][69][gc,start    ] GC(230) Pause Young (Concurrent Start) (G1 Evacuation Pause)
[2023-03-15T05:23:05.070+0000][69][gc,task     ] GC(230) Using 4 workers of 4 for evacuation
[2023-03-15T05:23:05.071+0000][69][gc,age      ] GC(230) Desired survivor size 8388608 bytes, new threshold 15 (max threshold 15)
[2023-03-15T05:23:05.076+0000][69][gc,phases   ] GC(230)   Pre Evacuate Collection Set: 0.6ms
[2023-03-15T05:23:05.077+0000][69][gc,phases   ] GC(230)   Merge Heap Roots: 0.3ms
[2023-03-15T05:23:05.078+0000][69][gc,phases   ] GC(230)   Evacuate Collection Set: 2.2ms
[2023-03-15T05:23:05.078+0000][69][gc,phases   ] GC(230)   Post Evacuate Collection Set: 0.7ms
[2023-03-15T05:23:05.079+0000][69][gc,phases   ] GC(230)   Other: 1.9ms
[2023-03-15T05:23:05.079+0000][69][gc,age      ] GC(230) Age table with threshold 15 (max threshold 15)
[2023-03-15T05:23:05.080+0000][69][gc,age      ] GC(230) - age   1:    1293344 bytes,    1293344 total
[2023-03-15T05:23:05.080+0000][69][gc,age      ] GC(230) - age   2:     127984 bytes,    1421328 total
[2023-03-15T05:23:05.080+0000][69][gc,age      ] GC(230) - age   3:        528 bytes,    1421856 total
[2023-03-15T05:23:05.081+0000][69][gc,age      ] GC(230) - age   4:      27688 bytes,    1449544 total
[2023-03-15T05:23:05.081+0000][69][gc,age      ] GC(230) - age   5:       4352 bytes,    1453896 total
[2023-03-15T05:23:05.082+0000][69][gc,age      ] GC(230) - age   6:       9336 bytes,    1463232 total
[2023-03-15T05:23:05.082+0000][69][gc,age      ] GC(230) - age   7:        776 bytes,    1464008 total
[2023-03-15T05:23:05.083+0000][69][gc,age      ] GC(230) - age   8:     367264 bytes,    1831272 total
[2023-03-15T05:23:05.083+0000][69][gc,age      ] GC(230) - age   9:        944 bytes,    1832216 total
[2023-03-15T05:23:05.084+0000][69][gc,age      ] GC(230) - age  10:     138816 bytes,    1971032 total
[2023-03-15T05:23:05.084+0000][69][gc,age      ] GC(230) - age  11:       7784 bytes,    1978816 total
[2023-03-15T05:23:05.085+0000][69][gc,age      ] GC(230) - age  12:        992 bytes,    1979808 total
[2023-03-15T05:23:05.085+0000][69][gc,age      ] GC(230) - age  13:       1016 bytes,    1980824 total
[2023-03-15T05:23:05.086+0000][69][gc,age      ] GC(230) - age  14:        512 bytes,    1981336 total
[2023-03-15T05:23:05.087+0000][69][gc,age      ] GC(230) - age  15:       4504 bytes,    1985840 total
[2023-03-15T05:23:05.087+0000][69][gc,heap     ] GC(230) Eden regions: 24->0(24)
[2023-03-15T05:23:05.087+0000][69][gc,heap     ] GC(230) Survivor regions: 1->1(4)
[2023-03-15T05:23:05.087+0000][69][gc,heap     ] GC(230) Old regions: 24->24
[2023-03-15T05:23:05.088+0000][69][gc,heap     ] GC(230) Archive regions: 2->2
[2023-03-15T05:23:05.088+0000][69][gc,heap     ] GC(230) Humongous regions: 2->2
[2023-03-15T05:23:05.089+0000][69][gc,metaspace] GC(230) Metaspace: 137647K(141120K)->137647K(141120K) NonClass: 120172K(121408K)->120172K(121408K) Class: 17474K(19712K)->17474K(19712K)
[2023-03-15T05:23:05.089+0000][69][gc          ] GC(230) Pause Young (Concurrent Start) (G1 Evacuation Pause) 204M->109M(256M) 19.916ms
[2023-03-15T05:23:05.090+0000][69][gc,cpu      ] GC(230) User=0.00s Sys=0.00s Real=0.02s
[2023-03-15T05:23:05.090+0000][69][gc          ] GC(231) Concurrent Mark Cycle
[2023-03-15T05:23:05.091+0000][69][gc,marking  ] GC(231) Concurrent Clear Claimed Marks
[2023-03-15T05:23:05.090+0000][69][safepoint   ] Safepoint "G1CollectForAllocation", Time since last: 12690632358 ns, Reaching safepoint: 171031 ns, At safepoint: 21035040 ns, Total: 21206071 ns
[2023-03-15T05:23:05.092+0000][69][gc,marking  ] GC(231) Concurrent Clear Claimed Marks 0.941ms
[2023-03-15T05:23:05.093+0000][69][gc,marking  ] GC(231) Concurrent Scan Root Regions
[2023-03-15T05:23:05.096+0000][69][gc,marking  ] GC(231) Concurrent Scan Root Regions 3.054ms
[2023-03-15T05:23:05.098+0000][69][gc,marking  ] GC(231) Concurrent Mark
[2023-03-15T05:23:05.098+0000][69][gc,marking  ] GC(231) Concurrent Mark From Roots
[2023-03-15T05:23:05.099+0000][69][gc,task     ] GC(231) Using 1 workers of 1 for marking
[2023-03-15T05:23:05.212+0000][69][gc,marking  ] GC(231) Concurrent Mark From Roots 113.840ms
[2023-03-15T05:23:05.213+0000][69][gc,marking  ] GC(231) Concurrent Preclean
[2023-03-15T05:23:05.214+0000][69][gc,marking  ] GC(231) Concurrent Preclean 0.833ms
[2023-03-15T05:23:05.215+0000][69][gc,start    ] GC(231) Pause Remark
[2023-03-15T05:23:05.223+0000][69][gc          ] GC(231) Pause Remark 111M->111M(256M) 8.189ms
[2023-03-15T05:23:05.224+0000][69][gc,cpu      ] GC(231) User=0.03s Sys=0.00s Real=0.01s
[2023-03-15T05:23:05.225+0000][69][safepoint   ] Safepoint "G1PauseRemark", Time since last: 124298474 ns, Reaching safepoint: 181156 ns, At safepoint: 10255406 ns, Total: 10436562 ns
[2023-03-15T05:23:05.226+0000][69][gc,marking  ] GC(231) Concurrent Mark 127.695ms
[2023-03-15T05:23:05.226+0000][69][gc,marking  ] GC(231) Concurrent Rebuild Remembered Sets
[2023-03-15T05:23:05.276+0000][69][gc,marking  ] GC(231) Concurrent Rebuild Remembered Sets 49.474ms
[2023-03-15T05:23:05.277+0000][69][gc,start    ] GC(231) Pause Cleanup
[2023-03-15T05:23:05.277+0000][69][gc          ] GC(231) Pause Cleanup 111M->111M(256M) 0.704ms
[2023-03-15T05:23:05.278+0000][69][gc,cpu      ] GC(231) User=0.00s Sys=0.00s Real=0.00s
[2023-03-15T05:23:05.278+0000][69][safepoint   ] Safepoint "G1PauseCleanup", Time since last: 51462083 ns, Reaching safepoint: 96215 ns, At safepoint: 1577855 ns, Total: 1674070 ns
[2023-03-15T05:23:05.279+0000][69][gc,marking  ] GC(231) Concurrent Cleanup for Next Mark
[2023-03-15T05:23:05.279+0000][69][gc,marking  ] GC(231) Concurrent Cleanup for Next Mark 0.673ms
[2023-03-15T05:23:05.280+0000][69][gc          ] GC(231) Concurrent Mark Cycle 190.160ms
[2023-03-15T05:23:16.401+0000][69][safepoint   ] Safepoint "Cleanup", Time since last: 11143385944 ns, Reaching safepoint: 281700 ns, At safepoint: 29265 ns, Total: 310965 ns
[2023-03-15T05:23:29.422+0000][69][safepoint   ] Safepoint "Cleanup", Time since last: 13020625768 ns, Reaching safepoint: 682143 ns, At safepoint: 208049 ns, Total: 890192 ns
[2023-03-15T05:23:37.136+0000][69][gc,start    ] GC(232) Pause Young (Normal) (G1 Evacuation Pause)
[2023-03-15T05:23:37.138+0000][69][gc,task     ] GC(232) Using 4 workers of 4 for evacuation
[2023-03-15T05:23:37.139+0000][69][gc,age      ] GC(232) Desired survivor size 8388608 bytes, new threshold 15 (max threshold 15)
[2023-03-15T05:23:37.146+0000][69][gc,phases   ] GC(232)   Pre Evacuate Collection Set: 0.3ms
[2023-03-15T05:23:37.148+0000][69][gc,phases   ] GC(232)   Merge Heap Roots: 0.4ms
[2023-03-15T05:23:37.149+0000][69][gc,phases   ] GC(232)   Evacuate Collection Set: 4.0ms
[2023-03-15T05:23:37.150+0000][69][gc,phases   ] GC(232)   Post Evacuate Collection Set: 1.2ms
[2023-03-15T05:23:37.150+0000][69][gc,phases   ] GC(232)   Other: 2.8ms
[2023-03-15T05:23:37.151+0000][69][gc,age      ] GC(232) Age table with threshold 15 (max threshold 15)
[2023-03-15T05:23:37.152+0000][69][gc,age      ] GC(232) - age   1:    1421800 bytes,    1421800 total
[2023-03-15T05:23:37.153+0000][69][gc,age      ] GC(232) - age   2:       2616 bytes,    1424416 total
[2023-03-15T05:23:37.153+0000][69][gc,age      ] GC(232) - age   3:     109664 bytes,    1534080 total
[2023-03-15T05:23:37.154+0000][69][gc,age      ] GC(232) - age   4:        464 bytes,    1534544 total
[2023-03-15T05:23:37.155+0000][69][gc,age      ] GC(232) - age   5:      19672 bytes,    1554216 total
[2023-03-15T05:23:37.155+0000][69][gc,age      ] GC(232) - age   6:       4352 bytes,    1558568 total
[2023-03-15T05:23:37.156+0000][69][gc,age      ] GC(232) - age   7:        904 bytes,    1559472 total
[2023-03-15T05:23:37.157+0000][69][gc,age      ] GC(232) - age   8:        776 bytes,    1560248 total
[2023-03-15T05:23:37.157+0000][69][gc,age      ] GC(232) - age   9:     367264 bytes,    1927512 total
[2023-03-15T05:23:37.158+0000][69][gc,age      ] GC(232) - age  10:        944 bytes,    1928456 total
[2023-03-15T05:23:37.158+0000][69][gc,age      ] GC(232) - age  11:     138816 bytes,    2067272 total
[2023-03-15T05:23:37.159+0000][69][gc,age      ] GC(232) - age  12:       7784 bytes,    2075056 total
[2023-03-15T05:23:37.159+0000][69][gc,age      ] GC(232) - age  13:        992 bytes,    2076048 total
[2023-03-15T05:23:37.160+0000][69][gc,age      ] GC(232) - age  14:       1016 bytes,    2077064 total
[2023-03-15T05:23:37.160+0000][69][gc,age      ] GC(232) - age  15:        512 bytes,    2077576 total
[2023-03-15T05:23:37.161+0000][69][gc,heap     ] GC(232) Eden regions: 24->0(24)
[2023-03-15T05:23:37.161+0000][69][gc,heap     ] GC(232) Survivor regions: 1->1(4)
[2023-03-15T05:23:37.163+0000][69][gc,heap     ] GC(232) Old regions: 24->24
[2023-03-15T05:23:37.163+0000][69][gc,heap     ] GC(232) Archive regions: 2->2
[2023-03-15T05:23:37.164+0000][69][gc,heap     ] GC(232) Humongous regions: 2->2
[2023-03-15T05:23:37.164+0000][69][gc,metaspace] GC(232) Metaspace: 137647K(141120K)->137647K(141120K) NonClass: 120173K(121408K)->120173K(121408K) Class: 17474K(19712K)->17474K(19712K)
[2023-03-15T05:23:37.165+0000][69][gc          ] GC(232) Pause Young (Normal) (G1 Evacuation Pause) 205M->109M(256M) 28.987ms
[2023-03-15T05:23:37.165+0000][69][gc,cpu      ] GC(232) User=0.01s Sys=0.00s Real=0.03s
[2023-03-15T05:23:37.166+0000][69][safepoint   ] Safepoint "G1CollectForAllocation", Time since last: 7712944853 ns, Reaching safepoint: 260924 ns, At safepoint: 30030781 ns, Total: 30291705 ns
[2023-03-15T05:23:43.177+0000][69][safepoint   ] Safepoint "Cleanup", Time since last: 6011383475 ns, Reaching safepoint: 511351 ns, At safepoint: 14794 ns, Total: 526145 ns
[2023-03-15T05:24:05.034+0000][69][gc,start    ] GC(233) Pause Young (Concurrent Start) (G1 Evacuation Pause)
[2023-03-15T05:24:05.036+0000][69][gc,task     ] GC(233) Using 4 workers of 4 for evacuation
[2023-03-15T05:24:05.037+0000][69][gc,age      ] GC(233) Desired survivor size 8388608 bytes, new threshold 15 (max threshold 15)
[2023-03-15T05:24:05.044+0000][69][gc,phases   ] GC(233)   Pre Evacuate Collection Set: 0.8ms
[2023-03-15T05:24:05.045+0000][69][gc,phases   ] GC(233)   Merge Heap Roots: 0.3ms
[2023-03-15T05:24:05.046+0000][69][gc,phases   ] GC(233)   Evacuate Collection Set: 3.5ms
[2023-03-15T05:24:05.047+0000][69][gc,phases   ] GC(233)   Post Evacuate Collection Set: 1.0ms
[2023-03-15T05:24:05.048+0000][69][gc,phases   ] GC(233)   Other: 2.6ms
[2023-03-15T05:24:05.049+0000][69][gc,age      ] GC(233) Age table with threshold 15 (max threshold 15)
[2023-03-15T05:24:05.049+0000][69][gc,age      ] GC(233) - age   1:    1785480 bytes,    1785480 total
[2023-03-15T05:24:05.050+0000][69][gc,age      ] GC(233) - age   2:     140792 bytes,    1926272 total
[2023-03-15T05:24:05.051+0000][69][gc,age      ] GC(233) - age   3:        576 bytes,    1926848 total
[2023-03-15T05:24:05.052+0000][69][gc,age      ] GC(233) - age   4:         80 bytes,    1926928 total
[2023-03-15T05:24:05.052+0000][69][gc,age      ] GC(233) - age   5:        288 bytes,    1927216 total
[2023-03-15T05:24:05.053+0000][69][gc,age      ] GC(233) - age   6:      19672 bytes,    1946888 total
[2023-03-15T05:24:05.054+0000][69][gc,age      ] GC(233) - age   7:       4352 bytes,    1951240 total
[2023-03-15T05:24:05.055+0000][69][gc,age      ] GC(233) - age   8:        904 bytes,    1952144 total
[2023-03-15T05:24:05.055+0000][69][gc,age      ] GC(233) - age   9:        776 bytes,    1952920 total
[2023-03-15T05:24:05.056+0000][69][gc,age      ] GC(233) - age  10:     367264 bytes,    2320184 total
[2023-03-15T05:24:05.057+0000][69][gc,age      ] GC(233) - age  11:        944 bytes,    2321128 total
[2023-03-15T05:24:05.057+0000][69][gc,age      ] GC(233) - age  12:     138816 bytes,    2459944 total
[2023-03-15T05:24:05.058+0000][69][gc,age      ] GC(233) - age  13:       7784 bytes,    2467728 total
[2023-03-15T05:24:05.059+0000][69][gc,age      ] GC(233) - age  14:        992 bytes,    2468720 total
[2023-03-15T05:24:05.059+0000][69][gc,age      ] GC(233) - age  15:       1016 bytes,    2469736 total
[2023-03-15T05:24:05.060+0000][69][gc,heap     ] GC(233) Eden regions: 24->0(24)
[2023-03-15T05:24:05.061+0000][69][gc,heap     ] GC(233) Survivor regions: 1->1(4)
[2023-03-15T05:24:05.062+0000][69][gc,heap     ] GC(233) Old regions: 24->24
[2023-03-15T05:24:05.062+0000][69][gc,heap     ] GC(233) Archive regions: 2->2
[2023-03-15T05:24:05.063+0000][69][gc,heap     ] GC(233) Humongous regions: 2->2
[2023-03-15T05:24:05.063+0000][69][gc,metaspace] GC(233) Metaspace: 137648K(141120K)->137648K(141120K) NonClass: 120173K(121408K)->120173K(121408K) Class: 17474K(19712K)->17474K(19712K)
[2023-03-15T05:24:05.064+0000][69][gc          ] GC(233) Pause Young (Concurrent Start) (G1 Evacuation Pause) 205M->109M(256M) 30.216ms
[2023-03-15T05:24:05.065+0000][69][gc,cpu      ] GC(233) User=0.01s Sys=0.01s Real=0.03s
[2023-03-15T05:24:05.065+0000][69][gc          ] GC(234) Concurrent Mark Cycle
[2023-03-15T05:24:05.067+0000][69][gc,marking  ] GC(234) Concurrent Clear Claimed Marks
[2023-03-15T05:24:05.066+0000][69][safepoint   ] Safepoint "G1CollectForAllocation", Time since last: 21877279493 ns, Reaching safepoint: 233984 ns, At safepoint: 32325796 ns, Total: 32559780 ns
[2023-03-15T05:24:05.068+0000][69][gc,marking  ] GC(234) Concurrent Clear Claimed Marks 0.892ms
[2023-03-15T05:24:05.071+0000][69][gc,marking  ] GC(234) Concurrent Scan Root Regions
[2023-03-15T05:24:05.073+0000][69][gc,marking  ] GC(234) Concurrent Scan Root Regions 2.657ms
[2023-03-15T05:24:05.074+0000][69][gc,marking  ] GC(234) Concurrent Mark
[2023-03-15T05:24:05.075+0000][69][gc,marking  ] GC(234) Concurrent Mark From Roots
[2023-03-15T05:24:05.075+0000][69][gc,task     ] GC(234) Using 1 workers of 1 for marking
[2023-03-15T05:24:05.172+0000][69][gc,marking  ] GC(234) Concurrent Mark From Roots 97.775ms
[2023-03-15T05:24:05.173+0000][69][gc,marking  ] GC(234) Concurrent Preclean
[2023-03-15T05:24:05.174+0000][69][gc,marking  ] GC(234) Concurrent Preclean 1.121ms
[2023-03-15T05:24:05.175+0000][69][gc,start    ] GC(234) Pause Remark
[2023-03-15T05:24:05.186+0000][69][gc          ] GC(234) Pause Remark 111M->111M(256M) 11.199ms
[2023-03-15T05:24:05.187+0000][69][gc,cpu      ] GC(234) User=0.02s Sys=0.00s Real=0.02s
[2023-03-15T05:24:05.188+0000][69][safepoint   ] Safepoint "G1PauseRemark", Time since last: 108971776 ns, Reaching safepoint: 104136 ns, At safepoint: 12897518 ns, Total: 13001654 ns
[2023-03-15T05:24:05.189+0000][69][gc,marking  ] GC(234) Concurrent Mark 114.623ms
[2023-03-15T05:24:05.189+0000][69][gc,marking  ] GC(234) Concurrent Rebuild Remembered Sets
[2023-03-15T05:24:05.272+0000][69][gc,marking  ] GC(234) Concurrent Rebuild Remembered Sets 83.192ms
[2023-03-15T05:24:05.273+0000][69][gc,start    ] GC(234) Pause Cleanup
[2023-03-15T05:24:05.274+0000][69][gc          ] GC(234) Pause Cleanup 112M->112M(256M) 0.797ms
[2023-03-15T05:24:05.275+0000][69][gc,cpu      ] GC(234) User=0.00s Sys=0.00s Real=0.00s
[2023-03-15T05:24:05.275+0000][69][safepoint   ] Safepoint "G1PauseCleanup", Time since last: 85031829 ns, Reaching safepoint: 151988 ns, At safepoint: 1851156 ns, Total: 2003144 ns
[2023-03-15T05:24:05.276+0000][69][gc,marking  ] GC(234) Concurrent Cleanup for Next Mark
[2023-03-15T05:24:05.277+0000][69][gc,marking  ] GC(234) Concurrent Cleanup for Next Mark 1.115ms
[2023-03-15T05:24:05.278+0000][69][gc          ] GC(234) Concurrent Mark Cycle 212.557ms
[2023-03-15T05:24:16.270+0000][69][safepoint   ] Safepoint "Cleanup", Time since last: 11016382426 ns, Reaching safepoint: 275200 ns, At safepoint: 8735 ns, Total: 283935 ns
[2023-03-15T05:24:24.282+0000][69][safepoint   ] Safepoint "Cleanup", Time since last: 8010519271 ns, Reaching safepoint: 884196 ns, At safepoint: 73600 ns, Total: 957796 ns
[2023-03-15T05:24:33.426+0000][69][gc,start    ] GC(235) Pause Young (Normal) (G1 Evacuation Pause)
[2023-03-15T05:24:33.429+0000][69][gc,task     ] GC(235) Using 4 workers of 4 for evacuation
[2023-03-15T05:24:33.432+0000][69][gc,age      ] GC(235) Desired survivor size 8388608 bytes, new threshold 15 (max threshold 15)
[2023-03-15T05:24:33.441+0000][69][gc,phases   ] GC(235)   Pre Evacuate Collection Set: 0.3ms
[2023-03-15T05:24:33.442+0000][69][gc,phases   ] GC(235)   Merge Heap Roots: 0.2ms
[2023-03-15T05:24:33.443+0000][69][gc,phases   ] GC(235)   Evacuate Collection Set: 4.9ms
[2023-03-15T05:24:33.443+0000][69][gc,phases   ] GC(235)   Post Evacuate Collection Set: 1.5ms
[2023-03-15T05:24:33.444+0000][69][gc,phases   ] GC(235)   Other: 4.9ms
[2023-03-15T05:24:33.445+0000][69][gc,age      ] GC(235) Age table with threshold 15 (max threshold 15)
[2023-03-15T05:24:33.446+0000][69][gc,age      ] GC(235) - age   1:    1210160 bytes,    1210160 total
[2023-03-15T05:24:33.446+0000][69][gc,age      ] GC(235) - age   2:     111992 bytes,    1322152 total
[2023-03-15T05:24:33.448+0000][69][gc,age      ] GC(235) - age   3:       8920 bytes,    1331072 total
[2023-03-15T05:24:33.449+0000][69][gc,age      ] GC(235) - age   4:        424 bytes,    1331496 total
[2023-03-15T05:24:33.450+0000][69][gc,age      ] GC(235) - age   5:         64 bytes,    1331560 total
[2023-03-15T05:24:33.451+0000][69][gc,age      ] GC(235) - age   6:        288 bytes,    1331848 total
[2023-03-15T05:24:33.452+0000][69][gc,age      ] GC(235) - age   7:      19672 bytes,    1351520 total
[2023-03-15T05:24:33.453+0000][69][gc,age      ] GC(235) - age   8:       4080 bytes,    1355600 total
[2023-03-15T05:24:33.453+0000][69][gc,age      ] GC(235) - age   9:        184 bytes,    1355784 total
[2023-03-15T05:24:33.454+0000][69][gc,age      ] GC(235) - age  10:        544 bytes,    1356328 total
[2023-03-15T05:24:33.455+0000][69][gc,age      ] GC(235) - age  11:     255952 bytes,    1612280 total
[2023-03-15T05:24:33.455+0000][69][gc,age      ] GC(235) - age  12:        944 bytes,    1613224 total
[2023-03-15T05:24:33.456+0000][69][gc,age      ] GC(235) - age  13:     138816 bytes,    1752040 total
[2023-03-15T05:24:33.456+0000][69][gc,age      ] GC(235) - age  14:       7784 bytes,    1759824 total
[2023-03-15T05:24:33.457+0000][69][gc,age      ] GC(235) - age  15:        992 bytes,    1760816 total
[2023-03-15T05:24:33.457+0000][69][gc,heap     ] GC(235) Eden regions: 24->0(24)
[2023-03-15T05:24:33.458+0000][69][gc,heap     ] GC(235) Survivor regions: 1->1(4)
[2023-03-15T05:24:33.459+0000][69][gc,heap     ] GC(235) Old regions: 24->24
[2023-03-15T05:24:33.459+0000][69][gc,heap     ] GC(235) Archive regions: 2->2
[2023-03-15T05:24:33.460+0000][69][gc,heap     ] GC(235) Humongous regions: 2->2
[2023-03-15T05:24:33.460+0000][69][gc,metaspace] GC(235) Metaspace: 137648K(141120K)->137648K(141120K) NonClass: 120173K(121408K)->120173K(121408K) Class: 17474K(19712K)->17474K(19712K)
[2023-03-15T05:24:33.461+0000][69][gc          ] GC(235) Pause Young (Normal) (G1 Evacuation Pause) 205M->109M(256M) 35.226ms
[2023-03-15T05:24:33.461+0000][69][gc,cpu      ] GC(235) User=0.02s Sys=0.00s Real=0.03s
[2023-03-15T05:24:33.462+0000][69][safepoint   ] Safepoint "G1CollectForAllocation", Time since last: 9143030648 ns, Reaching safepoint: 603969 ns, At safepoint: 36802550 ns, Total: 37406519 ns
[2023-03-15T05:24:49.464+0000][69][safepoint   ] Safepoint "Cleanup", Time since last: 16022144569 ns, Reaching safepoint: 780292 ns, At safepoint: 43527 ns, Total: 823819 ns
[2023-03-15T05:25:04.374+0000][69][gc,start    ] GC(236) Pause Young (Concurrent Start) (G1 Evacuation Pause)
[2023-03-15T05:25:04.375+0000][69][gc,task     ] GC(236) Using 4 workers of 4 for evacuation
[2023-03-15T05:25:04.376+0000][69][gc,age      ] GC(236) Desired survivor size 8388608 bytes, new threshold 15 (max threshold 15)
[2023-03-15T05:25:04.379+0000][69][gc,phases   ] GC(236)   Pre Evacuate Collection Set: 0.3ms
[2023-03-15T05:25:04.380+0000][69][gc,phases   ] GC(236)   Merge Heap Roots: 0.1ms
[2023-03-15T05:25:04.381+0000][69][gc,phases   ] GC(236)   Evacuate Collection Set: 2.1ms
[2023-03-15T05:25:04.381+0000][69][gc,phases   ] GC(236)   Post Evacuate Collection Set: 0.7ms
[2023-03-15T05:25:04.382+0000][69][gc,phases   ] GC(236)   Other: 1.1ms
[2023-03-15T05:25:04.382+0000][69][gc,age      ] GC(236) Age table with threshold 15 (max threshold 15)
[2023-03-15T05:25:04.383+0000][69][gc,age      ] GC(236) - age   1:    1655576 bytes,    1655576 total
[2023-03-15T05:25:04.383+0000][69][gc,age      ] GC(236) - age   2:     475040 bytes,    2130616 total
[2023-03-15T05:25:04.383+0000][69][gc,age      ] GC(236) - age   3:        912 bytes,    2131528 total
[2023-03-15T05:25:04.384+0000][69][gc,age      ] GC(236) - age   4:       8792 bytes,    2140320 total
[2023-03-15T05:25:04.384+0000][69][gc,age      ] GC(236) - age   5:        232 bytes,    2140552 total
[2023-03-15T05:25:04.385+0000][69][gc,age      ] GC(236) - age   6:         64 bytes,    2140616 total
[2023-03-15T05:25:04.385+0000][69][gc,age      ] GC(236) - age   7:        256 bytes,    2140872 total
[2023-03-15T05:25:04.386+0000][69][gc,age      ] GC(236) - age   8:      19672 bytes,    2160544 total
[2023-03-15T05:25:04.386+0000][69][gc,age      ] GC(236) - age   9:       4080 bytes,    2164624 total
[2023-03-15T05:25:04.387+0000][69][gc,age      ] GC(236) - age  10:        184 bytes,    2164808 total
[2023-03-15T05:25:04.387+0000][69][gc,age      ] GC(236) - age  11:        248 bytes,    2165056 total
[2023-03-15T05:25:04.388+0000][69][gc,age      ] GC(236) - age  12:     255824 bytes,    2420880 total
[2023-03-15T05:25:04.388+0000][69][gc,age      ] GC(236) - age  13:        864 bytes,    2421744 total
[2023-03-15T05:25:04.388+0000][69][gc,age      ] GC(236) - age  14:     138816 bytes,    2560560 total
[2023-03-15T05:25:04.389+0000][69][gc,age      ] GC(236) - age  15:       7784 bytes,    2568344 total
[2023-03-15T05:25:04.389+0000][69][gc,heap     ] GC(236) Eden regions: 24->0(23)
[2023-03-15T05:25:04.390+0000][69][gc,heap     ] GC(236) Survivor regions: 1->1(4)
[2023-03-15T05:25:04.390+0000][69][gc,heap     ] GC(236) Old regions: 24->24
[2023-03-15T05:25:04.390+0000][69][gc,heap     ] GC(236) Archive regions: 2->2
[2023-03-15T05:25:04.391+0000][69][gc,heap     ] GC(236) Humongous regions: 2->2
[2023-03-15T05:25:04.391+0000][69][gc,metaspace] GC(236) Metaspace: 137648K(141120K)->137648K(141120K) NonClass: 120173K(121408K)->120173K(121408K) Class: 17474K(19712K)->17474K(19712K)
[2023-03-15T05:25:04.392+0000][69][gc          ] GC(236) Pause Young (Concurrent Start) (G1 Evacuation Pause) 205M->110M(256M) 17.477ms
[2023-03-15T05:25:04.392+0000][69][gc          ] GC(237) Concurrent Mark Cycle
[2023-03-15T05:25:04.393+0000][69][gc,marking  ] GC(237) Concurrent Clear Claimed Marks
[2023-03-15T05:25:04.392+0000][69][gc,cpu      ] GC(236) User=0.01s Sys=0.00s Real=0.01s
[2023-03-15T05:25:04.394+0000][69][gc,marking  ] GC(237) Concurrent Clear Claimed Marks 0.821ms
[2023-03-15T05:25:04.394+0000][69][gc,marking  ] GC(237) Concurrent Scan Root Regions
[2023-03-15T05:25:04.394+0000][69][safepoint   ] Safepoint "G1CollectForAllocation", Time since last: 14910567901 ns, Reaching safepoint: 241053 ns, At safepoint: 19434941 ns, Total: 19675994 ns
[2023-03-15T05:25:04.398+0000][69][gc,marking  ] GC(237) Concurrent Scan Root Regions 3.517ms
[2023-03-15T05:25:04.399+0000][69][gc,marking  ] GC(237) Concurrent Mark
[2023-03-15T05:25:04.399+0000][69][gc,marking  ] GC(237) Concurrent Mark From Roots
[2023-03-15T05:25:04.400+0000][69][gc,task     ] GC(237) Using 1 workers of 1 for marking
[2023-03-15T05:25:04.520+0000][69][gc,marking  ] GC(237) Concurrent Mark From Roots 120.677ms
[2023-03-15T05:25:04.521+0000][69][gc,marking  ] GC(237) Concurrent Preclean
[2023-03-15T05:25:04.522+0000][69][gc,marking  ] GC(237) Concurrent Preclean 1.039ms
[2023-03-15T05:25:04.522+0000][69][gc,start    ] GC(237) Pause Remark
[2023-03-15T05:25:04.533+0000][69][gc          ] GC(237) Pause Remark 119M->119M(256M) 11.217ms
[2023-03-15T05:25:04.534+0000][69][gc,cpu      ] GC(237) User=0.03s Sys=0.00s Real=0.02s
[2023-03-15T05:25:04.535+0000][69][safepoint   ] Safepoint "G1PauseRemark", Time since last: 128304068 ns, Reaching safepoint: 79465 ns, At safepoint: 12869764 ns, Total: 12949229 ns
[2023-03-15T05:25:04.536+0000][69][gc,marking  ] GC(237) Concurrent Mark 137.111ms
[2023-03-15T05:25:04.536+0000][69][gc,marking  ] GC(237) Concurrent Rebuild Remembered Sets
[2023-03-15T05:25:04.618+0000][69][gc,marking  ] GC(237) Concurrent Rebuild Remembered Sets 81.399ms
[2023-03-15T05:25:04.619+0000][69][gc,start    ] GC(237) Pause Cleanup
[2023-03-15T05:25:04.620+0000][69][gc          ] GC(237) Pause Cleanup 122M->122M(256M) 0.609ms
[2023-03-15T05:25:04.620+0000][69][gc,cpu      ] GC(237) User=0.00s Sys=0.00s Real=0.00s
[2023-03-15T05:25:04.621+0000][69][safepoint   ] Safepoint "G1PauseCleanup", Time since last: 83520113 ns, Reaching safepoint: 398648 ns, At safepoint: 1659206 ns, Total: 2057854 ns
[2023-03-15T05:25:04.621+0000][69][gc,marking  ] GC(237) Concurrent Cleanup for Next Mark
[2023-03-15T05:25:04.622+0000][69][gc,marking  ] GC(237) Concurrent Cleanup for Next Mark 0.791ms
[2023-03-15T05:25:04.623+0000][69][gc          ] GC(237) Concurrent Mark Cycle 230.734ms
[2023-03-15T05:25:16.621+0000][69][safepoint   ] Safepoint "Cleanup", Time since last: 12020596294 ns, Reaching safepoint: 514791 ns, At safepoint: 11276 ns, Total: 526067 ns
[2023-03-15T05:25:31.144+0000][69][gc,start    ] GC(238) Pause Young (Normal) (G1 Evacuation Pause)
[2023-03-15T05:25:31.146+0000][69][gc,task     ] GC(238) Using 4 workers of 4 for evacuation
[2023-03-15T05:25:31.147+0000][69][gc,age      ] GC(238) Desired survivor size 6291456 bytes, new threshold 15 (max threshold 15)
[2023-03-15T05:25:31.152+0000][69][gc,phases   ] GC(238)   Pre Evacuate Collection Set: 0.1ms
[2023-03-15T05:25:31.153+0000][69][gc,phases   ] GC(238)   Merge Heap Roots: 0.2ms
[2023-03-15T05:25:31.154+0000][69][gc,phases   ] GC(238)   Evacuate Collection Set: 2.3ms
[2023-03-15T05:25:31.155+0000][69][gc,phases   ] GC(238)   Post Evacuate Collection Set: 1.1ms
[2023-03-15T05:25:31.156+0000][69][gc,phases   ] GC(238)   Other: 2.3ms
[2023-03-15T05:25:31.156+0000][69][gc,age      ] GC(238) Age table with threshold 15 (max threshold 15)
[2023-03-15T05:25:31.157+0000][69][gc,age      ] GC(238) - age   1:     412416 bytes,     412416 total
[2023-03-15T05:25:31.158+0000][69][gc,age      ] GC(238) - age   2:      30624 bytes,     443040 total
[2023-03-15T05:25:31.158+0000][69][gc,age      ] GC(238) - age   3:     323416 bytes,     766456 total
[2023-03-15T05:25:31.159+0000][69][gc,age      ] GC(238) - age   4:        912 bytes,     767368 total
[2023-03-15T05:25:31.159+0000][69][gc,age      ] GC(238) - age   5:       8664 bytes,     776032 total
[2023-03-15T05:25:31.160+0000][69][gc,age      ] GC(238) - age   6:        232 bytes,     776264 total
[2023-03-15T05:25:31.161+0000][69][gc,age      ] GC(238) - age   8:        256 bytes,     776520 total
[2023-03-15T05:25:31.161+0000][69][gc,age      ] GC(238) - age   9:      19672 bytes,     796192 total
[2023-03-15T05:25:31.162+0000][69][gc,age      ] GC(238) - age  10:       4080 bytes,     800272 total
[2023-03-15T05:25:31.163+0000][69][gc,age      ] GC(238) - age  11:        184 bytes,     800456 total
[2023-03-15T05:25:31.163+0000][69][gc,age      ] GC(238) - age  12:        248 bytes,     800704 total
[2023-03-15T05:25:31.164+0000][69][gc,age      ] GC(238) - age  13:     255824 bytes,    1056528 total
[2023-03-15T05:25:31.164+0000][69][gc,age      ] GC(238) - age  14:        864 bytes,    1057392 total
[2023-03-15T05:25:31.165+0000][69][gc,age      ] GC(238) - age  15:     138816 bytes,    1196208 total
[2023-03-15T05:25:31.166+0000][69][gc,heap     ] GC(238) Eden regions: 23->0(24)
[2023-03-15T05:25:31.166+0000][69][gc,heap     ] GC(238) Survivor regions: 1->1(3)
[2023-03-15T05:25:31.167+0000][69][gc,heap     ] GC(238) Old regions: 24->24
[2023-03-15T05:25:31.167+0000][69][gc,heap     ] GC(238) Archive regions: 2->2
[2023-03-15T05:25:31.168+0000][69][gc,heap     ] GC(238) Humongous regions: 2->2
[2023-03-15T05:25:31.168+0000][69][gc,metaspace] GC(238) Metaspace: 137648K(141120K)->137648K(141120K) NonClass: 120173K(121408K)->120173K(121408K) Class: 17474K(19712K)->17474K(19712K)
[2023-03-15T05:25:31.169+0000][69][gc          ] GC(238) Pause Young (Normal) (G1 Evacuation Pause) 202M->108M(256M) 24.290ms
[2023-03-15T05:25:31.169+0000][69][gc,cpu      ] GC(238) User=0.01s Sys=0.00s Real=0.02s
[2023-03-15T05:25:31.170+0000][69][safepoint   ] Safepoint "G1CollectForAllocation", Time since last: 14523066256 ns, Reaching safepoint: 189046 ns, At safepoint: 25507113 ns, Total: 25696159 ns
[2023-03-15T05:26:05.010+0000][69][gc,start    ] GC(239) Pause Young (Concurrent Start) (G1 Evacuation Pause)
[2023-03-15T05:26:05.013+0000][69][gc,task     ] GC(239) Using 4 workers of 4 for evacuation
[2023-03-15T05:26:05.015+0000][69][gc,age      ] GC(239) Desired survivor size 8388608 bytes, new threshold 15 (max threshold 15)
[2023-03-15T05:26:05.024+0000][69][gc,phases   ] GC(239)   Pre Evacuate Collection Set: 0.9ms
[2023-03-15T05:26:05.026+0000][69][gc,phases   ] GC(239)   Merge Heap Roots: 0.3ms
[2023-03-15T05:26:05.027+0000][69][gc,phases   ] GC(239)   Evacuate Collection Set: 3.3ms
[2023-03-15T05:26:05.028+0000][69][gc,phases   ] GC(239)   Post Evacuate Collection Set: 2.7ms
[2023-03-15T05:26:05.029+0000][69][gc,phases   ] GC(239)   Other: 3.7ms
[2023-03-15T05:26:05.030+0000][69][gc,age      ] GC(239) Age table with threshold 15 (max threshold 15)
[2023-03-15T05:26:05.031+0000][69][gc,age      ] GC(239) - age   1:     793328 bytes,     793328 total
[2023-03-15T05:26:05.032+0000][69][gc,age      ] GC(239) - age   2:     127320 bytes,     920648 total
[2023-03-15T05:26:05.033+0000][69][gc,age      ] GC(239) - age   3:      26168 bytes,     946816 total
[2023-03-15T05:26:05.034+0000][69][gc,age      ] GC(239) - age   4:     323160 bytes,    1269976 total
[2023-03-15T05:26:05.034+0000][69][gc,age      ] GC(239) - age   5:        544 bytes,    1270520 total
[2023-03-15T05:26:05.035+0000][69][gc,age      ] GC(239) - age   6:       8576 bytes,    1279096 total
[2023-03-15T05:26:05.036+0000][69][gc,age      ] GC(239) - age   7:        232 bytes,    1279328 total
[2023-03-15T05:26:05.037+0000][69][gc,age      ] GC(239) - age   9:        256 bytes,    1279584 total
[2023-03-15T05:26:05.037+0000][69][gc,age      ] GC(239) - age  10:      19672 bytes,    1299256 total
[2023-03-15T05:26:05.038+0000][69][gc,age      ] GC(239) - age  11:       4080 bytes,    1303336 total
[2023-03-15T05:26:05.039+0000][69][gc,age      ] GC(239) - age  12:        184 bytes,    1303520 total
[2023-03-15T05:26:05.039+0000][69][gc,age      ] GC(239) - age  13:        248 bytes,    1303768 total
[2023-03-15T05:26:05.040+0000][69][gc,age      ] GC(239) - age  14:     255824 bytes,    1559592 total
[2023-03-15T05:26:05.041+0000][69][gc,age      ] GC(239) - age  15:        864 bytes,    1560456 total
[2023-03-15T05:26:05.041+0000][69][gc,heap     ] GC(239) Eden regions: 24->0(24)
[2023-03-15T05:26:05.042+0000][69][gc,heap     ] GC(239) Survivor regions: 1->1(4)
[2023-03-15T05:26:05.042+0000][69][gc,heap     ] GC(239) Old regions: 24->24
[2023-03-15T05:26:05.043+0000][69][gc,heap     ] GC(239) Archive regions: 2->2
[2023-03-15T05:26:05.043+0000][69][gc,heap     ] GC(239) Humongous regions: 2->2
[2023-03-15T05:26:05.044+0000][69][gc,metaspace] GC(239) Metaspace: 137650K(141120K)->137650K(141120K) NonClass: 120175K(121408K)->120175K(121408K) Class: 17474K(19712K)->17474K(19712K)
[2023-03-15T05:26:05.044+0000][69][gc          ] GC(239) Pause Young (Concurrent Start) (G1 Evacuation Pause) 204M->109M(256M) 33.959ms
[2023-03-15T05:26:05.045+0000][69][gc          ] GC(240) Concurrent Mark Cycle
[2023-03-15T05:26:05.045+0000][69][gc,marking  ] GC(240) Concurrent Clear Claimed Marks
[2023-03-15T05:26:05.046+0000][69][gc,marking  ] GC(240) Concurrent Clear Claimed Marks 0.679ms
[2023-03-15T05:26:05.047+0000][69][gc,marking  ] GC(240) Concurrent Scan Root Regions
[2023-03-15T05:26:05.045+0000][69][gc,cpu      ] GC(239) User=0.01s Sys=0.00s Real=0.03s
[2023-03-15T05:26:05.048+0000][69][safepoint   ] Safepoint "G1CollectForAllocation", Time since last: 33863987091 ns, Reaching safepoint: 648021 ns, At safepoint: 37315672 ns, Total: 37963693 ns
[2023-03-15T05:26:05.050+0000][69][gc,marking  ] GC(240) Concurrent Scan Root Regions 3.101ms
[2023-03-15T05:26:05.050+0000][69][gc,marking  ] GC(240) Concurrent Mark
[2023-03-15T05:26:05.051+0000][69][gc,marking  ] GC(240) Concurrent Mark From Roots
[2023-03-15T05:26:05.052+0000][69][gc,task     ] GC(240) Using 1 workers of 1 for marking
[2023-03-15T05:26:05.211+0000][69][gc,marking  ] GC(240) Concurrent Mark From Roots 160.617ms
[2023-03-15T05:26:05.212+0000][69][gc,marking  ] GC(240) Concurrent Preclean
[2023-03-15T05:26:05.213+0000][69][gc,marking  ] GC(240) Concurrent Preclean 0.854ms
[2023-03-15T05:26:05.214+0000][69][gc,start    ] GC(240) Pause Remark
[2023-03-15T05:26:05.225+0000][69][gc          ] GC(240) Pause Remark 110M->110M(256M) 11.806ms
[2023-03-15T05:26:05.226+0000][69][gc,cpu      ] GC(240) User=0.04s Sys=0.00s Real=0.01s
[2023-03-15T05:26:05.227+0000][69][safepoint   ] Safepoint "G1PauseRemark", Time since last: 165818448 ns, Reaching safepoint: 107363 ns, At safepoint: 13290023 ns, Total: 13397386 ns
[2023-03-15T05:26:05.228+0000][69][gc,marking  ] GC(240) Concurrent Mark 177.963ms
[2023-03-15T05:26:05.229+0000][69][gc,marking  ] GC(240) Concurrent Rebuild Remembered Sets
[2023-03-15T05:26:05.281+0000][69][gc,marking  ] GC(240) Concurrent Rebuild Remembered Sets 52.140ms
[2023-03-15T05:26:05.282+0000][69][gc,start    ] GC(240) Pause Cleanup
[2023-03-15T05:26:05.283+0000][69][gc          ] GC(240) Pause Cleanup 111M->111M(256M) 0.760ms
[2023-03-15T05:26:05.283+0000][69][gc,cpu      ] GC(240) User=0.00s Sys=0.00s Real=0.00s
[2023-03-15T05:26:05.284+0000][69][safepoint   ] Safepoint "G1PauseCleanup", Time since last: 54929506 ns, Reaching safepoint: 70409 ns, At safepoint: 1750905 ns, Total: 1821314 ns
[2023-03-15T05:26:05.284+0000][69][gc,marking  ] GC(240) Concurrent Cleanup for Next Mark
[2023-03-15T05:26:05.285+0000][69][gc,marking  ] GC(240) Concurrent Cleanup for Next Mark 0.745ms
[2023-03-15T05:26:05.286+0000][69][gc          ] GC(240) Concurrent Mark Cycle 240.676ms
[2023-03-15T05:26:10.290+0000][69][safepoint   ] Safepoint "Cleanup", Time since last: 5005426544 ns, Reaching safepoint: 794775 ns, At safepoint: 34334 ns, Total: 829109 ns
[2023-03-15T05:26:29.296+0000][69][safepoint   ] Safepoint "Cleanup", Time since last: 19026884905 ns, Reaching safepoint: 1019817 ns, At safepoint: 50949 ns, Total: 1070766 ns
[2023-03-15T05:26:35.142+0000][69][gc,start    ] GC(241) Pause Young (Normal) (G1 Evacuation Pause)
[2023-03-15T05:26:35.143+0000][69][gc,task     ] GC(241) Using 4 workers of 4 for evacuation
[2023-03-15T05:26:35.144+0000][69][gc,age      ] GC(241) Desired survivor size 8388608 bytes, new threshold 15 (max threshold 15)
[2023-03-15T05:26:35.149+0000][69][gc,phases   ] GC(241)   Pre Evacuate Collection Set: 0.2ms
[2023-03-15T05:26:35.150+0000][69][gc,phases   ] GC(241)   Merge Heap Roots: 0.2ms
[2023-03-15T05:26:35.151+0000][69][gc,phases   ] GC(241)   Evacuate Collection Set: 3.1ms
[2023-03-15T05:26:35.151+0000][69][gc,phases   ] GC(241)   Post Evacuate Collection Set: 0.8ms
[2023-03-15T05:26:35.152+0000][69][gc,phases   ] GC(241)   Other: 1.4ms
[2023-03-15T05:26:35.152+0000][69][gc,age      ] GC(241) Age table with threshold 15 (max threshold 15)
[2023-03-15T05:26:35.153+0000][69][gc,age      ] GC(241) - age   1:    1101320 bytes,    1101320 total
[2023-03-15T05:26:35.153+0000][69][gc,age      ] GC(241) - age   2:     111712 bytes,    1213032 total
[2023-03-15T05:26:35.154+0000][69][gc,age      ] GC(241) - age   3:       1776 bytes,    1214808 total
[2023-03-15T05:26:35.154+0000][69][gc,age      ] GC(241) - age   4:      24808 bytes,    1239616 total
[2023-03-15T05:26:35.155+0000][69][gc,age      ] GC(241) - age   5:     323096 bytes,    1562712 total
[2023-03-15T05:26:35.155+0000][69][gc,age      ] GC(241) - age   6:        480 bytes,    1563192 total
[2023-03-15T05:26:35.156+0000][69][gc,age      ] GC(241) - age   7:        432 bytes,    1563624 total
[2023-03-15T05:26:35.156+0000][69][gc,age      ] GC(241) - age   8:        232 bytes,    1563856 total
[2023-03-15T05:26:35.157+0000][69][gc,age      ] GC(241) - age  10:        256 bytes,    1564112 total
[2023-03-15T05:26:35.157+0000][69][gc,age      ] GC(241) - age  11:      19672 bytes,    1583784 total
[2023-03-15T05:26:35.158+0000][69][gc,age      ] GC(241) - age  12:       4080 bytes,    1587864 total
[2023-03-15T05:26:35.159+0000][69][gc,age      ] GC(241) - age  13:        184 bytes,    1588048 total
[2023-03-15T05:26:35.159+0000][69][gc,age      ] GC(241) - age  14:        216 bytes,    1588264 total
[2023-03-15T05:26:35.160+0000][69][gc,age      ] GC(241) - age  15:     255824 bytes,    1844088 total
[2023-03-15T05:26:35.160+0000][69][gc,heap     ] GC(241) Eden regions: 24->0(24)
[2023-03-15T05:26:35.161+0000][69][gc,heap     ] GC(241) Survivor regions: 1->1(4)
[2023-03-15T05:26:35.161+0000][69][gc,heap     ] GC(241) Old regions: 24->24
[2023-03-15T05:26:35.162+0000][69][gc,heap     ] GC(241) Archive regions: 2->2
[2023-03-15T05:26:35.163+0000][69][gc,heap     ] GC(241) Humongous regions: 2->2
[2023-03-15T05:26:35.163+0000][69][gc,metaspace] GC(241) Metaspace: 137650K(141120K)->137650K(141120K) NonClass: 120175K(121408K)->120175K(121408K) Class: 17474K(19712K)->17474K(19712K)
[2023-03-15T05:26:35.164+0000][69][gc          ] GC(241) Pause Young (Normal) (G1 Evacuation Pause) 205M->109M(256M) 21.556ms
[2023-03-15T05:26:35.164+0000][69][gc,cpu      ] GC(241) User=0.01s Sys=0.00s Real=0.02s
[2023-03-15T05:26:35.165+0000][69][safepoint   ] Safepoint "G1CollectForAllocation", Time since last: 5846175004 ns, Reaching safepoint: 196400 ns, At safepoint: 22797948 ns, Total: 22994348 ns
[2023-03-15T05:27:05.203+0000][69][safepoint   ] Safepoint "Cleanup", Time since last: 30058301333 ns, Reaching safepoint: 617253 ns, At safepoint: 128818 ns, Total: 746071 ns
[2023-03-15T05:27:10.152+0000][69][gc,start    ] GC(242) Pause Young (Concurrent Start) (G1 Evacuation Pause)
[2023-03-15T05:27:10.153+0000][69][gc,task     ] GC(242) Using 4 workers of 4 for evacuation
[2023-03-15T05:27:10.154+0000][69][gc,age      ] GC(242) Desired survivor size 8388608 bytes, new threshold 15 (max threshold 15)
[2023-03-15T05:27:10.158+0000][69][gc,phases   ] GC(242)   Pre Evacuate Collection Set: 0.3ms
[2023-03-15T05:27:10.159+0000][69][gc,phases   ] GC(242)   Merge Heap Roots: 0.1ms
[2023-03-15T05:27:10.159+0000][69][gc,phases   ] GC(242)   Evacuate Collection Set: 2.3ms
[2023-03-15T05:27:10.160+0000][69][gc,phases   ] GC(242)   Post Evacuate Collection Set: 1.0ms
[2023-03-15T05:27:10.160+0000][69][gc,phases   ] GC(242)   Other: 1.1ms
[2023-03-15T05:27:10.161+0000][69][gc,age      ] GC(242) Age table with threshold 15 (max threshold 15)
[2023-03-15T05:27:10.161+0000][69][gc,age      ] GC(242) - age   1:    1567080 bytes,    1567080 total
[2023-03-15T05:27:10.162+0000][69][gc,age      ] GC(242) - age   2:      47760 bytes,    1614840 total
[2023-03-15T05:27:10.162+0000][69][gc,age      ] GC(242) - age   3:     110320 bytes,    1725160 total
[2023-03-15T05:27:10.163+0000][69][gc,age      ] GC(242) - age   4:       1776 bytes,    1726936 total
[2023-03-15T05:27:10.163+0000][69][gc,age      ] GC(242) - age   5:      24808 bytes,    1751744 total
[2023-03-15T05:27:10.164+0000][69][gc,age      ] GC(242) - age   6:     296656 bytes,    2048400 total
[2023-03-15T05:27:10.164+0000][69][gc,age      ] GC(242) - age   7:        184 bytes,    2048584 total
[2023-03-15T05:27:10.164+0000][69][gc,age      ] GC(242) - age   8:        432 bytes,    2049016 total
[2023-03-15T05:27:10.165+0000][69][gc,age      ] GC(242) - age   9:        232 bytes,    2049248 total
[2023-03-15T05:27:10.165+0000][69][gc,age      ] GC(242) - age  11:        256 bytes,    2049504 total
[2023-03-15T05:27:10.166+0000][69][gc,age      ] GC(242) - age  12:      19672 bytes,    2069176 total
[2023-03-15T05:27:10.166+0000][69][gc,age      ] GC(242) - age  13:       4080 bytes,    2073256 total
[2023-03-15T05:27:10.167+0000][69][gc,age      ] GC(242) - age  14:        184 bytes,    2073440 total
[2023-03-15T05:27:10.167+0000][69][gc,age      ] GC(242) - age  15:        216 bytes,    2073656 total
[2023-03-15T05:27:10.167+0000][69][gc,heap     ] GC(242) Eden regions: 24->0(24)
[2023-03-15T05:27:10.168+0000][69][gc,heap     ] GC(242) Survivor regions: 1->1(4)
[2023-03-15T05:27:10.168+0000][69][gc,heap     ] GC(242) Old regions: 24->24
[2023-03-15T05:27:10.169+0000][69][gc,heap     ] GC(242) Archive regions: 2->2
[2023-03-15T05:27:10.169+0000][69][gc,heap     ] GC(242) Humongous regions: 2->2
[2023-03-15T05:27:10.169+0000][69][gc,metaspace] GC(242) Metaspace: 137650K(141120K)->137650K(141120K) NonClass: 120175K(121408K)->120175K(121408K) Class: 17474K(19712K)->17474K(19712K)
[2023-03-15T05:27:10.170+0000][69][gc          ] GC(242) Pause Young (Concurrent Start) (G1 Evacuation Pause) 205M->109M(256M) 17.313ms
[2023-03-15T05:27:10.170+0000][69][gc,cpu      ] GC(242) User=0.01s Sys=0.00s Real=0.02s
[2023-03-15T05:27:10.170+0000][69][safepoint   ] Safepoint "G1CollectForAllocation", Time since last: 4949546175 ns, Reaching safepoint: 82449 ns, At safepoint: 18116795 ns, Total: 18199244 ns
[2023-03-15T05:27:10.170+0000][69][gc          ] GC(243) Concurrent Mark Cycle
[2023-03-15T05:27:10.172+0000][69][gc,marking  ] GC(243) Concurrent Clear Claimed Marks
[2023-03-15T05:27:10.172+0000][69][gc,marking  ] GC(243) Concurrent Clear Claimed Marks 0.613ms
[2023-03-15T05:27:10.173+0000][69][gc,marking  ] GC(243) Concurrent Scan Root Regions
[2023-03-15T05:27:10.176+0000][69][gc,marking  ] GC(243) Concurrent Scan Root Regions 3.309ms
[2023-03-15T05:27:10.176+0000][69][gc,marking  ] GC(243) Concurrent Mark
[2023-03-15T05:27:10.177+0000][69][gc,marking  ] GC(243) Concurrent Mark From Roots
[2023-03-15T05:27:10.177+0000][69][gc,task     ] GC(243) Using 1 workers of 1 for marking
[2023-03-15T05:27:10.326+0000][69][gc,marking  ] GC(243) Concurrent Mark From Roots 149.341ms
[2023-03-15T05:27:10.327+0000][69][gc,marking  ] GC(243) Concurrent Preclean
[2023-03-15T05:27:10.328+0000][69][gc,marking  ] GC(243) Concurrent Preclean 0.787ms
[2023-03-15T05:27:10.328+0000][69][gc,start    ] GC(243) Pause Remark
[2023-03-15T05:27:10.339+0000][69][gc          ] GC(243) Pause Remark 111M->111M(256M) 10.675ms
[2023-03-15T05:27:10.340+0000][69][gc,cpu      ] GC(243) User=0.03s Sys=0.00s Real=0.01s
[2023-03-15T05:27:10.340+0000][69][safepoint   ] Safepoint "G1PauseRemark", Time since last: 157795644 ns, Reaching safepoint: 92478 ns, At safepoint: 12113882 ns, Total: 12206360 ns
[2023-03-15T05:27:10.341+0000][69][gc,marking  ] GC(243) Concurrent Mark 164.522ms
[2023-03-15T05:27:10.341+0000][69][gc,marking  ] GC(243) Concurrent Rebuild Remembered Sets
[2023-03-15T05:27:10.404+0000][69][gc,marking  ] GC(243) Concurrent Rebuild Remembered Sets 62.684ms
[2023-03-15T05:27:10.405+0000][69][gc,start    ] GC(243) Pause Cleanup
[2023-03-15T05:27:10.406+0000][69][gc          ] GC(243) Pause Cleanup 113M->113M(256M) 0.743ms
[2023-03-15T05:27:10.406+0000][69][gc,cpu      ] GC(243) User=0.00s Sys=0.00s Real=0.00s
[2023-03-15T05:27:10.407+0000][69][safepoint   ] Safepoint "G1PauseCleanup", Time since last: 64404256 ns, Reaching safepoint: 268022 ns, At safepoint: 1694235 ns, Total: 1962257 ns
[2023-03-15T05:27:10.407+0000][69][gc,marking  ] GC(243) Concurrent Cleanup for Next Mark
[2023-03-15T05:27:10.408+0000][69][gc,marking  ] GC(243) Concurrent Cleanup for Next Mark 0.695ms
[2023-03-15T05:27:10.409+0000][69][gc          ] GC(243) Concurrent Mark Cycle 238.615ms
[2023-03-15T05:27:12.413+0000][69][safepoint   ] Safepoint "Cleanup", Time since last: 2005769419 ns, Reaching safepoint: 492346 ns, At safepoint: 11763 ns, Total: 504109 ns
[2023-03-15T05:27:40.439+0000][69][gc,start    ] GC(244) Pause Young (Normal) (G1 Evacuation Pause)
[2023-03-15T05:27:40.439+0000][69][gc,task     ] GC(244) Using 4 workers of 4 for evacuation
[2023-03-15T05:27:40.440+0000][69][gc,age      ] GC(244) Desired survivor size 8388608 bytes, new threshold 15 (max threshold 15)
[2023-03-15T05:27:40.445+0000][69][gc,phases   ] GC(244)   Pre Evacuate Collection Set: 0.2ms
[2023-03-15T05:27:40.446+0000][69][gc,phases   ] GC(244)   Merge Heap Roots: 0.1ms
[2023-03-15T05:27:40.447+0000][69][gc,phases   ] GC(244)   Evacuate Collection Set: 2.9ms
[2023-03-15T05:27:40.447+0000][69][gc,phases   ] GC(244)   Post Evacuate Collection Set: 1.3ms
[2023-03-15T05:27:40.448+0000][69][gc,phases   ] GC(244)   Other: 1.1ms
[2023-03-15T05:27:40.449+0000][69][gc,age      ] GC(244) Age table with threshold 15 (max threshold 15)
[2023-03-15T05:27:40.450+0000][69][gc,age      ] GC(244) - age   1:    1844024 bytes,    1844024 total
[2023-03-15T05:27:40.451+0000][69][gc,age      ] GC(244) - age   2:      10344 bytes,    1854368 total
[2023-03-15T05:27:40.451+0000][69][gc,age      ] GC(244) - age   3:      47120 bytes,    1901488 total
[2023-03-15T05:27:40.452+0000][69][gc,age      ] GC(244) - age   4:     109880 bytes,    2011368 total
[2023-03-15T05:27:40.452+0000][69][gc,age      ] GC(244) - age   5:       1584 bytes,    2012952 total
[2023-03-15T05:27:40.452+0000][69][gc,age      ] GC(244) - age   6:      24680 bytes,    2037632 total
[2023-03-15T05:27:40.454+0000][69][gc,age      ] GC(244) - age   7:     296656 bytes,    2334288 total
[2023-03-15T05:27:40.454+0000][69][gc,age      ] GC(244) - age   8:        184 bytes,    2334472 total
[2023-03-15T05:27:40.454+0000][69][gc,age      ] GC(244) - age   9:        432 bytes,    2334904 total
[2023-03-15T05:27:40.455+0000][69][gc,age      ] GC(244) - age  10:        232 bytes,    2335136 total
[2023-03-15T05:27:40.455+0000][69][gc,age      ] GC(244) - age  12:        256 bytes,    2335392 total
[2023-03-15T05:27:40.456+0000][69][gc,age      ] GC(244) - age  13:      19672 bytes,    2355064 total
[2023-03-15T05:27:40.456+0000][69][gc,age      ] GC(244) - age  14:       4080 bytes,    2359144 total
[2023-03-15T05:27:40.457+0000][69][gc,age      ] GC(244) - age  15:        184 bytes,    2359328 total
[2023-03-15T05:27:40.457+0000][69][gc,heap     ] GC(244) Eden regions: 24->0(23)
[2023-03-15T05:27:40.458+0000][69][gc,heap     ] GC(244) Survivor regions: 1->1(4)
[2023-03-15T05:27:40.458+0000][69][gc,heap     ] GC(244) Old regions: 24->24
[2023-03-15T05:27:40.459+0000][69][gc,heap     ] GC(244) Archive regions: 2->2
[2023-03-15T05:27:40.459+0000][69][gc,heap     ] GC(244) Humongous regions: 2->2
[2023-03-15T05:27:40.459+0000][69][gc,metaspace] GC(244) Metaspace: 137650K(141120K)->137650K(141120K) NonClass: 120175K(121408K)->120175K(121408K) Class: 17474K(19712K)->17474K(19712K)
[2023-03-15T05:27:40.460+0000][69][gc          ] GC(244) Pause Young (Normal) (G1 Evacuation Pause) 205M->110M(256M) 21.195ms
[2023-03-15T05:27:40.460+0000][69][gc,cpu      ] GC(244) User=0.01s Sys=0.00s Real=0.02s
[2023-03-15T05:27:40.461+0000][69][safepoint   ] Safepoint "G1CollectForAllocation", Time since last: 28046325664 ns, Reaching safepoint: 278800 ns, At safepoint: 22300458 ns, Total: 22579258 ns
[2023-03-15T05:28:05.482+0000][69][safepoint   ] Safepoint "Cleanup", Time since last: 25042381172 ns, Reaching safepoint: 203791 ns, At safepoint: 8582 ns, Total: 212373 ns
[2023-03-15T05:28:10.350+0000][69][gc,start    ] GC(245) Pause Young (Concurrent Start) (G1 Evacuation Pause)
[2023-03-15T05:28:10.350+0000][69][gc,task     ] GC(245) Using 4 workers of 4 for evacuation
[2023-03-15T05:28:10.350+0000][69][gc,age      ] GC(245) Desired survivor size 6291456 bytes, new threshold 15 (max threshold 15)
[2023-03-15T05:28:10.353+0000][69][gc,phases   ] GC(245)   Pre Evacuate Collection Set: 0.4ms
[2023-03-15T05:28:10.354+0000][69][gc,phases   ] GC(245)   Merge Heap Roots: 0.1ms
[2023-03-15T05:28:10.355+0000][69][gc,phases   ] GC(245)   Evacuate Collection Set: 1.4ms
[2023-03-15T05:28:10.355+0000][69][gc,phases   ] GC(245)   Post Evacuate Collection Set: 0.8ms
[2023-03-15T05:28:10.356+0000][69][gc,phases   ] GC(245)   Other: 0.7ms
[2023-03-15T05:28:10.356+0000][69][gc,age      ] GC(245) Age table with threshold 15 (max threshold 15)
[2023-03-15T05:28:10.357+0000][69][gc,age      ] GC(245) - age   1:     620080 bytes,     620080 total
[2023-03-15T05:28:10.357+0000][69][gc,age      ] GC(245) - age   2:      34720 bytes,     654800 total
[2023-03-15T05:28:10.358+0000][69][gc,age      ] GC(245) - age   3:       8912 bytes,     663712 total
[2023-03-15T05:28:10.358+0000][69][gc,age      ] GC(245) - age   4:       8400 bytes,     672112 total
[2023-03-15T05:28:10.359+0000][69][gc,age      ] GC(245) - age   5:        240 bytes,     672352 total
[2023-03-15T05:28:10.359+0000][69][gc,age      ] GC(245) - age   6:       1584 bytes,     673936 total
[2023-03-15T05:28:10.360+0000][69][gc,age      ] GC(245) - age   7:      24680 bytes,     698616 total
[2023-03-15T05:28:10.360+0000][69][gc,age      ] GC(245) - age   8:     296656 bytes,     995272 total
[2023-03-15T05:28:10.360+0000][69][gc,age      ] GC(245) - age   9:        184 bytes,     995456 total
[2023-03-15T05:28:10.361+0000][69][gc,age      ] GC(245) - age  10:        432 bytes,     995888 total
[2023-03-15T05:28:10.361+0000][69][gc,age      ] GC(245) - age  13:        256 bytes,     996144 total
[2023-03-15T05:28:10.362+0000][69][gc,age      ] GC(245) - age  14:      19672 bytes,    1015816 total
[2023-03-15T05:28:10.363+0000][69][gc,age      ] GC(245) - age  15:       4080 bytes,    1019896 total
[2023-03-15T05:28:10.363+0000][69][gc,heap     ] GC(245) Eden regions: 23->0(24)
[2023-03-15T05:28:10.364+0000][69][gc,heap     ] GC(245) Survivor regions: 1->1(3)
[2023-03-15T05:28:10.364+0000][69][gc,heap     ] GC(245) Old regions: 24->24
[2023-03-15T05:28:10.364+0000][69][gc,heap     ] GC(245) Archive regions: 2->2
[2023-03-15T05:28:10.365+0000][69][gc,heap     ] GC(245) Humongous regions: 2->2
[2023-03-15T05:28:10.365+0000][69][gc,metaspace] GC(245) Metaspace: 137668K(141120K)->137668K(141120K) NonClass: 120193K(121408K)->120193K(121408K) Class: 17474K(19712K)->17474K(19712K)
[2023-03-15T05:28:10.366+0000][69][gc          ] GC(245) Pause Young (Concurrent Start) (G1 Evacuation Pause) 202M->108M(256M) 16.322ms
[2023-03-15T05:28:10.366+0000][69][gc          ] GC(246) Concurrent Mark Cycle
[2023-03-15T05:28:10.367+0000][69][gc,marking  ] GC(246) Concurrent Clear Claimed Marks
[2023-03-15T05:28:10.366+0000][69][gc,cpu      ] GC(245) User=0.00s Sys=0.01s Real=0.02s
[2023-03-15T05:28:10.367+0000][69][gc,marking  ] GC(246) Concurrent Clear Claimed Marks 0.670ms
[2023-03-15T05:28:10.368+0000][69][gc,marking  ] GC(246) Concurrent Scan Root Regions
[2023-03-15T05:28:10.368+0000][69][safepoint   ] Safepoint "G1CollectForAllocation", Time since last: 4867515949 ns, Reaching safepoint: 70262 ns, At safepoint: 18250090 ns, Total: 18320352 ns
[2023-03-15T05:28:10.371+0000][69][gc,marking  ] GC(246) Concurrent Scan Root Regions 2.363ms
[2023-03-15T05:28:10.373+0000][69][gc,marking  ] GC(246) Concurrent Mark
[2023-03-15T05:28:10.374+0000][69][gc,marking  ] GC(246) Concurrent Mark From Roots
[2023-03-15T05:28:10.375+0000][69][gc,task     ] GC(246) Using 1 workers of 1 for marking
[2023-03-15T05:28:10.488+0000][69][gc,marking  ] GC(246) Concurrent Mark From Roots 113.471ms
[2023-03-15T05:28:10.488+0000][69][gc,marking  ] GC(246) Concurrent Preclean
[2023-03-15T05:28:10.489+0000][69][gc,marking  ] GC(246) Concurrent Preclean 0.918ms
[2023-03-15T05:28:10.490+0000][69][gc,start    ] GC(246) Pause Remark
[2023-03-15T05:28:10.501+0000][69][gc          ] GC(246) Pause Remark 113M->113M(256M) 11.275ms
[2023-03-15T05:28:10.502+0000][69][gc,cpu      ] GC(246) User=0.03s Sys=0.00s Real=0.02s
[2023-03-15T05:28:10.503+0000][69][safepoint   ] Safepoint "G1PauseRemark", Time since last: 122210964 ns, Reaching safepoint: 80279 ns, At safepoint: 12437219 ns, Total: 12517498 ns
[2023-03-15T05:28:10.503+0000][69][gc,marking  ] GC(246) Concurrent Mark 130.176ms
[2023-03-15T05:28:10.504+0000][69][gc,marking  ] GC(246) Concurrent Rebuild Remembered Sets
[2023-03-15T05:28:10.588+0000][69][gc,marking  ] GC(246) Concurrent Rebuild Remembered Sets 83.596ms
[2023-03-15T05:28:10.589+0000][69][gc,start    ] GC(246) Pause Cleanup
[2023-03-15T05:28:10.589+0000][69][gc          ] GC(246) Pause Cleanup 115M->115M(256M) 0.596ms
[2023-03-15T05:28:10.590+0000][69][gc,cpu      ] GC(246) User=0.00s Sys=0.00s Real=0.00s
[2023-03-15T05:28:10.590+0000][69][safepoint   ] Safepoint "G1PauseCleanup", Time since last: 85815672 ns, Reaching safepoint: 207338 ns, At safepoint: 1657240 ns, Total: 1864578 ns
[2023-03-15T05:28:10.591+0000][69][gc,marking  ] GC(246) Concurrent Cleanup for Next Mark
[2023-03-15T05:28:10.592+0000][69][gc,marking  ] GC(246) Concurrent Cleanup for Next Mark 1.219ms
[2023-03-15T05:28:10.593+0000][69][gc          ] GC(246) Concurrent Mark Cycle 226.760ms
[2023-03-15T05:28:15.574+0000][69][safepoint   ] Safepoint "Cleanup", Time since last: 5006203041 ns, Reaching safepoint: 347412 ns, At safepoint: 12683 ns, Total: 360095 ns
[2023-03-15T05:28:19.586+0000][69][safepoint   ] Safepoint "Cleanup", Time since last: 4011272905 ns, Reaching safepoint: 326155 ns, At safepoint: 10924 ns, Total: 337079 ns
[2023-03-15T05:28:22.596+0000][69][safepoint   ] Safepoint "Cleanup", Time since last: 3009815427 ns, Reaching safepoint: 358009 ns, At safepoint: 13504 ns, Total: 371513 ns
[2023-03-15T05:28:28.609+0000][69][safepoint   ] Safepoint "Cleanup", Time since last: 6012620320 ns, Reaching safepoint: 116124 ns, At safepoint: 4256 ns, Total: 120380 ns
[2023-03-15T05:28:35.623+0000][69][safepoint   ] Safepoint "Cleanup", Time since last: 7013283580 ns, Reaching safepoint: 380426 ns, At safepoint: 12654 ns, Total: 393080 ns
[2023-03-15T05:28:40.283+0000][69][gc,start    ] GC(247) Pause Young (Normal) (G1 Evacuation Pause)
[2023-03-15T05:28:40.284+0000][69][gc,task     ] GC(247) Using 4 workers of 4 for evacuation
[2023-03-15T05:28:40.284+0000][69][gc,age      ] GC(247) Desired survivor size 8388608 bytes, new threshold 15 (max threshold 15)
[2023-03-15T05:28:40.288+0000][69][gc,phases   ] GC(247)   Pre Evacuate Collection Set: 0.1ms
[2023-03-15T05:28:40.289+0000][69][gc,phases   ] GC(247)   Merge Heap Roots: 0.1ms
[2023-03-15T05:28:40.289+0000][69][gc,phases   ] GC(247)   Evacuate Collection Set: 2.2ms
[2023-03-15T05:28:40.290+0000][69][gc,phases   ] GC(247)   Post Evacuate Collection Set: 0.9ms
[2023-03-15T05:28:40.290+0000][69][gc,phases   ] GC(247)   Other: 0.9ms
[2023-03-15T05:28:40.290+0000][69][gc,age      ] GC(247) Age table with threshold 15 (max threshold 15)
[2023-03-15T05:28:40.290+0000][69][gc,age      ] GC(247) - age   1:    1229936 bytes,    1229936 total
[2023-03-15T05:28:40.291+0000][69][gc,age      ] GC(247) - age   2:     131752 bytes,    1361688 total
[2023-03-15T05:28:40.291+0000][69][gc,age      ] GC(247) - age   3:      33568 bytes,    1395256 total
[2023-03-15T05:28:40.291+0000][69][gc,age      ] GC(247) - age   4:       8592 bytes,    1403848 total
[2023-03-15T05:28:40.292+0000][69][gc,age      ] GC(247) - age   5:       8272 bytes,    1412120 total
[2023-03-15T05:28:40.292+0000][69][gc,age      ] GC(247) - age   6:        240 bytes,    1412360 total
[2023-03-15T05:28:40.293+0000][69][gc,age      ] GC(247) - age   7:       1584 bytes,    1413944 total
[2023-03-15T05:28:40.293+0000][69][gc,age      ] GC(247) - age   8:      24680 bytes,    1438624 total
[2023-03-15T05:28:40.293+0000][69][gc,age      ] GC(247) - age   9:     296656 bytes,    1735280 total
[2023-03-15T05:28:40.294+0000][69][gc,age      ] GC(247) - age  10:        184 bytes,    1735464 total
[2023-03-15T05:28:40.294+0000][69][gc,age      ] GC(247) - age  11:        432 bytes,    1735896 total
[2023-03-15T05:28:40.294+0000][69][gc,age      ] GC(247) - age  14:        256 bytes,    1736152 total
[2023-03-15T05:28:40.295+0000][69][gc,age      ] GC(247) - age  15:      19672 bytes,    1755824 total
[2023-03-15T05:28:40.295+0000][69][gc,heap     ] GC(247) Eden regions: 24->0(24)
[2023-03-15T05:28:40.296+0000][69][gc,heap     ] GC(247) Survivor regions: 1->1(4)
[2023-03-15T05:28:40.296+0000][69][gc,heap     ] GC(247) Old regions: 24->24
[2023-03-15T05:28:40.296+0000][69][gc,heap     ] GC(247) Archive regions: 2->2
[2023-03-15T05:28:40.297+0000][69][gc,heap     ] GC(247) Humongous regions: 2->2
[2023-03-15T05:28:40.297+0000][69][gc,metaspace] GC(247) Metaspace: 137669K(141120K)->137669K(141120K) NonClass: 120194K(121408K)->120194K(121408K) Class: 17474K(19712K)->17474K(19712K)
[2023-03-15T05:28:40.298+0000][69][gc          ] GC(247) Pause Young (Normal) (G1 Evacuation Pause) 204M->109M(256M) 14.439ms
[2023-03-15T05:28:40.298+0000][69][gc,cpu      ] GC(247) User=0.00s Sys=0.00s Real=0.01s
[2023-03-15T05:28:40.299+0000][69][safepoint   ] Safepoint "G1CollectForAllocation", Time since last: 4660710127 ns, Reaching safepoint: 71898 ns, At safepoint: 15461765 ns, Total: 15533663 ns
[2023-03-15T05:28:55.298+0000][69][safepoint   ] Safepoint "Cleanup", Time since last: 15022678499 ns, Reaching safepoint: 258401 ns, At safepoint: 36664 ns, Total: 295065 ns
[2023-03-15T05:29:05.308+0000][69][safepoint   ] Safepoint "Cleanup", Time since last: 10009642888 ns, Reaching safepoint: 225216 ns, At safepoint: 6962 ns, Total: 232178 ns
[2023-03-15T05:29:12.858+0000][69][gc,start    ] GC(248) Pause Young (Concurrent Start) (G1 Evacuation Pause)
[2023-03-15T05:29:12.861+0000][69][gc,task     ] GC(248) Using 4 workers of 4 for evacuation
[2023-03-15T05:29:12.863+0000][69][gc,age      ] GC(248) Desired survivor size 8388608 bytes, new threshold 15 (max threshold 15)
[2023-03-15T05:29:12.874+0000][69][gc,phases   ] GC(248)   Pre Evacuate Collection Set: 0.8ms
[2023-03-15T05:29:12.875+0000][69][gc,phases   ] GC(248)   Merge Heap Roots: 0.3ms
[2023-03-15T05:29:12.876+0000][69][gc,phases   ] GC(248)   Evacuate Collection Set: 3.6ms
[2023-03-15T05:29:12.877+0000][69][gc,phases   ] GC(248)   Post Evacuate Collection Set: 1.6ms
[2023-03-15T05:29:12.878+0000][69][gc,phases   ] GC(248)   Other: 6.6ms
[2023-03-15T05:29:12.879+0000][69][gc,age      ] GC(248) Age table with threshold 15 (max threshold 15)
[2023-03-15T05:29:12.880+0000][69][gc,age      ] GC(248) - age   1:    1266696 bytes,    1266696 total
[2023-03-15T05:29:12.881+0000][69][gc,age      ] GC(248) - age   2:     127456 bytes,    1394152 total
[2023-03-15T05:29:12.882+0000][69][gc,age      ] GC(248) - age   3:      22360 bytes,    1416512 total
[2023-03-15T05:29:12.882+0000][69][gc,age      ] GC(248) - age   4:      32112 bytes,    1448624 total
[2023-03-15T05:29:12.883+0000][69][gc,age      ] GC(248) - age   5:       8592 bytes,    1457216 total
[2023-03-15T05:29:12.884+0000][69][gc,age      ] GC(248) - age   6:       8272 bytes,    1465488 total
[2023-03-15T05:29:12.884+0000][69][gc,age      ] GC(248) - age   7:        240 bytes,    1465728 total
[2023-03-15T05:29:12.885+0000][69][gc,age      ] GC(248) - age   8:       1584 bytes,    1467312 total
[2023-03-15T05:29:12.886+0000][69][gc,age      ] GC(248) - age   9:      24680 bytes,    1491992 total
[2023-03-15T05:29:12.886+0000][69][gc,age      ] GC(248) - age  10:     296656 bytes,    1788648 total
[2023-03-15T05:29:12.887+0000][69][gc,age      ] GC(248) - age  11:        184 bytes,    1788832 total
[2023-03-15T05:29:12.888+0000][69][gc,age      ] GC(248) - age  12:        408 bytes,    1789240 total
[2023-03-15T05:29:12.888+0000][69][gc,age      ] GC(248) - age  15:        256 bytes,    1789496 total
[2023-03-15T05:29:12.889+0000][69][gc,heap     ] GC(248) Eden regions: 24->0(24)
[2023-03-15T05:29:12.890+0000][69][gc,heap     ] GC(248) Survivor regions: 1->1(4)
[2023-03-15T05:29:12.890+0000][69][gc,heap     ] GC(248) Old regions: 24->24
[2023-03-15T05:29:12.891+0000][69][gc,heap     ] GC(248) Archive regions: 2->2
[2023-03-15T05:29:12.892+0000][69][gc,heap     ] GC(248) Humongous regions: 2->2
[2023-03-15T05:29:12.892+0000][69][gc,metaspace] GC(248) Metaspace: 137669K(141120K)->137669K(141120K) NonClass: 120194K(121408K)->120194K(121408K) Class: 17474K(19712K)->17474K(19712K)
[2023-03-15T05:29:12.893+0000][69][gc          ] GC(248) Pause Young (Concurrent Start) (G1 Evacuation Pause) 205M->109M(256M) 34.844ms
[2023-03-15T05:29:12.893+0000][69][gc,cpu      ] GC(248) User=0.01s Sys=0.01s Real=0.03s
[2023-03-15T05:29:12.893+0000][69][gc          ] GC(249) Concurrent Mark Cycle
[2023-03-15T05:29:12.895+0000][69][gc,marking  ] GC(249) Concurrent Clear Claimed Marks
[2023-03-15T05:29:12.894+0000][69][safepoint   ] Safepoint "G1CollectForAllocation", Time since last: 7549142062 ns, Reaching safepoint: 372514 ns, At safepoint: 36285875 ns, Total: 36658389 ns
[2023-03-15T05:29:12.896+0000][69][gc,marking  ] GC(249) Concurrent Clear Claimed Marks 1.045ms
[2023-03-15T05:29:12.897+0000][69][gc,marking  ] GC(249) Concurrent Scan Root Regions
[2023-03-15T05:29:12.900+0000][69][gc,marking  ] GC(249) Concurrent Scan Root Regions 3.113ms
[2023-03-15T05:29:12.901+0000][69][gc,marking  ] GC(249) Concurrent Mark
[2023-03-15T05:29:12.901+0000][69][gc,marking  ] GC(249) Concurrent Mark From Roots
[2023-03-15T05:29:12.902+0000][69][gc,task     ] GC(249) Using 1 workers of 1 for marking
[2023-03-15T05:29:13.000+0000][69][gc,marking  ] GC(249) Concurrent Mark From Roots 98.823ms
[2023-03-15T05:29:13.001+0000][69][gc,marking  ] GC(249) Concurrent Preclean
[2023-03-15T05:29:13.002+0000][69][gc,marking  ] GC(249) Concurrent Preclean 1.113ms
[2023-03-15T05:29:13.003+0000][69][gc,start    ] GC(249) Pause Remark
[2023-03-15T05:29:13.013+0000][69][gc          ] GC(249) Pause Remark 109M->109M(256M) 9.218ms
[2023-03-15T05:29:13.014+0000][69][gc,cpu      ] GC(249) User=0.03s Sys=0.00s Real=0.01s
[2023-03-15T05:29:13.015+0000][69][safepoint   ] Safepoint "G1PauseRemark", Time since last: 109120622 ns, Reaching safepoint: 79639 ns, At safepoint: 11820540 ns, Total: 11900179 ns
[2023-03-15T05:29:13.016+0000][69][gc,marking  ] GC(249) Concurrent Mark 115.030ms
[2023-03-15T05:29:13.016+0000][69][gc,marking  ] GC(249) Concurrent Rebuild Remembered Sets
[2023-03-15T05:29:13.066+0000][69][gc,marking  ] GC(249) Concurrent Rebuild Remembered Sets 49.401ms
[2023-03-15T05:29:13.067+0000][69][gc,start    ] GC(249) Pause Cleanup
[2023-03-15T05:29:13.068+0000][69][gc          ] GC(249) Pause Cleanup 109M->109M(256M) 0.712ms
[2023-03-15T05:29:13.068+0000][69][gc,cpu      ] GC(249) User=0.00s Sys=0.00s Real=0.00s
[2023-03-15T05:29:13.069+0000][69][safepoint   ] Safepoint "G1PauseCleanup", Time since last: 51483296 ns, Reaching safepoint: 127691 ns, At safepoint: 2347432 ns, Total: 2475123 ns
[2023-03-15T05:29:13.070+0000][69][gc,marking  ] GC(249) Concurrent Cleanup for Next Mark
[2023-03-15T05:29:13.071+0000][69][gc,marking  ] GC(249) Concurrent Cleanup for Next Mark 0.871ms
[2023-03-15T05:29:13.071+0000][69][gc          ] GC(249) Concurrent Mark Cycle 177.842ms
[2023-03-15T05:29:15.050+0000][69][safepoint   ] Safepoint "Cleanup", Time since last: 2001975734 ns, Reaching safepoint: 105458 ns, At safepoint: 3503 ns, Total: 108961 ns
[2023-03-15T05:29:19.060+0000][69][safepoint   ] Safepoint "Cleanup", Time since last: 4009883219 ns, Reaching safepoint: 450648 ns, At safepoint: 14413 ns, Total: 465061 ns
[2023-03-15T05:29:23.071+0000][69][safepoint   ] Safepoint "Cleanup", Time since last: 4010431845 ns, Reaching safepoint: 324799 ns, At safepoint: 97452 ns, Total: 422251 ns
[2023-03-15T05:29:30.083+0000][69][safepoint   ] Safepoint "Cleanup", Time since last: 7011690384 ns, Reaching safepoint: 490836 ns, At safepoint: 13043 ns, Total: 503879 ns
[2023-03-15T05:29:34.902+0000][69][gc,start    ] GC(250) Pause Young (Normal) (G1 Evacuation Pause)
[2023-03-15T05:29:34.924+0000][69][gc,task     ] GC(250) Using 4 workers of 4 for evacuation
[2023-03-15T05:29:34.927+0000][69][gc,age      ] GC(250) Desired survivor size 8388608 bytes, new threshold 15 (max threshold 15)
[2023-03-15T05:29:34.953+0000][69][gc,phases   ] GC(250)   Pre Evacuate Collection Set: 0.3ms
[2023-03-15T05:29:34.970+0000][69][gc,phases   ] GC(250)   Merge Heap Roots: 0.4ms
[2023-03-15T05:29:34.992+0000][69][gc,phases   ] GC(250)   Evacuate Collection Set: 3.6ms
[2023-03-15T05:29:34.995+0000][69][gc,phases   ] GC(250)   Post Evacuate Collection Set: 2.1ms
[2023-03-15T05:29:34.997+0000][69][gc,phases   ] GC(250)   Other: 22.4ms
[2023-03-15T05:29:34.998+0000][69][gc,age      ] GC(250) Age table with threshold 15 (max threshold 15)
[2023-03-15T05:29:35.000+0000][69][gc,age      ] GC(250) - age   1:    1116344 bytes,    1116344 total
[2023-03-15T05:29:35.001+0000][69][gc,age      ] GC(250) - age   2:      11192 bytes,    1127536 total
[2023-03-15T05:29:35.002+0000][69][gc,age      ] GC(250) - age   3:        320 bytes,    1127856 total
[2023-03-15T05:29:35.003+0000][69][gc,age      ] GC(250) - age   4:      22296 bytes,    1150152 total
[2023-03-15T05:29:35.004+0000][69][gc,age      ] GC(250) - age   5:      31712 bytes,    1181864 total
[2023-03-15T05:29:35.005+0000][69][gc,age      ] GC(250) - age   6:       8512 bytes,    1190376 total
[2023-03-15T05:29:35.006+0000][69][gc,age      ] GC(250) - age   7:       8144 bytes,    1198520 total
[2023-03-15T05:29:35.006+0000][69][gc,age      ] GC(250) - age   8:        240 bytes,    1198760 total
[2023-03-15T05:29:35.007+0000][69][gc,age      ] GC(250) - age   9:        280 bytes,    1199040 total
[2023-03-15T05:29:35.008+0000][69][gc,age      ] GC(250) - age  10:       8800 bytes,    1207840 total
[2023-03-15T05:29:35.009+0000][69][gc,age      ] GC(250) - age  11:       9808 bytes,    1217648 total
[2023-03-15T05:29:35.010+0000][69][gc,age      ] GC(250) - age  12:        184 bytes,    1217832 total
[2023-03-15T05:29:35.011+0000][69][gc,age      ] GC(250) - age  13:        280 bytes,    1218112 total
[2023-03-15T05:29:35.012+0000][69][gc,heap     ] GC(250) Eden regions: 24->0(24)
[2023-03-15T05:29:35.013+0000][69][gc,heap     ] GC(250) Survivor regions: 1->1(4)
[2023-03-15T05:29:35.013+0000][69][gc,heap     ] GC(250) Old regions: 24->24
[2023-03-15T05:29:35.014+0000][69][gc,heap     ] GC(250) Archive regions: 2->2
[2023-03-15T05:29:35.015+0000][69][gc,heap     ] GC(250) Humongous regions: 2->2
[2023-03-15T05:29:35.015+0000][69][gc,metaspace] GC(250) Metaspace: 137673K(141120K)->137673K(141120K) NonClass: 120199K(121408K)->120199K(121408K) Class: 17474K(19712K)->17474K(19712K)
[2023-03-15T05:29:35.016+0000][69][gc          ] GC(250) Pause Young (Normal) (G1 Evacuation Pause) 205M->109M(256M) 113.658ms
[2023-03-15T05:29:35.017+0000][69][gc,cpu      ] GC(250) User=0.01s Sys=0.01s Real=0.12s
[2023-03-15T05:29:35.017+0000][69][safepoint   ] Safepoint "G1CollectForAllocation", Time since last: 4818750330 ns, Reaching safepoint: 340203 ns, At safepoint: 115032872 ns, Total: 115373075 ns
[2023-03-15T05:29:47.025+0000][69][safepoint   ] Safepoint "Cleanup", Time since last: 12029843613 ns, Reaching safepoint: 111588 ns, At safepoint: 4640 ns, Total: 116228 ns
[2023-03-15T05:30:05.056+0000][69][safepoint   ] Safepoint "Cleanup", Time since last: 18029935389 ns, Reaching safepoint: 355532 ns, At safepoint: 15532 ns, Total: 371064 ns
[2023-03-15T05:30:10.208+0000][69][gc,start    ] GC(251) Pause Young (Concurrent Start) (G1 Evacuation Pause)
[2023-03-15T05:30:10.209+0000][69][gc,task     ] GC(251) Using 4 workers of 4 for evacuation
[2023-03-15T05:30:10.210+0000][69][gc,age      ] GC(251) Desired survivor size 8388608 bytes, new threshold 15 (max threshold 15)
[2023-03-15T05:30:10.214+0000][69][gc,phases   ] GC(251)   Pre Evacuate Collection Set: 0.6ms
[2023-03-15T05:30:10.215+0000][69][gc,phases   ] GC(251)   Merge Heap Roots: 0.2ms
[2023-03-15T05:30:10.216+0000][69][gc,phases   ] GC(251)   Evacuate Collection Set: 1.7ms
[2023-03-15T05:30:10.217+0000][69][gc,phases   ] GC(251)   Post Evacuate Collection Set: 1.0ms
[2023-03-15T05:30:10.218+0000][69][gc,phases   ] GC(251)   Other: 1.9ms
[2023-03-15T05:30:10.219+0000][69][gc,age      ] GC(251) Age table with threshold 15 (max threshold 15)
[2023-03-15T05:30:10.219+0000][69][gc,age      ] GC(251) - age   1:    1049024 bytes,    1049024 total
[2023-03-15T05:30:10.220+0000][69][gc,age      ] GC(251) - age   2:     439832 bytes,    1488856 total
[2023-03-15T05:30:10.221+0000][69][gc,age      ] GC(251) - age   3:       9104 bytes,    1497960 total
[2023-03-15T05:30:10.221+0000][69][gc,age      ] GC(251) - age   5:      22120 bytes,    1520080 total
[2023-03-15T05:30:10.222+0000][69][gc,age      ] GC(251) - age   6:      31712 bytes,    1551792 total
[2023-03-15T05:30:10.223+0000][69][gc,age      ] GC(251) - age   7:       8512 bytes,    1560304 total
[2023-03-15T05:30:10.223+0000][69][gc,age      ] GC(251) - age   8:       8144 bytes,    1568448 total
[2023-03-15T05:30:10.224+0000][69][gc,age      ] GC(251) - age   9:        240 bytes,    1568688 total
[2023-03-15T05:30:10.224+0000][69][gc,age      ] GC(251) - age  10:        280 bytes,    1568968 total
[2023-03-15T05:30:10.225+0000][69][gc,age      ] GC(251) - age  11:       8704 bytes,    1577672 total
[2023-03-15T05:30:10.225+0000][69][gc,age      ] GC(251) - age  12:       9744 bytes,    1587416 total
[2023-03-15T05:30:10.226+0000][69][gc,age      ] GC(251) - age  14:        280 bytes,    1587696 total
[2023-03-15T05:30:10.226+0000][69][gc,heap     ] GC(251) Eden regions: 24->0(24)
[2023-03-15T05:30:10.227+0000][69][gc,heap     ] GC(251) Survivor regions: 1->1(4)
[2023-03-15T05:30:10.227+0000][69][gc,heap     ] GC(251) Old regions: 24->24
[2023-03-15T05:30:10.228+0000][69][gc,heap     ] GC(251) Archive regions: 2->2
[2023-03-15T05:30:10.228+0000][69][gc,heap     ] GC(251) Humongous regions: 2->2
[2023-03-15T05:30:10.229+0000][69][gc,metaspace] GC(251) Metaspace: 137676K(141120K)->137676K(141120K) NonClass: 120201K(121408K)->120201K(121408K) Class: 17474K(19712K)->17474K(19712K)
[2023-03-15T05:30:10.230+0000][69][gc          ] GC(251) Pause Young (Concurrent Start) (G1 Evacuation Pause) 205M->109M(256M) 21.639ms
[2023-03-15T05:30:10.231+0000][69][gc          ] GC(252) Concurrent Mark Cycle
[2023-03-15T05:30:10.231+0000][69][gc,marking  ] GC(252) Concurrent Clear Claimed Marks
[2023-03-15T05:30:10.232+0000][69][gc,marking  ] GC(252) Concurrent Clear Claimed Marks 0.705ms
[2023-03-15T05:30:10.232+0000][69][gc,marking  ] GC(252) Concurrent Scan Root Regions
[2023-03-15T05:30:10.231+0000][69][gc,cpu      ] GC(251) User=0.01s Sys=0.00s Real=0.02s
[2023-03-15T05:30:10.235+0000][69][gc,marking  ] GC(252) Concurrent Scan Root Regions 2.664ms
[2023-03-15T05:30:10.235+0000][69][gc,marking  ] GC(252) Concurrent Mark
[2023-03-15T05:30:10.236+0000][69][gc,marking  ] GC(252) Concurrent Mark From Roots
[2023-03-15T05:30:10.236+0000][69][gc,task     ] GC(252) Using 1 workers of 1 for marking
[2023-03-15T05:30:10.235+0000][69][safepoint   ] Safepoint "G1CollectForAllocation", Time since last: 5152312770 ns, Reaching safepoint: 139843 ns, At safepoint: 27059602 ns, Total: 27199445 ns
[2023-03-15T05:30:10.343+0000][69][gc,marking  ] GC(252) Concurrent Mark From Roots 107.498ms
[2023-03-15T05:30:10.344+0000][69][gc,marking  ] GC(252) Concurrent Preclean
[2023-03-15T05:30:10.345+0000][69][gc,marking  ] GC(252) Concurrent Preclean 1.080ms
[2023-03-15T05:30:10.346+0000][69][gc,start    ] GC(252) Pause Remark
[2023-03-15T05:30:10.354+0000][69][gc          ] GC(252) Pause Remark 110M->110M(256M) 8.169ms
[2023-03-15T05:30:10.355+0000][69][gc,cpu      ] GC(252) User=0.02s Sys=0.01s Real=0.01s
[2023-03-15T05:30:10.355+0000][69][safepoint   ] Safepoint "G1PauseRemark", Time since last: 110708795 ns, Reaching safepoint: 109548 ns, At safepoint: 9590961 ns, Total: 9700509 ns
[2023-03-15T05:30:10.356+0000][69][gc,marking  ] GC(252) Concurrent Mark 120.699ms
[2023-03-15T05:30:10.357+0000][69][gc,marking  ] GC(252) Concurrent Rebuild Remembered Sets
[2023-03-15T05:30:10.426+0000][69][gc,marking  ] GC(252) Concurrent Rebuild Remembered Sets 69.340ms
[2023-03-15T05:30:10.427+0000][69][gc,start    ] GC(252) Pause Cleanup
[2023-03-15T05:30:10.428+0000][69][gc          ] GC(252) Pause Cleanup 114M->114M(256M) 0.644ms
[2023-03-15T05:30:10.428+0000][69][gc,cpu      ] GC(252) User=0.00s Sys=0.00s Real=0.00s
[2023-03-15T05:30:10.429+0000][69][safepoint   ] Safepoint "G1PauseCleanup", Time since last: 71607262 ns, Reaching safepoint: 98622 ns, At safepoint: 1535836 ns, Total: 1634458 ns
[2023-03-15T05:30:10.429+0000][69][gc,marking  ] GC(252) Concurrent Cleanup for Next Mark
[2023-03-15T05:30:10.430+0000][69][gc,marking  ] GC(252) Concurrent Cleanup for Next Mark 0.781ms
[2023-03-15T05:30:10.431+0000][69][gc          ] GC(252) Concurrent Mark Cycle 200.014ms
[2023-03-15T05:30:23.426+0000][69][safepoint   ] Safepoint "Cleanup", Time since last: 13017513959 ns, Reaching safepoint: 329833 ns, At safepoint: 103944 ns, Total: 433777 ns
[2023-03-15T05:30:35.448+0000][69][safepoint   ] Safepoint "Cleanup", Time since last: 12021977157 ns, Reaching safepoint: 82247 ns, At safepoint: 3733 ns, Total: 85980 ns
[2023-03-15T05:30:37.450+0000][69][safepoint   ] Safepoint "Cleanup", Time since last: 2001728497 ns, Reaching safepoint: 273685 ns, At safepoint: 11054 ns, Total: 284739 ns
[2023-03-15T05:30:38.939+0000][69][gc,start    ] GC(253) Pause Young (Normal) (G1 Evacuation Pause)
[2023-03-15T05:30:38.940+0000][69][gc,task     ] GC(253) Using 4 workers of 4 for evacuation
[2023-03-15T05:30:38.940+0000][69][gc,age      ] GC(253) Desired survivor size 8388608 bytes, new threshold 15 (max threshold 15)
[2023-03-15T05:30:38.944+0000][69][gc,phases   ] GC(253)   Pre Evacuate Collection Set: 0.1ms
[2023-03-15T05:30:38.945+0000][69][gc,phases   ] GC(253)   Merge Heap Roots: 0.1ms
[2023-03-15T05:30:38.945+0000][69][gc,phases   ] GC(253)   Evacuate Collection Set: 1.8ms
[2023-03-15T05:30:38.945+0000][69][gc,phases   ] GC(253)   Post Evacuate Collection Set: 0.8ms
[2023-03-15T05:30:38.946+0000][69][gc,phases   ] GC(253)   Other: 1.1ms
[2023-03-15T05:30:38.946+0000][69][gc,age      ] GC(253) Age table with threshold 15 (max threshold 15)
[2023-03-15T05:30:38.947+0000][69][gc,age      ] GC(253) - age   1:    1330104 bytes,    1330104 total
[2023-03-15T05:30:38.948+0000][69][gc,age      ] GC(253) - age   2:     126584 bytes,    1456688 total
[2023-03-15T05:30:38.948+0000][69][gc,age      ] GC(253) - age   3:     293224 bytes,    1749912 total
[2023-03-15T05:30:38.948+0000][69][gc,age      ] GC(253) - age   4:       8976 bytes,    1758888 total
[2023-03-15T05:30:38.949+0000][69][gc,age      ] GC(253) - age   6:       5712 bytes,    1764600 total
[2023-03-15T05:30:38.949+0000][69][gc,age      ] GC(253) - age   7:      31416 bytes,    1796016 total
[2023-03-15T05:30:38.950+0000][69][gc,age      ] GC(253) - age   8:       8512 bytes,    1804528 total
[2023-03-15T05:30:38.950+0000][69][gc,age      ] GC(253) - age   9:       8144 bytes,    1812672 total
[2023-03-15T05:30:38.950+0000][69][gc,age      ] GC(253) - age  10:        240 bytes,    1812912 total
[2023-03-15T05:30:38.951+0000][69][gc,age      ] GC(253) - age  11:        280 bytes,    1813192 total
[2023-03-15T05:30:38.951+0000][69][gc,age      ] GC(253) - age  12:       8704 bytes,    1821896 total
[2023-03-15T05:30:38.951+0000][69][gc,age      ] GC(253) - age  13:       6296 bytes,    1828192 total
[2023-03-15T05:30:38.952+0000][69][gc,age      ] GC(253) - age  15:        280 bytes,    1828472 total
[2023-03-15T05:30:38.952+0000][69][gc,heap     ] GC(253) Eden regions: 24->0(24)
[2023-03-15T05:30:38.953+0000][69][gc,heap     ] GC(253) Survivor regions: 1->1(4)
[2023-03-15T05:30:38.953+0000][69][gc,heap     ] GC(253) Old regions: 24->24
[2023-03-15T05:30:38.953+0000][69][gc,heap     ] GC(253) Archive regions: 2->2
[2023-03-15T05:30:38.954+0000][69][gc,heap     ] GC(253) Humongous regions: 2->2
[2023-03-15T05:30:38.954+0000][69][gc,metaspace] GC(253) Metaspace: 137676K(141120K)->137676K(141120K) NonClass: 120201K(121408K)->120201K(121408K) Class: 17474K(19712K)->17474K(19712K)
[2023-03-15T05:30:38.955+0000][69][gc          ] GC(253) Pause Young (Normal) (G1 Evacuation Pause) 205M->109M(256M) 15.288ms
[2023-03-15T05:30:38.955+0000][69][gc,cpu      ] GC(253) User=0.01s Sys=0.00s Real=0.02s
[2023-03-15T05:30:38.955+0000][69][safepoint   ] Safepoint "G1CollectForAllocation", Time since last: 1489353621 ns, Reaching safepoint: 263767 ns, At safepoint: 16062453 ns, Total: 16326220 ns
[2023-03-15T05:30:40.959+0000][69][safepoint   ] Safepoint "Cleanup", Time since last: 2001950796 ns, Reaching safepoint: 1208924 ns, At safepoint: 142875 ns, Total: 1351799 ns
[2023-03-15T05:31:07.123+0000][69][gc,start    ] GC(254) Pause Young (Concurrent Start) (G1 Evacuation Pause)
[2023-03-15T05:31:07.124+0000][69][gc,task     ] GC(254) Using 4 workers of 4 for evacuation
[2023-03-15T05:31:07.125+0000][69][gc,age      ] GC(254) Desired survivor size 8388608 bytes, new threshold 15 (max threshold 15)
[2023-03-15T05:31:07.129+0000][69][gc,phases   ] GC(254)   Pre Evacuate Collection Set: 0.5ms
[2023-03-15T05:31:07.130+0000][69][gc,phases   ] GC(254)   Merge Heap Roots: 0.2ms
[2023-03-15T05:31:07.131+0000][69][gc,phases   ] GC(254)   Evacuate Collection Set: 2.0ms
[2023-03-15T05:31:07.131+0000][69][gc,phases   ] GC(254)   Post Evacuate Collection Set: 0.9ms
[2023-03-15T05:31:07.132+0000][69][gc,phases   ] GC(254)   Other: 1.7ms
[2023-03-15T05:31:07.133+0000][69][gc,age      ] GC(254) Age table with threshold 15 (max threshold 15)
[2023-03-15T05:31:07.133+0000][69][gc,age      ] GC(254) - age   1:     356872 bytes,     356872 total
[2023-03-15T05:31:07.133+0000][69][gc,age      ] GC(254) - age   2:       2560 bytes,     359432 total
[2023-03-15T05:31:07.134+0000][69][gc,age      ] GC(254) - age   3:      15520 bytes,     374952 total
[2023-03-15T05:31:07.134+0000][69][gc,age      ] GC(254) - age   4:     293096 bytes,     668048 total
[2023-03-15T05:31:07.135+0000][69][gc,age      ] GC(254) - age   5:       8976 bytes,     677024 total
[2023-03-15T05:31:07.135+0000][69][gc,age      ] GC(254) - age   7:       5712 bytes,     682736 total
[2023-03-15T05:31:07.136+0000][69][gc,age      ] GC(254) - age   8:      31416 bytes,     714152 total
[2023-03-15T05:31:07.137+0000][69][gc,age      ] GC(254) - age   9:       8512 bytes,     722664 total
[2023-03-15T05:31:07.137+0000][69][gc,age      ] GC(254) - age  10:       8144 bytes,     730808 total
[2023-03-15T05:31:07.138+0000][69][gc,age      ] GC(254) - age  11:        240 bytes,     731048 total
[2023-03-15T05:31:07.138+0000][69][gc,age      ] GC(254) - age  12:        280 bytes,     731328 total
[2023-03-15T05:31:07.138+0000][69][gc,age      ] GC(254) - age  13:       8704 bytes,     740032 total
[2023-03-15T05:31:07.139+0000][69][gc,age      ] GC(254) - age  14:       6296 bytes,     746328 total
[2023-03-15T05:31:07.139+0000][69][gc,heap     ] GC(254) Eden regions: 24->0(24)
[2023-03-15T05:31:07.140+0000][69][gc,heap     ] GC(254) Survivor regions: 1->1(4)
[2023-03-15T05:31:07.140+0000][69][gc,heap     ] GC(254) Old regions: 24->24
[2023-03-15T05:31:07.141+0000][69][gc,heap     ] GC(254) Archive regions: 2->2
[2023-03-15T05:31:07.141+0000][69][gc,heap     ] GC(254) Humongous regions: 2->2
[2023-03-15T05:31:07.142+0000][69][gc,metaspace] GC(254) Metaspace: 137678K(141120K)->137678K(141120K) NonClass: 120204K(121408K)->120204K(121408K) Class: 17474K(19712K)->17474K(19712K)
[2023-03-15T05:31:07.142+0000][69][gc          ] GC(254) Pause Young (Concurrent Start) (G1 Evacuation Pause) 205M->108M(256M) 19.284ms
[2023-03-15T05:31:07.143+0000][69][gc,cpu      ] GC(254) User=0.01s Sys=0.00s Real=0.02s
[2023-03-15T05:31:07.144+0000][69][safepoint   ] Safepoint "G1CollectForAllocation", Time since last: 26185998941 ns, Reaching safepoint: 349085 ns, At safepoint: 20461631 ns, Total: 20810716 ns
[2023-03-15T05:31:07.143+0000][69][gc          ] GC(255) Concurrent Mark Cycle
[2023-03-15T05:31:07.145+0000][69][gc,marking  ] GC(255) Concurrent Clear Claimed Marks
[2023-03-15T05:31:07.146+0000][69][gc,marking  ] GC(255) Concurrent Clear Claimed Marks 1.480ms
[2023-03-15T05:31:07.147+0000][69][gc,marking  ] GC(255) Concurrent Scan Root Regions
[2023-03-15T05:31:07.149+0000][69][gc,marking  ] GC(255) Concurrent Scan Root Regions 2.276ms
[2023-03-15T05:31:07.150+0000][69][gc,marking  ] GC(255) Concurrent Mark
[2023-03-15T05:31:07.150+0000][69][gc,marking  ] GC(255) Concurrent Mark From Roots
[2023-03-15T05:31:07.150+0000][69][gc,task     ] GC(255) Using 1 workers of 1 for marking
[2023-03-15T05:31:07.248+0000][69][gc,marking  ] GC(255) Concurrent Mark From Roots 98.202ms
[2023-03-15T05:31:07.249+0000][69][gc,marking  ] GC(255) Concurrent Preclean
[2023-03-15T05:31:07.250+0000][69][gc,marking  ] GC(255) Concurrent Preclean 0.737ms
[2023-03-15T05:31:07.251+0000][69][gc,start    ] GC(255) Pause Remark
[2023-03-15T05:31:07.261+0000][69][gc          ] GC(255) Pause Remark 109M->109M(256M) 10.144ms
[2023-03-15T05:31:07.262+0000][69][gc,cpu      ] GC(255) User=0.03s Sys=0.00s Real=0.01s
[2023-03-15T05:31:07.262+0000][69][safepoint   ] Safepoint "G1PauseRemark", Time since last: 107150527 ns, Reaching safepoint: 112909 ns, At safepoint: 11653819 ns, Total: 11766728 ns
[2023-03-15T05:31:07.263+0000][69][gc,marking  ] GC(255) Concurrent Mark 113.422ms
[2023-03-15T05:31:07.263+0000][69][gc,marking  ] GC(255) Concurrent Rebuild Remembered Sets
[2023-03-15T05:31:07.312+0000][69][gc,marking  ] GC(255) Concurrent Rebuild Remembered Sets 48.591ms
[2023-03-15T05:31:07.314+0000][69][gc,start    ] GC(255) Pause Cleanup
[2023-03-15T05:31:07.314+0000][69][gc          ] GC(255) Pause Cleanup 109M->109M(256M) 0.673ms
[2023-03-15T05:31:07.315+0000][69][gc,cpu      ] GC(255) User=0.00s Sys=0.00s Real=0.00s
[2023-03-15T05:31:07.315+0000][69][safepoint   ] Safepoint "G1PauseCleanup", Time since last: 50872653 ns, Reaching safepoint: 165384 ns, At safepoint: 1735134 ns, Total: 1900518 ns
[2023-03-15T05:31:07.316+0000][69][gc,marking  ] GC(255) Concurrent Cleanup for Next Mark
[2023-03-15T05:31:07.316+0000][69][gc,marking  ] GC(255) Concurrent Cleanup for Next Mark 0.687ms
[2023-03-15T05:31:07.317+0000][69][gc          ] GC(255) Concurrent Mark Cycle 173.779ms
[2023-03-15T05:31:40.918+0000][69][gc,start    ] GC(256) Pause Young (Normal) (G1 Evacuation Pause)
[2023-03-15T05:31:40.920+0000][69][gc,task     ] GC(256) Using 4 workers of 4 for evacuation
[2023-03-15T05:31:40.921+0000][69][gc,age      ] GC(256) Desired survivor size 8388608 bytes, new threshold 15 (max threshold 15)
[2023-03-15T05:31:40.927+0000][69][gc,phases   ] GC(256)   Pre Evacuate Collection Set: 0.2ms
[2023-03-15T05:31:40.928+0000][69][gc,phases   ] GC(256)   Merge Heap Roots: 0.2ms
[2023-03-15T05:31:40.929+0000][69][gc,phases   ] GC(256)   Evacuate Collection Set: 2.6ms
[2023-03-15T05:31:40.930+0000][69][gc,phases   ] GC(256)   Post Evacuate Collection Set: 1.3ms
[2023-03-15T05:31:40.931+0000][69][gc,phases   ] GC(256)   Other: 2.0ms
[2023-03-15T05:31:40.931+0000][69][gc,age      ] GC(256) Age table with threshold 15 (max threshold 15)
[2023-03-15T05:31:40.932+0000][69][gc,age      ] GC(256) - age   1:     849504 bytes,     849504 total
[2023-03-15T05:31:40.933+0000][69][gc,age      ] GC(256) - age   2:     111336 bytes,     960840 total
[2023-03-15T05:31:40.933+0000][69][gc,age      ] GC(256) - age   3:       1920 bytes,     962760 total
[2023-03-15T05:31:40.934+0000][69][gc,age      ] GC(256) - age   4:      15144 bytes,     977904 total
[2023-03-15T05:31:40.935+0000][69][gc,age      ] GC(256) - age   5:     293096 bytes,    1271000 total
[2023-03-15T05:31:40.935+0000][69][gc,age      ] GC(256) - age   6:       8680 bytes,    1279680 total
[2023-03-15T05:31:40.936+0000][69][gc,age      ] GC(256) - age   8:       5712 bytes,    1285392 total
[2023-03-15T05:31:40.936+0000][69][gc,age      ] GC(256) - age   9:      31416 bytes,    1316808 total
[2023-03-15T05:31:40.936+0000][69][gc,age      ] GC(256) - age  10:       8512 bytes,    1325320 total
[2023-03-15T05:31:40.937+0000][69][gc,age      ] GC(256) - age  11:       8144 bytes,    1333464 total
[2023-03-15T05:31:40.937+0000][69][gc,age      ] GC(256) - age  12:        240 bytes,    1333704 total
[2023-03-15T05:31:40.938+0000][69][gc,age      ] GC(256) - age  13:        280 bytes,    1333984 total
[2023-03-15T05:31:40.938+0000][69][gc,age      ] GC(256) - age  14:       8704 bytes,    1342688 total
[2023-03-15T05:31:40.938+0000][69][gc,age      ] GC(256) - age  15:       5576 bytes,    1348264 total
[2023-03-15T05:31:40.939+0000][69][gc,heap     ] GC(256) Eden regions: 24->0(24)
[2023-03-15T05:31:40.939+0000][69][gc,heap     ] GC(256) Survivor regions: 1->1(4)
[2023-03-15T05:31:40.940+0000][69][gc,heap     ] GC(256) Old regions: 24->24
[2023-03-15T05:31:40.940+0000][69][gc,heap     ] GC(256) Archive regions: 2->2
[2023-03-15T05:31:40.940+0000][69][gc,heap     ] GC(256) Humongous regions: 2->2
[2023-03-15T05:31:40.941+0000][69][gc,metaspace] GC(256) Metaspace: 137679K(141120K)->137679K(141120K) NonClass: 120204K(121408K)->120204K(121408K) Class: 17474K(19712K)->17474K(19712K)
[2023-03-15T05:31:40.941+0000][69][gc          ] GC(256) Pause Young (Normal) (G1 Evacuation Pause) 204M->109M(256M) 22.998ms
[2023-03-15T05:31:40.942+0000][69][gc,cpu      ] GC(256) User=0.01s Sys=0.01s Real=0.02s
[2023-03-15T05:31:40.942+0000][69][safepoint   ] Safepoint "G1CollectForAllocation", Time since last: 33625086622 ns, Reaching safepoint: 111523 ns, At safepoint: 24059109 ns, Total: 24170632 ns
[2023-03-15T05:32:04.964+0000][69][safepoint   ] Safepoint "Cleanup", Time since last: 24042161992 ns, Reaching safepoint: 352373 ns, At safepoint: 145439 ns, Total: 497812 ns
[2023-03-15T05:32:16.334+0000][69][gc,start    ] GC(257) Pause Young (Concurrent Start) (G1 Evacuation Pause)
[2023-03-15T05:32:16.334+0000][69][gc,task     ] GC(257) Using 4 workers of 4 for evacuation
[2023-03-15T05:32:16.335+0000][69][gc,age      ] GC(257) Desired survivor size 8388608 bytes, new threshold 15 (max threshold 15)
[2023-03-15T05:32:16.338+0000][69][gc,phases   ] GC(257)   Pre Evacuate Collection Set: 0.3ms
[2023-03-15T05:32:16.339+0000][69][gc,phases   ] GC(257)   Merge Heap Roots: 0.1ms
[2023-03-15T05:32:16.340+0000][69][gc,phases   ] GC(257)   Evacuate Collection Set: 2.0ms
[2023-03-15T05:32:16.340+0000][69][gc,phases   ] GC(257)   Post Evacuate Collection Set: 0.7ms
[2023-03-15T05:32:16.341+0000][69][gc,phases   ] GC(257)   Other: 1.0ms
[2023-03-15T05:32:16.341+0000][69][gc,age      ] GC(257) Age table with threshold 15 (max threshold 15)
[2023-03-15T05:32:16.342+0000][69][gc,age      ] GC(257) - age   1:    1086144 bytes,    1086144 total
[2023-03-15T05:32:16.342+0000][69][gc,age      ] GC(257) - age   2:     131536 bytes,    1217680 total
[2023-03-15T05:32:16.342+0000][69][gc,age      ] GC(257) - age   3:        568 bytes,    1218248 total
[2023-03-15T05:32:16.343+0000][69][gc,age      ] GC(257) - age   4:       1496 bytes,    1219744 total
[2023-03-15T05:32:16.343+0000][69][gc,age      ] GC(257) - age   5:      14720 bytes,    1234464 total
[2023-03-15T05:32:16.344+0000][69][gc,age      ] GC(257) - age   6:     293096 bytes,    1527560 total
[2023-03-15T05:32:16.344+0000][69][gc,age      ] GC(257) - age   7:       8680 bytes,    1536240 total
[2023-03-15T05:32:16.344+0000][69][gc,age      ] GC(257) - age   9:       5712 bytes,    1541952 total
[2023-03-15T05:32:16.345+0000][69][gc,age      ] GC(257) - age  10:      31416 bytes,    1573368 total
[2023-03-15T05:32:16.345+0000][69][gc,age      ] GC(257) - age  11:       8512 bytes,    1581880 total
[2023-03-15T05:32:16.346+0000][69][gc,age      ] GC(257) - age  12:       8112 bytes,    1589992 total
[2023-03-15T05:32:16.346+0000][69][gc,age      ] GC(257) - age  13:        240 bytes,    1590232 total
[2023-03-15T05:32:16.347+0000][69][gc,age      ] GC(257) - age  14:        280 bytes,    1590512 total
[2023-03-15T05:32:16.347+0000][69][gc,age      ] GC(257) - age  15:        272 bytes,    1590784 total
[2023-03-15T05:32:16.347+0000][69][gc,heap     ] GC(257) Eden regions: 24->0(24)
[2023-03-15T05:32:16.348+0000][69][gc,heap     ] GC(257) Survivor regions: 1->1(4)
[2023-03-15T05:32:16.348+0000][69][gc,heap     ] GC(257) Old regions: 24->24
[2023-03-15T05:32:16.349+0000][69][gc,heap     ] GC(257) Archive regions: 2->2
[2023-03-15T05:32:16.349+0000][69][gc,heap     ] GC(257) Humongous regions: 2->2
[2023-03-15T05:32:16.349+0000][69][gc,metaspace] GC(257) Metaspace: 137686K(141120K)->137686K(141120K) NonClass: 120212K(121408K)->120212K(121408K) Class: 17474K(19712K)->17474K(19712K)
[2023-03-15T05:32:16.350+0000][69][gc          ] GC(257) Pause Young (Concurrent Start) (G1 Evacuation Pause) 205M->109M(256M) 16.180ms
[2023-03-15T05:32:16.350+0000][69][gc,cpu      ] GC(257) User=0.00s Sys=0.01s Real=0.02s
[2023-03-15T05:32:16.351+0000][69][safepoint   ] Safepoint "G1CollectForAllocation", Time since last: 11390465248 ns, Reaching safepoint: 112873 ns, At safepoint: 16995432 ns, Total: 17108305 ns
[2023-03-15T05:32:16.350+0000][69][gc          ] GC(258) Concurrent Mark Cycle
[2023-03-15T05:32:16.352+0000][69][gc,marking  ] GC(258) Concurrent Clear Claimed Marks
[2023-03-15T05:32:16.353+0000][69][gc,marking  ] GC(258) Concurrent Clear Claimed Marks 0.933ms
[2023-03-15T05:32:16.355+0000][69][gc,marking  ] GC(258) Concurrent Scan Root Regions
[2023-03-15T05:32:16.357+0000][69][gc,marking  ] GC(258) Concurrent Scan Root Regions 2.643ms
[2023-03-15T05:32:16.359+0000][69][gc,marking  ] GC(258) Concurrent Mark
[2023-03-15T05:32:16.360+0000][69][gc,marking  ] GC(258) Concurrent Mark From Roots
[2023-03-15T05:32:16.360+0000][69][gc,task     ] GC(258) Using 1 workers of 1 for marking
[2023-03-15T05:32:16.463+0000][69][gc,marking  ] GC(258) Concurrent Mark From Roots 103.479ms
[2023-03-15T05:32:16.464+0000][69][gc,marking  ] GC(258) Concurrent Preclean
[2023-03-15T05:32:16.465+0000][69][gc,marking  ] GC(258) Concurrent Preclean 1.264ms
[2023-03-15T05:32:16.467+0000][69][gc,start    ] GC(258) Pause Remark
[2023-03-15T05:32:16.475+0000][69][gc          ] GC(258) Pause Remark 112M->112M(256M) 8.718ms
[2023-03-15T05:32:16.476+0000][69][gc,cpu      ] GC(258) User=0.02s Sys=0.00s Real=0.01s
[2023-03-15T05:32:16.477+0000][69][safepoint   ] Safepoint "G1PauseRemark", Time since last: 115735583 ns, Reaching safepoint: 138595 ns, At safepoint: 10051231 ns, Total: 10189826 ns
[2023-03-15T05:32:16.478+0000][69][gc,marking  ] GC(258) Concurrent Mark 118.570ms
[2023-03-15T05:32:16.479+0000][69][gc,marking  ] GC(258) Concurrent Rebuild Remembered Sets
[2023-03-15T05:32:16.528+0000][69][gc,marking  ] GC(258) Concurrent Rebuild Remembered Sets 49.410ms
[2023-03-15T05:32:16.530+0000][69][gc,start    ] GC(258) Pause Cleanup
[2023-03-15T05:32:16.531+0000][69][gc          ] GC(258) Pause Cleanup 113M->113M(256M) 1.070ms
[2023-03-15T05:32:16.531+0000][69][gc,cpu      ] GC(258) User=0.00s Sys=0.00s Real=0.00s
[2023-03-15T05:32:16.532+0000][69][safepoint   ] Safepoint "G1PauseCleanup", Time since last: 52736386 ns, Reaching safepoint: 217160 ns, At safepoint: 2293577 ns, Total: 2510737 ns
[2023-03-15T05:32:16.532+0000][69][gc,marking  ] GC(258) Concurrent Cleanup for Next Mark
[2023-03-15T05:32:16.533+0000][69][gc,marking  ] GC(258) Concurrent Cleanup for Next Mark 0.743ms
[2023-03-15T05:32:16.534+0000][69][gc          ] GC(258) Concurrent Mark Cycle 183.287ms
[2023-03-15T05:32:26.555+0000][69][safepoint   ] Safepoint "Cleanup", Time since last: 10023002744 ns, Reaching safepoint: 471418 ns, At safepoint: 33715 ns, Total: 505133 ns
[2023-03-15T05:32:28.559+0000][69][safepoint   ] Safepoint "Cleanup", Time since last: 2003808464 ns, Reaching safepoint: 125503 ns, At safepoint: 3776 ns, Total: 129279 ns
[2023-03-15T05:32:34.565+0000][69][safepoint   ] Safepoint "Cleanup", Time since last: 6004630071 ns, Reaching safepoint: 833757 ns, At safepoint: 175427 ns, Total: 1009184 ns
[2023-03-15T05:32:46.324+0000][69][gc,start    ] GC(259) Pause Young (Normal) (G1 Evacuation Pause)
[2023-03-15T05:32:46.325+0000][69][gc,task     ] GC(259) Using 4 workers of 4 for evacuation
[2023-03-15T05:32:46.325+0000][69][gc,age      ] GC(259) Desired survivor size 8388608 bytes, new threshold 15 (max threshold 15)
[2023-03-15T05:32:46.329+0000][69][gc,phases   ] GC(259)   Pre Evacuate Collection Set: 0.2ms
[2023-03-15T05:32:46.329+0000][69][gc,phases   ] GC(259)   Merge Heap Roots: 0.1ms
[2023-03-15T05:32:46.330+0000][69][gc,phases   ] GC(259)   Evacuate Collection Set: 1.8ms
[2023-03-15T05:32:46.330+0000][69][gc,phases   ] GC(259)   Post Evacuate Collection Set: 0.9ms
[2023-03-15T05:32:46.331+0000][69][gc,phases   ] GC(259)   Other: 0.9ms
[2023-03-15T05:32:46.331+0000][69][gc,age      ] GC(259) Age table with threshold 15 (max threshold 15)
[2023-03-15T05:32:46.332+0000][69][gc,age      ] GC(259) - age   1:    1324472 bytes,    1324472 total
[2023-03-15T05:32:46.332+0000][69][gc,age      ] GC(259) - age   2:     131064 bytes,    1455536 total
[2023-03-15T05:32:46.332+0000][69][gc,age      ] GC(259) - age   3:       1272 bytes,    1456808 total
[2023-03-15T05:32:46.333+0000][69][gc,age      ] GC(259) - age   4:        272 bytes,    1457080 total
[2023-03-15T05:32:46.333+0000][69][gc,age      ] GC(259) - age   5:       1496 bytes,    1458576 total
[2023-03-15T05:32:46.333+0000][69][gc,age      ] GC(259) - age   6:      14720 bytes,    1473296 total
[2023-03-15T05:32:46.334+0000][69][gc,age      ] GC(259) - age   7:     293096 bytes,    1766392 total
[2023-03-15T05:32:46.334+0000][69][gc,age      ] GC(259) - age   8:       8680 bytes,    1775072 total
[2023-03-15T05:32:46.334+0000][69][gc,age      ] GC(259) - age  10:       5712 bytes,    1780784 total
[2023-03-15T05:32:46.334+0000][69][gc,age      ] GC(259) - age  11:      31416 bytes,    1812200 total
[2023-03-15T05:32:46.335+0000][69][gc,age      ] GC(259) - age  12:       8512 bytes,    1820712 total
[2023-03-15T05:32:46.335+0000][69][gc,age      ] GC(259) - age  13:       8112 bytes,    1828824 total
[2023-03-15T05:32:46.336+0000][69][gc,age      ] GC(259) - age  14:        240 bytes,    1829064 total
[2023-03-15T05:32:46.336+0000][69][gc,age      ] GC(259) - age  15:        280 bytes,    1829344 total
[2023-03-15T05:32:46.336+0000][69][gc,heap     ] GC(259) Eden regions: 24->0(24)
[2023-03-15T05:32:46.336+0000][69][gc,heap     ] GC(259) Survivor regions: 1->1(4)
[2023-03-15T05:32:46.337+0000][69][gc,heap     ] GC(259) Old regions: 24->24
[2023-03-15T05:32:46.337+0000][69][gc,heap     ] GC(259) Archive regions: 2->2
[2023-03-15T05:32:46.337+0000][69][gc,heap     ] GC(259) Humongous regions: 2->2
[2023-03-15T05:32:46.338+0000][69][gc,metaspace] GC(259) Metaspace: 137686K(141120K)->137686K(141120K) NonClass: 120212K(121408K)->120212K(121408K) Class: 17474K(19712K)->17474K(19712K)
[2023-03-15T05:32:46.338+0000][69][gc          ] GC(259) Pause Young (Normal) (G1 Evacuation Pause) 205M->109M(256M) 14.310ms
[2023-03-15T05:32:46.339+0000][69][gc,cpu      ] GC(259) User=0.01s Sys=0.00s Real=0.02s
[2023-03-15T05:32:46.339+0000][69][safepoint   ] Safepoint "G1CollectForAllocation", Time since last: 11780527972 ns, Reaching safepoint: 89379 ns, At safepoint: 15359296 ns, Total: 15448675 ns
[2023-03-15T05:32:47.344+0000][69][safepoint   ] Safepoint "Cleanup", Time since last: 1004506824 ns, Reaching safepoint: 516930 ns, At safepoint: 52506 ns, Total: 569436 ns
[2023-03-15T05:32:57.361+0000][69][safepoint   ] Safepoint "Cleanup", Time since last: 10015540527 ns, Reaching safepoint: 558548 ns, At safepoint: 15693 ns, Total: 574241 ns
[2023-03-15T05:33:16.425+0000][69][gc,start    ] GC(260) Pause Young (Concurrent Start) (G1 Evacuation Pause)
[2023-03-15T05:33:16.425+0000][69][gc,task     ] GC(260) Using 4 workers of 4 for evacuation
[2023-03-15T05:33:16.426+0000][69][gc,age      ] GC(260) Desired survivor size 8388608 bytes, new threshold 15 (max threshold 15)
[2023-03-15T05:33:16.432+0000][69][gc,phases   ] GC(260)   Pre Evacuate Collection Set: 0.6ms
[2023-03-15T05:33:16.433+0000][69][gc,phases   ] GC(260)   Merge Heap Roots: 0.2ms
[2023-03-15T05:33:16.433+0000][69][gc,phases   ] GC(260)   Evacuate Collection Set: 3.7ms
[2023-03-15T05:33:16.434+0000][69][gc,phases   ] GC(260)   Post Evacuate Collection Set: 0.8ms
[2023-03-15T05:33:16.434+0000][69][gc,phases   ] GC(260)   Other: 1.3ms
[2023-03-15T05:33:16.435+0000][69][gc,age      ] GC(260) Age table with threshold 15 (max threshold 15)
[2023-03-15T05:33:16.435+0000][69][gc,age      ] GC(260) - age   1:    1970808 bytes,    1970808 total
[2023-03-15T05:33:16.436+0000][69][gc,age      ] GC(260) - age   2:     127832 bytes,    2098640 total
[2023-03-15T05:33:16.436+0000][69][gc,age      ] GC(260) - age   3:        992 bytes,    2099632 total
[2023-03-15T05:33:16.436+0000][69][gc,age      ] GC(260) - age   4:        928 bytes,    2100560 total
[2023-03-15T05:33:16.437+0000][69][gc,age      ] GC(260) - age   5:        144 bytes,    2100704 total
[2023-03-15T05:33:16.437+0000][69][gc,age      ] GC(260) - age   6:       1496 bytes,    2102200 total
[2023-03-15T05:33:16.438+0000][69][gc,age      ] GC(260) - age   7:      14688 bytes,    2116888 total
[2023-03-15T05:33:16.438+0000][69][gc,age      ] GC(260) - age   8:     293096 bytes,    2409984 total
[2023-03-15T05:33:16.438+0000][69][gc,age      ] GC(260) - age   9:       8680 bytes,    2418664 total
[2023-03-15T05:33:16.439+0000][69][gc,age      ] GC(260) - age  11:       5504 bytes,    2424168 total
[2023-03-15T05:33:16.439+0000][69][gc,age      ] GC(260) - age  12:      31416 bytes,    2455584 total
[2023-03-15T05:33:16.440+0000][69][gc,age      ] GC(260) - age  13:       8512 bytes,    2464096 total
[2023-03-15T05:33:16.440+0000][69][gc,age      ] GC(260) - age  14:       8112 bytes,    2472208 total
[2023-03-15T05:33:16.441+0000][69][gc,age      ] GC(260) - age  15:        240 bytes,    2472448 total
[2023-03-15T05:33:16.441+0000][69][gc,heap     ] GC(260) Eden regions: 24->0(23)
[2023-03-15T05:33:16.442+0000][69][gc,heap     ] GC(260) Survivor regions: 1->1(4)
[2023-03-15T05:33:16.442+0000][69][gc,heap     ] GC(260) Old regions: 24->24
[2023-03-15T05:33:16.443+0000][69][gc,heap     ] GC(260) Archive regions: 2->2
[2023-03-15T05:33:16.443+0000][69][gc,heap     ] GC(260) Humongous regions: 2->2
[2023-03-15T05:33:16.444+0000][69][gc,metaspace] GC(260) Metaspace: 137686K(141120K)->137686K(141120K) NonClass: 120212K(121408K)->120212K(121408K) Class: 17474K(19712K)->17474K(19712K)
[2023-03-15T05:33:16.444+0000][69][gc          ] GC(260) Pause Young (Concurrent Start) (G1 Evacuation Pause) 205M->110M(256M) 19.044ms
[2023-03-15T05:33:16.444+0000][69][gc          ] GC(261) Concurrent Mark Cycle
[2023-03-15T05:33:16.445+0000][69][gc,marking  ] GC(261) Concurrent Clear Claimed Marks
[2023-03-15T05:33:16.446+0000][69][gc,marking  ] GC(261) Concurrent Clear Claimed Marks 0.855ms
[2023-03-15T05:33:16.447+0000][69][gc,marking  ] GC(261) Concurrent Scan Root Regions
[2023-03-15T05:33:16.444+0000][69][gc,cpu      ] GC(260) User=0.01s Sys=0.00s Real=0.02s
[2023-03-15T05:33:16.448+0000][69][safepoint   ] Safepoint "G1CollectForAllocation", Time since last: 19085410493 ns, Reaching safepoint: 89380 ns, At safepoint: 22953686 ns, Total: 23043066 ns
[2023-03-15T05:33:16.449+0000][69][gc,marking  ] GC(261) Concurrent Scan Root Regions 2.609ms
[2023-03-15T05:33:16.451+0000][69][gc,marking  ] GC(261) Concurrent Mark
[2023-03-15T05:33:16.451+0000][69][gc,marking  ] GC(261) Concurrent Mark From Roots
[2023-03-15T05:33:16.452+0000][69][gc,task     ] GC(261) Using 1 workers of 1 for marking
[2023-03-15T05:33:16.565+0000][69][gc,marking  ] GC(261) Concurrent Mark From Roots 113.467ms
[2023-03-15T05:33:16.565+0000][69][gc,marking  ] GC(261) Concurrent Preclean
[2023-03-15T05:33:16.566+0000][69][gc,marking  ] GC(261) Concurrent Preclean 0.791ms
[2023-03-15T05:33:16.567+0000][69][gc,start    ] GC(261) Pause Remark
[2023-03-15T05:33:16.575+0000][69][gc          ] GC(261) Pause Remark 114M->114M(256M) 8.334ms
[2023-03-15T05:33:16.576+0000][69][gc,cpu      ] GC(261) User=0.02s Sys=0.00s Real=0.01s
[2023-03-15T05:33:16.577+0000][69][safepoint   ] Safepoint "G1PauseRemark", Time since last: 119112766 ns, Reaching safepoint: 118403 ns, At safepoint: 9611210 ns, Total: 9729613 ns
[2023-03-15T05:33:16.577+0000][69][gc,marking  ] GC(261) Concurrent Mark 126.591ms
[2023-03-15T05:33:16.578+0000][69][gc,marking  ] GC(261) Concurrent Rebuild Remembered Sets
[2023-03-15T05:33:16.628+0000][69][gc,marking  ] GC(261) Concurrent Rebuild Remembered Sets 50.120ms
[2023-03-15T05:33:16.629+0000][69][gc,start    ] GC(261) Pause Cleanup
[2023-03-15T05:33:16.630+0000][69][gc          ] GC(261) Pause Cleanup 114M->114M(256M) 0.991ms
[2023-03-15T05:33:16.631+0000][69][gc,cpu      ] GC(261) User=0.00s Sys=0.00s Real=0.00s
[2023-03-15T05:33:16.632+0000][69][safepoint   ] Safepoint "G1PauseCleanup", Time since last: 52465688 ns, Reaching safepoint: 157075 ns, At safepoint: 2555585 ns, Total: 2712660 ns
[2023-03-15T05:33:16.632+0000][69][gc,marking  ] GC(261) Concurrent Cleanup for Next Mark
[2023-03-15T05:33:16.633+0000][69][gc,marking  ] GC(261) Concurrent Cleanup for Next Mark 0.713ms
[2023-03-15T05:33:16.634+0000][69][gc          ] GC(261) Concurrent Mark Cycle 189.235ms
[2023-03-15T05:33:43.672+0000][69][safepoint   ] Safepoint "Cleanup", Time since last: 27039616997 ns, Reaching safepoint: 487376 ns, At safepoint: 20503 ns, Total: 507879 ns
[2023-03-15T05:33:49.101+0000][69][gc,start    ] GC(262) Pause Young (Normal) (G1 Evacuation Pause)
[2023-03-15T05:33:49.102+0000][69][gc,task     ] GC(262) Using 4 workers of 4 for evacuation
[2023-03-15T05:33:49.103+0000][69][gc,age      ] GC(262) Desired survivor size 6291456 bytes, new threshold 15 (max threshold 15)
[2023-03-15T05:33:49.109+0000][69][gc,phases   ] GC(262)   Pre Evacuate Collection Set: 0.3ms
[2023-03-15T05:33:49.110+0000][69][gc,phases   ] GC(262)   Merge Heap Roots: 0.3ms
[2023-03-15T05:33:49.111+0000][69][gc,phases   ] GC(262)   Evacuate Collection Set: 2.3ms
[2023-03-15T05:33:49.112+0000][69][gc,phases   ] GC(262)   Post Evacuate Collection Set: 1.7ms
[2023-03-15T05:33:49.112+0000][69][gc,phases   ] GC(262)   Other: 2.0ms
[2023-03-15T05:33:49.113+0000][69][gc,age      ] GC(262) Age table with threshold 15 (max threshold 15)
[2023-03-15T05:33:49.113+0000][69][gc,age      ] GC(262) - age   1:     629448 bytes,     629448 total
[2023-03-15T05:33:49.114+0000][69][gc,age      ] GC(262) - age   2:     153064 bytes,     782512 total
[2023-03-15T05:33:49.114+0000][69][gc,age      ] GC(262) - age   3:        936 bytes,     783448 total
[2023-03-15T05:33:49.115+0000][69][gc,age      ] GC(262) - age   4:        736 bytes,     784184 total
[2023-03-15T05:33:49.116+0000][69][gc,age      ] GC(262) - age   5:        440 bytes,     784624 total
[2023-03-15T05:33:49.117+0000][69][gc,age      ] GC(262) - age   6:        144 bytes,     784768 total
[2023-03-15T05:33:49.117+0000][69][gc,age      ] GC(262) - age   7:       1496 bytes,     786264 total
[2023-03-15T05:33:49.118+0000][69][gc,age      ] GC(262) - age   8:      14688 bytes,     800952 total
[2023-03-15T05:33:49.118+0000][69][gc,age      ] GC(262) - age   9:     293096 bytes,    1094048 total
[2023-03-15T05:33:49.119+0000][69][gc,age      ] GC(262) - age  10:       8680 bytes,    1102728 total
[2023-03-15T05:33:49.119+0000][69][gc,age      ] GC(262) - age  12:       5504 bytes,    1108232 total
[2023-03-15T05:33:49.120+0000][69][gc,age      ] GC(262) - age  13:      31416 bytes,    1139648 total
[2023-03-15T05:33:49.120+0000][69][gc,age      ] GC(262) - age  14:       8512 bytes,    1148160 total
[2023-03-15T05:33:49.121+0000][69][gc,age      ] GC(262) - age  15:       8112 bytes,    1156272 total
[2023-03-15T05:33:49.121+0000][69][gc,heap     ] GC(262) Eden regions: 23->0(24)
[2023-03-15T05:33:49.122+0000][69][gc,heap     ] GC(262) Survivor regions: 1->1(3)
[2023-03-15T05:33:49.122+0000][69][gc,heap     ] GC(262) Old regions: 24->24
[2023-03-15T05:33:49.123+0000][69][gc,heap     ] GC(262) Archive regions: 2->2
[2023-03-15T05:33:49.123+0000][69][gc,heap     ] GC(262) Humongous regions: 2->2
[2023-03-15T05:33:49.124+0000][69][gc,metaspace] GC(262) Metaspace: 137686K(141120K)->137686K(141120K) NonClass: 120212K(121408K)->120212K(121408K) Class: 17474K(19712K)->17474K(19712K)
[2023-03-15T05:33:49.124+0000][69][gc          ] GC(262) Pause Young (Normal) (G1 Evacuation Pause) 202M->109M(256M) 23.245ms
[2023-03-15T05:33:49.124+0000][69][gc,cpu      ] GC(262) User=0.01s Sys=0.01s Real=0.03s
[2023-03-15T05:33:49.125+0000][69][safepoint   ] Safepoint "G1CollectForAllocation", Time since last: 5450097984 ns, Reaching safepoint: 137650 ns, At safepoint: 24223278 ns, Total: 24360928 ns
[2023-03-15T05:33:53.131+0000][69][safepoint   ] Safepoint "Cleanup", Time since last: 4005075700 ns, Reaching safepoint: 800206 ns, At safepoint: 58540 ns, Total: 858746 ns
[2023-03-15T05:34:20.153+0000][69][safepoint   ] Safepoint "Cleanup", Time since last: 27042350446 ns, Reaching safepoint: 411918 ns, At safepoint: 12993 ns, Total: 424911 ns
[2023-03-15T05:34:22.088+0000][69][gc,start    ] GC(263) Pause Young (Concurrent Start) (G1 Evacuation Pause)
[2023-03-15T05:34:22.089+0000][69][gc,task     ] GC(263) Using 4 workers of 4 for evacuation
[2023-03-15T05:34:22.091+0000][69][gc,age      ] GC(263) Desired survivor size 8388608 bytes, new threshold 15 (max threshold 15)
[2023-03-15T05:34:22.097+0000][69][gc,phases   ] GC(263)   Pre Evacuate Collection Set: 0.8ms
[2023-03-15T05:34:22.098+0000][69][gc,phases   ] GC(263)   Merge Heap Roots: 0.2ms
[2023-03-15T05:34:22.099+0000][69][gc,phases   ] GC(263)   Evacuate Collection Set: 2.5ms
[2023-03-15T05:34:22.099+0000][69][gc,phases   ] GC(263)   Post Evacuate Collection Set: 1.2ms
[2023-03-15T05:34:22.100+0000][69][gc,phases   ] GC(263)   Other: 2.6ms
[2023-03-15T05:34:22.101+0000][69][gc,age      ] GC(263) Age table with threshold 15 (max threshold 15)
[2023-03-15T05:34:22.101+0000][69][gc,age      ] GC(263) - age   1:     904488 bytes,     904488 total
[2023-03-15T05:34:22.102+0000][69][gc,age      ] GC(263) - age   2:      39200 bytes,     943688 total
[2023-03-15T05:34:22.103+0000][69][gc,age      ] GC(263) - age   3:     143344 bytes,    1087032 total
[2023-03-15T05:34:22.104+0000][69][gc,age      ] GC(263) - age   4:        528 bytes,    1087560 total
[2023-03-15T05:34:22.105+0000][69][gc,age      ] GC(263) - age   5:        416 bytes,    1087976 total
[2023-03-15T05:34:22.106+0000][69][gc,age      ] GC(263) - age   6:        440 bytes,    1088416 total
[2023-03-15T05:34:22.107+0000][69][gc,age      ] GC(263) - age   7:         80 bytes,    1088496 total
[2023-03-15T05:34:22.107+0000][69][gc,age      ] GC(263) - age   8:       1496 bytes,    1089992 total
[2023-03-15T05:34:22.108+0000][69][gc,age      ] GC(263) - age   9:         64 bytes,    1090056 total
[2023-03-15T05:34:22.109+0000][69][gc,age      ] GC(263) - age  10:     167904 bytes,    1257960 total
[2023-03-15T05:34:22.110+0000][69][gc,age      ] GC(263) - age  11:       8680 bytes,    1266640 total
[2023-03-15T05:34:22.110+0000][69][gc,age      ] GC(263) - age  13:       5504 bytes,    1272144 total
[2023-03-15T05:34:22.111+0000][69][gc,age      ] GC(263) - age  14:      31416 bytes,    1303560 total
[2023-03-15T05:34:22.112+0000][69][gc,age      ] GC(263) - age  15:       8512 bytes,    1312072 total
[2023-03-15T05:34:22.113+0000][69][gc,heap     ] GC(263) Eden regions: 24->0(24)
[2023-03-15T05:34:22.113+0000][69][gc,heap     ] GC(263) Survivor regions: 1->1(4)
[2023-03-15T05:34:22.114+0000][69][gc,heap     ] GC(263) Old regions: 24->24
[2023-03-15T05:34:22.114+0000][69][gc,heap     ] GC(263) Archive regions: 2->2
[2023-03-15T05:34:22.115+0000][69][gc,heap     ] GC(263) Humongous regions: 2->2
[2023-03-15T05:34:22.115+0000][69][gc,metaspace] GC(263) Metaspace: 137692K(141120K)->137692K(141120K) NonClass: 120217K(121408K)->120217K(121408K) Class: 17474K(19712K)->17474K(19712K)
[2023-03-15T05:34:22.116+0000][69][gc          ] GC(263) Pause Young (Concurrent Start) (G1 Evacuation Pause) 205M->109M(256M) 28.276ms
[2023-03-15T05:34:22.117+0000][69][gc,cpu      ] GC(263) User=0.01s Sys=0.01s Real=0.03s
[2023-03-15T05:34:22.117+0000][69][gc          ] GC(264) Concurrent Mark Cycle
[2023-03-15T05:34:22.118+0000][69][gc,marking  ] GC(264) Concurrent Clear Claimed Marks
[2023-03-15T05:34:22.118+0000][69][safepoint   ] Safepoint "G1CollectForAllocation", Time since last: 1934888929 ns, Reaching safepoint: 256572 ns, At safepoint: 29641097 ns, Total: 29897669 ns
[2023-03-15T05:34:22.119+0000][69][gc,marking  ] GC(264) Concurrent Clear Claimed Marks 1.109ms
[2023-03-15T05:34:22.120+0000][69][gc,marking  ] GC(264) Concurrent Scan Root Regions
[2023-03-15T05:34:22.124+0000][69][gc,marking  ] GC(264) Concurrent Scan Root Regions 3.376ms
[2023-03-15T05:34:22.125+0000][69][gc,marking  ] GC(264) Concurrent Mark
[2023-03-15T05:34:22.125+0000][69][gc,marking  ] GC(264) Concurrent Mark From Roots
[2023-03-15T05:34:22.126+0000][69][gc,task     ] GC(264) Using 1 workers of 1 for marking
[2023-03-15T05:34:22.303+0000][69][gc,marking  ] GC(264) Concurrent Mark From Roots 177.492ms
[2023-03-15T05:34:22.303+0000][69][gc,marking  ] GC(264) Concurrent Preclean
[2023-03-15T05:34:22.304+0000][69][gc,marking  ] GC(264) Concurrent Preclean 0.992ms
[2023-03-15T05:34:22.306+0000][69][gc,start    ] GC(264) Pause Remark
[2023-03-15T05:34:22.321+0000][69][gc          ] GC(264) Pause Remark 113M->113M(256M) 14.974ms
[2023-03-15T05:34:22.322+0000][69][gc,cpu      ] GC(264) User=0.03s Sys=0.00s Real=0.02s
[2023-03-15T05:34:22.322+0000][69][safepoint   ] Safepoint "G1PauseRemark", Time since last: 188053887 ns, Reaching safepoint: 139402 ns, At safepoint: 16554510 ns, Total: 16693912 ns
[2023-03-15T05:34:22.323+0000][69][gc,marking  ] GC(264) Concurrent Mark 198.292ms
[2023-03-15T05:34:22.323+0000][69][gc,marking  ] GC(264) Concurrent Rebuild Remembered Sets
[2023-03-15T05:34:22.394+0000][69][gc,marking  ] GC(264) Concurrent Rebuild Remembered Sets 70.514ms
[2023-03-15T05:34:22.395+0000][69][gc,start    ] GC(264) Pause Cleanup
[2023-03-15T05:34:22.396+0000][69][gc          ] GC(264) Pause Cleanup 117M->117M(256M) 0.733ms
[2023-03-15T05:34:22.396+0000][69][gc,cpu      ] GC(264) User=0.00s Sys=0.00s Real=0.00s
[2023-03-15T05:34:22.397+0000][69][safepoint   ] Safepoint "G1PauseCleanup", Time since last: 72865651 ns, Reaching safepoint: 80729 ns, At safepoint: 1593948 ns, Total: 1674677 ns
[2023-03-15T05:34:22.397+0000][69][gc,marking  ] GC(264) Concurrent Cleanup for Next Mark
[2023-03-15T05:34:22.398+0000][69][gc,marking  ] GC(264) Concurrent Cleanup for Next Mark 0.811ms
[2023-03-15T05:34:22.398+0000][69][gc          ] GC(264) Concurrent Mark Cycle 281.627ms
[2023-03-15T05:34:34.411+0000][69][safepoint   ] Safepoint "Cleanup", Time since last: 12014108260 ns, Reaching safepoint: 108097 ns, At safepoint: 3731 ns, Total: 111828 ns
[2023-03-15T05:34:49.710+0000][69][gc,start    ] GC(265) Pause Young (Normal) (G1 Evacuation Pause)
[2023-03-15T05:34:49.711+0000][69][gc,task     ] GC(265) Using 4 workers of 4 for evacuation
[2023-03-15T05:34:49.712+0000][69][gc,age      ] GC(265) Desired survivor size 8388608 bytes, new threshold 15 (max threshold 15)
[2023-03-15T05:34:49.719+0000][69][gc,phases   ] GC(265)   Pre Evacuate Collection Set: 0.1ms
[2023-03-15T05:34:49.719+0000][69][gc,phases   ] GC(265)   Merge Heap Roots: 0.1ms
[2023-03-15T05:34:49.720+0000][69][gc,phases   ] GC(265)   Evacuate Collection Set: 4.3ms
[2023-03-15T05:34:49.720+0000][69][gc,phases   ] GC(265)   Post Evacuate Collection Set: 1.2ms
[2023-03-15T05:34:49.721+0000][69][gc,phases   ] GC(265)   Other: 1.5ms
[2023-03-15T05:34:49.721+0000][69][gc,age      ] GC(265) Age table with threshold 15 (max threshold 15)
[2023-03-15T05:34:49.722+0000][69][gc,age      ] GC(265) - age   1:    1583800 bytes,    1583800 total
[2023-03-15T05:34:49.723+0000][69][gc,age      ] GC(265) - age   2:     162584 bytes,    1746384 total
[2023-03-15T05:34:49.723+0000][69][gc,age      ] GC(265) - age   3:        128 bytes,    1746512 total
[2023-03-15T05:34:49.724+0000][69][gc,age      ] GC(265) - age   4:      27656 bytes,    1774168 total
[2023-03-15T05:34:49.724+0000][69][gc,age      ] GC(265) - age   5:        200 bytes,    1774368 total
[2023-03-15T05:34:49.725+0000][69][gc,age      ] GC(265) - age   6:        416 bytes,    1774784 total
[2023-03-15T05:34:49.725+0000][69][gc,age      ] GC(265) - age   7:        440 bytes,    1775224 total
[2023-03-15T05:34:49.726+0000][69][gc,age      ] GC(265) - age   8:         80 bytes,    1775304 total
[2023-03-15T05:34:49.726+0000][69][gc,age      ] GC(265) - age   9:       1496 bytes,    1776800 total
[2023-03-15T05:34:49.727+0000][69][gc,age      ] GC(265) - age  11:      12744 bytes,    1789544 total
[2023-03-15T05:34:49.727+0000][69][gc,age      ] GC(265) - age  12:       8656 bytes,    1798200 total
[2023-03-15T05:34:49.728+0000][69][gc,age      ] GC(265) - age  14:       5504 bytes,    1803704 total
[2023-03-15T05:34:49.728+0000][69][gc,age      ] GC(265) - age  15:      23400 bytes,    1827104 total
[2023-03-15T05:34:49.729+0000][69][gc,heap     ] GC(265) Eden regions: 24->0(24)
[2023-03-15T05:34:49.729+0000][69][gc,heap     ] GC(265) Survivor regions: 1->1(4)
[2023-03-15T05:34:49.730+0000][69][gc,heap     ] GC(265) Old regions: 24->24
[2023-03-15T05:34:49.730+0000][69][gc,heap     ] GC(265) Archive regions: 2->2
[2023-03-15T05:34:49.731+0000][69][gc,heap     ] GC(265) Humongous regions: 2->2
[2023-03-15T05:34:49.731+0000][69][gc,metaspace] GC(265) Metaspace: 137693K(141120K)->137693K(141120K) NonClass: 120218K(121408K)->120218K(121408K) Class: 17474K(19712K)->17474K(19712K)
[2023-03-15T05:34:49.732+0000][69][gc          ] GC(265) Pause Young (Normal) (G1 Evacuation Pause) 205M->109M(256M) 21.192ms
[2023-03-15T05:34:49.732+0000][69][gc,cpu      ] GC(265) User=0.01s Sys=0.01s Real=0.02s
[2023-03-15T05:34:49.733+0000][69][safepoint   ] Safepoint "G1CollectForAllocation", Time since last: 15320671481 ns, Reaching safepoint: 105524 ns, At safepoint: 22303963 ns, Total: 22409487 ns
[2023-03-15T05:35:04.758+0000][69][safepoint   ] Safepoint "Cleanup", Time since last: 15024551216 ns, Reaching safepoint: 278308 ns, At safepoint: 4862 ns, Total: 283170 ns
[2023-03-15T05:35:22.312+0000][69][gc,start    ] GC(266) Pause Young (Concurrent Start) (G1 Evacuation Pause)
[2023-03-15T05:35:22.313+0000][69][gc,task     ] GC(266) Using 4 workers of 4 for evacuation
[2023-03-15T05:35:22.314+0000][69][gc,age      ] GC(266) Desired survivor size 8388608 bytes, new threshold 15 (max threshold 15)
[2023-03-15T05:35:22.318+0000][69][gc,phases   ] GC(266)   Pre Evacuate Collection Set: 0.5ms
[2023-03-15T05:35:22.319+0000][69][gc,phases   ] GC(266)   Merge Heap Roots: 0.1ms
[2023-03-15T05:35:22.320+0000][69][gc,phases   ] GC(266)   Evacuate Collection Set: 2.4ms
[2023-03-15T05:35:22.320+0000][69][gc,phases   ] GC(266)   Post Evacuate Collection Set: 0.8ms
[2023-03-15T05:35:22.321+0000][69][gc,phases   ] GC(266)   Other: 1.5ms
[2023-03-15T05:35:22.322+0000][69][gc,age      ] GC(266) Age table with threshold 15 (max threshold 15)
[2023-03-15T05:35:22.322+0000][69][gc,age      ] GC(266) - age   1:    1733648 bytes,    1733648 total
[2023-03-15T05:35:22.322+0000][69][gc,age      ] GC(266) - age   2:     391592 bytes,    2125240 total
[2023-03-15T05:35:22.323+0000][69][gc,age      ] GC(266) - age   3:      23336 bytes,    2148576 total
[2023-03-15T05:35:22.323+0000][69][gc,age      ] GC(266) - age   5:      27656 bytes,    2176232 total
[2023-03-15T05:35:22.324+0000][69][gc,age      ] GC(266) - age   6:        200 bytes,    2176432 total
[2023-03-15T05:35:22.324+0000][69][gc,age      ] GC(266) - age   7:        416 bytes,    2176848 total
[2023-03-15T05:35:22.325+0000][69][gc,age      ] GC(266) - age   8:        440 bytes,    2177288 total
[2023-03-15T05:35:22.325+0000][69][gc,age      ] GC(266) - age   9:         80 bytes,    2177368 total
[2023-03-15T05:35:22.326+0000][69][gc,age      ] GC(266) - age  10:       1496 bytes,    2178864 total
[2023-03-15T05:35:22.326+0000][69][gc,age      ] GC(266) - age  12:      12744 bytes,    2191608 total
[2023-03-15T05:35:22.327+0000][69][gc,age      ] GC(266) - age  13:       8656 bytes,    2200264 total
[2023-03-15T05:35:22.327+0000][69][gc,age      ] GC(266) - age  15:       5504 bytes,    2205768 total
[2023-03-15T05:35:22.328+0000][69][gc,heap     ] GC(266) Eden regions: 24->0(23)
[2023-03-15T05:35:22.328+0000][69][gc,heap     ] GC(266) Survivor regions: 1->1(4)
[2023-03-15T05:35:22.329+0000][69][gc,heap     ] GC(266) Old regions: 24->24
[2023-03-15T05:35:22.329+0000][69][gc,heap     ] GC(266) Archive regions: 2->2
[2023-03-15T05:35:22.329+0000][69][gc,heap     ] GC(266) Humongous regions: 2->2
[2023-03-15T05:35:22.330+0000][69][gc,metaspace] GC(266) Metaspace: 137706K(141120K)->137706K(141120K) NonClass: 120231K(121408K)->120231K(121408K) Class: 17474K(19712K)->17474K(19712K)
[2023-03-15T05:35:22.330+0000][69][gc          ] GC(266) Pause Young (Concurrent Start) (G1 Evacuation Pause) 205M->110M(256M) 18.000ms
[2023-03-15T05:35:22.331+0000][69][gc,cpu      ] GC(266) User=0.01s Sys=0.00s Real=0.02s
[2023-03-15T05:35:22.331+0000][69][gc          ] GC(267) Concurrent Mark Cycle
[2023-03-15T05:35:22.332+0000][69][gc,marking  ] GC(267) Concurrent Clear Claimed Marks
[2023-03-15T05:35:22.332+0000][69][safepoint   ] Safepoint "G1CollectForAllocation", Time since last: 17575816805 ns, Reaching safepoint: 69118 ns, At safepoint: 19143706 ns, Total: 19212824 ns
[2023-03-15T05:35:22.333+0000][69][gc,marking  ] GC(267) Concurrent Clear Claimed Marks 1.070ms
[2023-03-15T05:35:22.335+0000][69][gc,marking  ] GC(267) Concurrent Scan Root Regions
[2023-03-15T05:35:22.342+0000][69][gc,marking  ] GC(267) Concurrent Scan Root Regions 6.368ms
[2023-03-15T05:35:22.343+0000][69][gc,marking  ] GC(267) Concurrent Mark
[2023-03-15T05:35:22.348+0000][69][gc,marking  ] GC(267) Concurrent Mark From Roots
[2023-03-15T05:35:22.351+0000][69][gc,task     ] GC(267) Using 1 workers of 1 for marking
[2023-03-15T05:35:22.522+0000][69][gc,marking  ] GC(267) Concurrent Mark From Roots 173.141ms
[2023-03-15T05:35:22.522+0000][69][gc,marking  ] GC(267) Concurrent Preclean
[2023-03-15T05:35:22.523+0000][69][gc,marking  ] GC(267) Concurrent Preclean 0.730ms
[2023-03-15T05:35:22.524+0000][69][gc,start    ] GC(267) Pause Remark
[2023-03-15T05:35:22.535+0000][69][gc          ] GC(267) Pause Remark 122M->122M(256M) 11.009ms
[2023-03-15T05:35:22.535+0000][69][gc,cpu      ] GC(267) User=0.03s Sys=0.00s Real=0.01s
[2023-03-15T05:35:22.536+0000][69][safepoint   ] Safepoint "G1PauseRemark", Time since last: 192096540 ns, Reaching safepoint: 76322 ns, At safepoint: 12394195 ns, Total: 12470517 ns
[2023-03-15T05:35:22.537+0000][69][gc,marking  ] GC(267) Concurrent Mark 193.722ms
[2023-03-15T05:35:22.537+0000][69][gc,marking  ] GC(267) Concurrent Rebuild Remembered Sets
[2023-03-15T05:35:22.593+0000][69][gc,marking  ] GC(267) Concurrent Rebuild Remembered Sets 55.555ms
[2023-03-15T05:35:22.594+0000][69][gc,start    ] GC(267) Pause Cleanup
[2023-03-15T05:35:22.596+0000][69][gc          ] GC(267) Pause Cleanup 122M->122M(256M) 2.091ms
[2023-03-15T05:35:22.597+0000][69][gc,cpu      ] GC(267) User=0.00s Sys=0.00s Real=0.00s
[2023-03-15T05:35:22.597+0000][69][safepoint   ] Safepoint "G1PauseCleanup", Time since last: 58015965 ns, Reaching safepoint: 188835 ns, At safepoint: 3062480 ns, Total: 3251315 ns
[2023-03-15T05:35:22.598+0000][69][gc,marking  ] GC(267) Concurrent Cleanup for Next Mark
[2023-03-15T05:35:22.599+0000][69][gc,marking  ] GC(267) Concurrent Cleanup for Next Mark 0.649ms
[2023-03-15T05:35:22.599+0000][69][gc          ] GC(267) Concurrent Mark Cycle 268.091ms
[2023-03-15T05:35:43.643+0000][69][safepoint   ] Safepoint "Cleanup", Time since last: 21045031767 ns, Reaching safepoint: 325412 ns, At safepoint: 11503 ns, Total: 336915 ns
[2023-03-15T05:35:46.300+0000][69][safepoint   ] Safepoint "Cleanup", Time since last: 3005601101 ns, Reaching safepoint: 329088 ns, At safepoint: 11809 ns, Total: 340897 ns
[2023-03-15T05:35:51.967+0000][69][gc,start    ] GC(268) Pause Young (Normal) (G1 Evacuation Pause)
[2023-03-15T05:35:51.968+0000][69][gc,task     ] GC(268) Using 4 workers of 4 for evacuation
[2023-03-15T05:35:51.968+0000][69][gc,age      ] GC(268) Desired survivor size 6291456 bytes, new threshold 15 (max threshold 15)
[2023-03-15T05:35:51.972+0000][69][gc,phases   ] GC(268)   Pre Evacuate Collection Set: 0.1ms
[2023-03-15T05:35:51.972+0000][69][gc,phases   ] GC(268)   Merge Heap Roots: 0.1ms
[2023-03-15T05:35:51.973+0000][69][gc,phases   ] GC(268)   Evacuate Collection Set: 1.5ms
[2023-03-15T05:35:51.973+0000][69][gc,phases   ] GC(268)   Post Evacuate Collection Set: 1.1ms
[2023-03-15T05:35:51.974+0000][69][gc,phases   ] GC(268)   Other: 0.9ms
[2023-03-15T05:35:51.974+0000][69][gc,age      ] GC(268) Age table with threshold 15 (max threshold 15)
[2023-03-15T05:35:51.975+0000][69][gc,age      ] GC(268) - age   1:     477344 bytes,     477344 total
[2023-03-15T05:35:51.975+0000][69][gc,age      ] GC(268) - age   2:      26728 bytes,     504072 total
[2023-03-15T05:35:51.975+0000][69][gc,age      ] GC(268) - age   3:     259520 bytes,     763592 total
[2023-03-15T05:35:51.976+0000][69][gc,age      ] GC(268) - age   4:      22952 bytes,     786544 total
[2023-03-15T05:35:51.976+0000][69][gc,age      ] GC(268) - age   6:      27592 bytes,     814136 total
[2023-03-15T05:35:51.977+0000][69][gc,age      ] GC(268) - age   7:        136 bytes,     814272 total
[2023-03-15T05:35:51.977+0000][69][gc,age      ] GC(268) - age   8:        416 bytes,     814688 total
[2023-03-15T05:35:51.978+0000][69][gc,age      ] GC(268) - age   9:        440 bytes,     815128 total
[2023-03-15T05:35:51.978+0000][69][gc,age      ] GC(268) - age  10:         80 bytes,     815208 total
[2023-03-15T05:35:51.979+0000][69][gc,age      ] GC(268) - age  11:       1496 bytes,     816704 total
[2023-03-15T05:35:51.979+0000][69][gc,age      ] GC(268) - age  13:      12680 bytes,     829384 total
[2023-03-15T05:35:51.979+0000][69][gc,age      ] GC(268) - age  14:       8656 bytes,     838040 total
[2023-03-15T05:35:51.980+0000][69][gc,heap     ] GC(268) Eden regions: 23->0(24)
[2023-03-15T05:35:51.980+0000][69][gc,heap     ] GC(268) Survivor regions: 1->1(3)
[2023-03-15T05:35:51.980+0000][69][gc,heap     ] GC(268) Old regions: 24->24
[2023-03-15T05:35:51.981+0000][69][gc,heap     ] GC(268) Archive regions: 2->2
[2023-03-15T05:35:51.981+0000][69][gc,heap     ] GC(268) Humongous regions: 2->2
[2023-03-15T05:35:51.982+0000][69][gc,metaspace] GC(268) Metaspace: 137706K(141120K)->137706K(141120K) NonClass: 120231K(121408K)->120231K(121408K) Class: 17474K(19712K)->17474K(19712K)
[2023-03-15T05:35:51.982+0000][69][gc          ] GC(268) Pause Young (Normal) (G1 Evacuation Pause) 202M->108M(256M) 14.574ms
[2023-03-15T05:35:51.982+0000][69][gc,cpu      ] GC(268) User=0.01s Sys=0.00s Real=0.02s
[2023-03-15T05:35:51.983+0000][69][safepoint   ] Safepoint "G1CollectForAllocation", Time since last: 5667484097 ns, Reaching safepoint: 81461 ns, At safepoint: 15486596 ns, Total: 15568057 ns
[2023-03-15T05:36:05.000+0000][69][safepoint   ] Safepoint "Cleanup", Time since last: 13016568154 ns, Reaching safepoint: 97471 ns, At safepoint: 4277 ns, Total: 101748 ns
[2023-03-15T05:36:17.319+0000][69][safepoint   ] Safepoint "Cleanup", Time since last: 12017019594 ns, Reaching safepoint: 506236 ns, At safepoint: 109787 ns, Total: 616023 ns
[2023-03-15T05:36:23.229+0000][69][gc,start    ] GC(269) Pause Young (Concurrent Start) (G1 Evacuation Pause)
[2023-03-15T05:36:23.229+0000][69][gc,task     ] GC(269) Using 4 workers of 4 for evacuation
[2023-03-15T05:36:23.229+0000][69][gc,age      ] GC(269) Desired survivor size 8388608 bytes, new threshold 15 (max threshold 15)
[2023-03-15T05:36:23.233+0000][69][gc,phases   ] GC(269)   Pre Evacuate Collection Set: 0.4ms
[2023-03-15T05:36:23.233+0000][69][gc,phases   ] GC(269)   Merge Heap Roots: 0.1ms
[2023-03-15T05:36:23.234+0000][69][gc,phases   ] GC(269)   Evacuate Collection Set: 1.4ms
[2023-03-15T05:36:23.234+0000][69][gc,phases   ] GC(269)   Post Evacuate Collection Set: 0.7ms
[2023-03-15T05:36:23.235+0000][69][gc,phases   ] GC(269)   Other: 1.1ms
[2023-03-15T05:36:23.235+0000][69][gc,age      ] GC(269) Age table with threshold 15 (max threshold 15)
[2023-03-15T05:36:23.235+0000][69][gc,age      ] GC(269) - age   1:     630848 bytes,     630848 total
[2023-03-15T05:36:23.236+0000][69][gc,age      ] GC(269) - age   2:     139136 bytes,     769984 total
[2023-03-15T05:36:23.236+0000][69][gc,age      ] GC(269) - age   3:      17000 bytes,     786984 total
[2023-03-15T05:36:23.237+0000][69][gc,age      ] GC(269) - age   4:     258864 bytes,    1045848 total
[2023-03-15T05:36:23.237+0000][69][gc,age      ] GC(269) - age   5:      22776 bytes,    1068624 total
[2023-03-15T05:36:23.237+0000][69][gc,age      ] GC(269) - age   7:      27592 bytes,    1096216 total
[2023-03-15T05:36:23.238+0000][69][gc,age      ] GC(269) - age   8:        136 bytes,    1096352 total
[2023-03-15T05:36:23.238+0000][69][gc,age      ] GC(269) - age   9:        416 bytes,    1096768 total
[2023-03-15T05:36:23.239+0000][69][gc,age      ] GC(269) - age  10:        440 bytes,    1097208 total
[2023-03-15T05:36:23.239+0000][69][gc,age      ] GC(269) - age  11:         80 bytes,    1097288 total
[2023-03-15T05:36:23.239+0000][69][gc,age      ] GC(269) - age  12:       1496 bytes,    1098784 total
[2023-03-15T05:36:23.240+0000][69][gc,age      ] GC(269) - age  14:      12680 bytes,    1111464 total
[2023-03-15T05:36:23.240+0000][69][gc,age      ] GC(269) - age  15:       8656 bytes,    1120120 total
[2023-03-15T05:36:23.240+0000][69][gc,heap     ] GC(269) Eden regions: 24->0(24)
[2023-03-15T05:36:23.241+0000][69][gc,heap     ] GC(269) Survivor regions: 1->1(4)
[2023-03-15T05:36:23.241+0000][69][gc,heap     ] GC(269) Old regions: 24->24
[2023-03-15T05:36:23.242+0000][69][gc,heap     ] GC(269) Archive regions: 2->2
[2023-03-15T05:36:23.242+0000][69][gc,heap     ] GC(269) Humongous regions: 2->2
[2023-03-15T05:36:23.243+0000][69][gc,metaspace] GC(269) Metaspace: 137707K(141120K)->137707K(141120K) NonClass: 120232K(121408K)->120232K(121408K) Class: 17474K(19712K)->17474K(19712K)
[2023-03-15T05:36:23.243+0000][69][gc          ] GC(269) Pause Young (Concurrent Start) (G1 Evacuation Pause) 204M->109M(256M) 14.488ms
[2023-03-15T05:36:23.243+0000][69][gc          ] GC(270) Concurrent Mark Cycle
[2023-03-15T05:36:23.244+0000][69][gc,marking  ] GC(270) Concurrent Clear Claimed Marks
[2023-03-15T05:36:23.243+0000][69][gc,cpu      ] GC(269) User=0.00s Sys=0.00s Real=0.02s
[2023-03-15T05:36:23.245+0000][69][gc,marking  ] GC(270) Concurrent Clear Claimed Marks 0.695ms
[2023-03-15T05:36:23.245+0000][69][safepoint   ] Safepoint "G1CollectForAllocation", Time since last: 5908950868 ns, Reaching safepoint: 77187 ns, At safepoint: 16500802 ns, Total: 16577989 ns
[2023-03-15T05:36:23.245+0000][69][gc,marking  ] GC(270) Concurrent Scan Root Regions
[2023-03-15T05:36:23.249+0000][69][gc,marking  ] GC(270) Concurrent Scan Root Regions 3.702ms
[2023-03-15T05:36:23.249+0000][69][gc,marking  ] GC(270) Concurrent Mark
[2023-03-15T05:36:23.250+0000][69][gc,marking  ] GC(270) Concurrent Mark From Roots
[2023-03-15T05:36:23.251+0000][69][gc,task     ] GC(270) Using 1 workers of 1 for marking
[2023-03-15T05:36:23.347+0000][69][gc,marking  ] GC(270) Concurrent Mark From Roots 96.358ms
[2023-03-15T05:36:23.348+0000][69][gc,marking  ] GC(270) Concurrent Preclean
[2023-03-15T05:36:23.349+0000][69][gc,marking  ] GC(270) Concurrent Preclean 1.024ms
[2023-03-15T05:36:23.350+0000][69][gc,start    ] GC(270) Pause Remark
[2023-03-15T05:36:23.360+0000][69][gc          ] GC(270) Pause Remark 109M->109M(256M) 9.663ms
[2023-03-15T05:36:23.361+0000][69][gc,cpu      ] GC(270) User=0.03s Sys=0.00s Real=0.01s
[2023-03-15T05:36:23.361+0000][69][safepoint   ] Safepoint "G1PauseRemark", Time since last: 104816895 ns, Reaching safepoint: 72291 ns, At safepoint: 11633450 ns, Total: 11705741 ns
[2023-03-15T05:36:23.362+0000][69][gc,marking  ] GC(270) Concurrent Mark 112.639ms
[2023-03-15T05:36:23.363+0000][69][gc,marking  ] GC(270) Concurrent Rebuild Remembered Sets
[2023-03-15T05:36:23.412+0000][69][gc,marking  ] GC(270) Concurrent Rebuild Remembered Sets 49.609ms
[2023-03-15T05:36:23.413+0000][69][gc,start    ] GC(270) Pause Cleanup
[2023-03-15T05:36:23.414+0000][69][gc          ] GC(270) Pause Cleanup 109M->109M(256M) 0.927ms
[2023-03-15T05:36:23.415+0000][69][gc,cpu      ] GC(270) User=0.00s Sys=0.00s Real=0.00s
[2023-03-15T05:36:23.416+0000][69][safepoint   ] Safepoint "G1PauseCleanup", Time since last: 51675511 ns, Reaching safepoint: 79668 ns, At safepoint: 2541527 ns, Total: 2621195 ns
[2023-03-15T05:36:23.417+0000][69][gc,marking  ] GC(270) Concurrent Cleanup for Next Mark
[2023-03-15T05:36:23.417+0000][69][gc,marking  ] GC(270) Concurrent Cleanup for Next Mark 0.815ms
[2023-03-15T05:36:23.418+0000][69][gc          ] GC(270) Concurrent Mark Cycle 174.403ms
[2023-03-15T05:36:55.450+0000][69][safepoint   ] Safepoint "Cleanup", Time since last: 32055766712 ns, Reaching safepoint: 123974 ns, At safepoint: 4236 ns, Total: 128210 ns
[2023-03-15T05:36:55.961+0000][69][gc,start    ] GC(271) Pause Young (Normal) (G1 Evacuation Pause)
[2023-03-15T05:36:55.962+0000][69][gc,task     ] GC(271) Using 4 workers of 4 for evacuation
[2023-03-15T05:36:55.962+0000][69][gc,age      ] GC(271) Desired survivor size 8388608 bytes, new threshold 15 (max threshold 15)
[2023-03-15T05:36:55.966+0000][69][gc,phases   ] GC(271)   Pre Evacuate Collection Set: 0.1ms
[2023-03-15T05:36:55.966+0000][69][gc,phases   ] GC(271)   Merge Heap Roots: 0.1ms
[2023-03-15T05:36:55.967+0000][69][gc,phases   ] GC(271)   Evacuate Collection Set: 1.8ms
[2023-03-15T05:36:55.967+0000][69][gc,phases   ] GC(271)   Post Evacuate Collection Set: 0.8ms
[2023-03-15T05:36:55.968+0000][69][gc,phases   ] GC(271)   Other: 1.0ms
[2023-03-15T05:36:55.968+0000][69][gc,age      ] GC(271) Age table with threshold 15 (max threshold 15)
[2023-03-15T05:36:55.969+0000][69][gc,age      ] GC(271) - age   1:     972112 bytes,     972112 total
[2023-03-15T05:36:55.969+0000][69][gc,age      ] GC(271) - age   2:     121144 bytes,    1093256 total
[2023-03-15T05:36:55.969+0000][69][gc,age      ] GC(271) - age   3:      17104 bytes,    1110360 total
[2023-03-15T05:36:55.970+0000][69][gc,age      ] GC(271) - age   4:      15856 bytes,    1126216 total
[2023-03-15T05:36:55.971+0000][69][gc,age      ] GC(271) - age   5:     258712 bytes,    1384928 total
[2023-03-15T05:36:55.971+0000][69][gc,age      ] GC(271) - age   6:      22712 bytes,    1407640 total
[2023-03-15T05:36:55.971+0000][69][gc,age      ] GC(271) - age   8:      27296 bytes,    1434936 total
[2023-03-15T05:36:55.972+0000][69][gc,age      ] GC(271) - age   9:        136 bytes,    1435072 total
[2023-03-15T05:36:55.972+0000][69][gc,age      ] GC(271) - age  10:        416 bytes,    1435488 total
[2023-03-15T05:36:55.973+0000][69][gc,age      ] GC(271) - age  11:        440 bytes,    1435928 total
[2023-03-15T05:36:55.973+0000][69][gc,age      ] GC(271) - age  12:         80 bytes,    1436008 total
[2023-03-15T05:36:55.974+0000][69][gc,age      ] GC(271) - age  13:       1496 bytes,    1437504 total
[2023-03-15T05:36:55.975+0000][69][gc,age      ] GC(271) - age  15:      12152 bytes,    1449656 total
[2023-03-15T05:36:55.975+0000][69][gc,heap     ] GC(271) Eden regions: 24->0(24)
[2023-03-15T05:36:55.976+0000][69][gc,heap     ] GC(271) Survivor regions: 1->1(4)
[2023-03-15T05:36:55.976+0000][69][gc,heap     ] GC(271) Old regions: 24->24
[2023-03-15T05:36:55.977+0000][69][gc,heap     ] GC(271) Archive regions: 2->2
[2023-03-15T05:36:55.977+0000][69][gc,heap     ] GC(271) Humongous regions: 2->2
[2023-03-15T05:36:55.978+0000][69][gc,metaspace] GC(271) Metaspace: 137707K(141120K)->137707K(141120K) NonClass: 120232K(121408K)->120232K(121408K) Class: 17474K(19712K)->17474K(19712K)
[2023-03-15T05:36:55.978+0000][69][gc          ] GC(271) Pause Young (Normal) (G1 Evacuation Pause) 205M->109M(256M) 17.253ms
[2023-03-15T05:36:55.979+0000][69][gc,cpu      ] GC(271) User=0.01s Sys=0.00s Real=0.01s
[2023-03-15T05:36:55.979+0000][69][safepoint   ] Safepoint "G1CollectForAllocation", Time since last: 511086344 ns, Reaching safepoint: 51012 ns, At safepoint: 18267418 ns, Total: 18318430 ns
[2023-03-15T05:37:23.005+0000][69][safepoint   ] Safepoint "Cleanup", Time since last: 27045604401 ns, Reaching safepoint: 559195 ns, At safepoint: 36486 ns, Total: 595681 ns
[2023-03-15T05:37:28.288+0000][69][gc,start    ] GC(272) Pause Young (Concurrent Start) (G1 Evacuation Pause)
[2023-03-15T05:37:28.288+0000][69][gc,task     ] GC(272) Using 4 workers of 4 for evacuation
[2023-03-15T05:37:28.288+0000][69][gc,age      ] GC(272) Desired survivor size 8388608 bytes, new threshold 15 (max threshold 15)
[2023-03-15T05:37:28.293+0000][69][gc,phases   ] GC(272)   Pre Evacuate Collection Set: 0.4ms
[2023-03-15T05:37:28.293+0000][69][gc,phases   ] GC(272)   Merge Heap Roots: 0.1ms
[2023-03-15T05:37:28.294+0000][69][gc,phases   ] GC(272)   Evacuate Collection Set: 2.3ms
[2023-03-15T05:37:28.294+0000][69][gc,phases   ] GC(272)   Post Evacuate Collection Set: 0.7ms
[2023-03-15T05:37:28.294+0000][69][gc,phases   ] GC(272)   Other: 1.1ms
[2023-03-15T05:37:28.295+0000][69][gc,age      ] GC(272) Age table with threshold 15 (max threshold 15)
[2023-03-15T05:37:28.295+0000][69][gc,age      ] GC(272) - age   1:    1313296 bytes,    1313296 total
[2023-03-15T05:37:28.296+0000][69][gc,age      ] GC(272) - age   2:      51424 bytes,    1364720 total
[2023-03-15T05:37:28.296+0000][69][gc,age      ] GC(272) - age   3:     112648 bytes,    1477368 total
[2023-03-15T05:37:28.297+0000][69][gc,age      ] GC(272) - age   4:      17040 bytes,    1494408 total
[2023-03-15T05:37:28.297+0000][69][gc,age      ] GC(272) - age   5:      15368 bytes,    1509776 total
[2023-03-15T05:37:28.298+0000][69][gc,age      ] GC(272) - age   6:     258712 bytes,    1768488 total
[2023-03-15T05:37:28.298+0000][69][gc,age      ] GC(272) - age   7:      22712 bytes,    1791200 total
[2023-03-15T05:37:28.298+0000][69][gc,age      ] GC(272) - age   9:      27296 bytes,    1818496 total
[2023-03-15T05:37:28.299+0000][69][gc,age      ] GC(272) - age  10:        136 bytes,    1818632 total
[2023-03-15T05:37:28.299+0000][69][gc,age      ] GC(272) - age  11:        416 bytes,    1819048 total
[2023-03-15T05:37:28.300+0000][69][gc,age      ] GC(272) - age  12:        440 bytes,    1819488 total
[2023-03-15T05:37:28.300+0000][69][gc,age      ] GC(272) - age  13:         80 bytes,    1819568 total
[2023-03-15T05:37:28.300+0000][69][gc,age      ] GC(272) - age  14:       1496 bytes,    1821064 total
[2023-03-15T05:37:28.301+0000][69][gc,heap     ] GC(272) Eden regions: 24->0(24)
[2023-03-15T05:37:28.301+0000][69][gc,heap     ] GC(272) Survivor regions: 1->1(4)
[2023-03-15T05:37:28.301+0000][69][gc,heap     ] GC(272) Old regions: 24->24
[2023-03-15T05:37:28.302+0000][69][gc,heap     ] GC(272) Archive regions: 2->2
[2023-03-15T05:37:28.302+0000][69][gc,heap     ] GC(272) Humongous regions: 2->2
[2023-03-15T05:37:28.303+0000][69][gc,metaspace] GC(272) Metaspace: 137707K(141120K)->137707K(141120K) NonClass: 120232K(121408K)->120232K(121408K) Class: 17474K(19712K)->17474K(19712K)
[2023-03-15T05:37:28.303+0000][69][gc          ] GC(272) Pause Young (Concurrent Start) (G1 Evacuation Pause) 205M->109M(256M) 15.800ms
[2023-03-15T05:37:28.304+0000][69][gc,cpu      ] GC(272) User=0.01s Sys=0.00s Real=0.02s
[2023-03-15T05:37:28.304+0000][69][gc          ] GC(273) Concurrent Mark Cycle
[2023-03-15T05:37:28.305+0000][69][gc,marking  ] GC(273) Concurrent Clear Claimed Marks
[2023-03-15T05:37:28.304+0000][69][safepoint   ] Safepoint "G1CollectForAllocation", Time since last: 5282407658 ns, Reaching safepoint: 106456 ns, At safepoint: 16866014 ns, Total: 16972470 ns
[2023-03-15T05:37:28.306+0000][69][gc,marking  ] GC(273) Concurrent Clear Claimed Marks 0.781ms
[2023-03-15T05:37:28.307+0000][69][gc,marking  ] GC(273) Concurrent Scan Root Regions
[2023-03-15T05:37:28.310+0000][69][gc,marking  ] GC(273) Concurrent Scan Root Regions 3.041ms
[2023-03-15T05:37:28.311+0000][69][gc,marking  ] GC(273) Concurrent Mark
[2023-03-15T05:37:28.311+0000][69][gc,marking  ] GC(273) Concurrent Mark From Roots
[2023-03-15T05:37:28.312+0000][69][gc,task     ] GC(273) Using 1 workers of 1 for marking
[2023-03-15T05:37:28.420+0000][69][gc,marking  ] GC(273) Concurrent Mark From Roots 108.806ms
[2023-03-15T05:37:28.421+0000][69][gc,marking  ] GC(273) Concurrent Preclean
[2023-03-15T05:37:28.422+0000][69][gc,marking  ] GC(273) Concurrent Preclean 0.800ms
[2023-03-15T05:37:28.422+0000][69][gc,start    ] GC(273) Pause Remark
[2023-03-15T05:37:28.433+0000][69][gc          ] GC(273) Pause Remark 115M->115M(256M) 10.949ms
[2023-03-15T05:37:28.434+0000][69][gc,cpu      ] GC(273) User=0.03s Sys=0.00s Real=0.01s
[2023-03-15T05:37:28.435+0000][69][safepoint   ] Safepoint "G1PauseRemark", Time since last: 118006202 ns, Reaching safepoint: 35429 ns, At safepoint: 12204274 ns, Total: 12239703 ns
[2023-03-15T05:37:28.435+0000][69][gc,marking  ] GC(273) Concurrent Mark 124.584ms
[2023-03-15T05:37:28.436+0000][69][gc,marking  ] GC(273) Concurrent Rebuild Remembered Sets
[2023-03-15T05:37:28.491+0000][69][gc,marking  ] GC(273) Concurrent Rebuild Remembered Sets 55.533ms
[2023-03-15T05:37:28.493+0000][69][gc,start    ] GC(273) Pause Cleanup
[2023-03-15T05:37:28.494+0000][69][gc          ] GC(273) Pause Cleanup 116M->116M(256M) 1.186ms
[2023-03-15T05:37:28.495+0000][69][gc,cpu      ] GC(273) User=0.00s Sys=0.00s Real=0.00s
[2023-03-15T05:37:28.496+0000][69][safepoint   ] Safepoint "G1PauseCleanup", Time since last: 58059988 ns, Reaching safepoint: 145287 ns, At safepoint: 2749921 ns, Total: 2895208 ns
[2023-03-15T05:37:28.496+0000][69][gc,marking  ] GC(273) Concurrent Cleanup for Next Mark
[2023-03-15T05:37:28.497+0000][69][gc,marking  ] GC(273) Concurrent Cleanup for Next Mark 0.751ms
[2023-03-15T05:37:28.497+0000][69][gc          ] GC(273) Concurrent Mark Cycle 193.546ms
[2023-03-15T05:37:58.413+0000][69][gc,start    ] GC(274) Pause Young (Normal) (G1 Evacuation Pause)
[2023-03-15T05:37:58.414+0000][69][gc,task     ] GC(274) Using 4 workers of 4 for evacuation
[2023-03-15T05:37:58.415+0000][69][gc,age      ] GC(274) Desired survivor size 8388608 bytes, new threshold 15 (max threshold 15)
[2023-03-15T05:37:58.420+0000][69][gc,phases   ] GC(274)   Pre Evacuate Collection Set: 0.1ms
[2023-03-15T05:37:58.421+0000][69][gc,phases   ] GC(274)   Merge Heap Roots: 0.1ms
[2023-03-15T05:37:58.421+0000][69][gc,phases   ] GC(274)   Evacuate Collection Set: 2.7ms
[2023-03-15T05:37:58.422+0000][69][gc,phases   ] GC(274)   Post Evacuate Collection Set: 0.9ms
[2023-03-15T05:37:58.422+0000][69][gc,phases   ] GC(274)   Other: 1.8ms
[2023-03-15T05:37:58.423+0000][69][gc,age      ] GC(274) Age table with threshold 15 (max threshold 15)
[2023-03-15T05:37:58.423+0000][69][gc,age      ] GC(274) - age   1:    2250104 bytes,    2250104 total
[2023-03-15T05:37:58.424+0000][69][gc,age      ] GC(274) - age   2:     110784 bytes,    2360888 total
[2023-03-15T05:37:58.424+0000][69][gc,age      ] GC(274) - age   3:       9144 bytes,    2370032 total
[2023-03-15T05:37:58.425+0000][69][gc,age      ] GC(274) - age   4:       2400 bytes,    2372432 total
[2023-03-15T05:37:58.425+0000][69][gc,age      ] GC(274) - age   5:      16912 bytes,    2389344 total
[2023-03-15T05:37:58.426+0000][69][gc,age      ] GC(274) - age   6:      15368 bytes,    2404712 total
[2023-03-15T05:37:58.426+0000][69][gc,age      ] GC(274) - age   7:     258712 bytes,    2663424 total
[2023-03-15T05:37:58.427+0000][69][gc,age      ] GC(274) - age   8:      22712 bytes,    2686136 total
[2023-03-15T05:37:58.427+0000][69][gc,age      ] GC(274) - age  10:      27096 bytes,    2713232 total
[2023-03-15T05:37:58.428+0000][69][gc,age      ] GC(274) - age  11:        136 bytes,    2713368 total
[2023-03-15T05:37:58.428+0000][69][gc,age      ] GC(274) - age  12:        416 bytes,    2713784 total
[2023-03-15T05:37:58.428+0000][69][gc,age      ] GC(274) - age  13:        440 bytes,    2714224 total
[2023-03-15T05:37:58.429+0000][69][gc,age      ] GC(274) - age  14:         80 bytes,    2714304 total
[2023-03-15T05:37:58.429+0000][69][gc,age      ] GC(274) - age  15:       1496 bytes,    2715800 total
[2023-03-15T05:37:58.430+0000][69][gc,heap     ] GC(274) Eden regions: 24->0(23)
[2023-03-15T05:37:58.430+0000][69][gc,heap     ] GC(274) Survivor regions: 1->1(4)
[2023-03-15T05:37:58.431+0000][69][gc,heap     ] GC(274) Old regions: 24->24
[2023-03-15T05:37:58.431+0000][69][gc,heap     ] GC(274) Archive regions: 2->2
[2023-03-15T05:37:58.432+0000][69][gc,heap     ] GC(274) Humongous regions: 2->2
[2023-03-15T05:37:58.432+0000][69][gc,metaspace] GC(274) Metaspace: 137708K(141120K)->137708K(141120K) NonClass: 120233K(121408K)->120233K(121408K) Class: 17474K(19712K)->17474K(19712K)
[2023-03-15T05:37:58.432+0000][69][gc          ] GC(274) Pause Young (Normal) (G1 Evacuation Pause) 205M->110M(256M) 19.227ms
[2023-03-15T05:37:58.433+0000][69][gc,cpu      ] GC(274) User=0.01s Sys=0.00s Real=0.02s
[2023-03-15T05:37:58.433+0000][69][safepoint   ] Safepoint "G1CollectForAllocation", Time since last: 29938925969 ns, Reaching safepoint: 170427 ns, At safepoint: 20144732 ns, Total: 20315159 ns
[2023-03-15T05:38:01.440+0000][69][safepoint   ] Safepoint "Cleanup", Time since last: 3005689903 ns, Reaching safepoint: 564797 ns, At safepoint: 20944 ns, Total: 585741 ns
[2023-03-15T05:38:13.454+0000][69][safepoint   ] Safepoint "Cleanup", Time since last: 12011405271 ns, Reaching safepoint: 2963480 ns, At safepoint: 108531 ns, Total: 3072011 ns
[2023-03-15T05:38:14.696+0000][69][safepoint   ] Safepoint "Cleanup", Time since last: 1241832924 ns, Reaching safepoint: 517921 ns, At safepoint: 20029 ns, Total: 537950 ns
[2023-03-15T05:38:16.680+0000][69][safepoint   ] Safepoint "Cleanup", Time since last: 2004759129 ns, Reaching safepoint: 142504 ns, At safepoint: 3817 ns, Total: 146321 ns
[2023-03-15T05:38:17.681+0000][69][safepoint   ] Safepoint "Cleanup", Time since last: 1000809957 ns, Reaching safepoint: 108539 ns, At safepoint: 24422 ns, Total: 132961 ns
[2023-03-15T05:38:17.712+0000][69][gc,start    ] GC(275) Pause Young (Concurrent Start) (G1 Evacuation Pause)
[2023-03-15T05:38:17.712+0000][69][gc,task     ] GC(275) Using 4 workers of 4 for evacuation
[2023-03-15T05:38:17.713+0000][69][gc,age      ] GC(275) Desired survivor size 6291456 bytes, new threshold 15 (max threshold 15)
[2023-03-15T05:38:17.716+0000][69][gc,phases   ] GC(275)   Pre Evacuate Collection Set: 0.4ms
[2023-03-15T05:38:17.717+0000][69][gc,phases   ] GC(275)   Merge Heap Roots: 0.1ms
[2023-03-15T05:38:17.717+0000][69][gc,phases   ] GC(275)   Evacuate Collection Set: 1.7ms
[2023-03-15T05:38:17.717+0000][69][gc,phases   ] GC(275)   Post Evacuate Collection Set: 0.7ms
[2023-03-15T05:38:17.718+0000][69][gc,phases   ] GC(275)   Other: 0.9ms
[2023-03-15T05:38:17.719+0000][69][gc,age      ] GC(275) Age table with threshold 15 (max threshold 15)
[2023-03-15T05:38:17.720+0000][69][gc,age      ] GC(275) - age   1:    1104200 bytes,    1104200 total
[2023-03-15T05:38:17.720+0000][69][gc,age      ] GC(275) - age   2:       6784 bytes,    1110984 total
[2023-03-15T05:38:17.720+0000][69][gc,age      ] GC(275) - age   3:       1184 bytes,    1112168 total
[2023-03-15T05:38:17.721+0000][69][gc,age      ] GC(275) - age   4:       8952 bytes,    1121120 total
[2023-03-15T05:38:17.721+0000][69][gc,age      ] GC(275) - age   5:       1680 bytes,    1122800 total
[2023-03-15T05:38:17.722+0000][69][gc,age      ] GC(275) - age   6:      16912 bytes,    1139712 total
[2023-03-15T05:38:17.722+0000][69][gc,age      ] GC(275) - age   7:      15368 bytes,    1155080 total
[2023-03-15T05:38:17.722+0000][69][gc,age      ] GC(275) - age   8:     257656 bytes,    1412736 total
[2023-03-15T05:38:17.722+0000][69][gc,age      ] GC(275) - age   9:      22688 bytes,    1435424 total
[2023-03-15T05:38:17.723+0000][69][gc,age      ] GC(275) - age  11:      27064 bytes,    1462488 total
[2023-03-15T05:38:17.723+0000][69][gc,age      ] GC(275) - age  12:        136 bytes,    1462624 total
[2023-03-15T05:38:17.724+0000][69][gc,age      ] GC(275) - age  13:        416 bytes,    1463040 total
[2023-03-15T05:38:17.724+0000][69][gc,age      ] GC(275) - age  14:        440 bytes,    1463480 total
[2023-03-15T05:38:17.724+0000][69][gc,age      ] GC(275) - age  15:         80 bytes,    1463560 total
[2023-03-15T05:38:17.725+0000][69][gc,heap     ] GC(275) Eden regions: 23->0(23)
[2023-03-15T05:38:17.725+0000][69][gc,heap     ] GC(275) Survivor regions: 1->1(3)
[2023-03-15T05:38:17.725+0000][69][gc,heap     ] GC(275) Old regions: 24->24
[2023-03-15T05:38:17.726+0000][69][gc,heap     ] GC(275) Archive regions: 2->2
[2023-03-15T05:38:17.726+0000][69][gc,heap     ] GC(275) Humongous regions: 2->2
[2023-03-15T05:38:17.726+0000][69][gc,metaspace] GC(275) Metaspace: 137918K(141248K)->137918K(141248K) NonClass: 120402K(121536K)->120402K(121536K) Class: 17515K(19712K)->17515K(19712K)
[2023-03-15T05:38:17.727+0000][69][gc          ] GC(275) Pause Young (Concurrent Start) (G1 Evacuation Pause) 202M->109M(256M) 14.929ms
[2023-03-15T05:38:17.727+0000][69][gc,cpu      ] GC(275) User=0.01s Sys=0.00s Real=0.02s
[2023-03-15T05:38:17.727+0000][69][safepoint   ] Safepoint "G1CollectForAllocation", Time since last: 30675454 ns, Reaching safepoint: 79829 ns, At safepoint: 15671949 ns, Total: 15751778 ns
[2023-03-15T05:38:17.727+0000][69][gc          ] GC(276) Concurrent Mark Cycle
[2023-03-15T05:38:17.731+0000][69][gc,marking  ] GC(276) Concurrent Clear Claimed Marks
[2023-03-15T05:38:17.732+0000][69][gc,marking  ] GC(276) Concurrent Clear Claimed Marks 1.014ms
[2023-03-15T05:38:17.732+0000][69][gc,marking  ] GC(276) Concurrent Scan Root Regions
[2023-03-15T05:38:17.735+0000][69][gc,marking  ] GC(276) Concurrent Scan Root Regions 2.546ms
[2023-03-15T05:38:17.736+0000][69][gc,marking  ] GC(276) Concurrent Mark
[2023-03-15T05:38:17.736+0000][69][gc,marking  ] GC(276) Concurrent Mark From Roots
[2023-03-15T05:38:17.737+0000][69][gc,task     ] GC(276) Using 1 workers of 1 for marking
[2023-03-15T05:38:17.840+0000][69][gc,marking  ] GC(276) Concurrent Mark From Roots 103.555ms
[2023-03-15T05:38:17.841+0000][69][gc,marking  ] GC(276) Concurrent Preclean
[2023-03-15T05:38:17.842+0000][69][gc,marking  ] GC(276) Concurrent Preclean 1.165ms
[2023-03-15T05:38:17.843+0000][69][gc,start    ] GC(276) Pause Remark
[2023-03-15T05:38:17.854+0000][69][gc          ] GC(276) Pause Remark 110M->110M(256M) 10.874ms
[2023-03-15T05:38:17.855+0000][69][gc,cpu      ] GC(276) User=0.02s Sys=0.00s Real=0.01s
[2023-03-15T05:38:17.856+0000][69][safepoint   ] Safepoint "G1PauseRemark", Time since last: 115499442 ns, Reaching safepoint: 195793 ns, At safepoint: 12382507 ns, Total: 12578300 ns
[2023-03-15T05:38:17.856+0000][69][gc,marking  ] GC(276) Concurrent Mark 120.572ms
[2023-03-15T05:38:17.857+0000][69][gc,marking  ] GC(276) Concurrent Rebuild Remembered Sets
[2023-03-15T05:38:17.906+0000][69][gc,marking  ] GC(276) Concurrent Rebuild Remembered Sets 49.486ms
[2023-03-15T05:38:17.908+0000][69][gc,start    ] GC(276) Pause Cleanup
[2023-03-15T05:38:17.909+0000][69][gc          ] GC(276) Pause Cleanup 110M->110M(256M) 1.149ms
[2023-03-15T05:38:17.910+0000][69][gc,cpu      ] GC(276) User=0.00s Sys=0.00s Real=0.00s
[2023-03-15T05:38:17.910+0000][69][safepoint   ] Safepoint "G1PauseCleanup", Time since last: 52109275 ns, Reaching safepoint: 170765 ns, At safepoint: 2153685 ns, Total: 2324450 ns
[2023-03-15T05:38:17.911+0000][69][gc,marking  ] GC(276) Concurrent Cleanup for Next Mark
[2023-03-15T05:38:17.912+0000][69][gc,marking  ] GC(276) Concurrent Cleanup for Next Mark 0.734ms
[2023-03-15T05:38:17.912+0000][69][gc          ] GC(276) Concurrent Mark Cycle 185.313ms
[2023-03-15T05:38:19.918+0000][69][safepoint   ] Safepoint "Cleanup", Time since last: 2007393645 ns, Reaching safepoint: 356337 ns, At safepoint: 143784 ns, Total: 500121 ns
[2023-03-15T05:38:28.941+0000][69][safepoint   ] Safepoint "Cleanup", Time since last: 9022450597 ns, Reaching safepoint: 273349 ns, At safepoint: 23474 ns, Total: 296823 ns
[2023-03-15T05:38:29.948+0000][69][safepoint   ] Safepoint "Cleanup", Time since last: 1006916475 ns, Reaching safepoint: 591968 ns, At safepoint: 16582 ns, Total: 608550 ns
[2023-03-15T05:38:31.953+0000][69][safepoint   ] Safepoint "Cleanup", Time since last: 2004422613 ns, Reaching safepoint: 86160 ns, At safepoint: 3990 ns, Total: 90150 ns
[2023-03-15T05:38:32.955+0000][69][safepoint   ] Safepoint "Cleanup", Time since last: 1002278183 ns, Reaching safepoint: 428320 ns, At safepoint: 15997 ns, Total: 444317 ns
[2023-03-15T05:38:34.961+0000][69][safepoint   ] Safepoint "Cleanup", Time since last: 2005097662 ns, Reaching safepoint: 400330 ns, At safepoint: 12208 ns, Total: 412538 ns
[2023-03-15T05:38:35.965+0000][69][safepoint   ] Safepoint "Cleanup", Time since last: 1003907208 ns, Reaching safepoint: 268933 ns, At safepoint: 10742 ns, Total: 279675 ns
[2023-03-15T05:38:46.303+0000][69][gc,start    ] GC(277) Pause Young (Normal) (G1 Evacuation Pause)
[2023-03-15T05:38:46.304+0000][69][gc,task     ] GC(277) Using 4 workers of 4 for evacuation
[2023-03-15T05:38:46.304+0000][69][gc,age      ] GC(277) Desired survivor size 6291456 bytes, new threshold 15 (max threshold 15)
[2023-03-15T05:38:46.308+0000][69][gc,phases   ] GC(277)   Pre Evacuate Collection Set: 0.1ms
[2023-03-15T05:38:46.309+0000][69][gc,phases   ] GC(277)   Merge Heap Roots: 0.1ms
[2023-03-15T05:38:46.309+0000][69][gc,phases   ] GC(277)   Evacuate Collection Set: 2.3ms
[2023-03-15T05:38:46.310+0000][69][gc,phases   ] GC(277)   Post Evacuate Collection Set: 0.7ms
[2023-03-15T05:38:46.310+0000][69][gc,phases   ] GC(277)   Other: 1.1ms
[2023-03-15T05:38:46.311+0000][69][gc,age      ] GC(277) Age table with threshold 15 (max threshold 15)
[2023-03-15T05:38:46.311+0000][69][gc,age      ] GC(277) - age   1:     893240 bytes,     893240 total
[2023-03-15T05:38:46.311+0000][69][gc,age      ] GC(277) - age   2:     565792 bytes,    1459032 total
[2023-03-15T05:38:46.312+0000][69][gc,age      ] GC(277) - age   3:       2240 bytes,    1461272 total
[2023-03-15T05:38:46.312+0000][69][gc,age      ] GC(277) - age   4:        912 bytes,    1462184 total
[2023-03-15T05:38:46.313+0000][69][gc,age      ] GC(277) - age   5:       8512 bytes,    1470696 total
[2023-03-15T05:38:46.313+0000][69][gc,age      ] GC(277) - age   6:       1384 bytes,    1472080 total
[2023-03-15T05:38:46.313+0000][69][gc,age      ] GC(277) - age   7:      16912 bytes,    1488992 total
[2023-03-15T05:38:46.314+0000][69][gc,age      ] GC(277) - age   8:       1464 bytes,    1490456 total
[2023-03-15T05:38:46.314+0000][69][gc,age      ] GC(277) - age   9:     161104 bytes,    1651560 total
[2023-03-15T05:38:46.315+0000][69][gc,age      ] GC(277) - age  10:      22608 bytes,    1674168 total
[2023-03-15T05:38:46.315+0000][69][gc,age      ] GC(277) - age  12:      27064 bytes,    1701232 total
[2023-03-15T05:38:46.316+0000][69][gc,age      ] GC(277) - age  13:        136 bytes,    1701368 total
[2023-03-15T05:38:46.316+0000][69][gc,age      ] GC(277) - age  14:        416 bytes,    1701784 total
[2023-03-15T05:38:46.316+0000][69][gc,age      ] GC(277) - age  15:        440 bytes,    1702224 total
[2023-03-15T05:38:46.317+0000][69][gc,heap     ] GC(277) Eden regions: 23->0(23)
[2023-03-15T05:38:46.317+0000][69][gc,heap     ] GC(277) Survivor regions: 1->1(3)
[2023-03-15T05:38:46.318+0000][69][gc,heap     ] GC(277) Old regions: 24->24
[2023-03-15T05:38:46.319+0000][69][gc,heap     ] GC(277) Archive regions: 2->2
[2023-03-15T05:38:46.319+0000][69][gc,heap     ] GC(277) Humongous regions: 2->2
[2023-03-15T05:38:46.319+0000][69][gc,metaspace] GC(277) Metaspace: 137929K(141248K)->137929K(141248K) NonClass: 120413K(121536K)->120413K(121536K) Class: 17515K(19712K)->17515K(19712K)
[2023-03-15T05:38:46.320+0000][69][gc          ] GC(277) Pause Young (Normal) (G1 Evacuation Pause) 201M->109M(256M) 17.071ms
[2023-03-15T05:38:46.321+0000][69][gc,cpu      ] GC(277) User=0.00s Sys=0.00s Real=0.02s
[2023-03-15T05:38:46.321+0000][69][safepoint   ] Safepoint "G1CollectForAllocation", Time since last: 10359062835 ns, Reaching safepoint: 68512 ns, At safepoint: 18203526 ns, Total: 18272038 ns
[2023-03-15T05:38:47.323+0000][69][safepoint   ] Safepoint "Cleanup", Time since last: 1001632848 ns, Reaching safepoint: 317890 ns, At safepoint: 12920 ns, Total: 330810 ns
[2023-03-15T05:39:02.345+0000][69][safepoint   ] Safepoint "Cleanup", Time since last: 15021591268 ns, Reaching safepoint: 146692 ns, At safepoint: 11151 ns, Total: 157843 ns
[2023-03-15T05:39:05.350+0000][69][safepoint   ] Safepoint "Cleanup", Time since last: 3004540696 ns, Reaching safepoint: 484776 ns, At safepoint: 15424 ns, Total: 500200 ns
[2023-03-15T05:39:16.056+0000][69][gc,start    ] GC(278) Pause Young (Concurrent Start) (G1 Evacuation Pause)
[2023-03-15T05:39:16.057+0000][69][gc,task     ] GC(278) Using 4 workers of 4 for evacuation
[2023-03-15T05:39:16.058+0000][69][gc,age      ] GC(278) Desired survivor size 6291456 bytes, new threshold 15 (max threshold 15)
[2023-03-15T05:39:16.065+0000][69][gc,phases   ] GC(278)   Pre Evacuate Collection Set: 0.6ms
[2023-03-15T05:39:16.066+0000][69][gc,phases   ] GC(278)   Merge Heap Roots: 0.3ms
[2023-03-15T05:39:16.067+0000][69][gc,phases   ] GC(278)   Evacuate Collection Set: 3.1ms
[2023-03-15T05:39:16.068+0000][69][gc,phases   ] GC(278)   Post Evacuate Collection Set: 1.1ms
[2023-03-15T05:39:16.069+0000][69][gc,phases   ] GC(278)   Other: 2.6ms
[2023-03-15T05:39:16.070+0000][69][gc,age      ] GC(278) Age table with threshold 15 (max threshold 15)
[2023-03-15T05:39:16.070+0000][69][gc,age      ] GC(278) - age   1:    1009216 bytes,    1009216 total
[2023-03-15T05:39:16.071+0000][69][gc,age      ] GC(278) - age   2:     268304 bytes,    1277520 total
[2023-03-15T05:39:16.072+0000][69][gc,age      ] GC(278) - age   3:     540480 bytes,    1818000 total
[2023-03-15T05:39:16.073+0000][69][gc,age      ] GC(278) - age   4:       1400 bytes,    1819400 total
[2023-03-15T05:39:16.073+0000][69][gc,age      ] GC(278) - age   5:        848 bytes,    1820248 total
[2023-03-15T05:39:16.074+0000][69][gc,age      ] GC(278) - age   6:       8512 bytes,    1828760 total
[2023-03-15T05:39:16.075+0000][69][gc,age      ] GC(278) - age   7:       1384 bytes,    1830144 total
[2023-03-15T05:39:16.075+0000][69][gc,age      ] GC(278) - age   8:      16880 bytes,    1847024 total
[2023-03-15T05:39:16.076+0000][69][gc,age      ] GC(278) - age   9:       1400 bytes,    1848424 total
[2023-03-15T05:39:16.076+0000][69][gc,age      ] GC(278) - age  10:     161104 bytes,    2009528 total
[2023-03-15T05:39:16.077+0000][69][gc,age      ] GC(278) - age  11:      22608 bytes,    2032136 total
[2023-03-15T05:39:16.078+0000][69][gc,age      ] GC(278) - age  13:      27064 bytes,    2059200 total
[2023-03-15T05:39:16.078+0000][69][gc,age      ] GC(278) - age  14:        136 bytes,    2059336 total
[2023-03-15T05:39:16.079+0000][69][gc,age      ] GC(278) - age  15:        416 bytes,    2059752 total
[2023-03-15T05:39:16.080+0000][69][gc,heap     ] GC(278) Eden regions: 23->0(23)
[2023-03-15T05:39:16.080+0000][69][gc,heap     ] GC(278) Survivor regions: 1->1(3)
[2023-03-15T05:39:16.081+0000][69][gc,heap     ] GC(278) Old regions: 24->24
[2023-03-15T05:39:16.081+0000][69][gc,heap     ] GC(278) Archive regions: 2->2
[2023-03-15T05:39:16.082+0000][69][gc,heap     ] GC(278) Humongous regions: 2->2
[2023-03-15T05:39:16.082+0000][69][gc,metaspace] GC(278) Metaspace: 137929K(141248K)->137929K(141248K) NonClass: 120413K(121536K)->120413K(121536K) Class: 17515K(19712K)->17515K(19712K)
[2023-03-15T05:39:16.083+0000][69][gc          ] GC(278) Pause Young (Concurrent Start) (G1 Evacuation Pause) 201M->109M(256M) 27.569ms
[2023-03-15T05:39:16.084+0000][69][gc          ] GC(279) Concurrent Mark Cycle
[2023-03-15T05:39:16.085+0000][69][gc,marking  ] GC(279) Concurrent Clear Claimed Marks
[2023-03-15T05:39:16.085+0000][69][gc,marking  ] GC(279) Concurrent Clear Claimed Marks 0.768ms
[2023-03-15T05:39:16.086+0000][69][gc,marking  ] GC(279) Concurrent Scan Root Regions
[2023-03-15T05:39:16.084+0000][69][gc,cpu      ] GC(278) User=0.01s Sys=0.00s Real=0.03s
[2023-03-15T05:39:16.089+0000][69][safepoint   ] Safepoint "G1CollectForAllocation", Time since last: 10727143690 ns, Reaching safepoint: 173803 ns, At safepoint: 33180502 ns, Total: 33354305 ns
[2023-03-15T05:39:16.089+0000][69][gc,marking  ] GC(279) Concurrent Scan Root Regions 3.311ms
[2023-03-15T05:39:16.090+0000][69][gc,marking  ] GC(279) Concurrent Mark
[2023-03-15T05:39:16.090+0000][69][gc,marking  ] GC(279) Concurrent Mark From Roots
[2023-03-15T05:39:16.091+0000][69][gc,task     ] GC(279) Using 1 workers of 1 for marking
[2023-03-15T05:39:16.227+0000][69][gc,marking  ] GC(279) Concurrent Mark From Roots 136.821ms
[2023-03-15T05:39:16.228+0000][69][gc,marking  ] GC(279) Concurrent Preclean
[2023-03-15T05:39:16.229+0000][69][gc,marking  ] GC(279) Concurrent Preclean 1.204ms
[2023-03-15T05:39:16.230+0000][69][gc,start    ] GC(279) Pause Remark
[2023-03-15T05:39:16.241+0000][69][gc          ] GC(279) Pause Remark 112M->112M(256M) 10.432ms
[2023-03-15T05:39:16.241+0000][69][gc,cpu      ] GC(279) User=0.03s Sys=0.00s Real=0.01s
[2023-03-15T05:39:16.242+0000][69][safepoint   ] Safepoint "G1PauseRemark", Time since last: 140997471 ns, Reaching safepoint: 224226 ns, At safepoint: 11657241 ns, Total: 11881467 ns
[2023-03-15T05:39:16.243+0000][69][gc,marking  ] GC(279) Concurrent Mark 152.431ms
[2023-03-15T05:39:16.243+0000][69][gc,marking  ] GC(279) Concurrent Rebuild Remembered Sets
[2023-03-15T05:39:16.303+0000][69][gc,marking  ] GC(279) Concurrent Rebuild Remembered Sets 60.046ms
[2023-03-15T05:39:16.304+0000][69][gc,start    ] GC(279) Pause Cleanup
[2023-03-15T05:39:16.305+0000][69][gc          ] GC(279) Pause Cleanup 113M->113M(256M) 0.644ms
[2023-03-15T05:39:16.305+0000][69][gc,cpu      ] GC(279) User=0.00s Sys=0.00s Real=0.00s
[2023-03-15T05:39:16.306+0000][69][safepoint   ] Safepoint "G1PauseCleanup", Time since last: 61930085 ns, Reaching safepoint: 78993 ns, At safepoint: 1741699 ns, Total: 1820692 ns
[2023-03-15T05:39:16.306+0000][69][gc,marking  ] GC(279) Concurrent Cleanup for Next Mark
[2023-03-15T05:39:16.307+0000][69][gc,marking  ] GC(279) Concurrent Cleanup for Next Mark 0.656ms
[2023-03-15T05:39:16.308+0000][69][gc          ] GC(279) Concurrent Mark Cycle 223.636ms
[2023-03-15T05:39:22.314+0000][69][safepoint   ] Safepoint "Cleanup", Time since last: 6007988088 ns, Reaching safepoint: 115958 ns, At safepoint: 4186 ns, Total: 120144 ns
[2023-03-15T05:39:40.093+0000][69][gc,start    ] GC(280) Pause Young (Normal) (G1 Evacuation Pause)
[2023-03-15T05:39:40.094+0000][69][gc,task     ] GC(280) Using 4 workers of 4 for evacuation
[2023-03-15T05:39:40.095+0000][69][gc,age      ] GC(280) Desired survivor size 6291456 bytes, new threshold 15 (max threshold 15)
[2023-03-15T05:39:40.103+0000][69][gc,phases   ] GC(280)   Pre Evacuate Collection Set: 0.1ms
[2023-03-15T05:39:40.104+0000][69][gc,phases   ] GC(280)   Merge Heap Roots: 0.1ms
[2023-03-15T05:39:40.105+0000][69][gc,phases   ] GC(280)   Evacuate Collection Set: 6.3ms
[2023-03-15T05:39:40.105+0000][69][gc,phases   ] GC(280)   Post Evacuate Collection Set: 1.3ms
[2023-03-15T05:39:40.106+0000][69][gc,phases   ] GC(280)   Other: 1.4ms
[2023-03-15T05:39:40.106+0000][69][gc,age      ] GC(280) Age table with threshold 15 (max threshold 15)
[2023-03-15T05:39:40.107+0000][69][gc,age      ] GC(280) - age   1:    2030992 bytes,    2030992 total
[2023-03-15T05:39:40.107+0000][69][gc,age      ] GC(280) - age   2:     146120 bytes,    2177112 total
[2023-03-15T05:39:40.108+0000][69][gc,age      ] GC(280) - age   3:     129288 bytes,    2306400 total
[2023-03-15T05:39:40.109+0000][69][gc,age      ] GC(280) - age   4:     424984 bytes,    2731384 total
[2023-03-15T05:39:40.109+0000][69][gc,age      ] GC(280) - age   5:       1336 bytes,    2732720 total
[2023-03-15T05:39:40.110+0000][69][gc,age      ] GC(280) - age   6:        552 bytes,    2733272 total
[2023-03-15T05:39:40.110+0000][69][gc,age      ] GC(280) - age   7:       8512 bytes,    2741784 total
[2023-03-15T05:39:40.111+0000][69][gc,age      ] GC(280) - age   8:       1384 bytes,    2743168 total
[2023-03-15T05:39:40.111+0000][69][gc,age      ] GC(280) - age   9:      16880 bytes,    2760048 total
[2023-03-15T05:39:40.112+0000][69][gc,age      ] GC(280) - age  10:       1400 bytes,    2761448 total
[2023-03-15T05:39:40.112+0000][69][gc,age      ] GC(280) - age  11:     160936 bytes,    2922384 total
[2023-03-15T05:39:40.112+0000][69][gc,age      ] GC(280) - age  12:      22608 bytes,    2944992 total
[2023-03-15T05:39:40.113+0000][69][gc,age      ] GC(280) - age  14:      27064 bytes,    2972056 total
[2023-03-15T05:39:40.113+0000][69][gc,age      ] GC(280) - age  15:        136 bytes,    2972192 total
[2023-03-15T05:39:40.114+0000][69][gc,heap     ] GC(280) Eden regions: 23->0(22)
[2023-03-15T05:39:40.114+0000][69][gc,heap     ] GC(280) Survivor regions: 1->1(3)
[2023-03-15T05:39:40.115+0000][69][gc,heap     ] GC(280) Old regions: 24->25
[2023-03-15T05:39:40.115+0000][69][gc,heap     ] GC(280) Archive regions: 2->2
[2023-03-15T05:39:40.116+0000][69][gc,heap     ] GC(280) Humongous regions: 2->2
[2023-03-15T05:39:40.116+0000][69][gc,metaspace] GC(280) Metaspace: 137930K(141248K)->137930K(141248K) NonClass: 120414K(121536K)->120414K(121536K) Class: 17515K(19712K)->17515K(19712K)
[2023-03-15T05:39:40.117+0000][69][gc          ] GC(280) Pause Young (Normal) (G1 Evacuation Pause) 201M->111M(256M) 23.216ms
[2023-03-15T05:39:40.117+0000][69][gc,cpu      ] GC(280) User=0.01s Sys=0.00s Real=0.03s
[2023-03-15T05:39:40.118+0000][69][safepoint   ] Safepoint "G1CollectForAllocation", Time since last: 17779370739 ns, Reaching safepoint: 179398 ns, At safepoint: 24202741 ns, Total: 24382139 ns
[2023-03-15T05:39:59.316+0000][69][safepoint   ] Safepoint "Cleanup", Time since last: 19218291772 ns, Reaching safepoint: 575298 ns, At safepoint: 118964 ns, Total: 694262 ns
[2023-03-15T05:40:04.415+0000][69][gc,start    ] GC(281) Pause Young (Concurrent Start) (G1 Evacuation Pause)
[2023-03-15T05:40:04.415+0000][69][gc,task     ] GC(281) Using 4 workers of 4 for evacuation
[2023-03-15T05:40:04.416+0000][69][gc,age      ] GC(281) Desired survivor size 6291456 bytes, new threshold 15 (max threshold 15)
[2023-03-15T05:40:04.421+0000][69][gc,phases   ] GC(281)   Pre Evacuate Collection Set: 0.4ms
[2023-03-15T05:40:04.421+0000][69][gc,phases   ] GC(281)   Merge Heap Roots: 0.1ms
[2023-03-15T05:40:04.422+0000][69][gc,phases   ] GC(281)   Evacuate Collection Set: 2.6ms
[2023-03-15T05:40:04.422+0000][69][gc,phases   ] GC(281)   Post Evacuate Collection Set: 0.8ms
[2023-03-15T05:40:04.423+0000][69][gc,phases   ] GC(281)   Other: 1.3ms
[2023-03-15T05:40:04.423+0000][69][gc,age      ] GC(281) Age table with threshold 15 (max threshold 15)
[2023-03-15T05:40:04.424+0000][69][gc,age      ] GC(281) - age   1:    2191632 bytes,    2191632 total
[2023-03-15T05:40:04.425+0000][69][gc,age      ] GC(281) - age   2:     460272 bytes,    2651904 total
[2023-03-15T05:40:04.425+0000][69][gc,age      ] GC(281) - age   3:      17264 bytes,    2669168 total
[2023-03-15T05:40:04.425+0000][69][gc,age      ] GC(281) - age   4:     129048 bytes,    2798216 total
[2023-03-15T05:40:04.426+0000][69][gc,age      ] GC(281) - age   5:     424984 bytes,    3223200 total
[2023-03-15T05:40:04.426+0000][69][gc,age      ] GC(281) - age   6:       1160 bytes,    3224360 total
[2023-03-15T05:40:04.427+0000][69][gc,age      ] GC(281) - age   7:        552 bytes,    3224912 total
[2023-03-15T05:40:04.427+0000][69][gc,age      ] GC(281) - age   8:       8512 bytes,    3233424 total
[2023-03-15T05:40:04.428+0000][69][gc,age      ] GC(281) - age   9:       1384 bytes,    3234808 total
[2023-03-15T05:40:04.429+0000][69][gc,age      ] GC(281) - age  10:      16880 bytes,    3251688 total
[2023-03-15T05:40:04.429+0000][69][gc,age      ] GC(281) - age  11:       1400 bytes,    3253088 total
[2023-03-15T05:40:04.430+0000][69][gc,age      ] GC(281) - age  12:     160936 bytes,    3414024 total
[2023-03-15T05:40:04.430+0000][69][gc,age      ] GC(281) - age  13:      22608 bytes,    3436632 total
[2023-03-15T05:40:04.431+0000][69][gc,age      ] GC(281) - age  15:      27064 bytes,    3463696 total
[2023-03-15T05:40:04.431+0000][69][gc,heap     ] GC(281) Eden regions: 22->0(22)
[2023-03-15T05:40:04.432+0000][69][gc,heap     ] GC(281) Survivor regions: 1->1(3)
[2023-03-15T05:40:04.432+0000][69][gc,heap     ] GC(281) Old regions: 25->25
[2023-03-15T05:40:04.433+0000][69][gc,heap     ] GC(281) Archive regions: 2->2
[2023-03-15T05:40:04.433+0000][69][gc,heap     ] GC(281) Humongous regions: 2->2
[2023-03-15T05:40:04.434+0000][69][gc,metaspace] GC(281) Metaspace: 137930K(141248K)->137930K(141248K) NonClass: 120414K(121536K)->120414K(121536K) Class: 17515K(19712K)->17515K(19712K)
[2023-03-15T05:40:04.434+0000][69][gc          ] GC(281) Pause Young (Concurrent Start) (G1 Evacuation Pause) 199M->111M(256M) 19.733ms
[2023-03-15T05:40:04.435+0000][69][gc,cpu      ] GC(281) User=0.01s Sys=0.00s Real=0.02s
[2023-03-15T05:40:04.435+0000][69][gc          ] GC(282) Concurrent Mark Cycle
[2023-03-15T05:40:04.437+0000][69][gc,marking  ] GC(282) Concurrent Clear Claimed Marks
[2023-03-15T05:40:04.435+0000][69][safepoint   ] Safepoint "G1CollectForAllocation", Time since last: 5097833720 ns, Reaching safepoint: 303198 ns, At safepoint: 20668495 ns, Total: 20971693 ns
[2023-03-15T05:40:04.438+0000][69][gc,marking  ] GC(282) Concurrent Clear Claimed Marks 1.057ms
[2023-03-15T05:40:04.440+0000][69][gc,marking  ] GC(282) Concurrent Scan Root Regions
[2023-03-15T05:40:04.444+0000][69][gc,marking  ] GC(282) Concurrent Scan Root Regions 3.778ms
[2023-03-15T05:40:04.448+0000][69][gc,marking  ] GC(282) Concurrent Mark
[2023-03-15T05:40:04.449+0000][69][gc,marking  ] GC(282) Concurrent Mark From Roots
[2023-03-15T05:40:04.451+0000][69][gc,task     ] GC(282) Using 1 workers of 1 for marking
[2023-03-15T05:40:04.570+0000][69][gc,marking  ] GC(282) Concurrent Mark From Roots 120.861ms
[2023-03-15T05:40:04.571+0000][69][gc,marking  ] GC(282) Concurrent Preclean
[2023-03-15T05:40:04.572+0000][69][gc,marking  ] GC(282) Concurrent Preclean 0.780ms
[2023-03-15T05:40:04.572+0000][69][gc,start    ] GC(282) Pause Remark
[2023-03-15T05:40:04.581+0000][69][gc          ] GC(282) Pause Remark 116M->116M(256M) 8.348ms
[2023-03-15T05:40:04.582+0000][69][gc,cpu      ] GC(282) User=0.03s Sys=0.00s Real=0.01s
[2023-03-15T05:40:04.582+0000][69][safepoint   ] Safepoint "G1PauseRemark", Time since last: 137153121 ns, Reaching safepoint: 70094 ns, At safepoint: 9538245 ns, Total: 9608339 ns
[2023-03-15T05:40:04.583+0000][69][gc,marking  ] GC(282) Concurrent Mark 134.147ms
[2023-03-15T05:40:04.583+0000][69][gc,marking  ] GC(282) Concurrent Rebuild Remembered Sets
[2023-03-15T05:40:04.633+0000][69][gc,marking  ] GC(282) Concurrent Rebuild Remembered Sets 49.845ms
[2023-03-15T05:40:04.634+0000][69][gc,start    ] GC(282) Pause Cleanup
[2023-03-15T05:40:04.636+0000][69][gc          ] GC(282) Pause Cleanup 116M->116M(256M) 1.077ms
[2023-03-15T05:40:04.636+0000][69][gc,cpu      ] GC(282) User=0.00s Sys=0.00s Real=0.00s
[2023-03-15T05:40:04.636+0000][69][safepoint   ] Safepoint "G1PauseCleanup", Time since last: 52298281 ns, Reaching safepoint: 158411 ns, At safepoint: 2074651 ns, Total: 2233062 ns
[2023-03-15T05:40:04.637+0000][69][gc,marking  ] GC(282) Concurrent Cleanup for Next Mark
[2023-03-15T05:40:04.638+0000][69][gc,marking  ] GC(282) Concurrent Cleanup for Next Mark 0.639ms
[2023-03-15T05:40:04.638+0000][69][gc          ] GC(282) Concurrent Mark Cycle 203.441ms
[2023-03-15T05:40:16.634+0000][69][safepoint   ] Safepoint "Cleanup", Time since last: 12019599049 ns, Reaching safepoint: 803443 ns, At safepoint: 17049 ns, Total: 820492 ns
[2023-03-15T05:40:22.654+0000][69][safepoint   ] Safepoint "Cleanup", Time since last: 6018637325 ns, Reaching safepoint: 559286 ns, At safepoint: 15949 ns, Total: 575235 ns
[2023-03-15T05:40:25.662+0000][69][safepoint   ] Safepoint "Cleanup", Time since last: 3007568797 ns, Reaching safepoint: 699349 ns, At safepoint: 14769 ns, Total: 714118 ns
[2023-03-15T05:40:29.672+0000][69][safepoint   ] Safepoint "Cleanup", Time since last: 4009642615 ns, Reaching safepoint: 186175 ns, At safepoint: 8646 ns, Total: 194821 ns
[2023-03-15T05:40:34.303+0000][69][gc,start    ] GC(283) Pause Young (Prepare Mixed) (G1 Evacuation Pause)
[2023-03-15T05:40:34.304+0000][69][gc,task     ] GC(283) Using 4 workers of 4 for evacuation
[2023-03-15T05:40:34.308+0000][69][gc,age      ] GC(283) Desired survivor size 6291456 bytes, new threshold 15 (max threshold 15)
[2023-03-15T05:40:34.312+0000][69][gc,phases   ] GC(283)   Pre Evacuate Collection Set: 0.1ms
[2023-03-15T05:40:34.313+0000][69][gc,phases   ] GC(283)   Merge Heap Roots: 0.1ms
[2023-03-15T05:40:34.313+0000][69][gc,phases   ] GC(283)   Evacuate Collection Set: 2.1ms
[2023-03-15T05:40:34.314+0000][69][gc,phases   ] GC(283)   Post Evacuate Collection Set: 0.6ms
[2023-03-15T05:40:34.314+0000][69][gc,phases   ] GC(283)   Other: 5.0ms
[2023-03-15T05:40:34.315+0000][69][gc,age      ] GC(283) Age table with threshold 15 (max threshold 15)
[2023-03-15T05:40:34.315+0000][69][gc,age      ] GC(283) - age   1:     560232 bytes,     560232 total
[2023-03-15T05:40:34.316+0000][69][gc,age      ] GC(283) - age   2:       5720 bytes,     565952 total
[2023-03-15T05:40:34.316+0000][69][gc,age      ] GC(283) - age   3:     318864 bytes,     884816 total
[2023-03-15T05:40:34.317+0000][69][gc,age      ] GC(283) - age   4:      16976 bytes,     901792 total
[2023-03-15T05:40:34.317+0000][69][gc,age      ] GC(283) - age   5:     128472 bytes,    1030264 total
[2023-03-15T05:40:34.317+0000][69][gc,age      ] GC(283) - age   6:     424984 bytes,    1455248 total
[2023-03-15T05:40:34.318+0000][69][gc,age      ] GC(283) - age   7:       1160 bytes,    1456408 total
[2023-03-15T05:40:34.318+0000][69][gc,age      ] GC(283) - age   8:        552 bytes,    1456960 total
[2023-03-15T05:40:34.319+0000][69][gc,age      ] GC(283) - age   9:       8512 bytes,    1465472 total
[2023-03-15T05:40:34.319+0000][69][gc,age      ] GC(283) - age  10:       1384 bytes,    1466856 total
[2023-03-15T05:40:34.320+0000][69][gc,age      ] GC(283) - age  11:      16880 bytes,    1483736 total
[2023-03-15T05:40:34.320+0000][69][gc,age      ] GC(283) - age  12:       1400 bytes,    1485136 total
[2023-03-15T05:40:34.320+0000][69][gc,age      ] GC(283) - age  13:     160936 bytes,    1646072 total
[2023-03-15T05:40:34.321+0000][69][gc,age      ] GC(283) - age  14:      22608 bytes,    1668680 total
[2023-03-15T05:40:34.321+0000][69][gc,heap     ] GC(283) Eden regions: 22->0(2)
[2023-03-15T05:40:34.322+0000][69][gc,heap     ] GC(283) Survivor regions: 1->1(3)
[2023-03-15T05:40:34.322+0000][69][gc,heap     ] GC(283) Old regions: 25->25
[2023-03-15T05:40:34.323+0000][69][gc,heap     ] GC(283) Archive regions: 2->2
[2023-03-15T05:40:34.323+0000][69][gc,heap     ] GC(283) Humongous regions: 2->2
[2023-03-15T05:40:34.323+0000][69][gc,metaspace] GC(283) Metaspace: 137932K(141312K)->137932K(141312K) NonClass: 120417K(121600K)->120417K(121600K) Class: 17515K(19712K)->17515K(19712K)
[2023-03-15T05:40:34.324+0000][69][gc          ] GC(283) Pause Young (Prepare Mixed) (G1 Evacuation Pause) 199M->109M(256M) 20.440ms
[2023-03-15T05:40:34.324+0000][69][gc,cpu      ] GC(283) User=0.00s Sys=0.00s Real=0.02s
[2023-03-15T05:40:34.325+0000][69][safepoint   ] Safepoint "G1CollectForAllocation", Time since last: 4631632146 ns, Reaching safepoint: 91989 ns, At safepoint: 21382244 ns, Total: 21474233 ns
[2023-03-15T05:40:37.081+0000][69][gc,start    ] GC(284) Pause Young (Mixed) (G1 Evacuation Pause)
[2023-03-15T05:40:37.082+0000][69][gc,task     ] GC(284) Using 4 workers of 4 for evacuation
[2023-03-15T05:40:37.085+0000][69][gc,age      ] GC(284) Desired survivor size 2097152 bytes, new threshold 15 (max threshold 15)
[2023-03-15T05:40:37.091+0000][69][gc,phases   ] GC(284)   Pre Evacuate Collection Set: 0.1ms
[2023-03-15T05:40:37.092+0000][69][gc,phases   ] GC(284)   Merge Heap Roots: 0.2ms
[2023-03-15T05:40:37.093+0000][69][gc,phases   ] GC(284)   Evacuate Collection Set: 4.0ms
[2023-03-15T05:40:37.093+0000][69][gc,phases   ] GC(284)   Post Evacuate Collection Set: 1.3ms
[2023-03-15T05:40:37.094+0000][69][gc,phases   ] GC(284)   Other: 3.2ms
[2023-03-15T05:40:37.094+0000][69][gc,age      ] GC(284) Age table with threshold 15 (max threshold 15)
[2023-03-15T05:40:37.095+0000][69][gc,age      ] GC(284) - age   1:     344632 bytes,     344632 total
[2023-03-15T05:40:37.096+0000][69][gc,age      ] GC(284) - age   2:     476184 bytes,     820816 total
[2023-03-15T05:40:37.096+0000][69][gc,age      ] GC(284) - age   3:       5656 bytes,     826472 total
[2023-03-15T05:40:37.097+0000][69][gc,age      ] GC(284) - age   4:     318864 bytes,    1145336 total
[2023-03-15T05:40:37.097+0000][69][gc,age      ] GC(284) - age   5:      16976 bytes,    1162312 total
[2023-03-15T05:40:37.098+0000][69][gc,age      ] GC(284) - age   6:     128456 bytes,    1290768 total
[2023-03-15T05:40:37.098+0000][69][gc,age      ] GC(284) - age   7:     352824 bytes,    1643592 total
[2023-03-15T05:40:37.099+0000][69][gc,age      ] GC(284) - age   8:       1160 bytes,    1644752 total
[2023-03-15T05:40:37.099+0000][69][gc,age      ] GC(284) - age   9:        552 bytes,    1645304 total
[2023-03-15T05:40:37.100+0000][69][gc,age      ] GC(284) - age  10:       8512 bytes,    1653816 total
[2023-03-15T05:40:37.100+0000][69][gc,age      ] GC(284) - age  11:       1384 bytes,    1655200 total
[2023-03-15T05:40:37.101+0000][69][gc,age      ] GC(284) - age  12:      16880 bytes,    1672080 total
[2023-03-15T05:40:37.101+0000][69][gc,age      ] GC(284) - age  13:       1400 bytes,    1673480 total
[2023-03-15T05:40:37.102+0000][69][gc,age      ] GC(284) - age  14:     160936 bytes,    1834416 total
[2023-03-15T05:40:37.102+0000][69][gc,age      ] GC(284) - age  15:      22608 bytes,    1857024 total
[2023-03-15T05:40:37.103+0000][69][gc,heap     ] GC(284) Eden regions: 2->0(23)
[2023-03-15T05:40:37.103+0000][69][gc,heap     ] GC(284) Survivor regions: 1->1(1)
[2023-03-15T05:40:37.104+0000][69][gc,heap     ] GC(284) Old regions: 25->24
[2023-03-15T05:40:37.104+0000][69][gc,heap     ] GC(284) Archive regions: 2->2
[2023-03-15T05:40:37.105+0000][69][gc,heap     ] GC(284) Humongous regions: 2->2
[2023-03-15T05:40:37.105+0000][69][gc,metaspace] GC(284) Metaspace: 137932K(141312K)->137932K(141312K) NonClass: 120417K(121600K)->120417K(121600K) Class: 17515K(19712K)->17515K(19712K)
[2023-03-15T05:40:37.105+0000][69][gc          ] GC(284) Pause Young (Mixed) (G1 Evacuation Pause) 117M->107M(256M) 24.529ms
[2023-03-15T05:40:37.106+0000][69][gc,cpu      ] GC(284) User=0.02s Sys=0.00s Real=0.03s
[2023-03-15T05:40:37.106+0000][69][safepoint   ] Safepoint "G1CollectForAllocation", Time since last: 2755906722 ns, Reaching safepoint: 175194 ns, At safepoint: 25559080 ns, Total: 25734274 ns
[2023-03-15T05:41:07.114+0000][69][safepoint   ] Safepoint "Cleanup", Time since last: 30031310425 ns, Reaching safepoint: 233772 ns, At safepoint: 36367 ns, Total: 270139 ns
[2023-03-15T05:41:07.199+0000][69][gc,start    ] GC(285) Pause Young (Normal) (G1 Evacuation Pause)
[2023-03-15T05:41:07.200+0000][69][gc,task     ] GC(285) Using 4 workers of 4 for evacuation
[2023-03-15T05:41:07.200+0000][69][gc,age      ] GC(285) Desired survivor size 6291456 bytes, new threshold 15 (max threshold 15)
[2023-03-15T05:41:07.203+0000][69][gc,phases   ] GC(285)   Pre Evacuate Collection Set: 0.1ms
[2023-03-15T05:41:07.204+0000][69][gc,phases   ] GC(285)   Merge Heap Roots: 0.1ms
[2023-03-15T05:41:07.204+0000][69][gc,phases   ] GC(285)   Evacuate Collection Set: 1.7ms
[2023-03-15T05:41:07.205+0000][69][gc,phases   ] GC(285)   Post Evacuate Collection Set: 0.7ms
[2023-03-15T05:41:07.206+0000][69][gc,phases   ] GC(285)   Other: 1.1ms
[2023-03-15T05:41:07.206+0000][69][gc,age      ] GC(285) Age table with threshold 15 (max threshold 15)
[2023-03-15T05:41:07.206+0000][69][gc,age      ] GC(285) - age   1:    1131616 bytes,    1131616 total
[2023-03-15T05:41:07.207+0000][69][gc,age      ] GC(285) - age   2:         64 bytes,    1131680 total
[2023-03-15T05:41:07.207+0000][69][gc,age      ] GC(285) - age   3:     128592 bytes,    1260272 total
[2023-03-15T05:41:07.208+0000][69][gc,age      ] GC(285) - age   4:       3680 bytes,    1263952 total
[2023-03-15T05:41:07.208+0000][69][gc,age      ] GC(285) - age   5:     318440 bytes,    1582392 total
[2023-03-15T05:41:07.208+0000][69][gc,age      ] GC(285) - age   6:      16912 bytes,    1599304 total
[2023-03-15T05:41:07.209+0000][69][gc,age      ] GC(285) - age   7:     128392 bytes,    1727696 total
[2023-03-15T05:41:07.209+0000][69][gc,age      ] GC(285) - age   8:     352824 bytes,    2080520 total
[2023-03-15T05:41:07.210+0000][69][gc,age      ] GC(285) - age   9:       1096 bytes,    2081616 total
[2023-03-15T05:41:07.210+0000][69][gc,age      ] GC(285) - age  10:        552 bytes,    2082168 total
[2023-03-15T05:41:07.210+0000][69][gc,age      ] GC(285) - age  11:       8512 bytes,    2090680 total
[2023-03-15T05:41:07.211+0000][69][gc,age      ] GC(285) - age  12:       1384 bytes,    2092064 total
[2023-03-15T05:41:07.211+0000][69][gc,age      ] GC(285) - age  13:      16880 bytes,    2108944 total
[2023-03-15T05:41:07.212+0000][69][gc,age      ] GC(285) - age  14:       1400 bytes,    2110344 total
[2023-03-15T05:41:07.212+0000][69][gc,age      ] GC(285) - age  15:     160936 bytes,    2271280 total
[2023-03-15T05:41:07.212+0000][69][gc,heap     ] GC(285) Eden regions: 23->0(23)
[2023-03-15T05:41:07.213+0000][69][gc,heap     ] GC(285) Survivor regions: 1->1(3)
[2023-03-15T05:41:07.213+0000][69][gc,heap     ] GC(285) Old regions: 24->24
[2023-03-15T05:41:07.214+0000][69][gc,heap     ] GC(285) Archive regions: 2->2
[2023-03-15T05:41:07.214+0000][69][gc,heap     ] GC(285) Humongous regions: 2->2
[2023-03-15T05:41:07.214+0000][69][gc,metaspace] GC(285) Metaspace: 137932K(141312K)->137932K(141312K) NonClass: 120417K(121600K)->120417K(121600K) Class: 17515K(19712K)->17515K(19712K)
[2023-03-15T05:41:07.215+0000][69][gc          ] GC(285) Pause Young (Normal) (G1 Evacuation Pause) 199M->108M(256M) 15.782ms
[2023-03-15T05:41:07.215+0000][69][gc,cpu      ] GC(285) User=0.00s Sys=0.00s Real=0.01s
[2023-03-15T05:41:07.215+0000][69][safepoint   ] Safepoint "G1CollectForAllocation", Time since last: 84760273 ns, Reaching safepoint: 115342 ns, At safepoint: 16513955 ns, Total: 16629297 ns
[2023-03-15T05:41:37.075+0000][69][gc,start    ] GC(286) Pause Young (Normal) (G1 Evacuation Pause)
[2023-03-15T05:41:37.077+0000][69][gc,task     ] GC(286) Using 4 workers of 4 for evacuation
[2023-03-15T05:41:37.077+0000][69][gc,age      ] GC(286) Desired survivor size 6291456 bytes, new threshold 15 (max threshold 15)
[2023-03-15T05:41:37.083+0000][69][gc,phases   ] GC(286)   Pre Evacuate Collection Set: 0.2ms
[2023-03-15T05:41:37.084+0000][69][gc,phases   ] GC(286)   Merge Heap Roots: 0.1ms
[2023-03-15T05:41:37.084+0000][69][gc,phases   ] GC(286)   Evacuate Collection Set: 2.8ms
[2023-03-15T05:41:37.085+0000][69][gc,phases   ] GC(286)   Post Evacuate Collection Set: 0.9ms
[2023-03-15T05:41:37.086+0000][69][gc,phases   ] GC(286)   Other: 2.1ms
[2023-03-15T05:41:37.087+0000][69][gc,age      ] GC(286) Age table with threshold 15 (max threshold 15)
[2023-03-15T05:41:37.087+0000][69][gc,age      ] GC(286) - age   1:    1317584 bytes,    1317584 total
[2023-03-15T05:41:37.088+0000][69][gc,age      ] GC(286) - age   2:       2160 bytes,    1319744 total
[2023-03-15T05:41:37.089+0000][69][gc,age      ] GC(286) - age   4:     128120 bytes,    1447864 total
[2023-03-15T05:41:37.089+0000][69][gc,age      ] GC(286) - age   5:       3464 bytes,    1451328 total
[2023-03-15T05:41:37.091+0000][69][gc,age      ] GC(286) - age   6:     318440 bytes,    1769768 total
[2023-03-15T05:41:37.093+0000][69][gc,age      ] GC(286) - age   7:      16912 bytes,    1786680 total
[2023-03-15T05:41:37.093+0000][69][gc,age      ] GC(286) - age   8:     128096 bytes,    1914776 total
[2023-03-15T05:41:37.094+0000][69][gc,age      ] GC(286) - age   9:     352696 bytes,    2267472 total
[2023-03-15T05:41:37.094+0000][69][gc,age      ] GC(286) - age  10:       1096 bytes,    2268568 total
[2023-03-15T05:41:37.095+0000][69][gc,age      ] GC(286) - age  11:        552 bytes,    2269120 total
[2023-03-15T05:41:37.096+0000][69][gc,age      ] GC(286) - age  12:       8512 bytes,    2277632 total
[2023-03-15T05:41:37.096+0000][69][gc,age      ] GC(286) - age  13:       1384 bytes,    2279016 total
[2023-03-15T05:41:37.097+0000][69][gc,age      ] GC(286) - age  14:      16880 bytes,    2295896 total
[2023-03-15T05:41:37.097+0000][69][gc,age      ] GC(286) - age  15:       1400 bytes,    2297296 total
[2023-03-15T05:41:37.098+0000][69][gc,heap     ] GC(286) Eden regions: 23->0(23)
[2023-03-15T05:41:37.098+0000][69][gc,heap     ] GC(286) Survivor regions: 1->1(3)
[2023-03-15T05:41:37.099+0000][69][gc,heap     ] GC(286) Old regions: 24->24
[2023-03-15T05:41:37.099+0000][69][gc,heap     ] GC(286) Archive regions: 2->2
[2023-03-15T05:41:37.100+0000][69][gc,heap     ] GC(286) Humongous regions: 2->2
[2023-03-15T05:41:37.100+0000][69][gc,metaspace] GC(286) Metaspace: 137932K(141312K)->137932K(141312K) NonClass: 120417K(121600K)->120417K(121600K) Class: 17515K(19712K)->17515K(19712K)
[2023-03-15T05:41:37.101+0000][69][gc          ] GC(286) Pause Young (Normal) (G1 Evacuation Pause) 200M->108M(256M) 25.514ms
[2023-03-15T05:41:37.101+0000][69][gc,cpu      ] GC(286) User=0.00s Sys=0.00s Real=0.03s
[2023-03-15T05:41:37.102+0000][69][safepoint   ] Safepoint "G1CollectForAllocation", Time since last: 29881466713 ns, Reaching safepoint: 129995 ns, At safepoint: 26521298 ns, Total: 26651293 ns
[2023-03-15T05:41:41.109+0000][69][safepoint   ] Safepoint "Cleanup", Time since last: 4006597405 ns, Reaching safepoint: 493254 ns, At safepoint: 15355 ns, Total: 508609 ns
[2023-03-15T05:42:05.122+0000][69][safepoint   ] Safepoint "Cleanup", Time since last: 24032463823 ns, Reaching safepoint: 956961 ns, At safepoint: 32430 ns, Total: 989391 ns
[2023-03-15T05:42:05.639+0000][69][gc,start    ] GC(287) Pause Young (Concurrent Start) (G1 Evacuation Pause)
[2023-03-15T05:42:05.640+0000][69][gc,task     ] GC(287) Using 4 workers of 4 for evacuation
[2023-03-15T05:42:05.640+0000][69][gc,age      ] GC(287) Desired survivor size 6291456 bytes, new threshold 15 (max threshold 15)
[2023-03-15T05:42:05.646+0000][69][gc,phases   ] GC(287)   Pre Evacuate Collection Set: 0.3ms
[2023-03-15T05:42:05.647+0000][69][gc,phases   ] GC(287)   Merge Heap Roots: 0.1ms
[2023-03-15T05:42:05.648+0000][69][gc,phases   ] GC(287)   Evacuate Collection Set: 3.8ms
[2023-03-15T05:42:05.648+0000][69][gc,phases   ] GC(287)   Post Evacuate Collection Set: 0.9ms
[2023-03-15T05:42:05.649+0000][69][gc,phases   ] GC(287)   Other: 1.8ms
[2023-03-15T05:42:05.649+0000][69][gc,age      ] GC(287) Age table with threshold 15 (max threshold 15)
[2023-03-15T05:42:05.650+0000][69][gc,age      ] GC(287) - age   1:    1621160 bytes,    1621160 total
[2023-03-15T05:42:05.650+0000][69][gc,age      ] GC(287) - age   2:       1760 bytes,    1622920 total
[2023-03-15T05:42:05.651+0000][69][gc,age      ] GC(287) - age   3:        440 bytes,    1623360 total
[2023-03-15T05:42:05.651+0000][69][gc,age      ] GC(287) - age   5:     128120 bytes,    1751480 total
[2023-03-15T05:42:05.654+0000][69][gc,age      ] GC(287) - age   6:       3288 bytes,    1754768 total
[2023-03-15T05:42:05.654+0000][69][gc,age      ] GC(287) - age   7:     318376 bytes,    2073144 total
[2023-03-15T05:42:05.655+0000][69][gc,age      ] GC(287) - age   8:      16912 bytes,    2090056 total
[2023-03-15T05:42:05.656+0000][69][gc,age      ] GC(287) - age   9:     128096 bytes,    2218152 total
[2023-03-15T05:42:05.656+0000][69][gc,age      ] GC(287) - age  10:     352696 bytes,    2570848 total
[2023-03-15T05:42:05.657+0000][69][gc,age      ] GC(287) - age  11:       1096 bytes,    2571944 total
[2023-03-15T05:42:05.657+0000][69][gc,age      ] GC(287) - age  12:        552 bytes,    2572496 total
[2023-03-15T05:42:05.658+0000][69][gc,age      ] GC(287) - age  13:       8512 bytes,    2581008 total
[2023-03-15T05:42:05.658+0000][69][gc,age      ] GC(287) - age  14:       1384 bytes,    2582392 total
[2023-03-15T05:42:05.658+0000][69][gc,age      ] GC(287) - age  15:      16880 bytes,    2599272 total
[2023-03-15T05:42:05.659+0000][69][gc,heap     ] GC(287) Eden regions: 23->0(23)
[2023-03-15T05:42:05.659+0000][69][gc,heap     ] GC(287) Survivor regions: 1->1(3)
[2023-03-15T05:42:05.660+0000][69][gc,heap     ] GC(287) Old regions: 24->24
[2023-03-15T05:42:05.660+0000][69][gc,heap     ] GC(287) Archive regions: 2->2
[2023-03-15T05:42:05.661+0000][69][gc,heap     ] GC(287) Humongous regions: 2->2
[2023-03-15T05:42:05.661+0000][69][gc,metaspace] GC(287) Metaspace: 137934K(141312K)->137934K(141312K) NonClass: 120418K(121600K)->120418K(121600K) Class: 17515K(19712K)->17515K(19712K)
[2023-03-15T05:42:05.661+0000][69][gc          ] GC(287) Pause Young (Concurrent Start) (G1 Evacuation Pause) 200M->108M(256M) 22.697ms
[2023-03-15T05:42:05.662+0000][69][gc          ] GC(288) Concurrent Mark Cycle
[2023-03-15T05:42:05.662+0000][69][gc,marking  ] GC(288) Concurrent Clear Claimed Marks
[2023-03-15T05:42:05.662+0000][69][gc,cpu      ] GC(287) User=0.01s Sys=0.00s Real=0.02s
[2023-03-15T05:42:05.663+0000][69][gc,marking  ] GC(288) Concurrent Clear Claimed Marks 0.707ms
[2023-03-15T05:42:05.664+0000][69][gc,marking  ] GC(288) Concurrent Scan Root Regions
[2023-03-15T05:42:05.663+0000][69][safepoint   ] Safepoint "G1CollectForAllocation", Time since last: 516443548 ns, Reaching safepoint: 166678 ns, At safepoint: 24716192 ns, Total: 24882870 ns
[2023-03-15T05:42:05.667+0000][69][gc,marking  ] GC(288) Concurrent Scan Root Regions 2.965ms
[2023-03-15T05:42:05.667+0000][69][gc,marking  ] GC(288) Concurrent Mark
[2023-03-15T05:42:05.668+0000][69][gc,marking  ] GC(288) Concurrent Mark From Roots
[2023-03-15T05:42:05.668+0000][69][gc,task     ] GC(288) Using 1 workers of 1 for marking
[2023-03-15T05:42:05.776+0000][69][gc,marking  ] GC(288) Concurrent Mark From Roots 107.883ms
[2023-03-15T05:42:05.777+0000][69][gc,marking  ] GC(288) Concurrent Preclean
[2023-03-15T05:42:05.777+0000][69][gc,marking  ] GC(288) Concurrent Preclean 0.650ms
[2023-03-15T05:42:05.778+0000][69][gc,start    ] GC(288) Pause Remark
[2023-03-15T05:42:05.788+0000][69][gc          ] GC(288) Pause Remark 112M->112M(256M) 9.689ms
[2023-03-15T05:42:05.789+0000][69][gc,cpu      ] GC(288) User=0.03s Sys=0.00s Real=0.01s
[2023-03-15T05:42:05.789+0000][69][safepoint   ] Safepoint "G1PauseRemark", Time since last: 114681188 ns, Reaching safepoint: 64425 ns, At safepoint: 11150248 ns, Total: 11214673 ns
[2023-03-15T05:42:05.790+0000][69][gc,marking  ] GC(288) Concurrent Mark 122.402ms
[2023-03-15T05:42:05.790+0000][69][gc,marking  ] GC(288) Concurrent Rebuild Remembered Sets
[2023-03-15T05:42:05.840+0000][69][gc,marking  ] GC(288) Concurrent Rebuild Remembered Sets 49.618ms
[2023-03-15T05:42:05.841+0000][69][gc,start    ] GC(288) Pause Cleanup
[2023-03-15T05:42:05.843+0000][69][gc          ] GC(288) Pause Cleanup 112M->112M(256M) 1.329ms
[2023-03-15T05:42:05.844+0000][69][gc,cpu      ] GC(288) User=0.00s Sys=0.00s Real=0.00s
[2023-03-15T05:42:05.845+0000][69][safepoint   ] Safepoint "G1PauseCleanup", Time since last: 52068809 ns, Reaching safepoint: 129721 ns, At safepoint: 3078096 ns, Total: 3207817 ns
[2023-03-15T05:42:05.845+0000][69][gc,marking  ] GC(288) Concurrent Cleanup for Next Mark
[2023-03-15T05:42:05.846+0000][69][gc,marking  ] GC(288) Concurrent Cleanup for Next Mark 0.669ms
[2023-03-15T05:42:05.846+0000][69][gc          ] GC(288) Concurrent Mark Cycle 184.622ms
[2023-03-15T05:42:40.082+0000][69][gc,start    ] GC(289) Pause Young (Normal) (G1 Evacuation Pause)
[2023-03-15T05:42:40.083+0000][69][gc,task     ] GC(289) Using 4 workers of 4 for evacuation
[2023-03-15T05:42:40.084+0000][69][gc,age      ] GC(289) Desired survivor size 6291456 bytes, new threshold 15 (max threshold 15)
[2023-03-15T05:42:40.088+0000][69][gc,phases   ] GC(289)   Pre Evacuate Collection Set: 0.1ms
[2023-03-15T05:42:40.089+0000][69][gc,phases   ] GC(289)   Merge Heap Roots: 0.2ms
[2023-03-15T05:42:40.090+0000][69][gc,phases   ] GC(289)   Evacuate Collection Set: 2.5ms
[2023-03-15T05:42:40.090+0000][69][gc,phases   ] GC(289)   Post Evacuate Collection Set: 0.8ms
[2023-03-15T05:42:40.091+0000][69][gc,phases   ] GC(289)   Other: 2.2ms
[2023-03-15T05:42:40.091+0000][69][gc,age      ] GC(289) Age table with threshold 15 (max threshold 15)
[2023-03-15T05:42:40.092+0000][69][gc,age      ] GC(289) - age   1:     869888 bytes,     869888 total
[2023-03-15T05:42:40.093+0000][69][gc,age      ] GC(289) - age   2:       3672 bytes,     873560 total
[2023-03-15T05:42:40.093+0000][69][gc,age      ] GC(289) - age   3:        552 bytes,     874112 total
[2023-03-15T05:42:40.094+0000][69][gc,age      ] GC(289) - age   4:        248 bytes,     874360 total
[2023-03-15T05:42:40.094+0000][69][gc,age      ] GC(289) - age   6:       2536 bytes,     876896 total
[2023-03-15T05:42:40.095+0000][69][gc,age      ] GC(289) - age   7:       1976 bytes,     878872 total
[2023-03-15T05:42:40.096+0000][69][gc,age      ] GC(289) - age   8:     318376 bytes,    1197248 total
[2023-03-15T05:42:40.096+0000][69][gc,age      ] GC(289) - age   9:      16912 bytes,    1214160 total
[2023-03-15T05:42:40.097+0000][69][gc,age      ] GC(289) - age  10:     128096 bytes,    1342256 total
[2023-03-15T05:42:40.097+0000][69][gc,age      ] GC(289) - age  11:     352696 bytes,    1694952 total
[2023-03-15T05:42:40.098+0000][69][gc,age      ] GC(289) - age  12:       1096 bytes,    1696048 total
[2023-03-15T05:42:40.098+0000][69][gc,age      ] GC(289) - age  13:        552 bytes,    1696600 total
[2023-03-15T05:42:40.098+0000][69][gc,age      ] GC(289) - age  14:       8512 bytes,    1705112 total
[2023-03-15T05:42:40.099+0000][69][gc,age      ] GC(289) - age  15:       1384 bytes,    1706496 total
[2023-03-15T05:42:40.100+0000][69][gc,heap     ] GC(289) Eden regions: 23->0(23)
[2023-03-15T05:42:40.100+0000][69][gc,heap     ] GC(289) Survivor regions: 1->1(3)
[2023-03-15T05:42:40.101+0000][69][gc,heap     ] GC(289) Old regions: 24->24
[2023-03-15T05:42:40.101+0000][69][gc,heap     ] GC(289) Archive regions: 2->2
[2023-03-15T05:42:40.101+0000][69][gc,heap     ] GC(289) Humongous regions: 2->2
[2023-03-15T05:42:40.102+0000][69][gc,metaspace] GC(289) Metaspace: 137934K(141312K)->137934K(141312K) NonClass: 120418K(121600K)->120418K(121600K) Class: 17515K(19712K)->17515K(19712K)
[2023-03-15T05:42:40.103+0000][69][gc          ] GC(289) Pause Young (Normal) (G1 Evacuation Pause) 200M->108M(256M) 20.864ms
[2023-03-15T05:42:40.103+0000][69][gc,cpu      ] GC(289) User=0.01s Sys=0.01s Real=0.02s
[2023-03-15T05:42:40.103+0000][69][safepoint   ] Safepoint "G1CollectForAllocation", Time since last: 34259038825 ns, Reaching safepoint: 138441 ns, At safepoint: 21768303 ns, Total: 21906744 ns
[2023-03-15T05:43:05.123+0000][69][safepoint   ] Safepoint "Cleanup", Time since last: 25040683368 ns, Reaching safepoint: 588041 ns, At safepoint: 12268 ns, Total: 600309 ns
[2023-03-15T05:43:10.279+0000][69][gc,start    ] GC(290) Pause Young (Concurrent Start) (G1 Evacuation Pause)
[2023-03-15T05:43:10.279+0000][69][gc,task     ] GC(290) Using 4 workers of 4 for evacuation
[2023-03-15T05:43:10.280+0000][69][gc,age      ] GC(290) Desired survivor size 6291456 bytes, new threshold 15 (max threshold 15)
[2023-03-15T05:43:10.283+0000][69][gc,phases   ] GC(290)   Pre Evacuate Collection Set: 0.4ms
[2023-03-15T05:43:10.284+0000][69][gc,phases   ] GC(290)   Merge Heap Roots: 0.1ms
[2023-03-15T05:43:10.284+0000][69][gc,phases   ] GC(290)   Evacuate Collection Set: 1.6ms
[2023-03-15T05:43:10.285+0000][69][gc,phases   ] GC(290)   Post Evacuate Collection Set: 0.8ms
[2023-03-15T05:43:10.285+0000][69][gc,phases   ] GC(290)   Other: 1.0ms
[2023-03-15T05:43:10.286+0000][69][gc,age      ] GC(290) Age table with threshold 15 (max threshold 15)
[2023-03-15T05:43:10.286+0000][69][gc,age      ] GC(290) - age   1:     965896 bytes,     965896 total
[2023-03-15T05:43:10.287+0000][69][gc,age      ] GC(290) - age   2:     132448 bytes,    1098344 total
[2023-03-15T05:43:10.287+0000][69][gc,age      ] GC(290) - age   3:       1296 bytes,    1099640 total
[2023-03-15T05:43:10.288+0000][69][gc,age      ] GC(290) - age   4:        296 bytes,    1099936 total
[2023-03-15T05:43:10.288+0000][69][gc,age      ] GC(290) - age   7:       2472 bytes,    1102408 total
[2023-03-15T05:43:10.288+0000][69][gc,age      ] GC(290) - age   8:       1976 bytes,    1104384 total
[2023-03-15T05:43:10.289+0000][69][gc,age      ] GC(290) - age   9:     318376 bytes,    1422760 total
[2023-03-15T05:43:10.289+0000][69][gc,age      ] GC(290) - age  10:      16912 bytes,    1439672 total
[2023-03-15T05:43:10.290+0000][69][gc,age      ] GC(290) - age  11:     128096 bytes,    1567768 total
[2023-03-15T05:43:10.290+0000][69][gc,age      ] GC(290) - age  12:     352616 bytes,    1920384 total
[2023-03-15T05:43:10.291+0000][69][gc,age      ] GC(290) - age  13:        920 bytes,    1921304 total
[2023-03-15T05:43:10.291+0000][69][gc,age      ] GC(290) - age  14:        552 bytes,    1921856 total
[2023-03-15T05:43:10.291+0000][69][gc,age      ] GC(290) - age  15:       8512 bytes,    1930368 total
[2023-03-15T05:43:10.292+0000][69][gc,heap     ] GC(290) Eden regions: 23->0(24)
[2023-03-15T05:43:10.292+0000][69][gc,heap     ] GC(290) Survivor regions: 1->1(3)
[2023-03-15T05:43:10.293+0000][69][gc,heap     ] GC(290) Old regions: 24->24
[2023-03-15T05:43:10.293+0000][69][gc,heap     ] GC(290) Archive regions: 2->2
[2023-03-15T05:43:10.293+0000][69][gc,heap     ] GC(290) Humongous regions: 2->2
[2023-03-15T05:43:10.294+0000][69][gc,metaspace] GC(290) Metaspace: 137942K(141312K)->137942K(141312K) NonClass: 120426K(121600K)->120426K(121600K) Class: 17515K(19712K)->17515K(19712K)
[2023-03-15T05:43:10.294+0000][69][gc          ] GC(290) Pause Young (Concurrent Start) (G1 Evacuation Pause) 200M->108M(256M) 15.359ms
[2023-03-15T05:43:10.295+0000][69][gc,cpu      ] GC(290) User=0.01s Sys=0.00s Real=0.02s
[2023-03-15T05:43:10.295+0000][69][gc          ] GC(291) Concurrent Mark Cycle
[2023-03-15T05:43:10.296+0000][69][gc,marking  ] GC(291) Concurrent Clear Claimed Marks
[2023-03-15T05:43:10.295+0000][69][safepoint   ] Safepoint "G1CollectForAllocation", Time since last: 5155487239 ns, Reaching safepoint: 95026 ns, At safepoint: 16314899 ns, Total: 16409925 ns
[2023-03-15T05:43:10.296+0000][69][gc,marking  ] GC(291) Concurrent Clear Claimed Marks 0.768ms
[2023-03-15T05:43:10.297+0000][69][gc,marking  ] GC(291) Concurrent Scan Root Regions
[2023-03-15T05:43:10.301+0000][69][gc,marking  ] GC(291) Concurrent Scan Root Regions 3.239ms
[2023-03-15T05:43:10.301+0000][69][gc,marking  ] GC(291) Concurrent Mark
[2023-03-15T05:43:10.302+0000][69][gc,marking  ] GC(291) Concurrent Mark From Roots
[2023-03-15T05:43:10.303+0000][69][gc,task     ] GC(291) Using 1 workers of 1 for marking
[2023-03-15T05:43:10.411+0000][69][gc,marking  ] GC(291) Concurrent Mark From Roots 109.246ms
[2023-03-15T05:43:10.413+0000][69][gc,marking  ] GC(291) Concurrent Preclean
[2023-03-15T05:43:10.413+0000][69][gc,marking  ] GC(291) Concurrent Preclean 0.980ms
[2023-03-15T05:43:10.414+0000][69][gc,start    ] GC(291) Pause Remark
[2023-03-15T05:43:10.423+0000][69][gc          ] GC(291) Pause Remark 113M->113M(256M) 8.380ms
[2023-03-15T05:43:10.424+0000][69][gc,cpu      ] GC(291) User=0.03s Sys=0.00s Real=0.01s
[2023-03-15T05:43:10.424+0000][69][safepoint   ] Safepoint "G1PauseRemark", Time since last: 119000209 ns, Reaching safepoint: 92497 ns, At safepoint: 9819567 ns, Total: 9912064 ns
[2023-03-15T05:43:10.425+0000][69][gc,marking  ] GC(291) Concurrent Mark 123.258ms
[2023-03-15T05:43:10.425+0000][69][gc,marking  ] GC(291) Concurrent Rebuild Remembered Sets
[2023-03-15T05:43:10.478+0000][69][gc,marking  ] GC(291) Concurrent Rebuild Remembered Sets 52.715ms
[2023-03-15T05:43:10.479+0000][69][gc,start    ] GC(291) Pause Cleanup
[2023-03-15T05:43:10.481+0000][69][gc          ] GC(291) Pause Cleanup 114M->114M(256M) 1.626ms
[2023-03-15T05:43:10.481+0000][69][gc,cpu      ] GC(291) User=0.00s Sys=0.00s Real=0.00s
[2023-03-15T05:43:10.482+0000][69][safepoint   ] Safepoint "G1PauseCleanup", Time since last: 54886451 ns, Reaching safepoint: 67809 ns, At safepoint: 2656152 ns, Total: 2723961 ns
[2023-03-15T05:43:10.482+0000][69][gc,marking  ] GC(291) Concurrent Cleanup for Next Mark
[2023-03-15T05:43:10.483+0000][69][gc,marking  ] GC(291) Concurrent Cleanup for Next Mark 0.770ms
[2023-03-15T05:43:10.483+0000][69][gc          ] GC(291) Concurrent Mark Cycle 188.699ms
[2023-03-15T05:43:13.485+0000][69][safepoint   ] Safepoint "Cleanup", Time since last: 3002934108 ns, Reaching safepoint: 294591 ns, At safepoint: 7926 ns, Total: 302517 ns
[2023-03-15T05:43:35.938+0000][69][gc,start    ] GC(292) Pause Young (Normal) (G1 Evacuation Pause)
[2023-03-15T05:43:35.938+0000][69][gc,task     ] GC(292) Using 4 workers of 4 for evacuation
[2023-03-15T05:43:35.939+0000][69][gc,age      ] GC(292) Desired survivor size 8388608 bytes, new threshold 15 (max threshold 15)
[2023-03-15T05:43:35.942+0000][69][gc,phases   ] GC(292)   Pre Evacuate Collection Set: 0.1ms
[2023-03-15T05:43:35.942+0000][69][gc,phases   ] GC(292)   Merge Heap Roots: 0.1ms
[2023-03-15T05:43:35.943+0000][69][gc,phases   ] GC(292)   Evacuate Collection Set: 1.6ms
[2023-03-15T05:43:35.943+0000][69][gc,phases   ] GC(292)   Post Evacuate Collection Set: 0.5ms
[2023-03-15T05:43:35.944+0000][69][gc,phases   ] GC(292)   Other: 1.0ms
[2023-03-15T05:43:35.944+0000][69][gc,age      ] GC(292) Age table with threshold 15 (max threshold 15)
[2023-03-15T05:43:35.944+0000][69][gc,age      ] GC(292) - age   1:    1630080 bytes,    1630080 total
[2023-03-15T05:43:35.945+0000][69][gc,age      ] GC(292) - age   2:     137232 bytes,    1767312 total
[2023-03-15T05:43:35.946+0000][69][gc,age      ] GC(292) - age   3:       1216 bytes,    1768528 total
[2023-03-15T05:43:35.946+0000][69][gc,age      ] GC(292) - age   4:        976 bytes,    1769504 total
[2023-03-15T05:43:35.946+0000][69][gc,age      ] GC(292) - age   5:        296 bytes,    1769800 total
[2023-03-15T05:43:35.947+0000][69][gc,age      ] GC(292) - age   8:       2176 bytes,    1771976 total
[2023-03-15T05:43:35.947+0000][69][gc,age      ] GC(292) - age   9:       1976 bytes,    1773952 total
[2023-03-15T05:43:35.948+0000][69][gc,age      ] GC(292) - age  10:     318344 bytes,    2092296 total
[2023-03-15T05:43:35.948+0000][69][gc,age      ] GC(292) - age  11:       8896 bytes,    2101192 total
[2023-03-15T05:43:35.949+0000][69][gc,age      ] GC(292) - age  12:     128096 bytes,    2229288 total
[2023-03-15T05:43:35.949+0000][69][gc,age      ] GC(292) - age  13:     352616 bytes,    2581904 total
[2023-03-15T05:43:35.949+0000][69][gc,age      ] GC(292) - age  14:        920 bytes,    2582824 total
[2023-03-15T05:43:35.950+0000][69][gc,age      ] GC(292) - age  15:        552 bytes,    2583376 total
[2023-03-15T05:43:35.950+0000][69][gc,heap     ] GC(292) Eden regions: 24->0(23)
[2023-03-15T05:43:35.951+0000][69][gc,heap     ] GC(292) Survivor regions: 1->1(4)
[2023-03-15T05:43:35.951+0000][69][gc,heap     ] GC(292) Old regions: 24->24
[2023-03-15T05:43:35.952+0000][69][gc,heap     ] GC(292) Archive regions: 2->2
[2023-03-15T05:43:35.952+0000][69][gc,heap     ] GC(292) Humongous regions: 2->2
[2023-03-15T05:43:35.953+0000][69][gc,metaspace] GC(292) Metaspace: 137949K(141312K)->137949K(141312K) NonClass: 120433K(121600K)->120433K(121600K) Class: 17515K(19712K)->17515K(19712K)
[2023-03-15T05:43:35.953+0000][69][gc          ] GC(292) Pause Young (Normal) (G1 Evacuation Pause) 204M->109M(256M) 15.659ms
[2023-03-15T05:43:35.954+0000][69][gc,cpu      ] GC(292) User=0.00s Sys=0.01s Real=0.02s
[2023-03-15T05:43:35.954+0000][69][safepoint   ] Safepoint "G1CollectForAllocation", Time since last: 22473571907 ns, Reaching safepoint: 91021 ns, At safepoint: 16614328 ns, Total: 16705349 ns
[2023-03-15T05:44:04.996+0000][69][safepoint   ] Safepoint "Cleanup", Time since last: 29061866477 ns, Reaching safepoint: 985723 ns, At safepoint: 221760 ns, Total: 1207483 ns
[2023-03-15T05:44:10.145+0000][69][gc,start    ] GC(293) Pause Young (Concurrent Start) (G1 Evacuation Pause)
[2023-03-15T05:44:10.145+0000][69][gc,task     ] GC(293) Using 4 workers of 4 for evacuation
[2023-03-15T05:44:10.146+0000][69][gc,age      ] GC(293) Desired survivor size 6291456 bytes, new threshold 15 (max threshold 15)
[2023-03-15T05:44:10.150+0000][69][gc,phases   ] GC(293)   Pre Evacuate Collection Set: 0.4ms
[2023-03-15T05:44:10.151+0000][69][gc,phases   ] GC(293)   Merge Heap Roots: 0.1ms
[2023-03-15T05:44:10.152+0000][69][gc,phases   ] GC(293)   Evacuate Collection Set: 2.0ms
[2023-03-15T05:44:10.153+0000][69][gc,phases   ] GC(293)   Post Evacuate Collection Set: 1.4ms
[2023-03-15T05:44:10.153+0000][69][gc,phases   ] GC(293)   Other: 1.2ms
[2023-03-15T05:44:10.154+0000][69][gc,age      ] GC(293) Age table with threshold 15 (max threshold 15)
[2023-03-15T05:44:10.155+0000][69][gc,age      ] GC(293) - age   1:    1046056 bytes,    1046056 total
[2023-03-15T05:44:10.155+0000][69][gc,age      ] GC(293) - age   2:      18632 bytes,    1064688 total
[2023-03-15T05:44:10.156+0000][69][gc,age      ] GC(293) - age   3:       1288 bytes,    1065976 total
[2023-03-15T05:44:10.156+0000][69][gc,age      ] GC(293) - age   4:       1088 bytes,    1067064 total
[2023-03-15T05:44:10.157+0000][69][gc,age      ] GC(293) - age   5:        616 bytes,    1067680 total
[2023-03-15T05:44:10.157+0000][69][gc,age      ] GC(293) - age   6:        296 bytes,    1067976 total
[2023-03-15T05:44:10.157+0000][69][gc,age      ] GC(293) - age   9:       2144 bytes,    1070120 total
[2023-03-15T05:44:10.158+0000][69][gc,age      ] GC(293) - age  10:       1976 bytes,    1072096 total
[2023-03-15T05:44:10.158+0000][69][gc,age      ] GC(293) - age  11:     318344 bytes,    1390440 total
[2023-03-15T05:44:10.158+0000][69][gc,age      ] GC(293) - age  12:       8896 bytes,    1399336 total
[2023-03-15T05:44:10.159+0000][69][gc,age      ] GC(293) - age  13:     128096 bytes,    1527432 total
[2023-03-15T05:44:10.159+0000][69][gc,age      ] GC(293) - age  14:     352616 bytes,    1880048 total
[2023-03-15T05:44:10.159+0000][69][gc,age      ] GC(293) - age  15:        920 bytes,    1880968 total
[2023-03-15T05:44:10.160+0000][69][gc,heap     ] GC(293) Eden regions: 23->0(23)
[2023-03-15T05:44:10.160+0000][69][gc,heap     ] GC(293) Survivor regions: 1->1(3)
[2023-03-15T05:44:10.160+0000][69][gc,heap     ] GC(293) Old regions: 24->24
[2023-03-15T05:44:10.161+0000][69][gc,heap     ] GC(293) Archive regions: 2->2
[2023-03-15T05:44:10.161+0000][69][gc,heap     ] GC(293) Humongous regions: 2->2
[2023-03-15T05:44:10.162+0000][69][gc,metaspace] GC(293) Metaspace: 137949K(141312K)->137949K(141312K) NonClass: 120433K(121600K)->120433K(121600K) Class: 17515K(19712K)->17515K(19712K)
[2023-03-15T05:44:10.162+0000][69][gc          ] GC(293) Pause Young (Concurrent Start) (G1 Evacuation Pause) 201M->108M(256M) 17.359ms
[2023-03-15T05:44:10.162+0000][69][gc,cpu      ] GC(293) User=0.01s Sys=0.01s Real=0.02s
[2023-03-15T05:44:10.163+0000][69][safepoint   ] Safepoint "G1CollectForAllocation", Time since last: 5148253019 ns, Reaching safepoint: 116750 ns, At safepoint: 18233103 ns, Total: 18349853 ns
[2023-03-15T05:44:10.162+0000][69][gc          ] GC(294) Concurrent Mark Cycle
[2023-03-15T05:44:10.163+0000][69][gc,marking  ] GC(294) Concurrent Clear Claimed Marks
[2023-03-15T05:44:10.164+0000][69][gc,marking  ] GC(294) Concurrent Clear Claimed Marks 0.614ms
[2023-03-15T05:44:10.165+0000][69][gc,marking  ] GC(294) Concurrent Scan Root Regions
[2023-03-15T05:44:10.171+0000][69][gc,marking  ] GC(294) Concurrent Scan Root Regions 6.351ms
[2023-03-15T05:44:10.171+0000][69][gc,marking  ] GC(294) Concurrent Mark
[2023-03-15T05:44:10.172+0000][69][gc,marking  ] GC(294) Concurrent Mark From Roots
[2023-03-15T05:44:10.172+0000][69][gc,task     ] GC(294) Using 1 workers of 1 for marking
[2023-03-15T05:44:10.284+0000][69][gc,marking  ] GC(294) Concurrent Mark From Roots 112.120ms
[2023-03-15T05:44:10.285+0000][69][gc,marking  ] GC(294) Concurrent Preclean
[2023-03-15T05:44:10.286+0000][69][gc,marking  ] GC(294) Concurrent Preclean 0.918ms
[2023-03-15T05:44:10.287+0000][69][gc,start    ] GC(294) Pause Remark
[2023-03-15T05:44:10.296+0000][69][gc          ] GC(294) Pause Remark 110M->110M(256M) 8.528ms
[2023-03-15T05:44:10.296+0000][69][gc,cpu      ] GC(294) User=0.02s Sys=0.01s Real=0.01s
[2023-03-15T05:44:10.297+0000][69][safepoint   ] Safepoint "G1PauseRemark", Time since last: 124137642 ns, Reaching safepoint: 74046 ns, At safepoint: 9709544 ns, Total: 9783590 ns
[2023-03-15T05:44:10.297+0000][69][gc,marking  ] GC(294) Concurrent Mark 125.960ms
[2023-03-15T05:44:10.298+0000][69][gc,marking  ] GC(294) Concurrent Rebuild Remembered Sets
[2023-03-15T05:44:10.353+0000][69][gc,marking  ] GC(294) Concurrent Rebuild Remembered Sets 55.558ms
[2023-03-15T05:44:10.355+0000][69][gc,start    ] GC(294) Pause Cleanup
[2023-03-15T05:44:10.356+0000][69][gc          ] GC(294) Pause Cleanup 114M->114M(256M) 0.844ms
[2023-03-15T05:44:10.357+0000][69][gc,cpu      ] GC(294) User=0.00s Sys=0.00s Real=0.00s
[2023-03-15T05:44:10.357+0000][69][safepoint   ] Safepoint "G1PauseCleanup", Time since last: 58225991 ns, Reaching safepoint: 500745 ns, At safepoint: 1818263 ns, Total: 2319008 ns
[2023-03-15T05:44:10.358+0000][69][gc,marking  ] GC(294) Concurrent Cleanup for Next Mark
[2023-03-15T05:44:10.358+0000][69][gc,marking  ] GC(294) Concurrent Cleanup for Next Mark 0.614ms
[2023-03-15T05:44:10.359+0000][69][gc          ] GC(294) Concurrent Mark Cycle 196.420ms
[2023-03-15T05:44:22.360+0000][69][safepoint   ] Safepoint "Cleanup", Time since last: 12024302285 ns, Reaching safepoint: 464820 ns, At safepoint: 11020 ns, Total: 475840 ns
[2023-03-15T05:44:23.362+0000][69][safepoint   ] Safepoint "Cleanup", Time since last: 1002318117 ns, Reaching safepoint: 93575 ns, At safepoint: 4541 ns, Total: 98116 ns
[2023-03-15T05:44:24.363+0000][69][safepoint   ] Safepoint "Cleanup", Time since last: 1000613347 ns, Reaching safepoint: 320975 ns, At safepoint: 18476 ns, Total: 339451 ns
[2023-03-15T05:44:25.367+0000][69][safepoint   ] Safepoint "Cleanup", Time since last: 1003328743 ns, Reaching safepoint: 491411 ns, At safepoint: 69054 ns, Total: 560465 ns
[2023-03-15T05:44:28.374+0000][69][safepoint   ] Safepoint "Cleanup", Time since last: 3005598100 ns, Reaching safepoint: 669779 ns, At safepoint: 34746 ns, Total: 704525 ns
[2023-03-15T05:44:37.056+0000][69][gc,start    ] GC(295) Pause Young (Normal) (G1 Evacuation Pause)
[2023-03-15T05:44:37.058+0000][69][gc,task     ] GC(295) Using 4 workers of 4 for evacuation
[2023-03-15T05:44:37.062+0000][69][gc,age      ] GC(295) Desired survivor size 6291456 bytes, new threshold 15 (max threshold 15)
[2023-03-15T05:44:37.068+0000][69][gc,phases   ] GC(295)   Pre Evacuate Collection Set: 0.2ms
[2023-03-15T05:44:37.069+0000][69][gc,phases   ] GC(295)   Merge Heap Roots: 0.2ms
[2023-03-15T05:44:37.070+0000][69][gc,phases   ] GC(295)   Evacuate Collection Set: 3.4ms
[2023-03-15T05:44:37.071+0000][69][gc,phases   ] GC(295)   Post Evacuate Collection Set: 1.5ms
[2023-03-15T05:44:37.071+0000][69][gc,phases   ] GC(295)   Other: 4.7ms
[2023-03-15T05:44:37.072+0000][69][gc,age      ] GC(295) Age table with threshold 15 (max threshold 15)
[2023-03-15T05:44:37.073+0000][69][gc,age      ] GC(295) - age   1:    1272056 bytes,    1272056 total
[2023-03-15T05:44:37.073+0000][69][gc,age      ] GC(295) - age   2:     116776 bytes,    1388832 total
[2023-03-15T05:44:37.074+0000][69][gc,age      ] GC(295) - age   3:      17768 bytes,    1406600 total
[2023-03-15T05:44:37.075+0000][69][gc,age      ] GC(295) - age   4:        688 bytes,    1407288 total
[2023-03-15T05:44:37.076+0000][69][gc,age      ] GC(295) - age   5:        696 bytes,    1407984 total
[2023-03-15T05:44:37.076+0000][69][gc,age      ] GC(295) - age   6:        296 bytes,    1408280 total
[2023-03-15T05:44:37.077+0000][69][gc,age      ] GC(295) - age  10:        848 bytes,    1409128 total
[2023-03-15T05:44:37.078+0000][69][gc,age      ] GC(295) - age  11:       1976 bytes,    1411104 total
[2023-03-15T05:44:37.079+0000][69][gc,age      ] GC(295) - age  12:       4576 bytes,    1415680 total
[2023-03-15T05:44:37.079+0000][69][gc,age      ] GC(295) - age  13:        464 bytes,    1416144 total
[2023-03-15T05:44:37.080+0000][69][gc,age      ] GC(295) - age  14:      56792 bytes,    1472936 total
[2023-03-15T05:44:37.080+0000][69][gc,age      ] GC(295) - age  15:     329976 bytes,    1802912 total
[2023-03-15T05:44:37.081+0000][69][gc,heap     ] GC(295) Eden regions: 23->0(23)
[2023-03-15T05:44:37.081+0000][69][gc,heap     ] GC(295) Survivor regions: 1->1(3)
[2023-03-15T05:44:37.082+0000][69][gc,heap     ] GC(295) Old regions: 24->24
[2023-03-15T05:44:37.082+0000][69][gc,heap     ] GC(295) Archive regions: 2->2
[2023-03-15T05:44:37.083+0000][69][gc,heap     ] GC(295) Humongous regions: 2->2
[2023-03-15T05:44:37.083+0000][69][gc,metaspace] GC(295) Metaspace: 137955K(141312K)->137955K(141312K) NonClass: 120439K(121600K)->120439K(121600K) Class: 17515K(19712K)->17515K(19712K)
[2023-03-15T05:44:37.084+0000][69][gc          ] GC(295) Pause Young (Normal) (G1 Evacuation Pause) 200M->108M(256M) 27.792ms
[2023-03-15T05:44:37.084+0000][69][gc,cpu      ] GC(295) User=0.01s Sys=0.01s Real=0.03s
[2023-03-15T05:44:37.085+0000][69][safepoint   ] Safepoint "G1CollectForAllocation", Time since last: 8681890061 ns, Reaching safepoint: 504775 ns, At safepoint: 29099611 ns, Total: 29604386 ns
[2023-03-15T05:44:47.083+0000][69][safepoint   ] Safepoint "Cleanup", Time since last: 10018154208 ns, Reaching safepoint: 970142 ns, At safepoint: 105922 ns, Total: 1076064 ns
[2023-03-15T05:44:58.104+0000][69][safepoint   ] Safepoint "Cleanup", Time since last: 11020793527 ns, Reaching safepoint: 111333 ns, At safepoint: 4125 ns, Total: 115458 ns
[2023-03-15T05:44:59.106+0000][69][safepoint   ] Safepoint "Cleanup", Time since last: 1001648566 ns, Reaching safepoint: 464206 ns, At safepoint: 49132 ns, Total: 513338 ns
[2023-03-15T05:45:10.055+0000][69][gc,start    ] GC(296) Pause Young (Concurrent Start) (G1 Evacuation Pause)
[2023-03-15T05:45:10.056+0000][69][gc,task     ] GC(296) Using 4 workers of 4 for evacuation
[2023-03-15T05:45:10.058+0000][69][gc,age      ] GC(296) Desired survivor size 6291456 bytes, new threshold 15 (max threshold 15)
[2023-03-15T05:45:10.066+0000][69][gc,phases   ] GC(296)   Pre Evacuate Collection Set: 1.0ms
[2023-03-15T05:45:10.067+0000][69][gc,phases   ] GC(296)   Merge Heap Roots: 0.4ms
[2023-03-15T05:45:10.068+0000][69][gc,phases   ] GC(296)   Evacuate Collection Set: 2.9ms
[2023-03-15T05:45:10.069+0000][69][gc,phases   ] GC(296)   Post Evacuate Collection Set: 1.5ms
[2023-03-15T05:45:10.070+0000][69][gc,phases   ] GC(296)   Other: 3.5ms
[2023-03-15T05:45:10.070+0000][69][gc,age      ] GC(296) Age table with threshold 15 (max threshold 15)
[2023-03-15T05:45:10.071+0000][69][gc,age      ] GC(296) - age   1:    1234608 bytes,    1234608 total
[2023-03-15T05:45:10.072+0000][69][gc,age      ] GC(296) - age   2:     459792 bytes,    1694400 total
[2023-03-15T05:45:10.073+0000][69][gc,age      ] GC(296) - age   3:       2032 bytes,    1696432 total
[2023-03-15T05:45:10.073+0000][69][gc,age      ] GC(296) - age   4:      16752 bytes,    1713184 total
[2023-03-15T05:45:10.074+0000][69][gc,age      ] GC(296) - age   5:        688 bytes,    1713872 total
[2023-03-15T05:45:10.075+0000][69][gc,age      ] GC(296) - age   6:        696 bytes,    1714568 total
[2023-03-15T05:45:10.076+0000][69][gc,age      ] GC(296) - age   7:        296 bytes,    1714864 total
[2023-03-15T05:45:10.076+0000][69][gc,age      ] GC(296) - age  11:        848 bytes,    1715712 total
[2023-03-15T05:45:10.077+0000][69][gc,age      ] GC(296) - age  12:       1976 bytes,    1717688 total
[2023-03-15T05:45:10.077+0000][69][gc,age      ] GC(296) - age  13:       4448 bytes,    1722136 total
[2023-03-15T05:45:10.078+0000][69][gc,age      ] GC(296) - age  14:        464 bytes,    1722600 total
[2023-03-15T05:45:10.079+0000][69][gc,age      ] GC(296) - age  15:      56792 bytes,    1779392 total
[2023-03-15T05:45:10.080+0000][69][gc,heap     ] GC(296) Eden regions: 23->0(24)
[2023-03-15T05:45:10.081+0000][69][gc,heap     ] GC(296) Survivor regions: 1->1(3)
[2023-03-15T05:45:10.082+0000][69][gc,heap     ] GC(296) Old regions: 24->24
[2023-03-15T05:45:10.082+0000][69][gc,heap     ] GC(296) Archive regions: 2->2
[2023-03-15T05:45:10.083+0000][69][gc,heap     ] GC(296) Humongous regions: 2->2
[2023-03-15T05:45:10.083+0000][69][gc,metaspace] GC(296) Metaspace: 137961K(141312K)->137961K(141312K) NonClass: 120445K(121600K)->120445K(121600K) Class: 17516K(19712K)->17516K(19712K)
[2023-03-15T05:45:10.084+0000][69][gc          ] GC(296) Pause Young (Concurrent Start) (G1 Evacuation Pause) 200M->108M(256M) 29.034ms
[2023-03-15T05:45:10.085+0000][69][gc,cpu      ] GC(296) User=0.02s Sys=0.01s Real=0.03s
[2023-03-15T05:45:10.085+0000][69][gc          ] GC(297) Concurrent Mark Cycle
[2023-03-15T05:45:10.086+0000][69][gc,marking  ] GC(297) Concurrent Clear Claimed Marks
[2023-03-15T05:45:10.085+0000][69][safepoint   ] Safepoint "G1CollectForAllocation", Time since last: 10948273831 ns, Reaching safepoint: 372121 ns, At safepoint: 30443039 ns, Total: 30815160 ns
[2023-03-15T05:45:10.086+0000][69][gc,marking  ] GC(297) Concurrent Clear Claimed Marks 0.853ms
[2023-03-15T05:45:10.088+0000][69][gc,marking  ] GC(297) Concurrent Scan Root Regions
[2023-03-15T05:45:10.091+0000][69][gc,marking  ] GC(297) Concurrent Scan Root Regions 3.150ms
[2023-03-15T05:45:10.092+0000][69][gc,marking  ] GC(297) Concurrent Mark
[2023-03-15T05:45:10.092+0000][69][gc,marking  ] GC(297) Concurrent Mark From Roots
[2023-03-15T05:45:10.093+0000][69][gc,task     ] GC(297) Using 1 workers of 1 for marking
[2023-03-15T05:45:10.240+0000][69][gc,marking  ] GC(297) Concurrent Mark From Roots 147.076ms
[2023-03-15T05:45:10.240+0000][69][gc,marking  ] GC(297) Concurrent Preclean
[2023-03-15T05:45:10.241+0000][69][gc,marking  ] GC(297) Concurrent Preclean 0.835ms
[2023-03-15T05:45:10.242+0000][69][gc,start    ] GC(297) Pause Remark
[2023-03-15T05:45:10.250+0000][69][gc          ] GC(297) Pause Remark 112M->112M(256M) 8.479ms
[2023-03-15T05:45:10.251+0000][69][gc,cpu      ] GC(297) User=0.03s Sys=0.00s Real=0.01s
[2023-03-15T05:45:10.252+0000][69][safepoint   ] Safepoint "G1PauseRemark", Time since last: 156467065 ns, Reaching safepoint: 97442 ns, At safepoint: 9843565 ns, Total: 9941007 ns
[2023-03-15T05:45:10.252+0000][69][gc,marking  ] GC(297) Concurrent Mark 160.281ms
[2023-03-15T05:45:10.253+0000][69][gc,marking  ] GC(297) Concurrent Rebuild Remembered Sets
[2023-03-15T05:45:10.316+0000][69][gc,marking  ] GC(297) Concurrent Rebuild Remembered Sets 62.894ms
[2023-03-15T05:45:10.316+0000][69][gc,start    ] GC(297) Pause Cleanup
[2023-03-15T05:45:10.317+0000][69][gc          ] GC(297) Pause Cleanup 113M->113M(256M) 0.597ms
[2023-03-15T05:45:10.317+0000][69][gc,cpu      ] GC(297) User=0.00s Sys=0.00s Real=0.00s
[2023-03-15T05:45:10.318+0000][69][safepoint   ] Safepoint "G1PauseCleanup", Time since last: 64604181 ns, Reaching safepoint: 147966 ns, At safepoint: 1560038 ns, Total: 1708004 ns
[2023-03-15T05:45:10.318+0000][69][gc,marking  ] GC(297) Concurrent Cleanup for Next Mark
[2023-03-15T05:45:10.319+0000][69][gc,marking  ] GC(297) Concurrent Cleanup for Next Mark 0.912ms
[2023-03-15T05:45:10.320+0000][69][gc          ] GC(297) Concurrent Mark Cycle 235.276ms
[2023-03-15T05:45:34.367+0000][69][gc,start    ] GC(298) Pause Young (Normal) (G1 Evacuation Pause)
[2023-03-15T05:45:34.368+0000][69][gc,task     ] GC(298) Using 4 workers of 4 for evacuation
[2023-03-15T05:45:34.369+0000][69][gc,age      ] GC(298) Desired survivor size 8388608 bytes, new threshold 15 (max threshold 15)
[2023-03-15T05:45:34.373+0000][69][gc,phases   ] GC(298)   Pre Evacuate Collection Set: 0.1ms
[2023-03-15T05:45:34.373+0000][69][gc,phases   ] GC(298)   Merge Heap Roots: 0.1ms
[2023-03-15T05:45:34.374+0000][69][gc,phases   ] GC(298)   Evacuate Collection Set: 1.8ms
[2023-03-15T05:45:34.375+0000][69][gc,phases   ] GC(298)   Post Evacuate Collection Set: 0.9ms
[2023-03-15T05:45:34.376+0000][69][gc,phases   ] GC(298)   Other: 1.5ms
[2023-03-15T05:45:34.376+0000][69][gc,age      ] GC(298) Age table with threshold 15 (max threshold 15)
[2023-03-15T05:45:34.377+0000][69][gc,age      ] GC(298) - age   1:     817008 bytes,     817008 total
[2023-03-15T05:45:34.378+0000][69][gc,age      ] GC(298) - age   2:      19560 bytes,     836568 total
[2023-03-15T05:45:34.378+0000][69][gc,age      ] GC(298) - age   3:     314352 bytes,    1150920 total
[2023-03-15T05:45:34.379+0000][69][gc,age      ] GC(298) - age   4:       1968 bytes,    1152888 total
[2023-03-15T05:45:34.379+0000][69][gc,age      ] GC(298) - age   5:      16560 bytes,    1169448 total
[2023-03-15T05:45:34.380+0000][69][gc,age      ] GC(298) - age   6:        688 bytes,    1170136 total
[2023-03-15T05:45:34.380+0000][69][gc,age      ] GC(298) - age   7:        696 bytes,    1170832 total
[2023-03-15T05:45:34.381+0000][69][gc,age      ] GC(298) - age   8:        296 bytes,    1171128 total
[2023-03-15T05:45:34.382+0000][69][gc,age      ] GC(298) - age  12:        848 bytes,    1171976 total
[2023-03-15T05:45:34.382+0000][69][gc,age      ] GC(298) - age  13:       1976 bytes,    1173952 total
[2023-03-15T05:45:34.383+0000][69][gc,age      ] GC(298) - age  14:       3952 bytes,    1177904 total
[2023-03-15T05:45:34.383+0000][69][gc,age      ] GC(298) - age  15:        464 bytes,    1178368 total
[2023-03-15T05:45:34.383+0000][69][gc,heap     ] GC(298) Eden regions: 24->0(24)
[2023-03-15T05:45:34.384+0000][69][gc,heap     ] GC(298) Survivor regions: 1->1(4)
[2023-03-15T05:45:34.384+0000][69][gc,heap     ] GC(298) Old regions: 24->24
[2023-03-15T05:45:34.385+0000][69][gc,heap     ] GC(298) Archive regions: 2->2
[2023-03-15T05:45:34.385+0000][69][gc,heap     ] GC(298) Humongous regions: 2->2
[2023-03-15T05:45:34.386+0000][69][gc,metaspace] GC(298) Metaspace: 137961K(141312K)->137961K(141312K) NonClass: 120445K(121600K)->120445K(121600K) Class: 17516K(19712K)->17516K(19712K)
[2023-03-15T05:45:34.386+0000][69][gc          ] GC(298) Pause Young (Normal) (G1 Evacuation Pause) 204M->107M(256M) 18.806ms
[2023-03-15T05:45:34.387+0000][69][gc,cpu      ] GC(298) User=0.01s Sys=0.00s Real=0.02s
[2023-03-15T05:45:34.387+0000][69][safepoint   ] Safepoint "G1CollectForAllocation", Time since last: 24070123720 ns, Reaching safepoint: 133822 ns, At safepoint: 19837273 ns, Total: 19971095 ns
[2023-03-15T05:45:47.380+0000][69][safepoint   ] Safepoint "Cleanup", Time since last: 13016959371 ns, Reaching safepoint: 425949 ns, At safepoint: 12771 ns, Total: 438720 ns
[2023-03-15T05:46:10.130+0000][69][gc,start    ] GC(299) Pause Young (Concurrent Start) (G1 Evacuation Pause)
[2023-03-15T05:46:10.131+0000][69][gc,task     ] GC(299) Using 4 workers of 4 for evacuation
[2023-03-15T05:46:10.132+0000][69][gc,age      ] GC(299) Desired survivor size 8388608 bytes, new threshold 15 (max threshold 15)
[2023-03-15T05:46:10.136+0000][69][gc,phases   ] GC(299)   Pre Evacuate Collection Set: 0.5ms
[2023-03-15T05:46:10.136+0000][69][gc,phases   ] GC(299)   Merge Heap Roots: 0.1ms
[2023-03-15T05:46:10.137+0000][69][gc,phases   ] GC(299)   Evacuate Collection Set: 1.5ms
[2023-03-15T05:46:10.138+0000][69][gc,phases   ] GC(299)   Post Evacuate Collection Set: 1.0ms
[2023-03-15T05:46:10.139+0000][69][gc,phases   ] GC(299)   Other: 1.3ms
[2023-03-15T05:46:10.141+0000][69][gc,age      ] GC(299) Age table with threshold 15 (max threshold 15)
[2023-03-15T05:46:10.142+0000][69][gc,age      ] GC(299) - age   1:    1034384 bytes,    1034384 total
[2023-03-15T05:46:10.143+0000][69][gc,age      ] GC(299) - age   2:     168400 bytes,    1202784 total
[2023-03-15T05:46:10.144+0000][69][gc,age      ] GC(299) - age   3:      17752 bytes,    1220536 total
[2023-03-15T05:46:10.144+0000][69][gc,age      ] GC(299) - age   4:     313432 bytes,    1533968 total
[2023-03-15T05:46:10.145+0000][69][gc,age      ] GC(299) - age   5:       1792 bytes,    1535760 total
[2023-03-15T05:46:10.146+0000][69][gc,age      ] GC(299) - age   6:      16560 bytes,    1552320 total
[2023-03-15T05:46:10.147+0000][69][gc,age      ] GC(299) - age   7:        688 bytes,    1553008 total
[2023-03-15T05:46:10.149+0000][69][gc,age      ] GC(299) - age   8:        696 bytes,    1553704 total
[2023-03-15T05:46:10.150+0000][69][gc,age      ] GC(299) - age   9:        296 bytes,    1554000 total
[2023-03-15T05:46:10.151+0000][69][gc,age      ] GC(299) - age  13:        848 bytes,    1554848 total
[2023-03-15T05:46:10.152+0000][69][gc,age      ] GC(299) - age  14:       1976 bytes,    1556824 total
[2023-03-15T05:46:10.152+0000][69][gc,age      ] GC(299) - age  15:       3952 bytes,    1560776 total
[2023-03-15T05:46:10.154+0000][69][gc,heap     ] GC(299) Eden regions: 24->0(24)
[2023-03-15T05:46:10.154+0000][69][gc,heap     ] GC(299) Survivor regions: 1->1(4)
[2023-03-15T05:46:10.155+0000][69][gc,heap     ] GC(299) Old regions: 24->24
[2023-03-15T05:46:10.156+0000][69][gc,heap     ] GC(299) Archive regions: 2->2
[2023-03-15T05:46:10.157+0000][69][gc,heap     ] GC(299) Humongous regions: 2->2
[2023-03-15T05:46:10.157+0000][69][gc,metaspace] GC(299) Metaspace: 137962K(141312K)->137962K(141312K) NonClass: 120445K(121600K)->120445K(121600K) Class: 17516K(19712K)->17516K(19712K)
[2023-03-15T05:46:10.158+0000][69][gc          ] GC(299) Pause Young (Concurrent Start) (G1 Evacuation Pause) 203M->108M(256M) 27.517ms
[2023-03-15T05:46:10.158+0000][69][gc          ] GC(300) Concurrent Mark Cycle
[2023-03-15T05:46:10.159+0000][69][gc,marking  ] GC(300) Concurrent Clear Claimed Marks
[2023-03-15T05:46:10.158+0000][69][gc,cpu      ] GC(299) User=0.01s Sys=0.01s Real=0.03s
[2023-03-15T05:46:10.160+0000][69][gc,marking  ] GC(300) Concurrent Clear Claimed Marks 0.751ms
[2023-03-15T05:46:10.161+0000][69][gc,marking  ] GC(300) Concurrent Scan Root Regions
[2023-03-15T05:46:10.160+0000][69][safepoint   ] Safepoint "G1CollectForAllocation", Time since last: 22749919665 ns, Reaching safepoint: 91908 ns, At safepoint: 29861003 ns, Total: 29952911 ns
[2023-03-15T05:46:10.164+0000][69][gc,marking  ] GC(300) Concurrent Scan Root Regions 2.909ms
[2023-03-15T05:46:10.164+0000][69][gc,marking  ] GC(300) Concurrent Mark
[2023-03-15T05:46:10.165+0000][69][gc,marking  ] GC(300) Concurrent Mark From Roots
[2023-03-15T05:46:10.165+0000][69][gc,task     ] GC(300) Using 1 workers of 1 for marking
[2023-03-15T05:46:10.290+0000][69][gc,marking  ] GC(300) Concurrent Mark From Roots 124.719ms
[2023-03-15T05:46:10.290+0000][69][gc,marking  ] GC(300) Concurrent Preclean
[2023-03-15T05:46:10.291+0000][69][gc,marking  ] GC(300) Concurrent Preclean 1.077ms
[2023-03-15T05:46:10.292+0000][69][gc,start    ] GC(300) Pause Remark
[2023-03-15T05:46:10.301+0000][69][gc          ] GC(300) Pause Remark 110M->110M(256M) 8.804ms
[2023-03-15T05:46:10.302+0000][69][gc,cpu      ] GC(300) User=0.03s Sys=0.01s Real=0.01s
[2023-03-15T05:46:10.302+0000][69][safepoint   ] Safepoint "G1PauseRemark", Time since last: 131983718 ns, Reaching safepoint: 125275 ns, At safepoint: 10148030 ns, Total: 10273305 ns
[2023-03-15T05:46:10.303+0000][69][gc,marking  ] GC(300) Concurrent Mark 138.840ms
[2023-03-15T05:46:10.304+0000][69][gc,marking  ] GC(300) Concurrent Rebuild Remembered Sets
[2023-03-15T05:46:10.359+0000][69][gc,marking  ] GC(300) Concurrent Rebuild Remembered Sets 55.524ms
[2023-03-15T05:46:10.360+0000][69][gc,start    ] GC(300) Pause Cleanup
[2023-03-15T05:46:10.361+0000][69][gc          ] GC(300) Pause Cleanup 114M->114M(256M) 0.886ms
[2023-03-15T05:46:10.362+0000][69][gc,cpu      ] GC(300) User=0.00s Sys=0.00s Real=0.01s
[2023-03-15T05:46:10.363+0000][69][safepoint   ] Safepoint "G1PauseCleanup", Time since last: 57755669 ns, Reaching safepoint: 261316 ns, At safepoint: 2077930 ns, Total: 2339246 ns
[2023-03-15T05:46:10.363+0000][69][gc,marking  ] GC(300) Concurrent Cleanup for Next Mark
[2023-03-15T05:46:10.364+0000][69][gc,marking  ] GC(300) Concurrent Cleanup for Next Mark 0.850ms
[2023-03-15T05:46:10.365+0000][69][gc          ] GC(300) Concurrent Mark Cycle 206.148ms
[2023-03-15T05:46:23.366+0000][69][safepoint   ] Safepoint "Cleanup", Time since last: 13025750462 ns, Reaching safepoint: 192519 ns, At safepoint: 5391 ns, Total: 197910 ns
[2023-03-15T05:46:43.059+0000][69][gc,start    ] GC(301) Pause Young (Normal) (G1 Evacuation Pause)
[2023-03-15T05:46:43.060+0000][69][gc,task     ] GC(301) Using 4 workers of 4 for evacuation
[2023-03-15T05:46:43.061+0000][69][gc,age      ] GC(301) Desired survivor size 8388608 bytes, new threshold 15 (max threshold 15)
[2023-03-15T05:46:43.066+0000][69][gc,phases   ] GC(301)   Pre Evacuate Collection Set: 0.3ms
[2023-03-15T05:46:43.067+0000][69][gc,phases   ] GC(301)   Merge Heap Roots: 0.1ms
[2023-03-15T05:46:43.068+0000][69][gc,phases   ] GC(301)   Evacuate Collection Set: 2.9ms
[2023-03-15T05:46:43.069+0000][69][gc,phases   ] GC(301)   Post Evacuate Collection Set: 1.0ms
[2023-03-15T05:46:43.069+0000][69][gc,phases   ] GC(301)   Other: 1.7ms
[2023-03-15T05:46:43.070+0000][69][gc,age      ] GC(301) Age table with threshold 15 (max threshold 15)
[2023-03-15T05:46:43.071+0000][69][gc,age      ] GC(301) - age   1:    1097824 bytes,    1097824 total
[2023-03-15T05:46:43.071+0000][69][gc,age      ] GC(301) - age   2:     112656 bytes,    1210480 total
[2023-03-15T05:46:43.072+0000][69][gc,age      ] GC(301) - age   3:        296 bytes,    1210776 total
[2023-03-15T05:46:43.073+0000][69][gc,age      ] GC(301) - age   4:      17624 bytes,    1228400 total
[2023-03-15T05:46:43.073+0000][69][gc,age      ] GC(301) - age   5:     313432 bytes,    1541832 total
[2023-03-15T05:46:43.074+0000][69][gc,age      ] GC(301) - age   6:       1792 bytes,    1543624 total
[2023-03-15T05:46:43.074+0000][69][gc,age      ] GC(301) - age   7:      16560 bytes,    1560184 total
[2023-03-15T05:46:43.075+0000][69][gc,age      ] GC(301) - age   8:        688 bytes,    1560872 total
[2023-03-15T05:46:43.075+0000][69][gc,age      ] GC(301) - age   9:        696 bytes,    1561568 total
[2023-03-15T05:46:43.076+0000][69][gc,age      ] GC(301) - age  10:        296 bytes,    1561864 total
[2023-03-15T05:46:43.076+0000][69][gc,age      ] GC(301) - age  14:        848 bytes,    1562712 total
[2023-03-15T05:46:43.077+0000][69][gc,age      ] GC(301) - age  15:       1976 bytes,    1564688 total
[2023-03-15T05:46:43.078+0000][69][gc,heap     ] GC(301) Eden regions: 24->0(24)
[2023-03-15T05:46:43.078+0000][69][gc,heap     ] GC(301) Survivor regions: 1->1(4)
[2023-03-15T05:46:43.079+0000][69][gc,heap     ] GC(301) Old regions: 24->24
[2023-03-15T05:46:43.079+0000][69][gc,heap     ] GC(301) Archive regions: 2->2
[2023-03-15T05:46:43.080+0000][69][gc,heap     ] GC(301) Humongous regions: 2->2
[2023-03-15T05:46:43.080+0000][69][gc,metaspace] GC(301) Metaspace: 137964K(141312K)->137964K(141312K) NonClass: 120447K(121600K)->120447K(121600K) Class: 17516K(19712K)->17516K(19712K)
[2023-03-15T05:46:43.081+0000][69][gc          ] GC(301) Pause Young (Normal) (G1 Evacuation Pause) 204M->108M(256M) 22.238ms
[2023-03-15T05:46:43.081+0000][69][gc,cpu      ] GC(301) User=0.01s Sys=0.00s Real=0.03s
[2023-03-15T05:46:43.082+0000][69][safepoint   ] Safepoint "G1CollectForAllocation", Time since last: 19691887193 ns, Reaching safepoint: 228519 ns, At safepoint: 23459945 ns, Total: 23688464 ns
[2023-03-15T05:46:52.077+0000][69][safepoint   ] Safepoint "Cleanup", Time since last: 9016121490 ns, Reaching safepoint: 208832 ns, At safepoint: 7746 ns, Total: 216578 ns
[2023-03-15T05:47:00.084+0000][69][safepoint   ] Safepoint "Cleanup", Time since last: 8006821128 ns, Reaching safepoint: 483399 ns, At safepoint: 12914 ns, Total: 496313 ns
[2023-03-15T05:47:11.291+0000][69][gc,start    ] GC(302) Pause Young (Concurrent Start) (G1 Evacuation Pause)
[2023-03-15T05:47:11.291+0000][69][gc,task     ] GC(302) Using 4 workers of 4 for evacuation
[2023-03-15T05:47:11.291+0000][69][gc,age      ] GC(302) Desired survivor size 8388608 bytes, new threshold 15 (max threshold 15)
[2023-03-15T05:47:11.296+0000][69][gc,phases   ] GC(302)   Pre Evacuate Collection Set: 0.5ms
[2023-03-15T05:47:11.297+0000][69][gc,phases   ] GC(302)   Merge Heap Roots: 0.1ms
[2023-03-15T05:47:11.298+0000][69][gc,phases   ] GC(302)   Evacuate Collection Set: 2.4ms
[2023-03-15T05:47:11.299+0000][69][gc,phases   ] GC(302)   Post Evacuate Collection Set: 0.8ms
[2023-03-15T05:47:11.300+0000][69][gc,phases   ] GC(302)   Other: 1.0ms
[2023-03-15T05:47:11.301+0000][69][gc,age      ] GC(302) Age table with threshold 15 (max threshold 15)
[2023-03-15T05:47:11.302+0000][69][gc,age      ] GC(302) - age   1:    1616616 bytes,    1616616 total
[2023-03-15T05:47:11.303+0000][69][gc,age      ] GC(302) - age   2:     134336 bytes,    1750952 total
[2023-03-15T05:47:11.303+0000][69][gc,age      ] GC(302) - age   3:       1752 bytes,    1752704 total
[2023-03-15T05:47:11.304+0000][69][gc,age      ] GC(302) - age   4:        296 bytes,    1753000 total
[2023-03-15T05:47:11.304+0000][69][gc,age      ] GC(302) - age   5:      17448 bytes,    1770448 total
[2023-03-15T05:47:11.305+0000][69][gc,age      ] GC(302) - age   6:     313432 bytes,    2083880 total
[2023-03-15T05:47:11.305+0000][69][gc,age      ] GC(302) - age   7:       1792 bytes,    2085672 total
[2023-03-15T05:47:11.305+0000][69][gc,age      ] GC(302) - age   8:      16560 bytes,    2102232 total
[2023-03-15T05:47:11.306+0000][69][gc,age      ] GC(302) - age   9:        688 bytes,    2102920 total
[2023-03-15T05:47:11.306+0000][69][gc,age      ] GC(302) - age  10:        696 bytes,    2103616 total
[2023-03-15T05:47:11.307+0000][69][gc,age      ] GC(302) - age  15:        848 bytes,    2104464 total
[2023-03-15T05:47:11.307+0000][69][gc,heap     ] GC(302) Eden regions: 24->0(24)
[2023-03-15T05:47:11.308+0000][69][gc,heap     ] GC(302) Survivor regions: 1->1(4)
[2023-03-15T05:47:11.308+0000][69][gc,heap     ] GC(302) Old regions: 24->24
[2023-03-15T05:47:11.309+0000][69][gc,heap     ] GC(302) Archive regions: 2->2
[2023-03-15T05:47:11.309+0000][69][gc,heap     ] GC(302) Humongous regions: 2->2
[2023-03-15T05:47:11.309+0000][69][gc,metaspace] GC(302) Metaspace: 137971K(141312K)->137971K(141312K) NonClass: 120454K(121600K)->120454K(121600K) Class: 17517K(19712K)->17517K(19712K)
[2023-03-15T05:47:11.310+0000][69][gc          ] GC(302) Pause Young (Concurrent Start) (G1 Evacuation Pause) 204M->108M(256M) 19.145ms
[2023-03-15T05:47:11.310+0000][69][gc,cpu      ] GC(302) User=0.01s Sys=0.00s Real=0.02s
[2023-03-15T05:47:11.310+0000][69][gc          ] GC(303) Concurrent Mark Cycle
[2023-03-15T05:47:11.311+0000][69][gc,marking  ] GC(303) Concurrent Clear Claimed Marks
[2023-03-15T05:47:11.311+0000][69][safepoint   ] Safepoint "G1CollectForAllocation", Time since last: 11206165363 ns, Reaching safepoint: 92514 ns, At safepoint: 20070742 ns, Total: 20163256 ns
[2023-03-15T05:47:11.312+0000][69][gc,marking  ] GC(303) Concurrent Clear Claimed Marks 0.748ms
[2023-03-15T05:47:11.313+0000][69][gc,marking  ] GC(303) Concurrent Scan Root Regions
[2023-03-15T05:47:11.315+0000][69][gc,marking  ] GC(303) Concurrent Scan Root Regions 2.550ms
[2023-03-15T05:47:11.316+0000][69][gc,marking  ] GC(303) Concurrent Mark
[2023-03-15T05:47:11.316+0000][69][gc,marking  ] GC(303) Concurrent Mark From Roots
[2023-03-15T05:47:11.317+0000][69][gc,task     ] GC(303) Using 1 workers of 1 for marking
[2023-03-15T05:47:11.432+0000][69][gc,marking  ] GC(303) Concurrent Mark From Roots 115.706ms
[2023-03-15T05:47:11.433+0000][69][gc,marking  ] GC(303) Concurrent Preclean
[2023-03-15T05:47:11.434+0000][69][gc,marking  ] GC(303) Concurrent Preclean 1.145ms
[2023-03-15T05:47:11.435+0000][69][gc,start    ] GC(303) Pause Remark
[2023-03-15T05:47:11.444+0000][69][gc          ] GC(303) Pause Remark 109M->109M(256M) 8.778ms
[2023-03-15T05:47:11.445+0000][69][gc,cpu      ] GC(303) User=0.03s Sys=0.00s Real=0.01s
[2023-03-15T05:47:11.446+0000][69][safepoint   ] Safepoint "G1PauseRemark", Time since last: 124384975 ns, Reaching safepoint: 79674 ns, At safepoint: 10816803 ns, Total: 10896477 ns
[2023-03-15T05:47:11.447+0000][69][gc,marking  ] GC(303) Concurrent Mark 130.848ms
[2023-03-15T05:47:11.447+0000][69][gc,marking  ] GC(303) Concurrent Rebuild Remembered Sets
[2023-03-15T05:47:11.497+0000][69][gc,marking  ] GC(303) Concurrent Rebuild Remembered Sets 50.137ms
[2023-03-15T05:47:11.499+0000][69][gc,start    ] GC(303) Pause Cleanup
[2023-03-15T05:47:11.500+0000][69][gc          ] GC(303) Pause Cleanup 110M->110M(256M) 1.615ms
[2023-03-15T05:47:11.501+0000][69][gc,cpu      ] GC(303) User=0.00s Sys=0.00s Real=0.00s
[2023-03-15T05:47:11.502+0000][69][safepoint   ] Safepoint "G1PauseCleanup", Time since last: 52341569 ns, Reaching safepoint: 298729 ns, At safepoint: 2911932 ns, Total: 3210661 ns
[2023-03-15T05:47:11.502+0000][69][gc,marking  ] GC(303) Concurrent Cleanup for Next Mark
[2023-03-15T05:47:11.503+0000][69][gc,marking  ] GC(303) Concurrent Cleanup for Next Mark 0.906ms
[2023-03-15T05:47:11.504+0000][69][gc          ] GC(303) Concurrent Mark Cycle 193.689ms
[2023-03-15T05:47:30.501+0000][69][safepoint   ] Safepoint "Cleanup", Time since last: 19018693772 ns, Reaching safepoint: 1016831 ns, At safepoint: 230070 ns, Total: 1246901 ns
[2023-03-15T05:47:40.514+0000][69][safepoint   ] Safepoint "Cleanup", Time since last: 10012405410 ns, Reaching safepoint: 796888 ns, At safepoint: 145000 ns, Total: 941888 ns
[2023-03-15T05:47:43.055+0000][69][gc,start    ] GC(304) Pause Young (Normal) (G1 Evacuation Pause)
[2023-03-15T05:47:43.056+0000][69][gc,task     ] GC(304) Using 4 workers of 4 for evacuation
[2023-03-15T05:47:43.058+0000][69][gc,age      ] GC(304) Desired survivor size 8388608 bytes, new threshold 15 (max threshold 15)
[2023-03-15T05:47:43.063+0000][69][gc,phases   ] GC(304)   Pre Evacuate Collection Set: 0.2ms
[2023-03-15T05:47:43.065+0000][69][gc,phases   ] GC(304)   Merge Heap Roots: 0.2ms
[2023-03-15T05:47:43.065+0000][69][gc,phases   ] GC(304)   Evacuate Collection Set: 3.2ms
[2023-03-15T05:47:43.066+0000][69][gc,phases   ] GC(304)   Post Evacuate Collection Set: 1.3ms
[2023-03-15T05:47:43.067+0000][69][gc,phases   ] GC(304)   Other: 2.3ms
[2023-03-15T05:47:43.067+0000][69][gc,age      ] GC(304) Age table with threshold 15 (max threshold 15)
[2023-03-15T05:47:43.068+0000][69][gc,age      ] GC(304) - age   1:     675648 bytes,     675648 total
[2023-03-15T05:47:43.069+0000][69][gc,age      ] GC(304) - age   2:     141944 bytes,     817592 total
[2023-03-15T05:47:43.069+0000][69][gc,age      ] GC(304) - age   3:        704 bytes,     818296 total
[2023-03-15T05:47:43.070+0000][69][gc,age      ] GC(304) - age   4:       1688 bytes,     819984 total
[2023-03-15T05:47:43.070+0000][69][gc,age      ] GC(304) - age   5:        104 bytes,     820088 total
[2023-03-15T05:47:43.071+0000][69][gc,age      ] GC(304) - age   6:      17448 bytes,     837536 total
[2023-03-15T05:47:43.071+0000][69][gc,age      ] GC(304) - age   7:     313432 bytes,    1150968 total
[2023-03-15T05:47:43.072+0000][69][gc,age      ] GC(304) - age   8:       1792 bytes,    1152760 total
[2023-03-15T05:47:43.072+0000][69][gc,age      ] GC(304) - age   9:        112 bytes,    1152872 total
[2023-03-15T05:47:43.073+0000][69][gc,age      ] GC(304) - age  10:        688 bytes,    1153560 total
[2023-03-15T05:47:43.074+0000][69][gc,age      ] GC(304) - age  11:        696 bytes,    1154256 total
[2023-03-15T05:47:43.074+0000][69][gc,heap     ] GC(304) Eden regions: 24->0(24)
[2023-03-15T05:47:43.074+0000][69][gc,heap     ] GC(304) Survivor regions: 1->1(4)
[2023-03-15T05:47:43.075+0000][69][gc,heap     ] GC(304) Old regions: 24->24
[2023-03-15T05:47:43.076+0000][69][gc,heap     ] GC(304) Archive regions: 2->2
[2023-03-15T05:47:43.076+0000][69][gc,heap     ] GC(304) Humongous regions: 2->2
[2023-03-15T05:47:43.077+0000][69][gc,metaspace] GC(304) Metaspace: 137974K(141312K)->137974K(141312K) NonClass: 120457K(121600K)->120457K(121600K) Class: 17517K(19712K)->17517K(19712K)
[2023-03-15T05:47:43.077+0000][69][gc          ] GC(304) Pause Young (Normal) (G1 Evacuation Pause) 204M->107M(256M) 22.465ms
[2023-03-15T05:47:43.078+0000][69][gc,cpu      ] GC(304) User=0.01s Sys=0.00s Real=0.03s
[2023-03-15T05:47:43.078+0000][69][safepoint   ] Safepoint "G1CollectForAllocation", Time since last: 2540568854 ns, Reaching safepoint: 328481 ns, At safepoint: 23491468 ns, Total: 23819949 ns
[2023-03-15T05:48:17.272+0000][69][gc,start    ] GC(305) Pause Young (Concurrent Start) (G1 Evacuation Pause)
[2023-03-15T05:48:17.273+0000][69][gc,task     ] GC(305) Using 4 workers of 4 for evacuation
[2023-03-15T05:48:17.274+0000][69][gc,age      ] GC(305) Desired survivor size 8388608 bytes, new threshold 15 (max threshold 15)
[2023-03-15T05:48:17.280+0000][69][gc,phases   ] GC(305)   Pre Evacuate Collection Set: 0.5ms
[2023-03-15T05:48:17.281+0000][69][gc,phases   ] GC(305)   Merge Heap Roots: 0.2ms
[2023-03-15T05:48:17.281+0000][69][gc,phases   ] GC(305)   Evacuate Collection Set: 2.9ms
[2023-03-15T05:48:17.282+0000][69][gc,phases   ] GC(305)   Post Evacuate Collection Set: 0.9ms
[2023-03-15T05:48:17.283+0000][69][gc,phases   ] GC(305)   Other: 2.2ms
[2023-03-15T05:48:17.283+0000][69][gc,age      ] GC(305) Age table with threshold 15 (max threshold 15)
[2023-03-15T05:48:17.284+0000][69][gc,age      ] GC(305) - age   1:    1204352 bytes,    1204352 total
[2023-03-15T05:48:17.284+0000][69][gc,age      ] GC(305) - age   2:     126768 bytes,    1331120 total
[2023-03-15T05:48:17.285+0000][69][gc,age      ] GC(305) - age   3:       9376 bytes,    1340496 total
[2023-03-15T05:48:17.286+0000][69][gc,age      ] GC(305) - age   4:        512 bytes,    1341008 total
[2023-03-15T05:48:17.286+0000][69][gc,age      ] GC(305) - age   5:       1264 bytes,    1342272 total
[2023-03-15T05:48:17.287+0000][69][gc,age      ] GC(305) - age   6:        104 bytes,    1342376 total
[2023-03-15T05:48:17.287+0000][69][gc,age      ] GC(305) - age   7:      17448 bytes,    1359824 total
[2023-03-15T05:48:17.288+0000][69][gc,age      ] GC(305) - age   8:     313408 bytes,    1673232 total
[2023-03-15T05:48:17.289+0000][69][gc,age      ] GC(305) - age   9:       1608 bytes,    1674840 total
[2023-03-15T05:48:17.289+0000][69][gc,age      ] GC(305) - age  10:         80 bytes,    1674920 total
[2023-03-15T05:48:17.290+0000][69][gc,age      ] GC(305) - age  11:        456 bytes,    1675376 total
[2023-03-15T05:48:17.290+0000][69][gc,age      ] GC(305) - age  12:        696 bytes,    1676072 total
[2023-03-15T05:48:17.291+0000][69][gc,heap     ] GC(305) Eden regions: 24->0(24)
[2023-03-15T05:48:17.291+0000][69][gc,heap     ] GC(305) Survivor regions: 1->1(4)
[2023-03-15T05:48:17.292+0000][69][gc,heap     ] GC(305) Old regions: 24->24
[2023-03-15T05:48:17.292+0000][69][gc,heap     ] GC(305) Archive regions: 2->2
[2023-03-15T05:48:17.293+0000][69][gc,heap     ] GC(305) Humongous regions: 2->2
[2023-03-15T05:48:17.293+0000][69][gc,metaspace] GC(305) Metaspace: 137975K(141312K)->137975K(141312K) NonClass: 120457K(121600K)->120457K(121600K) Class: 17517K(19712K)->17517K(19712K)
[2023-03-15T05:48:17.294+0000][69][gc          ] GC(305) Pause Young (Concurrent Start) (G1 Evacuation Pause) 203M->108M(256M) 22.118ms
[2023-03-15T05:48:17.294+0000][69][gc,cpu      ] GC(305) User=0.01s Sys=0.00s Real=0.02s
[2023-03-15T05:48:17.295+0000][69][safepoint   ] Safepoint "G1CollectForAllocation", Time since last: 34235409021 ns, Reaching safepoint: 332077 ns, At safepoint: 23177775 ns, Total: 23509852 ns
[2023-03-15T05:48:17.294+0000][69][gc          ] GC(306) Concurrent Mark Cycle
[2023-03-15T05:48:17.296+0000][69][gc,marking  ] GC(306) Concurrent Clear Claimed Marks
[2023-03-15T05:48:17.297+0000][69][gc,marking  ] GC(306) Concurrent Clear Claimed Marks 0.738ms
[2023-03-15T05:48:17.297+0000][69][gc,marking  ] GC(306) Concurrent Scan Root Regions
[2023-03-15T05:48:17.300+0000][69][gc,marking  ] GC(306) Concurrent Scan Root Regions 2.513ms
[2023-03-15T05:48:17.300+0000][69][gc,marking  ] GC(306) Concurrent Mark
[2023-03-15T05:48:17.301+0000][69][gc,marking  ] GC(306) Concurrent Mark From Roots
[2023-03-15T05:48:17.301+0000][69][gc,task     ] GC(306) Using 1 workers of 1 for marking
[2023-03-15T05:48:17.428+0000][69][gc,marking  ] GC(306) Concurrent Mark From Roots 126.742ms
[2023-03-15T05:48:17.428+0000][69][gc,marking  ] GC(306) Concurrent Preclean
[2023-03-15T05:48:17.429+0000][69][gc,marking  ] GC(306) Concurrent Preclean 0.951ms
[2023-03-15T05:48:17.430+0000][69][gc,start    ] GC(306) Pause Remark
[2023-03-15T05:48:17.441+0000][69][gc          ] GC(306) Pause Remark 109M->109M(256M) 10.448ms
[2023-03-15T05:48:17.442+0000][69][gc,cpu      ] GC(306) User=0.03s Sys=0.00s Real=0.01s
[2023-03-15T05:48:17.442+0000][69][safepoint   ] Safepoint "G1PauseRemark", Time since last: 135289640 ns, Reaching safepoint: 89233 ns, At safepoint: 12144836 ns, Total: 12234069 ns
[2023-03-15T05:48:17.443+0000][69][gc,marking  ] GC(306) Concurrent Mark 142.381ms
[2023-03-15T05:48:17.443+0000][69][gc,marking  ] GC(306) Concurrent Rebuild Remembered Sets
[2023-03-15T05:48:17.505+0000][69][gc,marking  ] GC(306) Concurrent Rebuild Remembered Sets 62.327ms
[2023-03-15T05:48:17.506+0000][69][gc,start    ] GC(306) Pause Cleanup
[2023-03-15T05:48:17.507+0000][69][gc          ] GC(306) Pause Cleanup 110M->110M(256M) 0.453ms
[2023-03-15T05:48:17.507+0000][69][gc,cpu      ] GC(306) User=0.00s Sys=0.00s Real=0.00s
[2023-03-15T05:48:17.507+0000][69][safepoint   ] Safepoint "G1PauseCleanup", Time since last: 63859285 ns, Reaching safepoint: 115125 ns, At safepoint: 1262532 ns, Total: 1377657 ns
[2023-03-15T05:48:17.508+0000][69][gc,marking  ] GC(306) Concurrent Cleanup for Next Mark
[2023-03-15T05:48:17.509+0000][69][gc,marking  ] GC(306) Concurrent Cleanup for Next Mark 0.608ms
[2023-03-15T05:48:17.509+0000][69][gc          ] GC(306) Concurrent Mark Cycle 214.595ms
[2023-03-15T05:48:40.539+0000][69][safepoint   ] Safepoint "Cleanup", Time since last: 23031603952 ns, Reaching safepoint: 136080 ns, At safepoint: 5028 ns, Total: 141108 ns
[2023-03-15T05:48:42.543+0000][69][safepoint   ] Safepoint "Cleanup", Time since last: 2003078080 ns, Reaching safepoint: 331778 ns, At safepoint: 130598 ns, Total: 462376 ns
[2023-03-15T05:48:46.534+0000][69][safepoint   ] Safepoint "Cleanup", Time since last: 4012239140 ns, Reaching safepoint: 369848 ns, At safepoint: 18850 ns, Total: 388698 ns
[2023-03-15T05:48:49.050+0000][69][gc,start    ] GC(307) Pause Young (Normal) (G1 Evacuation Pause)
[2023-03-15T05:48:49.052+0000][69][gc,task     ] GC(307) Using 4 workers of 4 for evacuation
[2023-03-15T05:48:49.053+0000][69][gc,age      ] GC(307) Desired survivor size 8388608 bytes, new threshold 15 (max threshold 15)
[2023-03-15T05:48:49.058+0000][69][gc,phases   ] GC(307)   Pre Evacuate Collection Set: 0.2ms
[2023-03-15T05:48:49.059+0000][69][gc,phases   ] GC(307)   Merge Heap Roots: 0.2ms
[2023-03-15T05:48:49.060+0000][69][gc,phases   ] GC(307)   Evacuate Collection Set: 2.3ms
[2023-03-15T05:48:49.061+0000][69][gc,phases   ] GC(307)   Post Evacuate Collection Set: 1.1ms
[2023-03-15T05:48:49.062+0000][69][gc,phases   ] GC(307)   Other: 2.3ms
[2023-03-15T05:48:49.062+0000][69][gc,age      ] GC(307) Age table with threshold 15 (max threshold 15)
[2023-03-15T05:48:49.063+0000][69][gc,age      ] GC(307) - age   1:    1332128 bytes,    1332128 total
[2023-03-15T05:48:49.064+0000][69][gc,age      ] GC(307) - age   2:      23056 bytes,    1355184 total
[2023-03-15T05:48:49.064+0000][69][gc,age      ] GC(307) - age   3:     109456 bytes,    1464640 total
[2023-03-15T05:48:49.065+0000][69][gc,age      ] GC(307) - age   4:       9120 bytes,    1473760 total
[2023-03-15T05:48:49.065+0000][69][gc,age      ] GC(307) - age   5:        424 bytes,    1474184 total
[2023-03-15T05:48:49.066+0000][69][gc,age      ] GC(307) - age   6:       1264 bytes,    1475448 total
[2023-03-15T05:48:49.066+0000][69][gc,age      ] GC(307) - age   7:        104 bytes,    1475552 total
[2023-03-15T05:48:49.067+0000][69][gc,age      ] GC(307) - age   8:      17448 bytes,    1493000 total
[2023-03-15T05:48:49.067+0000][69][gc,age      ] GC(307) - age   9:     305392 bytes,    1798392 total
[2023-03-15T05:48:49.068+0000][69][gc,age      ] GC(307) - age  10:       1608 bytes,    1800000 total
[2023-03-15T05:48:49.069+0000][69][gc,age      ] GC(307) - age  11:         80 bytes,    1800080 total
[2023-03-15T05:48:49.069+0000][69][gc,age      ] GC(307) - age  12:        456 bytes,    1800536 total
[2023-03-15T05:48:49.069+0000][69][gc,age      ] GC(307) - age  13:        696 bytes,    1801232 total
[2023-03-15T05:48:49.070+0000][69][gc,heap     ] GC(307) Eden regions: 24->0(24)
[2023-03-15T05:48:49.071+0000][69][gc,heap     ] GC(307) Survivor regions: 1->1(4)
[2023-03-15T05:48:49.071+0000][69][gc,heap     ] GC(307) Old regions: 24->24
[2023-03-15T05:48:49.072+0000][69][gc,heap     ] GC(307) Archive regions: 2->2
[2023-03-15T05:48:49.072+0000][69][gc,heap     ] GC(307) Humongous regions: 2->2
[2023-03-15T05:48:49.073+0000][69][gc,metaspace] GC(307) Metaspace: 137975K(141312K)->137975K(141312K) NonClass: 120458K(121600K)->120458K(121600K) Class: 17517K(19712K)->17517K(19712K)
[2023-03-15T05:48:49.073+0000][69][gc          ] GC(307) Pause Young (Normal) (G1 Evacuation Pause) 204M->108M(256M) 22.994ms
[2023-03-15T05:48:49.074+0000][69][gc,cpu      ] GC(307) User=0.02s Sys=0.00s Real=0.03s
[2023-03-15T05:48:49.074+0000][69][safepoint   ] Safepoint "G1CollectForAllocation", Time since last: 2516183970 ns, Reaching safepoint: 126034 ns, At safepoint: 24008978 ns, Total: 24135012 ns
[2023-03-15T05:49:05.099+0000][69][safepoint   ] Safepoint "Cleanup", Time since last: 16024248766 ns, Reaching safepoint: 414174 ns, At safepoint: 12469 ns, Total: 426643 ns
[2023-03-15T05:49:17.100+0000][69][safepoint   ] Safepoint "Cleanup", Time since last: 12022163436 ns, Reaching safepoint: 628628 ns, At safepoint: 11712 ns, Total: 640340 ns
[2023-03-15T05:49:17.692+0000][69][gc,start    ] GC(308) Pause Young (Concurrent Start) (G1 Evacuation Pause)
[2023-03-15T05:49:17.695+0000][69][gc,task     ] GC(308) Using 4 workers of 4 for evacuation
[2023-03-15T05:49:17.697+0000][69][gc,age      ] GC(308) Desired survivor size 8388608 bytes, new threshold 15 (max threshold 15)
[2023-03-15T05:49:17.704+0000][69][gc,phases   ] GC(308)   Pre Evacuate Collection Set: 0.8ms
[2023-03-15T05:49:17.705+0000][69][gc,phases   ] GC(308)   Merge Heap Roots: 0.4ms
[2023-03-15T05:49:17.706+0000][69][gc,phases   ] GC(308)   Evacuate Collection Set: 2.6ms
[2023-03-15T05:49:17.708+0000][69][gc,phases   ] GC(308)   Post Evacuate Collection Set: 1.5ms
[2023-03-15T05:49:17.709+0000][69][gc,phases   ] GC(308)   Other: 3.6ms
[2023-03-15T05:49:17.710+0000][69][gc,age      ] GC(308) Age table with threshold 15 (max threshold 15)
[2023-03-15T05:49:17.711+0000][69][gc,age      ] GC(308) - age   1:     337920 bytes,     337920 total
[2023-03-15T05:49:17.712+0000][69][gc,age      ] GC(308) - age   2:     136464 bytes,     474384 total
[2023-03-15T05:49:17.712+0000][69][gc,age      ] GC(308) - age   3:      21680 bytes,     496064 total
[2023-03-15T05:49:17.713+0000][69][gc,age      ] GC(308) - age   4:        224 bytes,     496288 total
[2023-03-15T05:49:17.714+0000][69][gc,age      ] GC(308) - age   5:       9056 bytes,     505344 total
[2023-03-15T05:49:17.715+0000][69][gc,age      ] GC(308) - age   6:        424 bytes,     505768 total
[2023-03-15T05:49:17.716+0000][69][gc,age      ] GC(308) - age   7:       1264 bytes,     507032 total
[2023-03-15T05:49:17.716+0000][69][gc,age      ] GC(308) - age   8:        104 bytes,     507136 total
[2023-03-15T05:49:17.717+0000][69][gc,age      ] GC(308) - age   9:      17448 bytes,     524584 total
[2023-03-15T05:49:17.718+0000][69][gc,age      ] GC(308) - age  10:     296960 bytes,     821544 total
[2023-03-15T05:49:17.718+0000][69][gc,age      ] GC(308) - age  11:       1608 bytes,     823152 total
[2023-03-15T05:49:17.719+0000][69][gc,age      ] GC(308) - age  12:         80 bytes,     823232 total
[2023-03-15T05:49:17.720+0000][69][gc,age      ] GC(308) - age  13:        160 bytes,     823392 total
[2023-03-15T05:49:17.720+0000][69][gc,age      ] GC(308) - age  14:        696 bytes,     824088 total
[2023-03-15T05:49:17.721+0000][69][gc,heap     ] GC(308) Eden regions: 24->0(24)
[2023-03-15T05:49:17.722+0000][69][gc,heap     ] GC(308) Survivor regions: 1->1(4)
[2023-03-15T05:49:17.722+0000][69][gc,heap     ] GC(308) Old regions: 24->24
[2023-03-15T05:49:17.723+0000][69][gc,heap     ] GC(308) Archive regions: 2->2
[2023-03-15T05:49:17.724+0000][69][gc,heap     ] GC(308) Humongous regions: 2->2
[2023-03-15T05:49:17.724+0000][69][gc,metaspace] GC(308) Metaspace: 137976K(141312K)->137976K(141312K) NonClass: 120459K(121600K)->120459K(121600K) Class: 17517K(19712K)->17517K(19712K)
[2023-03-15T05:49:17.726+0000][69][gc          ] GC(308) Pause Young (Concurrent Start) (G1 Evacuation Pause) 204M->107M(256M) 33.444ms
[2023-03-15T05:49:17.726+0000][69][gc          ] GC(309) Concurrent Mark Cycle
[2023-03-15T05:49:17.727+0000][69][gc,marking  ] GC(309) Concurrent Clear Claimed Marks
[2023-03-15T05:49:17.726+0000][69][gc,cpu      ] GC(308) User=0.01s Sys=0.01s Real=0.03s
[2023-03-15T05:49:17.728+0000][69][gc,marking  ] GC(309) Concurrent Clear Claimed Marks 0.716ms
[2023-03-15T05:49:17.729+0000][69][gc,marking  ] GC(309) Concurrent Scan Root Regions
[2023-03-15T05:49:17.728+0000][69][safepoint   ] Safepoint "G1CollectForAllocation", Time since last: 591655367 ns, Reaching safepoint: 379210 ns, At safepoint: 35918634 ns, Total: 36297844 ns
[2023-03-15T05:49:17.731+0000][69][gc,marking  ] GC(309) Concurrent Scan Root Regions 2.423ms
[2023-03-15T05:49:17.732+0000][69][gc,marking  ] GC(309) Concurrent Mark
[2023-03-15T05:49:17.732+0000][69][gc,marking  ] GC(309) Concurrent Mark From Roots
[2023-03-15T05:49:17.733+0000][69][gc,task     ] GC(309) Using 1 workers of 1 for marking
[2023-03-15T05:49:17.833+0000][69][gc,marking  ] GC(309) Concurrent Mark From Roots 100.270ms
[2023-03-15T05:49:17.834+0000][69][gc,marking  ] GC(309) Concurrent Preclean
[2023-03-15T05:49:17.835+0000][69][gc,marking  ] GC(309) Concurrent Preclean 1.233ms
[2023-03-15T05:49:17.836+0000][69][gc,start    ] GC(309) Pause Remark
[2023-03-15T05:49:17.851+0000][69][gc          ] GC(309) Pause Remark 108M->108M(256M) 14.267ms
[2023-03-15T05:49:17.852+0000][69][gc,cpu      ] GC(309) User=0.03s Sys=0.00s Real=0.02s
[2023-03-15T05:49:17.852+0000][69][safepoint   ] Safepoint "G1PauseRemark", Time since last: 107708310 ns, Reaching safepoint: 275172 ns, At safepoint: 15802834 ns, Total: 16078006 ns
[2023-03-15T05:49:17.853+0000][69][gc,marking  ] GC(309) Concurrent Mark 120.831ms
[2023-03-15T05:49:17.853+0000][69][gc,marking  ] GC(309) Concurrent Rebuild Remembered Sets
[2023-03-15T05:49:17.903+0000][69][gc,marking  ] GC(309) Concurrent Rebuild Remembered Sets 50.024ms
[2023-03-15T05:49:17.904+0000][69][gc,start    ] GC(309) Pause Cleanup
[2023-03-15T05:49:17.905+0000][69][gc          ] GC(309) Pause Cleanup 108M->108M(256M) 1.116ms
[2023-03-15T05:49:17.906+0000][69][gc,cpu      ] GC(309) User=0.00s Sys=0.00s Real=0.00s
[2023-03-15T05:49:17.907+0000][69][safepoint   ] Safepoint "G1PauseCleanup", Time since last: 52233302 ns, Reaching safepoint: 82980 ns, At safepoint: 2353493 ns, Total: 2436473 ns
[2023-03-15T05:49:17.907+0000][69][gc,marking  ] GC(309) Concurrent Cleanup for Next Mark
[2023-03-15T05:49:17.908+0000][69][gc,marking  ] GC(309) Concurrent Cleanup for Next Mark 0.947ms
[2023-03-15T05:49:17.909+0000][69][gc          ] GC(309) Concurrent Mark Cycle 182.503ms
[2023-03-15T05:49:25.922+0000][69][safepoint   ] Safepoint "Cleanup", Time since last: 8015087070 ns, Reaching safepoint: 116107 ns, At safepoint: 4593 ns, Total: 120700 ns
[2023-03-15T05:49:30.930+0000][69][safepoint   ] Safepoint "Cleanup", Time since last: 5007529816 ns, Reaching safepoint: 730932 ns, At safepoint: 15531 ns, Total: 746463 ns
[2023-03-15T05:49:31.934+0000][69][safepoint   ] Safepoint "Cleanup", Time since last: 1003455326 ns, Reaching safepoint: 160677 ns, At safepoint: 4431 ns, Total: 165108 ns
[2023-03-15T05:49:40.534+0000][69][gc,start    ] GC(310) Pause Young (Normal) (G1 Evacuation Pause)
[2023-03-15T05:49:40.535+0000][69][gc,task     ] GC(310) Using 4 workers of 4 for evacuation
[2023-03-15T05:49:40.535+0000][69][gc,age      ] GC(310) Desired survivor size 8388608 bytes, new threshold 15 (max threshold 15)
[2023-03-15T05:49:40.539+0000][69][gc,phases   ] GC(310)   Pre Evacuate Collection Set: 0.1ms
[2023-03-15T05:49:40.540+0000][69][gc,phases   ] GC(310)   Merge Heap Roots: 0.0ms
[2023-03-15T05:49:40.541+0000][69][gc,phases   ] GC(310)   Evacuate Collection Set: 2.4ms
[2023-03-15T05:49:40.542+0000][69][gc,phases   ] GC(310)   Post Evacuate Collection Set: 1.0ms
[2023-03-15T05:49:40.543+0000][69][gc,phases   ] GC(310)   Other: 1.3ms
[2023-03-15T05:49:40.544+0000][69][gc,age      ] GC(310) Age table with threshold 15 (max threshold 15)
[2023-03-15T05:49:40.544+0000][69][gc,age      ] GC(310) - age   1:    1565312 bytes,    1565312 total
[2023-03-15T05:49:40.545+0000][69][gc,age      ] GC(310) - age   2:     119184 bytes,    1684496 total
[2023-03-15T05:49:40.545+0000][69][gc,age      ] GC(310) - age   3:       1128 bytes,    1685624 total
[2023-03-15T05:49:40.546+0000][69][gc,age      ] GC(310) - age   4:      21360 bytes,    1706984 total
[2023-03-15T05:49:40.546+0000][69][gc,age      ] GC(310) - age   5:        208 bytes,    1707192 total
[2023-03-15T05:49:40.547+0000][69][gc,age      ] GC(310) - age   6:       9056 bytes,    1716248 total
[2023-03-15T05:49:40.547+0000][69][gc,age      ] GC(310) - age   7:        424 bytes,    1716672 total
[2023-03-15T05:49:40.548+0000][69][gc,age      ] GC(310) - age   8:        400 bytes,    1717072 total
[2023-03-15T05:49:40.548+0000][69][gc,age      ] GC(310) - age   9:        104 bytes,    1717176 total
[2023-03-15T05:49:40.549+0000][69][gc,age      ] GC(310) - age  10:        904 bytes,    1718080 total
[2023-03-15T05:49:40.549+0000][69][gc,age      ] GC(310) - age  11:       7568 bytes,    1725648 total
[2023-03-15T05:49:40.549+0000][69][gc,age      ] GC(310) - age  12:       1608 bytes,    1727256 total
[2023-03-15T05:49:40.550+0000][69][gc,age      ] GC(310) - age  14:        160 bytes,    1727416 total
[2023-03-15T05:49:40.550+0000][69][gc,age      ] GC(310) - age  15:        696 bytes,    1728112 total
[2023-03-15T05:49:40.550+0000][69][gc,heap     ] GC(310) Eden regions: 24->0(24)
[2023-03-15T05:49:40.551+0000][69][gc,heap     ] GC(310) Survivor regions: 1->1(4)
[2023-03-15T05:49:40.551+0000][69][gc,heap     ] GC(310) Old regions: 24->24
[2023-03-15T05:49:40.551+0000][69][gc,heap     ] GC(310) Archive regions: 2->2
[2023-03-15T05:49:40.552+0000][69][gc,heap     ] GC(310) Humongous regions: 2->2
[2023-03-15T05:49:40.552+0000][69][gc,metaspace] GC(310) Metaspace: 137978K(141312K)->137978K(141312K) NonClass: 120461K(121600K)->120461K(121600K) Class: 17517K(19712K)->17517K(19712K)
[2023-03-15T05:49:40.553+0000][69][gc          ] GC(310) Pause Young (Normal) (G1 Evacuation Pause) 203M->108M(256M) 18.831ms
[2023-03-15T05:49:40.553+0000][69][gc,cpu      ] GC(310) User=0.00s Sys=0.01s Real=0.02s
[2023-03-15T05:49:40.553+0000][69][safepoint   ] Safepoint "G1CollectForAllocation", Time since last: 8599745478 ns, Reaching safepoint: 99644 ns, At safepoint: 19769406 ns, Total: 19869050 ns
[2023-03-15T05:49:51.555+0000][69][safepoint   ] Safepoint "Cleanup", Time since last: 11022141157 ns, Reaching safepoint: 459441 ns, At safepoint: 13738 ns, Total: 473179 ns
[2023-03-15T05:50:16.054+0000][69][gc,start    ] GC(311) Pause Young (Concurrent Start) (G1 Evacuation Pause)
[2023-03-15T05:50:16.054+0000][69][gc,task     ] GC(311) Using 4 workers of 4 for evacuation
[2023-03-15T05:50:16.055+0000][69][gc,age      ] GC(311) Desired survivor size 8388608 bytes, new threshold 15 (max threshold 15)
[2023-03-15T05:50:16.060+0000][69][gc,phases   ] GC(311)   Pre Evacuate Collection Set: 0.4ms
[2023-03-15T05:50:16.061+0000][69][gc,phases   ] GC(311)   Merge Heap Roots: 0.1ms
[2023-03-15T05:50:16.061+0000][69][gc,phases   ] GC(311)   Evacuate Collection Set: 2.8ms
[2023-03-15T05:50:16.062+0000][69][gc,phases   ] GC(311)   Post Evacuate Collection Set: 0.9ms
[2023-03-15T05:50:16.062+0000][69][gc,phases   ] GC(311)   Other: 1.3ms
[2023-03-15T05:50:16.063+0000][69][gc,age      ] GC(311) Age table with threshold 15 (max threshold 15)
[2023-03-15T05:50:16.063+0000][69][gc,age      ] GC(311) - age   1:    1586264 bytes,    1586264 total
[2023-03-15T05:50:16.064+0000][69][gc,age      ] GC(311) - age   2:     435488 bytes,    2021752 total
[2023-03-15T05:50:16.064+0000][69][gc,age      ] GC(311) - age   3:       9080 bytes,    2030832 total
[2023-03-15T05:50:16.065+0000][69][gc,age      ] GC(311) - age   4:         88 bytes,    2030920 total
[2023-03-15T05:50:16.065+0000][69][gc,age      ] GC(311) - age   5:      21000 bytes,    2051920 total
[2023-03-15T05:50:16.066+0000][69][gc,age      ] GC(311) - age   6:        208 bytes,    2052128 total
[2023-03-15T05:50:16.066+0000][69][gc,age      ] GC(311) - age   7:       9056 bytes,    2061184 total
[2023-03-15T05:50:16.067+0000][69][gc,age      ] GC(311) - age   8:        424 bytes,    2061608 total
[2023-03-15T05:50:16.067+0000][69][gc,age      ] GC(311) - age   9:        400 bytes,    2062008 total
[2023-03-15T05:50:16.068+0000][69][gc,age      ] GC(311) - age  10:        104 bytes,    2062112 total
[2023-03-15T05:50:16.068+0000][69][gc,age      ] GC(311) - age  11:        840 bytes,    2062952 total
[2023-03-15T05:50:16.069+0000][69][gc,age      ] GC(311) - age  12:       7272 bytes,    2070224 total
[2023-03-15T05:50:16.069+0000][69][gc,age      ] GC(311) - age  13:       1608 bytes,    2071832 total
[2023-03-15T05:50:16.069+0000][69][gc,age      ] GC(311) - age  15:        160 bytes,    2071992 total
[2023-03-15T05:50:16.070+0000][69][gc,heap     ] GC(311) Eden regions: 24->0(24)
[2023-03-15T05:50:16.070+0000][69][gc,heap     ] GC(311) Survivor regions: 1->1(4)
[2023-03-15T05:50:16.070+0000][69][gc,heap     ] GC(311) Old regions: 24->24
[2023-03-15T05:50:16.071+0000][69][gc,heap     ] GC(311) Archive regions: 2->2
[2023-03-15T05:50:16.071+0000][69][gc,heap     ] GC(311) Humongous regions: 2->2
[2023-03-15T05:50:16.071+0000][69][gc,metaspace] GC(311) Metaspace: 137978K(141312K)->137978K(141312K) NonClass: 120461K(121600K)->120461K(121600K) Class: 17517K(19712K)->17517K(19712K)
[2023-03-15T05:50:16.072+0000][69][gc          ] GC(311) Pause Young (Concurrent Start) (G1 Evacuation Pause) 204M->108M(256M) 17.982ms
[2023-03-15T05:50:16.072+0000][69][gc,cpu      ] GC(311) User=0.01s Sys=0.00s Real=0.02s
[2023-03-15T05:50:16.073+0000][69][safepoint   ] Safepoint "G1CollectForAllocation", Time since last: 24520546205 ns, Reaching safepoint: 154507 ns, At safepoint: 18904469 ns, Total: 19058976 ns
[2023-03-15T05:50:16.072+0000][69][gc          ] GC(312) Concurrent Mark Cycle
[2023-03-15T05:50:16.074+0000][69][gc,marking  ] GC(312) Concurrent Clear Claimed Marks
[2023-03-15T05:50:16.075+0000][69][gc,marking  ] GC(312) Concurrent Clear Claimed Marks 0.673ms
[2023-03-15T05:50:16.075+0000][69][gc,marking  ] GC(312) Concurrent Scan Root Regions
[2023-03-15T05:50:16.079+0000][69][gc,marking  ] GC(312) Concurrent Scan Root Regions 3.415ms
[2023-03-15T05:50:16.079+0000][69][gc,marking  ] GC(312) Concurrent Mark
[2023-03-15T05:50:16.080+0000][69][gc,marking  ] GC(312) Concurrent Mark From Roots
[2023-03-15T05:50:16.081+0000][69][gc,task     ] GC(312) Using 1 workers of 1 for marking
[2023-03-15T05:50:16.247+0000][69][gc,marking  ] GC(312) Concurrent Mark From Roots 166.670ms
[2023-03-15T05:50:16.247+0000][69][gc,marking  ] GC(312) Concurrent Preclean
[2023-03-15T05:50:16.248+0000][69][gc,marking  ] GC(312) Concurrent Preclean 0.961ms
[2023-03-15T05:50:16.249+0000][69][gc,start    ] GC(312) Pause Remark
[2023-03-15T05:50:16.260+0000][69][gc          ] GC(312) Pause Remark 111M->111M(256M) 10.406ms
[2023-03-15T05:50:16.260+0000][69][gc,cpu      ] GC(312) User=0.03s Sys=0.00s Real=0.01s
[2023-03-15T05:50:16.261+0000][69][safepoint   ] Safepoint "G1PauseRemark", Time since last: 176294531 ns, Reaching safepoint: 77525 ns, At safepoint: 11637550 ns, Total: 11715075 ns
[2023-03-15T05:50:16.261+0000][69][gc,marking  ] GC(312) Concurrent Mark 181.758ms
[2023-03-15T05:50:16.262+0000][69][gc,marking  ] GC(312) Concurrent Rebuild Remembered Sets
[2023-03-15T05:50:16.330+0000][69][gc,marking  ] GC(312) Concurrent Rebuild Remembered Sets 68.806ms
[2023-03-15T05:50:16.331+0000][69][gc,start    ] GC(312) Pause Cleanup
[2023-03-15T05:50:16.332+0000][69][gc          ] GC(312) Pause Cleanup 116M->116M(256M) 0.662ms
[2023-03-15T05:50:16.332+0000][69][gc,cpu      ] GC(312) User=0.00s Sys=0.00s Real=0.00s
[2023-03-15T05:50:16.333+0000][69][safepoint   ] Safepoint "G1PauseCleanup", Time since last: 70405675 ns, Reaching safepoint: 45257 ns, At safepoint: 1558307 ns, Total: 1603564 ns
[2023-03-15T05:50:16.334+0000][69][gc,marking  ] GC(312) Concurrent Cleanup for Next Mark
[2023-03-15T05:50:16.334+0000][69][gc,marking  ] GC(312) Concurrent Cleanup for Next Mark 0.762ms
[2023-03-15T05:50:16.335+0000][69][gc          ] GC(312) Concurrent Mark Cycle 262.485ms
[2023-03-15T05:50:28.355+0000][69][safepoint   ] Safepoint "Cleanup", Time since last: 12021547755 ns, Reaching safepoint: 231199 ns, At safepoint: 4489 ns, Total: 235688 ns
[2023-03-15T05:50:29.358+0000][69][safepoint   ] Safepoint "Cleanup", Time since last: 1002194256 ns, Reaching safepoint: 814089 ns, At safepoint: 44698 ns, Total: 858787 ns
[2023-03-15T05:50:46.325+0000][69][gc,start    ] GC(313) Pause Young (Normal) (G1 Evacuation Pause)
[2023-03-15T05:50:46.326+0000][69][gc,task     ] GC(313) Using 4 workers of 4 for evacuation
[2023-03-15T05:50:46.327+0000][69][gc,age      ] GC(313) Desired survivor size 8388608 bytes, new threshold 15 (max threshold 15)
[2023-03-15T05:50:46.331+0000][69][gc,phases   ] GC(313)   Pre Evacuate Collection Set: 0.1ms
[2023-03-15T05:50:46.331+0000][69][gc,phases   ] GC(313)   Merge Heap Roots: 0.1ms
[2023-03-15T05:50:46.332+0000][69][gc,phases   ] GC(313)   Evacuate Collection Set: 2.1ms
[2023-03-15T05:50:46.333+0000][69][gc,phases   ] GC(313)   Post Evacuate Collection Set: 0.7ms
[2023-03-15T05:50:46.333+0000][69][gc,phases   ] GC(313)   Other: 1.5ms
[2023-03-15T05:50:46.333+0000][69][gc,age      ] GC(313) Age table with threshold 15 (max threshold 15)
[2023-03-15T05:50:46.334+0000][69][gc,age      ] GC(313) - age   1:    1720448 bytes,    1720448 total
[2023-03-15T05:50:46.334+0000][69][gc,age      ] GC(313) - age   2:      19216 bytes,    1739664 total
[2023-03-15T05:50:46.335+0000][69][gc,age      ] GC(313) - age   3:     422488 bytes,    2162152 total
[2023-03-15T05:50:46.335+0000][69][gc,age      ] GC(313) - age   4:       9048 bytes,    2171200 total
[2023-03-15T05:50:46.335+0000][69][gc,age      ] GC(313) - age   5:         88 bytes,    2171288 total
[2023-03-15T05:50:46.336+0000][69][gc,age      ] GC(313) - age   6:       4592 bytes,    2175880 total
[2023-03-15T05:50:46.336+0000][69][gc,age      ] GC(313) - age   7:        208 bytes,    2176088 total
[2023-03-15T05:50:46.337+0000][69][gc,age      ] GC(313) - age   8:       9056 bytes,    2185144 total
[2023-03-15T05:50:46.337+0000][69][gc,age      ] GC(313) - age   9:        424 bytes,    2185568 total
[2023-03-15T05:50:46.337+0000][69][gc,age      ] GC(313) - age  10:        400 bytes,    2185968 total
[2023-03-15T05:50:46.338+0000][69][gc,age      ] GC(313) - age  11:        104 bytes,    2186072 total
[2023-03-15T05:50:46.338+0000][69][gc,age      ] GC(313) - age  12:        840 bytes,    2186912 total
[2023-03-15T05:50:46.338+0000][69][gc,age      ] GC(313) - age  13:       7272 bytes,    2194184 total
[2023-03-15T05:50:46.339+0000][69][gc,age      ] GC(313) - age  14:       1608 bytes,    2195792 total
[2023-03-15T05:50:46.339+0000][69][gc,heap     ] GC(313) Eden regions: 24->0(23)
[2023-03-15T05:50:46.339+0000][69][gc,heap     ] GC(313) Survivor regions: 1->1(4)
[2023-03-15T05:50:46.339+0000][69][gc,heap     ] GC(313) Old regions: 24->24
[2023-03-15T05:50:46.340+0000][69][gc,heap     ] GC(313) Archive regions: 2->2
[2023-03-15T05:50:46.340+0000][69][gc,heap     ] GC(313) Humongous regions: 2->2
[2023-03-15T05:50:46.340+0000][69][gc,metaspace] GC(313) Metaspace: 137989K(141312K)->137989K(141312K) NonClass: 120471K(121600K)->120471K(121600K) Class: 17517K(19712K)->17517K(19712K)
[2023-03-15T05:50:46.340+0000][69][gc          ] GC(313) Pause Young (Normal) (G1 Evacuation Pause) 204M->108M(256M) 15.056ms
[2023-03-15T05:50:46.341+0000][69][gc,cpu      ] GC(313) User=0.01s Sys=0.00s Real=0.01s
[2023-03-15T05:50:46.341+0000][69][safepoint   ] Safepoint "G1CollectForAllocation", Time since last: 16991007865 ns, Reaching safepoint: 146957 ns, At safepoint: 15791389 ns, Total: 15938346 ns
[2023-03-15T05:50:53.351+0000][69][safepoint   ] Safepoint "Cleanup", Time since last: 7009339267 ns, Reaching safepoint: 626102 ns, At safepoint: 18117 ns, Total: 644219 ns
[2023-03-15T05:51:04.381+0000][69][safepoint   ] Safepoint "Cleanup", Time since last: 11029428581 ns, Reaching safepoint: 437650 ns, At safepoint: 13317 ns, Total: 450967 ns
[2023-03-15T05:51:16.260+0000][69][gc,start    ] GC(314) Pause Young (Concurrent Start) (G1 Evacuation Pause)
[2023-03-15T05:51:16.260+0000][69][gc,task     ] GC(314) Using 4 workers of 4 for evacuation
[2023-03-15T05:51:16.261+0000][69][gc,age      ] GC(314) Desired survivor size 6291456 bytes, new threshold 15 (max threshold 15)
[2023-03-15T05:51:16.264+0000][69][gc,phases   ] GC(314)   Pre Evacuate Collection Set: 0.3ms
[2023-03-15T05:51:16.265+0000][69][gc,phases   ] GC(314)   Merge Heap Roots: 0.1ms
[2023-03-15T05:51:16.265+0000][69][gc,phases   ] GC(314)   Evacuate Collection Set: 1.4ms
[2023-03-15T05:51:16.265+0000][69][gc,phases   ] GC(314)   Post Evacuate Collection Set: 0.7ms
[2023-03-15T05:51:16.266+0000][69][gc,phases   ] GC(314)   Other: 1.1ms
[2023-03-15T05:51:16.266+0000][69][gc,age      ] GC(314) Age table with threshold 15 (max threshold 15)
[2023-03-15T05:51:16.267+0000][69][gc,age      ] GC(314) - age   1:     808624 bytes,     808624 total
[2023-03-15T05:51:16.267+0000][69][gc,age      ] GC(314) - age   2:      11888 bytes,     820512 total
[2023-03-15T05:51:16.268+0000][69][gc,age      ] GC(314) - age   3:      17928 bytes,     838440 total
[2023-03-15T05:51:16.268+0000][69][gc,age      ] GC(314) - age   4:     290960 bytes,    1129400 total
[2023-03-15T05:51:16.268+0000][69][gc,age      ] GC(314) - age   5:       8984 bytes,    1138384 total
[2023-03-15T05:51:16.269+0000][69][gc,age      ] GC(314) - age   7:       4592 bytes,    1142976 total
[2023-03-15T05:51:16.269+0000][69][gc,age      ] GC(314) - age   8:        208 bytes,    1143184 total
[2023-03-15T05:51:16.270+0000][69][gc,age      ] GC(314) - age   9:       9056 bytes,    1152240 total
[2023-03-15T05:51:16.270+0000][69][gc,age      ] GC(314) - age  10:        128 bytes,    1152368 total
[2023-03-15T05:51:16.270+0000][69][gc,age      ] GC(314) - age  11:        400 bytes,    1152768 total
[2023-03-15T05:51:16.271+0000][69][gc,age      ] GC(314) - age  12:        104 bytes,    1152872 total
[2023-03-15T05:51:16.271+0000][69][gc,age      ] GC(314) - age  13:        840 bytes,    1153712 total
[2023-03-15T05:51:16.271+0000][69][gc,age      ] GC(314) - age  14:       7192 bytes,    1160904 total
[2023-03-15T05:51:16.271+0000][69][gc,age      ] GC(314) - age  15:       1608 bytes,    1162512 total
[2023-03-15T05:51:16.272+0000][69][gc,heap     ] GC(314) Eden regions: 23->0(24)
[2023-03-15T05:51:16.272+0000][69][gc,heap     ] GC(314) Survivor regions: 1->1(3)
[2023-03-15T05:51:16.272+0000][69][gc,heap     ] GC(314) Old regions: 24->24
[2023-03-15T05:51:16.273+0000][69][gc,heap     ] GC(314) Archive regions: 2->2
[2023-03-15T05:51:16.273+0000][69][gc,heap     ] GC(314) Humongous regions: 2->2
[2023-03-15T05:51:16.273+0000][69][gc,metaspace] GC(314) Metaspace: 137989K(141312K)->137989K(141312K) NonClass: 120471K(121600K)->120471K(121600K) Class: 17517K(19712K)->17517K(19712K)
[2023-03-15T05:51:16.274+0000][69][gc          ] GC(314) Pause Young (Concurrent Start) (G1 Evacuation Pause) 200M->108M(256M) 13.760ms
[2023-03-15T05:51:16.274+0000][69][gc,cpu      ] GC(314) User=0.00s Sys=0.00s Real=0.02s
[2023-03-15T05:51:16.274+0000][69][safepoint   ] Safepoint "G1CollectForAllocation", Time since last: 11900610039 ns, Reaching safepoint: 58928 ns, At safepoint: 14531360 ns, Total: 14590288 ns
[2023-03-15T05:51:16.274+0000][69][gc          ] GC(315) Concurrent Mark Cycle
[2023-03-15T05:51:16.275+0000][69][gc,marking  ] GC(315) Concurrent Clear Claimed Marks
[2023-03-15T05:51:16.278+0000][69][gc,marking  ] GC(315) Concurrent Clear Claimed Marks 2.435ms
[2023-03-15T05:51:16.278+0000][69][gc,marking  ] GC(315) Concurrent Scan Root Regions
[2023-03-15T05:51:16.281+0000][69][gc,marking  ] GC(315) Concurrent Scan Root Regions 2.479ms
[2023-03-15T05:51:16.282+0000][69][gc,marking  ] GC(315) Concurrent Mark
[2023-03-15T05:51:16.282+0000][69][gc,marking  ] GC(315) Concurrent Mark From Roots
[2023-03-15T05:51:16.283+0000][69][gc,task     ] GC(315) Using 1 workers of 1 for marking
[2023-03-15T05:51:16.397+0000][69][gc,marking  ] GC(315) Concurrent Mark From Roots 114.780ms
[2023-03-15T05:51:16.399+0000][69][gc,marking  ] GC(315) Concurrent Preclean
[2023-03-15T05:51:16.400+0000][69][gc,marking  ] GC(315) Concurrent Preclean 1.384ms
[2023-03-15T05:51:16.401+0000][69][gc,start    ] GC(315) Pause Remark
[2023-03-15T05:51:16.413+0000][69][gc          ] GC(315) Pause Remark 110M->110M(256M) 11.873ms
[2023-03-15T05:51:16.414+0000][69][gc,cpu      ] GC(315) User=0.03s Sys=0.00s Real=0.02s
[2023-03-15T05:51:16.414+0000][69][safepoint   ] Safepoint "G1PauseRemark", Time since last: 126271590 ns, Reaching safepoint: 118831 ns, At safepoint: 13411656 ns, Total: 13530487 ns
[2023-03-15T05:51:16.415+0000][69][gc,marking  ] GC(315) Concurrent Mark 133.174ms
[2023-03-15T05:51:16.415+0000][69][gc,marking  ] GC(315) Concurrent Rebuild Remembered Sets
[2023-03-15T05:51:16.465+0000][69][gc,marking  ] GC(315) Concurrent Rebuild Remembered Sets 50.107ms
[2023-03-15T05:51:16.467+0000][69][gc,start    ] GC(315) Pause Cleanup
[2023-03-15T05:51:16.468+0000][69][gc          ] GC(315) Pause Cleanup 111M->111M(256M) 1.197ms
[2023-03-15T05:51:16.469+0000][69][gc,cpu      ] GC(315) User=0.00s Sys=0.00s Real=0.00s
[2023-03-15T05:51:16.469+0000][69][safepoint   ] Safepoint "G1PauseCleanup", Time since last: 52289489 ns, Reaching safepoint: 171588 ns, At safepoint: 2434815 ns, Total: 2606403 ns
[2023-03-15T05:51:16.470+0000][69][gc,marking  ] GC(315) Concurrent Cleanup for Next Mark
[2023-03-15T05:51:16.470+0000][69][gc,marking  ] GC(315) Concurrent Cleanup for Next Mark 0.780ms
[2023-03-15T05:51:16.471+0000][69][gc          ] GC(315) Concurrent Mark Cycle 196.804ms
[2023-03-15T05:51:22.480+0000][69][safepoint   ] Safepoint "Cleanup", Time since last: 6010348822 ns, Reaching safepoint: 339808 ns, At safepoint: 13171 ns, Total: 352979 ns
[2023-03-15T05:51:40.500+0000][69][safepoint   ] Safepoint "Cleanup", Time since last: 18019925828 ns, Reaching safepoint: 379318 ns, At safepoint: 33679 ns, Total: 412997 ns
[2023-03-15T05:51:46.392+0000][69][gc,start    ] GC(316) Pause Young (Normal) (G1 Evacuation Pause)
[2023-03-15T05:51:46.394+0000][69][gc,task     ] GC(316) Using 4 workers of 4 for evacuation
[2023-03-15T05:51:46.396+0000][69][gc,age      ] GC(316) Desired survivor size 8388608 bytes, new threshold 15 (max threshold 15)
[2023-03-15T05:51:46.404+0000][69][gc,phases   ] GC(316)   Pre Evacuate Collection Set: 0.1ms
[2023-03-15T05:51:46.405+0000][69][gc,phases   ] GC(316)   Merge Heap Roots: 0.2ms
[2023-03-15T05:51:46.406+0000][69][gc,phases   ] GC(316)   Evacuate Collection Set: 3.7ms
[2023-03-15T05:51:46.406+0000][69][gc,phases   ] GC(316)   Post Evacuate Collection Set: 1.3ms
[2023-03-15T05:51:46.407+0000][69][gc,phases   ] GC(316)   Other: 4.2ms
[2023-03-15T05:51:46.408+0000][69][gc,age      ] GC(316) Age table with threshold 15 (max threshold 15)
[2023-03-15T05:51:46.409+0000][69][gc,age      ] GC(316) - age   1:    1252264 bytes,    1252264 total
[2023-03-15T05:51:46.410+0000][69][gc,age      ] GC(316) - age   2:     118712 bytes,    1370976 total
[2023-03-15T05:51:46.410+0000][69][gc,age      ] GC(316) - age   3:      10848 bytes,    1381824 total
[2023-03-15T05:51:46.411+0000][69][gc,age      ] GC(316) - age   4:      17360 bytes,    1399184 total
[2023-03-15T05:51:46.412+0000][69][gc,age      ] GC(316) - age   5:     290536 bytes,    1689720 total
[2023-03-15T05:51:46.413+0000][69][gc,age      ] GC(316) - age   6:       8984 bytes,    1698704 total
[2023-03-15T05:51:46.413+0000][69][gc,age      ] GC(316) - age   8:       4592 bytes,    1703296 total
[2023-03-15T05:51:46.414+0000][69][gc,age      ] GC(316) - age   9:        208 bytes,    1703504 total
[2023-03-15T05:51:46.415+0000][69][gc,age      ] GC(316) - age  10:       9056 bytes,    1712560 total
[2023-03-15T05:51:46.415+0000][69][gc,age      ] GC(316) - age  11:        128 bytes,    1712688 total
[2023-03-15T05:51:46.416+0000][69][gc,age      ] GC(316) - age  12:        400 bytes,    1713088 total
[2023-03-15T05:51:46.417+0000][69][gc,age      ] GC(316) - age  13:        104 bytes,    1713192 total
[2023-03-15T05:51:46.418+0000][69][gc,age      ] GC(316) - age  14:        840 bytes,    1714032 total
[2023-03-15T05:51:46.419+0000][69][gc,age      ] GC(316) - age  15:       7192 bytes,    1721224 total
[2023-03-15T05:51:46.419+0000][69][gc,heap     ] GC(316) Eden regions: 24->0(24)
[2023-03-15T05:51:46.420+0000][69][gc,heap     ] GC(316) Survivor regions: 1->1(4)
[2023-03-15T05:51:46.420+0000][69][gc,heap     ] GC(316) Old regions: 24->24
[2023-03-15T05:51:46.421+0000][69][gc,heap     ] GC(316) Archive regions: 2->2
[2023-03-15T05:51:46.421+0000][69][gc,heap     ] GC(316) Humongous regions: 2->2
[2023-03-15T05:51:46.422+0000][69][gc,metaspace] GC(316) Metaspace: 137989K(141312K)->137989K(141312K) NonClass: 120471K(121600K)->120471K(121600K) Class: 17517K(19712K)->17517K(19712K)
[2023-03-15T05:51:46.423+0000][69][gc          ] GC(316) Pause Young (Normal) (G1 Evacuation Pause) 204M->108M(256M) 30.353ms
[2023-03-15T05:51:46.423+0000][69][gc,cpu      ] GC(316) User=0.01s Sys=0.00s Real=0.03s
[2023-03-15T05:51:46.424+0000][69][safepoint   ] Safepoint "G1CollectForAllocation", Time since last: 5910845009 ns, Reaching safepoint: 478454 ns, At safepoint: 31682138 ns, Total: 32160592 ns
[2023-03-15T05:52:04.456+0000][69][safepoint   ] Safepoint "Cleanup", Time since last: 18031478006 ns, Reaching safepoint: 244916 ns, At safepoint: 7385 ns, Total: 252301 ns
[2023-03-15T05:52:22.049+0000][69][gc,start    ] GC(317) Pause Young (Concurrent Start) (G1 Evacuation Pause)
[2023-03-15T05:52:22.050+0000][69][gc,task     ] GC(317) Using 4 workers of 4 for evacuation
[2023-03-15T05:52:22.051+0000][69][gc,age      ] GC(317) Desired survivor size 8388608 bytes, new threshold 15 (max threshold 15)
[2023-03-15T05:52:22.056+0000][69][gc,phases   ] GC(317)   Pre Evacuate Collection Set: 0.5ms
[2023-03-15T05:52:22.057+0000][69][gc,phases   ] GC(317)   Merge Heap Roots: 0.1ms
[2023-03-15T05:52:22.058+0000][69][gc,phases   ] GC(317)   Evacuate Collection Set: 2.3ms
[2023-03-15T05:52:22.058+0000][69][gc,phases   ] GC(317)   Post Evacuate Collection Set: 0.9ms
[2023-03-15T05:52:22.059+0000][69][gc,phases   ] GC(317)   Other: 2.0ms
[2023-03-15T05:52:22.060+0000][69][gc,age      ] GC(317) Age table with threshold 15 (max threshold 15)
[2023-03-15T05:52:22.060+0000][69][gc,age      ] GC(317) - age   1:    1348472 bytes,    1348472 total
[2023-03-15T05:52:22.061+0000][69][gc,age      ] GC(317) - age   2:      60552 bytes,    1409024 total
[2023-03-15T05:52:22.061+0000][69][gc,age      ] GC(317) - age   3:     117592 bytes,    1526616 total
[2023-03-15T05:52:22.062+0000][69][gc,age      ] GC(317) - age   4:      10656 bytes,    1537272 total
[2023-03-15T05:52:22.062+0000][69][gc,age      ] GC(317) - age   5:      17120 bytes,    1554392 total
[2023-03-15T05:52:22.063+0000][69][gc,age      ] GC(317) - age   6:     290536 bytes,    1844928 total
[2023-03-15T05:52:22.063+0000][69][gc,age      ] GC(317) - age   7:       8984 bytes,    1853912 total
[2023-03-15T05:52:22.064+0000][69][gc,age      ] GC(317) - age   9:       4592 bytes,    1858504 total
[2023-03-15T05:52:22.064+0000][69][gc,age      ] GC(317) - age  10:        208 bytes,    1858712 total
[2023-03-15T05:52:22.065+0000][69][gc,age      ] GC(317) - age  11:       9056 bytes,    1867768 total
[2023-03-15T05:52:22.066+0000][69][gc,age      ] GC(317) - age  12:        128 bytes,    1867896 total
[2023-03-15T05:52:22.066+0000][69][gc,age      ] GC(317) - age  13:        400 bytes,    1868296 total
[2023-03-15T05:52:22.066+0000][69][gc,age      ] GC(317) - age  14:        104 bytes,    1868400 total
[2023-03-15T05:52:22.067+0000][69][gc,age      ] GC(317) - age  15:        840 bytes,    1869240 total
[2023-03-15T05:52:22.067+0000][69][gc,heap     ] GC(317) Eden regions: 24->0(24)
[2023-03-15T05:52:22.068+0000][69][gc,heap     ] GC(317) Survivor regions: 1->1(4)
[2023-03-15T05:52:22.068+0000][69][gc,heap     ] GC(317) Old regions: 24->24
[2023-03-15T05:52:22.069+0000][69][gc,heap     ] GC(317) Archive regions: 2->2
[2023-03-15T05:52:22.070+0000][69][gc,heap     ] GC(317) Humongous regions: 2->2
[2023-03-15T05:52:22.070+0000][69][gc,metaspace] GC(317) Metaspace: 137990K(141312K)->137990K(141312K) NonClass: 120473K(121600K)->120473K(121600K) Class: 17517K(19712K)->17517K(19712K)
[2023-03-15T05:52:22.071+0000][69][gc          ] GC(317) Pause Young (Concurrent Start) (G1 Evacuation Pause) 204M->108M(256M) 21.743ms
[2023-03-15T05:52:22.071+0000][69][gc          ] GC(318) Concurrent Mark Cycle
[2023-03-15T05:52:22.072+0000][69][gc,marking  ] GC(318) Concurrent Clear Claimed Marks
[2023-03-15T05:52:22.072+0000][69][gc,marking  ] GC(318) Concurrent Clear Claimed Marks 0.618ms
[2023-03-15T05:52:22.073+0000][69][gc,marking  ] GC(318) Concurrent Scan Root Regions
[2023-03-15T05:52:22.071+0000][69][gc,cpu      ] GC(317) User=0.01s Sys=0.00s Real=0.02s
[2023-03-15T05:52:22.076+0000][69][gc,marking  ] GC(318) Concurrent Scan Root Regions 2.933ms
[2023-03-15T05:52:22.076+0000][69][gc,marking  ] GC(318) Concurrent Mark
[2023-03-15T05:52:22.077+0000][69][gc,marking  ] GC(318) Concurrent Mark From Roots
[2023-03-15T05:52:22.077+0000][69][gc,task     ] GC(318) Using 1 workers of 1 for marking
[2023-03-15T05:52:22.076+0000][69][safepoint   ] Safepoint "G1CollectForAllocation", Time since last: 17615873612 ns, Reaching safepoint: 161152 ns, At safepoint: 27368461 ns, Total: 27529613 ns
[2023-03-15T05:52:22.226+0000][69][gc,marking  ] GC(318) Concurrent Mark From Roots 149.148ms
[2023-03-15T05:52:22.227+0000][69][gc,marking  ] GC(318) Concurrent Preclean
[2023-03-15T05:52:22.227+0000][69][gc,marking  ] GC(318) Concurrent Preclean 0.875ms
[2023-03-15T05:52:22.228+0000][69][gc,start    ] GC(318) Pause Remark
[2023-03-15T05:52:22.237+0000][69][gc          ] GC(318) Pause Remark 111M->111M(256M) 8.686ms
[2023-03-15T05:52:22.238+0000][69][gc,cpu      ] GC(318) User=0.03s Sys=0.00s Real=0.01s
[2023-03-15T05:52:22.238+0000][69][safepoint   ] Safepoint "G1PauseRemark", Time since last: 151714313 ns, Reaching safepoint: 163820 ns, At safepoint: 10013018 ns, Total: 10176838 ns
[2023-03-15T05:52:22.238+0000][69][gc,marking  ] GC(318) Concurrent Mark 162.099ms
[2023-03-15T05:52:22.239+0000][69][gc,marking  ] GC(318) Concurrent Rebuild Remembered Sets
[2023-03-15T05:52:22.315+0000][69][gc,marking  ] GC(318) Concurrent Rebuild Remembered Sets 76.293ms
[2023-03-15T05:52:22.316+0000][69][gc,start    ] GC(318) Pause Cleanup
[2023-03-15T05:52:22.317+0000][69][gc          ] GC(318) Pause Cleanup 112M->112M(256M) 0.653ms
[2023-03-15T05:52:22.317+0000][69][gc,cpu      ] GC(318) User=0.00s Sys=0.00s Real=0.00s
[2023-03-15T05:52:22.318+0000][69][safepoint   ] Safepoint "G1PauseCleanup", Time since last: 78045968 ns, Reaching safepoint: 233969 ns, At safepoint: 1519908 ns, Total: 1753877 ns
[2023-03-15T05:52:22.318+0000][69][gc,marking  ] GC(318) Concurrent Cleanup for Next Mark
[2023-03-15T05:52:22.319+0000][69][gc,marking  ] GC(318) Concurrent Cleanup for Next Mark 0.745ms
[2023-03-15T05:52:22.319+0000][69][gc          ] GC(318) Concurrent Mark Cycle 248.214ms
[2023-03-15T05:52:28.325+0000][69][safepoint   ] Safepoint "Cleanup", Time since last: 6006679121 ns, Reaching safepoint: 156166 ns, At safepoint: 5524 ns, Total: 161690 ns
[2023-03-15T05:52:52.288+0000][69][gc,start    ] GC(319) Pause Young (Normal) (G1 Evacuation Pause)
[2023-03-15T05:52:52.289+0000][69][gc,task     ] GC(319) Using 4 workers of 4 for evacuation
[2023-03-15T05:52:52.289+0000][69][gc,age      ] GC(319) Desired survivor size 8388608 bytes, new threshold 15 (max threshold 15)
[2023-03-15T05:52:52.293+0000][69][gc,phases   ] GC(319)   Pre Evacuate Collection Set: 0.1ms
[2023-03-15T05:52:52.293+0000][69][gc,phases   ] GC(319)   Merge Heap Roots: 0.1ms
[2023-03-15T05:52:52.294+0000][69][gc,phases   ] GC(319)   Evacuate Collection Set: 2.0ms
[2023-03-15T05:52:52.295+0000][69][gc,phases   ] GC(319)   Post Evacuate Collection Set: 0.8ms
[2023-03-15T05:52:52.295+0000][69][gc,phases   ] GC(319)   Other: 0.8ms
[2023-03-15T05:52:52.295+0000][69][gc,age      ] GC(319) Age table with threshold 15 (max threshold 15)
[2023-03-15T05:52:52.296+0000][69][gc,age      ] GC(319) - age   1:    1759344 bytes,    1759344 total
[2023-03-15T05:52:52.297+0000][69][gc,age      ] GC(319) - age   2:     111240 bytes,    1870584 total
[2023-03-15T05:52:52.297+0000][69][gc,age      ] GC(319) - age   3:        880 bytes,    1871464 total
[2023-03-15T05:52:52.298+0000][69][gc,age      ] GC(319) - age   4:       9184 bytes,    1880648 total
[2023-03-15T05:52:52.298+0000][69][gc,age      ] GC(319) - age   5:       9512 bytes,    1890160 total
[2023-03-15T05:52:52.298+0000][69][gc,age      ] GC(319) - age   6:      17120 bytes,    1907280 total
[2023-03-15T05:52:52.299+0000][69][gc,age      ] GC(319) - age   7:     290536 bytes,    2197816 total
[2023-03-15T05:52:52.299+0000][69][gc,age      ] GC(319) - age   8:       8984 bytes,    2206800 total
[2023-03-15T05:52:52.300+0000][69][gc,age      ] GC(319) - age  10:       4592 bytes,    2211392 total
[2023-03-15T05:52:52.300+0000][69][gc,age      ] GC(319) - age  11:        208 bytes,    2211600 total
[2023-03-15T05:52:52.301+0000][69][gc,age      ] GC(319) - age  12:        624 bytes,    2212224 total
[2023-03-15T05:52:52.301+0000][69][gc,age      ] GC(319) - age  13:        128 bytes,    2212352 total
[2023-03-15T05:52:52.301+0000][69][gc,age      ] GC(319) - age  14:        400 bytes,    2212752 total
[2023-03-15T05:52:52.302+0000][69][gc,age      ] GC(319) - age  15:        104 bytes,    2212856 total
[2023-03-15T05:52:52.302+0000][69][gc,heap     ] GC(319) Eden regions: 24->0(23)
[2023-03-15T05:52:52.303+0000][69][gc,heap     ] GC(319) Survivor regions: 1->1(4)
[2023-03-15T05:52:52.303+0000][69][gc,heap     ] GC(319) Old regions: 24->24
[2023-03-15T05:52:52.304+0000][69][gc,heap     ] GC(319) Archive regions: 2->2
[2023-03-15T05:52:52.304+0000][69][gc,heap     ] GC(319) Humongous regions: 2->2
[2023-03-15T05:52:52.305+0000][69][gc,metaspace] GC(319) Metaspace: 137991K(141312K)->137991K(141312K) NonClass: 120473K(121600K)->120473K(121600K) Class: 17517K(19712K)->17517K(19712K)
[2023-03-15T05:52:52.305+0000][69][gc          ] GC(319) Pause Young (Normal) (G1 Evacuation Pause) 204M->109M(256M) 16.796ms
[2023-03-15T05:52:52.305+0000][69][gc,cpu      ] GC(319) User=0.01s Sys=0.00s Real=0.02s
[2023-03-15T05:52:52.306+0000][69][safepoint   ] Safepoint "G1CollectForAllocation", Time since last: 23984613791 ns, Reaching safepoint: 125430 ns, At safepoint: 17924523 ns, Total: 18049953 ns
[2023-03-15T05:52:54.310+0000][69][safepoint   ] Safepoint "Cleanup", Time since last: 2003603701 ns, Reaching safepoint: 517339 ns, At safepoint: 30503 ns, Total: 547842 ns
[2023-03-15T05:53:04.332+0000][69][safepoint   ] Safepoint "Cleanup", Time since last: 10021174897 ns, Reaching safepoint: 398139 ns, At safepoint: 9549 ns, Total: 407688 ns
[2023-03-15T05:53:05.334+0000][69][safepoint   ] Safepoint "Cleanup", Time since last: 1002017528 ns, Reaching safepoint: 89809 ns, At safepoint: 3509 ns, Total: 93318 ns
[2023-03-15T05:53:19.341+0000][69][safepoint   ] Safepoint "Cleanup", Time since last: 14027336273 ns, Reaching safepoint: 89734 ns, At safepoint: 3812 ns, Total: 93546 ns
[2023-03-15T05:53:20.347+0000][69][safepoint   ] Safepoint "Cleanup", Time since last: 1005942750 ns, Reaching safepoint: 280762 ns, At safepoint: 11444 ns, Total: 292206 ns
[2023-03-15T05:53:21.721+0000][69][gc,start    ] GC(320) Pause Young (Concurrent Start) (G1 Evacuation Pause)
[2023-03-15T05:53:21.721+0000][69][gc,task     ] GC(320) Using 4 workers of 4 for evacuation
[2023-03-15T05:53:21.722+0000][69][gc,age      ] GC(320) Desired survivor size 6291456 bytes, new threshold 15 (max threshold 15)
[2023-03-15T05:53:21.726+0000][69][gc,phases   ] GC(320)   Pre Evacuate Collection Set: 0.4ms
[2023-03-15T05:53:21.727+0000][69][gc,phases   ] GC(320)   Merge Heap Roots: 0.1ms
[2023-03-15T05:53:21.728+0000][69][gc,phases   ] GC(320)   Evacuate Collection Set: 2.3ms
[2023-03-15T05:53:21.728+0000][69][gc,phases   ] GC(320)   Post Evacuate Collection Set: 0.8ms
[2023-03-15T05:53:21.729+0000][69][gc,phases   ] GC(320)   Other: 1.2ms
[2023-03-15T05:53:21.730+0000][69][gc,age      ] GC(320) Age table with threshold 15 (max threshold 15)
[2023-03-15T05:53:21.731+0000][69][gc,age      ] GC(320) - age   1:    1004456 bytes,    1004456 total
[2023-03-15T05:53:21.731+0000][69][gc,age      ] GC(320) - age   2:       2000 bytes,    1006456 total
[2023-03-15T05:53:21.732+0000][69][gc,age      ] GC(320) - age   3:        616 bytes,    1007072 total
[2023-03-15T05:53:21.732+0000][69][gc,age      ] GC(320) - age   4:        816 bytes,    1007888 total
[2023-03-15T05:53:21.733+0000][69][gc,age      ] GC(320) - age   5:       9096 bytes,    1016984 total
[2023-03-15T05:53:21.733+0000][69][gc,age      ] GC(320) - age   6:       9216 bytes,    1026200 total
[2023-03-15T05:53:21.734+0000][69][gc,age      ] GC(320) - age   7:      17120 bytes,    1043320 total
[2023-03-15T05:53:21.734+0000][69][gc,age      ] GC(320) - age   8:     290536 bytes,    1333856 total
[2023-03-15T05:53:21.734+0000][69][gc,age      ] GC(320) - age   9:       8984 bytes,    1342840 total
[2023-03-15T05:53:21.735+0000][69][gc,age      ] GC(320) - age  11:       4384 bytes,    1347224 total
[2023-03-15T05:53:21.735+0000][69][gc,age      ] GC(320) - age  12:        208 bytes,    1347432 total
[2023-03-15T05:53:21.736+0000][69][gc,age      ] GC(320) - age  13:        624 bytes,    1348056 total
[2023-03-15T05:53:21.736+0000][69][gc,age      ] GC(320) - age  14:        128 bytes,    1348184 total
[2023-03-15T05:53:21.737+0000][69][gc,age      ] GC(320) - age  15:        400 bytes,    1348584 total
[2023-03-15T05:53:21.737+0000][69][gc,heap     ] GC(320) Eden regions: 23->0(24)
[2023-03-15T05:53:21.737+0000][69][gc,heap     ] GC(320) Survivor regions: 1->1(3)
[2023-03-15T05:53:21.738+0000][69][gc,heap     ] GC(320) Old regions: 24->24
[2023-03-15T05:53:21.738+0000][69][gc,heap     ] GC(320) Archive regions: 2->2
[2023-03-15T05:53:21.739+0000][69][gc,heap     ] GC(320) Humongous regions: 2->2
[2023-03-15T05:53:21.739+0000][69][gc,metaspace] GC(320) Metaspace: 138014K(141312K)->138014K(141312K) NonClass: 120497K(121600K)->120497K(121600K) Class: 17517K(19712K)->17517K(19712K)
[2023-03-15T05:53:21.739+0000][69][gc          ] GC(320) Pause Young (Concurrent Start) (G1 Evacuation Pause) 201M->108M(256M) 18.874ms
[2023-03-15T05:53:21.740+0000][69][gc,cpu      ] GC(320) User=0.01s Sys=0.00s Real=0.02s
[2023-03-15T05:53:21.740+0000][69][safepoint   ] Safepoint "G1CollectForAllocation", Time since last: 1373213776 ns, Reaching safepoint: 363766 ns, At safepoint: 19962508 ns, Total: 20326274 ns
[2023-03-15T05:53:21.740+0000][69][gc          ] GC(321) Concurrent Mark Cycle
[2023-03-15T05:53:21.742+0000][69][gc,marking  ] GC(321) Concurrent Clear Claimed Marks
[2023-03-15T05:53:21.742+0000][69][gc,marking  ] GC(321) Concurrent Clear Claimed Marks 0.880ms
[2023-03-15T05:53:21.743+0000][69][gc,marking  ] GC(321) Concurrent Scan Root Regions
[2023-03-15T05:53:21.745+0000][69][gc,marking  ] GC(321) Concurrent Scan Root Regions 2.367ms
[2023-03-15T05:53:21.746+0000][69][gc,marking  ] GC(321) Concurrent Mark
[2023-03-15T05:53:21.746+0000][69][gc,marking  ] GC(321) Concurrent Mark From Roots
[2023-03-15T05:53:21.747+0000][69][gc,task     ] GC(321) Using 1 workers of 1 for marking
[2023-03-15T05:53:21.844+0000][69][gc,marking  ] GC(321) Concurrent Mark From Roots 97.830ms
[2023-03-15T05:53:21.845+0000][69][gc,marking  ] GC(321) Concurrent Preclean
[2023-03-15T05:53:21.846+0000][69][gc,marking  ] GC(321) Concurrent Preclean 1.053ms
[2023-03-15T05:53:21.848+0000][69][gc,start    ] GC(321) Pause Remark
[2023-03-15T05:53:21.862+0000][69][gc          ] GC(321) Pause Remark 108M->108M(256M) 14.014ms
[2023-03-15T05:53:21.863+0000][69][gc,cpu      ] GC(321) User=0.03s Sys=0.00s Real=0.02s
[2023-03-15T05:53:21.863+0000][69][safepoint   ] Safepoint "G1PauseRemark", Time since last: 106954716 ns, Reaching safepoint: 121398 ns, At safepoint: 15892303 ns, Total: 16013701 ns
[2023-03-15T05:53:21.864+0000][69][gc,marking  ] GC(321) Concurrent Mark 118.459ms
[2023-03-15T05:53:21.865+0000][69][gc,marking  ] GC(321) Concurrent Rebuild Remembered Sets
[2023-03-15T05:53:21.915+0000][69][gc,marking  ] GC(321) Concurrent Rebuild Remembered Sets 50.727ms
[2023-03-15T05:53:21.916+0000][69][gc,start    ] GC(321) Pause Cleanup
[2023-03-15T05:53:21.918+0000][69][gc          ] GC(321) Pause Cleanup 108M->108M(256M) 1.080ms
[2023-03-15T05:53:21.918+0000][69][gc,cpu      ] GC(321) User=0.00s Sys=0.00s Real=0.00s
[2023-03-15T05:53:21.919+0000][69][safepoint   ] Safepoint "G1PauseCleanup", Time since last: 52964898 ns, Reaching safepoint: 56844 ns, At safepoint: 2428141 ns, Total: 2484985 ns
[2023-03-15T05:53:21.919+0000][69][gc,marking  ] GC(321) Concurrent Cleanup for Next Mark
[2023-03-15T05:53:21.920+0000][69][gc,marking  ] GC(321) Concurrent Cleanup for Next Mark 0.819ms
[2023-03-15T05:53:21.921+0000][69][gc          ] GC(321) Concurrent Mark Cycle 181.026ms
[2023-03-15T05:53:28.936+0000][69][safepoint   ] Safepoint "Cleanup", Time since last: 7016629236 ns, Reaching safepoint: 119065 ns, At safepoint: 12314 ns, Total: 131379 ns
[2023-03-15T05:53:34.943+0000][69][safepoint   ] Safepoint "Cleanup", Time since last: 6007419745 ns, Reaching safepoint: 344599 ns, At safepoint: 12235 ns, Total: 356834 ns
[2023-03-15T05:53:47.101+0000][69][gc,start    ] GC(322) Pause Young (Normal) (G1 Evacuation Pause)
[2023-03-15T05:53:47.102+0000][69][gc,task     ] GC(322) Using 4 workers of 4 for evacuation
[2023-03-15T05:53:47.103+0000][69][gc,age      ] GC(322) Desired survivor size 8388608 bytes, new threshold 15 (max threshold 15)
[2023-03-15T05:53:47.107+0000][69][gc,phases   ] GC(322)   Pre Evacuate Collection Set: 0.1ms
[2023-03-15T05:53:47.107+0000][69][gc,phases   ] GC(322)   Merge Heap Roots: 0.1ms
[2023-03-15T05:53:47.108+0000][69][gc,phases   ] GC(322)   Evacuate Collection Set: 2.3ms
[2023-03-15T05:53:47.109+0000][69][gc,phases   ] GC(322)   Post Evacuate Collection Set: 0.9ms
[2023-03-15T05:53:47.109+0000][69][gc,phases   ] GC(322)   Other: 1.2ms
[2023-03-15T05:53:47.110+0000][69][gc,age      ] GC(322) Age table with threshold 15 (max threshold 15)
[2023-03-15T05:53:47.110+0000][69][gc,age      ] GC(322) - age   1:    1761000 bytes,    1761000 total
[2023-03-15T05:53:47.111+0000][69][gc,age      ] GC(322) - age   2:     135168 bytes,    1896168 total
[2023-03-15T05:53:47.111+0000][69][gc,age      ] GC(322) - age   3:        656 bytes,    1896824 total
[2023-03-15T05:53:47.111+0000][69][gc,age      ] GC(322) - age   4:        360 bytes,    1897184 total
[2023-03-15T05:53:47.112+0000][69][gc,age      ] GC(322) - age   5:        624 bytes,    1897808 total
[2023-03-15T05:53:47.112+0000][69][gc,age      ] GC(322) - age   6:       8800 bytes,    1906608 total
[2023-03-15T05:53:47.113+0000][69][gc,age      ] GC(322) - age   7:        208 bytes,    1906816 total
[2023-03-15T05:53:47.113+0000][69][gc,age      ] GC(322) - age   8:        576 bytes,    1907392 total
[2023-03-15T05:53:47.114+0000][69][gc,age      ] GC(322) - age   9:     189920 bytes,    2097312 total
[2023-03-15T05:53:47.114+0000][69][gc,age      ] GC(322) - age  10:       8984 bytes,    2106296 total
[2023-03-15T05:53:47.114+0000][69][gc,age      ] GC(322) - age  12:       4384 bytes,    2110680 total
[2023-03-15T05:53:47.115+0000][69][gc,age      ] GC(322) - age  13:        208 bytes,    2110888 total
[2023-03-15T05:53:47.115+0000][69][gc,age      ] GC(322) - age  14:        624 bytes,    2111512 total
[2023-03-15T05:53:47.116+0000][69][gc,age      ] GC(322) - age  15:        128 bytes,    2111640 total
[2023-03-15T05:53:47.116+0000][69][gc,heap     ] GC(322) Eden regions: 24->0(23)
[2023-03-15T05:53:47.117+0000][69][gc,heap     ] GC(322) Survivor regions: 1->1(4)
[2023-03-15T05:53:47.117+0000][69][gc,heap     ] GC(322) Old regions: 24->24
[2023-03-15T05:53:47.118+0000][69][gc,heap     ] GC(322) Archive regions: 2->2
[2023-03-15T05:53:47.118+0000][69][gc,heap     ] GC(322) Humongous regions: 2->2
[2023-03-15T05:53:47.118+0000][69][gc,metaspace] GC(322) Metaspace: 138031K(141312K)->138031K(141312K) NonClass: 120514K(121600K)->120514K(121600K) Class: 17517K(19712K)->17517K(19712K)
[2023-03-15T05:53:47.119+0000][69][gc          ] GC(322) Pause Young (Normal) (G1 Evacuation Pause) 204M->108M(256M) 17.812ms
[2023-03-15T05:53:47.119+0000][69][gc,cpu      ] GC(322) User=0.02s Sys=0.00s Real=0.02s
[2023-03-15T05:53:47.120+0000][69][safepoint   ] Safepoint "G1CollectForAllocation", Time since last: 12180038474 ns, Reaching safepoint: 93593 ns, At safepoint: 18630607 ns, Total: 18724200 ns
[2023-03-15T05:54:00.144+0000][69][safepoint   ] Safepoint "Cleanup", Time since last: 13022811400 ns, Reaching safepoint: 748052 ns, At safepoint: 37739 ns, Total: 785791 ns
[2023-03-15T05:54:04.152+0000][69][safepoint   ] Safepoint "Cleanup", Time since last: 4008739532 ns, Reaching safepoint: 91997 ns, At safepoint: 3578 ns, Total: 95575 ns
[2023-03-15T05:54:16.785+0000][69][gc,start    ] GC(323) Pause Young (Concurrent Start) (G1 Evacuation Pause)
[2023-03-15T05:54:16.785+0000][69][gc,task     ] GC(323) Using 4 workers of 4 for evacuation
[2023-03-15T05:54:16.786+0000][69][gc,age      ] GC(323) Desired survivor size 6291456 bytes, new threshold 15 (max threshold 15)
[2023-03-15T05:54:16.789+0000][69][gc,phases   ] GC(323)   Pre Evacuate Collection Set: 0.4ms
[2023-03-15T05:54:16.790+0000][69][gc,phases   ] GC(323)   Merge Heap Roots: 0.1ms
[2023-03-15T05:54:16.791+0000][69][gc,phases   ] GC(323)   Evacuate Collection Set: 1.6ms
[2023-03-15T05:54:16.791+0000][69][gc,phases   ] GC(323)   Post Evacuate Collection Set: 0.9ms
[2023-03-15T05:54:16.792+0000][69][gc,phases   ] GC(323)   Other: 0.8ms
[2023-03-15T05:54:16.792+0000][69][gc,age      ] GC(323) Age table with threshold 15 (max threshold 15)
[2023-03-15T05:54:16.793+0000][69][gc,age      ] GC(323) - age   1:    1535136 bytes,    1535136 total
[2023-03-15T05:54:16.793+0000][69][gc,age      ] GC(323) - age   2:     367976 bytes,    1903112 total
[2023-03-15T05:54:16.794+0000][69][gc,age      ] GC(323) - age   3:     134128 bytes,    2037240 total
[2023-03-15T05:54:16.794+0000][69][gc,age      ] GC(323) - age   4:        152 bytes,    2037392 total
[2023-03-15T05:54:16.795+0000][69][gc,age      ] GC(323) - age   5:        184 bytes,    2037576 total
[2023-03-15T05:54:16.795+0000][69][gc,age      ] GC(323) - age   6:        624 bytes,    2038200 total
[2023-03-15T05:54:16.796+0000][69][gc,age      ] GC(323) - age   7:       8800 bytes,    2047000 total
[2023-03-15T05:54:16.796+0000][69][gc,age      ] GC(323) - age   8:        208 bytes,    2047208 total
[2023-03-15T05:54:16.797+0000][69][gc,age      ] GC(323) - age   9:        512 bytes,    2047720 total
[2023-03-15T05:54:16.797+0000][69][gc,age      ] GC(323) - age  10:     189920 bytes,    2237640 total
[2023-03-15T05:54:16.797+0000][69][gc,age      ] GC(323) - age  11:       8984 bytes,    2246624 total
[2023-03-15T05:54:16.798+0000][69][gc,age      ] GC(323) - age  13:       4384 bytes,    2251008 total
[2023-03-15T05:54:16.798+0000][69][gc,age      ] GC(323) - age  14:        208 bytes,    2251216 total
[2023-03-15T05:54:16.798+0000][69][gc,age      ] GC(323) - age  15:        624 bytes,    2251840 total
[2023-03-15T05:54:16.799+0000][69][gc,heap     ] GC(323) Eden regions: 23->0(23)
[2023-03-15T05:54:16.799+0000][69][gc,heap     ] GC(323) Survivor regions: 1->1(3)
[2023-03-15T05:54:16.799+0000][69][gc,heap     ] GC(323) Old regions: 24->24
[2023-03-15T05:54:16.800+0000][69][gc,heap     ] GC(323) Archive regions: 2->2
[2023-03-15T05:54:16.800+0000][69][gc,heap     ] GC(323) Humongous regions: 2->2
[2023-03-15T05:54:16.800+0000][69][gc,metaspace] GC(323) Metaspace: 138031K(141312K)->138031K(141312K) NonClass: 120514K(121600K)->120514K(121600K) Class: 17517K(19712K)->17517K(19712K)
[2023-03-15T05:54:16.801+0000][69][gc          ] GC(323) Pause Young (Concurrent Start) (G1 Evacuation Pause) 200M->109M(256M) 15.849ms
[2023-03-15T05:54:16.801+0000][69][gc,cpu      ] GC(323) User=0.01s Sys=0.00s Real=0.02s
[2023-03-15T05:54:16.801+0000][69][safepoint   ] Safepoint "G1CollectForAllocation", Time since last: 12652979210 ns, Reaching safepoint: 91695 ns, At safepoint: 16591253 ns, Total: 16682948 ns
[2023-03-15T05:54:16.801+0000][69][gc          ] GC(324) Concurrent Mark Cycle
[2023-03-15T05:54:16.803+0000][69][gc,marking  ] GC(324) Concurrent Clear Claimed Marks
[2023-03-15T05:54:16.803+0000][69][gc,marking  ] GC(324) Concurrent Clear Claimed Marks 0.601ms
[2023-03-15T05:54:16.804+0000][69][gc,marking  ] GC(324) Concurrent Scan Root Regions
[2023-03-15T05:54:16.806+0000][69][gc,marking  ] GC(324) Concurrent Scan Root Regions 2.423ms
[2023-03-15T05:54:16.807+0000][69][gc,marking  ] GC(324) Concurrent Mark
[2023-03-15T05:54:16.807+0000][69][gc,marking  ] GC(324) Concurrent Mark From Roots
[2023-03-15T05:54:16.808+0000][69][gc,task     ] GC(324) Using 1 workers of 1 for marking
[2023-03-15T05:54:16.948+0000][69][gc,marking  ] GC(324) Concurrent Mark From Roots 140.648ms
[2023-03-15T05:54:16.949+0000][69][gc,marking  ] GC(324) Concurrent Preclean
[2023-03-15T05:54:16.950+0000][69][gc,marking  ] GC(324) Concurrent Preclean 0.728ms
[2023-03-15T05:54:16.950+0000][69][gc,start    ] GC(324) Pause Remark
[2023-03-15T05:54:16.958+0000][69][gc          ] GC(324) Pause Remark 112M->112M(256M) 7.859ms
[2023-03-15T05:54:16.959+0000][69][gc,cpu      ] GC(324) User=0.02s Sys=0.00s Real=0.01s
[2023-03-15T05:54:16.959+0000][69][safepoint   ] Safepoint "G1PauseRemark", Time since last: 148530250 ns, Reaching safepoint: 103267 ns, At safepoint: 8993200 ns, Total: 9096467 ns
[2023-03-15T05:54:16.959+0000][69][gc,marking  ] GC(324) Concurrent Mark 152.875ms
[2023-03-15T05:54:16.960+0000][69][gc,marking  ] GC(324) Concurrent Rebuild Remembered Sets
[2023-03-15T05:54:17.009+0000][69][gc,marking  ] GC(324) Concurrent Rebuild Remembered Sets 49.306ms
[2023-03-15T05:54:17.011+0000][69][gc,start    ] GC(324) Pause Cleanup
[2023-03-15T05:54:17.012+0000][69][gc          ] GC(324) Pause Cleanup 112M->112M(256M) 1.026ms
[2023-03-15T05:54:17.012+0000][69][gc,cpu      ] GC(324) User=0.00s Sys=0.00s Real=0.00s
[2023-03-15T05:54:17.013+0000][69][safepoint   ] Safepoint "G1PauseCleanup", Time since last: 51433373 ns, Reaching safepoint: 168436 ns, At safepoint: 2500812 ns, Total: 2669248 ns
[2023-03-15T05:54:17.014+0000][69][gc,marking  ] GC(324) Concurrent Cleanup for Next Mark
[2023-03-15T05:54:17.015+0000][69][gc,marking  ] GC(324) Concurrent Cleanup for Next Mark 0.930ms
[2023-03-15T05:54:17.015+0000][69][gc          ] GC(324) Concurrent Mark Cycle 214.152ms
[2023-03-15T05:54:23.022+0000][69][safepoint   ] Safepoint "Cleanup", Time since last: 6009141248 ns, Reaching safepoint: 152215 ns, At safepoint: 4148 ns, Total: 156363 ns
[2023-03-15T05:54:29.033+0000][69][safepoint   ] Safepoint "Cleanup", Time since last: 6009992487 ns, Reaching safepoint: 468083 ns, At safepoint: 15533 ns, Total: 483616 ns
[2023-03-15T05:54:46.301+0000][69][gc,start    ] GC(325) Pause Young (Normal) (G1 Evacuation Pause)
[2023-03-15T05:54:46.302+0000][69][gc,task     ] GC(325) Using 4 workers of 4 for evacuation
[2023-03-15T05:54:46.302+0000][69][gc,age      ] GC(325) Desired survivor size 6291456 bytes, new threshold 15 (max threshold 15)
[2023-03-15T05:54:46.306+0000][69][gc,phases   ] GC(325)   Pre Evacuate Collection Set: 0.1ms
[2023-03-15T05:54:46.306+0000][69][gc,phases   ] GC(325)   Merge Heap Roots: 0.1ms
[2023-03-15T05:54:46.307+0000][69][gc,phases   ] GC(325)   Evacuate Collection Set: 1.6ms
[2023-03-15T05:54:46.307+0000][69][gc,phases   ] GC(325)   Post Evacuate Collection Set: 0.9ms
[2023-03-15T05:54:46.308+0000][69][gc,phases   ] GC(325)   Other: 1.0ms
[2023-03-15T05:54:46.308+0000][69][gc,age      ] GC(325) Age table with threshold 15 (max threshold 15)
[2023-03-15T05:54:46.309+0000][69][gc,age      ] GC(325) - age   1:    1013736 bytes,    1013736 total
[2023-03-15T05:54:46.309+0000][69][gc,age      ] GC(325) - age   2:       2480 bytes,    1016216 total
[2023-03-15T05:54:46.309+0000][69][gc,age      ] GC(325) - age   3:     197464 bytes,    1213680 total
[2023-03-15T05:54:46.310+0000][69][gc,age      ] GC(325) - age   4:     133752 bytes,    1347432 total
[2023-03-15T05:54:46.310+0000][69][gc,age      ] GC(325) - age   6:        184 bytes,    1347616 total
[2023-03-15T05:54:46.311+0000][69][gc,age      ] GC(325) - age   7:        536 bytes,    1348152 total
[2023-03-15T05:54:46.312+0000][69][gc,age      ] GC(325) - age   8:       8800 bytes,    1356952 total
[2023-03-15T05:54:46.312+0000][69][gc,age      ] GC(325) - age   9:        208 bytes,    1357160 total
[2023-03-15T05:54:46.312+0000][69][gc,age      ] GC(325) - age  10:        512 bytes,    1357672 total
[2023-03-15T05:54:46.313+0000][69][gc,age      ] GC(325) - age  11:     189672 bytes,    1547344 total
[2023-03-15T05:54:46.313+0000][69][gc,age      ] GC(325) - age  12:       8984 bytes,    1556328 total
[2023-03-15T05:54:46.314+0000][69][gc,age      ] GC(325) - age  14:       4352 bytes,    1560680 total
[2023-03-15T05:54:46.314+0000][69][gc,age      ] GC(325) - age  15:        208 bytes,    1560888 total
[2023-03-15T05:54:46.315+0000][69][gc,heap     ] GC(325) Eden regions: 23->0(23)
[2023-03-15T05:54:46.315+0000][69][gc,heap     ] GC(325) Survivor regions: 1->1(3)
[2023-03-15T05:54:46.316+0000][69][gc,heap     ] GC(325) Old regions: 24->24
[2023-03-15T05:54:46.316+0000][69][gc,heap     ] GC(325) Archive regions: 2->2
[2023-03-15T05:54:46.316+0000][69][gc,heap     ] GC(325) Humongous regions: 2->2
[2023-03-15T05:54:46.317+0000][69][gc,metaspace] GC(325) Metaspace: 138032K(141312K)->138032K(141312K) NonClass: 120515K(121600K)->120515K(121600K) Class: 17517K(19712K)->17517K(19712K)
[2023-03-15T05:54:46.317+0000][69][gc          ] GC(325) Pause Young (Normal) (G1 Evacuation Pause) 201M->108M(256M) 16.081ms
[2023-03-15T05:54:46.318+0000][69][gc,cpu      ] GC(325) User=0.00s Sys=0.00s Real=0.02s
[2023-03-15T05:54:46.318+0000][69][safepoint   ] Safepoint "G1CollectForAllocation", Time since last: 17290150932 ns, Reaching safepoint: 53210 ns, At safepoint: 16839792 ns, Total: 16893002 ns
[2023-03-15T05:55:05.346+0000][69][safepoint   ] Safepoint "Cleanup", Time since last: 19027961067 ns, Reaching safepoint: 205014 ns, At safepoint: 10079 ns, Total: 215093 ns
[2023-03-15T05:55:06.350+0000][69][safepoint   ] Safepoint "Cleanup", Time since last: 1003534342 ns, Reaching safepoint: 361534 ns, At safepoint: 13321 ns, Total: 374855 ns
[2023-03-15T05:55:16.464+0000][69][gc,start    ] GC(326) Pause Young (Concurrent Start) (G1 Evacuation Pause)
[2023-03-15T05:55:16.466+0000][69][gc,task     ] GC(326) Using 4 workers of 4 for evacuation
[2023-03-15T05:55:16.468+0000][69][gc,age      ] GC(326) Desired survivor size 6291456 bytes, new threshold 15 (max threshold 15)
[2023-03-15T05:55:16.475+0000][69][gc,phases   ] GC(326)   Pre Evacuate Collection Set: 0.9ms
[2023-03-15T05:55:16.476+0000][69][gc,phases   ] GC(326)   Merge Heap Roots: 0.2ms
[2023-03-15T05:55:16.478+0000][69][gc,phases   ] GC(326)   Evacuate Collection Set: 3.3ms
[2023-03-15T05:55:16.479+0000][69][gc,phases   ] GC(326)   Post Evacuate Collection Set: 1.2ms
[2023-03-15T05:55:16.480+0000][69][gc,phases   ] GC(326)   Other: 3.2ms
[2023-03-15T05:55:16.481+0000][69][gc,age      ] GC(326) Age table with threshold 15 (max threshold 15)
[2023-03-15T05:55:16.482+0000][69][gc,age      ] GC(326) - age   1:    1039928 bytes,    1039928 total
[2023-03-15T05:55:16.482+0000][69][gc,age      ] GC(326) - age   2:     345144 bytes,    1385072 total
[2023-03-15T05:55:16.483+0000][69][gc,age      ] GC(326) - age   3:        816 bytes,    1385888 total
[2023-03-15T05:55:16.483+0000][69][gc,age      ] GC(326) - age   4:     196656 bytes,    1582544 total
[2023-03-15T05:55:16.484+0000][69][gc,age      ] GC(326) - age   5:     133432 bytes,    1715976 total
[2023-03-15T05:55:16.485+0000][69][gc,age      ] GC(326) - age   7:        184 bytes,    1716160 total
[2023-03-15T05:55:16.485+0000][69][gc,age      ] GC(326) - age   8:        536 bytes,    1716696 total
[2023-03-15T05:55:16.486+0000][69][gc,age      ] GC(326) - age   9:       8800 bytes,    1725496 total
[2023-03-15T05:55:16.487+0000][69][gc,age      ] GC(326) - age  10:        208 bytes,    1725704 total
[2023-03-15T05:55:16.487+0000][69][gc,age      ] GC(326) - age  11:        512 bytes,    1726216 total
[2023-03-15T05:55:16.488+0000][69][gc,age      ] GC(326) - age  12:     189672 bytes,    1915888 total
[2023-03-15T05:55:16.489+0000][69][gc,age      ] GC(326) - age  13:       8984 bytes,    1924872 total
[2023-03-15T05:55:16.490+0000][69][gc,age      ] GC(326) - age  15:       4352 bytes,    1929224 total
[2023-03-15T05:55:16.491+0000][69][gc,heap     ] GC(326) Eden regions: 23->0(24)
[2023-03-15T05:55:16.491+0000][69][gc,heap     ] GC(326) Survivor regions: 1->1(3)
[2023-03-15T05:55:16.492+0000][69][gc,heap     ] GC(326) Old regions: 24->24
[2023-03-15T05:55:16.492+0000][69][gc,heap     ] GC(326) Archive regions: 2->2
[2023-03-15T05:55:16.493+0000][69][gc,heap     ] GC(326) Humongous regions: 2->2
[2023-03-15T05:55:16.494+0000][69][gc,metaspace] GC(326) Metaspace: 138032K(141312K)->138032K(141312K) NonClass: 120515K(121600K)->120515K(121600K) Class: 17517K(19712K)->17517K(19712K)
[2023-03-15T05:55:16.494+0000][69][gc          ] GC(326) Pause Young (Concurrent Start) (G1 Evacuation Pause) 200M->108M(256M) 30.727ms
[2023-03-15T05:55:16.495+0000][69][gc          ] GC(327) Concurrent Mark Cycle
[2023-03-15T05:55:16.495+0000][69][gc,marking  ] GC(327) Concurrent Clear Claimed Marks
[2023-03-15T05:55:16.495+0000][69][gc,cpu      ] GC(326) User=0.02s Sys=0.00s Real=0.04s
[2023-03-15T05:55:16.496+0000][69][gc,marking  ] GC(327) Concurrent Clear Claimed Marks 0.891ms
[2023-03-15T05:55:16.497+0000][69][gc,marking  ] GC(327) Concurrent Scan Root Regions
[2023-03-15T05:55:16.497+0000][69][safepoint   ] Safepoint "G1CollectForAllocation", Time since last: 10134042632 ns, Reaching safepoint: 271891 ns, At safepoint: 33320590 ns, Total: 33592481 ns
[2023-03-15T05:55:16.500+0000][69][gc,marking  ] GC(327) Concurrent Scan Root Regions 3.123ms
[2023-03-15T05:55:16.502+0000][69][gc,marking  ] GC(327) Concurrent Mark
[2023-03-15T05:55:16.502+0000][69][gc,marking  ] GC(327) Concurrent Mark From Roots
[2023-03-15T05:55:16.503+0000][69][gc,task     ] GC(327) Using 1 workers of 1 for marking
[2023-03-15T05:55:16.604+0000][69][gc,marking  ] GC(327) Concurrent Mark From Roots 102.110ms
[2023-03-15T05:55:16.605+0000][69][gc,marking  ] GC(327) Concurrent Preclean
[2023-03-15T05:55:16.606+0000][69][gc,marking  ] GC(327) Concurrent Preclean 1.150ms
[2023-03-15T05:55:16.608+0000][69][gc,start    ] GC(327) Pause Remark
[2023-03-15T05:55:16.619+0000][69][gc          ] GC(327) Pause Remark 109M->109M(256M) 11.156ms
[2023-03-15T05:55:16.620+0000][69][gc,cpu      ] GC(327) User=0.03s Sys=0.00s Real=0.01s
[2023-03-15T05:55:16.621+0000][69][safepoint   ] Safepoint "G1PauseRemark", Time since last: 110552111 ns, Reaching safepoint: 162618 ns, At safepoint: 13182835 ns, Total: 13345453 ns
[2023-03-15T05:55:16.621+0000][69][gc,marking  ] GC(327) Concurrent Mark 119.831ms
[2023-03-15T05:55:16.622+0000][69][gc,marking  ] GC(327) Concurrent Rebuild Remembered Sets
[2023-03-15T05:55:16.672+0000][69][gc,marking  ] GC(327) Concurrent Rebuild Remembered Sets 49.994ms
[2023-03-15T05:55:16.674+0000][69][gc,start    ] GC(327) Pause Cleanup
[2023-03-15T05:55:16.675+0000][69][gc          ] GC(327) Pause Cleanup 109M->109M(256M) 1.118ms
[2023-03-15T05:55:16.676+0000][69][gc,cpu      ] GC(327) User=0.00s Sys=0.00s Real=0.00s
[2023-03-15T05:55:16.676+0000][69][safepoint   ] Safepoint "G1PauseCleanup", Time since last: 52619556 ns, Reaching safepoint: 381675 ns, At safepoint: 2446804 ns, Total: 2828479 ns
[2023-03-15T05:55:16.677+0000][69][gc,marking  ] GC(327) Concurrent Cleanup for Next Mark
[2023-03-15T05:55:16.678+0000][69][gc,marking  ] GC(327) Concurrent Cleanup for Next Mark 0.918ms
[2023-03-15T05:55:16.678+0000][69][gc          ] GC(327) Concurrent Mark Cycle 183.342ms
[2023-03-15T05:55:44.704+0000][69][safepoint   ] Safepoint "Cleanup", Time since last: 28050163396 ns, Reaching safepoint: 515237 ns, At safepoint: 12747 ns, Total: 527984 ns
[2023-03-15T05:55:49.110+0000][69][gc,start    ] GC(328) Pause Young (Normal) (G1 Evacuation Pause)
[2023-03-15T05:55:49.111+0000][69][gc,task     ] GC(328) Using 4 workers of 4 for evacuation
[2023-03-15T05:55:49.111+0000][69][gc,age      ] GC(328) Desired survivor size 8388608 bytes, new threshold 15 (max threshold 15)
[2023-03-15T05:55:49.116+0000][69][gc,phases   ] GC(328)   Pre Evacuate Collection Set: 0.1ms
[2023-03-15T05:55:49.117+0000][69][gc,phases   ] GC(328)   Merge Heap Roots: 0.1ms
[2023-03-15T05:55:49.118+0000][69][gc,phases   ] GC(328)   Evacuate Collection Set: 2.4ms
[2023-03-15T05:55:49.119+0000][69][gc,phases   ] GC(328)   Post Evacuate Collection Set: 1.5ms
[2023-03-15T05:55:49.119+0000][69][gc,phases   ] GC(328)   Other: 1.1ms
[2023-03-15T05:55:49.120+0000][69][gc,age      ] GC(328) Age table with threshold 15 (max threshold 15)
[2023-03-15T05:55:49.121+0000][69][gc,age      ] GC(328) - age   1:    1686168 bytes,    1686168 total
[2023-03-15T05:55:49.121+0000][69][gc,age      ] GC(328) - age   2:       2400 bytes,    1688568 total
[2023-03-15T05:55:49.122+0000][69][gc,age      ] GC(328) - age   3:     344680 bytes,    2033248 total
[2023-03-15T05:55:49.123+0000][69][gc,age      ] GC(328) - age   4:        752 bytes,    2034000 total
[2023-03-15T05:55:49.123+0000][69][gc,age      ] GC(328) - age   5:     196656 bytes,    2230656 total
[2023-03-15T05:55:49.124+0000][69][gc,age      ] GC(328) - age   6:     133432 bytes,    2364088 total
[2023-03-15T05:55:49.124+0000][69][gc,age      ] GC(328) - age   8:        184 bytes,    2364272 total
[2023-03-15T05:55:49.125+0000][69][gc,age      ] GC(328) - age   9:        536 bytes,    2364808 total
[2023-03-15T05:55:49.125+0000][69][gc,age      ] GC(328) - age  10:       8800 bytes,    2373608 total
[2023-03-15T05:55:49.125+0000][69][gc,age      ] GC(328) - age  11:        208 bytes,    2373816 total
[2023-03-15T05:55:49.126+0000][69][gc,age      ] GC(328) - age  12:        512 bytes,    2374328 total
[2023-03-15T05:55:49.127+0000][69][gc,age      ] GC(328) - age  13:     189672 bytes,    2564000 total
[2023-03-15T05:55:49.128+0000][69][gc,age      ] GC(328) - age  14:       8984 bytes,    2572984 total
[2023-03-15T05:55:49.129+0000][69][gc,heap     ] GC(328) Eden regions: 24->0(24)
[2023-03-15T05:55:49.129+0000][69][gc,heap     ] GC(328) Survivor regions: 1->1(4)
[2023-03-15T05:55:49.129+0000][69][gc,heap     ] GC(328) Old regions: 24->24
[2023-03-15T05:55:49.130+0000][69][gc,heap     ] GC(328) Archive regions: 2->2
[2023-03-15T05:55:49.130+0000][69][gc,heap     ] GC(328) Humongous regions: 2->2
[2023-03-15T05:55:49.131+0000][69][gc,metaspace] GC(328) Metaspace: 138032K(141312K)->138032K(141312K) NonClass: 120515K(121600K)->120515K(121600K) Class: 17517K(19712K)->17517K(19712K)
[2023-03-15T05:55:49.131+0000][69][gc          ] GC(328) Pause Young (Normal) (G1 Evacuation Pause) 204M->109M(256M) 21.028ms
[2023-03-15T05:55:49.132+0000][69][gc,cpu      ] GC(328) User=0.01s Sys=0.00s Real=0.03s
[2023-03-15T05:55:49.133+0000][69][safepoint   ] Safepoint "G1CollectForAllocation", Time since last: 4405796937 ns, Reaching safepoint: 191443 ns, At safepoint: 22385005 ns, Total: 22576448 ns
[2023-03-15T05:55:53.135+0000][69][safepoint   ] Safepoint "Cleanup", Time since last: 4002319779 ns, Reaching safepoint: 249113 ns, At safepoint: 33477 ns, Total: 282590 ns
[2023-03-15T05:56:04.157+0000][69][safepoint   ] Safepoint "Cleanup", Time since last: 11021257192 ns, Reaching safepoint: 406310 ns, At safepoint: 10331 ns, Total: 416641 ns
[2023-03-15T05:56:16.321+0000][69][gc,start    ] GC(329) Pause Young (Concurrent Start) (G1 Evacuation Pause)
[2023-03-15T05:56:16.322+0000][69][gc,task     ] GC(329) Using 4 workers of 4 for evacuation
[2023-03-15T05:56:16.323+0000][69][gc,age      ] GC(329) Desired survivor size 8388608 bytes, new threshold 15 (max threshold 15)
[2023-03-15T05:56:16.331+0000][69][gc,phases   ] GC(329)   Pre Evacuate Collection Set: 0.7ms
[2023-03-15T05:56:16.331+0000][69][gc,phases   ] GC(329)   Merge Heap Roots: 0.2ms
[2023-03-15T05:56:16.332+0000][69][gc,phases   ] GC(329)   Evacuate Collection Set: 3.6ms
[2023-03-15T05:56:16.333+0000][69][gc,phases   ] GC(329)   Post Evacuate Collection Set: 1.4ms
[2023-03-15T05:56:16.334+0000][69][gc,phases   ] GC(329)   Other: 2.3ms
[2023-03-15T05:56:16.335+0000][69][gc,age      ] GC(329) Age table with threshold 15 (max threshold 15)
[2023-03-15T05:56:16.336+0000][69][gc,age      ] GC(329) - age   1:     479952 bytes,     479952 total
[2023-03-15T05:56:16.337+0000][69][gc,age      ] GC(329) - age   2:      21664 bytes,     501616 total
[2023-03-15T05:56:16.337+0000][69][gc,age      ] GC(329) - age   3:        864 bytes,     502480 total
[2023-03-15T05:56:16.338+0000][69][gc,age      ] GC(329) - age   4:     343688 bytes,     846168 total
[2023-03-15T05:56:16.339+0000][69][gc,age      ] GC(329) - age   5:        512 bytes,     846680 total
[2023-03-15T05:56:16.339+0000][69][gc,age      ] GC(329) - age   6:     196528 bytes,    1043208 total
[2023-03-15T05:56:16.340+0000][69][gc,age      ] GC(329) - age   7:     133432 bytes,    1176640 total
[2023-03-15T05:56:16.341+0000][69][gc,age      ] GC(329) - age   9:        184 bytes,    1176824 total
[2023-03-15T05:56:16.342+0000][69][gc,age      ] GC(329) - age  10:        536 bytes,    1177360 total
[2023-03-15T05:56:16.342+0000][69][gc,age      ] GC(329) - age  11:       8800 bytes,    1186160 total
[2023-03-15T05:56:16.343+0000][69][gc,age      ] GC(329) - age  12:        208 bytes,    1186368 total
[2023-03-15T05:56:16.344+0000][69][gc,age      ] GC(329) - age  13:        512 bytes,    1186880 total
[2023-03-15T05:56:16.344+0000][69][gc,age      ] GC(329) - age  14:     189672 bytes,    1376552 total
[2023-03-15T05:56:16.345+0000][69][gc,age      ] GC(329) - age  15:       8984 bytes,    1385536 total
[2023-03-15T05:56:16.346+0000][69][gc,heap     ] GC(329) Eden regions: 24->0(24)
[2023-03-15T05:56:16.346+0000][69][gc,heap     ] GC(329) Survivor regions: 1->1(4)
[2023-03-15T05:56:16.347+0000][69][gc,heap     ] GC(329) Old regions: 24->24
[2023-03-15T05:56:16.347+0000][69][gc,heap     ] GC(329) Archive regions: 2->2
[2023-03-15T05:56:16.348+0000][69][gc,heap     ] GC(329) Humongous regions: 2->2
[2023-03-15T05:56:16.349+0000][69][gc,metaspace] GC(329) Metaspace: 138034K(141312K)->138034K(141312K) NonClass: 120517K(121600K)->120517K(121600K) Class: 17517K(19712K)->17517K(19712K)
[2023-03-15T05:56:16.349+0000][69][gc          ] GC(329) Pause Young (Concurrent Start) (G1 Evacuation Pause) 205M->108M(256M) 28.106ms
[2023-03-15T05:56:16.350+0000][69][gc,cpu      ] GC(329) User=0.01s Sys=0.00s Real=0.03s
[2023-03-15T05:56:16.350+0000][69][gc          ] GC(330) Concurrent Mark Cycle
[2023-03-15T05:56:16.351+0000][69][gc,marking  ] GC(330) Concurrent Clear Claimed Marks
[2023-03-15T05:56:16.350+0000][69][safepoint   ] Safepoint "G1CollectForAllocation", Time since last: 12186866119 ns, Reaching safepoint: 235236 ns, At safepoint: 29378809 ns, Total: 29614045 ns
[2023-03-15T05:56:16.352+0000][69][gc,marking  ] GC(330) Concurrent Clear Claimed Marks 0.843ms
[2023-03-15T05:56:16.353+0000][69][gc,marking  ] GC(330) Concurrent Scan Root Regions
[2023-03-15T05:56:16.356+0000][69][gc,marking  ] GC(330) Concurrent Scan Root Regions 3.411ms
[2023-03-15T05:56:16.357+0000][69][gc,marking  ] GC(330) Concurrent Mark
[2023-03-15T05:56:16.357+0000][69][gc,marking  ] GC(330) Concurrent Mark From Roots
[2023-03-15T05:56:16.358+0000][69][gc,task     ] GC(330) Using 1 workers of 1 for marking
[2023-03-15T05:56:16.481+0000][69][gc,marking  ] GC(330) Concurrent Mark From Roots 123.608ms
[2023-03-15T05:56:16.482+0000][69][gc,marking  ] GC(330) Concurrent Preclean
[2023-03-15T05:56:16.483+0000][69][gc,marking  ] GC(330) Concurrent Preclean 1.219ms
[2023-03-15T05:56:16.484+0000][69][gc,start    ] GC(330) Pause Remark
[2023-03-15T05:56:16.493+0000][69][gc          ] GC(330) Pause Remark 109M->109M(256M) 9.639ms
[2023-03-15T05:56:16.494+0000][69][gc,cpu      ] GC(330) User=0.03s Sys=0.00s Real=0.01s
[2023-03-15T05:56:16.495+0000][69][safepoint   ] Safepoint "G1PauseRemark", Time since last: 133384041 ns, Reaching safepoint: 76960 ns, At safepoint: 11163814 ns, Total: 11240774 ns
[2023-03-15T05:56:16.496+0000][69][gc,marking  ] GC(330) Concurrent Mark 139.428ms
[2023-03-15T05:56:16.496+0000][69][gc,marking  ] GC(330) Concurrent Rebuild Remembered Sets
[2023-03-15T05:56:16.548+0000][69][gc,marking  ] GC(330) Concurrent Rebuild Remembered Sets 51.297ms
[2023-03-15T05:56:16.550+0000][69][gc,start    ] GC(330) Pause Cleanup
[2023-03-15T05:56:16.551+0000][69][gc          ] GC(330) Pause Cleanup 109M->109M(256M) 1.170ms
[2023-03-15T05:56:16.552+0000][69][gc,cpu      ] GC(330) User=0.00s Sys=0.00s Real=0.00s
[2023-03-15T05:56:16.553+0000][69][safepoint   ] Safepoint "G1PauseCleanup", Time since last: 54937775 ns, Reaching safepoint: 120486 ns, At safepoint: 2575601 ns, Total: 2696087 ns
[2023-03-15T05:56:16.553+0000][69][gc,marking  ] GC(330) Concurrent Cleanup for Next Mark
[2023-03-15T05:56:16.554+0000][69][gc,marking  ] GC(330) Concurrent Cleanup for Next Mark 0.674ms
[2023-03-15T05:56:16.554+0000][69][gc          ] GC(330) Concurrent Mark Cycle 204.759ms
[2023-03-15T05:56:40.594+0000][69][safepoint   ] Safepoint "Cleanup", Time since last: 24041183862 ns, Reaching safepoint: 268327 ns, At safepoint: 26511 ns, Total: 294838 ns
[2023-03-15T05:56:52.248+0000][69][gc,start    ] GC(331) Pause Young (Normal) (G1 Evacuation Pause)
[2023-03-15T05:56:52.248+0000][69][gc,task     ] GC(331) Using 4 workers of 4 for evacuation
[2023-03-15T05:56:52.249+0000][69][gc,age      ] GC(331) Desired survivor size 8388608 bytes, new threshold 15 (max threshold 15)
[2023-03-15T05:56:52.253+0000][69][gc,phases   ] GC(331)   Pre Evacuate Collection Set: 0.1ms
[2023-03-15T05:56:52.253+0000][69][gc,phases   ] GC(331)   Merge Heap Roots: 0.1ms
[2023-03-15T05:56:52.254+0000][69][gc,phases   ] GC(331)   Evacuate Collection Set: 2.4ms
[2023-03-15T05:56:52.254+0000][69][gc,phases   ] GC(331)   Post Evacuate Collection Set: 0.9ms
[2023-03-15T05:56:52.254+0000][69][gc,phases   ] GC(331)   Other: 0.8ms
[2023-03-15T05:56:52.255+0000][69][gc,age      ] GC(331) Age table with threshold 15 (max threshold 15)
[2023-03-15T05:56:52.255+0000][69][gc,age      ] GC(331) - age   1:    1087992 bytes,    1087992 total
[2023-03-15T05:56:52.256+0000][69][gc,age      ] GC(331) - age   2:       3824 bytes,    1091816 total
[2023-03-15T05:56:52.256+0000][69][gc,age      ] GC(331) - age   3:      20752 bytes,    1112568 total
[2023-03-15T05:56:52.256+0000][69][gc,age      ] GC(331) - age   4:        352 bytes,    1112920 total
[2023-03-15T05:56:52.257+0000][69][gc,age      ] GC(331) - age   5:     343688 bytes,    1456608 total
[2023-03-15T05:56:52.257+0000][69][gc,age      ] GC(331) - age   6:        512 bytes,    1457120 total
[2023-03-15T05:56:52.258+0000][69][gc,age      ] GC(331) - age   7:     196528 bytes,    1653648 total
[2023-03-15T05:56:52.258+0000][69][gc,age      ] GC(331) - age   8:     133432 bytes,    1787080 total
[2023-03-15T05:56:52.258+0000][69][gc,age      ] GC(331) - age  10:        184 bytes,    1787264 total
[2023-03-15T05:56:52.259+0000][69][gc,age      ] GC(331) - age  11:        536 bytes,    1787800 total
[2023-03-15T05:56:52.259+0000][69][gc,age      ] GC(331) - age  12:        368 bytes,    1788168 total
[2023-03-15T05:56:52.260+0000][69][gc,age      ] GC(331) - age  13:        208 bytes,    1788376 total
[2023-03-15T05:56:52.260+0000][69][gc,age      ] GC(331) - age  14:        512 bytes,    1788888 total
[2023-03-15T05:56:52.260+0000][69][gc,age      ] GC(331) - age  15:     189672 bytes,    1978560 total
[2023-03-15T05:56:52.261+0000][69][gc,heap     ] GC(331) Eden regions: 24->0(24)
[2023-03-15T05:56:52.261+0000][69][gc,heap     ] GC(331) Survivor regions: 1->1(4)
[2023-03-15T05:56:52.261+0000][69][gc,heap     ] GC(331) Old regions: 24->24
[2023-03-15T05:56:52.262+0000][69][gc,heap     ] GC(331) Archive regions: 2->2
[2023-03-15T05:56:52.262+0000][69][gc,heap     ] GC(331) Humongous regions: 2->2
[2023-03-15T05:56:52.263+0000][69][gc,metaspace] GC(331) Metaspace: 138036K(141312K)->138036K(141312K) NonClass: 120519K(121600K)->120519K(121600K) Class: 17517K(19712K)->17517K(19712K)
[2023-03-15T05:56:52.263+0000][69][gc          ] GC(331) Pause Young (Normal) (G1 Evacuation Pause) 204M->108M(256M) 15.568ms
[2023-03-15T05:56:52.263+0000][69][gc,cpu      ] GC(331) User=0.01s Sys=0.00s Real=0.01s
[2023-03-15T05:56:52.264+0000][69][safepoint   ] Safepoint "G1CollectForAllocation", Time since last: 11675468832 ns, Reaching safepoint: 118547 ns, At safepoint: 16457594 ns, Total: 16576141 ns
[2023-03-15T05:57:00.275+0000][69][safepoint   ] Safepoint "Cleanup", Time since last: 8010748079 ns, Reaching safepoint: 503331 ns, At safepoint: 15334 ns, Total: 518665 ns
[2023-03-15T05:57:04.283+0000][69][safepoint   ] Safepoint "Cleanup", Time since last: 4007320466 ns, Reaching safepoint: 184830 ns, At safepoint: 9305 ns, Total: 194135 ns
[2023-03-15T05:57:05.342+0000][69][safepoint   ] Safepoint "Cleanup", Time since last: 1058684903 ns, Reaching safepoint: 229086 ns, At safepoint: 11890 ns, Total: 240976 ns
[2023-03-15T05:57:22.693+0000][69][gc,start    ] GC(332) Pause Young (Concurrent Start) (G1 Evacuation Pause)
[2023-03-15T05:57:22.693+0000][69][gc,task     ] GC(332) Using 4 workers of 4 for evacuation
[2023-03-15T05:57:22.694+0000][69][gc,age      ] GC(332) Desired survivor size 8388608 bytes, new threshold 15 (max threshold 15)
[2023-03-15T05:57:22.698+0000][69][gc,phases   ] GC(332)   Pre Evacuate Collection Set: 0.4ms
[2023-03-15T05:57:22.700+0000][69][gc,phases   ] GC(332)   Merge Heap Roots: 0.0ms
[2023-03-15T05:57:22.702+0000][69][gc,phases   ] GC(332)   Evacuate Collection Set: 2.0ms
[2023-03-15T05:57:22.702+0000][69][gc,phases   ] GC(332)   Post Evacuate Collection Set: 0.8ms
[2023-03-15T05:57:22.703+0000][69][gc,phases   ] GC(332)   Other: 1.3ms
[2023-03-15T05:57:22.703+0000][69][gc,age      ] GC(332) Age table with threshold 15 (max threshold 15)
[2023-03-15T05:57:22.704+0000][69][gc,age      ] GC(332) - age   1:    1316488 bytes,    1316488 total
[2023-03-15T05:57:22.704+0000][69][gc,age      ] GC(332) - age   2:       1616 bytes,    1318104 total
[2023-03-15T05:57:22.704+0000][69][gc,age      ] GC(332) - age   3:       2552 bytes,    1320656 total
[2023-03-15T05:57:22.705+0000][69][gc,age      ] GC(332) - age   4:      20688 bytes,    1341344 total
[2023-03-15T05:57:22.705+0000][69][gc,age      ] GC(332) - age   5:        232 bytes,    1341576 total
[2023-03-15T05:57:22.706+0000][69][gc,age      ] GC(332) - age   6:     343688 bytes,    1685264 total
[2023-03-15T05:57:22.706+0000][69][gc,age      ] GC(332) - age   7:        512 bytes,    1685776 total
[2023-03-15T05:57:22.707+0000][69][gc,age      ] GC(332) - age   8:     196528 bytes,    1882304 total
[2023-03-15T05:57:22.707+0000][69][gc,age      ] GC(332) - age   9:     133432 bytes,    2015736 total
[2023-03-15T05:57:22.708+0000][69][gc,age      ] GC(332) - age  11:        184 bytes,    2015920 total
[2023-03-15T05:57:22.708+0000][69][gc,age      ] GC(332) - age  12:        536 bytes,    2016456 total
[2023-03-15T05:57:22.708+0000][69][gc,age      ] GC(332) - age  13:        368 bytes,    2016824 total
[2023-03-15T05:57:22.709+0000][69][gc,age      ] GC(332) - age  14:        208 bytes,    2017032 total
[2023-03-15T05:57:22.709+0000][69][gc,age      ] GC(332) - age  15:        512 bytes,    2017544 total
[2023-03-15T05:57:22.710+0000][69][gc,heap     ] GC(332) Eden regions: 24->0(24)
[2023-03-15T05:57:22.710+0000][69][gc,heap     ] GC(332) Survivor regions: 1->1(4)
[2023-03-15T05:57:22.710+0000][69][gc,heap     ] GC(332) Old regions: 24->24
[2023-03-15T05:57:22.711+0000][69][gc,heap     ] GC(332) Archive regions: 2->2
[2023-03-15T05:57:22.711+0000][69][gc,heap     ] GC(332) Humongous regions: 2->2
[2023-03-15T05:57:22.712+0000][69][gc,metaspace] GC(332) Metaspace: 138036K(141312K)->138036K(141312K) NonClass: 120519K(121600K)->120519K(121600K) Class: 17517K(19712K)->17517K(19712K)
[2023-03-15T05:57:22.712+0000][69][gc          ] GC(332) Pause Young (Concurrent Start) (G1 Evacuation Pause) 204M->109M(256M) 19.242ms
[2023-03-15T05:57:22.713+0000][69][gc,cpu      ] GC(332) User=0.01s Sys=0.00s Real=0.02s
[2023-03-15T05:57:22.713+0000][69][safepoint   ] Safepoint "G1CollectForAllocation", Time since last: 17371771203 ns, Reaching safepoint: 68009 ns, At safepoint: 20178448 ns, Total: 20246457 ns
[2023-03-15T05:57:22.713+0000][69][gc          ] GC(333) Concurrent Mark Cycle
[2023-03-15T05:57:22.714+0000][69][gc,marking  ] GC(333) Concurrent Clear Claimed Marks
[2023-03-15T05:57:22.715+0000][69][gc,marking  ] GC(333) Concurrent Clear Claimed Marks 1.497ms
[2023-03-15T05:57:22.716+0000][69][gc,marking  ] GC(333) Concurrent Scan Root Regions
[2023-03-15T05:57:22.719+0000][69][gc,marking  ] GC(333) Concurrent Scan Root Regions 2.688ms
[2023-03-15T05:57:22.719+0000][69][gc,marking  ] GC(333) Concurrent Mark
[2023-03-15T05:57:22.720+0000][69][gc,marking  ] GC(333) Concurrent Mark From Roots
[2023-03-15T05:57:22.720+0000][69][gc,task     ] GC(333) Using 1 workers of 1 for marking
[2023-03-15T05:57:22.815+0000][69][gc,marking  ] GC(333) Concurrent Mark From Roots 95.174ms
[2023-03-15T05:57:22.816+0000][69][gc,marking  ] GC(333) Concurrent Preclean
[2023-03-15T05:57:22.817+0000][69][gc,marking  ] GC(333) Concurrent Preclean 1.016ms
[2023-03-15T05:57:22.818+0000][69][gc,start    ] GC(333) Pause Remark
[2023-03-15T05:57:22.829+0000][69][gc          ] GC(333) Pause Remark 109M->109M(256M) 11.252ms
[2023-03-15T05:57:22.830+0000][69][gc,cpu      ] GC(333) User=0.03s Sys=0.00s Real=0.01s
[2023-03-15T05:57:22.830+0000][69][safepoint   ] Safepoint "G1PauseRemark", Time since last: 104424140 ns, Reaching safepoint: 81439 ns, At safepoint: 12889613 ns, Total: 12971052 ns
[2023-03-15T05:57:22.831+0000][69][gc,marking  ] GC(333) Concurrent Mark 111.875ms
[2023-03-15T05:57:22.831+0000][69][gc,marking  ] GC(333) Concurrent Rebuild Remembered Sets
[2023-03-15T05:57:22.883+0000][69][gc,marking  ] GC(333) Concurrent Rebuild Remembered Sets 51.635ms
[2023-03-15T05:57:22.885+0000][69][gc,start    ] GC(333) Pause Cleanup
[2023-03-15T05:57:22.886+0000][69][gc          ] GC(333) Pause Cleanup 109M->109M(256M) 1.108ms
[2023-03-15T05:57:22.887+0000][69][gc,cpu      ] GC(333) User=0.00s Sys=0.00s Real=0.01s
[2023-03-15T05:57:22.887+0000][69][safepoint   ] Safepoint "G1PauseCleanup", Time since last: 54135705 ns, Reaching safepoint: 128010 ns, At safepoint: 2695856 ns, Total: 2823866 ns
[2023-03-15T05:57:22.888+0000][69][gc,marking  ] GC(333) Concurrent Cleanup for Next Mark
[2023-03-15T05:57:22.888+0000][69][gc,marking  ] GC(333) Concurrent Cleanup for Next Mark 0.731ms
[2023-03-15T05:57:22.889+0000][69][gc          ] GC(333) Concurrent Mark Cycle 176.482ms
[2023-03-15T05:57:28.900+0000][69][safepoint   ] Safepoint "Cleanup", Time since last: 6012413103 ns, Reaching safepoint: 126930 ns, At safepoint: 5019 ns, Total: 131949 ns
[2023-03-15T05:57:55.047+0000][69][gc,start    ] GC(334) Pause Young (Normal) (G1 Evacuation Pause)
[2023-03-15T05:57:55.048+0000][69][gc,task     ] GC(334) Using 4 workers of 4 for evacuation
[2023-03-15T05:57:55.048+0000][69][gc,age      ] GC(334) Desired survivor size 8388608 bytes, new threshold 15 (max threshold 15)
[2023-03-15T05:57:55.052+0000][69][gc,phases   ] GC(334)   Pre Evacuate Collection Set: 0.2ms
[2023-03-15T05:57:55.053+0000][69][gc,phases   ] GC(334)   Merge Heap Roots: 0.1ms
[2023-03-15T05:57:55.053+0000][69][gc,phases   ] GC(334)   Evacuate Collection Set: 1.4ms
[2023-03-15T05:57:55.054+0000][69][gc,phases   ] GC(334)   Post Evacuate Collection Set: 1.1ms
[2023-03-15T05:57:55.054+0000][69][gc,phases   ] GC(334)   Other: 1.4ms
[2023-03-15T05:57:55.055+0000][69][gc,age      ] GC(334) Age table with threshold 15 (max threshold 15)
[2023-03-15T05:57:55.055+0000][69][gc,age      ] GC(334) - age   1:     610912 bytes,     610912 total
[2023-03-15T05:57:55.056+0000][69][gc,age      ] GC(334) - age   2:       1688 bytes,     612600 total
[2023-03-15T05:57:55.056+0000][69][gc,age      ] GC(334) - age   3:        552 bytes,     613152 total
[2023-03-15T05:57:55.057+0000][69][gc,age      ] GC(334) - age   4:       1752 bytes,     614904 total
[2023-03-15T05:57:55.057+0000][69][gc,age      ] GC(334) - age   5:      20688 bytes,     635592 total
[2023-03-15T05:57:55.058+0000][69][gc,age      ] GC(334) - age   6:        232 bytes,     635824 total
[2023-03-15T05:57:55.058+0000][69][gc,age      ] GC(334) - age   7:     343688 bytes,     979512 total
[2023-03-15T05:57:55.059+0000][69][gc,age      ] GC(334) - age   8:        512 bytes,     980024 total
[2023-03-15T05:57:55.060+0000][69][gc,age      ] GC(334) - age   9:     196528 bytes,    1176552 total
[2023-03-15T05:57:55.060+0000][69][gc,age      ] GC(334) - age  10:     133432 bytes,    1309984 total
[2023-03-15T05:57:55.061+0000][69][gc,age      ] GC(334) - age  12:        184 bytes,    1310168 total
[2023-03-15T05:57:55.061+0000][69][gc,age      ] GC(334) - age  13:        536 bytes,    1310704 total
[2023-03-15T05:57:55.062+0000][69][gc,age      ] GC(334) - age  14:        368 bytes,    1311072 total
[2023-03-15T05:57:55.062+0000][69][gc,age      ] GC(334) - age  15:        208 bytes,    1311280 total
[2023-03-15T05:57:55.063+0000][69][gc,heap     ] GC(334) Eden regions: 24->0(24)
[2023-03-15T05:57:55.063+0000][69][gc,heap     ] GC(334) Survivor regions: 1->1(4)
[2023-03-15T05:57:55.064+0000][69][gc,heap     ] GC(334) Old regions: 24->24
[2023-03-15T05:57:55.064+0000][69][gc,heap     ] GC(334) Archive regions: 2->2
[2023-03-15T05:57:55.065+0000][69][gc,heap     ] GC(334) Humongous regions: 2->2
[2023-03-15T05:57:55.065+0000][69][gc,metaspace] GC(334) Metaspace: 138038K(141312K)->138038K(141312K) NonClass: 120521K(121600K)->120521K(121600K) Class: 17517K(19712K)->17517K(19712K)
[2023-03-15T05:57:55.066+0000][69][gc          ] GC(334) Pause Young (Normal) (G1 Evacuation Pause) 205M->108M(256M) 18.965ms
[2023-03-15T05:57:55.066+0000][69][gc,cpu      ] GC(334) User=0.00s Sys=0.00s Real=0.02s
[2023-03-15T05:57:55.067+0000][69][safepoint   ] Safepoint "G1CollectForAllocation", Time since last: 26168021779 ns, Reaching safepoint: 155147 ns, At safepoint: 20250796 ns, Total: 20405943 ns
[2023-03-15T05:58:04.081+0000][69][safepoint   ] Safepoint "Cleanup", Time since last: 9013848707 ns, Reaching safepoint: 168264 ns, At safepoint: 21948 ns, Total: 190212 ns
[2023-03-15T05:58:25.476+0000][69][gc,start    ] GC(335) Pause Young (Concurrent Start) (G1 Evacuation Pause)
[2023-03-15T05:58:25.478+0000][69][gc,task     ] GC(335) Using 4 workers of 4 for evacuation
[2023-03-15T05:58:25.479+0000][69][gc,age      ] GC(335) Desired survivor size 8388608 bytes, new threshold 15 (max threshold 15)
[2023-03-15T05:58:25.487+0000][69][gc,phases   ] GC(335)   Pre Evacuate Collection Set: 0.8ms
[2023-03-15T05:58:25.488+0000][69][gc,phases   ] GC(335)   Merge Heap Roots: 0.4ms
[2023-03-15T05:58:25.490+0000][69][gc,phases   ] GC(335)   Evacuate Collection Set: 2.5ms
[2023-03-15T05:58:25.490+0000][69][gc,phases   ] GC(335)   Post Evacuate Collection Set: 1.6ms
[2023-03-15T05:58:25.492+0000][69][gc,phases   ] GC(335)   Other: 3.6ms
[2023-03-15T05:58:25.492+0000][69][gc,age      ] GC(335) Age table with threshold 15 (max threshold 15)
[2023-03-15T05:58:25.493+0000][69][gc,age      ] GC(335) - age   1:     893376 bytes,     893376 total
[2023-03-15T05:58:25.494+0000][69][gc,age      ] GC(335) - age   2:      10328 bytes,     903704 total
[2023-03-15T05:58:25.495+0000][69][gc,age      ] GC(335) - age   3:         32 bytes,     903736 total
[2023-03-15T05:58:25.496+0000][69][gc,age      ] GC(335) - age   4:        360 bytes,     904096 total
[2023-03-15T05:58:25.496+0000][69][gc,age      ] GC(335) - age   5:       1624 bytes,     905720 total
[2023-03-15T05:58:25.497+0000][69][gc,age      ] GC(335) - age   6:      20560 bytes,     926280 total
[2023-03-15T05:58:25.498+0000][69][gc,age      ] GC(335) - age   7:        232 bytes,     926512 total
[2023-03-15T05:58:25.498+0000][69][gc,age      ] GC(335) - age   8:     343688 bytes,    1270200 total
[2023-03-15T05:58:25.499+0000][69][gc,age      ] GC(335) - age   9:        512 bytes,    1270712 total
[2023-03-15T05:58:25.500+0000][69][gc,age      ] GC(335) - age  10:     196528 bytes,    1467240 total
[2023-03-15T05:58:25.501+0000][69][gc,age      ] GC(335) - age  11:     133200 bytes,    1600440 total
[2023-03-15T05:58:25.502+0000][69][gc,age      ] GC(335) - age  13:        184 bytes,    1600624 total
[2023-03-15T05:58:25.502+0000][69][gc,age      ] GC(335) - age  14:        536 bytes,    1601160 total
[2023-03-15T05:58:25.503+0000][69][gc,age      ] GC(335) - age  15:        368 bytes,    1601528 total
[2023-03-15T05:58:25.504+0000][69][gc,heap     ] GC(335) Eden regions: 24->0(24)
[2023-03-15T05:58:25.505+0000][69][gc,heap     ] GC(335) Survivor regions: 1->1(4)
[2023-03-15T05:58:25.505+0000][69][gc,heap     ] GC(335) Old regions: 24->24
[2023-03-15T05:58:25.506+0000][69][gc,heap     ] GC(335) Archive regions: 2->2
[2023-03-15T05:58:25.506+0000][69][gc,heap     ] GC(335) Humongous regions: 2->2
[2023-03-15T05:58:25.507+0000][69][gc,metaspace] GC(335) Metaspace: 138076K(141376K)->138076K(141376K) NonClass: 120559K(121664K)->120559K(121664K) Class: 17517K(19712K)->17517K(19712K)
[2023-03-15T05:58:25.508+0000][69][gc          ] GC(335) Pause Young (Concurrent Start) (G1 Evacuation Pause) 204M->108M(256M) 31.500ms
[2023-03-15T05:58:25.508+0000][69][gc,cpu      ] GC(335) User=0.01s Sys=0.00s Real=0.03s
[2023-03-15T05:58:25.509+0000][69][safepoint   ] Safepoint "G1CollectForAllocation", Time since last: 21415443653 ns, Reaching safepoint: 734361 ns, At safepoint: 32623031 ns, Total: 33357392 ns
[2023-03-15T05:58:25.508+0000][69][gc          ] GC(336) Concurrent Mark Cycle
[2023-03-15T05:58:25.510+0000][69][gc,marking  ] GC(336) Concurrent Clear Claimed Marks
[2023-03-15T05:58:25.511+0000][69][gc,marking  ] GC(336) Concurrent Clear Claimed Marks 1.364ms
[2023-03-15T05:58:25.512+0000][69][gc,marking  ] GC(336) Concurrent Scan Root Regions
[2023-03-15T05:58:25.515+0000][69][gc,marking  ] GC(336) Concurrent Scan Root Regions 2.806ms
[2023-03-15T05:58:25.516+0000][69][gc,marking  ] GC(336) Concurrent Mark
[2023-03-15T05:58:25.516+0000][69][gc,marking  ] GC(336) Concurrent Mark From Roots
[2023-03-15T05:58:25.517+0000][69][gc,task     ] GC(336) Using 1 workers of 1 for marking
[2023-03-15T05:58:25.628+0000][69][gc,marking  ] GC(336) Concurrent Mark From Roots 111.049ms
[2023-03-15T05:58:25.629+0000][69][gc,marking  ] GC(336) Concurrent Preclean
[2023-03-15T05:58:25.630+0000][69][gc,marking  ] GC(336) Concurrent Preclean 1.245ms
[2023-03-15T05:58:25.631+0000][69][gc,start    ] GC(336) Pause Remark
[2023-03-15T05:58:25.643+0000][69][gc          ] GC(336) Pause Remark 109M->109M(256M) 12.269ms
[2023-03-15T05:58:25.644+0000][69][gc,cpu      ] GC(336) User=0.03s Sys=0.00s Real=0.02s
[2023-03-15T05:58:25.645+0000][69][safepoint   ] Safepoint "G1PauseRemark", Time since last: 122198142 ns, Reaching safepoint: 116106 ns, At safepoint: 14090234 ns, Total: 14206340 ns
[2023-03-15T05:58:25.646+0000][69][gc,marking  ] GC(336) Concurrent Mark 129.939ms
[2023-03-15T05:58:25.646+0000][69][gc,marking  ] GC(336) Concurrent Rebuild Remembered Sets
[2023-03-15T05:58:25.698+0000][69][gc,marking  ] GC(336) Concurrent Rebuild Remembered Sets 51.307ms
[2023-03-15T05:58:25.699+0000][69][gc,start    ] GC(336) Pause Cleanup
[2023-03-15T05:58:25.700+0000][69][gc          ] GC(336) Pause Cleanup 109M->109M(256M) 0.828ms
[2023-03-15T05:58:25.701+0000][69][gc,cpu      ] GC(336) User=0.00s Sys=0.01s Real=0.00s
[2023-03-15T05:58:25.702+0000][69][safepoint   ] Safepoint "G1PauseCleanup", Time since last: 54150043 ns, Reaching safepoint: 163759 ns, At safepoint: 2470821 ns, Total: 2634580 ns
[2023-03-15T05:58:25.702+0000][69][gc,marking  ] GC(336) Concurrent Cleanup for Next Mark
[2023-03-15T05:58:25.703+0000][69][gc,marking  ] GC(336) Concurrent Cleanup for Next Mark 0.790ms
[2023-03-15T05:58:25.704+0000][69][gc          ] GC(336) Concurrent Mark Cycle 195.437ms
[2023-03-15T05:58:35.721+0000][69][safepoint   ] Safepoint "Cleanup", Time since last: 10019074145 ns, Reaching safepoint: 495723 ns, At safepoint: 16171 ns, Total: 511894 ns
[2023-03-15T05:58:58.743+0000][69][safepoint   ] Safepoint "Cleanup", Time since last: 23042296552 ns, Reaching safepoint: 344135 ns, At safepoint: 12902 ns, Total: 357037 ns
[2023-03-15T05:58:59.489+0000][69][gc,start    ] GC(337) Pause Young (Normal) (G1 Evacuation Pause)
[2023-03-15T05:58:59.490+0000][69][gc,task     ] GC(337) Using 4 workers of 4 for evacuation
[2023-03-15T05:58:59.490+0000][69][gc,age      ] GC(337) Desired survivor size 8388608 bytes, new threshold 15 (max threshold 15)
[2023-03-15T05:58:59.494+0000][69][gc,phases   ] GC(337)   Pre Evacuate Collection Set: 0.1ms
[2023-03-15T05:58:59.495+0000][69][gc,phases   ] GC(337)   Merge Heap Roots: 0.1ms
[2023-03-15T05:58:59.495+0000][69][gc,phases   ] GC(337)   Evacuate Collection Set: 2.3ms
[2023-03-15T05:58:59.496+0000][69][gc,phases   ] GC(337)   Post Evacuate Collection Set: 0.7ms
[2023-03-15T05:58:59.496+0000][69][gc,phases   ] GC(337)   Other: 1.4ms
[2023-03-15T05:58:59.497+0000][69][gc,age      ] GC(337) Age table with threshold 15 (max threshold 15)
[2023-03-15T05:58:59.497+0000][69][gc,age      ] GC(337) - age   1:    1182784 bytes,    1182784 total
[2023-03-15T05:58:59.498+0000][69][gc,age      ] GC(337) - age   2:      50056 bytes,    1232840 total
[2023-03-15T05:58:59.499+0000][69][gc,age      ] GC(337) - age   3:       8952 bytes,    1241792 total
[2023-03-15T05:58:59.499+0000][69][gc,age      ] GC(337) - age   4:         32 bytes,    1241824 total
[2023-03-15T05:58:59.499+0000][69][gc,age      ] GC(337) - age   5:        296 bytes,    1242120 total
[2023-03-15T05:58:59.500+0000][69][gc,age      ] GC(337) - age   6:       1624 bytes,    1243744 total
[2023-03-15T05:58:59.500+0000][69][gc,age      ] GC(337) - age   7:      20560 bytes,    1264304 total
[2023-03-15T05:58:59.501+0000][69][gc,age      ] GC(337) - age   8:        232 bytes,    1264536 total
[2023-03-15T05:58:59.501+0000][69][gc,age      ] GC(337) - age   9:     343688 bytes,    1608224 total
[2023-03-15T05:58:59.501+0000][69][gc,age      ] GC(337) - age  10:        480 bytes,    1608704 total
[2023-03-15T05:58:59.502+0000][69][gc,age      ] GC(337) - age  11:     196528 bytes,    1805232 total
[2023-03-15T05:58:59.502+0000][69][gc,age      ] GC(337) - age  12:     133200 bytes,    1938432 total
[2023-03-15T05:58:59.503+0000][69][gc,age      ] GC(337) - age  14:        184 bytes,    1938616 total
[2023-03-15T05:58:59.503+0000][69][gc,age      ] GC(337) - age  15:        536 bytes,    1939152 total
[2023-03-15T05:58:59.504+0000][69][gc,heap     ] GC(337) Eden regions: 24->0(24)
[2023-03-15T05:58:59.504+0000][69][gc,heap     ] GC(337) Survivor regions: 1->1(4)
[2023-03-15T05:58:59.504+0000][69][gc,heap     ] GC(337) Old regions: 24->24
[2023-03-15T05:58:59.505+0000][69][gc,heap     ] GC(337) Archive regions: 2->2
[2023-03-15T05:58:59.505+0000][69][gc,heap     ] GC(337) Humongous regions: 2->2
[2023-03-15T05:58:59.506+0000][69][gc,metaspace] GC(337) Metaspace: 138076K(141376K)->138076K(141376K) NonClass: 120559K(121664K)->120559K(121664K) Class: 17517K(19712K)->17517K(19712K)
[2023-03-15T05:58:59.506+0000][69][gc          ] GC(337) Pause Young (Normal) (G1 Evacuation Pause) 204M->108M(256M) 16.965ms
[2023-03-15T05:58:59.507+0000][69][gc,cpu      ] GC(337) User=0.00s Sys=0.01s Real=0.02s
[2023-03-15T05:58:59.507+0000][69][safepoint   ] Safepoint "G1CollectForAllocation", Time since last: 746410308 ns, Reaching safepoint: 84370 ns, At safepoint: 17869560 ns, Total: 17953930 ns
[2023-03-15T05:59:04.518+0000][69][safepoint   ] Safepoint "Cleanup", Time since last: 5010495106 ns, Reaching safepoint: 373939 ns, At safepoint: 12490 ns, Total: 386429 ns
[2023-03-15T05:59:28.879+0000][69][gc,start    ] GC(338) Pause Young (Concurrent Start) (G1 Evacuation Pause)
[2023-03-15T05:59:28.880+0000][69][gc,task     ] GC(338) Using 4 workers of 4 for evacuation
[2023-03-15T05:59:28.881+0000][69][gc,age      ] GC(338) Desired survivor size 8388608 bytes, new threshold 15 (max threshold 15)
[2023-03-15T05:59:28.886+0000][69][gc,phases   ] GC(338)   Pre Evacuate Collection Set: 0.6ms
[2023-03-15T05:59:28.887+0000][69][gc,phases   ] GC(338)   Merge Heap Roots: 0.1ms
[2023-03-15T05:59:28.887+0000][69][gc,phases   ] GC(338)   Evacuate Collection Set: 2.1ms
[2023-03-15T05:59:28.888+0000][69][gc,phases   ] GC(338)   Post Evacuate Collection Set: 0.9ms
[2023-03-15T05:59:28.888+0000][69][gc,phases   ] GC(338)   Other: 1.8ms
[2023-03-15T05:59:28.889+0000][69][gc,age      ] GC(338) Age table with threshold 15 (max threshold 15)
[2023-03-15T05:59:28.890+0000][69][gc,age      ] GC(338) - age   1:    1609992 bytes,    1609992 total
[2023-03-15T05:59:28.891+0000][69][gc,age      ] GC(338) - age   2:       2960 bytes,    1612952 total
[2023-03-15T05:59:28.891+0000][69][gc,age      ] GC(338) - age   3:      49576 bytes,    1662528 total
[2023-03-15T05:59:28.892+0000][69][gc,age      ] GC(338) - age   4:       8888 bytes,    1671416 total
[2023-03-15T05:59:28.892+0000][69][gc,age      ] GC(338) - age   5:         32 bytes,    1671448 total
[2023-03-15T05:59:28.893+0000][69][gc,age      ] GC(338) - age   6:        296 bytes,    1671744 total
[2023-03-15T05:59:28.893+0000][69][gc,age      ] GC(338) - age   7:       1624 bytes,    1673368 total
[2023-03-15T05:59:28.894+0000][69][gc,age      ] GC(338) - age   8:      20560 bytes,    1693928 total
[2023-03-15T05:59:28.894+0000][69][gc,age      ] GC(338) - age   9:        232 bytes,    1694160 total
[2023-03-15T05:59:28.895+0000][69][gc,age      ] GC(338) - age  10:     335672 bytes,    2029832 total
[2023-03-15T05:59:28.895+0000][69][gc,age      ] GC(338) - age  11:        184 bytes,    2030016 total
[2023-03-15T05:59:28.896+0000][69][gc,age      ] GC(338) - age  12:     196528 bytes,    2226544 total
[2023-03-15T05:59:28.896+0000][69][gc,age      ] GC(338) - age  13:     133200 bytes,    2359744 total
[2023-03-15T05:59:28.897+0000][69][gc,age      ] GC(338) - age  15:        184 bytes,    2359928 total
[2023-03-15T05:59:28.897+0000][69][gc,heap     ] GC(338) Eden regions: 24->0(24)
[2023-03-15T05:59:28.898+0000][69][gc,heap     ] GC(338) Survivor regions: 1->1(4)
[2023-03-15T05:59:28.898+0000][69][gc,heap     ] GC(338) Old regions: 24->24
[2023-03-15T05:59:28.899+0000][69][gc,heap     ] GC(338) Archive regions: 2->2
[2023-03-15T05:59:28.899+0000][69][gc,heap     ] GC(338) Humongous regions: 2->2
[2023-03-15T05:59:28.900+0000][69][gc,metaspace] GC(338) Metaspace: 138076K(141376K)->138076K(141376K) NonClass: 120559K(121664K)->120559K(121664K) Class: 17517K(19712K)->17517K(19712K)
[2023-03-15T05:59:28.900+0000][69][gc          ] GC(338) Pause Young (Concurrent Start) (G1 Evacuation Pause) 204M->109M(256M) 21.170ms
[2023-03-15T05:59:28.901+0000][69][gc          ] GC(339) Concurrent Mark Cycle
[2023-03-15T05:59:28.902+0000][69][gc,marking  ] GC(339) Concurrent Clear Claimed Marks
[2023-03-15T05:59:28.901+0000][69][gc,cpu      ] GC(338) User=0.01s Sys=0.00s Real=0.03s
[2023-03-15T05:59:28.903+0000][69][gc,marking  ] GC(339) Concurrent Clear Claimed Marks 1.031ms
[2023-03-15T05:59:28.904+0000][69][gc,marking  ] GC(339) Concurrent Scan Root Regions
[2023-03-15T05:59:28.903+0000][69][safepoint   ] Safepoint "G1CollectForAllocation", Time since last: 24382959577 ns, Reaching safepoint: 114271 ns, At safepoint: 24251925 ns, Total: 24366196 ns
[2023-03-15T05:59:28.907+0000][69][gc,marking  ] GC(339) Concurrent Scan Root Regions 3.132ms
[2023-03-15T05:59:28.908+0000][69][gc,marking  ] GC(339) Concurrent Mark
[2023-03-15T05:59:28.908+0000][69][gc,marking  ] GC(339) Concurrent Mark From Roots
[2023-03-15T05:59:28.909+0000][69][gc,task     ] GC(339) Using 1 workers of 1 for marking
[2023-03-15T05:59:29.028+0000][69][gc,marking  ] GC(339) Concurrent Mark From Roots 119.845ms
[2023-03-15T05:59:29.029+0000][69][gc,marking  ] GC(339) Concurrent Preclean
[2023-03-15T05:59:29.030+0000][69][gc,marking  ] GC(339) Concurrent Preclean 0.781ms
[2023-03-15T05:59:29.031+0000][69][gc,start    ] GC(339) Pause Remark
[2023-03-15T05:59:29.039+0000][69][gc          ] GC(339) Pause Remark 110M->110M(256M) 8.244ms
[2023-03-15T05:59:29.040+0000][69][gc,cpu      ] GC(339) User=0.03s Sys=0.00s Real=0.01s
[2023-03-15T05:59:29.040+0000][69][safepoint   ] Safepoint "G1PauseRemark", Time since last: 127034239 ns, Reaching safepoint: 97643 ns, At safepoint: 9407472 ns, Total: 9505115 ns
[2023-03-15T05:59:29.041+0000][69][gc,marking  ] GC(339) Concurrent Mark 132.819ms
[2023-03-15T05:59:29.041+0000][69][gc,marking  ] GC(339) Concurrent Rebuild Remembered Sets
[2023-03-15T05:59:29.090+0000][69][gc,marking  ] GC(339) Concurrent Rebuild Remembered Sets 49.044ms
[2023-03-15T05:59:29.092+0000][69][gc,start    ] GC(339) Pause Cleanup
[2023-03-15T05:59:29.093+0000][69][gc          ] GC(339) Pause Cleanup 110M->110M(256M) 1.671ms
[2023-03-15T05:59:29.094+0000][69][gc,cpu      ] GC(339) User=0.00s Sys=0.00s Real=0.00s
[2023-03-15T05:59:29.095+0000][69][safepoint   ] Safepoint "G1PauseCleanup", Time since last: 51489968 ns, Reaching safepoint: 218370 ns, At safepoint: 2943547 ns, Total: 3161917 ns
[2023-03-15T05:59:29.095+0000][69][gc,marking  ] GC(339) Concurrent Cleanup for Next Mark
[2023-03-15T05:59:29.096+0000][69][gc,marking  ] GC(339) Concurrent Cleanup for Next Mark 0.719ms
[2023-03-15T05:59:29.096+0000][69][gc          ] GC(339) Concurrent Mark Cycle 195.300ms
[2023-03-15T05:59:32.097+0000][69][safepoint   ] Safepoint "Cleanup", Time since last: 3001967591 ns, Reaching safepoint: 67316 ns, At safepoint: 2905 ns, Total: 70221 ns
[2023-03-15T05:59:37.101+0000][69][safepoint   ] Safepoint "Cleanup", Time since last: 5004110186 ns, Reaching safepoint: 243691 ns, At safepoint: 11954 ns, Total: 255645 ns
[2023-03-15T05:59:58.047+0000][69][gc,start    ] GC(340) Pause Young (Normal) (G1 Evacuation Pause)
[2023-03-15T05:59:58.047+0000][69][gc,task     ] GC(340) Using 4 workers of 4 for evacuation
[2023-03-15T05:59:58.048+0000][69][gc,age      ] GC(340) Desired survivor size 8388608 bytes, new threshold 15 (max threshold 15)
[2023-03-15T05:59:58.052+0000][69][gc,phases   ] GC(340)   Pre Evacuate Collection Set: 0.1ms
[2023-03-15T05:59:58.052+0000][69][gc,phases   ] GC(340)   Merge Heap Roots: 0.1ms
[2023-03-15T05:59:58.053+0000][69][gc,phases   ] GC(340)   Evacuate Collection Set: 2.3ms
[2023-03-15T05:59:58.053+0000][69][gc,phases   ] GC(340)   Post Evacuate Collection Set: 0.8ms
[2023-03-15T05:59:58.054+0000][69][gc,phases   ] GC(340)   Other: 1.3ms
[2023-03-15T05:59:58.054+0000][69][gc,age      ] GC(340) Age table with threshold 15 (max threshold 15)
[2023-03-15T05:59:58.055+0000][69][gc,age      ] GC(340) - age   1:    1440248 bytes,    1440248 total
[2023-03-15T05:59:58.055+0000][69][gc,age      ] GC(340) - age   2:      18056 bytes,    1458304 total
[2023-03-15T05:59:58.056+0000][69][gc,age      ] GC(340) - age   3:        312 bytes,    1458616 total
[2023-03-15T05:59:58.056+0000][69][gc,age      ] GC(340) - age   4:      49072 bytes,    1507688 total
[2023-03-15T05:59:58.056+0000][69][gc,age      ] GC(340) - age   5:       8696 bytes,    1516384 total
[2023-03-15T05:59:58.057+0000][69][gc,age      ] GC(340) - age   6:         32 bytes,    1516416 total
[2023-03-15T05:59:58.057+0000][69][gc,age      ] GC(340) - age   8:        184 bytes,    1516600 total
[2023-03-15T05:59:58.058+0000][69][gc,age      ] GC(340) - age   9:        360 bytes,    1516960 total
[2023-03-15T05:59:58.058+0000][69][gc,age      ] GC(340) - age  10:         32 bytes,    1516992 total
[2023-03-15T05:59:58.059+0000][69][gc,age      ] GC(340) - age  11:      22584 bytes,    1539576 total
[2023-03-15T05:59:58.059+0000][69][gc,age      ] GC(340) - age  12:        184 bytes,    1539760 total
[2023-03-15T05:59:58.059+0000][69][gc,age      ] GC(340) - age  13:      26048 bytes,    1565808 total
[2023-03-15T05:59:58.060+0000][69][gc,age      ] GC(340) - age  14:     133200 bytes,    1699008 total
[2023-03-15T05:59:58.060+0000][69][gc,heap     ] GC(340) Eden regions: 24->0(24)
[2023-03-15T05:59:58.061+0000][69][gc,heap     ] GC(340) Survivor regions: 1->1(4)
[2023-03-15T05:59:58.061+0000][69][gc,heap     ] GC(340) Old regions: 24->24
[2023-03-15T05:59:58.062+0000][69][gc,heap     ] GC(340) Archive regions: 2->2
[2023-03-15T05:59:58.062+0000][69][gc,heap     ] GC(340) Humongous regions: 2->2
[2023-03-15T05:59:58.062+0000][69][gc,metaspace] GC(340) Metaspace: 138076K(141376K)->138076K(141376K) NonClass: 120559K(121664K)->120559K(121664K) Class: 17517K(19712K)->17517K(19712K)
[2023-03-15T05:59:58.063+0000][69][gc          ] GC(340) Pause Young (Normal) (G1 Evacuation Pause) 205M->108M(256M) 16.269ms
[2023-03-15T05:59:58.063+0000][69][gc,cpu      ] GC(340) User=0.00s Sys=0.00s Real=0.02s
[2023-03-15T05:59:58.064+0000][69][safepoint   ] Safepoint "G1CollectForAllocation", Time since last: 20966671526 ns, Reaching safepoint: 96247 ns, At safepoint: 17358091 ns, Total: 17454338 ns
[2023-03-15T06:00:05.074+0000][69][safepoint   ] Safepoint "Cleanup", Time since last: 7010067591 ns, Reaching safepoint: 231104 ns, At safepoint: 11223 ns, Total: 242327 ns
[2023-03-15T06:00:08.085+0000][69][safepoint   ] Safepoint "Cleanup", Time since last: 3010203647 ns, Reaching safepoint: 243738 ns, At safepoint: 11405 ns, Total: 255143 ns
[2023-03-15T06:00:27.635+0000][69][gc,start    ] GC(341) Pause Young (Concurrent Start) (G1 Evacuation Pause)
[2023-03-15T06:00:27.637+0000][69][gc,task     ] GC(341) Using 4 workers of 4 for evacuation
[2023-03-15T06:00:27.638+0000][69][gc,age      ] GC(341) Desired survivor size 8388608 bytes, new threshold 15 (max threshold 15)
[2023-03-15T06:00:27.646+0000][69][gc,phases   ] GC(341)   Pre Evacuate Collection Set: 1.1ms
[2023-03-15T06:00:27.647+0000][69][gc,phases   ] GC(341)   Merge Heap Roots: 0.2ms
[2023-03-15T06:00:27.648+0000][69][gc,phases   ] GC(341)   Evacuate Collection Set: 4.0ms
[2023-03-15T06:00:27.649+0000][69][gc,phases   ] GC(341)   Post Evacuate Collection Set: 1.3ms
[2023-03-15T06:00:27.650+0000][69][gc,phases   ] GC(341)   Other: 2.4ms
[2023-03-15T06:00:27.651+0000][69][gc,age      ] GC(341) Age table with threshold 15 (max threshold 15)
[2023-03-15T06:00:27.651+0000][69][gc,age      ] GC(341) - age   1:    1142800 bytes,    1142800 total
[2023-03-15T06:00:27.652+0000][69][gc,age      ] GC(341) - age   2:     355056 bytes,    1497856 total
[2023-03-15T06:00:27.653+0000][69][gc,age      ] GC(341) - age   3:      17144 bytes,    1515000 total
[2023-03-15T06:00:27.654+0000][69][gc,age      ] GC(341) - age   4:        160 bytes,    1515160 total
[2023-03-15T06:00:27.655+0000][69][gc,age      ] GC(341) - age   5:      49072 bytes,    1564232 total
[2023-03-15T06:00:27.655+0000][69][gc,age      ] GC(341) - age   6:       8696 bytes,    1572928 total
[2023-03-15T06:00:27.656+0000][69][gc,age      ] GC(341) - age   7:         32 bytes,    1572960 total
[2023-03-15T06:00:27.657+0000][69][gc,age      ] GC(341) - age   9:        184 bytes,    1573144 total
[2023-03-15T06:00:27.658+0000][69][gc,age      ] GC(341) - age  10:        360 bytes,    1573504 total
[2023-03-15T06:00:27.659+0000][69][gc,age      ] GC(341) - age  12:      22456 bytes,    1595960 total
[2023-03-15T06:00:27.659+0000][69][gc,age      ] GC(341) - age  13:        184 bytes,    1596144 total
[2023-03-15T06:00:27.660+0000][69][gc,age      ] GC(341) - age  14:      26048 bytes,    1622192 total
[2023-03-15T06:00:27.660+0000][69][gc,age      ] GC(341) - age  15:     133200 bytes,    1755392 total
[2023-03-15T06:00:27.661+0000][69][gc,heap     ] GC(341) Eden regions: 24->0(24)
[2023-03-15T06:00:27.662+0000][69][gc,heap     ] GC(341) Survivor regions: 1->1(4)
[2023-03-15T06:00:27.662+0000][69][gc,heap     ] GC(341) Old regions: 24->24
[2023-03-15T06:00:27.663+0000][69][gc,heap     ] GC(341) Archive regions: 2->2
[2023-03-15T06:00:27.664+0000][69][gc,heap     ] GC(341) Humongous regions: 2->2
[2023-03-15T06:00:27.665+0000][69][gc,metaspace] GC(341) Metaspace: 138079K(141376K)->138079K(141376K) NonClass: 120562K(121664K)->120562K(121664K) Class: 17517K(19712K)->17517K(19712K)
[2023-03-15T06:00:27.665+0000][69][gc          ] GC(341) Pause Young (Concurrent Start) (G1 Evacuation Pause) 204M->108M(256M) 30.577ms
[2023-03-15T06:00:27.666+0000][69][gc          ] GC(342) Concurrent Mark Cycle
[2023-03-15T06:00:27.667+0000][69][gc,marking  ] GC(342) Concurrent Clear Claimed Marks
[2023-03-15T06:00:27.668+0000][69][gc,marking  ] GC(342) Concurrent Clear Claimed Marks 0.801ms
[2023-03-15T06:00:27.668+0000][69][gc,marking  ] GC(342) Concurrent Scan Root Regions
[2023-03-15T06:00:27.666+0000][69][gc,cpu      ] GC(341) User=0.01s Sys=0.00s Real=0.03s
[2023-03-15T06:00:27.671+0000][69][gc,marking  ] GC(342) Concurrent Scan Root Regions 2.992ms
[2023-03-15T06:00:27.672+0000][69][gc,marking  ] GC(342) Concurrent Mark
[2023-03-15T06:00:27.673+0000][69][gc,marking  ] GC(342) Concurrent Mark From Roots
[2023-03-15T06:00:27.673+0000][69][gc,task     ] GC(342) Using 1 workers of 1 for marking
[2023-03-15T06:00:27.672+0000][69][safepoint   ] Safepoint "G1CollectForAllocation", Time since last: 19629132426 ns, Reaching safepoint: 467108 ns, At safepoint: 37012003 ns, Total: 37479111 ns
[2023-03-15T06:00:27.771+0000][69][gc,marking  ] GC(342) Concurrent Mark From Roots 98.569ms
[2023-03-15T06:00:27.772+0000][69][gc,marking  ] GC(342) Concurrent Preclean
[2023-03-15T06:00:27.774+0000][69][gc,marking  ] GC(342) Concurrent Preclean 1.331ms
[2023-03-15T06:00:27.775+0000][69][gc,start    ] GC(342) Pause Remark
[2023-03-15T06:00:27.787+0000][69][gc          ] GC(342) Pause Remark 109M->109M(256M) 12.872ms
[2023-03-15T06:00:27.789+0000][69][gc,cpu      ] GC(342) User=0.03s Sys=0.00s Real=0.02s
[2023-03-15T06:00:27.789+0000][69][safepoint   ] Safepoint "G1PauseRemark", Time since last: 102717740 ns, Reaching safepoint: 137243 ns, At safepoint: 14882640 ns, Total: 15019883 ns
[2023-03-15T06:00:27.790+0000][69][gc,marking  ] GC(342) Concurrent Mark 117.875ms
[2023-03-15T06:00:27.791+0000][69][gc,marking  ] GC(342) Concurrent Rebuild Remembered Sets
[2023-03-15T06:00:27.841+0000][69][gc,marking  ] GC(342) Concurrent Rebuild Remembered Sets 50.164ms
[2023-03-15T06:00:27.842+0000][69][gc,start    ] GC(342) Pause Cleanup
[2023-03-15T06:00:27.844+0000][69][gc          ] GC(342) Pause Cleanup 109M->109M(256M) 1.287ms
[2023-03-15T06:00:27.844+0000][69][gc,cpu      ] GC(342) User=0.00s Sys=0.00s Real=0.00s
[2023-03-15T06:00:27.845+0000][69][safepoint   ] Safepoint "G1PauseCleanup", Time since last: 52650462 ns, Reaching safepoint: 224458 ns, At safepoint: 2751801 ns, Total: 2976259 ns
[2023-03-15T06:00:27.846+0000][69][gc,marking  ] GC(342) Concurrent Cleanup for Next Mark
[2023-03-15T06:00:27.846+0000][69][gc,marking  ] GC(342) Concurrent Cleanup for Next Mark 0.808ms
[2023-03-15T06:00:27.847+0000][69][gc          ] GC(342) Concurrent Mark Cycle 180.693ms
[2023-03-15T06:00:28.850+0000][69][safepoint   ] Safepoint "Cleanup", Time since last: 1003449603 ns, Reaching safepoint: 1061728 ns, At safepoint: 28811 ns, Total: 1090539 ns
[2023-03-15T06:00:47.871+0000][69][safepoint   ] Safepoint "Cleanup", Time since last: 19042947690 ns, Reaching safepoint: 576691 ns, At safepoint: 14974 ns, Total: 591665 ns
[2023-03-15T06:00:52.885+0000][69][safepoint   ] Safepoint "Cleanup", Time since last: 5013203311 ns, Reaching safepoint: 164146 ns, At safepoint: 5310 ns, Total: 169456 ns
[2023-03-15T06:00:58.120+0000][69][gc,start    ] GC(343) Pause Young (Normal) (G1 Evacuation Pause)
[2023-03-15T06:00:58.120+0000][69][gc,task     ] GC(343) Using 4 workers of 4 for evacuation
[2023-03-15T06:00:58.121+0000][69][gc,age      ] GC(343) Desired survivor size 8388608 bytes, new threshold 15 (max threshold 15)
[2023-03-15T06:00:58.125+0000][69][gc,phases   ] GC(343)   Pre Evacuate Collection Set: 0.2ms
[2023-03-15T06:00:58.126+0000][69][gc,phases   ] GC(343)   Merge Heap Roots: 0.1ms
[2023-03-15T06:00:58.126+0000][69][gc,phases   ] GC(343)   Evacuate Collection Set: 1.7ms
[2023-03-15T06:00:58.127+0000][69][gc,phases   ] GC(343)   Post Evacuate Collection Set: 1.4ms
[2023-03-15T06:00:58.128+0000][69][gc,phases   ] GC(343)   Other: 1.1ms
[2023-03-15T06:00:58.128+0000][69][gc,age      ] GC(343) Age table with threshold 15 (max threshold 15)
[2023-03-15T06:00:58.129+0000][69][gc,age      ] GC(343) - age   1:     341992 bytes,     341992 total
[2023-03-15T06:00:58.129+0000][69][gc,age      ] GC(343) - age   2:       2160 bytes,     344152 total
[2023-03-15T06:00:58.130+0000][69][gc,age      ] GC(343) - age   3:     348880 bytes,     693032 total
[2023-03-15T06:00:58.130+0000][69][gc,age      ] GC(343) - age   4:       8872 bytes,     701904 total
[2023-03-15T06:00:58.131+0000][69][gc,age      ] GC(343) - age   5:         32 bytes,     701936 total
[2023-03-15T06:00:58.131+0000][69][gc,age      ] GC(343) - age   6:       6976 bytes,     708912 total
[2023-03-15T06:00:58.132+0000][69][gc,age      ] GC(343) - age   7:       8696 bytes,     717608 total
[2023-03-15T06:00:58.132+0000][69][gc,age      ] GC(343) - age   8:         32 bytes,     717640 total
[2023-03-15T06:00:58.133+0000][69][gc,age      ] GC(343) - age  10:        184 bytes,     717824 total
[2023-03-15T06:00:58.134+0000][69][gc,age      ] GC(343) - age  11:        296 bytes,     718120 total
[2023-03-15T06:00:58.134+0000][69][gc,age      ] GC(343) - age  13:      22088 bytes,     740208 total
[2023-03-15T06:00:58.134+0000][69][gc,age      ] GC(343) - age  14:        184 bytes,     740392 total
[2023-03-15T06:00:58.135+0000][69][gc,age      ] GC(343) - age  15:      24992 bytes,     765384 total
[2023-03-15T06:00:58.135+0000][69][gc,heap     ] GC(343) Eden regions: 24->0(24)
[2023-03-15T06:00:58.136+0000][69][gc,heap     ] GC(343) Survivor regions: 1->1(4)
[2023-03-15T06:00:58.136+0000][69][gc,heap     ] GC(343) Old regions: 24->24
[2023-03-15T06:00:58.137+0000][69][gc,heap     ] GC(343) Archive regions: 2->2
[2023-03-15T06:00:58.137+0000][69][gc,heap     ] GC(343) Humongous regions: 2->2
[2023-03-15T06:00:58.138+0000][69][gc,metaspace] GC(343) Metaspace: 138086K(141376K)->138086K(141376K) NonClass: 120569K(121664K)->120569K(121664K) Class: 17517K(19712K)->17517K(19712K)
[2023-03-15T06:00:58.138+0000][69][gc          ] GC(343) Pause Young (Normal) (G1 Evacuation Pause) 204M->108M(256M) 18.512ms
[2023-03-15T06:00:58.139+0000][69][gc,cpu      ] GC(343) User=0.01s Sys=0.00s Real=0.02s
[2023-03-15T06:00:58.139+0000][69][safepoint   ] Safepoint "G1CollectForAllocation", Time since last: 5234946958 ns, Reaching safepoint: 179275 ns, At safepoint: 19505680 ns, Total: 19684955 ns
[2023-03-15T06:01:04.149+0000][69][safepoint   ] Safepoint "Cleanup", Time since last: 6009396170 ns, Reaching safepoint: 122229 ns, At safepoint: 4430 ns, Total: 126659 ns
[2023-03-15T06:01:15.150+0000][69][safepoint   ] Safepoint "Cleanup", Time since last: 11022108727 ns, Reaching safepoint: 166846 ns, At safepoint: 6230 ns, Total: 173076 ns
[2023-03-15T06:01:30.522+0000][69][gc,start    ] GC(344) Pause Young (Concurrent Start) (G1 Evacuation Pause)
[2023-03-15T06:01:30.524+0000][69][gc,task     ] GC(344) Using 4 workers of 4 for evacuation
[2023-03-15T06:01:30.525+0000][69][gc,age      ] GC(344) Desired survivor size 8388608 bytes, new threshold 15 (max threshold 15)
[2023-03-15T06:01:30.532+0000][69][gc,phases   ] GC(344)   Pre Evacuate Collection Set: 0.8ms
[2023-03-15T06:01:30.534+0000][69][gc,phases   ] GC(344)   Merge Heap Roots: 0.2ms
[2023-03-15T06:01:30.534+0000][69][gc,phases   ] GC(344)   Evacuate Collection Set: 2.8ms
[2023-03-15T06:01:30.535+0000][69][gc,phases   ] GC(344)   Post Evacuate Collection Set: 1.3ms
[2023-03-15T06:01:30.536+0000][69][gc,phases   ] GC(344)   Other: 3.3ms
[2023-03-15T06:01:30.537+0000][69][gc,age      ] GC(344) Age table with threshold 15 (max threshold 15)
[2023-03-15T06:01:30.538+0000][69][gc,age      ] GC(344) - age   1:     822376 bytes,     822376 total
[2023-03-15T06:01:30.539+0000][69][gc,age      ] GC(344) - age   2:       2656 bytes,     825032 total
[2023-03-15T06:01:30.540+0000][69][gc,age      ] GC(344) - age   3:       1552 bytes,     826584 total
[2023-03-15T06:01:30.540+0000][69][gc,age      ] GC(344) - age   4:     348176 bytes,    1174760 total
[2023-03-15T06:01:30.541+0000][69][gc,age      ] GC(344) - age   5:       8872 bytes,    1183632 total
[2023-03-15T06:01:30.541+0000][69][gc,age      ] GC(344) - age   6:         32 bytes,    1183664 total
[2023-03-15T06:01:30.542+0000][69][gc,age      ] GC(344) - age   7:       6976 bytes,    1190640 total
[2023-03-15T06:01:30.542+0000][69][gc,age      ] GC(344) - age   8:       8696 bytes,    1199336 total
[2023-03-15T06:01:30.543+0000][69][gc,age      ] GC(344) - age   9:         32 bytes,    1199368 total
[2023-03-15T06:01:30.544+0000][69][gc,age      ] GC(344) - age  11:        184 bytes,    1199552 total
[2023-03-15T06:01:30.544+0000][69][gc,age      ] GC(344) - age  12:        296 bytes,    1199848 total
[2023-03-15T06:01:30.545+0000][69][gc,age      ] GC(344) - age  14:      22024 bytes,    1221872 total
[2023-03-15T06:01:30.545+0000][69][gc,age      ] GC(344) - age  15:        184 bytes,    1222056 total
[2023-03-15T06:01:30.547+0000][69][gc,heap     ] GC(344) Eden regions: 24->0(24)
[2023-03-15T06:01:30.547+0000][69][gc,heap     ] GC(344) Survivor regions: 1->1(4)
[2023-03-15T06:01:30.548+0000][69][gc,heap     ] GC(344) Old regions: 24->24
[2023-03-15T06:01:30.548+0000][69][gc,heap     ] GC(344) Archive regions: 2->2
[2023-03-15T06:01:30.549+0000][69][gc,heap     ] GC(344) Humongous regions: 2->2
[2023-03-15T06:01:30.550+0000][69][gc,metaspace] GC(344) Metaspace: 138087K(141376K)->138087K(141376K) NonClass: 120569K(121664K)->120569K(121664K) Class: 17517K(19712K)->17517K(19712K)
[2023-03-15T06:01:30.550+0000][69][gc          ] GC(344) Pause Young (Concurrent Start) (G1 Evacuation Pause) 204M->108M(256M) 28.259ms
[2023-03-15T06:01:30.551+0000][69][gc,cpu      ] GC(344) User=0.00s Sys=0.01s Real=0.03s
[2023-03-15T06:01:30.551+0000][69][gc          ] GC(345) Concurrent Mark Cycle
[2023-03-15T06:01:30.552+0000][69][gc,marking  ] GC(345) Concurrent Clear Claimed Marks
[2023-03-15T06:01:30.552+0000][69][safepoint   ] Safepoint "G1CollectForAllocation", Time since last: 15371756106 ns, Reaching safepoint: 200214 ns, At safepoint: 29995489 ns, Total: 30195703 ns
[2023-03-15T06:01:30.553+0000][69][gc,marking  ] GC(345) Concurrent Clear Claimed Marks 1.048ms
[2023-03-15T06:01:30.554+0000][69][gc,marking  ] GC(345) Concurrent Scan Root Regions
[2023-03-15T06:01:30.557+0000][69][gc,marking  ] GC(345) Concurrent Scan Root Regions 2.885ms
[2023-03-15T06:01:30.558+0000][69][gc,marking  ] GC(345) Concurrent Mark
[2023-03-15T06:01:30.558+0000][69][gc,marking  ] GC(345) Concurrent Mark From Roots
[2023-03-15T06:01:30.559+0000][69][gc,task     ] GC(345) Using 1 workers of 1 for marking
[2023-03-15T06:01:30.659+0000][69][gc,marking  ] GC(345) Concurrent Mark From Roots 100.769ms
[2023-03-15T06:01:30.660+0000][69][gc,marking  ] GC(345) Concurrent Preclean
[2023-03-15T06:01:30.662+0000][69][gc,marking  ] GC(345) Concurrent Preclean 1.330ms
[2023-03-15T06:01:30.662+0000][69][gc,start    ] GC(345) Pause Remark
[2023-03-15T06:01:30.674+0000][69][gc          ] GC(345) Pause Remark 109M->109M(256M) 11.557ms
[2023-03-15T06:01:30.675+0000][69][gc,cpu      ] GC(345) User=0.03s Sys=0.00s Real=0.01s
[2023-03-15T06:01:30.676+0000][69][safepoint   ] Safepoint "G1PauseRemark", Time since last: 110404874 ns, Reaching safepoint: 54617 ns, At safepoint: 13264481 ns, Total: 13319098 ns
[2023-03-15T06:01:30.676+0000][69][gc,marking  ] GC(345) Concurrent Mark 118.330ms
[2023-03-15T06:01:30.676+0000][69][gc,marking  ] GC(345) Concurrent Rebuild Remembered Sets
[2023-03-15T06:01:30.726+0000][69][gc,marking  ] GC(345) Concurrent Rebuild Remembered Sets 49.378ms
[2023-03-15T06:01:30.727+0000][69][gc,start    ] GC(345) Pause Cleanup
[2023-03-15T06:01:30.728+0000][69][gc          ] GC(345) Pause Cleanup 109M->109M(256M) 0.922ms
[2023-03-15T06:01:30.729+0000][69][gc,cpu      ] GC(345) User=0.00s Sys=0.00s Real=0.00s
[2023-03-15T06:01:30.729+0000][69][safepoint   ] Safepoint "G1PauseCleanup", Time since last: 51589696 ns, Reaching safepoint: 45565 ns, At safepoint: 2138047 ns, Total: 2183612 ns
[2023-03-15T06:01:30.730+0000][69][gc,marking  ] GC(345) Concurrent Cleanup for Next Mark
[2023-03-15T06:01:30.731+0000][69][gc,marking  ] GC(345) Concurrent Cleanup for Next Mark 0.802ms
[2023-03-15T06:01:30.731+0000][69][gc          ] GC(345) Concurrent Mark Cycle 180.248ms
[2023-03-15T06:01:40.747+0000][69][safepoint   ] Safepoint "Cleanup", Time since last: 10016735209 ns, Reaching safepoint: 651684 ns, At safepoint: 15884 ns, Total: 667568 ns
[2023-03-15T06:01:42.753+0000][69][safepoint   ] Safepoint "Cleanup", Time since last: 2005919839 ns, Reaching safepoint: 669206 ns, At safepoint: 43306 ns, Total: 712512 ns
[2023-03-15T06:01:46.747+0000][69][safepoint   ] Safepoint "Cleanup", Time since last: 4015771368 ns, Reaching safepoint: 705406 ns, At safepoint: 40597 ns, Total: 746003 ns
[2023-03-15T06:01:50.759+0000][69][safepoint   ] Safepoint "Cleanup", Time since last: 4011571112 ns, Reaching safepoint: 768514 ns, At safepoint: 51466 ns, Total: 819980 ns
[2023-03-15T06:02:04.184+0000][69][gc,start    ] GC(346) Pause Young (Normal) (G1 Evacuation Pause)
[2023-03-15T06:02:04.185+0000][69][gc,task     ] GC(346) Using 4 workers of 4 for evacuation
[2023-03-15T06:02:04.185+0000][69][gc,age      ] GC(346) Desired survivor size 8388608 bytes, new threshold 15 (max threshold 15)
[2023-03-15T06:02:04.188+0000][69][gc,phases   ] GC(346)   Pre Evacuate Collection Set: 0.1ms
[2023-03-15T06:02:04.188+0000][69][gc,phases   ] GC(346)   Merge Heap Roots: 0.0ms
[2023-03-15T06:02:04.189+0000][69][gc,phases   ] GC(346)   Evacuate Collection Set: 1.4ms
[2023-03-15T06:02:04.189+0000][69][gc,phases   ] GC(346)   Post Evacuate Collection Set: 0.7ms
[2023-03-15T06:02:04.190+0000][69][gc,phases   ] GC(346)   Other: 0.9ms
[2023-03-15T06:02:04.190+0000][69][gc,age      ] GC(346) Age table with threshold 15 (max threshold 15)
[2023-03-15T06:02:04.191+0000][69][gc,age      ] GC(346) - age   1:    1462032 bytes,    1462032 total
[2023-03-15T06:02:04.191+0000][69][gc,age      ] GC(346) - age   2:       9872 bytes,    1471904 total
[2023-03-15T06:02:04.192+0000][69][gc,age      ] GC(346) - age   3:       1320 bytes,    1473224 total
[2023-03-15T06:02:04.192+0000][69][gc,age      ] GC(346) - age   4:       1360 bytes,    1474584 total
[2023-03-15T06:02:04.193+0000][69][gc,age      ] GC(346) - age   5:     347816 bytes,    1822400 total
[2023-03-15T06:02:04.193+0000][69][gc,age      ] GC(346) - age   6:       8576 bytes,    1830976 total
[2023-03-15T06:02:04.194+0000][69][gc,age      ] GC(346) - age   7:         32 bytes,    1831008 total
[2023-03-15T06:02:04.194+0000][69][gc,age      ] GC(346) - age   8:       6976 bytes,    1837984 total
[2023-03-15T06:02:04.195+0000][69][gc,age      ] GC(346) - age   9:       8696 bytes,    1846680 total
[2023-03-15T06:02:04.195+0000][69][gc,age      ] GC(346) - age  10:         32 bytes,    1846712 total
[2023-03-15T06:02:04.196+0000][69][gc,age      ] GC(346) - age  12:        184 bytes,    1846896 total
[2023-03-15T06:02:04.196+0000][69][gc,age      ] GC(346) - age  13:        296 bytes,    1847192 total
[2023-03-15T06:02:04.196+0000][69][gc,age      ] GC(346) - age  15:      22024 bytes,    1869216 total
[2023-03-15T06:02:04.197+0000][69][gc,heap     ] GC(346) Eden regions: 24->0(24)
[2023-03-15T06:02:04.197+0000][69][gc,heap     ] GC(346) Survivor regions: 1->1(4)
[2023-03-15T06:02:04.198+0000][69][gc,heap     ] GC(346) Old regions: 24->24
[2023-03-15T06:02:04.198+0000][69][gc,heap     ] GC(346) Archive regions: 2->2
[2023-03-15T06:02:04.198+0000][69][gc,heap     ] GC(346) Humongous regions: 2->2
[2023-03-15T06:02:04.199+0000][69][gc,metaspace] GC(346) Metaspace: 138087K(141376K)->138087K(141376K) NonClass: 120569K(121664K)->120569K(121664K) Class: 17517K(19712K)->17517K(19712K)
[2023-03-15T06:02:04.199+0000][69][gc          ] GC(346) Pause Young (Normal) (G1 Evacuation Pause) 204M->109M(256M) 15.453ms
[2023-03-15T06:02:04.200+0000][69][gc,cpu      ] GC(346) User=0.01s Sys=0.01s Real=0.01s
[2023-03-15T06:02:04.200+0000][69][safepoint   ] Safepoint "G1CollectForAllocation", Time since last: 13424421208 ns, Reaching safepoint: 106430 ns, At safepoint: 16328528 ns, Total: 16434958 ns
[2023-03-15T06:02:06.207+0000][69][safepoint   ] Safepoint "Cleanup", Time since last: 2006571717 ns, Reaching safepoint: 475587 ns, At safepoint: 13705 ns, Total: 489292 ns
[2023-03-15T06:02:07.213+0000][69][safepoint   ] Safepoint "Cleanup", Time since last: 1005519259 ns, Reaching safepoint: 339755 ns, At safepoint: 29458 ns, Total: 369213 ns
[2023-03-15T06:02:24.219+0000][69][safepoint   ] Safepoint "Cleanup", Time since last: 17026023168 ns, Reaching safepoint: 563118 ns, At safepoint: 14381 ns, Total: 577499 ns
[2023-03-15T06:02:28.227+0000][69][safepoint   ] Safepoint "Cleanup", Time since last: 4007348359 ns, Reaching safepoint: 582798 ns, At safepoint: 24243 ns, Total: 607041 ns
[2023-03-15T06:02:33.942+0000][69][gc,start    ] GC(347) Pause Young (Concurrent Start) (G1 Evacuation Pause)
[2023-03-15T06:02:33.944+0000][69][gc,task     ] GC(347) Using 4 workers of 4 for evacuation
[2023-03-15T06:02:33.947+0000][69][gc,age      ] GC(347) Desired survivor size 8388608 bytes, new threshold 15 (max threshold 15)
[2023-03-15T06:02:33.953+0000][69][gc,phases   ] GC(347)   Pre Evacuate Collection Set: 0.6ms
[2023-03-15T06:02:33.954+0000][69][gc,phases   ] GC(347)   Merge Heap Roots: 0.1ms
[2023-03-15T06:02:33.955+0000][69][gc,phases   ] GC(347)   Evacuate Collection Set: 2.9ms
[2023-03-15T06:02:33.956+0000][69][gc,phases   ] GC(347)   Post Evacuate Collection Set: 1.4ms
[2023-03-15T06:02:33.957+0000][69][gc,phases   ] GC(347)   Other: 3.7ms
[2023-03-15T06:02:33.957+0000][69][gc,age      ] GC(347) Age table with threshold 15 (max threshold 15)
[2023-03-15T06:02:33.958+0000][69][gc,age      ] GC(347) - age   1:     566040 bytes,     566040 total
[2023-03-15T06:02:33.959+0000][69][gc,age      ] GC(347) - age   2:       3000 bytes,     569040 total
[2023-03-15T06:02:33.959+0000][69][gc,age      ] GC(347) - age   3:       8896 bytes,     577936 total
[2023-03-15T06:02:33.960+0000][69][gc,age      ] GC(347) - age   4:       1192 bytes,     579128 total
[2023-03-15T06:02:33.961+0000][69][gc,age      ] GC(347) - age   5:       1296 bytes,     580424 total
[2023-03-15T06:02:33.961+0000][69][gc,age      ] GC(347) - age   6:     321376 bytes,     901800 total
[2023-03-15T06:02:33.962+0000][69][gc,age      ] GC(347) - age   7:       8576 bytes,     910376 total
[2023-03-15T06:02:33.963+0000][69][gc,age      ] GC(347) - age   8:         32 bytes,     910408 total
[2023-03-15T06:02:33.963+0000][69][gc,age      ] GC(347) - age   9:       6680 bytes,     917088 total
[2023-03-15T06:02:33.964+0000][69][gc,age      ] GC(347) - age  10:       8696 bytes,     925784 total
[2023-03-15T06:02:33.964+0000][69][gc,age      ] GC(347) - age  11:         32 bytes,     925816 total
[2023-03-15T06:02:33.965+0000][69][gc,age      ] GC(347) - age  13:        184 bytes,     926000 total
[2023-03-15T06:02:33.965+0000][69][gc,age      ] GC(347) - age  14:        296 bytes,     926296 total
[2023-03-15T06:02:33.966+0000][69][gc,heap     ] GC(347) Eden regions: 24->0(24)
[2023-03-15T06:02:33.967+0000][69][gc,heap     ] GC(347) Survivor regions: 1->1(4)
[2023-03-15T06:02:33.967+0000][69][gc,heap     ] GC(347) Old regions: 24->24
[2023-03-15T06:02:33.968+0000][69][gc,heap     ] GC(347) Archive regions: 2->2
[2023-03-15T06:02:33.968+0000][69][gc,heap     ] GC(347) Humongous regions: 2->2
[2023-03-15T06:02:33.969+0000][69][gc,metaspace] GC(347) Metaspace: 138087K(141376K)->138087K(141376K) NonClass: 120569K(121664K)->120569K(121664K) Class: 17517K(19712K)->17517K(19712K)
[2023-03-15T06:02:33.969+0000][69][gc          ] GC(347) Pause Young (Concurrent Start) (G1 Evacuation Pause) 205M->108M(256M) 26.964ms
[2023-03-15T06:02:33.970+0000][69][gc          ] GC(348) Concurrent Mark Cycle
[2023-03-15T06:02:33.970+0000][69][gc,marking  ] GC(348) Concurrent Clear Claimed Marks
[2023-03-15T06:02:33.970+0000][69][gc,cpu      ] GC(347) User=0.00s Sys=0.00s Real=0.02s
[2023-03-15T06:02:33.971+0000][69][gc,marking  ] GC(348) Concurrent Clear Claimed Marks 0.892ms
[2023-03-15T06:02:33.972+0000][69][gc,marking  ] GC(348) Concurrent Scan Root Regions
[2023-03-15T06:02:33.972+0000][69][safepoint   ] Safepoint "G1CollectForAllocation", Time since last: 5715334237 ns, Reaching safepoint: 135138 ns, At safepoint: 29344038 ns, Total: 29479176 ns
[2023-03-15T06:02:33.975+0000][69][gc,marking  ] GC(348) Concurrent Scan Root Regions 2.953ms
[2023-03-15T06:02:33.976+0000][69][gc,marking  ] GC(348) Concurrent Mark
[2023-03-15T06:02:33.977+0000][69][gc,marking  ] GC(348) Concurrent Mark From Roots
[2023-03-15T06:02:33.977+0000][69][gc,task     ] GC(348) Using 1 workers of 1 for marking
[2023-03-15T06:02:34.133+0000][69][gc,marking  ] GC(348) Concurrent Mark From Roots 156.314ms
[2023-03-15T06:02:34.133+0000][69][gc,marking  ] GC(348) Concurrent Preclean
[2023-03-15T06:02:34.134+0000][69][gc,marking  ] GC(348) Concurrent Preclean 0.941ms
[2023-03-15T06:02:34.135+0000][69][gc,start    ] GC(348) Pause Remark
[2023-03-15T06:02:34.146+0000][69][gc          ] GC(348) Pause Remark 111M->111M(256M) 10.690ms
[2023-03-15T06:02:34.148+0000][69][gc,cpu      ] GC(348) User=0.03s Sys=0.00s Real=0.01s
[2023-03-15T06:02:34.148+0000][69][safepoint   ] Safepoint "G1PauseRemark", Time since last: 163625757 ns, Reaching safepoint: 90112 ns, At safepoint: 12758595 ns, Total: 12848707 ns
[2023-03-15T06:02:34.149+0000][69][gc,marking  ] GC(348) Concurrent Mark 173.191ms
[2023-03-15T06:02:34.150+0000][69][gc,marking  ] GC(348) Concurrent Rebuild Remembered Sets
[2023-03-15T06:02:34.224+0000][69][gc,marking  ] GC(348) Concurrent Rebuild Remembered Sets 73.825ms
[2023-03-15T06:02:34.224+0000][69][gc,start    ] GC(348) Pause Cleanup
[2023-03-15T06:02:34.225+0000][69][gc          ] GC(348) Pause Cleanup 111M->111M(256M) 0.679ms
[2023-03-15T06:02:34.226+0000][69][gc,cpu      ] GC(348) User=0.00s Sys=0.00s Real=0.00s
[2023-03-15T06:02:34.226+0000][69][safepoint   ] Safepoint "G1PauseCleanup", Time since last: 76160540 ns, Reaching safepoint: 109191 ns, At safepoint: 1690971 ns, Total: 1800162 ns
[2023-03-15T06:02:34.227+0000][69][gc,marking  ] GC(348) Concurrent Cleanup for Next Mark
[2023-03-15T06:02:34.228+0000][69][gc,marking  ] GC(348) Concurrent Cleanup for Next Mark 0.741ms
[2023-03-15T06:02:34.228+0000][69][gc          ] GC(348) Concurrent Mark Cycle 258.441ms
[2023-03-15T06:02:52.240+0000][69][safepoint   ] Safepoint "Cleanup", Time since last: 18034349126 ns, Reaching safepoint: 385405 ns, At safepoint: 40166 ns, Total: 425571 ns
[2023-03-15T06:02:58.247+0000][69][safepoint   ] Safepoint "Cleanup", Time since last: 6005422351 ns, Reaching safepoint: 1317091 ns, At safepoint: 120433 ns, Total: 1437524 ns
[2023-03-15T06:03:05.262+0000][69][safepoint   ] Safepoint "Cleanup", Time since last: 7015281877 ns, Reaching safepoint: 194713 ns, At safepoint: 6457 ns, Total: 201170 ns
[2023-03-15T06:03:05.365+0000][69][gc,start    ] GC(349) Pause Young (Normal) (G1 Evacuation Pause)
[2023-03-15T06:03:05.368+0000][69][gc,task     ] GC(349) Using 4 workers of 4 for evacuation
[2023-03-15T06:03:05.370+0000][69][gc,age      ] GC(349) Desired survivor size 8388608 bytes, new threshold 15 (max threshold 15)
[2023-03-15T06:03:05.378+0000][69][gc,phases   ] GC(349)   Pre Evacuate Collection Set: 0.3ms
[2023-03-15T06:03:05.379+0000][69][gc,phases   ] GC(349)   Merge Heap Roots: 0.5ms
[2023-03-15T06:03:05.380+0000][69][gc,phases   ] GC(349)   Evacuate Collection Set: 4.4ms
[2023-03-15T06:03:05.381+0000][69][gc,phases   ] GC(349)   Post Evacuate Collection Set: 1.1ms
[2023-03-15T06:03:05.382+0000][69][gc,phases   ] GC(349)   Other: 3.5ms
[2023-03-15T06:03:05.383+0000][69][gc,age      ] GC(349) Age table with threshold 15 (max threshold 15)
[2023-03-15T06:03:05.384+0000][69][gc,age      ] GC(349) - age   1:    1001584 bytes,    1001584 total
[2023-03-15T06:03:05.384+0000][69][gc,age      ] GC(349) - age   2:       9416 bytes,    1011000 total
[2023-03-15T06:03:05.385+0000][69][gc,age      ] GC(349) - age   3:       1512 bytes,    1012512 total
[2023-03-15T06:03:05.386+0000][69][gc,age      ] GC(349) - age   4:       8640 bytes,    1021152 total
[2023-03-15T06:03:05.387+0000][69][gc,age      ] GC(349) - age   5:        832 bytes,    1021984 total
[2023-03-15T06:03:05.388+0000][69][gc,age      ] GC(349) - age   6:       1296 bytes,    1023280 total
[2023-03-15T06:03:05.388+0000][69][gc,age      ] GC(349) - age   7:     321312 bytes,    1344592 total
[2023-03-15T06:03:05.389+0000][69][gc,age      ] GC(349) - age   8:       8512 bytes,    1353104 total
[2023-03-15T06:03:05.390+0000][69][gc,age      ] GC(349) - age   9:         32 bytes,    1353136 total
[2023-03-15T06:03:05.391+0000][69][gc,age      ] GC(349) - age  10:       6424 bytes,    1359560 total
[2023-03-15T06:03:05.392+0000][69][gc,age      ] GC(349) - age  11:       8696 bytes,    1368256 total
[2023-03-15T06:03:05.392+0000][69][gc,age      ] GC(349) - age  12:         32 bytes,    1368288 total
[2023-03-15T06:03:05.393+0000][69][gc,age      ] GC(349) - age  14:        184 bytes,    1368472 total
[2023-03-15T06:03:05.394+0000][69][gc,age      ] GC(349) - age  15:        296 bytes,    1368768 total
[2023-03-15T06:03:05.395+0000][69][gc,heap     ] GC(349) Eden regions: 24->0(24)
[2023-03-15T06:03:05.396+0000][69][gc,heap     ] GC(349) Survivor regions: 1->1(4)
[2023-03-15T06:03:05.396+0000][69][gc,heap     ] GC(349) Old regions: 24->24
[2023-03-15T06:03:05.397+0000][69][gc,heap     ] GC(349) Archive regions: 2->2
[2023-03-15T06:03:05.398+0000][69][gc,heap     ] GC(349) Humongous regions: 2->2
[2023-03-15T06:03:05.398+0000][69][gc,metaspace] GC(349) Metaspace: 138090K(141440K)->138090K(141440K) NonClass: 120573K(121728K)->120573K(121728K) Class: 17517K(19712K)->17517K(19712K)
[2023-03-15T06:03:05.399+0000][69][gc          ] GC(349) Pause Young (Normal) (G1 Evacuation Pause) 204M->108M(256M) 33.730ms
[2023-03-15T06:03:05.400+0000][69][gc,cpu      ] GC(349) User=0.01s Sys=0.01s Real=0.03s
[2023-03-15T06:03:05.400+0000][69][safepoint   ] Safepoint "G1CollectForAllocation", Time since last: 102718930 ns, Reaching safepoint: 279831 ns, At safepoint: 35061455 ns, Total: 35341286 ns
[2023-03-15T06:03:27.412+0000][69][safepoint   ] Safepoint "Cleanup", Time since last: 22032611682 ns, Reaching safepoint: 440981 ns, At safepoint: 34609 ns, Total: 475590 ns
[2023-03-15T06:03:40.183+0000][69][gc,start    ] GC(350) Pause Young (Concurrent Start) (G1 Evacuation Pause)
[2023-03-15T06:03:40.183+0000][69][gc,task     ] GC(350) Using 4 workers of 4 for evacuation
[2023-03-15T06:03:40.184+0000][69][gc,age      ] GC(350) Desired survivor size 8388608 bytes, new threshold 15 (max threshold 15)
[2023-03-15T06:03:40.187+0000][69][gc,phases   ] GC(350)   Pre Evacuate Collection Set: 0.4ms
[2023-03-15T06:03:40.188+0000][69][gc,phases   ] GC(350)   Merge Heap Roots: 0.1ms
[2023-03-15T06:03:40.188+0000][69][gc,phases   ] GC(350)   Evacuate Collection Set: 1.5ms
[2023-03-15T06:03:40.189+0000][69][gc,phases   ] GC(350)   Post Evacuate Collection Set: 0.8ms
[2023-03-15T06:03:40.190+0000][69][gc,phases   ] GC(350)   Other: 0.9ms
[2023-03-15T06:03:40.190+0000][69][gc,age      ] GC(350) Age table with threshold 15 (max threshold 15)
[2023-03-15T06:03:40.191+0000][69][gc,age      ] GC(350) - age   1:    1242072 bytes,    1242072 total
[2023-03-15T06:03:40.191+0000][69][gc,age      ] GC(350) - age   2:       7952 bytes,    1250024 total
[2023-03-15T06:03:40.191+0000][69][gc,age      ] GC(350) - age   3:       9192 bytes,    1259216 total
[2023-03-15T06:03:40.192+0000][69][gc,age      ] GC(350) - age   4:       1024 bytes,    1260240 total
[2023-03-15T06:03:40.192+0000][69][gc,age      ] GC(350) - age   5:       8640 bytes,    1268880 total
[2023-03-15T06:03:40.193+0000][69][gc,age      ] GC(350) - age   6:        832 bytes,    1269712 total
[2023-03-15T06:03:40.193+0000][69][gc,age      ] GC(350) - age   7:       1296 bytes,    1271008 total
[2023-03-15T06:03:40.193+0000][69][gc,age      ] GC(350) - age   8:     321312 bytes,    1592320 total
[2023-03-15T06:03:40.194+0000][69][gc,age      ] GC(350) - age   9:       8512 bytes,    1600832 total
[2023-03-15T06:03:40.194+0000][69][gc,age      ] GC(350) - age  11:       6424 bytes,    1607256 total
[2023-03-15T06:03:40.194+0000][69][gc,age      ] GC(350) - age  12:       8696 bytes,    1615952 total
[2023-03-15T06:03:40.195+0000][69][gc,age      ] GC(350) - age  13:         32 bytes,    1615984 total
[2023-03-15T06:03:40.195+0000][69][gc,age      ] GC(350) - age  15:        184 bytes,    1616168 total
[2023-03-15T06:03:40.196+0000][69][gc,heap     ] GC(350) Eden regions: 24->0(24)
[2023-03-15T06:03:40.196+0000][69][gc,heap     ] GC(350) Survivor regions: 1->1(4)
[2023-03-15T06:03:40.196+0000][69][gc,heap     ] GC(350) Old regions: 24->24
[2023-03-15T06:03:40.197+0000][69][gc,heap     ] GC(350) Archive regions: 2->2
[2023-03-15T06:03:40.197+0000][69][gc,heap     ] GC(350) Humongous regions: 2->2
[2023-03-15T06:03:40.198+0000][69][gc,metaspace] GC(350) Metaspace: 138090K(141440K)->138090K(141440K) NonClass: 120573K(121728K)->120573K(121728K) Class: 17517K(19712K)->17517K(19712K)
[2023-03-15T06:03:40.198+0000][69][gc          ] GC(350) Pause Young (Concurrent Start) (G1 Evacuation Pause) 204M->108M(256M) 15.181ms
[2023-03-15T06:03:40.199+0000][69][gc,cpu      ] GC(350) User=0.00s Sys=0.00s Real=0.01s
[2023-03-15T06:03:40.199+0000][69][gc          ] GC(351) Concurrent Mark Cycle
[2023-03-15T06:03:40.200+0000][69][gc,marking  ] GC(351) Concurrent Clear Claimed Marks
[2023-03-15T06:03:40.199+0000][69][safepoint   ] Safepoint "G1CollectForAllocation", Time since last: 12771266642 ns, Reaching safepoint: 79417 ns, At safepoint: 16568789 ns, Total: 16648206 ns
[2023-03-15T06:03:40.201+0000][69][gc,marking  ] GC(351) Concurrent Clear Claimed Marks 0.721ms
[2023-03-15T06:03:40.202+0000][69][gc,marking  ] GC(351) Concurrent Scan Root Regions
[2023-03-15T06:03:40.204+0000][69][gc,marking  ] GC(351) Concurrent Scan Root Regions 2.520ms
[2023-03-15T06:03:40.205+0000][69][gc,marking  ] GC(351) Concurrent Mark
[2023-03-15T06:03:40.207+0000][69][gc,marking  ] GC(351) Concurrent Mark From Roots
[2023-03-15T06:03:40.208+0000][69][gc,task     ] GC(351) Using 1 workers of 1 for marking
[2023-03-15T06:03:40.310+0000][69][gc,marking  ] GC(351) Concurrent Mark From Roots 102.857ms
[2023-03-15T06:03:40.311+0000][69][gc,marking  ] GC(351) Concurrent Preclean
[2023-03-15T06:03:40.312+0000][69][gc,marking  ] GC(351) Concurrent Preclean 1.302ms
[2023-03-15T06:03:40.313+0000][69][gc,start    ] GC(351) Pause Remark
[2023-03-15T06:03:40.324+0000][69][gc          ] GC(351) Pause Remark 114M->114M(256M) 10.859ms
[2023-03-15T06:03:40.325+0000][69][gc,cpu      ] GC(351) User=0.03s Sys=0.00s Real=0.01s
[2023-03-15T06:03:40.325+0000][69][safepoint   ] Safepoint "G1PauseRemark", Time since last: 113319477 ns, Reaching safepoint: 80626 ns, At safepoint: 12589207 ns, Total: 12669833 ns
[2023-03-15T06:03:40.326+0000][69][gc,marking  ] GC(351) Concurrent Mark 120.547ms
[2023-03-15T06:03:40.327+0000][69][gc,marking  ] GC(351) Concurrent Rebuild Remembered Sets
[2023-03-15T06:03:40.377+0000][69][gc,marking  ] GC(351) Concurrent Rebuild Remembered Sets 50.363ms
[2023-03-15T06:03:40.379+0000][69][gc,start    ] GC(351) Pause Cleanup
[2023-03-15T06:03:40.380+0000][69][gc          ] GC(351) Pause Cleanup 114M->114M(256M) 0.966ms
[2023-03-15T06:03:40.380+0000][69][gc,cpu      ] GC(351) User=0.00s Sys=0.00s Real=0.01s
[2023-03-15T06:03:40.381+0000][69][safepoint   ] Safepoint "G1PauseCleanup", Time since last: 53190659 ns, Reaching safepoint: 112873 ns, At safepoint: 2280530 ns, Total: 2393403 ns
[2023-03-15T06:03:40.382+0000][69][gc,marking  ] GC(351) Concurrent Cleanup for Next Mark
[2023-03-15T06:03:40.383+0000][69][gc,marking  ] GC(351) Concurrent Cleanup for Next Mark 1.059ms
[2023-03-15T06:03:40.383+0000][69][gc          ] GC(351) Concurrent Mark Cycle 184.310ms
[2023-03-15T06:04:04.394+0000][69][safepoint   ] Safepoint "Cleanup", Time since last: 24034077831 ns, Reaching safepoint: 644025 ns, At safepoint: 125610 ns, Total: 769635 ns
[2023-03-15T06:04:10.272+0000][69][gc,start    ] GC(352) Pause Young (Normal) (G1 Evacuation Pause)
[2023-03-15T06:04:10.273+0000][69][gc,task     ] GC(352) Using 4 workers of 4 for evacuation
[2023-03-15T06:04:10.274+0000][69][gc,age      ] GC(352) Desired survivor size 8388608 bytes, new threshold 15 (max threshold 15)
[2023-03-15T06:04:10.277+0000][69][gc,phases   ] GC(352)   Pre Evacuate Collection Set: 0.1ms
[2023-03-15T06:04:10.278+0000][69][gc,phases   ] GC(352)   Merge Heap Roots: 0.1ms
[2023-03-15T06:04:10.280+0000][69][gc,phases   ] GC(352)   Evacuate Collection Set: 1.9ms
[2023-03-15T06:04:10.280+0000][69][gc,phases   ] GC(352)   Post Evacuate Collection Set: 1.0ms
[2023-03-15T06:04:10.281+0000][69][gc,phases   ] GC(352)   Other: 1.0ms
[2023-03-15T06:04:10.282+0000][69][gc,age      ] GC(352) Age table with threshold 15 (max threshold 15)
[2023-03-15T06:04:10.282+0000][69][gc,age      ] GC(352) - age   1:    1954088 bytes,    1954088 total
[2023-03-15T06:04:10.283+0000][69][gc,age      ] GC(352) - age   2:       1592 bytes,    1955680 total
[2023-03-15T06:04:10.283+0000][69][gc,age      ] GC(352) - age   3:       6352 bytes,    1962032 total
[2023-03-15T06:04:10.284+0000][69][gc,age      ] GC(352) - age   4:       8872 bytes,    1970904 total
[2023-03-15T06:04:10.285+0000][69][gc,age      ] GC(352) - age   5:        784 bytes,    1971688 total
[2023-03-15T06:04:10.285+0000][69][gc,age      ] GC(352) - age   6:       8640 bytes,    1980328 total
[2023-03-15T06:04:10.286+0000][69][gc,age      ] GC(352) - age   7:        832 bytes,    1981160 total
[2023-03-15T06:04:10.286+0000][69][gc,age      ] GC(352) - age   8:       1296 bytes,    1982456 total
[2023-03-15T06:04:10.287+0000][69][gc,age      ] GC(352) - age   9:     312880 bytes,    2295336 total
[2023-03-15T06:04:10.287+0000][69][gc,age      ] GC(352) - age  10:       8512 bytes,    2303848 total
[2023-03-15T06:04:10.287+0000][69][gc,age      ] GC(352) - age  12:       6424 bytes,    2310272 total
[2023-03-15T06:04:10.288+0000][69][gc,age      ] GC(352) - age  13:       8696 bytes,    2318968 total
[2023-03-15T06:04:10.288+0000][69][gc,age      ] GC(352) - age  14:         32 bytes,    2319000 total
[2023-03-15T06:04:10.288+0000][69][gc,heap     ] GC(352) Eden regions: 24->0(24)
[2023-03-15T06:04:10.289+0000][69][gc,heap     ] GC(352) Survivor regions: 1->1(4)
[2023-03-15T06:04:10.289+0000][69][gc,heap     ] GC(352) Old regions: 24->24
[2023-03-15T06:04:10.290+0000][69][gc,heap     ] GC(352) Archive regions: 2->2
[2023-03-15T06:04:10.290+0000][69][gc,heap     ] GC(352) Humongous regions: 2->2
[2023-03-15T06:04:10.290+0000][69][gc,metaspace] GC(352) Metaspace: 138090K(141440K)->138090K(141440K) NonClass: 120573K(121728K)->120573K(121728K) Class: 17517K(19712K)->17517K(19712K)
[2023-03-15T06:04:10.291+0000][69][gc          ] GC(352) Pause Young (Normal) (G1 Evacuation Pause) 204M->109M(256M) 18.612ms
[2023-03-15T06:04:10.291+0000][69][gc,cpu      ] GC(352) User=0.01s Sys=0.01s Real=0.02s
[2023-03-15T06:04:10.292+0000][69][safepoint   ] Safepoint "G1CollectForAllocation", Time since last: 5878098773 ns, Reaching safepoint: 96754 ns, At safepoint: 19478281 ns, Total: 19575035 ns
[2023-03-15T06:04:16.283+0000][69][safepoint   ] Safepoint "Cleanup", Time since last: 6012377913 ns, Reaching safepoint: 98075 ns, At safepoint: 3967 ns, Total: 102042 ns
[2023-03-15T06:04:40.033+0000][69][gc,start    ] GC(353) Pause Young (Concurrent Start) (G1 Evacuation Pause)
[2023-03-15T06:04:40.034+0000][69][gc,task     ] GC(353) Using 4 workers of 4 for evacuation
[2023-03-15T06:04:40.035+0000][69][gc,age      ] GC(353) Desired survivor size 8388608 bytes, new threshold 15 (max threshold 15)
[2023-03-15T06:04:40.039+0000][69][gc,phases   ] GC(353)   Pre Evacuate Collection Set: 0.4ms
[2023-03-15T06:04:40.040+0000][69][gc,phases   ] GC(353)   Merge Heap Roots: 0.1ms
[2023-03-15T06:04:40.041+0000][69][gc,phases   ] GC(353)   Evacuate Collection Set: 1.7ms
[2023-03-15T06:04:40.042+0000][69][gc,phases   ] GC(353)   Post Evacuate Collection Set: 1.2ms
[2023-03-15T06:04:40.043+0000][69][gc,phases   ] GC(353)   Other: 1.9ms
[2023-03-15T06:04:40.043+0000][69][gc,age      ] GC(353) Age table with threshold 15 (max threshold 15)
[2023-03-15T06:04:40.044+0000][69][gc,age      ] GC(353) - age   1:    1173064 bytes,    1173064 total
[2023-03-15T06:04:40.045+0000][69][gc,age      ] GC(353) - age   2:       2784 bytes,    1175848 total
[2023-03-15T06:04:40.045+0000][69][gc,age      ] GC(353) - age   3:        512 bytes,    1176360 total
[2023-03-15T06:04:40.046+0000][69][gc,age      ] GC(353) - age   4:       5736 bytes,    1182096 total
[2023-03-15T06:04:40.047+0000][69][gc,age      ] GC(353) - age   5:       8808 bytes,    1190904 total
[2023-03-15T06:04:40.047+0000][69][gc,age      ] GC(353) - age   6:        720 bytes,    1191624 total
[2023-03-15T06:04:40.048+0000][69][gc,age      ] GC(353) - age   7:        624 bytes,    1192248 total
[2023-03-15T06:04:40.048+0000][69][gc,age      ] GC(353) - age   8:        832 bytes,    1193080 total
[2023-03-15T06:04:40.049+0000][69][gc,age      ] GC(353) - age   9:       1296 bytes,    1194376 total
[2023-03-15T06:04:40.049+0000][69][gc,age      ] GC(353) - age  10:     312880 bytes,    1507256 total
[2023-03-15T06:04:40.050+0000][69][gc,age      ] GC(353) - age  11:       8512 bytes,    1515768 total
[2023-03-15T06:04:40.050+0000][69][gc,age      ] GC(353) - age  13:       6424 bytes,    1522192 total
[2023-03-15T06:04:40.051+0000][69][gc,age      ] GC(353) - age  14:       8696 bytes,    1530888 total
[2023-03-15T06:04:40.051+0000][69][gc,age      ] GC(353) - age  15:         32 bytes,    1530920 total
[2023-03-15T06:04:40.051+0000][69][gc,heap     ] GC(353) Eden regions: 24->0(24)
[2023-03-15T06:04:40.052+0000][69][gc,heap     ] GC(353) Survivor regions: 1->1(4)
[2023-03-15T06:04:40.052+0000][69][gc,heap     ] GC(353) Old regions: 24->24
[2023-03-15T06:04:40.052+0000][69][gc,heap     ] GC(353) Archive regions: 2->2
[2023-03-15T06:04:40.053+0000][69][gc,heap     ] GC(353) Humongous regions: 2->2
[2023-03-15T06:04:40.053+0000][69][gc,metaspace] GC(353) Metaspace: 138091K(141440K)->138091K(141440K) NonClass: 120573K(121728K)->120573K(121728K) Class: 17517K(19712K)->17517K(19712K)
[2023-03-15T06:04:40.054+0000][69][gc          ] GC(353) Pause Young (Concurrent Start) (G1 Evacuation Pause) 205M->108M(256M) 20.996ms
[2023-03-15T06:04:40.055+0000][69][gc          ] GC(354) Concurrent Mark Cycle
[2023-03-15T06:04:40.055+0000][69][gc,marking  ] GC(354) Concurrent Clear Claimed Marks
[2023-03-15T06:04:40.055+0000][69][gc,cpu      ] GC(353) User=0.01s Sys=0.00s Real=0.02s
[2023-03-15T06:04:40.056+0000][69][gc,marking  ] GC(354) Concurrent Clear Claimed Marks 0.820ms
[2023-03-15T06:04:40.057+0000][69][gc,marking  ] GC(354) Concurrent Scan Root Regions
[2023-03-15T06:04:40.057+0000][69][safepoint   ] Safepoint "G1CollectForAllocation", Time since last: 23750093592 ns, Reaching safepoint: 112774 ns, At safepoint: 23609489 ns, Total: 23722263 ns
[2023-03-15T06:04:40.060+0000][69][gc,marking  ] GC(354) Concurrent Scan Root Regions 2.633ms
[2023-03-15T06:04:40.061+0000][69][gc,marking  ] GC(354) Concurrent Mark
[2023-03-15T06:04:40.061+0000][69][gc,marking  ] GC(354) Concurrent Mark From Roots
[2023-03-15T06:04:40.062+0000][69][gc,task     ] GC(354) Using 1 workers of 1 for marking
[2023-03-15T06:04:40.199+0000][69][gc,marking  ] GC(354) Concurrent Mark From Roots 138.028ms
[2023-03-15T06:04:40.200+0000][69][gc,marking  ] GC(354) Concurrent Preclean
[2023-03-15T06:04:40.201+0000][69][gc,marking  ] GC(354) Concurrent Preclean 0.968ms
[2023-03-15T06:04:40.202+0000][69][gc,start    ] GC(354) Pause Remark
[2023-03-15T06:04:40.211+0000][69][gc          ] GC(354) Pause Remark 109M->109M(256M) 8.804ms
[2023-03-15T06:04:40.211+0000][69][gc,cpu      ] GC(354) User=0.02s Sys=0.00s Real=0.01s
[2023-03-15T06:04:40.212+0000][69][safepoint   ] Safepoint "G1PauseRemark", Time since last: 144925201 ns, Reaching safepoint: 226924 ns, At safepoint: 10057905 ns, Total: 10284829 ns
[2023-03-15T06:04:40.212+0000][69][gc,marking  ] GC(354) Concurrent Mark 151.668ms
[2023-03-15T06:04:40.213+0000][69][gc,marking  ] GC(354) Concurrent Rebuild Remembered Sets
[2023-03-15T06:04:40.273+0000][69][gc,marking  ] GC(354) Concurrent Rebuild Remembered Sets 59.748ms
[2023-03-15T06:04:40.275+0000][69][gc,start    ] GC(354) Pause Cleanup
[2023-03-15T06:04:40.275+0000][69][gc          ] GC(354) Pause Cleanup 114M->114M(256M) 0.700ms
[2023-03-15T06:04:40.276+0000][69][gc,cpu      ] GC(354) User=0.00s Sys=0.00s Real=0.01s
[2023-03-15T06:04:40.276+0000][69][safepoint   ] Safepoint "G1PauseCleanup", Time since last: 62557468 ns, Reaching safepoint: 266183 ns, At safepoint: 1781527 ns, Total: 2047710 ns
[2023-03-15T06:04:40.277+0000][69][gc,marking  ] GC(354) Concurrent Cleanup for Next Mark
[2023-03-15T06:04:40.278+0000][69][gc,marking  ] GC(354) Concurrent Cleanup for Next Mark 0.783ms
[2023-03-15T06:04:40.278+0000][69][gc          ] GC(354) Concurrent Mark Cycle 223.401ms
[2023-03-15T06:04:41.278+0000][69][safepoint   ] Safepoint "Cleanup", Time since last: 1001139390 ns, Reaching safepoint: 248199 ns, At safepoint: 4259 ns, Total: 252458 ns
[2023-03-15T06:04:43.281+0000][69][safepoint   ] Safepoint "Cleanup", Time since last: 2002416666 ns, Reaching safepoint: 849703 ns, At safepoint: 48704 ns, Total: 898407 ns
[2023-03-15T06:04:48.267+0000][69][safepoint   ] Safepoint "Cleanup", Time since last: 5007079246 ns, Reaching safepoint: 367485 ns, At safepoint: 12070 ns, Total: 379555 ns
[2023-03-15T06:04:53.278+0000][69][safepoint   ] Safepoint "Cleanup", Time since last: 5009943320 ns, Reaching safepoint: 660533 ns, At safepoint: 16217 ns, Total: 676750 ns
[2023-03-15T06:05:10.163+0000][69][gc,start    ] GC(355) Pause Young (Normal) (G1 Evacuation Pause)
[2023-03-15T06:05:10.164+0000][69][gc,task     ] GC(355) Using 4 workers of 4 for evacuation
[2023-03-15T06:05:10.164+0000][69][gc,age      ] GC(355) Desired survivor size 8388608 bytes, new threshold 15 (max threshold 15)
[2023-03-15T06:05:10.168+0000][69][gc,phases   ] GC(355)   Pre Evacuate Collection Set: 0.1ms
[2023-03-15T06:05:10.168+0000][69][gc,phases   ] GC(355)   Merge Heap Roots: 0.1ms
[2023-03-15T06:05:10.169+0000][69][gc,phases   ] GC(355)   Evacuate Collection Set: 1.8ms
[2023-03-15T06:05:10.169+0000][69][gc,phases   ] GC(355)   Post Evacuate Collection Set: 0.7ms
[2023-03-15T06:05:10.170+0000][69][gc,phases   ] GC(355)   Other: 1.1ms
[2023-03-15T06:05:10.170+0000][69][gc,age      ] GC(355) Age table with threshold 15 (max threshold 15)
[2023-03-15T06:05:10.170+0000][69][gc,age      ] GC(355) - age   1:    1821192 bytes,    1821192 total
[2023-03-15T06:05:10.171+0000][69][gc,age      ] GC(355) - age   2:       9184 bytes,    1830376 total
[2023-03-15T06:05:10.171+0000][69][gc,age      ] GC(355) - age   3:        616 bytes,    1830992 total
[2023-03-15T06:05:10.172+0000][69][gc,age      ] GC(355) - age   4:        352 bytes,    1831344 total
[2023-03-15T06:05:10.172+0000][69][gc,age      ] GC(355) - age   5:       5384 bytes,    1836728 total
[2023-03-15T06:05:10.173+0000][69][gc,age      ] GC(355) - age   6:        376 bytes,    1837104 total
[2023-03-15T06:05:10.173+0000][69][gc,age      ] GC(355) - age   7:        720 bytes,    1837824 total
[2023-03-15T06:05:10.174+0000][69][gc,age      ] GC(355) - age   8:        624 bytes,    1838448 total
[2023-03-15T06:05:10.174+0000][69][gc,age      ] GC(355) - age   9:        832 bytes,    1839280 total
[2023-03-15T06:05:10.175+0000][69][gc,age      ] GC(355) - age  10:        368 bytes,    1839648 total
[2023-03-15T06:05:10.175+0000][69][gc,age      ] GC(355) - age  11:       3792 bytes,    1843440 total
[2023-03-15T06:05:10.176+0000][69][gc,age      ] GC(355) - age  12:       8512 bytes,    1851952 total
[2023-03-15T06:05:10.176+0000][69][gc,age      ] GC(355) - age  14:       6384 bytes,    1858336 total
[2023-03-15T06:05:10.177+0000][69][gc,age      ] GC(355) - age  15:       8696 bytes,    1867032 total
[2023-03-15T06:05:10.177+0000][69][gc,heap     ] GC(355) Eden regions: 24->0(23)
[2023-03-15T06:05:10.177+0000][69][gc,heap     ] GC(355) Survivor regions: 1->1(4)
[2023-03-15T06:05:10.178+0000][69][gc,heap     ] GC(355) Old regions: 24->24
[2023-03-15T06:05:10.178+0000][69][gc,heap     ] GC(355) Archive regions: 2->2
[2023-03-15T06:05:10.179+0000][69][gc,heap     ] GC(355) Humongous regions: 2->2
[2023-03-15T06:05:10.179+0000][69][gc,metaspace] GC(355) Metaspace: 138102K(141504K)->138102K(141504K) NonClass: 120585K(121792K)->120585K(121792K) Class: 17517K(19712K)->17517K(19712K)
[2023-03-15T06:05:10.180+0000][69][gc          ] GC(355) Pause Young (Normal) (G1 Evacuation Pause) 204M->109M(256M) 16.452ms
[2023-03-15T06:05:10.180+0000][69][gc,cpu      ] GC(355) User=0.01s Sys=0.00s Real=0.02s
[2023-03-15T06:05:10.180+0000][69][safepoint   ] Safepoint "G1CollectForAllocation", Time since last: 16885002234 ns, Reaching safepoint: 80413 ns, At safepoint: 17409299 ns, Total: 17489712 ns
[2023-03-15T06:05:11.181+0000][69][safepoint   ] Safepoint "Cleanup", Time since last: 1000546667 ns, Reaching safepoint: 97974 ns, At safepoint: 26828 ns, Total: 124802 ns
[2023-03-15T06:05:17.165+0000][69][safepoint   ] Safepoint "Cleanup", Time since last: 6005454756 ns, Reaching safepoint: 152360 ns, At safepoint: 10240 ns, Total: 162600 ns
[2023-03-15T06:05:23.172+0000][69][safepoint   ] Safepoint "Cleanup", Time since last: 6007055780 ns, Reaching safepoint: 696953 ns, At safepoint: 34895 ns, Total: 731848 ns
[2023-03-15T06:05:28.190+0000][69][safepoint   ] Safepoint "Cleanup", Time since last: 5017695464 ns, Reaching safepoint: 368415 ns, At safepoint: 15145 ns, Total: 383560 ns
[2023-03-15T06:05:37.215+0000][69][safepoint   ] Safepoint "Cleanup", Time since last: 9024044409 ns, Reaching safepoint: 398679 ns, At safepoint: 18079 ns, Total: 416758 ns
[2023-03-15T06:05:40.230+0000][69][gc,start    ] GC(356) Pause Young (Concurrent Start) (G1 Evacuation Pause)
[2023-03-15T06:05:40.231+0000][69][gc,task     ] GC(356) Using 4 workers of 4 for evacuation
[2023-03-15T06:05:40.231+0000][69][gc,age      ] GC(356) Desired survivor size 6291456 bytes, new threshold 15 (max threshold 15)
[2023-03-15T06:05:40.238+0000][69][gc,phases   ] GC(356)   Pre Evacuate Collection Set: 0.4ms
[2023-03-15T06:05:40.238+0000][69][gc,phases   ] GC(356)   Merge Heap Roots: 0.2ms
[2023-03-15T06:05:40.239+0000][69][gc,phases   ] GC(356)   Evacuate Collection Set: 3.3ms
[2023-03-15T06:05:40.239+0000][69][gc,phases   ] GC(356)   Post Evacuate Collection Set: 0.9ms
[2023-03-15T06:05:40.240+0000][69][gc,phases   ] GC(356)   Other: 1.9ms
[2023-03-15T06:05:40.241+0000][69][gc,age      ] GC(356) Age table with threshold 15 (max threshold 15)
[2023-03-15T06:05:40.241+0000][69][gc,age      ] GC(356) - age   1:    1832360 bytes,    1832360 total
[2023-03-15T06:05:40.242+0000][69][gc,age      ] GC(356) - age   2:     302296 bytes,    2134656 total
[2023-03-15T06:05:40.242+0000][69][gc,age      ] GC(356) - age   3:       8384 bytes,    2143040 total
[2023-03-15T06:05:40.243+0000][69][gc,age      ] GC(356) - age   4:        488 bytes,    2143528 total
[2023-03-15T06:05:40.244+0000][69][gc,age      ] GC(356) - age   5:        352 bytes,    2143880 total
[2023-03-15T06:05:40.244+0000][69][gc,age      ] GC(356) - age   6:       5384 bytes,    2149264 total
[2023-03-15T06:05:40.245+0000][69][gc,age      ] GC(356) - age   8:        720 bytes,    2149984 total
[2023-03-15T06:05:40.246+0000][69][gc,age      ] GC(356) - age   9:        624 bytes,    2150608 total
[2023-03-15T06:05:40.246+0000][69][gc,age      ] GC(356) - age  10:        832 bytes,    2151440 total
[2023-03-15T06:05:40.247+0000][69][gc,age      ] GC(356) - age  11:        368 bytes,    2151808 total
[2023-03-15T06:05:40.247+0000][69][gc,age      ] GC(356) - age  12:       3664 bytes,    2155472 total
[2023-03-15T06:05:40.248+0000][69][gc,age      ] GC(356) - age  13:       8512 bytes,    2163984 total
[2023-03-15T06:05:40.248+0000][69][gc,age      ] GC(356) - age  15:       6384 bytes,    2170368 total
[2023-03-15T06:05:40.249+0000][69][gc,heap     ] GC(356) Eden regions: 23->0(23)
[2023-03-15T06:05:40.250+0000][69][gc,heap     ] GC(356) Survivor regions: 1->1(3)
[2023-03-15T06:05:40.250+0000][69][gc,heap     ] GC(356) Old regions: 24->24
[2023-03-15T06:05:40.251+0000][69][gc,heap     ] GC(356) Archive regions: 2->2
[2023-03-15T06:05:40.254+0000][69][gc,heap     ] GC(356) Humongous regions: 2->2
[2023-03-15T06:05:40.254+0000][69][gc,metaspace] GC(356) Metaspace: 138102K(141504K)->138102K(141504K) NonClass: 120585K(121792K)->120585K(121792K) Class: 17517K(19712K)->17517K(19712K)
[2023-03-15T06:05:40.255+0000][69][gc          ] GC(356) Pause Young (Concurrent Start) (G1 Evacuation Pause) 201M->109M(256M) 25.157ms
[2023-03-15T06:05:40.256+0000][69][gc,cpu      ] GC(356) User=0.01s Sys=0.00s Real=0.03s
[2023-03-15T06:05:40.256+0000][69][gc          ] GC(357) Concurrent Mark Cycle
[2023-03-15T06:05:40.257+0000][69][gc,marking  ] GC(357) Concurrent Clear Claimed Marks
[2023-03-15T06:05:40.256+0000][69][safepoint   ] Safepoint "G1CollectForAllocation", Time since last: 3014917413 ns, Reaching safepoint: 79080 ns, At safepoint: 26286671 ns, Total: 26365751 ns
[2023-03-15T06:05:40.257+0000][69][gc,marking  ] GC(357) Concurrent Clear Claimed Marks 0.862ms
[2023-03-15T06:05:40.259+0000][69][gc,marking  ] GC(357) Concurrent Scan Root Regions
[2023-03-15T06:05:40.262+0000][69][gc,marking  ] GC(357) Concurrent Scan Root Regions 2.993ms
[2023-03-15T06:05:40.263+0000][69][gc,marking  ] GC(357) Concurrent Mark
[2023-03-15T06:05:40.264+0000][69][gc,marking  ] GC(357) Concurrent Mark From Roots
[2023-03-15T06:05:40.264+0000][69][gc,task     ] GC(357) Using 1 workers of 1 for marking
[2023-03-15T06:05:40.391+0000][69][gc,marking  ] GC(357) Concurrent Mark From Roots 126.666ms
[2023-03-15T06:05:40.391+0000][69][gc,marking  ] GC(357) Concurrent Preclean
[2023-03-15T06:05:40.392+0000][69][gc,marking  ] GC(357) Concurrent Preclean 0.974ms
[2023-03-15T06:05:40.393+0000][69][gc,start    ] GC(357) Pause Remark
[2023-03-15T06:05:40.406+0000][69][gc          ] GC(357) Pause Remark 115M->115M(256M) 12.975ms
[2023-03-15T06:05:40.407+0000][69][gc,cpu      ] GC(357) User=0.03s Sys=0.00s Real=0.01s
[2023-03-15T06:05:40.407+0000][69][safepoint   ] Safepoint "G1PauseRemark", Time since last: 136744569 ns, Reaching safepoint: 87506 ns, At safepoint: 14283211 ns, Total: 14370717 ns
[2023-03-15T06:05:40.408+0000][69][gc,marking  ] GC(357) Concurrent Mark 145.167ms
[2023-03-15T06:05:40.408+0000][69][gc,marking  ] GC(357) Concurrent Rebuild Remembered Sets
[2023-03-15T06:05:40.460+0000][69][gc,marking  ] GC(357) Concurrent Rebuild Remembered Sets 51.177ms
[2023-03-15T06:05:40.461+0000][69][gc,start    ] GC(357) Pause Cleanup
[2023-03-15T06:05:40.461+0000][69][gc          ] GC(357) Pause Cleanup 115M->115M(256M) 0.639ms
[2023-03-15T06:05:40.462+0000][69][gc,cpu      ] GC(357) User=0.00s Sys=0.00s Real=0.00s
[2023-03-15T06:05:40.462+0000][69][safepoint   ] Safepoint "G1PauseCleanup", Time since last: 53253824 ns, Reaching safepoint: 124419 ns, At safepoint: 1567884 ns, Total: 1692303 ns
[2023-03-15T06:05:40.463+0000][69][gc,marking  ] GC(357) Concurrent Cleanup for Next Mark
[2023-03-15T06:05:40.463+0000][69][gc,marking  ] GC(357) Concurrent Cleanup for Next Mark 0.785ms
[2023-03-15T06:05:40.464+0000][69][gc          ] GC(357) Concurrent Mark Cycle 208.290ms
[2023-03-15T06:06:10.933+0000][69][gc,start    ] GC(358) Pause Young (Normal) (G1 Evacuation Pause)
[2023-03-15T06:06:10.934+0000][69][gc,task     ] GC(358) Using 4 workers of 4 for evacuation
[2023-03-15T06:06:10.934+0000][69][gc,age      ] GC(358) Desired survivor size 6291456 bytes, new threshold 15 (max threshold 15)
[2023-03-15T06:06:10.937+0000][69][gc,phases   ] GC(358)   Pre Evacuate Collection Set: 0.2ms
[2023-03-15T06:06:10.937+0000][69][gc,phases   ] GC(358)   Merge Heap Roots: 0.2ms
[2023-03-15T06:06:10.938+0000][69][gc,phases   ] GC(358)   Evacuate Collection Set: 1.3ms
[2023-03-15T06:06:10.938+0000][69][gc,phases   ] GC(358)   Post Evacuate Collection Set: 0.8ms
[2023-03-15T06:06:10.939+0000][69][gc,phases   ] GC(358)   Other: 0.8ms
[2023-03-15T06:06:10.939+0000][69][gc,age      ] GC(358) Age table with threshold 15 (max threshold 15)
[2023-03-15T06:06:10.940+0000][69][gc,age      ] GC(358) - age   1:     446896 bytes,     446896 total
[2023-03-15T06:06:10.940+0000][69][gc,age      ] GC(358) - age   2:      11296 bytes,     458192 total
[2023-03-15T06:06:10.940+0000][69][gc,age      ] GC(358) - age   3:     300288 bytes,     758480 total
[2023-03-15T06:06:10.941+0000][69][gc,age      ] GC(358) - age   4:       8224 bytes,     766704 total
[2023-03-15T06:06:10.941+0000][69][gc,age      ] GC(358) - age   5:        248 bytes,     766952 total
[2023-03-15T06:06:10.942+0000][69][gc,age      ] GC(358) - age   6:        288 bytes,     767240 total
[2023-03-15T06:06:10.942+0000][69][gc,age      ] GC(358) - age   7:       5384 bytes,     772624 total
[2023-03-15T06:06:10.942+0000][69][gc,age      ] GC(358) - age   9:        720 bytes,     773344 total
[2023-03-15T06:06:10.943+0000][69][gc,age      ] GC(358) - age  10:        624 bytes,     773968 total
[2023-03-15T06:06:10.943+0000][69][gc,age      ] GC(358) - age  11:        832 bytes,     774800 total
[2023-03-15T06:06:10.944+0000][69][gc,age      ] GC(358) - age  12:        368 bytes,     775168 total
[2023-03-15T06:06:10.944+0000][69][gc,age      ] GC(358) - age  13:       3664 bytes,     778832 total
[2023-03-15T06:06:10.944+0000][69][gc,age      ] GC(358) - age  14:       8512 bytes,     787344 total
[2023-03-15T06:06:10.945+0000][69][gc,heap     ] GC(358) Eden regions: 23->0(24)
[2023-03-15T06:06:10.945+0000][69][gc,heap     ] GC(358) Survivor regions: 1->1(3)
[2023-03-15T06:06:10.946+0000][69][gc,heap     ] GC(358) Old regions: 24->24
[2023-03-15T06:06:10.946+0000][69][gc,heap     ] GC(358) Archive regions: 2->2
[2023-03-15T06:06:10.947+0000][69][gc,heap     ] GC(358) Humongous regions: 2->2
[2023-03-15T06:06:10.947+0000][69][gc,metaspace] GC(358) Metaspace: 138102K(141504K)->138102K(141504K) NonClass: 120585K(121792K)->120585K(121792K) Class: 17517K(19712K)->17517K(19712K)
[2023-03-15T06:06:10.947+0000][69][gc          ] GC(358) Pause Young (Normal) (G1 Evacuation Pause) 201M->108M(256M) 14.183ms
[2023-03-15T06:06:10.948+0000][69][gc,cpu      ] GC(358) User=0.00s Sys=0.00s Real=0.01s
[2023-03-15T06:06:10.948+0000][69][safepoint   ] Safepoint "G1CollectForAllocation", Time since last: 30494544035 ns, Reaching safepoint: 86478 ns, At safepoint: 15066195 ns, Total: 15152673 ns
[2023-03-15T06:06:12.953+0000][69][safepoint   ] Safepoint "Cleanup", Time since last: 2004609065 ns, Reaching safepoint: 168560 ns, At safepoint: 5182 ns, Total: 173742 ns
[2023-03-15T06:06:42.945+0000][69][gc,start    ] GC(359) Pause Young (Concurrent Start) (G1 Evacuation Pause)
[2023-03-15T06:06:42.947+0000][69][gc,task     ] GC(359) Using 4 workers of 4 for evacuation
[2023-03-15T06:06:42.947+0000][69][gc,age      ] GC(359) Desired survivor size 8388608 bytes, new threshold 15 (max threshold 15)
[2023-03-15T06:06:42.952+0000][69][gc,phases   ] GC(359)   Pre Evacuate Collection Set: 0.4ms
[2023-03-15T06:06:42.953+0000][69][gc,phases   ] GC(359)   Merge Heap Roots: 0.2ms
[2023-03-15T06:06:42.954+0000][69][gc,phases   ] GC(359)   Evacuate Collection Set: 2.3ms
[2023-03-15T06:06:42.955+0000][69][gc,phases   ] GC(359)   Post Evacuate Collection Set: 1.1ms
[2023-03-15T06:06:42.955+0000][69][gc,phases   ] GC(359)   Other: 1.6ms
[2023-03-15T06:06:42.956+0000][69][gc,age      ] GC(359) Age table with threshold 15 (max threshold 15)
[2023-03-15T06:06:42.956+0000][69][gc,age      ] GC(359) - age   1:     918568 bytes,     918568 total
[2023-03-15T06:06:42.957+0000][69][gc,age      ] GC(359) - age   2:       2280 bytes,     920848 total
[2023-03-15T06:06:42.957+0000][69][gc,age      ] GC(359) - age   3:       9800 bytes,     930648 total
[2023-03-15T06:06:42.958+0000][69][gc,age      ] GC(359) - age   4:     299736 bytes,    1230384 total
[2023-03-15T06:06:42.958+0000][69][gc,age      ] GC(359) - age   5:       8096 bytes,    1238480 total
[2023-03-15T06:06:42.959+0000][69][gc,age      ] GC(359) - age   6:        184 bytes,    1238664 total
[2023-03-15T06:06:42.959+0000][69][gc,age      ] GC(359) - age   7:        288 bytes,    1238952 total
[2023-03-15T06:06:42.960+0000][69][gc,age      ] GC(359) - age   8:       5384 bytes,    1244336 total
[2023-03-15T06:06:42.960+0000][69][gc,age      ] GC(359) - age  10:        720 bytes,    1245056 total
[2023-03-15T06:06:42.961+0000][69][gc,age      ] GC(359) - age  11:        624 bytes,    1245680 total
[2023-03-15T06:06:42.961+0000][69][gc,age      ] GC(359) - age  12:        832 bytes,    1246512 total
[2023-03-15T06:06:42.962+0000][69][gc,age      ] GC(359) - age  13:        368 bytes,    1246880 total
[2023-03-15T06:06:42.962+0000][69][gc,age      ] GC(359) - age  14:       3664 bytes,    1250544 total
[2023-03-15T06:06:42.963+0000][69][gc,age      ] GC(359) - age  15:       8512 bytes,    1259056 total
[2023-03-15T06:06:42.963+0000][69][gc,heap     ] GC(359) Eden regions: 24->0(24)
[2023-03-15T06:06:42.964+0000][69][gc,heap     ] GC(359) Survivor regions: 1->1(4)
[2023-03-15T06:06:42.964+0000][69][gc,heap     ] GC(359) Old regions: 24->24
[2023-03-15T06:06:42.964+0000][69][gc,heap     ] GC(359) Archive regions: 2->2
[2023-03-15T06:06:42.965+0000][69][gc,heap     ] GC(359) Humongous regions: 2->2
[2023-03-15T06:06:42.966+0000][69][gc,metaspace] GC(359) Metaspace: 138103K(141504K)->138103K(141504K) NonClass: 120585K(121792K)->120585K(121792K) Class: 17517K(19712K)->17517K(19712K)
[2023-03-15T06:06:42.966+0000][69][gc          ] GC(359) Pause Young (Concurrent Start) (G1 Evacuation Pause) 204M->108M(256M) 21.013ms
[2023-03-15T06:06:42.967+0000][69][gc,cpu      ] GC(359) User=0.01s Sys=0.00s Real=0.03s
[2023-03-15T06:06:42.967+0000][69][safepoint   ] Safepoint "G1CollectForAllocation", Time since last: 30014619038 ns, Reaching safepoint: 131189 ns, At safepoint: 22304446 ns, Total: 22435635 ns
[2023-03-15T06:06:42.967+0000][69][gc          ] GC(360) Concurrent Mark Cycle
[2023-03-15T06:06:42.969+0000][69][gc,marking  ] GC(360) Concurrent Clear Claimed Marks
[2023-03-15T06:06:42.969+0000][69][gc,marking  ] GC(360) Concurrent Clear Claimed Marks 0.718ms
[2023-03-15T06:06:42.970+0000][69][gc,marking  ] GC(360) Concurrent Scan Root Regions
[2023-03-15T06:06:42.973+0000][69][gc,marking  ] GC(360) Concurrent Scan Root Regions 3.550ms
[2023-03-15T06:06:42.974+0000][69][gc,marking  ] GC(360) Concurrent Mark
[2023-03-15T06:06:42.975+0000][69][gc,marking  ] GC(360) Concurrent Mark From Roots
[2023-03-15T06:06:42.975+0000][69][gc,task     ] GC(360) Using 1 workers of 1 for marking
[2023-03-15T06:06:43.076+0000][69][gc,marking  ] GC(360) Concurrent Mark From Roots 100.830ms
[2023-03-15T06:06:43.077+0000][69][gc,marking  ] GC(360) Concurrent Preclean
[2023-03-15T06:06:43.078+0000][69][gc,marking  ] GC(360) Concurrent Preclean 1.309ms
[2023-03-15T06:06:43.079+0000][69][gc,start    ] GC(360) Pause Remark
[2023-03-15T06:06:43.090+0000][69][gc          ] GC(360) Pause Remark 109M->109M(256M) 10.672ms
[2023-03-15T06:06:43.091+0000][69][gc,cpu      ] GC(360) User=0.02s Sys=0.00s Real=0.01s
[2023-03-15T06:06:43.091+0000][69][safepoint   ] Safepoint "G1PauseRemark", Time since last: 111458975 ns, Reaching safepoint: 83803 ns, At safepoint: 12431643 ns, Total: 12515446 ns
[2023-03-15T06:06:43.092+0000][69][gc,marking  ] GC(360) Concurrent Mark 117.919ms
[2023-03-15T06:06:43.093+0000][69][gc,marking  ] GC(360) Concurrent Rebuild Remembered Sets
[2023-03-15T06:06:43.145+0000][69][gc,marking  ] GC(360) Concurrent Rebuild Remembered Sets 52.327ms
[2023-03-15T06:06:43.146+0000][69][gc,start    ] GC(360) Pause Cleanup
[2023-03-15T06:06:43.147+0000][69][gc          ] GC(360) Pause Cleanup 109M->109M(256M) 0.991ms
[2023-03-15T06:06:43.148+0000][69][gc,cpu      ] GC(360) User=0.00s Sys=0.00s Real=0.00s
[2023-03-15T06:06:43.149+0000][69][safepoint   ] Safepoint "G1PauseCleanup", Time since last: 54842430 ns, Reaching safepoint: 218021 ns, At safepoint: 2195011 ns, Total: 2413032 ns
[2023-03-15T06:06:43.149+0000][69][gc,marking  ] GC(360) Concurrent Cleanup for Next Mark
[2023-03-15T06:06:43.150+0000][69][gc,marking  ] GC(360) Concurrent Cleanup for Next Mark 0.833ms
[2023-03-15T06:06:43.151+0000][69][gc          ] GC(360) Concurrent Mark Cycle 183.813ms
[2023-03-15T06:07:16.227+0000][69][gc,start    ] GC(361) Pause Young (Normal) (G1 Evacuation Pause)
[2023-03-15T06:07:16.228+0000][69][gc,task     ] GC(361) Using 4 workers of 4 for evacuation
[2023-03-15T06:07:16.229+0000][69][gc,age      ] GC(361) Desired survivor size 8388608 bytes, new threshold 15 (max threshold 15)
[2023-03-15T06:07:16.233+0000][69][gc,phases   ] GC(361)   Pre Evacuate Collection Set: 0.3ms
[2023-03-15T06:07:16.234+0000][69][gc,phases   ] GC(361)   Merge Heap Roots: 0.2ms
[2023-03-15T06:07:16.235+0000][69][gc,phases   ] GC(361)   Evacuate Collection Set: 2.3ms
[2023-03-15T06:07:16.236+0000][69][gc,phases   ] GC(361)   Post Evacuate Collection Set: 1.1ms
[2023-03-15T06:07:16.237+0000][69][gc,phases   ] GC(361)   Other: 1.5ms
[2023-03-15T06:07:16.237+0000][69][gc,age      ] GC(361) Age table with threshold 15 (max threshold 15)
[2023-03-15T06:07:16.238+0000][69][gc,age      ] GC(361) - age   1:    1428528 bytes,    1428528 total
[2023-03-15T06:07:16.239+0000][69][gc,age      ] GC(361) - age   2:       1368 bytes,    1429896 total
[2023-03-15T06:07:16.239+0000][69][gc,age      ] GC(361) - age   3:        768 bytes,    1430664 total
[2023-03-15T06:07:16.240+0000][69][gc,age      ] GC(361) - age   4:       9736 bytes,    1440400 total
[2023-03-15T06:07:16.241+0000][69][gc,age      ] GC(361) - age   5:     299736 bytes,    1740136 total
[2023-03-15T06:07:16.242+0000][69][gc,age      ] GC(361) - age   6:       8096 bytes,    1748232 total
[2023-03-15T06:07:16.243+0000][69][gc,age      ] GC(361) - age   7:        184 bytes,    1748416 total
[2023-03-15T06:07:16.243+0000][69][gc,age      ] GC(361) - age   8:        288 bytes,    1748704 total
[2023-03-15T06:07:16.244+0000][69][gc,age      ] GC(361) - age   9:       5384 bytes,    1754088 total
[2023-03-15T06:07:16.245+0000][69][gc,age      ] GC(361) - age  11:        720 bytes,    1754808 total
[2023-03-15T06:07:16.245+0000][69][gc,age      ] GC(361) - age  12:        328 bytes,    1755136 total
[2023-03-15T06:07:16.246+0000][69][gc,age      ] GC(361) - age  13:        832 bytes,    1755968 total
[2023-03-15T06:07:16.246+0000][69][gc,age      ] GC(361) - age  14:        368 bytes,    1756336 total
[2023-03-15T06:07:16.247+0000][69][gc,age      ] GC(361) - age  15:       3584 bytes,    1759920 total
[2023-03-15T06:07:16.247+0000][69][gc,heap     ] GC(361) Eden regions: 24->0(24)
[2023-03-15T06:07:16.248+0000][69][gc,heap     ] GC(361) Survivor regions: 1->1(4)
[2023-03-15T06:07:16.248+0000][69][gc,heap     ] GC(361) Old regions: 24->24
[2023-03-15T06:07:16.249+0000][69][gc,heap     ] GC(361) Archive regions: 2->2
[2023-03-15T06:07:16.250+0000][69][gc,heap     ] GC(361) Humongous regions: 2->2
[2023-03-15T06:07:16.250+0000][69][gc,metaspace] GC(361) Metaspace: 138103K(141504K)->138103K(141504K) NonClass: 120585K(121792K)->120585K(121792K) Class: 17517K(19712K)->17517K(19712K)
[2023-03-15T06:07:16.251+0000][69][gc          ] GC(361) Pause Young (Normal) (G1 Evacuation Pause) 204M->108M(256M) 23.774ms
[2023-03-15T06:07:16.251+0000][69][gc,cpu      ] GC(361) User=0.01s Sys=0.00s Real=0.02s
[2023-03-15T06:07:16.252+0000][69][safepoint   ] Safepoint "G1CollectForAllocation", Time since last: 33120792812 ns, Reaching safepoint: 295892 ns, At safepoint: 24743898 ns, Total: 25039790 ns
[2023-03-15T06:07:47.472+0000][69][gc,start    ] GC(362) Pause Young (Concurrent Start) (G1 Evacuation Pause)
[2023-03-15T06:07:47.473+0000][69][gc,task     ] GC(362) Using 4 workers of 4 for evacuation
[2023-03-15T06:07:47.474+0000][69][gc,age      ] GC(362) Desired survivor size 8388608 bytes, new threshold 15 (max threshold 15)
[2023-03-15T06:07:47.479+0000][69][gc,phases   ] GC(362)   Pre Evacuate Collection Set: 0.5ms
[2023-03-15T06:07:47.480+0000][69][gc,phases   ] GC(362)   Merge Heap Roots: 0.2ms
[2023-03-15T06:07:47.481+0000][69][gc,phases   ] GC(362)   Evacuate Collection Set: 2.9ms
[2023-03-15T06:07:47.482+0000][69][gc,phases   ] GC(362)   Post Evacuate Collection Set: 0.9ms
[2023-03-15T06:07:47.482+0000][69][gc,phases   ] GC(362)   Other: 1.4ms
[2023-03-15T06:07:47.483+0000][69][gc,age      ] GC(362) Age table with threshold 15 (max threshold 15)
[2023-03-15T06:07:47.484+0000][69][gc,age      ] GC(362) - age   1:    1631864 bytes,    1631864 total
[2023-03-15T06:07:47.485+0000][69][gc,age      ] GC(362) - age   2:      10920 bytes,    1642784 total
[2023-03-15T06:07:47.485+0000][69][gc,age      ] GC(362) - age   3:        288 bytes,    1643072 total
[2023-03-15T06:07:47.486+0000][69][gc,age      ] GC(362) - age   4:        704 bytes,    1643776 total
[2023-03-15T06:07:47.487+0000][69][gc,age      ] GC(362) - age   5:       9672 bytes,    1653448 total
[2023-03-15T06:07:47.487+0000][69][gc,age      ] GC(362) - age   6:     299736 bytes,    1953184 total
[2023-03-15T06:07:47.488+0000][69][gc,age      ] GC(362) - age   7:       8096 bytes,    1961280 total
[2023-03-15T06:07:47.489+0000][69][gc,age      ] GC(362) - age   8:        184 bytes,    1961464 total
[2023-03-15T06:07:47.489+0000][69][gc,age      ] GC(362) - age   9:        288 bytes,    1961752 total
[2023-03-15T06:07:47.490+0000][69][gc,age      ] GC(362) - age  10:       5384 bytes,    1967136 total
[2023-03-15T06:07:47.491+0000][69][gc,age      ] GC(362) - age  12:        720 bytes,    1967856 total
[2023-03-15T06:07:47.491+0000][69][gc,age      ] GC(362) - age  13:        328 bytes,    1968184 total
[2023-03-15T06:07:47.492+0000][69][gc,age      ] GC(362) - age  14:        832 bytes,    1969016 total
[2023-03-15T06:07:47.493+0000][69][gc,age      ] GC(362) - age  15:        368 bytes,    1969384 total
[2023-03-15T06:07:47.493+0000][69][gc,heap     ] GC(362) Eden regions: 24->0(23)
[2023-03-15T06:07:47.494+0000][69][gc,heap     ] GC(362) Survivor regions: 1->1(4)
[2023-03-15T06:07:47.494+0000][69][gc,heap     ] GC(362) Old regions: 24->24
[2023-03-15T06:07:47.494+0000][69][gc,heap     ] GC(362) Archive regions: 2->2
[2023-03-15T06:07:47.495+0000][69][gc,heap     ] GC(362) Humongous regions: 2->2
[2023-03-15T06:07:47.495+0000][69][gc,metaspace] GC(362) Metaspace: 138105K(141504K)->138105K(141504K) NonClass: 120587K(121792K)->120587K(121792K) Class: 17517K(19712K)->17517K(19712K)
[2023-03-15T06:07:47.496+0000][69][gc          ] GC(362) Pause Young (Concurrent Start) (G1 Evacuation Pause) 204M->109M(256M) 23.270ms
[2023-03-15T06:07:47.496+0000][69][gc          ] GC(363) Concurrent Mark Cycle
[2023-03-15T06:07:47.497+0000][69][gc,marking  ] GC(363) Concurrent Clear Claimed Marks
[2023-03-15T06:07:47.496+0000][69][gc,cpu      ] GC(362) User=0.01s Sys=0.01s Real=0.02s
[2023-03-15T06:07:47.498+0000][69][gc,marking  ] GC(363) Concurrent Clear Claimed Marks 0.910ms
[2023-03-15T06:07:47.499+0000][69][gc,marking  ] GC(363) Concurrent Scan Root Regions
[2023-03-15T06:07:47.498+0000][69][safepoint   ] Safepoint "G1CollectForAllocation", Time since last: 31242582433 ns, Reaching safepoint: 104459 ns, At safepoint: 25667107 ns, Total: 25771566 ns
[2023-03-15T06:07:47.501+0000][69][gc,marking  ] GC(363) Concurrent Scan Root Regions 2.804ms
[2023-03-15T06:07:47.502+0000][69][gc,marking  ] GC(363) Concurrent Mark
[2023-03-15T06:07:47.502+0000][69][gc,marking  ] GC(363) Concurrent Mark From Roots
[2023-03-15T06:07:47.503+0000][69][gc,task     ] GC(363) Using 1 workers of 1 for marking
[2023-03-15T06:07:47.635+0000][69][gc,marking  ] GC(363) Concurrent Mark From Roots 132.452ms
[2023-03-15T06:07:47.635+0000][69][gc,marking  ] GC(363) Concurrent Preclean
[2023-03-15T06:07:47.636+0000][69][gc,marking  ] GC(363) Concurrent Preclean 0.927ms
[2023-03-15T06:07:47.637+0000][69][gc,start    ] GC(363) Pause Remark
[2023-03-15T06:07:47.648+0000][69][gc          ] GC(363) Pause Remark 111M->111M(256M) 10.557ms
[2023-03-15T06:07:47.648+0000][69][gc,cpu      ] GC(363) User=0.03s Sys=0.00s Real=0.01s
[2023-03-15T06:07:47.649+0000][69][safepoint   ] Safepoint "G1PauseRemark", Time since last: 138801703 ns, Reaching safepoint: 56172 ns, At safepoint: 11976628 ns, Total: 12032800 ns
[2023-03-15T06:07:47.650+0000][69][gc,marking  ] GC(363) Concurrent Mark 147.796ms
[2023-03-15T06:07:47.650+0000][69][gc,marking  ] GC(363) Concurrent Rebuild Remembered Sets
[2023-03-15T06:07:47.702+0000][69][gc,marking  ] GC(363) Concurrent Rebuild Remembered Sets 51.386ms
[2023-03-15T06:07:47.703+0000][69][gc,start    ] GC(363) Pause Cleanup
[2023-03-15T06:07:47.704+0000][69][gc          ] GC(363) Pause Cleanup 111M->111M(256M) 0.983ms
[2023-03-15T06:07:47.705+0000][69][gc,cpu      ] GC(363) User=0.00s Sys=0.00s Real=0.00s
[2023-03-15T06:07:47.706+0000][69][safepoint   ] Safepoint "G1PauseCleanup", Time since last: 54204956 ns, Reaching safepoint: 67613 ns, At safepoint: 2743216 ns, Total: 2810829 ns
[2023-03-15T06:07:47.707+0000][69][gc,marking  ] GC(363) Concurrent Cleanup for Next Mark
[2023-03-15T06:07:47.707+0000][69][gc,marking  ] GC(363) Concurrent Cleanup for Next Mark 0.886ms
[2023-03-15T06:07:47.708+0000][69][gc          ] GC(363) Concurrent Mark Cycle 211.581ms
[2023-03-15T06:08:00.728+0000][69][safepoint   ] Safepoint "Cleanup", Time since last: 13021066682 ns, Reaching safepoint: 602145 ns, At safepoint: 56734 ns, Total: 658879 ns
[2023-03-15T06:08:21.916+0000][69][gc,start    ] GC(364) Pause Young (Normal) (G1 Evacuation Pause)
[2023-03-15T06:08:21.920+0000][69][gc,task     ] GC(364) Using 4 workers of 4 for evacuation
[2023-03-15T06:08:21.921+0000][69][gc,age      ] GC(364) Desired survivor size 6291456 bytes, new threshold 15 (max threshold 15)
[2023-03-15T06:08:21.930+0000][69][gc,phases   ] GC(364)   Pre Evacuate Collection Set: 0.2ms
[2023-03-15T06:08:21.933+0000][69][gc,phases   ] GC(364)   Merge Heap Roots: 0.2ms
[2023-03-15T06:08:21.934+0000][69][gc,phases   ] GC(364)   Evacuate Collection Set: 4.7ms
[2023-03-15T06:08:21.935+0000][69][gc,phases   ] GC(364)   Post Evacuate Collection Set: 1.4ms
[2023-03-15T06:08:21.935+0000][69][gc,phases   ] GC(364)   Other: 3.9ms
[2023-03-15T06:08:21.936+0000][69][gc,age      ] GC(364) Age table with threshold 15 (max threshold 15)
[2023-03-15T06:08:21.937+0000][69][gc,age      ] GC(364) - age   1:     455728 bytes,     455728 total
[2023-03-15T06:08:21.938+0000][69][gc,age      ] GC(364) - age   2:       1920 bytes,     457648 total
[2023-03-15T06:08:21.939+0000][69][gc,age      ] GC(364) - age   3:       8768 bytes,     466416 total
[2023-03-15T06:08:21.940+0000][69][gc,age      ] GC(364) - age   4:        224 bytes,     466640 total
[2023-03-15T06:08:21.940+0000][69][gc,age      ] GC(364) - age   5:        528 bytes,     467168 total
[2023-03-15T06:08:21.941+0000][69][gc,age      ] GC(364) - age   6:       1240 bytes,     468408 total
[2023-03-15T06:08:21.942+0000][69][gc,age      ] GC(364) - age   7:     299672 bytes,     768080 total
[2023-03-15T06:08:21.943+0000][69][gc,age      ] GC(364) - age   8:       8096 bytes,     776176 total
[2023-03-15T06:08:21.944+0000][69][gc,age      ] GC(364) - age  10:        288 bytes,     776464 total
[2023-03-15T06:08:21.944+0000][69][gc,age      ] GC(364) - age  11:       5152 bytes,     781616 total
[2023-03-15T06:08:21.945+0000][69][gc,age      ] GC(364) - age  13:        720 bytes,     782336 total
[2023-03-15T06:08:21.946+0000][69][gc,age      ] GC(364) - age  14:        328 bytes,     782664 total
[2023-03-15T06:08:21.947+0000][69][gc,age      ] GC(364) - age  15:        832 bytes,     783496 total
[2023-03-15T06:08:21.947+0000][69][gc,heap     ] GC(364) Eden regions: 23->0(24)
[2023-03-15T06:08:21.948+0000][69][gc,heap     ] GC(364) Survivor regions: 1->1(3)
[2023-03-15T06:08:21.948+0000][69][gc,heap     ] GC(364) Old regions: 24->24
[2023-03-15T06:08:21.949+0000][69][gc,heap     ] GC(364) Archive regions: 2->2
[2023-03-15T06:08:21.949+0000][69][gc,heap     ] GC(364) Humongous regions: 2->2
[2023-03-15T06:08:21.950+0000][69][gc,metaspace] GC(364) Metaspace: 138105K(141504K)->138105K(141504K) NonClass: 120587K(121792K)->120587K(121792K) Class: 17517K(19712K)->17517K(19712K)
[2023-03-15T06:08:21.951+0000][69][gc          ] GC(364) Pause Young (Normal) (G1 Evacuation Pause) 201M->108M(256M) 34.291ms
[2023-03-15T06:08:21.951+0000][69][gc,cpu      ] GC(364) User=0.01s Sys=0.00s Real=0.04s
[2023-03-15T06:08:21.952+0000][69][safepoint   ] Safepoint "G1CollectForAllocation", Time since last: 21210142609 ns, Reaching safepoint: 301554 ns, At safepoint: 35576972 ns, Total: 35878526 ns
[2023-03-15T06:08:34.968+0000][69][safepoint   ] Safepoint "Cleanup", Time since last: 13015735067 ns, Reaching safepoint: 337434 ns, At safepoint: 11199 ns, Total: 348633 ns
[2023-03-15T06:08:37.974+0000][69][safepoint   ] Safepoint "Cleanup", Time since last: 3004726145 ns, Reaching safepoint: 972159 ns, At safepoint: 37647 ns, Total: 1009806 ns
[2023-03-15T06:08:40.980+0000][69][safepoint   ] Safepoint "Cleanup", Time since last: 3005890969 ns, Reaching safepoint: 312296 ns, At safepoint: 10796 ns, Total: 323092 ns
[2023-03-15T06:08:46.133+0000][69][gc,start    ] GC(365) Pause Young (Concurrent Start) (G1 Evacuation Pause)
[2023-03-15T06:08:46.134+0000][69][gc,task     ] GC(365) Using 4 workers of 4 for evacuation
[2023-03-15T06:08:46.134+0000][69][gc,age      ] GC(365) Desired survivor size 8388608 bytes, new threshold 15 (max threshold 15)
[2023-03-15T06:08:46.137+0000][69][gc,phases   ] GC(365)   Pre Evacuate Collection Set: 0.4ms
[2023-03-15T06:08:46.138+0000][69][gc,phases   ] GC(365)   Merge Heap Roots: 0.1ms
[2023-03-15T06:08:46.138+0000][69][gc,phases   ] GC(365)   Evacuate Collection Set: 1.4ms
[2023-03-15T06:08:46.139+0000][69][gc,phases   ] GC(365)   Post Evacuate Collection Set: 0.7ms
[2023-03-15T06:08:46.139+0000][69][gc,phases   ] GC(365)   Other: 1.0ms
[2023-03-15T06:08:46.140+0000][69][gc,age      ] GC(365) Age table with threshold 15 (max threshold 15)
[2023-03-15T06:08:46.141+0000][69][gc,age      ] GC(365) - age   1:     904224 bytes,     904224 total
[2023-03-15T06:08:46.141+0000][69][gc,age      ] GC(365) - age   2:      21800 bytes,     926024 total
[2023-03-15T06:08:46.141+0000][69][gc,age      ] GC(365) - age   3:        536 bytes,     926560 total
[2023-03-15T06:08:46.142+0000][69][gc,age      ] GC(365) - age   4:       8576 bytes,     935136 total
[2023-03-15T06:08:46.142+0000][69][gc,age      ] GC(365) - age   5:         96 bytes,     935232 total
[2023-03-15T06:08:46.143+0000][69][gc,age      ] GC(365) - age   6:        528 bytes,     935760 total
[2023-03-15T06:08:46.143+0000][69][gc,age      ] GC(365) - age   7:       1240 bytes,     937000 total
[2023-03-15T06:08:46.143+0000][69][gc,age      ] GC(365) - age   8:     299672 bytes,    1236672 total
[2023-03-15T06:08:46.144+0000][69][gc,age      ] GC(365) - age   9:       8096 bytes,    1244768 total
[2023-03-15T06:08:46.144+0000][69][gc,age      ] GC(365) - age  11:        288 bytes,    1245056 total
[2023-03-15T06:08:46.145+0000][69][gc,age      ] GC(365) - age  12:       5152 bytes,    1250208 total
[2023-03-15T06:08:46.145+0000][69][gc,age      ] GC(365) - age  14:        720 bytes,    1250928 total
[2023-03-15T06:08:46.145+0000][69][gc,age      ] GC(365) - age  15:        328 bytes,    1251256 total
[2023-03-15T06:08:46.146+0000][69][gc,heap     ] GC(365) Eden regions: 24->0(24)
[2023-03-15T06:08:46.146+0000][69][gc,heap     ] GC(365) Survivor regions: 1->1(4)
[2023-03-15T06:08:46.147+0000][69][gc,heap     ] GC(365) Old regions: 24->24
[2023-03-15T06:08:46.147+0000][69][gc,heap     ] GC(365) Archive regions: 2->2
[2023-03-15T06:08:46.147+0000][69][gc,heap     ] GC(365) Humongous regions: 2->2
[2023-03-15T06:08:46.148+0000][69][gc,metaspace] GC(365) Metaspace: 138105K(141504K)->138105K(141504K) NonClass: 120587K(121792K)->120587K(121792K) Class: 17517K(19712K)->17517K(19712K)
[2023-03-15T06:08:46.148+0000][69][gc          ] GC(365) Pause Young (Concurrent Start) (G1 Evacuation Pause) 204M->108M(256M) 15.403ms
[2023-03-15T06:08:46.149+0000][69][gc          ] GC(366) Concurrent Mark Cycle
[2023-03-15T06:08:46.149+0000][69][gc,marking  ] GC(366) Concurrent Clear Claimed Marks
[2023-03-15T06:08:46.149+0000][69][gc,cpu      ] GC(365) User=0.00s Sys=0.00s Real=0.02s
[2023-03-15T06:08:46.150+0000][69][gc,marking  ] GC(366) Concurrent Clear Claimed Marks 0.764ms
[2023-03-15T06:08:46.151+0000][69][gc,marking  ] GC(366) Concurrent Scan Root Regions
[2023-03-15T06:08:46.150+0000][69][safepoint   ] Safepoint "G1CollectForAllocation", Time since last: 5174527414 ns, Reaching safepoint: 70353 ns, At safepoint: 17420746 ns, Total: 17491099 ns
[2023-03-15T06:08:46.153+0000][69][gc,marking  ] GC(366) Concurrent Scan Root Regions 2.627ms
[2023-03-15T06:08:46.154+0000][69][gc,marking  ] GC(366) Concurrent Mark
[2023-03-15T06:08:46.155+0000][69][gc,marking  ] GC(366) Concurrent Mark From Roots
[2023-03-15T06:08:46.157+0000][69][gc,task     ] GC(366) Using 1 workers of 1 for marking
[2023-03-15T06:08:46.323+0000][69][gc,marking  ] GC(366) Concurrent Mark From Roots 167.699ms
[2023-03-15T06:08:46.324+0000][69][gc,marking  ] GC(366) Concurrent Preclean
[2023-03-15T06:08:46.325+0000][69][gc,marking  ] GC(366) Concurrent Preclean 1.738ms
[2023-03-15T06:08:46.326+0000][69][gc,start    ] GC(366) Pause Remark
[2023-03-15T06:08:46.339+0000][69][gc          ] GC(366) Pause Remark 111M->111M(256M) 12.491ms
[2023-03-15T06:08:46.340+0000][69][gc,cpu      ] GC(366) User=0.03s Sys=0.00s Real=0.02s
[2023-03-15T06:08:46.340+0000][69][safepoint   ] Safepoint "G1PauseRemark", Time since last: 175900992 ns, Reaching safepoint: 67429 ns, At safepoint: 14140140 ns, Total: 14207569 ns
[2023-03-15T06:08:46.341+0000][69][gc,marking  ] GC(366) Concurrent Mark 187.038ms
[2023-03-15T06:08:46.347+0000][69][gc,marking  ] GC(366) Concurrent Rebuild Remembered Sets
[2023-03-15T06:08:46.437+0000][69][gc,marking  ] GC(366) Concurrent Rebuild Remembered Sets 89.793ms
[2023-03-15T06:08:46.438+0000][69][gc,start    ] GC(366) Pause Cleanup
[2023-03-15T06:08:46.439+0000][69][gc          ] GC(366) Pause Cleanup 112M->112M(256M) 0.627ms
[2023-03-15T06:08:46.439+0000][69][gc,cpu      ] GC(366) User=0.01s Sys=0.00s Real=0.00s
[2023-03-15T06:08:46.440+0000][69][safepoint   ] Safepoint "G1PauseCleanup", Time since last: 97643420 ns, Reaching safepoint: 180937 ns, At safepoint: 1628842 ns, Total: 1809779 ns
[2023-03-15T06:08:46.440+0000][69][gc,marking  ] GC(366) Concurrent Cleanup for Next Mark
[2023-03-15T06:08:46.441+0000][69][gc,marking  ] GC(366) Concurrent Cleanup for Next Mark 0.594ms
[2023-03-15T06:08:46.442+0000][69][gc          ] GC(366) Concurrent Mark Cycle 292.806ms
[2023-03-15T06:08:59.468+0000][69][safepoint   ] Safepoint "Cleanup", Time since last: 13027438840 ns, Reaching safepoint: 331814 ns, At safepoint: 12483 ns, Total: 344297 ns
[2023-03-15T06:09:07.485+0000][69][safepoint   ] Safepoint "Cleanup", Time since last: 8016768347 ns, Reaching safepoint: 351725 ns, At safepoint: 12118 ns, Total: 363843 ns
[2023-03-15T06:09:21.917+0000][69][gc,start    ] GC(367) Pause Young (Normal) (G1 Evacuation Pause)
[2023-03-15T06:09:21.919+0000][69][gc,task     ] GC(367) Using 4 workers of 4 for evacuation
[2023-03-15T06:09:21.921+0000][69][gc,age      ] GC(367) Desired survivor size 8388608 bytes, new threshold 15 (max threshold 15)
[2023-03-15T06:09:21.928+0000][69][gc,phases   ] GC(367)   Pre Evacuate Collection Set: 0.3ms
[2023-03-15T06:09:21.929+0000][69][gc,phases   ] GC(367)   Merge Heap Roots: 0.1ms
[2023-03-15T06:09:21.930+0000][69][gc,phases   ] GC(367)   Evacuate Collection Set: 3.8ms
[2023-03-15T06:09:21.931+0000][69][gc,phases   ] GC(367)   Post Evacuate Collection Set: 1.2ms
[2023-03-15T06:09:21.932+0000][69][gc,phases   ] GC(367)   Other: 3.0ms
[2023-03-15T06:09:21.933+0000][69][gc,age      ] GC(367) Age table with threshold 15 (max threshold 15)
[2023-03-15T06:09:21.934+0000][69][gc,age      ] GC(367) - age   1:    1234880 bytes,    1234880 total
[2023-03-15T06:09:21.934+0000][69][gc,age      ] GC(367) - age   2:       1456 bytes,    1236336 total
[2023-03-15T06:09:21.935+0000][69][gc,age      ] GC(367) - age   3:      20904 bytes,    1257240 total
[2023-03-15T06:09:21.936+0000][69][gc,age      ] GC(367) - age   4:        536 bytes,    1257776 total
[2023-03-15T06:09:21.937+0000][69][gc,age      ] GC(367) - age   5:       8576 bytes,    1266352 total
[2023-03-15T06:09:21.937+0000][69][gc,age      ] GC(367) - age   6:         96 bytes,    1266448 total
[2023-03-15T06:09:21.938+0000][69][gc,age      ] GC(367) - age   7:        528 bytes,    1266976 total
[2023-03-15T06:09:21.939+0000][69][gc,age      ] GC(367) - age   8:       1240 bytes,    1268216 total
[2023-03-15T06:09:21.940+0000][69][gc,age      ] GC(367) - age   9:     299672 bytes,    1567888 total
[2023-03-15T06:09:21.940+0000][69][gc,age      ] GC(367) - age  10:       8096 bytes,    1575984 total
[2023-03-15T06:09:21.941+0000][69][gc,age      ] GC(367) - age  12:        288 bytes,    1576272 total
[2023-03-15T06:09:21.942+0000][69][gc,age      ] GC(367) - age  13:       5152 bytes,    1581424 total
[2023-03-15T06:09:21.943+0000][69][gc,age      ] GC(367) - age  15:        720 bytes,    1582144 total
[2023-03-15T06:09:21.943+0000][69][gc,heap     ] GC(367) Eden regions: 24->0(24)
[2023-03-15T06:09:21.944+0000][69][gc,heap     ] GC(367) Survivor regions: 1->1(4)
[2023-03-15T06:09:21.944+0000][69][gc,heap     ] GC(367) Old regions: 24->24
[2023-03-15T06:09:21.945+0000][69][gc,heap     ] GC(367) Archive regions: 2->2
[2023-03-15T06:09:21.946+0000][69][gc,heap     ] GC(367) Humongous regions: 2->2
[2023-03-15T06:09:21.946+0000][69][gc,metaspace] GC(367) Metaspace: 138106K(141504K)->138106K(141504K) NonClass: 120588K(121792K)->120588K(121792K) Class: 17517K(19712K)->17517K(19712K)
[2023-03-15T06:09:21.947+0000][69][gc          ] GC(367) Pause Young (Normal) (G1 Evacuation Pause) 204M->108M(256M) 29.557ms
[2023-03-15T06:09:21.947+0000][69][gc,cpu      ] GC(367) User=0.01s Sys=0.00s Real=0.03s
[2023-03-15T06:09:21.949+0000][69][safepoint   ] Safepoint "G1CollectForAllocation", Time since last: 14453891748 ns, Reaching safepoint: 474273 ns, At safepoint: 31419682 ns, Total: 31893955 ns
[2023-03-15T06:09:46.235+0000][69][gc,start    ] GC(368) Pause Young (Concurrent Start) (G1 Evacuation Pause)
[2023-03-15T06:09:46.236+0000][69][gc,task     ] GC(368) Using 4 workers of 4 for evacuation
[2023-03-15T06:09:46.236+0000][69][gc,age      ] GC(368) Desired survivor size 8388608 bytes, new threshold 15 (max threshold 15)
[2023-03-15T06:09:46.240+0000][69][gc,phases   ] GC(368)   Pre Evacuate Collection Set: 0.4ms
[2023-03-15T06:09:46.241+0000][69][gc,phases   ] GC(368)   Merge Heap Roots: 0.1ms
[2023-03-15T06:09:46.241+0000][69][gc,phases   ] GC(368)   Evacuate Collection Set: 1.5ms
[2023-03-15T06:09:46.242+0000][69][gc,phases   ] GC(368)   Post Evacuate Collection Set: 0.8ms
[2023-03-15T06:09:46.242+0000][69][gc,phases   ] GC(368)   Other: 1.5ms
[2023-03-15T06:09:46.242+0000][69][gc,age      ] GC(368) Age table with threshold 15 (max threshold 15)
[2023-03-15T06:09:46.243+0000][69][gc,age      ] GC(368) - age   1:    2100152 bytes,    2100152 total
[2023-03-15T06:09:46.243+0000][69][gc,age      ] GC(368) - age   2:       2920 bytes,    2103072 total
[2023-03-15T06:09:46.244+0000][69][gc,age      ] GC(368) - age   3:        616 bytes,    2103688 total
[2023-03-15T06:09:46.244+0000][69][gc,age      ] GC(368) - age   4:      20776 bytes,    2124464 total
[2023-03-15T06:09:46.245+0000][69][gc,age      ] GC(368) - age   5:        296 bytes,    2124760 total
[2023-03-15T06:09:46.245+0000][69][gc,age      ] GC(368) - age   6:       8512 bytes,    2133272 total
[2023-03-15T06:09:46.246+0000][69][gc,age      ] GC(368) - age   7:         32 bytes,    2133304 total
[2023-03-15T06:09:46.247+0000][69][gc,age      ] GC(368) - age   8:        528 bytes,    2133832 total
[2023-03-15T06:09:46.247+0000][69][gc,age      ] GC(368) - age   9:        376 bytes,    2134208 total
[2023-03-15T06:09:46.248+0000][69][gc,age      ] GC(368) - age  10:     159984 bytes,    2294192 total
[2023-03-15T06:09:46.248+0000][69][gc,age      ] GC(368) - age  11:       8096 bytes,    2302288 total
[2023-03-15T06:09:46.249+0000][69][gc,age      ] GC(368) - age  13:        288 bytes,    2302576 total
[2023-03-15T06:09:46.249+0000][69][gc,age      ] GC(368) - age  14:       5152 bytes,    2307728 total
[2023-03-15T06:09:46.250+0000][69][gc,heap     ] GC(368) Eden regions: 24->0(23)
[2023-03-15T06:09:46.250+0000][69][gc,heap     ] GC(368) Survivor regions: 1->1(4)
[2023-03-15T06:09:46.251+0000][69][gc,heap     ] GC(368) Old regions: 24->24
[2023-03-15T06:09:46.251+0000][69][gc,heap     ] GC(368) Archive regions: 2->2
[2023-03-15T06:09:46.252+0000][69][gc,heap     ] GC(368) Humongous regions: 2->2
[2023-03-15T06:09:46.252+0000][69][gc,metaspace] GC(368) Metaspace: 138114K(141504K)->138114K(141504K) NonClass: 120596K(121792K)->120596K(121792K) Class: 17517K(19712K)->17517K(19712K)
[2023-03-15T06:09:46.253+0000][69][gc          ] GC(368) Pause Young (Concurrent Start) (G1 Evacuation Pause) 204M->109M(256M) 17.759ms
[2023-03-15T06:09:46.253+0000][69][gc,cpu      ] GC(368) User=0.00s Sys=0.00s Real=0.01s
[2023-03-15T06:09:46.253+0000][69][gc          ] GC(369) Concurrent Mark Cycle
[2023-03-15T06:09:46.255+0000][69][gc,marking  ] GC(369) Concurrent Clear Claimed Marks
[2023-03-15T06:09:46.254+0000][69][safepoint   ] Safepoint "G1CollectForAllocation", Time since last: 24307255766 ns, Reaching safepoint: 109891 ns, At safepoint: 19090844 ns, Total: 19200735 ns
[2023-03-15T06:09:46.256+0000][69][gc,marking  ] GC(369) Concurrent Clear Claimed Marks 0.946ms
[2023-03-15T06:09:46.257+0000][69][gc,marking  ] GC(369) Concurrent Scan Root Regions
[2023-03-15T06:09:46.259+0000][69][gc,marking  ] GC(369) Concurrent Scan Root Regions 2.327ms
[2023-03-15T06:09:46.260+0000][69][gc,marking  ] GC(369) Concurrent Mark
[2023-03-15T06:09:46.260+0000][69][gc,marking  ] GC(369) Concurrent Mark From Roots
[2023-03-15T06:09:46.261+0000][69][gc,task     ] GC(369) Using 1 workers of 1 for marking
[2023-03-15T06:09:46.373+0000][69][gc,marking  ] GC(369) Concurrent Mark From Roots 113.037ms
[2023-03-15T06:09:46.374+0000][69][gc,marking  ] GC(369) Concurrent Preclean
[2023-03-15T06:09:46.375+0000][69][gc,marking  ] GC(369) Concurrent Preclean 0.866ms
[2023-03-15T06:09:46.376+0000][69][gc,start    ] GC(369) Pause Remark
[2023-03-15T06:09:46.384+0000][69][gc          ] GC(369) Pause Remark 113M->113M(256M) 8.712ms
[2023-03-15T06:09:46.385+0000][69][gc,cpu      ] GC(369) User=0.03s Sys=0.00s Real=0.01s
[2023-03-15T06:09:46.386+0000][69][safepoint   ] Safepoint "G1PauseRemark", Time since last: 121400609 ns, Reaching safepoint: 103895 ns, At safepoint: 10285804 ns, Total: 10389699 ns
[2023-03-15T06:09:46.387+0000][69][gc,marking  ] GC(369) Concurrent Mark 127.019ms
[2023-03-15T06:09:46.387+0000][69][gc,marking  ] GC(369) Concurrent Rebuild Remembered Sets
[2023-03-15T06:09:46.437+0000][69][gc,marking  ] GC(369) Concurrent Rebuild Remembered Sets 49.531ms
[2023-03-15T06:09:46.438+0000][69][gc,start    ] GC(369) Pause Cleanup
[2023-03-15T06:09:46.439+0000][69][gc          ] GC(369) Pause Cleanup 113M->113M(256M) 0.926ms
[2023-03-15T06:09:46.440+0000][69][gc,cpu      ] GC(369) User=0.01s Sys=0.00s Real=0.00s
[2023-03-15T06:09:46.440+0000][69][safepoint   ] Safepoint "G1PauseCleanup", Time since last: 51929920 ns, Reaching safepoint: 160504 ns, At safepoint: 2011683 ns, Total: 2172187 ns
[2023-03-15T06:09:46.441+0000][69][gc,marking  ] GC(369) Concurrent Cleanup for Next Mark
[2023-03-15T06:09:46.441+0000][69][gc,marking  ] GC(369) Concurrent Cleanup for Next Mark 0.629ms
[2023-03-15T06:09:46.442+0000][69][gc          ] GC(369) Concurrent Mark Cycle 188.245ms
[2023-03-15T06:10:00.462+0000][69][safepoint   ] Safepoint "Cleanup", Time since last: 14021209145 ns, Reaching safepoint: 433631 ns, At safepoint: 13085 ns, Total: 446716 ns
[2023-03-15T06:10:03.471+0000][69][safepoint   ] Safepoint "Cleanup", Time since last: 3008369225 ns, Reaching safepoint: 462789 ns, At safepoint: 17702 ns, Total: 480491 ns
[2023-03-15T06:10:10.486+0000][69][safepoint   ] Safepoint "Cleanup", Time since last: 7015729004 ns, Reaching safepoint: 242629 ns, At safepoint: 8893 ns, Total: 251522 ns
[2023-03-15T06:10:18.916+0000][69][gc,start    ] GC(370) Pause Young (Normal) (G1 Evacuation Pause)
[2023-03-15T06:10:18.918+0000][69][gc,task     ] GC(370) Using 4 workers of 4 for evacuation
[2023-03-15T06:10:18.919+0000][69][gc,age      ] GC(370) Desired survivor size 6291456 bytes, new threshold 15 (max threshold 15)
[2023-03-15T06:10:18.927+0000][69][gc,phases   ] GC(370)   Pre Evacuate Collection Set: 0.2ms
[2023-03-15T06:10:18.928+0000][69][gc,phases   ] GC(370)   Merge Heap Roots: 0.2ms
[2023-03-15T06:10:18.929+0000][69][gc,phases   ] GC(370)   Evacuate Collection Set: 4.4ms
[2023-03-15T06:10:18.930+0000][69][gc,phases   ] GC(370)   Post Evacuate Collection Set: 1.2ms
[2023-03-15T06:10:18.931+0000][69][gc,phases   ] GC(370)   Other: 2.7ms
[2023-03-15T06:10:18.931+0000][69][gc,age      ] GC(370) Age table with threshold 15 (max threshold 15)
[2023-03-15T06:10:18.932+0000][69][gc,age      ] GC(370) - age   1:     575264 bytes,     575264 total
[2023-03-15T06:10:18.933+0000][69][gc,age      ] GC(370) - age   2:     109144 bytes,     684408 total
[2023-03-15T06:10:18.934+0000][69][gc,age      ] GC(370) - age   3:       1224 bytes,     685632 total
[2023-03-15T06:10:18.934+0000][69][gc,age      ] GC(370) - age   4:        424 bytes,     686056 total
[2023-03-15T06:10:18.935+0000][69][gc,age      ] GC(370) - age   5:      20416 bytes,     706472 total
[2023-03-15T06:10:18.936+0000][69][gc,age      ] GC(370) - age   6:        296 bytes,     706768 total
[2023-03-15T06:10:18.936+0000][69][gc,age      ] GC(370) - age   7:       8512 bytes,     715280 total
[2023-03-15T06:10:18.937+0000][69][gc,age      ] GC(370) - age   8:         32 bytes,     715312 total
[2023-03-15T06:10:18.938+0000][69][gc,age      ] GC(370) - age   9:        528 bytes,     715840 total
[2023-03-15T06:10:18.938+0000][69][gc,age      ] GC(370) - age  11:     159824 bytes,     875664 total
[2023-03-15T06:10:18.939+0000][69][gc,age      ] GC(370) - age  12:         80 bytes,     875744 total
[2023-03-15T06:10:18.940+0000][69][gc,age      ] GC(370) - age  14:        288 bytes,     876032 total
[2023-03-15T06:10:18.941+0000][69][gc,age      ] GC(370) - age  15:       5152 bytes,     881184 total
[2023-03-15T06:10:18.941+0000][69][gc,heap     ] GC(370) Eden regions: 23->0(24)
[2023-03-15T06:10:18.942+0000][69][gc,heap     ] GC(370) Survivor regions: 1->1(3)
[2023-03-15T06:10:18.943+0000][69][gc,heap     ] GC(370) Old regions: 24->24
[2023-03-15T06:10:18.943+0000][69][gc,heap     ] GC(370) Archive regions: 2->2
[2023-03-15T06:10:18.944+0000][69][gc,heap     ] GC(370) Humongous regions: 2->2
[2023-03-15T06:10:18.944+0000][69][gc,metaspace] GC(370) Metaspace: 138115K(141504K)->138115K(141504K) NonClass: 120598K(121792K)->120598K(121792K) Class: 17517K(19712K)->17517K(19712K)
[2023-03-15T06:10:18.945+0000][69][gc          ] GC(370) Pause Young (Normal) (G1 Evacuation Pause) 201M->108M(256M) 28.433ms
[2023-03-15T06:10:18.945+0000][69][gc,cpu      ] GC(370) User=0.01s Sys=0.00s Real=0.03s
[2023-03-15T06:10:18.946+0000][69][safepoint   ] Safepoint "G1CollectForAllocation", Time since last: 8452226335 ns, Reaching safepoint: 313938 ns, At safepoint: 29734049 ns, Total: 30047987 ns
[2023-03-15T06:10:48.929+0000][69][gc,start    ] GC(371) Pause Young (Concurrent Start) (G1 Evacuation Pause)
[2023-03-15T06:10:48.931+0000][69][gc,task     ] GC(371) Using 4 workers of 4 for evacuation
[2023-03-15T06:10:48.932+0000][69][gc,age      ] GC(371) Desired survivor size 8388608 bytes, new threshold 15 (max threshold 15)
[2023-03-15T06:10:48.938+0000][69][gc,phases   ] GC(371)   Pre Evacuate Collection Set: 0.7ms
[2023-03-15T06:10:48.938+0000][69][gc,phases   ] GC(371)   Merge Heap Roots: 0.3ms
[2023-03-15T06:10:48.939+0000][69][gc,phases   ] GC(371)   Evacuate Collection Set: 2.9ms
[2023-03-15T06:10:48.940+0000][69][gc,phases   ] GC(371)   Post Evacuate Collection Set: 0.9ms
[2023-03-15T06:10:48.940+0000][69][gc,phases   ] GC(371)   Other: 2.2ms
[2023-03-15T06:10:48.941+0000][69][gc,age      ] GC(371) Age table with threshold 15 (max threshold 15)
[2023-03-15T06:10:48.941+0000][69][gc,age      ] GC(371) - age   1:    1117624 bytes,    1117624 total
[2023-03-15T06:10:48.942+0000][69][gc,age      ] GC(371) - age   2:      52440 bytes,    1170064 total
[2023-03-15T06:10:48.942+0000][69][gc,age      ] GC(371) - age   3:     107528 bytes,    1277592 total
[2023-03-15T06:10:48.943+0000][69][gc,age      ] GC(371) - age   4:       1224 bytes,    1278816 total
[2023-03-15T06:10:48.944+0000][69][gc,age      ] GC(371) - age   5:        424 bytes,    1279240 total
[2023-03-15T06:10:48.944+0000][69][gc,age      ] GC(371) - age   6:       4008 bytes,    1283248 total
[2023-03-15T06:10:48.945+0000][69][gc,age      ] GC(371) - age   7:        296 bytes,    1283544 total
[2023-03-15T06:10:48.945+0000][69][gc,age      ] GC(371) - age   8:       8512 bytes,    1292056 total
[2023-03-15T06:10:48.946+0000][69][gc,age      ] GC(371) - age   9:         32 bytes,    1292088 total
[2023-03-15T06:10:48.946+0000][69][gc,age      ] GC(371) - age  10:        232 bytes,    1292320 total
[2023-03-15T06:10:48.947+0000][69][gc,age      ] GC(371) - age  12:     159824 bytes,    1452144 total
[2023-03-15T06:10:48.947+0000][69][gc,age      ] GC(371) - age  13:         80 bytes,    1452224 total
[2023-03-15T06:10:48.948+0000][69][gc,age      ] GC(371) - age  15:        288 bytes,    1452512 total
[2023-03-15T06:10:48.948+0000][69][gc,heap     ] GC(371) Eden regions: 24->0(24)
[2023-03-15T06:10:48.949+0000][69][gc,heap     ] GC(371) Survivor regions: 1->1(4)
[2023-03-15T06:10:48.949+0000][69][gc,heap     ] GC(371) Old regions: 24->24
[2023-03-15T06:10:48.949+0000][69][gc,heap     ] GC(371) Archive regions: 2->2
[2023-03-15T06:10:48.950+0000][69][gc,heap     ] GC(371) Humongous regions: 2->2
[2023-03-15T06:10:48.950+0000][69][gc,metaspace] GC(371) Metaspace: 138116K(141504K)->138116K(141504K) NonClass: 120598K(121792K)->120598K(121792K) Class: 17517K(19712K)->17517K(19712K)
[2023-03-15T06:10:48.952+0000][69][gc          ] GC(371) Pause Young (Concurrent Start) (G1 Evacuation Pause) 204M->108M(256M) 22.371ms
[2023-03-15T06:10:48.952+0000][69][gc          ] GC(372) Concurrent Mark Cycle
[2023-03-15T06:10:48.952+0000][69][gc,marking  ] GC(372) Concurrent Clear Claimed Marks
[2023-03-15T06:10:48.952+0000][69][gc,cpu      ] GC(371) User=0.00s Sys=0.01s Real=0.02s
[2023-03-15T06:10:48.953+0000][69][gc,marking  ] GC(372) Concurrent Clear Claimed Marks 0.749ms
[2023-03-15T06:10:48.954+0000][69][gc,marking  ] GC(372) Concurrent Scan Root Regions
[2023-03-15T06:10:48.954+0000][69][safepoint   ] Safepoint "G1CollectForAllocation", Time since last: 30006574657 ns, Reaching safepoint: 131406 ns, At safepoint: 24308464 ns, Total: 24439870 ns
[2023-03-15T06:10:48.957+0000][69][gc,marking  ] GC(372) Concurrent Scan Root Regions 2.607ms
[2023-03-15T06:10:48.958+0000][69][gc,marking  ] GC(372) Concurrent Mark
[2023-03-15T06:10:48.958+0000][69][gc,marking  ] GC(372) Concurrent Mark From Roots
[2023-03-15T06:10:48.959+0000][69][gc,task     ] GC(372) Using 1 workers of 1 for marking
[2023-03-15T06:10:49.066+0000][69][gc,marking  ] GC(372) Concurrent Mark From Roots 108.105ms
[2023-03-15T06:10:49.067+0000][69][gc,marking  ] GC(372) Concurrent Preclean
[2023-03-15T06:10:49.069+0000][69][gc,marking  ] GC(372) Concurrent Preclean 1.244ms
[2023-03-15T06:10:49.069+0000][69][gc,start    ] GC(372) Pause Remark
[2023-03-15T06:10:49.080+0000][69][gc          ] GC(372) Pause Remark 110M->110M(256M) 10.874ms
[2023-03-15T06:10:49.081+0000][69][gc,cpu      ] GC(372) User=0.03s Sys=0.00s Real=0.01s
[2023-03-15T06:10:49.082+0000][69][safepoint   ] Safepoint "G1PauseRemark", Time since last: 115615966 ns, Reaching safepoint: 116708 ns, At safepoint: 12658017 ns, Total: 12774725 ns
[2023-03-15T06:10:49.083+0000][69][gc,marking  ] GC(372) Concurrent Mark 124.971ms
[2023-03-15T06:10:49.083+0000][69][gc,marking  ] GC(372) Concurrent Rebuild Remembered Sets
[2023-03-15T06:10:49.133+0000][69][gc,marking  ] GC(372) Concurrent Rebuild Remembered Sets 49.345ms
[2023-03-15T06:10:49.134+0000][69][gc,start    ] GC(372) Pause Cleanup
[2023-03-15T06:10:49.135+0000][69][gc          ] GC(372) Pause Cleanup 110M->110M(256M) 0.766ms
[2023-03-15T06:10:49.136+0000][69][gc,cpu      ] GC(372) User=0.01s Sys=0.00s Real=0.00s
[2023-03-15T06:10:49.136+0000][69][safepoint   ] Safepoint "G1PauseCleanup", Time since last: 52103121 ns, Reaching safepoint: 84829 ns, At safepoint: 2009630 ns, Total: 2094459 ns
[2023-03-15T06:10:49.137+0000][69][gc,marking  ] GC(372) Concurrent Cleanup for Next Mark
[2023-03-15T06:10:49.137+0000][69][gc,marking  ] GC(372) Concurrent Cleanup for Next Mark 0.558ms
[2023-03-15T06:10:49.138+0000][69][gc          ] GC(372) Concurrent Mark Cycle 185.699ms
[2023-03-15T06:11:03.156+0000][69][safepoint   ] Safepoint "Cleanup", Time since last: 14019358102 ns, Reaching safepoint: 711325 ns, At safepoint: 50533 ns, Total: 761858 ns
[2023-03-15T06:11:06.161+0000][69][safepoint   ] Safepoint "Cleanup", Time since last: 3004517656 ns, Reaching safepoint: 373953 ns, At safepoint: 15658 ns, Total: 389611 ns
[2023-03-15T06:11:10.169+0000][69][safepoint   ] Safepoint "Cleanup", Time since last: 4008088462 ns, Reaching safepoint: 74448 ns, At safepoint: 2943 ns, Total: 77391 ns
[2023-03-15T06:11:22.188+0000][69][gc,start    ] GC(373) Pause Young (Normal) (G1 Evacuation Pause)
[2023-03-15T06:11:22.189+0000][69][gc,task     ] GC(373) Using 4 workers of 4 for evacuation
[2023-03-15T06:11:22.189+0000][69][gc,age      ] GC(373) Desired survivor size 8388608 bytes, new threshold 15 (max threshold 15)
[2023-03-15T06:11:22.194+0000][69][gc,phases   ] GC(373)   Pre Evacuate Collection Set: 0.0ms
[2023-03-15T06:11:22.194+0000][69][gc,phases   ] GC(373)   Merge Heap Roots: 0.1ms
[2023-03-15T06:11:22.195+0000][69][gc,phases   ] GC(373)   Evacuate Collection Set: 2.8ms
[2023-03-15T06:11:22.195+0000][69][gc,phases   ] GC(373)   Post Evacuate Collection Set: 0.8ms
[2023-03-15T06:11:22.196+0000][69][gc,phases   ] GC(373)   Other: 1.1ms
[2023-03-15T06:11:22.197+0000][69][gc,age      ] GC(373) Age table with threshold 15 (max threshold 15)
[2023-03-15T06:11:22.197+0000][69][gc,age      ] GC(373) - age   1:    1465888 bytes,    1465888 total
[2023-03-15T06:11:22.197+0000][69][gc,age      ] GC(373) - age   2:      10832 bytes,    1476720 total
[2023-03-15T06:11:22.197+0000][69][gc,age      ] GC(373) - age   3:      42720 bytes,    1519440 total
[2023-03-15T06:11:22.198+0000][69][gc,age      ] GC(373) - age   4:     107400 bytes,    1626840 total
[2023-03-15T06:11:22.198+0000][69][gc,age      ] GC(373) - age   5:       1096 bytes,    1627936 total
[2023-03-15T06:11:22.199+0000][69][gc,age      ] GC(373) - age   6:        296 bytes,    1628232 total
[2023-03-15T06:11:22.199+0000][69][gc,age      ] GC(373) - age   7:       4008 bytes,    1632240 total
[2023-03-15T06:11:22.199+0000][69][gc,age      ] GC(373) - age   8:        296 bytes,    1632536 total
[2023-03-15T06:11:22.200+0000][69][gc,age      ] GC(373) - age   9:       8512 bytes,    1641048 total
[2023-03-15T06:11:22.200+0000][69][gc,age      ] GC(373) - age  10:         32 bytes,    1641080 total
[2023-03-15T06:11:22.200+0000][69][gc,age      ] GC(373) - age  11:        232 bytes,    1641312 total
[2023-03-15T06:11:22.201+0000][69][gc,age      ] GC(373) - age  13:     159824 bytes,    1801136 total
[2023-03-15T06:11:22.201+0000][69][gc,age      ] GC(373) - age  14:         80 bytes,    1801216 total
[2023-03-15T06:11:22.201+0000][69][gc,heap     ] GC(373) Eden regions: 24->0(24)
[2023-03-15T06:11:22.201+0000][69][gc,heap     ] GC(373) Survivor regions: 1->1(4)
[2023-03-15T06:11:22.202+0000][69][gc,heap     ] GC(373) Old regions: 24->24
[2023-03-15T06:11:22.202+0000][69][gc,heap     ] GC(373) Archive regions: 2->2
[2023-03-15T06:11:22.203+0000][69][gc,heap     ] GC(373) Humongous regions: 2->2
[2023-03-15T06:11:22.203+0000][69][gc,metaspace] GC(373) Metaspace: 138116K(141504K)->138116K(141504K) NonClass: 120598K(121792K)->120598K(121792K) Class: 17517K(19712K)->17517K(19712K)
[2023-03-15T06:11:22.203+0000][69][gc          ] GC(373) Pause Young (Normal) (G1 Evacuation Pause) 204M->109M(256M) 15.297ms
[2023-03-15T06:11:22.204+0000][69][gc,cpu      ] GC(373) User=0.00s Sys=0.00s Real=0.01s
[2023-03-15T06:11:22.204+0000][69][safepoint   ] Safepoint "G1CollectForAllocation", Time since last: 12040403666 ns, Reaching safepoint: 58448 ns, At safepoint: 16194898 ns, Total: 16253346 ns
[2023-03-15T06:11:52.408+0000][69][gc,start    ] GC(374) Pause Young (Concurrent Start) (G1 Evacuation Pause)
[2023-03-15T06:11:52.408+0000][69][gc,task     ] GC(374) Using 4 workers of 4 for evacuation
[2023-03-15T06:11:52.409+0000][69][gc,age      ] GC(374) Desired survivor size 8388608 bytes, new threshold 15 (max threshold 15)
[2023-03-15T06:11:52.412+0000][69][gc,phases   ] GC(374)   Pre Evacuate Collection Set: 0.4ms
[2023-03-15T06:11:52.413+0000][69][gc,phases   ] GC(374)   Merge Heap Roots: 0.1ms
[2023-03-15T06:11:52.414+0000][69][gc,phases   ] GC(374)   Evacuate Collection Set: 1.9ms
[2023-03-15T06:11:52.414+0000][69][gc,phases   ] GC(374)   Post Evacuate Collection Set: 0.8ms
[2023-03-15T06:11:52.415+0000][69][gc,phases   ] GC(374)   Other: 0.8ms
[2023-03-15T06:11:52.415+0000][69][gc,age      ] GC(374) Age table with threshold 15 (max threshold 15)
[2023-03-15T06:11:52.416+0000][69][gc,age      ] GC(374) - age   1:    1932176 bytes,    1932176 total
[2023-03-15T06:11:52.416+0000][69][gc,age      ] GC(374) - age   2:       9896 bytes,    1942072 total
[2023-03-15T06:11:52.417+0000][69][gc,age      ] GC(374) - age   3:       9992 bytes,    1952064 total
[2023-03-15T06:11:52.417+0000][69][gc,age      ] GC(374) - age   4:      42720 bytes,    1994784 total
[2023-03-15T06:11:52.418+0000][69][gc,age      ] GC(374) - age   5:     107040 bytes,    2101824 total
[2023-03-15T06:11:52.418+0000][69][gc,age      ] GC(374) - age   6:       1072 bytes,    2102896 total
[2023-03-15T06:11:52.419+0000][69][gc,age      ] GC(374) - age   7:        296 bytes,    2103192 total
[2023-03-15T06:11:52.419+0000][69][gc,age      ] GC(374) - age   8:       4008 bytes,    2107200 total
[2023-03-15T06:11:52.420+0000][69][gc,age      ] GC(374) - age   9:        296 bytes,    2107496 total
[2023-03-15T06:11:52.421+0000][69][gc,age      ] GC(374) - age  10:       8512 bytes,    2116008 total
[2023-03-15T06:11:52.421+0000][69][gc,age      ] GC(374) - age  11:         32 bytes,    2116040 total
[2023-03-15T06:11:52.422+0000][69][gc,age      ] GC(374) - age  12:        232 bytes,    2116272 total
[2023-03-15T06:11:52.422+0000][69][gc,age      ] GC(374) - age  14:     159824 bytes,    2276096 total
[2023-03-15T06:11:52.423+0000][69][gc,age      ] GC(374) - age  15:         80 bytes,    2276176 total
[2023-03-15T06:11:52.423+0000][69][gc,heap     ] GC(374) Eden regions: 24->0(23)
[2023-03-15T06:11:52.424+0000][69][gc,heap     ] GC(374) Survivor regions: 1->1(4)
[2023-03-15T06:11:52.424+0000][69][gc,heap     ] GC(374) Old regions: 24->24
[2023-03-15T06:11:52.424+0000][69][gc,heap     ] GC(374) Archive regions: 2->2
[2023-03-15T06:11:52.425+0000][69][gc,heap     ] GC(374) Humongous regions: 2->2
[2023-03-15T06:11:52.425+0000][69][gc,metaspace] GC(374) Metaspace: 138116K(141504K)->138116K(141504K) NonClass: 120598K(121792K)->120598K(121792K) Class: 17517K(19712K)->17517K(19712K)
[2023-03-15T06:11:52.426+0000][69][gc          ] GC(374) Pause Young (Concurrent Start) (G1 Evacuation Pause) 205M->109M(256M) 18.225ms
[2023-03-15T06:11:52.426+0000][69][gc          ] GC(375) Concurrent Mark Cycle
[2023-03-15T06:11:52.427+0000][69][gc,marking  ] GC(375) Concurrent Clear Claimed Marks
[2023-03-15T06:11:52.427+0000][69][gc,cpu      ] GC(374) User=0.00s Sys=0.01s Real=0.02s
[2023-03-15T06:11:52.428+0000][69][gc,marking  ] GC(375) Concurrent Clear Claimed Marks 0.886ms
[2023-03-15T06:11:52.429+0000][69][gc,marking  ] GC(375) Concurrent Scan Root Regions
[2023-03-15T06:11:52.428+0000][69][safepoint   ] Safepoint "G1CollectForAllocation", Time since last: 30225535150 ns, Reaching safepoint: 167583 ns, At safepoint: 20541261 ns, Total: 20708844 ns
[2023-03-15T06:11:52.431+0000][69][gc,marking  ] GC(375) Concurrent Scan Root Regions 2.450ms
[2023-03-15T06:11:52.432+0000][69][gc,marking  ] GC(375) Concurrent Mark
[2023-03-15T06:11:52.433+0000][69][gc,marking  ] GC(375) Concurrent Mark From Roots
[2023-03-15T06:11:52.433+0000][69][gc,task     ] GC(375) Using 1 workers of 1 for marking
[2023-03-15T06:11:52.529+0000][69][gc,marking  ] GC(375) Concurrent Mark From Roots 96.822ms
[2023-03-15T06:11:52.530+0000][69][gc,marking  ] GC(375) Concurrent Preclean
[2023-03-15T06:11:52.531+0000][69][gc,marking  ] GC(375) Concurrent Preclean 1.069ms
[2023-03-15T06:11:52.532+0000][69][gc,start    ] GC(375) Pause Remark
[2023-03-15T06:11:52.543+0000][69][gc          ] GC(375) Pause Remark 109M->109M(256M) 10.577ms
[2023-03-15T06:11:52.544+0000][69][gc,cpu      ] GC(375) User=0.02s Sys=0.00s Real=0.01s
[2023-03-15T06:11:52.544+0000][69][safepoint   ] Safepoint "G1PauseRemark", Time since last: 103917893 ns, Reaching safepoint: 77633 ns, At safepoint: 12110573 ns, Total: 12188206 ns
[2023-03-15T06:11:52.545+0000][69][gc,marking  ] GC(375) Concurrent Mark 113.275ms
[2023-03-15T06:11:52.545+0000][69][gc,marking  ] GC(375) Concurrent Rebuild Remembered Sets
[2023-03-15T06:11:52.595+0000][69][gc,marking  ] GC(375) Concurrent Rebuild Remembered Sets 49.564ms
[2023-03-15T06:11:52.596+0000][69][gc,start    ] GC(375) Pause Cleanup
[2023-03-15T06:11:52.597+0000][69][gc          ] GC(375) Pause Cleanup 110M->110M(256M) 0.999ms
[2023-03-15T06:11:52.598+0000][69][gc,cpu      ] GC(375) User=0.00s Sys=0.00s Real=0.00s
[2023-03-15T06:11:52.599+0000][69][safepoint   ] Safepoint "G1PauseCleanup", Time since last: 51970723 ns, Reaching safepoint: 82152 ns, At safepoint: 2174105 ns, Total: 2256257 ns
[2023-03-15T06:11:52.599+0000][69][gc,marking  ] GC(375) Concurrent Cleanup for Next Mark
[2023-03-15T06:11:52.600+0000][69][gc,marking  ] GC(375) Concurrent Cleanup for Next Mark 0.570ms
[2023-03-15T06:11:52.600+0000][69][gc          ] GC(375) Concurrent Mark Cycle 173.842ms
[2023-03-15T06:11:58.605+0000][69][safepoint   ] Safepoint "Cleanup", Time since last: 6006167792 ns, Reaching safepoint: 136673 ns, At safepoint: 7109 ns, Total: 143782 ns
[2023-03-15T06:12:27.925+0000][69][gc,start    ] GC(376) Pause Young (Normal) (G1 Evacuation Pause)
[2023-03-15T06:12:27.925+0000][69][gc,task     ] GC(376) Using 4 workers of 4 for evacuation
[2023-03-15T06:12:27.926+0000][69][gc,age      ] GC(376) Desired survivor size 6291456 bytes, new threshold 15 (max threshold 15)
[2023-03-15T06:12:27.930+0000][69][gc,phases   ] GC(376)   Pre Evacuate Collection Set: 0.2ms
[2023-03-15T06:12:27.931+0000][69][gc,phases   ] GC(376)   Merge Heap Roots: 0.2ms
[2023-03-15T06:12:27.931+0000][69][gc,phases   ] GC(376)   Evacuate Collection Set: 2.1ms
[2023-03-15T06:12:27.932+0000][69][gc,phases   ] GC(376)   Post Evacuate Collection Set: 1.0ms
[2023-03-15T06:12:27.933+0000][69][gc,phases   ] GC(376)   Other: 1.3ms
[2023-03-15T06:12:27.933+0000][69][gc,age      ] GC(376) Age table with threshold 15 (max threshold 15)
[2023-03-15T06:12:27.934+0000][69][gc,age      ] GC(376) - age   1:     894384 bytes,     894384 total
[2023-03-15T06:12:27.934+0000][69][gc,age      ] GC(376) - age   2:       3176 bytes,     897560 total
[2023-03-15T06:12:27.935+0000][69][gc,age      ] GC(376) - age   3:       8616 bytes,     906176 total
[2023-03-15T06:12:27.935+0000][69][gc,age      ] GC(376) - age   4:       9376 bytes,     915552 total
[2023-03-15T06:12:27.936+0000][69][gc,age      ] GC(376) - age   5:      42360 bytes,     957912 total
[2023-03-15T06:12:27.936+0000][69][gc,age      ] GC(376) - age   6:     107008 bytes,    1064920 total
[2023-03-15T06:12:27.936+0000][69][gc,age      ] GC(376) - age   7:       1072 bytes,    1065992 total
[2023-03-15T06:12:27.937+0000][69][gc,age      ] GC(376) - age   8:        296 bytes,    1066288 total
[2023-03-15T06:12:27.938+0000][69][gc,age      ] GC(376) - age   9:       4008 bytes,    1070296 total
[2023-03-15T06:12:27.938+0000][69][gc,age      ] GC(376) - age  10:        296 bytes,    1070592 total
[2023-03-15T06:12:27.938+0000][69][gc,age      ] GC(376) - age  11:       8512 bytes,    1079104 total
[2023-03-15T06:12:27.939+0000][69][gc,age      ] GC(376) - age  12:         32 bytes,    1079136 total
[2023-03-15T06:12:27.939+0000][69][gc,age      ] GC(376) - age  13:        232 bytes,    1079368 total
[2023-03-15T06:12:27.940+0000][69][gc,age      ] GC(376) - age  15:     159824 bytes,    1239192 total
[2023-03-15T06:12:27.940+0000][69][gc,heap     ] GC(376) Eden regions: 23->0(24)
[2023-03-15T06:12:27.941+0000][69][gc,heap     ] GC(376) Survivor regions: 1->1(3)
[2023-03-15T06:12:27.941+0000][69][gc,heap     ] GC(376) Old regions: 24->24
[2023-03-15T06:12:27.941+0000][69][gc,heap     ] GC(376) Archive regions: 2->2
[2023-03-15T06:12:27.942+0000][69][gc,heap     ] GC(376) Humongous regions: 2->2
[2023-03-15T06:12:27.942+0000][69][gc,metaspace] GC(376) Metaspace: 138117K(141504K)->138117K(141504K) NonClass: 120600K(121792K)->120600K(121792K) Class: 17517K(19712K)->17517K(19712K)
[2023-03-15T06:12:27.943+0000][69][gc          ] GC(376) Pause Young (Normal) (G1 Evacuation Pause) 201M->108M(256M) 18.203ms
[2023-03-15T06:12:27.943+0000][69][gc,cpu      ] GC(376) User=0.01s Sys=0.00s Real=0.01s
[2023-03-15T06:12:27.944+0000][69][safepoint   ] Safepoint "G1CollectForAllocation", Time since last: 29340324800 ns, Reaching safepoint: 222288 ns, At safepoint: 19251650 ns, Total: 19473938 ns
[2023-03-15T06:12:45.952+0000][69][safepoint   ] Safepoint "Cleanup", Time since last: 18029761426 ns, Reaching safepoint: 116472 ns, At safepoint: 4013 ns, Total: 120485 ns
[2023-03-15T06:12:57.979+0000][69][gc,start    ] GC(377) Pause Young (Concurrent Start) (G1 Evacuation Pause)
[2023-03-15T06:12:57.979+0000][69][gc,task     ] GC(377) Using 4 workers of 4 for evacuation
[2023-03-15T06:12:57.980+0000][69][gc,age      ] GC(377) Desired survivor size 8388608 bytes, new threshold 15 (max threshold 15)
[2023-03-15T06:12:57.983+0000][69][gc,phases   ] GC(377)   Pre Evacuate Collection Set: 0.4ms
[2023-03-15T06:12:57.983+0000][69][gc,phases   ] GC(377)   Merge Heap Roots: 0.1ms
[2023-03-15T06:12:57.985+0000][69][gc,phases   ] GC(377)   Evacuate Collection Set: 1.4ms
[2023-03-15T06:12:57.985+0000][69][gc,phases   ] GC(377)   Post Evacuate Collection Set: 0.7ms
[2023-03-15T06:12:57.985+0000][69][gc,phases   ] GC(377)   Other: 1.3ms
[2023-03-15T06:12:57.986+0000][69][gc,age      ] GC(377) Age table with threshold 15 (max threshold 15)
[2023-03-15T06:12:57.986+0000][69][gc,age      ] GC(377) - age   1:    1226520 bytes,    1226520 total
[2023-03-15T06:12:57.987+0000][69][gc,age      ] GC(377) - age   2:       1296 bytes,    1227816 total
[2023-03-15T06:12:57.987+0000][69][gc,age      ] GC(377) - age   3:       1296 bytes,    1229112 total
[2023-03-15T06:12:57.988+0000][69][gc,age      ] GC(377) - age   4:       8128 bytes,    1237240 total
[2023-03-15T06:12:57.988+0000][69][gc,age      ] GC(377) - age   5:       9376 bytes,    1246616 total
[2023-03-15T06:12:57.989+0000][69][gc,age      ] GC(377) - age   6:      42360 bytes,    1288976 total
[2023-03-15T06:12:57.989+0000][69][gc,age      ] GC(377) - age   7:     107008 bytes,    1395984 total
[2023-03-15T06:12:57.990+0000][69][gc,age      ] GC(377) - age   8:       1072 bytes,    1397056 total
[2023-03-15T06:12:57.990+0000][69][gc,age      ] GC(377) - age   9:        296 bytes,    1397352 total
[2023-03-15T06:12:57.991+0000][69][gc,age      ] GC(377) - age  10:       3800 bytes,    1401152 total
[2023-03-15T06:12:57.991+0000][69][gc,age      ] GC(377) - age  11:        296 bytes,    1401448 total
[2023-03-15T06:12:57.992+0000][69][gc,age      ] GC(377) - age  12:       8512 bytes,    1409960 total
[2023-03-15T06:12:57.992+0000][69][gc,age      ] GC(377) - age  14:        232 bytes,    1410192 total
[2023-03-15T06:12:57.993+0000][69][gc,heap     ] GC(377) Eden regions: 24->0(24)
[2023-03-15T06:12:57.993+0000][69][gc,heap     ] GC(377) Survivor regions: 1->1(4)
[2023-03-15T06:12:57.994+0000][69][gc,heap     ] GC(377) Old regions: 24->24
[2023-03-15T06:12:57.994+0000][69][gc,heap     ] GC(377) Archive regions: 2->2
[2023-03-15T06:12:57.995+0000][69][gc,heap     ] GC(377) Humongous regions: 2->2
[2023-03-15T06:12:57.995+0000][69][gc,metaspace] GC(377) Metaspace: 138120K(141504K)->138120K(141504K) NonClass: 120602K(121792K)->120602K(121792K) Class: 17517K(19712K)->17517K(19712K)
[2023-03-15T06:12:57.996+0000][69][gc          ] GC(377) Pause Young (Concurrent Start) (G1 Evacuation Pause) 204M->108M(256M) 17.149ms
[2023-03-15T06:12:57.996+0000][69][gc,cpu      ] GC(377) User=0.01s Sys=0.00s Real=0.02s
[2023-03-15T06:12:57.996+0000][69][gc          ] GC(378) Concurrent Mark Cycle
[2023-03-15T06:12:57.997+0000][69][gc,marking  ] GC(378) Concurrent Clear Claimed Marks
[2023-03-15T06:12:57.997+0000][69][safepoint   ] Safepoint "G1CollectForAllocation", Time since last: 12026492728 ns, Reaching safepoint: 93046 ns, At safepoint: 18248537 ns, Total: 18341583 ns
[2023-03-15T06:12:57.998+0000][69][gc,marking  ] GC(378) Concurrent Clear Claimed Marks 0.685ms
[2023-03-15T06:12:57.999+0000][69][gc,marking  ] GC(378) Concurrent Scan Root Regions
[2023-03-15T06:12:58.001+0000][69][gc,marking  ] GC(378) Concurrent Scan Root Regions 2.649ms
[2023-03-15T06:12:58.002+0000][69][gc,marking  ] GC(378) Concurrent Mark
[2023-03-15T06:12:58.002+0000][69][gc,marking  ] GC(378) Concurrent Mark From Roots
[2023-03-15T06:12:58.003+0000][69][gc,task     ] GC(378) Using 1 workers of 1 for marking
[2023-03-15T06:12:58.118+0000][69][gc,marking  ] GC(378) Concurrent Mark From Roots 115.618ms
[2023-03-15T06:12:58.119+0000][69][gc,marking  ] GC(378) Concurrent Preclean
[2023-03-15T06:12:58.119+0000][69][gc,marking  ] GC(378) Concurrent Preclean 0.748ms
[2023-03-15T06:12:58.120+0000][69][gc,start    ] GC(378) Pause Remark
[2023-03-15T06:12:58.131+0000][69][gc          ] GC(378) Pause Remark 110M->110M(256M) 11.086ms
[2023-03-15T06:12:58.132+0000][69][gc,cpu      ] GC(378) User=0.03s Sys=0.00s Real=0.01s
[2023-03-15T06:12:58.132+0000][69][safepoint   ] Safepoint "G1PauseRemark", Time since last: 123126549 ns, Reaching safepoint: 114872 ns, At safepoint: 12206991 ns, Total: 12321863 ns
[2023-03-15T06:12:58.133+0000][69][gc,marking  ] GC(378) Concurrent Mark 131.374ms
[2023-03-15T06:12:58.134+0000][69][gc,marking  ] GC(378) Concurrent Rebuild Remembered Sets
[2023-03-15T06:12:58.184+0000][69][gc,marking  ] GC(378) Concurrent Rebuild Remembered Sets 50.108ms
[2023-03-15T06:12:58.185+0000][69][gc,start    ] GC(378) Pause Cleanup
[2023-03-15T06:12:58.186+0000][69][gc          ] GC(378) Pause Cleanup 113M->113M(256M) 0.636ms
[2023-03-15T06:12:58.186+0000][69][gc,cpu      ] GC(378) User=0.00s Sys=0.00s Real=0.00s
[2023-03-15T06:12:58.187+0000][69][safepoint   ] Safepoint "G1PauseCleanup", Time since last: 52619012 ns, Reaching safepoint: 245252 ns, At safepoint: 1694549 ns, Total: 1939801 ns
[2023-03-15T06:12:58.190+0000][69][gc,marking  ] GC(378) Concurrent Cleanup for Next Mark
[2023-03-15T06:12:58.191+0000][69][gc,marking  ] GC(378) Concurrent Cleanup for Next Mark 1.011ms
[2023-03-15T06:12:58.192+0000][69][gc          ] GC(378) Concurrent Mark Cycle 195.405ms
[2023-03-15T06:13:23.213+0000][69][safepoint   ] Safepoint "Cleanup", Time since last: 25047534568 ns, Reaching safepoint: 457654 ns, At safepoint: 11808 ns, Total: 469462 ns
[2023-03-15T06:13:30.344+0000][69][gc,start    ] GC(379) Pause Young (Normal) (G1 Evacuation Pause)
[2023-03-15T06:13:30.347+0000][69][gc,task     ] GC(379) Using 4 workers of 4 for evacuation
[2023-03-15T06:13:30.348+0000][69][gc,age      ] GC(379) Desired survivor size 8388608 bytes, new threshold 15 (max threshold 15)
[2023-03-15T06:13:30.355+0000][69][gc,phases   ] GC(379)   Pre Evacuate Collection Set: 0.3ms
[2023-03-15T06:13:30.357+0000][69][gc,phases   ] GC(379)   Merge Heap Roots: 0.3ms
[2023-03-15T06:13:30.358+0000][69][gc,phases   ] GC(379)   Evacuate Collection Set: 3.7ms
[2023-03-15T06:13:30.359+0000][69][gc,phases   ] GC(379)   Post Evacuate Collection Set: 1.3ms
[2023-03-15T06:13:30.360+0000][69][gc,phases   ] GC(379)   Other: 3.4ms
[2023-03-15T06:13:30.361+0000][69][gc,age      ] GC(379) Age table with threshold 15 (max threshold 15)
[2023-03-15T06:13:30.362+0000][69][gc,age      ] GC(379) - age   1:    1285952 bytes,    1285952 total
[2023-03-15T06:13:30.362+0000][69][gc,age      ] GC(379) - age   2:       2224 bytes,    1288176 total
[2023-03-15T06:13:30.363+0000][69][gc,age      ] GC(379) - age   3:        784 bytes,    1288960 total
[2023-03-15T06:13:30.364+0000][69][gc,age      ] GC(379) - age   4:       1168 bytes,    1290128 total
[2023-03-15T06:13:30.364+0000][69][gc,age      ] GC(379) - age   5:       8128 bytes,    1298256 total
[2023-03-15T06:13:30.365+0000][69][gc,age      ] GC(379) - age   6:       9376 bytes,    1307632 total
[2023-03-15T06:13:30.366+0000][69][gc,age      ] GC(379) - age   7:      42360 bytes,    1349992 total
[2023-03-15T06:13:30.366+0000][69][gc,age      ] GC(379) - age   8:     107008 bytes,    1457000 total
[2023-03-15T06:13:30.367+0000][69][gc,age      ] GC(379) - age   9:       1072 bytes,    1458072 total
[2023-03-15T06:13:30.368+0000][69][gc,age      ] GC(379) - age  10:        296 bytes,    1458368 total
[2023-03-15T06:13:30.369+0000][69][gc,age      ] GC(379) - age  11:       3800 bytes,    1462168 total
[2023-03-15T06:13:30.370+0000][69][gc,age      ] GC(379) - age  12:        296 bytes,    1462464 total
[2023-03-15T06:13:30.370+0000][69][gc,age      ] GC(379) - age  13:       8512 bytes,    1470976 total
[2023-03-15T06:13:30.371+0000][69][gc,age      ] GC(379) - age  15:        232 bytes,    1471208 total
[2023-03-15T06:13:30.371+0000][69][gc,heap     ] GC(379) Eden regions: 24->0(24)
[2023-03-15T06:13:30.372+0000][69][gc,heap     ] GC(379) Survivor regions: 1->1(4)
[2023-03-15T06:13:30.373+0000][69][gc,heap     ] GC(379) Old regions: 24->24
[2023-03-15T06:13:30.373+0000][69][gc,heap     ] GC(379) Archive regions: 2->2
[2023-03-15T06:13:30.374+0000][69][gc,heap     ] GC(379) Humongous regions: 2->2
[2023-03-15T06:13:30.375+0000][69][gc,metaspace] GC(379) Metaspace: 138120K(141504K)->138120K(141504K) NonClass: 120602K(121792K)->120602K(121792K) Class: 17517K(19712K)->17517K(19712K)
[2023-03-15T06:13:30.375+0000][69][gc          ] GC(379) Pause Young (Normal) (G1 Evacuation Pause) 204M->108M(256M) 30.931ms
[2023-03-15T06:13:30.377+0000][69][gc,cpu      ] GC(379) User=0.02s Sys=0.00s Real=0.03s
[2023-03-15T06:13:30.377+0000][69][safepoint   ] Safepoint "G1CollectForAllocation", Time since last: 7130752962 ns, Reaching safepoint: 289740 ns, At safepoint: 32948480 ns, Total: 33238220 ns
[2023-03-15T06:14:00.339+0000][69][gc,start    ] GC(380) Pause Young (Concurrent Start) (G1 Evacuation Pause)
[2023-03-15T06:14:00.340+0000][69][gc,task     ] GC(380) Using 4 workers of 4 for evacuation
[2023-03-15T06:14:00.341+0000][69][gc,age      ] GC(380) Desired survivor size 8388608 bytes, new threshold 15 (max threshold 15)
[2023-03-15T06:14:00.344+0000][69][gc,phases   ] GC(380)   Pre Evacuate Collection Set: 0.3ms
[2023-03-15T06:14:00.344+0000][69][gc,phases   ] GC(380)   Merge Heap Roots: 0.1ms
[2023-03-15T06:14:00.345+0000][69][gc,phases   ] GC(380)   Evacuate Collection Set: 1.3ms
[2023-03-15T06:14:00.345+0000][69][gc,phases   ] GC(380)   Post Evacuate Collection Set: 0.7ms
[2023-03-15T06:14:00.346+0000][69][gc,phases   ] GC(380)   Other: 1.2ms
[2023-03-15T06:14:00.347+0000][69][gc,age      ] GC(380) Age table with threshold 15 (max threshold 15)
[2023-03-15T06:14:00.347+0000][69][gc,age      ] GC(380) - age   1:     710168 bytes,     710168 total
[2023-03-15T06:14:00.348+0000][69][gc,age      ] GC(380) - age   2:       2352 bytes,     712520 total
[2023-03-15T06:14:00.348+0000][69][gc,age      ] GC(380) - age   3:       1016 bytes,     713536 total
[2023-03-15T06:14:00.349+0000][69][gc,age      ] GC(380) - age   4:        360 bytes,     713896 total
[2023-03-15T06:14:00.349+0000][69][gc,age      ] GC(380) - age   5:       1080 bytes,     714976 total
[2023-03-15T06:14:00.350+0000][69][gc,age      ] GC(380) - age   6:       8128 bytes,     723104 total
[2023-03-15T06:14:00.350+0000][69][gc,age      ] GC(380) - age   7:       9376 bytes,     732480 total
[2023-03-15T06:14:00.351+0000][69][gc,age      ] GC(380) - age   8:      42360 bytes,     774840 total
[2023-03-15T06:14:00.351+0000][69][gc,age      ] GC(380) - age   9:     107008 bytes,     881848 total
[2023-03-15T06:14:00.352+0000][69][gc,age      ] GC(380) - age  10:       1072 bytes,     882920 total
[2023-03-15T06:14:00.352+0000][69][gc,age      ] GC(380) - age  11:        296 bytes,     883216 total
[2023-03-15T06:14:00.353+0000][69][gc,age      ] GC(380) - age  12:       3800 bytes,     887016 total
[2023-03-15T06:14:00.353+0000][69][gc,age      ] GC(380) - age  13:        296 bytes,     887312 total
[2023-03-15T06:14:00.353+0000][69][gc,age      ] GC(380) - age  14:       8512 bytes,     895824 total
[2023-03-15T06:14:00.354+0000][69][gc,heap     ] GC(380) Eden regions: 24->0(24)
[2023-03-15T06:14:00.354+0000][69][gc,heap     ] GC(380) Survivor regions: 1->1(4)
[2023-03-15T06:14:00.355+0000][69][gc,heap     ] GC(380) Old regions: 24->24
[2023-03-15T06:14:00.355+0000][69][gc,heap     ] GC(380) Archive regions: 2->2
[2023-03-15T06:14:00.356+0000][69][gc,heap     ] GC(380) Humongous regions: 2->2
[2023-03-15T06:14:00.356+0000][69][gc,metaspace] GC(380) Metaspace: 138120K(141504K)->138120K(141504K) NonClass: 120602K(121792K)->120602K(121792K) Class: 17517K(19712K)->17517K(19712K)
[2023-03-15T06:14:00.357+0000][69][gc          ] GC(380) Pause Young (Concurrent Start) (G1 Evacuation Pause) 204M->108M(256M) 17.239ms
[2023-03-15T06:14:00.357+0000][69][gc,cpu      ] GC(380) User=0.00s Sys=0.00s Real=0.01s
[2023-03-15T06:14:00.358+0000][69][safepoint   ] Safepoint "G1CollectForAllocation", Time since last: 29983959422 ns, Reaching safepoint: 90094 ns, At safepoint: 18388234 ns, Total: 18478328 ns
[2023-03-15T06:14:00.357+0000][69][gc          ] GC(381) Concurrent Mark Cycle
[2023-03-15T06:14:00.359+0000][69][gc,marking  ] GC(381) Concurrent Clear Claimed Marks
[2023-03-15T06:14:00.360+0000][69][gc,marking  ] GC(381) Concurrent Clear Claimed Marks 0.914ms
[2023-03-15T06:14:00.361+0000][69][gc,marking  ] GC(381) Concurrent Scan Root Regions
[2023-03-15T06:14:00.364+0000][69][gc,marking  ] GC(381) Concurrent Scan Root Regions 2.626ms
[2023-03-15T06:14:00.365+0000][69][gc,marking  ] GC(381) Concurrent Mark
[2023-03-15T06:14:00.366+0000][69][gc,marking  ] GC(381) Concurrent Mark From Roots
[2023-03-15T06:14:00.366+0000][69][gc,task     ] GC(381) Using 1 workers of 1 for marking
[2023-03-15T06:14:00.475+0000][69][gc,marking  ] GC(381) Concurrent Mark From Roots 108.886ms
[2023-03-15T06:14:00.476+0000][69][gc,marking  ] GC(381) Concurrent Preclean
[2023-03-15T06:14:00.477+0000][69][gc,marking  ] GC(381) Concurrent Preclean 0.850ms
[2023-03-15T06:14:00.478+0000][69][gc,start    ] GC(381) Pause Remark
[2023-03-15T06:14:00.488+0000][69][gc          ] GC(381) Pause Remark 109M->109M(256M) 10.147ms
[2023-03-15T06:14:00.489+0000][69][gc,cpu      ] GC(381) User=0.03s Sys=0.00s Real=0.02s
[2023-03-15T06:14:00.490+0000][69][safepoint   ] Safepoint "G1PauseRemark", Time since last: 119702859 ns, Reaching safepoint: 162154 ns, At safepoint: 12245479 ns, Total: 12407633 ns
[2023-03-15T06:14:00.491+0000][69][gc,marking  ] GC(381) Concurrent Mark 125.743ms
[2023-03-15T06:14:00.491+0000][69][gc,marking  ] GC(381) Concurrent Rebuild Remembered Sets
[2023-03-15T06:14:00.543+0000][69][gc,marking  ] GC(381) Concurrent Rebuild Remembered Sets 51.947ms
[2023-03-15T06:14:00.544+0000][69][gc,start    ] GC(381) Pause Cleanup
[2023-03-15T06:14:00.546+0000][69][gc          ] GC(381) Pause Cleanup 109M->109M(256M) 1.109ms
[2023-03-15T06:14:00.546+0000][69][gc,cpu      ] GC(381) User=0.00s Sys=0.00s Real=0.00s
[2023-03-15T06:14:00.547+0000][69][safepoint   ] Safepoint "G1PauseCleanup", Time since last: 54354442 ns, Reaching safepoint: 98794 ns, At safepoint: 2417309 ns, Total: 2516103 ns
[2023-03-15T06:14:00.547+0000][69][gc,marking  ] GC(381) Concurrent Cleanup for Next Mark
[2023-03-15T06:14:00.548+0000][69][gc,marking  ] GC(381) Concurrent Cleanup for Next Mark 0.850ms
[2023-03-15T06:14:00.549+0000][69][gc          ] GC(381) Concurrent Mark Cycle 191.563ms
[2023-03-15T06:14:34.235+0000][69][gc,start    ] GC(382) Pause Young (Normal) (G1 Evacuation Pause)
[2023-03-15T06:14:34.236+0000][69][gc,task     ] GC(382) Using 4 workers of 4 for evacuation
[2023-03-15T06:14:34.236+0000][69][gc,age      ] GC(382) Desired survivor size 8388608 bytes, new threshold 15 (max threshold 15)
[2023-03-15T06:14:34.241+0000][69][gc,phases   ] GC(382)   Pre Evacuate Collection Set: 0.2ms
[2023-03-15T06:14:34.242+0000][69][gc,phases   ] GC(382)   Merge Heap Roots: 0.2ms
[2023-03-15T06:14:34.243+0000][69][gc,phases   ] GC(382)   Evacuate Collection Set: 2.7ms
[2023-03-15T06:14:34.243+0000][69][gc,phases   ] GC(382)   Post Evacuate Collection Set: 1.0ms
[2023-03-15T06:14:34.244+0000][69][gc,phases   ] GC(382)   Other: 1.6ms
[2023-03-15T06:14:34.244+0000][69][gc,age      ] GC(382) Age table with threshold 15 (max threshold 15)
[2023-03-15T06:14:34.245+0000][69][gc,age      ] GC(382) - age   1:     731776 bytes,     731776 total
[2023-03-15T06:14:34.246+0000][69][gc,age      ] GC(382) - age   2:       2016 bytes,     733792 total
[2023-03-15T06:14:34.247+0000][69][gc,age      ] GC(382) - age   3:        440 bytes,     734232 total
[2023-03-15T06:14:34.247+0000][69][gc,age      ] GC(382) - age   4:        760 bytes,     734992 total
[2023-03-15T06:14:34.248+0000][69][gc,age      ] GC(382) - age   5:        296 bytes,     735288 total
[2023-03-15T06:14:34.248+0000][69][gc,age      ] GC(382) - age   6:        784 bytes,     736072 total
[2023-03-15T06:14:34.249+0000][69][gc,age      ] GC(382) - age   7:       8128 bytes,     744200 total
[2023-03-15T06:14:34.249+0000][69][gc,age      ] GC(382) - age   8:       9376 bytes,     753576 total
[2023-03-15T06:14:34.250+0000][69][gc,age      ] GC(382) - age   9:      42360 bytes,     795936 total
[2023-03-15T06:14:34.250+0000][69][gc,age      ] GC(382) - age  10:     107008 bytes,     902944 total
[2023-03-15T06:14:34.251+0000][69][gc,age      ] GC(382) - age  11:       1072 bytes,     904016 total
[2023-03-15T06:14:34.251+0000][69][gc,age      ] GC(382) - age  12:        296 bytes,     904312 total
[2023-03-15T06:14:34.252+0000][69][gc,age      ] GC(382) - age  13:       3800 bytes,     908112 total
[2023-03-15T06:14:34.253+0000][69][gc,age      ] GC(382) - age  14:        296 bytes,     908408 total
[2023-03-15T06:14:34.254+0000][69][gc,age      ] GC(382) - age  15:       8512 bytes,     916920 total
[2023-03-15T06:14:34.254+0000][69][gc,heap     ] GC(382) Eden regions: 24->0(24)
[2023-03-15T06:14:34.255+0000][69][gc,heap     ] GC(382) Survivor regions: 1->1(4)
[2023-03-15T06:14:34.255+0000][69][gc,heap     ] GC(382) Old regions: 24->24
[2023-03-15T06:14:34.256+0000][69][gc,heap     ] GC(382) Archive regions: 2->2
[2023-03-15T06:14:34.256+0000][69][gc,heap     ] GC(382) Humongous regions: 2->2
[2023-03-15T06:14:34.257+0000][69][gc,metaspace] GC(382) Metaspace: 138120K(141504K)->138120K(141504K) NonClass: 120602K(121792K)->120602K(121792K) Class: 17517K(19712K)->17517K(19712K)
[2023-03-15T06:14:34.257+0000][69][gc          ] GC(382) Pause Young (Normal) (G1 Evacuation Pause) 204M->108M(256M) 22.170ms
[2023-03-15T06:14:34.258+0000][69][gc,cpu      ] GC(382) User=0.01s Sys=0.00s Real=0.02s
[2023-03-15T06:14:34.258+0000][69][safepoint   ] Safepoint "G1CollectForAllocation", Time since last: 33708822185 ns, Reaching safepoint: 102405 ns, At safepoint: 23142895 ns, Total: 23245300 ns
[2023-03-15T06:14:40.267+0000][69][safepoint   ] Safepoint "Cleanup", Time since last: 6008023103 ns, Reaching safepoint: 616147 ns, At safepoint: 43526 ns, Total: 659673 ns
[2023-03-15T06:15:00.976+0000][69][gc,start    ] GC(383) Pause Young (Concurrent Start) (G1 Evacuation Pause)
[2023-03-15T06:15:00.978+0000][69][gc,task     ] GC(383) Using 4 workers of 4 for evacuation
[2023-03-15T06:15:00.979+0000][69][gc,age      ] GC(383) Desired survivor size 8388608 bytes, new threshold 15 (max threshold 15)
[2023-03-15T06:15:00.985+0000][69][gc,phases   ] GC(383)   Pre Evacuate Collection Set: 0.6ms
[2023-03-15T06:15:00.986+0000][69][gc,phases   ] GC(383)   Merge Heap Roots: 0.2ms
[2023-03-15T06:15:00.986+0000][69][gc,phases   ] GC(383)   Evacuate Collection Set: 2.1ms
[2023-03-15T06:15:00.987+0000][69][gc,phases   ] GC(383)   Post Evacuate Collection Set: 1.4ms
[2023-03-15T06:15:00.988+0000][69][gc,phases   ] GC(383)   Other: 2.4ms
[2023-03-15T06:15:00.989+0000][69][gc,age      ] GC(383) Age table with threshold 15 (max threshold 15)
[2023-03-15T06:15:00.989+0000][69][gc,age      ] GC(383) - age   1:    1392768 bytes,    1392768 total
[2023-03-15T06:15:00.990+0000][69][gc,age      ] GC(383) - age   2:       2232 bytes,    1395000 total
[2023-03-15T06:15:00.990+0000][69][gc,age      ] GC(383) - age   3:        936 bytes,    1395936 total
[2023-03-15T06:15:00.991+0000][69][gc,age      ] GC(383) - age   4:        184 bytes,    1396120 total
[2023-03-15T06:15:00.991+0000][69][gc,age      ] GC(383) - age   5:        616 bytes,    1396736 total
[2023-03-15T06:15:00.992+0000][69][gc,age      ] GC(383) - age   7:        784 bytes,    1397520 total
[2023-03-15T06:15:00.993+0000][69][gc,age      ] GC(383) - age   8:        112 bytes,    1397632 total
[2023-03-15T06:15:00.993+0000][69][gc,age      ] GC(383) - age   9:       8512 bytes,    1406144 total
[2023-03-15T06:15:00.994+0000][69][gc,age      ] GC(383) - age  10:       9488 bytes,    1415632 total
[2023-03-15T06:15:00.994+0000][69][gc,age      ] GC(383) - age  11:      25152 bytes,    1440784 total
[2023-03-15T06:15:00.995+0000][69][gc,age      ] GC(383) - age  12:       1072 bytes,    1441856 total
[2023-03-15T06:15:00.995+0000][69][gc,age      ] GC(383) - age  13:        168 bytes,    1442024 total
[2023-03-15T06:15:00.996+0000][69][gc,age      ] GC(383) - age  14:       3800 bytes,    1445824 total
[2023-03-15T06:15:00.996+0000][69][gc,age      ] GC(383) - age  15:        296 bytes,    1446120 total
[2023-03-15T06:15:00.997+0000][69][gc,heap     ] GC(383) Eden regions: 24->0(24)
[2023-03-15T06:15:00.997+0000][69][gc,heap     ] GC(383) Survivor regions: 1->1(4)
[2023-03-15T06:15:00.998+0000][69][gc,heap     ] GC(383) Old regions: 24->24
[2023-03-15T06:15:00.998+0000][69][gc,heap     ] GC(383) Archive regions: 2->2
[2023-03-15T06:15:00.999+0000][69][gc,heap     ] GC(383) Humongous regions: 2->2
[2023-03-15T06:15:01.000+0000][69][gc,metaspace] GC(383) Metaspace: 138121K(141504K)->138121K(141504K) NonClass: 120603K(121792K)->120603K(121792K) Class: 17517K(19712K)->17517K(19712K)
[2023-03-15T06:15:01.000+0000][69][gc          ] GC(383) Pause Young (Concurrent Start) (G1 Evacuation Pause) 204M->108M(256M) 23.653ms
[2023-03-15T06:15:01.001+0000][69][gc,cpu      ] GC(383) User=0.01s Sys=0.00s Real=0.02s
[2023-03-15T06:15:01.001+0000][69][gc          ] GC(384) Concurrent Mark Cycle
[2023-03-15T06:15:01.001+0000][69][safepoint   ] Safepoint "G1CollectForAllocation", Time since last: 20731465289 ns, Reaching safepoint: 263295 ns, At safepoint: 24707664 ns, Total: 24970959 ns
[2023-03-15T06:15:01.002+0000][69][gc,marking  ] GC(384) Concurrent Clear Claimed Marks
[2023-03-15T06:15:01.003+0000][69][gc,marking  ] GC(384) Concurrent Clear Claimed Marks 1.098ms
[2023-03-15T06:15:01.003+0000][69][gc,marking  ] GC(384) Concurrent Scan Root Regions
[2023-03-15T06:15:01.007+0000][69][gc,marking  ] GC(384) Concurrent Scan Root Regions 3.178ms
[2023-03-15T06:15:01.007+0000][69][gc,marking  ] GC(384) Concurrent Mark
[2023-03-15T06:15:01.007+0000][69][gc,marking  ] GC(384) Concurrent Mark From Roots
[2023-03-15T06:15:01.008+0000][69][gc,task     ] GC(384) Using 1 workers of 1 for marking
[2023-03-15T06:15:01.116+0000][69][gc,marking  ] GC(384) Concurrent Mark From Roots 108.718ms
[2023-03-15T06:15:01.117+0000][69][gc,marking  ] GC(384) Concurrent Preclean
[2023-03-15T06:15:01.118+0000][69][gc,marking  ] GC(384) Concurrent Preclean 1.085ms
[2023-03-15T06:15:01.119+0000][69][gc,start    ] GC(384) Pause Remark
[2023-03-15T06:15:01.129+0000][69][gc          ] GC(384) Pause Remark 110M->110M(256M) 9.647ms
[2023-03-15T06:15:01.130+0000][69][gc,cpu      ] GC(384) User=0.03s Sys=0.00s Real=0.01s
[2023-03-15T06:15:01.130+0000][69][safepoint   ] Safepoint "G1PauseRemark", Time since last: 118016931 ns, Reaching safepoint: 89285 ns, At safepoint: 11103253 ns, Total: 11192538 ns
[2023-03-15T06:15:01.131+0000][69][gc,marking  ] GC(384) Concurrent Mark 124.048ms
[2023-03-15T06:15:01.131+0000][69][gc,marking  ] GC(384) Concurrent Rebuild Remembered Sets
[2023-03-15T06:15:01.181+0000][69][gc,marking  ] GC(384) Concurrent Rebuild Remembered Sets 49.942ms
[2023-03-15T06:15:01.186+0000][69][gc,start    ] GC(384) Pause Cleanup
[2023-03-15T06:15:01.187+0000][69][gc          ] GC(384) Pause Cleanup 110M->110M(256M) 0.688ms
[2023-03-15T06:15:01.187+0000][69][gc,cpu      ] GC(384) User=0.00s Sys=0.00s Real=0.00s
[2023-03-15T06:15:01.188+0000][69][safepoint   ] Safepoint "G1PauseCleanup", Time since last: 52699188 ns, Reaching safepoint: 3086450 ns, At safepoint: 1946053 ns, Total: 5032503 ns
[2023-03-15T06:15:01.188+0000][69][gc,marking  ] GC(384) Concurrent Cleanup for Next Mark
[2023-03-15T06:15:01.189+0000][69][gc,marking  ] GC(384) Concurrent Cleanup for Next Mark 0.683ms
[2023-03-15T06:15:01.190+0000][69][gc          ] GC(384) Concurrent Mark Cycle 189.045ms
[2023-03-15T06:15:17.183+0000][69][safepoint   ] Safepoint "Cleanup", Time since last: 16017919667 ns, Reaching safepoint: 121428 ns, At safepoint: 3573 ns, Total: 125001 ns
[2023-03-15T06:15:34.199+0000][69][gc,start    ] GC(385) Pause Young (Normal) (G1 Evacuation Pause)
[2023-03-15T06:15:34.199+0000][69][gc,task     ] GC(385) Using 4 workers of 4 for evacuation
[2023-03-15T06:15:34.200+0000][69][gc,age      ] GC(385) Desired survivor size 8388608 bytes, new threshold 15 (max threshold 15)
[2023-03-15T06:15:34.203+0000][69][gc,phases   ] GC(385)   Pre Evacuate Collection Set: 0.1ms
[2023-03-15T06:15:34.204+0000][69][gc,phases   ] GC(385)   Merge Heap Roots: 0.1ms
[2023-03-15T06:15:34.204+0000][69][gc,phases   ] GC(385)   Evacuate Collection Set: 1.7ms
[2023-03-15T06:15:34.205+0000][69][gc,phases   ] GC(385)   Post Evacuate Collection Set: 0.7ms
[2023-03-15T06:15:34.205+0000][69][gc,phases   ] GC(385)   Other: 1.0ms
[2023-03-15T06:15:34.206+0000][69][gc,age      ] GC(385) Age table with threshold 15 (max threshold 15)
[2023-03-15T06:15:34.206+0000][69][gc,age      ] GC(385) - age   1:    1473416 bytes,    1473416 total
[2023-03-15T06:15:34.207+0000][69][gc,age      ] GC(385) - age   2:     298360 bytes,    1771776 total
[2023-03-15T06:15:34.207+0000][69][gc,age      ] GC(385) - age   3:        792 bytes,    1772568 total
[2023-03-15T06:15:34.208+0000][69][gc,age      ] GC(385) - age   4:        744 bytes,    1773312 total
[2023-03-15T06:15:34.208+0000][69][gc,age      ] GC(385) - age   5:         96 bytes,    1773408 total
[2023-03-15T06:15:34.208+0000][69][gc,age      ] GC(385) - age   6:        552 bytes,    1773960 total
[2023-03-15T06:15:34.209+0000][69][gc,age      ] GC(385) - age   8:        784 bytes,    1774744 total
[2023-03-15T06:15:34.209+0000][69][gc,age      ] GC(385) - age   9:        112 bytes,    1774856 total
[2023-03-15T06:15:34.209+0000][69][gc,age      ] GC(385) - age  10:       8512 bytes,    1783368 total
[2023-03-15T06:15:34.210+0000][69][gc,age      ] GC(385) - age  11:       9424 bytes,    1792792 total
[2023-03-15T06:15:34.210+0000][69][gc,age      ] GC(385) - age  12:      25152 bytes,    1817944 total
[2023-03-15T06:15:34.211+0000][69][gc,age      ] GC(385) - age  13:       1072 bytes,    1819016 total
[2023-03-15T06:15:34.211+0000][69][gc,age      ] GC(385) - age  14:        168 bytes,    1819184 total
[2023-03-15T06:15:34.211+0000][69][gc,age      ] GC(385) - age  15:       3800 bytes,    1822984 total
[2023-03-15T06:15:34.212+0000][69][gc,heap     ] GC(385) Eden regions: 24->0(24)
[2023-03-15T06:15:34.212+0000][69][gc,heap     ] GC(385) Survivor regions: 1->1(4)
[2023-03-15T06:15:34.212+0000][69][gc,heap     ] GC(385) Old regions: 24->24
[2023-03-15T06:15:34.213+0000][69][gc,heap     ] GC(385) Archive regions: 2->2
[2023-03-15T06:15:34.213+0000][69][gc,heap     ] GC(385) Humongous regions: 2->2
[2023-03-15T06:15:34.214+0000][69][gc,metaspace] GC(385) Metaspace: 138121K(141504K)->138121K(141504K) NonClass: 120603K(121792K)->120603K(121792K) Class: 17517K(19712K)->17517K(19712K)
[2023-03-15T06:15:34.214+0000][69][gc          ] GC(385) Pause Young (Normal) (G1 Evacuation Pause) 204M->109M(256M) 15.250ms
[2023-03-15T06:15:34.214+0000][69][gc,cpu      ] GC(385) User=0.01s Sys=0.00s Real=0.02s
[2023-03-15T06:15:34.215+0000][69][safepoint   ] Safepoint "G1CollectForAllocation", Time since last: 17015699104 ns, Reaching safepoint: 69728 ns, At safepoint: 16217026 ns, Total: 16286754 ns
[2023-03-15T06:15:53.195+0000][69][safepoint   ] Safepoint "Cleanup", Time since last: 19032803667 ns, Reaching safepoint: 494731 ns, At safepoint: 25297 ns, Total: 520028 ns
[2023-03-15T06:16:04.322+0000][69][gc,start    ] GC(386) Pause Young (Concurrent Start) (G1 Evacuation Pause)
[2023-03-15T06:16:04.324+0000][69][gc,task     ] GC(386) Using 4 workers of 4 for evacuation
[2023-03-15T06:16:04.324+0000][69][gc,age      ] GC(386) Desired survivor size 8388608 bytes, new threshold 15 (max threshold 15)
[2023-03-15T06:16:04.331+0000][69][gc,phases   ] GC(386)   Pre Evacuate Collection Set: 0.7ms
[2023-03-15T06:16:04.332+0000][69][gc,phases   ] GC(386)   Merge Heap Roots: 0.2ms
[2023-03-15T06:16:04.332+0000][69][gc,phases   ] GC(386)   Evacuate Collection Set: 4.0ms
[2023-03-15T06:16:04.333+0000][69][gc,phases   ] GC(386)   Post Evacuate Collection Set: 1.3ms
[2023-03-15T06:16:04.333+0000][69][gc,phases   ] GC(386)   Other: 1.3ms
[2023-03-15T06:16:04.334+0000][69][gc,age      ] GC(386) Age table with threshold 15 (max threshold 15)
[2023-03-15T06:16:04.335+0000][69][gc,age      ] GC(386) - age   1:    2014688 bytes,    2014688 total
[2023-03-15T06:16:04.335+0000][69][gc,age      ] GC(386) - age   2:      17752 bytes,    2032440 total
[2023-03-15T06:16:04.336+0000][69][gc,age      ] GC(386) - age   3:     288504 bytes,    2320944 total
[2023-03-15T06:16:04.337+0000][69][gc,age      ] GC(386) - age   4:        504 bytes,    2321448 total
[2023-03-15T06:16:04.337+0000][69][gc,age      ] GC(386) - age   5:        504 bytes,    2321952 total
[2023-03-15T06:16:04.337+0000][69][gc,age      ] GC(386) - age   6:         32 bytes,    2321984 total
[2023-03-15T06:16:04.338+0000][69][gc,age      ] GC(386) - age   7:        552 bytes,    2322536 total
[2023-03-15T06:16:04.339+0000][69][gc,age      ] GC(386) - age   9:        784 bytes,    2323320 total
[2023-03-15T06:16:04.339+0000][69][gc,age      ] GC(386) - age  10:        112 bytes,    2323432 total
[2023-03-15T06:16:04.339+0000][69][gc,age      ] GC(386) - age  11:       8512 bytes,    2331944 total
[2023-03-15T06:16:04.340+0000][69][gc,age      ] GC(386) - age  12:       9424 bytes,    2341368 total
[2023-03-15T06:16:04.340+0000][69][gc,age      ] GC(386) - age  13:      25152 bytes,    2366520 total
[2023-03-15T06:16:04.341+0000][69][gc,age      ] GC(386) - age  14:       1072 bytes,    2367592 total
[2023-03-15T06:16:04.341+0000][69][gc,age      ] GC(386) - age  15:        168 bytes,    2367760 total
[2023-03-15T06:16:04.342+0000][69][gc,heap     ] GC(386) Eden regions: 24->0(23)
[2023-03-15T06:16:04.343+0000][69][gc,heap     ] GC(386) Survivor regions: 1->1(4)
[2023-03-15T06:16:04.343+0000][69][gc,heap     ] GC(386) Old regions: 24->24
[2023-03-15T06:16:04.344+0000][69][gc,heap     ] GC(386) Archive regions: 2->2
[2023-03-15T06:16:04.344+0000][69][gc,heap     ] GC(386) Humongous regions: 2->2
[2023-03-15T06:16:04.344+0000][69][gc,metaspace] GC(386) Metaspace: 138121K(141504K)->138121K(141504K) NonClass: 120603K(121792K)->120603K(121792K) Class: 17517K(19712K)->17517K(19712K)
[2023-03-15T06:16:04.345+0000][69][gc          ] GC(386) Pause Young (Concurrent Start) (G1 Evacuation Pause) 205M->109M(256M) 22.617ms
[2023-03-15T06:16:04.346+0000][69][gc          ] GC(387) Concurrent Mark Cycle
[2023-03-15T06:16:04.346+0000][69][gc,cpu      ] GC(386) User=0.01s Sys=0.00s Real=0.02s
[2023-03-15T06:16:04.346+0000][69][gc,marking  ] GC(387) Concurrent Clear Claimed Marks
[2023-03-15T06:16:04.347+0000][69][safepoint   ] Safepoint "G1CollectForAllocation", Time since last: 11126877813 ns, Reaching safepoint: 83365 ns, At safepoint: 24433606 ns, Total: 24516971 ns
[2023-03-15T06:16:04.347+0000][69][gc,marking  ] GC(387) Concurrent Clear Claimed Marks 1.273ms
[2023-03-15T06:16:04.349+0000][69][gc,marking  ] GC(387) Concurrent Scan Root Regions
[2023-03-15T06:16:04.353+0000][69][gc,marking  ] GC(387) Concurrent Scan Root Regions 4.371ms
[2023-03-15T06:16:04.354+0000][69][gc,marking  ] GC(387) Concurrent Mark
[2023-03-15T06:16:04.355+0000][69][gc,marking  ] GC(387) Concurrent Mark From Roots
[2023-03-15T06:16:04.355+0000][69][gc,task     ] GC(387) Using 1 workers of 1 for marking
[2023-03-15T06:16:04.494+0000][69][gc,marking  ] GC(387) Concurrent Mark From Roots 139.203ms
[2023-03-15T06:16:04.495+0000][69][gc,marking  ] GC(387) Concurrent Preclean
[2023-03-15T06:16:04.496+0000][69][gc,marking  ] GC(387) Concurrent Preclean 1.171ms
[2023-03-15T06:16:04.497+0000][69][gc,start    ] GC(387) Pause Remark
[2023-03-15T06:16:04.514+0000][69][gc          ] GC(387) Pause Remark 112M->112M(256M) 16.856ms
[2023-03-15T06:16:04.515+0000][69][gc,cpu      ] GC(387) User=0.06s Sys=0.00s Real=0.02s
[2023-03-15T06:16:04.516+0000][69][safepoint   ] Safepoint "G1PauseRemark", Time since last: 150147181 ns, Reaching safepoint: 81044 ns, At safepoint: 19092529 ns, Total: 19173573 ns
[2023-03-15T06:16:04.517+0000][69][gc,marking  ] GC(387) Concurrent Mark 162.456ms
[2023-03-15T06:16:04.517+0000][69][gc,marking  ] GC(387) Concurrent Rebuild Remembered Sets
[2023-03-15T06:16:04.579+0000][69][gc,marking  ] GC(387) Concurrent Rebuild Remembered Sets 61.438ms
[2023-03-15T06:16:04.580+0000][69][gc,start    ] GC(387) Pause Cleanup
[2023-03-15T06:16:04.581+0000][69][gc          ] GC(387) Pause Cleanup 112M->112M(256M) 0.780ms
[2023-03-15T06:16:04.581+0000][69][gc,cpu      ] GC(387) User=0.00s Sys=0.00s Real=0.00s
[2023-03-15T06:16:04.582+0000][69][safepoint   ] Safepoint "G1PauseCleanup", Time since last: 63706904 ns, Reaching safepoint: 99182 ns, At safepoint: 2567055 ns, Total: 2666237 ns
[2023-03-15T06:16:04.584+0000][69][gc,marking  ] GC(387) Concurrent Cleanup for Next Mark
[2023-03-15T06:16:04.585+0000][69][gc,marking  ] GC(387) Concurrent Cleanup for Next Mark 1.577ms
[2023-03-15T06:16:04.587+0000][69][gc          ] GC(387) Concurrent Mark Cycle 241.166ms
[2023-03-15T06:16:22.574+0000][69][safepoint   ] Safepoint "Cleanup", Time since last: 18016887186 ns, Reaching safepoint: 399937 ns, At safepoint: 192885 ns, Total: 592822 ns
[2023-03-15T06:16:39.914+0000][69][gc,start    ] GC(388) Pause Young (Normal) (G1 Evacuation Pause)
[2023-03-15T06:16:39.916+0000][69][gc,task     ] GC(388) Using 4 workers of 4 for evacuation
[2023-03-15T06:16:39.917+0000][69][gc,age      ] GC(388) Desired survivor size 6291456 bytes, new threshold 15 (max threshold 15)
[2023-03-15T06:16:39.924+0000][69][gc,phases   ] GC(388)   Pre Evacuate Collection Set: 0.3ms
[2023-03-15T06:16:39.924+0000][69][gc,phases   ] GC(388)   Merge Heap Roots: 0.1ms
[2023-03-15T06:16:39.925+0000][69][gc,phases   ] GC(388)   Evacuate Collection Set: 3.3ms
[2023-03-15T06:16:39.926+0000][69][gc,phases   ] GC(388)   Post Evacuate Collection Set: 1.5ms
[2023-03-15T06:16:39.927+0000][69][gc,phases   ] GC(388)   Other: 2.5ms
[2023-03-15T06:16:39.927+0000][69][gc,age      ] GC(388) Age table with threshold 15 (max threshold 15)
[2023-03-15T06:16:39.928+0000][69][gc,age      ] GC(388) - age   1:     535064 bytes,     535064 total
[2023-03-15T06:16:39.928+0000][69][gc,age      ] GC(388) - age   2:      20656 bytes,     555720 total
[2023-03-15T06:16:39.929+0000][69][gc,age      ] GC(388) - age   3:      16992 bytes,     572712 total
[2023-03-15T06:16:39.930+0000][69][gc,age      ] GC(388) - age   4:     288248 bytes,     860960 total
[2023-03-15T06:16:39.930+0000][69][gc,age      ] GC(388) - age   5:        440 bytes,     861400 total
[2023-03-15T06:16:39.931+0000][69][gc,age      ] GC(388) - age   6:        208 bytes,     861608 total
[2023-03-15T06:16:39.932+0000][69][gc,age      ] GC(388) - age   7:         32 bytes,     861640 total
[2023-03-15T06:16:39.932+0000][69][gc,age      ] GC(388) - age   8:        552 bytes,     862192 total
[2023-03-15T06:16:39.933+0000][69][gc,age      ] GC(388) - age  10:        784 bytes,     862976 total
[2023-03-15T06:16:39.933+0000][69][gc,age      ] GC(388) - age  11:        112 bytes,     863088 total
[2023-03-15T06:16:39.934+0000][69][gc,age      ] GC(388) - age  12:       8512 bytes,     871600 total
[2023-03-15T06:16:39.935+0000][69][gc,age      ] GC(388) - age  13:       9360 bytes,     880960 total
[2023-03-15T06:16:39.935+0000][69][gc,age      ] GC(388) - age  14:      24992 bytes,     905952 total
[2023-03-15T06:16:39.936+0000][69][gc,age      ] GC(388) - age  15:       1072 bytes,     907024 total
[2023-03-15T06:16:39.936+0000][69][gc,heap     ] GC(388) Eden regions: 23->0(24)
[2023-03-15T06:16:39.937+0000][69][gc,heap     ] GC(388) Survivor regions: 1->1(3)
[2023-03-15T06:16:39.937+0000][69][gc,heap     ] GC(388) Old regions: 24->24
[2023-03-15T06:16:39.938+0000][69][gc,heap     ] GC(388) Archive regions: 2->2
[2023-03-15T06:16:39.938+0000][69][gc,heap     ] GC(388) Humongous regions: 2->2
[2023-03-15T06:16:39.939+0000][69][gc,metaspace] GC(388) Metaspace: 138121K(141504K)->138121K(141504K) NonClass: 120604K(121792K)->120604K(121792K) Class: 17517K(19712K)->17517K(19712K)
[2023-03-15T06:16:39.939+0000][69][gc          ] GC(388) Pause Young (Normal) (G1 Evacuation Pause) 201M->108M(256M) 25.241ms
[2023-03-15T06:16:39.940+0000][69][gc,cpu      ] GC(388) User=0.01s Sys=0.00s Real=0.02s
[2023-03-15T06:16:39.940+0000][69][safepoint   ] Safepoint "G1CollectForAllocation", Time since last: 17339603353 ns, Reaching safepoint: 131361 ns, At safepoint: 26473889 ns, Total: 26605250 ns
[2023-03-15T06:17:04.946+0000][69][safepoint   ] Safepoint "Cleanup", Time since last: 25028572471 ns, Reaching safepoint: 196130 ns, At safepoint: 9974 ns, Total: 206104 ns
[2023-03-15T06:17:09.909+0000][69][gc,start    ] GC(389) Pause Young (Concurrent Start) (G1 Evacuation Pause)
[2023-03-15T06:17:09.911+0000][69][gc,task     ] GC(389) Using 4 workers of 4 for evacuation
[2023-03-15T06:17:09.912+0000][69][gc,age      ] GC(389) Desired survivor size 8388608 bytes, new threshold 15 (max threshold 15)
[2023-03-15T06:17:09.922+0000][69][gc,phases   ] GC(389)   Pre Evacuate Collection Set: 0.5ms
[2023-03-15T06:17:09.923+0000][69][gc,phases   ] GC(389)   Merge Heap Roots: 0.3ms
[2023-03-15T06:17:09.924+0000][69][gc,phases   ] GC(389)   Evacuate Collection Set: 5.5ms
[2023-03-15T06:17:09.925+0000][69][gc,phases   ] GC(389)   Post Evacuate Collection Set: 1.2ms
[2023-03-15T06:17:09.925+0000][69][gc,phases   ] GC(389)   Other: 3.4ms
[2023-03-15T06:17:09.926+0000][69][gc,age      ] GC(389) Age table with threshold 15 (max threshold 15)
[2023-03-15T06:17:09.927+0000][69][gc,age      ] GC(389) - age   1:     962240 bytes,     962240 total
[2023-03-15T06:17:09.927+0000][69][gc,age      ] GC(389) - age   2:      19496 bytes,     981736 total
[2023-03-15T06:17:09.928+0000][69][gc,age      ] GC(389) - age   3:      18552 bytes,    1000288 total
[2023-03-15T06:17:09.928+0000][69][gc,age      ] GC(389) - age   4:      16440 bytes,    1016728 total
[2023-03-15T06:17:09.929+0000][69][gc,age      ] GC(389) - age   5:     283920 bytes,    1300648 total
[2023-03-15T06:17:09.929+0000][69][gc,age      ] GC(389) - age   6:        440 bytes,    1301088 total
[2023-03-15T06:17:09.930+0000][69][gc,age      ] GC(389) - age   7:        208 bytes,    1301296 total
[2023-03-15T06:17:09.931+0000][69][gc,age      ] GC(389) - age   9:        552 bytes,    1301848 total
[2023-03-15T06:17:09.932+0000][69][gc,age      ] GC(389) - age  11:        784 bytes,    1302632 total
[2023-03-15T06:17:09.933+0000][69][gc,age      ] GC(389) - age  12:        112 bytes,    1302744 total
[2023-03-15T06:17:09.934+0000][69][gc,age      ] GC(389) - age  13:       8512 bytes,    1311256 total
[2023-03-15T06:17:09.934+0000][69][gc,age      ] GC(389) - age  14:       9360 bytes,    1320616 total
[2023-03-15T06:17:09.935+0000][69][gc,age      ] GC(389) - age  15:      24992 bytes,    1345608 total
[2023-03-15T06:17:09.937+0000][69][gc,heap     ] GC(389) Eden regions: 24->0(24)
[2023-03-15T06:17:09.937+0000][69][gc,heap     ] GC(389) Survivor regions: 1->1(4)
[2023-03-15T06:17:09.937+0000][69][gc,heap     ] GC(389) Old regions: 24->24
[2023-03-15T06:17:09.938+0000][69][gc,heap     ] GC(389) Archive regions: 2->2
[2023-03-15T06:17:09.938+0000][69][gc,heap     ] GC(389) Humongous regions: 2->2
[2023-03-15T06:17:09.939+0000][69][gc,metaspace] GC(389) Metaspace: 138121K(141504K)->138121K(141504K) NonClass: 120604K(121792K)->120604K(121792K) Class: 17517K(19712K)->17517K(19712K)
[2023-03-15T06:17:09.939+0000][69][gc          ] GC(389) Pause Young (Concurrent Start) (G1 Evacuation Pause) 204M->108M(256M) 30.094ms
[2023-03-15T06:17:09.940+0000][69][gc,cpu      ] GC(389) User=0.02s Sys=0.00s Real=0.03s
[2023-03-15T06:17:09.940+0000][69][gc          ] GC(390) Concurrent Mark Cycle
[2023-03-15T06:17:09.940+0000][69][safepoint   ] Safepoint "G1CollectForAllocation", Time since last: 4962715026 ns, Reaching safepoint: 296255 ns, At safepoint: 31068944 ns, Total: 31365199 ns
[2023-03-15T06:17:09.941+0000][69][gc,marking  ] GC(390) Concurrent Clear Claimed Marks
[2023-03-15T06:17:09.942+0000][69][gc,marking  ] GC(390) Concurrent Clear Claimed Marks 1.030ms
[2023-03-15T06:17:09.943+0000][69][gc,marking  ] GC(390) Concurrent Scan Root Regions
[2023-03-15T06:17:09.945+0000][69][gc,marking  ] GC(390) Concurrent Scan Root Regions 2.551ms
[2023-03-15T06:17:09.946+0000][69][gc,marking  ] GC(390) Concurrent Mark
[2023-03-15T06:17:09.946+0000][69][gc,marking  ] GC(390) Concurrent Mark From Roots
[2023-03-15T06:17:09.947+0000][69][gc,task     ] GC(390) Using 1 workers of 1 for marking
[2023-03-15T06:17:10.077+0000][69][gc,marking  ] GC(390) Concurrent Mark From Roots 130.996ms
[2023-03-15T06:17:10.078+0000][69][gc,marking  ] GC(390) Concurrent Preclean
[2023-03-15T06:17:10.079+0000][69][gc,marking  ] GC(390) Concurrent Preclean 0.806ms
[2023-03-15T06:17:10.080+0000][69][gc,start    ] GC(390) Pause Remark
[2023-03-15T06:17:10.094+0000][69][gc          ] GC(390) Pause Remark 112M->112M(256M) 13.834ms
[2023-03-15T06:17:10.095+0000][69][gc,cpu      ] GC(390) User=0.04s Sys=0.00s Real=0.02s
[2023-03-15T06:17:10.096+0000][69][safepoint   ] Safepoint "G1PauseRemark", Time since last: 139239132 ns, Reaching safepoint: 386285 ns, At safepoint: 15994816 ns, Total: 16381101 ns
[2023-03-15T06:17:10.097+0000][69][gc,marking  ] GC(390) Concurrent Mark 151.031ms
[2023-03-15T06:17:10.098+0000][69][gc,marking  ] GC(390) Concurrent Rebuild Remembered Sets
[2023-03-15T06:17:10.165+0000][69][gc,marking  ] GC(390) Concurrent Rebuild Remembered Sets 67.246ms
[2023-03-15T06:17:10.166+0000][69][gc,start    ] GC(390) Pause Cleanup
[2023-03-15T06:17:10.167+0000][69][gc          ] GC(390) Pause Cleanup 112M->112M(256M) 1.027ms
[2023-03-15T06:17:10.167+0000][69][gc,cpu      ] GC(390) User=0.00s Sys=0.00s Real=0.00s
[2023-03-15T06:17:10.168+0000][69][safepoint   ] Safepoint "G1PauseCleanup", Time since last: 69606939 ns, Reaching safepoint: 159587 ns, At safepoint: 2237571 ns, Total: 2397158 ns
[2023-03-15T06:17:10.169+0000][69][gc,marking  ] GC(390) Concurrent Cleanup for Next Mark
[2023-03-15T06:17:10.171+0000][69][gc,marking  ] GC(390) Concurrent Cleanup for Next Mark 1.329ms
[2023-03-15T06:17:10.171+0000][69][gc          ] GC(390) Concurrent Mark Cycle 231.529ms
[2023-03-15T06:17:40.864+0000][69][gc,start    ] GC(391) Pause Young (Normal) (G1 Evacuation Pause)
[2023-03-15T06:17:40.866+0000][69][gc,task     ] GC(391) Using 4 workers of 4 for evacuation
[2023-03-15T06:17:40.868+0000][69][gc,age      ] GC(391) Desired survivor size 8388608 bytes, new threshold 15 (max threshold 15)
[2023-03-15T06:17:40.874+0000][69][gc,phases   ] GC(391)   Pre Evacuate Collection Set: 0.2ms
[2023-03-15T06:17:40.876+0000][69][gc,phases   ] GC(391)   Merge Heap Roots: 0.2ms
[2023-03-15T06:17:40.876+0000][69][gc,phases   ] GC(391)   Evacuate Collection Set: 3.4ms
[2023-03-15T06:17:40.877+0000][69][gc,phases   ] GC(391)   Post Evacuate Collection Set: 1.4ms
[2023-03-15T06:17:40.878+0000][69][gc,phases   ] GC(391)   Other: 3.3ms
[2023-03-15T06:17:40.879+0000][69][gc,age      ] GC(391) Age table with threshold 15 (max threshold 15)
[2023-03-15T06:17:40.879+0000][69][gc,age      ] GC(391) - age   1:    1278096 bytes,    1278096 total
[2023-03-15T06:17:40.880+0000][69][gc,age      ] GC(391) - age   2:       2576 bytes,    1280672 total
[2023-03-15T06:17:40.881+0000][69][gc,age      ] GC(391) - age   3:      18992 bytes,    1299664 total
[2023-03-15T06:17:40.881+0000][69][gc,age      ] GC(391) - age   4:      18000 bytes,    1317664 total
[2023-03-15T06:17:40.882+0000][69][gc,age      ] GC(391) - age   5:      16376 bytes,    1334040 total
[2023-03-15T06:17:40.883+0000][69][gc,age      ] GC(391) - age   6:     275840 bytes,    1609880 total
[2023-03-15T06:17:40.883+0000][69][gc,age      ] GC(391) - age   7:        440 bytes,    1610320 total
[2023-03-15T06:17:40.884+0000][69][gc,age      ] GC(391) - age   8:        208 bytes,    1610528 total
[2023-03-15T06:17:40.885+0000][69][gc,age      ] GC(391) - age  10:        552 bytes,    1611080 total
[2023-03-15T06:17:40.886+0000][69][gc,age      ] GC(391) - age  12:        784 bytes,    1611864 total
[2023-03-15T06:17:40.886+0000][69][gc,age      ] GC(391) - age  13:        112 bytes,    1611976 total
[2023-03-15T06:17:40.887+0000][69][gc,age      ] GC(391) - age  14:       8512 bytes,    1620488 total
[2023-03-15T06:17:40.888+0000][69][gc,age      ] GC(391) - age  15:       9360 bytes,    1629848 total
[2023-03-15T06:17:40.888+0000][69][gc,heap     ] GC(391) Eden regions: 24->0(24)
[2023-03-15T06:17:40.889+0000][69][gc,heap     ] GC(391) Survivor regions: 1->1(4)
[2023-03-15T06:17:40.889+0000][69][gc,heap     ] GC(391) Old regions: 24->24
[2023-03-15T06:17:40.890+0000][69][gc,heap     ] GC(391) Archive regions: 2->2
[2023-03-15T06:17:40.891+0000][69][gc,heap     ] GC(391) Humongous regions: 2->2
[2023-03-15T06:17:40.891+0000][69][gc,metaspace] GC(391) Metaspace: 138121K(141504K)->138121K(141504K) NonClass: 120604K(121792K)->120604K(121792K) Class: 17517K(19712K)->17517K(19712K)
[2023-03-15T06:17:40.892+0000][69][gc          ] GC(391) Pause Young (Normal) (G1 Evacuation Pause) 204M->109M(256M) 27.771ms
[2023-03-15T06:17:40.892+0000][69][gc,cpu      ] GC(391) User=0.02s Sys=0.01s Real=0.03s
[2023-03-15T06:17:40.894+0000][69][safepoint   ] Safepoint "G1CollectForAllocation", Time since last: 30717410910 ns, Reaching safepoint: 281093 ns, At safepoint: 29442006 ns, Total: 29723099 ns
[2023-03-15T06:18:11.054+0000][69][gc,start    ] GC(392) Pause Young (Concurrent Start) (G1 Evacuation Pause)
[2023-03-15T06:18:11.057+0000][69][gc,task     ] GC(392) Using 4 workers of 4 for evacuation
[2023-03-15T06:18:11.058+0000][69][gc,age      ] GC(392) Desired survivor size 8388608 bytes, new threshold 15 (max threshold 15)
[2023-03-15T06:18:11.061+0000][69][gc,phases   ] GC(392)   Pre Evacuate Collection Set: 0.4ms
[2023-03-15T06:18:11.062+0000][69][gc,phases   ] GC(392)   Merge Heap Roots: 0.1ms
[2023-03-15T06:18:11.062+0000][69][gc,phases   ] GC(392)   Evacuate Collection Set: 1.5ms
[2023-03-15T06:18:11.063+0000][69][gc,phases   ] GC(392)   Post Evacuate Collection Set: 0.6ms
[2023-03-15T06:18:11.063+0000][69][gc,phases   ] GC(392)   Other: 1.9ms
[2023-03-15T06:18:11.064+0000][69][gc,age      ] GC(392) Age table with threshold 15 (max threshold 15)
[2023-03-15T06:18:11.064+0000][69][gc,age      ] GC(392) - age   1:    1685800 bytes,    1685800 total
[2023-03-15T06:18:11.064+0000][69][gc,age      ] GC(392) - age   2:      21096 bytes,    1706896 total
[2023-03-15T06:18:11.065+0000][69][gc,age      ] GC(392) - age   3:       1024 bytes,    1707920 total
[2023-03-15T06:18:11.065+0000][69][gc,age      ] GC(392) - age   4:      18272 bytes,    1726192 total
[2023-03-15T06:18:11.066+0000][69][gc,age      ] GC(392) - age   5:      17824 bytes,    1744016 total
[2023-03-15T06:18:11.066+0000][69][gc,age      ] GC(392) - age   6:      16312 bytes,    1760328 total
[2023-03-15T06:18:11.067+0000][69][gc,age      ] GC(392) - age   7:     275840 bytes,    2036168 total
[2023-03-15T06:18:11.067+0000][69][gc,age      ] GC(392) - age   8:        440 bytes,    2036608 total
[2023-03-15T06:18:11.067+0000][69][gc,age      ] GC(392) - age   9:        208 bytes,    2036816 total
[2023-03-15T06:18:11.068+0000][69][gc,age      ] GC(392) - age  11:        320 bytes,    2037136 total
[2023-03-15T06:18:11.068+0000][69][gc,age      ] GC(392) - age  13:        784 bytes,    2037920 total
[2023-03-15T06:18:11.069+0000][69][gc,age      ] GC(392) - age  14:        112 bytes,    2038032 total
[2023-03-15T06:18:11.069+0000][69][gc,age      ] GC(392) - age  15:       8512 bytes,    2046544 total
[2023-03-15T06:18:11.070+0000][69][gc,heap     ] GC(392) Eden regions: 24->0(23)
[2023-03-15T06:18:11.070+0000][69][gc,heap     ] GC(392) Survivor regions: 1->1(4)
[2023-03-15T06:18:11.070+0000][69][gc,heap     ] GC(392) Old regions: 24->24
[2023-03-15T06:18:11.071+0000][69][gc,heap     ] GC(392) Archive regions: 2->2
[2023-03-15T06:18:11.071+0000][69][gc,heap     ] GC(392) Humongous regions: 2->2
[2023-03-15T06:18:11.072+0000][69][gc,metaspace] GC(392) Metaspace: 138128K(141504K)->138128K(141504K) NonClass: 120611K(121792K)->120611K(121792K) Class: 17517K(19712K)->17517K(19712K)
[2023-03-15T06:18:11.072+0000][69][gc          ] GC(392) Pause Young (Concurrent Start) (G1 Evacuation Pause) 205M->109M(256M) 18.639ms
[2023-03-15T06:18:11.073+0000][69][gc,cpu      ] GC(392) User=0.01s Sys=0.00s Real=0.02s
[2023-03-15T06:18:11.073+0000][69][gc          ] GC(393) Concurrent Mark Cycle
[2023-03-15T06:18:11.074+0000][69][gc,marking  ] GC(393) Concurrent Clear Claimed Marks
[2023-03-15T06:18:11.073+0000][69][safepoint   ] Safepoint "G1CollectForAllocation", Time since last: 30182235626 ns, Reaching safepoint: 192479 ns, At safepoint: 19634664 ns, Total: 19827143 ns
[2023-03-15T06:18:11.075+0000][69][gc,marking  ] GC(393) Concurrent Clear Claimed Marks 0.783ms
[2023-03-15T06:18:11.076+0000][69][gc,marking  ] GC(393) Concurrent Scan Root Regions
[2023-03-15T06:18:11.079+0000][69][gc,marking  ] GC(393) Concurrent Scan Root Regions 2.947ms
[2023-03-15T06:18:11.079+0000][69][gc,marking  ] GC(393) Concurrent Mark
[2023-03-15T06:18:11.080+0000][69][gc,marking  ] GC(393) Concurrent Mark From Roots
[2023-03-15T06:18:11.080+0000][69][gc,task     ] GC(393) Using 1 workers of 1 for marking
[2023-03-15T06:18:11.193+0000][69][gc,marking  ] GC(393) Concurrent Mark From Roots 112.994ms
[2023-03-15T06:18:11.193+0000][69][gc,marking  ] GC(393) Concurrent Preclean
[2023-03-15T06:18:11.194+0000][69][gc,marking  ] GC(393) Concurrent Preclean 0.824ms
[2023-03-15T06:18:11.195+0000][69][gc,start    ] GC(393) Pause Remark
[2023-03-15T06:18:11.207+0000][69][gc          ] GC(393) Pause Remark 111M->111M(256M) 12.275ms
[2023-03-15T06:18:11.208+0000][69][gc,cpu      ] GC(393) User=0.03s Sys=0.00s Real=0.02s
[2023-03-15T06:18:11.208+0000][69][safepoint   ] Safepoint "G1PauseRemark", Time since last: 121436500 ns, Reaching safepoint: 91876 ns, At safepoint: 13521566 ns, Total: 13613442 ns
[2023-03-15T06:18:11.209+0000][69][gc,marking  ] GC(393) Concurrent Mark 129.619ms
[2023-03-15T06:18:11.209+0000][69][gc,marking  ] GC(393) Concurrent Rebuild Remembered Sets
[2023-03-15T06:18:11.264+0000][69][gc,marking  ] GC(393) Concurrent Rebuild Remembered Sets 54.736ms
[2023-03-15T06:18:11.265+0000][69][gc,start    ] GC(393) Pause Cleanup
[2023-03-15T06:18:11.266+0000][69][gc          ] GC(393) Pause Cleanup 111M->111M(256M) 0.742ms
[2023-03-15T06:18:11.267+0000][69][gc,cpu      ] GC(393) User=0.00s Sys=0.00s Real=0.00s
[2023-03-15T06:18:11.268+0000][69][safepoint   ] Safepoint "G1PauseCleanup", Time since last: 56950086 ns, Reaching safepoint: 153987 ns, At safepoint: 2341012 ns, Total: 2494999 ns
[2023-03-15T06:18:11.268+0000][69][gc,marking  ] GC(393) Concurrent Cleanup for Next Mark
[2023-03-15T06:18:11.269+0000][69][gc,marking  ] GC(393) Concurrent Cleanup for Next Mark 0.813ms
[2023-03-15T06:18:11.270+0000][69][gc          ] GC(393) Concurrent Mark Cycle 197.649ms
[2023-03-15T06:18:17.250+0000][69][safepoint   ] Safepoint "Cleanup", Time since last: 6003191514 ns, Reaching safepoint: 218146 ns, At safepoint: 5473 ns, Total: 223619 ns
[2023-03-15T06:18:40.900+0000][69][gc,start    ] GC(394) Pause Young (Normal) (G1 Evacuation Pause)
[2023-03-15T06:18:40.903+0000][69][gc,task     ] GC(394) Using 4 workers of 4 for evacuation
[2023-03-15T06:18:40.904+0000][69][gc,age      ] GC(394) Desired survivor size 6291456 bytes, new threshold 15 (max threshold 15)
[2023-03-15T06:18:40.913+0000][69][gc,phases   ] GC(394)   Pre Evacuate Collection Set: 0.3ms
[2023-03-15T06:18:40.914+0000][69][gc,phases   ] GC(394)   Merge Heap Roots: 0.3ms
[2023-03-15T06:18:40.915+0000][69][gc,phases   ] GC(394)   Evacuate Collection Set: 4.1ms
[2023-03-15T06:18:40.916+0000][69][gc,phases   ] GC(394)   Post Evacuate Collection Set: 2.2ms
[2023-03-15T06:18:40.917+0000][69][gc,phases   ] GC(394)   Other: 3.0ms
[2023-03-15T06:18:40.917+0000][69][gc,age      ] GC(394) Age table with threshold 15 (max threshold 15)
[2023-03-15T06:18:40.918+0000][69][gc,age      ] GC(394) - age   1:    1853080 bytes,    1853080 total
[2023-03-15T06:18:40.919+0000][69][gc,age      ] GC(394) - age   2:      38176 bytes,    1891256 total
[2023-03-15T06:18:40.920+0000][69][gc,age      ] GC(394) - age   3:      20272 bytes,    1911528 total
[2023-03-15T06:18:40.920+0000][69][gc,age      ] GC(394) - age   4:        768 bytes,    1912296 total
[2023-03-15T06:18:40.921+0000][69][gc,age      ] GC(394) - age   5:      18208 bytes,    1930504 total
[2023-03-15T06:18:40.922+0000][69][gc,age      ] GC(394) - age   6:      17760 bytes,    1948264 total
[2023-03-15T06:18:40.923+0000][69][gc,age      ] GC(394) - age   7:      16312 bytes,    1964576 total
[2023-03-15T06:18:40.923+0000][69][gc,age      ] GC(394) - age   8:     275840 bytes,    2240416 total
[2023-03-15T06:18:40.924+0000][69][gc,age      ] GC(394) - age   9:        144 bytes,    2240560 total
[2023-03-15T06:18:40.925+0000][69][gc,age      ] GC(394) - age  10:        208 bytes,    2240768 total
[2023-03-15T06:18:40.926+0000][69][gc,age      ] GC(394) - age  12:        320 bytes,    2241088 total
[2023-03-15T06:18:40.927+0000][69][gc,age      ] GC(394) - age  14:        784 bytes,    2241872 total
[2023-03-15T06:18:40.928+0000][69][gc,age      ] GC(394) - age  15:        112 bytes,    2241984 total
[2023-03-15T06:18:40.930+0000][69][gc,heap     ] GC(394) Eden regions: 23->0(23)
[2023-03-15T06:18:40.930+0000][69][gc,heap     ] GC(394) Survivor regions: 1->1(3)
[2023-03-15T06:18:40.931+0000][69][gc,heap     ] GC(394) Old regions: 24->24
[2023-03-15T06:18:40.932+0000][69][gc,heap     ] GC(394) Archive regions: 2->2
[2023-03-15T06:18:40.932+0000][69][gc,heap     ] GC(394) Humongous regions: 2->2
[2023-03-15T06:18:40.933+0000][69][gc,metaspace] GC(394) Metaspace: 138129K(141504K)->138129K(141504K) NonClass: 120612K(121792K)->120612K(121792K) Class: 17517K(19712K)->17517K(19712K)
[2023-03-15T06:18:40.933+0000][69][gc          ] GC(394) Pause Young (Normal) (G1 Evacuation Pause) 201M->109M(256M) 33.621ms
[2023-03-15T06:18:40.934+0000][69][gc,cpu      ] GC(394) User=0.02s Sys=0.01s Real=0.03s
[2023-03-15T06:18:40.935+0000][69][safepoint   ] Safepoint "G1CollectForAllocation", Time since last: 23649619785 ns, Reaching safepoint: 229801 ns, At safepoint: 34989300 ns, Total: 35219101 ns
[2023-03-15T06:19:10.123+0000][69][gc,start    ] GC(395) Pause Young (Concurrent Start) (G1 Evacuation Pause)
[2023-03-15T06:19:10.124+0000][69][gc,task     ] GC(395) Using 4 workers of 4 for evacuation
[2023-03-15T06:19:10.125+0000][69][gc,age      ] GC(395) Desired survivor size 6291456 bytes, new threshold 15 (max threshold 15)
[2023-03-15T06:19:10.128+0000][69][gc,phases   ] GC(395)   Pre Evacuate Collection Set: 0.3ms
[2023-03-15T06:19:10.129+0000][69][gc,phases   ] GC(395)   Merge Heap Roots: 0.1ms
[2023-03-15T06:19:10.129+0000][69][gc,phases   ] GC(395)   Evacuate Collection Set: 1.9ms
[2023-03-15T06:19:10.130+0000][69][gc,phases   ] GC(395)   Post Evacuate Collection Set: 0.6ms
[2023-03-15T06:19:10.130+0000][69][gc,phases   ] GC(395)   Other: 1.0ms
[2023-03-15T06:19:10.131+0000][69][gc,age      ] GC(395) Age table with threshold 15 (max threshold 15)
[2023-03-15T06:19:10.131+0000][69][gc,age      ] GC(395) - age   1:     791600 bytes,     791600 total
[2023-03-15T06:19:10.131+0000][69][gc,age      ] GC(395) - age   2:     216584 bytes,    1008184 total
[2023-03-15T06:19:10.132+0000][69][gc,age      ] GC(395) - age   3:      35208 bytes,    1043392 total
[2023-03-15T06:19:10.132+0000][69][gc,age      ] GC(395) - age   4:      20144 bytes,    1063536 total
[2023-03-15T06:19:10.133+0000][69][gc,age      ] GC(395) - age   5:        440 bytes,    1063976 total
[2023-03-15T06:19:10.133+0000][69][gc,age      ] GC(395) - age   6:       1640 bytes,    1065616 total
[2023-03-15T06:19:10.134+0000][69][gc,age      ] GC(395) - age   7:      16896 bytes,    1082512 total
[2023-03-15T06:19:10.134+0000][69][gc,age      ] GC(395) - age   8:         64 bytes,    1082576 total
[2023-03-15T06:19:10.135+0000][69][gc,age      ] GC(395) - age   9:     177360 bytes,    1259936 total
[2023-03-15T06:19:10.135+0000][69][gc,age      ] GC(395) - age  10:        144 bytes,    1260080 total
[2023-03-15T06:19:10.136+0000][69][gc,age      ] GC(395) - age  11:        208 bytes,    1260288 total
[2023-03-15T06:19:10.136+0000][69][gc,age      ] GC(395) - age  13:        320 bytes,    1260608 total
[2023-03-15T06:19:10.137+0000][69][gc,age      ] GC(395) - age  15:        784 bytes,    1261392 total
[2023-03-15T06:19:10.137+0000][69][gc,heap     ] GC(395) Eden regions: 23->0(23)
[2023-03-15T06:19:10.137+0000][69][gc,heap     ] GC(395) Survivor regions: 1->1(3)
[2023-03-15T06:19:10.138+0000][69][gc,heap     ] GC(395) Old regions: 24->24
[2023-03-15T06:19:10.138+0000][69][gc,heap     ] GC(395) Archive regions: 2->2
[2023-03-15T06:19:10.139+0000][69][gc,heap     ] GC(395) Humongous regions: 2->2
[2023-03-15T06:19:10.139+0000][69][gc,metaspace] GC(395) Metaspace: 138129K(141504K)->138129K(141504K) NonClass: 120612K(121792K)->120612K(121792K) Class: 17517K(19712K)->17517K(19712K)
[2023-03-15T06:19:10.140+0000][69][gc          ] GC(395) Pause Young (Concurrent Start) (G1 Evacuation Pause) 201M->108M(256M) 16.828ms
[2023-03-15T06:19:10.140+0000][69][gc,cpu      ] GC(395) User=0.01s Sys=0.00s Real=0.02s
[2023-03-15T06:19:10.140+0000][69][gc          ] GC(396) Concurrent Mark Cycle
[2023-03-15T06:19:10.142+0000][69][gc,marking  ] GC(396) Concurrent Clear Claimed Marks
[2023-03-15T06:19:10.141+0000][69][safepoint   ] Safepoint "G1CollectForAllocation", Time since last: 29209674296 ns, Reaching safepoint: 79945 ns, At safepoint: 18029279 ns, Total: 18109224 ns
[2023-03-15T06:19:10.143+0000][69][gc,marking  ] GC(396) Concurrent Clear Claimed Marks 0.907ms
[2023-03-15T06:19:10.144+0000][69][gc,marking  ] GC(396) Concurrent Scan Root Regions
[2023-03-15T06:19:10.146+0000][69][gc,marking  ] GC(396) Concurrent Scan Root Regions 2.424ms
[2023-03-15T06:19:10.148+0000][69][gc,marking  ] GC(396) Concurrent Mark
[2023-03-15T06:19:10.149+0000][69][gc,marking  ] GC(396) Concurrent Mark From Roots
[2023-03-15T06:19:10.149+0000][69][gc,task     ] GC(396) Using 1 workers of 1 for marking
[2023-03-15T06:19:10.253+0000][69][gc,marking  ] GC(396) Concurrent Mark From Roots 104.332ms
[2023-03-15T06:19:10.254+0000][69][gc,marking  ] GC(396) Concurrent Preclean
[2023-03-15T06:19:10.255+0000][69][gc,marking  ] GC(396) Concurrent Preclean 0.787ms
[2023-03-15T06:19:10.255+0000][69][gc,start    ] GC(396) Pause Remark
[2023-03-15T06:19:10.266+0000][69][gc          ] GC(396) Pause Remark 111M->111M(256M) 11.020ms
[2023-03-15T06:19:10.267+0000][69][gc,cpu      ] GC(396) User=0.03s Sys=0.00s Real=0.01s
[2023-03-15T06:19:10.268+0000][69][safepoint   ] Safepoint "G1PauseRemark", Time since last: 114380861 ns, Reaching safepoint: 79331 ns, At safepoint: 12335882 ns, Total: 12415213 ns
[2023-03-15T06:19:10.268+0000][69][gc,marking  ] GC(396) Concurrent Mark 120.068ms
[2023-03-15T06:19:10.269+0000][69][gc,marking  ] GC(396) Concurrent Rebuild Remembered Sets
[2023-03-15T06:19:10.319+0000][69][gc,marking  ] GC(396) Concurrent Rebuild Remembered Sets 50.559ms
[2023-03-15T06:19:10.321+0000][69][gc,start    ] GC(396) Pause Cleanup
[2023-03-15T06:19:10.322+0000][69][gc          ] GC(396) Pause Cleanup 112M->112M(256M) 0.991ms
[2023-03-15T06:19:10.322+0000][69][gc,cpu      ] GC(396) User=0.00s Sys=0.00s Real=0.00s
[2023-03-15T06:19:10.323+0000][69][safepoint   ] Safepoint "G1PauseCleanup", Time since last: 53174944 ns, Reaching safepoint: 81482 ns, At safepoint: 2084010 ns, Total: 2165492 ns
[2023-03-15T06:19:10.324+0000][69][gc,marking  ] GC(396) Concurrent Cleanup for Next Mark
[2023-03-15T06:19:10.324+0000][69][gc,marking  ] GC(396) Concurrent Cleanup for Next Mark 0.683ms
[2023-03-15T06:19:10.325+0000][69][gc          ] GC(396) Concurrent Mark Cycle 184.567ms
[2023-03-15T06:19:30.320+0000][69][safepoint   ] Safepoint "Cleanup", Time since last: 20018575688 ns, Reaching safepoint: 428691 ns, At safepoint: 29127 ns, Total: 457818 ns
[2023-03-15T06:19:42.864+0000][69][gc,start    ] GC(397) Pause Young (Normal) (G1 Evacuation Pause)
[2023-03-15T06:19:42.868+0000][69][gc,task     ] GC(397) Using 4 workers of 4 for evacuation
[2023-03-15T06:19:42.869+0000][69][gc,age      ] GC(397) Desired survivor size 6291456 bytes, new threshold 15 (max threshold 15)
[2023-03-15T06:19:42.874+0000][69][gc,phases   ] GC(397)   Pre Evacuate Collection Set: 0.3ms
[2023-03-15T06:19:42.875+0000][69][gc,phases   ] GC(397)   Merge Heap Roots: 0.2ms
[2023-03-15T06:19:42.876+0000][69][gc,phases   ] GC(397)   Evacuate Collection Set: 2.5ms
[2023-03-15T06:19:42.877+0000][69][gc,phases   ] GC(397)   Post Evacuate Collection Set: 1.2ms
[2023-03-15T06:19:42.878+0000][69][gc,phases   ] GC(397)   Other: 2.1ms
[2023-03-15T06:19:42.879+0000][69][gc,age      ] GC(397) Age table with threshold 15 (max threshold 15)
[2023-03-15T06:19:42.879+0000][69][gc,age      ] GC(397) - age   1:     949848 bytes,     949848 total
[2023-03-15T06:19:42.880+0000][69][gc,age      ] GC(397) - age   2:     181832 bytes,    1131680 total
[2023-03-15T06:19:42.881+0000][69][gc,age      ] GC(397) - age   3:     191192 bytes,    1322872 total
[2023-03-15T06:19:42.881+0000][69][gc,age      ] GC(397) - age   4:      26312 bytes,    1349184 total
[2023-03-15T06:19:42.882+0000][69][gc,age      ] GC(397) - age   5:      16408 bytes,    1365592 total
[2023-03-15T06:19:42.882+0000][69][gc,age      ] GC(397) - age   6:        440 bytes,    1366032 total
[2023-03-15T06:19:42.883+0000][69][gc,age      ] GC(397) - age   7:       1640 bytes,    1367672 total
[2023-03-15T06:19:42.884+0000][69][gc,age      ] GC(397) - age   8:      16896 bytes,    1384568 total
[2023-03-15T06:19:42.885+0000][69][gc,age      ] GC(397) - age   9:         64 bytes,    1384632 total
[2023-03-15T06:19:42.885+0000][69][gc,age      ] GC(397) - age  10:     177096 bytes,    1561728 total
[2023-03-15T06:19:42.886+0000][69][gc,age      ] GC(397) - age  11:        144 bytes,    1561872 total
[2023-03-15T06:19:42.886+0000][69][gc,age      ] GC(397) - age  12:        184 bytes,    1562056 total
[2023-03-15T06:19:42.887+0000][69][gc,age      ] GC(397) - age  14:        320 bytes,    1562376 total
[2023-03-15T06:19:42.887+0000][69][gc,heap     ] GC(397) Eden regions: 23->0(24)
[2023-03-15T06:19:42.888+0000][69][gc,heap     ] GC(397) Survivor regions: 1->1(3)
[2023-03-15T06:19:42.888+0000][69][gc,heap     ] GC(397) Old regions: 24->24
[2023-03-15T06:19:42.889+0000][69][gc,heap     ] GC(397) Archive regions: 2->2
[2023-03-15T06:19:42.889+0000][69][gc,heap     ] GC(397) Humongous regions: 2->2
[2023-03-15T06:19:42.890+0000][69][gc,metaspace] GC(397) Metaspace: 138156K(141504K)->138156K(141504K) NonClass: 120638K(121792K)->120638K(121792K) Class: 17517K(19712K)->17517K(19712K)
[2023-03-15T06:19:42.890+0000][69][gc          ] GC(397) Pause Young (Normal) (G1 Evacuation Pause) 200M->109M(256M) 26.455ms
[2023-03-15T06:19:42.891+0000][69][gc,cpu      ] GC(397) User=0.01s Sys=0.01s Real=0.02s
[2023-03-15T06:19:42.892+0000][69][safepoint   ] Safepoint "G1CollectForAllocation", Time since last: 12543300732 ns, Reaching safepoint: 266649 ns, At safepoint: 27704752 ns, Total: 27971401 ns
[2023-03-15T06:19:46.871+0000][69][safepoint   ] Safepoint "Cleanup", Time since last: 4001483922 ns, Reaching safepoint: 260152 ns, At safepoint: 25172 ns, Total: 285324 ns
[2023-03-15T06:20:03.887+0000][69][safepoint   ] Safepoint "Cleanup", Time since last: 17015479384 ns, Reaching safepoint: 117688 ns, At safepoint: 28737 ns, Total: 146425 ns
[2023-03-15T06:20:04.953+0000][69][gc,start    ] GC(398) Pause Young (Concurrent Start) (G1 Evacuation Pause)
[2023-03-15T06:20:04.953+0000][69][gc,task     ] GC(398) Using 4 workers of 4 for evacuation
[2023-03-15T06:20:04.954+0000][69][gc,age      ] GC(398) Desired survivor size 8388608 bytes, new threshold 15 (max threshold 15)
[2023-03-15T06:20:04.958+0000][69][gc,phases   ] GC(398)   Pre Evacuate Collection Set: 0.4ms
[2023-03-15T06:20:04.958+0000][69][gc,phases   ] GC(398)   Merge Heap Roots: 0.1ms
[2023-03-15T06:20:04.959+0000][69][gc,phases   ] GC(398)   Evacuate Collection Set: 2.3ms
[2023-03-15T06:20:04.960+0000][69][gc,phases   ] GC(398)   Post Evacuate Collection Set: 0.6ms
[2023-03-15T06:20:04.960+0000][69][gc,phases   ] GC(398)   Other: 1.1ms
[2023-03-15T06:20:04.961+0000][69][gc,age      ] GC(398) Age table with threshold 15 (max threshold 15)
[2023-03-15T06:20:04.961+0000][69][gc,age      ] GC(398) - age   1:    1896936 bytes,    1896936 total
[2023-03-15T06:20:04.962+0000][69][gc,age      ] GC(398) - age   2:       5776 bytes,    1902712 total
[2023-03-15T06:20:04.962+0000][69][gc,age      ] GC(398) - age   3:      81376 bytes,    1984088 total
[2023-03-15T06:20:04.963+0000][69][gc,age      ] GC(398) - age   4:     190872 bytes,    2174960 total
[2023-03-15T06:20:04.963+0000][69][gc,age      ] GC(398) - age   5:      26072 bytes,    2201032 total
[2023-03-15T06:20:04.964+0000][69][gc,age      ] GC(398) - age   6:      16408 bytes,    2217440 total
[2023-03-15T06:20:04.964+0000][69][gc,age      ] GC(398) - age   7:        440 bytes,    2217880 total
[2023-03-15T06:20:04.965+0000][69][gc,age      ] GC(398) - age   8:       1640 bytes,    2219520 total
[2023-03-15T06:20:04.965+0000][69][gc,age      ] GC(398) - age   9:      16712 bytes,    2236232 total
[2023-03-15T06:20:04.965+0000][69][gc,age      ] GC(398) - age  11:     175032 bytes,    2411264 total
[2023-03-15T06:20:04.966+0000][69][gc,age      ] GC(398) - age  12:        144 bytes,    2411408 total
[2023-03-15T06:20:04.967+0000][69][gc,age      ] GC(398) - age  13:        184 bytes,    2411592 total
[2023-03-15T06:20:04.967+0000][69][gc,age      ] GC(398) - age  15:        320 bytes,    2411912 total
[2023-03-15T06:20:04.968+0000][69][gc,heap     ] GC(398) Eden regions: 24->0(23)
[2023-03-15T06:20:04.968+0000][69][gc,heap     ] GC(398) Survivor regions: 1->1(4)
[2023-03-15T06:20:04.968+0000][69][gc,heap     ] GC(398) Old regions: 24->24
[2023-03-15T06:20:04.969+0000][69][gc,heap     ] GC(398) Archive regions: 2->2
[2023-03-15T06:20:04.970+0000][69][gc,heap     ] GC(398) Humongous regions: 2->2
[2023-03-15T06:20:04.970+0000][69][gc,metaspace] GC(398) Metaspace: 138156K(141504K)->138156K(141504K) NonClass: 120638K(121792K)->120638K(121792K) Class: 17517K(19712K)->17517K(19712K)
[2023-03-15T06:20:04.970+0000][69][gc          ] GC(398) Pause Young (Concurrent Start) (G1 Evacuation Pause) 205M->109M(256M) 17.550ms
[2023-03-15T06:20:04.971+0000][69][gc,cpu      ] GC(398) User=0.00s Sys=0.00s Real=0.02s
[2023-03-15T06:20:04.971+0000][69][gc          ] GC(399) Concurrent Mark Cycle
[2023-03-15T06:20:04.972+0000][69][gc,marking  ] GC(399) Concurrent Clear Claimed Marks
[2023-03-15T06:20:04.971+0000][69][safepoint   ] Safepoint "G1CollectForAllocation", Time since last: 1065600223 ns, Reaching safepoint: 73871 ns, At safepoint: 18510187 ns, Total: 18584058 ns
[2023-03-15T06:20:04.972+0000][69][gc,marking  ] GC(399) Concurrent Clear Claimed Marks 0.581ms
[2023-03-15T06:20:04.974+0000][69][gc,marking  ] GC(399) Concurrent Scan Root Regions
[2023-03-15T06:20:04.976+0000][69][gc,marking  ] GC(399) Concurrent Scan Root Regions 2.776ms
[2023-03-15T06:20:04.977+0000][69][gc,marking  ] GC(399) Concurrent Mark
[2023-03-15T06:20:04.978+0000][69][gc,marking  ] GC(399) Concurrent Mark From Roots
[2023-03-15T06:20:04.978+0000][69][gc,task     ] GC(399) Using 1 workers of 1 for marking
[2023-03-15T06:20:05.097+0000][69][gc,marking  ] GC(399) Concurrent Mark From Roots 119.772ms
[2023-03-15T06:20:05.098+0000][69][gc,marking  ] GC(399) Concurrent Preclean
[2023-03-15T06:20:05.099+0000][69][gc,marking  ] GC(399) Concurrent Preclean 1.141ms
[2023-03-15T06:20:05.101+0000][69][gc,start    ] GC(399) Pause Remark
[2023-03-15T06:20:05.109+0000][69][gc          ] GC(399) Pause Remark 115M->115M(256M) 8.590ms
[2023-03-15T06:20:05.110+0000][69][gc,cpu      ] GC(399) User=0.03s Sys=0.00s Real=0.01s
[2023-03-15T06:20:05.111+0000][69][safepoint   ] Safepoint "G1PauseRemark", Time since last: 129024771 ns, Reaching safepoint: 164528 ns, At safepoint: 10109240 ns, Total: 10273768 ns
[2023-03-15T06:20:05.111+0000][69][gc,marking  ] GC(399) Concurrent Mark 133.967ms
[2023-03-15T06:20:05.112+0000][69][gc,marking  ] GC(399) Concurrent Rebuild Remembered Sets
[2023-03-15T06:20:05.164+0000][69][gc,marking  ] GC(399) Concurrent Rebuild Remembered Sets 52.540ms
[2023-03-15T06:20:05.165+0000][69][gc,start    ] GC(399) Pause Cleanup
[2023-03-15T06:20:05.168+0000][69][gc          ] GC(399) Pause Cleanup 115M->115M(256M) 3.082ms
[2023-03-15T06:20:05.169+0000][69][gc,cpu      ] GC(399) User=0.00s Sys=0.00s Real=0.00s
[2023-03-15T06:20:05.170+0000][69][safepoint   ] Safepoint "G1PauseCleanup", Time since last: 54440483 ns, Reaching safepoint: 89609 ns, At safepoint: 4639917 ns, Total: 4729526 ns
[2023-03-15T06:20:05.170+0000][69][gc,marking  ] GC(399) Concurrent Cleanup for Next Mark
[2023-03-15T06:20:05.171+0000][69][gc,marking  ] GC(399) Concurrent Cleanup for Next Mark 0.723ms
[2023-03-15T06:20:05.172+0000][69][gc          ] GC(399) Concurrent Mark Cycle 200.825ms
[2023-03-15T06:20:28.169+0000][69][safepoint   ] Safepoint "Cleanup", Time since last: 23021668190 ns, Reaching safepoint: 215519 ns, At safepoint: 7429 ns, Total: 222948 ns
[2023-03-15T06:20:36.832+0000][69][gc,start    ] GC(400) Pause Young (Normal) (G1 Evacuation Pause)
[2023-03-15T06:20:36.833+0000][69][gc,task     ] GC(400) Using 4 workers of 4 for evacuation
[2023-03-15T06:20:36.833+0000][69][gc,age      ] GC(400) Desired survivor size 6291456 bytes, new threshold 15 (max threshold 15)
[2023-03-15T06:20:36.838+0000][69][gc,phases   ] GC(400)   Pre Evacuate Collection Set: 0.1ms
[2023-03-15T06:20:36.839+0000][69][gc,phases   ] GC(400)   Merge Heap Roots: 0.1ms
[2023-03-15T06:20:36.840+0000][69][gc,phases   ] GC(400)   Evacuate Collection Set: 1.6ms
[2023-03-15T06:20:36.840+0000][69][gc,phases   ] GC(400)   Post Evacuate Collection Set: 1.0ms
[2023-03-15T06:20:36.841+0000][69][gc,phases   ] GC(400)   Other: 2.5ms
[2023-03-15T06:20:36.842+0000][69][gc,age      ] GC(400) Age table with threshold 15 (max threshold 15)
[2023-03-15T06:20:36.842+0000][69][gc,age      ] GC(400) - age   1:     370360 bytes,     370360 total
[2023-03-15T06:20:36.843+0000][69][gc,age      ] GC(400) - age   2:     331784 bytes,     702144 total
[2023-03-15T06:20:36.844+0000][69][gc,age      ] GC(400) - age   3:       5464 bytes,     707608 total
[2023-03-15T06:20:36.845+0000][69][gc,age      ] GC(400) - age   4:      81096 bytes,     788704 total
[2023-03-15T06:20:36.845+0000][69][gc,age      ] GC(400) - age   5:     190512 bytes,     979216 total
[2023-03-15T06:20:36.846+0000][69][gc,age      ] GC(400) - age   6:       9128 bytes,     988344 total
[2023-03-15T06:20:36.846+0000][69][gc,age      ] GC(400) - age   7:      16408 bytes,    1004752 total
[2023-03-15T06:20:36.847+0000][69][gc,age      ] GC(400) - age   8:        440 bytes,    1005192 total
[2023-03-15T06:20:36.848+0000][69][gc,age      ] GC(400) - age   9:       1640 bytes,    1006832 total
[2023-03-15T06:20:36.848+0000][69][gc,age      ] GC(400) - age  10:      16712 bytes,    1023544 total
[2023-03-15T06:20:36.849+0000][69][gc,age      ] GC(400) - age  12:     174952 bytes,    1198496 total
[2023-03-15T06:20:36.850+0000][69][gc,age      ] GC(400) - age  13:        144 bytes,    1198640 total
[2023-03-15T06:20:36.850+0000][69][gc,age      ] GC(400) - age  14:        184 bytes,    1198824 total
[2023-03-15T06:20:36.851+0000][69][gc,heap     ] GC(400) Eden regions: 23->0(24)
[2023-03-15T06:20:36.852+0000][69][gc,heap     ] GC(400) Survivor regions: 1->1(3)
[2023-03-15T06:20:36.852+0000][69][gc,heap     ] GC(400) Old regions: 24->24
[2023-03-15T06:20:36.853+0000][69][gc,heap     ] GC(400) Archive regions: 2->2
[2023-03-15T06:20:36.853+0000][69][gc,heap     ] GC(400) Humongous regions: 2->2
[2023-03-15T06:20:36.854+0000][69][gc,metaspace] GC(400) Metaspace: 138157K(141504K)->138157K(141504K) NonClass: 120639K(121792K)->120639K(121792K) Class: 17517K(19712K)->17517K(19712K)
[2023-03-15T06:20:36.854+0000][69][gc          ] GC(400) Pause Young (Normal) (G1 Evacuation Pause) 201M->108M(256M) 22.933ms
[2023-03-15T06:20:36.855+0000][69][gc,cpu      ] GC(400) User=0.01s Sys=0.00s Real=0.02s
[2023-03-15T06:20:36.856+0000][69][safepoint   ] Safepoint "G1CollectForAllocation", Time since last: 8662597035 ns, Reaching safepoint: 99402 ns, At safepoint: 24374802 ns, Total: 24474204 ns
[2023-03-15T06:21:09.829+0000][69][gc,start    ] GC(401) Pause Young (Concurrent Start) (G1 Evacuation Pause)
[2023-03-15T06:21:09.831+0000][69][gc,task     ] GC(401) Using 4 workers of 4 for evacuation
[2023-03-15T06:21:09.832+0000][69][gc,age      ] GC(401) Desired survivor size 8388608 bytes, new threshold 15 (max threshold 15)
[2023-03-15T06:21:09.840+0000][69][gc,phases   ] GC(401)   Pre Evacuate Collection Set: 0.8ms
[2023-03-15T06:21:09.841+0000][69][gc,phases   ] GC(401)   Merge Heap Roots: 0.1ms
[2023-03-15T06:21:09.842+0000][69][gc,phases   ] GC(401)   Evacuate Collection Set: 3.4ms
[2023-03-15T06:21:09.843+0000][69][gc,phases   ] GC(401)   Post Evacuate Collection Set: 1.6ms
[2023-03-15T06:21:09.843+0000][69][gc,phases   ] GC(401)   Other: 3.1ms
[2023-03-15T06:21:09.844+0000][69][gc,age      ] GC(401) Age table with threshold 15 (max threshold 15)
[2023-03-15T06:21:09.845+0000][69][gc,age      ] GC(401) - age   1:     885504 bytes,     885504 total
[2023-03-15T06:21:09.846+0000][69][gc,age      ] GC(401) - age   2:       2208 bytes,     887712 total
[2023-03-15T06:21:09.846+0000][69][gc,age      ] GC(401) - age   3:     329248 bytes,    1216960 total
[2023-03-15T06:21:09.848+0000][69][gc,age      ] GC(401) - age   4:       1408 bytes,    1218368 total
[2023-03-15T06:21:09.849+0000][69][gc,age      ] GC(401) - age   5:      81064 bytes,    1299432 total
[2023-03-15T06:21:09.849+0000][69][gc,age      ] GC(401) - age   6:     190512 bytes,    1489944 total
[2023-03-15T06:21:09.850+0000][69][gc,age      ] GC(401) - age   7:       9128 bytes,    1499072 total
[2023-03-15T06:21:09.851+0000][69][gc,age      ] GC(401) - age   8:      16408 bytes,    1515480 total
[2023-03-15T06:21:09.852+0000][69][gc,age      ] GC(401) - age   9:        440 bytes,    1515920 total
[2023-03-15T06:21:09.852+0000][69][gc,age      ] GC(401) - age  10:       1640 bytes,    1517560 total
[2023-03-15T06:21:09.853+0000][69][gc,age      ] GC(401) - age  11:      16712 bytes,    1534272 total
[2023-03-15T06:21:09.854+0000][69][gc,age      ] GC(401) - age  13:     174952 bytes,    1709224 total
[2023-03-15T06:21:09.854+0000][69][gc,age      ] GC(401) - age  14:        144 bytes,    1709368 total
[2023-03-15T06:21:09.855+0000][69][gc,age      ] GC(401) - age  15:        184 bytes,    1709552 total
[2023-03-15T06:21:09.856+0000][69][gc,heap     ] GC(401) Eden regions: 24->0(24)
[2023-03-15T06:21:09.856+0000][69][gc,heap     ] GC(401) Survivor regions: 1->1(4)
[2023-03-15T06:21:09.857+0000][69][gc,heap     ] GC(401) Old regions: 24->24
[2023-03-15T06:21:09.858+0000][69][gc,heap     ] GC(401) Archive regions: 2->2
[2023-03-15T06:21:09.858+0000][69][gc,heap     ] GC(401) Humongous regions: 2->2
[2023-03-15T06:21:09.859+0000][69][gc,metaspace] GC(401) Metaspace: 138157K(141504K)->138157K(141504K) NonClass: 120639K(121792K)->120639K(121792K) Class: 17517K(19712K)->17517K(19712K)
[2023-03-15T06:21:09.860+0000][69][gc          ] GC(401) Pause Young (Concurrent Start) (G1 Evacuation Pause) 204M->109M(256M) 31.251ms
[2023-03-15T06:21:09.861+0000][69][gc,cpu      ] GC(401) User=0.01s Sys=0.00s Real=0.03s
[2023-03-15T06:21:09.861+0000][69][gc          ] GC(402) Concurrent Mark Cycle
[2023-03-15T06:21:09.862+0000][69][gc,marking  ] GC(402) Concurrent Clear Claimed Marks
[2023-03-15T06:21:09.861+0000][69][safepoint   ] Safepoint "G1CollectForAllocation", Time since last: 32993965645 ns, Reaching safepoint: 295666 ns, At safepoint: 32710009 ns, Total: 33005675 ns
[2023-03-15T06:21:09.863+0000][69][gc,marking  ] GC(402) Concurrent Clear Claimed Marks 0.818ms
[2023-03-15T06:21:09.864+0000][69][gc,marking  ] GC(402) Concurrent Scan Root Regions
[2023-03-15T06:21:09.867+0000][69][gc,marking  ] GC(402) Concurrent Scan Root Regions 2.838ms
[2023-03-15T06:21:09.867+0000][69][gc,marking  ] GC(402) Concurrent Mark
[2023-03-15T06:21:09.868+0000][69][gc,marking  ] GC(402) Concurrent Mark From Roots
[2023-03-15T06:21:09.868+0000][69][gc,task     ] GC(402) Using 1 workers of 1 for marking
[2023-03-15T06:21:09.987+0000][69][gc,marking  ] GC(402) Concurrent Mark From Roots 119.051ms
[2023-03-15T06:21:09.988+0000][69][gc,marking  ] GC(402) Concurrent Preclean
[2023-03-15T06:21:09.989+0000][69][gc,marking  ] GC(402) Concurrent Preclean 1.389ms
[2023-03-15T06:21:09.990+0000][69][gc,start    ] GC(402) Pause Remark
[2023-03-15T06:21:10.001+0000][69][gc          ] GC(402) Pause Remark 112M->112M(256M) 10.909ms
[2023-03-15T06:21:10.003+0000][69][gc,cpu      ] GC(402) User=0.03s Sys=0.00s Real=0.01s
[2023-03-15T06:21:10.004+0000][69][safepoint   ] Safepoint "G1PauseRemark", Time since last: 128973384 ns, Reaching safepoint: 139554 ns, At safepoint: 13103107 ns, Total: 13242661 ns
[2023-03-15T06:21:10.004+0000][69][gc,marking  ] GC(402) Concurrent Mark 136.803ms
[2023-03-15T06:21:10.005+0000][69][gc,marking  ] GC(402) Concurrent Rebuild Remembered Sets
[2023-03-15T06:21:10.056+0000][69][gc,marking  ] GC(402) Concurrent Rebuild Remembered Sets 51.697ms
[2023-03-15T06:21:10.057+0000][69][gc,start    ] GC(402) Pause Cleanup
[2023-03-15T06:21:10.058+0000][69][gc          ] GC(402) Pause Cleanup 112M->112M(256M) 0.661ms
[2023-03-15T06:21:10.059+0000][69][gc,cpu      ] GC(402) User=0.00s Sys=0.00s Real=0.00s
[2023-03-15T06:21:10.059+0000][69][safepoint   ] Safepoint "G1PauseCleanup", Time since last: 53621089 ns, Reaching safepoint: 255462 ns, At safepoint: 1737550 ns, Total: 1993012 ns
[2023-03-15T06:21:10.060+0000][69][gc,marking  ] GC(402) Concurrent Cleanup for Next Mark
[2023-03-15T06:21:10.061+0000][69][gc,marking  ] GC(402) Concurrent Cleanup for Next Mark 0.737ms
[2023-03-15T06:21:10.061+0000][69][gc          ] GC(402) Concurrent Mark Cycle 200.745ms
[2023-03-15T06:21:40.856+0000][69][gc,start    ] GC(403) Pause Young (Normal) (G1 Evacuation Pause)
[2023-03-15T06:21:40.857+0000][69][gc,task     ] GC(403) Using 4 workers of 4 for evacuation
[2023-03-15T06:21:40.857+0000][69][gc,age      ] GC(403) Desired survivor size 8388608 bytes, new threshold 15 (max threshold 15)
[2023-03-15T06:21:40.862+0000][69][gc,phases   ] GC(403)   Pre Evacuate Collection Set: 0.2ms
[2023-03-15T06:21:40.863+0000][69][gc,phases   ] GC(403)   Merge Heap Roots: 0.1ms
[2023-03-15T06:21:40.863+0000][69][gc,phases   ] GC(403)   Evacuate Collection Set: 2.6ms
[2023-03-15T06:21:40.864+0000][69][gc,phases   ] GC(403)   Post Evacuate Collection Set: 0.9ms
[2023-03-15T06:21:40.864+0000][69][gc,phases   ] GC(403)   Other: 1.1ms
[2023-03-15T06:21:40.865+0000][69][gc,age      ] GC(403) Age table with threshold 15 (max threshold 15)
[2023-03-15T06:21:40.865+0000][69][gc,age      ] GC(403) - age   1:    1327456 bytes,    1327456 total
[2023-03-15T06:21:40.866+0000][69][gc,age      ] GC(403) - age   2:       2288 bytes,    1329744 total
[2023-03-15T06:21:40.866+0000][69][gc,age      ] GC(403) - age   3:       1640 bytes,    1331384 total
[2023-03-15T06:21:40.867+0000][69][gc,age      ] GC(403) - age   4:     328992 bytes,    1660376 total
[2023-03-15T06:21:40.867+0000][69][gc,age      ] GC(403) - age   5:       1408 bytes,    1661784 total
[2023-03-15T06:21:40.868+0000][69][gc,age      ] GC(403) - age   6:      80472 bytes,    1742256 total
[2023-03-15T06:21:40.868+0000][69][gc,age      ] GC(403) - age   7:     161360 bytes,    1903616 total
[2023-03-15T06:21:40.869+0000][69][gc,age      ] GC(403) - age   8:       9064 bytes,    1912680 total
[2023-03-15T06:21:40.869+0000][69][gc,age      ] GC(403) - age   9:      16408 bytes,    1929088 total
[2023-03-15T06:21:40.869+0000][69][gc,age      ] GC(403) - age  10:        440 bytes,    1929528 total
[2023-03-15T06:21:40.870+0000][69][gc,age      ] GC(403) - age  11:       1344 bytes,    1930872 total
[2023-03-15T06:21:40.870+0000][69][gc,age      ] GC(403) - age  12:       8696 bytes,    1939568 total
[2023-03-15T06:21:40.871+0000][69][gc,age      ] GC(403) - age  14:     156528 bytes,    2096096 total
[2023-03-15T06:21:40.871+0000][69][gc,age      ] GC(403) - age  15:        144 bytes,    2096240 total
[2023-03-15T06:21:40.872+0000][69][gc,heap     ] GC(403) Eden regions: 24->0(24)
[2023-03-15T06:21:40.872+0000][69][gc,heap     ] GC(403) Survivor regions: 1->1(4)
[2023-03-15T06:21:40.873+0000][69][gc,heap     ] GC(403) Old regions: 24->24
[2023-03-15T06:21:40.873+0000][69][gc,heap     ] GC(403) Archive regions: 2->2
[2023-03-15T06:21:40.874+0000][69][gc,heap     ] GC(403) Humongous regions: 2->2
[2023-03-15T06:21:40.874+0000][69][gc,metaspace] GC(403) Metaspace: 138157K(141504K)->138157K(141504K) NonClass: 120639K(121792K)->120639K(121792K) Class: 17517K(19712K)->17517K(19712K)
[2023-03-15T06:21:40.875+0000][69][gc          ] GC(403) Pause Young (Normal) (G1 Evacuation Pause) 205M->109M(256M) 18.340ms
[2023-03-15T06:21:40.875+0000][69][gc,cpu      ] GC(403) User=0.01s Sys=0.00s Real=0.02s
[2023-03-15T06:21:40.875+0000][69][safepoint   ] Safepoint "G1CollectForAllocation", Time since last: 30818796673 ns, Reaching safepoint: 144102 ns, At safepoint: 19225218 ns, Total: 19369320 ns
[2023-03-15T06:22:10.458+0000][69][gc,start    ] GC(404) Pause Young (Concurrent Start) (G1 Evacuation Pause)
[2023-03-15T06:22:10.459+0000][69][gc,task     ] GC(404) Using 4 workers of 4 for evacuation
[2023-03-15T06:22:10.460+0000][69][gc,age      ] GC(404) Desired survivor size 8388608 bytes, new threshold 15 (max threshold 15)
[2023-03-15T06:22:10.465+0000][69][gc,phases   ] GC(404)   Pre Evacuate Collection Set: 0.7ms
[2023-03-15T06:22:10.467+0000][69][gc,phases   ] GC(404)   Merge Heap Roots: 0.2ms
[2023-03-15T06:22:10.467+0000][69][gc,phases   ] GC(404)   Evacuate Collection Set: 2.4ms
[2023-03-15T06:22:10.467+0000][69][gc,phases   ] GC(404)   Post Evacuate Collection Set: 0.7ms
[2023-03-15T06:22:10.468+0000][69][gc,phases   ] GC(404)   Other: 1.9ms
[2023-03-15T06:22:10.468+0000][69][gc,age      ] GC(404) Age table with threshold 15 (max threshold 15)
[2023-03-15T06:22:10.469+0000][69][gc,age      ] GC(404) - age   1:    1932304 bytes,    1932304 total
[2023-03-15T06:22:10.469+0000][69][gc,age      ] GC(404) - age   2:      22192 bytes,    1954496 total
[2023-03-15T06:22:10.470+0000][69][gc,age      ] GC(404) - age   3:        800 bytes,    1955296 total
[2023-03-15T06:22:10.470+0000][69][gc,age      ] GC(404) - age   4:       1576 bytes,    1956872 total
[2023-03-15T06:22:10.471+0000][69][gc,age      ] GC(404) - age   5:     328816 bytes,    2285688 total
[2023-03-15T06:22:10.471+0000][69][gc,age      ] GC(404) - age   6:       1408 bytes,    2287096 total
[2023-03-15T06:22:10.471+0000][69][gc,age      ] GC(404) - age   7:      80408 bytes,    2367504 total
[2023-03-15T06:22:10.472+0000][69][gc,age      ] GC(404) - age   8:     161296 bytes,    2528800 total
[2023-03-15T06:22:10.472+0000][69][gc,age      ] GC(404) - age   9:       9064 bytes,    2537864 total
[2023-03-15T06:22:10.473+0000][69][gc,age      ] GC(404) - age  10:      16408 bytes,    2554272 total
[2023-03-15T06:22:10.473+0000][69][gc,age      ] GC(404) - age  11:        440 bytes,    2554712 total
[2023-03-15T06:22:10.473+0000][69][gc,age      ] GC(404) - age  12:       1344 bytes,    2556056 total
[2023-03-15T06:22:10.474+0000][69][gc,age      ] GC(404) - age  13:       8696 bytes,    2564752 total
[2023-03-15T06:22:10.474+0000][69][gc,age      ] GC(404) - age  15:     156488 bytes,    2721240 total
[2023-03-15T06:22:10.475+0000][69][gc,heap     ] GC(404) Eden regions: 24->0(23)
[2023-03-15T06:22:10.475+0000][69][gc,heap     ] GC(404) Survivor regions: 1->1(4)
[2023-03-15T06:22:10.476+0000][69][gc,heap     ] GC(404) Old regions: 24->24
[2023-03-15T06:22:10.476+0000][69][gc,heap     ] GC(404) Archive regions: 2->2
[2023-03-15T06:22:10.477+0000][69][gc,heap     ] GC(404) Humongous regions: 2->2
[2023-03-15T06:22:10.477+0000][69][gc,metaspace] GC(404) Metaspace: 138157K(141504K)->138157K(141504K) NonClass: 120640K(121792K)->120640K(121792K) Class: 17517K(19712K)->17517K(19712K)
[2023-03-15T06:22:10.478+0000][69][gc          ] GC(404) Pause Young (Concurrent Start) (G1 Evacuation Pause) 205M->110M(256M) 19.110ms
[2023-03-15T06:22:10.478+0000][69][gc,cpu      ] GC(404) User=0.00s Sys=0.01s Real=0.02s
[2023-03-15T06:22:10.478+0000][69][gc          ] GC(405) Concurrent Mark Cycle
[2023-03-15T06:22:10.479+0000][69][gc,marking  ] GC(405) Concurrent Clear Claimed Marks
[2023-03-15T06:22:10.478+0000][69][safepoint   ] Safepoint "G1CollectForAllocation", Time since last: 29605046841 ns, Reaching safepoint: 103143 ns, At safepoint: 20135430 ns, Total: 20238573 ns
[2023-03-15T06:22:10.480+0000][69][gc,marking  ] GC(405) Concurrent Clear Claimed Marks 0.694ms
[2023-03-15T06:22:10.480+0000][69][gc,marking  ] GC(405) Concurrent Scan Root Regions
[2023-03-15T06:22:10.483+0000][69][gc,marking  ] GC(405) Concurrent Scan Root Regions 2.927ms
[2023-03-15T06:22:10.484+0000][69][gc,marking  ] GC(405) Concurrent Mark
[2023-03-15T06:22:10.484+0000][69][gc,marking  ] GC(405) Concurrent Mark From Roots
[2023-03-15T06:22:10.485+0000][69][gc,task     ] GC(405) Using 1 workers of 1 for marking
[2023-03-15T06:22:10.601+0000][69][gc,marking  ] GC(405) Concurrent Mark From Roots 116.790ms
[2023-03-15T06:22:10.603+0000][69][gc,marking  ] GC(405) Concurrent Preclean
[2023-03-15T06:22:10.604+0000][69][gc,marking  ] GC(405) Concurrent Preclean 1.536ms
[2023-03-15T06:22:10.605+0000][69][gc,start    ] GC(405) Pause Remark
[2023-03-15T06:22:10.616+0000][69][gc          ] GC(405) Pause Remark 112M->112M(256M) 10.776ms
[2023-03-15T06:22:10.616+0000][69][gc,cpu      ] GC(405) User=0.03s Sys=0.00s Real=0.01s
[2023-03-15T06:22:10.617+0000][69][safepoint   ] Safepoint "G1PauseRemark", Time since last: 126327225 ns, Reaching safepoint: 76084 ns, At safepoint: 12597807 ns, Total: 12673891 ns
[2023-03-15T06:22:10.618+0000][69][gc,marking  ] GC(405) Concurrent Mark 134.227ms
[2023-03-15T06:22:10.619+0000][69][gc,marking  ] GC(405) Concurrent Rebuild Remembered Sets
[2023-03-15T06:22:10.673+0000][69][gc,marking  ] GC(405) Concurrent Rebuild Remembered Sets 53.966ms
[2023-03-15T06:22:10.674+0000][69][gc,start    ] GC(405) Pause Cleanup
[2023-03-15T06:22:10.675+0000][69][gc          ] GC(405) Pause Cleanup 112M->112M(256M) 1.155ms
[2023-03-15T06:22:10.676+0000][69][gc,cpu      ] GC(405) User=0.00s Sys=0.00s Real=0.00s
[2023-03-15T06:22:10.676+0000][69][safepoint   ] Safepoint "G1PauseCleanup", Time since last: 56447958 ns, Reaching safepoint: 173528 ns, At safepoint: 2267197 ns, Total: 2440725 ns
[2023-03-15T06:22:10.677+0000][69][gc,marking  ] GC(405) Concurrent Cleanup for Next Mark
[2023-03-15T06:22:10.678+0000][69][gc,marking  ] GC(405) Concurrent Cleanup for Next Mark 0.757ms
[2023-03-15T06:22:10.678+0000][69][gc          ] GC(405) Concurrent Mark Cycle 200.492ms
[2023-03-15T06:22:22.671+0000][69][safepoint   ] Safepoint "Cleanup", Time since last: 12015241638 ns, Reaching safepoint: 930928 ns, At safepoint: 73775 ns, Total: 1004703 ns
[2023-03-15T06:22:28.684+0000][69][safepoint   ] Safepoint "Cleanup", Time since last: 6011831794 ns, Reaching safepoint: 717601 ns, At safepoint: 37057 ns, Total: 754658 ns
[2023-03-15T06:22:45.015+0000][69][gc,start    ] GC(406) Pause Young (Normal) (G1 Evacuation Pause)
[2023-03-15T06:22:45.018+0000][69][gc,task     ] GC(406) Using 4 workers of 4 for evacuation
[2023-03-15T06:22:45.020+0000][69][gc,age      ] GC(406) Desired survivor size 6291456 bytes, new threshold 15 (max threshold 15)
[2023-03-15T06:22:45.027+0000][69][gc,phases   ] GC(406)   Pre Evacuate Collection Set: 0.2ms
[2023-03-15T06:22:45.029+0000][69][gc,phases   ] GC(406)   Merge Heap Roots: 0.3ms
[2023-03-15T06:22:45.030+0000][69][gc,phases   ] GC(406)   Evacuate Collection Set: 3.8ms
[2023-03-15T06:22:45.031+0000][69][gc,phases   ] GC(406)   Post Evacuate Collection Set: 1.4ms
[2023-03-15T06:22:45.032+0000][69][gc,phases   ] GC(406)   Other: 3.2ms
[2023-03-15T06:22:45.033+0000][69][gc,age      ] GC(406) Age table with threshold 15 (max threshold 15)
[2023-03-15T06:22:45.033+0000][69][gc,age      ] GC(406) - age   1:     598976 bytes,     598976 total
[2023-03-15T06:22:45.034+0000][69][gc,age      ] GC(406) - age   2:      24040 bytes,     623016 total
[2023-03-15T06:22:45.035+0000][69][gc,age      ] GC(406) - age   3:      21152 bytes,     644168 total
[2023-03-15T06:22:45.036+0000][69][gc,age      ] GC(406) - age   4:        440 bytes,     644608 total
[2023-03-15T06:22:45.036+0000][69][gc,age      ] GC(406) - age   5:       1576 bytes,     646184 total
[2023-03-15T06:22:45.037+0000][69][gc,age      ] GC(406) - age   6:     320800 bytes,     966984 total
[2023-03-15T06:22:45.038+0000][69][gc,age      ] GC(406) - age   7:       1344 bytes,     968328 total
[2023-03-15T06:22:45.038+0000][69][gc,age      ] GC(406) - age   8:      80408 bytes,    1048736 total
[2023-03-15T06:22:45.039+0000][69][gc,age      ] GC(406) - age   9:     161296 bytes,    1210032 total
[2023-03-15T06:22:45.040+0000][69][gc,age      ] GC(406) - age  10:       6792 bytes,    1216824 total
[2023-03-15T06:22:45.040+0000][69][gc,age      ] GC(406) - age  11:        256 bytes,    1217080 total
[2023-03-15T06:22:45.041+0000][69][gc,age      ] GC(406) - age  12:        440 bytes,    1217520 total
[2023-03-15T06:22:45.042+0000][69][gc,age      ] GC(406) - age  13:       1344 bytes,    1218864 total
[2023-03-15T06:22:45.043+0000][69][gc,age      ] GC(406) - age  14:       8696 bytes,    1227560 total
[2023-03-15T06:22:45.043+0000][69][gc,heap     ] GC(406) Eden regions: 23->0(24)
[2023-03-15T06:22:45.044+0000][69][gc,heap     ] GC(406) Survivor regions: 1->1(3)
[2023-03-15T06:22:45.045+0000][69][gc,heap     ] GC(406) Old regions: 24->24
[2023-03-15T06:22:45.046+0000][69][gc,heap     ] GC(406) Archive regions: 2->2
[2023-03-15T06:22:45.046+0000][69][gc,heap     ] GC(406) Humongous regions: 2->2
[2023-03-15T06:22:45.047+0000][69][gc,metaspace] GC(406) Metaspace: 138158K(141504K)->138158K(141504K) NonClass: 120641K(121792K)->120641K(121792K) Class: 17517K(19712K)->17517K(19712K)
[2023-03-15T06:22:45.048+0000][69][gc          ] GC(406) Pause Young (Normal) (G1 Evacuation Pause) 202M->108M(256M) 32.732ms
[2023-03-15T06:22:45.048+0000][69][gc,cpu      ] GC(406) User=0.01s Sys=0.00s Real=0.03s
[2023-03-15T06:22:45.049+0000][69][safepoint   ] Safepoint "G1CollectForAllocation", Time since last: 16353000888 ns, Reaching safepoint: 395453 ns, At safepoint: 34057294 ns, Total: 34452747 ns
[2023-03-15T06:22:59.062+0000][69][safepoint   ] Safepoint "Cleanup", Time since last: 14013014438 ns, Reaching safepoint: 393814 ns, At safepoint: 37862 ns, Total: 431676 ns
[2023-03-15T06:23:01.066+0000][69][safepoint   ] Safepoint "Cleanup", Time since last: 2003468101 ns, Reaching safepoint: 182405 ns, At safepoint: 48143 ns, Total: 230548 ns
[2023-03-15T06:23:04.074+0000][69][safepoint   ] Safepoint "Cleanup", Time since last: 3006827007 ns, Reaching safepoint: 842297 ns, At safepoint: 60045 ns, Total: 902342 ns
[2023-03-15T06:23:12.793+0000][69][gc,start    ] GC(407) Pause Young (Concurrent Start) (G1 Evacuation Pause)
[2023-03-15T06:23:12.795+0000][69][gc,task     ] GC(407) Using 4 workers of 4 for evacuation
[2023-03-15T06:23:12.796+0000][69][gc,age      ] GC(407) Desired survivor size 8388608 bytes, new threshold 15 (max threshold 15)
[2023-03-15T06:23:12.803+0000][69][gc,phases   ] GC(407)   Pre Evacuate Collection Set: 0.6ms
[2023-03-15T06:23:12.805+0000][69][gc,phases   ] GC(407)   Merge Heap Roots: 0.1ms
[2023-03-15T06:23:12.806+0000][69][gc,phases   ] GC(407)   Evacuate Collection Set: 4.1ms
[2023-03-15T06:23:12.807+0000][69][gc,phases   ] GC(407)   Post Evacuate Collection Set: 1.1ms
[2023-03-15T06:23:12.808+0000][69][gc,phases   ] GC(407)   Other: 2.7ms
[2023-03-15T06:23:12.809+0000][69][gc,age      ] GC(407) Age table with threshold 15 (max threshold 15)
[2023-03-15T06:23:12.809+0000][69][gc,age      ] GC(407) - age   1:    1217912 bytes,    1217912 total
[2023-03-15T06:23:12.810+0000][69][gc,age      ] GC(407) - age   2:       1336 bytes,    1219248 total
[2023-03-15T06:23:12.811+0000][69][gc,age      ] GC(407) - age   3:      22176 bytes,    1241424 total
[2023-03-15T06:23:12.811+0000][69][gc,age      ] GC(407) - age   4:      21024 bytes,    1262448 total
[2023-03-15T06:23:12.812+0000][69][gc,age      ] GC(407) - age   5:        376 bytes,    1262824 total
[2023-03-15T06:23:12.813+0000][69][gc,age      ] GC(407) - age   6:       1576 bytes,    1264400 total
[2023-03-15T06:23:12.814+0000][69][gc,age      ] GC(407) - age   7:     316472 bytes,    1580872 total
[2023-03-15T06:23:12.814+0000][69][gc,age      ] GC(407) - age   8:       1344 bytes,    1582216 total
[2023-03-15T06:23:12.815+0000][69][gc,age      ] GC(407) - age   9:      80408 bytes,    1662624 total
[2023-03-15T06:23:12.816+0000][69][gc,age      ] GC(407) - age  10:     152864 bytes,    1815488 total
[2023-03-15T06:23:12.816+0000][69][gc,age      ] GC(407) - age  11:       6536 bytes,    1822024 total
[2023-03-15T06:23:12.817+0000][69][gc,age      ] GC(407) - age  12:        256 bytes,    1822280 total
[2023-03-15T06:23:12.817+0000][69][gc,age      ] GC(407) - age  13:        440 bytes,    1822720 total
[2023-03-15T06:23:12.818+0000][69][gc,age      ] GC(407) - age  14:       1344 bytes,    1824064 total
[2023-03-15T06:23:12.818+0000][69][gc,age      ] GC(407) - age  15:       8696 bytes,    1832760 total
[2023-03-15T06:23:12.819+0000][69][gc,heap     ] GC(407) Eden regions: 24->0(24)
[2023-03-15T06:23:12.820+0000][69][gc,heap     ] GC(407) Survivor regions: 1->1(4)
[2023-03-15T06:23:12.820+0000][69][gc,heap     ] GC(407) Old regions: 24->24
[2023-03-15T06:23:12.821+0000][69][gc,heap     ] GC(407) Archive regions: 2->2
[2023-03-15T06:23:12.821+0000][69][gc,heap     ] GC(407) Humongous regions: 2->2
[2023-03-15T06:23:12.822+0000][69][gc,metaspace] GC(407) Metaspace: 138159K(141504K)->138159K(141504K) NonClass: 120642K(121792K)->120642K(121792K) Class: 17517K(19712K)->17517K(19712K)
[2023-03-15T06:23:12.823+0000][69][gc          ] GC(407) Pause Young (Concurrent Start) (G1 Evacuation Pause) 204M->109M(256M) 30.215ms
[2023-03-15T06:23:12.823+0000][69][gc,cpu      ] GC(407) User=0.01s Sys=0.01s Real=0.03s
[2023-03-15T06:23:12.823+0000][69][gc          ] GC(408) Concurrent Mark Cycle
[2023-03-15T06:23:12.824+0000][69][gc,marking  ] GC(408) Concurrent Clear Claimed Marks
[2023-03-15T06:23:12.824+0000][69][safepoint   ] Safepoint "G1CollectForAllocation", Time since last: 8718362501 ns, Reaching safepoint: 482323 ns, At safepoint: 31421283 ns, Total: 31903606 ns
[2023-03-15T06:23:12.825+0000][69][gc,marking  ] GC(408) Concurrent Clear Claimed Marks 0.781ms
[2023-03-15T06:23:12.826+0000][69][gc,marking  ] GC(408) Concurrent Scan Root Regions
[2023-03-15T06:23:12.829+0000][69][gc,marking  ] GC(408) Concurrent Scan Root Regions 2.696ms
[2023-03-15T06:23:12.830+0000][69][gc,marking  ] GC(408) Concurrent Mark
[2023-03-15T06:23:12.830+0000][69][gc,marking  ] GC(408) Concurrent Mark From Roots
[2023-03-15T06:23:12.831+0000][69][gc,task     ] GC(408) Using 1 workers of 1 for marking
[2023-03-15T06:23:12.931+0000][69][gc,marking  ] GC(408) Concurrent Mark From Roots 100.717ms
[2023-03-15T06:23:12.932+0000][69][gc,marking  ] GC(408) Concurrent Preclean
[2023-03-15T06:23:12.933+0000][69][gc,marking  ] GC(408) Concurrent Preclean 1.116ms
[2023-03-15T06:23:12.934+0000][69][gc,start    ] GC(408) Pause Remark
[2023-03-15T06:23:12.944+0000][69][gc          ] GC(408) Pause Remark 112M->112M(256M) 10.132ms
[2023-03-15T06:23:12.945+0000][69][gc,cpu      ] GC(408) User=0.03s Sys=0.00s Real=0.01s
[2023-03-15T06:23:12.946+0000][69][safepoint   ] Safepoint "G1PauseRemark", Time since last: 109768808 ns, Reaching safepoint: 152596 ns, At safepoint: 12055785 ns, Total: 12208381 ns
[2023-03-15T06:23:12.947+0000][69][gc,marking  ] GC(408) Concurrent Mark 117.149ms
[2023-03-15T06:23:12.947+0000][69][gc,marking  ] GC(408) Concurrent Rebuild Remembered Sets
[2023-03-15T06:23:12.997+0000][69][gc,marking  ] GC(408) Concurrent Rebuild Remembered Sets 49.746ms
[2023-03-15T06:23:12.999+0000][69][gc,start    ] GC(408) Pause Cleanup
[2023-03-15T06:23:13.000+0000][69][gc          ] GC(408) Pause Cleanup 112M->112M(256M) 0.915ms
[2023-03-15T06:23:13.001+0000][69][gc,cpu      ] GC(408) User=0.00s Sys=0.00s Real=0.00s
[2023-03-15T06:23:13.001+0000][69][safepoint   ] Safepoint "G1PauseCleanup", Time since last: 52509147 ns, Reaching safepoint: 171275 ns, At safepoint: 2309290 ns, Total: 2480565 ns
[2023-03-15T06:23:13.001+0000][69][gc,marking  ] GC(408) Concurrent Cleanup for Next Mark
[2023-03-15T06:23:13.002+0000][69][gc,marking  ] GC(408) Concurrent Cleanup for Next Mark 0.725ms
[2023-03-15T06:23:13.003+0000][69][gc          ] GC(408) Concurrent Mark Cycle 179.060ms
[2023-03-15T06:23:45.992+0000][69][gc,start    ] GC(409) Pause Young (Normal) (G1 Evacuation Pause)
[2023-03-15T06:23:45.992+0000][69][gc,task     ] GC(409) Using 4 workers of 4 for evacuation
[2023-03-15T06:23:45.993+0000][69][gc,age      ] GC(409) Desired survivor size 8388608 bytes, new threshold 15 (max threshold 15)
[2023-03-15T06:23:45.997+0000][69][gc,phases   ] GC(409)   Pre Evacuate Collection Set: 0.1ms
[2023-03-15T06:23:45.997+0000][69][gc,phases   ] GC(409)   Merge Heap Roots: 0.1ms
[2023-03-15T06:23:45.998+0000][69][gc,phases   ] GC(409)   Evacuate Collection Set: 2.3ms
[2023-03-15T06:23:45.998+0000][69][gc,phases   ] GC(409)   Post Evacuate Collection Set: 0.8ms
[2023-03-15T06:23:45.999+0000][69][gc,phases   ] GC(409)   Other: 0.9ms
[2023-03-15T06:23:45.999+0000][69][gc,age      ] GC(409) Age table with threshold 15 (max threshold 15)
[2023-03-15T06:23:45.999+0000][69][gc,age      ] GC(409) - age   1:    1715632 bytes,    1715632 total
[2023-03-15T06:23:46.000+0000][69][gc,age      ] GC(409) - age   2:       2440 bytes,    1718072 total
[2023-03-15T06:23:46.000+0000][69][gc,age      ] GC(409) - age   3:        504 bytes,    1718576 total
[2023-03-15T06:23:46.001+0000][69][gc,age      ] GC(409) - age   4:      21984 bytes,    1740560 total
[2023-03-15T06:23:46.001+0000][69][gc,age      ] GC(409) - age   5:      20712 bytes,    1761272 total
[2023-03-15T06:23:46.002+0000][69][gc,age      ] GC(409) - age   6:        312 bytes,    1761584 total
[2023-03-15T06:23:46.002+0000][69][gc,age      ] GC(409) - age   7:       1280 bytes,    1762864 total
[2023-03-15T06:23:46.002+0000][69][gc,age      ] GC(409) - age   8:     316472 bytes,    2079336 total
[2023-03-15T06:23:46.003+0000][69][gc,age      ] GC(409) - age   9:       1344 bytes,    2080680 total
[2023-03-15T06:23:46.003+0000][69][gc,age      ] GC(409) - age  10:      80408 bytes,    2161088 total
[2023-03-15T06:23:46.004+0000][69][gc,age      ] GC(409) - age  11:     152744 bytes,    2313832 total
[2023-03-15T06:23:46.004+0000][69][gc,age      ] GC(409) - age  12:       6536 bytes,    2320368 total
[2023-03-15T06:23:46.004+0000][69][gc,age      ] GC(409) - age  13:        256 bytes,    2320624 total
[2023-03-15T06:23:46.005+0000][69][gc,age      ] GC(409) - age  14:        440 bytes,    2321064 total
[2023-03-15T06:23:46.005+0000][69][gc,age      ] GC(409) - age  15:       1344 bytes,    2322408 total
[2023-03-15T06:23:46.005+0000][69][gc,heap     ] GC(409) Eden regions: 24->0(23)
[2023-03-15T06:23:46.006+0000][69][gc,heap     ] GC(409) Survivor regions: 1->1(4)
[2023-03-15T06:23:46.006+0000][69][gc,heap     ] GC(409) Old regions: 24->24
[2023-03-15T06:23:46.007+0000][69][gc,heap     ] GC(409) Archive regions: 2->2
[2023-03-15T06:23:46.007+0000][69][gc,heap     ] GC(409) Humongous regions: 2->2
[2023-03-15T06:23:46.007+0000][69][gc,metaspace] GC(409) Metaspace: 138161K(141504K)->138161K(141504K) NonClass: 120644K(121792K)->120644K(121792K) Class: 17517K(19712K)->17517K(19712K)
[2023-03-15T06:23:46.008+0000][69][gc          ] GC(409) Pause Young (Normal) (G1 Evacuation Pause) 205M->110M(256M) 15.973ms
[2023-03-15T06:23:46.008+0000][69][gc,cpu      ] GC(409) User=0.00s Sys=0.00s Real=0.02s
[2023-03-15T06:23:46.009+0000][69][safepoint   ] Safepoint "G1CollectForAllocation", Time since last: 33034129129 ns, Reaching safepoint: 347200 ns, At safepoint: 16959139 ns, Total: 17306339 ns
[2023-03-15T06:24:15.769+0000][69][gc,start    ] GC(410) Pause Young (Concurrent Start) (G1 Evacuation Pause)
[2023-03-15T06:24:15.771+0000][69][gc,task     ] GC(410) Using 4 workers of 4 for evacuation
[2023-03-15T06:24:15.773+0000][69][gc,age      ] GC(410) Desired survivor size 6291456 bytes, new threshold 15 (max threshold 15)
[2023-03-15T06:24:15.781+0000][69][gc,phases   ] GC(410)   Pre Evacuate Collection Set: 0.9ms
[2023-03-15T06:24:15.782+0000][69][gc,phases   ] GC(410)   Merge Heap Roots: 0.3ms
[2023-03-15T06:24:15.783+0000][69][gc,phases   ] GC(410)   Evacuate Collection Set: 2.0ms
[2023-03-15T06:24:15.783+0000][69][gc,phases   ] GC(410)   Post Evacuate Collection Set: 2.9ms
[2023-03-15T06:24:15.784+0000][69][gc,phases   ] GC(410)   Other: 4.1ms
[2023-03-15T06:24:15.784+0000][69][gc,age      ] GC(410) Age table with threshold 15 (max threshold 15)
[2023-03-15T06:24:15.785+0000][69][gc,age      ] GC(410) - age   1:     291440 bytes,     291440 total
[2023-03-15T06:24:15.786+0000][69][gc,age      ] GC(410) - age   2:      45808 bytes,     337248 total
[2023-03-15T06:24:15.786+0000][69][gc,age      ] GC(410) - age   3:       1064 bytes,     338312 total
[2023-03-15T06:24:15.787+0000][69][gc,age      ] GC(410) - age   4:        376 bytes,     338688 total
[2023-03-15T06:24:15.788+0000][69][gc,age      ] GC(410) - age   5:      21616 bytes,     360304 total
[2023-03-15T06:24:15.789+0000][69][gc,age      ] GC(410) - age   6:      20648 bytes,     380952 total
[2023-03-15T06:24:15.790+0000][69][gc,age      ] GC(410) - age   7:        312 bytes,     381264 total
[2023-03-15T06:24:15.791+0000][69][gc,age      ] GC(410) - age   8:       1152 bytes,     382416 total
[2023-03-15T06:24:15.792+0000][69][gc,age      ] GC(410) - age   9:     316472 bytes,     698888 total
[2023-03-15T06:24:15.793+0000][69][gc,age      ] GC(410) - age  10:       1048 bytes,     699936 total
[2023-03-15T06:24:15.793+0000][69][gc,age      ] GC(410) - age  11:      80408 bytes,     780344 total
[2023-03-15T06:24:15.794+0000][69][gc,age      ] GC(410) - age  12:     152744 bytes,     933088 total
[2023-03-15T06:24:15.795+0000][69][gc,age      ] GC(410) - age  13:       6536 bytes,     939624 total
[2023-03-15T06:24:15.796+0000][69][gc,age      ] GC(410) - age  14:        216 bytes,     939840 total
[2023-03-15T06:24:15.796+0000][69][gc,age      ] GC(410) - age  15:        440 bytes,     940280 total
[2023-03-15T06:24:15.797+0000][69][gc,heap     ] GC(410) Eden regions: 23->0(24)
[2023-03-15T06:24:15.797+0000][69][gc,heap     ] GC(410) Survivor regions: 1->1(3)
[2023-03-15T06:24:15.798+0000][69][gc,heap     ] GC(410) Old regions: 24->24
[2023-03-15T06:24:15.798+0000][69][gc,heap     ] GC(410) Archive regions: 2->2
[2023-03-15T06:24:15.799+0000][69][gc,heap     ] GC(410) Humongous regions: 2->2
[2023-03-15T06:24:15.799+0000][69][gc,metaspace] GC(410) Metaspace: 138161K(141504K)->138161K(141504K) NonClass: 120644K(121792K)->120644K(121792K) Class: 17517K(19712K)->17517K(19712K)
[2023-03-15T06:24:15.800+0000][69][gc          ] GC(410) Pause Young (Concurrent Start) (G1 Evacuation Pause) 202M->108M(256M) 30.182ms
[2023-03-15T06:24:15.800+0000][69][gc,cpu      ] GC(410) User=0.01s Sys=0.00s Real=0.03s
[2023-03-15T06:24:15.801+0000][69][safepoint   ] Safepoint "G1CollectForAllocation", Time since last: 29781751945 ns, Reaching safepoint: 297665 ns, At safepoint: 31273037 ns, Total: 31570702 ns
[2023-03-15T06:24:15.800+0000][69][gc          ] GC(411) Concurrent Mark Cycle
[2023-03-15T06:24:15.802+0000][69][gc,marking  ] GC(411) Concurrent Clear Claimed Marks
[2023-03-15T06:24:15.804+0000][69][gc,marking  ] GC(411) Concurrent Clear Claimed Marks 1.394ms
[2023-03-15T06:24:15.805+0000][69][gc,marking  ] GC(411) Concurrent Scan Root Regions
[2023-03-15T06:24:15.807+0000][69][gc,marking  ] GC(411) Concurrent Scan Root Regions 2.441ms
[2023-03-15T06:24:15.808+0000][69][gc,marking  ] GC(411) Concurrent Mark
[2023-03-15T06:24:15.809+0000][69][gc,marking  ] GC(411) Concurrent Mark From Roots
[2023-03-15T06:24:15.809+0000][69][gc,task     ] GC(411) Using 1 workers of 1 for marking
[2023-03-15T06:24:16.010+0000][69][gc,marking  ] GC(411) Concurrent Mark From Roots 201.456ms
[2023-03-15T06:24:16.011+0000][69][gc,marking  ] GC(411) Concurrent Preclean
[2023-03-15T06:24:16.012+0000][69][gc,marking  ] GC(411) Concurrent Preclean 0.993ms
[2023-03-15T06:24:16.012+0000][69][gc,start    ] GC(411) Pause Remark
[2023-03-15T06:24:16.024+0000][69][gc          ] GC(411) Pause Remark 111M->111M(256M) 11.731ms
[2023-03-15T06:24:16.025+0000][69][gc,cpu      ] GC(411) User=0.04s Sys=0.00s Real=0.02s
[2023-03-15T06:24:16.026+0000][69][safepoint   ] Safepoint "G1PauseRemark", Time since last: 211583791 ns, Reaching safepoint: 164708 ns, At safepoint: 13292507 ns, Total: 13457215 ns
[2023-03-15T06:24:16.026+0000][69][gc,marking  ] GC(411) Concurrent Mark 218.474ms
[2023-03-15T06:24:16.027+0000][69][gc,marking  ] GC(411) Concurrent Rebuild Remembered Sets
[2023-03-15T06:24:16.097+0000][69][gc,marking  ] GC(411) Concurrent Rebuild Remembered Sets 70.125ms
[2023-03-15T06:24:16.098+0000][69][gc,start    ] GC(411) Pause Cleanup
[2023-03-15T06:24:16.099+0000][69][gc          ] GC(411) Pause Cleanup 112M->112M(256M) 0.495ms
[2023-03-15T06:24:16.099+0000][69][gc,cpu      ] GC(411) User=0.00s Sys=0.00s Real=0.00s
[2023-03-15T06:24:16.100+0000][69][safepoint   ] Safepoint "G1PauseCleanup", Time since last: 72330415 ns, Reaching safepoint: 141972 ns, At safepoint: 1541658 ns, Total: 1683630 ns
[2023-03-15T06:24:16.100+0000][69][gc,marking  ] GC(411) Concurrent Cleanup for Next Mark
[2023-03-15T06:24:16.101+0000][69][gc,marking  ] GC(411) Concurrent Cleanup for Next Mark 0.988ms
[2023-03-15T06:24:16.102+0000][69][gc          ] GC(411) Concurrent Mark Cycle 302.096ms
[2023-03-15T06:24:46.494+0000][69][gc,start    ] GC(412) Pause Young (Normal) (G1 Evacuation Pause)
[2023-03-15T06:24:46.495+0000][69][gc,task     ] GC(412) Using 4 workers of 4 for evacuation
[2023-03-15T06:24:46.495+0000][69][gc,age      ] GC(412) Desired survivor size 8388608 bytes, new threshold 15 (max threshold 15)
[2023-03-15T06:24:46.498+0000][69][gc,phases   ] GC(412)   Pre Evacuate Collection Set: 0.1ms
[2023-03-15T06:24:46.499+0000][69][gc,phases   ] GC(412)   Merge Heap Roots: 0.1ms
[2023-03-15T06:24:46.499+0000][69][gc,phases   ] GC(412)   Evacuate Collection Set: 1.3ms
[2023-03-15T06:24:46.500+0000][69][gc,phases   ] GC(412)   Post Evacuate Collection Set: 0.7ms
[2023-03-15T06:24:46.501+0000][69][gc,phases   ] GC(412)   Other: 1.0ms
[2023-03-15T06:24:46.502+0000][69][gc,age      ] GC(412) Age table with threshold 15 (max threshold 15)
[2023-03-15T06:24:46.502+0000][69][gc,age      ] GC(412) - age   1:     651824 bytes,     651824 total
[2023-03-15T06:24:46.503+0000][69][gc,age      ] GC(412) - age   2:      34840 bytes,     686664 total
[2023-03-15T06:24:46.505+0000][69][gc,age      ] GC(412) - age   3:      44928 bytes,     731592 total
[2023-03-15T06:24:46.506+0000][69][gc,age      ] GC(412) - age   4:        720 bytes,     732312 total
[2023-03-15T06:24:46.507+0000][69][gc,age      ] GC(412) - age   5:        312 bytes,     732624 total
[2023-03-15T06:24:46.527+0000][69][gc,age      ] GC(412) - age   6:      21216 bytes,     753840 total
[2023-03-15T06:24:46.528+0000][69][gc,age      ] GC(412) - age   7:      16848 bytes,     770688 total
[2023-03-15T06:24:46.529+0000][69][gc,age      ] GC(412) - age   8:        248 bytes,     770936 total
[2023-03-15T06:24:46.529+0000][69][gc,age      ] GC(412) - age   9:       1152 bytes,     772088 total
[2023-03-15T06:24:46.530+0000][69][gc,age      ] GC(412) - age  10:     301568 bytes,    1073656 total
[2023-03-15T06:24:46.530+0000][69][gc,age      ] GC(412) - age  11:       1048 bytes,    1074704 total
[2023-03-15T06:24:46.531+0000][69][gc,age      ] GC(412) - age  12:      80224 bytes,    1154928 total
[2023-03-15T06:24:46.531+0000][69][gc,age      ] GC(412) - age  13:     152744 bytes,    1307672 total
[2023-03-15T06:24:46.532+0000][69][gc,age      ] GC(412) - age  14:       6536 bytes,    1314208 total
[2023-03-15T06:24:46.532+0000][69][gc,age      ] GC(412) - age  15:        216 bytes,    1314424 total
[2023-03-15T06:24:46.532+0000][69][gc,heap     ] GC(412) Eden regions: 24->0(24)
[2023-03-15T06:24:46.533+0000][69][gc,heap     ] GC(412) Survivor regions: 1->1(4)
[2023-03-15T06:24:46.533+0000][69][gc,heap     ] GC(412) Old regions: 24->24
[2023-03-15T06:24:46.534+0000][69][gc,heap     ] GC(412) Archive regions: 2->2
[2023-03-15T06:24:46.534+0000][69][gc,heap     ] GC(412) Humongous regions: 2->2
[2023-03-15T06:24:46.535+0000][69][gc,metaspace] GC(412) Metaspace: 138161K(141504K)->138161K(141504K) NonClass: 120644K(121792K)->120644K(121792K) Class: 17517K(19712K)->17517K(19712K)
[2023-03-15T06:24:46.535+0000][69][gc          ] GC(412) Pause Young (Normal) (G1 Evacuation Pause) 204M->109M(256M) 41.356ms
[2023-03-15T06:24:46.536+0000][69][gc,cpu      ] GC(412) User=0.00s Sys=0.00s Real=0.04s
[2023-03-15T06:24:46.536+0000][69][safepoint   ] Safepoint "G1CollectForAllocation", Time since last: 30416742954 ns, Reaching safepoint: 116345 ns, At safepoint: 42295571 ns, Total: 42411916 ns
[2023-03-15T06:25:13.535+0000][69][safepoint   ] Safepoint "Cleanup", Time since last: 27022794345 ns, Reaching safepoint: 617410 ns, At safepoint: 15050 ns, Total: 632460 ns
[2023-03-15T06:25:15.753+0000][69][gc,start    ] GC(413) Pause Young (Concurrent Start) (G1 Evacuation Pause)
[2023-03-15T06:25:15.753+0000][69][gc,task     ] GC(413) Using 4 workers of 4 for evacuation
[2023-03-15T06:25:15.754+0000][69][gc,age      ] GC(413) Desired survivor size 8388608 bytes, new threshold 15 (max threshold 15)
[2023-03-15T06:25:15.758+0000][69][gc,phases   ] GC(413)   Pre Evacuate Collection Set: 0.4ms
[2023-03-15T06:25:15.759+0000][69][gc,phases   ] GC(413)   Merge Heap Roots: 0.1ms
[2023-03-15T06:25:15.760+0000][69][gc,phases   ] GC(413)   Evacuate Collection Set: 1.7ms
[2023-03-15T06:25:15.760+0000][69][gc,phases   ] GC(413)   Post Evacuate Collection Set: 1.2ms
[2023-03-15T06:25:15.761+0000][69][gc,phases   ] GC(413)   Other: 1.2ms
[2023-03-15T06:25:15.761+0000][69][gc,age      ] GC(413) Age table with threshold 15 (max threshold 15)
[2023-03-15T06:25:15.762+0000][69][gc,age      ] GC(413) - age   1:    1615664 bytes,    1615664 total
[2023-03-15T06:25:15.762+0000][69][gc,age      ] GC(413) - age   2:      41432 bytes,    1657096 total
[2023-03-15T06:25:15.763+0000][69][gc,age      ] GC(413) - age   3:      25320 bytes,    1682416 total
[2023-03-15T06:25:15.763+0000][69][gc,age      ] GC(413) - age   4:      43320 bytes,    1725736 total
[2023-03-15T06:25:15.764+0000][69][gc,age      ] GC(413) - age   5:        656 bytes,    1726392 total
[2023-03-15T06:25:15.764+0000][69][gc,age      ] GC(413) - age   6:        296 bytes,    1726688 total
[2023-03-15T06:25:15.765+0000][69][gc,age      ] GC(413) - age   7:      21216 bytes,    1747904 total
[2023-03-15T06:25:15.765+0000][69][gc,age      ] GC(413) - age   8:       8832 bytes,    1756736 total
[2023-03-15T06:25:15.765+0000][69][gc,age      ] GC(413) - age   9:        248 bytes,    1756984 total
[2023-03-15T06:25:15.766+0000][69][gc,age      ] GC(413) - age  11:       8296 bytes,    1765280 total
[2023-03-15T06:25:15.767+0000][69][gc,age      ] GC(413) - age  12:       1048 bytes,    1766328 total
[2023-03-15T06:25:15.767+0000][69][gc,age      ] GC(413) - age  13:      80224 bytes,    1846552 total
[2023-03-15T06:25:15.767+0000][69][gc,age      ] GC(413) - age  14:     152616 bytes,    1999168 total
[2023-03-15T06:25:15.768+0000][69][gc,age      ] GC(413) - age  15:       6536 bytes,    2005704 total
[2023-03-15T06:25:15.768+0000][69][gc,heap     ] GC(413) Eden regions: 24->0(24)
[2023-03-15T06:25:15.769+0000][69][gc,heap     ] GC(413) Survivor regions: 1->1(4)
[2023-03-15T06:25:15.769+0000][69][gc,heap     ] GC(413) Old regions: 24->24
[2023-03-15T06:25:15.770+0000][69][gc,heap     ] GC(413) Archive regions: 2->2
[2023-03-15T06:25:15.770+0000][69][gc,heap     ] GC(413) Humongous regions: 2->2
[2023-03-15T06:25:15.771+0000][69][gc,metaspace] GC(413) Metaspace: 138230K(141568K)->138230K(141568K) NonClass: 120712K(121856K)->120712K(121856K) Class: 17517K(19712K)->17517K(19712K)
[2023-03-15T06:25:15.771+0000][69][gc          ] GC(413) Pause Young (Concurrent Start) (G1 Evacuation Pause) 205M->109M(256M) 18.607ms
[2023-03-15T06:25:15.772+0000][69][gc          ] GC(414) Concurrent Mark Cycle
[2023-03-15T06:25:15.772+0000][69][gc,marking  ] GC(414) Concurrent Clear Claimed Marks
[2023-03-15T06:25:15.773+0000][69][gc,marking  ] GC(414) Concurrent Clear Claimed Marks 0.615ms
[2023-03-15T06:25:15.773+0000][69][gc,marking  ] GC(414) Concurrent Scan Root Regions
[2023-03-15T06:25:15.772+0000][69][gc,cpu      ] GC(413) User=0.01s Sys=0.00s Real=0.02s
[2023-03-15T06:25:15.775+0000][69][safepoint   ] Safepoint "G1CollectForAllocation", Time since last: 2217339172 ns, Reaching safepoint: 128246 ns, At safepoint: 22291268 ns, Total: 22419514 ns
[2023-03-15T06:25:15.776+0000][69][gc,marking  ] GC(414) Concurrent Scan Root Regions 2.893ms
[2023-03-15T06:25:15.777+0000][69][gc,marking  ] GC(414) Concurrent Mark
[2023-03-15T06:25:15.777+0000][69][gc,marking  ] GC(414) Concurrent Mark From Roots
[2023-03-15T06:25:15.778+0000][69][gc,task     ] GC(414) Using 1 workers of 1 for marking
[2023-03-15T06:25:15.911+0000][69][gc,marking  ] GC(414) Concurrent Mark From Roots 133.692ms
[2023-03-15T06:25:15.912+0000][69][gc,marking  ] GC(414) Concurrent Preclean
[2023-03-15T06:25:15.913+0000][69][gc,marking  ] GC(414) Concurrent Preclean 0.992ms
[2023-03-15T06:25:15.914+0000][69][gc,start    ] GC(414) Pause Remark
[2023-03-15T06:25:15.923+0000][69][gc          ] GC(414) Pause Remark 112M->112M(256M) 8.831ms
[2023-03-15T06:25:15.924+0000][69][gc,cpu      ] GC(414) User=0.03s Sys=0.00s Real=0.01s
[2023-03-15T06:25:15.924+0000][69][safepoint   ] Safepoint "G1PauseRemark", Time since last: 138747845 ns, Reaching safepoint: 174422 ns, At safepoint: 10303176 ns, Total: 10477598 ns
[2023-03-15T06:25:15.925+0000][69][gc,marking  ] GC(414) Concurrent Mark 148.692ms
[2023-03-15T06:25:15.926+0000][69][gc,marking  ] GC(414) Concurrent Rebuild Remembered Sets
[2023-03-15T06:25:15.988+0000][69][gc,marking  ] GC(414) Concurrent Rebuild Remembered Sets 61.898ms
[2023-03-15T06:25:15.988+0000][69][gc,start    ] GC(414) Pause Cleanup
[2023-03-15T06:25:15.989+0000][69][gc          ] GC(414) Pause Cleanup 112M->112M(256M) 0.404ms
[2023-03-15T06:25:15.989+0000][69][gc,cpu      ] GC(414) User=0.00s Sys=0.00s Real=0.00s
[2023-03-15T06:25:15.989+0000][69][safepoint   ] Safepoint "G1PauseCleanup", Time since last: 64006266 ns, Reaching safepoint: 52845 ns, At safepoint: 1202927 ns, Total: 1255772 ns
[2023-03-15T06:25:15.990+0000][69][gc,marking  ] GC(414) Concurrent Cleanup for Next Mark
[2023-03-15T06:25:15.991+0000][69][gc,marking  ] GC(414) Concurrent Cleanup for Next Mark 1.169ms
[2023-03-15T06:25:15.992+0000][69][gc          ] GC(414) Concurrent Mark Cycle 220.129ms
[2023-03-15T06:25:24.998+0000][69][safepoint   ] Safepoint "Cleanup", Time since last: 9008582258 ns, Reaching safepoint: 235600 ns, At safepoint: 41105 ns, Total: 276705 ns
[2023-03-15T06:25:46.877+0000][69][gc,start    ] GC(415) Pause Young (Normal) (G1 Evacuation Pause)
[2023-03-15T06:25:46.878+0000][69][gc,task     ] GC(415) Using 4 workers of 4 for evacuation
[2023-03-15T06:25:46.879+0000][69][gc,age      ] GC(415) Desired survivor size 8388608 bytes, new threshold 15 (max threshold 15)
[2023-03-15T06:25:46.885+0000][69][gc,phases   ] GC(415)   Pre Evacuate Collection Set: 0.2ms
[2023-03-15T06:25:46.886+0000][69][gc,phases   ] GC(415)   Merge Heap Roots: 0.2ms
[2023-03-15T06:25:46.887+0000][69][gc,phases   ] GC(415)   Evacuate Collection Set: 2.6ms
[2023-03-15T06:25:46.888+0000][69][gc,phases   ] GC(415)   Post Evacuate Collection Set: 1.7ms
[2023-03-15T06:25:46.889+0000][69][gc,phases   ] GC(415)   Other: 1.9ms
[2023-03-15T06:25:46.889+0000][69][gc,age      ] GC(415) Age table with threshold 15 (max threshold 15)
[2023-03-15T06:25:46.890+0000][69][gc,age      ] GC(415) - age   1:    1642240 bytes,    1642240 total
[2023-03-15T06:25:46.891+0000][69][gc,age      ] GC(415) - age   2:     282400 bytes,    1924640 total
[2023-03-15T06:25:46.891+0000][69][gc,age      ] GC(415) - age   3:      40560 bytes,    1965200 total
[2023-03-15T06:25:46.892+0000][69][gc,age      ] GC(415) - age   4:      25320 bytes,    1990520 total
[2023-03-15T06:25:46.892+0000][69][gc,age      ] GC(415) - age   5:      43320 bytes,    2033840 total
[2023-03-15T06:25:46.893+0000][69][gc,age      ] GC(415) - age   6:        656 bytes,    2034496 total
[2023-03-15T06:25:46.893+0000][69][gc,age      ] GC(415) - age   8:      21216 bytes,    2055712 total
[2023-03-15T06:25:46.894+0000][69][gc,age      ] GC(415) - age   9:        400 bytes,    2056112 total
[2023-03-15T06:25:46.894+0000][69][gc,age      ] GC(415) - age  10:        248 bytes,    2056360 total
[2023-03-15T06:25:46.895+0000][69][gc,age      ] GC(415) - age  12:       4784 bytes,    2061144 total
[2023-03-15T06:25:46.895+0000][69][gc,age      ] GC(415) - age  13:       1048 bytes,    2062192 total
[2023-03-15T06:25:46.896+0000][69][gc,age      ] GC(415) - age  14:      80224 bytes,    2142416 total
[2023-03-15T06:25:46.896+0000][69][gc,age      ] GC(415) - age  15:     152616 bytes,    2295032 total
[2023-03-15T06:25:46.896+0000][69][gc,heap     ] GC(415) Eden regions: 24->0(24)
[2023-03-15T06:25:46.897+0000][69][gc,heap     ] GC(415) Survivor regions: 1->1(4)
[2023-03-15T06:25:46.897+0000][69][gc,heap     ] GC(415) Old regions: 24->24
[2023-03-15T06:25:46.897+0000][69][gc,heap     ] GC(415) Archive regions: 2->2
[2023-03-15T06:25:46.898+0000][69][gc,heap     ] GC(415) Humongous regions: 2->2
[2023-03-15T06:25:46.898+0000][69][gc,metaspace] GC(415) Metaspace: 138251K(141632K)->138251K(141632K) NonClass: 120734K(121920K)->120734K(121920K) Class: 17517K(19712K)->17517K(19712K)
[2023-03-15T06:25:46.899+0000][69][gc          ] GC(415) Pause Young (Normal) (G1 Evacuation Pause) 205M->109M(256M) 21.762ms
[2023-03-15T06:25:46.900+0000][69][gc,cpu      ] GC(415) User=0.01s Sys=0.00s Real=0.02s
[2023-03-15T06:25:46.900+0000][69][safepoint   ] Safepoint "G1CollectForAllocation", Time since last: 21898989009 ns, Reaching safepoint: 252668 ns, At safepoint: 23191963 ns, Total: 23444631 ns
[2023-03-15T06:25:58.912+0000][69][safepoint   ] Safepoint "Cleanup", Time since last: 12011034522 ns, Reaching safepoint: 936221 ns, At safepoint: 19113 ns, Total: 955334 ns
[2023-03-15T06:26:02.919+0000][69][safepoint   ] Safepoint "Cleanup", Time since last: 4006537406 ns, Reaching safepoint: 455080 ns, At safepoint: 24982 ns, Total: 480062 ns
[2023-03-15T06:26:16.375+0000][69][gc,start    ] GC(416) Pause Young (Concurrent Start) (G1 Evacuation Pause)
[2023-03-15T06:26:16.376+0000][69][gc,task     ] GC(416) Using 4 workers of 4 for evacuation
[2023-03-15T06:26:16.376+0000][69][gc,age      ] GC(416) Desired survivor size 8388608 bytes, new threshold 15 (max threshold 15)
[2023-03-15T06:26:16.380+0000][69][gc,phases   ] GC(416)   Pre Evacuate Collection Set: 0.4ms
[2023-03-15T06:26:16.380+0000][69][gc,phases   ] GC(416)   Merge Heap Roots: 0.1ms
[2023-03-15T06:26:16.381+0000][69][gc,phases   ] GC(416)   Evacuate Collection Set: 1.9ms
[2023-03-15T06:26:16.381+0000][69][gc,phases   ] GC(416)   Post Evacuate Collection Set: 0.8ms
[2023-03-15T06:26:16.382+0000][69][gc,phases   ] GC(416)   Other: 1.0ms
[2023-03-15T06:26:16.382+0000][69][gc,age      ] GC(416) Age table with threshold 15 (max threshold 15)
[2023-03-15T06:26:16.383+0000][69][gc,age      ] GC(416) - age   1:    1791648 bytes,    1791648 total
[2023-03-15T06:26:16.383+0000][69][gc,age      ] GC(416) - age   2:      20144 bytes,    1811792 total
[2023-03-15T06:26:16.383+0000][69][gc,age      ] GC(416) - age   3:     275704 bytes,    2087496 total
[2023-03-15T06:26:16.384+0000][69][gc,age      ] GC(416) - age   4:      40528 bytes,    2128024 total
[2023-03-15T06:26:16.384+0000][69][gc,age      ] GC(416) - age   5:      25144 bytes,    2153168 total
[2023-03-15T06:26:16.385+0000][69][gc,age      ] GC(416) - age   6:      39392 bytes,    2192560 total
[2023-03-15T06:26:16.385+0000][69][gc,age      ] GC(416) - age   7:        656 bytes,    2193216 total
[2023-03-15T06:26:16.386+0000][69][gc,age      ] GC(416) - age   9:      21192 bytes,    2214408 total
[2023-03-15T06:26:16.386+0000][69][gc,age      ] GC(416) - age  10:        400 bytes,    2214808 total
[2023-03-15T06:26:16.387+0000][69][gc,age      ] GC(416) - age  11:        248 bytes,    2215056 total
[2023-03-15T06:26:16.387+0000][69][gc,age      ] GC(416) - age  13:       4600 bytes,    2219656 total
[2023-03-15T06:26:16.388+0000][69][gc,age      ] GC(416) - age  14:       1048 bytes,    2220704 total
[2023-03-15T06:26:16.389+0000][69][gc,age      ] GC(416) - age  15:      80224 bytes,    2300928 total
[2023-03-15T06:26:16.389+0000][69][gc,heap     ] GC(416) Eden regions: 24->0(23)
[2023-03-15T06:26:16.390+0000][69][gc,heap     ] GC(416) Survivor regions: 1->1(4)
[2023-03-15T06:26:16.391+0000][69][gc,heap     ] GC(416) Old regions: 24->24
[2023-03-15T06:26:16.391+0000][69][gc,heap     ] GC(416) Archive regions: 2->2
[2023-03-15T06:26:16.391+0000][69][gc,heap     ] GC(416) Humongous regions: 2->2
[2023-03-15T06:26:16.392+0000][69][gc,metaspace] GC(416) Metaspace: 138259K(141632K)->138259K(141632K) NonClass: 120742K(121920K)->120742K(121920K) Class: 17517K(19712K)->17517K(19712K)
[2023-03-15T06:26:16.392+0000][69][gc          ] GC(416) Pause Young (Concurrent Start) (G1 Evacuation Pause) 205M->110M(256M) 17.182ms
[2023-03-15T06:26:16.393+0000][69][gc,cpu      ] GC(416) User=0.01s Sys=0.01s Real=0.02s
[2023-03-15T06:26:16.393+0000][69][safepoint   ] Safepoint "G1CollectForAllocation", Time since last: 13479106167 ns, Reaching safepoint: 86709 ns, At safepoint: 17980634 ns, Total: 18067343 ns
[2023-03-15T06:26:16.393+0000][69][gc          ] GC(417) Concurrent Mark Cycle
[2023-03-15T06:26:16.394+0000][69][gc,marking  ] GC(417) Concurrent Clear Claimed Marks
[2023-03-15T06:26:16.395+0000][69][gc,marking  ] GC(417) Concurrent Clear Claimed Marks 0.952ms
[2023-03-15T06:26:16.396+0000][69][gc,marking  ] GC(417) Concurrent Scan Root Regions
[2023-03-15T06:26:16.399+0000][69][gc,marking  ] GC(417) Concurrent Scan Root Regions 2.738ms
[2023-03-15T06:26:16.400+0000][69][gc,marking  ] GC(417) Concurrent Mark
[2023-03-15T06:26:16.400+0000][69][gc,marking  ] GC(417) Concurrent Mark From Roots
[2023-03-15T06:26:16.400+0000][69][gc,task     ] GC(417) Using 1 workers of 1 for marking
[2023-03-15T06:26:16.511+0000][69][gc,marking  ] GC(417) Concurrent Mark From Roots 110.836ms
[2023-03-15T06:26:16.512+0000][69][gc,marking  ] GC(417) Concurrent Preclean
[2023-03-15T06:26:16.513+0000][69][gc,marking  ] GC(417) Concurrent Preclean 0.934ms
[2023-03-15T06:26:16.514+0000][69][gc,start    ] GC(417) Pause Remark
[2023-03-15T06:26:16.523+0000][69][gc          ] GC(417) Pause Remark 110M->110M(256M) 9.203ms
[2023-03-15T06:26:16.524+0000][69][gc,cpu      ] GC(417) User=0.03s Sys=0.00s Real=0.01s
[2023-03-15T06:26:16.525+0000][69][safepoint   ] Safepoint "G1PauseRemark", Time since last: 120537675 ns, Reaching safepoint: 118463 ns, At safepoint: 11475735 ns, Total: 11594198 ns
[2023-03-15T06:26:16.526+0000][69][gc,marking  ] GC(417) Concurrent Mark 126.093ms
[2023-03-15T06:26:16.526+0000][69][gc,marking  ] GC(417) Concurrent Rebuild Remembered Sets
[2023-03-15T06:26:16.579+0000][69][gc,marking  ] GC(417) Concurrent Rebuild Remembered Sets 52.440ms
[2023-03-15T06:26:16.580+0000][69][gc,start    ] GC(417) Pause Cleanup
[2023-03-15T06:26:16.581+0000][69][gc          ] GC(417) Pause Cleanup 110M->110M(256M) 0.693ms
[2023-03-15T06:26:16.582+0000][69][gc,cpu      ] GC(417) User=0.00s Sys=0.00s Real=0.00s
[2023-03-15T06:26:16.582+0000][69][safepoint   ] Safepoint "G1PauseCleanup", Time since last: 54829016 ns, Reaching safepoint: 258439 ns, At safepoint: 1979089 ns, Total: 2237528 ns
[2023-03-15T06:26:16.583+0000][69][gc,marking  ] GC(417) Concurrent Cleanup for Next Mark
[2023-03-15T06:26:16.584+0000][69][gc,marking  ] GC(417) Concurrent Cleanup for Next Mark 0.827ms
[2023-03-15T06:26:16.584+0000][69][gc          ] GC(417) Concurrent Mark Cycle 191.655ms
[2023-03-15T06:26:29.599+0000][69][safepoint   ] Safepoint "Cleanup", Time since last: 13016162267 ns, Reaching safepoint: 335229 ns, At safepoint: 17873 ns, Total: 353102 ns
[2023-03-15T06:26:51.780+0000][69][gc,start    ] GC(418) Pause Young (Normal) (G1 Evacuation Pause)
[2023-03-15T06:26:51.781+0000][69][gc,task     ] GC(418) Using 4 workers of 4 for evacuation
[2023-03-15T06:26:51.782+0000][69][gc,age      ] GC(418) Desired survivor size 6291456 bytes, new threshold 15 (max threshold 15)
[2023-03-15T06:26:51.787+0000][69][gc,phases   ] GC(418)   Pre Evacuate Collection Set: 0.3ms
[2023-03-15T06:26:51.788+0000][69][gc,phases   ] GC(418)   Merge Heap Roots: 0.2ms
[2023-03-15T06:26:51.788+0000][69][gc,phases   ] GC(418)   Evacuate Collection Set: 2.6ms
[2023-03-15T06:26:51.789+0000][69][gc,phases   ] GC(418)   Post Evacuate Collection Set: 1.0ms
[2023-03-15T06:26:51.790+0000][69][gc,phases   ] GC(418)   Other: 1.8ms
[2023-03-15T06:26:51.791+0000][69][gc,age      ] GC(418) Age table with threshold 15 (max threshold 15)
[2023-03-15T06:26:51.791+0000][69][gc,age      ] GC(418) - age   1:    1037352 bytes,    1037352 total
[2023-03-15T06:26:51.791+0000][69][gc,age      ] GC(418) - age   2:      16056 bytes,    1053408 total
[2023-03-15T06:26:51.792+0000][69][gc,age      ] GC(418) - age   3:      19240 bytes,    1072648 total
[2023-03-15T06:26:51.792+0000][69][gc,age      ] GC(418) - age   4:     275328 bytes,    1347976 total
[2023-03-15T06:26:51.793+0000][69][gc,age      ] GC(418) - age   5:      40528 bytes,    1388504 total
[2023-03-15T06:26:51.793+0000][69][gc,age      ] GC(418) - age   6:      25144 bytes,    1413648 total
[2023-03-15T06:26:51.794+0000][69][gc,age      ] GC(418) - age   7:      31376 bytes,    1445024 total
[2023-03-15T06:26:51.794+0000][69][gc,age      ] GC(418) - age   8:        360 bytes,    1445384 total
[2023-03-15T06:26:51.795+0000][69][gc,age      ] GC(418) - age  10:      21192 bytes,    1466576 total
[2023-03-15T06:26:51.795+0000][69][gc,age      ] GC(418) - age  11:        320 bytes,    1466896 total
[2023-03-15T06:26:51.796+0000][69][gc,age      ] GC(418) - age  12:        248 bytes,    1467144 total
[2023-03-15T06:26:51.797+0000][69][gc,age      ] GC(418) - age  14:       4344 bytes,    1471488 total
[2023-03-15T06:26:51.797+0000][69][gc,age      ] GC(418) - age  15:       1048 bytes,    1472536 total
[2023-03-15T06:26:51.798+0000][69][gc,heap     ] GC(418) Eden regions: 23->0(24)
[2023-03-15T06:26:51.798+0000][69][gc,heap     ] GC(418) Survivor regions: 1->1(3)
[2023-03-15T06:26:51.799+0000][69][gc,heap     ] GC(418) Old regions: 24->24
[2023-03-15T06:26:51.799+0000][69][gc,heap     ] GC(418) Archive regions: 2->2
[2023-03-15T06:26:51.800+0000][69][gc,heap     ] GC(418) Humongous regions: 2->2
[2023-03-15T06:26:51.800+0000][69][gc,metaspace] GC(418) Metaspace: 138259K(141632K)->138259K(141632K) NonClass: 120742K(121920K)->120742K(121920K) Class: 17517K(19712K)->17517K(19712K)
[2023-03-15T06:26:51.801+0000][69][gc          ] GC(418) Pause Young (Normal) (G1 Evacuation Pause) 202M->109M(256M) 20.830ms
[2023-03-15T06:26:51.801+0000][69][gc,cpu      ] GC(418) User=0.01s Sys=0.00s Real=0.03s
[2023-03-15T06:26:51.802+0000][69][safepoint   ] Safepoint "G1CollectForAllocation", Time since last: 22202804921 ns, Reaching safepoint: 139087 ns, At safepoint: 21675366 ns, Total: 21814453 ns
[2023-03-15T06:27:02.817+0000][69][safepoint   ] Safepoint "Cleanup", Time since last: 11014510428 ns, Reaching safepoint: 434630 ns, At safepoint: 12476 ns, Total: 447106 ns
[2023-03-15T06:27:10.828+0000][69][safepoint   ] Safepoint "Cleanup", Time since last: 8011508668 ns, Reaching safepoint: 218050 ns, At safepoint: 6461 ns, Total: 224511 ns
[2023-03-15T06:27:21.951+0000][69][gc,start    ] GC(419) Pause Young (Concurrent Start) (G1 Evacuation Pause)
[2023-03-15T06:27:21.952+0000][69][gc,task     ] GC(419) Using 4 workers of 4 for evacuation
[2023-03-15T06:27:21.953+0000][69][gc,age      ] GC(419) Desired survivor size 8388608 bytes, new threshold 15 (max threshold 15)
[2023-03-15T06:27:21.958+0000][69][gc,phases   ] GC(419)   Pre Evacuate Collection Set: 0.5ms
[2023-03-15T06:27:21.958+0000][69][gc,phases   ] GC(419)   Merge Heap Roots: 0.2ms
[2023-03-15T06:27:21.959+0000][69][gc,phases   ] GC(419)   Evacuate Collection Set: 2.1ms
[2023-03-15T06:27:21.960+0000][69][gc,phases   ] GC(419)   Post Evacuate Collection Set: 0.7ms
[2023-03-15T06:27:21.960+0000][69][gc,phases   ] GC(419)   Other: 1.8ms
[2023-03-15T06:27:21.961+0000][69][gc,age      ] GC(419) Age table with threshold 15 (max threshold 15)
[2023-03-15T06:27:21.962+0000][69][gc,age      ] GC(419) - age   1:    1469800 bytes,    1469800 total
[2023-03-15T06:27:21.962+0000][69][gc,age      ] GC(419) - age   2:      10056 bytes,    1479856 total
[2023-03-15T06:27:21.963+0000][69][gc,age      ] GC(419) - age   3:      14392 bytes,    1494248 total
[2023-03-15T06:27:21.963+0000][69][gc,age      ] GC(419) - age   4:      19112 bytes,    1513360 total
[2023-03-15T06:27:21.964+0000][69][gc,age      ] GC(419) - age   5:     274800 bytes,    1788160 total
[2023-03-15T06:27:21.964+0000][69][gc,age      ] GC(419) - age   6:      40448 bytes,    1828608 total
[2023-03-15T06:27:21.965+0000][69][gc,age      ] GC(419) - age   7:      24888 bytes,    1853496 total
[2023-03-15T06:27:21.966+0000][69][gc,age      ] GC(419) - age   8:      27912 bytes,    1881408 total
[2023-03-15T06:27:21.966+0000][69][gc,age      ] GC(419) - age   9:        360 bytes,    1881768 total
[2023-03-15T06:27:21.966+0000][69][gc,age      ] GC(419) - age  11:      21192 bytes,    1902960 total
[2023-03-15T06:27:21.967+0000][69][gc,age      ] GC(419) - age  12:        320 bytes,    1903280 total
[2023-03-15T06:27:21.967+0000][69][gc,age      ] GC(419) - age  13:        248 bytes,    1903528 total
[2023-03-15T06:27:21.968+0000][69][gc,age      ] GC(419) - age  15:       4344 bytes,    1907872 total
[2023-03-15T06:27:21.969+0000][69][gc,heap     ] GC(419) Eden regions: 24->0(23)
[2023-03-15T06:27:21.969+0000][69][gc,heap     ] GC(419) Survivor regions: 1->1(4)
[2023-03-15T06:27:21.970+0000][69][gc,heap     ] GC(419) Old regions: 24->24
[2023-03-15T06:27:21.970+0000][69][gc,heap     ] GC(419) Archive regions: 2->2
[2023-03-15T06:27:21.971+0000][69][gc,heap     ] GC(419) Humongous regions: 2->2
[2023-03-15T06:27:21.971+0000][69][gc,metaspace] GC(419) Metaspace: 138259K(141632K)->138259K(141632K) NonClass: 120742K(121920K)->120742K(121920K) Class: 17517K(19712K)->17517K(19712K)
[2023-03-15T06:27:21.972+0000][69][gc          ] GC(419) Pause Young (Concurrent Start) (G1 Evacuation Pause) 205M->109M(256M) 20.198ms
[2023-03-15T06:27:21.972+0000][69][gc          ] GC(420) Concurrent Mark Cycle
[2023-03-15T06:27:21.972+0000][69][gc,marking  ] GC(420) Concurrent Clear Claimed Marks
[2023-03-15T06:27:21.973+0000][69][gc,marking  ] GC(420) Concurrent Clear Claimed Marks 0.663ms
[2023-03-15T06:27:21.974+0000][69][gc,marking  ] GC(420) Concurrent Scan Root Regions
[2023-03-15T06:27:21.972+0000][69][gc,cpu      ] GC(419) User=0.01s Sys=0.00s Real=0.02s
[2023-03-15T06:27:21.975+0000][69][safepoint   ] Safepoint "G1CollectForAllocation", Time since last: 11144078161 ns, Reaching safepoint: 333014 ns, At safepoint: 23502407 ns, Total: 23835421 ns
[2023-03-15T06:27:21.977+0000][69][gc,marking  ] GC(420) Concurrent Scan Root Regions 3.062ms
[2023-03-15T06:27:21.977+0000][69][gc,marking  ] GC(420) Concurrent Mark
[2023-03-15T06:27:21.978+0000][69][gc,marking  ] GC(420) Concurrent Mark From Roots
[2023-03-15T06:27:21.978+0000][69][gc,task     ] GC(420) Using 1 workers of 1 for marking
[2023-03-15T06:27:22.109+0000][69][gc,marking  ] GC(420) Concurrent Mark From Roots 130.881ms
[2023-03-15T06:27:22.110+0000][69][gc,marking  ] GC(420) Concurrent Preclean
[2023-03-15T06:27:22.111+0000][69][gc,marking  ] GC(420) Concurrent Preclean 1.368ms
[2023-03-15T06:27:22.112+0000][69][gc,start    ] GC(420) Pause Remark
[2023-03-15T06:27:22.125+0000][69][gc          ] GC(420) Pause Remark 112M->112M(256M) 12.369ms
[2023-03-15T06:27:22.126+0000][69][gc,cpu      ] GC(420) User=0.03s Sys=0.00s Real=0.01s
[2023-03-15T06:27:22.127+0000][69][safepoint   ] Safepoint "G1PauseRemark", Time since last: 137188928 ns, Reaching safepoint: 168436 ns, At safepoint: 14886738 ns, Total: 15055174 ns
[2023-03-15T06:27:22.128+0000][69][gc,marking  ] GC(420) Concurrent Mark 151.047ms
[2023-03-15T06:27:22.129+0000][69][gc,marking  ] GC(420) Concurrent Rebuild Remembered Sets
[2023-03-15T06:27:22.191+0000][69][gc,marking  ] GC(420) Concurrent Rebuild Remembered Sets 62.256ms
[2023-03-15T06:27:22.192+0000][69][gc,start    ] GC(420) Pause Cleanup
[2023-03-15T06:27:22.193+0000][69][gc          ] GC(420) Pause Cleanup 112M->112M(256M) 0.522ms
[2023-03-15T06:27:22.193+0000][69][gc,cpu      ] GC(420) User=0.00s Sys=0.00s Real=0.00s
[2023-03-15T06:27:22.194+0000][69][safepoint   ] Safepoint "G1PauseCleanup", Time since last: 64873949 ns, Reaching safepoint: 221194 ns, At safepoint: 1497347 ns, Total: 1718541 ns
[2023-03-15T06:27:22.194+0000][69][gc,marking  ] GC(420) Concurrent Cleanup for Next Mark
[2023-03-15T06:27:22.195+0000][69][gc,marking  ] GC(420) Concurrent Cleanup for Next Mark 1.087ms
[2023-03-15T06:27:22.196+0000][69][gc          ] GC(420) Concurrent Mark Cycle 223.798ms
[2023-03-15T06:27:52.234+0000][69][gc,start    ] GC(421) Pause Young (Normal) (G1 Evacuation Pause)
[2023-03-15T06:27:52.235+0000][69][gc,task     ] GC(421) Using 4 workers of 4 for evacuation
[2023-03-15T06:27:52.235+0000][69][gc,age      ] GC(421) Desired survivor size 6291456 bytes, new threshold 15 (max threshold 15)
[2023-03-15T06:27:52.238+0000][69][gc,phases   ] GC(421)   Pre Evacuate Collection Set: 0.1ms
[2023-03-15T06:27:52.239+0000][69][gc,phases   ] GC(421)   Merge Heap Roots: 0.2ms
[2023-03-15T06:27:52.239+0000][69][gc,phases   ] GC(421)   Evacuate Collection Set: 1.5ms
[2023-03-15T06:27:52.240+0000][69][gc,phases   ] GC(421)   Post Evacuate Collection Set: 0.8ms
[2023-03-15T06:27:52.240+0000][69][gc,phases   ] GC(421)   Other: 1.2ms
[2023-03-15T06:27:52.241+0000][69][gc,age      ] GC(421) Age table with threshold 15 (max threshold 15)
[2023-03-15T06:27:52.242+0000][69][gc,age      ] GC(421) - age   1:    1487480 bytes,    1487480 total
[2023-03-15T06:27:52.243+0000][69][gc,age      ] GC(421) - age   2:       2232 bytes,    1489712 total
[2023-03-15T06:27:52.243+0000][69][gc,age      ] GC(421) - age   3:       9200 bytes,    1498912 total
[2023-03-15T06:27:52.244+0000][69][gc,age      ] GC(421) - age   4:      14200 bytes,    1513112 total
[2023-03-15T06:27:52.244+0000][69][gc,age      ] GC(421) - age   5:      18688 bytes,    1531800 total
[2023-03-15T06:27:52.245+0000][69][gc,age      ] GC(421) - age   6:     274736 bytes,    1806536 total
[2023-03-15T06:27:52.245+0000][69][gc,age      ] GC(421) - age   7:      32432 bytes,    1838968 total
[2023-03-15T06:27:52.246+0000][69][gc,age      ] GC(421) - age   8:      24888 bytes,    1863856 total
[2023-03-15T06:27:52.247+0000][69][gc,age      ] GC(421) - age   9:       1056 bytes,    1864912 total
[2023-03-15T06:27:52.248+0000][69][gc,age      ] GC(421) - age  10:        360 bytes,    1865272 total
[2023-03-15T06:27:52.248+0000][69][gc,age      ] GC(421) - age  12:      21192 bytes,    1886464 total
[2023-03-15T06:27:52.249+0000][69][gc,age      ] GC(421) - age  13:        320 bytes,    1886784 total
[2023-03-15T06:27:52.249+0000][69][gc,age      ] GC(421) - age  14:        248 bytes,    1887032 total
[2023-03-15T06:27:52.250+0000][69][gc,heap     ] GC(421) Eden regions: 23->0(23)
[2023-03-15T06:27:52.250+0000][69][gc,heap     ] GC(421) Survivor regions: 1->1(3)
[2023-03-15T06:27:52.251+0000][69][gc,heap     ] GC(421) Old regions: 24->24
[2023-03-15T06:27:52.251+0000][69][gc,heap     ] GC(421) Archive regions: 2->2
[2023-03-15T06:27:52.252+0000][69][gc,heap     ] GC(421) Humongous regions: 2->2
[2023-03-15T06:27:52.252+0000][69][gc,metaspace] GC(421) Metaspace: 138259K(141632K)->138259K(141632K) NonClass: 120742K(121920K)->120742K(121920K) Class: 17517K(19712K)->17517K(19712K)
[2023-03-15T06:27:52.253+0000][69][gc          ] GC(421) Pause Young (Normal) (G1 Evacuation Pause) 201M->109M(256M) 19.300ms
[2023-03-15T06:27:52.253+0000][69][gc,cpu      ] GC(421) User=0.01s Sys=0.01s Real=0.02s
[2023-03-15T06:27:52.254+0000][69][safepoint   ] Safepoint "G1CollectForAllocation", Time since last: 30061985266 ns, Reaching safepoint: 127277 ns, At safepoint: 20353141 ns, Total: 20480418 ns
[2023-03-15T06:28:02.268+0000][69][safepoint   ] Safepoint "Cleanup", Time since last: 10013488597 ns, Reaching safepoint: 515774 ns, At safepoint: 13582 ns, Total: 529356 ns
[2023-03-15T06:28:17.261+0000][69][safepoint   ] Safepoint "Cleanup", Time since last: 15013584755 ns, Reaching safepoint: 381279 ns, At safepoint: 11919 ns, Total: 393198 ns
[2023-03-15T06:28:21.933+0000][69][gc,start    ] GC(422) Pause Young (Concurrent Start) (G1 Evacuation Pause)
[2023-03-15T06:28:21.934+0000][69][gc,task     ] GC(422) Using 4 workers of 4 for evacuation
[2023-03-15T06:28:21.935+0000][69][gc,age      ] GC(422) Desired survivor size 6291456 bytes, new threshold 15 (max threshold 15)
[2023-03-15T06:28:21.939+0000][69][gc,phases   ] GC(422)   Pre Evacuate Collection Set: 0.5ms
[2023-03-15T06:28:21.940+0000][69][gc,phases   ] GC(422)   Merge Heap Roots: 0.2ms
[2023-03-15T06:28:21.940+0000][69][gc,phases   ] GC(422)   Evacuate Collection Set: 2.1ms
[2023-03-15T06:28:21.941+0000][69][gc,phases   ] GC(422)   Post Evacuate Collection Set: 0.9ms
[2023-03-15T06:28:21.942+0000][69][gc,phases   ] GC(422)   Other: 1.6ms
[2023-03-15T06:28:21.942+0000][69][gc,age      ] GC(422) Age table with threshold 15 (max threshold 15)
[2023-03-15T06:28:21.943+0000][69][gc,age      ] GC(422) - age   1:     980880 bytes,     980880 total
[2023-03-15T06:28:21.943+0000][69][gc,age      ] GC(422) - age   2:       5912 bytes,     986792 total
[2023-03-15T06:28:21.944+0000][69][gc,age      ] GC(422) - age   3:        824 bytes,     987616 total
[2023-03-15T06:28:21.944+0000][69][gc,age      ] GC(422) - age   4:       8920 bytes,     996536 total
[2023-03-15T06:28:21.945+0000][69][gc,age      ] GC(422) - age   5:      13960 bytes,    1010496 total
[2023-03-15T06:28:21.945+0000][69][gc,age      ] GC(422) - age   6:      18624 bytes,    1029120 total
[2023-03-15T06:28:21.947+0000][69][gc,age      ] GC(422) - age   7:     274736 bytes,    1303856 total
[2023-03-15T06:28:21.947+0000][69][gc,age      ] GC(422) - age   8:      32432 bytes,    1336288 total
[2023-03-15T06:28:21.947+0000][69][gc,age      ] GC(422) - age   9:      24888 bytes,    1361176 total
[2023-03-15T06:28:21.948+0000][69][gc,age      ] GC(422) - age  10:       1056 bytes,    1362232 total
[2023-03-15T06:28:21.948+0000][69][gc,age      ] GC(422) - age  11:        128 bytes,    1362360 total
[2023-03-15T06:28:21.949+0000][69][gc,age      ] GC(422) - age  13:      21008 bytes,    1383368 total
[2023-03-15T06:28:21.949+0000][69][gc,age      ] GC(422) - age  14:        320 bytes,    1383688 total
[2023-03-15T06:28:21.950+0000][69][gc,age      ] GC(422) - age  15:        248 bytes,    1383936 total
[2023-03-15T06:28:21.950+0000][69][gc,heap     ] GC(422) Eden regions: 23->0(24)
[2023-03-15T06:28:21.951+0000][69][gc,heap     ] GC(422) Survivor regions: 1->1(3)
[2023-03-15T06:28:21.951+0000][69][gc,heap     ] GC(422) Old regions: 24->24
[2023-03-15T06:28:21.952+0000][69][gc,heap     ] GC(422) Archive regions: 2->2
[2023-03-15T06:28:21.952+0000][69][gc,heap     ] GC(422) Humongous regions: 2->2
[2023-03-15T06:28:21.953+0000][69][gc,metaspace] GC(422) Metaspace: 138261K(141632K)->138261K(141632K) NonClass: 120744K(121920K)->120744K(121920K) Class: 17517K(19712K)->17517K(19712K)
[2023-03-15T06:28:21.953+0000][69][gc          ] GC(422) Pause Young (Concurrent Start) (G1 Evacuation Pause) 201M->109M(256M) 19.867ms
[2023-03-15T06:28:21.954+0000][69][gc,cpu      ] GC(422) User=0.01s Sys=0.00s Real=0.02s
[2023-03-15T06:28:21.954+0000][69][gc          ] GC(423) Concurrent Mark Cycle
[2023-03-15T06:28:21.954+0000][69][safepoint   ] Safepoint "G1CollectForAllocation", Time since last: 4672208814 ns, Reaching safepoint: 462227 ns, At safepoint: 20768225 ns, Total: 21230452 ns
[2023-03-15T06:28:21.955+0000][69][gc,marking  ] GC(423) Concurrent Clear Claimed Marks
[2023-03-15T06:28:21.957+0000][69][gc,marking  ] GC(423) Concurrent Clear Claimed Marks 2.106ms
[2023-03-15T06:28:21.958+0000][69][gc,marking  ] GC(423) Concurrent Scan Root Regions
[2023-03-15T06:28:21.960+0000][69][gc,marking  ] GC(423) Concurrent Scan Root Regions 2.552ms
[2023-03-15T06:28:21.961+0000][69][gc,marking  ] GC(423) Concurrent Mark
[2023-03-15T06:28:21.962+0000][69][gc,marking  ] GC(423) Concurrent Mark From Roots
[2023-03-15T06:28:21.963+0000][69][gc,task     ] GC(423) Using 1 workers of 1 for marking
[2023-03-15T06:28:22.095+0000][69][gc,marking  ] GC(423) Concurrent Mark From Roots 133.687ms
[2023-03-15T06:28:22.096+0000][69][gc,marking  ] GC(423) Concurrent Preclean
[2023-03-15T06:28:22.097+0000][69][gc,marking  ] GC(423) Concurrent Preclean 1.016ms
[2023-03-15T06:28:22.098+0000][69][gc,start    ] GC(423) Pause Remark
[2023-03-15T06:28:22.107+0000][69][gc          ] GC(423) Pause Remark 111M->111M(256M) 8.679ms
[2023-03-15T06:28:22.107+0000][69][gc,cpu      ] GC(423) User=0.03s Sys=0.00s Real=0.01s
[2023-03-15T06:28:22.108+0000][69][safepoint   ] Safepoint "G1PauseRemark", Time since last: 143690805 ns, Reaching safepoint: 348035 ns, At safepoint: 9990995 ns, Total: 10339030 ns
[2023-03-15T06:28:22.109+0000][69][gc,marking  ] GC(423) Concurrent Mark 147.909ms
[2023-03-15T06:28:22.109+0000][69][gc,marking  ] GC(423) Concurrent Rebuild Remembered Sets
[2023-03-15T06:28:22.167+0000][69][gc,marking  ] GC(423) Concurrent Rebuild Remembered Sets 57.549ms
[2023-03-15T06:28:22.168+0000][69][gc,start    ] GC(423) Pause Cleanup
[2023-03-15T06:28:22.168+0000][69][gc          ] GC(423) Pause Cleanup 112M->112M(256M) 0.640ms
[2023-03-15T06:28:22.169+0000][69][gc,cpu      ] GC(423) User=0.00s Sys=0.00s Real=0.00s
[2023-03-15T06:28:22.169+0000][69][safepoint   ] Safepoint "G1PauseCleanup", Time since last: 59347058 ns, Reaching safepoint: 194988 ns, At safepoint: 1642209 ns, Total: 1837197 ns
[2023-03-15T06:28:22.170+0000][69][gc,marking  ] GC(423) Concurrent Cleanup for Next Mark
[2023-03-15T06:28:22.171+0000][69][gc,marking  ] GC(423) Concurrent Cleanup for Next Mark 1.199ms
[2023-03-15T06:28:22.172+0000][69][gc          ] GC(423) Concurrent Mark Cycle 217.967ms
[2023-03-15T06:28:34.184+0000][69][safepoint   ] Safepoint "Cleanup", Time since last: 12014552390 ns, Reaching safepoint: 484574 ns, At safepoint: 27036 ns, Total: 511610 ns
[2023-03-15T06:28:35.189+0000][69][safepoint   ] Safepoint "Cleanup", Time since last: 1003937404 ns, Reaching safepoint: 356538 ns, At safepoint: 416909 ns, Total: 773447 ns
[2023-03-15T06:28:41.195+0000][69][safepoint   ] Safepoint "Cleanup", Time since last: 6005596751 ns, Reaching safepoint: 149286 ns, At safepoint: 3647 ns, Total: 152933 ns
[2023-03-15T06:28:52.618+0000][69][gc,start    ] GC(424) Pause Young (Normal) (G1 Evacuation Pause)
[2023-03-15T06:28:52.618+0000][69][gc,task     ] GC(424) Using 4 workers of 4 for evacuation
[2023-03-15T06:28:52.619+0000][69][gc,age      ] GC(424) Desired survivor size 8388608 bytes, new threshold 15 (max threshold 15)
[2023-03-15T06:28:52.622+0000][69][gc,phases   ] GC(424)   Pre Evacuate Collection Set: 0.1ms
[2023-03-15T06:28:52.623+0000][69][gc,phases   ] GC(424)   Merge Heap Roots: 0.0ms
[2023-03-15T06:28:52.623+0000][69][gc,phases   ] GC(424)   Evacuate Collection Set: 1.7ms
[2023-03-15T06:28:52.624+0000][69][gc,phases   ] GC(424)   Post Evacuate Collection Set: 0.6ms
[2023-03-15T06:28:52.624+0000][69][gc,phases   ] GC(424)   Other: 0.9ms
[2023-03-15T06:28:52.625+0000][69][gc,age      ] GC(424) Age table with threshold 15 (max threshold 15)
[2023-03-15T06:28:52.625+0000][69][gc,age      ] GC(424) - age   1:     795200 bytes,     795200 total
[2023-03-15T06:28:52.626+0000][69][gc,age      ] GC(424) - age   2:      21808 bytes,     817008 total
[2023-03-15T06:28:52.626+0000][69][gc,age      ] GC(424) - age   3:       4456 bytes,     821464 total
[2023-03-15T06:28:52.626+0000][69][gc,age      ] GC(424) - age   4:        632 bytes,     822096 total
[2023-03-15T06:28:52.627+0000][69][gc,age      ] GC(424) - age   5:       8920 bytes,     831016 total
[2023-03-15T06:28:52.627+0000][69][gc,age      ] GC(424) - age   6:       5944 bytes,     836960 total
[2023-03-15T06:28:52.628+0000][69][gc,age      ] GC(424) - age   7:      18624 bytes,     855584 total
[2023-03-15T06:28:52.628+0000][69][gc,age      ] GC(424) - age   8:     272464 bytes,    1128048 total
[2023-03-15T06:28:52.629+0000][69][gc,age      ] GC(424) - age   9:      32432 bytes,    1160480 total
[2023-03-15T06:28:52.629+0000][69][gc,age      ] GC(424) - age  10:       8736 bytes,    1169216 total
[2023-03-15T06:28:52.630+0000][69][gc,age      ] GC(424) - age  11:       1016 bytes,    1170232 total
[2023-03-15T06:28:52.630+0000][69][gc,age      ] GC(424) - age  12:        128 bytes,    1170360 total
[2023-03-15T06:28:52.631+0000][69][gc,age      ] GC(424) - age  14:      21008 bytes,    1191368 total
[2023-03-15T06:28:52.631+0000][69][gc,age      ] GC(424) - age  15:        320 bytes,    1191688 total
[2023-03-15T06:28:52.632+0000][69][gc,heap     ] GC(424) Eden regions: 24->0(24)
[2023-03-15T06:28:52.632+0000][69][gc,heap     ] GC(424) Survivor regions: 1->1(4)
[2023-03-15T06:28:52.632+0000][69][gc,heap     ] GC(424) Old regions: 24->24
[2023-03-15T06:28:52.633+0000][69][gc,heap     ] GC(424) Archive regions: 2->2
[2023-03-15T06:28:52.633+0000][69][gc,heap     ] GC(424) Humongous regions: 2->2
[2023-03-15T06:28:52.634+0000][69][gc,metaspace] GC(424) Metaspace: 138261K(141632K)->138261K(141632K) NonClass: 120744K(121920K)->120744K(121920K) Class: 17517K(19712K)->17517K(19712K)
[2023-03-15T06:28:52.634+0000][69][gc          ] GC(424) Pause Young (Normal) (G1 Evacuation Pause) 205M->109M(256M) 16.318ms
[2023-03-15T06:28:52.635+0000][69][gc,cpu      ] GC(424) User=0.00s Sys=0.00s Real=0.02s
[2023-03-15T06:28:52.635+0000][69][safepoint   ] Safepoint "G1CollectForAllocation", Time since last: 11445565918 ns, Reaching safepoint: 103771 ns, At safepoint: 17173967 ns, Total: 17277738 ns
[2023-03-15T06:29:25.158+0000][69][gc,start    ] GC(425) Pause Young (Concurrent Start) (G1 Evacuation Pause)
[2023-03-15T06:29:25.159+0000][69][gc,task     ] GC(425) Using 4 workers of 4 for evacuation
[2023-03-15T06:29:25.160+0000][69][gc,age      ] GC(425) Desired survivor size 8388608 bytes, new threshold 15 (max threshold 15)
[2023-03-15T06:29:25.163+0000][69][gc,phases   ] GC(425)   Pre Evacuate Collection Set: 0.4ms
[2023-03-15T06:29:25.164+0000][69][gc,phases   ] GC(425)   Merge Heap Roots: 0.1ms
[2023-03-15T06:29:25.165+0000][69][gc,phases   ] GC(425)   Evacuate Collection Set: 1.6ms
[2023-03-15T06:29:25.165+0000][69][gc,phases   ] GC(425)   Post Evacuate Collection Set: 1.0ms
[2023-03-15T06:29:25.166+0000][69][gc,phases   ] GC(425)   Other: 1.1ms
[2023-03-15T06:29:25.166+0000][69][gc,age      ] GC(425) Age table with threshold 15 (max threshold 15)
[2023-03-15T06:29:25.167+0000][69][gc,age      ] GC(425) - age   1:    1373368 bytes,    1373368 total
[2023-03-15T06:29:25.167+0000][69][gc,age      ] GC(425) - age   2:      27112 bytes,    1400480 total
[2023-03-15T06:29:25.168+0000][69][gc,age      ] GC(425) - age   3:      20928 bytes,    1421408 total
[2023-03-15T06:29:25.168+0000][69][gc,age      ] GC(425) - age   4:       4328 bytes,    1425736 total
[2023-03-15T06:29:25.169+0000][69][gc,age      ] GC(425) - age   5:        632 bytes,    1426368 total
[2023-03-15T06:29:25.169+0000][69][gc,age      ] GC(425) - age   6:        488 bytes,    1426856 total
[2023-03-15T06:29:25.169+0000][69][gc,age      ] GC(425) - age   7:       5944 bytes,    1432800 total
[2023-03-15T06:29:25.170+0000][69][gc,age      ] GC(425) - age   8:      18624 bytes,    1451424 total
[2023-03-15T06:29:25.170+0000][69][gc,age      ] GC(425) - age   9:     272168 bytes,    1723592 total
[2023-03-15T06:29:25.171+0000][69][gc,age      ] GC(425) - age  10:      32432 bytes,    1756024 total
[2023-03-15T06:29:25.171+0000][69][gc,age      ] GC(425) - age  11:       8736 bytes,    1764760 total
[2023-03-15T06:29:25.171+0000][69][gc,age      ] GC(425) - age  12:        936 bytes,    1765696 total
[2023-03-15T06:29:25.172+0000][69][gc,age      ] GC(425) - age  13:        128 bytes,    1765824 total
[2023-03-15T06:29:25.172+0000][69][gc,age      ] GC(425) - age  15:      21008 bytes,    1786832 total
[2023-03-15T06:29:25.173+0000][69][gc,heap     ] GC(425) Eden regions: 24->0(24)
[2023-03-15T06:29:25.173+0000][69][gc,heap     ] GC(425) Survivor regions: 1->1(4)
[2023-03-15T06:29:25.173+0000][69][gc,heap     ] GC(425) Old regions: 24->24
[2023-03-15T06:29:25.174+0000][69][gc,heap     ] GC(425) Archive regions: 2->2
[2023-03-15T06:29:25.174+0000][69][gc,heap     ] GC(425) Humongous regions: 2->2
[2023-03-15T06:29:25.175+0000][69][gc,metaspace] GC(425) Metaspace: 138261K(141632K)->138261K(141632K) NonClass: 120744K(121920K)->120744K(121920K) Class: 17517K(19712K)->17517K(19712K)
[2023-03-15T06:29:25.175+0000][69][gc          ] GC(425) Pause Young (Concurrent Start) (G1 Evacuation Pause) 205M->109M(256M) 17.352ms
[2023-03-15T06:29:25.176+0000][69][gc,cpu      ] GC(425) User=0.00s Sys=0.00s Real=0.02s
[2023-03-15T06:29:25.176+0000][69][gc          ] GC(426) Concurrent Mark Cycle
[2023-03-15T06:29:25.177+0000][69][gc,marking  ] GC(426) Concurrent Clear Claimed Marks
[2023-03-15T06:29:25.176+0000][69][safepoint   ] Safepoint "G1CollectForAllocation", Time since last: 32544158704 ns, Reaching safepoint: 149004 ns, At safepoint: 18344572 ns, Total: 18493576 ns
[2023-03-15T06:29:25.177+0000][69][gc,marking  ] GC(426) Concurrent Clear Claimed Marks 0.732ms
[2023-03-15T06:29:25.178+0000][69][gc,marking  ] GC(426) Concurrent Scan Root Regions
[2023-03-15T06:29:25.181+0000][69][gc,marking  ] GC(426) Concurrent Scan Root Regions 3.282ms
[2023-03-15T06:29:25.182+0000][69][gc,marking  ] GC(426) Concurrent Mark
[2023-03-15T06:29:25.183+0000][69][gc,marking  ] GC(426) Concurrent Mark From Roots
[2023-03-15T06:29:25.184+0000][69][gc,task     ] GC(426) Using 1 workers of 1 for marking
[2023-03-15T06:29:25.284+0000][69][gc,marking  ] GC(426) Concurrent Mark From Roots 100.891ms
[2023-03-15T06:29:25.285+0000][69][gc,marking  ] GC(426) Concurrent Preclean
[2023-03-15T06:29:25.287+0000][69][gc,marking  ] GC(426) Concurrent Preclean 1.838ms
[2023-03-15T06:29:25.288+0000][69][gc,start    ] GC(426) Pause Remark
[2023-03-15T06:29:25.298+0000][69][gc          ] GC(426) Pause Remark 112M->112M(256M) 10.403ms
[2023-03-15T06:29:25.299+0000][69][gc,cpu      ] GC(426) User=0.02s Sys=0.00s Real=0.01s
[2023-03-15T06:29:25.300+0000][69][safepoint   ] Safepoint "G1PauseRemark", Time since last: 111364700 ns, Reaching safepoint: 136408 ns, At safepoint: 12377733 ns, Total: 12514141 ns
[2023-03-15T06:29:25.301+0000][69][gc,marking  ] GC(426) Concurrent Mark 118.858ms
[2023-03-15T06:29:25.302+0000][69][gc,marking  ] GC(426) Concurrent Rebuild Remembered Sets
[2023-03-15T06:29:25.354+0000][69][gc,marking  ] GC(426) Concurrent Rebuild Remembered Sets 51.971ms
[2023-03-15T06:29:25.355+0000][69][gc,start    ] GC(426) Pause Cleanup
[2023-03-15T06:29:25.356+0000][69][gc          ] GC(426) Pause Cleanup 112M->112M(256M) 0.806ms
[2023-03-15T06:29:25.357+0000][69][gc,cpu      ] GC(426) User=0.00s Sys=0.00s Real=0.00s
[2023-03-15T06:29:25.357+0000][69][safepoint   ] Safepoint "G1PauseCleanup", Time since last: 55060988 ns, Reaching safepoint: 174696 ns, At safepoint: 2015933 ns, Total: 2190629 ns
[2023-03-15T06:29:25.358+0000][69][gc,marking  ] GC(426) Concurrent Cleanup for Next Mark
[2023-03-15T06:29:25.358+0000][69][gc,marking  ] GC(426) Concurrent Cleanup for Next Mark 0.694ms
[2023-03-15T06:29:25.359+0000][69][gc          ] GC(426) Concurrent Mark Cycle 183.282ms
[2023-03-15T06:29:51.196+0000][69][gc,start    ] GC(427) Pause Young (Normal) (G1 Evacuation Pause)
[2023-03-15T06:29:51.197+0000][69][gc,task     ] GC(427) Using 4 workers of 4 for evacuation
[2023-03-15T06:29:51.197+0000][69][gc,age      ] GC(427) Desired survivor size 8388608 bytes, new threshold 15 (max threshold 15)
[2023-03-15T06:29:51.202+0000][69][gc,phases   ] GC(427)   Pre Evacuate Collection Set: 0.1ms
[2023-03-15T06:29:51.202+0000][69][gc,phases   ] GC(427)   Merge Heap Roots: 0.1ms
[2023-03-15T06:29:51.203+0000][69][gc,phases   ] GC(427)   Evacuate Collection Set: 2.1ms
[2023-03-15T06:29:51.204+0000][69][gc,phases   ] GC(427)   Post Evacuate Collection Set: 1.1ms
[2023-03-15T06:29:51.204+0000][69][gc,phases   ] GC(427)   Other: 1.4ms
[2023-03-15T06:29:51.205+0000][69][gc,age      ] GC(427) Age table with threshold 15 (max threshold 15)
[2023-03-15T06:29:51.205+0000][69][gc,age      ] GC(427) - age   1:     252224 bytes,     252224 total
[2023-03-15T06:29:51.206+0000][69][gc,age      ] GC(427) - age   2:       9592 bytes,     261816 total
[2023-03-15T06:29:51.206+0000][69][gc,age      ] GC(427) - age   3:      25872 bytes,     287688 total
[2023-03-15T06:29:51.207+0000][69][gc,age      ] GC(427) - age   4:      20864 bytes,     308552 total
[2023-03-15T06:29:51.207+0000][69][gc,age      ] GC(427) - age   5:       4328 bytes,     312880 total
[2023-03-15T06:29:51.207+0000][69][gc,age      ] GC(427) - age   6:        632 bytes,     313512 total
[2023-03-15T06:29:51.208+0000][69][gc,age      ] GC(427) - age   7:        488 bytes,     314000 total
[2023-03-15T06:29:51.208+0000][69][gc,age      ] GC(427) - age   8:       5944 bytes,     319944 total
[2023-03-15T06:29:51.209+0000][69][gc,age      ] GC(427) - age   9:      18624 bytes,     338568 total
[2023-03-15T06:29:51.209+0000][69][gc,age      ] GC(427) - age  10:     271288 bytes,     609856 total
[2023-03-15T06:29:51.210+0000][69][gc,age      ] GC(427) - age  11:      23768 bytes,     633624 total
[2023-03-15T06:29:51.210+0000][69][gc,age      ] GC(427) - age  12:       8736 bytes,     642360 total
[2023-03-15T06:29:51.211+0000][69][gc,age      ] GC(427) - age  13:        936 bytes,     643296 total
[2023-03-15T06:29:51.211+0000][69][gc,age      ] GC(427) - age  14:        128 bytes,     643424 total
[2023-03-15T06:29:51.212+0000][69][gc,heap     ] GC(427) Eden regions: 24->0(23)
[2023-03-15T06:29:51.212+0000][69][gc,heap     ] GC(427) Survivor regions: 1->1(4)
[2023-03-15T06:29:51.212+0000][69][gc,heap     ] GC(427) Old regions: 24->25
[2023-03-15T06:29:51.213+0000][69][gc,heap     ] GC(427) Archive regions: 2->2
[2023-03-15T06:29:51.214+0000][69][gc,heap     ] GC(427) Humongous regions: 2->2
[2023-03-15T06:29:51.214+0000][69][gc,metaspace] GC(427) Metaspace: 138261K(141632K)->138261K(141632K) NonClass: 120744K(121920K)->120744K(121920K) Class: 17517K(19712K)->17517K(19712K)
[2023-03-15T06:29:51.215+0000][69][gc          ] GC(427) Pause Young (Normal) (G1 Evacuation Pause) 205M->108M(256M) 18.781ms
[2023-03-15T06:29:51.215+0000][69][gc,cpu      ] GC(427) User=0.01s Sys=0.00s Real=0.01s
[2023-03-15T06:29:51.216+0000][69][safepoint   ] Safepoint "G1CollectForAllocation", Time since last: 25864354552 ns, Reaching safepoint: 80897 ns, At safepoint: 19532562 ns, Total: 19613459 ns
[2023-03-15T06:30:02.230+0000][69][safepoint   ] Safepoint "Cleanup", Time since last: 11014043030 ns, Reaching safepoint: 810775 ns, At safepoint: 14473 ns, Total: 825248 ns
[2023-03-15T06:30:04.237+0000][69][safepoint   ] Safepoint "Cleanup", Time since last: 2006076958 ns, Reaching safepoint: 114109 ns, At safepoint: 9946 ns, Total: 124055 ns
[2023-03-15T06:30:10.245+0000][69][safepoint   ] Safepoint "Cleanup", Time since last: 6008119535 ns, Reaching safepoint: 324227 ns, At safepoint: 15014 ns, Total: 339241 ns
[2023-03-15T06:30:22.105+0000][69][gc,start    ] GC(428) Pause Young (Concurrent Start) (G1 Evacuation Pause)
[2023-03-15T06:30:22.106+0000][69][gc,task     ] GC(428) Using 4 workers of 4 for evacuation
[2023-03-15T06:30:22.106+0000][69][gc,age      ] GC(428) Desired survivor size 6291456 bytes, new threshold 15 (max threshold 15)
[2023-03-15T06:30:22.111+0000][69][gc,phases   ] GC(428)   Pre Evacuate Collection Set: 0.4ms
[2023-03-15T06:30:22.111+0000][69][gc,phases   ] GC(428)   Merge Heap Roots: 0.1ms
[2023-03-15T06:30:22.112+0000][69][gc,phases   ] GC(428)   Evacuate Collection Set: 2.4ms
[2023-03-15T06:30:22.112+0000][69][gc,phases   ] GC(428)   Post Evacuate Collection Set: 1.1ms
[2023-03-15T06:30:22.113+0000][69][gc,phases   ] GC(428)   Other: 1.0ms
[2023-03-15T06:30:22.113+0000][69][gc,age      ] GC(428) Age table with threshold 15 (max threshold 15)
[2023-03-15T06:30:22.114+0000][69][gc,age      ] GC(428) - age   1:     675488 bytes,     675488 total
[2023-03-15T06:30:22.114+0000][69][gc,age      ] GC(428) - age   2:      81592 bytes,     757080 total
[2023-03-15T06:30:22.114+0000][69][gc,age      ] GC(428) - age   3:       8784 bytes,     765864 total
[2023-03-15T06:30:22.115+0000][69][gc,age      ] GC(428) - age   4:      25368 bytes,     791232 total
[2023-03-15T06:30:22.115+0000][69][gc,age      ] GC(428) - age   5:      20624 bytes,     811856 total
[2023-03-15T06:30:22.115+0000][69][gc,age      ] GC(428) - age   6:       4248 bytes,     816104 total
[2023-03-15T06:30:22.116+0000][69][gc,age      ] GC(428) - age   7:        632 bytes,     816736 total
[2023-03-15T06:30:22.116+0000][69][gc,age      ] GC(428) - age   8:        112 bytes,     816848 total
[2023-03-15T06:30:22.117+0000][69][gc,age      ] GC(428) - age   9:       5080 bytes,     821928 total
[2023-03-15T06:30:22.117+0000][69][gc,age      ] GC(428) - age  10:        208 bytes,     822136 total
[2023-03-15T06:30:22.118+0000][69][gc,age      ] GC(428) - age  11:     167448 bytes,     989584 total
[2023-03-15T06:30:22.118+0000][69][gc,age      ] GC(428) - age  12:        152 bytes,     989736 total
[2023-03-15T06:30:22.118+0000][69][gc,age      ] GC(428) - age  13:       8736 bytes,     998472 total
[2023-03-15T06:30:22.119+0000][69][gc,age      ] GC(428) - age  14:        936 bytes,     999408 total
[2023-03-15T06:30:22.119+0000][69][gc,age      ] GC(428) - age  15:        128 bytes,     999536 total
[2023-03-15T06:30:22.120+0000][69][gc,heap     ] GC(428) Eden regions: 23->0(23)
[2023-03-15T06:30:22.120+0000][69][gc,heap     ] GC(428) Survivor regions: 1->1(3)
[2023-03-15T06:30:22.120+0000][69][gc,heap     ] GC(428) Old regions: 25->25
[2023-03-15T06:30:22.121+0000][69][gc,heap     ] GC(428) Archive regions: 2->2
[2023-03-15T06:30:22.121+0000][69][gc,heap     ] GC(428) Humongous regions: 2->2
[2023-03-15T06:30:22.122+0000][69][gc,metaspace] GC(428) Metaspace: 138261K(141632K)->138261K(141632K) NonClass: 120744K(121920K)->120744K(121920K) Class: 17517K(19712K)->17517K(19712K)
[2023-03-15T06:30:22.122+0000][69][gc          ] GC(428) Pause Young (Concurrent Start) (G1 Evacuation Pause) 200M->108M(256M) 17.084ms
[2023-03-15T06:30:22.123+0000][69][gc,cpu      ] GC(428) User=0.01s Sys=0.00s Real=0.01s
[2023-03-15T06:30:22.123+0000][69][gc          ] GC(429) Concurrent Mark Cycle
[2023-03-15T06:30:22.123+0000][69][safepoint   ] Safepoint "G1CollectForAllocation", Time since last: 11881895622 ns, Reaching safepoint: 135738 ns, At safepoint: 17939772 ns, Total: 18075510 ns
[2023-03-15T06:30:22.123+0000][69][gc,marking  ] GC(429) Concurrent Clear Claimed Marks
[2023-03-15T06:30:22.124+0000][69][gc,marking  ] GC(429) Concurrent Clear Claimed Marks 0.922ms
[2023-03-15T06:30:22.125+0000][69][gc,marking  ] GC(429) Concurrent Scan Root Regions
[2023-03-15T06:30:22.127+0000][69][gc,marking  ] GC(429) Concurrent Scan Root Regions 2.334ms
[2023-03-15T06:30:22.128+0000][69][gc,marking  ] GC(429) Concurrent Mark
[2023-03-15T06:30:22.128+0000][69][gc,marking  ] GC(429) Concurrent Mark From Roots
[2023-03-15T06:30:22.129+0000][69][gc,task     ] GC(429) Using 1 workers of 1 for marking
[2023-03-15T06:30:22.229+0000][69][gc,marking  ] GC(429) Concurrent Mark From Roots 100.696ms
[2023-03-15T06:30:22.229+0000][69][gc,marking  ] GC(429) Concurrent Preclean
[2023-03-15T06:30:22.230+0000][69][gc,marking  ] GC(429) Concurrent Preclean 0.742ms
[2023-03-15T06:30:22.231+0000][69][gc,start    ] GC(429) Pause Remark
[2023-03-15T06:30:22.241+0000][69][gc          ] GC(429) Pause Remark 111M->111M(256M) 9.807ms
[2023-03-15T06:30:22.241+0000][69][gc,cpu      ] GC(429) User=0.02s Sys=0.00s Real=0.01s
[2023-03-15T06:30:22.242+0000][69][safepoint   ] Safepoint "G1PauseRemark", Time since last: 107514295 ns, Reaching safepoint: 108876 ns, At safepoint: 11263272 ns, Total: 11372148 ns
[2023-03-15T06:30:22.243+0000][69][gc,marking  ] GC(429) Concurrent Mark 114.720ms
[2023-03-15T06:30:22.243+0000][69][gc,marking  ] GC(429) Concurrent Rebuild Remembered Sets
[2023-03-15T06:30:22.295+0000][69][gc,marking  ] GC(429) Concurrent Rebuild Remembered Sets 52.363ms
[2023-03-15T06:30:22.296+0000][69][gc,start    ] GC(429) Pause Cleanup
[2023-03-15T06:30:22.297+0000][69][gc          ] GC(429) Pause Cleanup 111M->111M(256M) 0.684ms
[2023-03-15T06:30:22.297+0000][69][gc,cpu      ] GC(429) User=0.00s Sys=0.00s Real=0.00s
[2023-03-15T06:30:22.298+0000][69][safepoint   ] Safepoint "G1PauseCleanup", Time since last: 54027819 ns, Reaching safepoint: 132797 ns, At safepoint: 1579522 ns, Total: 1712319 ns
[2023-03-15T06:30:22.298+0000][69][gc,marking  ] GC(429) Concurrent Cleanup for Next Mark
[2023-03-15T06:30:22.299+0000][69][gc,marking  ] GC(429) Concurrent Cleanup for Next Mark 0.844ms
[2023-03-15T06:30:22.300+0000][69][gc          ] GC(429) Concurrent Mark Cycle 177.167ms
[2023-03-15T06:30:34.315+0000][69][safepoint   ] Safepoint "Cleanup", Time since last: 12016335379 ns, Reaching safepoint: 543499 ns, At safepoint: 13875 ns, Total: 557374 ns
[2023-03-15T06:30:53.352+0000][69][gc,start    ] GC(430) Pause Young (Prepare Mixed) (G1 Evacuation Pause)
[2023-03-15T06:30:53.354+0000][69][gc,task     ] GC(430) Using 4 workers of 4 for evacuation
[2023-03-15T06:30:53.357+0000][69][gc,age      ] GC(430) Desired survivor size 6291456 bytes, new threshold 15 (max threshold 15)
[2023-03-15T06:30:53.365+0000][69][gc,phases   ] GC(430)   Pre Evacuate Collection Set: 0.3ms
[2023-03-15T06:30:53.366+0000][69][gc,phases   ] GC(430)   Merge Heap Roots: 0.3ms
[2023-03-15T06:30:53.367+0000][69][gc,phases   ] GC(430)   Evacuate Collection Set: 3.5ms
[2023-03-15T06:30:53.369+0000][69][gc,phases   ] GC(430)   Post Evacuate Collection Set: 1.9ms
[2023-03-15T06:30:53.371+0000][69][gc,phases   ] GC(430)   Other: 4.0ms
[2023-03-15T06:30:53.373+0000][69][gc,age      ] GC(430) Age table with threshold 15 (max threshold 15)
[2023-03-15T06:30:53.373+0000][69][gc,age      ] GC(430) - age   1:     858760 bytes,     858760 total
[2023-03-15T06:30:53.375+0000][69][gc,age      ] GC(430) - age   2:      71344 bytes,     930104 total
[2023-03-15T06:30:53.375+0000][69][gc,age      ] GC(430) - age   3:      80328 bytes,    1010432 total
[2023-03-15T06:30:53.376+0000][69][gc,age      ] GC(430) - age   4:       8720 bytes,    1019152 total
[2023-03-15T06:30:53.377+0000][69][gc,age      ] GC(430) - age   5:      25240 bytes,    1044392 total
[2023-03-15T06:30:53.377+0000][69][gc,age      ] GC(430) - age   6:       4216 bytes,    1048608 total
[2023-03-15T06:30:53.378+0000][69][gc,age      ] GC(430) - age   7:       3952 bytes,    1052560 total
[2023-03-15T06:30:53.379+0000][69][gc,age      ] GC(430) - age   8:        568 bytes,    1053128 total
[2023-03-15T06:30:53.379+0000][69][gc,age      ] GC(430) - age   9:        112 bytes,    1053240 total
[2023-03-15T06:30:53.380+0000][69][gc,age      ] GC(430) - age  10:       5080 bytes,    1058320 total
[2023-03-15T06:30:53.381+0000][69][gc,age      ] GC(430) - age  11:        128 bytes,    1058448 total
[2023-03-15T06:30:53.381+0000][69][gc,age      ] GC(430) - age  12:     167320 bytes,    1225768 total
[2023-03-15T06:30:53.382+0000][69][gc,age      ] GC(430) - age  13:        152 bytes,    1225920 total
[2023-03-15T06:30:53.382+0000][69][gc,age      ] GC(430) - age  14:       8736 bytes,    1234656 total
[2023-03-15T06:30:53.383+0000][69][gc,age      ] GC(430) - age  15:        936 bytes,    1235592 total
[2023-03-15T06:30:53.384+0000][69][gc,heap     ] GC(430) Eden regions: 23->0(2)
[2023-03-15T06:30:53.384+0000][69][gc,heap     ] GC(430) Survivor regions: 1->1(3)
[2023-03-15T06:30:53.385+0000][69][gc,heap     ] GC(430) Old regions: 25->25
[2023-03-15T06:30:53.386+0000][69][gc,heap     ] GC(430) Archive regions: 2->2
[2023-03-15T06:30:53.386+0000][69][gc,heap     ] GC(430) Humongous regions: 2->2
[2023-03-15T06:30:53.387+0000][69][gc,metaspace] GC(430) Metaspace: 138261K(141632K)->138261K(141632K) NonClass: 120744K(121920K)->120744K(121920K) Class: 17517K(19712K)->17517K(19712K)
[2023-03-15T06:30:53.388+0000][69][gc          ] GC(430) Pause Young (Prepare Mixed) (G1 Evacuation Pause) 200M->109M(256M) 35.978ms
[2023-03-15T06:30:53.388+0000][69][gc,cpu      ] GC(430) User=0.01s Sys=0.00s Real=0.04s
[2023-03-15T06:30:53.389+0000][69][safepoint   ] Safepoint "G1CollectForAllocation", Time since last: 19058115028 ns, Reaching safepoint: 680116 ns, At safepoint: 37277288 ns, Total: 37957404 ns
[2023-03-15T06:30:57.998+0000][69][gc,start    ] GC(431) Pause Young (Mixed) (G1 Evacuation Pause)
[2023-03-15T06:30:57.999+0000][69][gc,task     ] GC(431) Using 4 workers of 4 for evacuation
[2023-03-15T06:30:58.000+0000][69][gc,age      ] GC(431) Desired survivor size 2097152 bytes, new threshold 15 (max threshold 15)
[2023-03-15T06:30:58.006+0000][69][gc,phases   ] GC(431)   Pre Evacuate Collection Set: 0.1ms
[2023-03-15T06:30:58.007+0000][69][gc,phases   ] GC(431)   Merge Heap Roots: 0.1ms
[2023-03-15T06:30:58.007+0000][69][gc,phases   ] GC(431)   Evacuate Collection Set: 3.6ms
[2023-03-15T06:30:58.008+0000][69][gc,phases   ] GC(431)   Post Evacuate Collection Set: 1.2ms
[2023-03-15T06:30:58.008+0000][69][gc,phases   ] GC(431)   Other: 1.6ms
[2023-03-15T06:30:58.009+0000][69][gc,age      ] GC(431) Age table with threshold 15 (max threshold 15)
[2023-03-15T06:30:58.009+0000][69][gc,age      ] GC(431) - age   1:     469968 bytes,     469968 total
[2023-03-15T06:30:58.010+0000][69][gc,age      ] GC(431) - age   2:     837840 bytes,    1307808 total
[2023-03-15T06:30:58.011+0000][69][gc,age      ] GC(431) - age   3:      70936 bytes,    1378744 total
[2023-03-15T06:30:58.011+0000][69][gc,age      ] GC(431) - age   4:      80328 bytes,    1459072 total
[2023-03-15T06:30:58.012+0000][69][gc,age      ] GC(431) - age   5:       8720 bytes,    1467792 total
[2023-03-15T06:30:58.013+0000][69][gc,age      ] GC(431) - age   6:      25240 bytes,    1493032 total
[2023-03-15T06:30:58.013+0000][69][gc,age      ] GC(431) - age   7:       4216 bytes,    1497248 total
[2023-03-15T06:30:58.014+0000][69][gc,age      ] GC(431) - age   8:       3952 bytes,    1501200 total
[2023-03-15T06:30:58.015+0000][69][gc,age      ] GC(431) - age   9:        568 bytes,    1501768 total
[2023-03-15T06:30:58.015+0000][69][gc,age      ] GC(431) - age  10:        112 bytes,    1501880 total
[2023-03-15T06:30:58.016+0000][69][gc,age      ] GC(431) - age  11:       5080 bytes,    1506960 total
[2023-03-15T06:30:58.016+0000][69][gc,age      ] GC(431) - age  12:        128 bytes,    1507088 total
[2023-03-15T06:30:58.017+0000][69][gc,age      ] GC(431) - age  13:     167224 bytes,    1674312 total
[2023-03-15T06:30:58.018+0000][69][gc,age      ] GC(431) - age  14:        136 bytes,    1674448 total
[2023-03-15T06:30:58.018+0000][69][gc,age      ] GC(431) - age  15:        304 bytes,    1674752 total
[2023-03-15T06:30:58.019+0000][69][gc,heap     ] GC(431) Eden regions: 2->0(24)
[2023-03-15T06:30:58.019+0000][69][gc,heap     ] GC(431) Survivor regions: 1->1(1)
[2023-03-15T06:30:58.019+0000][69][gc,heap     ] GC(431) Old regions: 25->24
[2023-03-15T06:30:58.020+0000][69][gc,heap     ] GC(431) Archive regions: 2->2
[2023-03-15T06:30:58.021+0000][69][gc,heap     ] GC(431) Humongous regions: 2->2
[2023-03-15T06:30:58.021+0000][69][gc,metaspace] GC(431) Metaspace: 138261K(141632K)->138261K(141632K) NonClass: 120744K(121920K)->120744K(121920K) Class: 17517K(19712K)->17517K(19712K)
[2023-03-15T06:30:58.022+0000][69][gc          ] GC(431) Pause Young (Mixed) (G1 Evacuation Pause) 117M->108M(256M) 23.117ms
[2023-03-15T06:30:58.022+0000][69][gc,cpu      ] GC(431) User=0.02s Sys=0.00s Real=0.03s
[2023-03-15T06:30:58.023+0000][69][safepoint   ] Safepoint "G1CollectForAllocation", Time since last: 4609377805 ns, Reaching safepoint: 166186 ns, At safepoint: 24166254 ns, Total: 24332440 ns
[2023-03-15T06:31:28.508+0000][69][gc,start    ] GC(432) Pause Young (Normal) (G1 Evacuation Pause)
[2023-03-15T06:31:28.509+0000][69][gc,task     ] GC(432) Using 4 workers of 4 for evacuation
[2023-03-15T06:31:28.509+0000][69][gc,age      ] GC(432) Desired survivor size 8388608 bytes, new threshold 15 (max threshold 15)
[2023-03-15T06:31:28.514+0000][69][gc,phases   ] GC(432)   Pre Evacuate Collection Set: 0.2ms
[2023-03-15T06:31:28.514+0000][69][gc,phases   ] GC(432)   Merge Heap Roots: 0.1ms
[2023-03-15T06:31:28.515+0000][69][gc,phases   ] GC(432)   Evacuate Collection Set: 1.6ms
[2023-03-15T06:31:28.516+0000][69][gc,phases   ] GC(432)   Post Evacuate Collection Set: 1.3ms
[2023-03-15T06:31:28.516+0000][69][gc,phases   ] GC(432)   Other: 1.8ms
[2023-03-15T06:31:28.517+0000][69][gc,age      ] GC(432) Age table with threshold 15 (max threshold 15)
[2023-03-15T06:31:28.518+0000][69][gc,age      ] GC(432) - age   1:    1325184 bytes,    1325184 total
[2023-03-15T06:31:28.519+0000][69][gc,age      ] GC(432) - age   2:        704 bytes,    1325888 total
[2023-03-15T06:31:28.519+0000][69][gc,age      ] GC(432) - age   3:      11952 bytes,    1337840 total
[2023-03-15T06:31:28.520+0000][69][gc,age      ] GC(432) - age   4:      69720 bytes,    1407560 total
[2023-03-15T06:31:28.521+0000][69][gc,age      ] GC(432) - age   5:      80168 bytes,    1487728 total
[2023-03-15T06:31:28.522+0000][69][gc,age      ] GC(432) - age   6:       8656 bytes,    1496384 total
[2023-03-15T06:31:28.522+0000][69][gc,age      ] GC(432) - age   7:      25176 bytes,    1521560 total
[2023-03-15T06:31:28.523+0000][69][gc,age      ] GC(432) - age   8:       4216 bytes,    1525776 total
[2023-03-15T06:31:28.524+0000][69][gc,age      ] GC(432) - age   9:       3952 bytes,    1529728 total
[2023-03-15T06:31:28.524+0000][69][gc,age      ] GC(432) - age  10:        568 bytes,    1530296 total
[2023-03-15T06:31:28.525+0000][69][gc,age      ] GC(432) - age  11:        112 bytes,    1530408 total
[2023-03-15T06:31:28.525+0000][69][gc,age      ] GC(432) - age  12:       5080 bytes,    1535488 total
[2023-03-15T06:31:28.525+0000][69][gc,age      ] GC(432) - age  13:        128 bytes,    1535616 total
[2023-03-15T06:31:28.526+0000][69][gc,age      ] GC(432) - age  14:     167224 bytes,    1702840 total
[2023-03-15T06:31:28.526+0000][69][gc,age      ] GC(432) - age  15:        136 bytes,    1702976 total
[2023-03-15T06:31:28.527+0000][69][gc,heap     ] GC(432) Eden regions: 24->0(24)
[2023-03-15T06:31:28.528+0000][69][gc,heap     ] GC(432) Survivor regions: 1->1(4)
[2023-03-15T06:31:28.528+0000][69][gc,heap     ] GC(432) Old regions: 24->24
[2023-03-15T06:31:28.529+0000][69][gc,heap     ] GC(432) Archive regions: 2->2
[2023-03-15T06:31:28.529+0000][69][gc,heap     ] GC(432) Humongous regions: 2->2
[2023-03-15T06:31:28.530+0000][69][gc,metaspace] GC(432) Metaspace: 138261K(141632K)->138261K(141632K) NonClass: 120744K(121920K)->120744K(121920K) Class: 17517K(19712K)->17517K(19712K)
[2023-03-15T06:31:28.530+0000][69][gc          ] GC(432) Pause Young (Normal) (G1 Evacuation Pause) 204M->108M(256M) 22.271ms
[2023-03-15T06:31:28.531+0000][69][gc,cpu      ] GC(432) User=0.01s Sys=0.00s Real=0.03s
[2023-03-15T06:31:28.531+0000][69][safepoint   ] Safepoint "G1CollectForAllocation", Time since last: 30507123474 ns, Reaching safepoint: 126687 ns, At safepoint: 23344824 ns, Total: 23471511 ns
[2023-03-15T06:31:30.535+0000][69][safepoint   ] Safepoint "Cleanup", Time since last: 2003134555 ns, Reaching safepoint: 894491 ns, At safepoint: 53807 ns, Total: 948298 ns
[2023-03-15T06:31:56.106+0000][69][gc,start    ] GC(433) Pause Young (Normal) (G1 Evacuation Pause)
[2023-03-15T06:31:56.108+0000][69][gc,task     ] GC(433) Using 4 workers of 4 for evacuation
[2023-03-15T06:31:56.110+0000][69][gc,age      ] GC(433) Desired survivor size 8388608 bytes, new threshold 15 (max threshold 15)
[2023-03-15T06:31:56.117+0000][69][gc,phases   ] GC(433)   Pre Evacuate Collection Set: 0.3ms
[2023-03-15T06:31:56.118+0000][69][gc,phases   ] GC(433)   Merge Heap Roots: 0.3ms
[2023-03-15T06:31:56.120+0000][69][gc,phases   ] GC(433)   Evacuate Collection Set: 2.6ms
[2023-03-15T06:31:56.121+0000][69][gc,phases   ] GC(433)   Post Evacuate Collection Set: 1.6ms
[2023-03-15T06:31:56.121+0000][69][gc,phases   ] GC(433)   Other: 4.1ms
[2023-03-15T06:31:56.123+0000][69][gc,age      ] GC(433) Age table with threshold 15 (max threshold 15)
[2023-03-15T06:31:56.123+0000][69][gc,age      ] GC(433) - age   1:     329288 bytes,     329288 total
[2023-03-15T06:31:56.124+0000][69][gc,age      ] GC(433) - age   2:       3712 bytes,     333000 total
[2023-03-15T06:31:56.125+0000][69][gc,age      ] GC(433) - age   3:        576 bytes,     333576 total
[2023-03-15T06:31:56.125+0000][69][gc,age      ] GC(433) - age   4:      10368 bytes,     343944 total
[2023-03-15T06:31:56.126+0000][69][gc,age      ] GC(433) - age   5:      69416 bytes,     413360 total
[2023-03-15T06:31:56.127+0000][69][gc,age      ] GC(433) - age   6:      80168 bytes,     493528 total
[2023-03-15T06:31:56.128+0000][69][gc,age      ] GC(433) - age   7:       8656 bytes,     502184 total
[2023-03-15T06:31:56.128+0000][69][gc,age      ] GC(433) - age   8:      25176 bytes,     527360 total
[2023-03-15T06:31:56.129+0000][69][gc,age      ] GC(433) - age   9:       4216 bytes,     531576 total
[2023-03-15T06:31:56.130+0000][69][gc,age      ] GC(433) - age  10:       3952 bytes,     535528 total
[2023-03-15T06:31:56.130+0000][69][gc,age      ] GC(433) - age  11:        568 bytes,     536096 total
[2023-03-15T06:31:56.131+0000][69][gc,age      ] GC(433) - age  12:        112 bytes,     536208 total
[2023-03-15T06:31:56.132+0000][69][gc,age      ] GC(433) - age  13:       5080 bytes,     541288 total
[2023-03-15T06:31:56.132+0000][69][gc,age      ] GC(433) - age  14:        128 bytes,     541416 total
[2023-03-15T06:31:56.133+0000][69][gc,age      ] GC(433) - age  15:     167224 bytes,     708640 total
[2023-03-15T06:31:56.133+0000][69][gc,heap     ] GC(433) Eden regions: 24->0(24)
[2023-03-15T06:31:56.134+0000][69][gc,heap     ] GC(433) Survivor regions: 1->1(4)
[2023-03-15T06:31:56.135+0000][69][gc,heap     ] GC(433) Old regions: 24->24
[2023-03-15T06:31:56.135+0000][69][gc,heap     ] GC(433) Archive regions: 2->2
[2023-03-15T06:31:56.136+0000][69][gc,heap     ] GC(433) Humongous regions: 2->2
[2023-03-15T06:31:56.137+0000][69][gc,metaspace] GC(433) Metaspace: 138261K(141632K)->138261K(141632K) NonClass: 120744K(121920K)->120744K(121920K) Class: 17517K(19712K)->17517K(19712K)
[2023-03-15T06:31:56.138+0000][69][gc          ] GC(433) Pause Young (Normal) (G1 Evacuation Pause) 204M->107M(256M) 32.084ms
[2023-03-15T06:31:56.138+0000][69][gc,cpu      ] GC(433) User=0.01s Sys=0.00s Real=0.04s
[2023-03-15T06:31:56.139+0000][69][safepoint   ] Safepoint "G1CollectForAllocation", Time since last: 25592107486 ns, Reaching safepoint: 206282 ns, At safepoint: 33324262 ns, Total: 33530544 ns
[2023-03-15T06:32:02.145+0000][69][safepoint   ] Safepoint "Cleanup", Time since last: 6005800554 ns, Reaching safepoint: 279216 ns, At safepoint: 9415 ns, Total: 288631 ns
[2023-03-15T06:32:28.401+0000][69][gc,start    ] GC(434) Pause Young (Concurrent Start) (G1 Evacuation Pause)
[2023-03-15T06:32:28.401+0000][69][gc,task     ] GC(434) Using 4 workers of 4 for evacuation
[2023-03-15T06:32:28.402+0000][69][gc,age      ] GC(434) Desired survivor size 8388608 bytes, new threshold 15 (max threshold 15)
[2023-03-15T06:32:28.406+0000][69][gc,phases   ] GC(434)   Pre Evacuate Collection Set: 0.5ms
[2023-03-15T06:32:28.406+0000][69][gc,phases   ] GC(434)   Merge Heap Roots: 0.2ms
[2023-03-15T06:32:28.407+0000][69][gc,phases   ] GC(434)   Evacuate Collection Set: 2.2ms
[2023-03-15T06:32:28.408+0000][69][gc,phases   ] GC(434)   Post Evacuate Collection Set: 0.7ms
[2023-03-15T06:32:28.408+0000][69][gc,phases   ] GC(434)   Other: 0.9ms
[2023-03-15T06:32:28.409+0000][69][gc,age      ] GC(434) Age table with threshold 15 (max threshold 15)
[2023-03-15T06:32:28.409+0000][69][gc,age      ] GC(434) - age   1:     918720 bytes,     918720 total
[2023-03-15T06:32:28.409+0000][69][gc,age      ] GC(434) - age   2:       1880 bytes,     920600 total
[2023-03-15T06:32:28.410+0000][69][gc,age      ] GC(434) - age   3:       1296 bytes,     921896 total
[2023-03-15T06:32:28.410+0000][69][gc,age      ] GC(434) - age   4:        296 bytes,     922192 total
[2023-03-15T06:32:28.411+0000][69][gc,age      ] GC(434) - age   5:      10048 bytes,     932240 total
[2023-03-15T06:32:28.411+0000][69][gc,age      ] GC(434) - age   6:      69224 bytes,    1001464 total
[2023-03-15T06:32:28.412+0000][69][gc,age      ] GC(434) - age   7:      80168 bytes,    1081632 total
[2023-03-15T06:32:28.412+0000][69][gc,age      ] GC(434) - age   8:        224 bytes,    1081856 total
[2023-03-15T06:32:28.413+0000][69][gc,age      ] GC(434) - age   9:      25176 bytes,    1107032 total
[2023-03-15T06:32:28.413+0000][69][gc,age      ] GC(434) - age  10:       4216 bytes,    1111248 total
[2023-03-15T06:32:28.414+0000][69][gc,age      ] GC(434) - age  11:       3952 bytes,    1115200 total
[2023-03-15T06:32:28.414+0000][69][gc,age      ] GC(434) - age  12:        568 bytes,    1115768 total
[2023-03-15T06:32:28.415+0000][69][gc,age      ] GC(434) - age  13:        112 bytes,    1115880 total
[2023-03-15T06:32:28.415+0000][69][gc,age      ] GC(434) - age  14:       5080 bytes,    1120960 total
[2023-03-15T06:32:28.415+0000][69][gc,age      ] GC(434) - age  15:        128 bytes,    1121088 total
[2023-03-15T06:32:28.416+0000][69][gc,heap     ] GC(434) Eden regions: 24->0(24)
[2023-03-15T06:32:28.416+0000][69][gc,heap     ] GC(434) Survivor regions: 1->1(4)
[2023-03-15T06:32:28.417+0000][69][gc,heap     ] GC(434) Old regions: 24->24
[2023-03-15T06:32:28.417+0000][69][gc,heap     ] GC(434) Archive regions: 2->2
[2023-03-15T06:32:28.418+0000][69][gc,heap     ] GC(434) Humongous regions: 2->2
[2023-03-15T06:32:28.418+0000][69][gc,metaspace] GC(434) Metaspace: 138261K(141632K)->138261K(141632K) NonClass: 120744K(121920K)->120744K(121920K) Class: 17517K(19712K)->17517K(19712K)
[2023-03-15T06:32:28.418+0000][69][gc          ] GC(434) Pause Young (Concurrent Start) (G1 Evacuation Pause) 203M->107M(256M) 17.617ms
[2023-03-15T06:32:28.419+0000][69][gc,cpu      ] GC(434) User=0.00s Sys=0.00s Real=0.02s
[2023-03-15T06:32:28.419+0000][69][safepoint   ] Safepoint "G1CollectForAllocation", Time since last: 26276609022 ns, Reaching safepoint: 107861 ns, At safepoint: 18566490 ns, Total: 18674351 ns
[2023-03-15T06:32:28.419+0000][69][gc          ] GC(435) Concurrent Mark Cycle
[2023-03-15T06:32:28.421+0000][69][gc,marking  ] GC(435) Concurrent Clear Claimed Marks
[2023-03-15T06:32:28.422+0000][69][gc,marking  ] GC(435) Concurrent Clear Claimed Marks 0.668ms
[2023-03-15T06:32:28.422+0000][69][gc,marking  ] GC(435) Concurrent Scan Root Regions
[2023-03-15T06:32:28.425+0000][69][gc,marking  ] GC(435) Concurrent Scan Root Regions 2.356ms
[2023-03-15T06:32:28.425+0000][69][gc,marking  ] GC(435) Concurrent Mark
[2023-03-15T06:32:28.426+0000][69][gc,marking  ] GC(435) Concurrent Mark From Roots
[2023-03-15T06:32:28.426+0000][69][gc,task     ] GC(435) Using 1 workers of 1 for marking
[2023-03-15T06:32:28.558+0000][69][gc,marking  ] GC(435) Concurrent Mark From Roots 132.016ms
[2023-03-15T06:32:28.558+0000][69][gc,marking  ] GC(435) Concurrent Preclean
[2023-03-15T06:32:28.559+0000][69][gc,marking  ] GC(435) Concurrent Preclean 0.764ms
[2023-03-15T06:32:28.559+0000][69][gc,start    ] GC(435) Pause Remark
[2023-03-15T06:32:28.571+0000][69][gc          ] GC(435) Pause Remark 109M->109M(256M) 11.273ms
[2023-03-15T06:32:28.571+0000][69][gc,cpu      ] GC(435) User=0.03s Sys=0.00s Real=0.01s
[2023-03-15T06:32:28.572+0000][69][safepoint   ] Safepoint "G1PauseRemark", Time since last: 139850201 ns, Reaching safepoint: 166677 ns, At safepoint: 12763996 ns, Total: 12930673 ns
[2023-03-15T06:32:28.573+0000][69][gc,marking  ] GC(435) Concurrent Mark 147.478ms
[2023-03-15T06:32:28.573+0000][69][gc,marking  ] GC(435) Concurrent Rebuild Remembered Sets
[2023-03-15T06:32:28.634+0000][69][gc,marking  ] GC(435) Concurrent Rebuild Remembered Sets 60.524ms
[2023-03-15T06:32:28.635+0000][69][gc,start    ] GC(435) Pause Cleanup
[2023-03-15T06:32:28.635+0000][69][gc          ] GC(435) Pause Cleanup 110M->110M(256M) 0.744ms
[2023-03-15T06:32:28.636+0000][69][gc,cpu      ] GC(435) User=0.00s Sys=0.00s Real=0.00s
[2023-03-15T06:32:28.636+0000][69][safepoint   ] Safepoint "G1PauseCleanup", Time since last: 62306004 ns, Reaching safepoint: 107439 ns, At safepoint: 1750044 ns, Total: 1857483 ns
[2023-03-15T06:32:28.637+0000][69][gc,marking  ] GC(435) Concurrent Cleanup for Next Mark
[2023-03-15T06:32:28.638+0000][69][gc,marking  ] GC(435) Concurrent Cleanup for Next Mark 0.933ms
[2023-03-15T06:32:28.638+0000][69][gc          ] GC(435) Concurrent Mark Cycle 219.203ms
[2023-03-15T06:33:02.022+0000][69][gc,start    ] GC(436) Pause Young (Normal) (G1 Evacuation Pause)
[2023-03-15T06:33:02.024+0000][69][gc,task     ] GC(436) Using 4 workers of 4 for evacuation
[2023-03-15T06:33:02.026+0000][69][gc,age      ] GC(436) Desired survivor size 8388608 bytes, new threshold 15 (max threshold 15)
[2023-03-15T06:33:02.033+0000][69][gc,phases   ] GC(436)   Pre Evacuate Collection Set: 0.4ms
[2023-03-15T06:33:02.034+0000][69][gc,phases   ] GC(436)   Merge Heap Roots: 0.3ms
[2023-03-15T06:33:02.035+0000][69][gc,phases   ] GC(436)   Evacuate Collection Set: 2.8ms
[2023-03-15T06:33:02.037+0000][69][gc,phases   ] GC(436)   Post Evacuate Collection Set: 1.5ms
[2023-03-15T06:33:02.038+0000][69][gc,phases   ] GC(436)   Other: 3.3ms
[2023-03-15T06:33:02.039+0000][69][gc,age      ] GC(436) Age table with threshold 15 (max threshold 15)
[2023-03-15T06:33:02.040+0000][69][gc,age      ] GC(436) - age   1:    1219040 bytes,    1219040 total
[2023-03-15T06:33:02.040+0000][69][gc,age      ] GC(436) - age   2:       1784 bytes,    1220824 total
[2023-03-15T06:33:02.041+0000][69][gc,age      ] GC(436) - age   3:        360 bytes,    1221184 total
[2023-03-15T06:33:02.042+0000][69][gc,age      ] GC(436) - age   4:       1104 bytes,    1222288 total
[2023-03-15T06:33:02.043+0000][69][gc,age      ] GC(436) - age   6:       9792 bytes,    1232080 total
[2023-03-15T06:33:02.043+0000][69][gc,age      ] GC(436) - age   7:      69224 bytes,    1301304 total
[2023-03-15T06:33:02.044+0000][69][gc,age      ] GC(436) - age   8:      80168 bytes,    1381472 total
[2023-03-15T06:33:02.045+0000][69][gc,age      ] GC(436) - age   9:        224 bytes,    1381696 total
[2023-03-15T06:33:02.047+0000][69][gc,age      ] GC(436) - age  10:      16744 bytes,    1398440 total
[2023-03-15T06:33:02.047+0000][69][gc,age      ] GC(436) - age  11:       4008 bytes,    1402448 total
[2023-03-15T06:33:02.048+0000][69][gc,age      ] GC(436) - age  12:       3952 bytes,    1406400 total
[2023-03-15T06:33:02.049+0000][69][gc,age      ] GC(436) - age  13:        568 bytes,    1406968 total
[2023-03-15T06:33:02.049+0000][69][gc,age      ] GC(436) - age  14:        112 bytes,    1407080 total
[2023-03-15T06:33:02.050+0000][69][gc,age      ] GC(436) - age  15:       5080 bytes,    1412160 total
[2023-03-15T06:33:02.051+0000][69][gc,heap     ] GC(436) Eden regions: 24->0(24)
[2023-03-15T06:33:02.051+0000][69][gc,heap     ] GC(436) Survivor regions: 1->1(4)
[2023-03-15T06:33:02.052+0000][69][gc,heap     ] GC(436) Old regions: 24->24
[2023-03-15T06:33:02.052+0000][69][gc,heap     ] GC(436) Archive regions: 2->2
[2023-03-15T06:33:02.053+0000][69][gc,heap     ] GC(436) Humongous regions: 2->2
[2023-03-15T06:33:02.054+0000][69][gc,metaspace] GC(436) Metaspace: 138261K(141632K)->138261K(141632K) NonClass: 120744K(121920K)->120744K(121920K) Class: 17517K(19712K)->17517K(19712K)
[2023-03-15T06:33:02.055+0000][69][gc          ] GC(436) Pause Young (Normal) (G1 Evacuation Pause) 203M->108M(256M) 32.711ms
[2023-03-15T06:33:02.055+0000][69][gc,cpu      ] GC(436) User=0.01s Sys=0.01s Real=0.04s
[2023-03-15T06:33:02.056+0000][69][safepoint   ] Safepoint "G1CollectForAllocation", Time since last: 33417904502 ns, Reaching safepoint: 828035 ns, At safepoint: 34242912 ns, Total: 35070947 ns
[2023-03-15T06:33:31.148+0000][69][gc,start    ] GC(437) Pause Young (Concurrent Start) (G1 Evacuation Pause)
[2023-03-15T06:33:31.151+0000][69][gc,task     ] GC(437) Using 4 workers of 4 for evacuation
[2023-03-15T06:33:31.153+0000][69][gc,age      ] GC(437) Desired survivor size 8388608 bytes, new threshold 15 (max threshold 15)
[2023-03-15T06:33:31.161+0000][69][gc,phases   ] GC(437)   Pre Evacuate Collection Set: 0.9ms
[2023-03-15T06:33:31.162+0000][69][gc,phases   ] GC(437)   Merge Heap Roots: 0.4ms
[2023-03-15T06:33:31.163+0000][69][gc,phases   ] GC(437)   Evacuate Collection Set: 2.7ms
[2023-03-15T06:33:31.165+0000][69][gc,phases   ] GC(437)   Post Evacuate Collection Set: 1.6ms
[2023-03-15T06:33:31.166+0000][69][gc,phases   ] GC(437)   Other: 4.0ms
[2023-03-15T06:33:31.167+0000][69][gc,age      ] GC(437) Age table with threshold 15 (max threshold 15)
[2023-03-15T06:33:31.167+0000][69][gc,age      ] GC(437) - age   1:     338760 bytes,     338760 total
[2023-03-15T06:33:31.168+0000][69][gc,age      ] GC(437) - age   2:      13888 bytes,     352648 total
[2023-03-15T06:33:31.169+0000][69][gc,age      ] GC(437) - age   3:       1408 bytes,     354056 total
[2023-03-15T06:33:31.170+0000][69][gc,age      ] GC(437) - age   4:        360 bytes,     354416 total
[2023-03-15T06:33:31.170+0000][69][gc,age      ] GC(437) - age   5:       1104 bytes,     355520 total
[2023-03-15T06:33:31.171+0000][69][gc,age      ] GC(437) - age   7:       9792 bytes,     365312 total
[2023-03-15T06:33:31.172+0000][69][gc,age      ] GC(437) - age   8:      69160 bytes,     434472 total
[2023-03-15T06:33:31.173+0000][69][gc,age      ] GC(437) - age   9:      80168 bytes,     514640 total
[2023-03-15T06:33:31.173+0000][69][gc,age      ] GC(437) - age  10:        224 bytes,     514864 total
[2023-03-15T06:33:31.174+0000][69][gc,age      ] GC(437) - age  11:      16448 bytes,     531312 total
[2023-03-15T06:33:31.174+0000][69][gc,age      ] GC(437) - age  12:       4008 bytes,     535320 total
[2023-03-15T06:33:31.175+0000][69][gc,age      ] GC(437) - age  13:       3952 bytes,     539272 total
[2023-03-15T06:33:31.175+0000][69][gc,age      ] GC(437) - age  14:        568 bytes,     539840 total
[2023-03-15T06:33:31.176+0000][69][gc,age      ] GC(437) - age  15:        112 bytes,     539952 total
[2023-03-15T06:33:31.177+0000][69][gc,heap     ] GC(437) Eden regions: 24->0(24)
[2023-03-15T06:33:31.177+0000][69][gc,heap     ] GC(437) Survivor regions: 1->1(4)
[2023-03-15T06:33:31.178+0000][69][gc,heap     ] GC(437) Old regions: 24->24
[2023-03-15T06:33:31.179+0000][69][gc,heap     ] GC(437) Archive regions: 2->2
[2023-03-15T06:33:31.179+0000][69][gc,heap     ] GC(437) Humongous regions: 2->2
[2023-03-15T06:33:31.180+0000][69][gc,metaspace] GC(437) Metaspace: 138262K(141632K)->138262K(141632K) NonClass: 120744K(121920K)->120744K(121920K) Class: 17517K(19712K)->17517K(19712K)
[2023-03-15T06:33:31.180+0000][69][gc          ] GC(437) Pause Young (Concurrent Start) (G1 Evacuation Pause) 204M->107M(256M) 31.974ms
[2023-03-15T06:33:31.181+0000][69][gc,cpu      ] GC(437) User=0.01s Sys=0.01s Real=0.03s
[2023-03-15T06:33:31.181+0000][69][gc          ] GC(438) Concurrent Mark Cycle
[2023-03-15T06:33:31.182+0000][69][gc,marking  ] GC(438) Concurrent Clear Claimed Marks
[2023-03-15T06:33:31.181+0000][69][safepoint   ] Safepoint "G1CollectForAllocation", Time since last: 29123626124 ns, Reaching safepoint: 359192 ns, At safepoint: 33428217 ns, Total: 33787409 ns
[2023-03-15T06:33:31.183+0000][69][gc,marking  ] GC(438) Concurrent Clear Claimed Marks 1.229ms
[2023-03-15T06:33:31.184+0000][69][gc,marking  ] GC(438) Concurrent Scan Root Regions
[2023-03-15T06:33:31.186+0000][69][gc,marking  ] GC(438) Concurrent Scan Root Regions 2.251ms
[2023-03-15T06:33:31.187+0000][69][gc,marking  ] GC(438) Concurrent Mark
[2023-03-15T06:33:31.187+0000][69][gc,marking  ] GC(438) Concurrent Mark From Roots
[2023-03-15T06:33:31.188+0000][69][gc,task     ] GC(438) Using 1 workers of 1 for marking
[2023-03-15T06:33:31.287+0000][69][gc,marking  ] GC(438) Concurrent Mark From Roots 99.152ms
[2023-03-15T06:33:31.288+0000][69][gc,marking  ] GC(438) Concurrent Preclean
[2023-03-15T06:33:31.289+0000][69][gc,marking  ] GC(438) Concurrent Preclean 1.190ms
[2023-03-15T06:33:31.290+0000][69][gc,start    ] GC(438) Pause Remark
[2023-03-15T06:33:31.301+0000][69][gc          ] GC(438) Pause Remark 108M->108M(256M) 10.674ms
[2023-03-15T06:33:31.302+0000][69][gc,cpu      ] GC(438) User=0.03s Sys=0.00s Real=0.01s
[2023-03-15T06:33:31.302+0000][69][safepoint   ] Safepoint "G1PauseRemark", Time since last: 108488303 ns, Reaching safepoint: 108774 ns, At safepoint: 12313150 ns, Total: 12421924 ns
[2023-03-15T06:33:31.303+0000][69][gc,marking  ] GC(438) Concurrent Mark 115.772ms
[2023-03-15T06:33:31.303+0000][69][gc,marking  ] GC(438) Concurrent Rebuild Remembered Sets
[2023-03-15T06:33:31.353+0000][69][gc,marking  ] GC(438) Concurrent Rebuild Remembered Sets 49.429ms
[2023-03-15T06:33:31.354+0000][69][gc,start    ] GC(438) Pause Cleanup
[2023-03-15T06:33:31.355+0000][69][gc          ] GC(438) Pause Cleanup 108M->108M(256M) 1.029ms
[2023-03-15T06:33:31.356+0000][69][gc,cpu      ] GC(438) User=0.00s Sys=0.00s Real=0.00s
[2023-03-15T06:33:31.356+0000][69][safepoint   ] Safepoint "G1PauseCleanup", Time since last: 51543512 ns, Reaching safepoint: 163330 ns, At safepoint: 2436632 ns, Total: 2599962 ns
[2023-03-15T06:33:31.357+0000][69][gc,marking  ] GC(438) Concurrent Cleanup for Next Mark
[2023-03-15T06:33:31.357+0000][69][gc,marking  ] GC(438) Concurrent Cleanup for Next Mark 0.720ms
[2023-03-15T06:33:31.358+0000][69][gc          ] GC(438) Concurrent Mark Cycle 177.353ms
[2023-03-15T06:34:00.793+0000][69][gc,start    ] GC(439) Pause Young (Normal) (G1 Evacuation Pause)
[2023-03-15T06:34:00.795+0000][69][gc,task     ] GC(439) Using 4 workers of 4 for evacuation
[2023-03-15T06:34:00.796+0000][69][gc,age      ] GC(439) Desired survivor size 8388608 bytes, new threshold 15 (max threshold 15)
[2023-03-15T06:34:00.804+0000][69][gc,phases   ] GC(439)   Pre Evacuate Collection Set: 0.2ms
[2023-03-15T06:34:00.806+0000][69][gc,phases   ] GC(439)   Merge Heap Roots: 0.1ms
[2023-03-15T06:34:00.807+0000][69][gc,phases   ] GC(439)   Evacuate Collection Set: 3.1ms
[2023-03-15T06:34:00.808+0000][69][gc,phases   ] GC(439)   Post Evacuate Collection Set: 2.0ms
[2023-03-15T06:34:00.809+0000][69][gc,phases   ] GC(439)   Other: 3.4ms
[2023-03-15T06:34:00.810+0000][69][gc,age      ] GC(439) Age table with threshold 15 (max threshold 15)
[2023-03-15T06:34:00.811+0000][69][gc,age      ] GC(439) - age   1:    1046768 bytes,    1046768 total
[2023-03-15T06:34:00.812+0000][69][gc,age      ] GC(439) - age   2:       9224 bytes,    1055992 total
[2023-03-15T06:34:00.813+0000][69][gc,age      ] GC(439) - age   3:      12248 bytes,    1068240 total
[2023-03-15T06:34:00.814+0000][69][gc,age      ] GC(439) - age   4:       1024 bytes,    1069264 total
[2023-03-15T06:34:00.815+0000][69][gc,age      ] GC(439) - age   5:        184 bytes,    1069448 total
[2023-03-15T06:34:00.816+0000][69][gc,age      ] GC(439) - age   6:       1104 bytes,    1070552 total
[2023-03-15T06:34:00.817+0000][69][gc,age      ] GC(439) - age   8:       9792 bytes,    1080344 total
[2023-03-15T06:34:00.818+0000][69][gc,age      ] GC(439) - age   9:      69160 bytes,    1149504 total
[2023-03-15T06:34:00.819+0000][69][gc,age      ] GC(439) - age  10:      80168 bytes,    1229672 total
[2023-03-15T06:34:00.820+0000][69][gc,age      ] GC(439) - age  11:        224 bytes,    1229896 total
[2023-03-15T06:34:00.820+0000][69][gc,age      ] GC(439) - age  12:      16448 bytes,    1246344 total
[2023-03-15T06:34:00.821+0000][69][gc,age      ] GC(439) - age  13:       4008 bytes,    1250352 total
[2023-03-15T06:34:00.822+0000][69][gc,age      ] GC(439) - age  14:       3952 bytes,    1254304 total
[2023-03-15T06:34:00.822+0000][69][gc,age      ] GC(439) - age  15:        568 bytes,    1254872 total
[2023-03-15T06:34:00.823+0000][69][gc,heap     ] GC(439) Eden regions: 24->0(24)
[2023-03-15T06:34:00.824+0000][69][gc,heap     ] GC(439) Survivor regions: 1->1(4)
[2023-03-15T06:34:00.824+0000][69][gc,heap     ] GC(439) Old regions: 24->24
[2023-03-15T06:34:00.825+0000][69][gc,heap     ] GC(439) Archive regions: 2->2
[2023-03-15T06:34:00.826+0000][69][gc,heap     ] GC(439) Humongous regions: 2->2
[2023-03-15T06:34:00.826+0000][69][gc,metaspace] GC(439) Metaspace: 138262K(141632K)->138262K(141632K) NonClass: 120744K(121920K)->120744K(121920K) Class: 17517K(19712K)->17517K(19712K)
[2023-03-15T06:34:00.827+0000][69][gc          ] GC(439) Pause Young (Normal) (G1 Evacuation Pause) 203M->108M(256M) 33.972ms
[2023-03-15T06:34:00.827+0000][69][gc,cpu      ] GC(439) User=0.01s Sys=0.00s Real=0.03s
[2023-03-15T06:34:00.828+0000][69][safepoint   ] Safepoint "G1CollectForAllocation", Time since last: 29460452078 ns, Reaching safepoint: 193694 ns, At safepoint: 35056524 ns, Total: 35250218 ns
[2023-03-15T06:34:34.022+0000][69][gc,start    ] GC(440) Pause Young (Concurrent Start) (G1 Evacuation Pause)
[2023-03-15T06:34:34.023+0000][69][gc,task     ] GC(440) Using 4 workers of 4 for evacuation
[2023-03-15T06:34:34.023+0000][69][gc,age      ] GC(440) Desired survivor size 8388608 bytes, new threshold 15 (max threshold 15)
[2023-03-15T06:34:34.027+0000][69][gc,phases   ] GC(440)   Pre Evacuate Collection Set: 0.4ms
[2023-03-15T06:34:34.027+0000][69][gc,phases   ] GC(440)   Merge Heap Roots: 0.1ms
[2023-03-15T06:34:34.028+0000][69][gc,phases   ] GC(440)   Evacuate Collection Set: 1.6ms
[2023-03-15T06:34:34.028+0000][69][gc,phases   ] GC(440)   Post Evacuate Collection Set: 0.7ms
[2023-03-15T06:34:34.029+0000][69][gc,phases   ] GC(440)   Other: 1.1ms
[2023-03-15T06:34:34.029+0000][69][gc,age      ] GC(440) Age table with threshold 15 (max threshold 15)
[2023-03-15T06:34:34.030+0000][69][gc,age      ] GC(440) - age   1:    1385680 bytes,    1385680 total
[2023-03-15T06:34:34.030+0000][69][gc,age      ] GC(440) - age   2:       2560 bytes,    1388240 total
[2023-03-15T06:34:34.031+0000][69][gc,age      ] GC(440) - age   3:       8784 bytes,    1397024 total
[2023-03-15T06:34:34.031+0000][69][gc,age      ] GC(440) - age   4:      11952 bytes,    1408976 total
[2023-03-15T06:34:34.031+0000][69][gc,age      ] GC(440) - age   5:       1024 bytes,    1410000 total
[2023-03-15T06:34:34.032+0000][69][gc,age      ] GC(440) - age   6:        184 bytes,    1410184 total
[2023-03-15T06:34:34.032+0000][69][gc,age      ] GC(440) - age   7:       1104 bytes,    1411288 total
[2023-03-15T06:34:34.033+0000][69][gc,age      ] GC(440) - age   9:       9792 bytes,    1421080 total
[2023-03-15T06:34:34.034+0000][69][gc,age      ] GC(440) - age  10:      69160 bytes,    1490240 total
[2023-03-15T06:34:34.034+0000][69][gc,age      ] GC(440) - age  11:      80168 bytes,    1570408 total
[2023-03-15T06:34:34.034+0000][69][gc,age      ] GC(440) - age  12:        224 bytes,    1570632 total
[2023-03-15T06:34:34.035+0000][69][gc,age      ] GC(440) - age  13:      16448 bytes,    1587080 total
[2023-03-15T06:34:34.035+0000][69][gc,age      ] GC(440) - age  14:       4008 bytes,    1591088 total
[2023-03-15T06:34:34.036+0000][69][gc,age      ] GC(440) - age  15:       3952 bytes,    1595040 total
[2023-03-15T06:34:34.036+0000][69][gc,heap     ] GC(440) Eden regions: 24->0(24)
[2023-03-15T06:34:34.036+0000][69][gc,heap     ] GC(440) Survivor regions: 1->1(4)
[2023-03-15T06:34:34.037+0000][69][gc,heap     ] GC(440) Old regions: 24->24
[2023-03-15T06:34:34.037+0000][69][gc,heap     ] GC(440) Archive regions: 2->2
[2023-03-15T06:34:34.038+0000][69][gc,heap     ] GC(440) Humongous regions: 2->2
[2023-03-15T06:34:34.038+0000][69][gc,metaspace] GC(440) Metaspace: 138262K(141632K)->138262K(141632K) NonClass: 120744K(121920K)->120744K(121920K) Class: 17517K(19712K)->17517K(19712K)
[2023-03-15T06:34:34.039+0000][69][gc          ] GC(440) Pause Young (Concurrent Start) (G1 Evacuation Pause) 204M->108M(256M) 16.376ms
[2023-03-15T06:34:34.039+0000][69][gc          ] GC(441) Concurrent Mark Cycle
[2023-03-15T06:34:34.040+0000][69][gc,marking  ] GC(441) Concurrent Clear Claimed Marks
[2023-03-15T06:34:34.039+0000][69][gc,cpu      ] GC(440) User=0.00s Sys=0.00s Real=0.02s
[2023-03-15T06:34:34.040+0000][69][gc,marking  ] GC(441) Concurrent Clear Claimed Marks 0.654ms
[2023-03-15T06:34:34.042+0000][69][gc,marking  ] GC(441) Concurrent Scan Root Regions
[2023-03-15T06:34:34.041+0000][69][safepoint   ] Safepoint "G1CollectForAllocation", Time since last: 33216508690 ns, Reaching safepoint: 168528 ns, At safepoint: 18629816 ns, Total: 18798344 ns
[2023-03-15T06:34:34.045+0000][69][gc,marking  ] GC(441) Concurrent Scan Root Regions 2.701ms
[2023-03-15T06:34:34.046+0000][69][gc,marking  ] GC(441) Concurrent Mark
[2023-03-15T06:34:34.047+0000][69][gc,marking  ] GC(441) Concurrent Mark From Roots
[2023-03-15T06:34:34.048+0000][69][gc,task     ] GC(441) Using 1 workers of 1 for marking
[2023-03-15T06:34:34.161+0000][69][gc,marking  ] GC(441) Concurrent Mark From Roots 113.586ms
[2023-03-15T06:34:34.162+0000][69][gc,marking  ] GC(441) Concurrent Preclean
[2023-03-15T06:34:34.163+0000][69][gc,marking  ] GC(441) Concurrent Preclean 1.124ms
[2023-03-15T06:34:34.164+0000][69][gc,start    ] GC(441) Pause Remark
[2023-03-15T06:34:34.174+0000][69][gc          ] GC(441) Pause Remark 114M->114M(256M) 9.842ms
[2023-03-15T06:34:34.174+0000][69][gc,cpu      ] GC(441) User=0.03s Sys=0.00s Real=0.01s
[2023-03-15T06:34:34.175+0000][69][safepoint   ] Safepoint "G1PauseRemark", Time since last: 122598878 ns, Reaching safepoint: 85540 ns, At safepoint: 11121089 ns, Total: 11206629 ns
[2023-03-15T06:34:34.176+0000][69][gc,marking  ] GC(441) Concurrent Mark 129.120ms
[2023-03-15T06:34:34.176+0000][69][gc,marking  ] GC(441) Concurrent Rebuild Remembered Sets
[2023-03-15T06:34:34.230+0000][69][gc,marking  ] GC(441) Concurrent Rebuild Remembered Sets 54.213ms
[2023-03-15T06:34:34.232+0000][69][gc,start    ] GC(441) Pause Cleanup
[2023-03-15T06:34:34.233+0000][69][gc          ] GC(441) Pause Cleanup 114M->114M(256M) 1.019ms
[2023-03-15T06:34:34.233+0000][69][gc,cpu      ] GC(441) User=0.00s Sys=0.00s Real=0.00s
[2023-03-15T06:34:34.234+0000][69][safepoint   ] Safepoint "G1PauseCleanup", Time since last: 56849519 ns, Reaching safepoint: 91950 ns, At safepoint: 2468252 ns, Total: 2560202 ns
[2023-03-15T06:34:34.235+0000][69][gc,marking  ] GC(441) Concurrent Cleanup for Next Mark
[2023-03-15T06:34:34.236+0000][69][gc,marking  ] GC(441) Concurrent Cleanup for Next Mark 1.119ms
[2023-03-15T06:34:34.237+0000][69][gc          ] GC(441) Concurrent Mark Cycle 198.005ms
[2023-03-15T06:35:02.064+0000][69][gc,start    ] GC(442) Pause Young (Normal) (G1 Evacuation Pause)
[2023-03-15T06:35:02.067+0000][69][gc,task     ] GC(442) Using 4 workers of 4 for evacuation
[2023-03-15T06:35:02.067+0000][69][gc,age      ] GC(442) Desired survivor size 8388608 bytes, new threshold 15 (max threshold 15)
[2023-03-15T06:35:02.074+0000][69][gc,phases   ] GC(442)   Pre Evacuate Collection Set: 0.2ms
[2023-03-15T06:35:02.075+0000][69][gc,phases   ] GC(442)   Merge Heap Roots: 0.1ms
[2023-03-15T06:35:02.076+0000][69][gc,phases   ] GC(442)   Evacuate Collection Set: 2.8ms
[2023-03-15T06:35:02.077+0000][69][gc,phases   ] GC(442)   Post Evacuate Collection Set: 1.5ms
[2023-03-15T06:35:02.077+0000][69][gc,phases   ] GC(442)   Other: 2.5ms
[2023-03-15T06:35:02.078+0000][69][gc,age      ] GC(442) Age table with threshold 15 (max threshold 15)
[2023-03-15T06:35:02.079+0000][69][gc,age      ] GC(442) - age   1:     459432 bytes,     459432 total
[2023-03-15T06:35:02.079+0000][69][gc,age      ] GC(442) - age   2:       1464 bytes,     460896 total
[2023-03-15T06:35:02.080+0000][69][gc,age      ] GC(442) - age   3:        968 bytes,     461864 total
[2023-03-15T06:35:02.081+0000][69][gc,age      ] GC(442) - age   4:       8696 bytes,     470560 total
[2023-03-15T06:35:02.082+0000][69][gc,age      ] GC(442) - age   5:      11808 bytes,     482368 total
[2023-03-15T06:35:02.083+0000][69][gc,age      ] GC(442) - age   6:        728 bytes,     483096 total
[2023-03-15T06:35:02.083+0000][69][gc,age      ] GC(442) - age   7:        184 bytes,     483280 total
[2023-03-15T06:35:02.084+0000][69][gc,age      ] GC(442) - age   8:       1104 bytes,     484384 total
[2023-03-15T06:35:02.084+0000][69][gc,age      ] GC(442) - age  10:       8928 bytes,     493312 total
[2023-03-15T06:35:02.085+0000][69][gc,age      ] GC(442) - age  11:      26760 bytes,     520072 total
[2023-03-15T06:35:02.086+0000][69][gc,age      ] GC(442) - age  12:       7712 bytes,     527784 total
[2023-03-15T06:35:02.087+0000][69][gc,age      ] GC(442) - age  13:        224 bytes,     528008 total
[2023-03-15T06:35:02.089+0000][69][gc,age      ] GC(442) - age  14:      16448 bytes,     544456 total
[2023-03-15T06:35:02.090+0000][69][gc,age      ] GC(442) - age  15:       4008 bytes,     548464 total
[2023-03-15T06:35:02.090+0000][69][gc,heap     ] GC(442) Eden regions: 24->0(24)
[2023-03-15T06:35:02.091+0000][69][gc,heap     ] GC(442) Survivor regions: 1->1(4)
[2023-03-15T06:35:02.092+0000][69][gc,heap     ] GC(442) Old regions: 24->24
[2023-03-15T06:35:02.092+0000][69][gc,heap     ] GC(442) Archive regions: 2->2
[2023-03-15T06:35:02.093+0000][69][gc,heap     ] GC(442) Humongous regions: 2->2
[2023-03-15T06:35:02.093+0000][69][gc,metaspace] GC(442) Metaspace: 138262K(141632K)->138262K(141632K) NonClass: 120744K(121920K)->120744K(121920K) Class: 17517K(19712K)->17517K(19712K)
[2023-03-15T06:35:02.095+0000][69][gc          ] GC(442) Pause Young (Normal) (G1 Evacuation Pause) 204M->107M(256M) 31.271ms
[2023-03-15T06:35:02.095+0000][69][gc,cpu      ] GC(442) User=0.01s Sys=0.00s Real=0.03s
[2023-03-15T06:35:02.097+0000][69][safepoint   ] Safepoint "G1CollectForAllocation", Time since last: 27851346558 ns, Reaching safepoint: 383922 ns, At safepoint: 33498047 ns, Total: 33881969 ns
[2023-03-15T06:35:34.765+0000][69][gc,start    ] GC(443) Pause Young (Concurrent Start) (G1 Evacuation Pause)
[2023-03-15T06:35:34.767+0000][69][gc,task     ] GC(443) Using 4 workers of 4 for evacuation
[2023-03-15T06:35:34.769+0000][69][gc,age      ] GC(443) Desired survivor size 8388608 bytes, new threshold 15 (max threshold 15)
[2023-03-15T06:35:34.776+0000][69][gc,phases   ] GC(443)   Pre Evacuate Collection Set: 0.6ms
[2023-03-15T06:35:34.778+0000][69][gc,phases   ] GC(443)   Merge Heap Roots: 0.3ms
[2023-03-15T06:35:34.779+0000][69][gc,phases   ] GC(443)   Evacuate Collection Set: 2.2ms
[2023-03-15T06:35:34.780+0000][69][gc,phases   ] GC(443)   Post Evacuate Collection Set: 1.6ms
[2023-03-15T06:35:34.781+0000][69][gc,phases   ] GC(443)   Other: 4.3ms
[2023-03-15T06:35:34.782+0000][69][gc,age      ] GC(443) Age table with threshold 15 (max threshold 15)
[2023-03-15T06:35:34.783+0000][69][gc,age      ] GC(443) - age   1:    1108328 bytes,    1108328 total
[2023-03-15T06:35:34.784+0000][69][gc,age      ] GC(443) - age   2:     277280 bytes,    1385608 total
[2023-03-15T06:35:34.785+0000][69][gc,age      ] GC(443) - age   3:        528 bytes,    1386136 total
[2023-03-15T06:35:34.785+0000][69][gc,age      ] GC(443) - age   4:        360 bytes,    1386496 total
[2023-03-15T06:35:34.786+0000][69][gc,age      ] GC(443) - age   5:       8632 bytes,    1395128 total
[2023-03-15T06:35:34.787+0000][69][gc,age      ] GC(443) - age   6:      11808 bytes,    1406936 total
[2023-03-15T06:35:34.788+0000][69][gc,age      ] GC(443) - age   7:        728 bytes,    1407664 total
[2023-03-15T06:35:34.788+0000][69][gc,age      ] GC(443) - age   8:        184 bytes,    1407848 total
[2023-03-15T06:35:34.789+0000][69][gc,age      ] GC(443) - age   9:       1104 bytes,    1408952 total
[2023-03-15T06:35:34.790+0000][69][gc,age      ] GC(443) - age  11:       8928 bytes,    1417880 total
[2023-03-15T06:35:34.791+0000][69][gc,age      ] GC(443) - age  12:      26696 bytes,    1444576 total
[2023-03-15T06:35:34.791+0000][69][gc,age      ] GC(443) - age  13:       7416 bytes,    1451992 total
[2023-03-15T06:35:34.792+0000][69][gc,age      ] GC(443) - age  14:        144 bytes,    1452136 total
[2023-03-15T06:35:34.792+0000][69][gc,age      ] GC(443) - age  15:      16448 bytes,    1468584 total
[2023-03-15T06:35:34.793+0000][69][gc,heap     ] GC(443) Eden regions: 24->0(24)
[2023-03-15T06:35:34.794+0000][69][gc,heap     ] GC(443) Survivor regions: 1->1(4)
[2023-03-15T06:35:34.794+0000][69][gc,heap     ] GC(443) Old regions: 24->24
[2023-03-15T06:35:34.795+0000][69][gc,heap     ] GC(443) Archive regions: 2->2
[2023-03-15T06:35:34.795+0000][69][gc,heap     ] GC(443) Humongous regions: 2->2
[2023-03-15T06:35:34.796+0000][69][gc,metaspace] GC(443) Metaspace: 138262K(141632K)->138262K(141632K) NonClass: 120744K(121920K)->120744K(121920K) Class: 17517K(19712K)->17517K(19712K)
[2023-03-15T06:35:34.797+0000][69][gc          ] GC(443) Pause Young (Concurrent Start) (G1 Evacuation Pause) 203M->108M(256M) 31.844ms
[2023-03-15T06:35:34.797+0000][69][gc,cpu      ] GC(443) User=0.01s Sys=0.00s Real=0.03s
[2023-03-15T06:35:34.798+0000][69][gc          ] GC(444) Concurrent Mark Cycle
[2023-03-15T06:35:34.799+0000][69][gc,marking  ] GC(444) Concurrent Clear Claimed Marks
[2023-03-15T06:35:34.798+0000][69][safepoint   ] Safepoint "G1CollectForAllocation", Time since last: 32689481315 ns, Reaching safepoint: 403733 ns, At safepoint: 33325547 ns, Total: 33729280 ns
[2023-03-15T06:35:34.799+0000][69][gc,marking  ] GC(444) Concurrent Clear Claimed Marks 0.773ms
[2023-03-15T06:35:34.801+0000][69][gc,marking  ] GC(444) Concurrent Scan Root Regions
[2023-03-15T06:35:34.804+0000][69][gc,marking  ] GC(444) Concurrent Scan Root Regions 2.931ms
[2023-03-15T06:35:34.805+0000][69][gc,marking  ] GC(444) Concurrent Mark
[2023-03-15T06:35:34.805+0000][69][gc,marking  ] GC(444) Concurrent Mark From Roots
[2023-03-15T06:35:34.806+0000][69][gc,task     ] GC(444) Using 1 workers of 1 for marking
[2023-03-15T06:35:34.903+0000][69][gc,marking  ] GC(444) Concurrent Mark From Roots 97.460ms
[2023-03-15T06:35:34.904+0000][69][gc,marking  ] GC(444) Concurrent Preclean
[2023-03-15T06:35:34.905+0000][69][gc,marking  ] GC(444) Concurrent Preclean 1.158ms
[2023-03-15T06:35:34.906+0000][69][gc,start    ] GC(444) Pause Remark
[2023-03-15T06:35:34.915+0000][69][gc          ] GC(444) Pause Remark 108M->108M(256M) 8.936ms
[2023-03-15T06:35:34.917+0000][69][gc,cpu      ] GC(444) User=0.03s Sys=0.00s Real=0.01s
[2023-03-15T06:35:34.917+0000][69][safepoint   ] Safepoint "G1PauseRemark", Time since last: 107992334 ns, Reaching safepoint: 190619 ns, At safepoint: 10939172 ns, Total: 11129791 ns
[2023-03-15T06:35:34.918+0000][69][gc,marking  ] GC(444) Concurrent Mark 113.011ms
[2023-03-15T06:35:34.918+0000][69][gc,marking  ] GC(444) Concurrent Rebuild Remembered Sets
[2023-03-15T06:35:34.971+0000][69][gc,marking  ] GC(444) Concurrent Rebuild Remembered Sets 52.995ms
[2023-03-15T06:35:34.973+0000][69][gc,start    ] GC(444) Pause Cleanup
[2023-03-15T06:35:34.974+0000][69][gc          ] GC(444) Pause Cleanup 108M->108M(256M) 0.786ms
[2023-03-15T06:35:34.975+0000][69][gc,cpu      ] GC(444) User=0.00s Sys=0.00s Real=0.00s
[2023-03-15T06:35:34.975+0000][69][safepoint   ] Safepoint "G1PauseCleanup", Time since last: 56029898 ns, Reaching safepoint: 77580 ns, At safepoint: 2077536 ns, Total: 2155116 ns
[2023-03-15T06:35:34.976+0000][69][gc,marking  ] GC(444) Concurrent Cleanup for Next Mark
[2023-03-15T06:35:34.977+0000][69][gc,marking  ] GC(444) Concurrent Cleanup for Next Mark 0.870ms
[2023-03-15T06:35:34.977+0000][69][gc          ] GC(444) Concurrent Mark Cycle 179.754ms
[2023-03-15T06:35:46.973+0000][69][safepoint   ] Safepoint "Cleanup", Time since last: 12019233892 ns, Reaching safepoint: 499211 ns, At safepoint: 31668 ns, Total: 530879 ns
[2023-03-15T06:35:54.804+0000][69][safepoint   ] Safepoint "Cleanup", Time since last: 7830310044 ns, Reaching safepoint: 322413 ns, At safepoint: 11945 ns, Total: 334358 ns
[2023-03-15T06:35:56.198+0000][69][safepoint   ] Safepoint "Cleanup", Time since last: 1393680007 ns, Reaching safepoint: 315228 ns, At safepoint: 9539 ns, Total: 324767 ns
[2023-03-15T06:35:57.200+0000][69][safepoint   ] Safepoint "Cleanup", Time since last: 1001261731 ns, Reaching safepoint: 265445 ns, At safepoint: 19750 ns, Total: 285195 ns
[2023-03-15T06:35:57.849+0000][69][gc,start    ] GC(445) Pause Young (Normal) (G1 Evacuation Pause)
[2023-03-15T06:35:57.850+0000][69][gc,task     ] GC(445) Using 4 workers of 4 for evacuation
[2023-03-15T06:35:57.850+0000][69][gc,age      ] GC(445) Desired survivor size 8388608 bytes, new threshold 15 (max threshold 15)
[2023-03-15T06:35:57.855+0000][69][gc,phases   ] GC(445)   Pre Evacuate Collection Set: 0.2ms
[2023-03-15T06:35:57.856+0000][69][gc,phases   ] GC(445)   Merge Heap Roots: 0.2ms
[2023-03-15T06:35:57.856+0000][69][gc,phases   ] GC(445)   Evacuate Collection Set: 2.5ms
[2023-03-15T06:35:57.857+0000][69][gc,phases   ] GC(445)   Post Evacuate Collection Set: 1.0ms
[2023-03-15T06:35:57.858+0000][69][gc,phases   ] GC(445)   Other: 1.6ms
[2023-03-15T06:35:57.859+0000][69][gc,age      ] GC(445) Age table with threshold 15 (max threshold 15)
[2023-03-15T06:35:57.861+0000][69][gc,age      ] GC(445) - age   1:    2014784 bytes,    2014784 total
[2023-03-15T06:35:57.861+0000][69][gc,age      ] GC(445) - age   2:      54808 bytes,    2069592 total
[2023-03-15T06:35:57.862+0000][69][gc,age      ] GC(445) - age   3:     264544 bytes,    2334136 total
[2023-03-15T06:35:57.863+0000][69][gc,age      ] GC(445) - age   4:        104 bytes,    2334240 total
[2023-03-15T06:35:57.864+0000][69][gc,age      ] GC(445) - age   6:       8632 bytes,    2342872 total
[2023-03-15T06:35:57.865+0000][69][gc,age      ] GC(445) - age   7:       3792 bytes,    2346664 total
[2023-03-15T06:35:57.865+0000][69][gc,age      ] GC(445) - age   8:        664 bytes,    2347328 total
[2023-03-15T06:35:57.866+0000][69][gc,age      ] GC(445) - age   9:        184 bytes,    2347512 total
[2023-03-15T06:35:57.867+0000][69][gc,age      ] GC(445) - age  10:       1104 bytes,    2348616 total
[2023-03-15T06:35:57.867+0000][69][gc,age      ] GC(445) - age  12:       8928 bytes,    2357544 total
[2023-03-15T06:35:57.868+0000][69][gc,age      ] GC(445) - age  13:      26472 bytes,    2384016 total
[2023-03-15T06:35:57.868+0000][69][gc,age      ] GC(445) - age  14:       7416 bytes,    2391432 total
[2023-03-15T06:35:57.869+0000][69][gc,age      ] GC(445) - age  15:        144 bytes,    2391576 total
[2023-03-15T06:35:57.869+0000][69][gc,heap     ] GC(445) Eden regions: 24->0(24)
[2023-03-15T06:35:57.870+0000][69][gc,heap     ] GC(445) Survivor regions: 1->1(4)
[2023-03-15T06:35:57.871+0000][69][gc,heap     ] GC(445) Old regions: 24->24
[2023-03-15T06:35:57.871+0000][69][gc,heap     ] GC(445) Archive regions: 2->2
[2023-03-15T06:35:57.872+0000][69][gc,heap     ] GC(445) Humongous regions: 2->2
[2023-03-15T06:35:57.872+0000][69][gc,metaspace] GC(445) Metaspace: 138524K(141824K)->138524K(141824K) NonClass: 120952K(122112K)->120952K(122112K) Class: 17571K(19712K)->17571K(19712K)
[2023-03-15T06:35:57.873+0000][69][gc          ] GC(445) Pause Young (Normal) (G1 Evacuation Pause) 204M->109M(256M) 24.655ms
[2023-03-15T06:35:57.874+0000][69][gc,cpu      ] GC(445) User=0.02s Sys=0.00s Real=0.03s
[2023-03-15T06:35:57.875+0000][69][safepoint   ] Safepoint "G1CollectForAllocation", Time since last: 648823815 ns, Reaching safepoint: 208958 ns, At safepoint: 25947114 ns, Total: 26156072 ns
[2023-03-15T06:35:58.137+0000][69][gc,start    ] GC(446) Pause Young (Concurrent Start) (G1 Evacuation Pause)
[2023-03-15T06:35:58.138+0000][69][gc,task     ] GC(446) Using 4 workers of 4 for evacuation
[2023-03-15T06:35:58.138+0000][69][gc,age      ] GC(446) Desired survivor size 8388608 bytes, new threshold 15 (max threshold 15)
[2023-03-15T06:35:58.143+0000][69][gc,phases   ] GC(446)   Pre Evacuate Collection Set: 0.4ms
[2023-03-15T06:35:58.144+0000][69][gc,phases   ] GC(446)   Merge Heap Roots: 0.1ms
[2023-03-15T06:35:58.145+0000][69][gc,phases   ] GC(446)   Evacuate Collection Set: 2.6ms
[2023-03-15T06:35:58.146+0000][69][gc,phases   ] GC(446)   Post Evacuate Collection Set: 0.8ms
[2023-03-15T06:35:58.146+0000][69][gc,phases   ] GC(446)   Other: 1.2ms
[2023-03-15T06:35:58.147+0000][69][gc,age      ] GC(446) Age table with threshold 15 (max threshold 15)
[2023-03-15T06:35:58.147+0000][69][gc,age      ] GC(446) - age   1:     902712 bytes,     902712 total
[2023-03-15T06:35:58.147+0000][69][gc,age      ] GC(446) - age   2:    1371800 bytes,    2274512 total
[2023-03-15T06:35:58.148+0000][69][gc,age      ] GC(446) - age   3:      54744 bytes,    2329256 total
[2023-03-15T06:35:58.149+0000][69][gc,age      ] GC(446) - age   4:     264544 bytes,    2593800 total
[2023-03-15T06:35:58.149+0000][69][gc,age      ] GC(446) - age   5:        104 bytes,    2593904 total
[2023-03-15T06:35:58.150+0000][69][gc,age      ] GC(446) - age   7:       8632 bytes,    2602536 total
[2023-03-15T06:35:58.150+0000][69][gc,age      ] GC(446) - age   8:       3792 bytes,    2606328 total
[2023-03-15T06:35:58.151+0000][69][gc,age      ] GC(446) - age   9:        664 bytes,    2606992 total
[2023-03-15T06:35:58.151+0000][69][gc,age      ] GC(446) - age  10:        184 bytes,    2607176 total
[2023-03-15T06:35:58.152+0000][69][gc,age      ] GC(446) - age  11:       1104 bytes,    2608280 total
[2023-03-15T06:35:58.153+0000][69][gc,age      ] GC(446) - age  13:       8928 bytes,    2617208 total
[2023-03-15T06:35:58.153+0000][69][gc,age      ] GC(446) - age  14:      26472 bytes,    2643680 total
[2023-03-15T06:35:58.154+0000][69][gc,age      ] GC(446) - age  15:       7416 bytes,    2651096 total
[2023-03-15T06:35:58.154+0000][69][gc,heap     ] GC(446) Eden regions: 24->0(24)
[2023-03-15T06:35:58.155+0000][69][gc,heap     ] GC(446) Survivor regions: 1->1(4)
[2023-03-15T06:35:58.155+0000][69][gc,heap     ] GC(446) Old regions: 24->24
[2023-03-15T06:35:58.156+0000][69][gc,heap     ] GC(446) Archive regions: 2->2
[2023-03-15T06:35:58.156+0000][69][gc,heap     ] GC(446) Humongous regions: 2->2
[2023-03-15T06:35:58.156+0000][69][gc,metaspace] GC(446) Metaspace: 138534K(141824K)->138534K(141824K) NonClass: 120962K(122112K)->120962K(122112K) Class: 17572K(19712K)->17572K(19712K)
[2023-03-15T06:35:58.157+0000][69][gc          ] GC(446) Pause Young (Concurrent Start) (G1 Evacuation Pause) 205M->109M(256M) 19.919ms
[2023-03-15T06:35:58.158+0000][69][gc          ] GC(447) Concurrent Mark Cycle
[2023-03-15T06:35:58.158+0000][69][gc,marking  ] GC(447) Concurrent Clear Claimed Marks
[2023-03-15T06:35:58.158+0000][69][gc,cpu      ] GC(446) User=0.01s Sys=0.00s Real=0.02s
[2023-03-15T06:35:58.159+0000][69][gc,marking  ] GC(447) Concurrent Clear Claimed Marks 0.775ms
[2023-03-15T06:35:58.160+0000][69][gc,marking  ] GC(447) Concurrent Scan Root Regions
[2023-03-15T06:35:58.159+0000][69][safepoint   ] Safepoint "G1CollectForAllocation", Time since last: 262273244 ns, Reaching safepoint: 189123 ns, At safepoint: 21875603 ns, Total: 22064726 ns
[2023-03-15T06:35:58.164+0000][69][gc,marking  ] GC(447) Concurrent Scan Root Regions 4.835ms
[2023-03-15T06:35:58.166+0000][69][gc,marking  ] GC(447) Concurrent Mark
[2023-03-15T06:35:58.166+0000][69][gc,marking  ] GC(447) Concurrent Mark From Roots
[2023-03-15T06:35:58.167+0000][69][gc,task     ] GC(447) Using 1 workers of 1 for marking
[2023-03-15T06:35:58.335+0000][69][gc,marking  ] GC(447) Concurrent Mark From Roots 168.513ms
[2023-03-15T06:35:58.335+0000][69][gc,marking  ] GC(447) Concurrent Preclean
[2023-03-15T06:35:58.337+0000][69][gc,marking  ] GC(447) Concurrent Preclean 1.336ms
[2023-03-15T06:35:58.338+0000][69][gc,start    ] GC(447) Pause Remark
[2023-03-15T06:35:58.354+0000][69][gc          ] GC(447) Pause Remark 144M->144M(256M) 15.112ms
[2023-03-15T06:35:58.355+0000][69][gc,cpu      ] GC(447) User=0.03s Sys=0.00s Real=0.02s
[2023-03-15T06:35:58.355+0000][69][safepoint   ] Safepoint "G1PauseRemark", Time since last: 179162930 ns, Reaching safepoint: 273709 ns, At safepoint: 16915226 ns, Total: 17188935 ns
[2023-03-15T06:35:58.356+0000][69][gc,marking  ] GC(447) Concurrent Mark 190.828ms
[2023-03-15T06:35:58.357+0000][69][gc,marking  ] GC(447) Concurrent Rebuild Remembered Sets
[2023-03-15T06:35:58.436+0000][69][gc,marking  ] GC(447) Concurrent Rebuild Remembered Sets 78.473ms
[2023-03-15T06:35:58.437+0000][69][gc,start    ] GC(447) Pause Cleanup
[2023-03-15T06:35:58.438+0000][69][gc          ] GC(447) Pause Cleanup 145M->145M(256M) 0.944ms
[2023-03-15T06:35:58.439+0000][69][gc,cpu      ] GC(447) User=0.00s Sys=0.00s Real=0.00s
[2023-03-15T06:35:58.439+0000][69][safepoint   ] Safepoint "G1PauseCleanup", Time since last: 81507494 ns, Reaching safepoint: 118056 ns, At safepoint: 2452466 ns, Total: 2570522 ns
[2023-03-15T06:35:58.441+0000][69][gc,marking  ] GC(447) Concurrent Cleanup for Next Mark
[2023-03-15T06:35:58.442+0000][69][gc,marking  ] GC(447) Concurrent Cleanup for Next Mark 1.302ms
[2023-03-15T06:35:58.443+0000][69][gc          ] GC(447) Concurrent Mark Cycle 285.339ms
[2023-03-15T06:36:00.325+0000][69][safepoint   ] Safepoint "Cleanup", Time since last: 1884076816 ns, Reaching safepoint: 938876 ns, At safepoint: 115849 ns, Total: 1054725 ns
[2023-03-15T06:36:01.192+0000][69][gc,start    ] GC(448) Pause Young (Normal) (G1 Evacuation Pause)
[2023-03-15T06:36:01.192+0000][69][gc,task     ] GC(448) Using 4 workers of 4 for evacuation
[2023-03-15T06:36:01.193+0000][69][gc,age      ] GC(448) Desired survivor size 8388608 bytes, new threshold 15 (max threshold 15)
[2023-03-15T06:36:01.198+0000][69][gc,phases   ] GC(448)   Pre Evacuate Collection Set: 0.1ms
[2023-03-15T06:36:01.198+0000][69][gc,phases   ] GC(448)   Merge Heap Roots: 0.1ms
[2023-03-15T06:36:01.199+0000][69][gc,phases   ] GC(448)   Evacuate Collection Set: 3.1ms
[2023-03-15T06:36:01.199+0000][69][gc,phases   ] GC(448)   Post Evacuate Collection Set: 0.8ms
[2023-03-15T06:36:01.200+0000][69][gc,phases   ] GC(448)   Other: 1.0ms
[2023-03-15T06:36:01.200+0000][69][gc,age      ] GC(448) Age table with threshold 15 (max threshold 15)
[2023-03-15T06:36:01.201+0000][69][gc,age      ] GC(448) - age   1:    1503744 bytes,    1503744 total
[2023-03-15T06:36:01.201+0000][69][gc,age      ] GC(448) - age   2:     540856 bytes,    2044600 total
[2023-03-15T06:36:01.201+0000][69][gc,age      ] GC(448) - age   3:    1009984 bytes,    3054584 total
[2023-03-15T06:36:01.202+0000][69][gc,age      ] GC(448) - age   4:       9568 bytes,    3064152 total
[2023-03-15T06:36:01.203+0000][69][gc,age      ] GC(448) - age   5:     182320 bytes,    3246472 total
[2023-03-15T06:36:01.204+0000][69][gc,age      ] GC(448) - age   6:        104 bytes,    3246576 total
[2023-03-15T06:36:01.204+0000][69][gc,age      ] GC(448) - age   8:       8632 bytes,    3255208 total
[2023-03-15T06:36:01.205+0000][69][gc,age      ] GC(448) - age   9:       3792 bytes,    3259000 total
[2023-03-15T06:36:01.205+0000][69][gc,age      ] GC(448) - age  10:        664 bytes,    3259664 total
[2023-03-15T06:36:01.205+0000][69][gc,age      ] GC(448) - age  11:        184 bytes,    3259848 total
[2023-03-15T06:36:01.206+0000][69][gc,age      ] GC(448) - age  12:       1104 bytes,    3260952 total
[2023-03-15T06:36:01.206+0000][69][gc,age      ] GC(448) - age  14:       8928 bytes,    3269880 total
[2023-03-15T06:36:01.207+0000][69][gc,age      ] GC(448) - age  15:      26312 bytes,    3296192 total
[2023-03-15T06:36:01.207+0000][69][gc,heap     ] GC(448) Eden regions: 24->0(24)
[2023-03-15T06:36:01.208+0000][69][gc,heap     ] GC(448) Survivor regions: 1->1(4)
[2023-03-15T06:36:01.208+0000][69][gc,heap     ] GC(448) Old regions: 24->24
[2023-03-15T06:36:01.208+0000][69][gc,heap     ] GC(448) Archive regions: 2->2
[2023-03-15T06:36:01.209+0000][69][gc,heap     ] GC(448) Humongous regions: 2->2
[2023-03-15T06:36:01.209+0000][69][gc,metaspace] GC(448) Metaspace: 138654K(141952K)->138654K(141952K) NonClass: 121058K(122240K)->121058K(122240K) Class: 17595K(19712K)->17595K(19712K)
[2023-03-15T06:36:01.210+0000][69][gc          ] GC(448) Pause Young (Normal) (G1 Evacuation Pause) 205M->110M(256M) 17.664ms
[2023-03-15T06:36:01.210+0000][69][gc,cpu      ] GC(448) User=0.01s Sys=0.00s Real=0.02s
[2023-03-15T06:36:01.211+0000][69][safepoint   ] Safepoint "G1CollectForAllocation", Time since last: 867171841 ns, Reaching safepoint: 152011 ns, At safepoint: 19530307 ns, Total: 19682318 ns
[2023-03-15T06:36:02.214+0000][69][safepoint   ] Safepoint "Cleanup", Time since last: 1001687598 ns, Reaching safepoint: 684929 ns, At safepoint: 32520 ns, Total: 717449 ns
[2023-03-15T06:36:04.218+0000][69][safepoint   ] Safepoint "Cleanup", Time since last: 2003585488 ns, Reaching safepoint: 148260 ns, At safepoint: 23799 ns, Total: 172059 ns
[2023-03-15T06:36:05.220+0000][69][safepoint   ] Safepoint "Cleanup", Time since last: 1002170420 ns, Reaching safepoint: 461912 ns, At safepoint: 13506 ns, Total: 475418 ns
[2023-03-15T06:36:06.224+0000][69][safepoint   ] Safepoint "Cleanup", Time since last: 1003571799 ns, Reaching safepoint: 306561 ns, At safepoint: 10634 ns, Total: 317195 ns
[2023-03-15T06:36:07.227+0000][69][safepoint   ] Safepoint "Cleanup", Time since last: 1003000146 ns, Reaching safepoint: 287435 ns, At safepoint: 40273 ns, Total: 327708 ns
[2023-03-15T06:36:10.230+0000][69][safepoint   ] Safepoint "Cleanup", Time since last: 3002013348 ns, Reaching safepoint: 226719 ns, At safepoint: 5355 ns, Total: 232074 ns
[2023-03-15T06:36:11.231+0000][69][safepoint   ] Safepoint "Cleanup", Time since last: 1000894953 ns, Reaching safepoint: 140448 ns, At safepoint: 8294 ns, Total: 148742 ns
[2023-03-15T06:36:16.215+0000][69][safepoint   ] Safepoint "Cleanup", Time since last: 5006030952 ns, Reaching safepoint: 214228 ns, At safepoint: 9338 ns, Total: 223566 ns
[2023-03-15T06:36:17.216+0000][69][safepoint   ] Safepoint "Cleanup", Time since last: 1001358128 ns, Reaching safepoint: 172814 ns, At safepoint: 14618 ns, Total: 187432 ns
[2023-03-15T06:36:19.223+0000][69][safepoint   ] Safepoint "Cleanup", Time since last: 2005986579 ns, Reaching safepoint: 153799 ns, At safepoint: 11834 ns, Total: 165633 ns
[2023-03-15T06:36:22.229+0000][69][safepoint   ] Safepoint "Cleanup", Time since last: 3006594736 ns, Reaching safepoint: 72808 ns, At safepoint: 3671 ns, Total: 76479 ns
[2023-03-15T06:36:23.234+0000][69][safepoint   ] Safepoint "Cleanup", Time since last: 1003979283 ns, Reaching safepoint: 773505 ns, At safepoint: 46083 ns, Total: 819588 ns
[2023-03-15T06:36:25.240+0000][69][safepoint   ] Safepoint "Cleanup", Time since last: 2004545640 ns, Reaching safepoint: 1043216 ns, At safepoint: 48076 ns, Total: 1091292 ns
[2023-03-15T06:36:28.244+0000][69][safepoint   ] Safepoint "Cleanup", Time since last: 3003598328 ns, Reaching safepoint: 230439 ns, At safepoint: 32934 ns, Total: 263373 ns
[2023-03-15T06:36:28.843+0000][69][gc,start    ] GC(449) Pause Young (Concurrent Start) (G1 Evacuation Pause)
[2023-03-15T06:36:28.844+0000][69][gc,task     ] GC(449) Using 4 workers of 4 for evacuation
[2023-03-15T06:36:28.845+0000][69][gc,age      ] GC(449) Desired survivor size 8388608 bytes, new threshold 15 (max threshold 15)
[2023-03-15T06:36:28.850+0000][69][gc,phases   ] GC(449)   Pre Evacuate Collection Set: 0.7ms
[2023-03-15T06:36:28.852+0000][69][gc,phases   ] GC(449)   Merge Heap Roots: 0.2ms
[2023-03-15T06:36:28.853+0000][69][gc,phases   ] GC(449)   Evacuate Collection Set: 2.8ms
[2023-03-15T06:36:28.853+0000][69][gc,phases   ] GC(449)   Post Evacuate Collection Set: 0.9ms
[2023-03-15T06:36:28.854+0000][69][gc,phases   ] GC(449)   Other: 1.8ms
[2023-03-15T06:36:28.855+0000][69][gc,age      ] GC(449) Age table with threshold 15 (max threshold 15)
[2023-03-15T06:36:28.855+0000][69][gc,age      ] GC(449) - age   1:    2103696 bytes,    2103696 total
[2023-03-15T06:36:28.856+0000][69][gc,age      ] GC(449) - age   2:     705224 bytes,    2808920 total
[2023-03-15T06:36:28.856+0000][69][gc,age      ] GC(449) - age   3:     538656 bytes,    3347576 total
[2023-03-15T06:36:28.857+0000][69][gc,age      ] GC(449) - age   4:     414800 bytes,    3762376 total
[2023-03-15T06:36:28.857+0000][69][gc,age      ] GC(449) - age   5:       8576 bytes,    3770952 total
[2023-03-15T06:36:28.858+0000][69][gc,age      ] GC(449) - age   6:     181704 bytes,    3952656 total
[2023-03-15T06:36:28.858+0000][69][gc,age      ] GC(449) - age   7:        104 bytes,    3952760 total
[2023-03-15T06:36:28.859+0000][69][gc,age      ] GC(449) - age   9:       8632 bytes,    3961392 total
[2023-03-15T06:36:28.859+0000][69][gc,age      ] GC(449) - age  10:       3728 bytes,    3965120 total
[2023-03-15T06:36:28.860+0000][69][gc,age      ] GC(449) - age  11:        664 bytes,    3965784 total
[2023-03-15T06:36:28.860+0000][69][gc,age      ] GC(449) - age  12:        184 bytes,    3965968 total
[2023-03-15T06:36:28.861+0000][69][gc,age      ] GC(449) - age  13:       1104 bytes,    3967072 total
[2023-03-15T06:36:28.861+0000][69][gc,age      ] GC(449) - age  15:       8928 bytes,    3976000 total
[2023-03-15T06:36:28.861+0000][69][gc,heap     ] GC(449) Eden regions: 24->0(23)
[2023-03-15T06:36:28.862+0000][69][gc,heap     ] GC(449) Survivor regions: 1->1(4)
[2023-03-15T06:36:28.862+0000][69][gc,heap     ] GC(449) Old regions: 24->24
[2023-03-15T06:36:28.863+0000][69][gc,heap     ] GC(449) Archive regions: 2->2
[2023-03-15T06:36:28.863+0000][69][gc,heap     ] GC(449) Humongous regions: 2->2
[2023-03-15T06:36:28.864+0000][69][gc,metaspace] GC(449) Metaspace: 138656K(141952K)->138656K(141952K) NonClass: 121061K(122240K)->121061K(122240K) Class: 17595K(19712K)->17595K(19712K)
[2023-03-15T06:36:28.864+0000][69][gc          ] GC(449) Pause Young (Concurrent Start) (G1 Evacuation Pause) 206M->110M(256M) 21.281ms
[2023-03-15T06:36:28.865+0000][69][gc          ] GC(450) Concurrent Mark Cycle
[2023-03-15T06:36:28.865+0000][69][gc,cpu      ] GC(449) User=0.01s Sys=0.00s Real=0.02s
[2023-03-15T06:36:28.865+0000][69][gc,marking  ] GC(450) Concurrent Clear Claimed Marks
[2023-03-15T06:36:28.866+0000][69][safepoint   ] Safepoint "G1CollectForAllocation", Time since last: 599211934 ns, Reaching safepoint: 109412 ns, At safepoint: 23122302 ns, Total: 23231714 ns
[2023-03-15T06:36:28.867+0000][69][gc,marking  ] GC(450) Concurrent Clear Claimed Marks 1.881ms
[2023-03-15T06:36:28.868+0000][69][gc,marking  ] GC(450) Concurrent Scan Root Regions
[2023-03-15T06:36:28.872+0000][69][gc,marking  ] GC(450) Concurrent Scan Root Regions 3.989ms
[2023-03-15T06:36:28.873+0000][69][gc,marking  ] GC(450) Concurrent Mark
[2023-03-15T06:36:28.873+0000][69][gc,marking  ] GC(450) Concurrent Mark From Roots
[2023-03-15T06:36:28.874+0000][69][gc,task     ] GC(450) Using 1 workers of 1 for marking
[2023-03-15T06:36:29.020+0000][69][gc,marking  ] GC(450) Concurrent Mark From Roots 146.979ms
[2023-03-15T06:36:29.021+0000][69][gc,marking  ] GC(450) Concurrent Preclean
[2023-03-15T06:36:29.022+0000][69][gc,marking  ] GC(450) Concurrent Preclean 0.863ms
[2023-03-15T06:36:29.022+0000][69][gc,start    ] GC(450) Pause Remark
[2023-03-15T06:36:29.035+0000][69][gc          ] GC(450) Pause Remark 112M->112M(256M) 12.185ms
[2023-03-15T06:36:29.035+0000][69][gc,cpu      ] GC(450) User=0.02s Sys=0.00s Real=0.01s
[2023-03-15T06:36:29.036+0000][69][safepoint   ] Safepoint "G1PauseRemark", Time since last: 156231204 ns, Reaching safepoint: 200152 ns, At safepoint: 13793826 ns, Total: 13993978 ns
[2023-03-15T06:36:29.038+0000][69][gc,marking  ] GC(450) Concurrent Mark 164.791ms
[2023-03-15T06:36:29.039+0000][69][gc,marking  ] GC(450) Concurrent Rebuild Remembered Sets
[2023-03-15T06:36:29.100+0000][69][gc,marking  ] GC(450) Concurrent Rebuild Remembered Sets 61.065ms
[2023-03-15T06:36:29.101+0000][69][gc,start    ] GC(450) Pause Cleanup
[2023-03-15T06:36:29.102+0000][69][gc          ] GC(450) Pause Cleanup 113M->113M(256M) 0.688ms
[2023-03-15T06:36:29.102+0000][69][gc,cpu      ] GC(450) User=0.00s Sys=0.00s Real=0.00s
[2023-03-15T06:36:29.103+0000][69][safepoint   ] Safepoint "G1PauseCleanup", Time since last: 64876409 ns, Reaching safepoint: 61935 ns, At safepoint: 1714783 ns, Total: 1776718 ns
[2023-03-15T06:36:29.103+0000][69][gc,marking  ] GC(450) Concurrent Cleanup for Next Mark
[2023-03-15T06:36:29.104+0000][69][gc,marking  ] GC(450) Concurrent Cleanup for Next Mark 0.795ms
[2023-03-15T06:36:29.105+0000][69][gc          ] GC(450) Concurrent Mark Cycle 239.822ms
[2023-03-15T06:36:32.105+0000][69][safepoint   ] Safepoint "Cleanup", Time since last: 3002232080 ns, Reaching safepoint: 287189 ns, At safepoint: 25628 ns, Total: 312817 ns
[2023-03-15T06:36:34.107+0000][69][safepoint   ] Safepoint "Cleanup", Time since last: 2001735511 ns, Reaching safepoint: 171079 ns, At safepoint: 4276 ns, Total: 175355 ns
[2023-03-15T06:36:35.109+0000][69][safepoint   ] Safepoint "Cleanup", Time since last: 1001672750 ns, Reaching safepoint: 119406 ns, At safepoint: 4253 ns, Total: 123659 ns
[2023-03-15T06:36:41.115+0000][69][safepoint   ] Safepoint "Cleanup", Time since last: 6005180053 ns, Reaching safepoint: 575713 ns, At safepoint: 80716 ns, Total: 656429 ns
[2023-03-15T06:36:46.099+0000][69][safepoint   ] Safepoint "Cleanup", Time since last: 5005810275 ns, Reaching safepoint: 113228 ns, At safepoint: 6713 ns, Total: 119941 ns
[2023-03-15T06:36:47.101+0000][69][safepoint   ] Safepoint "Cleanup", Time since last: 1001271382 ns, Reaching safepoint: 208323 ns, At safepoint: 42673 ns, Total: 250996 ns
[2023-03-15T06:36:50.106+0000][69][safepoint   ] Safepoint "Cleanup", Time since last: 3003460803 ns, Reaching safepoint: 1083646 ns, At safepoint: 258976 ns, Total: 1342622 ns
[2023-03-15T06:36:53.110+0000][69][safepoint   ] Safepoint "Cleanup", Time since last: 3003717745 ns, Reaching safepoint: 381661 ns, At safepoint: 8015 ns, Total: 389676 ns
[2023-03-15T06:36:58.114+0000][69][safepoint   ] Safepoint "Cleanup", Time since last: 5004389082 ns, Reaching safepoint: 158046 ns, At safepoint: 7181 ns, Total: 165227 ns
[2023-03-15T06:36:58.328+0000][69][gc,start    ] GC(451) Pause Young (Normal) (G1 Evacuation Pause)
[2023-03-15T06:36:58.329+0000][69][gc,task     ] GC(451) Using 4 workers of 4 for evacuation
[2023-03-15T06:36:58.330+0000][69][gc,age      ] GC(451) Desired survivor size 6291456 bytes, new threshold 15 (max threshold 15)
[2023-03-15T06:36:58.337+0000][69][gc,phases   ] GC(451)   Pre Evacuate Collection Set: 0.3ms
[2023-03-15T06:36:58.338+0000][69][gc,phases   ] GC(451)   Merge Heap Roots: 0.1ms
[2023-03-15T06:36:58.338+0000][69][gc,phases   ] GC(451)   Evacuate Collection Set: 5.0ms
[2023-03-15T06:36:58.339+0000][69][gc,phases   ] GC(451)   Post Evacuate Collection Set: 0.9ms
[2023-03-15T06:36:58.339+0000][69][gc,phases   ] GC(451)   Other: 1.3ms
[2023-03-15T06:36:58.340+0000][69][gc,age      ] GC(451) Age table with threshold 15 (max threshold 15)
[2023-03-15T06:36:58.341+0000][69][gc,age      ] GC(451) - age   1:    1945328 bytes,    1945328 total
[2023-03-15T06:36:58.342+0000][69][gc,age      ] GC(451) - age   2:     671048 bytes,    2616376 total
[2023-03-15T06:36:58.342+0000][69][gc,age      ] GC(451) - age   3:     690632 bytes,    3307008 total
[2023-03-15T06:36:58.343+0000][69][gc,age      ] GC(451) - age   4:     538592 bytes,    3845600 total
[2023-03-15T06:36:58.344+0000][69][gc,age      ] GC(451) - age   5:     412872 bytes,    4258472 total
[2023-03-15T06:36:58.344+0000][69][gc,age      ] GC(451) - age   6:       8576 bytes,    4267048 total
[2023-03-15T06:36:58.345+0000][69][gc,age      ] GC(451) - age   7:     181688 bytes,    4448736 total
[2023-03-15T06:36:58.346+0000][69][gc,age      ] GC(451) - age   8:        104 bytes,    4448840 total
[2023-03-15T06:36:58.346+0000][69][gc,age      ] GC(451) - age  10:       8632 bytes,    4457472 total
[2023-03-15T06:36:58.347+0000][69][gc,age      ] GC(451) - age  11:       3728 bytes,    4461200 total
[2023-03-15T06:36:58.348+0000][69][gc,age      ] GC(451) - age  12:        664 bytes,    4461864 total
[2023-03-15T06:36:58.349+0000][69][gc,age      ] GC(451) - age  13:        184 bytes,    4462048 total
[2023-03-15T06:36:58.351+0000][69][gc,age      ] GC(451) - age  14:       1104 bytes,    4463152 total
[2023-03-15T06:36:58.351+0000][69][gc,heap     ] GC(451) Eden regions: 23->0(22)
[2023-03-15T06:36:58.352+0000][69][gc,heap     ] GC(451) Survivor regions: 1->2(3)
[2023-03-15T06:36:58.353+0000][69][gc,heap     ] GC(451) Old regions: 24->24
[2023-03-15T06:36:58.354+0000][69][gc,heap     ] GC(451) Archive regions: 2->2
[2023-03-15T06:36:58.354+0000][69][gc,heap     ] GC(451) Humongous regions: 2->2
[2023-03-15T06:36:58.355+0000][69][gc,metaspace] GC(451) Metaspace: 138662K(141952K)->138662K(141952K) NonClass: 121066K(122240K)->121066K(122240K) Class: 17596K(19712K)->17596K(19712K)
[2023-03-15T06:36:58.357+0000][69][gc          ] GC(451) Pause Young (Normal) (G1 Evacuation Pause) 202M->111M(256M) 28.353ms
[2023-03-15T06:36:58.358+0000][69][gc,cpu      ] GC(451) User=0.02s Sys=0.00s Real=0.03s
[2023-03-15T06:36:58.359+0000][69][safepoint   ] Safepoint "G1CollectForAllocation", Time since last: 213773698 ns, Reaching safepoint: 200777 ns, At safepoint: 30452433 ns, Total: 30653210 ns
[2023-03-15T06:36:59.361+0000][69][safepoint   ] Safepoint "Cleanup", Time since last: 1001647391 ns, Reaching safepoint: 258410 ns, At safepoint: 11043 ns, Total: 269453 ns
[2023-03-15T06:37:01.363+0000][69][safepoint   ] Safepoint "Cleanup", Time since last: 2002096396 ns, Reaching safepoint: 111551 ns, At safepoint: 4695 ns, Total: 116246 ns
[2023-03-15T06:37:02.365+0000][69][safepoint   ] Safepoint "Cleanup", Time since last: 1002018442 ns, Reaching safepoint: 391165 ns, At safepoint: 14517 ns, Total: 405682 ns
[2023-03-15T06:37:04.370+0000][69][safepoint   ] Safepoint "Cleanup", Time since last: 2004481120 ns, Reaching safepoint: 159704 ns, At safepoint: 69004 ns, Total: 228708 ns
[2023-03-15T06:37:05.374+0000][69][safepoint   ] Safepoint "Cleanup", Time since last: 1002468436 ns, Reaching safepoint: 999039 ns, At safepoint: 65799 ns, Total: 1064838 ns
[2023-03-15T06:37:10.380+0000][69][safepoint   ] Safepoint "Cleanup", Time since last: 5006526378 ns, Reaching safepoint: 258755 ns, At safepoint: 13657 ns, Total: 272412 ns
[2023-03-15T06:37:11.384+0000][69][safepoint   ] Safepoint "Cleanup", Time since last: 1003182129 ns, Reaching safepoint: 404391 ns, At safepoint: 33052 ns, Total: 437443 ns
[2023-03-15T06:37:22.373+0000][69][safepoint   ] Safepoint "Cleanup", Time since last: 11010803822 ns, Reaching safepoint: 241273 ns, At safepoint: 13632 ns, Total: 254905 ns
[2023-03-15T06:37:23.348+0000][69][gc,start    ] GC(452) Pause Young (Concurrent Start) (G1 Evacuation Pause)
[2023-03-15T06:37:23.348+0000][69][gc,task     ] GC(452) Using 4 workers of 4 for evacuation
[2023-03-15T06:37:23.349+0000][69][gc,age      ] GC(452) Desired survivor size 6291456 bytes, new threshold 15 (max threshold 15)
[2023-03-15T06:37:23.355+0000][69][gc,phases   ] GC(452)   Pre Evacuate Collection Set: 0.3ms
[2023-03-15T06:37:23.356+0000][69][gc,phases   ] GC(452)   Merge Heap Roots: 0.1ms
[2023-03-15T06:37:23.356+0000][69][gc,phases   ] GC(452)   Evacuate Collection Set: 3.8ms
[2023-03-15T06:37:23.357+0000][69][gc,phases   ] GC(452)   Post Evacuate Collection Set: 1.0ms
[2023-03-15T06:37:23.357+0000][69][gc,phases   ] GC(452)   Other: 1.1ms
[2023-03-15T06:37:23.358+0000][69][gc,age      ] GC(452) Age table with threshold 15 (max threshold 15)
[2023-03-15T06:37:23.358+0000][69][gc,age      ] GC(452) - age   1:    1622560 bytes,    1622560 total
[2023-03-15T06:37:23.359+0000][69][gc,age      ] GC(452) - age   2:      10608 bytes,    1633168 total
[2023-03-15T06:37:23.360+0000][69][gc,age      ] GC(452) - age   3:     457584 bytes,    2090752 total
[2023-03-15T06:37:23.360+0000][69][gc,age      ] GC(452) - age   4:     659192 bytes,    2749944 total
[2023-03-15T06:37:23.361+0000][69][gc,age      ] GC(452) - age   5:     538528 bytes,    3288472 total
[2023-03-15T06:37:23.361+0000][69][gc,age      ] GC(452) - age   6:     405304 bytes,    3693776 total
[2023-03-15T06:37:23.362+0000][69][gc,age      ] GC(452) - age   7:       8576 bytes,    3702352 total
[2023-03-15T06:37:23.362+0000][69][gc,age      ] GC(452) - age   8:     177360 bytes,    3879712 total
[2023-03-15T06:37:23.363+0000][69][gc,age      ] GC(452) - age   9:        104 bytes,    3879816 total
[2023-03-15T06:37:23.363+0000][69][gc,age      ] GC(452) - age  11:       8632 bytes,    3888448 total
[2023-03-15T06:37:23.364+0000][69][gc,age      ] GC(452) - age  12:       3728 bytes,    3892176 total
[2023-03-15T06:37:23.364+0000][69][gc,age      ] GC(452) - age  13:        664 bytes,    3892840 total
[2023-03-15T06:37:23.365+0000][69][gc,age      ] GC(452) - age  14:        184 bytes,    3893024 total
[2023-03-15T06:37:23.365+0000][69][gc,age      ] GC(452) - age  15:       1104 bytes,    3894128 total
[2023-03-15T06:37:23.365+0000][69][gc,heap     ] GC(452) Eden regions: 22->0(23)
[2023-03-15T06:37:23.366+0000][69][gc,heap     ] GC(452) Survivor regions: 2->1(3)
[2023-03-15T06:37:23.366+0000][69][gc,heap     ] GC(452) Old regions: 24->24
[2023-03-15T06:37:23.367+0000][69][gc,heap     ] GC(452) Archive regions: 2->2
[2023-03-15T06:37:23.367+0000][69][gc,heap     ] GC(452) Humongous regions: 2->2
[2023-03-15T06:37:23.368+0000][69][gc,metaspace] GC(452) Metaspace: 138672K(141952K)->138672K(141952K) NonClass: 121076K(122240K)->121076K(122240K) Class: 17596K(19712K)->17596K(19712K)
[2023-03-15T06:37:23.368+0000][69][gc          ] GC(452) Pause Young (Concurrent Start) (G1 Evacuation Pause) 199M->110M(256M) 20.539ms
[2023-03-15T06:37:23.369+0000][69][gc,cpu      ] GC(452) User=0.01s Sys=0.00s Real=0.02s
[2023-03-15T06:37:23.369+0000][69][gc          ] GC(453) Concurrent Mark Cycle
[2023-03-15T06:37:23.370+0000][69][gc,marking  ] GC(453) Concurrent Clear Claimed Marks
[2023-03-15T06:37:23.369+0000][69][safepoint   ] Safepoint "G1CollectForAllocation", Time since last: 974925489 ns, Reaching safepoint: 57130 ns, At safepoint: 21610894 ns, Total: 21668024 ns
[2023-03-15T06:37:23.371+0000][69][gc,marking  ] GC(453) Concurrent Clear Claimed Marks 0.772ms
[2023-03-15T06:37:23.371+0000][69][gc,marking  ] GC(453) Concurrent Scan Root Regions
[2023-03-15T06:37:23.375+0000][69][gc,marking  ] GC(453) Concurrent Scan Root Regions 3.915ms
[2023-03-15T06:37:23.376+0000][69][gc,marking  ] GC(453) Concurrent Mark
[2023-03-15T06:37:23.376+0000][69][gc,marking  ] GC(453) Concurrent Mark From Roots
[2023-03-15T06:37:23.376+0000][69][gc,task     ] GC(453) Using 1 workers of 1 for marking
[2023-03-15T06:37:23.486+0000][69][gc,marking  ] GC(453) Concurrent Mark From Roots 110.429ms
[2023-03-15T06:37:23.487+0000][69][gc,marking  ] GC(453) Concurrent Preclean
[2023-03-15T06:37:23.489+0000][69][gc,marking  ] GC(453) Concurrent Preclean 1.136ms
[2023-03-15T06:37:23.489+0000][69][gc,start    ] GC(453) Pause Remark
[2023-03-15T06:37:23.498+0000][69][gc          ] GC(453) Pause Remark 111M->111M(256M) 8.545ms
[2023-03-15T06:37:23.499+0000][69][gc,cpu      ] GC(453) User=0.03s Sys=0.00s Real=0.01s
[2023-03-15T06:37:23.500+0000][69][safepoint   ] Safepoint "G1PauseRemark", Time since last: 119947876 ns, Reaching safepoint: 74417 ns, At safepoint: 10425785 ns, Total: 10500202 ns
[2023-03-15T06:37:23.500+0000][69][gc,marking  ] GC(453) Concurrent Mark 124.633ms
[2023-03-15T06:37:23.501+0000][69][gc,marking  ] GC(453) Concurrent Rebuild Remembered Sets
[2023-03-15T06:37:23.552+0000][69][gc,marking  ] GC(453) Concurrent Rebuild Remembered Sets 51.195ms
[2023-03-15T06:37:23.553+0000][69][gc,start    ] GC(453) Pause Cleanup
[2023-03-15T06:37:23.555+0000][69][gc          ] GC(453) Pause Cleanup 111M->111M(256M) 1.441ms
[2023-03-15T06:37:23.555+0000][69][gc,cpu      ] GC(453) User=0.00s Sys=0.00s Real=0.00s
[2023-03-15T06:37:23.556+0000][69][safepoint   ] Safepoint "G1PauseCleanup", Time since last: 53319686 ns, Reaching safepoint: 109361 ns, At safepoint: 2338893 ns, Total: 2448254 ns
[2023-03-15T06:37:23.556+0000][69][gc,marking  ] GC(453) Concurrent Cleanup for Next Mark
[2023-03-15T06:37:23.557+0000][69][gc,marking  ] GC(453) Concurrent Cleanup for Next Mark 0.728ms
[2023-03-15T06:37:23.557+0000][69][gc          ] GC(453) Concurrent Mark Cycle 188.232ms
[2023-03-15T06:37:29.560+0000][69][safepoint   ] Safepoint "Cleanup", Time since last: 6004092728 ns, Reaching safepoint: 247154 ns, At safepoint: 25286 ns, Total: 272440 ns
[2023-03-15T06:37:30.562+0000][69][safepoint   ] Safepoint "Cleanup", Time since last: 1001151347 ns, Reaching safepoint: 1201641 ns, At safepoint: 44815 ns, Total: 1246456 ns
[2023-03-15T06:37:31.568+0000][69][safepoint   ] Safepoint "Cleanup", Time since last: 1005648877 ns, Reaching safepoint: 265231 ns, At safepoint: 13083 ns, Total: 278314 ns
[2023-03-15T06:37:40.579+0000][69][safepoint   ] Safepoint "Cleanup", Time since last: 9010258085 ns, Reaching safepoint: 126147 ns, At safepoint: 4806 ns, Total: 130953 ns
[2023-03-15T06:37:47.569+0000][69][safepoint   ] Safepoint "Cleanup", Time since last: 7012067776 ns, Reaching safepoint: 279412 ns, At safepoint: 24140 ns, Total: 303552 ns
[2023-03-15T06:37:49.097+0000][69][gc,start    ] GC(454) Pause Young (Normal) (G1 Evacuation Pause)
[2023-03-15T06:37:49.098+0000][69][gc,task     ] GC(454) Using 4 workers of 4 for evacuation
[2023-03-15T06:37:49.099+0000][69][gc,age      ] GC(454) Desired survivor size 6291456 bytes, new threshold 15 (max threshold 15)
[2023-03-15T06:37:49.104+0000][69][gc,phases   ] GC(454)   Pre Evacuate Collection Set: 0.1ms
[2023-03-15T06:37:49.105+0000][69][gc,phases   ] GC(454)   Merge Heap Roots: 0.1ms
[2023-03-15T06:37:49.105+0000][69][gc,phases   ] GC(454)   Evacuate Collection Set: 3.7ms
[2023-03-15T06:37:49.106+0000][69][gc,phases   ] GC(454)   Post Evacuate Collection Set: 0.8ms
[2023-03-15T06:37:49.107+0000][69][gc,phases   ] GC(454)   Other: 1.4ms
[2023-03-15T06:37:49.107+0000][69][gc,age      ] GC(454) Age table with threshold 15 (max threshold 15)
[2023-03-15T06:37:49.108+0000][69][gc,age      ] GC(454) - age   1:    1149656 bytes,    1149656 total
[2023-03-15T06:37:49.108+0000][69][gc,age      ] GC(454) - age   2:      26672 bytes,    1176328 total
[2023-03-15T06:37:49.109+0000][69][gc,age      ] GC(454) - age   3:       3024 bytes,    1179352 total
[2023-03-15T06:37:49.109+0000][69][gc,age      ] GC(454) - age   4:     304936 bytes,    1484288 total
[2023-03-15T06:37:49.110+0000][69][gc,age      ] GC(454) - age   5:     431624 bytes,    1915912 total
[2023-03-15T06:37:49.110+0000][69][gc,age      ] GC(454) - age   6:     538528 bytes,    2454440 total
[2023-03-15T06:37:49.111+0000][69][gc,age      ] GC(454) - age   7:     405216 bytes,    2859656 total
[2023-03-15T06:37:49.112+0000][69][gc,age      ] GC(454) - age   8:       8512 bytes,    2868168 total
[2023-03-15T06:37:49.112+0000][69][gc,age      ] GC(454) - age   9:      20216 bytes,    2888384 total
[2023-03-15T06:37:49.113+0000][69][gc,age      ] GC(454) - age  10:        104 bytes,    2888488 total
[2023-03-15T06:37:49.114+0000][69][gc,age      ] GC(454) - age  12:       8632 bytes,    2897120 total
[2023-03-15T06:37:49.114+0000][69][gc,age      ] GC(454) - age  13:       3728 bytes,    2900848 total
[2023-03-15T06:37:49.115+0000][69][gc,age      ] GC(454) - age  14:        664 bytes,    2901512 total
[2023-03-15T06:37:49.115+0000][69][gc,age      ] GC(454) - age  15:        184 bytes,    2901696 total
[2023-03-15T06:37:49.116+0000][69][gc,heap     ] GC(454) Eden regions: 23->0(23)
[2023-03-15T06:37:49.116+0000][69][gc,heap     ] GC(454) Survivor regions: 1->1(3)
[2023-03-15T06:37:49.117+0000][69][gc,heap     ] GC(454) Old regions: 24->24
[2023-03-15T06:37:49.117+0000][69][gc,heap     ] GC(454) Archive regions: 2->2
[2023-03-15T06:37:49.118+0000][69][gc,heap     ] GC(454) Humongous regions: 2->2
[2023-03-15T06:37:49.119+0000][69][gc,metaspace] GC(454) Metaspace: 138686K(141952K)->138686K(141952K) NonClass: 121087K(122240K)->121087K(122240K) Class: 17598K(19712K)->17598K(19712K)
[2023-03-15T06:37:49.120+0000][69][gc          ] GC(454) Pause Young (Normal) (G1 Evacuation Pause) 202M->109M(256M) 22.955ms
[2023-03-15T06:37:49.121+0000][69][gc,cpu      ] GC(454) User=0.01s Sys=0.01s Real=0.02s
[2023-03-15T06:37:49.121+0000][69][safepoint   ] Safepoint "G1CollectForAllocation", Time since last: 1528084896 ns, Reaching safepoint: 137228 ns, At safepoint: 24287719 ns, Total: 24424947 ns
[2023-03-15T06:37:53.124+0000][69][safepoint   ] Safepoint "Cleanup", Time since last: 4002905043 ns, Reaching safepoint: 72276 ns, At safepoint: 41874 ns, Total: 114150 ns
[2023-03-15T06:37:55.127+0000][69][safepoint   ] Safepoint "Cleanup", Time since last: 2002311486 ns, Reaching safepoint: 67545 ns, At safepoint: 3486 ns, Total: 71031 ns
[2023-03-15T06:37:58.128+0000][69][safepoint   ] Safepoint "Cleanup", Time since last: 3001557266 ns, Reaching safepoint: 162498 ns, At safepoint: 68335 ns, Total: 230833 ns
[2023-03-15T06:38:00.130+0000][69][safepoint   ] Safepoint "Cleanup", Time since last: 2001598183 ns, Reaching safepoint: 336676 ns, At safepoint: 76330 ns, Total: 413006 ns
[2023-03-15T06:38:02.134+0000][69][safepoint   ] Safepoint "Cleanup", Time since last: 2002288027 ns, Reaching safepoint: 1125505 ns, At safepoint: 259186 ns, Total: 1384691 ns
[2023-03-15T06:38:04.137+0000][69][safepoint   ] Safepoint "Cleanup", Time since last: 2002369930 ns, Reaching safepoint: 90388 ns, At safepoint: 30733 ns, Total: 121121 ns
[2023-03-15T06:38:06.138+0000][69][safepoint   ] Safepoint "Cleanup", Time since last: 2000952615 ns, Reaching safepoint: 94010 ns, At safepoint: 4215 ns, Total: 98225 ns
[2023-03-15T06:38:07.139+0000][69][safepoint   ] Safepoint "Cleanup", Time since last: 1001768590 ns, Reaching safepoint: 72474 ns, At safepoint: 3947 ns, Total: 76421 ns
[2023-03-15T06:38:10.142+0000][69][safepoint   ] Safepoint "Cleanup", Time since last: 3002632801 ns, Reaching safepoint: 93870 ns, At safepoint: 3473 ns, Total: 97343 ns
[2023-03-15T06:38:11.143+0000][69][safepoint   ] Safepoint "Cleanup", Time since last: 1000919068 ns, Reaching safepoint: 127057 ns, At safepoint: 5215 ns, Total: 132272 ns
[2023-03-15T06:38:13.125+0000][69][safepoint   ] Safepoint "Cleanup", Time since last: 2002925962 ns, Reaching safepoint: 104291 ns, At safepoint: 4347 ns, Total: 108638 ns
[2023-03-15T06:38:13.146+0000][69][gc,start    ] GC(455) Pause Young (Concurrent Start) (G1 Evacuation Pause)
[2023-03-15T06:38:13.146+0000][69][gc,task     ] GC(455) Using 4 workers of 4 for evacuation
[2023-03-15T06:38:13.147+0000][69][gc,age      ] GC(455) Desired survivor size 6291456 bytes, new threshold 15 (max threshold 15)
[2023-03-15T06:38:13.153+0000][69][gc,phases   ] GC(455)   Pre Evacuate Collection Set: 0.3ms
[2023-03-15T06:38:13.154+0000][69][gc,phases   ] GC(455)   Merge Heap Roots: 0.0ms
[2023-03-15T06:38:13.154+0000][69][gc,phases   ] GC(455)   Evacuate Collection Set: 4.4ms
[2023-03-15T06:38:13.154+0000][69][gc,phases   ] GC(455)   Post Evacuate Collection Set: 0.8ms
[2023-03-15T06:38:13.155+0000][69][gc,phases   ] GC(455)   Other: 0.9ms
[2023-03-15T06:38:13.155+0000][69][gc,age      ] GC(455) Age table with threshold 15 (max threshold 15)
[2023-03-15T06:38:13.156+0000][69][gc,age      ] GC(455) - age   1:     617808 bytes,     617808 total
[2023-03-15T06:38:13.156+0000][69][gc,age      ] GC(455) - age   2:     669416 bytes,    1287224 total
[2023-03-15T06:38:13.157+0000][69][gc,age      ] GC(455) - age   3:      25032 bytes,    1312256 total
[2023-03-15T06:38:13.157+0000][69][gc,age      ] GC(455) - age   4:       1816 bytes,    1314072 total
[2023-03-15T06:38:13.158+0000][69][gc,age      ] GC(455) - age   5:     304392 bytes,    1618464 total
[2023-03-15T06:38:13.158+0000][69][gc,age      ] GC(455) - age   6:     431624 bytes,    2050088 total
[2023-03-15T06:38:13.160+0000][69][gc,age      ] GC(455) - age   7:     538528 bytes,    2588616 total
[2023-03-15T06:38:13.160+0000][69][gc,age      ] GC(455) - age   8:     405008 bytes,    2993624 total
[2023-03-15T06:38:13.160+0000][69][gc,age      ] GC(455) - age   9:       8512 bytes,    3002136 total
[2023-03-15T06:38:13.161+0000][69][gc,age      ] GC(455) - age  10:      20216 bytes,    3022352 total
[2023-03-15T06:38:13.161+0000][69][gc,age      ] GC(455) - age  11:        104 bytes,    3022456 total
[2023-03-15T06:38:13.162+0000][69][gc,age      ] GC(455) - age  13:       8632 bytes,    3031088 total
[2023-03-15T06:38:13.162+0000][69][gc,age      ] GC(455) - age  14:       3496 bytes,    3034584 total
[2023-03-15T06:38:13.163+0000][69][gc,age      ] GC(455) - age  15:        664 bytes,    3035248 total
[2023-03-15T06:38:13.163+0000][69][gc,heap     ] GC(455) Eden regions: 23->0(23)
[2023-03-15T06:38:13.164+0000][69][gc,heap     ] GC(455) Survivor regions: 1->1(3)
[2023-03-15T06:38:13.164+0000][69][gc,heap     ] GC(455) Old regions: 24->24
[2023-03-15T06:38:13.164+0000][69][gc,heap     ] GC(455) Archive regions: 2->2
[2023-03-15T06:38:13.165+0000][69][gc,heap     ] GC(455) Humongous regions: 2->2
[2023-03-15T06:38:13.165+0000][69][gc,metaspace] GC(455) Metaspace: 138707K(141952K)->138707K(141952K) NonClass: 121108K(122240K)->121108K(122240K) Class: 17598K(19712K)->17598K(19712K)
[2023-03-15T06:38:13.166+0000][69][gc          ] GC(455) Pause Young (Concurrent Start) (G1 Evacuation Pause) 201M->110M(256M) 20.474ms
[2023-03-15T06:38:13.167+0000][69][gc          ] GC(456) Concurrent Mark Cycle
[2023-03-15T06:38:13.168+0000][69][gc,marking  ] GC(456) Concurrent Clear Claimed Marks
[2023-03-15T06:38:13.167+0000][69][gc,cpu      ] GC(455) User=0.01s Sys=0.00s Real=0.02s
[2023-03-15T06:38:13.168+0000][69][gc,marking  ] GC(456) Concurrent Clear Claimed Marks 0.732ms
[2023-03-15T06:38:13.169+0000][69][gc,marking  ] GC(456) Concurrent Scan Root Regions
[2023-03-15T06:38:13.169+0000][69][safepoint   ] Safepoint "G1CollectForAllocation", Time since last: 20919999 ns, Reaching safepoint: 46961 ns, At safepoint: 23125590 ns, Total: 23172551 ns
[2023-03-15T06:38:13.172+0000][69][gc,marking  ] GC(456) Concurrent Scan Root Regions 3.031ms
[2023-03-15T06:38:13.175+0000][69][gc,marking  ] GC(456) Concurrent Mark
[2023-03-15T06:38:13.175+0000][69][gc,marking  ] GC(456) Concurrent Mark From Roots
[2023-03-15T06:38:13.176+0000][69][gc,task     ] GC(456) Using 1 workers of 1 for marking
[2023-03-15T06:38:13.294+0000][69][gc,marking  ] GC(456) Concurrent Mark From Roots 118.176ms
[2023-03-15T06:38:13.294+0000][69][gc,marking  ] GC(456) Concurrent Preclean
[2023-03-15T06:38:13.295+0000][69][gc,marking  ] GC(456) Concurrent Preclean 0.976ms
[2023-03-15T06:38:13.296+0000][69][gc,start    ] GC(456) Pause Remark
[2023-03-15T06:38:13.323+0000][69][gc          ] GC(456) Pause Remark 114M->114M(256M) 26.690ms
[2023-03-15T06:38:13.324+0000][69][gc,cpu      ] GC(456) User=0.08s Sys=0.00s Real=0.03s
[2023-03-15T06:38:13.324+0000][69][safepoint   ] Safepoint "G1PauseRemark", Time since last: 127247330 ns, Reaching safepoint: 119417 ns, At safepoint: 28115007 ns, Total: 28234424 ns
[2023-03-15T06:38:13.325+0000][69][gc,marking  ] GC(456) Concurrent Mark 150.021ms
[2023-03-15T06:38:13.325+0000][69][gc,marking  ] GC(456) Concurrent Rebuild Remembered Sets
[2023-03-15T06:38:13.387+0000][69][gc,marking  ] GC(456) Concurrent Rebuild Remembered Sets 61.582ms
[2023-03-15T06:38:13.389+0000][69][gc,start    ] GC(456) Pause Cleanup
[2023-03-15T06:38:13.389+0000][69][gc          ] GC(456) Pause Cleanup 114M->114M(256M) 0.892ms
[2023-03-15T06:38:13.390+0000][69][gc,cpu      ] GC(456) User=0.00s Sys=0.00s Real=0.01s
[2023-03-15T06:38:13.391+0000][69][safepoint   ] Safepoint "G1PauseCleanup", Time since last: 64003718 ns, Reaching safepoint: 89823 ns, At safepoint: 2221908 ns, Total: 2311731 ns
[2023-03-15T06:38:13.391+0000][69][gc,marking  ] GC(456) Concurrent Cleanup for Next Mark
[2023-03-15T06:38:13.392+0000][69][gc,marking  ] GC(456) Concurrent Cleanup for Next Mark 0.671ms
[2023-03-15T06:38:13.393+0000][69][gc          ] GC(456) Concurrent Mark Cycle 225.680ms
[2023-03-15T06:38:14.392+0000][69][safepoint   ] Safepoint "Cleanup", Time since last: 1000588116 ns, Reaching safepoint: 309573 ns, At safepoint: 13041 ns, Total: 322614 ns
[2023-03-15T06:38:16.395+0000][69][safepoint   ] Safepoint "Cleanup", Time since last: 2001398938 ns, Reaching safepoint: 2047477 ns, At safepoint: 121839 ns, Total: 2169316 ns
[2023-03-15T06:38:17.402+0000][69][safepoint   ] Safepoint "Cleanup", Time since last: 1006239410 ns, Reaching safepoint: 217569 ns, At safepoint: 5329 ns, Total: 222898 ns
[2023-03-15T06:38:19.406+0000][69][safepoint   ] Safepoint "Cleanup", Time since last: 2004443505 ns, Reaching safepoint: 91744 ns, At safepoint: 3706 ns, Total: 95450 ns
[2023-03-15T06:38:20.408+0000][69][safepoint   ] Safepoint "Cleanup", Time since last: 1001481798 ns, Reaching safepoint: 465351 ns, At safepoint: 13573 ns, Total: 478924 ns
[2023-03-15T06:38:21.414+0000][69][safepoint   ] Safepoint "Cleanup", Time since last: 1005167283 ns, Reaching safepoint: 522454 ns, At safepoint: 23670 ns, Total: 546124 ns
[2023-03-15T06:38:22.417+0000][69][safepoint   ] Safepoint "Cleanup", Time since last: 1002681803 ns, Reaching safepoint: 250860 ns, At safepoint: 13897 ns, Total: 264757 ns
[2023-03-15T06:38:23.420+0000][69][safepoint   ] Safepoint "Cleanup", Time since last: 1001549493 ns, Reaching safepoint: 1219200 ns, At safepoint: 49053 ns, Total: 1268253 ns
[2023-03-15T06:38:24.423+0000][69][safepoint   ] Safepoint "Cleanup", Time since last: 1003285799 ns, Reaching safepoint: 196724 ns, At safepoint: 4016 ns, Total: 200740 ns
[2023-03-15T06:38:27.932+0000][69][gc,start    ] GC(457) Pause Young (Normal) (G1 Evacuation Pause)
[2023-03-15T06:38:27.933+0000][69][gc,task     ] GC(457) Using 4 workers of 4 for evacuation
[2023-03-15T06:38:27.934+0000][69][gc,age      ] GC(457) Desired survivor size 6291456 bytes, new threshold 15 (max threshold 15)
[2023-03-15T06:38:27.939+0000][69][gc,phases   ] GC(457)   Pre Evacuate Collection Set: 0.2ms
[2023-03-15T06:38:27.939+0000][69][gc,phases   ] GC(457)   Merge Heap Roots: 0.1ms
[2023-03-15T06:38:27.940+0000][69][gc,phases   ] GC(457)   Evacuate Collection Set: 2.3ms
[2023-03-15T06:38:27.940+0000][69][gc,phases   ] GC(457)   Post Evacuate Collection Set: 1.1ms
[2023-03-15T06:38:27.941+0000][69][gc,phases   ] GC(457)   Other: 1.8ms
[2023-03-15T06:38:27.941+0000][69][gc,age      ] GC(457) Age table with threshold 15 (max threshold 15)
[2023-03-15T06:38:27.942+0000][69][gc,age      ] GC(457) - age   1:    2105720 bytes,    2105720 total
[2023-03-15T06:38:27.942+0000][69][gc,age      ] GC(457) - age   2:      38680 bytes,    2144400 total
[2023-03-15T06:38:27.942+0000][69][gc,age      ] GC(457) - age   3:     338392 bytes,    2482792 total
[2023-03-15T06:38:27.943+0000][69][gc,age      ] GC(457) - age   4:      24904 bytes,    2507696 total
[2023-03-15T06:38:27.943+0000][69][gc,age      ] GC(457) - age   5:       1688 bytes,    2509384 total
[2023-03-15T06:38:27.944+0000][69][gc,age      ] GC(457) - age   6:     304248 bytes,    2813632 total
[2023-03-15T06:38:27.944+0000][69][gc,age      ] GC(457) - age   7:     423464 bytes,    3237096 total
[2023-03-15T06:38:27.944+0000][69][gc,age      ] GC(457) - age   8:     538528 bytes,    3775624 total
[2023-03-15T06:38:27.945+0000][69][gc,age      ] GC(457) - age   9:     403016 bytes,    4178640 total
[2023-03-15T06:38:27.945+0000][69][gc,age      ] GC(457) - age  10:       8512 bytes,    4187152 total
[2023-03-15T06:38:27.946+0000][69][gc,age      ] GC(457) - age  11:      20200 bytes,    4207352 total
[2023-03-15T06:38:27.946+0000][69][gc,age      ] GC(457) - age  12:        104 bytes,    4207456 total
[2023-03-15T06:38:27.947+0000][69][gc,age      ] GC(457) - age  14:       8632 bytes,    4216088 total
[2023-03-15T06:38:27.947+0000][69][gc,age      ] GC(457) - age  15:       3496 bytes,    4219584 total
[2023-03-15T06:38:27.947+0000][69][gc,heap     ] GC(457) Eden regions: 23->0(22)
[2023-03-15T06:38:27.948+0000][69][gc,heap     ] GC(457) Survivor regions: 1->2(3)
[2023-03-15T06:38:27.948+0000][69][gc,heap     ] GC(457) Old regions: 24->24
[2023-03-15T06:38:27.949+0000][69][gc,heap     ] GC(457) Archive regions: 2->2
[2023-03-15T06:38:27.949+0000][69][gc,heap     ] GC(457) Humongous regions: 2->2
[2023-03-15T06:38:27.950+0000][69][gc,metaspace] GC(457) Metaspace: 138707K(141952K)->138707K(141952K) NonClass: 121108K(122240K)->121108K(122240K) Class: 17598K(19712K)->17598K(19712K)
[2023-03-15T06:38:27.950+0000][69][gc          ] GC(457) Pause Young (Normal) (G1 Evacuation Pause) 202M->111M(256M) 17.718ms
[2023-03-15T06:38:27.951+0000][69][gc,cpu      ] GC(457) User=0.01s Sys=0.00s Real=0.02s
[2023-03-15T06:38:27.955+0000][69][safepoint   ] Safepoint "G1CollectForAllocation", Time since last: 3508928191 ns, Reaching safepoint: 127715 ns, At safepoint: 22444316 ns, Total: 22572031 ns
[2023-03-15T06:38:34.963+0000][69][safepoint   ] Safepoint "Cleanup", Time since last: 7007821982 ns, Reaching safepoint: 145109 ns, At safepoint: 3637 ns, Total: 148746 ns
[2023-03-15T06:38:43.947+0000][69][safepoint   ] Safepoint "Cleanup", Time since last: 9005745423 ns, Reaching safepoint: 334608 ns, At safepoint: 6232 ns, Total: 340840 ns
[2023-03-15T06:38:44.162+0000][69][safepoint   ] Safepoint "ICBufferFull", Time since last: 214526189 ns, Reaching safepoint: 315922 ns, At safepoint: 6660 ns, Total: 322582 ns
[2023-03-15T06:38:45.854+0000][69][safepoint   ] Safepoint "Cleanup", Time since last: 1691597682 ns, Reaching safepoint: 931289 ns, At safepoint: 35743 ns, Total: 967032 ns
[2023-03-15T06:38:46.864+0000][69][safepoint   ] Safepoint "Cleanup", Time since last: 1009152855 ns, Reaching safepoint: 244565 ns, At safepoint: 14929 ns, Total: 259494 ns
[2023-03-15T06:38:48.918+0000][69][gc,start    ] GC(458) Pause Young (Concurrent Start) (G1 Evacuation Pause)
[2023-03-15T06:38:48.919+0000][69][gc,task     ] GC(458) Using 4 workers of 4 for evacuation
[2023-03-15T06:38:48.920+0000][69][gc,age      ] GC(458) Desired survivor size 6291456 bytes, new threshold 15 (max threshold 15)
[2023-03-15T06:38:48.926+0000][69][gc,phases   ] GC(458)   Pre Evacuate Collection Set: 0.5ms
[2023-03-15T06:38:48.928+0000][69][gc,phases   ] GC(458)   Merge Heap Roots: 0.2ms
[2023-03-15T06:38:48.928+0000][69][gc,phases   ] GC(458)   Evacuate Collection Set: 3.8ms
[2023-03-15T06:38:48.929+0000][69][gc,phases   ] GC(458)   Post Evacuate Collection Set: 1.0ms
[2023-03-15T06:38:48.929+0000][69][gc,phases   ] GC(458)   Other: 2.3ms
[2023-03-15T06:38:48.930+0000][69][gc,age      ] GC(458) Age table with threshold 15 (max threshold 15)
[2023-03-15T06:38:48.931+0000][69][gc,age      ] GC(458) - age   1:    1516904 bytes,    1516904 total
[2023-03-15T06:38:48.931+0000][69][gc,age      ] GC(458) - age   2:     879120 bytes,    2396024 total
[2023-03-15T06:38:48.931+0000][69][gc,age      ] GC(458) - age   3:      27072 bytes,    2423096 total
[2023-03-15T06:38:48.932+0000][69][gc,age      ] GC(458) - age   4:     318136 bytes,    2741232 total
[2023-03-15T06:38:48.932+0000][69][gc,age      ] GC(458) - age   5:      24696 bytes,    2765928 total
[2023-03-15T06:38:48.933+0000][69][gc,age      ] GC(458) - age   6:       1344 bytes,    2767272 total
[2023-03-15T06:38:48.933+0000][69][gc,age      ] GC(458) - age   7:     278432 bytes,    3045704 total
[2023-03-15T06:38:48.934+0000][69][gc,age      ] GC(458) - age   8:     419176 bytes,    3464880 total
[2023-03-15T06:38:48.934+0000][69][gc,age      ] GC(458) - age   9:     538528 bytes,    4003408 total
[2023-03-15T06:38:48.935+0000][69][gc,age      ] GC(458) - age  10:     402800 bytes,    4406208 total
[2023-03-15T06:38:48.936+0000][69][gc,age      ] GC(458) - age  11:       8512 bytes,    4414720 total
[2023-03-15T06:38:48.936+0000][69][gc,age      ] GC(458) - age  12:      20200 bytes,    4434920 total
[2023-03-15T06:38:48.936+0000][69][gc,age      ] GC(458) - age  13:        104 bytes,    4435024 total
[2023-03-15T06:38:48.937+0000][69][gc,age      ] GC(458) - age  15:       8632 bytes,    4443656 total
[2023-03-15T06:38:48.938+0000][69][gc,heap     ] GC(458) Eden regions: 22->0(22)
[2023-03-15T06:38:48.938+0000][69][gc,heap     ] GC(458) Survivor regions: 2->2(3)
[2023-03-15T06:38:48.938+0000][69][gc,heap     ] GC(458) Old regions: 24->24
[2023-03-15T06:38:48.939+0000][69][gc,heap     ] GC(458) Archive regions: 2->2
[2023-03-15T06:38:48.939+0000][69][gc,heap     ] GC(458) Humongous regions: 2->2
[2023-03-15T06:38:48.940+0000][69][gc,metaspace] GC(458) Metaspace: 138980K(142208K)->138980K(142208K) NonClass: 121333K(122496K)->121333K(122496K) Class: 17647K(19712K)->17647K(19712K)
[2023-03-15T06:38:48.940+0000][69][gc          ] GC(458) Pause Young (Concurrent Start) (G1 Evacuation Pause) 199M->111M(256M) 22.398ms
[2023-03-15T06:38:48.940+0000][69][gc          ] GC(459) Concurrent Mark Cycle
[2023-03-15T06:38:48.941+0000][69][gc,marking  ] GC(459) Concurrent Clear Claimed Marks
[2023-03-15T06:38:48.941+0000][69][gc,cpu      ] GC(458) User=0.01s Sys=0.00s Real=0.02s
[2023-03-15T06:38:48.942+0000][69][gc,marking  ] GC(459) Concurrent Clear Claimed Marks 0.754ms
[2023-03-15T06:38:48.943+0000][69][gc,marking  ] GC(459) Concurrent Scan Root Regions
[2023-03-15T06:38:48.942+0000][69][safepoint   ] Safepoint "G1CollectForAllocation", Time since last: 2053805842 ns, Reaching safepoint: 139000 ns, At safepoint: 24503625 ns, Total: 24642625 ns
[2023-03-15T06:38:48.947+0000][69][gc,marking  ] GC(459) Concurrent Scan Root Regions 4.261ms
[2023-03-15T06:38:48.948+0000][69][gc,marking  ] GC(459) Concurrent Mark
[2023-03-15T06:38:48.948+0000][69][gc,marking  ] GC(459) Concurrent Mark From Roots
[2023-03-15T06:38:48.949+0000][69][gc,task     ] GC(459) Using 1 workers of 1 for marking
[2023-03-15T06:38:49.074+0000][69][gc,marking  ] GC(459) Concurrent Mark From Roots 126.111ms
[2023-03-15T06:38:49.075+0000][69][gc,marking  ] GC(459) Concurrent Preclean
[2023-03-15T06:38:49.077+0000][69][gc,marking  ] GC(459) Concurrent Preclean 1.717ms
[2023-03-15T06:38:49.078+0000][69][gc,start    ] GC(459) Pause Remark
[2023-03-15T06:38:49.095+0000][69][gc          ] GC(459) Pause Remark 112M->112M(256M) 17.355ms
[2023-03-15T06:38:49.097+0000][69][gc,cpu      ] GC(459) User=0.04s Sys=0.00s Real=0.01s
[2023-03-15T06:38:49.098+0000][69][safepoint   ] Safepoint "G1PauseRemark", Time since last: 135740124 ns, Reaching safepoint: 118321 ns, At safepoint: 19729890 ns, Total: 19848211 ns
[2023-03-15T06:38:49.099+0000][69][gc,marking  ] GC(459) Concurrent Mark 151.639ms
[2023-03-15T06:38:49.100+0000][69][gc,marking  ] GC(459) Concurrent Rebuild Remembered Sets
[2023-03-15T06:38:49.153+0000][69][gc,marking  ] GC(459) Concurrent Rebuild Remembered Sets 53.100ms
[2023-03-15T06:38:49.154+0000][69][gc,start    ] GC(459) Pause Cleanup
[2023-03-15T06:38:49.155+0000][69][gc          ] GC(459) Pause Cleanup 112M->112M(256M) 0.883ms
[2023-03-15T06:38:49.156+0000][69][gc,cpu      ] GC(459) User=0.00s Sys=0.00s Real=0.00s
[2023-03-15T06:38:49.156+0000][69][safepoint   ] Safepoint "G1PauseCleanup", Time since last: 56482572 ns, Reaching safepoint: 183089 ns, At safepoint: 1864392 ns, Total: 2047481 ns
[2023-03-15T06:38:49.157+0000][69][gc,marking  ] GC(459) Concurrent Cleanup for Next Mark
[2023-03-15T06:38:49.157+0000][69][gc,marking  ] GC(459) Concurrent Cleanup for Next Mark 0.758ms
[2023-03-15T06:38:49.158+0000][69][gc          ] GC(459) Concurrent Mark Cycle 217.525ms
[2023-03-15T06:38:53.160+0000][69][safepoint   ] Safepoint "Cleanup", Time since last: 4003004422 ns, Reaching safepoint: 395320 ns, At safepoint: 15947 ns, Total: 411267 ns
[2023-03-15T06:38:55.164+0000][69][safepoint   ] Safepoint "Cleanup", Time since last: 2004068022 ns, Reaching safepoint: 208725 ns, At safepoint: 11669 ns, Total: 220394 ns
[2023-03-15T06:38:58.170+0000][69][safepoint   ] Safepoint "Cleanup", Time since last: 3006154296 ns, Reaching safepoint: 185522 ns, At safepoint: 26219 ns, Total: 211741 ns
[2023-03-15T06:38:59.172+0000][69][safepoint   ] Safepoint "Cleanup", Time since last: 1001589317 ns, Reaching safepoint: 310719 ns, At safepoint: 26308 ns, Total: 337027 ns
[2023-03-15T06:39:00.175+0000][69][safepoint   ] Safepoint "Cleanup", Time since last: 1002234793 ns, Reaching safepoint: 736998 ns, At safepoint: 92572 ns, Total: 829570 ns
[2023-03-15T06:39:01.179+0000][69][safepoint   ] Safepoint "Cleanup", Time since last: 1003611571 ns, Reaching safepoint: 326983 ns, At safepoint: 11059 ns, Total: 338042 ns
[2023-03-15T06:39:02.182+0000][69][safepoint   ] Safepoint "Cleanup", Time since last: 1001985542 ns, Reaching safepoint: 729993 ns, At safepoint: 46715 ns, Total: 776708 ns
[2023-03-15T06:39:03.186+0000][69][safepoint   ] Safepoint "Cleanup", Time since last: 1003946040 ns, Reaching safepoint: 197310 ns, At safepoint: 15339 ns, Total: 212649 ns
[2023-03-15T06:39:04.188+0000][69][safepoint   ] Safepoint "Cleanup", Time since last: 1001318558 ns, Reaching safepoint: 107218 ns, At safepoint: 3694 ns, Total: 110912 ns
[2023-03-15T06:39:05.189+0000][69][safepoint   ] Safepoint "Cleanup", Time since last: 1001142870 ns, Reaching safepoint: 414051 ns, At safepoint: 26949 ns, Total: 441000 ns
[2023-03-15T06:39:07.195+0000][69][safepoint   ] Safepoint "Cleanup", Time since last: 2005130421 ns, Reaching safepoint: 219500 ns, At safepoint: 13767 ns, Total: 233267 ns
[2023-03-15T06:39:08.275+0000][69][gc,start    ] GC(460) Pause Young (Prepare Mixed) (G1 Evacuation Pause)
[2023-03-15T06:39:08.276+0000][69][gc,task     ] GC(460) Using 4 workers of 4 for evacuation
[2023-03-15T06:39:08.277+0000][69][gc,age      ] GC(460) Desired survivor size 6291456 bytes, new threshold 15 (max threshold 15)
[2023-03-15T06:39:08.284+0000][69][gc,phases   ] GC(460)   Pre Evacuate Collection Set: 0.1ms
[2023-03-15T06:39:08.285+0000][69][gc,phases   ] GC(460)   Merge Heap Roots: 0.1ms
[2023-03-15T06:39:08.285+0000][69][gc,phases   ] GC(460)   Evacuate Collection Set: 4.6ms
[2023-03-15T06:39:08.286+0000][69][gc,phases   ] GC(460)   Post Evacuate Collection Set: 1.1ms
[2023-03-15T06:39:08.286+0000][69][gc,phases   ] GC(460)   Other: 1.8ms
[2023-03-15T06:39:08.286+0000][69][gc,age      ] GC(460) Age table with threshold 15 (max threshold 15)
[2023-03-15T06:39:08.287+0000][69][gc,age      ] GC(460) - age   1:    1845144 bytes,    1845144 total
[2023-03-15T06:39:08.287+0000][69][gc,age      ] GC(460) - age   2:     364240 bytes,    2209384 total
[2023-03-15T06:39:08.288+0000][69][gc,age      ] GC(460) - age   3:     230440 bytes,    2439824 total
[2023-03-15T06:39:08.288+0000][69][gc,age      ] GC(460) - age   4:      26304 bytes,    2466128 total
[2023-03-15T06:39:08.289+0000][69][gc,age      ] GC(460) - age   5:      48760 bytes,    2514888 total
[2023-03-15T06:39:08.290+0000][69][gc,age      ] GC(460) - age   6:      24696 bytes,    2539584 total
[2023-03-15T06:39:08.290+0000][69][gc,age      ] GC(460) - age   7:       1344 bytes,    2540928 total
[2023-03-15T06:39:08.291+0000][69][gc,age      ] GC(460) - age   8:     277736 bytes,    2818664 total
[2023-03-15T06:39:08.291+0000][69][gc,age      ] GC(460) - age   9:     419152 bytes,    3237816 total
[2023-03-15T06:39:08.292+0000][69][gc,age      ] GC(460) - age  10:     538528 bytes,    3776344 total
[2023-03-15T06:39:08.293+0000][69][gc,age      ] GC(460) - age  11:     402800 bytes,    4179144 total
[2023-03-15T06:39:08.293+0000][69][gc,age      ] GC(460) - age  12:       8512 bytes,    4187656 total
[2023-03-15T06:39:08.294+0000][69][gc,age      ] GC(460) - age  13:      20200 bytes,    4207856 total
[2023-03-15T06:39:08.294+0000][69][gc,age      ] GC(460) - age  14:        104 bytes,    4207960 total
[2023-03-15T06:39:08.295+0000][69][gc,heap     ] GC(460) Eden regions: 22->0(1)
[2023-03-15T06:39:08.295+0000][69][gc,heap     ] GC(460) Survivor regions: 2->2(3)
[2023-03-15T06:39:08.296+0000][69][gc,heap     ] GC(460) Old regions: 24->24
[2023-03-15T06:39:08.296+0000][69][gc,heap     ] GC(460) Archive regions: 2->2
[2023-03-15T06:39:08.297+0000][69][gc,heap     ] GC(460) Humongous regions: 2->2
[2023-03-15T06:39:08.297+0000][69][gc,metaspace] GC(460) Metaspace: 138985K(142208K)->138985K(142208K) NonClass: 121338K(122496K)->121338K(122496K) Class: 17647K(19712K)->17647K(19712K)
[2023-03-15T06:39:08.298+0000][69][gc          ] GC(460) Pause Young (Prepare Mixed) (G1 Evacuation Pause) 199M->111M(256M) 22.968ms
[2023-03-15T06:39:08.298+0000][69][gc,cpu      ] GC(460) User=0.01s Sys=0.01s Real=0.03s
[2023-03-15T06:39:08.299+0000][69][safepoint   ] Safepoint "G1CollectForAllocation", Time since last: 1079893506 ns, Reaching safepoint: 433373 ns, At safepoint: 24190607 ns, Total: 24623980 ns
[2023-03-15T06:39:08.974+0000][69][gc,start    ] GC(461) Pause Young (Mixed) (G1 Evacuation Pause)
[2023-03-15T06:39:08.977+0000][69][gc,task     ] GC(461) Using 4 workers of 4 for evacuation
[2023-03-15T06:39:08.979+0000][69][gc,age      ] GC(461) Desired survivor size 2097152 bytes, new threshold 2 (max threshold 15)
[2023-03-15T06:39:08.999+0000][69][gc,phases   ] GC(461)   Pre Evacuate Collection Set: 0.6ms
[2023-03-15T06:39:09.000+0000][69][gc,phases   ] GC(461)   Merge Heap Roots: 0.4ms
[2023-03-15T06:39:09.001+0000][69][gc,phases   ] GC(461)   Evacuate Collection Set: 15.5ms
[2023-03-15T06:39:09.002+0000][69][gc,phases   ] GC(461)   Post Evacuate Collection Set: 1.4ms
[2023-03-15T06:39:09.003+0000][69][gc,phases   ] GC(461)   Other: 3.8ms
[2023-03-15T06:39:09.004+0000][69][gc,age      ] GC(461) Age table with threshold 2 (max threshold 15)
[2023-03-15T06:39:09.004+0000][69][gc,age      ] GC(461) - age   1:       3600 bytes,       3600 total
[2023-03-15T06:39:09.005+0000][69][gc,age      ] GC(461) - age   2:    1119560 bytes,    1123160 total
[2023-03-15T06:39:09.006+0000][69][gc,heap     ] GC(461) Eden regions: 1->0(22)
[2023-03-15T06:39:09.006+0000][69][gc,heap     ] GC(461) Survivor regions: 2->1(1)
[2023-03-15T06:39:09.007+0000][69][gc,heap     ] GC(461) Old regions: 24->25
[2023-03-15T06:39:09.008+0000][69][gc,heap     ] GC(461) Archive regions: 2->2
[2023-03-15T06:39:09.009+0000][69][gc,heap     ] GC(461) Humongous regions: 2->2
[2023-03-15T06:39:09.010+0000][69][gc,metaspace] GC(461) Metaspace: 138985K(142208K)->138985K(142208K) NonClass: 121338K(122496K)->121338K(122496K) Class: 17647K(19712K)->17647K(19712K)
[2023-03-15T06:39:09.011+0000][69][gc          ] GC(461) Pause Young (Mixed) (G1 Evacuation Pause) 115M->110M(256M) 36.262ms
[2023-03-15T06:39:09.012+0000][69][gc,cpu      ] GC(461) User=0.06s Sys=0.00s Real=0.04s
[2023-03-15T06:39:09.012+0000][69][safepoint   ] Safepoint "G1CollectForAllocation", Time since last: 674683987 ns, Reaching safepoint: 455482 ns, At safepoint: 38145653 ns, Total: 38601135 ns
[2023-03-15T06:39:10.013+0000][69][safepoint   ] Safepoint "Cleanup", Time since last: 1000729996 ns, Reaching safepoint: 214627 ns, At safepoint: 12267 ns, Total: 226894 ns
[2023-03-15T06:39:11.015+0000][69][safepoint   ] Safepoint "Cleanup", Time since last: 1001531198 ns, Reaching safepoint: 68996 ns, At safepoint: 53962 ns, Total: 122958 ns
[2023-03-15T06:39:23.001+0000][69][safepoint   ] Safepoint "Cleanup", Time since last: 12007515308 ns, Reaching safepoint: 233223 ns, At safepoint: 8656 ns, Total: 241879 ns
[2023-03-15T06:39:24.002+0000][69][safepoint   ] Safepoint "Cleanup", Time since last: 1001389822 ns, Reaching safepoint: 304841 ns, At safepoint: 7117 ns, Total: 311958 ns
[2023-03-15T06:39:31.009+0000][69][safepoint   ] Safepoint "Cleanup", Time since last: 7005853127 ns, Reaching safepoint: 746105 ns, At safepoint: 199827 ns, Total: 945932 ns
[2023-03-15T06:39:36.906+0000][69][gc,start    ] GC(462) Pause Young (Normal) (G1 Evacuation Pause)
[2023-03-15T06:39:36.907+0000][69][gc,task     ] GC(462) Using 4 workers of 4 for evacuation
[2023-03-15T06:39:36.910+0000][69][gc,age      ] GC(462) Desired survivor size 6291456 bytes, new threshold 15 (max threshold 15)
[2023-03-15T06:39:36.917+0000][69][gc,phases   ] GC(462)   Pre Evacuate Collection Set: 0.2ms
[2023-03-15T06:39:36.918+0000][69][gc,phases   ] GC(462)   Merge Heap Roots: 0.3ms
[2023-03-15T06:39:36.919+0000][69][gc,phases   ] GC(462)   Evacuate Collection Set: 2.3ms
[2023-03-15T06:39:36.920+0000][69][gc,phases   ] GC(462)   Post Evacuate Collection Set: 1.3ms
[2023-03-15T06:39:36.921+0000][69][gc,phases   ] GC(462)   Other: 5.1ms
[2023-03-15T06:39:36.923+0000][69][gc,age      ] GC(462) Age table with threshold 15 (max threshold 15)
[2023-03-15T06:39:36.923+0000][69][gc,age      ] GC(462) - age   1:     952032 bytes,     952032 total
[2023-03-15T06:39:36.924+0000][69][gc,age      ] GC(462) - age   2:        312 bytes,     952344 total
[2023-03-15T06:39:36.925+0000][69][gc,age      ] GC(462) - age   3:     535896 bytes,    1488240 total
[2023-03-15T06:39:36.926+0000][69][gc,heap     ] GC(462) Eden regions: 22->0(22)
[2023-03-15T06:39:36.927+0000][69][gc,heap     ] GC(462) Survivor regions: 1->1(3)
[2023-03-15T06:39:36.928+0000][69][gc,heap     ] GC(462) Old regions: 25->25
[2023-03-15T06:39:36.929+0000][69][gc,heap     ] GC(462) Archive regions: 2->2
[2023-03-15T06:39:36.930+0000][69][gc,heap     ] GC(462) Humongous regions: 2->2
[2023-03-15T06:39:36.930+0000][69][gc,metaspace] GC(462) Metaspace: 138985K(142208K)->138985K(142208K) NonClass: 121338K(122496K)->121338K(122496K) Class: 17647K(19712K)->17647K(19712K)
[2023-03-15T06:39:36.932+0000][69][gc          ] GC(462) Pause Young (Normal) (G1 Evacuation Pause) 198M->110M(256M) 26.059ms
[2023-03-15T06:39:36.933+0000][69][gc,cpu      ] GC(462) User=0.01s Sys=0.00s Real=0.03s
[2023-03-15T06:39:36.933+0000][69][safepoint   ] Safepoint "G1CollectForAllocation", Time since last: 5895698548 ns, Reaching safepoint: 583421 ns, At safepoint: 27706550 ns, Total: 28289971 ns
[2023-03-15T06:39:40.938+0000][69][safepoint   ] Safepoint "Cleanup", Time since last: 4004158859 ns, Reaching safepoint: 527776 ns, At safepoint: 14231 ns, Total: 542007 ns
[2023-03-15T06:39:47.826+0000][69][safepoint   ] Safepoint "Cleanup", Time since last: 6909702533 ns, Reaching safepoint: 283974 ns, At safepoint: 24899 ns, Total: 308873 ns
[2023-03-15T06:39:48.828+0000][69][safepoint   ] Safepoint "Cleanup", Time since last: 1002269753 ns, Reaching safepoint: 165686 ns, At safepoint: 5996 ns, Total: 171682 ns
[2023-03-15T06:39:49.830+0000][69][safepoint   ] Safepoint "Cleanup", Time since last: 1001521863 ns, Reaching safepoint: 158718 ns, At safepoint: 5423 ns, Total: 164141 ns
[2023-03-15T06:39:55.837+0000][69][safepoint   ] Safepoint "Cleanup", Time since last: 6006186328 ns, Reaching safepoint: 353798 ns, At safepoint: 12167 ns, Total: 365965 ns
[2023-03-15T06:40:03.907+0000][69][gc,start    ] GC(463) Pause Young (Normal) (G1 Evacuation Pause)
[2023-03-15T06:40:03.908+0000][69][gc,task     ] GC(463) Using 4 workers of 4 for evacuation
[2023-03-15T06:40:03.909+0000][69][gc,age      ] GC(463) Desired survivor size 6291456 bytes, new threshold 15 (max threshold 15)
[2023-03-15T06:40:03.914+0000][69][gc,phases   ] GC(463)   Pre Evacuate Collection Set: 0.2ms
[2023-03-15T06:40:03.915+0000][69][gc,phases   ] GC(463)   Merge Heap Roots: 0.3ms
[2023-03-15T06:40:03.915+0000][69][gc,phases   ] GC(463)   Evacuate Collection Set: 2.1ms
[2023-03-15T06:40:03.916+0000][69][gc,phases   ] GC(463)   Post Evacuate Collection Set: 1.0ms
[2023-03-15T06:40:03.917+0000][69][gc,phases   ] GC(463)   Other: 2.6ms
[2023-03-15T06:40:03.918+0000][69][gc,age      ] GC(463) Age table with threshold 15 (max threshold 15)
[2023-03-15T06:40:03.919+0000][69][gc,age      ] GC(463) - age   1:    1153656 bytes,    1153656 total
[2023-03-15T06:40:03.920+0000][69][gc,age      ] GC(463) - age   2:      21440 bytes,    1175096 total
[2023-03-15T06:40:03.920+0000][69][gc,age      ] GC(463) - age   3:        312 bytes,    1175408 total
[2023-03-15T06:40:03.921+0000][69][gc,age      ] GC(463) - age   4:     526536 bytes,    1701944 total
[2023-03-15T06:40:03.922+0000][69][gc,heap     ] GC(463) Eden regions: 22->0(23)
[2023-03-15T06:40:03.922+0000][69][gc,heap     ] GC(463) Survivor regions: 1->1(3)
[2023-03-15T06:40:03.923+0000][69][gc,heap     ] GC(463) Old regions: 25->25
[2023-03-15T06:40:03.923+0000][69][gc,heap     ] GC(463) Archive regions: 2->2
[2023-03-15T06:40:03.924+0000][69][gc,heap     ] GC(463) Humongous regions: 2->2
[2023-03-15T06:40:03.924+0000][69][gc,metaspace] GC(463) Metaspace: 138985K(142208K)->138985K(142208K) NonClass: 121338K(122496K)->121338K(122496K) Class: 17647K(19712K)->17647K(19712K)
[2023-03-15T06:40:03.926+0000][69][gc          ] GC(463) Pause Young (Normal) (G1 Evacuation Pause) 198M->110M(256M) 18.850ms
[2023-03-15T06:40:03.927+0000][69][gc,cpu      ] GC(463) User=0.01s Sys=0.00s Real=0.02s
[2023-03-15T06:40:03.927+0000][69][safepoint   ] Safepoint "G1CollectForAllocation", Time since last: 8070044530 ns, Reaching safepoint: 122631 ns, At safepoint: 20216208 ns, Total: 20338839 ns
[2023-03-15T06:40:04.928+0000][69][safepoint   ] Safepoint "Cleanup", Time since last: 1000995519 ns, Reaching safepoint: 286892 ns, At safepoint: 23459 ns, Total: 310351 ns
[2023-03-15T06:40:06.932+0000][69][safepoint   ] Safepoint "Cleanup", Time since last: 2003134818 ns, Reaching safepoint: 263044 ns, At safepoint: 4960 ns, Total: 268004 ns
[2023-03-15T06:40:08.936+0000][69][safepoint   ] Safepoint "Cleanup", Time since last: 2003549422 ns, Reaching safepoint: 384250 ns, At safepoint: 16996 ns, Total: 401246 ns
[2023-03-15T06:40:09.940+0000][69][safepoint   ] Safepoint "Cleanup", Time since last: 1003933234 ns, Reaching safepoint: 169214 ns, At safepoint: 4998 ns, Total: 174212 ns
[2023-03-15T06:40:22.934+0000][69][safepoint   ] Safepoint "Cleanup", Time since last: 13015204250 ns, Reaching safepoint: 593099 ns, At safepoint: 42552 ns, Total: 635651 ns
[2023-03-15T06:40:30.881+0000][69][gc,start    ] GC(464) Pause Young (Concurrent Start) (G1 Evacuation Pause)
[2023-03-15T06:40:30.883+0000][69][gc,task     ] GC(464) Using 4 workers of 4 for evacuation
[2023-03-15T06:40:30.885+0000][69][gc,age      ] GC(464) Desired survivor size 6291456 bytes, new threshold 15 (max threshold 15)
[2023-03-15T06:40:30.893+0000][69][gc,phases   ] GC(464)   Pre Evacuate Collection Set: 0.7ms
[2023-03-15T06:40:30.895+0000][69][gc,phases   ] GC(464)   Merge Heap Roots: 0.1ms
[2023-03-15T06:40:30.895+0000][69][gc,phases   ] GC(464)   Evacuate Collection Set: 4.6ms
[2023-03-15T06:40:30.896+0000][69][gc,phases   ] GC(464)   Post Evacuate Collection Set: 1.5ms
[2023-03-15T06:40:30.897+0000][69][gc,phases   ] GC(464)   Other: 3.8ms
[2023-03-15T06:40:30.899+0000][69][gc,age      ] GC(464) Age table with threshold 15 (max threshold 15)
[2023-03-15T06:40:30.900+0000][69][gc,age      ] GC(464) - age   1:    1477176 bytes,    1477176 total
[2023-03-15T06:40:30.901+0000][69][gc,age      ] GC(464) - age   2:      12128 bytes,    1489304 total
[2023-03-15T06:40:30.902+0000][69][gc,age      ] GC(464) - age   3:      20984 bytes,    1510288 total
[2023-03-15T06:40:30.902+0000][69][gc,age      ] GC(464) - age   4:        312 bytes,    1510600 total
[2023-03-15T06:40:30.903+0000][69][gc,age      ] GC(464) - age   5:     524904 bytes,    2035504 total
[2023-03-15T06:40:30.904+0000][69][gc,heap     ] GC(464) Eden regions: 23->0(22)
[2023-03-15T06:40:30.904+0000][69][gc,heap     ] GC(464) Survivor regions: 1->1(3)
[2023-03-15T06:40:30.905+0000][69][gc,heap     ] GC(464) Old regions: 25->25
[2023-03-15T06:40:30.906+0000][69][gc,heap     ] GC(464) Archive regions: 2->2
[2023-03-15T06:40:30.906+0000][69][gc,heap     ] GC(464) Humongous regions: 2->2
[2023-03-15T06:40:30.907+0000][69][gc,metaspace] GC(464) Metaspace: 138988K(142208K)->138988K(142208K) NonClass: 121341K(122496K)->121341K(122496K) Class: 17647K(19712K)->17647K(19712K)
[2023-03-15T06:40:30.908+0000][69][gc          ] GC(464) Pause Young (Concurrent Start) (G1 Evacuation Pause) 202M->110M(256M) 27.108ms
[2023-03-15T06:40:30.908+0000][69][gc,cpu      ] GC(464) User=0.01s Sys=0.00s Real=0.03s
[2023-03-15T06:40:30.908+0000][69][gc          ] GC(465) Concurrent Mark Cycle
[2023-03-15T06:40:30.910+0000][69][gc,marking  ] GC(465) Concurrent Clear Claimed Marks
[2023-03-15T06:40:30.909+0000][69][safepoint   ] Safepoint "G1CollectForAllocation", Time since last: 7946471506 ns, Reaching safepoint: 120827 ns, At safepoint: 28552133 ns, Total: 28672960 ns
[2023-03-15T06:40:30.911+0000][69][gc,marking  ] GC(465) Concurrent Clear Claimed Marks 1.379ms
[2023-03-15T06:40:30.912+0000][69][gc,marking  ] GC(465) Concurrent Scan Root Regions
[2023-03-15T06:40:30.917+0000][69][gc,marking  ] GC(465) Concurrent Scan Root Regions 4.355ms
[2023-03-15T06:40:30.918+0000][69][gc,marking  ] GC(465) Concurrent Mark
[2023-03-15T06:40:30.918+0000][69][gc,marking  ] GC(465) Concurrent Mark From Roots
[2023-03-15T06:40:30.919+0000][69][gc,task     ] GC(465) Using 1 workers of 1 for marking
[2023-03-15T06:40:31.019+0000][69][gc,marking  ] GC(465) Concurrent Mark From Roots 100.118ms
[2023-03-15T06:40:31.020+0000][69][gc,marking  ] GC(465) Concurrent Preclean
[2023-03-15T06:40:31.021+0000][69][gc,marking  ] GC(465) Concurrent Preclean 1.030ms
[2023-03-15T06:40:31.022+0000][69][gc,start    ] GC(465) Pause Remark
[2023-03-15T06:40:31.039+0000][69][gc          ] GC(465) Pause Remark 113M->113M(256M) 17.833ms
[2023-03-15T06:40:31.040+0000][69][gc,cpu      ] GC(465) User=0.06s Sys=0.00s Real=0.02s
[2023-03-15T06:40:31.041+0000][69][safepoint   ] Safepoint "G1PauseRemark", Time since last: 112177189 ns, Reaching safepoint: 306352 ns, At safepoint: 19532136 ns, Total: 19838488 ns
[2023-03-15T06:40:31.042+0000][69][gc,marking  ] GC(465) Concurrent Mark 123.714ms
[2023-03-15T06:40:31.042+0000][69][gc,marking  ] GC(465) Concurrent Rebuild Remembered Sets
[2023-03-15T06:40:31.113+0000][69][gc,marking  ] GC(465) Concurrent Rebuild Remembered Sets 70.718ms
[2023-03-15T06:40:31.114+0000][69][gc,start    ] GC(465) Pause Cleanup
[2023-03-15T06:40:31.115+0000][69][gc          ] GC(465) Pause Cleanup 113M->113M(256M) 1.248ms
[2023-03-15T06:40:31.116+0000][69][gc,cpu      ] GC(465) User=0.00s Sys=0.00s Real=0.00s
[2023-03-15T06:40:31.117+0000][69][safepoint   ] Safepoint "G1PauseCleanup", Time since last: 72779988 ns, Reaching safepoint: 101090 ns, At safepoint: 2844611 ns, Total: 2945701 ns
[2023-03-15T06:40:31.118+0000][69][gc,marking  ] GC(465) Concurrent Cleanup for Next Mark
[2023-03-15T06:40:31.119+0000][69][gc,marking  ] GC(465) Concurrent Cleanup for Next Mark 1.397ms
[2023-03-15T06:40:31.120+0000][69][gc          ] GC(465) Concurrent Mark Cycle 211.275ms
[2023-03-15T06:40:32.118+0000][69][safepoint   ] Safepoint "Cleanup", Time since last: 1001021713 ns, Reaching safepoint: 142495 ns, At safepoint: 5251 ns, Total: 147746 ns
[2023-03-15T06:40:33.388+0000][69][safepoint   ] Safepoint "Cleanup", Time since last: 1269814734 ns, Reaching safepoint: 444100 ns, At safepoint: 47899 ns, Total: 491999 ns
[2023-03-15T06:40:34.396+0000][69][safepoint   ] Safepoint "Cleanup", Time since last: 1007813300 ns, Reaching safepoint: 210136 ns, At safepoint: 13175 ns, Total: 223311 ns
[2023-03-15T06:40:52.386+0000][69][safepoint   ] Safepoint "Cleanup", Time since last: 18011324473 ns, Reaching safepoint: 488873 ns, At safepoint: 26205 ns, Total: 515078 ns
[2023-03-15T06:40:53.388+0000][69][safepoint   ] Safepoint "Cleanup", Time since last: 1001430144 ns, Reaching safepoint: 211012 ns, At safepoint: 8721 ns, Total: 219733 ns
[2023-03-15T06:40:55.389+0000][69][safepoint   ] Safepoint "Cleanup", Time since last: 2001349132 ns, Reaching safepoint: 201849 ns, At safepoint: 11307 ns, Total: 213156 ns
[2023-03-15T06:40:56.391+0000][69][safepoint   ] Safepoint "Cleanup", Time since last: 1001735462 ns, Reaching safepoint: 166588 ns, At safepoint: 5555 ns, Total: 172143 ns
[2023-03-15T06:40:58.296+0000][69][gc,start    ] GC(466) Pause Young (Prepare Mixed) (G1 Evacuation Pause)
[2023-03-15T06:40:58.298+0000][69][gc,task     ] GC(466) Using 4 workers of 4 for evacuation
[2023-03-15T06:40:58.298+0000][69][gc,age      ] GC(466) Desired survivor size 6291456 bytes, new threshold 15 (max threshold 15)
[2023-03-15T06:40:58.302+0000][69][gc,phases   ] GC(466)   Pre Evacuate Collection Set: 0.1ms
[2023-03-15T06:40:58.303+0000][69][gc,phases   ] GC(466)   Merge Heap Roots: 0.1ms
[2023-03-15T06:40:58.304+0000][69][gc,phases   ] GC(466)   Evacuate Collection Set: 2.0ms
[2023-03-15T06:40:58.304+0000][69][gc,phases   ] GC(466)   Post Evacuate Collection Set: 0.7ms
[2023-03-15T06:40:58.305+0000][69][gc,phases   ] GC(466)   Other: 1.5ms
[2023-03-15T06:40:58.305+0000][69][gc,age      ] GC(466) Age table with threshold 15 (max threshold 15)
[2023-03-15T06:40:58.306+0000][69][gc,age      ] GC(466) - age   1:    1926448 bytes,    1926448 total
[2023-03-15T06:40:58.307+0000][69][gc,age      ] GC(466) - age   2:     267928 bytes,    2194376 total
[2023-03-15T06:40:58.308+0000][69][gc,age      ] GC(466) - age   3:       1480 bytes,    2195856 total
[2023-03-15T06:40:58.308+0000][69][gc,age      ] GC(466) - age   4:       6224 bytes,    2202080 total
[2023-03-15T06:40:58.309+0000][69][gc,age      ] GC(466) - age   5:        312 bytes,    2202392 total
[2023-03-15T06:40:58.309+0000][69][gc,age      ] GC(466) - age   6:     410840 bytes,    2613232 total
[2023-03-15T06:40:58.310+0000][69][gc,heap     ] GC(466) Eden regions: 22->0(2)
[2023-03-15T06:40:58.311+0000][69][gc,heap     ] GC(466) Survivor regions: 1->1(3)
[2023-03-15T06:40:58.311+0000][69][gc,heap     ] GC(466) Old regions: 25->25
[2023-03-15T06:40:58.312+0000][69][gc,heap     ] GC(466) Archive regions: 2->2
[2023-03-15T06:40:58.312+0000][69][gc,heap     ] GC(466) Humongous regions: 2->2
[2023-03-15T06:40:58.313+0000][69][gc,metaspace] GC(466) Metaspace: 138978K(142208K)->138978K(142208K) NonClass: 121335K(122496K)->121335K(122496K) Class: 17643K(19712K)->17643K(19712K)
[2023-03-15T06:40:58.313+0000][69][gc          ] GC(466) Pause Young (Prepare Mixed) (G1 Evacuation Pause) 198M->111M(256M) 17.358ms
[2023-03-15T06:40:58.314+0000][69][gc,cpu      ] GC(466) User=0.00s Sys=0.00s Real=0.02s
[2023-03-15T06:40:58.315+0000][69][safepoint   ] Safepoint "G1CollectForAllocation", Time since last: 1904601129 ns, Reaching safepoint: 107036 ns, At safepoint: 18604705 ns, Total: 18711741 ns
[2023-03-15T06:40:59.317+0000][69][safepoint   ] Safepoint "Cleanup", Time since last: 1002561954 ns, Reaching safepoint: 186092 ns, At safepoint: 5292 ns, Total: 191384 ns
[2023-03-15T06:41:00.469+0000][69][gc,start    ] GC(467) Pause Young (Mixed) (G1 Evacuation Pause)
[2023-03-15T06:41:00.469+0000][69][gc,task     ] GC(467) Using 4 workers of 4 for evacuation
[2023-03-15T06:41:00.470+0000][69][gc,age      ] GC(467) Desired survivor size 2097152 bytes, new threshold 2 (max threshold 15)
[2023-03-15T06:41:00.481+0000][69][gc,phases   ] GC(467)   Pre Evacuate Collection Set: 0.1ms
[2023-03-15T06:41:00.481+0000][69][gc,phases   ] GC(467)   Merge Heap Roots: 0.1ms
[2023-03-15T06:41:00.482+0000][69][gc,phases   ] GC(467)   Evacuate Collection Set: 8.5ms
[2023-03-15T06:41:00.482+0000][69][gc,phases   ] GC(467)   Post Evacuate Collection Set: 1.3ms
[2023-03-15T06:41:00.483+0000][69][gc,phases   ] GC(467)   Other: 1.2ms
[2023-03-15T06:41:00.483+0000][69][gc,age      ] GC(467) Age table with threshold 2 (max threshold 15)
[2023-03-15T06:41:00.484+0000][69][gc,age      ] GC(467) - age   1:     340480 bytes,     340480 total
[2023-03-15T06:41:00.484+0000][69][gc,age      ] GC(467) - age   2:    1535000 bytes,    1875480 total
[2023-03-15T06:41:00.485+0000][69][gc,heap     ] GC(467) Eden regions: 2->0(22)
[2023-03-15T06:41:00.485+0000][69][gc,heap     ] GC(467) Survivor regions: 1->1(1)
[2023-03-15T06:41:00.486+0000][69][gc,heap     ] GC(467) Old regions: 25->25
[2023-03-15T06:41:00.486+0000][69][gc,heap     ] GC(467) Archive regions: 2->2
[2023-03-15T06:41:00.486+0000][69][gc,heap     ] GC(467) Humongous regions: 2->2
[2023-03-15T06:41:00.487+0000][69][gc,metaspace] GC(467) Metaspace: 138978K(142208K)->138978K(142208K) NonClass: 121335K(122496K)->121335K(122496K) Class: 17643K(19712K)->17643K(19712K)
[2023-03-15T06:41:00.488+0000][69][gc          ] GC(467) Pause Young (Mixed) (G1 Evacuation Pause) 119M->110M(256M) 18.932ms
[2023-03-15T06:41:00.488+0000][69][gc,cpu      ] GC(467) User=0.02s Sys=0.00s Real=0.02s
[2023-03-15T06:41:00.489+0000][69][safepoint   ] Safepoint "G1CollectForAllocation", Time since last: 1151130695 ns, Reaching safepoint: 80026 ns, At safepoint: 20411252 ns, Total: 20491278 ns
[2023-03-15T06:41:01.490+0000][69][safepoint   ] Safepoint "Cleanup", Time since last: 1000864223 ns, Reaching safepoint: 136568 ns, At safepoint: 4320 ns, Total: 140888 ns
[2023-03-15T06:41:02.491+0000][69][safepoint   ] Safepoint "Cleanup", Time since last: 1001011660 ns, Reaching safepoint: 238078 ns, At safepoint: 17426 ns, Total: 255504 ns
[2023-03-15T06:41:04.496+0000][69][safepoint   ] Safepoint "Cleanup", Time since last: 2004658166 ns, Reaching safepoint: 276555 ns, At safepoint: 9867 ns, Total: 286422 ns
[2023-03-15T06:41:10.503+0000][69][safepoint   ] Safepoint "Cleanup", Time since last: 6006397648 ns, Reaching safepoint: 253626 ns, At safepoint: 27370 ns, Total: 280996 ns
[2023-03-15T06:41:11.505+0000][69][safepoint   ] Safepoint "Cleanup", Time since last: 1001465759 ns, Reaching safepoint: 730137 ns, At safepoint: 31808 ns, Total: 761945 ns
[2023-03-15T06:41:12.509+0000][69][safepoint   ] Safepoint "Cleanup", Time since last: 1003285999 ns, Reaching safepoint: 163217 ns, At safepoint: 5699 ns, Total: 168916 ns
[2023-03-15T06:41:23.370+0000][69][gc,start    ] GC(468) Pause Young (Normal) (G1 Evacuation Pause)
[2023-03-15T06:41:23.372+0000][69][gc,task     ] GC(468) Using 4 workers of 4 for evacuation
[2023-03-15T06:41:23.373+0000][69][gc,age      ] GC(468) Desired survivor size 6291456 bytes, new threshold 15 (max threshold 15)
[2023-03-15T06:41:23.377+0000][69][gc,phases   ] GC(468)   Pre Evacuate Collection Set: 0.2ms
[2023-03-15T06:41:23.378+0000][69][gc,phases   ] GC(468)   Merge Heap Roots: 0.3ms
[2023-03-15T06:41:23.379+0000][69][gc,phases   ] GC(468)   Evacuate Collection Set: 2.6ms
[2023-03-15T06:41:23.379+0000][69][gc,phases   ] GC(468)   Post Evacuate Collection Set: 0.9ms
[2023-03-15T06:41:23.380+0000][69][gc,phases   ] GC(468)   Other: 1.7ms
[2023-03-15T06:41:23.380+0000][69][gc,age      ] GC(468) Age table with threshold 15 (max threshold 15)
[2023-03-15T06:41:23.381+0000][69][gc,age      ] GC(468) - age   1:    1303256 bytes,    1303256 total
[2023-03-15T06:41:23.381+0000][69][gc,age      ] GC(468) - age   2:      17752 bytes,    1321008 total
[2023-03-15T06:41:23.381+0000][69][gc,age      ] GC(468) - age   3:     586616 bytes,    1907624 total
[2023-03-15T06:41:23.382+0000][69][gc,heap     ] GC(468) Eden regions: 22->0(22)
[2023-03-15T06:41:23.382+0000][69][gc,heap     ] GC(468) Survivor regions: 1->1(3)
[2023-03-15T06:41:23.383+0000][69][gc,heap     ] GC(468) Old regions: 25->25
[2023-03-15T06:41:23.383+0000][69][gc,heap     ] GC(468) Archive regions: 2->2
[2023-03-15T06:41:23.384+0000][69][gc,heap     ] GC(468) Humongous regions: 2->2
[2023-03-15T06:41:23.384+0000][69][gc,metaspace] GC(468) Metaspace: 138979K(142208K)->138979K(142208K) NonClass: 121336K(122496K)->121336K(122496K) Class: 17643K(19712K)->17643K(19712K)
[2023-03-15T06:41:23.385+0000][69][gc          ] GC(468) Pause Young (Normal) (G1 Evacuation Pause) 198M->110M(256M) 15.388ms
[2023-03-15T06:41:23.386+0000][69][gc,cpu      ] GC(468) User=0.01s Sys=0.00s Real=0.01s
[2023-03-15T06:41:23.386+0000][69][safepoint   ] Safepoint "G1CollectForAllocation", Time since last: 10883083821 ns, Reaching safepoint: 106479 ns, At safepoint: 16741929 ns, Total: 16848408 ns
[2023-03-15T06:41:28.390+0000][69][safepoint   ] Safepoint "Cleanup", Time since last: 5003260929 ns, Reaching safepoint: 221981 ns, At safepoint: 6066 ns, Total: 228047 ns
[2023-03-15T06:41:33.392+0000][69][safepoint   ] Safepoint "Cleanup", Time since last: 5002235462 ns, Reaching safepoint: 172771 ns, At safepoint: 6982 ns, Total: 179753 ns
[2023-03-15T06:41:46.381+0000][69][safepoint   ] Safepoint "Cleanup", Time since last: 13010547807 ns, Reaching safepoint: 119501 ns, At safepoint: 5947 ns, Total: 125448 ns
[2023-03-15T06:41:52.484+0000][69][gc,start    ] GC(469) Pause Young (Normal) (G1 Evacuation Pause)
[2023-03-15T06:41:52.485+0000][69][gc,task     ] GC(469) Using 4 workers of 4 for evacuation
[2023-03-15T06:41:52.486+0000][69][gc,age      ] GC(469) Desired survivor size 6291456 bytes, new threshold 15 (max threshold 15)
[2023-03-15T06:41:52.491+0000][69][gc,phases   ] GC(469)   Pre Evacuate Collection Set: 0.2ms
[2023-03-15T06:41:52.492+0000][69][gc,phases   ] GC(469)   Merge Heap Roots: 0.1ms
[2023-03-15T06:41:52.493+0000][69][gc,phases   ] GC(469)   Evacuate Collection Set: 2.7ms
[2023-03-15T06:41:52.493+0000][69][gc,phases   ] GC(469)   Post Evacuate Collection Set: 1.1ms
[2023-03-15T06:41:52.494+0000][69][gc,phases   ] GC(469)   Other: 2.0ms
[2023-03-15T06:41:52.495+0000][69][gc,age      ] GC(469) Age table with threshold 15 (max threshold 15)
[2023-03-15T06:41:52.496+0000][69][gc,age      ] GC(469) - age   1:    1914912 bytes,    1914912 total
[2023-03-15T06:41:52.496+0000][69][gc,age      ] GC(469) - age   2:      81848 bytes,    1996760 total
[2023-03-15T06:41:52.497+0000][69][gc,age      ] GC(469) - age   3:        552 bytes,    1997312 total
[2023-03-15T06:41:52.498+0000][69][gc,age      ] GC(469) - age   4:     568784 bytes,    2566096 total
[2023-03-15T06:41:52.500+0000][69][gc,heap     ] GC(469) Eden regions: 22->0(22)
[2023-03-15T06:41:52.501+0000][69][gc,heap     ] GC(469) Survivor regions: 1->1(3)
[2023-03-15T06:41:52.501+0000][69][gc,heap     ] GC(469) Old regions: 25->25
[2023-03-15T06:41:52.502+0000][69][gc,heap     ] GC(469) Archive regions: 2->2
[2023-03-15T06:41:52.503+0000][69][gc,heap     ] GC(469) Humongous regions: 2->2
[2023-03-15T06:41:52.503+0000][69][gc,metaspace] GC(469) Metaspace: 138979K(142208K)->138979K(142208K) NonClass: 121336K(122496K)->121336K(122496K) Class: 17643K(19712K)->17643K(19712K)
[2023-03-15T06:41:52.504+0000][69][gc          ] GC(469) Pause Young (Normal) (G1 Evacuation Pause) 198M->111M(256M) 20.368ms
[2023-03-15T06:41:52.505+0000][69][gc,cpu      ] GC(469) User=0.01s Sys=0.01s Real=0.02s
[2023-03-15T06:41:52.506+0000][69][safepoint   ] Safepoint "G1CollectForAllocation", Time since last: 6102999997 ns, Reaching safepoint: 94347 ns, At safepoint: 22312267 ns, Total: 22406614 ns
[2023-03-15T06:41:58.513+0000][69][safepoint   ] Safepoint "Cleanup", Time since last: 6006114433 ns, Reaching safepoint: 199495 ns, At safepoint: 35664 ns, Total: 235159 ns
[2023-03-15T06:42:02.519+0000][69][safepoint   ] Safepoint "Cleanup", Time since last: 4005576986 ns, Reaching safepoint: 326536 ns, At safepoint: 19443 ns, Total: 345979 ns
[2023-03-15T06:42:11.531+0000][69][safepoint   ] Safepoint "Cleanup", Time since last: 9012829300 ns, Reaching safepoint: 127419 ns, At safepoint: 4164 ns, Total: 131583 ns
[2023-03-15T06:42:15.849+0000][69][gc,start    ] GC(470) Pause Young (Concurrent Start) (G1 Evacuation Pause)
[2023-03-15T06:42:15.850+0000][69][gc,task     ] GC(470) Using 4 workers of 4 for evacuation
[2023-03-15T06:42:15.851+0000][69][gc,age      ] GC(470) Desired survivor size 6291456 bytes, new threshold 15 (max threshold 15)
[2023-03-15T06:42:15.855+0000][69][gc,phases   ] GC(470)   Pre Evacuate Collection Set: 0.5ms
[2023-03-15T06:42:15.856+0000][69][gc,phases   ] GC(470)   Merge Heap Roots: 0.1ms
[2023-03-15T06:42:15.857+0000][69][gc,phases   ] GC(470)   Evacuate Collection Set: 2.5ms
[2023-03-15T06:42:15.857+0000][69][gc,phases   ] GC(470)   Post Evacuate Collection Set: 0.9ms
[2023-03-15T06:42:15.857+0000][69][gc,phases   ] GC(470)   Other: 1.1ms
[2023-03-15T06:42:15.858+0000][69][gc,age      ] GC(470) Age table with threshold 15 (max threshold 15)
[2023-03-15T06:42:15.858+0000][69][gc,age      ] GC(470) - age   1:     322728 bytes,     322728 total
[2023-03-15T06:42:15.859+0000][69][gc,age      ] GC(470) - age   2:       3696 bytes,     326424 total
[2023-03-15T06:42:15.859+0000][69][gc,age      ] GC(470) - age   3:      81456 bytes,     407880 total
[2023-03-15T06:42:15.860+0000][69][gc,age      ] GC(470) - age   4:        552 bytes,     408432 total
[2023-03-15T06:42:15.860+0000][69][gc,age      ] GC(470) - age   5:     567872 bytes,     976304 total
[2023-03-15T06:42:15.861+0000][69][gc,heap     ] GC(470) Eden regions: 22->0(23)
[2023-03-15T06:42:15.861+0000][69][gc,heap     ] GC(470) Survivor regions: 1->1(3)
[2023-03-15T06:42:15.862+0000][69][gc,heap     ] GC(470) Old regions: 25->25
[2023-03-15T06:42:15.862+0000][69][gc,heap     ] GC(470) Archive regions: 2->2
[2023-03-15T06:42:15.863+0000][69][gc,heap     ] GC(470) Humongous regions: 2->2
[2023-03-15T06:42:15.863+0000][69][gc,metaspace] GC(470) Metaspace: 138988K(142208K)->138988K(142208K) NonClass: 121345K(122496K)->121345K(122496K) Class: 17643K(19712K)->17643K(19712K)
[2023-03-15T06:42:15.864+0000][69][gc          ] GC(470) Pause Young (Concurrent Start) (G1 Evacuation Pause) 199M->109M(256M) 14.791ms
[2023-03-15T06:42:15.865+0000][69][gc,cpu      ] GC(470) User=0.00s Sys=0.00s Real=0.02s
[2023-03-15T06:42:15.865+0000][69][safepoint   ] Safepoint "G1CollectForAllocation", Time since last: 4338912413 ns, Reaching safepoint: 182291 ns, At safepoint: 16145599 ns, Total: 16327890 ns
[2023-03-15T06:42:15.865+0000][69][gc          ] GC(471) Concurrent Mark Cycle
[2023-03-15T06:42:15.867+0000][69][gc,marking  ] GC(471) Concurrent Clear Claimed Marks
[2023-03-15T06:42:15.867+0000][69][gc,marking  ] GC(471) Concurrent Clear Claimed Marks 0.709ms
[2023-03-15T06:42:15.868+0000][69][gc,marking  ] GC(471) Concurrent Scan Root Regions
[2023-03-15T06:42:15.871+0000][69][gc,marking  ] GC(471) Concurrent Scan Root Regions 2.711ms
[2023-03-15T06:42:15.871+0000][69][gc,marking  ] GC(471) Concurrent Mark
[2023-03-15T06:42:15.873+0000][69][gc,marking  ] GC(471) Concurrent Mark From Roots
[2023-03-15T06:42:15.873+0000][69][gc,task     ] GC(471) Using 1 workers of 1 for marking
[2023-03-15T06:42:16.014+0000][69][gc,marking  ] GC(471) Concurrent Mark From Roots 140.840ms
[2023-03-15T06:42:16.014+0000][69][gc,marking  ] GC(471) Concurrent Preclean
[2023-03-15T06:42:16.015+0000][69][gc,marking  ] GC(471) Concurrent Preclean 0.963ms
[2023-03-15T06:42:16.016+0000][69][gc,start    ] GC(471) Pause Remark
[2023-03-15T06:42:16.034+0000][69][gc          ] GC(471) Pause Remark 112M->112M(256M) 18.883ms
[2023-03-15T06:42:16.035+0000][69][gc,cpu      ] GC(471) User=0.05s Sys=0.00s Real=0.02s
[2023-03-15T06:42:16.036+0000][69][safepoint   ] Safepoint "G1PauseRemark", Time since last: 150054524 ns, Reaching safepoint: 59719 ns, At safepoint: 20438286 ns, Total: 20498005 ns
[2023-03-15T06:42:16.037+0000][69][gc,marking  ] GC(471) Concurrent Mark 165.389ms
[2023-03-15T06:42:16.037+0000][69][gc,marking  ] GC(471) Concurrent Rebuild Remembered Sets
[2023-03-15T06:42:16.098+0000][69][gc,marking  ] GC(471) Concurrent Rebuild Remembered Sets 60.840ms
[2023-03-15T06:42:16.099+0000][69][gc,start    ] GC(471) Pause Cleanup
[2023-03-15T06:42:16.100+0000][69][gc          ] GC(471) Pause Cleanup 112M->112M(256M) 0.717ms
[2023-03-15T06:42:16.100+0000][69][gc,cpu      ] GC(471) User=0.00s Sys=0.00s Real=0.00s
[2023-03-15T06:42:16.101+0000][69][safepoint   ] Safepoint "G1PauseCleanup", Time since last: 62786183 ns, Reaching safepoint: 80739 ns, At safepoint: 1849358 ns, Total: 1930097 ns
[2023-03-15T06:42:16.101+0000][69][gc,marking  ] GC(471) Concurrent Cleanup for Next Mark
[2023-03-15T06:42:16.102+0000][69][gc,marking  ] GC(471) Concurrent Cleanup for Next Mark 0.726ms
[2023-03-15T06:42:16.103+0000][69][gc          ] GC(471) Concurrent Mark Cycle 238.117ms
[2023-03-15T06:42:24.109+0000][69][safepoint   ] Safepoint "Cleanup", Time since last: 8007607112 ns, Reaching safepoint: 566122 ns, At safepoint: 16631 ns, Total: 582753 ns
[2023-03-15T06:42:28.120+0000][69][safepoint   ] Safepoint "Cleanup", Time since last: 4010355634 ns, Reaching safepoint: 477937 ns, At safepoint: 15667 ns, Total: 493604 ns
[2023-03-15T06:42:36.131+0000][69][safepoint   ] Safepoint "Cleanup", Time since last: 8010745893 ns, Reaching safepoint: 243331 ns, At safepoint: 13902 ns, Total: 257233 ns
[2023-03-15T06:42:46.830+0000][69][safepoint   ] Safepoint "Cleanup", Time since last: 10720913535 ns, Reaching safepoint: 258272 ns, At safepoint: 18225 ns, Total: 276497 ns
[2023-03-15T06:42:47.055+0000][69][gc,start    ] GC(472) Pause Young (Normal) (G1 Evacuation Pause)
[2023-03-15T06:42:47.056+0000][69][gc,task     ] GC(472) Using 4 workers of 4 for evacuation
[2023-03-15T06:42:47.057+0000][69][gc,age      ] GC(472) Desired survivor size 6291456 bytes, new threshold 15 (max threshold 15)
[2023-03-15T06:42:47.061+0000][69][gc,phases   ] GC(472)   Pre Evacuate Collection Set: 0.3ms
[2023-03-15T06:42:47.062+0000][69][gc,phases   ] GC(472)   Merge Heap Roots: 0.2ms
[2023-03-15T06:42:47.062+0000][69][gc,phases   ] GC(472)   Evacuate Collection Set: 2.0ms
[2023-03-15T06:42:47.063+0000][69][gc,phases   ] GC(472)   Post Evacuate Collection Set: 1.2ms
[2023-03-15T06:42:47.064+0000][69][gc,phases   ] GC(472)   Other: 1.6ms
[2023-03-15T06:42:47.064+0000][69][gc,age      ] GC(472) Age table with threshold 15 (max threshold 15)
[2023-03-15T06:42:47.065+0000][69][gc,age      ] GC(472) - age   1:     889032 bytes,     889032 total
[2023-03-15T06:42:47.065+0000][69][gc,age      ] GC(472) - age   2:      18568 bytes,     907600 total
[2023-03-15T06:42:47.065+0000][69][gc,age      ] GC(472) - age   3:       2432 bytes,     910032 total
[2023-03-15T06:42:47.066+0000][69][gc,age      ] GC(472) - age   4:      79888 bytes,     989920 total
[2023-03-15T06:42:47.066+0000][69][gc,age      ] GC(472) - age   5:        552 bytes,     990472 total
[2023-03-15T06:42:47.067+0000][69][gc,age      ] GC(472) - age   6:     567072 bytes,    1557544 total
[2023-03-15T06:42:47.067+0000][69][gc,heap     ] GC(472) Eden regions: 23->0(23)
[2023-03-15T06:42:47.068+0000][69][gc,heap     ] GC(472) Survivor regions: 1->1(3)
[2023-03-15T06:42:47.068+0000][69][gc,heap     ] GC(472) Old regions: 25->25
[2023-03-15T06:42:47.069+0000][69][gc,heap     ] GC(472) Archive regions: 2->2
[2023-03-15T06:42:47.069+0000][69][gc,heap     ] GC(472) Humongous regions: 2->2
[2023-03-15T06:42:47.069+0000][69][gc,metaspace] GC(472) Metaspace: 138963K(142208K)->138963K(142208K) NonClass: 121326K(122496K)->121326K(122496K) Class: 17636K(19712K)->17636K(19712K)
[2023-03-15T06:42:47.070+0000][69][gc          ] GC(472) Pause Young (Normal) (G1 Evacuation Pause) 201M->109M(256M) 15.016ms
[2023-03-15T06:42:47.071+0000][69][gc,cpu      ] GC(472) User=0.01s Sys=0.00s Real=0.01s
[2023-03-15T06:42:47.071+0000][69][safepoint   ] Safepoint "G1CollectForAllocation", Time since last: 224751104 ns, Reaching safepoint: 209164 ns, At safepoint: 16302397 ns, Total: 16511561 ns
[2023-03-15T06:42:53.081+0000][69][safepoint   ] Safepoint "Cleanup", Time since last: 6009020923 ns, Reaching safepoint: 248713 ns, At safepoint: 186256 ns, Total: 434969 ns
[2023-03-15T06:42:58.094+0000][69][safepoint   ] Safepoint "Cleanup", Time since last: 5013052754 ns, Reaching safepoint: 113912 ns, At safepoint: 6555 ns, Total: 120467 ns
[2023-03-15T06:43:12.106+0000][69][safepoint   ] Safepoint "Cleanup", Time since last: 14011805450 ns, Reaching safepoint: 120154 ns, At safepoint: 4895 ns, Total: 125049 ns
[2023-03-15T06:43:15.899+0000][69][gc,start    ] GC(473) Pause Young (Concurrent Start) (G1 Evacuation Pause)
[2023-03-15T06:43:15.900+0000][69][gc,task     ] GC(473) Using 4 workers of 4 for evacuation
[2023-03-15T06:43:15.900+0000][69][gc,age      ] GC(473) Desired survivor size 6291456 bytes, new threshold 15 (max threshold 15)
[2023-03-15T06:43:15.906+0000][69][gc,phases   ] GC(473)   Pre Evacuate Collection Set: 0.3ms
[2023-03-15T06:43:15.907+0000][69][gc,phases   ] GC(473)   Merge Heap Roots: 0.1ms
[2023-03-15T06:43:15.908+0000][69][gc,phases   ] GC(473)   Evacuate Collection Set: 3.4ms
[2023-03-15T06:43:15.909+0000][69][gc,phases   ] GC(473)   Post Evacuate Collection Set: 1.1ms
[2023-03-15T06:43:15.910+0000][69][gc,phases   ] GC(473)   Other: 1.0ms
[2023-03-15T06:43:15.911+0000][69][gc,age      ] GC(473) Age table with threshold 15 (max threshold 15)
[2023-03-15T06:43:15.912+0000][69][gc,age      ] GC(473) - age   1:    1055616 bytes,    1055616 total
[2023-03-15T06:43:15.913+0000][69][gc,age      ] GC(473) - age   2:       1584 bytes,    1057200 total
[2023-03-15T06:43:15.913+0000][69][gc,age      ] GC(473) - age   3:      14544 bytes,    1071744 total
[2023-03-15T06:43:15.914+0000][69][gc,age      ] GC(473) - age   4:       1624 bytes,    1073368 total
[2023-03-15T06:43:15.915+0000][69][gc,age      ] GC(473) - age   5:      79824 bytes,    1153192 total
[2023-03-15T06:43:15.916+0000][69][gc,age      ] GC(473) - age   6:        552 bytes,    1153744 total
[2023-03-15T06:43:15.916+0000][69][gc,age      ] GC(473) - age   7:     567008 bytes,    1720752 total
[2023-03-15T06:43:15.917+0000][69][gc,heap     ] GC(473) Eden regions: 23->0(23)
[2023-03-15T06:43:15.918+0000][69][gc,heap     ] GC(473) Survivor regions: 1->1(3)
[2023-03-15T06:43:15.919+0000][69][gc,heap     ] GC(473) Old regions: 25->25
[2023-03-15T06:43:15.919+0000][69][gc,heap     ] GC(473) Archive regions: 2->2
[2023-03-15T06:43:15.920+0000][69][gc,heap     ] GC(473) Humongous regions: 2->2
[2023-03-15T06:43:15.921+0000][69][gc,metaspace] GC(473) Metaspace: 138975K(142208K)->138975K(142208K) NonClass: 121338K(122496K)->121338K(122496K) Class: 17636K(19712K)->17636K(19712K)
[2023-03-15T06:43:15.921+0000][69][gc          ] GC(473) Pause Young (Concurrent Start) (G1 Evacuation Pause) 201M->110M(256M) 21.934ms
[2023-03-15T06:43:15.922+0000][69][gc,cpu      ] GC(473) User=0.01s Sys=0.01s Real=0.02s
[2023-03-15T06:43:15.922+0000][69][gc          ] GC(474) Concurrent Mark Cycle
[2023-03-15T06:43:15.923+0000][69][gc,marking  ] GC(474) Concurrent Clear Claimed Marks
[2023-03-15T06:43:15.923+0000][69][safepoint   ] Safepoint "G1CollectForAllocation", Time since last: 3821191392 ns, Reaching safepoint: 90902 ns, At safepoint: 23371816 ns, Total: 23462718 ns
[2023-03-15T06:43:15.924+0000][69][gc,marking  ] GC(474) Concurrent Clear Claimed Marks 0.643ms
[2023-03-15T06:43:15.925+0000][69][gc,marking  ] GC(474) Concurrent Scan Root Regions
[2023-03-15T06:43:15.929+0000][69][gc,marking  ] GC(474) Concurrent Scan Root Regions 3.483ms
[2023-03-15T06:43:15.929+0000][69][gc,marking  ] GC(474) Concurrent Mark
[2023-03-15T06:43:15.930+0000][69][gc,marking  ] GC(474) Concurrent Mark From Roots
[2023-03-15T06:43:15.936+0000][69][gc,task     ] GC(474) Using 1 workers of 1 for marking
[2023-03-15T06:43:16.066+0000][69][gc,marking  ] GC(474) Concurrent Mark From Roots 135.970ms
[2023-03-15T06:43:16.067+0000][69][gc,marking  ] GC(474) Concurrent Preclean
[2023-03-15T06:43:16.068+0000][69][gc,marking  ] GC(474) Concurrent Preclean 1.144ms
[2023-03-15T06:43:16.069+0000][69][gc,start    ] GC(474) Pause Remark
[2023-03-15T06:43:16.079+0000][69][gc          ] GC(474) Pause Remark 111M->111M(256M) 10.040ms
[2023-03-15T06:43:16.080+0000][69][gc,cpu      ] GC(474) User=0.04s Sys=0.00s Real=0.01s
[2023-03-15T06:43:16.081+0000][69][safepoint   ] Safepoint "G1PauseRemark", Time since last: 146406250 ns, Reaching safepoint: 107354 ns, At safepoint: 11561766 ns, Total: 11669120 ns
[2023-03-15T06:43:16.082+0000][69][gc,marking  ] GC(474) Concurrent Mark 152.276ms
[2023-03-15T06:43:16.082+0000][69][gc,marking  ] GC(474) Concurrent Rebuild Remembered Sets
[2023-03-15T06:43:16.141+0000][69][gc,marking  ] GC(474) Concurrent Rebuild Remembered Sets 58.566ms
[2023-03-15T06:43:16.142+0000][69][gc,start    ] GC(474) Pause Cleanup
[2023-03-15T06:43:16.143+0000][69][gc          ] GC(474) Pause Cleanup 114M->114M(256M) 0.857ms
[2023-03-15T06:43:16.143+0000][69][gc,cpu      ] GC(474) User=0.00s Sys=0.00s Real=0.00s
[2023-03-15T06:43:16.144+0000][69][safepoint   ] Safepoint "G1PauseCleanup", Time since last: 61004717 ns, Reaching safepoint: 94331 ns, At safepoint: 1662670 ns, Total: 1757001 ns
[2023-03-15T06:43:16.145+0000][69][gc,marking  ] GC(474) Concurrent Cleanup for Next Mark
[2023-03-15T06:43:16.148+0000][69][gc,marking  ] GC(474) Concurrent Cleanup for Next Mark 2.855ms
[2023-03-15T06:43:16.148+0000][69][gc          ] GC(474) Concurrent Mark Cycle 226.146ms
[2023-03-15T06:43:22.151+0000][69][safepoint   ] Safepoint "Cleanup", Time since last: 6006799085 ns, Reaching safepoint: 270906 ns, At safepoint: 5274 ns, Total: 276180 ns
[2023-03-15T06:43:40.174+0000][69][safepoint   ] Safepoint "Cleanup", Time since last: 18022028292 ns, Reaching safepoint: 973219 ns, At safepoint: 177940 ns, Total: 1151159 ns
[2023-03-15T06:43:41.180+0000][69][safepoint   ] Safepoint "Cleanup", Time since last: 1004962515 ns, Reaching safepoint: 783867 ns, At safepoint: 17158 ns, Total: 801025 ns
[2023-03-15T06:43:46.164+0000][69][safepoint   ] Safepoint "Cleanup", Time since last: 5010397430 ns, Reaching safepoint: 836031 ns, At safepoint: 37945 ns, Total: 873976 ns
[2023-03-15T06:43:46.766+0000][69][gc,start    ] GC(475) Pause Young (Normal) (G1 Evacuation Pause)
[2023-03-15T06:43:46.768+0000][69][gc,task     ] GC(475) Using 4 workers of 4 for evacuation
[2023-03-15T06:43:46.769+0000][69][gc,age      ] GC(475) Desired survivor size 6291456 bytes, new threshold 15 (max threshold 15)
[2023-03-15T06:43:46.773+0000][69][gc,phases   ] GC(475)   Pre Evacuate Collection Set: 0.1ms
[2023-03-15T06:43:46.774+0000][69][gc,phases   ] GC(475)   Merge Heap Roots: 0.1ms
[2023-03-15T06:43:46.774+0000][69][gc,phases   ] GC(475)   Evacuate Collection Set: 2.4ms
[2023-03-15T06:43:46.775+0000][69][gc,phases   ] GC(475)   Post Evacuate Collection Set: 0.9ms
[2023-03-15T06:43:46.776+0000][69][gc,phases   ] GC(475)   Other: 1.7ms
[2023-03-15T06:43:46.777+0000][69][gc,age      ] GC(475) Age table with threshold 15 (max threshold 15)
[2023-03-15T06:43:46.778+0000][69][gc,age      ] GC(475) - age   1:    1220904 bytes,    1220904 total
[2023-03-15T06:43:46.778+0000][69][gc,age      ] GC(475) - age   2:       9352 bytes,    1230256 total
[2023-03-15T06:43:46.779+0000][69][gc,age      ] GC(475) - age   3:        808 bytes,    1231064 total
[2023-03-15T06:43:46.780+0000][69][gc,age      ] GC(475) - age   4:      14416 bytes,    1245480 total
[2023-03-15T06:43:46.780+0000][69][gc,age      ] GC(475) - age   5:       1264 bytes,    1246744 total
[2023-03-15T06:43:46.781+0000][69][gc,age      ] GC(475) - age   6:      79760 bytes,    1326504 total
[2023-03-15T06:43:46.782+0000][69][gc,age      ] GC(475) - age   7:        552 bytes,    1327056 total
[2023-03-15T06:43:46.782+0000][69][gc,age      ] GC(475) - age   8:     567008 bytes,    1894064 total
[2023-03-15T06:43:46.783+0000][69][gc,heap     ] GC(475) Eden regions: 23->0(23)
[2023-03-15T06:43:46.783+0000][69][gc,heap     ] GC(475) Survivor regions: 1->1(3)
[2023-03-15T06:43:46.784+0000][69][gc,heap     ] GC(475) Old regions: 25->25
[2023-03-15T06:43:46.784+0000][69][gc,heap     ] GC(475) Archive regions: 2->2
[2023-03-15T06:43:46.785+0000][69][gc,heap     ] GC(475) Humongous regions: 2->2
[2023-03-15T06:43:46.785+0000][69][gc,metaspace] GC(475) Metaspace: 138976K(142208K)->138976K(142208K) NonClass: 121339K(122496K)->121339K(122496K) Class: 17636K(19712K)->17636K(19712K)
[2023-03-15T06:43:46.786+0000][69][gc          ] GC(475) Pause Young (Normal) (G1 Evacuation Pause) 202M->110M(256M) 19.939ms
[2023-03-15T06:43:46.787+0000][69][gc,cpu      ] GC(475) User=0.01s Sys=0.00s Real=0.02s
[2023-03-15T06:43:46.787+0000][69][safepoint   ] Safepoint "G1CollectForAllocation", Time since last: 601530383 ns, Reaching safepoint: 87649 ns, At safepoint: 21075929 ns, Total: 21163578 ns
[2023-03-15T06:43:52.792+0000][69][safepoint   ] Safepoint "Cleanup", Time since last: 6004803226 ns, Reaching safepoint: 409620 ns, At safepoint: 8135 ns, Total: 417755 ns
[2023-03-15T06:43:54.796+0000][69][safepoint   ] Safepoint "Cleanup", Time since last: 2003036275 ns, Reaching safepoint: 174179 ns, At safepoint: 6147 ns, Total: 180326 ns
[2023-03-15T06:43:58.802+0000][69][safepoint   ] Safepoint "Cleanup", Time since last: 4006129547 ns, Reaching safepoint: 334357 ns, At safepoint: 13004 ns, Total: 347361 ns
[2023-03-15T06:44:01.807+0000][69][safepoint   ] Safepoint "Cleanup", Time since last: 3004447376 ns, Reaching safepoint: 536739 ns, At safepoint: 12619 ns, Total: 549358 ns
[2023-03-15T06:44:05.813+0000][69][safepoint   ] Safepoint "Cleanup", Time since last: 4005820380 ns, Reaching safepoint: 143158 ns, At safepoint: 9945 ns, Total: 153103 ns
[2023-03-15T06:44:07.816+0000][69][safepoint   ] Safepoint "Cleanup", Time since last: 2002727279 ns, Reaching safepoint: 160613 ns, At safepoint: 9696 ns, Total: 170309 ns
[2023-03-15T06:44:09.818+0000][69][safepoint   ] Safepoint "Cleanup", Time since last: 2001569545 ns, Reaching safepoint: 140545 ns, At safepoint: 7254 ns, Total: 147799 ns
[2023-03-15T06:44:11.821+0000][69][safepoint   ] Safepoint "Cleanup", Time since last: 2003422978 ns, Reaching safepoint: 250439 ns, At safepoint: 13030 ns, Total: 263469 ns
[2023-03-15T06:44:12.823+0000][69][gc,start    ] GC(476) Pause Young (Concurrent Start) (G1 Evacuation Pause)
[2023-03-15T06:44:12.824+0000][69][gc,task     ] GC(476) Using 4 workers of 4 for evacuation
[2023-03-15T06:44:12.825+0000][69][gc,age      ] GC(476) Desired survivor size 6291456 bytes, new threshold 15 (max threshold 15)
[2023-03-15T06:44:12.831+0000][69][gc,phases   ] GC(476)   Pre Evacuate Collection Set: 0.3ms
[2023-03-15T06:44:12.831+0000][69][gc,phases   ] GC(476)   Merge Heap Roots: 0.0ms
[2023-03-15T06:44:12.832+0000][69][gc,phases   ] GC(476)   Evacuate Collection Set: 3.4ms
[2023-03-15T06:44:12.832+0000][69][gc,phases   ] GC(476)   Post Evacuate Collection Set: 1.0ms
[2023-03-15T06:44:12.833+0000][69][gc,phases   ] GC(476)   Other: 1.9ms
[2023-03-15T06:44:12.833+0000][69][gc,age      ] GC(476) Age table with threshold 15 (max threshold 15)
[2023-03-15T06:44:12.834+0000][69][gc,age      ] GC(476) - age   1:    1417352 bytes,    1417352 total
[2023-03-15T06:44:12.834+0000][69][gc,age      ] GC(476) - age   2:       1752 bytes,    1419104 total
[2023-03-15T06:44:12.835+0000][69][gc,age      ] GC(476) - age   3:       3600 bytes,    1422704 total
[2023-03-15T06:44:12.835+0000][69][gc,age      ] GC(476) - age   4:        488 bytes,    1423192 total
[2023-03-15T06:44:12.836+0000][69][gc,age      ] GC(476) - age   5:      14240 bytes,    1437432 total
[2023-03-15T06:44:12.836+0000][69][gc,age      ] GC(476) - age   6:       1264 bytes,    1438696 total
[2023-03-15T06:44:12.837+0000][69][gc,age      ] GC(476) - age   7:      79760 bytes,    1518456 total
[2023-03-15T06:44:12.837+0000][69][gc,age      ] GC(476) - age   8:        552 bytes,    1519008 total
[2023-03-15T06:44:12.838+0000][69][gc,age      ] GC(476) - age   9:     567008 bytes,    2086016 total
[2023-03-15T06:44:12.838+0000][69][gc,heap     ] GC(476) Eden regions: 23->0(23)
[2023-03-15T06:44:12.839+0000][69][gc,heap     ] GC(476) Survivor regions: 1->1(3)
[2023-03-15T06:44:12.839+0000][69][gc,heap     ] GC(476) Old regions: 25->25
[2023-03-15T06:44:12.839+0000][69][gc,heap     ] GC(476) Archive regions: 2->2
[2023-03-15T06:44:12.840+0000][69][gc,heap     ] GC(476) Humongous regions: 2->2
[2023-03-15T06:44:12.840+0000][69][gc,metaspace] GC(476) Metaspace: 138977K(142208K)->138977K(142208K) NonClass: 121340K(122496K)->121340K(122496K) Class: 17636K(19712K)->17636K(19712K)
[2023-03-15T06:44:12.841+0000][69][gc          ] GC(476) Pause Young (Concurrent Start) (G1 Evacuation Pause) 202M->110M(256M) 17.341ms
[2023-03-15T06:44:12.841+0000][69][gc,cpu      ] GC(476) User=0.01s Sys=0.00s Real=0.02s
[2023-03-15T06:44:12.841+0000][69][gc          ] GC(477) Concurrent Mark Cycle
[2023-03-15T06:44:12.842+0000][69][gc,marking  ] GC(477) Concurrent Clear Claimed Marks
[2023-03-15T06:44:12.842+0000][69][safepoint   ] Safepoint "G1CollectForAllocation", Time since last: 1022741480 ns, Reaching safepoint: 65027 ns, At safepoint: 18554929 ns, Total: 18619956 ns
[2023-03-15T06:44:12.843+0000][69][gc,marking  ] GC(477) Concurrent Clear Claimed Marks 0.724ms
[2023-03-15T06:44:12.844+0000][69][gc,marking  ] GC(477) Concurrent Scan Root Regions
[2023-03-15T06:44:12.847+0000][69][gc,marking  ] GC(477) Concurrent Scan Root Regions 2.891ms
[2023-03-15T06:44:12.847+0000][69][gc,marking  ] GC(477) Concurrent Mark
[2023-03-15T06:44:12.848+0000][69][gc,marking  ] GC(477) Concurrent Mark From Roots
[2023-03-15T06:44:12.848+0000][69][gc,task     ] GC(477) Using 1 workers of 1 for marking
[2023-03-15T06:44:12.965+0000][69][gc,marking  ] GC(477) Concurrent Mark From Roots 117.011ms
[2023-03-15T06:44:12.966+0000][69][gc,marking  ] GC(477) Concurrent Preclean
[2023-03-15T06:44:12.967+0000][69][gc,marking  ] GC(477) Concurrent Preclean 0.869ms
[2023-03-15T06:44:12.968+0000][69][gc,start    ] GC(477) Pause Remark
[2023-03-15T06:44:12.986+0000][69][gc          ] GC(477) Pause Remark 115M->115M(256M) 18.192ms
[2023-03-15T06:44:12.987+0000][69][gc,cpu      ] GC(477) User=0.03s Sys=0.00s Real=0.01s
[2023-03-15T06:44:12.988+0000][69][safepoint   ] Safepoint "G1PauseRemark", Time since last: 125778986 ns, Reaching safepoint: 162538 ns, At safepoint: 19746032 ns, Total: 19908570 ns
[2023-03-15T06:44:12.988+0000][69][gc,marking  ] GC(477) Concurrent Mark 140.832ms
[2023-03-15T06:44:12.990+0000][69][gc,marking  ] GC(477) Concurrent Rebuild Remembered Sets
[2023-03-15T06:44:13.043+0000][69][gc,marking  ] GC(477) Concurrent Rebuild Remembered Sets 52.929ms
[2023-03-15T06:44:13.044+0000][69][gc,start    ] GC(477) Pause Cleanup
[2023-03-15T06:44:13.044+0000][69][gc          ] GC(477) Pause Cleanup 115M->115M(256M) 0.731ms
[2023-03-15T06:44:13.045+0000][69][gc,cpu      ] GC(477) User=0.00s Sys=0.00s Real=0.00s
[2023-03-15T06:44:13.046+0000][69][safepoint   ] Safepoint "G1PauseCleanup", Time since last: 56150737 ns, Reaching safepoint: 58909 ns, At safepoint: 1927454 ns, Total: 1986363 ns
[2023-03-15T06:44:13.046+0000][69][gc,marking  ] GC(477) Concurrent Cleanup for Next Mark
[2023-03-15T06:44:13.047+0000][69][gc,marking  ] GC(477) Concurrent Cleanup for Next Mark 1.010ms
[2023-03-15T06:44:13.048+0000][69][gc          ] GC(477) Concurrent Mark Cycle 206.624ms
[2023-03-15T06:44:19.052+0000][69][safepoint   ] Safepoint "Cleanup", Time since last: 6006093997 ns, Reaching safepoint: 242936 ns, At safepoint: 11122 ns, Total: 254058 ns
[2023-03-15T06:44:40.948+0000][69][gc,start    ] GC(478) Pause Young (Normal) (G1 Evacuation Pause)
[2023-03-15T06:44:40.948+0000][69][gc,task     ] GC(478) Using 4 workers of 4 for evacuation
[2023-03-15T06:44:40.949+0000][69][gc,age      ] GC(478) Desired survivor size 6291456 bytes, new threshold 15 (max threshold 15)
[2023-03-15T06:44:40.953+0000][69][gc,phases   ] GC(478)   Pre Evacuate Collection Set: 0.2ms
[2023-03-15T06:44:40.954+0000][69][gc,phases   ] GC(478)   Merge Heap Roots: 0.3ms
[2023-03-15T06:44:40.954+0000][69][gc,phases   ] GC(478)   Evacuate Collection Set: 2.7ms
[2023-03-15T06:44:40.955+0000][69][gc,phases   ] GC(478)   Post Evacuate Collection Set: 0.7ms
[2023-03-15T06:44:40.956+0000][69][gc,phases   ] GC(478)   Other: 1.1ms
[2023-03-15T06:44:40.956+0000][69][gc,age      ] GC(478) Age table with threshold 15 (max threshold 15)
[2023-03-15T06:44:40.957+0000][69][gc,age      ] GC(478) - age   1:    1782968 bytes,    1782968 total
[2023-03-15T06:44:40.957+0000][69][gc,age      ] GC(478) - age   2:       8256 bytes,    1791224 total
[2023-03-15T06:44:40.958+0000][69][gc,age      ] GC(478) - age   3:        872 bytes,    1792096 total
[2023-03-15T06:44:40.959+0000][69][gc,age      ] GC(478) - age   4:       3448 bytes,    1795544 total
[2023-03-15T06:44:40.960+0000][69][gc,age      ] GC(478) - age   5:        424 bytes,    1795968 total
[2023-03-15T06:44:40.961+0000][69][gc,age      ] GC(478) - age   6:      14240 bytes,    1810208 total
[2023-03-15T06:44:40.962+0000][69][gc,age      ] GC(478) - age   7:       1264 bytes,    1811472 total
[2023-03-15T06:44:40.962+0000][69][gc,age      ] GC(478) - age   8:      79760 bytes,    1891232 total
[2023-03-15T06:44:40.963+0000][69][gc,age      ] GC(478) - age   9:        552 bytes,    1891784 total
[2023-03-15T06:44:40.963+0000][69][gc,age      ] GC(478) - age  10:     567008 bytes,    2458792 total
[2023-03-15T06:44:40.964+0000][69][gc,heap     ] GC(478) Eden regions: 23->0(22)
[2023-03-15T06:44:40.964+0000][69][gc,heap     ] GC(478) Survivor regions: 1->1(3)
[2023-03-15T06:44:40.964+0000][69][gc,heap     ] GC(478) Old regions: 25->25
[2023-03-15T06:44:40.965+0000][69][gc,heap     ] GC(478) Archive regions: 2->2
[2023-03-15T06:44:40.965+0000][69][gc,heap     ] GC(478) Humongous regions: 2->2
[2023-03-15T06:44:40.966+0000][69][gc,metaspace] GC(478) Metaspace: 138977K(142208K)->138977K(142208K) NonClass: 121340K(122496K)->121340K(122496K) Class: 17636K(19712K)->17636K(19712K)
[2023-03-15T06:44:40.966+0000][69][gc          ] GC(478) Pause Young (Normal) (G1 Evacuation Pause) 202M->110M(256M) 18.834ms
[2023-03-15T06:44:40.967+0000][69][gc,cpu      ] GC(478) User=0.01s Sys=0.01s Real=0.01s
[2023-03-15T06:44:40.968+0000][69][safepoint   ] Safepoint "G1CollectForAllocation", Time since last: 21895387083 ns, Reaching safepoint: 189243 ns, At safepoint: 19978715 ns, Total: 20167958 ns
[2023-03-15T06:44:52.959+0000][69][safepoint   ] Safepoint "Cleanup", Time since last: 12013559537 ns, Reaching safepoint: 786930 ns, At safepoint: 20166 ns, Total: 807096 ns
[2023-03-15T06:44:57.970+0000][69][safepoint   ] Safepoint "Cleanup", Time since last: 5011722858 ns, Reaching safepoint: 75640 ns, At safepoint: 5142 ns, Total: 80782 ns
[2023-03-15T06:44:58.972+0000][69][safepoint   ] Safepoint "Cleanup", Time since last: 1001370996 ns, Reaching safepoint: 341844 ns, At safepoint: 12605 ns, Total: 354449 ns
[2023-03-15T06:45:01.979+0000][69][safepoint   ] Safepoint "Cleanup", Time since last: 3006361019 ns, Reaching safepoint: 354591 ns, At safepoint: 10820 ns, Total: 365411 ns
[2023-03-15T06:45:03.983+0000][69][safepoint   ] Safepoint "Cleanup", Time since last: 2003770683 ns, Reaching safepoint: 168424 ns, At safepoint: 16821 ns, Total: 185245 ns
[2023-03-15T06:45:05.369+0000][69][gc,start    ] GC(479) Pause Young (Concurrent Start) (G1 Evacuation Pause)
[2023-03-15T06:45:05.369+0000][69][gc,task     ] GC(479) Using 4 workers of 4 for evacuation
[2023-03-15T06:45:05.370+0000][69][gc,age      ] GC(479) Desired survivor size 6291456 bytes, new threshold 15 (max threshold 15)
[2023-03-15T06:45:05.374+0000][69][gc,phases   ] GC(479)   Pre Evacuate Collection Set: 0.4ms
[2023-03-15T06:45:05.375+0000][69][gc,phases   ] GC(479)   Merge Heap Roots: 0.1ms
[2023-03-15T06:45:05.375+0000][69][gc,phases   ] GC(479)   Evacuate Collection Set: 1.8ms
[2023-03-15T06:45:05.376+0000][69][gc,phases   ] GC(479)   Post Evacuate Collection Set: 0.6ms
[2023-03-15T06:45:05.376+0000][69][gc,phases   ] GC(479)   Other: 1.6ms
[2023-03-15T06:45:05.377+0000][69][gc,age      ] GC(479) Age table with threshold 15 (max threshold 15)
[2023-03-15T06:45:05.377+0000][69][gc,age      ] GC(479) - age   1:    1760640 bytes,    1760640 total
[2023-03-15T06:45:05.378+0000][69][gc,age      ] GC(479) - age   2:       2520 bytes,    1763160 total
[2023-03-15T06:45:05.379+0000][69][gc,age      ] GC(479) - age   3:       6376 bytes,    1769536 total
[2023-03-15T06:45:05.379+0000][69][gc,age      ] GC(479) - age   4:        552 bytes,    1770088 total
[2023-03-15T06:45:05.380+0000][69][gc,age      ] GC(479) - age   5:       3384 bytes,    1773472 total
[2023-03-15T06:45:05.380+0000][69][gc,age      ] GC(479) - age   7:      12944 bytes,    1786416 total
[2023-03-15T06:45:05.381+0000][69][gc,age      ] GC(479) - age   8:       1264 bytes,    1787680 total
[2023-03-15T06:45:05.381+0000][69][gc,age      ] GC(479) - age   9:      79760 bytes,    1867440 total
[2023-03-15T06:45:05.382+0000][69][gc,age      ] GC(479) - age  10:        520 bytes,    1867960 total
[2023-03-15T06:45:05.383+0000][69][gc,age      ] GC(479) - age  11:      70104 bytes,    1938064 total
[2023-03-15T06:45:05.384+0000][69][gc,heap     ] GC(479) Eden regions: 22->0(22)
[2023-03-15T06:45:05.384+0000][69][gc,heap     ] GC(479) Survivor regions: 1->1(3)
[2023-03-15T06:45:05.385+0000][69][gc,heap     ] GC(479) Old regions: 25->25
[2023-03-15T06:45:05.385+0000][69][gc,heap     ] GC(479) Archive regions: 2->2
[2023-03-15T06:45:05.386+0000][69][gc,heap     ] GC(479) Humongous regions: 2->2
[2023-03-15T06:45:05.386+0000][69][gc,metaspace] GC(479) Metaspace: 138978K(142208K)->138978K(142208K) NonClass: 121341K(122496K)->121341K(122496K) Class: 17636K(19712K)->17636K(19712K)
[2023-03-15T06:45:05.387+0000][69][gc          ] GC(479) Pause Young (Concurrent Start) (G1 Evacuation Pause) 198M->110M(256M) 18.022ms
[2023-03-15T06:45:05.387+0000][69][gc          ] GC(480) Concurrent Mark Cycle
[2023-03-15T06:45:05.388+0000][69][gc,marking  ] GC(480) Concurrent Clear Claimed Marks
[2023-03-15T06:45:05.387+0000][69][gc,cpu      ] GC(479) User=0.01s Sys=0.00s Real=0.02s
[2023-03-15T06:45:05.389+0000][69][gc,marking  ] GC(480) Concurrent Clear Claimed Marks 0.990ms
[2023-03-15T06:45:05.390+0000][69][safepoint   ] Safepoint "G1CollectForAllocation", Time since last: 1385736400 ns, Reaching safepoint: 113513 ns, At safepoint: 20969755 ns, Total: 21083268 ns
[2023-03-15T06:45:05.390+0000][69][gc,marking  ] GC(480) Concurrent Scan Root Regions
[2023-03-15T06:45:05.393+0000][69][gc,marking  ] GC(480) Concurrent Scan Root Regions 3.006ms
[2023-03-15T06:45:05.394+0000][69][gc,marking  ] GC(480) Concurrent Mark
[2023-03-15T06:45:05.395+0000][69][gc,marking  ] GC(480) Concurrent Mark From Roots
[2023-03-15T06:45:05.395+0000][69][gc,task     ] GC(480) Using 1 workers of 1 for marking
[2023-03-15T06:45:05.509+0000][69][gc,marking  ] GC(480) Concurrent Mark From Roots 114.148ms
[2023-03-15T06:45:05.510+0000][69][gc,marking  ] GC(480) Concurrent Preclean
[2023-03-15T06:45:05.511+0000][69][gc,marking  ] GC(480) Concurrent Preclean 0.954ms
[2023-03-15T06:45:05.511+0000][69][gc,start    ] GC(480) Pause Remark
[2023-03-15T06:45:05.523+0000][69][gc          ] GC(480) Pause Remark 111M->111M(256M) 11.685ms
[2023-03-15T06:45:05.524+0000][69][gc,cpu      ] GC(480) User=0.03s Sys=0.00s Real=0.01s
[2023-03-15T06:45:05.524+0000][69][safepoint   ] Safepoint "G1PauseRemark", Time since last: 121598994 ns, Reaching safepoint: 99719 ns, At safepoint: 13037659 ns, Total: 13137378 ns
[2023-03-15T06:45:05.525+0000][69][gc,marking  ] GC(480) Concurrent Mark 130.792ms
[2023-03-15T06:45:05.525+0000][69][gc,marking  ] GC(480) Concurrent Rebuild Remembered Sets
[2023-03-15T06:45:05.580+0000][69][gc,marking  ] GC(480) Concurrent Rebuild Remembered Sets 54.620ms
[2023-03-15T06:45:05.582+0000][69][gc,start    ] GC(480) Pause Cleanup
[2023-03-15T06:45:05.582+0000][69][gc          ] GC(480) Pause Cleanup 111M->111M(256M) 0.896ms
[2023-03-15T06:45:05.583+0000][69][gc,cpu      ] GC(480) User=0.00s Sys=0.00s Real=0.00s
[2023-03-15T06:45:05.584+0000][69][safepoint   ] Safepoint "G1PauseCleanup", Time since last: 56903565 ns, Reaching safepoint: 190031 ns, At safepoint: 1994295 ns, Total: 2184326 ns
[2023-03-15T06:45:05.584+0000][69][gc,marking  ] GC(480) Concurrent Cleanup for Next Mark
[2023-03-15T06:45:05.585+0000][69][gc,marking  ] GC(480) Concurrent Cleanup for Next Mark 0.825ms
[2023-03-15T06:45:05.585+0000][69][gc          ] GC(480) Concurrent Mark Cycle 197.932ms
[2023-03-15T06:45:10.589+0000][69][safepoint   ] Safepoint "Cleanup", Time since last: 5005468509 ns, Reaching safepoint: 81152 ns, At safepoint: 25138 ns, Total: 106290 ns
[2023-03-15T06:45:11.590+0000][69][safepoint   ] Safepoint "Cleanup", Time since last: 1000737377 ns, Reaching safepoint: 119086 ns, At safepoint: 3222 ns, Total: 122308 ns
[2023-03-15T06:45:12.591+0000][69][safepoint   ] Safepoint "Cleanup", Time since last: 1001101295 ns, Reaching safepoint: 313751 ns, At safepoint: 10784 ns, Total: 324535 ns
[2023-03-15T06:45:14.572+0000][69][safepoint   ] Safepoint "Cleanup", Time since last: 2002528532 ns, Reaching safepoint: 321136 ns, At safepoint: 7719 ns, Total: 328855 ns
[2023-03-15T06:45:33.845+0000][69][gc,start    ] GC(481) Pause Young (Normal) (G1 Evacuation Pause)
[2023-03-15T06:45:33.845+0000][69][gc,task     ] GC(481) Using 4 workers of 4 for evacuation
[2023-03-15T06:45:33.846+0000][69][gc,age      ] GC(481) Desired survivor size 6291456 bytes, new threshold 15 (max threshold 15)
[2023-03-15T06:45:33.851+0000][69][gc,phases   ] GC(481)   Pre Evacuate Collection Set: 0.2ms
[2023-03-15T06:45:33.852+0000][69][gc,phases   ] GC(481)   Merge Heap Roots: 0.2ms
[2023-03-15T06:45:33.852+0000][69][gc,phases   ] GC(481)   Evacuate Collection Set: 2.3ms
[2023-03-15T06:45:33.853+0000][69][gc,phases   ] GC(481)   Post Evacuate Collection Set: 0.9ms
[2023-03-15T06:45:33.853+0000][69][gc,phases   ] GC(481)   Other: 1.6ms
[2023-03-15T06:45:33.854+0000][69][gc,age      ] GC(481) Age table with threshold 15 (max threshold 15)
[2023-03-15T06:45:33.855+0000][69][gc,age      ] GC(481) - age   1:     618248 bytes,     618248 total
[2023-03-15T06:45:33.856+0000][69][gc,age      ] GC(481) - age   2:     199064 bytes,     817312 total
[2023-03-15T06:45:33.857+0000][69][gc,age      ] GC(481) - age   3:        696 bytes,     818008 total
[2023-03-15T06:45:33.858+0000][69][gc,age      ] GC(481) - age   4:       2272 bytes,     820280 total
[2023-03-15T06:45:33.858+0000][69][gc,age      ] GC(481) - age   5:        424 bytes,     820704 total
[2023-03-15T06:45:33.859+0000][69][gc,age      ] GC(481) - age   6:       3296 bytes,     824000 total
[2023-03-15T06:45:33.860+0000][69][gc,age      ] GC(481) - age   8:      12944 bytes,     836944 total
[2023-03-15T06:45:33.861+0000][69][gc,age      ] GC(481) - age   9:       1264 bytes,     838208 total
[2023-03-15T06:45:33.861+0000][69][gc,age      ] GC(481) - age  10:      79760 bytes,     917968 total
[2023-03-15T06:45:33.862+0000][69][gc,age      ] GC(481) - age  11:        520 bytes,     918488 total
[2023-03-15T06:45:33.863+0000][69][gc,age      ] GC(481) - age  12:      61008 bytes,     979496 total
[2023-03-15T06:45:33.863+0000][69][gc,heap     ] GC(481) Eden regions: 22->0(23)
[2023-03-15T06:45:33.864+0000][69][gc,heap     ] GC(481) Survivor regions: 1->1(3)
[2023-03-15T06:45:33.864+0000][69][gc,heap     ] GC(481) Old regions: 25->25
[2023-03-15T06:45:33.865+0000][69][gc,heap     ] GC(481) Archive regions: 2->2
[2023-03-15T06:45:33.866+0000][69][gc,heap     ] GC(481) Humongous regions: 2->2
[2023-03-15T06:45:33.866+0000][69][gc,metaspace] GC(481) Metaspace: 138980K(142208K)->138980K(142208K) NonClass: 121343K(122496K)->121343K(122496K) Class: 17637K(19712K)->17637K(19712K)
[2023-03-15T06:45:33.867+0000][69][gc          ] GC(481) Pause Young (Normal) (G1 Evacuation Pause) 198M->109M(256M) 22.232ms
[2023-03-15T06:45:33.868+0000][69][gc,cpu      ] GC(481) User=0.01s Sys=0.00s Real=0.02s
[2023-03-15T06:45:33.868+0000][69][safepoint   ] Safepoint "G1CollectForAllocation", Time since last: 19272216858 ns, Reaching safepoint: 82970 ns, At safepoint: 23483925 ns, Total: 23566895 ns
[2023-03-15T06:46:01.873+0000][69][safepoint   ] Safepoint "Cleanup", Time since last: 28026542104 ns, Reaching safepoint: 184706 ns, At safepoint: 69315 ns, Total: 254021 ns
[2023-03-15T06:46:04.489+0000][69][gc,start    ] GC(482) Pause Young (Concurrent Start) (G1 Evacuation Pause)
[2023-03-15T06:46:04.491+0000][69][gc,task     ] GC(482) Using 4 workers of 4 for evacuation
[2023-03-15T06:46:04.492+0000][69][gc,age      ] GC(482) Desired survivor size 6291456 bytes, new threshold 15 (max threshold 15)
[2023-03-15T06:46:04.500+0000][69][gc,phases   ] GC(482)   Pre Evacuate Collection Set: 0.5ms
[2023-03-15T06:46:04.502+0000][69][gc,phases   ] GC(482)   Merge Heap Roots: 0.2ms
[2023-03-15T06:46:04.503+0000][69][gc,phases   ] GC(482)   Evacuate Collection Set: 4.5ms
[2023-03-15T06:46:04.504+0000][69][gc,phases   ] GC(482)   Post Evacuate Collection Set: 1.3ms
[2023-03-15T06:46:04.506+0000][69][gc,phases   ] GC(482)   Other: 3.4ms
[2023-03-15T06:46:04.507+0000][69][gc,age      ] GC(482) Age table with threshold 15 (max threshold 15)
[2023-03-15T06:46:04.508+0000][69][gc,age      ] GC(482) - age   1:     811296 bytes,     811296 total
[2023-03-15T06:46:04.509+0000][69][gc,age      ] GC(482) - age   2:      78472 bytes,     889768 total
[2023-03-15T06:46:04.510+0000][69][gc,age      ] GC(482) - age   3:     185272 bytes,    1075040 total
[2023-03-15T06:46:04.510+0000][69][gc,age      ] GC(482) - age   4:        440 bytes,    1075480 total
[2023-03-15T06:46:04.511+0000][69][gc,age      ] GC(482) - age   5:       2032 bytes,    1077512 total
[2023-03-15T06:46:04.512+0000][69][gc,age      ] GC(482) - age   6:        360 bytes,    1077872 total
[2023-03-15T06:46:04.512+0000][69][gc,age      ] GC(482) - age   7:       3296 bytes,    1081168 total
[2023-03-15T06:46:04.513+0000][69][gc,age      ] GC(482) - age   9:      12944 bytes,    1094112 total
[2023-03-15T06:46:04.513+0000][69][gc,age      ] GC(482) - age  10:       1264 bytes,    1095376 total
[2023-03-15T06:46:04.514+0000][69][gc,age      ] GC(482) - age  11:      79760 bytes,    1175136 total
[2023-03-15T06:46:04.515+0000][69][gc,age      ] GC(482) - age  12:        520 bytes,    1175656 total
[2023-03-15T06:46:04.515+0000][69][gc,age      ] GC(482) - age  13:      61008 bytes,    1236664 total
[2023-03-15T06:46:04.516+0000][69][gc,heap     ] GC(482) Eden regions: 23->0(23)
[2023-03-15T06:46:04.516+0000][69][gc,heap     ] GC(482) Survivor regions: 1->1(3)
[2023-03-15T06:46:04.517+0000][69][gc,heap     ] GC(482) Old regions: 25->25
[2023-03-15T06:46:04.518+0000][69][gc,heap     ] GC(482) Archive regions: 2->2
[2023-03-15T06:46:04.519+0000][69][gc,heap     ] GC(482) Humongous regions: 2->2
[2023-03-15T06:46:04.519+0000][69][gc,metaspace] GC(482) Metaspace: 138980K(142208K)->138980K(142208K) NonClass: 121343K(122496K)->121343K(122496K) Class: 17637K(19712K)->17637K(19712K)
[2023-03-15T06:46:04.520+0000][69][gc          ] GC(482) Pause Young (Concurrent Start) (G1 Evacuation Pause) 201M->109M(256M) 31.030ms
[2023-03-15T06:46:04.520+0000][69][gc          ] GC(483) Concurrent Mark Cycle
[2023-03-15T06:46:04.521+0000][69][gc,marking  ] GC(483) Concurrent Clear Claimed Marks
[2023-03-15T06:46:04.522+0000][69][gc,marking  ] GC(483) Concurrent Clear Claimed Marks 0.774ms
[2023-03-15T06:46:04.522+0000][69][gc,marking  ] GC(483) Concurrent Scan Root Regions
[2023-03-15T06:46:04.521+0000][69][gc,cpu      ] GC(482) User=0.01s Sys=0.00s Real=0.04s
[2023-03-15T06:46:04.524+0000][69][safepoint   ] Safepoint "G1CollectForAllocation", Time since last: 2615612492 ns, Reaching safepoint: 204903 ns, At safepoint: 35454980 ns, Total: 35659883 ns
[2023-03-15T06:46:04.525+0000][69][gc,marking  ] GC(483) Concurrent Scan Root Regions 2.896ms
[2023-03-15T06:46:04.525+0000][69][gc,marking  ] GC(483) Concurrent Mark
[2023-03-15T06:46:04.526+0000][69][gc,marking  ] GC(483) Concurrent Mark From Roots
[2023-03-15T06:46:04.527+0000][69][gc,task     ] GC(483) Using 1 workers of 1 for marking
[2023-03-15T06:46:04.630+0000][69][gc,marking  ] GC(483) Concurrent Mark From Roots 103.188ms
[2023-03-15T06:46:04.631+0000][69][gc,marking  ] GC(483) Concurrent Preclean
[2023-03-15T06:46:04.632+0000][69][gc,marking  ] GC(483) Concurrent Preclean 1.201ms
[2023-03-15T06:46:04.632+0000][69][gc,start    ] GC(483) Pause Remark
[2023-03-15T06:46:04.643+0000][69][gc          ] GC(483) Pause Remark 110M->110M(256M) 10.075ms
[2023-03-15T06:46:04.644+0000][69][gc,cpu      ] GC(483) User=0.04s Sys=0.00s Real=0.01s
[2023-03-15T06:46:04.644+0000][69][safepoint   ] Safepoint "G1PauseRemark", Time since last: 108109092 ns, Reaching safepoint: 76031 ns, At safepoint: 11604908 ns, Total: 11680939 ns
[2023-03-15T06:46:04.645+0000][69][gc,marking  ] GC(483) Concurrent Mark 119.195ms
[2023-03-15T06:46:04.645+0000][69][gc,marking  ] GC(483) Concurrent Rebuild Remembered Sets
[2023-03-15T06:46:04.701+0000][69][gc,marking  ] GC(483) Concurrent Rebuild Remembered Sets 55.461ms
[2023-03-15T06:46:04.702+0000][69][gc,start    ] GC(483) Pause Cleanup
[2023-03-15T06:46:04.703+0000][69][gc          ] GC(483) Pause Cleanup 110M->110M(256M) 0.920ms
[2023-03-15T06:46:04.703+0000][69][gc,cpu      ] GC(483) User=0.00s Sys=0.00s Real=0.00s
[2023-03-15T06:46:04.704+0000][69][safepoint   ] Safepoint "G1PauseCleanup", Time since last: 57563696 ns, Reaching safepoint: 107825 ns, At safepoint: 2141768 ns, Total: 2249593 ns
[2023-03-15T06:46:04.704+0000][69][gc,marking  ] GC(483) Concurrent Cleanup for Next Mark
[2023-03-15T06:46:04.705+0000][69][gc,marking  ] GC(483) Concurrent Cleanup for Next Mark 0.921ms
[2023-03-15T06:46:04.706+0000][69][gc          ] GC(483) Concurrent Mark Cycle 185.336ms
[2023-03-15T06:46:22.705+0000][69][safepoint   ] Safepoint "Cleanup", Time since last: 18022077734 ns, Reaching safepoint: 248722 ns, At safepoint: 59328 ns, Total: 308050 ns
[2023-03-15T06:46:31.333+0000][69][gc,start    ] GC(484) Pause Young (Normal) (G1 Evacuation Pause)
[2023-03-15T06:46:31.336+0000][69][gc,task     ] GC(484) Using 4 workers of 4 for evacuation
[2023-03-15T06:46:31.337+0000][69][gc,age      ] GC(484) Desired survivor size 6291456 bytes, new threshold 15 (max threshold 15)
[2023-03-15T06:46:31.346+0000][69][gc,phases   ] GC(484)   Pre Evacuate Collection Set: 0.2ms
[2023-03-15T06:46:31.347+0000][69][gc,phases   ] GC(484)   Merge Heap Roots: 0.3ms
[2023-03-15T06:46:31.348+0000][69][gc,phases   ] GC(484)   Evacuate Collection Set: 4.5ms
[2023-03-15T06:46:31.349+0000][69][gc,phases   ] GC(484)   Post Evacuate Collection Set: 1.4ms
[2023-03-15T06:46:31.350+0000][69][gc,phases   ] GC(484)   Other: 3.6ms
[2023-03-15T06:46:31.351+0000][69][gc,age      ] GC(484) Age table with threshold 15 (max threshold 15)
[2023-03-15T06:46:31.353+0000][69][gc,age      ] GC(484) - age   1:     746240 bytes,     746240 total
[2023-03-15T06:46:31.353+0000][69][gc,age      ] GC(484) - age   2:      17800 bytes,     764040 total
[2023-03-15T06:46:31.354+0000][69][gc,age      ] GC(484) - age   3:      54800 bytes,     818840 total
[2023-03-15T06:46:31.355+0000][69][gc,age      ] GC(484) - age   4:     182512 bytes,    1001352 total
[2023-03-15T06:46:31.356+0000][69][gc,age      ] GC(484) - age   5:        312 bytes,    1001664 total
[2023-03-15T06:46:31.356+0000][69][gc,age      ] GC(484) - age   6:       2032 bytes,    1003696 total
[2023-03-15T06:46:31.357+0000][69][gc,age      ] GC(484) - age   7:        296 bytes,    1003992 total
[2023-03-15T06:46:31.358+0000][69][gc,age      ] GC(484) - age   8:       3296 bytes,    1007288 total
[2023-03-15T06:46:31.358+0000][69][gc,age      ] GC(484) - age  10:      12944 bytes,    1020232 total
[2023-03-15T06:46:31.359+0000][69][gc,age      ] GC(484) - age  11:       1264 bytes,    1021496 total
[2023-03-15T06:46:31.359+0000][69][gc,age      ] GC(484) - age  12:      79760 bytes,    1101256 total
[2023-03-15T06:46:31.360+0000][69][gc,age      ] GC(484) - age  13:        520 bytes,    1101776 total
[2023-03-15T06:46:31.361+0000][69][gc,age      ] GC(484) - age  14:      60944 bytes,    1162720 total
[2023-03-15T06:46:31.361+0000][69][gc,heap     ] GC(484) Eden regions: 23->0(23)
[2023-03-15T06:46:31.362+0000][69][gc,heap     ] GC(484) Survivor regions: 1->1(3)
[2023-03-15T06:46:31.362+0000][69][gc,heap     ] GC(484) Old regions: 25->25
[2023-03-15T06:46:31.363+0000][69][gc,heap     ] GC(484) Archive regions: 2->2
[2023-03-15T06:46:31.364+0000][69][gc,heap     ] GC(484) Humongous regions: 2->2
[2023-03-15T06:46:31.364+0000][69][gc,metaspace] GC(484) Metaspace: 138980K(142208K)->138980K(142208K) NonClass: 121343K(122496K)->121343K(122496K) Class: 17637K(19712K)->17637K(19712K)
[2023-03-15T06:46:31.365+0000][69][gc          ] GC(484) Pause Young (Normal) (G1 Evacuation Pause) 201M->109M(256M) 31.357ms
[2023-03-15T06:46:31.365+0000][69][gc,cpu      ] GC(484) User=0.02s Sys=0.00s Real=0.03s
[2023-03-15T06:46:31.366+0000][69][safepoint   ] Safepoint "G1CollectForAllocation", Time since last: 8627897312 ns, Reaching safepoint: 314095 ns, At safepoint: 32813547 ns, Total: 33127642 ns
[2023-03-15T06:46:59.371+0000][69][safepoint   ] Safepoint "Cleanup", Time since last: 28026891052 ns, Reaching safepoint: 900438 ns, At safepoint: 18101 ns, Total: 918539 ns
[2023-03-15T06:47:01.377+0000][69][safepoint   ] Safepoint "Cleanup", Time since last: 2004198577 ns, Reaching safepoint: 1009863 ns, At safepoint: 39181 ns, Total: 1049044 ns
[2023-03-15T06:47:03.770+0000][69][gc,start    ] GC(485) Pause Young (Concurrent Start) (G1 Evacuation Pause)
[2023-03-15T06:47:03.771+0000][69][gc,task     ] GC(485) Using 4 workers of 4 for evacuation
[2023-03-15T06:47:03.771+0000][69][gc,age      ] GC(485) Desired survivor size 6291456 bytes, new threshold 15 (max threshold 15)
[2023-03-15T06:47:03.776+0000][69][gc,phases   ] GC(485)   Pre Evacuate Collection Set: 0.5ms
[2023-03-15T06:47:03.777+0000][69][gc,phases   ] GC(485)   Merge Heap Roots: 0.1ms
[2023-03-15T06:47:03.778+0000][69][gc,phases   ] GC(485)   Evacuate Collection Set: 1.7ms
[2023-03-15T06:47:03.778+0000][69][gc,phases   ] GC(485)   Post Evacuate Collection Set: 1.2ms
[2023-03-15T06:47:03.779+0000][69][gc,phases   ] GC(485)   Other: 1.5ms
[2023-03-15T06:47:03.780+0000][69][gc,age      ] GC(485) Age table with threshold 15 (max threshold 15)
[2023-03-15T06:47:03.781+0000][69][gc,age      ] GC(485) - age   1:    1281552 bytes,    1281552 total
[2023-03-15T06:47:03.781+0000][69][gc,age      ] GC(485) - age   2:      15624 bytes,    1297176 total
[2023-03-15T06:47:03.782+0000][69][gc,age      ] GC(485) - age   3:      16488 bytes,    1313664 total
[2023-03-15T06:47:03.782+0000][69][gc,age      ] GC(485) - age   4:      54608 bytes,    1368272 total
[2023-03-15T06:47:03.783+0000][69][gc,age      ] GC(485) - age   5:     182512 bytes,    1550784 total
[2023-03-15T06:47:03.784+0000][69][gc,age      ] GC(485) - age   6:        312 bytes,    1551096 total
[2023-03-15T06:47:03.785+0000][69][gc,age      ] GC(485) - age   7:       2032 bytes,    1553128 total
[2023-03-15T06:47:03.785+0000][69][gc,age      ] GC(485) - age   8:        296 bytes,    1553424 total
[2023-03-15T06:47:03.787+0000][69][gc,age      ] GC(485) - age   9:       3296 bytes,    1556720 total
[2023-03-15T06:47:03.787+0000][69][gc,age      ] GC(485) - age  11:      12648 bytes,    1569368 total
[2023-03-15T06:47:03.788+0000][69][gc,age      ] GC(485) - age  12:       1264 bytes,    1570632 total
[2023-03-15T06:47:03.788+0000][69][gc,age      ] GC(485) - age  13:      79760 bytes,    1650392 total
[2023-03-15T06:47:03.789+0000][69][gc,age      ] GC(485) - age  14:        520 bytes,    1650912 total
[2023-03-15T06:47:03.789+0000][69][gc,age      ] GC(485) - age  15:      60944 bytes,    1711856 total
[2023-03-15T06:47:03.789+0000][69][gc,heap     ] GC(485) Eden regions: 23->0(23)
[2023-03-15T06:47:03.790+0000][69][gc,heap     ] GC(485) Survivor regions: 1->1(3)
[2023-03-15T06:47:03.790+0000][69][gc,heap     ] GC(485) Old regions: 25->25
[2023-03-15T06:47:03.791+0000][69][gc,heap     ] GC(485) Archive regions: 2->2
[2023-03-15T06:47:03.791+0000][69][gc,heap     ] GC(485) Humongous regions: 2->2
[2023-03-15T06:47:03.792+0000][69][gc,metaspace] GC(485) Metaspace: 138980K(142208K)->138980K(142208K) NonClass: 121343K(122496K)->121343K(122496K) Class: 17637K(19712K)->17637K(19712K)
[2023-03-15T06:47:03.792+0000][69][gc          ] GC(485) Pause Young (Concurrent Start) (G1 Evacuation Pause) 201M->110M(256M) 22.028ms
[2023-03-15T06:47:03.793+0000][69][gc          ] GC(486) Concurrent Mark Cycle
[2023-03-15T06:47:03.793+0000][69][gc,marking  ] GC(486) Concurrent Clear Claimed Marks
[2023-03-15T06:47:03.794+0000][69][gc,marking  ] GC(486) Concurrent Clear Claimed Marks 0.794ms
[2023-03-15T06:47:03.795+0000][69][gc,marking  ] GC(486) Concurrent Scan Root Regions
[2023-03-15T06:47:03.793+0000][69][gc,cpu      ] GC(485) User=0.00s Sys=0.00s Real=0.02s
[2023-03-15T06:47:03.796+0000][69][safepoint   ] Safepoint "G1CollectForAllocation", Time since last: 2393451442 ns, Reaching safepoint: 139384 ns, At safepoint: 25887746 ns, Total: 26027130 ns
[2023-03-15T06:47:03.798+0000][69][gc,marking  ] GC(486) Concurrent Scan Root Regions 3.030ms
[2023-03-15T06:47:03.798+0000][69][gc,marking  ] GC(486) Concurrent Mark
[2023-03-15T06:47:03.799+0000][69][gc,marking  ] GC(486) Concurrent Mark From Roots
[2023-03-15T06:47:03.800+0000][69][gc,task     ] GC(486) Using 1 workers of 1 for marking
[2023-03-15T06:47:03.924+0000][69][gc,marking  ] GC(486) Concurrent Mark From Roots 124.743ms
[2023-03-15T06:47:03.924+0000][69][gc,marking  ] GC(486) Concurrent Preclean
[2023-03-15T06:47:03.926+0000][69][gc,marking  ] GC(486) Concurrent Preclean 1.533ms
[2023-03-15T06:47:03.930+0000][69][gc,start    ] GC(486) Pause Remark
[2023-03-15T06:47:03.945+0000][69][gc          ] GC(486) Pause Remark 111M->111M(256M) 15.481ms
[2023-03-15T06:47:03.946+0000][69][gc,cpu      ] GC(486) User=0.03s Sys=0.00s Real=0.01s
[2023-03-15T06:47:03.947+0000][69][safepoint   ] Safepoint "G1PauseRemark", Time since last: 133762674 ns, Reaching safepoint: 90455 ns, At safepoint: 16866947 ns, Total: 16957402 ns
[2023-03-15T06:47:03.948+0000][69][gc,marking  ] GC(486) Concurrent Mark 149.416ms
[2023-03-15T06:47:03.949+0000][69][gc,marking  ] GC(486) Concurrent Rebuild Remembered Sets
[2023-03-15T06:47:04.033+0000][69][gc,marking  ] GC(486) Concurrent Rebuild Remembered Sets 84.617ms
[2023-03-15T06:47:04.034+0000][69][gc,start    ] GC(486) Pause Cleanup
[2023-03-15T06:47:04.035+0000][69][gc          ] GC(486) Pause Cleanup 111M->111M(256M) 0.764ms
[2023-03-15T06:47:04.036+0000][69][gc,cpu      ] GC(486) User=0.00s Sys=0.00s Real=0.00s
[2023-03-15T06:47:04.036+0000][69][safepoint   ] Safepoint "G1PauseCleanup", Time since last: 87232342 ns, Reaching safepoint: 385231 ns, At safepoint: 1836748 ns, Total: 2221979 ns
[2023-03-15T06:47:04.037+0000][69][gc,marking  ] GC(486) Concurrent Cleanup for Next Mark
[2023-03-15T06:47:04.039+0000][69][gc,marking  ] GC(486) Concurrent Cleanup for Next Mark 2.036ms
[2023-03-15T06:47:04.040+0000][69][gc          ] GC(486) Concurrent Mark Cycle 246.740ms
[2023-03-15T06:47:33.132+0000][69][gc,start    ] GC(487) Pause Young (Normal) (G1 Evacuation Pause)
[2023-03-15T06:47:33.134+0000][69][gc,task     ] GC(487) Using 4 workers of 4 for evacuation
[2023-03-15T06:47:33.135+0000][69][gc,age      ] GC(487) Desired survivor size 6291456 bytes, new threshold 15 (max threshold 15)
[2023-03-15T06:47:33.142+0000][69][gc,phases   ] GC(487)   Pre Evacuate Collection Set: 0.4ms
[2023-03-15T06:47:33.143+0000][69][gc,phases   ] GC(487)   Merge Heap Roots: 0.4ms
[2023-03-15T06:47:33.144+0000][69][gc,phases   ] GC(487)   Evacuate Collection Set: 3.6ms
[2023-03-15T06:47:33.145+0000][69][gc,phases   ] GC(487)   Post Evacuate Collection Set: 1.3ms
[2023-03-15T06:47:33.146+0000][69][gc,phases   ] GC(487)   Other: 2.3ms
[2023-03-15T06:47:33.147+0000][69][gc,age      ] GC(487) Age table with threshold 15 (max threshold 15)
[2023-03-15T06:47:33.148+0000][69][gc,age      ] GC(487) - age   1:    1055688 bytes,    1055688 total
[2023-03-15T06:47:33.148+0000][69][gc,age      ] GC(487) - age   2:       2704 bytes,    1058392 total
[2023-03-15T06:47:33.149+0000][69][gc,age      ] GC(487) - age   3:       2992 bytes,    1061384 total
[2023-03-15T06:47:33.149+0000][69][gc,age      ] GC(487) - age   4:      16424 bytes,    1077808 total
[2023-03-15T06:47:33.150+0000][69][gc,age      ] GC(487) - age   5:      54376 bytes,    1132184 total
[2023-03-15T06:47:33.150+0000][69][gc,age      ] GC(487) - age   6:     182512 bytes,    1314696 total
[2023-03-15T06:47:33.151+0000][69][gc,age      ] GC(487) - age   7:        312 bytes,    1315008 total
[2023-03-15T06:47:33.152+0000][69][gc,age      ] GC(487) - age   8:       2032 bytes,    1317040 total
[2023-03-15T06:47:33.152+0000][69][gc,age      ] GC(487) - age  10:       3296 bytes,    1320336 total
[2023-03-15T06:47:33.153+0000][69][gc,age      ] GC(487) - age  12:      12648 bytes,    1332984 total
[2023-03-15T06:47:33.155+0000][69][gc,age      ] GC(487) - age  13:       1264 bytes,    1334248 total
[2023-03-15T06:47:33.155+0000][69][gc,age      ] GC(487) - age  14:      79760 bytes,    1414008 total
[2023-03-15T06:47:33.156+0000][69][gc,age      ] GC(487) - age  15:        520 bytes,    1414528 total
[2023-03-15T06:47:33.156+0000][69][gc,heap     ] GC(487) Eden regions: 23->0(23)
[2023-03-15T06:47:33.157+0000][69][gc,heap     ] GC(487) Survivor regions: 1->1(3)
[2023-03-15T06:47:33.157+0000][69][gc,heap     ] GC(487) Old regions: 25->25
[2023-03-15T06:47:33.158+0000][69][gc,heap     ] GC(487) Archive regions: 2->2
[2023-03-15T06:47:33.158+0000][69][gc,heap     ] GC(487) Humongous regions: 2->2
[2023-03-15T06:47:33.159+0000][69][gc,metaspace] GC(487) Metaspace: 138984K(142208K)->138984K(142208K) NonClass: 121346K(122496K)->121346K(122496K) Class: 17638K(19712K)->17638K(19712K)
[2023-03-15T06:47:33.160+0000][69][gc          ] GC(487) Pause Young (Normal) (G1 Evacuation Pause) 202M->109M(256M) 27.571ms
[2023-03-15T06:47:33.160+0000][69][gc,cpu      ] GC(487) User=0.01s Sys=0.01s Real=0.03s
[2023-03-15T06:47:33.161+0000][69][safepoint   ] Safepoint "G1CollectForAllocation", Time since last: 29117708327 ns, Reaching safepoint: 348139 ns, At safepoint: 28858314 ns, Total: 29206453 ns
[2023-03-15T06:47:34.162+0000][69][safepoint   ] Safepoint "Cleanup", Time since last: 1001266950 ns, Reaching safepoint: 158376 ns, At safepoint: 3690 ns, Total: 162066 ns
[2023-03-15T06:47:40.170+0000][69][safepoint   ] Safepoint "Cleanup", Time since last: 6007047941 ns, Reaching safepoint: 151645 ns, At safepoint: 9282 ns, Total: 160927 ns
[2023-03-15T06:47:49.161+0000][69][safepoint   ] Safepoint "Cleanup", Time since last: 9011588392 ns, Reaching safepoint: 933056 ns, At safepoint: 51511 ns, Total: 984567 ns
[2023-03-15T06:47:52.168+0000][69][safepoint   ] Safepoint "Cleanup", Time since last: 3007345861 ns, Reaching safepoint: 146707 ns, At safepoint: 6493 ns, Total: 153200 ns
[2023-03-15T06:47:58.173+0000][69][safepoint   ] Safepoint "Cleanup", Time since last: 6004261965 ns, Reaching safepoint: 955543 ns, At safepoint: 30613 ns, Total: 986156 ns
[2023-03-15T06:48:00.178+0000][69][safepoint   ] Safepoint "Cleanup", Time since last: 2004360842 ns, Reaching safepoint: 628263 ns, At safepoint: 13728 ns, Total: 641991 ns
[2023-03-15T06:48:01.354+0000][69][gc,start    ] GC(488) Pause Young (Concurrent Start) (G1 Evacuation Pause)
[2023-03-15T06:48:01.355+0000][69][gc,task     ] GC(488) Using 4 workers of 4 for evacuation
[2023-03-15T06:48:01.356+0000][69][gc,age      ] GC(488) Desired survivor size 6291456 bytes, new threshold 15 (max threshold 15)
[2023-03-15T06:48:01.362+0000][69][gc,phases   ] GC(488)   Pre Evacuate Collection Set: 0.6ms
[2023-03-15T06:48:01.363+0000][69][gc,phases   ] GC(488)   Merge Heap Roots: 0.1ms
[2023-03-15T06:48:01.364+0000][69][gc,phases   ] GC(488)   Evacuate Collection Set: 3.0ms
[2023-03-15T06:48:01.364+0000][69][gc,phases   ] GC(488)   Post Evacuate Collection Set: 1.1ms
[2023-03-15T06:48:01.365+0000][69][gc,phases   ] GC(488)   Other: 2.2ms
[2023-03-15T06:48:01.365+0000][69][gc,age      ] GC(488) Age table with threshold 15 (max threshold 15)
[2023-03-15T06:48:01.366+0000][69][gc,age      ] GC(488) - age   1:    1381056 bytes,    1381056 total
[2023-03-15T06:48:01.367+0000][69][gc,age      ] GC(488) - age   2:      35872 bytes,    1416928 total
[2023-03-15T06:48:01.367+0000][69][gc,age      ] GC(488) - age   3:        760 bytes,    1417688 total
[2023-03-15T06:48:01.368+0000][69][gc,age      ] GC(488) - age   4:       2488 bytes,    1420176 total
[2023-03-15T06:48:01.369+0000][69][gc,age      ] GC(488) - age   5:      16120 bytes,    1436296 total
[2023-03-15T06:48:01.370+0000][69][gc,age      ] GC(488) - age   6:      53888 bytes,    1490184 total
[2023-03-15T06:48:01.370+0000][69][gc,age      ] GC(488) - age   7:     182512 bytes,    1672696 total
[2023-03-15T06:48:01.371+0000][69][gc,age      ] GC(488) - age   8:        312 bytes,    1673008 total
[2023-03-15T06:48:01.371+0000][69][gc,age      ] GC(488) - age   9:       2032 bytes,    1675040 total
[2023-03-15T06:48:01.372+0000][69][gc,age      ] GC(488) - age  11:       3064 bytes,    1678104 total
[2023-03-15T06:48:01.372+0000][69][gc,age      ] GC(488) - age  13:      12648 bytes,    1690752 total
[2023-03-15T06:48:01.373+0000][69][gc,age      ] GC(488) - age  14:       1264 bytes,    1692016 total
[2023-03-15T06:48:01.373+0000][69][gc,age      ] GC(488) - age  15:      79760 bytes,    1771776 total
[2023-03-15T06:48:01.374+0000][69][gc,heap     ] GC(488) Eden regions: 23->0(23)
[2023-03-15T06:48:01.374+0000][69][gc,heap     ] GC(488) Survivor regions: 1->1(3)
[2023-03-15T06:48:01.374+0000][69][gc,heap     ] GC(488) Old regions: 25->25
[2023-03-15T06:48:01.375+0000][69][gc,heap     ] GC(488) Archive regions: 2->2
[2023-03-15T06:48:01.376+0000][69][gc,heap     ] GC(488) Humongous regions: 2->2
[2023-03-15T06:48:01.376+0000][69][gc,metaspace] GC(488) Metaspace: 139018K(142208K)->139018K(142208K) NonClass: 121375K(122496K)->121375K(122496K) Class: 17642K(19712K)->17642K(19712K)
[2023-03-15T06:48:01.377+0000][69][gc          ] GC(488) Pause Young (Concurrent Start) (G1 Evacuation Pause) 201M->110M(256M) 23.249ms
[2023-03-15T06:48:01.377+0000][69][gc          ] GC(489) Concurrent Mark Cycle
[2023-03-15T06:48:01.378+0000][69][gc,marking  ] GC(489) Concurrent Clear Claimed Marks
[2023-03-15T06:48:01.379+0000][69][gc,marking  ] GC(489) Concurrent Clear Claimed Marks 0.682ms
[2023-03-15T06:48:01.379+0000][69][gc,marking  ] GC(489) Concurrent Scan Root Regions
[2023-03-15T06:48:01.377+0000][69][gc,cpu      ] GC(488) User=0.01s Sys=0.01s Real=0.02s
[2023-03-15T06:48:01.380+0000][69][safepoint   ] Safepoint "G1CollectForAllocation", Time since last: 1174900226 ns, Reaching safepoint: 300618 ns, At safepoint: 26736019 ns, Total: 27036637 ns
[2023-03-15T06:48:01.384+0000][69][gc,marking  ] GC(489) Concurrent Scan Root Regions 5.014ms
[2023-03-15T06:48:01.385+0000][69][gc,marking  ] GC(489) Concurrent Mark
[2023-03-15T06:48:01.386+0000][69][gc,marking  ] GC(489) Concurrent Mark From Roots
[2023-03-15T06:48:01.386+0000][69][gc,task     ] GC(489) Using 1 workers of 1 for marking
[2023-03-15T06:48:01.496+0000][69][gc,marking  ] GC(489) Concurrent Mark From Roots 109.875ms
[2023-03-15T06:48:01.497+0000][69][gc,marking  ] GC(489) Concurrent Preclean
[2023-03-15T06:48:01.498+0000][69][gc,marking  ] GC(489) Concurrent Preclean 1.054ms
[2023-03-15T06:48:01.499+0000][69][gc,start    ] GC(489) Pause Remark
[2023-03-15T06:48:01.508+0000][69][gc          ] GC(489) Pause Remark 111M->111M(256M) 9.594ms
[2023-03-15T06:48:01.509+0000][69][gc,cpu      ] GC(489) User=0.04s Sys=0.00s Real=0.01s
[2023-03-15T06:48:01.510+0000][69][safepoint   ] Safepoint "G1PauseRemark", Time since last: 118399093 ns, Reaching safepoint: 95653 ns, At safepoint: 10914996 ns, Total: 11010649 ns
[2023-03-15T06:48:01.510+0000][69][gc,marking  ] GC(489) Concurrent Mark 125.488ms
[2023-03-15T06:48:01.511+0000][69][gc,marking  ] GC(489) Concurrent Rebuild Remembered Sets
[2023-03-15T06:48:01.562+0000][69][gc,marking  ] GC(489) Concurrent Rebuild Remembered Sets 51.615ms
[2023-03-15T06:48:01.563+0000][69][gc,start    ] GC(489) Pause Cleanup
[2023-03-15T06:48:01.564+0000][69][gc          ] GC(489) Pause Cleanup 112M->112M(256M) 0.885ms
[2023-03-15T06:48:01.565+0000][69][gc,cpu      ] GC(489) User=0.00s Sys=0.00s Real=0.00s
[2023-03-15T06:48:01.566+0000][69][safepoint   ] Safepoint "G1PauseCleanup", Time since last: 53674383 ns, Reaching safepoint: 100769 ns, At safepoint: 2202957 ns, Total: 2303726 ns
[2023-03-15T06:48:01.566+0000][69][gc,marking  ] GC(489) Concurrent Cleanup for Next Mark
[2023-03-15T06:48:01.567+0000][69][gc,marking  ] GC(489) Concurrent Cleanup for Next Mark 0.802ms
[2023-03-15T06:48:01.567+0000][69][gc          ] GC(489) Concurrent Mark Cycle 190.040ms
[2023-03-15T06:48:16.554+0000][69][safepoint   ] Safepoint "Cleanup", Time since last: 15015118682 ns, Reaching safepoint: 110354 ns, At safepoint: 11610 ns, Total: 121964 ns
[2023-03-15T06:48:22.532+0000][69][gc,start    ] GC(490) Pause Young (Normal) (G1 Evacuation Pause)
[2023-03-15T06:48:22.533+0000][69][gc,task     ] GC(490) Using 4 workers of 4 for evacuation
[2023-03-15T06:48:22.534+0000][69][gc,age      ] GC(490) Desired survivor size 6291456 bytes, new threshold 15 (max threshold 15)
[2023-03-15T06:48:22.538+0000][69][gc,phases   ] GC(490)   Pre Evacuate Collection Set: 0.1ms
[2023-03-15T06:48:22.539+0000][69][gc,phases   ] GC(490)   Merge Heap Roots: 0.1ms
[2023-03-15T06:48:22.539+0000][69][gc,phases   ] GC(490)   Evacuate Collection Set: 2.4ms
[2023-03-15T06:48:22.540+0000][69][gc,phases   ] GC(490)   Post Evacuate Collection Set: 1.0ms
[2023-03-15T06:48:22.540+0000][69][gc,phases   ] GC(490)   Other: 1.4ms
[2023-03-15T06:48:22.541+0000][69][gc,age      ] GC(490) Age table with threshold 15 (max threshold 15)
[2023-03-15T06:48:22.541+0000][69][gc,age      ] GC(490) - age   1:    1628000 bytes,    1628000 total
[2023-03-15T06:48:22.542+0000][69][gc,age      ] GC(490) - age   2:      80496 bytes,    1708496 total
[2023-03-15T06:48:22.542+0000][69][gc,age      ] GC(490) - age   3:      23504 bytes,    1732000 total
[2023-03-15T06:48:22.543+0000][69][gc,age      ] GC(490) - age   4:        696 bytes,    1732696 total
[2023-03-15T06:48:22.544+0000][69][gc,age      ] GC(490) - age   5:       2488 bytes,    1735184 total
[2023-03-15T06:48:22.545+0000][69][gc,age      ] GC(490) - age   6:      16056 bytes,    1751240 total
[2023-03-15T06:48:22.545+0000][69][gc,age      ] GC(490) - age   7:      53888 bytes,    1805128 total
[2023-03-15T06:48:22.546+0000][69][gc,age      ] GC(490) - age   8:     182512 bytes,    1987640 total
[2023-03-15T06:48:22.546+0000][69][gc,age      ] GC(490) - age   9:        312 bytes,    1987952 total
[2023-03-15T06:48:22.547+0000][69][gc,age      ] GC(490) - age  10:       2032 bytes,    1989984 total
[2023-03-15T06:48:22.547+0000][69][gc,age      ] GC(490) - age  12:       3064 bytes,    1993048 total
[2023-03-15T06:48:22.548+0000][69][gc,age      ] GC(490) - age  14:      12648 bytes,    2005696 total
[2023-03-15T06:48:22.549+0000][69][gc,age      ] GC(490) - age  15:       1264 bytes,    2006960 total
[2023-03-15T06:48:22.550+0000][69][gc,heap     ] GC(490) Eden regions: 23->0(22)
[2023-03-15T06:48:22.550+0000][69][gc,heap     ] GC(490) Survivor regions: 1->1(3)
[2023-03-15T06:48:22.550+0000][69][gc,heap     ] GC(490) Old regions: 25->25
[2023-03-15T06:48:22.551+0000][69][gc,heap     ] GC(490) Archive regions: 2->2
[2023-03-15T06:48:22.551+0000][69][gc,heap     ] GC(490) Humongous regions: 2->2
[2023-03-15T06:48:22.552+0000][69][gc,metaspace] GC(490) Metaspace: 139038K(142336K)->139038K(142336K) NonClass: 121395K(122624K)->121395K(122624K) Class: 17642K(19712K)->17642K(19712K)
[2023-03-15T06:48:22.552+0000][69][gc          ] GC(490) Pause Young (Normal) (G1 Evacuation Pause) 202M->110M(256M) 19.775ms
[2023-03-15T06:48:22.553+0000][69][gc,cpu      ] GC(490) User=0.01s Sys=0.00s Real=0.02s
[2023-03-15T06:48:22.553+0000][69][safepoint   ] Safepoint "G1CollectForAllocation", Time since last: 5978465287 ns, Reaching safepoint: 100573 ns, At safepoint: 20903460 ns, Total: 21004033 ns
[2023-03-15T06:48:23.556+0000][69][safepoint   ] Safepoint "Cleanup", Time since last: 1002358162 ns, Reaching safepoint: 525313 ns, At safepoint: 15825 ns, Total: 541138 ns
[2023-03-15T06:48:46.563+0000][69][safepoint   ] Safepoint "Cleanup", Time since last: 23029269728 ns, Reaching safepoint: 328572 ns, At safepoint: 16093 ns, Total: 344665 ns
[2023-03-15T06:48:49.569+0000][69][safepoint   ] Safepoint "Cleanup", Time since last: 3005861985 ns, Reaching safepoint: 235326 ns, At safepoint: 6501 ns, Total: 241827 ns
[2023-03-15T06:48:52.098+0000][69][gc,start    ] GC(491) Pause Young (Concurrent Start) (G1 Evacuation Pause)
[2023-03-15T06:48:52.099+0000][69][gc,task     ] GC(491) Using 4 workers of 4 for evacuation
[2023-03-15T06:48:52.099+0000][69][gc,age      ] GC(491) Desired survivor size 6291456 bytes, new threshold 15 (max threshold 15)
[2023-03-15T06:48:52.103+0000][69][gc,phases   ] GC(491)   Pre Evacuate Collection Set: 0.3ms
[2023-03-15T06:48:52.103+0000][69][gc,phases   ] GC(491)   Merge Heap Roots: 0.1ms
[2023-03-15T06:48:52.104+0000][69][gc,phases   ] GC(491)   Evacuate Collection Set: 1.6ms
[2023-03-15T06:48:52.104+0000][69][gc,phases   ] GC(491)   Post Evacuate Collection Set: 0.7ms
[2023-03-15T06:48:52.105+0000][69][gc,phases   ] GC(491)   Other: 1.1ms
[2023-03-15T06:48:52.106+0000][69][gc,age      ] GC(491) Age table with threshold 15 (max threshold 15)
[2023-03-15T06:48:52.106+0000][69][gc,age      ] GC(491) - age   1:    1727520 bytes,    1727520 total
[2023-03-15T06:48:52.107+0000][69][gc,age      ] GC(491) - age   2:      10048 bytes,    1737568 total
[2023-03-15T06:48:52.107+0000][69][gc,age      ] GC(491) - age   3:      63112 bytes,    1800680 total
[2023-03-15T06:48:52.107+0000][69][gc,age      ] GC(491) - age   4:      23440 bytes,    1824120 total
[2023-03-15T06:48:52.108+0000][69][gc,age      ] GC(491) - age   5:        696 bytes,    1824816 total
[2023-03-15T06:48:52.108+0000][69][gc,age      ] GC(491) - age   6:       2488 bytes,    1827304 total
[2023-03-15T06:48:52.109+0000][69][gc,age      ] GC(491) - age   7:      16056 bytes,    1843360 total
[2023-03-15T06:48:52.109+0000][69][gc,age      ] GC(491) - age   8:      53888 bytes,    1897248 total
[2023-03-15T06:48:52.110+0000][69][gc,age      ] GC(491) - age   9:     182512 bytes,    2079760 total
[2023-03-15T06:48:52.110+0000][69][gc,age      ] GC(491) - age  10:        312 bytes,    2080072 total
[2023-03-15T06:48:52.110+0000][69][gc,age      ] GC(491) - age  11:       2032 bytes,    2082104 total
[2023-03-15T06:48:52.111+0000][69][gc,age      ] GC(491) - age  13:       3064 bytes,    2085168 total
[2023-03-15T06:48:52.111+0000][69][gc,age      ] GC(491) - age  15:      12648 bytes,    2097816 total
[2023-03-15T06:48:52.112+0000][69][gc,heap     ] GC(491) Eden regions: 22->0(22)
[2023-03-15T06:48:52.112+0000][69][gc,heap     ] GC(491) Survivor regions: 1->1(3)
[2023-03-15T06:48:52.113+0000][69][gc,heap     ] GC(491) Old regions: 25->25
[2023-03-15T06:48:52.114+0000][69][gc,heap     ] GC(491) Archive regions: 2->2
[2023-03-15T06:48:52.114+0000][69][gc,heap     ] GC(491) Humongous regions: 2->2
[2023-03-15T06:48:52.115+0000][69][gc,metaspace] GC(491) Metaspace: 139042K(142336K)->139042K(142336K) NonClass: 121399K(122624K)->121399K(122624K) Class: 17642K(19712K)->17642K(19712K)
[2023-03-15T06:48:52.115+0000][69][gc          ] GC(491) Pause Young (Concurrent Start) (G1 Evacuation Pause) 198M->110M(256M) 17.003ms
[2023-03-15T06:48:52.116+0000][69][gc,cpu      ] GC(491) User=0.01s Sys=0.01s Real=0.02s
[2023-03-15T06:48:52.116+0000][69][safepoint   ] Safepoint "G1CollectForAllocation", Time since last: 2528583811 ns, Reaching safepoint: 137802 ns, At safepoint: 18036940 ns, Total: 18174742 ns
[2023-03-15T06:48:52.116+0000][69][gc          ] GC(492) Concurrent Mark Cycle
[2023-03-15T06:48:52.117+0000][69][gc,marking  ] GC(492) Concurrent Clear Claimed Marks
[2023-03-15T06:48:52.118+0000][69][gc,marking  ] GC(492) Concurrent Clear Claimed Marks 0.704ms
[2023-03-15T06:48:52.119+0000][69][gc,marking  ] GC(492) Concurrent Scan Root Regions
[2023-03-15T06:48:52.123+0000][69][gc,marking  ] GC(492) Concurrent Scan Root Regions 4.691ms
[2023-03-15T06:48:52.124+0000][69][gc,marking  ] GC(492) Concurrent Mark
[2023-03-15T06:48:52.125+0000][69][gc,marking  ] GC(492) Concurrent Mark From Roots
[2023-03-15T06:48:52.125+0000][69][gc,task     ] GC(492) Using 1 workers of 1 for marking
[2023-03-15T06:48:52.276+0000][69][gc,marking  ] GC(492) Concurrent Mark From Roots 151.002ms
[2023-03-15T06:48:52.276+0000][69][gc,marking  ] GC(492) Concurrent Preclean
[2023-03-15T06:48:52.277+0000][69][gc,marking  ] GC(492) Concurrent Preclean 0.884ms
[2023-03-15T06:48:52.278+0000][69][gc,start    ] GC(492) Pause Remark
[2023-03-15T06:48:52.287+0000][69][gc          ] GC(492) Pause Remark 117M->117M(256M) 9.602ms
[2023-03-15T06:48:52.288+0000][69][gc,cpu      ] GC(492) User=0.03s Sys=0.00s Real=0.01s
[2023-03-15T06:48:52.289+0000][69][safepoint   ] Safepoint "G1PauseRemark", Time since last: 161241970 ns, Reaching safepoint: 146192 ns, At safepoint: 10912773 ns, Total: 11058965 ns
[2023-03-15T06:48:52.290+0000][69][gc,marking  ] GC(492) Concurrent Mark 165.757ms
[2023-03-15T06:48:52.290+0000][69][gc,marking  ] GC(492) Concurrent Rebuild Remembered Sets
[2023-03-15T06:48:52.348+0000][69][gc,marking  ] GC(492) Concurrent Rebuild Remembered Sets 57.946ms
[2023-03-15T06:48:52.349+0000][69][gc,start    ] GC(492) Pause Cleanup
[2023-03-15T06:48:52.350+0000][69][gc          ] GC(492) Pause Cleanup 117M->117M(256M) 0.911ms
[2023-03-15T06:48:52.351+0000][69][gc,cpu      ] GC(492) User=0.00s Sys=0.00s Real=0.00s
[2023-03-15T06:48:52.351+0000][69][safepoint   ] Safepoint "G1PauseCleanup", Time since last: 60680745 ns, Reaching safepoint: 127866 ns, At safepoint: 2138700 ns, Total: 2266566 ns
[2023-03-15T06:48:52.352+0000][69][gc,marking  ] GC(492) Concurrent Cleanup for Next Mark
[2023-03-15T06:48:52.353+0000][69][gc,marking  ] GC(492) Concurrent Cleanup for Next Mark 0.640ms
[2023-03-15T06:48:52.353+0000][69][gc          ] GC(492) Concurrent Mark Cycle 237.685ms
[2023-03-15T06:48:53.354+0000][69][safepoint   ] Safepoint "Cleanup", Time since last: 1001915945 ns, Reaching safepoint: 228212 ns, At safepoint: 10952 ns, Total: 239164 ns
[2023-03-15T06:48:54.357+0000][69][safepoint   ] Safepoint "Cleanup", Time since last: 1002890028 ns, Reaching safepoint: 672540 ns, At safepoint: 36037 ns, Total: 708577 ns
[2023-03-15T06:48:59.364+0000][69][safepoint   ] Safepoint "Cleanup", Time since last: 5006206434 ns, Reaching safepoint: 92168 ns, At safepoint: 7408 ns, Total: 99576 ns
[2023-03-15T06:49:01.369+0000][69][safepoint   ] Safepoint "Cleanup", Time since last: 2004724297 ns, Reaching safepoint: 258149 ns, At safepoint: 26926 ns, Total: 285075 ns
[2023-03-15T06:49:18.364+0000][69][safepoint   ] Safepoint "Cleanup", Time since last: 17016575366 ns, Reaching safepoint: 499031 ns, At safepoint: 13901 ns, Total: 512932 ns
[2023-03-15T06:49:18.650+0000][69][gc,start    ] GC(493) Pause Young (Normal) (G1 Evacuation Pause)
[2023-03-15T06:49:18.653+0000][69][gc,task     ] GC(493) Using 4 workers of 4 for evacuation
[2023-03-15T06:49:18.653+0000][69][gc,age      ] GC(493) Desired survivor size 6291456 bytes, new threshold 15 (max threshold 15)
[2023-03-15T06:49:18.659+0000][69][gc,phases   ] GC(493)   Pre Evacuate Collection Set: 0.1ms
[2023-03-15T06:49:18.660+0000][69][gc,phases   ] GC(493)   Merge Heap Roots: 0.2ms
[2023-03-15T06:49:18.660+0000][69][gc,phases   ] GC(493)   Evacuate Collection Set: 2.6ms
[2023-03-15T06:49:18.661+0000][69][gc,phases   ] GC(493)   Post Evacuate Collection Set: 1.7ms
[2023-03-15T06:49:18.661+0000][69][gc,phases   ] GC(493)   Other: 1.7ms
[2023-03-15T06:49:18.662+0000][69][gc,age      ] GC(493) Age table with threshold 15 (max threshold 15)
[2023-03-15T06:49:18.663+0000][69][gc,age      ] GC(493) - age   1:     570936 bytes,     570936 total
[2023-03-15T06:49:18.664+0000][69][gc,age      ] GC(493) - age   2:      31176 bytes,     602112 total
[2023-03-15T06:49:18.665+0000][69][gc,age      ] GC(493) - age   3:       8616 bytes,     610728 total
[2023-03-15T06:49:18.666+0000][69][gc,age      ] GC(493) - age   4:      61728 bytes,     672456 total
[2023-03-15T06:49:18.667+0000][69][gc,age      ] GC(493) - age   5:      23224 bytes,     695680 total
[2023-03-15T06:49:18.667+0000][69][gc,age      ] GC(493) - age   6:        336 bytes,     696016 total
[2023-03-15T06:49:18.668+0000][69][gc,age      ] GC(493) - age   7:       2488 bytes,     698504 total
[2023-03-15T06:49:18.668+0000][69][gc,age      ] GC(493) - age   8:      16056 bytes,     714560 total
[2023-03-15T06:49:18.669+0000][69][gc,age      ] GC(493) - age   9:      25416 bytes,     739976 total
[2023-03-15T06:49:18.669+0000][69][gc,age      ] GC(493) - age  10:     182512 bytes,     922488 total
[2023-03-15T06:49:18.670+0000][69][gc,age      ] GC(493) - age  11:        312 bytes,     922800 total
[2023-03-15T06:49:18.670+0000][69][gc,age      ] GC(493) - age  12:       2032 bytes,     924832 total
[2023-03-15T06:49:18.671+0000][69][gc,age      ] GC(493) - age  14:       3064 bytes,     927896 total
[2023-03-15T06:49:18.672+0000][69][gc,heap     ] GC(493) Eden regions: 22->0(23)
[2023-03-15T06:49:18.673+0000][69][gc,heap     ] GC(493) Survivor regions: 1->1(3)
[2023-03-15T06:49:18.674+0000][69][gc,heap     ] GC(493) Old regions: 25->25
[2023-03-15T06:49:18.674+0000][69][gc,heap     ] GC(493) Archive regions: 2->2
[2023-03-15T06:49:18.674+0000][69][gc,heap     ] GC(493) Humongous regions: 2->2
[2023-03-15T06:49:18.675+0000][69][gc,metaspace] GC(493) Metaspace: 139043K(142336K)->139043K(142336K) NonClass: 121400K(122624K)->121400K(122624K) Class: 17642K(19712K)->17642K(19712K)
[2023-03-15T06:49:18.675+0000][69][gc          ] GC(493) Pause Young (Normal) (G1 Evacuation Pause) 198M->109M(256M) 24.821ms
[2023-03-15T06:49:18.676+0000][69][gc,cpu      ] GC(493) User=0.01s Sys=0.01s Real=0.03s
[2023-03-15T06:49:18.676+0000][69][safepoint   ] Safepoint "G1CollectForAllocation", Time since last: 286620004 ns, Reaching safepoint: 206889 ns, At safepoint: 25772354 ns, Total: 25979243 ns
[2023-03-15T06:49:23.680+0000][69][safepoint   ] Safepoint "Cleanup", Time since last: 5002944594 ns, Reaching safepoint: 439843 ns, At safepoint: 62661 ns, Total: 502504 ns
[2023-03-15T06:49:34.692+0000][69][safepoint   ] Safepoint "Cleanup", Time since last: 11012369148 ns, Reaching safepoint: 409434 ns, At safepoint: 6454 ns, Total: 415888 ns
[2023-03-15T06:49:47.203+0000][69][gc,start    ] GC(494) Pause Young (Concurrent Start) (G1 Evacuation Pause)
[2023-03-15T06:49:47.204+0000][69][gc,task     ] GC(494) Using 4 workers of 4 for evacuation
[2023-03-15T06:49:47.205+0000][69][gc,age      ] GC(494) Desired survivor size 6291456 bytes, new threshold 15 (max threshold 15)
[2023-03-15T06:49:47.211+0000][69][gc,phases   ] GC(494)   Pre Evacuate Collection Set: 0.6ms
[2023-03-15T06:49:47.212+0000][69][gc,phases   ] GC(494)   Merge Heap Roots: 0.1ms
[2023-03-15T06:49:47.213+0000][69][gc,phases   ] GC(494)   Evacuate Collection Set: 2.8ms
[2023-03-15T06:49:47.214+0000][69][gc,phases   ] GC(494)   Post Evacuate Collection Set: 1.2ms
[2023-03-15T06:49:47.215+0000][69][gc,phases   ] GC(494)   Other: 2.2ms
[2023-03-15T06:49:47.216+0000][69][gc,age      ] GC(494) Age table with threshold 15 (max threshold 15)
[2023-03-15T06:49:47.216+0000][69][gc,age      ] GC(494) - age   1:     871856 bytes,     871856 total
[2023-03-15T06:49:47.217+0000][69][gc,age      ] GC(494) - age   2:     179312 bytes,    1051168 total
[2023-03-15T06:49:47.218+0000][69][gc,age      ] GC(494) - age   3:      28856 bytes,    1080024 total
[2023-03-15T06:49:47.218+0000][69][gc,age      ] GC(494) - age   4:       8040 bytes,    1088064 total
[2023-03-15T06:49:47.219+0000][69][gc,age      ] GC(494) - age   5:      53632 bytes,    1141696 total
[2023-03-15T06:49:47.219+0000][69][gc,age      ] GC(494) - age   6:      23160 bytes,    1164856 total
[2023-03-15T06:49:47.220+0000][69][gc,age      ] GC(494) - age   7:        336 bytes,    1165192 total
[2023-03-15T06:49:47.220+0000][69][gc,age      ] GC(494) - age   8:       2192 bytes,    1167384 total
[2023-03-15T06:49:47.221+0000][69][gc,age      ] GC(494) - age   9:       7144 bytes,    1174528 total
[2023-03-15T06:49:47.222+0000][69][gc,age      ] GC(494) - age  10:      23128 bytes,    1197656 total
[2023-03-15T06:49:47.223+0000][69][gc,age      ] GC(494) - age  11:     105112 bytes,    1302768 total
[2023-03-15T06:49:47.224+0000][69][gc,age      ] GC(494) - age  12:        312 bytes,    1303080 total
[2023-03-15T06:49:47.224+0000][69][gc,age      ] GC(494) - age  13:       2032 bytes,    1305112 total
[2023-03-15T06:49:47.225+0000][69][gc,age      ] GC(494) - age  15:       3064 bytes,    1308176 total
[2023-03-15T06:49:47.226+0000][69][gc,heap     ] GC(494) Eden regions: 23->0(23)
[2023-03-15T06:49:47.226+0000][69][gc,heap     ] GC(494) Survivor regions: 1->1(3)
[2023-03-15T06:49:47.227+0000][69][gc,heap     ] GC(494) Old regions: 25->25
[2023-03-15T06:49:47.227+0000][69][gc,heap     ] GC(494) Archive regions: 2->2
[2023-03-15T06:49:47.228+0000][69][gc,heap     ] GC(494) Humongous regions: 2->2
[2023-03-15T06:49:47.228+0000][69][gc,metaspace] GC(494) Metaspace: 139058K(142336K)->139058K(142336K) NonClass: 121415K(122624K)->121415K(122624K) Class: 17642K(19712K)->17642K(19712K)
[2023-03-15T06:49:47.229+0000][69][gc          ] GC(494) Pause Young (Concurrent Start) (G1 Evacuation Pause) 201M->109M(256M) 25.945ms
[2023-03-15T06:49:47.230+0000][69][gc,cpu      ] GC(494) User=0.01s Sys=0.01s Real=0.03s
[2023-03-15T06:49:47.230+0000][69][gc          ] GC(495) Concurrent Mark Cycle
[2023-03-15T06:49:47.231+0000][69][safepoint   ] Safepoint "G1CollectForAllocation", Time since last: 12532586197 ns, Reaching safepoint: 164106 ns, At safepoint: 27761293 ns, Total: 27925399 ns
[2023-03-15T06:49:47.231+0000][69][gc,marking  ] GC(495) Concurrent Clear Claimed Marks
[2023-03-15T06:49:47.237+0000][69][gc,marking  ] GC(495) Concurrent Clear Claimed Marks 6.012ms
[2023-03-15T06:49:47.238+0000][69][gc,marking  ] GC(495) Concurrent Scan Root Regions
[2023-03-15T06:49:47.242+0000][69][gc,marking  ] GC(495) Concurrent Scan Root Regions 3.700ms
[2023-03-15T06:49:47.242+0000][69][gc,marking  ] GC(495) Concurrent Mark
[2023-03-15T06:49:47.243+0000][69][gc,marking  ] GC(495) Concurrent Mark From Roots
[2023-03-15T06:49:47.244+0000][69][gc,task     ] GC(495) Using 1 workers of 1 for marking
[2023-03-15T06:49:47.414+0000][69][gc,marking  ] GC(495) Concurrent Mark From Roots 170.936ms
[2023-03-15T06:49:47.416+0000][69][gc,marking  ] GC(495) Concurrent Preclean
[2023-03-15T06:49:47.417+0000][69][gc,marking  ] GC(495) Concurrent Preclean 1.334ms
[2023-03-15T06:49:47.418+0000][69][gc,start    ] GC(495) Pause Remark
[2023-03-15T06:49:47.438+0000][69][gc          ] GC(495) Pause Remark 117M->117M(256M) 19.632ms
[2023-03-15T06:49:47.439+0000][69][gc,cpu      ] GC(495) User=0.05s Sys=0.00s Real=0.03s
[2023-03-15T06:49:47.440+0000][69][safepoint   ] Safepoint "G1PauseRemark", Time since last: 186887224 ns, Reaching safepoint: 322695 ns, At safepoint: 22210640 ns, Total: 22533335 ns
[2023-03-15T06:49:47.442+0000][69][gc,marking  ] GC(495) Concurrent Mark 199.662ms
[2023-03-15T06:49:47.443+0000][69][gc,marking  ] GC(495) Concurrent Rebuild Remembered Sets
[2023-03-15T06:49:47.504+0000][69][gc,marking  ] GC(495) Concurrent Rebuild Remembered Sets 61.207ms
[2023-03-15T06:49:47.506+0000][69][gc,start    ] GC(495) Pause Cleanup
[2023-03-15T06:49:47.507+0000][69][gc          ] GC(495) Pause Cleanup 118M->118M(256M) 1.169ms
[2023-03-15T06:49:47.508+0000][69][gc,cpu      ] GC(495) User=0.00s Sys=0.00s Real=0.00s
[2023-03-15T06:49:47.509+0000][69][safepoint   ] Safepoint "G1PauseCleanup", Time since last: 65385888 ns, Reaching safepoint: 197728 ns, At safepoint: 2601012 ns, Total: 2798740 ns
[2023-03-15T06:49:47.509+0000][69][gc,marking  ] GC(495) Concurrent Cleanup for Next Mark
[2023-03-15T06:49:47.510+0000][69][gc,marking  ] GC(495) Concurrent Cleanup for Next Mark 1.088ms
[2023-03-15T06:49:47.511+0000][69][gc          ] GC(495) Concurrent Mark Cycle 280.837ms
[2023-03-15T06:49:51.512+0000][69][safepoint   ] Safepoint "Cleanup", Time since last: 4003200519 ns, Reaching safepoint: 165504 ns, At safepoint: 5085 ns, Total: 170589 ns
[2023-03-15T06:49:52.530+0000][69][safepoint   ] Safepoint "Cleanup", Time since last: 1017725003 ns, Reaching safepoint: 103774 ns, At safepoint: 3362 ns, Total: 107136 ns
[2023-03-15T06:49:54.532+0000][69][safepoint   ] Safepoint "Cleanup", Time since last: 2001999356 ns, Reaching safepoint: 274177 ns, At safepoint: 8669 ns, Total: 282846 ns
[2023-03-15T06:49:55.534+0000][69][safepoint   ] Safepoint "Cleanup", Time since last: 1001913616 ns, Reaching safepoint: 339472 ns, At safepoint: 15049 ns, Total: 354521 ns
[2023-03-15T06:49:58.538+0000][69][safepoint   ] Safepoint "Cleanup", Time since last: 3003087975 ns, Reaching safepoint: 142419 ns, At safepoint: 5139 ns, Total: 147558 ns
[2023-03-15T06:50:02.543+0000][69][safepoint   ] Safepoint "Cleanup", Time since last: 4005253082 ns, Reaching safepoint: 370058 ns, At safepoint: 11817 ns, Total: 381875 ns
[2023-03-15T06:50:04.016+0000][69][gc,start    ] GC(496) Pause Young (Prepare Mixed) (G1 Evacuation Pause)
[2023-03-15T06:50:04.017+0000][69][gc,task     ] GC(496) Using 4 workers of 4 for evacuation
[2023-03-15T06:50:04.017+0000][69][gc,age      ] GC(496) Desired survivor size 6291456 bytes, new threshold 15 (max threshold 15)
[2023-03-15T06:50:04.021+0000][69][gc,phases   ] GC(496)   Pre Evacuate Collection Set: 0.1ms
[2023-03-15T06:50:04.022+0000][69][gc,phases   ] GC(496)   Merge Heap Roots: 0.1ms
[2023-03-15T06:50:04.022+0000][69][gc,phases   ] GC(496)   Evacuate Collection Set: 2.1ms
[2023-03-15T06:50:04.023+0000][69][gc,phases   ] GC(496)   Post Evacuate Collection Set: 0.8ms
[2023-03-15T06:50:04.023+0000][69][gc,phases   ] GC(496)   Other: 0.8ms
[2023-03-15T06:50:04.024+0000][69][gc,age      ] GC(496) Age table with threshold 15 (max threshold 15)
[2023-03-15T06:50:04.024+0000][69][gc,age      ] GC(496) - age   1:    1389304 bytes,    1389304 total
[2023-03-15T06:50:04.025+0000][69][gc,age      ] GC(496) - age   2:     389360 bytes,    1778664 total
[2023-03-15T06:50:04.025+0000][69][gc,age      ] GC(496) - age   3:     147752 bytes,    1926416 total
[2023-03-15T06:50:04.026+0000][69][gc,age      ] GC(496) - age   4:      28080 bytes,    1954496 total
[2023-03-15T06:50:04.026+0000][69][gc,age      ] GC(496) - age   5:       8040 bytes,    1962536 total
[2023-03-15T06:50:04.026+0000][69][gc,age      ] GC(496) - age   6:      53016 bytes,    2015552 total
[2023-03-15T06:50:04.027+0000][69][gc,age      ] GC(496) - age   7:      22840 bytes,    2038392 total
[2023-03-15T06:50:04.028+0000][69][gc,age      ] GC(496) - age   8:        336 bytes,    2038728 total
[2023-03-15T06:50:04.028+0000][69][gc,age      ] GC(496) - age   9:       2192 bytes,    2040920 total
[2023-03-15T06:50:04.028+0000][69][gc,age      ] GC(496) - age  10:       7144 bytes,    2048064 total
[2023-03-15T06:50:04.029+0000][69][gc,age      ] GC(496) - age  11:      22896 bytes,    2070960 total
[2023-03-15T06:50:04.029+0000][69][gc,age      ] GC(496) - age  12:     103584 bytes,    2174544 total
[2023-03-15T06:50:04.030+0000][69][gc,age      ] GC(496) - age  13:        312 bytes,    2174856 total
[2023-03-15T06:50:04.031+0000][69][gc,age      ] GC(496) - age  14:       2032 bytes,    2176888 total
[2023-03-15T06:50:04.031+0000][69][gc,heap     ] GC(496) Eden regions: 23->0(2)
[2023-03-15T06:50:04.032+0000][69][gc,heap     ] GC(496) Survivor regions: 1->1(3)
[2023-03-15T06:50:04.032+0000][69][gc,heap     ] GC(496) Old regions: 25->25
[2023-03-15T06:50:04.033+0000][69][gc,heap     ] GC(496) Archive regions: 2->2
[2023-03-15T06:50:04.033+0000][69][gc,heap     ] GC(496) Humongous regions: 2->2
[2023-03-15T06:50:04.034+0000][69][gc,metaspace] GC(496) Metaspace: 139082K(142336K)->139082K(142336K) NonClass: 121438K(122624K)->121438K(122624K) Class: 17643K(19712K)->17643K(19712K)
[2023-03-15T06:50:04.035+0000][69][gc          ] GC(496) Pause Young (Prepare Mixed) (G1 Evacuation Pause) 201M->110M(256M) 18.032ms
[2023-03-15T06:50:04.035+0000][69][gc,cpu      ] GC(496) User=0.01s Sys=0.00s Real=0.02s
[2023-03-15T06:50:04.036+0000][69][safepoint   ] Safepoint "G1CollectForAllocation", Time since last: 1473244939 ns, Reaching safepoint: 68378 ns, At safepoint: 19126090 ns, Total: 19194468 ns
[2023-03-15T06:50:05.218+0000][69][gc,start    ] GC(497) Pause Young (Mixed) (G1 Evacuation Pause)
[2023-03-15T06:50:05.219+0000][69][gc,task     ] GC(497) Using 4 workers of 4 for evacuation
[2023-03-15T06:50:05.220+0000][69][gc,age      ] GC(497) Desired survivor size 2097152 bytes, new threshold 12 (max threshold 15)
[2023-03-15T06:50:05.229+0000][69][gc,phases   ] GC(497)   Pre Evacuate Collection Set: 0.1ms
[2023-03-15T06:50:05.230+0000][69][gc,phases   ] GC(497)   Merge Heap Roots: 0.1ms
[2023-03-15T06:50:05.230+0000][69][gc,phases   ] GC(497)   Evacuate Collection Set: 7.2ms
[2023-03-15T06:50:05.231+0000][69][gc,phases   ] GC(497)   Post Evacuate Collection Set: 0.9ms
[2023-03-15T06:50:05.231+0000][69][gc,phases   ] GC(497)   Other: 1.4ms
[2023-03-15T06:50:05.231+0000][69][gc,age      ] GC(497) Age table with threshold 12 (max threshold 15)
[2023-03-15T06:50:05.232+0000][69][gc,age      ] GC(497) - age   1:     412296 bytes,     412296 total
[2023-03-15T06:50:05.232+0000][69][gc,age      ] GC(497) - age   2:     828792 bytes,    1241088 total
[2023-03-15T06:50:05.233+0000][69][gc,age      ] GC(497) - age   3:     284936 bytes,    1526024 total
[2023-03-15T06:50:05.233+0000][69][gc,age      ] GC(497) - age   4:     147752 bytes,    1673776 total
[2023-03-15T06:50:05.234+0000][69][gc,age      ] GC(497) - age   5:      28080 bytes,    1701856 total
[2023-03-15T06:50:05.234+0000][69][gc,age      ] GC(497) - age   6:       7976 bytes,    1709832 total
[2023-03-15T06:50:05.235+0000][69][gc,age      ] GC(497) - age   7:      19968 bytes,    1729800 total
[2023-03-15T06:50:05.235+0000][69][gc,age      ] GC(497) - age   8:       6688 bytes,    1736488 total
[2023-03-15T06:50:05.236+0000][69][gc,age      ] GC(497) - age   9:        336 bytes,    1736824 total
[2023-03-15T06:50:05.236+0000][69][gc,age      ] GC(497) - age  10:       2192 bytes,    1739016 total
[2023-03-15T06:50:05.236+0000][69][gc,age      ] GC(497) - age  11:       7144 bytes,    1746160 total
[2023-03-15T06:50:05.237+0000][69][gc,age      ] GC(497) - age  12:      16376 bytes,    1762536 total
[2023-03-15T06:50:05.237+0000][69][gc,heap     ] GC(497) Eden regions: 2->0(23)
[2023-03-15T06:50:05.238+0000][69][gc,heap     ] GC(497) Survivor regions: 1->1(1)
[2023-03-15T06:50:05.238+0000][69][gc,heap     ] GC(497) Old regions: 25->25
[2023-03-15T06:50:05.238+0000][69][gc,heap     ] GC(497) Archive regions: 2->2
[2023-03-15T06:50:05.239+0000][69][gc,heap     ] GC(497) Humongous regions: 2->2
[2023-03-15T06:50:05.239+0000][69][gc,metaspace] GC(497) Metaspace: 139082K(142336K)->139082K(142336K) NonClass: 121438K(122624K)->121438K(122624K) Class: 17643K(19712K)->17643K(19712K)
[2023-03-15T06:50:05.240+0000][69][gc          ] GC(497) Pause Young (Mixed) (G1 Evacuation Pause) 118M->109M(256M) 21.236ms
[2023-03-15T06:50:05.240+0000][69][gc,cpu      ] GC(497) User=0.02s Sys=0.00s Real=0.03s
[2023-03-15T06:50:05.241+0000][69][safepoint   ] Safepoint "G1CollectForAllocation", Time since last: 1182535372 ns, Reaching safepoint: 236046 ns, At safepoint: 22546887 ns, Total: 22782933 ns
[2023-03-15T06:50:12.248+0000][69][safepoint   ] Safepoint "Cleanup", Time since last: 7006117655 ns, Reaching safepoint: 371656 ns, At safepoint: 34678 ns, Total: 406334 ns
[2023-03-15T06:50:16.230+0000][69][safepoint   ] Safepoint "Cleanup", Time since last: 4004682102 ns, Reaching safepoint: 100956 ns, At safepoint: 3789 ns, Total: 104745 ns
[2023-03-15T06:50:25.239+0000][69][safepoint   ] Safepoint "Cleanup", Time since last: 9008392707 ns, Reaching safepoint: 295797 ns, At safepoint: 46443 ns, Total: 342240 ns
[2023-03-15T06:50:26.242+0000][69][safepoint   ] Safepoint "Cleanup", Time since last: 1002676867 ns, Reaching safepoint: 411863 ns, At safepoint: 17211 ns, Total: 429074 ns
[2023-03-15T06:50:27.654+0000][69][gc,start    ] GC(498) Pause Young (Normal) (G1 Evacuation Pause)
[2023-03-15T06:50:27.655+0000][69][gc,task     ] GC(498) Using 4 workers of 4 for evacuation
[2023-03-15T06:50:27.656+0000][69][gc,age      ] GC(498) Desired survivor size 6291456 bytes, new threshold 15 (max threshold 15)
[2023-03-15T06:50:27.660+0000][69][gc,phases   ] GC(498)   Pre Evacuate Collection Set: 0.2ms
[2023-03-15T06:50:27.661+0000][69][gc,phases   ] GC(498)   Merge Heap Roots: 0.5ms
[2023-03-15T06:50:27.661+0000][69][gc,phases   ] GC(498)   Evacuate Collection Set: 2.0ms
[2023-03-15T06:50:27.662+0000][69][gc,phases   ] GC(498)   Post Evacuate Collection Set: 0.8ms
[2023-03-15T06:50:27.662+0000][69][gc,phases   ] GC(498)   Other: 1.9ms
[2023-03-15T06:50:27.663+0000][69][gc,age      ] GC(498) Age table with threshold 15 (max threshold 15)
[2023-03-15T06:50:27.663+0000][69][gc,age      ] GC(498) - age   1:    1464024 bytes,    1464024 total
[2023-03-15T06:50:27.663+0000][69][gc,age      ] GC(498) - age   2:        392 bytes,    1464416 total
[2023-03-15T06:50:27.664+0000][69][gc,age      ] GC(498) - age   3:     111376 bytes,    1575792 total
[2023-03-15T06:50:27.664+0000][69][gc,age      ] GC(498) - age   4:      44104 bytes,    1619896 total
[2023-03-15T06:50:27.664+0000][69][gc,age      ] GC(498) - age   5:     147272 bytes,    1767168 total
[2023-03-15T06:50:27.665+0000][69][gc,age      ] GC(498) - age   6:      27720 bytes,    1794888 total
[2023-03-15T06:50:27.665+0000][69][gc,age      ] GC(498) - age   7:       7976 bytes,    1802864 total
[2023-03-15T06:50:27.665+0000][69][gc,age      ] GC(498) - age   8:      19968 bytes,    1822832 total
[2023-03-15T06:50:27.666+0000][69][gc,age      ] GC(498) - age   9:       6688 bytes,    1829520 total
[2023-03-15T06:50:27.666+0000][69][gc,age      ] GC(498) - age  10:        336 bytes,    1829856 total
[2023-03-15T06:50:27.667+0000][69][gc,age      ] GC(498) - age  11:       2192 bytes,    1832048 total
[2023-03-15T06:50:27.667+0000][69][gc,age      ] GC(498) - age  12:       7144 bytes,    1839192 total
[2023-03-15T06:50:27.668+0000][69][gc,age      ] GC(498) - age  13:      16288 bytes,    1855480 total
[2023-03-15T06:50:27.668+0000][69][gc,heap     ] GC(498) Eden regions: 23->0(22)
[2023-03-15T06:50:27.669+0000][69][gc,heap     ] GC(498) Survivor regions: 1->1(3)
[2023-03-15T06:50:27.669+0000][69][gc,heap     ] GC(498) Old regions: 25->25
[2023-03-15T06:50:27.670+0000][69][gc,heap     ] GC(498) Archive regions: 2->2
[2023-03-15T06:50:27.671+0000][69][gc,heap     ] GC(498) Humongous regions: 2->2
[2023-03-15T06:50:27.671+0000][69][gc,metaspace] GC(498) Metaspace: 139088K(142336K)->139088K(142336K) NonClass: 121445K(122624K)->121445K(122624K) Class: 17643K(19712K)->17643K(19712K)
[2023-03-15T06:50:27.672+0000][69][gc          ] GC(498) Pause Young (Normal) (G1 Evacuation Pause) 201M->109M(256M) 18.333ms
[2023-03-15T06:50:27.672+0000][69][gc,cpu      ] GC(498) User=0.01s Sys=0.00s Real=0.02s
[2023-03-15T06:50:27.673+0000][69][safepoint   ] Safepoint "G1CollectForAllocation", Time since last: 1411063856 ns, Reaching safepoint: 435700 ns, At safepoint: 19405339 ns, Total: 19841039 ns
[2023-03-15T06:50:28.675+0000][69][safepoint   ] Safepoint "Cleanup", Time since last: 1001470953 ns, Reaching safepoint: 219322 ns, At safepoint: 7722 ns, Total: 227044 ns
[2023-03-15T06:50:34.691+0000][69][safepoint   ] Safepoint "Cleanup", Time since last: 6016144367 ns, Reaching safepoint: 278043 ns, At safepoint: 33858 ns, Total: 311901 ns
[2023-03-15T06:50:36.694+0000][69][safepoint   ] Safepoint "Cleanup", Time since last: 2002837703 ns, Reaching safepoint: 335533 ns, At safepoint: 12023 ns, Total: 347556 ns
[2023-03-15T06:50:40.701+0000][69][safepoint   ] Safepoint "Cleanup", Time since last: 4006358316 ns, Reaching safepoint: 257131 ns, At safepoint: 12228 ns, Total: 269359 ns
[2023-03-15T06:50:46.684+0000][69][safepoint   ] Safepoint "Cleanup", Time since last: 6010903913 ns, Reaching safepoint: 732758 ns, At safepoint: 23541 ns, Total: 756299 ns
[2023-03-15T06:50:51.693+0000][69][safepoint   ] Safepoint "Cleanup", Time since last: 5009187034 ns, Reaching safepoint: 110124 ns, At safepoint: 4002 ns, Total: 114126 ns
[2023-03-15T06:50:57.858+0000][69][gc,start    ] GC(499) Pause Young (Normal) (G1 Evacuation Pause)
[2023-03-15T06:50:57.859+0000][69][gc,task     ] GC(499) Using 4 workers of 4 for evacuation
[2023-03-15T06:50:57.860+0000][69][gc,age      ] GC(499) Desired survivor size 6291456 bytes, new threshold 15 (max threshold 15)
[2023-03-15T06:50:57.863+0000][69][gc,phases   ] GC(499)   Pre Evacuate Collection Set: 0.1ms
[2023-03-15T06:50:57.863+0000][69][gc,phases   ] GC(499)   Merge Heap Roots: 0.1ms
[2023-03-15T06:50:57.864+0000][69][gc,phases   ] GC(499)   Evacuate Collection Set: 1.5ms
[2023-03-15T06:50:57.864+0000][69][gc,phases   ] GC(499)   Post Evacuate Collection Set: 0.7ms
[2023-03-15T06:50:57.865+0000][69][gc,phases   ] GC(499)   Other: 1.1ms
[2023-03-15T06:50:57.865+0000][69][gc,age      ] GC(499) Age table with threshold 15 (max threshold 15)
[2023-03-15T06:50:57.866+0000][69][gc,age      ] GC(499) - age   1:     825968 bytes,     825968 total
[2023-03-15T06:50:57.866+0000][69][gc,age      ] GC(499) - age   2:     749992 bytes,    1575960 total
[2023-03-15T06:50:57.867+0000][69][gc,age      ] GC(499) - age   3:        200 bytes,    1576160 total
[2023-03-15T06:50:57.867+0000][69][gc,age      ] GC(499) - age   4:      95256 bytes,    1671416 total
[2023-03-15T06:50:57.868+0000][69][gc,age      ] GC(499) - age   5:      43864 bytes,    1715280 total
[2023-03-15T06:50:57.868+0000][69][gc,age      ] GC(499) - age   6:     147272 bytes,    1862552 total
[2023-03-15T06:50:57.869+0000][69][gc,age      ] GC(499) - age   7:      27720 bytes,    1890272 total
[2023-03-15T06:50:57.869+0000][69][gc,age      ] GC(499) - age   8:       7976 bytes,    1898248 total
[2023-03-15T06:50:57.869+0000][69][gc,age      ] GC(499) - age   9:      19968 bytes,    1918216 total
[2023-03-15T06:50:57.870+0000][69][gc,age      ] GC(499) - age  10:       6688 bytes,    1924904 total
[2023-03-15T06:50:57.870+0000][69][gc,age      ] GC(499) - age  11:        336 bytes,    1925240 total
[2023-03-15T06:50:57.871+0000][69][gc,age      ] GC(499) - age  12:       2192 bytes,    1927432 total
[2023-03-15T06:50:57.871+0000][69][gc,age      ] GC(499) - age  13:       7144 bytes,    1934576 total
[2023-03-15T06:50:57.872+0000][69][gc,age      ] GC(499) - age  14:      16288 bytes,    1950864 total
[2023-03-15T06:50:57.872+0000][69][gc,heap     ] GC(499) Eden regions: 22->0(23)
[2023-03-15T06:50:57.872+0000][69][gc,heap     ] GC(499) Survivor regions: 1->1(3)
[2023-03-15T06:50:57.873+0000][69][gc,heap     ] GC(499) Old regions: 25->25
[2023-03-15T06:50:57.873+0000][69][gc,heap     ] GC(499) Archive regions: 2->2
[2023-03-15T06:50:57.874+0000][69][gc,heap     ] GC(499) Humongous regions: 2->2
[2023-03-15T06:50:57.874+0000][69][gc,metaspace] GC(499) Metaspace: 139088K(142336K)->139088K(142336K) NonClass: 121445K(122624K)->121445K(122624K) Class: 17643K(19712K)->17643K(19712K)
[2023-03-15T06:50:57.875+0000][69][gc          ] GC(499) Pause Young (Normal) (G1 Evacuation Pause) 197M->110M(256M) 16.325ms
[2023-03-15T06:50:57.876+0000][69][gc,cpu      ] GC(499) User=0.01s Sys=0.00s Real=0.02s
[2023-03-15T06:50:57.876+0000][69][safepoint   ] Safepoint "G1CollectForAllocation", Time since last: 6164951263 ns, Reaching safepoint: 69815 ns, At safepoint: 17577686 ns, Total: 17647501 ns
[2023-03-15T06:50:59.879+0000][69][safepoint   ] Safepoint "Cleanup", Time since last: 2002711451 ns, Reaching safepoint: 629648 ns, At safepoint: 15376 ns, Total: 645024 ns
[2023-03-15T06:51:04.885+0000][69][safepoint   ] Safepoint "Cleanup", Time since last: 5005638191 ns, Reaching safepoint: 242383 ns, At safepoint: 59023 ns, Total: 301406 ns
[2023-03-15T06:51:06.889+0000][69][safepoint   ] Safepoint "Cleanup", Time since last: 2003191568 ns, Reaching safepoint: 342498 ns, At safepoint: 13739 ns, Total: 356237 ns
[2023-03-15T06:51:10.895+0000][69][safepoint   ] Safepoint "Cleanup", Time since last: 4005562578 ns, Reaching safepoint: 377011 ns, At safepoint: 11931 ns, Total: 388942 ns
[2023-03-15T06:51:27.859+0000][69][gc,start    ] GC(500) Pause Young (Concurrent Start) (G1 Evacuation Pause)
[2023-03-15T06:51:27.860+0000][69][gc,task     ] GC(500) Using 4 workers of 4 for evacuation
[2023-03-15T06:51:27.860+0000][69][gc,age      ] GC(500) Desired survivor size 6291456 bytes, new threshold 15 (max threshold 15)
[2023-03-15T06:51:27.865+0000][69][gc,phases   ] GC(500)   Pre Evacuate Collection Set: 0.4ms
[2023-03-15T06:51:27.865+0000][69][gc,phases   ] GC(500)   Merge Heap Roots: 0.1ms
[2023-03-15T06:51:27.866+0000][69][gc,phases   ] GC(500)   Evacuate Collection Set: 2.5ms
[2023-03-15T06:51:27.866+0000][69][gc,phases   ] GC(500)   Post Evacuate Collection Set: 0.9ms
[2023-03-15T06:51:27.867+0000][69][gc,phases   ] GC(500)   Other: 1.2ms
[2023-03-15T06:51:27.868+0000][69][gc,age      ] GC(500) Age table with threshold 15 (max threshold 15)
[2023-03-15T06:51:27.868+0000][69][gc,age      ] GC(500) - age   1:    1065736 bytes,    1065736 total
[2023-03-15T06:51:27.869+0000][69][gc,age      ] GC(500) - age   2:      37512 bytes,    1103248 total
[2023-03-15T06:51:27.869+0000][69][gc,age      ] GC(500) - age   3:     748400 bytes,    1851648 total
[2023-03-15T06:51:27.870+0000][69][gc,age      ] GC(500) - age   4:        104 bytes,    1851752 total
[2023-03-15T06:51:27.870+0000][69][gc,age      ] GC(500) - age   5:      93840 bytes,    1945592 total
[2023-03-15T06:51:27.870+0000][69][gc,age      ] GC(500) - age   6:      36936 bytes,    1982528 total
[2023-03-15T06:51:27.871+0000][69][gc,age      ] GC(500) - age   7:     147272 bytes,    2129800 total
[2023-03-15T06:51:27.871+0000][69][gc,age      ] GC(500) - age   8:       3136 bytes,    2132936 total
[2023-03-15T06:51:27.872+0000][69][gc,age      ] GC(500) - age   9:       7976 bytes,    2140912 total
[2023-03-15T06:51:27.872+0000][69][gc,age      ] GC(500) - age  10:      19968 bytes,    2160880 total
[2023-03-15T06:51:27.873+0000][69][gc,age      ] GC(500) - age  11:       6688 bytes,    2167568 total
[2023-03-15T06:51:27.873+0000][69][gc,age      ] GC(500) - age  12:        336 bytes,    2167904 total
[2023-03-15T06:51:27.874+0000][69][gc,age      ] GC(500) - age  13:       2192 bytes,    2170096 total
[2023-03-15T06:51:27.874+0000][69][gc,age      ] GC(500) - age  14:       7144 bytes,    2177240 total
[2023-03-15T06:51:27.875+0000][69][gc,age      ] GC(500) - age  15:      16288 bytes,    2193528 total
[2023-03-15T06:51:27.875+0000][69][gc,heap     ] GC(500) Eden regions: 23->0(23)
[2023-03-15T06:51:27.875+0000][69][gc,heap     ] GC(500) Survivor regions: 1->1(3)
[2023-03-15T06:51:27.876+0000][69][gc,heap     ] GC(500) Old regions: 25->25
[2023-03-15T06:51:27.877+0000][69][gc,heap     ] GC(500) Archive regions: 2->2
[2023-03-15T06:51:27.877+0000][69][gc,heap     ] GC(500) Humongous regions: 2->2
[2023-03-15T06:51:27.878+0000][69][gc,metaspace] GC(500) Metaspace: 139089K(142336K)->139089K(142336K) NonClass: 121446K(122624K)->121446K(122624K) Class: 17643K(19712K)->17643K(19712K)
[2023-03-15T06:51:27.878+0000][69][gc          ] GC(500) Pause Young (Concurrent Start) (G1 Evacuation Pause) 202M->110M(256M) 19.219ms
[2023-03-15T06:51:27.879+0000][69][gc,cpu      ] GC(500) User=0.01s Sys=0.00s Real=0.02s
[2023-03-15T06:51:27.880+0000][69][safepoint   ] Safepoint "G1CollectForAllocation", Time since last: 17019108734 ns, Reaching safepoint: 128938 ns, At safepoint: 20738791 ns, Total: 20867729 ns
[2023-03-15T06:51:27.879+0000][69][gc          ] GC(501) Concurrent Mark Cycle
[2023-03-15T06:51:27.881+0000][69][gc,marking  ] GC(501) Concurrent Clear Claimed Marks
[2023-03-15T06:51:27.885+0000][69][gc,marking  ] GC(501) Concurrent Clear Claimed Marks 3.323ms
[2023-03-15T06:51:27.887+0000][69][gc,marking  ] GC(501) Concurrent Scan Root Regions
[2023-03-15T06:51:27.890+0000][69][gc,marking  ] GC(501) Concurrent Scan Root Regions 3.504ms
[2023-03-15T06:51:27.891+0000][69][gc,marking  ] GC(501) Concurrent Mark
[2023-03-15T06:51:27.892+0000][69][gc,marking  ] GC(501) Concurrent Mark From Roots
[2023-03-15T06:51:27.892+0000][69][gc,task     ] GC(501) Using 1 workers of 1 for marking
[2023-03-15T06:51:27.993+0000][69][gc,marking  ] GC(501) Concurrent Mark From Roots 101.124ms
[2023-03-15T06:51:27.994+0000][69][gc,marking  ] GC(501) Concurrent Preclean
[2023-03-15T06:51:27.995+0000][69][gc,marking  ] GC(501) Concurrent Preclean 1.106ms
[2023-03-15T06:51:27.996+0000][69][gc,start    ] GC(501) Pause Remark
[2023-03-15T06:51:28.007+0000][69][gc          ] GC(501) Pause Remark 113M->113M(256M) 10.763ms
[2023-03-15T06:51:28.008+0000][69][gc,cpu      ] GC(501) User=0.03s Sys=0.01s Real=0.01s
[2023-03-15T06:51:28.009+0000][69][safepoint   ] Safepoint "G1PauseRemark", Time since last: 116362839 ns, Reaching safepoint: 182958 ns, At safepoint: 12777135 ns, Total: 12960093 ns
[2023-03-15T06:51:28.009+0000][69][gc,marking  ] GC(501) Concurrent Mark 118.442ms
[2023-03-15T06:51:28.010+0000][69][gc,marking  ] GC(501) Concurrent Rebuild Remembered Sets
[2023-03-15T06:51:28.063+0000][69][gc,marking  ] GC(501) Concurrent Rebuild Remembered Sets 52.456ms
[2023-03-15T06:51:28.064+0000][69][gc,start    ] GC(501) Pause Cleanup
[2023-03-15T06:51:28.065+0000][69][gc          ] GC(501) Pause Cleanup 113M->113M(256M) 0.798ms
[2023-03-15T06:51:28.065+0000][69][gc,cpu      ] GC(501) User=0.00s Sys=0.00s Real=0.00s
[2023-03-15T06:51:28.066+0000][69][safepoint   ] Safepoint "G1PauseCleanup", Time since last: 54660837 ns, Reaching safepoint: 187364 ns, At safepoint: 1833316 ns, Total: 2020680 ns
[2023-03-15T06:51:28.066+0000][69][gc,marking  ] GC(501) Concurrent Cleanup for Next Mark
[2023-03-15T06:51:28.067+0000][69][gc,marking  ] GC(501) Concurrent Cleanup for Next Mark 0.752ms
[2023-03-15T06:51:28.068+0000][69][gc          ] GC(501) Concurrent Mark Cycle 188.445ms
[2023-03-15T06:51:34.072+0000][69][safepoint   ] Safepoint "Cleanup", Time since last: 6005662809 ns, Reaching safepoint: 346544 ns, At safepoint: 14212 ns, Total: 360756 ns
[2023-03-15T06:51:58.068+0000][69][safepoint   ] Safepoint "Cleanup", Time since last: 24023688952 ns, Reaching safepoint: 347913 ns, At safepoint: 15040 ns, Total: 362953 ns
[2023-03-15T06:51:59.072+0000][69][safepoint   ] Safepoint "Cleanup", Time since last: 1003351558 ns, Reaching safepoint: 474067 ns, At safepoint: 15437 ns, Total: 489504 ns
[2023-03-15T06:51:59.503+0000][69][gc,start    ] GC(502) Pause Young (Normal) (G1 Evacuation Pause)
[2023-03-15T06:51:59.505+0000][69][gc,task     ] GC(502) Using 4 workers of 4 for evacuation
[2023-03-15T06:51:59.507+0000][69][gc,age      ] GC(502) Desired survivor size 6291456 bytes, new threshold 15 (max threshold 15)
[2023-03-15T06:51:59.515+0000][69][gc,phases   ] GC(502)   Pre Evacuate Collection Set: 0.3ms
[2023-03-15T06:51:59.516+0000][69][gc,phases   ] GC(502)   Merge Heap Roots: 0.4ms
[2023-03-15T06:51:59.517+0000][69][gc,phases   ] GC(502)   Evacuate Collection Set: 4.4ms
[2023-03-15T06:51:59.518+0000][69][gc,phases   ] GC(502)   Post Evacuate Collection Set: 1.5ms
[2023-03-15T06:51:59.519+0000][69][gc,phases   ] GC(502)   Other: 3.5ms
[2023-03-15T06:51:59.520+0000][69][gc,age      ] GC(502) Age table with threshold 15 (max threshold 15)
[2023-03-15T06:51:59.520+0000][69][gc,age      ] GC(502) - age   1:    1230536 bytes,    1230536 total
[2023-03-15T06:51:59.521+0000][69][gc,age      ] GC(502) - age   2:       5536 bytes,    1236072 total
[2023-03-15T06:51:59.522+0000][69][gc,age      ] GC(502) - age   3:      36152 bytes,    1272224 total
[2023-03-15T06:51:59.523+0000][69][gc,age      ] GC(502) - age   4:     690504 bytes,    1962728 total
[2023-03-15T06:51:59.523+0000][69][gc,age      ] GC(502) - age   6:      93024 bytes,    2055752 total
[2023-03-15T06:51:59.524+0000][69][gc,age      ] GC(502) - age   7:      36672 bytes,    2092424 total
[2023-03-15T06:51:59.525+0000][69][gc,age      ] GC(502) - age   8:      97984 bytes,    2190408 total
[2023-03-15T06:51:59.525+0000][69][gc,age      ] GC(502) - age   9:       3136 bytes,    2193544 total
[2023-03-15T06:51:59.526+0000][69][gc,age      ] GC(502) - age  10:       7976 bytes,    2201520 total
[2023-03-15T06:51:59.527+0000][69][gc,age      ] GC(502) - age  11:      19968 bytes,    2221488 total
[2023-03-15T06:51:59.527+0000][69][gc,age      ] GC(502) - age  12:       6688 bytes,    2228176 total
[2023-03-15T06:51:59.528+0000][69][gc,age      ] GC(502) - age  13:        336 bytes,    2228512 total
[2023-03-15T06:51:59.528+0000][69][gc,age      ] GC(502) - age  14:       2192 bytes,    2230704 total
[2023-03-15T06:51:59.529+0000][69][gc,age      ] GC(502) - age  15:       6960 bytes,    2237664 total
[2023-03-15T06:51:59.529+0000][69][gc,heap     ] GC(502) Eden regions: 23->0(23)
[2023-03-15T06:51:59.530+0000][69][gc,heap     ] GC(502) Survivor regions: 1->1(3)
[2023-03-15T06:51:59.531+0000][69][gc,heap     ] GC(502) Old regions: 25->25
[2023-03-15T06:51:59.531+0000][69][gc,heap     ] GC(502) Archive regions: 2->2
[2023-03-15T06:51:59.532+0000][69][gc,heap     ] GC(502) Humongous regions: 2->2
[2023-03-15T06:51:59.533+0000][69][gc,metaspace] GC(502) Metaspace: 139090K(142336K)->139090K(142336K) NonClass: 121447K(122624K)->121447K(122624K) Class: 17643K(19712K)->17643K(19712K)
[2023-03-15T06:51:59.533+0000][69][gc          ] GC(502) Pause Young (Normal) (G1 Evacuation Pause) 202M->110M(256M) 29.820ms
[2023-03-15T06:51:59.534+0000][69][gc,cpu      ] GC(502) User=0.02s Sys=0.00s Real=0.03s
[2023-03-15T06:51:59.534+0000][69][safepoint   ] Safepoint "G1CollectForAllocation", Time since last: 430859345 ns, Reaching safepoint: 323853 ns, At safepoint: 31130250 ns, Total: 31454103 ns
[2023-03-15T06:52:01.539+0000][69][safepoint   ] Safepoint "Cleanup", Time since last: 2003470384 ns, Reaching safepoint: 570702 ns, At safepoint: 17159 ns, Total: 587861 ns
[2023-03-15T06:52:03.546+0000][69][safepoint   ] Safepoint "Cleanup", Time since last: 2006724610 ns, Reaching safepoint: 655877 ns, At safepoint: 14301 ns, Total: 670178 ns
[2023-03-15T06:52:27.828+0000][69][gc,start    ] GC(503) Pause Young (Concurrent Start) (G1 Evacuation Pause)
[2023-03-15T06:52:27.829+0000][69][gc,task     ] GC(503) Using 4 workers of 4 for evacuation
[2023-03-15T06:52:27.830+0000][69][gc,age      ] GC(503) Desired survivor size 6291456 bytes, new threshold 15 (max threshold 15)
[2023-03-15T06:52:27.834+0000][69][gc,phases   ] GC(503)   Pre Evacuate Collection Set: 0.3ms
[2023-03-15T06:52:27.835+0000][69][gc,phases   ] GC(503)   Merge Heap Roots: 0.1ms
[2023-03-15T06:52:27.836+0000][69][gc,phases   ] GC(503)   Evacuate Collection Set: 2.7ms
[2023-03-15T06:52:27.837+0000][69][gc,phases   ] GC(503)   Post Evacuate Collection Set: 0.9ms
[2023-03-15T06:52:27.838+0000][69][gc,phases   ] GC(503)   Other: 1.6ms
[2023-03-15T06:52:27.838+0000][69][gc,age      ] GC(503) Age table with threshold 15 (max threshold 15)
[2023-03-15T06:52:27.839+0000][69][gc,age      ] GC(503) - age   1:    1799112 bytes,    1799112 total
[2023-03-15T06:52:27.839+0000][69][gc,age      ] GC(503) - age   2:       5448 bytes,    1804560 total
[2023-03-15T06:52:27.840+0000][69][gc,age      ] GC(503) - age   3:       4256 bytes,    1808816 total
[2023-03-15T06:52:27.841+0000][69][gc,age      ] GC(503) - age   4:      35768 bytes,    1844584 total
[2023-03-15T06:52:27.841+0000][69][gc,age      ] GC(503) - age   5:     690504 bytes,    2535088 total
[2023-03-15T06:52:27.843+0000][69][gc,age      ] GC(503) - age   7:      92960 bytes,    2628048 total
[2023-03-15T06:52:27.844+0000][69][gc,age      ] GC(503) - age   8:      12088 bytes,    2640136 total
[2023-03-15T06:52:27.845+0000][69][gc,age      ] GC(503) - age   9:      97984 bytes,    2738120 total
[2023-03-15T06:52:27.846+0000][69][gc,age      ] GC(503) - age  10:       3136 bytes,    2741256 total
[2023-03-15T06:52:27.847+0000][69][gc,age      ] GC(503) - age  11:       4216 bytes,    2745472 total
[2023-03-15T06:52:27.848+0000][69][gc,age      ] GC(503) - age  12:      19968 bytes,    2765440 total
[2023-03-15T06:52:27.849+0000][69][gc,age      ] GC(503) - age  13:       6688 bytes,    2772128 total
[2023-03-15T06:52:27.849+0000][69][gc,age      ] GC(503) - age  14:        336 bytes,    2772464 total
[2023-03-15T06:52:27.850+0000][69][gc,age      ] GC(503) - age  15:       2192 bytes,    2774656 total
[2023-03-15T06:52:27.851+0000][69][gc,heap     ] GC(503) Eden regions: 23->0(22)
[2023-03-15T06:52:27.852+0000][69][gc,heap     ] GC(503) Survivor regions: 1->1(3)
[2023-03-15T06:52:27.853+0000][69][gc,heap     ] GC(503) Old regions: 25->25
[2023-03-15T06:52:27.853+0000][69][gc,heap     ] GC(503) Archive regions: 2->2
[2023-03-15T06:52:27.854+0000][69][gc,heap     ] GC(503) Humongous regions: 2->2
[2023-03-15T06:52:27.855+0000][69][gc,metaspace] GC(503) Metaspace: 139099K(142336K)->139099K(142336K) NonClass: 121456K(122624K)->121456K(122624K) Class: 17643K(19712K)->17643K(19712K)
[2023-03-15T06:52:27.856+0000][69][gc          ] GC(503) Pause Young (Concurrent Start) (G1 Evacuation Pause) 202M->110M(256M) 28.051ms
[2023-03-15T06:52:27.857+0000][69][gc          ] GC(504) Concurrent Mark Cycle
[2023-03-15T06:52:27.857+0000][69][gc,marking  ] GC(504) Concurrent Clear Claimed Marks
[2023-03-15T06:52:27.857+0000][69][gc,cpu      ] GC(503) User=0.01s Sys=0.00s Real=0.03s
[2023-03-15T06:52:27.859+0000][69][safepoint   ] Safepoint "G1CollectForAllocation", Time since last: 24303943792 ns, Reaching safepoint: 77384 ns, At safepoint: 30945285 ns, Total: 31022669 ns
[2023-03-15T06:52:27.858+0000][69][gc,marking  ] GC(504) Concurrent Clear Claimed Marks 0.864ms
[2023-03-15T06:52:27.860+0000][69][gc,marking  ] GC(504) Concurrent Scan Root Regions
[2023-03-15T06:52:27.866+0000][69][gc,marking  ] GC(504) Concurrent Scan Root Regions 6.389ms
[2023-03-15T06:52:27.867+0000][69][gc,marking  ] GC(504) Concurrent Mark
[2023-03-15T06:52:27.868+0000][69][gc,marking  ] GC(504) Concurrent Mark From Roots
[2023-03-15T06:52:27.868+0000][69][gc,task     ] GC(504) Using 1 workers of 1 for marking
[2023-03-15T06:52:28.025+0000][69][gc,marking  ] GC(504) Concurrent Mark From Roots 156.836ms
[2023-03-15T06:52:28.026+0000][69][gc,marking  ] GC(504) Concurrent Preclean
[2023-03-15T06:52:28.027+0000][69][gc,marking  ] GC(504) Concurrent Preclean 1.225ms
[2023-03-15T06:52:28.028+0000][69][gc,start    ] GC(504) Pause Remark
[2023-03-15T06:52:28.043+0000][69][gc          ] GC(504) Pause Remark 119M->119M(256M) 15.167ms
[2023-03-15T06:52:28.045+0000][69][gc,cpu      ] GC(504) User=0.03s Sys=0.00s Real=0.02s
[2023-03-15T06:52:28.046+0000][69][safepoint   ] Safepoint "G1PauseRemark", Time since last: 169097761 ns, Reaching safepoint: 249249 ns, At safepoint: 17386398 ns, Total: 17635647 ns
[2023-03-15T06:52:28.047+0000][69][gc,marking  ] GC(504) Concurrent Mark 179.473ms
[2023-03-15T06:52:28.047+0000][69][gc,marking  ] GC(504) Concurrent Rebuild Remembered Sets
[2023-03-15T06:52:28.105+0000][69][gc,marking  ] GC(504) Concurrent Rebuild Remembered Sets 57.722ms
[2023-03-15T06:52:28.106+0000][69][gc,start    ] GC(504) Pause Cleanup
[2023-03-15T06:52:28.107+0000][69][gc          ] GC(504) Pause Cleanup 119M->119M(256M) 0.467ms
[2023-03-15T06:52:28.107+0000][69][gc,cpu      ] GC(504) User=0.00s Sys=0.00s Real=0.00s
[2023-03-15T06:52:28.107+0000][69][safepoint   ] Safepoint "G1PauseCleanup", Time since last: 60457012 ns, Reaching safepoint: 177142 ns, At safepoint: 1344751 ns, Total: 1521893 ns
[2023-03-15T06:52:28.108+0000][69][gc,marking  ] GC(504) Concurrent Cleanup for Next Mark
[2023-03-15T06:52:28.110+0000][69][gc,marking  ] GC(504) Concurrent Cleanup for Next Mark 1.801ms
[2023-03-15T06:52:28.111+0000][69][gc          ] GC(504) Concurrent Mark Cycle 253.956ms
[2023-03-15T06:52:52.935+0000][69][gc,start    ] GC(505) Pause Young (Normal) (G1 Evacuation Pause)
[2023-03-15T06:52:52.936+0000][69][gc,task     ] GC(505) Using 4 workers of 4 for evacuation
[2023-03-15T06:52:52.937+0000][69][gc,age      ] GC(505) Desired survivor size 6291456 bytes, new threshold 15 (max threshold 15)
[2023-03-15T06:52:52.940+0000][69][gc,phases   ] GC(505)   Pre Evacuate Collection Set: 0.2ms
[2023-03-15T06:52:52.941+0000][69][gc,phases   ] GC(505)   Merge Heap Roots: 0.1ms
[2023-03-15T06:52:52.941+0000][69][gc,phases   ] GC(505)   Evacuate Collection Set: 1.6ms
[2023-03-15T06:52:52.942+0000][69][gc,phases   ] GC(505)   Post Evacuate Collection Set: 0.9ms
[2023-03-15T06:52:52.942+0000][69][gc,phases   ] GC(505)   Other: 0.9ms
[2023-03-15T06:52:52.943+0000][69][gc,age      ] GC(505) Age table with threshold 15 (max threshold 15)
[2023-03-15T06:52:52.943+0000][69][gc,age      ] GC(505) - age   1:     513952 bytes,     513952 total
[2023-03-15T06:52:52.944+0000][69][gc,age      ] GC(505) - age   2:      12376 bytes,     526328 total
[2023-03-15T06:52:52.945+0000][69][gc,age      ] GC(505) - age   3:       1336 bytes,     527664 total
[2023-03-15T06:52:52.945+0000][69][gc,age      ] GC(505) - age   4:       4192 bytes,     531856 total
[2023-03-15T06:52:52.946+0000][69][gc,age      ] GC(505) - age   5:      35768 bytes,     567624 total
[2023-03-15T06:52:52.946+0000][69][gc,age      ] GC(505) - age   6:     690504 bytes,    1258128 total
[2023-03-15T06:52:52.947+0000][69][gc,age      ] GC(505) - age   8:      68120 bytes,    1326248 total
[2023-03-15T06:52:52.947+0000][69][gc,age      ] GC(505) - age   9:      12088 bytes,    1338336 total
[2023-03-15T06:52:52.948+0000][69][gc,age      ] GC(505) - age  10:      81416 bytes,    1419752 total
[2023-03-15T06:52:52.948+0000][69][gc,age      ] GC(505) - age  11:       3136 bytes,    1422888 total
[2023-03-15T06:52:52.949+0000][69][gc,age      ] GC(505) - age  12:       4216 bytes,    1427104 total
[2023-03-15T06:52:52.949+0000][69][gc,age      ] GC(505) - age  13:      19968 bytes,    1447072 total
[2023-03-15T06:52:52.949+0000][69][gc,age      ] GC(505) - age  14:       6688 bytes,    1453760 total
[2023-03-15T06:52:52.950+0000][69][gc,age      ] GC(505) - age  15:         40 bytes,    1453800 total
[2023-03-15T06:52:52.951+0000][69][gc,heap     ] GC(505) Eden regions: 22->0(23)
[2023-03-15T06:52:52.951+0000][69][gc,heap     ] GC(505) Survivor regions: 1->1(3)
[2023-03-15T06:52:52.952+0000][69][gc,heap     ] GC(505) Old regions: 25->25
[2023-03-15T06:52:52.952+0000][69][gc,heap     ] GC(505) Archive regions: 2->2
[2023-03-15T06:52:52.952+0000][69][gc,heap     ] GC(505) Humongous regions: 2->2
[2023-03-15T06:52:52.953+0000][69][gc,metaspace] GC(505) Metaspace: 139099K(142336K)->139099K(142336K) NonClass: 121456K(122624K)->121456K(122624K) Class: 17643K(19712K)->17643K(19712K)
[2023-03-15T06:52:52.953+0000][69][gc          ] GC(505) Pause Young (Normal) (G1 Evacuation Pause) 198M->109M(256M) 18.043ms
[2023-03-15T06:52:52.954+0000][69][gc,cpu      ] GC(505) User=0.01s Sys=0.00s Real=0.02s
[2023-03-15T06:52:52.955+0000][69][safepoint   ] Safepoint "G1CollectForAllocation", Time since last: 24851758772 ns, Reaching safepoint: 89372 ns, At safepoint: 19405485 ns, Total: 19494857 ns
[2023-03-15T06:53:03.968+0000][69][safepoint   ] Safepoint "Cleanup", Time since last: 11011971712 ns, Reaching safepoint: 1063071 ns, At safepoint: 61966 ns, Total: 1125037 ns
[2023-03-15T06:53:23.651+0000][69][gc,start    ] GC(506) Pause Young (Concurrent Start) (G1 Evacuation Pause)
[2023-03-15T06:53:23.653+0000][69][gc,task     ] GC(506) Using 4 workers of 4 for evacuation
[2023-03-15T06:53:23.654+0000][69][gc,age      ] GC(506) Desired survivor size 6291456 bytes, new threshold 15 (max threshold 15)
[2023-03-15T06:53:23.663+0000][69][gc,phases   ] GC(506)   Pre Evacuate Collection Set: 1.1ms
[2023-03-15T06:53:23.666+0000][69][gc,phases   ] GC(506)   Merge Heap Roots: 0.3ms
[2023-03-15T06:53:23.666+0000][69][gc,phases   ] GC(506)   Evacuate Collection Set: 3.4ms
[2023-03-15T06:53:23.667+0000][69][gc,phases   ] GC(506)   Post Evacuate Collection Set: 2.6ms
[2023-03-15T06:53:23.668+0000][69][gc,phases   ] GC(506)   Other: 3.6ms
[2023-03-15T06:53:23.669+0000][69][gc,age      ] GC(506) Age table with threshold 15 (max threshold 15)
[2023-03-15T06:53:23.670+0000][69][gc,age      ] GC(506) - age   1:     745288 bytes,     745288 total
[2023-03-15T06:53:23.670+0000][69][gc,age      ] GC(506) - age   2:       2992 bytes,     748280 total
[2023-03-15T06:53:23.671+0000][69][gc,age      ] GC(506) - age   3:       2816 bytes,     751096 total
[2023-03-15T06:53:23.672+0000][69][gc,age      ] GC(506) - age   4:       1248 bytes,     752344 total
[2023-03-15T06:53:23.672+0000][69][gc,age      ] GC(506) - age   5:       4192 bytes,     756536 total
[2023-03-15T06:53:23.673+0000][69][gc,age      ] GC(506) - age   6:      35472 bytes,     792008 total
[2023-03-15T06:53:23.673+0000][69][gc,age      ] GC(506) - age   7:     690504 bytes,    1482512 total
[2023-03-15T06:53:23.674+0000][69][gc,age      ] GC(506) - age   9:      68120 bytes,    1550632 total
[2023-03-15T06:53:23.675+0000][69][gc,age      ] GC(506) - age  10:      12088 bytes,    1562720 total
[2023-03-15T06:53:23.675+0000][69][gc,age      ] GC(506) - age  11:      81416 bytes,    1644136 total
[2023-03-15T06:53:23.676+0000][69][gc,age      ] GC(506) - age  12:       3136 bytes,    1647272 total
[2023-03-15T06:53:23.676+0000][69][gc,age      ] GC(506) - age  13:       4216 bytes,    1651488 total
[2023-03-15T06:53:23.677+0000][69][gc,age      ] GC(506) - age  14:      19760 bytes,    1671248 total
[2023-03-15T06:53:23.677+0000][69][gc,age      ] GC(506) - age  15:       6688 bytes,    1677936 total
[2023-03-15T06:53:23.678+0000][69][gc,heap     ] GC(506) Eden regions: 23->0(23)
[2023-03-15T06:53:23.678+0000][69][gc,heap     ] GC(506) Survivor regions: 1->1(3)
[2023-03-15T06:53:23.679+0000][69][gc,heap     ] GC(506) Old regions: 25->25
[2023-03-15T06:53:23.679+0000][69][gc,heap     ] GC(506) Archive regions: 2->2
[2023-03-15T06:53:23.680+0000][69][gc,heap     ] GC(506) Humongous regions: 2->2
[2023-03-15T06:53:23.681+0000][69][gc,metaspace] GC(506) Metaspace: 139102K(142336K)->139102K(142336K) NonClass: 121458K(122624K)->121458K(122624K) Class: 17643K(19712K)->17643K(19712K)
[2023-03-15T06:53:23.681+0000][69][gc          ] GC(506) Pause Young (Concurrent Start) (G1 Evacuation Pause) 201M->109M(256M) 30.492ms
[2023-03-15T06:53:23.682+0000][69][gc          ] GC(507) Concurrent Mark Cycle
[2023-03-15T06:53:23.682+0000][69][gc,marking  ] GC(507) Concurrent Clear Claimed Marks
[2023-03-15T06:53:23.683+0000][69][gc,marking  ] GC(507) Concurrent Clear Claimed Marks 0.796ms
[2023-03-15T06:53:23.684+0000][69][gc,marking  ] GC(507) Concurrent Scan Root Regions
[2023-03-15T06:53:23.682+0000][69][gc,cpu      ] GC(506) User=0.01s Sys=0.00s Real=0.03s
[2023-03-15T06:53:23.686+0000][69][safepoint   ] Safepoint "G1CollectForAllocation", Time since last: 19706036709 ns, Reaching safepoint: 227775 ns, At safepoint: 34908778 ns, Total: 35136553 ns
[2023-03-15T06:53:23.687+0000][69][gc,marking  ] GC(507) Concurrent Scan Root Regions 3.484ms
[2023-03-15T06:53:23.688+0000][69][gc,marking  ] GC(507) Concurrent Mark
[2023-03-15T06:53:23.688+0000][69][gc,marking  ] GC(507) Concurrent Mark From Roots
[2023-03-15T06:53:23.689+0000][69][gc,task     ] GC(507) Using 1 workers of 1 for marking
[2023-03-15T06:53:23.787+0000][69][gc,marking  ] GC(507) Concurrent Mark From Roots 99.092ms
[2023-03-15T06:53:23.788+0000][69][gc,marking  ] GC(507) Concurrent Preclean
[2023-03-15T06:53:23.789+0000][69][gc,marking  ] GC(507) Concurrent Preclean 0.829ms
[2023-03-15T06:53:23.790+0000][69][gc,start    ] GC(507) Pause Remark
[2023-03-15T06:53:23.802+0000][69][gc          ] GC(507) Pause Remark 110M->110M(256M) 11.177ms
[2023-03-15T06:53:23.803+0000][69][gc,cpu      ] GC(507) User=0.03s Sys=0.00s Real=0.01s
[2023-03-15T06:53:23.804+0000][69][safepoint   ] Safepoint "G1PauseRemark", Time since last: 104297806 ns, Reaching safepoint: 320585 ns, At safepoint: 13244159 ns, Total: 13564744 ns
[2023-03-15T06:53:23.804+0000][69][gc,marking  ] GC(507) Concurrent Mark 116.371ms
[2023-03-15T06:53:23.805+0000][69][gc,marking  ] GC(507) Concurrent Rebuild Remembered Sets
[2023-03-15T06:53:23.856+0000][69][gc,marking  ] GC(507) Concurrent Rebuild Remembered Sets 50.928ms
[2023-03-15T06:53:23.857+0000][69][gc,start    ] GC(507) Pause Cleanup
[2023-03-15T06:53:23.858+0000][69][gc          ] GC(507) Pause Cleanup 110M->110M(256M) 1.060ms
[2023-03-15T06:53:23.859+0000][69][gc,cpu      ] GC(507) User=0.00s Sys=0.00s Real=0.01s
[2023-03-15T06:53:23.859+0000][69][safepoint   ] Safepoint "G1PauseCleanup", Time since last: 52851930 ns, Reaching safepoint: 57539 ns, At safepoint: 2738061 ns, Total: 2795600 ns
[2023-03-15T06:53:23.860+0000][69][gc,marking  ] GC(507) Concurrent Cleanup for Next Mark
[2023-03-15T06:53:23.861+0000][69][gc,marking  ] GC(507) Concurrent Cleanup for Next Mark 0.690ms
[2023-03-15T06:53:23.861+0000][69][gc          ] GC(507) Concurrent Mark Cycle 178.970ms
[2023-03-15T06:53:28.866+0000][69][safepoint   ] Safepoint "Cleanup", Time since last: 5006117709 ns, Reaching safepoint: 350045 ns, At safepoint: 13023 ns, Total: 363068 ns
[2023-03-15T06:53:34.873+0000][69][safepoint   ] Safepoint "Cleanup", Time since last: 6007014199 ns, Reaching safepoint: 566919 ns, At safepoint: 12907 ns, Total: 579826 ns
[2023-03-15T06:53:46.864+0000][69][safepoint   ] Safepoint "Cleanup", Time since last: 12011037571 ns, Reaching safepoint: 334851 ns, At safepoint: 13082 ns, Total: 347933 ns
[2023-03-15T06:53:56.424+0000][69][gc,start    ] GC(508) Pause Young (Normal) (G1 Evacuation Pause)
[2023-03-15T06:53:56.426+0000][69][gc,task     ] GC(508) Using 4 workers of 4 for evacuation
[2023-03-15T06:53:56.428+0000][69][gc,age      ] GC(508) Desired survivor size 6291456 bytes, new threshold 15 (max threshold 15)
[2023-03-15T06:53:56.436+0000][69][gc,phases   ] GC(508)   Pre Evacuate Collection Set: 0.2ms
[2023-03-15T06:53:56.437+0000][69][gc,phases   ] GC(508)   Merge Heap Roots: 0.3ms
[2023-03-15T06:53:56.439+0000][69][gc,phases   ] GC(508)   Evacuate Collection Set: 3.8ms
[2023-03-15T06:53:56.440+0000][69][gc,phases   ] GC(508)   Post Evacuate Collection Set: 1.6ms
[2023-03-15T06:53:56.441+0000][69][gc,phases   ] GC(508)   Other: 4.1ms
[2023-03-15T06:53:56.442+0000][69][gc,age      ] GC(508) Age table with threshold 15 (max threshold 15)
[2023-03-15T06:53:56.443+0000][69][gc,age      ] GC(508) - age   1:     892952 bytes,     892952 total
[2023-03-15T06:53:56.443+0000][69][gc,age      ] GC(508) - age   2:       7712 bytes,     900664 total
[2023-03-15T06:53:56.444+0000][69][gc,age      ] GC(508) - age   3:       1528 bytes,     902192 total
[2023-03-15T06:53:56.445+0000][69][gc,age      ] GC(508) - age   4:       2496 bytes,     904688 total
[2023-03-15T06:53:56.446+0000][69][gc,age      ] GC(508) - age   5:        712 bytes,     905400 total
[2023-03-15T06:53:56.446+0000][69][gc,age      ] GC(508) - age   6:       4128 bytes,     909528 total
[2023-03-15T06:53:56.447+0000][69][gc,age      ] GC(508) - age   7:      17768 bytes,     927296 total
[2023-03-15T06:53:56.448+0000][69][gc,age      ] GC(508) - age   8:     690208 bytes,    1617504 total
[2023-03-15T06:53:56.448+0000][69][gc,age      ] GC(508) - age  10:      68120 bytes,    1685624 total
[2023-03-15T06:53:56.449+0000][69][gc,age      ] GC(508) - age  11:      12088 bytes,    1697712 total
[2023-03-15T06:53:56.450+0000][69][gc,age      ] GC(508) - age  12:      81416 bytes,    1779128 total
[2023-03-15T06:53:56.450+0000][69][gc,age      ] GC(508) - age  13:       3136 bytes,    1782264 total
[2023-03-15T06:53:56.451+0000][69][gc,age      ] GC(508) - age  14:       4216 bytes,    1786480 total
[2023-03-15T06:53:56.451+0000][69][gc,age      ] GC(508) - age  15:      19760 bytes,    1806240 total
[2023-03-15T06:53:56.452+0000][69][gc,heap     ] GC(508) Eden regions: 23->0(23)
[2023-03-15T06:53:56.453+0000][69][gc,heap     ] GC(508) Survivor regions: 1->1(3)
[2023-03-15T06:53:56.454+0000][69][gc,heap     ] GC(508) Old regions: 25->25
[2023-03-15T06:53:56.454+0000][69][gc,heap     ] GC(508) Archive regions: 2->2
[2023-03-15T06:53:56.455+0000][69][gc,heap     ] GC(508) Humongous regions: 2->2
[2023-03-15T06:53:56.456+0000][69][gc,metaspace] GC(508) Metaspace: 139103K(142336K)->139103K(142336K) NonClass: 121460K(122624K)->121460K(122624K) Class: 17643K(19712K)->17643K(19712K)
[2023-03-15T06:53:56.456+0000][69][gc          ] GC(508) Pause Young (Normal) (G1 Evacuation Pause) 201M->109M(256M) 32.151ms
[2023-03-15T06:53:56.457+0000][69][gc,cpu      ] GC(508) User=0.01s Sys=0.01s Real=0.04s
[2023-03-15T06:53:56.457+0000][69][safepoint   ] Safepoint "G1CollectForAllocation", Time since last: 9560180719 ns, Reaching safepoint: 309486 ns, At safepoint: 33372453 ns, Total: 33681939 ns
[2023-03-15T06:53:58.461+0000][69][safepoint   ] Safepoint "Cleanup", Time since last: 2003278314 ns, Reaching safepoint: 387444 ns, At safepoint: 33471 ns, Total: 420915 ns
[2023-03-15T06:54:05.469+0000][69][safepoint   ] Safepoint "Cleanup", Time since last: 7007484100 ns, Reaching safepoint: 408682 ns, At safepoint: 10777 ns, Total: 419459 ns
[2023-03-15T06:54:22.272+0000][69][gc,start    ] GC(509) Pause Young (Concurrent Start) (G1 Evacuation Pause)
[2023-03-15T06:54:22.273+0000][69][gc,task     ] GC(509) Using 4 workers of 4 for evacuation
[2023-03-15T06:54:22.274+0000][69][gc,age      ] GC(509) Desired survivor size 6291456 bytes, new threshold 15 (max threshold 15)
[2023-03-15T06:54:22.279+0000][69][gc,phases   ] GC(509)   Pre Evacuate Collection Set: 0.4ms
[2023-03-15T06:54:22.280+0000][69][gc,phases   ] GC(509)   Merge Heap Roots: 0.1ms
[2023-03-15T06:54:22.281+0000][69][gc,phases   ] GC(509)   Evacuate Collection Set: 2.8ms
[2023-03-15T06:54:22.281+0000][69][gc,phases   ] GC(509)   Post Evacuate Collection Set: 0.9ms
[2023-03-15T06:54:22.282+0000][69][gc,phases   ] GC(509)   Other: 1.8ms
[2023-03-15T06:54:22.282+0000][69][gc,age      ] GC(509) Age table with threshold 15 (max threshold 15)
[2023-03-15T06:54:22.283+0000][69][gc,age      ] GC(509) - age   1:    1027672 bytes,    1027672 total
[2023-03-15T06:54:22.283+0000][69][gc,age      ] GC(509) - age   2:      45680 bytes,    1073352 total
[2023-03-15T06:54:22.284+0000][69][gc,age      ] GC(509) - age   3:       3024 bytes,    1076376 total
[2023-03-15T06:54:22.285+0000][69][gc,age      ] GC(509) - age   4:       1464 bytes,    1077840 total
[2023-03-15T06:54:22.285+0000][69][gc,age      ] GC(509) - age   5:       2496 bytes,    1080336 total
[2023-03-15T06:54:22.286+0000][69][gc,age      ] GC(509) - age   6:        520 bytes,    1080856 total
[2023-03-15T06:54:22.286+0000][69][gc,age      ] GC(509) - age   7:       4128 bytes,    1084984 total
[2023-03-15T06:54:22.286+0000][69][gc,age      ] GC(509) - age   8:      17768 bytes,    1102752 total
[2023-03-15T06:54:22.287+0000][69][gc,age      ] GC(509) - age   9:     690208 bytes,    1792960 total
[2023-03-15T06:54:22.287+0000][69][gc,age      ] GC(509) - age  11:      68120 bytes,    1861080 total
[2023-03-15T06:54:22.288+0000][69][gc,age      ] GC(509) - age  12:      12088 bytes,    1873168 total
[2023-03-15T06:54:22.288+0000][69][gc,age      ] GC(509) - age  13:      81416 bytes,    1954584 total
[2023-03-15T06:54:22.289+0000][69][gc,age      ] GC(509) - age  14:       3136 bytes,    1957720 total
[2023-03-15T06:54:22.289+0000][69][gc,age      ] GC(509) - age  15:       4216 bytes,    1961936 total
[2023-03-15T06:54:22.290+0000][69][gc,heap     ] GC(509) Eden regions: 23->0(23)
[2023-03-15T06:54:22.290+0000][69][gc,heap     ] GC(509) Survivor regions: 1->1(3)
[2023-03-15T06:54:22.291+0000][69][gc,heap     ] GC(509) Old regions: 25->25
[2023-03-15T06:54:22.291+0000][69][gc,heap     ] GC(509) Archive regions: 2->2
[2023-03-15T06:54:22.292+0000][69][gc,heap     ] GC(509) Humongous regions: 2->2
[2023-03-15T06:54:22.292+0000][69][gc,metaspace] GC(509) Metaspace: 139104K(142336K)->139104K(142336K) NonClass: 121460K(122624K)->121460K(122624K) Class: 17643K(19712K)->17643K(19712K)
[2023-03-15T06:54:22.293+0000][69][gc          ] GC(509) Pause Young (Concurrent Start) (G1 Evacuation Pause) 201M->110M(256M) 21.411ms
[2023-03-15T06:54:22.294+0000][69][gc          ] GC(510) Concurrent Mark Cycle
[2023-03-15T06:54:22.294+0000][69][gc,marking  ] GC(510) Concurrent Clear Claimed Marks
[2023-03-15T06:54:22.295+0000][69][gc,marking  ] GC(510) Concurrent Clear Claimed Marks 0.701ms
[2023-03-15T06:54:22.295+0000][69][gc,marking  ] GC(510) Concurrent Scan Root Regions
[2023-03-15T06:54:22.294+0000][69][gc,cpu      ] GC(509) User=0.02s Sys=0.00s Real=0.03s
[2023-03-15T06:54:22.298+0000][69][gc,marking  ] GC(510) Concurrent Scan Root Regions 2.609ms
[2023-03-15T06:54:22.299+0000][69][gc,marking  ] GC(510) Concurrent Mark
[2023-03-15T06:54:22.299+0000][69][gc,marking  ] GC(510) Concurrent Mark From Roots
[2023-03-15T06:54:22.300+0000][69][gc,task     ] GC(510) Using 1 workers of 1 for marking
[2023-03-15T06:54:22.298+0000][69][safepoint   ] Safepoint "G1CollectForAllocation", Time since last: 16824798826 ns, Reaching safepoint: 143996 ns, At safepoint: 26479751 ns, Total: 26623747 ns
[2023-03-15T06:54:22.431+0000][69][gc,marking  ] GC(510) Concurrent Mark From Roots 131.877ms
[2023-03-15T06:54:22.432+0000][69][gc,marking  ] GC(510) Concurrent Preclean
[2023-03-15T06:54:22.433+0000][69][gc,marking  ] GC(510) Concurrent Preclean 1.231ms
[2023-03-15T06:54:22.435+0000][69][gc,start    ] GC(510) Pause Remark
[2023-03-15T06:54:22.448+0000][69][gc          ] GC(510) Pause Remark 111M->111M(256M) 12.891ms
[2023-03-15T06:54:22.449+0000][69][gc,cpu      ] GC(510) User=0.04s Sys=0.01s Real=0.01s
[2023-03-15T06:54:22.449+0000][69][safepoint   ] Safepoint "G1PauseRemark", Time since last: 136195060 ns, Reaching safepoint: 225506 ns, At safepoint: 14625759 ns, Total: 14851265 ns
[2023-03-15T06:54:22.450+0000][69][gc,marking  ] GC(510) Concurrent Mark 151.328ms
[2023-03-15T06:54:22.451+0000][69][gc,marking  ] GC(510) Concurrent Rebuild Remembered Sets
[2023-03-15T06:54:22.503+0000][69][gc,marking  ] GC(510) Concurrent Rebuild Remembered Sets 52.724ms
[2023-03-15T06:54:22.505+0000][69][gc,start    ] GC(510) Pause Cleanup
[2023-03-15T06:54:22.506+0000][69][gc          ] GC(510) Pause Cleanup 111M->111M(256M) 0.907ms
[2023-03-15T06:54:22.507+0000][69][gc,cpu      ] GC(510) User=0.00s Sys=0.00s Real=0.00s
[2023-03-15T06:54:22.508+0000][69][safepoint   ] Safepoint "G1PauseCleanup", Time since last: 55203873 ns, Reaching safepoint: 248128 ns, At safepoint: 3397685 ns, Total: 3645813 ns
[2023-03-15T06:54:22.509+0000][69][gc,marking  ] GC(510) Concurrent Cleanup for Next Mark
[2023-03-15T06:54:22.510+0000][69][gc,marking  ] GC(510) Concurrent Cleanup for Next Mark 1.042ms
[2023-03-15T06:54:22.511+0000][69][gc          ] GC(510) Concurrent Mark Cycle 217.193ms
[2023-03-15T06:54:31.069+0000][69][safepoint   ] Safepoint "Cleanup", Time since last: 8560571498 ns, Reaching safepoint: 347082 ns, At safepoint: 11999 ns, Total: 359081 ns
[2023-03-15T06:54:33.076+0000][69][safepoint   ] Safepoint "Cleanup", Time since last: 2006264458 ns, Reaching safepoint: 916391 ns, At safepoint: 79359 ns, Total: 995750 ns
[2023-03-15T06:54:35.082+0000][69][safepoint   ] Safepoint "Cleanup", Time since last: 2005605621 ns, Reaching safepoint: 340557 ns, At safepoint: 12640 ns, Total: 353197 ns
[2023-03-15T06:54:37.087+0000][69][safepoint   ] Safepoint "Cleanup", Time since last: 2004493019 ns, Reaching safepoint: 104701 ns, At safepoint: 4676 ns, Total: 109377 ns
[2023-03-15T06:54:51.743+0000][69][gc,start    ] GC(511) Pause Young (Normal) (G1 Evacuation Pause)
[2023-03-15T06:54:51.744+0000][69][gc,task     ] GC(511) Using 4 workers of 4 for evacuation
[2023-03-15T06:54:51.744+0000][69][gc,age      ] GC(511) Desired survivor size 6291456 bytes, new threshold 15 (max threshold 15)
[2023-03-15T06:54:51.748+0000][69][gc,phases   ] GC(511)   Pre Evacuate Collection Set: 0.1ms
[2023-03-15T06:54:51.749+0000][69][gc,phases   ] GC(511)   Merge Heap Roots: 0.1ms
[2023-03-15T06:54:51.750+0000][69][gc,phases   ] GC(511)   Evacuate Collection Set: 2.0ms
[2023-03-15T06:54:51.750+0000][69][gc,phases   ] GC(511)   Post Evacuate Collection Set: 0.8ms
[2023-03-15T06:54:51.751+0000][69][gc,phases   ] GC(511)   Other: 1.0ms
[2023-03-15T06:54:51.751+0000][69][gc,age      ] GC(511) Age table with threshold 15 (max threshold 15)
[2023-03-15T06:54:51.752+0000][69][gc,age      ] GC(511) - age   1:    1902992 bytes,    1902992 total
[2023-03-15T06:54:51.752+0000][69][gc,age      ] GC(511) - age   2:       7352 bytes,    1910344 total
[2023-03-15T06:54:51.753+0000][69][gc,age      ] GC(511) - age   3:      40680 bytes,    1951024 total
[2023-03-15T06:54:51.753+0000][69][gc,age      ] GC(511) - age   4:       2600 bytes,    1953624 total
[2023-03-15T06:54:51.753+0000][69][gc,age      ] GC(511) - age   5:       1464 bytes,    1955088 total
[2023-03-15T06:54:51.754+0000][69][gc,age      ] GC(511) - age   6:       2496 bytes,    1957584 total
[2023-03-15T06:54:51.754+0000][69][gc,age      ] GC(511) - age   7:        520 bytes,    1958104 total
[2023-03-15T06:54:51.754+0000][69][gc,age      ] GC(511) - age   8:       4128 bytes,    1962232 total
[2023-03-15T06:54:51.755+0000][69][gc,age      ] GC(511) - age   9:      17768 bytes,    1980000 total
[2023-03-15T06:54:51.755+0000][69][gc,age      ] GC(511) - age  10:     690208 bytes,    2670208 total
[2023-03-15T06:54:51.756+0000][69][gc,age      ] GC(511) - age  12:      68120 bytes,    2738328 total
[2023-03-15T06:54:51.756+0000][69][gc,age      ] GC(511) - age  13:      12088 bytes,    2750416 total
[2023-03-15T06:54:51.757+0000][69][gc,age      ] GC(511) - age  14:      81416 bytes,    2831832 total
[2023-03-15T06:54:51.757+0000][69][gc,age      ] GC(511) - age  15:       3136 bytes,    2834968 total
[2023-03-15T06:54:51.757+0000][69][gc,heap     ] GC(511) Eden regions: 23->0(23)
[2023-03-15T06:54:51.758+0000][69][gc,heap     ] GC(511) Survivor regions: 1->1(3)
[2023-03-15T06:54:51.758+0000][69][gc,heap     ] GC(511) Old regions: 25->25
[2023-03-15T06:54:51.759+0000][69][gc,heap     ] GC(511) Archive regions: 2->2
[2023-03-15T06:54:51.759+0000][69][gc,heap     ] GC(511) Humongous regions: 2->2
[2023-03-15T06:54:51.759+0000][69][gc,metaspace] GC(511) Metaspace: 139104K(142336K)->139104K(142336K) NonClass: 121460K(122624K)->121460K(122624K) Class: 17643K(19712K)->17643K(19712K)
[2023-03-15T06:54:51.760+0000][69][gc          ] GC(511) Pause Young (Normal) (G1 Evacuation Pause) 202M->111M(256M) 16.998ms
[2023-03-15T06:54:51.761+0000][69][gc,cpu      ] GC(511) User=0.01s Sys=0.00s Real=0.01s
[2023-03-15T06:54:51.761+0000][69][safepoint   ] Safepoint "G1CollectForAllocation", Time since last: 14678327591 ns, Reaching safepoint: 129081 ns, At safepoint: 18020078 ns, Total: 18149159 ns
[2023-03-15T06:55:00.770+0000][69][safepoint   ] Safepoint "Cleanup", Time since last: 9008862408 ns, Reaching safepoint: 513189 ns, At safepoint: 18118 ns, Total: 531307 ns
[2023-03-15T06:55:04.776+0000][69][safepoint   ] Safepoint "Cleanup", Time since last: 4005722508 ns, Reaching safepoint: 158951 ns, At safepoint: 9970 ns, Total: 168921 ns
[2023-03-15T06:55:15.801+0000][69][gc,start    ] GC(512) Pause Young (Concurrent Start) (G1 Evacuation Pause)
[2023-03-15T06:55:15.802+0000][69][gc,task     ] GC(512) Using 4 workers of 4 for evacuation
[2023-03-15T06:55:15.802+0000][69][gc,age      ] GC(512) Desired survivor size 6291456 bytes, new threshold 15 (max threshold 15)
[2023-03-15T06:55:15.807+0000][69][gc,phases   ] GC(512)   Pre Evacuate Collection Set: 0.4ms
[2023-03-15T06:55:15.808+0000][69][gc,phases   ] GC(512)   Merge Heap Roots: 0.2ms
[2023-03-15T06:55:15.809+0000][69][gc,phases   ] GC(512)   Evacuate Collection Set: 2.4ms
[2023-03-15T06:55:15.809+0000][69][gc,phases   ] GC(512)   Post Evacuate Collection Set: 1.0ms
[2023-03-15T06:55:15.810+0000][69][gc,phases   ] GC(512)   Other: 1.3ms
[2023-03-15T06:55:15.810+0000][69][gc,age      ] GC(512) Age table with threshold 15 (max threshold 15)
[2023-03-15T06:55:15.810+0000][69][gc,age      ] GC(512) - age   1:    1989896 bytes,    1989896 total
[2023-03-15T06:55:15.811+0000][69][gc,age      ] GC(512) - age   2:       4352 bytes,    1994248 total
[2023-03-15T06:55:15.812+0000][69][gc,age      ] GC(512) - age   3:       2568 bytes,    1996816 total
[2023-03-15T06:55:15.812+0000][69][gc,age      ] GC(512) - age   4:      21864 bytes,    2018680 total
[2023-03-15T06:55:15.812+0000][69][gc,age      ] GC(512) - age   5:       2472 bytes,    2021152 total
[2023-03-15T06:55:15.813+0000][69][gc,age      ] GC(512) - age   6:       1464 bytes,    2022616 total
[2023-03-15T06:55:15.813+0000][69][gc,age      ] GC(512) - age   7:       2496 bytes,    2025112 total
[2023-03-15T06:55:15.814+0000][69][gc,age      ] GC(512) - age   8:        520 bytes,    2025632 total
[2023-03-15T06:55:15.814+0000][69][gc,age      ] GC(512) - age   9:       4128 bytes,    2029760 total
[2023-03-15T06:55:15.814+0000][69][gc,age      ] GC(512) - age  10:      17584 bytes,    2047344 total
[2023-03-15T06:55:15.815+0000][69][gc,age      ] GC(512) - age  11:     690208 bytes,    2737552 total
[2023-03-15T06:55:15.815+0000][69][gc,age      ] GC(512) - age  13:      36456 bytes,    2774008 total
[2023-03-15T06:55:15.816+0000][69][gc,age      ] GC(512) - age  14:      11080 bytes,    2785088 total
[2023-03-15T06:55:15.816+0000][69][gc,age      ] GC(512) - age  15:      23016 bytes,    2808104 total
[2023-03-15T06:55:15.816+0000][69][gc,heap     ] GC(512) Eden regions: 23->0(22)
[2023-03-15T06:55:15.817+0000][69][gc,heap     ] GC(512) Survivor regions: 1->1(3)
[2023-03-15T06:55:15.817+0000][69][gc,heap     ] GC(512) Old regions: 25->25
[2023-03-15T06:55:15.818+0000][69][gc,heap     ] GC(512) Archive regions: 2->2
[2023-03-15T06:55:15.818+0000][69][gc,heap     ] GC(512) Humongous regions: 2->2
[2023-03-15T06:55:15.818+0000][69][gc,metaspace] GC(512) Metaspace: 139108K(142336K)->139108K(142336K) NonClass: 121465K(122624K)->121465K(122624K) Class: 17643K(19712K)->17643K(19712K)
[2023-03-15T06:55:15.819+0000][69][gc          ] GC(512) Pause Young (Concurrent Start) (G1 Evacuation Pause) 203M->111M(256M) 17.814ms
[2023-03-15T06:55:15.819+0000][69][gc          ] GC(513) Concurrent Mark Cycle
[2023-03-15T06:55:15.820+0000][69][gc,marking  ] GC(513) Concurrent Clear Claimed Marks
[2023-03-15T06:55:15.819+0000][69][gc,cpu      ] GC(512) User=0.01s Sys=0.00s Real=0.01s
[2023-03-15T06:55:15.821+0000][69][safepoint   ] Safepoint "G1CollectForAllocation", Time since last: 11046345687 ns, Reaching safepoint: 84037 ns, At safepoint: 19471314 ns, Total: 19555351 ns
[2023-03-15T06:55:15.821+0000][69][gc,marking  ] GC(513) Concurrent Clear Claimed Marks 0.868ms
[2023-03-15T06:55:15.822+0000][69][gc,marking  ] GC(513) Concurrent Scan Root Regions
[2023-03-15T06:55:15.825+0000][69][gc,marking  ] GC(513) Concurrent Scan Root Regions 2.732ms
[2023-03-15T06:55:15.825+0000][69][gc,marking  ] GC(513) Concurrent Mark
[2023-03-15T06:55:15.826+0000][69][gc,marking  ] GC(513) Concurrent Mark From Roots
[2023-03-15T06:55:15.826+0000][69][gc,task     ] GC(513) Using 1 workers of 1 for marking
[2023-03-15T06:55:15.981+0000][69][gc,marking  ] GC(513) Concurrent Mark From Roots 155.101ms
[2023-03-15T06:55:15.982+0000][69][gc,marking  ] GC(513) Concurrent Preclean
[2023-03-15T06:55:15.983+0000][69][gc,marking  ] GC(513) Concurrent Preclean 1.119ms
[2023-03-15T06:55:15.984+0000][69][gc,start    ] GC(513) Pause Remark
[2023-03-15T06:55:15.999+0000][69][gc          ] GC(513) Pause Remark 113M->113M(256M) 15.721ms
[2023-03-15T06:55:16.000+0000][69][gc,cpu      ] GC(513) User=0.04s Sys=0.00s Real=0.02s
[2023-03-15T06:55:16.001+0000][69][safepoint   ] Safepoint "G1PauseRemark", Time since last: 162966197 ns, Reaching safepoint: 76237 ns, At safepoint: 17126064 ns, Total: 17202301 ns
[2023-03-15T06:55:16.001+0000][69][gc,marking  ] GC(513) Concurrent Mark 176.301ms
[2023-03-15T06:55:16.002+0000][69][gc,marking  ] GC(513) Concurrent Rebuild Remembered Sets
[2023-03-15T06:55:16.053+0000][69][gc,marking  ] GC(513) Concurrent Rebuild Remembered Sets 50.989ms
[2023-03-15T06:55:16.054+0000][69][gc,start    ] GC(513) Pause Cleanup
[2023-03-15T06:55:16.056+0000][69][gc          ] GC(513) Pause Cleanup 113M->113M(256M) 2.030ms
[2023-03-15T06:55:16.058+0000][69][gc,cpu      ] GC(513) User=0.00s Sys=0.00s Real=0.00s
[2023-03-15T06:55:16.058+0000][69][safepoint   ] Safepoint "G1PauseCleanup", Time since last: 53467436 ns, Reaching safepoint: 164556 ns, At safepoint: 3624778 ns, Total: 3789334 ns
[2023-03-15T06:55:16.059+0000][69][gc,marking  ] GC(513) Concurrent Cleanup for Next Mark
[2023-03-15T06:55:16.059+0000][69][gc,marking  ] GC(513) Concurrent Cleanup for Next Mark 0.741ms
[2023-03-15T06:55:16.060+0000][69][gc          ] GC(513) Concurrent Mark Cycle 240.563ms
[2023-03-15T06:55:46.616+0000][69][gc,start    ] GC(514) Pause Young (Normal) (G1 Evacuation Pause)
[2023-03-15T06:55:46.617+0000][69][gc,task     ] GC(514) Using 4 workers of 4 for evacuation
[2023-03-15T06:55:46.617+0000][69][gc,age      ] GC(514) Desired survivor size 6291456 bytes, new threshold 15 (max threshold 15)
[2023-03-15T06:55:46.623+0000][69][gc,phases   ] GC(514)   Pre Evacuate Collection Set: 0.2ms
[2023-03-15T06:55:46.623+0000][69][gc,phases   ] GC(514)   Merge Heap Roots: 0.2ms
[2023-03-15T06:55:46.624+0000][69][gc,phases   ] GC(514)   Evacuate Collection Set: 3.3ms
[2023-03-15T06:55:46.624+0000][69][gc,phases   ] GC(514)   Post Evacuate Collection Set: 0.7ms
[2023-03-15T06:55:46.625+0000][69][gc,phases   ] GC(514)   Other: 1.5ms
[2023-03-15T06:55:46.626+0000][69][gc,age      ] GC(514) Age table with threshold 15 (max threshold 15)
[2023-03-15T06:55:46.626+0000][69][gc,age      ] GC(514) - age   1:     727696 bytes,     727696 total
[2023-03-15T06:55:46.626+0000][69][gc,age      ] GC(514) - age   2:      43792 bytes,     771488 total
[2023-03-15T06:55:46.627+0000][69][gc,age      ] GC(514) - age   3:       2432 bytes,     773920 total
[2023-03-15T06:55:46.628+0000][69][gc,age      ] GC(514) - age   4:       2288 bytes,     776208 total
[2023-03-15T06:55:46.628+0000][69][gc,age      ] GC(514) - age   5:      21568 bytes,     797776 total
[2023-03-15T06:55:46.629+0000][69][gc,age      ] GC(514) - age   6:       2392 bytes,     800168 total
[2023-03-15T06:55:46.629+0000][69][gc,age      ] GC(514) - age   7:        104 bytes,     800272 total
[2023-03-15T06:55:46.630+0000][69][gc,age      ] GC(514) - age   8:       2496 bytes,     802768 total
[2023-03-15T06:55:46.630+0000][69][gc,age      ] GC(514) - age   9:        456 bytes,     803224 total
[2023-03-15T06:55:46.631+0000][69][gc,age      ] GC(514) - age  10:       3264 bytes,     806488 total
[2023-03-15T06:55:46.631+0000][69][gc,age      ] GC(514) - age  11:       8928 bytes,     815416 total
[2023-03-15T06:55:46.632+0000][69][gc,age      ] GC(514) - age  12:     585704 bytes,    1401120 total
[2023-03-15T06:55:46.632+0000][69][gc,age      ] GC(514) - age  14:      36088 bytes,    1437208 total
[2023-03-15T06:55:46.633+0000][69][gc,age      ] GC(514) - age  15:      11080 bytes,    1448288 total
[2023-03-15T06:55:46.633+0000][69][gc,heap     ] GC(514) Eden regions: 22->0(23)
[2023-03-15T06:55:46.634+0000][69][gc,heap     ] GC(514) Survivor regions: 1->1(3)
[2023-03-15T06:55:46.634+0000][69][gc,heap     ] GC(514) Old regions: 25->25
[2023-03-15T06:55:46.634+0000][69][gc,heap     ] GC(514) Archive regions: 2->2
[2023-03-15T06:55:46.635+0000][69][gc,heap     ] GC(514) Humongous regions: 2->2
[2023-03-15T06:55:46.635+0000][69][gc,metaspace] GC(514) Metaspace: 139110K(142336K)->139110K(142336K) NonClass: 121466K(122624K)->121466K(122624K) Class: 17643K(19712K)->17643K(19712K)
[2023-03-15T06:55:46.636+0000][69][gc          ] GC(514) Pause Young (Normal) (G1 Evacuation Pause) 199M->109M(256M) 20.055ms
[2023-03-15T06:55:46.637+0000][69][gc,cpu      ] GC(514) User=0.01s Sys=0.00s Real=0.02s
[2023-03-15T06:55:46.637+0000][69][safepoint   ] Safepoint "G1CollectForAllocation", Time since last: 30580236543 ns, Reaching safepoint: 178416 ns, At safepoint: 21424480 ns, Total: 21602896 ns
[2023-03-15T06:56:05.653+0000][69][safepoint   ] Safepoint "Cleanup", Time since last: 19014836586 ns, Reaching safepoint: 540546 ns, At safepoint: 30499 ns, Total: 571045 ns
[2023-03-15T06:56:09.658+0000][69][safepoint   ] Safepoint "Cleanup", Time since last: 4005289854 ns, Reaching safepoint: 46814 ns, At safepoint: 25749 ns, Total: 72563 ns
[2023-03-15T06:56:15.686+0000][69][gc,start    ] GC(515) Pause Young (Concurrent Start) (G1 Evacuation Pause)
[2023-03-15T06:56:15.687+0000][69][gc,task     ] GC(515) Using 4 workers of 4 for evacuation
[2023-03-15T06:56:15.687+0000][69][gc,age      ] GC(515) Desired survivor size 6291456 bytes, new threshold 15 (max threshold 15)
[2023-03-15T06:56:15.691+0000][69][gc,phases   ] GC(515)   Pre Evacuate Collection Set: 0.4ms
[2023-03-15T06:56:15.692+0000][69][gc,phases   ] GC(515)   Merge Heap Roots: 0.1ms
[2023-03-15T06:56:15.692+0000][69][gc,phases   ] GC(515)   Evacuate Collection Set: 2.0ms
[2023-03-15T06:56:15.693+0000][69][gc,phases   ] GC(515)   Post Evacuate Collection Set: 0.9ms
[2023-03-15T06:56:15.693+0000][69][gc,phases   ] GC(515)   Other: 1.0ms
[2023-03-15T06:56:15.694+0000][69][gc,age      ] GC(515) Age table with threshold 15 (max threshold 15)
[2023-03-15T06:56:15.694+0000][69][gc,age      ] GC(515) - age   1:    1001320 bytes,    1001320 total
[2023-03-15T06:56:15.694+0000][69][gc,age      ] GC(515) - age   2:     125768 bytes,    1127088 total
[2023-03-15T06:56:15.695+0000][69][gc,age      ] GC(515) - age   3:      38656 bytes,    1165744 total
[2023-03-15T06:56:15.695+0000][69][gc,age      ] GC(515) - age   4:       1464 bytes,    1167208 total
[2023-03-15T06:56:15.695+0000][69][gc,age      ] GC(515) - age   5:       2288 bytes,    1169496 total
[2023-03-15T06:56:15.696+0000][69][gc,age      ] GC(515) - age   6:      21328 bytes,    1190824 total
[2023-03-15T06:56:15.696+0000][69][gc,age      ] GC(515) - age   7:       2392 bytes,    1193216 total
[2023-03-15T06:56:15.697+0000][69][gc,age      ] GC(515) - age   8:        104 bytes,    1193320 total
[2023-03-15T06:56:15.697+0000][69][gc,age      ] GC(515) - age   9:       2496 bytes,    1195816 total
[2023-03-15T06:56:15.697+0000][69][gc,age      ] GC(515) - age  10:        272 bytes,    1196088 total
[2023-03-15T06:56:15.698+0000][69][gc,age      ] GC(515) - age  11:       3264 bytes,    1199352 total
[2023-03-15T06:56:15.698+0000][69][gc,age      ] GC(515) - age  12:       8928 bytes,    1208280 total
[2023-03-15T06:56:15.698+0000][69][gc,age      ] GC(515) - age  13:     585576 bytes,    1793856 total
[2023-03-15T06:56:15.699+0000][69][gc,age      ] GC(515) - age  15:      36088 bytes,    1829944 total
[2023-03-15T06:56:15.699+0000][69][gc,heap     ] GC(515) Eden regions: 23->0(23)
[2023-03-15T06:56:15.699+0000][69][gc,heap     ] GC(515) Survivor regions: 1->1(3)
[2023-03-15T06:56:15.699+0000][69][gc,heap     ] GC(515) Old regions: 25->25
[2023-03-15T06:56:15.700+0000][69][gc,heap     ] GC(515) Archive regions: 2->2
[2023-03-15T06:56:15.700+0000][69][gc,heap     ] GC(515) Humongous regions: 2->2
[2023-03-15T06:56:15.700+0000][69][gc,metaspace] GC(515) Metaspace: 139110K(142336K)->139110K(142336K) NonClass: 121466K(122624K)->121466K(122624K) Class: 17643K(19712K)->17643K(19712K)
[2023-03-15T06:56:15.701+0000][69][gc          ] GC(515) Pause Young (Concurrent Start) (G1 Evacuation Pause) 201M->110M(256M) 14.937ms
[2023-03-15T06:56:15.701+0000][69][gc          ] GC(516) Concurrent Mark Cycle
[2023-03-15T06:56:15.702+0000][69][gc,marking  ] GC(516) Concurrent Clear Claimed Marks
[2023-03-15T06:56:15.701+0000][69][gc,cpu      ] GC(515) User=0.01s Sys=0.01s Real=0.01s
[2023-03-15T06:56:15.702+0000][69][gc,marking  ] GC(516) Concurrent Clear Claimed Marks 0.811ms
[2023-03-15T06:56:15.703+0000][69][gc,marking  ] GC(516) Concurrent Scan Root Regions
[2023-03-15T06:56:15.703+0000][69][safepoint   ] Safepoint "G1CollectForAllocation", Time since last: 6049970621 ns, Reaching safepoint: 53031 ns, At safepoint: 16787215 ns, Total: 16840246 ns
[2023-03-15T06:56:15.706+0000][69][gc,marking  ] GC(516) Concurrent Scan Root Regions 2.812ms
[2023-03-15T06:56:15.708+0000][69][gc,marking  ] GC(516) Concurrent Mark
[2023-03-15T06:56:15.709+0000][69][gc,marking  ] GC(516) Concurrent Mark From Roots
[2023-03-15T06:56:15.710+0000][69][gc,task     ] GC(516) Using 1 workers of 1 for marking
[2023-03-15T06:56:15.818+0000][69][gc,marking  ] GC(516) Concurrent Mark From Roots 108.426ms
[2023-03-15T06:56:15.819+0000][69][gc,marking  ] GC(516) Concurrent Preclean
[2023-03-15T06:56:15.821+0000][69][gc,marking  ] GC(516) Concurrent Preclean 1.521ms
[2023-03-15T06:56:15.822+0000][69][gc,start    ] GC(516) Pause Remark
[2023-03-15T06:56:15.833+0000][69][gc          ] GC(516) Pause Remark 113M->113M(256M) 10.870ms
[2023-03-15T06:56:15.833+0000][69][gc,cpu      ] GC(516) User=0.03s Sys=0.01s Real=0.01s
[2023-03-15T06:56:15.834+0000][69][safepoint   ] Safepoint "G1PauseRemark", Time since last: 118688207 ns, Reaching safepoint: 270837 ns, At safepoint: 12549471 ns, Total: 12820308 ns
[2023-03-15T06:56:15.835+0000][69][gc,marking  ] GC(516) Concurrent Mark 126.633ms
[2023-03-15T06:56:15.836+0000][69][gc,marking  ] GC(516) Concurrent Rebuild Remembered Sets
[2023-03-15T06:56:15.888+0000][69][gc,marking  ] GC(516) Concurrent Rebuild Remembered Sets 52.023ms
[2023-03-15T06:56:15.889+0000][69][gc,start    ] GC(516) Pause Cleanup
[2023-03-15T06:56:15.890+0000][69][gc          ] GC(516) Pause Cleanup 113M->113M(256M) 0.863ms
[2023-03-15T06:56:15.891+0000][69][gc,cpu      ] GC(516) User=0.00s Sys=0.00s Real=0.00s
[2023-03-15T06:56:15.891+0000][69][safepoint   ] Safepoint "G1PauseCleanup", Time since last: 54752400 ns, Reaching safepoint: 177565 ns, At safepoint: 2005883 ns, Total: 2183448 ns
[2023-03-15T06:56:15.892+0000][69][gc,marking  ] GC(516) Concurrent Cleanup for Next Mark
[2023-03-15T06:56:15.892+0000][69][gc,marking  ] GC(516) Concurrent Cleanup for Next Mark 0.805ms
[2023-03-15T06:56:15.893+0000][69][gc          ] GC(516) Concurrent Mark Cycle 191.679ms
[2023-03-15T06:56:21.898+0000][69][safepoint   ] Safepoint "Cleanup", Time since last: 6007156318 ns, Reaching safepoint: 124516 ns, At safepoint: 3933 ns, Total: 128449 ns
[2023-03-15T06:56:22.899+0000][69][safepoint   ] Safepoint "Cleanup", Time since last: 1000966736 ns, Reaching safepoint: 56698 ns, At safepoint: 3478 ns, Total: 60176 ns
[2023-03-15T06:56:27.905+0000][69][safepoint   ] Safepoint "Cleanup", Time since last: 5005324551 ns, Reaching safepoint: 103788 ns, At safepoint: 4489 ns, Total: 108277 ns
[2023-03-15T06:56:28.908+0000][69][safepoint   ] Safepoint "Cleanup", Time since last: 1003137106 ns, Reaching safepoint: 337215 ns, At safepoint: 11509 ns, Total: 348724 ns
[2023-03-15T06:56:42.909+0000][69][safepoint   ] Safepoint "Cleanup", Time since last: 14022192248 ns, Reaching safepoint: 523514 ns, At safepoint: 13106 ns, Total: 536620 ns
[2023-03-15T06:56:43.912+0000][69][safepoint   ] Safepoint "Cleanup", Time since last: 1002409015 ns, Reaching safepoint: 315761 ns, At safepoint: 35110 ns, Total: 350871 ns
[2023-03-15T06:56:45.678+0000][69][gc,start    ] GC(517) Pause Young (Normal) (G1 Evacuation Pause)
[2023-03-15T06:56:45.679+0000][69][gc,task     ] GC(517) Using 4 workers of 4 for evacuation
[2023-03-15T06:56:45.679+0000][69][gc,age      ] GC(517) Desired survivor size 6291456 bytes, new threshold 15 (max threshold 15)
[2023-03-15T06:56:45.682+0000][69][gc,phases   ] GC(517)   Pre Evacuate Collection Set: 0.2ms
[2023-03-15T06:56:45.683+0000][69][gc,phases   ] GC(517)   Merge Heap Roots: 0.1ms
[2023-03-15T06:56:45.684+0000][69][gc,phases   ] GC(517)   Evacuate Collection Set: 1.9ms
[2023-03-15T06:56:45.684+0000][69][gc,phases   ] GC(517)   Post Evacuate Collection Set: 0.6ms
[2023-03-15T06:56:45.684+0000][69][gc,phases   ] GC(517)   Other: 1.0ms
[2023-03-15T06:56:45.685+0000][69][gc,age      ] GC(517) Age table with threshold 15 (max threshold 15)
[2023-03-15T06:56:45.685+0000][69][gc,age      ] GC(517) - age   1:    1102952 bytes,    1102952 total
[2023-03-15T06:56:45.686+0000][69][gc,age      ] GC(517) - age   2:      23832 bytes,    1126784 total
[2023-03-15T06:56:45.686+0000][69][gc,age      ] GC(517) - age   3:     124384 bytes,    1251168 total
[2023-03-15T06:56:45.687+0000][69][gc,age      ] GC(517) - age   4:      38528 bytes,    1289696 total
[2023-03-15T06:56:45.687+0000][69][gc,age      ] GC(517) - age   5:       1104 bytes,    1290800 total
[2023-03-15T06:56:45.688+0000][69][gc,age      ] GC(517) - age   6:       2160 bytes,    1292960 total
[2023-03-15T06:56:45.688+0000][69][gc,age      ] GC(517) - age   7:      21200 bytes,    1314160 total
[2023-03-15T06:56:45.689+0000][69][gc,age      ] GC(517) - age   8:       2392 bytes,    1316552 total
[2023-03-15T06:56:45.689+0000][69][gc,age      ] GC(517) - age   9:        104 bytes,    1316656 total
[2023-03-15T06:56:45.690+0000][69][gc,age      ] GC(517) - age  10:       2496 bytes,    1319152 total
[2023-03-15T06:56:45.690+0000][69][gc,age      ] GC(517) - age  11:        272 bytes,    1319424 total
[2023-03-15T06:56:45.691+0000][69][gc,age      ] GC(517) - age  12:       3264 bytes,    1322688 total
[2023-03-15T06:56:45.691+0000][69][gc,age      ] GC(517) - age  13:       8928 bytes,    1331616 total
[2023-03-15T06:56:45.691+0000][69][gc,age      ] GC(517) - age  14:     585208 bytes,    1916824 total
[2023-03-15T06:56:45.692+0000][69][gc,heap     ] GC(517) Eden regions: 23->0(23)
[2023-03-15T06:56:45.692+0000][69][gc,heap     ] GC(517) Survivor regions: 1->1(3)
[2023-03-15T06:56:45.693+0000][69][gc,heap     ] GC(517) Old regions: 25->25
[2023-03-15T06:56:45.693+0000][69][gc,heap     ] GC(517) Archive regions: 2->2
[2023-03-15T06:56:45.694+0000][69][gc,heap     ] GC(517) Humongous regions: 2->2
[2023-03-15T06:56:45.694+0000][69][gc,metaspace] GC(517) Metaspace: 139110K(142336K)->139110K(142336K) NonClass: 121466K(122624K)->121466K(122624K) Class: 17643K(19712K)->17643K(19712K)
[2023-03-15T06:56:45.694+0000][69][gc          ] GC(517) Pause Young (Normal) (G1 Evacuation Pause) 202M->110M(256M) 16.493ms
[2023-03-15T06:56:45.695+0000][69][gc,cpu      ] GC(517) User=0.00s Sys=0.00s Real=0.02s
[2023-03-15T06:56:45.695+0000][69][safepoint   ] Safepoint "G1CollectForAllocation", Time since last: 1766017449 ns, Reaching safepoint: 131273 ns, At safepoint: 17515537 ns, Total: 17646810 ns
[2023-03-15T06:57:01.709+0000][69][safepoint   ] Safepoint "Cleanup", Time since last: 16012961494 ns, Reaching safepoint: 151620 ns, At safepoint: 9259 ns, Total: 160879 ns
[2023-03-15T06:57:15.433+0000][69][gc,start    ] GC(518) Pause Young (Concurrent Start) (G1 Evacuation Pause)
[2023-03-15T06:57:15.435+0000][69][gc,task     ] GC(518) Using 4 workers of 4 for evacuation
[2023-03-15T06:57:15.436+0000][69][gc,age      ] GC(518) Desired survivor size 6291456 bytes, new threshold 15 (max threshold 15)
[2023-03-15T06:57:15.444+0000][69][gc,phases   ] GC(518)   Pre Evacuate Collection Set: 0.5ms
[2023-03-15T06:57:15.445+0000][69][gc,phases   ] GC(518)   Merge Heap Roots: 0.2ms
[2023-03-15T06:57:15.446+0000][69][gc,phases   ] GC(518)   Evacuate Collection Set: 4.6ms
[2023-03-15T06:57:15.448+0000][69][gc,phases   ] GC(518)   Post Evacuate Collection Set: 1.3ms
[2023-03-15T06:57:15.448+0000][69][gc,phases   ] GC(518)   Other: 2.9ms
[2023-03-15T06:57:15.449+0000][69][gc,age      ] GC(518) Age table with threshold 15 (max threshold 15)
[2023-03-15T06:57:15.450+0000][69][gc,age      ] GC(518) - age   1:    1265112 bytes,    1265112 total
[2023-03-15T06:57:15.451+0000][69][gc,age      ] GC(518) - age   2:       2640 bytes,    1267752 total
[2023-03-15T06:57:15.451+0000][69][gc,age      ] GC(518) - age   3:      18024 bytes,    1285776 total
[2023-03-15T06:57:15.452+0000][69][gc,age      ] GC(518) - age   4:     124128 bytes,    1409904 total
[2023-03-15T06:57:15.453+0000][69][gc,age      ] GC(518) - age   5:      38424 bytes,    1448328 total
[2023-03-15T06:57:15.453+0000][69][gc,age      ] GC(518) - age   6:       1104 bytes,    1449432 total
[2023-03-15T06:57:15.454+0000][69][gc,age      ] GC(518) - age   7:       2160 bytes,    1451592 total
[2023-03-15T06:57:15.455+0000][69][gc,age      ] GC(518) - age   8:      21200 bytes,    1472792 total
[2023-03-15T06:57:15.455+0000][69][gc,age      ] GC(518) - age   9:       2392 bytes,    1475184 total
[2023-03-15T06:57:15.456+0000][69][gc,age      ] GC(518) - age  10:        104 bytes,    1475288 total
[2023-03-15T06:57:15.457+0000][69][gc,age      ] GC(518) - age  11:       2200 bytes,    1477488 total
[2023-03-15T06:57:15.458+0000][69][gc,age      ] GC(518) - age  12:        272 bytes,    1477760 total
[2023-03-15T06:57:15.458+0000][69][gc,age      ] GC(518) - age  13:       3264 bytes,    1481024 total
[2023-03-15T06:57:15.459+0000][69][gc,age      ] GC(518) - age  14:       8928 bytes,    1489952 total
[2023-03-15T06:57:15.459+0000][69][gc,age      ] GC(518) - age  15:     585208 bytes,    2075160 total
[2023-03-15T06:57:15.460+0000][69][gc,heap     ] GC(518) Eden regions: 23->0(23)
[2023-03-15T06:57:15.461+0000][69][gc,heap     ] GC(518) Survivor regions: 1->1(3)
[2023-03-15T06:57:15.461+0000][69][gc,heap     ] GC(518) Old regions: 25->25
[2023-03-15T06:57:15.462+0000][69][gc,heap     ] GC(518) Archive regions: 2->2
[2023-03-15T06:57:15.462+0000][69][gc,heap     ] GC(518) Humongous regions: 2->2
[2023-03-15T06:57:15.463+0000][69][gc,metaspace] GC(518) Metaspace: 139120K(142400K)->139120K(142400K) NonClass: 121476K(122688K)->121476K(122688K) Class: 17643K(19712K)->17643K(19712K)
[2023-03-15T06:57:15.464+0000][69][gc          ] GC(518) Pause Young (Concurrent Start) (G1 Evacuation Pause) 202M->110M(256M) 31.036ms
[2023-03-15T06:57:15.464+0000][69][gc          ] GC(519) Concurrent Mark Cycle
[2023-03-15T06:57:15.465+0000][69][gc,marking  ] GC(519) Concurrent Clear Claimed Marks
[2023-03-15T06:57:15.466+0000][69][gc,marking  ] GC(519) Concurrent Clear Claimed Marks 0.814ms
[2023-03-15T06:57:15.466+0000][69][gc,marking  ] GC(519) Concurrent Scan Root Regions
[2023-03-15T06:57:15.464+0000][69][gc,cpu      ] GC(518) User=0.02s Sys=0.00s Real=0.03s
[2023-03-15T06:57:15.467+0000][69][safepoint   ] Safepoint "G1CollectForAllocation", Time since last: 13746046374 ns, Reaching safepoint: 359926 ns, At safepoint: 34539816 ns, Total: 34899742 ns
[2023-03-15T06:57:15.470+0000][69][gc,marking  ] GC(519) Concurrent Scan Root Regions 3.510ms
[2023-03-15T06:57:15.470+0000][69][gc,marking  ] GC(519) Concurrent Mark
[2023-03-15T06:57:15.471+0000][69][gc,marking  ] GC(519) Concurrent Mark From Roots
[2023-03-15T06:57:15.471+0000][69][gc,task     ] GC(519) Using 1 workers of 1 for marking
[2023-03-15T06:57:15.613+0000][69][gc,marking  ] GC(519) Concurrent Mark From Roots 142.139ms
[2023-03-15T06:57:15.614+0000][69][gc,marking  ] GC(519) Concurrent Preclean
[2023-03-15T06:57:15.615+0000][69][gc,marking  ] GC(519) Concurrent Preclean 0.978ms
[2023-03-15T06:57:15.615+0000][69][gc,start    ] GC(519) Pause Remark
[2023-03-15T06:57:15.627+0000][69][gc          ] GC(519) Pause Remark 113M->113M(256M) 12.004ms
[2023-03-15T06:57:15.629+0000][69][gc,cpu      ] GC(519) User=0.03s Sys=0.00s Real=0.01s
[2023-03-15T06:57:15.630+0000][69][safepoint   ] Safepoint "G1PauseRemark", Time since last: 148001491 ns, Reaching safepoint: 87276 ns, At safepoint: 14390947 ns, Total: 14478223 ns
[2023-03-15T06:57:15.631+0000][69][gc,marking  ] GC(519) Concurrent Mark 160.642ms
[2023-03-15T06:57:15.632+0000][69][gc,marking  ] GC(519) Concurrent Rebuild Remembered Sets
[2023-03-15T06:57:15.716+0000][69][gc,marking  ] GC(519) Concurrent Rebuild Remembered Sets 84.278ms
[2023-03-15T06:57:15.717+0000][69][gc,start    ] GC(519) Pause Cleanup
[2023-03-15T06:57:15.718+0000][69][gc          ] GC(519) Pause Cleanup 114M->114M(256M) 0.633ms
[2023-03-15T06:57:15.718+0000][69][gc,cpu      ] GC(519) User=0.00s Sys=0.00s Real=0.00s
[2023-03-15T06:57:15.719+0000][69][safepoint   ] Safepoint "G1PauseCleanup", Time since last: 87085330 ns, Reaching safepoint: 138164 ns, At safepoint: 1688166 ns, Total: 1826330 ns
[2023-03-15T06:57:15.719+0000][69][gc,marking  ] GC(519) Concurrent Cleanup for Next Mark
[2023-03-15T06:57:15.720+0000][69][gc,marking  ] GC(519) Concurrent Cleanup for Next Mark 0.912ms
[2023-03-15T06:57:15.721+0000][69][gc          ] GC(519) Concurrent Mark Cycle 256.350ms
[2023-03-15T06:57:45.417+0000][69][gc,start    ] GC(520) Pause Young (Normal) (G1 Evacuation Pause)
[2023-03-15T06:57:45.419+0000][69][gc,task     ] GC(520) Using 4 workers of 4 for evacuation
[2023-03-15T06:57:45.422+0000][69][gc,age      ] GC(520) Desired survivor size 6291456 bytes, new threshold 15 (max threshold 15)
[2023-03-15T06:57:45.427+0000][69][gc,phases   ] GC(520)   Pre Evacuate Collection Set: 0.3ms
[2023-03-15T06:57:45.428+0000][69][gc,phases   ] GC(520)   Merge Heap Roots: 0.1ms
[2023-03-15T06:57:45.429+0000][69][gc,phases   ] GC(520)   Evacuate Collection Set: 2.4ms
[2023-03-15T06:57:45.430+0000][69][gc,phases   ] GC(520)   Post Evacuate Collection Set: 1.0ms
[2023-03-15T06:57:45.431+0000][69][gc,phases   ] GC(520)   Other: 3.6ms
[2023-03-15T06:57:45.431+0000][69][gc,age      ] GC(520) Age table with threshold 15 (max threshold 15)
[2023-03-15T06:57:45.432+0000][69][gc,age      ] GC(520) - age   1:     246176 bytes,     246176 total
[2023-03-15T06:57:45.433+0000][69][gc,age      ] GC(520) - age   2:      42704 bytes,     288880 total
[2023-03-15T06:57:45.433+0000][69][gc,age      ] GC(520) - age   3:       1888 bytes,     290768 total
[2023-03-15T06:57:45.434+0000][69][gc,age      ] GC(520) - age   4:      17960 bytes,     308728 total
[2023-03-15T06:57:45.435+0000][69][gc,age      ] GC(520) - age   5:     123832 bytes,     432560 total
[2023-03-15T06:57:45.436+0000][69][gc,age      ] GC(520) - age   6:      38424 bytes,     470984 total
[2023-03-15T06:57:45.436+0000][69][gc,age      ] GC(520) - age   7:       1104 bytes,     472088 total
[2023-03-15T06:57:45.437+0000][69][gc,age      ] GC(520) - age   8:       2160 bytes,     474248 total
[2023-03-15T06:57:45.438+0000][69][gc,age      ] GC(520) - age   9:      21200 bytes,     495448 total
[2023-03-15T06:57:45.438+0000][69][gc,age      ] GC(520) - age  10:       2392 bytes,     497840 total
[2023-03-15T06:57:45.439+0000][69][gc,age      ] GC(520) - age  11:        104 bytes,     497944 total
[2023-03-15T06:57:45.440+0000][69][gc,age      ] GC(520) - age  12:       2200 bytes,     500144 total
[2023-03-15T06:57:45.440+0000][69][gc,age      ] GC(520) - age  13:        272 bytes,     500416 total
[2023-03-15T06:57:45.441+0000][69][gc,age      ] GC(520) - age  14:       3264 bytes,     503680 total
[2023-03-15T06:57:45.441+0000][69][gc,age      ] GC(520) - age  15:       8928 bytes,     512608 total
[2023-03-15T06:57:45.442+0000][69][gc,heap     ] GC(520) Eden regions: 23->0(23)
[2023-03-15T06:57:45.443+0000][69][gc,heap     ] GC(520) Survivor regions: 1->1(3)
[2023-03-15T06:57:45.443+0000][69][gc,heap     ] GC(520) Old regions: 25->25
[2023-03-15T06:57:45.444+0000][69][gc,heap     ] GC(520) Archive regions: 2->2
[2023-03-15T06:57:45.444+0000][69][gc,heap     ] GC(520) Humongous regions: 2->2
[2023-03-15T06:57:45.445+0000][69][gc,metaspace] GC(520) Metaspace: 139120K(142400K)->139120K(142400K) NonClass: 121476K(122688K)->121476K(122688K) Class: 17643K(19712K)->17643K(19712K)
[2023-03-15T06:57:45.445+0000][69][gc          ] GC(520) Pause Young (Normal) (G1 Evacuation Pause) 202M->109M(256M) 27.854ms
[2023-03-15T06:57:45.446+0000][69][gc,cpu      ] GC(520) User=0.01s Sys=0.01s Real=0.03s
[2023-03-15T06:57:45.446+0000][69][safepoint   ] Safepoint "G1CollectForAllocation", Time since last: 29724908814 ns, Reaching safepoint: 188381 ns, At safepoint: 28973638 ns, Total: 29162019 ns
[2023-03-15T06:57:46.448+0000][69][safepoint   ] Safepoint "Cleanup", Time since last: 1002045568 ns, Reaching safepoint: 86790 ns, At safepoint: 44169 ns, Total: 130959 ns
[2023-03-15T06:57:48.452+0000][69][safepoint   ] Safepoint "Cleanup", Time since last: 2003112761 ns, Reaching safepoint: 266765 ns, At safepoint: 13702 ns, Total: 280467 ns
[2023-03-15T06:57:51.457+0000][69][safepoint   ] Safepoint "Cleanup", Time since last: 3004751255 ns, Reaching safepoint: 101761 ns, At safepoint: 4430 ns, Total: 106191 ns
[2023-03-15T06:58:01.464+0000][69][safepoint   ] Safepoint "Cleanup", Time since last: 10006612110 ns, Reaching safepoint: 314385 ns, At safepoint: 13219 ns, Total: 327604 ns
[2023-03-15T06:58:10.474+0000][69][safepoint   ] Safepoint "Cleanup", Time since last: 9010224710 ns, Reaching safepoint: 224662 ns, At safepoint: 7688 ns, Total: 232350 ns
[2023-03-15T06:58:11.470+0000][69][gc,start    ] GC(521) Pause Young (Concurrent Start) (G1 Evacuation Pause)
[2023-03-15T06:58:11.471+0000][69][gc,task     ] GC(521) Using 4 workers of 4 for evacuation
[2023-03-15T06:58:11.472+0000][69][gc,age      ] GC(521) Desired survivor size 6291456 bytes, new threshold 15 (max threshold 15)
[2023-03-15T06:58:11.478+0000][69][gc,phases   ] GC(521)   Pre Evacuate Collection Set: 0.4ms
[2023-03-15T06:58:11.478+0000][69][gc,phases   ] GC(521)   Merge Heap Roots: 0.0ms
[2023-03-15T06:58:11.479+0000][69][gc,phases   ] GC(521)   Evacuate Collection Set: 3.9ms
[2023-03-15T06:58:11.479+0000][69][gc,phases   ] GC(521)   Post Evacuate Collection Set: 1.1ms
[2023-03-15T06:58:11.480+0000][69][gc,phases   ] GC(521)   Other: 1.3ms
[2023-03-15T06:58:11.480+0000][69][gc,age      ] GC(521) Age table with threshold 15 (max threshold 15)
[2023-03-15T06:58:11.481+0000][69][gc,age      ] GC(521) - age   1:     989360 bytes,     989360 total
[2023-03-15T06:58:11.481+0000][69][gc,age      ] GC(521) - age   2:       3176 bytes,     992536 total
[2023-03-15T06:58:11.482+0000][69][gc,age      ] GC(521) - age   3:      36624 bytes,    1029160 total
[2023-03-15T06:58:11.482+0000][69][gc,age      ] GC(521) - age   4:       1352 bytes,    1030512 total
[2023-03-15T06:58:11.483+0000][69][gc,age      ] GC(521) - age   5:      17296 bytes,    1047808 total
[2023-03-15T06:58:11.483+0000][69][gc,age      ] GC(521) - age   6:     123832 bytes,    1171640 total
[2023-03-15T06:58:11.484+0000][69][gc,age      ] GC(521) - age   7:      38424 bytes,    1210064 total
[2023-03-15T06:58:11.484+0000][69][gc,age      ] GC(521) - age   8:       1104 bytes,    1211168 total
[2023-03-15T06:58:11.485+0000][69][gc,age      ] GC(521) - age   9:       2160 bytes,    1213328 total
[2023-03-15T06:58:11.485+0000][69][gc,age      ] GC(521) - age  10:      21200 bytes,    1234528 total
[2023-03-15T06:58:11.485+0000][69][gc,age      ] GC(521) - age  11:       2160 bytes,    1236688 total
[2023-03-15T06:58:11.486+0000][69][gc,age      ] GC(521) - age  12:        104 bytes,    1236792 total
[2023-03-15T06:58:11.486+0000][69][gc,age      ] GC(521) - age  13:       2176 bytes,    1238968 total
[2023-03-15T06:58:11.487+0000][69][gc,age      ] GC(521) - age  14:        272 bytes,    1239240 total
[2023-03-15T06:58:11.487+0000][69][gc,age      ] GC(521) - age  15:       3264 bytes,    1242504 total
[2023-03-15T06:58:11.488+0000][69][gc,heap     ] GC(521) Eden regions: 23->0(23)
[2023-03-15T06:58:11.488+0000][69][gc,heap     ] GC(521) Survivor regions: 1->1(3)
[2023-03-15T06:58:11.489+0000][69][gc,heap     ] GC(521) Old regions: 25->25
[2023-03-15T06:58:11.489+0000][69][gc,heap     ] GC(521) Archive regions: 2->2
[2023-03-15T06:58:11.490+0000][69][gc,heap     ] GC(521) Humongous regions: 2->2
[2023-03-15T06:58:11.490+0000][69][gc,metaspace] GC(521) Metaspace: 139121K(142400K)->139121K(142400K) NonClass: 121477K(122688K)->121477K(122688K) Class: 17643K(19712K)->17643K(19712K)
[2023-03-15T06:58:11.491+0000][69][gc          ] GC(521) Pause Young (Concurrent Start) (G1 Evacuation Pause) 201M->109M(256M) 20.637ms
[2023-03-15T06:58:11.491+0000][69][gc          ] GC(522) Concurrent Mark Cycle
[2023-03-15T06:58:11.492+0000][69][gc,marking  ] GC(522) Concurrent Clear Claimed Marks
[2023-03-15T06:58:11.491+0000][69][gc,cpu      ] GC(521) User=0.01s Sys=0.00s Real=0.02s
[2023-03-15T06:58:11.493+0000][69][gc,marking  ] GC(522) Concurrent Clear Claimed Marks 0.956ms
[2023-03-15T06:58:11.494+0000][69][gc,marking  ] GC(522) Concurrent Scan Root Regions
[2023-03-15T06:58:11.493+0000][69][safepoint   ] Safepoint "G1CollectForAllocation", Time since last: 995816758 ns, Reaching safepoint: 150509 ns, At safepoint: 22979760 ns, Total: 23130269 ns
[2023-03-15T06:58:11.497+0000][69][gc,marking  ] GC(522) Concurrent Scan Root Regions 3.704ms
[2023-03-15T06:58:11.503+0000][69][gc,marking  ] GC(522) Concurrent Mark
[2023-03-15T06:58:11.506+0000][69][gc,marking  ] GC(522) Concurrent Mark From Roots
[2023-03-15T06:58:11.507+0000][69][gc,task     ] GC(522) Using 1 workers of 1 for marking
[2023-03-15T06:58:11.621+0000][69][gc,marking  ] GC(522) Concurrent Mark From Roots 114.492ms
[2023-03-15T06:58:11.622+0000][69][gc,marking  ] GC(522) Concurrent Preclean
[2023-03-15T06:58:11.622+0000][69][gc,marking  ] GC(522) Concurrent Preclean 0.897ms
[2023-03-15T06:58:11.623+0000][69][gc,start    ] GC(522) Pause Remark
[2023-03-15T06:58:11.635+0000][69][gc          ] GC(522) Pause Remark 112M->112M(256M) 11.373ms
[2023-03-15T06:58:11.636+0000][69][gc,cpu      ] GC(522) User=0.03s Sys=0.00s Real=0.02s
[2023-03-15T06:58:11.636+0000][69][safepoint   ] Safepoint "G1PauseRemark", Time since last: 130323646 ns, Reaching safepoint: 59284 ns, At safepoint: 12845582 ns, Total: 12904866 ns
[2023-03-15T06:58:11.637+0000][69][gc,marking  ] GC(522) Concurrent Mark 133.679ms
[2023-03-15T06:58:11.637+0000][69][gc,marking  ] GC(522) Concurrent Rebuild Remembered Sets
[2023-03-15T06:58:11.689+0000][69][gc,marking  ] GC(522) Concurrent Rebuild Remembered Sets 51.315ms
[2023-03-15T06:58:11.690+0000][69][gc,start    ] GC(522) Pause Cleanup
[2023-03-15T06:58:11.691+0000][69][gc          ] GC(522) Pause Cleanup 112M->112M(256M) 0.876ms
[2023-03-15T06:58:11.692+0000][69][gc,cpu      ] GC(522) User=0.00s Sys=0.00s Real=0.00s
[2023-03-15T06:58:11.693+0000][69][safepoint   ] Safepoint "G1PauseCleanup", Time since last: 53834197 ns, Reaching safepoint: 254397 ns, At safepoint: 2261428 ns, Total: 2515825 ns
[2023-03-15T06:58:11.693+0000][69][gc,marking  ] GC(522) Concurrent Cleanup for Next Mark
[2023-03-15T06:58:11.694+0000][69][gc,marking  ] GC(522) Concurrent Cleanup for Next Mark 0.798ms
[2023-03-15T06:58:11.694+0000][69][gc          ] GC(522) Concurrent Mark Cycle 203.138ms
[2023-03-15T06:58:45.685+0000][69][gc,start    ] GC(523) Pause Young (Normal) (G1 Evacuation Pause)
[2023-03-15T06:58:45.686+0000][69][gc,task     ] GC(523) Using 4 workers of 4 for evacuation
[2023-03-15T06:58:45.687+0000][69][gc,age      ] GC(523) Desired survivor size 6291456 bytes, new threshold 15 (max threshold 15)
[2023-03-15T06:58:45.691+0000][69][gc,phases   ] GC(523)   Pre Evacuate Collection Set: 0.4ms
[2023-03-15T06:58:45.692+0000][69][gc,phases   ] GC(523)   Merge Heap Roots: 0.2ms
[2023-03-15T06:58:45.692+0000][69][gc,phases   ] GC(523)   Evacuate Collection Set: 2.2ms
[2023-03-15T06:58:45.693+0000][69][gc,phases   ] GC(523)   Post Evacuate Collection Set: 0.8ms
[2023-03-15T06:58:45.693+0000][69][gc,phases   ] GC(523)   Other: 1.6ms
[2023-03-15T06:58:45.694+0000][69][gc,age      ] GC(523) Age table with threshold 15 (max threshold 15)
[2023-03-15T06:58:45.694+0000][69][gc,age      ] GC(523) - age   1:     824552 bytes,     824552 total
[2023-03-15T06:58:45.695+0000][69][gc,age      ] GC(523) - age   2:      57336 bytes,     881888 total
[2023-03-15T06:58:45.696+0000][69][gc,age      ] GC(523) - age   3:       1656 bytes,     883544 total
[2023-03-15T06:58:45.696+0000][69][gc,age      ] GC(523) - age   4:      36496 bytes,     920040 total
[2023-03-15T06:58:45.697+0000][69][gc,age      ] GC(523) - age   5:       1288 bytes,     921328 total
[2023-03-15T06:58:45.697+0000][69][gc,age      ] GC(523) - age   6:      17296 bytes,     938624 total
[2023-03-15T06:58:45.698+0000][69][gc,age      ] GC(523) - age   7:     123768 bytes,    1062392 total
[2023-03-15T06:58:45.698+0000][69][gc,age      ] GC(523) - age   8:      38424 bytes,    1100816 total
[2023-03-15T06:58:45.698+0000][69][gc,age      ] GC(523) - age   9:       1104 bytes,    1101920 total
[2023-03-15T06:58:45.699+0000][69][gc,age      ] GC(523) - age  10:       2160 bytes,    1104080 total
[2023-03-15T06:58:45.699+0000][69][gc,age      ] GC(523) - age  11:      21200 bytes,    1125280 total
[2023-03-15T06:58:45.700+0000][69][gc,age      ] GC(523) - age  12:       2160 bytes,    1127440 total
[2023-03-15T06:58:45.700+0000][69][gc,age      ] GC(523) - age  13:        104 bytes,    1127544 total
[2023-03-15T06:58:45.700+0000][69][gc,age      ] GC(523) - age  14:       2176 bytes,    1129720 total
[2023-03-15T06:58:45.701+0000][69][gc,age      ] GC(523) - age  15:        272 bytes,    1129992 total
[2023-03-15T06:58:45.701+0000][69][gc,heap     ] GC(523) Eden regions: 23->0(23)
[2023-03-15T06:58:45.702+0000][69][gc,heap     ] GC(523) Survivor regions: 1->1(3)
[2023-03-15T06:58:45.702+0000][69][gc,heap     ] GC(523) Old regions: 25->25
[2023-03-15T06:58:45.703+0000][69][gc,heap     ] GC(523) Archive regions: 2->2
[2023-03-15T06:58:45.703+0000][69][gc,heap     ] GC(523) Humongous regions: 2->2
[2023-03-15T06:58:45.704+0000][69][gc,metaspace] GC(523) Metaspace: 139121K(142400K)->139121K(142400K) NonClass: 121477K(122688K)->121477K(122688K) Class: 17643K(19712K)->17643K(19712K)
[2023-03-15T06:58:45.705+0000][69][gc          ] GC(523) Pause Young (Normal) (G1 Evacuation Pause) 201M->109M(256M) 19.264ms
[2023-03-15T06:58:45.705+0000][69][gc,cpu      ] GC(523) User=0.00s Sys=0.00s Real=0.02s
[2023-03-15T06:58:45.705+0000][69][safepoint   ] Safepoint "G1CollectForAllocation", Time since last: 34037749833 ns, Reaching safepoint: 97375 ns, At safepoint: 20184318 ns, Total: 20281693 ns
[2023-03-15T06:58:52.712+0000][69][safepoint   ] Safepoint "Cleanup", Time since last: 7006061724 ns, Reaching safepoint: 143571 ns, At safepoint: 26606 ns, Total: 170177 ns
[2023-03-15T06:59:01.718+0000][69][safepoint   ] Safepoint "Cleanup", Time since last: 9006252709 ns, Reaching safepoint: 192536 ns, At safepoint: 7077 ns, Total: 199613 ns
[2023-03-15T06:59:14.164+0000][69][gc,start    ] GC(524) Pause Young (Concurrent Start) (G1 Evacuation Pause)
[2023-03-15T06:59:14.165+0000][69][gc,task     ] GC(524) Using 4 workers of 4 for evacuation
[2023-03-15T06:59:14.166+0000][69][gc,age      ] GC(524) Desired survivor size 6291456 bytes, new threshold 15 (max threshold 15)
[2023-03-15T06:59:14.171+0000][69][gc,phases   ] GC(524)   Pre Evacuate Collection Set: 0.4ms
[2023-03-15T06:59:14.172+0000][69][gc,phases   ] GC(524)   Merge Heap Roots: 0.1ms
[2023-03-15T06:59:14.173+0000][69][gc,phases   ] GC(524)   Evacuate Collection Set: 2.5ms
[2023-03-15T06:59:14.174+0000][69][gc,phases   ] GC(524)   Post Evacuate Collection Set: 1.1ms
[2023-03-15T06:59:14.174+0000][69][gc,phases   ] GC(524)   Other: 1.8ms
[2023-03-15T06:59:14.175+0000][69][gc,age      ] GC(524) Age table with threshold 15 (max threshold 15)
[2023-03-15T06:59:14.175+0000][69][gc,age      ] GC(524) - age   1:    1140120 bytes,    1140120 total
[2023-03-15T06:59:14.176+0000][69][gc,age      ] GC(524) - age   2:       1680 bytes,    1141800 total
[2023-03-15T06:59:14.177+0000][69][gc,age      ] GC(524) - age   3:      51840 bytes,    1193640 total
[2023-03-15T06:59:14.177+0000][69][gc,age      ] GC(524) - age   4:       1592 bytes,    1195232 total
[2023-03-15T06:59:14.178+0000][69][gc,age      ] GC(524) - age   5:      36368 bytes,    1231600 total
[2023-03-15T06:59:14.178+0000][69][gc,age      ] GC(524) - age   6:       1160 bytes,    1232760 total
[2023-03-15T06:59:14.179+0000][69][gc,age      ] GC(524) - age   7:      17296 bytes,    1250056 total
[2023-03-15T06:59:14.179+0000][69][gc,age      ] GC(524) - age   8:     123768 bytes,    1373824 total
[2023-03-15T06:59:14.180+0000][69][gc,age      ] GC(524) - age   9:      38424 bytes,    1412248 total
[2023-03-15T06:59:14.180+0000][69][gc,age      ] GC(524) - age  10:       1104 bytes,    1413352 total
[2023-03-15T06:59:14.181+0000][69][gc,age      ] GC(524) - age  11:       2160 bytes,    1415512 total
[2023-03-15T06:59:14.181+0000][69][gc,age      ] GC(524) - age  12:      21200 bytes,    1436712 total
[2023-03-15T06:59:14.182+0000][69][gc,age      ] GC(524) - age  13:       2160 bytes,    1438872 total
[2023-03-15T06:59:14.182+0000][69][gc,age      ] GC(524) - age  14:        104 bytes,    1438976 total
[2023-03-15T06:59:14.182+0000][69][gc,age      ] GC(524) - age  15:       2176 bytes,    1441152 total
[2023-03-15T06:59:14.183+0000][69][gc,heap     ] GC(524) Eden regions: 23->0(23)
[2023-03-15T06:59:14.183+0000][69][gc,heap     ] GC(524) Survivor regions: 1->1(3)
[2023-03-15T06:59:14.184+0000][69][gc,heap     ] GC(524) Old regions: 25->25
[2023-03-15T06:59:14.184+0000][69][gc,heap     ] GC(524) Archive regions: 2->2
[2023-03-15T06:59:14.185+0000][69][gc,heap     ] GC(524) Humongous regions: 2->2
[2023-03-15T06:59:14.186+0000][69][gc,metaspace] GC(524) Metaspace: 139122K(142400K)->139122K(142400K) NonClass: 121479K(122688K)->121479K(122688K) Class: 17643K(19712K)->17643K(19712K)
[2023-03-15T06:59:14.186+0000][69][gc          ] GC(524) Pause Young (Concurrent Start) (G1 Evacuation Pause) 201M->110M(256M) 21.603ms
[2023-03-15T06:59:14.187+0000][69][gc,cpu      ] GC(524) User=0.01s Sys=0.00s Real=0.03s
[2023-03-15T06:59:14.187+0000][69][gc          ] GC(525) Concurrent Mark Cycle
[2023-03-15T06:59:14.188+0000][69][gc,marking  ] GC(525) Concurrent Clear Claimed Marks
[2023-03-15T06:59:14.187+0000][69][safepoint   ] Safepoint "G1CollectForAllocation", Time since last: 12469196111 ns, Reaching safepoint: 265225 ns, At safepoint: 22698818 ns, Total: 22964043 ns
[2023-03-15T06:59:14.188+0000][69][gc,marking  ] GC(525) Concurrent Clear Claimed Marks 0.644ms
[2023-03-15T06:59:14.189+0000][69][gc,marking  ] GC(525) Concurrent Scan Root Regions
[2023-03-15T06:59:14.192+0000][69][gc,marking  ] GC(525) Concurrent Scan Root Regions 2.470ms
[2023-03-15T06:59:14.192+0000][69][gc,marking  ] GC(525) Concurrent Mark
[2023-03-15T06:59:14.193+0000][69][gc,marking  ] GC(525) Concurrent Mark From Roots
[2023-03-15T06:59:14.193+0000][69][gc,task     ] GC(525) Using 1 workers of 1 for marking
[2023-03-15T06:59:14.321+0000][69][gc,marking  ] GC(525) Concurrent Mark From Roots 128.000ms
[2023-03-15T06:59:14.322+0000][69][gc,marking  ] GC(525) Concurrent Preclean
[2023-03-15T06:59:14.323+0000][69][gc,marking  ] GC(525) Concurrent Preclean 1.044ms
[2023-03-15T06:59:14.324+0000][69][gc,start    ] GC(525) Pause Remark
[2023-03-15T06:59:14.340+0000][69][gc          ] GC(525) Pause Remark 115M->115M(256M) 15.555ms
[2023-03-15T06:59:14.341+0000][69][gc,cpu      ] GC(525) User=0.04s Sys=0.00s Real=0.02s
[2023-03-15T06:59:14.343+0000][69][safepoint   ] Safepoint "G1PauseRemark", Time since last: 136899233 ns, Reaching safepoint: 94391 ns, At safepoint: 18435596 ns, Total: 18529987 ns
[2023-03-15T06:59:14.344+0000][69][gc,marking  ] GC(525) Concurrent Mark 151.440ms
[2023-03-15T06:59:14.345+0000][69][gc,marking  ] GC(525) Concurrent Rebuild Remembered Sets
[2023-03-15T06:59:14.401+0000][69][gc,marking  ] GC(525) Concurrent Rebuild Remembered Sets 56.852ms
[2023-03-15T06:59:14.403+0000][69][gc,start    ] GC(525) Pause Cleanup
[2023-03-15T06:59:14.404+0000][69][gc          ] GC(525) Pause Cleanup 115M->115M(256M) 0.939ms
[2023-03-15T06:59:14.404+0000][69][gc,cpu      ] GC(525) User=0.00s Sys=0.00s Real=0.00s
[2023-03-15T06:59:14.406+0000][69][safepoint   ] Safepoint "G1PauseCleanup", Time since last: 59910358 ns, Reaching safepoint: 359880 ns, At safepoint: 2836686 ns, Total: 3196566 ns
[2023-03-15T06:59:14.407+0000][69][gc,marking  ] GC(525) Concurrent Cleanup for Next Mark
[2023-03-15T06:59:14.408+0000][69][gc,marking  ] GC(525) Concurrent Cleanup for Next Mark 1.001ms
[2023-03-15T06:59:14.409+0000][69][gc          ] GC(525) Concurrent Mark Cycle 222.001ms
[2023-03-15T06:59:34.424+0000][69][safepoint   ] Safepoint "Cleanup", Time since last: 20017901779 ns, Reaching safepoint: 338444 ns, At safepoint: 23896 ns, Total: 362340 ns
[2023-03-15T06:59:40.433+0000][69][safepoint   ] Safepoint "Cleanup", Time since last: 6008778716 ns, Reaching safepoint: 633809 ns, At safepoint: 47098 ns, Total: 680907 ns
[2023-03-15T06:59:42.415+0000][69][gc,start    ] GC(526) Pause Young (Normal) (G1 Evacuation Pause)
[2023-03-15T06:59:42.417+0000][69][gc,task     ] GC(526) Using 4 workers of 4 for evacuation
[2023-03-15T06:59:42.418+0000][69][gc,age      ] GC(526) Desired survivor size 6291456 bytes, new threshold 15 (max threshold 15)
[2023-03-15T06:59:42.426+0000][69][gc,phases   ] GC(526)   Pre Evacuate Collection Set: 0.3ms
[2023-03-15T06:59:42.427+0000][69][gc,phases   ] GC(526)   Merge Heap Roots: 0.3ms
[2023-03-15T06:59:42.428+0000][69][gc,phases   ] GC(526)   Evacuate Collection Set: 3.7ms
[2023-03-15T06:59:42.429+0000][69][gc,phases   ] GC(526)   Post Evacuate Collection Set: 2.3ms
[2023-03-15T06:59:42.430+0000][69][gc,phases   ] GC(526)   Other: 2.8ms
[2023-03-15T06:59:42.431+0000][69][gc,age      ] GC(526) Age table with threshold 15 (max threshold 15)
[2023-03-15T06:59:42.431+0000][69][gc,age      ] GC(526) - age   1:    1401704 bytes,    1401704 total
[2023-03-15T06:59:42.433+0000][69][gc,age      ] GC(526) - age   2:       9080 bytes,    1410784 total
[2023-03-15T06:59:42.435+0000][69][gc,age      ] GC(526) - age   3:        808 bytes,    1411592 total
[2023-03-15T06:59:42.435+0000][69][gc,age      ] GC(526) - age   4:      50224 bytes,    1461816 total
[2023-03-15T06:59:42.436+0000][69][gc,age      ] GC(526) - age   5:       1528 bytes,    1463344 total
[2023-03-15T06:59:42.437+0000][69][gc,age      ] GC(526) - age   6:      19504 bytes,    1482848 total
[2023-03-15T06:59:42.438+0000][69][gc,age      ] GC(526) - age   7:        296 bytes,    1483144 total
[2023-03-15T06:59:42.439+0000][69][gc,age      ] GC(526) - age   8:       2408 bytes,    1485552 total
[2023-03-15T06:59:42.439+0000][69][gc,age      ] GC(526) - age   9:      25320 bytes,    1510872 total
[2023-03-15T06:59:42.440+0000][69][gc,age      ] GC(526) - age  10:      38424 bytes,    1549296 total
[2023-03-15T06:59:42.441+0000][69][gc,age      ] GC(526) - age  11:       1104 bytes,    1550400 total
[2023-03-15T06:59:42.442+0000][69][gc,age      ] GC(526) - age  12:       2160 bytes,    1552560 total
[2023-03-15T06:59:42.443+0000][69][gc,age      ] GC(526) - age  13:      21200 bytes,    1573760 total
[2023-03-15T06:59:42.443+0000][69][gc,age      ] GC(526) - age  14:       2160 bytes,    1575920 total
[2023-03-15T06:59:42.444+0000][69][gc,age      ] GC(526) - age  15:        104 bytes,    1576024 total
[2023-03-15T06:59:42.445+0000][69][gc,heap     ] GC(526) Eden regions: 23->0(23)
[2023-03-15T06:59:42.446+0000][69][gc,heap     ] GC(526) Survivor regions: 1->1(3)
[2023-03-15T06:59:42.446+0000][69][gc,heap     ] GC(526) Old regions: 25->25
[2023-03-15T06:59:42.447+0000][69][gc,heap     ] GC(526) Archive regions: 2->2
[2023-03-15T06:59:42.447+0000][69][gc,heap     ] GC(526) Humongous regions: 2->2
[2023-03-15T06:59:42.448+0000][69][gc,metaspace] GC(526) Metaspace: 139122K(142400K)->139122K(142400K) NonClass: 121479K(122688K)->121479K(122688K) Class: 17643K(19712K)->17643K(19712K)
[2023-03-15T06:59:42.449+0000][69][gc          ] GC(526) Pause Young (Normal) (G1 Evacuation Pause) 202M->110M(256M) 34.866ms
[2023-03-15T06:59:42.450+0000][69][gc,cpu      ] GC(526) User=0.02s Sys=0.01s Real=0.04s
[2023-03-15T06:59:42.451+0000][69][safepoint   ] Safepoint "G1CollectForAllocation", Time since last: 2000778424 ns, Reaching safepoint: 210514 ns, At safepoint: 36099254 ns, Total: 36309768 ns
[2023-03-15T07:00:09.471+0000][69][safepoint   ] Safepoint "Cleanup", Time since last: 27020043668 ns, Reaching safepoint: 661805 ns, At safepoint: 66222 ns, Total: 728027 ns
[2023-03-15T07:00:09.672+0000][69][gc,start    ] GC(527) Pause Young (Concurrent Start) (G1 Evacuation Pause)
[2023-03-15T07:00:09.672+0000][69][gc,task     ] GC(527) Using 4 workers of 4 for evacuation
[2023-03-15T07:00:09.673+0000][69][gc,age      ] GC(527) Desired survivor size 6291456 bytes, new threshold 15 (max threshold 15)
[2023-03-15T07:00:09.677+0000][69][gc,phases   ] GC(527)   Pre Evacuate Collection Set: 0.5ms
[2023-03-15T07:00:09.677+0000][69][gc,phases   ] GC(527)   Merge Heap Roots: 0.1ms
[2023-03-15T07:00:09.678+0000][69][gc,phases   ] GC(527)   Evacuate Collection Set: 1.8ms
[2023-03-15T07:00:09.678+0000][69][gc,phases   ] GC(527)   Post Evacuate Collection Set: 0.8ms
[2023-03-15T07:00:09.679+0000][69][gc,phases   ] GC(527)   Other: 1.3ms
[2023-03-15T07:00:09.679+0000][69][gc,age      ] GC(527) Age table with threshold 15 (max threshold 15)
[2023-03-15T07:00:09.680+0000][69][gc,age      ] GC(527) - age   1:    2039304 bytes,    2039304 total
[2023-03-15T07:00:09.680+0000][69][gc,age      ] GC(527) - age   2:     184776 bytes,    2224080 total
[2023-03-15T07:00:09.680+0000][69][gc,age      ] GC(527) - age   3:       6312 bytes,    2230392 total
[2023-03-15T07:00:09.681+0000][69][gc,age      ] GC(527) - age   4:        744 bytes,    2231136 total
[2023-03-15T07:00:09.682+0000][69][gc,age      ] GC(527) - age   5:      49864 bytes,    2281000 total
[2023-03-15T07:00:09.682+0000][69][gc,age      ] GC(527) - age   6:       1528 bytes,    2282528 total
[2023-03-15T07:00:09.682+0000][69][gc,age      ] GC(527) - age   7:      19168 bytes,    2301696 total
[2023-03-15T07:00:09.683+0000][69][gc,age      ] GC(527) - age   8:        296 bytes,    2301992 total
[2023-03-15T07:00:09.683+0000][69][gc,age      ] GC(527) - age   9:       2408 bytes,    2304400 total
[2023-03-15T07:00:09.684+0000][69][gc,age      ] GC(527) - age  10:      25288 bytes,    2329688 total
[2023-03-15T07:00:09.684+0000][69][gc,age      ] GC(527) - age  11:      38392 bytes,    2368080 total
[2023-03-15T07:00:09.685+0000][69][gc,age      ] GC(527) - age  12:       1104 bytes,    2369184 total
[2023-03-15T07:00:09.685+0000][69][gc,age      ] GC(527) - age  13:       2160 bytes,    2371344 total
[2023-03-15T07:00:09.685+0000][69][gc,age      ] GC(527) - age  14:      21200 bytes,    2392544 total
[2023-03-15T07:00:09.686+0000][69][gc,age      ] GC(527) - age  15:       2160 bytes,    2394704 total
[2023-03-15T07:00:09.686+0000][69][gc,heap     ] GC(527) Eden regions: 23->0(22)
[2023-03-15T07:00:09.687+0000][69][gc,heap     ] GC(527) Survivor regions: 1->1(3)
[2023-03-15T07:00:09.687+0000][69][gc,heap     ] GC(527) Old regions: 25->25
[2023-03-15T07:00:09.687+0000][69][gc,heap     ] GC(527) Archive regions: 2->2
[2023-03-15T07:00:09.688+0000][69][gc,heap     ] GC(527) Humongous regions: 2->2
[2023-03-15T07:00:09.688+0000][69][gc,metaspace] GC(527) Metaspace: 139122K(142400K)->139122K(142400K) NonClass: 121479K(122688K)->121479K(122688K) Class: 17643K(19712K)->17643K(19712K)
[2023-03-15T07:00:09.689+0000][69][gc          ] GC(527) Pause Young (Concurrent Start) (G1 Evacuation Pause) 202M->111M(256M) 17.176ms
[2023-03-15T07:00:09.689+0000][69][gc          ] GC(528) Concurrent Mark Cycle
[2023-03-15T07:00:09.690+0000][69][gc,marking  ] GC(528) Concurrent Clear Claimed Marks
[2023-03-15T07:00:09.689+0000][69][gc,cpu      ] GC(527) User=0.01s Sys=0.00s Real=0.02s
[2023-03-15T07:00:09.690+0000][69][gc,marking  ] GC(528) Concurrent Clear Claimed Marks 0.687ms
[2023-03-15T07:00:09.691+0000][69][gc,marking  ] GC(528) Concurrent Scan Root Regions
[2023-03-15T07:00:09.691+0000][69][safepoint   ] Safepoint "G1CollectForAllocation", Time since last: 200074496 ns, Reaching safepoint: 116646 ns, At safepoint: 19223509 ns, Total: 19340155 ns
[2023-03-15T07:00:09.697+0000][69][gc,marking  ] GC(528) Concurrent Scan Root Regions 5.356ms
[2023-03-15T07:00:09.714+0000][69][gc,marking  ] GC(528) Concurrent Mark
[2023-03-15T07:00:09.734+0000][69][gc,marking  ] GC(528) Concurrent Mark From Roots
[2023-03-15T07:00:09.735+0000][69][gc,task     ] GC(528) Using 1 workers of 1 for marking
[2023-03-15T07:00:09.938+0000][69][gc,marking  ] GC(528) Concurrent Mark From Roots 204.013ms
[2023-03-15T07:00:09.938+0000][69][gc,marking  ] GC(528) Concurrent Preclean
[2023-03-15T07:00:09.939+0000][69][gc,marking  ] GC(528) Concurrent Preclean 1.058ms
[2023-03-15T07:00:09.940+0000][69][gc,start    ] GC(528) Pause Remark
[2023-03-15T07:00:09.950+0000][69][gc          ] GC(528) Pause Remark 122M->122M(256M) 9.866ms
[2023-03-15T07:00:09.951+0000][69][gc,cpu      ] GC(528) User=0.03s Sys=0.00s Real=0.01s
[2023-03-15T07:00:09.952+0000][69][safepoint   ] Safepoint "G1PauseRemark", Time since last: 249539037 ns, Reaching safepoint: 139686 ns, At safepoint: 11238436 ns, Total: 11378122 ns
[2023-03-15T07:00:09.952+0000][69][gc,marking  ] GC(528) Concurrent Mark 238.092ms
[2023-03-15T07:00:09.953+0000][69][gc,marking  ] GC(528) Concurrent Rebuild Remembered Sets
[2023-03-15T07:00:10.044+0000][69][gc,marking  ] GC(528) Concurrent Rebuild Remembered Sets 90.790ms
[2023-03-15T07:00:10.045+0000][69][gc,start    ] GC(528) Pause Cleanup
[2023-03-15T07:00:10.046+0000][69][gc          ] GC(528) Pause Cleanup 122M->122M(256M) 0.606ms
[2023-03-15T07:00:10.046+0000][69][gc,cpu      ] GC(528) User=0.00s Sys=0.00s Real=0.01s
[2023-03-15T07:00:10.047+0000][69][safepoint   ] Safepoint "G1PauseCleanup", Time since last: 93162106 ns, Reaching safepoint: 108699 ns, At safepoint: 2082818 ns, Total: 2191517 ns
[2023-03-15T07:00:10.048+0000][69][gc,marking  ] GC(528) Concurrent Cleanup for Next Mark
[2023-03-15T07:00:10.048+0000][69][gc,marking  ] GC(528) Concurrent Cleanup for Next Mark 0.789ms
[2023-03-15T07:00:10.049+0000][69][gc          ] GC(528) Concurrent Mark Cycle 359.773ms
[2023-03-15T07:00:13.029+0000][69][safepoint   ] Safepoint "Cleanup", Time since last: 3005207279 ns, Reaching safepoint: 440446 ns, At safepoint: 44958 ns, Total: 485404 ns
[2023-03-15T07:00:34.939+0000][69][gc,start    ] GC(529) Pause Young (Normal) (G1 Evacuation Pause)
[2023-03-15T07:00:34.940+0000][69][gc,task     ] GC(529) Using 4 workers of 4 for evacuation
[2023-03-15T07:00:34.941+0000][69][gc,age      ] GC(529) Desired survivor size 6291456 bytes, new threshold 15 (max threshold 15)
[2023-03-15T07:00:34.945+0000][69][gc,phases   ] GC(529)   Pre Evacuate Collection Set: 0.1ms
[2023-03-15T07:00:34.946+0000][69][gc,phases   ] GC(529)   Merge Heap Roots: 0.1ms
[2023-03-15T07:00:34.946+0000][69][gc,phases   ] GC(529)   Evacuate Collection Set: 2.5ms
[2023-03-15T07:00:34.947+0000][69][gc,phases   ] GC(529)   Post Evacuate Collection Set: 0.9ms
[2023-03-15T07:00:34.947+0000][69][gc,phases   ] GC(529)   Other: 1.2ms
[2023-03-15T07:00:34.948+0000][69][gc,age      ] GC(529) Age table with threshold 15 (max threshold 15)
[2023-03-15T07:00:34.949+0000][69][gc,age      ] GC(529) - age   1:    1622504 bytes,    1622504 total
[2023-03-15T07:00:34.949+0000][69][gc,age      ] GC(529) - age   2:      39160 bytes,    1661664 total
[2023-03-15T07:00:34.950+0000][69][gc,age      ] GC(529) - age   3:     179592 bytes,    1841256 total
[2023-03-15T07:00:34.950+0000][69][gc,age      ] GC(529) - age   4:       6248 bytes,    1847504 total
[2023-03-15T07:00:34.951+0000][69][gc,age      ] GC(529) - age   5:        552 bytes,    1848056 total
[2023-03-15T07:00:34.951+0000][69][gc,age      ] GC(529) - age   6:       7744 bytes,    1855800 total
[2023-03-15T07:00:34.952+0000][69][gc,age      ] GC(529) - age   7:       1528 bytes,    1857328 total
[2023-03-15T07:00:34.952+0000][69][gc,age      ] GC(529) - age   8:      19168 bytes,    1876496 total
[2023-03-15T07:00:34.953+0000][69][gc,age      ] GC(529) - age  10:       2408 bytes,    1878904 total
[2023-03-15T07:00:34.953+0000][69][gc,age      ] GC(529) - age  11:      25144 bytes,    1904048 total
[2023-03-15T07:00:34.953+0000][69][gc,age      ] GC(529) - age  12:      38392 bytes,    1942440 total
[2023-03-15T07:00:34.954+0000][69][gc,age      ] GC(529) - age  13:       1104 bytes,    1943544 total
[2023-03-15T07:00:34.955+0000][69][gc,age      ] GC(529) - age  14:       2160 bytes,    1945704 total
[2023-03-15T07:00:34.955+0000][69][gc,age      ] GC(529) - age  15:      21200 bytes,    1966904 total
[2023-03-15T07:00:34.956+0000][69][gc,heap     ] GC(529) Eden regions: 22->0(22)
[2023-03-15T07:00:34.956+0000][69][gc,heap     ] GC(529) Survivor regions: 1->1(3)
[2023-03-15T07:00:34.957+0000][69][gc,heap     ] GC(529) Old regions: 25->25
[2023-03-15T07:00:34.957+0000][69][gc,heap     ] GC(529) Archive regions: 2->2
[2023-03-15T07:00:34.958+0000][69][gc,heap     ] GC(529) Humongous regions: 2->2
[2023-03-15T07:00:34.958+0000][69][gc,metaspace] GC(529) Metaspace: 139123K(142400K)->139123K(142400K) NonClass: 121479K(122688K)->121479K(122688K) Class: 17643K(19712K)->17643K(19712K)
[2023-03-15T07:00:34.959+0000][69][gc          ] GC(529) Pause Young (Normal) (G1 Evacuation Pause) 199M->110M(256M) 19.440ms
[2023-03-15T07:00:34.959+0000][69][gc,cpu      ] GC(529) User=0.01s Sys=0.00s Real=0.02s
[2023-03-15T07:00:34.960+0000][69][safepoint   ] Safepoint "G1CollectForAllocation", Time since last: 21910137885 ns, Reaching safepoint: 80635 ns, At safepoint: 20643531 ns, Total: 20724166 ns
[2023-03-15T07:01:03.477+0000][69][gc,start    ] GC(530) Pause Young (Concurrent Start) (G1 Evacuation Pause)
[2023-03-15T07:01:03.478+0000][69][gc,task     ] GC(530) Using 4 workers of 4 for evacuation
[2023-03-15T07:01:03.480+0000][69][gc,age      ] GC(530) Desired survivor size 6291456 bytes, new threshold 15 (max threshold 15)
[2023-03-15T07:01:03.489+0000][69][gc,phases   ] GC(530)   Pre Evacuate Collection Set: 1.1ms
[2023-03-15T07:01:03.490+0000][69][gc,phases   ] GC(530)   Merge Heap Roots: 0.6ms
[2023-03-15T07:01:03.491+0000][69][gc,phases   ] GC(530)   Evacuate Collection Set: 4.6ms
[2023-03-15T07:01:03.492+0000][69][gc,phases   ] GC(530)   Post Evacuate Collection Set: 1.1ms
[2023-03-15T07:01:03.493+0000][69][gc,phases   ] GC(530)   Other: 3.6ms
[2023-03-15T07:01:03.494+0000][69][gc,age      ] GC(530) Age table with threshold 15 (max threshold 15)
[2023-03-15T07:01:03.494+0000][69][gc,age      ] GC(530) - age   1:     778528 bytes,     778528 total
[2023-03-15T07:01:03.495+0000][69][gc,age      ] GC(530) - age   2:       4184 bytes,     782712 total
[2023-03-15T07:01:03.496+0000][69][gc,age      ] GC(530) - age   3:      36600 bytes,     819312 total
[2023-03-15T07:01:03.497+0000][69][gc,age      ] GC(530) - age   4:     178904 bytes,     998216 total
[2023-03-15T07:01:03.497+0000][69][gc,age      ] GC(530) - age   5:       6184 bytes,    1004400 total
[2023-03-15T07:01:03.498+0000][69][gc,age      ] GC(530) - age   6:        552 bytes,    1004952 total
[2023-03-15T07:01:03.499+0000][69][gc,age      ] GC(530) - age   7:       7744 bytes,    1012696 total
[2023-03-15T07:01:03.500+0000][69][gc,age      ] GC(530) - age   8:       1496 bytes,    1014192 total
[2023-03-15T07:01:03.500+0000][69][gc,age      ] GC(530) - age   9:      19168 bytes,    1033360 total
[2023-03-15T07:01:03.501+0000][69][gc,age      ] GC(530) - age  11:       2344 bytes,    1035704 total
[2023-03-15T07:01:03.502+0000][69][gc,age      ] GC(530) - age  12:      25144 bytes,    1060848 total
[2023-03-15T07:01:03.502+0000][69][gc,age      ] GC(530) - age  13:      38368 bytes,    1099216 total
[2023-03-15T07:01:03.503+0000][69][gc,age      ] GC(530) - age  14:       1104 bytes,    1100320 total
[2023-03-15T07:01:03.504+0000][69][gc,age      ] GC(530) - age  15:       2160 bytes,    1102480 total
[2023-03-15T07:01:03.505+0000][69][gc,heap     ] GC(530) Eden regions: 22->0(23)
[2023-03-15T07:01:03.505+0000][69][gc,heap     ] GC(530) Survivor regions: 1->1(3)
[2023-03-15T07:01:03.507+0000][69][gc,heap     ] GC(530) Old regions: 25->25
[2023-03-15T07:01:03.507+0000][69][gc,heap     ] GC(530) Archive regions: 2->2
[2023-03-15T07:01:03.508+0000][69][gc,heap     ] GC(530) Humongous regions: 2->2
[2023-03-15T07:01:03.509+0000][69][gc,metaspace] GC(530) Metaspace: 139123K(142400K)->139123K(142400K) NonClass: 121479K(122688K)->121479K(122688K) Class: 17643K(19712K)->17643K(19712K)
[2023-03-15T07:01:03.510+0000][69][gc          ] GC(530) Pause Young (Concurrent Start) (G1 Evacuation Pause) 198M->110M(256M) 32.935ms
[2023-03-15T07:01:03.511+0000][69][gc,cpu      ] GC(530) User=0.02s Sys=0.01s Real=0.04s
[2023-03-15T07:01:03.511+0000][69][gc          ] GC(531) Concurrent Mark Cycle
[2023-03-15T07:01:03.513+0000][69][gc,marking  ] GC(531) Concurrent Clear Claimed Marks
[2023-03-15T07:01:03.512+0000][69][safepoint   ] Safepoint "G1CollectForAllocation", Time since last: 28538771273 ns, Reaching safepoint: 200736 ns, At safepoint: 35001563 ns, Total: 35202299 ns
[2023-03-15T07:01:03.514+0000][69][gc,marking  ] GC(531) Concurrent Clear Claimed Marks 1.079ms
[2023-03-15T07:01:03.517+0000][69][gc,marking  ] GC(531) Concurrent Scan Root Regions
[2023-03-15T07:01:03.521+0000][69][gc,marking  ] GC(531) Concurrent Scan Root Regions 3.871ms
[2023-03-15T07:01:03.521+0000][69][gc,marking  ] GC(531) Concurrent Mark
[2023-03-15T07:01:03.522+0000][69][gc,marking  ] GC(531) Concurrent Mark From Roots
[2023-03-15T07:01:03.523+0000][69][gc,task     ] GC(531) Using 1 workers of 1 for marking
[2023-03-15T07:01:03.696+0000][69][gc,marking  ] GC(531) Concurrent Mark From Roots 174.166ms
[2023-03-15T07:01:03.697+0000][69][gc,marking  ] GC(531) Concurrent Preclean
[2023-03-15T07:01:03.698+0000][69][gc,marking  ] GC(531) Concurrent Preclean 1.328ms
[2023-03-15T07:01:03.700+0000][69][gc,start    ] GC(531) Pause Remark
[2023-03-15T07:01:03.711+0000][69][gc          ] GC(531) Pause Remark 111M->111M(256M) 11.060ms
[2023-03-15T07:01:03.712+0000][69][gc,cpu      ] GC(531) User=0.04s Sys=0.00s Real=0.01s
[2023-03-15T07:01:03.713+0000][69][safepoint   ] Safepoint "G1PauseRemark", Time since last: 187714280 ns, Reaching safepoint: 399199 ns, At safepoint: 13171403 ns, Total: 13570602 ns
[2023-03-15T07:01:03.714+0000][69][gc,marking  ] GC(531) Concurrent Mark 193.338ms
[2023-03-15T07:01:03.715+0000][69][gc,marking  ] GC(531) Concurrent Rebuild Remembered Sets
[2023-03-15T07:01:03.809+0000][69][gc,marking  ] GC(531) Concurrent Rebuild Remembered Sets 93.560ms
[2023-03-15T07:01:03.811+0000][69][gc,start    ] GC(531) Pause Cleanup
[2023-03-15T07:01:03.812+0000][69][gc          ] GC(531) Pause Cleanup 115M->115M(256M) 1.386ms
[2023-03-15T07:01:03.813+0000][69][gc,cpu      ] GC(531) User=0.00s Sys=0.00s Real=0.00s
[2023-03-15T07:01:03.814+0000][69][safepoint   ] Safepoint "G1PauseCleanup", Time since last: 97278304 ns, Reaching safepoint: 137422 ns, At safepoint: 3220056 ns, Total: 3357478 ns
[2023-03-15T07:01:03.814+0000][69][gc,marking  ] GC(531) Concurrent Cleanup for Next Mark
[2023-03-15T07:01:03.815+0000][69][gc,marking  ] GC(531) Concurrent Cleanup for Next Mark 0.966ms
[2023-03-15T07:01:03.816+0000][69][gc          ] GC(531) Concurrent Mark Cycle 305.336ms
[2023-03-15T07:01:22.806+0000][69][safepoint   ] Safepoint "Cleanup", Time since last: 19013500321 ns, Reaching safepoint: 138687 ns, At safepoint: 29295 ns, Total: 167982 ns
[2023-03-15T07:01:33.633+0000][69][gc,start    ] GC(532) Pause Young (Normal) (G1 Evacuation Pause)
[2023-03-15T07:01:33.634+0000][69][gc,task     ] GC(532) Using 4 workers of 4 for evacuation
[2023-03-15T07:01:33.634+0000][69][gc,age      ] GC(532) Desired survivor size 6291456 bytes, new threshold 15 (max threshold 15)
[2023-03-15T07:01:33.637+0000][69][gc,phases   ] GC(532)   Pre Evacuate Collection Set: 0.1ms
[2023-03-15T07:01:33.638+0000][69][gc,phases   ] GC(532)   Merge Heap Roots: 0.1ms
[2023-03-15T07:01:33.638+0000][69][gc,phases   ] GC(532)   Evacuate Collection Set: 1.5ms
[2023-03-15T07:01:33.639+0000][69][gc,phases   ] GC(532)   Post Evacuate Collection Set: 0.8ms
[2023-03-15T07:01:33.640+0000][69][gc,phases   ] GC(532)   Other: 0.9ms
[2023-03-15T07:01:33.641+0000][69][gc,age      ] GC(532) Age table with threshold 15 (max threshold 15)
[2023-03-15T07:01:33.641+0000][69][gc,age      ] GC(532) - age   1:     635696 bytes,     635696 total
[2023-03-15T07:01:33.642+0000][69][gc,age      ] GC(532) - age   2:       3224 bytes,     638920 total
[2023-03-15T07:01:33.642+0000][69][gc,age      ] GC(532) - age   3:       2960 bytes,     641880 total
[2023-03-15T07:01:33.643+0000][69][gc,age      ] GC(532) - age   4:      36208 bytes,     678088 total
[2023-03-15T07:01:33.644+0000][69][gc,age      ] GC(532) - age   5:     178904 bytes,     856992 total
[2023-03-15T07:01:33.644+0000][69][gc,age      ] GC(532) - age   6:       2448 bytes,     859440 total
[2023-03-15T07:01:33.645+0000][69][gc,age      ] GC(532) - age   7:        552 bytes,     859992 total
[2023-03-15T07:01:33.646+0000][69][gc,age      ] GC(532) - age   8:       7744 bytes,     867736 total
[2023-03-15T07:01:33.646+0000][69][gc,age      ] GC(532) - age   9:       1496 bytes,     869232 total
[2023-03-15T07:01:33.647+0000][69][gc,age      ] GC(532) - age  10:      19168 bytes,     888400 total
[2023-03-15T07:01:33.648+0000][69][gc,age      ] GC(532) - age  12:       2344 bytes,     890744 total
[2023-03-15T07:01:33.648+0000][69][gc,age      ] GC(532) - age  13:      25144 bytes,     915888 total
[2023-03-15T07:01:33.649+0000][69][gc,age      ] GC(532) - age  14:      38368 bytes,     954256 total
[2023-03-15T07:01:33.649+0000][69][gc,age      ] GC(532) - age  15:       1104 bytes,     955360 total
[2023-03-15T07:01:33.650+0000][69][gc,heap     ] GC(532) Eden regions: 23->0(23)
[2023-03-15T07:01:33.650+0000][69][gc,heap     ] GC(532) Survivor regions: 1->1(3)
[2023-03-15T07:01:33.651+0000][69][gc,heap     ] GC(532) Old regions: 25->25
[2023-03-15T07:01:33.652+0000][69][gc,heap     ] GC(532) Archive regions: 2->2
[2023-03-15T07:01:33.652+0000][69][gc,heap     ] GC(532) Humongous regions: 2->2
[2023-03-15T07:01:33.653+0000][69][gc,metaspace] GC(532) Metaspace: 139125K(142400K)->139125K(142400K) NonClass: 121481K(122688K)->121481K(122688K) Class: 17643K(19712K)->17643K(19712K)
[2023-03-15T07:01:33.653+0000][69][gc          ] GC(532) Pause Young (Normal) (G1 Evacuation Pause) 202M->109M(256M) 20.035ms
[2023-03-15T07:01:33.654+0000][69][gc,cpu      ] GC(532) User=0.01s Sys=0.01s Real=0.02s
[2023-03-15T07:01:33.654+0000][69][safepoint   ] Safepoint "G1CollectForAllocation", Time since last: 10827254126 ns, Reaching safepoint: 78440 ns, At safepoint: 21109258 ns, Total: 21187698 ns
[2023-03-15T07:01:51.644+0000][69][safepoint   ] Safepoint "Cleanup", Time since last: 18012566804 ns, Reaching safepoint: 335340 ns, At safepoint: 46698 ns, Total: 382038 ns
[2023-03-15T07:01:52.646+0000][69][safepoint   ] Safepoint "Cleanup", Time since last: 1001013931 ns, Reaching safepoint: 320114 ns, At safepoint: 14474 ns, Total: 334588 ns
[2023-03-15T07:02:01.657+0000][69][safepoint   ] Safepoint "Cleanup", Time since last: 9010257233 ns, Reaching safepoint: 436844 ns, At safepoint: 98620 ns, Total: 535464 ns
[2023-03-15T07:02:03.719+0000][69][gc,start    ] GC(533) Pause Young (Concurrent Start) (G1 Evacuation Pause)
[2023-03-15T07:02:03.720+0000][69][gc,task     ] GC(533) Using 4 workers of 4 for evacuation
[2023-03-15T07:02:03.720+0000][69][gc,age      ] GC(533) Desired survivor size 6291456 bytes, new threshold 15 (max threshold 15)
[2023-03-15T07:02:03.725+0000][69][gc,phases   ] GC(533)   Pre Evacuate Collection Set: 0.4ms
[2023-03-15T07:02:03.726+0000][69][gc,phases   ] GC(533)   Merge Heap Roots: 0.2ms
[2023-03-15T07:02:03.727+0000][69][gc,phases   ] GC(533)   Evacuate Collection Set: 2.5ms
[2023-03-15T07:02:03.727+0000][69][gc,phases   ] GC(533)   Post Evacuate Collection Set: 1.2ms
[2023-03-15T07:02:03.728+0000][69][gc,phases   ] GC(533)   Other: 1.2ms
[2023-03-15T07:02:03.728+0000][69][gc,age      ] GC(533) Age table with threshold 15 (max threshold 15)
[2023-03-15T07:02:03.729+0000][69][gc,age      ] GC(533) - age   1:     946312 bytes,     946312 total
[2023-03-15T07:02:03.729+0000][69][gc,age      ] GC(533) - age   2:       7200 bytes,     953512 total
[2023-03-15T07:02:03.730+0000][69][gc,age      ] GC(533) - age   3:       1952 bytes,     955464 total
[2023-03-15T07:02:03.730+0000][69][gc,age      ] GC(533) - age   4:       2256 bytes,     957720 total
[2023-03-15T07:02:03.731+0000][69][gc,age      ] GC(533) - age   5:      35776 bytes,     993496 total
[2023-03-15T07:02:03.731+0000][69][gc,age      ] GC(533) - age   6:     178840 bytes,    1172336 total
[2023-03-15T07:02:03.732+0000][69][gc,age      ] GC(533) - age   7:       2448 bytes,    1174784 total
[2023-03-15T07:02:03.732+0000][69][gc,age      ] GC(533) - age   8:        552 bytes,    1175336 total
[2023-03-15T07:02:03.733+0000][69][gc,age      ] GC(533) - age   9:       7744 bytes,    1183080 total
[2023-03-15T07:02:03.733+0000][69][gc,age      ] GC(533) - age  10:       1496 bytes,    1184576 total
[2023-03-15T07:02:03.734+0000][69][gc,age      ] GC(533) - age  11:      19168 bytes,    1203744 total
[2023-03-15T07:02:03.734+0000][69][gc,age      ] GC(533) - age  13:       2344 bytes,    1206088 total
[2023-03-15T07:02:03.735+0000][69][gc,age      ] GC(533) - age  14:      25144 bytes,    1231232 total
[2023-03-15T07:02:03.735+0000][69][gc,age      ] GC(533) - age  15:      38368 bytes,    1269600 total
[2023-03-15T07:02:03.735+0000][69][gc,heap     ] GC(533) Eden regions: 23->0(23)
[2023-03-15T07:02:03.736+0000][69][gc,heap     ] GC(533) Survivor regions: 1->1(3)
[2023-03-15T07:02:03.736+0000][69][gc,heap     ] GC(533) Old regions: 25->25
[2023-03-15T07:02:03.737+0000][69][gc,heap     ] GC(533) Archive regions: 2->2
[2023-03-15T07:02:03.737+0000][69][gc,heap     ] GC(533) Humongous regions: 2->2
[2023-03-15T07:02:03.738+0000][69][gc,metaspace] GC(533) Metaspace: 139125K(142400K)->139125K(142400K) NonClass: 121481K(122688K)->121481K(122688K) Class: 17643K(19712K)->17643K(19712K)
[2023-03-15T07:02:03.739+0000][69][gc          ] GC(533) Pause Young (Concurrent Start) (G1 Evacuation Pause) 201M->110M(256M) 19.908ms
[2023-03-15T07:02:03.739+0000][69][gc,cpu      ] GC(533) User=0.01s Sys=0.00s Real=0.02s
[2023-03-15T07:02:03.739+0000][69][gc          ] GC(534) Concurrent Mark Cycle
[2023-03-15T07:02:03.740+0000][69][gc,marking  ] GC(534) Concurrent Clear Claimed Marks
[2023-03-15T07:02:03.740+0000][69][gc,marking  ] GC(534) Concurrent Clear Claimed Marks 0.584ms
[2023-03-15T07:02:03.741+0000][69][gc,marking  ] GC(534) Concurrent Scan Root Regions
[2023-03-15T07:02:03.740+0000][69][safepoint   ] Safepoint "G1CollectForAllocation", Time since last: 2062058870 ns, Reaching safepoint: 99876 ns, At safepoint: 20785372 ns, Total: 20885248 ns
[2023-03-15T07:02:03.743+0000][69][gc,marking  ] GC(534) Concurrent Scan Root Regions 2.313ms
[2023-03-15T07:02:03.744+0000][69][gc,marking  ] GC(534) Concurrent Mark
[2023-03-15T07:02:03.745+0000][69][gc,marking  ] GC(534) Concurrent Mark From Roots
[2023-03-15T07:02:03.745+0000][69][gc,task     ] GC(534) Using 1 workers of 1 for marking
[2023-03-15T07:02:03.854+0000][69][gc,marking  ] GC(534) Concurrent Mark From Roots 108.945ms
[2023-03-15T07:02:03.855+0000][69][gc,marking  ] GC(534) Concurrent Preclean
[2023-03-15T07:02:03.856+0000][69][gc,marking  ] GC(534) Concurrent Preclean 1.156ms
[2023-03-15T07:02:03.857+0000][69][gc,start    ] GC(534) Pause Remark
[2023-03-15T07:02:03.869+0000][69][gc          ] GC(534) Pause Remark 111M->111M(256M) 11.490ms
[2023-03-15T07:02:03.869+0000][69][gc,cpu      ] GC(534) User=0.03s Sys=0.00s Real=0.01s
[2023-03-15T07:02:03.870+0000][69][safepoint   ] Safepoint "G1PauseRemark", Time since last: 117408016 ns, Reaching safepoint: 50895 ns, At safepoint: 13059069 ns, Total: 13109964 ns
[2023-03-15T07:02:03.871+0000][69][gc,marking  ] GC(534) Concurrent Mark 126.508ms
[2023-03-15T07:02:03.872+0000][69][gc,marking  ] GC(534) Concurrent Rebuild Remembered Sets
[2023-03-15T07:02:03.924+0000][69][gc,marking  ] GC(534) Concurrent Rebuild Remembered Sets 52.918ms
[2023-03-15T07:02:03.926+0000][69][gc,start    ] GC(534) Pause Cleanup
[2023-03-15T07:02:03.927+0000][69][gc          ] GC(534) Pause Cleanup 111M->111M(256M) 0.832ms
[2023-03-15T07:02:03.927+0000][69][gc,cpu      ] GC(534) User=0.00s Sys=0.00s Real=0.00s
[2023-03-15T07:02:03.928+0000][69][safepoint   ] Safepoint "G1PauseCleanup", Time since last: 55545647 ns, Reaching safepoint: 129870 ns, At safepoint: 2439408 ns, Total: 2569278 ns
[2023-03-15T07:02:03.929+0000][69][gc,marking  ] GC(534) Concurrent Cleanup for Next Mark
[2023-03-15T07:02:03.930+0000][69][gc,marking  ] GC(534) Concurrent Cleanup for Next Mark 0.884ms
[2023-03-15T07:02:03.931+0000][69][gc          ] GC(534) Concurrent Mark Cycle 191.394ms
[2023-03-15T07:02:16.915+0000][69][safepoint   ] Safepoint "Cleanup", Time since last: 13011366258 ns, Reaching safepoint: 192963 ns, At safepoint: 4490 ns, Total: 197453 ns
[2023-03-15T07:02:17.919+0000][69][safepoint   ] Safepoint "Cleanup", Time since last: 1002789491 ns, Reaching safepoint: 885462 ns, At safepoint: 50489 ns, Total: 935951 ns
[2023-03-15T07:02:33.601+0000][69][gc,start    ] GC(535) Pause Young (Normal) (G1 Evacuation Pause)
[2023-03-15T07:02:33.601+0000][69][gc,task     ] GC(535) Using 4 workers of 4 for evacuation
[2023-03-15T07:02:33.602+0000][69][gc,age      ] GC(535) Desired survivor size 6291456 bytes, new threshold 15 (max threshold 15)
[2023-03-15T07:02:33.605+0000][69][gc,phases   ] GC(535)   Pre Evacuate Collection Set: 0.1ms
[2023-03-15T07:02:33.605+0000][69][gc,phases   ] GC(535)   Merge Heap Roots: 0.1ms
[2023-03-15T07:02:33.605+0000][69][gc,phases   ] GC(535)   Evacuate Collection Set: 1.5ms
[2023-03-15T07:02:33.606+0000][69][gc,phases   ] GC(535)   Post Evacuate Collection Set: 0.6ms
[2023-03-15T07:02:33.606+0000][69][gc,phases   ] GC(535)   Other: 0.9ms
[2023-03-15T07:02:33.607+0000][69][gc,age      ] GC(535) Age table with threshold 15 (max threshold 15)
[2023-03-15T07:02:33.608+0000][69][gc,age      ] GC(535) - age   1:    1227488 bytes,    1227488 total
[2023-03-15T07:02:33.608+0000][69][gc,age      ] GC(535) - age   2:       2496 bytes,    1229984 total
[2023-03-15T07:02:33.609+0000][69][gc,age      ] GC(535) - age   3:       2352 bytes,    1232336 total
[2023-03-15T07:02:33.609+0000][69][gc,age      ] GC(535) - age   4:       1928 bytes,    1234264 total
[2023-03-15T07:02:33.609+0000][69][gc,age      ] GC(535) - age   5:       2256 bytes,    1236520 total
[2023-03-15T07:02:33.610+0000][69][gc,age      ] GC(535) - age   6:      35776 bytes,    1272296 total
[2023-03-15T07:02:33.610+0000][69][gc,age      ] GC(535) - age   7:     178840 bytes,    1451136 total
[2023-03-15T07:02:33.610+0000][69][gc,age      ] GC(535) - age   8:       2448 bytes,    1453584 total
[2023-03-15T07:02:33.611+0000][69][gc,age      ] GC(535) - age   9:        552 bytes,    1454136 total
[2023-03-15T07:02:33.611+0000][69][gc,age      ] GC(535) - age  10:       7744 bytes,    1461880 total
[2023-03-15T07:02:33.612+0000][69][gc,age      ] GC(535) - age  11:       1496 bytes,    1463376 total
[2023-03-15T07:02:33.612+0000][69][gc,age      ] GC(535) - age  12:      19168 bytes,    1482544 total
[2023-03-15T07:02:33.613+0000][69][gc,age      ] GC(535) - age  14:       2344 bytes,    1484888 total
[2023-03-15T07:02:33.613+0000][69][gc,age      ] GC(535) - age  15:      25144 bytes,    1510032 total
[2023-03-15T07:02:33.614+0000][69][gc,heap     ] GC(535) Eden regions: 23->0(23)
[2023-03-15T07:02:33.614+0000][69][gc,heap     ] GC(535) Survivor regions: 1->1(3)
[2023-03-15T07:02:33.615+0000][69][gc,heap     ] GC(535) Old regions: 25->25
[2023-03-15T07:02:33.615+0000][69][gc,heap     ] GC(535) Archive regions: 2->2
[2023-03-15T07:02:33.615+0000][69][gc,heap     ] GC(535) Humongous regions: 2->2
[2023-03-15T07:02:33.616+0000][69][gc,metaspace] GC(535) Metaspace: 139125K(142400K)->139125K(142400K) NonClass: 121481K(122688K)->121481K(122688K) Class: 17643K(19712K)->17643K(19712K)
[2023-03-15T07:02:33.616+0000][69][gc          ] GC(535) Pause Young (Normal) (G1 Evacuation Pause) 202M->110M(256M) 15.933ms
[2023-03-15T07:02:33.617+0000][69][gc,cpu      ] GC(535) User=0.01s Sys=0.00s Real=0.02s
[2023-03-15T07:02:33.618+0000][69][safepoint   ] Safepoint "G1CollectForAllocation", Time since last: 15681701098 ns, Reaching safepoint: 140660 ns, At safepoint: 17133175 ns, Total: 17273835 ns
[2023-03-15T07:02:58.618+0000][69][safepoint   ] Safepoint "Cleanup", Time since last: 25024673762 ns, Reaching safepoint: 301603 ns, At safepoint: 17797 ns, Total: 319400 ns
[2023-03-15T07:03:00.623+0000][69][safepoint   ] Safepoint "Cleanup", Time since last: 2004214206 ns, Reaching safepoint: 168391 ns, At safepoint: 5183 ns, Total: 173574 ns
[2023-03-15T07:03:01.601+0000][69][gc,start    ] GC(536) Pause Young (Concurrent Start) (G1 Evacuation Pause)
[2023-03-15T07:03:01.602+0000][69][gc,task     ] GC(536) Using 4 workers of 4 for evacuation
[2023-03-15T07:03:01.602+0000][69][gc,age      ] GC(536) Desired survivor size 6291456 bytes, new threshold 15 (max threshold 15)
[2023-03-15T07:03:01.607+0000][69][gc,phases   ] GC(536)   Pre Evacuate Collection Set: 0.4ms
[2023-03-15T07:03:01.608+0000][69][gc,phases   ] GC(536)   Merge Heap Roots: 0.2ms
[2023-03-15T07:03:01.608+0000][69][gc,phases   ] GC(536)   Evacuate Collection Set: 2.6ms
[2023-03-15T07:03:01.609+0000][69][gc,phases   ] GC(536)   Post Evacuate Collection Set: 1.0ms
[2023-03-15T07:03:01.609+0000][69][gc,phases   ] GC(536)   Other: 1.2ms
[2023-03-15T07:03:01.610+0000][69][gc,age      ] GC(536) Age table with threshold 15 (max threshold 15)
[2023-03-15T07:03:01.610+0000][69][gc,age      ] GC(536) - age   1:    1578920 bytes,    1578920 total
[2023-03-15T07:03:01.611+0000][69][gc,age      ] GC(536) - age   2:       7584 bytes,    1586504 total
[2023-03-15T07:03:01.611+0000][69][gc,age      ] GC(536) - age   3:       1008 bytes,    1587512 total
[2023-03-15T07:03:01.612+0000][69][gc,age      ] GC(536) - age   4:       2224 bytes,    1589736 total
[2023-03-15T07:03:01.613+0000][69][gc,age      ] GC(536) - age   5:       1536 bytes,    1591272 total
[2023-03-15T07:03:01.613+0000][69][gc,age      ] GC(536) - age   6:       2256 bytes,    1593528 total
[2023-03-15T07:03:01.613+0000][69][gc,age      ] GC(536) - age   7:      35480 bytes,    1629008 total
[2023-03-15T07:03:01.614+0000][69][gc,age      ] GC(536) - age   8:     178840 bytes,    1807848 total
[2023-03-15T07:03:01.614+0000][69][gc,age      ] GC(536) - age   9:       2448 bytes,    1810296 total
[2023-03-15T07:03:01.615+0000][69][gc,age      ] GC(536) - age  10:        552 bytes,    1810848 total
[2023-03-15T07:03:01.615+0000][69][gc,age      ] GC(536) - age  11:       7488 bytes,    1818336 total
[2023-03-15T07:03:01.615+0000][69][gc,age      ] GC(536) - age  12:       1496 bytes,    1819832 total
[2023-03-15T07:03:01.616+0000][69][gc,age      ] GC(536) - age  13:      19168 bytes,    1839000 total
[2023-03-15T07:03:01.616+0000][69][gc,age      ] GC(536) - age  15:       2344 bytes,    1841344 total
[2023-03-15T07:03:01.617+0000][69][gc,heap     ] GC(536) Eden regions: 23->0(23)
[2023-03-15T07:03:01.617+0000][69][gc,heap     ] GC(536) Survivor regions: 1->1(3)
[2023-03-15T07:03:01.617+0000][69][gc,heap     ] GC(536) Old regions: 25->25
[2023-03-15T07:03:01.618+0000][69][gc,heap     ] GC(536) Archive regions: 2->2
[2023-03-15T07:03:01.618+0000][69][gc,heap     ] GC(536) Humongous regions: 2->2
[2023-03-15T07:03:01.619+0000][69][gc,metaspace] GC(536) Metaspace: 139125K(142400K)->139125K(142400K) NonClass: 121481K(122688K)->121481K(122688K) Class: 17643K(19712K)->17643K(19712K)
[2023-03-15T07:03:01.619+0000][69][gc          ] GC(536) Pause Young (Concurrent Start) (G1 Evacuation Pause) 202M->110M(256M) 18.242ms
[2023-03-15T07:03:01.620+0000][69][gc          ] GC(537) Concurrent Mark Cycle
[2023-03-15T07:03:01.620+0000][69][gc,marking  ] GC(537) Concurrent Clear Claimed Marks
[2023-03-15T07:03:01.620+0000][69][gc,cpu      ] GC(536) User=0.01s Sys=0.00s Real=0.02s
[2023-03-15T07:03:01.621+0000][69][safepoint   ] Safepoint "G1CollectForAllocation", Time since last: 977927566 ns, Reaching safepoint: 187331 ns, At safepoint: 20261054 ns, Total: 20448385 ns
[2023-03-15T07:03:01.621+0000][69][gc,marking  ] GC(537) Concurrent Clear Claimed Marks 0.707ms
[2023-03-15T07:03:01.622+0000][69][gc,marking  ] GC(537) Concurrent Scan Root Regions
[2023-03-15T07:03:01.625+0000][69][gc,marking  ] GC(537) Concurrent Scan Root Regions 2.774ms
[2023-03-15T07:03:01.625+0000][69][gc,marking  ] GC(537) Concurrent Mark
[2023-03-15T07:03:01.626+0000][69][gc,marking  ] GC(537) Concurrent Mark From Roots
[2023-03-15T07:03:01.626+0000][69][gc,task     ] GC(537) Using 1 workers of 1 for marking
[2023-03-15T07:03:01.755+0000][69][gc,marking  ] GC(537) Concurrent Mark From Roots 129.449ms
[2023-03-15T07:03:01.756+0000][69][gc,marking  ] GC(537) Concurrent Preclean
[2023-03-15T07:03:01.757+0000][69][gc,marking  ] GC(537) Concurrent Preclean 0.997ms
[2023-03-15T07:03:01.758+0000][69][gc,start    ] GC(537) Pause Remark
[2023-03-15T07:03:01.769+0000][69][gc          ] GC(537) Pause Remark 112M->112M(256M) 11.158ms
[2023-03-15T07:03:01.770+0000][69][gc,cpu      ] GC(537) User=0.03s Sys=0.00s Real=0.01s
[2023-03-15T07:03:01.770+0000][69][safepoint   ] Safepoint "G1PauseRemark", Time since last: 136654111 ns, Reaching safepoint: 66873 ns, At safepoint: 12390362 ns, Total: 12457235 ns
[2023-03-15T07:03:01.771+0000][69][gc,marking  ] GC(537) Concurrent Mark 145.318ms
[2023-03-15T07:03:01.771+0000][69][gc,marking  ] GC(537) Concurrent Rebuild Remembered Sets
[2023-03-15T07:03:01.828+0000][69][gc,marking  ] GC(537) Concurrent Rebuild Remembered Sets 56.903ms
[2023-03-15T07:03:01.830+0000][69][gc,start    ] GC(537) Pause Cleanup
[2023-03-15T07:03:01.831+0000][69][gc          ] GC(537) Pause Cleanup 112M->112M(256M) 0.888ms
[2023-03-15T07:03:01.832+0000][69][gc,cpu      ] GC(537) User=0.00s Sys=0.00s Real=0.00s
[2023-03-15T07:03:01.833+0000][69][safepoint   ] Safepoint "G1PauseCleanup", Time since last: 59696333 ns, Reaching safepoint: 337492 ns, At safepoint: 2334836 ns, Total: 2672328 ns
[2023-03-15T07:03:01.834+0000][69][gc,marking  ] GC(537) Concurrent Cleanup for Next Mark
[2023-03-15T07:03:01.835+0000][69][gc,marking  ] GC(537) Concurrent Cleanup for Next Mark 1.112ms
[2023-03-15T07:03:01.836+0000][69][gc          ] GC(537) Concurrent Mark Cycle 216.551ms
[2023-03-15T07:03:27.672+0000][69][gc,start    ] GC(538) Pause Young (Normal) (G1 Evacuation Pause)
[2023-03-15T07:03:27.674+0000][69][gc,task     ] GC(538) Using 4 workers of 4 for evacuation
[2023-03-15T07:03:27.674+0000][69][gc,age      ] GC(538) Desired survivor size 6291456 bytes, new threshold 15 (max threshold 15)
[2023-03-15T07:03:27.679+0000][69][gc,phases   ] GC(538)   Pre Evacuate Collection Set: 0.2ms
[2023-03-15T07:03:27.680+0000][69][gc,phases   ] GC(538)   Merge Heap Roots: 0.1ms
[2023-03-15T07:03:27.681+0000][69][gc,phases   ] GC(538)   Evacuate Collection Set: 2.6ms
[2023-03-15T07:03:27.681+0000][69][gc,phases   ] GC(538)   Post Evacuate Collection Set: 1.0ms
[2023-03-15T07:03:27.682+0000][69][gc,phases   ] GC(538)   Other: 1.8ms
[2023-03-15T07:03:27.683+0000][69][gc,age      ] GC(538) Age table with threshold 15 (max threshold 15)
[2023-03-15T07:03:27.683+0000][69][gc,age      ] GC(538) - age   1:    1748288 bytes,    1748288 total
[2023-03-15T07:03:27.684+0000][69][gc,age      ] GC(538) - age   2:      11256 bytes,    1759544 total
[2023-03-15T07:03:27.685+0000][69][gc,age      ] GC(538) - age   3:       2992 bytes,    1762536 total
[2023-03-15T07:03:27.685+0000][69][gc,age      ] GC(538) - age   4:        784 bytes,    1763320 total
[2023-03-15T07:03:27.686+0000][69][gc,age      ] GC(538) - age   5:       2224 bytes,    1765544 total
[2023-03-15T07:03:27.686+0000][69][gc,age      ] GC(538) - age   6:       1472 bytes,    1767016 total
[2023-03-15T07:03:27.686+0000][69][gc,age      ] GC(538) - age   7:       2256 bytes,    1769272 total
[2023-03-15T07:03:27.687+0000][69][gc,age      ] GC(538) - age   8:      35480 bytes,    1804752 total
[2023-03-15T07:03:27.687+0000][69][gc,age      ] GC(538) - age   9:     178840 bytes,    1983592 total
[2023-03-15T07:03:27.688+0000][69][gc,age      ] GC(538) - age  10:       2448 bytes,    1986040 total
[2023-03-15T07:03:27.688+0000][69][gc,age      ] GC(538) - age  11:        552 bytes,    1986592 total
[2023-03-15T07:03:27.689+0000][69][gc,age      ] GC(538) - age  12:       7488 bytes,    1994080 total
[2023-03-15T07:03:27.689+0000][69][gc,age      ] GC(538) - age  13:       1496 bytes,    1995576 total
[2023-03-15T07:03:27.690+0000][69][gc,age      ] GC(538) - age  14:      19168 bytes,    2014744 total
[2023-03-15T07:03:27.690+0000][69][gc,heap     ] GC(538) Eden regions: 23->0(22)
[2023-03-15T07:03:27.691+0000][69][gc,heap     ] GC(538) Survivor regions: 1->1(3)
[2023-03-15T07:03:27.691+0000][69][gc,heap     ] GC(538) Old regions: 25->25
[2023-03-15T07:03:27.691+0000][69][gc,heap     ] GC(538) Archive regions: 2->2
[2023-03-15T07:03:27.692+0000][69][gc,heap     ] GC(538) Humongous regions: 2->2
[2023-03-15T07:03:27.692+0000][69][gc,metaspace] GC(538) Metaspace: 139126K(142400K)->139126K(142400K) NonClass: 121482K(122688K)->121482K(122688K) Class: 17643K(19712K)->17643K(19712K)
[2023-03-15T07:03:27.692+0000][69][gc          ] GC(538) Pause Young (Normal) (G1 Evacuation Pause) 202M->111M(256M) 20.100ms
[2023-03-15T07:03:27.693+0000][69][gc,cpu      ] GC(538) User=0.01s Sys=0.00s Real=0.02s
[2023-03-15T07:03:27.693+0000][69][safepoint   ] Safepoint "G1CollectForAllocation", Time since last: 25861791851 ns, Reaching safepoint: 141389 ns, At safepoint: 21082161 ns, Total: 21223550 ns
[2023-03-15T07:03:57.581+0000][69][gc,start    ] GC(539) Pause Young (Concurrent Start) (G1 Evacuation Pause)
[2023-03-15T07:03:57.582+0000][69][gc,task     ] GC(539) Using 4 workers of 4 for evacuation
[2023-03-15T07:03:57.583+0000][69][gc,age      ] GC(539) Desired survivor size 6291456 bytes, new threshold 15 (max threshold 15)
[2023-03-15T07:03:57.586+0000][69][gc,phases   ] GC(539)   Pre Evacuate Collection Set: 0.3ms
[2023-03-15T07:03:57.587+0000][69][gc,phases   ] GC(539)   Merge Heap Roots: 0.1ms
[2023-03-15T07:03:57.587+0000][69][gc,phases   ] GC(539)   Evacuate Collection Set: 1.2ms
[2023-03-15T07:03:57.588+0000][69][gc,phases   ] GC(539)   Post Evacuate Collection Set: 0.7ms
[2023-03-15T07:03:57.589+0000][69][gc,phases   ] GC(539)   Other: 1.1ms
[2023-03-15T07:03:57.589+0000][69][gc,age      ] GC(539) Age table with threshold 15 (max threshold 15)
[2023-03-15T07:03:57.590+0000][69][gc,age      ] GC(539) - age   1:     648608 bytes,     648608 total
[2023-03-15T07:03:57.590+0000][69][gc,age      ] GC(539) - age   2:       9064 bytes,     657672 total
[2023-03-15T07:03:57.591+0000][69][gc,age      ] GC(539) - age   3:       1200 bytes,     658872 total
[2023-03-15T07:03:57.591+0000][69][gc,age      ] GC(539) - age   4:       2568 bytes,     661440 total
[2023-03-15T07:03:57.592+0000][69][gc,age      ] GC(539) - age   5:        608 bytes,     662048 total
[2023-03-15T07:03:57.592+0000][69][gc,age      ] GC(539) - age   6:       2160 bytes,     664208 total
[2023-03-15T07:03:57.593+0000][69][gc,age      ] GC(539) - age   7:       1472 bytes,     665680 total
[2023-03-15T07:03:57.593+0000][69][gc,age      ] GC(539) - age   8:       2256 bytes,     667936 total
[2023-03-15T07:03:57.594+0000][69][gc,age      ] GC(539) - age   9:      35480 bytes,     703416 total
[2023-03-15T07:03:57.594+0000][69][gc,age      ] GC(539) - age  10:     178840 bytes,     882256 total
[2023-03-15T07:03:57.595+0000][69][gc,age      ] GC(539) - age  11:       2448 bytes,     884704 total
[2023-03-15T07:03:57.595+0000][69][gc,age      ] GC(539) - age  12:        552 bytes,     885256 total
[2023-03-15T07:03:57.596+0000][69][gc,age      ] GC(539) - age  13:       7488 bytes,     892744 total
[2023-03-15T07:03:57.596+0000][69][gc,age      ] GC(539) - age  14:       1496 bytes,     894240 total
[2023-03-15T07:03:57.596+0000][69][gc,age      ] GC(539) - age  15:      19168 bytes,     913408 total
[2023-03-15T07:03:57.597+0000][69][gc,heap     ] GC(539) Eden regions: 22->0(23)
[2023-03-15T07:03:57.597+0000][69][gc,heap     ] GC(539) Survivor regions: 1->1(3)
[2023-03-15T07:03:57.598+0000][69][gc,heap     ] GC(539) Old regions: 25->25
[2023-03-15T07:03:57.598+0000][69][gc,heap     ] GC(539) Archive regions: 2->2
[2023-03-15T07:03:57.599+0000][69][gc,heap     ] GC(539) Humongous regions: 2->2
[2023-03-15T07:03:57.599+0000][69][gc,metaspace] GC(539) Metaspace: 139126K(142400K)->139126K(142400K) NonClass: 121482K(122688K)->121482K(122688K) Class: 17643K(19712K)->17643K(19712K)
[2023-03-15T07:03:57.600+0000][69][gc          ] GC(539) Pause Young (Concurrent Start) (G1 Evacuation Pause) 199M->109M(256M) 19.084ms
[2023-03-15T07:03:57.600+0000][69][gc,cpu      ] GC(539) User=0.01s Sys=0.00s Real=0.02s
[2023-03-15T07:03:57.601+0000][69][safepoint   ] Safepoint "G1CollectForAllocation", Time since last: 29909547262 ns, Reaching safepoint: 79054 ns, At safepoint: 20071019 ns, Total: 20150073 ns
[2023-03-15T07:03:57.600+0000][69][gc          ] GC(540) Concurrent Mark Cycle
[2023-03-15T07:03:57.603+0000][69][gc,marking  ] GC(540) Concurrent Clear Claimed Marks
[2023-03-15T07:03:57.603+0000][69][gc,marking  ] GC(540) Concurrent Clear Claimed Marks 0.911ms
[2023-03-15T07:03:57.606+0000][69][gc,marking  ] GC(540) Concurrent Scan Root Regions
[2023-03-15T07:03:57.609+0000][69][gc,marking  ] GC(540) Concurrent Scan Root Regions 2.301ms
[2023-03-15T07:03:57.609+0000][69][gc,marking  ] GC(540) Concurrent Mark
[2023-03-15T07:03:57.611+0000][69][gc,marking  ] GC(540) Concurrent Mark From Roots
[2023-03-15T07:03:57.611+0000][69][gc,task     ] GC(540) Using 1 workers of 1 for marking
[2023-03-15T07:03:57.722+0000][69][gc,marking  ] GC(540) Concurrent Mark From Roots 111.478ms
[2023-03-15T07:03:57.723+0000][69][gc,marking  ] GC(540) Concurrent Preclean
[2023-03-15T07:03:57.724+0000][69][gc,marking  ] GC(540) Concurrent Preclean 1.120ms
[2023-03-15T07:03:57.725+0000][69][gc,start    ] GC(540) Pause Remark
[2023-03-15T07:03:57.734+0000][69][gc          ] GC(540) Pause Remark 112M->112M(256M) 8.948ms
[2023-03-15T07:03:57.736+0000][69][gc,cpu      ] GC(540) User=0.03s Sys=0.00s Real=0.01s
[2023-03-15T07:03:57.736+0000][69][safepoint   ] Safepoint "G1PauseRemark", Time since last: 124332087 ns, Reaching safepoint: 78351 ns, At safepoint: 10968258 ns, Total: 11046609 ns
[2023-03-15T07:03:57.737+0000][69][gc,marking  ] GC(540) Concurrent Mark 127.281ms
[2023-03-15T07:03:57.737+0000][69][gc,marking  ] GC(540) Concurrent Rebuild Remembered Sets
[2023-03-15T07:03:57.792+0000][69][gc,marking  ] GC(540) Concurrent Rebuild Remembered Sets 54.582ms
[2023-03-15T07:03:57.793+0000][69][gc,start    ] GC(540) Pause Cleanup
[2023-03-15T07:03:57.794+0000][69][gc          ] GC(540) Pause Cleanup 112M->112M(256M) 0.827ms
[2023-03-15T07:03:57.795+0000][69][gc,cpu      ] GC(540) User=0.00s Sys=0.00s Real=0.00s
[2023-03-15T07:03:57.795+0000][69][safepoint   ] Safepoint "G1PauseCleanup", Time since last: 57120101 ns, Reaching safepoint: 93882 ns, At safepoint: 1806329 ns, Total: 1900211 ns
[2023-03-15T07:03:57.796+0000][69][gc,marking  ] GC(540) Concurrent Cleanup for Next Mark
[2023-03-15T07:03:57.796+0000][69][gc,marking  ] GC(540) Concurrent Cleanup for Next Mark 0.513ms
[2023-03-15T07:03:57.797+0000][69][gc          ] GC(540) Concurrent Mark Cycle 196.370ms
[2023-03-15T07:04:20.878+0000][69][safepoint   ] Safepoint "Cleanup", Time since last: 23104592286 ns, Reaching safepoint: 320849 ns, At safepoint: 11708 ns, Total: 332557 ns
[2023-03-15T07:04:21.600+0000][69][gc,start    ] GC(541) Pause Young (Normal) (G1 Evacuation Pause)
[2023-03-15T07:04:21.601+0000][69][gc,task     ] GC(541) Using 4 workers of 4 for evacuation
[2023-03-15T07:04:21.601+0000][69][gc,age      ] GC(541) Desired survivor size 6291456 bytes, new threshold 15 (max threshold 15)
[2023-03-15T07:04:21.605+0000][69][gc,phases   ] GC(541)   Pre Evacuate Collection Set: 0.1ms
[2023-03-15T07:04:21.605+0000][69][gc,phases   ] GC(541)   Merge Heap Roots: 0.2ms
[2023-03-15T07:04:21.606+0000][69][gc,phases   ] GC(541)   Evacuate Collection Set: 1.6ms
[2023-03-15T07:04:21.606+0000][69][gc,phases   ] GC(541)   Post Evacuate Collection Set: 0.8ms
[2023-03-15T07:04:21.607+0000][69][gc,phases   ] GC(541)   Other: 1.2ms
[2023-03-15T07:04:21.608+0000][69][gc,age      ] GC(541) Age table with threshold 15 (max threshold 15)
[2023-03-15T07:04:21.609+0000][69][gc,age      ] GC(541) - age   1:     435880 bytes,     435880 total
[2023-03-15T07:04:21.609+0000][69][gc,age      ] GC(541) - age   2:       7272 bytes,     443152 total
[2023-03-15T07:04:21.610+0000][69][gc,age      ] GC(541) - age   3:       2840 bytes,     445992 total
[2023-03-15T07:04:21.610+0000][69][gc,age      ] GC(541) - age   4:       1008 bytes,     447000 total
[2023-03-15T07:04:21.611+0000][69][gc,age      ] GC(541) - age   5:       2512 bytes,     449512 total
[2023-03-15T07:04:21.611+0000][69][gc,age      ] GC(541) - age   6:        608 bytes,     450120 total
[2023-03-15T07:04:21.612+0000][69][gc,age      ] GC(541) - age   7:       2160 bytes,     452280 total
[2023-03-15T07:04:21.613+0000][69][gc,age      ] GC(541) - age   8:       1472 bytes,     453752 total
[2023-03-15T07:04:21.613+0000][69][gc,age      ] GC(541) - age   9:       1960 bytes,     455712 total
[2023-03-15T07:04:21.614+0000][69][gc,age      ] GC(541) - age  10:      35480 bytes,     491192 total
[2023-03-15T07:04:21.615+0000][69][gc,age      ] GC(541) - age  11:     178840 bytes,     670032 total
[2023-03-15T07:04:21.615+0000][69][gc,age      ] GC(541) - age  12:       2448 bytes,     672480 total
[2023-03-15T07:04:21.616+0000][69][gc,age      ] GC(541) - age  13:        552 bytes,     673032 total
[2023-03-15T07:04:21.616+0000][69][gc,age      ] GC(541) - age  14:       7488 bytes,     680520 total
[2023-03-15T07:04:21.616+0000][69][gc,age      ] GC(541) - age  15:       1496 bytes,     682016 total
[2023-03-15T07:04:21.617+0000][69][gc,heap     ] GC(541) Eden regions: 23->0(23)
[2023-03-15T07:04:21.617+0000][69][gc,heap     ] GC(541) Survivor regions: 1->1(3)
[2023-03-15T07:04:21.618+0000][69][gc,heap     ] GC(541) Old regions: 25->25
[2023-03-15T07:04:21.619+0000][69][gc,heap     ] GC(541) Archive regions: 2->2
[2023-03-15T07:04:21.620+0000][69][gc,heap     ] GC(541) Humongous regions: 2->2
[2023-03-15T07:04:21.620+0000][69][gc,metaspace] GC(541) Metaspace: 139130K(142400K)->139130K(142400K) NonClass: 121485K(122688K)->121485K(122688K) Class: 17644K(19712K)->17644K(19712K)
[2023-03-15T07:04:21.621+0000][69][gc          ] GC(541) Pause Young (Normal) (G1 Evacuation Pause) 201M->109M(256M) 20.747ms
[2023-03-15T07:04:21.621+0000][69][gc,cpu      ] GC(541) User=0.01s Sys=0.00s Real=0.03s
[2023-03-15T07:04:21.622+0000][69][safepoint   ] Safepoint "G1CollectForAllocation", Time since last: 721588738 ns, Reaching safepoint: 33640 ns, At safepoint: 21923666 ns, Total: 21957306 ns
[2023-03-15T07:04:30.629+0000][69][safepoint   ] Safepoint "Cleanup", Time since last: 9006579669 ns, Reaching safepoint: 234513 ns, At safepoint: 5028 ns, Total: 239541 ns
[2023-03-15T07:04:36.634+0000][69][safepoint   ] Safepoint "Cleanup", Time since last: 6005291772 ns, Reaching safepoint: 149162 ns, At safepoint: 26703 ns, Total: 175865 ns
[2023-03-15T07:04:39.637+0000][69][safepoint   ] Safepoint "Cleanup", Time since last: 3002465863 ns, Reaching safepoint: 170166 ns, At safepoint: 9910 ns, Total: 180076 ns
[2023-03-15T07:04:43.619+0000][69][safepoint   ] Safepoint "Cleanup", Time since last: 4003971969 ns, Reaching safepoint: 437024 ns, At safepoint: 35625 ns, Total: 472649 ns
[2023-03-15T07:04:54.306+0000][69][gc,start    ] GC(542) Pause Young (Concurrent Start) (G1 Evacuation Pause)
[2023-03-15T07:04:54.308+0000][69][gc,task     ] GC(542) Using 4 workers of 4 for evacuation
[2023-03-15T07:04:54.309+0000][69][gc,age      ] GC(542) Desired survivor size 6291456 bytes, new threshold 15 (max threshold 15)
[2023-03-15T07:04:54.315+0000][69][gc,phases   ] GC(542)   Pre Evacuate Collection Set: 0.5ms
[2023-03-15T07:04:54.317+0000][69][gc,phases   ] GC(542)   Merge Heap Roots: 0.3ms
[2023-03-15T07:04:54.318+0000][69][gc,phases   ] GC(542)   Evacuate Collection Set: 2.5ms
[2023-03-15T07:04:54.319+0000][69][gc,phases   ] GC(542)   Post Evacuate Collection Set: 1.5ms
[2023-03-15T07:04:54.320+0000][69][gc,phases   ] GC(542)   Other: 2.8ms
[2023-03-15T07:04:54.321+0000][69][gc,age      ] GC(542) Age table with threshold 15 (max threshold 15)
[2023-03-15T07:04:54.322+0000][69][gc,age      ] GC(542) - age   1:    1023208 bytes,    1023208 total
[2023-03-15T07:04:54.322+0000][69][gc,age      ] GC(542) - age   2:      86552 bytes,    1109760 total
[2023-03-15T07:04:54.323+0000][69][gc,age      ] GC(542) - age   3:        680 bytes,    1110440 total
[2023-03-15T07:04:54.324+0000][69][gc,age      ] GC(542) - age   4:       2456 bytes,    1112896 total
[2023-03-15T07:04:54.325+0000][69][gc,age      ] GC(542) - age   5:        880 bytes,    1113776 total
[2023-03-15T07:04:54.325+0000][69][gc,age      ] GC(542) - age   6:       2184 bytes,    1115960 total
[2023-03-15T07:04:54.326+0000][69][gc,age      ] GC(542) - age   7:        184 bytes,    1116144 total
[2023-03-15T07:04:54.326+0000][69][gc,age      ] GC(542) - age   8:       2160 bytes,    1118304 total
[2023-03-15T07:04:54.327+0000][69][gc,age      ] GC(542) - age   9:        112 bytes,    1118416 total
[2023-03-15T07:04:54.328+0000][69][gc,age      ] GC(542) - age  10:       1888 bytes,    1120304 total
[2023-03-15T07:04:54.328+0000][69][gc,age      ] GC(542) - age  11:        672 bytes,    1120976 total
[2023-03-15T07:04:54.329+0000][69][gc,age      ] GC(542) - age  12:      89112 bytes,    1210088 total
[2023-03-15T07:04:54.329+0000][69][gc,age      ] GC(542) - age  13:       2448 bytes,    1212536 total
[2023-03-15T07:04:54.330+0000][69][gc,age      ] GC(542) - age  14:        552 bytes,    1213088 total
[2023-03-15T07:04:54.330+0000][69][gc,age      ] GC(542) - age  15:       7488 bytes,    1220576 total
[2023-03-15T07:04:54.331+0000][69][gc,heap     ] GC(542) Eden regions: 23->0(23)
[2023-03-15T07:04:54.331+0000][69][gc,heap     ] GC(542) Survivor regions: 1->1(3)
[2023-03-15T07:04:54.332+0000][69][gc,heap     ] GC(542) Old regions: 25->25
[2023-03-15T07:04:54.333+0000][69][gc,heap     ] GC(542) Archive regions: 2->2
[2023-03-15T07:04:54.334+0000][69][gc,heap     ] GC(542) Humongous regions: 2->2
[2023-03-15T07:04:54.334+0000][69][gc,metaspace] GC(542) Metaspace: 139130K(142400K)->139130K(142400K) NonClass: 121486K(122688K)->121486K(122688K) Class: 17644K(19712K)->17644K(19712K)
[2023-03-15T07:04:54.335+0000][69][gc          ] GC(542) Pause Young (Concurrent Start) (G1 Evacuation Pause) 201M->110M(256M) 28.572ms
[2023-03-15T07:04:54.335+0000][69][gc,cpu      ] GC(542) User=0.02s Sys=0.00s Real=0.03s
[2023-03-15T07:04:54.335+0000][69][gc          ] GC(543) Concurrent Mark Cycle
[2023-03-15T07:04:54.336+0000][69][gc,marking  ] GC(543) Concurrent Clear Claimed Marks
[2023-03-15T07:04:54.336+0000][69][safepoint   ] Safepoint "G1CollectForAllocation", Time since last: 10686838005 ns, Reaching safepoint: 366732 ns, At safepoint: 29670811 ns, Total: 30037543 ns
[2023-03-15T07:04:54.337+0000][69][gc,marking  ] GC(543) Concurrent Clear Claimed Marks 0.841ms
[2023-03-15T07:04:54.341+0000][69][gc,marking  ] GC(543) Concurrent Scan Root Regions
[2023-03-15T07:04:54.344+0000][69][gc,marking  ] GC(543) Concurrent Scan Root Regions 2.740ms
[2023-03-15T07:04:54.345+0000][69][gc,marking  ] GC(543) Concurrent Mark
[2023-03-15T07:04:54.345+0000][69][gc,marking  ] GC(543) Concurrent Mark From Roots
[2023-03-15T07:04:54.346+0000][69][gc,task     ] GC(543) Using 1 workers of 1 for marking
[2023-03-15T07:04:54.455+0000][69][gc,marking  ] GC(543) Concurrent Mark From Roots 109.402ms
[2023-03-15T07:04:54.456+0000][69][gc,marking  ] GC(543) Concurrent Preclean
[2023-03-15T07:04:54.456+0000][69][gc,marking  ] GC(543) Concurrent Preclean 0.611ms
[2023-03-15T07:04:54.457+0000][69][gc,start    ] GC(543) Pause Remark
[2023-03-15T07:04:54.468+0000][69][gc          ] GC(543) Pause Remark 111M->111M(256M) 10.774ms
[2023-03-15T07:04:54.469+0000][69][gc,cpu      ] GC(543) User=0.03s Sys=0.00s Real=0.02s
[2023-03-15T07:04:54.469+0000][69][safepoint   ] Safepoint "G1PauseRemark", Time since last: 121198766 ns, Reaching safepoint: 138160 ns, At safepoint: 11965621 ns, Total: 12103781 ns
[2023-03-15T07:04:54.470+0000][69][gc,marking  ] GC(543) Concurrent Mark 125.005ms
[2023-03-15T07:04:54.470+0000][69][gc,marking  ] GC(543) Concurrent Rebuild Remembered Sets
[2023-03-15T07:04:54.521+0000][69][gc,marking  ] GC(543) Concurrent Rebuild Remembered Sets 51.367ms
[2023-03-15T07:04:54.523+0000][69][gc,start    ] GC(543) Pause Cleanup
[2023-03-15T07:04:54.524+0000][69][gc          ] GC(543) Pause Cleanup 111M->111M(256M) 0.902ms
[2023-03-15T07:04:54.525+0000][69][gc,cpu      ] GC(543) User=0.00s Sys=0.00s Real=0.00s
[2023-03-15T07:04:54.525+0000][69][safepoint   ] Safepoint "G1PauseCleanup", Time since last: 53498084 ns, Reaching safepoint: 214764 ns, At safepoint: 2740927 ns, Total: 2955691 ns
[2023-03-15T07:04:54.526+0000][69][gc,marking  ] GC(543) Concurrent Cleanup for Next Mark
[2023-03-15T07:04:54.527+0000][69][gc,marking  ] GC(543) Concurrent Cleanup for Next Mark 1.034ms
[2023-03-15T07:04:54.528+0000][69][gc          ] GC(543) Concurrent Mark Cycle 192.493ms
[2023-03-15T07:05:20.298+0000][69][gc,start    ] GC(544) Pause Young (Normal) (G1 Evacuation Pause)
[2023-03-15T07:05:20.299+0000][69][gc,task     ] GC(544) Using 4 workers of 4 for evacuation
[2023-03-15T07:05:20.300+0000][69][gc,age      ] GC(544) Desired survivor size 6291456 bytes, new threshold 15 (max threshold 15)
[2023-03-15T07:05:20.304+0000][69][gc,phases   ] GC(544)   Pre Evacuate Collection Set: 0.2ms
[2023-03-15T07:05:20.305+0000][69][gc,phases   ] GC(544)   Merge Heap Roots: 0.0ms
[2023-03-15T07:05:20.305+0000][69][gc,phases   ] GC(544)   Evacuate Collection Set: 2.3ms
[2023-03-15T07:05:20.305+0000][69][gc,phases   ] GC(544)   Post Evacuate Collection Set: 0.7ms
[2023-03-15T07:05:20.306+0000][69][gc,phases   ] GC(544)   Other: 1.5ms
[2023-03-15T07:05:20.306+0000][69][gc,age      ] GC(544) Age table with threshold 15 (max threshold 15)
[2023-03-15T07:05:20.307+0000][69][gc,age      ] GC(544) - age   1:    1503544 bytes,    1503544 total
[2023-03-15T07:05:20.308+0000][69][gc,age      ] GC(544) - age   2:     155696 bytes,    1659240 total
[2023-03-15T07:05:20.308+0000][69][gc,age      ] GC(544) - age   3:      81256 bytes,    1740496 total
[2023-03-15T07:05:20.309+0000][69][gc,age      ] GC(544) - age   4:        680 bytes,    1741176 total
[2023-03-15T07:05:20.309+0000][69][gc,age      ] GC(544) - age   5:       2456 bytes,    1743632 total
[2023-03-15T07:05:20.309+0000][69][gc,age      ] GC(544) - age   6:        880 bytes,    1744512 total
[2023-03-15T07:05:20.310+0000][69][gc,age      ] GC(544) - age   7:       2160 bytes,    1746672 total
[2023-03-15T07:05:20.311+0000][69][gc,age      ] GC(544) - age   8:        184 bytes,    1746856 total
[2023-03-15T07:05:20.311+0000][69][gc,age      ] GC(544) - age   9:       2160 bytes,    1749016 total
[2023-03-15T07:05:20.311+0000][69][gc,age      ] GC(544) - age  10:        112 bytes,    1749128 total
[2023-03-15T07:05:20.312+0000][69][gc,age      ] GC(544) - age  11:       1888 bytes,    1751016 total
[2023-03-15T07:05:20.312+0000][69][gc,age      ] GC(544) - age  12:        576 bytes,    1751592 total
[2023-03-15T07:05:20.313+0000][69][gc,age      ] GC(544) - age  13:      88744 bytes,    1840336 total
[2023-03-15T07:05:20.313+0000][69][gc,age      ] GC(544) - age  14:       2448 bytes,    1842784 total
[2023-03-15T07:05:20.314+0000][69][gc,age      ] GC(544) - age  15:        552 bytes,    1843336 total
[2023-03-15T07:05:20.314+0000][69][gc,heap     ] GC(544) Eden regions: 23->0(23)
[2023-03-15T07:05:20.314+0000][69][gc,heap     ] GC(544) Survivor regions: 1->1(3)
[2023-03-15T07:05:20.315+0000][69][gc,heap     ] GC(544) Old regions: 25->25
[2023-03-15T07:05:20.315+0000][69][gc,heap     ] GC(544) Archive regions: 2->2
[2023-03-15T07:05:20.316+0000][69][gc,heap     ] GC(544) Humongous regions: 2->2
[2023-03-15T07:05:20.316+0000][69][gc,metaspace] GC(544) Metaspace: 139135K(142400K)->139135K(142400K) NonClass: 121491K(122688K)->121491K(122688K) Class: 17644K(19712K)->17644K(19712K)
[2023-03-15T07:05:20.317+0000][69][gc          ] GC(544) Pause Young (Normal) (G1 Evacuation Pause) 202M->110M(256M) 18.235ms
[2023-03-15T07:05:20.317+0000][69][gc,cpu      ] GC(544) User=0.01s Sys=0.00s Real=0.02s
[2023-03-15T07:05:20.318+0000][69][safepoint   ] Safepoint "G1CollectForAllocation", Time since last: 25793927665 ns, Reaching safepoint: 61657 ns, At safepoint: 19207821 ns, Total: 19269478 ns
[2023-03-15T07:05:39.332+0000][69][safepoint   ] Safepoint "Cleanup", Time since last: 19014020483 ns, Reaching safepoint: 101384 ns, At safepoint: 5100 ns, Total: 106484 ns
[2023-03-15T07:05:41.333+0000][69][safepoint   ] Safepoint "Cleanup", Time since last: 2001461637 ns, Reaching safepoint: 144931 ns, At safepoint: 4235 ns, Total: 149166 ns
[2023-03-15T07:05:45.938+0000][69][gc,start    ] GC(545) Pause Young (Concurrent Start) (G1 Evacuation Pause)
[2023-03-15T07:05:45.939+0000][69][gc,task     ] GC(545) Using 4 workers of 4 for evacuation
[2023-03-15T07:05:45.940+0000][69][gc,age      ] GC(545) Desired survivor size 6291456 bytes, new threshold 15 (max threshold 15)
[2023-03-15T07:05:45.945+0000][69][gc,phases   ] GC(545)   Pre Evacuate Collection Set: 0.7ms
[2023-03-15T07:05:45.946+0000][69][gc,phases   ] GC(545)   Merge Heap Roots: 0.1ms
[2023-03-15T07:05:45.947+0000][69][gc,phases   ] GC(545)   Evacuate Collection Set: 2.7ms
[2023-03-15T07:05:45.948+0000][69][gc,phases   ] GC(545)   Post Evacuate Collection Set: 1.1ms
[2023-03-15T07:05:45.949+0000][69][gc,phases   ] GC(545)   Other: 1.7ms
[2023-03-15T07:05:45.949+0000][69][gc,age      ] GC(545) Age table with threshold 15 (max threshold 15)
[2023-03-15T07:05:45.950+0000][69][gc,age      ] GC(545) - age   1:    2050384 bytes,    2050384 total
[2023-03-15T07:05:45.952+0000][69][gc,age      ] GC(545) - age   2:       7072 bytes,    2057456 total
[2023-03-15T07:05:45.952+0000][69][gc,age      ] GC(545) - age   3:      30568 bytes,    2088024 total
[2023-03-15T07:05:45.953+0000][69][gc,age      ] GC(545) - age   4:      80720 bytes,    2168744 total
[2023-03-15T07:05:45.953+0000][69][gc,age      ] GC(545) - age   5:        656 bytes,    2169400 total
[2023-03-15T07:05:45.954+0000][69][gc,age      ] GC(545) - age   6:       2160 bytes,    2171560 total
[2023-03-15T07:05:45.954+0000][69][gc,age      ] GC(545) - age   7:        816 bytes,    2172376 total
[2023-03-15T07:05:45.955+0000][69][gc,age      ] GC(545) - age   8:       2160 bytes,    2174536 total
[2023-03-15T07:05:45.955+0000][69][gc,age      ] GC(545) - age   9:        184 bytes,    2174720 total
[2023-03-15T07:05:45.955+0000][69][gc,age      ] GC(545) - age  10:       2160 bytes,    2176880 total
[2023-03-15T07:05:45.956+0000][69][gc,age      ] GC(545) - age  11:        112 bytes,    2176992 total
[2023-03-15T07:05:45.957+0000][69][gc,age      ] GC(545) - age  12:       1888 bytes,    2178880 total
[2023-03-15T07:05:45.958+0000][69][gc,age      ] GC(545) - age  13:        384 bytes,    2179264 total
[2023-03-15T07:05:45.958+0000][69][gc,age      ] GC(545) - age  14:       3824 bytes,    2183088 total
[2023-03-15T07:05:45.959+0000][69][gc,age      ] GC(545) - age  15:       2448 bytes,    2185536 total
[2023-03-15T07:05:45.959+0000][69][gc,heap     ] GC(545) Eden regions: 23->0(22)
[2023-03-15T07:05:45.960+0000][69][gc,heap     ] GC(545) Survivor regions: 1->1(3)
[2023-03-15T07:05:45.960+0000][69][gc,heap     ] GC(545) Old regions: 25->25
[2023-03-15T07:05:45.961+0000][69][gc,heap     ] GC(545) Archive regions: 2->2
[2023-03-15T07:05:45.961+0000][69][gc,heap     ] GC(545) Humongous regions: 2->2
[2023-03-15T07:05:45.962+0000][69][gc,metaspace] GC(545) Metaspace: 139162K(142400K)->139162K(142400K) NonClass: 121518K(122688K)->121518K(122688K) Class: 17644K(19712K)->17644K(19712K)
[2023-03-15T07:05:45.962+0000][69][gc          ] GC(545) Pause Young (Concurrent Start) (G1 Evacuation Pause) 202M->111M(256M) 24.066ms
[2023-03-15T07:05:45.963+0000][69][gc          ] GC(546) Concurrent Mark Cycle
[2023-03-15T07:05:45.963+0000][69][gc,marking  ] GC(546) Concurrent Clear Claimed Marks
[2023-03-15T07:05:45.963+0000][69][gc,cpu      ] GC(545) User=0.00s Sys=0.00s Real=0.02s
[2023-03-15T07:05:45.964+0000][69][gc,marking  ] GC(546) Concurrent Clear Claimed Marks 0.767ms
[2023-03-15T07:05:45.966+0000][69][gc,marking  ] GC(546) Concurrent Scan Root Regions
[2023-03-15T07:05:45.964+0000][69][safepoint   ] Safepoint "G1CollectForAllocation", Time since last: 4627357334 ns, Reaching safepoint: 151110 ns, At safepoint: 26290582 ns, Total: 26441692 ns
[2023-03-15T07:05:45.968+0000][69][gc,marking  ] GC(546) Concurrent Scan Root Regions 2.668ms
[2023-03-15T07:05:45.970+0000][69][gc,marking  ] GC(546) Concurrent Mark
[2023-03-15T07:05:45.970+0000][69][gc,marking  ] GC(546) Concurrent Mark From Roots
[2023-03-15T07:05:45.971+0000][69][gc,task     ] GC(546) Using 1 workers of 1 for marking
[2023-03-15T07:05:46.107+0000][69][gc,marking  ] GC(546) Concurrent Mark From Roots 136.415ms
[2023-03-15T07:05:46.107+0000][69][gc,marking  ] GC(546) Concurrent Preclean
[2023-03-15T07:05:46.108+0000][69][gc,marking  ] GC(546) Concurrent Preclean 0.623ms
[2023-03-15T07:05:46.109+0000][69][gc,start    ] GC(546) Pause Remark
[2023-03-15T07:05:46.120+0000][69][gc          ] GC(546) Pause Remark 112M->112M(256M) 11.532ms
[2023-03-15T07:05:46.121+0000][69][gc,cpu      ] GC(546) User=0.03s Sys=0.00s Real=0.01s
[2023-03-15T07:05:46.121+0000][69][safepoint   ] Safepoint "G1PauseRemark", Time since last: 144072697 ns, Reaching safepoint: 123826 ns, At safepoint: 12872834 ns, Total: 12996660 ns
[2023-03-15T07:05:46.122+0000][69][gc,marking  ] GC(546) Concurrent Mark 152.621ms
[2023-03-15T07:05:46.123+0000][69][gc,marking  ] GC(546) Concurrent Rebuild Remembered Sets
[2023-03-15T07:05:46.180+0000][69][gc,marking  ] GC(546) Concurrent Rebuild Remembered Sets 57.021ms
[2023-03-15T07:05:46.181+0000][69][gc,start    ] GC(546) Pause Cleanup
[2023-03-15T07:05:46.181+0000][69][gc          ] GC(546) Pause Cleanup 113M->113M(256M) 0.700ms
[2023-03-15T07:05:46.182+0000][69][gc,cpu      ] GC(546) User=0.00s Sys=0.00s Real=0.00s
[2023-03-15T07:05:46.182+0000][69][safepoint   ] Safepoint "G1PauseCleanup", Time since last: 59100263 ns, Reaching safepoint: 74742 ns, At safepoint: 1737012 ns, Total: 1811754 ns
[2023-03-15T07:05:46.183+0000][69][gc,marking  ] GC(546) Concurrent Cleanup for Next Mark
[2023-03-15T07:05:46.184+0000][69][gc,marking  ] GC(546) Concurrent Cleanup for Next Mark 0.704ms
[2023-03-15T07:05:46.184+0000][69][gc          ] GC(546) Concurrent Mark Cycle 221.853ms
[2023-03-15T07:06:01.196+0000][69][safepoint   ] Safepoint "Cleanup", Time since last: 15013305761 ns, Reaching safepoint: 764981 ns, At safepoint: 45675 ns, Total: 810656 ns
[2023-03-15T07:06:04.207+0000][69][safepoint   ] Safepoint "Cleanup", Time since last: 3009293520 ns, Reaching safepoint: 756129 ns, At safepoint: 51976 ns, Total: 808105 ns
[2023-03-15T07:06:16.439+0000][69][gc,start    ] GC(547) Pause Young (Normal) (G1 Evacuation Pause)
[2023-03-15T07:06:16.440+0000][69][gc,task     ] GC(547) Using 4 workers of 4 for evacuation
[2023-03-15T07:06:16.441+0000][69][gc,age      ] GC(547) Desired survivor size 6291456 bytes, new threshold 15 (max threshold 15)
[2023-03-15T07:06:16.446+0000][69][gc,phases   ] GC(547)   Pre Evacuate Collection Set: 0.2ms
[2023-03-15T07:06:16.447+0000][69][gc,phases   ] GC(547)   Merge Heap Roots: 0.2ms
[2023-03-15T07:06:16.448+0000][69][gc,phases   ] GC(547)   Evacuate Collection Set: 2.7ms
[2023-03-15T07:06:16.449+0000][69][gc,phases   ] GC(547)   Post Evacuate Collection Set: 1.3ms
[2023-03-15T07:06:16.450+0000][69][gc,phases   ] GC(547)   Other: 1.2ms
[2023-03-15T07:06:16.451+0000][69][gc,age      ] GC(547) Age table with threshold 15 (max threshold 15)
[2023-03-15T07:06:16.452+0000][69][gc,age      ] GC(547) - age   1:    1508696 bytes,    1508696 total
[2023-03-15T07:06:16.453+0000][69][gc,age      ] GC(547) - age   2:     712216 bytes,    2220912 total
[2023-03-15T07:06:16.453+0000][69][gc,age      ] GC(547) - age   3:       5976 bytes,    2226888 total
[2023-03-15T07:06:16.454+0000][69][gc,age      ] GC(547) - age   4:      29632 bytes,    2256520 total
[2023-03-15T07:06:16.455+0000][69][gc,age      ] GC(547) - age   5:      80656 bytes,    2337176 total
[2023-03-15T07:06:16.457+0000][69][gc,age      ] GC(547) - age   6:        184 bytes,    2337360 total
[2023-03-15T07:06:16.457+0000][69][gc,age      ] GC(547) - age   7:       2160 bytes,    2339520 total
[2023-03-15T07:06:16.458+0000][69][gc,age      ] GC(547) - age   8:        816 bytes,    2340336 total
[2023-03-15T07:06:16.458+0000][69][gc,age      ] GC(547) - age   9:       2160 bytes,    2342496 total
[2023-03-15T07:06:16.459+0000][69][gc,age      ] GC(547) - age  11:       2160 bytes,    2344656 total
[2023-03-15T07:06:16.459+0000][69][gc,age      ] GC(547) - age  12:        112 bytes,    2344768 total
[2023-03-15T07:06:16.460+0000][69][gc,age      ] GC(547) - age  13:       1888 bytes,    2346656 total
[2023-03-15T07:06:16.460+0000][69][gc,age      ] GC(547) - age  14:        184 bytes,    2346840 total
[2023-03-15T07:06:16.461+0000][69][gc,age      ] GC(547) - age  15:       2576 bytes,    2349416 total
[2023-03-15T07:06:16.461+0000][69][gc,heap     ] GC(547) Eden regions: 22->0(22)
[2023-03-15T07:06:16.462+0000][69][gc,heap     ] GC(547) Survivor regions: 1->1(3)
[2023-03-15T07:06:16.462+0000][69][gc,heap     ] GC(547) Old regions: 25->25
[2023-03-15T07:06:16.463+0000][69][gc,heap     ] GC(547) Archive regions: 2->2
[2023-03-15T07:06:16.463+0000][69][gc,heap     ] GC(547) Humongous regions: 2->2
[2023-03-15T07:06:16.464+0000][69][gc,metaspace] GC(547) Metaspace: 139173K(142400K)->139173K(142400K) NonClass: 121528K(122688K)->121528K(122688K) Class: 17644K(19712K)->17644K(19712K)
[2023-03-15T07:06:16.464+0000][69][gc          ] GC(547) Pause Young (Normal) (G1 Evacuation Pause) 199M->111M(256M) 25.076ms
[2023-03-15T07:06:16.465+0000][69][gc,cpu      ] GC(547) User=0.01s Sys=0.00s Real=0.03s
[2023-03-15T07:06:16.465+0000][69][safepoint   ] Safepoint "G1CollectForAllocation", Time since last: 12255284792 ns, Reaching safepoint: 55210 ns, At safepoint: 26258736 ns, Total: 26313946 ns
[2023-03-15T07:06:20.469+0000][69][safepoint   ] Safepoint "Cleanup", Time since last: 4003172170 ns, Reaching safepoint: 313304 ns, At safepoint: 27323 ns, Total: 340627 ns
[2023-03-15T07:06:22.472+0000][69][safepoint   ] Safepoint "Cleanup", Time since last: 2002735283 ns, Reaching safepoint: 237180 ns, At safepoint: 7639 ns, Total: 244819 ns
[2023-03-15T07:06:39.486+0000][69][safepoint   ] Safepoint "Cleanup", Time since last: 17013556092 ns, Reaching safepoint: 91998 ns, At safepoint: 3114 ns, Total: 95112 ns
[2023-03-15T07:06:40.488+0000][69][safepoint   ] Safepoint "Cleanup", Time since last: 1001828580 ns, Reaching safepoint: 369782 ns, At safepoint: 12869 ns, Total: 382651 ns
[2023-03-15T07:06:41.492+0000][69][safepoint   ] Safepoint "Cleanup", Time since last: 1004105156 ns, Reaching safepoint: 327817 ns, At safepoint: 11752 ns, Total: 339569 ns
[2023-03-15T07:06:45.257+0000][69][gc,start    ] GC(548) Pause Young (Concurrent Start) (G1 Evacuation Pause)
[2023-03-15T07:06:45.259+0000][69][gc,task     ] GC(548) Using 4 workers of 4 for evacuation
[2023-03-15T07:06:45.260+0000][69][gc,age      ] GC(548) Desired survivor size 6291456 bytes, new threshold 15 (max threshold 15)
[2023-03-15T07:06:45.268+0000][69][gc,phases   ] GC(548)   Pre Evacuate Collection Set: 0.5ms
[2023-03-15T07:06:45.269+0000][69][gc,phases   ] GC(548)   Merge Heap Roots: 0.2ms
[2023-03-15T07:06:45.269+0000][69][gc,phases   ] GC(548)   Evacuate Collection Set: 4.3ms
[2023-03-15T07:06:45.270+0000][69][gc,phases   ] GC(548)   Post Evacuate Collection Set: 1.4ms
[2023-03-15T07:06:45.271+0000][69][gc,phases   ] GC(548)   Other: 2.2ms
[2023-03-15T07:06:45.271+0000][69][gc,age      ] GC(548) Age table with threshold 15 (max threshold 15)
[2023-03-15T07:06:45.272+0000][69][gc,age      ] GC(548) - age   1:    1347928 bytes,    1347928 total
[2023-03-15T07:06:45.273+0000][69][gc,age      ] GC(548) - age   2:      19872 bytes,    1367800 total
[2023-03-15T07:06:45.273+0000][69][gc,age      ] GC(548) - age   3:     702856 bytes,    2070656 total
[2023-03-15T07:06:45.274+0000][69][gc,age      ] GC(548) - age   4:       5888 bytes,    2076544 total
[2023-03-15T07:06:45.275+0000][69][gc,age      ] GC(548) - age   5:      29632 bytes,    2106176 total
[2023-03-15T07:06:45.275+0000][69][gc,age      ] GC(548) - age   6:      80632 bytes,    2186808 total
[2023-03-15T07:06:45.276+0000][69][gc,age      ] GC(548) - age   7:        184 bytes,    2186992 total
[2023-03-15T07:06:45.276+0000][69][gc,age      ] GC(548) - age   8:       2160 bytes,    2189152 total
[2023-03-15T07:06:45.277+0000][69][gc,age      ] GC(548) - age   9:        816 bytes,    2189968 total
[2023-03-15T07:06:45.277+0000][69][gc,age      ] GC(548) - age  10:       2160 bytes,    2192128 total
[2023-03-15T07:06:45.278+0000][69][gc,age      ] GC(548) - age  12:       2160 bytes,    2194288 total
[2023-03-15T07:06:45.278+0000][69][gc,age      ] GC(548) - age  13:        112 bytes,    2194400 total
[2023-03-15T07:06:45.279+0000][69][gc,age      ] GC(548) - age  14:       1888 bytes,    2196288 total
[2023-03-15T07:06:45.280+0000][69][gc,age      ] GC(548) - age  15:        184 bytes,    2196472 total
[2023-03-15T07:06:45.280+0000][69][gc,heap     ] GC(548) Eden regions: 22->0(22)
[2023-03-15T07:06:45.280+0000][69][gc,heap     ] GC(548) Survivor regions: 1->1(3)
[2023-03-15T07:06:45.281+0000][69][gc,heap     ] GC(548) Old regions: 25->25
[2023-03-15T07:06:45.281+0000][69][gc,heap     ] GC(548) Archive regions: 2->2
[2023-03-15T07:06:45.282+0000][69][gc,heap     ] GC(548) Humongous regions: 2->2
[2023-03-15T07:06:45.282+0000][69][gc,metaspace] GC(548) Metaspace: 139199K(142464K)->139199K(142464K) NonClass: 121555K(122752K)->121555K(122752K) Class: 17644K(19712K)->17644K(19712K)
[2023-03-15T07:06:45.283+0000][69][gc          ] GC(548) Pause Young (Concurrent Start) (G1 Evacuation Pause) 199M->111M(256M) 25.624ms
[2023-03-15T07:06:45.283+0000][69][gc          ] GC(549) Concurrent Mark Cycle
[2023-03-15T07:06:45.284+0000][69][gc,marking  ] GC(549) Concurrent Clear Claimed Marks
[2023-03-15T07:06:45.285+0000][69][gc,marking  ] GC(549) Concurrent Clear Claimed Marks 0.745ms
[2023-03-15T07:06:45.285+0000][69][gc,marking  ] GC(549) Concurrent Scan Root Regions
[2023-03-15T07:06:45.284+0000][69][gc,cpu      ] GC(548) User=0.01s Sys=0.00s Real=0.03s
[2023-03-15T07:06:45.287+0000][69][safepoint   ] Safepoint "G1CollectForAllocation", Time since last: 3787578160 ns, Reaching safepoint: 118867 ns, At safepoint: 29513550 ns, Total: 29632417 ns
[2023-03-15T07:06:45.289+0000][69][gc,marking  ] GC(549) Concurrent Scan Root Regions 3.664ms
[2023-03-15T07:06:45.290+0000][69][gc,marking  ] GC(549) Concurrent Mark
[2023-03-15T07:06:45.290+0000][69][gc,marking  ] GC(549) Concurrent Mark From Roots
[2023-03-15T07:06:45.290+0000][69][gc,task     ] GC(549) Using 1 workers of 1 for marking
[2023-03-15T07:06:45.431+0000][69][gc,marking  ] GC(549) Concurrent Mark From Roots 141.054ms
[2023-03-15T07:06:45.432+0000][69][gc,marking  ] GC(549) Concurrent Preclean
[2023-03-15T07:06:45.433+0000][69][gc,marking  ] GC(549) Concurrent Preclean 1.096ms
[2023-03-15T07:06:45.434+0000][69][gc,start    ] GC(549) Pause Remark
[2023-03-15T07:06:45.445+0000][69][gc          ] GC(549) Pause Remark 114M->114M(256M) 10.516ms
[2023-03-15T07:06:45.445+0000][69][gc,cpu      ] GC(549) User=0.03s Sys=0.00s Real=0.01s
[2023-03-15T07:06:45.446+0000][69][safepoint   ] Safepoint "G1PauseRemark", Time since last: 146709973 ns, Reaching safepoint: 518301 ns, At safepoint: 11980587 ns, Total: 12498888 ns
[2023-03-15T07:06:45.447+0000][69][gc,marking  ] GC(549) Concurrent Mark 157.091ms
[2023-03-15T07:06:45.447+0000][69][gc,marking  ] GC(549) Concurrent Rebuild Remembered Sets
[2023-03-15T07:06:45.500+0000][69][gc,marking  ] GC(549) Concurrent Rebuild Remembered Sets 52.957ms
[2023-03-15T07:06:45.501+0000][69][gc,start    ] GC(549) Pause Cleanup
[2023-03-15T07:06:45.502+0000][69][gc          ] GC(549) Pause Cleanup 114M->114M(256M) 0.836ms
[2023-03-15T07:06:45.503+0000][69][gc,cpu      ] GC(549) User=0.00s Sys=0.00s Real=0.00s
[2023-03-15T07:06:45.503+0000][69][safepoint   ] Safepoint "G1PauseCleanup", Time since last: 54894466 ns, Reaching safepoint: 200318 ns, At safepoint: 2247540 ns, Total: 2447858 ns
[2023-03-15T07:06:45.507+0000][69][gc,marking  ] GC(549) Concurrent Cleanup for Next Mark
[2023-03-15T07:06:45.508+0000][69][gc,marking  ] GC(549) Concurrent Cleanup for Next Mark 1.154ms
[2023-03-15T07:06:45.509+0000][69][gc          ] GC(549) Concurrent Mark Cycle 225.965ms
[2023-03-15T07:07:10.341+0000][69][gc,start    ] GC(550) Pause Young (Normal) (G1 Evacuation Pause)
[2023-03-15T07:07:10.343+0000][69][gc,task     ] GC(550) Using 4 workers of 4 for evacuation
[2023-03-15T07:07:10.344+0000][69][gc,age      ] GC(550) Desired survivor size 6291456 bytes, new threshold 15 (max threshold 15)
[2023-03-15T07:07:10.349+0000][69][gc,phases   ] GC(550)   Pre Evacuate Collection Set: 0.2ms
[2023-03-15T07:07:10.350+0000][69][gc,phases   ] GC(550)   Merge Heap Roots: 0.1ms
[2023-03-15T07:07:10.350+0000][69][gc,phases   ] GC(550)   Evacuate Collection Set: 2.8ms
[2023-03-15T07:07:10.351+0000][69][gc,phases   ] GC(550)   Post Evacuate Collection Set: 1.0ms
[2023-03-15T07:07:10.352+0000][69][gc,phases   ] GC(550)   Other: 1.7ms
[2023-03-15T07:07:10.353+0000][69][gc,age      ] GC(550) Age table with threshold 15 (max threshold 15)
[2023-03-15T07:07:10.353+0000][69][gc,age      ] GC(550) - age   1:    1614944 bytes,    1614944 total
[2023-03-15T07:07:10.354+0000][69][gc,age      ] GC(550) - age   2:      13072 bytes,    1628016 total
[2023-03-15T07:07:10.355+0000][69][gc,age      ] GC(550) - age   3:      17912 bytes,    1645928 total
[2023-03-15T07:07:10.355+0000][69][gc,age      ] GC(550) - age   4:     702168 bytes,    2348096 total
[2023-03-15T07:07:10.356+0000][69][gc,age      ] GC(550) - age   5:       5888 bytes,    2353984 total
[2023-03-15T07:07:10.357+0000][69][gc,age      ] GC(550) - age   6:      29392 bytes,    2383376 total
[2023-03-15T07:07:10.357+0000][69][gc,age      ] GC(550) - age   7:      55800 bytes,    2439176 total
[2023-03-15T07:07:10.358+0000][69][gc,age      ] GC(550) - age   8:        184 bytes,    2439360 total
[2023-03-15T07:07:10.359+0000][69][gc,age      ] GC(550) - age   9:       2160 bytes,    2441520 total
[2023-03-15T07:07:10.359+0000][69][gc,age      ] GC(550) - age  10:        816 bytes,    2442336 total
[2023-03-15T07:07:10.360+0000][69][gc,age      ] GC(550) - age  11:       2160 bytes,    2444496 total
[2023-03-15T07:07:10.360+0000][69][gc,age      ] GC(550) - age  13:       2160 bytes,    2446656 total
[2023-03-15T07:07:10.361+0000][69][gc,age      ] GC(550) - age  14:        112 bytes,    2446768 total
[2023-03-15T07:07:10.361+0000][69][gc,age      ] GC(550) - age  15:       1888 bytes,    2448656 total
[2023-03-15T07:07:10.362+0000][69][gc,heap     ] GC(550) Eden regions: 22->0(22)
[2023-03-15T07:07:10.363+0000][69][gc,heap     ] GC(550) Survivor regions: 1->1(3)
[2023-03-15T07:07:10.363+0000][69][gc,heap     ] GC(550) Old regions: 25->25
[2023-03-15T07:07:10.364+0000][69][gc,heap     ] GC(550) Archive regions: 2->2
[2023-03-15T07:07:10.364+0000][69][gc,heap     ] GC(550) Humongous regions: 2->2
[2023-03-15T07:07:10.365+0000][69][gc,metaspace] GC(550) Metaspace: 139199K(142464K)->139199K(142464K) NonClass: 121555K(122752K)->121555K(122752K) Class: 17644K(19712K)->17644K(19712K)
[2023-03-15T07:07:10.365+0000][69][gc          ] GC(550) Pause Young (Normal) (G1 Evacuation Pause) 199M->111M(256M) 24.285ms
[2023-03-15T07:07:10.366+0000][69][gc,cpu      ] GC(550) User=0.02s Sys=0.00s Real=0.02s
[2023-03-15T07:07:10.366+0000][69][safepoint   ] Safepoint "G1CollectForAllocation", Time since last: 24837575004 ns, Reaching safepoint: 117721 ns, At safepoint: 25405966 ns, Total: 25523687 ns
[2023-03-15T07:07:22.354+0000][69][safepoint   ] Safepoint "Cleanup", Time since last: 12013852364 ns, Reaching safepoint: 177510 ns, At safepoint: 3695 ns, Total: 181205 ns
[2023-03-15T07:07:33.737+0000][69][gc,start    ] GC(551) Pause Young (Concurrent Start) (G1 Evacuation Pause)
[2023-03-15T07:07:33.737+0000][69][gc,task     ] GC(551) Using 4 workers of 4 for evacuation
[2023-03-15T07:07:33.739+0000][69][gc,age      ] GC(551) Desired survivor size 6291456 bytes, new threshold 15 (max threshold 15)
[2023-03-15T07:07:33.744+0000][69][gc,phases   ] GC(551)   Pre Evacuate Collection Set: 0.5ms
[2023-03-15T07:07:33.745+0000][69][gc,phases   ] GC(551)   Merge Heap Roots: 0.1ms
[2023-03-15T07:07:33.745+0000][69][gc,phases   ] GC(551)   Evacuate Collection Set: 2.1ms
[2023-03-15T07:07:33.746+0000][69][gc,phases   ] GC(551)   Post Evacuate Collection Set: 1.1ms
[2023-03-15T07:07:33.747+0000][69][gc,phases   ] GC(551)   Other: 2.3ms
[2023-03-15T07:07:33.748+0000][69][gc,age      ] GC(551) Age table with threshold 15 (max threshold 15)
[2023-03-15T07:07:33.749+0000][69][gc,age      ] GC(551) - age   1:     617384 bytes,     617384 total
[2023-03-15T07:07:33.750+0000][69][gc,age      ] GC(551) - age   2:       2464 bytes,     619848 total
[2023-03-15T07:07:33.751+0000][69][gc,age      ] GC(551) - age   3:       3480 bytes,     623328 total
[2023-03-15T07:07:33.751+0000][69][gc,age      ] GC(551) - age   4:      17488 bytes,     640816 total
[2023-03-15T07:07:33.752+0000][69][gc,age      ] GC(551) - age   5:     702168 bytes,    1342984 total
[2023-03-15T07:07:33.753+0000][69][gc,age      ] GC(551) - age   6:       2152 bytes,    1345136 total
[2023-03-15T07:07:33.753+0000][69][gc,age      ] GC(551) - age   7:      29392 bytes,    1374528 total
[2023-03-15T07:07:33.754+0000][69][gc,age      ] GC(551) - age   8:      55800 bytes,    1430328 total
[2023-03-15T07:07:33.755+0000][69][gc,age      ] GC(551) - age   9:        184 bytes,    1430512 total
[2023-03-15T07:07:33.755+0000][69][gc,age      ] GC(551) - age  10:       2160 bytes,    1432672 total
[2023-03-15T07:07:33.756+0000][69][gc,age      ] GC(551) - age  11:        816 bytes,    1433488 total
[2023-03-15T07:07:33.757+0000][69][gc,age      ] GC(551) - age  12:       2160 bytes,    1435648 total
[2023-03-15T07:07:33.757+0000][69][gc,age      ] GC(551) - age  14:       2160 bytes,    1437808 total
[2023-03-15T07:07:33.757+0000][69][gc,age      ] GC(551) - age  15:        112 bytes,    1437920 total
[2023-03-15T07:07:33.759+0000][69][gc,heap     ] GC(551) Eden regions: 22->0(23)
[2023-03-15T07:07:33.759+0000][69][gc,heap     ] GC(551) Survivor regions: 1->1(3)
[2023-03-15T07:07:33.760+0000][69][gc,heap     ] GC(551) Old regions: 25->25
[2023-03-15T07:07:33.760+0000][69][gc,heap     ] GC(551) Archive regions: 2->2
[2023-03-15T07:07:33.760+0000][69][gc,heap     ] GC(551) Humongous regions: 2->2
[2023-03-15T07:07:33.761+0000][69][gc,metaspace] GC(551) Metaspace: 139199K(142464K)->139199K(142464K) NonClass: 121555K(122752K)->121555K(122752K) Class: 17644K(19712K)->17644K(19712K)
[2023-03-15T07:07:33.762+0000][69][gc          ] GC(551) Pause Young (Concurrent Start) (G1 Evacuation Pause) 199M->110M(256M) 24.962ms
[2023-03-15T07:07:33.762+0000][69][gc          ] GC(552) Concurrent Mark Cycle
[2023-03-15T07:07:33.762+0000][69][gc,marking  ] GC(552) Concurrent Clear Claimed Marks
[2023-03-15T07:07:33.763+0000][69][gc,marking  ] GC(552) Concurrent Clear Claimed Marks 0.811ms
[2023-03-15T07:07:33.764+0000][69][gc,marking  ] GC(552) Concurrent Scan Root Regions
[2023-03-15T07:07:33.762+0000][69][gc,cpu      ] GC(551) User=0.01s Sys=0.00s Real=0.03s
[2023-03-15T07:07:33.765+0000][69][safepoint   ] Safepoint "G1CollectForAllocation", Time since last: 11382567641 ns, Reaching safepoint: 123995 ns, At safepoint: 28182633 ns, Total: 28306628 ns
[2023-03-15T07:07:33.766+0000][69][gc,marking  ] GC(552) Concurrent Scan Root Regions 2.416ms
[2023-03-15T07:07:33.767+0000][69][gc,marking  ] GC(552) Concurrent Mark
[2023-03-15T07:07:33.767+0000][69][gc,marking  ] GC(552) Concurrent Mark From Roots
[2023-03-15T07:07:33.767+0000][69][gc,task     ] GC(552) Using 1 workers of 1 for marking
[2023-03-15T07:07:33.895+0000][69][gc,marking  ] GC(552) Concurrent Mark From Roots 127.814ms
[2023-03-15T07:07:33.895+0000][69][gc,marking  ] GC(552) Concurrent Preclean
[2023-03-15T07:07:33.896+0000][69][gc,marking  ] GC(552) Concurrent Preclean 0.662ms
[2023-03-15T07:07:33.897+0000][69][gc,start    ] GC(552) Pause Remark
[2023-03-15T07:07:33.908+0000][69][gc          ] GC(552) Pause Remark 112M->112M(256M) 11.117ms
[2023-03-15T07:07:33.908+0000][69][gc,cpu      ] GC(552) User=0.03s Sys=0.00s Real=0.01s
[2023-03-15T07:07:33.909+0000][69][safepoint   ] Safepoint "G1PauseRemark", Time since last: 131712762 ns, Reaching safepoint: 79909 ns, At safepoint: 12401938 ns, Total: 12481847 ns
[2023-03-15T07:07:33.910+0000][69][gc,marking  ] GC(552) Concurrent Mark 142.875ms
[2023-03-15T07:07:33.910+0000][69][gc,marking  ] GC(552) Concurrent Rebuild Remembered Sets
[2023-03-15T07:07:33.974+0000][69][gc,marking  ] GC(552) Concurrent Rebuild Remembered Sets 63.422ms
[2023-03-15T07:07:33.974+0000][69][gc,start    ] GC(552) Pause Cleanup
[2023-03-15T07:07:33.975+0000][69][gc          ] GC(552) Pause Cleanup 112M->112M(256M) 0.670ms
[2023-03-15T07:07:33.976+0000][69][gc,cpu      ] GC(552) User=0.00s Sys=0.00s Real=0.00s
[2023-03-15T07:07:33.976+0000][69][safepoint   ] Safepoint "G1PauseCleanup", Time since last: 65339422 ns, Reaching safepoint: 142938 ns, At safepoint: 1661138 ns, Total: 1804076 ns
[2023-03-15T07:07:33.977+0000][69][gc,marking  ] GC(552) Concurrent Cleanup for Next Mark
[2023-03-15T07:07:33.977+0000][69][gc,marking  ] GC(552) Concurrent Cleanup for Next Mark 0.803ms
[2023-03-15T07:07:33.978+0000][69][gc          ] GC(552) Concurrent Mark Cycle 215.879ms
[2023-03-15T07:08:00.977+0000][69][safepoint   ] Safepoint "Cleanup", Time since last: 27023138985 ns, Reaching safepoint: 539438 ns, At safepoint: 15593 ns, Total: 555031 ns
[2023-03-15T07:08:09.255+0000][69][gc,start    ] GC(553) Pause Young (Normal) (G1 Evacuation Pause)
[2023-03-15T07:08:09.256+0000][69][gc,task     ] GC(553) Using 4 workers of 4 for evacuation
[2023-03-15T07:08:09.257+0000][69][gc,age      ] GC(553) Desired survivor size 6291456 bytes, new threshold 15 (max threshold 15)
[2023-03-15T07:08:09.262+0000][69][gc,phases   ] GC(553)   Pre Evacuate Collection Set: 0.2ms
[2023-03-15T07:08:09.263+0000][69][gc,phases   ] GC(553)   Merge Heap Roots: 0.2ms
[2023-03-15T07:08:09.264+0000][69][gc,phases   ] GC(553)   Evacuate Collection Set: 2.4ms
[2023-03-15T07:08:09.265+0000][69][gc,phases   ] GC(553)   Post Evacuate Collection Set: 1.7ms
[2023-03-15T07:08:09.266+0000][69][gc,phases   ] GC(553)   Other: 1.6ms
[2023-03-15T07:08:09.267+0000][69][gc,age      ] GC(553) Age table with threshold 15 (max threshold 15)
[2023-03-15T07:08:09.267+0000][69][gc,age      ] GC(553) - age   1:     816024 bytes,     816024 total
[2023-03-15T07:08:09.268+0000][69][gc,age      ] GC(553) - age   2:       7184 bytes,     823208 total
[2023-03-15T07:08:09.268+0000][69][gc,age      ] GC(553) - age   3:        576 bytes,     823784 total
[2023-03-15T07:08:09.269+0000][69][gc,age      ] GC(553) - age   4:       3048 bytes,     826832 total
[2023-03-15T07:08:09.269+0000][69][gc,age      ] GC(553) - age   5:      17000 bytes,     843832 total
[2023-03-15T07:08:09.270+0000][69][gc,age      ] GC(553) - age   6:     702040 bytes,    1545872 total
[2023-03-15T07:08:09.270+0000][69][gc,age      ] GC(553) - age   7:       2088 bytes,    1547960 total
[2023-03-15T07:08:09.271+0000][69][gc,age      ] GC(553) - age   8:      29360 bytes,    1577320 total
[2023-03-15T07:08:09.271+0000][69][gc,age      ] GC(553) - age   9:      55800 bytes,    1633120 total
[2023-03-15T07:08:09.272+0000][69][gc,age      ] GC(553) - age  10:        184 bytes,    1633304 total
[2023-03-15T07:08:09.273+0000][69][gc,age      ] GC(553) - age  11:       2160 bytes,    1635464 total
[2023-03-15T07:08:09.273+0000][69][gc,age      ] GC(553) - age  12:        552 bytes,    1636016 total
[2023-03-15T07:08:09.274+0000][69][gc,age      ] GC(553) - age  13:       2160 bytes,    1638176 total
[2023-03-15T07:08:09.274+0000][69][gc,age      ] GC(553) - age  15:       2160 bytes,    1640336 total
[2023-03-15T07:08:09.275+0000][69][gc,heap     ] GC(553) Eden regions: 23->0(23)
[2023-03-15T07:08:09.275+0000][69][gc,heap     ] GC(553) Survivor regions: 1->1(3)
[2023-03-15T07:08:09.276+0000][69][gc,heap     ] GC(553) Old regions: 25->25
[2023-03-15T07:08:09.276+0000][69][gc,heap     ] GC(553) Archive regions: 2->2
[2023-03-15T07:08:09.277+0000][69][gc,heap     ] GC(553) Humongous regions: 2->2
[2023-03-15T07:08:09.278+0000][69][gc,metaspace] GC(553) Metaspace: 139216K(142464K)->139216K(142464K) NonClass: 121572K(122752K)->121572K(122752K) Class: 17644K(19712K)->17644K(19712K)
[2023-03-15T07:08:09.279+0000][69][gc          ] GC(553) Pause Young (Normal) (G1 Evacuation Pause) 202M->110M(256M) 23.652ms
[2023-03-15T07:08:09.280+0000][69][gc,cpu      ] GC(553) User=0.01s Sys=0.00s Real=0.03s
[2023-03-15T07:08:09.281+0000][69][safepoint   ] Safepoint "G1CollectForAllocation", Time since last: 8278163167 ns, Reaching safepoint: 178248 ns, At safepoint: 25189980 ns, Total: 25368228 ns
[2023-03-15T07:08:39.075+0000][69][gc,start    ] GC(554) Pause Young (Concurrent Start) (G1 Evacuation Pause)
[2023-03-15T07:08:39.078+0000][69][gc,task     ] GC(554) Using 4 workers of 4 for evacuation
[2023-03-15T07:08:39.080+0000][69][gc,age      ] GC(554) Desired survivor size 6291456 bytes, new threshold 15 (max threshold 15)
[2023-03-15T07:08:39.088+0000][69][gc,phases   ] GC(554)   Pre Evacuate Collection Set: 1.1ms
[2023-03-15T07:08:39.089+0000][69][gc,phases   ] GC(554)   Merge Heap Roots: 0.3ms
[2023-03-15T07:08:39.090+0000][69][gc,phases   ] GC(554)   Evacuate Collection Set: 3.9ms
[2023-03-15T07:08:39.091+0000][69][gc,phases   ] GC(554)   Post Evacuate Collection Set: 1.4ms
[2023-03-15T07:08:39.092+0000][69][gc,phases   ] GC(554)   Other: 3.1ms
[2023-03-15T07:08:39.092+0000][69][gc,age      ] GC(554) Age table with threshold 15 (max threshold 15)
[2023-03-15T07:08:39.093+0000][69][gc,age      ] GC(554) - age   1:     752272 bytes,     752272 total
[2023-03-15T07:08:39.094+0000][69][gc,age      ] GC(554) - age   2:      22672 bytes,     774944 total
[2023-03-15T07:08:39.094+0000][69][gc,age      ] GC(554) - age   3:       2352 bytes,     777296 total
[2023-03-15T07:08:39.095+0000][69][gc,age      ] GC(554) - age   4:        384 bytes,     777680 total
[2023-03-15T07:08:39.096+0000][69][gc,age      ] GC(554) - age   5:       2960 bytes,     780640 total
[2023-03-15T07:08:39.098+0000][69][gc,age      ] GC(554) - age   6:      17000 bytes,     797640 total
[2023-03-15T07:08:39.098+0000][69][gc,age      ] GC(554) - age   7:     668904 bytes,    1466544 total
[2023-03-15T07:08:39.099+0000][69][gc,age      ] GC(554) - age   8:       2088 bytes,    1468632 total
[2023-03-15T07:08:39.100+0000][69][gc,age      ] GC(554) - age   9:      29064 bytes,    1497696 total
[2023-03-15T07:08:39.101+0000][69][gc,age      ] GC(554) - age  10:      39200 bytes,    1536896 total
[2023-03-15T07:08:39.101+0000][69][gc,age      ] GC(554) - age  11:        184 bytes,    1537080 total
[2023-03-15T07:08:39.102+0000][69][gc,age      ] GC(554) - age  12:       2160 bytes,    1539240 total
[2023-03-15T07:08:39.103+0000][69][gc,age      ] GC(554) - age  13:        552 bytes,    1539792 total
[2023-03-15T07:08:39.103+0000][69][gc,age      ] GC(554) - age  14:       2160 bytes,    1541952 total
[2023-03-15T07:08:39.104+0000][69][gc,heap     ] GC(554) Eden regions: 23->0(23)
[2023-03-15T07:08:39.105+0000][69][gc,heap     ] GC(554) Survivor regions: 1->1(3)
[2023-03-15T07:08:39.106+0000][69][gc,heap     ] GC(554) Old regions: 25->25
[2023-03-15T07:08:39.106+0000][69][gc,heap     ] GC(554) Archive regions: 2->2
[2023-03-15T07:08:39.107+0000][69][gc,heap     ] GC(554) Humongous regions: 2->2
[2023-03-15T07:08:39.107+0000][69][gc,metaspace] GC(554) Metaspace: 139216K(142464K)->139216K(142464K) NonClass: 121572K(122752K)->121572K(122752K) Class: 17644K(19712K)->17644K(19712K)
[2023-03-15T07:08:39.108+0000][69][gc          ] GC(554) Pause Young (Concurrent Start) (G1 Evacuation Pause) 202M->110M(256M) 32.143ms
[2023-03-15T07:08:39.108+0000][69][gc,cpu      ] GC(554) User=0.02s Sys=0.00s Real=0.04s
[2023-03-15T07:08:39.108+0000][69][gc          ] GC(555) Concurrent Mark Cycle
[2023-03-15T07:08:39.109+0000][69][gc,marking  ] GC(555) Concurrent Clear Claimed Marks
[2023-03-15T07:08:39.109+0000][69][safepoint   ] Safepoint "G1CollectForAllocation", Time since last: 29817393574 ns, Reaching safepoint: 202764 ns, At safepoint: 33260604 ns, Total: 33463368 ns
[2023-03-15T07:08:39.110+0000][69][gc,marking  ] GC(555) Concurrent Clear Claimed Marks 0.909ms
[2023-03-15T07:08:39.111+0000][69][gc,marking  ] GC(555) Concurrent Scan Root Regions
[2023-03-15T07:08:39.114+0000][69][gc,marking  ] GC(555) Concurrent Scan Root Regions 2.885ms
[2023-03-15T07:08:39.115+0000][69][gc,marking  ] GC(555) Concurrent Mark
[2023-03-15T07:08:39.115+0000][69][gc,marking  ] GC(555) Concurrent Mark From Roots
[2023-03-15T07:08:39.116+0000][69][gc,task     ] GC(555) Using 1 workers of 1 for marking
[2023-03-15T07:08:39.216+0000][69][gc,marking  ] GC(555) Concurrent Mark From Roots 100.918ms
[2023-03-15T07:08:39.217+0000][69][gc,marking  ] GC(555) Concurrent Preclean
[2023-03-15T07:08:39.219+0000][69][gc,marking  ] GC(555) Concurrent Preclean 1.608ms
[2023-03-15T07:08:39.220+0000][69][gc,start    ] GC(555) Pause Remark
[2023-03-15T07:08:39.230+0000][69][gc          ] GC(555) Pause Remark 111M->111M(256M) 10.184ms
[2023-03-15T07:08:39.231+0000][69][gc,cpu      ] GC(555) User=0.04s Sys=0.00s Real=0.01s
[2023-03-15T07:08:39.231+0000][69][safepoint   ] Safepoint "G1PauseRemark", Time since last: 110699733 ns, Reaching safepoint: 213673 ns, At safepoint: 11871703 ns, Total: 12085376 ns
[2023-03-15T07:08:39.232+0000][69][gc,marking  ] GC(555) Concurrent Mark 117.653ms
[2023-03-15T07:08:39.233+0000][69][gc,marking  ] GC(555) Concurrent Rebuild Remembered Sets
[2023-03-15T07:08:39.295+0000][69][gc,marking  ] GC(555) Concurrent Rebuild Remembered Sets 62.148ms
[2023-03-15T07:08:39.296+0000][69][gc,start    ] GC(555) Pause Cleanup
[2023-03-15T07:08:39.296+0000][69][gc          ] GC(555) Pause Cleanup 114M->114M(256M) 0.509ms
[2023-03-15T07:08:39.297+0000][69][gc,cpu      ] GC(555) User=0.00s Sys=0.00s Real=0.01s
[2023-03-15T07:08:39.297+0000][69][safepoint   ] Safepoint "G1PauseCleanup", Time since last: 64342379 ns, Reaching safepoint: 92155 ns, At safepoint: 1333993 ns, Total: 1426148 ns
[2023-03-15T07:08:39.298+0000][69][gc,marking  ] GC(555) Concurrent Cleanup for Next Mark
[2023-03-15T07:08:39.299+0000][69][gc,marking  ] GC(555) Concurrent Cleanup for Next Mark 0.804ms
[2023-03-15T07:08:39.300+0000][69][gc          ] GC(555) Concurrent Mark Cycle 191.519ms
[2023-03-15T07:08:45.279+0000][69][safepoint   ] Safepoint "Cleanup", Time since last: 6002951888 ns, Reaching safepoint: 98526 ns, At safepoint: 3375 ns, Total: 101901 ns
[2023-03-15T07:08:49.283+0000][69][safepoint   ] Safepoint "Cleanup", Time since last: 4004258620 ns, Reaching safepoint: 168353 ns, At safepoint: 6756 ns, Total: 175109 ns
[2023-03-15T07:09:01.293+0000][69][safepoint   ] Safepoint "Cleanup", Time since last: 12009754141 ns, Reaching safepoint: 168846 ns, At safepoint: 8391 ns, Total: 177237 ns
[2023-03-15T07:09:03.335+0000][69][gc,start    ] GC(556) Pause Young (Normal) (G1 Evacuation Pause)
[2023-03-15T07:09:03.336+0000][69][gc,task     ] GC(556) Using 4 workers of 4 for evacuation
[2023-03-15T07:09:03.336+0000][69][gc,age      ] GC(556) Desired survivor size 6291456 bytes, new threshold 15 (max threshold 15)
[2023-03-15T07:09:03.343+0000][69][gc,phases   ] GC(556)   Pre Evacuate Collection Set: 1.4ms
[2023-03-15T07:09:03.344+0000][69][gc,phases   ] GC(556)   Merge Heap Roots: 0.2ms
[2023-03-15T07:09:03.345+0000][69][gc,phases   ] GC(556)   Evacuate Collection Set: 2.9ms
[2023-03-15T07:09:03.345+0000][69][gc,phases   ] GC(556)   Post Evacuate Collection Set: 1.6ms
[2023-03-15T07:09:03.346+0000][69][gc,phases   ] GC(556)   Other: 1.6ms
[2023-03-15T07:09:03.346+0000][69][gc,age      ] GC(556) Age table with threshold 15 (max threshold 15)
[2023-03-15T07:09:03.347+0000][69][gc,age      ] GC(556) - age   1:    1541696 bytes,    1541696 total
[2023-03-15T07:09:03.347+0000][69][gc,age      ] GC(556) - age   2:       7352 bytes,    1549048 total
[2023-03-15T07:09:03.348+0000][69][gc,age      ] GC(556) - age   3:      21048 bytes,    1570096 total
[2023-03-15T07:09:03.349+0000][69][gc,age      ] GC(556) - age   4:       2160 bytes,    1572256 total
[2023-03-15T07:09:03.349+0000][69][gc,age      ] GC(556) - age   5:         88 bytes,    1572344 total
[2023-03-15T07:09:03.350+0000][69][gc,age      ] GC(556) - age   6:       2960 bytes,    1575304 total
[2023-03-15T07:09:03.350+0000][69][gc,age      ] GC(556) - age   7:      17000 bytes,    1592304 total
[2023-03-15T07:09:03.351+0000][69][gc,age      ] GC(556) - age   8:     420328 bytes,    2012632 total
[2023-03-15T07:09:03.351+0000][69][gc,age      ] GC(556) - age   9:       2088 bytes,    2014720 total
[2023-03-15T07:09:03.352+0000][69][gc,age      ] GC(556) - age  10:      29064 bytes,    2043784 total
[2023-03-15T07:09:03.352+0000][69][gc,age      ] GC(556) - age  11:      33840 bytes,    2077624 total
[2023-03-15T07:09:03.352+0000][69][gc,age      ] GC(556) - age  12:        184 bytes,    2077808 total
[2023-03-15T07:09:03.353+0000][69][gc,age      ] GC(556) - age  13:       2160 bytes,    2079968 total
[2023-03-15T07:09:03.353+0000][69][gc,age      ] GC(556) - age  14:        552 bytes,    2080520 total
[2023-03-15T07:09:03.354+0000][69][gc,age      ] GC(556) - age  15:       2160 bytes,    2082680 total
[2023-03-15T07:09:03.354+0000][69][gc,heap     ] GC(556) Eden regions: 23->0(23)
[2023-03-15T07:09:03.355+0000][69][gc,heap     ] GC(556) Survivor regions: 1->1(3)
[2023-03-15T07:09:03.355+0000][69][gc,heap     ] GC(556) Old regions: 25->25
[2023-03-15T07:09:03.356+0000][69][gc,heap     ] GC(556) Archive regions: 2->2
[2023-03-15T07:09:03.356+0000][69][gc,heap     ] GC(556) Humongous regions: 2->2
[2023-03-15T07:09:03.357+0000][69][gc,metaspace] GC(556) Metaspace: 139216K(142464K)->139216K(142464K) NonClass: 121572K(122752K)->121572K(122752K) Class: 17644K(19712K)->17644K(19712K)
[2023-03-15T07:09:03.358+0000][69][gc          ] GC(556) Pause Young (Normal) (G1 Evacuation Pause) 202M->111M(256M) 23.306ms
[2023-03-15T07:09:03.359+0000][69][gc,cpu      ] GC(556) User=0.01s Sys=0.01s Real=0.03s
[2023-03-15T07:09:03.359+0000][69][safepoint   ] Safepoint "G1CollectForAllocation", Time since last: 2041472389 ns, Reaching safepoint: 274784 ns, At safepoint: 24571693 ns, Total: 24846477 ns
[2023-03-15T07:09:27.434+0000][69][gc,start    ] GC(557) Pause Young (Concurrent Start) (G1 Evacuation Pause)
[2023-03-15T07:09:27.435+0000][69][gc,task     ] GC(557) Using 4 workers of 4 for evacuation
[2023-03-15T07:09:27.435+0000][69][gc,age      ] GC(557) Desired survivor size 6291456 bytes, new threshold 15 (max threshold 15)
[2023-03-15T07:09:27.439+0000][69][gc,phases   ] GC(557)   Pre Evacuate Collection Set: 0.5ms
[2023-03-15T07:09:27.440+0000][69][gc,phases   ] GC(557)   Merge Heap Roots: 0.1ms
[2023-03-15T07:09:27.440+0000][69][gc,phases   ] GC(557)   Evacuate Collection Set: 2.0ms
[2023-03-15T07:09:27.440+0000][69][gc,phases   ] GC(557)   Post Evacuate Collection Set: 1.0ms
[2023-03-15T07:09:27.441+0000][69][gc,phases   ] GC(557)   Other: 0.9ms
[2023-03-15T07:09:27.441+0000][69][gc,age      ] GC(557) Age table with threshold 15 (max threshold 15)
[2023-03-15T07:09:27.442+0000][69][gc,age      ] GC(557) - age   1:    1432712 bytes,    1432712 total
[2023-03-15T07:09:27.442+0000][69][gc,age      ] GC(557) - age   2:     125112 bytes,    1557824 total
[2023-03-15T07:09:27.442+0000][69][gc,age      ] GC(557) - age   3:       3016 bytes,    1560840 total
[2023-03-15T07:09:27.443+0000][69][gc,age      ] GC(557) - age   4:      20952 bytes,    1581792 total
[2023-03-15T07:09:27.443+0000][69][gc,age      ] GC(557) - age   5:       2160 bytes,    1583952 total
[2023-03-15T07:09:27.443+0000][69][gc,age      ] GC(557) - age   6:         88 bytes,    1584040 total
[2023-03-15T07:09:27.443+0000][69][gc,age      ] GC(557) - age   7:       2896 bytes,    1586936 total
[2023-03-15T07:09:27.444+0000][69][gc,age      ] GC(557) - age   8:      17000 bytes,    1603936 total
[2023-03-15T07:09:27.444+0000][69][gc,age      ] GC(557) - age   9:     420048 bytes,    2023984 total
[2023-03-15T07:09:27.445+0000][69][gc,age      ] GC(557) - age  10:       2088 bytes,    2026072 total
[2023-03-15T07:09:27.445+0000][69][gc,age      ] GC(557) - age  11:      29024 bytes,    2055096 total
[2023-03-15T07:09:27.445+0000][69][gc,age      ] GC(557) - age  12:      33840 bytes,    2088936 total
[2023-03-15T07:09:27.446+0000][69][gc,age      ] GC(557) - age  13:        184 bytes,    2089120 total
[2023-03-15T07:09:27.446+0000][69][gc,age      ] GC(557) - age  14:       2160 bytes,    2091280 total
[2023-03-15T07:09:27.446+0000][69][gc,age      ] GC(557) - age  15:        552 bytes,    2091832 total
[2023-03-15T07:09:27.447+0000][69][gc,heap     ] GC(557) Eden regions: 23->0(23)
[2023-03-15T07:09:27.447+0000][69][gc,heap     ] GC(557) Survivor regions: 1->1(3)
[2023-03-15T07:09:27.448+0000][69][gc,heap     ] GC(557) Old regions: 25->25
[2023-03-15T07:09:27.448+0000][69][gc,heap     ] GC(557) Archive regions: 2->2
[2023-03-15T07:09:27.448+0000][69][gc,heap     ] GC(557) Humongous regions: 2->2
[2023-03-15T07:09:27.449+0000][69][gc,metaspace] GC(557) Metaspace: 139217K(142464K)->139217K(142464K) NonClass: 121573K(122752K)->121573K(122752K) Class: 17644K(19712K)->17644K(19712K)
[2023-03-15T07:09:27.449+0000][69][gc          ] GC(557) Pause Young (Concurrent Start) (G1 Evacuation Pause) 203M->111M(256M) 15.116ms
[2023-03-15T07:09:27.450+0000][69][gc,cpu      ] GC(557) User=0.01s Sys=0.00s Real=0.01s
[2023-03-15T07:09:27.450+0000][69][safepoint   ] Safepoint "G1CollectForAllocation", Time since last: 24096608578 ns, Reaching safepoint: 222816 ns, At safepoint: 16299086 ns, Total: 16521902 ns
[2023-03-15T07:09:27.450+0000][69][gc          ] GC(558) Concurrent Mark Cycle
[2023-03-15T07:09:27.451+0000][69][gc,marking  ] GC(558) Concurrent Clear Claimed Marks
[2023-03-15T07:09:27.452+0000][69][gc,marking  ] GC(558) Concurrent Clear Claimed Marks 0.830ms
[2023-03-15T07:09:27.453+0000][69][gc,marking  ] GC(558) Concurrent Scan Root Regions
[2023-03-15T07:09:27.456+0000][69][gc,marking  ] GC(558) Concurrent Scan Root Regions 3.076ms
[2023-03-15T07:09:27.457+0000][69][gc,marking  ] GC(558) Concurrent Mark
[2023-03-15T07:09:27.457+0000][69][gc,marking  ] GC(558) Concurrent Mark From Roots
[2023-03-15T07:09:27.458+0000][69][gc,task     ] GC(558) Using 1 workers of 1 for marking
[2023-03-15T07:09:27.584+0000][69][gc,marking  ] GC(558) Concurrent Mark From Roots 126.620ms
[2023-03-15T07:09:27.584+0000][69][gc,marking  ] GC(558) Concurrent Preclean
[2023-03-15T07:09:27.586+0000][69][gc,marking  ] GC(558) Concurrent Preclean 1.333ms
[2023-03-15T07:09:27.587+0000][69][gc,start    ] GC(558) Pause Remark
[2023-03-15T07:09:27.597+0000][69][gc          ] GC(558) Pause Remark 123M->123M(256M) 9.340ms
[2023-03-15T07:09:27.597+0000][69][gc,cpu      ] GC(558) User=0.03s Sys=0.00s Real=0.01s
[2023-03-15T07:09:27.598+0000][69][safepoint   ] Safepoint "G1PauseRemark", Time since last: 136689519 ns, Reaching safepoint: 128758 ns, At safepoint: 10802867 ns, Total: 10931625 ns
[2023-03-15T07:09:27.599+0000][69][gc,marking  ] GC(558) Concurrent Mark 142.207ms
[2023-03-15T07:09:27.600+0000][69][gc,marking  ] GC(558) Concurrent Rebuild Remembered Sets
[2023-03-15T07:09:27.655+0000][69][gc,marking  ] GC(558) Concurrent Rebuild Remembered Sets 55.308ms
[2023-03-15T07:09:27.656+0000][69][gc,start    ] GC(558) Pause Cleanup
[2023-03-15T07:09:27.656+0000][69][gc          ] GC(558) Pause Cleanup 124M->124M(256M) 0.616ms
[2023-03-15T07:09:27.657+0000][69][gc,cpu      ] GC(558) User=0.01s Sys=0.00s Real=0.00s
[2023-03-15T07:09:27.657+0000][69][safepoint   ] Safepoint "G1PauseCleanup", Time since last: 57553189 ns, Reaching safepoint: 141036 ns, At safepoint: 1448237 ns, Total: 1589273 ns
[2023-03-15T07:09:27.658+0000][69][gc,marking  ] GC(558) Concurrent Cleanup for Next Mark
[2023-03-15T07:09:27.658+0000][69][gc,marking  ] GC(558) Concurrent Cleanup for Next Mark 0.602ms
[2023-03-15T07:09:27.659+0000][69][gc          ] GC(558) Concurrent Mark Cycle 208.971ms
[2023-03-15T07:09:57.209+0000][69][gc,start    ] GC(559) Pause Young (Normal) (G1 Evacuation Pause)
[2023-03-15T07:09:57.210+0000][69][gc,task     ] GC(559) Using 4 workers of 4 for evacuation
[2023-03-15T07:09:57.211+0000][69][gc,age      ] GC(559) Desired survivor size 6291456 bytes, new threshold 15 (max threshold 15)
[2023-03-15T07:09:57.215+0000][69][gc,phases   ] GC(559)   Pre Evacuate Collection Set: 0.2ms
[2023-03-15T07:09:57.216+0000][69][gc,phases   ] GC(559)   Merge Heap Roots: 0.1ms
[2023-03-15T07:09:57.217+0000][69][gc,phases   ] GC(559)   Evacuate Collection Set: 1.7ms
[2023-03-15T07:09:57.217+0000][69][gc,phases   ] GC(559)   Post Evacuate Collection Set: 1.3ms
[2023-03-15T07:09:57.218+0000][69][gc,phases   ] GC(559)   Other: 1.6ms
[2023-03-15T07:09:57.219+0000][69][gc,age      ] GC(559) Age table with threshold 15 (max threshold 15)
[2023-03-15T07:09:57.219+0000][69][gc,age      ] GC(559) - age   1:     675272 bytes,     675272 total
[2023-03-15T07:09:57.220+0000][69][gc,age      ] GC(559) - age   2:       9560 bytes,     684832 total
[2023-03-15T07:09:57.221+0000][69][gc,age      ] GC(559) - age   3:     114824 bytes,     799656 total
[2023-03-15T07:09:57.221+0000][69][gc,age      ] GC(559) - age   4:       2888 bytes,     802544 total
[2023-03-15T07:09:57.222+0000][69][gc,age      ] GC(559) - age   5:      20712 bytes,     823256 total
[2023-03-15T07:09:57.222+0000][69][gc,age      ] GC(559) - age   6:       2160 bytes,     825416 total
[2023-03-15T07:09:57.223+0000][69][gc,age      ] GC(559) - age   7:         88 bytes,     825504 total
[2023-03-15T07:09:57.224+0000][69][gc,age      ] GC(559) - age   8:       2896 bytes,     828400 total
[2023-03-15T07:09:57.224+0000][69][gc,age      ] GC(559) - age   9:      17000 bytes,     845400 total
[2023-03-15T07:09:57.225+0000][69][gc,age      ] GC(559) - age  10:     420048 bytes,    1265448 total
[2023-03-15T07:09:57.225+0000][69][gc,age      ] GC(559) - age  11:       2088 bytes,    1267536 total
[2023-03-15T07:09:57.226+0000][69][gc,age      ] GC(559) - age  12:      29024 bytes,    1296560 total
[2023-03-15T07:09:57.227+0000][69][gc,age      ] GC(559) - age  13:      33840 bytes,    1330400 total
[2023-03-15T07:09:57.227+0000][69][gc,age      ] GC(559) - age  14:        184 bytes,    1330584 total
[2023-03-15T07:09:57.228+0000][69][gc,age      ] GC(559) - age  15:       2160 bytes,    1332744 total
[2023-03-15T07:09:57.229+0000][69][gc,heap     ] GC(559) Eden regions: 23->0(23)
[2023-03-15T07:09:57.230+0000][69][gc,heap     ] GC(559) Survivor regions: 1->1(3)
[2023-03-15T07:09:57.230+0000][69][gc,heap     ] GC(559) Old regions: 25->25
[2023-03-15T07:09:57.230+0000][69][gc,heap     ] GC(559) Archive regions: 2->2
[2023-03-15T07:09:57.231+0000][69][gc,heap     ] GC(559) Humongous regions: 2->2
[2023-03-15T07:09:57.231+0000][69][gc,metaspace] GC(559) Metaspace: 139217K(142464K)->139217K(142464K) NonClass: 121573K(122752K)->121573K(122752K) Class: 17644K(19712K)->17644K(19712K)
[2023-03-15T07:09:57.232+0000][69][gc          ] GC(559) Pause Young (Normal) (G1 Evacuation Pause) 203M->110M(256M) 22.875ms
[2023-03-15T07:09:57.232+0000][69][gc,cpu      ] GC(559) User=0.01s Sys=0.00s Real=0.02s
[2023-03-15T07:09:57.233+0000][69][safepoint   ] Safepoint "G1CollectForAllocation", Time since last: 29570693566 ns, Reaching safepoint: 192321 ns, At safepoint: 23735987 ns, Total: 23928308 ns
[2023-03-15T07:10:21.587+0000][69][gc,start    ] GC(560) Pause Young (Concurrent Start) (G1 Evacuation Pause)
[2023-03-15T07:10:21.590+0000][69][gc,task     ] GC(560) Using 4 workers of 4 for evacuation
[2023-03-15T07:10:21.592+0000][69][gc,age      ] GC(560) Desired survivor size 6291456 bytes, new threshold 15 (max threshold 15)
[2023-03-15T07:10:21.601+0000][69][gc,phases   ] GC(560)   Pre Evacuate Collection Set: 0.9ms
[2023-03-15T07:10:21.602+0000][69][gc,phases   ] GC(560)   Merge Heap Roots: 0.4ms
[2023-03-15T07:10:21.603+0000][69][gc,phases   ] GC(560)   Evacuate Collection Set: 3.3ms
[2023-03-15T07:10:21.604+0000][69][gc,phases   ] GC(560)   Post Evacuate Collection Set: 1.3ms
[2023-03-15T07:10:21.605+0000][69][gc,phases   ] GC(560)   Other: 5.3ms
[2023-03-15T07:10:21.606+0000][69][gc,age      ] GC(560) Age table with threshold 15 (max threshold 15)
[2023-03-15T07:10:21.606+0000][69][gc,age      ] GC(560) - age   1:    1185192 bytes,    1185192 total
[2023-03-15T07:10:21.607+0000][69][gc,age      ] GC(560) - age   2:      11120 bytes,    1196312 total
[2023-03-15T07:10:21.608+0000][69][gc,age      ] GC(560) - age   3:       7416 bytes,    1203728 total
[2023-03-15T07:10:21.609+0000][69][gc,age      ] GC(560) - age   4:     114696 bytes,    1318424 total
[2023-03-15T07:10:21.609+0000][69][gc,age      ] GC(560) - age   5:       2824 bytes,    1321248 total
[2023-03-15T07:10:21.610+0000][69][gc,age      ] GC(560) - age   6:      20712 bytes,    1341960 total
[2023-03-15T07:10:21.611+0000][69][gc,age      ] GC(560) - age   7:       2160 bytes,    1344120 total
[2023-03-15T07:10:21.611+0000][69][gc,age      ] GC(560) - age   8:         88 bytes,    1344208 total
[2023-03-15T07:10:21.612+0000][69][gc,age      ] GC(560) - age   9:       2896 bytes,    1347104 total
[2023-03-15T07:10:21.613+0000][69][gc,age      ] GC(560) - age  10:      17000 bytes,    1364104 total
[2023-03-15T07:10:21.613+0000][69][gc,age      ] GC(560) - age  11:     420048 bytes,    1784152 total
[2023-03-15T07:10:21.614+0000][69][gc,age      ] GC(560) - age  12:       2088 bytes,    1786240 total
[2023-03-15T07:10:21.614+0000][69][gc,age      ] GC(560) - age  13:      29024 bytes,    1815264 total
[2023-03-15T07:10:21.615+0000][69][gc,age      ] GC(560) - age  14:      33840 bytes,    1849104 total
[2023-03-15T07:10:21.616+0000][69][gc,age      ] GC(560) - age  15:        184 bytes,    1849288 total
[2023-03-15T07:10:21.616+0000][69][gc,heap     ] GC(560) Eden regions: 23->0(23)
[2023-03-15T07:10:21.616+0000][69][gc,heap     ] GC(560) Survivor regions: 1->1(3)
[2023-03-15T07:10:21.617+0000][69][gc,heap     ] GC(560) Old regions: 25->25
[2023-03-15T07:10:21.617+0000][69][gc,heap     ] GC(560) Archive regions: 2->2
[2023-03-15T07:10:21.618+0000][69][gc,heap     ] GC(560) Humongous regions: 2->2
[2023-03-15T07:10:21.618+0000][69][gc,metaspace] GC(560) Metaspace: 139217K(142464K)->139217K(142464K) NonClass: 121573K(122752K)->121573K(122752K) Class: 17644K(19712K)->17644K(19712K)
[2023-03-15T07:10:21.619+0000][69][gc          ] GC(560) Pause Young (Concurrent Start) (G1 Evacuation Pause) 202M->110M(256M) 32.741ms
[2023-03-15T07:10:21.620+0000][69][gc,cpu      ] GC(560) User=0.02s Sys=0.00s Real=0.04s
[2023-03-15T07:10:21.621+0000][69][safepoint   ] Safepoint "G1CollectForAllocation", Time since last: 24368965999 ns, Reaching safepoint: 504632 ns, At safepoint: 33901232 ns, Total: 34405864 ns
[2023-03-15T07:10:21.620+0000][69][gc          ] GC(561) Concurrent Mark Cycle
[2023-03-15T07:10:21.623+0000][69][gc,marking  ] GC(561) Concurrent Clear Claimed Marks
[2023-03-15T07:10:21.624+0000][69][gc,marking  ] GC(561) Concurrent Clear Claimed Marks 1.101ms
[2023-03-15T07:10:21.625+0000][69][gc,marking  ] GC(561) Concurrent Scan Root Regions
[2023-03-15T07:10:21.628+0000][69][gc,marking  ] GC(561) Concurrent Scan Root Regions 3.337ms
[2023-03-15T07:10:21.629+0000][69][gc,marking  ] GC(561) Concurrent Mark
[2023-03-15T07:10:21.630+0000][69][gc,marking  ] GC(561) Concurrent Mark From Roots
[2023-03-15T07:10:21.631+0000][69][gc,task     ] GC(561) Using 1 workers of 1 for marking
[2023-03-15T07:10:21.729+0000][69][gc,marking  ] GC(561) Concurrent Mark From Roots 98.635ms
[2023-03-15T07:10:21.730+0000][69][gc,marking  ] GC(561) Concurrent Preclean
[2023-03-15T07:10:21.731+0000][69][gc,marking  ] GC(561) Concurrent Preclean 1.266ms
[2023-03-15T07:10:21.732+0000][69][gc,start    ] GC(561) Pause Remark
[2023-03-15T07:10:21.744+0000][69][gc          ] GC(561) Pause Remark 112M->112M(256M) 11.540ms
[2023-03-15T07:10:21.744+0000][69][gc,cpu      ] GC(561) User=0.03s Sys=0.00s Real=0.01s
[2023-03-15T07:10:21.745+0000][69][safepoint   ] Safepoint "G1PauseRemark", Time since last: 111314011 ns, Reaching safepoint: 135751 ns, At safepoint: 12952935 ns, Total: 13088686 ns
[2023-03-15T07:10:21.746+0000][69][gc,marking  ] GC(561) Concurrent Mark 116.181ms
[2023-03-15T07:10:21.746+0000][69][gc,marking  ] GC(561) Concurrent Rebuild Remembered Sets
[2023-03-15T07:10:21.797+0000][69][gc,marking  ] GC(561) Concurrent Rebuild Remembered Sets 51.186ms
[2023-03-15T07:10:21.799+0000][69][gc,start    ] GC(561) Pause Cleanup
[2023-03-15T07:10:21.800+0000][69][gc          ] GC(561) Pause Cleanup 112M->112M(256M) 0.835ms
[2023-03-15T07:10:21.800+0000][69][gc,cpu      ] GC(561) User=0.00s Sys=0.00s Real=0.00s
[2023-03-15T07:10:21.801+0000][69][safepoint   ] Safepoint "G1PauseCleanup", Time since last: 53785300 ns, Reaching safepoint: 121325 ns, At safepoint: 1928776 ns, Total: 2050101 ns
[2023-03-15T07:10:21.801+0000][69][gc,marking  ] GC(561) Concurrent Cleanup for Next Mark
[2023-03-15T07:10:21.802+0000][69][gc,marking  ] GC(561) Concurrent Cleanup for Next Mark 0.768ms
[2023-03-15T07:10:21.803+0000][69][gc          ] GC(561) Concurrent Mark Cycle 182.591ms
[2023-03-15T07:10:39.821+0000][69][safepoint   ] Safepoint "Cleanup", Time since last: 18020587196 ns, Reaching safepoint: 149312 ns, At safepoint: 10848 ns, Total: 160160 ns
[2023-03-15T07:10:41.827+0000][69][safepoint   ] Safepoint "Cleanup", Time since last: 2005162166 ns, Reaching safepoint: 149526 ns, At safepoint: 12766 ns, Total: 162292 ns
[2023-03-15T07:10:46.815+0000][69][safepoint   ] Safepoint "Cleanup", Time since last: 5008896513 ns, Reaching safepoint: 636395 ns, At safepoint: 38093 ns, Total: 674488 ns
[2023-03-15T07:10:51.437+0000][69][gc,start    ] GC(562) Pause Young (Normal) (G1 Evacuation Pause)
[2023-03-15T07:10:51.438+0000][69][gc,task     ] GC(562) Using 4 workers of 4 for evacuation
[2023-03-15T07:10:51.439+0000][69][gc,age      ] GC(562) Desired survivor size 6291456 bytes, new threshold 15 (max threshold 15)
[2023-03-15T07:10:51.444+0000][69][gc,phases   ] GC(562)   Pre Evacuate Collection Set: 0.1ms
[2023-03-15T07:10:51.444+0000][69][gc,phases   ] GC(562)   Merge Heap Roots: 0.1ms
[2023-03-15T07:10:51.445+0000][69][gc,phases   ] GC(562)   Evacuate Collection Set: 3.3ms
[2023-03-15T07:10:51.445+0000][69][gc,phases   ] GC(562)   Post Evacuate Collection Set: 0.8ms
[2023-03-15T07:10:51.446+0000][69][gc,phases   ] GC(562)   Other: 1.1ms
[2023-03-15T07:10:51.447+0000][69][gc,age      ] GC(562) Age table with threshold 15 (max threshold 15)
[2023-03-15T07:10:51.448+0000][69][gc,age      ] GC(562) - age   1:    1331360 bytes,    1331360 total
[2023-03-15T07:10:51.448+0000][69][gc,age      ] GC(562) - age   2:       1096 bytes,    1332456 total
[2023-03-15T07:10:51.448+0000][69][gc,age      ] GC(562) - age   3:       4912 bytes,    1337368 total
[2023-03-15T07:10:51.449+0000][69][gc,age      ] GC(562) - age   4:       2976 bytes,    1340344 total
[2023-03-15T07:10:51.449+0000][69][gc,age      ] GC(562) - age   5:      82712 bytes,    1423056 total
[2023-03-15T07:10:51.450+0000][69][gc,age      ] GC(562) - age   6:       2808 bytes,    1425864 total
[2023-03-15T07:10:51.450+0000][69][gc,age      ] GC(562) - age   7:       4304 bytes,    1430168 total
[2023-03-15T07:10:51.450+0000][69][gc,age      ] GC(562) - age   8:       2160 bytes,    1432328 total
[2023-03-15T07:10:51.451+0000][69][gc,age      ] GC(562) - age   9:         88 bytes,    1432416 total
[2023-03-15T07:10:51.451+0000][69][gc,age      ] GC(562) - age  10:       2896 bytes,    1435312 total
[2023-03-15T07:10:51.452+0000][69][gc,age      ] GC(562) - age  11:       1248 bytes,    1436560 total
[2023-03-15T07:10:51.452+0000][69][gc,age      ] GC(562) - age  12:     322776 bytes,    1759336 total
[2023-03-15T07:10:51.452+0000][69][gc,age      ] GC(562) - age  13:       2056 bytes,    1761392 total
[2023-03-15T07:10:51.453+0000][69][gc,age      ] GC(562) - age  14:        456 bytes,    1761848 total
[2023-03-15T07:10:51.453+0000][69][gc,age      ] GC(562) - age  15:       9184 bytes,    1771032 total
[2023-03-15T07:10:51.454+0000][69][gc,heap     ] GC(562) Eden regions: 23->0(23)
[2023-03-15T07:10:51.455+0000][69][gc,heap     ] GC(562) Survivor regions: 1->1(3)
[2023-03-15T07:10:51.455+0000][69][gc,heap     ] GC(562) Old regions: 25->25
[2023-03-15T07:10:51.456+0000][69][gc,heap     ] GC(562) Archive regions: 2->2
[2023-03-15T07:10:51.456+0000][69][gc,heap     ] GC(562) Humongous regions: 2->2
[2023-03-15T07:10:51.457+0000][69][gc,metaspace] GC(562) Metaspace: 139218K(142464K)->139218K(142464K) NonClass: 121574K(122752K)->121574K(122752K) Class: 17644K(19712K)->17644K(19712K)
[2023-03-15T07:10:51.457+0000][69][gc          ] GC(562) Pause Young (Normal) (G1 Evacuation Pause) 202M->110M(256M) 19.832ms
[2023-03-15T07:10:51.458+0000][69][gc,cpu      ] GC(562) User=0.01s Sys=0.00s Real=0.02s
[2023-03-15T07:10:51.458+0000][69][safepoint   ] Safepoint "G1CollectForAllocation", Time since last: 4621728799 ns, Reaching safepoint: 179584 ns, At safepoint: 20725159 ns, Total: 20904743 ns
[2023-03-15T07:10:57.463+0000][69][safepoint   ] Safepoint "Cleanup", Time since last: 6004472566 ns, Reaching safepoint: 177207 ns, At safepoint: 4781 ns, Total: 181988 ns
[2023-03-15T07:10:58.465+0000][69][safepoint   ] Safepoint "Cleanup", Time since last: 1002102762 ns, Reaching safepoint: 183735 ns, At safepoint: 21050 ns, Total: 204785 ns
[2023-03-15T07:11:06.474+0000][69][safepoint   ] Safepoint "Cleanup", Time since last: 8008825764 ns, Reaching safepoint: 195362 ns, At safepoint: 13303 ns, Total: 208665 ns
[2023-03-15T07:11:22.020+0000][69][gc,start    ] GC(563) Pause Young (Concurrent Start) (G1 Evacuation Pause)
[2023-03-15T07:11:22.021+0000][69][gc,task     ] GC(563) Using 4 workers of 4 for evacuation
[2023-03-15T07:11:22.022+0000][69][gc,age      ] GC(563) Desired survivor size 6291456 bytes, new threshold 15 (max threshold 15)
[2023-03-15T07:11:22.029+0000][69][gc,phases   ] GC(563)   Pre Evacuate Collection Set: 0.4ms
[2023-03-15T07:11:22.030+0000][69][gc,phases   ] GC(563)   Merge Heap Roots: 0.1ms
[2023-03-15T07:11:22.031+0000][69][gc,phases   ] GC(563)   Evacuate Collection Set: 3.7ms
[2023-03-15T07:11:22.031+0000][69][gc,phases   ] GC(563)   Post Evacuate Collection Set: 1.2ms
[2023-03-15T07:11:22.032+0000][69][gc,phases   ] GC(563)   Other: 2.1ms
[2023-03-15T07:11:22.033+0000][69][gc,age      ] GC(563) Age table with threshold 15 (max threshold 15)
[2023-03-15T07:11:22.034+0000][69][gc,age      ] GC(563) - age   1:    1565512 bytes,    1565512 total
[2023-03-15T07:11:22.035+0000][69][gc,age      ] GC(563) - age   2:     169296 bytes,    1734808 total
[2023-03-15T07:11:22.035+0000][69][gc,age      ] GC(563) - age   3:        528 bytes,    1735336 total
[2023-03-15T07:11:22.036+0000][69][gc,age      ] GC(563) - age   4:       4464 bytes,    1739800 total
[2023-03-15T07:11:22.037+0000][69][gc,age      ] GC(563) - age   5:       2944 bytes,    1742744 total
[2023-03-15T07:11:22.038+0000][69][gc,age      ] GC(563) - age   6:      82680 bytes,    1825424 total
[2023-03-15T07:11:22.038+0000][69][gc,age      ] GC(563) - age   7:       2744 bytes,    1828168 total
[2023-03-15T07:11:22.039+0000][69][gc,age      ] GC(563) - age   8:       4304 bytes,    1832472 total
[2023-03-15T07:11:22.040+0000][69][gc,age      ] GC(563) - age   9:       2160 bytes,    1834632 total
[2023-03-15T07:11:22.040+0000][69][gc,age      ] GC(563) - age  10:         88 bytes,    1834720 total
[2023-03-15T07:11:22.041+0000][69][gc,age      ] GC(563) - age  11:       2896 bytes,    1837616 total
[2023-03-15T07:11:22.041+0000][69][gc,age      ] GC(563) - age  12:       1152 bytes,    1838768 total
[2023-03-15T07:11:22.042+0000][69][gc,age      ] GC(563) - age  13:     322712 bytes,    2161480 total
[2023-03-15T07:11:22.042+0000][69][gc,age      ] GC(563) - age  14:       2056 bytes,    2163536 total
[2023-03-15T07:11:22.043+0000][69][gc,age      ] GC(563) - age  15:        456 bytes,    2163992 total
[2023-03-15T07:11:22.043+0000][69][gc,heap     ] GC(563) Eden regions: 23->0(23)
[2023-03-15T07:11:22.044+0000][69][gc,heap     ] GC(563) Survivor regions: 1->1(3)
[2023-03-15T07:11:22.044+0000][69][gc,heap     ] GC(563) Old regions: 25->25
[2023-03-15T07:11:22.045+0000][69][gc,heap     ] GC(563) Archive regions: 2->2
[2023-03-15T07:11:22.045+0000][69][gc,heap     ] GC(563) Humongous regions: 2->2
[2023-03-15T07:11:22.045+0000][69][gc,metaspace] GC(563) Metaspace: 139218K(142464K)->139218K(142464K) NonClass: 121574K(122752K)->121574K(122752K) Class: 17644K(19712K)->17644K(19712K)
[2023-03-15T07:11:22.046+0000][69][gc          ] GC(563) Pause Young (Concurrent Start) (G1 Evacuation Pause) 202M->111M(256M) 25.909ms
[2023-03-15T07:11:22.046+0000][69][gc,cpu      ] GC(563) User=0.01s Sys=0.00s Real=0.03s
[2023-03-15T07:11:22.046+0000][69][gc          ] GC(564) Concurrent Mark Cycle
[2023-03-15T07:11:22.047+0000][69][gc,marking  ] GC(564) Concurrent Clear Claimed Marks
[2023-03-15T07:11:22.047+0000][69][safepoint   ] Safepoint "G1CollectForAllocation", Time since last: 15567931227 ns, Reaching safepoint: 109135 ns, At safepoint: 27031783 ns, Total: 27140918 ns
[2023-03-15T07:11:22.048+0000][69][gc,marking  ] GC(564) Concurrent Clear Claimed Marks 0.746ms
[2023-03-15T07:11:22.049+0000][69][gc,marking  ] GC(564) Concurrent Scan Root Regions
[2023-03-15T07:11:22.052+0000][69][gc,marking  ] GC(564) Concurrent Scan Root Regions 2.983ms
[2023-03-15T07:11:22.053+0000][69][gc,marking  ] GC(564) Concurrent Mark
[2023-03-15T07:11:22.053+0000][69][gc,marking  ] GC(564) Concurrent Mark From Roots
[2023-03-15T07:11:22.054+0000][69][gc,task     ] GC(564) Using 1 workers of 1 for marking
[2023-03-15T07:11:22.185+0000][69][gc,marking  ] GC(564) Concurrent Mark From Roots 132.401ms
[2023-03-15T07:11:22.186+0000][69][gc,marking  ] GC(564) Concurrent Preclean
[2023-03-15T07:11:22.187+0000][69][gc,marking  ] GC(564) Concurrent Preclean 0.988ms
[2023-03-15T07:11:22.188+0000][69][gc,start    ] GC(564) Pause Remark
[2023-03-15T07:11:22.198+0000][69][gc          ] GC(564) Pause Remark 113M->113M(256M) 9.578ms
[2023-03-15T07:11:22.199+0000][69][gc,cpu      ] GC(564) User=0.04s Sys=0.00s Real=0.01s
[2023-03-15T07:11:22.199+0000][69][safepoint   ] Safepoint "G1PauseRemark", Time since last: 141041042 ns, Reaching safepoint: 415383 ns, At safepoint: 11132255 ns, Total: 11547638 ns
[2023-03-15T07:11:22.201+0000][69][gc,marking  ] GC(564) Concurrent Mark 148.311ms
[2023-03-15T07:11:22.202+0000][69][gc,marking  ] GC(564) Concurrent Rebuild Remembered Sets
[2023-03-15T07:11:22.264+0000][69][gc,marking  ] GC(564) Concurrent Rebuild Remembered Sets 62.392ms
[2023-03-15T07:11:22.266+0000][69][gc,start    ] GC(564) Pause Cleanup
[2023-03-15T07:11:22.266+0000][69][gc          ] GC(564) Pause Cleanup 113M->113M(256M) 0.848ms
[2023-03-15T07:11:22.268+0000][69][gc,cpu      ] GC(564) User=0.00s Sys=0.00s Real=0.00s
[2023-03-15T07:11:22.268+0000][69][safepoint   ] Safepoint "G1PauseCleanup", Time since last: 65972943 ns, Reaching safepoint: 123593 ns, At safepoint: 2912927 ns, Total: 3036520 ns
[2023-03-15T07:11:22.269+0000][69][gc,marking  ] GC(564) Concurrent Cleanup for Next Mark
[2023-03-15T07:11:22.270+0000][69][gc,marking  ] GC(564) Concurrent Cleanup for Next Mark 1.072ms
[2023-03-15T07:11:22.271+0000][69][gc          ] GC(564) Concurrent Mark Cycle 224.296ms
[2023-03-15T07:11:26.273+0000][69][safepoint   ] Safepoint "Cleanup", Time since last: 4003946754 ns, Reaching safepoint: 368416 ns, At safepoint: 7285 ns, Total: 375701 ns
[2023-03-15T07:11:39.286+0000][69][safepoint   ] Safepoint "Cleanup", Time since last: 13012859691 ns, Reaching safepoint: 371902 ns, At safepoint: 15947 ns, Total: 387849 ns
[2023-03-15T07:11:40.288+0000][69][safepoint   ] Safepoint "Cleanup", Time since last: 1001344014 ns, Reaching safepoint: 222884 ns, At safepoint: 5243 ns, Total: 228127 ns
[2023-03-15T07:11:45.541+0000][69][gc,start    ] GC(565) Pause Young (Normal) (G1 Evacuation Pause)
[2023-03-15T07:11:45.542+0000][69][gc,task     ] GC(565) Using 4 workers of 4 for evacuation
[2023-03-15T07:11:45.543+0000][69][gc,age      ] GC(565) Desired survivor size 6291456 bytes, new threshold 15 (max threshold 15)
[2023-03-15T07:11:45.546+0000][69][gc,phases   ] GC(565)   Pre Evacuate Collection Set: 0.2ms
[2023-03-15T07:11:45.547+0000][69][gc,phases   ] GC(565)   Merge Heap Roots: 0.1ms
[2023-03-15T07:11:45.548+0000][69][gc,phases   ] GC(565)   Evacuate Collection Set: 1.6ms
[2023-03-15T07:11:45.548+0000][69][gc,phases   ] GC(565)   Post Evacuate Collection Set: 0.9ms
[2023-03-15T07:11:45.549+0000][69][gc,phases   ] GC(565)   Other: 1.3ms
[2023-03-15T07:11:45.550+0000][69][gc,age      ] GC(565) Age table with threshold 15 (max threshold 15)
[2023-03-15T07:11:45.550+0000][69][gc,age      ] GC(565) - age   1:    2220856 bytes,    2220856 total
[2023-03-15T07:11:45.551+0000][69][gc,age      ] GC(565) - age   2:      17064 bytes,    2237920 total
[2023-03-15T07:11:45.551+0000][69][gc,age      ] GC(565) - age   3:     163736 bytes,    2401656 total
[2023-03-15T07:11:45.552+0000][69][gc,age      ] GC(565) - age   4:        400 bytes,    2402056 total
[2023-03-15T07:11:45.552+0000][69][gc,age      ] GC(565) - age   5:       4464 bytes,    2406520 total
[2023-03-15T07:11:45.552+0000][69][gc,age      ] GC(565) - age   6:       2944 bytes,    2409464 total
[2023-03-15T07:11:45.553+0000][69][gc,age      ] GC(565) - age   7:      50248 bytes,    2459712 total
[2023-03-15T07:11:45.553+0000][69][gc,age      ] GC(565) - age   8:       2448 bytes,    2462160 total
[2023-03-15T07:11:45.554+0000][69][gc,age      ] GC(565) - age   9:       4304 bytes,    2466464 total
[2023-03-15T07:11:45.554+0000][69][gc,age      ] GC(565) - age  10:       2160 bytes,    2468624 total
[2023-03-15T07:11:45.554+0000][69][gc,age      ] GC(565) - age  11:         88 bytes,    2468712 total
[2023-03-15T07:11:45.555+0000][69][gc,age      ] GC(565) - age  12:       2896 bytes,    2471608 total
[2023-03-15T07:11:45.555+0000][69][gc,age      ] GC(565) - age  13:       1152 bytes,    2472760 total
[2023-03-15T07:11:45.556+0000][69][gc,age      ] GC(565) - age  14:     322344 bytes,    2795104 total
[2023-03-15T07:11:45.556+0000][69][gc,age      ] GC(565) - age  15:       2056 bytes,    2797160 total
[2023-03-15T07:11:45.557+0000][69][gc,heap     ] GC(565) Eden regions: 23->0(22)
[2023-03-15T07:11:45.558+0000][69][gc,heap     ] GC(565) Survivor regions: 1->1(3)
[2023-03-15T07:11:45.558+0000][69][gc,heap     ] GC(565) Old regions: 25->25
[2023-03-15T07:11:45.559+0000][69][gc,heap     ] GC(565) Archive regions: 2->2
[2023-03-15T07:11:45.559+0000][69][gc,heap     ] GC(565) Humongous regions: 2->2
[2023-03-15T07:11:45.560+0000][69][gc,metaspace] GC(565) Metaspace: 139222K(142464K)->139222K(142464K) NonClass: 121578K(122752K)->121578K(122752K) Class: 17644K(19712K)->17644K(19712K)
[2023-03-15T07:11:45.560+0000][69][gc          ] GC(565) Pause Young (Normal) (G1 Evacuation Pause) 203M->111M(256M) 19.290ms
[2023-03-15T07:11:45.561+0000][69][gc,cpu      ] GC(565) User=0.01s Sys=0.00s Real=0.02s
[2023-03-15T07:11:45.561+0000][69][safepoint   ] Safepoint "G1CollectForAllocation", Time since last: 5276447106 ns, Reaching safepoint: 368200 ns, At safepoint: 20252841 ns, Total: 20621041 ns
[2023-03-15T07:12:00.574+0000][69][safepoint   ] Safepoint "Cleanup", Time since last: 15012591371 ns, Reaching safepoint: 410135 ns, At safepoint: 10826 ns, Total: 420961 ns
[2023-03-15T07:12:01.578+0000][69][safepoint   ] Safepoint "Cleanup", Time since last: 1003482693 ns, Reaching safepoint: 441781 ns, At safepoint: 13600 ns, Total: 455381 ns
[2023-03-15T07:12:15.567+0000][69][safepoint   ] Safepoint "Cleanup", Time since last: 14011953178 ns, Reaching safepoint: 196777 ns, At safepoint: 7339 ns, Total: 204116 ns
[2023-03-15T07:12:15.805+0000][69][gc,start    ] GC(566) Pause Young (Concurrent Start) (G1 Evacuation Pause)
[2023-03-15T07:12:15.806+0000][69][gc,task     ] GC(566) Using 4 workers of 4 for evacuation
[2023-03-15T07:12:15.806+0000][69][gc,age      ] GC(566) Desired survivor size 6291456 bytes, new threshold 15 (max threshold 15)
[2023-03-15T07:12:15.811+0000][69][gc,phases   ] GC(566)   Pre Evacuate Collection Set: 0.3ms
[2023-03-15T07:12:15.812+0000][69][gc,phases   ] GC(566)   Merge Heap Roots: 0.1ms
[2023-03-15T07:12:15.812+0000][69][gc,phases   ] GC(566)   Evacuate Collection Set: 2.5ms
[2023-03-15T07:12:15.813+0000][69][gc,phases   ] GC(566)   Post Evacuate Collection Set: 1.0ms
[2023-03-15T07:12:15.814+0000][69][gc,phases   ] GC(566)   Other: 1.1ms
[2023-03-15T07:12:15.814+0000][69][gc,age      ] GC(566) Age table with threshold 15 (max threshold 15)
[2023-03-15T07:12:15.815+0000][69][gc,age      ] GC(566) - age   1:     362840 bytes,     362840 total
[2023-03-15T07:12:15.815+0000][69][gc,age      ] GC(566) - age   2:      26224 bytes,     389064 total
[2023-03-15T07:12:15.816+0000][69][gc,age      ] GC(566) - age   3:      15872 bytes,     404936 total
[2023-03-15T07:12:15.816+0000][69][gc,age      ] GC(566) - age   4:     159160 bytes,     564096 total
[2023-03-15T07:12:15.817+0000][69][gc,age      ] GC(566) - age   5:        336 bytes,     564432 total
[2023-03-15T07:12:15.817+0000][69][gc,age      ] GC(566) - age   6:       4040 bytes,     568472 total
[2023-03-15T07:12:15.818+0000][69][gc,age      ] GC(566) - age   7:       2944 bytes,     571416 total
[2023-03-15T07:12:15.818+0000][69][gc,age      ] GC(566) - age   8:      50248 bytes,     621664 total
[2023-03-15T07:12:15.818+0000][69][gc,age      ] GC(566) - age   9:       2448 bytes,     624112 total
[2023-03-15T07:12:15.819+0000][69][gc,age      ] GC(566) - age  10:       4304 bytes,     628416 total
[2023-03-15T07:12:15.819+0000][69][gc,age      ] GC(566) - age  11:       2160 bytes,     630576 total
[2023-03-15T07:12:15.820+0000][69][gc,age      ] GC(566) - age  12:         88 bytes,     630664 total
[2023-03-15T07:12:15.820+0000][69][gc,age      ] GC(566) - age  13:       2896 bytes,     633560 total
[2023-03-15T07:12:15.820+0000][69][gc,age      ] GC(566) - age  14:       1152 bytes,     634712 total
[2023-03-15T07:12:15.821+0000][69][gc,age      ] GC(566) - age  15:     322344 bytes,     957056 total
[2023-03-15T07:12:15.821+0000][69][gc,heap     ] GC(566) Eden regions: 22->0(23)
[2023-03-15T07:12:15.822+0000][69][gc,heap     ] GC(566) Survivor regions: 1->1(3)
[2023-03-15T07:12:15.822+0000][69][gc,heap     ] GC(566) Old regions: 25->25
[2023-03-15T07:12:15.822+0000][69][gc,heap     ] GC(566) Archive regions: 2->2
[2023-03-15T07:12:15.823+0000][69][gc,heap     ] GC(566) Humongous regions: 2->2
[2023-03-15T07:12:15.823+0000][69][gc,metaspace] GC(566) Metaspace: 139222K(142464K)->139222K(142464K) NonClass: 121578K(122752K)->121578K(122752K) Class: 17644K(19712K)->17644K(19712K)
[2023-03-15T07:12:15.824+0000][69][gc          ] GC(566) Pause Young (Concurrent Start) (G1 Evacuation Pause) 199M->110M(256M) 19.240ms
[2023-03-15T07:12:15.825+0000][69][gc,cpu      ] GC(566) User=0.01s Sys=0.01s Real=0.02s
[2023-03-15T07:12:15.825+0000][69][gc          ] GC(567) Concurrent Mark Cycle
[2023-03-15T07:12:15.826+0000][69][safepoint   ] Safepoint "G1CollectForAllocation", Time since last: 237278340 ns, Reaching safepoint: 185526 ns, At safepoint: 21161887 ns, Total: 21347413 ns
[2023-03-15T07:12:15.827+0000][69][gc,marking  ] GC(567) Concurrent Clear Claimed Marks
[2023-03-15T07:12:15.828+0000][69][gc,marking  ] GC(567) Concurrent Clear Claimed Marks 1.743ms
[2023-03-15T07:12:15.829+0000][69][gc,marking  ] GC(567) Concurrent Scan Root Regions
[2023-03-15T07:12:15.832+0000][69][gc,marking  ] GC(567) Concurrent Scan Root Regions 2.826ms
[2023-03-15T07:12:15.833+0000][69][gc,marking  ] GC(567) Concurrent Mark
[2023-03-15T07:12:15.833+0000][69][gc,marking  ] GC(567) Concurrent Mark From Roots
[2023-03-15T07:12:15.834+0000][69][gc,task     ] GC(567) Using 1 workers of 1 for marking
[2023-03-15T07:12:15.967+0000][69][gc,marking  ] GC(567) Concurrent Mark From Roots 134.239ms
[2023-03-15T07:12:15.968+0000][69][gc,marking  ] GC(567) Concurrent Preclean
[2023-03-15T07:12:15.969+0000][69][gc,marking  ] GC(567) Concurrent Preclean 0.995ms
[2023-03-15T07:12:15.969+0000][69][gc,start    ] GC(567) Pause Remark
[2023-03-15T07:12:15.984+0000][69][gc          ] GC(567) Pause Remark 111M->111M(256M) 14.712ms
[2023-03-15T07:12:15.985+0000][69][gc,cpu      ] GC(567) User=0.04s Sys=0.00s Real=0.01s
[2023-03-15T07:12:15.986+0000][69][safepoint   ] Safepoint "G1PauseRemark", Time since last: 143316495 ns, Reaching safepoint: 75717 ns, At safepoint: 16345072 ns, Total: 16420789 ns
[2023-03-15T07:12:15.986+0000][69][gc,marking  ] GC(567) Concurrent Mark 153.821ms
[2023-03-15T07:12:15.987+0000][69][gc,marking  ] GC(567) Concurrent Rebuild Remembered Sets
[2023-03-15T07:12:16.094+0000][69][gc,marking  ] GC(567) Concurrent Rebuild Remembered Sets 106.905ms
[2023-03-15T07:12:16.095+0000][69][gc,start    ] GC(567) Pause Cleanup
[2023-03-15T07:12:16.096+0000][69][gc          ] GC(567) Pause Cleanup 112M->112M(256M) 1.144ms
[2023-03-15T07:12:16.097+0000][69][gc,cpu      ] GC(567) User=0.00s Sys=0.00s Real=0.00s
[2023-03-15T07:12:16.098+0000][69][safepoint   ] Safepoint "G1PauseCleanup", Time since last: 109095747 ns, Reaching safepoint: 242147 ns, At safepoint: 2824675 ns, Total: 3066822 ns
[2023-03-15T07:12:16.099+0000][69][gc,marking  ] GC(567) Concurrent Cleanup for Next Mark
[2023-03-15T07:12:16.099+0000][69][gc,marking  ] GC(567) Concurrent Cleanup for Next Mark 0.760ms
[2023-03-15T07:12:16.100+0000][69][gc          ] GC(567) Concurrent Mark Cycle 275.020ms
[2023-03-15T07:12:30.111+0000][69][safepoint   ] Safepoint "Cleanup", Time since last: 14013134124 ns, Reaching safepoint: 251042 ns, At safepoint: 10062 ns, Total: 261104 ns
[2023-03-15T07:12:45.370+0000][69][gc,start    ] GC(568) Pause Young (Normal) (G1 Evacuation Pause)
[2023-03-15T07:12:45.371+0000][69][gc,task     ] GC(568) Using 4 workers of 4 for evacuation
[2023-03-15T07:12:45.371+0000][69][gc,age      ] GC(568) Desired survivor size 6291456 bytes, new threshold 15 (max threshold 15)
[2023-03-15T07:12:45.374+0000][69][gc,phases   ] GC(568)   Pre Evacuate Collection Set: 0.1ms
[2023-03-15T07:12:45.375+0000][69][gc,phases   ] GC(568)   Merge Heap Roots: 0.1ms
[2023-03-15T07:12:45.376+0000][69][gc,phases   ] GC(568)   Evacuate Collection Set: 1.5ms
[2023-03-15T07:12:45.376+0000][69][gc,phases   ] GC(568)   Post Evacuate Collection Set: 0.8ms
[2023-03-15T07:12:45.377+0000][69][gc,phases   ] GC(568)   Other: 1.1ms
[2023-03-15T07:12:45.377+0000][69][gc,age      ] GC(568) Age table with threshold 15 (max threshold 15)
[2023-03-15T07:12:45.378+0000][69][gc,age      ] GC(568) - age   1:     831128 bytes,     831128 total
[2023-03-15T07:12:45.378+0000][69][gc,age      ] GC(568) - age   2:       2448 bytes,     833576 total
[2023-03-15T07:12:45.379+0000][69][gc,age      ] GC(568) - age   3:      21304 bytes,     854880 total
[2023-03-15T07:12:45.379+0000][69][gc,age      ] GC(568) - age   4:      15264 bytes,     870144 total
[2023-03-15T07:12:45.380+0000][69][gc,age      ] GC(568) - age   5:     159160 bytes,    1029304 total
[2023-03-15T07:12:45.380+0000][69][gc,age      ] GC(568) - age   6:        336 bytes,    1029640 total
[2023-03-15T07:12:45.381+0000][69][gc,age      ] GC(568) - age   7:       4040 bytes,    1033680 total
[2023-03-15T07:12:45.381+0000][69][gc,age      ] GC(568) - age   8:       2944 bytes,    1036624 total
[2023-03-15T07:12:45.382+0000][69][gc,age      ] GC(568) - age   9:      50248 bytes,    1086872 total
[2023-03-15T07:12:45.382+0000][69][gc,age      ] GC(568) - age  10:       2448 bytes,    1089320 total
[2023-03-15T07:12:45.383+0000][69][gc,age      ] GC(568) - age  11:       4304 bytes,    1093624 total
[2023-03-15T07:12:45.383+0000][69][gc,age      ] GC(568) - age  12:       2160 bytes,    1095784 total
[2023-03-15T07:12:45.383+0000][69][gc,age      ] GC(568) - age  13:         88 bytes,    1095872 total
[2023-03-15T07:12:45.384+0000][69][gc,age      ] GC(568) - age  14:       2896 bytes,    1098768 total
[2023-03-15T07:12:45.384+0000][69][gc,age      ] GC(568) - age  15:       1152 bytes,    1099920 total
[2023-03-15T07:12:45.385+0000][69][gc,heap     ] GC(568) Eden regions: 23->0(23)
[2023-03-15T07:12:45.385+0000][69][gc,heap     ] GC(568) Survivor regions: 1->1(3)
[2023-03-15T07:12:45.385+0000][69][gc,heap     ] GC(568) Old regions: 25->25
[2023-03-15T07:12:45.386+0000][69][gc,heap     ] GC(568) Archive regions: 2->2
[2023-03-15T07:12:45.386+0000][69][gc,heap     ] GC(568) Humongous regions: 2->2
[2023-03-15T07:12:45.387+0000][69][gc,metaspace] GC(568) Metaspace: 139230K(142464K)->139230K(142464K) NonClass: 121586K(122752K)->121586K(122752K) Class: 17644K(19712K)->17644K(19712K)
[2023-03-15T07:12:45.387+0000][69][gc          ] GC(568) Pause Young (Normal) (G1 Evacuation Pause) 202M->110M(256M) 17.186ms
[2023-03-15T07:12:45.387+0000][69][gc,cpu      ] GC(568) User=0.00s Sys=0.00s Real=0.02s
[2023-03-15T07:12:45.388+0000][69][safepoint   ] Safepoint "G1CollectForAllocation", Time since last: 15279871814 ns, Reaching safepoint: 148782 ns, At safepoint: 18095567 ns, Total: 18244349 ns
[2023-03-15T07:13:16.437+0000][69][gc,start    ] GC(569) Pause Young (Concurrent Start) (G1 Evacuation Pause)
[2023-03-15T07:13:16.437+0000][69][gc,task     ] GC(569) Using 4 workers of 4 for evacuation
[2023-03-15T07:13:16.438+0000][69][gc,age      ] GC(569) Desired survivor size 6291456 bytes, new threshold 15 (max threshold 15)
[2023-03-15T07:13:16.441+0000][69][gc,phases   ] GC(569)   Pre Evacuate Collection Set: 0.3ms
[2023-03-15T07:13:16.442+0000][69][gc,phases   ] GC(569)   Merge Heap Roots: 0.1ms
[2023-03-15T07:13:16.442+0000][69][gc,phases   ] GC(569)   Evacuate Collection Set: 1.4ms
[2023-03-15T07:13:16.442+0000][69][gc,phases   ] GC(569)   Post Evacuate Collection Set: 0.7ms
[2023-03-15T07:13:16.443+0000][69][gc,phases   ] GC(569)   Other: 1.1ms
[2023-03-15T07:13:16.444+0000][69][gc,age      ] GC(569) Age table with threshold 15 (max threshold 15)
[2023-03-15T07:13:16.445+0000][69][gc,age      ] GC(569) - age   1:     963448 bytes,     963448 total
[2023-03-15T07:13:16.446+0000][69][gc,age      ] GC(569) - age   2:       7536 bytes,     970984 total
[2023-03-15T07:13:16.446+0000][69][gc,age      ] GC(569) - age   3:        592 bytes,     971576 total
[2023-03-15T07:13:16.446+0000][69][gc,age      ] GC(569) - age   4:      20856 bytes,     992432 total
[2023-03-15T07:13:16.447+0000][69][gc,age      ] GC(569) - age   5:      15200 bytes,    1007632 total
[2023-03-15T07:13:16.447+0000][69][gc,age      ] GC(569) - age   6:     159160 bytes,    1166792 total
[2023-03-15T07:13:16.448+0000][69][gc,age      ] GC(569) - age   7:        336 bytes,    1167128 total
[2023-03-15T07:13:16.448+0000][69][gc,age      ] GC(569) - age   8:       4040 bytes,    1171168 total
[2023-03-15T07:13:16.448+0000][69][gc,age      ] GC(569) - age   9:       2944 bytes,    1174112 total
[2023-03-15T07:13:16.449+0000][69][gc,age      ] GC(569) - age  10:      50248 bytes,    1224360 total
[2023-03-15T07:13:16.450+0000][69][gc,age      ] GC(569) - age  11:       2448 bytes,    1226808 total
[2023-03-15T07:13:16.450+0000][69][gc,age      ] GC(569) - age  12:       4096 bytes,    1230904 total
[2023-03-15T07:13:16.450+0000][69][gc,age      ] GC(569) - age  13:       2160 bytes,    1233064 total
[2023-03-15T07:13:16.451+0000][69][gc,age      ] GC(569) - age  14:         88 bytes,    1233152 total
[2023-03-15T07:13:16.452+0000][69][gc,age      ] GC(569) - age  15:       2896 bytes,    1236048 total
[2023-03-15T07:13:16.452+0000][69][gc,heap     ] GC(569) Eden regions: 23->0(23)
[2023-03-15T07:13:16.453+0000][69][gc,heap     ] GC(569) Survivor regions: 1->1(3)
[2023-03-15T07:13:16.454+0000][69][gc,heap     ] GC(569) Old regions: 25->25
[2023-03-15T07:13:16.455+0000][69][gc,heap     ] GC(569) Archive regions: 2->2
[2023-03-15T07:13:16.455+0000][69][gc,heap     ] GC(569) Humongous regions: 2->2
[2023-03-15T07:13:16.455+0000][69][gc,metaspace] GC(569) Metaspace: 139230K(142464K)->139230K(142464K) NonClass: 121586K(122752K)->121586K(122752K) Class: 17644K(19712K)->17644K(19712K)
[2023-03-15T07:13:16.456+0000][69][gc          ] GC(569) Pause Young (Concurrent Start) (G1 Evacuation Pause) 202M->110M(256M) 19.229ms
[2023-03-15T07:13:16.457+0000][69][gc          ] GC(570) Concurrent Mark Cycle
[2023-03-15T07:13:16.457+0000][69][gc,cpu      ] GC(569) User=0.01s Sys=0.00s Real=0.02s
[2023-03-15T07:13:16.457+0000][69][gc,marking  ] GC(570) Concurrent Clear Claimed Marks
[2023-03-15T07:13:16.458+0000][69][safepoint   ] Safepoint "G1CollectForAllocation", Time since last: 31070644493 ns, Reaching safepoint: 216089 ns, At safepoint: 20978130 ns, Total: 21194219 ns
[2023-03-15T07:13:16.458+0000][69][gc,marking  ] GC(570) Concurrent Clear Claimed Marks 1.415ms
[2023-03-15T07:13:16.460+0000][69][gc,marking  ] GC(570) Concurrent Scan Root Regions
[2023-03-15T07:13:16.463+0000][69][gc,marking  ] GC(570) Concurrent Scan Root Regions 3.130ms
[2023-03-15T07:13:16.463+0000][69][gc,marking  ] GC(570) Concurrent Mark
[2023-03-15T07:13:16.464+0000][69][gc,marking  ] GC(570) Concurrent Mark From Roots
[2023-03-15T07:13:16.464+0000][69][gc,task     ] GC(570) Using 1 workers of 1 for marking
[2023-03-15T07:13:16.607+0000][69][gc,marking  ] GC(570) Concurrent Mark From Roots 142.993ms
[2023-03-15T07:13:16.608+0000][69][gc,marking  ] GC(570) Concurrent Preclean
[2023-03-15T07:13:16.608+0000][69][gc,marking  ] GC(570) Concurrent Preclean 0.799ms
[2023-03-15T07:13:16.609+0000][69][gc,start    ] GC(570) Pause Remark
[2023-03-15T07:13:16.621+0000][69][gc          ] GC(570) Pause Remark 111M->111M(256M) 12.012ms
[2023-03-15T07:13:16.623+0000][69][gc,cpu      ] GC(570) User=0.03s Sys=0.00s Real=0.01s
[2023-03-15T07:13:16.623+0000][69][safepoint   ] Safepoint "G1PauseRemark", Time since last: 151427914 ns, Reaching safepoint: 120740 ns, At safepoint: 14156116 ns, Total: 14276856 ns
[2023-03-15T07:13:16.624+0000][69][gc,marking  ] GC(570) Concurrent Mark 160.759ms
[2023-03-15T07:13:16.624+0000][69][gc,marking  ] GC(570) Concurrent Rebuild Remembered Sets
[2023-03-15T07:13:16.684+0000][69][gc,marking  ] GC(570) Concurrent Rebuild Remembered Sets 59.223ms
[2023-03-15T07:13:16.685+0000][69][gc,start    ] GC(570) Pause Cleanup
[2023-03-15T07:13:16.686+0000][69][gc          ] GC(570) Pause Cleanup 112M->112M(256M) 1.095ms
[2023-03-15T07:13:16.687+0000][69][gc,cpu      ] GC(570) User=0.00s Sys=0.00s Real=0.00s
[2023-03-15T07:13:16.688+0000][69][safepoint   ] Safepoint "G1PauseCleanup", Time since last: 61513499 ns, Reaching safepoint: 109388 ns, At safepoint: 3083857 ns, Total: 3193245 ns
[2023-03-15T07:13:16.689+0000][69][gc,marking  ] GC(570) Concurrent Cleanup for Next Mark
[2023-03-15T07:13:16.690+0000][69][gc,marking  ] GC(570) Concurrent Cleanup for Next Mark 1.001ms
[2023-03-15T07:13:16.690+0000][69][gc          ] GC(570) Concurrent Mark Cycle 233.924ms
[2023-03-15T07:13:30.705+0000][69][safepoint   ] Safepoint "Cleanup", Time since last: 14015951242 ns, Reaching safepoint: 714596 ns, At safepoint: 46272 ns, Total: 760868 ns
[2023-03-15T07:13:42.129+0000][69][gc,start    ] GC(571) Pause Young (Normal) (G1 Evacuation Pause)
[2023-03-15T07:13:42.130+0000][69][gc,task     ] GC(571) Using 4 workers of 4 for evacuation
[2023-03-15T07:13:42.131+0000][69][gc,age      ] GC(571) Desired survivor size 6291456 bytes, new threshold 15 (max threshold 15)
[2023-03-15T07:13:42.136+0000][69][gc,phases   ] GC(571)   Pre Evacuate Collection Set: 0.2ms
[2023-03-15T07:13:42.137+0000][69][gc,phases   ] GC(571)   Merge Heap Roots: 0.2ms
[2023-03-15T07:13:42.138+0000][69][gc,phases   ] GC(571)   Evacuate Collection Set: 2.4ms
[2023-03-15T07:13:42.138+0000][69][gc,phases   ] GC(571)   Post Evacuate Collection Set: 1.1ms
[2023-03-15T07:13:42.139+0000][69][gc,phases   ] GC(571)   Other: 2.0ms
[2023-03-15T07:13:42.140+0000][69][gc,age      ] GC(571) Age table with threshold 15 (max threshold 15)
[2023-03-15T07:13:42.140+0000][69][gc,age      ] GC(571) - age   1:    1084216 bytes,    1084216 total
[2023-03-15T07:13:42.141+0000][69][gc,age      ] GC(571) - age   2:       2816 bytes,    1087032 total
[2023-03-15T07:13:42.141+0000][69][gc,age      ] GC(571) - age   3:       2992 bytes,    1090024 total
[2023-03-15T07:13:42.142+0000][69][gc,age      ] GC(571) - age   4:        592 bytes,    1090616 total
[2023-03-15T07:13:42.142+0000][69][gc,age      ] GC(571) - age   5:      20792 bytes,    1111408 total
[2023-03-15T07:13:42.143+0000][69][gc,age      ] GC(571) - age   6:      15168 bytes,    1126576 total
[2023-03-15T07:13:42.143+0000][69][gc,age      ] GC(571) - age   7:     159096 bytes,    1285672 total
[2023-03-15T07:13:42.144+0000][69][gc,age      ] GC(571) - age   8:        336 bytes,    1286008 total
[2023-03-15T07:13:42.144+0000][69][gc,age      ] GC(571) - age   9:       4040 bytes,    1290048 total
[2023-03-15T07:13:42.145+0000][69][gc,age      ] GC(571) - age  10:       2648 bytes,    1292696 total
[2023-03-15T07:13:42.145+0000][69][gc,age      ] GC(571) - age  11:      50248 bytes,    1342944 total
[2023-03-15T07:13:42.146+0000][69][gc,age      ] GC(571) - age  12:       2424 bytes,    1345368 total
[2023-03-15T07:13:42.146+0000][69][gc,age      ] GC(571) - age  13:       4096 bytes,    1349464 total
[2023-03-15T07:13:42.147+0000][69][gc,age      ] GC(571) - age  14:       2160 bytes,    1351624 total
[2023-03-15T07:13:42.147+0000][69][gc,age      ] GC(571) - age  15:         88 bytes,    1351712 total
[2023-03-15T07:13:42.148+0000][69][gc,heap     ] GC(571) Eden regions: 23->0(23)
[2023-03-15T07:13:42.149+0000][69][gc,heap     ] GC(571) Survivor regions: 1->1(3)
[2023-03-15T07:13:42.150+0000][69][gc,heap     ] GC(571) Old regions: 25->25
[2023-03-15T07:13:42.151+0000][69][gc,heap     ] GC(571) Archive regions: 2->2
[2023-03-15T07:13:42.151+0000][69][gc,heap     ] GC(571) Humongous regions: 2->2
[2023-03-15T07:13:42.151+0000][69][gc,metaspace] GC(571) Metaspace: 139239K(142464K)->139239K(142464K) NonClass: 121595K(122752K)->121595K(122752K) Class: 17644K(19712K)->17644K(19712K)
[2023-03-15T07:13:42.152+0000][69][gc          ] GC(571) Pause Young (Normal) (G1 Evacuation Pause) 202M->110M(256M) 23.364ms
[2023-03-15T07:13:42.153+0000][69][gc,cpu      ] GC(571) User=0.01s Sys=0.00s Real=0.02s
[2023-03-15T07:13:42.153+0000][69][safepoint   ] Safepoint "G1CollectForAllocation", Time since last: 11444942259 ns, Reaching safepoint: 334423 ns, At safepoint: 24333137 ns, Total: 24667560 ns
[2023-03-15T07:13:52.162+0000][69][safepoint   ] Safepoint "Cleanup", Time since last: 10008297056 ns, Reaching safepoint: 552200 ns, At safepoint: 13665 ns, Total: 565865 ns
[2023-03-15T07:14:15.223+0000][69][gc,start    ] GC(572) Pause Young (Concurrent Start) (G1 Evacuation Pause)
[2023-03-15T07:14:15.224+0000][69][gc,task     ] GC(572) Using 4 workers of 4 for evacuation
[2023-03-15T07:14:15.224+0000][69][gc,age      ] GC(572) Desired survivor size 6291456 bytes, new threshold 15 (max threshold 15)
[2023-03-15T07:14:15.228+0000][69][gc,phases   ] GC(572)   Pre Evacuate Collection Set: 0.4ms
[2023-03-15T07:14:15.229+0000][69][gc,phases   ] GC(572)   Merge Heap Roots: 0.1ms
[2023-03-15T07:14:15.229+0000][69][gc,phases   ] GC(572)   Evacuate Collection Set: 1.8ms
[2023-03-15T07:14:15.229+0000][69][gc,phases   ] GC(572)   Post Evacuate Collection Set: 0.7ms
[2023-03-15T07:14:15.230+0000][69][gc,phases   ] GC(572)   Other: 1.0ms
[2023-03-15T07:14:15.230+0000][69][gc,age      ] GC(572) Age table with threshold 15 (max threshold 15)
[2023-03-15T07:14:15.231+0000][69][gc,age      ] GC(572) - age   1:    1446984 bytes,    1446984 total
[2023-03-15T07:14:15.232+0000][69][gc,age      ] GC(572) - age   2:       8320 bytes,    1455304 total
[2023-03-15T07:14:15.232+0000][69][gc,age      ] GC(572) - age   3:        848 bytes,    1456152 total
[2023-03-15T07:14:15.233+0000][69][gc,age      ] GC(572) - age   4:       2928 bytes,    1459080 total
[2023-03-15T07:14:15.234+0000][69][gc,age      ] GC(572) - age   5:        288 bytes,    1459368 total
[2023-03-15T07:14:15.234+0000][69][gc,age      ] GC(572) - age   6:      20792 bytes,    1480160 total
[2023-03-15T07:14:15.235+0000][69][gc,age      ] GC(572) - age   7:      15168 bytes,    1495328 total
[2023-03-15T07:14:15.236+0000][69][gc,age      ] GC(572) - age   8:     158800 bytes,    1654128 total
[2023-03-15T07:14:15.236+0000][69][gc,age      ] GC(572) - age   9:        336 bytes,    1654464 total
[2023-03-15T07:14:15.237+0000][69][gc,age      ] GC(572) - age  10:       4040 bytes,    1658504 total
[2023-03-15T07:14:15.237+0000][69][gc,age      ] GC(572) - age  11:       2608 bytes,    1661112 total
[2023-03-15T07:14:15.238+0000][69][gc,age      ] GC(572) - age  12:      50248 bytes,    1711360 total
[2023-03-15T07:14:15.238+0000][69][gc,age      ] GC(572) - age  13:       2424 bytes,    1713784 total
[2023-03-15T07:14:15.239+0000][69][gc,age      ] GC(572) - age  14:       4096 bytes,    1717880 total
[2023-03-15T07:14:15.239+0000][69][gc,age      ] GC(572) - age  15:       2160 bytes,    1720040 total
[2023-03-15T07:14:15.240+0000][69][gc,heap     ] GC(572) Eden regions: 23->0(23)
[2023-03-15T07:14:15.240+0000][69][gc,heap     ] GC(572) Survivor regions: 1->1(3)
[2023-03-15T07:14:15.241+0000][69][gc,heap     ] GC(572) Old regions: 25->25
[2023-03-15T07:14:15.241+0000][69][gc,heap     ] GC(572) Archive regions: 2->2
[2023-03-15T07:14:15.242+0000][69][gc,heap     ] GC(572) Humongous regions: 2->2
[2023-03-15T07:14:15.242+0000][69][gc,metaspace] GC(572) Metaspace: 139239K(142464K)->139239K(142464K) NonClass: 121595K(122752K)->121595K(122752K) Class: 17644K(19712K)->17644K(19712K)
[2023-03-15T07:14:15.242+0000][69][gc          ] GC(572) Pause Young (Concurrent Start) (G1 Evacuation Pause) 202M->111M(256M) 19.151ms
[2023-03-15T07:14:15.243+0000][69][gc          ] GC(573) Concurrent Mark Cycle
[2023-03-15T07:14:15.243+0000][69][gc,cpu      ] GC(572) User=0.01s Sys=0.00s Real=0.02s
[2023-03-15T07:14:15.243+0000][69][gc,marking  ] GC(573) Concurrent Clear Claimed Marks
[2023-03-15T07:14:15.244+0000][69][safepoint   ] Safepoint "G1CollectForAllocation", Time since last: 23083791547 ns, Reaching safepoint: 91250 ns, At safepoint: 20845528 ns, Total: 20936778 ns
[2023-03-15T07:14:15.245+0000][69][gc,marking  ] GC(573) Concurrent Clear Claimed Marks 1.221ms
[2023-03-15T07:14:15.245+0000][69][gc,marking  ] GC(573) Concurrent Scan Root Regions
[2023-03-15T07:14:15.248+0000][69][gc,marking  ] GC(573) Concurrent Scan Root Regions 2.885ms
[2023-03-15T07:14:15.249+0000][69][gc,marking  ] GC(573) Concurrent Mark
[2023-03-15T07:14:15.249+0000][69][gc,marking  ] GC(573) Concurrent Mark From Roots
[2023-03-15T07:14:15.250+0000][69][gc,task     ] GC(573) Using 1 workers of 1 for marking
[2023-03-15T07:14:15.371+0000][69][gc,marking  ] GC(573) Concurrent Mark From Roots 121.286ms
[2023-03-15T07:14:15.371+0000][69][gc,marking  ] GC(573) Concurrent Preclean
[2023-03-15T07:14:15.374+0000][69][gc,marking  ] GC(573) Concurrent Preclean 2.243ms
[2023-03-15T07:14:15.374+0000][69][gc,start    ] GC(573) Pause Remark
[2023-03-15T07:14:15.385+0000][69][gc          ] GC(573) Pause Remark 117M->117M(256M) 10.530ms
[2023-03-15T07:14:15.386+0000][69][gc,cpu      ] GC(573) User=0.03s Sys=0.00s Real=0.01s
[2023-03-15T07:14:15.387+0000][69][safepoint   ] Safepoint "G1PauseRemark", Time since last: 130384692 ns, Reaching safepoint: 71402 ns, At safepoint: 12280756 ns, Total: 12352158 ns
[2023-03-15T07:14:15.387+0000][69][gc,marking  ] GC(573) Concurrent Mark 138.329ms
[2023-03-15T07:14:15.388+0000][69][gc,marking  ] GC(573) Concurrent Rebuild Remembered Sets
[2023-03-15T07:14:15.443+0000][69][gc,marking  ] GC(573) Concurrent Rebuild Remembered Sets 54.991ms
[2023-03-15T07:14:15.444+0000][69][gc,start    ] GC(573) Pause Cleanup
[2023-03-15T07:14:15.444+0000][69][gc          ] GC(573) Pause Cleanup 117M->117M(256M) 0.618ms
[2023-03-15T07:14:15.445+0000][69][gc,cpu      ] GC(573) User=0.00s Sys=0.00s Real=0.00s
[2023-03-15T07:14:15.446+0000][69][safepoint   ] Safepoint "G1PauseCleanup", Time since last: 56907312 ns, Reaching safepoint: 138768 ns, At safepoint: 1894095 ns, Total: 2032863 ns
[2023-03-15T07:14:15.447+0000][69][gc,marking  ] GC(573) Concurrent Cleanup for Next Mark
[2023-03-15T07:14:15.448+0000][69][gc,marking  ] GC(573) Concurrent Cleanup for Next Mark 0.890ms
[2023-03-15T07:14:15.448+0000][69][gc          ] GC(573) Concurrent Mark Cycle 204.937ms
[2023-03-15T07:14:45.112+0000][69][gc,start    ] GC(574) Pause Young (Normal) (G1 Evacuation Pause)
[2023-03-15T07:14:45.113+0000][69][gc,task     ] GC(574) Using 4 workers of 4 for evacuation
[2023-03-15T07:14:45.114+0000][69][gc,age      ] GC(574) Desired survivor size 6291456 bytes, new threshold 15 (max threshold 15)
[2023-03-15T07:14:45.119+0000][69][gc,phases   ] GC(574)   Pre Evacuate Collection Set: 0.3ms
[2023-03-15T07:14:45.120+0000][69][gc,phases   ] GC(574)   Merge Heap Roots: 0.4ms
[2023-03-15T07:14:45.120+0000][69][gc,phases   ] GC(574)   Evacuate Collection Set: 2.3ms
[2023-03-15T07:14:45.121+0000][69][gc,phases   ] GC(574)   Post Evacuate Collection Set: 1.6ms
[2023-03-15T07:14:45.121+0000][69][gc,phases   ] GC(574)   Other: 1.3ms
[2023-03-15T07:14:45.122+0000][69][gc,age      ] GC(574) Age table with threshold 15 (max threshold 15)
[2023-03-15T07:14:45.122+0000][69][gc,age      ] GC(574) - age   1:    1707608 bytes,    1707608 total
[2023-03-15T07:14:45.123+0000][69][gc,age      ] GC(574) - age   2:      11056 bytes,    1718664 total
[2023-03-15T07:14:45.124+0000][69][gc,age      ] GC(574) - age   3:       3184 bytes,    1721848 total
[2023-03-15T07:14:45.124+0000][69][gc,age      ] GC(574) - age   4:        720 bytes,    1722568 total
[2023-03-15T07:14:45.125+0000][69][gc,age      ] GC(574) - age   5:       2568 bytes,    1725136 total
[2023-03-15T07:14:45.125+0000][69][gc,age      ] GC(574) - age   6:        288 bytes,    1725424 total
[2023-03-15T07:14:45.125+0000][69][gc,age      ] GC(574) - age   7:      20792 bytes,    1746216 total
[2023-03-15T07:14:45.126+0000][69][gc,age      ] GC(574) - age   8:      15168 bytes,    1761384 total
[2023-03-15T07:14:45.126+0000][69][gc,age      ] GC(574) - age   9:     158800 bytes,    1920184 total
[2023-03-15T07:14:45.127+0000][69][gc,age      ] GC(574) - age  10:        336 bytes,    1920520 total
[2023-03-15T07:14:45.127+0000][69][gc,age      ] GC(574) - age  11:       4040 bytes,    1924560 total
[2023-03-15T07:14:45.128+0000][69][gc,age      ] GC(574) - age  12:       2608 bytes,    1927168 total
[2023-03-15T07:14:45.128+0000][69][gc,age      ] GC(574) - age  13:      50248 bytes,    1977416 total
[2023-03-15T07:14:45.128+0000][69][gc,age      ] GC(574) - age  14:       2424 bytes,    1979840 total
[2023-03-15T07:14:45.129+0000][69][gc,age      ] GC(574) - age  15:       4096 bytes,    1983936 total
[2023-03-15T07:14:45.129+0000][69][gc,heap     ] GC(574) Eden regions: 23->0(23)
[2023-03-15T07:14:45.130+0000][69][gc,heap     ] GC(574) Survivor regions: 1->1(3)
[2023-03-15T07:14:45.130+0000][69][gc,heap     ] GC(574) Old regions: 25->25
[2023-03-15T07:14:45.131+0000][69][gc,heap     ] GC(574) Archive regions: 2->2
[2023-03-15T07:14:45.131+0000][69][gc,heap     ] GC(574) Humongous regions: 2->2
[2023-03-15T07:14:45.132+0000][69][gc,metaspace] GC(574) Metaspace: 139239K(142464K)->139239K(142464K) NonClass: 121595K(122752K)->121595K(122752K) Class: 17644K(19712K)->17644K(19712K)
[2023-03-15T07:14:45.133+0000][69][gc          ] GC(574) Pause Young (Normal) (G1 Evacuation Pause) 203M->111M(256M) 20.204ms
[2023-03-15T07:14:45.133+0000][69][gc,cpu      ] GC(574) User=0.01s Sys=0.01s Real=0.02s
[2023-03-15T07:14:45.134+0000][69][safepoint   ] Safepoint "G1CollectForAllocation", Time since last: 29688743385 ns, Reaching safepoint: 276170 ns, At safepoint: 21186666 ns, Total: 21462836 ns
[2023-03-15T07:15:12.079+0000][69][gc,start    ] GC(575) Pause Young (Concurrent Start) (G1 Evacuation Pause)
[2023-03-15T07:15:12.081+0000][69][gc,task     ] GC(575) Using 4 workers of 4 for evacuation
[2023-03-15T07:15:12.082+0000][69][gc,age      ] GC(575) Desired survivor size 6291456 bytes, new threshold 15 (max threshold 15)
[2023-03-15T07:15:12.088+0000][69][gc,phases   ] GC(575)   Pre Evacuate Collection Set: 0.6ms
[2023-03-15T07:15:12.089+0000][69][gc,phases   ] GC(575)   Merge Heap Roots: 0.2ms
[2023-03-15T07:15:12.091+0000][69][gc,phases   ] GC(575)   Evacuate Collection Set: 2.4ms
[2023-03-15T07:15:12.092+0000][69][gc,phases   ] GC(575)   Post Evacuate Collection Set: 1.3ms
[2023-03-15T07:15:12.092+0000][69][gc,phases   ] GC(575)   Other: 2.8ms
[2023-03-15T07:15:12.093+0000][69][gc,age      ] GC(575) Age table with threshold 15 (max threshold 15)
[2023-03-15T07:15:12.094+0000][69][gc,age      ] GC(575) - age   1:     228112 bytes,     228112 total
[2023-03-15T07:15:12.094+0000][69][gc,age      ] GC(575) - age   2:       8568 bytes,     236680 total
[2023-03-15T07:15:12.095+0000][69][gc,age      ] GC(575) - age   3:       9296 bytes,     245976 total
[2023-03-15T07:15:12.096+0000][69][gc,age      ] GC(575) - age   4:       2864 bytes,     248840 total
[2023-03-15T07:15:12.096+0000][69][gc,age      ] GC(575) - age   5:        232 bytes,     249072 total
[2023-03-15T07:15:12.097+0000][69][gc,age      ] GC(575) - age   6:       2568 bytes,     251640 total
[2023-03-15T07:15:12.098+0000][69][gc,age      ] GC(575) - age   7:        288 bytes,     251928 total
[2023-03-15T07:15:12.098+0000][69][gc,age      ] GC(575) - age   8:      20792 bytes,     272720 total
[2023-03-15T07:15:12.099+0000][69][gc,age      ] GC(575) - age   9:      15168 bytes,     287888 total
[2023-03-15T07:15:12.099+0000][69][gc,age      ] GC(575) - age  10:     158800 bytes,     446688 total
[2023-03-15T07:15:12.100+0000][69][gc,age      ] GC(575) - age  11:        336 bytes,     447024 total
[2023-03-15T07:15:12.101+0000][69][gc,age      ] GC(575) - age  12:       4040 bytes,     451064 total
[2023-03-15T07:15:12.101+0000][69][gc,age      ] GC(575) - age  13:       2608 bytes,     453672 total
[2023-03-15T07:15:12.102+0000][69][gc,age      ] GC(575) - age  14:      50248 bytes,     503920 total
[2023-03-15T07:15:12.102+0000][69][gc,age      ] GC(575) - age  15:       2424 bytes,     506344 total
[2023-03-15T07:15:12.103+0000][69][gc,heap     ] GC(575) Eden regions: 23->0(23)
[2023-03-15T07:15:12.103+0000][69][gc,heap     ] GC(575) Survivor regions: 1->1(3)
[2023-03-15T07:15:12.104+0000][69][gc,heap     ] GC(575) Old regions: 25->25
[2023-03-15T07:15:12.104+0000][69][gc,heap     ] GC(575) Archive regions: 2->2
[2023-03-15T07:15:12.105+0000][69][gc,heap     ] GC(575) Humongous regions: 2->2
[2023-03-15T07:15:12.106+0000][69][gc,metaspace] GC(575) Metaspace: 139239K(142464K)->139239K(142464K) NonClass: 121595K(122752K)->121595K(122752K) Class: 17644K(19712K)->17644K(19712K)
[2023-03-15T07:15:12.106+0000][69][gc          ] GC(575) Pause Young (Concurrent Start) (G1 Evacuation Pause) 203M->110M(256M) 26.936ms
[2023-03-15T07:15:12.107+0000][69][gc,cpu      ] GC(575) User=0.01s Sys=0.00s Real=0.03s
[2023-03-15T07:15:12.107+0000][69][safepoint   ] Safepoint "G1CollectForAllocation", Time since last: 26967569055 ns, Reaching safepoint: 238558 ns, At safepoint: 28152985 ns, Total: 28391543 ns
[2023-03-15T07:15:12.107+0000][69][gc          ] GC(576) Concurrent Mark Cycle
[2023-03-15T07:15:12.110+0000][69][gc,marking  ] GC(576) Concurrent Clear Claimed Marks
[2023-03-15T07:15:12.111+0000][69][gc,marking  ] GC(576) Concurrent Clear Claimed Marks 0.992ms
[2023-03-15T07:15:12.112+0000][69][gc,marking  ] GC(576) Concurrent Scan Root Regions
[2023-03-15T07:15:12.114+0000][69][gc,marking  ] GC(576) Concurrent Scan Root Regions 2.500ms
[2023-03-15T07:15:12.115+0000][69][gc,marking  ] GC(576) Concurrent Mark
[2023-03-15T07:15:12.115+0000][69][gc,marking  ] GC(576) Concurrent Mark From Roots
[2023-03-15T07:15:12.117+0000][69][gc,task     ] GC(576) Using 1 workers of 1 for marking
[2023-03-15T07:15:12.218+0000][69][gc,marking  ] GC(576) Concurrent Mark From Roots 102.470ms
[2023-03-15T07:15:12.219+0000][69][gc,marking  ] GC(576) Concurrent Preclean
[2023-03-15T07:15:12.220+0000][69][gc,marking  ] GC(576) Concurrent Preclean 1.124ms
[2023-03-15T07:15:12.221+0000][69][gc,start    ] GC(576) Pause Remark
[2023-03-15T07:15:12.229+0000][69][gc          ] GC(576) Pause Remark 112M->112M(256M) 8.607ms
[2023-03-15T07:15:12.230+0000][69][gc,cpu      ] GC(576) User=0.03s Sys=0.00s Real=0.01s
[2023-03-15T07:15:12.231+0000][69][safepoint   ] Safepoint "G1PauseRemark", Time since last: 113303332 ns, Reaching safepoint: 91788 ns, At safepoint: 10487883 ns, Total: 10579671 ns
[2023-03-15T07:15:12.232+0000][69][gc,marking  ] GC(576) Concurrent Mark 117.244ms
[2023-03-15T07:15:12.233+0000][69][gc,marking  ] GC(576) Concurrent Rebuild Remembered Sets
[2023-03-15T07:15:12.283+0000][69][gc,marking  ] GC(576) Concurrent Rebuild Remembered Sets 50.070ms
[2023-03-15T07:15:12.284+0000][69][gc,start    ] GC(576) Pause Cleanup
[2023-03-15T07:15:12.285+0000][69][gc          ] GC(576) Pause Cleanup 112M->112M(256M) 0.813ms
[2023-03-15T07:15:12.286+0000][69][gc,cpu      ] GC(576) User=0.00s Sys=0.00s Real=0.00s
[2023-03-15T07:15:12.286+0000][69][safepoint   ] Safepoint "G1PauseCleanup", Time since last: 52973222 ns, Reaching safepoint: 131572 ns, At safepoint: 2248623 ns, Total: 2380195 ns
[2023-03-15T07:15:12.287+0000][69][gc,marking  ] GC(576) Concurrent Cleanup for Next Mark
[2023-03-15T07:15:12.288+0000][69][gc,marking  ] GC(576) Concurrent Cleanup for Next Mark 0.592ms
[2023-03-15T07:15:12.288+0000][69][gc          ] GC(576) Concurrent Mark Cycle 181.274ms
[2023-03-15T07:15:36.417+0000][69][gc,start    ] GC(577) Pause Young (Normal) (G1 Evacuation Pause)
[2023-03-15T07:15:36.418+0000][69][gc,task     ] GC(577) Using 4 workers of 4 for evacuation
[2023-03-15T07:15:36.418+0000][69][gc,age      ] GC(577) Desired survivor size 6291456 bytes, new threshold 15 (max threshold 15)
[2023-03-15T07:15:36.421+0000][69][gc,phases   ] GC(577)   Pre Evacuate Collection Set: 0.2ms
[2023-03-15T07:15:36.422+0000][69][gc,phases   ] GC(577)   Merge Heap Roots: 0.1ms
[2023-03-15T07:15:36.422+0000][69][gc,phases   ] GC(577)   Evacuate Collection Set: 1.5ms
[2023-03-15T07:15:36.423+0000][69][gc,phases   ] GC(577)   Post Evacuate Collection Set: 0.7ms
[2023-03-15T07:15:36.423+0000][69][gc,phases   ] GC(577)   Other: 1.0ms
[2023-03-15T07:15:36.424+0000][69][gc,age      ] GC(577) Age table with threshold 15 (max threshold 15)
[2023-03-15T07:15:36.424+0000][69][gc,age      ] GC(577) - age   1:     997984 bytes,     997984 total
[2023-03-15T07:15:36.425+0000][69][gc,age      ] GC(577) - age   2:       1504 bytes,     999488 total
[2023-03-15T07:15:36.425+0000][69][gc,age      ] GC(577) - age   3:       3008 bytes,    1002496 total
[2023-03-15T07:15:36.426+0000][69][gc,age      ] GC(577) - age   4:       8936 bytes,    1011432 total
[2023-03-15T07:15:36.426+0000][69][gc,age      ] GC(577) - age   5:       2552 bytes,    1013984 total
[2023-03-15T07:15:36.427+0000][69][gc,age      ] GC(577) - age   6:        232 bytes,    1014216 total
[2023-03-15T07:15:36.427+0000][69][gc,age      ] GC(577) - age   7:       2568 bytes,    1016784 total
[2023-03-15T07:15:36.428+0000][69][gc,age      ] GC(577) - age   8:        288 bytes,    1017072 total
[2023-03-15T07:15:36.428+0000][69][gc,age      ] GC(577) - age   9:      19928 bytes,    1037000 total
[2023-03-15T07:15:36.429+0000][69][gc,age      ] GC(577) - age  10:        248 bytes,    1037248 total
[2023-03-15T07:15:36.430+0000][69][gc,age      ] GC(577) - age  11:      61712 bytes,    1098960 total
[2023-03-15T07:15:36.430+0000][69][gc,age      ] GC(577) - age  12:        336 bytes,    1099296 total
[2023-03-15T07:15:36.431+0000][69][gc,age      ] GC(577) - age  13:       3768 bytes,    1103064 total
[2023-03-15T07:15:36.431+0000][69][gc,age      ] GC(577) - age  14:       2608 bytes,    1105672 total
[2023-03-15T07:15:36.432+0000][69][gc,age      ] GC(577) - age  15:      50248 bytes,    1155920 total
[2023-03-15T07:15:36.432+0000][69][gc,heap     ] GC(577) Eden regions: 23->0(23)
[2023-03-15T07:15:36.433+0000][69][gc,heap     ] GC(577) Survivor regions: 1->1(3)
[2023-03-15T07:15:36.433+0000][69][gc,heap     ] GC(577) Old regions: 25->25
[2023-03-15T07:15:36.434+0000][69][gc,heap     ] GC(577) Archive regions: 2->2
[2023-03-15T07:15:36.434+0000][69][gc,heap     ] GC(577) Humongous regions: 2->2
[2023-03-15T07:15:36.435+0000][69][gc,metaspace] GC(577) Metaspace: 139241K(142464K)->139241K(142464K) NonClass: 121597K(122752K)->121597K(122752K) Class: 17644K(19712K)->17644K(19712K)
[2023-03-15T07:15:36.435+0000][69][gc          ] GC(577) Pause Young (Normal) (G1 Evacuation Pause) 202M->110M(256M) 18.160ms
[2023-03-15T07:15:36.436+0000][69][gc,cpu      ] GC(577) User=0.00s Sys=0.00s Real=0.01s
[2023-03-15T07:15:36.437+0000][69][safepoint   ] Safepoint "G1CollectForAllocation", Time since last: 24130679765 ns, Reaching safepoint: 72771 ns, At safepoint: 19310527 ns, Total: 19383298 ns
[2023-03-15T07:15:57.439+0000][69][safepoint   ] Safepoint "Cleanup", Time since last: 21024100436 ns, Reaching safepoint: 436539 ns, At safepoint: 19895 ns, Total: 456434 ns
[2023-03-15T07:16:08.260+0000][69][gc,start    ] GC(578) Pause Young (Concurrent Start) (G1 Evacuation Pause)
[2023-03-15T07:16:08.263+0000][69][gc,task     ] GC(578) Using 4 workers of 4 for evacuation
[2023-03-15T07:16:08.265+0000][69][gc,age      ] GC(578) Desired survivor size 6291456 bytes, new threshold 15 (max threshold 15)
[2023-03-15T07:16:08.274+0000][69][gc,phases   ] GC(578)   Pre Evacuate Collection Set: 0.9ms
[2023-03-15T07:16:08.275+0000][69][gc,phases   ] GC(578)   Merge Heap Roots: 0.2ms
[2023-03-15T07:16:08.276+0000][69][gc,phases   ] GC(578)   Evacuate Collection Set: 4.1ms
[2023-03-15T07:16:08.277+0000][69][gc,phases   ] GC(578)   Post Evacuate Collection Set: 1.8ms
[2023-03-15T07:16:08.277+0000][69][gc,phases   ] GC(578)   Other: 3.4ms
[2023-03-15T07:16:08.278+0000][69][gc,age      ] GC(578) Age table with threshold 15 (max threshold 15)
[2023-03-15T07:16:08.279+0000][69][gc,age      ] GC(578) - age   1:     877200 bytes,     877200 total
[2023-03-15T07:16:08.280+0000][69][gc,age      ] GC(578) - age   2:     300088 bytes,    1177288 total
[2023-03-15T07:16:08.281+0000][69][gc,age      ] GC(578) - age   3:        488 bytes,    1177776 total
[2023-03-15T07:16:08.281+0000][69][gc,age      ] GC(578) - age   4:       2672 bytes,    1180448 total
[2023-03-15T07:16:08.282+0000][69][gc,age      ] GC(578) - age   5:       8760 bytes,    1189208 total
[2023-03-15T07:16:08.283+0000][69][gc,age      ] GC(578) - age   6:       2552 bytes,    1191760 total
[2023-03-15T07:16:08.284+0000][69][gc,age      ] GC(578) - age   7:        232 bytes,    1191992 total
[2023-03-15T07:16:08.285+0000][69][gc,age      ] GC(578) - age   8:       2568 bytes,    1194560 total
[2023-03-15T07:16:08.285+0000][69][gc,age      ] GC(578) - age   9:        288 bytes,    1194848 total
[2023-03-15T07:16:08.286+0000][69][gc,age      ] GC(578) - age  10:      19928 bytes,    1214776 total
[2023-03-15T07:16:08.287+0000][69][gc,age      ] GC(578) - age  11:        248 bytes,    1215024 total
[2023-03-15T07:16:08.287+0000][69][gc,age      ] GC(578) - age  12:      54736 bytes,    1269760 total
[2023-03-15T07:16:08.288+0000][69][gc,age      ] GC(578) - age  13:        336 bytes,    1270096 total
[2023-03-15T07:16:08.288+0000][69][gc,age      ] GC(578) - age  14:       3768 bytes,    1273864 total
[2023-03-15T07:16:08.289+0000][69][gc,age      ] GC(578) - age  15:       2608 bytes,    1276472 total
[2023-03-15T07:16:08.290+0000][69][gc,heap     ] GC(578) Eden regions: 23->0(23)
[2023-03-15T07:16:08.290+0000][69][gc,heap     ] GC(578) Survivor regions: 1->1(3)
[2023-03-15T07:16:08.291+0000][69][gc,heap     ] GC(578) Old regions: 25->25
[2023-03-15T07:16:08.291+0000][69][gc,heap     ] GC(578) Archive regions: 2->2
[2023-03-15T07:16:08.292+0000][69][gc,heap     ] GC(578) Humongous regions: 2->2
[2023-03-15T07:16:08.292+0000][69][gc,metaspace] GC(578) Metaspace: 139241K(142464K)->139241K(142464K) NonClass: 121597K(122752K)->121597K(122752K) Class: 17644K(19712K)->17644K(19712K)
[2023-03-15T07:16:08.293+0000][69][gc          ] GC(578) Pause Young (Concurrent Start) (G1 Evacuation Pause) 202M->110M(256M) 32.487ms
[2023-03-15T07:16:08.293+0000][69][gc,cpu      ] GC(578) User=0.02s Sys=0.00s Real=0.03s
[2023-03-15T07:16:08.293+0000][69][gc          ] GC(579) Concurrent Mark Cycle
[2023-03-15T07:16:08.294+0000][69][gc,marking  ] GC(579) Concurrent Clear Claimed Marks
[2023-03-15T07:16:08.294+0000][69][safepoint   ] Safepoint "G1CollectForAllocation", Time since last: 10820497722 ns, Reaching safepoint: 288777 ns, At safepoint: 33629304 ns, Total: 33918081 ns
[2023-03-15T07:16:08.295+0000][69][gc,marking  ] GC(579) Concurrent Clear Claimed Marks 0.917ms
[2023-03-15T07:16:08.296+0000][69][gc,marking  ] GC(579) Concurrent Scan Root Regions
[2023-03-15T07:16:08.299+0000][69][gc,marking  ] GC(579) Concurrent Scan Root Regions 2.899ms
[2023-03-15T07:16:08.300+0000][69][gc,marking  ] GC(579) Concurrent Mark
[2023-03-15T07:16:08.301+0000][69][gc,marking  ] GC(579) Concurrent Mark From Roots
[2023-03-15T07:16:08.301+0000][69][gc,task     ] GC(579) Using 1 workers of 1 for marking
[2023-03-15T07:16:08.402+0000][69][gc,marking  ] GC(579) Concurrent Mark From Roots 101.328ms
[2023-03-15T07:16:08.403+0000][69][gc,marking  ] GC(579) Concurrent Preclean
[2023-03-15T07:16:08.404+0000][69][gc,marking  ] GC(579) Concurrent Preclean 1.096ms
[2023-03-15T07:16:08.405+0000][69][gc,start    ] GC(579) Pause Remark
[2023-03-15T07:16:08.416+0000][69][gc          ] GC(579) Pause Remark 111M->111M(256M) 11.060ms
[2023-03-15T07:16:08.417+0000][69][gc,cpu      ] GC(579) User=0.03s Sys=0.00s Real=0.01s
[2023-03-15T07:16:08.418+0000][69][safepoint   ] Safepoint "G1PauseRemark", Time since last: 111219472 ns, Reaching safepoint: 162409 ns, At safepoint: 12985271 ns, Total: 13147680 ns
[2023-03-15T07:16:08.419+0000][69][gc,marking  ] GC(579) Concurrent Mark 118.484ms
[2023-03-15T07:16:08.419+0000][69][gc,marking  ] GC(579) Concurrent Rebuild Remembered Sets
[2023-03-15T07:16:08.470+0000][69][gc,marking  ] GC(579) Concurrent Rebuild Remembered Sets 50.635ms
[2023-03-15T07:16:08.471+0000][69][gc,start    ] GC(579) Pause Cleanup
[2023-03-15T07:16:08.472+0000][69][gc          ] GC(579) Pause Cleanup 111M->111M(256M) 0.906ms
[2023-03-15T07:16:08.473+0000][69][gc,cpu      ] GC(579) User=0.00s Sys=0.00s Real=0.00s
[2023-03-15T07:16:08.473+0000][69][safepoint   ] Safepoint "G1PauseCleanup", Time since last: 52801012 ns, Reaching safepoint: 121316 ns, At safepoint: 2025721 ns, Total: 2147037 ns
[2023-03-15T07:16:08.474+0000][69][gc,marking  ] GC(579) Concurrent Cleanup for Next Mark
[2023-03-15T07:16:08.474+0000][69][gc,marking  ] GC(579) Concurrent Cleanup for Next Mark 0.616ms
[2023-03-15T07:16:08.475+0000][69][gc          ] GC(579) Concurrent Mark Cycle 181.583ms
[2023-03-15T07:16:30.478+0000][69][safepoint   ] Safepoint "Cleanup", Time since last: 22028015992 ns, Reaching safepoint: 742175 ns, At safepoint: 64928 ns, Total: 807103 ns
[2023-03-15T07:16:39.321+0000][69][gc,start    ] GC(580) Pause Young (Normal) (G1 Evacuation Pause)
[2023-03-15T07:16:39.322+0000][69][gc,task     ] GC(580) Using 4 workers of 4 for evacuation
[2023-03-15T07:16:39.322+0000][69][gc,age      ] GC(580) Desired survivor size 6291456 bytes, new threshold 15 (max threshold 15)
[2023-03-15T07:16:39.327+0000][69][gc,phases   ] GC(580)   Pre Evacuate Collection Set: 0.1ms
[2023-03-15T07:16:39.328+0000][69][gc,phases   ] GC(580)   Merge Heap Roots: 0.1ms
[2023-03-15T07:16:39.329+0000][69][gc,phases   ] GC(580)   Evacuate Collection Set: 3.0ms
[2023-03-15T07:16:39.330+0000][69][gc,phases   ] GC(580)   Post Evacuate Collection Set: 0.9ms
[2023-03-15T07:16:39.331+0000][69][gc,phases   ] GC(580)   Other: 1.2ms
[2023-03-15T07:16:39.331+0000][69][gc,age      ] GC(580) Age table with threshold 15 (max threshold 15)
[2023-03-15T07:16:39.332+0000][69][gc,age      ] GC(580) - age   1:    1525320 bytes,    1525320 total
[2023-03-15T07:16:39.332+0000][69][gc,age      ] GC(580) - age   2:      10952 bytes,    1536272 total
[2023-03-15T07:16:39.333+0000][69][gc,age      ] GC(580) - age   3:     295496 bytes,    1831768 total
[2023-03-15T07:16:39.334+0000][69][gc,age      ] GC(580) - age   4:        424 bytes,    1832192 total
[2023-03-15T07:16:39.334+0000][69][gc,age      ] GC(580) - age   5:       2544 bytes,    1834736 total
[2023-03-15T07:16:39.335+0000][69][gc,age      ] GC(580) - age   6:       8760 bytes,    1843496 total
[2023-03-15T07:16:39.335+0000][69][gc,age      ] GC(580) - age   7:       2552 bytes,    1846048 total
[2023-03-15T07:16:39.336+0000][69][gc,age      ] GC(580) - age   8:        232 bytes,    1846280 total
[2023-03-15T07:16:39.336+0000][69][gc,age      ] GC(580) - age   9:       2568 bytes,    1848848 total
[2023-03-15T07:16:39.337+0000][69][gc,age      ] GC(580) - age  10:        288 bytes,    1849136 total
[2023-03-15T07:16:39.337+0000][69][gc,age      ] GC(580) - age  11:      19928 bytes,    1869064 total
[2023-03-15T07:16:39.338+0000][69][gc,age      ] GC(580) - age  12:        248 bytes,    1869312 total
[2023-03-15T07:16:39.338+0000][69][gc,age      ] GC(580) - age  13:      54736 bytes,    1924048 total
[2023-03-15T07:16:39.338+0000][69][gc,age      ] GC(580) - age  14:        336 bytes,    1924384 total
[2023-03-15T07:16:39.339+0000][69][gc,age      ] GC(580) - age  15:       3768 bytes,    1928152 total
[2023-03-15T07:16:39.340+0000][69][gc,heap     ] GC(580) Eden regions: 23->0(23)
[2023-03-15T07:16:39.340+0000][69][gc,heap     ] GC(580) Survivor regions: 1->1(3)
[2023-03-15T07:16:39.341+0000][69][gc,heap     ] GC(580) Old regions: 25->25
[2023-03-15T07:16:39.341+0000][69][gc,heap     ] GC(580) Archive regions: 2->2
[2023-03-15T07:16:39.341+0000][69][gc,heap     ] GC(580) Humongous regions: 2->2
[2023-03-15T07:16:39.342+0000][69][gc,metaspace] GC(580) Metaspace: 139241K(142464K)->139241K(142464K) NonClass: 121597K(122752K)->121597K(122752K) Class: 17644K(19712K)->17644K(19712K)
[2023-03-15T07:16:39.342+0000][69][gc          ] GC(580) Pause Young (Normal) (G1 Evacuation Pause) 202M->111M(256M) 21.103ms
[2023-03-15T07:16:39.343+0000][69][gc,cpu      ] GC(580) User=0.01s Sys=0.00s Real=0.02s
[2023-03-15T07:16:39.343+0000][69][safepoint   ] Safepoint "G1CollectForAllocation", Time since last: 8843553130 ns, Reaching safepoint: 62478 ns, At safepoint: 22250998 ns, Total: 22313476 ns
[2023-03-15T07:17:09.079+0000][69][gc,start    ] GC(581) Pause Young (Concurrent Start) (G1 Evacuation Pause)
[2023-03-15T07:17:09.080+0000][69][gc,task     ] GC(581) Using 4 workers of 4 for evacuation
[2023-03-15T07:17:09.081+0000][69][gc,age      ] GC(581) Desired survivor size 6291456 bytes, new threshold 15 (max threshold 15)
[2023-03-15T07:17:09.087+0000][69][gc,phases   ] GC(581)   Pre Evacuate Collection Set: 0.3ms
[2023-03-15T07:17:09.088+0000][69][gc,phases   ] GC(581)   Merge Heap Roots: 0.2ms
[2023-03-15T07:17:09.089+0000][69][gc,phases   ] GC(581)   Evacuate Collection Set: 4.3ms
[2023-03-15T07:17:09.089+0000][69][gc,phases   ] GC(581)   Post Evacuate Collection Set: 1.0ms
[2023-03-15T07:17:09.089+0000][69][gc,phases   ] GC(581)   Other: 1.3ms
[2023-03-15T07:17:09.090+0000][69][gc,age      ] GC(581) Age table with threshold 15 (max threshold 15)
[2023-03-15T07:17:09.090+0000][69][gc,age      ] GC(581) - age   1:    1672504 bytes,    1672504 total
[2023-03-15T07:17:09.091+0000][69][gc,age      ] GC(581) - age   2:       1728 bytes,    1674232 total
[2023-03-15T07:17:09.091+0000][69][gc,age      ] GC(581) - age   3:       9688 bytes,    1683920 total
[2023-03-15T07:17:09.092+0000][69][gc,age      ] GC(581) - age   4:     294280 bytes,    1978200 total
[2023-03-15T07:17:09.092+0000][69][gc,age      ] GC(581) - age   5:        296 bytes,    1978496 total
[2023-03-15T07:17:09.093+0000][69][gc,age      ] GC(581) - age   6:       2456 bytes,    1980952 total
[2023-03-15T07:17:09.093+0000][69][gc,age      ] GC(581) - age   7:       8760 bytes,    1989712 total
[2023-03-15T07:17:09.094+0000][69][gc,age      ] GC(581) - age   8:       2528 bytes,    1992240 total
[2023-03-15T07:17:09.094+0000][69][gc,age      ] GC(581) - age   9:        232 bytes,    1992472 total
[2023-03-15T07:17:09.094+0000][69][gc,age      ] GC(581) - age  10:       2568 bytes,    1995040 total
[2023-03-15T07:17:09.095+0000][69][gc,age      ] GC(581) - age  11:        288 bytes,    1995328 total
[2023-03-15T07:17:09.095+0000][69][gc,age      ] GC(581) - age  12:      19928 bytes,    2015256 total
[2023-03-15T07:17:09.096+0000][69][gc,age      ] GC(581) - age  13:        248 bytes,    2015504 total
[2023-03-15T07:17:09.096+0000][69][gc,age      ] GC(581) - age  14:      54736 bytes,    2070240 total
[2023-03-15T07:17:09.096+0000][69][gc,age      ] GC(581) - age  15:        336 bytes,    2070576 total
[2023-03-15T07:17:09.097+0000][69][gc,heap     ] GC(581) Eden regions: 23->0(23)
[2023-03-15T07:17:09.097+0000][69][gc,heap     ] GC(581) Survivor regions: 1->1(3)
[2023-03-15T07:17:09.097+0000][69][gc,heap     ] GC(581) Old regions: 25->25
[2023-03-15T07:17:09.098+0000][69][gc,heap     ] GC(581) Archive regions: 2->2
[2023-03-15T07:17:09.098+0000][69][gc,heap     ] GC(581) Humongous regions: 2->2
[2023-03-15T07:17:09.099+0000][69][gc,metaspace] GC(581) Metaspace: 139242K(142464K)->139242K(142464K) NonClass: 121598K(122752K)->121598K(122752K) Class: 17644K(19712K)->17644K(19712K)
[2023-03-15T07:17:09.099+0000][69][gc          ] GC(581) Pause Young (Concurrent Start) (G1 Evacuation Pause) 203M->111M(256M) 19.845ms
[2023-03-15T07:17:09.100+0000][69][gc,cpu      ] GC(581) User=0.01s Sys=0.01s Real=0.02s
[2023-03-15T07:17:09.100+0000][69][safepoint   ] Safepoint "G1CollectForAllocation", Time since last: 29760192457 ns, Reaching safepoint: 126095 ns, At safepoint: 20844934 ns, Total: 20971029 ns
[2023-03-15T07:17:09.100+0000][69][gc          ] GC(582) Concurrent Mark Cycle
[2023-03-15T07:17:09.101+0000][69][gc,marking  ] GC(582) Concurrent Clear Claimed Marks
[2023-03-15T07:17:09.102+0000][69][gc,marking  ] GC(582) Concurrent Clear Claimed Marks 1.012ms
[2023-03-15T07:17:09.102+0000][69][gc,marking  ] GC(582) Concurrent Scan Root Regions
[2023-03-15T07:17:09.106+0000][69][gc,marking  ] GC(582) Concurrent Scan Root Regions 3.622ms
[2023-03-15T07:17:09.107+0000][69][gc,marking  ] GC(582) Concurrent Mark
[2023-03-15T07:17:09.107+0000][69][gc,marking  ] GC(582) Concurrent Mark From Roots
[2023-03-15T07:17:09.108+0000][69][gc,task     ] GC(582) Using 1 workers of 1 for marking
[2023-03-15T07:17:09.244+0000][69][gc,marking  ] GC(582) Concurrent Mark From Roots 136.493ms
[2023-03-15T07:17:09.244+0000][69][gc,marking  ] GC(582) Concurrent Preclean
[2023-03-15T07:17:09.245+0000][69][gc,marking  ] GC(582) Concurrent Preclean 0.905ms
[2023-03-15T07:17:09.246+0000][69][gc,start    ] GC(582) Pause Remark
[2023-03-15T07:17:09.257+0000][69][gc          ] GC(582) Pause Remark 113M->113M(256M) 10.959ms
[2023-03-15T07:17:09.258+0000][69][gc,cpu      ] GC(582) User=0.03s Sys=0.00s Real=0.02s
[2023-03-15T07:17:09.258+0000][69][safepoint   ] Safepoint "G1PauseRemark", Time since last: 145445952 ns, Reaching safepoint: 136138 ns, At safepoint: 12340690 ns, Total: 12476828 ns
[2023-03-15T07:17:09.259+0000][69][gc,marking  ] GC(582) Concurrent Mark 152.137ms
[2023-03-15T07:17:09.259+0000][69][gc,marking  ] GC(582) Concurrent Rebuild Remembered Sets
[2023-03-15T07:17:09.318+0000][69][gc,marking  ] GC(582) Concurrent Rebuild Remembered Sets 59.132ms
[2023-03-15T07:17:09.319+0000][69][gc,start    ] GC(582) Pause Cleanup
[2023-03-15T07:17:09.320+0000][69][gc          ] GC(582) Pause Cleanup 114M->114M(256M) 0.692ms
[2023-03-15T07:17:09.321+0000][69][gc,cpu      ] GC(582) User=0.00s Sys=0.00s Real=0.00s
[2023-03-15T07:17:09.321+0000][69][safepoint   ] Safepoint "G1PauseCleanup", Time since last: 60898575 ns, Reaching safepoint: 296472 ns, At safepoint: 2241454 ns, Total: 2537926 ns
[2023-03-15T07:17:09.322+0000][69][gc,marking  ] GC(582) Concurrent Cleanup for Next Mark
[2023-03-15T07:17:09.323+0000][69][gc,marking  ] GC(582) Concurrent Cleanup for Next Mark 0.920ms
[2023-03-15T07:17:09.324+0000][69][gc          ] GC(582) Concurrent Mark Cycle 224.058ms
[2023-03-15T07:17:27.325+0000][69][safepoint   ] Safepoint "Cleanup", Time since last: 18025971077 ns, Reaching safepoint: 372619 ns, At safepoint: 14461 ns, Total: 387080 ns
[2023-03-15T07:17:39.069+0000][69][gc,start    ] GC(583) Pause Young (Normal) (G1 Evacuation Pause)
[2023-03-15T07:17:39.070+0000][69][gc,task     ] GC(583) Using 4 workers of 4 for evacuation
[2023-03-15T07:17:39.071+0000][69][gc,age      ] GC(583) Desired survivor size 6291456 bytes, new threshold 15 (max threshold 15)
[2023-03-15T07:17:39.075+0000][69][gc,phases   ] GC(583)   Pre Evacuate Collection Set: 0.1ms
[2023-03-15T07:17:39.076+0000][69][gc,phases   ] GC(583)   Merge Heap Roots: 0.0ms
[2023-03-15T07:17:39.076+0000][69][gc,phases   ] GC(583)   Evacuate Collection Set: 1.8ms
[2023-03-15T07:17:39.077+0000][69][gc,phases   ] GC(583)   Post Evacuate Collection Set: 1.2ms
[2023-03-15T07:17:39.078+0000][69][gc,phases   ] GC(583)   Other: 1.4ms
[2023-03-15T07:17:39.078+0000][69][gc,age      ] GC(583) Age table with threshold 15 (max threshold 15)
[2023-03-15T07:17:39.079+0000][69][gc,age      ] GC(583) - age   1:     561520 bytes,     561520 total
[2023-03-15T07:17:39.080+0000][69][gc,age      ] GC(583) - age   2:       9496 bytes,     571016 total
[2023-03-15T07:17:39.080+0000][69][gc,age      ] GC(583) - age   3:        232 bytes,     571248 total
[2023-03-15T07:17:39.081+0000][69][gc,age      ] GC(583) - age   4:       9240 bytes,     580488 total
[2023-03-15T07:17:39.081+0000][69][gc,age      ] GC(583) - age   5:     294024 bytes,     874512 total
[2023-03-15T07:17:39.082+0000][69][gc,age      ] GC(583) - age   6:        296 bytes,     874808 total
[2023-03-15T07:17:39.082+0000][69][gc,age      ] GC(583) - age   7:       2456 bytes,     877264 total
[2023-03-15T07:17:39.083+0000][69][gc,age      ] GC(583) - age   8:       8760 bytes,     886024 total
[2023-03-15T07:17:39.083+0000][69][gc,age      ] GC(583) - age   9:       2528 bytes,     888552 total
[2023-03-15T07:17:39.084+0000][69][gc,age      ] GC(583) - age  10:        232 bytes,     888784 total
[2023-03-15T07:17:39.085+0000][69][gc,age      ] GC(583) - age  11:       2568 bytes,     891352 total
[2023-03-15T07:17:39.085+0000][69][gc,age      ] GC(583) - age  12:        288 bytes,     891640 total
[2023-03-15T07:17:39.086+0000][69][gc,age      ] GC(583) - age  13:      19632 bytes,     911272 total
[2023-03-15T07:17:39.086+0000][69][gc,age      ] GC(583) - age  14:        184 bytes,     911456 total
[2023-03-15T07:17:39.087+0000][69][gc,age      ] GC(583) - age  15:      54736 bytes,     966192 total
[2023-03-15T07:17:39.087+0000][69][gc,heap     ] GC(583) Eden regions: 23->0(23)
[2023-03-15T07:17:39.088+0000][69][gc,heap     ] GC(583) Survivor regions: 1->1(3)
[2023-03-15T07:17:39.088+0000][69][gc,heap     ] GC(583) Old regions: 25->25
[2023-03-15T07:17:39.089+0000][69][gc,heap     ] GC(583) Archive regions: 2->2
[2023-03-15T07:17:39.090+0000][69][gc,heap     ] GC(583) Humongous regions: 2->2
[2023-03-15T07:17:39.091+0000][69][gc,metaspace] GC(583) Metaspace: 139242K(142464K)->139242K(142464K) NonClass: 121598K(122752K)->121598K(122752K) Class: 17644K(19712K)->17644K(19712K)
[2023-03-15T07:17:39.091+0000][69][gc          ] GC(583) Pause Young (Normal) (G1 Evacuation Pause) 203M->110M(256M) 21.992ms
[2023-03-15T07:17:39.092+0000][69][gc,cpu      ] GC(583) User=0.01s Sys=0.01s Real=0.02s
[2023-03-15T07:17:39.092+0000][69][safepoint   ] Safepoint "G1CollectForAllocation", Time since last: 11744298558 ns, Reaching safepoint: 170250 ns, At safepoint: 23223401 ns, Total: 23393651 ns
[2023-03-15T07:18:01.088+0000][69][safepoint   ] Safepoint "Cleanup", Time since last: 22017241253 ns, Reaching safepoint: 458568 ns, At safepoint: 12193 ns, Total: 470761 ns
[2023-03-15T07:18:03.265+0000][69][gc,start    ] GC(584) Pause Young (Concurrent Start) (G1 Evacuation Pause)
[2023-03-15T07:18:03.265+0000][69][gc,task     ] GC(584) Using 4 workers of 4 for evacuation
[2023-03-15T07:18:03.265+0000][69][gc,age      ] GC(584) Desired survivor size 6291456 bytes, new threshold 15 (max threshold 15)
[2023-03-15T07:18:03.269+0000][69][gc,phases   ] GC(584)   Pre Evacuate Collection Set: 0.4ms
[2023-03-15T07:18:03.269+0000][69][gc,phases   ] GC(584)   Merge Heap Roots: 0.2ms
[2023-03-15T07:18:03.270+0000][69][gc,phases   ] GC(584)   Evacuate Collection Set: 1.5ms
[2023-03-15T07:18:03.270+0000][69][gc,phases   ] GC(584)   Post Evacuate Collection Set: 0.7ms
[2023-03-15T07:18:03.271+0000][69][gc,phases   ] GC(584)   Other: 0.9ms
[2023-03-15T07:18:03.271+0000][69][gc,age      ] GC(584) Age table with threshold 15 (max threshold 15)
[2023-03-15T07:18:03.271+0000][69][gc,age      ] GC(584) - age   1:     554760 bytes,     554760 total
[2023-03-15T07:18:03.272+0000][69][gc,age      ] GC(584) - age   2:       1472 bytes,     556232 total
[2023-03-15T07:18:03.272+0000][69][gc,age      ] GC(584) - age   3:       4120 bytes,     560352 total
[2023-03-15T07:18:03.272+0000][69][gc,age      ] GC(584) - age   4:        168 bytes,     560520 total
[2023-03-15T07:18:03.273+0000][69][gc,age      ] GC(584) - age   5:       8872 bytes,     569392 total
[2023-03-15T07:18:03.273+0000][69][gc,age      ] GC(584) - age   6:     294024 bytes,     863416 total
[2023-03-15T07:18:03.273+0000][69][gc,age      ] GC(584) - age   8:       2456 bytes,     865872 total
[2023-03-15T07:18:03.274+0000][69][gc,age      ] GC(584) - age   9:       8760 bytes,     874632 total
[2023-03-15T07:18:03.274+0000][69][gc,age      ] GC(584) - age  10:       2528 bytes,     877160 total
[2023-03-15T07:18:03.274+0000][69][gc,age      ] GC(584) - age  12:       2568 bytes,     879728 total
[2023-03-15T07:18:03.275+0000][69][gc,age      ] GC(584) - age  13:        288 bytes,     880016 total
[2023-03-15T07:18:03.275+0000][69][gc,age      ] GC(584) - age  14:      19592 bytes,     899608 total
[2023-03-15T07:18:03.275+0000][69][gc,age      ] GC(584) - age  15:        184 bytes,     899792 total
[2023-03-15T07:18:03.276+0000][69][gc,heap     ] GC(584) Eden regions: 23->0(23)
[2023-03-15T07:18:03.276+0000][69][gc,heap     ] GC(584) Survivor regions: 1->1(3)
[2023-03-15T07:18:03.277+0000][69][gc,heap     ] GC(584) Old regions: 25->25
[2023-03-15T07:18:03.277+0000][69][gc,heap     ] GC(584) Archive regions: 2->2
[2023-03-15T07:18:03.277+0000][69][gc,heap     ] GC(584) Humongous regions: 2->2
[2023-03-15T07:18:03.278+0000][69][gc,metaspace] GC(584) Metaspace: 139246K(142464K)->139246K(142464K) NonClass: 121602K(122752K)->121602K(122752K) Class: 17644K(19712K)->17644K(19712K)
[2023-03-15T07:18:03.278+0000][69][gc          ] GC(584) Pause Young (Concurrent Start) (G1 Evacuation Pause) 202M->110M(256M) 13.518ms
[2023-03-15T07:18:03.278+0000][69][gc,cpu      ] GC(584) User=0.01s Sys=0.00s Real=0.01s
[2023-03-15T07:18:03.279+0000][69][safepoint   ] Safepoint "G1CollectForAllocation", Time since last: 2176009833 ns, Reaching safepoint: 101289 ns, At safepoint: 14346012 ns, Total: 14447301 ns
[2023-03-15T07:18:03.279+0000][69][gc          ] GC(585) Concurrent Mark Cycle
[2023-03-15T07:18:03.280+0000][69][gc,marking  ] GC(585) Concurrent Clear Claimed Marks
[2023-03-15T07:18:03.280+0000][69][gc,marking  ] GC(585) Concurrent Clear Claimed Marks 0.819ms
[2023-03-15T07:18:03.281+0000][69][gc,marking  ] GC(585) Concurrent Scan Root Regions
[2023-03-15T07:18:03.283+0000][69][gc,marking  ] GC(585) Concurrent Scan Root Regions 2.352ms
[2023-03-15T07:18:03.284+0000][69][gc,marking  ] GC(585) Concurrent Mark
[2023-03-15T07:18:03.285+0000][69][gc,marking  ] GC(585) Concurrent Mark From Roots
[2023-03-15T07:18:03.285+0000][69][gc,task     ] GC(585) Using 1 workers of 1 for marking
[2023-03-15T07:18:03.400+0000][69][gc,marking  ] GC(585) Concurrent Mark From Roots 114.784ms
[2023-03-15T07:18:03.400+0000][69][gc,marking  ] GC(585) Concurrent Preclean
[2023-03-15T07:18:03.402+0000][69][gc,marking  ] GC(585) Concurrent Preclean 1.227ms
[2023-03-15T07:18:03.403+0000][69][gc,start    ] GC(585) Pause Remark
[2023-03-15T07:18:03.418+0000][69][gc          ] GC(585) Pause Remark 115M->115M(256M) 15.346ms
[2023-03-15T07:18:03.419+0000][69][gc,cpu      ] GC(585) User=0.03s Sys=0.00s Real=0.01s
[2023-03-15T07:18:03.419+0000][69][safepoint   ] Safepoint "G1PauseRemark", Time since last: 123482710 ns, Reaching safepoint: 115749 ns, At safepoint: 16840843 ns, Total: 16956592 ns
[2023-03-15T07:18:03.420+0000][69][gc,marking  ] GC(585) Concurrent Mark 135.391ms
[2023-03-15T07:18:03.420+0000][69][gc,marking  ] GC(585) Concurrent Rebuild Remembered Sets
[2023-03-15T07:18:03.475+0000][69][gc,marking  ] GC(585) Concurrent Rebuild Remembered Sets 54.648ms
[2023-03-15T07:18:03.476+0000][69][gc,start    ] GC(585) Pause Cleanup
[2023-03-15T07:18:03.477+0000][69][gc          ] GC(585) Pause Cleanup 115M->115M(256M) 0.725ms
[2023-03-15T07:18:03.477+0000][69][gc,cpu      ] GC(585) User=0.00s Sys=0.00s Real=0.00s
[2023-03-15T07:18:03.478+0000][69][safepoint   ] Safepoint "G1PauseCleanup", Time since last: 56768622 ns, Reaching safepoint: 85574 ns, At safepoint: 1699307 ns, Total: 1784881 ns
[2023-03-15T07:18:03.478+0000][69][gc,marking  ] GC(585) Concurrent Cleanup for Next Mark
[2023-03-15T07:18:03.479+0000][69][gc,marking  ] GC(585) Concurrent Cleanup for Next Mark 0.727ms
[2023-03-15T07:18:03.480+0000][69][gc          ] GC(585) Concurrent Mark Cycle 201.120ms
[2023-03-15T07:18:18.470+0000][69][safepoint   ] Safepoint "Cleanup", Time since last: 15013766864 ns, Reaching safepoint: 718279 ns, At safepoint: 17386 ns, Total: 735665 ns
[2023-03-15T07:18:24.478+0000][69][safepoint   ] Safepoint "Cleanup", Time since last: 6007205693 ns, Reaching safepoint: 421310 ns, At safepoint: 12653 ns, Total: 433963 ns
[2023-03-15T07:18:30.026+0000][69][gc,start    ] GC(586) Pause Young (Normal) (G1 Evacuation Pause)
[2023-03-15T07:18:30.031+0000][69][gc,task     ] GC(586) Using 4 workers of 4 for evacuation
[2023-03-15T07:18:30.033+0000][69][gc,age      ] GC(586) Desired survivor size 6291456 bytes, new threshold 15 (max threshold 15)
[2023-03-15T07:18:30.038+0000][69][gc,phases   ] GC(586)   Pre Evacuate Collection Set: 0.2ms
[2023-03-15T07:18:30.039+0000][69][gc,phases   ] GC(586)   Merge Heap Roots: 0.1ms
[2023-03-15T07:18:30.040+0000][69][gc,phases   ] GC(586)   Evacuate Collection Set: 2.4ms
[2023-03-15T07:18:30.040+0000][69][gc,phases   ] GC(586)   Post Evacuate Collection Set: 1.6ms
[2023-03-15T07:18:30.041+0000][69][gc,phases   ] GC(586)   Other: 2.4ms
[2023-03-15T07:18:30.042+0000][69][gc,age      ] GC(586) Age table with threshold 15 (max threshold 15)
[2023-03-15T07:18:30.043+0000][69][gc,age      ] GC(586) - age   1:    1037112 bytes,    1037112 total
[2023-03-15T07:18:30.043+0000][69][gc,age      ] GC(586) - age   2:      75624 bytes,    1112736 total
[2023-03-15T07:18:30.044+0000][69][gc,age      ] GC(586) - age   3:        672 bytes,    1113408 total
[2023-03-15T07:18:30.044+0000][69][gc,age      ] GC(586) - age   4:       3504 bytes,    1116912 total
[2023-03-15T07:18:30.045+0000][69][gc,age      ] GC(586) - age   5:        104 bytes,    1117016 total
[2023-03-15T07:18:30.045+0000][69][gc,age      ] GC(586) - age   6:       8872 bytes,    1125888 total
[2023-03-15T07:18:30.046+0000][69][gc,age      ] GC(586) - age   7:     294024 bytes,    1419912 total
[2023-03-15T07:18:30.047+0000][69][gc,age      ] GC(586) - age   9:       2456 bytes,    1422368 total
[2023-03-15T07:18:30.047+0000][69][gc,age      ] GC(586) - age  10:       8760 bytes,    1431128 total
[2023-03-15T07:18:30.048+0000][69][gc,age      ] GC(586) - age  11:       2528 bytes,    1433656 total
[2023-03-15T07:18:30.048+0000][69][gc,age      ] GC(586) - age  13:       2568 bytes,    1436224 total
[2023-03-15T07:18:30.049+0000][69][gc,age      ] GC(586) - age  14:        288 bytes,    1436512 total
[2023-03-15T07:18:30.050+0000][69][gc,age      ] GC(586) - age  15:      19592 bytes,    1456104 total
[2023-03-15T07:18:30.050+0000][69][gc,heap     ] GC(586) Eden regions: 23->0(23)
[2023-03-15T07:18:30.051+0000][69][gc,heap     ] GC(586) Survivor regions: 1->1(3)
[2023-03-15T07:18:30.051+0000][69][gc,heap     ] GC(586) Old regions: 25->25
[2023-03-15T07:18:30.051+0000][69][gc,heap     ] GC(586) Archive regions: 2->2
[2023-03-15T07:18:30.052+0000][69][gc,heap     ] GC(586) Humongous regions: 2->2
[2023-03-15T07:18:30.052+0000][69][gc,metaspace] GC(586) Metaspace: 139246K(142464K)->139246K(142464K) NonClass: 121602K(122752K)->121602K(122752K) Class: 17644K(19712K)->17644K(19712K)
[2023-03-15T07:18:30.053+0000][69][gc          ] GC(586) Pause Young (Normal) (G1 Evacuation Pause) 202M->111M(256M) 26.915ms
[2023-03-15T07:18:30.053+0000][69][gc,cpu      ] GC(586) User=0.01s Sys=0.01s Real=0.03s
[2023-03-15T07:18:30.054+0000][69][safepoint   ] Safepoint "G1CollectForAllocation", Time since last: 5548379497 ns, Reaching safepoint: 163320 ns, At safepoint: 27815205 ns, Total: 27978525 ns
[2023-03-15T07:18:52.054+0000][69][safepoint   ] Safepoint "Cleanup", Time since last: 22021283585 ns, Reaching safepoint: 710854 ns, At safepoint: 19411 ns, Total: 730265 ns
[2023-03-15T07:18:57.259+0000][69][gc,start    ] GC(587) Pause Young (Concurrent Start) (G1 Evacuation Pause)
[2023-03-15T07:18:57.259+0000][69][gc,task     ] GC(587) Using 4 workers of 4 for evacuation
[2023-03-15T07:18:57.260+0000][69][gc,age      ] GC(587) Desired survivor size 6291456 bytes, new threshold 15 (max threshold 15)
[2023-03-15T07:18:57.264+0000][69][gc,phases   ] GC(587)   Pre Evacuate Collection Set: 0.4ms
[2023-03-15T07:18:57.265+0000][69][gc,phases   ] GC(587)   Merge Heap Roots: 0.1ms
[2023-03-15T07:18:57.265+0000][69][gc,phases   ] GC(587)   Evacuate Collection Set: 1.8ms
[2023-03-15T07:18:57.266+0000][69][gc,phases   ] GC(587)   Post Evacuate Collection Set: 1.1ms
[2023-03-15T07:18:57.266+0000][69][gc,phases   ] GC(587)   Other: 1.0ms
[2023-03-15T07:18:57.267+0000][69][gc,age      ] GC(587) Age table with threshold 15 (max threshold 15)
[2023-03-15T07:18:57.267+0000][69][gc,age      ] GC(587) - age   1:    1300216 bytes,    1300216 total
[2023-03-15T07:18:57.268+0000][69][gc,age      ] GC(587) - age   2:     187104 bytes,    1487320 total
[2023-03-15T07:18:57.268+0000][69][gc,age      ] GC(587) - age   3:      63280 bytes,    1550600 total
[2023-03-15T07:18:57.268+0000][69][gc,age      ] GC(587) - age   4:        296 bytes,    1550896 total
[2023-03-15T07:18:57.269+0000][69][gc,age      ] GC(587) - age   5:       2136 bytes,    1553032 total
[2023-03-15T07:18:57.269+0000][69][gc,age      ] GC(587) - age   6:        104 bytes,    1553136 total
[2023-03-15T07:18:57.270+0000][69][gc,age      ] GC(587) - age   7:        216 bytes,    1553352 total
[2023-03-15T07:18:57.270+0000][69][gc,age      ] GC(587) - age   8:     169192 bytes,    1722544 total
[2023-03-15T07:18:57.271+0000][69][gc,age      ] GC(587) - age  10:       2456 bytes,    1725000 total
[2023-03-15T07:18:57.271+0000][69][gc,age      ] GC(587) - age  11:       8760 bytes,    1733760 total
[2023-03-15T07:18:57.272+0000][69][gc,age      ] GC(587) - age  12:       2528 bytes,    1736288 total
[2023-03-15T07:18:57.272+0000][69][gc,age      ] GC(587) - age  14:       2568 bytes,    1738856 total
[2023-03-15T07:18:57.273+0000][69][gc,age      ] GC(587) - age  15:        288 bytes,    1739144 total
[2023-03-15T07:18:57.273+0000][69][gc,heap     ] GC(587) Eden regions: 23->0(23)
[2023-03-15T07:18:57.274+0000][69][gc,heap     ] GC(587) Survivor regions: 1->1(3)
[2023-03-15T07:18:57.274+0000][69][gc,heap     ] GC(587) Old regions: 25->25
[2023-03-15T07:18:57.275+0000][69][gc,heap     ] GC(587) Archive regions: 2->2
[2023-03-15T07:18:57.275+0000][69][gc,heap     ] GC(587) Humongous regions: 2->2
[2023-03-15T07:18:57.276+0000][69][gc,metaspace] GC(587) Metaspace: 139247K(142464K)->139247K(142464K) NonClass: 121603K(122752K)->121603K(122752K) Class: 17644K(19712K)->17644K(19712K)
[2023-03-15T07:18:57.276+0000][69][gc          ] GC(587) Pause Young (Concurrent Start) (G1 Evacuation Pause) 203M->111M(256M) 17.686ms
[2023-03-15T07:18:57.277+0000][69][gc,cpu      ] GC(587) User=0.01s Sys=0.00s Real=0.02s
[2023-03-15T07:18:57.278+0000][69][safepoint   ] Safepoint "G1CollectForAllocation", Time since last: 5204640032 ns, Reaching safepoint: 114203 ns, At safepoint: 18886962 ns, Total: 19001165 ns
[2023-03-15T07:18:57.277+0000][69][gc          ] GC(588) Concurrent Mark Cycle
[2023-03-15T07:18:57.279+0000][69][gc,marking  ] GC(588) Concurrent Clear Claimed Marks
[2023-03-15T07:18:57.280+0000][69][gc,marking  ] GC(588) Concurrent Clear Claimed Marks 0.848ms
[2023-03-15T07:18:57.280+0000][69][gc,marking  ] GC(588) Concurrent Scan Root Regions
[2023-03-15T07:18:57.287+0000][69][gc,marking  ] GC(588) Concurrent Scan Root Regions 6.569ms
[2023-03-15T07:18:57.287+0000][69][gc,marking  ] GC(588) Concurrent Mark
[2023-03-15T07:18:57.288+0000][69][gc,marking  ] GC(588) Concurrent Mark From Roots
[2023-03-15T07:18:57.288+0000][69][gc,task     ] GC(588) Using 1 workers of 1 for marking
[2023-03-15T07:18:57.419+0000][69][gc,marking  ] GC(588) Concurrent Mark From Roots 131.160ms
[2023-03-15T07:18:57.420+0000][69][gc,marking  ] GC(588) Concurrent Preclean
[2023-03-15T07:18:57.421+0000][69][gc,marking  ] GC(588) Concurrent Preclean 0.879ms
[2023-03-15T07:18:57.421+0000][69][gc,start    ] GC(588) Pause Remark
[2023-03-15T07:18:57.435+0000][69][gc          ] GC(588) Pause Remark 115M->115M(256M) 14.088ms
[2023-03-15T07:18:57.436+0000][69][gc,cpu      ] GC(588) User=0.04s Sys=0.00s Real=0.01s
[2023-03-15T07:18:57.437+0000][69][safepoint   ] Safepoint "G1PauseRemark", Time since last: 143626974 ns, Reaching safepoint: 103836 ns, At safepoint: 15406429 ns, Total: 15510265 ns
[2023-03-15T07:18:57.437+0000][69][gc,marking  ] GC(588) Concurrent Mark 149.739ms
[2023-03-15T07:18:57.438+0000][69][gc,marking  ] GC(588) Concurrent Rebuild Remembered Sets
[2023-03-15T07:18:57.509+0000][69][gc,marking  ] GC(588) Concurrent Rebuild Remembered Sets 71.046ms
[2023-03-15T07:18:57.510+0000][69][gc,start    ] GC(588) Pause Cleanup
[2023-03-15T07:18:57.511+0000][69][gc          ] GC(588) Pause Cleanup 115M->115M(256M) 0.797ms
[2023-03-15T07:18:57.511+0000][69][gc,cpu      ] GC(588) User=0.00s Sys=0.00s Real=0.00s
[2023-03-15T07:18:57.512+0000][69][safepoint   ] Safepoint "G1PauseCleanup", Time since last: 72867654 ns, Reaching safepoint: 176807 ns, At safepoint: 1930287 ns, Total: 2107094 ns
[2023-03-15T07:18:57.512+0000][69][gc,marking  ] GC(588) Concurrent Cleanup for Next Mark
[2023-03-15T07:18:57.513+0000][69][gc,marking  ] GC(588) Concurrent Cleanup for Next Mark 0.839ms
[2023-03-15T07:18:57.514+0000][69][gc          ] GC(588) Concurrent Mark Cycle 236.532ms
[2023-03-15T07:19:28.157+0000][69][gc,start    ] GC(589) Pause Young (Prepare Mixed) (G1 Evacuation Pause)
[2023-03-15T07:19:28.158+0000][69][gc,task     ] GC(589) Using 4 workers of 4 for evacuation
[2023-03-15T07:19:28.159+0000][69][gc,age      ] GC(589) Desired survivor size 6291456 bytes, new threshold 15 (max threshold 15)
[2023-03-15T07:19:28.165+0000][69][gc,phases   ] GC(589)   Pre Evacuate Collection Set: 0.5ms
[2023-03-15T07:19:28.166+0000][69][gc,phases   ] GC(589)   Merge Heap Roots: 0.4ms
[2023-03-15T07:19:28.166+0000][69][gc,phases   ] GC(589)   Evacuate Collection Set: 2.4ms
[2023-03-15T07:19:28.167+0000][69][gc,phases   ] GC(589)   Post Evacuate Collection Set: 1.7ms
[2023-03-15T07:19:28.167+0000][69][gc,phases   ] GC(589)   Other: 1.6ms
[2023-03-15T07:19:28.168+0000][69][gc,age      ] GC(589) Age table with threshold 15 (max threshold 15)
[2023-03-15T07:19:28.168+0000][69][gc,age      ] GC(589) - age   1:    1398496 bytes,    1398496 total
[2023-03-15T07:19:28.169+0000][69][gc,age      ] GC(589) - age   2:     205680 bytes,    1604176 total
[2023-03-15T07:19:28.170+0000][69][gc,age      ] GC(589) - age   3:     169104 bytes,    1773280 total
[2023-03-15T07:19:28.171+0000][69][gc,age      ] GC(589) - age   4:      62984 bytes,    1836264 total
[2023-03-15T07:19:28.173+0000][69][gc,age      ] GC(589) - age   5:        296 bytes,    1836560 total
[2023-03-15T07:19:28.174+0000][69][gc,age      ] GC(589) - age   6:       2136 bytes,    1838696 total
[2023-03-15T07:19:28.175+0000][69][gc,age      ] GC(589) - age   7:        104 bytes,    1838800 total
[2023-03-15T07:19:28.175+0000][69][gc,age      ] GC(589) - age   8:        216 bytes,    1839016 total
[2023-03-15T07:19:28.176+0000][69][gc,age      ] GC(589) - age   9:     168960 bytes,    2007976 total
[2023-03-15T07:19:28.177+0000][69][gc,age      ] GC(589) - age  11:       2160 bytes,    2010136 total
[2023-03-15T07:19:28.178+0000][69][gc,age      ] GC(589) - age  12:       8760 bytes,    2018896 total
[2023-03-15T07:19:28.178+0000][69][gc,age      ] GC(589) - age  13:       2528 bytes,    2021424 total
[2023-03-15T07:19:28.179+0000][69][gc,age      ] GC(589) - age  15:       2568 bytes,    2023992 total
[2023-03-15T07:19:28.179+0000][69][gc,heap     ] GC(589) Eden regions: 23->0(2)
[2023-03-15T07:19:28.180+0000][69][gc,heap     ] GC(589) Survivor regions: 1->1(3)
[2023-03-15T07:19:28.181+0000][69][gc,heap     ] GC(589) Old regions: 25->25
[2023-03-15T07:19:28.181+0000][69][gc,heap     ] GC(589) Archive regions: 2->2
[2023-03-15T07:19:28.182+0000][69][gc,heap     ] GC(589) Humongous regions: 2->2
[2023-03-15T07:19:28.182+0000][69][gc,metaspace] GC(589) Metaspace: 139247K(142464K)->139247K(142464K) NonClass: 121603K(122752K)->121603K(122752K) Class: 17644K(19712K)->17644K(19712K)
[2023-03-15T07:19:28.183+0000][69][gc          ] GC(589) Pause Young (Prepare Mixed) (G1 Evacuation Pause) 203M->111M(256M) 25.472ms
[2023-03-15T07:19:28.183+0000][69][gc,cpu      ] GC(589) User=0.01s Sys=0.00s Real=0.02s
[2023-03-15T07:19:28.184+0000][69][safepoint   ] Safepoint "G1CollectForAllocation", Time since last: 30667218178 ns, Reaching safepoint: 139252 ns, At safepoint: 26647965 ns, Total: 26787217 ns
[2023-03-15T07:19:31.761+0000][69][gc,start    ] GC(590) Pause Young (Mixed) (G1 Evacuation Pause)
[2023-03-15T07:19:31.763+0000][69][gc,task     ] GC(590) Using 4 workers of 4 for evacuation
[2023-03-15T07:19:31.764+0000][69][gc,age      ] GC(590) Desired survivor size 2097152 bytes, new threshold 15 (max threshold 15)
[2023-03-15T07:19:31.780+0000][69][gc,phases   ] GC(590)   Pre Evacuate Collection Set: 0.2ms
[2023-03-15T07:19:31.781+0000][69][gc,phases   ] GC(590)   Merge Heap Roots: 0.3ms
[2023-03-15T07:19:31.782+0000][69][gc,phases   ] GC(590)   Evacuate Collection Set: 12.0ms
[2023-03-15T07:19:31.782+0000][69][gc,phases   ] GC(590)   Post Evacuate Collection Set: 1.2ms
[2023-03-15T07:19:31.783+0000][69][gc,phases   ] GC(590)   Other: 3.3ms
[2023-03-15T07:19:31.784+0000][69][gc,age      ] GC(590) Age table with threshold 15 (max threshold 15)
[2023-03-15T07:19:31.785+0000][69][gc,age      ] GC(590) - age   1:     300784 bytes,     300784 total
[2023-03-15T07:19:31.785+0000][69][gc,age      ] GC(590) - age   2:     855136 bytes,    1155920 total
[2023-03-15T07:19:31.786+0000][69][gc,age      ] GC(590) - age   3:     205680 bytes,    1361600 total
[2023-03-15T07:19:31.787+0000][69][gc,age      ] GC(590) - age   4:     169104 bytes,    1530704 total
[2023-03-15T07:19:31.788+0000][69][gc,age      ] GC(590) - age   5:      62984 bytes,    1593688 total
[2023-03-15T07:19:31.790+0000][69][gc,age      ] GC(590) - age   6:        296 bytes,    1593984 total
[2023-03-15T07:19:31.792+0000][69][gc,age      ] GC(590) - age   7:       2136 bytes,    1596120 total
[2023-03-15T07:19:31.794+0000][69][gc,age      ] GC(590) - age   8:        104 bytes,    1596224 total
[2023-03-15T07:19:31.794+0000][69][gc,age      ] GC(590) - age   9:        216 bytes,    1596440 total
[2023-03-15T07:19:31.795+0000][69][gc,age      ] GC(590) - age  10:     168960 bytes,    1765400 total
[2023-03-15T07:19:31.796+0000][69][gc,age      ] GC(590) - age  12:       2160 bytes,    1767560 total
[2023-03-15T07:19:31.797+0000][69][gc,age      ] GC(590) - age  13:       8760 bytes,    1776320 total
[2023-03-15T07:19:31.797+0000][69][gc,age      ] GC(590) - age  14:       2528 bytes,    1778848 total
[2023-03-15T07:19:31.799+0000][69][gc,heap     ] GC(590) Eden regions: 2->0(23)
[2023-03-15T07:19:31.800+0000][69][gc,heap     ] GC(590) Survivor regions: 1->1(1)
[2023-03-15T07:19:31.800+0000][69][gc,heap     ] GC(590) Old regions: 25->25
[2023-03-15T07:19:31.801+0000][69][gc,heap     ] GC(590) Archive regions: 2->2
[2023-03-15T07:19:31.802+0000][69][gc,heap     ] GC(590) Humongous regions: 2->2
[2023-03-15T07:19:31.802+0000][69][gc,metaspace] GC(590) Metaspace: 139247K(142464K)->139247K(142464K) NonClass: 121603K(122752K)->121603K(122752K) Class: 17644K(19712K)->17644K(19712K)
[2023-03-15T07:19:31.803+0000][69][gc          ] GC(590) Pause Young (Mixed) (G1 Evacuation Pause) 119M->110M(256M) 41.892ms
[2023-03-15T07:19:31.803+0000][69][gc,cpu      ] GC(590) User=0.03s Sys=0.00s Real=0.04s
[2023-03-15T07:19:31.804+0000][69][safepoint   ] Safepoint "G1CollectForAllocation", Time since last: 3576979364 ns, Reaching safepoint: 196553 ns, At safepoint: 43143442 ns, Total: 43339995 ns
[2023-03-15T07:19:43.792+0000][69][safepoint   ] Safepoint "Cleanup", Time since last: 12010283312 ns, Reaching safepoint: 704866 ns, At safepoint: 43722 ns, Total: 748588 ns
[2023-03-15T07:19:52.079+0000][69][gc,start    ] GC(591) Pause Young (Normal) (G1 Evacuation Pause)
[2023-03-15T07:19:52.080+0000][69][gc,task     ] GC(591) Using 4 workers of 4 for evacuation
[2023-03-15T07:19:52.080+0000][69][gc,age      ] GC(591) Desired survivor size 6291456 bytes, new threshold 15 (max threshold 15)
[2023-03-15T07:19:52.084+0000][69][gc,phases   ] GC(591)   Pre Evacuate Collection Set: 0.1ms
[2023-03-15T07:19:52.085+0000][69][gc,phases   ] GC(591)   Merge Heap Roots: 0.1ms
[2023-03-15T07:19:52.086+0000][69][gc,phases   ] GC(591)   Evacuate Collection Set: 2.3ms
[2023-03-15T07:19:52.087+0000][69][gc,phases   ] GC(591)   Post Evacuate Collection Set: 1.3ms
[2023-03-15T07:19:52.087+0000][69][gc,phases   ] GC(591)   Other: 1.0ms
[2023-03-15T07:19:52.088+0000][69][gc,age      ] GC(591) Age table with threshold 15 (max threshold 15)
[2023-03-15T07:19:52.089+0000][69][gc,age      ] GC(591) - age   1:    1623784 bytes,    1623784 total
[2023-03-15T07:19:52.089+0000][69][gc,age      ] GC(591) - age   2:       8840 bytes,    1632624 total
[2023-03-15T07:19:52.089+0000][69][gc,age      ] GC(591) - age   3:      45296 bytes,    1677920 total
[2023-03-15T07:19:52.090+0000][69][gc,age      ] GC(591) - age   4:     199224 bytes,    1877144 total
[2023-03-15T07:19:52.090+0000][69][gc,age      ] GC(591) - age   5:     169104 bytes,    2046248 total
[2023-03-15T07:19:52.091+0000][69][gc,age      ] GC(591) - age   6:      62744 bytes,    2108992 total
[2023-03-15T07:19:52.091+0000][69][gc,age      ] GC(591) - age   7:        296 bytes,    2109288 total
[2023-03-15T07:19:52.091+0000][69][gc,age      ] GC(591) - age   8:       2104 bytes,    2111392 total
[2023-03-15T07:19:52.092+0000][69][gc,age      ] GC(591) - age   9:        104 bytes,    2111496 total
[2023-03-15T07:19:52.092+0000][69][gc,age      ] GC(591) - age  10:        216 bytes,    2111712 total
[2023-03-15T07:19:52.092+0000][69][gc,age      ] GC(591) - age  11:     168896 bytes,    2280608 total
[2023-03-15T07:19:52.093+0000][69][gc,age      ] GC(591) - age  13:       2160 bytes,    2282768 total
[2023-03-15T07:19:52.093+0000][69][gc,age      ] GC(591) - age  14:       8760 bytes,    2291528 total
[2023-03-15T07:19:52.094+0000][69][gc,age      ] GC(591) - age  15:       2528 bytes,    2294056 total
[2023-03-15T07:19:52.094+0000][69][gc,heap     ] GC(591) Eden regions: 23->0(23)
[2023-03-15T07:19:52.094+0000][69][gc,heap     ] GC(591) Survivor regions: 1->1(3)
[2023-03-15T07:19:52.095+0000][69][gc,heap     ] GC(591) Old regions: 25->25
[2023-03-15T07:19:52.095+0000][69][gc,heap     ] GC(591) Archive regions: 2->2
[2023-03-15T07:19:52.095+0000][69][gc,heap     ] GC(591) Humongous regions: 2->2
[2023-03-15T07:19:52.096+0000][69][gc,metaspace] GC(591) Metaspace: 139247K(142464K)->139247K(142464K) NonClass: 121603K(122752K)->121603K(122752K) Class: 17644K(19712K)->17644K(19712K)
[2023-03-15T07:19:52.097+0000][69][gc          ] GC(591) Pause Young (Normal) (G1 Evacuation Pause) 202M->111M(256M) 17.723ms
[2023-03-15T07:19:52.097+0000][69][gc,cpu      ] GC(591) User=0.01s Sys=0.00s Real=0.02s
[2023-03-15T07:19:52.098+0000][69][safepoint   ] Safepoint "G1CollectForAllocation", Time since last: 8286586688 ns, Reaching safepoint: 69860 ns, At safepoint: 18715650 ns, Total: 18785510 ns
[2023-03-15T07:20:00.104+0000][69][safepoint   ] Safepoint "Cleanup", Time since last: 8005727564 ns, Reaching safepoint: 218918 ns, At safepoint: 8248 ns, Total: 227166 ns
[2023-03-15T07:20:21.211+0000][69][gc,start    ] GC(592) Pause Young (Normal) (G1 Evacuation Pause)
[2023-03-15T07:20:21.212+0000][69][gc,task     ] GC(592) Using 4 workers of 4 for evacuation
[2023-03-15T07:20:21.212+0000][69][gc,age      ] GC(592) Desired survivor size 6291456 bytes, new threshold 15 (max threshold 15)
[2023-03-15T07:20:21.214+0000][69][gc,phases   ] GC(592)   Pre Evacuate Collection Set: 0.1ms
[2023-03-15T07:20:21.215+0000][69][gc,phases   ] GC(592)   Merge Heap Roots: 0.1ms
[2023-03-15T07:20:21.216+0000][69][gc,phases   ] GC(592)   Evacuate Collection Set: 1.1ms
[2023-03-15T07:20:21.216+0000][69][gc,phases   ] GC(592)   Post Evacuate Collection Set: 0.5ms
[2023-03-15T07:20:21.217+0000][69][gc,phases   ] GC(592)   Other: 0.9ms
[2023-03-15T07:20:21.217+0000][69][gc,age      ] GC(592) Age table with threshold 15 (max threshold 15)
[2023-03-15T07:20:21.218+0000][69][gc,age      ] GC(592) - age   1:     591672 bytes,     591672 total
[2023-03-15T07:20:21.218+0000][69][gc,age      ] GC(592) - age   2:       9648 bytes,     601320 total
[2023-03-15T07:20:21.219+0000][69][gc,age      ] GC(592) - age   3:        248 bytes,     601568 total
[2023-03-15T07:20:21.219+0000][69][gc,age      ] GC(592) - age   4:      37664 bytes,     639232 total
[2023-03-15T07:20:21.219+0000][69][gc,age      ] GC(592) - age   5:     199096 bytes,     838328 total
[2023-03-15T07:20:21.220+0000][69][gc,age      ] GC(592) - age   6:     169016 bytes,    1007344 total
[2023-03-15T07:20:21.220+0000][69][gc,age      ] GC(592) - age   7:      62744 bytes,    1070088 total
[2023-03-15T07:20:21.221+0000][69][gc,age      ] GC(592) - age   8:        296 bytes,    1070384 total
[2023-03-15T07:20:21.221+0000][69][gc,age      ] GC(592) - age   9:       2104 bytes,    1072488 total
[2023-03-15T07:20:21.222+0000][69][gc,age      ] GC(592) - age  10:        104 bytes,    1072592 total
[2023-03-15T07:20:21.222+0000][69][gc,age      ] GC(592) - age  11:        216 bytes,    1072808 total
[2023-03-15T07:20:21.223+0000][69][gc,age      ] GC(592) - age  12:     168832 bytes,    1241640 total
[2023-03-15T07:20:21.223+0000][69][gc,age      ] GC(592) - age  14:       2160 bytes,    1243800 total
[2023-03-15T07:20:21.224+0000][69][gc,age      ] GC(592) - age  15:       8760 bytes,    1252560 total
[2023-03-15T07:20:21.224+0000][69][gc,heap     ] GC(592) Eden regions: 23->0(23)
[2023-03-15T07:20:21.225+0000][69][gc,heap     ] GC(592) Survivor regions: 1->1(3)
[2023-03-15T07:20:21.225+0000][69][gc,heap     ] GC(592) Old regions: 25->25
[2023-03-15T07:20:21.225+0000][69][gc,heap     ] GC(592) Archive regions: 2->2
[2023-03-15T07:20:21.226+0000][69][gc,heap     ] GC(592) Humongous regions: 2->2
[2023-03-15T07:20:21.227+0000][69][gc,metaspace] GC(592) Metaspace: 139247K(142464K)->139247K(142464K) NonClass: 121603K(122752K)->121603K(122752K) Class: 17644K(19712K)->17644K(19712K)
[2023-03-15T07:20:21.227+0000][69][gc          ] GC(592) Pause Young (Normal) (G1 Evacuation Pause) 203M->110M(256M) 16.068ms
[2023-03-15T07:20:21.228+0000][69][gc,cpu      ] GC(592) User=0.01s Sys=0.00s Real=0.01s
[2023-03-15T07:20:21.228+0000][69][safepoint   ] Safepoint "G1CollectForAllocation", Time since last: 21128610688 ns, Reaching safepoint: 181509 ns, At safepoint: 17170887 ns, Total: 17352396 ns
[2023-03-15T07:20:51.215+0000][69][gc,start    ] GC(593) Pause Young (Concurrent Start) (G1 Evacuation Pause)
[2023-03-15T07:20:51.216+0000][69][gc,task     ] GC(593) Using 4 workers of 4 for evacuation
[2023-03-15T07:20:51.218+0000][69][gc,age      ] GC(593) Desired survivor size 6291456 bytes, new threshold 15 (max threshold 15)
[2023-03-15T07:20:51.221+0000][69][gc,phases   ] GC(593)   Pre Evacuate Collection Set: 0.4ms
[2023-03-15T07:20:51.222+0000][69][gc,phases   ] GC(593)   Merge Heap Roots: 0.1ms
[2023-03-15T07:20:51.222+0000][69][gc,phases   ] GC(593)   Evacuate Collection Set: 1.3ms
[2023-03-15T07:20:51.222+0000][69][gc,phases   ] GC(593)   Post Evacuate Collection Set: 0.8ms
[2023-03-15T07:20:51.223+0000][69][gc,phases   ] GC(593)   Other: 2.0ms
[2023-03-15T07:20:51.223+0000][69][gc,age      ] GC(593) Age table with threshold 15 (max threshold 15)
[2023-03-15T07:20:51.224+0000][69][gc,age      ] GC(593) - age   1:     633704 bytes,     633704 total
[2023-03-15T07:20:51.224+0000][69][gc,age      ] GC(593) - age   2:        800 bytes,     634504 total
[2023-03-15T07:20:51.224+0000][69][gc,age      ] GC(593) - age   3:       7896 bytes,     642400 total
[2023-03-15T07:20:51.225+0000][69][gc,age      ] GC(593) - age   5:      37376 bytes,     679776 total
[2023-03-15T07:20:51.225+0000][69][gc,age      ] GC(593) - age   6:     198968 bytes,     878744 total
[2023-03-15T07:20:51.225+0000][69][gc,age      ] GC(593) - age   7:     169016 bytes,    1047760 total
[2023-03-15T07:20:51.226+0000][69][gc,age      ] GC(593) - age   8:      20920 bytes,    1068680 total
[2023-03-15T07:20:51.226+0000][69][gc,age      ] GC(593) - age   9:        296 bytes,    1068976 total
[2023-03-15T07:20:51.227+0000][69][gc,age      ] GC(593) - age  10:       2104 bytes,    1071080 total
[2023-03-15T07:20:51.227+0000][69][gc,age      ] GC(593) - age  11:        104 bytes,    1071184 total
[2023-03-15T07:20:51.228+0000][69][gc,age      ] GC(593) - age  12:        216 bytes,    1071400 total
[2023-03-15T07:20:51.228+0000][69][gc,age      ] GC(593) - age  13:     168832 bytes,    1240232 total
[2023-03-15T07:20:51.228+0000][69][gc,age      ] GC(593) - age  15:       2160 bytes,    1242392 total
[2023-03-15T07:20:51.229+0000][69][gc,heap     ] GC(593) Eden regions: 23->0(23)
[2023-03-15T07:20:51.229+0000][69][gc,heap     ] GC(593) Survivor regions: 1->1(3)
[2023-03-15T07:20:51.229+0000][69][gc,heap     ] GC(593) Old regions: 25->25
[2023-03-15T07:20:51.230+0000][69][gc,heap     ] GC(593) Archive regions: 2->2
[2023-03-15T07:20:51.230+0000][69][gc,heap     ] GC(593) Humongous regions: 2->2
[2023-03-15T07:20:51.230+0000][69][gc,metaspace] GC(593) Metaspace: 139249K(142464K)->139249K(142464K) NonClass: 121604K(122752K)->121604K(122752K) Class: 17644K(19712K)->17644K(19712K)
[2023-03-15T07:20:51.231+0000][69][gc          ] GC(593) Pause Young (Concurrent Start) (G1 Evacuation Pause) 202M->110M(256M) 15.630ms
[2023-03-15T07:20:51.231+0000][69][gc          ] GC(594) Concurrent Mark Cycle
[2023-03-15T07:20:51.231+0000][69][gc,cpu      ] GC(593) User=0.00s Sys=0.00s Real=0.02s
[2023-03-15T07:20:51.232+0000][69][gc,marking  ] GC(594) Concurrent Clear Claimed Marks
[2023-03-15T07:20:51.232+0000][69][safepoint   ] Safepoint "G1CollectForAllocation", Time since last: 30009014026 ns, Reaching safepoint: 102106 ns, At safepoint: 17100210 ns, Total: 17202316 ns
[2023-03-15T07:20:51.233+0000][69][gc,marking  ] GC(594) Concurrent Clear Claimed Marks 1.144ms
[2023-03-15T07:20:51.234+0000][69][gc,marking  ] GC(594) Concurrent Scan Root Regions
[2023-03-15T07:20:51.237+0000][69][gc,marking  ] GC(594) Concurrent Scan Root Regions 2.778ms
[2023-03-15T07:20:51.237+0000][69][gc,marking  ] GC(594) Concurrent Mark
[2023-03-15T07:20:51.238+0000][69][gc,marking  ] GC(594) Concurrent Mark From Roots
[2023-03-15T07:20:51.239+0000][69][gc,task     ] GC(594) Using 1 workers of 1 for marking
[2023-03-15T07:20:51.374+0000][69][gc,marking  ] GC(594) Concurrent Mark From Roots 135.591ms
[2023-03-15T07:20:51.375+0000][69][gc,marking  ] GC(594) Concurrent Preclean
[2023-03-15T07:20:51.376+0000][69][gc,marking  ] GC(594) Concurrent Preclean 1.190ms
[2023-03-15T07:20:51.377+0000][69][gc,start    ] GC(594) Pause Remark
[2023-03-15T07:20:51.389+0000][69][gc          ] GC(594) Pause Remark 115M->115M(256M) 11.145ms
[2023-03-15T07:20:51.390+0000][69][gc,cpu      ] GC(594) User=0.03s Sys=0.00s Real=0.02s
[2023-03-15T07:20:51.391+0000][69][safepoint   ] Safepoint "G1PauseRemark", Time since last: 144871937 ns, Reaching safepoint: 260944 ns, At safepoint: 13733969 ns, Total: 13994913 ns
[2023-03-15T07:20:51.392+0000][69][gc,marking  ] GC(594) Concurrent Mark 154.842ms
[2023-03-15T07:20:51.393+0000][69][gc,marking  ] GC(594) Concurrent Rebuild Remembered Sets
[2023-03-15T07:20:51.468+0000][69][gc,marking  ] GC(594) Concurrent Rebuild Remembered Sets 74.720ms
[2023-03-15T07:20:51.469+0000][69][gc,start    ] GC(594) Pause Cleanup
[2023-03-15T07:20:51.469+0000][69][gc          ] GC(594) Pause Cleanup 116M->116M(256M) 0.521ms
[2023-03-15T07:20:51.470+0000][69][gc,cpu      ] GC(594) User=0.00s Sys=0.00s Real=0.00s
[2023-03-15T07:20:51.470+0000][69][safepoint   ] Safepoint "G1PauseCleanup", Time since last: 77432517 ns, Reaching safepoint: 151266 ns, At safepoint: 1704387 ns, Total: 1855653 ns
[2023-03-15T07:20:51.471+0000][69][gc,marking  ] GC(594) Concurrent Cleanup for Next Mark
