[2023-04-06T07:43:39.082+0000][51][gc,init] CardTable entry size: 512
[2023-04-06T07:43:39.083+0000][51][gc     ] Using G1
[2023-04-06T07:43:39.087+0000][51][gc,init] Version: 19.0.1+10-21 (release)
[2023-04-06T07:43:39.088+0000][51][gc,init] CPUs: 4 total, 4 available
[2023-04-06T07:43:39.089+0000][51][gc,init] Memory: 7860M
[2023-04-06T07:43:39.089+0000][51][gc,init] Large Page Support: Disabled
[2023-04-06T07:43:39.090+0000][51][gc,init] NUMA Support: Disabled
[2023-04-06T07:43:39.091+0000][51][gc,init] Compressed Oops: Enabled (32-bit)
[2023-04-06T07:43:39.100+0000][51][gc,init] Heap Region Size: 1M
[2023-04-06T07:43:39.101+0000][51][gc,init] Heap Min Capacity: 256M
[2023-04-06T07:43:39.102+0000][51][gc,init] Heap Initial Capacity: 256M
[2023-04-06T07:43:39.103+0000][51][gc,init] Heap Max Capacity: 256M
[2023-04-06T07:43:39.104+0000][51][gc,init] Pre-touch: Disabled
[2023-04-06T07:43:39.105+0000][51][gc,init] Parallel Workers: 4
[2023-04-06T07:43:39.106+0000][51][gc,init] Concurrent Workers: 1
[2023-04-06T07:43:39.107+0000][51][gc,init] Concurrent Refinement Workers: 4
[2023-04-06T07:43:39.107+0000][51][gc,init] Periodic GC: Disabled
[2023-04-06T07:43:39.108+0000][51][gc,metaspace] CDS archive(s) mapped at: [0x0000000800000000-0x0000000800c4f000-0x0000000800c4f000), size 12906496, SharedBaseAddress: 0x0000000800000000, ArchiveRelocationMode: 0.
[2023-04-06T07:43:39.109+0000][51][gc,metaspace] Compressed class space mapped at: 0x0000000801000000-0x0000000841000000, reserved size: 1073741824
[2023-04-06T07:43:39.110+0000][51][gc,metaspace] Narrow klass base: 0x0000000800000000, Narrow klass shift: 0, Narrow klass range: 0x100000000
[2023-04-06T07:43:39.149+0000][51][gc,heap,exit] Heap
[2023-04-06T07:43:39.150+0000][51][gc,heap,exit]  garbage-first heap   total 262144K, used 2016K [0x00000000f0000000, 0x0000000100000000)
[2023-04-06T07:43:39.151+0000][51][gc,heap,exit]   region size 1024K, 1 young (1024K), 0 survivors (0K)
[2023-04-06T07:43:39.152+0000][51][gc,heap,exit]  Metaspace       used 53K, committed 128K, reserved 1114112K
[2023-04-06T07:43:39.153+0000][51][gc,heap,exit]   class space    used 1K, committed 64K, reserved 1048576K
