[2023-04-06T06:56:56.019+0000][67][gc,init] CardTable entry size: 512
[2023-04-06T06:56:56.021+0000][67][gc     ] Using G1
[2023-04-06T06:56:56.358+0000][67][gc,init] Version: 19.0.1+10-21 (release)
[2023-04-06T06:56:56.359+0000][67][gc,init] CPUs: 4 total, 4 available
[2023-04-06T06:56:56.360+0000][67][gc,init] Memory: 7860M
[2023-04-06T06:56:56.360+0000][67][gc,init] Large Page Support: Disabled
[2023-04-06T06:56:56.361+0000][67][gc,init] NUMA Support: Disabled
[2023-04-06T06:56:56.361+0000][67][gc,init] Compressed Oops: Enabled (32-bit)
[2023-04-06T06:56:56.362+0000][67][gc,init] Heap Region Size: 4M
[2023-04-06T06:56:56.362+0000][67][gc,init] Heap Min Capacity: 256M
[2023-04-06T06:56:56.363+0000][67][gc,init] Heap Initial Capacity: 256M
[2023-04-06T06:56:56.363+0000][67][gc,init] Heap Max Capacity: 256M
[2023-04-06T06:56:56.364+0000][67][gc,init] Pre-touch: Enabled
[2023-04-06T06:56:56.364+0000][67][gc,init] Parallel Workers: 4
[2023-04-06T06:56:56.365+0000][67][gc,init] Concurrent Workers: 1
[2023-04-06T06:56:56.365+0000][67][gc,init] Concurrent Refinement Workers: 4
[2023-04-06T06:56:56.365+0000][67][gc,init] Periodic GC: Disabled
[2023-04-06T06:56:56.366+0000][67][gc,metaspace] CDS archive(s) mapped at: [0x0000000800000000-0x0000000800c4f000-0x0000000800c4f000), size 12906496, SharedBaseAddress: 0x0000000800000000, ArchiveRelocationMode: 0.
[2023-04-06T06:56:56.367+0000][67][gc,metaspace] Compressed class space mapped at: 0x0000000801000000-0x0000000841000000, reserved size: 1073741824
[2023-04-06T06:56:56.368+0000][67][gc,metaspace] Narrow klass base: 0x0000000800000000, Narrow klass shift: 0, Narrow klass range: 0x100000000
[2023-04-06T06:56:56.547+0000][67][gc,start    ] GC(0) Pause Young (Normal) (G1 Evacuation Pause)
[2023-04-06T06:56:56.548+0000][67][gc,task     ] GC(0) Using 4 workers of 4 for evacuation
[2023-04-06T06:56:56.550+0000][67][gc,age      ] GC(0) Desired survivor size 2097152 bytes, new threshold 15 (max threshold 15)
[2023-04-06T06:56:56.570+0000][67][gc,phases   ] GC(0)   Pre Evacuate Collection Set: 0.2ms
[2023-04-06T06:56:56.571+0000][67][gc,phases   ] GC(0)   Merge Heap Roots: 1.1ms
[2023-04-06T06:56:56.572+0000][67][gc,phases   ] GC(0)   Evacuate Collection Set: 17.0ms
[2023-04-06T06:56:56.572+0000][67][gc,phases   ] GC(0)   Post Evacuate Collection Set: 1.3ms
[2023-04-06T06:56:56.573+0000][67][gc,phases   ] GC(0)   Other: 2.3ms
[2023-04-06T06:56:56.573+0000][67][gc,age      ] GC(0) Age table with threshold 15 (max threshold 15)
[2023-04-06T06:56:56.574+0000][67][gc,age      ] GC(0) - age   1:    1502072 bytes,    1502072 total
[2023-04-06T06:56:56.574+0000][67][gc,heap     ] GC(0) Eden regions: 3->0(10)
[2023-04-06T06:56:56.575+0000][67][gc,heap     ] GC(0) Survivor regions: 0->1(1)
[2023-04-06T06:56:56.575+0000][67][gc,heap     ] GC(0) Old regions: 0->0
[2023-04-06T06:56:56.576+0000][67][gc,heap     ] GC(0) Archive regions: 2->2
[2023-04-06T06:56:56.576+0000][67][gc,heap     ] GC(0) Humongous regions: 0->0
[2023-04-06T06:56:56.577+0000][67][gc,metaspace] GC(0) Metaspace: 708K(896K)->708K(896K) NonClass: 663K(768K)->663K(768K) Class: 44K(128K)->44K(128K)
[2023-04-06T06:56:56.577+0000][67][gc          ] GC(0) Pause Young (Normal) (G1 Evacuation Pause) 15M->5M(256M) 30.266ms
[2023-04-06T06:56:56.578+0000][67][gc,cpu      ] GC(0) User=0.02s Sys=0.00s Real=0.03s
[2023-04-06T06:56:56.578+0000][67][safepoint   ] Safepoint "G1CollectForAllocation", Time since last: 167880946 ns, Reaching safepoint: 212017 ns, At safepoint: 31328855 ns, Total: 31540872 ns
[2023-04-06T06:56:57.082+0000][67][safepoint   ] Safepoint "ICBufferFull", Time since last: 503048566 ns, Reaching safepoint: 321970 ns, At safepoint: 28445 ns, Total: 350415 ns
[2023-04-06T06:56:57.486+0000][67][gc,start    ] GC(1) Pause Young (Normal) (G1 Evacuation Pause)
[2023-04-06T06:56:57.487+0000][67][gc,task     ] GC(1) Using 4 workers of 4 for evacuation
[2023-04-06T06:56:57.489+0000][67][gc,age      ] GC(1) Desired survivor size 4194304 bytes, new threshold 15 (max threshold 15)
[2023-04-06T06:56:57.500+0000][67][gc,phases   ] GC(1)   Pre Evacuate Collection Set: 0.1ms
[2023-04-06T06:56:57.501+0000][67][gc,phases   ] GC(1)   Merge Heap Roots: 0.0ms
[2023-04-06T06:56:57.502+0000][67][gc,phases   ] GC(1)   Evacuate Collection Set: 9.0ms
[2023-04-06T06:56:57.503+0000][67][gc,phases   ] GC(1)   Post Evacuate Collection Set: 0.6ms
[2023-04-06T06:56:57.504+0000][67][gc,phases   ] GC(1)   Other: 3.1ms
[2023-04-06T06:56:57.505+0000][67][gc,age      ] GC(1) Age table with threshold 15 (max threshold 15)
[2023-04-06T06:56:57.506+0000][67][gc,age      ] GC(1) - age   1:    4993304 bytes,    4993304 total
[2023-04-06T06:56:57.506+0000][67][gc,age      ] GC(1) - age   2:     406272 bytes,    5399576 total
[2023-04-06T06:56:57.507+0000][67][gc,heap     ] GC(1) Eden regions: 10->0(36)
[2023-04-06T06:56:57.508+0000][67][gc,heap     ] GC(1) Survivor regions: 1->2(2)
[2023-04-06T06:56:57.508+0000][67][gc,heap     ] GC(1) Old regions: 0->0
[2023-04-06T06:56:57.509+0000][67][gc,heap     ] GC(1) Archive regions: 2->2
[2023-04-06T06:56:57.509+0000][67][gc,heap     ] GC(1) Humongous regions: 0->0
[2023-04-06T06:56:57.510+0000][67][gc,metaspace] GC(1) Metaspace: 9224K(9600K)->9224K(9600K) NonClass: 8123K(8320K)->8123K(8320K) Class: 1100K(1280K)->1100K(1280K)
[2023-04-06T06:56:57.510+0000][67][gc          ] GC(1) Pause Young (Normal) (G1 Evacuation Pause) 45M->9M(256M) 24.524ms
[2023-04-06T06:56:57.511+0000][67][gc,cpu      ] GC(1) User=0.02s Sys=0.01s Real=0.02s
[2023-04-06T06:56:57.512+0000][67][safepoint   ] Safepoint "G1CollectForAllocation", Time since last: 403923278 ns, Reaching safepoint: 135864 ns, At safepoint: 26208463 ns, Total: 26344327 ns
[2023-04-06T06:56:58.263+0000][67][safepoint   ] Safepoint "ICBufferFull", Time since last: 750415445 ns, Reaching safepoint: 256333 ns, At safepoint: 82776 ns, Total: 339109 ns
[2023-04-06T06:56:59.107+0000][67][safepoint   ] Safepoint "ICBufferFull", Time since last: 844037599 ns, Reaching safepoint: 194392 ns, At safepoint: 3840 ns, Total: 198232 ns
[2023-04-06T06:56:59.575+0000][67][safepoint   ] Safepoint "ICBufferFull", Time since last: 467812927 ns, Reaching safepoint: 196266 ns, At safepoint: 3566 ns, Total: 199832 ns
[2023-04-06T06:56:59.990+0000][67][gc,start    ] GC(2) Pause Young (Normal) (G1 Evacuation Pause)
[2023-04-06T06:56:59.992+0000][67][gc,task     ] GC(2) Using 4 workers of 4 for evacuation
[2023-04-06T06:56:59.992+0000][67][gc,age      ] GC(2) Desired survivor size 10485760 bytes, new threshold 15 (max threshold 15)
[2023-04-06T06:57:00.008+0000][67][gc,phases   ] GC(2)   Pre Evacuate Collection Set: 0.8ms
[2023-04-06T06:57:00.009+0000][67][gc,phases   ] GC(2)   Merge Heap Roots: 0.3ms
[2023-04-06T06:57:00.010+0000][67][gc,phases   ] GC(2)   Evacuate Collection Set: 11.3ms
[2023-04-06T06:57:00.011+0000][67][gc,phases   ] GC(2)   Post Evacuate Collection Set: 2.4ms
[2023-04-06T06:57:00.011+0000][67][gc,phases   ] GC(2)   Other: 2.1ms
[2023-04-06T06:57:00.012+0000][67][gc,age      ] GC(2) Age table with threshold 15 (max threshold 15)
[2023-04-06T06:57:00.012+0000][67][gc,age      ] GC(2) - age   1:    6699112 bytes,    6699112 total
[2023-04-06T06:57:00.013+0000][67][gc,age      ] GC(2) - age   2:    4828864 bytes,   11527976 total
[2023-04-06T06:57:00.013+0000][67][gc,age      ] GC(2) - age   3:     404840 bytes,   11932816 total
[2023-04-06T06:57:00.013+0000][67][gc,heap     ] GC(2) Eden regions: 36->0(34)
[2023-04-06T06:57:00.014+0000][67][gc,heap     ] GC(2) Survivor regions: 2->3(5)
[2023-04-06T06:57:00.015+0000][67][gc,heap     ] GC(2) Old regions: 0->0
[2023-04-06T06:57:00.015+0000][67][gc,heap     ] GC(2) Archive regions: 2->2
[2023-04-06T06:57:00.017+0000][67][gc,heap     ] GC(2) Humongous regions: 0->0
[2023-04-06T06:57:00.018+0000][67][gc,metaspace] GC(2) Metaspace: 18444K(18944K)->18444K(18944K) NonClass: 16371K(16640K)->16371K(16640K) Class: 2073K(2304K)->2073K(2304K)
[2023-04-06T06:57:00.019+0000][67][gc          ] GC(2) Pause Young (Normal) (G1 Evacuation Pause) 153M->15M(256M) 29.055ms
[2023-04-06T06:57:00.020+0000][67][gc,cpu      ] GC(2) User=0.02s Sys=0.01s Real=0.03s
[2023-04-06T06:57:00.021+0000][67][safepoint   ] Safepoint "G1CollectForAllocation", Time since last: 415105053 ns, Reaching safepoint: 247559 ns, At safepoint: 30513914 ns, Total: 30761473 ns
[2023-04-06T06:57:00.528+0000][67][gc,start    ] GC(3) Pause Young (Concurrent Start) (Metadata GC Threshold)
[2023-04-06T06:57:00.529+0000][67][gc,task     ] GC(3) Using 4 workers of 4 for evacuation
[2023-04-06T06:57:00.530+0000][67][gc,age      ] GC(3) Desired survivor size 10485760 bytes, new threshold 2 (max threshold 15)
[2023-04-06T06:57:00.540+0000][67][gc,phases   ] GC(3)   Pre Evacuate Collection Set: 0.1ms
[2023-04-06T06:57:00.541+0000][67][gc,phases   ] GC(3)   Merge Heap Roots: 0.1ms
[2023-04-06T06:57:00.542+0000][67][gc,phases   ] GC(3)   Evacuate Collection Set: 8.1ms
[2023-04-06T06:57:00.543+0000][67][gc,phases   ] GC(3)   Post Evacuate Collection Set: 0.9ms
[2023-04-06T06:57:00.544+0000][67][gc,phases   ] GC(3)   Other: 2.2ms
[2023-04-06T06:57:00.544+0000][67][gc,age      ] GC(3) Age table with threshold 2 (max threshold 15)
[2023-04-06T06:57:00.545+0000][67][gc,age      ] GC(3) - age   1:    1021616 bytes,    1021616 total
[2023-04-06T06:57:00.546+0000][67][gc,age      ] GC(3) - age   2:    4875728 bytes,    5897344 total
[2023-04-06T06:57:00.546+0000][67][gc,heap     ] GC(3) Eden regions: 12->0(36)
[2023-04-06T06:57:00.547+0000][67][gc,heap     ] GC(3) Survivor regions: 3->2(5)
[2023-04-06T06:57:00.548+0000][67][gc,heap     ] GC(3) Old regions: 0->2
[2023-04-06T06:57:00.549+0000][67][gc,heap     ] GC(3) Archive regions: 2->2
[2023-04-06T06:57:00.549+0000][67][gc,heap     ] GC(3) Humongous regions: 0->0
[2023-04-06T06:57:00.550+0000][67][gc,metaspace] GC(3) Metaspace: 21044K(21504K)->21044K(21504K) NonClass: 18729K(18944K)->18729K(18944K) Class: 2315K(2560K)->2315K(2560K)
[2023-04-06T06:57:00.551+0000][67][gc          ] GC(3) Pause Young (Concurrent Start) (Metadata GC Threshold) 63M->15M(256M) 22.518ms
[2023-04-06T06:57:00.551+0000][67][gc,cpu      ] GC(3) User=0.02s Sys=0.00s Real=0.03s
[2023-04-06T06:57:00.552+0000][67][safepoint   ] Safepoint "CollectForMetadataAllocation", Time since last: 507257030 ns, Reaching safepoint: 134141 ns, At safepoint: 24330255 ns, Total: 24464396 ns
[2023-04-06T06:57:00.552+0000][67][gc          ] GC(4) Concurrent Mark Cycle
[2023-04-06T06:57:00.554+0000][67][gc,marking  ] GC(4) Concurrent Clear Claimed Marks
[2023-04-06T06:57:00.555+0000][67][gc,marking  ] GC(4) Concurrent Clear Claimed Marks 0.926ms
[2023-04-06T06:57:00.556+0000][67][gc,marking  ] GC(4) Concurrent Scan Root Regions
[2023-04-06T06:57:00.563+0000][67][gc,marking  ] GC(4) Concurrent Scan Root Regions 6.753ms
[2023-04-06T06:57:00.564+0000][67][gc,marking  ] GC(4) Concurrent Mark
[2023-04-06T06:57:00.564+0000][67][gc,marking  ] GC(4) Concurrent Mark From Roots
[2023-04-06T06:57:00.565+0000][67][gc,task     ] GC(4) Using 1 workers of 1 for marking
[2023-04-06T06:57:00.567+0000][67][gc,marking  ] GC(4) Concurrent Mark From Roots 2.789ms
[2023-04-06T06:57:00.568+0000][67][gc,marking  ] GC(4) Concurrent Preclean
[2023-04-06T06:57:00.569+0000][67][gc,marking  ] GC(4) Concurrent Preclean 0.677ms
[2023-04-06T06:57:00.570+0000][67][gc,start    ] GC(4) Pause Remark
[2023-04-06T06:57:00.575+0000][67][gc          ] GC(4) Pause Remark 18M->18M(256M) 4.760ms
[2023-04-06T06:57:00.575+0000][67][gc,cpu      ] GC(4) User=0.00s Sys=0.00s Real=0.01s
[2023-04-06T06:57:00.576+0000][67][safepoint   ] Safepoint "G1PauseRemark", Time since last: 17026738 ns, Reaching safepoint: 246189 ns, At safepoint: 6396261 ns, Total: 6642450 ns
[2023-04-06T06:57:00.577+0000][67][gc,marking  ] GC(4) Concurrent Mark 13.282ms
[2023-04-06T06:57:00.578+0000][67][gc,marking  ] GC(4) Concurrent Rebuild Remembered Sets
[2023-04-06T06:57:00.583+0000][67][gc,marking  ] GC(4) Concurrent Rebuild Remembered Sets 5.427ms
[2023-04-06T06:57:00.584+0000][67][gc,start    ] GC(4) Pause Cleanup
[2023-04-06T06:57:00.586+0000][67][gc          ] GC(4) Pause Cleanup 18M->18M(256M) 1.060ms
[2023-04-06T06:57:00.586+0000][67][gc,cpu      ] GC(4) User=0.01s Sys=0.00s Real=0.00s
[2023-04-06T06:57:00.587+0000][67][safepoint   ] Safepoint "G1PauseCleanup", Time since last: 8146875 ns, Reaching safepoint: 152772 ns, At safepoint: 2603549 ns, Total: 2756321 ns
[2023-04-06T06:57:00.589+0000][67][gc,marking  ] GC(4) Concurrent Cleanup for Next Mark
[2023-04-06T06:57:00.590+0000][67][gc,marking  ] GC(4) Concurrent Cleanup for Next Mark 1.453ms
[2023-04-06T06:57:00.591+0000][67][gc          ] GC(4) Concurrent Mark Cycle 39.276ms
[2023-04-06T06:57:01.177+0000][67][safepoint   ] Safepoint "ICBufferFull", Time since last: 589022121 ns, Reaching safepoint: 1036367 ns, At safepoint: 45451 ns, Total: 1081818 ns
[2023-04-06T06:57:01.568+0000][67][gc,start    ] GC(5) Pause Young (Normal) (G1 Evacuation Pause)
[2023-04-06T06:57:01.569+0000][67][gc,task     ] GC(5) Using 4 workers of 4 for evacuation
[2023-04-06T06:57:01.570+0000][67][gc,age      ] GC(5) Desired survivor size 10485760 bytes, new threshold 15 (max threshold 15)
[2023-04-06T06:57:01.586+0000][67][gc,phases   ] GC(5)   Pre Evacuate Collection Set: 0.1ms
[2023-04-06T06:57:01.587+0000][67][gc,phases   ] GC(5)   Merge Heap Roots: 0.2ms
[2023-04-06T06:57:01.588+0000][67][gc,phases   ] GC(5)   Evacuate Collection Set: 13.3ms
[2023-04-06T06:57:01.589+0000][67][gc,phases   ] GC(5)   Post Evacuate Collection Set: 1.1ms
[2023-04-06T06:57:01.589+0000][67][gc,phases   ] GC(5)   Other: 2.0ms
[2023-04-06T06:57:01.590+0000][67][gc,age      ] GC(5) Age table with threshold 15 (max threshold 15)
[2023-04-06T06:57:01.591+0000][67][gc,age      ] GC(5) - age   1:    5116560 bytes,    5116560 total
[2023-04-06T06:57:01.591+0000][67][gc,age      ] GC(5) - age   2:     987632 bytes,    6104192 total
[2023-04-06T06:57:01.592+0000][67][gc,age      ] GC(5) - age   3:    4870008 bytes,   10974200 total
[2023-04-06T06:57:01.592+0000][67][gc,heap     ] GC(5) Eden regions: 36->0(35)
[2023-04-06T06:57:01.593+0000][67][gc,heap     ] GC(5) Survivor regions: 2->3(5)
[2023-04-06T06:57:01.593+0000][67][gc,heap     ] GC(5) Old regions: 2->2
[2023-04-06T06:57:01.594+0000][67][gc,heap     ] GC(5) Archive regions: 2->2
[2023-04-06T06:57:01.594+0000][67][gc,heap     ] GC(5) Humongous regions: 0->0
[2023-04-06T06:57:01.595+0000][67][gc,metaspace] GC(5) Metaspace: 25278K(25856K)->25278K(25856K) NonClass: 22373K(22720K)->22373K(22720K) Class: 2905K(3136K)->2905K(3136K)
[2023-04-06T06:57:01.595+0000][67][gc          ] GC(5) Pause Young (Normal) (G1 Evacuation Pause) 159M->20M(256M) 27.519ms
[2023-04-06T06:57:01.596+0000][67][gc,cpu      ] GC(5) User=0.04s Sys=0.01s Real=0.03s
[2023-04-06T06:57:01.597+0000][67][safepoint   ] Safepoint "G1CollectForAllocation", Time since last: 390537651 ns, Reaching safepoint: 205525 ns, At safepoint: 28970205 ns, Total: 29175730 ns
[2023-04-06T06:57:02.066+0000][67][gc,start    ] GC(6) Pause Young (Normal) (G1 Evacuation Pause)
[2023-04-06T06:57:02.067+0000][67][gc,task     ] GC(6) Using 4 workers of 4 for evacuation
[2023-04-06T06:57:02.070+0000][67][gc,age      ] GC(6) Desired survivor size 10485760 bytes, new threshold 3 (max threshold 15)
[2023-04-06T06:57:02.082+0000][67][gc,phases   ] GC(6)   Pre Evacuate Collection Set: 0.0ms
[2023-04-06T06:57:02.085+0000][67][gc,phases   ] GC(6)   Merge Heap Roots: 0.0ms
[2023-04-06T06:57:02.088+0000][67][gc,phases   ] GC(6)   Evacuate Collection Set: 8.5ms
[2023-04-06T06:57:02.089+0000][67][gc,phases   ] GC(6)   Post Evacuate Collection Set: 1.3ms
[2023-04-06T06:57:02.090+0000][67][gc,phases   ] GC(6)   Other: 5.4ms
[2023-04-06T06:57:02.090+0000][67][gc,age      ] GC(6) Age table with threshold 3 (max threshold 15)
[2023-04-06T06:57:02.091+0000][67][gc,age      ] GC(6) - age   1:    2903032 bytes,    2903032 total
[2023-04-06T06:57:02.091+0000][67][gc,age      ] GC(6) - age   2:    4166336 bytes,    7069368 total
[2023-04-06T06:57:02.092+0000][67][gc,age      ] GC(6) - age   3:     987600 bytes,    8056968 total
[2023-04-06T06:57:02.093+0000][67][gc,heap     ] GC(6) Eden regions: 35->0(35)
[2023-04-06T06:57:02.094+0000][67][gc,heap     ] GC(6) Survivor regions: 3->3(5)
[2023-04-06T06:57:02.095+0000][67][gc,heap     ] GC(6) Old regions: 2->3
[2023-04-06T06:57:02.096+0000][67][gc,heap     ] GC(6) Archive regions: 2->2
[2023-04-06T06:57:02.097+0000][67][gc,heap     ] GC(6) Humongous regions: 0->0
[2023-04-06T06:57:02.097+0000][67][gc,metaspace] GC(6) Metaspace: 25690K(26304K)->25690K(26304K) NonClass: 22747K(23104K)->22747K(23104K) Class: 2942K(3200K)->2942K(3200K)
[2023-04-06T06:57:02.098+0000][67][gc          ] GC(6) Pause Young (Normal) (G1 Evacuation Pause) 160M->22M(256M) 32.403ms
[2023-04-06T06:57:02.099+0000][67][gc,cpu      ] GC(6) User=0.02s Sys=0.01s Real=0.03s
[2023-04-06T06:57:02.100+0000][67][safepoint   ] Safepoint "G1CollectForAllocation", Time since last: 468529169 ns, Reaching safepoint: 89318 ns, At safepoint: 34081526 ns, Total: 34170844 ns
[2023-04-06T06:57:02.383+0000][67][gc,start    ] GC(7) Pause Young (Normal) (G1 Evacuation Pause)
[2023-04-06T06:57:02.385+0000][67][gc,task     ] GC(7) Using 4 workers of 4 for evacuation
[2023-04-06T06:57:02.386+0000][67][gc,age      ] GC(7) Desired survivor size 10485760 bytes, new threshold 15 (max threshold 15)
[2023-04-06T06:57:02.392+0000][67][gc,phases   ] GC(7)   Pre Evacuate Collection Set: 0.1ms
[2023-04-06T06:57:02.411+0000][67][gc,phases   ] GC(7)   Merge Heap Roots: 0.0ms
[2023-04-06T06:57:02.412+0000][67][gc,phases   ] GC(7)   Evacuate Collection Set: 3.9ms
[2023-04-06T06:57:02.413+0000][67][gc,phases   ] GC(7)   Post Evacuate Collection Set: 0.7ms
[2023-04-06T06:57:02.413+0000][67][gc,phases   ] GC(7)   Other: 2.1ms
[2023-04-06T06:57:02.414+0000][67][gc,age      ] GC(7) Age table with threshold 15 (max threshold 15)
[2023-04-06T06:57:02.415+0000][67][gc,age      ] GC(7) - age   1:     426400 bytes,     426400 total
[2023-04-06T06:57:02.416+0000][67][gc,age      ] GC(7) - age   2:    2432056 bytes,    2858456 total
[2023-04-06T06:57:02.417+0000][67][gc,age      ] GC(7) - age   3:    4166192 bytes,    7024648 total
[2023-04-06T06:57:02.417+0000][67][gc,age      ] GC(7) - age   4:     987600 bytes,    8012248 total
[2023-04-06T06:57:02.419+0000][67][gc,heap     ] GC(7) Eden regions: 35->0(35)
[2023-04-06T06:57:02.420+0000][67][gc,heap     ] GC(7) Survivor regions: 3->3(5)
[2023-04-06T06:57:02.420+0000][67][gc,heap     ] GC(7) Old regions: 3->3
[2023-04-06T06:57:02.421+0000][67][gc,heap     ] GC(7) Archive regions: 2->2
[2023-04-06T06:57:02.422+0000][67][gc,heap     ] GC(7) Humongous regions: 0->0
[2023-04-06T06:57:02.423+0000][67][gc,metaspace] GC(7) Metaspace: 26168K(26752K)->26168K(26752K) NonClass: 23161K(23488K)->23161K(23488K) Class: 3007K(3264K)->3007K(3264K)
[2023-04-06T06:57:02.423+0000][67][gc          ] GC(7) Pause Young (Normal) (G1 Evacuation Pause) 162M->22M(256M) 40.271ms
[2023-04-06T06:57:02.424+0000][67][gc,cpu      ] GC(7) User=0.02s Sys=0.00s Real=0.04s
[2023-04-06T06:57:02.424+0000][67][safepoint   ] Safepoint "G1CollectForAllocation", Time since last: 282942121 ns, Reaching safepoint: 208466 ns, At safepoint: 41582610 ns, Total: 41791076 ns
[2023-04-06T06:57:03.254+0000][67][gc,start    ] GC(8) Pause Young (Normal) (G1 Evacuation Pause)
[2023-04-06T06:57:03.255+0000][67][gc,task     ] GC(8) Using 4 workers of 4 for evacuation
[2023-04-06T06:57:03.256+0000][67][gc,age      ] GC(8) Desired survivor size 10485760 bytes, new threshold 15 (max threshold 15)
[2023-04-06T06:57:03.264+0000][67][gc,phases   ] GC(8)   Pre Evacuate Collection Set: 0.1ms
[2023-04-06T06:57:03.265+0000][67][gc,phases   ] GC(8)   Merge Heap Roots: 0.2ms
[2023-04-06T06:57:03.266+0000][67][gc,phases   ] GC(8)   Evacuate Collection Set: 5.0ms
[2023-04-06T06:57:03.266+0000][67][gc,phases   ] GC(8)   Post Evacuate Collection Set: 1.5ms
[2023-04-06T06:57:03.267+0000][67][gc,phases   ] GC(8)   Other: 1.6ms
[2023-04-06T06:57:03.267+0000][67][gc,age      ] GC(8) Age table with threshold 15 (max threshold 15)
[2023-04-06T06:57:03.268+0000][67][gc,age      ] GC(8) - age   1:    3750072 bytes,    3750072 total
[2023-04-06T06:57:03.268+0000][67][gc,age      ] GC(8) - age   2:     375648 bytes,    4125720 total
[2023-04-06T06:57:03.269+0000][67][gc,age      ] GC(8) - age   3:    2431992 bytes,    6557712 total
[2023-04-06T06:57:03.269+0000][67][gc,age      ] GC(8) - age   4:    4161232 bytes,   10718944 total
[2023-04-06T06:57:03.270+0000][67][gc,age      ] GC(8) - age   5:     986656 bytes,   11705600 total
[2023-04-06T06:57:03.271+0000][67][gc,heap     ] GC(8) Eden regions: 35->0(35)
[2023-04-06T06:57:03.271+0000][67][gc,heap     ] GC(8) Survivor regions: 3->3(5)
[2023-04-06T06:57:03.272+0000][67][gc,heap     ] GC(8) Old regions: 3->3
[2023-04-06T06:57:03.272+0000][67][gc,heap     ] GC(8) Archive regions: 2->2
[2023-04-06T06:57:03.273+0000][67][gc,heap     ] GC(8) Humongous regions: 0->0
[2023-04-06T06:57:03.273+0000][67][gc,metaspace] GC(8) Metaspace: 32200K(32896K)->32200K(32896K) NonClass: 28539K(28928K)->28539K(28928K) Class: 3661K(3968K)->3661K(3968K)
[2023-04-06T06:57:03.274+0000][67][gc          ] GC(8) Pause Young (Normal) (G1 Evacuation Pause) 162M->25M(256M) 19.823ms
[2023-04-06T06:57:03.274+0000][67][gc,cpu      ] GC(8) User=0.02s Sys=0.00s Real=0.02s
[2023-04-06T06:57:03.275+0000][67][safepoint   ] Safepoint "G1CollectForAllocation", Time since last: 829559151 ns, Reaching safepoint: 239568 ns, At safepoint: 20848494 ns, Total: 21088062 ns
[2023-04-06T06:57:03.536+0000][67][gc,start    ] GC(9) Pause Young (Normal) (G1 Evacuation Pause)
[2023-04-06T06:57:03.537+0000][67][gc,task     ] GC(9) Using 4 workers of 4 for evacuation
[2023-04-06T06:57:03.538+0000][67][gc,age      ] GC(9) Desired survivor size 10485760 bytes, new threshold 4 (max threshold 15)
[2023-04-06T06:57:03.546+0000][67][gc,phases   ] GC(9)   Pre Evacuate Collection Set: 0.1ms
[2023-04-06T06:57:03.547+0000][67][gc,phases   ] GC(9)   Merge Heap Roots: 0.2ms
[2023-04-06T06:57:03.548+0000][67][gc,phases   ] GC(9)   Evacuate Collection Set: 6.3ms
[2023-04-06T06:57:03.548+0000][67][gc,phases   ] GC(9)   Post Evacuate Collection Set: 0.9ms
[2023-04-06T06:57:03.549+0000][67][gc,phases   ] GC(9)   Other: 1.7ms
[2023-04-06T06:57:03.549+0000][67][gc,age      ] GC(9) Age table with threshold 4 (max threshold 15)
[2023-04-06T06:57:03.550+0000][67][gc,age      ] GC(9) - age   1:    2984032 bytes,    2984032 total
[2023-04-06T06:57:03.550+0000][67][gc,age      ] GC(9) - age   2:    3322352 bytes,    6306384 total
[2023-04-06T06:57:03.551+0000][67][gc,age      ] GC(9) - age   3:     375648 bytes,    6682032 total
[2023-04-06T06:57:03.551+0000][67][gc,age      ] GC(9) - age   4:    2431992 bytes,    9114024 total
[2023-04-06T06:57:03.552+0000][67][gc,heap     ] GC(9) Eden regions: 35->0(35)
[2023-04-06T06:57:03.553+0000][67][gc,heap     ] GC(9) Survivor regions: 3->3(5)
[2023-04-06T06:57:03.553+0000][67][gc,heap     ] GC(9) Old regions: 3->4
[2023-04-06T06:57:03.554+0000][67][gc,heap     ] GC(9) Archive regions: 2->2
[2023-04-06T06:57:03.554+0000][67][gc,heap     ] GC(9) Humongous regions: 0->0
[2023-04-06T06:57:03.555+0000][67][gc,metaspace] GC(9) Metaspace: 32310K(33024K)->32310K(33024K) NonClass: 28628K(28992K)->28628K(28992K) Class: 3682K(4032K)->3682K(4032K)
[2023-04-06T06:57:03.555+0000][67][gc          ] GC(9) Pause Young (Normal) (G1 Evacuation Pause) 165M->28M(256M) 19.346ms
[2023-04-06T06:57:03.556+0000][67][gc,cpu      ] GC(9) User=0.01s Sys=0.00s Real=0.02s
[2023-04-06T06:57:03.556+0000][67][safepoint   ] Safepoint "G1CollectForAllocation", Time since last: 260857312 ns, Reaching safepoint: 109765 ns, At safepoint: 20493122 ns, Total: 20602887 ns
[2023-04-06T06:57:04.027+0000][67][gc,start    ] GC(10) Pause Young (Normal) (G1 Evacuation Pause)
[2023-04-06T06:57:04.028+0000][67][gc,task     ] GC(10) Using 4 workers of 4 for evacuation
[2023-04-06T06:57:04.029+0000][67][gc,age      ] GC(10) Desired survivor size 10485760 bytes, new threshold 15 (max threshold 15)
[2023-04-06T06:57:04.035+0000][67][gc,phases   ] GC(10)   Pre Evacuate Collection Set: 0.1ms
[2023-04-06T06:57:04.035+0000][67][gc,phases   ] GC(10)   Merge Heap Roots: 0.2ms
[2023-04-06T06:57:04.036+0000][67][gc,phases   ] GC(10)   Evacuate Collection Set: 4.2ms
[2023-04-06T06:57:04.036+0000][67][gc,phases   ] GC(10)   Post Evacuate Collection Set: 0.8ms
[2023-04-06T06:57:04.037+0000][67][gc,phases   ] GC(10)   Other: 1.1ms
[2023-04-06T06:57:04.038+0000][67][gc,age      ] GC(10) Age table with threshold 15 (max threshold 15)
[2023-04-06T06:57:04.038+0000][67][gc,age      ] GC(10) - age   1:    3686120 bytes,    3686120 total
[2023-04-06T06:57:04.039+0000][67][gc,age      ] GC(10) - age   2:    1417312 bytes,    5103432 total
[2023-04-06T06:57:04.039+0000][67][gc,age      ] GC(10) - age   3:    3322320 bytes,    8425752 total
[2023-04-06T06:57:04.039+0000][67][gc,age      ] GC(10) - age   4:     375000 bytes,    8800752 total
[2023-04-06T06:57:04.040+0000][67][gc,age      ] GC(10) - age   5:    2431256 bytes,   11232008 total
[2023-04-06T06:57:04.040+0000][67][gc,heap     ] GC(10) Eden regions: 35->0(35)
[2023-04-06T06:57:04.041+0000][67][gc,heap     ] GC(10) Survivor regions: 3->3(5)
[2023-04-06T06:57:04.042+0000][67][gc,heap     ] GC(10) Old regions: 4->4
[2023-04-06T06:57:04.043+0000][67][gc,heap     ] GC(10) Archive regions: 2->2
[2023-04-06T06:57:04.043+0000][67][gc,heap     ] GC(10) Humongous regions: 0->0
[2023-04-06T06:57:04.044+0000][67][gc,metaspace] GC(10) Metaspace: 33742K(34496K)->33742K(34496K) NonClass: 29884K(30336K)->29884K(30336K) Class: 3857K(4160K)->3857K(4160K)
[2023-04-06T06:57:04.044+0000][67][gc          ] GC(10) Pause Young (Normal) (G1 Evacuation Pause) 168M->29M(256M) 17.433ms
[2023-04-06T06:57:04.045+0000][67][gc,cpu      ] GC(10) User=0.01s Sys=0.00s Real=0.02s
[2023-04-06T06:57:04.046+0000][67][safepoint   ] Safepoint "G1CollectForAllocation", Time since last: 470096373 ns, Reaching safepoint: 324133 ns, At safepoint: 18667980 ns, Total: 18992113 ns
[2023-04-06T06:57:04.357+0000][67][gc,start    ] GC(11) Pause Young (Normal) (G1 Evacuation Pause)
[2023-04-06T06:57:04.357+0000][67][gc,task     ] GC(11) Using 4 workers of 4 for evacuation
[2023-04-06T06:57:04.358+0000][67][gc,age      ] GC(11) Desired survivor size 10485760 bytes, new threshold 5 (max threshold 15)
[2023-04-06T06:57:04.363+0000][67][gc,phases   ] GC(11)   Pre Evacuate Collection Set: 0.1ms
[2023-04-06T06:57:04.364+0000][67][gc,phases   ] GC(11)   Merge Heap Roots: 0.1ms
[2023-04-06T06:57:04.364+0000][67][gc,phases   ] GC(11)   Evacuate Collection Set: 3.7ms
[2023-04-06T06:57:04.365+0000][67][gc,phases   ] GC(11)   Post Evacuate Collection Set: 0.7ms
[2023-04-06T06:57:04.366+0000][67][gc,phases   ] GC(11)   Other: 1.2ms
[2023-04-06T06:57:04.366+0000][67][gc,age      ] GC(11) Age table with threshold 5 (max threshold 15)
[2023-04-06T06:57:04.367+0000][67][gc,age      ] GC(11) - age   1:    2422400 bytes,    2422400 total
[2023-04-06T06:57:04.367+0000][67][gc,age      ] GC(11) - age   2:    3124904 bytes,    5547304 total
[2023-04-06T06:57:04.368+0000][67][gc,age      ] GC(11) - age   3:    1417280 bytes,    6964584 total
[2023-04-06T06:57:04.368+0000][67][gc,age      ] GC(11) - age   4:    3322320 bytes,   10286904 total
[2023-04-06T06:57:04.368+0000][67][gc,age      ] GC(11) - age   5:     375000 bytes,   10661904 total
[2023-04-06T06:57:04.369+0000][67][gc,heap     ] GC(11) Eden regions: 35->0(35)
[2023-04-06T06:57:04.370+0000][67][gc,heap     ] GC(11) Survivor regions: 3->3(5)
[2023-04-06T06:57:04.370+0000][67][gc,heap     ] GC(11) Old regions: 4->5
[2023-04-06T06:57:04.370+0000][67][gc,heap     ] GC(11) Archive regions: 2->2
[2023-04-06T06:57:04.371+0000][67][gc,heap     ] GC(11) Humongous regions: 0->0
[2023-04-06T06:57:04.371+0000][67][gc,metaspace] GC(11) Metaspace: 34198K(35072K)->34198K(35072K) NonClass: 30276K(30784K)->30276K(30784K) Class: 3922K(4288K)->3922K(4288K)
[2023-04-06T06:57:04.372+0000][67][gc          ] GC(11) Pause Young (Normal) (G1 Evacuation Pause) 169M->31M(256M) 14.896ms
[2023-04-06T06:57:04.372+0000][67][gc,cpu      ] GC(11) User=0.01s Sys=0.00s Real=0.02s
[2023-04-06T06:57:04.373+0000][67][safepoint   ] Safepoint "G1CollectForAllocation", Time since last: 311037486 ns, Reaching safepoint: 106370 ns, At safepoint: 15856564 ns, Total: 15962934 ns
[2023-04-06T06:57:04.629+0000][67][gc,start    ] GC(12) Pause Young (Normal) (G1 Evacuation Pause)
[2023-04-06T06:57:04.630+0000][67][gc,task     ] GC(12) Using 4 workers of 4 for evacuation
[2023-04-06T06:57:04.631+0000][67][gc,age      ] GC(12) Desired survivor size 10485760 bytes, new threshold 5 (max threshold 15)
[2023-04-06T06:57:04.637+0000][67][gc,phases   ] GC(12)   Pre Evacuate Collection Set: 0.1ms
[2023-04-06T06:57:04.638+0000][67][gc,phases   ] GC(12)   Merge Heap Roots: 0.1ms
[2023-04-06T06:57:04.639+0000][67][gc,phases   ] GC(12)   Evacuate Collection Set: 4.1ms
[2023-04-06T06:57:04.639+0000][67][gc,phases   ] GC(12)   Post Evacuate Collection Set: 0.8ms
[2023-04-06T06:57:04.640+0000][67][gc,phases   ] GC(12)   Other: 2.2ms
[2023-04-06T06:57:04.641+0000][67][gc,age      ] GC(12) Age table with threshold 5 (max threshold 15)
[2023-04-06T06:57:04.641+0000][67][gc,age      ] GC(12) - age   1:    1509328 bytes,    1509328 total
[2023-04-06T06:57:04.642+0000][67][gc,age      ] GC(12) - age   2:    2367472 bytes,    3876800 total
[2023-04-06T06:57:04.642+0000][67][gc,age      ] GC(12) - age   3:    3124784 bytes,    7001584 total
[2023-04-06T06:57:04.643+0000][67][gc,age      ] GC(12) - age   4:    1417280 bytes,    8418864 total
[2023-04-06T06:57:04.644+0000][67][gc,age      ] GC(12) - age   5:    3322288 bytes,   11741152 total
[2023-04-06T06:57:04.644+0000][67][gc,heap     ] GC(12) Eden regions: 35->0(34)
[2023-04-06T06:57:04.645+0000][67][gc,heap     ] GC(12) Survivor regions: 3->4(5)
[2023-04-06T06:57:04.645+0000][67][gc,heap     ] GC(12) Old regions: 5->5
[2023-04-06T06:57:04.646+0000][67][gc,heap     ] GC(12) Archive regions: 2->2
[2023-04-06T06:57:04.646+0000][67][gc,heap     ] GC(12) Humongous regions: 0->0
[2023-04-06T06:57:04.647+0000][67][gc,metaspace] GC(12) Metaspace: 34618K(35456K)->34618K(35456K) NonClass: 30648K(31168K)->30648K(31168K) Class: 3969K(4288K)->3969K(4288K)
[2023-04-06T06:57:04.647+0000][67][gc          ] GC(12) Pause Young (Normal) (G1 Evacuation Pause) 171M->33M(256M) 18.518ms
[2023-04-06T06:57:04.648+0000][67][gc,cpu      ] GC(12) User=0.01s Sys=0.00s Real=0.02s
[2023-04-06T06:57:04.649+0000][67][safepoint   ] Safepoint "G1CollectForAllocation", Time since last: 256056923 ns, Reaching safepoint: 208623 ns, At safepoint: 19814551 ns, Total: 20023174 ns
[2023-04-06T06:57:04.779+0000][67][gc,start    ] GC(13) Pause Young (Concurrent Start) (Metadata GC Threshold)
[2023-04-06T06:57:04.780+0000][67][gc,task     ] GC(13) Using 4 workers of 4 for evacuation
[2023-04-06T06:57:04.780+0000][67][gc,age      ] GC(13) Desired survivor size 10485760 bytes, new threshold 5 (max threshold 15)
[2023-04-06T06:57:04.785+0000][67][gc,phases   ] GC(13)   Pre Evacuate Collection Set: 0.2ms
[2023-04-06T06:57:04.786+0000][67][gc,phases   ] GC(13)   Merge Heap Roots: 0.1ms
[2023-04-06T06:57:04.786+0000][67][gc,phases   ] GC(13)   Evacuate Collection Set: 2.6ms
[2023-04-06T06:57:04.787+0000][67][gc,phases   ] GC(13)   Post Evacuate Collection Set: 0.9ms
[2023-04-06T06:57:04.787+0000][67][gc,phases   ] GC(13)   Other: 1.4ms
[2023-04-06T06:57:04.788+0000][67][gc,age      ] GC(13) Age table with threshold 5 (max threshold 15)
[2023-04-06T06:57:04.788+0000][67][gc,age      ] GC(13) - age   1:     406960 bytes,     406960 total
[2023-04-06T06:57:04.789+0000][67][gc,age      ] GC(13) - age   2:     718088 bytes,    1125048 total
[2023-04-06T06:57:04.789+0000][67][gc,age      ] GC(13) - age   3:    2367336 bytes,    3492384 total
[2023-04-06T06:57:04.790+0000][67][gc,age      ] GC(13) - age   4:    3124592 bytes,    6616976 total
[2023-04-06T06:57:04.790+0000][67][gc,age      ] GC(13) - age   5:    1417176 bytes,    8034152 total
[2023-04-06T06:57:04.791+0000][67][gc,heap     ] GC(13) Eden regions: 4->0(35)
[2023-04-06T06:57:04.792+0000][67][gc,heap     ] GC(13) Survivor regions: 4->3(5)
[2023-04-06T06:57:04.792+0000][67][gc,heap     ] GC(13) Old regions: 5->6
[2023-04-06T06:57:04.793+0000][67][gc,heap     ] GC(13) Archive regions: 2->2
[2023-04-06T06:57:04.793+0000][67][gc,heap     ] GC(13) Humongous regions: 0->0
[2023-04-06T06:57:04.794+0000][67][gc,metaspace] GC(13) Metaspace: 35272K(36096K)->35272K(36096K) NonClass: 31234K(31744K)->31234K(31744K) Class: 4037K(4352K)->4037K(4352K)
[2023-04-06T06:57:04.795+0000][67][gc          ] GC(13) Pause Young (Concurrent Start) (Metadata GC Threshold) 47M->33M(256M) 16.024ms
[2023-04-06T06:57:04.795+0000][67][gc,cpu      ] GC(13) User=0.01s Sys=0.01s Real=0.02s
[2023-04-06T06:57:04.795+0000][67][gc          ] GC(14) Concurrent Mark Cycle
[2023-04-06T06:57:04.797+0000][67][gc,marking  ] GC(14) Concurrent Clear Claimed Marks
[2023-04-06T06:57:04.796+0000][67][safepoint   ] Safepoint "CollectForMetadataAllocation", Time since last: 130147760 ns, Reaching safepoint: 131404 ns, At safepoint: 17435719 ns, Total: 17567123 ns
[2023-04-06T06:57:04.797+0000][67][gc,marking  ] GC(14) Concurrent Clear Claimed Marks 0.481ms
[2023-04-06T06:57:04.798+0000][67][gc,marking  ] GC(14) Concurrent Scan Root Regions
[2023-04-06T06:57:04.801+0000][67][gc,marking  ] GC(14) Concurrent Scan Root Regions 3.400ms
[2023-04-06T06:57:04.802+0000][67][gc,marking  ] GC(14) Concurrent Mark
[2023-04-06T06:57:04.803+0000][67][gc,marking  ] GC(14) Concurrent Mark From Roots
[2023-04-06T06:57:04.804+0000][67][gc,task     ] GC(14) Using 1 workers of 1 for marking
[2023-04-06T06:57:04.819+0000][67][gc,marking  ] GC(14) Concurrent Mark From Roots 15.943ms
[2023-04-06T06:57:04.820+0000][67][gc,marking  ] GC(14) Concurrent Preclean
[2023-04-06T06:57:04.820+0000][67][gc,marking  ] GC(14) Concurrent Preclean 0.714ms
[2023-04-06T06:57:04.822+0000][67][gc,start    ] GC(14) Pause Remark
[2023-04-06T06:57:04.828+0000][67][gc          ] GC(14) Pause Remark 35M->35M(256M) 6.031ms
[2023-04-06T06:57:04.828+0000][67][gc,cpu      ] GC(14) User=0.01s Sys=0.00s Real=0.00s
[2023-04-06T06:57:04.829+0000][67][safepoint   ] Safepoint "G1PauseRemark", Time since last: 24924278 ns, Reaching safepoint: 238698 ns, At safepoint: 7394019 ns, Total: 7632717 ns
[2023-04-06T06:57:04.831+0000][67][gc,marking  ] GC(14) Concurrent Mark 28.352ms
[2023-04-06T06:57:04.831+0000][67][gc,marking  ] GC(14) Concurrent Rebuild Remembered Sets
[2023-04-06T06:57:04.841+0000][67][gc,marking  ] GC(14) Concurrent Rebuild Remembered Sets 9.263ms
[2023-04-06T06:57:04.843+0000][67][gc,start    ] GC(14) Pause Cleanup
[2023-04-06T06:57:04.844+0000][67][gc          ] GC(14) Pause Cleanup 35M->35M(256M) 1.377ms
[2023-04-06T06:57:04.845+0000][67][gc,cpu      ] GC(14) User=0.00s Sys=0.00s Real=0.00s
[2023-04-06T06:57:04.846+0000][67][safepoint   ] Safepoint "G1PauseCleanup", Time since last: 13428010 ns, Reaching safepoint: 487057 ns, At safepoint: 3013021 ns, Total: 3500078 ns
[2023-04-06T06:57:04.847+0000][67][gc,marking  ] GC(14) Concurrent Cleanup for Next Mark
[2023-04-06T06:57:04.847+0000][67][gc,marking  ] GC(14) Concurrent Cleanup for Next Mark 0.869ms
[2023-04-06T06:57:04.848+0000][67][gc          ] GC(14) Concurrent Mark Cycle 52.610ms
[2023-04-06T06:57:06.010+0000][67][safepoint   ] Safepoint "ICBufferFull", Time since last: 1163987800 ns, Reaching safepoint: 423910 ns, At safepoint: 56030 ns, Total: 479940 ns
[2023-04-06T06:57:06.590+0000][67][safepoint   ] Safepoint "ICBufferFull", Time since last: 579747033 ns, Reaching safepoint: 447454 ns, At safepoint: 27007 ns, Total: 474461 ns
[2023-04-06T06:57:06.615+0000][67][gc,start    ] GC(15) Pause Young (Normal) (G1 Evacuation Pause)
[2023-04-06T06:57:06.616+0000][67][gc,task     ] GC(15) Using 4 workers of 4 for evacuation
[2023-04-06T06:57:06.617+0000][67][gc,age      ] GC(15) Desired survivor size 10485760 bytes, new threshold 15 (max threshold 15)
[2023-04-06T06:57:06.634+0000][67][gc,phases   ] GC(15)   Pre Evacuate Collection Set: 0.2ms
[2023-04-06T06:57:06.635+0000][67][gc,phases   ] GC(15)   Merge Heap Roots: 0.3ms
[2023-04-06T06:57:06.636+0000][67][gc,phases   ] GC(15)   Evacuate Collection Set: 13.2ms
[2023-04-06T06:57:06.637+0000][67][gc,phases   ] GC(15)   Post Evacuate Collection Set: 2.4ms
[2023-04-06T06:57:06.638+0000][67][gc,phases   ] GC(15)   Other: 1.8ms
[2023-04-06T06:57:06.638+0000][67][gc,age      ] GC(15) Age table with threshold 15 (max threshold 15)
[2023-04-06T06:57:06.639+0000][67][gc,age      ] GC(15) - age   1:   11464632 bytes,   11464632 total
[2023-04-06T06:57:06.641+0000][67][gc,age      ] GC(15) - age   2:     394344 bytes,   11858976 total
[2023-04-06T06:57:06.641+0000][67][gc,age      ] GC(15) - age   3:     710832 bytes,   12569808 total
[2023-04-06T06:57:06.642+0000][67][gc,age      ] GC(15) - age   4:    2360224 bytes,   14930032 total
[2023-04-06T06:57:06.643+0000][67][gc,age      ] GC(15) - age   5:    3105672 bytes,   18035704 total
[2023-04-06T06:57:06.644+0000][67][gc,age      ] GC(15) - age   6:    1409416 bytes,   19445120 total
[2023-04-06T06:57:06.645+0000][67][gc,heap     ] GC(15) Eden regions: 35->0(33)
[2023-04-06T06:57:06.646+0000][67][gc,heap     ] GC(15) Survivor regions: 3->5(5)
[2023-04-06T06:57:06.647+0000][67][gc,heap     ] GC(15) Old regions: 6->6
[2023-04-06T06:57:06.649+0000][67][gc,heap     ] GC(15) Archive regions: 2->2
[2023-04-06T06:57:06.651+0000][67][gc,heap     ] GC(15) Humongous regions: 0->0
[2023-04-06T06:57:06.652+0000][67][gc,metaspace] GC(15) Metaspace: 44155K(45376K)->44155K(45376K) NonClass: 38896K(39552K)->38896K(39552K) Class: 5258K(5824K)->5258K(5824K)
[2023-04-06T06:57:06.653+0000][67][gc          ] GC(15) Pause Young (Normal) (G1 Evacuation Pause) 173M->44M(256M) 37.510ms
[2023-04-06T06:57:06.654+0000][67][gc,cpu      ] GC(15) User=0.06s Sys=0.00s Real=0.04s
[2023-04-06T06:57:06.655+0000][67][safepoint   ] Safepoint "G1CollectForAllocation", Time since last: 24720322 ns, Reaching safepoint: 138792 ns, At safepoint: 39257430 ns, Total: 39396222 ns
[2023-04-06T06:57:07.371+0000][67][gc,start    ] GC(16) Pause Young (Normal) (G1 Evacuation Pause)
[2023-04-06T06:57:07.372+0000][67][gc,task     ] GC(16) Using 4 workers of 4 for evacuation
[2023-04-06T06:57:07.373+0000][67][gc,age      ] GC(16) Desired survivor size 10485760 bytes, new threshold 1 (max threshold 15)
[2023-04-06T06:57:07.393+0000][67][gc,phases   ] GC(16)   Pre Evacuate Collection Set: 0.1ms
[2023-04-06T06:57:07.394+0000][67][gc,phases   ] GC(16)   Merge Heap Roots: 0.1ms
[2023-04-06T06:57:07.395+0000][67][gc,phases   ] GC(16)   Evacuate Collection Set: 17.1ms
[2023-04-06T06:57:07.395+0000][67][gc,phases   ] GC(16)   Post Evacuate Collection Set: 1.5ms
[2023-04-06T06:57:07.396+0000][67][gc,phases   ] GC(16)   Other: 2.0ms
[2023-04-06T06:57:07.397+0000][67][gc,age      ] GC(16) Age table with threshold 1 (max threshold 15)
[2023-04-06T06:57:07.397+0000][67][gc,age      ] GC(16) - age   1:    6896552 bytes,    6896552 total
[2023-04-06T06:57:07.398+0000][67][gc,heap     ] GC(16) Eden regions: 33->0(35)
[2023-04-06T06:57:07.399+0000][67][gc,heap     ] GC(16) Survivor regions: 5->2(5)
[2023-04-06T06:57:07.399+0000][67][gc,heap     ] GC(16) Old regions: 6->10
[2023-04-06T06:57:07.400+0000][67][gc,heap     ] GC(16) Archive regions: 2->2
[2023-04-06T06:57:07.401+0000][67][gc,heap     ] GC(16) Humongous regions: 0->0
[2023-04-06T06:57:07.401+0000][67][gc,metaspace] GC(16) Metaspace: 44172K(45376K)->44172K(45376K) NonClass: 38911K(39552K)->38911K(39552K) Class: 5261K(5824K)->5261K(5824K)
[2023-04-06T06:57:07.402+0000][67][gc          ] GC(16) Pause Young (Normal) (G1 Evacuation Pause) 176M->51M(256M) 30.868ms
[2023-04-06T06:57:07.402+0000][67][gc,cpu      ] GC(16) User=0.06s Sys=0.00s Real=0.04s
[2023-04-06T06:57:07.403+0000][67][safepoint   ] Safepoint "G1CollectForAllocation", Time since last: 715890028 ns, Reaching safepoint: 394818 ns, At safepoint: 32196943 ns, Total: 32591761 ns
[2023-04-06T06:57:08.845+0000][67][safepoint   ] Safepoint "Cleanup", Time since last: 1441469520 ns, Reaching safepoint: 359647 ns, At safepoint: 5636 ns, Total: 365283 ns
[2023-04-06T06:57:09.350+0000][67][gc,start    ] GC(17) Pause Young (Normal) (G1 Evacuation Pause)
[2023-04-06T06:57:09.352+0000][67][gc,task     ] GC(17) Using 4 workers of 4 for evacuation
[2023-04-06T06:57:09.352+0000][67][gc,age      ] GC(17) Desired survivor size 10485760 bytes, new threshold 15 (max threshold 15)
[2023-04-06T06:57:09.364+0000][67][gc,phases   ] GC(17)   Pre Evacuate Collection Set: 0.2ms
[2023-04-06T06:57:09.365+0000][67][gc,phases   ] GC(17)   Merge Heap Roots: 0.2ms
[2023-04-06T06:57:09.366+0000][67][gc,phases   ] GC(17)   Evacuate Collection Set: 9.5ms
[2023-04-06T06:57:09.367+0000][67][gc,phases   ] GC(17)   Post Evacuate Collection Set: 0.8ms
[2023-04-06T06:57:09.368+0000][67][gc,phases   ] GC(17)   Other: 1.7ms
[2023-04-06T06:57:09.368+0000][67][gc,age      ] GC(17) Age table with threshold 15 (max threshold 15)
[2023-04-06T06:57:09.369+0000][67][gc,age      ] GC(17) - age   1:    5406760 bytes,    5406760 total
[2023-04-06T06:57:09.370+0000][67][gc,age      ] GC(17) - age   2:    6477392 bytes,   11884152 total
[2023-04-06T06:57:09.371+0000][67][gc,heap     ] GC(17) Eden regions: 35->0(34)
[2023-04-06T06:57:09.372+0000][67][gc,heap     ] GC(17) Survivor regions: 2->3(5)
[2023-04-06T06:57:09.372+0000][67][gc,heap     ] GC(17) Old regions: 10->10
[2023-04-06T06:57:09.373+0000][67][gc,heap     ] GC(17) Archive regions: 2->2
[2023-04-06T06:57:09.374+0000][67][gc,heap     ] GC(17) Humongous regions: 0->0
[2023-04-06T06:57:09.375+0000][67][gc,metaspace] GC(17) Metaspace: 52098K(53312K)->52098K(53312K) NonClass: 45786K(46464K)->45786K(46464K) Class: 6311K(6848K)->6311K(6848K)
[2023-04-06T06:57:09.376+0000][67][gc          ] GC(17) Pause Young (Normal) (G1 Evacuation Pause) 191M->55M(256M) 25.932ms
[2023-04-06T06:57:09.377+0000][67][gc,cpu      ] GC(17) User=0.03s Sys=0.00s Real=0.03s
[2023-04-06T06:57:09.377+0000][67][safepoint   ] Safepoint "G1CollectForAllocation", Time since last: 504854033 ns, Reaching safepoint: 170557 ns, At safepoint: 27336430 ns, Total: 27506987 ns
[2023-04-06T06:57:10.062+0000][67][gc,start    ] GC(18) Pause Young (Concurrent Start) (Metadata GC Threshold)
[2023-04-06T06:57:10.063+0000][67][gc,task     ] GC(18) Using 4 workers of 4 for evacuation
[2023-04-06T06:57:10.063+0000][67][gc,age      ] GC(18) Desired survivor size 10485760 bytes, new threshold 2 (max threshold 15)
[2023-04-06T06:57:10.073+0000][67][gc,phases   ] GC(18)   Pre Evacuate Collection Set: 0.3ms
[2023-04-06T06:57:10.074+0000][67][gc,phases   ] GC(18)   Merge Heap Roots: 0.2ms
[2023-04-06T06:57:10.075+0000][67][gc,phases   ] GC(18)   Evacuate Collection Set: 7.8ms
[2023-04-06T06:57:10.075+0000][67][gc,phases   ] GC(18)   Post Evacuate Collection Set: 0.9ms
[2023-04-06T06:57:10.076+0000][67][gc,phases   ] GC(18)   Other: 1.2ms
[2023-04-06T06:57:10.076+0000][67][gc,age      ] GC(18) Age table with threshold 2 (max threshold 15)
[2023-04-06T06:57:10.077+0000][67][gc,age      ] GC(18) - age   1:    2602200 bytes,    2602200 total
[2023-04-06T06:57:10.077+0000][67][gc,age      ] GC(18) - age   2:    4917024 bytes,    7519224 total
[2023-04-06T06:57:10.078+0000][67][gc,heap     ] GC(18) Eden regions: 9->0(29)
[2023-04-06T06:57:10.079+0000][67][gc,heap     ] GC(18) Survivor regions: 3->2(5)
[2023-04-06T06:57:10.079+0000][67][gc,heap     ] GC(18) Old regions: 10->12
[2023-04-06T06:57:10.080+0000][67][gc,heap     ] GC(18) Archive regions: 2->2
[2023-04-06T06:57:10.080+0000][67][gc,heap     ] GC(18) Humongous regions: 0->0
[2023-04-06T06:57:10.081+0000][67][gc,metaspace] GC(18) Metaspace: 59137K(60416K)->59137K(60416K) NonClass: 51797K(52544K)->51797K(52544K) Class: 7340K(7872K)->7340K(7872K)
[2023-04-06T06:57:10.081+0000][67][gc          ] GC(18) Pause Young (Concurrent Start) (Metadata GC Threshold) 91M->57M(256M) 19.626ms
[2023-04-06T06:57:10.082+0000][67][gc,cpu      ] GC(18) User=0.02s Sys=0.00s Real=0.02s
[2023-04-06T06:57:10.082+0000][67][gc          ] GC(19) Concurrent Mark Cycle
[2023-04-06T06:57:10.083+0000][67][gc,marking  ] GC(19) Concurrent Clear Claimed Marks
[2023-04-06T06:57:10.084+0000][67][gc,marking  ] GC(19) Concurrent Clear Claimed Marks 0.646ms
[2023-04-06T06:57:10.084+0000][67][gc,marking  ] GC(19) Concurrent Scan Root Regions
[2023-04-06T06:57:10.083+0000][67][safepoint   ] Safepoint "CollectForMetadataAllocation", Time since last: 683988171 ns, Reaching safepoint: 275807 ns, At safepoint: 21462823 ns, Total: 21738630 ns
[2023-04-06T06:57:10.095+0000][67][gc,marking  ] GC(19) Concurrent Scan Root Regions 10.445ms
[2023-04-06T06:57:10.096+0000][67][gc,marking  ] GC(19) Concurrent Mark
[2023-04-06T06:57:10.097+0000][67][gc,marking  ] GC(19) Concurrent Mark From Roots
[2023-04-06T06:57:10.100+0000][67][gc,task     ] GC(19) Using 1 workers of 1 for marking
[2023-04-06T06:57:10.137+0000][67][safepoint   ] Safepoint "CollectForMetadataAllocation", Time since last: 52923439 ns, Reaching safepoint: 237298 ns, At safepoint: 391714 ns, Total: 629012 ns
[2023-04-06T06:57:10.141+0000][67][gc,marking  ] GC(19) Concurrent Mark From Roots 43.914ms
[2023-04-06T06:57:10.142+0000][67][gc,marking  ] GC(19) Concurrent Preclean
[2023-04-06T06:57:10.143+0000][67][gc,marking  ] GC(19) Concurrent Preclean 1.384ms
[2023-04-06T06:57:10.144+0000][67][gc,start    ] GC(19) Pause Remark
[2023-04-06T06:57:10.149+0000][67][gc          ] GC(19) Pause Remark 59M->59M(256M) 4.754ms
[2023-04-06T06:57:10.150+0000][67][gc,cpu      ] GC(19) User=0.01s Sys=0.00s Real=0.00s
[2023-04-06T06:57:10.151+0000][67][safepoint   ] Safepoint "G1PauseRemark", Time since last: 7516994 ns, Reaching safepoint: 229396 ns, At safepoint: 6548757 ns, Total: 6778153 ns
[2023-04-06T06:57:10.152+0000][67][gc,marking  ] GC(19) Concurrent Mark 55.730ms
[2023-04-06T06:57:10.152+0000][67][gc,marking  ] GC(19) Concurrent Rebuild Remembered Sets
[2023-04-06T06:57:10.175+0000][67][gc,marking  ] GC(19) Concurrent Rebuild Remembered Sets 23.403ms
[2023-04-06T06:57:10.177+0000][67][gc,start    ] GC(19) Pause Cleanup
[2023-04-06T06:57:10.178+0000][67][gc          ] GC(19) Pause Cleanup 61M->61M(256M) 1.206ms
[2023-04-06T06:57:10.179+0000][67][gc,cpu      ] GC(19) User=0.00s Sys=0.00s Real=0.00s
[2023-04-06T06:57:10.179+0000][67][safepoint   ] Safepoint "G1PauseCleanup", Time since last: 25704284 ns, Reaching safepoint: 270951 ns, At safepoint: 2606546 ns, Total: 2877497 ns
[2023-04-06T06:57:10.180+0000][67][gc,marking  ] GC(19) Concurrent Cleanup for Next Mark
[2023-04-06T06:57:10.181+0000][67][gc,marking  ] GC(19) Concurrent Cleanup for Next Mark 1.063ms
[2023-04-06T06:57:10.182+0000][67][gc          ] GC(19) Concurrent Mark Cycle 99.950ms
[2023-04-06T06:57:10.978+0000][67][gc,start    ] GC(20) Pause Young (Normal) (G1 Evacuation Pause)
[2023-04-06T06:57:10.978+0000][67][gc,task     ] GC(20) Using 4 workers of 4 for evacuation
[2023-04-06T06:57:10.979+0000][67][gc,age      ] GC(20) Desired survivor size 8388608 bytes, new threshold 15 (max threshold 15)
[2023-04-06T06:57:10.991+0000][67][gc,phases   ] GC(20)   Pre Evacuate Collection Set: 0.1ms
[2023-04-06T06:57:10.992+0000][67][gc,phases   ] GC(20)   Merge Heap Roots: 0.1ms
[2023-04-06T06:57:10.992+0000][67][gc,phases   ] GC(20)   Evacuate Collection Set: 7.5ms
[2023-04-06T06:57:10.993+0000][67][gc,phases   ] GC(20)   Post Evacuate Collection Set: 3.3ms
[2023-04-06T06:57:10.993+0000][67][gc,phases   ] GC(20)   Other: 1.4ms
[2023-04-06T06:57:10.994+0000][67][gc,age      ] GC(20) Age table with threshold 15 (max threshold 15)
[2023-04-06T06:57:10.995+0000][67][gc,age      ] GC(20) - age   1:    2056088 bytes,    2056088 total
[2023-04-06T06:57:10.995+0000][67][gc,age      ] GC(20) - age   2:    2463664 bytes,    4519752 total
[2023-04-06T06:57:10.996+0000][67][gc,age      ] GC(20) - age   3:    4893520 bytes,    9413272 total
[2023-04-06T06:57:10.996+0000][67][gc,heap     ] GC(20) Eden regions: 29->0(29)
[2023-04-06T06:57:10.997+0000][67][gc,heap     ] GC(20) Survivor regions: 2->3(4)
[2023-04-06T06:57:10.997+0000][67][gc,heap     ] GC(20) Old regions: 12->12
[2023-04-06T06:57:10.998+0000][67][gc,heap     ] GC(20) Archive regions: 2->2
[2023-04-06T06:57:10.999+0000][67][gc,heap     ] GC(20) Humongous regions: 0->0
[2023-04-06T06:57:10.999+0000][67][gc,metaspace] GC(20) Metaspace: 65569K(67072K)->65569K(67072K) NonClass: 57203K(58048K)->57203K(58048K) Class: 8365K(9024K)->8365K(9024K)
[2023-04-06T06:57:11.000+0000][67][gc          ] GC(20) Pause Young (Normal) (G1 Evacuation Pause) 173M->58M(256M) 22.400ms
[2023-04-06T06:57:11.000+0000][67][gc,cpu      ] GC(20) User=0.04s Sys=0.01s Real=0.02s
[2023-04-06T06:57:11.001+0000][67][safepoint   ] Safepoint "G1CollectForAllocation", Time since last: 797773390 ns, Reaching safepoint: 280997 ns, At safepoint: 23461354 ns, Total: 23742351 ns
[2023-04-06T06:57:11.279+0000][67][gc,start    ] GC(21) Pause Young (Normal) (G1 Evacuation Pause)
[2023-04-06T06:57:11.280+0000][67][gc,task     ] GC(21) Using 4 workers of 4 for evacuation
[2023-04-06T06:57:11.280+0000][67][gc,age      ] GC(21) Desired survivor size 8388608 bytes, new threshold 3 (max threshold 15)
[2023-04-06T06:57:11.287+0000][67][gc,phases   ] GC(21)   Pre Evacuate Collection Set: 0.2ms
[2023-04-06T06:57:11.288+0000][67][gc,phases   ] GC(21)   Merge Heap Roots: 0.1ms
[2023-04-06T06:57:11.288+0000][67][gc,phases   ] GC(21)   Evacuate Collection Set: 5.3ms
[2023-04-06T06:57:11.289+0000][67][gc,phases   ] GC(21)   Post Evacuate Collection Set: 0.8ms
[2023-04-06T06:57:11.289+0000][67][gc,phases   ] GC(21)   Other: 1.3ms
[2023-04-06T06:57:11.290+0000][67][gc,age      ] GC(21) Age table with threshold 3 (max threshold 15)
[2023-04-06T06:57:11.290+0000][67][gc,age      ] GC(21) - age   1:      43696 bytes,      43696 total
[2023-04-06T06:57:11.291+0000][67][gc,age      ] GC(21) - age   2:    1908216 bytes,    1951912 total
[2023-04-06T06:57:11.292+0000][67][gc,age      ] GC(21) - age   3:    2463632 bytes,    4415544 total
[2023-04-06T06:57:11.292+0000][67][gc,heap     ] GC(21) Eden regions: 29->0(31)
[2023-04-06T06:57:11.292+0000][67][gc,heap     ] GC(21) Survivor regions: 3->2(4)
[2023-04-06T06:57:11.293+0000][67][gc,heap     ] GC(21) Old regions: 12->13
[2023-04-06T06:57:11.293+0000][67][gc,heap     ] GC(21) Archive regions: 2->2
[2023-04-06T06:57:11.294+0000][67][gc,heap     ] GC(21) Humongous regions: 0->0
[2023-04-06T06:57:11.295+0000][67][gc,metaspace] GC(21) Metaspace: 65582K(67136K)->65582K(67136K) NonClass: 57215K(58112K)->57215K(58112K) Class: 8367K(9024K)->8367K(9024K)
[2023-04-06T06:57:11.295+0000][67][gc          ] GC(21) Pause Young (Normal) (G1 Evacuation Pause) 174M->59M(256M) 16.640ms
[2023-04-06T06:57:11.296+0000][67][gc,cpu      ] GC(21) User=0.03s Sys=0.00s Real=0.02s
[2023-04-06T06:57:11.296+0000][67][safepoint   ] Safepoint "G1CollectForAllocation", Time since last: 277403518 ns, Reaching safepoint: 140017 ns, At safepoint: 17607775 ns, Total: 17747792 ns
[2023-04-06T06:57:12.420+0000][67][safepoint   ] Safepoint "Cleanup", Time since last: 1122522546 ns, Reaching safepoint: 1130817 ns, At safepoint: 31445 ns, Total: 1162262 ns
[2023-04-06T06:57:13.423+0000][67][safepoint   ] Safepoint "Cleanup", Time since last: 1003354761 ns, Reaching safepoint: 314080 ns, At safepoint: 28631 ns, Total: 342711 ns
[2023-04-06T06:57:13.429+0000][67][gc,start    ] GC(22) Pause Young (Normal) (G1 Evacuation Pause)
[2023-04-06T06:57:13.430+0000][67][gc,task     ] GC(22) Using 4 workers of 4 for evacuation
[2023-04-06T06:57:13.430+0000][67][gc,age      ] GC(22) Desired survivor size 10485760 bytes, new threshold 15 (max threshold 15)
[2023-04-06T06:57:13.446+0000][67][gc,phases   ] GC(22)   Pre Evacuate Collection Set: 0.1ms
[2023-04-06T06:57:13.447+0000][67][gc,phases   ] GC(22)   Merge Heap Roots: 0.2ms
[2023-04-06T06:57:13.448+0000][67][gc,phases   ] GC(22)   Evacuate Collection Set: 9.4ms
[2023-04-06T06:57:13.448+0000][67][gc,phases   ] GC(22)   Post Evacuate Collection Set: 4.9ms
[2023-04-06T06:57:13.449+0000][67][gc,phases   ] GC(22)   Other: 1.5ms
[2023-04-06T06:57:13.450+0000][67][gc,age      ] GC(22) Age table with threshold 15 (max threshold 15)
[2023-04-06T06:57:13.450+0000][67][gc,age      ] GC(22) - age   1:    7241184 bytes,    7241184 total
[2023-04-06T06:57:13.451+0000][67][gc,age      ] GC(22) - age   2:       2896 bytes,    7244080 total
[2023-04-06T06:57:13.452+0000][67][gc,age      ] GC(22) - age   3:    1885120 bytes,    9129200 total
[2023-04-06T06:57:13.452+0000][67][gc,age      ] GC(22) - age   4:    2461592 bytes,   11590792 total
[2023-04-06T06:57:13.453+0000][67][gc,heap     ] GC(22) Eden regions: 31->0(30)
[2023-04-06T06:57:13.454+0000][67][gc,heap     ] GC(22) Survivor regions: 2->3(5)
[2023-04-06T06:57:13.454+0000][67][gc,heap     ] GC(22) Old regions: 13->13
[2023-04-06T06:57:13.455+0000][67][gc,heap     ] GC(22) Archive regions: 2->2
[2023-04-06T06:57:13.456+0000][67][gc,heap     ] GC(22) Humongous regions: 0->0
[2023-04-06T06:57:13.456+0000][67][gc,metaspace] GC(22) Metaspace: 79510K(81088K)->79510K(81088K) NonClass: 69201K(70080K)->69201K(70080K) Class: 10308K(11008K)->10308K(11008K)
[2023-04-06T06:57:13.457+0000][67][gc          ] GC(22) Pause Young (Normal) (G1 Evacuation Pause) 183M->65M(256M) 27.572ms
[2023-04-06T06:57:13.457+0000][67][gc,cpu      ] GC(22) User=0.04s Sys=0.00s Real=0.03s
[2023-04-06T06:57:13.458+0000][67][safepoint   ] Safepoint "G1CollectForAllocation", Time since last: 5510803 ns, Reaching safepoint: 75368 ns, At safepoint: 28791864 ns, Total: 28867232 ns
[2023-04-06T06:57:14.460+0000][67][safepoint   ] Safepoint "Cleanup", Time since last: 1000869614 ns, Reaching safepoint: 847619 ns, At safepoint: 29077 ns, Total: 876696 ns
[2023-04-06T06:57:14.568+0000][67][gc,start    ] GC(23) Pause Young (Normal) (G1 Evacuation Pause)
[2023-04-06T06:57:14.569+0000][67][gc,task     ] GC(23) Using 4 workers of 4 for evacuation
[2023-04-06T06:57:14.569+0000][67][gc,age      ] GC(23) Desired survivor size 10485760 bytes, new threshold 4 (max threshold 15)
[2023-04-06T06:57:14.583+0000][67][gc,phases   ] GC(23)   Pre Evacuate Collection Set: 0.1ms
[2023-04-06T06:57:14.584+0000][67][gc,phases   ] GC(23)   Merge Heap Roots: 0.1ms
[2023-04-06T06:57:14.585+0000][67][gc,phases   ] GC(23)   Evacuate Collection Set: 8.2ms
[2023-04-06T06:57:14.586+0000][67][gc,phases   ] GC(23)   Post Evacuate Collection Set: 3.1ms
[2023-04-06T06:57:14.587+0000][67][gc,phases   ] GC(23)   Other: 2.9ms
[2023-04-06T06:57:14.588+0000][67][gc,age      ] GC(23) Age table with threshold 4 (max threshold 15)
[2023-04-06T06:57:14.588+0000][67][gc,age      ] GC(23) - age   1:    2265360 bytes,    2265360 total
[2023-04-06T06:57:14.589+0000][67][gc,age      ] GC(23) - age   2:    6979344 bytes,    9244704 total
[2023-04-06T06:57:14.590+0000][67][gc,age      ] GC(23) - age   3:       2864 bytes,    9247568 total
[2023-04-06T06:57:14.590+0000][67][gc,age      ] GC(23) - age   4:    1880280 bytes,   11127848 total
[2023-04-06T06:57:14.591+0000][67][gc,heap     ] GC(23) Eden regions: 30->0(30)
[2023-04-06T06:57:14.591+0000][67][gc,heap     ] GC(23) Survivor regions: 3->3(5)
[2023-04-06T06:57:14.592+0000][67][gc,heap     ] GC(23) Old regions: 13->14
[2023-04-06T06:57:14.592+0000][67][gc,heap     ] GC(23) Archive regions: 2->2
[2023-04-06T06:57:14.593+0000][67][gc,heap     ] GC(23) Humongous regions: 0->0
[2023-04-06T06:57:14.593+0000][67][gc,metaspace] GC(23) Metaspace: 87078K(88704K)->87078K(88704K) NonClass: 75826K(76736K)->75826K(76736K) Class: 11252K(11968K)->11252K(11968K)
[2023-04-06T06:57:14.594+0000][67][gc          ] GC(23) Pause Young (Normal) (G1 Evacuation Pause) 185M->67M(256M) 25.971ms
[2023-04-06T06:57:14.594+0000][67][gc,cpu      ] GC(23) User=0.02s Sys=0.00s Real=0.03s
[2023-04-06T06:57:14.595+0000][67][safepoint   ] Safepoint "G1CollectForAllocation", Time since last: 108010091 ns, Reaching safepoint: 131996 ns, At safepoint: 27135488 ns, Total: 27267484 ns
[2023-04-06T06:57:15.626+0000][67][safepoint   ] Safepoint "ICBufferFull", Time since last: 1030377200 ns, Reaching safepoint: 420710 ns, At safepoint: 30040 ns, Total: 450750 ns
[2023-04-06T06:57:15.844+0000][67][gc,start    ] GC(24) Pause Young (Concurrent Start) (Metadata GC Threshold)
[2023-04-06T06:57:15.846+0000][67][gc,task     ] GC(24) Using 4 workers of 4 for evacuation
[2023-04-06T06:57:15.846+0000][67][gc,age      ] GC(24) Desired survivor size 10485760 bytes, new threshold 4 (max threshold 15)
[2023-04-06T06:57:15.867+0000][67][gc,phases   ] GC(24)   Pre Evacuate Collection Set: 0.2ms
[2023-04-06T06:57:15.868+0000][67][gc,phases   ] GC(24)   Merge Heap Roots: 0.1ms
[2023-04-06T06:57:15.868+0000][67][gc,phases   ] GC(24)   Evacuate Collection Set: 18.1ms
[2023-04-06T06:57:15.869+0000][67][gc,phases   ] GC(24)   Post Evacuate Collection Set: 1.3ms
[2023-04-06T06:57:15.870+0000][67][gc,phases   ] GC(24)   Other: 1.2ms
[2023-04-06T06:57:15.870+0000][67][gc,age      ] GC(24) Age table with threshold 4 (max threshold 15)
[2023-04-06T06:57:15.871+0000][67][gc,age      ] GC(24) - age   1:    5783904 bytes,    5783904 total
[2023-04-06T06:57:15.872+0000][67][gc,age      ] GC(24) - age   2:    2153952 bytes,    7937856 total
[2023-04-06T06:57:15.872+0000][67][gc,age      ] GC(24) - age   3:    6976144 bytes,   14914000 total
[2023-04-06T06:57:15.873+0000][67][gc,age      ] GC(24) - age   4:       2864 bytes,   14916864 total
[2023-04-06T06:57:15.874+0000][67][gc,heap     ] GC(24) Eden regions: 18->0(29)
[2023-04-06T06:57:15.874+0000][67][gc,heap     ] GC(24) Survivor regions: 3->4(5)
[2023-04-06T06:57:15.875+0000][67][gc,heap     ] GC(24) Old regions: 14->14
[2023-04-06T06:57:15.875+0000][67][gc,heap     ] GC(24) Archive regions: 2->2
[2023-04-06T06:57:15.876+0000][67][gc,heap     ] GC(24) Humongous regions: 0->0
[2023-04-06T06:57:15.876+0000][67][gc,metaspace] GC(24) Metaspace: 99251K(101440K)->99251K(101440K) NonClass: 86368K(87552K)->86368K(87552K) Class: 12883K(13888K)->12883K(13888K)
[2023-04-06T06:57:15.877+0000][67][gc          ] GC(24) Pause Young (Concurrent Start) (Metadata GC Threshold) 139M->73M(256M) 32.285ms
[2023-04-06T06:57:15.877+0000][67][gc,cpu      ] GC(24) User=0.05s Sys=0.01s Real=0.03s
[2023-04-06T06:57:15.877+0000][67][gc          ] GC(25) Concurrent Mark Cycle
[2023-04-06T06:57:15.878+0000][67][gc,marking  ] GC(25) Concurrent Clear Claimed Marks
[2023-04-06T06:57:15.878+0000][67][safepoint   ] Safepoint "CollectForMetadataAllocation", Time since last: 218591932 ns, Reaching safepoint: 104023 ns, At safepoint: 33873798 ns, Total: 33977821 ns
[2023-04-06T06:57:15.879+0000][67][gc,marking  ] GC(25) Concurrent Clear Claimed Marks 0.746ms
[2023-04-06T06:57:15.880+0000][67][gc,marking  ] GC(25) Concurrent Scan Root Regions
[2023-04-06T06:57:15.894+0000][67][gc,marking  ] GC(25) Concurrent Scan Root Regions 13.502ms
[2023-04-06T06:57:15.894+0000][67][gc,marking  ] GC(25) Concurrent Mark
[2023-04-06T06:57:15.895+0000][67][gc,marking  ] GC(25) Concurrent Mark From Roots
[2023-04-06T06:57:15.896+0000][67][gc,task     ] GC(25) Using 1 workers of 1 for marking
[2023-04-06T06:57:15.931+0000][67][safepoint   ] Safepoint "CollectForMetadataAllocation", Time since last: 52112596 ns, Reaching safepoint: 322855 ns, At safepoint: 251240 ns, Total: 574095 ns
[2023-04-06T06:57:15.966+0000][67][safepoint   ] Safepoint "CollectForMetadataAllocation", Time since last: 34246136 ns, Reaching safepoint: 127346 ns, At safepoint: 307674 ns, Total: 435020 ns
[2023-04-06T06:57:15.994+0000][67][gc,marking  ] GC(25) Concurrent Mark From Roots 98.751ms
[2023-04-06T06:57:15.995+0000][67][gc,marking  ] GC(25) Concurrent Preclean
[2023-04-06T06:57:15.996+0000][67][gc,marking  ] GC(25) Concurrent Preclean 0.848ms
[2023-04-06T06:57:15.996+0000][67][gc,start    ] GC(25) Pause Remark
[2023-04-06T06:57:16.001+0000][67][gc          ] GC(25) Pause Remark 79M->79M(256M) 4.852ms
[2023-04-06T06:57:16.002+0000][67][gc,cpu      ] GC(25) User=0.01s Sys=0.00s Real=0.01s
[2023-04-06T06:57:16.002+0000][67][safepoint   ] Safepoint "G1PauseRemark", Time since last: 30430190 ns, Reaching safepoint: 193253 ns, At safepoint: 6138950 ns, Total: 6332203 ns
[2023-04-06T06:57:16.003+0000][67][gc,marking  ] GC(25) Concurrent Mark 108.507ms
[2023-04-06T06:57:16.004+0000][67][gc,marking  ] GC(25) Concurrent Rebuild Remembered Sets
[2023-04-06T06:57:16.052+0000][67][gc,marking  ] GC(25) Concurrent Rebuild Remembered Sets 48.779ms
[2023-04-06T06:57:16.053+0000][67][gc,start    ] GC(25) Pause Cleanup
[2023-04-06T06:57:16.054+0000][67][gc          ] GC(25) Pause Cleanup 85M->85M(256M) 0.696ms
[2023-04-06T06:57:16.055+0000][67][gc,cpu      ] GC(25) User=0.00s Sys=0.00s Real=0.00s
[2023-04-06T06:57:16.056+0000][67][safepoint   ] Safepoint "G1PauseCleanup", Time since last: 50801082 ns, Reaching safepoint: 175798 ns, At safepoint: 2544556 ns, Total: 2720354 ns
[2023-04-06T06:57:16.057+0000][67][gc,marking  ] GC(25) Concurrent Cleanup for Next Mark
[2023-04-06T06:57:16.060+0000][67][gc,marking  ] GC(25) Concurrent Cleanup for Next Mark 3.449ms
[2023-04-06T06:57:16.062+0000][67][gc          ] GC(25) Concurrent Mark Cycle 184.002ms
[2023-04-06T06:57:17.175+0000][67][safepoint   ] Safepoint "Cleanup", Time since last: 1119010957 ns, Reaching safepoint: 141123 ns, At safepoint: 25208 ns, Total: 166331 ns
[2023-04-06T06:57:17.479+0000][67][safepoint   ] Safepoint "ICBufferFull", Time since last: 303845386 ns, Reaching safepoint: 142349 ns, At safepoint: 1969 ns, Total: 144318 ns
[2023-04-06T06:57:18.002+0000][67][safepoint   ] Safepoint "ICBufferFull", Time since last: 522168922 ns, Reaching safepoint: 208906 ns, At safepoint: 30770 ns, Total: 239676 ns
[2023-04-06T06:57:18.254+0000][67][gc,start    ] GC(26) Pause Young (Normal) (G1 Evacuation Pause)
[2023-04-06T06:57:18.255+0000][67][gc,task     ] GC(26) Using 4 workers of 4 for evacuation
[2023-04-06T06:57:18.256+0000][67][gc,age      ] GC(26) Desired survivor size 10485760 bytes, new threshold 3 (max threshold 15)
[2023-04-06T06:57:18.291+0000][67][gc,phases   ] GC(26)   Pre Evacuate Collection Set: 0.1ms
[2023-04-06T06:57:18.292+0000][67][gc,phases   ] GC(26)   Merge Heap Roots: 0.1ms
[2023-04-06T06:57:18.293+0000][67][gc,phases   ] GC(26)   Evacuate Collection Set: 26.5ms
[2023-04-06T06:57:18.293+0000][67][gc,phases   ] GC(26)   Post Evacuate Collection Set: 7.2ms
[2023-04-06T06:57:18.294+0000][67][gc,phases   ] GC(26)   Other: 1.7ms
[2023-04-06T06:57:18.295+0000][67][gc,age      ] GC(26) Age table with threshold 3 (max threshold 15)
[2023-04-06T06:57:18.295+0000][67][gc,age      ] GC(26) - age   1:    7785832 bytes,    7785832 total
[2023-04-06T06:57:18.296+0000][67][gc,age      ] GC(26) - age   2:    5213056 bytes,   12998888 total
[2023-04-06T06:57:18.296+0000][67][gc,age      ] GC(26) - age   3:    2134688 bytes,   15133576 total
[2023-04-06T06:57:18.297+0000][67][gc,heap     ] GC(26) Eden regions: 29->0(27)
[2023-04-06T06:57:18.298+0000][67][gc,heap     ] GC(26) Survivor regions: 4->4(5)
[2023-04-06T06:57:18.298+0000][67][gc,heap     ] GC(26) Old regions: 14->16
[2023-04-06T06:57:18.298+0000][67][gc,heap     ] GC(26) Archive regions: 2->2
[2023-04-06T06:57:18.299+0000][67][gc,heap     ] GC(26) Humongous regions: 0->0
[2023-04-06T06:57:18.300+0000][67][gc,metaspace] GC(26) Metaspace: 112804K(115968K)->112804K(115968K) NonClass: 97815K(99392K)->97815K(99392K) Class: 14988K(16576K)->14988K(16576K)
[2023-04-06T06:57:18.300+0000][67][gc          ] GC(26) Pause Young (Normal) (G1 Evacuation Pause) 189M->81M(256M) 45.836ms
[2023-04-06T06:57:18.301+0000][67][gc,cpu      ] GC(26) User=0.08s Sys=0.01s Real=0.04s
[2023-04-06T06:57:18.301+0000][67][safepoint   ] Safepoint "G1CollectForAllocation", Time since last: 252603900 ns, Reaching safepoint: 138381 ns, At safepoint: 46860549 ns, Total: 46998930 ns
[2023-04-06T06:57:18.920+0000][67][safepoint   ] Safepoint "ICBufferFull", Time since last: 618149614 ns, Reaching safepoint: 375870 ns, At safepoint: 12573 ns, Total: 388443 ns
[2023-04-06T06:57:19.865+0000][67][safepoint   ] Safepoint "ICBufferFull", Time since last: 966462790 ns, Reaching safepoint: 226765 ns, At safepoint: 152949 ns, Total: 379714 ns
[2023-04-06T06:57:20.888+0000][67][safepoint   ] Safepoint "ICBufferFull", Time since last: 1022645827 ns, Reaching safepoint: 317303 ns, At safepoint: 9069 ns, Total: 326372 ns
[2023-04-06T06:57:21.446+0000][67][safepoint   ] Safepoint "ICBufferFull", Time since last: 558428524 ns, Reaching safepoint: 165304 ns, At safepoint: 3249 ns, Total: 168553 ns
[2023-04-06T06:57:22.449+0000][67][safepoint   ] Safepoint "Cleanup", Time since last: 1000876627 ns, Reaching safepoint: 1978887 ns, At safepoint: 44752 ns, Total: 2023639 ns
[2023-04-06T06:57:22.488+0000][67][gc,start    ] GC(27) Pause Young (Normal) (G1 Evacuation Pause)
[2023-04-06T06:57:22.489+0000][67][gc,task     ] GC(27) Using 4 workers of 4 for evacuation
[2023-04-06T06:57:22.490+0000][67][gc,age      ] GC(27) Desired survivor size 8388608 bytes, new threshold 2 (max threshold 15)
[2023-04-06T06:57:22.510+0000][67][gc,phases   ] GC(27)   Pre Evacuate Collection Set: 0.1ms
[2023-04-06T06:57:22.511+0000][67][gc,phases   ] GC(27)   Merge Heap Roots: 0.1ms
[2023-04-06T06:57:22.513+0000][67][gc,phases   ] GC(27)   Evacuate Collection Set: 17.1ms
[2023-04-06T06:57:22.513+0000][67][gc,phases   ] GC(27)   Post Evacuate Collection Set: 2.9ms
[2023-04-06T06:57:22.514+0000][67][gc,phases   ] GC(27)   Other: 1.2ms
[2023-04-06T06:57:22.514+0000][67][gc,age      ] GC(27) Age table with threshold 2 (max threshold 15)
[2023-04-06T06:57:22.515+0000][67][gc,age      ] GC(27) - age   1:    9626096 bytes,    9626096 total
[2023-04-06T06:57:22.515+0000][67][gc,age      ] GC(27) - age   2:    6901952 bytes,   16528048 total
[2023-04-06T06:57:22.516+0000][67][gc,heap     ] GC(27) Eden regions: 27->0(22)
[2023-04-06T06:57:22.517+0000][67][gc,heap     ] GC(27) Survivor regions: 4->4(4)
[2023-04-06T06:57:22.518+0000][67][gc,heap     ] GC(27) Old regions: 16->18
[2023-04-06T06:57:22.519+0000][67][gc,heap     ] GC(27) Archive regions: 2->2
[2023-04-06T06:57:22.520+0000][67][gc,heap     ] GC(27) Humongous regions: 2->2
[2023-04-06T06:57:22.520+0000][67][gc,metaspace] GC(27) Metaspace: 121970K(125184K)->121970K(125184K) NonClass: 105621K(107264K)->105621K(107264K) Class: 16348K(17920K)->16348K(17920K)
[2023-04-06T06:57:22.521+0000][67][gc          ] GC(27) Pause Young (Normal) (G1 Evacuation Pause) 197M->97M(256M) 32.670ms
[2023-04-06T06:57:22.522+0000][67][gc,cpu      ] GC(27) User=0.05s Sys=0.00s Real=0.04s
[2023-04-06T06:57:22.522+0000][67][safepoint   ] Safepoint "G1CollectForAllocation", Time since last: 38502033 ns, Reaching safepoint: 601833 ns, At safepoint: 33837466 ns, Total: 34439299 ns
[2023-04-06T06:57:23.491+0000][67][safepoint   ] Safepoint "ICBufferFull", Time since last: 968751065 ns, Reaching safepoint: 195943 ns, At safepoint: 3385 ns, Total: 199328 ns
[2023-04-06T06:57:24.493+0000][67][safepoint   ] Safepoint "Cleanup", Time since last: 1001272035 ns, Reaching safepoint: 582642 ns, At safepoint: 31405 ns, Total: 614047 ns
[2023-04-06T06:57:24.497+0000][67][gc,start    ] GC(28) Pause Young (Concurrent Start) (G1 Evacuation Pause)
[2023-04-06T06:57:24.497+0000][67][gc,task     ] GC(28) Using 4 workers of 4 for evacuation
[2023-04-06T06:57:24.498+0000][67][gc,age      ] GC(28) Desired survivor size 8388608 bytes, new threshold 1 (max threshold 15)
[2023-04-06T06:57:24.518+0000][67][gc,phases   ] GC(28)   Pre Evacuate Collection Set: 0.6ms
[2023-04-06T06:57:24.519+0000][67][gc,phases   ] GC(28)   Merge Heap Roots: 0.1ms
[2023-04-06T06:57:24.520+0000][67][gc,phases   ] GC(28)   Evacuate Collection Set: 16.2ms
[2023-04-06T06:57:24.520+0000][67][gc,phases   ] GC(28)   Post Evacuate Collection Set: 1.4ms
[2023-04-06T06:57:24.521+0000][67][gc,phases   ] GC(28)   Other: 1.9ms
[2023-04-06T06:57:24.522+0000][67][gc,age      ] GC(28) Age table with threshold 1 (max threshold 15)
[2023-04-06T06:57:24.523+0000][67][gc,age      ] GC(28) - age   1:    5340936 bytes,    5340936 total
[2023-04-06T06:57:24.524+0000][67][gc,heap     ] GC(28) Eden regions: 22->0(21)
[2023-04-06T06:57:24.524+0000][67][gc,heap     ] GC(28) Survivor regions: 4->2(4)
[2023-04-06T06:57:24.525+0000][67][gc,heap     ] GC(28) Old regions: 18->22
[2023-04-06T06:57:24.525+0000][67][gc,heap     ] GC(28) Archive regions: 2->2
[2023-04-06T06:57:24.527+0000][67][gc,heap     ] GC(28) Humongous regions: 2->2
[2023-04-06T06:57:24.528+0000][67][gc,metaspace] GC(28) Metaspace: 124907K(128128K)->124907K(128128K) NonClass: 108119K(109760K)->108119K(109760K) Class: 16788K(18368K)->16788K(18368K)
[2023-04-06T06:57:24.528+0000][67][gc          ] GC(28) Pause Young (Concurrent Start) (G1 Evacuation Pause) 185M->104M(256M) 31.573ms
[2023-04-06T06:57:24.529+0000][67][gc,cpu      ] GC(28) User=0.06s Sys=0.01s Real=0.03s
[2023-04-06T06:57:24.529+0000][67][safepoint   ] Safepoint "G1CollectForAllocation", Time since last: 3194793 ns, Reaching safepoint: 312947 ns, At safepoint: 32888784 ns, Total: 33201731 ns
[2023-04-06T06:57:24.529+0000][67][gc          ] GC(29) Concurrent Mark Cycle
[2023-04-06T06:57:24.532+0000][67][gc,marking  ] GC(29) Concurrent Clear Claimed Marks
[2023-04-06T06:57:24.533+0000][67][gc,marking  ] GC(29) Concurrent Clear Claimed Marks 1.066ms
[2023-04-06T06:57:24.534+0000][67][gc,marking  ] GC(29) Concurrent Scan Root Regions
[2023-04-06T06:57:24.572+0000][67][gc,marking  ] GC(29) Concurrent Scan Root Regions 38.022ms
[2023-04-06T06:57:24.573+0000][67][gc,marking  ] GC(29) Concurrent Mark
[2023-04-06T06:57:24.574+0000][67][gc,marking  ] GC(29) Concurrent Mark From Roots
[2023-04-06T06:57:24.575+0000][67][gc,task     ] GC(29) Using 1 workers of 1 for marking
[2023-04-06T06:57:24.997+0000][67][gc,marking  ] GC(29) Concurrent Mark From Roots 423.436ms
[2023-04-06T06:57:24.998+0000][67][gc,marking  ] GC(29) Concurrent Preclean
[2023-04-06T06:57:25.000+0000][67][gc,marking  ] GC(29) Concurrent Preclean 1.993ms
[2023-04-06T06:57:25.002+0000][67][gc,start    ] GC(29) Pause Remark
[2023-04-06T06:57:25.020+0000][67][gc          ] GC(29) Pause Remark 117M->117M(256M) 18.135ms
[2023-04-06T06:57:25.022+0000][67][gc,cpu      ] GC(29) User=0.02s Sys=0.00s Real=0.02s
[2023-04-06T06:57:25.023+0000][67][safepoint   ] Safepoint "G1PauseRemark", Time since last: 471959720 ns, Reaching safepoint: 363246 ns, At safepoint: 21305254 ns, Total: 21668500 ns
[2023-04-06T06:57:25.029+0000][67][gc,marking  ] GC(29) Concurrent Mark 456.524ms
[2023-04-06T06:57:25.031+0000][67][gc,marking  ] GC(29) Concurrent Rebuild Remembered Sets
[2023-04-06T06:57:25.269+0000][67][gc,marking  ] GC(29) Concurrent Rebuild Remembered Sets 237.121ms
[2023-04-06T06:57:25.273+0000][67][gc,start    ] GC(29) Pause Cleanup
[2023-04-06T06:57:25.274+0000][67][gc          ] GC(29) Pause Cleanup 120M->120M(256M) 1.099ms
[2023-04-06T06:57:25.274+0000][67][gc,cpu      ] GC(29) User=0.01s Sys=0.00s Real=0.00s
[2023-04-06T06:57:25.275+0000][67][safepoint   ] Safepoint "G1PauseCleanup", Time since last: 249196383 ns, Reaching safepoint: 488727 ns, At safepoint: 2455278 ns, Total: 2944005 ns
[2023-04-06T06:57:25.276+0000][67][gc,marking  ] GC(29) Concurrent Cleanup for Next Mark
[2023-04-06T06:57:25.278+0000][67][gc,marking  ] GC(29) Concurrent Cleanup for Next Mark 1.488ms
[2023-04-06T06:57:25.278+0000][67][gc          ] GC(29) Concurrent Mark Cycle 749.512ms
[2023-04-06T06:57:26.318+0000][67][safepoint   ] Safepoint "Cleanup", Time since last: 1042407089 ns, Reaching safepoint: 230716 ns, At safepoint: 28476 ns, Total: 259192 ns
[2023-04-06T06:57:27.319+0000][67][safepoint   ] Safepoint "Cleanup", Time since last: 1001091811 ns, Reaching safepoint: 204797 ns, At safepoint: 15439 ns, Total: 220236 ns
[2023-04-06T06:57:28.321+0000][67][safepoint   ] Safepoint "Cleanup", Time since last: 1001075320 ns, Reaching safepoint: 287646 ns, At safepoint: 6379 ns, Total: 294025 ns
[2023-04-06T06:57:29.322+0000][67][safepoint   ] Safepoint "Cleanup", Time since last: 1001403512 ns, Reaching safepoint: 174547 ns, At safepoint: 124455 ns, Total: 299002 ns
[2023-04-06T06:57:30.489+0000][67][safepoint   ] Safepoint "Cleanup", Time since last: 1166617088 ns, Reaching safepoint: 128976 ns, At safepoint: 11628 ns, Total: 140604 ns
[2023-04-06T06:57:31.740+0000][67][safepoint   ] Safepoint "Cleanup", Time since last: 1251065749 ns, Reaching safepoint: 249853 ns, At safepoint: 4982 ns, Total: 254835 ns
[2023-04-06T06:57:32.742+0000][67][safepoint   ] Safepoint "Cleanup", Time since last: 1001240323 ns, Reaching safepoint: 169902 ns, At safepoint: 6202 ns, Total: 176104 ns
[2023-04-06T06:57:33.744+0000][67][safepoint   ] Safepoint "Cleanup", Time since last: 1001681172 ns, Reaching safepoint: 194170 ns, At safepoint: 4647 ns, Total: 198817 ns
[2023-04-06T06:57:34.825+0000][67][safepoint   ] Safepoint "ICBufferFull", Time since last: 1078445271 ns, Reaching safepoint: 2524114 ns, At safepoint: 66615 ns, Total: 2590729 ns
[2023-04-06T06:57:34.919+0000][67][gc,start    ] GC(30) Pause Young (Normal) (G1 Evacuation Pause)
[2023-04-06T06:57:34.921+0000][67][gc,task     ] GC(30) Using 4 workers of 4 for evacuation
[2023-04-06T06:57:34.921+0000][67][gc,age      ] GC(30) Desired survivor size 6291456 bytes, new threshold 15 (max threshold 15)
[2023-04-06T06:57:34.932+0000][67][gc,phases   ] GC(30)   Pre Evacuate Collection Set: 0.1ms
[2023-04-06T06:57:34.934+0000][67][gc,phases   ] GC(30)   Merge Heap Roots: 0.1ms
[2023-04-06T06:57:34.935+0000][67][gc,phases   ] GC(30)   Evacuate Collection Set: 8.7ms
[2023-04-06T06:57:34.936+0000][67][gc,phases   ] GC(30)   Post Evacuate Collection Set: 1.3ms
[2023-04-06T06:57:34.936+0000][67][gc,phases   ] GC(30)   Other: 1.5ms
[2023-04-06T06:57:34.937+0000][67][gc,age      ] GC(30) Age table with threshold 15 (max threshold 15)
[2023-04-06T06:57:34.938+0000][67][gc,age      ] GC(30) - age   1:    4213432 bytes,    4213432 total
[2023-04-06T06:57:34.939+0000][67][gc,age      ] GC(30) - age   2:    3644616 bytes,    7858048 total
[2023-04-06T06:57:34.940+0000][67][gc,heap     ] GC(30) Eden regions: 21->0(20)
[2023-04-06T06:57:34.940+0000][67][gc,heap     ] GC(30) Survivor regions: 2->3(3)
[2023-04-06T06:57:34.941+0000][67][gc,heap     ] GC(30) Old regions: 22->22
[2023-04-06T06:57:34.941+0000][67][gc,heap     ] GC(30) Archive regions: 2->2
[2023-04-06T06:57:34.942+0000][67][gc,heap     ] GC(30) Humongous regions: 2->2
[2023-04-06T06:57:34.942+0000][67][gc,metaspace] GC(30) Metaspace: 129776K(132992K)->129776K(132992K) NonClass: 112321K(113984K)->112321K(113984K) Class: 17455K(19008K)->17455K(19008K)
[2023-04-06T06:57:34.943+0000][67][gc          ] GC(30) Pause Young (Normal) (G1 Evacuation Pause) 188M->106M(256M) 23.472ms
[2023-04-06T06:57:34.944+0000][67][gc,cpu      ] GC(30) User=0.04s Sys=0.00s Real=0.03s
[2023-04-06T06:57:34.944+0000][67][safepoint   ] Safepoint "G1CollectForAllocation", Time since last: 93911647 ns, Reaching safepoint: 897079 ns, At safepoint: 24877521 ns, Total: 25774600 ns
[2023-04-06T06:57:35.578+0000][67][safepoint   ] Safepoint "ICBufferFull", Time since last: 633748071 ns, Reaching safepoint: 342668 ns, At safepoint: 30831 ns, Total: 373499 ns
[2023-04-06T06:57:36.169+0000][67][safepoint   ] Safepoint "ICBufferFull", Time since last: 590728603 ns, Reaching safepoint: 212801 ns, At safepoint: 35350 ns, Total: 248151 ns
[2023-04-06T06:57:36.885+0000][67][safepoint   ] Safepoint "ICBufferFull", Time since last: 715120125 ns, Reaching safepoint: 260701 ns, At safepoint: 8365 ns, Total: 269066 ns
[2023-04-06T06:57:37.689+0000][67][safepoint   ] Safepoint "ICBufferFull", Time since last: 803684125 ns, Reaching safepoint: 361821 ns, At safepoint: 5229 ns, Total: 367050 ns
[2023-04-06T06:57:38.566+0000][67][safepoint   ] Safepoint "ICBufferFull", Time since last: 876319585 ns, Reaching safepoint: 343035 ns, At safepoint: 56472 ns, Total: 399507 ns
[2023-04-06T06:57:38.592+0000][67][gc,start    ] GC(31) Pause Young (Concurrent Start) (G1 Evacuation Pause)
[2023-04-06T06:57:38.592+0000][67][gc,task     ] GC(31) Using 4 workers of 4 for evacuation
[2023-04-06T06:57:38.593+0000][67][gc,age      ] GC(31) Desired survivor size 6291456 bytes, new threshold 2 (max threshold 15)
[2023-04-06T06:57:38.604+0000][67][gc,phases   ] GC(31)   Pre Evacuate Collection Set: 0.4ms
[2023-04-06T06:57:38.604+0000][67][gc,phases   ] GC(31)   Merge Heap Roots: 0.1ms
[2023-04-06T06:57:38.605+0000][67][gc,phases   ] GC(31)   Evacuate Collection Set: 7.5ms
[2023-04-06T06:57:38.605+0000][67][gc,phases   ] GC(31)   Post Evacuate Collection Set: 2.1ms
[2023-04-06T06:57:38.606+0000][67][gc,phases   ] GC(31)   Other: 1.1ms
[2023-04-06T06:57:38.606+0000][67][gc,age      ] GC(31) Age table with threshold 2 (max threshold 15)
[2023-04-06T06:57:38.607+0000][67][gc,age      ] GC(31) - age   1:    4815792 bytes,    4815792 total
[2023-04-06T06:57:38.607+0000][67][gc,age      ] GC(31) - age   2:    3487920 bytes,    8303712 total
[2023-04-06T06:57:38.608+0000][67][gc,heap     ] GC(31) Eden regions: 20->0(20)
[2023-04-06T06:57:38.608+0000][67][gc,heap     ] GC(31) Survivor regions: 3->3(3)
[2023-04-06T06:57:38.609+0000][67][gc,heap     ] GC(31) Old regions: 22->23
[2023-04-06T06:57:38.609+0000][67][gc,heap     ] GC(31) Archive regions: 2->2
[2023-04-06T06:57:38.610+0000][67][gc,heap     ] GC(31) Humongous regions: 2->2
[2023-04-06T06:57:38.610+0000][67][gc,metaspace] GC(31) Metaspace: 132640K(135936K)->132640K(135936K) NonClass: 114820K(116480K)->114820K(116480K) Class: 17819K(19456K)->17819K(19456K)
[2023-04-06T06:57:38.612+0000][67][gc          ] GC(31) Pause Young (Concurrent Start) (G1 Evacuation Pause) 186M->111M(256M) 20.071ms
[2023-04-06T06:57:38.612+0000][67][gc          ] GC(32) Concurrent Mark Cycle
[2023-04-06T06:57:38.612+0000][67][gc,cpu      ] GC(31) User=0.04s Sys=0.01s Real=0.02s
[2023-04-06T06:57:38.613+0000][67][safepoint   ] Safepoint "G1CollectForAllocation", Time since last: 25792722 ns, Reaching safepoint: 252959 ns, At safepoint: 21652566 ns, Total: 21905525 ns
[2023-04-06T06:57:38.613+0000][67][gc,marking  ] GC(32) Concurrent Clear Claimed Marks
[2023-04-06T06:57:38.615+0000][67][gc,marking  ] GC(32) Concurrent Clear Claimed Marks 1.896ms
[2023-04-06T06:57:38.615+0000][67][gc,marking  ] GC(32) Concurrent Scan Root Regions
[2023-04-06T06:57:38.640+0000][67][gc,marking  ] GC(32) Concurrent Scan Root Regions 24.763ms
[2023-04-06T06:57:38.641+0000][67][gc,marking  ] GC(32) Concurrent Mark
[2023-04-06T06:57:38.642+0000][67][gc,marking  ] GC(32) Concurrent Mark From Roots
[2023-04-06T06:57:38.643+0000][67][gc,task     ] GC(32) Using 1 workers of 1 for marking
[2023-04-06T06:57:38.759+0000][67][gc,marking  ] GC(32) Concurrent Mark From Roots 116.969ms
[2023-04-06T06:57:38.760+0000][67][gc,marking  ] GC(32) Concurrent Preclean
[2023-04-06T06:57:38.761+0000][67][gc,marking  ] GC(32) Concurrent Preclean 0.809ms
[2023-04-06T06:57:38.762+0000][67][gc,start    ] GC(32) Pause Remark
[2023-04-06T06:57:38.777+0000][67][gc          ] GC(32) Pause Remark 112M->112M(256M) 14.792ms
[2023-04-06T06:57:38.778+0000][67][gc,cpu      ] GC(32) User=0.05s Sys=0.00s Real=0.01s
[2023-04-06T06:57:38.779+0000][67][safepoint   ] Safepoint "G1PauseRemark", Time since last: 148580765 ns, Reaching safepoint: 111517 ns, At safepoint: 16594158 ns, Total: 16705675 ns
[2023-04-06T06:57:38.779+0000][67][gc,marking  ] GC(32) Concurrent Mark 138.188ms
[2023-04-06T06:57:38.780+0000][67][gc,marking  ] GC(32) Concurrent Rebuild Remembered Sets
[2023-04-06T06:57:38.890+0000][67][gc,marking  ] GC(32) Concurrent Rebuild Remembered Sets 110.624ms
[2023-04-06T06:57:38.907+0000][67][gc,start    ] GC(32) Pause Cleanup
[2023-04-06T06:57:38.908+0000][67][gc          ] GC(32) Pause Cleanup 114M->114M(256M) 1.484ms
[2023-04-06T06:57:38.909+0000][67][gc,cpu      ] GC(32) User=0.00s Sys=0.00s Real=0.00s
[2023-04-06T06:57:38.910+0000][67][safepoint   ] Safepoint "G1PauseCleanup", Time since last: 112931828 ns, Reaching safepoint: 15056998 ns, At safepoint: 3270004 ns, Total: 18327002 ns
[2023-04-06T06:57:38.911+0000][67][gc,marking  ] GC(32) Concurrent Cleanup for Next Mark
[2023-04-06T06:57:38.912+0000][67][gc,marking  ] GC(32) Concurrent Cleanup for Next Mark 1.128ms
[2023-04-06T06:57:38.913+0000][67][gc          ] GC(32) Concurrent Mark Cycle 300.409ms
[2023-04-06T06:57:39.911+0000][67][safepoint   ] Safepoint "Cleanup", Time since last: 1001012217 ns, Reaching safepoint: 218689 ns, At safepoint: 34678 ns, Total: 253367 ns
[2023-04-06T06:57:40.913+0000][67][safepoint   ] Safepoint "Cleanup", Time since last: 1001223917 ns, Reaching safepoint: 190661 ns, At safepoint: 27402 ns, Total: 218063 ns
[2023-04-06T06:57:41.489+0000][67][safepoint   ] Safepoint "ICBufferFull", Time since last: 575912946 ns, Reaching safepoint: 166711 ns, At safepoint: 53231 ns, Total: 219942 ns
[2023-04-06T06:57:41.717+0000][67][gc,start    ] GC(33) Pause Young (Prepare Mixed) (G1 Evacuation Pause)
[2023-04-06T06:57:41.718+0000][67][gc,task     ] GC(33) Using 4 workers of 4 for evacuation
[2023-04-06T06:57:41.719+0000][67][gc,age      ] GC(33) Desired survivor size 6291456 bytes, new threshold 2 (max threshold 15)
[2023-04-06T06:57:41.728+0000][67][gc,phases   ] GC(33)   Pre Evacuate Collection Set: 0.1ms
[2023-04-06T06:57:41.728+0000][67][gc,phases   ] GC(33)   Merge Heap Roots: 0.1ms
[2023-04-06T06:57:41.729+0000][67][gc,phases   ] GC(33)   Evacuate Collection Set: 7.2ms
[2023-04-06T06:57:41.729+0000][67][gc,phases   ] GC(33)   Post Evacuate Collection Set: 1.1ms
[2023-04-06T06:57:41.730+0000][67][gc,phases   ] GC(33)   Other: 1.1ms
[2023-04-06T06:57:41.731+0000][67][gc,age      ] GC(33) Age table with threshold 2 (max threshold 15)
[2023-04-06T06:57:41.731+0000][67][gc,age      ] GC(33) - age   1:    2648912 bytes,    2648912 total
[2023-04-06T06:57:41.732+0000][67][gc,age      ] GC(33) - age   2:    4323960 bytes,    6972872 total
[2023-04-06T06:57:41.732+0000][67][gc,heap     ] GC(33) Eden regions: 20->0(1)
[2023-04-06T06:57:41.733+0000][67][gc,heap     ] GC(33) Survivor regions: 3->2(3)
[2023-04-06T06:57:41.733+0000][67][gc,heap     ] GC(33) Old regions: 23->24
[2023-04-06T06:57:41.734+0000][67][gc,heap     ] GC(33) Archive regions: 2->2
[2023-04-06T06:57:41.734+0000][67][gc,heap     ] GC(33) Humongous regions: 2->2
[2023-04-06T06:57:41.734+0000][67][gc,metaspace] GC(33) Metaspace: 134291K(137792K)->134291K(137792K) NonClass: 116298K(118080K)->116298K(118080K) Class: 17992K(19712K)->17992K(19712K)
[2023-04-06T06:57:41.735+0000][67][gc          ] GC(33) Pause Young (Prepare Mixed) (G1 Evacuation Pause) 191M->113M(256M) 18.023ms
[2023-04-06T06:57:41.736+0000][67][gc,cpu      ] GC(33) User=0.02s Sys=0.00s Real=0.02s
[2023-04-06T06:57:41.736+0000][67][safepoint   ] Safepoint "G1CollectForAllocation", Time since last: 228102002 ns, Reaching safepoint: 189284 ns, At safepoint: 19154373 ns, Total: 19343657 ns
[2023-04-06T06:57:41.834+0000][67][gc,start    ] GC(34) Pause Young (Mixed) (G1 Evacuation Pause)
[2023-04-06T06:57:41.835+0000][67][gc,task     ] GC(34) Using 4 workers of 4 for evacuation
[2023-04-06T06:57:41.836+0000][67][gc,age      ] GC(34) Desired survivor size 2097152 bytes, new threshold 1 (max threshold 15)
[2023-04-06T06:57:41.842+0000][67][gc,phases   ] GC(34)   Pre Evacuate Collection Set: 0.1ms
[2023-04-06T06:57:41.843+0000][67][gc,phases   ] GC(34)   Merge Heap Roots: 0.1ms
[2023-04-06T06:57:41.844+0000][67][gc,phases   ] GC(34)   Evacuate Collection Set: 5.4ms
[2023-04-06T06:57:41.844+0000][67][gc,phases   ] GC(34)   Post Evacuate Collection Set: 0.6ms
[2023-04-06T06:57:41.845+0000][67][gc,phases   ] GC(34)   Other: 1.3ms
[2023-04-06T06:57:41.845+0000][67][gc,age      ] GC(34) Age table with threshold 1 (max threshold 15)
[2023-04-06T06:57:41.846+0000][67][gc,age      ] GC(34) - age   1:     204232 bytes,     204232 total
[2023-04-06T06:57:41.846+0000][67][gc,heap     ] GC(34) Eden regions: 1->0(20)
[2023-04-06T06:57:41.847+0000][67][gc,heap     ] GC(34) Survivor regions: 2->1(1)
[2023-04-06T06:57:41.847+0000][67][gc,heap     ] GC(34) Old regions: 24->25
[2023-04-06T06:57:41.848+0000][67][gc,heap     ] GC(34) Archive regions: 2->2
[2023-04-06T06:57:41.849+0000][67][gc,heap     ] GC(34) Humongous regions: 2->2
[2023-04-06T06:57:41.849+0000][67][gc,metaspace] GC(34) Metaspace: 134357K(137856K)->134357K(137856K) NonClass: 116365K(118144K)->116365K(118144K) Class: 17992K(19712K)->17992K(19712K)
[2023-04-06T06:57:41.850+0000][67][gc          ] GC(34) Pause Young (Mixed) (G1 Evacuation Pause) 117M->112M(256M) 15.926ms
[2023-04-06T06:57:41.850+0000][67][gc,cpu      ] GC(34) User=0.03s Sys=0.00s Real=0.02s
[2023-04-06T06:57:41.851+0000][67][safepoint   ] Safepoint "G1CollectForAllocation", Time since last: 97539116 ns, Reaching safepoint: 293021 ns, At safepoint: 17091872 ns, Total: 17384893 ns
[2023-04-06T06:57:42.555+0000][67][safepoint   ] Safepoint "ICBufferFull", Time since last: 703315480 ns, Reaching safepoint: 241331 ns, At safepoint: 8686 ns, Total: 250017 ns
[2023-04-06T06:57:43.556+0000][67][safepoint   ] Safepoint "Cleanup", Time since last: 1001082990 ns, Reaching safepoint: 236570 ns, At safepoint: 11394 ns, Total: 247964 ns
[2023-04-06T06:57:44.620+0000][67][safepoint   ] Safepoint "ICBufferFull", Time since last: 1063936400 ns, Reaching safepoint: 461112 ns, At safepoint: 59664 ns, Total: 520776 ns
[2023-04-06T06:57:44.896+0000][67][safepoint   ] Safepoint "ICBufferFull", Time since last: 274966052 ns, Reaching safepoint: 328619 ns, At safepoint: 52879 ns, Total: 381498 ns
[2023-04-06T06:57:45.911+0000][67][safepoint   ] Safepoint "Cleanup", Time since last: 1015089859 ns, Reaching safepoint: 239895 ns, At safepoint: 4334 ns, Total: 244229 ns
[2023-04-06T06:57:46.453+0000][67][safepoint   ] Safepoint "ICBufferFull", Time since last: 541558973 ns, Reaching safepoint: 266679 ns, At safepoint: 3759 ns, Total: 270438 ns
[2023-04-06T06:57:47.455+0000][67][safepoint   ] Safepoint "Cleanup", Time since last: 1001796911 ns, Reaching safepoint: 519288 ns, At safepoint: 15917 ns, Total: 535205 ns
[2023-04-06T06:57:48.459+0000][67][safepoint   ] Safepoint "Cleanup", Time since last: 1002900815 ns, Reaching safepoint: 692014 ns, At safepoint: 61598 ns, Total: 753612 ns
[2023-04-06T06:57:49.439+0000][67][safepoint   ] Safepoint "Cleanup", Time since last: 1002201418 ns, Reaching safepoint: 363332 ns, At safepoint: 51849 ns, Total: 415181 ns
[2023-04-06T06:57:50.441+0000][67][safepoint   ] Safepoint "Cleanup", Time since last: 1001159755 ns, Reaching safepoint: 361860 ns, At safepoint: 34044 ns, Total: 395904 ns
[2023-04-06T06:57:51.367+0000][67][gc,start    ] GC(35) Pause Young (Concurrent Start) (G1 Evacuation Pause)
[2023-04-06T06:57:51.368+0000][67][gc,task     ] GC(35) Using 4 workers of 4 for evacuation
[2023-04-06T06:57:51.369+0000][67][gc,age      ] GC(35) Desired survivor size 6291456 bytes, new threshold 15 (max threshold 15)
[2023-04-06T06:57:51.375+0000][67][gc,phases   ] GC(35)   Pre Evacuate Collection Set: 0.5ms
[2023-04-06T06:57:51.376+0000][67][gc,phases   ] GC(35)   Merge Heap Roots: 0.2ms
[2023-04-06T06:57:51.376+0000][67][gc,phases   ] GC(35)   Evacuate Collection Set: 3.3ms
[2023-04-06T06:57:51.377+0000][67][gc,phases   ] GC(35)   Post Evacuate Collection Set: 1.4ms
[2023-04-06T06:57:51.378+0000][67][gc,phases   ] GC(35)   Other: 1.5ms
[2023-04-06T06:57:51.379+0000][67][gc,age      ] GC(35) Age table with threshold 15 (max threshold 15)
[2023-04-06T06:57:51.379+0000][67][gc,age      ] GC(35) - age   1:    1910640 bytes,    1910640 total
[2023-04-06T06:57:51.380+0000][67][gc,age      ] GC(35) - age   2:       2176 bytes,    1912816 total
[2023-04-06T06:57:51.380+0000][67][gc,heap     ] GC(35) Eden regions: 20->0(20)
[2023-04-06T06:57:51.381+0000][67][gc,heap     ] GC(35) Survivor regions: 1->1(3)
[2023-04-06T06:57:51.382+0000][67][gc,heap     ] GC(35) Old regions: 25->25
[2023-04-06T06:57:51.382+0000][67][gc,heap     ] GC(35) Archive regions: 2->2
[2023-04-06T06:57:51.383+0000][67][gc,heap     ] GC(35) Humongous regions: 2->2
[2023-04-06T06:57:51.384+0000][67][gc,metaspace] GC(35) Metaspace: 135447K(138944K)->135447K(138944K) NonClass: 117392K(119168K)->117392K(119168K) Class: 18055K(19776K)->18055K(19776K)
[2023-04-06T06:57:51.384+0000][67][gc          ] GC(35) Pause Young (Concurrent Start) (G1 Evacuation Pause) 192M->113M(256M) 17.055ms
[2023-04-06T06:57:51.385+0000][67][gc          ] GC(36) Concurrent Mark Cycle
[2023-04-06T06:57:51.385+0000][67][gc,marking  ] GC(36) Concurrent Clear Claimed Marks
[2023-04-06T06:57:51.385+0000][67][gc,cpu      ] GC(35) User=0.01s Sys=0.00s Real=0.02s
[2023-04-06T06:57:51.386+0000][67][gc,marking  ] GC(36) Concurrent Clear Claimed Marks 0.785ms
[2023-04-06T06:57:51.386+0000][67][gc,marking  ] GC(36) Concurrent Scan Root Regions
[2023-04-06T06:57:51.386+0000][67][safepoint   ] Safepoint "G1CollectForAllocation", Time since last: 925866023 ns, Reaching safepoint: 274025 ns, At safepoint: 19007796 ns, Total: 19281821 ns
[2023-04-06T06:57:51.390+0000][67][gc,marking  ] GC(36) Concurrent Scan Root Regions 3.564ms
[2023-04-06T06:57:51.391+0000][67][gc,marking  ] GC(36) Concurrent Mark
[2023-04-06T06:57:51.391+0000][67][gc,marking  ] GC(36) Concurrent Mark From Roots
[2023-04-06T06:57:51.392+0000][67][gc,task     ] GC(36) Using 1 workers of 1 for marking
[2023-04-06T06:57:51.510+0000][67][gc,marking  ] GC(36) Concurrent Mark From Roots 118.800ms
[2023-04-06T06:57:51.511+0000][67][gc,marking  ] GC(36) Concurrent Preclean
[2023-04-06T06:57:51.512+0000][67][gc,marking  ] GC(36) Concurrent Preclean 0.789ms
[2023-04-06T06:57:51.513+0000][67][gc,start    ] GC(36) Pause Remark
[2023-04-06T06:57:51.528+0000][67][gc          ] GC(36) Pause Remark 113M->113M(256M) 15.154ms
[2023-04-06T06:57:51.530+0000][67][gc,cpu      ] GC(36) User=0.04s Sys=0.00s Real=0.02s
[2023-04-06T06:57:51.531+0000][67][safepoint   ] Safepoint "G1PauseRemark", Time since last: 126831514 ns, Reaching safepoint: 78156 ns, At safepoint: 18301196 ns, Total: 18379352 ns
[2023-04-06T06:57:51.532+0000][67][gc,marking  ] GC(36) Concurrent Mark 141.570ms
[2023-04-06T06:57:51.533+0000][67][gc,marking  ] GC(36) Concurrent Rebuild Remembered Sets
[2023-04-06T06:57:51.592+0000][67][gc,marking  ] GC(36) Concurrent Rebuild Remembered Sets 59.444ms
[2023-04-06T06:57:51.594+0000][67][gc,start    ] GC(36) Pause Cleanup
[2023-04-06T06:57:51.594+0000][67][gc          ] GC(36) Pause Cleanup 114M->114M(256M) 0.615ms
[2023-04-06T06:57:51.595+0000][67][gc,cpu      ] GC(36) User=0.00s Sys=0.00s Real=0.00s
[2023-04-06T06:57:51.596+0000][67][safepoint   ] Safepoint "G1PauseCleanup", Time since last: 62206002 ns, Reaching safepoint: 200284 ns, At safepoint: 1857386 ns, Total: 2057670 ns
[2023-04-06T06:57:51.597+0000][67][gc,marking  ] GC(36) Concurrent Cleanup for Next Mark
[2023-04-06T06:57:51.598+0000][67][gc,marking  ] GC(36) Concurrent Cleanup for Next Mark 1.323ms
[2023-04-06T06:57:51.598+0000][67][gc          ] GC(36) Concurrent Mark Cycle 213.712ms
[2023-04-06T06:57:52.598+0000][67][safepoint   ] Safepoint "Cleanup", Time since last: 1001636114 ns, Reaching safepoint: 867319 ns, At safepoint: 26396 ns, Total: 893715 ns
[2023-04-06T06:57:53.602+0000][67][safepoint   ] Safepoint "Cleanup", Time since last: 1003889548 ns, Reaching safepoint: 261780 ns, At safepoint: 12504 ns, Total: 274284 ns
[2023-04-06T06:57:54.605+0000][67][safepoint   ] Safepoint "Cleanup", Time since last: 1001992421 ns, Reaching safepoint: 474460 ns, At safepoint: 8727 ns, Total: 483187 ns
[2023-04-06T06:57:55.607+0000][67][safepoint   ] Safepoint "Cleanup", Time since last: 1001757074 ns, Reaching safepoint: 122391 ns, At safepoint: 7337 ns, Total: 129728 ns
[2023-04-06T06:57:56.608+0000][67][safepoint   ] Safepoint "Cleanup", Time since last: 1001144168 ns, Reaching safepoint: 297378 ns, At safepoint: 10029 ns, Total: 307407 ns
[2023-04-06T06:57:57.611+0000][67][safepoint   ] Safepoint "Cleanup", Time since last: 1002466128 ns, Reaching safepoint: 804576 ns, At safepoint: 39827 ns, Total: 844403 ns
[2023-04-06T06:57:58.615+0000][67][safepoint   ] Safepoint "Cleanup", Time since last: 1002921843 ns, Reaching safepoint: 975824 ns, At safepoint: 153189 ns, Total: 1129013 ns
[2023-04-06T06:57:59.619+0000][67][safepoint   ] Safepoint "Cleanup", Time since last: 1003273300 ns, Reaching safepoint: 639904 ns, At safepoint: 13480 ns, Total: 653384 ns
[2023-04-06T06:58:00.623+0000][67][safepoint   ] Safepoint "Cleanup", Time since last: 1003127214 ns, Reaching safepoint: 556946 ns, At safepoint: 50493 ns, Total: 607439 ns
[2023-04-06T06:58:01.625+0000][67][safepoint   ] Safepoint "Cleanup", Time since last: 1001958102 ns, Reaching safepoint: 161931 ns, At safepoint: 10143 ns, Total: 172074 ns
[2023-04-06T06:58:02.628+0000][67][safepoint   ] Safepoint "Cleanup", Time since last: 1002251702 ns, Reaching safepoint: 602339 ns, At safepoint: 16483 ns, Total: 618822 ns
[2023-04-06T06:58:04.632+0000][67][safepoint   ] Safepoint "Cleanup", Time since last: 2004136954 ns, Reaching safepoint: 136980 ns, At safepoint: 3448 ns, Total: 140428 ns
[2023-04-06T06:58:05.634+0000][67][safepoint   ] Safepoint "Cleanup", Time since last: 1001571510 ns, Reaching safepoint: 334003 ns, At safepoint: 9719 ns, Total: 343722 ns
[2023-04-06T06:58:06.638+0000][67][safepoint   ] Safepoint "Cleanup", Time since last: 1003380221 ns, Reaching safepoint: 227726 ns, At safepoint: 7905 ns, Total: 235631 ns
[2023-04-06T06:58:07.641+0000][67][safepoint   ] Safepoint "Cleanup", Time since last: 1003001648 ns, Reaching safepoint: 105608 ns, At safepoint: 6626 ns, Total: 112234 ns
[2023-04-06T06:58:08.644+0000][67][safepoint   ] Safepoint "Cleanup", Time since last: 1002210156 ns, Reaching safepoint: 718091 ns, At safepoint: 24617 ns, Total: 742708 ns
[2023-04-06T06:58:09.647+0000][67][safepoint   ] Safepoint "Cleanup", Time since last: 1003265601 ns, Reaching safepoint: 211191 ns, At safepoint: 8576 ns, Total: 219767 ns
[2023-04-06T06:58:10.652+0000][67][safepoint   ] Safepoint "Cleanup", Time since last: 1003953622 ns, Reaching safepoint: 300824 ns, At safepoint: 21971 ns, Total: 322795 ns
[2023-04-06T06:58:12.656+0000][67][safepoint   ] Safepoint "Cleanup", Time since last: 2003321131 ns, Reaching safepoint: 925233 ns, At safepoint: 62389 ns, Total: 987622 ns
[2023-04-06T06:58:13.659+0000][67][safepoint   ] Safepoint "Cleanup", Time since last: 1003146864 ns, Reaching safepoint: 211819 ns, At safepoint: 26793 ns, Total: 238612 ns
[2023-04-06T06:58:14.661+0000][67][safepoint   ] Safepoint "Cleanup", Time since last: 1001109310 ns, Reaching safepoint: 120880 ns, At safepoint: 3267 ns, Total: 124147 ns
[2023-04-06T06:58:15.663+0000][67][safepoint   ] Safepoint "Cleanup", Time since last: 1002427965 ns, Reaching safepoint: 100498 ns, At safepoint: 6381 ns, Total: 106879 ns
[2023-04-06T06:58:16.446+0000][67][gc,start    ] GC(37) Pause Young (Prepare Mixed) (G1 Evacuation Pause)
[2023-04-06T06:58:16.447+0000][67][gc,task     ] GC(37) Using 4 workers of 4 for evacuation
[2023-04-06T06:58:16.447+0000][67][gc,age      ] GC(37) Desired survivor size 6291456 bytes, new threshold 15 (max threshold 15)
[2023-04-06T06:58:16.455+0000][67][gc,phases   ] GC(37)   Pre Evacuate Collection Set: 0.1ms
[2023-04-06T06:58:16.455+0000][67][gc,phases   ] GC(37)   Merge Heap Roots: 0.1ms
[2023-04-06T06:58:16.456+0000][67][gc,phases   ] GC(37)   Evacuate Collection Set: 5.4ms
[2023-04-06T06:58:16.456+0000][67][gc,phases   ] GC(37)   Post Evacuate Collection Set: 0.9ms
[2023-04-06T06:58:16.457+0000][67][gc,phases   ] GC(37)   Other: 1.5ms
[2023-04-06T06:58:16.457+0000][67][gc,age      ] GC(37) Age table with threshold 15 (max threshold 15)
[2023-04-06T06:58:16.458+0000][67][gc,age      ] GC(37) - age   1:     700528 bytes,     700528 total
[2023-04-06T06:58:16.458+0000][67][gc,age      ] GC(37) - age   2:     665480 bytes,    1366008 total
[2023-04-06T06:58:16.459+0000][67][gc,age      ] GC(37) - age   3:       2112 bytes,    1368120 total
[2023-04-06T06:58:16.459+0000][67][gc,heap     ] GC(37) Eden regions: 20->0(2)
[2023-04-06T06:58:16.460+0000][67][gc,heap     ] GC(37) Survivor regions: 1->1(3)
[2023-04-06T06:58:16.460+0000][67][gc,heap     ] GC(37) Old regions: 25->25
[2023-04-06T06:58:16.461+0000][67][gc,heap     ] GC(37) Archive regions: 2->2
[2023-04-06T06:58:16.461+0000][67][gc,heap     ] GC(37) Humongous regions: 2->2
[2023-04-06T06:58:16.462+0000][67][gc,metaspace] GC(37) Metaspace: 135902K(139392K)->135902K(139392K) NonClass: 117862K(119616K)->117862K(119616K) Class: 18040K(19776K)->18040K(19776K)
[2023-04-06T06:58:16.462+0000][67][gc          ] GC(37) Pause Young (Prepare Mixed) (G1 Evacuation Pause) 193M->112M(256M) 16.509ms
[2023-04-06T06:58:16.463+0000][67][gc,cpu      ] GC(37) User=0.01s Sys=0.00s Real=0.02s
[2023-04-06T06:58:16.463+0000][67][safepoint   ] Safepoint "G1CollectForAllocation", Time since last: 782268860 ns, Reaching safepoint: 199199 ns, At safepoint: 17485062 ns, Total: 17684261 ns
[2023-04-06T06:58:17.468+0000][67][safepoint   ] Safepoint "Cleanup", Time since last: 1004856525 ns, Reaching safepoint: 276001 ns, At safepoint: 16299 ns, Total: 292300 ns
[2023-04-06T06:58:18.471+0000][67][safepoint   ] Safepoint "Cleanup", Time since last: 1002838638 ns, Reaching safepoint: 66627 ns, At safepoint: 3244 ns, Total: 69871 ns
[2023-04-06T06:58:19.450+0000][67][safepoint   ] Safepoint "Cleanup", Time since last: 1000993100 ns, Reaching safepoint: 122724 ns, At safepoint: 12573 ns, Total: 135297 ns
[2023-04-06T06:58:19.717+0000][67][gc,start    ] GC(38) Pause Young (Mixed) (G1 Evacuation Pause)
[2023-04-06T06:58:19.718+0000][67][gc,task     ] GC(38) Using 4 workers of 4 for evacuation
[2023-04-06T06:58:19.718+0000][67][gc,age      ] GC(38) Desired survivor size 2097152 bytes, new threshold 15 (max threshold 15)
[2023-04-06T06:58:19.725+0000][67][gc,phases   ] GC(38)   Pre Evacuate Collection Set: 0.1ms
[2023-04-06T06:58:19.726+0000][67][gc,phases   ] GC(38)   Merge Heap Roots: 0.1ms
[2023-04-06T06:58:19.727+0000][67][gc,phases   ] GC(38)   Evacuate Collection Set: 5.1ms
[2023-04-06T06:58:19.728+0000][67][gc,phases   ] GC(38)   Post Evacuate Collection Set: 0.8ms
[2023-04-06T06:58:19.729+0000][67][gc,phases   ] GC(38)   Other: 1.6ms
[2023-04-06T06:58:19.729+0000][67][gc,age      ] GC(38) Age table with threshold 15 (max threshold 15)
[2023-04-06T06:58:19.730+0000][67][gc,age      ] GC(38) - age   1:     196720 bytes,     196720 total
[2023-04-06T06:58:19.731+0000][67][gc,age      ] GC(38) - age   2:     580152 bytes,     776872 total
[2023-04-06T06:58:19.732+0000][67][gc,age      ] GC(38) - age   3:     654752 bytes,    1431624 total
[2023-04-06T06:58:19.732+0000][67][gc,age      ] GC(38) - age   4:       2080 bytes,    1433704 total
[2023-04-06T06:58:19.733+0000][67][gc,heap     ] GC(38) Eden regions: 2->0(21)
[2023-04-06T06:58:19.733+0000][67][gc,heap     ] GC(38) Survivor regions: 1->1(1)
[2023-04-06T06:58:19.734+0000][67][gc,heap     ] GC(38) Old regions: 25->25
[2023-04-06T06:58:19.735+0000][67][gc,heap     ] GC(38) Archive regions: 2->2
[2023-04-06T06:58:19.735+0000][67][gc,heap     ] GC(38) Humongous regions: 2->2
[2023-04-06T06:58:19.736+0000][67][gc,metaspace] GC(38) Metaspace: 135936K(139392K)->135936K(139392K) NonClass: 117895K(119616K)->117895K(119616K) Class: 18041K(19776K)->18041K(19776K)
[2023-04-06T06:58:19.736+0000][67][gc          ] GC(38) Pause Young (Mixed) (G1 Evacuation Pause) 120M->112M(256M) 19.590ms
[2023-04-06T06:58:19.737+0000][67][gc,cpu      ] GC(38) User=0.01s Sys=0.00s Real=0.02s
[2023-04-06T06:58:19.738+0000][67][safepoint   ] Safepoint "G1CollectForAllocation", Time since last: 266401038 ns, Reaching safepoint: 195541 ns, At safepoint: 20764024 ns, Total: 20959565 ns
[2023-04-06T06:58:20.740+0000][67][safepoint   ] Safepoint "Cleanup", Time since last: 1001170424 ns, Reaching safepoint: 686420 ns, At safepoint: 124976 ns, Total: 811396 ns
[2023-04-06T06:58:22.744+0000][67][safepoint   ] Safepoint "Cleanup", Time since last: 2004131955 ns, Reaching safepoint: 294447 ns, At safepoint: 6458 ns, Total: 300905 ns
[2023-04-06T06:58:23.747+0000][67][safepoint   ] Safepoint "Cleanup", Time since last: 1002962330 ns, Reaching safepoint: 245559 ns, At safepoint: 6907 ns, Total: 252466 ns
[2023-04-06T06:58:24.750+0000][67][safepoint   ] Safepoint "Cleanup", Time since last: 1002495581 ns, Reaching safepoint: 161080 ns, At safepoint: 11367 ns, Total: 172447 ns
[2023-04-06T06:58:25.752+0000][67][safepoint   ] Safepoint "Cleanup", Time since last: 1002026608 ns, Reaching safepoint: 146913 ns, At safepoint: 4136 ns, Total: 151049 ns
[2023-04-06T06:58:26.754+0000][67][safepoint   ] Safepoint "Cleanup", Time since last: 1001654405 ns, Reaching safepoint: 373383 ns, At safepoint: 13695 ns, Total: 387078 ns
[2023-04-06T06:58:27.758+0000][67][safepoint   ] Safepoint "Cleanup", Time since last: 1003954844 ns, Reaching safepoint: 290314 ns, At safepoint: 10785 ns, Total: 301099 ns
[2023-04-06T06:58:28.763+0000][67][safepoint   ] Safepoint "Cleanup", Time since last: 1004799969 ns, Reaching safepoint: 132280 ns, At safepoint: 12313 ns, Total: 144593 ns
[2023-04-06T06:58:29.768+0000][67][safepoint   ] Safepoint "Cleanup", Time since last: 1004512751 ns, Reaching safepoint: 406706 ns, At safepoint: 19188 ns, Total: 425894 ns
[2023-04-06T06:58:30.772+0000][67][safepoint   ] Safepoint "Cleanup", Time since last: 1003118964 ns, Reaching safepoint: 555151 ns, At safepoint: 43386 ns, Total: 598537 ns
[2023-04-06T06:58:31.775+0000][67][safepoint   ] Safepoint "Cleanup", Time since last: 1002823677 ns, Reaching safepoint: 152895 ns, At safepoint: 22606 ns, Total: 175501 ns
[2023-04-06T06:58:32.778+0000][67][safepoint   ] Safepoint "Cleanup", Time since last: 1002069594 ns, Reaching safepoint: 454941 ns, At safepoint: 12110 ns, Total: 467051 ns
[2023-04-06T06:58:34.783+0000][67][safepoint   ] Safepoint "Cleanup", Time since last: 2005346739 ns, Reaching safepoint: 475262 ns, At safepoint: 9080 ns, Total: 484342 ns
[2023-04-06T06:58:35.788+0000][67][safepoint   ] Safepoint "Cleanup", Time since last: 1004195370 ns, Reaching safepoint: 419234 ns, At safepoint: 15350 ns, Total: 434584 ns
[2023-04-06T06:58:37.795+0000][67][safepoint   ] Safepoint "Cleanup", Time since last: 2007037923 ns, Reaching safepoint: 111294 ns, At safepoint: 3677 ns, Total: 114971 ns
[2023-04-06T06:58:38.971+0000][67][safepoint   ] Safepoint "Cleanup", Time since last: 1175504476 ns, Reaching safepoint: 66568 ns, At safepoint: 23081 ns, Total: 89649 ns
[2023-04-06T06:58:40.022+0000][67][safepoint   ] Safepoint "Cleanup", Time since last: 1050884017 ns, Reaching safepoint: 322688 ns, At safepoint: 43559 ns, Total: 366247 ns
[2023-04-06T06:58:41.025+0000][67][safepoint   ] Safepoint "Cleanup", Time since last: 1003141859 ns, Reaching safepoint: 327988 ns, At safepoint: 17661 ns, Total: 345649 ns
[2023-04-06T06:58:42.031+0000][67][safepoint   ] Safepoint "Cleanup", Time since last: 1005156527 ns, Reaching safepoint: 321890 ns, At safepoint: 12461 ns, Total: 334351 ns
[2023-04-06T06:58:43.455+0000][67][safepoint   ] Safepoint "Cleanup", Time since last: 1423924858 ns, Reaching safepoint: 195009 ns, At safepoint: 74265 ns, Total: 269274 ns
[2023-04-06T06:58:43.740+0000][67][gc,start    ] GC(39) Pause Young (Concurrent Start) (G1 Evacuation Pause)
[2023-04-06T06:58:43.741+0000][67][gc,task     ] GC(39) Using 4 workers of 4 for evacuation
[2023-04-06T06:58:43.742+0000][67][gc,age      ] GC(39) Desired survivor size 6291456 bytes, new threshold 15 (max threshold 15)
[2023-04-06T06:58:43.748+0000][67][gc,phases   ] GC(39)   Pre Evacuate Collection Set: 0.4ms
[2023-04-06T06:58:43.748+0000][67][gc,phases   ] GC(39)   Merge Heap Roots: 0.2ms
[2023-04-06T06:58:43.749+0000][67][gc,phases   ] GC(39)   Evacuate Collection Set: 3.4ms
[2023-04-06T06:58:43.749+0000][67][gc,phases   ] GC(39)   Post Evacuate Collection Set: 0.9ms
[2023-04-06T06:58:43.749+0000][67][gc,phases   ] GC(39)   Other: 1.4ms
[2023-04-06T06:58:43.750+0000][67][gc,age      ] GC(39) Age table with threshold 15 (max threshold 15)
[2023-04-06T06:58:43.750+0000][67][gc,age      ] GC(39) - age   1:     992752 bytes,     992752 total
[2023-04-06T06:58:43.751+0000][67][gc,age      ] GC(39) - age   2:      27776 bytes,    1020528 total
[2023-04-06T06:58:43.751+0000][67][gc,age      ] GC(39) - age   3:     262456 bytes,    1282984 total
[2023-04-06T06:58:43.752+0000][67][gc,age      ] GC(39) - age   4:     454488 bytes,    1737472 total
[2023-04-06T06:58:43.752+0000][67][gc,age      ] GC(39) - age   5:       2080 bytes,    1739552 total
[2023-04-06T06:58:43.753+0000][67][gc,heap     ] GC(39) Eden regions: 21->0(21)
[2023-04-06T06:58:43.753+0000][67][gc,heap     ] GC(39) Survivor regions: 1->1(3)
[2023-04-06T06:58:43.754+0000][67][gc,heap     ] GC(39) Old regions: 25->25
[2023-04-06T06:58:43.754+0000][67][gc,heap     ] GC(39) Archive regions: 2->2
[2023-04-06T06:58:43.755+0000][67][gc,heap     ] GC(39) Humongous regions: 2->2
[2023-04-06T06:58:43.755+0000][67][gc,metaspace] GC(39) Metaspace: 136329K(139776K)->136329K(139776K) NonClass: 118286K(120000K)->118286K(120000K) Class: 18043K(19776K)->18043K(19776K)
[2023-04-06T06:58:43.756+0000][67][gc          ] GC(39) Pause Young (Concurrent Start) (G1 Evacuation Pause) 196M->112M(256M) 15.536ms
[2023-04-06T06:58:43.756+0000][67][gc          ] GC(40) Concurrent Mark Cycle
[2023-04-06T06:58:43.757+0000][67][gc,marking  ] GC(40) Concurrent Clear Claimed Marks
[2023-04-06T06:58:43.756+0000][67][gc,cpu      ] GC(39) User=0.01s Sys=0.00s Real=0.02s
[2023-04-06T06:58:43.758+0000][67][gc,marking  ] GC(40) Concurrent Clear Claimed Marks 0.861ms
[2023-04-06T06:58:43.758+0000][67][gc,marking  ] GC(40) Concurrent Scan Root Regions
[2023-04-06T06:58:43.758+0000][67][safepoint   ] Safepoint "G1CollectForAllocation", Time since last: 284912329 ns, Reaching safepoint: 90518 ns, At safepoint: 17476866 ns, Total: 17567384 ns
[2023-04-06T06:58:43.761+0000][67][gc,marking  ] GC(40) Concurrent Scan Root Regions 2.777ms
[2023-04-06T06:58:43.761+0000][67][gc,marking  ] GC(40) Concurrent Mark
[2023-04-06T06:58:43.762+0000][67][gc,marking  ] GC(40) Concurrent Mark From Roots
[2023-04-06T06:58:43.763+0000][67][gc,task     ] GC(40) Using 1 workers of 1 for marking
[2023-04-06T06:58:43.895+0000][67][gc,marking  ] GC(40) Concurrent Mark From Roots 132.974ms
[2023-04-06T06:58:43.896+0000][67][gc,marking  ] GC(40) Concurrent Preclean
[2023-04-06T06:58:43.897+0000][67][gc,marking  ] GC(40) Concurrent Preclean 0.788ms
[2023-04-06T06:58:43.898+0000][67][gc,start    ] GC(40) Pause Remark
[2023-04-06T06:58:43.908+0000][67][gc          ] GC(40) Pause Remark 114M->114M(256M) 10.612ms
[2023-04-06T06:58:43.909+0000][67][gc,cpu      ] GC(40) User=0.03s Sys=0.00s Real=0.01s
[2023-04-06T06:58:43.910+0000][67][safepoint   ] Safepoint "G1PauseRemark", Time since last: 140080198 ns, Reaching safepoint: 70742 ns, At safepoint: 11975691 ns, Total: 12046433 ns
[2023-04-06T06:58:43.910+0000][67][gc,marking  ] GC(40) Concurrent Mark 148.956ms
[2023-04-06T06:58:43.911+0000][67][gc,marking  ] GC(40) Concurrent Rebuild Remembered Sets
[2023-04-06T06:58:43.969+0000][67][gc,marking  ] GC(40) Concurrent Rebuild Remembered Sets 58.157ms
[2023-04-06T06:58:43.970+0000][67][gc,start    ] GC(40) Pause Cleanup
[2023-04-06T06:58:43.971+0000][67][gc          ] GC(40) Pause Cleanup 114M->114M(256M) 0.996ms
[2023-04-06T06:58:43.972+0000][67][gc,cpu      ] GC(40) User=0.00s Sys=0.00s Real=0.00s
[2023-04-06T06:58:43.973+0000][67][safepoint   ] Safepoint "G1PauseCleanup", Time since last: 60132476 ns, Reaching safepoint: 197889 ns, At safepoint: 2423635 ns, Total: 2621524 ns
[2023-04-06T06:58:43.973+0000][67][gc,marking  ] GC(40) Concurrent Cleanup for Next Mark
[2023-04-06T06:58:43.975+0000][67][gc,marking  ] GC(40) Concurrent Cleanup for Next Mark 1.146ms
[2023-04-06T06:58:43.975+0000][67][gc          ] GC(40) Concurrent Mark Cycle 218.964ms
[2023-04-06T06:58:44.975+0000][67][safepoint   ] Safepoint "Cleanup", Time since last: 1001403165 ns, Reaching safepoint: 818552 ns, At safepoint: 23420 ns, Total: 841972 ns
[2023-04-06T06:58:46.979+0000][67][safepoint   ] Safepoint "Cleanup", Time since last: 2003356895 ns, Reaching safepoint: 759723 ns, At safepoint: 15961 ns, Total: 775684 ns
[2023-04-06T06:58:47.984+0000][67][safepoint   ] Safepoint "Cleanup", Time since last: 1004240655 ns, Reaching safepoint: 707214 ns, At safepoint: 13952 ns, Total: 721166 ns
[2023-04-06T06:58:48.987+0000][67][safepoint   ] Safepoint "Cleanup", Time since last: 1003171094 ns, Reaching safepoint: 291806 ns, At safepoint: 8287 ns, Total: 300093 ns
[2023-04-06T06:58:49.968+0000][67][safepoint   ] Safepoint "Cleanup", Time since last: 1002418664 ns, Reaching safepoint: 504566 ns, At safepoint: 12116 ns, Total: 516682 ns
[2023-04-06T06:58:50.973+0000][67][safepoint   ] Safepoint "Cleanup", Time since last: 1004094393 ns, Reaching safepoint: 319486 ns, At safepoint: 5714 ns, Total: 325200 ns
[2023-04-06T06:58:51.976+0000][67][safepoint   ] Safepoint "Cleanup", Time since last: 1002559738 ns, Reaching safepoint: 909030 ns, At safepoint: 42637 ns, Total: 951667 ns
[2023-04-06T06:58:52.981+0000][67][safepoint   ] Safepoint "Cleanup", Time since last: 1004070200 ns, Reaching safepoint: 405565 ns, At safepoint: 14779 ns, Total: 420344 ns
[2023-04-06T06:58:54.985+0000][67][safepoint   ] Safepoint "Cleanup", Time since last: 2003717810 ns, Reaching safepoint: 755941 ns, At safepoint: 19654 ns, Total: 775595 ns
[2023-04-06T06:58:55.989+0000][67][safepoint   ] Safepoint "Cleanup", Time since last: 1003225328 ns, Reaching safepoint: 179000 ns, At safepoint: 3793 ns, Total: 182793 ns
[2023-04-06T06:58:56.991+0000][67][safepoint   ] Safepoint "Cleanup", Time since last: 1001603828 ns, Reaching safepoint: 362901 ns, At safepoint: 15924 ns, Total: 378825 ns
[2023-04-06T06:58:58.994+0000][67][safepoint   ] Safepoint "Cleanup", Time since last: 2003517339 ns, Reaching safepoint: 248967 ns, At safepoint: 9681 ns, Total: 258648 ns
[2023-04-06T06:58:59.998+0000][67][safepoint   ] Safepoint "Cleanup", Time since last: 1003447960 ns, Reaching safepoint: 334373 ns, At safepoint: 35634 ns, Total: 370007 ns
[2023-04-06T06:59:02.005+0000][67][safepoint   ] Safepoint "Cleanup", Time since last: 2006249480 ns, Reaching safepoint: 420419 ns, At safepoint: 7923 ns, Total: 428342 ns
[2023-04-06T06:59:03.009+0000][67][safepoint   ] Safepoint "Cleanup", Time since last: 1004098658 ns, Reaching safepoint: 324339 ns, At safepoint: 9701 ns, Total: 334040 ns
[2023-04-06T06:59:04.014+0000][67][safepoint   ] Safepoint "Cleanup", Time since last: 1004042485 ns, Reaching safepoint: 496624 ns, At safepoint: 20621 ns, Total: 517245 ns
[2023-04-06T06:59:05.018+0000][67][safepoint   ] Safepoint "Cleanup", Time since last: 1004024452 ns, Reaching safepoint: 292030 ns, At safepoint: 16641 ns, Total: 308671 ns
[2023-04-06T06:59:07.022+0000][67][safepoint   ] Safepoint "Cleanup", Time since last: 2003775275 ns, Reaching safepoint: 192577 ns, At safepoint: 5607 ns, Total: 198184 ns
[2023-04-06T06:59:08.024+0000][67][safepoint   ] Safepoint "Cleanup", Time since last: 1001857281 ns, Reaching safepoint: 85603 ns, At safepoint: 4563 ns, Total: 90166 ns
[2023-04-06T06:59:09.026+0000][67][safepoint   ] Safepoint "Cleanup", Time since last: 1001510084 ns, Reaching safepoint: 356115 ns, At safepoint: 8535 ns, Total: 364650 ns
[2023-04-06T06:59:10.030+0000][67][safepoint   ] Safepoint "Cleanup", Time since last: 1002980553 ns, Reaching safepoint: 433392 ns, At safepoint: 549035 ns, Total: 982427 ns
[2023-04-06T06:59:11.036+0000][67][safepoint   ] Safepoint "Cleanup", Time since last: 1005694375 ns, Reaching safepoint: 153389 ns, At safepoint: 4555 ns, Total: 157944 ns
[2023-04-06T06:59:12.039+0000][67][safepoint   ] Safepoint "Cleanup", Time since last: 1002740982 ns, Reaching safepoint: 217867 ns, At safepoint: 11554 ns, Total: 229421 ns
[2023-04-06T06:59:13.723+0000][67][gc,start    ] GC(41) Pause Young (Prepare Mixed) (G1 Evacuation Pause)
[2023-04-06T06:59:13.724+0000][67][gc,task     ] GC(41) Using 4 workers of 4 for evacuation
[2023-04-06T06:59:13.725+0000][67][gc,age      ] GC(41) Desired survivor size 6291456 bytes, new threshold 15 (max threshold 15)
[2023-04-06T06:59:13.728+0000][67][gc,phases   ] GC(41)   Pre Evacuate Collection Set: 0.1ms
[2023-04-06T06:59:13.729+0000][67][gc,phases   ] GC(41)   Merge Heap Roots: 0.1ms
[2023-04-06T06:59:13.730+0000][67][gc,phases   ] GC(41)   Evacuate Collection Set: 2.2ms
[2023-04-06T06:59:13.730+0000][67][gc,phases   ] GC(41)   Post Evacuate Collection Set: 0.7ms
[2023-04-06T06:59:13.731+0000][67][gc,phases   ] GC(41)   Other: 1.4ms
[2023-04-06T06:59:13.732+0000][67][gc,age      ] GC(41) Age table with threshold 15 (max threshold 15)
[2023-04-06T06:59:13.732+0000][67][gc,age      ] GC(41) - age   1:     756856 bytes,     756856 total
[2023-04-06T06:59:13.733+0000][67][gc,age      ] GC(41) - age   2:     434384 bytes,    1191240 total
[2023-04-06T06:59:13.734+0000][67][gc,age      ] GC(41) - age   3:      19808 bytes,    1211048 total
[2023-04-06T06:59:13.734+0000][67][gc,age      ] GC(41) - age   4:     248576 bytes,    1459624 total
[2023-04-06T06:59:13.735+0000][67][gc,age      ] GC(41) - age   5:     443800 bytes,    1903424 total
[2023-04-06T06:59:13.735+0000][67][gc,age      ] GC(41) - age   6:       2080 bytes,    1905504 total
[2023-04-06T06:59:13.736+0000][67][gc,heap     ] GC(41) Eden regions: 21->0(2)
[2023-04-06T06:59:13.736+0000][67][gc,heap     ] GC(41) Survivor regions: 1->1(3)
[2023-04-06T06:59:13.737+0000][67][gc,heap     ] GC(41) Old regions: 25->25
[2023-04-06T06:59:13.737+0000][67][gc,heap     ] GC(41) Archive regions: 2->2
[2023-04-06T06:59:13.738+0000][67][gc,heap     ] GC(41) Humongous regions: 2->2
[2023-04-06T06:59:13.738+0000][67][gc,metaspace] GC(41) Metaspace: 136805K(140288K)->136805K(140288K) NonClass: 118762K(120512K)->118762K(120512K) Class: 18043K(19776K)->18043K(19776K)
[2023-04-06T06:59:13.739+0000][67][gc          ] GC(41) Pause Young (Prepare Mixed) (G1 Evacuation Pause) 196M->112M(256M) 16.043ms
[2023-04-06T06:59:13.740+0000][67][gc,cpu      ] GC(41) User=0.01s Sys=0.00s Real=0.02s
[2023-04-06T06:59:13.741+0000][67][safepoint   ] Safepoint "G1CollectForAllocation", Time since last: 1683853002 ns, Reaching safepoint: 156262 ns, At safepoint: 17812319 ns, Total: 17968581 ns
[2023-04-06T06:59:14.743+0000][67][safepoint   ] Safepoint "Cleanup", Time since last: 1001639201 ns, Reaching safepoint: 454285 ns, At safepoint: 67934 ns, Total: 522219 ns
[2023-04-06T06:59:15.746+0000][67][safepoint   ] Safepoint "Cleanup", Time since last: 1002655253 ns, Reaching safepoint: 646904 ns, At safepoint: 14772 ns, Total: 661676 ns
[2023-04-06T06:59:16.749+0000][67][safepoint   ] Safepoint "Cleanup", Time since last: 1003244193 ns, Reaching safepoint: 217987 ns, At safepoint: 7907 ns, Total: 225894 ns
[2023-04-06T06:59:16.969+0000][67][gc,start    ] GC(42) Pause Young (Mixed) (G1 Evacuation Pause)
[2023-04-06T06:59:16.971+0000][67][gc,task     ] GC(42) Using 4 workers of 4 for evacuation
[2023-04-06T06:59:16.974+0000][67][gc,age      ] GC(42) Desired survivor size 2097152 bytes, new threshold 15 (max threshold 15)
[2023-04-06T06:59:16.985+0000][67][gc,phases   ] GC(42)   Pre Evacuate Collection Set: 0.3ms
[2023-04-06T06:59:16.986+0000][67][gc,phases   ] GC(42)   Merge Heap Roots: 0.2ms
[2023-04-06T06:59:16.987+0000][67][gc,phases   ] GC(42)   Evacuate Collection Set: 7.4ms
[2023-04-06T06:59:16.988+0000][67][gc,phases   ] GC(42)   Post Evacuate Collection Set: 1.5ms
[2023-04-06T06:59:16.989+0000][67][gc,phases   ] GC(42)   Other: 4.0ms
[2023-04-06T06:59:16.990+0000][67][gc,age      ] GC(42) Age table with threshold 15 (max threshold 15)
[2023-04-06T06:59:16.991+0000][67][gc,age      ] GC(42) - age   1:     264608 bytes,     264608 total
[2023-04-06T06:59:16.992+0000][67][gc,age      ] GC(42) - age   2:     603968 bytes,     868576 total
[2023-04-06T06:59:16.992+0000][67][gc,age      ] GC(42) - age   3:     434384 bytes,    1302960 total
[2023-04-06T06:59:16.993+0000][67][gc,age      ] GC(42) - age   4:      19456 bytes,    1322416 total
[2023-04-06T06:59:16.994+0000][67][gc,age      ] GC(42) - age   5:     247288 bytes,    1569704 total
[2023-04-06T06:59:16.995+0000][67][gc,age      ] GC(42) - age   6:     425184 bytes,    1994888 total
[2023-04-06T06:59:16.995+0000][67][gc,age      ] GC(42) - age   7:       2080 bytes,    1996968 total
[2023-04-06T06:59:16.996+0000][67][gc,heap     ] GC(42) Eden regions: 2->0(22)
[2023-04-06T06:59:16.996+0000][67][gc,heap     ] GC(42) Survivor regions: 1->1(1)
[2023-04-06T06:59:16.997+0000][67][gc,heap     ] GC(42) Old regions: 25->25
[2023-04-06T06:59:16.998+0000][67][gc,heap     ] GC(42) Archive regions: 2->2
[2023-04-06T06:59:16.998+0000][67][gc,heap     ] GC(42) Humongous regions: 2->2
[2023-04-06T06:59:16.999+0000][67][gc,metaspace] GC(42) Metaspace: 136816K(140288K)->136816K(140288K) NonClass: 118773K(120512K)->118773K(120512K) Class: 18043K(19776K)->18043K(19776K)
[2023-04-06T06:59:17.000+0000][67][gc          ] GC(42) Pause Young (Mixed) (G1 Evacuation Pause) 120M->111M(256M) 31.416ms
[2023-04-06T06:59:17.001+0000][67][gc,cpu      ] GC(42) User=0.02s Sys=0.00s Real=0.03s
[2023-04-06T06:59:17.002+0000][67][safepoint   ] Safepoint "G1CollectForAllocation", Time since last: 218816361 ns, Reaching safepoint: 364027 ns, At safepoint: 33387351 ns, Total: 33751378 ns
[2023-04-06T06:59:19.672+0000][67][safepoint   ] Safepoint "ICBufferFull", Time since last: 2691470142 ns, Reaching safepoint: 203125 ns, At safepoint: 5664 ns, Total: 208789 ns
[2023-04-06T06:59:20.674+0000][67][safepoint   ] Safepoint "Cleanup", Time since last: 1001869241 ns, Reaching safepoint: 351457 ns, At safepoint: 10725 ns, Total: 362182 ns
[2023-04-06T06:59:21.676+0000][67][safepoint   ] Safepoint "Cleanup", Time since last: 1001673979 ns, Reaching safepoint: 504535 ns, At safepoint: 59445 ns, Total: 563980 ns
[2023-04-06T06:59:22.681+0000][67][safepoint   ] Safepoint "Cleanup", Time since last: 1004418252 ns, Reaching safepoint: 678875 ns, At safepoint: 52229 ns, Total: 731104 ns
[2023-04-06T06:59:23.686+0000][67][safepoint   ] Safepoint "Cleanup", Time since last: 1004098781 ns, Reaching safepoint: 617794 ns, At safepoint: 12930 ns, Total: 630724 ns
[2023-04-06T06:59:24.689+0000][67][safepoint   ] Safepoint "Cleanup", Time since last: 1002812720 ns, Reaching safepoint: 175507 ns, At safepoint: 12823 ns, Total: 188330 ns
[2023-04-06T06:59:25.691+0000][67][safepoint   ] Safepoint "Cleanup", Time since last: 1002090193 ns, Reaching safepoint: 166230 ns, At safepoint: 4233 ns, Total: 170463 ns
[2023-04-06T06:59:26.582+0000][67][safepoint   ] Safepoint "ICBufferFull", Time since last: 890746065 ns, Reaching safepoint: 292071 ns, At safepoint: 15841 ns, Total: 307912 ns
[2023-04-06T06:59:27.584+0000][67][safepoint   ] Safepoint "Cleanup", Time since last: 1001107002 ns, Reaching safepoint: 155796 ns, At safepoint: 14117 ns, Total: 169913 ns
[2023-04-06T06:59:28.586+0000][67][safepoint   ] Safepoint "Cleanup", Time since last: 1002141494 ns, Reaching safepoint: 158789 ns, At safepoint: 4934 ns, Total: 163723 ns
[2023-04-06T06:59:31.589+0000][67][safepoint   ] Safepoint "Cleanup", Time since last: 3003457213 ns, Reaching safepoint: 181461 ns, At safepoint: 4437 ns, Total: 185898 ns
[2023-04-06T06:59:32.591+0000][67][safepoint   ] Safepoint "Cleanup", Time since last: 1000771850 ns, Reaching safepoint: 338929 ns, At safepoint: 14558 ns, Total: 353487 ns
[2023-04-06T06:59:33.593+0000][67][safepoint   ] Safepoint "Cleanup", Time since last: 1001880575 ns, Reaching safepoint: 357246 ns, At safepoint: 10396 ns, Total: 367642 ns
[2023-04-06T06:59:34.597+0000][67][safepoint   ] Safepoint "Cleanup", Time since last: 1003287509 ns, Reaching safepoint: 514735 ns, At safepoint: 20380 ns, Total: 535115 ns
[2023-04-06T06:59:35.599+0000][67][safepoint   ] Safepoint "Cleanup", Time since last: 1002229770 ns, Reaching safepoint: 233814 ns, At safepoint: 11375 ns, Total: 245189 ns
[2023-04-06T06:59:36.603+0000][67][safepoint   ] Safepoint "Cleanup", Time since last: 1003396530 ns, Reaching safepoint: 106341 ns, At safepoint: 4559 ns, Total: 110900 ns
[2023-04-06T06:59:37.604+0000][67][safepoint   ] Safepoint "Cleanup", Time since last: 1001155554 ns, Reaching safepoint: 97491 ns, At safepoint: 3044 ns, Total: 100535 ns
[2023-04-06T06:59:38.608+0000][67][safepoint   ] Safepoint "Cleanup", Time since last: 1003214567 ns, Reaching safepoint: 913928 ns, At safepoint: 38980 ns, Total: 952908 ns
[2023-04-06T06:59:39.612+0000][67][safepoint   ] Safepoint "Cleanup", Time since last: 1003581848 ns, Reaching safepoint: 235793 ns, At safepoint: 56607 ns, Total: 292400 ns
[2023-04-06T06:59:40.616+0000][67][safepoint   ] Safepoint "Cleanup", Time since last: 1003945944 ns, Reaching safepoint: 158854 ns, At safepoint: 5300 ns, Total: 164154 ns
[2023-04-06T06:59:41.620+0000][67][safepoint   ] Safepoint "Cleanup", Time since last: 1003141068 ns, Reaching safepoint: 429502 ns, At safepoint: 18152 ns, Total: 447654 ns
[2023-04-06T06:59:43.623+0000][67][safepoint   ] Safepoint "Cleanup", Time since last: 2003548410 ns, Reaching safepoint: 280833 ns, At safepoint: 10235 ns, Total: 291068 ns
[2023-04-06T06:59:44.625+0000][67][safepoint   ] Safepoint "Cleanup", Time since last: 1001293807 ns, Reaching safepoint: 384936 ns, At safepoint: 10560 ns, Total: 395496 ns
[2023-04-06T06:59:46.629+0000][67][safepoint   ] Safepoint "Cleanup", Time since last: 2003813091 ns, Reaching safepoint: 317068 ns, At safepoint: 9932 ns, Total: 327000 ns
[2023-04-06T06:59:47.632+0000][67][safepoint   ] Safepoint "Cleanup", Time since last: 1002804786 ns, Reaching safepoint: 109983 ns, At safepoint: 4283 ns, Total: 114266 ns
[2023-04-06T06:59:49.378+0000][67][gc,start    ] GC(43) Pause Young (Concurrent Start) (G1 Evacuation Pause)
[2023-04-06T06:59:49.380+0000][67][gc,task     ] GC(43) Using 4 workers of 4 for evacuation
[2023-04-06T06:59:49.381+0000][67][gc,age      ] GC(43) Desired survivor size 6291456 bytes, new threshold 15 (max threshold 15)
[2023-04-06T06:59:49.391+0000][67][gc,phases   ] GC(43)   Pre Evacuate Collection Set: 0.7ms
[2023-04-06T06:59:49.391+0000][67][gc,phases   ] GC(43)   Merge Heap Roots: 0.1ms
[2023-04-06T06:59:49.392+0000][67][gc,phases   ] GC(43)   Evacuate Collection Set: 6.2ms
[2023-04-06T06:59:49.393+0000][67][gc,phases   ] GC(43)   Post Evacuate Collection Set: 1.5ms
[2023-04-06T06:59:49.394+0000][67][gc,phases   ] GC(43)   Other: 2.5ms
[2023-04-06T06:59:49.394+0000][67][gc,age      ] GC(43) Age table with threshold 15 (max threshold 15)
[2023-04-06T06:59:49.395+0000][67][gc,age      ] GC(43) - age   1:    1123432 bytes,    1123432 total
[2023-04-06T06:59:49.396+0000][67][gc,age      ] GC(43) - age   2:       1176 bytes,    1124608 total
[2023-04-06T06:59:49.396+0000][67][gc,age      ] GC(43) - age   3:      26584 bytes,    1151192 total
[2023-04-06T06:59:49.397+0000][67][gc,age      ] GC(43) - age   4:     433984 bytes,    1585176 total
[2023-04-06T06:59:49.398+0000][67][gc,age      ] GC(43) - age   5:      19456 bytes,    1604632 total
[2023-04-06T06:59:49.399+0000][67][gc,age      ] GC(43) - age   6:     247160 bytes,    1851792 total
[2023-04-06T06:59:49.400+0000][67][gc,age      ] GC(43) - age   7:     424856 bytes,    2276648 total
[2023-04-06T06:59:49.400+0000][67][gc,age      ] GC(43) - age   8:       2080 bytes,    2278728 total
[2023-04-06T06:59:49.401+0000][67][gc,heap     ] GC(43) Eden regions: 22->0(22)
[2023-04-06T06:59:49.402+0000][67][gc,heap     ] GC(43) Survivor regions: 1->1(3)
[2023-04-06T06:59:49.403+0000][67][gc,heap     ] GC(43) Old regions: 25->25
[2023-04-06T06:59:49.403+0000][67][gc,heap     ] GC(43) Archive regions: 2->2
[2023-04-06T06:59:49.404+0000][67][gc,heap     ] GC(43) Humongous regions: 2->2
[2023-04-06T06:59:49.404+0000][67][gc,metaspace] GC(43) Metaspace: 137064K(140480K)->137064K(140480K) NonClass: 119021K(120704K)->119021K(120704K) Class: 18043K(19776K)->18043K(19776K)
[2023-04-06T06:59:49.405+0000][67][gc          ] GC(43) Pause Young (Concurrent Start) (G1 Evacuation Pause) 199M->111M(256M) 26.371ms
[2023-04-06T06:59:49.405+0000][67][gc          ] GC(44) Concurrent Mark Cycle
[2023-04-06T06:59:49.406+0000][67][gc,marking  ] GC(44) Concurrent Clear Claimed Marks
[2023-04-06T06:59:49.405+0000][67][gc,cpu      ] GC(43) User=0.01s Sys=0.01s Real=0.03s
[2023-04-06T06:59:49.407+0000][67][gc,marking  ] GC(44) Concurrent Clear Claimed Marks 0.979ms
[2023-04-06T06:59:49.408+0000][67][gc,marking  ] GC(44) Concurrent Scan Root Regions
[2023-04-06T06:59:49.407+0000][67][safepoint   ] Safepoint "G1CollectForAllocation", Time since last: 1767781003 ns, Reaching safepoint: 119706 ns, At safepoint: 28789531 ns, Total: 28909237 ns
[2023-04-06T06:59:49.412+0000][67][gc,marking  ] GC(44) Concurrent Scan Root Regions 3.783ms
[2023-04-06T06:59:49.413+0000][67][gc,marking  ] GC(44) Concurrent Mark
[2023-04-06T06:59:49.414+0000][67][gc,marking  ] GC(44) Concurrent Mark From Roots
[2023-04-06T06:59:49.414+0000][67][gc,task     ] GC(44) Using 1 workers of 1 for marking
[2023-04-06T06:59:49.547+0000][67][gc,marking  ] GC(44) Concurrent Mark From Roots 133.222ms
[2023-04-06T06:59:49.548+0000][67][gc,marking  ] GC(44) Concurrent Preclean
[2023-04-06T06:59:49.549+0000][67][gc,marking  ] GC(44) Concurrent Preclean 1.433ms
[2023-04-06T06:59:49.550+0000][67][gc,start    ] GC(44) Pause Remark
[2023-04-06T06:59:49.571+0000][67][gc          ] GC(44) Pause Remark 115M->115M(256M) 20.717ms
[2023-04-06T06:59:49.572+0000][67][gc,cpu      ] GC(44) User=0.05s Sys=0.01s Real=0.02s
[2023-04-06T06:59:49.572+0000][67][safepoint   ] Safepoint "G1PauseRemark", Time since last: 142890441 ns, Reaching safepoint: 143898 ns, At safepoint: 22403289 ns, Total: 22547187 ns
[2023-04-06T06:59:49.573+0000][67][gc,marking  ] GC(44) Concurrent Mark 159.954ms
[2023-04-06T06:59:49.574+0000][67][gc,marking  ] GC(44) Concurrent Rebuild Remembered Sets
[2023-04-06T06:59:49.639+0000][67][gc,marking  ] GC(44) Concurrent Rebuild Remembered Sets 65.766ms
[2023-04-06T06:59:49.640+0000][67][gc,start    ] GC(44) Pause Cleanup
[2023-04-06T06:59:49.641+0000][67][gc          ] GC(44) Pause Cleanup 116M->116M(256M) 0.702ms
[2023-04-06T06:59:49.642+0000][67][gc,cpu      ] GC(44) User=0.00s Sys=0.00s Real=0.00s
[2023-04-06T06:59:49.642+0000][67][safepoint   ] Safepoint "G1PauseCleanup", Time since last: 67779903 ns, Reaching safepoint: 213687 ns, At safepoint: 2036580 ns, Total: 2250267 ns
[2023-04-06T06:59:49.643+0000][67][gc,marking  ] GC(44) Concurrent Cleanup for Next Mark
[2023-04-06T06:59:49.644+0000][67][gc,marking  ] GC(44) Concurrent Cleanup for Next Mark 1.401ms
[2023-04-06T06:59:49.645+0000][67][gc          ] GC(44) Concurrent Mark Cycle 239.762ms
[2023-04-06T06:59:50.643+0000][67][safepoint   ] Safepoint "Cleanup", Time since last: 1000647140 ns, Reaching safepoint: 108009 ns, At safepoint: 3437 ns, Total: 111446 ns
[2023-04-06T06:59:51.646+0000][67][safepoint   ] Safepoint "Cleanup", Time since last: 1001816034 ns, Reaching safepoint: 735934 ns, At safepoint: 112039 ns, Total: 847973 ns
[2023-04-06T06:59:52.650+0000][67][safepoint   ] Safepoint "Cleanup", Time since last: 1003865179 ns, Reaching safepoint: 288933 ns, At safepoint: 19427 ns, Total: 308360 ns
[2023-04-06T06:59:53.653+0000][67][safepoint   ] Safepoint "Cleanup", Time since last: 1003180939 ns, Reaching safepoint: 122409 ns, At safepoint: 3393 ns, Total: 125802 ns
[2023-04-06T06:59:55.657+0000][67][safepoint   ] Safepoint "Cleanup", Time since last: 2003848172 ns, Reaching safepoint: 221149 ns, At safepoint: 5956 ns, Total: 227105 ns
[2023-04-06T06:59:56.662+0000][67][safepoint   ] Safepoint "Cleanup", Time since last: 1004628948 ns, Reaching safepoint: 327267 ns, At safepoint: 12704 ns, Total: 339971 ns
[2023-04-06T06:59:57.667+0000][67][safepoint   ] Safepoint "Cleanup", Time since last: 1004471023 ns, Reaching safepoint: 236300 ns, At safepoint: 19081 ns, Total: 255381 ns
[2023-04-06T06:59:58.669+0000][67][safepoint   ] Safepoint "Cleanup", Time since last: 1002030737 ns, Reaching safepoint: 287481 ns, At safepoint: 27653 ns, Total: 315134 ns
[2023-04-06T07:00:00.676+0000][67][safepoint   ] Safepoint "Cleanup", Time since last: 2006049272 ns, Reaching safepoint: 237024 ns, At safepoint: 12114 ns, Total: 249138 ns
[2023-04-06T07:00:01.680+0000][67][safepoint   ] Safepoint "Cleanup", Time since last: 1003312057 ns, Reaching safepoint: 584037 ns, At safepoint: 60320 ns, Total: 644357 ns
[2023-04-06T07:00:02.682+0000][67][safepoint   ] Safepoint "Cleanup", Time since last: 1002028539 ns, Reaching safepoint: 122333 ns, At safepoint: 5821 ns, Total: 128154 ns
[2023-04-06T07:00:04.685+0000][67][safepoint   ] Safepoint "Cleanup", Time since last: 2002736282 ns, Reaching safepoint: 663352 ns, At safepoint: 43756 ns, Total: 707108 ns
[2023-04-06T07:00:07.690+0000][67][safepoint   ] Safepoint "Cleanup", Time since last: 3004566689 ns, Reaching safepoint: 108947 ns, At safepoint: 3292 ns, Total: 112239 ns
[2023-04-06T07:00:08.691+0000][67][safepoint   ] Safepoint "Cleanup", Time since last: 1000948688 ns, Reaching safepoint: 80067 ns, At safepoint: 4327 ns, Total: 84394 ns
[2023-04-06T07:00:10.694+0000][67][safepoint   ] Safepoint "Cleanup", Time since last: 2002607997 ns, Reaching safepoint: 190783 ns, At safepoint: 9241 ns, Total: 200024 ns
[2023-04-06T07:00:13.698+0000][67][safepoint   ] Safepoint "Cleanup", Time since last: 3004240298 ns, Reaching safepoint: 131182 ns, At safepoint: 3094 ns, Total: 134276 ns
[2023-04-06T07:00:14.700+0000][67][safepoint   ] Safepoint "Cleanup", Time since last: 1001510518 ns, Reaching safepoint: 253417 ns, At safepoint: 9538 ns, Total: 262955 ns
[2023-04-06T07:00:15.704+0000][67][safepoint   ] Safepoint "Cleanup", Time since last: 1003757262 ns, Reaching safepoint: 271941 ns, At safepoint: 12040 ns, Total: 283981 ns
[2023-04-06T07:00:16.708+0000][67][safepoint   ] Safepoint "Cleanup", Time since last: 1004086585 ns, Reaching safepoint: 90951 ns, At safepoint: 4115 ns, Total: 95066 ns
[2023-04-06T07:00:17.712+0000][67][safepoint   ] Safepoint "Cleanup", Time since last: 1003331683 ns, Reaching safepoint: 239146 ns, At safepoint: 11705 ns, Total: 250851 ns
[2023-04-06T07:00:18.716+0000][67][safepoint   ] Safepoint "Cleanup", Time since last: 1004306259 ns, Reaching safepoint: 241591 ns, At safepoint: 11193 ns, Total: 252784 ns
[2023-04-06T07:00:19.513+0000][67][gc,start    ] GC(45) Pause Young (Prepare Mixed) (G1 Evacuation Pause)
[2023-04-06T07:00:19.514+0000][67][gc,task     ] GC(45) Using 4 workers of 4 for evacuation
[2023-04-06T07:00:19.514+0000][67][gc,age      ] GC(45) Desired survivor size 6291456 bytes, new threshold 15 (max threshold 15)
[2023-04-06T07:00:19.519+0000][67][gc,phases   ] GC(45)   Pre Evacuate Collection Set: 0.1ms
[2023-04-06T07:00:19.520+0000][67][gc,phases   ] GC(45)   Merge Heap Roots: 0.1ms
[2023-04-06T07:00:19.520+0000][67][gc,phases   ] GC(45)   Evacuate Collection Set: 3.5ms
[2023-04-06T07:00:19.521+0000][67][gc,phases   ] GC(45)   Post Evacuate Collection Set: 0.7ms
[2023-04-06T07:00:19.521+0000][67][gc,phases   ] GC(45)   Other: 1.1ms
[2023-04-06T07:00:19.521+0000][67][gc,age      ] GC(45) Age table with threshold 15 (max threshold 15)
[2023-04-06T07:00:19.522+0000][67][gc,age      ] GC(45) - age   1:    1445696 bytes,    1445696 total
[2023-04-06T07:00:19.522+0000][67][gc,age      ] GC(45) - age   2:      19392 bytes,    1465088 total
[2023-04-06T07:00:19.523+0000][67][gc,age      ] GC(45) - age   3:        560 bytes,    1465648 total
[2023-04-06T07:00:19.523+0000][67][gc,age      ] GC(45) - age   4:      25304 bytes,    1490952 total
[2023-04-06T07:00:19.524+0000][67][gc,age      ] GC(45) - age   5:     433576 bytes,    1924528 total
[2023-04-06T07:00:19.524+0000][67][gc,age      ] GC(45) - age   6:      19456 bytes,    1943984 total
[2023-04-06T07:00:19.525+0000][67][gc,age      ] GC(45) - age   7:     245632 bytes,    2189616 total
[2023-04-06T07:00:19.525+0000][67][gc,age      ] GC(45) - age   8:     422200 bytes,    2611816 total
[2023-04-06T07:00:19.525+0000][67][gc,age      ] GC(45) - age   9:       2080 bytes,    2613896 total
[2023-04-06T07:00:19.526+0000][67][gc,heap     ] GC(45) Eden regions: 22->0(2)
[2023-04-06T07:00:19.526+0000][67][gc,heap     ] GC(45) Survivor regions: 1->1(3)
[2023-04-06T07:00:19.527+0000][67][gc,heap     ] GC(45) Old regions: 25->25
[2023-04-06T07:00:19.527+0000][67][gc,heap     ] GC(45) Archive regions: 2->2
[2023-04-06T07:00:19.527+0000][67][gc,heap     ] GC(45) Humongous regions: 2->2
[2023-04-06T07:00:19.528+0000][67][gc,metaspace] GC(45) Metaspace: 135180K(140608K)->135180K(140608K) NonClass: 117636K(120832K)->117636K(120832K) Class: 17544K(19776K)->17544K(19776K)
[2023-04-06T07:00:19.528+0000][67][gc          ] GC(45) Pause Young (Prepare Mixed) (G1 Evacuation Pause) 199M->112M(256M) 15.319ms
[2023-04-06T07:00:19.529+0000][67][gc,cpu      ] GC(45) User=0.01s Sys=0.00s Real=0.02s
[2023-04-06T07:00:19.529+0000][67][safepoint   ] Safepoint "G1CollectForAllocation", Time since last: 818431463 ns, Reaching safepoint: 39307 ns, At safepoint: 16348288 ns, Total: 16387595 ns
[2023-04-06T07:00:20.045+0000][67][gc,start    ] GC(46) Pause Young (Mixed) (G1 Evacuation Pause)
[2023-04-06T07:00:20.045+0000][67][gc,task     ] GC(46) Using 4 workers of 4 for evacuation
[2023-04-06T07:00:20.045+0000][67][gc,age      ] GC(46) Desired survivor size 2097152 bytes, new threshold 7 (max threshold 15)
[2023-04-06T07:00:20.052+0000][67][gc,phases   ] GC(46)   Pre Evacuate Collection Set: 0.1ms
[2023-04-06T07:00:20.052+0000][67][gc,phases   ] GC(46)   Merge Heap Roots: 0.1ms
[2023-04-06T07:00:20.053+0000][67][gc,phases   ] GC(46)   Evacuate Collection Set: 4.7ms
[2023-04-06T07:00:20.053+0000][67][gc,phases   ] GC(46)   Post Evacuate Collection Set: 0.8ms
[2023-04-06T07:00:20.054+0000][67][gc,phases   ] GC(46)   Other: 0.9ms
[2023-04-06T07:00:20.054+0000][67][gc,age      ] GC(46) Age table with threshold 7 (max threshold 15)
[2023-04-06T07:00:20.054+0000][67][gc,age      ] GC(46) - age   1:     659840 bytes,     659840 total
[2023-04-06T07:00:20.055+0000][67][gc,age      ] GC(46) - age   2:     937864 bytes,    1597704 total
[2023-04-06T07:00:20.055+0000][67][gc,age      ] GC(46) - age   3:      19104 bytes,    1616808 total
[2023-04-06T07:00:20.056+0000][67][gc,age      ] GC(46) - age   4:        560 bytes,    1617368 total
[2023-04-06T07:00:20.056+0000][67][gc,age      ] GC(46) - age   5:      25176 bytes,    1642544 total
[2023-04-06T07:00:20.057+0000][67][gc,age      ] GC(46) - age   6:     433576 bytes,    2076120 total
[2023-04-06T07:00:20.057+0000][67][gc,age      ] GC(46) - age   7:      19456 bytes,    2095576 total
[2023-04-06T07:00:20.058+0000][67][gc,heap     ] GC(46) Eden regions: 2->0(22)
[2023-04-06T07:00:20.058+0000][67][gc,heap     ] GC(46) Survivor regions: 1->1(1)
[2023-04-06T07:00:20.059+0000][67][gc,heap     ] GC(46) Old regions: 25->25
[2023-04-06T07:00:20.059+0000][67][gc,heap     ] GC(46) Archive regions: 2->2
[2023-04-06T07:00:20.060+0000][67][gc,heap     ] GC(46) Humongous regions: 2->2
[2023-04-06T07:00:20.060+0000][67][gc,metaspace] GC(46) Metaspace: 135196K(140608K)->135196K(140608K) NonClass: 117652K(120832K)->117652K(120832K) Class: 17544K(19776K)->17544K(19776K)
[2023-04-06T07:00:20.061+0000][67][gc          ] GC(46) Pause Young (Mixed) (G1 Evacuation Pause) 120M->111M(256M) 15.976ms
[2023-04-06T07:00:20.061+0000][67][gc,cpu      ] GC(46) User=0.01s Sys=0.00s Real=0.02s
[2023-04-06T07:00:20.061+0000][67][safepoint   ] Safepoint "G1CollectForAllocation", Time since last: 515062320 ns, Reaching safepoint: 170228 ns, At safepoint: 16628803 ns, Total: 16799031 ns
[2023-04-06T07:00:21.063+0000][67][safepoint   ] Safepoint "Cleanup", Time since last: 1001212085 ns, Reaching safepoint: 714905 ns, At safepoint: 17418 ns, Total: 732323 ns
[2023-04-06T07:00:22.067+0000][67][safepoint   ] Safepoint "Cleanup", Time since last: 1003327421 ns, Reaching safepoint: 542353 ns, At safepoint: 12410 ns, Total: 554763 ns
[2023-04-06T07:00:23.072+0000][67][safepoint   ] Safepoint "Cleanup", Time since last: 1003663024 ns, Reaching safepoint: 831099 ns, At safepoint: 121536 ns, Total: 952635 ns
[2023-04-06T07:00:24.075+0000][67][safepoint   ] Safepoint "Cleanup", Time since last: 1002857544 ns, Reaching safepoint: 463877 ns, At safepoint: 16643 ns, Total: 480520 ns
[2023-04-06T07:00:25.081+0000][67][safepoint   ] Safepoint "Cleanup", Time since last: 1005478402 ns, Reaching safepoint: 559274 ns, At safepoint: 130361 ns, Total: 689635 ns
[2023-04-06T07:00:26.086+0000][67][safepoint   ] Safepoint "Cleanup", Time since last: 1004238873 ns, Reaching safepoint: 830558 ns, At safepoint: 168740 ns, Total: 999298 ns
[2023-04-06T07:00:27.092+0000][67][safepoint   ] Safepoint "Cleanup", Time since last: 1003509058 ns, Reaching safepoint: 1529641 ns, At safepoint: 170095 ns, Total: 1699736 ns
[2023-04-06T07:00:29.097+0000][67][safepoint   ] Safepoint "Cleanup", Time since last: 2004704041 ns, Reaching safepoint: 594839 ns, At safepoint: 35299 ns, Total: 630138 ns
[2023-04-06T07:00:31.103+0000][67][safepoint   ] Safepoint "Cleanup", Time since last: 2005985277 ns, Reaching safepoint: 342780 ns, At safepoint: 13402 ns, Total: 356182 ns
[2023-04-06T07:00:32.108+0000][67][safepoint   ] Safepoint "Cleanup", Time since last: 1004183716 ns, Reaching safepoint: 600989 ns, At safepoint: 27702 ns, Total: 628691 ns
[2023-04-06T07:00:33.112+0000][67][safepoint   ] Safepoint "Cleanup", Time since last: 1003741793 ns, Reaching safepoint: 231638 ns, At safepoint: 6421 ns, Total: 238059 ns
[2023-04-06T07:00:34.116+0000][67][safepoint   ] Safepoint "Cleanup", Time since last: 1003605717 ns, Reaching safepoint: 456214 ns, At safepoint: 8286 ns, Total: 464500 ns
[2023-04-06T07:00:35.119+0000][67][safepoint   ] Safepoint "Cleanup", Time since last: 1002445494 ns, Reaching safepoint: 188396 ns, At safepoint: 9698 ns, Total: 198094 ns
[2023-04-06T07:00:37.123+0000][67][safepoint   ] Safepoint "Cleanup", Time since last: 2003583303 ns, Reaching safepoint: 717892 ns, At safepoint: 14031 ns, Total: 731923 ns
[2023-04-06T07:00:38.656+0000][67][safepoint   ] Safepoint "Cleanup", Time since last: 1531272083 ns, Reaching safepoint: 1050206 ns, At safepoint: 57907 ns, Total: 1108113 ns
[2023-04-06T07:00:40.660+0000][67][safepoint   ] Safepoint "Cleanup", Time since last: 2004179710 ns, Reaching safepoint: 318196 ns, At safepoint: 9760 ns, Total: 327956 ns
[2023-04-06T07:00:43.664+0000][67][safepoint   ] Safepoint "Cleanup", Time since last: 3003924493 ns, Reaching safepoint: 86462 ns, At safepoint: 3433 ns, Total: 89895 ns
[2023-04-06T07:00:44.667+0000][67][safepoint   ] Safepoint "Cleanup", Time since last: 1002287690 ns, Reaching safepoint: 560939 ns, At safepoint: 13885 ns, Total: 574824 ns
[2023-04-06T07:00:45.673+0000][67][safepoint   ] Safepoint "Cleanup", Time since last: 1006276218 ns, Reaching safepoint: 259242 ns, At safepoint: 11651 ns, Total: 270893 ns
[2023-04-06T07:00:46.677+0000][67][safepoint   ] Safepoint "Cleanup", Time since last: 1003422551 ns, Reaching safepoint: 167024 ns, At safepoint: 31550 ns, Total: 198574 ns
[2023-04-06T07:00:46.886+0000][67][gc,start    ] GC(47) Pause Young (Normal) (G1 Evacuation Pause)
[2023-04-06T07:00:46.888+0000][67][gc,task     ] GC(47) Using 4 workers of 4 for evacuation
[2023-04-06T07:00:46.889+0000][67][gc,age      ] GC(47) Desired survivor size 6291456 bytes, new threshold 15 (max threshold 15)
[2023-04-06T07:00:46.898+0000][67][gc,phases   ] GC(47)   Pre Evacuate Collection Set: 0.2ms
[2023-04-06T07:00:46.899+0000][67][gc,phases   ] GC(47)   Merge Heap Roots: 0.1ms
[2023-04-06T07:00:46.900+0000][67][gc,phases   ] GC(47)   Evacuate Collection Set: 5.6ms
[2023-04-06T07:00:46.901+0000][67][gc,phases   ] GC(47)   Post Evacuate Collection Set: 1.1ms
[2023-04-06T07:00:46.902+0000][67][gc,phases   ] GC(47)   Other: 2.6ms
[2023-04-06T07:00:46.903+0000][67][gc,age      ] GC(47) Age table with threshold 15 (max threshold 15)
[2023-04-06T07:00:46.903+0000][67][gc,age      ] GC(47) - age   1:    1670008 bytes,    1670008 total
[2023-04-06T07:00:46.904+0000][67][gc,age      ] GC(47) - age   2:        728 bytes,    1670736 total
[2023-04-06T07:00:46.905+0000][67][gc,age      ] GC(47) - age   3:      18200 bytes,    1688936 total
[2023-04-06T07:00:46.905+0000][67][gc,age      ] GC(47) - age   4:      18600 bytes,    1707536 total
[2023-04-06T07:00:46.906+0000][67][gc,age      ] GC(47) - age   5:        560 bytes,    1708096 total
[2023-04-06T07:00:46.907+0000][67][gc,age      ] GC(47) - age   6:      25112 bytes,    1733208 total
[2023-04-06T07:00:46.907+0000][67][gc,age      ] GC(47) - age   7:     433296 bytes,    2166504 total
[2023-04-06T07:00:46.908+0000][67][gc,age      ] GC(47) - age   8:      19456 bytes,    2185960 total
[2023-04-06T07:00:46.909+0000][67][gc,heap     ] GC(47) Eden regions: 22->0(22)
[2023-04-06T07:00:46.909+0000][67][gc,heap     ] GC(47) Survivor regions: 1->1(3)
[2023-04-06T07:00:46.910+0000][67][gc,heap     ] GC(47) Old regions: 25->25
[2023-04-06T07:00:46.911+0000][67][gc,heap     ] GC(47) Archive regions: 2->2
[2023-04-06T07:00:46.911+0000][67][gc,heap     ] GC(47) Humongous regions: 2->2
[2023-04-06T07:00:46.912+0000][67][gc,metaspace] GC(47) Metaspace: 135369K(140608K)->135369K(140608K) NonClass: 117825K(120832K)->117825K(120832K) Class: 17544K(19776K)->17544K(19776K)
[2023-04-06T07:00:46.913+0000][67][gc          ] GC(47) Pause Young (Normal) (G1 Evacuation Pause) 199M->111M(256M) 26.687ms
[2023-04-06T07:00:46.913+0000][67][gc,cpu      ] GC(47) User=0.01s Sys=0.00s Real=0.03s
[2023-04-06T07:00:46.914+0000][67][safepoint   ] Safepoint "G1CollectForAllocation", Time since last: 208780816 ns, Reaching safepoint: 79853 ns, At safepoint: 28102212 ns, Total: 28182065 ns
[2023-04-06T07:00:47.916+0000][67][safepoint   ] Safepoint "Cleanup", Time since last: 1001438244 ns, Reaching safepoint: 308162 ns, At safepoint: 8264 ns, Total: 316426 ns
[2023-04-06T07:00:49.897+0000][67][safepoint   ] Safepoint "Cleanup", Time since last: 2003430746 ns, Reaching safepoint: 118995 ns, At safepoint: 6466 ns, Total: 125461 ns
[2023-04-06T07:00:52.901+0000][67][safepoint   ] Safepoint "Cleanup", Time since last: 3003234245 ns, Reaching safepoint: 545133 ns, At safepoint: 13190 ns, Total: 558323 ns
[2023-04-06T07:00:54.908+0000][67][safepoint   ] Safepoint "Cleanup", Time since last: 2006405502 ns, Reaching safepoint: 464253 ns, At safepoint: 9553 ns, Total: 473806 ns
[2023-04-06T07:00:55.912+0000][67][safepoint   ] Safepoint "Cleanup", Time since last: 1004192553 ns, Reaching safepoint: 130249 ns, At safepoint: 4454 ns, Total: 134703 ns
[2023-04-06T07:00:56.926+0000][67][safepoint   ] Safepoint "Cleanup", Time since last: 1013104260 ns, Reaching safepoint: 699507 ns, At safepoint: 11878 ns, Total: 711385 ns
[2023-04-06T07:00:58.930+0000][67][safepoint   ] Safepoint "Cleanup", Time since last: 2003885863 ns, Reaching safepoint: 262115 ns, At safepoint: 9181 ns, Total: 271296 ns
[2023-04-06T07:01:01.937+0000][67][safepoint   ] Safepoint "Cleanup", Time since last: 3007360927 ns, Reaching safepoint: 76786 ns, At safepoint: 2738 ns, Total: 79524 ns
[2023-04-06T07:01:02.939+0000][67][safepoint   ] Safepoint "Cleanup", Time since last: 1001338454 ns, Reaching safepoint: 241788 ns, At safepoint: 10531 ns, Total: 252319 ns
[2023-04-06T07:01:04.944+0000][67][safepoint   ] Safepoint "Cleanup", Time since last: 2004558452 ns, Reaching safepoint: 266995 ns, At safepoint: 6598 ns, Total: 273593 ns
[2023-04-06T07:01:06.948+0000][67][safepoint   ] Safepoint "Cleanup", Time since last: 2003849653 ns, Reaching safepoint: 352208 ns, At safepoint: 12853 ns, Total: 365061 ns
[2023-04-06T07:01:07.952+0000][67][safepoint   ] Safepoint "Cleanup", Time since last: 1003497080 ns, Reaching safepoint: 229901 ns, At safepoint: 39745 ns, Total: 269646 ns
[2023-04-06T07:01:08.955+0000][67][safepoint   ] Safepoint "Cleanup", Time since last: 1002363857 ns, Reaching safepoint: 815543 ns, At safepoint: 170246 ns, Total: 985789 ns
[2023-04-06T07:01:09.959+0000][67][safepoint   ] Safepoint "Cleanup", Time since last: 1003435810 ns, Reaching safepoint: 339400 ns, At safepoint: 12579 ns, Total: 351979 ns
[2023-04-06T07:01:10.963+0000][67][safepoint   ] Safepoint "Cleanup", Time since last: 1003867070 ns, Reaching safepoint: 597109 ns, At safepoint: 16031 ns, Total: 613140 ns
[2023-04-06T07:01:11.967+0000][67][safepoint   ] Safepoint "Cleanup", Time since last: 1002931117 ns, Reaching safepoint: 474063 ns, At safepoint: 16117 ns, Total: 490180 ns
[2023-04-06T07:01:13.972+0000][67][safepoint   ] Safepoint "Cleanup", Time since last: 2004211901 ns, Reaching safepoint: 430992 ns, At safepoint: 9870 ns, Total: 440862 ns
[2023-04-06T07:01:16.976+0000][67][safepoint   ] Safepoint "Cleanup", Time since last: 3004110950 ns, Reaching safepoint: 172728 ns, At safepoint: 10627 ns, Total: 183355 ns
[2023-04-06T07:01:18.979+0000][67][safepoint   ] Safepoint "Cleanup", Time since last: 2003075990 ns, Reaching safepoint: 282206 ns, At safepoint: 18991 ns, Total: 301197 ns
[2023-04-06T07:01:19.341+0000][67][gc,start    ] GC(48) Pause Young (Normal) (G1 Evacuation Pause)
[2023-04-06T07:01:19.342+0000][67][gc,task     ] GC(48) Using 4 workers of 4 for evacuation
[2023-04-06T07:01:19.344+0000][67][gc,age      ] GC(48) Desired survivor size 6291456 bytes, new threshold 15 (max threshold 15)
[2023-04-06T07:01:19.350+0000][67][gc,phases   ] GC(48)   Pre Evacuate Collection Set: 0.3ms
[2023-04-06T07:01:19.352+0000][67][gc,phases   ] GC(48)   Merge Heap Roots: 0.1ms
[2023-04-06T07:01:19.353+0000][67][gc,phases   ] GC(48)   Evacuate Collection Set: 3.2ms
[2023-04-06T07:01:19.353+0000][67][gc,phases   ] GC(48)   Post Evacuate Collection Set: 1.2ms
[2023-04-06T07:01:19.354+0000][67][gc,phases   ] GC(48)   Other: 3.2ms
[2023-04-06T07:01:19.355+0000][67][gc,age      ] GC(48) Age table with threshold 15 (max threshold 15)
[2023-04-06T07:01:19.356+0000][67][gc,age      ] GC(48) - age   1:     705648 bytes,     705648 total
[2023-04-06T07:01:19.356+0000][67][gc,age      ] GC(48) - age   2:       5024 bytes,     710672 total
[2023-04-06T07:01:19.357+0000][67][gc,age      ] GC(48) - age   3:        600 bytes,     711272 total
[2023-04-06T07:01:19.358+0000][67][gc,age      ] GC(48) - age   4:       8488 bytes,     719760 total
[2023-04-06T07:01:19.358+0000][67][gc,age      ] GC(48) - age   5:      17800 bytes,     737560 total
[2023-04-06T07:01:19.359+0000][67][gc,age      ] GC(48) - age   6:        384 bytes,     737944 total
[2023-04-06T07:01:19.360+0000][67][gc,age      ] GC(48) - age   7:      25112 bytes,     763056 total
[2023-04-06T07:01:19.360+0000][67][gc,age      ] GC(48) - age   8:     433296 bytes,    1196352 total
[2023-04-06T07:01:19.361+0000][67][gc,age      ] GC(48) - age   9:      19456 bytes,    1215808 total
[2023-04-06T07:01:19.362+0000][67][gc,heap     ] GC(48) Eden regions: 22->0(22)
[2023-04-06T07:01:19.363+0000][67][gc,heap     ] GC(48) Survivor regions: 1->1(3)
[2023-04-06T07:01:19.363+0000][67][gc,heap     ] GC(48) Old regions: 25->25
[2023-04-06T07:01:19.364+0000][67][gc,heap     ] GC(48) Archive regions: 2->2
[2023-04-06T07:01:19.365+0000][67][gc,heap     ] GC(48) Humongous regions: 2->2
[2023-04-06T07:01:19.365+0000][67][gc,metaspace] GC(48) Metaspace: 135627K(140608K)->135627K(140608K) NonClass: 118083K(120832K)->118083K(120832K) Class: 17544K(19776K)->17544K(19776K)
[2023-04-06T07:01:19.366+0000][67][gc          ] GC(48) Pause Young (Normal) (G1 Evacuation Pause) 199M->110M(256M) 25.516ms
[2023-04-06T07:01:19.367+0000][67][gc,cpu      ] GC(48) User=0.01s Sys=0.00s Real=0.03s
[2023-04-06T07:01:19.368+0000][67][safepoint   ] Safepoint "G1CollectForAllocation", Time since last: 382653255 ns, Reaching safepoint: 367526 ns, At safepoint: 27867974 ns, Total: 28235500 ns
[2023-04-06T07:01:20.370+0000][67][safepoint   ] Safepoint "Cleanup", Time since last: 1001095617 ns, Reaching safepoint: 288145 ns, At safepoint: 10756 ns, Total: 298901 ns
[2023-04-06T07:01:21.372+0000][67][safepoint   ] Safepoint "Cleanup", Time since last: 1001864777 ns, Reaching safepoint: 173697 ns, At safepoint: 4364 ns, Total: 178061 ns
[2023-04-06T07:01:25.375+0000][67][safepoint   ] Safepoint "Cleanup", Time since last: 4002793692 ns, Reaching safepoint: 201421 ns, At safepoint: 5909 ns, Total: 207330 ns
[2023-04-06T07:01:26.376+0000][67][safepoint   ] Safepoint "Cleanup", Time since last: 1001017691 ns, Reaching safepoint: 344487 ns, At safepoint: 18421 ns, Total: 362908 ns
[2023-04-06T07:01:27.379+0000][67][safepoint   ] Safepoint "Cleanup", Time since last: 1002983874 ns, Reaching safepoint: 249543 ns, At safepoint: 10091 ns, Total: 259634 ns
[2023-04-06T07:01:28.384+0000][67][safepoint   ] Safepoint "Cleanup", Time since last: 1004439308 ns, Reaching safepoint: 177684 ns, At safepoint: 10403 ns, Total: 188087 ns
[2023-04-06T07:01:32.387+0000][67][safepoint   ] Safepoint "Cleanup", Time since last: 4003168752 ns, Reaching safepoint: 93380 ns, At safepoint: 3301 ns, Total: 96681 ns
[2023-04-06T07:01:33.388+0000][67][safepoint   ] Safepoint "Cleanup", Time since last: 1000805826 ns, Reaching safepoint: 99678 ns, At safepoint: 9869 ns, Total: 109547 ns
[2023-04-06T07:01:34.391+0000][67][safepoint   ] Safepoint "Cleanup", Time since last: 1002549175 ns, Reaching safepoint: 334174 ns, At safepoint: 112261 ns, Total: 446435 ns
[2023-04-06T07:01:35.395+0000][67][safepoint   ] Safepoint "Cleanup", Time since last: 1002917032 ns, Reaching safepoint: 400387 ns, At safepoint: 42831 ns, Total: 443218 ns
[2023-04-06T07:01:37.398+0000][67][safepoint   ] Safepoint "Cleanup", Time since last: 2003564247 ns, Reaching safepoint: 78294 ns, At safepoint: 3797 ns, Total: 82091 ns
[2023-04-06T07:01:38.400+0000][67][safepoint   ] Safepoint "Cleanup", Time since last: 1001489817 ns, Reaching safepoint: 326008 ns, At safepoint: 17570 ns, Total: 343578 ns
[2023-04-06T07:01:39.403+0000][67][safepoint   ] Safepoint "Cleanup", Time since last: 1002820569 ns, Reaching safepoint: 252606 ns, At safepoint: 6539 ns, Total: 259145 ns
[2023-04-06T07:01:43.408+0000][67][safepoint   ] Safepoint "Cleanup", Time since last: 4004649106 ns, Reaching safepoint: 72061 ns, At safepoint: 3064 ns, Total: 75125 ns
[2023-04-06T07:01:44.409+0000][67][safepoint   ] Safepoint "Cleanup", Time since last: 1001413399 ns, Reaching safepoint: 126825 ns, At safepoint: 4902 ns, Total: 131727 ns
[2023-04-06T07:01:46.412+0000][67][safepoint   ] Safepoint "Cleanup", Time since last: 2002275408 ns, Reaching safepoint: 145887 ns, At safepoint: 4029 ns, Total: 149916 ns
[2023-04-06T07:01:49.393+0000][67][safepoint   ] Safepoint "Cleanup", Time since last: 3002646396 ns, Reaching safepoint: 57505 ns, At safepoint: 2555 ns, Total: 60060 ns
[2023-04-06T07:01:49.600+0000][67][gc,start    ] GC(49) Pause Young (Concurrent Start) (G1 Evacuation Pause)
[2023-04-06T07:01:49.601+0000][67][gc,task     ] GC(49) Using 4 workers of 4 for evacuation
[2023-04-06T07:01:49.601+0000][67][gc,age      ] GC(49) Desired survivor size 6291456 bytes, new threshold 15 (max threshold 15)
[2023-04-06T07:01:49.606+0000][67][gc,phases   ] GC(49)   Pre Evacuate Collection Set: 0.3ms
[2023-04-06T07:01:49.607+0000][67][gc,phases   ] GC(49)   Merge Heap Roots: 0.0ms
[2023-04-06T07:01:49.608+0000][67][gc,phases   ] GC(49)   Evacuate Collection Set: 3.1ms
[2023-04-06T07:01:49.608+0000][67][gc,phases   ] GC(49)   Post Evacuate Collection Set: 0.8ms
[2023-04-06T07:01:49.609+0000][67][gc,phases   ] GC(49)   Other: 1.5ms
[2023-04-06T07:01:49.609+0000][67][gc,age      ] GC(49) Age table with threshold 15 (max threshold 15)
[2023-04-06T07:01:49.610+0000][67][gc,age      ] GC(49) - age   1:    1068384 bytes,    1068384 total
[2023-04-06T07:01:49.611+0000][67][gc,age      ] GC(49) - age   2:      15328 bytes,    1083712 total
[2023-04-06T07:01:49.611+0000][67][gc,age      ] GC(49) - age   3:       4256 bytes,    1087968 total
[2023-04-06T07:01:49.612+0000][67][gc,age      ] GC(49) - age   4:        504 bytes,    1088472 total
[2023-04-06T07:01:49.612+0000][67][gc,age      ] GC(49) - age   5:       7848 bytes,    1096320 total
[2023-04-06T07:01:49.613+0000][67][gc,age      ] GC(49) - age   6:      17544 bytes,    1113864 total
[2023-04-06T07:01:49.613+0000][67][gc,age      ] GC(49) - age   7:        384 bytes,    1114248 total
[2023-04-06T07:01:49.614+0000][67][gc,age      ] GC(49) - age   8:      25088 bytes,    1139336 total
[2023-04-06T07:01:49.614+0000][67][gc,age      ] GC(49) - age   9:     433296 bytes,    1572632 total
[2023-04-06T07:01:49.614+0000][67][gc,age      ] GC(49) - age  10:      19456 bytes,    1592088 total
[2023-04-06T07:01:49.615+0000][67][gc,heap     ] GC(49) Eden regions: 22->0(22)
[2023-04-06T07:01:49.615+0000][67][gc,heap     ] GC(49) Survivor regions: 1->1(3)
[2023-04-06T07:01:49.616+0000][67][gc,heap     ] GC(49) Old regions: 25->25
[2023-04-06T07:01:49.616+0000][67][gc,heap     ] GC(49) Archive regions: 2->2
[2023-04-06T07:01:49.616+0000][67][gc,heap     ] GC(49) Humongous regions: 2->2
[2023-04-06T07:01:49.617+0000][67][gc,metaspace] GC(49) Metaspace: 135803K(140608K)->135803K(140608K) NonClass: 118259K(120832K)->118259K(120832K) Class: 17544K(19776K)->17544K(19776K)
[2023-04-06T07:01:49.617+0000][67][gc          ] GC(49) Pause Young (Concurrent Start) (G1 Evacuation Pause) 198M->111M(256M) 16.856ms
[2023-04-06T07:01:49.617+0000][67][gc,cpu      ] GC(49) User=0.00s Sys=0.00s Real=0.02s
[2023-04-06T07:01:49.618+0000][67][safepoint   ] Safepoint "G1CollectForAllocation", Time since last: 207273138 ns, Reaching safepoint: 53094 ns, At safepoint: 17687801 ns, Total: 17740895 ns
[2023-04-06T07:01:49.617+0000][67][gc          ] GC(50) Concurrent Mark Cycle
[2023-04-06T07:01:49.618+0000][67][gc,marking  ] GC(50) Concurrent Clear Claimed Marks
[2023-04-06T07:01:49.619+0000][67][gc,marking  ] GC(50) Concurrent Clear Claimed Marks 0.827ms
[2023-04-06T07:01:49.620+0000][67][gc,marking  ] GC(50) Concurrent Scan Root Regions
[2023-04-06T07:01:49.623+0000][67][gc,marking  ] GC(50) Concurrent Scan Root Regions 2.842ms
[2023-04-06T07:01:49.623+0000][67][gc,marking  ] GC(50) Concurrent Mark
[2023-04-06T07:01:49.624+0000][67][gc,marking  ] GC(50) Concurrent Mark From Roots
[2023-04-06T07:01:49.624+0000][67][gc,task     ] GC(50) Using 1 workers of 1 for marking
[2023-04-06T07:01:49.743+0000][67][gc,marking  ] GC(50) Concurrent Mark From Roots 118.756ms
[2023-04-06T07:01:49.743+0000][67][gc,marking  ] GC(50) Concurrent Preclean
[2023-04-06T07:01:49.745+0000][67][gc,marking  ] GC(50) Concurrent Preclean 1.076ms
[2023-04-06T07:01:49.745+0000][67][gc,start    ] GC(50) Pause Remark
[2023-04-06T07:01:49.769+0000][67][gc          ] GC(50) Pause Remark 116M->116M(256M) 23.674ms
[2023-04-06T07:01:49.770+0000][67][gc,cpu      ] GC(50) User=0.07s Sys=0.00s Real=0.02s
[2023-04-06T07:01:49.772+0000][67][safepoint   ] Safepoint "G1PauseRemark", Time since last: 127459291 ns, Reaching safepoint: 101452 ns, At safepoint: 25943678 ns, Total: 26045130 ns
[2023-04-06T07:01:49.774+0000][67][gc,marking  ] GC(50) Concurrent Mark 150.216ms
[2023-04-06T07:01:49.774+0000][67][gc,marking  ] GC(50) Concurrent Rebuild Remembered Sets
[2023-04-06T07:01:49.841+0000][67][gc,marking  ] GC(50) Concurrent Rebuild Remembered Sets 66.530ms
[2023-04-06T07:01:49.842+0000][67][gc,start    ] GC(50) Pause Cleanup
[2023-04-06T07:01:49.842+0000][67][gc          ] GC(50) Pause Cleanup 116M->116M(256M) 0.582ms
[2023-04-06T07:01:49.843+0000][67][gc,cpu      ] GC(50) User=0.00s Sys=0.00s Real=0.01s
[2023-04-06T07:01:49.843+0000][67][safepoint   ] Safepoint "G1PauseCleanup", Time since last: 70233448 ns, Reaching safepoint: 124687 ns, At safepoint: 1648623 ns, Total: 1773310 ns
[2023-04-06T07:01:49.844+0000][67][gc,marking  ] GC(50) Concurrent Cleanup for Next Mark
[2023-04-06T07:01:49.844+0000][67][gc,marking  ] GC(50) Concurrent Cleanup for Next Mark 0.712ms
[2023-04-06T07:01:49.845+0000][67][gc          ] GC(50) Concurrent Mark Cycle 227.632ms
[2023-04-06T07:01:51.845+0000][67][safepoint   ] Safepoint "Cleanup", Time since last: 2001510982 ns, Reaching safepoint: 150207 ns, At safepoint: 4565 ns, Total: 154772 ns
[2023-04-06T07:01:53.847+0000][67][safepoint   ] Safepoint "Cleanup", Time since last: 2001920624 ns, Reaching safepoint: 296967 ns, At safepoint: 9922 ns, Total: 306889 ns
[2023-04-06T07:01:55.853+0000][67][safepoint   ] Safepoint "Cleanup", Time since last: 2005143107 ns, Reaching safepoint: 472465 ns, At safepoint: 18583 ns, Total: 491048 ns
[2023-04-06T07:01:56.856+0000][67][safepoint   ] Safepoint "Cleanup", Time since last: 1002705874 ns, Reaching safepoint: 112402 ns, At safepoint: 41203 ns, Total: 153605 ns
[2023-04-06T07:01:57.857+0000][67][safepoint   ] Safepoint "Cleanup", Time since last: 1001776752 ns, Reaching safepoint: 74724 ns, At safepoint: 4040 ns, Total: 78764 ns
[2023-04-06T07:01:59.861+0000][67][safepoint   ] Safepoint "Cleanup", Time since last: 2002672091 ns, Reaching safepoint: 600986 ns, At safepoint: 18081 ns, Total: 619067 ns
[2023-04-06T07:02:00.866+0000][67][safepoint   ] Safepoint "Cleanup", Time since last: 1005313053 ns, Reaching safepoint: 116530 ns, At safepoint: 3335 ns, Total: 119865 ns
[2023-04-06T07:02:01.868+0000][67][safepoint   ] Safepoint "Cleanup", Time since last: 1001433200 ns, Reaching safepoint: 346317 ns, At safepoint: 10441 ns, Total: 356758 ns
[2023-04-06T07:02:02.871+0000][67][safepoint   ] Safepoint "Cleanup", Time since last: 1002673782 ns, Reaching safepoint: 615136 ns, At safepoint: 25641 ns, Total: 640777 ns
[2023-04-06T07:02:03.875+0000][67][safepoint   ] Safepoint "Cleanup", Time since last: 1002826334 ns, Reaching safepoint: 1031169 ns, At safepoint: 38908 ns, Total: 1070077 ns
[2023-04-06T07:02:04.880+0000][67][safepoint   ] Safepoint "Cleanup", Time since last: 1004195389 ns, Reaching safepoint: 202890 ns, At safepoint: 12211 ns, Total: 215101 ns
[2023-04-06T07:02:07.885+0000][67][safepoint   ] Safepoint "Cleanup", Time since last: 3004852276 ns, Reaching safepoint: 418241 ns, At safepoint: 10045 ns, Total: 428286 ns
[2023-04-06T07:02:09.889+0000][67][safepoint   ] Safepoint "Cleanup", Time since last: 2004103280 ns, Reaching safepoint: 145411 ns, At safepoint: 23326 ns, Total: 168737 ns
[2023-04-06T07:02:10.891+0000][67][safepoint   ] Safepoint "Cleanup", Time since last: 1001791010 ns, Reaching safepoint: 171115 ns, At safepoint: 7730 ns, Total: 178845 ns
[2023-04-06T07:02:12.896+0000][67][safepoint   ] Safepoint "Cleanup", Time since last: 2004295428 ns, Reaching safepoint: 519701 ns, At safepoint: 15591 ns, Total: 535292 ns
[2023-04-06T07:02:13.900+0000][67][safepoint   ] Safepoint "Cleanup", Time since last: 1003280470 ns, Reaching safepoint: 272251 ns, At safepoint: 56217 ns, Total: 328468 ns
[2023-04-06T07:02:16.905+0000][67][safepoint   ] Safepoint "Cleanup", Time since last: 3004508890 ns, Reaching safepoint: 429802 ns, At safepoint: 14503 ns, Total: 444305 ns
[2023-04-06T07:02:18.909+0000][67][safepoint   ] Safepoint "Cleanup", Time since last: 2004501819 ns, Reaching safepoint: 339285 ns, At safepoint: 10267 ns, Total: 349552 ns
[2023-04-06T07:02:19.778+0000][67][gc,start    ] GC(51) Pause Young (Prepare Mixed) (G1 Evacuation Pause)
[2023-04-06T07:02:19.780+0000][67][gc,task     ] GC(51) Using 4 workers of 4 for evacuation
[2023-04-06T07:02:19.788+0000][67][gc,age      ] GC(51) Desired survivor size 6291456 bytes, new threshold 15 (max threshold 15)
[2023-04-06T07:02:19.796+0000][67][gc,phases   ] GC(51)   Pre Evacuate Collection Set: 0.1ms
[2023-04-06T07:02:19.797+0000][67][gc,phases   ] GC(51)   Merge Heap Roots: 0.1ms
[2023-04-06T07:02:19.798+0000][67][gc,phases   ] GC(51)   Evacuate Collection Set: 5.3ms
[2023-04-06T07:02:19.798+0000][67][gc,phases   ] GC(51)   Post Evacuate Collection Set: 1.5ms
[2023-04-06T07:02:19.799+0000][67][gc,phases   ] GC(51)   Other: 8.8ms
[2023-04-06T07:02:19.800+0000][67][gc,age      ] GC(51) Age table with threshold 15 (max threshold 15)
[2023-04-06T07:02:19.801+0000][67][gc,age      ] GC(51) - age   1:    1476168 bytes,    1476168 total
[2023-04-06T07:02:19.801+0000][67][gc,age      ] GC(51) - age   2:      17648 bytes,    1493816 total
[2023-04-06T07:02:19.803+0000][67][gc,age      ] GC(51) - age   3:      13744 bytes,    1507560 total
[2023-04-06T07:02:19.804+0000][67][gc,age      ] GC(51) - age   4:       3768 bytes,    1511328 total
[2023-04-06T07:02:19.805+0000][67][gc,age      ] GC(51) - age   5:        504 bytes,    1511832 total
[2023-04-06T07:02:19.805+0000][67][gc,age      ] GC(51) - age   6:       7848 bytes,    1519680 total
[2023-04-06T07:02:19.806+0000][67][gc,age      ] GC(51) - age   7:      17544 bytes,    1537224 total
[2023-04-06T07:02:19.807+0000][67][gc,age      ] GC(51) - age   8:        384 bytes,    1537608 total
[2023-04-06T07:02:19.807+0000][67][gc,age      ] GC(51) - age   9:      25088 bytes,    1562696 total
[2023-04-06T07:02:19.808+0000][67][gc,age      ] GC(51) - age  10:     433168 bytes,    1995864 total
[2023-04-06T07:02:19.810+0000][67][gc,age      ] GC(51) - age  11:      19456 bytes,    2015320 total
[2023-04-06T07:02:19.811+0000][67][gc,heap     ] GC(51) Eden regions: 22->0(2)
[2023-04-06T07:02:19.813+0000][67][gc,heap     ] GC(51) Survivor regions: 1->1(3)
[2023-04-06T07:02:19.814+0000][67][gc,heap     ] GC(51) Old regions: 25->25
[2023-04-06T07:02:19.815+0000][67][gc,heap     ] GC(51) Archive regions: 2->2
[2023-04-06T07:02:19.816+0000][67][gc,heap     ] GC(51) Humongous regions: 2->2
[2023-04-06T07:02:19.817+0000][67][gc,metaspace] GC(51) Metaspace: 135759K(140672K)->135759K(140672K) NonClass: 118261K(120896K)->118261K(120896K) Class: 17498K(19776K)->17498K(19776K)
[2023-04-06T07:02:19.818+0000][67][gc          ] GC(51) Pause Young (Prepare Mixed) (G1 Evacuation Pause) 199M->111M(256M) 40.549ms
[2023-04-06T07:02:19.819+0000][67][gc,cpu      ] GC(51) User=0.02s Sys=0.00s Real=0.05s
[2023-04-06T07:02:19.820+0000][67][safepoint   ] Safepoint "G1CollectForAllocation", Time since last: 889778776 ns, Reaching safepoint: 936971 ns, At safepoint: 42779149 ns, Total: 43716120 ns
[2023-04-06T07:02:20.822+0000][67][safepoint   ] Safepoint "Cleanup", Time since last: 1001546186 ns, Reaching safepoint: 178537 ns, At safepoint: 4754 ns, Total: 183291 ns
[2023-04-06T07:02:21.824+0000][67][safepoint   ] Safepoint "Cleanup", Time since last: 1001572338 ns, Reaching safepoint: 91567 ns, At safepoint: 48102 ns, Total: 139669 ns
[2023-04-06T07:02:23.828+0000][67][safepoint   ] Safepoint "Cleanup", Time since last: 2002878167 ns, Reaching safepoint: 1082901 ns, At safepoint: 36113 ns, Total: 1119014 ns
[2023-04-06T07:02:24.972+0000][67][gc,start    ] GC(52) Pause Young (Mixed) (G1 Evacuation Pause)
[2023-04-06T07:02:24.975+0000][67][gc,task     ] GC(52) Using 4 workers of 4 for evacuation
[2023-04-06T07:02:24.977+0000][67][gc,age      ] GC(52) Desired survivor size 2097152 bytes, new threshold 15 (max threshold 15)
[2023-04-06T07:02:24.992+0000][67][gc,phases   ] GC(52)   Pre Evacuate Collection Set: 0.2ms
[2023-04-06T07:02:24.993+0000][67][gc,phases   ] GC(52)   Merge Heap Roots: 0.3ms
[2023-04-06T07:02:24.994+0000][67][gc,phases   ] GC(52)   Evacuate Collection Set: 11.1ms
[2023-04-06T07:02:24.995+0000][67][gc,phases   ] GC(52)   Post Evacuate Collection Set: 1.9ms
[2023-04-06T07:02:24.996+0000][67][gc,phases   ] GC(52)   Other: 2.9ms
[2023-04-06T07:02:24.997+0000][67][gc,age      ] GC(52) Age table with threshold 15 (max threshold 15)
[2023-04-06T07:02:24.998+0000][67][gc,age      ] GC(52) - age   1:     319376 bytes,     319376 total
[2023-04-06T07:02:24.999+0000][67][gc,age      ] GC(52) - age   2:     950664 bytes,    1270040 total
[2023-04-06T07:02:25.000+0000][67][gc,age      ] GC(52) - age   3:      17648 bytes,    1287688 total
[2023-04-06T07:02:25.000+0000][67][gc,age      ] GC(52) - age   4:      13200 bytes,    1300888 total
[2023-04-06T07:02:25.001+0000][67][gc,age      ] GC(52) - age   5:       3768 bytes,    1304656 total
[2023-04-06T07:02:25.002+0000][67][gc,age      ] GC(52) - age   6:        504 bytes,    1305160 total
[2023-04-06T07:02:25.003+0000][67][gc,age      ] GC(52) - age   7:       7848 bytes,    1313008 total
[2023-04-06T07:02:25.006+0000][67][gc,age      ] GC(52) - age   8:      17544 bytes,    1330552 total
[2023-04-06T07:02:25.007+0000][67][gc,age      ] GC(52) - age   9:        384 bytes,    1330936 total
[2023-04-06T07:02:25.008+0000][67][gc,age      ] GC(52) - age  10:      25088 bytes,    1356024 total
[2023-04-06T07:02:25.009+0000][67][gc,age      ] GC(52) - age  11:     433072 bytes,    1789096 total
[2023-04-06T07:02:25.009+0000][67][gc,age      ] GC(52) - age  12:      19424 bytes,    1808520 total
[2023-04-06T07:02:25.010+0000][67][gc,heap     ] GC(52) Eden regions: 2->0(22)
[2023-04-06T07:02:25.011+0000][67][gc,heap     ] GC(52) Survivor regions: 1->1(1)
[2023-04-06T07:02:25.012+0000][67][gc,heap     ] GC(52) Old regions: 25->25
[2023-04-06T07:02:25.012+0000][67][gc,heap     ] GC(52) Archive regions: 2->2
[2023-04-06T07:02:25.013+0000][67][gc,heap     ] GC(52) Humongous regions: 2->2
[2023-04-06T07:02:25.013+0000][67][gc,metaspace] GC(52) Metaspace: 135785K(140672K)->135785K(140672K) NonClass: 118286K(120896K)->118286K(120896K) Class: 17499K(19776K)->17499K(19776K)
[2023-04-06T07:02:25.014+0000][67][gc          ] GC(52) Pause Young (Mixed) (G1 Evacuation Pause) 119M->110M(256M) 41.997ms
[2023-04-06T07:02:25.015+0000][67][gc,cpu      ] GC(52) User=0.04s Sys=0.01s Real=0.04s
[2023-04-06T07:02:25.015+0000][67][safepoint   ] Safepoint "G1CollectForAllocation", Time since last: 1143255809 ns, Reaching safepoint: 936703 ns, At safepoint: 43196126 ns, Total: 44132829 ns
[2023-04-06T07:02:26.017+0000][67][safepoint   ] Safepoint "Cleanup", Time since last: 1001304273 ns, Reaching safepoint: 265085 ns, At safepoint: 14376 ns, Total: 279461 ns
[2023-04-06T07:02:27.020+0000][67][safepoint   ] Safepoint "Cleanup", Time since last: 1001528643 ns, Reaching safepoint: 1038417 ns, At safepoint: 56239 ns, Total: 1094656 ns
[2023-04-06T07:02:29.010+0000][67][safepoint   ] Safepoint "Cleanup", Time since last: 1989406363 ns, Reaching safepoint: 531889 ns, At safepoint: 55479 ns, Total: 587368 ns
[2023-04-06T07:02:30.011+0000][67][safepoint   ] Safepoint "Cleanup", Time since last: 1000825889 ns, Reaching safepoint: 278381 ns, At safepoint: 29206 ns, Total: 307587 ns
[2023-04-06T07:02:31.012+0000][67][safepoint   ] Safepoint "Cleanup", Time since last: 1001447988 ns, Reaching safepoint: 158320 ns, At safepoint: 4098 ns, Total: 162418 ns
[2023-04-06T07:02:32.014+0000][67][safepoint   ] Safepoint "Cleanup", Time since last: 1001504039 ns, Reaching safepoint: 146204 ns, At safepoint: 5186 ns, Total: 151390 ns
[2023-04-06T07:02:32.344+0000][67][safepoint   ] Safepoint "ICBufferFull", Time since last: 320555133 ns, Reaching safepoint: 9936162 ns, At safepoint: 61746 ns, Total: 9997908 ns
[2023-04-06T07:02:32.425+0000][67][gc,start    ] GC(53) Pause Young (Normal) (G1 Evacuation Pause)
[2023-04-06T07:02:32.426+0000][67][gc,task     ] GC(53) Using 4 workers of 4 for evacuation
[2023-04-06T07:02:32.427+0000][67][gc,age      ] GC(53) Desired survivor size 6291456 bytes, new threshold 15 (max threshold 15)
[2023-04-06T07:02:32.438+0000][67][gc,phases   ] GC(53)   Pre Evacuate Collection Set: 0.3ms
[2023-04-06T07:02:32.439+0000][67][gc,phases   ] GC(53)   Merge Heap Roots: 0.1ms
[2023-04-06T07:02:32.440+0000][67][gc,phases   ] GC(53)   Evacuate Collection Set: 6.0ms
[2023-04-06T07:02:32.441+0000][67][gc,phases   ] GC(53)   Post Evacuate Collection Set: 2.8ms
[2023-04-06T07:02:32.443+0000][67][gc,phases   ] GC(53)   Other: 2.5ms
[2023-04-06T07:02:32.444+0000][67][gc,age      ] GC(53) Age table with threshold 15 (max threshold 15)
[2023-04-06T07:02:32.445+0000][67][gc,age      ] GC(53) - age   1:    2761064 bytes,    2761064 total
[2023-04-06T07:02:32.445+0000][67][gc,age      ] GC(53) - age   2:       9536 bytes,    2770600 total
[2023-04-06T07:02:32.446+0000][67][gc,age      ] GC(53) - age   3:      20096 bytes,    2790696 total
[2023-04-06T07:02:32.447+0000][67][gc,age      ] GC(53) - age   4:      17224 bytes,    2807920 total
[2023-04-06T07:02:32.447+0000][67][gc,age      ] GC(53) - age   5:      13200 bytes,    2821120 total
[2023-04-06T07:02:32.448+0000][67][gc,age      ] GC(53) - age   6:       3768 bytes,    2824888 total
[2023-04-06T07:02:32.449+0000][67][gc,age      ] GC(53) - age   7:        504 bytes,    2825392 total
[2023-04-06T07:02:32.450+0000][67][gc,age      ] GC(53) - age   8:       7848 bytes,    2833240 total
[2023-04-06T07:02:32.450+0000][67][gc,age      ] GC(53) - age   9:      17112 bytes,    2850352 total
[2023-04-06T07:02:32.451+0000][67][gc,age      ] GC(53) - age  10:        384 bytes,    2850736 total
[2023-04-06T07:02:32.452+0000][67][gc,age      ] GC(53) - age  11:      13024 bytes,    2863760 total
[2023-04-06T07:02:32.453+0000][67][gc,age      ] GC(53) - age  12:     156960 bytes,    3020720 total
[2023-04-06T07:02:32.454+0000][67][gc,age      ] GC(53) - age  13:      19424 bytes,    3040144 total
[2023-04-06T07:02:32.454+0000][67][gc,heap     ] GC(53) Eden regions: 22->0(22)
[2023-04-06T07:02:32.455+0000][67][gc,heap     ] GC(53) Survivor regions: 1->1(3)
[2023-04-06T07:02:32.456+0000][67][gc,heap     ] GC(53) Old regions: 25->25
[2023-04-06T07:02:32.457+0000][67][gc,heap     ] GC(53) Archive regions: 2->2
[2023-04-06T07:02:32.457+0000][67][gc,heap     ] GC(53) Humongous regions: 2->2
[2023-04-06T07:02:32.458+0000][67][gc,metaspace] GC(53) Metaspace: 136466K(140736K)->136466K(140736K) NonClass: 118856K(120960K)->118856K(120960K) Class: 17609K(19776K)->17609K(19776K)
[2023-04-06T07:02:32.459+0000][67][gc          ] GC(53) Pause Young (Normal) (G1 Evacuation Pause) 198M->111M(256M) 34.219ms
[2023-04-06T07:02:32.460+0000][67][gc,cpu      ] GC(53) User=0.01s Sys=0.00s Real=0.04s
[2023-04-06T07:02:32.461+0000][67][safepoint   ] Safepoint "G1CollectForAllocation", Time since last: 77821791 ns, Reaching safepoint: 2520925 ns, At safepoint: 35793361 ns, Total: 38314286 ns
[2023-04-06T07:02:33.093+0000][67][safepoint   ] Safepoint "ICBufferFull", Time since last: 631947181 ns, Reaching safepoint: 560051 ns, At safepoint: 118134 ns, Total: 678185 ns
[2023-04-06T07:02:34.095+0000][67][safepoint   ] Safepoint "Cleanup", Time since last: 1001326336 ns, Reaching safepoint: 135120 ns, At safepoint: 3345 ns, Total: 138465 ns
[2023-04-06T07:02:35.103+0000][67][safepoint   ] Safepoint "Cleanup", Time since last: 1007799148 ns, Reaching safepoint: 419060 ns, At safepoint: 24913 ns, Total: 443973 ns
[2023-04-06T07:02:36.106+0000][67][safepoint   ] Safepoint "Cleanup", Time since last: 1002636276 ns, Reaching safepoint: 254203 ns, At safepoint: 9019 ns, Total: 263222 ns
[2023-04-06T07:02:37.109+0000][67][safepoint   ] Safepoint "Cleanup", Time since last: 1002123811 ns, Reaching safepoint: 749054 ns, At safepoint: 34485 ns, Total: 783539 ns
[2023-04-06T07:02:38.112+0000][67][safepoint   ] Safepoint "Cleanup", Time since last: 1003432404 ns, Reaching safepoint: 109081 ns, At safepoint: 4081 ns, Total: 113162 ns
[2023-04-06T07:02:41.118+0000][67][safepoint   ] Safepoint "Cleanup", Time since last: 3005457522 ns, Reaching safepoint: 273597 ns, At safepoint: 10137 ns, Total: 283734 ns
[2023-04-06T07:02:42.123+0000][67][safepoint   ] Safepoint "Cleanup", Time since last: 1004660965 ns, Reaching safepoint: 353127 ns, At safepoint: 14296 ns, Total: 367423 ns
[2023-04-06T07:02:43.126+0000][67][safepoint   ] Safepoint "Cleanup", Time since last: 1002988031 ns, Reaching safepoint: 103471 ns, At safepoint: 4665 ns, Total: 108136 ns
[2023-04-06T07:02:43.765+0000][67][gc,start    ] GC(54) Pause Young (Normal) (G1 Evacuation Pause)
[2023-04-06T07:02:43.766+0000][67][gc,task     ] GC(54) Using 4 workers of 4 for evacuation
[2023-04-06T07:02:43.767+0000][67][gc,age      ] GC(54) Desired survivor size 6291456 bytes, new threshold 15 (max threshold 15)
[2023-04-06T07:02:43.776+0000][67][gc,phases   ] GC(54)   Pre Evacuate Collection Set: 0.1ms
[2023-04-06T07:02:43.777+0000][67][gc,phases   ] GC(54)   Merge Heap Roots: 0.1ms
[2023-04-06T07:02:43.777+0000][67][gc,phases   ] GC(54)   Evacuate Collection Set: 6.9ms
[2023-04-06T07:02:43.779+0000][67][gc,phases   ] GC(54)   Post Evacuate Collection Set: 1.1ms
[2023-04-06T07:02:43.779+0000][67][gc,phases   ] GC(54)   Other: 2.0ms
[2023-04-06T07:02:43.780+0000][67][gc,age      ] GC(54) Age table with threshold 15 (max threshold 15)
[2023-04-06T07:02:43.780+0000][67][gc,age      ] GC(54) - age   1:    3122640 bytes,    3122640 total
[2023-04-06T07:02:43.781+0000][67][gc,age      ] GC(54) - age   2:    1215768 bytes,    4338408 total
[2023-04-06T07:02:43.781+0000][67][gc,age      ] GC(54) - age   3:       9536 bytes,    4347944 total
[2023-04-06T07:02:43.782+0000][67][gc,age      ] GC(54) - age   4:      19056 bytes,    4367000 total
[2023-04-06T07:02:43.783+0000][67][gc,age      ] GC(54) - age   5:      16648 bytes,    4383648 total
[2023-04-06T07:02:43.783+0000][67][gc,age      ] GC(54) - age   6:      13200 bytes,    4396848 total
[2023-04-06T07:02:43.784+0000][67][gc,age      ] GC(54) - age   7:       3768 bytes,    4400616 total
[2023-04-06T07:02:43.784+0000][67][gc,age      ] GC(54) - age   8:        504 bytes,    4401120 total
[2023-04-06T07:02:43.785+0000][67][gc,age      ] GC(54) - age   9:       7848 bytes,    4408968 total
[2023-04-06T07:02:43.786+0000][67][gc,age      ] GC(54) - age  10:      17112 bytes,    4426080 total
[2023-04-06T07:02:43.787+0000][67][gc,age      ] GC(54) - age  11:        384 bytes,    4426464 total
[2023-04-06T07:02:43.787+0000][67][gc,age      ] GC(54) - age  12:      12960 bytes,    4439424 total
[2023-04-06T07:02:43.788+0000][67][gc,age      ] GC(54) - age  13:     139744 bytes,    4579168 total
[2023-04-06T07:02:43.789+0000][67][gc,age      ] GC(54) - age  14:      19424 bytes,    4598592 total
[2023-04-06T07:02:43.789+0000][67][gc,heap     ] GC(54) Eden regions: 22->0(21)
[2023-04-06T07:02:43.789+0000][67][gc,heap     ] GC(54) Survivor regions: 1->2(3)
[2023-04-06T07:02:43.790+0000][67][gc,heap     ] GC(54) Old regions: 25->25
[2023-04-06T07:02:43.790+0000][67][gc,heap     ] GC(54) Archive regions: 2->2
[2023-04-06T07:02:43.791+0000][67][gc,heap     ] GC(54) Humongous regions: 2->2
[2023-04-06T07:02:43.791+0000][67][gc,metaspace] GC(54) Metaspace: 137773K(141184K)->137773K(141184K) NonClass: 119922K(121408K)->119922K(121408K) Class: 17851K(19776K)->17851K(19776K)
[2023-04-06T07:02:43.792+0000][67][gc          ] GC(54) Pause Young (Normal) (G1 Evacuation Pause) 199M->113M(256M) 26.820ms
[2023-04-06T07:02:43.792+0000][67][gc,cpu      ] GC(54) User=0.02s Sys=0.00s Real=0.03s
[2023-04-06T07:02:43.793+0000][67][safepoint   ] Safepoint "G1CollectForAllocation", Time since last: 638722513 ns, Reaching safepoint: 83863 ns, At safepoint: 27886837 ns, Total: 27970700 ns
[2023-04-06T07:02:44.797+0000][67][safepoint   ] Safepoint "Cleanup", Time since last: 1003310012 ns, Reaching safepoint: 527858 ns, At safepoint: 170611 ns, Total: 698469 ns
[2023-04-06T07:02:45.800+0000][67][safepoint   ] Safepoint "Cleanup", Time since last: 1002960842 ns, Reaching safepoint: 246360 ns, At safepoint: 8076 ns, Total: 254436 ns
[2023-04-06T07:02:46.803+0000][67][safepoint   ] Safepoint "Cleanup", Time since last: 1003053931 ns, Reaching safepoint: 219978 ns, At safepoint: 14719 ns, Total: 234697 ns
[2023-04-06T07:02:47.806+0000][67][safepoint   ] Safepoint "Cleanup", Time since last: 1001853536 ns, Reaching safepoint: 475483 ns, At safepoint: 31519 ns, Total: 507002 ns
[2023-04-06T07:02:48.810+0000][67][safepoint   ] Safepoint "Cleanup", Time since last: 1004485090 ns, Reaching safepoint: 257197 ns, At safepoint: 8202 ns, Total: 265399 ns
[2023-04-06T07:02:49.793+0000][67][safepoint   ] Safepoint "Cleanup", Time since last: 1003364838 ns, Reaching safepoint: 1058777 ns, At safepoint: 51123 ns, Total: 1109900 ns
[2023-04-06T07:02:50.798+0000][67][safepoint   ] Safepoint "Cleanup", Time since last: 1005427386 ns, Reaching safepoint: 289646 ns, At safepoint: 84146 ns, Total: 373792 ns
[2023-04-06T07:02:52.803+0000][67][safepoint   ] Safepoint "Cleanup", Time since last: 2003504384 ns, Reaching safepoint: 702581 ns, At safepoint: 45490 ns, Total: 748071 ns
[2023-04-06T07:02:53.806+0000][67][safepoint   ] Safepoint "Cleanup", Time since last: 1003039573 ns, Reaching safepoint: 157809 ns, At safepoint: 6655 ns, Total: 164464 ns
[2023-04-06T07:02:54.809+0000][67][safepoint   ] Safepoint "Cleanup", Time since last: 1002865535 ns, Reaching safepoint: 571406 ns, At safepoint: 24710 ns, Total: 596116 ns
[2023-04-06T07:02:55.814+0000][67][safepoint   ] Safepoint "Cleanup", Time since last: 1003964576 ns, Reaching safepoint: 177609 ns, At safepoint: 12111 ns, Total: 189720 ns
[2023-04-06T07:03:00.820+0000][67][safepoint   ] Safepoint "Cleanup", Time since last: 5006087521 ns, Reaching safepoint: 368218 ns, At safepoint: 15639 ns, Total: 383857 ns
[2023-04-06T07:03:01.823+0000][67][safepoint   ] Safepoint "Cleanup", Time since last: 1002519777 ns, Reaching safepoint: 111150 ns, At safepoint: 6148 ns, Total: 117298 ns
[2023-04-06T07:03:02.825+0000][67][safepoint   ] Safepoint "Cleanup", Time since last: 1002242107 ns, Reaching safepoint: 229086 ns, At safepoint: 16799 ns, Total: 245885 ns
[2023-04-06T07:03:03.827+0000][67][safepoint   ] Safepoint "Cleanup", Time since last: 1001891982 ns, Reaching safepoint: 91930 ns, At safepoint: 6593 ns, Total: 98523 ns
[2023-04-06T07:03:04.831+0000][67][safepoint   ] Safepoint "Cleanup", Time since last: 1002843247 ns, Reaching safepoint: 504694 ns, At safepoint: 16027 ns, Total: 520721 ns
[2023-04-06T07:03:07.567+0000][67][gc,start    ] GC(55) Pause Young (Concurrent Start) (G1 Evacuation Pause)
[2023-04-06T07:03:07.568+0000][67][gc,task     ] GC(55) Using 4 workers of 4 for evacuation
[2023-04-06T07:03:07.569+0000][67][gc,age      ] GC(55) Desired survivor size 6291456 bytes, new threshold 15 (max threshold 15)
[2023-04-06T07:03:07.576+0000][67][gc,phases   ] GC(55)   Pre Evacuate Collection Set: 0.5ms
[2023-04-06T07:03:07.577+0000][67][gc,phases   ] GC(55)   Merge Heap Roots: 0.1ms
[2023-04-06T07:03:07.577+0000][67][gc,phases   ] GC(55)   Evacuate Collection Set: 4.5ms
[2023-04-06T07:03:07.578+0000][67][gc,phases   ] GC(55)   Post Evacuate Collection Set: 1.0ms
[2023-04-06T07:03:07.579+0000][67][gc,phases   ] GC(55)   Other: 1.7ms
[2023-04-06T07:03:07.579+0000][67][gc,age      ] GC(55) Age table with threshold 15 (max threshold 15)
[2023-04-06T07:03:07.580+0000][67][gc,age      ] GC(55) - age   1:     797168 bytes,     797168 total
[2023-04-06T07:03:07.580+0000][67][gc,age      ] GC(55) - age   2:    1056840 bytes,    1854008 total
[2023-04-06T07:03:07.582+0000][67][gc,age      ] GC(55) - age   3:     722064 bytes,    2576072 total
[2023-04-06T07:03:07.583+0000][67][gc,age      ] GC(55) - age   4:       1944 bytes,    2578016 total
[2023-04-06T07:03:07.583+0000][67][gc,age      ] GC(55) - age   5:      10912 bytes,    2588928 total
[2023-04-06T07:03:07.584+0000][67][gc,age      ] GC(55) - age   6:      16288 bytes,    2605216 total
[2023-04-06T07:03:07.585+0000][67][gc,age      ] GC(55) - age   7:      13200 bytes,    2618416 total
[2023-04-06T07:03:07.586+0000][67][gc,age      ] GC(55) - age   8:       3768 bytes,    2622184 total
[2023-04-06T07:03:07.586+0000][67][gc,age      ] GC(55) - age   9:        504 bytes,    2622688 total
[2023-04-06T07:03:07.587+0000][67][gc,age      ] GC(55) - age  10:       7848 bytes,    2630536 total
[2023-04-06T07:03:07.587+0000][67][gc,age      ] GC(55) - age  11:      17112 bytes,    2647648 total
[2023-04-06T07:03:07.588+0000][67][gc,age      ] GC(55) - age  12:        384 bytes,    2648032 total
[2023-04-06T07:03:07.589+0000][67][gc,age      ] GC(55) - age  13:      12760 bytes,    2660792 total
[2023-04-06T07:03:07.589+0000][67][gc,age      ] GC(55) - age  14:      53216 bytes,    2714008 total
[2023-04-06T07:03:07.590+0000][67][gc,age      ] GC(55) - age  15:      19424 bytes,    2733432 total
[2023-04-06T07:03:07.591+0000][67][gc,heap     ] GC(55) Eden regions: 21->0(22)
[2023-04-06T07:03:07.591+0000][67][gc,heap     ] GC(55) Survivor regions: 2->1(3)
[2023-04-06T07:03:07.592+0000][67][gc,heap     ] GC(55) Old regions: 25->25
[2023-04-06T07:03:07.592+0000][67][gc,heap     ] GC(55) Archive regions: 2->2
[2023-04-06T07:03:07.593+0000][67][gc,heap     ] GC(55) Humongous regions: 2->2
[2023-04-06T07:03:07.593+0000][67][gc,metaspace] GC(55) Metaspace: 137846K(141248K)->137846K(141248K) NonClass: 119993K(121472K)->119993K(121472K) Class: 17852K(19776K)->17852K(19776K)
[2023-04-06T07:03:07.594+0000][67][gc          ] GC(55) Pause Young (Concurrent Start) (G1 Evacuation Pause) 197M->111M(256M) 26.161ms
[2023-04-06T07:03:07.594+0000][67][gc,cpu      ] GC(55) User=0.01s Sys=0.00s Real=0.02s
[2023-04-06T07:03:07.594+0000][67][gc          ] GC(56) Concurrent Mark Cycle
[2023-04-06T07:03:07.595+0000][67][gc,marking  ] GC(56) Concurrent Clear Claimed Marks
[2023-04-06T07:03:07.596+0000][67][gc,marking  ] GC(56) Concurrent Clear Claimed Marks 0.637ms
[2023-04-06T07:03:07.596+0000][67][gc,marking  ] GC(56) Concurrent Scan Root Regions
[2023-04-06T07:03:07.595+0000][67][safepoint   ] Safepoint "G1CollectForAllocation", Time since last: 2736828511 ns, Reaching safepoint: 136547 ns, At safepoint: 27271097 ns, Total: 27407644 ns
[2023-04-06T07:03:07.601+0000][67][gc,marking  ] GC(56) Concurrent Scan Root Regions 4.776ms
[2023-04-06T07:03:07.609+0000][67][gc,marking  ] GC(56) Concurrent Mark
[2023-04-06T07:03:07.609+0000][67][gc,marking  ] GC(56) Concurrent Mark From Roots
[2023-04-06T07:03:07.610+0000][67][gc,task     ] GC(56) Using 1 workers of 1 for marking
[2023-04-06T07:03:07.730+0000][67][gc,marking  ] GC(56) Concurrent Mark From Roots 121.149ms
[2023-04-06T07:03:07.732+0000][67][gc,marking  ] GC(56) Concurrent Preclean
[2023-04-06T07:03:07.734+0000][67][gc,marking  ] GC(56) Concurrent Preclean 1.969ms
[2023-04-06T07:03:07.735+0000][67][gc,start    ] GC(56) Pause Remark
[2023-04-06T07:03:07.747+0000][67][gc          ] GC(56) Pause Remark 114M->114M(256M) 12.765ms
[2023-04-06T07:03:07.748+0000][67][gc,cpu      ] GC(56) User=0.02s Sys=0.00s Real=0.02s
[2023-04-06T07:03:07.749+0000][67][safepoint   ] Safepoint "G1PauseRemark", Time since last: 139758648 ns, Reaching safepoint: 134828 ns, At safepoint: 14428078 ns, Total: 14562906 ns
[2023-04-06T07:03:07.750+0000][67][gc,marking  ] GC(56) Concurrent Mark 141.007ms
[2023-04-06T07:03:07.755+0000][67][gc,marking  ] GC(56) Concurrent Rebuild Remembered Sets
[2023-04-06T07:03:07.820+0000][67][gc,marking  ] GC(56) Concurrent Rebuild Remembered Sets 64.374ms
[2023-04-06T07:03:07.821+0000][67][gc,start    ] GC(56) Pause Cleanup
[2023-04-06T07:03:07.821+0000][67][gc          ] GC(56) Pause Cleanup 114M->114M(256M) 0.531ms
[2023-04-06T07:03:07.822+0000][67][gc,cpu      ] GC(56) User=0.00s Sys=0.00s Real=0.00s
[2023-04-06T07:03:07.822+0000][67][safepoint   ] Safepoint "G1PauseCleanup", Time since last: 71710494 ns, Reaching safepoint: 98054 ns, At safepoint: 1443634 ns, Total: 1541688 ns
[2023-04-06T07:03:07.823+0000][67][gc,marking  ] GC(56) Concurrent Cleanup for Next Mark
[2023-04-06T07:03:07.823+0000][67][gc,marking  ] GC(56) Concurrent Cleanup for Next Mark 0.704ms
[2023-04-06T07:03:07.824+0000][67][gc          ] GC(56) Concurrent Mark Cycle 229.637ms
[2023-04-06T07:03:09.824+0000][67][safepoint   ] Safepoint "Cleanup", Time since last: 2001376202 ns, Reaching safepoint: 286312 ns, At safepoint: 9543 ns, Total: 295855 ns
[2023-04-06T07:03:10.827+0000][67][safepoint   ] Safepoint "Cleanup", Time since last: 1003244237 ns, Reaching safepoint: 157500 ns, At safepoint: 7128 ns, Total: 164628 ns
[2023-04-06T07:03:11.830+0000][67][safepoint   ] Safepoint "Cleanup", Time since last: 1002158985 ns, Reaching safepoint: 350401 ns, At safepoint: 16224 ns, Total: 366625 ns
[2023-04-06T07:03:12.834+0000][67][safepoint   ] Safepoint "Cleanup", Time since last: 1004277487 ns, Reaching safepoint: 149262 ns, At safepoint: 6129 ns, Total: 155391 ns
[2023-04-06T07:03:13.837+0000][67][safepoint   ] Safepoint "Cleanup", Time since last: 1002605764 ns, Reaching safepoint: 141272 ns, At safepoint: 6096 ns, Total: 147368 ns
[2023-04-06T07:03:14.840+0000][67][safepoint   ] Safepoint "Cleanup", Time since last: 1002228445 ns, Reaching safepoint: 208501 ns, At safepoint: 7299 ns, Total: 215800 ns
[2023-04-06T07:03:19.824+0000][67][safepoint   ] Safepoint "Cleanup", Time since last: 5005724821 ns, Reaching safepoint: 273791 ns, At safepoint: 54111 ns, Total: 327902 ns
[2023-04-06T07:03:20.827+0000][67][safepoint   ] Safepoint "Cleanup", Time since last: 1002990073 ns, Reaching safepoint: 353406 ns, At safepoint: 43244 ns, Total: 396650 ns
[2023-04-06T07:03:21.831+0000][67][safepoint   ] Safepoint "Cleanup", Time since last: 1003431879 ns, Reaching safepoint: 193088 ns, At safepoint: 8251 ns, Total: 201339 ns
[2023-04-06T07:03:22.833+0000][67][safepoint   ] Safepoint "Cleanup", Time since last: 1001608700 ns, Reaching safepoint: 171351 ns, At safepoint: 4475 ns, Total: 175826 ns
[2023-04-06T07:03:23.835+0000][67][safepoint   ] Safepoint "Cleanup", Time since last: 1002351134 ns, Reaching safepoint: 443950 ns, At safepoint: 40726 ns, Total: 484676 ns
[2023-04-06T07:03:24.839+0000][67][safepoint   ] Safepoint "Cleanup", Time since last: 1002814938 ns, Reaching safepoint: 802748 ns, At safepoint: 96480 ns, Total: 899228 ns
[2023-04-06T07:03:25.843+0000][67][safepoint   ] Safepoint "Cleanup", Time since last: 1003350505 ns, Reaching safepoint: 362018 ns, At safepoint: 10640 ns, Total: 372658 ns
[2023-04-06T07:03:26.848+0000][67][safepoint   ] Safepoint "Cleanup", Time since last: 1005012136 ns, Reaching safepoint: 550259 ns, At safepoint: 16552 ns, Total: 566811 ns
[2023-04-06T07:03:30.856+0000][67][safepoint   ] Safepoint "Cleanup", Time since last: 4006684020 ns, Reaching safepoint: 924181 ns, At safepoint: 45276 ns, Total: 969457 ns
[2023-04-06T07:03:31.859+0000][67][safepoint   ] Safepoint "Cleanup", Time since last: 1002802403 ns, Reaching safepoint: 128050 ns, At safepoint: 7759 ns, Total: 135809 ns
[2023-04-06T07:03:32.861+0000][67][safepoint   ] Safepoint "Cleanup", Time since last: 1001757259 ns, Reaching safepoint: 384962 ns, At safepoint: 232183 ns, Total: 617145 ns
[2023-04-06T07:03:34.864+0000][67][safepoint   ] Safepoint "Cleanup", Time since last: 2002934074 ns, Reaching safepoint: 92579 ns, At safepoint: 3707 ns, Total: 96286 ns
[2023-04-06T07:03:37.328+0000][67][gc,start    ] GC(57) Pause Young (Prepare Mixed) (G1 Evacuation Pause)
[2023-04-06T07:03:37.329+0000][67][gc,task     ] GC(57) Using 4 workers of 4 for evacuation
[2023-04-06T07:03:37.329+0000][67][gc,age      ] GC(57) Desired survivor size 6291456 bytes, new threshold 15 (max threshold 15)
[2023-04-06T07:03:37.334+0000][67][gc,phases   ] GC(57)   Pre Evacuate Collection Set: 0.1ms
[2023-04-06T07:03:37.335+0000][67][gc,phases   ] GC(57)   Merge Heap Roots: 0.1ms
[2023-04-06T07:03:37.335+0000][67][gc,phases   ] GC(57)   Evacuate Collection Set: 3.2ms
[2023-04-06T07:03:37.336+0000][67][gc,phases   ] GC(57)   Post Evacuate Collection Set: 0.7ms
[2023-04-06T07:03:37.336+0000][67][gc,phases   ] GC(57)   Other: 0.8ms
[2023-04-06T07:03:37.337+0000][67][gc,age      ] GC(57) Age table with threshold 15 (max threshold 15)
[2023-04-06T07:03:37.337+0000][67][gc,age      ] GC(57) - age   1:     867416 bytes,     867416 total
[2023-04-06T07:03:37.338+0000][67][gc,age      ] GC(57) - age   2:     233896 bytes,    1101312 total
[2023-04-06T07:03:37.338+0000][67][gc,age      ] GC(57) - age   3:    1046392 bytes,    2147704 total
[2023-04-06T07:03:37.338+0000][67][gc,age      ] GC(57) - age   4:     441944 bytes,    2589648 total
[2023-04-06T07:03:37.339+0000][67][gc,age      ] GC(57) - age   5:       1944 bytes,    2591592 total
[2023-04-06T07:03:37.340+0000][67][gc,age      ] GC(57) - age   6:      10144 bytes,    2601736 total
[2023-04-06T07:03:37.340+0000][67][gc,age      ] GC(57) - age   7:      16288 bytes,    2618024 total
[2023-04-06T07:03:37.341+0000][67][gc,age      ] GC(57) - age   8:      12960 bytes,    2630984 total
[2023-04-06T07:03:37.341+0000][67][gc,age      ] GC(57) - age   9:       3768 bytes,    2634752 total
[2023-04-06T07:03:37.341+0000][67][gc,age      ] GC(57) - age  10:        504 bytes,    2635256 total
[2023-04-06T07:03:37.342+0000][67][gc,age      ] GC(57) - age  11:       7848 bytes,    2643104 total
[2023-04-06T07:03:37.342+0000][67][gc,age      ] GC(57) - age  12:      17112 bytes,    2660216 total
[2023-04-06T07:03:37.343+0000][67][gc,age      ] GC(57) - age  13:        384 bytes,    2660600 total
[2023-04-06T07:03:37.343+0000][67][gc,age      ] GC(57) - age  14:      12760 bytes,    2673360 total
[2023-04-06T07:03:37.343+0000][67][gc,age      ] GC(57) - age  15:      53024 bytes,    2726384 total
[2023-04-06T07:03:37.344+0000][67][gc,heap     ] GC(57) Eden regions: 22->0(2)
[2023-04-06T07:03:37.344+0000][67][gc,heap     ] GC(57) Survivor regions: 1->1(3)
[2023-04-06T07:03:37.345+0000][67][gc,heap     ] GC(57) Old regions: 25->25
[2023-04-06T07:03:37.345+0000][67][gc,heap     ] GC(57) Archive regions: 2->2
[2023-04-06T07:03:37.345+0000][67][gc,heap     ] GC(57) Humongous regions: 2->2
[2023-04-06T07:03:37.346+0000][67][gc,metaspace] GC(57) Metaspace: 137911K(141312K)->137911K(141312K) NonClass: 120059K(121536K)->120059K(121536K) Class: 17852K(19776K)->17852K(19776K)
[2023-04-06T07:03:37.346+0000][67][gc          ] GC(57) Pause Young (Prepare Mixed) (G1 Evacuation Pause) 199M->111M(256M) 18.361ms
[2023-04-06T07:03:37.347+0000][67][gc,cpu      ] GC(57) User=0.00s Sys=0.01s Real=0.02s
[2023-04-06T07:03:37.347+0000][67][safepoint   ] Safepoint "G1CollectForAllocation", Time since last: 2463585821 ns, Reaching safepoint: 67940 ns, At safepoint: 19361471 ns, Total: 19429411 ns
[2023-04-06T07:03:38.457+0000][67][gc,start    ] GC(58) Pause Young (Mixed) (G1 Evacuation Pause)
[2023-04-06T07:03:38.458+0000][67][gc,task     ] GC(58) Using 4 workers of 4 for evacuation
[2023-04-06T07:03:38.458+0000][67][gc,age      ] GC(58) Desired survivor size 2097152 bytes, new threshold 3 (max threshold 15)
[2023-04-06T07:03:38.466+0000][67][gc,phases   ] GC(58)   Pre Evacuate Collection Set: 0.1ms
[2023-04-06T07:03:38.467+0000][67][gc,phases   ] GC(58)   Merge Heap Roots: 0.1ms
[2023-04-06T07:03:38.467+0000][67][gc,phases   ] GC(58)   Evacuate Collection Set: 5.7ms
[2023-04-06T07:03:38.468+0000][67][gc,phases   ] GC(58)   Post Evacuate Collection Set: 0.9ms
[2023-04-06T07:03:38.469+0000][67][gc,phases   ] GC(58)   Other: 1.2ms
[2023-04-06T07:03:38.469+0000][67][gc,age      ] GC(58) Age table with threshold 3 (max threshold 15)
[2023-04-06T07:03:38.470+0000][67][gc,age      ] GC(58) - age   1:     281464 bytes,     281464 total
[2023-04-06T07:03:38.470+0000][67][gc,age      ] GC(58) - age   2:     391224 bytes,     672688 total
[2023-04-06T07:03:38.471+0000][67][gc,age      ] GC(58) - age   3:     233880 bytes,     906568 total
[2023-04-06T07:03:38.471+0000][67][gc,heap     ] GC(58) Eden regions: 2->0(22)
[2023-04-06T07:03:38.472+0000][67][gc,heap     ] GC(58) Survivor regions: 1->1(1)
[2023-04-06T07:03:38.472+0000][67][gc,heap     ] GC(58) Old regions: 25->25
[2023-04-06T07:03:38.473+0000][67][gc,heap     ] GC(58) Archive regions: 2->2
[2023-04-06T07:03:38.473+0000][67][gc,heap     ] GC(58) Humongous regions: 2->2
[2023-04-06T07:03:38.474+0000][67][gc,metaspace] GC(58) Metaspace: 137926K(141312K)->137926K(141312K) NonClass: 120074K(121536K)->120074K(121536K) Class: 17852K(19776K)->17852K(19776K)
[2023-04-06T07:03:38.474+0000][67][gc          ] GC(58) Pause Young (Mixed) (G1 Evacuation Pause) 119M->110M(256M) 17.165ms
[2023-04-06T07:03:38.475+0000][67][gc,cpu      ] GC(58) User=0.03s Sys=0.00s Real=0.01s
[2023-04-06T07:03:38.475+0000][67][safepoint   ] Safepoint "G1CollectForAllocation", Time since last: 1109500328 ns, Reaching safepoint: 100932 ns, At safepoint: 18329054 ns, Total: 18429986 ns
[2023-04-06T07:03:39.478+0000][67][safepoint   ] Safepoint "Cleanup", Time since last: 1002196251 ns, Reaching safepoint: 361328 ns, At safepoint: 17603 ns, Total: 378931 ns
[2023-04-06T07:03:44.484+0000][67][safepoint   ] Safepoint "Cleanup", Time since last: 5005557051 ns, Reaching safepoint: 374877 ns, At safepoint: 9768 ns, Total: 384645 ns
[2023-04-06T07:03:46.490+0000][67][safepoint   ] Safepoint "Cleanup", Time since last: 2004822069 ns, Reaching safepoint: 564463 ns, At safepoint: 256495 ns, Total: 820958 ns
[2023-04-06T07:03:49.470+0000][67][safepoint   ] Safepoint "Cleanup", Time since last: 3002715081 ns, Reaching safepoint: 91322 ns, At safepoint: 2867 ns, Total: 94189 ns
[2023-04-06T07:03:50.471+0000][67][safepoint   ] Safepoint "Cleanup", Time since last: 1000946294 ns, Reaching safepoint: 320682 ns, At safepoint: 9264 ns, Total: 329946 ns
[2023-04-06T07:03:53.476+0000][67][safepoint   ] Safepoint "Cleanup", Time since last: 3004415049 ns, Reaching safepoint: 546180 ns, At safepoint: 18945 ns, Total: 565125 ns
[2023-04-06T07:03:54.480+0000][67][safepoint   ] Safepoint "Cleanup", Time since last: 1003252577 ns, Reaching safepoint: 256938 ns, At safepoint: 12055 ns, Total: 268993 ns
[2023-04-06T07:03:55.482+0000][67][safepoint   ] Safepoint "Cleanup", Time since last: 1001970491 ns, Reaching safepoint: 72713 ns, At safepoint: 3227 ns, Total: 75940 ns
[2023-04-06T07:03:56.484+0000][67][safepoint   ] Safepoint "Cleanup", Time since last: 1001187403 ns, Reaching safepoint: 975664 ns, At safepoint: 39521 ns, Total: 1015185 ns
[2023-04-06T07:03:58.491+0000][67][safepoint   ] Safepoint "Cleanup", Time since last: 2005725441 ns, Reaching safepoint: 865845 ns, At safepoint: 50258 ns, Total: 916103 ns
[2023-04-06T07:04:01.497+0000][67][safepoint   ] Safepoint "Cleanup", Time since last: 3005976939 ns, Reaching safepoint: 208880 ns, At safepoint: 9030 ns, Total: 217910 ns
[2023-04-06T07:04:02.498+0000][67][safepoint   ] Safepoint "Cleanup", Time since last: 1000700512 ns, Reaching safepoint: 545538 ns, At safepoint: 7176 ns, Total: 552714 ns
[2023-04-06T07:04:03.500+0000][67][safepoint   ] Safepoint "Cleanup", Time since last: 1001025714 ns, Reaching safepoint: 434201 ns, At safepoint: 24297 ns, Total: 458498 ns
[2023-04-06T07:04:04.502+0000][67][safepoint   ] Safepoint "Cleanup", Time since last: 1002390724 ns, Reaching safepoint: 168870 ns, At safepoint: 4781 ns, Total: 173651 ns
[2023-04-06T07:04:07.506+0000][67][safepoint   ] Safepoint "Cleanup", Time since last: 3003792090 ns, Reaching safepoint: 49154 ns, At safepoint: 3247 ns, Total: 52401 ns
[2023-04-06T07:04:08.508+0000][67][safepoint   ] Safepoint "Cleanup", Time since last: 1001509878 ns, Reaching safepoint: 331094 ns, At safepoint: 22539 ns, Total: 353633 ns
[2023-04-06T07:04:10.057+0000][67][gc,start    ] GC(59) Pause Young (Normal) (G1 Evacuation Pause)
[2023-04-06T07:04:10.059+0000][67][gc,task     ] GC(59) Using 4 workers of 4 for evacuation
[2023-04-06T07:04:10.060+0000][67][gc,age      ] GC(59) Desired survivor size 6291456 bytes, new threshold 15 (max threshold 15)
[2023-04-06T07:04:10.067+0000][67][gc,phases   ] GC(59)   Pre Evacuate Collection Set: 0.1ms
[2023-04-06T07:04:10.068+0000][67][gc,phases   ] GC(59)   Merge Heap Roots: 0.2ms
[2023-04-06T07:04:10.069+0000][67][gc,phases   ] GC(59)   Evacuate Collection Set: 3.7ms
[2023-04-06T07:04:10.070+0000][67][gc,phases   ] GC(59)   Post Evacuate Collection Set: 1.4ms
[2023-04-06T07:04:10.071+0000][67][gc,phases   ] GC(59)   Other: 2.3ms
[2023-04-06T07:04:10.072+0000][67][gc,age      ] GC(59) Age table with threshold 15 (max threshold 15)
[2023-04-06T07:04:10.072+0000][67][gc,age      ] GC(59) - age   1:     866568 bytes,     866568 total
[2023-04-06T07:04:10.073+0000][67][gc,age      ] GC(59) - age   2:        264 bytes,     866832 total
[2023-04-06T07:04:10.074+0000][67][gc,age      ] GC(59) - age   3:      26072 bytes,     892904 total
[2023-04-06T07:04:10.075+0000][67][gc,age      ] GC(59) - age   4:     233360 bytes,    1126264 total
[2023-04-06T07:04:10.076+0000][67][gc,heap     ] GC(59) Eden regions: 22->0(22)
[2023-04-06T07:04:10.077+0000][67][gc,heap     ] GC(59) Survivor regions: 1->1(3)
[2023-04-06T07:04:10.077+0000][67][gc,heap     ] GC(59) Old regions: 25->25
[2023-04-06T07:04:10.078+0000][67][gc,heap     ] GC(59) Archive regions: 2->2
[2023-04-06T07:04:10.079+0000][67][gc,heap     ] GC(59) Humongous regions: 2->2
[2023-04-06T07:04:10.079+0000][67][gc,metaspace] GC(59) Metaspace: 138068K(141440K)->138068K(141440K) NonClass: 120215K(121664K)->120215K(121664K) Class: 17852K(19776K)->17852K(19776K)
[2023-04-06T07:04:10.080+0000][67][gc          ] GC(59) Pause Young (Normal) (G1 Evacuation Pause) 198M->110M(256M) 22.524ms
[2023-04-06T07:04:10.080+0000][67][gc,cpu      ] GC(59) User=0.01s Sys=0.00s Real=0.02s
[2023-04-06T07:04:10.081+0000][67][safepoint   ] Safepoint "G1CollectForAllocation", Time since last: 1549065872 ns, Reaching safepoint: 396700 ns, At safepoint: 23821721 ns, Total: 24218421 ns
[2023-04-06T07:04:14.084+0000][67][safepoint   ] Safepoint "Cleanup", Time since last: 4003117182 ns, Reaching safepoint: 169199 ns, At safepoint: 8835 ns, Total: 178034 ns
[2023-04-06T07:04:15.086+0000][67][safepoint   ] Safepoint "Cleanup", Time since last: 1000984778 ns, Reaching safepoint: 755839 ns, At safepoint: 19235 ns, Total: 775074 ns
[2023-04-06T07:04:19.092+0000][67][safepoint   ] Safepoint "Cleanup", Time since last: 4004449758 ns, Reaching safepoint: 962937 ns, At safepoint: 38426 ns, Total: 1001363 ns
[2023-04-06T07:04:20.072+0000][67][safepoint   ] Safepoint "Cleanup", Time since last: 1002058862 ns, Reaching safepoint: 163112 ns, At safepoint: 5529 ns, Total: 168641 ns
[2023-04-06T07:04:21.076+0000][67][safepoint   ] Safepoint "Cleanup", Time since last: 1003256819 ns, Reaching safepoint: 462348 ns, At safepoint: 9462 ns, Total: 471810 ns
[2023-04-06T07:04:22.078+0000][67][safepoint   ] Safepoint "Cleanup", Time since last: 1002557597 ns, Reaching safepoint: 222433 ns, At safepoint: 5295 ns, Total: 227728 ns
[2023-04-06T07:04:25.083+0000][67][safepoint   ] Safepoint "Cleanup", Time since last: 3004698868 ns, Reaching safepoint: 180616 ns, At safepoint: 4950 ns, Total: 185566 ns
[2023-04-06T07:04:26.366+0000][67][safepoint   ] Safepoint "Cleanup", Time since last: 1282304759 ns, Reaching safepoint: 560505 ns, At safepoint: 10333 ns, Total: 570838 ns
[2023-04-06T07:04:29.371+0000][67][safepoint   ] Safepoint "Cleanup", Time since last: 3004364756 ns, Reaching safepoint: 142742 ns, At safepoint: 4407 ns, Total: 147149 ns
[2023-04-06T07:04:31.373+0000][67][safepoint   ] Safepoint "Cleanup", Time since last: 2002003433 ns, Reaching safepoint: 201804 ns, At safepoint: 3680 ns, Total: 205484 ns
[2023-04-06T07:04:32.374+0000][67][safepoint   ] Safepoint "Cleanup", Time since last: 1001038796 ns, Reaching safepoint: 138517 ns, At safepoint: 3624 ns, Total: 142141 ns
[2023-04-06T07:04:34.382+0000][67][safepoint   ] Safepoint "Cleanup", Time since last: 2007251752 ns, Reaching safepoint: 739322 ns, At safepoint: 51643 ns, Total: 790965 ns
[2023-04-06T07:04:35.398+0000][67][safepoint   ] Safepoint "Cleanup", Time since last: 1014861750 ns, Reaching safepoint: 584412 ns, At safepoint: 63917 ns, Total: 648329 ns
[2023-04-06T07:04:37.401+0000][67][safepoint   ] Safepoint "Cleanup", Time since last: 2003021676 ns, Reaching safepoint: 93723 ns, At safepoint: 4619 ns, Total: 98342 ns
[2023-04-06T07:04:38.403+0000][67][safepoint   ] Safepoint "Cleanup", Time since last: 1001679744 ns, Reaching safepoint: 273194 ns, At safepoint: 11342 ns, Total: 284536 ns
[2023-04-06T07:04:40.266+0000][67][gc,start    ] GC(60) Pause Young (Normal) (G1 Evacuation Pause)
[2023-04-06T07:04:40.268+0000][67][gc,task     ] GC(60) Using 4 workers of 4 for evacuation
[2023-04-06T07:04:40.268+0000][67][gc,age      ] GC(60) Desired survivor size 6291456 bytes, new threshold 15 (max threshold 15)
[2023-04-06T07:04:40.275+0000][67][gc,phases   ] GC(60)   Pre Evacuate Collection Set: 0.2ms
[2023-04-06T07:04:40.276+0000][67][gc,phases   ] GC(60)   Merge Heap Roots: 0.2ms
[2023-04-06T07:04:40.278+0000][67][gc,phases   ] GC(60)   Evacuate Collection Set: 3.9ms
[2023-04-06T07:04:40.279+0000][67][gc,phases   ] GC(60)   Post Evacuate Collection Set: 1.2ms
[2023-04-06T07:04:40.280+0000][67][gc,phases   ] GC(60)   Other: 2.2ms
[2023-04-06T07:04:40.280+0000][67][gc,age      ] GC(60) Age table with threshold 15 (max threshold 15)
[2023-04-06T07:04:40.281+0000][67][gc,age      ] GC(60) - age   1:    1179312 bytes,    1179312 total
[2023-04-06T07:04:40.282+0000][67][gc,age      ] GC(60) - age   2:       2728 bytes,    1182040 total
[2023-04-06T07:04:40.282+0000][67][gc,age      ] GC(60) - age   3:        200 bytes,    1182240 total
[2023-04-06T07:04:40.283+0000][67][gc,age      ] GC(60) - age   4:      25136 bytes,    1207376 total
[2023-04-06T07:04:40.283+0000][67][gc,age      ] GC(60) - age   5:     233040 bytes,    1440416 total
[2023-04-06T07:04:40.284+0000][67][gc,heap     ] GC(60) Eden regions: 22->0(22)
[2023-04-06T07:04:40.285+0000][67][gc,heap     ] GC(60) Survivor regions: 1->1(3)
[2023-04-06T07:04:40.285+0000][67][gc,heap     ] GC(60) Old regions: 25->25
[2023-04-06T07:04:40.286+0000][67][gc,heap     ] GC(60) Archive regions: 2->2
[2023-04-06T07:04:40.286+0000][67][gc,heap     ] GC(60) Humongous regions: 2->2
[2023-04-06T07:04:40.286+0000][67][gc,metaspace] GC(60) Metaspace: 138162K(141440K)->138162K(141440K) NonClass: 120310K(121664K)->120310K(121664K) Class: 17852K(19776K)->17852K(19776K)
[2023-04-06T07:04:40.287+0000][67][gc          ] GC(60) Pause Young (Normal) (G1 Evacuation Pause) 198M->111M(256M) 20.810ms
[2023-04-06T07:04:40.288+0000][67][gc,cpu      ] GC(60) User=0.01s Sys=0.01s Real=0.02s
[2023-04-06T07:04:40.288+0000][67][safepoint   ] Safepoint "G1CollectForAllocation", Time since last: 1863451039 ns, Reaching safepoint: 97567 ns, At safepoint: 21834453 ns, Total: 21932020 ns
[2023-04-06T07:04:43.291+0000][67][safepoint   ] Safepoint "Cleanup", Time since last: 3002564590 ns, Reaching safepoint: 119022 ns, At safepoint: 4437 ns, Total: 123459 ns
[2023-04-06T07:04:44.292+0000][67][safepoint   ] Safepoint "Cleanup", Time since last: 1000874604 ns, Reaching safepoint: 205092 ns, At safepoint: 10720 ns, Total: 215812 ns
[2023-04-06T07:04:46.294+0000][67][safepoint   ] Safepoint "Cleanup", Time since last: 2001469145 ns, Reaching safepoint: 121336 ns, At safepoint: 5465 ns, Total: 126801 ns
[2023-04-06T07:04:50.275+0000][67][safepoint   ] Safepoint "Cleanup", Time since last: 4003574293 ns, Reaching safepoint: 128103 ns, At safepoint: 4013 ns, Total: 132116 ns
[2023-04-06T07:04:51.278+0000][67][safepoint   ] Safepoint "Cleanup", Time since last: 1001367584 ns, Reaching safepoint: 704933 ns, At safepoint: 105450 ns, Total: 810383 ns
[2023-04-06T07:04:55.281+0000][67][safepoint   ] Safepoint "Cleanup", Time since last: 4003692667 ns, Reaching safepoint: 83849 ns, At safepoint: 3630 ns, Total: 87479 ns
[2023-04-06T07:04:56.283+0000][67][safepoint   ] Safepoint "Cleanup", Time since last: 1000948960 ns, Reaching safepoint: 311315 ns, At safepoint: 26307 ns, Total: 337622 ns
[2023-04-06T07:04:57.284+0000][67][safepoint   ] Safepoint "Cleanup", Time since last: 1001138616 ns, Reaching safepoint: 141350 ns, At safepoint: 106425 ns, Total: 247775 ns
[2023-04-06T07:04:58.286+0000][67][safepoint   ] Safepoint "Cleanup", Time since last: 1001458701 ns, Reaching safepoint: 94934 ns, At safepoint: 2753 ns, Total: 97687 ns
[2023-04-06T07:04:59.287+0000][67][safepoint   ] Safepoint "Cleanup", Time since last: 1001001031 ns, Reaching safepoint: 99156 ns, At safepoint: 12534 ns, Total: 111690 ns
[2023-04-06T07:05:00.288+0000][67][safepoint   ] Safepoint "Cleanup", Time since last: 1001412747 ns, Reaching safepoint: 130485 ns, At safepoint: 4573 ns, Total: 135058 ns
[2023-04-06T07:05:01.289+0000][67][safepoint   ] Safepoint "Cleanup", Time since last: 1000808533 ns, Reaching safepoint: 215868 ns, At safepoint: 123059 ns, Total: 338927 ns
[2023-04-06T07:05:02.291+0000][67][safepoint   ] Safepoint "Cleanup", Time since last: 1001227794 ns, Reaching safepoint: 284769 ns, At safepoint: 119592 ns, Total: 404361 ns
[2023-04-06T07:05:03.295+0000][67][safepoint   ] Safepoint "Cleanup", Time since last: 1003535665 ns, Reaching safepoint: 256289 ns, At safepoint: 11073 ns, Total: 267362 ns
[2023-04-06T07:05:04.298+0000][67][safepoint   ] Safepoint "Cleanup", Time since last: 1002507169 ns, Reaching safepoint: 348339 ns, At safepoint: 10398 ns, Total: 358737 ns
[2023-04-06T07:05:07.248+0000][67][gc,start    ] GC(61) Pause Young (Concurrent Start) (G1 Evacuation Pause)
[2023-04-06T07:05:07.249+0000][67][gc,task     ] GC(61) Using 4 workers of 4 for evacuation
[2023-04-06T07:05:07.251+0000][67][gc,age      ] GC(61) Desired survivor size 6291456 bytes, new threshold 15 (max threshold 15)
[2023-04-06T07:05:07.256+0000][67][gc,phases   ] GC(61)   Pre Evacuate Collection Set: 0.4ms
[2023-04-06T07:05:07.257+0000][67][gc,phases   ] GC(61)   Merge Heap Roots: 0.1ms
[2023-04-06T07:05:07.257+0000][67][gc,phases   ] GC(61)   Evacuate Collection Set: 2.2ms
[2023-04-06T07:05:07.259+0000][67][gc,phases   ] GC(61)   Post Evacuate Collection Set: 1.1ms
[2023-04-06T07:05:07.259+0000][67][gc,phases   ] GC(61)   Other: 2.5ms
[2023-04-06T07:05:07.260+0000][67][gc,age      ] GC(61) Age table with threshold 15 (max threshold 15)
[2023-04-06T07:05:07.261+0000][67][gc,age      ] GC(61) - age   1:     237600 bytes,     237600 total
[2023-04-06T07:05:07.262+0000][67][gc,age      ] GC(61) - age   2:      16104 bytes,     253704 total
[2023-04-06T07:05:07.263+0000][67][gc,age      ] GC(61) - age   3:       2008 bytes,     255712 total
[2023-04-06T07:05:07.263+0000][67][gc,age      ] GC(61) - age   4:         72 bytes,     255784 total
[2023-04-06T07:05:07.264+0000][67][gc,age      ] GC(61) - age   5:      24760 bytes,     280544 total
[2023-04-06T07:05:07.265+0000][67][gc,age      ] GC(61) - age   6:     232744 bytes,     513288 total
[2023-04-06T07:05:07.267+0000][67][gc,heap     ] GC(61) Eden regions: 22->0(23)
[2023-04-06T07:05:07.268+0000][67][gc,heap     ] GC(61) Survivor regions: 1->1(3)
[2023-04-06T07:05:07.269+0000][67][gc,heap     ] GC(61) Old regions: 25->25
[2023-04-06T07:05:07.270+0000][67][gc,heap     ] GC(61) Archive regions: 2->2
[2023-04-06T07:05:07.270+0000][67][gc,heap     ] GC(61) Humongous regions: 2->2
[2023-04-06T07:05:07.271+0000][67][gc,metaspace] GC(61) Metaspace: 138289K(141504K)->138289K(141504K) NonClass: 120436K(121728K)->120436K(121728K) Class: 17852K(19776K)->17852K(19776K)
[2023-04-06T07:05:07.272+0000][67][gc          ] GC(61) Pause Young (Concurrent Start) (G1 Evacuation Pause) 199M->110M(256M) 23.526ms
[2023-04-06T07:05:07.273+0000][67][gc,cpu      ] GC(61) User=0.00s Sys=0.00s Real=0.03s
[2023-04-06T07:05:07.273+0000][67][gc          ] GC(62) Concurrent Mark Cycle
[2023-04-06T07:05:07.274+0000][67][gc,marking  ] GC(62) Concurrent Clear Claimed Marks
[2023-04-06T07:05:07.273+0000][67][safepoint   ] Safepoint "G1CollectForAllocation", Time since last: 2950286261 ns, Reaching safepoint: 217321 ns, At safepoint: 25187433 ns, Total: 25404754 ns
[2023-04-06T07:05:07.275+0000][67][gc,marking  ] GC(62) Concurrent Clear Claimed Marks 1.254ms
[2023-04-06T07:05:07.276+0000][67][gc,marking  ] GC(62) Concurrent Scan Root Regions
[2023-04-06T07:05:07.279+0000][67][gc,marking  ] GC(62) Concurrent Scan Root Regions 2.350ms
[2023-04-06T07:05:07.279+0000][67][gc,marking  ] GC(62) Concurrent Mark
[2023-04-06T07:05:07.280+0000][67][gc,marking  ] GC(62) Concurrent Mark From Roots
[2023-04-06T07:05:07.280+0000][67][gc,task     ] GC(62) Using 1 workers of 1 for marking
[2023-04-06T07:05:07.514+0000][67][gc,marking  ] GC(62) Concurrent Mark From Roots 233.810ms
[2023-04-06T07:05:07.514+0000][67][gc,marking  ] GC(62) Concurrent Preclean
[2023-04-06T07:05:07.515+0000][67][gc,marking  ] GC(62) Concurrent Preclean 0.692ms
[2023-04-06T07:05:07.516+0000][67][gc,start    ] GC(62) Pause Remark
[2023-04-06T07:05:07.533+0000][67][gc          ] GC(62) Pause Remark 113M->113M(256M) 16.410ms
[2023-04-06T07:05:07.533+0000][67][gc,cpu      ] GC(62) User=0.05s Sys=0.00s Real=0.02s
[2023-04-06T07:05:07.539+0000][67][safepoint   ] Safepoint "G1PauseRemark", Time since last: 242363215 ns, Reaching safepoint: 331287 ns, At safepoint: 23017233 ns, Total: 23348520 ns
[2023-04-06T07:05:07.540+0000][67][gc,marking  ] GC(62) Concurrent Mark 261.050ms
[2023-04-06T07:05:07.541+0000][67][gc,marking  ] GC(62) Concurrent Rebuild Remembered Sets
[2023-04-06T07:05:07.607+0000][67][gc,marking  ] GC(62) Concurrent Rebuild Remembered Sets 66.339ms
[2023-04-06T07:05:07.609+0000][67][gc,start    ] GC(62) Pause Cleanup
[2023-04-06T07:05:07.610+0000][67][gc          ] GC(62) Pause Cleanup 116M->116M(256M) 0.797ms
[2023-04-06T07:05:07.610+0000][67][gc,cpu      ] GC(62) User=0.00s Sys=0.00s Real=0.01s
[2023-04-06T07:05:07.611+0000][67][safepoint   ] Safepoint "G1PauseCleanup", Time since last: 69472998 ns, Reaching safepoint: 126180 ns, At safepoint: 1878131 ns, Total: 2004311 ns
[2023-04-06T07:05:07.611+0000][67][gc,marking  ] GC(62) Concurrent Cleanup for Next Mark
[2023-04-06T07:05:07.612+0000][67][gc,marking  ] GC(62) Concurrent Cleanup for Next Mark 0.781ms
[2023-04-06T07:05:07.613+0000][67][gc          ] GC(62) Concurrent Mark Cycle 340.198ms
[2023-04-06T07:05:08.614+0000][67][safepoint   ] Safepoint "Cleanup", Time since last: 1003188760 ns, Reaching safepoint: 275680 ns, At safepoint: 13877 ns, Total: 289557 ns
[2023-04-06T07:05:10.621+0000][67][safepoint   ] Safepoint "Cleanup", Time since last: 2006908301 ns, Reaching safepoint: 296873 ns, At safepoint: 7240 ns, Total: 304113 ns
[2023-04-06T07:05:13.625+0000][67][safepoint   ] Safepoint "Cleanup", Time since last: 3003713930 ns, Reaching safepoint: 206565 ns, At safepoint: 31326 ns, Total: 237891 ns
[2023-04-06T07:05:14.627+0000][67][safepoint   ] Safepoint "Cleanup", Time since last: 1001527657 ns, Reaching safepoint: 290376 ns, At safepoint: 15307 ns, Total: 305683 ns
[2023-04-06T07:05:16.631+0000][67][safepoint   ] Safepoint "Cleanup", Time since last: 2003571624 ns, Reaching safepoint: 329921 ns, At safepoint: 10609 ns, Total: 340530 ns
[2023-04-06T07:05:19.616+0000][67][safepoint   ] Safepoint "Cleanup", Time since last: 3006525102 ns, Reaching safepoint: 159592 ns, At safepoint: 5787 ns, Total: 165379 ns
[2023-04-06T07:05:20.618+0000][67][safepoint   ] Safepoint "Cleanup", Time since last: 1002145854 ns, Reaching safepoint: 97869 ns, At safepoint: 3249 ns, Total: 101118 ns
[2023-04-06T07:05:25.625+0000][67][safepoint   ] Safepoint "Cleanup", Time since last: 5006732016 ns, Reaching safepoint: 106681 ns, At safepoint: 3594 ns, Total: 110275 ns
[2023-04-06T07:05:26.626+0000][67][safepoint   ] Safepoint "Cleanup", Time since last: 1001269600 ns, Reaching safepoint: 141830 ns, At safepoint: 27429 ns, Total: 169259 ns
[2023-04-06T07:05:31.631+0000][67][safepoint   ] Safepoint "Cleanup", Time since last: 5004039555 ns, Reaching safepoint: 165434 ns, At safepoint: 37912 ns, Total: 203346 ns
[2023-04-06T07:05:32.633+0000][67][safepoint   ] Safepoint "Cleanup", Time since last: 1002070095 ns, Reaching safepoint: 395024 ns, At safepoint: 14448 ns, Total: 409472 ns
[2023-04-06T07:05:34.638+0000][67][safepoint   ] Safepoint "Cleanup", Time since last: 2005000132 ns, Reaching safepoint: 193915 ns, At safepoint: 71610 ns, Total: 265525 ns
[2023-04-06T07:05:37.536+0000][67][gc,start    ] GC(63) Pause Young (Prepare Mixed) (G1 Evacuation Pause)
[2023-04-06T07:05:37.537+0000][67][gc,task     ] GC(63) Using 4 workers of 4 for evacuation
[2023-04-06T07:05:37.538+0000][67][gc,age      ] GC(63) Desired survivor size 6291456 bytes, new threshold 15 (max threshold 15)
[2023-04-06T07:05:37.541+0000][67][gc,phases   ] GC(63)   Pre Evacuate Collection Set: 0.2ms
[2023-04-06T07:05:37.542+0000][67][gc,phases   ] GC(63)   Merge Heap Roots: 0.2ms
[2023-04-06T07:05:37.542+0000][67][gc,phases   ] GC(63)   Evacuate Collection Set: 1.4ms
[2023-04-06T07:05:37.543+0000][67][gc,phases   ] GC(63)   Post Evacuate Collection Set: 0.9ms
[2023-04-06T07:05:37.543+0000][67][gc,phases   ] GC(63)   Other: 1.2ms
[2023-04-06T07:05:37.544+0000][67][gc,age      ] GC(63) Age table with threshold 15 (max threshold 15)
[2023-04-06T07:05:37.544+0000][67][gc,age      ] GC(63) - age   1:     599544 bytes,     599544 total
[2023-04-06T07:05:37.546+0000][67][gc,age      ] GC(63) - age   2:     117912 bytes,     717456 total
[2023-04-06T07:05:37.546+0000][67][gc,age      ] GC(63) - age   3:       6136 bytes,     723592 total
[2023-04-06T07:05:37.547+0000][67][gc,age      ] GC(63) - age   4:       1584 bytes,     725176 total
[2023-04-06T07:05:37.547+0000][67][gc,age      ] GC(63) - age   5:         72 bytes,     725248 total
[2023-04-06T07:05:37.548+0000][67][gc,age      ] GC(63) - age   6:      24584 bytes,     749832 total
[2023-04-06T07:05:37.548+0000][67][gc,age      ] GC(63) - age   7:     230928 bytes,     980760 total
[2023-04-06T07:05:37.548+0000][67][gc,heap     ] GC(63) Eden regions: 23->0(2)
[2023-04-06T07:05:37.549+0000][67][gc,heap     ] GC(63) Survivor regions: 1->1(3)
[2023-04-06T07:05:37.550+0000][67][gc,heap     ] GC(63) Old regions: 25->25
[2023-04-06T07:05:37.551+0000][67][gc,heap     ] GC(63) Archive regions: 2->2
[2023-04-06T07:05:37.552+0000][67][gc,heap     ] GC(63) Humongous regions: 2->2
[2023-04-06T07:05:37.552+0000][67][gc,metaspace] GC(63) Metaspace: 138313K(141568K)->138313K(141568K) NonClass: 120478K(121792K)->120478K(121792K) Class: 17834K(19776K)->17834K(19776K)
[2023-04-06T07:05:37.553+0000][67][gc          ] GC(63) Pause Young (Prepare Mixed) (G1 Evacuation Pause) 202M->110M(256M) 16.696ms
[2023-04-06T07:05:37.554+0000][67][gc,cpu      ] GC(63) User=0.01s Sys=0.00s Real=0.02s
[2023-04-06T07:05:37.554+0000][67][safepoint   ] Safepoint "G1CollectForAllocation", Time since last: 2897748870 ns, Reaching safepoint: 196562 ns, At safepoint: 17677019 ns, Total: 17873581 ns
[2023-04-06T07:05:38.555+0000][67][safepoint   ] Safepoint "Cleanup", Time since last: 1000948617 ns, Reaching safepoint: 287017 ns, At safepoint: 26629 ns, Total: 313646 ns
[2023-04-06T07:05:39.559+0000][67][safepoint   ] Safepoint "Cleanup", Time since last: 1002712702 ns, Reaching safepoint: 614109 ns, At safepoint: 12361 ns, Total: 626470 ns
[2023-04-06T07:05:40.250+0000][67][gc,start    ] GC(64) Pause Young (Mixed) (G1 Evacuation Pause)
[2023-04-06T07:05:40.250+0000][67][gc,task     ] GC(64) Using 4 workers of 4 for evacuation
[2023-04-06T07:05:40.251+0000][67][gc,age      ] GC(64) Desired survivor size 2097152 bytes, new threshold 15 (max threshold 15)
[2023-04-06T07:05:40.265+0000][67][gc,phases   ] GC(64)   Pre Evacuate Collection Set: 0.1ms
[2023-04-06T07:05:40.266+0000][67][gc,phases   ] GC(64)   Merge Heap Roots: 0.3ms
[2023-04-06T07:05:40.267+0000][67][gc,phases   ] GC(64)   Evacuate Collection Set: 11.9ms
[2023-04-06T07:05:40.267+0000][67][gc,phases   ] GC(64)   Post Evacuate Collection Set: 1.0ms
[2023-04-06T07:05:40.268+0000][67][gc,phases   ] GC(64)   Other: 1.4ms
[2023-04-06T07:05:40.268+0000][67][gc,age      ] GC(64) Age table with threshold 15 (max threshold 15)
[2023-04-06T07:05:40.269+0000][67][gc,age      ] GC(64) - age   1:     307392 bytes,     307392 total
[2023-04-06T07:05:40.269+0000][67][gc,age      ] GC(64) - age   2:     514776 bytes,     822168 total
[2023-04-06T07:05:40.269+0000][67][gc,age      ] GC(64) - age   3:     117912 bytes,     940080 total
[2023-04-06T07:05:40.270+0000][67][gc,age      ] GC(64) - age   4:       6136 bytes,     946216 total
[2023-04-06T07:05:40.270+0000][67][gc,age      ] GC(64) - age   5:       1584 bytes,     947800 total
[2023-04-06T07:05:40.271+0000][67][gc,age      ] GC(64) - age   6:         72 bytes,     947872 total
[2023-04-06T07:05:40.271+0000][67][gc,age      ] GC(64) - age   7:      24584 bytes,     972456 total
[2023-04-06T07:05:40.271+0000][67][gc,age      ] GC(64) - age   8:     230928 bytes,    1203384 total
[2023-04-06T07:05:40.272+0000][67][gc,heap     ] GC(64) Eden regions: 2->0(23)
[2023-04-06T07:05:40.272+0000][67][gc,heap     ] GC(64) Survivor regions: 1->1(1)
[2023-04-06T07:05:40.273+0000][67][gc,heap     ] GC(64) Old regions: 25->25
[2023-04-06T07:05:40.273+0000][67][gc,heap     ] GC(64) Archive regions: 2->2
[2023-04-06T07:05:40.273+0000][67][gc,heap     ] GC(64) Humongous regions: 2->2
[2023-04-06T07:05:40.274+0000][67][gc,metaspace] GC(64) Metaspace: 138316K(141568K)->138316K(141568K) NonClass: 120481K(121792K)->120481K(121792K) Class: 17834K(19776K)->17834K(19776K)
[2023-04-06T07:05:40.275+0000][67][gc          ] GC(64) Pause Young (Mixed) (G1 Evacuation Pause) 118M->109M(256M) 25.052ms
[2023-04-06T07:05:40.278+0000][67][gc,cpu      ] GC(64) User=0.01s Sys=0.00s Real=0.03s
[2023-04-06T07:05:40.279+0000][67][safepoint   ] Safepoint "G1CollectForAllocation", Time since last: 690602009 ns, Reaching safepoint: 176657 ns, At safepoint: 29509269 ns, Total: 29685926 ns
[2023-04-06T07:05:48.287+0000][67][safepoint   ] Safepoint "Cleanup", Time since last: 8007643597 ns, Reaching safepoint: 115713 ns, At safepoint: 3314 ns, Total: 119027 ns
[2023-04-06T07:05:50.267+0000][67][safepoint   ] Safepoint "Cleanup", Time since last: 2002518097 ns, Reaching safepoint: 168485 ns, At safepoint: 5802 ns, Total: 174287 ns
[2023-04-06T07:05:53.271+0000][67][safepoint   ] Safepoint "Cleanup", Time since last: 3003235910 ns, Reaching safepoint: 426263 ns, At safepoint: 7208 ns, Total: 433471 ns
[2023-04-06T07:05:55.274+0000][67][safepoint   ] Safepoint "Cleanup", Time since last: 2003289887 ns, Reaching safepoint: 456703 ns, At safepoint: 38937 ns, Total: 495640 ns
[2023-04-06T07:05:56.277+0000][67][safepoint   ] Safepoint "Cleanup", Time since last: 1002542751 ns, Reaching safepoint: 196772 ns, At safepoint: 7488 ns, Total: 204260 ns
[2023-04-06T07:05:57.279+0000][67][safepoint   ] Safepoint "Cleanup", Time since last: 1001736292 ns, Reaching safepoint: 304110 ns, At safepoint: 26259 ns, Total: 330369 ns
[2023-04-06T07:06:01.283+0000][67][safepoint   ] Safepoint "Cleanup", Time since last: 4003796938 ns, Reaching safepoint: 176790 ns, At safepoint: 132183 ns, Total: 308973 ns
[2023-04-06T07:06:02.285+0000][67][safepoint   ] Safepoint "Cleanup", Time since last: 1001877508 ns, Reaching safepoint: 115701 ns, At safepoint: 3961 ns, Total: 119662 ns
[2023-04-06T07:06:04.289+0000][67][safepoint   ] Safepoint "Cleanup", Time since last: 2003697936 ns, Reaching safepoint: 243595 ns, At safepoint: 9750 ns, Total: 253345 ns
[2023-04-06T07:06:05.295+0000][67][safepoint   ] Safepoint "Cleanup", Time since last: 1005916209 ns, Reaching safepoint: 88094 ns, At safepoint: 3731 ns, Total: 91825 ns
[2023-04-06T07:06:07.297+0000][67][safepoint   ] Safepoint "Cleanup", Time since last: 2001772029 ns, Reaching safepoint: 188219 ns, At safepoint: 23509 ns, Total: 211728 ns
[2023-04-06T07:06:08.299+0000][67][safepoint   ] Safepoint "Cleanup", Time since last: 1001952099 ns, Reaching safepoint: 102151 ns, At safepoint: 4216 ns, Total: 106367 ns
[2023-04-06T07:06:09.301+0000][67][safepoint   ] Safepoint "Cleanup", Time since last: 1001719676 ns, Reaching safepoint: 83343 ns, At safepoint: 3480 ns, Total: 86823 ns
[2023-04-06T07:06:10.304+0000][67][safepoint   ] Safepoint "Cleanup", Time since last: 1003133480 ns, Reaching safepoint: 102579 ns, At safepoint: 5199 ns, Total: 107778 ns
[2023-04-06T07:06:13.311+0000][67][safepoint   ] Safepoint "Cleanup", Time since last: 3006348276 ns, Reaching safepoint: 469379 ns, At safepoint: 35030 ns, Total: 504409 ns
[2023-04-06T07:06:13.567+0000][67][gc,start    ] GC(65) Pause Young (Normal) (G1 Evacuation Pause)
[2023-04-06T07:06:13.568+0000][67][gc,task     ] GC(65) Using 4 workers of 4 for evacuation
[2023-04-06T07:06:13.569+0000][67][gc,age      ] GC(65) Desired survivor size 6291456 bytes, new threshold 15 (max threshold 15)
[2023-04-06T07:06:13.572+0000][67][gc,phases   ] GC(65)   Pre Evacuate Collection Set: 0.1ms
[2023-04-06T07:06:13.573+0000][67][gc,phases   ] GC(65)   Merge Heap Roots: 0.1ms
[2023-04-06T07:06:13.574+0000][67][gc,phases   ] GC(65)   Evacuate Collection Set: 1.8ms
[2023-04-06T07:06:13.575+0000][67][gc,phases   ] GC(65)   Post Evacuate Collection Set: 1.0ms
[2023-04-06T07:06:13.575+0000][67][gc,phases   ] GC(65)   Other: 1.2ms
[2023-04-06T07:06:13.576+0000][67][gc,age      ] GC(65) Age table with threshold 15 (max threshold 15)
[2023-04-06T07:06:13.577+0000][67][gc,age      ] GC(65) - age   1:     994624 bytes,     994624 total
[2023-04-06T07:06:13.578+0000][67][gc,age      ] GC(65) - age   2:         64 bytes,     994688 total
[2023-04-06T07:06:13.578+0000][67][gc,age      ] GC(65) - age   3:     136720 bytes,    1131408 total
[2023-04-06T07:06:13.579+0000][67][gc,age      ] GC(65) - age   4:       3408 bytes,    1134816 total
[2023-04-06T07:06:13.580+0000][67][gc,age      ] GC(65) - age   5:       5840 bytes,    1140656 total
[2023-04-06T07:06:13.580+0000][67][gc,age      ] GC(65) - age   6:       1456 bytes,    1142112 total
[2023-04-06T07:06:13.581+0000][67][gc,age      ] GC(65) - age   7:         72 bytes,    1142184 total
[2023-04-06T07:06:13.581+0000][67][gc,age      ] GC(65) - age   8:      24520 bytes,    1166704 total
[2023-04-06T07:06:13.581+0000][67][gc,age      ] GC(65) - age   9:     230928 bytes,    1397632 total
[2023-04-06T07:06:13.582+0000][67][gc,heap     ] GC(65) Eden regions: 23->0(23)
[2023-04-06T07:06:13.582+0000][67][gc,heap     ] GC(65) Survivor regions: 1->1(3)
[2023-04-06T07:06:13.583+0000][67][gc,heap     ] GC(65) Old regions: 25->25
[2023-04-06T07:06:13.584+0000][67][gc,heap     ] GC(65) Archive regions: 2->2
[2023-04-06T07:06:13.584+0000][67][gc,heap     ] GC(65) Humongous regions: 2->2
[2023-04-06T07:06:13.585+0000][67][gc,metaspace] GC(65) Metaspace: 138401K(141632K)->138401K(141632K) NonClass: 120566K(121856K)->120566K(121856K) Class: 17834K(19776K)->17834K(19776K)
[2023-04-06T07:06:13.585+0000][67][gc          ] GC(65) Pause Young (Normal) (G1 Evacuation Pause) 201M->110M(256M) 18.159ms
[2023-04-06T07:06:13.586+0000][67][gc,cpu      ] GC(65) User=0.00s Sys=0.00s Real=0.02s
[2023-04-06T07:06:13.587+0000][67][safepoint   ] Safepoint "G1CollectForAllocation", Time since last: 255832559 ns, Reaching safepoint: 127718 ns, At safepoint: 19414521 ns, Total: 19542239 ns
[2023-04-06T07:06:14.587+0000][67][safepoint   ] Safepoint "Cleanup", Time since last: 1000649283 ns, Reaching safepoint: 185729 ns, At safepoint: 10383 ns, Total: 196112 ns
[2023-04-06T07:06:15.590+0000][67][safepoint   ] Safepoint "Cleanup", Time since last: 1002510241 ns, Reaching safepoint: 405865 ns, At safepoint: 11277 ns, Total: 417142 ns
[2023-04-06T07:06:16.594+0000][67][safepoint   ] Safepoint "Cleanup", Time since last: 1003256110 ns, Reaching safepoint: 570496 ns, At safepoint: 17051 ns, Total: 587547 ns
[2023-04-06T07:06:19.579+0000][67][safepoint   ] Safepoint "Cleanup", Time since last: 3006099093 ns, Reaching safepoint: 338358 ns, At safepoint: 6023 ns, Total: 344381 ns
[2023-04-06T07:06:20.581+0000][67][safepoint   ] Safepoint "Cleanup", Time since last: 1001744528 ns, Reaching safepoint: 571142 ns, At safepoint: 15727 ns, Total: 586869 ns
[2023-04-06T07:06:21.586+0000][67][safepoint   ] Safepoint "Cleanup", Time since last: 1004385133 ns, Reaching safepoint: 146363 ns, At safepoint: 4067 ns, Total: 150430 ns
[2023-04-06T07:06:25.590+0000][67][safepoint   ] Safepoint "Cleanup", Time since last: 4004317381 ns, Reaching safepoint: 132681 ns, At safepoint: 26233 ns, Total: 158914 ns
[2023-04-06T07:06:26.592+0000][67][safepoint   ] Safepoint "Cleanup", Time since last: 1001443157 ns, Reaching safepoint: 235750 ns, At safepoint: 4878 ns, Total: 240628 ns
[2023-04-06T07:06:31.601+0000][67][safepoint   ] Safepoint "Cleanup", Time since last: 5008425473 ns, Reaching safepoint: 284575 ns, At safepoint: 10872 ns, Total: 295447 ns
[2023-04-06T07:06:33.607+0000][67][safepoint   ] Safepoint "Cleanup", Time since last: 2006150740 ns, Reaching safepoint: 245475 ns, At safepoint: 10535 ns, Total: 256010 ns
[2023-04-06T07:06:34.610+0000][67][safepoint   ] Safepoint "Cleanup", Time since last: 1003174527 ns, Reaching safepoint: 222530 ns, At safepoint: 19529 ns, Total: 242059 ns
[2023-04-06T07:06:37.614+0000][67][safepoint   ] Safepoint "Cleanup", Time since last: 3003941277 ns, Reaching safepoint: 77127 ns, At safepoint: 3980 ns, Total: 81107 ns
[2023-04-06T07:06:38.616+0000][67][safepoint   ] Safepoint "Cleanup", Time since last: 1001723352 ns, Reaching safepoint: 128575 ns, At safepoint: 4011 ns, Total: 132586 ns
[2023-04-06T07:06:41.621+0000][67][safepoint   ] Safepoint "Cleanup", Time since last: 3004298331 ns, Reaching safepoint: 245751 ns, At safepoint: 10702 ns, Total: 256453 ns
[2023-04-06T07:06:43.474+0000][67][gc,start    ] GC(66) Pause Young (Normal) (G1 Evacuation Pause)
[2023-04-06T07:06:43.475+0000][67][gc,task     ] GC(66) Using 4 workers of 4 for evacuation
[2023-04-06T07:06:43.475+0000][67][gc,age      ] GC(66) Desired survivor size 6291456 bytes, new threshold 15 (max threshold 15)
[2023-04-06T07:06:43.480+0000][67][gc,phases   ] GC(66)   Pre Evacuate Collection Set: 0.1ms
[2023-04-06T07:06:43.481+0000][67][gc,phases   ] GC(66)   Merge Heap Roots: 0.0ms
[2023-04-06T07:06:43.482+0000][67][gc,phases   ] GC(66)   Evacuate Collection Set: 3.2ms
[2023-04-06T07:06:43.482+0000][67][gc,phases   ] GC(66)   Post Evacuate Collection Set: 0.8ms
[2023-04-06T07:06:43.483+0000][67][gc,phases   ] GC(66)   Other: 1.4ms
[2023-04-06T07:06:43.484+0000][67][gc,age      ] GC(66) Age table with threshold 15 (max threshold 15)
[2023-04-06T07:06:43.485+0000][67][gc,age      ] GC(66) - age   1:    1676832 bytes,    1676832 total
[2023-04-06T07:06:43.485+0000][67][gc,age      ] GC(66) - age   2:     168208 bytes,    1845040 total
[2023-04-06T07:06:43.486+0000][67][gc,age      ] GC(66) - age   3:         64 bytes,    1845104 total
[2023-04-06T07:06:43.486+0000][67][gc,age      ] GC(66) - age   4:       6664 bytes,    1851768 total
[2023-04-06T07:06:43.487+0000][67][gc,age      ] GC(66) - age   5:       3112 bytes,    1854880 total
[2023-04-06T07:06:43.487+0000][67][gc,age      ] GC(66) - age   6:       5840 bytes,    1860720 total
[2023-04-06T07:06:43.488+0000][67][gc,age      ] GC(66) - age   7:       1456 bytes,    1862176 total
[2023-04-06T07:06:43.488+0000][67][gc,age      ] GC(66) - age   8:         72 bytes,    1862248 total
[2023-04-06T07:06:43.489+0000][67][gc,age      ] GC(66) - age   9:      24520 bytes,    1886768 total
[2023-04-06T07:06:43.490+0000][67][gc,age      ] GC(66) - age  10:     230928 bytes,    2117696 total
[2023-04-06T07:06:43.490+0000][67][gc,heap     ] GC(66) Eden regions: 23->0(23)
[2023-04-06T07:06:43.491+0000][67][gc,heap     ] GC(66) Survivor regions: 1->1(3)
[2023-04-06T07:06:43.491+0000][67][gc,heap     ] GC(66) Old regions: 25->25
[2023-04-06T07:06:43.492+0000][67][gc,heap     ] GC(66) Archive regions: 2->2
[2023-04-06T07:06:43.492+0000][67][gc,heap     ] GC(66) Humongous regions: 2->2
[2023-04-06T07:06:43.493+0000][67][gc,metaspace] GC(66) Metaspace: 138573K(141760K)->138573K(141760K) NonClass: 120738K(121984K)->120738K(121984K) Class: 17834K(19776K)->17834K(19776K)
[2023-04-06T07:06:43.493+0000][67][gc          ] GC(66) Pause Young (Normal) (G1 Evacuation Pause) 202M->110M(256M) 19.058ms
[2023-04-06T07:06:43.494+0000][67][gc,cpu      ] GC(66) User=0.00s Sys=0.00s Real=0.02s
[2023-04-06T07:06:43.494+0000][67][safepoint   ] Safepoint "G1CollectForAllocation", Time since last: 1853084702 ns, Reaching safepoint: 165335 ns, At safepoint: 20258856 ns, Total: 20424191 ns
[2023-04-06T07:06:44.495+0000][67][safepoint   ] Safepoint "Cleanup", Time since last: 1000719377 ns, Reaching safepoint: 130731 ns, At safepoint: 3407 ns, Total: 134138 ns
[2023-04-06T07:06:45.497+0000][67][safepoint   ] Safepoint "Cleanup", Time since last: 1001064801 ns, Reaching safepoint: 230650 ns, At safepoint: 10613 ns, Total: 241263 ns
[2023-04-06T07:06:46.500+0000][67][safepoint   ] Safepoint "Cleanup", Time since last: 1002738819 ns, Reaching safepoint: 475886 ns, At safepoint: 39737 ns, Total: 515623 ns
[2023-04-06T07:06:49.480+0000][67][safepoint   ] Safepoint "Cleanup", Time since last: 3003669160 ns, Reaching safepoint: 70262 ns, At safepoint: 3331 ns, Total: 73593 ns
[2023-04-06T07:06:50.482+0000][67][safepoint   ] Safepoint "Cleanup", Time since last: 1001458929 ns, Reaching safepoint: 687024 ns, At safepoint: 36679 ns, Total: 723703 ns
[2023-04-06T07:06:56.487+0000][67][safepoint   ] Safepoint "Cleanup", Time since last: 6004929616 ns, Reaching safepoint: 113482 ns, At safepoint: 4727 ns, Total: 118209 ns
[2023-04-06T07:06:58.491+0000][67][safepoint   ] Safepoint "Cleanup", Time since last: 2003248111 ns, Reaching safepoint: 814236 ns, At safepoint: 25835 ns, Total: 840071 ns
[2023-04-06T07:07:00.500+0000][67][safepoint   ] Safepoint "Cleanup", Time since last: 2008609034 ns, Reaching safepoint: 239711 ns, At safepoint: 10241 ns, Total: 249952 ns
[2023-04-06T07:07:01.504+0000][67][safepoint   ] Safepoint "Cleanup", Time since last: 1003568496 ns, Reaching safepoint: 85330 ns, At safepoint: 4326 ns, Total: 89656 ns
[2023-04-06T07:07:04.506+0000][67][safepoint   ] Safepoint "Cleanup", Time since last: 3002038919 ns, Reaching safepoint: 91750 ns, At safepoint: 3794 ns, Total: 95544 ns
[2023-04-06T07:07:05.507+0000][67][safepoint   ] Safepoint "Cleanup", Time since last: 1001154126 ns, Reaching safepoint: 137950 ns, At safepoint: 6094 ns, Total: 144044 ns
[2023-04-06T07:07:06.509+0000][67][safepoint   ] Safepoint "Cleanup", Time since last: 1002030053 ns, Reaching safepoint: 176347 ns, At safepoint: 4263 ns, Total: 180610 ns
[2023-04-06T07:07:07.510+0000][67][safepoint   ] Safepoint "Cleanup", Time since last: 1001255975 ns, Reaching safepoint: 58411 ns, At safepoint: 3257 ns, Total: 61668 ns
[2023-04-06T07:07:08.512+0000][67][safepoint   ] Safepoint "Cleanup", Time since last: 1001749718 ns, Reaching safepoint: 213438 ns, At safepoint: 6435 ns, Total: 219873 ns
[2023-04-06T07:07:10.515+0000][67][safepoint   ] Safepoint "Cleanup", Time since last: 2002880764 ns, Reaching safepoint: 66538 ns, At safepoint: 3022 ns, Total: 69560 ns
[2023-04-06T07:07:11.721+0000][67][gc,start    ] GC(67) Pause Young (Concurrent Start) (G1 Evacuation Pause)
[2023-04-06T07:07:11.724+0000][67][gc,task     ] GC(67) Using 4 workers of 4 for evacuation
[2023-04-06T07:07:11.726+0000][67][gc,age      ] GC(67) Desired survivor size 6291456 bytes, new threshold 15 (max threshold 15)
[2023-04-06T07:07:11.734+0000][67][gc,phases   ] GC(67)   Pre Evacuate Collection Set: 0.9ms
[2023-04-06T07:07:11.736+0000][67][gc,phases   ] GC(67)   Merge Heap Roots: 0.4ms
[2023-04-06T07:07:11.737+0000][67][gc,phases   ] GC(67)   Evacuate Collection Set: 3.1ms
[2023-04-06T07:07:11.739+0000][67][gc,phases   ] GC(67)   Post Evacuate Collection Set: 1.3ms
[2023-04-06T07:07:11.740+0000][67][gc,phases   ] GC(67)   Other: 4.4ms
[2023-04-06T07:07:11.742+0000][67][gc,age      ] GC(67) Age table with threshold 15 (max threshold 15)
[2023-04-06T07:07:11.743+0000][67][gc,age      ] GC(67) - age   1:     524400 bytes,     524400 total
[2023-04-06T07:07:11.744+0000][67][gc,age      ] GC(67) - age   2:     119344 bytes,     643744 total
[2023-04-06T07:07:11.745+0000][67][gc,age      ] GC(67) - age   3:      15120 bytes,     658864 total
[2023-04-06T07:07:11.745+0000][67][gc,age      ] GC(67) - age   5:       6048 bytes,     664912 total
[2023-04-06T07:07:11.746+0000][67][gc,age      ] GC(67) - age   6:       3048 bytes,     667960 total
[2023-04-06T07:07:11.747+0000][67][gc,age      ] GC(67) - age   7:       5840 bytes,     673800 total
[2023-04-06T07:07:11.748+0000][67][gc,age      ] GC(67) - age   8:       1456 bytes,     675256 total
[2023-04-06T07:07:11.748+0000][67][gc,age      ] GC(67) - age   9:         72 bytes,     675328 total
[2023-04-06T07:07:11.749+0000][67][gc,age      ] GC(67) - age  10:      24520 bytes,     699848 total
[2023-04-06T07:07:11.749+0000][67][gc,age      ] GC(67) - age  11:     230928 bytes,     930776 total
[2023-04-06T07:07:11.750+0000][67][gc,heap     ] GC(67) Eden regions: 23->0(23)
[2023-04-06T07:07:11.750+0000][67][gc,heap     ] GC(67) Survivor regions: 1->1(3)
[2023-04-06T07:07:11.751+0000][67][gc,heap     ] GC(67) Old regions: 25->25
[2023-04-06T07:07:11.752+0000][67][gc,heap     ] GC(67) Archive regions: 2->2
[2023-04-06T07:07:11.753+0000][67][gc,heap     ] GC(67) Humongous regions: 2->2
[2023-04-06T07:07:11.753+0000][67][gc,metaspace] GC(67) Metaspace: 138682K(141888K)->138682K(141888K) NonClass: 120847K(122112K)->120847K(122112K) Class: 17834K(19776K)->17834K(19776K)
[2023-04-06T07:07:11.754+0000][67][gc          ] GC(67) Pause Young (Concurrent Start) (G1 Evacuation Pause) 202M->109M(256M) 32.972ms
[2023-04-06T07:07:11.756+0000][67][gc,cpu      ] GC(67) User=0.02s Sys=0.00s Real=0.03s
[2023-04-06T07:07:11.756+0000][67][gc          ] GC(68) Concurrent Mark Cycle
[2023-04-06T07:07:11.757+0000][67][gc,marking  ] GC(68) Concurrent Clear Claimed Marks
[2023-04-06T07:07:11.756+0000][67][safepoint   ] Safepoint "G1CollectForAllocation", Time since last: 1205633168 ns, Reaching safepoint: 111558 ns, At safepoint: 35024052 ns, Total: 35135610 ns
[2023-04-06T07:07:11.758+0000][67][gc,marking  ] GC(68) Concurrent Clear Claimed Marks 1.140ms
[2023-04-06T07:07:11.759+0000][67][gc,marking  ] GC(68) Concurrent Scan Root Regions
[2023-04-06T07:07:11.762+0000][67][gc,marking  ] GC(68) Concurrent Scan Root Regions 2.927ms
[2023-04-06T07:07:11.764+0000][67][gc,marking  ] GC(68) Concurrent Mark
[2023-04-06T07:07:11.765+0000][67][gc,marking  ] GC(68) Concurrent Mark From Roots
[2023-04-06T07:07:11.765+0000][67][gc,task     ] GC(68) Using 1 workers of 1 for marking
[2023-04-06T07:07:11.887+0000][67][gc,marking  ] GC(68) Concurrent Mark From Roots 121.844ms
[2023-04-06T07:07:11.888+0000][67][gc,marking  ] GC(68) Concurrent Preclean
[2023-04-06T07:07:11.889+0000][67][gc,marking  ] GC(68) Concurrent Preclean 0.985ms
[2023-04-06T07:07:11.890+0000][67][gc,start    ] GC(68) Pause Remark
[2023-04-06T07:07:11.902+0000][67][gc          ] GC(68) Pause Remark 109M->109M(256M) 11.557ms
[2023-04-06T07:07:11.904+0000][67][gc,cpu      ] GC(68) User=0.03s Sys=0.00s Real=0.01s
[2023-04-06T07:07:11.905+0000][67][safepoint   ] Safepoint "G1PauseRemark", Time since last: 133837079 ns, Reaching safepoint: 203190 ns, At safepoint: 14753040 ns, Total: 14956230 ns
[2023-04-06T07:07:11.906+0000][67][gc,marking  ] GC(68) Concurrent Mark 141.922ms
[2023-04-06T07:07:11.907+0000][67][gc,marking  ] GC(68) Concurrent Rebuild Remembered Sets
[2023-04-06T07:07:11.968+0000][67][gc,marking  ] GC(68) Concurrent Rebuild Remembered Sets 60.900ms
[2023-04-06T07:07:11.970+0000][67][gc,start    ] GC(68) Pause Cleanup
[2023-04-06T07:07:11.970+0000][67][gc          ] GC(68) Pause Cleanup 110M->110M(256M) 0.849ms
[2023-04-06T07:07:11.971+0000][67][gc,cpu      ] GC(68) User=0.00s Sys=0.00s Real=0.00s
[2023-04-06T07:07:11.972+0000][67][safepoint   ] Safepoint "G1PauseCleanup", Time since last: 64440910 ns, Reaching safepoint: 77620 ns, At safepoint: 2021256 ns, Total: 2098876 ns
[2023-04-06T07:07:11.972+0000][67][gc,marking  ] GC(68) Concurrent Cleanup for Next Mark
[2023-04-06T07:07:11.973+0000][67][gc,marking  ] GC(68) Concurrent Cleanup for Next Mark 0.675ms
[2023-04-06T07:07:11.973+0000][67][gc          ] GC(68) Concurrent Mark Cycle 217.695ms
[2023-04-06T07:07:16.976+0000][67][safepoint   ] Safepoint "Cleanup", Time since last: 5004222102 ns, Reaching safepoint: 109468 ns, At safepoint: 3844 ns, Total: 113312 ns
[2023-04-06T07:07:18.978+0000][67][safepoint   ] Safepoint "Cleanup", Time since last: 2001614396 ns, Reaching safepoint: 219006 ns, At safepoint: 19272 ns, Total: 238278 ns
[2023-04-06T07:07:19.931+0000][67][safepoint   ] Safepoint "Cleanup", Time since last: 1001979751 ns, Reaching safepoint: 370959 ns, At safepoint: 10181 ns, Total: 381140 ns
[2023-04-06T07:07:25.936+0000][67][safepoint   ] Safepoint "Cleanup", Time since last: 6005175782 ns, Reaching safepoint: 229591 ns, At safepoint: 15647 ns, Total: 245238 ns
[2023-04-06T07:07:31.942+0000][67][safepoint   ] Safepoint "Cleanup", Time since last: 6005789498 ns, Reaching safepoint: 323661 ns, At safepoint: 7778 ns, Total: 331439 ns
[2023-04-06T07:07:34.948+0000][67][safepoint   ] Safepoint "Cleanup", Time since last: 3005263475 ns, Reaching safepoint: 292155 ns, At safepoint: 5510 ns, Total: 297665 ns
[2023-04-06T07:07:36.952+0000][67][safepoint   ] Safepoint "Cleanup", Time since last: 2003596553 ns, Reaching safepoint: 149058 ns, At safepoint: 3532 ns, Total: 152590 ns
[2023-04-06T07:07:37.954+0000][67][safepoint   ] Safepoint "Cleanup", Time since last: 1001981855 ns, Reaching safepoint: 355367 ns, At safepoint: 10517 ns, Total: 365884 ns
[2023-04-06T07:07:40.961+0000][67][safepoint   ] Safepoint "Cleanup", Time since last: 3006495462 ns, Reaching safepoint: 108921 ns, At safepoint: 3301 ns, Total: 112222 ns
[2023-04-06T07:07:43.472+0000][67][gc,start    ] GC(69) Pause Young (Prepare Mixed) (G1 Evacuation Pause)
[2023-04-06T07:07:43.473+0000][67][gc,task     ] GC(69) Using 4 workers of 4 for evacuation
[2023-04-06T07:07:43.473+0000][67][gc,age      ] GC(69) Desired survivor size 6291456 bytes, new threshold 15 (max threshold 15)
[2023-04-06T07:07:43.477+0000][67][gc,phases   ] GC(69)   Pre Evacuate Collection Set: 0.2ms
[2023-04-06T07:07:43.478+0000][67][gc,phases   ] GC(69)   Merge Heap Roots: 0.1ms
[2023-04-06T07:07:43.479+0000][67][gc,phases   ] GC(69)   Evacuate Collection Set: 2.2ms
[2023-04-06T07:07:43.479+0000][67][gc,phases   ] GC(69)   Post Evacuate Collection Set: 0.8ms
[2023-04-06T07:07:43.480+0000][67][gc,phases   ] GC(69)   Other: 1.2ms
[2023-04-06T07:07:43.480+0000][67][gc,age      ] GC(69) Age table with threshold 15 (max threshold 15)
[2023-04-06T07:07:43.481+0000][67][gc,age      ] GC(69) - age   1:     865160 bytes,     865160 total
[2023-04-06T07:07:43.481+0000][67][gc,age      ] GC(69) - age   2:      34912 bytes,     900072 total
[2023-04-06T07:07:43.482+0000][67][gc,age      ] GC(69) - age   3:     118368 bytes,    1018440 total
[2023-04-06T07:07:43.482+0000][67][gc,age      ] GC(69) - age   4:      14560 bytes,    1033000 total
[2023-04-06T07:07:43.482+0000][67][gc,age      ] GC(69) - age   6:       2176 bytes,    1035176 total
[2023-04-06T07:07:43.483+0000][67][gc,age      ] GC(69) - age   7:       2928 bytes,    1038104 total
[2023-04-06T07:07:43.483+0000][67][gc,age      ] GC(69) - age   8:       5840 bytes,    1043944 total
[2023-04-06T07:07:43.484+0000][67][gc,age      ] GC(69) - age   9:       1456 bytes,    1045400 total
[2023-04-06T07:07:43.484+0000][67][gc,age      ] GC(69) - age  10:         72 bytes,    1045472 total
[2023-04-06T07:07:43.485+0000][67][gc,age      ] GC(69) - age  11:      24224 bytes,    1069696 total
[2023-04-06T07:07:43.485+0000][67][gc,age      ] GC(69) - age  12:     222912 bytes,    1292608 total
[2023-04-06T07:07:43.486+0000][67][gc,heap     ] GC(69) Eden regions: 23->0(2)
[2023-04-06T07:07:43.486+0000][67][gc,heap     ] GC(69) Survivor regions: 1->1(3)
[2023-04-06T07:07:43.486+0000][67][gc,heap     ] GC(69) Old regions: 25->25
[2023-04-06T07:07:43.487+0000][67][gc,heap     ] GC(69) Archive regions: 2->2
[2023-04-06T07:07:43.487+0000][67][gc,heap     ] GC(69) Humongous regions: 2->2
[2023-04-06T07:07:43.487+0000][67][gc,metaspace] GC(69) Metaspace: 138982K(142144K)->138982K(142144K) NonClass: 121077K(122368K)->121077K(122368K) Class: 17904K(19776K)->17904K(19776K)
[2023-04-06T07:07:43.488+0000][67][gc          ] GC(69) Pause Young (Prepare Mixed) (G1 Evacuation Pause) 201M->109M(256M) 16.023ms
[2023-04-06T07:07:43.488+0000][67][gc,cpu      ] GC(69) User=0.01s Sys=0.00s Real=0.01s
[2023-04-06T07:07:43.489+0000][67][safepoint   ] Safepoint "G1CollectForAllocation", Time since last: 2511115924 ns, Reaching safepoint: 151923 ns, At safepoint: 17083929 ns, Total: 17235852 ns
[2023-04-06T07:07:44.174+0000][67][gc,start    ] GC(70) Pause Young (Mixed) (G1 Evacuation Pause)
[2023-04-06T07:07:44.176+0000][67][gc,task     ] GC(70) Using 4 workers of 4 for evacuation
[2023-04-06T07:07:44.176+0000][67][gc,age      ] GC(70) Desired survivor size 2097152 bytes, new threshold 15 (max threshold 15)
[2023-04-06T07:07:44.185+0000][67][gc,phases   ] GC(70)   Pre Evacuate Collection Set: 0.1ms
[2023-04-06T07:07:44.185+0000][67][gc,phases   ] GC(70)   Merge Heap Roots: 0.2ms
[2023-04-06T07:07:44.186+0000][67][gc,phases   ] GC(70)   Evacuate Collection Set: 7.0ms
[2023-04-06T07:07:44.186+0000][67][gc,phases   ] GC(70)   Post Evacuate Collection Set: 0.8ms
[2023-04-06T07:07:44.187+0000][67][gc,phases   ] GC(70)   Other: 0.9ms
[2023-04-06T07:07:44.187+0000][67][gc,age      ] GC(70) Age table with threshold 15 (max threshold 15)
[2023-04-06T07:07:44.187+0000][67][gc,age      ] GC(70) - age   1:     265272 bytes,     265272 total
[2023-04-06T07:07:44.188+0000][67][gc,age      ] GC(70) - age   2:     760032 bytes,    1025304 total
[2023-04-06T07:07:44.189+0000][67][gc,age      ] GC(70) - age   3:      34720 bytes,    1060024 total
[2023-04-06T07:07:44.189+0000][67][gc,age      ] GC(70) - age   4:     118368 bytes,    1178392 total
[2023-04-06T07:07:44.189+0000][67][gc,age      ] GC(70) - age   5:      14560 bytes,    1192952 total
[2023-04-06T07:07:44.190+0000][67][gc,age      ] GC(70) - age   7:       2176 bytes,    1195128 total
[2023-04-06T07:07:44.191+0000][67][gc,age      ] GC(70) - age   8:       2928 bytes,    1198056 total
[2023-04-06T07:07:44.192+0000][67][gc,age      ] GC(70) - age   9:       5840 bytes,    1203896 total
[2023-04-06T07:07:44.192+0000][67][gc,age      ] GC(70) - age  10:       1456 bytes,    1205352 total
[2023-04-06T07:07:44.193+0000][67][gc,age      ] GC(70) - age  11:         72 bytes,    1205424 total
[2023-04-06T07:07:44.193+0000][67][gc,age      ] GC(70) - age  12:      24224 bytes,    1229648 total
[2023-04-06T07:07:44.194+0000][67][gc,age      ] GC(70) - age  13:     222912 bytes,    1452560 total
[2023-04-06T07:07:44.194+0000][67][gc,heap     ] GC(70) Eden regions: 2->0(24)
[2023-04-06T07:07:44.195+0000][67][gc,heap     ] GC(70) Survivor regions: 1->1(1)
[2023-04-06T07:07:44.195+0000][67][gc,heap     ] GC(70) Old regions: 25->24
[2023-04-06T07:07:44.196+0000][67][gc,heap     ] GC(70) Archive regions: 2->2
[2023-04-06T07:07:44.196+0000][67][gc,heap     ] GC(70) Humongous regions: 2->2
[2023-04-06T07:07:44.197+0000][67][gc,metaspace] GC(70) Metaspace: 138990K(142144K)->138990K(142144K) NonClass: 121085K(122368K)->121085K(122368K) Class: 17904K(19776K)->17904K(19776K)
[2023-04-06T07:07:44.197+0000][67][gc          ] GC(70) Pause Young (Mixed) (G1 Evacuation Pause) 117M->109M(256M) 23.058ms
[2023-04-06T07:07:44.198+0000][67][gc,cpu      ] GC(70) User=0.01s Sys=0.00s Real=0.02s
[2023-04-06T07:07:44.199+0000][67][safepoint   ] Safepoint "G1CollectForAllocation", Time since last: 685263267 ns, Reaching safepoint: 216400 ns, At safepoint: 24578707 ns, Total: 24795107 ns
[2023-04-06T07:07:45.200+0000][67][safepoint   ] Safepoint "Cleanup", Time since last: 1000833576 ns, Reaching safepoint: 367197 ns, At safepoint: 8996 ns, Total: 376193 ns
[2023-04-06T07:07:46.203+0000][67][safepoint   ] Safepoint "Cleanup", Time since last: 1002701632 ns, Reaching safepoint: 277906 ns, At safepoint: 11380 ns, Total: 289286 ns
[2023-04-06T07:07:49.180+0000][67][safepoint   ] Safepoint "Cleanup", Time since last: 3002741643 ns, Reaching safepoint: 113325 ns, At safepoint: 3880 ns, Total: 117205 ns
[2023-04-06T07:07:56.187+0000][67][safepoint   ] Safepoint "Cleanup", Time since last: 7006552810 ns, Reaching safepoint: 434637 ns, At safepoint: 23434 ns, Total: 458071 ns
[2023-04-06T07:07:57.191+0000][67][safepoint   ] Safepoint "Cleanup", Time since last: 1003465405 ns, Reaching safepoint: 175122 ns, At safepoint: 17652 ns, Total: 192774 ns
[2023-04-06T07:07:59.194+0000][67][safepoint   ] Safepoint "Cleanup", Time since last: 2003149019 ns, Reaching safepoint: 203415 ns, At safepoint: 5841 ns, Total: 209256 ns
[2023-04-06T07:08:00.196+0000][67][safepoint   ] Safepoint "Cleanup", Time since last: 1001607398 ns, Reaching safepoint: 160795 ns, At safepoint: 3711 ns, Total: 164506 ns
[2023-04-06T07:08:01.197+0000][67][safepoint   ] Safepoint "Cleanup", Time since last: 1001172583 ns, Reaching safepoint: 114054 ns, At safepoint: 5058 ns, Total: 119112 ns
[2023-04-06T07:08:02.199+0000][67][safepoint   ] Safepoint "Cleanup", Time since last: 1001391524 ns, Reaching safepoint: 185483 ns, At safepoint: 30447 ns, Total: 215930 ns
[2023-04-06T07:08:05.204+0000][67][safepoint   ] Safepoint "Cleanup", Time since last: 3004159379 ns, Reaching safepoint: 844723 ns, At safepoint: 74946 ns, Total: 919669 ns
[2023-04-06T07:08:08.209+0000][67][safepoint   ] Safepoint "Cleanup", Time since last: 3004505053 ns, Reaching safepoint: 237386 ns, At safepoint: 9665 ns, Total: 247051 ns
[2023-04-06T07:08:15.110+0000][67][gc,start    ] GC(71) Pause Young (Normal) (G1 Evacuation Pause)
[2023-04-06T07:08:15.111+0000][67][gc,task     ] GC(71) Using 4 workers of 4 for evacuation
[2023-04-06T07:08:15.113+0000][67][gc,age      ] GC(71) Desired survivor size 8388608 bytes, new threshold 15 (max threshold 15)
[2023-04-06T07:08:15.117+0000][67][gc,phases   ] GC(71)   Pre Evacuate Collection Set: 0.1ms
[2023-04-06T07:08:15.118+0000][67][gc,phases   ] GC(71)   Merge Heap Roots: 0.1ms
[2023-04-06T07:08:15.118+0000][67][gc,phases   ] GC(71)   Evacuate Collection Set: 2.4ms
[2023-04-06T07:08:15.119+0000][67][gc,phases   ] GC(71)   Post Evacuate Collection Set: 0.9ms
[2023-04-06T07:08:15.119+0000][67][gc,phases   ] GC(71)   Other: 2.2ms
[2023-04-06T07:08:15.120+0000][67][gc,age      ] GC(71) Age table with threshold 15 (max threshold 15)
[2023-04-06T07:08:15.120+0000][67][gc,age      ] GC(71) - age   1:    1463560 bytes,    1463560 total
[2023-04-06T07:08:15.121+0000][67][gc,age      ] GC(71) - age   2:       8304 bytes,    1471864 total
[2023-04-06T07:08:15.121+0000][67][gc,age      ] GC(71) - age   3:     143304 bytes,    1615168 total
[2023-04-06T07:08:15.122+0000][67][gc,age      ] GC(71) - age   4:      34072 bytes,    1649240 total
[2023-04-06T07:08:15.123+0000][67][gc,age      ] GC(71) - age   5:     117880 bytes,    1767120 total
[2023-04-06T07:08:15.123+0000][67][gc,age      ] GC(71) - age   6:       6528 bytes,    1773648 total
[2023-04-06T07:08:15.124+0000][67][gc,age      ] GC(71) - age   8:       2176 bytes,    1775824 total
[2023-04-06T07:08:15.125+0000][67][gc,age      ] GC(71) - age   9:       2928 bytes,    1778752 total
[2023-04-06T07:08:15.125+0000][67][gc,age      ] GC(71) - age  10:       5840 bytes,    1784592 total
[2023-04-06T07:08:15.126+0000][67][gc,age      ] GC(71) - age  11:       1168 bytes,    1785760 total
[2023-04-06T07:08:15.127+0000][67][gc,age      ] GC(71) - age  12:         72 bytes,    1785832 total
[2023-04-06T07:08:15.127+0000][67][gc,age      ] GC(71) - age  13:      14376 bytes,    1800208 total
[2023-04-06T07:08:15.128+0000][67][gc,age      ] GC(71) - age  14:     141776 bytes,    1941984 total
[2023-04-06T07:08:15.128+0000][67][gc,heap     ] GC(71) Eden regions: 24->0(24)
[2023-04-06T07:08:15.129+0000][67][gc,heap     ] GC(71) Survivor regions: 1->1(4)
[2023-04-06T07:08:15.129+0000][67][gc,heap     ] GC(71) Old regions: 24->24
[2023-04-06T07:08:15.130+0000][67][gc,heap     ] GC(71) Archive regions: 2->2
[2023-04-06T07:08:15.130+0000][67][gc,heap     ] GC(71) Humongous regions: 2->2
[2023-04-06T07:08:15.131+0000][67][gc,metaspace] GC(71) Metaspace: 139034K(142208K)->139034K(142208K) NonClass: 121129K(122432K)->121129K(122432K) Class: 17904K(19776K)->17904K(19776K)
[2023-04-06T07:08:15.132+0000][67][gc          ] GC(71) Pause Young (Normal) (G1 Evacuation Pause) 205M->109M(256M) 21.505ms
[2023-04-06T07:08:15.132+0000][67][gc,cpu      ] GC(71) User=0.01s Sys=0.00s Real=0.02s
[2023-04-06T07:08:15.133+0000][67][safepoint   ] Safepoint "G1CollectForAllocation", Time since last: 6901093556 ns, Reaching safepoint: 97098 ns, At safepoint: 22704918 ns, Total: 22802016 ns
[2023-04-06T07:08:20.113+0000][67][safepoint   ] Safepoint "Cleanup", Time since last: 5002922553 ns, Reaching safepoint: 127025 ns, At safepoint: 3465 ns, Total: 130490 ns
[2023-04-06T07:08:21.115+0000][67][safepoint   ] Safepoint "Cleanup", Time since last: 1001734911 ns, Reaching safepoint: 135494 ns, At safepoint: 4744 ns, Total: 140238 ns
[2023-04-06T07:08:22.117+0000][67][safepoint   ] Safepoint "Cleanup", Time since last: 1001416614 ns, Reaching safepoint: 362103 ns, At safepoint: 63014 ns, Total: 425117 ns
[2023-04-06T07:08:27.122+0000][67][safepoint   ] Safepoint "Cleanup", Time since last: 5004488772 ns, Reaching safepoint: 261670 ns, At safepoint: 98390 ns, Total: 360060 ns
[2023-04-06T07:08:29.125+0000][67][safepoint   ] Safepoint "Cleanup", Time since last: 2002963109 ns, Reaching safepoint: 90926 ns, At safepoint: 5721 ns, Total: 96647 ns
[2023-04-06T07:08:32.127+0000][67][safepoint   ] Safepoint "Cleanup", Time since last: 3001777692 ns, Reaching safepoint: 178332 ns, At safepoint: 4059 ns, Total: 182391 ns
[2023-04-06T07:08:33.129+0000][67][safepoint   ] Safepoint "Cleanup", Time since last: 1002192412 ns, Reaching safepoint: 258795 ns, At safepoint: 10959 ns, Total: 269754 ns
[2023-04-06T07:08:34.135+0000][67][safepoint   ] Safepoint "Cleanup", Time since last: 1005662358 ns, Reaching safepoint: 518994 ns, At safepoint: 19559 ns, Total: 538553 ns
[2023-04-06T07:08:35.153+0000][67][safepoint   ] Safepoint "Cleanup", Time since last: 1017157738 ns, Reaching safepoint: 201000 ns, At safepoint: 4071 ns, Total: 205071 ns
[2023-04-06T07:08:43.160+0000][67][safepoint   ] Safepoint "Cleanup", Time since last: 8006747000 ns, Reaching safepoint: 113572 ns, At safepoint: 4484 ns, Total: 118056 ns
[2023-04-06T07:08:44.161+0000][67][safepoint   ] Safepoint "Cleanup", Time since last: 1000807520 ns, Reaching safepoint: 73052 ns, At safepoint: 6101 ns, Total: 79153 ns
[2023-04-06T07:08:45.162+0000][67][safepoint   ] Safepoint "Cleanup", Time since last: 1001590018 ns, Reaching safepoint: 272726 ns, At safepoint: 22961 ns, Total: 295687 ns
[2023-04-06T07:08:49.344+0000][67][gc,start    ] GC(72) Pause Young (Normal) (G1 Evacuation Pause)
[2023-04-06T07:08:49.345+0000][67][gc,task     ] GC(72) Using 4 workers of 4 for evacuation
[2023-04-06T07:08:49.345+0000][67][gc,age      ] GC(72) Desired survivor size 8388608 bytes, new threshold 15 (max threshold 15)
[2023-04-06T07:08:49.350+0000][67][gc,phases   ] GC(72)   Pre Evacuate Collection Set: 0.1ms
[2023-04-06T07:08:49.350+0000][67][gc,phases   ] GC(72)   Merge Heap Roots: 0.1ms
[2023-04-06T07:08:49.351+0000][67][gc,phases   ] GC(72)   Evacuate Collection Set: 3.0ms
[2023-04-06T07:08:49.351+0000][67][gc,phases   ] GC(72)   Post Evacuate Collection Set: 0.8ms
[2023-04-06T07:08:49.351+0000][67][gc,phases   ] GC(72)   Other: 1.0ms
[2023-04-06T07:08:49.352+0000][67][gc,age      ] GC(72) Age table with threshold 15 (max threshold 15)
[2023-04-06T07:08:49.352+0000][67][gc,age      ] GC(72) - age   1:    1459320 bytes,    1459320 total
[2023-04-06T07:08:49.352+0000][67][gc,age      ] GC(72) - age   2:     471080 bytes,    1930400 total
[2023-04-06T07:08:49.353+0000][67][gc,age      ] GC(72) - age   3:       8144 bytes,    1938544 total
[2023-04-06T07:08:49.353+0000][67][gc,age      ] GC(72) - age   4:     142440 bytes,    2080984 total
[2023-04-06T07:08:49.353+0000][67][gc,age      ] GC(72) - age   5:       4040 bytes,    2085024 total
[2023-04-06T07:08:49.353+0000][67][gc,age      ] GC(72) - age   6:       5128 bytes,    2090152 total
[2023-04-06T07:08:49.354+0000][67][gc,age      ] GC(72) - age   7:       6528 bytes,    2096680 total
[2023-04-06T07:08:49.354+0000][67][gc,age      ] GC(72) - age   9:       2176 bytes,    2098856 total
[2023-04-06T07:08:49.354+0000][67][gc,age      ] GC(72) - age  10:       2928 bytes,    2101784 total
[2023-04-06T07:08:49.355+0000][67][gc,age      ] GC(72) - age  11:       5544 bytes,    2107328 total
[2023-04-06T07:08:49.355+0000][67][gc,age      ] GC(72) - age  12:       1168 bytes,    2108496 total
[2023-04-06T07:08:49.356+0000][67][gc,age      ] GC(72) - age  13:         72 bytes,    2108568 total
[2023-04-06T07:08:49.356+0000][67][gc,age      ] GC(72) - age  14:      14376 bytes,    2122944 total
[2023-04-06T07:08:49.356+0000][67][gc,age      ] GC(72) - age  15:     141648 bytes,    2264592 total
[2023-04-06T07:08:49.356+0000][67][gc,heap     ] GC(72) Eden regions: 24->0(24)
[2023-04-06T07:08:49.357+0000][67][gc,heap     ] GC(72) Survivor regions: 1->1(4)
[2023-04-06T07:08:49.357+0000][67][gc,heap     ] GC(72) Old regions: 24->24
[2023-04-06T07:08:49.357+0000][67][gc,heap     ] GC(72) Archive regions: 2->2
[2023-04-06T07:08:49.358+0000][67][gc,heap     ] GC(72) Humongous regions: 2->2
[2023-04-06T07:08:49.358+0000][67][gc,metaspace] GC(72) Metaspace: 139088K(142272K)->139088K(142272K) NonClass: 121183K(122496K)->121183K(122496K) Class: 17904K(19776K)->17904K(19776K)
[2023-04-06T07:08:49.358+0000][67][gc          ] GC(72) Pause Young (Normal) (G1 Evacuation Pause) 205M->110M(256M) 14.171ms
[2023-04-06T07:08:49.359+0000][67][gc,cpu      ] GC(72) User=0.01s Sys=0.00s Real=0.01s
[2023-04-06T07:08:49.359+0000][67][safepoint   ] Safepoint "G1CollectForAllocation", Time since last: 4204088608 ns, Reaching safepoint: 166430 ns, At safepoint: 14986803 ns, Total: 15153233 ns
[2023-04-06T07:08:50.362+0000][67][safepoint   ] Safepoint "Cleanup", Time since last: 1002552512 ns, Reaching safepoint: 104792 ns, At safepoint: 3205 ns, Total: 107997 ns
[2023-04-06T07:08:52.364+0000][67][safepoint   ] Safepoint "Cleanup", Time since last: 2002054882 ns, Reaching safepoint: 263400 ns, At safepoint: 15089 ns, Total: 278489 ns
[2023-04-06T07:08:53.369+0000][67][safepoint   ] Safepoint "Cleanup", Time since last: 1004136264 ns, Reaching safepoint: 738891 ns, At safepoint: 131768 ns, Total: 870659 ns
[2023-04-06T07:08:55.373+0000][67][safepoint   ] Safepoint "Cleanup", Time since last: 2004036756 ns, Reaching safepoint: 99512 ns, At safepoint: 4309 ns, Total: 103821 ns
[2023-04-06T07:09:01.379+0000][67][safepoint   ] Safepoint "Cleanup", Time since last: 6005584125 ns, Reaching safepoint: 147576 ns, At safepoint: 3905 ns, Total: 151481 ns
[2023-04-06T07:09:10.391+0000][67][safepoint   ] Safepoint "Cleanup", Time since last: 9012144154 ns, Reaching safepoint: 140319 ns, At safepoint: 4893 ns, Total: 145212 ns
[2023-04-06T07:09:12.394+0000][67][safepoint   ] Safepoint "Cleanup", Time since last: 2002004845 ns, Reaching safepoint: 348413 ns, At safepoint: 25149 ns, Total: 373562 ns
[2023-04-06T07:09:13.398+0000][67][safepoint   ] Safepoint "Cleanup", Time since last: 1003239534 ns, Reaching safepoint: 616189 ns, At safepoint: 62340 ns, Total: 678529 ns
[2023-04-06T07:09:19.118+0000][67][gc,start    ] GC(73) Pause Young (Concurrent Start) (G1 Evacuation Pause)
[2023-04-06T07:09:19.119+0000][67][gc,task     ] GC(73) Using 4 workers of 4 for evacuation
[2023-04-06T07:09:19.120+0000][67][gc,age      ] GC(73) Desired survivor size 8388608 bytes, new threshold 15 (max threshold 15)
[2023-04-06T07:09:19.128+0000][67][gc,phases   ] GC(73)   Pre Evacuate Collection Set: 0.4ms
[2023-04-06T07:09:19.130+0000][67][gc,phases   ] GC(73)   Merge Heap Roots: 0.1ms
[2023-04-06T07:09:19.131+0000][67][gc,phases   ] GC(73)   Evacuate Collection Set: 5.1ms
[2023-04-06T07:09:19.132+0000][67][gc,phases   ] GC(73)   Post Evacuate Collection Set: 1.3ms
[2023-04-06T07:09:19.133+0000][67][gc,phases   ] GC(73)   Other: 2.3ms
[2023-04-06T07:09:19.134+0000][67][gc,age      ] GC(73) Age table with threshold 15 (max threshold 15)
[2023-04-06T07:09:19.135+0000][67][gc,age      ] GC(73) - age   1:    1064592 bytes,    1064592 total
[2023-04-06T07:09:19.137+0000][67][gc,age      ] GC(73) - age   2:       4168 bytes,    1068760 total
[2023-04-06T07:09:19.138+0000][67][gc,age      ] GC(73) - age   3:     317088 bytes,    1385848 total
[2023-04-06T07:09:19.139+0000][67][gc,age      ] GC(73) - age   4:       8144 bytes,    1393992 total
[2023-04-06T07:09:19.140+0000][67][gc,age      ] GC(73) - age   5:     141984 bytes,    1535976 total
[2023-04-06T07:09:19.141+0000][67][gc,age      ] GC(73) - age   6:       3912 bytes,    1539888 total
[2023-04-06T07:09:19.141+0000][67][gc,age      ] GC(73) - age   7:       5128 bytes,    1545016 total
[2023-04-06T07:09:19.142+0000][67][gc,age      ] GC(73) - age   8:       6232 bytes,    1551248 total
[2023-04-06T07:09:19.143+0000][67][gc,age      ] GC(73) - age  10:       2176 bytes,    1553424 total
[2023-04-06T07:09:19.143+0000][67][gc,age      ] GC(73) - age  11:       2928 bytes,    1556352 total
[2023-04-06T07:09:19.144+0000][67][gc,age      ] GC(73) - age  12:       5504 bytes,    1561856 total
[2023-04-06T07:09:19.145+0000][67][gc,age      ] GC(73) - age  13:       1168 bytes,    1563024 total
[2023-04-06T07:09:19.146+0000][67][gc,age      ] GC(73) - age  14:         72 bytes,    1563096 total
[2023-04-06T07:09:19.148+0000][67][gc,age      ] GC(73) - age  15:      14192 bytes,    1577288 total
[2023-04-06T07:09:19.153+0000][67][gc,heap     ] GC(73) Eden regions: 24->0(23)
[2023-04-06T07:09:19.157+0000][67][gc,heap     ] GC(73) Survivor regions: 1->1(4)
[2023-04-06T07:09:19.158+0000][67][gc,heap     ] GC(73) Old regions: 24->25
[2023-04-06T07:09:19.160+0000][67][gc,heap     ] GC(73) Archive regions: 2->2
[2023-04-06T07:09:19.161+0000][67][gc,heap     ] GC(73) Humongous regions: 2->2
[2023-04-06T07:09:19.162+0000][67][gc,metaspace] GC(73) Metaspace: 139154K(142336K)->139154K(142336K) NonClass: 121249K(122560K)->121249K(122560K) Class: 17904K(19776K)->17904K(19776K)
[2023-04-06T07:09:19.164+0000][67][gc          ] GC(73) Pause Young (Concurrent Start) (G1 Evacuation Pause) 206M->109M(256M) 45.696ms
[2023-04-06T07:09:19.165+0000][67][gc          ] GC(74) Concurrent Mark Cycle
[2023-04-06T07:09:19.166+0000][67][gc,marking  ] GC(74) Concurrent Clear Claimed Marks
[2023-04-06T07:09:19.165+0000][67][gc,cpu      ] GC(73) User=0.01s Sys=0.00s Real=0.04s
[2023-04-06T07:09:19.167+0000][67][gc,marking  ] GC(74) Concurrent Clear Claimed Marks 1.236ms
[2023-04-06T07:09:19.168+0000][67][safepoint   ] Safepoint "G1CollectForAllocation", Time since last: 5741862792 ns, Reaching safepoint: 201830 ns, At safepoint: 49977493 ns, Total: 50179323 ns
[2023-04-06T07:09:19.170+0000][67][gc,marking  ] GC(74) Concurrent Scan Root Regions
[2023-04-06T07:09:19.177+0000][67][gc,marking  ] GC(74) Concurrent Scan Root Regions 6.593ms
[2023-04-06T07:09:19.178+0000][67][gc,marking  ] GC(74) Concurrent Mark
[2023-04-06T07:09:19.179+0000][67][gc,marking  ] GC(74) Concurrent Mark From Roots
[2023-04-06T07:09:19.180+0000][67][gc,task     ] GC(74) Using 1 workers of 1 for marking
[2023-04-06T07:09:19.413+0000][67][gc,marking  ] GC(74) Concurrent Mark From Roots 234.414ms
[2023-04-06T07:09:19.415+0000][67][gc,marking  ] GC(74) Concurrent Preclean
[2023-04-06T07:09:19.417+0000][67][gc,marking  ] GC(74) Concurrent Preclean 1.575ms
[2023-04-06T07:09:19.417+0000][67][gc,start    ] GC(74) Pause Remark
[2023-04-06T07:09:19.430+0000][67][gc          ] GC(74) Pause Remark 112M->112M(256M) 12.920ms
[2023-04-06T07:09:19.432+0000][67][gc,cpu      ] GC(74) User=0.03s Sys=0.00s Real=0.01s
[2023-04-06T07:09:19.433+0000][67][safepoint   ] Safepoint "G1PauseRemark", Time since last: 249511349 ns, Reaching safepoint: 131105 ns, At safepoint: 15505758 ns, Total: 15636863 ns
[2023-04-06T07:09:19.434+0000][67][gc,marking  ] GC(74) Concurrent Mark 256.174ms
[2023-04-06T07:09:19.435+0000][67][gc,marking  ] GC(74) Concurrent Rebuild Remembered Sets
[2023-04-06T07:09:19.524+0000][67][gc,marking  ] GC(74) Concurrent Rebuild Remembered Sets 88.646ms
[2023-04-06T07:09:19.525+0000][67][gc,start    ] GC(74) Pause Cleanup
[2023-04-06T07:09:19.525+0000][67][gc          ] GC(74) Pause Cleanup 112M->112M(256M) 0.639ms
[2023-04-06T07:09:19.526+0000][67][gc,cpu      ] GC(74) User=0.00s Sys=0.00s Real=0.00s
[2023-04-06T07:09:19.526+0000][67][safepoint   ] Safepoint "G1PauseCleanup", Time since last: 91552387 ns, Reaching safepoint: 186121 ns, At safepoint: 1445137 ns, Total: 1631258 ns
[2023-04-06T07:09:19.527+0000][67][gc,marking  ] GC(74) Concurrent Cleanup for Next Mark
[2023-04-06T07:09:19.528+0000][67][gc,marking  ] GC(74) Concurrent Cleanup for Next Mark 0.928ms
[2023-04-06T07:09:19.528+0000][67][gc          ] GC(74) Concurrent Mark Cycle 363.557ms
[2023-04-06T07:09:20.942+0000][67][safepoint   ] Safepoint "Cleanup", Time since last: 1415718700 ns, Reaching safepoint: 357620 ns, At safepoint: 73198 ns, Total: 430818 ns
[2023-04-06T07:09:25.948+0000][67][safepoint   ] Safepoint "Cleanup", Time since last: 5005358320 ns, Reaching safepoint: 377206 ns, At safepoint: 10367 ns, Total: 387573 ns
[2023-04-06T07:09:31.959+0000][67][safepoint   ] Safepoint "Cleanup", Time since last: 6009519488 ns, Reaching safepoint: 1763115 ns, At safepoint: 102205 ns, Total: 1865320 ns
[2023-04-06T07:09:34.201+0000][67][safepoint   ] Safepoint "Cleanup", Time since last: 2241350036 ns, Reaching safepoint: 229365 ns, At safepoint: 81472 ns, Total: 310837 ns
[2023-04-06T07:09:35.203+0000][67][safepoint   ] Safepoint "Cleanup", Time since last: 1001892063 ns, Reaching safepoint: 512906 ns, At safepoint: 20263 ns, Total: 533169 ns
[2023-04-06T07:09:37.209+0000][67][safepoint   ] Safepoint "Cleanup", Time since last: 2005677257 ns, Reaching safepoint: 308575 ns, At safepoint: 18460 ns, Total: 327035 ns
[2023-04-06T07:09:43.216+0000][67][safepoint   ] Safepoint "Cleanup", Time since last: 6006161742 ns, Reaching safepoint: 252298 ns, At safepoint: 70632 ns, Total: 322930 ns
[2023-04-06T07:09:44.218+0000][67][safepoint   ] Safepoint "Cleanup", Time since last: 1002005529 ns, Reaching safepoint: 229135 ns, At safepoint: 10666 ns, Total: 239801 ns
[2023-04-06T07:09:49.202+0000][67][safepoint   ] Safepoint "Cleanup", Time since last: 5005282398 ns, Reaching safepoint: 129129 ns, At safepoint: 5405 ns, Total: 134534 ns
[2023-04-06T07:09:49.392+0000][67][gc,start    ] GC(75) Pause Young (Normal) (G1 Evacuation Pause)
[2023-04-06T07:09:49.393+0000][67][gc,task     ] GC(75) Using 4 workers of 4 for evacuation
[2023-04-06T07:09:49.393+0000][67][gc,age      ] GC(75) Desired survivor size 6291456 bytes, new threshold 15 (max threshold 15)
[2023-04-06T07:09:49.398+0000][67][gc,phases   ] GC(75)   Pre Evacuate Collection Set: 0.1ms
[2023-04-06T07:09:49.398+0000][67][gc,phases   ] GC(75)   Merge Heap Roots: 0.1ms
[2023-04-06T07:09:49.399+0000][67][gc,phases   ] GC(75)   Evacuate Collection Set: 2.6ms
[2023-04-06T07:09:49.399+0000][67][gc,phases   ] GC(75)   Post Evacuate Collection Set: 0.9ms
[2023-04-06T07:09:49.400+0000][67][gc,phases   ] GC(75)   Other: 1.4ms
[2023-04-06T07:09:49.400+0000][67][gc,age      ] GC(75) Age table with threshold 15 (max threshold 15)
[2023-04-06T07:09:49.401+0000][67][gc,age      ] GC(75) - age   1:     924008 bytes,     924008 total
[2023-04-06T07:09:49.402+0000][67][gc,age      ] GC(75) - age   2:     156080 bytes,    1080088 total
[2023-04-06T07:09:49.403+0000][67][gc,age      ] GC(75) - age   3:       2968 bytes,    1083056 total
[2023-04-06T07:09:49.404+0000][67][gc,age      ] GC(75) - age   4:     316664 bytes,    1399720 total
[2023-04-06T07:09:49.404+0000][67][gc,age      ] GC(75) - age   5:       8144 bytes,    1407864 total
[2023-04-06T07:09:49.405+0000][67][gc,age      ] GC(75) - age   6:     141864 bytes,    1549728 total
[2023-04-06T07:09:49.406+0000][67][gc,age      ] GC(75) - age   7:       3912 bytes,    1553640 total
[2023-04-06T07:09:49.407+0000][67][gc,age      ] GC(75) - age   8:       5128 bytes,    1558768 total
[2023-04-06T07:09:49.407+0000][67][gc,age      ] GC(75) - age   9:       6232 bytes,    1565000 total
[2023-04-06T07:09:49.408+0000][67][gc,age      ] GC(75) - age  11:       2176 bytes,    1567176 total
[2023-04-06T07:09:49.408+0000][67][gc,age      ] GC(75) - age  12:       2928 bytes,    1570104 total
[2023-04-06T07:09:49.409+0000][67][gc,age      ] GC(75) - age  13:       5504 bytes,    1575608 total
[2023-04-06T07:09:49.410+0000][67][gc,age      ] GC(75) - age  14:       1168 bytes,    1576776 total
[2023-04-06T07:09:49.410+0000][67][gc,age      ] GC(75) - age  15:         72 bytes,    1576848 total
[2023-04-06T07:09:49.411+0000][67][gc,heap     ] GC(75) Eden regions: 23->0(23)
[2023-04-06T07:09:49.411+0000][67][gc,heap     ] GC(75) Survivor regions: 1->1(3)
[2023-04-06T07:09:49.412+0000][67][gc,heap     ] GC(75) Old regions: 25->25
[2023-04-06T07:09:49.413+0000][67][gc,heap     ] GC(75) Archive regions: 2->2
[2023-04-06T07:09:49.413+0000][67][gc,heap     ] GC(75) Humongous regions: 2->2
[2023-04-06T07:09:49.414+0000][67][gc,metaspace] GC(75) Metaspace: 139194K(142336K)->139194K(142336K) NonClass: 121289K(122560K)->121289K(122560K) Class: 17904K(19776K)->17904K(19776K)
[2023-04-06T07:09:49.415+0000][67][gc          ] GC(75) Pause Young (Normal) (G1 Evacuation Pause) 201M->109M(256M) 22.810ms
[2023-04-06T07:09:49.415+0000][67][gc,cpu      ] GC(75) User=0.01s Sys=0.01s Real=0.03s
[2023-04-06T07:09:49.416+0000][67][safepoint   ] Safepoint "G1CollectForAllocation", Time since last: 190132803 ns, Reaching safepoint: 61326 ns, At safepoint: 24217783 ns, Total: 24279109 ns
[2023-04-06T07:10:02.425+0000][67][safepoint   ] Safepoint "Cleanup", Time since last: 13008675014 ns, Reaching safepoint: 391865 ns, At safepoint: 34570 ns, Total: 426435 ns
[2023-04-06T07:10:07.429+0000][67][safepoint   ] Safepoint "Cleanup", Time since last: 5003279972 ns, Reaching safepoint: 289401 ns, At safepoint: 41594 ns, Total: 330995 ns
[2023-04-06T07:10:13.435+0000][67][safepoint   ] Safepoint "Cleanup", Time since last: 6005077633 ns, Reaching safepoint: 761125 ns, At safepoint: 107900 ns, Total: 869025 ns
[2023-04-06T07:10:14.438+0000][67][safepoint   ] Safepoint "Cleanup", Time since last: 1003380641 ns, Reaching safepoint: 133791 ns, At safepoint: 5478 ns, Total: 139269 ns
[2023-04-06T07:10:15.439+0000][67][safepoint   ] Safepoint "Cleanup", Time since last: 1000854099 ns, Reaching safepoint: 350311 ns, At safepoint: 10569 ns, Total: 360880 ns
[2023-04-06T07:10:16.441+0000][67][safepoint   ] Safepoint "Cleanup", Time since last: 1001687096 ns, Reaching safepoint: 134130 ns, At safepoint: 3766 ns, Total: 137896 ns
[2023-04-06T07:10:19.421+0000][67][safepoint   ] Safepoint "Cleanup", Time since last: 3001921906 ns, Reaching safepoint: 303952 ns, At safepoint: 6018 ns, Total: 309970 ns
[2023-04-06T07:10:20.423+0000][67][safepoint   ] Safepoint "Cleanup", Time since last: 1001197143 ns, Reaching safepoint: 271419 ns, At safepoint: 6377 ns, Total: 277796 ns
[2023-04-06T07:10:22.070+0000][67][gc,start    ] GC(76) Pause Young (Concurrent Start) (G1 Evacuation Pause)
[2023-04-06T07:10:22.071+0000][67][gc,task     ] GC(76) Using 4 workers of 4 for evacuation
[2023-04-06T07:10:22.072+0000][67][gc,age      ] GC(76) Desired survivor size 6291456 bytes, new threshold 15 (max threshold 15)
[2023-04-06T07:10:22.078+0000][67][gc,phases   ] GC(76)   Pre Evacuate Collection Set: 0.4ms
[2023-04-06T07:10:22.079+0000][67][gc,phases   ] GC(76)   Merge Heap Roots: 0.1ms
[2023-04-06T07:10:22.079+0000][67][gc,phases   ] GC(76)   Evacuate Collection Set: 3.2ms
[2023-04-06T07:10:22.080+0000][67][gc,phases   ] GC(76)   Post Evacuate Collection Set: 1.0ms
[2023-04-06T07:10:22.081+0000][67][gc,phases   ] GC(76)   Other: 1.8ms
[2023-04-06T07:10:22.082+0000][67][gc,age      ] GC(76) Age table with threshold 15 (max threshold 15)
[2023-04-06T07:10:22.083+0000][67][gc,age      ] GC(76) - age   1:    1251040 bytes,    1251040 total
[2023-04-06T07:10:22.084+0000][67][gc,age      ] GC(76) - age   2:     128032 bytes,    1379072 total
[2023-04-06T07:10:22.085+0000][67][gc,age      ] GC(76) - age   3:       4744 bytes,    1383816 total
[2023-04-06T07:10:22.086+0000][67][gc,age      ] GC(76) - age   4:       1568 bytes,    1385384 total
[2023-04-06T07:10:22.087+0000][67][gc,age      ] GC(76) - age   5:     316664 bytes,    1702048 total
[2023-04-06T07:10:22.088+0000][67][gc,age      ] GC(76) - age   6:       8144 bytes,    1710192 total
[2023-04-06T07:10:22.088+0000][67][gc,age      ] GC(76) - age   7:     122976 bytes,    1833168 total
[2023-04-06T07:10:22.089+0000][67][gc,age      ] GC(76) - age   8:       3848 bytes,    1837016 total
[2023-04-06T07:10:22.090+0000][67][gc,age      ] GC(76) - age   9:       5128 bytes,    1842144 total
[2023-04-06T07:10:22.090+0000][67][gc,age      ] GC(76) - age  10:       6232 bytes,    1848376 total
[2023-04-06T07:10:22.092+0000][67][gc,age      ] GC(76) - age  12:       2176 bytes,    1850552 total
[2023-04-06T07:10:22.093+0000][67][gc,age      ] GC(76) - age  13:       2928 bytes,    1853480 total
[2023-04-06T07:10:22.093+0000][67][gc,age      ] GC(76) - age  14:       5504 bytes,    1858984 total
[2023-04-06T07:10:22.094+0000][67][gc,age      ] GC(76) - age  15:       1168 bytes,    1860152 total
[2023-04-06T07:10:22.095+0000][67][gc,heap     ] GC(76) Eden regions: 23->0(23)
[2023-04-06T07:10:22.096+0000][67][gc,heap     ] GC(76) Survivor regions: 1->1(3)
[2023-04-06T07:10:22.096+0000][67][gc,heap     ] GC(76) Old regions: 25->25
[2023-04-06T07:10:22.097+0000][67][gc,heap     ] GC(76) Archive regions: 2->2
[2023-04-06T07:10:22.098+0000][67][gc,heap     ] GC(76) Humongous regions: 2->2
[2023-04-06T07:10:22.099+0000][67][gc,metaspace] GC(76) Metaspace: 139218K(142336K)->139218K(142336K) NonClass: 121314K(122560K)->121314K(122560K) Class: 17904K(19776K)->17904K(19776K)
[2023-04-06T07:10:22.100+0000][67][gc          ] GC(76) Pause Young (Concurrent Start) (G1 Evacuation Pause) 201M->110M(256M) 29.692ms
[2023-04-06T07:10:22.102+0000][67][gc,cpu      ] GC(76) User=0.01s Sys=0.01s Real=0.03s
[2023-04-06T07:10:22.102+0000][67][gc          ] GC(77) Concurrent Mark Cycle
[2023-04-06T07:10:22.104+0000][67][gc,marking  ] GC(77) Concurrent Clear Claimed Marks
[2023-04-06T07:10:22.106+0000][67][gc,marking  ] GC(77) Concurrent Clear Claimed Marks 1.251ms
[2023-04-06T07:10:22.107+0000][67][gc,marking  ] GC(77) Concurrent Scan Root Regions
[2023-04-06T07:10:22.103+0000][67][safepoint   ] Safepoint "G1CollectForAllocation", Time since last: 1647080256 ns, Reaching safepoint: 214694 ns, At safepoint: 33092681 ns, Total: 33307375 ns
[2023-04-06T07:10:22.112+0000][67][gc,marking  ] GC(77) Concurrent Scan Root Regions 5.531ms
[2023-04-06T07:10:22.113+0000][67][gc,marking  ] GC(77) Concurrent Mark
[2023-04-06T07:10:22.114+0000][67][gc,marking  ] GC(77) Concurrent Mark From Roots
[2023-04-06T07:10:22.115+0000][67][gc,task     ] GC(77) Using 1 workers of 1 for marking
[2023-04-06T07:10:22.252+0000][67][gc,marking  ] GC(77) Concurrent Mark From Roots 137.625ms
[2023-04-06T07:10:22.253+0000][67][gc,marking  ] GC(77) Concurrent Preclean
[2023-04-06T07:10:22.254+0000][67][gc,marking  ] GC(77) Concurrent Preclean 1.191ms
[2023-04-06T07:10:22.255+0000][67][gc,start    ] GC(77) Pause Remark
[2023-04-06T07:10:22.271+0000][67][gc          ] GC(77) Pause Remark 112M->112M(256M) 15.479ms
[2023-04-06T07:10:22.272+0000][67][gc,cpu      ] GC(77) User=0.04s Sys=0.00s Real=0.01s
[2023-04-06T07:10:22.273+0000][67][safepoint   ] Safepoint "G1PauseRemark", Time since last: 151655907 ns, Reaching safepoint: 143555 ns, At safepoint: 17658481 ns, Total: 17802036 ns
[2023-04-06T07:10:22.275+0000][67][gc,marking  ] GC(77) Concurrent Mark 162.426ms
[2023-04-06T07:10:22.277+0000][67][gc,marking  ] GC(77) Concurrent Rebuild Remembered Sets
[2023-04-06T07:10:22.338+0000][67][gc,marking  ] GC(77) Concurrent Rebuild Remembered Sets 61.566ms
[2023-04-06T07:10:22.340+0000][67][gc,start    ] GC(77) Pause Cleanup
[2023-04-06T07:10:22.341+0000][67][gc          ] GC(77) Pause Cleanup 112M->112M(256M) 1.427ms
[2023-04-06T07:10:22.342+0000][67][gc,cpu      ] GC(77) User=0.00s Sys=0.00s Real=0.00s
[2023-04-06T07:10:22.343+0000][67][safepoint   ] Safepoint "G1PauseCleanup", Time since last: 66776737 ns, Reaching safepoint: 152608 ns, At safepoint: 2916574 ns, Total: 3069182 ns
[2023-04-06T07:10:22.344+0000][67][gc,marking  ] GC(77) Concurrent Cleanup for Next Mark
[2023-04-06T07:10:22.345+0000][67][gc,marking  ] GC(77) Concurrent Cleanup for Next Mark 1.205ms
[2023-04-06T07:10:22.346+0000][67][gc          ] GC(77) Concurrent Mark Cycle 243.633ms
[2023-04-06T07:10:24.345+0000][67][safepoint   ] Safepoint "Cleanup", Time since last: 2002146387 ns, Reaching safepoint: 282775 ns, At safepoint: 36209 ns, Total: 318984 ns
[2023-04-06T07:10:25.347+0000][67][safepoint   ] Safepoint "Cleanup", Time since last: 1002119133 ns, Reaching safepoint: 130790 ns, At safepoint: 7758 ns, Total: 138548 ns
[2023-04-06T07:10:27.349+0000][67][safepoint   ] Safepoint "Cleanup", Time since last: 2001455202 ns, Reaching safepoint: 103641 ns, At safepoint: 3379 ns, Total: 107020 ns
[2023-04-06T07:10:32.357+0000][67][safepoint   ] Safepoint "Cleanup", Time since last: 5007672699 ns, Reaching safepoint: 159695 ns, At safepoint: 6102 ns, Total: 165797 ns
[2023-04-06T07:10:34.360+0000][67][safepoint   ] Safepoint "Cleanup", Time since last: 2003220854 ns, Reaching safepoint: 479211 ns, At safepoint: 14216 ns, Total: 493427 ns
[2023-04-06T07:10:40.371+0000][67][safepoint   ] Safepoint "Cleanup", Time since last: 6009289287 ns, Reaching safepoint: 972910 ns, At safepoint: 29475 ns, Total: 1002385 ns
[2023-04-06T07:10:49.360+0000][67][safepoint   ] Safepoint "Cleanup", Time since last: 9010640405 ns, Reaching safepoint: 233307 ns, At safepoint: 10607 ns, Total: 243914 ns
[2023-04-06T07:10:50.362+0000][67][safepoint   ] Safepoint "Cleanup", Time since last: 1001422942 ns, Reaching safepoint: 167974 ns, At safepoint: 7164 ns, Total: 175138 ns
[2023-04-06T07:10:55.312+0000][67][gc,start    ] GC(78) Pause Young (Normal) (G1 Evacuation Pause)
[2023-04-06T07:10:55.314+0000][67][gc,task     ] GC(78) Using 4 workers of 4 for evacuation
[2023-04-06T07:10:55.315+0000][67][gc,age      ] GC(78) Desired survivor size 6291456 bytes, new threshold 15 (max threshold 15)
[2023-04-06T07:10:55.320+0000][67][gc,phases   ] GC(78)   Pre Evacuate Collection Set: 0.2ms
[2023-04-06T07:10:55.321+0000][67][gc,phases   ] GC(78)   Merge Heap Roots: 0.2ms
[2023-04-06T07:10:55.321+0000][67][gc,phases   ] GC(78)   Evacuate Collection Set: 2.2ms
[2023-04-06T07:10:55.322+0000][67][gc,phases   ] GC(78)   Post Evacuate Collection Set: 1.4ms
[2023-04-06T07:10:55.323+0000][67][gc,phases   ] GC(78)   Other: 1.8ms
[2023-04-06T07:10:55.324+0000][67][gc,age      ] GC(78) Age table with threshold 15 (max threshold 15)
[2023-04-06T07:10:55.325+0000][67][gc,age      ] GC(78) - age   1:    1414024 bytes,    1414024 total
[2023-04-06T07:10:55.325+0000][67][gc,age      ] GC(78) - age   2:     135936 bytes,    1549960 total
[2023-04-06T07:10:55.326+0000][67][gc,age      ] GC(78) - age   3:       7832 bytes,    1557792 total
[2023-04-06T07:10:55.326+0000][67][gc,age      ] GC(78) - age   4:       4424 bytes,    1562216 total
[2023-04-06T07:10:55.327+0000][67][gc,age      ] GC(78) - age   5:       1440 bytes,    1563656 total
[2023-04-06T07:10:55.327+0000][67][gc,age      ] GC(78) - age   6:     290224 bytes,    1853880 total
[2023-04-06T07:10:55.328+0000][67][gc,age      ] GC(78) - age   7:        128 bytes,    1854008 total
[2023-04-06T07:10:55.328+0000][67][gc,age      ] GC(78) - age   8:     122976 bytes,    1976984 total
[2023-04-06T07:10:55.329+0000][67][gc,age      ] GC(78) - age   9:       3552 bytes,    1980536 total
[2023-04-06T07:10:55.329+0000][67][gc,age      ] GC(78) - age  10:       5128 bytes,    1985664 total
[2023-04-06T07:10:55.330+0000][67][gc,age      ] GC(78) - age  11:       6232 bytes,    1991896 total
[2023-04-06T07:10:55.330+0000][67][gc,age      ] GC(78) - age  13:       2176 bytes,    1994072 total
[2023-04-06T07:10:55.331+0000][67][gc,age      ] GC(78) - age  14:       2928 bytes,    1997000 total
[2023-04-06T07:10:55.332+0000][67][gc,age      ] GC(78) - age  15:       5504 bytes,    2002504 total
[2023-04-06T07:10:55.332+0000][67][gc,heap     ] GC(78) Eden regions: 23->0(23)
[2023-04-06T07:10:55.333+0000][67][gc,heap     ] GC(78) Survivor regions: 1->1(3)
[2023-04-06T07:10:55.333+0000][67][gc,heap     ] GC(78) Old regions: 25->25
[2023-04-06T07:10:55.334+0000][67][gc,heap     ] GC(78) Archive regions: 2->2
[2023-04-06T07:10:55.334+0000][67][gc,heap     ] GC(78) Humongous regions: 2->2
[2023-04-06T07:10:55.335+0000][67][gc,metaspace] GC(78) Metaspace: 139278K(142400K)->139278K(142400K) NonClass: 121373K(122624K)->121373K(122624K) Class: 17904K(19776K)->17904K(19776K)
[2023-04-06T07:10:55.336+0000][67][gc          ] GC(78) Pause Young (Normal) (G1 Evacuation Pause) 202M->110M(256M) 23.356ms
[2023-04-06T07:10:55.336+0000][67][gc,cpu      ] GC(78) User=0.00s Sys=0.00s Real=0.02s
[2023-04-06T07:10:55.337+0000][67][safepoint   ] Safepoint "G1CollectForAllocation", Time since last: 4950663215 ns, Reaching safepoint: 79260 ns, At safepoint: 24640713 ns, Total: 24719973 ns
[2023-04-06T07:10:56.338+0000][67][safepoint   ] Safepoint "Cleanup", Time since last: 1000981226 ns, Reaching safepoint: 175436 ns, At safepoint: 4772 ns, Total: 180208 ns
[2023-04-06T07:10:57.340+0000][67][safepoint   ] Safepoint "Cleanup", Time since last: 1001602643 ns, Reaching safepoint: 133654 ns, At safepoint: 4053 ns, Total: 137707 ns
[2023-04-06T07:10:59.343+0000][67][safepoint   ] Safepoint "Cleanup", Time since last: 2003309674 ns, Reaching safepoint: 259547 ns, At safepoint: 9720 ns, Total: 269267 ns
[2023-04-06T07:11:01.346+0000][67][safepoint   ] Safepoint "Cleanup", Time since last: 2002797829 ns, Reaching safepoint: 192851 ns, At safepoint: 3562 ns, Total: 196413 ns
[2023-04-06T07:11:02.348+0000][67][safepoint   ] Safepoint "Cleanup", Time since last: 1001438726 ns, Reaching safepoint: 113215 ns, At safepoint: 4098 ns, Total: 117313 ns
[2023-04-06T07:11:12.359+0000][67][safepoint   ] Safepoint "Cleanup", Time since last: 10010255035 ns, Reaching safepoint: 387787 ns, At safepoint: 9939 ns, Total: 397726 ns
[2023-04-06T07:11:13.363+0000][67][safepoint   ] Safepoint "Cleanup", Time since last: 1003707055 ns, Reaching safepoint: 532427 ns, At safepoint: 52746 ns, Total: 585173 ns
[2023-04-06T07:11:17.367+0000][67][safepoint   ] Safepoint "Cleanup", Time since last: 4003891954 ns, Reaching safepoint: 366940 ns, At safepoint: 17025 ns, Total: 383965 ns
[2023-04-06T07:11:19.349+0000][67][safepoint   ] Safepoint "Cleanup", Time since last: 2003896015 ns, Reaching safepoint: 144829 ns, At safepoint: 4719 ns, Total: 149548 ns
[2023-04-06T07:11:20.164+0000][67][gc,start    ] GC(79) Pause Young (Concurrent Start) (G1 Evacuation Pause)
[2023-04-06T07:11:20.165+0000][67][gc,task     ] GC(79) Using 4 workers of 4 for evacuation
[2023-04-06T07:11:20.165+0000][67][gc,age      ] GC(79) Desired survivor size 6291456 bytes, new threshold 15 (max threshold 15)
[2023-04-06T07:11:20.169+0000][67][gc,phases   ] GC(79)   Pre Evacuate Collection Set: 0.4ms
[2023-04-06T07:11:20.170+0000][67][gc,phases   ] GC(79)   Merge Heap Roots: 0.1ms
[2023-04-06T07:11:20.170+0000][67][gc,phases   ] GC(79)   Evacuate Collection Set: 2.4ms
[2023-04-06T07:11:20.171+0000][67][gc,phases   ] GC(79)   Post Evacuate Collection Set: 0.8ms
[2023-04-06T07:11:20.171+0000][67][gc,phases   ] GC(79)   Other: 0.8ms
[2023-04-06T07:11:20.171+0000][67][gc,age      ] GC(79) Age table with threshold 15 (max threshold 15)
[2023-04-06T07:11:20.172+0000][67][gc,age      ] GC(79) - age   1:     612112 bytes,     612112 total
[2023-04-06T07:11:20.172+0000][67][gc,age      ] GC(79) - age   2:      23344 bytes,     635456 total
[2023-04-06T07:11:20.172+0000][67][gc,age      ] GC(79) - age   3:       2216 bytes,     637672 total
[2023-04-06T07:11:20.173+0000][67][gc,age      ] GC(79) - age   4:       7416 bytes,     645088 total
[2023-04-06T07:11:20.173+0000][67][gc,age      ] GC(79) - age   5:       4120 bytes,     649208 total
[2023-04-06T07:11:20.174+0000][67][gc,age      ] GC(79) - age   6:       1440 bytes,     650648 total
[2023-04-06T07:11:20.174+0000][67][gc,age      ] GC(79) - age   7:     290224 bytes,     940872 total
[2023-04-06T07:11:20.175+0000][67][gc,age      ] GC(79) - age   8:        128 bytes,     941000 total
[2023-04-06T07:11:20.175+0000][67][gc,age      ] GC(79) - age   9:     122976 bytes,    1063976 total
[2023-04-06T07:11:20.176+0000][67][gc,age      ] GC(79) - age  10:       3552 bytes,    1067528 total
[2023-04-06T07:11:20.176+0000][67][gc,age      ] GC(79) - age  11:       5128 bytes,    1072656 total
[2023-04-06T07:11:20.177+0000][67][gc,age      ] GC(79) - age  12:       6232 bytes,    1078888 total
[2023-04-06T07:11:20.177+0000][67][gc,age      ] GC(79) - age  14:       2176 bytes,    1081064 total
[2023-04-06T07:11:20.177+0000][67][gc,age      ] GC(79) - age  15:       2928 bytes,    1083992 total
[2023-04-06T07:11:20.178+0000][67][gc,heap     ] GC(79) Eden regions: 23->0(23)
[2023-04-06T07:11:20.178+0000][67][gc,heap     ] GC(79) Survivor regions: 1->1(3)
[2023-04-06T07:11:20.179+0000][67][gc,heap     ] GC(79) Old regions: 25->25
[2023-04-06T07:11:20.179+0000][67][gc,heap     ] GC(79) Archive regions: 2->2
[2023-04-06T07:11:20.180+0000][67][gc,heap     ] GC(79) Humongous regions: 2->2
[2023-04-06T07:11:20.180+0000][67][gc,metaspace] GC(79) Metaspace: 139305K(142464K)->139305K(142464K) NonClass: 121400K(122688K)->121400K(122688K) Class: 17904K(19776K)->17904K(19776K)
[2023-04-06T07:11:20.180+0000][67][gc          ] GC(79) Pause Young (Concurrent Start) (G1 Evacuation Pause) 202M->109M(256M) 16.037ms
[2023-04-06T07:11:20.181+0000][67][gc,cpu      ] GC(79) User=0.01s Sys=0.01s Real=0.02s
[2023-04-06T07:11:20.181+0000][67][gc          ] GC(80) Concurrent Mark Cycle
[2023-04-06T07:11:20.182+0000][67][gc,marking  ] GC(80) Concurrent Clear Claimed Marks
[2023-04-06T07:11:20.181+0000][67][safepoint   ] Safepoint "G1CollectForAllocation", Time since last: 815180017 ns, Reaching safepoint: 58339 ns, At safepoint: 17056708 ns, Total: 17115047 ns
[2023-04-06T07:11:20.182+0000][67][gc,marking  ] GC(80) Concurrent Clear Claimed Marks 0.732ms
[2023-04-06T07:11:20.184+0000][67][gc,marking  ] GC(80) Concurrent Scan Root Regions
[2023-04-06T07:11:20.186+0000][67][gc,marking  ] GC(80) Concurrent Scan Root Regions 2.215ms
[2023-04-06T07:11:20.186+0000][67][gc,marking  ] GC(80) Concurrent Mark
[2023-04-06T07:11:20.187+0000][67][gc,marking  ] GC(80) Concurrent Mark From Roots
[2023-04-06T07:11:20.187+0000][67][gc,task     ] GC(80) Using 1 workers of 1 for marking
[2023-04-06T07:11:20.295+0000][67][gc,marking  ] GC(80) Concurrent Mark From Roots 108.365ms
[2023-04-06T07:11:20.297+0000][67][gc,marking  ] GC(80) Concurrent Preclean
[2023-04-06T07:11:20.298+0000][67][gc,marking  ] GC(80) Concurrent Preclean 0.960ms
[2023-04-06T07:11:20.298+0000][67][gc,start    ] GC(80) Pause Remark
[2023-04-06T07:11:20.308+0000][67][gc          ] GC(80) Pause Remark 109M->109M(256M) 9.457ms
[2023-04-06T07:11:20.309+0000][67][gc,cpu      ] GC(80) User=0.03s Sys=0.00s Real=0.01s
[2023-04-06T07:11:20.309+0000][67][safepoint   ] Safepoint "G1PauseRemark", Time since last: 117119378 ns, Reaching safepoint: 77162 ns, At safepoint: 10991655 ns, Total: 11068817 ns
[2023-04-06T07:11:20.310+0000][67][gc,marking  ] GC(80) Concurrent Mark 123.624ms
[2023-04-06T07:11:20.311+0000][67][gc,marking  ] GC(80) Concurrent Rebuild Remembered Sets
[2023-04-06T07:11:20.369+0000][67][gc,marking  ] GC(80) Concurrent Rebuild Remembered Sets 57.946ms
[2023-04-06T07:11:20.370+0000][67][gc,start    ] GC(80) Pause Cleanup
[2023-04-06T07:11:20.371+0000][67][gc          ] GC(80) Pause Cleanup 109M->109M(256M) 1.098ms
[2023-04-06T07:11:20.372+0000][67][gc,cpu      ] GC(80) User=0.00s Sys=0.00s Real=0.00s
[2023-04-06T07:11:20.373+0000][67][safepoint   ] Safepoint "G1PauseCleanup", Time since last: 60707888 ns, Reaching safepoint: 196606 ns, At safepoint: 2430850 ns, Total: 2627456 ns
[2023-04-06T07:11:20.374+0000][67][gc,marking  ] GC(80) Concurrent Cleanup for Next Mark
[2023-04-06T07:11:20.375+0000][67][gc,marking  ] GC(80) Concurrent Cleanup for Next Mark 1.376ms
[2023-04-06T07:11:20.376+0000][67][gc          ] GC(80) Concurrent Mark Cycle 195.285ms
[2023-04-06T07:11:26.377+0000][67][safepoint   ] Safepoint "Cleanup", Time since last: 6004123061 ns, Reaching safepoint: 120320 ns, At safepoint: 3856 ns, Total: 124176 ns
[2023-04-06T07:11:32.384+0000][67][safepoint   ] Safepoint "Cleanup", Time since last: 6007209834 ns, Reaching safepoint: 202348 ns, At safepoint: 13125 ns, Total: 215473 ns
[2023-04-06T07:11:34.388+0000][67][safepoint   ] Safepoint "Cleanup", Time since last: 2003267424 ns, Reaching safepoint: 166736 ns, At safepoint: 7286 ns, Total: 174022 ns
[2023-04-06T07:11:37.393+0000][67][safepoint   ] Safepoint "Cleanup", Time since last: 3005157367 ns, Reaching safepoint: 241836 ns, At safepoint: 11452 ns, Total: 253288 ns
[2023-04-06T07:11:38.398+0000][67][safepoint   ] Safepoint "Cleanup", Time since last: 1003470470 ns, Reaching safepoint: 1290680 ns, At safepoint: 16803 ns, Total: 1307483 ns
[2023-04-06T07:11:46.418+0000][67][safepoint   ] Safepoint "Cleanup", Time since last: 8019749415 ns, Reaching safepoint: 317980 ns, At safepoint: 30635 ns, Total: 348615 ns
[2023-04-06T07:11:47.421+0000][67][safepoint   ] Safepoint "Cleanup", Time since last: 1002292807 ns, Reaching safepoint: 605431 ns, At safepoint: 39315 ns, Total: 644746 ns
[2023-04-06T07:11:49.404+0000][67][safepoint   ] Safepoint "Cleanup", Time since last: 2005140712 ns, Reaching safepoint: 218033 ns, At safepoint: 28581 ns, Total: 246614 ns
[2023-04-06T07:11:50.406+0000][67][safepoint   ] Safepoint "Cleanup", Time since last: 1001823264 ns, Reaching safepoint: 123566 ns, At safepoint: 5005 ns, Total: 128571 ns
[2023-04-06T07:11:55.139+0000][67][gc,start    ] GC(81) Pause Young (Normal) (G1 Evacuation Pause)
[2023-04-06T07:11:55.140+0000][67][gc,task     ] GC(81) Using 4 workers of 4 for evacuation
[2023-04-06T07:11:55.142+0000][67][gc,age      ] GC(81) Desired survivor size 6291456 bytes, new threshold 15 (max threshold 15)
[2023-04-06T07:11:55.148+0000][67][gc,phases   ] GC(81)   Pre Evacuate Collection Set: 0.1ms
[2023-04-06T07:11:55.149+0000][67][gc,phases   ] GC(81)   Merge Heap Roots: 0.1ms
[2023-04-06T07:11:55.150+0000][67][gc,phases   ] GC(81)   Evacuate Collection Set: 4.0ms
[2023-04-06T07:11:55.150+0000][67][gc,phases   ] GC(81)   Post Evacuate Collection Set: 1.0ms
[2023-04-06T07:11:55.150+0000][67][gc,phases   ] GC(81)   Other: 2.8ms
[2023-04-06T07:11:55.151+0000][67][gc,age      ] GC(81) Age table with threshold 15 (max threshold 15)
[2023-04-06T07:11:55.151+0000][67][gc,age      ] GC(81) - age   1:    1193024 bytes,    1193024 total
[2023-04-06T07:11:55.152+0000][67][gc,age      ] GC(81) - age   2:     150944 bytes,    1343968 total
[2023-04-06T07:11:55.152+0000][67][gc,age      ] GC(81) - age   3:      16312 bytes,    1360280 total
[2023-04-06T07:11:55.153+0000][67][gc,age      ] GC(81) - age   4:       1792 bytes,    1362072 total
[2023-04-06T07:11:55.153+0000][67][gc,age      ] GC(81) - age   5:       7416 bytes,    1369488 total
[2023-04-06T07:11:55.154+0000][67][gc,age      ] GC(81) - age   6:       4120 bytes,    1373608 total
[2023-04-06T07:11:55.155+0000][67][gc,age      ] GC(81) - age   7:       1440 bytes,    1375048 total
[2023-04-06T07:11:55.155+0000][67][gc,age      ] GC(81) - age   8:     290224 bytes,    1665272 total
[2023-04-06T07:11:55.156+0000][67][gc,age      ] GC(81) - age   9:        128 bytes,    1665400 total
[2023-04-06T07:11:55.157+0000][67][gc,age      ] GC(81) - age  10:     122976 bytes,    1788376 total
[2023-04-06T07:11:55.157+0000][67][gc,age      ] GC(81) - age  11:       3552 bytes,    1791928 total
[2023-04-06T07:11:55.158+0000][67][gc,age      ] GC(81) - age  12:       5128 bytes,    1797056 total
[2023-04-06T07:11:55.158+0000][67][gc,age      ] GC(81) - age  13:       6232 bytes,    1803288 total
[2023-04-06T07:11:55.159+0000][67][gc,age      ] GC(81) - age  15:       2176 bytes,    1805464 total
[2023-04-06T07:11:55.159+0000][67][gc,heap     ] GC(81) Eden regions: 23->0(23)
[2023-04-06T07:11:55.160+0000][67][gc,heap     ] GC(81) Survivor regions: 1->1(3)
[2023-04-06T07:11:55.160+0000][67][gc,heap     ] GC(81) Old regions: 25->25
[2023-04-06T07:11:55.160+0000][67][gc,heap     ] GC(81) Archive regions: 2->2
[2023-04-06T07:11:55.161+0000][67][gc,heap     ] GC(81) Humongous regions: 2->2
[2023-04-06T07:11:55.161+0000][67][gc,metaspace] GC(81) Metaspace: 139342K(142464K)->139342K(142464K) NonClass: 121438K(122688K)->121438K(122688K) Class: 17904K(19776K)->17904K(19776K)
[2023-04-06T07:11:55.162+0000][67][gc          ] GC(81) Pause Young (Normal) (G1 Evacuation Pause) 201M->109M(256M) 22.738ms
[2023-04-06T07:11:55.162+0000][67][gc,cpu      ] GC(81) User=0.01s Sys=0.00s Real=0.02s
[2023-04-06T07:11:55.163+0000][67][safepoint   ] Safepoint "G1CollectForAllocation", Time since last: 4732667314 ns, Reaching safepoint: 334627 ns, At safepoint: 23674949 ns, Total: 24009576 ns
[2023-04-06T07:12:01.168+0000][67][safepoint   ] Safepoint "Cleanup", Time since last: 6004846326 ns, Reaching safepoint: 176650 ns, At safepoint: 68575 ns, Total: 245225 ns
[2023-04-06T07:12:03.170+0000][67][safepoint   ] Safepoint "Cleanup", Time since last: 2001382273 ns, Reaching safepoint: 550472 ns, At safepoint: 8737 ns, Total: 559209 ns
[2023-04-06T07:12:07.174+0000][67][safepoint   ] Safepoint "Cleanup", Time since last: 4004127513 ns, Reaching safepoint: 96280 ns, At safepoint: 5392 ns, Total: 101672 ns
[2023-04-06T07:12:08.178+0000][67][safepoint   ] Safepoint "Cleanup", Time since last: 1003340840 ns, Reaching safepoint: 307445 ns, At safepoint: 11975 ns, Total: 319420 ns
[2023-04-06T07:12:14.184+0000][67][safepoint   ] Safepoint "Cleanup", Time since last: 6006655332 ns, Reaching safepoint: 85413 ns, At safepoint: 3659 ns, Total: 89072 ns
[2023-04-06T07:12:16.189+0000][67][safepoint   ] Safepoint "Cleanup", Time since last: 2003298004 ns, Reaching safepoint: 1488192 ns, At safepoint: 49714 ns, Total: 1537906 ns
[2023-04-06T07:12:17.193+0000][67][safepoint   ] Safepoint "Cleanup", Time since last: 1003101047 ns, Reaching safepoint: 316383 ns, At safepoint: 23640 ns, Total: 340023 ns
[2023-04-06T07:12:20.177+0000][67][safepoint   ] Safepoint "Cleanup", Time since last: 3006106365 ns, Reaching safepoint: 430945 ns, At safepoint: 20648 ns, Total: 451593 ns
[2023-04-06T07:12:21.179+0000][67][safepoint   ] Safepoint "Cleanup", Time since last: 1001727657 ns, Reaching safepoint: 413684 ns, At safepoint: 35537 ns, Total: 449221 ns
[2023-04-06T07:12:25.294+0000][67][gc,start    ] GC(82) Pause Young (Concurrent Start) (G1 Evacuation Pause)
[2023-04-06T07:12:25.295+0000][67][gc,task     ] GC(82) Using 4 workers of 4 for evacuation
[2023-04-06T07:12:25.296+0000][67][gc,age      ] GC(82) Desired survivor size 6291456 bytes, new threshold 15 (max threshold 15)
[2023-04-06T07:12:25.302+0000][67][gc,phases   ] GC(82)   Pre Evacuate Collection Set: 0.4ms
[2023-04-06T07:12:25.303+0000][67][gc,phases   ] GC(82)   Merge Heap Roots: 0.1ms
[2023-04-06T07:12:25.304+0000][67][gc,phases   ] GC(82)   Evacuate Collection Set: 4.1ms
[2023-04-06T07:12:25.304+0000][67][gc,phases   ] GC(82)   Post Evacuate Collection Set: 1.2ms
[2023-04-06T07:12:25.305+0000][67][gc,phases   ] GC(82)   Other: 1.4ms
[2023-04-06T07:12:25.305+0000][67][gc,age      ] GC(82) Age table with threshold 15 (max threshold 15)
[2023-04-06T07:12:25.306+0000][67][gc,age      ] GC(82) - age   1:    1127064 bytes,    1127064 total
[2023-04-06T07:12:25.307+0000][67][gc,age      ] GC(82) - age   2:     147120 bytes,    1274184 total
[2023-04-06T07:12:25.307+0000][67][gc,age      ] GC(82) - age   3:       3072 bytes,    1277256 total
[2023-04-06T07:12:25.308+0000][67][gc,age      ] GC(82) - age   4:      16184 bytes,    1293440 total
[2023-04-06T07:12:25.309+0000][67][gc,age      ] GC(82) - age   5:       1760 bytes,    1295200 total
[2023-04-06T07:12:25.309+0000][67][gc,age      ] GC(82) - age   6:       7120 bytes,    1302320 total
[2023-04-06T07:12:25.310+0000][67][gc,age      ] GC(82) - age   7:       4120 bytes,    1306440 total
[2023-04-06T07:12:25.311+0000][67][gc,age      ] GC(82) - age   8:       1440 bytes,    1307880 total
[2023-04-06T07:12:25.311+0000][67][gc,age      ] GC(82) - age   9:     290224 bytes,    1598104 total
[2023-04-06T07:12:25.312+0000][67][gc,age      ] GC(82) - age  10:        128 bytes,    1598232 total
[2023-04-06T07:12:25.312+0000][67][gc,age      ] GC(82) - age  11:     116264 bytes,    1714496 total
[2023-04-06T07:12:25.313+0000][67][gc,age      ] GC(82) - age  12:       3552 bytes,    1718048 total
[2023-04-06T07:12:25.314+0000][67][gc,age      ] GC(82) - age  13:       5128 bytes,    1723176 total
[2023-04-06T07:12:25.314+0000][67][gc,age      ] GC(82) - age  14:       6232 bytes,    1729408 total
[2023-04-06T07:12:25.315+0000][67][gc,heap     ] GC(82) Eden regions: 23->0(23)
[2023-04-06T07:12:25.315+0000][67][gc,heap     ] GC(82) Survivor regions: 1->1(3)
[2023-04-06T07:12:25.316+0000][67][gc,heap     ] GC(82) Old regions: 25->25
[2023-04-06T07:12:25.317+0000][67][gc,heap     ] GC(82) Archive regions: 2->2
[2023-04-06T07:12:25.317+0000][67][gc,heap     ] GC(82) Humongous regions: 2->2
[2023-04-06T07:12:25.318+0000][67][gc,metaspace] GC(82) Metaspace: 139392K(142528K)->139392K(142528K) NonClass: 121482K(122752K)->121482K(122752K) Class: 17910K(19776K)->17910K(19776K)
[2023-04-06T07:12:25.318+0000][67][gc          ] GC(82) Pause Young (Concurrent Start) (G1 Evacuation Pause) 201M->109M(256M) 24.349ms
[2023-04-06T07:12:25.319+0000][67][gc          ] GC(83) Concurrent Mark Cycle
[2023-04-06T07:12:25.320+0000][67][gc,marking  ] GC(83) Concurrent Clear Claimed Marks
[2023-04-06T07:12:25.320+0000][67][gc,marking  ] GC(83) Concurrent Clear Claimed Marks 0.908ms
[2023-04-06T07:12:25.321+0000][67][gc,marking  ] GC(83) Concurrent Scan Root Regions
[2023-04-06T07:12:25.319+0000][67][gc,cpu      ] GC(82) User=0.01s Sys=0.01s Real=0.03s
[2023-04-06T07:12:25.323+0000][67][safepoint   ] Safepoint "G1CollectForAllocation", Time since last: 4114548114 ns, Reaching safepoint: 62715 ns, At safepoint: 28440802 ns, Total: 28503517 ns
[2023-04-06T07:12:25.325+0000][67][gc,marking  ] GC(83) Concurrent Scan Root Regions 3.612ms
[2023-04-06T07:12:25.327+0000][67][gc,marking  ] GC(83) Concurrent Mark
[2023-04-06T07:12:25.327+0000][67][gc,marking  ] GC(83) Concurrent Mark From Roots
[2023-04-06T07:12:25.328+0000][67][gc,task     ] GC(83) Using 1 workers of 1 for marking
[2023-04-06T07:12:25.458+0000][67][gc,marking  ] GC(83) Concurrent Mark From Roots 130.127ms
[2023-04-06T07:12:25.459+0000][67][gc,marking  ] GC(83) Concurrent Preclean
[2023-04-06T07:12:25.460+0000][67][gc,marking  ] GC(83) Concurrent Preclean 1.277ms
[2023-04-06T07:12:25.461+0000][67][gc,start    ] GC(83) Pause Remark
[2023-04-06T07:12:25.472+0000][67][gc          ] GC(83) Pause Remark 113M->113M(256M) 10.606ms
[2023-04-06T07:12:25.473+0000][67][gc,cpu      ] GC(83) User=0.03s Sys=0.00s Real=0.01s
[2023-04-06T07:12:25.473+0000][67][safepoint   ] Safepoint "G1PauseRemark", Time since last: 138486282 ns, Reaching safepoint: 143065 ns, At safepoint: 12354568 ns, Total: 12497633 ns
[2023-04-06T07:12:25.474+0000][67][gc,marking  ] GC(83) Concurrent Mark 147.611ms
[2023-04-06T07:12:25.475+0000][67][gc,marking  ] GC(83) Concurrent Rebuild Remembered Sets
[2023-04-06T07:12:25.534+0000][67][gc,marking  ] GC(83) Concurrent Rebuild Remembered Sets 59.407ms
[2023-04-06T07:12:25.536+0000][67][gc,start    ] GC(83) Pause Cleanup
[2023-04-06T07:12:25.537+0000][67][gc          ] GC(83) Pause Cleanup 113M->113M(256M) 1.120ms
[2023-04-06T07:12:25.538+0000][67][gc,cpu      ] GC(83) User=0.00s Sys=0.00s Real=0.00s
[2023-04-06T07:12:25.539+0000][67][safepoint   ] Safepoint "G1PauseCleanup", Time since last: 62111182 ns, Reaching safepoint: 207426 ns, At safepoint: 3376860 ns, Total: 3584286 ns
[2023-04-06T07:12:25.540+0000][67][gc,marking  ] GC(83) Concurrent Cleanup for Next Mark
[2023-04-06T07:12:25.542+0000][67][gc,marking  ] GC(83) Concurrent Cleanup for Next Mark 1.717ms
[2023-04-06T07:12:25.543+0000][67][gc          ] GC(83) Concurrent Mark Cycle 223.430ms
[2023-04-06T07:12:32.549+0000][67][safepoint   ] Safepoint "Cleanup", Time since last: 7009550206 ns, Reaching safepoint: 184851 ns, At safepoint: 6259 ns, Total: 191110 ns
[2023-04-06T07:12:34.552+0000][67][safepoint   ] Safepoint "Cleanup", Time since last: 2002573792 ns, Reaching safepoint: 227104 ns, At safepoint: 6814 ns, Total: 233918 ns
[2023-04-06T07:12:37.557+0000][67][safepoint   ] Safepoint "Cleanup", Time since last: 3005119943 ns, Reaching safepoint: 322027 ns, At safepoint: 6240 ns, Total: 328267 ns
[2023-04-06T07:12:38.560+0000][67][safepoint   ] Safepoint "Cleanup", Time since last: 1002062618 ns, Reaching safepoint: 424829 ns, At safepoint: 27163 ns, Total: 451992 ns
[2023-04-06T07:12:40.563+0000][67][safepoint   ] Safepoint "Cleanup", Time since last: 2003396325 ns, Reaching safepoint: 190286 ns, At safepoint: 13672 ns, Total: 203958 ns
[2023-04-06T07:12:43.566+0000][67][safepoint   ] Safepoint "Cleanup", Time since last: 3002119958 ns, Reaching safepoint: 324543 ns, At safepoint: 10394 ns, Total: 334937 ns
[2023-04-06T07:12:44.569+0000][67][safepoint   ] Safepoint "Cleanup", Time since last: 1002911554 ns, Reaching safepoint: 318032 ns, At safepoint: 9347 ns, Total: 327379 ns
[2023-04-06T07:12:46.500+0000][67][gc,start    ] GC(84) Pause Young (Normal) (G1 Evacuation Pause)
[2023-04-06T07:12:46.501+0000][67][gc,task     ] GC(84) Using 4 workers of 4 for evacuation
[2023-04-06T07:12:46.502+0000][67][gc,age      ] GC(84) Desired survivor size 6291456 bytes, new threshold 15 (max threshold 15)
[2023-04-06T07:12:46.507+0000][67][gc,phases   ] GC(84)   Pre Evacuate Collection Set: 0.1ms
[2023-04-06T07:12:46.508+0000][67][gc,phases   ] GC(84)   Merge Heap Roots: 0.1ms
[2023-04-06T07:12:46.509+0000][67][gc,phases   ] GC(84)   Evacuate Collection Set: 3.1ms
[2023-04-06T07:12:46.509+0000][67][gc,phases   ] GC(84)   Post Evacuate Collection Set: 0.8ms
[2023-04-06T07:12:46.510+0000][67][gc,phases   ] GC(84)   Other: 1.3ms
[2023-04-06T07:12:46.510+0000][67][gc,age      ] GC(84) Age table with threshold 15 (max threshold 15)
[2023-04-06T07:12:46.511+0000][67][gc,age      ] GC(84) - age   1:    2036808 bytes,    2036808 total
[2023-04-06T07:12:46.511+0000][67][gc,age      ] GC(84) - age   2:     175672 bytes,    2212480 total
[2023-04-06T07:12:46.512+0000][67][gc,age      ] GC(84) - age   3:       1576 bytes,    2214056 total
[2023-04-06T07:12:46.512+0000][67][gc,age      ] GC(84) - age   4:       3008 bytes,    2217064 total
[2023-04-06T07:12:46.513+0000][67][gc,age      ] GC(84) - age   5:      16184 bytes,    2233248 total
[2023-04-06T07:12:46.513+0000][67][gc,age      ] GC(84) - age   6:       1760 bytes,    2235008 total
[2023-04-06T07:12:46.514+0000][67][gc,age      ] GC(84) - age   7:       7120 bytes,    2242128 total
[2023-04-06T07:12:46.515+0000][67][gc,age      ] GC(84) - age   8:       4120 bytes,    2246248 total
[2023-04-06T07:12:46.515+0000][67][gc,age      ] GC(84) - age   9:       1440 bytes,    2247688 total
[2023-04-06T07:12:46.516+0000][67][gc,age      ] GC(84) - age  10:     289496 bytes,    2537184 total
[2023-04-06T07:12:46.517+0000][67][gc,age      ] GC(84) - age  11:        128 bytes,    2537312 total
[2023-04-06T07:12:46.517+0000][67][gc,age      ] GC(84) - age  12:     116264 bytes,    2653576 total
[2023-04-06T07:12:46.517+0000][67][gc,age      ] GC(84) - age  13:       3520 bytes,    2657096 total
[2023-04-06T07:12:46.518+0000][67][gc,age      ] GC(84) - age  14:       5128 bytes,    2662224 total
[2023-04-06T07:12:46.518+0000][67][gc,age      ] GC(84) - age  15:       6232 bytes,    2668456 total
[2023-04-06T07:12:46.519+0000][67][gc,heap     ] GC(84) Eden regions: 23->0(22)
[2023-04-06T07:12:46.519+0000][67][gc,heap     ] GC(84) Survivor regions: 1->1(3)
[2023-04-06T07:12:46.520+0000][67][gc,heap     ] GC(84) Old regions: 25->25
[2023-04-06T07:12:46.520+0000][67][gc,heap     ] GC(84) Archive regions: 2->2
[2023-04-06T07:12:46.521+0000][67][gc,heap     ] GC(84) Humongous regions: 2->2
[2023-04-06T07:12:46.522+0000][67][gc,metaspace] GC(84) Metaspace: 139416K(142528K)->139416K(142528K) NonClass: 121505K(122752K)->121505K(122752K) Class: 17910K(19776K)->17910K(19776K)
[2023-04-06T07:12:46.523+0000][67][gc          ] GC(84) Pause Young (Normal) (G1 Evacuation Pause) 201M->110M(256M) 22.499ms
[2023-04-06T07:12:46.524+0000][67][gc,cpu      ] GC(84) User=0.01s Sys=0.00s Real=0.02s
[2023-04-06T07:12:46.525+0000][67][safepoint   ] Safepoint "G1CollectForAllocation", Time since last: 1931203922 ns, Reaching safepoint: 92303 ns, At safepoint: 24406465 ns, Total: 24498768 ns
[2023-04-06T07:12:49.506+0000][67][safepoint   ] Safepoint "Cleanup", Time since last: 3003367053 ns, Reaching safepoint: 319161 ns, At safepoint: 7938 ns, Total: 327099 ns
[2023-04-06T07:12:50.510+0000][67][safepoint   ] Safepoint "Cleanup", Time since last: 1003700231 ns, Reaching safepoint: 219254 ns, At safepoint: 7521 ns, Total: 226775 ns
[2023-04-06T07:12:51.517+0000][67][safepoint   ] Safepoint "Cleanup", Time since last: 1005877185 ns, Reaching safepoint: 615933 ns, At safepoint: 118338 ns, Total: 734271 ns
[2023-04-06T07:12:54.522+0000][67][safepoint   ] Safepoint "Cleanup", Time since last: 3004454998 ns, Reaching safepoint: 805347 ns, At safepoint: 315241 ns, Total: 1120588 ns
[2023-04-06T07:12:55.525+0000][67][safepoint   ] Safepoint "Cleanup", Time since last: 1002504127 ns, Reaching safepoint: 198534 ns, At safepoint: 14212 ns, Total: 212746 ns
[2023-04-06T07:12:58.529+0000][67][safepoint   ] Safepoint "Cleanup", Time since last: 3003354181 ns, Reaching safepoint: 618046 ns, At safepoint: 24359 ns, Total: 642405 ns
[2023-04-06T07:13:00.537+0000][67][safepoint   ] Safepoint "Cleanup", Time since last: 2006809279 ns, Reaching safepoint: 634172 ns, At safepoint: 121351 ns, Total: 755523 ns
[2023-04-06T07:13:01.539+0000][67][safepoint   ] Safepoint "Cleanup", Time since last: 1002753014 ns, Reaching safepoint: 83871 ns, At safepoint: 3545 ns, Total: 87416 ns
[2023-04-06T07:13:02.541+0000][67][safepoint   ] Safepoint "Cleanup", Time since last: 1001292358 ns, Reaching safepoint: 332351 ns, At safepoint: 11080 ns, Total: 343431 ns
[2023-04-06T07:13:03.546+0000][67][safepoint   ] Safepoint "Cleanup", Time since last: 1004117289 ns, Reaching safepoint: 609804 ns, At safepoint: 29210 ns, Total: 639014 ns
[2023-04-06T07:13:04.552+0000][67][safepoint   ] Safepoint "Cleanup", Time since last: 1005613442 ns, Reaching safepoint: 140767 ns, At safepoint: 6772 ns, Total: 147539 ns
[2023-04-06T07:13:06.554+0000][67][safepoint   ] Safepoint "Cleanup", Time since last: 2002394744 ns, Reaching safepoint: 139314 ns, At safepoint: 5078 ns, Total: 144392 ns
[2023-04-06T07:13:13.444+0000][67][gc,start    ] GC(85) Pause Young (Concurrent Start) (G1 Evacuation Pause)
[2023-04-06T07:13:13.445+0000][67][gc,task     ] GC(85) Using 4 workers of 4 for evacuation
[2023-04-06T07:13:13.445+0000][67][gc,age      ] GC(85) Desired survivor size 6291456 bytes, new threshold 15 (max threshold 15)
[2023-04-06T07:13:13.450+0000][67][gc,phases   ] GC(85)   Pre Evacuate Collection Set: 0.4ms
[2023-04-06T07:13:13.452+0000][67][gc,phases   ] GC(85)   Merge Heap Roots: 0.2ms
[2023-04-06T07:13:13.453+0000][67][gc,phases   ] GC(85)   Evacuate Collection Set: 2.4ms
[2023-04-06T07:13:13.454+0000][67][gc,phases   ] GC(85)   Post Evacuate Collection Set: 1.1ms
[2023-04-06T07:13:13.454+0000][67][gc,phases   ] GC(85)   Other: 1.7ms
[2023-04-06T07:13:13.455+0000][67][gc,age      ] GC(85) Age table with threshold 15 (max threshold 15)
[2023-04-06T07:13:13.455+0000][67][gc,age      ] GC(85) - age   1:    1135264 bytes,    1135264 total
[2023-04-06T07:13:13.456+0000][67][gc,age      ] GC(85) - age   2:     194872 bytes,    1330136 total
[2023-04-06T07:13:13.457+0000][67][gc,age      ] GC(85) - age   3:      27088 bytes,    1357224 total
[2023-04-06T07:13:13.457+0000][67][gc,age      ] GC(85) - age   4:       1320 bytes,    1358544 total
[2023-04-06T07:13:13.458+0000][67][gc,age      ] GC(85) - age   5:       2400 bytes,    1360944 total
[2023-04-06T07:13:13.458+0000][67][gc,age      ] GC(85) - age   6:      16104 bytes,    1377048 total
[2023-04-06T07:13:13.459+0000][67][gc,age      ] GC(85) - age   7:       1760 bytes,    1378808 total
[2023-04-06T07:13:13.460+0000][67][gc,age      ] GC(85) - age   8:       7120 bytes,    1385928 total
[2023-04-06T07:13:13.460+0000][67][gc,age      ] GC(85) - age   9:       3544 bytes,    1389472 total
[2023-04-06T07:13:13.461+0000][67][gc,age      ] GC(85) - age  10:       1440 bytes,    1390912 total
[2023-04-06T07:13:13.462+0000][67][gc,age      ] GC(85) - age  11:      26712 bytes,    1417624 total
[2023-04-06T07:13:13.462+0000][67][gc,age      ] GC(85) - age  12:        128 bytes,    1417752 total
[2023-04-06T07:13:13.463+0000][67][gc,age      ] GC(85) - age  13:     116264 bytes,    1534016 total
[2023-04-06T07:13:13.464+0000][67][gc,age      ] GC(85) - age  14:       3520 bytes,    1537536 total
[2023-04-06T07:13:13.464+0000][67][gc,age      ] GC(85) - age  15:       5128 bytes,    1542664 total
[2023-04-06T07:13:13.465+0000][67][gc,heap     ] GC(85) Eden regions: 22->0(23)
[2023-04-06T07:13:13.465+0000][67][gc,heap     ] GC(85) Survivor regions: 1->1(3)
[2023-04-06T07:13:13.466+0000][67][gc,heap     ] GC(85) Old regions: 25->25
[2023-04-06T07:13:13.466+0000][67][gc,heap     ] GC(85) Archive regions: 2->2
[2023-04-06T07:13:13.467+0000][67][gc,heap     ] GC(85) Humongous regions: 2->2
[2023-04-06T07:13:13.468+0000][67][gc,metaspace] GC(85) Metaspace: 139444K(142592K)->139444K(142592K) NonClass: 121533K(122816K)->121533K(122816K) Class: 17910K(19776K)->17910K(19776K)
[2023-04-06T07:13:13.468+0000][67][gc          ] GC(85) Pause Young (Concurrent Start) (G1 Evacuation Pause) 198M->109M(256M) 24.524ms
[2023-04-06T07:13:13.469+0000][67][gc          ] GC(86) Concurrent Mark Cycle
[2023-04-06T07:13:13.469+0000][67][gc,marking  ] GC(86) Concurrent Clear Claimed Marks
[2023-04-06T07:13:13.470+0000][67][gc,marking  ] GC(86) Concurrent Clear Claimed Marks 0.848ms
[2023-04-06T07:13:13.471+0000][67][gc,marking  ] GC(86) Concurrent Scan Root Regions
[2023-04-06T07:13:13.469+0000][67][gc,cpu      ] GC(85) User=0.01s Sys=0.00s Real=0.02s
[2023-04-06T07:13:13.474+0000][67][safepoint   ] Safepoint "G1CollectForAllocation", Time since last: 6889455116 ns, Reaching safepoint: 96700 ns, At safepoint: 30128443 ns, Total: 30225143 ns
[2023-04-06T07:13:13.473+0000][67][gc,marking  ] GC(86) Concurrent Scan Root Regions 2.771ms
[2023-04-06T07:13:13.476+0000][67][gc,marking  ] GC(86) Concurrent Mark
[2023-04-06T07:13:13.477+0000][67][gc,marking  ] GC(86) Concurrent Mark From Roots
[2023-04-06T07:13:13.477+0000][67][gc,task     ] GC(86) Using 1 workers of 1 for marking
[2023-04-06T07:13:13.592+0000][67][gc,marking  ] GC(86) Concurrent Mark From Roots 115.230ms
[2023-04-06T07:13:13.593+0000][67][gc,marking  ] GC(86) Concurrent Preclean
[2023-04-06T07:13:13.595+0000][67][gc,marking  ] GC(86) Concurrent Preclean 2.018ms
[2023-04-06T07:13:13.596+0000][67][gc,start    ] GC(86) Pause Remark
[2023-04-06T07:13:13.608+0000][67][gc          ] GC(86) Pause Remark 111M->111M(256M) 11.931ms
[2023-04-06T07:13:13.609+0000][67][gc,cpu      ] GC(86) User=0.03s Sys=0.00s Real=0.01s
[2023-04-06T07:13:13.610+0000][67][safepoint   ] Safepoint "G1PauseRemark", Time since last: 122488949 ns, Reaching safepoint: 152706 ns, At safepoint: 13820114 ns, Total: 13972820 ns
[2023-04-06T07:13:13.611+0000][67][gc,marking  ] GC(86) Concurrent Mark 135.022ms
[2023-04-06T07:13:13.612+0000][67][gc,marking  ] GC(86) Concurrent Rebuild Remembered Sets
[2023-04-06T07:13:13.669+0000][67][gc,marking  ] GC(86) Concurrent Rebuild Remembered Sets 56.713ms
[2023-04-06T07:13:13.670+0000][67][gc,start    ] GC(86) Pause Cleanup
[2023-04-06T07:13:13.672+0000][67][gc          ] GC(86) Pause Cleanup 111M->111M(256M) 1.571ms
[2023-04-06T07:13:13.673+0000][67][gc,cpu      ] GC(86) User=0.00s Sys=0.01s Real=0.01s
[2023-04-06T07:13:13.674+0000][67][safepoint   ] Safepoint "G1PauseCleanup", Time since last: 59910000 ns, Reaching safepoint: 131767 ns, At safepoint: 3391070 ns, Total: 3522837 ns
[2023-04-06T07:13:13.675+0000][67][gc,marking  ] GC(86) Concurrent Cleanup for Next Mark
[2023-04-06T07:13:13.676+0000][67][gc,marking  ] GC(86) Concurrent Cleanup for Next Mark 1.410ms
[2023-04-06T07:13:13.677+0000][67][gc          ] GC(86) Concurrent Mark Cycle 208.091ms
[2023-04-06T07:13:16.676+0000][67][safepoint   ] Safepoint "Cleanup", Time since last: 3002142177 ns, Reaching safepoint: 367981 ns, At safepoint: 219934 ns, Total: 587915 ns
[2023-04-06T07:13:19.661+0000][67][safepoint   ] Safepoint "Cleanup", Time since last: 3006717926 ns, Reaching safepoint: 202244 ns, At safepoint: 28500 ns, Total: 230744 ns
[2023-04-06T07:13:20.662+0000][67][safepoint   ] Safepoint "Cleanup", Time since last: 1001222315 ns, Reaching safepoint: 411733 ns, At safepoint: 9198 ns, Total: 420931 ns
[2023-04-06T07:13:21.666+0000][67][safepoint   ] Safepoint "Cleanup", Time since last: 1003306453 ns, Reaching safepoint: 510247 ns, At safepoint: 37518 ns, Total: 547765 ns
[2023-04-06T07:13:22.669+0000][67][safepoint   ] Safepoint "Cleanup", Time since last: 1002014452 ns, Reaching safepoint: 330808 ns, At safepoint: 8873 ns, Total: 339681 ns
[2023-04-06T07:13:25.690+0000][67][safepoint   ] Safepoint "Cleanup", Time since last: 3020548462 ns, Reaching safepoint: 280553 ns, At safepoint: 12499 ns, Total: 293052 ns
[2023-04-06T07:13:31.726+0000][67][safepoint   ] Safepoint "Cleanup", Time since last: 6035965224 ns, Reaching safepoint: 134843 ns, At safepoint: 13591 ns, Total: 148434 ns
[2023-04-06T07:13:33.729+0000][67][safepoint   ] Safepoint "Cleanup", Time since last: 2002851889 ns, Reaching safepoint: 370913 ns, At safepoint: 26832 ns, Total: 397745 ns
[2023-04-06T07:13:37.733+0000][67][safepoint   ] Safepoint "Cleanup", Time since last: 4004331216 ns, Reaching safepoint: 224077 ns, At safepoint: 6822 ns, Total: 230899 ns
[2023-04-06T07:13:38.737+0000][67][safepoint   ] Safepoint "Cleanup", Time since last: 1003510959 ns, Reaching safepoint: 197333 ns, At safepoint: 6328 ns, Total: 203661 ns
[2023-04-06T07:13:40.741+0000][67][safepoint   ] Safepoint "Cleanup", Time since last: 2003565417 ns, Reaching safepoint: 485814 ns, At safepoint: 132513 ns, Total: 618327 ns
[2023-04-06T07:13:41.744+0000][67][safepoint   ] Safepoint "Cleanup", Time since last: 1002248379 ns, Reaching safepoint: 106594 ns, At safepoint: 3549 ns, Total: 110143 ns
[2023-04-06T07:13:43.167+0000][67][gc,start    ] GC(87) Pause Young (Normal) (G1 Evacuation Pause)
[2023-04-06T07:13:43.169+0000][67][gc,task     ] GC(87) Using 4 workers of 4 for evacuation
[2023-04-06T07:13:43.169+0000][67][gc,age      ] GC(87) Desired survivor size 6291456 bytes, new threshold 15 (max threshold 15)
[2023-04-06T07:13:43.173+0000][67][gc,phases   ] GC(87)   Pre Evacuate Collection Set: 0.1ms
[2023-04-06T07:13:43.173+0000][67][gc,phases   ] GC(87)   Merge Heap Roots: 0.0ms
[2023-04-06T07:13:43.174+0000][67][gc,phases   ] GC(87)   Evacuate Collection Set: 1.9ms
[2023-04-06T07:13:43.174+0000][67][gc,phases   ] GC(87)   Post Evacuate Collection Set: 0.9ms
[2023-04-06T07:13:43.175+0000][67][gc,phases   ] GC(87)   Other: 1.0ms
[2023-04-06T07:13:43.175+0000][67][gc,age      ] GC(87) Age table with threshold 15 (max threshold 15)
[2023-04-06T07:13:43.176+0000][67][gc,age      ] GC(87) - age   1:    1175424 bytes,    1175424 total
[2023-04-06T07:13:43.176+0000][67][gc,age      ] GC(87) - age   2:     270480 bytes,    1445904 total
[2023-04-06T07:13:43.177+0000][67][gc,age      ] GC(87) - age   3:     176712 bytes,    1622616 total
[2023-04-06T07:13:43.177+0000][67][gc,age      ] GC(87) - age   4:      26072 bytes,    1648688 total
[2023-04-06T07:13:43.178+0000][67][gc,age      ] GC(87) - age   5:       1320 bytes,    1650008 total
[2023-04-06T07:13:43.179+0000][67][gc,age      ] GC(87) - age   6:       2040 bytes,    1652048 total
[2023-04-06T07:13:43.179+0000][67][gc,age      ] GC(87) - age   7:       7672 bytes,    1659720 total
[2023-04-06T07:13:43.180+0000][67][gc,age      ] GC(87) - age   8:       1760 bytes,    1661480 total
[2023-04-06T07:13:43.181+0000][67][gc,age      ] GC(87) - age   9:       7120 bytes,    1668600 total
[2023-04-06T07:13:43.181+0000][67][gc,age      ] GC(87) - age  10:       3544 bytes,    1672144 total
[2023-04-06T07:13:43.182+0000][67][gc,age      ] GC(87) - age  11:       1440 bytes,    1673584 total
[2023-04-06T07:13:43.182+0000][67][gc,age      ] GC(87) - age  12:      26144 bytes,    1699728 total
[2023-04-06T07:13:43.183+0000][67][gc,age      ] GC(87) - age  13:        128 bytes,    1699856 total
[2023-04-06T07:13:43.184+0000][67][gc,age      ] GC(87) - age  14:     116264 bytes,    1816120 total
[2023-04-06T07:13:43.184+0000][67][gc,age      ] GC(87) - age  15:       3520 bytes,    1819640 total
[2023-04-06T07:13:43.185+0000][67][gc,heap     ] GC(87) Eden regions: 23->0(23)
[2023-04-06T07:13:43.185+0000][67][gc,heap     ] GC(87) Survivor regions: 1->1(3)
[2023-04-06T07:13:43.185+0000][67][gc,heap     ] GC(87) Old regions: 25->25
[2023-04-06T07:13:43.186+0000][67][gc,heap     ] GC(87) Archive regions: 2->2
[2023-04-06T07:13:43.186+0000][67][gc,heap     ] GC(87) Humongous regions: 2->2
[2023-04-06T07:13:43.187+0000][67][gc,metaspace] GC(87) Metaspace: 139478K(142592K)->139478K(142592K) NonClass: 121568K(122816K)->121568K(122816K) Class: 17910K(19776K)->17910K(19776K)
[2023-04-06T07:13:43.187+0000][67][gc          ] GC(87) Pause Young (Normal) (G1 Evacuation Pause) 201M->109M(256M) 19.838ms
[2023-04-06T07:13:43.188+0000][67][gc,cpu      ] GC(87) User=0.00s Sys=0.00s Real=0.02s
[2023-04-06T07:13:43.188+0000][67][safepoint   ] Safepoint "G1CollectForAllocation", Time since last: 1423446008 ns, Reaching safepoint: 99652 ns, At safepoint: 20900873 ns, Total: 21000525 ns
[2023-04-06T07:13:44.190+0000][67][safepoint   ] Safepoint "Cleanup", Time since last: 1001722420 ns, Reaching safepoint: 254533 ns, At safepoint: 10962 ns, Total: 265495 ns
[2023-04-06T07:13:50.176+0000][67][safepoint   ] Safepoint "Cleanup", Time since last: 6007163365 ns, Reaching safepoint: 569219 ns, At safepoint: 90135 ns, Total: 659354 ns
[2023-04-06T07:13:54.182+0000][67][safepoint   ] Safepoint "Cleanup", Time since last: 4005053464 ns, Reaching safepoint: 451049 ns, At safepoint: 11400 ns, Total: 462449 ns
[2023-04-06T07:14:02.188+0000][67][safepoint   ] Safepoint "Cleanup", Time since last: 8006054229 ns, Reaching safepoint: 57374 ns, At safepoint: 2804 ns, Total: 60178 ns
[2023-04-06T07:14:06.191+0000][67][safepoint   ] Safepoint "Cleanup", Time since last: 4003349622 ns, Reaching safepoint: 135327 ns, At safepoint: 8580 ns, Total: 143907 ns
[2023-04-06T07:14:08.195+0000][67][safepoint   ] Safepoint "Cleanup", Time since last: 2003299329 ns, Reaching safepoint: 150968 ns, At safepoint: 10846 ns, Total: 161814 ns
[2023-04-06T07:14:13.842+0000][67][gc,start    ] GC(88) Pause Young (Concurrent Start) (G1 Evacuation Pause)
[2023-04-06T07:14:13.842+0000][67][gc,task     ] GC(88) Using 4 workers of 4 for evacuation
[2023-04-06T07:14:13.843+0000][67][gc,age      ] GC(88) Desired survivor size 6291456 bytes, new threshold 15 (max threshold 15)
[2023-04-06T07:14:13.848+0000][67][gc,phases   ] GC(88)   Pre Evacuate Collection Set: 0.3ms
[2023-04-06T07:14:13.849+0000][67][gc,phases   ] GC(88)   Merge Heap Roots: 0.0ms
[2023-04-06T07:14:13.849+0000][67][gc,phases   ] GC(88)   Evacuate Collection Set: 3.7ms
[2023-04-06T07:14:13.850+0000][67][gc,phases   ] GC(88)   Post Evacuate Collection Set: 0.7ms
[2023-04-06T07:14:13.850+0000][67][gc,phases   ] GC(88)   Other: 1.0ms
[2023-04-06T07:14:13.851+0000][67][gc,age      ] GC(88) Age table with threshold 15 (max threshold 15)
[2023-04-06T07:14:13.851+0000][67][gc,age      ] GC(88) - age   1:    1233304 bytes,    1233304 total
[2023-04-06T07:14:13.852+0000][67][gc,age      ] GC(88) - age   2:      26480 bytes,    1259784 total
[2023-04-06T07:14:13.852+0000][67][gc,age      ] GC(88) - age   3:     269800 bytes,    1529584 total
[2023-04-06T07:14:13.852+0000][67][gc,age      ] GC(88) - age   4:     176584 bytes,    1706168 total
[2023-04-06T07:14:13.853+0000][67][gc,age      ] GC(88) - age   5:      25984 bytes,    1732152 total
[2023-04-06T07:14:13.853+0000][67][gc,age      ] GC(88) - age   6:       1320 bytes,    1733472 total
[2023-04-06T07:14:13.854+0000][67][gc,age      ] GC(88) - age   7:       2040 bytes,    1735512 total
[2023-04-06T07:14:13.854+0000][67][gc,age      ] GC(88) - age   8:       7672 bytes,    1743184 total
[2023-04-06T07:14:13.854+0000][67][gc,age      ] GC(88) - age   9:       1760 bytes,    1744944 total
[2023-04-06T07:14:13.855+0000][67][gc,age      ] GC(88) - age  10:       7120 bytes,    1752064 total
[2023-04-06T07:14:13.855+0000][67][gc,age      ] GC(88) - age  11:       3544 bytes,    1755608 total
[2023-04-06T07:14:13.856+0000][67][gc,age      ] GC(88) - age  12:       1440 bytes,    1757048 total
[2023-04-06T07:14:13.856+0000][67][gc,age      ] GC(88) - age  13:      26080 bytes,    1783128 total
[2023-04-06T07:14:13.857+0000][67][gc,age      ] GC(88) - age  14:        128 bytes,    1783256 total
[2023-04-06T07:14:13.857+0000][67][gc,age      ] GC(88) - age  15:     116264 bytes,    1899520 total
[2023-04-06T07:14:13.857+0000][67][gc,heap     ] GC(88) Eden regions: 23->0(23)
[2023-04-06T07:14:13.858+0000][67][gc,heap     ] GC(88) Survivor regions: 1->1(3)
[2023-04-06T07:14:13.858+0000][67][gc,heap     ] GC(88) Old regions: 25->25
[2023-04-06T07:14:13.858+0000][67][gc,heap     ] GC(88) Archive regions: 2->2
[2023-04-06T07:14:13.859+0000][67][gc,heap     ] GC(88) Humongous regions: 2->2
[2023-04-06T07:14:13.859+0000][67][gc,metaspace] GC(88) Metaspace: 139484K(142656K)->139484K(142656K) NonClass: 121574K(122880K)->121574K(122880K) Class: 17910K(19776K)->17910K(19776K)
[2023-04-06T07:14:13.860+0000][67][gc          ] GC(88) Pause Young (Concurrent Start) (G1 Evacuation Pause) 201M->109M(256M) 18.155ms
[2023-04-06T07:14:13.860+0000][67][gc          ] GC(89) Concurrent Mark Cycle
[2023-04-06T07:14:13.861+0000][67][gc,marking  ] GC(89) Concurrent Clear Claimed Marks
[2023-04-06T07:14:13.860+0000][67][gc,cpu      ] GC(88) User=0.00s Sys=0.01s Real=0.02s
[2023-04-06T07:14:13.862+0000][67][gc,marking  ] GC(89) Concurrent Clear Claimed Marks 0.881ms
[2023-04-06T07:14:13.863+0000][67][gc,marking  ] GC(89) Concurrent Scan Root Regions
[2023-04-06T07:14:13.863+0000][67][safepoint   ] Safepoint "G1CollectForAllocation", Time since last: 5646690809 ns, Reaching safepoint: 38898 ns, At safepoint: 21079086 ns, Total: 21117984 ns
[2023-04-06T07:14:13.866+0000][67][gc,marking  ] GC(89) Concurrent Scan Root Regions 2.668ms
[2023-04-06T07:14:13.867+0000][67][gc,marking  ] GC(89) Concurrent Mark
[2023-04-06T07:14:13.867+0000][67][gc,marking  ] GC(89) Concurrent Mark From Roots
[2023-04-06T07:14:13.868+0000][67][gc,task     ] GC(89) Using 1 workers of 1 for marking
[2023-04-06T07:14:13.984+0000][67][gc,marking  ] GC(89) Concurrent Mark From Roots 117.173ms
[2023-04-06T07:14:13.986+0000][67][gc,marking  ] GC(89) Concurrent Preclean
[2023-04-06T07:14:13.986+0000][67][gc,marking  ] GC(89) Concurrent Preclean 0.888ms
[2023-04-06T07:14:13.987+0000][67][gc,start    ] GC(89) Pause Remark
[2023-04-06T07:14:13.999+0000][67][gc          ] GC(89) Pause Remark 110M->110M(256M) 11.797ms
[2023-04-06T07:14:14.000+0000][67][gc,cpu      ] GC(89) User=0.03s Sys=0.00s Real=0.02s
[2023-04-06T07:14:14.001+0000][67][safepoint   ] Safepoint "G1PauseRemark", Time since last: 124466717 ns, Reaching safepoint: 85343 ns, At safepoint: 13387401 ns, Total: 13472744 ns
[2023-04-06T07:14:14.001+0000][67][gc,marking  ] GC(89) Concurrent Mark 134.163ms
[2023-04-06T07:14:14.001+0000][67][gc,marking  ] GC(89) Concurrent Rebuild Remembered Sets
[2023-04-06T07:14:14.060+0000][67][gc,marking  ] GC(89) Concurrent Rebuild Remembered Sets 58.162ms
[2023-04-06T07:14:14.061+0000][67][gc,start    ] GC(89) Pause Cleanup
[2023-04-06T07:14:14.062+0000][67][gc          ] GC(89) Pause Cleanup 111M->111M(256M) 1.356ms
[2023-04-06T07:14:14.063+0000][67][gc,cpu      ] GC(89) User=0.00s Sys=0.00s Real=0.00s
[2023-04-06T07:14:14.064+0000][67][safepoint   ] Safepoint "G1PauseCleanup", Time since last: 60383933 ns, Reaching safepoint: 126227 ns, At safepoint: 2983632 ns, Total: 3109859 ns
[2023-04-06T07:14:14.065+0000][67][gc,marking  ] GC(89) Concurrent Cleanup for Next Mark
[2023-04-06T07:14:14.066+0000][67][gc,marking  ] GC(89) Concurrent Cleanup for Next Mark 0.878ms
[2023-04-06T07:14:14.066+0000][67][gc          ] GC(89) Concurrent Mark Cycle 205.794ms
[2023-04-06T07:14:16.066+0000][67][safepoint   ] Safepoint "Cleanup", Time since last: 2002048901 ns, Reaching safepoint: 250779 ns, At safepoint: 5499 ns, Total: 256278 ns
[2023-04-06T07:14:19.048+0000][67][safepoint   ] Safepoint "Cleanup", Time since last: 3004343656 ns, Reaching safepoint: 164703 ns, At safepoint: 6277 ns, Total: 170980 ns
[2023-04-06T07:14:20.049+0000][67][safepoint   ] Safepoint "Cleanup", Time since last: 1000577674 ns, Reaching safepoint: 75917 ns, At safepoint: 3112 ns, Total: 79029 ns
[2023-04-06T07:14:22.051+0000][67][safepoint   ] Safepoint "Cleanup", Time since last: 2001931826 ns, Reaching safepoint: 371473 ns, At safepoint: 14124 ns, Total: 385597 ns
[2023-04-06T07:14:24.055+0000][67][safepoint   ] Safepoint "Cleanup", Time since last: 2002978179 ns, Reaching safepoint: 352507 ns, At safepoint: 11016 ns, Total: 363523 ns
[2023-04-06T07:14:25.057+0000][67][safepoint   ] Safepoint "Cleanup", Time since last: 1002007182 ns, Reaching safepoint: 90523 ns, At safepoint: 3286 ns, Total: 93809 ns
[2023-04-06T07:14:27.060+0000][67][safepoint   ] Safepoint "Cleanup", Time since last: 2002692848 ns, Reaching safepoint: 294919 ns, At safepoint: 11703 ns, Total: 306622 ns
[2023-04-06T07:14:30.064+0000][67][safepoint   ] Safepoint "Cleanup", Time since last: 3004515770 ns, Reaching safepoint: 161996 ns, At safepoint: 6910 ns, Total: 168906 ns
[2023-04-06T07:14:31.067+0000][67][safepoint   ] Safepoint "Cleanup", Time since last: 1002140884 ns, Reaching safepoint: 73185 ns, At safepoint: 3223 ns, Total: 76408 ns
[2023-04-06T07:14:34.071+0000][67][safepoint   ] Safepoint "Cleanup", Time since last: 3003889637 ns, Reaching safepoint: 269588 ns, At safepoint: 12459 ns, Total: 282047 ns
[2023-04-06T07:14:38.077+0000][67][safepoint   ] Safepoint "Cleanup", Time since last: 4006187824 ns, Reaching safepoint: 283064 ns, At safepoint: 14151 ns, Total: 297215 ns
[2023-04-06T07:14:44.088+0000][67][safepoint   ] Safepoint "Cleanup", Time since last: 6010746880 ns, Reaching safepoint: 277358 ns, At safepoint: 11128 ns, Total: 288486 ns
[2023-04-06T07:14:44.481+0000][67][gc,start    ] GC(90) Pause Young (Normal) (G1 Evacuation Pause)
[2023-04-06T07:14:44.482+0000][67][gc,task     ] GC(90) Using 4 workers of 4 for evacuation
[2023-04-06T07:14:44.482+0000][67][gc,age      ] GC(90) Desired survivor size 6291456 bytes, new threshold 15 (max threshold 15)
[2023-04-06T07:14:44.487+0000][67][gc,phases   ] GC(90)   Pre Evacuate Collection Set: 0.2ms
[2023-04-06T07:14:44.488+0000][67][gc,phases   ] GC(90)   Merge Heap Roots: 0.1ms
[2023-04-06T07:14:44.488+0000][67][gc,phases   ] GC(90)   Evacuate Collection Set: 3.5ms
[2023-04-06T07:14:44.489+0000][67][gc,phases   ] GC(90)   Post Evacuate Collection Set: 1.0ms
[2023-04-06T07:14:44.489+0000][67][gc,phases   ] GC(90)   Other: 0.9ms
[2023-04-06T07:14:44.490+0000][67][gc,age      ] GC(90) Age table with threshold 15 (max threshold 15)
[2023-04-06T07:14:44.490+0000][67][gc,age      ] GC(90) - age   1:    1624672 bytes,    1624672 total
[2023-04-06T07:14:44.491+0000][67][gc,age      ] GC(90) - age   2:     119760 bytes,    1744432 total
[2023-04-06T07:14:44.491+0000][67][gc,age      ] GC(90) - age   3:       7384 bytes,    1751816 total
[2023-04-06T07:14:44.492+0000][67][gc,age      ] GC(90) - age   4:     269416 bytes,    2021232 total
[2023-04-06T07:14:44.492+0000][67][gc,age      ] GC(90) - age   5:      20936 bytes,    2042168 total
[2023-04-06T07:14:44.493+0000][67][gc,age      ] GC(90) - age   6:      17968 bytes,    2060136 total
[2023-04-06T07:14:44.493+0000][67][gc,age      ] GC(90) - age   7:       1320 bytes,    2061456 total
[2023-04-06T07:14:44.494+0000][67][gc,age      ] GC(90) - age   8:       2040 bytes,    2063496 total
[2023-04-06T07:14:44.494+0000][67][gc,age      ] GC(90) - age   9:       7296 bytes,    2070792 total
[2023-04-06T07:14:44.495+0000][67][gc,age      ] GC(90) - age  10:       1728 bytes,    2072520 total
[2023-04-06T07:14:44.495+0000][67][gc,age      ] GC(90) - age  11:       7120 bytes,    2079640 total
[2023-04-06T07:14:44.495+0000][67][gc,age      ] GC(90) - age  12:       3544 bytes,    2083184 total
[2023-04-06T07:14:44.496+0000][67][gc,age      ] GC(90) - age  13:       1440 bytes,    2084624 total
[2023-04-06T07:14:44.496+0000][67][gc,age      ] GC(90) - age  14:      26016 bytes,    2110640 total
[2023-04-06T07:14:44.497+0000][67][gc,age      ] GC(90) - age  15:        128 bytes,    2110768 total
[2023-04-06T07:14:44.497+0000][67][gc,heap     ] GC(90) Eden regions: 23->0(22)
[2023-04-06T07:14:44.498+0000][67][gc,heap     ] GC(90) Survivor regions: 1->1(3)
[2023-04-06T07:14:44.498+0000][67][gc,heap     ] GC(90) Old regions: 25->25
[2023-04-06T07:14:44.499+0000][67][gc,heap     ] GC(90) Archive regions: 2->2
[2023-04-06T07:14:44.499+0000][67][gc,heap     ] GC(90) Humongous regions: 2->2
[2023-04-06T07:14:44.500+0000][67][gc,metaspace] GC(90) Metaspace: 139507K(142656K)->139507K(142656K) NonClass: 121596K(122880K)->121596K(122880K) Class: 17910K(19776K)->17910K(19776K)
[2023-04-06T07:14:44.500+0000][67][gc          ] GC(90) Pause Young (Normal) (G1 Evacuation Pause) 201M->110M(256M) 19.031ms
[2023-04-06T07:14:44.501+0000][67][gc,cpu      ] GC(90) User=0.00s Sys=0.01s Real=0.02s
[2023-04-06T07:14:44.501+0000][67][safepoint   ] Safepoint "G1CollectForAllocation", Time since last: 392641906 ns, Reaching safepoint: 97860 ns, At safepoint: 19998941 ns, Total: 20096801 ns
[2023-04-06T07:14:45.502+0000][67][safepoint   ] Safepoint "Cleanup", Time since last: 1000578766 ns, Reaching safepoint: 355926 ns, At safepoint: 12160 ns, Total: 368086 ns
[2023-04-06T07:14:47.506+0000][67][safepoint   ] Safepoint "Cleanup", Time since last: 2002100772 ns, Reaching safepoint: 1402678 ns, At safepoint: 140086 ns, Total: 1542764 ns
[2023-04-06T07:14:49.489+0000][67][safepoint   ] Safepoint "Cleanup", Time since last: 2004282015 ns, Reaching safepoint: 743848 ns, At safepoint: 35173 ns, Total: 779021 ns
[2023-04-06T07:14:50.494+0000][67][safepoint   ] Safepoint "Cleanup", Time since last: 1004309892 ns, Reaching safepoint: 741634 ns, At safepoint: 57741 ns, Total: 799375 ns
[2023-04-06T07:14:54.505+0000][67][safepoint   ] Safepoint "Cleanup", Time since last: 4009778692 ns, Reaching safepoint: 543693 ns, At safepoint: 50392 ns, Total: 594085 ns
[2023-04-06T07:14:55.509+0000][67][safepoint   ] Safepoint "Cleanup", Time since last: 1003548691 ns, Reaching safepoint: 474669 ns, At safepoint: 12234 ns, Total: 486903 ns
[2023-04-06T07:15:01.519+0000][67][safepoint   ] Safepoint "Cleanup", Time since last: 6009587444 ns, Reaching safepoint: 625708 ns, At safepoint: 11019 ns, Total: 636727 ns
[2023-04-06T07:15:04.527+0000][67][safepoint   ] Safepoint "Cleanup", Time since last: 3007190300 ns, Reaching safepoint: 745255 ns, At safepoint: 43591 ns, Total: 788846 ns
[2023-04-06T07:15:09.535+0000][67][safepoint   ] Safepoint "Cleanup", Time since last: 5006668319 ns, Reaching safepoint: 882244 ns, At safepoint: 139622 ns, Total: 1021866 ns
[2023-04-06T07:15:13.542+0000][67][safepoint   ] Safepoint "Cleanup", Time since last: 4006682895 ns, Reaching safepoint: 582777 ns, At safepoint: 16198 ns, Total: 598975 ns
[2023-04-06T07:15:14.001+0000][67][gc,start    ] GC(91) Pause Young (Concurrent Start) (G1 Evacuation Pause)
[2023-04-06T07:15:14.001+0000][67][gc,task     ] GC(91) Using 4 workers of 4 for evacuation
[2023-04-06T07:15:14.002+0000][67][gc,age      ] GC(91) Desired survivor size 6291456 bytes, new threshold 15 (max threshold 15)
[2023-04-06T07:15:14.005+0000][67][gc,phases   ] GC(91)   Pre Evacuate Collection Set: 0.4ms
[2023-04-06T07:15:14.005+0000][67][gc,phases   ] GC(91)   Merge Heap Roots: 0.1ms
[2023-04-06T07:15:14.006+0000][67][gc,phases   ] GC(91)   Evacuate Collection Set: 1.4ms
[2023-04-06T07:15:14.006+0000][67][gc,phases   ] GC(91)   Post Evacuate Collection Set: 0.8ms
[2023-04-06T07:15:14.007+0000][67][gc,phases   ] GC(91)   Other: 0.9ms
[2023-04-06T07:15:14.007+0000][67][gc,age      ] GC(91) Age table with threshold 15 (max threshold 15)
[2023-04-06T07:15:14.007+0000][67][gc,age      ] GC(91) - age   1:     708128 bytes,     708128 total
[2023-04-06T07:15:14.008+0000][67][gc,age      ] GC(91) - age   2:      14752 bytes,     722880 total
[2023-04-06T07:15:14.008+0000][67][gc,age      ] GC(91) - age   3:       1456 bytes,     724336 total
[2023-04-06T07:15:14.009+0000][67][gc,age      ] GC(91) - age   4:       6896 bytes,     731232 total
[2023-04-06T07:15:14.009+0000][67][gc,age      ] GC(91) - age   5:     269224 bytes,    1000456 total
[2023-04-06T07:15:14.010+0000][67][gc,age      ] GC(91) - age   6:      20808 bytes,    1021264 total
[2023-04-06T07:15:14.010+0000][67][gc,age      ] GC(91) - age   7:      12656 bytes,    1033920 total
[2023-04-06T07:15:14.011+0000][67][gc,age      ] GC(91) - age   8:       1320 bytes,    1035240 total
[2023-04-06T07:15:14.011+0000][67][gc,age      ] GC(91) - age   9:       2040 bytes,    1037280 total
[2023-04-06T07:15:14.012+0000][67][gc,age      ] GC(91) - age  10:       7296 bytes,    1044576 total
[2023-04-06T07:15:14.012+0000][67][gc,age      ] GC(91) - age  11:       1728 bytes,    1046304 total
[2023-04-06T07:15:14.012+0000][67][gc,age      ] GC(91) - age  12:       7120 bytes,    1053424 total
[2023-04-06T07:15:14.013+0000][67][gc,age      ] GC(91) - age  13:       3544 bytes,    1056968 total
[2023-04-06T07:15:14.013+0000][67][gc,age      ] GC(91) - age  14:       1440 bytes,    1058408 total
[2023-04-06T07:15:14.013+0000][67][gc,age      ] GC(91) - age  15:      26016 bytes,    1084424 total
[2023-04-06T07:15:14.014+0000][67][gc,heap     ] GC(91) Eden regions: 22->0(23)
[2023-04-06T07:15:14.014+0000][67][gc,heap     ] GC(91) Survivor regions: 1->1(3)
[2023-04-06T07:15:14.015+0000][67][gc,heap     ] GC(91) Old regions: 25->25
[2023-04-06T07:15:14.015+0000][67][gc,heap     ] GC(91) Archive regions: 2->2
[2023-04-06T07:15:14.015+0000][67][gc,heap     ] GC(91) Humongous regions: 2->2
[2023-04-06T07:15:14.016+0000][67][gc,metaspace] GC(91) Metaspace: 139526K(142656K)->139526K(142656K) NonClass: 121616K(122880K)->121616K(122880K) Class: 17910K(19776K)->17910K(19776K)
[2023-04-06T07:15:14.016+0000][67][gc          ] GC(91) Pause Young (Concurrent Start) (G1 Evacuation Pause) 198M->109M(256M) 15.538ms
[2023-04-06T07:15:14.017+0000][67][gc,cpu      ] GC(91) User=0.00s Sys=0.00s Real=0.02s
[2023-04-06T07:15:14.017+0000][67][gc          ] GC(92) Concurrent Mark Cycle
[2023-04-06T07:15:14.018+0000][67][safepoint   ] Safepoint "G1CollectForAllocation", Time since last: 458501602 ns, Reaching safepoint: 210049 ns, At safepoint: 17008943 ns, Total: 17218992 ns
[2023-04-06T07:15:14.018+0000][67][gc,marking  ] GC(92) Concurrent Clear Claimed Marks
[2023-04-06T07:15:14.020+0000][67][gc,marking  ] GC(92) Concurrent Clear Claimed Marks 1.848ms
[2023-04-06T07:15:14.021+0000][67][gc,marking  ] GC(92) Concurrent Scan Root Regions
[2023-04-06T07:15:14.023+0000][67][gc,marking  ] GC(92) Concurrent Scan Root Regions 2.604ms
[2023-04-06T07:15:14.024+0000][67][gc,marking  ] GC(92) Concurrent Mark
[2023-04-06T07:15:14.025+0000][67][gc,marking  ] GC(92) Concurrent Mark From Roots
[2023-04-06T07:15:14.025+0000][67][gc,task     ] GC(92) Using 1 workers of 1 for marking
[2023-04-06T07:15:14.145+0000][67][gc,marking  ] GC(92) Concurrent Mark From Roots 120.100ms
[2023-04-06T07:15:14.145+0000][67][gc,marking  ] GC(92) Concurrent Preclean
[2023-04-06T07:15:14.146+0000][67][gc,marking  ] GC(92) Concurrent Preclean 0.867ms
[2023-04-06T07:15:14.147+0000][67][gc,start    ] GC(92) Pause Remark
[2023-04-06T07:15:14.165+0000][67][gc          ] GC(92) Pause Remark 110M->110M(256M) 18.507ms
[2023-04-06T07:15:14.166+0000][67][gc,cpu      ] GC(92) User=0.05s Sys=0.00s Real=0.02s
[2023-04-06T07:15:14.167+0000][67][safepoint   ] Safepoint "G1PauseRemark", Time since last: 128885167 ns, Reaching safepoint: 216468 ns, At safepoint: 20317666 ns, Total: 20534134 ns
[2023-04-06T07:15:14.168+0000][67][gc,marking  ] GC(92) Concurrent Mark 143.771ms
[2023-04-06T07:15:14.168+0000][67][gc,marking  ] GC(92) Concurrent Rebuild Remembered Sets
[2023-04-06T07:15:14.226+0000][67][gc,marking  ] GC(92) Concurrent Rebuild Remembered Sets 57.347ms
[2023-04-06T07:15:14.227+0000][67][gc,start    ] GC(92) Pause Cleanup
[2023-04-06T07:15:14.227+0000][67][gc          ] GC(92) Pause Cleanup 111M->111M(256M) 0.485ms
[2023-04-06T07:15:14.228+0000][67][gc,cpu      ] GC(92) User=0.00s Sys=0.00s Real=0.00s
[2023-04-06T07:15:14.228+0000][67][safepoint   ] Safepoint "G1PauseCleanup", Time since last: 59252499 ns, Reaching safepoint: 243003 ns, At safepoint: 1606151 ns, Total: 1849154 ns
[2023-04-06T07:15:14.229+0000][67][gc,marking  ] GC(92) Concurrent Cleanup for Next Mark
[2023-04-06T07:15:14.230+0000][67][gc,marking  ] GC(92) Concurrent Cleanup for Next Mark 0.957ms
[2023-04-06T07:15:14.230+0000][67][gc          ] GC(92) Concurrent Mark Cycle 213.275ms
[2023-04-06T07:15:15.995+0000][67][safepoint   ] Safepoint "Cleanup", Time since last: 1766534905 ns, Reaching safepoint: 336255 ns, At safepoint: 11252 ns, Total: 347507 ns
[2023-04-06T07:15:17.998+0000][67][safepoint   ] Safepoint "Cleanup", Time since last: 2002335254 ns, Reaching safepoint: 459281 ns, At safepoint: 11152 ns, Total: 470433 ns
[2023-04-06T07:15:18.979+0000][67][safepoint   ] Safepoint "Cleanup", Time since last: 1003138788 ns, Reaching safepoint: 128515 ns, At safepoint: 5150 ns, Total: 133665 ns
[2023-04-06T07:15:19.981+0000][67][safepoint   ] Safepoint "Cleanup", Time since last: 1001397812 ns, Reaching safepoint: 350361 ns, At safepoint: 12308 ns, Total: 362669 ns
[2023-04-06T07:15:23.989+0000][67][safepoint   ] Safepoint "Cleanup", Time since last: 4007632900 ns, Reaching safepoint: 264928 ns, At safepoint: 17239 ns, Total: 282167 ns
[2023-04-06T07:15:25.992+0000][67][safepoint   ] Safepoint "Cleanup", Time since last: 2002278056 ns, Reaching safepoint: 685116 ns, At safepoint: 38064 ns, Total: 723180 ns
[2023-04-06T07:15:26.996+0000][67][safepoint   ] Safepoint "Cleanup", Time since last: 1004035458 ns, Reaching safepoint: 851760 ns, At safepoint: 43105 ns, Total: 894865 ns
[2023-04-06T07:15:29.000+0000][67][safepoint   ] Safepoint "Cleanup", Time since last: 2002829298 ns, Reaching safepoint: 250747 ns, At safepoint: 42948 ns, Total: 293695 ns
[2023-04-06T07:15:32.004+0000][67][safepoint   ] Safepoint "Cleanup", Time since last: 3003611255 ns, Reaching safepoint: 326809 ns, At safepoint: 13757 ns, Total: 340566 ns
[2023-04-06T07:15:33.007+0000][67][safepoint   ] Safepoint "Cleanup", Time since last: 1002406794 ns, Reaching safepoint: 841952 ns, At safepoint: 42203 ns, Total: 884155 ns
[2023-04-06T07:15:34.012+0000][67][safepoint   ] Safepoint "Cleanup", Time since last: 1004789104 ns, Reaching safepoint: 613144 ns, At safepoint: 23421 ns, Total: 636565 ns
[2023-04-06T07:15:38.019+0000][67][safepoint   ] Safepoint "Cleanup", Time since last: 4005720895 ns, Reaching safepoint: 674364 ns, At safepoint: 41263 ns, Total: 715627 ns
[2023-04-06T07:15:43.025+0000][67][safepoint   ] Safepoint "Cleanup", Time since last: 5005999381 ns, Reaching safepoint: 76246 ns, At safepoint: 7724 ns, Total: 83970 ns
[2023-04-06T07:15:43.243+0000][67][gc,start    ] GC(93) Pause Young (Normal) (G1 Evacuation Pause)
[2023-04-06T07:15:43.244+0000][67][gc,task     ] GC(93) Using 4 workers of 4 for evacuation
[2023-04-06T07:15:43.244+0000][67][gc,age      ] GC(93) Desired survivor size 6291456 bytes, new threshold 15 (max threshold 15)
[2023-04-06T07:15:43.248+0000][67][gc,phases   ] GC(93)   Pre Evacuate Collection Set: 0.1ms
[2023-04-06T07:15:43.248+0000][67][gc,phases   ] GC(93)   Merge Heap Roots: 0.1ms
[2023-04-06T07:15:43.249+0000][67][gc,phases   ] GC(93)   Evacuate Collection Set: 2.1ms
[2023-04-06T07:15:43.249+0000][67][gc,phases   ] GC(93)   Post Evacuate Collection Set: 0.8ms
[2023-04-06T07:15:43.250+0000][67][gc,phases   ] GC(93)   Other: 1.1ms
[2023-04-06T07:15:43.250+0000][67][gc,age      ] GC(93) Age table with threshold 15 (max threshold 15)
[2023-04-06T07:15:43.251+0000][67][gc,age      ] GC(93) - age   1:     789336 bytes,     789336 total
[2023-04-06T07:15:43.252+0000][67][gc,age      ] GC(93) - age   2:     148712 bytes,     938048 total
[2023-04-06T07:15:43.253+0000][67][gc,age      ] GC(93) - age   3:      11704 bytes,     949752 total
[2023-04-06T07:15:43.254+0000][67][gc,age      ] GC(93) - age   4:       1264 bytes,     951016 total
[2023-04-06T07:15:43.254+0000][67][gc,age      ] GC(93) - age   5:       6720 bytes,     957736 total
[2023-04-06T07:15:43.255+0000][67][gc,age      ] GC(93) - age   6:     269224 bytes,    1226960 total
[2023-04-06T07:15:43.255+0000][67][gc,age      ] GC(93) - age   7:      20680 bytes,    1247640 total
[2023-04-06T07:15:43.256+0000][67][gc,age      ] GC(93) - age   8:      12656 bytes,    1260296 total
[2023-04-06T07:15:43.256+0000][67][gc,age      ] GC(93) - age   9:       1320 bytes,    1261616 total
[2023-04-06T07:15:43.257+0000][67][gc,age      ] GC(93) - age  10:       2040 bytes,    1263656 total
[2023-04-06T07:15:43.258+0000][67][gc,age      ] GC(93) - age  11:       7296 bytes,    1270952 total
[2023-04-06T07:15:43.258+0000][67][gc,age      ] GC(93) - age  12:       1728 bytes,    1272680 total
[2023-04-06T07:15:43.259+0000][67][gc,age      ] GC(93) - age  13:       7120 bytes,    1279800 total
[2023-04-06T07:15:43.259+0000][67][gc,age      ] GC(93) - age  14:       3544 bytes,    1283344 total
[2023-04-06T07:15:43.259+0000][67][gc,age      ] GC(93) - age  15:       1440 bytes,    1284784 total
[2023-04-06T07:15:43.260+0000][67][gc,heap     ] GC(93) Eden regions: 23->0(23)
[2023-04-06T07:15:43.260+0000][67][gc,heap     ] GC(93) Survivor regions: 1->1(3)
[2023-04-06T07:15:43.261+0000][67][gc,heap     ] GC(93) Old regions: 25->25
[2023-04-06T07:15:43.261+0000][67][gc,heap     ] GC(93) Archive regions: 2->2
[2023-04-06T07:15:43.261+0000][67][gc,heap     ] GC(93) Humongous regions: 2->2
[2023-04-06T07:15:43.262+0000][67][gc,metaspace] GC(93) Metaspace: 139471K(142656K)->139471K(142656K) NonClass: 121576K(122880K)->121576K(122880K) Class: 17894K(19776K)->17894K(19776K)
[2023-04-06T07:15:43.262+0000][67][gc          ] GC(93) Pause Young (Normal) (G1 Evacuation Pause) 201M->109M(256M) 19.178ms
[2023-04-06T07:15:43.263+0000][67][gc,cpu      ] GC(93) User=0.01s Sys=0.00s Real=0.02s
[2023-04-06T07:15:43.263+0000][67][safepoint   ] Safepoint "G1CollectForAllocation", Time since last: 218033833 ns, Reaching safepoint: 60146 ns, At safepoint: 20089305 ns, Total: 20149451 ns
[2023-04-06T07:15:49.248+0000][67][safepoint   ] Safepoint "Cleanup", Time since last: 6006374472 ns, Reaching safepoint: 418948 ns, At safepoint: 12085 ns, Total: 431033 ns
[2023-04-06T07:15:57.258+0000][67][safepoint   ] Safepoint "Cleanup", Time since last: 8009383536 ns, Reaching safepoint: 584473 ns, At safepoint: 12416 ns, Total: 596889 ns
[2023-04-06T07:15:58.261+0000][67][safepoint   ] Safepoint "Cleanup", Time since last: 1002949209 ns, Reaching safepoint: 396409 ns, At safepoint: 10946 ns, Total: 407355 ns
[2023-04-06T07:16:00.268+0000][67][safepoint   ] Safepoint "Cleanup", Time since last: 2006222770 ns, Reaching safepoint: 374541 ns, At safepoint: 11484 ns, Total: 386025 ns
[2023-04-06T07:16:01.271+0000][67][safepoint   ] Safepoint "Cleanup", Time since last: 1003032424 ns, Reaching safepoint: 178690 ns, At safepoint: 7656 ns, Total: 186346 ns
[2023-04-06T07:16:04.278+0000][67][safepoint   ] Safepoint "Cleanup", Time since last: 3006521087 ns, Reaching safepoint: 223169 ns, At safepoint: 7601 ns, Total: 230770 ns
[2023-04-06T07:16:07.282+0000][67][safepoint   ] Safepoint "Cleanup", Time since last: 3004618015 ns, Reaching safepoint: 207789 ns, At safepoint: 5964 ns, Total: 213753 ns
[2023-04-06T07:16:14.290+0000][67][safepoint   ] Safepoint "Cleanup", Time since last: 7007173644 ns, Reaching safepoint: 244007 ns, At safepoint: 9110 ns, Total: 253117 ns
[2023-04-06T07:16:16.294+0000][67][safepoint   ] Safepoint "Cleanup", Time since last: 2003395397 ns, Reaching safepoint: 642188 ns, At safepoint: 16948 ns, Total: 659136 ns
[2023-04-06T07:16:17.592+0000][67][gc,start    ] GC(94) Pause Young (Concurrent Start) (G1 Evacuation Pause)
[2023-04-06T07:16:17.595+0000][67][gc,task     ] GC(94) Using 4 workers of 4 for evacuation
[2023-04-06T07:16:17.597+0000][67][gc,age      ] GC(94) Desired survivor size 6291456 bytes, new threshold 15 (max threshold 15)
[2023-04-06T07:16:17.605+0000][67][gc,phases   ] GC(94)   Pre Evacuate Collection Set: 0.6ms
[2023-04-06T07:16:17.606+0000][67][gc,phases   ] GC(94)   Merge Heap Roots: 0.2ms
[2023-04-06T07:16:17.608+0000][67][gc,phases   ] GC(94)   Evacuate Collection Set: 3.8ms
[2023-04-06T07:16:17.609+0000][67][gc,phases   ] GC(94)   Post Evacuate Collection Set: 1.7ms
[2023-04-06T07:16:17.610+0000][67][gc,phases   ] GC(94)   Other: 3.5ms
[2023-04-06T07:16:17.611+0000][67][gc,age      ] GC(94) Age table with threshold 15 (max threshold 15)
[2023-04-06T07:16:17.612+0000][67][gc,age      ] GC(94) - age   1:    1020968 bytes,    1020968 total
[2023-04-06T07:16:17.612+0000][67][gc,age      ] GC(94) - age   2:     131592 bytes,    1152560 total
[2023-04-06T07:16:17.613+0000][67][gc,age      ] GC(94) - age   3:       9296 bytes,    1161856 total
[2023-04-06T07:16:17.614+0000][67][gc,age      ] GC(94) - age   4:      11512 bytes,    1173368 total
[2023-04-06T07:16:17.615+0000][67][gc,age      ] GC(94) - age   5:        968 bytes,    1174336 total
[2023-04-06T07:16:17.616+0000][67][gc,age      ] GC(94) - age   6:       6720 bytes,    1181056 total
[2023-04-06T07:16:17.617+0000][67][gc,age      ] GC(94) - age   7:     269224 bytes,    1450280 total
[2023-04-06T07:16:17.617+0000][67][gc,age      ] GC(94) - age   8:      20680 bytes,    1470960 total
[2023-04-06T07:16:17.618+0000][67][gc,age      ] GC(94) - age   9:      12656 bytes,    1483616 total
[2023-04-06T07:16:17.619+0000][67][gc,age      ] GC(94) - age  10:       1320 bytes,    1484936 total
[2023-04-06T07:16:17.620+0000][67][gc,age      ] GC(94) - age  11:       2040 bytes,    1486976 total
[2023-04-06T07:16:17.620+0000][67][gc,age      ] GC(94) - age  12:       7296 bytes,    1494272 total
[2023-04-06T07:16:17.621+0000][67][gc,age      ] GC(94) - age  13:       1728 bytes,    1496000 total
[2023-04-06T07:16:17.621+0000][67][gc,age      ] GC(94) - age  14:       7120 bytes,    1503120 total
[2023-04-06T07:16:17.622+0000][67][gc,age      ] GC(94) - age  15:       3544 bytes,    1506664 total
[2023-04-06T07:16:17.623+0000][67][gc,heap     ] GC(94) Eden regions: 23->0(23)
[2023-04-06T07:16:17.624+0000][67][gc,heap     ] GC(94) Survivor regions: 1->1(3)
[2023-04-06T07:16:17.624+0000][67][gc,heap     ] GC(94) Old regions: 25->25
[2023-04-06T07:16:17.625+0000][67][gc,heap     ] GC(94) Archive regions: 2->2
[2023-04-06T07:16:17.625+0000][67][gc,heap     ] GC(94) Humongous regions: 2->2
[2023-04-06T07:16:17.626+0000][67][gc,metaspace] GC(94) Metaspace: 139491K(142656K)->139491K(142656K) NonClass: 121596K(122880K)->121596K(122880K) Class: 17894K(19776K)->17894K(19776K)
[2023-04-06T07:16:17.627+0000][67][gc          ] GC(94) Pause Young (Concurrent Start) (G1 Evacuation Pause) 201M->109M(256M) 34.924ms
[2023-04-06T07:16:17.627+0000][67][gc,cpu      ] GC(94) User=0.01s Sys=0.00s Real=0.03s
[2023-04-06T07:16:17.627+0000][67][gc          ] GC(95) Concurrent Mark Cycle
[2023-04-06T07:16:17.628+0000][67][safepoint   ] Safepoint "G1CollectForAllocation", Time since last: 1297390106 ns, Reaching safepoint: 334199 ns, At safepoint: 36288808 ns, Total: 36623007 ns
[2023-04-06T07:16:17.629+0000][67][gc,marking  ] GC(95) Concurrent Clear Claimed Marks
[2023-04-06T07:16:17.631+0000][67][gc,marking  ] GC(95) Concurrent Clear Claimed Marks 2.376ms
[2023-04-06T07:16:17.632+0000][67][gc,marking  ] GC(95) Concurrent Scan Root Regions
[2023-04-06T07:16:17.634+0000][67][gc,marking  ] GC(95) Concurrent Scan Root Regions 2.875ms
[2023-04-06T07:16:17.635+0000][67][gc,marking  ] GC(95) Concurrent Mark
[2023-04-06T07:16:17.636+0000][67][gc,marking  ] GC(95) Concurrent Mark From Roots
[2023-04-06T07:16:17.636+0000][67][gc,task     ] GC(95) Using 1 workers of 1 for marking
[2023-04-06T07:16:17.742+0000][67][gc,marking  ] GC(95) Concurrent Mark From Roots 106.227ms
[2023-04-06T07:16:17.743+0000][67][gc,marking  ] GC(95) Concurrent Preclean
[2023-04-06T07:16:17.744+0000][67][gc,marking  ] GC(95) Concurrent Preclean 1.244ms
[2023-04-06T07:16:17.746+0000][67][gc,start    ] GC(95) Pause Remark
[2023-04-06T07:16:17.755+0000][67][gc          ] GC(95) Pause Remark 110M->110M(256M) 9.584ms
[2023-04-06T07:16:17.756+0000][67][gc,cpu      ] GC(95) User=0.02s Sys=0.00s Real=0.01s
[2023-04-06T07:16:17.757+0000][67][safepoint   ] Safepoint "G1PauseRemark", Time since last: 117480839 ns, Reaching safepoint: 97770 ns, At safepoint: 11350369 ns, Total: 11448139 ns
[2023-04-06T07:16:17.757+0000][67][gc,marking  ] GC(95) Concurrent Mark 122.388ms
[2023-04-06T07:16:17.758+0000][67][gc,marking  ] GC(95) Concurrent Rebuild Remembered Sets
[2023-04-06T07:16:17.813+0000][67][gc,marking  ] GC(95) Concurrent Rebuild Remembered Sets 54.845ms
[2023-04-06T07:16:17.814+0000][67][gc,start    ] GC(95) Pause Cleanup
[2023-04-06T07:16:17.815+0000][67][gc          ] GC(95) Pause Cleanup 110M->110M(256M) 0.789ms
[2023-04-06T07:16:17.815+0000][67][gc,cpu      ] GC(95) User=0.00s Sys=0.00s Real=0.00s
[2023-04-06T07:16:17.816+0000][67][safepoint   ] Safepoint "G1PauseCleanup", Time since last: 56808897 ns, Reaching safepoint: 121814 ns, At safepoint: 2062904 ns, Total: 2184718 ns
[2023-04-06T07:16:17.817+0000][67][gc,marking  ] GC(95) Concurrent Cleanup for Next Mark
[2023-04-06T07:16:17.818+0000][67][gc,marking  ] GC(95) Concurrent Cleanup for Next Mark 0.863ms
[2023-04-06T07:16:17.818+0000][67][gc          ] GC(95) Concurrent Mark Cycle 190.766ms
[2023-04-06T07:16:18.796+0000][67][safepoint   ] Safepoint "Cleanup", Time since last: 1001649512 ns, Reaching safepoint: 255819 ns, At safepoint: 5701 ns, Total: 261520 ns
[2023-04-06T07:16:24.803+0000][67][safepoint   ] Safepoint "Cleanup", Time since last: 6006718533 ns, Reaching safepoint: 151685 ns, At safepoint: 7768 ns, Total: 159453 ns
[2023-04-06T07:16:25.805+0000][67][safepoint   ] Safepoint "Cleanup", Time since last: 1002091566 ns, Reaching safepoint: 71660 ns, At safepoint: 2854 ns, Total: 74514 ns
[2023-04-06T07:16:33.812+0000][67][safepoint   ] Safepoint "Cleanup", Time since last: 8007460118 ns, Reaching safepoint: 97123 ns, At safepoint: 4173 ns, Total: 101296 ns
[2023-04-06T07:16:37.816+0000][67][safepoint   ] Safepoint "Cleanup", Time since last: 4003378128 ns, Reaching safepoint: 229074 ns, At safepoint: 8377 ns, Total: 237451 ns
[2023-04-06T07:16:48.928+0000][67][gc,start    ] GC(96) Pause Young (Normal) (G1 Evacuation Pause)
[2023-04-06T07:16:48.929+0000][67][gc,task     ] GC(96) Using 4 workers of 4 for evacuation
[2023-04-06T07:16:48.930+0000][67][gc,age      ] GC(96) Desired survivor size 6291456 bytes, new threshold 15 (max threshold 15)
[2023-04-06T07:16:48.934+0000][67][gc,phases   ] GC(96)   Pre Evacuate Collection Set: 0.2ms
[2023-04-06T07:16:48.934+0000][67][gc,phases   ] GC(96)   Merge Heap Roots: 0.1ms
[2023-04-06T07:16:48.935+0000][67][gc,phases   ] GC(96)   Evacuate Collection Set: 1.8ms
[2023-04-06T07:16:48.936+0000][67][gc,phases   ] GC(96)   Post Evacuate Collection Set: 0.9ms
[2023-04-06T07:16:48.937+0000][67][gc,phases   ] GC(96)   Other: 1.3ms
[2023-04-06T07:16:48.938+0000][67][gc,age      ] GC(96) Age table with threshold 15 (max threshold 15)
[2023-04-06T07:16:48.939+0000][67][gc,age      ] GC(96) - age   1:    1533432 bytes,    1533432 total
[2023-04-06T07:16:48.939+0000][67][gc,age      ] GC(96) - age   2:     157744 bytes,    1691176 total
[2023-04-06T07:16:48.940+0000][67][gc,age      ] GC(96) - age   3:       1536 bytes,    1692712 total
[2023-04-06T07:16:48.941+0000][67][gc,age      ] GC(96) - age   4:       8872 bytes,    1701584 total
[2023-04-06T07:16:48.941+0000][67][gc,age      ] GC(96) - age   5:      11448 bytes,    1713032 total
[2023-04-06T07:16:48.942+0000][67][gc,age      ] GC(96) - age   6:        904 bytes,    1713936 total
[2023-04-06T07:16:48.943+0000][67][gc,age      ] GC(96) - age   7:       6720 bytes,    1720656 total
[2023-04-06T07:16:48.943+0000][67][gc,age      ] GC(96) - age   8:     269224 bytes,    1989880 total
[2023-04-06T07:16:48.944+0000][67][gc,age      ] GC(96) - age   9:      20680 bytes,    2010560 total
[2023-04-06T07:16:48.945+0000][67][gc,age      ] GC(96) - age  10:      12624 bytes,    2023184 total
[2023-04-06T07:16:48.946+0000][67][gc,age      ] GC(96) - age  11:       1320 bytes,    2024504 total
[2023-04-06T07:16:48.946+0000][67][gc,age      ] GC(96) - age  12:       2040 bytes,    2026544 total
[2023-04-06T07:16:48.947+0000][67][gc,age      ] GC(96) - age  13:       7296 bytes,    2033840 total
[2023-04-06T07:16:48.948+0000][67][gc,age      ] GC(96) - age  14:       1728 bytes,    2035568 total
[2023-04-06T07:16:48.948+0000][67][gc,age      ] GC(96) - age  15:       7120 bytes,    2042688 total
[2023-04-06T07:16:48.949+0000][67][gc,heap     ] GC(96) Eden regions: 23->0(23)
[2023-04-06T07:16:48.950+0000][67][gc,heap     ] GC(96) Survivor regions: 1->1(3)
[2023-04-06T07:16:48.951+0000][67][gc,heap     ] GC(96) Old regions: 25->25
[2023-04-06T07:16:48.952+0000][67][gc,heap     ] GC(96) Archive regions: 2->2
[2023-04-06T07:16:48.953+0000][67][gc,heap     ] GC(96) Humongous regions: 2->2
[2023-04-06T07:16:48.954+0000][67][gc,metaspace] GC(96) Metaspace: 139502K(142656K)->139502K(142656K) NonClass: 121608K(122880K)->121608K(122880K) Class: 17894K(19776K)->17894K(19776K)
[2023-04-06T07:16:48.955+0000][67][gc          ] GC(96) Pause Young (Normal) (G1 Evacuation Pause) 201M->110M(256M) 26.201ms
[2023-04-06T07:16:48.955+0000][67][gc,cpu      ] GC(96) User=0.01s Sys=0.00s Real=0.02s
[2023-04-06T07:16:48.956+0000][67][safepoint   ] Safepoint "G1CollectForAllocation", Time since last: 11133962729 ns, Reaching safepoint: 146747 ns, At safepoint: 27785719 ns, Total: 27932466 ns
[2023-04-06T07:16:49.958+0000][67][safepoint   ] Safepoint "Cleanup", Time since last: 1001742572 ns, Reaching safepoint: 125687 ns, At safepoint: 3739 ns, Total: 129426 ns
[2023-04-06T07:16:50.960+0000][67][safepoint   ] Safepoint "Cleanup", Time since last: 1000995931 ns, Reaching safepoint: 489141 ns, At safepoint: 15426 ns, Total: 504567 ns
[2023-04-06T07:16:55.968+0000][67][safepoint   ] Safepoint "Cleanup", Time since last: 5007331040 ns, Reaching safepoint: 618885 ns, At safepoint: 126084 ns, Total: 744969 ns
[2023-04-06T07:16:57.971+0000][67][safepoint   ] Safepoint "Cleanup", Time since last: 2003171826 ns, Reaching safepoint: 223169 ns, At safepoint: 11512 ns, Total: 234681 ns
[2023-04-06T07:16:58.974+0000][67][safepoint   ] Safepoint "Cleanup", Time since last: 1002833372 ns, Reaching safepoint: 358301 ns, At safepoint: 10251 ns, Total: 368552 ns
[2023-04-06T07:17:01.979+0000][67][safepoint   ] Safepoint "Cleanup", Time since last: 3004463954 ns, Reaching safepoint: 527860 ns, At safepoint: 69865 ns, Total: 597725 ns
[2023-04-06T07:17:13.992+0000][67][safepoint   ] Safepoint "Cleanup", Time since last: 12012474715 ns, Reaching safepoint: 132303 ns, At safepoint: 6281 ns, Total: 138584 ns
[2023-04-06T07:17:15.995+0000][67][safepoint   ] Safepoint "Cleanup", Time since last: 2002708985 ns, Reaching safepoint: 215501 ns, At safepoint: 16719 ns, Total: 232220 ns
[2023-04-06T07:17:19.174+0000][67][gc,start    ] GC(97) Pause Young (Concurrent Start) (G1 Evacuation Pause)
[2023-04-06T07:17:19.175+0000][67][gc,task     ] GC(97) Using 4 workers of 4 for evacuation
[2023-04-06T07:17:19.176+0000][67][gc,age      ] GC(97) Desired survivor size 6291456 bytes, new threshold 15 (max threshold 15)
[2023-04-06T07:17:19.180+0000][67][gc,phases   ] GC(97)   Pre Evacuate Collection Set: 0.3ms
[2023-04-06T07:17:19.181+0000][67][gc,phases   ] GC(97)   Merge Heap Roots: 0.1ms
[2023-04-06T07:17:19.182+0000][67][gc,phases   ] GC(97)   Evacuate Collection Set: 2.0ms
[2023-04-06T07:17:19.182+0000][67][gc,phases   ] GC(97)   Post Evacuate Collection Set: 0.9ms
[2023-04-06T07:17:19.183+0000][67][gc,phases   ] GC(97)   Other: 1.8ms
[2023-04-06T07:17:19.183+0000][67][gc,age      ] GC(97) Age table with threshold 15 (max threshold 15)
[2023-04-06T07:17:19.184+0000][67][gc,age      ] GC(97) - age   1:    1709728 bytes,    1709728 total
[2023-04-06T07:17:19.185+0000][67][gc,age      ] GC(97) - age   2:     143328 bytes,    1853056 total
[2023-04-06T07:17:19.185+0000][67][gc,age      ] GC(97) - age   3:       2488 bytes,    1855544 total
[2023-04-06T07:17:19.186+0000][67][gc,age      ] GC(97) - age   4:        936 bytes,    1856480 total
[2023-04-06T07:17:19.188+0000][67][gc,age      ] GC(97) - age   5:       8808 bytes,    1865288 total
[2023-04-06T07:17:19.189+0000][67][gc,age      ] GC(97) - age   6:      11448 bytes,    1876736 total
[2023-04-06T07:17:19.189+0000][67][gc,age      ] GC(97) - age   7:        904 bytes,    1877640 total
[2023-04-06T07:17:19.190+0000][67][gc,age      ] GC(97) - age   8:       6720 bytes,    1884360 total
[2023-04-06T07:17:19.190+0000][67][gc,age      ] GC(97) - age   9:     269224 bytes,    2153584 total
[2023-04-06T07:17:19.191+0000][67][gc,age      ] GC(97) - age  10:      20680 bytes,    2174264 total
[2023-04-06T07:17:19.191+0000][67][gc,age      ] GC(97) - age  11:      12392 bytes,    2186656 total
[2023-04-06T07:17:19.192+0000][67][gc,age      ] GC(97) - age  12:       1320 bytes,    2187976 total
[2023-04-06T07:17:19.192+0000][67][gc,age      ] GC(97) - age  13:       2040 bytes,    2190016 total
[2023-04-06T07:17:19.193+0000][67][gc,age      ] GC(97) - age  14:       7296 bytes,    2197312 total
[2023-04-06T07:17:19.193+0000][67][gc,age      ] GC(97) - age  15:       1728 bytes,    2199040 total
[2023-04-06T07:17:19.194+0000][67][gc,heap     ] GC(97) Eden regions: 23->0(23)
[2023-04-06T07:17:19.194+0000][67][gc,heap     ] GC(97) Survivor regions: 1->1(3)
[2023-04-06T07:17:19.194+0000][67][gc,heap     ] GC(97) Old regions: 25->25
[2023-04-06T07:17:19.195+0000][67][gc,heap     ] GC(97) Archive regions: 2->2
[2023-04-06T07:17:19.195+0000][67][gc,heap     ] GC(97) Humongous regions: 2->2
[2023-04-06T07:17:19.196+0000][67][gc,metaspace] GC(97) Metaspace: 139512K(142656K)->139512K(142656K) NonClass: 121618K(122880K)->121618K(122880K) Class: 17894K(19776K)->17894K(19776K)
[2023-04-06T07:17:19.196+0000][67][gc          ] GC(97) Pause Young (Concurrent Start) (G1 Evacuation Pause) 202M->110M(256M) 22.048ms
[2023-04-06T07:17:19.197+0000][67][gc          ] GC(98) Concurrent Mark Cycle
[2023-04-06T07:17:19.197+0000][67][gc,marking  ] GC(98) Concurrent Clear Claimed Marks
[2023-04-06T07:17:19.198+0000][67][gc,marking  ] GC(98) Concurrent Clear Claimed Marks 0.795ms
[2023-04-06T07:17:19.199+0000][67][gc,marking  ] GC(98) Concurrent Scan Root Regions
[2023-04-06T07:17:19.197+0000][67][gc,cpu      ] GC(97) User=0.00s Sys=0.01s Real=0.02s
[2023-04-06T07:17:19.200+0000][67][safepoint   ] Safepoint "G1CollectForAllocation", Time since last: 3201712779 ns, Reaching safepoint: 83054 ns, At safepoint: 25549775 ns, Total: 25632829 ns
[2023-04-06T07:17:19.201+0000][67][gc,marking  ] GC(98) Concurrent Scan Root Regions 2.753ms
[2023-04-06T07:17:19.202+0000][67][gc,marking  ] GC(98) Concurrent Mark
[2023-04-06T07:17:19.203+0000][67][gc,marking  ] GC(98) Concurrent Mark From Roots
[2023-04-06T07:17:19.203+0000][67][gc,task     ] GC(98) Using 1 workers of 1 for marking
[2023-04-06T07:17:19.340+0000][67][gc,marking  ] GC(98) Concurrent Mark From Roots 137.293ms
[2023-04-06T07:17:19.341+0000][67][gc,marking  ] GC(98) Concurrent Preclean
[2023-04-06T07:17:19.342+0000][67][gc,marking  ] GC(98) Concurrent Preclean 0.805ms
[2023-04-06T07:17:19.343+0000][67][gc,start    ] GC(98) Pause Remark
[2023-04-06T07:17:19.353+0000][67][gc          ] GC(98) Pause Remark 119M->119M(256M) 10.364ms
[2023-04-06T07:17:19.354+0000][67][gc,cpu      ] GC(98) User=0.03s Sys=0.01s Real=0.02s
[2023-04-06T07:17:19.355+0000][67][safepoint   ] Safepoint "G1PauseRemark", Time since last: 142827338 ns, Reaching safepoint: 211408 ns, At safepoint: 12131805 ns, Total: 12343213 ns
[2023-04-06T07:17:19.356+0000][67][gc,marking  ] GC(98) Concurrent Mark 153.934ms
[2023-04-06T07:17:19.357+0000][67][gc,marking  ] GC(98) Concurrent Rebuild Remembered Sets
[2023-04-06T07:17:19.412+0000][67][gc,marking  ] GC(98) Concurrent Rebuild Remembered Sets 55.318ms
[2023-04-06T07:17:19.414+0000][67][gc,start    ] GC(98) Pause Cleanup
[2023-04-06T07:17:19.415+0000][67][gc          ] GC(98) Pause Cleanup 119M->119M(256M) 0.801ms
[2023-04-06T07:17:19.416+0000][67][gc,cpu      ] GC(98) User=0.00s Sys=0.00s Real=0.00s
[2023-04-06T07:17:19.416+0000][67][safepoint   ] Safepoint "G1PauseCleanup", Time since last: 59144208 ns, Reaching safepoint: 268441 ns, At safepoint: 2160258 ns, Total: 2428699 ns
[2023-04-06T07:17:19.417+0000][67][gc,marking  ] GC(98) Concurrent Cleanup for Next Mark
[2023-04-06T07:17:19.420+0000][67][gc,marking  ] GC(98) Concurrent Cleanup for Next Mark 2.362ms
[2023-04-06T07:17:19.421+0000][67][gc          ] GC(98) Concurrent Mark Cycle 224.099ms
[2023-04-06T07:17:22.421+0000][67][safepoint   ] Safepoint "Cleanup", Time since last: 3004167126 ns, Reaching safepoint: 155621 ns, At safepoint: 9027 ns, Total: 164648 ns
[2023-04-06T07:17:25.426+0000][67][safepoint   ] Safepoint "Cleanup", Time since last: 3004507148 ns, Reaching safepoint: 329802 ns, At safepoint: 11012 ns, Total: 340814 ns
[2023-04-06T07:17:26.429+0000][67][safepoint   ] Safepoint "Cleanup", Time since last: 1003113453 ns, Reaching safepoint: 759722 ns, At safepoint: 42909 ns, Total: 802631 ns
[2023-04-06T07:17:29.435+0000][67][safepoint   ] Safepoint "Cleanup", Time since last: 3005076387 ns, Reaching safepoint: 215169 ns, At safepoint: 5590 ns, Total: 220759 ns
[2023-04-06T07:17:30.440+0000][67][safepoint   ] Safepoint "Cleanup", Time since last: 1004862437 ns, Reaching safepoint: 379169 ns, At safepoint: 67298 ns, Total: 446467 ns
[2023-04-06T07:17:31.443+0000][67][safepoint   ] Safepoint "Cleanup", Time since last: 1002884441 ns, Reaching safepoint: 375198 ns, At safepoint: 42209 ns, Total: 417407 ns
[2023-04-06T07:17:34.449+0000][67][safepoint   ] Safepoint "Cleanup", Time since last: 3005265726 ns, Reaching safepoint: 198769 ns, At safepoint: 9990 ns, Total: 208759 ns
[2023-04-06T07:17:37.454+0000][67][safepoint   ] Safepoint "Cleanup", Time since last: 3004468104 ns, Reaching safepoint: 273554 ns, At safepoint: 10192 ns, Total: 283746 ns
[2023-04-06T07:17:38.457+0000][67][safepoint   ] Safepoint "Cleanup", Time since last: 1002943651 ns, Reaching safepoint: 632723 ns, At safepoint: 19268 ns, Total: 651991 ns
[2023-04-06T07:17:44.448+0000][67][gc,start    ] GC(99) Pause Young (Normal) (G1 Evacuation Pause)
[2023-04-06T07:17:44.449+0000][67][gc,task     ] GC(99) Using 4 workers of 4 for evacuation
[2023-04-06T07:17:44.449+0000][67][gc,age      ] GC(99) Desired survivor size 6291456 bytes, new threshold 15 (max threshold 15)
[2023-04-06T07:17:44.452+0000][67][gc,phases   ] GC(99)   Pre Evacuate Collection Set: 0.1ms
[2023-04-06T07:17:44.453+0000][67][gc,phases   ] GC(99)   Merge Heap Roots: 0.1ms
[2023-04-06T07:17:44.453+0000][67][gc,phases   ] GC(99)   Evacuate Collection Set: 1.7ms
[2023-04-06T07:17:44.454+0000][67][gc,phases   ] GC(99)   Post Evacuate Collection Set: 0.7ms
[2023-04-06T07:17:44.454+0000][67][gc,phases   ] GC(99)   Other: 0.8ms
[2023-04-06T07:17:44.455+0000][67][gc,age      ] GC(99) Age table with threshold 15 (max threshold 15)
[2023-04-06T07:17:44.455+0000][67][gc,age      ] GC(99) - age   1:     674776 bytes,     674776 total
[2023-04-06T07:17:44.456+0000][67][gc,age      ] GC(99) - age   2:      28648 bytes,     703424 total
[2023-04-06T07:17:44.456+0000][67][gc,age      ] GC(99) - age   3:        520 bytes,     703944 total
[2023-04-06T07:17:44.456+0000][67][gc,age      ] GC(99) - age   4:       2296 bytes,     706240 total
[2023-04-06T07:17:44.457+0000][67][gc,age      ] GC(99) - age   5:        744 bytes,     706984 total
[2023-04-06T07:17:44.457+0000][67][gc,age      ] GC(99) - age   6:       8808 bytes,     715792 total
[2023-04-06T07:17:44.457+0000][67][gc,age      ] GC(99) - age   7:      11448 bytes,     727240 total
[2023-04-06T07:17:44.458+0000][67][gc,age      ] GC(99) - age   8:        904 bytes,     728144 total
[2023-04-06T07:17:44.458+0000][67][gc,age      ] GC(99) - age   9:       6720 bytes,     734864 total
[2023-04-06T07:17:44.458+0000][67][gc,age      ] GC(99) - age  10:     269224 bytes,    1004088 total
[2023-04-06T07:17:44.459+0000][67][gc,age      ] GC(99) - age  11:      20680 bytes,    1024768 total
[2023-04-06T07:17:44.459+0000][67][gc,age      ] GC(99) - age  12:      12392 bytes,    1037160 total
[2023-04-06T07:17:44.460+0000][67][gc,age      ] GC(99) - age  13:       1320 bytes,    1038480 total
[2023-04-06T07:17:44.460+0000][67][gc,age      ] GC(99) - age  14:       2040 bytes,    1040520 total
[2023-04-06T07:17:44.460+0000][67][gc,age      ] GC(99) - age  15:       7296 bytes,    1047816 total
[2023-04-06T07:17:44.461+0000][67][gc,heap     ] GC(99) Eden regions: 23->0(23)
[2023-04-06T07:17:44.462+0000][67][gc,heap     ] GC(99) Survivor regions: 1->1(3)
[2023-04-06T07:17:44.462+0000][67][gc,heap     ] GC(99) Old regions: 25->25
[2023-04-06T07:17:44.463+0000][67][gc,heap     ] GC(99) Archive regions: 2->2
[2023-04-06T07:17:44.463+0000][67][gc,heap     ] GC(99) Humongous regions: 2->2
[2023-04-06T07:17:44.463+0000][67][gc,metaspace] GC(99) Metaspace: 139523K(142656K)->139523K(142656K) NonClass: 121628K(122880K)->121628K(122880K) Class: 17894K(19776K)->17894K(19776K)
[2023-04-06T07:17:44.464+0000][67][gc          ] GC(99) Pause Young (Normal) (G1 Evacuation Pause) 202M->109M(256M) 16.306ms
[2023-04-06T07:17:44.464+0000][67][gc,cpu      ] GC(99) User=0.00s Sys=0.00s Real=0.02s
[2023-04-06T07:17:44.465+0000][67][safepoint   ] Safepoint "G1CollectForAllocation", Time since last: 5990323698 ns, Reaching safepoint: 101836 ns, At safepoint: 17139064 ns, Total: 17240900 ns
[2023-04-06T07:17:49.448+0000][67][safepoint   ] Safepoint "Cleanup", Time since last: 5005449711 ns, Reaching safepoint: 241652 ns, At safepoint: 4886 ns, Total: 246538 ns
[2023-04-06T07:17:55.460+0000][67][safepoint   ] Safepoint "Cleanup", Time since last: 6012033034 ns, Reaching safepoint: 329333 ns, At safepoint: 17343 ns, Total: 346676 ns
[2023-04-06T07:17:56.462+0000][67][safepoint   ] Safepoint "Cleanup", Time since last: 1001578489 ns, Reaching safepoint: 107353 ns, At safepoint: 3443 ns, Total: 110796 ns
[2023-04-06T07:18:01.465+0000][67][safepoint   ] Safepoint "Cleanup", Time since last: 5003527969 ns, Reaching safepoint: 163040 ns, At safepoint: 32155 ns, Total: 195195 ns
[2023-04-06T07:18:10.478+0000][67][safepoint   ] Safepoint "Cleanup", Time since last: 9012345283 ns, Reaching safepoint: 106001 ns, At safepoint: 3171 ns, Total: 109172 ns
[2023-04-06T07:18:11.481+0000][67][safepoint   ] Safepoint "Cleanup", Time since last: 1002774553 ns, Reaching safepoint: 272608 ns, At safepoint: 10457 ns, Total: 283065 ns
[2023-04-06T07:18:13.200+0000][67][gc,start    ] GC(100) Pause Young (Concurrent Start) (G1 Evacuation Pause)
[2023-04-06T07:18:13.202+0000][67][gc,task     ] GC(100) Using 4 workers of 4 for evacuation
[2023-04-06T07:18:13.203+0000][67][gc,age      ] GC(100) Desired survivor size 6291456 bytes, new threshold 15 (max threshold 15)
[2023-04-06T07:18:13.210+0000][67][gc,phases   ] GC(100)   Pre Evacuate Collection Set: 0.6ms
[2023-04-06T07:18:13.211+0000][67][gc,phases   ] GC(100)   Merge Heap Roots: 0.1ms
[2023-04-06T07:18:13.212+0000][67][gc,phases   ] GC(100)   Evacuate Collection Set: 4.5ms
[2023-04-06T07:18:13.213+0000][67][gc,phases   ] GC(100)   Post Evacuate Collection Set: 1.2ms
[2023-04-06T07:18:13.214+0000][67][gc,phases   ] GC(100)   Other: 2.1ms
[2023-04-06T07:18:13.214+0000][67][gc,age      ] GC(100) Age table with threshold 15 (max threshold 15)
[2023-04-06T07:18:13.215+0000][67][gc,age      ] GC(100) - age   1:    1112008 bytes,    1112008 total
[2023-04-06T07:18:13.215+0000][67][gc,age      ] GC(100) - age   2:     159912 bytes,    1271920 total
[2023-04-06T07:18:13.216+0000][67][gc,age      ] GC(100) - age   3:      18216 bytes,    1290136 total
[2023-04-06T07:18:13.217+0000][67][gc,age      ] GC(100) - age   4:        176 bytes,    1290312 total
[2023-04-06T07:18:13.218+0000][67][gc,age      ] GC(100) - age   5:       2216 bytes,    1292528 total
[2023-04-06T07:18:13.218+0000][67][gc,age      ] GC(100) - age   6:        744 bytes,    1293272 total
[2023-04-06T07:18:13.219+0000][67][gc,age      ] GC(100) - age   7:        792 bytes,    1294064 total
[2023-04-06T07:18:13.219+0000][67][gc,age      ] GC(100) - age   8:      11448 bytes,    1305512 total
[2023-04-06T07:18:13.220+0000][67][gc,age      ] GC(100) - age   9:        904 bytes,    1306416 total
[2023-04-06T07:18:13.220+0000][67][gc,age      ] GC(100) - age  10:       6144 bytes,    1312560 total
[2023-04-06T07:18:13.221+0000][67][gc,age      ] GC(100) - age  11:       5344 bytes,    1317904 total
[2023-04-06T07:18:13.221+0000][67][gc,age      ] GC(100) - age  12:        600 bytes,    1318504 total
[2023-04-06T07:18:13.222+0000][67][gc,age      ] GC(100) - age  13:      12392 bytes,    1330896 total
[2023-04-06T07:18:13.222+0000][67][gc,age      ] GC(100) - age  14:       1320 bytes,    1332216 total
[2023-04-06T07:18:13.223+0000][67][gc,age      ] GC(100) - age  15:       2040 bytes,    1334256 total
[2023-04-06T07:18:13.223+0000][67][gc,heap     ] GC(100) Eden regions: 23->0(23)
[2023-04-06T07:18:13.224+0000][67][gc,heap     ] GC(100) Survivor regions: 1->1(3)
[2023-04-06T07:18:13.225+0000][67][gc,heap     ] GC(100) Old regions: 25->25
[2023-04-06T07:18:13.225+0000][67][gc,heap     ] GC(100) Archive regions: 2->2
[2023-04-06T07:18:13.226+0000][67][gc,heap     ] GC(100) Humongous regions: 2->2
[2023-04-06T07:18:13.226+0000][67][gc,metaspace] GC(100) Metaspace: 139527K(142656K)->139527K(142656K) NonClass: 121632K(122880K)->121632K(122880K) Class: 17894K(19776K)->17894K(19776K)
[2023-04-06T07:18:13.227+0000][67][gc          ] GC(100) Pause Young (Concurrent Start) (G1 Evacuation Pause) 201M->109M(256M) 26.277ms
[2023-04-06T07:18:13.227+0000][67][gc,cpu      ] GC(100) User=0.01s Sys=0.00s Real=0.03s
[2023-04-06T07:18:13.227+0000][67][gc          ] GC(101) Concurrent Mark Cycle
[2023-04-06T07:18:13.228+0000][67][gc,marking  ] GC(101) Concurrent Clear Claimed Marks
[2023-04-06T07:18:13.228+0000][67][safepoint   ] Safepoint "G1CollectForAllocation", Time since last: 1719347069 ns, Reaching safepoint: 99863 ns, At safepoint: 27290068 ns, Total: 27389931 ns
[2023-04-06T07:18:13.229+0000][67][gc,marking  ] GC(101) Concurrent Clear Claimed Marks 0.907ms
[2023-04-06T07:18:13.232+0000][67][gc,marking  ] GC(101) Concurrent Scan Root Regions
[2023-04-06T07:18:13.235+0000][67][gc,marking  ] GC(101) Concurrent Scan Root Regions 3.851ms
[2023-04-06T07:18:13.236+0000][67][gc,marking  ] GC(101) Concurrent Mark
[2023-04-06T07:18:13.237+0000][67][gc,marking  ] GC(101) Concurrent Mark From Roots
[2023-04-06T07:18:13.238+0000][67][gc,task     ] GC(101) Using 1 workers of 1 for marking
[2023-04-06T07:18:13.351+0000][67][gc,marking  ] GC(101) Concurrent Mark From Roots 113.513ms
[2023-04-06T07:18:13.351+0000][67][gc,marking  ] GC(101) Concurrent Preclean
[2023-04-06T07:18:13.353+0000][67][gc,marking  ] GC(101) Concurrent Preclean 1.174ms
[2023-04-06T07:18:13.353+0000][67][gc,start    ] GC(101) Pause Remark
[2023-04-06T07:18:13.364+0000][67][gc          ] GC(101) Pause Remark 111M->111M(256M) 10.878ms
[2023-04-06T07:18:13.365+0000][67][gc,cpu      ] GC(101) User=0.02s Sys=0.00s Real=0.01s
[2023-04-06T07:18:13.366+0000][67][safepoint   ] Safepoint "G1PauseRemark", Time since last: 125694377 ns, Reaching safepoint: 44606 ns, At safepoint: 12119602 ns, Total: 12164208 ns
[2023-04-06T07:18:13.366+0000][67][gc,marking  ] GC(101) Concurrent Mark 129.851ms
[2023-04-06T07:18:13.366+0000][67][gc,marking  ] GC(101) Concurrent Rebuild Remembered Sets
[2023-04-06T07:18:13.457+0000][67][gc,marking  ] GC(101) Concurrent Rebuild Remembered Sets 90.456ms
[2023-04-06T07:18:13.458+0000][67][gc,start    ] GC(101) Pause Cleanup
[2023-04-06T07:18:13.458+0000][67][gc          ] GC(101) Pause Cleanup 112M->112M(256M) 0.608ms
[2023-04-06T07:18:13.459+0000][67][gc,cpu      ] GC(101) User=0.01s Sys=0.00s Real=0.00s
[2023-04-06T07:18:13.459+0000][67][safepoint   ] Safepoint "G1PauseCleanup", Time since last: 92041887 ns, Reaching safepoint: 177930 ns, At safepoint: 1492711 ns, Total: 1670641 ns
[2023-04-06T07:18:13.460+0000][67][gc,marking  ] GC(101) Concurrent Cleanup for Next Mark
[2023-04-06T07:18:13.461+0000][67][gc,marking  ] GC(101) Concurrent Cleanup for Next Mark 1.006ms
[2023-04-06T07:18:13.462+0000][67][gc          ] GC(101) Concurrent Mark Cycle 234.510ms
[2023-04-06T07:18:14.461+0000][67][safepoint   ] Safepoint "Cleanup", Time since last: 1001229794 ns, Reaching safepoint: 312175 ns, At safepoint: 10634 ns, Total: 322809 ns
[2023-04-06T07:18:19.446+0000][67][safepoint   ] Safepoint "Cleanup", Time since last: 5005933252 ns, Reaching safepoint: 473359 ns, At safepoint: 171057 ns, Total: 644416 ns
[2023-04-06T07:18:20.449+0000][67][safepoint   ] Safepoint "Cleanup", Time since last: 1003073450 ns, Reaching safepoint: 197210 ns, At safepoint: 10763 ns, Total: 207973 ns
[2023-04-06T07:18:25.456+0000][67][safepoint   ] Safepoint "Cleanup", Time since last: 5006339399 ns, Reaching safepoint: 434610 ns, At safepoint: 11774 ns, Total: 446384 ns
[2023-04-06T07:18:34.464+0000][67][safepoint   ] Safepoint "Cleanup", Time since last: 9007825701 ns, Reaching safepoint: 426090 ns, At safepoint: 52437 ns, Total: 478527 ns
[2023-04-06T07:18:36.469+0000][67][safepoint   ] Safepoint "Cleanup", Time since last: 2004139062 ns, Reaching safepoint: 504851 ns, At safepoint: 13419 ns, Total: 518270 ns
[2023-04-06T07:18:37.472+0000][67][safepoint   ] Safepoint "Cleanup", Time since last: 1002278142 ns, Reaching safepoint: 104232 ns, At safepoint: 4833 ns, Total: 109065 ns
[2023-04-06T07:18:43.479+0000][67][safepoint   ] Safepoint "Cleanup", Time since last: 6006901060 ns, Reaching safepoint: 436003 ns, At safepoint: 150442 ns, Total: 586445 ns
[2023-04-06T07:18:43.975+0000][67][gc,start    ] GC(102) Pause Young (Normal) (G1 Evacuation Pause)
[2023-04-06T07:18:43.976+0000][67][gc,task     ] GC(102) Using 4 workers of 4 for evacuation
[2023-04-06T07:18:43.976+0000][67][gc,age      ] GC(102) Desired survivor size 6291456 bytes, new threshold 15 (max threshold 15)
[2023-04-06T07:18:43.980+0000][67][gc,phases   ] GC(102)   Pre Evacuate Collection Set: 0.1ms
[2023-04-06T07:18:43.981+0000][67][gc,phases   ] GC(102)   Merge Heap Roots: 0.1ms
[2023-04-06T07:18:43.981+0000][67][gc,phases   ] GC(102)   Evacuate Collection Set: 1.9ms
[2023-04-06T07:18:43.982+0000][67][gc,phases   ] GC(102)   Post Evacuate Collection Set: 1.0ms
[2023-04-06T07:18:43.982+0000][67][gc,phases   ] GC(102)   Other: 0.9ms
[2023-04-06T07:18:43.983+0000][67][gc,age      ] GC(102) Age table with threshold 15 (max threshold 15)
[2023-04-06T07:18:43.983+0000][67][gc,age      ] GC(102) - age   1:    1236896 bytes,    1236896 total
[2023-04-06T07:18:43.984+0000][67][gc,age      ] GC(102) - age   2:     419256 bytes,    1656152 total
[2023-04-06T07:18:43.985+0000][67][gc,age      ] GC(102) - age   3:      26416 bytes,    1682568 total
[2023-04-06T07:18:43.985+0000][67][gc,age      ] GC(102) - age   4:      17496 bytes,    1700064 total
[2023-04-06T07:18:43.986+0000][67][gc,age      ] GC(102) - age   5:        176 bytes,    1700240 total
[2023-04-06T07:18:43.987+0000][67][gc,age      ] GC(102) - age   6:       2216 bytes,    1702456 total
[2023-04-06T07:18:43.987+0000][67][gc,age      ] GC(102) - age   7:        744 bytes,    1703200 total
[2023-04-06T07:18:43.988+0000][67][gc,age      ] GC(102) - age   8:        792 bytes,    1703992 total
[2023-04-06T07:18:43.988+0000][67][gc,age      ] GC(102) - age   9:      11448 bytes,    1715440 total
[2023-04-06T07:18:43.989+0000][67][gc,age      ] GC(102) - age  10:        904 bytes,    1716344 total
[2023-04-06T07:18:43.990+0000][67][gc,age      ] GC(102) - age  11:       5912 bytes,    1722256 total
[2023-04-06T07:18:43.990+0000][67][gc,age      ] GC(102) - age  12:       5216 bytes,    1727472 total
[2023-04-06T07:18:43.991+0000][67][gc,age      ] GC(102) - age  13:        600 bytes,    1728072 total
[2023-04-06T07:18:43.991+0000][67][gc,age      ] GC(102) - age  14:      12392 bytes,    1740464 total
[2023-04-06T07:18:43.992+0000][67][gc,age      ] GC(102) - age  15:       1024 bytes,    1741488 total
[2023-04-06T07:18:43.992+0000][67][gc,heap     ] GC(102) Eden regions: 23->0(23)
[2023-04-06T07:18:43.993+0000][67][gc,heap     ] GC(102) Survivor regions: 1->1(3)
[2023-04-06T07:18:43.993+0000][67][gc,heap     ] GC(102) Old regions: 25->25
[2023-04-06T07:18:43.994+0000][67][gc,heap     ] GC(102) Archive regions: 2->2
[2023-04-06T07:18:43.994+0000][67][gc,heap     ] GC(102) Humongous regions: 2->2
[2023-04-06T07:18:43.995+0000][67][gc,metaspace] GC(102) Metaspace: 139543K(142656K)->139543K(142656K) NonClass: 121648K(122880K)->121648K(122880K) Class: 17894K(19776K)->17894K(19776K)
[2023-04-06T07:18:43.995+0000][67][gc          ] GC(102) Pause Young (Normal) (G1 Evacuation Pause) 201M->110M(256M) 20.153ms
[2023-04-06T07:18:43.996+0000][67][gc,cpu      ] GC(102) User=0.01s Sys=0.01s Real=0.02s
[2023-04-06T07:18:43.996+0000][67][safepoint   ] Safepoint "G1CollectForAllocation", Time since last: 495951313 ns, Reaching safepoint: 118133 ns, At safepoint: 21215789 ns, Total: 21333922 ns
[2023-04-06T07:18:53.984+0000][67][safepoint   ] Safepoint "Cleanup", Time since last: 10009430777 ns, Reaching safepoint: 236714 ns, At safepoint: 71234 ns, Total: 307948 ns
[2023-04-06T07:18:55.989+0000][67][safepoint   ] Safepoint "Cleanup", Time since last: 2004082459 ns, Reaching safepoint: 904559 ns, At safepoint: 65698 ns, Total: 970257 ns
[2023-04-06T07:18:56.993+0000][67][safepoint   ] Safepoint "Cleanup", Time since last: 1004261011 ns, Reaching safepoint: 148328 ns, At safepoint: 3284 ns, Total: 151612 ns
[2023-04-06T07:19:14.757+0000][67][gc,start    ] GC(103) Pause Young (Concurrent Start) (G1 Evacuation Pause)
[2023-04-06T07:19:14.758+0000][67][gc,task     ] GC(103) Using 4 workers of 4 for evacuation
[2023-04-06T07:19:14.759+0000][67][gc,age      ] GC(103) Desired survivor size 6291456 bytes, new threshold 15 (max threshold 15)
[2023-04-06T07:19:14.764+0000][67][gc,phases   ] GC(103)   Pre Evacuate Collection Set: 0.4ms
[2023-04-06T07:19:14.765+0000][67][gc,phases   ] GC(103)   Merge Heap Roots: 0.2ms
[2023-04-06T07:19:14.765+0000][67][gc,phases   ] GC(103)   Evacuate Collection Set: 2.7ms
[2023-04-06T07:19:14.766+0000][67][gc,phases   ] GC(103)   Post Evacuate Collection Set: 1.0ms
[2023-04-06T07:19:14.766+0000][67][gc,phases   ] GC(103)   Other: 1.7ms
[2023-04-06T07:19:14.767+0000][67][gc,age      ] GC(103) Age table with threshold 15 (max threshold 15)
[2023-04-06T07:19:14.767+0000][67][gc,age      ] GC(103) - age   1:    1593696 bytes,    1593696 total
[2023-04-06T07:19:14.768+0000][67][gc,age      ] GC(103) - age   2:      28600 bytes,    1622296 total
[2023-04-06T07:19:14.769+0000][67][gc,age      ] GC(103) - age   3:     418768 bytes,    2041064 total
[2023-04-06T07:19:14.769+0000][67][gc,age      ] GC(103) - age   4:      26288 bytes,    2067352 total
[2023-04-06T07:19:14.770+0000][67][gc,age      ] GC(103) - age   5:      17280 bytes,    2084632 total
[2023-04-06T07:19:14.771+0000][67][gc,age      ] GC(103) - age   6:        176 bytes,    2084808 total
[2023-04-06T07:19:14.772+0000][67][gc,age      ] GC(103) - age   7:       2216 bytes,    2087024 total
[2023-04-06T07:19:14.772+0000][67][gc,age      ] GC(103) - age   8:        680 bytes,    2087704 total
[2023-04-06T07:19:14.772+0000][67][gc,age      ] GC(103) - age   9:        792 bytes,    2088496 total
[2023-04-06T07:19:14.773+0000][67][gc,age      ] GC(103) - age  10:      11448 bytes,    2099944 total
[2023-04-06T07:19:14.773+0000][67][gc,age      ] GC(103) - age  11:        904 bytes,    2100848 total
[2023-04-06T07:19:14.773+0000][67][gc,age      ] GC(103) - age  12:       5912 bytes,    2106760 total
[2023-04-06T07:19:14.774+0000][67][gc,age      ] GC(103) - age  13:       5216 bytes,    2111976 total
[2023-04-06T07:19:14.775+0000][67][gc,age      ] GC(103) - age  14:        600 bytes,    2112576 total
[2023-04-06T07:19:14.775+0000][67][gc,age      ] GC(103) - age  15:      12392 bytes,    2124968 total
[2023-04-06T07:19:14.775+0000][67][gc,heap     ] GC(103) Eden regions: 23->0(23)
[2023-04-06T07:19:14.776+0000][67][gc,heap     ] GC(103) Survivor regions: 1->1(3)
[2023-04-06T07:19:14.776+0000][67][gc,heap     ] GC(103) Old regions: 25->25
[2023-04-06T07:19:14.776+0000][67][gc,heap     ] GC(103) Archive regions: 2->2
[2023-04-06T07:19:14.777+0000][67][gc,heap     ] GC(103) Humongous regions: 2->2
[2023-04-06T07:19:14.777+0000][67][gc,metaspace] GC(103) Metaspace: 139547K(142656K)->139547K(142656K) NonClass: 121652K(122880K)->121652K(122880K) Class: 17894K(19776K)->17894K(19776K)
[2023-04-06T07:19:14.778+0000][67][gc          ] GC(103) Pause Young (Concurrent Start) (G1 Evacuation Pause) 202M->110M(256M) 20.531ms
[2023-04-06T07:19:14.778+0000][67][gc,cpu      ] GC(103) User=0.01s Sys=0.00s Real=0.03s
[2023-04-06T07:19:14.778+0000][67][gc          ] GC(104) Concurrent Mark Cycle
[2023-04-06T07:19:14.779+0000][67][gc,marking  ] GC(104) Concurrent Clear Claimed Marks
[2023-04-06T07:19:14.779+0000][67][safepoint   ] Safepoint "G1CollectForAllocation", Time since last: 17763739161 ns, Reaching safepoint: 104719 ns, At safepoint: 21550176 ns, Total: 21654895 ns
[2023-04-06T07:19:14.780+0000][67][gc,marking  ] GC(104) Concurrent Clear Claimed Marks 0.781ms
[2023-04-06T07:19:14.780+0000][67][gc,marking  ] GC(104) Concurrent Scan Root Regions
[2023-04-06T07:19:14.783+0000][67][gc,marking  ] GC(104) Concurrent Scan Root Regions 2.644ms
[2023-04-06T07:19:14.784+0000][67][gc,marking  ] GC(104) Concurrent Mark
[2023-04-06T07:19:14.784+0000][67][gc,marking  ] GC(104) Concurrent Mark From Roots
[2023-04-06T07:19:14.784+0000][67][gc,task     ] GC(104) Using 1 workers of 1 for marking
[2023-04-06T07:19:14.898+0000][67][gc,marking  ] GC(104) Concurrent Mark From Roots 114.408ms
[2023-04-06T07:19:14.900+0000][67][gc,marking  ] GC(104) Concurrent Preclean
[2023-04-06T07:19:14.901+0000][67][gc,marking  ] GC(104) Concurrent Preclean 1.365ms
[2023-04-06T07:19:14.902+0000][67][gc,start    ] GC(104) Pause Remark
[2023-04-06T07:19:14.912+0000][67][gc          ] GC(104) Pause Remark 113M->113M(256M) 10.083ms
[2023-04-06T07:19:14.913+0000][67][gc,cpu      ] GC(104) User=0.03s Sys=0.00s Real=0.01s
[2023-04-06T07:19:14.914+0000][67][safepoint   ] Safepoint "G1PauseRemark", Time since last: 123233779 ns, Reaching safepoint: 76629 ns, At safepoint: 11751118 ns, Total: 11827747 ns
[2023-04-06T07:19:14.914+0000][67][gc,marking  ] GC(104) Concurrent Mark 130.611ms
[2023-04-06T07:19:14.915+0000][67][gc,marking  ] GC(104) Concurrent Rebuild Remembered Sets
[2023-04-06T07:19:14.967+0000][67][gc,marking  ] GC(104) Concurrent Rebuild Remembered Sets 52.070ms
[2023-04-06T07:19:14.969+0000][67][gc,start    ] GC(104) Pause Cleanup
[2023-04-06T07:19:14.970+0000][67][gc          ] GC(104) Pause Cleanup 113M->113M(256M) 0.811ms
[2023-04-06T07:19:14.970+0000][67][gc,cpu      ] GC(104) User=0.00s Sys=0.00s Real=0.00s
[2023-04-06T07:19:14.971+0000][67][safepoint   ] Safepoint "G1PauseCleanup", Time since last: 54930024 ns, Reaching safepoint: 163058 ns, At safepoint: 1902559 ns, Total: 2065617 ns
[2023-04-06T07:19:14.971+0000][67][gc,marking  ] GC(104) Concurrent Cleanup for Next Mark
[2023-04-06T07:19:14.972+0000][67][gc,marking  ] GC(104) Concurrent Cleanup for Next Mark 0.613ms
[2023-04-06T07:19:14.972+0000][67][gc          ] GC(104) Concurrent Mark Cycle 194.280ms
[2023-04-06T07:19:25.959+0000][67][safepoint   ] Safepoint "Cleanup", Time since last: 11010224005 ns, Reaching safepoint: 376536 ns, At safepoint: 17607 ns, Total: 394143 ns
[2023-04-06T07:19:28.965+0000][67][safepoint   ] Safepoint "Cleanup", Time since last: 3005300539 ns, Reaching safepoint: 221516 ns, At safepoint: 5913 ns, Total: 227429 ns
[2023-04-06T07:19:30.968+0000][67][safepoint   ] Safepoint "Cleanup", Time since last: 2002905092 ns, Reaching safepoint: 229039 ns, At safepoint: 33778 ns, Total: 262817 ns
[2023-04-06T07:19:31.970+0000][67][safepoint   ] Safepoint "Cleanup", Time since last: 1001931702 ns, Reaching safepoint: 348618 ns, At safepoint: 11022 ns, Total: 359640 ns
[2023-04-06T07:19:33.977+0000][67][safepoint   ] Safepoint "Cleanup", Time since last: 2006022799 ns, Reaching safepoint: 339953 ns, At safepoint: 8569 ns, Total: 348522 ns
[2023-04-06T07:19:38.982+0000][67][safepoint   ] Safepoint "Cleanup", Time since last: 5004387609 ns, Reaching safepoint: 292966 ns, At safepoint: 6918 ns, Total: 299884 ns
[2023-04-06T07:19:40.984+0000][67][safepoint   ] Safepoint "Cleanup", Time since last: 2001945750 ns, Reaching safepoint: 322420 ns, At safepoint: 8347 ns, Total: 330767 ns
[2023-04-06T07:19:41.988+0000][67][safepoint   ] Safepoint "Cleanup", Time since last: 1003918332 ns, Reaching safepoint: 618945 ns, At safepoint: 18645 ns, Total: 637590 ns
[2023-04-06T07:19:42.991+0000][67][safepoint   ] Safepoint "Cleanup", Time since last: 1002496474 ns, Reaching safepoint: 52895 ns, At safepoint: 4407 ns, Total: 57302 ns
[2023-04-06T07:19:43.062+0000][67][gc,start    ] GC(105) Pause Young (Normal) (G1 Evacuation Pause)
[2023-04-06T07:19:43.063+0000][67][gc,task     ] GC(105) Using 4 workers of 4 for evacuation
[2023-04-06T07:19:43.063+0000][67][gc,age      ] GC(105) Desired survivor size 6291456 bytes, new threshold 15 (max threshold 15)
[2023-04-06T07:19:43.066+0000][67][gc,phases   ] GC(105)   Pre Evacuate Collection Set: 0.1ms
[2023-04-06T07:19:43.067+0000][67][gc,phases   ] GC(105)   Merge Heap Roots: 0.1ms
[2023-04-06T07:19:43.067+0000][67][gc,phases   ] GC(105)   Evacuate Collection Set: 1.4ms
[2023-04-06T07:19:43.068+0000][67][gc,phases   ] GC(105)   Post Evacuate Collection Set: 0.8ms
[2023-04-06T07:19:43.068+0000][67][gc,phases   ] GC(105)   Other: 1.0ms
[2023-04-06T07:19:43.069+0000][67][gc,age      ] GC(105) Age table with threshold 15 (max threshold 15)
[2023-04-06T07:19:43.069+0000][67][gc,age      ] GC(105) - age   1:     972664 bytes,     972664 total
[2023-04-06T07:19:43.069+0000][67][gc,age      ] GC(105) - age   2:       3664 bytes,     976328 total
[2023-04-06T07:19:43.070+0000][67][gc,age      ] GC(105) - age   3:      27064 bytes,    1003392 total
[2023-04-06T07:19:43.070+0000][67][gc,age      ] GC(105) - age   4:     288536 bytes,    1291928 total
[2023-04-06T07:19:43.071+0000][67][gc,age      ] GC(105) - age   5:      26288 bytes,    1318216 total
[2023-04-06T07:19:43.071+0000][67][gc,age      ] GC(105) - age   6:        512 bytes,    1318728 total
[2023-04-06T07:19:43.072+0000][67][gc,age      ] GC(105) - age   7:        176 bytes,    1318904 total
[2023-04-06T07:19:43.072+0000][67][gc,age      ] GC(105) - age   8:       2216 bytes,    1321120 total
[2023-04-06T07:19:43.073+0000][67][gc,age      ] GC(105) - age   9:        680 bytes,    1321800 total
[2023-04-06T07:19:43.074+0000][67][gc,age      ] GC(105) - age  10:        792 bytes,    1322592 total
[2023-04-06T07:19:43.074+0000][67][gc,age      ] GC(105) - age  11:      11448 bytes,    1334040 total
[2023-04-06T07:19:43.074+0000][67][gc,age      ] GC(105) - age  12:        904 bytes,    1334944 total
[2023-04-06T07:19:43.075+0000][67][gc,age      ] GC(105) - age  13:       5912 bytes,    1340856 total
[2023-04-06T07:19:43.075+0000][67][gc,age      ] GC(105) - age  14:       5216 bytes,    1346072 total
[2023-04-06T07:19:43.076+0000][67][gc,age      ] GC(105) - age  15:        600 bytes,    1346672 total
[2023-04-06T07:19:43.076+0000][67][gc,heap     ] GC(105) Eden regions: 23->0(23)
[2023-04-06T07:19:43.076+0000][67][gc,heap     ] GC(105) Survivor regions: 1->1(3)
[2023-04-06T07:19:43.077+0000][67][gc,heap     ] GC(105) Old regions: 25->25
[2023-04-06T07:19:43.077+0000][67][gc,heap     ] GC(105) Archive regions: 2->2
[2023-04-06T07:19:43.078+0000][67][gc,heap     ] GC(105) Humongous regions: 2->2
[2023-04-06T07:19:43.078+0000][67][gc,metaspace] GC(105) Metaspace: 139583K(142720K)->139583K(142720K) NonClass: 121689K(122944K)->121689K(122944K) Class: 17894K(19776K)->17894K(19776K)
[2023-04-06T07:19:43.078+0000][67][gc          ] GC(105) Pause Young (Normal) (G1 Evacuation Pause) 202M->109M(256M) 16.397ms
[2023-04-06T07:19:43.079+0000][67][gc,cpu      ] GC(105) User=0.01s Sys=0.00s Real=0.02s
[2023-04-06T07:19:43.079+0000][67][safepoint   ] Safepoint "G1CollectForAllocation", Time since last: 70901114 ns, Reaching safepoint: 122563 ns, At safepoint: 17426333 ns, Total: 17548896 ns
[2023-04-06T07:19:58.081+0000][67][safepoint   ] Safepoint "Cleanup", Time since last: 15023526413 ns, Reaching safepoint: 759354 ns, At safepoint: 23687 ns, Total: 783041 ns
[2023-04-06T07:20:02.086+0000][67][safepoint   ] Safepoint "Cleanup", Time since last: 4004036051 ns, Reaching safepoint: 337316 ns, At safepoint: 10767 ns, Total: 348083 ns
[2023-04-06T07:20:04.091+0000][67][safepoint   ] Safepoint "Cleanup", Time since last: 2004521539 ns, Reaching safepoint: 183782 ns, At safepoint: 16918 ns, Total: 200700 ns
[2023-04-06T07:20:13.100+0000][67][safepoint   ] Safepoint "Cleanup", Time since last: 9009720514 ns, Reaching safepoint: 106039 ns, At safepoint: 5285 ns, Total: 111324 ns
[2023-04-06T07:20:13.473+0000][67][gc,start    ] GC(106) Pause Young (Concurrent Start) (G1 Evacuation Pause)
[2023-04-06T07:20:13.474+0000][67][gc,task     ] GC(106) Using 4 workers of 4 for evacuation
[2023-04-06T07:20:13.474+0000][67][gc,age      ] GC(106) Desired survivor size 6291456 bytes, new threshold 15 (max threshold 15)
[2023-04-06T07:20:13.478+0000][67][gc,phases   ] GC(106)   Pre Evacuate Collection Set: 0.3ms
[2023-04-06T07:20:13.479+0000][67][gc,phases   ] GC(106)   Merge Heap Roots: 0.1ms
[2023-04-06T07:20:13.480+0000][67][gc,phases   ] GC(106)   Evacuate Collection Set: 2.7ms
[2023-04-06T07:20:13.480+0000][67][gc,phases   ] GC(106)   Post Evacuate Collection Set: 0.7ms
[2023-04-06T07:20:13.481+0000][67][gc,phases   ] GC(106)   Other: 0.9ms
[2023-04-06T07:20:13.481+0000][67][gc,age      ] GC(106) Age table with threshold 15 (max threshold 15)
[2023-04-06T07:20:13.482+0000][67][gc,age      ] GC(106) - age   1:    1213240 bytes,    1213240 total
[2023-04-06T07:20:13.482+0000][67][gc,age      ] GC(106) - age   2:     159376 bytes,    1372616 total
[2023-04-06T07:20:13.483+0000][67][gc,age      ] GC(106) - age   3:       1096 bytes,    1373712 total
[2023-04-06T07:20:13.483+0000][67][gc,age      ] GC(106) - age   4:      26808 bytes,    1400520 total
[2023-04-06T07:20:13.484+0000][67][gc,age      ] GC(106) - age   5:     288408 bytes,    1688928 total
[2023-04-06T07:20:13.484+0000][67][gc,age      ] GC(106) - age   6:      26288 bytes,    1715216 total
[2023-04-06T07:20:13.485+0000][67][gc,age      ] GC(106) - age   7:        512 bytes,    1715728 total
[2023-04-06T07:20:13.485+0000][67][gc,age      ] GC(106) - age   8:        152 bytes,    1715880 total
[2023-04-06T07:20:13.485+0000][67][gc,age      ] GC(106) - age   9:       2216 bytes,    1718096 total
[2023-04-06T07:20:13.486+0000][67][gc,age      ] GC(106) - age  10:        680 bytes,    1718776 total
[2023-04-06T07:20:13.487+0000][67][gc,age      ] GC(106) - age  11:        792 bytes,    1719568 total
[2023-04-06T07:20:13.487+0000][67][gc,age      ] GC(106) - age  12:      11448 bytes,    1731016 total
[2023-04-06T07:20:13.487+0000][67][gc,age      ] GC(106) - age  13:        904 bytes,    1731920 total
[2023-04-06T07:20:13.488+0000][67][gc,age      ] GC(106) - age  14:       5912 bytes,    1737832 total
[2023-04-06T07:20:13.488+0000][67][gc,age      ] GC(106) - age  15:       5216 bytes,    1743048 total
[2023-04-06T07:20:13.489+0000][67][gc,heap     ] GC(106) Eden regions: 23->0(23)
[2023-04-06T07:20:13.489+0000][67][gc,heap     ] GC(106) Survivor regions: 1->1(3)
[2023-04-06T07:20:13.490+0000][67][gc,heap     ] GC(106) Old regions: 25->25
[2023-04-06T07:20:13.490+0000][67][gc,heap     ] GC(106) Archive regions: 2->2
[2023-04-06T07:20:13.491+0000][67][gc,heap     ] GC(106) Humongous regions: 2->2
[2023-04-06T07:20:13.491+0000][67][gc,metaspace] GC(106) Metaspace: 139583K(142720K)->139583K(142720K) NonClass: 121689K(122944K)->121689K(122944K) Class: 17894K(19776K)->17894K(19776K)
[2023-04-06T07:20:13.492+0000][67][gc          ] GC(106) Pause Young (Concurrent Start) (G1 Evacuation Pause) 201M->109M(256M) 18.749ms
[2023-04-06T07:20:13.493+0000][67][gc,cpu      ] GC(106) User=0.00s Sys=0.00s Real=0.02s
[2023-04-06T07:20:13.493+0000][67][gc          ] GC(107) Concurrent Mark Cycle
[2023-04-06T07:20:13.493+0000][67][gc,marking  ] GC(107) Concurrent Clear Claimed Marks
[2023-04-06T07:20:13.493+0000][67][safepoint   ] Safepoint "G1CollectForAllocation", Time since last: 372605285 ns, Reaching safepoint: 60500 ns, At safepoint: 19967274 ns, Total: 20027774 ns
[2023-04-06T07:20:13.494+0000][67][gc,marking  ] GC(107) Concurrent Clear Claimed Marks 0.563ms
[2023-04-06T07:20:13.495+0000][67][gc,marking  ] GC(107) Concurrent Scan Root Regions
[2023-04-06T07:20:13.497+0000][67][gc,marking  ] GC(107) Concurrent Scan Root Regions 2.600ms
[2023-04-06T07:20:13.498+0000][67][gc,marking  ] GC(107) Concurrent Mark
[2023-04-06T07:20:13.498+0000][67][gc,marking  ] GC(107) Concurrent Mark From Roots
[2023-04-06T07:20:13.499+0000][67][gc,task     ] GC(107) Using 1 workers of 1 for marking
[2023-04-06T07:20:13.607+0000][67][gc,marking  ] GC(107) Concurrent Mark From Roots 108.532ms
[2023-04-06T07:20:13.608+0000][67][gc,marking  ] GC(107) Concurrent Preclean
[2023-04-06T07:20:13.609+0000][67][gc,marking  ] GC(107) Concurrent Preclean 1.132ms
[2023-04-06T07:20:13.610+0000][67][gc,start    ] GC(107) Pause Remark
[2023-04-06T07:20:13.621+0000][67][gc          ] GC(107) Pause Remark 111M->111M(256M) 10.945ms
[2023-04-06T07:20:13.622+0000][67][gc,cpu      ] GC(107) User=0.03s Sys=0.00s Real=0.01s
[2023-04-06T07:20:13.622+0000][67][safepoint   ] Safepoint "G1PauseRemark", Time since last: 117042209 ns, Reaching safepoint: 68323 ns, At safepoint: 12308885 ns, Total: 12377208 ns
[2023-04-06T07:20:13.623+0000][67][gc,marking  ] GC(107) Concurrent Mark 125.123ms
[2023-04-06T07:20:13.623+0000][67][gc,marking  ] GC(107) Concurrent Rebuild Remembered Sets
[2023-04-06T07:20:13.676+0000][67][gc,marking  ] GC(107) Concurrent Rebuild Remembered Sets 52.358ms
[2023-04-06T07:20:13.677+0000][67][gc,start    ] GC(107) Pause Cleanup
[2023-04-06T07:20:13.678+0000][67][gc          ] GC(107) Pause Cleanup 111M->111M(256M) 0.795ms
[2023-04-06T07:20:13.679+0000][67][gc,cpu      ] GC(107) User=0.00s Sys=0.00s Real=0.00s
[2023-04-06T07:20:13.679+0000][67][safepoint   ] Safepoint "G1PauseCleanup", Time since last: 54391838 ns, Reaching safepoint: 138213 ns, At safepoint: 2312730 ns, Total: 2450943 ns
[2023-04-06T07:20:13.680+0000][67][gc,marking  ] GC(107) Concurrent Cleanup for Next Mark
[2023-04-06T07:20:13.681+0000][67][gc,marking  ] GC(107) Concurrent Cleanup for Next Mark 0.765ms
[2023-04-06T07:20:13.681+0000][67][gc          ] GC(107) Concurrent Mark Cycle 188.602ms
[2023-04-06T07:20:20.663+0000][67][safepoint   ] Safepoint "Cleanup", Time since last: 7005748916 ns, Reaching safepoint: 211887 ns, At safepoint: 6899 ns, Total: 218786 ns
[2023-04-06T07:20:21.669+0000][67][safepoint   ] Safepoint "Cleanup", Time since last: 1005067213 ns, Reaching safepoint: 659499 ns, At safepoint: 30153 ns, Total: 689652 ns
[2023-04-06T07:20:22.673+0000][67][safepoint   ] Safepoint "Cleanup", Time since last: 1003304864 ns, Reaching safepoint: 776427 ns, At safepoint: 10250 ns, Total: 786677 ns
[2023-04-06T07:20:25.679+0000][67][safepoint   ] Safepoint "Cleanup", Time since last: 3005040705 ns, Reaching safepoint: 751399 ns, At safepoint: 60154 ns, Total: 811553 ns
[2023-04-06T07:20:28.685+0000][67][safepoint   ] Safepoint "Cleanup", Time since last: 3005222246 ns, Reaching safepoint: 617839 ns, At safepoint: 29055 ns, Total: 646894 ns
[2023-04-06T07:20:31.692+0000][67][safepoint   ] Safepoint "Cleanup", Time since last: 3006788855 ns, Reaching safepoint: 456988 ns, At safepoint: 11128 ns, Total: 468116 ns
[2023-04-06T07:20:33.698+0000][67][safepoint   ] Safepoint "Cleanup", Time since last: 2005808294 ns, Reaching safepoint: 673226 ns, At safepoint: 19055 ns, Total: 692281 ns
[2023-04-06T07:20:40.705+0000][67][safepoint   ] Safepoint "Cleanup", Time since last: 7006518782 ns, Reaching safepoint: 231768 ns, At safepoint: 6088 ns, Total: 237856 ns
[2023-04-06T07:20:43.708+0000][67][safepoint   ] Safepoint "Cleanup", Time since last: 3003001726 ns, Reaching safepoint: 159995 ns, At safepoint: 51709 ns, Total: 211704 ns
[2023-04-06T07:20:45.828+0000][67][gc,start    ] GC(108) Pause Young (Normal) (G1 Evacuation Pause)
[2023-04-06T07:20:45.829+0000][67][gc,task     ] GC(108) Using 4 workers of 4 for evacuation
[2023-04-06T07:20:45.830+0000][67][gc,age      ] GC(108) Desired survivor size 6291456 bytes, new threshold 15 (max threshold 15)
[2023-04-06T07:20:45.835+0000][67][gc,phases   ] GC(108)   Pre Evacuate Collection Set: 0.2ms
[2023-04-06T07:20:45.835+0000][67][gc,phases   ] GC(108)   Merge Heap Roots: 0.1ms
[2023-04-06T07:20:45.836+0000][67][gc,phases   ] GC(108)   Evacuate Collection Set: 2.5ms
[2023-04-06T07:20:45.837+0000][67][gc,phases   ] GC(108)   Post Evacuate Collection Set: 0.8ms
[2023-04-06T07:20:45.837+0000][67][gc,phases   ] GC(108)   Other: 2.2ms
[2023-04-06T07:20:45.838+0000][67][gc,age      ] GC(108) Age table with threshold 15 (max threshold 15)
[2023-04-06T07:20:45.838+0000][67][gc,age      ] GC(108) - age   1:    1349976 bytes,    1349976 total
[2023-04-06T07:20:45.839+0000][67][gc,age      ] GC(108) - age   2:       1664 bytes,    1351640 total
[2023-04-06T07:20:45.839+0000][67][gc,age      ] GC(108) - age   3:     158456 bytes,    1510096 total
[2023-04-06T07:20:45.840+0000][67][gc,age      ] GC(108) - age   4:        704 bytes,    1510800 total
[2023-04-06T07:20:45.840+0000][67][gc,age      ] GC(108) - age   5:      26808 bytes,    1537608 total
[2023-04-06T07:20:45.841+0000][67][gc,age      ] GC(108) - age   6:     288408 bytes,    1826016 total
[2023-04-06T07:20:45.841+0000][67][gc,age      ] GC(108) - age   7:      25752 bytes,    1851768 total
[2023-04-06T07:20:45.842+0000][67][gc,age      ] GC(108) - age   8:        512 bytes,    1852280 total
[2023-04-06T07:20:45.842+0000][67][gc,age      ] GC(108) - age   9:        152 bytes,    1852432 total
[2023-04-06T07:20:45.842+0000][67][gc,age      ] GC(108) - age  10:       1920 bytes,    1854352 total
[2023-04-06T07:20:45.843+0000][67][gc,age      ] GC(108) - age  11:        680 bytes,    1855032 total
[2023-04-06T07:20:45.843+0000][67][gc,age      ] GC(108) - age  12:        792 bytes,    1855824 total
[2023-04-06T07:20:45.844+0000][67][gc,age      ] GC(108) - age  13:      11448 bytes,    1867272 total
[2023-04-06T07:20:45.844+0000][67][gc,age      ] GC(108) - age  14:        904 bytes,    1868176 total
[2023-04-06T07:20:45.845+0000][67][gc,age      ] GC(108) - age  15:       5912 bytes,    1874088 total
[2023-04-06T07:20:45.845+0000][67][gc,heap     ] GC(108) Eden regions: 23->0(23)
[2023-04-06T07:20:45.846+0000][67][gc,heap     ] GC(108) Survivor regions: 1->1(3)
[2023-04-06T07:20:45.847+0000][67][gc,heap     ] GC(108) Old regions: 25->25
[2023-04-06T07:20:45.848+0000][67][gc,heap     ] GC(108) Archive regions: 2->2
[2023-04-06T07:20:45.849+0000][67][gc,heap     ] GC(108) Humongous regions: 2->2
[2023-04-06T07:20:45.849+0000][67][gc,metaspace] GC(108) Metaspace: 139596K(142720K)->139596K(142720K) NonClass: 121702K(122944K)->121702K(122944K) Class: 17894K(19776K)->17894K(19776K)
[2023-04-06T07:20:45.850+0000][67][gc          ] GC(108) Pause Young (Normal) (G1 Evacuation Pause) 201M->110M(256M) 21.967ms
[2023-04-06T07:20:45.850+0000][67][gc,cpu      ] GC(108) User=0.01s Sys=0.00s Real=0.02s
[2023-04-06T07:20:45.851+0000][67][safepoint   ] Safepoint "G1CollectForAllocation", Time since last: 2119069145 ns, Reaching safepoint: 226035 ns, At safepoint: 22884766 ns, Total: 23110801 ns
[2023-04-06T07:20:49.832+0000][67][safepoint   ] Safepoint "Cleanup", Time since last: 4003054972 ns, Reaching safepoint: 263816 ns, At safepoint: 16924 ns, Total: 280740 ns
[2023-04-06T07:20:55.838+0000][67][safepoint   ] Safepoint "Cleanup", Time since last: 6005706330 ns, Reaching safepoint: 314453 ns, At safepoint: 10312 ns, Total: 324765 ns
[2023-04-06T07:21:00.844+0000][67][safepoint   ] Safepoint "Cleanup", Time since last: 5005295356 ns, Reaching safepoint: 131016 ns, At safepoint: 4814 ns, Total: 135830 ns
[2023-04-06T07:21:07.853+0000][67][safepoint   ] Safepoint "Cleanup", Time since last: 7009204406 ns, Reaching safepoint: 324169 ns, At safepoint: 11108 ns, Total: 335277 ns
[2023-04-06T07:21:13.859+0000][67][safepoint   ] Safepoint "Cleanup", Time since last: 6005962820 ns, Reaching safepoint: 43959 ns, At safepoint: 2597 ns, Total: 46556 ns
[2023-04-06T07:21:15.281+0000][67][gc,start    ] GC(109) Pause Young (Concurrent Start) (G1 Evacuation Pause)
[2023-04-06T07:21:15.283+0000][67][gc,task     ] GC(109) Using 4 workers of 4 for evacuation
[2023-04-06T07:21:15.284+0000][67][gc,age      ] GC(109) Desired survivor size 6291456 bytes, new threshold 15 (max threshold 15)
[2023-04-06T07:21:15.292+0000][67][gc,phases   ] GC(109)   Pre Evacuate Collection Set: 0.6ms
[2023-04-06T07:21:15.293+0000][67][gc,phases   ] GC(109)   Merge Heap Roots: 0.1ms
[2023-04-06T07:21:15.294+0000][67][gc,phases   ] GC(109)   Evacuate Collection Set: 3.2ms
[2023-04-06T07:21:15.295+0000][67][gc,phases   ] GC(109)   Post Evacuate Collection Set: 1.6ms
[2023-04-06T07:21:15.296+0000][67][gc,phases   ] GC(109)   Other: 3.1ms
[2023-04-06T07:21:15.297+0000][67][gc,age      ] GC(109) Age table with threshold 15 (max threshold 15)
[2023-04-06T07:21:15.298+0000][67][gc,age      ] GC(109) - age   1:     315856 bytes,     315856 total
[2023-04-06T07:21:15.299+0000][67][gc,age      ] GC(109) - age   2:      13456 bytes,     329312 total
[2023-04-06T07:21:15.299+0000][67][gc,age      ] GC(109) - age   3:        768 bytes,     330080 total
[2023-04-06T07:21:15.300+0000][67][gc,age      ] GC(109) - age   4:       1048 bytes,     331128 total
[2023-04-06T07:21:15.301+0000][67][gc,age      ] GC(109) - age   5:        672 bytes,     331800 total
[2023-04-06T07:21:15.302+0000][67][gc,age      ] GC(109) - age   6:      26808 bytes,     358608 total
[2023-04-06T07:21:15.303+0000][67][gc,age      ] GC(109) - age   7:     288408 bytes,     647016 total
[2023-04-06T07:21:15.304+0000][67][gc,age      ] GC(109) - age   8:      25456 bytes,     672472 total
[2023-04-06T07:21:15.305+0000][67][gc,age      ] GC(109) - age   9:        512 bytes,     672984 total
[2023-04-06T07:21:15.306+0000][67][gc,age      ] GC(109) - age  10:        152 bytes,     673136 total
[2023-04-06T07:21:15.306+0000][67][gc,age      ] GC(109) - age  11:       1920 bytes,     675056 total
[2023-04-06T07:21:15.307+0000][67][gc,age      ] GC(109) - age  12:        680 bytes,     675736 total
[2023-04-06T07:21:15.307+0000][67][gc,age      ] GC(109) - age  13:        792 bytes,     676528 total
[2023-04-06T07:21:15.307+0000][67][gc,age      ] GC(109) - age  14:      11448 bytes,     687976 total
[2023-04-06T07:21:15.308+0000][67][gc,age      ] GC(109) - age  15:        904 bytes,     688880 total
[2023-04-06T07:21:15.308+0000][67][gc,heap     ] GC(109) Eden regions: 23->0(23)
[2023-04-06T07:21:15.309+0000][67][gc,heap     ] GC(109) Survivor regions: 1->1(3)
[2023-04-06T07:21:15.310+0000][67][gc,heap     ] GC(109) Old regions: 25->25
[2023-04-06T07:21:15.310+0000][67][gc,heap     ] GC(109) Archive regions: 2->2
[2023-04-06T07:21:15.311+0000][67][gc,heap     ] GC(109) Humongous regions: 2->2
[2023-04-06T07:21:15.311+0000][67][gc,metaspace] GC(109) Metaspace: 139606K(142720K)->139606K(142720K) NonClass: 121711K(122944K)->121711K(122944K) Class: 17894K(19776K)->17894K(19776K)
[2023-04-06T07:21:15.311+0000][67][gc          ] GC(109) Pause Young (Concurrent Start) (G1 Evacuation Pause) 202M->109M(256M) 30.009ms
[2023-04-06T07:21:15.312+0000][67][gc,cpu      ] GC(109) User=0.01s Sys=0.01s Real=0.03s
[2023-04-06T07:21:15.312+0000][67][gc          ] GC(110) Concurrent Mark Cycle
[2023-04-06T07:21:15.313+0000][67][gc,marking  ] GC(110) Concurrent Clear Claimed Marks
[2023-04-06T07:21:15.313+0000][67][safepoint   ] Safepoint "G1CollectForAllocation", Time since last: 1422181094 ns, Reaching safepoint: 189990 ns, At safepoint: 31248504 ns, Total: 31438494 ns
[2023-04-06T07:21:15.314+0000][67][gc,marking  ] GC(110) Concurrent Clear Claimed Marks 0.897ms
[2023-04-06T07:21:15.317+0000][67][gc,marking  ] GC(110) Concurrent Scan Root Regions
[2023-04-06T07:21:15.320+0000][67][gc,marking  ] GC(110) Concurrent Scan Root Regions 2.642ms
[2023-04-06T07:21:15.320+0000][67][gc,marking  ] GC(110) Concurrent Mark
[2023-04-06T07:21:15.321+0000][67][gc,marking  ] GC(110) Concurrent Mark From Roots
[2023-04-06T07:21:15.322+0000][67][gc,task     ] GC(110) Using 1 workers of 1 for marking
[2023-04-06T07:21:15.432+0000][67][gc,marking  ] GC(110) Concurrent Mark From Roots 110.848ms
[2023-04-06T07:21:15.433+0000][67][gc,marking  ] GC(110) Concurrent Preclean
[2023-04-06T07:21:15.434+0000][67][gc,marking  ] GC(110) Concurrent Preclean 1.051ms
[2023-04-06T07:21:15.435+0000][67][gc,start    ] GC(110) Pause Remark
[2023-04-06T07:21:15.445+0000][67][gc          ] GC(110) Pause Remark 110M->110M(256M) 9.812ms
[2023-04-06T07:21:15.445+0000][67][gc,cpu      ] GC(110) User=0.03s Sys=0.00s Real=0.01s
[2023-04-06T07:21:15.446+0000][67][safepoint   ] Safepoint "G1PauseRemark", Time since last: 122027711 ns, Reaching safepoint: 146195 ns, At safepoint: 11536427 ns, Total: 11682622 ns
[2023-04-06T07:21:15.447+0000][67][gc,marking  ] GC(110) Concurrent Mark 126.890ms
[2023-04-06T07:21:15.448+0000][67][gc,marking  ] GC(110) Concurrent Rebuild Remembered Sets
[2023-04-06T07:21:15.508+0000][67][gc,marking  ] GC(110) Concurrent Rebuild Remembered Sets 59.927ms
[2023-04-06T07:21:15.509+0000][67][gc,start    ] GC(110) Pause Cleanup
[2023-04-06T07:21:15.510+0000][67][gc          ] GC(110) Pause Cleanup 110M->110M(256M) 0.609ms
[2023-04-06T07:21:15.510+0000][67][gc,cpu      ] GC(110) User=0.00s Sys=0.00s Real=0.01s
[2023-04-06T07:21:15.511+0000][67][safepoint   ] Safepoint "G1PauseCleanup", Time since last: 62512434 ns, Reaching safepoint: 167356 ns, At safepoint: 1846628 ns, Total: 2013984 ns
[2023-04-06T07:21:15.511+0000][67][gc,marking  ] GC(110) Concurrent Cleanup for Next Mark
[2023-04-06T07:21:15.512+0000][67][gc,marking  ] GC(110) Concurrent Cleanup for Next Mark 0.854ms
[2023-04-06T07:21:15.513+0000][67][gc          ] GC(110) Concurrent Mark Cycle 200.614ms
[2023-04-06T07:21:19.495+0000][67][safepoint   ] Safepoint "Cleanup", Time since last: 4006630815 ns, Reaching safepoint: 218646 ns, At safepoint: 4408 ns, Total: 223054 ns
[2023-04-06T07:21:22.502+0000][67][safepoint   ] Safepoint "Cleanup", Time since last: 3005432578 ns, Reaching safepoint: 1266241 ns, At safepoint: 54635 ns, Total: 1320876 ns
[2023-04-06T07:21:31.515+0000][67][safepoint   ] Safepoint "Cleanup", Time since last: 9012352105 ns, Reaching safepoint: 112014 ns, At safepoint: 4830 ns, Total: 116844 ns
[2023-04-06T07:21:33.518+0000][67][safepoint   ] Safepoint "Cleanup", Time since last: 2002409220 ns, Reaching safepoint: 520085 ns, At safepoint: 13873 ns, Total: 533958 ns
[2023-04-06T07:21:37.524+0000][67][safepoint   ] Safepoint "Cleanup", Time since last: 4006119042 ns, Reaching safepoint: 221424 ns, At safepoint: 17072 ns, Total: 238496 ns
[2023-04-06T07:21:43.533+0000][67][safepoint   ] Safepoint "Cleanup", Time since last: 6009135841 ns, Reaching safepoint: 179367 ns, At safepoint: 8265 ns, Total: 187632 ns
[2023-04-06T07:21:46.052+0000][67][gc,start    ] GC(111) Pause Young (Normal) (G1 Evacuation Pause)
[2023-04-06T07:21:46.052+0000][67][gc,task     ] GC(111) Using 4 workers of 4 for evacuation
[2023-04-06T07:21:46.053+0000][67][gc,age      ] GC(111) Desired survivor size 6291456 bytes, new threshold 15 (max threshold 15)
[2023-04-06T07:21:46.056+0000][67][gc,phases   ] GC(111)   Pre Evacuate Collection Set: 0.1ms
[2023-04-06T07:21:46.056+0000][67][gc,phases   ] GC(111)   Merge Heap Roots: 0.1ms
[2023-04-06T07:21:46.057+0000][67][gc,phases   ] GC(111)   Evacuate Collection Set: 1.6ms
[2023-04-06T07:21:46.057+0000][67][gc,phases   ] GC(111)   Post Evacuate Collection Set: 0.8ms
[2023-04-06T07:21:46.058+0000][67][gc,phases   ] GC(111)   Other: 0.9ms
[2023-04-06T07:21:46.058+0000][67][gc,age      ] GC(111) Age table with threshold 15 (max threshold 15)
[2023-04-06T07:21:46.059+0000][67][gc,age      ] GC(111) - age   1:     526456 bytes,     526456 total
[2023-04-06T07:21:46.060+0000][67][gc,age      ] GC(111) - age   2:     126856 bytes,     653312 total
[2023-04-06T07:21:46.061+0000][67][gc,age      ] GC(111) - age   3:      12032 bytes,     665344 total
[2023-04-06T07:21:46.061+0000][67][gc,age      ] GC(111) - age   4:        448 bytes,     665792 total
[2023-04-06T07:21:46.062+0000][67][gc,age      ] GC(111) - age   5:        328 bytes,     666120 total
[2023-04-06T07:21:46.062+0000][67][gc,age      ] GC(111) - age   6:        672 bytes,     666792 total
[2023-04-06T07:21:46.062+0000][67][gc,age      ] GC(111) - age   7:      26808 bytes,     693600 total
[2023-04-06T07:21:46.063+0000][67][gc,age      ] GC(111) - age   8:     288408 bytes,     982008 total
[2023-04-06T07:21:46.063+0000][67][gc,age      ] GC(111) - age   9:      25456 bytes,    1007464 total
[2023-04-06T07:21:46.064+0000][67][gc,age      ] GC(111) - age  10:        512 bytes,    1007976 total
[2023-04-06T07:21:46.064+0000][67][gc,age      ] GC(111) - age  11:        152 bytes,    1008128 total
[2023-04-06T07:21:46.065+0000][67][gc,age      ] GC(111) - age  12:       1920 bytes,    1010048 total
[2023-04-06T07:21:46.065+0000][67][gc,age      ] GC(111) - age  13:        680 bytes,    1010728 total
[2023-04-06T07:21:46.065+0000][67][gc,age      ] GC(111) - age  14:        792 bytes,    1011520 total
[2023-04-06T07:21:46.066+0000][67][gc,age      ] GC(111) - age  15:      11448 bytes,    1022968 total
[2023-04-06T07:21:46.066+0000][67][gc,heap     ] GC(111) Eden regions: 23->0(23)
[2023-04-06T07:21:46.067+0000][67][gc,heap     ] GC(111) Survivor regions: 1->1(3)
[2023-04-06T07:21:46.067+0000][67][gc,heap     ] GC(111) Old regions: 25->25
[2023-04-06T07:21:46.068+0000][67][gc,heap     ] GC(111) Archive regions: 2->2
[2023-04-06T07:21:46.068+0000][67][gc,heap     ] GC(111) Humongous regions: 2->2
[2023-04-06T07:21:46.068+0000][67][gc,metaspace] GC(111) Metaspace: 139636K(142720K)->139636K(142720K) NonClass: 121741K(122944K)->121741K(122944K) Class: 17895K(19776K)->17895K(19776K)
[2023-04-06T07:21:46.069+0000][67][gc          ] GC(111) Pause Young (Normal) (G1 Evacuation Pause) 201M->109M(256M) 16.882ms
[2023-04-06T07:21:46.069+0000][67][gc,cpu      ] GC(111) User=0.01s Sys=0.00s Real=0.02s
[2023-04-06T07:21:46.070+0000][67][safepoint   ] Safepoint "G1CollectForAllocation", Time since last: 2518483175 ns, Reaching safepoint: 93774 ns, At safepoint: 17790023 ns, Total: 17883797 ns
[2023-04-06T07:21:55.061+0000][67][safepoint   ] Safepoint "Cleanup", Time since last: 9012887344 ns, Reaching safepoint: 482947 ns, At safepoint: 32548 ns, Total: 515495 ns
[2023-04-06T07:21:56.063+0000][67][safepoint   ] Safepoint "Cleanup", Time since last: 1002183031 ns, Reaching safepoint: 108500 ns, At safepoint: 3778 ns, Total: 112278 ns
[2023-04-06T07:21:57.066+0000][67][safepoint   ] Safepoint "Cleanup", Time since last: 1002387105 ns, Reaching safepoint: 578284 ns, At safepoint: 10349 ns, Total: 588633 ns
[2023-04-06T07:22:02.074+0000][67][safepoint   ] Safepoint "Cleanup", Time since last: 5007679302 ns, Reaching safepoint: 368802 ns, At safepoint: 15636 ns, Total: 384438 ns
[2023-04-06T07:22:07.081+0000][67][safepoint   ] Safepoint "Cleanup", Time since last: 5006949218 ns, Reaching safepoint: 221220 ns, At safepoint: 7383 ns, Total: 228603 ns
[2023-04-06T07:22:13.089+0000][67][safepoint   ] Safepoint "Cleanup", Time since last: 6007202017 ns, Reaching safepoint: 279675 ns, At safepoint: 6200 ns, Total: 285875 ns
[2023-04-06T07:22:15.802+0000][67][gc,start    ] GC(112) Pause Young (Concurrent Start) (G1 Evacuation Pause)
[2023-04-06T07:22:15.803+0000][67][gc,task     ] GC(112) Using 4 workers of 4 for evacuation
[2023-04-06T07:22:15.804+0000][67][gc,age      ] GC(112) Desired survivor size 6291456 bytes, new threshold 15 (max threshold 15)
[2023-04-06T07:22:15.810+0000][67][gc,phases   ] GC(112)   Pre Evacuate Collection Set: 0.6ms
[2023-04-06T07:22:15.811+0000][67][gc,phases   ] GC(112)   Merge Heap Roots: 0.1ms
[2023-04-06T07:22:15.812+0000][67][gc,phases   ] GC(112)   Evacuate Collection Set: 3.7ms
[2023-04-06T07:22:15.812+0000][67][gc,phases   ] GC(112)   Post Evacuate Collection Set: 0.9ms
[2023-04-06T07:22:15.813+0000][67][gc,phases   ] GC(112)   Other: 1.7ms
[2023-04-06T07:22:15.813+0000][67][gc,age      ] GC(112) Age table with threshold 15 (max threshold 15)
[2023-04-06T07:22:15.814+0000][67][gc,age      ] GC(112) - age   1:     960704 bytes,     960704 total
[2023-04-06T07:22:15.814+0000][67][gc,age      ] GC(112) - age   2:     134688 bytes,    1095392 total
[2023-04-06T07:22:15.815+0000][67][gc,age      ] GC(112) - age   3:      10664 bytes,    1106056 total
[2023-04-06T07:22:15.816+0000][67][gc,age      ] GC(112) - age   4:      11480 bytes,    1117536 total
[2023-04-06T07:22:15.817+0000][67][gc,age      ] GC(112) - age   5:        296 bytes,    1117832 total
[2023-04-06T07:22:15.817+0000][67][gc,age      ] GC(112) - age   6:        328 bytes,    1118160 total
[2023-04-06T07:22:15.818+0000][67][gc,age      ] GC(112) - age   7:        672 bytes,    1118832 total
[2023-04-06T07:22:15.818+0000][67][gc,age      ] GC(112) - age   8:      26744 bytes,    1145576 total
[2023-04-06T07:22:15.819+0000][67][gc,age      ] GC(112) - age   9:     288408 bytes,    1433984 total
[2023-04-06T07:22:15.819+0000][67][gc,age      ] GC(112) - age  10:      25456 bytes,    1459440 total
[2023-04-06T07:22:15.820+0000][67][gc,age      ] GC(112) - age  11:        512 bytes,    1459952 total
[2023-04-06T07:22:15.820+0000][67][gc,age      ] GC(112) - age  12:        152 bytes,    1460104 total
[2023-04-06T07:22:15.820+0000][67][gc,age      ] GC(112) - age  13:       1920 bytes,    1462024 total
[2023-04-06T07:22:15.821+0000][67][gc,age      ] GC(112) - age  14:        680 bytes,    1462704 total
[2023-04-06T07:22:15.821+0000][67][gc,age      ] GC(112) - age  15:        792 bytes,    1463496 total
[2023-04-06T07:22:15.822+0000][67][gc,heap     ] GC(112) Eden regions: 23->0(23)
[2023-04-06T07:22:15.822+0000][67][gc,heap     ] GC(112) Survivor regions: 1->1(3)
[2023-04-06T07:22:15.822+0000][67][gc,heap     ] GC(112) Old regions: 25->25
[2023-04-06T07:22:15.823+0000][67][gc,heap     ] GC(112) Archive regions: 2->2
[2023-04-06T07:22:15.823+0000][67][gc,heap     ] GC(112) Humongous regions: 2->2
[2023-04-06T07:22:15.824+0000][67][gc,metaspace] GC(112) Metaspace: 139643K(142720K)->139643K(142720K) NonClass: 121747K(122944K)->121747K(122944K) Class: 17895K(19776K)->17895K(19776K)
[2023-04-06T07:22:15.824+0000][67][gc          ] GC(112) Pause Young (Concurrent Start) (G1 Evacuation Pause) 201M->109M(256M) 21.932ms
[2023-04-06T07:22:15.824+0000][67][gc          ] GC(113) Concurrent Mark Cycle
[2023-04-06T07:22:15.825+0000][67][gc,marking  ] GC(113) Concurrent Clear Claimed Marks
[2023-04-06T07:22:15.824+0000][67][gc,cpu      ] GC(112) User=0.01s Sys=0.00s Real=0.02s
[2023-04-06T07:22:15.825+0000][67][gc,marking  ] GC(113) Concurrent Clear Claimed Marks 0.793ms
[2023-04-06T07:22:15.827+0000][67][gc,marking  ] GC(113) Concurrent Scan Root Regions
[2023-04-06T07:22:15.826+0000][67][safepoint   ] Safepoint "G1CollectForAllocation", Time since last: 2713195334 ns, Reaching safepoint: 79663 ns, At safepoint: 24064451 ns, Total: 24144114 ns
[2023-04-06T07:22:15.829+0000][67][gc,marking  ] GC(113) Concurrent Scan Root Regions 2.711ms
[2023-04-06T07:22:15.830+0000][67][gc,marking  ] GC(113) Concurrent Mark
[2023-04-06T07:22:15.831+0000][67][gc,marking  ] GC(113) Concurrent Mark From Roots
[2023-04-06T07:22:15.831+0000][67][gc,task     ] GC(113) Using 1 workers of 1 for marking
[2023-04-06T07:22:15.930+0000][67][gc,marking  ] GC(113) Concurrent Mark From Roots 99.194ms
[2023-04-06T07:22:15.931+0000][67][gc,marking  ] GC(113) Concurrent Preclean
[2023-04-06T07:22:15.932+0000][67][gc,marking  ] GC(113) Concurrent Preclean 1.242ms
[2023-04-06T07:22:15.933+0000][67][gc,start    ] GC(113) Pause Remark
[2023-04-06T07:22:15.942+0000][67][gc          ] GC(113) Pause Remark 111M->111M(256M) 9.242ms
[2023-04-06T07:22:15.943+0000][67][gc,cpu      ] GC(113) User=0.03s Sys=0.01s Real=0.01s
[2023-04-06T07:22:15.943+0000][67][safepoint   ] Safepoint "G1PauseRemark", Time since last: 106580347 ns, Reaching safepoint: 30222 ns, At safepoint: 10733173 ns, Total: 10763395 ns
[2023-04-06T07:22:15.944+0000][67][gc,marking  ] GC(113) Concurrent Mark 113.917ms
[2023-04-06T07:22:15.944+0000][67][gc,marking  ] GC(113) Concurrent Rebuild Remembered Sets
[2023-04-06T07:22:15.997+0000][67][gc,marking  ] GC(113) Concurrent Rebuild Remembered Sets 52.426ms
[2023-04-06T07:22:15.998+0000][67][gc,start    ] GC(113) Pause Cleanup
[2023-04-06T07:22:15.999+0000][67][gc          ] GC(113) Pause Cleanup 111M->111M(256M) 0.947ms
[2023-04-06T07:22:16.000+0000][67][gc,cpu      ] GC(113) User=0.00s Sys=0.00s Real=0.00s
[2023-04-06T07:22:16.000+0000][67][safepoint   ] Safepoint "G1PauseCleanup", Time since last: 54598412 ns, Reaching safepoint: 68572 ns, At safepoint: 2092113 ns, Total: 2160685 ns
[2023-04-06T07:22:16.001+0000][67][gc,marking  ] GC(113) Concurrent Cleanup for Next Mark
[2023-04-06T07:22:16.001+0000][67][gc,marking  ] GC(113) Concurrent Cleanup for Next Mark 0.773ms
[2023-04-06T07:22:16.002+0000][67][gc          ] GC(113) Concurrent Mark Cycle 177.531ms
[2023-04-06T07:22:25.967+0000][67][safepoint   ] Safepoint "Cleanup", Time since last: 10006714585 ns, Reaching safepoint: 138648 ns, At safepoint: 3973 ns, Total: 142621 ns
[2023-04-06T07:22:26.969+0000][67][safepoint   ] Safepoint "Cleanup", Time since last: 1001133623 ns, Reaching safepoint: 361553 ns, At safepoint: 13087 ns, Total: 374640 ns
[2023-04-06T07:22:33.977+0000][67][safepoint   ] Safepoint "Cleanup", Time since last: 7007820847 ns, Reaching safepoint: 608260 ns, At safepoint: 63051 ns, Total: 671311 ns
[2023-04-06T07:22:34.982+0000][67][safepoint   ] Safepoint "Cleanup", Time since last: 1004328261 ns, Reaching safepoint: 543195 ns, At safepoint: 15085 ns, Total: 558280 ns
[2023-04-06T07:22:36.986+0000][67][safepoint   ] Safepoint "Cleanup", Time since last: 2003989293 ns, Reaching safepoint: 92370 ns, At safepoint: 3296 ns, Total: 95666 ns
[2023-04-06T07:22:37.988+0000][67][safepoint   ] Safepoint "Cleanup", Time since last: 1001192920 ns, Reaching safepoint: 169400 ns, At safepoint: 4228 ns, Total: 173628 ns
[2023-04-06T07:22:39.912+0000][67][safepoint   ] Safepoint "Cleanup", Time since last: 1923908144 ns, Reaching safepoint: 299552 ns, At safepoint: 27892 ns, Total: 327444 ns
[2023-04-06T07:22:40.914+0000][67][safepoint   ] Safepoint "Cleanup", Time since last: 1001820603 ns, Reaching safepoint: 560014 ns, At safepoint: 17537 ns, Total: 577551 ns
[2023-04-06T07:22:42.919+0000][67][safepoint   ] Safepoint "Cleanup", Time since last: 2004109677 ns, Reaching safepoint: 121861 ns, At safepoint: 3566 ns, Total: 125427 ns
[2023-04-06T07:22:48.738+0000][67][gc,start    ] GC(114) Pause Young (Normal) (G1 Evacuation Pause)
[2023-04-06T07:22:48.739+0000][67][gc,task     ] GC(114) Using 4 workers of 4 for evacuation
[2023-04-06T07:22:48.740+0000][67][gc,age      ] GC(114) Desired survivor size 6291456 bytes, new threshold 15 (max threshold 15)
[2023-04-06T07:22:48.746+0000][67][gc,phases   ] GC(114)   Pre Evacuate Collection Set: 0.2ms
[2023-04-06T07:22:48.747+0000][67][gc,phases   ] GC(114)   Merge Heap Roots: 0.1ms
[2023-04-06T07:22:48.748+0000][67][gc,phases   ] GC(114)   Evacuate Collection Set: 3.2ms
[2023-04-06T07:22:48.749+0000][67][gc,phases   ] GC(114)   Post Evacuate Collection Set: 1.1ms
[2023-04-06T07:22:48.750+0000][67][gc,phases   ] GC(114)   Other: 2.9ms
[2023-04-06T07:22:48.750+0000][67][gc,age      ] GC(114) Age table with threshold 15 (max threshold 15)
[2023-04-06T07:22:48.751+0000][67][gc,age      ] GC(114) - age   1:    1227592 bytes,    1227592 total
[2023-04-06T07:22:48.751+0000][67][gc,age      ] GC(114) - age   2:     133416 bytes,    1361008 total
[2023-04-06T07:22:48.752+0000][67][gc,age      ] GC(114) - age   3:       1584 bytes,    1362592 total
[2023-04-06T07:22:48.753+0000][67][gc,age      ] GC(114) - age   4:      10536 bytes,    1373128 total
[2023-04-06T07:22:48.753+0000][67][gc,age      ] GC(114) - age   5:      11416 bytes,    1384544 total
[2023-04-06T07:22:48.754+0000][67][gc,age      ] GC(114) - age   6:        296 bytes,    1384840 total
[2023-04-06T07:22:48.754+0000][67][gc,age      ] GC(114) - age   7:        264 bytes,    1385104 total
[2023-04-06T07:22:48.755+0000][67][gc,age      ] GC(114) - age   8:        672 bytes,    1385776 total
[2023-04-06T07:22:48.755+0000][67][gc,age      ] GC(114) - age   9:      18312 bytes,    1404088 total
[2023-04-06T07:22:48.756+0000][67][gc,age      ] GC(114) - age  10:     288408 bytes,    1692496 total
[2023-04-06T07:22:48.757+0000][67][gc,age      ] GC(114) - age  11:      25456 bytes,    1717952 total
[2023-04-06T07:22:48.757+0000][67][gc,age      ] GC(114) - age  12:        304 bytes,    1718256 total
[2023-04-06T07:22:48.758+0000][67][gc,age      ] GC(114) - age  13:        152 bytes,    1718408 total
[2023-04-06T07:22:48.758+0000][67][gc,age      ] GC(114) - age  14:       1920 bytes,    1720328 total
[2023-04-06T07:22:48.759+0000][67][gc,age      ] GC(114) - age  15:        680 bytes,    1721008 total
[2023-04-06T07:22:48.759+0000][67][gc,heap     ] GC(114) Eden regions: 23->0(23)
[2023-04-06T07:22:48.760+0000][67][gc,heap     ] GC(114) Survivor regions: 1->1(3)
[2023-04-06T07:22:48.760+0000][67][gc,heap     ] GC(114) Old regions: 25->25
[2023-04-06T07:22:48.761+0000][67][gc,heap     ] GC(114) Archive regions: 2->2
[2023-04-06T07:22:48.761+0000][67][gc,heap     ] GC(114) Humongous regions: 2->2
[2023-04-06T07:22:48.762+0000][67][gc,metaspace] GC(114) Metaspace: 139647K(142784K)->139647K(142784K) NonClass: 121751K(123008K)->121751K(123008K) Class: 17895K(19776K)->17895K(19776K)
[2023-04-06T07:22:48.763+0000][67][gc          ] GC(114) Pause Young (Normal) (G1 Evacuation Pause) 201M->110M(256M) 25.051ms
[2023-04-06T07:22:48.763+0000][67][gc,cpu      ] GC(114) User=0.01s Sys=0.00s Real=0.03s
[2023-04-06T07:22:48.764+0000][67][safepoint   ] Safepoint "G1CollectForAllocation", Time since last: 5845284885 ns, Reaching safepoint: 134414 ns, At safepoint: 26178531 ns, Total: 26312945 ns
[2023-04-06T07:22:49.765+0000][67][safepoint   ] Safepoint "Cleanup", Time since last: 1001375581 ns, Reaching safepoint: 356788 ns, At safepoint: 30270 ns, Total: 387058 ns
[2023-04-06T07:22:50.770+0000][67][safepoint   ] Safepoint "Cleanup", Time since last: 1004324779 ns, Reaching safepoint: 326782 ns, At safepoint: 9831 ns, Total: 336613 ns
[2023-04-06T07:22:51.772+0000][67][safepoint   ] Safepoint "Cleanup", Time since last: 1001694336 ns, Reaching safepoint: 125158 ns, At safepoint: 7924 ns, Total: 133082 ns
[2023-04-06T07:22:52.775+0000][67][safepoint   ] Safepoint "Cleanup", Time since last: 1001914008 ns, Reaching safepoint: 608248 ns, At safepoint: 111523 ns, Total: 719771 ns
[2023-04-06T07:22:55.777+0000][67][safepoint   ] Safepoint "Cleanup", Time since last: 3002193889 ns, Reaching safepoint: 374577 ns, At safepoint: 82223 ns, Total: 456800 ns
[2023-04-06T07:23:01.785+0000][67][safepoint   ] Safepoint "Cleanup", Time since last: 6007116017 ns, Reaching safepoint: 818335 ns, At safepoint: 135135 ns, Total: 953470 ns
[2023-04-06T07:23:13.013+0000][67][gc,start    ] GC(115) Pause Young (Concurrent Start) (G1 Evacuation Pause)
[2023-04-06T07:23:13.014+0000][67][gc,task     ] GC(115) Using 4 workers of 4 for evacuation
[2023-04-06T07:23:13.014+0000][67][gc,age      ] GC(115) Desired survivor size 6291456 bytes, new threshold 15 (max threshold 15)
[2023-04-06T07:23:13.020+0000][67][gc,phases   ] GC(115)   Pre Evacuate Collection Set: 0.4ms
[2023-04-06T07:23:13.021+0000][67][gc,phases   ] GC(115)   Merge Heap Roots: 0.1ms
[2023-04-06T07:23:13.021+0000][67][gc,phases   ] GC(115)   Evacuate Collection Set: 4.2ms
[2023-04-06T07:23:13.021+0000][67][gc,phases   ] GC(115)   Post Evacuate Collection Set: 0.8ms
[2023-04-06T07:23:13.022+0000][67][gc,phases   ] GC(115)   Other: 0.8ms
[2023-04-06T07:23:13.022+0000][67][gc,age      ] GC(115) Age table with threshold 15 (max threshold 15)
[2023-04-06T07:23:13.023+0000][67][gc,age      ] GC(115) - age   1:    2158752 bytes,    2158752 total
[2023-04-06T07:23:13.023+0000][67][gc,age      ] GC(115) - age   2:     145224 bytes,    2303976 total
[2023-04-06T07:23:13.024+0000][67][gc,age      ] GC(115) - age   3:       1984 bytes,    2305960 total
[2023-04-06T07:23:13.024+0000][67][gc,age      ] GC(115) - age   4:       1328 bytes,    2307288 total
[2023-04-06T07:23:13.025+0000][67][gc,age      ] GC(115) - age   5:      10488 bytes,    2317776 total
[2023-04-06T07:23:13.025+0000][67][gc,age      ] GC(115) - age   6:      11352 bytes,    2329128 total
[2023-04-06T07:23:13.025+0000][67][gc,age      ] GC(115) - age   8:        264 bytes,    2329392 total
[2023-04-06T07:23:13.026+0000][67][gc,age      ] GC(115) - age   9:        672 bytes,    2330064 total
[2023-04-06T07:23:13.026+0000][67][gc,age      ] GC(115) - age  10:       3520 bytes,    2333584 total
[2023-04-06T07:23:13.026+0000][67][gc,age      ] GC(115) - age  11:     191408 bytes,    2524992 total
[2023-04-06T07:23:13.027+0000][67][gc,age      ] GC(115) - age  12:      25456 bytes,    2550448 total
[2023-04-06T07:23:13.027+0000][67][gc,age      ] GC(115) - age  13:        304 bytes,    2550752 total
[2023-04-06T07:23:13.028+0000][67][gc,age      ] GC(115) - age  14:        152 bytes,    2550904 total
[2023-04-06T07:23:13.028+0000][67][gc,age      ] GC(115) - age  15:       1920 bytes,    2552824 total
[2023-04-06T07:23:13.029+0000][67][gc,heap     ] GC(115) Eden regions: 23->0(22)
[2023-04-06T07:23:13.029+0000][67][gc,heap     ] GC(115) Survivor regions: 1->1(3)
[2023-04-06T07:23:13.029+0000][67][gc,heap     ] GC(115) Old regions: 25->25
[2023-04-06T07:23:13.030+0000][67][gc,heap     ] GC(115) Archive regions: 2->2
[2023-04-06T07:23:13.030+0000][67][gc,heap     ] GC(115) Humongous regions: 2->2
[2023-04-06T07:23:13.031+0000][67][gc,metaspace] GC(115) Metaspace: 139653K(142784K)->139653K(142784K) NonClass: 121758K(123008K)->121758K(123008K) Class: 17895K(19776K)->17895K(19776K)
[2023-04-06T07:23:13.031+0000][67][gc          ] GC(115) Pause Young (Concurrent Start) (G1 Evacuation Pause) 202M->110M(256M) 18.226ms
[2023-04-06T07:23:13.032+0000][67][gc          ] GC(116) Concurrent Mark Cycle
[2023-04-06T07:23:13.032+0000][67][gc,marking  ] GC(116) Concurrent Clear Claimed Marks
[2023-04-06T07:23:13.032+0000][67][gc,cpu      ] GC(115) User=0.01s Sys=0.00s Real=0.02s
[2023-04-06T07:23:13.033+0000][67][gc,marking  ] GC(116) Concurrent Clear Claimed Marks 0.795ms
[2023-04-06T07:23:13.034+0000][67][gc,marking  ] GC(116) Concurrent Scan Root Regions
[2023-04-06T07:23:13.033+0000][67][safepoint   ] Safepoint "G1CollectForAllocation", Time since last: 11227433312 ns, Reaching safepoint: 79754 ns, At safepoint: 20527271 ns, Total: 20607025 ns
[2023-04-06T07:23:13.040+0000][67][gc,marking  ] GC(116) Concurrent Scan Root Regions 6.073ms
[2023-04-06T07:23:13.041+0000][67][gc,marking  ] GC(116) Concurrent Mark
[2023-04-06T07:23:13.042+0000][67][gc,marking  ] GC(116) Concurrent Mark From Roots
[2023-04-06T07:23:13.042+0000][67][gc,task     ] GC(116) Using 1 workers of 1 for marking
[2023-04-06T07:23:13.228+0000][67][gc,marking  ] GC(116) Concurrent Mark From Roots 186.134ms
[2023-04-06T07:23:13.229+0000][67][gc,marking  ] GC(116) Concurrent Preclean
[2023-04-06T07:23:13.230+0000][67][gc,marking  ] GC(116) Concurrent Preclean 1.059ms
[2023-04-06T07:23:13.230+0000][67][gc,start    ] GC(116) Pause Remark
[2023-04-06T07:23:13.242+0000][67][gc          ] GC(116) Pause Remark 123M->123M(256M) 11.681ms
[2023-04-06T07:23:13.243+0000][67][gc,cpu      ] GC(116) User=0.03s Sys=0.00s Real=0.01s
[2023-04-06T07:23:13.244+0000][67][safepoint   ] Safepoint "G1PauseRemark", Time since last: 196963619 ns, Reaching safepoint: 139341 ns, At safepoint: 13083028 ns, Total: 13222369 ns
[2023-04-06T07:23:13.244+0000][67][gc,marking  ] GC(116) Concurrent Mark 202.711ms
[2023-04-06T07:23:13.245+0000][67][gc,marking  ] GC(116) Concurrent Rebuild Remembered Sets
[2023-04-06T07:23:13.303+0000][67][gc,marking  ] GC(116) Concurrent Rebuild Remembered Sets 58.267ms
[2023-04-06T07:23:13.304+0000][67][gc,start    ] GC(116) Pause Cleanup
[2023-04-06T07:23:13.305+0000][67][gc          ] GC(116) Pause Cleanup 123M->123M(256M) 0.621ms
[2023-04-06T07:23:13.305+0000][67][gc,cpu      ] GC(116) User=0.00s Sys=0.00s Real=0.00s
[2023-04-06T07:23:13.306+0000][67][safepoint   ] Safepoint "G1PauseCleanup", Time since last: 60339958 ns, Reaching safepoint: 99114 ns, At safepoint: 1571171 ns, Total: 1670285 ns
[2023-04-06T07:23:13.306+0000][67][gc,marking  ] GC(116) Concurrent Cleanup for Next Mark
[2023-04-06T07:23:13.307+0000][67][gc,marking  ] GC(116) Concurrent Cleanup for Next Mark 0.729ms
[2023-04-06T07:23:13.307+0000][67][gc          ] GC(116) Concurrent Mark Cycle 275.498ms
[2023-04-06T07:23:14.308+0000][67][safepoint   ] Safepoint "Cleanup", Time since last: 1001290124 ns, Reaching safepoint: 1036492 ns, At safepoint: 18555 ns, Total: 1055047 ns
[2023-04-06T07:23:29.303+0000][67][safepoint   ] Safepoint "Cleanup", Time since last: 15017030076 ns, Reaching safepoint: 460054 ns, At safepoint: 10293 ns, Total: 470347 ns
[2023-04-06T07:23:39.727+0000][67][gc,start    ] GC(117) Pause Young (Normal) (G1 Evacuation Pause)
[2023-04-06T07:23:39.729+0000][67][gc,task     ] GC(117) Using 4 workers of 4 for evacuation
[2023-04-06T07:23:39.731+0000][67][gc,age      ] GC(117) Desired survivor size 6291456 bytes, new threshold 15 (max threshold 15)
[2023-04-06T07:23:39.737+0000][67][gc,phases   ] GC(117)   Pre Evacuate Collection Set: 0.2ms
[2023-04-06T07:23:39.738+0000][67][gc,phases   ] GC(117)   Merge Heap Roots: 0.2ms
[2023-04-06T07:23:39.739+0000][67][gc,phases   ] GC(117)   Evacuate Collection Set: 2.4ms
[2023-04-06T07:23:39.740+0000][67][gc,phases   ] GC(117)   Post Evacuate Collection Set: 1.8ms
[2023-04-06T07:23:39.741+0000][67][gc,phases   ] GC(117)   Other: 2.6ms
[2023-04-06T07:23:39.742+0000][67][gc,age      ] GC(117) Age table with threshold 15 (max threshold 15)
[2023-04-06T07:23:39.743+0000][67][gc,age      ] GC(117) - age   1:     366984 bytes,     366984 total
[2023-04-06T07:23:39.743+0000][67][gc,age      ] GC(117) - age   2:     337584 bytes,     704568 total
[2023-04-06T07:23:39.745+0000][67][gc,age      ] GC(117) - age   3:       4440 bytes,     709008 total
[2023-04-06T07:23:39.746+0000][67][gc,age      ] GC(117) - age   4:        784 bytes,     709792 total
[2023-04-06T07:23:39.747+0000][67][gc,age      ] GC(117) - age   5:       1152 bytes,     710944 total
[2023-04-06T07:23:39.748+0000][67][gc,age      ] GC(117) - age   6:       2056 bytes,     713000 total
[2023-04-06T07:23:39.748+0000][67][gc,age      ] GC(117) - age   7:      11352 bytes,     724352 total
[2023-04-06T07:23:39.749+0000][67][gc,age      ] GC(117) - age   9:        264 bytes,     724616 total
[2023-04-06T07:23:39.750+0000][67][gc,age      ] GC(117) - age  10:        672 bytes,     725288 total
[2023-04-06T07:23:39.750+0000][67][gc,age      ] GC(117) - age  11:       3288 bytes,     728576 total
[2023-04-06T07:23:39.751+0000][67][gc,age      ] GC(117) - age  12:     191344 bytes,     919920 total
[2023-04-06T07:23:39.752+0000][67][gc,age      ] GC(117) - age  13:      25456 bytes,     945376 total
[2023-04-06T07:23:39.752+0000][67][gc,age      ] GC(117) - age  14:        304 bytes,     945680 total
[2023-04-06T07:23:39.753+0000][67][gc,age      ] GC(117) - age  15:        152 bytes,     945832 total
[2023-04-06T07:23:39.754+0000][67][gc,heap     ] GC(117) Eden regions: 22->0(23)
[2023-04-06T07:23:39.754+0000][67][gc,heap     ] GC(117) Survivor regions: 1->1(3)
[2023-04-06T07:23:39.755+0000][67][gc,heap     ] GC(117) Old regions: 25->25
[2023-04-06T07:23:39.755+0000][67][gc,heap     ] GC(117) Archive regions: 2->2
[2023-04-06T07:23:39.756+0000][67][gc,heap     ] GC(117) Humongous regions: 2->2
[2023-04-06T07:23:39.756+0000][67][gc,metaspace] GC(117) Metaspace: 139662K(142784K)->139662K(142784K) NonClass: 121767K(123008K)->121767K(123008K) Class: 17895K(19776K)->17895K(19776K)
[2023-04-06T07:23:39.757+0000][67][gc          ] GC(117) Pause Young (Normal) (G1 Evacuation Pause) 198M->109M(256M) 29.681ms
[2023-04-06T07:23:39.757+0000][67][gc,cpu      ] GC(117) User=0.01s Sys=0.00s Real=0.03s
[2023-04-06T07:23:39.758+0000][67][safepoint   ] Safepoint "G1CollectForAllocation", Time since last: 10423919765 ns, Reaching safepoint: 490806 ns, At safepoint: 31106545 ns, Total: 31597351 ns
[2023-04-06T07:23:43.761+0000][67][safepoint   ] Safepoint "Cleanup", Time since last: 4002379581 ns, Reaching safepoint: 542238 ns, At safepoint: 14809 ns, Total: 557047 ns
[2023-04-06T07:23:49.748+0000][67][safepoint   ] Safepoint "Cleanup", Time since last: 6008757277 ns, Reaching safepoint: 586271 ns, At safepoint: 15418 ns, Total: 601689 ns
[2023-04-06T07:23:51.754+0000][67][safepoint   ] Safepoint "Cleanup", Time since last: 2005192032 ns, Reaching safepoint: 610654 ns, At safepoint: 78227 ns, Total: 688881 ns
[2023-04-06T07:24:03.764+0000][67][safepoint   ] Safepoint "Cleanup", Time since last: 12009815119 ns, Reaching safepoint: 368395 ns, At safepoint: 18533 ns, Total: 386928 ns
[2023-04-06T07:24:07.606+0000][67][gc,start    ] GC(118) Pause Young (Concurrent Start) (G1 Evacuation Pause)
[2023-04-06T07:24:07.607+0000][67][gc,task     ] GC(118) Using 4 workers of 4 for evacuation
[2023-04-06T07:24:07.608+0000][67][gc,age      ] GC(118) Desired survivor size 6291456 bytes, new threshold 15 (max threshold 15)
[2023-04-06T07:24:07.612+0000][67][gc,phases   ] GC(118)   Pre Evacuate Collection Set: 0.4ms
[2023-04-06T07:24:07.613+0000][67][gc,phases   ] GC(118)   Merge Heap Roots: 0.1ms
[2023-04-06T07:24:07.613+0000][67][gc,phases   ] GC(118)   Evacuate Collection Set: 1.5ms
[2023-04-06T07:24:07.614+0000][67][gc,phases   ] GC(118)   Post Evacuate Collection Set: 1.0ms
[2023-04-06T07:24:07.614+0000][67][gc,phases   ] GC(118)   Other: 1.2ms
[2023-04-06T07:24:07.615+0000][67][gc,age      ] GC(118) Age table with threshold 15 (max threshold 15)
[2023-04-06T07:24:07.615+0000][67][gc,age      ] GC(118) - age   1:     544616 bytes,     544616 total
[2023-04-06T07:24:07.616+0000][67][gc,age      ] GC(118) - age   2:     131120 bytes,     675736 total
[2023-04-06T07:24:07.616+0000][67][gc,age      ] GC(118) - age   3:     335680 bytes,    1011416 total
[2023-04-06T07:24:07.617+0000][67][gc,age      ] GC(118) - age   4:       4120 bytes,    1015536 total
[2023-04-06T07:24:07.617+0000][67][gc,age      ] GC(118) - age   5:        784 bytes,    1016320 total
[2023-04-06T07:24:07.618+0000][67][gc,age      ] GC(118) - age   6:       1152 bytes,    1017472 total
[2023-04-06T07:24:07.619+0000][67][gc,age      ] GC(118) - age   7:       2056 bytes,    1019528 total
[2023-04-06T07:24:07.619+0000][67][gc,age      ] GC(118) - age   8:      11352 bytes,    1030880 total
[2023-04-06T07:24:07.620+0000][67][gc,age      ] GC(118) - age  10:        264 bytes,    1031144 total
[2023-04-06T07:24:07.621+0000][67][gc,age      ] GC(118) - age  11:        672 bytes,    1031816 total
[2023-04-06T07:24:07.622+0000][67][gc,age      ] GC(118) - age  12:       3224 bytes,    1035040 total
[2023-04-06T07:24:07.623+0000][67][gc,age      ] GC(118) - age  13:     187016 bytes,    1222056 total
[2023-04-06T07:24:07.624+0000][67][gc,age      ] GC(118) - age  14:      25456 bytes,    1247512 total
[2023-04-06T07:24:07.625+0000][67][gc,age      ] GC(118) - age  15:        304 bytes,    1247816 total
[2023-04-06T07:24:07.625+0000][67][gc,heap     ] GC(118) Eden regions: 23->0(23)
[2023-04-06T07:24:07.626+0000][67][gc,heap     ] GC(118) Survivor regions: 1->1(3)
[2023-04-06T07:24:07.626+0000][67][gc,heap     ] GC(118) Old regions: 25->25
[2023-04-06T07:24:07.627+0000][67][gc,heap     ] GC(118) Archive regions: 2->2
[2023-04-06T07:24:07.627+0000][67][gc,heap     ] GC(118) Humongous regions: 2->2
[2023-04-06T07:24:07.628+0000][67][gc,metaspace] GC(118) Metaspace: 139663K(142784K)->139663K(142784K) NonClass: 121768K(123008K)->121768K(123008K) Class: 17895K(19776K)->17895K(19776K)
[2023-04-06T07:24:07.628+0000][67][gc          ] GC(118) Pause Young (Concurrent Start) (G1 Evacuation Pause) 201M->109M(256M) 22.170ms
[2023-04-06T07:24:07.629+0000][67][gc,cpu      ] GC(118) User=0.01s Sys=0.00s Real=0.02s
[2023-04-06T07:24:07.629+0000][67][gc          ] GC(119) Concurrent Mark Cycle
[2023-04-06T07:24:07.630+0000][67][gc,marking  ] GC(119) Concurrent Clear Claimed Marks
[2023-04-06T07:24:07.629+0000][67][safepoint   ] Safepoint "G1CollectForAllocation", Time since last: 3842016389 ns, Reaching safepoint: 110019 ns, At safepoint: 23315729 ns, Total: 23425748 ns
[2023-04-06T07:24:07.631+0000][67][gc,marking  ] GC(119) Concurrent Clear Claimed Marks 0.807ms
[2023-04-06T07:24:07.632+0000][67][gc,marking  ] GC(119) Concurrent Scan Root Regions
[2023-04-06T07:24:07.635+0000][67][gc,marking  ] GC(119) Concurrent Scan Root Regions 2.581ms
[2023-04-06T07:24:07.635+0000][67][gc,marking  ] GC(119) Concurrent Mark
[2023-04-06T07:24:07.636+0000][67][gc,marking  ] GC(119) Concurrent Mark From Roots
[2023-04-06T07:24:07.636+0000][67][gc,task     ] GC(119) Using 1 workers of 1 for marking
[2023-04-06T07:24:07.758+0000][67][gc,marking  ] GC(119) Concurrent Mark From Roots 121.707ms
[2023-04-06T07:24:07.759+0000][67][gc,marking  ] GC(119) Concurrent Preclean
[2023-04-06T07:24:07.760+0000][67][gc,marking  ] GC(119) Concurrent Preclean 1.171ms
[2023-04-06T07:24:07.761+0000][67][gc,start    ] GC(119) Pause Remark
[2023-04-06T07:24:07.772+0000][67][gc          ] GC(119) Pause Remark 110M->110M(256M) 11.636ms
[2023-04-06T07:24:07.774+0000][67][gc,cpu      ] GC(119) User=0.03s Sys=0.00s Real=0.02s
[2023-04-06T07:24:07.776+0000][67][safepoint   ] Safepoint "G1PauseRemark", Time since last: 131227707 ns, Reaching safepoint: 149547 ns, At safepoint: 15174290 ns, Total: 15323837 ns
[2023-04-06T07:24:07.777+0000][67][gc,marking  ] GC(119) Concurrent Mark 142.092ms
[2023-04-06T07:24:07.779+0000][67][gc,marking  ] GC(119) Concurrent Rebuild Remembered Sets
[2023-04-06T07:24:07.834+0000][67][gc,marking  ] GC(119) Concurrent Rebuild Remembered Sets 55.873ms
[2023-04-06T07:24:07.836+0000][67][gc,start    ] GC(119) Pause Cleanup
[2023-04-06T07:24:07.836+0000][67][gc          ] GC(119) Pause Cleanup 110M->110M(256M) 0.600ms
[2023-04-06T07:24:07.837+0000][67][gc,cpu      ] GC(119) User=0.00s Sys=0.00s Real=0.00s
[2023-04-06T07:24:07.837+0000][67][safepoint   ] Safepoint "G1PauseCleanup", Time since last: 59638224 ns, Reaching safepoint: 31241 ns, At safepoint: 1698089 ns, Total: 1729330 ns
[2023-04-06T07:24:07.838+0000][67][gc,marking  ] GC(119) Concurrent Cleanup for Next Mark
[2023-04-06T07:24:07.839+0000][67][gc,marking  ] GC(119) Concurrent Cleanup for Next Mark 1.164ms
[2023-04-06T07:24:07.840+0000][67][gc          ] GC(119) Concurrent Mark Cycle 210.911ms
[2023-04-06T07:24:17.848+0000][67][safepoint   ] Safepoint "Cleanup", Time since last: 10010447707 ns, Reaching safepoint: 291625 ns, At safepoint: 9999 ns, Total: 301624 ns
[2023-04-06T07:24:30.837+0000][67][safepoint   ] Safepoint "Cleanup", Time since last: 13011238422 ns, Reaching safepoint: 133064 ns, At safepoint: 32110 ns, Total: 165174 ns
[2023-04-06T07:24:42.938+0000][67][gc,start    ] GC(120) Pause Young (Normal) (G1 Evacuation Pause)
[2023-04-06T07:24:42.938+0000][67][gc,task     ] GC(120) Using 4 workers of 4 for evacuation
[2023-04-06T07:24:42.940+0000][67][gc,age      ] GC(120) Desired survivor size 6291456 bytes, new threshold 15 (max threshold 15)
[2023-04-06T07:24:42.943+0000][67][gc,phases   ] GC(120)   Pre Evacuate Collection Set: 0.1ms
[2023-04-06T07:24:42.944+0000][67][gc,phases   ] GC(120)   Merge Heap Roots: 0.0ms
[2023-04-06T07:24:42.944+0000][67][gc,phases   ] GC(120)   Evacuate Collection Set: 1.9ms
[2023-04-06T07:24:42.945+0000][67][gc,phases   ] GC(120)   Post Evacuate Collection Set: 0.7ms
[2023-04-06T07:24:42.945+0000][67][gc,phases   ] GC(120)   Other: 1.7ms
[2023-04-06T07:24:42.946+0000][67][gc,age      ] GC(120) Age table with threshold 15 (max threshold 15)
[2023-04-06T07:24:42.946+0000][67][gc,age      ] GC(120) - age   1:     921864 bytes,     921864 total
[2023-04-06T07:24:42.947+0000][67][gc,age      ] GC(120) - age   2:     135936 bytes,    1057800 total
[2023-04-06T07:24:42.947+0000][67][gc,age      ] GC(120) - age   3:      17480 bytes,    1075280 total
[2023-04-06T07:24:42.948+0000][67][gc,age      ] GC(120) - age   4:     334416 bytes,    1409696 total
[2023-04-06T07:24:42.948+0000][67][gc,age      ] GC(120) - age   5:       4056 bytes,    1413752 total
[2023-04-06T07:24:42.948+0000][67][gc,age      ] GC(120) - age   6:        720 bytes,    1414472 total
[2023-04-06T07:24:42.949+0000][67][gc,age      ] GC(120) - age   7:       1152 bytes,    1415624 total
[2023-04-06T07:24:42.949+0000][67][gc,age      ] GC(120) - age   8:       1680 bytes,    1417304 total
[2023-04-06T07:24:42.950+0000][67][gc,age      ] GC(120) - age   9:      11352 bytes,    1428656 total
[2023-04-06T07:24:42.950+0000][67][gc,age      ] GC(120) - age  11:        264 bytes,    1428920 total
[2023-04-06T07:24:42.951+0000][67][gc,age      ] GC(120) - age  12:        672 bytes,    1429592 total
[2023-04-06T07:24:42.951+0000][67][gc,age      ] GC(120) - age  13:       3224 bytes,    1432816 total
[2023-04-06T07:24:42.952+0000][67][gc,age      ] GC(120) - age  14:     187016 bytes,    1619832 total
[2023-04-06T07:24:42.952+0000][67][gc,age      ] GC(120) - age  15:      25456 bytes,    1645288 total
[2023-04-06T07:24:42.952+0000][67][gc,heap     ] GC(120) Eden regions: 23->0(23)
[2023-04-06T07:24:42.953+0000][67][gc,heap     ] GC(120) Survivor regions: 1->1(3)
[2023-04-06T07:24:42.953+0000][67][gc,heap     ] GC(120) Old regions: 25->25
[2023-04-06T07:24:42.954+0000][67][gc,heap     ] GC(120) Archive regions: 2->2
[2023-04-06T07:24:42.954+0000][67][gc,heap     ] GC(120) Humongous regions: 2->2
[2023-04-06T07:24:42.955+0000][67][gc,metaspace] GC(120) Metaspace: 139664K(142784K)->139664K(142784K) NonClass: 121769K(123008K)->121769K(123008K) Class: 17895K(19776K)->17895K(19776K)
[2023-04-06T07:24:42.955+0000][67][gc          ] GC(120) Pause Young (Normal) (G1 Evacuation Pause) 201M->109M(256M) 17.238ms
[2023-04-06T07:24:42.956+0000][67][gc,cpu      ] GC(120) User=0.00s Sys=0.01s Real=0.02s
[2023-04-06T07:24:42.956+0000][67][safepoint   ] Safepoint "G1CollectForAllocation", Time since last: 12100382982 ns, Reaching safepoint: 114490 ns, At safepoint: 18029509 ns, Total: 18143999 ns
[2023-04-06T07:24:48.939+0000][67][safepoint   ] Safepoint "Cleanup", Time since last: 6004880331 ns, Reaching safepoint: 619578 ns, At safepoint: 33746 ns, Total: 653324 ns
[2023-04-06T07:24:49.940+0000][67][safepoint   ] Safepoint "Cleanup", Time since last: 1000666255 ns, Reaching safepoint: 131891 ns, At safepoint: 7772 ns, Total: 139663 ns
[2023-04-06T07:25:07.952+0000][67][safepoint   ] Safepoint "Cleanup", Time since last: 18011338356 ns, Reaching safepoint: 482257 ns, At safepoint: 45165 ns, Total: 527422 ns
[2023-04-06T07:25:09.955+0000][67][safepoint   ] Safepoint "Cleanup", Time since last: 2002950961 ns, Reaching safepoint: 536492 ns, At safepoint: 17648 ns, Total: 554140 ns
[2023-04-06T07:25:10.958+0000][67][safepoint   ] Safepoint "Cleanup", Time since last: 1002900278 ns, Reaching safepoint: 177546 ns, At safepoint: 2929 ns, Total: 180475 ns
[2023-04-06T07:25:13.023+0000][67][gc,start    ] GC(121) Pause Young (Concurrent Start) (G1 Evacuation Pause)
[2023-04-06T07:25:13.025+0000][67][gc,task     ] GC(121) Using 4 workers of 4 for evacuation
[2023-04-06T07:25:13.026+0000][67][gc,age      ] GC(121) Desired survivor size 6291456 bytes, new threshold 15 (max threshold 15)
[2023-04-06T07:25:13.032+0000][67][gc,phases   ] GC(121)   Pre Evacuate Collection Set: 0.6ms
[2023-04-06T07:25:13.033+0000][67][gc,phases   ] GC(121)   Merge Heap Roots: 0.1ms
[2023-04-06T07:25:13.034+0000][67][gc,phases   ] GC(121)   Evacuate Collection Set: 3.0ms
[2023-04-06T07:25:13.034+0000][67][gc,phases   ] GC(121)   Post Evacuate Collection Set: 1.1ms
[2023-04-06T07:25:13.035+0000][67][gc,phases   ] GC(121)   Other: 2.1ms
[2023-04-06T07:25:13.035+0000][67][gc,age      ] GC(121) Age table with threshold 15 (max threshold 15)
[2023-04-06T07:25:13.036+0000][67][gc,age      ] GC(121) - age   1:    1417080 bytes,    1417080 total
[2023-04-06T07:25:13.037+0000][67][gc,age      ] GC(121) - age   2:     153104 bytes,    1570184 total
[2023-04-06T07:25:13.037+0000][67][gc,age      ] GC(121) - age   3:       1936 bytes,    1572120 total
[2023-04-06T07:25:13.037+0000][67][gc,age      ] GC(121) - age   4:      17416 bytes,    1589536 total
[2023-04-06T07:25:13.038+0000][67][gc,age      ] GC(121) - age   5:     334288 bytes,    1923824 total
[2023-04-06T07:25:13.038+0000][67][gc,age      ] GC(121) - age   6:       3696 bytes,    1927520 total
[2023-04-06T07:25:13.039+0000][67][gc,age      ] GC(121) - age   7:        720 bytes,    1928240 total
[2023-04-06T07:25:13.039+0000][67][gc,age      ] GC(121) - age   8:       1152 bytes,    1929392 total
[2023-04-06T07:25:13.040+0000][67][gc,age      ] GC(121) - age   9:       1680 bytes,    1931072 total
[2023-04-06T07:25:13.040+0000][67][gc,age      ] GC(121) - age  10:      11352 bytes,    1942424 total
[2023-04-06T07:25:13.041+0000][67][gc,age      ] GC(121) - age  12:        264 bytes,    1942688 total
[2023-04-06T07:25:13.042+0000][67][gc,age      ] GC(121) - age  13:        672 bytes,    1943360 total
[2023-04-06T07:25:13.043+0000][67][gc,age      ] GC(121) - age  14:       3224 bytes,    1946584 total
[2023-04-06T07:25:13.043+0000][67][gc,age      ] GC(121) - age  15:     187016 bytes,    2133600 total
[2023-04-06T07:25:13.044+0000][67][gc,heap     ] GC(121) Eden regions: 23->0(23)
[2023-04-06T07:25:13.044+0000][67][gc,heap     ] GC(121) Survivor regions: 1->1(3)
[2023-04-06T07:25:13.045+0000][67][gc,heap     ] GC(121) Old regions: 25->25
[2023-04-06T07:25:13.045+0000][67][gc,heap     ] GC(121) Archive regions: 2->2
[2023-04-06T07:25:13.045+0000][67][gc,heap     ] GC(121) Humongous regions: 2->2
[2023-04-06T07:25:13.046+0000][67][gc,metaspace] GC(121) Metaspace: 139664K(142784K)->139664K(142784K) NonClass: 121769K(123008K)->121769K(123008K) Class: 17895K(19776K)->17895K(19776K)
[2023-04-06T07:25:13.046+0000][67][gc          ] GC(121) Pause Young (Concurrent Start) (G1 Evacuation Pause) 201M->110M(256M) 22.633ms
[2023-04-06T07:25:13.047+0000][67][gc,cpu      ] GC(121) User=0.02s Sys=0.00s Real=0.02s
[2023-04-06T07:25:13.047+0000][67][gc          ] GC(122) Concurrent Mark Cycle
[2023-04-06T07:25:13.048+0000][67][gc,marking  ] GC(122) Concurrent Clear Claimed Marks
[2023-04-06T07:25:13.047+0000][67][safepoint   ] Safepoint "G1CollectForAllocation", Time since last: 2064922892 ns, Reaching safepoint: 180660 ns, At safepoint: 23616943 ns, Total: 23797603 ns
[2023-04-06T07:25:13.048+0000][67][gc,marking  ] GC(122) Concurrent Clear Claimed Marks 0.835ms
[2023-04-06T07:25:13.050+0000][67][gc,marking  ] GC(122) Concurrent Scan Root Regions
[2023-04-06T07:25:13.053+0000][67][gc,marking  ] GC(122) Concurrent Scan Root Regions 2.762ms
[2023-04-06T07:25:13.055+0000][67][gc,marking  ] GC(122) Concurrent Mark
[2023-04-06T07:25:13.056+0000][67][gc,marking  ] GC(122) Concurrent Mark From Roots
[2023-04-06T07:25:13.056+0000][67][gc,task     ] GC(122) Using 1 workers of 1 for marking
[2023-04-06T07:25:13.160+0000][67][gc,marking  ] GC(122) Concurrent Mark From Roots 104.072ms
[2023-04-06T07:25:13.161+0000][67][gc,marking  ] GC(122) Concurrent Preclean
[2023-04-06T07:25:13.163+0000][67][gc,marking  ] GC(122) Concurrent Preclean 1.837ms
[2023-04-06T07:25:13.164+0000][67][gc,start    ] GC(122) Pause Remark
[2023-04-06T07:25:13.172+0000][67][gc          ] GC(122) Pause Remark 111M->111M(256M) 8.795ms
[2023-04-06T07:25:13.173+0000][67][gc,cpu      ] GC(122) User=0.02s Sys=0.00s Real=0.01s
[2023-04-06T07:25:13.174+0000][67][safepoint   ] Safepoint "G1PauseRemark", Time since last: 116472219 ns, Reaching safepoint: 106876 ns, At safepoint: 10681186 ns, Total: 10788062 ns
[2023-04-06T07:25:13.175+0000][67][gc,marking  ] GC(122) Concurrent Mark 119.941ms
[2023-04-06T07:25:13.175+0000][67][gc,marking  ] GC(122) Concurrent Rebuild Remembered Sets
[2023-04-06T07:25:13.232+0000][67][gc,marking  ] GC(122) Concurrent Rebuild Remembered Sets 56.908ms
[2023-04-06T07:25:13.234+0000][67][gc,start    ] GC(122) Pause Cleanup
[2023-04-06T07:25:13.235+0000][67][gc          ] GC(122) Pause Cleanup 111M->111M(256M) 1.290ms
[2023-04-06T07:25:13.236+0000][67][gc,cpu      ] GC(122) User=0.00s Sys=0.00s Real=0.00s
[2023-04-06T07:25:13.237+0000][67][safepoint   ] Safepoint "G1PauseCleanup", Time since last: 59008891 ns, Reaching safepoint: 113802 ns, At safepoint: 3747723 ns, Total: 3861525 ns
[2023-04-06T07:25:13.238+0000][67][gc,marking  ] GC(122) Concurrent Cleanup for Next Mark
[2023-04-06T07:25:13.239+0000][67][gc,marking  ] GC(122) Concurrent Cleanup for Next Mark 1.100ms
[2023-04-06T07:25:13.240+0000][67][gc          ] GC(122) Concurrent Mark Cycle 193.557ms
[2023-04-06T07:25:14.239+0000][67][safepoint   ] Safepoint "Cleanup", Time since last: 1001164677 ns, Reaching safepoint: 170355 ns, At safepoint: 3836 ns, Total: 174191 ns
[2023-04-06T07:25:19.223+0000][67][safepoint   ] Safepoint "Cleanup", Time since last: 5005252014 ns, Reaching safepoint: 396014 ns, At safepoint: 15720 ns, Total: 411734 ns
[2023-04-06T07:25:24.229+0000][67][safepoint   ] Safepoint "Cleanup", Time since last: 5005854716 ns, Reaching safepoint: 410949 ns, At safepoint: 10117 ns, Total: 421066 ns
[2023-04-06T07:25:43.017+0000][67][gc,start    ] GC(123) Pause Young (Normal) (G1 Evacuation Pause)
[2023-04-06T07:25:43.019+0000][67][gc,task     ] GC(123) Using 4 workers of 4 for evacuation
[2023-04-06T07:25:43.019+0000][67][gc,age      ] GC(123) Desired survivor size 6291456 bytes, new threshold 15 (max threshold 15)
[2023-04-06T07:25:43.023+0000][67][gc,phases   ] GC(123)   Pre Evacuate Collection Set: 0.3ms
[2023-04-06T07:25:43.024+0000][67][gc,phases   ] GC(123)   Merge Heap Roots: 0.2ms
[2023-04-06T07:25:43.025+0000][67][gc,phases   ] GC(123)   Evacuate Collection Set: 1.9ms
[2023-04-06T07:25:43.025+0000][67][gc,phases   ] GC(123)   Post Evacuate Collection Set: 0.9ms
[2023-04-06T07:25:43.026+0000][67][gc,phases   ] GC(123)   Other: 1.6ms
[2023-04-06T07:25:43.026+0000][67][gc,age      ] GC(123) Age table with threshold 15 (max threshold 15)
[2023-04-06T07:25:43.027+0000][67][gc,age      ] GC(123) - age   1:    1742336 bytes,    1742336 total
[2023-04-06T07:25:43.027+0000][67][gc,age      ] GC(123) - age   2:     155784 bytes,    1898120 total
[2023-04-06T07:25:43.028+0000][67][gc,age      ] GC(123) - age   3:       9168 bytes,    1907288 total
[2023-04-06T07:25:43.028+0000][67][gc,age      ] GC(123) - age   4:       1616 bytes,    1908904 total
[2023-04-06T07:25:43.029+0000][67][gc,age      ] GC(123) - age   5:      16760 bytes,    1925664 total
[2023-04-06T07:25:43.029+0000][67][gc,age      ] GC(123) - age   6:     334264 bytes,    2259928 total
[2023-04-06T07:25:43.030+0000][67][gc,age      ] GC(123) - age   7:       3696 bytes,    2263624 total
[2023-04-06T07:25:43.030+0000][67][gc,age      ] GC(123) - age   8:        720 bytes,    2264344 total
[2023-04-06T07:25:43.031+0000][67][gc,age      ] GC(123) - age   9:       1152 bytes,    2265496 total
[2023-04-06T07:25:43.031+0000][67][gc,age      ] GC(123) - age  10:       1680 bytes,    2267176 total
[2023-04-06T07:25:43.032+0000][67][gc,age      ] GC(123) - age  11:      11352 bytes,    2278528 total
[2023-04-06T07:25:43.032+0000][67][gc,age      ] GC(123) - age  13:        264 bytes,    2278792 total
[2023-04-06T07:25:43.033+0000][67][gc,age      ] GC(123) - age  14:        672 bytes,    2279464 total
[2023-04-06T07:25:43.033+0000][67][gc,age      ] GC(123) - age  15:       3224 bytes,    2282688 total
[2023-04-06T07:25:43.033+0000][67][gc,heap     ] GC(123) Eden regions: 23->0(23)
[2023-04-06T07:25:43.034+0000][67][gc,heap     ] GC(123) Survivor regions: 1->1(3)
[2023-04-06T07:25:43.034+0000][67][gc,heap     ] GC(123) Old regions: 25->25
[2023-04-06T07:25:43.035+0000][67][gc,heap     ] GC(123) Archive regions: 2->2
[2023-04-06T07:25:43.035+0000][67][gc,heap     ] GC(123) Humongous regions: 2->2
[2023-04-06T07:25:43.036+0000][67][gc,metaspace] GC(123) Metaspace: 139674K(142784K)->139674K(142784K) NonClass: 121779K(123008K)->121779K(123008K) Class: 17895K(19776K)->17895K(19776K)
[2023-04-06T07:25:43.036+0000][67][gc          ] GC(123) Pause Young (Normal) (G1 Evacuation Pause) 202M->110M(256M) 18.726ms
[2023-04-06T07:25:43.037+0000][67][gc,cpu      ] GC(123) User=0.01s Sys=0.01s Real=0.01s
[2023-04-06T07:25:43.038+0000][67][safepoint   ] Safepoint "G1CollectForAllocation", Time since last: 18788006726 ns, Reaching safepoint: 297772 ns, At safepoint: 20284911 ns, Total: 20582683 ns
[2023-04-06T07:25:49.024+0000][67][safepoint   ] Safepoint "Cleanup", Time since last: 6007996109 ns, Reaching safepoint: 452957 ns, At safepoint: 111342 ns, Total: 564299 ns
[2023-04-06T07:25:56.033+0000][67][safepoint   ] Safepoint "Cleanup", Time since last: 7008599676 ns, Reaching safepoint: 281306 ns, At safepoint: 7534 ns, Total: 288840 ns
[2023-04-06T07:26:02.040+0000][67][safepoint   ] Safepoint "Cleanup", Time since last: 6007048738 ns, Reaching safepoint: 220392 ns, At safepoint: 15363 ns, Total: 235755 ns
[2023-04-06T07:26:09.684+0000][67][gc,start    ] GC(124) Pause Young (Concurrent Start) (G1 Evacuation Pause)
[2023-04-06T07:26:09.685+0000][67][gc,task     ] GC(124) Using 4 workers of 4 for evacuation
[2023-04-06T07:26:09.685+0000][67][gc,age      ] GC(124) Desired survivor size 6291456 bytes, new threshold 15 (max threshold 15)
[2023-04-06T07:26:09.696+0000][67][gc,phases   ] GC(124)   Pre Evacuate Collection Set: 0.4ms
[2023-04-06T07:26:09.698+0000][67][gc,phases   ] GC(124)   Merge Heap Roots: 0.1ms
[2023-04-06T07:26:09.700+0000][67][gc,phases   ] GC(124)   Evacuate Collection Set: 8.1ms
[2023-04-06T07:26:09.701+0000][67][gc,phases   ] GC(124)   Post Evacuate Collection Set: 1.0ms
[2023-04-06T07:26:09.702+0000][67][gc,phases   ] GC(124)   Other: 2.0ms
[2023-04-06T07:26:09.703+0000][67][gc,age      ] GC(124) Age table with threshold 15 (max threshold 15)
[2023-04-06T07:26:09.704+0000][67][gc,age      ] GC(124) - age   1:     804296 bytes,     804296 total
[2023-04-06T07:26:09.705+0000][67][gc,age      ] GC(124) - age   2:       5448 bytes,     809744 total
[2023-04-06T07:26:09.705+0000][67][gc,age      ] GC(124) - age   3:        800 bytes,     810544 total
[2023-04-06T07:26:09.706+0000][67][gc,age      ] GC(124) - age   4:       9040 bytes,     819584 total
[2023-04-06T07:26:09.707+0000][67][gc,age      ] GC(124) - age   5:       1128 bytes,     820712 total
[2023-04-06T07:26:09.707+0000][67][gc,age      ] GC(124) - age   6:      16760 bytes,     837472 total
[2023-04-06T07:26:09.708+0000][67][gc,age      ] GC(124) - age   7:     334264 bytes,    1171736 total
[2023-04-06T07:26:09.709+0000][67][gc,age      ] GC(124) - age   8:       3696 bytes,    1175432 total
[2023-04-06T07:26:09.709+0000][67][gc,age      ] GC(124) - age   9:        720 bytes,    1176152 total
[2023-04-06T07:26:09.710+0000][67][gc,age      ] GC(124) - age  10:       1152 bytes,    1177304 total
[2023-04-06T07:26:09.710+0000][67][gc,age      ] GC(124) - age  11:       1680 bytes,    1178984 total
[2023-04-06T07:26:09.711+0000][67][gc,age      ] GC(124) - age  12:      11352 bytes,    1190336 total
[2023-04-06T07:26:09.711+0000][67][gc,age      ] GC(124) - age  14:        264 bytes,    1190600 total
[2023-04-06T07:26:09.712+0000][67][gc,age      ] GC(124) - age  15:        672 bytes,    1191272 total
[2023-04-06T07:26:09.712+0000][67][gc,heap     ] GC(124) Eden regions: 23->0(23)
[2023-04-06T07:26:09.713+0000][67][gc,heap     ] GC(124) Survivor regions: 1->1(3)
[2023-04-06T07:26:09.713+0000][67][gc,heap     ] GC(124) Old regions: 25->25
[2023-04-06T07:26:09.714+0000][67][gc,heap     ] GC(124) Archive regions: 2->2
[2023-04-06T07:26:09.714+0000][67][gc,heap     ] GC(124) Humongous regions: 2->2
[2023-04-06T07:26:09.715+0000][67][gc,metaspace] GC(124) Metaspace: 139685K(142784K)->139685K(142784K) NonClass: 121790K(123008K)->121790K(123008K) Class: 17895K(19776K)->17895K(19776K)
[2023-04-06T07:26:09.715+0000][67][gc          ] GC(124) Pause Young (Concurrent Start) (G1 Evacuation Pause) 202M->109M(256M) 31.655ms
[2023-04-06T07:26:09.716+0000][67][gc          ] GC(125) Concurrent Mark Cycle
[2023-04-06T07:26:09.716+0000][67][gc,marking  ] GC(125) Concurrent Clear Claimed Marks
[2023-04-06T07:26:09.716+0000][67][gc,cpu      ] GC(124) User=0.00s Sys=0.01s Real=0.04s
[2023-04-06T07:26:09.717+0000][67][gc,marking  ] GC(125) Concurrent Clear Claimed Marks 0.920ms
[2023-04-06T07:26:09.718+0000][67][gc,marking  ] GC(125) Concurrent Scan Root Regions
[2023-04-06T07:26:09.717+0000][67][safepoint   ] Safepoint "G1CollectForAllocation", Time since last: 7643285823 ns, Reaching safepoint: 160755 ns, At safepoint: 33637524 ns, Total: 33798279 ns
[2023-04-06T07:26:09.720+0000][67][gc,marking  ] GC(125) Concurrent Scan Root Regions 2.757ms
[2023-04-06T07:26:09.722+0000][67][gc,marking  ] GC(125) Concurrent Mark
[2023-04-06T07:26:09.723+0000][67][gc,marking  ] GC(125) Concurrent Mark From Roots
[2023-04-06T07:26:09.723+0000][67][gc,task     ] GC(125) Using 1 workers of 1 for marking
[2023-04-06T07:26:09.825+0000][67][gc,marking  ] GC(125) Concurrent Mark From Roots 102.734ms
[2023-04-06T07:26:09.826+0000][67][gc,marking  ] GC(125) Concurrent Preclean
[2023-04-06T07:26:09.827+0000][67][gc,marking  ] GC(125) Concurrent Preclean 1.066ms
[2023-04-06T07:26:09.828+0000][67][gc,start    ] GC(125) Pause Remark
[2023-04-06T07:26:09.841+0000][67][gc          ] GC(125) Pause Remark 110M->110M(256M) 12.977ms
[2023-04-06T07:26:09.842+0000][67][gc,cpu      ] GC(125) User=0.03s Sys=0.00s Real=0.01s
[2023-04-06T07:26:09.843+0000][67][safepoint   ] Safepoint "G1PauseRemark", Time since last: 111046715 ns, Reaching safepoint: 159987 ns, At safepoint: 14419572 ns, Total: 14579559 ns
[2023-04-06T07:26:09.843+0000][67][gc,marking  ] GC(125) Concurrent Mark 121.113ms
[2023-04-06T07:26:09.844+0000][67][gc,marking  ] GC(125) Concurrent Rebuild Remembered Sets
[2023-04-06T07:26:09.895+0000][67][gc,marking  ] GC(125) Concurrent Rebuild Remembered Sets 51.190ms
[2023-04-06T07:26:09.896+0000][67][gc,start    ] GC(125) Pause Cleanup
[2023-04-06T07:26:09.897+0000][67][gc          ] GC(125) Pause Cleanup 110M->110M(256M) 0.819ms
[2023-04-06T07:26:09.898+0000][67][gc,cpu      ] GC(125) User=0.00s Sys=0.00s Real=0.00s
[2023-04-06T07:26:09.898+0000][67][safepoint   ] Safepoint "G1PauseCleanup", Time since last: 53060944 ns, Reaching safepoint: 203146 ns, At safepoint: 2073875 ns, Total: 2277021 ns
[2023-04-06T07:26:09.899+0000][67][gc,marking  ] GC(125) Concurrent Cleanup for Next Mark
[2023-04-06T07:26:09.899+0000][67][gc,marking  ] GC(125) Concurrent Cleanup for Next Mark 0.811ms
[2023-04-06T07:26:09.900+0000][67][gc          ] GC(125) Concurrent Mark Cycle 184.225ms
[2023-04-06T07:26:13.903+0000][67][safepoint   ] Safepoint "Cleanup", Time since last: 4003882122 ns, Reaching safepoint: 796247 ns, At safepoint: 15897 ns, Total: 812144 ns
[2023-04-06T07:26:18.891+0000][67][safepoint   ] Safepoint "Cleanup", Time since last: 5009942903 ns, Reaching safepoint: 148690 ns, At safepoint: 3512 ns, Total: 152202 ns
[2023-04-06T07:26:23.897+0000][67][safepoint   ] Safepoint "Cleanup", Time since last: 5005031192 ns, Reaching safepoint: 972948 ns, At safepoint: 14319 ns, Total: 987267 ns
[2023-04-06T07:26:26.901+0000][67][safepoint   ] Safepoint "Cleanup", Time since last: 3004042513 ns, Reaching safepoint: 576349 ns, At safepoint: 13713 ns, Total: 590062 ns
[2023-04-06T07:26:28.906+0000][67][safepoint   ] Safepoint "Cleanup", Time since last: 2004307625 ns, Reaching safepoint: 384166 ns, At safepoint: 12601 ns, Total: 396767 ns
[2023-04-06T07:26:29.912+0000][67][safepoint   ] Safepoint "Cleanup", Time since last: 1004827911 ns, Reaching safepoint: 946644 ns, At safepoint: 131747 ns, Total: 1078391 ns
[2023-04-06T07:26:33.917+0000][67][safepoint   ] Safepoint "Cleanup", Time since last: 4004621349 ns, Reaching safepoint: 567493 ns, At safepoint: 30200 ns, Total: 597693 ns
[2023-04-06T07:26:42.920+0000][67][gc,start    ] GC(126) Pause Young (Normal) (G1 Evacuation Pause)
[2023-04-06T07:26:42.921+0000][67][gc,task     ] GC(126) Using 4 workers of 4 for evacuation
[2023-04-06T07:26:42.921+0000][67][gc,age      ] GC(126) Desired survivor size 6291456 bytes, new threshold 15 (max threshold 15)
[2023-04-06T07:26:42.925+0000][67][gc,phases   ] GC(126)   Pre Evacuate Collection Set: 0.1ms
[2023-04-06T07:26:42.925+0000][67][gc,phases   ] GC(126)   Merge Heap Roots: 0.1ms
[2023-04-06T07:26:42.926+0000][67][gc,phases   ] GC(126)   Evacuate Collection Set: 2.0ms
[2023-04-06T07:26:42.926+0000][67][gc,phases   ] GC(126)   Post Evacuate Collection Set: 0.7ms
[2023-04-06T07:26:42.927+0000][67][gc,phases   ] GC(126)   Other: 1.0ms
[2023-04-06T07:26:42.927+0000][67][gc,age      ] GC(126) Age table with threshold 15 (max threshold 15)
[2023-04-06T07:26:42.927+0000][67][gc,age      ] GC(126) - age   1:     840608 bytes,     840608 total
[2023-04-06T07:26:42.928+0000][67][gc,age      ] GC(126) - age   2:     135568 bytes,     976176 total
[2023-04-06T07:26:42.928+0000][67][gc,age      ] GC(126) - age   3:       2808 bytes,     978984 total
[2023-04-06T07:26:42.928+0000][67][gc,age      ] GC(126) - age   4:        296 bytes,     979280 total
[2023-04-06T07:26:42.929+0000][67][gc,age      ] GC(126) - age   5:       8976 bytes,     988256 total
[2023-04-06T07:26:42.929+0000][67][gc,age      ] GC(126) - age   6:       1128 bytes,     989384 total
[2023-04-06T07:26:42.929+0000][67][gc,age      ] GC(126) - age   7:      16760 bytes,    1006144 total
[2023-04-06T07:26:42.930+0000][67][gc,age      ] GC(126) - age   8:     334264 bytes,    1340408 total
[2023-04-06T07:26:42.930+0000][67][gc,age      ] GC(126) - age   9:       3696 bytes,    1344104 total
[2023-04-06T07:26:42.931+0000][67][gc,age      ] GC(126) - age  10:        720 bytes,    1344824 total
[2023-04-06T07:26:42.931+0000][67][gc,age      ] GC(126) - age  11:       1152 bytes,    1345976 total
[2023-04-06T07:26:42.931+0000][67][gc,age      ] GC(126) - age  12:       1680 bytes,    1347656 total
[2023-04-06T07:26:42.932+0000][67][gc,age      ] GC(126) - age  13:      11352 bytes,    1359008 total
[2023-04-06T07:26:42.932+0000][67][gc,age      ] GC(126) - age  15:        264 bytes,    1359272 total
[2023-04-06T07:26:42.932+0000][67][gc,heap     ] GC(126) Eden regions: 23->0(23)
[2023-04-06T07:26:42.933+0000][67][gc,heap     ] GC(126) Survivor regions: 1->1(3)
[2023-04-06T07:26:42.933+0000][67][gc,heap     ] GC(126) Old regions: 25->25
[2023-04-06T07:26:42.933+0000][67][gc,heap     ] GC(126) Archive regions: 2->2
[2023-04-06T07:26:42.934+0000][67][gc,heap     ] GC(126) Humongous regions: 2->2
[2023-04-06T07:26:42.934+0000][67][gc,metaspace] GC(126) Metaspace: 139687K(142784K)->139687K(142784K) NonClass: 121791K(123008K)->121791K(123008K) Class: 17895K(19776K)->17895K(19776K)
[2023-04-06T07:26:42.934+0000][67][gc          ] GC(126) Pause Young (Normal) (G1 Evacuation Pause) 201M->110M(256M) 13.994ms
[2023-04-06T07:26:42.935+0000][67][gc,cpu      ] GC(126) User=0.00s Sys=0.00s Real=0.02s
[2023-04-06T07:26:42.935+0000][67][safepoint   ] Safepoint "G1CollectForAllocation", Time since last: 9003178441 ns, Reaching safepoint: 85584 ns, At safepoint: 14791896 ns, Total: 14877480 ns
[2023-04-06T07:26:54.921+0000][67][safepoint   ] Safepoint "Cleanup", Time since last: 12008314622 ns, Reaching safepoint: 146504 ns, At safepoint: 6047 ns, Total: 152551 ns
[2023-04-06T07:27:00.928+0000][67][safepoint   ] Safepoint "Cleanup", Time since last: 6006571616 ns, Reaching safepoint: 357860 ns, At safepoint: 21526 ns, Total: 379386 ns
[2023-04-06T07:27:10.941+0000][67][safepoint   ] Safepoint "Cleanup", Time since last: 10011103856 ns, Reaching safepoint: 998287 ns, At safepoint: 90291 ns, Total: 1088578 ns
[2023-04-06T07:27:13.558+0000][67][gc,start    ] GC(127) Pause Young (Concurrent Start) (G1 Evacuation Pause)
[2023-04-06T07:27:13.558+0000][67][gc,task     ] GC(127) Using 4 workers of 4 for evacuation
[2023-04-06T07:27:13.559+0000][67][gc,age      ] GC(127) Desired survivor size 6291456 bytes, new threshold 15 (max threshold 15)
[2023-04-06T07:27:13.563+0000][67][gc,phases   ] GC(127)   Pre Evacuate Collection Set: 0.3ms
[2023-04-06T07:27:13.563+0000][67][gc,phases   ] GC(127)   Merge Heap Roots: 0.1ms
[2023-04-06T07:27:13.564+0000][67][gc,phases   ] GC(127)   Evacuate Collection Set: 1.7ms
[2023-04-06T07:27:13.564+0000][67][gc,phases   ] GC(127)   Post Evacuate Collection Set: 0.7ms
[2023-04-06T07:27:13.565+0000][67][gc,phases   ] GC(127)   Other: 1.7ms
[2023-04-06T07:27:13.565+0000][67][gc,age      ] GC(127) Age table with threshold 15 (max threshold 15)
[2023-04-06T07:27:13.566+0000][67][gc,age      ] GC(127) - age   1:    1205184 bytes,    1205184 total
[2023-04-06T07:27:13.567+0000][67][gc,age      ] GC(127) - age   2:       1904 bytes,    1207088 total
[2023-04-06T07:27:13.568+0000][67][gc,age      ] GC(127) - age   3:     117768 bytes,    1324856 total
[2023-04-06T07:27:13.568+0000][67][gc,age      ] GC(127) - age   4:       2720 bytes,    1327576 total
[2023-04-06T07:27:13.569+0000][67][gc,age      ] GC(127) - age   6:        544 bytes,    1328120 total
[2023-04-06T07:27:13.569+0000][67][gc,age      ] GC(127) - age   7:       1128 bytes,    1329248 total
[2023-04-06T07:27:13.570+0000][67][gc,age      ] GC(127) - age   8:      16760 bytes,    1346008 total
[2023-04-06T07:27:13.570+0000][67][gc,age      ] GC(127) - age   9:     334264 bytes,    1680272 total
[2023-04-06T07:27:13.571+0000][67][gc,age      ] GC(127) - age  10:       3696 bytes,    1683968 total
[2023-04-06T07:27:13.571+0000][67][gc,age      ] GC(127) - age  11:        720 bytes,    1684688 total
[2023-04-06T07:27:13.571+0000][67][gc,age      ] GC(127) - age  12:       1152 bytes,    1685840 total
[2023-04-06T07:27:13.572+0000][67][gc,age      ] GC(127) - age  13:       1680 bytes,    1687520 total
[2023-04-06T07:27:13.572+0000][67][gc,age      ] GC(127) - age  14:      11352 bytes,    1698872 total
[2023-04-06T07:27:13.573+0000][67][gc,heap     ] GC(127) Eden regions: 23->0(23)
[2023-04-06T07:27:13.573+0000][67][gc,heap     ] GC(127) Survivor regions: 1->1(3)
[2023-04-06T07:27:13.573+0000][67][gc,heap     ] GC(127) Old regions: 25->25
[2023-04-06T07:27:13.574+0000][67][gc,heap     ] GC(127) Archive regions: 2->2
[2023-04-06T07:27:13.575+0000][67][gc,heap     ] GC(127) Humongous regions: 2->2
[2023-04-06T07:27:13.575+0000][67][gc,metaspace] GC(127) Metaspace: 139689K(142784K)->139689K(142784K) NonClass: 121794K(123008K)->121794K(123008K) Class: 17895K(19776K)->17895K(19776K)
[2023-04-06T07:27:13.577+0000][67][gc          ] GC(127) Pause Young (Concurrent Start) (G1 Evacuation Pause) 202M->110M(256M) 18.736ms
[2023-04-06T07:27:13.577+0000][67][gc          ] GC(128) Concurrent Mark Cycle
[2023-04-06T07:27:13.577+0000][67][gc,cpu      ] GC(127) User=0.01s Sys=0.00s Real=0.02s
[2023-04-06T07:27:13.578+0000][67][gc,marking  ] GC(128) Concurrent Clear Claimed Marks
[2023-04-06T07:27:13.578+0000][67][safepoint   ] Safepoint "G1CollectForAllocation", Time since last: 2617022148 ns, Reaching safepoint: 130067 ns, At safepoint: 20576231 ns, Total: 20706298 ns
[2023-04-06T07:27:13.579+0000][67][gc,marking  ] GC(128) Concurrent Clear Claimed Marks 1.318ms
[2023-04-06T07:27:13.580+0000][67][gc,marking  ] GC(128) Concurrent Scan Root Regions
[2023-04-06T07:27:13.582+0000][67][gc,marking  ] GC(128) Concurrent Scan Root Regions 2.125ms
[2023-04-06T07:27:13.583+0000][67][gc,marking  ] GC(128) Concurrent Mark
[2023-04-06T07:27:13.584+0000][67][gc,marking  ] GC(128) Concurrent Mark From Roots
[2023-04-06T07:27:13.584+0000][67][gc,task     ] GC(128) Using 1 workers of 1 for marking
[2023-04-06T07:27:13.698+0000][67][gc,marking  ] GC(128) Concurrent Mark From Roots 114.441ms
[2023-04-06T07:27:13.699+0000][67][gc,marking  ] GC(128) Concurrent Preclean
[2023-04-06T07:27:13.701+0000][67][gc,marking  ] GC(128) Concurrent Preclean 1.348ms
[2023-04-06T07:27:13.702+0000][67][gc,start    ] GC(128) Pause Remark
[2023-04-06T07:27:13.713+0000][67][gc          ] GC(128) Pause Remark 110M->110M(256M) 10.975ms
[2023-04-06T07:27:13.714+0000][67][gc,cpu      ] GC(128) User=0.03s Sys=0.00s Real=0.01s
[2023-04-06T07:27:13.715+0000][67][safepoint   ] Safepoint "G1PauseRemark", Time since last: 123481486 ns, Reaching safepoint: 200769 ns, At safepoint: 13035526 ns, Total: 13236295 ns
[2023-04-06T07:27:13.716+0000][67][gc,marking  ] GC(128) Concurrent Mark 132.783ms
[2023-04-06T07:27:13.716+0000][67][gc,marking  ] GC(128) Concurrent Rebuild Remembered Sets
[2023-04-06T07:27:13.771+0000][67][gc,marking  ] GC(128) Concurrent Rebuild Remembered Sets 54.485ms
[2023-04-06T07:27:13.772+0000][67][gc,start    ] GC(128) Pause Cleanup
[2023-04-06T07:27:13.773+0000][67][gc          ] GC(128) Pause Cleanup 111M->111M(256M) 1.176ms
[2023-04-06T07:27:13.774+0000][67][gc,cpu      ] GC(128) User=0.00s Sys=0.00s Real=0.00s
[2023-04-06T07:27:13.775+0000][67][safepoint   ] Safepoint "G1PauseCleanup", Time since last: 57063348 ns, Reaching safepoint: 115712 ns, At safepoint: 2652234 ns, Total: 2767946 ns
[2023-04-06T07:27:13.776+0000][67][gc,marking  ] GC(128) Concurrent Cleanup for Next Mark
[2023-04-06T07:27:13.776+0000][67][gc,marking  ] GC(128) Concurrent Cleanup for Next Mark 0.663ms
[2023-04-06T07:27:13.777+0000][67][gc          ] GC(128) Concurrent Mark Cycle 199.565ms
[2023-04-06T07:27:17.779+0000][67][safepoint   ] Safepoint "Cleanup", Time since last: 4003379903 ns, Reaching safepoint: 249498 ns, At safepoint: 6654 ns, Total: 256152 ns
[2023-04-06T07:27:18.759+0000][67][safepoint   ] Safepoint "Cleanup", Time since last: 1001983671 ns, Reaching safepoint: 241561 ns, At safepoint: 14063 ns, Total: 255624 ns
[2023-04-06T07:27:20.761+0000][67][safepoint   ] Safepoint "Cleanup", Time since last: 2001576310 ns, Reaching safepoint: 445707 ns, At safepoint: 10900 ns, Total: 456607 ns
[2023-04-06T07:27:24.767+0000][67][safepoint   ] Safepoint "Cleanup", Time since last: 4006129644 ns, Reaching safepoint: 182201 ns, At safepoint: 6142 ns, Total: 188343 ns
[2023-04-06T07:27:29.771+0000][67][safepoint   ] Safepoint "Cleanup", Time since last: 5003374282 ns, Reaching safepoint: 466456 ns, At safepoint: 13621 ns, Total: 480077 ns
[2023-04-06T07:27:43.320+0000][67][gc,start    ] GC(129) Pause Young (Normal) (G1 Evacuation Pause)
[2023-04-06T07:27:43.320+0000][67][gc,task     ] GC(129) Using 4 workers of 4 for evacuation
[2023-04-06T07:27:43.321+0000][67][gc,age      ] GC(129) Desired survivor size 6291456 bytes, new threshold 15 (max threshold 15)
[2023-04-06T07:27:43.324+0000][67][gc,phases   ] GC(129)   Pre Evacuate Collection Set: 0.1ms
[2023-04-06T07:27:43.325+0000][67][gc,phases   ] GC(129)   Merge Heap Roots: 0.1ms
[2023-04-06T07:27:43.326+0000][67][gc,phases   ] GC(129)   Evacuate Collection Set: 2.2ms
[2023-04-06T07:27:43.326+0000][67][gc,phases   ] GC(129)   Post Evacuate Collection Set: 0.8ms
[2023-04-06T07:27:43.327+0000][67][gc,phases   ] GC(129)   Other: 0.9ms
[2023-04-06T07:27:43.327+0000][67][gc,age      ] GC(129) Age table with threshold 15 (max threshold 15)
[2023-04-06T07:27:43.328+0000][67][gc,age      ] GC(129) - age   1:    1682000 bytes,    1682000 total
[2023-04-06T07:27:43.328+0000][67][gc,age      ] GC(129) - age   2:     117152 bytes,    1799152 total
[2023-04-06T07:27:43.329+0000][67][gc,age      ] GC(129) - age   3:        680 bytes,    1799832 total
[2023-04-06T07:27:43.329+0000][67][gc,age      ] GC(129) - age   4:       1136 bytes,    1800968 total
[2023-04-06T07:27:43.330+0000][67][gc,age      ] GC(129) - age   5:       2480 bytes,    1803448 total
[2023-04-06T07:27:43.330+0000][67][gc,age      ] GC(129) - age   7:        544 bytes,    1803992 total
[2023-04-06T07:27:43.330+0000][67][gc,age      ] GC(129) - age   8:       1096 bytes,    1805088 total
[2023-04-06T07:27:43.331+0000][67][gc,age      ] GC(129) - age   9:      16760 bytes,    1821848 total
[2023-04-06T07:27:43.332+0000][67][gc,age      ] GC(129) - age  10:     334264 bytes,    2156112 total
[2023-04-06T07:27:43.332+0000][67][gc,age      ] GC(129) - age  11:       3464 bytes,    2159576 total
[2023-04-06T07:27:43.333+0000][67][gc,age      ] GC(129) - age  12:        720 bytes,    2160296 total
[2023-04-06T07:27:43.333+0000][67][gc,age      ] GC(129) - age  13:       1152 bytes,    2161448 total
[2023-04-06T07:27:43.334+0000][67][gc,age      ] GC(129) - age  14:       1680 bytes,    2163128 total
[2023-04-06T07:27:43.334+0000][67][gc,age      ] GC(129) - age  15:      11352 bytes,    2174480 total
[2023-04-06T07:27:43.335+0000][67][gc,heap     ] GC(129) Eden regions: 23->0(23)
[2023-04-06T07:27:43.335+0000][67][gc,heap     ] GC(129) Survivor regions: 1->1(3)
[2023-04-06T07:27:43.336+0000][67][gc,heap     ] GC(129) Old regions: 25->25
[2023-04-06T07:27:43.336+0000][67][gc,heap     ] GC(129) Archive regions: 2->2
[2023-04-06T07:27:43.337+0000][67][gc,heap     ] GC(129) Humongous regions: 2->2
[2023-04-06T07:27:43.337+0000][67][gc,metaspace] GC(129) Metaspace: 139689K(142784K)->139689K(142784K) NonClass: 121794K(123008K)->121794K(123008K) Class: 17895K(19776K)->17895K(19776K)
[2023-04-06T07:27:43.338+0000][67][gc          ] GC(129) Pause Young (Normal) (G1 Evacuation Pause) 202M->110M(256M) 17.837ms
[2023-04-06T07:27:43.338+0000][67][gc,cpu      ] GC(129) User=0.01s Sys=0.00s Real=0.01s
[2023-04-06T07:27:43.339+0000][67][safepoint   ] Safepoint "G1CollectForAllocation", Time since last: 13548618478 ns, Reaching safepoint: 122513 ns, At safepoint: 18918224 ns, Total: 19040737 ns
[2023-04-06T07:27:44.340+0000][67][safepoint   ] Safepoint "Cleanup", Time since last: 1000934015 ns, Reaching safepoint: 476379 ns, At safepoint: 9132 ns, Total: 485511 ns
[2023-04-06T07:27:50.331+0000][67][safepoint   ] Safepoint "Cleanup", Time since last: 6011709111 ns, Reaching safepoint: 287944 ns, At safepoint: 20372 ns, Total: 308316 ns
[2023-04-06T07:27:54.338+0000][67][safepoint   ] Safepoint "Cleanup", Time since last: 4006457101 ns, Reaching safepoint: 454039 ns, At safepoint: 22094 ns, Total: 476133 ns
[2023-04-06T07:27:55.341+0000][67][safepoint   ] Safepoint "Cleanup", Time since last: 1002479394 ns, Reaching safepoint: 164936 ns, At safepoint: 12813 ns, Total: 177749 ns
[2023-04-06T07:27:56.343+0000][67][safepoint   ] Safepoint "Cleanup", Time since last: 1001530397 ns, Reaching safepoint: 169668 ns, At safepoint: 3622 ns, Total: 173290 ns
[2023-04-06T07:28:01.349+0000][67][safepoint   ] Safepoint "Cleanup", Time since last: 5005740673 ns, Reaching safepoint: 261963 ns, At safepoint: 12643 ns, Total: 274606 ns
[2023-04-06T07:28:04.354+0000][67][safepoint   ] Safepoint "Cleanup", Time since last: 3004989334 ns, Reaching safepoint: 141603 ns, At safepoint: 6319 ns, Total: 147922 ns
[2023-04-06T07:28:06.870+0000][67][gc,start    ] GC(130) Pause Young (Concurrent Start) (G1 Evacuation Pause)
[2023-04-06T07:28:06.871+0000][67][gc,task     ] GC(130) Using 4 workers of 4 for evacuation
[2023-04-06T07:28:06.872+0000][67][gc,age      ] GC(130) Desired survivor size 6291456 bytes, new threshold 15 (max threshold 15)
[2023-04-06T07:28:06.876+0000][67][gc,phases   ] GC(130)   Pre Evacuate Collection Set: 0.3ms
[2023-04-06T07:28:06.877+0000][67][gc,phases   ] GC(130)   Merge Heap Roots: 0.1ms
[2023-04-06T07:28:06.877+0000][67][gc,phases   ] GC(130)   Evacuate Collection Set: 2.4ms
[2023-04-06T07:28:06.878+0000][67][gc,phases   ] GC(130)   Post Evacuate Collection Set: 0.9ms
[2023-04-06T07:28:06.878+0000][67][gc,phases   ] GC(130)   Other: 1.1ms
[2023-04-06T07:28:06.879+0000][67][gc,age      ] GC(130) Age table with threshold 15 (max threshold 15)
[2023-04-06T07:28:06.879+0000][67][gc,age      ] GC(130) - age   1:     995096 bytes,     995096 total
[2023-04-06T07:28:06.879+0000][67][gc,age      ] GC(130) - age   2:     149024 bytes,    1144120 total
[2023-04-06T07:28:06.880+0000][67][gc,age      ] GC(130) - age   3:       1536 bytes,    1145656 total
[2023-04-06T07:28:06.881+0000][67][gc,age      ] GC(130) - age   4:        296 bytes,    1145952 total
[2023-04-06T07:28:06.881+0000][67][gc,age      ] GC(130) - age   5:        696 bytes,    1146648 total
[2023-04-06T07:28:06.882+0000][67][gc,age      ] GC(130) - age   6:       2480 bytes,    1149128 total
[2023-04-06T07:28:06.882+0000][67][gc,age      ] GC(130) - age   8:        544 bytes,    1149672 total
[2023-04-06T07:28:06.883+0000][67][gc,age      ] GC(130) - age   9:        232 bytes,    1149904 total
[2023-04-06T07:28:06.883+0000][67][gc,age      ] GC(130) - age  10:        648 bytes,    1150552 total
[2023-04-06T07:28:06.883+0000][67][gc,age      ] GC(130) - age  11:      39832 bytes,    1190384 total
[2023-04-06T07:28:06.884+0000][67][gc,age      ] GC(130) - age  12:       3464 bytes,    1193848 total
[2023-04-06T07:28:06.884+0000][67][gc,age      ] GC(130) - age  13:        720 bytes,    1194568 total
[2023-04-06T07:28:06.885+0000][67][gc,age      ] GC(130) - age  14:       1152 bytes,    1195720 total
[2023-04-06T07:28:06.885+0000][67][gc,age      ] GC(130) - age  15:       1680 bytes,    1197400 total
[2023-04-06T07:28:06.886+0000][67][gc,heap     ] GC(130) Eden regions: 23->0(23)
[2023-04-06T07:28:06.886+0000][67][gc,heap     ] GC(130) Survivor regions: 1->1(3)
[2023-04-06T07:28:06.887+0000][67][gc,heap     ] GC(130) Old regions: 25->25
[2023-04-06T07:28:06.887+0000][67][gc,heap     ] GC(130) Archive regions: 2->2
[2023-04-06T07:28:06.888+0000][67][gc,heap     ] GC(130) Humongous regions: 2->2
[2023-04-06T07:28:06.888+0000][67][gc,metaspace] GC(130) Metaspace: 139691K(142784K)->139691K(142784K) NonClass: 121796K(123008K)->121796K(123008K) Class: 17895K(19776K)->17895K(19776K)
[2023-04-06T07:28:06.889+0000][67][gc          ] GC(130) Pause Young (Concurrent Start) (G1 Evacuation Pause) 202M->109M(256M) 18.157ms
[2023-04-06T07:28:06.889+0000][67][gc,cpu      ] GC(130) User=0.01s Sys=0.00s Real=0.02s
[2023-04-06T07:28:06.889+0000][67][gc          ] GC(131) Concurrent Mark Cycle
[2023-04-06T07:28:06.890+0000][67][gc,marking  ] GC(131) Concurrent Clear Claimed Marks
[2023-04-06T07:28:06.890+0000][67][safepoint   ] Safepoint "G1CollectForAllocation", Time since last: 2516596889 ns, Reaching safepoint: 57462 ns, At safepoint: 19315544 ns, Total: 19373006 ns
[2023-04-06T07:28:06.891+0000][67][gc,marking  ] GC(131) Concurrent Clear Claimed Marks 0.843ms
[2023-04-06T07:28:06.893+0000][67][gc,marking  ] GC(131) Concurrent Scan Root Regions
[2023-04-06T07:28:06.898+0000][67][gc,marking  ] GC(131) Concurrent Scan Root Regions 5.168ms
[2023-04-06T07:28:06.900+0000][67][gc,marking  ] GC(131) Concurrent Mark
[2023-04-06T07:28:06.901+0000][67][gc,marking  ] GC(131) Concurrent Mark From Roots
[2023-04-06T07:28:06.901+0000][67][gc,task     ] GC(131) Using 1 workers of 1 for marking
[2023-04-06T07:28:07.004+0000][67][gc,marking  ] GC(131) Concurrent Mark From Roots 102.877ms
[2023-04-06T07:28:07.005+0000][67][gc,marking  ] GC(131) Concurrent Preclean
[2023-04-06T07:28:07.006+0000][67][gc,marking  ] GC(131) Concurrent Preclean 1.278ms
[2023-04-06T07:28:07.007+0000][67][gc,start    ] GC(131) Pause Remark
[2023-04-06T07:28:07.018+0000][67][gc          ] GC(131) Pause Remark 113M->113M(256M) 11.145ms
[2023-04-06T07:28:07.019+0000][67][gc,cpu      ] GC(131) User=0.03s Sys=0.01s Real=0.02s
[2023-04-06T07:28:07.020+0000][67][safepoint   ] Safepoint "G1PauseRemark", Time since last: 116985611 ns, Reaching safepoint: 57666 ns, At safepoint: 12894797 ns, Total: 12952463 ns
[2023-04-06T07:28:07.023+0000][67][gc,marking  ] GC(131) Concurrent Mark 122.755ms
[2023-04-06T07:28:07.024+0000][67][gc,marking  ] GC(131) Concurrent Rebuild Remembered Sets
[2023-04-06T07:28:07.077+0000][67][gc,marking  ] GC(131) Concurrent Rebuild Remembered Sets 53.002ms
[2023-04-06T07:28:07.078+0000][67][gc,start    ] GC(131) Pause Cleanup
[2023-04-06T07:28:07.079+0000][67][gc          ] GC(131) Pause Cleanup 113M->113M(256M) 0.654ms
[2023-04-06T07:28:07.079+0000][67][gc,cpu      ] GC(131) User=0.00s Sys=0.00s Real=0.00s
[2023-04-06T07:28:07.080+0000][67][safepoint   ] Safepoint "G1PauseCleanup", Time since last: 58074196 ns, Reaching safepoint: 263202 ns, At safepoint: 2257586 ns, Total: 2520788 ns
[2023-04-06T07:28:07.081+0000][67][gc,marking  ] GC(131) Concurrent Cleanup for Next Mark
[2023-04-06T07:28:07.082+0000][67][gc,marking  ] GC(131) Concurrent Cleanup for Next Mark 0.693ms
[2023-04-06T07:28:07.082+0000][67][gc          ] GC(131) Concurrent Mark Cycle 192.899ms
[2023-04-06T07:28:14.087+0000][67][safepoint   ] Safepoint "Cleanup", Time since last: 7005901090 ns, Reaching safepoint: 844864 ns, At safepoint: 49918 ns, Total: 894782 ns
[2023-04-06T07:28:26.083+0000][67][safepoint   ] Safepoint "Cleanup", Time since last: 12018181701 ns, Reaching safepoint: 258751 ns, At safepoint: 12066 ns, Total: 270817 ns
[2023-04-06T07:28:31.087+0000][67][safepoint   ] Safepoint "Cleanup", Time since last: 5004598905 ns, Reaching safepoint: 204199 ns, At safepoint: 8806 ns, Total: 213005 ns
[2023-04-06T07:28:33.091+0000][67][safepoint   ] Safepoint "Cleanup", Time since last: 2003417197 ns, Reaching safepoint: 485721 ns, At safepoint: 13817 ns, Total: 499538 ns
[2023-04-06T07:28:39.624+0000][67][gc,start    ] GC(132) Pause Young (Normal) (G1 Evacuation Pause)
[2023-04-06T07:28:39.625+0000][67][gc,task     ] GC(132) Using 4 workers of 4 for evacuation
[2023-04-06T07:28:39.626+0000][67][gc,age      ] GC(132) Desired survivor size 6291456 bytes, new threshold 15 (max threshold 15)
[2023-04-06T07:28:39.633+0000][67][gc,phases   ] GC(132)   Pre Evacuate Collection Set: 0.3ms
[2023-04-06T07:28:39.634+0000][67][gc,phases   ] GC(132)   Merge Heap Roots: 0.3ms
[2023-04-06T07:28:39.635+0000][67][gc,phases   ] GC(132)   Evacuate Collection Set: 3.8ms
[2023-04-06T07:28:39.635+0000][67][gc,phases   ] GC(132)   Post Evacuate Collection Set: 1.1ms
[2023-04-06T07:28:39.636+0000][67][gc,phases   ] GC(132)   Other: 2.1ms
[2023-04-06T07:28:39.637+0000][67][gc,age      ] GC(132) Age table with threshold 15 (max threshold 15)
[2023-04-06T07:28:39.637+0000][67][gc,age      ] GC(132) - age   1:     873176 bytes,     873176 total
[2023-04-06T07:28:39.638+0000][67][gc,age      ] GC(132) - age   2:     442736 bytes,    1315912 total
[2023-04-06T07:28:39.639+0000][67][gc,age      ] GC(132) - age   3:      23664 bytes,    1339576 total
[2023-04-06T07:28:39.640+0000][67][gc,age      ] GC(132) - age   4:       1288 bytes,    1340864 total
[2023-04-06T07:28:39.641+0000][67][gc,age      ] GC(132) - age   5:        296 bytes,    1341160 total
[2023-04-06T07:28:39.641+0000][67][gc,age      ] GC(132) - age   6:        696 bytes,    1341856 total
[2023-04-06T07:28:39.642+0000][67][gc,age      ] GC(132) - age   7:       2456 bytes,    1344312 total
[2023-04-06T07:28:39.643+0000][67][gc,age      ] GC(132) - age   9:        544 bytes,    1344856 total
[2023-04-06T07:28:39.643+0000][67][gc,age      ] GC(132) - age  10:        232 bytes,    1345088 total
[2023-04-06T07:28:39.644+0000][67][gc,age      ] GC(132) - age  11:        352 bytes,    1345440 total
[2023-04-06T07:28:39.644+0000][67][gc,age      ] GC(132) - age  12:      36384 bytes,    1381824 total
[2023-04-06T07:28:39.645+0000][67][gc,age      ] GC(132) - age  13:       3464 bytes,    1385288 total
[2023-04-06T07:28:39.646+0000][67][gc,age      ] GC(132) - age  14:        720 bytes,    1386008 total
[2023-04-06T07:28:39.646+0000][67][gc,age      ] GC(132) - age  15:       1152 bytes,    1387160 total
[2023-04-06T07:28:39.647+0000][67][gc,heap     ] GC(132) Eden regions: 23->0(23)
[2023-04-06T07:28:39.647+0000][67][gc,heap     ] GC(132) Survivor regions: 1->1(3)
[2023-04-06T07:28:39.648+0000][67][gc,heap     ] GC(132) Old regions: 25->25
[2023-04-06T07:28:39.649+0000][67][gc,heap     ] GC(132) Archive regions: 2->2
[2023-04-06T07:28:39.649+0000][67][gc,heap     ] GC(132) Humongous regions: 2->2
[2023-04-06T07:28:39.650+0000][67][gc,metaspace] GC(132) Metaspace: 139696K(142784K)->139696K(142784K) NonClass: 121801K(123008K)->121801K(123008K) Class: 17895K(19776K)->17895K(19776K)
[2023-04-06T07:28:39.651+0000][67][gc          ] GC(132) Pause Young (Normal) (G1 Evacuation Pause) 201M->110M(256M) 26.899ms
[2023-04-06T07:28:39.652+0000][67][gc,cpu      ] GC(132) User=0.01s Sys=0.01s Real=0.03s
[2023-04-06T07:28:39.652+0000][67][safepoint   ] Safepoint "G1CollectForAllocation", Time since last: 6532185168 ns, Reaching safepoint: 314151 ns, At safepoint: 28653892 ns, Total: 28968043 ns
[2023-04-06T07:28:55.644+0000][67][safepoint   ] Safepoint "Cleanup", Time since last: 16012704462 ns, Reaching safepoint: 754040 ns, At safepoint: 147834 ns, Total: 901874 ns
[2023-04-06T07:29:03.652+0000][67][safepoint   ] Safepoint "Cleanup", Time since last: 8008307849 ns, Reaching safepoint: 502482 ns, At safepoint: 8964 ns, Total: 511446 ns
[2023-04-06T07:29:06.656+0000][67][safepoint   ] Safepoint "Cleanup", Time since last: 3003704454 ns, Reaching safepoint: 77352 ns, At safepoint: 4535 ns, Total: 81887 ns
[2023-04-06T07:29:12.687+0000][67][gc,start    ] GC(133) Pause Young (Concurrent Start) (G1 Evacuation Pause)
[2023-04-06T07:29:12.687+0000][67][gc,task     ] GC(133) Using 4 workers of 4 for evacuation
[2023-04-06T07:29:12.688+0000][67][gc,age      ] GC(133) Desired survivor size 6291456 bytes, new threshold 15 (max threshold 15)
[2023-04-06T07:29:12.692+0000][67][gc,phases   ] GC(133)   Pre Evacuate Collection Set: 0.6ms
[2023-04-06T07:29:12.693+0000][67][gc,phases   ] GC(133)   Merge Heap Roots: 0.1ms
[2023-04-06T07:29:12.694+0000][67][gc,phases   ] GC(133)   Evacuate Collection Set: 1.6ms
[2023-04-06T07:29:12.695+0000][67][gc,phases   ] GC(133)   Post Evacuate Collection Set: 1.2ms
[2023-04-06T07:29:12.695+0000][67][gc,phases   ] GC(133)   Other: 1.2ms
[2023-04-06T07:29:12.696+0000][67][gc,age      ] GC(133) Age table with threshold 15 (max threshold 15)
[2023-04-06T07:29:12.697+0000][67][gc,age      ] GC(133) - age   1:    1279080 bytes,    1279080 total
[2023-04-06T07:29:12.698+0000][67][gc,age      ] GC(133) - age   2:      12072 bytes,    1291152 total
[2023-04-06T07:29:12.699+0000][67][gc,age      ] GC(133) - age   3:     441472 bytes,    1732624 total
[2023-04-06T07:29:12.700+0000][67][gc,age      ] GC(133) - age   4:      23376 bytes,    1756000 total
[2023-04-06T07:29:12.700+0000][67][gc,age      ] GC(133) - age   5:       1192 bytes,    1757192 total
[2023-04-06T07:29:12.701+0000][67][gc,age      ] GC(133) - age   6:        296 bytes,    1757488 total
[2023-04-06T07:29:12.701+0000][67][gc,age      ] GC(133) - age   7:        696 bytes,    1758184 total
[2023-04-06T07:29:12.702+0000][67][gc,age      ] GC(133) - age   8:       2456 bytes,    1760640 total
[2023-04-06T07:29:12.703+0000][67][gc,age      ] GC(133) - age  10:        544 bytes,    1761184 total
[2023-04-06T07:29:12.704+0000][67][gc,age      ] GC(133) - age  11:        232 bytes,    1761416 total
[2023-04-06T07:29:12.705+0000][67][gc,age      ] GC(133) - age  12:        352 bytes,    1761768 total
[2023-04-06T07:29:12.705+0000][67][gc,age      ] GC(133) - age  13:      36320 bytes,    1798088 total
[2023-04-06T07:29:12.706+0000][67][gc,age      ] GC(133) - age  14:       3464 bytes,    1801552 total
[2023-04-06T07:29:12.707+0000][67][gc,age      ] GC(133) - age  15:        720 bytes,    1802272 total
[2023-04-06T07:29:12.707+0000][67][gc,heap     ] GC(133) Eden regions: 23->0(23)
[2023-04-06T07:29:12.708+0000][67][gc,heap     ] GC(133) Survivor regions: 1->1(3)
[2023-04-06T07:29:12.708+0000][67][gc,heap     ] GC(133) Old regions: 25->25
[2023-04-06T07:29:12.709+0000][67][gc,heap     ] GC(133) Archive regions: 2->2
[2023-04-06T07:29:12.710+0000][67][gc,heap     ] GC(133) Humongous regions: 2->2
[2023-04-06T07:29:12.710+0000][67][gc,metaspace] GC(133) Metaspace: 139714K(142784K)->139714K(142784K) NonClass: 121819K(123008K)->121819K(123008K) Class: 17895K(19776K)->17895K(19776K)
[2023-04-06T07:29:12.711+0000][67][gc          ] GC(133) Pause Young (Concurrent Start) (G1 Evacuation Pause) 202M->110M(256M) 24.357ms
[2023-04-06T07:29:12.712+0000][67][gc          ] GC(134) Concurrent Mark Cycle
[2023-04-06T07:29:12.712+0000][67][gc,marking  ] GC(134) Concurrent Clear Claimed Marks
[2023-04-06T07:29:12.712+0000][67][gc,cpu      ] GC(133) User=0.01s Sys=0.00s Real=0.02s
[2023-04-06T07:29:12.714+0000][67][gc,marking  ] GC(134) Concurrent Clear Claimed Marks 1.690ms
[2023-04-06T07:29:12.715+0000][67][gc,marking  ] GC(134) Concurrent Scan Root Regions
[2023-04-06T07:29:12.714+0000][67][safepoint   ] Safepoint "G1CollectForAllocation", Time since last: 6030223775 ns, Reaching safepoint: 100379 ns, At safepoint: 27673646 ns, Total: 27774025 ns
[2023-04-06T07:29:12.718+0000][67][gc,marking  ] GC(134) Concurrent Scan Root Regions 2.849ms
[2023-04-06T07:29:12.719+0000][67][gc,marking  ] GC(134) Concurrent Mark
[2023-04-06T07:29:12.720+0000][67][gc,marking  ] GC(134) Concurrent Mark From Roots
[2023-04-06T07:29:12.720+0000][67][gc,task     ] GC(134) Using 1 workers of 1 for marking
[2023-04-06T07:29:12.845+0000][67][gc,marking  ] GC(134) Concurrent Mark From Roots 125.131ms
[2023-04-06T07:29:12.845+0000][67][gc,marking  ] GC(134) Concurrent Preclean
[2023-04-06T07:29:12.846+0000][67][gc,marking  ] GC(134) Concurrent Preclean 1.143ms
[2023-04-06T07:29:12.847+0000][67][gc,start    ] GC(134) Pause Remark
[2023-04-06T07:29:12.856+0000][67][gc          ] GC(134) Pause Remark 111M->111M(256M) 8.924ms
[2023-04-06T07:29:12.857+0000][67][gc,cpu      ] GC(134) User=0.03s Sys=0.01s Real=0.01s
[2023-04-06T07:29:12.858+0000][67][safepoint   ] Safepoint "G1PauseRemark", Time since last: 132928042 ns, Reaching safepoint: 145749 ns, At safepoint: 10222691 ns, Total: 10368440 ns
[2023-04-06T07:29:12.858+0000][67][gc,marking  ] GC(134) Concurrent Mark 139.269ms
[2023-04-06T07:29:12.859+0000][67][gc,marking  ] GC(134) Concurrent Rebuild Remembered Sets
[2023-04-06T07:29:12.918+0000][67][gc,marking  ] GC(134) Concurrent Rebuild Remembered Sets 58.860ms
[2023-04-06T07:29:12.919+0000][67][gc,start    ] GC(134) Pause Cleanup
[2023-04-06T07:29:12.919+0000][67][gc          ] GC(134) Pause Cleanup 116M->116M(256M) 0.594ms
[2023-04-06T07:29:12.920+0000][67][gc,cpu      ] GC(134) User=0.00s Sys=0.00s Real=0.00s
[2023-04-06T07:29:12.920+0000][67][safepoint   ] Safepoint "G1PauseCleanup", Time since last: 60877986 ns, Reaching safepoint: 117029 ns, At safepoint: 1590853 ns, Total: 1707882 ns
[2023-04-06T07:29:12.921+0000][67][gc,marking  ] GC(134) Concurrent Cleanup for Next Mark
[2023-04-06T07:29:12.921+0000][67][gc,marking  ] GC(134) Concurrent Cleanup for Next Mark 0.802ms
[2023-04-06T07:29:12.922+0000][67][gc          ] GC(134) Concurrent Mark Cycle 210.273ms
[2023-04-06T07:29:18.906+0000][67][safepoint   ] Safepoint "Cleanup", Time since last: 6006721034 ns, Reaching safepoint: 1314688 ns, At safepoint: 74309 ns, Total: 1388997 ns
[2023-04-06T07:29:19.911+0000][67][safepoint   ] Safepoint "Cleanup", Time since last: 1004351307 ns, Reaching safepoint: 111401 ns, At safepoint: 6729 ns, Total: 118130 ns
[2023-04-06T07:29:20.914+0000][67][safepoint   ] Safepoint "Cleanup", Time since last: 1002019064 ns, Reaching safepoint: 654229 ns, At safepoint: 28475 ns, Total: 682704 ns
[2023-04-06T07:29:21.919+0000][67][safepoint   ] Safepoint "Cleanup", Time since last: 1004830273 ns, Reaching safepoint: 546309 ns, At safepoint: 13652 ns, Total: 559961 ns
[2023-04-06T07:29:29.929+0000][67][safepoint   ] Safepoint "Cleanup", Time since last: 8009787431 ns, Reaching safepoint: 430733 ns, At safepoint: 10530 ns, Total: 441263 ns
[2023-04-06T07:29:30.933+0000][67][safepoint   ] Safepoint "Cleanup", Time since last: 1003038898 ns, Reaching safepoint: 592320 ns, At safepoint: 82001 ns, Total: 674321 ns
[2023-04-06T07:29:33.939+0000][67][safepoint   ] Safepoint "Cleanup", Time since last: 3005990334 ns, Reaching safepoint: 227687 ns, At safepoint: 5535 ns, Total: 233222 ns
[2023-04-06T07:29:42.950+0000][67][safepoint   ] Safepoint "Cleanup", Time since last: 9010756659 ns, Reaching safepoint: 227434 ns, At safepoint: 7731 ns, Total: 235165 ns
[2023-04-06T07:29:42.980+0000][67][gc,start    ] GC(135) Pause Young (Normal) (G1 Evacuation Pause)
[2023-04-06T07:29:42.980+0000][67][gc,task     ] GC(135) Using 4 workers of 4 for evacuation
[2023-04-06T07:29:42.981+0000][67][gc,age      ] GC(135) Desired survivor size 6291456 bytes, new threshold 15 (max threshold 15)
[2023-04-06T07:29:42.986+0000][67][gc,phases   ] GC(135)   Pre Evacuate Collection Set: 0.1ms
[2023-04-06T07:29:42.986+0000][67][gc,phases   ] GC(135)   Merge Heap Roots: 0.0ms
[2023-04-06T07:29:42.987+0000][67][gc,phases   ] GC(135)   Evacuate Collection Set: 2.7ms
[2023-04-06T07:29:42.987+0000][67][gc,phases   ] GC(135)   Post Evacuate Collection Set: 0.9ms
[2023-04-06T07:29:42.988+0000][67][gc,phases   ] GC(135)   Other: 1.3ms
[2023-04-06T07:29:42.988+0000][67][gc,age      ] GC(135) Age table with threshold 15 (max threshold 15)
[2023-04-06T07:29:42.988+0000][67][gc,age      ] GC(135) - age   1:    1163352 bytes,    1163352 total
[2023-04-06T07:29:42.989+0000][67][gc,age      ] GC(135) - age   2:       2512 bytes,    1165864 total
[2023-04-06T07:29:42.989+0000][67][gc,age      ] GC(135) - age   3:      10768 bytes,    1176632 total
[2023-04-06T07:29:42.990+0000][67][gc,age      ] GC(135) - age   4:     441408 bytes,    1618040 total
[2023-04-06T07:29:42.990+0000][67][gc,age      ] GC(135) - age   5:      23136 bytes,    1641176 total
[2023-04-06T07:29:42.990+0000][67][gc,age      ] GC(135) - age   6:       1128 bytes,    1642304 total
[2023-04-06T07:29:42.991+0000][67][gc,age      ] GC(135) - age   7:        296 bytes,    1642600 total
[2023-04-06T07:29:42.991+0000][67][gc,age      ] GC(135) - age   8:        696 bytes,    1643296 total
[2023-04-06T07:29:42.992+0000][67][gc,age      ] GC(135) - age   9:       2456 bytes,    1645752 total
[2023-04-06T07:29:42.992+0000][67][gc,age      ] GC(135) - age  11:        544 bytes,    1646296 total
[2023-04-06T07:29:42.993+0000][67][gc,age      ] GC(135) - age  12:        232 bytes,    1646528 total
[2023-04-06T07:29:42.994+0000][67][gc,age      ] GC(135) - age  13:        352 bytes,    1646880 total
[2023-04-06T07:29:42.994+0000][67][gc,age      ] GC(135) - age  14:      36128 bytes,    1683008 total
[2023-04-06T07:29:42.994+0000][67][gc,age      ] GC(135) - age  15:       3464 bytes,    1686472 total
[2023-04-06T07:29:42.995+0000][67][gc,heap     ] GC(135) Eden regions: 23->0(23)
[2023-04-06T07:29:42.995+0000][67][gc,heap     ] GC(135) Survivor regions: 1->1(3)
[2023-04-06T07:29:42.996+0000][67][gc,heap     ] GC(135) Old regions: 25->25
[2023-04-06T07:29:42.996+0000][67][gc,heap     ] GC(135) Archive regions: 2->2
[2023-04-06T07:29:42.997+0000][67][gc,heap     ] GC(135) Humongous regions: 2->2
[2023-04-06T07:29:42.997+0000][67][gc,metaspace] GC(135) Metaspace: 139717K(142784K)->139717K(142784K) NonClass: 121821K(123008K)->121821K(123008K) Class: 17895K(19776K)->17895K(19776K)
[2023-04-06T07:29:42.998+0000][67][gc          ] GC(135) Pause Young (Normal) (G1 Evacuation Pause) 202M->110M(256M) 17.653ms
[2023-04-06T07:29:42.998+0000][67][gc,cpu      ] GC(135) User=0.02s Sys=0.00s Real=0.02s
[2023-04-06T07:29:42.999+0000][67][safepoint   ] Safepoint "G1CollectForAllocation", Time since last: 29680338 ns, Reaching safepoint: 61035 ns, At safepoint: 18815343 ns, Total: 18876378 ns
[2023-04-06T07:29:44.000+0000][67][safepoint   ] Safepoint "Cleanup", Time since last: 1000737194 ns, Reaching safepoint: 142606 ns, At safepoint: 170246 ns, Total: 312852 ns
[2023-04-06T07:29:48.984+0000][67][safepoint   ] Safepoint "Cleanup", Time since last: 5005617552 ns, Reaching safepoint: 167392 ns, At safepoint: 9998 ns, Total: 177390 ns
[2023-04-06T07:29:55.989+0000][67][safepoint   ] Safepoint "Cleanup", Time since last: 7004906668 ns, Reaching safepoint: 77860 ns, At safepoint: 3407 ns, Total: 81267 ns
[2023-04-06T07:30:00.993+0000][67][safepoint   ] Safepoint "Cleanup", Time since last: 5004086306 ns, Reaching safepoint: 190810 ns, At safepoint: 86606 ns, Total: 277416 ns
[2023-04-06T07:30:01.997+0000][67][safepoint   ] Safepoint "Cleanup", Time since last: 1003088076 ns, Reaching safepoint: 590857 ns, At safepoint: 123066 ns, Total: 713923 ns
[2023-04-06T07:30:07.003+0000][67][safepoint   ] Safepoint "Cleanup", Time since last: 5005740524 ns, Reaching safepoint: 82759 ns, At safepoint: 3078 ns, Total: 85837 ns
[2023-04-06T07:30:09.968+0000][67][gc,start    ] GC(136) Pause Young (Concurrent Start) (G1 Evacuation Pause)
[2023-04-06T07:30:09.968+0000][67][gc,task     ] GC(136) Using 4 workers of 4 for evacuation
[2023-04-06T07:30:09.969+0000][67][gc,age      ] GC(136) Desired survivor size 6291456 bytes, new threshold 15 (max threshold 15)
[2023-04-06T07:30:09.974+0000][67][gc,phases   ] GC(136)   Pre Evacuate Collection Set: 0.3ms
[2023-04-06T07:30:09.975+0000][67][gc,phases   ] GC(136)   Merge Heap Roots: 0.1ms
[2023-04-06T07:30:09.976+0000][67][gc,phases   ] GC(136)   Evacuate Collection Set: 3.4ms
[2023-04-06T07:30:09.977+0000][67][gc,phases   ] GC(136)   Post Evacuate Collection Set: 1.1ms
[2023-04-06T07:30:09.978+0000][67][gc,phases   ] GC(136)   Other: 1.0ms
[2023-04-06T07:30:09.978+0000][67][gc,age      ] GC(136) Age table with threshold 15 (max threshold 15)
[2023-04-06T07:30:09.979+0000][67][gc,age      ] GC(136) - age   1:    1976472 bytes,    1976472 total
[2023-04-06T07:30:09.980+0000][67][gc,age      ] GC(136) - age   2:       3840 bytes,    1980312 total
[2023-04-06T07:30:09.980+0000][67][gc,age      ] GC(136) - age   3:       1472 bytes,    1981784 total
[2023-04-06T07:30:09.981+0000][67][gc,age      ] GC(136) - age   4:      10200 bytes,    1991984 total
[2023-04-06T07:30:09.981+0000][67][gc,age      ] GC(136) - age   5:     441344 bytes,    2433328 total
[2023-04-06T07:30:09.982+0000][67][gc,age      ] GC(136) - age   6:       6536 bytes,    2439864 total
[2023-04-06T07:30:09.983+0000][67][gc,age      ] GC(136) - age   7:       1128 bytes,    2440992 total
[2023-04-06T07:30:09.983+0000][67][gc,age      ] GC(136) - age   8:        296 bytes,    2441288 total
[2023-04-06T07:30:09.984+0000][67][gc,age      ] GC(136) - age   9:        696 bytes,    2441984 total
[2023-04-06T07:30:09.984+0000][67][gc,age      ] GC(136) - age  10:       2456 bytes,    2444440 total
[2023-04-06T07:30:09.985+0000][67][gc,age      ] GC(136) - age  12:        168 bytes,    2444608 total
[2023-04-06T07:30:09.985+0000][67][gc,age      ] GC(136) - age  13:        232 bytes,    2444840 total
[2023-04-06T07:30:09.986+0000][67][gc,age      ] GC(136) - age  14:        352 bytes,    2445192 total
[2023-04-06T07:30:09.986+0000][67][gc,age      ] GC(136) - age  15:      36128 bytes,    2481320 total
[2023-04-06T07:30:09.986+0000][67][gc,heap     ] GC(136) Eden regions: 23->0(22)
[2023-04-06T07:30:09.987+0000][67][gc,heap     ] GC(136) Survivor regions: 1->1(3)
[2023-04-06T07:30:09.987+0000][67][gc,heap     ] GC(136) Old regions: 25->25
[2023-04-06T07:30:09.988+0000][67][gc,heap     ] GC(136) Archive regions: 2->2
[2023-04-06T07:30:09.988+0000][67][gc,heap     ] GC(136) Humongous regions: 2->2
[2023-04-06T07:30:09.989+0000][67][gc,metaspace] GC(136) Metaspace: 139717K(142784K)->139717K(142784K) NonClass: 121821K(123008K)->121821K(123008K) Class: 17895K(19776K)->17895K(19776K)
[2023-04-06T07:30:09.989+0000][67][gc          ] GC(136) Pause Young (Concurrent Start) (G1 Evacuation Pause) 202M->111M(256M) 21.507ms
[2023-04-06T07:30:09.990+0000][67][gc,cpu      ] GC(136) User=0.00s Sys=0.01s Real=0.03s
[2023-04-06T07:30:09.990+0000][67][gc          ] GC(137) Concurrent Mark Cycle
[2023-04-06T07:30:09.991+0000][67][gc,marking  ] GC(137) Concurrent Clear Claimed Marks
[2023-04-06T07:30:09.990+0000][67][safepoint   ] Safepoint "G1CollectForAllocation", Time since last: 2964778848 ns, Reaching safepoint: 48278 ns, At safepoint: 22533953 ns, Total: 22582231 ns
[2023-04-06T07:30:09.991+0000][67][gc,marking  ] GC(137) Concurrent Clear Claimed Marks 0.623ms
[2023-04-06T07:30:09.992+0000][67][gc,marking  ] GC(137) Concurrent Scan Root Regions
[2023-04-06T07:30:09.995+0000][67][gc,marking  ] GC(137) Concurrent Scan Root Regions 2.480ms
[2023-04-06T07:30:09.995+0000][67][gc,marking  ] GC(137) Concurrent Mark
[2023-04-06T07:30:09.996+0000][67][gc,marking  ] GC(137) Concurrent Mark From Roots
[2023-04-06T07:30:09.996+0000][67][gc,task     ] GC(137) Using 1 workers of 1 for marking
[2023-04-06T07:30:10.142+0000][67][gc,marking  ] GC(137) Concurrent Mark From Roots 146.288ms
[2023-04-06T07:30:10.144+0000][67][gc,marking  ] GC(137) Concurrent Preclean
[2023-04-06T07:30:10.145+0000][67][gc,marking  ] GC(137) Concurrent Preclean 0.818ms
[2023-04-06T07:30:10.146+0000][67][gc,start    ] GC(137) Pause Remark
[2023-04-06T07:30:10.160+0000][67][gc          ] GC(137) Pause Remark 115M->115M(256M) 14.390ms
[2023-04-06T07:30:10.161+0000][67][gc,cpu      ] GC(137) User=0.02s Sys=0.00s Real=0.02s
[2023-04-06T07:30:10.161+0000][67][safepoint   ] Safepoint "G1PauseRemark", Time since last: 155196388 ns, Reaching safepoint: 72115 ns, At safepoint: 15758730 ns, Total: 15830845 ns
[2023-04-06T07:30:10.162+0000][67][gc,marking  ] GC(137) Concurrent Mark 166.521ms
[2023-04-06T07:30:10.163+0000][67][gc,marking  ] GC(137) Concurrent Rebuild Remembered Sets
[2023-04-06T07:30:10.214+0000][67][gc,marking  ] GC(137) Concurrent Rebuild Remembered Sets 51.699ms
[2023-04-06T07:30:10.216+0000][67][gc,start    ] GC(137) Pause Cleanup
[2023-04-06T07:30:10.217+0000][67][gc          ] GC(137) Pause Cleanup 115M->115M(256M) 0.804ms
[2023-04-06T07:30:10.217+0000][67][gc,cpu      ] GC(137) User=0.00s Sys=0.00s Real=0.00s
[2023-04-06T07:30:10.218+0000][67][safepoint   ] Safepoint "G1PauseCleanup", Time since last: 54575226 ns, Reaching safepoint: 52442 ns, At safepoint: 1925938 ns, Total: 1978380 ns
[2023-04-06T07:30:10.218+0000][67][gc,marking  ] GC(137) Concurrent Cleanup for Next Mark
[2023-04-06T07:30:10.219+0000][67][gc,marking  ] GC(137) Concurrent Cleanup for Next Mark 0.666ms
[2023-04-06T07:30:10.219+0000][67][gc          ] GC(137) Concurrent Mark Cycle 229.713ms
[2023-04-06T07:30:13.220+0000][67][safepoint   ] Safepoint "Cleanup", Time since last: 3001925932 ns, Reaching safepoint: 171534 ns, At safepoint: 4747 ns, Total: 176281 ns
[2023-04-06T07:30:25.209+0000][67][safepoint   ] Safepoint "Cleanup", Time since last: 12011746842 ns, Reaching safepoint: 365859 ns, At safepoint: 10538 ns, Total: 376397 ns
[2023-04-06T07:30:31.215+0000][67][safepoint   ] Safepoint "Cleanup", Time since last: 6005887398 ns, Reaching safepoint: 92477 ns, At safepoint: 3300 ns, Total: 95777 ns
[2023-04-06T07:30:32.216+0000][67][safepoint   ] Safepoint "Cleanup", Time since last: 1000946528 ns, Reaching safepoint: 276261 ns, At safepoint: 20136 ns, Total: 296397 ns
[2023-04-06T07:30:33.218+0000][67][safepoint   ] Safepoint "Cleanup", Time since last: 1001551848 ns, Reaching safepoint: 335984 ns, At safepoint: 8410 ns, Total: 344394 ns
[2023-04-06T07:30:37.573+0000][67][gc,start    ] GC(138) Pause Young (Normal) (G1 Evacuation Pause)
[2023-04-06T07:30:37.573+0000][67][gc,task     ] GC(138) Using 4 workers of 4 for evacuation
[2023-04-06T07:30:37.574+0000][67][gc,age      ] GC(138) Desired survivor size 6291456 bytes, new threshold 15 (max threshold 15)
[2023-04-06T07:30:37.577+0000][67][gc,phases   ] GC(138)   Pre Evacuate Collection Set: 0.1ms
[2023-04-06T07:30:37.578+0000][67][gc,phases   ] GC(138)   Merge Heap Roots: 0.1ms
[2023-04-06T07:30:37.578+0000][67][gc,phases   ] GC(138)   Evacuate Collection Set: 1.9ms
[2023-04-06T07:30:37.579+0000][67][gc,phases   ] GC(138)   Post Evacuate Collection Set: 0.6ms
[2023-04-06T07:30:37.579+0000][67][gc,phases   ] GC(138)   Other: 0.8ms
[2023-04-06T07:30:37.582+0000][67][gc,age      ] GC(138) Age table with threshold 15 (max threshold 15)
[2023-04-06T07:30:37.582+0000][67][gc,age      ] GC(138) - age   1:     737160 bytes,     737160 total
[2023-04-06T07:30:37.583+0000][67][gc,age      ] GC(138) - age   2:     172408 bytes,     909568 total
[2023-04-06T07:30:37.583+0000][67][gc,age      ] GC(138) - age   3:       2640 bytes,     912208 total
[2023-04-06T07:30:37.584+0000][67][gc,age      ] GC(138) - age   4:       1288 bytes,     913496 total
[2023-04-06T07:30:37.585+0000][67][gc,age      ] GC(138) - age   5:      10200 bytes,     923696 total
[2023-04-06T07:30:37.585+0000][67][gc,age      ] GC(138) - age   6:     297592 bytes,    1221288 total
[2023-04-06T07:30:37.585+0000][67][gc,age      ] GC(138) - age   7:       6536 bytes,    1227824 total
[2023-04-06T07:30:37.586+0000][67][gc,age      ] GC(138) - age   8:       1040 bytes,    1228864 total
[2023-04-06T07:30:37.587+0000][67][gc,age      ] GC(138) - age  10:        696 bytes,    1229560 total
[2023-04-06T07:30:37.587+0000][67][gc,age      ] GC(138) - age  11:       2456 bytes,    1232016 total
[2023-04-06T07:30:37.588+0000][67][gc,age      ] GC(138) - age  13:        168 bytes,    1232184 total
[2023-04-06T07:30:37.588+0000][67][gc,age      ] GC(138) - age  14:        232 bytes,    1232416 total
[2023-04-06T07:30:37.589+0000][67][gc,age      ] GC(138) - age  15:        352 bytes,    1232768 total
[2023-04-06T07:30:37.589+0000][67][gc,heap     ] GC(138) Eden regions: 22->0(23)
[2023-04-06T07:30:37.590+0000][67][gc,heap     ] GC(138) Survivor regions: 1->1(3)
[2023-04-06T07:30:37.590+0000][67][gc,heap     ] GC(138) Old regions: 25->25
[2023-04-06T07:30:37.590+0000][67][gc,heap     ] GC(138) Archive regions: 2->2
[2023-04-06T07:30:37.591+0000][67][gc,heap     ] GC(138) Humongous regions: 2->2
[2023-04-06T07:30:37.591+0000][67][gc,metaspace] GC(138) Metaspace: 139728K(142848K)->139728K(142848K) NonClass: 121832K(123072K)->121832K(123072K) Class: 17895K(19776K)->17895K(19776K)
[2023-04-06T07:30:37.592+0000][67][gc          ] GC(138) Pause Young (Normal) (G1 Evacuation Pause) 199M->110M(256M) 19.338ms
[2023-04-06T07:30:37.592+0000][67][gc,cpu      ] GC(138) User=0.01s Sys=0.00s Real=0.02s
[2023-04-06T07:30:37.593+0000][67][safepoint   ] Safepoint "G1CollectForAllocation", Time since last: 4354130243 ns, Reaching safepoint: 85270 ns, At safepoint: 20291482 ns, Total: 20376752 ns
[2023-04-06T07:30:44.600+0000][67][safepoint   ] Safepoint "Cleanup", Time since last: 7006731880 ns, Reaching safepoint: 577011 ns, At safepoint: 58988 ns, Total: 635999 ns
[2023-04-06T07:30:49.585+0000][67][safepoint   ] Safepoint "Cleanup", Time since last: 5007058101 ns, Reaching safepoint: 315828 ns, At safepoint: 8044 ns, Total: 323872 ns
[2023-04-06T07:31:12.823+0000][67][gc,start    ] GC(139) Pause Young (Concurrent Start) (G1 Evacuation Pause)
[2023-04-06T07:31:12.823+0000][67][gc,task     ] GC(139) Using 4 workers of 4 for evacuation
[2023-04-06T07:31:12.824+0000][67][gc,age      ] GC(139) Desired survivor size 6291456 bytes, new threshold 15 (max threshold 15)
[2023-04-06T07:31:12.828+0000][67][gc,phases   ] GC(139)   Pre Evacuate Collection Set: 0.4ms
[2023-04-06T07:31:12.829+0000][67][gc,phases   ] GC(139)   Merge Heap Roots: 0.1ms
[2023-04-06T07:31:12.829+0000][67][gc,phases   ] GC(139)   Evacuate Collection Set: 2.2ms
[2023-04-06T07:31:12.830+0000][67][gc,phases   ] GC(139)   Post Evacuate Collection Set: 0.8ms
[2023-04-06T07:31:12.830+0000][67][gc,phases   ] GC(139)   Other: 1.1ms
[2023-04-06T07:31:12.831+0000][67][gc,age      ] GC(139) Age table with threshold 15 (max threshold 15)
[2023-04-06T07:31:12.831+0000][67][gc,age      ] GC(139) - age   1:     980016 bytes,     980016 total
[2023-04-06T07:31:12.832+0000][67][gc,age      ] GC(139) - age   2:      12896 bytes,     992912 total
[2023-04-06T07:31:12.832+0000][67][gc,age      ] GC(139) - age   3:     171344 bytes,    1164256 total
[2023-04-06T07:31:12.833+0000][67][gc,age      ] GC(139) - age   4:       2072 bytes,    1166328 total
[2023-04-06T07:31:12.833+0000][67][gc,age      ] GC(139) - age   5:        928 bytes,    1167256 total
[2023-04-06T07:31:12.834+0000][67][gc,age      ] GC(139) - age   6:      10200 bytes,    1177456 total
[2023-04-06T07:31:12.834+0000][67][gc,age      ] GC(139) - age   7:     297528 bytes,    1474984 total
[2023-04-06T07:31:12.835+0000][67][gc,age      ] GC(139) - age   8:       6536 bytes,    1481520 total
[2023-04-06T07:31:12.835+0000][67][gc,age      ] GC(139) - age   9:       1040 bytes,    1482560 total
[2023-04-06T07:31:12.835+0000][67][gc,age      ] GC(139) - age  11:        696 bytes,    1483256 total
[2023-04-06T07:31:12.836+0000][67][gc,age      ] GC(139) - age  12:       2456 bytes,    1485712 total
[2023-04-06T07:31:12.836+0000][67][gc,age      ] GC(139) - age  14:        168 bytes,    1485880 total
[2023-04-06T07:31:12.837+0000][67][gc,age      ] GC(139) - age  15:        232 bytes,    1486112 total
[2023-04-06T07:31:12.838+0000][67][gc,heap     ] GC(139) Eden regions: 23->0(23)
[2023-04-06T07:31:12.838+0000][67][gc,heap     ] GC(139) Survivor regions: 1->1(3)
[2023-04-06T07:31:12.839+0000][67][gc,heap     ] GC(139) Old regions: 25->25
[2023-04-06T07:31:12.839+0000][67][gc,heap     ] GC(139) Archive regions: 2->2
[2023-04-06T07:31:12.840+0000][67][gc,heap     ] GC(139) Humongous regions: 2->2
[2023-04-06T07:31:12.840+0000][67][gc,metaspace] GC(139) Metaspace: 139741K(142848K)->139741K(142848K) NonClass: 121845K(123072K)->121845K(123072K) Class: 17895K(19776K)->17895K(19776K)
[2023-04-06T07:31:12.841+0000][67][gc          ] GC(139) Pause Young (Concurrent Start) (G1 Evacuation Pause) 202M->110M(256M) 18.100ms
[2023-04-06T07:31:12.841+0000][67][gc,cpu      ] GC(139) User=0.01s Sys=0.01s Real=0.02s
[2023-04-06T07:31:12.842+0000][67][safepoint   ] Safepoint "G1CollectForAllocation", Time since last: 23237619059 ns, Reaching safepoint: 69042 ns, At safepoint: 19112692 ns, Total: 19181734 ns
[2023-04-06T07:31:12.841+0000][67][gc          ] GC(140) Concurrent Mark Cycle
[2023-04-06T07:31:12.843+0000][67][gc,marking  ] GC(140) Concurrent Clear Claimed Marks
[2023-04-06T07:31:12.844+0000][67][gc,marking  ] GC(140) Concurrent Clear Claimed Marks 1.054ms
[2023-04-06T07:31:12.844+0000][67][gc,marking  ] GC(140) Concurrent Scan Root Regions
[2023-04-06T07:31:12.847+0000][67][gc,marking  ] GC(140) Concurrent Scan Root Regions 2.401ms
[2023-04-06T07:31:12.848+0000][67][gc,marking  ] GC(140) Concurrent Mark
[2023-04-06T07:31:12.848+0000][67][gc,marking  ] GC(140) Concurrent Mark From Roots
[2023-04-06T07:31:12.849+0000][67][gc,task     ] GC(140) Using 1 workers of 1 for marking
[2023-04-06T07:31:12.964+0000][67][gc,marking  ] GC(140) Concurrent Mark From Roots 116.152ms
[2023-04-06T07:31:12.965+0000][67][gc,marking  ] GC(140) Concurrent Preclean
[2023-04-06T07:31:12.967+0000][67][gc,marking  ] GC(140) Concurrent Preclean 1.260ms
[2023-04-06T07:31:12.968+0000][67][gc,start    ] GC(140) Pause Remark
[2023-04-06T07:31:12.978+0000][67][gc          ] GC(140) Pause Remark 115M->115M(256M) 9.465ms
[2023-04-06T07:31:12.979+0000][67][gc,cpu      ] GC(140) User=0.02s Sys=0.00s Real=0.01s
[2023-04-06T07:31:12.980+0000][67][safepoint   ] Safepoint "G1PauseRemark", Time since last: 125793400 ns, Reaching safepoint: 259338 ns, At safepoint: 11561962 ns, Total: 11821300 ns
[2023-04-06T07:31:12.981+0000][67][gc,marking  ] GC(140) Concurrent Mark 133.267ms
[2023-04-06T07:31:12.982+0000][67][gc,marking  ] GC(140) Concurrent Rebuild Remembered Sets
[2023-04-06T07:31:13.035+0000][67][gc,marking  ] GC(140) Concurrent Rebuild Remembered Sets 53.362ms
[2023-04-06T07:31:13.036+0000][67][gc,start    ] GC(140) Pause Cleanup
[2023-04-06T07:31:13.037+0000][67][gc          ] GC(140) Pause Cleanup 115M->115M(256M) 0.760ms
[2023-04-06T07:31:13.038+0000][67][gc,cpu      ] GC(140) User=0.00s Sys=0.00s Real=0.00s
[2023-04-06T07:31:13.038+0000][67][safepoint   ] Safepoint "G1PauseCleanup", Time since last: 56703361 ns, Reaching safepoint: 129386 ns, At safepoint: 1788675 ns, Total: 1918061 ns
[2023-04-06T07:31:13.039+0000][67][gc,marking  ] GC(140) Concurrent Cleanup for Next Mark
[2023-04-06T07:31:13.040+0000][67][gc,marking  ] GC(140) Concurrent Cleanup for Next Mark 0.970ms
[2023-04-06T07:31:13.040+0000][67][gc          ] GC(140) Concurrent Mark Cycle 198.691ms
[2023-04-06T07:31:31.187+0000][67][safepoint   ] Safepoint "Cleanup", Time since last: 18170254799 ns, Reaching safepoint: 189916 ns, At safepoint: 5103 ns, Total: 195019 ns
[2023-04-06T07:31:33.191+0000][67][safepoint   ] Safepoint "Cleanup", Time since last: 2003732045 ns, Reaching safepoint: 222484 ns, At safepoint: 6098 ns, Total: 228582 ns
[2023-04-06T07:31:34.195+0000][67][safepoint   ] Safepoint "Cleanup", Time since last: 1002861847 ns, Reaching safepoint: 516197 ns, At safepoint: 115993 ns, Total: 632190 ns
[2023-04-06T07:31:41.202+0000][67][safepoint   ] Safepoint "Cleanup", Time since last: 7006396821 ns, Reaching safepoint: 322419 ns, At safepoint: 146227 ns, Total: 468646 ns
[2023-04-06T07:31:42.815+0000][67][gc,start    ] GC(141) Pause Young (Normal) (G1 Evacuation Pause)
[2023-04-06T07:31:42.816+0000][67][gc,task     ] GC(141) Using 4 workers of 4 for evacuation
[2023-04-06T07:31:42.816+0000][67][gc,age      ] GC(141) Desired survivor size 6291456 bytes, new threshold 15 (max threshold 15)
[2023-04-06T07:31:42.820+0000][67][gc,phases   ] GC(141)   Pre Evacuate Collection Set: 0.1ms
[2023-04-06T07:31:42.821+0000][67][gc,phases   ] GC(141)   Merge Heap Roots: 0.0ms
[2023-04-06T07:31:42.821+0000][67][gc,phases   ] GC(141)   Evacuate Collection Set: 2.1ms
[2023-04-06T07:31:42.821+0000][67][gc,phases   ] GC(141)   Post Evacuate Collection Set: 0.8ms
[2023-04-06T07:31:42.822+0000][67][gc,phases   ] GC(141)   Other: 1.2ms
[2023-04-06T07:31:42.822+0000][67][gc,age      ] GC(141) Age table with threshold 15 (max threshold 15)
[2023-04-06T07:31:42.823+0000][67][gc,age      ] GC(141) - age   1:    1051640 bytes,    1051640 total
[2023-04-06T07:31:42.823+0000][67][gc,age      ] GC(141) - age   2:     153992 bytes,    1205632 total
[2023-04-06T07:31:42.824+0000][67][gc,age      ] GC(141) - age   3:      11104 bytes,    1216736 total
[2023-04-06T07:31:42.824+0000][67][gc,age      ] GC(141) - age   4:       9184 bytes,    1225920 total
[2023-04-06T07:31:42.825+0000][67][gc,age      ] GC(141) - age   5:       1712 bytes,    1227632 total
[2023-04-06T07:31:42.825+0000][67][gc,age      ] GC(141) - age   6:        896 bytes,    1228528 total
[2023-04-06T07:31:42.826+0000][67][gc,age      ] GC(141) - age   7:      10176 bytes,    1238704 total
[2023-04-06T07:31:42.826+0000][67][gc,age      ] GC(141) - age   8:     297528 bytes,    1536232 total
[2023-04-06T07:31:42.826+0000][67][gc,age      ] GC(141) - age   9:       6536 bytes,    1542768 total
[2023-04-06T07:31:42.827+0000][67][gc,age      ] GC(141) - age  10:       1040 bytes,    1543808 total
[2023-04-06T07:31:42.827+0000][67][gc,age      ] GC(141) - age  12:        696 bytes,    1544504 total
[2023-04-06T07:31:42.828+0000][67][gc,age      ] GC(141) - age  13:       2456 bytes,    1546960 total
[2023-04-06T07:31:42.828+0000][67][gc,age      ] GC(141) - age  15:        168 bytes,    1547128 total
[2023-04-06T07:31:42.829+0000][67][gc,heap     ] GC(141) Eden regions: 23->0(23)
[2023-04-06T07:31:42.829+0000][67][gc,heap     ] GC(141) Survivor regions: 1->1(3)
[2023-04-06T07:31:42.830+0000][67][gc,heap     ] GC(141) Old regions: 25->25
[2023-04-06T07:31:42.830+0000][67][gc,heap     ] GC(141) Archive regions: 2->2
[2023-04-06T07:31:42.831+0000][67][gc,heap     ] GC(141) Humongous regions: 2->2
[2023-04-06T07:31:42.831+0000][67][gc,metaspace] GC(141) Metaspace: 139741K(142848K)->139741K(142848K) NonClass: 121846K(123072K)->121846K(123072K) Class: 17895K(19776K)->17895K(19776K)
[2023-04-06T07:31:42.832+0000][67][gc          ] GC(141) Pause Young (Normal) (G1 Evacuation Pause) 202M->110M(256M) 16.636ms
[2023-04-06T07:31:42.832+0000][67][gc,cpu      ] GC(141) User=0.01s Sys=0.00s Real=0.02s
[2023-04-06T07:31:42.833+0000][67][safepoint   ] Safepoint "G1CollectForAllocation", Time since last: 1613612750 ns, Reaching safepoint: 87611 ns, At safepoint: 17529313 ns, Total: 17616924 ns
[2023-04-06T07:31:45.836+0000][67][safepoint   ] Safepoint "Cleanup", Time since last: 3002934439 ns, Reaching safepoint: 293853 ns, At safepoint: 35501 ns, Total: 329354 ns
[2023-04-06T07:31:49.818+0000][67][safepoint   ] Safepoint "Cleanup", Time since last: 4003941537 ns, Reaching safepoint: 647861 ns, At safepoint: 52715 ns, Total: 700576 ns
[2023-04-06T07:32:00.828+0000][67][safepoint   ] Safepoint "Cleanup", Time since last: 11010005495 ns, Reaching safepoint: 322919 ns, At safepoint: 9080 ns, Total: 331999 ns
[2023-04-06T07:32:01.833+0000][67][safepoint   ] Safepoint "Cleanup", Time since last: 1003689542 ns, Reaching safepoint: 658587 ns, At safepoint: 16080 ns, Total: 674667 ns
[2023-04-06T07:32:06.840+0000][67][safepoint   ] Safepoint "Cleanup", Time since last: 5007508493 ns, Reaching safepoint: 133502 ns, At safepoint: 5372 ns, Total: 138874 ns
[2023-04-06T07:32:13.790+0000][67][gc,start    ] GC(142) Pause Young (Concurrent Start) (G1 Evacuation Pause)
[2023-04-06T07:32:13.790+0000][67][gc,task     ] GC(142) Using 4 workers of 4 for evacuation
[2023-04-06T07:32:13.790+0000][67][gc,age      ] GC(142) Desired survivor size 6291456 bytes, new threshold 15 (max threshold 15)
[2023-04-06T07:32:13.795+0000][67][gc,phases   ] GC(142)   Pre Evacuate Collection Set: 0.3ms
[2023-04-06T07:32:13.795+0000][67][gc,phases   ] GC(142)   Merge Heap Roots: 0.1ms
[2023-04-06T07:32:13.796+0000][67][gc,phases   ] GC(142)   Evacuate Collection Set: 2.9ms
[2023-04-06T07:32:13.797+0000][67][gc,phases   ] GC(142)   Post Evacuate Collection Set: 0.7ms
[2023-04-06T07:32:13.797+0000][67][gc,phases   ] GC(142)   Other: 0.9ms
[2023-04-06T07:32:13.797+0000][67][gc,age      ] GC(142) Age table with threshold 15 (max threshold 15)
[2023-04-06T07:32:13.798+0000][67][gc,age      ] GC(142) - age   1:    1321784 bytes,    1321784 total
[2023-04-06T07:32:13.798+0000][67][gc,age      ] GC(142) - age   2:     133064 bytes,    1454848 total
[2023-04-06T07:32:13.799+0000][67][gc,age      ] GC(142) - age   3:       1840 bytes,    1456688 total
[2023-04-06T07:32:13.799+0000][67][gc,age      ] GC(142) - age   4:      10976 bytes,    1467664 total
[2023-04-06T07:32:13.800+0000][67][gc,age      ] GC(142) - age   5:       9056 bytes,    1476720 total
[2023-04-06T07:32:13.800+0000][67][gc,age      ] GC(142) - age   6:       1648 bytes,    1478368 total
[2023-04-06T07:32:13.801+0000][67][gc,age      ] GC(142) - age   7:        896 bytes,    1479264 total
[2023-04-06T07:32:13.801+0000][67][gc,age      ] GC(142) - age   8:      10176 bytes,    1489440 total
[2023-04-06T07:32:13.802+0000][67][gc,age      ] GC(142) - age   9:     297528 bytes,    1786968 total
[2023-04-06T07:32:13.802+0000][67][gc,age      ] GC(142) - age  10:       6536 bytes,    1793504 total
[2023-04-06T07:32:13.803+0000][67][gc,age      ] GC(142) - age  11:       1040 bytes,    1794544 total
[2023-04-06T07:32:13.803+0000][67][gc,age      ] GC(142) - age  13:        696 bytes,    1795240 total
[2023-04-06T07:32:13.803+0000][67][gc,age      ] GC(142) - age  14:       2456 bytes,    1797696 total
[2023-04-06T07:32:13.804+0000][67][gc,heap     ] GC(142) Eden regions: 23->0(23)
[2023-04-06T07:32:13.804+0000][67][gc,heap     ] GC(142) Survivor regions: 1->1(3)
[2023-04-06T07:32:13.805+0000][67][gc,heap     ] GC(142) Old regions: 25->25
[2023-04-06T07:32:13.805+0000][67][gc,heap     ] GC(142) Archive regions: 2->2
[2023-04-06T07:32:13.806+0000][67][gc,heap     ] GC(142) Humongous regions: 2->2
[2023-04-06T07:32:13.806+0000][67][gc,metaspace] GC(142) Metaspace: 139750K(142848K)->139750K(142848K) NonClass: 121854K(123072K)->121854K(123072K) Class: 17895K(19776K)->17895K(19776K)
[2023-04-06T07:32:13.806+0000][67][gc          ] GC(142) Pause Young (Concurrent Start) (G1 Evacuation Pause) 202M->110M(256M) 16.821ms
[2023-04-06T07:32:13.807+0000][67][gc,cpu      ] GC(142) User=0.00s Sys=0.00s Real=0.01s
[2023-04-06T07:32:13.807+0000][67][gc          ] GC(143) Concurrent Mark Cycle
[2023-04-06T07:32:13.808+0000][67][safepoint   ] Safepoint "G1CollectForAllocation", Time since last: 6949215316 ns, Reaching safepoint: 75279 ns, At safepoint: 18189830 ns, Total: 18265109 ns
[2023-04-06T07:32:13.808+0000][67][gc,marking  ] GC(143) Concurrent Clear Claimed Marks
[2023-04-06T07:32:13.810+0000][67][gc,marking  ] GC(143) Concurrent Clear Claimed Marks 1.539ms
[2023-04-06T07:32:13.811+0000][67][gc,marking  ] GC(143) Concurrent Scan Root Regions
[2023-04-06T07:32:13.813+0000][67][gc,marking  ] GC(143) Concurrent Scan Root Regions 2.451ms
[2023-04-06T07:32:13.813+0000][67][gc,marking  ] GC(143) Concurrent Mark
[2023-04-06T07:32:13.814+0000][67][gc,marking  ] GC(143) Concurrent Mark From Roots
[2023-04-06T07:32:13.815+0000][67][gc,task     ] GC(143) Using 1 workers of 1 for marking
[2023-04-06T07:32:13.939+0000][67][gc,marking  ] GC(143) Concurrent Mark From Roots 125.202ms
[2023-04-06T07:32:13.940+0000][67][gc,marking  ] GC(143) Concurrent Preclean
[2023-04-06T07:32:13.942+0000][67][gc,marking  ] GC(143) Concurrent Preclean 1.899ms
[2023-04-06T07:32:13.943+0000][67][gc,start    ] GC(143) Pause Remark
[2023-04-06T07:32:13.954+0000][67][gc          ] GC(143) Pause Remark 115M->115M(256M) 10.463ms
[2023-04-06T07:32:13.955+0000][67][gc,cpu      ] GC(143) User=0.03s Sys=0.00s Real=0.01s
[2023-04-06T07:32:13.956+0000][67][safepoint   ] Safepoint "G1PauseRemark", Time since last: 135434977 ns, Reaching safepoint: 191394 ns, At safepoint: 12232240 ns, Total: 12423634 ns
[2023-04-06T07:32:13.957+0000][67][gc,marking  ] GC(143) Concurrent Mark 143.169ms
[2023-04-06T07:32:13.957+0000][67][gc,marking  ] GC(143) Concurrent Rebuild Remembered Sets
[2023-04-06T07:32:14.031+0000][67][gc,marking  ] GC(143) Concurrent Rebuild Remembered Sets 73.672ms
[2023-04-06T07:32:14.033+0000][67][gc,start    ] GC(143) Pause Cleanup
[2023-04-06T07:32:14.034+0000][67][gc          ] GC(143) Pause Cleanup 118M->118M(256M) 0.887ms
[2023-04-06T07:32:14.034+0000][67][gc,cpu      ] GC(143) User=0.00s Sys=0.00s Real=0.00s
[2023-04-06T07:32:14.035+0000][67][safepoint   ] Safepoint "G1PauseCleanup", Time since last: 76721350 ns, Reaching safepoint: 484877 ns, At safepoint: 2205179 ns, Total: 2690056 ns
[2023-04-06T07:32:14.036+0000][67][gc,marking  ] GC(143) Concurrent Cleanup for Next Mark
[2023-04-06T07:32:14.037+0000][67][gc,marking  ] GC(143) Concurrent Cleanup for Next Mark 0.989ms
[2023-04-06T07:32:14.038+0000][67][gc          ] GC(143) Concurrent Mark Cycle 231.037ms
[2023-04-06T07:32:21.018+0000][67][safepoint   ] Safepoint "Cleanup", Time since last: 7003829220 ns, Reaching safepoint: 710140 ns, At safepoint: 39262 ns, Total: 749402 ns
[2023-04-06T07:32:25.027+0000][67][safepoint   ] Safepoint "Cleanup", Time since last: 4007952976 ns, Reaching safepoint: 992916 ns, At safepoint: 50423 ns, Total: 1043339 ns
[2023-04-06T07:32:31.036+0000][67][safepoint   ] Safepoint "Cleanup", Time since last: 6008485443 ns, Reaching safepoint: 626754 ns, At safepoint: 122764 ns, Total: 749518 ns
[2023-04-06T07:32:33.040+0000][67][safepoint   ] Safepoint "Cleanup", Time since last: 2003227798 ns, Reaching safepoint: 222194 ns, At safepoint: 6398 ns, Total: 228592 ns
[2023-04-06T07:32:37.047+0000][67][safepoint   ] Safepoint "Cleanup", Time since last: 4006736393 ns, Reaching safepoint: 315688 ns, At safepoint: 10495 ns, Total: 326183 ns
[2023-04-06T07:32:39.528+0000][67][gc,start    ] GC(144) Pause Young (Normal) (G1 Evacuation Pause)
[2023-04-06T07:32:39.529+0000][67][gc,task     ] GC(144) Using 4 workers of 4 for evacuation
[2023-04-06T07:32:39.530+0000][67][gc,age      ] GC(144) Desired survivor size 6291456 bytes, new threshold 15 (max threshold 15)
[2023-04-06T07:32:39.535+0000][67][gc,phases   ] GC(144)   Pre Evacuate Collection Set: 0.1ms
[2023-04-06T07:32:39.537+0000][67][gc,phases   ] GC(144)   Merge Heap Roots: 0.1ms
[2023-04-06T07:32:39.538+0000][67][gc,phases   ] GC(144)   Evacuate Collection Set: 2.8ms
[2023-04-06T07:32:39.538+0000][67][gc,phases   ] GC(144)   Post Evacuate Collection Set: 1.1ms
[2023-04-06T07:32:39.539+0000][67][gc,phases   ] GC(144)   Other: 2.0ms
[2023-04-06T07:32:39.540+0000][67][gc,age      ] GC(144) Age table with threshold 15 (max threshold 15)
[2023-04-06T07:32:39.541+0000][67][gc,age      ] GC(144) - age   1:     489280 bytes,     489280 total
[2023-04-06T07:32:39.542+0000][67][gc,age      ] GC(144) - age   2:       3088 bytes,     492368 total
[2023-04-06T07:32:39.542+0000][67][gc,age      ] GC(144) - age   3:     115040 bytes,     607408 total
[2023-04-06T07:32:39.543+0000][67][gc,age      ] GC(144) - age   4:       1584 bytes,     608992 total
[2023-04-06T07:32:39.544+0000][67][gc,age      ] GC(144) - age   5:      10976 bytes,     619968 total
[2023-04-06T07:32:39.544+0000][67][gc,age      ] GC(144) - age   6:       9056 bytes,     629024 total
[2023-04-06T07:32:39.545+0000][67][gc,age      ] GC(144) - age   7:       1352 bytes,     630376 total
[2023-04-06T07:32:39.545+0000][67][gc,age      ] GC(144) - age   8:        896 bytes,     631272 total
[2023-04-06T07:32:39.546+0000][67][gc,age      ] GC(144) - age   9:      10176 bytes,     641448 total
[2023-04-06T07:32:39.547+0000][67][gc,age      ] GC(144) - age  10:     297528 bytes,     938976 total
[2023-04-06T07:32:39.548+0000][67][gc,age      ] GC(144) - age  11:       6280 bytes,     945256 total
[2023-04-06T07:32:39.548+0000][67][gc,age      ] GC(144) - age  12:       1040 bytes,     946296 total
[2023-04-06T07:32:39.549+0000][67][gc,age      ] GC(144) - age  14:        696 bytes,     946992 total
[2023-04-06T07:32:39.550+0000][67][gc,age      ] GC(144) - age  15:       2456 bytes,     949448 total
[2023-04-06T07:32:39.551+0000][67][gc,heap     ] GC(144) Eden regions: 23->0(23)
[2023-04-06T07:32:39.552+0000][67][gc,heap     ] GC(144) Survivor regions: 1->1(3)
[2023-04-06T07:32:39.552+0000][67][gc,heap     ] GC(144) Old regions: 25->25
[2023-04-06T07:32:39.553+0000][67][gc,heap     ] GC(144) Archive regions: 2->2
[2023-04-06T07:32:39.553+0000][67][gc,heap     ] GC(144) Humongous regions: 2->2
[2023-04-06T07:32:39.554+0000][67][gc,metaspace] GC(144) Metaspace: 139755K(142848K)->139755K(142848K) NonClass: 121859K(123072K)->121859K(123072K) Class: 17895K(19776K)->17895K(19776K)
[2023-04-06T07:32:39.554+0000][67][gc          ] GC(144) Pause Young (Normal) (G1 Evacuation Pause) 202M->109M(256M) 26.293ms
[2023-04-06T07:32:39.555+0000][67][gc,cpu      ] GC(144) User=0.01s Sys=0.01s Real=0.02s
[2023-04-06T07:32:39.555+0000][67][safepoint   ] Safepoint "G1CollectForAllocation", Time since last: 2481025807 ns, Reaching safepoint: 129866 ns, At safepoint: 27267620 ns, Total: 27397486 ns
[2023-04-06T07:32:43.557+0000][67][safepoint   ] Safepoint "Cleanup", Time since last: 4002284278 ns, Reaching safepoint: 137161 ns, At safepoint: 4298 ns, Total: 141459 ns
[2023-04-06T07:32:45.561+0000][67][safepoint   ] Safepoint "Cleanup", Time since last: 2003027137 ns, Reaching safepoint: 160178 ns, At safepoint: 8179 ns, Total: 168357 ns
[2023-04-06T07:32:53.548+0000][67][safepoint   ] Safepoint "Cleanup", Time since last: 8008765684 ns, Reaching safepoint: 446003 ns, At safepoint: 16418 ns, Total: 462421 ns
[2023-04-06T07:32:58.554+0000][67][safepoint   ] Safepoint "Cleanup", Time since last: 5005748447 ns, Reaching safepoint: 803992 ns, At safepoint: 12450 ns, Total: 816442 ns
[2023-04-06T07:32:59.558+0000][67][safepoint   ] Safepoint "Cleanup", Time since last: 1003214881 ns, Reaching safepoint: 736743 ns, At safepoint: 15038 ns, Total: 751781 ns
[2023-04-06T07:33:03.564+0000][67][safepoint   ] Safepoint "Cleanup", Time since last: 4005600197 ns, Reaching safepoint: 205314 ns, At safepoint: 7441 ns, Total: 212755 ns
[2023-04-06T07:33:06.520+0000][67][gc,start    ] GC(145) Pause Young (Concurrent Start) (G1 Evacuation Pause)
[2023-04-06T07:33:06.521+0000][67][gc,task     ] GC(145) Using 4 workers of 4 for evacuation
[2023-04-06T07:33:06.521+0000][67][gc,age      ] GC(145) Desired survivor size 6291456 bytes, new threshold 15 (max threshold 15)
[2023-04-06T07:33:06.526+0000][67][gc,phases   ] GC(145)   Pre Evacuate Collection Set: 0.4ms
[2023-04-06T07:33:06.527+0000][67][gc,phases   ] GC(145)   Merge Heap Roots: 0.1ms
[2023-04-06T07:33:06.528+0000][67][gc,phases   ] GC(145)   Evacuate Collection Set: 3.3ms
[2023-04-06T07:33:06.529+0000][67][gc,phases   ] GC(145)   Post Evacuate Collection Set: 0.8ms
[2023-04-06T07:33:06.529+0000][67][gc,phases   ] GC(145)   Other: 1.1ms
[2023-04-06T07:33:06.530+0000][67][gc,age      ] GC(145) Age table with threshold 15 (max threshold 15)
[2023-04-06T07:33:06.530+0000][67][gc,age      ] GC(145) - age   1:    1429456 bytes,    1429456 total
[2023-04-06T07:33:06.531+0000][67][gc,age      ] GC(145) - age   2:      62328 bytes,    1491784 total
[2023-04-06T07:33:06.532+0000][67][gc,age      ] GC(145) - age   3:       1640 bytes,    1493424 total
[2023-04-06T07:33:06.532+0000][67][gc,age      ] GC(145) - age   4:     114632 bytes,    1608056 total
[2023-04-06T07:33:06.533+0000][67][gc,age      ] GC(145) - age   5:       1144 bytes,    1609200 total
[2023-04-06T07:33:06.533+0000][67][gc,age      ] GC(145) - age   6:       2544 bytes,    1611744 total
[2023-04-06T07:33:06.534+0000][67][gc,age      ] GC(145) - age   7:       9056 bytes,    1620800 total
[2023-04-06T07:33:06.534+0000][67][gc,age      ] GC(145) - age   8:       1352 bytes,    1622152 total
[2023-04-06T07:33:06.535+0000][67][gc,age      ] GC(145) - age   9:        320 bytes,    1622472 total
[2023-04-06T07:33:06.535+0000][67][gc,age      ] GC(145) - age  10:        328 bytes,    1622800 total
[2023-04-06T07:33:06.536+0000][67][gc,age      ] GC(145) - age  11:     196000 bytes,    1818800 total
[2023-04-06T07:33:06.536+0000][67][gc,age      ] GC(145) - age  12:       6280 bytes,    1825080 total
[2023-04-06T07:33:06.537+0000][67][gc,age      ] GC(145) - age  13:       1040 bytes,    1826120 total
[2023-04-06T07:33:06.537+0000][67][gc,age      ] GC(145) - age  15:        696 bytes,    1826816 total
[2023-04-06T07:33:06.538+0000][67][gc,heap     ] GC(145) Eden regions: 23->0(23)
[2023-04-06T07:33:06.538+0000][67][gc,heap     ] GC(145) Survivor regions: 1->1(3)
[2023-04-06T07:33:06.539+0000][67][gc,heap     ] GC(145) Old regions: 25->25
[2023-04-06T07:33:06.539+0000][67][gc,heap     ] GC(145) Archive regions: 2->2
[2023-04-06T07:33:06.540+0000][67][gc,heap     ] GC(145) Humongous regions: 2->2
[2023-04-06T07:33:06.540+0000][67][gc,metaspace] GC(145) Metaspace: 139760K(142848K)->139760K(142848K) NonClass: 121865K(123072K)->121865K(123072K) Class: 17895K(19776K)->17895K(19776K)
[2023-04-06T07:33:06.541+0000][67][gc          ] GC(145) Pause Young (Concurrent Start) (G1 Evacuation Pause) 201M->110M(256M) 20.623ms
[2023-04-06T07:33:06.541+0000][67][gc,cpu      ] GC(145) User=0.01s Sys=0.00s Real=0.02s
[2023-04-06T07:33:06.541+0000][67][gc          ] GC(146) Concurrent Mark Cycle
[2023-04-06T07:33:06.542+0000][67][gc,marking  ] GC(146) Concurrent Clear Claimed Marks
[2023-04-06T07:33:06.542+0000][67][safepoint   ] Safepoint "G1CollectForAllocation", Time since last: 2956004514 ns, Reaching safepoint: 76188 ns, At safepoint: 21721909 ns, Total: 21798097 ns
[2023-04-06T07:33:06.543+0000][67][gc,marking  ] GC(146) Concurrent Clear Claimed Marks 0.863ms
[2023-04-06T07:33:06.544+0000][67][gc,marking  ] GC(146) Concurrent Scan Root Regions
[2023-04-06T07:33:06.547+0000][67][gc,marking  ] GC(146) Concurrent Scan Root Regions 3.215ms
[2023-04-06T07:33:06.548+0000][67][gc,marking  ] GC(146) Concurrent Mark
[2023-04-06T07:33:06.548+0000][67][gc,marking  ] GC(146) Concurrent Mark From Roots
[2023-04-06T07:33:06.549+0000][67][gc,task     ] GC(146) Using 1 workers of 1 for marking
[2023-04-06T07:33:06.705+0000][67][gc,marking  ] GC(146) Concurrent Mark From Roots 156.489ms
[2023-04-06T07:33:06.705+0000][67][gc,marking  ] GC(146) Concurrent Preclean
[2023-04-06T07:33:06.706+0000][67][gc,marking  ] GC(146) Concurrent Preclean 0.881ms
[2023-04-06T07:33:06.707+0000][67][gc,start    ] GC(146) Pause Remark
[2023-04-06T07:33:06.719+0000][67][gc          ] GC(146) Pause Remark 112M->112M(256M) 11.248ms
[2023-04-06T07:33:06.719+0000][67][gc,cpu      ] GC(146) User=0.03s Sys=0.00s Real=0.01s
[2023-04-06T07:33:06.720+0000][67][safepoint   ] Safepoint "G1PauseRemark", Time since last: 165502872 ns, Reaching safepoint: 64916 ns, At safepoint: 12811338 ns, Total: 12876254 ns
[2023-04-06T07:33:06.721+0000][67][gc,marking  ] GC(146) Concurrent Mark 173.267ms
[2023-04-06T07:33:06.721+0000][67][gc,marking  ] GC(146) Concurrent Rebuild Remembered Sets
[2023-04-06T07:33:06.791+0000][67][gc,marking  ] GC(146) Concurrent Rebuild Remembered Sets 69.244ms
[2023-04-06T07:33:06.792+0000][67][gc,start    ] GC(146) Pause Cleanup
[2023-04-06T07:33:06.793+0000][67][gc          ] GC(146) Pause Cleanup 112M->112M(256M) 0.818ms
[2023-04-06T07:33:06.794+0000][67][gc,cpu      ] GC(146) User=0.00s Sys=0.00s Real=0.00s
[2023-04-06T07:33:06.794+0000][67][safepoint   ] Safepoint "G1PauseCleanup", Time since last: 71244484 ns, Reaching safepoint: 758516 ns, At safepoint: 2232776 ns, Total: 2991292 ns
[2023-04-06T07:33:06.795+0000][67][gc,marking  ] GC(146) Concurrent Cleanup for Next Mark
[2023-04-06T07:33:06.796+0000][67][gc,marking  ] GC(146) Concurrent Cleanup for Next Mark 0.849ms
[2023-04-06T07:33:06.797+0000][67][gc          ] GC(146) Concurrent Mark Cycle 255.796ms
[2023-04-06T07:33:19.781+0000][67][safepoint   ] Safepoint "Cleanup", Time since last: 13008557073 ns, Reaching safepoint: 345419 ns, At safepoint: 11777 ns, Total: 357196 ns
[2023-04-06T07:33:31.795+0000][67][safepoint   ] Safepoint "Cleanup", Time since last: 12013991045 ns, Reaching safepoint: 329993 ns, At safepoint: 9903 ns, Total: 339896 ns
[2023-04-06T07:33:36.528+0000][67][gc,start    ] GC(147) Pause Young (Normal) (G1 Evacuation Pause)
[2023-04-06T07:33:36.528+0000][67][gc,task     ] GC(147) Using 4 workers of 4 for evacuation
[2023-04-06T07:33:36.529+0000][67][gc,age      ] GC(147) Desired survivor size 6291456 bytes, new threshold 15 (max threshold 15)
[2023-04-06T07:33:36.533+0000][67][gc,phases   ] GC(147)   Pre Evacuate Collection Set: 0.2ms
[2023-04-06T07:33:36.534+0000][67][gc,phases   ] GC(147)   Merge Heap Roots: 0.2ms
[2023-04-06T07:33:36.535+0000][67][gc,phases   ] GC(147)   Evacuate Collection Set: 2.4ms
[2023-04-06T07:33:36.535+0000][67][gc,phases   ] GC(147)   Post Evacuate Collection Set: 0.9ms
[2023-04-06T07:33:36.536+0000][67][gc,phases   ] GC(147)   Other: 1.3ms
[2023-04-06T07:33:36.536+0000][67][gc,age      ] GC(147) Age table with threshold 15 (max threshold 15)
[2023-04-06T07:33:36.537+0000][67][gc,age      ] GC(147) - age   1:    1440120 bytes,    1440120 total
[2023-04-06T07:33:36.538+0000][67][gc,age      ] GC(147) - age   2:     454616 bytes,    1894736 total
[2023-04-06T07:33:36.538+0000][67][gc,age      ] GC(147) - age   3:       9592 bytes,    1904328 total
[2023-04-06T07:33:36.538+0000][67][gc,age      ] GC(147) - age   4:       1152 bytes,    1905480 total
[2023-04-06T07:33:36.539+0000][67][gc,age      ] GC(147) - age   5:        808 bytes,    1906288 total
[2023-04-06T07:33:36.540+0000][67][gc,age      ] GC(147) - age   6:       1144 bytes,    1907432 total
[2023-04-06T07:33:36.540+0000][67][gc,age      ] GC(147) - age   7:       2168 bytes,    1909600 total
[2023-04-06T07:33:36.541+0000][67][gc,age      ] GC(147) - age   8:       9056 bytes,    1918656 total
[2023-04-06T07:33:36.541+0000][67][gc,age      ] GC(147) - age   9:       1352 bytes,    1920008 total
[2023-04-06T07:33:36.541+0000][67][gc,age      ] GC(147) - age  10:        320 bytes,    1920328 total
[2023-04-06T07:33:36.542+0000][67][gc,age      ] GC(147) - age  11:         96 bytes,    1920424 total
[2023-04-06T07:33:36.542+0000][67][gc,age      ] GC(147) - age  12:     195936 bytes,    2116360 total
[2023-04-06T07:33:36.543+0000][67][gc,age      ] GC(147) - age  13:       6280 bytes,    2122640 total
[2023-04-06T07:33:36.544+0000][67][gc,age      ] GC(147) - age  14:       1040 bytes,    2123680 total
[2023-04-06T07:33:36.544+0000][67][gc,heap     ] GC(147) Eden regions: 23->0(23)
[2023-04-06T07:33:36.545+0000][67][gc,heap     ] GC(147) Survivor regions: 1->1(3)
[2023-04-06T07:33:36.545+0000][67][gc,heap     ] GC(147) Old regions: 25->25
[2023-04-06T07:33:36.546+0000][67][gc,heap     ] GC(147) Archive regions: 2->2
[2023-04-06T07:33:36.546+0000][67][gc,heap     ] GC(147) Humongous regions: 2->2
[2023-04-06T07:33:36.547+0000][67][gc,metaspace] GC(147) Metaspace: 139765K(142848K)->139765K(142848K) NonClass: 121870K(123072K)->121870K(123072K) Class: 17895K(19776K)->17895K(19776K)
[2023-04-06T07:33:36.548+0000][67][gc          ] GC(147) Pause Young (Normal) (G1 Evacuation Pause) 202M->110M(256M) 20.099ms
[2023-04-06T07:33:36.548+0000][67][gc,cpu      ] GC(147) User=0.01s Sys=0.00s Real=0.02s
[2023-04-06T07:33:36.549+0000][67][safepoint   ] Safepoint "G1CollectForAllocation", Time since last: 4731822291 ns, Reaching safepoint: 311569 ns, At safepoint: 21350646 ns, Total: 21662215 ns
[2023-04-06T07:33:42.553+0000][67][safepoint   ] Safepoint "Cleanup", Time since last: 6004016473 ns, Reaching safepoint: 115344 ns, At safepoint: 5139 ns, Total: 120483 ns
[2023-04-06T07:33:44.556+0000][67][safepoint   ] Safepoint "Cleanup", Time since last: 2002753909 ns, Reaching safepoint: 390549 ns, At safepoint: 12126 ns, Total: 402675 ns
[2023-04-06T07:33:55.550+0000][67][safepoint   ] Safepoint "Cleanup", Time since last: 11014913808 ns, Reaching safepoint: 405379 ns, At safepoint: 6450 ns, Total: 411829 ns
[2023-04-06T07:34:00.556+0000][67][safepoint   ] Safepoint "Cleanup", Time since last: 5006277699 ns, Reaching safepoint: 140905 ns, At safepoint: 4214 ns, Total: 145119 ns
[2023-04-06T07:34:01.558+0000][67][safepoint   ] Safepoint "Cleanup", Time since last: 1001348430 ns, Reaching safepoint: 315600 ns, At safepoint: 10386 ns, Total: 325986 ns
[2023-04-06T07:34:03.560+0000][67][safepoint   ] Safepoint "Cleanup", Time since last: 2002217732 ns, Reaching safepoint: 280687 ns, At safepoint: 16517 ns, Total: 297204 ns
[2023-04-06T07:34:06.732+0000][67][gc,start    ] GC(148) Pause Young (Concurrent Start) (G1 Evacuation Pause)
[2023-04-06T07:34:06.733+0000][67][gc,task     ] GC(148) Using 4 workers of 4 for evacuation
[2023-04-06T07:34:06.734+0000][67][gc,age      ] GC(148) Desired survivor size 6291456 bytes, new threshold 15 (max threshold 15)
[2023-04-06T07:34:06.739+0000][67][gc,phases   ] GC(148)   Pre Evacuate Collection Set: 0.3ms
[2023-04-06T07:34:06.740+0000][67][gc,phases   ] GC(148)   Merge Heap Roots: 0.1ms
[2023-04-06T07:34:06.740+0000][67][gc,phases   ] GC(148)   Evacuate Collection Set: 3.6ms
[2023-04-06T07:34:06.741+0000][67][gc,phases   ] GC(148)   Post Evacuate Collection Set: 0.8ms
[2023-04-06T07:34:06.741+0000][67][gc,phases   ] GC(148)   Other: 1.0ms
[2023-04-06T07:34:06.742+0000][67][gc,age      ] GC(148) Age table with threshold 15 (max threshold 15)
[2023-04-06T07:34:06.743+0000][67][gc,age      ] GC(148) - age   1:    1312008 bytes,    1312008 total
[2023-04-06T07:34:06.743+0000][67][gc,age      ] GC(148) - age   2:     157864 bytes,    1469872 total
[2023-04-06T07:34:06.744+0000][67][gc,age      ] GC(148) - age   3:     326008 bytes,    1795880 total
[2023-04-06T07:34:06.744+0000][67][gc,age      ] GC(148) - age   4:       9464 bytes,    1805344 total
[2023-04-06T07:34:06.745+0000][67][gc,age      ] GC(148) - age   5:       1152 bytes,    1806496 total
[2023-04-06T07:34:06.745+0000][67][gc,age      ] GC(148) - age   6:        808 bytes,    1807304 total
[2023-04-06T07:34:06.746+0000][67][gc,age      ] GC(148) - age   7:       1144 bytes,    1808448 total
[2023-04-06T07:34:06.746+0000][67][gc,age      ] GC(148) - age   8:       2168 bytes,    1810616 total
[2023-04-06T07:34:06.746+0000][67][gc,age      ] GC(148) - age   9:       9024 bytes,    1819640 total
[2023-04-06T07:34:06.747+0000][67][gc,age      ] GC(148) - age  10:       1352 bytes,    1820992 total
[2023-04-06T07:34:06.747+0000][67][gc,age      ] GC(148) - age  11:        320 bytes,    1821312 total
[2023-04-06T07:34:06.748+0000][67][gc,age      ] GC(148) - age  12:         96 bytes,    1821408 total
[2023-04-06T07:34:06.748+0000][67][gc,age      ] GC(148) - age  13:     192072 bytes,    2013480 total
[2023-04-06T07:34:06.749+0000][67][gc,age      ] GC(148) - age  14:       6280 bytes,    2019760 total
[2023-04-06T07:34:06.749+0000][67][gc,age      ] GC(148) - age  15:       1040 bytes,    2020800 total
[2023-04-06T07:34:06.750+0000][67][gc,heap     ] GC(148) Eden regions: 23->0(23)
[2023-04-06T07:34:06.750+0000][67][gc,heap     ] GC(148) Survivor regions: 1->1(3)
[2023-04-06T07:34:06.751+0000][67][gc,heap     ] GC(148) Old regions: 25->25
[2023-04-06T07:34:06.751+0000][67][gc,heap     ] GC(148) Archive regions: 2->2
[2023-04-06T07:34:06.752+0000][67][gc,heap     ] GC(148) Humongous regions: 2->2
[2023-04-06T07:34:06.752+0000][67][gc,metaspace] GC(148) Metaspace: 139772K(142848K)->139772K(142848K) NonClass: 121876K(123072K)->121876K(123072K) Class: 17895K(19776K)->17895K(19776K)
[2023-04-06T07:34:06.753+0000][67][gc          ] GC(148) Pause Young (Concurrent Start) (G1 Evacuation Pause) 202M->110M(256M) 20.526ms
[2023-04-06T07:34:06.754+0000][67][gc,cpu      ] GC(148) User=0.01s Sys=0.00s Real=0.02s
[2023-04-06T07:34:06.754+0000][67][gc          ] GC(149) Concurrent Mark Cycle
[2023-04-06T07:34:06.756+0000][67][gc,marking  ] GC(149) Concurrent Clear Claimed Marks
[2023-04-06T07:34:06.755+0000][67][safepoint   ] Safepoint "G1CollectForAllocation", Time since last: 3172237846 ns, Reaching safepoint: 37801 ns, At safepoint: 22331195 ns, Total: 22368996 ns
[2023-04-06T07:34:06.758+0000][67][gc,marking  ] GC(149) Concurrent Clear Claimed Marks 1.985ms
[2023-04-06T07:34:06.759+0000][67][gc,marking  ] GC(149) Concurrent Scan Root Regions
[2023-04-06T07:34:06.763+0000][67][gc,marking  ] GC(149) Concurrent Scan Root Regions 3.960ms
[2023-04-06T07:34:06.764+0000][67][gc,marking  ] GC(149) Concurrent Mark
[2023-04-06T07:34:06.764+0000][67][gc,marking  ] GC(149) Concurrent Mark From Roots
[2023-04-06T07:34:06.765+0000][67][gc,task     ] GC(149) Using 1 workers of 1 for marking
[2023-04-06T07:34:06.874+0000][67][gc,marking  ] GC(149) Concurrent Mark From Roots 109.503ms
[2023-04-06T07:34:06.875+0000][67][gc,marking  ] GC(149) Concurrent Preclean
[2023-04-06T07:34:06.876+0000][67][gc,marking  ] GC(149) Concurrent Preclean 0.728ms
[2023-04-06T07:34:06.876+0000][67][gc,start    ] GC(149) Pause Remark
[2023-04-06T07:34:06.887+0000][67][gc          ] GC(149) Pause Remark 112M->112M(256M) 10.742ms
[2023-04-06T07:34:06.888+0000][67][gc,cpu      ] GC(149) User=0.02s Sys=0.00s Real=0.01s
[2023-04-06T07:34:06.889+0000][67][safepoint   ] Safepoint "G1PauseRemark", Time since last: 121365408 ns, Reaching safepoint: 89639 ns, At safepoint: 12360107 ns, Total: 12449746 ns
[2023-04-06T07:34:06.889+0000][67][gc,marking  ] GC(149) Concurrent Mark 125.348ms
[2023-04-06T07:34:06.890+0000][67][gc,marking  ] GC(149) Concurrent Rebuild Remembered Sets
[2023-04-06T07:34:06.942+0000][67][gc,marking  ] GC(149) Concurrent Rebuild Remembered Sets 52.527ms
[2023-04-06T07:34:06.944+0000][67][gc,start    ] GC(149) Pause Cleanup
[2023-04-06T07:34:06.944+0000][67][gc          ] GC(149) Pause Cleanup 113M->113M(256M) 0.619ms
[2023-04-06T07:34:06.945+0000][67][gc,cpu      ] GC(149) User=0.00s Sys=0.00s Real=0.00s
[2023-04-06T07:34:06.945+0000][67][safepoint   ] Safepoint "G1PauseCleanup", Time since last: 54860265 ns, Reaching safepoint: 70926 ns, At safepoint: 1449275 ns, Total: 1520201 ns
[2023-04-06T07:34:06.945+0000][67][gc,marking  ] GC(149) Concurrent Cleanup for Next Mark
[2023-04-06T07:34:06.946+0000][67][gc,marking  ] GC(149) Concurrent Cleanup for Next Mark 0.738ms
[2023-04-06T07:34:06.947+0000][67][gc          ] GC(149) Concurrent Mark Cycle 192.686ms
[2023-04-06T07:34:15.953+0000][67][safepoint   ] Safepoint "Cleanup", Time since last: 9006999204 ns, Reaching safepoint: 745411 ns, At safepoint: 45105 ns, Total: 790516 ns
[2023-04-06T07:34:19.937+0000][67][safepoint   ] Safepoint "Cleanup", Time since last: 4004923166 ns, Reaching safepoint: 890592 ns, At safepoint: 114532 ns, Total: 1005124 ns
[2023-04-06T07:34:32.819+0000][67][gc,start    ] GC(150) Pause Young (Normal) (G1 Evacuation Pause)
[2023-04-06T07:34:32.820+0000][67][gc,task     ] GC(150) Using 4 workers of 4 for evacuation
[2023-04-06T07:34:32.821+0000][67][gc,age      ] GC(150) Desired survivor size 6291456 bytes, new threshold 15 (max threshold 15)
[2023-04-06T07:34:32.825+0000][67][gc,phases   ] GC(150)   Pre Evacuate Collection Set: 0.1ms
[2023-04-06T07:34:32.826+0000][67][gc,phases   ] GC(150)   Merge Heap Roots: 0.1ms
[2023-04-06T07:34:32.826+0000][67][gc,phases   ] GC(150)   Evacuate Collection Set: 2.6ms
[2023-04-06T07:34:32.827+0000][67][gc,phases   ] GC(150)   Post Evacuate Collection Set: 0.8ms
[2023-04-06T07:34:32.827+0000][67][gc,phases   ] GC(150)   Other: 1.2ms
[2023-04-06T07:34:32.828+0000][67][gc,age      ] GC(150) Age table with threshold 15 (max threshold 15)
[2023-04-06T07:34:32.828+0000][67][gc,age      ] GC(150) - age   1:     513864 bytes,     513864 total
[2023-04-06T07:34:32.829+0000][67][gc,age      ] GC(150) - age   2:       2080 bytes,     515944 total
[2023-04-06T07:34:32.829+0000][67][gc,age      ] GC(150) - age   3:      25896 bytes,     541840 total
[2023-04-06T07:34:32.830+0000][67][gc,age      ] GC(150) - age   4:     325816 bytes,     867656 total
[2023-04-06T07:34:32.830+0000][67][gc,age      ] GC(150) - age   5:       9400 bytes,     877056 total
[2023-04-06T07:34:32.831+0000][67][gc,age      ] GC(150) - age   6:        576 bytes,     877632 total
[2023-04-06T07:34:32.831+0000][67][gc,age      ] GC(150) - age   7:        808 bytes,     878440 total
[2023-04-06T07:34:32.832+0000][67][gc,age      ] GC(150) - age   8:       1144 bytes,     879584 total
[2023-04-06T07:34:32.832+0000][67][gc,age      ] GC(150) - age   9:       2168 bytes,     881752 total
[2023-04-06T07:34:32.833+0000][67][gc,age      ] GC(150) - age  10:       9024 bytes,     890776 total
[2023-04-06T07:34:32.833+0000][67][gc,age      ] GC(150) - age  11:       1352 bytes,     892128 total
[2023-04-06T07:34:32.834+0000][67][gc,age      ] GC(150) - age  12:        320 bytes,     892448 total
[2023-04-06T07:34:32.835+0000][67][gc,age      ] GC(150) - age  13:         96 bytes,     892544 total
[2023-04-06T07:34:32.835+0000][67][gc,age      ] GC(150) - age  14:     192072 bytes,    1084616 total
[2023-04-06T07:34:32.835+0000][67][gc,age      ] GC(150) - age  15:       6280 bytes,    1090896 total
[2023-04-06T07:34:32.836+0000][67][gc,heap     ] GC(150) Eden regions: 23->0(23)
[2023-04-06T07:34:32.837+0000][67][gc,heap     ] GC(150) Survivor regions: 1->1(3)
[2023-04-06T07:34:32.838+0000][67][gc,heap     ] GC(150) Old regions: 25->25
[2023-04-06T07:34:32.838+0000][67][gc,heap     ] GC(150) Archive regions: 2->2
[2023-04-06T07:34:32.839+0000][67][gc,heap     ] GC(150) Humongous regions: 2->2
[2023-04-06T07:34:32.840+0000][67][gc,metaspace] GC(150) Metaspace: 139772K(142848K)->139772K(142848K) NonClass: 121877K(123072K)->121877K(123072K) Class: 17895K(19776K)->17895K(19776K)
[2023-04-06T07:34:32.840+0000][67][gc          ] GC(150) Pause Young (Normal) (G1 Evacuation Pause) 202M->109M(256M) 21.332ms
[2023-04-06T07:34:32.841+0000][67][gc,cpu      ] GC(150) User=0.01s Sys=0.00s Real=0.03s
[2023-04-06T07:34:32.842+0000][67][safepoint   ] Safepoint "G1CollectForAllocation", Time since last: 12882382168 ns, Reaching safepoint: 133427 ns, At safepoint: 22461593 ns, Total: 22595020 ns
[2023-04-06T07:34:39.843+0000][67][safepoint   ] Safepoint "Cleanup", Time since last: 7001312049 ns, Reaching safepoint: 110216 ns, At safepoint: 4161 ns, Total: 114377 ns
[2023-04-06T07:34:43.845+0000][67][safepoint   ] Safepoint "Cleanup", Time since last: 4001907435 ns, Reaching safepoint: 275512 ns, At safepoint: 11983 ns, Total: 287495 ns
[2023-04-06T07:35:03.845+0000][67][safepoint   ] Safepoint "Cleanup", Time since last: 20021545706 ns, Reaching safepoint: 157742 ns, At safepoint: 456158 ns, Total: 613900 ns
[2023-04-06T07:35:06.701+0000][67][gc,start    ] GC(151) Pause Young (Concurrent Start) (G1 Evacuation Pause)
[2023-04-06T07:35:06.702+0000][67][gc,task     ] GC(151) Using 4 workers of 4 for evacuation
[2023-04-06T07:35:06.702+0000][67][gc,age      ] GC(151) Desired survivor size 6291456 bytes, new threshold 15 (max threshold 15)
[2023-04-06T07:35:06.707+0000][67][gc,phases   ] GC(151)   Pre Evacuate Collection Set: 0.3ms
[2023-04-06T07:35:06.708+0000][67][gc,phases   ] GC(151)   Merge Heap Roots: 0.1ms
[2023-04-06T07:35:06.708+0000][67][gc,phases   ] GC(151)   Evacuate Collection Set: 2.3ms
[2023-04-06T07:35:06.709+0000][67][gc,phases   ] GC(151)   Post Evacuate Collection Set: 1.1ms
[2023-04-06T07:35:06.710+0000][67][gc,phases   ] GC(151)   Other: 1.3ms
[2023-04-06T07:35:06.710+0000][67][gc,age      ] GC(151) Age table with threshold 15 (max threshold 15)
[2023-04-06T07:35:06.711+0000][67][gc,age      ] GC(151) - age   1:     700056 bytes,     700056 total
[2023-04-06T07:35:06.712+0000][67][gc,age      ] GC(151) - age   2:     132880 bytes,     832936 total
[2023-04-06T07:35:06.712+0000][67][gc,age      ] GC(151) - age   3:        624 bytes,     833560 total
[2023-04-06T07:35:06.713+0000][67][gc,age      ] GC(151) - age   4:      25768 bytes,     859328 total
[2023-04-06T07:35:06.714+0000][67][gc,age      ] GC(151) - age   5:     325336 bytes,    1184664 total
[2023-04-06T07:35:06.714+0000][67][gc,age      ] GC(151) - age   6:       9104 bytes,    1193768 total
[2023-04-06T07:35:06.715+0000][67][gc,age      ] GC(151) - age   7:        576 bytes,    1194344 total
[2023-04-06T07:35:06.716+0000][67][gc,age      ] GC(151) - age   8:        808 bytes,    1195152 total
[2023-04-06T07:35:06.716+0000][67][gc,age      ] GC(151) - age   9:       1080 bytes,    1196232 total
[2023-04-06T07:35:06.717+0000][67][gc,age      ] GC(151) - age  10:       2168 bytes,    1198400 total
[2023-04-06T07:35:06.717+0000][67][gc,age      ] GC(151) - age  11:       9024 bytes,    1207424 total
[2023-04-06T07:35:06.718+0000][67][gc,age      ] GC(151) - age  12:       1352 bytes,    1208776 total
[2023-04-06T07:35:06.719+0000][67][gc,age      ] GC(151) - age  13:        288 bytes,    1209064 total
[2023-04-06T07:35:06.719+0000][67][gc,age      ] GC(151) - age  14:         96 bytes,    1209160 total
[2023-04-06T07:35:06.720+0000][67][gc,age      ] GC(151) - age  15:     192072 bytes,    1401232 total
[2023-04-06T07:35:06.721+0000][67][gc,heap     ] GC(151) Eden regions: 23->0(23)
[2023-04-06T07:35:06.721+0000][67][gc,heap     ] GC(151) Survivor regions: 1->1(3)
[2023-04-06T07:35:06.722+0000][67][gc,heap     ] GC(151) Old regions: 25->25
[2023-04-06T07:35:06.723+0000][67][gc,heap     ] GC(151) Archive regions: 2->2
[2023-04-06T07:35:06.723+0000][67][gc,heap     ] GC(151) Humongous regions: 2->2
[2023-04-06T07:35:06.724+0000][67][gc,metaspace] GC(151) Metaspace: 139772K(142848K)->139772K(142848K) NonClass: 121877K(123072K)->121877K(123072K) Class: 17895K(19776K)->17895K(19776K)
[2023-04-06T07:35:06.725+0000][67][gc          ] GC(151) Pause Young (Concurrent Start) (G1 Evacuation Pause) 201M->110M(256M) 23.840ms
[2023-04-06T07:35:06.725+0000][67][gc,cpu      ] GC(151) User=0.01s Sys=0.00s Real=0.02s
[2023-04-06T07:35:06.725+0000][67][gc          ] GC(152) Concurrent Mark Cycle
[2023-04-06T07:35:06.726+0000][67][safepoint   ] Safepoint "G1CollectForAllocation", Time since last: 2855148071 ns, Reaching safepoint: 110994 ns, At safepoint: 25071377 ns, Total: 25182371 ns
[2023-04-06T07:35:06.726+0000][67][gc,marking  ] GC(152) Concurrent Clear Claimed Marks
[2023-04-06T07:35:06.728+0000][67][gc,marking  ] GC(152) Concurrent Clear Claimed Marks 1.472ms
[2023-04-06T07:35:06.728+0000][67][gc,marking  ] GC(152) Concurrent Scan Root Regions
[2023-04-06T07:35:06.733+0000][67][gc,marking  ] GC(152) Concurrent Scan Root Regions 4.228ms
[2023-04-06T07:35:06.733+0000][67][gc,marking  ] GC(152) Concurrent Mark
[2023-04-06T07:35:06.734+0000][67][gc,marking  ] GC(152) Concurrent Mark From Roots
[2023-04-06T07:35:06.734+0000][67][gc,task     ] GC(152) Using 1 workers of 1 for marking
[2023-04-06T07:35:06.843+0000][67][gc,marking  ] GC(152) Concurrent Mark From Roots 108.833ms
[2023-04-06T07:35:06.844+0000][67][gc,marking  ] GC(152) Concurrent Preclean
[2023-04-06T07:35:06.845+0000][67][gc,marking  ] GC(152) Concurrent Preclean 1.057ms
[2023-04-06T07:35:06.846+0000][67][gc,start    ] GC(152) Pause Remark
[2023-04-06T07:35:06.856+0000][67][gc          ] GC(152) Pause Remark 114M->114M(256M) 10.135ms
[2023-04-06T07:35:06.857+0000][67][gc,cpu      ] GC(152) User=0.03s Sys=0.00s Real=0.01s
[2023-04-06T07:35:06.858+0000][67][safepoint   ] Safepoint "G1PauseRemark", Time since last: 119851623 ns, Reaching safepoint: 83086 ns, At safepoint: 12042059 ns, Total: 12125145 ns
[2023-04-06T07:35:06.858+0000][67][gc,marking  ] GC(152) Concurrent Mark 124.945ms
[2023-04-06T07:35:06.859+0000][67][gc,marking  ] GC(152) Concurrent Rebuild Remembered Sets
[2023-04-06T07:35:06.914+0000][67][gc,marking  ] GC(152) Concurrent Rebuild Remembered Sets 54.767ms
[2023-04-06T07:35:06.915+0000][67][gc,start    ] GC(152) Pause Cleanup
[2023-04-06T07:35:06.916+0000][67][gc          ] GC(152) Pause Cleanup 114M->114M(256M) 0.804ms
[2023-04-06T07:35:06.916+0000][67][gc,cpu      ] GC(152) User=0.00s Sys=0.00s Real=0.00s
[2023-04-06T07:35:06.917+0000][67][safepoint   ] Safepoint "G1PauseCleanup", Time since last: 57084988 ns, Reaching safepoint: 123200 ns, At safepoint: 2147564 ns, Total: 2270764 ns
[2023-04-06T07:35:06.918+0000][67][gc,marking  ] GC(152) Concurrent Cleanup for Next Mark
[2023-04-06T07:35:06.919+0000][67][gc,marking  ] GC(152) Concurrent Cleanup for Next Mark 1.418ms
[2023-04-06T07:35:06.920+0000][67][gc          ] GC(152) Concurrent Mark Cycle 194.532ms
[2023-04-06T07:35:18.907+0000][67][safepoint   ] Safepoint "Cleanup", Time since last: 12011866588 ns, Reaching safepoint: 182977 ns, At safepoint: 40296 ns, Total: 223273 ns
[2023-04-06T07:35:23.916+0000][67][safepoint   ] Safepoint "Cleanup", Time since last: 5008572039 ns, Reaching safepoint: 634432 ns, At safepoint: 139203 ns, Total: 773635 ns
[2023-04-06T07:35:28.928+0000][67][safepoint   ] Safepoint "Cleanup", Time since last: 5010915771 ns, Reaching safepoint: 805747 ns, At safepoint: 29716 ns, Total: 835463 ns
[2023-04-06T07:35:32.935+0000][67][safepoint   ] Safepoint "Cleanup", Time since last: 4006248505 ns, Reaching safepoint: 355412 ns, At safepoint: 10934 ns, Total: 366346 ns
[2023-04-06T07:35:33.939+0000][67][safepoint   ] Safepoint "Cleanup", Time since last: 1003632493 ns, Reaching safepoint: 187535 ns, At safepoint: 5158 ns, Total: 192693 ns
[2023-04-06T07:35:37.933+0000][67][gc,start    ] GC(153) Pause Young (Normal) (G1 Evacuation Pause)
[2023-04-06T07:35:37.934+0000][67][gc,task     ] GC(153) Using 4 workers of 4 for evacuation
[2023-04-06T07:35:37.934+0000][67][gc,age      ] GC(153) Desired survivor size 6291456 bytes, new threshold 15 (max threshold 15)
[2023-04-06T07:35:37.939+0000][67][gc,phases   ] GC(153)   Pre Evacuate Collection Set: 0.1ms
[2023-04-06T07:35:37.939+0000][67][gc,phases   ] GC(153)   Merge Heap Roots: 0.1ms
[2023-04-06T07:35:37.940+0000][67][gc,phases   ] GC(153)   Evacuate Collection Set: 3.1ms
[2023-04-06T07:35:37.940+0000][67][gc,phases   ] GC(153)   Post Evacuate Collection Set: 0.7ms
[2023-04-06T07:35:37.941+0000][67][gc,phases   ] GC(153)   Other: 0.8ms
[2023-04-06T07:35:37.941+0000][67][gc,age      ] GC(153) Age table with threshold 15 (max threshold 15)
[2023-04-06T07:35:37.941+0000][67][gc,age      ] GC(153) - age   1:     961056 bytes,     961056 total
[2023-04-06T07:35:37.942+0000][67][gc,age      ] GC(153) - age   2:     149224 bytes,    1110280 total
[2023-04-06T07:35:37.942+0000][67][gc,age      ] GC(153) - age   3:       1072 bytes,    1111352 total
[2023-04-06T07:35:37.943+0000][67][gc,age      ] GC(153) - age   4:        496 bytes,    1111848 total
[2023-04-06T07:35:37.943+0000][67][gc,age      ] GC(153) - age   5:      25344 bytes,    1137192 total
[2023-04-06T07:35:37.943+0000][67][gc,age      ] GC(153) - age   6:     325336 bytes,    1462528 total
[2023-04-06T07:35:37.944+0000][67][gc,age      ] GC(153) - age   7:       9072 bytes,    1471600 total
[2023-04-06T07:35:37.944+0000][67][gc,age      ] GC(153) - age   8:        576 bytes,    1472176 total
[2023-04-06T07:35:37.945+0000][67][gc,age      ] GC(153) - age   9:        808 bytes,    1472984 total
[2023-04-06T07:35:37.945+0000][67][gc,age      ] GC(153) - age  10:       1080 bytes,    1474064 total
[2023-04-06T07:35:37.945+0000][67][gc,age      ] GC(153) - age  11:       2168 bytes,    1476232 total
[2023-04-06T07:35:37.946+0000][67][gc,age      ] GC(153) - age  12:       9024 bytes,    1485256 total
[2023-04-06T07:35:37.946+0000][67][gc,age      ] GC(153) - age  13:       1352 bytes,    1486608 total
[2023-04-06T07:35:37.947+0000][67][gc,age      ] GC(153) - age  14:        288 bytes,    1486896 total
[2023-04-06T07:35:37.947+0000][67][gc,age      ] GC(153) - age  15:         96 bytes,    1486992 total
[2023-04-06T07:35:37.947+0000][67][gc,heap     ] GC(153) Eden regions: 23->0(23)
[2023-04-06T07:35:37.948+0000][67][gc,heap     ] GC(153) Survivor regions: 1->1(3)
[2023-04-06T07:35:37.948+0000][67][gc,heap     ] GC(153) Old regions: 25->25
[2023-04-06T07:35:37.949+0000][67][gc,heap     ] GC(153) Archive regions: 2->2
[2023-04-06T07:35:37.949+0000][67][gc,heap     ] GC(153) Humongous regions: 2->2
[2023-04-06T07:35:37.949+0000][67][gc,metaspace] GC(153) Metaspace: 139803K(142912K)->139803K(142912K) NonClass: 121904K(123136K)->121904K(123136K) Class: 17898K(19776K)->17898K(19776K)
[2023-04-06T07:35:37.950+0000][67][gc          ] GC(153) Pause Young (Normal) (G1 Evacuation Pause) 202M->110M(256M) 16.619ms
[2023-04-06T07:35:37.951+0000][67][gc,cpu      ] GC(153) User=0.01s Sys=0.00s Real=0.02s
[2023-04-06T07:35:37.951+0000][67][safepoint   ] Safepoint "G1CollectForAllocation", Time since last: 3994621572 ns, Reaching safepoint: 66288 ns, At safepoint: 18024635 ns, Total: 18090923 ns
[2023-04-06T07:35:43.958+0000][67][safepoint   ] Safepoint "Cleanup", Time since last: 6006216797 ns, Reaching safepoint: 337702 ns, At safepoint: 11426 ns, Total: 349128 ns
[2023-04-06T07:35:48.945+0000][67][safepoint   ] Safepoint "Cleanup", Time since last: 5009565526 ns, Reaching safepoint: 198421 ns, At safepoint: 6111 ns, Total: 204532 ns
[2023-04-06T07:35:54.954+0000][67][safepoint   ] Safepoint "Cleanup", Time since last: 6007992082 ns, Reaching safepoint: 405922 ns, At safepoint: 10736 ns, Total: 416658 ns
[2023-04-06T07:35:56.958+0000][67][safepoint   ] Safepoint "Cleanup", Time since last: 2003615814 ns, Reaching safepoint: 425051 ns, At safepoint: 29816 ns, Total: 454867 ns
[2023-04-06T07:35:57.962+0000][67][safepoint   ] Safepoint "Cleanup", Time since last: 1003880053 ns, Reaching safepoint: 530112 ns, At safepoint: 24014 ns, Total: 554126 ns
[2023-04-06T07:36:09.428+0000][67][gc,start    ] GC(154) Pause Young (Concurrent Start) (G1 Evacuation Pause)
[2023-04-06T07:36:09.430+0000][67][gc,task     ] GC(154) Using 4 workers of 4 for evacuation
[2023-04-06T07:36:09.431+0000][67][gc,age      ] GC(154) Desired survivor size 6291456 bytes, new threshold 15 (max threshold 15)
[2023-04-06T07:36:09.437+0000][67][gc,phases   ] GC(154)   Pre Evacuate Collection Set: 0.4ms
[2023-04-06T07:36:09.438+0000][67][gc,phases   ] GC(154)   Merge Heap Roots: 0.1ms
[2023-04-06T07:36:09.439+0000][67][gc,phases   ] GC(154)   Evacuate Collection Set: 2.9ms
[2023-04-06T07:36:09.440+0000][67][gc,phases   ] GC(154)   Post Evacuate Collection Set: 1.2ms
[2023-04-06T07:36:09.441+0000][67][gc,phases   ] GC(154)   Other: 2.5ms
[2023-04-06T07:36:09.441+0000][67][gc,age      ] GC(154) Age table with threshold 15 (max threshold 15)
[2023-04-06T07:36:09.442+0000][67][gc,age      ] GC(154) - age   1:    1337088 bytes,    1337088 total
[2023-04-06T07:36:09.443+0000][67][gc,age      ] GC(154) - age   2:     156824 bytes,    1493912 total
[2023-04-06T07:36:09.444+0000][67][gc,age      ] GC(154) - age   3:       2544 bytes,    1496456 total
[2023-04-06T07:36:09.444+0000][67][gc,age      ] GC(154) - age   4:        728 bytes,    1497184 total
[2023-04-06T07:36:09.445+0000][67][gc,age      ] GC(154) - age   5:        432 bytes,    1497616 total
[2023-04-06T07:36:09.446+0000][67][gc,age      ] GC(154) - age   6:      25048 bytes,    1522664 total
[2023-04-06T07:36:09.447+0000][67][gc,age      ] GC(154) - age   7:     325336 bytes,    1848000 total
[2023-04-06T07:36:09.447+0000][67][gc,age      ] GC(154) - age   8:       9072 bytes,    1857072 total
[2023-04-06T07:36:09.448+0000][67][gc,age      ] GC(154) - age   9:        576 bytes,    1857648 total
[2023-04-06T07:36:09.449+0000][67][gc,age      ] GC(154) - age  10:        808 bytes,    1858456 total
[2023-04-06T07:36:09.450+0000][67][gc,age      ] GC(154) - age  11:       1080 bytes,    1859536 total
[2023-04-06T07:36:09.450+0000][67][gc,age      ] GC(154) - age  12:       2168 bytes,    1861704 total
[2023-04-06T07:36:09.451+0000][67][gc,age      ] GC(154) - age  13:       9024 bytes,    1870728 total
[2023-04-06T07:36:09.452+0000][67][gc,age      ] GC(154) - age  14:       1352 bytes,    1872080 total
[2023-04-06T07:36:09.452+0000][67][gc,age      ] GC(154) - age  15:        288 bytes,    1872368 total
[2023-04-06T07:36:09.453+0000][67][gc,heap     ] GC(154) Eden regions: 23->0(23)
[2023-04-06T07:36:09.454+0000][67][gc,heap     ] GC(154) Survivor regions: 1->1(3)
[2023-04-06T07:36:09.454+0000][67][gc,heap     ] GC(154) Old regions: 25->25
[2023-04-06T07:36:09.455+0000][67][gc,heap     ] GC(154) Archive regions: 2->2
[2023-04-06T07:36:09.455+0000][67][gc,heap     ] GC(154) Humongous regions: 2->2
[2023-04-06T07:36:09.456+0000][67][gc,metaspace] GC(154) Metaspace: 139810K(142912K)->139810K(142912K) NonClass: 121911K(123136K)->121911K(123136K) Class: 17898K(19776K)->17898K(19776K)
[2023-04-06T07:36:09.457+0000][67][gc          ] GC(154) Pause Young (Concurrent Start) (G1 Evacuation Pause) 202M->110M(256M) 28.958ms
[2023-04-06T07:36:09.457+0000][67][gc,cpu      ] GC(154) User=0.01s Sys=0.00s Real=0.03s
[2023-04-06T07:36:09.458+0000][67][safepoint   ] Safepoint "G1CollectForAllocation", Time since last: 11465548991 ns, Reaching safepoint: 51887 ns, At safepoint: 29964273 ns, Total: 30016160 ns
[2023-04-06T07:36:09.457+0000][67][gc          ] GC(155) Concurrent Mark Cycle
[2023-04-06T07:36:09.459+0000][67][gc,marking  ] GC(155) Concurrent Clear Claimed Marks
[2023-04-06T07:36:09.460+0000][67][gc,marking  ] GC(155) Concurrent Clear Claimed Marks 0.895ms
[2023-04-06T07:36:09.460+0000][67][gc,marking  ] GC(155) Concurrent Scan Root Regions
[2023-04-06T07:36:09.463+0000][67][gc,marking  ] GC(155) Concurrent Scan Root Regions 2.762ms
[2023-04-06T07:36:09.464+0000][67][gc,marking  ] GC(155) Concurrent Mark
[2023-04-06T07:36:09.464+0000][67][gc,marking  ] GC(155) Concurrent Mark From Roots
[2023-04-06T07:36:09.465+0000][67][gc,task     ] GC(155) Using 1 workers of 1 for marking
[2023-04-06T07:36:09.568+0000][67][gc,marking  ] GC(155) Concurrent Mark From Roots 103.680ms
[2023-04-06T07:36:09.569+0000][67][gc,marking  ] GC(155) Concurrent Preclean
[2023-04-06T07:36:09.570+0000][67][gc,marking  ] GC(155) Concurrent Preclean 1.136ms
[2023-04-06T07:36:09.571+0000][67][gc,start    ] GC(155) Pause Remark
[2023-04-06T07:36:09.584+0000][67][gc          ] GC(155) Pause Remark 111M->111M(256M) 12.981ms
[2023-04-06T07:36:09.585+0000][67][gc,cpu      ] GC(155) User=0.03s Sys=0.00s Real=0.02s
[2023-04-06T07:36:09.586+0000][67][safepoint   ] Safepoint "G1PauseRemark", Time since last: 113037122 ns, Reaching safepoint: 347020 ns, At safepoint: 14776970 ns, Total: 15123990 ns
[2023-04-06T07:36:09.587+0000][67][gc,marking  ] GC(155) Concurrent Mark 122.993ms
[2023-04-06T07:36:09.587+0000][67][gc,marking  ] GC(155) Concurrent Rebuild Remembered Sets
[2023-04-06T07:36:09.638+0000][67][gc,marking  ] GC(155) Concurrent Rebuild Remembered Sets 50.444ms
[2023-04-06T07:36:09.639+0000][67][gc,start    ] GC(155) Pause Cleanup
[2023-04-06T07:36:09.640+0000][67][gc          ] GC(155) Pause Cleanup 111M->111M(256M) 1.001ms
[2023-04-06T07:36:09.641+0000][67][gc,cpu      ] GC(155) User=0.00s Sys=0.00s Real=0.00s
[2023-04-06T07:36:09.642+0000][67][safepoint   ] Safepoint "G1PauseCleanup", Time since last: 52956744 ns, Reaching safepoint: 180887 ns, At safepoint: 2390301 ns, Total: 2571188 ns
[2023-04-06T07:36:09.642+0000][67][gc,marking  ] GC(155) Concurrent Cleanup for Next Mark
[2023-04-06T07:36:09.643+0000][67][gc,marking  ] GC(155) Concurrent Cleanup for Next Mark 0.864ms
[2023-04-06T07:36:09.644+0000][67][gc          ] GC(155) Concurrent Mark Cycle 186.139ms
[2023-04-06T07:36:19.627+0000][67][safepoint   ] Safepoint "Cleanup", Time since last: 10006870180 ns, Reaching safepoint: 751472 ns, At safepoint: 15905 ns, Total: 767377 ns
[2023-04-06T07:36:23.635+0000][67][safepoint   ] Safepoint "Cleanup", Time since last: 4006495234 ns, Reaching safepoint: 862608 ns, At safepoint: 20871 ns, Total: 883479 ns
[2023-04-06T07:36:27.640+0000][67][safepoint   ] Safepoint "Cleanup", Time since last: 4004777896 ns, Reaching safepoint: 199533 ns, At safepoint: 10899 ns, Total: 210432 ns
[2023-04-06T07:36:31.644+0000][67][safepoint   ] Safepoint "Cleanup", Time since last: 4003864512 ns, Reaching safepoint: 213456 ns, At safepoint: 12701 ns, Total: 226157 ns
[2023-04-06T07:36:35.484+0000][67][gc,start    ] GC(156) Pause Young (Normal) (G1 Evacuation Pause)
[2023-04-06T07:36:35.486+0000][67][gc,task     ] GC(156) Using 4 workers of 4 for evacuation
[2023-04-06T07:36:35.487+0000][67][gc,age      ] GC(156) Desired survivor size 6291456 bytes, new threshold 15 (max threshold 15)
[2023-04-06T07:36:35.494+0000][67][gc,phases   ] GC(156)   Pre Evacuate Collection Set: 0.5ms
[2023-04-06T07:36:35.496+0000][67][gc,phases   ] GC(156)   Merge Heap Roots: 0.2ms
[2023-04-06T07:36:35.497+0000][67][gc,phases   ] GC(156)   Evacuate Collection Set: 2.9ms
[2023-04-06T07:36:35.498+0000][67][gc,phases   ] GC(156)   Post Evacuate Collection Set: 1.6ms
[2023-04-06T07:36:35.499+0000][67][gc,phases   ] GC(156)   Other: 3.4ms
[2023-04-06T07:36:35.500+0000][67][gc,age      ] GC(156) Age table with threshold 15 (max threshold 15)
[2023-04-06T07:36:35.500+0000][67][gc,age      ] GC(156) - age   1:     301432 bytes,     301432 total
[2023-04-06T07:36:35.501+0000][67][gc,age      ] GC(156) - age   2:       3448 bytes,     304880 total
[2023-04-06T07:36:35.502+0000][67][gc,age      ] GC(156) - age   3:       4136 bytes,     309016 total
[2023-04-06T07:36:35.503+0000][67][gc,age      ] GC(156) - age   4:       2224 bytes,     311240 total
[2023-04-06T07:36:35.503+0000][67][gc,age      ] GC(156) - age   5:        184 bytes,     311424 total
[2023-04-06T07:36:35.504+0000][67][gc,age      ] GC(156) - age   6:        432 bytes,     311856 total
[2023-04-06T07:36:35.505+0000][67][gc,age      ] GC(156) - age   7:      25048 bytes,     336904 total
[2023-04-06T07:36:35.505+0000][67][gc,age      ] GC(156) - age   8:     325336 bytes,     662240 total
[2023-04-06T07:36:35.506+0000][67][gc,age      ] GC(156) - age   9:       9072 bytes,     671312 total
[2023-04-06T07:36:35.507+0000][67][gc,age      ] GC(156) - age  10:        576 bytes,     671888 total
[2023-04-06T07:36:35.507+0000][67][gc,age      ] GC(156) - age  11:        808 bytes,     672696 total
[2023-04-06T07:36:35.508+0000][67][gc,age      ] GC(156) - age  12:       1080 bytes,     673776 total
[2023-04-06T07:36:35.509+0000][67][gc,age      ] GC(156) - age  13:       2168 bytes,     675944 total
[2023-04-06T07:36:35.510+0000][67][gc,age      ] GC(156) - age  14:       9024 bytes,     684968 total
[2023-04-06T07:36:35.510+0000][67][gc,age      ] GC(156) - age  15:       1352 bytes,     686320 total
[2023-04-06T07:36:35.511+0000][67][gc,heap     ] GC(156) Eden regions: 23->0(23)
[2023-04-06T07:36:35.512+0000][67][gc,heap     ] GC(156) Survivor regions: 1->1(3)
[2023-04-06T07:36:35.512+0000][67][gc,heap     ] GC(156) Old regions: 25->25
[2023-04-06T07:36:35.513+0000][67][gc,heap     ] GC(156) Archive regions: 2->2
[2023-04-06T07:36:35.513+0000][67][gc,heap     ] GC(156) Humongous regions: 2->2
[2023-04-06T07:36:35.514+0000][67][gc,metaspace] GC(156) Metaspace: 139829K(142912K)->139829K(142912K) NonClass: 121930K(123136K)->121930K(123136K) Class: 17898K(19776K)->17898K(19776K)
[2023-04-06T07:36:35.514+0000][67][gc          ] GC(156) Pause Young (Normal) (G1 Evacuation Pause) 202M->109M(256M) 30.670ms
[2023-04-06T07:36:35.515+0000][67][gc,cpu      ] GC(156) User=0.01s Sys=0.00s Real=0.03s
[2023-04-06T07:36:35.515+0000][67][safepoint   ] Safepoint "G1CollectForAllocation", Time since last: 3839652224 ns, Reaching safepoint: 225368 ns, At safepoint: 31884248 ns, Total: 32109616 ns
[2023-04-06T07:36:49.504+0000][67][safepoint   ] Safepoint "Cleanup", Time since last: 14009904092 ns, Reaching safepoint: 96725 ns, At safepoint: 7390 ns, Total: 104115 ns
[2023-04-06T07:36:51.506+0000][67][safepoint   ] Safepoint "Cleanup", Time since last: 2001536522 ns, Reaching safepoint: 820380 ns, At safepoint: 23299 ns, Total: 843679 ns
[2023-04-06T07:37:06.777+0000][67][gc,start    ] GC(157) Pause Young (Concurrent Start) (G1 Evacuation Pause)
[2023-04-06T07:37:06.779+0000][67][gc,task     ] GC(157) Using 4 workers of 4 for evacuation
[2023-04-06T07:37:06.780+0000][67][gc,age      ] GC(157) Desired survivor size 6291456 bytes, new threshold 15 (max threshold 15)
[2023-04-06T07:37:06.787+0000][67][gc,phases   ] GC(157)   Pre Evacuate Collection Set: 0.5ms
[2023-04-06T07:37:06.788+0000][67][gc,phases   ] GC(157)   Merge Heap Roots: 0.3ms
[2023-04-06T07:37:06.789+0000][67][gc,phases   ] GC(157)   Evacuate Collection Set: 2.3ms
[2023-04-06T07:37:06.789+0000][67][gc,phases   ] GC(157)   Post Evacuate Collection Set: 1.4ms
[2023-04-06T07:37:06.790+0000][67][gc,phases   ] GC(157)   Other: 3.2ms
[2023-04-06T07:37:06.791+0000][67][gc,age      ] GC(157) Age table with threshold 15 (max threshold 15)
[2023-04-06T07:37:06.792+0000][67][gc,age      ] GC(157) - age   1:     947176 bytes,     947176 total
[2023-04-06T07:37:06.793+0000][67][gc,age      ] GC(157) - age   2:     109640 bytes,    1056816 total
[2023-04-06T07:37:06.794+0000][67][gc,age      ] GC(157) - age   3:       2696 bytes,    1059512 total
[2023-04-06T07:37:06.794+0000][67][gc,age      ] GC(157) - age   4:       3328 bytes,    1062840 total
[2023-04-06T07:37:06.795+0000][67][gc,age      ] GC(157) - age   5:       2160 bytes,    1065000 total
[2023-04-06T07:37:06.795+0000][67][gc,age      ] GC(157) - age   6:        184 bytes,    1065184 total
[2023-04-06T07:37:06.796+0000][67][gc,age      ] GC(157) - age   7:        432 bytes,    1065616 total
[2023-04-06T07:37:06.797+0000][67][gc,age      ] GC(157) - age   8:      25048 bytes,    1090664 total
[2023-04-06T07:37:06.798+0000][67][gc,age      ] GC(157) - age   9:     325336 bytes,    1416000 total
[2023-04-06T07:37:06.798+0000][67][gc,age      ] GC(157) - age  10:       9072 bytes,    1425072 total
[2023-04-06T07:37:06.799+0000][67][gc,age      ] GC(157) - age  11:        576 bytes,    1425648 total
[2023-04-06T07:37:06.800+0000][67][gc,age      ] GC(157) - age  12:        808 bytes,    1426456 total
[2023-04-06T07:37:06.800+0000][67][gc,age      ] GC(157) - age  13:       1080 bytes,    1427536 total
[2023-04-06T07:37:06.801+0000][67][gc,age      ] GC(157) - age  14:       2168 bytes,    1429704 total
[2023-04-06T07:37:06.801+0000][67][gc,age      ] GC(157) - age  15:       9024 bytes,    1438728 total
[2023-04-06T07:37:06.802+0000][67][gc,heap     ] GC(157) Eden regions: 23->0(23)
[2023-04-06T07:37:06.803+0000][67][gc,heap     ] GC(157) Survivor regions: 1->1(3)
[2023-04-06T07:37:06.803+0000][67][gc,heap     ] GC(157) Old regions: 25->25
[2023-04-06T07:37:06.804+0000][67][gc,heap     ] GC(157) Archive regions: 2->2
[2023-04-06T07:37:06.804+0000][67][gc,heap     ] GC(157) Humongous regions: 2->2
[2023-04-06T07:37:06.805+0000][67][gc,metaspace] GC(157) Metaspace: 139834K(142912K)->139834K(142912K) NonClass: 121935K(123136K)->121935K(123136K) Class: 17898K(19776K)->17898K(19776K)
[2023-04-06T07:37:06.806+0000][67][gc          ] GC(157) Pause Young (Concurrent Start) (G1 Evacuation Pause) 201M->110M(256M) 28.536ms
[2023-04-06T07:37:06.806+0000][67][gc          ] GC(158) Concurrent Mark Cycle
[2023-04-06T07:37:06.807+0000][67][gc,marking  ] GC(158) Concurrent Clear Claimed Marks
[2023-04-06T07:37:06.806+0000][67][gc,cpu      ] GC(157) User=0.01s Sys=0.00s Real=0.03s
[2023-04-06T07:37:06.808+0000][67][gc,marking  ] GC(158) Concurrent Clear Claimed Marks 1.312ms
[2023-04-06T07:37:06.809+0000][67][gc,marking  ] GC(158) Concurrent Scan Root Regions
[2023-04-06T07:37:06.808+0000][67][safepoint   ] Safepoint "G1CollectForAllocation", Time since last: 15270368131 ns, Reaching safepoint: 199695 ns, At safepoint: 31054321 ns, Total: 31254016 ns
[2023-04-06T07:37:06.812+0000][67][gc,marking  ] GC(158) Concurrent Scan Root Regions 3.737ms
[2023-04-06T07:37:06.814+0000][67][gc,marking  ] GC(158) Concurrent Mark
[2023-04-06T07:37:06.814+0000][67][gc,marking  ] GC(158) Concurrent Mark From Roots
[2023-04-06T07:37:06.815+0000][67][gc,task     ] GC(158) Using 1 workers of 1 for marking
[2023-04-06T07:37:06.922+0000][67][gc,marking  ] GC(158) Concurrent Mark From Roots 107.590ms
[2023-04-06T07:37:06.923+0000][67][gc,marking  ] GC(158) Concurrent Preclean
[2023-04-06T07:37:06.924+0000][67][gc,marking  ] GC(158) Concurrent Preclean 0.973ms
[2023-04-06T07:37:06.925+0000][67][gc,start    ] GC(158) Pause Remark
[2023-04-06T07:37:06.934+0000][67][gc          ] GC(158) Pause Remark 110M->110M(256M) 8.978ms
[2023-04-06T07:37:06.935+0000][67][gc,cpu      ] GC(158) User=0.03s Sys=0.00s Real=0.01s
[2023-04-06T07:37:06.936+0000][67][safepoint   ] Safepoint "G1PauseRemark", Time since last: 116714990 ns, Reaching safepoint: 144284 ns, At safepoint: 10601194 ns, Total: 10745478 ns
[2023-04-06T07:37:06.936+0000][67][gc,marking  ] GC(158) Concurrent Mark 122.703ms
[2023-04-06T07:37:06.937+0000][67][gc,marking  ] GC(158) Concurrent Rebuild Remembered Sets
[2023-04-06T07:37:06.991+0000][67][gc,marking  ] GC(158) Concurrent Rebuild Remembered Sets 54.285ms
[2023-04-06T07:37:06.992+0000][67][gc,start    ] GC(158) Pause Cleanup
[2023-04-06T07:37:06.994+0000][67][gc          ] GC(158) Pause Cleanup 111M->111M(256M) 1.127ms
[2023-04-06T07:37:06.994+0000][67][gc,cpu      ] GC(158) User=0.00s Sys=0.00s Real=0.00s
[2023-04-06T07:37:06.995+0000][67][safepoint   ] Safepoint "G1PauseCleanup", Time since last: 56681471 ns, Reaching safepoint: 146553 ns, At safepoint: 2356192 ns, Total: 2502745 ns
[2023-04-06T07:37:06.995+0000][67][gc,marking  ] GC(158) Concurrent Cleanup for Next Mark
[2023-04-06T07:37:06.996+0000][67][gc,marking  ] GC(158) Concurrent Cleanup for Next Mark 0.857ms
[2023-04-06T07:37:06.996+0000][67][gc          ] GC(158) Concurrent Mark Cycle 190.225ms
[2023-04-06T07:37:20.015+0000][67][safepoint   ] Safepoint "Cleanup", Time since last: 13013034414 ns, Reaching safepoint: 241858 ns, At safepoint: 9682 ns, Total: 251540 ns
[2023-04-06T07:37:29.031+0000][67][safepoint   ] Safepoint "Cleanup", Time since last: 9015225149 ns, Reaching safepoint: 256101 ns, At safepoint: 128471 ns, Total: 384572 ns
[2023-04-06T07:37:33.036+0000][67][safepoint   ] Safepoint "Cleanup", Time since last: 4004597857 ns, Reaching safepoint: 360086 ns, At safepoint: 11197 ns, Total: 371283 ns
[2023-04-06T07:37:34.042+0000][67][safepoint   ] Safepoint "Cleanup", Time since last: 1005001793 ns, Reaching safepoint: 686833 ns, At safepoint: 14929 ns, Total: 701762 ns
[2023-04-06T07:37:37.050+0000][67][safepoint   ] Safepoint "Cleanup", Time since last: 3008742581 ns, Reaching safepoint: 182073 ns, At safepoint: 23514 ns, Total: 205587 ns
[2023-04-06T07:37:39.424+0000][67][gc,start    ] GC(159) Pause Young (Normal) (G1 Evacuation Pause)
[2023-04-06T07:37:39.426+0000][67][gc,task     ] GC(159) Using 4 workers of 4 for evacuation
[2023-04-06T07:37:39.427+0000][67][gc,age      ] GC(159) Desired survivor size 6291456 bytes, new threshold 15 (max threshold 15)
[2023-04-06T07:37:39.433+0000][67][gc,phases   ] GC(159)   Pre Evacuate Collection Set: 0.1ms
[2023-04-06T07:37:39.435+0000][67][gc,phases   ] GC(159)   Merge Heap Roots: 0.1ms
[2023-04-06T07:37:39.435+0000][67][gc,phases   ] GC(159)   Evacuate Collection Set: 3.6ms
[2023-04-06T07:37:39.436+0000][67][gc,phases   ] GC(159)   Post Evacuate Collection Set: 1.5ms
[2023-04-06T07:37:39.437+0000][67][gc,phases   ] GC(159)   Other: 2.2ms
[2023-04-06T07:37:39.438+0000][67][gc,age      ] GC(159) Age table with threshold 15 (max threshold 15)
[2023-04-06T07:37:39.438+0000][67][gc,age      ] GC(159) - age   1:    1032112 bytes,    1032112 total
[2023-04-06T07:37:39.439+0000][67][gc,age      ] GC(159) - age   2:     137792 bytes,    1169904 total
[2023-04-06T07:37:39.440+0000][67][gc,age      ] GC(159) - age   3:        680 bytes,    1170584 total
[2023-04-06T07:37:39.440+0000][67][gc,age      ] GC(159) - age   4:       1992 bytes,    1172576 total
[2023-04-06T07:37:39.441+0000][67][gc,age      ] GC(159) - age   5:       3152 bytes,    1175728 total
[2023-04-06T07:37:39.442+0000][67][gc,age      ] GC(159) - age   6:       2160 bytes,    1177888 total
[2023-04-06T07:37:39.443+0000][67][gc,age      ] GC(159) - age   7:        184 bytes,    1178072 total
[2023-04-06T07:37:39.443+0000][67][gc,age      ] GC(159) - age   8:        432 bytes,    1178504 total
[2023-04-06T07:37:39.444+0000][67][gc,age      ] GC(159) - age   9:      25048 bytes,    1203552 total
[2023-04-06T07:37:39.445+0000][67][gc,age      ] GC(159) - age  10:     325336 bytes,    1528888 total
[2023-04-06T07:37:39.445+0000][67][gc,age      ] GC(159) - age  11:       8840 bytes,    1537728 total
[2023-04-06T07:37:39.446+0000][67][gc,age      ] GC(159) - age  12:        576 bytes,    1538304 total
[2023-04-06T07:37:39.447+0000][67][gc,age      ] GC(159) - age  13:        808 bytes,    1539112 total
[2023-04-06T07:37:39.447+0000][67][gc,age      ] GC(159) - age  14:       1080 bytes,    1540192 total
[2023-04-06T07:37:39.448+0000][67][gc,age      ] GC(159) - age  15:       2168 bytes,    1542360 total
[2023-04-06T07:37:39.448+0000][67][gc,heap     ] GC(159) Eden regions: 23->0(23)
[2023-04-06T07:37:39.449+0000][67][gc,heap     ] GC(159) Survivor regions: 1->1(3)
[2023-04-06T07:37:39.450+0000][67][gc,heap     ] GC(159) Old regions: 25->25
[2023-04-06T07:37:39.450+0000][67][gc,heap     ] GC(159) Archive regions: 2->2
[2023-04-06T07:37:39.451+0000][67][gc,heap     ] GC(159) Humongous regions: 2->2
[2023-04-06T07:37:39.451+0000][67][gc,metaspace] GC(159) Metaspace: 139837K(142912K)->139837K(142912K) NonClass: 121938K(123136K)->121938K(123136K) Class: 17898K(19776K)->17898K(19776K)
[2023-04-06T07:37:39.452+0000][67][gc          ] GC(159) Pause Young (Normal) (G1 Evacuation Pause) 202M->110M(256M) 27.316ms
[2023-04-06T07:37:39.453+0000][67][gc,cpu      ] GC(159) User=0.01s Sys=0.00s Real=0.03s
[2023-04-06T07:37:39.453+0000][67][safepoint   ] Safepoint "G1CollectForAllocation", Time since last: 2373835901 ns, Reaching safepoint: 113247 ns, At safepoint: 28716069 ns, Total: 28829316 ns
[2023-04-06T07:37:49.450+0000][67][safepoint   ] Safepoint "Cleanup", Time since last: 10008879970 ns, Reaching safepoint: 339933 ns, At safepoint: 10719 ns, Total: 350652 ns
[2023-04-06T07:37:51.453+0000][67][safepoint   ] Safepoint "Cleanup", Time since last: 2003452361 ns, Reaching safepoint: 360720 ns, At safepoint: 15621 ns, Total: 376341 ns
[2023-04-06T07:38:00.460+0000][67][safepoint   ] Safepoint "Cleanup", Time since last: 9006976978 ns, Reaching safepoint: 116492 ns, At safepoint: 2959 ns, Total: 119451 ns
[2023-04-06T07:38:06.710+0000][67][gc,start    ] GC(160) Pause Young (Concurrent Start) (G1 Evacuation Pause)
[2023-04-06T07:38:06.712+0000][67][gc,task     ] GC(160) Using 4 workers of 4 for evacuation
[2023-04-06T07:38:06.713+0000][67][gc,age      ] GC(160) Desired survivor size 6291456 bytes, new threshold 15 (max threshold 15)
[2023-04-06T07:38:06.721+0000][67][gc,phases   ] GC(160)   Pre Evacuate Collection Set: 0.7ms
[2023-04-06T07:38:06.722+0000][67][gc,phases   ] GC(160)   Merge Heap Roots: 0.2ms
[2023-04-06T07:38:06.723+0000][67][gc,phases   ] GC(160)   Evacuate Collection Set: 3.2ms
[2023-04-06T07:38:06.724+0000][67][gc,phases   ] GC(160)   Post Evacuate Collection Set: 1.6ms
[2023-04-06T07:38:06.725+0000][67][gc,phases   ] GC(160)   Other: 3.3ms
[2023-04-06T07:38:06.726+0000][67][gc,age      ] GC(160) Age table with threshold 15 (max threshold 15)
[2023-04-06T07:38:06.727+0000][67][gc,age      ] GC(160) - age   1:    1368352 bytes,    1368352 total
[2023-04-06T07:38:06.727+0000][67][gc,age      ] GC(160) - age   2:     164816 bytes,    1533168 total
[2023-04-06T07:38:06.728+0000][67][gc,age      ] GC(160) - age   3:        528 bytes,    1533696 total
[2023-04-06T07:38:06.729+0000][67][gc,age      ] GC(160) - age   4:        680 bytes,    1534376 total
[2023-04-06T07:38:06.730+0000][67][gc,age      ] GC(160) - age   5:       1912 bytes,    1536288 total
[2023-04-06T07:38:06.731+0000][67][gc,age      ] GC(160) - age   6:       3152 bytes,    1539440 total
[2023-04-06T07:38:06.731+0000][67][gc,age      ] GC(160) - age   7:       1296 bytes,    1540736 total
[2023-04-06T07:38:06.732+0000][67][gc,age      ] GC(160) - age   8:        184 bytes,    1540920 total
[2023-04-06T07:38:06.732+0000][67][gc,age      ] GC(160) - age   9:        432 bytes,    1541352 total
[2023-04-06T07:38:06.733+0000][67][gc,age      ] GC(160) - age  10:       8936 bytes,    1550288 total
[2023-04-06T07:38:06.734+0000][67][gc,age      ] GC(160) - age  11:      38648 bytes,    1588936 total
[2023-04-06T07:38:06.735+0000][67][gc,age      ] GC(160) - age  12:       8840 bytes,    1597776 total
[2023-04-06T07:38:06.735+0000][67][gc,age      ] GC(160) - age  13:        576 bytes,    1598352 total
[2023-04-06T07:38:06.736+0000][67][gc,age      ] GC(160) - age  14:        808 bytes,    1599160 total
[2023-04-06T07:38:06.737+0000][67][gc,age      ] GC(160) - age  15:       1080 bytes,    1600240 total
[2023-04-06T07:38:06.737+0000][67][gc,heap     ] GC(160) Eden regions: 23->0(23)
[2023-04-06T07:38:06.739+0000][67][gc,heap     ] GC(160) Survivor regions: 1->1(3)
[2023-04-06T07:38:06.739+0000][67][gc,heap     ] GC(160) Old regions: 25->25
[2023-04-06T07:38:06.740+0000][67][gc,heap     ] GC(160) Archive regions: 2->2
[2023-04-06T07:38:06.740+0000][67][gc,heap     ] GC(160) Humongous regions: 2->2
[2023-04-06T07:38:06.741+0000][67][gc,metaspace] GC(160) Metaspace: 139842K(142976K)->139842K(142976K) NonClass: 121943K(123200K)->121943K(123200K) Class: 17898K(19776K)->17898K(19776K)
[2023-04-06T07:38:06.741+0000][67][gc          ] GC(160) Pause Young (Concurrent Start) (G1 Evacuation Pause) 202M->110M(256M) 31.812ms
[2023-04-06T07:38:06.742+0000][67][gc          ] GC(161) Concurrent Mark Cycle
[2023-04-06T07:38:06.743+0000][67][gc,marking  ] GC(161) Concurrent Clear Claimed Marks
[2023-04-06T07:38:06.744+0000][67][gc,marking  ] GC(161) Concurrent Clear Claimed Marks 0.853ms
[2023-04-06T07:38:06.744+0000][67][gc,marking  ] GC(161) Concurrent Scan Root Regions
[2023-04-06T07:38:06.742+0000][67][gc,cpu      ] GC(160) User=0.01s Sys=0.00s Real=0.03s
[2023-04-06T07:38:06.745+0000][67][safepoint   ] Safepoint "G1CollectForAllocation", Time since last: 6248606577 ns, Reaching safepoint: 476020 ns, At safepoint: 35870174 ns, Total: 36346194 ns
[2023-04-06T07:38:06.747+0000][67][gc,marking  ] GC(161) Concurrent Scan Root Regions 3.038ms
[2023-04-06T07:38:06.748+0000][67][gc,marking  ] GC(161) Concurrent Mark
[2023-04-06T07:38:06.750+0000][67][gc,marking  ] GC(161) Concurrent Mark From Roots
[2023-04-06T07:38:06.750+0000][67][gc,task     ] GC(161) Using 1 workers of 1 for marking
[2023-04-06T07:38:06.856+0000][67][gc,marking  ] GC(161) Concurrent Mark From Roots 105.959ms
[2023-04-06T07:38:06.857+0000][67][gc,marking  ] GC(161) Concurrent Preclean
[2023-04-06T07:38:06.858+0000][67][gc,marking  ] GC(161) Concurrent Preclean 0.906ms
[2023-04-06T07:38:06.858+0000][67][gc,start    ] GC(161) Pause Remark
[2023-04-06T07:38:06.867+0000][67][gc          ] GC(161) Pause Remark 112M->112M(256M) 8.948ms
[2023-04-06T07:38:06.869+0000][67][gc,cpu      ] GC(161) User=0.03s Sys=0.00s Real=0.01s
[2023-04-06T07:38:06.869+0000][67][safepoint   ] Safepoint "G1PauseRemark", Time since last: 112945736 ns, Reaching safepoint: 90752 ns, At safepoint: 10763471 ns, Total: 10854223 ns
[2023-04-06T07:38:06.870+0000][67][gc,marking  ] GC(161) Concurrent Mark 121.523ms
[2023-04-06T07:38:06.870+0000][67][gc,marking  ] GC(161) Concurrent Rebuild Remembered Sets
[2023-04-06T07:38:06.921+0000][67][gc,marking  ] GC(161) Concurrent Rebuild Remembered Sets 50.768ms
[2023-04-06T07:38:06.922+0000][67][gc,start    ] GC(161) Pause Cleanup
[2023-04-06T07:38:06.923+0000][67][gc          ] GC(161) Pause Cleanup 112M->112M(256M) 0.964ms
[2023-04-06T07:38:06.924+0000][67][gc,cpu      ] GC(161) User=0.00s Sys=0.00s Real=0.00s
[2023-04-06T07:38:06.924+0000][67][safepoint   ] Safepoint "G1PauseCleanup", Time since last: 52820573 ns, Reaching safepoint: 82478 ns, At safepoint: 1994293 ns, Total: 2076771 ns
[2023-04-06T07:38:06.925+0000][67][gc,marking  ] GC(161) Concurrent Cleanup for Next Mark
[2023-04-06T07:38:06.925+0000][67][gc,marking  ] GC(161) Concurrent Cleanup for Next Mark 0.739ms
[2023-04-06T07:38:06.926+0000][67][gc          ] GC(161) Concurrent Mark Cycle 183.803ms
[2023-04-06T07:38:14.933+0000][67][safepoint   ] Safepoint "Cleanup", Time since last: 8008177457 ns, Reaching safepoint: 669073 ns, At safepoint: 33457 ns, Total: 702530 ns
[2023-04-06T07:38:18.918+0000][67][safepoint   ] Safepoint "Cleanup", Time since last: 4005682962 ns, Reaching safepoint: 318987 ns, At safepoint: 15888 ns, Total: 334875 ns
[2023-04-06T07:38:32.934+0000][67][safepoint   ] Safepoint "Cleanup", Time since last: 14015497577 ns, Reaching safepoint: 450759 ns, At safepoint: 12068 ns, Total: 462827 ns
[2023-04-06T07:38:33.705+0000][67][gc,start    ] GC(162) Pause Young (Normal) (G1 Evacuation Pause)
[2023-04-06T07:38:33.706+0000][67][gc,task     ] GC(162) Using 4 workers of 4 for evacuation
[2023-04-06T07:38:33.707+0000][67][gc,age      ] GC(162) Desired survivor size 6291456 bytes, new threshold 15 (max threshold 15)
[2023-04-06T07:38:33.712+0000][67][gc,phases   ] GC(162)   Pre Evacuate Collection Set: 0.1ms
[2023-04-06T07:38:33.713+0000][67][gc,phases   ] GC(162)   Merge Heap Roots: 0.1ms
[2023-04-06T07:38:33.713+0000][67][gc,phases   ] GC(162)   Evacuate Collection Set: 2.5ms
[2023-04-06T07:38:33.714+0000][67][gc,phases   ] GC(162)   Post Evacuate Collection Set: 1.3ms
[2023-04-06T07:38:33.714+0000][67][gc,phases   ] GC(162)   Other: 1.6ms
[2023-04-06T07:38:33.715+0000][67][gc,age      ] GC(162) Age table with threshold 15 (max threshold 15)
[2023-04-06T07:38:33.716+0000][67][gc,age      ] GC(162) - age   1:    1736928 bytes,    1736928 total
[2023-04-06T07:38:33.716+0000][67][gc,age      ] GC(162) - age   2:     410984 bytes,    2147912 total
[2023-04-06T07:38:33.717+0000][67][gc,age      ] GC(162) - age   3:      26440 bytes,    2174352 total
[2023-04-06T07:38:33.717+0000][67][gc,age      ] GC(162) - age   4:        272 bytes,    2174624 total
[2023-04-06T07:38:33.718+0000][67][gc,age      ] GC(162) - age   5:        680 bytes,    2175304 total
[2023-04-06T07:38:33.718+0000][67][gc,age      ] GC(162) - age   6:       1912 bytes,    2177216 total
[2023-04-06T07:38:33.719+0000][67][gc,age      ] GC(162) - age   7:       3152 bytes,    2180368 total
[2023-04-06T07:38:33.719+0000][67][gc,age      ] GC(162) - age   8:       1296 bytes,    2181664 total
[2023-04-06T07:38:33.719+0000][67][gc,age      ] GC(162) - age   9:        184 bytes,    2181848 total
[2023-04-06T07:38:33.720+0000][67][gc,age      ] GC(162) - age  10:        432 bytes,    2182280 total
[2023-04-06T07:38:33.720+0000][67][gc,age      ] GC(162) - age  11:       8640 bytes,    2190920 total
[2023-04-06T07:38:33.721+0000][67][gc,age      ] GC(162) - age  12:      35200 bytes,    2226120 total
[2023-04-06T07:38:33.721+0000][67][gc,age      ] GC(162) - age  13:       8840 bytes,    2234960 total
[2023-04-06T07:38:33.722+0000][67][gc,age      ] GC(162) - age  14:        576 bytes,    2235536 total
[2023-04-06T07:38:33.723+0000][67][gc,age      ] GC(162) - age  15:        808 bytes,    2236344 total
[2023-04-06T07:38:33.723+0000][67][gc,heap     ] GC(162) Eden regions: 23->0(23)
[2023-04-06T07:38:33.724+0000][67][gc,heap     ] GC(162) Survivor regions: 1->1(3)
[2023-04-06T07:38:33.724+0000][67][gc,heap     ] GC(162) Old regions: 25->25
[2023-04-06T07:38:33.725+0000][67][gc,heap     ] GC(162) Archive regions: 2->2
[2023-04-06T07:38:33.725+0000][67][gc,heap     ] GC(162) Humongous regions: 2->2
[2023-04-06T07:38:33.726+0000][67][gc,metaspace] GC(162) Metaspace: 139843K(142976K)->139843K(142976K) NonClass: 121944K(123200K)->121944K(123200K) Class: 17898K(19776K)->17898K(19776K)
[2023-04-06T07:38:33.726+0000][67][gc          ] GC(162) Pause Young (Normal) (G1 Evacuation Pause) 202M->111M(256M) 20.991ms
[2023-04-06T07:38:33.727+0000][67][gc,cpu      ] GC(162) User=0.01s Sys=0.00s Real=0.02s
[2023-04-06T07:38:33.728+0000][67][safepoint   ] Safepoint "G1CollectForAllocation", Time since last: 771208681 ns, Reaching safepoint: 128664 ns, At safepoint: 22096440 ns, Total: 22225104 ns
[2023-04-06T07:38:34.731+0000][67][safepoint   ] Safepoint "Cleanup", Time since last: 1002605649 ns, Reaching safepoint: 573967 ns, At safepoint: 26527 ns, Total: 600494 ns
[2023-04-06T07:38:38.737+0000][67][safepoint   ] Safepoint "Cleanup", Time since last: 4005608177 ns, Reaching safepoint: 360811 ns, At safepoint: 14359 ns, Total: 375170 ns
[2023-04-06T07:38:49.729+0000][67][safepoint   ] Safepoint "Cleanup", Time since last: 11013626065 ns, Reaching safepoint: 238716 ns, At safepoint: 11662 ns, Total: 250378 ns
[2023-04-06T07:39:06.388+0000][67][gc,start    ] GC(163) Pause Young (Concurrent Start) (G1 Evacuation Pause)
[2023-04-06T07:39:06.390+0000][67][gc,task     ] GC(163) Using 4 workers of 4 for evacuation
[2023-04-06T07:39:06.392+0000][67][gc,age      ] GC(163) Desired survivor size 6291456 bytes, new threshold 15 (max threshold 15)
[2023-04-06T07:39:06.399+0000][67][gc,phases   ] GC(163)   Pre Evacuate Collection Set: 0.5ms
[2023-04-06T07:39:06.401+0000][67][gc,phases   ] GC(163)   Merge Heap Roots: 0.1ms
[2023-04-06T07:39:06.402+0000][67][gc,phases   ] GC(163)   Evacuate Collection Set: 3.5ms
[2023-04-06T07:39:06.403+0000][67][gc,phases   ] GC(163)   Post Evacuate Collection Set: 1.3ms
[2023-04-06T07:39:06.404+0000][67][gc,phases   ] GC(163)   Other: 3.5ms
[2023-04-06T07:39:06.405+0000][67][gc,age      ] GC(163) Age table with threshold 15 (max threshold 15)
[2023-04-06T07:39:06.405+0000][67][gc,age      ] GC(163) - age   1:     659392 bytes,     659392 total
[2023-04-06T07:39:06.406+0000][67][gc,age      ] GC(163) - age   2:      34472 bytes,     693864 total
[2023-04-06T07:39:06.407+0000][67][gc,age      ] GC(163) - age   3:     274952 bytes,     968816 total
[2023-04-06T07:39:06.408+0000][67][gc,age      ] GC(163) - age   4:      26056 bytes,     994872 total
[2023-04-06T07:39:06.409+0000][67][gc,age      ] GC(163) - age   5:        144 bytes,     995016 total
[2023-04-06T07:39:06.409+0000][67][gc,age      ] GC(163) - age   6:        680 bytes,     995696 total
[2023-04-06T07:39:06.410+0000][67][gc,age      ] GC(163) - age   7:       1912 bytes,     997608 total
[2023-04-06T07:39:06.411+0000][67][gc,age      ] GC(163) - age   8:       3152 bytes,    1000760 total
[2023-04-06T07:39:06.412+0000][67][gc,age      ] GC(163) - age   9:       1296 bytes,    1002056 total
[2023-04-06T07:39:06.412+0000][67][gc,age      ] GC(163) - age  10:        184 bytes,    1002240 total
[2023-04-06T07:39:06.413+0000][67][gc,age      ] GC(163) - age  11:        432 bytes,    1002672 total
[2023-04-06T07:39:06.414+0000][67][gc,age      ] GC(163) - age  12:       8640 bytes,    1011312 total
[2023-04-06T07:39:06.414+0000][67][gc,age      ] GC(163) - age  13:      35136 bytes,    1046448 total
[2023-04-06T07:39:06.415+0000][67][gc,age      ] GC(163) - age  14:       8840 bytes,    1055288 total
[2023-04-06T07:39:06.415+0000][67][gc,age      ] GC(163) - age  15:        576 bytes,    1055864 total
[2023-04-06T07:39:06.416+0000][67][gc,heap     ] GC(163) Eden regions: 23->0(23)
[2023-04-06T07:39:06.417+0000][67][gc,heap     ] GC(163) Survivor regions: 1->1(3)
[2023-04-06T07:39:06.417+0000][67][gc,heap     ] GC(163) Old regions: 25->25
[2023-04-06T07:39:06.418+0000][67][gc,heap     ] GC(163) Archive regions: 2->2
[2023-04-06T07:39:06.419+0000][67][gc,heap     ] GC(163) Humongous regions: 2->2
[2023-04-06T07:39:06.419+0000][67][gc,metaspace] GC(163) Metaspace: 139845K(142976K)->139845K(142976K) NonClass: 121946K(123200K)->121946K(123200K) Class: 17898K(19776K)->17898K(19776K)
[2023-04-06T07:39:06.420+0000][67][gc          ] GC(163) Pause Young (Concurrent Start) (G1 Evacuation Pause) 203M->110M(256M) 31.739ms
[2023-04-06T07:39:06.420+0000][67][gc          ] GC(164) Concurrent Mark Cycle
[2023-04-06T07:39:06.421+0000][67][gc,marking  ] GC(164) Concurrent Clear Claimed Marks
[2023-04-06T07:39:06.422+0000][67][gc,marking  ] GC(164) Concurrent Clear Claimed Marks 0.772ms
[2023-04-06T07:39:06.422+0000][67][gc,marking  ] GC(164) Concurrent Scan Root Regions
[2023-04-06T07:39:06.420+0000][67][gc,cpu      ] GC(163) User=0.01s Sys=0.01s Real=0.03s
[2023-04-06T07:39:06.423+0000][67][safepoint   ] Safepoint "G1CollectForAllocation", Time since last: 16658510020 ns, Reaching safepoint: 190257 ns, At safepoint: 35190321 ns, Total: 35380578 ns
[2023-04-06T07:39:06.427+0000][67][gc,marking  ] GC(164) Concurrent Scan Root Regions 4.609ms
[2023-04-06T07:39:06.427+0000][67][gc,marking  ] GC(164) Concurrent Mark
[2023-04-06T07:39:06.429+0000][67][gc,marking  ] GC(164) Concurrent Mark From Roots
[2023-04-06T07:39:06.429+0000][67][gc,task     ] GC(164) Using 1 workers of 1 for marking
[2023-04-06T07:39:06.548+0000][67][gc,marking  ] GC(164) Concurrent Mark From Roots 119.038ms
[2023-04-06T07:39:06.548+0000][67][gc,marking  ] GC(164) Concurrent Preclean
[2023-04-06T07:39:06.549+0000][67][gc,marking  ] GC(164) Concurrent Preclean 0.732ms
[2023-04-06T07:39:06.550+0000][67][gc,start    ] GC(164) Pause Remark
[2023-04-06T07:39:06.559+0000][67][gc          ] GC(164) Pause Remark 113M->113M(256M) 9.459ms
[2023-04-06T07:39:06.560+0000][67][gc,cpu      ] GC(164) User=0.03s Sys=0.00s Real=0.01s
[2023-04-06T07:39:06.561+0000][67][safepoint   ] Safepoint "G1PauseRemark", Time since last: 126441730 ns, Reaching safepoint: 61590 ns, At safepoint: 11089960 ns, Total: 11151550 ns
[2023-04-06T07:39:06.561+0000][67][gc,marking  ] GC(164) Concurrent Mark 134.181ms
[2023-04-06T07:39:06.562+0000][67][gc,marking  ] GC(164) Concurrent Rebuild Remembered Sets
[2023-04-06T07:39:06.641+0000][67][gc,marking  ] GC(164) Concurrent Rebuild Remembered Sets 79.085ms
[2023-04-06T07:39:06.642+0000][67][gc,start    ] GC(164) Pause Cleanup
[2023-04-06T07:39:06.643+0000][67][gc          ] GC(164) Pause Cleanup 114M->114M(256M) 0.559ms
[2023-04-06T07:39:06.643+0000][67][gc,cpu      ] GC(164) User=0.00s Sys=0.00s Real=0.00s
[2023-04-06T07:39:06.644+0000][67][safepoint   ] Safepoint "G1PauseCleanup", Time since last: 81139328 ns, Reaching safepoint: 96009 ns, At safepoint: 1706770 ns, Total: 1802779 ns
[2023-04-06T07:39:06.644+0000][67][gc,marking  ] GC(164) Concurrent Cleanup for Next Mark
[2023-04-06T07:39:06.645+0000][67][gc,marking  ] GC(164) Concurrent Cleanup for Next Mark 0.780ms
[2023-04-06T07:39:06.646+0000][67][gc          ] GC(164) Concurrent Mark Cycle 225.193ms
[2023-04-06T07:39:19.634+0000][67][safepoint   ] Safepoint "Cleanup", Time since last: 13012501588 ns, Reaching safepoint: 93617 ns, At safepoint: 4817 ns, Total: 98434 ns
[2023-04-06T07:39:30.651+0000][67][safepoint   ] Safepoint "Cleanup", Time since last: 11017136383 ns, Reaching safepoint: 184052 ns, At safepoint: 9691 ns, Total: 193743 ns
[2023-04-06T07:39:32.654+0000][67][safepoint   ] Safepoint "Cleanup", Time since last: 2002563408 ns, Reaching safepoint: 435785 ns, At safepoint: 9566 ns, Total: 445351 ns
[2023-04-06T07:39:36.720+0000][67][gc,start    ] GC(165) Pause Young (Normal) (G1 Evacuation Pause)
[2023-04-06T07:39:36.721+0000][67][gc,task     ] GC(165) Using 4 workers of 4 for evacuation
[2023-04-06T07:39:36.722+0000][67][gc,age      ] GC(165) Desired survivor size 6291456 bytes, new threshold 15 (max threshold 15)
[2023-04-06T07:39:36.726+0000][67][gc,phases   ] GC(165)   Pre Evacuate Collection Set: 0.1ms
[2023-04-06T07:39:36.726+0000][67][gc,phases   ] GC(165)   Merge Heap Roots: 0.1ms
[2023-04-06T07:39:36.727+0000][67][gc,phases   ] GC(165)   Evacuate Collection Set: 1.9ms
[2023-04-06T07:39:36.727+0000][67][gc,phases   ] GC(165)   Post Evacuate Collection Set: 1.3ms
[2023-04-06T07:39:36.728+0000][67][gc,phases   ] GC(165)   Other: 1.1ms
[2023-04-06T07:39:36.728+0000][67][gc,age      ] GC(165) Age table with threshold 15 (max threshold 15)
[2023-04-06T07:39:36.729+0000][67][gc,age      ] GC(165) - age   1:     972856 bytes,     972856 total
[2023-04-06T07:39:36.729+0000][67][gc,age      ] GC(165) - age   2:     138200 bytes,    1111056 total
[2023-04-06T07:39:36.730+0000][67][gc,age      ] GC(165) - age   3:      32904 bytes,    1143960 total
[2023-04-06T07:39:36.730+0000][67][gc,age      ] GC(165) - age   4:     274512 bytes,    1418472 total
[2023-04-06T07:39:36.730+0000][67][gc,age      ] GC(165) - age   5:      25880 bytes,    1444352 total
[2023-04-06T07:39:36.731+0000][67][gc,age      ] GC(165) - age   6:        144 bytes,    1444496 total
[2023-04-06T07:39:36.731+0000][67][gc,age      ] GC(165) - age   7:        680 bytes,    1445176 total
[2023-04-06T07:39:36.732+0000][67][gc,age      ] GC(165) - age   8:       1912 bytes,    1447088 total
[2023-04-06T07:39:36.732+0000][67][gc,age      ] GC(165) - age   9:       2968 bytes,    1450056 total
[2023-04-06T07:39:36.733+0000][67][gc,age      ] GC(165) - age  10:       1296 bytes,    1451352 total
[2023-04-06T07:39:36.733+0000][67][gc,age      ] GC(165) - age  11:        184 bytes,    1451536 total
[2023-04-06T07:39:36.734+0000][67][gc,age      ] GC(165) - age  12:        104 bytes,    1451640 total
[2023-04-06T07:39:36.735+0000][67][gc,age      ] GC(165) - age  13:       8640 bytes,    1460280 total
[2023-04-06T07:39:36.735+0000][67][gc,age      ] GC(165) - age  14:      34944 bytes,    1495224 total
[2023-04-06T07:39:36.736+0000][67][gc,age      ] GC(165) - age  15:       8840 bytes,    1504064 total
[2023-04-06T07:39:36.737+0000][67][gc,heap     ] GC(165) Eden regions: 23->0(23)
[2023-04-06T07:39:36.737+0000][67][gc,heap     ] GC(165) Survivor regions: 1->1(3)
[2023-04-06T07:39:36.738+0000][67][gc,heap     ] GC(165) Old regions: 25->25
[2023-04-06T07:39:36.739+0000][67][gc,heap     ] GC(165) Archive regions: 2->2
[2023-04-06T07:39:36.739+0000][67][gc,heap     ] GC(165) Humongous regions: 2->2
[2023-04-06T07:39:36.739+0000][67][gc,metaspace] GC(165) Metaspace: 139852K(142976K)->139852K(142976K) NonClass: 121953K(123200K)->121953K(123200K) Class: 17898K(19776K)->17898K(19776K)
[2023-04-06T07:39:36.740+0000][67][gc          ] GC(165) Pause Young (Normal) (G1 Evacuation Pause) 202M->110M(256M) 19.855ms
[2023-04-06T07:39:36.741+0000][67][gc,cpu      ] GC(165) User=0.01s Sys=0.01s Real=0.02s
[2023-04-06T07:39:36.742+0000][67][safepoint   ] Safepoint "G1CollectForAllocation", Time since last: 4065725385 ns, Reaching safepoint: 194527 ns, At safepoint: 21868083 ns, Total: 22062610 ns
[2023-04-06T07:39:46.753+0000][67][safepoint   ] Safepoint "Cleanup", Time since last: 10010191964 ns, Reaching safepoint: 332418 ns, At safepoint: 10841 ns, Total: 343259 ns
[2023-04-06T07:39:49.736+0000][67][safepoint   ] Safepoint "Cleanup", Time since last: 3004399915 ns, Reaching safepoint: 359334 ns, At safepoint: 12764 ns, Total: 372098 ns
[2023-04-06T07:39:50.741+0000][67][safepoint   ] Safepoint "Cleanup", Time since last: 1004475454 ns, Reaching safepoint: 418578 ns, At safepoint: 20400 ns, Total: 438978 ns
[2023-04-06T07:39:54.749+0000][67][safepoint   ] Safepoint "Cleanup", Time since last: 4007916980 ns, Reaching safepoint: 632131 ns, At safepoint: 107119 ns, Total: 739250 ns
[2023-04-06T07:40:00.757+0000][67][safepoint   ] Safepoint "Cleanup", Time since last: 6007348325 ns, Reaching safepoint: 596202 ns, At safepoint: 8586 ns, Total: 604788 ns
[2023-04-06T07:40:06.766+0000][67][safepoint   ] Safepoint "Cleanup", Time since last: 6008518414 ns, Reaching safepoint: 270967 ns, At safepoint: 6246 ns, Total: 277213 ns
[2023-04-06T07:40:09.368+0000][67][gc,start    ] GC(166) Pause Young (Concurrent Start) (G1 Evacuation Pause)
[2023-04-06T07:40:09.370+0000][67][gc,task     ] GC(166) Using 4 workers of 4 for evacuation
[2023-04-06T07:40:09.371+0000][67][gc,age      ] GC(166) Desired survivor size 6291456 bytes, new threshold 15 (max threshold 15)
[2023-04-06T07:40:09.377+0000][67][gc,phases   ] GC(166)   Pre Evacuate Collection Set: 0.6ms
[2023-04-06T07:40:09.378+0000][67][gc,phases   ] GC(166)   Merge Heap Roots: 0.3ms
[2023-04-06T07:40:09.379+0000][67][gc,phases   ] GC(166)   Evacuate Collection Set: 2.5ms
[2023-04-06T07:40:09.380+0000][67][gc,phases   ] GC(166)   Post Evacuate Collection Set: 1.3ms
[2023-04-06T07:40:09.381+0000][67][gc,phases   ] GC(166)   Other: 2.5ms
[2023-04-06T07:40:09.382+0000][67][gc,age      ] GC(166) Age table with threshold 15 (max threshold 15)
[2023-04-06T07:40:09.382+0000][67][gc,age      ] GC(166) - age   1:    1112720 bytes,    1112720 total
[2023-04-06T07:40:09.383+0000][67][gc,age      ] GC(166) - age   2:      11272 bytes,    1123992 total
[2023-04-06T07:40:09.384+0000][67][gc,age      ] GC(166) - age   3:     137240 bytes,    1261232 total
[2023-04-06T07:40:09.384+0000][67][gc,age      ] GC(166) - age   4:      32224 bytes,    1293456 total
[2023-04-06T07:40:09.385+0000][67][gc,age      ] GC(166) - age   5:     266304 bytes,    1559760 total
[2023-04-06T07:40:09.386+0000][67][gc,age      ] GC(166) - age   6:       8936 bytes,    1568696 total
[2023-04-06T07:40:09.387+0000][67][gc,age      ] GC(166) - age   7:        144 bytes,    1568840 total
[2023-04-06T07:40:09.387+0000][67][gc,age      ] GC(166) - age   8:        680 bytes,    1569520 total
[2023-04-06T07:40:09.388+0000][67][gc,age      ] GC(166) - age   9:       1912 bytes,    1571432 total
[2023-04-06T07:40:09.388+0000][67][gc,age      ] GC(166) - age  10:       2968 bytes,    1574400 total
[2023-04-06T07:40:09.389+0000][67][gc,age      ] GC(166) - age  11:       1296 bytes,    1575696 total
[2023-04-06T07:40:09.390+0000][67][gc,age      ] GC(166) - age  12:        184 bytes,    1575880 total
[2023-04-06T07:40:09.391+0000][67][gc,age      ] GC(166) - age  13:        104 bytes,    1575984 total
[2023-04-06T07:40:09.392+0000][67][gc,age      ] GC(166) - age  14:       8640 bytes,    1584624 total
[2023-04-06T07:40:09.392+0000][67][gc,age      ] GC(166) - age  15:      34944 bytes,    1619568 total
[2023-04-06T07:40:09.393+0000][67][gc,heap     ] GC(166) Eden regions: 23->0(23)
[2023-04-06T07:40:09.394+0000][67][gc,heap     ] GC(166) Survivor regions: 1->1(3)
[2023-04-06T07:40:09.394+0000][67][gc,heap     ] GC(166) Old regions: 25->25
[2023-04-06T07:40:09.395+0000][67][gc,heap     ] GC(166) Archive regions: 2->2
[2023-04-06T07:40:09.395+0000][67][gc,heap     ] GC(166) Humongous regions: 2->2
[2023-04-06T07:40:09.396+0000][67][gc,metaspace] GC(166) Metaspace: 139873K(143040K)->139873K(143040K) NonClass: 121972K(123264K)->121972K(123264K) Class: 17900K(19776K)->17900K(19776K)
[2023-04-06T07:40:09.396+0000][67][gc          ] GC(166) Pause Young (Concurrent Start) (G1 Evacuation Pause) 202M->110M(256M) 28.000ms
[2023-04-06T07:40:09.397+0000][67][gc,cpu      ] GC(166) User=0.01s Sys=0.01s Real=0.02s
[2023-04-06T07:40:09.397+0000][67][gc          ] GC(167) Concurrent Mark Cycle
[2023-04-06T07:40:09.398+0000][67][gc,marking  ] GC(167) Concurrent Clear Claimed Marks
[2023-04-06T07:40:09.397+0000][67][safepoint   ] Safepoint "G1CollectForAllocation", Time since last: 2601983514 ns, Reaching safepoint: 116121 ns, At safepoint: 29241496 ns, Total: 29357617 ns
[2023-04-06T07:40:09.399+0000][67][gc,marking  ] GC(167) Concurrent Clear Claimed Marks 0.992ms
[2023-04-06T07:40:09.401+0000][67][gc,marking  ] GC(167) Concurrent Scan Root Regions
[2023-04-06T07:40:09.403+0000][67][gc,marking  ] GC(167) Concurrent Scan Root Regions 2.504ms
[2023-04-06T07:40:09.404+0000][67][gc,marking  ] GC(167) Concurrent Mark
[2023-04-06T07:40:09.404+0000][67][gc,marking  ] GC(167) Concurrent Mark From Roots
[2023-04-06T07:40:09.406+0000][67][gc,task     ] GC(167) Using 1 workers of 1 for marking
[2023-04-06T07:40:09.506+0000][67][gc,marking  ] GC(167) Concurrent Mark From Roots 102.297ms
[2023-04-06T07:40:09.508+0000][67][gc,marking  ] GC(167) Concurrent Preclean
[2023-04-06T07:40:09.509+0000][67][gc,marking  ] GC(167) Concurrent Preclean 0.880ms
[2023-04-06T07:40:09.509+0000][67][gc,start    ] GC(167) Pause Remark
[2023-04-06T07:40:09.521+0000][67][gc          ] GC(167) Pause Remark 113M->113M(256M) 11.146ms
[2023-04-06T07:40:09.521+0000][67][gc,cpu      ] GC(167) User=0.03s Sys=0.00s Real=0.01s
[2023-04-06T07:40:09.522+0000][67][safepoint   ] Safepoint "G1PauseRemark", Time since last: 111883372 ns, Reaching safepoint: 99819 ns, At safepoint: 12547758 ns, Total: 12647577 ns
[2023-04-06T07:40:09.523+0000][67][gc,marking  ] GC(167) Concurrent Mark 118.907ms
[2023-04-06T07:40:09.523+0000][67][gc,marking  ] GC(167) Concurrent Rebuild Remembered Sets
[2023-04-06T07:40:09.575+0000][67][gc,marking  ] GC(167) Concurrent Rebuild Remembered Sets 51.543ms
[2023-04-06T07:40:09.576+0000][67][gc,start    ] GC(167) Pause Cleanup
[2023-04-06T07:40:09.577+0000][67][gc          ] GC(167) Pause Cleanup 113M->113M(256M) 0.976ms
[2023-04-06T07:40:09.578+0000][67][gc,cpu      ] GC(167) User=0.00s Sys=0.00s Real=0.00s
[2023-04-06T07:40:09.578+0000][67][safepoint   ] Safepoint "G1PauseCleanup", Time since last: 53846617 ns, Reaching safepoint: 153100 ns, At safepoint: 2090499 ns, Total: 2243599 ns
[2023-04-06T07:40:09.578+0000][67][gc,marking  ] GC(167) Concurrent Cleanup for Next Mark
[2023-04-06T07:40:09.579+0000][67][gc,marking  ] GC(167) Concurrent Cleanup for Next Mark 0.753ms
[2023-04-06T07:40:09.580+0000][67][gc          ] GC(167) Concurrent Mark Cycle 182.829ms
[2023-04-06T07:40:30.568+0000][67][safepoint   ] Safepoint "Cleanup", Time since last: 21012193634 ns, Reaching safepoint: 152115 ns, At safepoint: 8022 ns, Total: 160137 ns
[2023-04-06T07:40:31.571+0000][67][safepoint   ] Safepoint "Cleanup", Time since last: 1001798368 ns, Reaching safepoint: 391371 ns, At safepoint: 291845 ns, Total: 683216 ns
[2023-04-06T07:40:32.578+0000][67][safepoint   ] Safepoint "Cleanup", Time since last: 1006953217 ns, Reaching safepoint: 221034 ns, At safepoint: 3647 ns, Total: 224681 ns
[2023-04-06T07:40:39.367+0000][67][gc,start    ] GC(168) Pause Young (Normal) (G1 Evacuation Pause)
[2023-04-06T07:40:39.368+0000][67][gc,task     ] GC(168) Using 4 workers of 4 for evacuation
[2023-04-06T07:40:39.370+0000][67][gc,age      ] GC(168) Desired survivor size 6291456 bytes, new threshold 15 (max threshold 15)
[2023-04-06T07:40:39.376+0000][67][gc,phases   ] GC(168)   Pre Evacuate Collection Set: 0.3ms
[2023-04-06T07:40:39.377+0000][67][gc,phases   ] GC(168)   Merge Heap Roots: 0.2ms
[2023-04-06T07:40:39.377+0000][67][gc,phases   ] GC(168)   Evacuate Collection Set: 3.7ms
[2023-04-06T07:40:39.378+0000][67][gc,phases   ] GC(168)   Post Evacuate Collection Set: 1.1ms
[2023-04-06T07:40:39.379+0000][67][gc,phases   ] GC(168)   Other: 2.2ms
[2023-04-06T07:40:39.379+0000][67][gc,age      ] GC(168) Age table with threshold 15 (max threshold 15)
[2023-04-06T07:40:39.380+0000][67][gc,age      ] GC(168) - age   1:    1352720 bytes,    1352720 total
[2023-04-06T07:40:39.381+0000][67][gc,age      ] GC(168) - age   2:     154576 bytes,    1507296 total
[2023-04-06T07:40:39.381+0000][67][gc,age      ] GC(168) - age   3:       9960 bytes,    1517256 total
[2023-04-06T07:40:39.382+0000][67][gc,age      ] GC(168) - age   4:       1696 bytes,    1518952 total
[2023-04-06T07:40:39.382+0000][67][gc,age      ] GC(168) - age   5:      31144 bytes,    1550096 total
[2023-04-06T07:40:39.383+0000][67][gc,age      ] GC(168) - age   6:     266304 bytes,    1816400 total
[2023-04-06T07:40:39.384+0000][67][gc,age      ] GC(168) - age   7:       8936 bytes,    1825336 total
[2023-04-06T07:40:39.384+0000][67][gc,age      ] GC(168) - age   8:        144 bytes,    1825480 total
[2023-04-06T07:40:39.385+0000][67][gc,age      ] GC(168) - age   9:        384 bytes,    1825864 total
[2023-04-06T07:40:39.385+0000][67][gc,age      ] GC(168) - age  10:       1912 bytes,    1827776 total
[2023-04-06T07:40:39.386+0000][67][gc,age      ] GC(168) - age  11:       2968 bytes,    1830744 total
[2023-04-06T07:40:39.387+0000][67][gc,age      ] GC(168) - age  12:       1296 bytes,    1832040 total
[2023-04-06T07:40:39.387+0000][67][gc,age      ] GC(168) - age  13:        184 bytes,    1832224 total
[2023-04-06T07:40:39.388+0000][67][gc,age      ] GC(168) - age  14:        104 bytes,    1832328 total
[2023-04-06T07:40:39.389+0000][67][gc,age      ] GC(168) - age  15:       8640 bytes,    1840968 total
[2023-04-06T07:40:39.389+0000][67][gc,heap     ] GC(168) Eden regions: 23->0(23)
[2023-04-06T07:40:39.390+0000][67][gc,heap     ] GC(168) Survivor regions: 1->1(3)
[2023-04-06T07:40:39.390+0000][67][gc,heap     ] GC(168) Old regions: 25->25
[2023-04-06T07:40:39.391+0000][67][gc,heap     ] GC(168) Archive regions: 2->2
[2023-04-06T07:40:39.391+0000][67][gc,heap     ] GC(168) Humongous regions: 2->2
[2023-04-06T07:40:39.392+0000][67][gc,metaspace] GC(168) Metaspace: 139878K(143040K)->139878K(143040K) NonClass: 121978K(123264K)->121978K(123264K) Class: 17900K(19776K)->17900K(19776K)
[2023-04-06T07:40:39.392+0000][67][gc          ] GC(168) Pause Young (Normal) (G1 Evacuation Pause) 202M->110M(256M) 25.358ms
[2023-04-06T07:40:39.393+0000][67][gc,cpu      ] GC(168) User=0.01s Sys=0.00s Real=0.02s
[2023-04-06T07:40:39.394+0000][67][safepoint   ] Safepoint "G1CollectForAllocation", Time since last: 6789187153 ns, Reaching safepoint: 185850 ns, At safepoint: 26509092 ns, Total: 26694942 ns
[2023-04-06T07:40:40.396+0000][67][safepoint   ] Safepoint "Cleanup", Time since last: 1002133141 ns, Reaching safepoint: 569771 ns, At safepoint: 15219 ns, Total: 584990 ns
[2023-04-06T07:40:43.401+0000][67][safepoint   ] Safepoint "Cleanup", Time since last: 3004438501 ns, Reaching safepoint: 238375 ns, At safepoint: 10704 ns, Total: 249079 ns
[2023-04-06T07:41:03.395+0000][67][safepoint   ] Safepoint "Cleanup", Time since last: 20015300463 ns, Reaching safepoint: 258750 ns, At safepoint: 12825 ns, Total: 271575 ns
[2023-04-06T07:41:03.428+0000][67][gc,start    ] GC(169) Pause Young (Concurrent Start) (G1 Evacuation Pause)
[2023-04-06T07:41:03.429+0000][67][gc,task     ] GC(169) Using 4 workers of 4 for evacuation
[2023-04-06T07:41:03.431+0000][67][gc,age      ] GC(169) Desired survivor size 6291456 bytes, new threshold 15 (max threshold 15)
[2023-04-06T07:41:03.437+0000][67][gc,phases   ] GC(169)   Pre Evacuate Collection Set: 0.6ms
[2023-04-06T07:41:03.438+0000][67][gc,phases   ] GC(169)   Merge Heap Roots: 0.1ms
[2023-04-06T07:41:03.439+0000][67][gc,phases   ] GC(169)   Evacuate Collection Set: 3.2ms
[2023-04-06T07:41:03.440+0000][67][gc,phases   ] GC(169)   Post Evacuate Collection Set: 1.2ms
[2023-04-06T07:41:03.441+0000][67][gc,phases   ] GC(169)   Other: 2.5ms
[2023-04-06T07:41:03.442+0000][67][gc,age      ] GC(169) Age table with threshold 15 (max threshold 15)
[2023-04-06T07:41:03.442+0000][67][gc,age      ] GC(169) - age   1:     494664 bytes,     494664 total
[2023-04-06T07:41:03.443+0000][67][gc,age      ] GC(169) - age   2:      10544 bytes,     505208 total
[2023-04-06T07:41:03.444+0000][67][gc,age      ] GC(169) - age   3:      10200 bytes,     515408 total
[2023-04-06T07:41:03.445+0000][67][gc,age      ] GC(169) - age   4:       9768 bytes,     525176 total
[2023-04-06T07:41:03.446+0000][67][gc,age      ] GC(169) - age   5:       1632 bytes,     526808 total
[2023-04-06T07:41:03.446+0000][67][gc,age      ] GC(169) - age   6:      31144 bytes,     557952 total
[2023-04-06T07:41:03.447+0000][67][gc,age      ] GC(169) - age   7:     266304 bytes,     824256 total
[2023-04-06T07:41:03.448+0000][67][gc,age      ] GC(169) - age   8:       8936 bytes,     833192 total
[2023-04-06T07:41:03.448+0000][67][gc,age      ] GC(169) - age   9:        144 bytes,     833336 total
[2023-04-06T07:41:03.449+0000][67][gc,age      ] GC(169) - age  10:        384 bytes,     833720 total
[2023-04-06T07:41:03.450+0000][67][gc,age      ] GC(169) - age  11:       1912 bytes,     835632 total
[2023-04-06T07:41:03.451+0000][67][gc,age      ] GC(169) - age  12:       2968 bytes,     838600 total
[2023-04-06T07:41:03.451+0000][67][gc,age      ] GC(169) - age  13:       1296 bytes,     839896 total
[2023-04-06T07:41:03.452+0000][67][gc,age      ] GC(169) - age  14:        184 bytes,     840080 total
[2023-04-06T07:41:03.453+0000][67][gc,age      ] GC(169) - age  15:        104 bytes,     840184 total
[2023-04-06T07:41:03.453+0000][67][gc,heap     ] GC(169) Eden regions: 23->0(23)
[2023-04-06T07:41:03.454+0000][67][gc,heap     ] GC(169) Survivor regions: 1->1(3)
[2023-04-06T07:41:03.454+0000][67][gc,heap     ] GC(169) Old regions: 25->25
[2023-04-06T07:41:03.455+0000][67][gc,heap     ] GC(169) Archive regions: 2->2
[2023-04-06T07:41:03.456+0000][67][gc,heap     ] GC(169) Humongous regions: 2->2
[2023-04-06T07:41:03.456+0000][67][gc,metaspace] GC(169) Metaspace: 139879K(143040K)->139879K(143040K) NonClass: 121979K(123264K)->121979K(123264K) Class: 17900K(19776K)->17900K(19776K)
[2023-04-06T07:41:03.457+0000][67][gc          ] GC(169) Pause Young (Concurrent Start) (G1 Evacuation Pause) 202M->109M(256M) 29.199ms
[2023-04-06T07:41:03.458+0000][67][gc          ] GC(170) Concurrent Mark Cycle
[2023-04-06T07:41:03.458+0000][67][gc,marking  ] GC(170) Concurrent Clear Claimed Marks
[2023-04-06T07:41:03.459+0000][67][gc,marking  ] GC(170) Concurrent Clear Claimed Marks 0.901ms
[2023-04-06T07:41:03.460+0000][67][gc,marking  ] GC(170) Concurrent Scan Root Regions
[2023-04-06T07:41:03.458+0000][67][gc,cpu      ] GC(169) User=0.01s Sys=0.00s Real=0.03s
[2023-04-06T07:41:03.462+0000][67][gc,marking  ] GC(170) Concurrent Scan Root Regions 2.557ms
[2023-04-06T07:41:03.463+0000][67][gc,marking  ] GC(170) Concurrent Mark
[2023-04-06T07:41:03.464+0000][67][gc,marking  ] GC(170) Concurrent Mark From Roots
[2023-04-06T07:41:03.464+0000][67][gc,task     ] GC(170) Using 1 workers of 1 for marking
[2023-04-06T07:41:03.463+0000][67][safepoint   ] Safepoint "G1CollectForAllocation", Time since last: 32402698 ns, Reaching safepoint: 109239 ns, At safepoint: 34962866 ns, Total: 35072105 ns
[2023-04-06T07:41:03.568+0000][67][gc,marking  ] GC(170) Concurrent Mark From Roots 104.166ms
[2023-04-06T07:41:03.569+0000][67][gc,marking  ] GC(170) Concurrent Preclean
[2023-04-06T07:41:03.570+0000][67][gc,marking  ] GC(170) Concurrent Preclean 1.421ms
[2023-04-06T07:41:03.571+0000][67][gc,start    ] GC(170) Pause Remark
[2023-04-06T07:41:03.584+0000][67][gc          ] GC(170) Pause Remark 110M->110M(256M) 12.964ms
[2023-04-06T07:41:03.585+0000][67][gc,cpu      ] GC(170) User=0.03s Sys=0.00s Real=0.02s
[2023-04-06T07:41:03.586+0000][67][safepoint   ] Safepoint "G1PauseRemark", Time since last: 108392100 ns, Reaching safepoint: 163418 ns, At safepoint: 14939158 ns, Total: 15102576 ns
[2023-04-06T07:41:03.587+0000][67][gc,marking  ] GC(170) Concurrent Mark 123.879ms
[2023-04-06T07:41:03.588+0000][67][gc,marking  ] GC(170) Concurrent Rebuild Remembered Sets
[2023-04-06T07:41:03.638+0000][67][gc,marking  ] GC(170) Concurrent Rebuild Remembered Sets 50.317ms
[2023-04-06T07:41:03.639+0000][67][gc,start    ] GC(170) Pause Cleanup
[2023-04-06T07:41:03.640+0000][67][gc          ] GC(170) Pause Cleanup 110M->110M(256M) 0.754ms
[2023-04-06T07:41:03.641+0000][67][gc,cpu      ] GC(170) User=0.00s Sys=0.00s Real=0.00s
[2023-04-06T07:41:03.642+0000][67][safepoint   ] Safepoint "G1PauseCleanup", Time since last: 52843692 ns, Reaching safepoint: 111204 ns, At safepoint: 2564147 ns, Total: 2675351 ns
[2023-04-06T07:41:03.642+0000][67][gc,marking  ] GC(170) Concurrent Cleanup for Next Mark
[2023-04-06T07:41:03.643+0000][67][gc,marking  ] GC(170) Concurrent Cleanup for Next Mark 0.955ms
[2023-04-06T07:41:03.644+0000][67][gc          ] GC(170) Concurrent Mark Cycle 186.314ms
[2023-04-06T07:41:25.672+0000][67][safepoint   ] Safepoint "Cleanup", Time since last: 22051906046 ns, Reaching safepoint: 357517 ns, At safepoint: 11160 ns, Total: 368677 ns
[2023-04-06T07:41:32.680+0000][67][safepoint   ] Safepoint "Cleanup", Time since last: 7008389038 ns, Reaching safepoint: 268461 ns, At safepoint: 12240 ns, Total: 280701 ns
[2023-04-06T07:41:36.627+0000][67][gc,start    ] GC(171) Pause Young (Normal) (G1 Evacuation Pause)
[2023-04-06T07:41:36.629+0000][67][gc,task     ] GC(171) Using 4 workers of 4 for evacuation
[2023-04-06T07:41:36.630+0000][67][gc,age      ] GC(171) Desired survivor size 6291456 bytes, new threshold 15 (max threshold 15)
[2023-04-06T07:41:36.636+0000][67][gc,phases   ] GC(171)   Pre Evacuate Collection Set: 0.2ms
[2023-04-06T07:41:36.638+0000][67][gc,phases   ] GC(171)   Merge Heap Roots: 0.2ms
[2023-04-06T07:41:36.639+0000][67][gc,phases   ] GC(171)   Evacuate Collection Set: 2.3ms
[2023-04-06T07:41:36.639+0000][67][gc,phases   ] GC(171)   Post Evacuate Collection Set: 1.4ms
[2023-04-06T07:41:36.640+0000][67][gc,phases   ] GC(171)   Other: 2.9ms
[2023-04-06T07:41:36.642+0000][67][gc,age      ] GC(171) Age table with threshold 15 (max threshold 15)
[2023-04-06T07:41:36.642+0000][67][gc,age      ] GC(171) - age   1:     616872 bytes,     616872 total
[2023-04-06T07:41:36.643+0000][67][gc,age      ] GC(171) - age   2:     133088 bytes,     749960 total
[2023-04-06T07:41:36.644+0000][67][gc,age      ] GC(171) - age   3:       9096 bytes,     759056 total
[2023-04-06T07:41:36.645+0000][67][gc,age      ] GC(171) - age   4:       9920 bytes,     768976 total
[2023-04-06T07:41:36.646+0000][67][gc,age      ] GC(171) - age   5:       8800 bytes,     777776 total
[2023-04-06T07:41:36.646+0000][67][gc,age      ] GC(171) - age   6:       1632 bytes,     779408 total
[2023-04-06T07:41:36.647+0000][67][gc,age      ] GC(171) - age   7:      31144 bytes,     810552 total
[2023-04-06T07:41:36.648+0000][67][gc,age      ] GC(171) - age   8:     266304 bytes,    1076856 total
[2023-04-06T07:41:36.648+0000][67][gc,age      ] GC(171) - age   9:       8936 bytes,    1085792 total
[2023-04-06T07:41:36.649+0000][67][gc,age      ] GC(171) - age  10:        144 bytes,    1085936 total
[2023-04-06T07:41:36.649+0000][67][gc,age      ] GC(171) - age  11:        384 bytes,    1086320 total
[2023-04-06T07:41:36.651+0000][67][gc,age      ] GC(171) - age  12:       1912 bytes,    1088232 total
[2023-04-06T07:41:36.652+0000][67][gc,age      ] GC(171) - age  13:       2968 bytes,    1091200 total
[2023-04-06T07:41:36.652+0000][67][gc,age      ] GC(171) - age  14:       1296 bytes,    1092496 total
[2023-04-06T07:41:36.653+0000][67][gc,age      ] GC(171) - age  15:        184 bytes,    1092680 total
[2023-04-06T07:41:36.653+0000][67][gc,heap     ] GC(171) Eden regions: 23->0(23)
[2023-04-06T07:41:36.654+0000][67][gc,heap     ] GC(171) Survivor regions: 1->1(3)
[2023-04-06T07:41:36.654+0000][67][gc,heap     ] GC(171) Old regions: 25->25
[2023-04-06T07:41:36.655+0000][67][gc,heap     ] GC(171) Archive regions: 2->2
[2023-04-06T07:41:36.655+0000][67][gc,heap     ] GC(171) Humongous regions: 2->2
[2023-04-06T07:41:36.656+0000][67][gc,metaspace] GC(171) Metaspace: 139881K(143040K)->139881K(143040K) NonClass: 121981K(123264K)->121981K(123264K) Class: 17900K(19776K)->17900K(19776K)
[2023-04-06T07:41:36.656+0000][67][gc          ] GC(171) Pause Young (Normal) (G1 Evacuation Pause) 201M->110M(256M) 28.993ms
[2023-04-06T07:41:36.657+0000][67][gc,cpu      ] GC(171) User=0.01s Sys=0.00s Real=0.03s
[2023-04-06T07:41:36.657+0000][67][safepoint   ] Safepoint "G1CollectForAllocation", Time since last: 3946666301 ns, Reaching safepoint: 278294 ns, At safepoint: 30170361 ns, Total: 30448655 ns
[2023-04-06T07:41:45.666+0000][67][safepoint   ] Safepoint "Cleanup", Time since last: 9008492095 ns, Reaching safepoint: 380401 ns, At safepoint: 39018 ns, Total: 419419 ns
[2023-04-06T07:41:49.652+0000][67][safepoint   ] Safepoint "Cleanup", Time since last: 4007569427 ns, Reaching safepoint: 156255 ns, At safepoint: 5757 ns, Total: 162012 ns
[2023-04-06T07:41:54.659+0000][67][safepoint   ] Safepoint "Cleanup", Time since last: 5006551450 ns, Reaching safepoint: 338113 ns, At safepoint: 48557 ns, Total: 386670 ns
[2023-04-06T07:42:00.666+0000][67][safepoint   ] Safepoint "Cleanup", Time since last: 6006733091 ns, Reaching safepoint: 542054 ns, At safepoint: 11962 ns, Total: 554016 ns
[2023-04-06T07:42:01.670+0000][67][safepoint   ] Safepoint "Cleanup", Time since last: 1003594581 ns, Reaching safepoint: 192277 ns, At safepoint: 11483 ns, Total: 203760 ns
