[2023-03-04T09:06:34.268+0000][68][gc,init] CardTable entry size: 512
[2023-03-04T09:06:34.269+0000][68][gc     ] Using G1
[2023-03-04T09:06:34.684+0000][68][gc,init] Version: 19.0.1+10-21 (release)
[2023-03-04T09:06:34.685+0000][68][gc,init] CPUs: 4 total, 4 available
[2023-03-04T09:06:34.686+0000][68][gc,init] Memory: 7860M
[2023-03-04T09:06:34.686+0000][68][gc,init] Large Page Support: Disabled
[2023-03-04T09:06:34.687+0000][68][gc,init] NUMA Support: Disabled
[2023-03-04T09:06:34.687+0000][68][gc,init] Compressed Oops: Enabled (32-bit)
[2023-03-04T09:06:34.688+0000][68][gc,init] Heap Region Size: 4M
[2023-03-04T09:06:34.688+0000][68][gc,init] Heap Min Capacity: 256M
[2023-03-04T09:06:34.689+0000][68][gc,init] Heap Initial Capacity: 256M
[2023-03-04T09:06:34.690+0000][68][gc,init] Heap Max Capacity: 256M
[2023-03-04T09:06:34.690+0000][68][gc,init] Pre-touch: Enabled
[2023-03-04T09:06:34.690+0000][68][gc,init] Parallel Workers: 4
[2023-03-04T09:06:34.691+0000][68][gc,init] Concurrent Workers: 1
[2023-03-04T09:06:34.691+0000][68][gc,init] Concurrent Refinement Workers: 4
[2023-03-04T09:06:34.692+0000][68][gc,init] Periodic GC: Disabled
[2023-03-04T09:06:34.693+0000][68][gc,metaspace] CDS archive(s) mapped at: [0x0000000800000000-0x0000000800c4f000-0x0000000800c4f000), size 12906496, SharedBaseAddress: 0x0000000800000000, ArchiveRelocationMode: 0.
[2023-03-04T09:06:34.694+0000][68][gc,metaspace] Compressed class space mapped at: 0x0000000801000000-0x0000000841000000, reserved size: 1073741824
[2023-03-04T09:06:34.694+0000][68][gc,metaspace] Narrow klass base: 0x0000000800000000, Narrow klass shift: 0, Narrow klass range: 0x100000000
[2023-03-04T09:06:34.876+0000][68][gc,start    ] GC(0) Pause Young (Normal) (G1 Evacuation Pause)
[2023-03-04T09:06:34.878+0000][68][gc,task     ] GC(0) Using 4 workers of 4 for evacuation
[2023-03-04T09:06:34.878+0000][68][gc,age      ] GC(0) Desired survivor size 2097152 bytes, new threshold 15 (max threshold 15)
[2023-03-04T09:06:34.885+0000][68][gc,phases   ] GC(0)   Pre Evacuate Collection Set: 0.1ms
[2023-03-04T09:06:34.886+0000][68][gc,phases   ] GC(0)   Merge Heap Roots: 1.7ms
[2023-03-04T09:06:34.887+0000][68][gc,phases   ] GC(0)   Evacuate Collection Set: 1.6ms
[2023-03-04T09:06:34.887+0000][68][gc,phases   ] GC(0)   Post Evacuate Collection Set: 1.9ms
[2023-03-04T09:06:34.888+0000][68][gc,phases   ] GC(0)   Other: 1.6ms
[2023-03-04T09:06:34.888+0000][68][gc,age      ] GC(0) Age table with threshold 15 (max threshold 15)
[2023-03-04T09:06:34.888+0000][68][gc,age      ] GC(0) - age   1:    1501912 bytes,    1501912 total
[2023-03-04T09:06:34.889+0000][68][gc,heap     ] GC(0) Eden regions: 3->0(10)
[2023-03-04T09:06:34.890+0000][68][gc,heap     ] GC(0) Survivor regions: 0->1(1)
[2023-03-04T09:06:34.890+0000][68][gc,heap     ] GC(0) Old regions: 0->0
[2023-03-04T09:06:34.891+0000][68][gc,heap     ] GC(0) Archive regions: 2->2
[2023-03-04T09:06:34.891+0000][68][gc,heap     ] GC(0) Humongous regions: 0->0
[2023-03-04T09:06:34.892+0000][68][gc,metaspace] GC(0) Metaspace: 691K(896K)->691K(896K) NonClass: 646K(768K)->646K(768K) Class: 44K(128K)->44K(128K)
[2023-03-04T09:06:34.892+0000][68][gc          ] GC(0) Pause Young (Normal) (G1 Evacuation Pause) 15M->5M(256M) 15.954ms
[2023-03-04T09:06:34.893+0000][68][gc,cpu      ] GC(0) User=0.01s Sys=0.00s Real=0.01s
[2023-03-04T09:06:34.893+0000][68][safepoint   ] Safepoint "G1CollectForAllocation", Time since last: 167529881 ns, Reaching safepoint: 202597 ns, At safepoint: 17054580 ns, Total: 17257177 ns
[2023-03-04T09:06:35.544+0000][68][safepoint   ] Safepoint "ICBufferFull", Time since last: 650566971 ns, Reaching safepoint: 201630 ns, At safepoint: 5474 ns, Total: 207104 ns
[2023-03-04T09:06:35.824+0000][68][gc,start    ] GC(1) Pause Young (Normal) (G1 Evacuation Pause)
[2023-03-04T09:06:35.825+0000][68][gc,task     ] GC(1) Using 4 workers of 4 for evacuation
[2023-03-04T09:06:35.826+0000][68][gc,age      ] GC(1) Desired survivor size 4194304 bytes, new threshold 15 (max threshold 15)
[2023-03-04T09:06:35.831+0000][68][gc,phases   ] GC(1)   Pre Evacuate Collection Set: 0.1ms
[2023-03-04T09:06:35.833+0000][68][gc,phases   ] GC(1)   Merge Heap Roots: 0.1ms
[2023-03-04T09:06:35.833+0000][68][gc,phases   ] GC(1)   Evacuate Collection Set: 3.5ms
[2023-03-04T09:06:35.834+0000][68][gc,phases   ] GC(1)   Post Evacuate Collection Set: 0.8ms
[2023-03-04T09:06:35.835+0000][68][gc,phases   ] GC(1)   Other: 1.5ms
[2023-03-04T09:06:35.836+0000][68][gc,age      ] GC(1) Age table with threshold 15 (max threshold 15)
[2023-03-04T09:06:35.837+0000][68][gc,age      ] GC(1) - age   1:    4991480 bytes,    4991480 total
[2023-03-04T09:06:35.837+0000][68][gc,age      ] GC(1) - age   2:     406112 bytes,    5397592 total
[2023-03-04T09:06:35.838+0000][68][gc,heap     ] GC(1) Eden regions: 10->0(36)
[2023-03-04T09:06:35.838+0000][68][gc,heap     ] GC(1) Survivor regions: 1->2(2)
[2023-03-04T09:06:35.839+0000][68][gc,heap     ] GC(1) Old regions: 0->0
[2023-03-04T09:06:35.840+0000][68][gc,heap     ] GC(1) Archive regions: 2->2
[2023-03-04T09:06:35.840+0000][68][gc,heap     ] GC(1) Humongous regions: 0->0
[2023-03-04T09:06:35.841+0000][68][gc,metaspace] GC(1) Metaspace: 9211K(9600K)->9211K(9600K) NonClass: 8110K(8320K)->8110K(8320K) Class: 1100K(1280K)->1100K(1280K)
[2023-03-04T09:06:35.841+0000][68][gc          ] GC(1) Pause Young (Normal) (G1 Evacuation Pause) 45M->9M(256M) 17.606ms
[2023-03-04T09:06:35.842+0000][68][gc,cpu      ] GC(1) User=0.01s Sys=0.00s Real=0.02s
[2023-03-04T09:06:35.843+0000][68][safepoint   ] Safepoint "G1CollectForAllocation", Time since last: 278999121 ns, Reaching safepoint: 500685 ns, At safepoint: 19450248 ns, Total: 19950933 ns
[2023-03-04T09:06:36.567+0000][68][safepoint   ] Safepoint "ICBufferFull", Time since last: 723280568 ns, Reaching safepoint: 359918 ns, At safepoint: 30072 ns, Total: 389990 ns
[2023-03-04T09:06:37.035+0000][68][safepoint   ] Safepoint "ICBufferFull", Time since last: 467791917 ns, Reaching safepoint: 330404 ns, At safepoint: 114435 ns, Total: 444839 ns
[2023-03-04T09:06:37.561+0000][68][safepoint   ] Safepoint "ICBufferFull", Time since last: 525575956 ns, Reaching safepoint: 405012 ns, At safepoint: 39298 ns, Total: 444310 ns
[2023-03-04T09:06:38.022+0000][68][gc,start    ] GC(2) Pause Young (Normal) (G1 Evacuation Pause)
[2023-03-04T09:06:38.023+0000][68][gc,task     ] GC(2) Using 4 workers of 4 for evacuation
[2023-03-04T09:06:38.024+0000][68][gc,age      ] GC(2) Desired survivor size 10485760 bytes, new threshold 15 (max threshold 15)
[2023-03-04T09:06:38.035+0000][68][gc,phases   ] GC(2)   Pre Evacuate Collection Set: 0.1ms
[2023-03-04T09:06:38.036+0000][68][gc,phases   ] GC(2)   Merge Heap Roots: 0.0ms
[2023-03-04T09:06:38.037+0000][68][gc,phases   ] GC(2)   Evacuate Collection Set: 8.2ms
[2023-03-04T09:06:38.037+0000][68][gc,phases   ] GC(2)   Post Evacuate Collection Set: 2.1ms
[2023-03-04T09:06:38.039+0000][68][gc,phases   ] GC(2)   Other: 1.9ms
[2023-03-04T09:06:38.040+0000][68][gc,age      ] GC(2) Age table with threshold 15 (max threshold 15)
[2023-03-04T09:06:38.040+0000][68][gc,age      ] GC(2) - age   1:    6642456 bytes,    6642456 total
[2023-03-04T09:06:38.041+0000][68][gc,age      ] GC(2) - age   2:    4827264 bytes,   11469720 total
[2023-03-04T09:06:38.041+0000][68][gc,age      ] GC(2) - age   3:     404648 bytes,   11874368 total
[2023-03-04T09:06:38.042+0000][68][gc,heap     ] GC(2) Eden regions: 36->0(34)
[2023-03-04T09:06:38.043+0000][68][gc,heap     ] GC(2) Survivor regions: 2->3(5)
[2023-03-04T09:06:38.043+0000][68][gc,heap     ] GC(2) Old regions: 0->0
[2023-03-04T09:06:38.044+0000][68][gc,heap     ] GC(2) Archive regions: 2->2
[2023-03-04T09:06:38.045+0000][68][gc,heap     ] GC(2) Humongous regions: 0->0
[2023-03-04T09:06:38.045+0000][68][gc,metaspace] GC(2) Metaspace: 18418K(18880K)->18418K(18880K) NonClass: 16347K(16576K)->16347K(16576K) Class: 2070K(2304K)->2070K(2304K)
[2023-03-04T09:06:38.046+0000][68][gc          ] GC(2) Pause Young (Normal) (G1 Evacuation Pause) 153M->15M(256M) 24.521ms
[2023-03-04T09:06:38.047+0000][68][gc,cpu      ] GC(2) User=0.02s Sys=0.00s Real=0.03s
[2023-03-04T09:06:38.048+0000][68][safepoint   ] Safepoint "G1CollectForAllocation", Time since last: 460386636 ns, Reaching safepoint: 339330 ns, At safepoint: 26070965 ns, Total: 26410295 ns
[2023-03-04T09:06:38.436+0000][68][gc,start    ] GC(3) Pause Young (Concurrent Start) (Metadata GC Threshold)
[2023-03-04T09:06:38.437+0000][68][gc,task     ] GC(3) Using 4 workers of 4 for evacuation
[2023-03-04T09:06:38.438+0000][68][gc,age      ] GC(3) Desired survivor size 10485760 bytes, new threshold 2 (max threshold 15)
[2023-03-04T09:06:38.448+0000][68][gc,phases   ] GC(3)   Pre Evacuate Collection Set: 0.2ms
[2023-03-04T09:06:38.449+0000][68][gc,phases   ] GC(3)   Merge Heap Roots: 0.1ms
[2023-03-04T09:06:38.450+0000][68][gc,phases   ] GC(3)   Evacuate Collection Set: 8.5ms
[2023-03-04T09:06:38.451+0000][68][gc,phases   ] GC(3)   Post Evacuate Collection Set: 0.9ms
[2023-03-04T09:06:38.451+0000][68][gc,phases   ] GC(3)   Other: 1.1ms
[2023-03-04T09:06:38.452+0000][68][gc,age      ] GC(3) Age table with threshold 2 (max threshold 15)
[2023-03-04T09:06:38.452+0000][68][gc,age      ] GC(3) - age   1:    1005232 bytes,    1005232 total
[2023-03-04T09:06:38.453+0000][68][gc,age      ] GC(3) - age   2:    4874648 bytes,    5879880 total
[2023-03-04T09:06:38.454+0000][68][gc,heap     ] GC(3) Eden regions: 12->0(36)
[2023-03-04T09:06:38.454+0000][68][gc,heap     ] GC(3) Survivor regions: 3->2(5)
[2023-03-04T09:06:38.455+0000][68][gc,heap     ] GC(3) Old regions: 0->2
[2023-03-04T09:06:38.456+0000][68][gc,heap     ] GC(3) Archive regions: 2->2
[2023-03-04T09:06:38.457+0000][68][gc,heap     ] GC(3) Humongous regions: 0->0
[2023-03-04T09:06:38.457+0000][68][gc,metaspace] GC(3) Metaspace: 21029K(21504K)->21029K(21504K) NonClass: 18719K(18944K)->18719K(18944K) Class: 2310K(2560K)->2310K(2560K)
[2023-03-04T09:06:38.458+0000][68][gc          ] GC(3) Pause Young (Concurrent Start) (Metadata GC Threshold) 63M->15M(256M) 21.570ms
[2023-03-04T09:06:38.459+0000][68][gc,cpu      ] GC(3) User=0.01s Sys=0.01s Real=0.02s
[2023-03-04T09:06:38.459+0000][68][gc          ] GC(4) Concurrent Mark Cycle
[2023-03-04T09:06:38.461+0000][68][gc,marking  ] GC(4) Concurrent Clear Claimed Marks
[2023-03-04T09:06:38.462+0000][68][gc,marking  ] GC(4) Concurrent Clear Claimed Marks 0.984ms
[2023-03-04T09:06:38.463+0000][68][gc,marking  ] GC(4) Concurrent Scan Root Regions
[2023-03-04T09:06:38.461+0000][68][safepoint   ] Safepoint "CollectForMetadataAllocation", Time since last: 388466601 ns, Reaching safepoint: 114782 ns, At safepoint: 24242973 ns, Total: 24357755 ns
[2023-03-04T09:06:38.468+0000][68][gc,marking  ] GC(4) Concurrent Scan Root Regions 5.312ms
[2023-03-04T09:06:38.469+0000][68][gc,marking  ] GC(4) Concurrent Mark
[2023-03-04T09:06:38.470+0000][68][gc,marking  ] GC(4) Concurrent Mark From Roots
[2023-03-04T09:06:38.471+0000][68][gc,task     ] GC(4) Using 1 workers of 1 for marking
[2023-03-04T09:06:38.472+0000][68][gc,marking  ] GC(4) Concurrent Mark From Roots 2.104ms
[2023-03-04T09:06:38.473+0000][68][gc,marking  ] GC(4) Concurrent Preclean
[2023-03-04T09:06:38.474+0000][68][gc,marking  ] GC(4) Concurrent Preclean 0.899ms
[2023-03-04T09:06:38.475+0000][68][gc,start    ] GC(4) Pause Remark
[2023-03-04T09:06:38.480+0000][68][gc          ] GC(4) Pause Remark 17M->17M(256M) 5.101ms
[2023-03-04T09:06:38.481+0000][68][gc,cpu      ] GC(4) User=0.00s Sys=0.00s Real=0.00s
[2023-03-04T09:06:38.481+0000][68][safepoint   ] Safepoint "G1PauseRemark", Time since last: 13978087 ns, Reaching safepoint: 213785 ns, At safepoint: 6644120 ns, Total: 6857905 ns
[2023-03-04T09:06:38.482+0000][68][gc,marking  ] GC(4) Concurrent Mark 12.878ms
[2023-03-04T09:06:38.483+0000][68][gc,marking  ] GC(4) Concurrent Rebuild Remembered Sets
[2023-03-04T09:06:38.486+0000][68][gc,marking  ] GC(4) Concurrent Rebuild Remembered Sets 3.415ms
[2023-03-04T09:06:38.487+0000][68][gc,start    ] GC(4) Pause Cleanup
[2023-03-04T09:06:38.488+0000][68][gc          ] GC(4) Pause Cleanup 17M->17M(256M) 0.829ms
[2023-03-04T09:06:38.489+0000][68][gc,cpu      ] GC(4) User=0.00s Sys=0.00s Real=0.00s
[2023-03-04T09:06:38.490+0000][68][safepoint   ] Safepoint "G1PauseCleanup", Time since last: 5707560 ns, Reaching safepoint: 160031 ns, At safepoint: 3009509 ns, Total: 3169540 ns
[2023-03-04T09:06:38.492+0000][68][gc,marking  ] GC(4) Concurrent Cleanup for Next Mark
[2023-03-04T09:06:38.493+0000][68][gc,marking  ] GC(4) Concurrent Cleanup for Next Mark 0.989ms
[2023-03-04T09:06:38.493+0000][68][gc          ] GC(4) Concurrent Mark Cycle 34.501ms
[2023-03-04T09:06:39.123+0000][68][safepoint   ] Safepoint "ICBufferFull", Time since last: 632294934 ns, Reaching safepoint: 321497 ns, At safepoint: 9211 ns, Total: 330708 ns
[2023-03-04T09:06:39.327+0000][68][gc,start    ] GC(5) Pause Young (Normal) (G1 Evacuation Pause)
[2023-03-04T09:06:39.328+0000][68][gc,task     ] GC(5) Using 4 workers of 4 for evacuation
[2023-03-04T09:06:39.329+0000][68][gc,age      ] GC(5) Desired survivor size 10485760 bytes, new threshold 15 (max threshold 15)
[2023-03-04T09:06:39.363+0000][68][gc,phases   ] GC(5)   Pre Evacuate Collection Set: 0.1ms
[2023-03-04T09:06:39.364+0000][68][gc,phases   ] GC(5)   Merge Heap Roots: 0.1ms
[2023-03-04T09:06:39.364+0000][68][gc,phases   ] GC(5)   Evacuate Collection Set: 25.9ms
[2023-03-04T09:06:39.365+0000][68][gc,phases   ] GC(5)   Post Evacuate Collection Set: 7.1ms
[2023-03-04T09:06:39.365+0000][68][gc,phases   ] GC(5)   Other: 1.7ms
[2023-03-04T09:06:39.366+0000][68][gc,age      ] GC(5) Age table with threshold 15 (max threshold 15)
[2023-03-04T09:06:39.367+0000][68][gc,age      ] GC(5) - age   1:    5137624 bytes,    5137624 total
[2023-03-04T09:06:39.367+0000][68][gc,age      ] GC(5) - age   2:     985296 bytes,    6122920 total
[2023-03-04T09:06:39.368+0000][68][gc,age      ] GC(5) - age   3:    4868648 bytes,   10991568 total
[2023-03-04T09:06:39.368+0000][68][gc,heap     ] GC(5) Eden regions: 36->0(35)
[2023-03-04T09:06:39.369+0000][68][gc,heap     ] GC(5) Survivor regions: 2->3(5)
[2023-03-04T09:06:39.369+0000][68][gc,heap     ] GC(5) Old regions: 2->2
[2023-03-04T09:06:39.370+0000][68][gc,heap     ] GC(5) Archive regions: 2->2
[2023-03-04T09:06:39.370+0000][68][gc,heap     ] GC(5) Humongous regions: 0->0
[2023-03-04T09:06:39.371+0000][68][gc,metaspace] GC(5) Metaspace: 25264K(25792K)->25264K(25792K) NonClass: 22362K(22656K)->22362K(22656K) Class: 2901K(3136K)->2901K(3136K)
[2023-03-04T09:06:39.371+0000][68][gc          ] GC(5) Pause Young (Normal) (G1 Evacuation Pause) 159M->20M(256M) 43.978ms
[2023-03-04T09:06:39.372+0000][68][gc,cpu      ] GC(5) User=0.06s Sys=0.00s Real=0.04s
[2023-03-04T09:06:39.372+0000][68][safepoint   ] Safepoint "G1CollectForAllocation", Time since last: 204093540 ns, Reaching safepoint: 134309 ns, At safepoint: 45036339 ns, Total: 45170648 ns
[2023-03-04T09:06:39.820+0000][68][gc,start    ] GC(6) Pause Young (Normal) (G1 Evacuation Pause)
[2023-03-04T09:06:39.821+0000][68][gc,task     ] GC(6) Using 4 workers of 4 for evacuation
[2023-03-04T09:06:39.822+0000][68][gc,age      ] GC(6) Desired survivor size 10485760 bytes, new threshold 3 (max threshold 15)
[2023-03-04T09:06:39.827+0000][68][gc,phases   ] GC(6)   Pre Evacuate Collection Set: 0.1ms
[2023-03-04T09:06:39.828+0000][68][gc,phases   ] GC(6)   Merge Heap Roots: 0.0ms
[2023-03-04T09:06:39.829+0000][68][gc,phases   ] GC(6)   Evacuate Collection Set: 4.3ms
[2023-03-04T09:06:39.829+0000][68][gc,phases   ] GC(6)   Post Evacuate Collection Set: 0.5ms
[2023-03-04T09:06:39.830+0000][68][gc,phases   ] GC(6)   Other: 1.0ms
[2023-03-04T09:06:39.830+0000][68][gc,age      ] GC(6) Age table with threshold 3 (max threshold 15)
[2023-03-04T09:06:39.831+0000][68][gc,age      ] GC(6) - age   1:    2801336 bytes,    2801336 total
[2023-03-04T09:06:39.831+0000][68][gc,age      ] GC(6) - age   2:    4169832 bytes,    6971168 total
[2023-03-04T09:06:39.832+0000][68][gc,age      ] GC(6) - age   3:     985264 bytes,    7956432 total
[2023-03-04T09:06:39.832+0000][68][gc,heap     ] GC(6) Eden regions: 35->0(35)
[2023-03-04T09:06:39.833+0000][68][gc,heap     ] GC(6) Survivor regions: 3->3(5)
[2023-03-04T09:06:39.833+0000][68][gc,heap     ] GC(6) Old regions: 2->3
[2023-03-04T09:06:39.834+0000][68][gc,heap     ] GC(6) Archive regions: 2->2
[2023-03-04T09:06:39.835+0000][68][gc,heap     ] GC(6) Humongous regions: 0->0
[2023-03-04T09:06:39.835+0000][68][gc,metaspace] GC(6) Metaspace: 25683K(26240K)->25683K(26240K) NonClass: 22743K(23040K)->22743K(23040K) Class: 2939K(3200K)->2939K(3200K)
[2023-03-04T09:06:39.835+0000][68][gc          ] GC(6) Pause Young (Normal) (G1 Evacuation Pause) 160M->22M(256M) 15.174ms
[2023-03-04T09:06:39.836+0000][68][gc,cpu      ] GC(6) User=0.01s Sys=0.01s Real=0.02s
[2023-03-04T09:06:39.837+0000][68][safepoint   ] Safepoint "G1CollectForAllocation", Time since last: 447953803 ns, Reaching safepoint: 105178 ns, At safepoint: 16342232 ns, Total: 16447410 ns
[2023-03-04T09:06:40.106+0000][68][gc,start    ] GC(7) Pause Young (Normal) (G1 Evacuation Pause)
[2023-03-04T09:06:40.107+0000][68][gc,task     ] GC(7) Using 4 workers of 4 for evacuation
[2023-03-04T09:06:40.108+0000][68][gc,age      ] GC(7) Desired survivor size 10485760 bytes, new threshold 15 (max threshold 15)
[2023-03-04T09:06:40.114+0000][68][gc,phases   ] GC(7)   Pre Evacuate Collection Set: 0.1ms
[2023-03-04T09:06:40.114+0000][68][gc,phases   ] GC(7)   Merge Heap Roots: 0.1ms
[2023-03-04T09:06:40.115+0000][68][gc,phases   ] GC(7)   Evacuate Collection Set: 4.1ms
[2023-03-04T09:06:40.115+0000][68][gc,phases   ] GC(7)   Post Evacuate Collection Set: 0.7ms
[2023-03-04T09:06:40.116+0000][68][gc,phases   ] GC(7)   Other: 1.6ms
[2023-03-04T09:06:40.116+0000][68][gc,age      ] GC(7) Age table with threshold 15 (max threshold 15)
[2023-03-04T09:06:40.117+0000][68][gc,age      ] GC(7) - age   1:     975712 bytes,     975712 total
[2023-03-04T09:06:40.117+0000][68][gc,age      ] GC(7) - age   2:    2431512 bytes,    3407224 total
[2023-03-04T09:06:40.118+0000][68][gc,age      ] GC(7) - age   3:    4169688 bytes,    7576912 total
[2023-03-04T09:06:40.118+0000][68][gc,age      ] GC(7) - age   4:     985264 bytes,    8562176 total
[2023-03-04T09:06:40.119+0000][68][gc,heap     ] GC(7) Eden regions: 35->0(35)
[2023-03-04T09:06:40.120+0000][68][gc,heap     ] GC(7) Survivor regions: 3->3(5)
[2023-03-04T09:06:40.120+0000][68][gc,heap     ] GC(7) Old regions: 3->3
[2023-03-04T09:06:40.121+0000][68][gc,heap     ] GC(7) Archive regions: 2->2
[2023-03-04T09:06:40.121+0000][68][gc,heap     ] GC(7) Humongous regions: 0->0
[2023-03-04T09:06:40.122+0000][68][gc,metaspace] GC(7) Metaspace: 26158K(26816K)->26158K(26816K) NonClass: 23154K(23552K)->23154K(23552K) Class: 3003K(3264K)->3003K(3264K)
[2023-03-04T09:06:40.122+0000][68][gc          ] GC(7) Pause Young (Normal) (G1 Evacuation Pause) 162M->22M(256M) 16.068ms
[2023-03-04T09:06:40.123+0000][68][gc,cpu      ] GC(7) User=0.01s Sys=0.00s Real=0.01s
[2023-03-04T09:06:40.123+0000][68][safepoint   ] Safepoint "G1CollectForAllocation", Time since last: 269091553 ns, Reaching safepoint: 264491 ns, At safepoint: 17000549 ns, Total: 17265040 ns
[2023-03-04T09:06:40.657+0000][68][safepoint   ] Safepoint "ICBufferFull", Time since last: 533254455 ns, Reaching safepoint: 448993 ns, At safepoint: 27870 ns, Total: 476863 ns
[2023-03-04T09:06:40.972+0000][68][gc,start    ] GC(8) Pause Young (Normal) (G1 Evacuation Pause)
[2023-03-04T09:06:40.973+0000][68][gc,task     ] GC(8) Using 4 workers of 4 for evacuation
[2023-03-04T09:06:40.974+0000][68][gc,age      ] GC(8) Desired survivor size 10485760 bytes, new threshold 15 (max threshold 15)
[2023-03-04T09:06:40.980+0000][68][gc,phases   ] GC(8)   Pre Evacuate Collection Set: 0.1ms
[2023-03-04T09:06:40.981+0000][68][gc,phases   ] GC(8)   Merge Heap Roots: 0.0ms
[2023-03-04T09:06:40.982+0000][68][gc,phases   ] GC(8)   Evacuate Collection Set: 4.6ms
[2023-03-04T09:06:40.982+0000][68][gc,phases   ] GC(8)   Post Evacuate Collection Set: 0.7ms
[2023-03-04T09:06:40.983+0000][68][gc,phases   ] GC(8)   Other: 1.3ms
[2023-03-04T09:06:40.984+0000][68][gc,age      ] GC(8) Age table with threshold 15 (max threshold 15)
[2023-03-04T09:06:40.985+0000][68][gc,age      ] GC(8) - age   1:    3343288 bytes,    3343288 total
[2023-03-04T09:06:40.985+0000][68][gc,age      ] GC(8) - age   2:     375640 bytes,    3718928 total
[2023-03-04T09:06:40.986+0000][68][gc,age      ] GC(8) - age   3:    2431512 bytes,    6150440 total
[2023-03-04T09:06:40.987+0000][68][gc,age      ] GC(8) - age   4:    4164664 bytes,   10315104 total
[2023-03-04T09:06:40.987+0000][68][gc,age      ] GC(8) - age   5:     984352 bytes,   11299456 total
[2023-03-04T09:06:40.987+0000][68][gc,heap     ] GC(8) Eden regions: 35->0(35)
[2023-03-04T09:06:40.988+0000][68][gc,heap     ] GC(8) Survivor regions: 3->3(5)
[2023-03-04T09:06:40.989+0000][68][gc,heap     ] GC(8) Old regions: 3->3
[2023-03-04T09:06:40.989+0000][68][gc,heap     ] GC(8) Archive regions: 2->2
[2023-03-04T09:06:40.990+0000][68][gc,heap     ] GC(8) Humongous regions: 0->0
[2023-03-04T09:06:40.990+0000][68][gc,metaspace] GC(8) Metaspace: 32199K(32896K)->32199K(32896K) NonClass: 28539K(28928K)->28539K(28928K) Class: 3660K(3968K)->3660K(3968K)
[2023-03-04T09:06:40.991+0000][68][gc          ] GC(8) Pause Young (Normal) (G1 Evacuation Pause) 162M->25M(256M) 18.530ms
[2023-03-04T09:06:40.991+0000][68][gc,cpu      ] GC(8) User=0.01s Sys=0.00s Real=0.02s
[2023-03-04T09:06:40.992+0000][68][safepoint   ] Safepoint "G1CollectForAllocation", Time since last: 315258950 ns, Reaching safepoint: 176100 ns, At safepoint: 20019982 ns, Total: 20196082 ns
[2023-03-04T09:06:41.256+0000][68][gc,start    ] GC(9) Pause Young (Normal) (G1 Evacuation Pause)
[2023-03-04T09:06:41.258+0000][68][gc,task     ] GC(9) Using 4 workers of 4 for evacuation
[2023-03-04T09:06:41.259+0000][68][gc,age      ] GC(9) Desired survivor size 10485760 bytes, new threshold 5 (max threshold 15)
[2023-03-04T09:06:41.265+0000][68][gc,phases   ] GC(9)   Pre Evacuate Collection Set: 0.1ms
[2023-03-04T09:06:41.266+0000][68][gc,phases   ] GC(9)   Merge Heap Roots: 0.1ms
[2023-03-04T09:06:41.267+0000][68][gc,phases   ] GC(9)   Evacuate Collection Set: 4.3ms
[2023-03-04T09:06:41.268+0000][68][gc,phases   ] GC(9)   Post Evacuate Collection Set: 0.7ms
[2023-03-04T09:06:41.269+0000][68][gc,phases   ] GC(9)   Other: 2.1ms
[2023-03-04T09:06:41.269+0000][68][gc,age      ] GC(9) Age table with threshold 5 (max threshold 15)
[2023-03-04T09:06:41.270+0000][68][gc,age      ] GC(9) - age   1:    2271104 bytes,    2271104 total
[2023-03-04T09:06:41.271+0000][68][gc,age      ] GC(9) - age   2:    3322416 bytes,    5593520 total
[2023-03-04T09:06:41.271+0000][68][gc,age      ] GC(9) - age   3:     375640 bytes,    5969160 total
[2023-03-04T09:06:41.272+0000][68][gc,age      ] GC(9) - age   4:    2431480 bytes,    8400640 total
[2023-03-04T09:06:41.272+0000][68][gc,age      ] GC(9) - age   5:    4164664 bytes,   12565304 total
[2023-03-04T09:06:41.273+0000][68][gc,heap     ] GC(9) Eden regions: 35->0(34)
[2023-03-04T09:06:41.273+0000][68][gc,heap     ] GC(9) Survivor regions: 3->4(5)
[2023-03-04T09:06:41.274+0000][68][gc,heap     ] GC(9) Old regions: 3->3
[2023-03-04T09:06:41.275+0000][68][gc,heap     ] GC(9) Archive regions: 2->2
[2023-03-04T09:06:41.276+0000][68][gc,heap     ] GC(9) Humongous regions: 0->0
[2023-03-04T09:06:41.276+0000][68][gc,metaspace] GC(9) Metaspace: 32309K(33088K)->32309K(33088K) NonClass: 28627K(29056K)->28627K(29056K) Class: 3682K(4032K)->3682K(4032K)
[2023-03-04T09:06:41.277+0000][68][gc          ] GC(9) Pause Young (Normal) (G1 Evacuation Pause) 165M->27M(256M) 21.408ms
[2023-03-04T09:06:41.277+0000][68][gc,cpu      ] GC(9) User=0.02s Sys=0.00s Real=0.02s
[2023-03-04T09:06:41.278+0000][68][safepoint   ] Safepoint "G1CollectForAllocation", Time since last: 263253555 ns, Reaching safepoint: 82707 ns, At safepoint: 22688657 ns, Total: 22771364 ns
[2023-03-04T09:06:41.805+0000][68][gc,start    ] GC(10) Pause Young (Normal) (G1 Evacuation Pause)
[2023-03-04T09:06:41.806+0000][68][gc,task     ] GC(10) Using 4 workers of 4 for evacuation
[2023-03-04T09:06:41.807+0000][68][gc,age      ] GC(10) Desired survivor size 10485760 bytes, new threshold 5 (max threshold 15)
[2023-03-04T09:06:41.817+0000][68][gc,phases   ] GC(10)   Pre Evacuate Collection Set: 0.3ms
[2023-03-04T09:06:41.818+0000][68][gc,phases   ] GC(10)   Merge Heap Roots: 0.1ms
[2023-03-04T09:06:41.820+0000][68][gc,phases   ] GC(10)   Evacuate Collection Set: 7.8ms
[2023-03-04T09:06:41.821+0000][68][gc,phases   ] GC(10)   Post Evacuate Collection Set: 1.1ms
[2023-03-04T09:06:41.822+0000][68][gc,phases   ] GC(10)   Other: 2.1ms
[2023-03-04T09:06:41.823+0000][68][gc,age      ] GC(10) Age table with threshold 5 (max threshold 15)
[2023-03-04T09:06:41.824+0000][68][gc,age      ] GC(10) - age   1:    3708168 bytes,    3708168 total
[2023-03-04T09:06:41.825+0000][68][gc,age      ] GC(10) - age   2:    1417312 bytes,    5125480 total
[2023-03-04T09:06:41.826+0000][68][gc,age      ] GC(10) - age   3:    3322384 bytes,    8447864 total
[2023-03-04T09:06:41.827+0000][68][gc,age      ] GC(10) - age   4:     374992 bytes,    8822856 total
[2023-03-04T09:06:41.828+0000][68][gc,age      ] GC(10) - age   5:    2430808 bytes,   11253664 total
[2023-03-04T09:06:41.828+0000][68][gc,heap     ] GC(10) Eden regions: 34->0(35)
[2023-03-04T09:06:41.830+0000][68][gc,heap     ] GC(10) Survivor regions: 4->3(5)
[2023-03-04T09:06:41.831+0000][68][gc,heap     ] GC(10) Old regions: 3->4
[2023-03-04T09:06:41.832+0000][68][gc,heap     ] GC(10) Archive regions: 2->2
[2023-03-04T09:06:41.833+0000][68][gc,heap     ] GC(10) Humongous regions: 0->0
[2023-03-04T09:06:41.834+0000][68][gc,metaspace] GC(10) Metaspace: 33730K(34560K)->33730K(34560K) NonClass: 29874K(30336K)->29874K(30336K) Class: 3855K(4224K)->3855K(4224K)
[2023-03-04T09:06:41.835+0000][68][gc          ] GC(10) Pause Young (Normal) (G1 Evacuation Pause) 163M->30M(256M) 30.475ms
[2023-03-04T09:06:41.836+0000][68][gc,cpu      ] GC(10) User=0.02s Sys=0.01s Real=0.03s
[2023-03-04T09:06:41.837+0000][68][safepoint   ] Safepoint "G1CollectForAllocation", Time since last: 526330580 ns, Reaching safepoint: 212129 ns, At safepoint: 32271254 ns, Total: 32483383 ns
[2023-03-04T09:06:42.218+0000][68][gc,start    ] GC(11) Pause Young (Normal) (G1 Evacuation Pause)
[2023-03-04T09:06:42.220+0000][68][gc,task     ] GC(11) Using 4 workers of 4 for evacuation
[2023-03-04T09:06:42.220+0000][68][gc,age      ] GC(11) Desired survivor size 10485760 bytes, new threshold 5 (max threshold 15)
[2023-03-04T09:06:42.226+0000][68][gc,phases   ] GC(11)   Pre Evacuate Collection Set: 0.1ms
[2023-03-04T09:06:42.228+0000][68][gc,phases   ] GC(11)   Merge Heap Roots: 0.1ms
[2023-03-04T09:06:42.228+0000][68][gc,phases   ] GC(11)   Evacuate Collection Set: 3.5ms
[2023-03-04T09:06:42.229+0000][68][gc,phases   ] GC(11)   Post Evacuate Collection Set: 0.6ms
[2023-03-04T09:06:42.230+0000][68][gc,phases   ] GC(11)   Other: 2.3ms
[2023-03-04T09:06:42.230+0000][68][gc,age      ] GC(11) Age table with threshold 5 (max threshold 15)
[2023-03-04T09:06:42.231+0000][68][gc,age      ] GC(11) - age   1:    2376384 bytes,    2376384 total
[2023-03-04T09:06:42.231+0000][68][gc,age      ] GC(11) - age   2:    3124768 bytes,    5501152 total
[2023-03-04T09:06:42.232+0000][68][gc,age      ] GC(11) - age   3:    1417280 bytes,    6918432 total
[2023-03-04T09:06:42.233+0000][68][gc,age      ] GC(11) - age   4:    3322384 bytes,   10240816 total
[2023-03-04T09:06:42.233+0000][68][gc,age      ] GC(11) - age   5:     374992 bytes,   10615808 total
[2023-03-04T09:06:42.234+0000][68][gc,heap     ] GC(11) Eden regions: 35->0(35)
[2023-03-04T09:06:42.234+0000][68][gc,heap     ] GC(11) Survivor regions: 3->3(5)
[2023-03-04T09:06:42.235+0000][68][gc,heap     ] GC(11) Old regions: 4->5
[2023-03-04T09:06:42.236+0000][68][gc,heap     ] GC(11) Archive regions: 2->2
[2023-03-04T09:06:42.236+0000][68][gc,heap     ] GC(11) Humongous regions: 0->0
[2023-03-04T09:06:42.237+0000][68][gc,metaspace] GC(11) Metaspace: 34184K(35008K)->34184K(35008K) NonClass: 30263K(30720K)->30263K(30720K) Class: 3921K(4288K)->3921K(4288K)
[2023-03-04T09:06:42.238+0000][68][gc          ] GC(11) Pause Young (Normal) (G1 Evacuation Pause) 170M->32M(256M) 19.409ms
[2023-03-04T09:06:42.238+0000][68][gc,cpu      ] GC(11) User=0.01s Sys=0.01s Real=0.02s
[2023-03-04T09:06:42.239+0000][68][safepoint   ] Safepoint "G1CollectForAllocation", Time since last: 381170161 ns, Reaching safepoint: 189971 ns, At safepoint: 20739622 ns, Total: 20929593 ns
[2023-03-04T09:06:42.657+0000][68][gc,start    ] GC(12) Pause Young (Normal) (G1 Evacuation Pause)
[2023-03-04T09:06:42.661+0000][68][gc,task     ] GC(12) Using 4 workers of 4 for evacuation
[2023-03-04T09:06:42.663+0000][68][gc,age      ] GC(12) Desired survivor size 10485760 bytes, new threshold 5 (max threshold 15)
[2023-03-04T09:06:42.687+0000][68][gc,phases   ] GC(12)   Pre Evacuate Collection Set: 0.1ms
[2023-03-04T09:06:42.689+0000][68][gc,phases   ] GC(12)   Merge Heap Roots: 0.0ms
[2023-03-04T09:06:42.690+0000][68][gc,phases   ] GC(12)   Evacuate Collection Set: 15.7ms
[2023-03-04T09:06:42.692+0000][68][gc,phases   ] GC(12)   Post Evacuate Collection Set: 0.7ms
[2023-03-04T09:06:42.693+0000][68][gc,phases   ] GC(12)   Other: 9.1ms
[2023-03-04T09:06:42.695+0000][68][gc,age      ] GC(12) Age table with threshold 5 (max threshold 15)
[2023-03-04T09:06:42.696+0000][68][gc,age      ] GC(12) - age   1:    1533728 bytes,    1533728 total
[2023-03-04T09:06:42.698+0000][68][gc,age      ] GC(12) - age   2:    2367632 bytes,    3901360 total
[2023-03-04T09:06:42.700+0000][68][gc,age      ] GC(12) - age   3:    3124648 bytes,    7026008 total
[2023-03-04T09:06:42.701+0000][68][gc,age      ] GC(12) - age   4:    1417280 bytes,    8443288 total
[2023-03-04T09:06:42.702+0000][68][gc,age      ] GC(12) - age   5:    3322352 bytes,   11765640 total
[2023-03-04T09:06:42.703+0000][68][gc,heap     ] GC(12) Eden regions: 35->0(35)
[2023-03-04T09:06:42.705+0000][68][gc,heap     ] GC(12) Survivor regions: 3->3(5)
[2023-03-04T09:06:42.706+0000][68][gc,heap     ] GC(12) Old regions: 5->5
[2023-03-04T09:06:42.707+0000][68][gc,heap     ] GC(12) Archive regions: 2->2
[2023-03-04T09:06:42.708+0000][68][gc,heap     ] GC(12) Humongous regions: 0->0
[2023-03-04T09:06:42.709+0000][68][gc,metaspace] GC(12) Metaspace: 34602K(35456K)->34602K(35456K) NonClass: 30633K(31104K)->30633K(31104K) Class: 3969K(4352K)->3969K(4352K)
[2023-03-04T09:06:42.711+0000][68][gc          ] GC(12) Pause Young (Normal) (G1 Evacuation Pause) 172M->33M(256M) 53.162ms
[2023-03-04T09:06:42.712+0000][68][gc,cpu      ] GC(12) User=0.07s Sys=0.01s Real=0.05s
[2023-03-04T09:06:42.715+0000][68][safepoint   ] Safepoint "G1CollectForAllocation", Time since last: 418011413 ns, Reaching safepoint: 148230 ns, At safepoint: 57329867 ns, Total: 57478097 ns
[2023-03-04T09:06:42.929+0000][68][gc,start    ] GC(13) Pause Young (Concurrent Start) (Metadata GC Threshold)
[2023-03-04T09:06:42.931+0000][68][gc,task     ] GC(13) Using 4 workers of 4 for evacuation
[2023-03-04T09:06:42.932+0000][68][gc,age      ] GC(13) Desired survivor size 10485760 bytes, new threshold 5 (max threshold 15)
[2023-03-04T09:06:42.945+0000][68][gc,phases   ] GC(13)   Pre Evacuate Collection Set: 0.4ms
[2023-03-04T09:06:42.946+0000][68][gc,phases   ] GC(13)   Merge Heap Roots: 0.0ms
[2023-03-04T09:06:42.947+0000][68][gc,phases   ] GC(13)   Evacuate Collection Set: 10.1ms
[2023-03-04T09:06:42.949+0000][68][gc,phases   ] GC(13)   Post Evacuate Collection Set: 1.0ms
[2023-03-04T09:06:42.951+0000][68][gc,phases   ] GC(13)   Other: 2.3ms
[2023-03-04T09:06:42.952+0000][68][gc,age      ] GC(13) Age table with threshold 5 (max threshold 15)
[2023-03-04T09:06:42.953+0000][68][gc,age      ] GC(13) - age   1:     447144 bytes,     447144 total
[2023-03-04T09:06:42.954+0000][68][gc,age      ] GC(13) - age   2:     718088 bytes,    1165232 total
[2023-03-04T09:06:42.956+0000][68][gc,age      ] GC(13) - age   3:    2367496 bytes,    3532728 total
[2023-03-04T09:06:42.958+0000][68][gc,age      ] GC(13) - age   4:    3124456 bytes,    6657184 total
[2023-03-04T09:06:42.959+0000][68][gc,age      ] GC(13) - age   5:    1417176 bytes,    8074360 total
[2023-03-04T09:06:42.961+0000][68][gc,heap     ] GC(13) Eden regions: 6->0(35)
[2023-03-04T09:06:42.963+0000][68][gc,heap     ] GC(13) Survivor regions: 3->3(5)
[2023-03-04T09:06:42.965+0000][68][gc,heap     ] GC(13) Old regions: 5->6
[2023-03-04T09:06:42.966+0000][68][gc,heap     ] GC(13) Archive regions: 2->2
[2023-03-04T09:06:42.969+0000][68][gc,heap     ] GC(13) Humongous regions: 0->0
[2023-03-04T09:06:42.970+0000][68][gc,metaspace] GC(13) Metaspace: 35124K(35968K)->35124K(35968K) NonClass: 31102K(31616K)->31102K(31616K) Class: 4021K(4352K)->4021K(4352K)
[2023-03-04T09:06:42.972+0000][68][gc          ] GC(13) Pause Young (Concurrent Start) (Metadata GC Threshold) 55M->34M(256M) 42.362ms
[2023-03-04T09:06:42.977+0000][68][gc          ] GC(14) Concurrent Mark Cycle
[2023-03-04T09:06:42.985+0000][68][gc,marking  ] GC(14) Concurrent Clear Claimed Marks
[2023-03-04T09:06:42.988+0000][68][gc,marking  ] GC(14) Concurrent Clear Claimed Marks 3.728ms
[2023-03-04T09:06:42.989+0000][68][gc,marking  ] GC(14) Concurrent Scan Root Regions
[2023-03-04T09:06:42.978+0000][68][gc,cpu      ] GC(13) User=0.02s Sys=0.00s Real=0.05s
[2023-03-04T09:06:42.993+0000][68][safepoint   ] Safepoint "CollectForMetadataAllocation", Time since last: 214719958 ns, Reaching safepoint: 91613 ns, At safepoint: 63500393 ns, Total: 63592006 ns
[2023-03-04T09:06:42.995+0000][68][gc,marking  ] GC(14) Concurrent Scan Root Regions 5.396ms
[2023-03-04T09:06:42.998+0000][68][gc,marking  ] GC(14) Concurrent Mark
[2023-03-04T09:06:42.999+0000][68][gc,marking  ] GC(14) Concurrent Mark From Roots
[2023-03-04T09:06:43.000+0000][68][gc,task     ] GC(14) Using 1 workers of 1 for marking
[2023-03-04T09:06:43.025+0000][68][gc,marking  ] GC(14) Concurrent Mark From Roots 25.826ms
[2023-03-04T09:06:43.026+0000][68][gc,marking  ] GC(14) Concurrent Preclean
[2023-03-04T09:06:43.027+0000][68][gc,marking  ] GC(14) Concurrent Preclean 1.151ms
[2023-03-04T09:06:43.028+0000][68][gc,start    ] GC(14) Pause Remark
[2023-03-04T09:06:43.035+0000][68][gc          ] GC(14) Pause Remark 36M->36M(256M) 7.047ms
[2023-03-04T09:06:43.036+0000][68][gc,cpu      ] GC(14) User=0.01s Sys=0.00s Real=0.01s
[2023-03-04T09:06:43.038+0000][68][safepoint   ] Safepoint "G1PauseRemark", Time since last: 35042829 ns, Reaching safepoint: 328682 ns, At safepoint: 9338553 ns, Total: 9667235 ns
[2023-03-04T09:06:43.041+0000][68][gc,marking  ] GC(14) Concurrent Mark 43.352ms
[2023-03-04T09:06:43.045+0000][68][gc,marking  ] GC(14) Concurrent Rebuild Remembered Sets
[2023-03-04T09:06:43.067+0000][68][gc,marking  ] GC(14) Concurrent Rebuild Remembered Sets 22.096ms
[2023-03-04T09:06:43.070+0000][68][gc,start    ] GC(14) Pause Cleanup
[2023-03-04T09:06:43.071+0000][68][gc          ] GC(14) Pause Cleanup 36M->36M(256M) 1.042ms
[2023-03-04T09:06:43.073+0000][68][gc,cpu      ] GC(14) User=0.00s Sys=0.00s Real=0.00s
[2023-03-04T09:06:43.074+0000][68][safepoint   ] Safepoint "G1PauseCleanup", Time since last: 32401619 ns, Reaching safepoint: 294587 ns, At safepoint: 3344878 ns, Total: 3639465 ns
[2023-03-04T09:06:43.079+0000][68][gc,marking  ] GC(14) Concurrent Cleanup for Next Mark
[2023-03-04T09:06:43.081+0000][68][gc,marking  ] GC(14) Concurrent Cleanup for Next Mark 2.092ms
[2023-03-04T09:06:43.081+0000][68][gc          ] GC(14) Concurrent Mark Cycle 103.882ms
[2023-03-04T09:06:44.075+0000][68][safepoint   ] Safepoint "Cleanup", Time since last: 1000997373 ns, Reaching safepoint: 414817 ns, At safepoint: 84184 ns, Total: 499001 ns
[2023-03-04T09:06:44.822+0000][68][safepoint   ] Safepoint "ICBufferFull", Time since last: 746665931 ns, Reaching safepoint: 119726 ns, At safepoint: 25582 ns, Total: 145308 ns
[2023-03-04T09:06:45.043+0000][68][gc,start    ] GC(15) Pause Young (Normal) (G1 Evacuation Pause)
[2023-03-04T09:06:45.044+0000][68][gc,task     ] GC(15) Using 4 workers of 4 for evacuation
[2023-03-04T09:06:45.045+0000][68][gc,age      ] GC(15) Desired survivor size 10485760 bytes, new threshold 15 (max threshold 15)
[2023-03-04T09:06:45.063+0000][68][gc,phases   ] GC(15)   Pre Evacuate Collection Set: 0.1ms
[2023-03-04T09:06:45.064+0000][68][gc,phases   ] GC(15)   Merge Heap Roots: 0.2ms
[2023-03-04T09:06:45.065+0000][68][gc,phases   ] GC(15)   Evacuate Collection Set: 14.6ms
[2023-03-04T09:06:45.066+0000][68][gc,phases   ] GC(15)   Post Evacuate Collection Set: 2.3ms
[2023-03-04T09:06:45.067+0000][68][gc,phases   ] GC(15)   Other: 1.8ms
[2023-03-04T09:06:45.068+0000][68][gc,age      ] GC(15) Age table with threshold 15 (max threshold 15)
[2023-03-04T09:06:45.068+0000][68][gc,age      ] GC(15) - age   1:   10638144 bytes,   10638144 total
[2023-03-04T09:06:45.069+0000][68][gc,age      ] GC(15) - age   2:     375696 bytes,   11013840 total
[2023-03-04T09:06:45.070+0000][68][gc,age      ] GC(15) - age   3:     710832 bytes,   11724672 total
[2023-03-04T09:06:45.070+0000][68][gc,age      ] GC(15) - age   4:    2360384 bytes,   14085056 total
[2023-03-04T09:06:45.071+0000][68][gc,age      ] GC(15) - age   5:    3105416 bytes,   17190472 total
[2023-03-04T09:06:45.071+0000][68][gc,age      ] GC(15) - age   6:    1409416 bytes,   18599888 total
[2023-03-04T09:06:45.072+0000][68][gc,heap     ] GC(15) Eden regions: 35->0(33)
[2023-03-04T09:06:45.072+0000][68][gc,heap     ] GC(15) Survivor regions: 3->5(5)
[2023-03-04T09:06:45.073+0000][68][gc,heap     ] GC(15) Old regions: 6->6
[2023-03-04T09:06:45.073+0000][68][gc,heap     ] GC(15) Archive regions: 2->2
[2023-03-04T09:06:45.074+0000][68][gc,heap     ] GC(15) Humongous regions: 0->0
[2023-03-04T09:06:45.074+0000][68][gc,metaspace] GC(15) Metaspace: 43932K(45184K)->43932K(45184K) NonClass: 38709K(39424K)->38709K(39424K) Class: 5223K(5760K)->5223K(5760K)
[2023-03-04T09:06:45.075+0000][68][gc          ] GC(15) Pause Young (Normal) (G1 Evacuation Pause) 174M->43M(256M) 31.566ms
[2023-03-04T09:06:45.075+0000][68][gc,cpu      ] GC(15) User=0.05s Sys=0.00s Real=0.04s
[2023-03-04T09:06:45.076+0000][68][safepoint   ] Safepoint "G1CollectForAllocation", Time since last: 221121235 ns, Reaching safepoint: 132487 ns, At safepoint: 32643681 ns, Total: 32776168 ns
[2023-03-04T09:06:46.162+0000][68][safepoint   ] Safepoint "Cleanup", Time since last: 1084842134 ns, Reaching safepoint: 1055182 ns, At safepoint: 46767 ns, Total: 1101949 ns
[2023-03-04T09:06:46.218+0000][68][gc,start    ] GC(16) Pause Young (Normal) (G1 Evacuation Pause)
[2023-03-04T09:06:46.220+0000][68][gc,task     ] GC(16) Using 4 workers of 4 for evacuation
[2023-03-04T09:06:46.220+0000][68][gc,age      ] GC(16) Desired survivor size 10485760 bytes, new threshold 1 (max threshold 15)
[2023-03-04T09:06:46.250+0000][68][gc,phases   ] GC(16)   Pre Evacuate Collection Set: 0.1ms
[2023-03-04T09:06:46.251+0000][68][gc,phases   ] GC(16)   Merge Heap Roots: 0.1ms
[2023-03-04T09:06:46.252+0000][68][gc,phases   ] GC(16)   Evacuate Collection Set: 27.1ms
[2023-03-04T09:06:46.253+0000][68][gc,phases   ] GC(16)   Post Evacuate Collection Set: 1.2ms
[2023-03-04T09:06:46.255+0000][68][gc,phases   ] GC(16)   Other: 1.7ms
[2023-03-04T09:06:46.256+0000][68][gc,age      ] GC(16) Age table with threshold 1 (max threshold 15)
[2023-03-04T09:06:46.257+0000][68][gc,age      ] GC(16) - age   1:    7621736 bytes,    7621736 total
[2023-03-04T09:06:46.258+0000][68][gc,heap     ] GC(16) Eden regions: 33->0(35)
[2023-03-04T09:06:46.259+0000][68][gc,heap     ] GC(16) Survivor regions: 5->2(5)
[2023-03-04T09:06:46.261+0000][68][gc,heap     ] GC(16) Old regions: 6->10
[2023-03-04T09:06:46.263+0000][68][gc,heap     ] GC(16) Archive regions: 2->2
[2023-03-04T09:06:46.265+0000][68][gc,heap     ] GC(16) Humongous regions: 0->0
[2023-03-04T09:06:46.266+0000][68][gc,metaspace] GC(16) Metaspace: 44187K(45504K)->44187K(45504K) NonClass: 38926K(39680K)->38926K(39680K) Class: 5261K(5824K)->5261K(5824K)
[2023-03-04T09:06:46.267+0000][68][gc          ] GC(16) Pause Young (Normal) (G1 Evacuation Pause) 175M->50M(256M) 48.355ms
[2023-03-04T09:06:46.268+0000][68][gc,cpu      ] GC(16) User=0.10s Sys=0.01s Real=0.05s
[2023-03-04T09:06:46.269+0000][68][safepoint   ] Safepoint "G1CollectForAllocation", Time since last: 56298902 ns, Reaching safepoint: 153281 ns, At safepoint: 50521012 ns, Total: 50674293 ns
[2023-03-04T09:06:47.078+0000][68][safepoint   ] Safepoint "ICBufferFull", Time since last: 809019679 ns, Reaching safepoint: 400607 ns, At safepoint: 71578 ns, Total: 472185 ns
[2023-03-04T09:06:48.126+0000][68][gc,start    ] GC(17) Pause Young (Normal) (G1 Evacuation Pause)
[2023-03-04T09:06:48.128+0000][68][gc,task     ] GC(17) Using 4 workers of 4 for evacuation
[2023-03-04T09:06:48.128+0000][68][gc,age      ] GC(17) Desired survivor size 10485760 bytes, new threshold 15 (max threshold 15)
[2023-03-04T09:06:48.139+0000][68][gc,phases   ] GC(17)   Pre Evacuate Collection Set: 0.1ms
[2023-03-04T09:06:48.139+0000][68][gc,phases   ] GC(17)   Merge Heap Roots: 0.1ms
[2023-03-04T09:06:48.140+0000][68][gc,phases   ] GC(17)   Evacuate Collection Set: 8.5ms
[2023-03-04T09:06:48.141+0000][68][gc,phases   ] GC(17)   Post Evacuate Collection Set: 0.7ms
[2023-03-04T09:06:48.141+0000][68][gc,phases   ] GC(17)   Other: 1.5ms
[2023-03-04T09:06:48.142+0000][68][gc,age      ] GC(17) Age table with threshold 15 (max threshold 15)
[2023-03-04T09:06:48.143+0000][68][gc,age      ] GC(17) - age   1:    5211576 bytes,    5211576 total
[2023-03-04T09:06:48.143+0000][68][gc,age      ] GC(17) - age   2:    7227344 bytes,   12438920 total
[2023-03-04T09:06:48.144+0000][68][gc,heap     ] GC(17) Eden regions: 35->0(33)
[2023-03-04T09:06:48.144+0000][68][gc,heap     ] GC(17) Survivor regions: 2->4(5)
[2023-03-04T09:06:48.145+0000][68][gc,heap     ] GC(17) Old regions: 10->10
[2023-03-04T09:06:48.146+0000][68][gc,heap     ] GC(17) Archive regions: 2->2
[2023-03-04T09:06:48.146+0000][68][gc,heap     ] GC(17) Humongous regions: 0->0
[2023-03-04T09:06:48.147+0000][68][gc,metaspace] GC(17) Metaspace: 52093K(53376K)->52093K(53376K) NonClass: 45791K(46528K)->45791K(46528K) Class: 6301K(6848K)->6301K(6848K)
[2023-03-04T09:06:48.147+0000][68][gc          ] GC(17) Pause Young (Normal) (G1 Evacuation Pause) 190M->55M(256M) 21.305ms
[2023-03-04T09:06:48.148+0000][68][gc,cpu      ] GC(17) User=0.04s Sys=0.00s Real=0.02s
[2023-03-04T09:06:48.149+0000][68][safepoint   ] Safepoint "G1CollectForAllocation", Time since last: 1047699240 ns, Reaching safepoint: 136853 ns, At safepoint: 22660840 ns, Total: 22797693 ns
[2023-03-04T09:06:48.804+0000][68][gc,start    ] GC(18) Pause Young (Concurrent Start) (Metadata GC Threshold)
[2023-03-04T09:06:48.805+0000][68][gc,task     ] GC(18) Using 4 workers of 4 for evacuation
[2023-03-04T09:06:48.806+0000][68][gc,age      ] GC(18) Desired survivor size 10485760 bytes, new threshold 2 (max threshold 15)
[2023-03-04T09:06:48.816+0000][68][gc,phases   ] GC(18)   Pre Evacuate Collection Set: 0.3ms
[2023-03-04T09:06:48.816+0000][68][gc,phases   ] GC(18)   Merge Heap Roots: 0.1ms
[2023-03-04T09:06:48.817+0000][68][gc,phases   ] GC(18)   Evacuate Collection Set: 7.8ms
[2023-03-04T09:06:48.818+0000][68][gc,phases   ] GC(18)   Post Evacuate Collection Set: 0.8ms
[2023-03-04T09:06:48.818+0000][68][gc,phases   ] GC(18)   Other: 1.6ms
[2023-03-04T09:06:48.819+0000][68][gc,age      ] GC(18) Age table with threshold 2 (max threshold 15)
[2023-03-04T09:06:48.819+0000][68][gc,age      ] GC(18) - age   1:    2566776 bytes,    2566776 total
[2023-03-04T09:06:48.820+0000][68][gc,age      ] GC(18) - age   2:    4874784 bytes,    7441560 total
[2023-03-04T09:06:48.821+0000][68][gc,heap     ] GC(18) Eden regions: 10->0(30)
[2023-03-04T09:06:48.821+0000][68][gc,heap     ] GC(18) Survivor regions: 4->2(5)
[2023-03-04T09:06:48.822+0000][68][gc,heap     ] GC(18) Old regions: 10->12
[2023-03-04T09:06:48.822+0000][68][gc,heap     ] GC(18) Archive regions: 2->2
[2023-03-04T09:06:48.823+0000][68][gc,heap     ] GC(18) Humongous regions: 0->0
[2023-03-04T09:06:48.823+0000][68][gc,metaspace] GC(18) Metaspace: 58811K(60160K)->58811K(60160K) NonClass: 51526K(52288K)->51526K(52288K) Class: 7285K(7872K)->7285K(7872K)
[2023-03-04T09:06:48.824+0000][68][gc          ] GC(18) Pause Young (Concurrent Start) (Metadata GC Threshold) 93M->58M(256M) 19.625ms
[2023-03-04T09:06:48.824+0000][68][gc,cpu      ] GC(18) User=0.02s Sys=0.00s Real=0.02s
[2023-03-04T09:06:48.824+0000][68][gc          ] GC(19) Concurrent Mark Cycle
[2023-03-04T09:06:48.825+0000][68][gc,marking  ] GC(19) Concurrent Clear Claimed Marks
[2023-03-04T09:06:48.826+0000][68][safepoint   ] Safepoint "CollectForMetadataAllocation", Time since last: 655138003 ns, Reaching safepoint: 341935 ns, At safepoint: 21460736 ns, Total: 21802671 ns
[2023-03-04T09:06:48.826+0000][68][gc,marking  ] GC(19) Concurrent Clear Claimed Marks 0.843ms
[2023-03-04T09:06:48.833+0000][68][gc,marking  ] GC(19) Concurrent Scan Root Regions
[2023-03-04T09:06:48.846+0000][68][gc,marking  ] GC(19) Concurrent Scan Root Regions 12.805ms
[2023-03-04T09:06:48.849+0000][68][gc,marking  ] GC(19) Concurrent Mark
[2023-03-04T09:06:48.850+0000][68][gc,marking  ] GC(19) Concurrent Mark From Roots
[2023-03-04T09:06:48.851+0000][68][gc,task     ] GC(19) Using 1 workers of 1 for marking
[2023-03-04T09:06:48.903+0000][68][safepoint   ] Safepoint "CollectForMetadataAllocation", Time since last: 76479185 ns, Reaching safepoint: 266375 ns, At safepoint: 325713 ns, Total: 592088 ns
[2023-03-04T09:06:48.907+0000][68][gc,marking  ] GC(19) Concurrent Mark From Roots 57.662ms
[2023-03-04T09:06:48.908+0000][68][gc,marking  ] GC(19) Concurrent Preclean
[2023-03-04T09:06:48.909+0000][68][gc,marking  ] GC(19) Concurrent Preclean 0.908ms
[2023-03-04T09:06:48.910+0000][68][gc,start    ] GC(19) Pause Remark
[2023-03-04T09:06:48.920+0000][68][gc          ] GC(19) Pause Remark 60M->60M(256M) 9.784ms
[2023-03-04T09:06:48.921+0000][68][gc,cpu      ] GC(19) User=0.02s Sys=0.00s Real=0.01s
[2023-03-04T09:06:48.922+0000][68][safepoint   ] Safepoint "G1PauseRemark", Time since last: 7300646 ns, Reaching safepoint: 168967 ns, At safepoint: 11585257 ns, Total: 11754224 ns
[2023-03-04T09:06:48.923+0000][68][gc,marking  ] GC(19) Concurrent Mark 74.093ms
[2023-03-04T09:06:48.924+0000][68][gc,marking  ] GC(19) Concurrent Rebuild Remembered Sets
[2023-03-04T09:06:48.951+0000][68][gc,marking  ] GC(19) Concurrent Rebuild Remembered Sets 27.762ms
[2023-03-04T09:06:48.953+0000][68][gc,start    ] GC(19) Pause Cleanup
[2023-03-04T09:06:48.954+0000][68][gc          ] GC(19) Pause Cleanup 62M->62M(256M) 0.981ms
[2023-03-04T09:06:48.954+0000][68][gc,cpu      ] GC(19) User=0.00s Sys=0.00s Real=0.00s
[2023-03-04T09:06:48.955+0000][68][safepoint   ] Safepoint "G1PauseCleanup", Time since last: 30536634 ns, Reaching safepoint: 387354 ns, At safepoint: 2218376 ns, Total: 2605730 ns
[2023-03-04T09:06:48.956+0000][68][gc,marking  ] GC(19) Concurrent Cleanup for Next Mark
[2023-03-04T09:06:48.956+0000][68][gc,marking  ] GC(19) Concurrent Cleanup for Next Mark 0.786ms
[2023-03-04T09:06:48.957+0000][68][gc          ] GC(19) Concurrent Mark Cycle 132.647ms
[2023-03-04T09:06:49.827+0000][68][gc,start    ] GC(20) Pause Young (Normal) (G1 Evacuation Pause)
[2023-03-04T09:06:49.828+0000][68][gc,task     ] GC(20) Using 4 workers of 4 for evacuation
[2023-03-04T09:06:49.829+0000][68][gc,age      ] GC(20) Desired survivor size 8388608 bytes, new threshold 15 (max threshold 15)
[2023-03-04T09:06:49.842+0000][68][gc,phases   ] GC(20)   Pre Evacuate Collection Set: 0.1ms
[2023-03-04T09:06:49.843+0000][68][gc,phases   ] GC(20)   Merge Heap Roots: 0.1ms
[2023-03-04T09:06:49.843+0000][68][gc,phases   ] GC(20)   Evacuate Collection Set: 7.8ms
[2023-03-04T09:06:49.844+0000][68][gc,phases   ] GC(20)   Post Evacuate Collection Set: 3.5ms
[2023-03-04T09:06:49.844+0000][68][gc,phases   ] GC(20)   Other: 1.9ms
[2023-03-04T09:06:49.845+0000][68][gc,age      ] GC(20) Age table with threshold 15 (max threshold 15)
[2023-03-04T09:06:49.845+0000][68][gc,age      ] GC(20) - age   1:    2164744 bytes,    2164744 total
[2023-03-04T09:06:49.846+0000][68][gc,age      ] GC(20) - age   2:    2420264 bytes,    4585008 total
[2023-03-04T09:06:49.846+0000][68][gc,age      ] GC(20) - age   3:    4851760 bytes,    9436768 total
[2023-03-04T09:06:49.847+0000][68][gc,heap     ] GC(20) Eden regions: 30->0(30)
[2023-03-04T09:06:49.847+0000][68][gc,heap     ] GC(20) Survivor regions: 2->3(4)
[2023-03-04T09:06:49.848+0000][68][gc,heap     ] GC(20) Old regions: 12->12
[2023-03-04T09:06:49.848+0000][68][gc,heap     ] GC(20) Archive regions: 2->2
[2023-03-04T09:06:49.849+0000][68][gc,heap     ] GC(20) Humongous regions: 0->0
[2023-03-04T09:06:49.849+0000][68][gc,metaspace] GC(20) Metaspace: 65554K(67072K)->65554K(67072K) NonClass: 57197K(58048K)->57197K(58048K) Class: 8357K(9024K)->8357K(9024K)
[2023-03-04T09:06:49.850+0000][68][gc          ] GC(20) Pause Young (Normal) (G1 Evacuation Pause) 178M->59M(256M) 23.242ms
[2023-03-04T09:06:49.851+0000][68][gc,cpu      ] GC(20) User=0.04s Sys=0.00s Real=0.02s
[2023-03-04T09:06:49.852+0000][68][safepoint   ] Safepoint "G1CollectForAllocation", Time since last: 872110980 ns, Reaching safepoint: 125801 ns, At safepoint: 24342477 ns, Total: 24468278 ns
[2023-03-04T09:06:50.149+0000][68][gc,start    ] GC(21) Pause Young (Normal) (G1 Evacuation Pause)
[2023-03-04T09:06:50.150+0000][68][gc,task     ] GC(21) Using 4 workers of 4 for evacuation
[2023-03-04T09:06:50.151+0000][68][gc,age      ] GC(21) Desired survivor size 10485760 bytes, new threshold 15 (max threshold 15)
[2023-03-04T09:06:50.158+0000][68][gc,phases   ] GC(21)   Pre Evacuate Collection Set: 0.1ms
[2023-03-04T09:06:50.159+0000][68][gc,phases   ] GC(21)   Merge Heap Roots: 0.1ms
[2023-03-04T09:06:50.160+0000][68][gc,phases   ] GC(21)   Evacuate Collection Set: 5.0ms
[2023-03-04T09:06:50.161+0000][68][gc,phases   ] GC(21)   Post Evacuate Collection Set: 0.9ms
[2023-03-04T09:06:50.161+0000][68][gc,phases   ] GC(21)   Other: 1.6ms
[2023-03-04T09:06:50.162+0000][68][gc,age      ] GC(21) Age table with threshold 15 (max threshold 15)
[2023-03-04T09:06:50.163+0000][68][gc,age      ] GC(21) - age   1:      32992 bytes,      32992 total
[2023-03-04T09:06:50.164+0000][68][gc,age      ] GC(21) - age   2:    1990096 bytes,    2023088 total
[2023-03-04T09:06:50.164+0000][68][gc,age      ] GC(21) - age   3:    2420264 bytes,    4443352 total
[2023-03-04T09:06:50.165+0000][68][gc,age      ] GC(21) - age   4:    4851760 bytes,    9295112 total
[2023-03-04T09:06:50.166+0000][68][gc,heap     ] GC(21) Eden regions: 30->0(31)
[2023-03-04T09:06:50.166+0000][68][gc,heap     ] GC(21) Survivor regions: 3->3(5)
[2023-03-04T09:06:50.167+0000][68][gc,heap     ] GC(21) Old regions: 12->12
[2023-03-04T09:06:50.168+0000][68][gc,heap     ] GC(21) Archive regions: 2->2
[2023-03-04T09:06:50.168+0000][68][gc,heap     ] GC(21) Humongous regions: 0->0
[2023-03-04T09:06:50.169+0000][68][gc,metaspace] GC(21) Metaspace: 65579K(67072K)->65579K(67072K) NonClass: 57216K(58048K)->57216K(58048K) Class: 8362K(9024K)->8362K(9024K)
[2023-03-04T09:06:50.170+0000][68][gc          ] GC(21) Pause Young (Normal) (G1 Evacuation Pause) 179M->60M(256M) 20.398ms
[2023-03-04T09:06:50.170+0000][68][gc,cpu      ] GC(21) User=0.04s Sys=0.01s Real=0.02s
[2023-03-04T09:06:50.171+0000][68][safepoint   ] Safepoint "G1CollectForAllocation", Time since last: 297505868 ns, Reaching safepoint: 168347 ns, At safepoint: 21976439 ns, Total: 22144786 ns
[2023-03-04T09:06:51.478+0000][68][safepoint   ] Safepoint "Cleanup", Time since last: 1305397144 ns, Reaching safepoint: 1361081 ns, At safepoint: 7492 ns, Total: 1368573 ns
[2023-03-04T09:06:52.482+0000][68][safepoint   ] Safepoint "Cleanup", Time since last: 1003297027 ns, Reaching safepoint: 363772 ns, At safepoint: 157710 ns, Total: 521482 ns
[2023-03-04T09:06:52.778+0000][68][gc,start    ] GC(22) Pause Young (Normal) (G1 Evacuation Pause)
[2023-03-04T09:06:52.779+0000][68][gc,task     ] GC(22) Using 4 workers of 4 for evacuation
[2023-03-04T09:06:52.779+0000][68][gc,age      ] GC(22) Desired survivor size 10485760 bytes, new threshold 15 (max threshold 15)
[2023-03-04T09:06:52.793+0000][68][gc,phases   ] GC(22)   Pre Evacuate Collection Set: 0.2ms
[2023-03-04T09:06:52.794+0000][68][gc,phases   ] GC(22)   Merge Heap Roots: 0.1ms
[2023-03-04T09:06:52.795+0000][68][gc,phases   ] GC(22)   Evacuate Collection Set: 11.6ms
[2023-03-04T09:06:52.796+0000][68][gc,phases   ] GC(22)   Post Evacuate Collection Set: 1.1ms
[2023-03-04T09:06:52.797+0000][68][gc,phases   ] GC(22)   Other: 1.7ms
[2023-03-04T09:06:52.798+0000][68][gc,age      ] GC(22) Age table with threshold 15 (max threshold 15)
[2023-03-04T09:06:52.798+0000][68][gc,age      ] GC(22) - age   1:    7157632 bytes,    7157632 total
[2023-03-04T09:06:52.799+0000][68][gc,age      ] GC(22) - age   2:       8120 bytes,    7165752 total
[2023-03-04T09:06:52.801+0000][68][gc,age      ] GC(22) - age   3:    1967000 bytes,    9132752 total
[2023-03-04T09:06:52.801+0000][68][gc,age      ] GC(22) - age   4:    2418224 bytes,   11550976 total
[2023-03-04T09:06:52.802+0000][68][gc,age      ] GC(22) - age   5:    4847896 bytes,   16398872 total
[2023-03-04T09:06:52.803+0000][68][gc,heap     ] GC(22) Eden regions: 31->0(29)
[2023-03-04T09:06:52.804+0000][68][gc,heap     ] GC(22) Survivor regions: 3->5(5)
[2023-03-04T09:06:52.805+0000][68][gc,heap     ] GC(22) Old regions: 12->12
[2023-03-04T09:06:52.805+0000][68][gc,heap     ] GC(22) Archive regions: 2->2
[2023-03-04T09:06:52.806+0000][68][gc,heap     ] GC(22) Humongous regions: 0->0
[2023-03-04T09:06:52.807+0000][68][gc,metaspace] GC(22) Metaspace: 79454K(81024K)->79454K(81024K) NonClass: 69153K(70016K)->69153K(70016K) Class: 10300K(11008K)->10300K(11008K)
[2023-03-04T09:06:52.808+0000][68][gc          ] GC(22) Pause Young (Normal) (G1 Evacuation Pause) 184M->66M(256M) 29.874ms
[2023-03-04T09:06:52.808+0000][68][gc,cpu      ] GC(22) User=0.04s Sys=0.01s Real=0.03s
[2023-03-04T09:06:52.809+0000][68][safepoint   ] Safepoint "G1CollectForAllocation", Time since last: 295814331 ns, Reaching safepoint: 84788 ns, At safepoint: 31632292 ns, Total: 31717080 ns
[2023-03-04T09:06:53.837+0000][68][gc,start    ] GC(23) Pause Young (Normal) (G1 Evacuation Pause)
[2023-03-04T09:06:53.838+0000][68][gc,task     ] GC(23) Using 4 workers of 4 for evacuation
[2023-03-04T09:06:53.839+0000][68][gc,age      ] GC(23) Desired survivor size 10485760 bytes, new threshold 4 (max threshold 15)
[2023-03-04T09:06:53.854+0000][68][gc,phases   ] GC(23)   Pre Evacuate Collection Set: 0.2ms
[2023-03-04T09:06:53.855+0000][68][gc,phases   ] GC(23)   Merge Heap Roots: 0.1ms
[2023-03-04T09:06:53.855+0000][68][gc,phases   ] GC(23)   Evacuate Collection Set: 10.1ms
[2023-03-04T09:06:53.856+0000][68][gc,phases   ] GC(23)   Post Evacuate Collection Set: 2.9ms
[2023-03-04T09:06:53.857+0000][68][gc,phases   ] GC(23)   Other: 1.9ms
[2023-03-04T09:06:53.858+0000][68][gc,age      ] GC(23) Age table with threshold 4 (max threshold 15)
[2023-03-04T09:06:53.859+0000][68][gc,age      ] GC(23) - age   1:    2113240 bytes,    2113240 total
[2023-03-04T09:06:53.859+0000][68][gc,age      ] GC(23) - age   2:    7028112 bytes,    9141352 total
[2023-03-04T09:06:53.860+0000][68][gc,age      ] GC(23) - age   3:       8088 bytes,    9149440 total
[2023-03-04T09:06:53.861+0000][68][gc,age      ] GC(23) - age   4:    1962000 bytes,   11111440 total
[2023-03-04T09:06:53.861+0000][68][gc,heap     ] GC(23) Eden regions: 29->0(30)
[2023-03-04T09:06:53.862+0000][68][gc,heap     ] GC(23) Survivor regions: 5->3(5)
[2023-03-04T09:06:53.862+0000][68][gc,heap     ] GC(23) Old regions: 12->14
[2023-03-04T09:06:53.863+0000][68][gc,heap     ] GC(23) Archive regions: 2->2
[2023-03-04T09:06:53.863+0000][68][gc,heap     ] GC(23) Humongous regions: 0->0
[2023-03-04T09:06:53.864+0000][68][gc,metaspace] GC(23) Metaspace: 86271K(87808K)->86271K(87808K) NonClass: 75123K(75968K)->75123K(75968K) Class: 11147K(11840K)->11147K(11840K)
[2023-03-04T09:06:53.864+0000][68][gc          ] GC(23) Pause Young (Normal) (G1 Evacuation Pause) 182M->68M(256M) 27.010ms
[2023-03-04T09:06:53.865+0000][68][gc,cpu      ] GC(23) User=0.03s Sys=0.01s Real=0.03s
[2023-03-04T09:06:53.866+0000][68][safepoint   ] Safepoint "G1CollectForAllocation", Time since last: 1027712958 ns, Reaching safepoint: 438078 ns, At safepoint: 28106797 ns, Total: 28544875 ns
[2023-03-04T09:06:55.034+0000][68][safepoint   ] Safepoint "Cleanup", Time since last: 1168522096 ns, Reaching safepoint: 317777 ns, At safepoint: 29549 ns, Total: 347326 ns
[2023-03-04T09:06:55.238+0000][68][gc,start    ] GC(24) Pause Young (Concurrent Start) (Metadata GC Threshold)
[2023-03-04T09:06:55.239+0000][68][gc,task     ] GC(24) Using 4 workers of 4 for evacuation
[2023-03-04T09:06:55.240+0000][68][gc,age      ] GC(24) Desired survivor size 10485760 bytes, new threshold 4 (max threshold 15)
[2023-03-04T09:06:55.255+0000][68][gc,phases   ] GC(24)   Pre Evacuate Collection Set: 0.5ms
[2023-03-04T09:06:55.257+0000][68][gc,phases   ] GC(24)   Merge Heap Roots: 0.3ms
[2023-03-04T09:06:55.258+0000][68][gc,phases   ] GC(24)   Evacuate Collection Set: 11.5ms
[2023-03-04T09:06:55.258+0000][68][gc,phases   ] GC(24)   Post Evacuate Collection Set: 1.3ms
[2023-03-04T09:06:55.259+0000][68][gc,phases   ] GC(24)   Other: 2.2ms
[2023-03-04T09:06:55.260+0000][68][gc,age      ] GC(24) Age table with threshold 4 (max threshold 15)
[2023-03-04T09:06:55.260+0000][68][gc,age      ] GC(24) - age   1:    5670912 bytes,    5670912 total
[2023-03-04T09:06:55.261+0000][68][gc,age      ] GC(24) - age   2:    2008968 bytes,    7679880 total
[2023-03-04T09:06:55.261+0000][68][gc,age      ] GC(24) - age   3:    7025168 bytes,   14705048 total
[2023-03-04T09:06:55.262+0000][68][gc,age      ] GC(24) - age   4:       8088 bytes,   14713136 total
[2023-03-04T09:06:55.262+0000][68][gc,heap     ] GC(24) Eden regions: 19->0(29)
[2023-03-04T09:06:55.263+0000][68][gc,heap     ] GC(24) Survivor regions: 3->4(5)
[2023-03-04T09:06:55.263+0000][68][gc,heap     ] GC(24) Old regions: 14->14
[2023-03-04T09:06:55.264+0000][68][gc,heap     ] GC(24) Archive regions: 2->2
[2023-03-04T09:06:55.265+0000][68][gc,heap     ] GC(24) Humongous regions: 0->0
[2023-03-04T09:06:55.266+0000][68][gc,metaspace] GC(24) Metaspace: 98844K(100928K)->98844K(100928K) NonClass: 86045K(87168K)->86045K(87168K) Class: 12799K(13760K)->12799K(13760K)
[2023-03-04T09:06:55.266+0000][68][gc          ] GC(24) Pause Young (Concurrent Start) (Metadata GC Threshold) 142M->74M(256M) 28.489ms
[2023-03-04T09:06:55.267+0000][68][gc          ] GC(25) Concurrent Mark Cycle
[2023-03-04T09:06:55.267+0000][68][gc,marking  ] GC(25) Concurrent Clear Claimed Marks
[2023-03-04T09:06:55.267+0000][68][gc,cpu      ] GC(24) User=0.03s Sys=0.00s Real=0.03s
[2023-03-04T09:06:55.268+0000][68][gc,marking  ] GC(25) Concurrent Clear Claimed Marks 0.964ms
[2023-03-04T09:06:55.269+0000][68][gc,marking  ] GC(25) Concurrent Scan Root Regions
[2023-03-04T09:06:55.269+0000][68][safepoint   ] Safepoint "CollectForMetadataAllocation", Time since last: 203064692 ns, Reaching safepoint: 217009 ns, At safepoint: 31198087 ns, Total: 31415096 ns
[2023-03-04T09:06:55.284+0000][68][gc,marking  ] GC(25) Concurrent Scan Root Regions 15.500ms
[2023-03-04T09:06:55.285+0000][68][gc,marking  ] GC(25) Concurrent Mark
[2023-03-04T09:06:55.286+0000][68][gc,marking  ] GC(25) Concurrent Mark From Roots
[2023-03-04T09:06:55.287+0000][68][gc,task     ] GC(25) Using 1 workers of 1 for marking
[2023-03-04T09:06:55.347+0000][68][gc,marking  ] GC(25) Concurrent Mark From Roots 60.853ms
[2023-03-04T09:06:55.348+0000][68][gc,marking  ] GC(25) Concurrent Preclean
[2023-03-04T09:06:55.349+0000][68][gc,marking  ] GC(25) Concurrent Preclean 1.114ms
[2023-03-04T09:06:55.350+0000][68][gc,start    ] GC(25) Pause Remark
[2023-03-04T09:06:55.357+0000][68][gc          ] GC(25) Pause Remark 76M->76M(256M) 6.629ms
[2023-03-04T09:06:55.358+0000][68][gc,cpu      ] GC(25) User=0.01s Sys=0.00s Real=0.01s
[2023-03-04T09:06:55.358+0000][68][safepoint   ] Safepoint "G1PauseRemark", Time since last: 80880254 ns, Reaching safepoint: 290602 ns, At safepoint: 8202570 ns, Total: 8493172 ns
[2023-03-04T09:06:55.359+0000][68][gc,marking  ] GC(25) Concurrent Mark 73.726ms
[2023-03-04T09:06:55.360+0000][68][gc,marking  ] GC(25) Concurrent Rebuild Remembered Sets
[2023-03-04T09:06:55.395+0000][68][gc,marking  ] GC(25) Concurrent Rebuild Remembered Sets 35.322ms
[2023-03-04T09:06:55.396+0000][68][gc,start    ] GC(25) Pause Cleanup
[2023-03-04T09:06:55.397+0000][68][gc          ] GC(25) Pause Cleanup 78M->78M(256M) 1.019ms
[2023-03-04T09:06:55.398+0000][68][gc,cpu      ] GC(25) User=0.00s Sys=0.00s Real=0.00s
[2023-03-04T09:06:55.398+0000][68][safepoint   ] Safepoint "G1PauseCleanup", Time since last: 37630261 ns, Reaching safepoint: 298424 ns, At safepoint: 2195937 ns, Total: 2494361 ns
[2023-03-04T09:06:55.399+0000][68][gc,marking  ] GC(25) Concurrent Cleanup for Next Mark
[2023-03-04T09:06:55.400+0000][68][gc,marking  ] GC(25) Concurrent Cleanup for Next Mark 0.776ms
[2023-03-04T09:06:55.401+0000][68][gc          ] GC(25) Concurrent Mark Cycle 134.190ms
[2023-03-04T09:06:56.403+0000][68][safepoint   ] Safepoint "Cleanup", Time since last: 1004014664 ns, Reaching safepoint: 191384 ns, At safepoint: 26630 ns, Total: 218014 ns
[2023-03-04T09:06:57.225+0000][68][safepoint   ] Safepoint "ICBufferFull", Time since last: 821966442 ns, Reaching safepoint: 379914 ns, At safepoint: 38750 ns, Total: 418664 ns
[2023-03-04T09:06:57.873+0000][68][gc,start    ] GC(26) Pause Young (Normal) (G1 Evacuation Pause)
[2023-03-04T09:06:57.875+0000][68][gc,task     ] GC(26) Using 4 workers of 4 for evacuation
[2023-03-04T09:06:57.876+0000][68][gc,age      ] GC(26) Desired survivor size 10485760 bytes, new threshold 3 (max threshold 15)
[2023-03-04T09:06:57.904+0000][68][gc,phases   ] GC(26)   Pre Evacuate Collection Set: 0.2ms
[2023-03-04T09:06:57.905+0000][68][gc,phases   ] GC(26)   Merge Heap Roots: 0.2ms
[2023-03-04T09:06:57.906+0000][68][gc,phases   ] GC(26)   Evacuate Collection Set: 17.9ms
[2023-03-04T09:06:57.906+0000][68][gc,phases   ] GC(26)   Post Evacuate Collection Set: 9.3ms
[2023-03-04T09:06:57.907+0000][68][gc,phases   ] GC(26)   Other: 1.8ms
[2023-03-04T09:06:57.908+0000][68][gc,age      ] GC(26) Age table with threshold 3 (max threshold 15)
[2023-03-04T09:06:57.909+0000][68][gc,age      ] GC(26) - age   1:    7512640 bytes,    7512640 total
[2023-03-04T09:06:57.909+0000][68][gc,age      ] GC(26) - age   2:    5104192 bytes,   12616832 total
[2023-03-04T09:06:57.910+0000][68][gc,age      ] GC(26) - age   3:    1991632 bytes,   14608464 total
[2023-03-04T09:06:57.911+0000][68][gc,heap     ] GC(26) Eden regions: 29->0(27)
[2023-03-04T09:06:57.911+0000][68][gc,heap     ] GC(26) Survivor regions: 4->4(5)
[2023-03-04T09:06:57.912+0000][68][gc,heap     ] GC(26) Old regions: 14->16
[2023-03-04T09:06:57.912+0000][68][gc,heap     ] GC(26) Archive regions: 2->2
[2023-03-04T09:06:57.913+0000][68][gc,heap     ] GC(26) Humongous regions: 0->0
[2023-03-04T09:06:57.914+0000][68][gc,metaspace] GC(26) Metaspace: 112538K(115648K)->112538K(115648K) NonClass: 97561K(99136K)->97561K(99136K) Class: 14976K(16512K)->14976K(16512K)
[2023-03-04T09:06:57.914+0000][68][gc          ] GC(26) Pause Young (Normal) (G1 Evacuation Pause) 190M->81M(256M) 40.749ms
[2023-03-04T09:06:57.914+0000][68][gc,cpu      ] GC(26) User=0.08s Sys=0.00s Real=0.05s
[2023-03-04T09:06:57.915+0000][68][safepoint   ] Safepoint "G1CollectForAllocation", Time since last: 668428847 ns, Reaching safepoint: 215547 ns, At safepoint: 41966170 ns, Total: 42181717 ns
[2023-03-04T09:06:58.564+0000][68][safepoint   ] Safepoint "ICBufferFull", Time since last: 648858450 ns, Reaching safepoint: 154181 ns, At safepoint: 26177 ns, Total: 180358 ns
[2023-03-04T09:06:59.811+0000][68][safepoint   ] Safepoint "Cleanup", Time since last: 1245355828 ns, Reaching safepoint: 1093750 ns, At safepoint: 166066 ns, Total: 1259816 ns
[2023-03-04T09:07:00.814+0000][68][safepoint   ] Safepoint "Cleanup", Time since last: 1002022644 ns, Reaching safepoint: 1444045 ns, At safepoint: 85099 ns, Total: 1529144 ns
[2023-03-04T09:07:01.819+0000][68][safepoint   ] Safepoint "Cleanup", Time since last: 1001052366 ns, Reaching safepoint: 3702403 ns, At safepoint: 101491 ns, Total: 3803894 ns
[2023-03-04T09:07:02.326+0000][68][gc,start    ] GC(27) Pause Young (Normal) (G1 Evacuation Pause)
[2023-03-04T09:07:02.326+0000][68][gc,task     ] GC(27) Using 4 workers of 4 for evacuation
[2023-03-04T09:07:02.327+0000][68][gc,age      ] GC(27) Desired survivor size 8388608 bytes, new threshold 2 (max threshold 15)
[2023-03-04T09:07:02.348+0000][68][gc,phases   ] GC(27)   Pre Evacuate Collection Set: 0.5ms
[2023-03-04T09:07:02.349+0000][68][gc,phases   ] GC(27)   Merge Heap Roots: 0.2ms
[2023-03-04T09:07:02.351+0000][68][gc,phases   ] GC(27)   Evacuate Collection Set: 17.1ms
[2023-03-04T09:07:02.352+0000][68][gc,phases   ] GC(27)   Post Evacuate Collection Set: 2.9ms
[2023-03-04T09:07:02.353+0000][68][gc,phases   ] GC(27)   Other: 1.1ms
[2023-03-04T09:07:02.354+0000][68][gc,age      ] GC(27) Age table with threshold 2 (max threshold 15)
[2023-03-04T09:07:02.354+0000][68][gc,age      ] GC(27) - age   1:    9739376 bytes,    9739376 total
[2023-03-04T09:07:02.355+0000][68][gc,age      ] GC(27) - age   2:    6509480 bytes,   16248856 total
[2023-03-04T09:07:02.355+0000][68][gc,heap     ] GC(27) Eden regions: 27->0(21)
[2023-03-04T09:07:02.356+0000][68][gc,heap     ] GC(27) Survivor regions: 4->4(4)
[2023-03-04T09:07:02.356+0000][68][gc,heap     ] GC(27) Old regions: 16->19
[2023-03-04T09:07:02.357+0000][68][gc,heap     ] GC(27) Archive regions: 2->2
[2023-03-04T09:07:02.357+0000][68][gc,heap     ] GC(27) Humongous regions: 2->2
[2023-03-04T09:07:02.358+0000][68][gc,metaspace] GC(27) Metaspace: 122326K(125504K)->122326K(125504K) NonClass: 105835K(107392K)->105835K(107392K) Class: 16490K(18112K)->16490K(18112K)
[2023-03-04T09:07:02.358+0000][68][gc          ] GC(27) Pause Young (Normal) (G1 Evacuation Pause) 197M->101M(256M) 32.614ms
[2023-03-04T09:07:02.359+0000][68][gc,cpu      ] GC(27) User=0.05s Sys=0.01s Real=0.03s
[2023-03-04T09:07:02.360+0000][68][safepoint   ] Safepoint "G1CollectForAllocation", Time since last: 505411657 ns, Reaching safepoint: 910952 ns, At safepoint: 34759884 ns, Total: 35670836 ns
[2023-03-04T09:07:03.065+0000][68][gc,start    ] GC(28) Pause Young (Concurrent Start) (G1 Evacuation Pause)
[2023-03-04T09:07:03.066+0000][68][gc,task     ] GC(28) Using 4 workers of 4 for evacuation
[2023-03-04T09:07:03.067+0000][68][gc,age      ] GC(28) Desired survivor size 8388608 bytes, new threshold 1 (max threshold 15)
[2023-03-04T09:07:03.084+0000][68][gc,phases   ] GC(28)   Pre Evacuate Collection Set: 0.4ms
[2023-03-04T09:07:03.085+0000][68][gc,phases   ] GC(28)   Merge Heap Roots: 0.1ms
[2023-03-04T09:07:03.086+0000][68][gc,phases   ] GC(28)   Evacuate Collection Set: 13.7ms
[2023-03-04T09:07:03.087+0000][68][gc,phases   ] GC(28)   Post Evacuate Collection Set: 2.8ms
[2023-03-04T09:07:03.087+0000][68][gc,phases   ] GC(28)   Other: 1.5ms
[2023-03-04T09:07:03.088+0000][68][gc,age      ] GC(28) Age table with threshold 1 (max threshold 15)
[2023-03-04T09:07:03.088+0000][68][gc,age      ] GC(28) - age   1:     806816 bytes,     806816 total
[2023-03-04T09:07:03.089+0000][68][gc,heap     ] GC(28) Eden regions: 21->0(22)
[2023-03-04T09:07:03.089+0000][68][gc,heap     ] GC(28) Survivor regions: 4->1(4)
[2023-03-04T09:07:03.090+0000][68][gc,heap     ] GC(28) Old regions: 19->22
[2023-03-04T09:07:03.090+0000][68][gc,heap     ] GC(28) Archive regions: 2->2
[2023-03-04T09:07:03.091+0000][68][gc,heap     ] GC(28) Humongous regions: 2->2
[2023-03-04T09:07:03.092+0000][68][gc,metaspace] GC(28) Metaspace: 122610K(125760K)->122610K(125760K) NonClass: 106104K(107648K)->106104K(107648K) Class: 16505K(18112K)->16505K(18112K)
[2023-03-04T09:07:03.092+0000][68][gc          ] GC(28) Pause Young (Concurrent Start) (G1 Evacuation Pause) 184M->101M(256M) 27.335ms
[2023-03-04T09:07:03.093+0000][68][gc,cpu      ] GC(28) User=0.03s Sys=0.00s Real=0.02s
[2023-03-04T09:07:03.094+0000][68][safepoint   ] Safepoint "G1CollectForAllocation", Time since last: 704483106 ns, Reaching safepoint: 177049 ns, At safepoint: 28670259 ns, Total: 28847308 ns
[2023-03-04T09:07:03.094+0000][68][gc          ] GC(29) Concurrent Mark Cycle
[2023-03-04T09:07:03.095+0000][68][gc,marking  ] GC(29) Concurrent Clear Claimed Marks
[2023-03-04T09:07:03.097+0000][68][gc,marking  ] GC(29) Concurrent Clear Claimed Marks 1.869ms
[2023-03-04T09:07:03.098+0000][68][gc,marking  ] GC(29) Concurrent Scan Root Regions
[2023-03-04T09:07:03.131+0000][68][gc,marking  ] GC(29) Concurrent Scan Root Regions 32.852ms
[2023-03-04T09:07:03.132+0000][68][gc,marking  ] GC(29) Concurrent Mark
[2023-03-04T09:07:03.132+0000][68][gc,marking  ] GC(29) Concurrent Mark From Roots
[2023-03-04T09:07:03.134+0000][68][gc,task     ] GC(29) Using 1 workers of 1 for marking
[2023-03-04T09:07:03.320+0000][68][gc,marking  ] GC(29) Concurrent Mark From Roots 188.277ms
[2023-03-04T09:07:03.321+0000][68][gc,marking  ] GC(29) Concurrent Preclean
[2023-03-04T09:07:03.322+0000][68][gc,marking  ] GC(29) Concurrent Preclean 1.341ms
[2023-03-04T09:07:03.323+0000][68][gc,start    ] GC(29) Pause Remark
[2023-03-04T09:07:03.330+0000][68][gc          ] GC(29) Pause Remark 130M->130M(256M) 7.195ms
[2023-03-04T09:07:03.331+0000][68][gc,cpu      ] GC(29) User=0.01s Sys=0.00s Real=0.01s
[2023-03-04T09:07:03.331+0000][68][safepoint   ] Safepoint "G1PauseRemark", Time since last: 229345831 ns, Reaching safepoint: 111896 ns, At safepoint: 8240365 ns, Total: 8352261 ns
[2023-03-04T09:07:03.332+0000][68][gc,marking  ] GC(29) Concurrent Mark 200.368ms
[2023-03-04T09:07:03.332+0000][68][gc,marking  ] GC(29) Concurrent Rebuild Remembered Sets
[2023-03-04T09:07:03.391+0000][68][gc,marking  ] GC(29) Concurrent Rebuild Remembered Sets 58.060ms
[2023-03-04T09:07:03.394+0000][68][gc,start    ] GC(29) Pause Cleanup
[2023-03-04T09:07:03.395+0000][68][gc          ] GC(29) Pause Cleanup 139M->139M(256M) 1.004ms
[2023-03-04T09:07:03.396+0000][68][gc,cpu      ] GC(29) User=0.00s Sys=0.00s Real=0.00s
[2023-03-04T09:07:03.397+0000][68][safepoint   ] Safepoint "G1PauseCleanup", Time since last: 60611871 ns, Reaching safepoint: 2258690 ns, At safepoint: 2547221 ns, Total: 4805911 ns
[2023-03-04T09:07:03.398+0000][68][gc,marking  ] GC(29) Concurrent Cleanup for Next Mark
[2023-03-04T09:07:03.400+0000][68][gc,marking  ] GC(29) Concurrent Cleanup for Next Mark 1.776ms
[2023-03-04T09:07:03.401+0000][68][gc          ] GC(29) Concurrent Mark Cycle 306.792ms
[2023-03-04T09:07:04.398+0000][68][safepoint   ] Safepoint "Cleanup", Time since last: 1001497144 ns, Reaching safepoint: 95035 ns, At safepoint: 2453 ns, Total: 97488 ns
[2023-03-04T09:07:05.399+0000][68][safepoint   ] Safepoint "Cleanup", Time since last: 1000986258 ns, Reaching safepoint: 98514 ns, At safepoint: 3168 ns, Total: 101682 ns
[2023-03-04T09:07:06.400+0000][68][safepoint   ] Safepoint "Cleanup", Time since last: 1000915030 ns, Reaching safepoint: 87250 ns, At safepoint: 2807 ns, Total: 90057 ns
[2023-03-04T09:07:07.402+0000][68][safepoint   ] Safepoint "Cleanup", Time since last: 1001069909 ns, Reaching safepoint: 127988 ns, At safepoint: 3501 ns, Total: 131489 ns
[2023-03-04T09:07:08.255+0000][68][gc,start    ] GC(30) Pause Young (Prepare Mixed) (G1 Evacuation Pause)
[2023-03-04T09:07:08.256+0000][68][gc,task     ] GC(30) Using 4 workers of 4 for evacuation
[2023-03-04T09:07:08.256+0000][68][gc,age      ] GC(30) Desired survivor size 6291456 bytes, new threshold 15 (max threshold 15)
[2023-03-04T09:07:08.267+0000][68][gc,phases   ] GC(30)   Pre Evacuate Collection Set: 0.1ms
[2023-03-04T09:07:08.268+0000][68][gc,phases   ] GC(30)   Merge Heap Roots: 0.1ms
[2023-03-04T09:07:08.269+0000][68][gc,phases   ] GC(30)   Evacuate Collection Set: 9.4ms
[2023-03-04T09:07:08.269+0000][68][gc,phases   ] GC(30)   Post Evacuate Collection Set: 0.8ms
[2023-03-04T09:07:08.270+0000][68][gc,phases   ] GC(30)   Other: 1.4ms
[2023-03-04T09:07:08.270+0000][68][gc,age      ] GC(30) Age table with threshold 15 (max threshold 15)
[2023-03-04T09:07:08.271+0000][68][gc,age      ] GC(30) - age   1:     809328 bytes,     809328 total
[2023-03-04T09:07:08.271+0000][68][gc,age      ] GC(30) - age   2:     670456 bytes,    1479784 total
[2023-03-04T09:07:08.271+0000][68][gc,heap     ] GC(30) Eden regions: 22->0(2)
[2023-03-04T09:07:08.272+0000][68][gc,heap     ] GC(30) Survivor regions: 1->1(3)
[2023-03-04T09:07:08.272+0000][68][gc,heap     ] GC(30) Old regions: 22->22
[2023-03-04T09:07:08.273+0000][68][gc,heap     ] GC(30) Archive regions: 2->2
[2023-03-04T09:07:08.273+0000][68][gc,heap     ] GC(30) Humongous regions: 2->2
[2023-03-04T09:07:08.273+0000][68][gc,metaspace] GC(30) Metaspace: 124193K(127360K)->124193K(127360K) NonClass: 107475K(109056K)->107475K(109056K) Class: 16718K(18304K)->16718K(18304K)
[2023-03-04T09:07:08.274+0000][68][gc          ] GC(30) Pause Young (Prepare Mixed) (G1 Evacuation Pause) 189M->101M(256M) 19.250ms
[2023-03-04T09:07:08.274+0000][68][gc,cpu      ] GC(30) User=0.01s Sys=0.01s Real=0.02s
[2023-03-04T09:07:08.275+0000][68][safepoint   ] Safepoint "G1CollectForAllocation", Time since last: 852716094 ns, Reaching safepoint: 89625 ns, At safepoint: 20165297 ns, Total: 20254922 ns
[2023-03-04T09:07:08.297+0000][68][gc,start    ] GC(31) Pause Young (Mixed) (G1 Evacuation Pause)
[2023-03-04T09:07:08.297+0000][68][gc,task     ] GC(31) Using 4 workers of 4 for evacuation
[2023-03-04T09:07:08.298+0000][68][gc,age      ] GC(31) Desired survivor size 2097152 bytes, new threshold 15 (max threshold 15)
[2023-03-04T09:07:08.306+0000][68][gc,phases   ] GC(31)   Pre Evacuate Collection Set: 0.1ms
[2023-03-04T09:07:08.307+0000][68][gc,phases   ] GC(31)   Merge Heap Roots: 0.3ms
[2023-03-04T09:07:08.308+0000][68][gc,phases   ] GC(31)   Evacuate Collection Set: 6.2ms
[2023-03-04T09:07:08.308+0000][68][gc,phases   ] GC(31)   Post Evacuate Collection Set: 1.0ms
[2023-03-04T09:07:08.308+0000][68][gc,phases   ] GC(31)   Other: 1.4ms
[2023-03-04T09:07:08.309+0000][68][gc,age      ] GC(31) Age table with threshold 15 (max threshold 15)
[2023-03-04T09:07:08.309+0000][68][gc,age      ] GC(31) - age   1:     459184 bytes,     459184 total
[2023-03-04T09:07:08.310+0000][68][gc,age      ] GC(31) - age   2:     742728 bytes,    1201912 total
[2023-03-04T09:07:08.311+0000][68][gc,age      ] GC(31) - age   3:     670424 bytes,    1872336 total
[2023-03-04T09:07:08.311+0000][68][gc,heap     ] GC(31) Eden regions: 2->0(23)
[2023-03-04T09:07:08.312+0000][68][gc,heap     ] GC(31) Survivor regions: 1->1(1)
[2023-03-04T09:07:08.312+0000][68][gc,heap     ] GC(31) Old regions: 22->22
[2023-03-04T09:07:08.313+0000][68][gc,heap     ] GC(31) Archive regions: 2->2
[2023-03-04T09:07:08.313+0000][68][gc,heap     ] GC(31) Humongous regions: 2->2
[2023-03-04T09:07:08.314+0000][68][gc,metaspace] GC(31) Metaspace: 124197K(127360K)->124197K(127360K) NonClass: 107478K(109056K)->107478K(109056K) Class: 16719K(18304K)->16719K(18304K)
[2023-03-04T09:07:08.315+0000][68][gc          ] GC(31) Pause Young (Mixed) (G1 Evacuation Pause) 109M->100M(256M) 17.987ms
[2023-03-04T09:07:08.315+0000][68][gc,cpu      ] GC(31) User=0.02s Sys=0.00s Real=0.02s
[2023-03-04T09:07:08.316+0000][68][safepoint   ] Safepoint "G1CollectForAllocation", Time since last: 21749110 ns, Reaching safepoint: 103902 ns, At safepoint: 19126667 ns, Total: 19230569 ns
[2023-03-04T09:07:09.316+0000][68][safepoint   ] Safepoint "Cleanup", Time since last: 1000583357 ns, Reaching safepoint: 240765 ns, At safepoint: 53443 ns, Total: 294208 ns
[2023-03-04T09:07:10.707+0000][68][safepoint   ] Safepoint "Cleanup", Time since last: 1390237587 ns, Reaching safepoint: 190247 ns, At safepoint: 3924 ns, Total: 194171 ns
[2023-03-04T09:07:12.593+0000][68][safepoint   ] Safepoint "Cleanup", Time since last: 1885945168 ns, Reaching safepoint: 225328 ns, At safepoint: 10303 ns, Total: 235631 ns
[2023-03-04T09:07:13.266+0000][68][safepoint   ] Safepoint "ICBufferFull", Time since last: 661795200 ns, Reaching safepoint: 11213909 ns, At safepoint: 204990 ns, Total: 11418899 ns
[2023-03-04T09:07:13.416+0000][68][gc,start    ] GC(32) Pause Young (Concurrent Start) (G1 Evacuation Pause)
[2023-03-04T09:07:13.417+0000][68][gc,task     ] GC(32) Using 4 workers of 4 for evacuation
[2023-03-04T09:07:13.418+0000][68][gc,age      ] GC(32) Desired survivor size 6291456 bytes, new threshold 15 (max threshold 15)
[2023-03-04T09:07:13.432+0000][68][gc,phases   ] GC(32)   Pre Evacuate Collection Set: 0.4ms
[2023-03-04T09:07:13.433+0000][68][gc,phases   ] GC(32)   Merge Heap Roots: 0.1ms
[2023-03-04T09:07:13.434+0000][68][gc,phases   ] GC(32)   Evacuate Collection Set: 12.3ms
[2023-03-04T09:07:13.435+0000][68][gc,phases   ] GC(32)   Post Evacuate Collection Set: 1.2ms
[2023-03-04T09:07:13.436+0000][68][gc,phases   ] GC(32)   Other: 1.3ms
[2023-03-04T09:07:13.436+0000][68][gc,age      ] GC(32) Age table with threshold 15 (max threshold 15)
[2023-03-04T09:07:13.437+0000][68][gc,age      ] GC(32) - age   1:    6379184 bytes,    6379184 total
[2023-03-04T09:07:13.437+0000][68][gc,age      ] GC(32) - age   2:      90840 bytes,    6470024 total
[2023-03-04T09:07:13.438+0000][68][gc,age      ] GC(32) - age   3:     684792 bytes,    7154816 total
[2023-03-04T09:07:13.438+0000][68][gc,age      ] GC(32) - age   4:     651024 bytes,    7805840 total
[2023-03-04T09:07:13.439+0000][68][gc,heap     ] GC(32) Eden regions: 23->0(22)
[2023-03-04T09:07:13.439+0000][68][gc,heap     ] GC(32) Survivor regions: 1->2(3)
[2023-03-04T09:07:13.440+0000][68][gc,heap     ] GC(32) Old regions: 22->22
[2023-03-04T09:07:13.440+0000][68][gc,heap     ] GC(32) Archive regions: 2->2
[2023-03-04T09:07:13.441+0000][68][gc,heap     ] GC(32) Humongous regions: 2->2
[2023-03-04T09:07:13.441+0000][68][gc,metaspace] GC(32) Metaspace: 128065K(131200K)->128065K(131200K) NonClass: 110740K(112320K)->110740K(112320K) Class: 17325K(18880K)->17325K(18880K)
[2023-03-04T09:07:13.442+0000][68][gc          ] GC(32) Pause Young (Concurrent Start) (G1 Evacuation Pause) 192M->106M(256M) 25.310ms
[2023-03-04T09:07:13.442+0000][68][gc,cpu      ] GC(32) User=0.04s Sys=0.01s Real=0.02s
[2023-03-04T09:07:13.443+0000][68][gc          ] GC(33) Concurrent Mark Cycle
[2023-03-04T09:07:13.444+0000][68][gc,marking  ] GC(33) Concurrent Clear Claimed Marks
[2023-03-04T09:07:13.444+0000][68][gc,marking  ] GC(33) Concurrent Clear Claimed Marks 0.946ms
[2023-03-04T09:07:13.445+0000][68][gc,marking  ] GC(33) Concurrent Scan Root Regions
[2023-03-04T09:07:13.443+0000][68][safepoint   ] Safepoint "G1CollectForAllocation", Time since last: 149182377 ns, Reaching safepoint: 948238 ns, At safepoint: 26691099 ns, Total: 27639337 ns
[2023-03-04T09:07:13.459+0000][68][gc,marking  ] GC(33) Concurrent Scan Root Regions 13.716ms
[2023-03-04T09:07:13.473+0000][68][gc,marking  ] GC(33) Concurrent Mark
[2023-03-04T09:07:13.473+0000][68][gc,marking  ] GC(33) Concurrent Mark From Roots
[2023-03-04T09:07:13.474+0000][68][gc,task     ] GC(33) Using 1 workers of 1 for marking
[2023-03-04T09:07:13.711+0000][68][gc,marking  ] GC(33) Concurrent Mark From Roots 237.306ms
[2023-03-04T09:07:13.713+0000][68][gc,marking  ] GC(33) Concurrent Preclean
[2023-03-04T09:07:13.715+0000][68][gc,marking  ] GC(33) Concurrent Preclean 1.648ms
[2023-03-04T09:07:13.717+0000][68][gc,start    ] GC(33) Pause Remark
[2023-03-04T09:07:13.735+0000][68][gc          ] GC(33) Pause Remark 117M->117M(256M) 18.182ms
[2023-03-04T09:07:13.736+0000][68][gc,cpu      ] GC(33) User=0.05s Sys=0.00s Real=0.02s
[2023-03-04T09:07:13.736+0000][68][safepoint   ] Safepoint "G1PauseRemark", Time since last: 273281009 ns, Reaching safepoint: 157306 ns, At safepoint: 19657058 ns, Total: 19814364 ns
[2023-03-04T09:07:13.738+0000][68][gc,marking  ] GC(33) Concurrent Mark 265.773ms
[2023-03-04T09:07:13.739+0000][68][gc,marking  ] GC(33) Concurrent Rebuild Remembered Sets
[2023-03-04T09:07:13.976+0000][68][gc,marking  ] GC(33) Concurrent Rebuild Remembered Sets 236.189ms
[2023-03-04T09:07:13.995+0000][68][gc,start    ] GC(33) Pause Cleanup
[2023-03-04T09:07:13.996+0000][68][gc          ] GC(33) Pause Cleanup 119M->119M(256M) 0.942ms
[2023-03-04T09:07:13.999+0000][68][gc,cpu      ] GC(33) User=0.01s Sys=0.00s Real=0.00s
[2023-03-04T09:07:14.001+0000][68][safepoint   ] Safepoint "G1PauseCleanup", Time since last: 244477757 ns, Reaching safepoint: 14688753 ns, At safepoint: 5425794 ns, Total: 20114547 ns
[2023-03-04T09:07:14.002+0000][68][gc,marking  ] GC(33) Concurrent Cleanup for Next Mark
[2023-03-04T09:07:14.004+0000][68][gc,marking  ] GC(33) Concurrent Cleanup for Next Mark 2.754ms
[2023-03-04T09:07:14.005+0000][68][gc          ] GC(33) Concurrent Mark Cycle 562.600ms
[2023-03-04T09:07:14.649+0000][68][safepoint   ] Safepoint "ICBufferFull", Time since last: 639852723 ns, Reaching safepoint: 7754320 ns, At safepoint: 69270 ns, Total: 7823590 ns
[2023-03-04T09:07:15.607+0000][68][safepoint   ] Safepoint "ICBufferFull", Time since last: 958314379 ns, Reaching safepoint: 182096 ns, At safepoint: 3297 ns, Total: 185393 ns
[2023-03-04T09:07:16.278+0000][68][safepoint   ] Safepoint "ICBufferFull", Time since last: 670676641 ns, Reaching safepoint: 187314 ns, At safepoint: 55850 ns, Total: 243164 ns
[2023-03-04T09:07:16.817+0000][68][gc,start    ] GC(34) Pause Young (Prepare Mixed) (G1 Evacuation Pause)
[2023-03-04T09:07:16.818+0000][68][gc,task     ] GC(34) Using 4 workers of 4 for evacuation
[2023-03-04T09:07:16.819+0000][68][gc,age      ] GC(34) Desired survivor size 6291456 bytes, new threshold 1 (max threshold 15)
[2023-03-04T09:07:16.828+0000][68][gc,phases   ] GC(34)   Pre Evacuate Collection Set: 0.2ms
[2023-03-04T09:07:16.829+0000][68][gc,phases   ] GC(34)   Merge Heap Roots: 0.1ms
[2023-03-04T09:07:16.830+0000][68][gc,phases   ] GC(34)   Evacuate Collection Set: 7.7ms
[2023-03-04T09:07:16.830+0000][68][gc,phases   ] GC(34)   Post Evacuate Collection Set: 1.2ms
[2023-03-04T09:07:16.831+0000][68][gc,phases   ] GC(34)   Other: 1.0ms
[2023-03-04T09:07:16.831+0000][68][gc,age      ] GC(34) Age table with threshold 1 (max threshold 15)
[2023-03-04T09:07:16.831+0000][68][gc,age      ] GC(34) - age   1:    3998432 bytes,    3998432 total
[2023-03-04T09:07:16.832+0000][68][gc,heap     ] GC(34) Eden regions: 22->0(1)
[2023-03-04T09:07:16.832+0000][68][gc,heap     ] GC(34) Survivor regions: 2->2(3)
[2023-03-04T09:07:16.832+0000][68][gc,heap     ] GC(34) Old regions: 22->24
[2023-03-04T09:07:16.833+0000][68][gc,heap     ] GC(34) Archive regions: 2->2
[2023-03-04T09:07:16.833+0000][68][gc,heap     ] GC(34) Humongous regions: 2->2
[2023-03-04T09:07:16.834+0000][68][gc,metaspace] GC(34) Metaspace: 131406K(134848K)->131406K(134848K) NonClass: 113624K(115392K)->113624K(115392K) Class: 17781K(19456K)->17781K(19456K)
[2023-03-04T09:07:16.834+0000][68][gc          ] GC(34) Pause Young (Prepare Mixed) (G1 Evacuation Pause) 194M->108M(256M) 16.637ms
[2023-03-04T09:07:16.834+0000][68][gc,cpu      ] GC(34) User=0.03s Sys=0.00s Real=0.02s
[2023-03-04T09:07:16.835+0000][68][safepoint   ] Safepoint "G1CollectForAllocation", Time since last: 539148528 ns, Reaching safepoint: 243907 ns, At safepoint: 17543964 ns, Total: 17787871 ns
[2023-03-04T09:07:16.863+0000][68][gc,start    ] GC(35) Pause Young (Mixed) (G1 Evacuation Pause)
[2023-03-04T09:07:16.864+0000][68][gc,task     ] GC(35) Using 4 workers of 4 for evacuation
[2023-03-04T09:07:16.865+0000][68][gc,age      ] GC(35) Desired survivor size 2097152 bytes, new threshold 1 (max threshold 15)
[2023-03-04T09:07:16.873+0000][68][gc,phases   ] GC(35)   Pre Evacuate Collection Set: 0.2ms
[2023-03-04T09:07:16.874+0000][68][gc,phases   ] GC(35)   Merge Heap Roots: 0.3ms
[2023-03-04T09:07:16.875+0000][68][gc,phases   ] GC(35)   Evacuate Collection Set: 6.4ms
[2023-03-04T09:07:16.875+0000][68][gc,phases   ] GC(35)   Post Evacuate Collection Set: 1.0ms
[2023-03-04T09:07:16.876+0000][68][gc,phases   ] GC(35)   Other: 1.4ms
[2023-03-04T09:07:16.876+0000][68][gc,age      ] GC(35) Age table with threshold 1 (max threshold 15)
[2023-03-04T09:07:16.877+0000][68][gc,age      ] GC(35) - age   1:     518592 bytes,     518592 total
[2023-03-04T09:07:16.877+0000][68][gc,heap     ] GC(35) Eden regions: 1->0(21)
[2023-03-04T09:07:16.877+0000][68][gc,heap     ] GC(35) Survivor regions: 2->1(1)
[2023-03-04T09:07:16.878+0000][68][gc,heap     ] GC(35) Old regions: 24->24
[2023-03-04T09:07:16.878+0000][68][gc,heap     ] GC(35) Archive regions: 2->2
[2023-03-04T09:07:16.879+0000][68][gc,heap     ] GC(35) Humongous regions: 2->2
[2023-03-04T09:07:16.879+0000][68][gc,metaspace] GC(35) Metaspace: 131488K(134912K)->131488K(134912K) NonClass: 113695K(115456K)->113695K(115456K) Class: 17793K(19456K)->17793K(19456K)
[2023-03-04T09:07:16.880+0000][68][gc          ] GC(35) Pause Young (Mixed) (G1 Evacuation Pause) 112M->108M(256M) 16.717ms
[2023-03-04T09:07:16.880+0000][68][gc,cpu      ] GC(35) User=0.02s Sys=0.00s Real=0.02s
[2023-03-04T09:07:16.881+0000][68][safepoint   ] Safepoint "G1CollectForAllocation", Time since last: 25666062 ns, Reaching safepoint: 2270148 ns, At safepoint: 17740411 ns, Total: 20010559 ns
[2023-03-04T09:07:17.881+0000][68][safepoint   ] Safepoint "Cleanup", Time since last: 1000689376 ns, Reaching safepoint: 177599 ns, At safepoint: 7893 ns, Total: 185492 ns
[2023-03-04T09:07:18.883+0000][68][safepoint   ] Safepoint "Cleanup", Time since last: 1000831797 ns, Reaching safepoint: 346094 ns, At safepoint: 30517 ns, Total: 376611 ns
[2023-03-04T09:07:19.416+0000][68][safepoint   ] Safepoint "ICBufferFull", Time since last: 533065572 ns, Reaching safepoint: 557271 ns, At safepoint: 56305 ns, Total: 613576 ns
[2023-03-04T09:07:19.971+0000][68][safepoint   ] Safepoint "ICBufferFull", Time since last: 554469248 ns, Reaching safepoint: 242488 ns, At safepoint: 74959 ns, Total: 317447 ns
[2023-03-04T09:07:20.355+0000][68][safepoint   ] Safepoint "ICBufferFull", Time since last: 384032193 ns, Reaching safepoint: 236607 ns, At safepoint: 2884 ns, Total: 239491 ns
[2023-03-04T09:07:21.363+0000][68][safepoint   ] Safepoint "Cleanup", Time since last: 1007520368 ns, Reaching safepoint: 238072 ns, At safepoint: 8253 ns, Total: 246325 ns
[2023-03-04T09:07:22.317+0000][68][gc,start    ] GC(36) Pause Young (Concurrent Start) (G1 Evacuation Pause)
[2023-03-04T09:07:22.318+0000][68][gc,task     ] GC(36) Using 4 workers of 4 for evacuation
[2023-03-04T09:07:22.318+0000][68][gc,age      ] GC(36) Desired survivor size 6291456 bytes, new threshold 15 (max threshold 15)
[2023-03-04T09:07:22.324+0000][68][gc,phases   ] GC(36)   Pre Evacuate Collection Set: 0.4ms
[2023-03-04T09:07:22.325+0000][68][gc,phases   ] GC(36)   Merge Heap Roots: 0.2ms
[2023-03-04T09:07:22.325+0000][68][gc,phases   ] GC(36)   Evacuate Collection Set: 3.2ms
[2023-03-04T09:07:22.326+0000][68][gc,phases   ] GC(36)   Post Evacuate Collection Set: 1.4ms
[2023-03-04T09:07:22.327+0000][68][gc,phases   ] GC(36)   Other: 1.0ms
[2023-03-04T09:07:22.327+0000][68][gc,age      ] GC(36) Age table with threshold 15 (max threshold 15)
[2023-03-04T09:07:22.328+0000][68][gc,age      ] GC(36) - age   1:    2427832 bytes,    2427832 total
[2023-03-04T09:07:22.328+0000][68][gc,age      ] GC(36) - age   2:     338496 bytes,    2766328 total
[2023-03-04T09:07:22.329+0000][68][gc,heap     ] GC(36) Eden regions: 21->0(21)
[2023-03-04T09:07:22.329+0000][68][gc,heap     ] GC(36) Survivor regions: 1->1(3)
[2023-03-04T09:07:22.330+0000][68][gc,heap     ] GC(36) Old regions: 24->24
[2023-03-04T09:07:22.330+0000][68][gc,heap     ] GC(36) Archive regions: 2->2
[2023-03-04T09:07:22.331+0000][68][gc,heap     ] GC(36) Humongous regions: 2->2
[2023-03-04T09:07:22.331+0000][68][gc,metaspace] GC(36) Metaspace: 133141K(136576K)->133141K(136576K) NonClass: 115259K(116992K)->115259K(116992K) Class: 17881K(19584K)->17881K(19584K)
[2023-03-04T09:07:22.331+0000][68][gc          ] GC(36) Pause Young (Concurrent Start) (G1 Evacuation Pause) 192M->110M(256M) 14.518ms
[2023-03-04T09:07:22.332+0000][68][gc,cpu      ] GC(36) User=0.01s Sys=0.00s Real=0.01s
[2023-03-04T09:07:22.332+0000][68][gc          ] GC(37) Concurrent Mark Cycle
[2023-03-04T09:07:22.333+0000][68][gc,marking  ] GC(37) Concurrent Clear Claimed Marks
[2023-03-04T09:07:22.333+0000][68][safepoint   ] Safepoint "G1CollectForAllocation", Time since last: 953509216 ns, Reaching safepoint: 230120 ns, At safepoint: 15665139 ns, Total: 15895259 ns
[2023-03-04T09:07:22.334+0000][68][gc,marking  ] GC(37) Concurrent Clear Claimed Marks 1.095ms
[2023-03-04T09:07:22.335+0000][68][gc,marking  ] GC(37) Concurrent Scan Root Regions
[2023-03-04T09:07:22.339+0000][68][gc,marking  ] GC(37) Concurrent Scan Root Regions 3.224ms
[2023-03-04T09:07:22.341+0000][68][gc,marking  ] GC(37) Concurrent Mark
[2023-03-04T09:07:22.342+0000][68][gc,marking  ] GC(37) Concurrent Mark From Roots
[2023-03-04T09:07:22.343+0000][68][gc,task     ] GC(37) Using 1 workers of 1 for marking
[2023-03-04T09:07:22.496+0000][68][gc,marking  ] GC(37) Concurrent Mark From Roots 153.978ms
[2023-03-04T09:07:22.497+0000][68][gc,marking  ] GC(37) Concurrent Preclean
[2023-03-04T09:07:22.498+0000][68][gc,marking  ] GC(37) Concurrent Preclean 0.976ms
[2023-03-04T09:07:22.499+0000][68][gc,start    ] GC(37) Pause Remark
[2023-03-04T09:07:22.507+0000][68][gc          ] GC(37) Pause Remark 114M->114M(256M) 7.933ms
[2023-03-04T09:07:22.508+0000][68][gc,cpu      ] GC(37) User=0.02s Sys=0.00s Real=0.01s
[2023-03-04T09:07:22.509+0000][68][safepoint   ] Safepoint "G1PauseRemark", Time since last: 166291253 ns, Reaching safepoint: 145843 ns, At safepoint: 9530943 ns, Total: 9676786 ns
[2023-03-04T09:07:22.510+0000][68][gc,marking  ] GC(37) Concurrent Mark 168.760ms
[2023-03-04T09:07:22.511+0000][68][gc,marking  ] GC(37) Concurrent Rebuild Remembered Sets
[2023-03-04T09:07:22.626+0000][68][gc,marking  ] GC(37) Concurrent Rebuild Remembered Sets 115.609ms
[2023-03-04T09:07:22.628+0000][68][gc,start    ] GC(37) Pause Cleanup
[2023-03-04T09:07:22.629+0000][68][gc          ] GC(37) Pause Cleanup 122M->122M(256M) 0.935ms
[2023-03-04T09:07:22.629+0000][68][gc,cpu      ] GC(37) User=0.00s Sys=0.00s Real=0.00s
[2023-03-04T09:07:22.630+0000][68][safepoint   ] Safepoint "G1PauseCleanup", Time since last: 118751739 ns, Reaching safepoint: 282274 ns, At safepoint: 2605321 ns, Total: 2887595 ns
[2023-03-04T09:07:22.631+0000][68][gc,marking  ] GC(37) Concurrent Cleanup for Next Mark
[2023-03-04T09:07:22.634+0000][68][gc,marking  ] GC(37) Concurrent Cleanup for Next Mark 3.126ms
[2023-03-04T09:07:22.635+0000][68][gc          ] GC(37) Concurrent Mark Cycle 303.371ms
[2023-03-04T09:07:23.644+0000][68][safepoint   ] Safepoint "Cleanup", Time since last: 1013643489 ns, Reaching safepoint: 149031 ns, At safepoint: 47947 ns, Total: 196978 ns
[2023-03-04T09:07:24.647+0000][68][safepoint   ] Safepoint "Cleanup", Time since last: 1001729297 ns, Reaching safepoint: 846800 ns, At safepoint: 22540 ns, Total: 869340 ns
[2023-03-04T09:07:25.650+0000][68][safepoint   ] Safepoint "Cleanup", Time since last: 1003637703 ns, Reaching safepoint: 253343 ns, At safepoint: 9235 ns, Total: 262578 ns
[2023-03-04T09:07:26.654+0000][68][safepoint   ] Safepoint "Cleanup", Time since last: 1003311562 ns, Reaching safepoint: 610230 ns, At safepoint: 13695 ns, Total: 623925 ns
[2023-03-04T09:07:28.638+0000][68][safepoint   ] Safepoint "Cleanup", Time since last: 2004510228 ns, Reaching safepoint: 247261 ns, At safepoint: 9052 ns, Total: 256313 ns
[2023-03-04T09:07:29.639+0000][68][safepoint   ] Safepoint "Cleanup", Time since last: 1001326094 ns, Reaching safepoint: 94070 ns, At safepoint: 3685 ns, Total: 97755 ns
[2023-03-04T09:07:30.645+0000][68][safepoint   ] Safepoint "Cleanup", Time since last: 1004835105 ns, Reaching safepoint: 1393450 ns, At safepoint: 21599 ns, Total: 1415049 ns
[2023-03-04T09:07:31.649+0000][68][safepoint   ] Safepoint "Cleanup", Time since last: 1002997722 ns, Reaching safepoint: 380208 ns, At safepoint: 92758 ns, Total: 472966 ns
[2023-03-04T09:07:32.651+0000][68][safepoint   ] Safepoint "Cleanup", Time since last: 1001283306 ns, Reaching safepoint: 1023302 ns, At safepoint: 48763 ns, Total: 1072065 ns
[2023-03-04T09:07:33.654+0000][68][safepoint   ] Safepoint "Cleanup", Time since last: 1002626256 ns, Reaching safepoint: 117136 ns, At safepoint: 6451 ns, Total: 123587 ns
[2023-03-04T09:07:34.655+0000][68][safepoint   ] Safepoint "Cleanup", Time since last: 1001069659 ns, Reaching safepoint: 198761 ns, At safepoint: 7738 ns, Total: 206499 ns
[2023-03-04T09:07:35.657+0000][68][safepoint   ] Safepoint "Cleanup", Time since last: 1001413402 ns, Reaching safepoint: 117554 ns, At safepoint: 8209 ns, Total: 125763 ns
[2023-03-04T09:07:36.375+0000][68][gc,start    ] GC(38) Pause Young (Prepare Mixed) (G1 Evacuation Pause)
[2023-03-04T09:07:36.379+0000][68][gc,task     ] GC(38) Using 4 workers of 4 for evacuation
[2023-03-04T09:07:36.380+0000][68][gc,age      ] GC(38) Desired survivor size 6291456 bytes, new threshold 15 (max threshold 15)
[2023-03-04T09:07:36.391+0000][68][gc,phases   ] GC(38)   Pre Evacuate Collection Set: 0.4ms
[2023-03-04T09:07:36.392+0000][68][gc,phases   ] GC(38)   Merge Heap Roots: 0.3ms
[2023-03-04T09:07:36.394+0000][68][gc,phases   ] GC(38)   Evacuate Collection Set: 5.9ms
[2023-03-04T09:07:36.394+0000][68][gc,phases   ] GC(38)   Post Evacuate Collection Set: 1.8ms
[2023-03-04T09:07:36.395+0000][68][gc,phases   ] GC(38)   Other: 3.7ms
[2023-03-04T09:07:36.397+0000][68][gc,age      ] GC(38) Age table with threshold 15 (max threshold 15)
[2023-03-04T09:07:36.399+0000][68][gc,age      ] GC(38) - age   1:    1959696 bytes,    1959696 total
[2023-03-04T09:07:36.401+0000][68][gc,age      ] GC(38) - age   2:     802040 bytes,    2761736 total
[2023-03-04T09:07:36.402+0000][68][gc,age      ] GC(38) - age   3:     266624 bytes,    3028360 total
[2023-03-04T09:07:36.403+0000][68][gc,heap     ] GC(38) Eden regions: 21->0(2)
[2023-03-04T09:07:36.404+0000][68][gc,heap     ] GC(38) Survivor regions: 1->1(3)
[2023-03-04T09:07:36.405+0000][68][gc,heap     ] GC(38) Old regions: 24->24
[2023-03-04T09:07:36.405+0000][68][gc,heap     ] GC(38) Archive regions: 2->2
[2023-03-04T09:07:36.406+0000][68][gc,heap     ] GC(38) Humongous regions: 2->2
[2023-03-04T09:07:36.407+0000][68][gc,metaspace] GC(38) Metaspace: 134327K(137856K)->134327K(137856K) NonClass: 116370K(118144K)->116370K(118144K) Class: 17957K(19712K)->17957K(19712K)
[2023-03-04T09:07:36.407+0000][68][gc          ] GC(38) Pause Young (Prepare Mixed) (G1 Evacuation Pause) 194M->110M(256M) 32.103ms
[2023-03-04T09:07:36.409+0000][68][gc,cpu      ] GC(38) User=0.02s Sys=0.01s Real=0.03s
[2023-03-04T09:07:36.409+0000][68][safepoint   ] Safepoint "G1CollectForAllocation", Time since last: 718392846 ns, Reaching safepoint: 210949 ns, At safepoint: 33959807 ns, Total: 34170756 ns
[2023-03-04T09:07:37.412+0000][68][safepoint   ] Safepoint "Cleanup", Time since last: 1001933139 ns, Reaching safepoint: 230334 ns, At safepoint: 342953 ns, Total: 573287 ns
[2023-03-04T09:07:38.414+0000][68][safepoint   ] Safepoint "Cleanup", Time since last: 1001955342 ns, Reaching safepoint: 257594 ns, At safepoint: 64132 ns, Total: 321726 ns
[2023-03-04T09:07:39.923+0000][68][gc,start    ] GC(39) Pause Young (Mixed) (G1 Evacuation Pause)
[2023-03-04T09:07:39.924+0000][68][gc,task     ] GC(39) Using 4 workers of 4 for evacuation
[2023-03-04T09:07:39.924+0000][68][gc,age      ] GC(39) Desired survivor size 2097152 bytes, new threshold 2 (max threshold 15)
[2023-03-04T09:07:39.932+0000][68][gc,phases   ] GC(39)   Pre Evacuate Collection Set: 0.2ms
[2023-03-04T09:07:39.932+0000][68][gc,phases   ] GC(39)   Merge Heap Roots: 0.1ms
[2023-03-04T09:07:39.933+0000][68][gc,phases   ] GC(39)   Evacuate Collection Set: 5.4ms
[2023-03-04T09:07:39.934+0000][68][gc,phases   ] GC(39)   Post Evacuate Collection Set: 0.9ms
[2023-03-04T09:07:39.935+0000][68][gc,phases   ] GC(39)   Other: 1.4ms
[2023-03-04T09:07:39.935+0000][68][gc,age      ] GC(39) Age table with threshold 2 (max threshold 15)
[2023-03-04T09:07:39.936+0000][68][gc,age      ] GC(39) - age   1:     177224 bytes,     177224 total
[2023-03-04T09:07:39.937+0000][68][gc,age      ] GC(39) - age   2:    1935296 bytes,    2112520 total
[2023-03-04T09:07:39.937+0000][68][gc,heap     ] GC(39) Eden regions: 2->0(21)
[2023-03-04T09:07:39.937+0000][68][gc,heap     ] GC(39) Survivor regions: 1->1(1)
[2023-03-04T09:07:39.938+0000][68][gc,heap     ] GC(39) Old regions: 24->25
[2023-03-04T09:07:39.939+0000][68][gc,heap     ] GC(39) Archive regions: 2->2
[2023-03-04T09:07:39.939+0000][68][gc,heap     ] GC(39) Humongous regions: 2->2
[2023-03-04T09:07:39.940+0000][68][gc,metaspace] GC(39) Metaspace: 134364K(137856K)->134364K(137856K) NonClass: 116407K(118144K)->116407K(118144K) Class: 17957K(19712K)->17957K(19712K)
[2023-03-04T09:07:39.940+0000][68][gc          ] GC(39) Pause Young (Mixed) (G1 Evacuation Pause) 118M->110M(256M) 17.475ms
[2023-03-04T09:07:39.941+0000][68][gc,cpu      ] GC(39) User=0.02s Sys=0.00s Real=0.01s
[2023-03-04T09:07:39.941+0000][68][safepoint   ] Safepoint "G1CollectForAllocation", Time since last: 1508279876 ns, Reaching safepoint: 223659 ns, At safepoint: 18670861 ns, Total: 18894520 ns
[2023-03-04T09:07:41.379+0000][68][safepoint   ] Safepoint "Cleanup", Time since last: 1437147774 ns, Reaching safepoint: 252454 ns, At safepoint: 3781 ns, Total: 256235 ns
[2023-03-04T09:07:42.381+0000][68][safepoint   ] Safepoint "Cleanup", Time since last: 1001912453 ns, Reaching safepoint: 143095 ns, At safepoint: 7090 ns, Total: 150185 ns
[2023-03-04T09:07:43.383+0000][68][safepoint   ] Safepoint "Cleanup", Time since last: 1001559382 ns, Reaching safepoint: 604936 ns, At safepoint: 19055 ns, Total: 623991 ns
[2023-03-04T09:07:45.391+0000][68][safepoint   ] Safepoint "Cleanup", Time since last: 2007179154 ns, Reaching safepoint: 490159 ns, At safepoint: 14448 ns, Total: 504607 ns
[2023-03-04T09:07:46.395+0000][68][safepoint   ] Safepoint "Cleanup", Time since last: 1003900953 ns, Reaching safepoint: 986639 ns, At safepoint: 41572 ns, Total: 1028211 ns
[2023-03-04T09:07:47.399+0000][68][safepoint   ] Safepoint "Cleanup", Time since last: 1003383415 ns, Reaching safepoint: 236924 ns, At safepoint: 51315 ns, Total: 288239 ns
[2023-03-04T09:07:48.404+0000][68][safepoint   ] Safepoint "Cleanup", Time since last: 1004014222 ns, Reaching safepoint: 857877 ns, At safepoint: 83292 ns, Total: 941169 ns
[2023-03-04T09:07:49.409+0000][68][safepoint   ] Safepoint "Cleanup", Time since last: 1004285389 ns, Reaching safepoint: 831797 ns, At safepoint: 19107 ns, Total: 850904 ns
[2023-03-04T09:07:50.414+0000][68][safepoint   ] Safepoint "Cleanup", Time since last: 1003771281 ns, Reaching safepoint: 468339 ns, At safepoint: 19076 ns, Total: 487415 ns
[2023-03-04T09:07:52.420+0000][68][safepoint   ] Safepoint "Cleanup", Time since last: 2005672776 ns, Reaching safepoint: 1135343 ns, At safepoint: 108924 ns, Total: 1244267 ns
[2023-03-04T09:07:53.423+0000][68][safepoint   ] Safepoint "Cleanup", Time since last: 1002515695 ns, Reaching safepoint: 367086 ns, At safepoint: 9415 ns, Total: 376501 ns
[2023-03-04T09:07:54.426+0000][68][safepoint   ] Safepoint "Cleanup", Time since last: 1002716908 ns, Reaching safepoint: 238404 ns, At safepoint: 5949 ns, Total: 244353 ns
[2023-03-04T09:07:55.429+0000][68][safepoint   ] Safepoint "Cleanup", Time since last: 1002195706 ns, Reaching safepoint: 347874 ns, At safepoint: 9760 ns, Total: 357634 ns
[2023-03-04T09:07:56.432+0000][68][safepoint   ] Safepoint "Cleanup", Time since last: 1002896910 ns, Reaching safepoint: 239529 ns, At safepoint: 5126 ns, Total: 244655 ns
[2023-03-04T09:07:58.413+0000][68][safepoint   ] Safepoint "Cleanup", Time since last: 2002736355 ns, Reaching safepoint: 174197 ns, At safepoint: 3199 ns, Total: 177396 ns
[2023-03-04T09:07:59.415+0000][68][safepoint   ] Safepoint "Cleanup", Time since last: 1001967111 ns, Reaching safepoint: 149593 ns, At safepoint: 7375 ns, Total: 156968 ns
[2023-03-04T09:08:00.418+0000][68][safepoint   ] Safepoint "Cleanup", Time since last: 1002072032 ns, Reaching safepoint: 268808 ns, At safepoint: 15494 ns, Total: 284302 ns
[2023-03-04T09:08:01.421+0000][68][safepoint   ] Safepoint "Cleanup", Time since last: 1003446297 ns, Reaching safepoint: 151700 ns, At safepoint: 4574 ns, Total: 156274 ns
[2023-03-04T09:08:03.424+0000][68][safepoint   ] Safepoint "Cleanup", Time since last: 2002310847 ns, Reaching safepoint: 394595 ns, At safepoint: 14354 ns, Total: 408949 ns
[2023-03-04T09:08:04.213+0000][68][gc,start    ] GC(40) Pause Young (Concurrent Start) (G1 Evacuation Pause)
[2023-03-04T09:08:04.215+0000][68][gc,task     ] GC(40) Using 4 workers of 4 for evacuation
[2023-03-04T09:08:04.216+0000][68][gc,age      ] GC(40) Desired survivor size 6291456 bytes, new threshold 15 (max threshold 15)
[2023-03-04T09:08:04.223+0000][68][gc,phases   ] GC(40)   Pre Evacuate Collection Set: 0.6ms
[2023-03-04T09:08:04.224+0000][68][gc,phases   ] GC(40)   Merge Heap Roots: 0.1ms
[2023-03-04T09:08:04.224+0000][68][gc,phases   ] GC(40)   Evacuate Collection Set: 3.9ms
[2023-03-04T09:08:04.225+0000][68][gc,phases   ] GC(40)   Post Evacuate Collection Set: 0.9ms
[2023-03-04T09:08:04.226+0000][68][gc,phases   ] GC(40)   Other: 2.5ms
[2023-03-04T09:08:04.227+0000][68][gc,age      ] GC(40) Age table with threshold 15 (max threshold 15)
[2023-03-04T09:08:04.228+0000][68][gc,age      ] GC(40) - age   1:    1561176 bytes,    1561176 total
[2023-03-04T09:08:04.229+0000][68][gc,age      ] GC(40) - age   2:       4048 bytes,    1565224 total
[2023-03-04T09:08:04.230+0000][68][gc,age      ] GC(40) - age   3:     799912 bytes,    2365136 total
[2023-03-04T09:08:04.231+0000][68][gc,heap     ] GC(40) Eden regions: 21->0(21)
[2023-03-04T09:08:04.232+0000][68][gc,heap     ] GC(40) Survivor regions: 1->1(3)
[2023-03-04T09:08:04.233+0000][68][gc,heap     ] GC(40) Old regions: 25->25
[2023-03-04T09:08:04.234+0000][68][gc,heap     ] GC(40) Archive regions: 2->2
[2023-03-04T09:08:04.235+0000][68][gc,heap     ] GC(40) Humongous regions: 2->2
[2023-03-04T09:08:04.235+0000][68][gc,metaspace] GC(40) Metaspace: 134970K(138496K)->134970K(138496K) NonClass: 116967K(118784K)->116967K(118784K) Class: 18002K(19712K)->18002K(19712K)
[2023-03-04T09:08:04.236+0000][68][gc          ] GC(40) Pause Young (Concurrent Start) (G1 Evacuation Pause) 194M->110M(256M) 23.144ms
[2023-03-04T09:08:04.237+0000][68][gc          ] GC(41) Concurrent Mark Cycle
[2023-03-04T09:08:04.238+0000][68][gc,marking  ] GC(41) Concurrent Clear Claimed Marks
[2023-03-04T09:08:04.239+0000][68][gc,marking  ] GC(41) Concurrent Clear Claimed Marks 1.207ms
[2023-03-04T09:08:04.240+0000][68][gc,marking  ] GC(41) Concurrent Scan Root Regions
[2023-03-04T09:08:04.237+0000][68][gc,cpu      ] GC(40) User=0.01s Sys=0.00s Real=0.02s
[2023-03-04T09:08:04.242+0000][68][safepoint   ] Safepoint "G1CollectForAllocation", Time since last: 789094693 ns, Reaching safepoint: 136252 ns, At safepoint: 28528619 ns, Total: 28664871 ns
[2023-03-04T09:08:04.244+0000][68][gc,marking  ] GC(41) Concurrent Scan Root Regions 4.093ms
[2023-03-04T09:08:04.246+0000][68][gc,marking  ] GC(41) Concurrent Mark
[2023-03-04T09:08:04.247+0000][68][gc,marking  ] GC(41) Concurrent Mark From Roots
[2023-03-04T09:08:04.248+0000][68][gc,task     ] GC(41) Using 1 workers of 1 for marking
[2023-03-04T09:08:04.399+0000][68][gc,marking  ] GC(41) Concurrent Mark From Roots 152.051ms
[2023-03-04T09:08:04.401+0000][68][gc,marking  ] GC(41) Concurrent Preclean
[2023-03-04T09:08:04.402+0000][68][gc,marking  ] GC(41) Concurrent Preclean 1.446ms
[2023-03-04T09:08:04.403+0000][68][gc,start    ] GC(41) Pause Remark
[2023-03-04T09:08:04.413+0000][68][gc          ] GC(41) Pause Remark 114M->114M(256M) 10.299ms
[2023-03-04T09:08:04.415+0000][68][gc,cpu      ] GC(41) User=0.03s Sys=0.00s Real=0.01s
[2023-03-04T09:08:04.416+0000][68][safepoint   ] Safepoint "G1PauseRemark", Time since last: 161230853 ns, Reaching safepoint: 123610 ns, At safepoint: 12641819 ns, Total: 12765429 ns
[2023-03-04T09:08:04.416+0000][68][gc,marking  ] GC(41) Concurrent Mark 170.537ms
[2023-03-04T09:08:04.417+0000][68][gc,marking  ] GC(41) Concurrent Rebuild Remembered Sets
[2023-03-04T09:08:04.491+0000][68][gc,marking  ] GC(41) Concurrent Rebuild Remembered Sets 73.261ms
[2023-03-04T09:08:04.492+0000][68][gc,start    ] GC(41) Pause Cleanup
[2023-03-04T09:08:04.493+0000][68][gc          ] GC(41) Pause Cleanup 115M->115M(256M) 1.461ms
[2023-03-04T09:08:04.495+0000][68][gc,cpu      ] GC(41) User=0.00s Sys=0.00s Real=0.00s
[2023-03-04T09:08:04.496+0000][68][safepoint   ] Safepoint "G1PauseCleanup", Time since last: 76151445 ns, Reaching safepoint: 108592 ns, At safepoint: 4390877 ns, Total: 4499469 ns
[2023-03-04T09:08:04.497+0000][68][gc,marking  ] GC(41) Concurrent Cleanup for Next Mark
[2023-03-04T09:08:04.498+0000][68][gc,marking  ] GC(41) Concurrent Cleanup for Next Mark 1.082ms
[2023-03-04T09:08:04.499+0000][68][gc          ] GC(41) Concurrent Mark Cycle 261.712ms
[2023-03-04T09:08:07.500+0000][68][safepoint   ] Safepoint "Cleanup", Time since last: 3003066582 ns, Reaching safepoint: 202554 ns, At safepoint: 6920 ns, Total: 209474 ns
[2023-03-04T09:08:09.727+0000][68][safepoint   ] Safepoint "Cleanup", Time since last: 2227624258 ns, Reaching safepoint: 170125 ns, At safepoint: 49028 ns, Total: 219153 ns
[2023-03-04T09:08:11.026+0000][68][safepoint   ] Safepoint "Cleanup", Time since last: 1298079633 ns, Reaching safepoint: 363782 ns, At safepoint: 18198 ns, Total: 381980 ns
[2023-03-04T09:08:12.028+0000][68][safepoint   ] Safepoint "Cleanup", Time since last: 1001885932 ns, Reaching safepoint: 204342 ns, At safepoint: 7583 ns, Total: 211925 ns
[2023-03-04T09:08:13.031+0000][68][safepoint   ] Safepoint "Cleanup", Time since last: 1003286744 ns, Reaching safepoint: 173281 ns, At safepoint: 4941 ns, Total: 178222 ns
[2023-03-04T09:08:13.667+0000][68][gc,start    ] GC(42) Pause Young (Prepare Mixed) (G1 Evacuation Pause)
[2023-03-04T09:08:13.669+0000][68][gc,task     ] GC(42) Using 4 workers of 4 for evacuation
[2023-03-04T09:08:13.670+0000][68][gc,age      ] GC(42) Desired survivor size 6291456 bytes, new threshold 15 (max threshold 15)
[2023-03-04T09:08:13.677+0000][68][gc,phases   ] GC(42)   Pre Evacuate Collection Set: 0.3ms
[2023-03-04T09:08:13.678+0000][68][gc,phases   ] GC(42)   Merge Heap Roots: 0.2ms
[2023-03-04T09:08:13.678+0000][68][gc,phases   ] GC(42)   Evacuate Collection Set: 3.8ms
[2023-03-04T09:08:13.679+0000][68][gc,phases   ] GC(42)   Post Evacuate Collection Set: 1.0ms
[2023-03-04T09:08:13.680+0000][68][gc,phases   ] GC(42)   Other: 2.4ms
[2023-03-04T09:08:13.681+0000][68][gc,age      ] GC(42) Age table with threshold 15 (max threshold 15)
[2023-03-04T09:08:13.681+0000][68][gc,age      ] GC(42) - age   1:    1716296 bytes,    1716296 total
[2023-03-04T09:08:13.682+0000][68][gc,age      ] GC(42) - age   2:    1036832 bytes,    2753128 total
[2023-03-04T09:08:13.683+0000][68][gc,age      ] GC(42) - age   3:       3984 bytes,    2757112 total
[2023-03-04T09:08:13.683+0000][68][gc,age      ] GC(42) - age   4:     703144 bytes,    3460256 total
[2023-03-04T09:08:13.684+0000][68][gc,heap     ] GC(42) Eden regions: 21->0(2)
[2023-03-04T09:08:13.684+0000][68][gc,heap     ] GC(42) Survivor regions: 1->1(3)
[2023-03-04T09:08:13.685+0000][68][gc,heap     ] GC(42) Old regions: 25->25
[2023-03-04T09:08:13.686+0000][68][gc,heap     ] GC(42) Archive regions: 2->2
[2023-03-04T09:08:13.686+0000][68][gc,heap     ] GC(42) Humongous regions: 2->2
[2023-03-04T09:08:13.687+0000][68][gc,metaspace] GC(42) Metaspace: 135360K(138816K)->135360K(138816K) NonClass: 117349K(119104K)->117349K(119104K) Class: 18010K(19712K)->18010K(19712K)
[2023-03-04T09:08:13.687+0000][68][gc          ] GC(42) Pause Young (Prepare Mixed) (G1 Evacuation Pause) 194M->111M(256M) 19.976ms
[2023-03-04T09:08:13.688+0000][68][gc,cpu      ] GC(42) User=0.01s Sys=0.00s Real=0.02s
[2023-03-04T09:08:13.688+0000][68][safepoint   ] Safepoint "G1CollectForAllocation", Time since last: 635381908 ns, Reaching safepoint: 424956 ns, At safepoint: 21039181 ns, Total: 21464137 ns
[2023-03-04T09:08:13.705+0000][68][gc,start    ] GC(43) Pause Young (Mixed) (G1 Evacuation Pause)
[2023-03-04T09:08:13.706+0000][68][gc,task     ] GC(43) Using 4 workers of 4 for evacuation
[2023-03-04T09:08:13.707+0000][68][gc,age      ] GC(43) Desired survivor size 2097152 bytes, new threshold 2 (max threshold 15)
[2023-03-04T09:08:13.718+0000][68][gc,phases   ] GC(43)   Pre Evacuate Collection Set: 0.1ms
[2023-03-04T09:08:13.719+0000][68][gc,phases   ] GC(43)   Merge Heap Roots: 0.2ms
[2023-03-04T09:08:13.720+0000][68][gc,phases   ] GC(43)   Evacuate Collection Set: 9.3ms
[2023-03-04T09:08:13.720+0000][68][gc,phases   ] GC(43)   Post Evacuate Collection Set: 1.4ms
[2023-03-04T09:08:13.721+0000][68][gc,phases   ] GC(43)   Other: 1.2ms
[2023-03-04T09:08:13.722+0000][68][gc,age      ] GC(43) Age table with threshold 2 (max threshold 15)
[2023-03-04T09:08:13.722+0000][68][gc,age      ] GC(43) - age   1:     168064 bytes,     168064 total
[2023-03-04T09:08:13.723+0000][68][gc,age      ] GC(43) - age   2:    1562416 bytes,    1730480 total
[2023-03-04T09:08:13.724+0000][68][gc,heap     ] GC(43) Eden regions: 2->0(21)
[2023-03-04T09:08:13.724+0000][68][gc,heap     ] GC(43) Survivor regions: 1->1(1)
[2023-03-04T09:08:13.725+0000][68][gc,heap     ] GC(43) Old regions: 25->25
[2023-03-04T09:08:13.725+0000][68][gc,heap     ] GC(43) Archive regions: 2->2
[2023-03-04T09:08:13.726+0000][68][gc,heap     ] GC(43) Humongous regions: 2->2
[2023-03-04T09:08:13.726+0000][68][gc,metaspace] GC(43) Metaspace: 135360K(138816K)->135360K(138816K) NonClass: 117350K(119104K)->117350K(119104K) Class: 18010K(19712K)->18010K(19712K)
[2023-03-04T09:08:13.727+0000][68][gc          ] GC(43) Pause Young (Mixed) (G1 Evacuation Pause) 119M->110M(256M) 21.664ms
[2023-03-04T09:08:13.728+0000][68][gc,cpu      ] GC(43) User=0.04s Sys=0.00s Real=0.02s
[2023-03-04T09:08:13.729+0000][68][safepoint   ] Safepoint "G1CollectForAllocation", Time since last: 16937995 ns, Reaching safepoint: 89064 ns, At safepoint: 23280684 ns, Total: 23369748 ns
[2023-03-04T09:08:13.915+0000][68][gc,start    ] GC(44) Pause Young (Normal) (G1 Evacuation Pause)
[2023-03-04T09:08:13.916+0000][68][gc,task     ] GC(44) Using 4 workers of 4 for evacuation
[2023-03-04T09:08:13.917+0000][68][gc,age      ] GC(44) Desired survivor size 6291456 bytes, new threshold 15 (max threshold 15)
[2023-03-04T09:08:13.921+0000][68][gc,phases   ] GC(44)   Pre Evacuate Collection Set: 0.3ms
[2023-03-04T09:08:13.922+0000][68][gc,phases   ] GC(44)   Merge Heap Roots: 0.1ms
[2023-03-04T09:08:13.922+0000][68][gc,phases   ] GC(44)   Evacuate Collection Set: 2.1ms
[2023-03-04T09:08:13.923+0000][68][gc,phases   ] GC(44)   Post Evacuate Collection Set: 0.7ms
[2023-03-04T09:08:13.923+0000][68][gc,phases   ] GC(44)   Other: 1.8ms
[2023-03-04T09:08:13.924+0000][68][gc,age      ] GC(44) Age table with threshold 15 (max threshold 15)
[2023-03-04T09:08:13.924+0000][68][gc,age      ] GC(44) - age   1:     588808 bytes,     588808 total
[2023-03-04T09:08:13.925+0000][68][gc,age      ] GC(44) - age   2:      52040 bytes,     640848 total
[2023-03-04T09:08:13.925+0000][68][gc,age      ] GC(44) - age   3:    1561112 bytes,    2201960 total
[2023-03-04T09:08:13.926+0000][68][gc,heap     ] GC(44) Eden regions: 21->0(22)
[2023-03-04T09:08:13.926+0000][68][gc,heap     ] GC(44) Survivor regions: 1->1(3)
[2023-03-04T09:08:13.927+0000][68][gc,heap     ] GC(44) Old regions: 25->25
[2023-03-04T09:08:13.927+0000][68][gc,heap     ] GC(44) Archive regions: 2->2
[2023-03-04T09:08:13.928+0000][68][gc,heap     ] GC(44) Humongous regions: 2->2
[2023-03-04T09:08:13.928+0000][68][gc,metaspace] GC(44) Metaspace: 135368K(138816K)->135368K(138816K) NonClass: 117357K(119104K)->117357K(119104K) Class: 18010K(19712K)->18010K(19712K)
[2023-03-04T09:08:13.929+0000][68][gc          ] GC(44) Pause Young (Normal) (G1 Evacuation Pause) 194M->110M(256M) 14.107ms
[2023-03-04T09:08:13.929+0000][68][gc,cpu      ] GC(44) User=0.00s Sys=0.00s Real=0.01s
[2023-03-04T09:08:13.930+0000][68][safepoint   ] Safepoint "G1CollectForAllocation", Time since last: 186037781 ns, Reaching safepoint: 224900 ns, At safepoint: 15144581 ns, Total: 15369481 ns
[2023-03-04T09:08:14.478+0000][68][safepoint   ] Safepoint "ICBufferFull", Time since last: 547409880 ns, Reaching safepoint: 338972 ns, At safepoint: 35642 ns, Total: 374614 ns
[2023-03-04T09:08:15.480+0000][68][safepoint   ] Safepoint "Cleanup", Time since last: 1001527335 ns, Reaching safepoint: 415837 ns, At safepoint: 17464 ns, Total: 433301 ns
[2023-03-04T09:08:16.005+0000][68][safepoint   ] Safepoint "ICBufferFull", Time since last: 524471085 ns, Reaching safepoint: 289430 ns, At safepoint: 74599 ns, Total: 364029 ns
[2023-03-04T09:08:17.006+0000][68][safepoint   ] Safepoint "Cleanup", Time since last: 1000892675 ns, Reaching safepoint: 489836 ns, At safepoint: 35384 ns, Total: 525220 ns
[2023-03-04T09:08:18.009+0000][68][safepoint   ] Safepoint "Cleanup", Time since last: 1002101294 ns, Reaching safepoint: 994552 ns, At safepoint: 56660 ns, Total: 1051212 ns
[2023-03-04T09:08:19.012+0000][68][safepoint   ] Safepoint "Cleanup", Time since last: 1002866409 ns, Reaching safepoint: 154604 ns, At safepoint: 7055 ns, Total: 161659 ns
[2023-03-04T09:08:20.015+0000][68][safepoint   ] Safepoint "Cleanup", Time since last: 1002974420 ns, Reaching safepoint: 206323 ns, At safepoint: 4608 ns, Total: 210931 ns
[2023-03-04T09:08:21.018+0000][68][safepoint   ] Safepoint "Cleanup", Time since last: 1002016355 ns, Reaching safepoint: 387499 ns, At safepoint: 13838 ns, Total: 401337 ns
[2023-03-04T09:08:21.979+0000][68][gc,start    ] GC(45) Pause Young (Normal) (G1 Evacuation Pause)
[2023-03-04T09:08:21.979+0000][68][gc,task     ] GC(45) Using 4 workers of 4 for evacuation
[2023-03-04T09:08:21.980+0000][68][gc,age      ] GC(45) Desired survivor size 6291456 bytes, new threshold 15 (max threshold 15)
[2023-03-04T09:08:21.986+0000][68][gc,phases   ] GC(45)   Pre Evacuate Collection Set: 0.1ms
[2023-03-04T09:08:21.986+0000][68][gc,phases   ] GC(45)   Merge Heap Roots: 0.1ms
[2023-03-04T09:08:21.987+0000][68][gc,phases   ] GC(45)   Evacuate Collection Set: 3.4ms
[2023-03-04T09:08:21.987+0000][68][gc,phases   ] GC(45)   Post Evacuate Collection Set: 0.7ms
[2023-03-04T09:08:21.987+0000][68][gc,phases   ] GC(45)   Other: 1.9ms
[2023-03-04T09:08:21.988+0000][68][gc,age      ] GC(45) Age table with threshold 15 (max threshold 15)
[2023-03-04T09:08:21.988+0000][68][gc,age      ] GC(45) - age   1:    1900056 bytes,    1900056 total
[2023-03-04T09:08:21.988+0000][68][gc,age      ] GC(45) - age   2:     474680 bytes,    2374736 total
[2023-03-04T09:08:21.989+0000][68][gc,age      ] GC(45) - age   3:      52040 bytes,    2426776 total
[2023-03-04T09:08:21.989+0000][68][gc,age      ] GC(45) - age   4:     655936 bytes,    3082712 total
[2023-03-04T09:08:21.990+0000][68][gc,heap     ] GC(45) Eden regions: 22->0(22)
[2023-03-04T09:08:21.990+0000][68][gc,heap     ] GC(45) Survivor regions: 1->1(3)
[2023-03-04T09:08:21.990+0000][68][gc,heap     ] GC(45) Old regions: 25->25
[2023-03-04T09:08:21.991+0000][68][gc,heap     ] GC(45) Archive regions: 2->2
[2023-03-04T09:08:21.991+0000][68][gc,heap     ] GC(45) Humongous regions: 2->2
[2023-03-04T09:08:21.991+0000][68][gc,metaspace] GC(45) Metaspace: 135651K(139136K)->135651K(139136K) NonClass: 117626K(119360K)->117626K(119360K) Class: 18024K(19776K)->18024K(19776K)
[2023-03-04T09:08:21.992+0000][68][gc          ] GC(45) Pause Young (Normal) (G1 Evacuation Pause) 198M->111M(256M) 13.034ms
[2023-03-04T09:08:21.992+0000][68][gc,cpu      ] GC(45) User=0.01s Sys=0.00s Real=0.02s
[2023-03-04T09:08:21.992+0000][68][safepoint   ] Safepoint "G1CollectForAllocation", Time since last: 960756980 ns, Reaching safepoint: 137500 ns, At safepoint: 13859693 ns, Total: 13997193 ns
[2023-03-04T09:08:22.994+0000][68][safepoint   ] Safepoint "Cleanup", Time since last: 1001119575 ns, Reaching safepoint: 116525 ns, At safepoint: 3872 ns, Total: 120397 ns
[2023-03-04T09:08:24.995+0000][68][safepoint   ] Safepoint "Cleanup", Time since last: 2001463069 ns, Reaching safepoint: 152291 ns, At safepoint: 16897 ns, Total: 169188 ns
[2023-03-04T09:08:25.998+0000][68][safepoint   ] Safepoint "Cleanup", Time since last: 1002056556 ns, Reaching safepoint: 344521 ns, At safepoint: 42372 ns, Total: 386893 ns
[2023-03-04T09:08:27.000+0000][68][safepoint   ] Safepoint "Cleanup", Time since last: 1001682983 ns, Reaching safepoint: 117472 ns, At safepoint: 4253 ns, Total: 121725 ns
[2023-03-04T09:08:27.981+0000][68][safepoint   ] Safepoint "Cleanup", Time since last: 1001670818 ns, Reaching safepoint: 115278 ns, At safepoint: 25214 ns, Total: 140492 ns
[2023-03-04T09:08:28.984+0000][68][safepoint   ] Safepoint "Cleanup", Time since last: 1002410665 ns, Reaching safepoint: 684852 ns, At safepoint: 123934 ns, Total: 808786 ns
[2023-03-04T09:08:29.989+0000][68][safepoint   ] Safepoint "Cleanup", Time since last: 1004237364 ns, Reaching safepoint: 365107 ns, At safepoint: 12073 ns, Total: 377180 ns
[2023-03-04T09:08:30.994+0000][68][safepoint   ] Safepoint "Cleanup", Time since last: 1003996604 ns, Reaching safepoint: 828633 ns, At safepoint: 21744 ns, Total: 850377 ns
[2023-03-04T09:08:31.998+0000][68][safepoint   ] Safepoint "Cleanup", Time since last: 1003478993 ns, Reaching safepoint: 551731 ns, At safepoint: 15675 ns, Total: 567406 ns
[2023-03-04T09:08:33.000+0000][68][safepoint   ] Safepoint "Cleanup", Time since last: 1002340086 ns, Reaching safepoint: 130880 ns, At safepoint: 5737 ns, Total: 136617 ns
[2023-03-04T09:08:34.003+0000][68][safepoint   ] Safepoint "Cleanup", Time since last: 1002066096 ns, Reaching safepoint: 230485 ns, At safepoint: 30291 ns, Total: 260776 ns
[2023-03-04T09:08:35.005+0000][68][safepoint   ] Safepoint "Cleanup", Time since last: 1001635812 ns, Reaching safepoint: 364479 ns, At safepoint: 8168 ns, Total: 372647 ns
[2023-03-04T09:08:36.007+0000][68][safepoint   ] Safepoint "Cleanup", Time since last: 1002241022 ns, Reaching safepoint: 88909 ns, At safepoint: 3283 ns, Total: 92192 ns
[2023-03-04T09:08:37.009+0000][68][safepoint   ] Safepoint "Cleanup", Time since last: 1002208460 ns, Reaching safepoint: 195407 ns, At safepoint: 6489 ns, Total: 201896 ns
[2023-03-04T09:08:40.014+0000][68][safepoint   ] Safepoint "Cleanup", Time since last: 3003659953 ns, Reaching safepoint: 917574 ns, At safepoint: 59955 ns, Total: 977529 ns
[2023-03-04T09:08:40.430+0000][68][gc,start    ] GC(46) Pause Young (Concurrent Start) (G1 Evacuation Pause)
[2023-03-04T09:08:40.432+0000][68][gc,task     ] GC(46) Using 4 workers of 4 for evacuation
[2023-03-04T09:08:40.433+0000][68][gc,age      ] GC(46) Desired survivor size 6291456 bytes, new threshold 15 (max threshold 15)
[2023-03-04T09:08:40.442+0000][68][gc,phases   ] GC(46)   Pre Evacuate Collection Set: 0.5ms
[2023-03-04T09:08:40.443+0000][68][gc,phases   ] GC(46)   Merge Heap Roots: 0.1ms
[2023-03-04T09:08:40.445+0000][68][gc,phases   ] GC(46)   Evacuate Collection Set: 3.6ms
[2023-03-04T09:08:40.445+0000][68][gc,phases   ] GC(46)   Post Evacuate Collection Set: 3.9ms
[2023-03-04T09:08:40.446+0000][68][gc,phases   ] GC(46)   Other: 2.3ms
[2023-03-04T09:08:40.448+0000][68][gc,age      ] GC(46) Age table with threshold 15 (max threshold 15)
[2023-03-04T09:08:40.449+0000][68][gc,age      ] GC(46) - age   1:    1071920 bytes,    1071920 total
[2023-03-04T09:08:40.449+0000][68][gc,age      ] GC(46) - age   2:     470464 bytes,    1542384 total
[2023-03-04T09:08:40.450+0000][68][gc,age      ] GC(46) - age   3:     474680 bytes,    2017064 total
[2023-03-04T09:08:40.451+0000][68][gc,age      ] GC(46) - age   4:      52040 bytes,    2069104 total
[2023-03-04T09:08:40.452+0000][68][gc,age      ] GC(46) - age   5:     576640 bytes,    2645744 total
[2023-03-04T09:08:40.452+0000][68][gc,heap     ] GC(46) Eden regions: 22->0(22)
[2023-03-04T09:08:40.453+0000][68][gc,heap     ] GC(46) Survivor regions: 1->1(3)
[2023-03-04T09:08:40.454+0000][68][gc,heap     ] GC(46) Old regions: 25->25
[2023-03-04T09:08:40.454+0000][68][gc,heap     ] GC(46) Archive regions: 2->2
[2023-03-04T09:08:40.455+0000][68][gc,heap     ] GC(46) Humongous regions: 2->2
[2023-03-04T09:08:40.456+0000][68][gc,metaspace] GC(46) Metaspace: 135836K(139328K)->135836K(139328K) NonClass: 117809K(119552K)->117809K(119552K) Class: 18027K(19776K)->18027K(19776K)
[2023-03-04T09:08:40.457+0000][68][gc          ] GC(46) Pause Young (Concurrent Start) (G1 Evacuation Pause) 199M->111M(256M) 26.681ms
[2023-03-04T09:08:40.458+0000][68][gc,cpu      ] GC(46) User=0.02s Sys=0.00s Real=0.03s
[2023-03-04T09:08:40.458+0000][68][safepoint   ] Safepoint "G1CollectForAllocation", Time since last: 415776681 ns, Reaching safepoint: 238850 ns, At safepoint: 28390473 ns, Total: 28629323 ns
[2023-03-04T09:08:40.458+0000][68][gc          ] GC(47) Concurrent Mark Cycle
[2023-03-04T09:08:40.460+0000][68][gc,marking  ] GC(47) Concurrent Clear Claimed Marks
[2023-03-04T09:08:40.462+0000][68][gc,marking  ] GC(47) Concurrent Clear Claimed Marks 1.263ms
[2023-03-04T09:08:40.463+0000][68][gc,marking  ] GC(47) Concurrent Scan Root Regions
[2023-03-04T09:08:40.471+0000][68][gc,marking  ] GC(47) Concurrent Scan Root Regions 8.128ms
[2023-03-04T09:08:40.472+0000][68][gc,marking  ] GC(47) Concurrent Mark
[2023-03-04T09:08:40.472+0000][68][gc,marking  ] GC(47) Concurrent Mark From Roots
[2023-03-04T09:08:40.473+0000][68][gc,task     ] GC(47) Using 1 workers of 1 for marking
[2023-03-04T09:08:40.696+0000][68][gc,marking  ] GC(47) Concurrent Mark From Roots 223.973ms
[2023-03-04T09:08:40.699+0000][68][gc,marking  ] GC(47) Concurrent Preclean
[2023-03-04T09:08:40.700+0000][68][gc,marking  ] GC(47) Concurrent Preclean 1.382ms
[2023-03-04T09:08:40.702+0000][68][gc,start    ] GC(47) Pause Remark
[2023-03-04T09:08:40.742+0000][68][gc          ] GC(47) Pause Remark 184M->184M(256M) 40.656ms
[2023-03-04T09:08:40.743+0000][68][gc,cpu      ] GC(47) User=0.07s Sys=0.00s Real=0.04s
[2023-03-04T09:08:40.744+0000][68][safepoint   ] Safepoint "G1PauseRemark", Time since last: 242958474 ns, Reaching safepoint: 332360 ns, At safepoint: 42494093 ns, Total: 42826453 ns
[2023-03-04T09:08:40.756+0000][68][gc,marking  ] GC(47) Concurrent Mark 284.518ms
[2023-03-04T09:08:40.759+0000][68][gc,marking  ] GC(47) Concurrent Rebuild Remembered Sets
[2023-03-04T09:08:40.867+0000][68][gc,marking  ] GC(47) Concurrent Rebuild Remembered Sets 108.212ms
[2023-03-04T09:08:40.869+0000][68][gc,start    ] GC(47) Pause Cleanup
[2023-03-04T09:08:40.870+0000][68][gc          ] GC(47) Pause Cleanup 186M->186M(256M) 1.222ms
[2023-03-04T09:08:40.871+0000][68][gc,cpu      ] GC(47) User=0.00s Sys=0.00s Real=0.01s
[2023-03-04T09:08:40.873+0000][68][safepoint   ] Safepoint "G1PauseCleanup", Time since last: 124418875 ns, Reaching safepoint: 350826 ns, At safepoint: 3678928 ns, Total: 4029754 ns
[2023-03-04T09:08:40.875+0000][68][gc,marking  ] GC(47) Concurrent Cleanup for Next Mark
[2023-03-04T09:08:40.876+0000][68][gc,marking  ] GC(47) Concurrent Cleanup for Next Mark 1.287ms
[2023-03-04T09:08:40.877+0000][68][gc          ] GC(47) Concurrent Mark Cycle 418.938ms
[2023-03-04T09:08:41.454+0000][68][gc,start    ] GC(48) Pause Young (Prepare Mixed) (G1 Evacuation Pause)
[2023-03-04T09:08:41.455+0000][68][gc,task     ] GC(48) Using 4 workers of 4 for evacuation
[2023-03-04T09:08:41.456+0000][68][gc,age      ] GC(48) Desired survivor size 6291456 bytes, new threshold 15 (max threshold 15)
[2023-03-04T09:08:41.470+0000][68][gc,phases   ] GC(48)   Pre Evacuate Collection Set: 0.1ms
[2023-03-04T09:08:41.471+0000][68][gc,phases   ] GC(48)   Merge Heap Roots: 0.1ms
[2023-03-04T09:08:41.473+0000][68][gc,phases   ] GC(48)   Evacuate Collection Set: 11.2ms
[2023-03-04T09:08:41.474+0000][68][gc,phases   ] GC(48)   Post Evacuate Collection Set: 1.9ms
[2023-03-04T09:08:41.477+0000][68][gc,phases   ] GC(48)   Other: 1.7ms
[2023-03-04T09:08:41.477+0000][68][gc,age      ] GC(48) Age table with threshold 15 (max threshold 15)
[2023-03-04T09:08:41.479+0000][68][gc,age      ] GC(48) - age   1:    3064464 bytes,    3064464 total
[2023-03-04T09:08:41.480+0000][68][gc,age      ] GC(48) - age   2:    1005744 bytes,    4070208 total
[2023-03-04T09:08:41.480+0000][68][gc,age      ] GC(48) - age   3:     264264 bytes,    4334472 total
[2023-03-04T09:08:41.481+0000][68][gc,age      ] GC(48) - age   4:     474680 bytes,    4809152 total
[2023-03-04T09:08:41.482+0000][68][gc,age      ] GC(48) - age   5:      52008 bytes,    4861160 total
[2023-03-04T09:08:41.483+0000][68][gc,age      ] GC(48) - age   6:     571256 bytes,    5432416 total
[2023-03-04T09:08:41.485+0000][68][gc,heap     ] GC(48) Eden regions: 22->0(1)
[2023-03-04T09:08:41.486+0000][68][gc,heap     ] GC(48) Survivor regions: 1->2(3)
[2023-03-04T09:08:41.487+0000][68][gc,heap     ] GC(48) Old regions: 25->25
[2023-03-04T09:08:41.488+0000][68][gc,heap     ] GC(48) Archive regions: 2->2
[2023-03-04T09:08:41.489+0000][68][gc,heap     ] GC(48) Humongous regions: 2->2
[2023-03-04T09:08:41.490+0000][68][gc,metaspace] GC(48) Metaspace: 135894K(139392K)->135894K(139392K) NonClass: 117869K(119616K)->117869K(119616K) Class: 18025K(19776K)->18025K(19776K)
[2023-03-04T09:08:41.491+0000][68][gc          ] GC(48) Pause Young (Prepare Mixed) (G1 Evacuation Pause) 199M->114M(256M) 37.458ms
[2023-03-04T09:08:41.492+0000][68][gc,cpu      ] GC(48) User=0.01s Sys=0.01s Real=0.04s
[2023-03-04T09:08:41.494+0000][68][safepoint   ] Safepoint "G1CollectForAllocation", Time since last: 580939413 ns, Reaching safepoint: 339816 ns, At safepoint: 40235284 ns, Total: 40575100 ns
[2023-03-04T09:08:41.553+0000][68][gc,start    ] GC(49) Pause Young (Mixed) (G1 Evacuation Pause)
[2023-03-04T09:08:41.554+0000][68][gc,task     ] GC(49) Using 4 workers of 4 for evacuation
[2023-03-04T09:08:41.554+0000][68][gc,age      ] GC(49) Desired survivor size 2097152 bytes, new threshold 1 (max threshold 15)
[2023-03-04T09:08:41.574+0000][68][gc,phases   ] GC(49)   Pre Evacuate Collection Set: 0.2ms
[2023-03-04T09:08:41.575+0000][68][gc,phases   ] GC(49)   Merge Heap Roots: 0.2ms
[2023-03-04T09:08:41.575+0000][68][gc,phases   ] GC(49)   Evacuate Collection Set: 13.9ms
[2023-03-04T09:08:41.577+0000][68][gc,phases   ] GC(49)   Post Evacuate Collection Set: 3.3ms
[2023-03-04T09:08:41.577+0000][68][gc,phases   ] GC(49)   Other: 2.4ms
[2023-03-04T09:08:41.578+0000][68][gc,age      ] GC(49) Age table with threshold 1 (max threshold 15)
[2023-03-04T09:08:41.578+0000][68][gc,age      ] GC(49) - age   1:     311656 bytes,     311656 total
[2023-03-04T09:08:41.579+0000][68][gc,heap     ] GC(49) Eden regions: 1->0(21)
[2023-03-04T09:08:41.580+0000][68][gc,heap     ] GC(49) Survivor regions: 2->1(1)
[2023-03-04T09:08:41.581+0000][68][gc,heap     ] GC(49) Old regions: 25->26
[2023-03-04T09:08:41.582+0000][68][gc,heap     ] GC(49) Archive regions: 2->2
[2023-03-04T09:08:41.583+0000][68][gc,heap     ] GC(49) Humongous regions: 2->2
[2023-03-04T09:08:41.585+0000][68][gc,metaspace] GC(49) Metaspace: 135903K(139392K)->135903K(139392K) NonClass: 117878K(119616K)->117878K(119616K) Class: 18025K(19776K)->18025K(19776K)
[2023-03-04T09:08:41.586+0000][68][gc          ] GC(49) Pause Young (Mixed) (G1 Evacuation Pause) 118M->113M(256M) 33.459ms
[2023-03-04T09:08:41.588+0000][68][gc,cpu      ] GC(49) User=0.03s Sys=0.00s Real=0.03s
[2023-03-04T09:08:41.590+0000][68][safepoint   ] Safepoint "G1CollectForAllocation", Time since last: 58077085 ns, Reaching safepoint: 413483 ns, At safepoint: 37446001 ns, Total: 37859484 ns
[2023-03-04T09:08:42.593+0000][68][safepoint   ] Safepoint "Cleanup", Time since last: 1002585885 ns, Reaching safepoint: 274404 ns, At safepoint: 6210 ns, Total: 280614 ns
[2023-03-04T09:08:43.596+0000][68][safepoint   ] Safepoint "Cleanup", Time since last: 1002308803 ns, Reaching safepoint: 652084 ns, At safepoint: 44273 ns, Total: 696357 ns
[2023-03-04T09:08:44.873+0000][68][safepoint   ] Safepoint "Cleanup", Time since last: 1277043305 ns, Reaching safepoint: 199808 ns, At safepoint: 69046 ns, Total: 268854 ns
[2023-03-04T09:08:45.649+0000][68][safepoint   ] Safepoint "ICBufferFull", Time since last: 774060869 ns, Reaching safepoint: 1276090 ns, At safepoint: 12468 ns, Total: 1288558 ns
[2023-03-04T09:08:46.117+0000][68][gc,start    ] GC(50) Pause Young (Normal) (G1 Evacuation Pause)
[2023-03-04T09:08:46.118+0000][68][gc,task     ] GC(50) Using 4 workers of 4 for evacuation
[2023-03-04T09:08:46.119+0000][68][gc,age      ] GC(50) Desired survivor size 6291456 bytes, new threshold 15 (max threshold 15)
[2023-03-04T09:08:46.126+0000][68][gc,phases   ] GC(50)   Pre Evacuate Collection Set: 0.6ms
[2023-03-04T09:08:46.127+0000][68][gc,phases   ] GC(50)   Merge Heap Roots: 0.1ms
[2023-03-04T09:08:46.128+0000][68][gc,phases   ] GC(50)   Evacuate Collection Set: 4.5ms
[2023-03-04T09:08:46.129+0000][68][gc,phases   ] GC(50)   Post Evacuate Collection Set: 1.2ms
[2023-03-04T09:08:46.129+0000][68][gc,phases   ] GC(50)   Other: 1.4ms
[2023-03-04T09:08:46.130+0000][68][gc,age      ] GC(50) Age table with threshold 15 (max threshold 15)
[2023-03-04T09:08:46.130+0000][68][gc,age      ] GC(50) - age   1:    4288280 bytes,    4288280 total
[2023-03-04T09:08:46.130+0000][68][gc,age      ] GC(50) - age   2:     221400 bytes,    4509680 total
[2023-03-04T09:08:46.131+0000][68][gc,heap     ] GC(50) Eden regions: 21->0(19)
[2023-03-04T09:08:46.132+0000][68][gc,heap     ] GC(50) Survivor regions: 1->2(3)
[2023-03-04T09:08:46.132+0000][68][gc,heap     ] GC(50) Old regions: 26->26
[2023-03-04T09:08:46.133+0000][68][gc,heap     ] GC(50) Archive regions: 2->2
[2023-03-04T09:08:46.133+0000][68][gc,heap     ] GC(50) Humongous regions: 2->2
[2023-03-04T09:08:46.134+0000][68][gc,metaspace] GC(50) Metaspace: 136559K(140096K)->136559K(140096K) NonClass: 118452K(120256K)->118452K(120256K) Class: 18106K(19840K)->18106K(19840K)
[2023-03-04T09:08:46.134+0000][68][gc          ] GC(50) Pause Young (Normal) (G1 Evacuation Pause) 197M->117M(256M) 16.793ms
[2023-03-04T09:08:46.135+0000][68][gc,cpu      ] GC(50) User=0.02s Sys=0.00s Real=0.02s
[2023-03-04T09:08:46.135+0000][68][safepoint   ] Safepoint "G1CollectForAllocation", Time since last: 468242408 ns, Reaching safepoint: 490720 ns, At safepoint: 17790447 ns, Total: 18281167 ns
[2023-03-04T09:08:46.810+0000][68][safepoint   ] Safepoint "ICBufferFull", Time since last: 674957438 ns, Reaching safepoint: 237613 ns, At safepoint: 8259 ns, Total: 245872 ns
[2023-03-04T09:08:47.077+0000][68][gc,start    ] GC(51) Pause Young (Normal) (G1 Evacuation Pause)
[2023-03-04T09:08:47.078+0000][68][gc,task     ] GC(51) Using 4 workers of 4 for evacuation
[2023-03-04T09:08:47.079+0000][68][gc,age      ] GC(51) Desired survivor size 6291456 bytes, new threshold 15 (max threshold 15)
[2023-03-04T09:08:47.086+0000][68][gc,phases   ] GC(51)   Pre Evacuate Collection Set: 0.2ms
[2023-03-04T09:08:47.087+0000][68][gc,phases   ] GC(51)   Merge Heap Roots: 0.3ms
[2023-03-04T09:08:47.089+0000][68][gc,phases   ] GC(51)   Evacuate Collection Set: 3.9ms
[2023-03-04T09:08:47.090+0000][68][gc,phases   ] GC(51)   Post Evacuate Collection Set: 1.7ms
[2023-03-04T09:08:47.091+0000][68][gc,phases   ] GC(51)   Other: 1.9ms
[2023-03-04T09:08:47.092+0000][68][gc,age      ] GC(51) Age table with threshold 15 (max threshold 15)
[2023-03-04T09:08:47.092+0000][68][gc,age      ] GC(51) - age   1:     753664 bytes,     753664 total
[2023-03-04T09:08:47.093+0000][68][gc,age      ] GC(51) - age   2:    1531152 bytes,    2284816 total
[2023-03-04T09:08:47.094+0000][68][gc,age      ] GC(51) - age   3:     221144 bytes,    2505960 total
[2023-03-04T09:08:47.095+0000][68][gc,heap     ] GC(51) Eden regions: 19->0(21)
[2023-03-04T09:08:47.095+0000][68][gc,heap     ] GC(51) Survivor regions: 2->1(3)
[2023-03-04T09:08:47.096+0000][68][gc,heap     ] GC(51) Old regions: 26->26
[2023-03-04T09:08:47.097+0000][68][gc,heap     ] GC(51) Archive regions: 2->2
[2023-03-04T09:08:47.097+0000][68][gc,heap     ] GC(51) Humongous regions: 2->2
[2023-03-04T09:08:47.098+0000][68][gc,metaspace] GC(51) Metaspace: 136807K(140288K)->136807K(140288K) NonClass: 118698K(120448K)->118698K(120448K) Class: 18108K(19840K)->18108K(19840K)
[2023-03-04T09:08:47.098+0000][68][gc          ] GC(51) Pause Young (Normal) (G1 Evacuation Pause) 193M->115M(256M) 21.622ms
[2023-03-04T09:08:47.099+0000][68][gc,cpu      ] GC(51) User=0.01s Sys=0.01s Real=0.02s
[2023-03-04T09:08:47.099+0000][68][safepoint   ] Safepoint "G1CollectForAllocation", Time since last: 265640651 ns, Reaching safepoint: 560985 ns, At safepoint: 22725717 ns, Total: 23286702 ns
[2023-03-04T09:08:48.042+0000][68][safepoint   ] Safepoint "ICBufferFull", Time since last: 942223977 ns, Reaching safepoint: 276327 ns, At safepoint: 66897 ns, Total: 343224 ns
[2023-03-04T09:08:49.041+0000][68][gc,start    ] GC(52) Pause Young (Concurrent Start) (G1 Evacuation Pause)
[2023-03-04T09:08:49.042+0000][68][gc,task     ] GC(52) Using 4 workers of 4 for evacuation
[2023-03-04T09:08:49.043+0000][68][gc,age      ] GC(52) Desired survivor size 6291456 bytes, new threshold 15 (max threshold 15)
[2023-03-04T09:08:49.051+0000][68][gc,phases   ] GC(52)   Pre Evacuate Collection Set: 0.6ms
[2023-03-04T09:08:49.052+0000][68][gc,phases   ] GC(52)   Merge Heap Roots: 0.2ms
[2023-03-04T09:08:49.053+0000][68][gc,phases   ] GC(52)   Evacuate Collection Set: 5.2ms
[2023-03-04T09:08:49.054+0000][68][gc,phases   ] GC(52)   Post Evacuate Collection Set: 1.0ms
[2023-03-04T09:08:49.054+0000][68][gc,phases   ] GC(52)   Other: 1.9ms
[2023-03-04T09:08:49.055+0000][68][gc,age      ] GC(52) Age table with threshold 15 (max threshold 15)
[2023-03-04T09:08:49.056+0000][68][gc,age      ] GC(52) - age   1:    6048920 bytes,    6048920 total
[2023-03-04T09:08:49.057+0000][68][gc,age      ] GC(52) - age   2:     113160 bytes,    6162080 total
[2023-03-04T09:08:49.058+0000][68][gc,age      ] GC(52) - age   3:    1063016 bytes,    7225096 total
[2023-03-04T09:08:49.059+0000][68][gc,age      ] GC(52) - age   4:     221112 bytes,    7446208 total
[2023-03-04T09:08:49.059+0000][68][gc,heap     ] GC(52) Eden regions: 21->0(19)
[2023-03-04T09:08:49.060+0000][68][gc,heap     ] GC(52) Survivor regions: 1->2(3)
[2023-03-04T09:08:49.060+0000][68][gc,heap     ] GC(52) Old regions: 26->26
[2023-03-04T09:08:49.061+0000][68][gc,heap     ] GC(52) Archive regions: 2->2
[2023-03-04T09:08:49.062+0000][68][gc,heap     ] GC(52) Humongous regions: 2->2
[2023-03-04T09:08:49.063+0000][68][gc,metaspace] GC(52) Metaspace: 137705K(141184K)->137705K(141184K) NonClass: 119502K(121280K)->119502K(121280K) Class: 18203K(19904K)->18203K(19904K)
[2023-03-04T09:08:49.063+0000][68][gc          ] GC(52) Pause Young (Concurrent Start) (G1 Evacuation Pause) 199M->120M(256M) 22.007ms
[2023-03-04T09:08:49.064+0000][68][gc          ] GC(53) Concurrent Mark Cycle
[2023-03-04T09:08:49.065+0000][68][gc,marking  ] GC(53) Concurrent Clear Claimed Marks
[2023-03-04T09:08:49.067+0000][68][gc,marking  ] GC(53) Concurrent Clear Claimed Marks 2.266ms
[2023-03-04T09:08:49.068+0000][68][gc,marking  ] GC(53) Concurrent Scan Root Regions
[2023-03-04T09:08:49.064+0000][68][gc,cpu      ] GC(52) User=0.02s Sys=0.00s Real=0.02s
[2023-03-04T09:08:49.073+0000][68][safepoint   ] Safepoint "G1CollectForAllocation", Time since last: 998075706 ns, Reaching safepoint: 1316709 ns, At safepoint: 31361416 ns, Total: 32678125 ns
[2023-03-04T09:08:49.077+0000][68][gc,marking  ] GC(53) Concurrent Scan Root Regions 8.617ms
[2023-03-04T09:08:49.078+0000][68][gc,marking  ] GC(53) Concurrent Mark
[2023-03-04T09:08:49.079+0000][68][gc,marking  ] GC(53) Concurrent Mark From Roots
[2023-03-04T09:08:49.082+0000][68][gc,task     ] GC(53) Using 1 workers of 1 for marking
[2023-03-04T09:08:49.509+0000][68][gc,marking  ] GC(53) Concurrent Mark From Roots 429.985ms
[2023-03-04T09:08:49.510+0000][68][gc,marking  ] GC(53) Concurrent Preclean
[2023-03-04T09:08:49.511+0000][68][gc,marking  ] GC(53) Concurrent Preclean 1.203ms
[2023-03-04T09:08:49.513+0000][68][gc,start    ] GC(53) Pause Remark
[2023-03-04T09:08:49.524+0000][68][gc          ] GC(53) Pause Remark 151M->151M(256M) 10.987ms
[2023-03-04T09:08:49.525+0000][68][gc,cpu      ] GC(53) User=0.03s Sys=0.00s Real=0.01s
[2023-03-04T09:08:49.527+0000][68][safepoint   ] Safepoint "G1PauseRemark", Time since last: 439095089 ns, Reaching safepoint: 874153 ns, At safepoint: 14202191 ns, Total: 15076344 ns
[2023-03-04T09:08:49.528+0000][68][gc,marking  ] GC(53) Concurrent Mark 449.463ms
[2023-03-04T09:08:49.529+0000][68][gc,marking  ] GC(53) Concurrent Rebuild Remembered Sets
[2023-03-04T09:08:49.663+0000][68][gc,marking  ] GC(53) Concurrent Rebuild Remembered Sets 134.132ms
[2023-03-04T09:08:49.666+0000][68][gc,start    ] GC(53) Pause Cleanup
[2023-03-04T09:08:49.667+0000][68][gc          ] GC(53) Pause Cleanup 162M->162M(256M) 1.139ms
[2023-03-04T09:08:49.668+0000][68][gc,cpu      ] GC(53) User=0.00s Sys=0.00s Real=0.00s
[2023-03-04T09:08:49.668+0000][68][safepoint   ] Safepoint "G1PauseCleanup", Time since last: 137524802 ns, Reaching safepoint: 1229536 ns, At safepoint: 2687994 ns, Total: 3917530 ns
[2023-03-04T09:08:49.669+0000][68][gc,marking  ] GC(53) Concurrent Cleanup for Next Mark
[2023-03-04T09:08:49.677+0000][68][gc,marking  ] GC(53) Concurrent Cleanup for Next Mark 7.451ms
[2023-03-04T09:08:49.680+0000][68][gc          ] GC(53) Concurrent Mark Cycle 615.899ms
[2023-03-04T09:08:50.239+0000][68][safepoint   ] Safepoint "ICBufferFull", Time since last: 570186113 ns, Reaching safepoint: 510117 ns, At safepoint: 76700 ns, Total: 586817 ns
[2023-03-04T09:08:51.241+0000][68][safepoint   ] Safepoint "Cleanup", Time since last: 1001307188 ns, Reaching safepoint: 484045 ns, At safepoint: 42681 ns, Total: 526726 ns
[2023-03-04T09:08:51.370+0000][68][gc,start    ] GC(54) Pause Young (Prepare Mixed) (G1 Evacuation Pause)
[2023-03-04T09:08:51.371+0000][68][gc,task     ] GC(54) Using 4 workers of 4 for evacuation
[2023-03-04T09:08:51.371+0000][68][gc,age      ] GC(54) Desired survivor size 6291456 bytes, new threshold 3 (max threshold 15)
[2023-03-04T09:08:51.377+0000][68][gc,phases   ] GC(54)   Pre Evacuate Collection Set: 0.1ms
[2023-03-04T09:08:51.377+0000][68][gc,phases   ] GC(54)   Merge Heap Roots: 0.1ms
[2023-03-04T09:08:51.378+0000][68][gc,phases   ] GC(54)   Evacuate Collection Set: 3.6ms
[2023-03-04T09:08:51.378+0000][68][gc,phases   ] GC(54)   Post Evacuate Collection Set: 1.3ms
[2023-03-04T09:08:51.379+0000][68][gc,phases   ] GC(54)   Other: 0.9ms
[2023-03-04T09:08:51.379+0000][68][gc,age      ] GC(54) Age table with threshold 3 (max threshold 15)
[2023-03-04T09:08:51.380+0000][68][gc,age      ] GC(54) - age   1:    2169696 bytes,    2169696 total
[2023-03-04T09:08:51.380+0000][68][gc,age      ] GC(54) - age   2:    4392056 bytes,    6561752 total
[2023-03-04T09:08:51.381+0000][68][gc,age      ] GC(54) - age   3:     111408 bytes,    6673160 total
[2023-03-04T09:08:51.381+0000][68][gc,heap     ] GC(54) Eden regions: 19->0(1)
[2023-03-04T09:08:51.382+0000][68][gc,heap     ] GC(54) Survivor regions: 2->2(3)
[2023-03-04T09:08:51.382+0000][68][gc,heap     ] GC(54) Old regions: 26->26
[2023-03-04T09:08:51.383+0000][68][gc,heap     ] GC(54) Archive regions: 2->2
[2023-03-04T09:08:51.383+0000][68][gc,heap     ] GC(54) Humongous regions: 2->2
[2023-03-04T09:08:51.383+0000][68][gc,metaspace] GC(54) Metaspace: 138327K(141888K)->138327K(141888K) NonClass: 120056K(121856K)->120056K(121856K) Class: 18271K(20032K)->18271K(20032K)
[2023-03-04T09:08:51.384+0000][68][gc          ] GC(54) Pause Young (Prepare Mixed) (G1 Evacuation Pause) 196M->120M(256M) 14.032ms
[2023-03-04T09:08:51.385+0000][68][gc,cpu      ] GC(54) User=0.01s Sys=0.00s Real=0.02s
[2023-03-04T09:08:51.386+0000][68][safepoint   ] Safepoint "G1CollectForAllocation", Time since last: 129042027 ns, Reaching safepoint: 113994 ns, At safepoint: 15804739 ns, Total: 15918733 ns
[2023-03-04T09:08:51.680+0000][68][gc,start    ] GC(55) Pause Young (Mixed) (G1 Evacuation Pause)
[2023-03-04T09:08:51.681+0000][68][gc,task     ] GC(55) Using 4 workers of 4 for evacuation
[2023-03-04T09:08:51.682+0000][68][gc,age      ] GC(55) Desired survivor size 2097152 bytes, new threshold 1 (max threshold 15)
[2023-03-04T09:08:51.690+0000][68][gc,phases   ] GC(55)   Pre Evacuate Collection Set: 0.1ms
[2023-03-04T09:08:51.691+0000][68][gc,phases   ] GC(55)   Merge Heap Roots: 0.2ms
[2023-03-04T09:08:51.692+0000][68][gc,phases   ] GC(55)   Evacuate Collection Set: 6.3ms
[2023-03-04T09:08:51.692+0000][68][gc,phases   ] GC(55)   Post Evacuate Collection Set: 1.1ms
[2023-03-04T09:08:51.693+0000][68][gc,phases   ] GC(55)   Other: 1.3ms
[2023-03-04T09:08:51.693+0000][68][gc,age      ] GC(55) Age table with threshold 1 (max threshold 15)
[2023-03-04T09:08:51.694+0000][68][gc,age      ] GC(55) - age   1:    1017288 bytes,    1017288 total
[2023-03-04T09:08:51.694+0000][68][gc,heap     ] GC(55) Eden regions: 1->0(19)
[2023-03-04T09:08:51.695+0000][68][gc,heap     ] GC(55) Survivor regions: 2->1(1)
[2023-03-04T09:08:51.695+0000][68][gc,heap     ] GC(55) Old regions: 26->27
[2023-03-04T09:08:51.695+0000][68][gc,heap     ] GC(55) Archive regions: 2->2
[2023-03-04T09:08:51.696+0000][68][gc,heap     ] GC(55) Humongous regions: 2->2
[2023-03-04T09:08:51.696+0000][68][gc,metaspace] GC(55) Metaspace: 138339K(141888K)->138339K(141888K) NonClass: 120067K(121856K)->120067K(121856K) Class: 18272K(20032K)->18272K(20032K)
[2023-03-04T09:08:51.696+0000][68][gc          ] GC(55) Pause Young (Mixed) (G1 Evacuation Pause) 124M->119M(256M) 16.601ms
[2023-03-04T09:08:51.697+0000][68][gc,cpu      ] GC(55) User=0.02s Sys=0.00s Real=0.02s
[2023-03-04T09:08:51.697+0000][68][safepoint   ] Safepoint "G1CollectForAllocation", Time since last: 293834714 ns, Reaching safepoint: 173170 ns, At safepoint: 17484827 ns, Total: 17657997 ns
[2023-03-04T09:08:52.699+0000][68][safepoint   ] Safepoint "Cleanup", Time since last: 1001098202 ns, Reaching safepoint: 237117 ns, At safepoint: 40865 ns, Total: 277982 ns
[2023-03-04T09:08:53.701+0000][68][safepoint   ] Safepoint "Cleanup", Time since last: 1001923397 ns, Reaching safepoint: 365534 ns, At safepoint: 43164 ns, Total: 408698 ns
[2023-03-04T09:08:54.004+0000][68][gc,start    ] GC(56) Pause Young (Normal) (G1 Evacuation Pause)
[2023-03-04T09:08:54.005+0000][68][gc,task     ] GC(56) Using 4 workers of 4 for evacuation
[2023-03-04T09:08:54.006+0000][68][gc,age      ] GC(56) Desired survivor size 6291456 bytes, new threshold 15 (max threshold 15)
[2023-03-04T09:08:54.011+0000][68][gc,phases   ] GC(56)   Pre Evacuate Collection Set: 0.1ms
[2023-03-04T09:08:54.012+0000][68][gc,phases   ] GC(56)   Merge Heap Roots: 0.1ms
[2023-03-04T09:08:54.012+0000][68][gc,phases   ] GC(56)   Evacuate Collection Set: 2.5ms
[2023-03-04T09:08:54.013+0000][68][gc,phases   ] GC(56)   Post Evacuate Collection Set: 1.1ms
[2023-03-04T09:08:54.014+0000][68][gc,phases   ] GC(56)   Other: 2.5ms
[2023-03-04T09:08:54.014+0000][68][gc,age      ] GC(56) Age table with threshold 15 (max threshold 15)
[2023-03-04T09:08:54.015+0000][68][gc,age      ] GC(56) - age   1:    7666704 bytes,    7666704 total
[2023-03-04T09:08:54.015+0000][68][gc,age      ] GC(56) - age   2:     313224 bytes,    7979928 total
[2023-03-04T09:08:54.016+0000][68][gc,heap     ] GC(56) Eden regions: 19->0(17)
[2023-03-04T09:08:54.017+0000][68][gc,heap     ] GC(56) Survivor regions: 1->2(3)
[2023-03-04T09:08:54.017+0000][68][gc,heap     ] GC(56) Old regions: 27->27
[2023-03-04T09:08:54.018+0000][68][gc,heap     ] GC(56) Archive regions: 2->2
[2023-03-04T09:08:54.018+0000][68][gc,heap     ] GC(56) Humongous regions: 2->2
[2023-03-04T09:08:54.019+0000][68][gc,metaspace] GC(56) Metaspace: 139038K(142528K)->139038K(142528K) NonClass: 120678K(122432K)->120678K(122432K) Class: 18360K(20096K)->18360K(20096K)
[2023-03-04T09:08:54.019+0000][68][gc          ] GC(56) Pause Young (Normal) (G1 Evacuation Pause) 195M->125M(256M) 15.512ms
[2023-03-04T09:08:54.020+0000][68][gc,cpu      ] GC(56) User=0.02s Sys=0.00s Real=0.01s
[2023-03-04T09:08:54.020+0000][68][safepoint   ] Safepoint "G1CollectForAllocation", Time since last: 302514039 ns, Reaching safepoint: 103508 ns, At safepoint: 16856001 ns, Total: 16959509 ns
[2023-03-04T09:08:55.022+0000][68][safepoint   ] Safepoint "Cleanup", Time since last: 1000651784 ns, Reaching safepoint: 760074 ns, At safepoint: 65249 ns, Total: 825323 ns
[2023-03-04T09:08:56.024+0000][68][safepoint   ] Safepoint "Cleanup", Time since last: 1001926221 ns, Reaching safepoint: 223703 ns, At safepoint: 4602 ns, Total: 228305 ns
[2023-03-04T09:08:57.025+0000][68][safepoint   ] Safepoint "Cleanup", Time since last: 1001021567 ns, Reaching safepoint: 165933 ns, At safepoint: 27982 ns, Total: 193915 ns
[2023-03-04T09:08:57.205+0000][68][gc,start    ] GC(57) Pause Young (Normal) (G1 Evacuation Pause)
[2023-03-04T09:08:57.205+0000][68][gc,task     ] GC(57) Using 4 workers of 4 for evacuation
[2023-03-04T09:08:57.206+0000][68][gc,age      ] GC(57) Desired survivor size 6291456 bytes, new threshold 1 (max threshold 15)
[2023-03-04T09:08:57.210+0000][68][gc,phases   ] GC(57)   Pre Evacuate Collection Set: 0.1ms
[2023-03-04T09:08:57.211+0000][68][gc,phases   ] GC(57)   Merge Heap Roots: 0.0ms
[2023-03-04T09:08:57.211+0000][68][gc,phases   ] GC(57)   Evacuate Collection Set: 2.2ms
[2023-03-04T09:08:57.211+0000][68][gc,phases   ] GC(57)   Post Evacuate Collection Set: 1.1ms
[2023-03-04T09:08:57.212+0000][68][gc,phases   ] GC(57)   Other: 1.2ms
[2023-03-04T09:08:57.212+0000][68][gc,age      ] GC(57) Age table with threshold 1 (max threshold 15)
[2023-03-04T09:08:57.213+0000][68][gc,age      ] GC(57) - age   1:    2095200 bytes,    2095200 total
[2023-03-04T09:08:57.213+0000][68][gc,heap     ] GC(57) Eden regions: 17->0(18)
[2023-03-04T09:08:57.213+0000][68][gc,heap     ] GC(57) Survivor regions: 2->1(3)
[2023-03-04T09:08:57.214+0000][68][gc,heap     ] GC(57) Old regions: 27->27
[2023-03-04T09:08:57.215+0000][68][gc,heap     ] GC(57) Archive regions: 2->2
[2023-03-04T09:08:57.216+0000][68][gc,heap     ] GC(57) Humongous regions: 2->2
[2023-03-04T09:08:57.216+0000][68][gc,metaspace] GC(57) Metaspace: 139638K(143168K)->139638K(143168K) NonClass: 121194K(122944K)->121194K(122944K) Class: 18443K(20224K)->18443K(20224K)
[2023-03-04T09:08:57.217+0000][68][gc          ] GC(57) Pause Young (Normal) (G1 Evacuation Pause) 193M->120M(256M) 12.301ms
[2023-03-04T09:08:57.218+0000][68][gc,cpu      ] GC(57) User=0.00s Sys=0.00s Real=0.01s
[2023-03-04T09:08:57.218+0000][68][safepoint   ] Safepoint "G1CollectForAllocation", Time since last: 179092481 ns, Reaching safepoint: 207302 ns, At safepoint: 13474074 ns, Total: 13681376 ns
[2023-03-04T09:08:58.199+0000][68][safepoint   ] Safepoint "Cleanup", Time since last: 1003511855 ns, Reaching safepoint: 375080 ns, At safepoint: 46593 ns, Total: 421673 ns
[2023-03-04T09:08:59.201+0000][68][safepoint   ] Safepoint "Cleanup", Time since last: 1001586949 ns, Reaching safepoint: 258794 ns, At safepoint: 8146 ns, Total: 266940 ns
[2023-03-04T09:09:00.202+0000][68][safepoint   ] Safepoint "Cleanup", Time since last: 1001032404 ns, Reaching safepoint: 334399 ns, At safepoint: 12053 ns, Total: 346452 ns
[2023-03-04T09:09:01.206+0000][68][safepoint   ] Safepoint "Cleanup", Time since last: 1003296193 ns, Reaching safepoint: 493423 ns, At safepoint: 35325 ns, Total: 528748 ns
[2023-03-04T09:09:02.209+0000][68][safepoint   ] Safepoint "Cleanup", Time since last: 1002819938 ns, Reaching safepoint: 356029 ns, At safepoint: 13117 ns, Total: 369146 ns
[2023-03-04T09:09:03.214+0000][68][safepoint   ] Safepoint "Cleanup", Time since last: 1003457922 ns, Reaching safepoint: 637688 ns, At safepoint: 97956 ns, Total: 735644 ns
[2023-03-04T09:09:04.217+0000][68][safepoint   ] Safepoint "Cleanup", Time since last: 1003179303 ns, Reaching safepoint: 567340 ns, At safepoint: 103453 ns, Total: 670793 ns
[2023-03-04T09:09:05.220+0000][68][safepoint   ] Safepoint "Cleanup", Time since last: 1002110031 ns, Reaching safepoint: 178216 ns, At safepoint: 4193 ns, Total: 182409 ns
[2023-03-04T09:09:06.222+0000][68][safepoint   ] Safepoint "Cleanup", Time since last: 1001929231 ns, Reaching safepoint: 233900 ns, At safepoint: 5627 ns, Total: 239527 ns
[2023-03-04T09:09:07.239+0000][68][safepoint   ] Safepoint "Cleanup", Time since last: 1017159958 ns, Reaching safepoint: 249462 ns, At safepoint: 9005 ns, Total: 258467 ns
[2023-03-04T09:09:08.991+0000][68][safepoint   ] Safepoint "Cleanup", Time since last: 1750556589 ns, Reaching safepoint: 593537 ns, At safepoint: 173290 ns, Total: 766827 ns
[2023-03-04T09:09:09.994+0000][68][safepoint   ] Safepoint "Cleanup", Time since last: 1003335318 ns, Reaching safepoint: 148561 ns, At safepoint: 3082 ns, Total: 151643 ns
[2023-03-04T09:09:10.997+0000][68][safepoint   ] Safepoint "Cleanup", Time since last: 1002190783 ns, Reaching safepoint: 1122031 ns, At safepoint: 47772 ns, Total: 1169803 ns
[2023-03-04T09:09:13.004+0000][68][safepoint   ] Safepoint "Cleanup", Time since last: 2005880184 ns, Reaching safepoint: 260201 ns, At safepoint: 12647 ns, Total: 272848 ns
[2023-03-04T09:09:14.006+0000][68][safepoint   ] Safepoint "Cleanup", Time since last: 1002136359 ns, Reaching safepoint: 226869 ns, At safepoint: 14260 ns, Total: 241129 ns
[2023-03-04T09:09:16.010+0000][68][safepoint   ] Safepoint "Cleanup", Time since last: 2003659708 ns, Reaching safepoint: 281486 ns, At safepoint: 43901 ns, Total: 325387 ns
[2023-03-04T09:09:17.011+0000][68][safepoint   ] Safepoint "Cleanup", Time since last: 1001041101 ns, Reaching safepoint: 316657 ns, At safepoint: 15836 ns, Total: 332493 ns
[2023-03-04T09:09:18.013+0000][68][safepoint   ] Safepoint "Cleanup", Time since last: 1001592940 ns, Reaching safepoint: 64902 ns, At safepoint: 4370 ns, Total: 69272 ns
[2023-03-04T09:09:19.027+0000][68][safepoint   ] Safepoint "Cleanup", Time since last: 1013791939 ns, Reaching safepoint: 93904 ns, At safepoint: 5235 ns, Total: 99139 ns
[2023-03-04T09:09:20.031+0000][68][safepoint   ] Safepoint "Cleanup", Time since last: 1003907307 ns, Reaching safepoint: 121602 ns, At safepoint: 25087 ns, Total: 146689 ns
[2023-03-04T09:09:21.038+0000][68][safepoint   ] Safepoint "Cleanup", Time since last: 1006959872 ns, Reaching safepoint: 63004 ns, At safepoint: 3117 ns, Total: 66121 ns
[2023-03-04T09:09:21.733+0000][68][gc,start    ] GC(58) Pause Young (Concurrent Start) (G1 Evacuation Pause)
[2023-03-04T09:09:21.734+0000][68][gc,task     ] GC(58) Using 4 workers of 4 for evacuation
[2023-03-04T09:09:21.735+0000][68][gc,age      ] GC(58) Desired survivor size 6291456 bytes, new threshold 15 (max threshold 15)
[2023-03-04T09:09:21.743+0000][68][gc,phases   ] GC(58)   Pre Evacuate Collection Set: 0.5ms
[2023-03-04T09:09:21.745+0000][68][gc,phases   ] GC(58)   Merge Heap Roots: 0.1ms
[2023-03-04T09:09:21.746+0000][68][gc,phases   ] GC(58)   Evacuate Collection Set: 4.4ms
[2023-03-04T09:09:21.748+0000][68][gc,phases   ] GC(58)   Post Evacuate Collection Set: 1.4ms
[2023-03-04T09:09:21.749+0000][68][gc,phases   ] GC(58)   Other: 2.4ms
[2023-03-04T09:09:21.750+0000][68][gc,age      ] GC(58) Age table with threshold 15 (max threshold 15)
[2023-03-04T09:09:21.751+0000][68][gc,age      ] GC(58) - age   1:    1895304 bytes,    1895304 total
[2023-03-04T09:09:21.752+0000][68][gc,age      ] GC(58) - age   2:    1789352 bytes,    3684656 total
[2023-03-04T09:09:21.753+0000][68][gc,heap     ] GC(58) Eden regions: 18->0(19)
[2023-03-04T09:09:21.754+0000][68][gc,heap     ] GC(58) Survivor regions: 1->1(3)
[2023-03-04T09:09:21.755+0000][68][gc,heap     ] GC(58) Old regions: 27->27
[2023-03-04T09:09:21.756+0000][68][gc,heap     ] GC(58) Archive regions: 2->2
[2023-03-04T09:09:21.757+0000][68][gc,heap     ] GC(58) Humongous regions: 2->2
[2023-03-04T09:09:21.757+0000][68][gc,metaspace] GC(58) Metaspace: 139785K(143360K)->139785K(143360K) NonClass: 121342K(123136K)->121342K(123136K) Class: 18443K(20224K)->18443K(20224K)
[2023-03-04T09:09:21.759+0000][68][gc          ] GC(58) Pause Young (Concurrent Start) (G1 Evacuation Pause) 192M->122M(256M) 25.928ms
[2023-03-04T09:09:21.760+0000][68][gc,cpu      ] GC(58) User=0.02s Sys=0.00s Real=0.03s
[2023-03-04T09:09:21.760+0000][68][gc          ] GC(59) Concurrent Mark Cycle
[2023-03-04T09:09:21.764+0000][68][gc,marking  ] GC(59) Concurrent Clear Claimed Marks
[2023-03-04T09:09:21.761+0000][68][safepoint   ] Safepoint "G1CollectForAllocation", Time since last: 694294711 ns, Reaching safepoint: 339986 ns, At safepoint: 28675736 ns, Total: 29015722 ns
[2023-03-04T09:09:21.766+0000][68][gc,marking  ] GC(59) Concurrent Clear Claimed Marks 2.123ms
[2023-03-04T09:09:21.767+0000][68][gc,marking  ] GC(59) Concurrent Scan Root Regions
[2023-03-04T09:09:21.775+0000][68][gc,marking  ] GC(59) Concurrent Scan Root Regions 7.938ms
[2023-03-04T09:09:21.777+0000][68][gc,marking  ] GC(59) Concurrent Mark
[2023-03-04T09:09:21.778+0000][68][gc,marking  ] GC(59) Concurrent Mark From Roots
[2023-03-04T09:09:21.780+0000][68][gc,task     ] GC(59) Using 1 workers of 1 for marking
[2023-03-04T09:09:22.062+0000][68][gc,marking  ] GC(59) Concurrent Mark From Roots 284.305ms
[2023-03-04T09:09:22.063+0000][68][gc,marking  ] GC(59) Concurrent Preclean
[2023-03-04T09:09:22.065+0000][68][gc,marking  ] GC(59) Concurrent Preclean 2.015ms
[2023-03-04T09:09:22.067+0000][68][gc,start    ] GC(59) Pause Remark
[2023-03-04T09:09:22.104+0000][68][gc          ] GC(59) Pause Remark 124M->124M(256M) 37.045ms
[2023-03-04T09:09:22.105+0000][68][gc,cpu      ] GC(59) User=0.07s Sys=0.00s Real=0.04s
[2023-03-04T09:09:22.108+0000][68][safepoint   ] Safepoint "G1PauseRemark", Time since last: 305310319 ns, Reaching safepoint: 287276 ns, At safepoint: 40783261 ns, Total: 41070537 ns
[2023-03-04T09:09:22.109+0000][68][gc,marking  ] GC(59) Concurrent Mark 332.139ms
[2023-03-04T09:09:22.110+0000][68][gc,marking  ] GC(59) Concurrent Rebuild Remembered Sets
[2023-03-04T09:09:22.207+0000][68][gc,marking  ] GC(59) Concurrent Rebuild Remembered Sets 96.907ms
[2023-03-04T09:09:22.209+0000][68][gc,start    ] GC(59) Pause Cleanup
[2023-03-04T09:09:22.210+0000][68][gc          ] GC(59) Pause Cleanup 124M->124M(256M) 1.083ms
[2023-03-04T09:09:22.211+0000][68][gc,cpu      ] GC(59) User=0.00s Sys=0.00s Real=0.00s
[2023-03-04T09:09:22.211+0000][68][safepoint   ] Safepoint "G1PauseCleanup", Time since last: 100917865 ns, Reaching safepoint: 91633 ns, At safepoint: 2582564 ns, Total: 2674197 ns
[2023-03-04T09:09:22.212+0000][68][gc,marking  ] GC(59) Concurrent Cleanup for Next Mark
[2023-03-04T09:09:22.214+0000][68][gc,marking  ] GC(59) Concurrent Cleanup for Next Mark 1.458ms
[2023-03-04T09:09:22.215+0000][68][gc          ] GC(59) Concurrent Mark Cycle 455.112ms
[2023-03-04T09:09:23.213+0000][68][safepoint   ] Safepoint "Cleanup", Time since last: 1001464105 ns, Reaching safepoint: 177364 ns, At safepoint: 7034 ns, Total: 184398 ns
[2023-03-04T09:09:24.216+0000][68][safepoint   ] Safepoint "Cleanup", Time since last: 1002576406 ns, Reaching safepoint: 218146 ns, At safepoint: 41037 ns, Total: 259183 ns
[2023-03-04T09:09:25.218+0000][68][safepoint   ] Safepoint "Cleanup", Time since last: 1001806101 ns, Reaching safepoint: 170446 ns, At safepoint: 9080 ns, Total: 179526 ns
[2023-03-04T09:09:26.219+0000][68][safepoint   ] Safepoint "Cleanup", Time since last: 1001444597 ns, Reaching safepoint: 97710 ns, At safepoint: 4849 ns, Total: 102559 ns
[2023-03-04T09:09:27.221+0000][68][safepoint   ] Safepoint "Cleanup", Time since last: 1001866094 ns, Reaching safepoint: 75816 ns, At safepoint: 3906 ns, Total: 79722 ns
[2023-03-04T09:09:28.201+0000][68][safepoint   ] Safepoint "Cleanup", Time since last: 1001420240 ns, Reaching safepoint: 141861 ns, At safepoint: 15222 ns, Total: 157083 ns
[2023-03-04T09:09:29.204+0000][68][safepoint   ] Safepoint "Cleanup", Time since last: 1002696511 ns, Reaching safepoint: 172809 ns, At safepoint: 13137 ns, Total: 185946 ns
[2023-03-04T09:09:30.206+0000][68][safepoint   ] Safepoint "Cleanup", Time since last: 1001520490 ns, Reaching safepoint: 93545 ns, At safepoint: 3934 ns, Total: 97479 ns
[2023-03-04T09:09:31.208+0000][68][safepoint   ] Safepoint "Cleanup", Time since last: 1002241900 ns, Reaching safepoint: 85934 ns, At safepoint: 2905 ns, Total: 88839 ns
[2023-03-04T09:09:32.211+0000][68][safepoint   ] Safepoint "Cleanup", Time since last: 1002950889 ns, Reaching safepoint: 152076 ns, At safepoint: 10065 ns, Total: 162141 ns
[2023-03-04T09:09:33.215+0000][68][safepoint   ] Safepoint "Cleanup", Time since last: 1003487050 ns, Reaching safepoint: 89101 ns, At safepoint: 4172 ns, Total: 93273 ns
[2023-03-04T09:09:34.217+0000][68][safepoint   ] Safepoint "Cleanup", Time since last: 1002279354 ns, Reaching safepoint: 70162 ns, At safepoint: 3612 ns, Total: 73774 ns
[2023-03-04T09:09:35.219+0000][68][safepoint   ] Safepoint "Cleanup", Time since last: 1001365929 ns, Reaching safepoint: 150401 ns, At safepoint: 26349 ns, Total: 176750 ns
[2023-03-04T09:09:36.219+0000][68][safepoint   ] Safepoint "Cleanup", Time since last: 1000887846 ns, Reaching safepoint: 74918 ns, At safepoint: 5377 ns, Total: 80295 ns
[2023-03-04T09:09:37.221+0000][68][safepoint   ] Safepoint "Cleanup", Time since last: 1001529166 ns, Reaching safepoint: 69711 ns, At safepoint: 3681 ns, Total: 73392 ns
[2023-03-04T09:09:38.224+0000][68][safepoint   ] Safepoint "Cleanup", Time since last: 1002265792 ns, Reaching safepoint: 149594 ns, At safepoint: 10426 ns, Total: 160020 ns
[2023-03-04T09:09:40.227+0000][68][safepoint   ] Safepoint "Cleanup", Time since last: 2003748254 ns, Reaching safepoint: 153203 ns, At safepoint: 8755 ns, Total: 161958 ns
[2023-03-04T09:09:41.230+0000][68][safepoint   ] Safepoint "Cleanup", Time since last: 1002011185 ns, Reaching safepoint: 128729 ns, At safepoint: 10685 ns, Total: 139414 ns
[2023-03-04T09:09:42.232+0000][68][safepoint   ] Safepoint "Cleanup", Time since last: 1002264332 ns, Reaching safepoint: 55715 ns, At safepoint: 3630 ns, Total: 59345 ns
[2023-03-04T09:09:43.234+0000][68][safepoint   ] Safepoint "Cleanup", Time since last: 1002266066 ns, Reaching safepoint: 66818 ns, At safepoint: 3138 ns, Total: 69956 ns
[2023-03-04T09:09:44.235+0000][68][safepoint   ] Safepoint "Cleanup", Time since last: 1001068007 ns, Reaching safepoint: 72592 ns, At safepoint: 3841 ns, Total: 76433 ns
[2023-03-04T09:09:45.046+0000][68][gc,start    ] GC(60) Pause Young (Prepare Mixed) (G1 Evacuation Pause)
[2023-03-04T09:09:45.086+0000][68][gc,task     ] GC(60) Using 4 workers of 4 for evacuation
[2023-03-04T09:09:45.093+0000][68][gc,age      ] GC(60) Desired survivor size 6291456 bytes, new threshold 15 (max threshold 15)
[2023-03-04T09:09:45.207+0000][68][gc,phases   ] GC(60)   Pre Evacuate Collection Set: 0.1ms
[2023-03-04T09:09:45.213+0000][68][gc,phases   ] GC(60)   Merge Heap Roots: 0.3ms
[2023-03-04T09:09:45.242+0000][68][gc,phases   ] GC(60)   Evacuate Collection Set: 49.2ms
[2023-03-04T09:09:45.244+0000][68][gc,phases   ] GC(60)   Post Evacuate Collection Set: 1.6ms
[2023-03-04T09:09:45.245+0000][68][gc,phases   ] GC(60)   Other: 70.0ms
[2023-03-04T09:09:45.247+0000][68][gc,age      ] GC(60) Age table with threshold 15 (max threshold 15)
[2023-03-04T09:09:45.249+0000][68][gc,age      ] GC(60) - age   1:    1937336 bytes,    1937336 total
[2023-03-04T09:09:45.251+0000][68][gc,age      ] GC(60) - age   2:     284360 bytes,    2221696 total
[2023-03-04T09:09:45.256+0000][68][gc,age      ] GC(60) - age   3:    1459368 bytes,    3681064 total
[2023-03-04T09:09:45.258+0000][68][gc,heap     ] GC(60) Eden regions: 19->0(2)
[2023-03-04T09:09:45.262+0000][68][gc,heap     ] GC(60) Survivor regions: 1->1(3)
[2023-03-04T09:09:45.263+0000][68][gc,heap     ] GC(60) Old regions: 27->27
[2023-03-04T09:09:45.266+0000][68][gc,heap     ] GC(60) Archive regions: 2->2
[2023-03-04T09:09:45.267+0000][68][gc,heap     ] GC(60) Humongous regions: 2->2
[2023-03-04T09:09:45.268+0000][68][gc,metaspace] GC(60) Metaspace: 137754K(143360K)->137754K(143360K) NonClass: 119826K(123136K)->119826K(123136K) Class: 17927K(20224K)->17927K(20224K)
[2023-03-04T09:09:45.270+0000][68][gc          ] GC(60) Pause Young (Prepare Mixed) (G1 Evacuation Pause) 198M->122M(256M) 223.423ms
[2023-03-04T09:09:45.272+0000][68][gc,cpu      ] GC(60) User=0.16s Sys=0.02s Real=0.22s
[2023-03-04T09:09:45.275+0000][68][safepoint   ] Safepoint "G1CollectForAllocation", Time since last: 799397230 ns, Reaching safepoint: 11422880 ns, At safepoint: 229079834 ns, Total: 240502714 ns
[2023-03-04T09:09:46.318+0000][68][safepoint   ] Safepoint "Cleanup", Time since last: 1041814496 ns, Reaching safepoint: 418356 ns, At safepoint: 20352 ns, Total: 438708 ns
[2023-03-04T09:09:47.147+0000][68][gc,start    ] GC(61) Pause Young (Mixed) (G1 Evacuation Pause)
[2023-03-04T09:09:47.151+0000][68][gc,task     ] GC(61) Using 4 workers of 4 for evacuation
[2023-03-04T09:09:47.159+0000][68][gc,age      ] GC(61) Desired survivor size 2097152 bytes, new threshold 2 (max threshold 15)
[2023-03-04T09:09:47.238+0000][68][gc,phases   ] GC(61)   Pre Evacuate Collection Set: 0.3ms
[2023-03-04T09:09:47.252+0000][68][gc,phases   ] GC(61)   Merge Heap Roots: 0.9ms
[2023-03-04T09:09:47.260+0000][68][gc,phases   ] GC(61)   Evacuate Collection Set: 62.7ms
[2023-03-04T09:09:47.264+0000][68][gc,phases   ] GC(61)   Post Evacuate Collection Set: 14.0ms
[2023-03-04T09:09:47.266+0000][68][gc,phases   ] GC(61)   Other: 9.6ms
[2023-03-04T09:09:47.267+0000][68][gc,age      ] GC(61) Age table with threshold 2 (max threshold 15)
[2023-03-04T09:09:47.267+0000][68][gc,age      ] GC(61) - age   1:    1250192 bytes,    1250192 total
[2023-03-04T09:09:47.269+0000][68][gc,age      ] GC(61) - age   2:    1771936 bytes,    3022128 total
[2023-03-04T09:09:47.280+0000][68][gc,heap     ] GC(61) Eden regions: 2->0(19)
[2023-03-04T09:09:47.281+0000][68][gc,heap     ] GC(61) Survivor regions: 1->1(1)
[2023-03-04T09:09:47.282+0000][68][gc,heap     ] GC(61) Old regions: 27->27
[2023-03-04T09:09:47.283+0000][68][gc,heap     ] GC(61) Archive regions: 2->2
[2023-03-04T09:09:47.283+0000][68][gc,heap     ] GC(61) Humongous regions: 2->2
[2023-03-04T09:09:47.285+0000][68][gc,metaspace] GC(61) Metaspace: 137782K(143360K)->137782K(143360K) NonClass: 119853K(123136K)->119853K(123136K) Class: 17929K(20224K)->17929K(20224K)
[2023-03-04T09:09:47.286+0000][68][gc          ] GC(61) Pause Young (Mixed) (G1 Evacuation Pause) 130M->120M(256M) 138.803ms
[2023-03-04T09:09:47.308+0000][68][gc,cpu      ] GC(61) User=0.27s Sys=0.02s Real=0.16s
[2023-03-04T09:09:47.337+0000][68][safepoint   ] Safepoint "G1CollectForAllocation", Time since last: 828925018 ns, Reaching safepoint: 454988 ns, At safepoint: 190430053 ns, Total: 190885041 ns
[2023-03-04T09:09:50.490+0000][68][safepoint   ] Safepoint "Cleanup", Time since last: 3152730150 ns, Reaching safepoint: 359029 ns, At safepoint: 21332 ns, Total: 380361 ns
[2023-03-04T09:09:51.524+0000][68][safepoint   ] Safepoint "Cleanup", Time since last: 1032900918 ns, Reaching safepoint: 248632 ns, At safepoint: 13247 ns, Total: 261879 ns
[2023-03-04T09:09:52.526+0000][68][safepoint   ] Safepoint "Cleanup", Time since last: 1001935535 ns, Reaching safepoint: 267237 ns, At safepoint: 11913 ns, Total: 279150 ns
[2023-03-04T09:09:53.528+0000][68][safepoint   ] Safepoint "Cleanup", Time since last: 1001816989 ns, Reaching safepoint: 209307 ns, At safepoint: 7574 ns, Total: 216881 ns
[2023-03-04T09:09:54.531+0000][68][safepoint   ] Safepoint "Cleanup", Time since last: 1002681782 ns, Reaching safepoint: 107366 ns, At safepoint: 5557 ns, Total: 112923 ns
[2023-03-04T09:09:55.553+0000][68][safepoint   ] Safepoint "Cleanup", Time since last: 1022241039 ns, Reaching safepoint: 113994 ns, At safepoint: 5801 ns, Total: 119795 ns
[2023-03-04T09:09:56.558+0000][68][safepoint   ] Safepoint "Cleanup", Time since last: 1004981770 ns, Reaching safepoint: 142576 ns, At safepoint: 25524 ns, Total: 168100 ns
[2023-03-04T09:09:57.539+0000][68][safepoint   ] Safepoint "Cleanup", Time since last: 1001353403 ns, Reaching safepoint: 86603 ns, At safepoint: 3911 ns, Total: 90514 ns
[2023-03-04T09:09:58.541+0000][68][safepoint   ] Safepoint "Cleanup", Time since last: 1002415793 ns, Reaching safepoint: 103149 ns, At safepoint: 5263 ns, Total: 108412 ns
[2023-03-04T09:09:59.543+0000][68][safepoint   ] Safepoint "Cleanup", Time since last: 1002167057 ns, Reaching safepoint: 106370 ns, At safepoint: 4495 ns, Total: 110865 ns
[2023-03-04T09:10:00.547+0000][68][safepoint   ] Safepoint "Cleanup", Time since last: 1003234992 ns, Reaching safepoint: 163738 ns, At safepoint: 8943 ns, Total: 172681 ns
[2023-03-04T09:10:01.549+0000][68][safepoint   ] Safepoint "Cleanup", Time since last: 1002153117 ns, Reaching safepoint: 101833 ns, At safepoint: 5038 ns, Total: 106871 ns
[2023-03-04T09:10:02.556+0000][68][safepoint   ] Safepoint "Cleanup", Time since last: 1007013121 ns, Reaching safepoint: 93833 ns, At safepoint: 5061 ns, Total: 98894 ns
[2023-03-04T09:10:03.559+0000][68][safepoint   ] Safepoint "Cleanup", Time since last: 1003017510 ns, Reaching safepoint: 115586 ns, At safepoint: 4504 ns, Total: 120090 ns
[2023-03-04T09:10:04.561+0000][68][safepoint   ] Safepoint "Cleanup", Time since last: 1002047570 ns, Reaching safepoint: 118258 ns, At safepoint: 4699 ns, Total: 122957 ns
[2023-03-04T09:10:06.688+0000][68][gc,start    ] GC(62) Pause Young (Normal) (G1 Evacuation Pause)
[2023-03-04T09:10:06.689+0000][68][gc,task     ] GC(62) Using 4 workers of 4 for evacuation
[2023-03-04T09:10:06.690+0000][68][gc,age      ] GC(62) Desired survivor size 6291456 bytes, new threshold 15 (max threshold 15)
[2023-03-04T09:10:06.694+0000][68][gc,phases   ] GC(62)   Pre Evacuate Collection Set: 0.1ms
[2023-03-04T09:10:06.695+0000][68][gc,phases   ] GC(62)   Merge Heap Roots: 0.0ms
[2023-03-04T09:10:06.696+0000][68][gc,phases   ] GC(62)   Evacuate Collection Set: 2.3ms
[2023-03-04T09:10:06.696+0000][68][gc,phases   ] GC(62)   Post Evacuate Collection Set: 1.0ms
[2023-03-04T09:10:06.697+0000][68][gc,phases   ] GC(62)   Other: 1.5ms
[2023-03-04T09:10:06.697+0000][68][gc,age      ] GC(62) Age table with threshold 15 (max threshold 15)
[2023-03-04T09:10:06.698+0000][68][gc,age      ] GC(62) - age   1:    1338296 bytes,    1338296 total
[2023-03-04T09:10:06.699+0000][68][gc,age      ] GC(62) - age   2:      34256 bytes,    1372552 total
[2023-03-04T09:10:06.699+0000][68][gc,age      ] GC(62) - age   3:     277312 bytes,    1649864 total
[2023-03-04T09:10:06.700+0000][68][gc,heap     ] GC(62) Eden regions: 19->0(19)
[2023-03-04T09:10:06.700+0000][68][gc,heap     ] GC(62) Survivor regions: 1->1(3)
[2023-03-04T09:10:06.700+0000][68][gc,heap     ] GC(62) Old regions: 27->27
[2023-03-04T09:10:06.701+0000][68][gc,heap     ] GC(62) Archive regions: 2->2
[2023-03-04T09:10:06.701+0000][68][gc,heap     ] GC(62) Humongous regions: 2->2
[2023-03-04T09:10:06.702+0000][68][gc,metaspace] GC(62) Metaspace: 137959K(143360K)->137959K(143360K) NonClass: 120030K(123136K)->120030K(123136K) Class: 17929K(20224K)->17929K(20224K)
[2023-03-04T09:10:06.703+0000][68][gc          ] GC(62) Pause Young (Normal) (G1 Evacuation Pause) 196M->118M(256M) 14.458ms
[2023-03-04T09:10:06.703+0000][68][gc,cpu      ] GC(62) User=0.01s Sys=0.00s Real=0.01s
[2023-03-04T09:10:06.704+0000][68][safepoint   ] Safepoint "G1CollectForAllocation", Time since last: 2126632058 ns, Reaching safepoint: 284553 ns, At safepoint: 15645392 ns, Total: 15929945 ns
[2023-03-04T09:10:07.710+0000][68][safepoint   ] Safepoint "Cleanup", Time since last: 1001006456 ns, Reaching safepoint: 4796037 ns, At safepoint: 19510 ns, Total: 4815547 ns
[2023-03-04T09:10:08.714+0000][68][safepoint   ] Safepoint "Cleanup", Time since last: 1003730901 ns, Reaching safepoint: 337856 ns, At safepoint: 9079 ns, Total: 346935 ns
[2023-03-04T09:10:09.717+0000][68][safepoint   ] Safepoint "Cleanup", Time since last: 1002876482 ns, Reaching safepoint: 276007 ns, At safepoint: 9636 ns, Total: 285643 ns
[2023-03-04T09:10:10.720+0000][68][safepoint   ] Safepoint "Cleanup", Time since last: 1002870838 ns, Reaching safepoint: 321952 ns, At safepoint: 9922 ns, Total: 331874 ns
[2023-03-04T09:10:12.725+0000][68][safepoint   ] Safepoint "Cleanup", Time since last: 2003054547 ns, Reaching safepoint: 966774 ns, At safepoint: 237604 ns, Total: 1204378 ns
[2023-03-04T09:10:13.727+0000][68][safepoint   ] Safepoint "Cleanup", Time since last: 1001488456 ns, Reaching safepoint: 477605 ns, At safepoint: 15282 ns, Total: 492887 ns
[2023-03-04T09:10:14.732+0000][68][safepoint   ] Safepoint "Cleanup", Time since last: 1004803914 ns, Reaching safepoint: 923839 ns, At safepoint: 23454 ns, Total: 947293 ns
[2023-03-04T09:10:15.736+0000][68][safepoint   ] Safepoint "Cleanup", Time since last: 1003353492 ns, Reaching safepoint: 196342 ns, At safepoint: 12013 ns, Total: 208355 ns
[2023-03-04T09:10:16.739+0000][68][safepoint   ] Safepoint "Cleanup", Time since last: 1002676349 ns, Reaching safepoint: 516228 ns, At safepoint: 17221 ns, Total: 533449 ns
[2023-03-04T09:10:17.744+0000][68][safepoint   ] Safepoint "Cleanup", Time since last: 1003603977 ns, Reaching safepoint: 827620 ns, At safepoint: 50017 ns, Total: 877637 ns
[2023-03-04T09:10:18.746+0000][68][safepoint   ] Safepoint "Cleanup", Time since last: 1002478505 ns, Reaching safepoint: 215494 ns, At safepoint: 4438 ns, Total: 219932 ns
[2023-03-04T09:10:19.750+0000][68][safepoint   ] Safepoint "Cleanup", Time since last: 1003481531 ns, Reaching safepoint: 391149 ns, At safepoint: 12633 ns, Total: 403782 ns
[2023-03-04T09:10:20.755+0000][68][safepoint   ] Safepoint "Cleanup", Time since last: 1004200993 ns, Reaching safepoint: 164191 ns, At safepoint: 101279 ns, Total: 265470 ns
[2023-03-04T09:10:21.758+0000][68][safepoint   ] Safepoint "Cleanup", Time since last: 1003417567 ns, Reaching safepoint: 153052 ns, At safepoint: 3807 ns, Total: 156859 ns
[2023-03-04T09:10:24.760+0000][68][safepoint   ] Safepoint "Cleanup", Time since last: 3002075526 ns, Reaching safepoint: 133827 ns, At safepoint: 38766 ns, Total: 172593 ns
[2023-03-04T09:10:25.763+0000][68][safepoint   ] Safepoint "Cleanup", Time since last: 1001866191 ns, Reaching safepoint: 191861 ns, At safepoint: 55548 ns, Total: 247409 ns
[2023-03-04T09:10:27.743+0000][68][safepoint   ] Safepoint "Cleanup", Time since last: 2002500308 ns, Reaching safepoint: 197369 ns, At safepoint: 5404 ns, Total: 202773 ns
[2023-03-04T09:10:28.745+0000][68][safepoint   ] Safepoint "Cleanup", Time since last: 1002025327 ns, Reaching safepoint: 161517 ns, At safepoint: 6373 ns, Total: 167890 ns
[2023-03-04T09:10:30.693+0000][68][gc,start    ] GC(63) Pause Young (Normal) (G1 Evacuation Pause)
[2023-03-04T09:10:30.694+0000][68][gc,task     ] GC(63) Using 4 workers of 4 for evacuation
[2023-03-04T09:10:30.694+0000][68][gc,age      ] GC(63) Desired survivor size 6291456 bytes, new threshold 15 (max threshold 15)
[2023-03-04T09:10:30.698+0000][68][gc,phases   ] GC(63)   Pre Evacuate Collection Set: 0.1ms
[2023-03-04T09:10:30.698+0000][68][gc,phases   ] GC(63)   Merge Heap Roots: 0.1ms
[2023-03-04T09:10:30.699+0000][68][gc,phases   ] GC(63)   Evacuate Collection Set: 1.7ms
[2023-03-04T09:10:30.700+0000][68][gc,phases   ] GC(63)   Post Evacuate Collection Set: 1.0ms
[2023-03-04T09:10:30.700+0000][68][gc,phases   ] GC(63)   Other: 1.3ms
[2023-03-04T09:10:30.700+0000][68][gc,age      ] GC(63) Age table with threshold 15 (max threshold 15)
[2023-03-04T09:10:30.701+0000][68][gc,age      ] GC(63) - age   1:     895600 bytes,     895600 total
[2023-03-04T09:10:30.701+0000][68][gc,age      ] GC(63) - age   2:     416432 bytes,    1312032 total
[2023-03-04T09:10:30.702+0000][68][gc,age      ] GC(63) - age   3:      34056 bytes,    1346088 total
[2023-03-04T09:10:30.703+0000][68][gc,age      ] GC(63) - age   4:     268344 bytes,    1614432 total
[2023-03-04T09:10:30.703+0000][68][gc,heap     ] GC(63) Eden regions: 19->0(20)
[2023-03-04T09:10:30.704+0000][68][gc,heap     ] GC(63) Survivor regions: 1->1(3)
[2023-03-04T09:10:30.704+0000][68][gc,heap     ] GC(63) Old regions: 27->27
[2023-03-04T09:10:30.705+0000][68][gc,heap     ] GC(63) Archive regions: 2->2
[2023-03-04T09:10:30.705+0000][68][gc,heap     ] GC(63) Humongous regions: 2->2
[2023-03-04T09:10:30.706+0000][68][gc,metaspace] GC(63) Metaspace: 138083K(143360K)->138083K(143360K) NonClass: 120154K(123136K)->120154K(123136K) Class: 17929K(20224K)->17929K(20224K)
[2023-03-04T09:10:30.706+0000][68][gc          ] GC(63) Pause Young (Normal) (G1 Evacuation Pause) 194M->118M(256M) 13.654ms
[2023-03-04T09:10:30.707+0000][68][gc,cpu      ] GC(63) User=0.00s Sys=0.00s Real=0.01s
[2023-03-04T09:10:30.707+0000][68][safepoint   ] Safepoint "G1CollectForAllocation", Time since last: 1947668024 ns, Reaching safepoint: 86736 ns, At safepoint: 14553739 ns, Total: 14640475 ns
[2023-03-04T09:10:31.708+0000][68][safepoint   ] Safepoint "Cleanup", Time since last: 1000775835 ns, Reaching safepoint: 295766 ns, At safepoint: 44023 ns, Total: 339789 ns
[2023-03-04T09:10:33.448+0000][68][safepoint   ] Safepoint "Cleanup", Time since last: 1738484876 ns, Reaching safepoint: 1414299 ns, At safepoint: 51706 ns, Total: 1466005 ns
[2023-03-04T09:10:34.451+0000][68][safepoint   ] Safepoint "Cleanup", Time since last: 1002858496 ns, Reaching safepoint: 358428 ns, At safepoint: 13640 ns, Total: 372068 ns
[2023-03-04T09:10:35.111+0000][68][safepoint   ] Safepoint "ICBufferFull", Time since last: 658294809 ns, Reaching safepoint: 819593 ns, At safepoint: 210370 ns, Total: 1029963 ns
[2023-03-04T09:10:35.521+0000][68][gc,start    ] GC(64) Pause Young (Concurrent Start) (G1 Evacuation Pause)
[2023-03-04T09:10:35.522+0000][68][gc,task     ] GC(64) Using 4 workers of 4 for evacuation
[2023-03-04T09:10:35.523+0000][68][gc,age      ] GC(64) Desired survivor size 6291456 bytes, new threshold 15 (max threshold 15)
[2023-03-04T09:10:35.531+0000][68][gc,phases   ] GC(64)   Pre Evacuate Collection Set: 0.6ms
[2023-03-04T09:10:35.532+0000][68][gc,phases   ] GC(64)   Merge Heap Roots: 0.2ms
[2023-03-04T09:10:35.533+0000][68][gc,phases   ] GC(64)   Evacuate Collection Set: 4.7ms
[2023-03-04T09:10:35.534+0000][68][gc,phases   ] GC(64)   Post Evacuate Collection Set: 1.9ms
[2023-03-04T09:10:35.534+0000][68][gc,phases   ] GC(64)   Other: 1.8ms
[2023-03-04T09:10:35.535+0000][68][gc,age      ] GC(64) Age table with threshold 15 (max threshold 15)
[2023-03-04T09:10:35.535+0000][68][gc,age      ] GC(64) - age   1:    2968072 bytes,    2968072 total
[2023-03-04T09:10:35.536+0000][68][gc,age      ] GC(64) - age   2:     621712 bytes,    3589784 total
[2023-03-04T09:10:35.536+0000][68][gc,age      ] GC(64) - age   3:     320712 bytes,    3910496 total
[2023-03-04T09:10:35.537+0000][68][gc,age      ] GC(64) - age   4:      30024 bytes,    3940520 total
[2023-03-04T09:10:35.537+0000][68][gc,age      ] GC(64) - age   5:      67360 bytes,    4007880 total
[2023-03-04T09:10:35.538+0000][68][gc,heap     ] GC(64) Eden regions: 20->0(20)
[2023-03-04T09:10:35.539+0000][68][gc,heap     ] GC(64) Survivor regions: 1->1(3)
[2023-03-04T09:10:35.540+0000][68][gc,heap     ] GC(64) Old regions: 27->27
[2023-03-04T09:10:35.541+0000][68][gc,heap     ] GC(64) Archive regions: 2->2
[2023-03-04T09:10:35.542+0000][68][gc,heap     ] GC(64) Humongous regions: 2->2
[2023-03-04T09:10:35.543+0000][68][gc,metaspace] GC(64) Metaspace: 139518K(143552K)->139518K(143552K) NonClass: 121328K(123328K)->121328K(123328K) Class: 18189K(20224K)->18189K(20224K)
[2023-03-04T09:10:35.544+0000][68][gc          ] GC(64) Pause Young (Concurrent Start) (G1 Evacuation Pause) 198M->120M(256M) 22.830ms
[2023-03-04T09:10:35.544+0000][68][gc          ] GC(65) Concurrent Mark Cycle
[2023-03-04T09:10:35.545+0000][68][gc,marking  ] GC(65) Concurrent Clear Claimed Marks
[2023-03-04T09:10:35.546+0000][68][gc,marking  ] GC(65) Concurrent Clear Claimed Marks 0.944ms
[2023-03-04T09:10:35.546+0000][68][gc,marking  ] GC(65) Concurrent Scan Root Regions
[2023-03-04T09:10:35.544+0000][68][gc,cpu      ] GC(64) User=0.02s Sys=0.00s Real=0.03s
[2023-03-04T09:10:35.548+0000][68][safepoint   ] Safepoint "G1CollectForAllocation", Time since last: 409949661 ns, Reaching safepoint: 301409 ns, At safepoint: 26806977 ns, Total: 27108386 ns
[2023-03-04T09:10:35.559+0000][68][gc,marking  ] GC(65) Concurrent Scan Root Regions 12.671ms
[2023-03-04T09:10:35.561+0000][68][gc,marking  ] GC(65) Concurrent Mark
[2023-03-04T09:10:35.561+0000][68][gc,marking  ] GC(65) Concurrent Mark From Roots
[2023-03-04T09:10:35.562+0000][68][gc,task     ] GC(65) Using 1 workers of 1 for marking
[2023-03-04T09:10:35.887+0000][68][gc,marking  ] GC(65) Concurrent Mark From Roots 326.025ms
[2023-03-04T09:10:35.888+0000][68][gc,marking  ] GC(65) Concurrent Preclean
[2023-03-04T09:10:35.891+0000][68][gc,marking  ] GC(65) Concurrent Preclean 1.995ms
[2023-03-04T09:10:35.892+0000][68][gc,start    ] GC(65) Pause Remark
[2023-03-04T09:10:35.916+0000][68][gc          ] GC(65) Pause Remark 137M->137M(256M) 23.522ms
[2023-03-04T09:10:35.917+0000][68][gc,cpu      ] GC(65) User=0.06s Sys=0.01s Real=0.03s
[2023-03-04T09:10:35.918+0000][68][safepoint   ] Safepoint "G1PauseRemark", Time since last: 343966749 ns, Reaching safepoint: 238436 ns, At safepoint: 25641986 ns, Total: 25880422 ns
[2023-03-04T09:10:35.920+0000][68][gc,marking  ] GC(65) Concurrent Mark 359.648ms
[2023-03-04T09:10:35.921+0000][68][gc,marking  ] GC(65) Concurrent Rebuild Remembered Sets
[2023-03-04T09:10:36.112+0000][68][gc,marking  ] GC(65) Concurrent Rebuild Remembered Sets 190.756ms
[2023-03-04T09:10:36.114+0000][68][gc,start    ] GC(65) Pause Cleanup
[2023-03-04T09:10:36.115+0000][68][gc          ] GC(65) Pause Cleanup 138M->138M(256M) 1.600ms
[2023-03-04T09:10:36.117+0000][68][gc,cpu      ] GC(65) User=0.00s Sys=0.00s Real=0.00s
[2023-03-04T09:10:36.118+0000][68][safepoint   ] Safepoint "G1PauseCleanup", Time since last: 195894851 ns, Reaching safepoint: 289215 ns, At safepoint: 3918681 ns, Total: 4207896 ns
[2023-03-04T09:10:36.119+0000][68][gc,marking  ] GC(65) Concurrent Cleanup for Next Mark
[2023-03-04T09:10:36.120+0000][68][gc,marking  ] GC(65) Concurrent Cleanup for Next Mark 1.791ms
[2023-03-04T09:10:36.122+0000][68][gc          ] GC(65) Concurrent Mark Cycle 577.283ms
[2023-03-04T09:10:37.418+0000][68][safepoint   ] Safepoint "Cleanup", Time since last: 1299683598 ns, Reaching safepoint: 476050 ns, At safepoint: 81285 ns, Total: 557335 ns
[2023-03-04T09:10:38.420+0000][68][safepoint   ] Safepoint "Cleanup", Time since last: 1001484086 ns, Reaching safepoint: 352736 ns, At safepoint: 20110 ns, Total: 372846 ns
[2023-03-04T09:10:39.422+0000][68][safepoint   ] Safepoint "Cleanup", Time since last: 1001902260 ns, Reaching safepoint: 365786 ns, At safepoint: 41789 ns, Total: 407575 ns
[2023-03-04T09:10:40.426+0000][68][safepoint   ] Safepoint "Cleanup", Time since last: 1002430245 ns, Reaching safepoint: 1013840 ns, At safepoint: 50515 ns, Total: 1064355 ns
[2023-03-04T09:10:41.432+0000][68][safepoint   ] Safepoint "Cleanup", Time since last: 1005591095 ns, Reaching safepoint: 1001291 ns, At safepoint: 162546 ns, Total: 1163837 ns
[2023-03-04T09:10:42.820+0000][68][gc,start    ] GC(66) Pause Young (Prepare Mixed) (G1 Evacuation Pause)
[2023-03-04T09:10:42.821+0000][68][gc,task     ] GC(66) Using 4 workers of 4 for evacuation
[2023-03-04T09:10:42.822+0000][68][gc,age      ] GC(66) Desired survivor size 6291456 bytes, new threshold 15 (max threshold 15)
[2023-03-04T09:10:42.828+0000][68][gc,phases   ] GC(66)   Pre Evacuate Collection Set: 0.1ms
[2023-03-04T09:10:42.829+0000][68][gc,phases   ] GC(66)   Merge Heap Roots: 0.1ms
[2023-03-04T09:10:42.829+0000][68][gc,phases   ] GC(66)   Evacuate Collection Set: 4.2ms
[2023-03-04T09:10:42.830+0000][68][gc,phases   ] GC(66)   Post Evacuate Collection Set: 1.1ms
[2023-03-04T09:10:42.830+0000][68][gc,phases   ] GC(66)   Other: 1.5ms
[2023-03-04T09:10:42.831+0000][68][gc,age      ] GC(66) Age table with threshold 15 (max threshold 15)
[2023-03-04T09:10:42.831+0000][68][gc,age      ] GC(66) - age   1:    1743120 bytes,    1743120 total
[2023-03-04T09:10:42.832+0000][68][gc,age      ] GC(66) - age   2:    1391464 bytes,    3134584 total
[2023-03-04T09:10:42.832+0000][68][gc,age      ] GC(66) - age   3:     620936 bytes,    3755520 total
[2023-03-04T09:10:42.833+0000][68][gc,age      ] GC(66) - age   4:      21920 bytes,    3777440 total
[2023-03-04T09:10:42.833+0000][68][gc,age      ] GC(66) - age   5:      23808 bytes,    3801248 total
[2023-03-04T09:10:42.834+0000][68][gc,age      ] GC(66) - age   6:      66664 bytes,    3867912 total
[2023-03-04T09:10:42.834+0000][68][gc,heap     ] GC(66) Eden regions: 20->0(2)
[2023-03-04T09:10:42.835+0000][68][gc,heap     ] GC(66) Survivor regions: 1->1(3)
[2023-03-04T09:10:42.835+0000][68][gc,heap     ] GC(66) Old regions: 27->27
[2023-03-04T09:10:42.836+0000][68][gc,heap     ] GC(66) Archive regions: 2->2
[2023-03-04T09:10:42.836+0000][68][gc,heap     ] GC(66) Humongous regions: 2->2
[2023-03-04T09:10:42.837+0000][68][gc,metaspace] GC(66) Metaspace: 139651K(143552K)->139651K(143552K) NonClass: 121451K(123328K)->121451K(123328K) Class: 18200K(20224K)->18200K(20224K)
[2023-03-04T09:10:42.837+0000][68][gc          ] GC(66) Pause Young (Prepare Mixed) (G1 Evacuation Pause) 200M->120M(256M) 17.038ms
[2023-03-04T09:10:42.838+0000][68][gc,cpu      ] GC(66) User=0.02s Sys=0.00s Real=0.02s
[2023-03-04T09:10:42.838+0000][68][safepoint   ] Safepoint "G1CollectForAllocation", Time since last: 1387750856 ns, Reaching safepoint: 117360 ns, At safepoint: 18177650 ns, Total: 18295010 ns
[2023-03-04T09:10:43.099+0000][68][gc,start    ] GC(67) Pause Young (Mixed) (G1 Evacuation Pause)
[2023-03-04T09:10:43.100+0000][68][gc,task     ] GC(67) Using 4 workers of 4 for evacuation
[2023-03-04T09:10:43.101+0000][68][gc,age      ] GC(67) Desired survivor size 2097152 bytes, new threshold 2 (max threshold 15)
[2023-03-04T09:10:43.111+0000][68][gc,phases   ] GC(67)   Pre Evacuate Collection Set: 0.2ms
[2023-03-04T09:10:43.111+0000][68][gc,phases   ] GC(67)   Merge Heap Roots: 0.2ms
[2023-03-04T09:10:43.112+0000][68][gc,phases   ] GC(67)   Evacuate Collection Set: 7.1ms
[2023-03-04T09:10:43.113+0000][68][gc,phases   ] GC(67)   Post Evacuate Collection Set: 1.1ms
[2023-03-04T09:10:43.113+0000][68][gc,phases   ] GC(67)   Other: 2.0ms
[2023-03-04T09:10:43.114+0000][68][gc,age      ] GC(67) Age table with threshold 2 (max threshold 15)
[2023-03-04T09:10:43.114+0000][68][gc,age      ] GC(67) - age   1:     719608 bytes,     719608 total
[2023-03-04T09:10:43.115+0000][68][gc,age      ] GC(67) - age   2:    1177984 bytes,    1897592 total
[2023-03-04T09:10:43.115+0000][68][gc,heap     ] GC(67) Eden regions: 2->0(20)
[2023-03-04T09:10:43.116+0000][68][gc,heap     ] GC(67) Survivor regions: 1->1(1)
[2023-03-04T09:10:43.117+0000][68][gc,heap     ] GC(67) Old regions: 27->27
[2023-03-04T09:10:43.118+0000][68][gc,heap     ] GC(67) Archive regions: 2->2
[2023-03-04T09:10:43.118+0000][68][gc,heap     ] GC(67) Humongous regions: 2->2
[2023-03-04T09:10:43.119+0000][68][gc,metaspace] GC(67) Metaspace: 139692K(143616K)->139692K(143616K) NonClass: 121491K(123392K)->121491K(123392K) Class: 18200K(20224K)->18200K(20224K)
[2023-03-04T09:10:43.119+0000][68][gc          ] GC(67) Pause Young (Mixed) (G1 Evacuation Pause) 128M->119M(256M) 20.274ms
[2023-03-04T09:10:43.120+0000][68][gc,cpu      ] GC(67) User=0.03s Sys=0.00s Real=0.02s
[2023-03-04T09:10:43.121+0000][68][safepoint   ] Safepoint "G1CollectForAllocation", Time since last: 260167194 ns, Reaching safepoint: 346260 ns, At safepoint: 21875758 ns, Total: 22222018 ns
[2023-03-04T09:10:44.126+0000][68][safepoint   ] Safepoint "Cleanup", Time since last: 1003541897 ns, Reaching safepoint: 836601 ns, At safepoint: 298064 ns, Total: 1134665 ns
[2023-03-04T09:10:46.130+0000][68][safepoint   ] Safepoint "Cleanup", Time since last: 2004463109 ns, Reaching safepoint: 240062 ns, At safepoint: 13598 ns, Total: 253660 ns
[2023-03-04T09:10:49.133+0000][68][safepoint   ] Safepoint "Cleanup", Time since last: 3002766789 ns, Reaching safepoint: 190418 ns, At safepoint: 2960 ns, Total: 193378 ns
[2023-03-04T09:10:53.140+0000][68][safepoint   ] Safepoint "Cleanup", Time since last: 4005186394 ns, Reaching safepoint: 1082382 ns, At safepoint: 135609 ns, Total: 1217991 ns
[2023-03-04T09:10:54.145+0000][68][safepoint   ] Safepoint "Cleanup", Time since last: 1003747436 ns, Reaching safepoint: 992849 ns, At safepoint: 226157 ns, Total: 1219006 ns
[2023-03-04T09:10:55.148+0000][68][safepoint   ] Safepoint "Cleanup", Time since last: 1003068573 ns, Reaching safepoint: 241115 ns, At safepoint: 134673 ns, Total: 375788 ns
[2023-03-04T09:10:56.150+0000][68][safepoint   ] Safepoint "Cleanup", Time since last: 1001699469 ns, Reaching safepoint: 172637 ns, At safepoint: 3737 ns, Total: 176374 ns
[2023-03-04T09:10:57.152+0000][68][safepoint   ] Safepoint "Cleanup", Time since last: 1001300994 ns, Reaching safepoint: 442540 ns, At safepoint: 33756 ns, Total: 476296 ns
[2023-03-04T09:10:59.122+0000][68][safepoint   ] Safepoint "Cleanup", Time since last: 2003641292 ns, Reaching safepoint: 139877 ns, At safepoint: 6390 ns, Total: 146267 ns
[2023-03-04T09:11:01.124+0000][68][safepoint   ] Safepoint "Cleanup", Time since last: 2002220049 ns, Reaching safepoint: 169899 ns, At safepoint: 6493 ns, Total: 176392 ns
[2023-03-04T09:11:02.126+0000][68][safepoint   ] Safepoint "Cleanup", Time since last: 1001502860 ns, Reaching safepoint: 360701 ns, At safepoint: 248915 ns, Total: 609616 ns
[2023-03-04T09:11:03.128+0000][68][safepoint   ] Safepoint "Cleanup", Time since last: 1001929893 ns, Reaching safepoint: 106339 ns, At safepoint: 4353 ns, Total: 110692 ns
[2023-03-04T09:11:05.130+0000][68][safepoint   ] Safepoint "Cleanup", Time since last: 2001833991 ns, Reaching safepoint: 174154 ns, At safepoint: 4987 ns, Total: 179141 ns
[2023-03-04T09:11:06.133+0000][68][safepoint   ] Safepoint "Cleanup", Time since last: 1002527704 ns, Reaching safepoint: 150979 ns, At safepoint: 74186 ns, Total: 225165 ns
[2023-03-04T09:11:07.135+0000][68][safepoint   ] Safepoint "Cleanup", Time since last: 1002380113 ns, Reaching safepoint: 48476 ns, At safepoint: 2597 ns, Total: 51073 ns
[2023-03-04T09:11:07.699+0000][68][gc,start    ] GC(68) Pause Young (Normal) (G1 Evacuation Pause)
[2023-03-04T09:11:07.700+0000][68][gc,task     ] GC(68) Using 4 workers of 4 for evacuation
[2023-03-04T09:11:07.701+0000][68][gc,age      ] GC(68) Desired survivor size 6291456 bytes, new threshold 15 (max threshold 15)
[2023-03-04T09:11:07.707+0000][68][gc,phases   ] GC(68)   Pre Evacuate Collection Set: 0.1ms
[2023-03-04T09:11:07.708+0000][68][gc,phases   ] GC(68)   Merge Heap Roots: 0.1ms
[2023-03-04T09:11:07.709+0000][68][gc,phases   ] GC(68)   Evacuate Collection Set: 4.6ms
[2023-03-04T09:11:07.710+0000][68][gc,phases   ] GC(68)   Post Evacuate Collection Set: 1.0ms
[2023-03-04T09:11:07.711+0000][68][gc,phases   ] GC(68)   Other: 1.3ms
[2023-03-04T09:11:07.712+0000][68][gc,age      ] GC(68) Age table with threshold 15 (max threshold 15)
[2023-03-04T09:11:07.713+0000][68][gc,age      ] GC(68) - age   1:    1552400 bytes,    1552400 total
[2023-03-04T09:11:07.714+0000][68][gc,age      ] GC(68) - age   2:       9048 bytes,    1561448 total
[2023-03-04T09:11:07.715+0000][68][gc,age      ] GC(68) - age   3:     931768 bytes,    2493216 total
[2023-03-04T09:11:07.716+0000][68][gc,heap     ] GC(68) Eden regions: 20->0(20)
[2023-03-04T09:11:07.717+0000][68][gc,heap     ] GC(68) Survivor regions: 1->1(3)
[2023-03-04T09:11:07.719+0000][68][gc,heap     ] GC(68) Old regions: 27->27
[2023-03-04T09:11:07.720+0000][68][gc,heap     ] GC(68) Archive regions: 2->2
[2023-03-04T09:11:07.721+0000][68][gc,heap     ] GC(68) Humongous regions: 2->2
[2023-03-04T09:11:07.721+0000][68][gc,metaspace] GC(68) Metaspace: 139833K(143680K)->139833K(143680K) NonClass: 121631K(123456K)->121631K(123456K) Class: 18201K(20224K)->18201K(20224K)
[2023-03-04T09:11:07.722+0000][68][gc          ] GC(68) Pause Young (Normal) (G1 Evacuation Pause) 199M->119M(256M) 22.821ms
[2023-03-04T09:11:07.723+0000][68][gc,cpu      ] GC(68) User=0.00s Sys=0.00s Real=0.02s
[2023-03-04T09:11:07.724+0000][68][safepoint   ] Safepoint "G1CollectForAllocation", Time since last: 563919384 ns, Reaching safepoint: 37816 ns, At safepoint: 24477528 ns, Total: 24515344 ns
[2023-03-04T09:11:08.737+0000][68][safepoint   ] Safepoint "Cleanup", Time since last: 1013541550 ns, Reaching safepoint: 183813 ns, At safepoint: 12202 ns, Total: 196015 ns
[2023-03-04T09:11:09.739+0000][68][safepoint   ] Safepoint "Cleanup", Time since last: 1001169934 ns, Reaching safepoint: 159884 ns, At safepoint: 4805 ns, Total: 164689 ns
[2023-03-04T09:11:10.740+0000][68][safepoint   ] Safepoint "Cleanup", Time since last: 1001212746 ns, Reaching safepoint: 142421 ns, At safepoint: 8669 ns, Total: 151090 ns
[2023-03-04T09:11:12.743+0000][68][safepoint   ] Safepoint "Cleanup", Time since last: 2002426814 ns, Reaching safepoint: 481167 ns, At safepoint: 79382 ns, Total: 560549 ns
[2023-03-04T09:11:13.746+0000][68][safepoint   ] Safepoint "Cleanup", Time since last: 1002505696 ns, Reaching safepoint: 286500 ns, At safepoint: 47775 ns, Total: 334275 ns
[2023-03-04T09:11:14.748+0000][68][safepoint   ] Safepoint "Cleanup", Time since last: 1001598374 ns, Reaching safepoint: 148135 ns, At safepoint: 7083 ns, Total: 155218 ns
[2023-03-04T09:11:15.751+0000][68][safepoint   ] Safepoint "Cleanup", Time since last: 1002313277 ns, Reaching safepoint: 826599 ns, At safepoint: 58516 ns, Total: 885115 ns
[2023-03-04T09:11:16.754+0000][68][safepoint   ] Safepoint "Cleanup", Time since last: 1002123067 ns, Reaching safepoint: 510280 ns, At safepoint: 8422 ns, Total: 518702 ns
[2023-03-04T09:11:18.760+0000][68][safepoint   ] Safepoint "Cleanup", Time since last: 2006012437 ns, Reaching safepoint: 96325 ns, At safepoint: 4397 ns, Total: 100722 ns
[2023-03-04T09:11:19.761+0000][68][safepoint   ] Safepoint "Cleanup", Time since last: 1000714814 ns, Reaching safepoint: 119461 ns, At safepoint: 4627 ns, Total: 124088 ns
[2023-03-04T09:11:20.763+0000][68][safepoint   ] Safepoint "Cleanup", Time since last: 1002196898 ns, Reaching safepoint: 83814 ns, At safepoint: 3289 ns, Total: 87103 ns
[2023-03-04T09:11:21.770+0000][68][safepoint   ] Safepoint "Cleanup", Time since last: 1007042809 ns, Reaching safepoint: 80757 ns, At safepoint: 3037 ns, Total: 83794 ns
[2023-03-04T09:11:22.780+0000][68][safepoint   ] Safepoint "Cleanup", Time since last: 1010278047 ns, Reaching safepoint: 154693 ns, At safepoint: 40566 ns, Total: 195259 ns
[2023-03-04T09:11:23.782+0000][68][safepoint   ] Safepoint "Cleanup", Time since last: 1001384175 ns, Reaching safepoint: 161577 ns, At safepoint: 7101 ns, Total: 168678 ns
[2023-03-04T09:11:24.784+0000][68][safepoint   ] Safepoint "Cleanup", Time since last: 1001967644 ns, Reaching safepoint: 79855 ns, At safepoint: 4706 ns, Total: 84561 ns
[2023-03-04T09:11:25.785+0000][68][safepoint   ] Safepoint "Cleanup", Time since last: 1000791469 ns, Reaching safepoint: 152141 ns, At safepoint: 4143 ns, Total: 156284 ns
[2023-03-04T09:11:27.719+0000][68][gc,start    ] GC(69) Pause Young (Normal) (G1 Evacuation Pause)
[2023-03-04T09:11:27.720+0000][68][gc,task     ] GC(69) Using 4 workers of 4 for evacuation
[2023-03-04T09:11:27.720+0000][68][gc,age      ] GC(69) Desired survivor size 6291456 bytes, new threshold 15 (max threshold 15)
[2023-03-04T09:11:27.726+0000][68][gc,phases   ] GC(69)   Pre Evacuate Collection Set: 0.2ms
[2023-03-04T09:11:27.726+0000][68][gc,phases   ] GC(69)   Merge Heap Roots: 0.1ms
[2023-03-04T09:11:27.727+0000][68][gc,phases   ] GC(69)   Evacuate Collection Set: 3.6ms
[2023-03-04T09:11:27.728+0000][68][gc,phases   ] GC(69)   Post Evacuate Collection Set: 0.9ms
[2023-03-04T09:11:27.729+0000][68][gc,phases   ] GC(69)   Other: 1.4ms
[2023-03-04T09:11:27.729+0000][68][gc,age      ] GC(69) Age table with threshold 15 (max threshold 15)
[2023-03-04T09:11:27.730+0000][68][gc,age      ] GC(69) - age   1:    2027032 bytes,    2027032 total
[2023-03-04T09:11:27.730+0000][68][gc,age      ] GC(69) - age   2:      34944 bytes,    2061976 total
[2023-03-04T09:11:27.731+0000][68][gc,age      ] GC(69) - age   3:       8872 bytes,    2070848 total
[2023-03-04T09:11:27.731+0000][68][gc,age      ] GC(69) - age   4:     779168 bytes,    2850016 total
[2023-03-04T09:11:27.732+0000][68][gc,heap     ] GC(69) Eden regions: 20->0(20)
[2023-03-04T09:11:27.732+0000][68][gc,heap     ] GC(69) Survivor regions: 1->1(3)
[2023-03-04T09:11:27.733+0000][68][gc,heap     ] GC(69) Old regions: 27->27
[2023-03-04T09:11:27.733+0000][68][gc,heap     ] GC(69) Archive regions: 2->2
[2023-03-04T09:11:27.734+0000][68][gc,heap     ] GC(69) Humongous regions: 2->2
[2023-03-04T09:11:27.734+0000][68][gc,metaspace] GC(69) Metaspace: 139969K(143744K)->139969K(143744K) NonClass: 121767K(123520K)->121767K(123520K) Class: 18201K(20224K)->18201K(20224K)
[2023-03-04T09:11:27.735+0000][68][gc          ] GC(69) Pause Young (Normal) (G1 Evacuation Pause) 199M->120M(256M) 16.119ms
[2023-03-04T09:11:27.736+0000][68][gc,cpu      ] GC(69) User=0.01s Sys=0.00s Real=0.02s
[2023-03-04T09:11:27.736+0000][68][safepoint   ] Safepoint "G1CollectForAllocation", Time since last: 1956485931 ns, Reaching safepoint: 62710 ns, At safepoint: 17226974 ns, Total: 17289684 ns
[2023-03-04T09:11:28.737+0000][68][safepoint   ] Safepoint "Cleanup", Time since last: 1001066303 ns, Reaching safepoint: 211822 ns, At safepoint: 73806 ns, Total: 285628 ns
[2023-03-04T09:11:29.742+0000][68][safepoint   ] Safepoint "Cleanup", Time since last: 1003093591 ns, Reaching safepoint: 927444 ns, At safepoint: 44282 ns, Total: 971726 ns
[2023-03-04T09:11:30.745+0000][68][safepoint   ] Safepoint "Cleanup", Time since last: 1003528805 ns, Reaching safepoint: 91370 ns, At safepoint: 4947 ns, Total: 96317 ns
[2023-03-04T09:11:31.747+0000][68][safepoint   ] Safepoint "Cleanup", Time since last: 1001843142 ns, Reaching safepoint: 253771 ns, At safepoint: 11433 ns, Total: 265204 ns
[2023-03-04T09:11:33.751+0000][68][safepoint   ] Safepoint "Cleanup", Time since last: 2004069282 ns, Reaching safepoint: 169675 ns, At safepoint: 12010 ns, Total: 181685 ns
[2023-03-04T09:11:35.757+0000][68][safepoint   ] Safepoint "Cleanup", Time since last: 2004993709 ns, Reaching safepoint: 285608 ns, At safepoint: 13000 ns, Total: 298608 ns
[2023-03-04T09:11:36.760+0000][68][safepoint   ] Safepoint "Cleanup", Time since last: 1002546760 ns, Reaching safepoint: 213788 ns, At safepoint: 7995 ns, Total: 221783 ns
[2023-03-04T09:11:37.761+0000][68][safepoint   ] Safepoint "Cleanup", Time since last: 1000951254 ns, Reaching safepoint: 98840 ns, At safepoint: 39402 ns, Total: 138242 ns
[2023-03-04T09:11:39.293+0000][68][safepoint   ] Safepoint "Cleanup", Time since last: 1531118622 ns, Reaching safepoint: 553162 ns, At safepoint: 210901 ns, Total: 764063 ns
[2023-03-04T09:11:40.295+0000][68][safepoint   ] Safepoint "Cleanup", Time since last: 1002417546 ns, Reaching safepoint: 268918 ns, At safepoint: 68995 ns, Total: 337913 ns
[2023-03-04T09:11:42.299+0000][68][safepoint   ] Safepoint "Cleanup", Time since last: 2003100758 ns, Reaching safepoint: 488538 ns, At safepoint: 87938 ns, Total: 576476 ns
[2023-03-04T09:11:43.301+0000][68][safepoint   ] Safepoint "Cleanup", Time since last: 1002325736 ns, Reaching safepoint: 192843 ns, At safepoint: 20505 ns, Total: 213348 ns
[2023-03-04T09:11:46.305+0000][68][safepoint   ] Safepoint "Cleanup", Time since last: 3003260572 ns, Reaching safepoint: 90017 ns, At safepoint: 3057 ns, Total: 93074 ns
[2023-03-04T09:11:47.304+0000][68][gc,start    ] GC(70) Pause Young (Concurrent Start) (G1 Evacuation Pause)
[2023-03-04T09:11:47.310+0000][68][gc,task     ] GC(70) Using 4 workers of 4 for evacuation
[2023-03-04T09:11:47.312+0000][68][gc,age      ] GC(70) Desired survivor size 6291456 bytes, new threshold 15 (max threshold 15)
[2023-03-04T09:11:47.324+0000][68][gc,phases   ] GC(70)   Pre Evacuate Collection Set: 1.3ms
[2023-03-04T09:11:47.325+0000][68][gc,phases   ] GC(70)   Merge Heap Roots: 0.3ms
[2023-03-04T09:11:47.326+0000][68][gc,phases   ] GC(70)   Evacuate Collection Set: 5.9ms
[2023-03-04T09:11:47.327+0000][68][gc,phases   ] GC(70)   Post Evacuate Collection Set: 1.7ms
[2023-03-04T09:11:47.329+0000][68][gc,phases   ] GC(70)   Other: 5.1ms
[2023-03-04T09:11:47.330+0000][68][gc,age      ] GC(70) Age table with threshold 15 (max threshold 15)
[2023-03-04T09:11:47.331+0000][68][gc,age      ] GC(70) - age   1:    1085680 bytes,    1085680 total
[2023-03-04T09:11:47.332+0000][68][gc,age      ] GC(70) - age   2:     545128 bytes,    1630808 total
[2023-03-04T09:11:47.333+0000][68][gc,age      ] GC(70) - age   3:      20632 bytes,    1651440 total
[2023-03-04T09:11:47.334+0000][68][gc,age      ] GC(70) - age   4:       8600 bytes,    1660040 total
[2023-03-04T09:11:47.335+0000][68][gc,age      ] GC(70) - age   5:     779008 bytes,    2439048 total
[2023-03-04T09:11:47.336+0000][68][gc,heap     ] GC(70) Eden regions: 20->0(20)
[2023-03-04T09:11:47.337+0000][68][gc,heap     ] GC(70) Survivor regions: 1->1(3)
[2023-03-04T09:11:47.337+0000][68][gc,heap     ] GC(70) Old regions: 27->27
[2023-03-04T09:11:47.338+0000][68][gc,heap     ] GC(70) Archive regions: 2->2
[2023-03-04T09:11:47.339+0000][68][gc,heap     ] GC(70) Humongous regions: 2->2
[2023-03-04T09:11:47.339+0000][68][gc,metaspace] GC(70) Metaspace: 140075K(143808K)->140075K(143808K) NonClass: 121874K(123584K)->121874K(123584K) Class: 18201K(20224K)->18201K(20224K)
[2023-03-04T09:11:47.340+0000][68][gc          ] GC(70) Pause Young (Concurrent Start) (G1 Evacuation Pause) 200M->120M(256M) 35.432ms
[2023-03-04T09:11:47.341+0000][68][gc          ] GC(71) Concurrent Mark Cycle
[2023-03-04T09:11:47.341+0000][68][gc,marking  ] GC(71) Concurrent Clear Claimed Marks
[2023-03-04T09:11:47.341+0000][68][gc,cpu      ] GC(70) User=0.02s Sys=0.00s Real=0.04s
[2023-03-04T09:11:47.342+0000][68][gc,marking  ] GC(71) Concurrent Clear Claimed Marks 1.032ms
[2023-03-04T09:11:47.343+0000][68][safepoint   ] Safepoint "G1CollectForAllocation", Time since last: 999371002 ns, Reaching safepoint: 102391 ns, At safepoint: 38662256 ns, Total: 38764647 ns
[2023-03-04T09:11:47.344+0000][68][gc,marking  ] GC(71) Concurrent Scan Root Regions
[2023-03-04T09:11:47.347+0000][68][gc,marking  ] GC(71) Concurrent Scan Root Regions 3.453ms
[2023-03-04T09:11:47.348+0000][68][gc,marking  ] GC(71) Concurrent Mark
[2023-03-04T09:11:47.348+0000][68][gc,marking  ] GC(71) Concurrent Mark From Roots
[2023-03-04T09:11:47.348+0000][68][gc,task     ] GC(71) Using 1 workers of 1 for marking
[2023-03-04T09:11:47.460+0000][68][gc,marking  ] GC(71) Concurrent Mark From Roots 111.689ms
[2023-03-04T09:11:47.461+0000][68][gc,marking  ] GC(71) Concurrent Preclean
[2023-03-04T09:11:47.462+0000][68][gc,marking  ] GC(71) Concurrent Preclean 0.851ms
[2023-03-04T09:11:47.462+0000][68][gc,start    ] GC(71) Pause Remark
[2023-03-04T09:11:47.478+0000][68][gc          ] GC(71) Pause Remark 120M->120M(256M) 15.133ms
[2023-03-04T09:11:47.479+0000][68][gc,cpu      ] GC(71) User=0.05s Sys=0.00s Real=0.02s
[2023-03-04T09:11:47.480+0000][68][safepoint   ] Safepoint "G1PauseRemark", Time since last: 119264537 ns, Reaching safepoint: 117935 ns, At safepoint: 17313429 ns, Total: 17431364 ns
[2023-03-04T09:11:47.480+0000][68][gc,marking  ] GC(71) Concurrent Mark 132.766ms
[2023-03-04T09:11:47.481+0000][68][gc,marking  ] GC(71) Concurrent Rebuild Remembered Sets
[2023-03-04T09:11:47.543+0000][68][gc,marking  ] GC(71) Concurrent Rebuild Remembered Sets 61.688ms
[2023-03-04T09:11:47.544+0000][68][gc,start    ] GC(71) Pause Cleanup
[2023-03-04T09:11:47.545+0000][68][gc          ] GC(71) Pause Cleanup 120M->120M(256M) 0.951ms
[2023-03-04T09:11:47.546+0000][68][gc,cpu      ] GC(71) User=0.00s Sys=0.00s Real=0.01s
[2023-03-04T09:11:47.547+0000][68][safepoint   ] Safepoint "G1PauseCleanup", Time since last: 64003114 ns, Reaching safepoint: 84988 ns, At safepoint: 2765791 ns, Total: 2850779 ns
[2023-03-04T09:11:47.547+0000][68][gc,marking  ] GC(71) Concurrent Cleanup for Next Mark
[2023-03-04T09:11:47.548+0000][68][gc,marking  ] GC(71) Concurrent Cleanup for Next Mark 0.715ms
[2023-03-04T09:11:47.548+0000][68][gc          ] GC(71) Concurrent Mark Cycle 207.613ms
[2023-03-04T09:11:49.548+0000][68][safepoint   ] Safepoint "Cleanup", Time since last: 2001075706 ns, Reaching safepoint: 186773 ns, At safepoint: 17400 ns, Total: 204173 ns
[2023-03-04T09:11:52.554+0000][68][safepoint   ] Safepoint "Cleanup", Time since last: 3005979642 ns, Reaching safepoint: 382671 ns, At safepoint: 11033 ns, Total: 393704 ns
[2023-03-04T09:11:53.558+0000][68][safepoint   ] Safepoint "Cleanup", Time since last: 1003724152 ns, Reaching safepoint: 534726 ns, At safepoint: 16736 ns, Total: 551462 ns
[2023-03-04T09:11:55.563+0000][68][safepoint   ] Safepoint "Cleanup", Time since last: 2003982313 ns, Reaching safepoint: 512243 ns, At safepoint: 104171 ns, Total: 616414 ns
[2023-03-04T09:11:56.568+0000][68][safepoint   ] Safepoint "Cleanup", Time since last: 1004381701 ns, Reaching safepoint: 490171 ns, At safepoint: 14710 ns, Total: 504881 ns
[2023-03-04T09:11:58.553+0000][68][safepoint   ] Safepoint "Cleanup", Time since last: 2007213423 ns, Reaching safepoint: 312863 ns, At safepoint: 24173 ns, Total: 337036 ns
[2023-03-04T09:12:04.564+0000][68][safepoint   ] Safepoint "Cleanup", Time since last: 6010284389 ns, Reaching safepoint: 521343 ns, At safepoint: 24176 ns, Total: 545519 ns
[2023-03-04T09:12:07.315+0000][68][gc,start    ] GC(72) Pause Young (Prepare Mixed) (G1 Evacuation Pause)
[2023-03-04T09:12:07.316+0000][68][gc,task     ] GC(72) Using 4 workers of 4 for evacuation
[2023-03-04T09:12:07.316+0000][68][gc,age      ] GC(72) Desired survivor size 6291456 bytes, new threshold 15 (max threshold 15)
[2023-03-04T09:12:07.319+0000][68][gc,phases   ] GC(72)   Pre Evacuate Collection Set: 0.1ms
[2023-03-04T09:12:07.320+0000][68][gc,phases   ] GC(72)   Merge Heap Roots: 0.0ms
[2023-03-04T09:12:07.320+0000][68][gc,phases   ] GC(72)   Evacuate Collection Set: 1.9ms
[2023-03-04T09:12:07.321+0000][68][gc,phases   ] GC(72)   Post Evacuate Collection Set: 0.7ms
[2023-03-04T09:12:07.321+0000][68][gc,phases   ] GC(72)   Other: 1.0ms
[2023-03-04T09:12:07.322+0000][68][gc,age      ] GC(72) Age table with threshold 15 (max threshold 15)
[2023-03-04T09:12:07.322+0000][68][gc,age      ] GC(72) - age   1:     979024 bytes,     979024 total
[2023-03-04T09:12:07.323+0000][68][gc,age      ] GC(72) - age   2:      67008 bytes,    1046032 total
[2023-03-04T09:12:07.323+0000][68][gc,age      ] GC(72) - age   3:     542584 bytes,    1588616 total
[2023-03-04T09:12:07.323+0000][68][gc,age      ] GC(72) - age   4:      12880 bytes,    1601496 total
[2023-03-04T09:12:07.324+0000][68][gc,age      ] GC(72) - age   5:       1400 bytes,    1602896 total
[2023-03-04T09:12:07.324+0000][68][gc,age      ] GC(72) - age   6:     762688 bytes,    2365584 total
[2023-03-04T09:12:07.325+0000][68][gc,heap     ] GC(72) Eden regions: 20->0(2)
[2023-03-04T09:12:07.326+0000][68][gc,heap     ] GC(72) Survivor regions: 1->1(3)
[2023-03-04T09:12:07.326+0000][68][gc,heap     ] GC(72) Old regions: 27->27
[2023-03-04T09:12:07.327+0000][68][gc,heap     ] GC(72) Archive regions: 2->2
[2023-03-04T09:12:07.327+0000][68][gc,heap     ] GC(72) Humongous regions: 2->2
[2023-03-04T09:12:07.328+0000][68][gc,metaspace] GC(72) Metaspace: 140064K(143808K)->140064K(143808K) NonClass: 121879K(123584K)->121879K(123584K) Class: 18185K(20224K)->18185K(20224K)
[2023-03-04T09:12:07.328+0000][68][gc          ] GC(72) Pause Young (Prepare Mixed) (G1 Evacuation Pause) 200M->119M(256M) 13.468ms
[2023-03-04T09:12:07.329+0000][68][gc,cpu      ] GC(72) User=0.01s Sys=0.00s Real=0.01s
[2023-03-04T09:12:07.330+0000][68][safepoint   ] Safepoint "G1CollectForAllocation", Time since last: 2750668128 ns, Reaching safepoint: 96308 ns, At safepoint: 14863423 ns, Total: 14959731 ns
[2023-03-04T09:12:08.017+0000][68][gc,start    ] GC(73) Pause Young (Mixed) (G1 Evacuation Pause)
[2023-03-04T09:12:08.018+0000][68][gc,task     ] GC(73) Using 4 workers of 4 for evacuation
[2023-03-04T09:12:08.018+0000][68][gc,age      ] GC(73) Desired survivor size 2097152 bytes, new threshold 6 (max threshold 15)
[2023-03-04T09:12:08.025+0000][68][gc,phases   ] GC(73)   Pre Evacuate Collection Set: 0.3ms
[2023-03-04T09:12:08.025+0000][68][gc,phases   ] GC(73)   Merge Heap Roots: 0.3ms
[2023-03-04T09:12:08.026+0000][68][gc,phases   ] GC(73)   Evacuate Collection Set: 3.8ms
[2023-03-04T09:12:08.026+0000][68][gc,phases   ] GC(73)   Post Evacuate Collection Set: 1.2ms
[2023-03-04T09:12:08.027+0000][68][gc,phases   ] GC(73)   Other: 1.2ms
[2023-03-04T09:12:08.027+0000][68][gc,age      ] GC(73) Age table with threshold 6 (max threshold 15)
[2023-03-04T09:12:08.028+0000][68][gc,age      ] GC(73) - age   1:    1157464 bytes,    1157464 total
[2023-03-04T09:12:08.029+0000][68][gc,age      ] GC(73) - age   2:     649736 bytes,    1807200 total
[2023-03-04T09:12:08.030+0000][68][gc,age      ] GC(73) - age   3:      66880 bytes,    1874080 total
[2023-03-04T09:12:08.030+0000][68][gc,age      ] GC(73) - age   4:     541616 bytes,    2415696 total
[2023-03-04T09:12:08.031+0000][68][gc,age      ] GC(73) - age   5:      12816 bytes,    2428512 total
[2023-03-04T09:12:08.031+0000][68][gc,age      ] GC(73) - age   6:       1400 bytes,    2429912 total
[2023-03-04T09:12:08.032+0000][68][gc,heap     ] GC(73) Eden regions: 2->0(20)
[2023-03-04T09:12:08.032+0000][68][gc,heap     ] GC(73) Survivor regions: 1->1(1)
[2023-03-04T09:12:08.033+0000][68][gc,heap     ] GC(73) Old regions: 27->27
[2023-03-04T09:12:08.034+0000][68][gc,heap     ] GC(73) Archive regions: 2->2
[2023-03-04T09:12:08.034+0000][68][gc,heap     ] GC(73) Humongous regions: 2->2
[2023-03-04T09:12:08.035+0000][68][gc,metaspace] GC(73) Metaspace: 140075K(143808K)->140075K(143808K) NonClass: 121890K(123584K)->121890K(123584K) Class: 18185K(20224K)->18185K(20224K)
[2023-03-04T09:12:08.035+0000][68][gc          ] GC(73) Pause Young (Mixed) (G1 Evacuation Pause) 127M->118M(256M) 18.551ms
[2023-03-04T09:12:08.036+0000][68][gc,cpu      ] GC(73) User=0.02s Sys=0.01s Real=0.02s
[2023-03-04T09:12:08.037+0000][68][safepoint   ] Safepoint "G1CollectForAllocation", Time since last: 686064215 ns, Reaching safepoint: 657709 ns, At safepoint: 20240162 ns, Total: 20897871 ns
[2023-03-04T09:12:09.038+0000][68][safepoint   ] Safepoint "Cleanup", Time since last: 1001170426 ns, Reaching safepoint: 193848 ns, At safepoint: 47214 ns, Total: 241062 ns
[2023-03-04T09:12:10.040+0000][68][safepoint   ] Safepoint "Cleanup", Time since last: 1001788109 ns, Reaching safepoint: 273952 ns, At safepoint: 7551 ns, Total: 281503 ns
[2023-03-04T09:12:11.043+0000][68][safepoint   ] Safepoint "Cleanup", Time since last: 1001806554 ns, Reaching safepoint: 809454 ns, At safepoint: 18835 ns, Total: 828289 ns
[2023-03-04T09:12:12.047+0000][68][safepoint   ] Safepoint "Cleanup", Time since last: 1003701443 ns, Reaching safepoint: 406663 ns, At safepoint: 9808 ns, Total: 416471 ns
[2023-03-04T09:12:13.050+0000][68][safepoint   ] Safepoint "Cleanup", Time since last: 1002665555 ns, Reaching safepoint: 177234 ns, At safepoint: 26464 ns, Total: 203698 ns
[2023-03-04T09:12:14.053+0000][68][safepoint   ] Safepoint "Cleanup", Time since last: 1001687804 ns, Reaching safepoint: 952989 ns, At safepoint: 49725 ns, Total: 1002714 ns
[2023-03-04T09:12:15.057+0000][68][safepoint   ] Safepoint "Cleanup", Time since last: 1004318441 ns, Reaching safepoint: 464932 ns, At safepoint: 28678 ns, Total: 493610 ns
[2023-03-04T09:12:16.061+0000][68][safepoint   ] Safepoint "Cleanup", Time since last: 1003109044 ns, Reaching safepoint: 236746 ns, At safepoint: 27249 ns, Total: 263995 ns
[2023-03-04T09:12:19.065+0000][68][safepoint   ] Safepoint "Cleanup", Time since last: 3003821452 ns, Reaching safepoint: 139076 ns, At safepoint: 3706 ns, Total: 142782 ns
[2023-03-04T09:12:21.068+0000][68][safepoint   ] Safepoint "Cleanup", Time since last: 2003017293 ns, Reaching safepoint: 344897 ns, At safepoint: 25810 ns, Total: 370707 ns
[2023-03-04T09:12:22.071+0000][68][safepoint   ] Safepoint "Cleanup", Time since last: 1002090390 ns, Reaching safepoint: 339339 ns, At safepoint: 19779 ns, Total: 359118 ns
[2023-03-04T09:12:25.084+0000][68][safepoint   ] Safepoint "Cleanup", Time since last: 3012771088 ns, Reaching safepoint: 707304 ns, At safepoint: 42124 ns, Total: 749428 ns
[2023-03-04T09:12:25.759+0000][68][gc,start    ] GC(74) Pause Young (Normal) (G1 Evacuation Pause)
[2023-03-04T09:12:25.759+0000][68][gc,task     ] GC(74) Using 4 workers of 4 for evacuation
[2023-03-04T09:12:25.760+0000][68][gc,age      ] GC(74) Desired survivor size 6291456 bytes, new threshold 15 (max threshold 15)
[2023-03-04T09:12:25.763+0000][68][gc,phases   ] GC(74)   Pre Evacuate Collection Set: 0.1ms
[2023-03-04T09:12:25.764+0000][68][gc,phases   ] GC(74)   Merge Heap Roots: 0.1ms
[2023-03-04T09:12:25.765+0000][68][gc,phases   ] GC(74)   Evacuate Collection Set: 2.0ms
[2023-03-04T09:12:25.765+0000][68][gc,phases   ] GC(74)   Post Evacuate Collection Set: 1.0ms
[2023-03-04T09:12:25.765+0000][68][gc,phases   ] GC(74)   Other: 1.0ms
[2023-03-04T09:12:25.766+0000][68][gc,age      ] GC(74) Age table with threshold 15 (max threshold 15)
[2023-03-04T09:12:25.766+0000][68][gc,age      ] GC(74) - age   1:    1650928 bytes,    1650928 total
[2023-03-04T09:12:25.766+0000][68][gc,age      ] GC(74) - age   2:     124560 bytes,    1775488 total
[2023-03-04T09:12:25.767+0000][68][gc,age      ] GC(74) - age   3:      55608 bytes,    1831096 total
[2023-03-04T09:12:25.767+0000][68][gc,age      ] GC(74) - age   4:      40384 bytes,    1871480 total
[2023-03-04T09:12:25.768+0000][68][gc,age      ] GC(74) - age   5:     398320 bytes,    2269800 total
[2023-03-04T09:12:25.768+0000][68][gc,age      ] GC(74) - age   6:      12688 bytes,    2282488 total
[2023-03-04T09:12:25.769+0000][68][gc,age      ] GC(74) - age   7:       1400 bytes,    2283888 total
[2023-03-04T09:12:25.769+0000][68][gc,heap     ] GC(74) Eden regions: 20->0(20)
[2023-03-04T09:12:25.770+0000][68][gc,heap     ] GC(74) Survivor regions: 1->1(3)
[2023-03-04T09:12:25.770+0000][68][gc,heap     ] GC(74) Old regions: 27->27
[2023-03-04T09:12:25.770+0000][68][gc,heap     ] GC(74) Archive regions: 2->2
[2023-03-04T09:12:25.771+0000][68][gc,heap     ] GC(74) Humongous regions: 2->2
[2023-03-04T09:12:25.771+0000][68][gc,metaspace] GC(74) Metaspace: 140227K(143936K)->140227K(143936K) NonClass: 122040K(123712K)->122040K(123712K) Class: 18186K(20224K)->18186K(20224K)
[2023-03-04T09:12:25.772+0000][68][gc          ] GC(74) Pause Young (Normal) (G1 Evacuation Pause) 198M->118M(256M) 13.192ms
[2023-03-04T09:12:25.772+0000][68][gc,cpu      ] GC(74) User=0.01s Sys=0.00s Real=0.01s
[2023-03-04T09:12:25.773+0000][68][safepoint   ] Safepoint "G1CollectForAllocation", Time since last: 674366862 ns, Reaching safepoint: 117769 ns, At safepoint: 14004929 ns, Total: 14122698 ns
[2023-03-04T09:12:26.774+0000][68][safepoint   ] Safepoint "Cleanup", Time since last: 1000874732 ns, Reaching safepoint: 112015 ns, At safepoint: 5108 ns, Total: 117123 ns
[2023-03-04T09:12:27.754+0000][68][safepoint   ] Safepoint "Cleanup", Time since last: 1002858169 ns, Reaching safepoint: 79899 ns, At safepoint: 7137 ns, Total: 87036 ns
[2023-03-04T09:12:30.759+0000][68][safepoint   ] Safepoint "Cleanup", Time since last: 3004423363 ns, Reaching safepoint: 73475 ns, At safepoint: 6969 ns, Total: 80444 ns
[2023-03-04T09:12:31.761+0000][68][safepoint   ] Safepoint "Cleanup", Time since last: 1001964119 ns, Reaching safepoint: 134958 ns, At safepoint: 7252 ns, Total: 142210 ns
[2023-03-04T09:12:32.763+0000][68][safepoint   ] Safepoint "Cleanup", Time since last: 1002317841 ns, Reaching safepoint: 83168 ns, At safepoint: 5776 ns, Total: 88944 ns
[2023-03-04T09:12:36.769+0000][68][safepoint   ] Safepoint "Cleanup", Time since last: 4004926588 ns, Reaching safepoint: 164226 ns, At safepoint: 12597 ns, Total: 176823 ns
[2023-03-04T09:12:37.772+0000][68][safepoint   ] Safepoint "Cleanup", Time since last: 1002654389 ns, Reaching safepoint: 513071 ns, At safepoint: 33908 ns, Total: 546979 ns
[2023-03-04T09:12:39.777+0000][68][safepoint   ] Safepoint "Cleanup", Time since last: 2005050016 ns, Reaching safepoint: 129890 ns, At safepoint: 5570 ns, Total: 135460 ns
[2023-03-04T09:12:42.780+0000][68][safepoint   ] Safepoint "Cleanup", Time since last: 3002804808 ns, Reaching safepoint: 84785 ns, At safepoint: 3528 ns, Total: 88313 ns
[2023-03-04T09:12:43.781+0000][68][safepoint   ] Safepoint "Cleanup", Time since last: 1001219313 ns, Reaching safepoint: 97323 ns, At safepoint: 3369 ns, Total: 100692 ns
[2023-03-04T09:12:44.783+0000][68][safepoint   ] Safepoint "Cleanup", Time since last: 1001734261 ns, Reaching safepoint: 339118 ns, At safepoint: 15037 ns, Total: 354155 ns
[2023-03-04T09:12:45.786+0000][68][safepoint   ] Safepoint "Cleanup", Time since last: 1002468571 ns, Reaching safepoint: 392910 ns, At safepoint: 10370 ns, Total: 403280 ns
[2023-03-04T09:12:48.792+0000][68][safepoint   ] Safepoint "Cleanup", Time since last: 3005385009 ns, Reaching safepoint: 108301 ns, At safepoint: 7076 ns, Total: 115377 ns
[2023-03-04T09:12:51.651+0000][68][gc,start    ] GC(75) Pause Young (Normal) (G1 Evacuation Pause)
[2023-03-04T09:12:51.653+0000][68][gc,task     ] GC(75) Using 4 workers of 4 for evacuation
[2023-03-04T09:12:51.654+0000][68][gc,age      ] GC(75) Desired survivor size 6291456 bytes, new threshold 15 (max threshold 15)
[2023-03-04T09:12:51.659+0000][68][gc,phases   ] GC(75)   Pre Evacuate Collection Set: 0.1ms
[2023-03-04T09:12:51.660+0000][68][gc,phases   ] GC(75)   Merge Heap Roots: 0.1ms
[2023-03-04T09:12:51.661+0000][68][gc,phases   ] GC(75)   Evacuate Collection Set: 3.5ms
[2023-03-04T09:12:51.661+0000][68][gc,phases   ] GC(75)   Post Evacuate Collection Set: 1.2ms
[2023-03-04T09:12:51.662+0000][68][gc,phases   ] GC(75)   Other: 1.7ms
[2023-03-04T09:12:51.662+0000][68][gc,age      ] GC(75) Age table with threshold 15 (max threshold 15)
[2023-03-04T09:12:51.663+0000][68][gc,age      ] GC(75) - age   1:     765040 bytes,     765040 total
[2023-03-04T09:12:51.663+0000][68][gc,age      ] GC(75) - age   2:     403152 bytes,    1168192 total
[2023-03-04T09:12:51.664+0000][68][gc,age      ] GC(75) - age   3:     120976 bytes,    1289168 total
[2023-03-04T09:12:51.664+0000][68][gc,age      ] GC(75) - age   4:      42944 bytes,    1332112 total
[2023-03-04T09:12:51.665+0000][68][gc,age      ] GC(75) - age   5:      39880 bytes,    1371992 total
[2023-03-04T09:12:51.666+0000][68][gc,age      ] GC(75) - age   6:      85824 bytes,    1457816 total
[2023-03-04T09:12:51.666+0000][68][gc,age      ] GC(75) - age   7:      12392 bytes,    1470208 total
[2023-03-04T09:12:51.667+0000][68][gc,age      ] GC(75) - age   8:       1400 bytes,    1471608 total
[2023-03-04T09:12:51.667+0000][68][gc,heap     ] GC(75) Eden regions: 20->0(20)
[2023-03-04T09:12:51.668+0000][68][gc,heap     ] GC(75) Survivor regions: 1->1(3)
[2023-03-04T09:12:51.668+0000][68][gc,heap     ] GC(75) Old regions: 27->27
[2023-03-04T09:12:51.669+0000][68][gc,heap     ] GC(75) Archive regions: 2->2
[2023-03-04T09:12:51.669+0000][68][gc,heap     ] GC(75) Humongous regions: 2->2
[2023-03-04T09:12:51.670+0000][68][gc,metaspace] GC(75) Metaspace: 140301K(143936K)->140301K(143936K) NonClass: 122115K(123712K)->122115K(123712K) Class: 18186K(20224K)->18186K(20224K)
[2023-03-04T09:12:51.670+0000][68][gc          ] GC(75) Pause Young (Normal) (G1 Evacuation Pause) 198M->117M(256M) 18.992ms
[2023-03-04T09:12:51.671+0000][68][gc,cpu      ] GC(75) User=0.01s Sys=0.01s Real=0.01s
[2023-03-04T09:12:51.672+0000][68][safepoint   ] Safepoint "G1CollectForAllocation", Time since last: 2859654889 ns, Reaching safepoint: 136109 ns, At safepoint: 20195564 ns, Total: 20331673 ns
[2023-03-04T09:12:53.674+0000][68][safepoint   ] Safepoint "Cleanup", Time since last: 2002038124 ns, Reaching safepoint: 264884 ns, At safepoint: 4838 ns, Total: 269722 ns
[2023-03-04T09:12:54.676+0000][68][safepoint   ] Safepoint "Cleanup", Time since last: 1001617343 ns, Reaching safepoint: 288133 ns, At safepoint: 32210 ns, Total: 320343 ns
[2023-03-04T09:12:55.678+0000][68][safepoint   ] Safepoint "Cleanup", Time since last: 1001855139 ns, Reaching safepoint: 373263 ns, At safepoint: 12548 ns, Total: 385811 ns
[2023-03-04T09:12:56.684+0000][68][safepoint   ] Safepoint "Cleanup", Time since last: 1005592573 ns, Reaching safepoint: 256867 ns, At safepoint: 11924 ns, Total: 268791 ns
[2023-03-04T09:12:57.667+0000][68][safepoint   ] Safepoint "Cleanup", Time since last: 1004505942 ns, Reaching safepoint: 163397 ns, At safepoint: 11800 ns, Total: 175197 ns
[2023-03-04T09:12:59.672+0000][68][safepoint   ] Safepoint "Cleanup", Time since last: 2004440667 ns, Reaching safepoint: 738442 ns, At safepoint: 30161 ns, Total: 768603 ns
[2023-03-04T09:13:00.675+0000][68][safepoint   ] Safepoint "Cleanup", Time since last: 1002442409 ns, Reaching safepoint: 54308 ns, At safepoint: 3560 ns, Total: 57868 ns
[2023-03-04T09:13:01.676+0000][68][safepoint   ] Safepoint "Cleanup", Time since last: 1001110820 ns, Reaching safepoint: 64529 ns, At safepoint: 3272 ns, Total: 67801 ns
[2023-03-04T09:13:03.679+0000][68][safepoint   ] Safepoint "Cleanup", Time since last: 2002938904 ns, Reaching safepoint: 68454 ns, At safepoint: 5375 ns, Total: 73829 ns
[2023-03-04T09:13:04.682+0000][68][safepoint   ] Safepoint "Cleanup", Time since last: 1003304184 ns, Reaching safepoint: 171125 ns, At safepoint: 12553 ns, Total: 183678 ns
[2023-03-04T09:13:07.690+0000][68][safepoint   ] Safepoint "Cleanup", Time since last: 3007438014 ns, Reaching safepoint: 255986 ns, At safepoint: 12797 ns, Total: 268783 ns
[2023-03-04T09:13:09.695+0000][68][safepoint   ] Safepoint "Cleanup", Time since last: 2004597262 ns, Reaching safepoint: 269832 ns, At safepoint: 5911 ns, Total: 275743 ns
[2023-03-04T09:13:10.698+0000][68][safepoint   ] Safepoint "Cleanup", Time since last: 1002315583 ns, Reaching safepoint: 215572 ns, At safepoint: 12559 ns, Total: 228131 ns
[2023-03-04T09:13:12.678+0000][68][gc,start    ] GC(76) Pause Young (Concurrent Start) (G1 Evacuation Pause)
[2023-03-04T09:13:12.678+0000][68][gc,task     ] GC(76) Using 4 workers of 4 for evacuation
[2023-03-04T09:13:12.679+0000][68][gc,age      ] GC(76) Desired survivor size 6291456 bytes, new threshold 15 (max threshold 15)
[2023-03-04T09:13:12.683+0000][68][gc,phases   ] GC(76)   Pre Evacuate Collection Set: 0.4ms
[2023-03-04T09:13:12.684+0000][68][gc,phases   ] GC(76)   Merge Heap Roots: 0.2ms
[2023-03-04T09:13:12.684+0000][68][gc,phases   ] GC(76)   Evacuate Collection Set: 2.7ms
[2023-03-04T09:13:12.685+0000][68][gc,phases   ] GC(76)   Post Evacuate Collection Set: 0.7ms
[2023-03-04T09:13:12.685+0000][68][gc,phases   ] GC(76)   Other: 1.0ms
[2023-03-04T09:13:12.685+0000][68][gc,age      ] GC(76) Age table with threshold 15 (max threshold 15)
[2023-03-04T09:13:12.686+0000][68][gc,age      ] GC(76) - age   1:    1752816 bytes,    1752816 total
[2023-03-04T09:13:12.686+0000][68][gc,age      ] GC(76) - age   2:     457704 bytes,    2210520 total
[2023-03-04T09:13:12.686+0000][68][gc,age      ] GC(76) - age   3:     362640 bytes,    2573160 total
[2023-03-04T09:13:12.687+0000][68][gc,age      ] GC(76) - age   4:      66776 bytes,    2639936 total
[2023-03-04T09:13:12.687+0000][68][gc,age      ] GC(76) - age   5:      41136 bytes,    2681072 total
[2023-03-04T09:13:12.688+0000][68][gc,age      ] GC(76) - age   6:      39264 bytes,    2720336 total
[2023-03-04T09:13:12.688+0000][68][gc,age      ] GC(76) - age   7:      85760 bytes,    2806096 total
[2023-03-04T09:13:12.688+0000][68][gc,age      ] GC(76) - age   8:      12088 bytes,    2818184 total
[2023-03-04T09:13:12.689+0000][68][gc,age      ] GC(76) - age   9:       1400 bytes,    2819584 total
[2023-03-04T09:13:12.689+0000][68][gc,heap     ] GC(76) Eden regions: 20->0(20)
[2023-03-04T09:13:12.689+0000][68][gc,heap     ] GC(76) Survivor regions: 1->1(3)
[2023-03-04T09:13:12.690+0000][68][gc,heap     ] GC(76) Old regions: 27->27
[2023-03-04T09:13:12.691+0000][68][gc,heap     ] GC(76) Archive regions: 2->2
[2023-03-04T09:13:12.691+0000][68][gc,heap     ] GC(76) Humongous regions: 2->2
[2023-03-04T09:13:12.692+0000][68][gc,metaspace] GC(76) Metaspace: 140405K(144000K)->140405K(144000K) NonClass: 122219K(123776K)->122219K(123776K) Class: 18186K(20224K)->18186K(20224K)
[2023-03-04T09:13:12.692+0000][68][gc          ] GC(76) Pause Young (Concurrent Start) (G1 Evacuation Pause) 197M->118M(256M) 14.205ms
[2023-03-04T09:13:12.693+0000][68][gc          ] GC(77) Concurrent Mark Cycle
[2023-03-04T09:13:12.693+0000][68][gc,marking  ] GC(77) Concurrent Clear Claimed Marks
[2023-03-04T09:13:12.693+0000][68][gc,cpu      ] GC(76) User=0.01s Sys=0.01s Real=0.02s
[2023-03-04T09:13:12.694+0000][68][safepoint   ] Safepoint "G1CollectForAllocation", Time since last: 1980102504 ns, Reaching safepoint: 205868 ns, At safepoint: 16314624 ns, Total: 16520492 ns
[2023-03-04T09:13:12.694+0000][68][gc,marking  ] GC(77) Concurrent Clear Claimed Marks 0.787ms
[2023-03-04T09:13:12.695+0000][68][gc,marking  ] GC(77) Concurrent Scan Root Regions
[2023-03-04T09:13:12.698+0000][68][gc,marking  ] GC(77) Concurrent Scan Root Regions 3.006ms
[2023-03-04T09:13:12.699+0000][68][gc,marking  ] GC(77) Concurrent Mark
[2023-03-04T09:13:12.699+0000][68][gc,marking  ] GC(77) Concurrent Mark From Roots
[2023-03-04T09:13:12.699+0000][68][gc,task     ] GC(77) Using 1 workers of 1 for marking
[2023-03-04T09:13:12.818+0000][68][gc,marking  ] GC(77) Concurrent Mark From Roots 118.911ms
[2023-03-04T09:13:12.818+0000][68][gc,marking  ] GC(77) Concurrent Preclean
[2023-03-04T09:13:12.819+0000][68][gc,marking  ] GC(77) Concurrent Preclean 0.710ms
[2023-03-04T09:13:12.820+0000][68][gc,start    ] GC(77) Pause Remark
[2023-03-04T09:13:12.838+0000][68][gc          ] GC(77) Pause Remark 120M->120M(256M) 18.030ms
[2023-03-04T09:13:12.839+0000][68][gc,cpu      ] GC(77) User=0.05s Sys=0.00s Real=0.01s
[2023-03-04T09:13:12.840+0000][68][safepoint   ] Safepoint "G1PauseRemark", Time since last: 125762204 ns, Reaching safepoint: 305600 ns, At safepoint: 19682903 ns, Total: 19988503 ns
[2023-03-04T09:13:12.841+0000][68][gc,marking  ] GC(77) Concurrent Mark 142.017ms
[2023-03-04T09:13:12.841+0000][68][gc,marking  ] GC(77) Concurrent Rebuild Remembered Sets
[2023-03-04T09:13:12.933+0000][68][gc,marking  ] GC(77) Concurrent Rebuild Remembered Sets 91.801ms
[2023-03-04T09:13:12.934+0000][68][gc,start    ] GC(77) Pause Cleanup
[2023-03-04T09:13:12.935+0000][68][gc          ] GC(77) Pause Cleanup 122M->122M(256M) 0.624ms
[2023-03-04T09:13:12.935+0000][68][gc,cpu      ] GC(77) User=0.00s Sys=0.00s Real=0.00s
[2023-03-04T09:13:12.936+0000][68][safepoint   ] Safepoint "G1PauseCleanup", Time since last: 94110451 ns, Reaching safepoint: 64801 ns, At safepoint: 1648588 ns, Total: 1713389 ns
[2023-03-04T09:13:12.936+0000][68][gc,marking  ] GC(77) Concurrent Cleanup for Next Mark
[2023-03-04T09:13:12.937+0000][68][gc,marking  ] GC(77) Concurrent Cleanup for Next Mark 1.240ms
[2023-03-04T09:13:12.938+0000][68][gc          ] GC(77) Concurrent Mark Cycle 245.672ms
[2023-03-04T09:13:13.937+0000][68][safepoint   ] Safepoint "Cleanup", Time since last: 1001478151 ns, Reaching safepoint: 295602 ns, At safepoint: 8003 ns, Total: 303605 ns
[2023-03-04T09:13:15.942+0000][68][safepoint   ] Safepoint "Cleanup", Time since last: 2003983384 ns, Reaching safepoint: 150812 ns, At safepoint: 6665 ns, Total: 157477 ns
[2023-03-04T09:13:17.944+0000][68][safepoint   ] Safepoint "Cleanup", Time since last: 2001661587 ns, Reaching safepoint: 348335 ns, At safepoint: 7750 ns, Total: 356085 ns
[2023-03-04T09:13:18.947+0000][68][safepoint   ] Safepoint "Cleanup", Time since last: 1002922829 ns, Reaching safepoint: 143700 ns, At safepoint: 5856 ns, Total: 149556 ns
[2023-03-04T09:13:19.949+0000][68][safepoint   ] Safepoint "Cleanup", Time since last: 1001437456 ns, Reaching safepoint: 503926 ns, At safepoint: 29089 ns, Total: 533015 ns
[2023-03-04T09:13:22.955+0000][68][safepoint   ] Safepoint "Cleanup", Time since last: 3005814690 ns, Reaching safepoint: 177313 ns, At safepoint: 12279 ns, Total: 189592 ns
[2023-03-04T09:13:24.961+0000][68][safepoint   ] Safepoint "Cleanup", Time since last: 2006077702 ns, Reaching safepoint: 448442 ns, At safepoint: 18068 ns, Total: 466510 ns
[2023-03-04T09:13:25.964+0000][68][safepoint   ] Safepoint "Cleanup", Time since last: 1002426229 ns, Reaching safepoint: 91179 ns, At safepoint: 26670 ns, Total: 117849 ns
[2023-03-04T09:13:28.948+0000][68][safepoint   ] Safepoint "Cleanup", Time since last: 3005839059 ns, Reaching safepoint: 564788 ns, At safepoint: 22736 ns, Total: 587524 ns
[2023-03-04T09:13:30.953+0000][68][safepoint   ] Safepoint "Cleanup", Time since last: 2004750826 ns, Reaching safepoint: 240956 ns, At safepoint: 58711 ns, Total: 299667 ns
[2023-03-04T09:13:31.957+0000][68][safepoint   ] Safepoint "Cleanup", Time since last: 1002289149 ns, Reaching safepoint: 694434 ns, At safepoint: 33479 ns, Total: 727913 ns
[2023-03-04T09:13:32.962+0000][68][safepoint   ] Safepoint "Cleanup", Time since last: 1005177804 ns, Reaching safepoint: 506709 ns, At safepoint: 18793 ns, Total: 525502 ns
[2023-03-04T09:13:33.872+0000][68][gc,start    ] GC(78) Pause Young (Prepare Mixed) (G1 Evacuation Pause)
[2023-03-04T09:13:33.873+0000][68][gc,task     ] GC(78) Using 4 workers of 4 for evacuation
[2023-03-04T09:13:33.873+0000][68][gc,age      ] GC(78) Desired survivor size 6291456 bytes, new threshold 15 (max threshold 15)
[2023-03-04T09:13:33.879+0000][68][gc,phases   ] GC(78)   Pre Evacuate Collection Set: 0.1ms
[2023-03-04T09:13:33.879+0000][68][gc,phases   ] GC(78)   Merge Heap Roots: 0.2ms
[2023-03-04T09:13:33.880+0000][68][gc,phases   ] GC(78)   Evacuate Collection Set: 3.6ms
[2023-03-04T09:13:33.880+0000][68][gc,phases   ] GC(78)   Post Evacuate Collection Set: 0.7ms
[2023-03-04T09:13:33.880+0000][68][gc,phases   ] GC(78)   Other: 1.0ms
[2023-03-04T09:13:33.881+0000][68][gc,age      ] GC(78) Age table with threshold 15 (max threshold 15)
[2023-03-04T09:13:33.881+0000][68][gc,age      ] GC(78) - age   1:    1824336 bytes,    1824336 total
[2023-03-04T09:13:33.882+0000][68][gc,age      ] GC(78) - age   2:     464592 bytes,    2288928 total
[2023-03-04T09:13:33.882+0000][68][gc,age      ] GC(78) - age   3:      98400 bytes,    2387328 total
[2023-03-04T09:13:33.882+0000][68][gc,age      ] GC(78) - age   4:     360176 bytes,    2747504 total
[2023-03-04T09:13:33.883+0000][68][gc,age      ] GC(78) - age   5:      62176 bytes,    2809680 total
[2023-03-04T09:13:33.883+0000][68][gc,age      ] GC(78) - age   6:      40312 bytes,    2849992 total
[2023-03-04T09:13:33.884+0000][68][gc,age      ] GC(78) - age   7:      38920 bytes,    2888912 total
[2023-03-04T09:13:33.884+0000][68][gc,age      ] GC(78) - age   8:      84704 bytes,    2973616 total
[2023-03-04T09:13:33.885+0000][68][gc,age      ] GC(78) - age   9:       9992 bytes,    2983608 total
[2023-03-04T09:13:33.885+0000][68][gc,age      ] GC(78) - age  10:        608 bytes,    2984216 total
[2023-03-04T09:13:33.886+0000][68][gc,heap     ] GC(78) Eden regions: 20->0(2)
[2023-03-04T09:13:33.886+0000][68][gc,heap     ] GC(78) Survivor regions: 1->1(3)
[2023-03-04T09:13:33.886+0000][68][gc,heap     ] GC(78) Old regions: 27->27
[2023-03-04T09:13:33.887+0000][68][gc,heap     ] GC(78) Archive regions: 2->2
[2023-03-04T09:13:33.887+0000][68][gc,heap     ] GC(78) Humongous regions: 2->2
[2023-03-04T09:13:33.888+0000][68][gc,metaspace] GC(78) Metaspace: 140437K(144000K)->140437K(144000K) NonClass: 122257K(123776K)->122257K(123776K) Class: 18179K(20224K)->18179K(20224K)
[2023-03-04T09:13:33.888+0000][68][gc          ] GC(78) Pause Young (Prepare Mixed) (G1 Evacuation Pause) 198M->119M(256M) 15.654ms
[2023-03-04T09:13:33.889+0000][68][gc,cpu      ] GC(78) User=0.01s Sys=0.00s Real=0.02s
[2023-03-04T09:13:33.889+0000][68][safepoint   ] Safepoint "G1CollectForAllocation", Time since last: 910132762 ns, Reaching safepoint: 66593 ns, At safepoint: 16784719 ns, Total: 16851312 ns
[2023-03-04T09:13:34.044+0000][68][gc,start    ] GC(79) Pause Young (Mixed) (G1 Evacuation Pause)
[2023-03-04T09:13:34.045+0000][68][gc,task     ] GC(79) Using 4 workers of 4 for evacuation
[2023-03-04T09:13:34.046+0000][68][gc,age      ] GC(79) Desired survivor size 2097152 bytes, new threshold 2 (max threshold 15)
[2023-03-04T09:13:34.052+0000][68][gc,phases   ] GC(79)   Pre Evacuate Collection Set: 0.1ms
[2023-03-04T09:13:34.053+0000][68][gc,phases   ] GC(79)   Merge Heap Roots: 0.1ms
[2023-03-04T09:13:34.053+0000][68][gc,phases   ] GC(79)   Evacuate Collection Set: 5.2ms
[2023-03-04T09:13:34.054+0000][68][gc,phases   ] GC(79)   Post Evacuate Collection Set: 0.8ms
[2023-03-04T09:13:34.054+0000][68][gc,phases   ] GC(79)   Other: 0.8ms
[2023-03-04T09:13:34.055+0000][68][gc,age      ] GC(79) Age table with threshold 2 (max threshold 15)
[2023-03-04T09:13:34.055+0000][68][gc,age      ] GC(79) - age   1:     393928 bytes,     393928 total
[2023-03-04T09:13:34.056+0000][68][gc,age      ] GC(79) - age   2:    1553824 bytes,    1947752 total
[2023-03-04T09:13:34.056+0000][68][gc,heap     ] GC(79) Eden regions: 2->0(20)
[2023-03-04T09:13:34.057+0000][68][gc,heap     ] GC(79) Survivor regions: 1->1(1)
[2023-03-04T09:13:34.057+0000][68][gc,heap     ] GC(79) Old regions: 27->27
[2023-03-04T09:13:34.058+0000][68][gc,heap     ] GC(79) Archive regions: 2->2
[2023-03-04T09:13:34.058+0000][68][gc,heap     ] GC(79) Humongous regions: 2->2
[2023-03-04T09:13:34.059+0000][68][gc,metaspace] GC(79) Metaspace: 140445K(144000K)->140445K(144000K) NonClass: 122265K(123776K)->122265K(123776K) Class: 18179K(20224K)->18179K(20224K)
[2023-03-04T09:13:34.059+0000][68][gc          ] GC(79) Pause Young (Mixed) (G1 Evacuation Pause) 127M->118M(256M) 14.941ms
[2023-03-04T09:13:34.060+0000][68][gc,cpu      ] GC(79) User=0.02s Sys=0.00s Real=0.02s
[2023-03-04T09:13:34.061+0000][68][safepoint   ] Safepoint "G1CollectForAllocation", Time since last: 154976715 ns, Reaching safepoint: 111765 ns, At safepoint: 16210480 ns, Total: 16322245 ns
[2023-03-04T09:13:35.065+0000][68][safepoint   ] Safepoint "Cleanup", Time since last: 1003576864 ns, Reaching safepoint: 513243 ns, At safepoint: 15567 ns, Total: 528810 ns
[2023-03-04T09:13:37.070+0000][68][safepoint   ] Safepoint "Cleanup", Time since last: 2004598573 ns, Reaching safepoint: 346391 ns, At safepoint: 11029 ns, Total: 357420 ns
[2023-03-04T09:13:40.075+0000][68][safepoint   ] Safepoint "Cleanup", Time since last: 3005122016 ns, Reaching safepoint: 320981 ns, At safepoint: 12132 ns, Total: 333113 ns
[2023-03-04T09:13:42.079+0000][68][safepoint   ] Safepoint "Cleanup", Time since last: 2003585099 ns, Reaching safepoint: 307491 ns, At safepoint: 11147 ns, Total: 318638 ns
[2023-03-04T09:13:43.082+0000][68][safepoint   ] Safepoint "Cleanup", Time since last: 1002602111 ns, Reaching safepoint: 132040 ns, At safepoint: 6307 ns, Total: 138347 ns
[2023-03-04T09:13:48.921+0000][68][safepoint   ] Safepoint "Cleanup", Time since last: 5839324241 ns, Reaching safepoint: 106585 ns, At safepoint: 24531 ns, Total: 131116 ns
[2023-03-04T09:13:50.064+0000][68][safepoint   ] Safepoint "Cleanup", Time since last: 1141492607 ns, Reaching safepoint: 896651 ns, At safepoint: 24763 ns, Total: 921414 ns
[2023-03-04T09:13:55.070+0000][68][safepoint   ] Safepoint "Cleanup", Time since last: 5006564838 ns, Reaching safepoint: 184253 ns, At safepoint: 7024 ns, Total: 191277 ns
[2023-03-04T09:13:56.023+0000][68][gc,start    ] GC(80) Pause Young (Normal) (G1 Evacuation Pause)
[2023-03-04T09:13:56.024+0000][68][gc,task     ] GC(80) Using 4 workers of 4 for evacuation
[2023-03-04T09:13:56.024+0000][68][gc,age      ] GC(80) Desired survivor size 6291456 bytes, new threshold 15 (max threshold 15)
[2023-03-04T09:13:56.028+0000][68][gc,phases   ] GC(80)   Pre Evacuate Collection Set: 0.1ms
[2023-03-04T09:13:56.029+0000][68][gc,phases   ] GC(80)   Merge Heap Roots: 0.1ms
[2023-03-04T09:13:56.030+0000][68][gc,phases   ] GC(80)   Evacuate Collection Set: 2.5ms
[2023-03-04T09:13:56.031+0000][68][gc,phases   ] GC(80)   Post Evacuate Collection Set: 0.9ms
[2023-03-04T09:13:56.032+0000][68][gc,phases   ] GC(80)   Other: 0.8ms
[2023-03-04T09:13:56.033+0000][68][gc,age      ] GC(80) Age table with threshold 15 (max threshold 15)
[2023-03-04T09:13:56.033+0000][68][gc,age      ] GC(80) - age   1:    1737672 bytes,    1737672 total
[2023-03-04T09:13:56.034+0000][68][gc,age      ] GC(80) - age   2:      27416 bytes,    1765088 total
[2023-03-04T09:13:56.034+0000][68][gc,age      ] GC(80) - age   3:      79320 bytes,    1844408 total
[2023-03-04T09:13:56.035+0000][68][gc,heap     ] GC(80) Eden regions: 20->0(20)
[2023-03-04T09:13:56.036+0000][68][gc,heap     ] GC(80) Survivor regions: 1->1(3)
[2023-03-04T09:13:56.037+0000][68][gc,heap     ] GC(80) Old regions: 27->27
[2023-03-04T09:13:56.037+0000][68][gc,heap     ] GC(80) Archive regions: 2->2
[2023-03-04T09:13:56.038+0000][68][gc,heap     ] GC(80) Humongous regions: 2->2
[2023-03-04T09:13:56.038+0000][68][gc,metaspace] GC(80) Metaspace: 140549K(144064K)->140549K(144064K) NonClass: 122369K(123840K)->122369K(123840K) Class: 18179K(20224K)->18179K(20224K)
[2023-03-04T09:13:56.039+0000][68][gc          ] GC(80) Pause Young (Normal) (G1 Evacuation Pause) 198M->117M(256M) 15.616ms
[2023-03-04T09:13:56.039+0000][68][gc,cpu      ] GC(80) User=0.01s Sys=0.00s Real=0.02s
[2023-03-04T09:13:56.040+0000][68][safepoint   ] Safepoint "G1CollectForAllocation", Time since last: 952819883 ns, Reaching safepoint: 92809 ns, At safepoint: 16491632 ns, Total: 16584441 ns
[2023-03-04T09:13:57.042+0000][68][safepoint   ] Safepoint "Cleanup", Time since last: 1002129271 ns, Reaching safepoint: 122877 ns, At safepoint: 3617 ns, Total: 126494 ns
[2023-03-04T09:13:58.024+0000][68][safepoint   ] Safepoint "Cleanup", Time since last: 1003040093 ns, Reaching safepoint: 98878 ns, At safepoint: 3774 ns, Total: 102652 ns
[2023-03-04T09:13:59.025+0000][68][safepoint   ] Safepoint "Cleanup", Time since last: 1001618804 ns, Reaching safepoint: 170064 ns, At safepoint: 12315 ns, Total: 182379 ns
[2023-03-04T09:14:01.031+0000][68][safepoint   ] Safepoint "Cleanup", Time since last: 2005829251 ns, Reaching safepoint: 90152 ns, At safepoint: 4060 ns, Total: 94212 ns
[2023-03-04T09:14:02.033+0000][68][safepoint   ] Safepoint "Cleanup", Time since last: 1001391344 ns, Reaching safepoint: 133015 ns, At safepoint: 3646 ns, Total: 136661 ns
[2023-03-04T09:14:03.035+0000][68][safepoint   ] Safepoint "Cleanup", Time since last: 1001550663 ns, Reaching safepoint: 444270 ns, At safepoint: 24827 ns, Total: 469097 ns
[2023-03-04T09:14:06.045+0000][68][safepoint   ] Safepoint "Cleanup", Time since last: 3009425271 ns, Reaching safepoint: 461608 ns, At safepoint: 12327 ns, Total: 473935 ns
[2023-03-04T09:14:07.048+0000][68][safepoint   ] Safepoint "Cleanup", Time since last: 1003731601 ns, Reaching safepoint: 60849 ns, At safepoint: 2963 ns, Total: 63812 ns
[2023-03-04T09:14:13.056+0000][68][safepoint   ] Safepoint "Cleanup", Time since last: 6007676724 ns, Reaching safepoint: 230470 ns, At safepoint: 3716 ns, Total: 234186 ns
[2023-03-04T09:14:14.057+0000][68][safepoint   ] Safepoint "Cleanup", Time since last: 1000958465 ns, Reaching safepoint: 47427 ns, At safepoint: 2394 ns, Total: 49821 ns
[2023-03-04T09:14:19.062+0000][68][safepoint   ] Safepoint "Cleanup", Time since last: 5004157642 ns, Reaching safepoint: 141269 ns, At safepoint: 4709 ns, Total: 145978 ns
[2023-03-04T09:14:19.300+0000][68][gc,start    ] GC(81) Pause Young (Normal) (G1 Evacuation Pause)
[2023-03-04T09:14:19.301+0000][68][gc,task     ] GC(81) Using 4 workers of 4 for evacuation
[2023-03-04T09:14:19.302+0000][68][gc,age      ] GC(81) Desired survivor size 6291456 bytes, new threshold 15 (max threshold 15)
[2023-03-04T09:14:19.307+0000][68][gc,phases   ] GC(81)   Pre Evacuate Collection Set: 0.1ms
[2023-03-04T09:14:19.309+0000][68][gc,phases   ] GC(81)   Merge Heap Roots: 0.0ms
[2023-03-04T09:14:19.310+0000][68][gc,phases   ] GC(81)   Evacuate Collection Set: 2.6ms
[2023-03-04T09:14:19.312+0000][68][gc,phases   ] GC(81)   Post Evacuate Collection Set: 1.7ms
[2023-03-04T09:14:19.314+0000][68][gc,phases   ] GC(81)   Other: 1.7ms
[2023-03-04T09:14:19.315+0000][68][gc,age      ] GC(81) Age table with threshold 15 (max threshold 15)
[2023-03-04T09:14:19.317+0000][68][gc,age      ] GC(81) - age   1:    1784968 bytes,    1784968 total
[2023-03-04T09:14:19.318+0000][68][gc,age      ] GC(81) - age   2:     267776 bytes,    2052744 total
[2023-03-04T09:14:19.320+0000][68][gc,age      ] GC(81) - age   3:      27016 bytes,    2079760 total
[2023-03-04T09:14:19.327+0000][68][gc,age      ] GC(81) - age   4:      67032 bytes,    2146792 total
[2023-03-04T09:14:19.329+0000][68][gc,heap     ] GC(81) Eden regions: 20->0(20)
[2023-03-04T09:14:19.331+0000][68][gc,heap     ] GC(81) Survivor regions: 1->1(3)
[2023-03-04T09:14:19.332+0000][68][gc,heap     ] GC(81) Old regions: 27->27
[2023-03-04T09:14:19.333+0000][68][gc,heap     ] GC(81) Archive regions: 2->2
[2023-03-04T09:14:19.334+0000][68][gc,heap     ] GC(81) Humongous regions: 2->2
[2023-03-04T09:14:19.335+0000][68][gc,metaspace] GC(81) Metaspace: 140605K(144064K)->140605K(144064K) NonClass: 122426K(123840K)->122426K(123840K) Class: 18179K(20224K)->18179K(20224K)
[2023-03-04T09:14:19.337+0000][68][gc          ] GC(81) Pause Young (Normal) (G1 Evacuation Pause) 197M->118M(256M) 36.228ms
[2023-03-04T09:14:19.338+0000][68][gc,cpu      ] GC(81) User=0.01s Sys=0.00s Real=0.04s
[2023-03-04T09:14:19.339+0000][68][safepoint   ] Safepoint "G1CollectForAllocation", Time since last: 238475849 ns, Reaching safepoint: 71191 ns, At safepoint: 38752060 ns, Total: 38823251 ns
[2023-03-04T09:14:20.341+0000][68][safepoint   ] Safepoint "Cleanup", Time since last: 1001217475 ns, Reaching safepoint: 250009 ns, At safepoint: 56930 ns, Total: 306939 ns
[2023-03-04T09:14:22.344+0000][68][safepoint   ] Safepoint "Cleanup", Time since last: 2003542649 ns, Reaching safepoint: 129423 ns, At safepoint: 6839 ns, Total: 136262 ns
[2023-03-04T09:14:23.366+0000][68][safepoint   ] Safepoint "Cleanup", Time since last: 1021485407 ns, Reaching safepoint: 90135 ns, At safepoint: 3976 ns, Total: 94111 ns
[2023-03-04T09:14:25.368+0000][68][safepoint   ] Safepoint "Cleanup", Time since last: 2001803277 ns, Reaching safepoint: 119066 ns, At safepoint: 3341 ns, Total: 122407 ns
[2023-03-04T09:14:26.370+0000][68][safepoint   ] Safepoint "Cleanup", Time since last: 1002116555 ns, Reaching safepoint: 184787 ns, At safepoint: 17369 ns, Total: 202156 ns
[2023-03-04T09:14:28.352+0000][68][safepoint   ] Safepoint "Cleanup", Time since last: 2002825965 ns, Reaching safepoint: 348614 ns, At safepoint: 12628 ns, Total: 361242 ns
[2023-03-04T09:14:30.355+0000][68][safepoint   ] Safepoint "Cleanup", Time since last: 2003540550 ns, Reaching safepoint: 284793 ns, At safepoint: 17004 ns, Total: 301797 ns
[2023-03-04T09:14:31.358+0000][68][safepoint   ] Safepoint "Cleanup", Time since last: 1002755268 ns, Reaching safepoint: 232102 ns, At safepoint: 13597 ns, Total: 245699 ns
[2023-03-04T09:14:37.370+0000][68][safepoint   ] Safepoint "Cleanup", Time since last: 6011040437 ns, Reaching safepoint: 389454 ns, At safepoint: 187627 ns, Total: 577081 ns
[2023-03-04T09:14:38.375+0000][68][safepoint   ] Safepoint "Cleanup", Time since last: 1004713840 ns, Reaching safepoint: 471629 ns, At safepoint: 17439 ns, Total: 489068 ns
[2023-03-04T09:14:42.983+0000][68][gc,start    ] GC(82) Pause Young (Concurrent Start) (G1 Evacuation Pause)
[2023-03-04T09:14:42.985+0000][68][gc,task     ] GC(82) Using 4 workers of 4 for evacuation
[2023-03-04T09:14:42.986+0000][68][gc,age      ] GC(82) Desired survivor size 6291456 bytes, new threshold 15 (max threshold 15)
[2023-03-04T09:14:42.992+0000][68][gc,phases   ] GC(82)   Pre Evacuate Collection Set: 0.6ms
[2023-03-04T09:14:42.993+0000][68][gc,phases   ] GC(82)   Merge Heap Roots: 0.2ms
[2023-03-04T09:14:42.994+0000][68][gc,phases   ] GC(82)   Evacuate Collection Set: 2.6ms
[2023-03-04T09:14:42.994+0000][68][gc,phases   ] GC(82)   Post Evacuate Collection Set: 1.2ms
[2023-03-04T09:14:42.997+0000][68][gc,phases   ] GC(82)   Other: 2.2ms
[2023-03-04T09:14:43.001+0000][68][gc,age      ] GC(82) Age table with threshold 15 (max threshold 15)
[2023-03-04T09:14:43.002+0000][68][gc,age      ] GC(82) - age   1:    2018408 bytes,    2018408 total
[2023-03-04T09:14:43.003+0000][68][gc,age      ] GC(82) - age   2:     151032 bytes,    2169440 total
[2023-03-04T09:14:43.004+0000][68][gc,age      ] GC(82) - age   3:     151632 bytes,    2321072 total
[2023-03-04T09:14:43.004+0000][68][gc,age      ] GC(82) - age   4:       1544 bytes,    2322616 total
[2023-03-04T09:14:43.004+0000][68][gc,age      ] GC(82) - age   5:      65264 bytes,    2387880 total
[2023-03-04T09:14:43.005+0000][68][gc,heap     ] GC(82) Eden regions: 20->0(20)
[2023-03-04T09:14:43.005+0000][68][gc,heap     ] GC(82) Survivor regions: 1->1(3)
[2023-03-04T09:14:43.006+0000][68][gc,heap     ] GC(82) Old regions: 27->27
[2023-03-04T09:14:43.006+0000][68][gc,heap     ] GC(82) Archive regions: 2->2
[2023-03-04T09:14:43.007+0000][68][gc,heap     ] GC(82) Humongous regions: 2->2
[2023-03-04T09:14:43.007+0000][68][gc,metaspace] GC(82) Metaspace: 140663K(144128K)->140663K(144128K) NonClass: 122483K(123904K)->122483K(123904K) Class: 18179K(20224K)->18179K(20224K)
[2023-03-04T09:14:43.007+0000][68][gc          ] GC(82) Pause Young (Concurrent Start) (G1 Evacuation Pause) 198M->118M(256M) 24.189ms
[2023-03-04T09:14:43.008+0000][68][gc,cpu      ] GC(82) User=0.01s Sys=0.00s Real=0.03s
[2023-03-04T09:14:43.009+0000][68][safepoint   ] Safepoint "G1CollectForAllocation", Time since last: 4607781809 ns, Reaching safepoint: 215243 ns, At safepoint: 25508797 ns, Total: 25724040 ns
[2023-03-04T09:14:43.008+0000][68][gc          ] GC(83) Concurrent Mark Cycle
[2023-03-04T09:14:43.011+0000][68][gc,marking  ] GC(83) Concurrent Clear Claimed Marks
[2023-03-04T09:14:43.012+0000][68][gc,marking  ] GC(83) Concurrent Clear Claimed Marks 0.830ms
[2023-03-04T09:14:43.013+0000][68][gc,marking  ] GC(83) Concurrent Scan Root Regions
[2023-03-04T09:14:43.015+0000][68][gc,marking  ] GC(83) Concurrent Scan Root Regions 2.710ms
[2023-03-04T09:14:43.016+0000][68][gc,marking  ] GC(83) Concurrent Mark
[2023-03-04T09:14:43.017+0000][68][gc,marking  ] GC(83) Concurrent Mark From Roots
[2023-03-04T09:14:43.018+0000][68][gc,task     ] GC(83) Using 1 workers of 1 for marking
[2023-03-04T09:14:43.169+0000][68][gc,marking  ] GC(83) Concurrent Mark From Roots 151.759ms
[2023-03-04T09:14:43.169+0000][68][gc,marking  ] GC(83) Concurrent Preclean
[2023-03-04T09:14:43.170+0000][68][gc,marking  ] GC(83) Concurrent Preclean 0.738ms
[2023-03-04T09:14:43.171+0000][68][gc,start    ] GC(83) Pause Remark
[2023-03-04T09:14:43.181+0000][68][gc          ] GC(83) Pause Remark 124M->124M(256M) 9.921ms
[2023-03-04T09:14:43.181+0000][68][gc,cpu      ] GC(83) User=0.02s Sys=0.00s Real=0.01s
[2023-03-04T09:14:43.182+0000][68][safepoint   ] Safepoint "G1PauseRemark", Time since last: 161948418 ns, Reaching safepoint: 98332 ns, At safepoint: 11123429 ns, Total: 11221761 ns
[2023-03-04T09:14:43.182+0000][68][gc,marking  ] GC(83) Concurrent Mark 166.196ms
[2023-03-04T09:14:43.183+0000][68][gc,marking  ] GC(83) Concurrent Rebuild Remembered Sets
[2023-03-04T09:14:43.240+0000][68][gc,marking  ] GC(83) Concurrent Rebuild Remembered Sets 56.878ms
[2023-03-04T09:14:43.241+0000][68][gc,start    ] GC(83) Pause Cleanup
[2023-03-04T09:14:43.242+0000][68][gc          ] GC(83) Pause Cleanup 124M->124M(256M) 0.895ms
[2023-03-04T09:14:43.243+0000][68][gc,cpu      ] GC(83) User=0.00s Sys=0.00s Real=0.00s
[2023-03-04T09:14:43.243+0000][68][safepoint   ] Safepoint "G1PauseCleanup", Time since last: 58806788 ns, Reaching safepoint: 52333 ns, At safepoint: 2495389 ns, Total: 2547722 ns
[2023-03-04T09:14:43.244+0000][68][gc,marking  ] GC(83) Concurrent Cleanup for Next Mark
[2023-03-04T09:14:43.244+0000][68][gc,marking  ] GC(83) Concurrent Cleanup for Next Mark 0.747ms
[2023-03-04T09:14:43.245+0000][68][gc          ] GC(83) Concurrent Mark Cycle 236.787ms
[2023-03-04T09:14:44.247+0000][68][safepoint   ] Safepoint "Cleanup", Time since last: 1002747578 ns, Reaching safepoint: 809378 ns, At safepoint: 55912 ns, Total: 865290 ns
[2023-03-04T09:14:55.259+0000][68][safepoint   ] Safepoint "Cleanup", Time since last: 11012124326 ns, Reaching safepoint: 299616 ns, At safepoint: 10436 ns, Total: 310052 ns
[2023-03-04T09:14:59.249+0000][68][safepoint   ] Safepoint "Cleanup", Time since last: 4010061628 ns, Reaching safepoint: 656242 ns, At safepoint: 17635 ns, Total: 673877 ns
[2023-03-04T09:15:02.257+0000][68][safepoint   ] Safepoint "Cleanup", Time since last: 3007405407 ns, Reaching safepoint: 640441 ns, At safepoint: 14483 ns, Total: 654924 ns
[2023-03-04T09:15:06.651+0000][68][safepoint   ] Safepoint "Cleanup", Time since last: 4394201621 ns, Reaching safepoint: 267316 ns, At safepoint: 14878 ns, Total: 282194 ns
[2023-03-04T09:15:06.995+0000][68][gc,start    ] GC(84) Pause Young (Prepare Mixed) (G1 Evacuation Pause)
[2023-03-04T09:15:06.997+0000][68][gc,task     ] GC(84) Using 4 workers of 4 for evacuation
[2023-03-04T09:15:06.998+0000][68][gc,age      ] GC(84) Desired survivor size 6291456 bytes, new threshold 15 (max threshold 15)
[2023-03-04T09:15:07.005+0000][68][gc,phases   ] GC(84)   Pre Evacuate Collection Set: 0.2ms
[2023-03-04T09:15:07.006+0000][68][gc,phases   ] GC(84)   Merge Heap Roots: 0.1ms
[2023-03-04T09:15:07.007+0000][68][gc,phases   ] GC(84)   Evacuate Collection Set: 4.1ms
[2023-03-04T09:15:07.008+0000][68][gc,phases   ] GC(84)   Post Evacuate Collection Set: 1.8ms
[2023-03-04T09:15:07.008+0000][68][gc,phases   ] GC(84)   Other: 2.6ms
[2023-03-04T09:15:07.009+0000][68][gc,age      ] GC(84) Age table with threshold 15 (max threshold 15)
[2023-03-04T09:15:07.010+0000][68][gc,age      ] GC(84) - age   1:    1243000 bytes,    1243000 total
[2023-03-04T09:15:07.011+0000][68][gc,age      ] GC(84) - age   2:     212960 bytes,    1455960 total
[2023-03-04T09:15:07.012+0000][68][gc,age      ] GC(84) - age   3:     148120 bytes,    1604080 total
[2023-03-04T09:15:07.012+0000][68][gc,age      ] GC(84) - age   4:     148384 bytes,    1752464 total
[2023-03-04T09:15:07.013+0000][68][gc,age      ] GC(84) - age   5:        184 bytes,    1752648 total
[2023-03-04T09:15:07.013+0000][68][gc,age      ] GC(84) - age   6:      49816 bytes,    1802464 total
[2023-03-04T09:15:07.014+0000][68][gc,heap     ] GC(84) Eden regions: 20->0(2)
[2023-03-04T09:15:07.015+0000][68][gc,heap     ] GC(84) Survivor regions: 1->1(3)
[2023-03-04T09:15:07.015+0000][68][gc,heap     ] GC(84) Old regions: 27->27
[2023-03-04T09:15:07.016+0000][68][gc,heap     ] GC(84) Archive regions: 2->2
[2023-03-04T09:15:07.016+0000][68][gc,heap     ] GC(84) Humongous regions: 2->2
[2023-03-04T09:15:07.017+0000][68][gc,metaspace] GC(84) Metaspace: 140710K(144128K)->140710K(144128K) NonClass: 122530K(123904K)->122530K(123904K) Class: 18179K(20224K)->18179K(20224K)
[2023-03-04T09:15:07.017+0000][68][gc          ] GC(84) Pause Young (Prepare Mixed) (G1 Evacuation Pause) 198M->118M(256M) 22.368ms
[2023-03-04T09:15:07.018+0000][68][gc,cpu      ] GC(84) User=0.01s Sys=0.00s Real=0.02s
[2023-03-04T09:15:07.019+0000][68][safepoint   ] Safepoint "G1CollectForAllocation", Time since last: 343255930 ns, Reaching safepoint: 289361 ns, At safepoint: 24161982 ns, Total: 24451343 ns
[2023-03-04T09:15:07.402+0000][68][gc,start    ] GC(85) Pause Young (Mixed) (G1 Evacuation Pause)
[2023-03-04T09:15:07.403+0000][68][gc,task     ] GC(85) Using 4 workers of 4 for evacuation
[2023-03-04T09:15:07.404+0000][68][gc,age      ] GC(85) Desired survivor size 2097152 bytes, new threshold 15 (max threshold 15)
[2023-03-04T09:15:07.413+0000][68][gc,phases   ] GC(85)   Pre Evacuate Collection Set: 0.2ms
[2023-03-04T09:15:07.415+0000][68][gc,phases   ] GC(85)   Merge Heap Roots: 0.2ms
[2023-03-04T09:15:07.420+0000][68][gc,phases   ] GC(85)   Evacuate Collection Set: 6.5ms
[2023-03-04T09:15:07.426+0000][68][gc,phases   ] GC(85)   Post Evacuate Collection Set: 1.8ms
[2023-03-04T09:15:07.430+0000][68][gc,phases   ] GC(85)   Other: 1.8ms
[2023-03-04T09:15:07.431+0000][68][gc,age      ] GC(85) Age table with threshold 15 (max threshold 15)
[2023-03-04T09:15:07.432+0000][68][gc,age      ] GC(85) - age   1:     877216 bytes,     877216 total
[2023-03-04T09:15:07.433+0000][68][gc,age      ] GC(85) - age   2:    1081640 bytes,    1958856 total
[2023-03-04T09:15:07.436+0000][68][gc,age      ] GC(85) - age   3:     212768 bytes,    2171624 total
[2023-03-04T09:15:07.437+0000][68][gc,age      ] GC(85) - age   4:     148056 bytes,    2319680 total
[2023-03-04T09:15:07.438+0000][68][gc,age      ] GC(85) - age   5:     148384 bytes,    2468064 total
[2023-03-04T09:15:07.439+0000][68][gc,age      ] GC(85) - age   6:        120 bytes,    2468184 total
[2023-03-04T09:15:07.440+0000][68][gc,age      ] GC(85) - age   7:      49816 bytes,    2518000 total
[2023-03-04T09:15:07.441+0000][68][gc,heap     ] GC(85) Eden regions: 2->0(21)
[2023-03-04T09:15:07.442+0000][68][gc,heap     ] GC(85) Survivor regions: 1->1(1)
[2023-03-04T09:15:07.444+0000][68][gc,heap     ] GC(85) Old regions: 27->26
[2023-03-04T09:15:07.445+0000][68][gc,heap     ] GC(85) Archive regions: 2->2
[2023-03-04T09:15:07.446+0000][68][gc,heap     ] GC(85) Humongous regions: 2->2
[2023-03-04T09:15:07.447+0000][68][gc,metaspace] GC(85) Metaspace: 140728K(144128K)->140728K(144128K) NonClass: 122548K(123904K)->122548K(123904K) Class: 18179K(20224K)->18179K(20224K)
[2023-03-04T09:15:07.448+0000][68][gc          ] GC(85) Pause Young (Mixed) (G1 Evacuation Pause) 126M->117M(256M) 46.611ms
[2023-03-04T09:15:07.449+0000][68][gc,cpu      ] GC(85) User=0.03s Sys=0.00s Real=0.05s
[2023-03-04T09:15:07.450+0000][68][safepoint   ] Safepoint "G1CollectForAllocation", Time since last: 382411701 ns, Reaching safepoint: 94900 ns, At safepoint: 48353891 ns, Total: 48448791 ns
[2023-03-04T09:15:09.452+0000][68][safepoint   ] Safepoint "Cleanup", Time since last: 2001591828 ns, Reaching safepoint: 460564 ns, At safepoint: 23022 ns, Total: 483586 ns
[2023-03-04T09:15:12.460+0000][68][safepoint   ] Safepoint "Cleanup", Time since last: 3007140549 ns, Reaching safepoint: 414196 ns, At safepoint: 13370 ns, Total: 427566 ns
[2023-03-04T09:15:13.464+0000][68][safepoint   ] Safepoint "Cleanup", Time since last: 1003667741 ns, Reaching safepoint: 636802 ns, At safepoint: 214600 ns, Total: 851402 ns
[2023-03-04T09:15:14.467+0000][68][safepoint   ] Safepoint "Cleanup", Time since last: 1003082465 ns, Reaching safepoint: 199855 ns, At safepoint: 6493 ns, Total: 206348 ns
[2023-03-04T09:15:19.472+0000][68][safepoint   ] Safepoint "Cleanup", Time since last: 5003897254 ns, Reaching safepoint: 372520 ns, At safepoint: 14122 ns, Total: 386642 ns
[2023-03-04T09:15:25.481+0000][68][safepoint   ] Safepoint "Cleanup", Time since last: 6009299989 ns, Reaching safepoint: 394463 ns, At safepoint: 129384 ns, Total: 523847 ns
[2023-03-04T09:15:31.465+0000][68][safepoint   ] Safepoint "Cleanup", Time since last: 6005377845 ns, Reaching safepoint: 70598 ns, At safepoint: 3338 ns, Total: 73936 ns
[2023-03-04T09:15:32.468+0000][68][safepoint   ] Safepoint "Cleanup", Time since last: 1003058918 ns, Reaching safepoint: 183356 ns, At safepoint: 11269 ns, Total: 194625 ns
[2023-03-04T09:15:33.084+0000][68][gc,start    ] GC(86) Pause Young (Normal) (G1 Evacuation Pause)
[2023-03-04T09:15:33.086+0000][68][gc,task     ] GC(86) Using 4 workers of 4 for evacuation
[2023-03-04T09:15:33.088+0000][68][gc,age      ] GC(86) Desired survivor size 6291456 bytes, new threshold 15 (max threshold 15)
[2023-03-04T09:15:33.095+0000][68][gc,phases   ] GC(86)   Pre Evacuate Collection Set: 0.1ms
[2023-03-04T09:15:33.096+0000][68][gc,phases   ] GC(86)   Merge Heap Roots: 0.2ms
[2023-03-04T09:15:33.097+0000][68][gc,phases   ] GC(86)   Evacuate Collection Set: 2.5ms
[2023-03-04T09:15:33.098+0000][68][gc,phases   ] GC(86)   Post Evacuate Collection Set: 1.9ms
[2023-03-04T09:15:33.098+0000][68][gc,phases   ] GC(86)   Other: 3.4ms
[2023-03-04T09:15:33.100+0000][68][gc,age      ] GC(86) Age table with threshold 15 (max threshold 15)
[2023-03-04T09:15:33.101+0000][68][gc,age      ] GC(86) - age   1:     305600 bytes,     305600 total
[2023-03-04T09:15:33.102+0000][68][gc,age      ] GC(86) - age   2:       1144 bytes,     306744 total
[2023-03-04T09:15:33.103+0000][68][gc,age      ] GC(86) - age   3:      22792 bytes,     329536 total
[2023-03-04T09:15:33.104+0000][68][gc,age      ] GC(86) - age   4:     193104 bytes,     522640 total
[2023-03-04T09:15:33.105+0000][68][gc,age      ] GC(86) - age   5:       3936 bytes,     526576 total
[2023-03-04T09:15:33.106+0000][68][gc,age      ] GC(86) - age   6:     147240 bytes,     673816 total
[2023-03-04T09:15:33.107+0000][68][gc,age      ] GC(86) - age   7:        120 bytes,     673936 total
[2023-03-04T09:15:33.108+0000][68][gc,age      ] GC(86) - age   8:      49752 bytes,     723688 total
[2023-03-04T09:15:33.109+0000][68][gc,heap     ] GC(86) Eden regions: 21->0(21)
[2023-03-04T09:15:33.110+0000][68][gc,heap     ] GC(86) Survivor regions: 1->1(3)
[2023-03-04T09:15:33.110+0000][68][gc,heap     ] GC(86) Old regions: 26->26
[2023-03-04T09:15:33.111+0000][68][gc,heap     ] GC(86) Archive regions: 2->2
[2023-03-04T09:15:33.112+0000][68][gc,heap     ] GC(86) Humongous regions: 2->2
[2023-03-04T09:15:33.112+0000][68][gc,metaspace] GC(86) Metaspace: 140784K(144256K)->140784K(144256K) NonClass: 122604K(124032K)->122604K(124032K) Class: 18179K(20224K)->18179K(20224K)
[2023-03-04T09:15:33.113+0000][68][gc          ] GC(86) Pause Young (Normal) (G1 Evacuation Pause) 201M->115M(256M) 29.067ms
[2023-03-04T09:15:33.114+0000][68][gc,cpu      ] GC(86) User=0.01s Sys=0.01s Real=0.03s
[2023-03-04T09:15:33.114+0000][68][safepoint   ] Safepoint "G1CollectForAllocation", Time since last: 615530306 ns, Reaching safepoint: 289216 ns, At safepoint: 30628887 ns, Total: 30918103 ns
[2023-03-04T09:15:35.118+0000][68][safepoint   ] Safepoint "Cleanup", Time since last: 2003348029 ns, Reaching safepoint: 502003 ns, At safepoint: 16658 ns, Total: 518661 ns
[2023-03-04T09:15:36.125+0000][68][safepoint   ] Safepoint "Cleanup", Time since last: 1005302134 ns, Reaching safepoint: 791578 ns, At safepoint: 49356 ns, Total: 840934 ns
[2023-03-04T09:15:37.131+0000][68][safepoint   ] Safepoint "Cleanup", Time since last: 1005661332 ns, Reaching safepoint: 708135 ns, At safepoint: 57537 ns, Total: 765672 ns
[2023-03-04T09:15:38.136+0000][68][safepoint   ] Safepoint "Cleanup", Time since last: 1003654447 ns, Reaching safepoint: 733246 ns, At safepoint: 36163 ns, Total: 769409 ns
[2023-03-04T09:15:40.139+0000][68][safepoint   ] Safepoint "Cleanup", Time since last: 2003287909 ns, Reaching safepoint: 94526 ns, At safepoint: 3911 ns, Total: 98437 ns
[2023-03-04T09:15:41.140+0000][68][safepoint   ] Safepoint "Cleanup", Time since last: 1001041000 ns, Reaching safepoint: 525114 ns, At safepoint: 16149 ns, Total: 541263 ns
[2023-03-04T09:15:43.148+0000][68][safepoint   ] Safepoint "Cleanup", Time since last: 2007262533 ns, Reaching safepoint: 532729 ns, At safepoint: 12742 ns, Total: 545471 ns
[2023-03-04T09:15:46.155+0000][68][safepoint   ] Safepoint "Cleanup", Time since last: 3006316192 ns, Reaching safepoint: 463809 ns, At safepoint: 151237 ns, Total: 615046 ns
[2023-03-04T09:15:48.160+0000][68][safepoint   ] Safepoint "Cleanup", Time since last: 2003931174 ns, Reaching safepoint: 467007 ns, At safepoint: 187225 ns, Total: 654232 ns
[2023-03-04T09:15:49.165+0000][68][safepoint   ] Safepoint "Cleanup", Time since last: 1004608764 ns, Reaching safepoint: 892759 ns, At safepoint: 16692 ns, Total: 909451 ns
[2023-03-04T09:15:50.168+0000][68][safepoint   ] Safepoint "Cleanup", Time since last: 1003089382 ns, Reaching safepoint: 184975 ns, At safepoint: 5785 ns, Total: 190760 ns
[2023-03-04T09:15:52.171+0000][68][safepoint   ] Safepoint "Cleanup", Time since last: 2002519374 ns, Reaching safepoint: 351242 ns, At safepoint: 11898 ns, Total: 363140 ns
[2023-03-04T09:15:58.159+0000][68][safepoint   ] Safepoint "Cleanup", Time since last: 6009039465 ns, Reaching safepoint: 544178 ns, At safepoint: 12526 ns, Total: 556704 ns
[2023-03-04T09:15:58.368+0000][68][gc,start    ] GC(87) Pause Young (Normal) (G1 Evacuation Pause)
[2023-03-04T09:15:58.371+0000][68][gc,task     ] GC(87) Using 4 workers of 4 for evacuation
[2023-03-04T09:15:58.372+0000][68][gc,age      ] GC(87) Desired survivor size 6291456 bytes, new threshold 15 (max threshold 15)
[2023-03-04T09:15:58.379+0000][68][gc,phases   ] GC(87)   Pre Evacuate Collection Set: 0.3ms
[2023-03-04T09:15:58.382+0000][68][gc,phases   ] GC(87)   Merge Heap Roots: 0.2ms
[2023-03-04T09:15:58.383+0000][68][gc,phases   ] GC(87)   Evacuate Collection Set: 2.7ms
[2023-03-04T09:15:58.384+0000][68][gc,phases   ] GC(87)   Post Evacuate Collection Set: 1.9ms
[2023-03-04T09:15:58.385+0000][68][gc,phases   ] GC(87)   Other: 3.2ms
[2023-03-04T09:15:58.386+0000][68][gc,age      ] GC(87) Age table with threshold 15 (max threshold 15)
[2023-03-04T09:15:58.387+0000][68][gc,age      ] GC(87) - age   1:     565192 bytes,     565192 total
[2023-03-04T09:15:58.388+0000][68][gc,age      ] GC(87) - age   2:     127848 bytes,     693040 total
[2023-03-04T09:15:58.388+0000][68][gc,age      ] GC(87) - age   3:         64 bytes,     693104 total
[2023-03-04T09:15:58.389+0000][68][gc,age      ] GC(87) - age   4:      13424 bytes,     706528 total
[2023-03-04T09:15:58.390+0000][68][gc,age      ] GC(87) - age   5:     192608 bytes,     899136 total
[2023-03-04T09:15:58.391+0000][68][gc,age      ] GC(87) - age   6:       3712 bytes,     902848 total
[2023-03-04T09:15:58.391+0000][68][gc,age      ] GC(87) - age   7:     147112 bytes,    1049960 total
[2023-03-04T09:15:58.392+0000][68][gc,age      ] GC(87) - age   8:        120 bytes,    1050080 total
[2023-03-04T09:15:58.393+0000][68][gc,age      ] GC(87) - age   9:      25104 bytes,    1075184 total
[2023-03-04T09:15:58.394+0000][68][gc,heap     ] GC(87) Eden regions: 21->0(22)
[2023-03-04T09:15:58.394+0000][68][gc,heap     ] GC(87) Survivor regions: 1->1(3)
[2023-03-04T09:15:58.395+0000][68][gc,heap     ] GC(87) Old regions: 26->26
[2023-03-04T09:15:58.396+0000][68][gc,heap     ] GC(87) Archive regions: 2->2
[2023-03-04T09:15:58.397+0000][68][gc,heap     ] GC(87) Humongous regions: 2->2
[2023-03-04T09:15:58.397+0000][68][gc,metaspace] GC(87) Metaspace: 140853K(144256K)->140853K(144256K) NonClass: 122673K(124032K)->122673K(124032K) Class: 18179K(20224K)->18179K(20224K)
[2023-03-04T09:15:58.398+0000][68][gc          ] GC(87) Pause Young (Normal) (G1 Evacuation Pause) 199M->116M(256M) 29.813ms
[2023-03-04T09:15:58.399+0000][68][gc,cpu      ] GC(87) User=0.01s Sys=0.00s Real=0.03s
[2023-03-04T09:15:58.399+0000][68][safepoint   ] Safepoint "G1CollectForAllocation", Time since last: 208502161 ns, Reaching safepoint: 333695 ns, At safepoint: 31439581 ns, Total: 31773276 ns
[2023-03-04T09:15:59.401+0000][68][safepoint   ] Safepoint "Cleanup", Time since last: 1001433549 ns, Reaching safepoint: 321991 ns, At safepoint: 10114 ns, Total: 332105 ns
[2023-03-04T09:16:01.405+0000][68][safepoint   ] Safepoint "Cleanup", Time since last: 2003516204 ns, Reaching safepoint: 253139 ns, At safepoint: 107224 ns, Total: 360363 ns
[2023-03-04T09:16:07.414+0000][68][safepoint   ] Safepoint "Cleanup", Time since last: 6007470859 ns, Reaching safepoint: 951761 ns, At safepoint: 256660 ns, Total: 1208421 ns
[2023-03-04T09:16:10.420+0000][68][safepoint   ] Safepoint "Cleanup", Time since last: 3005177305 ns, Reaching safepoint: 862012 ns, At safepoint: 47038 ns, Total: 909050 ns
[2023-03-04T09:16:12.426+0000][68][safepoint   ] Safepoint "Cleanup", Time since last: 2006122662 ns, Reaching safepoint: 175786 ns, At safepoint: 12330 ns, Total: 188116 ns
[2023-03-04T09:16:13.430+0000][68][safepoint   ] Safepoint "Cleanup", Time since last: 1003928282 ns, Reaching safepoint: 155962 ns, At safepoint: 10687 ns, Total: 166649 ns
[2023-03-04T09:16:19.438+0000][68][safepoint   ] Safepoint "Cleanup", Time since last: 6007304213 ns, Reaching safepoint: 85929 ns, At safepoint: 4373 ns, Total: 90302 ns
[2023-03-04T09:16:21.578+0000][68][gc,start    ] GC(88) Pause Young (Concurrent Start) (G1 Evacuation Pause)
[2023-03-04T09:16:21.580+0000][68][gc,task     ] GC(88) Using 4 workers of 4 for evacuation
[2023-03-04T09:16:21.582+0000][68][gc,age      ] GC(88) Desired survivor size 6291456 bytes, new threshold 15 (max threshold 15)
[2023-03-04T09:16:21.590+0000][68][gc,phases   ] GC(88)   Pre Evacuate Collection Set: 0.6ms
[2023-03-04T09:16:21.592+0000][68][gc,phases   ] GC(88)   Merge Heap Roots: 0.1ms
[2023-03-04T09:16:21.594+0000][68][gc,phases   ] GC(88)   Evacuate Collection Set: 4.9ms
[2023-03-04T09:16:21.594+0000][68][gc,phases   ] GC(88)   Post Evacuate Collection Set: 1.5ms
[2023-03-04T09:16:21.595+0000][68][gc,phases   ] GC(88)   Other: 3.2ms
[2023-03-04T09:16:21.596+0000][68][gc,age      ] GC(88) Age table with threshold 15 (max threshold 15)
[2023-03-04T09:16:21.597+0000][68][gc,age      ] GC(88) - age   1:     447656 bytes,     447656 total
[2023-03-04T09:16:21.597+0000][68][gc,age      ] GC(88) - age   2:     180768 bytes,     628424 total
[2023-03-04T09:16:21.598+0000][68][gc,age      ] GC(88) - age   3:       4808 bytes,     633232 total
[2023-03-04T09:16:21.599+0000][68][gc,age      ] GC(88) - age   5:      13008 bytes,     646240 total
[2023-03-04T09:16:21.600+0000][68][gc,age      ] GC(88) - age   6:     192264 bytes,     838504 total
[2023-03-04T09:16:21.600+0000][68][gc,age      ] GC(88) - age   7:       3648 bytes,     842152 total
[2023-03-04T09:16:21.601+0000][68][gc,age      ] GC(88) - age   8:     146432 bytes,     988584 total
[2023-03-04T09:16:21.601+0000][68][gc,age      ] GC(88) - age   9:        120 bytes,     988704 total
[2023-03-04T09:16:21.602+0000][68][gc,age      ] GC(88) - age  10:      25024 bytes,    1013728 total
[2023-03-04T09:16:21.603+0000][68][gc,heap     ] GC(88) Eden regions: 22->0(22)
[2023-03-04T09:16:21.604+0000][68][gc,heap     ] GC(88) Survivor regions: 1->1(3)
[2023-03-04T09:16:21.604+0000][68][gc,heap     ] GC(88) Old regions: 26->26
[2023-03-04T09:16:21.605+0000][68][gc,heap     ] GC(88) Archive regions: 2->2
[2023-03-04T09:16:21.605+0000][68][gc,heap     ] GC(88) Humongous regions: 2->2
[2023-03-04T09:16:21.606+0000][68][gc,metaspace] GC(88) Metaspace: 140890K(144320K)->140890K(144320K) NonClass: 122710K(124096K)->122710K(124096K) Class: 18179K(20224K)->18179K(20224K)
[2023-03-04T09:16:21.607+0000][68][gc          ] GC(88) Pause Young (Concurrent Start) (G1 Evacuation Pause) 204M->116M(256M) 29.109ms
[2023-03-04T09:16:21.607+0000][68][gc,cpu      ] GC(88) User=0.00s Sys=0.01s Real=0.03s
[2023-03-04T09:16:21.607+0000][68][gc          ] GC(89) Concurrent Mark Cycle
[2023-03-04T09:16:21.609+0000][68][gc,marking  ] GC(89) Concurrent Clear Claimed Marks
[2023-03-04T09:16:21.608+0000][68][safepoint   ] Safepoint "G1CollectForAllocation", Time since last: 2139834649 ns, Reaching safepoint: 112719 ns, At safepoint: 30406788 ns, Total: 30519507 ns
[2023-03-04T09:16:21.610+0000][68][gc,marking  ] GC(89) Concurrent Clear Claimed Marks 1.112ms
[2023-03-04T09:16:21.611+0000][68][gc,marking  ] GC(89) Concurrent Scan Root Regions
[2023-03-04T09:16:21.613+0000][68][gc,marking  ] GC(89) Concurrent Scan Root Regions 2.422ms
[2023-03-04T09:16:21.616+0000][68][gc,marking  ] GC(89) Concurrent Mark
[2023-03-04T09:16:21.619+0000][68][gc,marking  ] GC(89) Concurrent Mark From Roots
[2023-03-04T09:16:21.620+0000][68][gc,task     ] GC(89) Using 1 workers of 1 for marking
[2023-03-04T09:16:21.723+0000][68][gc,marking  ] GC(89) Concurrent Mark From Roots 104.440ms
[2023-03-04T09:16:21.724+0000][68][gc,marking  ] GC(89) Concurrent Preclean
[2023-03-04T09:16:21.726+0000][68][gc,marking  ] GC(89) Concurrent Preclean 1.216ms
[2023-03-04T09:16:21.726+0000][68][gc,start    ] GC(89) Pause Remark
[2023-03-04T09:16:21.737+0000][68][gc          ] GC(89) Pause Remark 117M->117M(256M) 10.773ms
[2023-03-04T09:16:21.738+0000][68][gc,cpu      ] GC(89) User=0.03s Sys=0.00s Real=0.01s
[2023-03-04T09:16:21.739+0000][68][safepoint   ] Safepoint "G1PauseRemark", Time since last: 118164058 ns, Reaching safepoint: 125572 ns, At safepoint: 12597880 ns, Total: 12723452 ns
[2023-03-04T09:16:21.740+0000][68][gc,marking  ] GC(89) Concurrent Mark 123.581ms
[2023-03-04T09:16:21.740+0000][68][gc,marking  ] GC(89) Concurrent Rebuild Remembered Sets
[2023-03-04T09:16:21.800+0000][68][gc,marking  ] GC(89) Concurrent Rebuild Remembered Sets 60.285ms
[2023-03-04T09:16:21.801+0000][68][gc,start    ] GC(89) Pause Cleanup
[2023-03-04T09:16:21.802+0000][68][gc          ] GC(89) Pause Cleanup 117M->117M(256M) 0.866ms
[2023-03-04T09:16:21.803+0000][68][gc,cpu      ] GC(89) User=0.00s Sys=0.00s Real=0.00s
[2023-03-04T09:16:21.804+0000][68][safepoint   ] Safepoint "G1PauseCleanup", Time since last: 62426634 ns, Reaching safepoint: 158367 ns, At safepoint: 2888201 ns, Total: 3046568 ns
[2023-03-04T09:16:21.805+0000][68][gc,marking  ] GC(89) Concurrent Cleanup for Next Mark
[2023-03-04T09:16:21.806+0000][68][gc,marking  ] GC(89) Concurrent Cleanup for Next Mark 0.829ms
[2023-03-04T09:16:21.807+0000][68][gc          ] GC(89) Concurrent Mark Cycle 199.076ms
[2023-03-04T09:16:25.811+0000][68][safepoint   ] Safepoint "Cleanup", Time since last: 4006046724 ns, Reaching safepoint: 509485 ns, At safepoint: 16446 ns, Total: 525931 ns
[2023-03-04T09:16:27.795+0000][68][safepoint   ] Safepoint "Cleanup", Time since last: 2005203752 ns, Reaching safepoint: 331064 ns, At safepoint: 12010 ns, Total: 343074 ns
[2023-03-04T09:16:28.799+0000][68][safepoint   ] Safepoint "Cleanup", Time since last: 1003364192 ns, Reaching safepoint: 690864 ns, At safepoint: 342208 ns, Total: 1033072 ns
[2023-03-04T09:16:30.803+0000][68][safepoint   ] Safepoint "Cleanup", Time since last: 2003711304 ns, Reaching safepoint: 144169 ns, At safepoint: 8885 ns, Total: 153054 ns
[2023-03-04T09:16:32.805+0000][68][safepoint   ] Safepoint "Cleanup", Time since last: 2001126797 ns, Reaching safepoint: 538913 ns, At safepoint: 32437 ns, Total: 571350 ns
[2023-03-04T09:16:37.810+0000][68][safepoint   ] Safepoint "Cleanup", Time since last: 5004978701 ns, Reaching safepoint: 658065 ns, At safepoint: 17481 ns, Total: 675546 ns
[2023-03-04T09:16:42.818+0000][68][safepoint   ] Safepoint "Cleanup", Time since last: 5007254235 ns, Reaching safepoint: 134563 ns, At safepoint: 26227 ns, Total: 160790 ns
[2023-03-04T09:16:43.820+0000][68][safepoint   ] Safepoint "Cleanup", Time since last: 1001426604 ns, Reaching safepoint: 760178 ns, At safepoint: 50088 ns, Total: 810266 ns
[2023-03-04T09:16:45.825+0000][68][safepoint   ] Safepoint "Cleanup", Time since last: 2004344406 ns, Reaching safepoint: 564824 ns, At safepoint: 33758 ns, Total: 598582 ns
[2023-03-04T09:16:48.808+0000][68][gc,start    ] GC(90) Pause Young (Prepare Mixed) (G1 Evacuation Pause)
[2023-03-04T09:16:48.809+0000][68][gc,task     ] GC(90) Using 4 workers of 4 for evacuation
[2023-03-04T09:16:48.810+0000][68][gc,age      ] GC(90) Desired survivor size 6291456 bytes, new threshold 15 (max threshold 15)
[2023-03-04T09:16:48.814+0000][68][gc,phases   ] GC(90)   Pre Evacuate Collection Set: 0.1ms
[2023-03-04T09:16:48.814+0000][68][gc,phases   ] GC(90)   Merge Heap Roots: 0.1ms
[2023-03-04T09:16:48.815+0000][68][gc,phases   ] GC(90)   Evacuate Collection Set: 2.1ms
[2023-03-04T09:16:48.815+0000][68][gc,phases   ] GC(90)   Post Evacuate Collection Set: 0.9ms
[2023-03-04T09:16:48.816+0000][68][gc,phases   ] GC(90)   Other: 1.1ms
[2023-03-04T09:16:48.816+0000][68][gc,age      ] GC(90) Age table with threshold 15 (max threshold 15)
[2023-03-04T09:16:48.817+0000][68][gc,age      ] GC(90) - age   1:     765728 bytes,     765728 total
[2023-03-04T09:16:48.817+0000][68][gc,age      ] GC(90) - age   2:     182152 bytes,     947880 total
[2023-03-04T09:16:48.818+0000][68][gc,age      ] GC(90) - age   3:      11656 bytes,     959536 total
[2023-03-04T09:16:48.818+0000][68][gc,age      ] GC(90) - age   4:       4648 bytes,     964184 total
[2023-03-04T09:16:48.819+0000][68][gc,age      ] GC(90) - age   6:      12984 bytes,     977168 total
[2023-03-04T09:16:48.819+0000][68][gc,age      ] GC(90) - age   7:     191384 bytes,    1168552 total
[2023-03-04T09:16:48.820+0000][68][gc,age      ] GC(90) - age   8:       3648 bytes,    1172200 total
[2023-03-04T09:16:48.820+0000][68][gc,age      ] GC(90) - age   9:     146432 bytes,    1318632 total
[2023-03-04T09:16:48.821+0000][68][gc,age      ] GC(90) - age  10:        120 bytes,    1318752 total
[2023-03-04T09:16:48.821+0000][68][gc,age      ] GC(90) - age  11:      24304 bytes,    1343056 total
[2023-03-04T09:16:48.822+0000][68][gc,heap     ] GC(90) Eden regions: 22->0(2)
[2023-03-04T09:16:48.822+0000][68][gc,heap     ] GC(90) Survivor regions: 1->1(3)
[2023-03-04T09:16:48.823+0000][68][gc,heap     ] GC(90) Old regions: 26->26
[2023-03-04T09:16:48.823+0000][68][gc,heap     ] GC(90) Archive regions: 2->2
[2023-03-04T09:16:48.824+0000][68][gc,heap     ] GC(90) Humongous regions: 2->2
[2023-03-04T09:16:48.824+0000][68][gc,metaspace] GC(90) Metaspace: 140968K(144320K)->140968K(144320K) NonClass: 122788K(124096K)->122788K(124096K) Class: 18179K(20224K)->18179K(20224K)
[2023-03-04T09:16:48.825+0000][68][gc          ] GC(90) Pause Young (Prepare Mixed) (G1 Evacuation Pause) 204M->116M(256M) 16.122ms
[2023-03-04T09:16:48.825+0000][68][gc,cpu      ] GC(90) User=0.01s Sys=0.00s Real=0.01s
[2023-03-04T09:16:48.826+0000][68][safepoint   ] Safepoint "G1CollectForAllocation", Time since last: 2983292862 ns, Reaching safepoint: 168703 ns, At safepoint: 17246223 ns, Total: 17414926 ns
[2023-03-04T09:16:50.828+0000][68][safepoint   ] Safepoint "Cleanup", Time since last: 2002096249 ns, Reaching safepoint: 656845 ns, At safepoint: 16776 ns, Total: 673621 ns
[2023-03-04T09:16:51.832+0000][68][safepoint   ] Safepoint "Cleanup", Time since last: 1003402972 ns, Reaching safepoint: 561338 ns, At safepoint: 10407 ns, Total: 571745 ns
[2023-03-04T09:16:53.444+0000][68][gc,start    ] GC(91) Pause Young (Mixed) (G1 Evacuation Pause)
[2023-03-04T09:16:53.447+0000][68][gc,task     ] GC(91) Using 4 workers of 4 for evacuation
[2023-03-04T09:16:53.448+0000][68][gc,age      ] GC(91) Desired survivor size 2097152 bytes, new threshold 15 (max threshold 15)
[2023-03-04T09:16:53.460+0000][68][gc,phases   ] GC(91)   Pre Evacuate Collection Set: 0.6ms
[2023-03-04T09:16:53.462+0000][68][gc,phases   ] GC(91)   Merge Heap Roots: 0.4ms
[2023-03-04T09:16:53.463+0000][68][gc,phases   ] GC(91)   Evacuate Collection Set: 9.4ms
[2023-03-04T09:16:53.464+0000][68][gc,phases   ] GC(91)   Post Evacuate Collection Set: 1.2ms
[2023-03-04T09:16:53.464+0000][68][gc,phases   ] GC(91)   Other: 2.3ms
[2023-03-04T09:16:53.465+0000][68][gc,age      ] GC(91) Age table with threshold 15 (max threshold 15)
[2023-03-04T09:16:53.466+0000][68][gc,age      ] GC(91) - age   1:     235648 bytes,     235648 total
[2023-03-04T09:16:53.467+0000][68][gc,age      ] GC(91) - age   2:     375056 bytes,     610704 total
[2023-03-04T09:16:53.468+0000][68][gc,age      ] GC(91) - age   3:     181032 bytes,     791736 total
[2023-03-04T09:16:53.469+0000][68][gc,age      ] GC(91) - age   4:      11472 bytes,     803208 total
[2023-03-04T09:16:53.469+0000][68][gc,age      ] GC(91) - age   5:       4648 bytes,     807856 total
[2023-03-04T09:16:53.470+0000][68][gc,age      ] GC(91) - age   7:      12984 bytes,     820840 total
[2023-03-04T09:16:53.471+0000][68][gc,age      ] GC(91) - age   8:     191384 bytes,    1012224 total
[2023-03-04T09:16:53.471+0000][68][gc,age      ] GC(91) - age   9:       3632 bytes,    1015856 total
[2023-03-04T09:16:53.472+0000][68][gc,age      ] GC(91) - age  10:     146368 bytes,    1162224 total
[2023-03-04T09:16:53.472+0000][68][gc,age      ] GC(91) - age  11:        120 bytes,    1162344 total
[2023-03-04T09:16:53.473+0000][68][gc,age      ] GC(91) - age  12:      24176 bytes,    1186520 total
[2023-03-04T09:16:53.474+0000][68][gc,heap     ] GC(91) Eden regions: 2->0(22)
[2023-03-04T09:16:53.474+0000][68][gc,heap     ] GC(91) Survivor regions: 1->1(1)
[2023-03-04T09:16:53.475+0000][68][gc,heap     ] GC(91) Old regions: 26->26
[2023-03-04T09:16:53.475+0000][68][gc,heap     ] GC(91) Archive regions: 2->2
[2023-03-04T09:16:53.476+0000][68][gc,heap     ] GC(91) Humongous regions: 2->2
[2023-03-04T09:16:53.476+0000][68][gc,metaspace] GC(91) Metaspace: 140985K(144384K)->140985K(144384K) NonClass: 122805K(124160K)->122805K(124160K) Class: 18179K(20224K)->18179K(20224K)
[2023-03-04T09:16:53.477+0000][68][gc          ] GC(91) Pause Young (Mixed) (G1 Evacuation Pause) 124M->115M(256M) 32.836ms
[2023-03-04T09:16:53.477+0000][68][gc,cpu      ] GC(91) User=0.03s Sys=0.00s Real=0.03s
[2023-03-04T09:16:53.478+0000][68][safepoint   ] Safepoint "G1CollectForAllocation", Time since last: 1610917289 ns, Reaching safepoint: 466147 ns, At safepoint: 34133591 ns, Total: 34599738 ns
[2023-03-04T09:16:55.480+0000][68][safepoint   ] Safepoint "Cleanup", Time since last: 2001983431 ns, Reaching safepoint: 209592 ns, At safepoint: 19776 ns, Total: 229368 ns
[2023-03-04T09:16:56.483+0000][68][safepoint   ] Safepoint "Cleanup", Time since last: 1001884073 ns, Reaching safepoint: 681792 ns, At safepoint: 159112 ns, Total: 840904 ns
[2023-03-04T09:16:58.465+0000][68][safepoint   ] Safepoint "Cleanup", Time since last: 2003645942 ns, Reaching safepoint: 88559 ns, At safepoint: 2859 ns, Total: 91418 ns
[2023-03-04T09:17:01.467+0000][68][safepoint   ] Safepoint "Cleanup", Time since last: 3001995033 ns, Reaching safepoint: 113250 ns, At safepoint: 3691 ns, Total: 116941 ns
[2023-03-04T09:17:07.472+0000][68][safepoint   ] Safepoint "Cleanup", Time since last: 6004489892 ns, Reaching safepoint: 220796 ns, At safepoint: 5262 ns, Total: 226058 ns
[2023-03-04T09:17:10.476+0000][68][safepoint   ] Safepoint "Cleanup", Time since last: 3002877899 ns, Reaching safepoint: 1280607 ns, At safepoint: 230525 ns, Total: 1511132 ns
[2023-03-04T09:17:12.481+0000][68][safepoint   ] Safepoint "Cleanup", Time since last: 2003858773 ns, Reaching safepoint: 823795 ns, At safepoint: 43158 ns, Total: 866953 ns
[2023-03-04T09:17:13.485+0000][68][safepoint   ] Safepoint "Cleanup", Time since last: 1003612172 ns, Reaching safepoint: 409076 ns, At safepoint: 26256 ns, Total: 435332 ns
[2023-03-04T09:17:15.493+0000][68][safepoint   ] Safepoint "Cleanup", Time since last: 2008150836 ns, Reaching safepoint: 421712 ns, At safepoint: 13808 ns, Total: 435520 ns
[2023-03-04T09:17:15.584+0000][68][gc,start    ] GC(92) Pause Young (Normal) (G1 Evacuation Pause)
[2023-03-04T09:17:15.585+0000][68][gc,task     ] GC(92) Using 4 workers of 4 for evacuation
[2023-03-04T09:17:15.586+0000][68][gc,age      ] GC(92) Desired survivor size 6291456 bytes, new threshold 15 (max threshold 15)
[2023-03-04T09:17:15.589+0000][68][gc,phases   ] GC(92)   Pre Evacuate Collection Set: 0.1ms
[2023-03-04T09:17:15.590+0000][68][gc,phases   ] GC(92)   Merge Heap Roots: 0.0ms
[2023-03-04T09:17:15.591+0000][68][gc,phases   ] GC(92)   Evacuate Collection Set: 1.9ms
[2023-03-04T09:17:15.591+0000][68][gc,phases   ] GC(92)   Post Evacuate Collection Set: 0.8ms
[2023-03-04T09:17:15.592+0000][68][gc,phases   ] GC(92)   Other: 1.5ms
[2023-03-04T09:17:15.592+0000][68][gc,age      ] GC(92) Age table with threshold 15 (max threshold 15)
[2023-03-04T09:17:15.593+0000][68][gc,age      ] GC(92) - age   1:     734920 bytes,     734920 total
[2023-03-04T09:17:15.594+0000][68][gc,age      ] GC(92) - age   2:       1616 bytes,     736536 total
[2023-03-04T09:17:15.594+0000][68][gc,age      ] GC(92) - age   3:      14792 bytes,     751328 total
[2023-03-04T09:17:15.594+0000][68][gc,age      ] GC(92) - age   4:     176712 bytes,     928040 total
[2023-03-04T09:17:15.595+0000][68][gc,age      ] GC(92) - age   5:      10752 bytes,     938792 total
[2023-03-04T09:17:15.596+0000][68][gc,age      ] GC(92) - age   6:       4520 bytes,     943312 total
[2023-03-04T09:17:15.597+0000][68][gc,age      ] GC(92) - age   8:      12624 bytes,     955936 total
[2023-03-04T09:17:15.597+0000][68][gc,age      ] GC(92) - age   9:     191024 bytes,    1146960 total
[2023-03-04T09:17:15.598+0000][68][gc,age      ] GC(92) - age  10:       3632 bytes,    1150592 total
[2023-03-04T09:17:15.598+0000][68][gc,age      ] GC(92) - age  11:     146368 bytes,    1296960 total
[2023-03-04T09:17:15.599+0000][68][gc,age      ] GC(92) - age  12:        120 bytes,    1297080 total
[2023-03-04T09:17:15.599+0000][68][gc,age      ] GC(92) - age  13:      24112 bytes,    1321192 total
[2023-03-04T09:17:15.600+0000][68][gc,heap     ] GC(92) Eden regions: 22->0(22)
[2023-03-04T09:17:15.600+0000][68][gc,heap     ] GC(92) Survivor regions: 1->1(3)
[2023-03-04T09:17:15.601+0000][68][gc,heap     ] GC(92) Old regions: 26->26
[2023-03-04T09:17:15.601+0000][68][gc,heap     ] GC(92) Archive regions: 2->2
[2023-03-04T09:17:15.602+0000][68][gc,heap     ] GC(92) Humongous regions: 2->2
[2023-03-04T09:17:15.603+0000][68][gc,metaspace] GC(92) Metaspace: 141200K(144448K)->141200K(144448K) NonClass: 122967K(124224K)->122967K(124224K) Class: 18232K(20224K)->18232K(20224K)
[2023-03-04T09:17:15.604+0000][68][gc          ] GC(92) Pause Young (Normal) (G1 Evacuation Pause) 203M->115M(256M) 19.754ms
[2023-03-04T09:17:15.604+0000][68][gc,cpu      ] GC(92) User=0.01s Sys=0.01s Real=0.02s
[2023-03-04T09:17:15.605+0000][68][safepoint   ] Safepoint "G1CollectForAllocation", Time since last: 90159206 ns, Reaching safepoint: 201824 ns, At safepoint: 20952674 ns, Total: 21154498 ns
[2023-03-04T09:17:19.611+0000][68][safepoint   ] Safepoint "Cleanup", Time since last: 4005940938 ns, Reaching safepoint: 358828 ns, At safepoint: 18766 ns, Total: 377594 ns
[2023-03-04T09:17:22.615+0000][68][safepoint   ] Safepoint "Cleanup", Time since last: 3004003838 ns, Reaching safepoint: 138937 ns, At safepoint: 36848 ns, Total: 175785 ns
[2023-03-04T09:17:23.618+0000][68][safepoint   ] Safepoint "Cleanup", Time since last: 1001647287 ns, Reaching safepoint: 670092 ns, At safepoint: 177226 ns, Total: 847318 ns
[2023-03-04T09:17:24.621+0000][68][safepoint   ] Safepoint "Cleanup", Time since last: 1002665083 ns, Reaching safepoint: 225000 ns, At safepoint: 9697 ns, Total: 234697 ns
[2023-03-04T09:17:25.622+0000][68][safepoint   ] Safepoint "Cleanup", Time since last: 1001145378 ns, Reaching safepoint: 129210 ns, At safepoint: 4885 ns, Total: 134095 ns
[2023-03-04T09:17:26.624+0000][68][safepoint   ] Safepoint "Cleanup", Time since last: 1001736492 ns, Reaching safepoint: 794651 ns, At safepoint: 27669 ns, Total: 822320 ns
[2023-03-04T09:17:27.607+0000][68][safepoint   ] Safepoint "Cleanup", Time since last: 1003830196 ns, Reaching safepoint: 347097 ns, At safepoint: 12301 ns, Total: 359398 ns
[2023-03-04T09:17:30.612+0000][68][safepoint   ] Safepoint "Cleanup", Time since last: 3004766914 ns, Reaching safepoint: 106476 ns, At safepoint: 4024 ns, Total: 110500 ns
[2023-03-04T09:17:31.615+0000][68][safepoint   ] Safepoint "Cleanup", Time since last: 1002796217 ns, Reaching safepoint: 120600 ns, At safepoint: 3243 ns, Total: 123843 ns
[2023-03-04T09:17:33.226+0000][68][gc,heap,exit] Heap
[2023-03-04T09:17:33.228+0000][68][gc,heap,exit]  garbage-first heap   total 262144K, used 192902K [0x00000000f0000000, 0x0000000100000000)
[2023-03-04T09:17:33.230+0000][68][gc,heap,exit]   region size 4096K, 20 young (81920K), 1 survivors (4096K)
[2023-03-04T09:17:33.231+0000][68][gc,heap,exit]  Metaspace       used 142087K, committed 145152K, reserved 1179648K
[2023-03-04T09:17:33.232+0000][68][gc,heap,exit]   class space    used 18381K, committed 20224K, reserved 1048576K
