[2023-03-18T14:27:36.170+0000][49][gc,init] CardTable entry size: 512
[2023-03-18T14:27:36.171+0000][49][gc     ] Using G1
[2023-03-18T14:27:36.176+0000][49][gc,init] Version: 19.0.1+10-21 (release)
[2023-03-18T14:27:36.176+0000][49][gc,init] CPUs: 4 total, 4 available
[2023-03-18T14:27:36.177+0000][49][gc,init] Memory: 7860M
[2023-03-18T14:27:36.178+0000][49][gc,init] Large Page Support: Disabled
[2023-03-18T14:27:36.178+0000][49][gc,init] NUMA Support: Disabled
[2023-03-18T14:27:36.179+0000][49][gc,init] Compressed Oops: Enabled (32-bit)
[2023-03-18T14:27:36.180+0000][49][gc,init] Heap Region Size: 1M
[2023-03-18T14:27:36.180+0000][49][gc,init] Heap Min Capacity: 256M
[2023-03-18T14:27:36.181+0000][49][gc,init] Heap Initial Capacity: 256M
[2023-03-18T14:27:36.181+0000][49][gc,init] Heap Max Capacity: 256M
[2023-03-18T14:27:36.182+0000][49][gc,init] Pre-touch: Disabled
[2023-03-18T14:27:36.183+0000][49][gc,init] Parallel Workers: 4
[2023-03-18T14:27:36.183+0000][49][gc,init] Concurrent Workers: 1
[2023-03-18T14:27:36.184+0000][49][gc,init] Concurrent Refinement Workers: 4
[2023-03-18T14:27:36.184+0000][49][gc,init] Periodic GC: Disabled
[2023-03-18T14:27:36.185+0000][49][gc,metaspace] CDS archive(s) mapped at: [0x0000000800000000-0x0000000800c4f000-0x0000000800c4f000), size 12906496, SharedBaseAddress: 0x0000000800000000, ArchiveRelocationMode: 0.
[2023-03-18T14:27:36.186+0000][49][gc,metaspace] Compressed class space mapped at: 0x0000000801000000-0x0000000841000000, reserved size: 1073741824
[2023-03-18T14:27:36.186+0000][49][gc,metaspace] Narrow klass base: 0x0000000800000000, Narrow klass shift: 0, Narrow klass range: 0x100000000
[2023-03-18T14:27:36.223+0000][49][gc,heap,exit] Heap
[2023-03-18T14:27:36.224+0000][49][gc,heap,exit]  garbage-first heap   total 262144K, used 2016K [0x00000000f0000000, 0x0000000100000000)
[2023-03-18T14:27:36.225+0000][49][gc,heap,exit]   region size 1024K, 1 young (1024K), 0 survivors (0K)
[2023-03-18T14:27:36.225+0000][49][gc,heap,exit]  Metaspace       used 53K, committed 128K, reserved 1114112K
[2023-03-18T14:27:36.226+0000][49][gc,heap,exit]   class space    used 1K, committed 64K, reserved 1048576K
