[2023-04-06T07:43:39.213+0000][69][gc,init] CardTable entry size: 512
[2023-04-06T07:43:39.214+0000][69][gc     ] Using G1
[2023-04-06T07:43:39.262+0000][69][gc,init] Version: 19.0.1+10-21 (release)
[2023-04-06T07:43:39.263+0000][69][gc,init] CPUs: 4 total, 4 available
[2023-04-06T07:43:39.264+0000][69][gc,init] Memory: 7860M
[2023-04-06T07:43:39.264+0000][69][gc,init] Large Page Support: Disabled
[2023-04-06T07:43:39.265+0000][69][gc,init] NUMA Support: Disabled
[2023-04-06T07:43:39.265+0000][69][gc,init] Compressed Oops: Enabled (32-bit)
[2023-04-06T07:43:39.266+0000][69][gc,init] Heap Region Size: 4M
[2023-04-06T07:43:39.266+0000][69][gc,init] Heap Min Capacity: 256M
[2023-04-06T07:43:39.267+0000][69][gc,init] Heap Initial Capacity: 256M
[2023-04-06T07:43:39.267+0000][69][gc,init] Heap Max Capacity: 256M
[2023-04-06T07:43:39.268+0000][69][gc,init] Pre-touch: Enabled
[2023-04-06T07:43:39.268+0000][69][gc,init] Parallel Workers: 4
[2023-04-06T07:43:39.269+0000][69][gc,init] Concurrent Workers: 1
[2023-04-06T07:43:39.269+0000][69][gc,init] Concurrent Refinement Workers: 4
[2023-04-06T07:43:39.270+0000][69][gc,init] Periodic GC: Disabled
[2023-04-06T07:43:39.271+0000][69][gc,metaspace] CDS archive(s) mapped at: [0x0000000800000000-0x0000000800c4f000-0x0000000800c4f000), size 12906496, SharedBaseAddress: 0x0000000800000000, ArchiveRelocationMode: 0.
[2023-04-06T07:43:39.271+0000][69][gc,metaspace] Compressed class space mapped at: 0x0000000801000000-0x0000000841000000, reserved size: 1073741824
[2023-04-06T07:43:39.272+0000][69][gc,metaspace] Narrow klass base: 0x0000000800000000, Narrow klass shift: 0, Narrow klass range: 0x100000000
[2023-04-06T07:43:39.462+0000][69][gc,start    ] GC(0) Pause Young (Normal) (G1 Evacuation Pause)
[2023-04-06T07:43:39.463+0000][69][gc,task     ] GC(0) Using 4 workers of 4 for evacuation
[2023-04-06T07:43:39.464+0000][69][gc,age      ] GC(0) Desired survivor size 2097152 bytes, new threshold 15 (max threshold 15)
[2023-04-06T07:43:39.468+0000][69][gc,phases   ] GC(0)   Pre Evacuate Collection Set: 0.1ms
[2023-04-06T07:43:39.469+0000][69][gc,phases   ] GC(0)   Merge Heap Roots: 0.8ms
[2023-04-06T07:43:39.469+0000][69][gc,phases   ] GC(0)   Evacuate Collection Set: 1.1ms
[2023-04-06T07:43:39.470+0000][69][gc,phases   ] GC(0)   Post Evacuate Collection Set: 0.8ms
[2023-04-06T07:43:39.471+0000][69][gc,phases   ] GC(0)   Other: 1.8ms
[2023-04-06T07:43:39.471+0000][69][gc,age      ] GC(0) Age table with threshold 15 (max threshold 15)
[2023-04-06T07:43:39.472+0000][69][gc,age      ] GC(0) - age   1:    1502072 bytes,    1502072 total
[2023-04-06T07:43:39.473+0000][69][gc,heap     ] GC(0) Eden regions: 3->0(10)
[2023-04-06T07:43:39.474+0000][69][gc,heap     ] GC(0) Survivor regions: 0->1(1)
[2023-04-06T07:43:39.474+0000][69][gc,heap     ] GC(0) Old regions: 0->0
[2023-04-06T07:43:39.475+0000][69][gc,heap     ] GC(0) Archive regions: 2->2
[2023-04-06T07:43:39.476+0000][69][gc,heap     ] GC(0) Humongous regions: 0->0
[2023-04-06T07:43:39.476+0000][69][gc,metaspace] GC(0) Metaspace: 697K(896K)->697K(896K) NonClass: 652K(768K)->652K(768K) Class: 44K(128K)->44K(128K)
[2023-04-06T07:43:39.477+0000][69][gc          ] GC(0) Pause Young (Normal) (G1 Evacuation Pause) 15M->5M(256M) 14.898ms
[2023-04-06T07:43:39.477+0000][69][gc,cpu      ] GC(0) User=0.00s Sys=0.00s Real=0.02s
[2023-04-06T07:43:39.478+0000][69][safepoint   ] Safepoint "G1CollectForAllocation", Time since last: 183876726 ns, Reaching safepoint: 57176 ns, At safepoint: 16109082 ns, Total: 16166258 ns
[2023-04-06T07:43:39.979+0000][69][safepoint   ] Safepoint "ICBufferFull", Time since last: 500845041 ns, Reaching safepoint: 185928 ns, At safepoint: 26652 ns, Total: 212580 ns
[2023-04-06T07:43:40.373+0000][69][gc,start    ] GC(1) Pause Young (Normal) (G1 Evacuation Pause)
[2023-04-06T07:43:40.375+0000][69][gc,task     ] GC(1) Using 4 workers of 4 for evacuation
[2023-04-06T07:43:40.375+0000][69][gc,age      ] GC(1) Desired survivor size 4194304 bytes, new threshold 15 (max threshold 15)
[2023-04-06T07:43:40.381+0000][69][gc,phases   ] GC(1)   Pre Evacuate Collection Set: 0.1ms
[2023-04-06T07:43:40.382+0000][69][gc,phases   ] GC(1)   Merge Heap Roots: 0.1ms
[2023-04-06T07:43:40.383+0000][69][gc,phases   ] GC(1)   Evacuate Collection Set: 3.4ms
[2023-04-06T07:43:40.384+0000][69][gc,phases   ] GC(1)   Post Evacuate Collection Set: 0.7ms
[2023-04-06T07:43:40.385+0000][69][gc,phases   ] GC(1)   Other: 1.6ms
[2023-04-06T07:43:40.386+0000][69][gc,age      ] GC(1) Age table with threshold 15 (max threshold 15)
[2023-04-06T07:43:40.386+0000][69][gc,age      ] GC(1) - age   1:    4991344 bytes,    4991344 total
[2023-04-06T07:43:40.387+0000][69][gc,age      ] GC(1) - age   2:     406272 bytes,    5397616 total
[2023-04-06T07:43:40.388+0000][69][gc,heap     ] GC(1) Eden regions: 10->0(36)
[2023-04-06T07:43:40.389+0000][69][gc,heap     ] GC(1) Survivor regions: 1->2(2)
[2023-04-06T07:43:40.390+0000][69][gc,heap     ] GC(1) Old regions: 0->0
[2023-04-06T07:43:40.390+0000][69][gc,heap     ] GC(1) Archive regions: 2->2
[2023-04-06T07:43:40.391+0000][69][gc,heap     ] GC(1) Humongous regions: 0->0
[2023-04-06T07:43:40.392+0000][69][gc,metaspace] GC(1) Metaspace: 9203K(9536K)->9203K(9536K) NonClass: 8103K(8256K)->8103K(8256K) Class: 1099K(1280K)->1099K(1280K)
[2023-04-06T07:43:40.393+0000][69][gc          ] GC(1) Pause Young (Normal) (G1 Evacuation Pause) 45M->9M(256M) 19.263ms
[2023-04-06T07:43:40.393+0000][69][gc,cpu      ] GC(1) User=0.01s Sys=0.00s Real=0.02s
[2023-04-06T07:43:40.394+0000][69][safepoint   ] Safepoint "G1CollectForAllocation", Time since last: 394081975 ns, Reaching safepoint: 198584 ns, At safepoint: 21040414 ns, Total: 21238998 ns
[2023-04-06T07:43:41.069+0000][69][safepoint   ] Safepoint "ICBufferFull", Time since last: 674165610 ns, Reaching safepoint: 208057 ns, At safepoint: 3588 ns, Total: 211645 ns
[2023-04-06T07:43:41.623+0000][69][safepoint   ] Safepoint "ICBufferFull", Time since last: 553783748 ns, Reaching safepoint: 170099 ns, At safepoint: 3357 ns, Total: 173456 ns
[2023-04-06T07:43:42.391+0000][69][safepoint   ] Safepoint "ICBufferFull", Time since last: 767924953 ns, Reaching safepoint: 203686 ns, At safepoint: 39014 ns, Total: 242700 ns
[2023-04-06T07:43:43.109+0000][69][gc,start    ] GC(2) Pause Young (Normal) (G1 Evacuation Pause)
[2023-04-06T07:43:43.110+0000][69][gc,task     ] GC(2) Using 4 workers of 4 for evacuation
[2023-04-06T07:43:43.111+0000][69][gc,age      ] GC(2) Desired survivor size 10485760 bytes, new threshold 15 (max threshold 15)
[2023-04-06T07:43:43.129+0000][69][gc,phases   ] GC(2)   Pre Evacuate Collection Set: 0.3ms
[2023-04-06T07:43:43.130+0000][69][gc,phases   ] GC(2)   Merge Heap Roots: 0.2ms
[2023-04-06T07:43:43.131+0000][69][gc,phases   ] GC(2)   Evacuate Collection Set: 14.9ms
[2023-04-06T07:43:43.132+0000][69][gc,phases   ] GC(2)   Post Evacuate Collection Set: 2.1ms
[2023-04-06T07:43:43.132+0000][69][gc,phases   ] GC(2)   Other: 2.0ms
[2023-04-06T07:43:43.133+0000][69][gc,age      ] GC(2) Age table with threshold 15 (max threshold 15)
[2023-04-06T07:43:43.134+0000][69][gc,age      ] GC(2) - age   1:    6640144 bytes,    6640144 total
[2023-04-06T07:43:43.135+0000][69][gc,age      ] GC(2) - age   2:    4826880 bytes,   11467024 total
[2023-04-06T07:43:43.136+0000][69][gc,age      ] GC(2) - age   3:     404872 bytes,   11871896 total
[2023-04-06T07:43:43.137+0000][69][gc,heap     ] GC(2) Eden regions: 36->0(34)
[2023-04-06T07:43:43.138+0000][69][gc,heap     ] GC(2) Survivor regions: 2->3(5)
[2023-04-06T07:43:43.139+0000][69][gc,heap     ] GC(2) Old regions: 0->0
[2023-04-06T07:43:43.140+0000][69][gc,heap     ] GC(2) Archive regions: 2->2
[2023-04-06T07:43:43.141+0000][69][gc,heap     ] GC(2) Humongous regions: 0->0
[2023-04-06T07:43:43.142+0000][69][gc,metaspace] GC(2) Metaspace: 18282K(18752K)->18282K(18752K) NonClass: 16227K(16448K)->16227K(16448K) Class: 2055K(2304K)->2055K(2304K)
[2023-04-06T07:43:43.143+0000][69][gc          ] GC(2) Pause Young (Normal) (G1 Evacuation Pause) 153M->15M(256M) 33.372ms
[2023-04-06T07:43:43.144+0000][69][gc,cpu      ] GC(2) User=0.05s Sys=0.00s Real=0.04s
[2023-04-06T07:43:43.145+0000][69][safepoint   ] Safepoint "G1CollectForAllocation", Time since last: 717658301 ns, Reaching safepoint: 616124 ns, At safepoint: 35788184 ns, Total: 36404308 ns
[2023-04-06T07:43:43.729+0000][69][gc,start    ] GC(3) Pause Young (Concurrent Start) (Metadata GC Threshold)
[2023-04-06T07:43:43.730+0000][69][gc,task     ] GC(3) Using 4 workers of 4 for evacuation
[2023-04-06T07:43:43.731+0000][69][gc,age      ] GC(3) Desired survivor size 10485760 bytes, new threshold 2 (max threshold 15)
[2023-04-06T07:43:43.744+0000][69][gc,phases   ] GC(3)   Pre Evacuate Collection Set: 0.2ms
[2023-04-06T07:43:43.745+0000][69][gc,phases   ] GC(3)   Merge Heap Roots: 0.1ms
[2023-04-06T07:43:43.746+0000][69][gc,phases   ] GC(3)   Evacuate Collection Set: 10.3ms
[2023-04-06T07:43:43.747+0000][69][gc,phases   ] GC(3)   Post Evacuate Collection Set: 1.4ms
[2023-04-06T07:43:43.748+0000][69][gc,phases   ] GC(3)   Other: 1.9ms
[2023-04-06T07:43:43.748+0000][69][gc,age      ] GC(3) Age table with threshold 2 (max threshold 15)
[2023-04-06T07:43:43.749+0000][69][gc,age      ] GC(3) - age   1:    1036952 bytes,    1036952 total
[2023-04-06T07:43:43.751+0000][69][gc,age      ] GC(3) - age   2:    4810704 bytes,    5847656 total
[2023-04-06T07:43:43.751+0000][69][gc,heap     ] GC(3) Eden regions: 12->0(36)
[2023-04-06T07:43:43.752+0000][69][gc,heap     ] GC(3) Survivor regions: 3->2(5)
[2023-04-06T07:43:43.753+0000][69][gc,heap     ] GC(3) Old regions: 0->2
[2023-04-06T07:43:43.754+0000][69][gc,heap     ] GC(3) Archive regions: 2->2
[2023-04-06T07:43:43.754+0000][69][gc,heap     ] GC(3) Humongous regions: 0->0
[2023-04-06T07:43:43.755+0000][69][gc,metaspace] GC(3) Metaspace: 21056K(21504K)->21056K(21504K) NonClass: 18744K(18944K)->18744K(18944K) Class: 2311K(2560K)->2311K(2560K)
[2023-04-06T07:43:43.756+0000][69][gc          ] GC(3) Pause Young (Concurrent Start) (Metadata GC Threshold) 63M->15M(256M) 27.299ms
[2023-04-06T07:43:43.757+0000][69][gc,cpu      ] GC(3) User=0.02s Sys=0.00s Real=0.03s
[2023-04-06T07:43:43.757+0000][69][gc          ] GC(4) Concurrent Mark Cycle
[2023-04-06T07:43:43.758+0000][69][gc,marking  ] GC(4) Concurrent Clear Claimed Marks
[2023-04-06T07:43:43.758+0000][69][safepoint   ] Safepoint "CollectForMetadataAllocation", Time since last: 583560901 ns, Reaching safepoint: 215057 ns, At safepoint: 28972874 ns, Total: 29187931 ns
[2023-04-06T07:43:43.759+0000][69][gc,marking  ] GC(4) Concurrent Clear Claimed Marks 0.715ms
[2023-04-06T07:43:43.760+0000][69][gc,marking  ] GC(4) Concurrent Scan Root Regions
[2023-04-06T07:43:43.766+0000][69][gc,marking  ] GC(4) Concurrent Scan Root Regions 5.171ms
[2023-04-06T07:43:43.766+0000][69][gc,marking  ] GC(4) Concurrent Mark
[2023-04-06T07:43:43.767+0000][69][gc,marking  ] GC(4) Concurrent Mark From Roots
[2023-04-06T07:43:43.768+0000][69][gc,task     ] GC(4) Using 1 workers of 1 for marking
[2023-04-06T07:43:43.769+0000][69][gc,marking  ] GC(4) Concurrent Mark From Roots 2.110ms
[2023-04-06T07:43:43.770+0000][69][gc,marking  ] GC(4) Concurrent Preclean
[2023-04-06T07:43:43.771+0000][69][gc,marking  ] GC(4) Concurrent Preclean 0.750ms
[2023-04-06T07:43:43.772+0000][69][gc,start    ] GC(4) Pause Remark
[2023-04-06T07:43:43.776+0000][69][gc          ] GC(4) Pause Remark 17M->17M(256M) 4.603ms
[2023-04-06T07:43:43.777+0000][69][gc,cpu      ] GC(4) User=0.00s Sys=0.00s Real=0.01s
[2023-04-06T07:43:43.778+0000][69][safepoint   ] Safepoint "G1PauseRemark", Time since last: 13580653 ns, Reaching safepoint: 370496 ns, At safepoint: 6366935 ns, Total: 6737431 ns
[2023-04-06T07:43:43.779+0000][69][gc,marking  ] GC(4) Concurrent Mark 12.592ms
[2023-04-06T07:43:43.781+0000][69][gc,marking  ] GC(4) Concurrent Rebuild Remembered Sets
[2023-04-06T07:43:43.785+0000][69][gc,marking  ] GC(4) Concurrent Rebuild Remembered Sets 4.262ms
[2023-04-06T07:43:43.786+0000][69][gc,start    ] GC(4) Pause Cleanup
[2023-04-06T07:43:43.787+0000][69][gc          ] GC(4) Pause Cleanup 17M->17M(256M) 0.991ms
[2023-04-06T07:43:43.788+0000][69][gc,cpu      ] GC(4) User=0.00s Sys=0.00s Real=0.00s
[2023-04-06T07:43:43.789+0000][69][safepoint   ] Safepoint "G1PauseCleanup", Time since last: 7853100 ns, Reaching safepoint: 250421 ns, At safepoint: 2583167 ns, Total: 2833588 ns
[2023-04-06T07:43:43.790+0000][69][gc,marking  ] GC(4) Concurrent Cleanup for Next Mark
[2023-04-06T07:43:43.792+0000][69][gc,marking  ] GC(4) Concurrent Cleanup for Next Mark 1.506ms
[2023-04-06T07:43:43.793+0000][69][gc          ] GC(4) Concurrent Mark Cycle 35.918ms
[2023-04-06T07:43:44.599+0000][69][safepoint   ] Safepoint "ICBufferFull", Time since last: 809592899 ns, Reaching safepoint: 336788 ns, At safepoint: 6571 ns, Total: 343359 ns
[2023-04-06T07:43:44.700+0000][69][gc,start    ] GC(5) Pause Young (Normal) (G1 Evacuation Pause)
[2023-04-06T07:43:44.701+0000][69][gc,task     ] GC(5) Using 4 workers of 4 for evacuation
[2023-04-06T07:43:44.702+0000][69][gc,age      ] GC(5) Desired survivor size 10485760 bytes, new threshold 15 (max threshold 15)
[2023-04-06T07:43:44.716+0000][69][gc,phases   ] GC(5)   Pre Evacuate Collection Set: 0.1ms
[2023-04-06T07:43:44.717+0000][69][gc,phases   ] GC(5)   Merge Heap Roots: 0.1ms
[2023-04-06T07:43:44.718+0000][69][gc,phases   ] GC(5)   Evacuate Collection Set: 10.8ms
[2023-04-06T07:43:44.719+0000][69][gc,phases   ] GC(5)   Post Evacuate Collection Set: 1.0ms
[2023-04-06T07:43:44.721+0000][69][gc,phases   ] GC(5)   Other: 2.4ms
[2023-04-06T07:43:44.722+0000][69][gc,age      ] GC(5) Age table with threshold 15 (max threshold 15)
[2023-04-06T07:43:44.723+0000][69][gc,age      ] GC(5) - age   1:    5202984 bytes,    5202984 total
[2023-04-06T07:43:44.724+0000][69][gc,age      ] GC(5) - age   2:     996056 bytes,    6199040 total
[2023-04-06T07:43:44.724+0000][69][gc,age      ] GC(5) - age   3:    4805176 bytes,   11004216 total
[2023-04-06T07:43:44.725+0000][69][gc,heap     ] GC(5) Eden regions: 36->0(35)
[2023-04-06T07:43:44.726+0000][69][gc,heap     ] GC(5) Survivor regions: 2->3(5)
[2023-04-06T07:43:44.727+0000][69][gc,heap     ] GC(5) Old regions: 2->2
[2023-04-06T07:43:44.728+0000][69][gc,heap     ] GC(5) Archive regions: 2->2
[2023-04-06T07:43:44.729+0000][69][gc,heap     ] GC(5) Humongous regions: 0->0
[2023-04-06T07:43:44.729+0000][69][gc,metaspace] GC(5) Metaspace: 25141K(25664K)->25141K(25664K) NonClass: 22253K(22528K)->22253K(22528K) Class: 2887K(3136K)->2887K(3136K)
[2023-04-06T07:43:44.730+0000][69][gc          ] GC(5) Pause Young (Normal) (G1 Evacuation Pause) 159M->19M(256M) 29.946ms
[2023-04-06T07:43:44.731+0000][69][gc,cpu      ] GC(5) User=0.07s Sys=0.00s Real=0.03s
[2023-04-06T07:43:44.732+0000][69][safepoint   ] Safepoint "G1CollectForAllocation", Time since last: 101113915 ns, Reaching safepoint: 74135 ns, At safepoint: 31735281 ns, Total: 31809416 ns
[2023-04-06T07:43:45.130+0000][69][gc,start    ] GC(6) Pause Young (Normal) (G1 Evacuation Pause)
[2023-04-06T07:43:45.130+0000][69][gc,task     ] GC(6) Using 4 workers of 4 for evacuation
[2023-04-06T07:43:45.131+0000][69][gc,age      ] GC(6) Desired survivor size 10485760 bytes, new threshold 3 (max threshold 15)
[2023-04-06T07:43:45.139+0000][69][gc,phases   ] GC(6)   Pre Evacuate Collection Set: 0.2ms
[2023-04-06T07:43:45.140+0000][69][gc,phases   ] GC(6)   Merge Heap Roots: 0.1ms
[2023-04-06T07:43:45.141+0000][69][gc,phases   ] GC(6)   Evacuate Collection Set: 6.6ms
[2023-04-06T07:43:45.141+0000][69][gc,phases   ] GC(6)   Post Evacuate Collection Set: 0.7ms
[2023-04-06T07:43:45.142+0000][69][gc,phases   ] GC(6)   Other: 1.1ms
[2023-04-06T07:43:45.143+0000][69][gc,age      ] GC(6) Age table with threshold 3 (max threshold 15)
[2023-04-06T07:43:45.143+0000][69][gc,age      ] GC(6) - age   1:    3050104 bytes,    3050104 total
[2023-04-06T07:43:45.144+0000][69][gc,age      ] GC(6) - age   2:    4158392 bytes,    7208496 total
[2023-04-06T07:43:45.145+0000][69][gc,age      ] GC(6) - age   3:     996024 bytes,    8204520 total
[2023-04-06T07:43:45.146+0000][69][gc,heap     ] GC(6) Eden regions: 35->0(36)
[2023-04-06T07:43:45.146+0000][69][gc,heap     ] GC(6) Survivor regions: 3->2(5)
[2023-04-06T07:43:45.147+0000][69][gc,heap     ] GC(6) Old regions: 2->3
[2023-04-06T07:43:45.147+0000][69][gc,heap     ] GC(6) Archive regions: 2->2
[2023-04-06T07:43:45.148+0000][69][gc,heap     ] GC(6) Humongous regions: 0->0
[2023-04-06T07:43:45.149+0000][69][gc,metaspace] GC(6) Metaspace: 25563K(26112K)->25563K(26112K) NonClass: 22637K(22912K)->22637K(22912K) Class: 2925K(3200K)->2925K(3200K)
[2023-04-06T07:43:45.150+0000][69][gc          ] GC(6) Pause Young (Normal) (G1 Evacuation Pause) 159M->21M(256M) 20.259ms
[2023-04-06T07:43:45.151+0000][69][gc,cpu      ] GC(6) User=0.02s Sys=0.00s Real=0.02s
[2023-04-06T07:43:45.151+0000][69][safepoint   ] Safepoint "G1CollectForAllocation", Time since last: 397765991 ns, Reaching safepoint: 224139 ns, At safepoint: 21761805 ns, Total: 21985944 ns
[2023-04-06T07:43:45.491+0000][69][gc,start    ] GC(7) Pause Young (Normal) (G1 Evacuation Pause)
[2023-04-06T07:43:45.492+0000][69][gc,task     ] GC(7) Using 4 workers of 4 for evacuation
[2023-04-06T07:43:45.493+0000][69][gc,age      ] GC(7) Desired survivor size 10485760 bytes, new threshold 15 (max threshold 15)
[2023-04-06T07:43:45.499+0000][69][gc,phases   ] GC(7)   Pre Evacuate Collection Set: 0.1ms
[2023-04-06T07:43:45.500+0000][69][gc,phases   ] GC(7)   Merge Heap Roots: 0.1ms
[2023-04-06T07:43:45.501+0000][69][gc,phases   ] GC(7)   Evacuate Collection Set: 4.7ms
[2023-04-06T07:43:45.501+0000][69][gc,phases   ] GC(7)   Post Evacuate Collection Set: 0.5ms
[2023-04-06T07:43:45.502+0000][69][gc,phases   ] GC(7)   Other: 1.9ms
[2023-04-06T07:43:45.503+0000][69][gc,age      ] GC(7) Age table with threshold 15 (max threshold 15)
[2023-04-06T07:43:45.503+0000][69][gc,age      ] GC(7) - age   1:    1436488 bytes,    1436488 total
[2023-04-06T07:43:45.504+0000][69][gc,age      ] GC(7) - age   2:    2431568 bytes,    3868056 total
[2023-04-06T07:43:45.505+0000][69][gc,age      ] GC(7) - age   3:    4158248 bytes,    8026304 total
[2023-04-06T07:43:45.505+0000][69][gc,age      ] GC(7) - age   4:     996024 bytes,    9022328 total
[2023-04-06T07:43:45.506+0000][69][gc,heap     ] GC(7) Eden regions: 36->0(35)
[2023-04-06T07:43:45.507+0000][69][gc,heap     ] GC(7) Survivor regions: 2->3(5)
[2023-04-06T07:43:45.507+0000][69][gc,heap     ] GC(7) Old regions: 3->3
[2023-04-06T07:43:45.508+0000][69][gc,heap     ] GC(7) Archive regions: 2->2
[2023-04-06T07:43:45.509+0000][69][gc,heap     ] GC(7) Humongous regions: 0->0
[2023-04-06T07:43:45.510+0000][69][gc,metaspace] GC(7) Metaspace: 26038K(26624K)->26038K(26624K) NonClass: 23048K(23360K)->23048K(23360K) Class: 2990K(3264K)->2990K(3264K)
[2023-04-06T07:43:45.510+0000][69][gc          ] GC(7) Pause Young (Normal) (G1 Evacuation Pause) 165M->22M(256M) 19.563ms
[2023-04-06T07:43:45.511+0000][69][gc,cpu      ] GC(7) User=0.01s Sys=0.00s Real=0.02s
[2023-04-06T07:43:45.512+0000][69][safepoint   ] Safepoint "G1CollectForAllocation", Time since last: 339249796 ns, Reaching safepoint: 149773 ns, At safepoint: 21468773 ns, Total: 21618546 ns
[2023-04-06T07:43:46.320+0000][69][safepoint   ] Safepoint "ICBufferFull", Time since last: 807084288 ns, Reaching safepoint: 395425 ns, At safepoint: 41656 ns, Total: 437081 ns
[2023-04-06T07:43:46.430+0000][69][gc,start    ] GC(8) Pause Young (Normal) (G1 Evacuation Pause)
[2023-04-06T07:43:46.431+0000][69][gc,task     ] GC(8) Using 4 workers of 4 for evacuation
[2023-04-06T07:43:46.432+0000][69][gc,age      ] GC(8) Desired survivor size 10485760 bytes, new threshold 15 (max threshold 15)
[2023-04-06T07:43:46.439+0000][69][gc,phases   ] GC(8)   Pre Evacuate Collection Set: 0.1ms
[2023-04-06T07:43:46.439+0000][69][gc,phases   ] GC(8)   Merge Heap Roots: 0.1ms
[2023-04-06T07:43:46.440+0000][69][gc,phases   ] GC(8)   Evacuate Collection Set: 5.3ms
[2023-04-06T07:43:46.441+0000][69][gc,phases   ] GC(8)   Post Evacuate Collection Set: 0.7ms
[2023-04-06T07:43:46.442+0000][69][gc,phases   ] GC(8)   Other: 1.5ms
[2023-04-06T07:43:46.443+0000][69][gc,age      ] GC(8) Age table with threshold 15 (max threshold 15)
[2023-04-06T07:43:46.443+0000][69][gc,age      ] GC(8) - age   1:    4023432 bytes,    4023432 total
[2023-04-06T07:43:46.444+0000][69][gc,age      ] GC(8) - age   2:     375536 bytes,    4398968 total
[2023-04-06T07:43:46.446+0000][69][gc,age      ] GC(8) - age   3:    2431568 bytes,    6830536 total
[2023-04-06T07:43:46.447+0000][69][gc,age      ] GC(8) - age   4:    4153352 bytes,   10983888 total
[2023-04-06T07:43:46.447+0000][69][gc,age      ] GC(8) - age   5:     994952 bytes,   11978840 total
[2023-04-06T07:43:46.448+0000][69][gc,heap     ] GC(8) Eden regions: 35->0(35)
[2023-04-06T07:43:46.449+0000][69][gc,heap     ] GC(8) Survivor regions: 3->3(5)
[2023-04-06T07:43:46.450+0000][69][gc,heap     ] GC(8) Old regions: 3->3
[2023-04-06T07:43:46.451+0000][69][gc,heap     ] GC(8) Archive regions: 2->2
[2023-04-06T07:43:46.452+0000][69][gc,heap     ] GC(8) Humongous regions: 0->0
[2023-04-06T07:43:46.452+0000][69][gc,metaspace] GC(8) Metaspace: 32063K(32768K)->32063K(32768K) NonClass: 28420K(28800K)->28420K(28800K) Class: 3642K(3968K)->3642K(3968K)
[2023-04-06T07:43:46.453+0000][69][gc          ] GC(8) Pause Young (Normal) (G1 Evacuation Pause) 162M->25M(256M) 23.248ms
[2023-04-06T07:43:46.454+0000][69][gc,cpu      ] GC(8) User=0.01s Sys=0.00s Real=0.03s
[2023-04-06T07:43:46.455+0000][69][safepoint   ] Safepoint "G1CollectForAllocation", Time since last: 110019516 ns, Reaching safepoint: 145960 ns, At safepoint: 24760853 ns, Total: 24906813 ns
[2023-04-06T07:43:46.713+0000][69][gc,start    ] GC(9) Pause Young (Normal) (G1 Evacuation Pause)
[2023-04-06T07:43:46.714+0000][69][gc,task     ] GC(9) Using 4 workers of 4 for evacuation
[2023-04-06T07:43:46.715+0000][69][gc,age      ] GC(9) Desired survivor size 10485760 bytes, new threshold 4 (max threshold 15)
[2023-04-06T07:43:46.722+0000][69][gc,phases   ] GC(9)   Pre Evacuate Collection Set: 0.1ms
[2023-04-06T07:43:46.723+0000][69][gc,phases   ] GC(9)   Merge Heap Roots: 0.1ms
[2023-04-06T07:43:46.723+0000][69][gc,phases   ] GC(9)   Evacuate Collection Set: 5.2ms
[2023-04-06T07:43:46.724+0000][69][gc,phases   ] GC(9)   Post Evacuate Collection Set: 0.6ms
[2023-04-06T07:43:46.724+0000][69][gc,phases   ] GC(9)   Other: 1.9ms
[2023-04-06T07:43:46.725+0000][69][gc,age      ] GC(9) Age table with threshold 4 (max threshold 15)
[2023-04-06T07:43:46.725+0000][69][gc,age      ] GC(9) - age   1:    3475000 bytes,    3475000 total
[2023-04-06T07:43:46.726+0000][69][gc,age      ] GC(9) - age   2:    3321568 bytes,    6796568 total
[2023-04-06T07:43:46.726+0000][69][gc,age      ] GC(9) - age   3:     375536 bytes,    7172104 total
[2023-04-06T07:43:46.727+0000][69][gc,age      ] GC(9) - age   4:    2431536 bytes,    9603640 total
[2023-04-06T07:43:46.727+0000][69][gc,heap     ] GC(9) Eden regions: 35->0(35)
[2023-04-06T07:43:46.728+0000][69][gc,heap     ] GC(9) Survivor regions: 3->3(5)
[2023-04-06T07:43:46.728+0000][69][gc,heap     ] GC(9) Old regions: 3->4
[2023-04-06T07:43:46.729+0000][69][gc,heap     ] GC(9) Archive regions: 2->2
[2023-04-06T07:43:46.729+0000][69][gc,heap     ] GC(9) Humongous regions: 0->0
[2023-04-06T07:43:46.730+0000][69][gc,metaspace] GC(9) Metaspace: 32174K(32896K)->32174K(32896K) NonClass: 28510K(28928K)->28510K(28928K) Class: 3663K(3968K)->3663K(3968K)
[2023-04-06T07:43:46.730+0000][69][gc          ] GC(9) Pause Young (Normal) (G1 Evacuation Pause) 165M->28M(256M) 16.864ms
[2023-04-06T07:43:46.731+0000][69][gc,cpu      ] GC(9) User=0.02s Sys=0.00s Real=0.01s
[2023-04-06T07:43:46.731+0000][69][safepoint   ] Safepoint "G1CollectForAllocation", Time since last: 258545000 ns, Reaching safepoint: 106262 ns, At safepoint: 18050378 ns, Total: 18156640 ns
[2023-04-06T07:43:47.139+0000][69][gc,start    ] GC(10) Pause Young (Normal) (G1 Evacuation Pause)
[2023-04-06T07:43:47.140+0000][69][gc,task     ] GC(10) Using 4 workers of 4 for evacuation
[2023-04-06T07:43:47.140+0000][69][gc,age      ] GC(10) Desired survivor size 10485760 bytes, new threshold 15 (max threshold 15)
[2023-04-06T07:43:47.147+0000][69][gc,phases   ] GC(10)   Pre Evacuate Collection Set: 0.2ms
[2023-04-06T07:43:47.148+0000][69][gc,phases   ] GC(10)   Merge Heap Roots: 0.1ms
[2023-04-06T07:43:47.149+0000][69][gc,phases   ] GC(10)   Evacuate Collection Set: 5.0ms
[2023-04-06T07:43:47.150+0000][69][gc,phases   ] GC(10)   Post Evacuate Collection Set: 0.7ms
[2023-04-06T07:43:47.151+0000][69][gc,phases   ] GC(10)   Other: 1.2ms
[2023-04-06T07:43:47.152+0000][69][gc,age      ] GC(10) Age table with threshold 15 (max threshold 15)
[2023-04-06T07:43:47.153+0000][69][gc,age      ] GC(10) - age   1:    4539616 bytes,    4539616 total
[2023-04-06T07:43:47.153+0000][69][gc,age      ] GC(10) - age   2:    1417248 bytes,    5956864 total
[2023-04-06T07:43:47.154+0000][69][gc,age      ] GC(10) - age   3:    3321536 bytes,    9278400 total
[2023-04-06T07:43:47.155+0000][69][gc,age      ] GC(10) - age   4:     374888 bytes,    9653288 total
[2023-04-06T07:43:47.156+0000][69][gc,age      ] GC(10) - age   5:    2430928 bytes,   12084216 total
[2023-04-06T07:43:47.156+0000][69][gc,heap     ] GC(10) Eden regions: 35->0(34)
[2023-04-06T07:43:47.157+0000][69][gc,heap     ] GC(10) Survivor regions: 3->4(5)
[2023-04-06T07:43:47.157+0000][69][gc,heap     ] GC(10) Old regions: 4->4
[2023-04-06T07:43:47.158+0000][69][gc,heap     ] GC(10) Archive regions: 2->2
[2023-04-06T07:43:47.158+0000][69][gc,heap     ] GC(10) Humongous regions: 0->0
[2023-04-06T07:43:47.159+0000][69][gc,metaspace] GC(10) Metaspace: 33592K(34368K)->33592K(34368K) NonClass: 29755K(30208K)->29755K(30208K) Class: 3836K(4160K)->3836K(4160K)
[2023-04-06T07:43:47.160+0000][69][gc          ] GC(10) Pause Young (Normal) (G1 Evacuation Pause) 168M->30M(256M) 21.088ms
[2023-04-06T07:43:47.160+0000][69][gc,cpu      ] GC(10) User=0.03s Sys=0.00s Real=0.02s
[2023-04-06T07:43:47.161+0000][69][safepoint   ] Safepoint "G1CollectForAllocation", Time since last: 407006211 ns, Reaching safepoint: 135540 ns, At safepoint: 22319246 ns, Total: 22454786 ns
[2023-04-06T07:43:47.438+0000][69][gc,start    ] GC(11) Pause Young (Normal) (G1 Evacuation Pause)
[2023-04-06T07:43:47.439+0000][69][gc,task     ] GC(11) Using 4 workers of 4 for evacuation
[2023-04-06T07:43:47.440+0000][69][gc,age      ] GC(11) Desired survivor size 10485760 bytes, new threshold 5 (max threshold 15)
[2023-04-06T07:43:47.444+0000][69][gc,phases   ] GC(11)   Pre Evacuate Collection Set: 0.2ms
[2023-04-06T07:43:47.445+0000][69][gc,phases   ] GC(11)   Merge Heap Roots: 0.1ms
[2023-04-06T07:43:47.446+0000][69][gc,phases   ] GC(11)   Evacuate Collection Set: 2.8ms
[2023-04-06T07:43:47.447+0000][69][gc,phases   ] GC(11)   Post Evacuate Collection Set: 0.9ms
[2023-04-06T07:43:47.447+0000][69][gc,phases   ] GC(11)   Other: 1.4ms
[2023-04-06T07:43:47.448+0000][69][gc,age      ] GC(11) Age table with threshold 5 (max threshold 15)
[2023-04-06T07:43:47.449+0000][69][gc,age      ] GC(11) - age   1:    2542104 bytes,    2542104 total
[2023-04-06T07:43:47.449+0000][69][gc,age      ] GC(11) - age   2:    3124744 bytes,    5666848 total
[2023-04-06T07:43:47.450+0000][69][gc,age      ] GC(11) - age   3:    1417216 bytes,    7084064 total
[2023-04-06T07:43:47.450+0000][69][gc,age      ] GC(11) - age   4:    3321536 bytes,   10405600 total
[2023-04-06T07:43:47.451+0000][69][gc,age      ] GC(11) - age   5:     374888 bytes,   10780488 total
[2023-04-06T07:43:47.452+0000][69][gc,heap     ] GC(11) Eden regions: 34->0(35)
[2023-04-06T07:43:47.452+0000][69][gc,heap     ] GC(11) Survivor regions: 4->3(5)
[2023-04-06T07:43:47.453+0000][69][gc,heap     ] GC(11) Old regions: 4->5
[2023-04-06T07:43:47.453+0000][69][gc,heap     ] GC(11) Archive regions: 2->2
[2023-04-06T07:43:47.454+0000][69][gc,heap     ] GC(11) Humongous regions: 0->0
[2023-04-06T07:43:47.454+0000][69][gc,metaspace] GC(11) Metaspace: 34045K(34816K)->34045K(34816K) NonClass: 30143K(30592K)->30143K(30592K) Class: 3902K(4224K)->3902K(4224K)
[2023-04-06T07:43:47.455+0000][69][gc          ] GC(11) Pause Young (Normal) (G1 Evacuation Pause) 166M->33M(256M) 16.353ms
[2023-04-06T07:43:47.455+0000][69][gc,cpu      ] GC(11) User=0.01s Sys=0.00s Real=0.02s
[2023-04-06T07:43:47.456+0000][69][safepoint   ] Safepoint "G1CollectForAllocation", Time since last: 277232350 ns, Reaching safepoint: 182282 ns, At safepoint: 17376610 ns, Total: 17558892 ns
[2023-04-06T07:43:47.695+0000][69][gc,start    ] GC(12) Pause Young (Normal) (G1 Evacuation Pause)
[2023-04-06T07:43:47.696+0000][69][gc,task     ] GC(12) Using 4 workers of 4 for evacuation
[2023-04-06T07:43:47.697+0000][69][gc,age      ] GC(12) Desired survivor size 10485760 bytes, new threshold 5 (max threshold 15)
[2023-04-06T07:43:47.702+0000][69][gc,phases   ] GC(12)   Pre Evacuate Collection Set: 0.1ms
[2023-04-06T07:43:47.703+0000][69][gc,phases   ] GC(12)   Merge Heap Roots: 0.0ms
[2023-04-06T07:43:47.704+0000][69][gc,phases   ] GC(12)   Evacuate Collection Set: 3.4ms
[2023-04-06T07:43:47.705+0000][69][gc,phases   ] GC(12)   Post Evacuate Collection Set: 0.6ms
[2023-04-06T07:43:47.705+0000][69][gc,phases   ] GC(12)   Other: 1.9ms
[2023-04-06T07:43:47.706+0000][69][gc,age      ] GC(12) Age table with threshold 5 (max threshold 15)
[2023-04-06T07:43:47.707+0000][69][gc,age      ] GC(12) - age   1:    1536320 bytes,    1536320 total
[2023-04-06T07:43:47.708+0000][69][gc,age      ] GC(12) - age   2:    2367472 bytes,    3903792 total
[2023-04-06T07:43:47.709+0000][69][gc,age      ] GC(12) - age   3:    3124624 bytes,    7028416 total
[2023-04-06T07:43:47.709+0000][69][gc,age      ] GC(12) - age   4:    1417216 bytes,    8445632 total
[2023-04-06T07:43:47.710+0000][69][gc,age      ] GC(12) - age   5:    3321504 bytes,   11767136 total
[2023-04-06T07:43:47.711+0000][69][gc,heap     ] GC(12) Eden regions: 35->0(35)
[2023-04-06T07:43:47.712+0000][69][gc,heap     ] GC(12) Survivor regions: 3->3(5)
[2023-04-06T07:43:47.713+0000][69][gc,heap     ] GC(12) Old regions: 5->5
[2023-04-06T07:43:47.713+0000][69][gc,heap     ] GC(12) Archive regions: 2->2
[2023-04-06T07:43:47.714+0000][69][gc,heap     ] GC(12) Humongous regions: 0->0
[2023-04-06T07:43:47.714+0000][69][gc,metaspace] GC(12) Metaspace: 34454K(35328K)->34454K(35328K) NonClass: 30505K(31040K)->30505K(31040K) Class: 3949K(4288K)->3949K(4288K)
[2023-04-06T07:43:47.715+0000][69][gc          ] GC(12) Pause Young (Normal) (G1 Evacuation Pause) 173M->33M(256M) 20.671ms
[2023-04-06T07:43:47.716+0000][69][gc,cpu      ] GC(12) User=0.02s Sys=0.01s Real=0.02s
[2023-04-06T07:43:47.716+0000][69][safepoint   ] Safepoint "G1CollectForAllocation", Time since last: 238694882 ns, Reaching safepoint: 158552 ns, At safepoint: 21939253 ns, Total: 22097805 ns
[2023-04-06T07:43:47.847+0000][69][gc,start    ] GC(13) Pause Young (Concurrent Start) (Metadata GC Threshold)
[2023-04-06T07:43:47.848+0000][69][gc,task     ] GC(13) Using 4 workers of 4 for evacuation
[2023-04-06T07:43:47.849+0000][69][gc,age      ] GC(13) Desired survivor size 10485760 bytes, new threshold 5 (max threshold 15)
[2023-04-06T07:43:47.856+0000][69][gc,phases   ] GC(13)   Pre Evacuate Collection Set: 0.2ms
[2023-04-06T07:43:47.857+0000][69][gc,phases   ] GC(13)   Merge Heap Roots: 0.1ms
[2023-04-06T07:43:47.858+0000][69][gc,phases   ] GC(13)   Evacuate Collection Set: 3.0ms
[2023-04-06T07:43:47.860+0000][69][gc,phases   ] GC(13)   Post Evacuate Collection Set: 2.6ms
[2023-04-06T07:43:47.861+0000][69][gc,phases   ] GC(13)   Other: 2.4ms
[2023-04-06T07:43:47.862+0000][69][gc,age      ] GC(13) Age table with threshold 5 (max threshold 15)
[2023-04-06T07:43:47.865+0000][69][gc,age      ] GC(13) - age   1:     414112 bytes,     414112 total
[2023-04-06T07:43:47.865+0000][69][gc,age      ] GC(13) - age   2:     718232 bytes,    1132344 total
[2023-04-06T07:43:47.867+0000][69][gc,age      ] GC(13) - age   3:    2367336 bytes,    3499680 total
[2023-04-06T07:43:47.868+0000][69][gc,age      ] GC(13) - age   4:    3124432 bytes,    6624112 total
[2023-04-06T07:43:47.869+0000][69][gc,age      ] GC(13) - age   5:    1417112 bytes,    8041224 total
[2023-04-06T07:43:47.869+0000][69][gc,heap     ] GC(13) Eden regions: 4->0(35)
[2023-04-06T07:43:47.870+0000][69][gc,heap     ] GC(13) Survivor regions: 3->3(5)
[2023-04-06T07:43:47.871+0000][69][gc,heap     ] GC(13) Old regions: 5->6
[2023-04-06T07:43:47.872+0000][69][gc,heap     ] GC(13) Archive regions: 2->2
[2023-04-06T07:43:47.873+0000][69][gc,heap     ] GC(13) Humongous regions: 0->0
[2023-04-06T07:43:47.874+0000][69][gc,metaspace] GC(13) Metaspace: 35146K(35968K)->35146K(35968K) NonClass: 31126K(31616K)->31126K(31616K) Class: 4019K(4352K)->4019K(4352K)
[2023-04-06T07:43:47.874+0000][69][gc          ] GC(13) Pause Young (Concurrent Start) (Metadata GC Threshold) 47M->33M(256M) 27.652ms
[2023-04-06T07:43:47.875+0000][69][gc,cpu      ] GC(13) User=0.04s Sys=0.01s Real=0.03s
[2023-04-06T07:43:47.875+0000][69][gc          ] GC(14) Concurrent Mark Cycle
[2023-04-06T07:43:47.876+0000][69][safepoint   ] Safepoint "CollectForMetadataAllocation", Time since last: 130219515 ns, Reaching safepoint: 100385 ns, At safepoint: 29699127 ns, Total: 29799512 ns
[2023-04-06T07:43:47.877+0000][69][gc,marking  ] GC(14) Concurrent Clear Claimed Marks
[2023-04-06T07:43:47.878+0000][69][gc,marking  ] GC(14) Concurrent Clear Claimed Marks 1.226ms
[2023-04-06T07:43:47.879+0000][69][gc,marking  ] GC(14) Concurrent Scan Root Regions
[2023-04-06T07:43:47.883+0000][69][gc,marking  ] GC(14) Concurrent Scan Root Regions 3.930ms
[2023-04-06T07:43:47.884+0000][69][gc,marking  ] GC(14) Concurrent Mark
[2023-04-06T07:43:47.884+0000][69][gc,marking  ] GC(14) Concurrent Mark From Roots
[2023-04-06T07:43:47.885+0000][69][gc,task     ] GC(14) Using 1 workers of 1 for marking
[2023-04-06T07:43:47.912+0000][69][gc,marking  ] GC(14) Concurrent Mark From Roots 27.664ms
[2023-04-06T07:43:47.913+0000][69][gc,marking  ] GC(14) Concurrent Preclean
[2023-04-06T07:43:47.914+0000][69][gc,marking  ] GC(14) Concurrent Preclean 0.841ms
[2023-04-06T07:43:47.915+0000][69][gc,start    ] GC(14) Pause Remark
[2023-04-06T07:43:47.922+0000][69][gc          ] GC(14) Pause Remark 35M->35M(256M) 6.588ms
[2023-04-06T07:43:47.922+0000][69][gc,cpu      ] GC(14) User=0.01s Sys=0.00s Real=0.00s
[2023-04-06T07:43:47.923+0000][69][safepoint   ] Safepoint "G1PauseRemark", Time since last: 38312939 ns, Reaching safepoint: 202927 ns, At safepoint: 8093154 ns, Total: 8296081 ns
[2023-04-06T07:43:47.924+0000][69][gc,marking  ] GC(14) Concurrent Mark 40.281ms
[2023-04-06T07:43:47.924+0000][69][gc,marking  ] GC(14) Concurrent Rebuild Remembered Sets
[2023-04-06T07:43:47.936+0000][69][gc,marking  ] GC(14) Concurrent Rebuild Remembered Sets 11.993ms
[2023-04-06T07:43:47.941+0000][69][gc,start    ] GC(14) Pause Cleanup
[2023-04-06T07:43:47.942+0000][69][gc          ] GC(14) Pause Cleanup 35M->35M(256M) 0.858ms
[2023-04-06T07:43:47.942+0000][69][gc,cpu      ] GC(14) User=0.00s Sys=0.00s Real=0.00s
[2023-04-06T07:43:47.943+0000][69][safepoint   ] Safepoint "G1PauseCleanup", Time since last: 14224018 ns, Reaching safepoint: 3489936 ns, At safepoint: 2172329 ns, Total: 5662265 ns
[2023-04-06T07:43:47.944+0000][69][gc,marking  ] GC(14) Concurrent Cleanup for Next Mark
[2023-04-06T07:43:47.947+0000][69][gc,marking  ] GC(14) Concurrent Cleanup for Next Mark 3.215ms
[2023-04-06T07:43:47.948+0000][69][gc          ] GC(14) Concurrent Mark Cycle 72.060ms
[2023-04-06T07:43:49.029+0000][69][safepoint   ] Safepoint "ICBufferFull", Time since last: 1086150275 ns, Reaching safepoint: 342697 ns, At safepoint: 7284 ns, Total: 349981 ns
[2023-04-06T07:43:49.805+0000][69][gc,start    ] GC(15) Pause Young (Normal) (G1 Evacuation Pause)
[2023-04-06T07:43:49.806+0000][69][gc,task     ] GC(15) Using 4 workers of 4 for evacuation
[2023-04-06T07:43:49.807+0000][69][gc,age      ] GC(15) Desired survivor size 10485760 bytes, new threshold 15 (max threshold 15)
[2023-04-06T07:43:49.829+0000][69][gc,phases   ] GC(15)   Pre Evacuate Collection Set: 0.1ms
[2023-04-06T07:43:49.830+0000][69][gc,phases   ] GC(15)   Merge Heap Roots: 0.1ms
[2023-04-06T07:43:49.831+0000][69][gc,phases   ] GC(15)   Evacuate Collection Set: 17.2ms
[2023-04-06T07:43:49.832+0000][69][gc,phases   ] GC(15)   Post Evacuate Collection Set: 3.2ms
[2023-04-06T07:43:49.832+0000][69][gc,phases   ] GC(15)   Other: 1.8ms
[2023-04-06T07:43:49.833+0000][69][gc,age      ] GC(15) Age table with threshold 15 (max threshold 15)
[2023-04-06T07:43:49.834+0000][69][gc,age      ] GC(15) - age   1:   10648088 bytes,   10648088 total
[2023-04-06T07:43:49.835+0000][69][gc,age      ] GC(15) - age   2:     400912 bytes,   11049000 total
[2023-04-06T07:43:49.836+0000][69][gc,age      ] GC(15) - age   3:     710880 bytes,   11759880 total
[2023-04-06T07:43:49.837+0000][69][gc,age      ] GC(15) - age   4:    2360128 bytes,   14120008 total
[2023-04-06T07:43:49.838+0000][69][gc,age      ] GC(15) - age   5:    3105464 bytes,   17225472 total
[2023-04-06T07:43:49.839+0000][69][gc,age      ] GC(15) - age   6:    1409384 bytes,   18634856 total
[2023-04-06T07:43:49.840+0000][69][gc,heap     ] GC(15) Eden regions: 35->0(33)
[2023-04-06T07:43:49.841+0000][69][gc,heap     ] GC(15) Survivor regions: 3->5(5)
[2023-04-06T07:43:49.841+0000][69][gc,heap     ] GC(15) Old regions: 6->6
[2023-04-06T07:43:49.842+0000][69][gc,heap     ] GC(15) Archive regions: 2->2
[2023-04-06T07:43:49.843+0000][69][gc,heap     ] GC(15) Humongous regions: 0->0
[2023-04-06T07:43:49.844+0000][69][gc,metaspace] GC(15) Metaspace: 43963K(45248K)->43963K(45248K) NonClass: 38736K(39424K)->38736K(39424K) Class: 5227K(5824K)->5227K(5824K)
[2023-04-06T07:43:49.845+0000][69][gc          ] GC(15) Pause Young (Normal) (G1 Evacuation Pause) 173M->43M(256M) 39.319ms
[2023-04-06T07:43:49.845+0000][69][gc,cpu      ] GC(15) User=0.05s Sys=0.01s Real=0.04s
[2023-04-06T07:43:49.846+0000][69][safepoint   ] Safepoint "G1CollectForAllocation", Time since last: 775690074 ns, Reaching safepoint: 110670 ns, At safepoint: 41123369 ns, Total: 41234039 ns
[2023-04-06T07:43:50.981+0000][69][gc,start    ] GC(16) Pause Young (Normal) (G1 Evacuation Pause)
[2023-04-06T07:43:50.982+0000][69][gc,task     ] GC(16) Using 4 workers of 4 for evacuation
[2023-04-06T07:43:50.983+0000][69][gc,age      ] GC(16) Desired survivor size 10485760 bytes, new threshold 1 (max threshold 15)
[2023-04-06T07:43:51.009+0000][69][gc,phases   ] GC(16)   Pre Evacuate Collection Set: 0.1ms
[2023-04-06T07:43:51.010+0000][69][gc,phases   ] GC(16)   Merge Heap Roots: 0.2ms
[2023-04-06T07:43:51.011+0000][69][gc,phases   ] GC(16)   Evacuate Collection Set: 23.6ms
[2023-04-06T07:43:51.012+0000][69][gc,phases   ] GC(16)   Post Evacuate Collection Set: 0.8ms
[2023-04-06T07:43:51.014+0000][69][gc,phases   ] GC(16)   Other: 2.3ms
[2023-04-06T07:43:51.015+0000][69][gc,age      ] GC(16) Age table with threshold 1 (max threshold 15)
[2023-04-06T07:43:51.016+0000][69][gc,age      ] GC(16) - age   1:    7699720 bytes,    7699720 total
[2023-04-06T07:43:51.018+0000][69][gc,heap     ] GC(16) Eden regions: 33->0(34)
[2023-04-06T07:43:51.019+0000][69][gc,heap     ] GC(16) Survivor regions: 5->3(5)
[2023-04-06T07:43:51.020+0000][69][gc,heap     ] GC(16) Old regions: 6->10
[2023-04-06T07:43:51.021+0000][69][gc,heap     ] GC(16) Archive regions: 2->2
[2023-04-06T07:43:51.022+0000][69][gc,heap     ] GC(16) Humongous regions: 0->0
[2023-04-06T07:43:51.023+0000][69][gc,metaspace] GC(16) Metaspace: 44024K(45312K)->44024K(45312K) NonClass: 38787K(39488K)->38787K(39488K) Class: 5237K(5824K)->5237K(5824K)
[2023-04-06T07:43:51.024+0000][69][gc          ] GC(16) Pause Young (Normal) (G1 Evacuation Pause) 175M->51M(256M) 42.738ms
[2023-04-06T07:43:51.024+0000][69][gc,cpu      ] GC(16) User=0.09s Sys=0.00s Real=0.05s
[2023-04-06T07:43:51.025+0000][69][safepoint   ] Safepoint "G1CollectForAllocation", Time since last: 1133962041 ns, Reaching safepoint: 448633 ns, At safepoint: 44500628 ns, Total: 44949261 ns
[2023-04-06T07:43:52.505+0000][69][safepoint   ] Safepoint "Cleanup", Time since last: 1479170373 ns, Reaching safepoint: 254654 ns, At safepoint: 6052 ns, Total: 260706 ns
[2023-04-06T07:43:52.851+0000][69][gc,start    ] GC(17) Pause Young (Normal) (G1 Evacuation Pause)
[2023-04-06T07:43:52.853+0000][69][gc,task     ] GC(17) Using 4 workers of 4 for evacuation
[2023-04-06T07:43:52.853+0000][69][gc,age      ] GC(17) Desired survivor size 10485760 bytes, new threshold 15 (max threshold 15)
[2023-04-06T07:43:52.865+0000][69][gc,phases   ] GC(17)   Pre Evacuate Collection Set: 0.3ms
[2023-04-06T07:43:52.866+0000][69][gc,phases   ] GC(17)   Merge Heap Roots: 0.1ms
[2023-04-06T07:43:52.867+0000][69][gc,phases   ] GC(17)   Evacuate Collection Set: 9.0ms
[2023-04-06T07:43:52.869+0000][69][gc,phases   ] GC(17)   Post Evacuate Collection Set: 1.3ms
[2023-04-06T07:43:52.870+0000][69][gc,phases   ] GC(17)   Other: 1.9ms
[2023-04-06T07:43:52.871+0000][69][gc,age      ] GC(17) Age table with threshold 15 (max threshold 15)
[2023-04-06T07:43:52.872+0000][69][gc,age      ] GC(17) - age   1:    5008880 bytes,    5008880 total
[2023-04-06T07:43:52.873+0000][69][gc,age      ] GC(17) - age   2:    7244080 bytes,   12252960 total
[2023-04-06T07:43:52.873+0000][69][gc,heap     ] GC(17) Eden regions: 34->0(33)
[2023-04-06T07:43:52.874+0000][69][gc,heap     ] GC(17) Survivor regions: 3->4(5)
[2023-04-06T07:43:52.875+0000][69][gc,heap     ] GC(17) Old regions: 10->10
[2023-04-06T07:43:52.875+0000][69][gc,heap     ] GC(17) Archive regions: 2->2
[2023-04-06T07:43:52.876+0000][69][gc,heap     ] GC(17) Humongous regions: 0->0
[2023-04-06T07:43:52.878+0000][69][gc,metaspace] GC(17) Metaspace: 51938K(53248K)->51938K(53248K) NonClass: 45651K(46400K)->45651K(46400K) Class: 6286K(6848K)->6286K(6848K)
[2023-04-06T07:43:52.879+0000][69][gc          ] GC(17) Pause Young (Normal) (G1 Evacuation Pause) 187M->54M(256M) 27.182ms
[2023-04-06T07:43:52.879+0000][69][gc,cpu      ] GC(17) User=0.03s Sys=0.00s Real=0.03s
[2023-04-06T07:43:52.880+0000][69][safepoint   ] Safepoint "G1CollectForAllocation", Time since last: 346306190 ns, Reaching safepoint: 408393 ns, At safepoint: 29024053 ns, Total: 29432446 ns
[2023-04-06T07:43:53.615+0000][69][gc,start    ] GC(18) Pause Young (Concurrent Start) (Metadata GC Threshold)
[2023-04-06T07:43:53.628+0000][69][gc,task     ] GC(18) Using 4 workers of 4 for evacuation
[2023-04-06T07:43:53.629+0000][69][gc,age      ] GC(18) Desired survivor size 10485760 bytes, new threshold 2 (max threshold 15)
[2023-04-06T07:43:53.643+0000][69][gc,phases   ] GC(18)   Pre Evacuate Collection Set: 0.4ms
[2023-04-06T07:43:53.661+0000][69][gc,phases   ] GC(18)   Merge Heap Roots: 0.2ms
[2023-04-06T07:43:53.680+0000][69][gc,phases   ] GC(18)   Evacuate Collection Set: 10.7ms
[2023-04-06T07:43:53.681+0000][69][gc,phases   ] GC(18)   Post Evacuate Collection Set: 1.4ms
[2023-04-06T07:43:53.682+0000][69][gc,phases   ] GC(18)   Other: 1.9ms
[2023-04-06T07:43:53.683+0000][69][gc,age      ] GC(18) Age table with threshold 2 (max threshold 15)
[2023-04-06T07:43:53.684+0000][69][gc,age      ] GC(18) - age   1:    2700856 bytes,    2700856 total
[2023-04-06T07:43:53.685+0000][69][gc,age      ] GC(18) - age   2:    4799032 bytes,    7499888 total
[2023-04-06T07:43:53.686+0000][69][gc,heap     ] GC(18) Eden regions: 11->0(33)
[2023-04-06T07:43:53.686+0000][69][gc,heap     ] GC(18) Survivor regions: 4->2(5)
[2023-04-06T07:43:53.687+0000][69][gc,heap     ] GC(18) Old regions: 10->12
[2023-04-06T07:43:53.688+0000][69][gc,heap     ] GC(18) Archive regions: 2->2
[2023-04-06T07:43:53.688+0000][69][gc,heap     ] GC(18) Humongous regions: 0->0
[2023-04-06T07:43:53.689+0000][69][gc,metaspace] GC(18) Metaspace: 58951K(60288K)->58951K(60288K) NonClass: 51639K(52416K)->51639K(52416K) Class: 7311K(7872K)->7311K(7872K)
[2023-04-06T07:43:53.690+0000][69][gc          ] GC(18) Pause Young (Concurrent Start) (Metadata GC Threshold) 96M->57M(256M) 74.194ms
[2023-04-06T07:43:53.690+0000][69][gc,cpu      ] GC(18) User=0.03s Sys=0.01s Real=0.07s
[2023-04-06T07:43:53.690+0000][69][gc          ] GC(19) Concurrent Mark Cycle
[2023-04-06T07:43:53.692+0000][69][gc,marking  ] GC(19) Concurrent Clear Claimed Marks
[2023-04-06T07:43:53.694+0000][69][gc,marking  ] GC(19) Concurrent Clear Claimed Marks 1.257ms
[2023-04-06T07:43:53.712+0000][69][gc,marking  ] GC(19) Concurrent Scan Root Regions
[2023-04-06T07:43:53.692+0000][69][safepoint   ] Safepoint "CollectForMetadataAllocation", Time since last: 734825831 ns, Reaching safepoint: 113091 ns, At safepoint: 76211415 ns, Total: 76324506 ns
[2023-04-06T07:43:53.725+0000][69][gc,marking  ] GC(19) Concurrent Scan Root Regions 13.702ms
[2023-04-06T07:43:53.728+0000][69][gc,marking  ] GC(19) Concurrent Mark
[2023-04-06T07:43:53.728+0000][69][gc,marking  ] GC(19) Concurrent Mark From Roots
[2023-04-06T07:43:53.729+0000][69][gc,task     ] GC(19) Using 1 workers of 1 for marking
[2023-04-06T07:43:53.760+0000][69][safepoint   ] Safepoint "CollectForMetadataAllocation", Time since last: 68144595 ns, Reaching safepoint: 457516 ns, At safepoint: 93548 ns, Total: 551064 ns
[2023-04-06T07:43:53.772+0000][69][gc,marking  ] GC(19) Concurrent Mark From Roots 43.717ms
[2023-04-06T07:43:53.773+0000][69][gc,marking  ] GC(19) Concurrent Preclean
[2023-04-06T07:43:53.779+0000][69][gc,marking  ] GC(19) Concurrent Preclean 5.644ms
[2023-04-06T07:43:53.783+0000][69][gc,start    ] GC(19) Pause Remark
[2023-04-06T07:43:53.792+0000][69][gc          ] GC(19) Pause Remark 61M->61M(256M) 9.693ms
[2023-04-06T07:43:53.793+0000][69][gc,cpu      ] GC(19) User=0.01s Sys=0.00s Real=0.01s
[2023-04-06T07:43:53.794+0000][69][safepoint   ] Safepoint "G1PauseRemark", Time since last: 22111748 ns, Reaching safepoint: 327454 ns, At safepoint: 11513455 ns, Total: 11840909 ns
[2023-04-06T07:43:53.795+0000][69][gc,marking  ] GC(19) Concurrent Mark 67.345ms
[2023-04-06T07:43:53.796+0000][69][gc,marking  ] GC(19) Concurrent Rebuild Remembered Sets
[2023-04-06T07:43:53.823+0000][69][gc,marking  ] GC(19) Concurrent Rebuild Remembered Sets 27.397ms
[2023-04-06T07:43:53.825+0000][69][gc,start    ] GC(19) Pause Cleanup
[2023-04-06T07:43:53.826+0000][69][gc          ] GC(19) Pause Cleanup 63M->63M(256M) 1.079ms
[2023-04-06T07:43:53.827+0000][69][gc,cpu      ] GC(19) User=0.00s Sys=0.00s Real=0.00s
[2023-04-06T07:43:53.828+0000][69][safepoint   ] Safepoint "G1PauseCleanup", Time since last: 30209841 ns, Reaching safepoint: 458959 ns, At safepoint: 3160317 ns, Total: 3619276 ns
[2023-04-06T07:43:53.829+0000][69][gc,marking  ] GC(19) Concurrent Cleanup for Next Mark
[2023-04-06T07:43:53.830+0000][69][gc,marking  ] GC(19) Concurrent Cleanup for Next Mark 1.118ms
[2023-04-06T07:43:53.831+0000][69][gc          ] GC(19) Concurrent Mark Cycle 140.388ms
[2023-04-06T07:43:54.830+0000][69][safepoint   ] Safepoint "Cleanup", Time since last: 1001013072 ns, Reaching safepoint: 622889 ns, At safepoint: 30596 ns, Total: 653485 ns
[2023-04-06T07:43:54.861+0000][69][gc,start    ] GC(20) Pause Young (Normal) (G1 Evacuation Pause)
[2023-04-06T07:43:54.862+0000][69][gc,task     ] GC(20) Using 4 workers of 4 for evacuation
[2023-04-06T07:43:54.862+0000][69][gc,age      ] GC(20) Desired survivor size 10485760 bytes, new threshold 15 (max threshold 15)
[2023-04-06T07:43:54.874+0000][69][gc,phases   ] GC(20)   Pre Evacuate Collection Set: 0.5ms
[2023-04-06T07:43:54.875+0000][69][gc,phases   ] GC(20)   Merge Heap Roots: 0.3ms
[2023-04-06T07:43:54.875+0000][69][gc,phases   ] GC(20)   Evacuate Collection Set: 7.2ms
[2023-04-06T07:43:54.876+0000][69][gc,phases   ] GC(20)   Post Evacuate Collection Set: 2.7ms
[2023-04-06T07:43:54.877+0000][69][gc,phases   ] GC(20)   Other: 1.5ms
[2023-04-06T07:43:54.877+0000][69][gc,age      ] GC(20) Age table with threshold 15 (max threshold 15)
[2023-04-06T07:43:54.878+0000][69][gc,age      ] GC(20) - age   1:    2065096 bytes,    2065096 total
[2023-04-06T07:43:54.878+0000][69][gc,age      ] GC(20) - age   2:    2517216 bytes,    4582312 total
[2023-04-06T07:43:54.879+0000][69][gc,age      ] GC(20) - age   3:    4775720 bytes,    9358032 total
[2023-04-06T07:43:54.879+0000][69][gc,heap     ] GC(20) Eden regions: 33->0(33)
[2023-04-06T07:43:54.880+0000][69][gc,heap     ] GC(20) Survivor regions: 2->3(5)
[2023-04-06T07:43:54.880+0000][69][gc,heap     ] GC(20) Old regions: 12->12
[2023-04-06T07:43:54.881+0000][69][gc,heap     ] GC(20) Archive regions: 2->2
[2023-04-06T07:43:54.881+0000][69][gc,heap     ] GC(20) Humongous regions: 0->0
[2023-04-06T07:43:54.881+0000][69][gc,metaspace] GC(20) Metaspace: 65439K(66880K)->65439K(66880K) NonClass: 57096K(57920K)->57096K(57920K) Class: 8342K(8960K)->8342K(8960K)
[2023-04-06T07:43:54.885+0000][69][gc          ] GC(20) Pause Young (Normal) (G1 Evacuation Pause) 189M->59M(256M) 23.977ms
[2023-04-06T07:43:54.885+0000][69][gc,cpu      ] GC(20) User=0.01s Sys=0.01s Real=0.03s
[2023-04-06T07:43:54.886+0000][69][safepoint   ] Safepoint "G1CollectForAllocation", Time since last: 30637490 ns, Reaching safepoint: 231921 ns, At safepoint: 25634679 ns, Total: 25866600 ns
[2023-04-06T07:43:55.783+0000][69][gc,start    ] GC(21) Pause Young (Normal) (G1 Evacuation Pause)
[2023-04-06T07:43:55.783+0000][69][gc,task     ] GC(21) Using 4 workers of 4 for evacuation
[2023-04-06T07:43:55.784+0000][69][gc,age      ] GC(21) Desired survivor size 10485760 bytes, new threshold 15 (max threshold 15)
[2023-04-06T07:43:55.792+0000][69][gc,phases   ] GC(21)   Pre Evacuate Collection Set: 0.1ms
[2023-04-06T07:43:55.793+0000][69][gc,phases   ] GC(21)   Merge Heap Roots: 0.1ms
[2023-04-06T07:43:55.793+0000][69][gc,phases   ] GC(21)   Evacuate Collection Set: 4.8ms
[2023-04-06T07:43:55.794+0000][69][gc,phases   ] GC(21)   Post Evacuate Collection Set: 2.2ms
[2023-04-06T07:43:55.795+0000][69][gc,phases   ] GC(21)   Other: 1.5ms
[2023-04-06T07:43:55.795+0000][69][gc,age      ] GC(21) Age table with threshold 15 (max threshold 15)
[2023-04-06T07:43:55.796+0000][69][gc,age      ] GC(21) - age   1:     279520 bytes,     279520 total
[2023-04-06T07:43:55.796+0000][69][gc,age      ] GC(21) - age   2:    1924528 bytes,    2204048 total
[2023-04-06T07:43:55.797+0000][69][gc,age      ] GC(21) - age   3:    2516936 bytes,    4720984 total
[2023-04-06T07:43:55.797+0000][69][gc,age      ] GC(21) - age   4:    4775328 bytes,    9496312 total
[2023-04-06T07:43:55.798+0000][69][gc,heap     ] GC(21) Eden regions: 33->0(34)
[2023-04-06T07:43:55.799+0000][69][gc,heap     ] GC(21) Survivor regions: 3->3(5)
[2023-04-06T07:43:55.799+0000][69][gc,heap     ] GC(21) Old regions: 12->12
[2023-04-06T07:43:55.800+0000][69][gc,heap     ] GC(21) Archive regions: 2->2
[2023-04-06T07:43:55.800+0000][69][gc,heap     ] GC(21) Humongous regions: 0->0
[2023-04-06T07:43:55.801+0000][69][gc,metaspace] GC(21) Metaspace: 66003K(67520K)->66003K(67520K) NonClass: 57573K(58368K)->57573K(58368K) Class: 8430K(9152K)->8430K(9152K)
[2023-04-06T07:43:55.801+0000][69][gc          ] GC(21) Pause Young (Normal) (G1 Evacuation Pause) 191M->59M(256M) 18.636ms
[2023-04-06T07:43:55.802+0000][69][gc,cpu      ] GC(21) User=0.02s Sys=0.00s Real=0.01s
[2023-04-06T07:43:55.802+0000][69][safepoint   ] Safepoint "G1CollectForAllocation", Time since last: 896048178 ns, Reaching safepoint: 254758 ns, At safepoint: 19888862 ns, Total: 20143620 ns
[2023-04-06T07:43:57.745+0000][69][safepoint   ] Safepoint "Cleanup", Time since last: 1940971217 ns, Reaching safepoint: 1234237 ns, At safepoint: 35392 ns, Total: 1269629 ns
[2023-04-06T07:43:58.032+0000][69][gc,start    ] GC(22) Pause Young (Normal) (G1 Evacuation Pause)
[2023-04-06T07:43:58.033+0000][69][gc,task     ] GC(22) Using 4 workers of 4 for evacuation
[2023-04-06T07:43:58.034+0000][69][gc,age      ] GC(22) Desired survivor size 10485760 bytes, new threshold 15 (max threshold 15)
[2023-04-06T07:43:58.053+0000][69][gc,phases   ] GC(22)   Pre Evacuate Collection Set: 0.1ms
[2023-04-06T07:43:58.054+0000][69][gc,phases   ] GC(22)   Merge Heap Roots: 0.1ms
[2023-04-06T07:43:58.055+0000][69][gc,phases   ] GC(22)   Evacuate Collection Set: 16.2ms
[2023-04-06T07:43:58.055+0000][69][gc,phases   ] GC(22)   Post Evacuate Collection Set: 1.5ms
[2023-04-06T07:43:58.056+0000][69][gc,phases   ] GC(22)   Other: 1.6ms
[2023-04-06T07:43:58.057+0000][69][gc,age      ] GC(22) Age table with threshold 15 (max threshold 15)
[2023-04-06T07:43:58.057+0000][69][gc,age      ] GC(22) - age   1:    7283768 bytes,    7283768 total
[2023-04-06T07:43:58.058+0000][69][gc,age      ] GC(22) - age   2:     262272 bytes,    7546040 total
[2023-04-06T07:43:58.059+0000][69][gc,age      ] GC(22) - age   3:    1901832 bytes,    9447872 total
[2023-04-06T07:43:58.059+0000][69][gc,age      ] GC(22) - age   4:    2514936 bytes,   11962808 total
[2023-04-06T07:43:58.060+0000][69][gc,age      ] GC(22) - age   5:    4771856 bytes,   16734664 total
[2023-04-06T07:43:58.060+0000][69][gc,heap     ] GC(22) Eden regions: 34->0(30)
[2023-04-06T07:43:58.061+0000][69][gc,heap     ] GC(22) Survivor regions: 3->5(5)
[2023-04-06T07:43:58.062+0000][69][gc,heap     ] GC(22) Old regions: 12->12
[2023-04-06T07:43:58.063+0000][69][gc,heap     ] GC(22) Archive regions: 2->2
[2023-04-06T07:43:58.064+0000][69][gc,heap     ] GC(22) Humongous regions: 0->0
[2023-04-06T07:43:58.065+0000][69][gc,metaspace] GC(22) Metaspace: 79468K(81024K)->79468K(81024K) NonClass: 69164K(70016K)->69164K(70016K) Class: 10304K(11008K)->10304K(11008K)
[2023-04-06T07:43:58.066+0000][69][gc          ] GC(22) Pause Young (Normal) (G1 Evacuation Pause) 195M->66M(256M) 33.570ms
[2023-04-06T07:43:58.066+0000][69][gc,cpu      ] GC(22) User=0.05s Sys=0.01s Real=0.04s
[2023-04-06T07:43:58.067+0000][69][safepoint   ] Safepoint "G1CollectForAllocation", Time since last: 287219434 ns, Reaching safepoint: 146053 ns, At safepoint: 34822506 ns, Total: 34968559 ns
[2023-04-06T07:43:59.071+0000][69][safepoint   ] Safepoint "Cleanup", Time since last: 1000831574 ns, Reaching safepoint: 3394482 ns, At safepoint: 10707 ns, Total: 3405189 ns
[2023-04-06T07:43:59.657+0000][69][gc,start    ] GC(23) Pause Young (Normal) (G1 Evacuation Pause)
[2023-04-06T07:43:59.658+0000][69][gc,task     ] GC(23) Using 4 workers of 4 for evacuation
[2023-04-06T07:43:59.659+0000][69][gc,age      ] GC(23) Desired survivor size 10485760 bytes, new threshold 4 (max threshold 15)
[2023-04-06T07:43:59.674+0000][69][gc,phases   ] GC(23)   Pre Evacuate Collection Set: 0.1ms
[2023-04-06T07:43:59.675+0000][69][gc,phases   ] GC(23)   Merge Heap Roots: 0.1ms
[2023-04-06T07:43:59.676+0000][69][gc,phases   ] GC(23)   Evacuate Collection Set: 12.1ms
[2023-04-06T07:43:59.677+0000][69][gc,phases   ] GC(23)   Post Evacuate Collection Set: 2.2ms
[2023-04-06T07:43:59.677+0000][69][gc,phases   ] GC(23)   Other: 1.3ms
[2023-04-06T07:43:59.678+0000][69][gc,age      ] GC(23) Age table with threshold 4 (max threshold 15)
[2023-04-06T07:43:59.678+0000][69][gc,age      ] GC(23) - age   1:    4344760 bytes,    4344760 total
[2023-04-06T07:43:59.679+0000][69][gc,age      ] GC(23) - age   2:    7163528 bytes,   11508288 total
[2023-04-06T07:43:59.679+0000][69][gc,age      ] GC(23) - age   3:     262224 bytes,   11770512 total
[2023-04-06T07:43:59.680+0000][69][gc,age      ] GC(23) - age   4:    1894624 bytes,   13665136 total
[2023-04-06T07:43:59.680+0000][69][gc,heap     ] GC(23) Eden regions: 30->0(30)
[2023-04-06T07:43:59.681+0000][69][gc,heap     ] GC(23) Survivor regions: 5->4(5)
[2023-04-06T07:43:59.681+0000][69][gc,heap     ] GC(23) Old regions: 12->14
[2023-04-06T07:43:59.682+0000][69][gc,heap     ] GC(23) Archive regions: 2->2
[2023-04-06T07:43:59.683+0000][69][gc,heap     ] GC(23) Humongous regions: 0->0
[2023-04-06T07:43:59.683+0000][69][gc,metaspace] GC(23) Metaspace: 94342K(96000K)->94342K(96000K) NonClass: 82204K(83136K)->82204K(83136K) Class: 12137K(12864K)->12137K(12864K)
[2023-04-06T07:43:59.684+0000][69][gc          ] GC(23) Pause Young (Normal) (G1 Evacuation Pause) 186M->70M(256M) 26.751ms
[2023-04-06T07:43:59.684+0000][69][gc,cpu      ] GC(23) User=0.04s Sys=0.00s Real=0.03s
[2023-04-06T07:43:59.685+0000][69][safepoint   ] Safepoint "G1CollectForAllocation", Time since last: 585709179 ns, Reaching safepoint: 251409 ns, At safepoint: 27985027 ns, Total: 28236436 ns
[2023-04-06T07:44:00.343+0000][69][gc,start    ] GC(24) Pause Young (Concurrent Start) (Metadata GC Threshold)
[2023-04-06T07:44:00.344+0000][69][gc,task     ] GC(24) Using 4 workers of 4 for evacuation
[2023-04-06T07:44:00.344+0000][69][gc,age      ] GC(24) Desired survivor size 10485760 bytes, new threshold 2 (max threshold 15)
[2023-04-06T07:44:00.358+0000][69][gc,phases   ] GC(24)   Pre Evacuate Collection Set: 0.4ms
[2023-04-06T07:44:00.359+0000][69][gc,phases   ] GC(24)   Merge Heap Roots: 0.2ms
[2023-04-06T07:44:00.360+0000][69][gc,phases   ] GC(24)   Evacuate Collection Set: 12.1ms
[2023-04-06T07:44:00.361+0000][69][gc,phases   ] GC(24)   Post Evacuate Collection Set: 0.8ms
[2023-04-06T07:44:00.362+0000][69][gc,phases   ] GC(24)   Other: 1.1ms
[2023-04-06T07:44:00.363+0000][69][gc,age      ] GC(24) Age table with threshold 2 (max threshold 15)
[2023-04-06T07:44:00.364+0000][69][gc,age      ] GC(24) - age   1:    3529104 bytes,    3529104 total
[2023-04-06T07:44:00.364+0000][69][gc,age      ] GC(24) - age   2:    4072032 bytes,    7601136 total
[2023-04-06T07:44:00.365+0000][69][gc,heap     ] GC(24) Eden regions: 9->0(28)
[2023-04-06T07:44:00.365+0000][69][gc,heap     ] GC(24) Survivor regions: 4->2(5)
[2023-04-06T07:44:00.366+0000][69][gc,heap     ] GC(24) Old regions: 14->16
[2023-04-06T07:44:00.367+0000][69][gc,heap     ] GC(24) Archive regions: 2->2
[2023-04-06T07:44:00.367+0000][69][gc,heap     ] GC(24) Humongous regions: 0->0
[2023-04-06T07:44:00.367+0000][69][gc,metaspace] GC(24) Metaspace: 99278K(101440K)->99278K(101440K) NonClass: 86382K(87488K)->86382K(87488K) Class: 12896K(13952K)->12896K(13952K)
[2023-04-06T07:44:00.368+0000][69][gc          ] GC(24) Pause Young (Concurrent Start) (Metadata GC Threshold) 106M->73M(256M) 25.106ms
[2023-04-06T07:44:00.369+0000][69][gc,cpu      ] GC(24) User=0.03s Sys=0.00s Real=0.02s
[2023-04-06T07:44:00.369+0000][69][gc          ] GC(25) Concurrent Mark Cycle
[2023-04-06T07:44:00.370+0000][69][gc,marking  ] GC(25) Concurrent Clear Claimed Marks
[2023-04-06T07:44:00.370+0000][69][safepoint   ] Safepoint "CollectForMetadataAllocation", Time since last: 657335538 ns, Reaching safepoint: 453791 ns, At safepoint: 26941987 ns, Total: 27395778 ns
[2023-04-06T07:44:00.372+0000][69][gc,marking  ] GC(25) Concurrent Clear Claimed Marks 1.380ms
[2023-04-06T07:44:00.373+0000][69][gc,marking  ] GC(25) Concurrent Scan Root Regions
[2023-04-06T07:44:00.387+0000][69][gc,marking  ] GC(25) Concurrent Scan Root Regions 14.483ms
[2023-04-06T07:44:00.388+0000][69][gc,marking  ] GC(25) Concurrent Mark
[2023-04-06T07:44:00.389+0000][69][gc,marking  ] GC(25) Concurrent Mark From Roots
[2023-04-06T07:44:00.389+0000][69][gc,task     ] GC(25) Using 1 workers of 1 for marking
[2023-04-06T07:44:00.400+0000][69][safepoint   ] Safepoint "CollectForMetadataAllocation", Time since last: 30232927 ns, Reaching safepoint: 187652 ns, At safepoint: 48595 ns, Total: 236247 ns
[2023-04-06T07:44:00.436+0000][69][safepoint   ] Safepoint "CollectForMetadataAllocation", Time since last: 35863590 ns, Reaching safepoint: 202170 ns, At safepoint: 55184 ns, Total: 257354 ns
[2023-04-06T07:44:00.449+0000][69][gc,marking  ] GC(25) Concurrent Mark From Roots 60.568ms
[2023-04-06T07:44:00.450+0000][69][gc,marking  ] GC(25) Concurrent Preclean
[2023-04-06T07:44:00.452+0000][69][gc,marking  ] GC(25) Concurrent Preclean 1.380ms
[2023-04-06T07:44:00.453+0000][69][gc,start    ] GC(25) Pause Remark
[2023-04-06T07:44:00.458+0000][69][gc          ] GC(25) Pause Remark 79M->79M(256M) 5.271ms
[2023-04-06T07:44:00.459+0000][69][gc,cpu      ] GC(25) User=0.02s Sys=0.00s Real=0.00s
[2023-04-06T07:44:00.460+0000][69][safepoint   ] Safepoint "G1PauseRemark", Time since last: 16165473 ns, Reaching safepoint: 241462 ns, At safepoint: 6827752 ns, Total: 7069214 ns
[2023-04-06T07:44:00.460+0000][69][gc,marking  ] GC(25) Concurrent Mark 72.280ms
[2023-04-06T07:44:00.461+0000][69][gc,marking  ] GC(25) Concurrent Rebuild Remembered Sets
[2023-04-06T07:44:00.500+0000][69][gc,marking  ] GC(25) Concurrent Rebuild Remembered Sets 39.439ms
[2023-04-06T07:44:00.502+0000][69][gc,start    ] GC(25) Pause Cleanup
[2023-04-06T07:44:00.502+0000][69][gc          ] GC(25) Pause Cleanup 81M->81M(256M) 0.733ms
[2023-04-06T07:44:00.503+0000][69][gc,cpu      ] GC(25) User=0.00s Sys=0.00s Real=0.01s
[2023-04-06T07:44:00.504+0000][69][safepoint   ] Safepoint "G1PauseCleanup", Time since last: 41773407 ns, Reaching safepoint: 296887 ns, At safepoint: 2188904 ns, Total: 2485791 ns
[2023-04-06T07:44:00.506+0000][69][gc,marking  ] GC(25) Concurrent Cleanup for Next Mark
[2023-04-06T07:44:00.507+0000][69][gc,marking  ] GC(25) Concurrent Cleanup for Next Mark 1.070ms
[2023-04-06T07:44:00.508+0000][69][gc          ] GC(25) Concurrent Mark Cycle 139.283ms
[2023-04-06T07:44:01.640+0000][69][safepoint   ] Safepoint "Cleanup", Time since last: 1136030186 ns, Reaching safepoint: 152705 ns, At safepoint: 2217 ns, Total: 154922 ns
[2023-04-06T07:44:01.926+0000][69][safepoint   ] Safepoint "ICBufferFull", Time since last: 285811985 ns, Reaching safepoint: 152815 ns, At safepoint: 52584 ns, Total: 205399 ns
[2023-04-06T07:44:02.059+0000][69][safepoint   ] Safepoint "ICBufferFull", Time since last: 132310892 ns, Reaching safepoint: 442335 ns, At safepoint: 33994 ns, Total: 476329 ns
[2023-04-06T07:44:02.573+0000][69][gc,start    ] GC(26) Pause Young (Normal) (G1 Evacuation Pause)
[2023-04-06T07:44:02.574+0000][69][gc,task     ] GC(26) Using 4 workers of 4 for evacuation
[2023-04-06T07:44:02.575+0000][69][gc,age      ] GC(26) Desired survivor size 8388608 bytes, new threshold 15 (max threshold 15)
[2023-04-06T07:44:02.597+0000][69][gc,phases   ] GC(26)   Pre Evacuate Collection Set: 0.3ms
[2023-04-06T07:44:02.598+0000][69][gc,phases   ] GC(26)   Merge Heap Roots: 0.1ms
[2023-04-06T07:44:02.599+0000][69][gc,phases   ] GC(26)   Evacuate Collection Set: 17.3ms
[2023-04-06T07:44:02.599+0000][69][gc,phases   ] GC(26)   Post Evacuate Collection Set: 4.3ms
[2023-04-06T07:44:02.600+0000][69][gc,phases   ] GC(26)   Other: 1.0ms
[2023-04-06T07:44:02.600+0000][69][gc,age      ] GC(26) Age table with threshold 15 (max threshold 15)
[2023-04-06T07:44:02.601+0000][69][gc,age      ] GC(26) - age   1:    7771696 bytes,    7771696 total
[2023-04-06T07:44:02.602+0000][69][gc,age      ] GC(26) - age   2:    3082304 bytes,   10854000 total
[2023-04-06T07:44:02.602+0000][69][gc,age      ] GC(26) - age   3:    3977192 bytes,   14831192 total
[2023-04-06T07:44:02.603+0000][69][gc,heap     ] GC(26) Eden regions: 28->0(26)
[2023-04-06T07:44:02.603+0000][69][gc,heap     ] GC(26) Survivor regions: 2->4(4)
[2023-04-06T07:44:02.604+0000][69][gc,heap     ] GC(26) Old regions: 16->16
[2023-04-06T07:44:02.604+0000][69][gc,heap     ] GC(26) Archive regions: 2->2
[2023-04-06T07:44:02.605+0000][69][gc,heap     ] GC(26) Humongous regions: 0->0
[2023-04-06T07:44:02.605+0000][69][gc,metaspace] GC(26) Metaspace: 112231K(115392K)->112231K(115392K) NonClass: 97299K(98880K)->97299K(98880K) Class: 14932K(16512K)->14932K(16512K)
[2023-04-06T07:44:02.606+0000][69][gc          ] GC(26) Pause Young (Normal) (G1 Evacuation Pause) 185M->80M(256M) 32.576ms
[2023-04-06T07:44:02.606+0000][69][gc,cpu      ] GC(26) User=0.04s Sys=0.00s Real=0.03s
[2023-04-06T07:44:02.607+0000][69][safepoint   ] Safepoint "G1CollectForAllocation", Time since last: 514293986 ns, Reaching safepoint: 101394 ns, At safepoint: 33479494 ns, Total: 33580888 ns
[2023-04-06T07:44:03.289+0000][69][safepoint   ] Safepoint "ICBufferFull", Time since last: 681947267 ns, Reaching safepoint: 209389 ns, At safepoint: 53666 ns, Total: 263055 ns
[2023-04-06T07:44:03.965+0000][69][safepoint   ] Safepoint "ICBufferFull", Time since last: 696888499 ns, Reaching safepoint: 211270 ns, At safepoint: 24646 ns, Total: 235916 ns
[2023-04-06T07:44:04.942+0000][69][safepoint   ] Safepoint "ICBufferFull", Time since last: 976848337 ns, Reaching safepoint: 280939 ns, At safepoint: 52702 ns, Total: 333641 ns
[2023-04-06T07:44:05.505+0000][69][safepoint   ] Safepoint "ICBufferFull", Time since last: 562347042 ns, Reaching safepoint: 434954 ns, At safepoint: 74182 ns, Total: 509136 ns
[2023-04-06T07:44:05.574+0000][69][gc,start    ] GC(27) Pause Young (Normal) (G1 Evacuation Pause)
[2023-04-06T07:44:05.574+0000][69][gc,task     ] GC(27) Using 4 workers of 4 for evacuation
[2023-04-06T07:44:05.575+0000][69][gc,age      ] GC(27) Desired survivor size 8388608 bytes, new threshold 2 (max threshold 15)
[2023-04-06T07:44:05.602+0000][69][gc,phases   ] GC(27)   Pre Evacuate Collection Set: 0.1ms
[2023-04-06T07:44:05.602+0000][69][gc,phases   ] GC(27)   Merge Heap Roots: 0.1ms
[2023-04-06T07:44:05.603+0000][69][gc,phases   ] GC(27)   Evacuate Collection Set: 22.8ms
[2023-04-06T07:44:05.604+0000][69][gc,phases   ] GC(27)   Post Evacuate Collection Set: 3.1ms
[2023-04-06T07:44:05.604+0000][69][gc,phases   ] GC(27)   Other: 1.2ms
[2023-04-06T07:44:05.605+0000][69][gc,age      ] GC(27) Age table with threshold 2 (max threshold 15)
[2023-04-06T07:44:05.605+0000][69][gc,age      ] GC(27) - age   1:    9331952 bytes,    9331952 total
[2023-04-06T07:44:05.606+0000][69][gc,age      ] GC(27) - age   2:    6830088 bytes,   16162040 total
[2023-04-06T07:44:05.606+0000][69][gc,heap     ] GC(27) Eden regions: 26->0(22)
[2023-04-06T07:44:05.607+0000][69][gc,heap     ] GC(27) Survivor regions: 4->4(4)
[2023-04-06T07:44:05.607+0000][69][gc,heap     ] GC(27) Old regions: 16->18
[2023-04-06T07:44:05.608+0000][69][gc,heap     ] GC(27) Archive regions: 2->2
[2023-04-06T07:44:05.608+0000][69][gc,heap     ] GC(27) Humongous regions: 2->2
[2023-04-06T07:44:05.609+0000][69][gc,metaspace] GC(27) Metaspace: 122193K(125440K)->122193K(125440K) NonClass: 105753K(107392K)->105753K(107392K) Class: 16440K(18048K)->16440K(18048K)
[2023-04-06T07:44:05.609+0000][69][gc          ] GC(27) Pause Young (Normal) (G1 Evacuation Pause) 192M->96M(256M) 35.575ms
[2023-04-06T07:44:05.610+0000][69][gc,cpu      ] GC(27) User=0.06s Sys=0.00s Real=0.03s
[2023-04-06T07:44:05.610+0000][69][safepoint   ] Safepoint "G1CollectForAllocation", Time since last: 68474589 ns, Reaching safepoint: 357511 ns, At safepoint: 36708413 ns, Total: 37065924 ns
[2023-04-06T07:44:06.977+0000][69][safepoint   ] Safepoint "Cleanup", Time since last: 1000866897 ns, Reaching safepoint: 364246164 ns, At safepoint: 1735041 ns, Total: 365981205 ns
[2023-04-06T07:44:07.983+0000][69][safepoint   ] Safepoint "Cleanup", Time since last: 1003744313 ns, Reaching safepoint: 2047841 ns, At safepoint: 86056 ns, Total: 2133897 ns
[2023-04-06T07:44:08.668+0000][69][safepoint   ] Safepoint "ICBufferFull", Time since last: 683732781 ns, Reaching safepoint: 867376 ns, At safepoint: 57179 ns, Total: 924555 ns
[2023-04-06T07:44:09.322+0000][69][gc,start    ] GC(28) Pause Young (Concurrent Start) (G1 Evacuation Pause)
[2023-04-06T07:44:09.323+0000][69][gc,task     ] GC(28) Using 4 workers of 4 for evacuation
[2023-04-06T07:44:09.323+0000][69][gc,age      ] GC(28) Desired survivor size 8388608 bytes, new threshold 1 (max threshold 15)
[2023-04-06T07:44:09.345+0000][69][gc,phases   ] GC(28)   Pre Evacuate Collection Set: 0.5ms
[2023-04-06T07:44:09.346+0000][69][gc,phases   ] GC(28)   Merge Heap Roots: 0.2ms
[2023-04-06T07:44:09.346+0000][69][gc,phases   ] GC(28)   Evacuate Collection Set: 18.3ms
[2023-04-06T07:44:09.347+0000][69][gc,phases   ] GC(28)   Post Evacuate Collection Set: 1.8ms
[2023-04-06T07:44:09.348+0000][69][gc,phases   ] GC(28)   Other: 1.6ms
[2023-04-06T07:44:09.349+0000][69][gc,age      ] GC(28) Age table with threshold 1 (max threshold 15)
[2023-04-06T07:44:09.350+0000][69][gc,age      ] GC(28) - age   1:    4815600 bytes,    4815600 total
[2023-04-06T07:44:09.351+0000][69][gc,heap     ] GC(28) Eden regions: 22->0(21)
[2023-04-06T07:44:09.351+0000][69][gc,heap     ] GC(28) Survivor regions: 4->2(4)
[2023-04-06T07:44:09.352+0000][69][gc,heap     ] GC(28) Old regions: 18->22
[2023-04-06T07:44:09.353+0000][69][gc,heap     ] GC(28) Archive regions: 2->2
[2023-04-06T07:44:09.354+0000][69][gc,heap     ] GC(28) Humongous regions: 2->2
[2023-04-06T07:44:09.355+0000][69][gc,metaspace] GC(28) Metaspace: 125608K(128832K)->125608K(128832K) NonClass: 108768K(110400K)->108768K(110400K) Class: 16840K(18432K)->16840K(18432K)
[2023-04-06T07:44:09.355+0000][69][gc          ] GC(28) Pause Young (Concurrent Start) (G1 Evacuation Pause) 184M->102M(256M) 33.575ms
[2023-04-06T07:44:09.356+0000][69][gc,cpu      ] GC(28) User=0.06s Sys=0.00s Real=0.03s
[2023-04-06T07:44:09.357+0000][69][safepoint   ] Safepoint "G1CollectForAllocation", Time since last: 650485620 ns, Reaching safepoint: 3468497 ns, At safepoint: 35307342 ns, Total: 38775839 ns
[2023-04-06T07:44:09.356+0000][69][gc          ] GC(29) Concurrent Mark Cycle
[2023-04-06T07:44:09.358+0000][69][gc,marking  ] GC(29) Concurrent Clear Claimed Marks
[2023-04-06T07:44:09.360+0000][69][gc,marking  ] GC(29) Concurrent Clear Claimed Marks 1.206ms
[2023-04-06T07:44:09.361+0000][69][gc,marking  ] GC(29) Concurrent Scan Root Regions
[2023-04-06T07:44:09.437+0000][69][gc,marking  ] GC(29) Concurrent Scan Root Regions 76.179ms
[2023-04-06T07:44:09.442+0000][69][gc,marking  ] GC(29) Concurrent Mark
[2023-04-06T07:44:09.446+0000][69][gc,marking  ] GC(29) Concurrent Mark From Roots
[2023-04-06T07:44:09.452+0000][69][gc,task     ] GC(29) Using 1 workers of 1 for marking
[2023-04-06T07:44:09.983+0000][69][gc,marking  ] GC(29) Concurrent Mark From Roots 537.340ms
[2023-04-06T07:44:09.984+0000][69][gc,marking  ] GC(29) Concurrent Preclean
[2023-04-06T07:44:09.987+0000][69][gc,marking  ] GC(29) Concurrent Preclean 3.429ms
[2023-04-06T07:44:09.992+0000][69][gc,start    ] GC(29) Pause Remark
[2023-04-06T07:44:10.000+0000][69][gc          ] GC(29) Pause Remark 167M->167M(256M) 8.540ms
[2023-04-06T07:44:10.001+0000][69][gc,cpu      ] GC(29) User=0.02s Sys=0.00s Real=0.01s
[2023-04-06T07:44:10.002+0000][69][safepoint   ] Safepoint "G1PauseRemark", Time since last: 634103164 ns, Reaching safepoint: 716184 ns, At safepoint: 10269189 ns, Total: 10985373 ns
[2023-04-06T07:44:10.003+0000][69][gc,marking  ] GC(29) Concurrent Mark 560.789ms
[2023-04-06T07:44:10.004+0000][69][gc,marking  ] GC(29) Concurrent Rebuild Remembered Sets
[2023-04-06T07:44:10.143+0000][69][gc,marking  ] GC(29) Concurrent Rebuild Remembered Sets 139.229ms
[2023-04-06T07:44:10.164+0000][69][gc,start    ] GC(29) Pause Cleanup
[2023-04-06T07:44:10.165+0000][69][gc          ] GC(29) Pause Cleanup 171M->171M(256M) 0.772ms
[2023-04-06T07:44:10.165+0000][69][gc,cpu      ] GC(29) User=0.00s Sys=0.00s Real=0.00s
[2023-04-06T07:44:10.166+0000][69][safepoint   ] Safepoint "G1PauseCleanup", Time since last: 161241167 ns, Reaching safepoint: 419304 ns, At safepoint: 1950720 ns, Total: 2370024 ns
[2023-04-06T07:44:10.172+0000][69][gc,marking  ] GC(29) Concurrent Cleanup for Next Mark
[2023-04-06T07:44:10.184+0000][69][gc,marking  ] GC(29) Concurrent Cleanup for Next Mark 12.023ms
[2023-04-06T07:44:10.191+0000][69][gc          ] GC(29) Concurrent Mark Cycle 834.915ms
[2023-04-06T07:44:10.564+0000][69][gc,start    ] GC(30) Pause Young (Prepare Mixed) (G1 Evacuation Pause)
[2023-04-06T07:44:10.565+0000][69][gc,task     ] GC(30) Using 4 workers of 4 for evacuation
[2023-04-06T07:44:10.565+0000][69][gc,age      ] GC(30) Desired survivor size 6291456 bytes, new threshold 15 (max threshold 15)
[2023-04-06T07:44:10.574+0000][69][gc,phases   ] GC(30)   Pre Evacuate Collection Set: 0.3ms
[2023-04-06T07:44:10.575+0000][69][gc,phases   ] GC(30)   Merge Heap Roots: 0.2ms
[2023-04-06T07:44:10.575+0000][69][gc,phases   ] GC(30)   Evacuate Collection Set: 5.9ms
[2023-04-06T07:44:10.576+0000][69][gc,phases   ] GC(30)   Post Evacuate Collection Set: 0.9ms
[2023-04-06T07:44:10.576+0000][69][gc,phases   ] GC(30)   Other: 1.6ms
[2023-04-06T07:44:10.577+0000][69][gc,age      ] GC(30) Age table with threshold 15 (max threshold 15)
[2023-04-06T07:44:10.578+0000][69][gc,age      ] GC(30) - age   1:    2141048 bytes,    2141048 total
[2023-04-06T07:44:10.579+0000][69][gc,age      ] GC(30) - age   2:    3532232 bytes,    5673280 total
[2023-04-06T07:44:10.580+0000][69][gc,heap     ] GC(30) Eden regions: 21->0(1)
[2023-04-06T07:44:10.580+0000][69][gc,heap     ] GC(30) Survivor regions: 2->2(3)
[2023-04-06T07:44:10.581+0000][69][gc,heap     ] GC(30) Old regions: 22->22
[2023-04-06T07:44:10.583+0000][69][gc,heap     ] GC(30) Archive regions: 2->2
[2023-04-06T07:44:10.583+0000][69][gc,heap     ] GC(30) Humongous regions: 2->2
[2023-04-06T07:44:10.584+0000][69][gc,metaspace] GC(30) Metaspace: 126674K(129856K)->126674K(129856K) NonClass: 109713K(111296K)->109713K(111296K) Class: 16960K(18560K)->16960K(18560K)
[2023-04-06T07:44:10.585+0000][69][gc          ] GC(30) Pause Young (Prepare Mixed) (G1 Evacuation Pause) 186M->103M(256M) 21.609ms
[2023-04-06T07:44:10.586+0000][69][gc,cpu      ] GC(30) User=0.01s Sys=0.01s Real=0.02s
[2023-04-06T07:44:10.590+0000][69][safepoint   ] Safepoint "G1CollectForAllocation", Time since last: 396740477 ns, Reaching safepoint: 1200449 ns, At safepoint: 26380509 ns, Total: 27580958 ns
[2023-04-06T07:44:10.712+0000][69][gc,start    ] GC(31) Pause Young (Mixed) (G1 Evacuation Pause)
[2023-04-06T07:44:10.714+0000][69][gc,task     ] GC(31) Using 4 workers of 4 for evacuation
[2023-04-06T07:44:10.714+0000][69][gc,age      ] GC(31) Desired survivor size 2097152 bytes, new threshold 1 (max threshold 15)
[2023-04-06T07:44:10.735+0000][69][gc,phases   ] GC(31)   Pre Evacuate Collection Set: 0.2ms
[2023-04-06T07:44:10.736+0000][69][gc,phases   ] GC(31)   Merge Heap Roots: 0.2ms
[2023-04-06T07:44:10.736+0000][69][gc,phases   ] GC(31)   Evacuate Collection Set: 18.2ms
[2023-04-06T07:44:10.737+0000][69][gc,phases   ] GC(31)   Post Evacuate Collection Set: 1.2ms
[2023-04-06T07:44:10.738+0000][69][gc,phases   ] GC(31)   Other: 1.6ms
[2023-04-06T07:44:10.738+0000][69][gc,age      ] GC(31) Age table with threshold 1 (max threshold 15)
[2023-04-06T07:44:10.739+0000][69][gc,age      ] GC(31) - age   1:     163704 bytes,     163704 total
[2023-04-06T07:44:10.740+0000][69][gc,heap     ] GC(31) Eden regions: 1->0(22)
[2023-04-06T07:44:10.741+0000][69][gc,heap     ] GC(31) Survivor regions: 2->1(1)
[2023-04-06T07:44:10.742+0000][69][gc,heap     ] GC(31) Old regions: 22->23
[2023-04-06T07:44:10.743+0000][69][gc,heap     ] GC(31) Archive regions: 2->2
[2023-04-06T07:44:10.744+0000][69][gc,heap     ] GC(31) Humongous regions: 2->2
[2023-04-06T07:44:10.744+0000][69][gc,metaspace] GC(31) Metaspace: 126947K(130240K)->126947K(130240K) NonClass: 109954K(111616K)->109954K(111616K) Class: 16993K(18624K)->16993K(18624K)
[2023-04-06T07:44:10.745+0000][69][gc          ] GC(31) Pause Young (Mixed) (G1 Evacuation Pause) 107M->103M(256M) 33.232ms
[2023-04-06T07:44:10.746+0000][69][gc,cpu      ] GC(31) User=0.05s Sys=0.01s Real=0.03s
[2023-04-06T07:44:10.747+0000][69][safepoint   ] Safepoint "G1CollectForAllocation", Time since last: 120539107 ns, Reaching safepoint: 1313061 ns, At safepoint: 34718638 ns, Total: 36031699 ns
[2023-04-06T07:44:11.753+0000][69][safepoint   ] Safepoint "Cleanup", Time since last: 1000901004 ns, Reaching safepoint: 5200072 ns, At safepoint: 41335 ns, Total: 5241407 ns
[2023-04-06T07:44:12.757+0000][69][safepoint   ] Safepoint "Cleanup", Time since last: 1001425165 ns, Reaching safepoint: 2530990 ns, At safepoint: 36100 ns, Total: 2567090 ns
[2023-04-06T07:44:13.453+0000][69][safepoint   ] Safepoint "ICBufferFull", Time since last: 696065127 ns, Reaching safepoint: 309655 ns, At safepoint: 16766 ns, Total: 326421 ns
[2023-04-06T07:44:13.946+0000][69][safepoint   ] Safepoint "ICBufferFull", Time since last: 492483398 ns, Reaching safepoint: 491958 ns, At safepoint: 43467 ns, Total: 535425 ns
[2023-04-06T07:44:14.948+0000][69][safepoint   ] Safepoint "Cleanup", Time since last: 1001558918 ns, Reaching safepoint: 119014 ns, At safepoint: 7297 ns, Total: 126311 ns
[2023-04-06T07:44:15.949+0000][69][safepoint   ] Safepoint "Cleanup", Time since last: 1001203118 ns, Reaching safepoint: 107676 ns, At safepoint: 4195 ns, Total: 111871 ns
[2023-04-06T07:44:16.813+0000][69][gc,start    ] GC(32) Pause Young (Concurrent Start) (G1 Evacuation Pause)
[2023-04-06T07:44:16.814+0000][69][gc,task     ] GC(32) Using 4 workers of 4 for evacuation
[2023-04-06T07:44:16.815+0000][69][gc,age      ] GC(32) Desired survivor size 6291456 bytes, new threshold 15 (max threshold 15)
[2023-04-06T07:44:16.822+0000][69][gc,phases   ] GC(32)   Pre Evacuate Collection Set: 0.4ms
[2023-04-06T07:44:16.823+0000][69][gc,phases   ] GC(32)   Merge Heap Roots: 0.2ms
[2023-04-06T07:44:16.824+0000][69][gc,phases   ] GC(32)   Evacuate Collection Set: 5.2ms
[2023-04-06T07:44:16.825+0000][69][gc,phases   ] GC(32)   Post Evacuate Collection Set: 1.2ms
[2023-04-06T07:44:16.825+0000][69][gc,phases   ] GC(32)   Other: 1.3ms
[2023-04-06T07:44:16.826+0000][69][gc,age      ] GC(32) Age table with threshold 15 (max threshold 15)
[2023-04-06T07:44:16.826+0000][69][gc,age      ] GC(32) - age   1:    4931168 bytes,    4931168 total
[2023-04-06T07:44:16.827+0000][69][gc,age      ] GC(32) - age   2:      91976 bytes,    5023144 total
[2023-04-06T07:44:16.827+0000][69][gc,heap     ] GC(32) Eden regions: 22->0(21)
[2023-04-06T07:44:16.828+0000][69][gc,heap     ] GC(32) Survivor regions: 1->2(3)
[2023-04-06T07:44:16.829+0000][69][gc,heap     ] GC(32) Old regions: 23->23
[2023-04-06T07:44:16.829+0000][69][gc,heap     ] GC(32) Archive regions: 2->2
[2023-04-06T07:44:16.830+0000][69][gc,heap     ] GC(32) Humongous regions: 2->2
[2023-04-06T07:44:16.830+0000][69][gc,metaspace] GC(32) Metaspace: 130100K(133376K)->130100K(133376K) NonClass: 112683K(114304K)->112683K(114304K) Class: 17416K(19072K)->17416K(19072K)
[2023-04-06T07:44:16.831+0000][69][gc          ] GC(32) Pause Young (Concurrent Start) (G1 Evacuation Pause) 191M->107M(256M) 17.352ms
[2023-04-06T07:44:16.831+0000][69][gc          ] GC(33) Concurrent Mark Cycle
[2023-04-06T07:44:16.832+0000][69][gc,marking  ] GC(33) Concurrent Clear Claimed Marks
[2023-04-06T07:44:16.831+0000][69][gc,cpu      ] GC(32) User=0.02s Sys=0.00s Real=0.02s
[2023-04-06T07:44:16.833+0000][69][safepoint   ] Safepoint "G1CollectForAllocation", Time since last: 863964232 ns, Reaching safepoint: 225298 ns, At safepoint: 19616985 ns, Total: 19842283 ns
[2023-04-06T07:44:16.833+0000][69][gc,marking  ] GC(33) Concurrent Clear Claimed Marks 1.220ms
[2023-04-06T07:44:16.835+0000][69][gc,marking  ] GC(33) Concurrent Scan Root Regions
[2023-04-06T07:44:16.845+0000][69][gc,marking  ] GC(33) Concurrent Scan Root Regions 10.114ms
[2023-04-06T07:44:16.846+0000][69][gc,marking  ] GC(33) Concurrent Mark
[2023-04-06T07:44:16.847+0000][69][gc,marking  ] GC(33) Concurrent Mark From Roots
[2023-04-06T07:44:16.848+0000][69][gc,task     ] GC(33) Using 1 workers of 1 for marking
[2023-04-06T07:44:17.262+0000][69][safepoint   ] Safepoint "ICBufferFull", Time since last: 426844109 ns, Reaching safepoint: 1964299 ns, At safepoint: 45569 ns, Total: 2009868 ns
[2023-04-06T07:44:17.267+0000][69][safepoint   ] Safepoint "ICBufferFull", Time since last: 2857522 ns, Reaching safepoint: 2165929 ns, At safepoint: 326069 ns, Total: 2491998 ns
[2023-04-06T07:44:17.480+0000][69][gc,marking  ] GC(33) Concurrent Mark From Roots 632.702ms
[2023-04-06T07:44:17.481+0000][69][gc,marking  ] GC(33) Concurrent Preclean
[2023-04-06T07:44:17.482+0000][69][gc,marking  ] GC(33) Concurrent Preclean 1.233ms
[2023-04-06T07:44:17.483+0000][69][gc,start    ] GC(33) Pause Remark
[2023-04-06T07:44:17.503+0000][69][gc          ] GC(33) Pause Remark 145M->145M(256M) 20.315ms
[2023-04-06T07:44:17.504+0000][69][gc,cpu      ] GC(33) User=0.05s Sys=0.00s Real=0.02s
[2023-04-06T07:44:17.505+0000][69][safepoint   ] Safepoint "G1PauseRemark", Time since last: 215316374 ns, Reaching safepoint: 292688 ns, At safepoint: 22525895 ns, Total: 22818583 ns
[2023-04-06T07:44:17.506+0000][69][gc,marking  ] GC(33) Concurrent Mark 660.399ms
[2023-04-06T07:44:17.507+0000][69][gc,marking  ] GC(33) Concurrent Rebuild Remembered Sets
[2023-04-06T07:44:17.573+0000][69][gc,marking  ] GC(33) Concurrent Rebuild Remembered Sets 65.567ms
[2023-04-06T07:44:17.591+0000][69][gc,start    ] GC(33) Pause Cleanup
[2023-04-06T07:44:17.592+0000][69][gc          ] GC(33) Pause Cleanup 147M->147M(256M) 0.993ms
[2023-04-06T07:44:17.592+0000][69][gc,cpu      ] GC(33) User=0.00s Sys=0.00s Real=0.01s
[2023-04-06T07:44:17.593+0000][69][safepoint   ] Safepoint "G1PauseCleanup", Time since last: 68561267 ns, Reaching safepoint: 16703188 ns, At safepoint: 2589754 ns, Total: 19292942 ns
[2023-04-06T07:44:17.596+0000][69][gc,marking  ] GC(33) Concurrent Cleanup for Next Mark
[2023-04-06T07:44:17.598+0000][69][gc,marking  ] GC(33) Concurrent Cleanup for Next Mark 1.925ms
[2023-04-06T07:44:17.599+0000][69][gc          ] GC(33) Concurrent Mark Cycle 768.012ms
[2023-04-06T07:44:18.594+0000][69][safepoint   ] Safepoint "Cleanup", Time since last: 1000850707 ns, Reaching safepoint: 114456 ns, At safepoint: 3138 ns, Total: 117594 ns
[2023-04-06T07:44:19.849+0000][69][safepoint   ] Safepoint "ICBufferFull", Time since last: 1252918799 ns, Reaching safepoint: 1788471 ns, At safepoint: 121039 ns, Total: 1909510 ns
[2023-04-06T07:44:20.453+0000][69][safepoint   ] Safepoint "ICBufferFull", Time since last: 603406663 ns, Reaching safepoint: 311136 ns, At safepoint: 68504 ns, Total: 379640 ns
[2023-04-06T07:44:20.576+0000][69][gc,start    ] GC(34) Pause Young (Prepare Mixed) (G1 Evacuation Pause)
[2023-04-06T07:44:20.579+0000][69][gc,task     ] GC(34) Using 4 workers of 4 for evacuation
[2023-04-06T07:44:20.582+0000][69][gc,age      ] GC(34) Desired survivor size 6291456 bytes, new threshold 15 (max threshold 15)
[2023-04-06T07:44:20.614+0000][69][gc,phases   ] GC(34)   Pre Evacuate Collection Set: 0.1ms
[2023-04-06T07:44:20.615+0000][69][gc,phases   ] GC(34)   Merge Heap Roots: 0.1ms
[2023-04-06T07:44:20.615+0000][69][gc,phases   ] GC(34)   Evacuate Collection Set: 16.2ms
[2023-04-06T07:44:20.616+0000][69][gc,phases   ] GC(34)   Post Evacuate Collection Set: 12.1ms
[2023-04-06T07:44:20.617+0000][69][gc,phases   ] GC(34)   Other: 6.1ms
[2023-04-06T07:44:20.618+0000][69][gc,age      ] GC(34) Age table with threshold 15 (max threshold 15)
[2023-04-06T07:44:20.618+0000][69][gc,age      ] GC(34) - age   1:    6332592 bytes,    6332592 total
[2023-04-06T07:44:20.619+0000][69][gc,age      ] GC(34) - age   2:    3426200 bytes,    9758792 total
[2023-04-06T07:44:20.619+0000][69][gc,age      ] GC(34) - age   3:      91880 bytes,    9850672 total
[2023-04-06T07:44:20.620+0000][69][gc,heap     ] GC(34) Eden regions: 21->0(1)
[2023-04-06T07:44:20.620+0000][69][gc,heap     ] GC(34) Survivor regions: 2->3(3)
[2023-04-06T07:44:20.621+0000][69][gc,heap     ] GC(34) Old regions: 23->23
[2023-04-06T07:44:20.622+0000][69][gc,heap     ] GC(34) Archive regions: 2->2
[2023-04-06T07:44:20.622+0000][69][gc,heap     ] GC(34) Humongous regions: 2->2
[2023-04-06T07:44:20.623+0000][69][gc,metaspace] GC(34) Metaspace: 133249K(136768K)->133249K(136768K) NonClass: 115347K(117120K)->115347K(117120K) Class: 17901K(19648K)->17901K(19648K)
[2023-04-06T07:44:20.623+0000][69][gc          ] GC(34) Pause Young (Prepare Mixed) (G1 Evacuation Pause) 191M->112M(256M) 47.452ms
[2023-04-06T07:44:20.624+0000][69][gc,cpu      ] GC(34) User=0.06s Sys=0.00s Real=0.05s
[2023-04-06T07:44:20.624+0000][69][safepoint   ] Safepoint "G1CollectForAllocation", Time since last: 122749293 ns, Reaching safepoint: 115502 ns, At safepoint: 48563045 ns, Total: 48678547 ns
[2023-04-06T07:44:20.698+0000][69][gc,start    ] GC(35) Pause Young (Mixed) (G1 Evacuation Pause)
[2023-04-06T07:44:20.699+0000][69][gc,task     ] GC(35) Using 4 workers of 4 for evacuation
[2023-04-06T07:44:20.701+0000][69][gc,age      ] GC(35) Desired survivor size 2097152 bytes, new threshold 1 (max threshold 15)
[2023-04-06T07:44:20.714+0000][69][gc,phases   ] GC(35)   Pre Evacuate Collection Set: 0.1ms
[2023-04-06T07:44:20.715+0000][69][gc,phases   ] GC(35)   Merge Heap Roots: 0.1ms
[2023-04-06T07:44:20.716+0000][69][gc,phases   ] GC(35)   Evacuate Collection Set: 11.1ms
[2023-04-06T07:44:20.716+0000][69][gc,phases   ] GC(35)   Post Evacuate Collection Set: 1.1ms
[2023-04-06T07:44:20.717+0000][69][gc,phases   ] GC(35)   Other: 2.1ms
[2023-04-06T07:44:20.718+0000][69][gc,age      ] GC(35) Age table with threshold 1 (max threshold 15)
[2023-04-06T07:44:20.719+0000][69][gc,age      ] GC(35) - age   1:     227664 bytes,     227664 total
[2023-04-06T07:44:20.719+0000][69][gc,heap     ] GC(35) Eden regions: 1->0(20)
[2023-04-06T07:44:20.720+0000][69][gc,heap     ] GC(35) Survivor regions: 3->1(1)
[2023-04-06T07:44:20.720+0000][69][gc,heap     ] GC(35) Old regions: 23->25
[2023-04-06T07:44:20.721+0000][69][gc,heap     ] GC(35) Archive regions: 2->2
[2023-04-06T07:44:20.722+0000][69][gc,heap     ] GC(35) Humongous regions: 2->2
[2023-04-06T07:44:20.722+0000][69][gc,metaspace] GC(35) Metaspace: 133284K(136832K)->133284K(136832K) NonClass: 115380K(117184K)->115380K(117184K) Class: 17904K(19648K)->17904K(19648K)
[2023-04-06T07:44:20.723+0000][69][gc          ] GC(35) Pause Young (Mixed) (G1 Evacuation Pause) 116M->110M(256M) 24.601ms
[2023-04-06T07:44:20.723+0000][69][gc,cpu      ] GC(35) User=0.05s Sys=0.00s Real=0.03s
[2023-04-06T07:44:20.725+0000][69][safepoint   ] Safepoint "G1CollectForAllocation", Time since last: 73019060 ns, Reaching safepoint: 1045123 ns, At safepoint: 26262092 ns, Total: 27307215 ns
[2023-04-06T07:44:21.731+0000][69][safepoint   ] Safepoint "Cleanup", Time since last: 1006099924 ns, Reaching safepoint: 181692 ns, At safepoint: 3360 ns, Total: 185052 ns
[2023-04-06T07:44:22.732+0000][69][safepoint   ] Safepoint "Cleanup", Time since last: 1001507679 ns, Reaching safepoint: 150532 ns, At safepoint: 3947 ns, Total: 154479 ns
[2023-04-06T07:44:23.734+0000][69][safepoint   ] Safepoint "Cleanup", Time since last: 1001449525 ns, Reaching safepoint: 201250 ns, At safepoint: 7038 ns, Total: 208288 ns
[2023-04-06T07:44:24.738+0000][69][safepoint   ] Safepoint "Cleanup", Time since last: 1003160966 ns, Reaching safepoint: 790884 ns, At safepoint: 11665 ns, Total: 802549 ns
[2023-04-06T07:44:25.741+0000][69][safepoint   ] Safepoint "Cleanup", Time since last: 1002559529 ns, Reaching safepoint: 145077 ns, At safepoint: 5452 ns, Total: 150529 ns
[2023-04-06T07:44:27.374+0000][69][safepoint   ] Safepoint "Cleanup", Time since last: 1632888725 ns, Reaching safepoint: 237628 ns, At safepoint: 5512 ns, Total: 243140 ns
[2023-04-06T07:44:28.375+0000][69][safepoint   ] Safepoint "Cleanup", Time since last: 1001130822 ns, Reaching safepoint: 351302 ns, At safepoint: 19432 ns, Total: 370734 ns
[2023-04-06T07:44:29.378+0000][69][safepoint   ] Safepoint "Cleanup", Time since last: 1002835809 ns, Reaching safepoint: 164527 ns, At safepoint: 8241 ns, Total: 172768 ns
[2023-04-06T07:44:30.381+0000][69][safepoint   ] Safepoint "Cleanup", Time since last: 1002597029 ns, Reaching safepoint: 128320 ns, At safepoint: 5688 ns, Total: 134008 ns
[2023-04-06T07:44:31.386+0000][69][safepoint   ] Safepoint "Cleanup", Time since last: 1002476730 ns, Reaching safepoint: 2560937 ns, At safepoint: 96791 ns, Total: 2657728 ns
[2023-04-06T07:44:32.395+0000][69][safepoint   ] Safepoint "Cleanup", Time since last: 1008587622 ns, Reaching safepoint: 354287 ns, At safepoint: 8973 ns, Total: 363260 ns
[2023-04-06T07:44:33.932+0000][69][safepoint   ] Safepoint "Cleanup", Time since last: 1558062070 ns, Reaching safepoint: 295598 ns, At safepoint: 14548 ns, Total: 310146 ns
[2023-04-06T07:44:34.934+0000][69][safepoint   ] Safepoint "Cleanup", Time since last: 1001643125 ns, Reaching safepoint: 332180 ns, At safepoint: 16671 ns, Total: 348851 ns
[2023-04-06T07:44:35.937+0000][69][safepoint   ] Safepoint "Cleanup", Time since last: 1002138448 ns, Reaching safepoint: 429028 ns, At safepoint: 15029 ns, Total: 444057 ns
[2023-04-06T07:44:36.942+0000][69][safepoint   ] Safepoint "Cleanup", Time since last: 1004046842 ns, Reaching safepoint: 1208323 ns, At safepoint: 278581 ns, Total: 1486904 ns
[2023-04-06T07:44:37.946+0000][69][safepoint   ] Safepoint "Cleanup", Time since last: 1003531336 ns, Reaching safepoint: 262645 ns, At safepoint: 34060 ns, Total: 296705 ns
[2023-04-06T07:44:37.968+0000][69][gc,start    ] GC(36) Pause Young (Concurrent Start) (G1 Evacuation Pause)
[2023-04-06T07:44:37.969+0000][69][gc,task     ] GC(36) Using 4 workers of 4 for evacuation
[2023-04-06T07:44:37.969+0000][69][gc,age      ] GC(36) Desired survivor size 6291456 bytes, new threshold 15 (max threshold 15)
[2023-04-06T07:44:37.974+0000][69][gc,phases   ] GC(36)   Pre Evacuate Collection Set: 0.4ms
[2023-04-06T07:44:37.975+0000][69][gc,phases   ] GC(36)   Merge Heap Roots: 0.1ms
[2023-04-06T07:44:37.975+0000][69][gc,phases   ] GC(36)   Evacuate Collection Set: 2.7ms
[2023-04-06T07:44:37.976+0000][69][gc,phases   ] GC(36)   Post Evacuate Collection Set: 0.8ms
[2023-04-06T07:44:37.977+0000][69][gc,phases   ] GC(36)   Other: 1.2ms
[2023-04-06T07:44:37.978+0000][69][gc,age      ] GC(36) Age table with threshold 15 (max threshold 15)
[2023-04-06T07:44:37.978+0000][69][gc,age      ] GC(36) - age   1:    1668576 bytes,    1668576 total
[2023-04-06T07:44:37.979+0000][69][gc,age      ] GC(36) - age   2:     145704 bytes,    1814280 total
[2023-04-06T07:44:37.979+0000][69][gc,heap     ] GC(36) Eden regions: 20->0(20)
[2023-04-06T07:44:37.979+0000][69][gc,heap     ] GC(36) Survivor regions: 1->1(3)
[2023-04-06T07:44:37.980+0000][69][gc,heap     ] GC(36) Old regions: 25->25
[2023-04-06T07:44:37.981+0000][69][gc,heap     ] GC(36) Archive regions: 2->2
[2023-04-06T07:44:37.981+0000][69][gc,heap     ] GC(36) Humongous regions: 2->2
[2023-04-06T07:44:37.982+0000][69][gc,metaspace] GC(36) Metaspace: 134303K(137792K)->134303K(137792K) NonClass: 116366K(118080K)->116366K(118080K) Class: 17937K(19712K)->17937K(19712K)
[2023-04-06T07:44:37.982+0000][69][gc          ] GC(36) Pause Young (Concurrent Start) (G1 Evacuation Pause) 190M->111M(256M) 14.804ms
[2023-04-06T07:44:37.983+0000][69][gc,cpu      ] GC(36) User=0.01s Sys=0.00s Real=0.02s
[2023-04-06T07:44:37.983+0000][69][gc          ] GC(37) Concurrent Mark Cycle
[2023-04-06T07:44:37.985+0000][69][gc,marking  ] GC(37) Concurrent Clear Claimed Marks
[2023-04-06T07:44:37.984+0000][69][safepoint   ] Safepoint "G1CollectForAllocation", Time since last: 21096976 ns, Reaching safepoint: 524161 ns, At safepoint: 16824898 ns, Total: 17349059 ns
[2023-04-06T07:44:37.986+0000][69][gc,marking  ] GC(37) Concurrent Clear Claimed Marks 1.033ms
[2023-04-06T07:44:37.987+0000][69][gc,marking  ] GC(37) Concurrent Scan Root Regions
[2023-04-06T07:44:37.990+0000][69][gc,marking  ] GC(37) Concurrent Scan Root Regions 3.787ms
[2023-04-06T07:44:37.991+0000][69][gc,marking  ] GC(37) Concurrent Mark
[2023-04-06T07:44:37.992+0000][69][gc,marking  ] GC(37) Concurrent Mark From Roots
[2023-04-06T07:44:37.993+0000][69][gc,task     ] GC(37) Using 1 workers of 1 for marking
[2023-04-06T07:44:38.133+0000][69][gc,marking  ] GC(37) Concurrent Mark From Roots 141.330ms
[2023-04-06T07:44:38.134+0000][69][gc,marking  ] GC(37) Concurrent Preclean
[2023-04-06T07:44:38.135+0000][69][gc,marking  ] GC(37) Concurrent Preclean 0.633ms
[2023-04-06T07:44:38.136+0000][69][gc,start    ] GC(37) Pause Remark
[2023-04-06T07:44:38.153+0000][69][gc          ] GC(37) Pause Remark 113M->113M(256M) 17.130ms
[2023-04-06T07:44:38.154+0000][69][gc,cpu      ] GC(37) User=0.04s Sys=0.00s Real=0.02s
[2023-04-06T07:44:38.155+0000][69][safepoint   ] Safepoint "G1PauseRemark", Time since last: 151179647 ns, Reaching safepoint: 158894 ns, At safepoint: 19203273 ns, Total: 19362167 ns
[2023-04-06T07:44:38.157+0000][69][gc,marking  ] GC(37) Concurrent Mark 165.567ms
[2023-04-06T07:44:38.157+0000][69][gc,marking  ] GC(37) Concurrent Rebuild Remembered Sets
[2023-04-06T07:44:38.225+0000][69][gc,marking  ] GC(37) Concurrent Rebuild Remembered Sets 67.407ms
[2023-04-06T07:44:38.226+0000][69][gc,start    ] GC(37) Pause Cleanup
[2023-04-06T07:44:38.227+0000][69][gc          ] GC(37) Pause Cleanup 114M->114M(256M) 1.282ms
[2023-04-06T07:44:38.228+0000][69][gc,cpu      ] GC(37) User=0.01s Sys=0.00s Real=0.00s
[2023-04-06T07:44:38.228+0000][69][safepoint   ] Safepoint "G1PauseCleanup", Time since last: 70880679 ns, Reaching safepoint: 129919 ns, At safepoint: 2544869 ns, Total: 2674788 ns
[2023-04-06T07:44:38.229+0000][69][gc,marking  ] GC(37) Concurrent Cleanup for Next Mark
[2023-04-06T07:44:38.230+0000][69][gc,marking  ] GC(37) Concurrent Cleanup for Next Mark 0.801ms
[2023-04-06T07:44:38.230+0000][69][gc          ] GC(37) Concurrent Mark Cycle 247.232ms
[2023-04-06T07:44:39.230+0000][69][safepoint   ] Safepoint "Cleanup", Time since last: 1000875926 ns, Reaching safepoint: 223407 ns, At safepoint: 9126 ns, Total: 232533 ns
[2023-04-06T07:44:40.233+0000][69][safepoint   ] Safepoint "Cleanup", Time since last: 1003521344 ns, Reaching safepoint: 400322 ns, At safepoint: 35904 ns, Total: 436226 ns
[2023-04-06T07:44:41.238+0000][69][safepoint   ] Safepoint "Cleanup", Time since last: 1003274465 ns, Reaching safepoint: 1006367 ns, At safepoint: 43497 ns, Total: 1049864 ns
[2023-04-06T07:44:42.240+0000][69][safepoint   ] Safepoint "Cleanup", Time since last: 1002284811 ns, Reaching safepoint: 161443 ns, At safepoint: 76645 ns, Total: 238088 ns
[2023-04-06T07:44:43.242+0000][69][safepoint   ] Safepoint "Cleanup", Time since last: 1001062322 ns, Reaching safepoint: 302838 ns, At safepoint: 28375 ns, Total: 331213 ns
[2023-04-06T07:44:44.246+0000][69][safepoint   ] Safepoint "Cleanup", Time since last: 1003919072 ns, Reaching safepoint: 241417 ns, At safepoint: 15680 ns, Total: 257097 ns
[2023-04-06T07:44:45.250+0000][69][safepoint   ] Safepoint "Cleanup", Time since last: 1004435495 ns, Reaching safepoint: 122510 ns, At safepoint: 4598 ns, Total: 127108 ns
[2023-04-06T07:44:46.253+0000][69][safepoint   ] Safepoint "Cleanup", Time since last: 1002199757 ns, Reaching safepoint: 184213 ns, At safepoint: 12535 ns, Total: 196748 ns
[2023-04-06T07:44:47.257+0000][69][safepoint   ] Safepoint "Cleanup", Time since last: 1003705568 ns, Reaching safepoint: 482528 ns, At safepoint: 10479 ns, Total: 493007 ns
[2023-04-06T07:44:48.261+0000][69][safepoint   ] Safepoint "Cleanup", Time since last: 1003568938 ns, Reaching safepoint: 269535 ns, At safepoint: 17733 ns, Total: 287268 ns
[2023-04-06T07:44:49.263+0000][69][safepoint   ] Safepoint "Cleanup", Time since last: 1001827780 ns, Reaching safepoint: 304800 ns, At safepoint: 36237 ns, Total: 341037 ns
[2023-04-06T07:44:50.265+0000][69][safepoint   ] Safepoint "Cleanup", Time since last: 1001765732 ns, Reaching safepoint: 259287 ns, At safepoint: 9675 ns, Total: 268962 ns
[2023-04-06T07:44:51.267+0000][69][safepoint   ] Safepoint "Cleanup", Time since last: 1001535384 ns, Reaching safepoint: 206797 ns, At safepoint: 5381 ns, Total: 212178 ns
[2023-04-06T07:44:52.269+0000][69][safepoint   ] Safepoint "Cleanup", Time since last: 1001846817 ns, Reaching safepoint: 156827 ns, At safepoint: 5406 ns, Total: 162233 ns
[2023-04-06T07:44:53.271+0000][69][safepoint   ] Safepoint "Cleanup", Time since last: 1001620607 ns, Reaching safepoint: 221039 ns, At safepoint: 4941 ns, Total: 225980 ns
[2023-04-06T07:44:54.272+0000][69][safepoint   ] Safepoint "Cleanup", Time since last: 1001534779 ns, Reaching safepoint: 74370 ns, At safepoint: 4663 ns, Total: 79033 ns
[2023-04-06T07:44:56.277+0000][69][safepoint   ] Safepoint "Cleanup", Time since last: 2004683439 ns, Reaching safepoint: 209151 ns, At safepoint: 10914 ns, Total: 220065 ns
[2023-04-06T07:44:57.281+0000][69][safepoint   ] Safepoint "Cleanup", Time since last: 1003195162 ns, Reaching safepoint: 262591 ns, At safepoint: 18213 ns, Total: 280804 ns
[2023-04-06T07:44:58.282+0000][69][safepoint   ] Safepoint "Cleanup", Time since last: 1001375305 ns, Reaching safepoint: 155969 ns, At safepoint: 3603 ns, Total: 159572 ns
[2023-04-06T07:44:59.285+0000][69][safepoint   ] Safepoint "Cleanup", Time since last: 1001877179 ns, Reaching safepoint: 453704 ns, At safepoint: 14324 ns, Total: 468028 ns
[2023-04-06T07:45:00.289+0000][69][safepoint   ] Safepoint "Cleanup", Time since last: 1004156842 ns, Reaching safepoint: 128146 ns, At safepoint: 4333 ns, Total: 132479 ns
[2023-04-06T07:45:02.293+0000][69][safepoint   ] Safepoint "Cleanup", Time since last: 2003484617 ns, Reaching safepoint: 721071 ns, At safepoint: 37161 ns, Total: 758232 ns
[2023-04-06T07:45:03.296+0000][69][safepoint   ] Safepoint "Cleanup", Time since last: 1003001870 ns, Reaching safepoint: 107343 ns, At safepoint: 3826 ns, Total: 111169 ns
[2023-04-06T07:45:04.278+0000][69][safepoint   ] Safepoint "Cleanup", Time since last: 1001946239 ns, Reaching safepoint: 922108 ns, At safepoint: 41427 ns, Total: 963535 ns
[2023-04-06T07:45:05.282+0000][69][safepoint   ] Safepoint "Cleanup", Time since last: 1003316185 ns, Reaching safepoint: 519831 ns, At safepoint: 26033 ns, Total: 545864 ns
[2023-04-06T07:45:06.285+0000][69][safepoint   ] Safepoint "Cleanup", Time since last: 1002475026 ns, Reaching safepoint: 587221 ns, At safepoint: 10315 ns, Total: 597536 ns
[2023-04-06T07:45:07.288+0000][69][safepoint   ] Safepoint "Cleanup", Time since last: 1003013712 ns, Reaching safepoint: 436360 ns, At safepoint: 83068 ns, Total: 519428 ns
[2023-04-06T07:45:07.711+0000][69][gc,start    ] GC(38) Pause Young (Prepare Mixed) (G1 Evacuation Pause)
[2023-04-06T07:45:07.712+0000][69][gc,task     ] GC(38) Using 4 workers of 4 for evacuation
[2023-04-06T07:45:07.713+0000][69][gc,age      ] GC(38) Desired survivor size 6291456 bytes, new threshold 15 (max threshold 15)
[2023-04-06T07:45:07.719+0000][69][gc,phases   ] GC(38)   Pre Evacuate Collection Set: 0.1ms
[2023-04-06T07:45:07.720+0000][69][gc,phases   ] GC(38)   Merge Heap Roots: 0.1ms
[2023-04-06T07:45:07.721+0000][69][gc,phases   ] GC(38)   Evacuate Collection Set: 3.8ms
[2023-04-06T07:45:07.721+0000][69][gc,phases   ] GC(38)   Post Evacuate Collection Set: 0.7ms
[2023-04-06T07:45:07.722+0000][69][gc,phases   ] GC(38)   Other: 1.7ms
[2023-04-06T07:45:07.722+0000][69][gc,age      ] GC(38) Age table with threshold 15 (max threshold 15)
[2023-04-06T07:45:07.723+0000][69][gc,age      ] GC(38) - age   1:    1192688 bytes,    1192688 total
[2023-04-06T07:45:07.725+0000][69][gc,age      ] GC(38) - age   2:     912944 bytes,    2105632 total
[2023-04-06T07:45:07.726+0000][69][gc,age      ] GC(38) - age   3:     144624 bytes,    2250256 total
[2023-04-06T07:45:07.727+0000][69][gc,heap     ] GC(38) Eden regions: 20->0(2)
[2023-04-06T07:45:07.728+0000][69][gc,heap     ] GC(38) Survivor regions: 1->1(3)
[2023-04-06T07:45:07.728+0000][69][gc,heap     ] GC(38) Old regions: 25->25
[2023-04-06T07:45:07.729+0000][69][gc,heap     ] GC(38) Archive regions: 2->2
[2023-04-06T07:45:07.730+0000][69][gc,heap     ] GC(38) Humongous regions: 2->2
[2023-04-06T07:45:07.731+0000][69][gc,metaspace] GC(38) Metaspace: 134894K(138368K)->134894K(138368K) NonClass: 116977K(118656K)->116977K(118656K) Class: 17916K(19712K)->17916K(19712K)
[2023-04-06T07:45:07.733+0000][69][gc          ] GC(38) Pause Young (Prepare Mixed) (G1 Evacuation Pause) 191M->111M(256M) 21.449ms
[2023-04-06T07:45:07.734+0000][69][gc,cpu      ] GC(38) User=0.01s Sys=0.00s Real=0.02s
[2023-04-06T07:45:07.735+0000][69][safepoint   ] Safepoint "G1CollectForAllocation", Time since last: 422741936 ns, Reaching safepoint: 103744 ns, At safepoint: 24057322 ns, Total: 24161066 ns
[2023-04-06T07:45:08.182+0000][69][gc,start    ] GC(39) Pause Young (Mixed) (G1 Evacuation Pause)
[2023-04-06T07:45:08.183+0000][69][gc,task     ] GC(39) Using 4 workers of 4 for evacuation
[2023-04-06T07:45:08.183+0000][69][gc,age      ] GC(39) Desired survivor size 2097152 bytes, new threshold 2 (max threshold 15)
[2023-04-06T07:45:08.192+0000][69][gc,phases   ] GC(39)   Pre Evacuate Collection Set: 0.1ms
[2023-04-06T07:45:08.193+0000][69][gc,phases   ] GC(39)   Merge Heap Roots: 0.1ms
[2023-04-06T07:45:08.193+0000][69][gc,phases   ] GC(39)   Evacuate Collection Set: 7.3ms
[2023-04-06T07:45:08.195+0000][69][gc,phases   ] GC(39)   Post Evacuate Collection Set: 0.7ms
[2023-04-06T07:45:08.196+0000][69][gc,phases   ] GC(39)   Other: 1.0ms
[2023-04-06T07:45:08.196+0000][69][gc,age      ] GC(39) Age table with threshold 2 (max threshold 15)
[2023-04-06T07:45:08.197+0000][69][gc,age      ] GC(39) - age   1:     813432 bytes,     813432 total
[2023-04-06T07:45:08.197+0000][69][gc,age      ] GC(39) - age   2:     640760 bytes,    1454192 total
[2023-04-06T07:45:08.198+0000][69][gc,heap     ] GC(39) Eden regions: 2->0(21)
[2023-04-06T07:45:08.198+0000][69][gc,heap     ] GC(39) Survivor regions: 1->1(1)
[2023-04-06T07:45:08.199+0000][69][gc,heap     ] GC(39) Old regions: 25->25
[2023-04-06T07:45:08.199+0000][69][gc,heap     ] GC(39) Archive regions: 2->2
[2023-04-06T07:45:08.200+0000][69][gc,heap     ] GC(39) Humongous regions: 2->2
[2023-04-06T07:45:08.200+0000][69][gc,metaspace] GC(39) Metaspace: 134928K(138432K)->134928K(138432K) NonClass: 117011K(118720K)->117011K(118720K) Class: 17916K(19712K)->17916K(19712K)
[2023-04-06T07:45:08.201+0000][69][gc          ] GC(39) Pause Young (Mixed) (G1 Evacuation Pause) 119M->110M(256M) 18.417ms
[2023-04-06T07:45:08.201+0000][69][gc,cpu      ] GC(39) User=0.02s Sys=0.00s Real=0.02s
[2023-04-06T07:45:08.202+0000][69][safepoint   ] Safepoint "G1CollectForAllocation", Time since last: 446747280 ns, Reaching safepoint: 83994 ns, At safepoint: 19727552 ns, Total: 19811546 ns
[2023-04-06T07:45:09.205+0000][69][safepoint   ] Safepoint "Cleanup", Time since last: 1002758630 ns, Reaching safepoint: 120118 ns, At safepoint: 3836 ns, Total: 123954 ns
[2023-04-06T07:45:10.206+0000][69][safepoint   ] Safepoint "Cleanup", Time since last: 1001173601 ns, Reaching safepoint: 157873 ns, At safepoint: 6202 ns, Total: 164075 ns
[2023-04-06T07:45:11.210+0000][69][safepoint   ] Safepoint "Cleanup", Time since last: 1004285427 ns, Reaching safepoint: 101510 ns, At safepoint: 3966 ns, Total: 105476 ns
[2023-04-06T07:45:12.214+0000][69][safepoint   ] Safepoint "Cleanup", Time since last: 1003330164 ns, Reaching safepoint: 109714 ns, At safepoint: 4364 ns, Total: 114078 ns
[2023-04-06T07:45:13.216+0000][69][safepoint   ] Safepoint "Cleanup", Time since last: 1001535346 ns, Reaching safepoint: 185638 ns, At safepoint: 8915 ns, Total: 194553 ns
[2023-04-06T07:45:14.219+0000][69][safepoint   ] Safepoint "Cleanup", Time since last: 1002770100 ns, Reaching safepoint: 233155 ns, At safepoint: 45960 ns, Total: 279115 ns
[2023-04-06T07:45:15.220+0000][69][safepoint   ] Safepoint "Cleanup", Time since last: 1001400938 ns, Reaching safepoint: 150012 ns, At safepoint: 4593 ns, Total: 154605 ns
[2023-04-06T07:45:16.222+0000][69][safepoint   ] Safepoint "Cleanup", Time since last: 1001378198 ns, Reaching safepoint: 366462 ns, At safepoint: 20237 ns, Total: 386699 ns
[2023-04-06T07:45:17.225+0000][69][safepoint   ] Safepoint "Cleanup", Time since last: 1002496394 ns, Reaching safepoint: 403489 ns, At safepoint: 88519 ns, Total: 492008 ns
[2023-04-06T07:45:18.229+0000][69][safepoint   ] Safepoint "Cleanup", Time since last: 1004002402 ns, Reaching safepoint: 173249 ns, At safepoint: 6219 ns, Total: 179468 ns
[2023-04-06T07:45:19.233+0000][69][safepoint   ] Safepoint "Cleanup", Time since last: 1003234356 ns, Reaching safepoint: 165975 ns, At safepoint: 5409 ns, Total: 171384 ns
[2023-04-06T07:45:20.234+0000][69][safepoint   ] Safepoint "Cleanup", Time since last: 1001687534 ns, Reaching safepoint: 173200 ns, At safepoint: 3958 ns, Total: 177158 ns
[2023-04-06T07:45:21.256+0000][69][safepoint   ] Safepoint "Cleanup", Time since last: 1021210894 ns, Reaching safepoint: 94199 ns, At safepoint: 2945 ns, Total: 97144 ns
[2023-04-06T07:45:23.258+0000][69][safepoint   ] Safepoint "Cleanup", Time since last: 2001712374 ns, Reaching safepoint: 190518 ns, At safepoint: 9744 ns, Total: 200262 ns
[2023-04-06T07:45:24.260+0000][69][safepoint   ] Safepoint "Cleanup", Time since last: 1002164853 ns, Reaching safepoint: 160007 ns, At safepoint: 3438 ns, Total: 163445 ns
[2023-04-06T07:45:25.262+0000][69][safepoint   ] Safepoint "Cleanup", Time since last: 1002013329 ns, Reaching safepoint: 256239 ns, At safepoint: 24412 ns, Total: 280651 ns
[2023-04-06T07:45:26.264+0000][69][safepoint   ] Safepoint "Cleanup", Time since last: 1001911723 ns, Reaching safepoint: 182256 ns, At safepoint: 5439 ns, Total: 187695 ns
[2023-04-06T07:45:27.266+0000][69][safepoint   ] Safepoint "Cleanup", Time since last: 1002024014 ns, Reaching safepoint: 84324 ns, At safepoint: 2953 ns, Total: 87277 ns
[2023-04-06T07:45:28.268+0000][69][safepoint   ] Safepoint "Cleanup", Time since last: 1001258099 ns, Reaching safepoint: 157934 ns, At safepoint: 4309 ns, Total: 162243 ns
[2023-04-06T07:45:29.270+0000][69][safepoint   ] Safepoint "Cleanup", Time since last: 1001985037 ns, Reaching safepoint: 243239 ns, At safepoint: 5356 ns, Total: 248595 ns
[2023-04-06T07:45:31.273+0000][69][safepoint   ] Safepoint "Cleanup", Time since last: 2002645929 ns, Reaching safepoint: 159846 ns, At safepoint: 7224 ns, Total: 167070 ns
[2023-04-06T07:45:31.721+0000][69][gc,start    ] GC(40) Pause Young (Concurrent Start) (G1 Evacuation Pause)
[2023-04-06T07:45:31.721+0000][69][gc,task     ] GC(40) Using 4 workers of 4 for evacuation
[2023-04-06T07:45:31.722+0000][69][gc,age      ] GC(40) Desired survivor size 6291456 bytes, new threshold 15 (max threshold 15)
[2023-04-06T07:45:31.725+0000][69][gc,phases   ] GC(40)   Pre Evacuate Collection Set: 0.4ms
[2023-04-06T07:45:31.726+0000][69][gc,phases   ] GC(40)   Merge Heap Roots: 0.1ms
[2023-04-06T07:45:31.726+0000][69][gc,phases   ] GC(40)   Evacuate Collection Set: 1.8ms
[2023-04-06T07:45:31.727+0000][69][gc,phases   ] GC(40)   Post Evacuate Collection Set: 0.6ms
[2023-04-06T07:45:31.727+0000][69][gc,phases   ] GC(40)   Other: 1.4ms
[2023-04-06T07:45:31.728+0000][69][gc,age      ] GC(40) Age table with threshold 15 (max threshold 15)
[2023-04-06T07:45:31.729+0000][69][gc,age      ] GC(40) - age   1:    2001416 bytes,    2001416 total
[2023-04-06T07:45:31.729+0000][69][gc,age      ] GC(40) - age   2:       1528 bytes,    2002944 total
[2023-04-06T07:45:31.729+0000][69][gc,age      ] GC(40) - age   3:     170200 bytes,    2173144 total
[2023-04-06T07:45:31.730+0000][69][gc,heap     ] GC(40) Eden regions: 21->0(21)
[2023-04-06T07:45:31.731+0000][69][gc,heap     ] GC(40) Survivor regions: 1->1(3)
[2023-04-06T07:45:31.731+0000][69][gc,heap     ] GC(40) Old regions: 25->25
[2023-04-06T07:45:31.731+0000][69][gc,heap     ] GC(40) Archive regions: 2->2
[2023-04-06T07:45:31.732+0000][69][gc,heap     ] GC(40) Humongous regions: 2->2
[2023-04-06T07:45:31.732+0000][69][gc,metaspace] GC(40) Metaspace: 135297K(138816K)->135297K(138816K) NonClass: 117371K(119104K)->117371K(119104K) Class: 17925K(19712K)->17925K(19712K)
[2023-04-06T07:45:31.733+0000][69][gc          ] GC(40) Pause Young (Concurrent Start) (G1 Evacuation Pause) 194M->111M(256M) 12.043ms
[2023-04-06T07:45:31.733+0000][69][gc,cpu      ] GC(40) User=0.01s Sys=0.01s Real=0.01s
[2023-04-06T07:45:31.734+0000][69][safepoint   ] Safepoint "G1CollectForAllocation", Time since last: 447473907 ns, Reaching safepoint: 177271 ns, At safepoint: 12957624 ns, Total: 13134895 ns
[2023-04-06T07:45:31.733+0000][69][gc          ] GC(41) Concurrent Mark Cycle
[2023-04-06T07:45:31.734+0000][69][gc,marking  ] GC(41) Concurrent Clear Claimed Marks
[2023-04-06T07:45:31.735+0000][69][gc,marking  ] GC(41) Concurrent Clear Claimed Marks 1.014ms
[2023-04-06T07:45:31.736+0000][69][gc,marking  ] GC(41) Concurrent Scan Root Regions
[2023-04-06T07:45:31.740+0000][69][gc,marking  ] GC(41) Concurrent Scan Root Regions 3.463ms
[2023-04-06T07:45:31.740+0000][69][gc,marking  ] GC(41) Concurrent Mark
[2023-04-06T07:45:31.741+0000][69][gc,marking  ] GC(41) Concurrent Mark From Roots
[2023-04-06T07:45:31.741+0000][69][gc,task     ] GC(41) Using 1 workers of 1 for marking
[2023-04-06T07:45:31.897+0000][69][gc,marking  ] GC(41) Concurrent Mark From Roots 156.288ms
[2023-04-06T07:45:31.898+0000][69][gc,marking  ] GC(41) Concurrent Preclean
[2023-04-06T07:45:31.899+0000][69][gc,marking  ] GC(41) Concurrent Preclean 0.931ms
[2023-04-06T07:45:31.900+0000][69][gc,start    ] GC(41) Pause Remark
[2023-04-06T07:45:31.908+0000][69][gc          ] GC(41) Pause Remark 112M->112M(256M) 8.618ms
[2023-04-06T07:45:31.909+0000][69][gc,cpu      ] GC(41) User=0.02s Sys=0.00s Real=0.01s
[2023-04-06T07:45:31.910+0000][69][safepoint   ] Safepoint "G1PauseRemark", Time since last: 165826573 ns, Reaching safepoint: 230933 ns, At safepoint: 10026735 ns, Total: 10257668 ns
[2023-04-06T07:45:31.910+0000][69][gc,marking  ] GC(41) Concurrent Mark 170.403ms
[2023-04-06T07:45:31.911+0000][69][gc,marking  ] GC(41) Concurrent Rebuild Remembered Sets
[2023-04-06T07:45:31.996+0000][69][gc,marking  ] GC(41) Concurrent Rebuild Remembered Sets 85.330ms
[2023-04-06T07:45:31.998+0000][69][gc,start    ] GC(41) Pause Cleanup
[2023-04-06T07:45:31.998+0000][69][gc          ] GC(41) Pause Cleanup 117M->117M(256M) 0.843ms
[2023-04-06T07:45:31.999+0000][69][gc,cpu      ] GC(41) User=0.00s Sys=0.00s Real=0.01s
[2023-04-06T07:45:32.000+0000][69][safepoint   ] Safepoint "G1PauseCleanup", Time since last: 87832479 ns, Reaching safepoint: 132979 ns, At safepoint: 2335485 ns, Total: 2468464 ns
[2023-04-06T07:45:32.001+0000][69][gc,marking  ] GC(41) Concurrent Cleanup for Next Mark
[2023-04-06T07:45:32.002+0000][69][gc,marking  ] GC(41) Concurrent Cleanup for Next Mark 1.414ms
[2023-04-06T07:45:32.003+0000][69][gc          ] GC(41) Concurrent Mark Cycle 269.570ms
[2023-04-06T07:45:33.002+0000][69][safepoint   ] Safepoint "Cleanup", Time since last: 1001729483 ns, Reaching safepoint: 373799 ns, At safepoint: 49966 ns, Total: 423765 ns
[2023-04-06T07:45:33.982+0000][69][safepoint   ] Safepoint "Cleanup", Time since last: 1002254072 ns, Reaching safepoint: 138726 ns, At safepoint: 5097 ns, Total: 143823 ns
[2023-04-06T07:45:34.985+0000][69][safepoint   ] Safepoint "Cleanup", Time since last: 1003175212 ns, Reaching safepoint: 115521 ns, At safepoint: 4932 ns, Total: 120453 ns
[2023-04-06T07:45:35.987+0000][69][safepoint   ] Safepoint "Cleanup", Time since last: 1001674389 ns, Reaching safepoint: 124524 ns, At safepoint: 6257 ns, Total: 130781 ns
[2023-04-06T07:45:36.990+0000][69][safepoint   ] Safepoint "Cleanup", Time since last: 1002665234 ns, Reaching safepoint: 165518 ns, At safepoint: 3812 ns, Total: 169330 ns
[2023-04-06T07:45:37.991+0000][69][safepoint   ] Safepoint "Cleanup", Time since last: 1001132394 ns, Reaching safepoint: 133121 ns, At safepoint: 3649 ns, Total: 136770 ns
[2023-04-06T07:45:38.993+0000][69][safepoint   ] Safepoint "Cleanup", Time since last: 1001387924 ns, Reaching safepoint: 172059 ns, At safepoint: 4911 ns, Total: 176970 ns
[2023-04-06T07:45:39.994+0000][69][safepoint   ] Safepoint "Cleanup", Time since last: 1001597909 ns, Reaching safepoint: 136715 ns, At safepoint: 5707 ns, Total: 142422 ns
[2023-04-06T07:45:41.241+0000][69][safepoint   ] Safepoint "Cleanup", Time since last: 1245869270 ns, Reaching safepoint: 490283 ns, At safepoint: 87167 ns, Total: 577450 ns
[2023-04-06T07:45:43.244+0000][69][safepoint   ] Safepoint "Cleanup", Time since last: 2002913854 ns, Reaching safepoint: 235153 ns, At safepoint: 15689 ns, Total: 250842 ns
[2023-04-06T07:45:44.938+0000][69][safepoint   ] Safepoint "Cleanup", Time since last: 1694211571 ns, Reaching safepoint: 231200 ns, At safepoint: 10647 ns, Total: 241847 ns
[2023-04-06T07:45:45.940+0000][69][safepoint   ] Safepoint "Cleanup", Time since last: 1001534027 ns, Reaching safepoint: 183039 ns, At safepoint: 8371 ns, Total: 191410 ns
[2023-04-06T07:45:46.942+0000][69][safepoint   ] Safepoint "Cleanup", Time since last: 1001118417 ns, Reaching safepoint: 184854 ns, At safepoint: 43195 ns, Total: 228049 ns
[2023-04-06T07:45:48.943+0000][69][safepoint   ] Safepoint "Cleanup", Time since last: 2001621475 ns, Reaching safepoint: 148511 ns, At safepoint: 8211 ns, Total: 156722 ns
[2023-04-06T07:45:50.622+0000][69][safepoint   ] Safepoint "Cleanup", Time since last: 1678652945 ns, Reaching safepoint: 296688 ns, At safepoint: 38744 ns, Total: 335432 ns
[2023-04-06T07:45:52.627+0000][69][safepoint   ] Safepoint "Cleanup", Time since last: 2004244535 ns, Reaching safepoint: 177358 ns, At safepoint: 10921 ns, Total: 188279 ns
[2023-04-06T07:45:55.681+0000][69][safepoint   ] Safepoint "Cleanup", Time since last: 3054061489 ns, Reaching safepoint: 143113 ns, At safepoint: 9793 ns, Total: 152906 ns
[2023-04-06T07:45:56.682+0000][69][safepoint   ] Safepoint "Cleanup", Time since last: 1001163515 ns, Reaching safepoint: 188493 ns, At safepoint: 12741 ns, Total: 201234 ns
[2023-04-06T07:45:57.298+0000][69][gc,start    ] GC(42) Pause Young (Prepare Mixed) (G1 Evacuation Pause)
[2023-04-06T07:45:57.299+0000][69][gc,task     ] GC(42) Using 4 workers of 4 for evacuation
[2023-04-06T07:45:57.300+0000][69][gc,age      ] GC(42) Desired survivor size 6291456 bytes, new threshold 15 (max threshold 15)
[2023-04-06T07:45:57.306+0000][69][gc,phases   ] GC(42)   Pre Evacuate Collection Set: 0.2ms
[2023-04-06T07:45:57.307+0000][69][gc,phases   ] GC(42)   Merge Heap Roots: 0.1ms
[2023-04-06T07:45:57.311+0000][69][gc,phases   ] GC(42)   Evacuate Collection Set: 3.4ms
[2023-04-06T07:45:57.312+0000][69][gc,phases   ] GC(42)   Post Evacuate Collection Set: 1.2ms
[2023-04-06T07:45:57.313+0000][69][gc,phases   ] GC(42)   Other: 2.0ms
[2023-04-06T07:45:57.314+0000][69][gc,age      ] GC(42) Age table with threshold 15 (max threshold 15)
[2023-04-06T07:45:57.315+0000][69][gc,age      ] GC(42) - age   1:    1531824 bytes,    1531824 total
[2023-04-06T07:45:57.316+0000][69][gc,age      ] GC(42) - age   2:     459064 bytes,    1990888 total
[2023-04-06T07:45:57.317+0000][69][gc,age      ] GC(42) - age   3:       1336 bytes,    1992224 total
[2023-04-06T07:45:57.318+0000][69][gc,age      ] GC(42) - age   4:     139616 bytes,    2131840 total
[2023-04-06T07:45:57.320+0000][69][gc,heap     ] GC(42) Eden regions: 21->0(2)
[2023-04-06T07:45:57.321+0000][69][gc,heap     ] GC(42) Survivor regions: 1->1(3)
[2023-04-06T07:45:57.322+0000][69][gc,heap     ] GC(42) Old regions: 25->25
[2023-04-06T07:45:57.323+0000][69][gc,heap     ] GC(42) Archive regions: 2->2
[2023-04-06T07:45:57.324+0000][69][gc,heap     ] GC(42) Humongous regions: 2->2
[2023-04-06T07:45:57.325+0000][69][gc,metaspace] GC(42) Metaspace: 135522K(139008K)->135522K(139008K) NonClass: 117596K(119296K)->117596K(119296K) Class: 17925K(19712K)->17925K(19712K)
[2023-04-06T07:45:57.325+0000][69][gc          ] GC(42) Pause Young (Prepare Mixed) (G1 Evacuation Pause) 195M->111M(256M) 27.001ms
[2023-04-06T07:45:57.326+0000][69][gc,cpu      ] GC(42) User=0.03s Sys=0.00s Real=0.03s
[2023-04-06T07:45:57.327+0000][69][safepoint   ] Safepoint "G1CollectForAllocation", Time since last: 615797876 ns, Reaching safepoint: 144910 ns, At safepoint: 28295222 ns, Total: 28440132 ns
[2023-04-06T07:45:58.328+0000][69][safepoint   ] Safepoint "Cleanup", Time since last: 1000975438 ns, Reaching safepoint: 331490 ns, At safepoint: 34857 ns, Total: 366347 ns
[2023-04-06T07:45:58.588+0000][69][gc,start    ] GC(43) Pause Young (Mixed) (G1 Evacuation Pause)
[2023-04-06T07:45:58.590+0000][69][gc,task     ] GC(43) Using 4 workers of 4 for evacuation
[2023-04-06T07:45:58.591+0000][69][gc,age      ] GC(43) Desired survivor size 2097152 bytes, new threshold 4 (max threshold 15)
[2023-04-06T07:45:58.603+0000][69][gc,phases   ] GC(43)   Pre Evacuate Collection Set: 0.2ms
[2023-04-06T07:45:58.605+0000][69][gc,phases   ] GC(43)   Merge Heap Roots: 0.2ms
[2023-04-06T07:45:58.606+0000][69][gc,phases   ] GC(43)   Evacuate Collection Set: 8.9ms
[2023-04-06T07:45:58.609+0000][69][gc,phases   ] GC(43)   Post Evacuate Collection Set: 1.4ms
[2023-04-06T07:45:58.610+0000][69][gc,phases   ] GC(43)   Other: 3.1ms
[2023-04-06T07:45:58.612+0000][69][gc,age      ] GC(43) Age table with threshold 4 (max threshold 15)
[2023-04-06T07:45:58.613+0000][69][gc,age      ] GC(43) - age   1:     234584 bytes,     234584 total
[2023-04-06T07:45:58.615+0000][69][gc,age      ] GC(43) - age   2:      30720 bytes,     265304 total
[2023-04-06T07:45:58.616+0000][69][gc,age      ] GC(43) - age   3:     459064 bytes,     724368 total
[2023-04-06T07:45:58.620+0000][69][gc,age      ] GC(43) - age   4:       1336 bytes,     725704 total
[2023-04-06T07:45:58.623+0000][69][gc,heap     ] GC(43) Eden regions: 2->0(21)
[2023-04-06T07:45:58.625+0000][69][gc,heap     ] GC(43) Survivor regions: 1->1(1)
[2023-04-06T07:45:58.627+0000][69][gc,heap     ] GC(43) Old regions: 25->25
[2023-04-06T07:45:58.628+0000][69][gc,heap     ] GC(43) Archive regions: 2->2
[2023-04-06T07:45:58.629+0000][69][gc,heap     ] GC(43) Humongous regions: 2->2
[2023-04-06T07:45:58.630+0000][69][gc,metaspace] GC(43) Metaspace: 135535K(139008K)->135535K(139008K) NonClass: 117609K(119296K)->117609K(119296K) Class: 17925K(19712K)->17925K(19712K)
[2023-04-06T07:45:58.631+0000][69][gc          ] GC(43) Pause Young (Mixed) (G1 Evacuation Pause) 119M->109M(256M) 42.893ms
[2023-04-06T07:45:58.632+0000][69][gc,cpu      ] GC(43) User=0.03s Sys=0.00s Real=0.04s
[2023-04-06T07:45:58.633+0000][69][safepoint   ] Safepoint "G1CollectForAllocation", Time since last: 260193575 ns, Reaching safepoint: 190513 ns, At safepoint: 44590892 ns, Total: 44781405 ns
[2023-04-06T07:45:59.635+0000][69][safepoint   ] Safepoint "Cleanup", Time since last: 1001299852 ns, Reaching safepoint: 436331 ns, At safepoint: 43556 ns, Total: 479887 ns
[2023-04-06T07:46:01.637+0000][69][safepoint   ] Safepoint "Cleanup", Time since last: 2002248738 ns, Reaching safepoint: 348259 ns, At safepoint: 65238 ns, Total: 413497 ns
[2023-04-06T07:46:02.639+0000][69][safepoint   ] Safepoint "Cleanup", Time since last: 1001355055 ns, Reaching safepoint: 433191 ns, At safepoint: 11284 ns, Total: 444475 ns
[2023-04-06T07:46:03.620+0000][69][safepoint   ] Safepoint "Cleanup", Time since last: 1001523987 ns, Reaching safepoint: 235819 ns, At safepoint: 7199 ns, Total: 243018 ns
[2023-04-06T07:46:04.623+0000][69][safepoint   ] Safepoint "Cleanup", Time since last: 1002484142 ns, Reaching safepoint: 151119 ns, At safepoint: 9968 ns, Total: 161087 ns
[2023-04-06T07:46:06.625+0000][69][safepoint   ] Safepoint "Cleanup", Time since last: 2001844120 ns, Reaching safepoint: 287588 ns, At safepoint: 13133 ns, Total: 300721 ns
[2023-04-06T07:46:07.627+0000][69][safepoint   ] Safepoint "Cleanup", Time since last: 1001627892 ns, Reaching safepoint: 275600 ns, At safepoint: 41846 ns, Total: 317446 ns
[2023-04-06T07:46:08.628+0000][69][safepoint   ] Safepoint "Cleanup", Time since last: 1001043739 ns, Reaching safepoint: 217782 ns, At safepoint: 7633 ns, Total: 225415 ns
[2023-04-06T07:46:09.630+0000][69][safepoint   ] Safepoint "Cleanup", Time since last: 1001123909 ns, Reaching safepoint: 83646 ns, At safepoint: 3068 ns, Total: 86714 ns
[2023-04-06T07:46:10.631+0000][69][safepoint   ] Safepoint "Cleanup", Time since last: 1001259814 ns, Reaching safepoint: 85378 ns, At safepoint: 2816 ns, Total: 88194 ns
[2023-04-06T07:46:11.632+0000][69][safepoint   ] Safepoint "Cleanup", Time since last: 1001217010 ns, Reaching safepoint: 235281 ns, At safepoint: 36302 ns, Total: 271583 ns
[2023-04-06T07:46:12.634+0000][69][safepoint   ] Safepoint "Cleanup", Time since last: 1001800322 ns, Reaching safepoint: 128477 ns, At safepoint: 3455 ns, Total: 131932 ns
[2023-04-06T07:46:13.636+0000][69][safepoint   ] Safepoint "Cleanup", Time since last: 1001274859 ns, Reaching safepoint: 439886 ns, At safepoint: 13231 ns, Total: 453117 ns
[2023-04-06T07:46:14.638+0000][69][safepoint   ] Safepoint "Cleanup", Time since last: 1001474768 ns, Reaching safepoint: 131227 ns, At safepoint: 4184 ns, Total: 135411 ns
[2023-04-06T07:46:16.640+0000][69][safepoint   ] Safepoint "Cleanup", Time since last: 2002038571 ns, Reaching safepoint: 131163 ns, At safepoint: 7420 ns, Total: 138583 ns
[2023-04-06T07:46:17.643+0000][69][safepoint   ] Safepoint "Cleanup", Time since last: 1003236255 ns, Reaching safepoint: 401083 ns, At safepoint: 9863 ns, Total: 410946 ns
[2023-04-06T07:46:19.647+0000][69][safepoint   ] Safepoint "Cleanup", Time since last: 2003154396 ns, Reaching safepoint: 76751 ns, At safepoint: 2582 ns, Total: 79333 ns
[2023-04-06T07:46:20.649+0000][69][safepoint   ] Safepoint "Cleanup", Time since last: 1001839624 ns, Reaching safepoint: 103711 ns, At safepoint: 3334 ns, Total: 107045 ns
[2023-04-06T07:46:21.651+0000][69][safepoint   ] Safepoint "Cleanup", Time since last: 1001912123 ns, Reaching safepoint: 123631 ns, At safepoint: 8867 ns, Total: 132498 ns
[2023-04-06T07:46:22.652+0000][69][safepoint   ] Safepoint "Cleanup", Time since last: 1001222548 ns, Reaching safepoint: 76801 ns, At safepoint: 2953 ns, Total: 79754 ns
[2023-04-06T07:46:23.654+0000][69][safepoint   ] Safepoint "Cleanup", Time since last: 1001958805 ns, Reaching safepoint: 177937 ns, At safepoint: 7116 ns, Total: 185053 ns
[2023-04-06T07:46:25.657+0000][69][safepoint   ] Safepoint "Cleanup", Time since last: 2002416465 ns, Reaching safepoint: 172191 ns, At safepoint: 42794 ns, Total: 214985 ns
[2023-04-06T07:46:26.055+0000][69][gc,start    ] GC(44) Pause Young (Normal) (G1 Evacuation Pause)
[2023-04-06T07:46:26.056+0000][69][gc,task     ] GC(44) Using 4 workers of 4 for evacuation
[2023-04-06T07:46:26.057+0000][69][gc,age      ] GC(44) Desired survivor size 6291456 bytes, new threshold 15 (max threshold 15)
[2023-04-06T07:46:26.063+0000][69][gc,phases   ] GC(44)   Pre Evacuate Collection Set: 0.1ms
[2023-04-06T07:46:26.064+0000][69][gc,phases   ] GC(44)   Merge Heap Roots: 0.0ms
[2023-04-06T07:46:26.066+0000][69][gc,phases   ] GC(44)   Evacuate Collection Set: 4.1ms
[2023-04-06T07:46:26.066+0000][69][gc,phases   ] GC(44)   Post Evacuate Collection Set: 1.4ms
[2023-04-06T07:46:26.067+0000][69][gc,phases   ] GC(44)   Other: 1.5ms
[2023-04-06T07:46:26.068+0000][69][gc,age      ] GC(44) Age table with threshold 15 (max threshold 15)
[2023-04-06T07:46:26.069+0000][69][gc,age      ] GC(44) - age   1:    1983440 bytes,    1983440 total
[2023-04-06T07:46:26.070+0000][69][gc,age      ] GC(44) - age   2:     100448 bytes,    2083888 total
[2023-04-06T07:46:26.072+0000][69][gc,age      ] GC(44) - age   3:       6936 bytes,    2090824 total
[2023-04-06T07:46:26.073+0000][69][gc,age      ] GC(44) - age   4:     458432 bytes,    2549256 total
[2023-04-06T07:46:26.075+0000][69][gc,age      ] GC(44) - age   5:       1336 bytes,    2550592 total
[2023-04-06T07:46:26.076+0000][69][gc,heap     ] GC(44) Eden regions: 21->0(22)
[2023-04-06T07:46:26.077+0000][69][gc,heap     ] GC(44) Survivor regions: 1->1(3)
[2023-04-06T07:46:26.094+0000][69][gc,heap     ] GC(44) Old regions: 25->25
[2023-04-06T07:46:26.095+0000][69][gc,heap     ] GC(44) Archive regions: 2->2
[2023-04-06T07:46:26.096+0000][69][gc,heap     ] GC(44) Humongous regions: 2->2
[2023-04-06T07:46:26.097+0000][69][gc,metaspace] GC(44) Metaspace: 135850K(139328K)->135850K(139328K) NonClass: 117923K(119616K)->117923K(119616K) Class: 17926K(19712K)->17926K(19712K)
[2023-04-06T07:46:26.098+0000][69][gc          ] GC(44) Pause Young (Normal) (G1 Evacuation Pause) 193M->111M(256M) 42.505ms
[2023-04-06T07:46:26.099+0000][69][gc,cpu      ] GC(44) User=0.02s Sys=0.00s Real=0.04s
[2023-04-06T07:46:26.103+0000][69][safepoint   ] Safepoint "G1CollectForAllocation", Time since last: 398526860 ns, Reaching safepoint: 110485 ns, At safepoint: 48044529 ns, Total: 48155014 ns
[2023-04-06T07:46:27.106+0000][69][safepoint   ] Safepoint "Cleanup", Time since last: 1002526566 ns, Reaching safepoint: 164213 ns, At safepoint: 7544 ns, Total: 171757 ns
[2023-04-06T07:46:29.109+0000][69][safepoint   ] Safepoint "Cleanup", Time since last: 2002110169 ns, Reaching safepoint: 647595 ns, At safepoint: 118342 ns, Total: 765937 ns
[2023-04-06T07:46:30.114+0000][69][safepoint   ] Safepoint "Cleanup", Time since last: 1004250481 ns, Reaching safepoint: 217118 ns, At safepoint: 8897 ns, Total: 226015 ns
[2023-04-06T07:46:32.116+0000][69][safepoint   ] Safepoint "Cleanup", Time since last: 2002706648 ns, Reaching safepoint: 110131 ns, At safepoint: 3975 ns, Total: 114106 ns
[2023-04-06T07:46:34.098+0000][69][safepoint   ] Safepoint "Cleanup", Time since last: 2003156952 ns, Reaching safepoint: 280181 ns, At safepoint: 118963 ns, Total: 399144 ns
[2023-04-06T07:46:35.101+0000][69][safepoint   ] Safepoint "Cleanup", Time since last: 1002156845 ns, Reaching safepoint: 78556 ns, At safepoint: 2475 ns, Total: 81031 ns
[2023-04-06T07:46:36.102+0000][69][safepoint   ] Safepoint "Cleanup", Time since last: 1001362520 ns, Reaching safepoint: 177579 ns, At safepoint: 13762 ns, Total: 191341 ns
[2023-04-06T07:46:38.105+0000][69][safepoint   ] Safepoint "Cleanup", Time since last: 2002801329 ns, Reaching safepoint: 144415 ns, At safepoint: 4016 ns, Total: 148431 ns
[2023-04-06T07:46:39.108+0000][69][safepoint   ] Safepoint "Cleanup", Time since last: 1002283978 ns, Reaching safepoint: 109797 ns, At safepoint: 6951 ns, Total: 116748 ns
[2023-04-06T07:46:41.110+0000][69][safepoint   ] Safepoint "Cleanup", Time since last: 2002835563 ns, Reaching safepoint: 60116 ns, At safepoint: 2635 ns, Total: 62751 ns
[2023-04-06T07:46:44.114+0000][69][safepoint   ] Safepoint "Cleanup", Time since last: 3003634863 ns, Reaching safepoint: 82067 ns, At safepoint: 2751 ns, Total: 84818 ns
[2023-04-06T07:46:47.118+0000][69][safepoint   ] Safepoint "Cleanup", Time since last: 3003307519 ns, Reaching safepoint: 101382 ns, At safepoint: 6733 ns, Total: 108115 ns
[2023-04-06T07:46:48.121+0000][69][safepoint   ] Safepoint "Cleanup", Time since last: 1003024022 ns, Reaching safepoint: 347527 ns, At safepoint: 8632 ns, Total: 356159 ns
[2023-04-06T07:46:49.123+0000][69][safepoint   ] Safepoint "Cleanup", Time since last: 1002240245 ns, Reaching safepoint: 78120 ns, At safepoint: 4868 ns, Total: 82988 ns
[2023-04-06T07:46:50.125+0000][69][safepoint   ] Safepoint "Cleanup", Time since last: 1001812668 ns, Reaching safepoint: 72757 ns, At safepoint: 3429 ns, Total: 76186 ns
[2023-04-06T07:46:52.127+0000][69][safepoint   ] Safepoint "Cleanup", Time since last: 2001305395 ns, Reaching safepoint: 88490 ns, At safepoint: 5511 ns, Total: 94001 ns
[2023-04-06T07:46:55.839+0000][69][gc,start    ] GC(45) Pause Young (Normal) (G1 Evacuation Pause)
[2023-04-06T07:46:55.840+0000][69][gc,task     ] GC(45) Using 4 workers of 4 for evacuation
[2023-04-06T07:46:55.840+0000][69][gc,age      ] GC(45) Desired survivor size 6291456 bytes, new threshold 15 (max threshold 15)
[2023-04-06T07:46:55.843+0000][69][gc,phases   ] GC(45)   Pre Evacuate Collection Set: 0.1ms
[2023-04-06T07:46:55.844+0000][69][gc,phases   ] GC(45)   Merge Heap Roots: 0.1ms
[2023-04-06T07:46:55.845+0000][69][gc,phases   ] GC(45)   Evacuate Collection Set: 1.8ms
[2023-04-06T07:46:55.845+0000][69][gc,phases   ] GC(45)   Post Evacuate Collection Set: 0.7ms
[2023-04-06T07:46:55.846+0000][69][gc,phases   ] GC(45)   Other: 1.0ms
[2023-04-06T07:46:55.846+0000][69][gc,age      ] GC(45) Age table with threshold 15 (max threshold 15)
[2023-04-06T07:46:55.846+0000][69][gc,age      ] GC(45) - age   1:     408448 bytes,     408448 total
[2023-04-06T07:46:55.847+0000][69][gc,age      ] GC(45) - age   2:      15648 bytes,     424096 total
[2023-04-06T07:46:55.847+0000][69][gc,age      ] GC(45) - age   3:        200 bytes,     424296 total
[2023-04-06T07:46:55.847+0000][69][gc,age      ] GC(45) - age   4:       5368 bytes,     429664 total
[2023-04-06T07:46:55.848+0000][69][gc,age      ] GC(45) - age   5:     457584 bytes,     887248 total
[2023-04-06T07:46:55.848+0000][69][gc,age      ] GC(45) - age   6:       1336 bytes,     888584 total
[2023-04-06T07:46:55.848+0000][69][gc,heap     ] GC(45) Eden regions: 22->0(22)
[2023-04-06T07:46:55.849+0000][69][gc,heap     ] GC(45) Survivor regions: 1->1(3)
[2023-04-06T07:46:55.849+0000][69][gc,heap     ] GC(45) Old regions: 25->25
[2023-04-06T07:46:55.849+0000][69][gc,heap     ] GC(45) Archive regions: 2->2
[2023-04-06T07:46:55.850+0000][69][gc,heap     ] GC(45) Humongous regions: 2->2
[2023-04-06T07:46:55.850+0000][69][gc,metaspace] GC(45) Metaspace: 136018K(139520K)->136018K(139520K) NonClass: 118091K(119808K)->118091K(119808K) Class: 17926K(19712K)->17926K(19712K)
[2023-04-06T07:46:55.850+0000][69][gc          ] GC(45) Pause Young (Normal) (G1 Evacuation Pause) 199M->109M(256M) 11.508ms
[2023-04-06T07:46:55.851+0000][69][gc,cpu      ] GC(45) User=0.00s Sys=0.00s Real=0.01s
[2023-04-06T07:46:55.852+0000][69][safepoint   ] Safepoint "G1CollectForAllocation", Time since last: 3712132466 ns, Reaching safepoint: 173524 ns, At safepoint: 12929177 ns, Total: 13102701 ns
[2023-04-06T07:46:56.854+0000][69][safepoint   ] Safepoint "Cleanup", Time since last: 1001634575 ns, Reaching safepoint: 102716 ns, At safepoint: 3446 ns, Total: 106162 ns
[2023-04-06T07:46:58.858+0000][69][safepoint   ] Safepoint "Cleanup", Time since last: 2003961614 ns, Reaching safepoint: 85873 ns, At safepoint: 3072 ns, Total: 88945 ns
[2023-04-06T07:47:01.861+0000][69][safepoint   ] Safepoint "Cleanup", Time since last: 3002880760 ns, Reaching safepoint: 158639 ns, At safepoint: 3673 ns, Total: 162312 ns
[2023-04-06T07:47:02.862+0000][69][safepoint   ] Safepoint "Cleanup", Time since last: 1001456349 ns, Reaching safepoint: 118540 ns, At safepoint: 3555 ns, Total: 122095 ns
[2023-04-06T07:47:03.842+0000][69][safepoint   ] Safepoint "Cleanup", Time since last: 1001102708 ns, Reaching safepoint: 221646 ns, At safepoint: 11827 ns, Total: 233473 ns
[2023-04-06T07:47:04.844+0000][69][safepoint   ] Safepoint "Cleanup", Time since last: 1001823882 ns, Reaching safepoint: 199364 ns, At safepoint: 12795 ns, Total: 212159 ns
[2023-04-06T07:47:06.849+0000][69][safepoint   ] Safepoint "Cleanup", Time since last: 2005289635 ns, Reaching safepoint: 246975 ns, At safepoint: 11462 ns, Total: 258437 ns
[2023-04-06T07:47:07.853+0000][69][safepoint   ] Safepoint "Cleanup", Time since last: 1003383245 ns, Reaching safepoint: 219752 ns, At safepoint: 4655 ns, Total: 224407 ns
[2023-04-06T07:47:08.855+0000][69][safepoint   ] Safepoint "Cleanup", Time since last: 1002006862 ns, Reaching safepoint: 400231 ns, At safepoint: 10980 ns, Total: 411211 ns
[2023-04-06T07:47:09.860+0000][69][safepoint   ] Safepoint "Cleanup", Time since last: 1004480423 ns, Reaching safepoint: 371641 ns, At safepoint: 9094 ns, Total: 380735 ns
[2023-04-06T07:47:10.866+0000][69][safepoint   ] Safepoint "Cleanup", Time since last: 1005877157 ns, Reaching safepoint: 166615 ns, At safepoint: 6762 ns, Total: 173377 ns
[2023-04-06T07:47:11.869+0000][69][safepoint   ] Safepoint "Cleanup", Time since last: 1002260053 ns, Reaching safepoint: 71998 ns, At safepoint: 3413 ns, Total: 75411 ns
[2023-04-06T07:47:13.871+0000][69][safepoint   ] Safepoint "Cleanup", Time since last: 2002536505 ns, Reaching safepoint: 228981 ns, At safepoint: 32151 ns, Total: 261132 ns
[2023-04-06T07:47:14.872+0000][69][safepoint   ] Safepoint "Cleanup", Time since last: 1000962728 ns, Reaching safepoint: 54634 ns, At safepoint: 2854 ns, Total: 57488 ns
[2023-04-06T07:47:15.873+0000][69][safepoint   ] Safepoint "Cleanup", Time since last: 1000850822 ns, Reaching safepoint: 211220 ns, At safepoint: 3916 ns, Total: 215136 ns
[2023-04-06T07:47:16.877+0000][69][safepoint   ] Safepoint "Cleanup", Time since last: 1003317297 ns, Reaching safepoint: 560636 ns, At safepoint: 12503 ns, Total: 573139 ns
[2023-04-06T07:47:18.881+0000][69][safepoint   ] Safepoint "Cleanup", Time since last: 2003365464 ns, Reaching safepoint: 142147 ns, At safepoint: 64703 ns, Total: 206850 ns
[2023-04-06T07:47:19.884+0000][69][safepoint   ] Safepoint "Cleanup", Time since last: 1002968924 ns, Reaching safepoint: 218339 ns, At safepoint: 2972 ns, Total: 221311 ns
[2023-04-06T07:47:20.886+0000][69][safepoint   ] Safepoint "Cleanup", Time since last: 1002038013 ns, Reaching safepoint: 121174 ns, At safepoint: 6180 ns, Total: 127354 ns
[2023-04-06T07:47:21.889+0000][69][safepoint   ] Safepoint "Cleanup", Time since last: 1002636076 ns, Reaching safepoint: 104091 ns, At safepoint: 7430 ns, Total: 111521 ns
[2023-04-06T07:47:22.892+0000][69][safepoint   ] Safepoint "Cleanup", Time since last: 1002488554 ns, Reaching safepoint: 83731 ns, At safepoint: 3203 ns, Total: 86934 ns
[2023-04-06T07:47:25.641+0000][69][gc,start    ] GC(46) Pause Young (Concurrent Start) (G1 Evacuation Pause)
[2023-04-06T07:47:25.643+0000][69][gc,task     ] GC(46) Using 4 workers of 4 for evacuation
[2023-04-06T07:47:25.643+0000][69][gc,age      ] GC(46) Desired survivor size 6291456 bytes, new threshold 15 (max threshold 15)
[2023-04-06T07:47:25.648+0000][69][gc,phases   ] GC(46)   Pre Evacuate Collection Set: 0.5ms
[2023-04-06T07:47:25.649+0000][69][gc,phases   ] GC(46)   Merge Heap Roots: 0.0ms
[2023-04-06T07:47:25.650+0000][69][gc,phases   ] GC(46)   Evacuate Collection Set: 2.4ms
[2023-04-06T07:47:25.651+0000][69][gc,phases   ] GC(46)   Post Evacuate Collection Set: 0.9ms
[2023-04-06T07:47:25.652+0000][69][gc,phases   ] GC(46)   Other: 1.6ms
[2023-04-06T07:47:25.652+0000][69][gc,age      ] GC(46) Age table with threshold 15 (max threshold 15)
[2023-04-06T07:47:25.653+0000][69][gc,age      ] GC(46) - age   1:    1057912 bytes,    1057912 total
[2023-04-06T07:47:25.654+0000][69][gc,age      ] GC(46) - age   2:      12608 bytes,    1070520 total
[2023-04-06T07:47:25.654+0000][69][gc,age      ] GC(46) - age   3:      13904 bytes,    1084424 total
[2023-04-06T07:47:25.655+0000][69][gc,age      ] GC(46) - age   4:        200 bytes,    1084624 total
[2023-04-06T07:47:25.655+0000][69][gc,age      ] GC(46) - age   5:       4928 bytes,    1089552 total
[2023-04-06T07:47:25.655+0000][69][gc,age      ] GC(46) - age   6:     457456 bytes,    1547008 total
[2023-04-06T07:47:25.656+0000][69][gc,age      ] GC(46) - age   7:       1336 bytes,    1548344 total
[2023-04-06T07:47:25.657+0000][69][gc,heap     ] GC(46) Eden regions: 22->0(22)
[2023-04-06T07:47:25.657+0000][69][gc,heap     ] GC(46) Survivor regions: 1->1(3)
[2023-04-06T07:47:25.658+0000][69][gc,heap     ] GC(46) Old regions: 25->25
[2023-04-06T07:47:25.658+0000][69][gc,heap     ] GC(46) Archive regions: 2->2
[2023-04-06T07:47:25.658+0000][69][gc,heap     ] GC(46) Humongous regions: 2->2
[2023-04-06T07:47:25.659+0000][69][gc,metaspace] GC(46) Metaspace: 136323K(139840K)->136323K(139840K) NonClass: 118396K(120128K)->118396K(120128K) Class: 17926K(19712K)->17926K(19712K)
[2023-04-06T07:47:25.660+0000][69][gc          ] GC(46) Pause Young (Concurrent Start) (G1 Evacuation Pause) 197M->110M(256M) 19.026ms
[2023-04-06T07:47:25.661+0000][69][gc,cpu      ] GC(46) User=0.01s Sys=0.00s Real=0.02s
[2023-04-06T07:47:25.661+0000][69][gc          ] GC(47) Concurrent Mark Cycle
[2023-04-06T07:47:25.662+0000][69][gc,marking  ] GC(47) Concurrent Clear Claimed Marks
[2023-04-06T07:47:25.661+0000][69][safepoint   ] Safepoint "G1CollectForAllocation", Time since last: 2749736704 ns, Reaching safepoint: 43928 ns, At safepoint: 20040949 ns, Total: 20084877 ns
[2023-04-06T07:47:25.663+0000][69][gc,marking  ] GC(47) Concurrent Clear Claimed Marks 0.814ms
[2023-04-06T07:47:25.663+0000][69][gc,marking  ] GC(47) Concurrent Scan Root Regions
[2023-04-06T07:47:25.669+0000][69][gc,marking  ] GC(47) Concurrent Scan Root Regions 5.231ms
[2023-04-06T07:47:25.669+0000][69][gc,marking  ] GC(47) Concurrent Mark
[2023-04-06T07:47:25.670+0000][69][gc,marking  ] GC(47) Concurrent Mark From Roots
[2023-04-06T07:47:25.671+0000][69][gc,task     ] GC(47) Using 1 workers of 1 for marking
[2023-04-06T07:47:25.819+0000][69][gc,marking  ] GC(47) Concurrent Mark From Roots 148.677ms
[2023-04-06T07:47:25.820+0000][69][gc,marking  ] GC(47) Concurrent Preclean
[2023-04-06T07:47:25.821+0000][69][gc,marking  ] GC(47) Concurrent Preclean 1.194ms
[2023-04-06T07:47:25.822+0000][69][gc,start    ] GC(47) Pause Remark
[2023-04-06T07:47:25.849+0000][69][gc          ] GC(47) Pause Remark 111M->111M(256M) 27.298ms
[2023-04-06T07:47:25.850+0000][69][gc,cpu      ] GC(47) User=0.08s Sys=0.00s Real=0.03s
[2023-04-06T07:47:25.850+0000][69][safepoint   ] Safepoint "G1PauseRemark", Time since last: 160010501 ns, Reaching safepoint: 55257 ns, At safepoint: 28785549 ns, Total: 28840806 ns
[2023-04-06T07:47:25.851+0000][69][gc,marking  ] GC(47) Concurrent Mark 181.857ms
[2023-04-06T07:47:25.852+0000][69][gc,marking  ] GC(47) Concurrent Rebuild Remembered Sets
[2023-04-06T07:47:25.909+0000][69][gc,marking  ] GC(47) Concurrent Rebuild Remembered Sets 57.357ms
[2023-04-06T07:47:25.910+0000][69][gc,start    ] GC(47) Pause Cleanup
[2023-04-06T07:47:25.912+0000][69][gc          ] GC(47) Pause Cleanup 115M->115M(256M) 1.116ms
[2023-04-06T07:47:25.912+0000][69][gc,cpu      ] GC(47) User=0.00s Sys=0.00s Real=0.01s
[2023-04-06T07:47:25.913+0000][69][safepoint   ] Safepoint "G1PauseCleanup", Time since last: 59976315 ns, Reaching safepoint: 102076 ns, At safepoint: 2525536 ns, Total: 2627612 ns
[2023-04-06T07:47:25.913+0000][69][gc,marking  ] GC(47) Concurrent Cleanup for Next Mark
[2023-04-06T07:47:25.914+0000][69][gc,marking  ] GC(47) Concurrent Cleanup for Next Mark 0.680ms
[2023-04-06T07:47:25.915+0000][69][gc          ] GC(47) Concurrent Mark Cycle 253.525ms
[2023-04-06T07:47:26.915+0000][69][safepoint   ] Safepoint "Cleanup", Time since last: 1001135056 ns, Reaching safepoint: 515584 ns, At safepoint: 18562 ns, Total: 534146 ns
[2023-04-06T07:47:28.917+0000][69][safepoint   ] Safepoint "Cleanup", Time since last: 2002678128 ns, Reaching safepoint: 148499 ns, At safepoint: 5081 ns, Total: 153580 ns
[2023-04-06T07:47:29.918+0000][69][safepoint   ] Safepoint "Cleanup", Time since last: 1000852115 ns, Reaching safepoint: 73906 ns, At safepoint: 3320 ns, Total: 77226 ns
[2023-04-06T07:47:30.920+0000][69][safepoint   ] Safepoint "Cleanup", Time since last: 1001414002 ns, Reaching safepoint: 434846 ns, At safepoint: 18955 ns, Total: 453801 ns
[2023-04-06T07:47:31.923+0000][69][safepoint   ] Safepoint "Cleanup", Time since last: 1002768097 ns, Reaching safepoint: 401159 ns, At safepoint: 9364 ns, Total: 410523 ns
[2023-04-06T07:47:32.927+0000][69][safepoint   ] Safepoint "Cleanup", Time since last: 1002778662 ns, Reaching safepoint: 419873 ns, At safepoint: 13092 ns, Total: 432965 ns
[2023-04-06T07:47:33.908+0000][69][safepoint   ] Safepoint "Cleanup", Time since last: 1002203286 ns, Reaching safepoint: 512908 ns, At safepoint: 14275 ns, Total: 527183 ns
[2023-04-06T07:47:34.912+0000][69][safepoint   ] Safepoint "Cleanup", Time since last: 1003702215 ns, Reaching safepoint: 143022 ns, At safepoint: 4704 ns, Total: 147726 ns
[2023-04-06T07:47:36.915+0000][69][safepoint   ] Safepoint "Cleanup", Time since last: 2003283179 ns, Reaching safepoint: 109161 ns, At safepoint: 3139 ns, Total: 112300 ns
[2023-04-06T07:47:37.917+0000][69][safepoint   ] Safepoint "Cleanup", Time since last: 1001069870 ns, Reaching safepoint: 331011 ns, At safepoint: 35583 ns, Total: 366594 ns
[2023-04-06T07:47:38.918+0000][69][safepoint   ] Safepoint "Cleanup", Time since last: 1001243485 ns, Reaching safepoint: 175294 ns, At safepoint: 12741 ns, Total: 188035 ns
[2023-04-06T07:47:41.923+0000][69][safepoint   ] Safepoint "Cleanup", Time since last: 3004728827 ns, Reaching safepoint: 252270 ns, At safepoint: 10220 ns, Total: 262490 ns
[2023-04-06T07:47:43.826+0000][69][safepoint   ] Safepoint "Cleanup", Time since last: 1902900735 ns, Reaching safepoint: 165313 ns, At safepoint: 3706 ns, Total: 169019 ns
[2023-04-06T07:47:44.828+0000][69][safepoint   ] Safepoint "Cleanup", Time since last: 1001226220 ns, Reaching safepoint: 210473 ns, At safepoint: 9199 ns, Total: 219672 ns
[2023-04-06T07:47:45.830+0000][69][safepoint   ] Safepoint "Cleanup", Time since last: 1002374909 ns, Reaching safepoint: 496637 ns, At safepoint: 39668 ns, Total: 536305 ns
[2023-04-06T07:47:46.834+0000][69][safepoint   ] Safepoint "Cleanup", Time since last: 1003524049 ns, Reaching safepoint: 298202 ns, At safepoint: 11928 ns, Total: 310130 ns
[2023-04-06T07:47:49.839+0000][69][safepoint   ] Safepoint "Cleanup", Time since last: 3004311927 ns, Reaching safepoint: 105579 ns, At safepoint: 3402 ns, Total: 108981 ns
[2023-04-06T07:47:50.022+0000][69][gc,start    ] GC(48) Pause Young (Prepare Mixed) (G1 Evacuation Pause)
[2023-04-06T07:47:50.023+0000][69][gc,task     ] GC(48) Using 4 workers of 4 for evacuation
[2023-04-06T07:47:50.023+0000][69][gc,age      ] GC(48) Desired survivor size 6291456 bytes, new threshold 15 (max threshold 15)
[2023-04-06T07:47:50.029+0000][69][gc,phases   ] GC(48)   Pre Evacuate Collection Set: 0.2ms
[2023-04-06T07:47:50.031+0000][69][gc,phases   ] GC(48)   Merge Heap Roots: 0.2ms
[2023-04-06T07:47:50.031+0000][69][gc,phases   ] GC(48)   Evacuate Collection Set: 4.0ms
[2023-04-06T07:47:50.032+0000][69][gc,phases   ] GC(48)   Post Evacuate Collection Set: 1.1ms
[2023-04-06T07:47:50.033+0000][69][gc,phases   ] GC(48)   Other: 1.3ms
[2023-04-06T07:47:50.034+0000][69][gc,age      ] GC(48) Age table with threshold 15 (max threshold 15)
[2023-04-06T07:47:50.034+0000][69][gc,age      ] GC(48) - age   1:    1140688 bytes,    1140688 total
[2023-04-06T07:47:50.035+0000][69][gc,age      ] GC(48) - age   2:      18784 bytes,    1159472 total
[2023-04-06T07:47:50.035+0000][69][gc,age      ] GC(48) - age   3:      11832 bytes,    1171304 total
[2023-04-06T07:47:50.036+0000][69][gc,age      ] GC(48) - age   4:      13176 bytes,    1184480 total
[2023-04-06T07:47:50.036+0000][69][gc,age      ] GC(48) - age   5:        200 bytes,    1184680 total
[2023-04-06T07:47:50.037+0000][69][gc,age      ] GC(48) - age   6:       4928 bytes,    1189608 total
[2023-04-06T07:47:50.037+0000][69][gc,age      ] GC(48) - age   7:     456664 bytes,    1646272 total
[2023-04-06T07:47:50.038+0000][69][gc,age      ] GC(48) - age   8:       1336 bytes,    1647608 total
[2023-04-06T07:47:50.038+0000][69][gc,heap     ] GC(48) Eden regions: 22->0(2)
[2023-04-06T07:47:50.038+0000][69][gc,heap     ] GC(48) Survivor regions: 1->1(3)
[2023-04-06T07:47:50.039+0000][69][gc,heap     ] GC(48) Old regions: 25->25
[2023-04-06T07:47:50.039+0000][69][gc,heap     ] GC(48) Archive regions: 2->2
[2023-04-06T07:47:50.040+0000][69][gc,heap     ] GC(48) Humongous regions: 2->2
[2023-04-06T07:47:50.040+0000][69][gc,metaspace] GC(48) Metaspace: 134101K(139840K)->134101K(139840K) NonClass: 116742K(120128K)->116742K(120128K) Class: 17358K(19712K)->17358K(19712K)
[2023-04-06T07:47:50.041+0000][69][gc          ] GC(48) Pause Young (Prepare Mixed) (G1 Evacuation Pause) 198M->110M(256M) 18.746ms
[2023-04-06T07:47:50.042+0000][69][gc,cpu      ] GC(48) User=0.01s Sys=0.00s Real=0.02s
[2023-04-06T07:47:50.042+0000][69][safepoint   ] Safepoint "G1CollectForAllocation", Time since last: 183081095 ns, Reaching safepoint: 268058 ns, At safepoint: 20216932 ns, Total: 20484990 ns
[2023-04-06T07:47:51.046+0000][69][safepoint   ] Safepoint "Cleanup", Time since last: 1002879776 ns, Reaching safepoint: 387900 ns, At safepoint: 11808 ns, Total: 399708 ns
[2023-04-06T07:47:55.536+0000][69][gc,start    ] GC(49) Pause Young (Mixed) (G1 Evacuation Pause)
[2023-04-06T07:47:55.538+0000][69][gc,task     ] GC(49) Using 4 workers of 4 for evacuation
[2023-04-06T07:47:55.539+0000][69][gc,age      ] GC(49) Desired survivor size 2097152 bytes, new threshold 15 (max threshold 15)
[2023-04-06T07:47:55.549+0000][69][gc,phases   ] GC(49)   Pre Evacuate Collection Set: 0.1ms
[2023-04-06T07:47:55.550+0000][69][gc,phases   ] GC(49)   Merge Heap Roots: 0.3ms
[2023-04-06T07:47:55.551+0000][69][gc,phases   ] GC(49)   Evacuate Collection Set: 7.3ms
[2023-04-06T07:47:55.551+0000][69][gc,phases   ] GC(49)   Post Evacuate Collection Set: 1.4ms
[2023-04-06T07:47:55.552+0000][69][gc,phases   ] GC(49)   Other: 2.1ms
[2023-04-06T07:47:55.553+0000][69][gc,age      ] GC(49) Age table with threshold 15 (max threshold 15)
[2023-04-06T07:47:55.553+0000][69][gc,age      ] GC(49) - age   1:     390456 bytes,     390456 total
[2023-04-06T07:47:55.554+0000][69][gc,age      ] GC(49) - age   2:     727064 bytes,    1117520 total
[2023-04-06T07:47:55.554+0000][69][gc,age      ] GC(49) - age   3:      18784 bytes,    1136304 total
[2023-04-06T07:47:55.555+0000][69][gc,age      ] GC(49) - age   4:      11832 bytes,    1148136 total
[2023-04-06T07:47:55.555+0000][69][gc,age      ] GC(49) - age   5:      13176 bytes,    1161312 total
[2023-04-06T07:47:55.556+0000][69][gc,age      ] GC(49) - age   6:        200 bytes,    1161512 total
[2023-04-06T07:47:55.556+0000][69][gc,age      ] GC(49) - age   7:       4928 bytes,    1166440 total
[2023-04-06T07:47:55.557+0000][69][gc,age      ] GC(49) - age   8:     456664 bytes,    1623104 total
[2023-04-06T07:47:55.557+0000][69][gc,age      ] GC(49) - age   9:       1336 bytes,    1624440 total
[2023-04-06T07:47:55.558+0000][69][gc,heap     ] GC(49) Eden regions: 2->0(23)
[2023-04-06T07:47:55.558+0000][69][gc,heap     ] GC(49) Survivor regions: 1->1(1)
[2023-04-06T07:47:55.559+0000][69][gc,heap     ] GC(49) Old regions: 25->24
[2023-04-06T07:47:55.559+0000][69][gc,heap     ] GC(49) Archive regions: 2->2
[2023-04-06T07:47:55.560+0000][69][gc,heap     ] GC(49) Humongous regions: 2->2
[2023-04-06T07:47:55.560+0000][69][gc,metaspace] GC(49) Metaspace: 134105K(139840K)->134105K(139840K) NonClass: 116746K(120128K)->116746K(120128K) Class: 17358K(19712K)->17358K(19712K)
[2023-04-06T07:47:55.561+0000][69][gc          ] GC(49) Pause Young (Mixed) (G1 Evacuation Pause) 118M->109M(256M) 24.595ms
[2023-04-06T07:47:55.561+0000][69][gc,cpu      ] GC(49) User=0.02s Sys=0.00s Real=0.03s
[2023-04-06T07:47:55.562+0000][69][safepoint   ] Safepoint "G1CollectForAllocation", Time since last: 4490197993 ns, Reaching safepoint: 181576 ns, At safepoint: 25701808 ns, Total: 25883384 ns
[2023-04-06T07:47:56.565+0000][69][safepoint   ] Safepoint "Cleanup", Time since last: 1003183394 ns, Reaching safepoint: 452063 ns, At safepoint: 14484 ns, Total: 466547 ns
[2023-04-06T07:48:01.573+0000][69][safepoint   ] Safepoint "Cleanup", Time since last: 5007448221 ns, Reaching safepoint: 399140 ns, At safepoint: 85683 ns, Total: 484823 ns
[2023-04-06T07:48:02.574+0000][69][safepoint   ] Safepoint "Cleanup", Time since last: 1000897044 ns, Reaching safepoint: 187262 ns, At safepoint: 4503 ns, Total: 191765 ns
[2023-04-06T07:48:03.557+0000][69][safepoint   ] Safepoint "Cleanup", Time since last: 1002487926 ns, Reaching safepoint: 353822 ns, At safepoint: 13192 ns, Total: 367014 ns
[2023-04-06T07:48:04.561+0000][69][safepoint   ] Safepoint "Cleanup", Time since last: 1003989410 ns, Reaching safepoint: 282648 ns, At safepoint: 14592 ns, Total: 297240 ns
[2023-04-06T07:48:06.566+0000][69][safepoint   ] Safepoint "Cleanup", Time since last: 2004127201 ns, Reaching safepoint: 75076 ns, At safepoint: 3165 ns, Total: 78241 ns
[2023-04-06T07:48:07.568+0000][69][safepoint   ] Safepoint "Cleanup", Time since last: 1001927871 ns, Reaching safepoint: 205820 ns, At safepoint: 23489 ns, Total: 229309 ns
[2023-04-06T07:48:08.570+0000][69][safepoint   ] Safepoint "Cleanup", Time since last: 1002313753 ns, Reaching safepoint: 183187 ns, At safepoint: 7455 ns, Total: 190642 ns
[2023-04-06T07:48:09.574+0000][69][safepoint   ] Safepoint "Cleanup", Time since last: 1003826918 ns, Reaching safepoint: 100530 ns, At safepoint: 5605 ns, Total: 106135 ns
[2023-04-06T07:48:10.576+0000][69][safepoint   ] Safepoint "Cleanup", Time since last: 1001565536 ns, Reaching safepoint: 71488 ns, At safepoint: 4578 ns, Total: 76066 ns
[2023-04-06T07:48:11.578+0000][69][safepoint   ] Safepoint "Cleanup", Time since last: 1001862505 ns, Reaching safepoint: 122881 ns, At safepoint: 7450 ns, Total: 130331 ns
[2023-04-06T07:48:14.581+0000][69][safepoint   ] Safepoint "Cleanup", Time since last: 3002760078 ns, Reaching safepoint: 112235 ns, At safepoint: 6823 ns, Total: 119058 ns
[2023-04-06T07:48:16.584+0000][69][safepoint   ] Safepoint "Cleanup", Time since last: 2002832477 ns, Reaching safepoint: 89365 ns, At safepoint: 3018 ns, Total: 92383 ns
[2023-04-06T07:48:17.586+0000][69][safepoint   ] Safepoint "Cleanup", Time since last: 1001996892 ns, Reaching safepoint: 87067 ns, At safepoint: 3113 ns, Total: 90180 ns
[2023-04-06T07:48:19.588+0000][69][safepoint   ] Safepoint "Cleanup", Time since last: 2002300533 ns, Reaching safepoint: 79641 ns, At safepoint: 3038 ns, Total: 82679 ns
[2023-04-06T07:48:20.589+0000][69][safepoint   ] Safepoint "Cleanup", Time since last: 1001032217 ns, Reaching safepoint: 75941 ns, At safepoint: 3956 ns, Total: 79897 ns
[2023-04-06T07:48:21.590+0000][69][safepoint   ] Safepoint "Cleanup", Time since last: 1001056234 ns, Reaching safepoint: 76911 ns, At safepoint: 3804 ns, Total: 80715 ns
[2023-04-06T07:48:22.592+0000][69][safepoint   ] Safepoint "Cleanup", Time since last: 1001662346 ns, Reaching safepoint: 105812 ns, At safepoint: 5627 ns, Total: 111439 ns
[2023-04-06T07:48:23.084+0000][69][gc,start    ] GC(50) Pause Young (Normal) (G1 Evacuation Pause)
[2023-04-06T07:48:23.086+0000][69][gc,task     ] GC(50) Using 4 workers of 4 for evacuation
[2023-04-06T07:48:23.088+0000][69][gc,age      ] GC(50) Desired survivor size 6291456 bytes, new threshold 15 (max threshold 15)
[2023-04-06T07:48:23.094+0000][69][gc,phases   ] GC(50)   Pre Evacuate Collection Set: 0.1ms
[2023-04-06T07:48:23.095+0000][69][gc,phases   ] GC(50)   Merge Heap Roots: 0.0ms
[2023-04-06T07:48:23.096+0000][69][gc,phases   ] GC(50)   Evacuate Collection Set: 3.3ms
[2023-04-06T07:48:23.103+0000][69][gc,phases   ] GC(50)   Post Evacuate Collection Set: 1.2ms
[2023-04-06T07:48:23.107+0000][69][gc,phases   ] GC(50)   Other: 3.9ms
[2023-04-06T07:48:23.108+0000][69][gc,age      ] GC(50) Age table with threshold 15 (max threshold 15)
[2023-04-06T07:48:23.109+0000][69][gc,age      ] GC(50) - age   1:    1125016 bytes,    1125016 total
[2023-04-06T07:48:23.110+0000][69][gc,age      ] GC(50) - age   2:        344 bytes,    1125360 total
[2023-04-06T07:48:23.111+0000][69][gc,age      ] GC(50) - age   3:      10064 bytes,    1135424 total
[2023-04-06T07:48:23.112+0000][69][gc,age      ] GC(50) - age   4:      17728 bytes,    1153152 total
[2023-04-06T07:48:23.113+0000][69][gc,age      ] GC(50) - age   5:      11536 bytes,    1164688 total
[2023-04-06T07:48:23.114+0000][69][gc,age      ] GC(50) - age   6:      13000 bytes,    1177688 total
[2023-04-06T07:48:23.115+0000][69][gc,age      ] GC(50) - age   7:        200 bytes,    1177888 total
[2023-04-06T07:48:23.116+0000][69][gc,age      ] GC(50) - age   8:       4928 bytes,    1182816 total
[2023-04-06T07:48:23.117+0000][69][gc,age      ] GC(50) - age   9:     456664 bytes,    1639480 total
[2023-04-06T07:48:23.118+0000][69][gc,age      ] GC(50) - age  10:       1336 bytes,    1640816 total
[2023-04-06T07:48:23.120+0000][69][gc,heap     ] GC(50) Eden regions: 23->0(23)
[2023-04-06T07:48:23.122+0000][69][gc,heap     ] GC(50) Survivor regions: 1->1(3)
[2023-04-06T07:48:23.122+0000][69][gc,heap     ] GC(50) Old regions: 24->24
[2023-04-06T07:48:23.123+0000][69][gc,heap     ] GC(50) Archive regions: 2->2
[2023-04-06T07:48:23.124+0000][69][gc,heap     ] GC(50) Humongous regions: 2->2
[2023-04-06T07:48:23.125+0000][69][gc,metaspace] GC(50) Metaspace: 134381K(139904K)->134381K(139904K) NonClass: 117022K(120192K)->117022K(120192K) Class: 17358K(19712K)->17358K(19712K)
[2023-04-06T07:48:23.126+0000][69][gc          ] GC(50) Pause Young (Normal) (G1 Evacuation Pause) 201M->109M(256M) 41.802ms
[2023-04-06T07:48:23.127+0000][69][gc,cpu      ] GC(50) User=0.01s Sys=0.00s Real=0.04s
[2023-04-06T07:48:23.128+0000][69][safepoint   ] Safepoint "G1CollectForAllocation", Time since last: 491743645 ns, Reaching safepoint: 110558 ns, At safepoint: 43535090 ns, Total: 43645648 ns
[2023-04-06T07:48:26.129+0000][69][safepoint   ] Safepoint "Cleanup", Time since last: 3001612985 ns, Reaching safepoint: 104132 ns, At safepoint: 4528 ns, Total: 108660 ns
[2023-04-06T07:48:27.131+0000][69][safepoint   ] Safepoint "Cleanup", Time since last: 1001889868 ns, Reaching safepoint: 116409 ns, At safepoint: 3111 ns, Total: 119520 ns
[2023-04-06T07:48:28.134+0000][69][safepoint   ] Safepoint "Cleanup", Time since last: 1001401168 ns, Reaching safepoint: 980626 ns, At safepoint: 234330 ns, Total: 1214956 ns
[2023-04-06T07:48:29.137+0000][69][safepoint   ] Safepoint "Cleanup", Time since last: 1002265825 ns, Reaching safepoint: 321873 ns, At safepoint: 17613 ns, Total: 339486 ns
[2023-04-06T07:48:32.140+0000][69][safepoint   ] Safepoint "Cleanup", Time since last: 3003042275 ns, Reaching safepoint: 167410 ns, At safepoint: 4893 ns, Total: 172303 ns
[2023-04-06T07:48:34.119+0000][69][safepoint   ] Safepoint "Cleanup", Time since last: 2001996716 ns, Reaching safepoint: 199272 ns, At safepoint: 4816 ns, Total: 204088 ns
[2023-04-06T07:48:37.124+0000][69][safepoint   ] Safepoint "Cleanup", Time since last: 3004355678 ns, Reaching safepoint: 409084 ns, At safepoint: 8756 ns, Total: 417840 ns
[2023-04-06T07:48:38.126+0000][69][safepoint   ] Safepoint "Cleanup", Time since last: 1002098016 ns, Reaching safepoint: 178471 ns, At safepoint: 6768 ns, Total: 185239 ns
[2023-04-06T07:48:40.130+0000][69][safepoint   ] Safepoint "Cleanup", Time since last: 2003733182 ns, Reaching safepoint: 226737 ns, At safepoint: 9952 ns, Total: 236689 ns
[2023-04-06T07:48:41.134+0000][69][safepoint   ] Safepoint "Cleanup", Time since last: 1003752944 ns, Reaching safepoint: 104402 ns, At safepoint: 7264 ns, Total: 111666 ns
[2023-04-06T07:48:42.138+0000][69][safepoint   ] Safepoint "Cleanup", Time since last: 1003591468 ns, Reaching safepoint: 351902 ns, At safepoint: 15370 ns, Total: 367272 ns
[2023-04-06T07:48:44.143+0000][69][safepoint   ] Safepoint "Cleanup", Time since last: 2004316897 ns, Reaching safepoint: 215827 ns, At safepoint: 10186 ns, Total: 226013 ns
[2023-04-06T07:48:47.147+0000][69][safepoint   ] Safepoint "Cleanup", Time since last: 3003730597 ns, Reaching safepoint: 105343 ns, At safepoint: 6742 ns, Total: 112085 ns
[2023-04-06T07:48:49.150+0000][69][safepoint   ] Safepoint "Cleanup", Time since last: 2003567725 ns, Reaching safepoint: 150953 ns, At safepoint: 8216 ns, Total: 159169 ns
[2023-04-06T07:48:50.155+0000][69][safepoint   ] Safepoint "Cleanup", Time since last: 1004204014 ns, Reaching safepoint: 162874 ns, At safepoint: 80603 ns, Total: 243477 ns
[2023-04-06T07:48:54.159+0000][69][safepoint   ] Safepoint "Cleanup", Time since last: 4003799192 ns, Reaching safepoint: 176499 ns, At safepoint: 9919 ns, Total: 186418 ns
[2023-04-06T07:48:55.518+0000][69][gc,start    ] GC(51) Pause Young (Normal) (G1 Evacuation Pause)
[2023-04-06T07:48:55.520+0000][69][gc,task     ] GC(51) Using 4 workers of 4 for evacuation
[2023-04-06T07:48:55.521+0000][69][gc,age      ] GC(51) Desired survivor size 6291456 bytes, new threshold 15 (max threshold 15)
[2023-04-06T07:48:55.529+0000][69][gc,phases   ] GC(51)   Pre Evacuate Collection Set: 0.5ms
[2023-04-06T07:48:55.531+0000][69][gc,phases   ] GC(51)   Merge Heap Roots: 0.3ms
[2023-04-06T07:48:55.532+0000][69][gc,phases   ] GC(51)   Evacuate Collection Set: 4.4ms
[2023-04-06T07:48:55.533+0000][69][gc,phases   ] GC(51)   Post Evacuate Collection Set: 1.9ms
[2023-04-06T07:48:55.533+0000][69][gc,phases   ] GC(51)   Other: 2.7ms
[2023-04-06T07:48:55.534+0000][69][gc,age      ] GC(51) Age table with threshold 15 (max threshold 15)
[2023-04-06T07:48:55.534+0000][69][gc,age      ] GC(51) - age   1:    1400688 bytes,    1400688 total
[2023-04-06T07:48:55.535+0000][69][gc,age      ] GC(51) - age   2:      12056 bytes,    1412744 total
[2023-04-06T07:48:55.536+0000][69][gc,age      ] GC(51) - age   3:        344 bytes,    1413088 total
[2023-04-06T07:48:55.537+0000][69][gc,age      ] GC(51) - age   4:       9120 bytes,    1422208 total
[2023-04-06T07:48:55.538+0000][69][gc,age      ] GC(51) - age   5:      17344 bytes,    1439552 total
[2023-04-06T07:48:55.538+0000][69][gc,age      ] GC(51) - age   6:      11536 bytes,    1451088 total
[2023-04-06T07:48:55.539+0000][69][gc,age      ] GC(51) - age   7:      12872 bytes,    1463960 total
[2023-04-06T07:48:55.539+0000][69][gc,age      ] GC(51) - age   8:        200 bytes,    1464160 total
[2023-04-06T07:48:55.540+0000][69][gc,age      ] GC(51) - age   9:       4568 bytes,    1468728 total
[2023-04-06T07:48:55.540+0000][69][gc,age      ] GC(51) - age  10:     456664 bytes,    1925392 total
[2023-04-06T07:48:55.541+0000][69][gc,age      ] GC(51) - age  11:       1336 bytes,    1926728 total
[2023-04-06T07:48:55.541+0000][69][gc,heap     ] GC(51) Eden regions: 23->0(23)
[2023-04-06T07:48:55.542+0000][69][gc,heap     ] GC(51) Survivor regions: 1->1(3)
[2023-04-06T07:48:55.543+0000][69][gc,heap     ] GC(51) Old regions: 24->24
[2023-04-06T07:48:55.543+0000][69][gc,heap     ] GC(51) Archive regions: 2->2
[2023-04-06T07:48:55.544+0000][69][gc,heap     ] GC(51) Humongous regions: 2->2
[2023-04-06T07:48:55.545+0000][69][gc,metaspace] GC(51) Metaspace: 134584K(139904K)->134584K(139904K) NonClass: 117224K(120192K)->117224K(120192K) Class: 17360K(19712K)->17360K(19712K)
[2023-04-06T07:48:55.546+0000][69][gc          ] GC(51) Pause Young (Normal) (G1 Evacuation Pause) 201M->109M(256M) 27.325ms
[2023-04-06T07:48:55.546+0000][69][gc,cpu      ] GC(51) User=0.01s Sys=0.00s Real=0.02s
[2023-04-06T07:48:55.547+0000][69][safepoint   ] Safepoint "G1CollectForAllocation", Time since last: 1359422875 ns, Reaching safepoint: 227621 ns, At safepoint: 28522771 ns, Total: 28750392 ns
[2023-04-06T07:48:56.548+0000][69][safepoint   ] Safepoint "Cleanup", Time since last: 1000793650 ns, Reaching safepoint: 387549 ns, At safepoint: 16859 ns, Total: 404408 ns
[2023-04-06T07:48:57.550+0000][69][safepoint   ] Safepoint "Cleanup", Time since last: 1001544837 ns, Reaching safepoint: 348048 ns, At safepoint: 133913 ns, Total: 481961 ns
[2023-04-06T07:49:01.555+0000][69][safepoint   ] Safepoint "Cleanup", Time since last: 4004917523 ns, Reaching safepoint: 302408 ns, At safepoint: 61976 ns, Total: 364384 ns
[2023-04-06T07:49:02.558+0000][69][safepoint   ] Safepoint "Cleanup", Time since last: 1002082286 ns, Reaching safepoint: 322416 ns, At safepoint: 10514 ns, Total: 332930 ns
[2023-04-06T07:49:03.540+0000][69][safepoint   ] Safepoint "Cleanup", Time since last: 1004255918 ns, Reaching safepoint: 142365 ns, At safepoint: 6806 ns, Total: 149171 ns
[2023-04-06T07:49:06.546+0000][69][safepoint   ] Safepoint "Cleanup", Time since last: 3005450526 ns, Reaching safepoint: 250870 ns, At safepoint: 142829 ns, Total: 393699 ns
[2023-04-06T07:49:07.549+0000][69][safepoint   ] Safepoint "Cleanup", Time since last: 1002907550 ns, Reaching safepoint: 56983 ns, At safepoint: 3293 ns, Total: 60276 ns
[2023-04-06T07:49:08.550+0000][69][safepoint   ] Safepoint "Cleanup", Time since last: 1000778556 ns, Reaching safepoint: 137708 ns, At safepoint: 8372 ns, Total: 146080 ns
[2023-04-06T07:49:09.553+0000][69][safepoint   ] Safepoint "Cleanup", Time since last: 1002667884 ns, Reaching safepoint: 235499 ns, At safepoint: 10733 ns, Total: 246232 ns
[2023-04-06T07:49:11.411+0000][69][safepoint   ] Safepoint "Cleanup", Time since last: 1857425574 ns, Reaching safepoint: 513320 ns, At safepoint: 15847 ns, Total: 529167 ns
[2023-04-06T07:49:14.416+0000][69][safepoint   ] Safepoint "Cleanup", Time since last: 3004212668 ns, Reaching safepoint: 444786 ns, At safepoint: 22735 ns, Total: 467521 ns
[2023-04-06T07:49:15.418+0000][69][safepoint   ] Safepoint "Cleanup", Time since last: 1002582397 ns, Reaching safepoint: 163359 ns, At safepoint: 4752 ns, Total: 168111 ns
[2023-04-06T07:49:16.420+0000][69][safepoint   ] Safepoint "Cleanup", Time since last: 1001876596 ns, Reaching safepoint: 143745 ns, At safepoint: 56363 ns, Total: 200108 ns
[2023-04-06T07:49:17.426+0000][69][safepoint   ] Safepoint "Cleanup", Time since last: 1005200928 ns, Reaching safepoint: 150762 ns, At safepoint: 8577 ns, Total: 159339 ns
[2023-04-06T07:49:20.162+0000][69][gc,start    ] GC(52) Pause Young (Concurrent Start) (G1 Evacuation Pause)
[2023-04-06T07:49:20.163+0000][69][gc,task     ] GC(52) Using 4 workers of 4 for evacuation
[2023-04-06T07:49:20.163+0000][69][gc,age      ] GC(52) Desired survivor size 6291456 bytes, new threshold 15 (max threshold 15)
[2023-04-06T07:49:20.169+0000][69][gc,phases   ] GC(52)   Pre Evacuate Collection Set: 0.3ms
[2023-04-06T07:49:20.169+0000][69][gc,phases   ] GC(52)   Merge Heap Roots: 0.1ms
[2023-04-06T07:49:20.170+0000][69][gc,phases   ] GC(52)   Evacuate Collection Set: 3.5ms
[2023-04-06T07:49:20.171+0000][69][gc,phases   ] GC(52)   Post Evacuate Collection Set: 0.8ms
[2023-04-06T07:49:20.171+0000][69][gc,phases   ] GC(52)   Other: 1.3ms
[2023-04-06T07:49:20.172+0000][69][gc,age      ] GC(52) Age table with threshold 15 (max threshold 15)
[2023-04-06T07:49:20.172+0000][69][gc,age      ] GC(52) - age   1:    2161736 bytes,    2161736 total
[2023-04-06T07:49:20.173+0000][69][gc,age      ] GC(52) - age   2:     160640 bytes,    2322376 total
[2023-04-06T07:49:20.173+0000][69][gc,age      ] GC(52) - age   3:      10704 bytes,    2333080 total
[2023-04-06T07:49:20.174+0000][69][gc,age      ] GC(52) - age   4:        344 bytes,    2333424 total
[2023-04-06T07:49:20.175+0000][69][gc,age      ] GC(52) - age   5:       8680 bytes,    2342104 total
[2023-04-06T07:49:20.175+0000][69][gc,age      ] GC(52) - age   6:      16984 bytes,    2359088 total
[2023-04-06T07:49:20.176+0000][69][gc,age      ] GC(52) - age   7:      11536 bytes,    2370624 total
[2023-04-06T07:49:20.176+0000][69][gc,age      ] GC(52) - age   8:      12784 bytes,    2383408 total
[2023-04-06T07:49:20.177+0000][69][gc,age      ] GC(52) - age   9:        200 bytes,    2383608 total
[2023-04-06T07:49:20.177+0000][69][gc,age      ] GC(52) - age  10:       4568 bytes,    2388176 total
[2023-04-06T07:49:20.178+0000][69][gc,age      ] GC(52) - age  11:     258144 bytes,    2646320 total
[2023-04-06T07:49:20.179+0000][69][gc,age      ] GC(52) - age  12:       1336 bytes,    2647656 total
[2023-04-06T07:49:20.179+0000][69][gc,heap     ] GC(52) Eden regions: 23->0(23)
[2023-04-06T07:49:20.180+0000][69][gc,heap     ] GC(52) Survivor regions: 1->1(3)
[2023-04-06T07:49:20.180+0000][69][gc,heap     ] GC(52) Old regions: 24->24
[2023-04-06T07:49:20.181+0000][69][gc,heap     ] GC(52) Archive regions: 2->2
[2023-04-06T07:49:20.181+0000][69][gc,heap     ] GC(52) Humongous regions: 2->2
[2023-04-06T07:49:20.182+0000][69][gc,metaspace] GC(52) Metaspace: 134725K(139904K)->134725K(139904K) NonClass: 117361K(120192K)->117361K(120192K) Class: 17363K(19712K)->17363K(19712K)
[2023-04-06T07:49:20.183+0000][69][gc          ] GC(52) Pause Young (Concurrent Start) (G1 Evacuation Pause) 201M->110M(256M) 20.938ms
[2023-04-06T07:49:20.183+0000][69][gc,cpu      ] GC(52) User=0.01s Sys=0.00s Real=0.02s
[2023-04-06T07:49:20.184+0000][69][safepoint   ] Safepoint "G1CollectForAllocation", Time since last: 2735814915 ns, Reaching safepoint: 158219 ns, At safepoint: 22052454 ns, Total: 22210673 ns
[2023-04-06T07:49:20.183+0000][69][gc          ] GC(53) Concurrent Mark Cycle
[2023-04-06T07:49:20.187+0000][69][gc,marking  ] GC(53) Concurrent Clear Claimed Marks
[2023-04-06T07:49:20.188+0000][69][gc,marking  ] GC(53) Concurrent Clear Claimed Marks 0.889ms
[2023-04-06T07:49:20.189+0000][69][gc,marking  ] GC(53) Concurrent Scan Root Regions
[2023-04-06T07:49:20.192+0000][69][gc,marking  ] GC(53) Concurrent Scan Root Regions 3.107ms
[2023-04-06T07:49:20.192+0000][69][gc,marking  ] GC(53) Concurrent Mark
[2023-04-06T07:49:20.193+0000][69][gc,marking  ] GC(53) Concurrent Mark From Roots
[2023-04-06T07:49:20.194+0000][69][gc,task     ] GC(53) Using 1 workers of 1 for marking
[2023-04-06T07:49:20.364+0000][69][gc,marking  ] GC(53) Concurrent Mark From Roots 170.516ms
[2023-04-06T07:49:20.365+0000][69][gc,marking  ] GC(53) Concurrent Preclean
[2023-04-06T07:49:20.366+0000][69][gc,marking  ] GC(53) Concurrent Preclean 1.442ms
[2023-04-06T07:49:20.368+0000][69][gc,start    ] GC(53) Pause Remark
[2023-04-06T07:49:20.384+0000][69][gc          ] GC(53) Pause Remark 117M->117M(256M) 16.567ms
[2023-04-06T07:49:20.386+0000][69][gc,cpu      ] GC(53) User=0.05s Sys=0.00s Real=0.01s
[2023-04-06T07:49:20.387+0000][69][safepoint   ] Safepoint "G1PauseRemark", Time since last: 183525541 ns, Reaching safepoint: 154553 ns, At safepoint: 19103205 ns, Total: 19257758 ns
[2023-04-06T07:49:20.388+0000][69][gc,marking  ] GC(53) Concurrent Mark 195.381ms
[2023-04-06T07:49:20.389+0000][69][gc,marking  ] GC(53) Concurrent Rebuild Remembered Sets
[2023-04-06T07:49:20.472+0000][69][gc,marking  ] GC(53) Concurrent Rebuild Remembered Sets 83.310ms
[2023-04-06T07:49:20.473+0000][69][gc,start    ] GC(53) Pause Cleanup
[2023-04-06T07:49:20.474+0000][69][gc          ] GC(53) Pause Cleanup 117M->117M(256M) 0.983ms
[2023-04-06T07:49:20.475+0000][69][gc,cpu      ] GC(53) User=0.00s Sys=0.00s Real=0.00s
[2023-04-06T07:49:20.475+0000][69][safepoint   ] Safepoint "G1PauseCleanup", Time since last: 86386797 ns, Reaching safepoint: 72586 ns, At safepoint: 2274874 ns, Total: 2347460 ns
[2023-04-06T07:49:20.476+0000][69][gc,marking  ] GC(53) Concurrent Cleanup for Next Mark
[2023-04-06T07:49:20.477+0000][69][gc,marking  ] GC(53) Concurrent Cleanup for Next Mark 1.086ms
[2023-04-06T07:49:20.478+0000][69][gc          ] GC(53) Concurrent Mark Cycle 294.785ms
[2023-04-06T07:49:21.476+0000][69][safepoint   ] Safepoint "Cleanup", Time since last: 1000805192 ns, Reaching safepoint: 127786 ns, At safepoint: 8468 ns, Total: 136254 ns
[2023-04-06T07:49:23.479+0000][69][safepoint   ] Safepoint "Cleanup", Time since last: 2001885472 ns, Reaching safepoint: 373057 ns, At safepoint: 10576 ns, Total: 383633 ns
[2023-04-06T07:49:24.482+0000][69][safepoint   ] Safepoint "Cleanup", Time since last: 1003011895 ns, Reaching safepoint: 781202 ns, At safepoint: 40732 ns, Total: 821934 ns
[2023-04-06T07:49:26.486+0000][69][safepoint   ] Safepoint "Cleanup", Time since last: 2003528418 ns, Reaching safepoint: 137843 ns, At safepoint: 3586 ns, Total: 141429 ns
[2023-04-06T07:49:27.488+0000][69][safepoint   ] Safepoint "Cleanup", Time since last: 1000993060 ns, Reaching safepoint: 447390 ns, At safepoint: 11354 ns, Total: 458744 ns
[2023-04-06T07:49:29.490+0000][69][safepoint   ] Safepoint "Cleanup", Time since last: 2002632614 ns, Reaching safepoint: 174033 ns, At safepoint: 5293 ns, Total: 179326 ns
[2023-04-06T07:49:30.493+0000][69][safepoint   ] Safepoint "Cleanup", Time since last: 1001477175 ns, Reaching safepoint: 1068405 ns, At safepoint: 70857 ns, Total: 1139262 ns
[2023-04-06T07:49:31.498+0000][69][safepoint   ] Safepoint "Cleanup", Time since last: 1004716454 ns, Reaching safepoint: 175799 ns, At safepoint: 43187 ns, Total: 218986 ns
[2023-04-06T07:49:32.500+0000][69][safepoint   ] Safepoint "Cleanup", Time since last: 1001852464 ns, Reaching safepoint: 479462 ns, At safepoint: 10252 ns, Total: 489714 ns
[2023-04-06T07:49:33.474+0000][69][safepoint   ] Safepoint "Cleanup", Time since last: 1004635698 ns, Reaching safepoint: 550361 ns, At safepoint: 11982 ns, Total: 562343 ns
[2023-04-06T07:49:34.477+0000][69][safepoint   ] Safepoint "Cleanup", Time since last: 1002631191 ns, Reaching safepoint: 126387 ns, At safepoint: 3606 ns, Total: 129993 ns
[2023-04-06T07:49:35.479+0000][69][safepoint   ] Safepoint "Cleanup", Time since last: 1002099907 ns, Reaching safepoint: 120048 ns, At safepoint: 3624 ns, Total: 123672 ns
[2023-04-06T07:49:36.481+0000][69][safepoint   ] Safepoint "Cleanup", Time since last: 1001118506 ns, Reaching safepoint: 166201 ns, At safepoint: 4307 ns, Total: 170508 ns
[2023-04-06T07:49:37.482+0000][69][safepoint   ] Safepoint "Cleanup", Time since last: 1001594826 ns, Reaching safepoint: 94467 ns, At safepoint: 3528 ns, Total: 97995 ns
[2023-04-06T07:49:37.519+0000][69][gc,start    ] GC(54) Pause Young (Prepare Mixed) (G1 Evacuation Pause)
[2023-04-06T07:49:37.520+0000][69][gc,task     ] GC(54) Using 4 workers of 4 for evacuation
[2023-04-06T07:49:37.520+0000][69][gc,age      ] GC(54) Desired survivor size 6291456 bytes, new threshold 15 (max threshold 15)
[2023-04-06T07:49:37.526+0000][69][gc,phases   ] GC(54)   Pre Evacuate Collection Set: 0.1ms
[2023-04-06T07:49:37.527+0000][69][gc,phases   ] GC(54)   Merge Heap Roots: 0.1ms
[2023-04-06T07:49:37.528+0000][69][gc,phases   ] GC(54)   Evacuate Collection Set: 3.9ms
[2023-04-06T07:49:37.528+0000][69][gc,phases   ] GC(54)   Post Evacuate Collection Set: 0.9ms
[2023-04-06T07:49:37.529+0000][69][gc,phases   ] GC(54)   Other: 1.4ms
[2023-04-06T07:49:37.529+0000][69][gc,age      ] GC(54) Age table with threshold 15 (max threshold 15)
[2023-04-06T07:49:37.530+0000][69][gc,age      ] GC(54) - age   1:    1115080 bytes,    1115080 total
[2023-04-06T07:49:37.530+0000][69][gc,age      ] GC(54) - age   2:     426640 bytes,    1541720 total
[2023-04-06T07:49:37.531+0000][69][gc,age      ] GC(54) - age   3:      13000 bytes,    1554720 total
[2023-04-06T07:49:37.532+0000][69][gc,age      ] GC(54) - age   4:      10624 bytes,    1565344 total
[2023-04-06T07:49:37.533+0000][69][gc,age      ] GC(54) - age   5:        344 bytes,    1565688 total
[2023-04-06T07:49:37.533+0000][69][gc,age      ] GC(54) - age   6:       8384 bytes,    1574072 total
[2023-04-06T07:49:37.534+0000][69][gc,age      ] GC(54) - age   7:      16984 bytes,    1591056 total
[2023-04-06T07:49:37.534+0000][69][gc,age      ] GC(54) - age   8:      10240 bytes,    1601296 total
[2023-04-06T07:49:37.535+0000][69][gc,age      ] GC(54) - age   9:      12784 bytes,    1614080 total
[2023-04-06T07:49:37.535+0000][69][gc,age      ] GC(54) - age  10:        200 bytes,    1614280 total
[2023-04-06T07:49:37.535+0000][69][gc,age      ] GC(54) - age  11:       4336 bytes,    1618616 total
[2023-04-06T07:49:37.536+0000][69][gc,age      ] GC(54) - age  12:      23648 bytes,    1642264 total
[2023-04-06T07:49:37.536+0000][69][gc,age      ] GC(54) - age  13:       1336 bytes,    1643600 total
[2023-04-06T07:49:37.537+0000][69][gc,heap     ] GC(54) Eden regions: 23->0(2)
[2023-04-06T07:49:37.537+0000][69][gc,heap     ] GC(54) Survivor regions: 1->1(3)
[2023-04-06T07:49:37.538+0000][69][gc,heap     ] GC(54) Old regions: 24->24
[2023-04-06T07:49:37.538+0000][69][gc,heap     ] GC(54) Archive regions: 2->2
[2023-04-06T07:49:37.539+0000][69][gc,heap     ] GC(54) Humongous regions: 2->2
[2023-04-06T07:49:37.539+0000][69][gc,metaspace] GC(54) Metaspace: 134828K(139968K)->134828K(139968K) NonClass: 117464K(120256K)->117464K(120256K) Class: 17363K(19712K)->17363K(19712K)
[2023-04-06T07:49:37.540+0000][69][gc          ] GC(54) Pause Young (Prepare Mixed) (G1 Evacuation Pause) 202M->109M(256M) 20.924ms
[2023-04-06T07:49:37.541+0000][69][gc,cpu      ] GC(54) User=0.01s Sys=0.00s Real=0.02s
[2023-04-06T07:49:37.541+0000][69][safepoint   ] Safepoint "G1CollectForAllocation", Time since last: 36739031 ns, Reaching safepoint: 69989 ns, At safepoint: 22085512 ns, Total: 22155501 ns
[2023-04-06T07:49:38.011+0000][69][gc,start    ] GC(55) Pause Young (Mixed) (G1 Evacuation Pause)
[2023-04-06T07:49:38.012+0000][69][gc,task     ] GC(55) Using 4 workers of 4 for evacuation
[2023-04-06T07:49:38.013+0000][69][gc,age      ] GC(55) Desired survivor size 2097152 bytes, new threshold 15 (max threshold 15)
[2023-04-06T07:49:38.021+0000][69][gc,phases   ] GC(55)   Pre Evacuate Collection Set: 0.1ms
[2023-04-06T07:49:38.022+0000][69][gc,phases   ] GC(55)   Merge Heap Roots: 0.1ms
[2023-04-06T07:49:38.023+0000][69][gc,phases   ] GC(55)   Evacuate Collection Set: 5.6ms
[2023-04-06T07:49:38.024+0000][69][gc,phases   ] GC(55)   Post Evacuate Collection Set: 1.0ms
[2023-04-06T07:49:38.025+0000][69][gc,phases   ] GC(55)   Other: 2.7ms
[2023-04-06T07:49:38.026+0000][69][gc,age      ] GC(55) Age table with threshold 15 (max threshold 15)
[2023-04-06T07:49:38.027+0000][69][gc,age      ] GC(55) - age   1:     719936 bytes,     719936 total
[2023-04-06T07:49:38.028+0000][69][gc,age      ] GC(55) - age   2:     647848 bytes,    1367784 total
[2023-04-06T07:49:38.029+0000][69][gc,age      ] GC(55) - age   3:     422632 bytes,    1790416 total
[2023-04-06T07:49:38.030+0000][69][gc,age      ] GC(55) - age   4:      13000 bytes,    1803416 total
[2023-04-06T07:49:38.030+0000][69][gc,age      ] GC(55) - age   5:      10624 bytes,    1814040 total
[2023-04-06T07:49:38.031+0000][69][gc,age      ] GC(55) - age   6:        344 bytes,    1814384 total
[2023-04-06T07:49:38.032+0000][69][gc,age      ] GC(55) - age   7:       8384 bytes,    1822768 total
[2023-04-06T07:49:38.033+0000][69][gc,age      ] GC(55) - age   8:      16984 bytes,    1839752 total
[2023-04-06T07:49:38.034+0000][69][gc,age      ] GC(55) - age   9:      10240 bytes,    1849992 total
[2023-04-06T07:49:38.034+0000][69][gc,age      ] GC(55) - age  10:      12784 bytes,    1862776 total
[2023-04-06T07:49:38.035+0000][69][gc,age      ] GC(55) - age  11:        200 bytes,    1862976 total
[2023-04-06T07:49:38.036+0000][69][gc,age      ] GC(55) - age  12:       4320 bytes,    1867296 total
[2023-04-06T07:49:38.036+0000][69][gc,age      ] GC(55) - age  13:      23568 bytes,    1890864 total
[2023-04-06T07:49:38.037+0000][69][gc,age      ] GC(55) - age  14:       1336 bytes,    1892200 total
[2023-04-06T07:49:38.038+0000][69][gc,heap     ] GC(55) Eden regions: 2->0(23)
[2023-04-06T07:49:38.038+0000][69][gc,heap     ] GC(55) Survivor regions: 1->1(1)
[2023-04-06T07:49:38.039+0000][69][gc,heap     ] GC(55) Old regions: 24->24
[2023-04-06T07:49:38.039+0000][69][gc,heap     ] GC(55) Archive regions: 2->2
[2023-04-06T07:49:38.040+0000][69][gc,heap     ] GC(55) Humongous regions: 2->2
[2023-04-06T07:49:38.041+0000][69][gc,metaspace] GC(55) Metaspace: 134859K(139968K)->134859K(139968K) NonClass: 117495K(120256K)->117495K(120256K) Class: 17363K(19712K)->17363K(19712K)
[2023-04-06T07:49:38.042+0000][69][gc          ] GC(55) Pause Young (Mixed) (G1 Evacuation Pause) 117M->108M(256M) 31.079ms
[2023-04-06T07:49:38.043+0000][69][gc,cpu      ] GC(55) User=0.01s Sys=0.00s Real=0.03s
[2023-04-06T07:49:38.043+0000][69][safepoint   ] Safepoint "G1CollectForAllocation", Time since last: 469214103 ns, Reaching safepoint: 144072 ns, At safepoint: 32877522 ns, Total: 33021594 ns
[2023-04-06T07:49:41.046+0000][69][safepoint   ] Safepoint "Cleanup", Time since last: 3002029076 ns, Reaching safepoint: 287141 ns, At safepoint: 20082 ns, Total: 307223 ns
[2023-04-06T07:49:42.049+0000][69][safepoint   ] Safepoint "Cleanup", Time since last: 1002072832 ns, Reaching safepoint: 691432 ns, At safepoint: 367080 ns, Total: 1058512 ns
[2023-04-06T07:49:44.053+0000][69][safepoint   ] Safepoint "Cleanup", Time since last: 2003321318 ns, Reaching safepoint: 936411 ns, At safepoint: 39072 ns, Total: 975483 ns
[2023-04-06T07:49:45.058+0000][69][safepoint   ] Safepoint "Cleanup", Time since last: 1003663496 ns, Reaching safepoint: 808542 ns, At safepoint: 35815 ns, Total: 844357 ns
[2023-04-06T07:49:47.063+0000][69][safepoint   ] Safepoint "Cleanup", Time since last: 2005066441 ns, Reaching safepoint: 450694 ns, At safepoint: 12678 ns, Total: 463372 ns
[2023-04-06T07:49:50.067+0000][69][safepoint   ] Safepoint "Cleanup", Time since last: 3003669976 ns, Reaching safepoint: 153648 ns, At safepoint: 9842 ns, Total: 163490 ns
[2023-04-06T07:49:51.069+0000][69][safepoint   ] Safepoint "Cleanup", Time since last: 1001045554 ns, Reaching safepoint: 660458 ns, At safepoint: 40484 ns, Total: 700942 ns
[2023-04-06T07:49:54.078+0000][69][safepoint   ] Safepoint "Cleanup", Time since last: 3008045090 ns, Reaching safepoint: 632262 ns, At safepoint: 12958 ns, Total: 645220 ns
[2023-04-06T07:49:56.084+0000][69][safepoint   ] Safepoint "Cleanup", Time since last: 2006519510 ns, Reaching safepoint: 340237 ns, At safepoint: 10731 ns, Total: 350968 ns
[2023-04-06T07:49:57.089+0000][69][safepoint   ] Safepoint "Cleanup", Time since last: 1003869612 ns, Reaching safepoint: 267683 ns, At safepoint: 10980 ns, Total: 278663 ns
[2023-04-06T07:49:59.092+0000][69][safepoint   ] Safepoint "Cleanup", Time since last: 2003582913 ns, Reaching safepoint: 262839 ns, At safepoint: 8499 ns, Total: 271338 ns
[2023-04-06T07:50:02.098+0000][69][safepoint   ] Safepoint "Cleanup", Time since last: 3005153764 ns, Reaching safepoint: 191211 ns, At safepoint: 3897 ns, Total: 195108 ns
[2023-04-06T07:50:05.079+0000][69][safepoint   ] Safepoint "Cleanup", Time since last: 3004163181 ns, Reaching safepoint: 127320 ns, At safepoint: 4471 ns, Total: 131791 ns
[2023-04-06T07:50:07.865+0000][69][gc,start    ] GC(56) Pause Young (Normal) (G1 Evacuation Pause)
[2023-04-06T07:50:07.866+0000][69][gc,task     ] GC(56) Using 4 workers of 4 for evacuation
[2023-04-06T07:50:07.867+0000][69][gc,age      ] GC(56) Desired survivor size 6291456 bytes, new threshold 15 (max threshold 15)
[2023-04-06T07:50:07.871+0000][69][gc,phases   ] GC(56)   Pre Evacuate Collection Set: 0.1ms
[2023-04-06T07:50:07.871+0000][69][gc,phases   ] GC(56)   Merge Heap Roots: 0.1ms
[2023-04-06T07:50:07.872+0000][69][gc,phases   ] GC(56)   Evacuate Collection Set: 2.1ms
[2023-04-06T07:50:07.873+0000][69][gc,phases   ] GC(56)   Post Evacuate Collection Set: 0.9ms
[2023-04-06T07:50:07.873+0000][69][gc,phases   ] GC(56)   Other: 1.5ms
[2023-04-06T07:50:07.874+0000][69][gc,age      ] GC(56) Age table with threshold 15 (max threshold 15)
[2023-04-06T07:50:07.874+0000][69][gc,age      ] GC(56) - age   1:    1307032 bytes,    1307032 total
[2023-04-06T07:50:07.875+0000][69][gc,age      ] GC(56) - age   2:      19312 bytes,    1326344 total
[2023-04-06T07:50:07.875+0000][69][gc,age      ] GC(56) - age   3:     369256 bytes,    1695600 total
[2023-04-06T07:50:07.876+0000][69][gc,age      ] GC(56) - age   4:     305520 bytes,    2001120 total
[2023-04-06T07:50:07.877+0000][69][gc,age      ] GC(56) - age   5:      12144 bytes,    2013264 total
[2023-04-06T07:50:07.877+0000][69][gc,age      ] GC(56) - age   6:      10320 bytes,    2023584 total
[2023-04-06T07:50:07.878+0000][69][gc,age      ] GC(56) - age   7:        344 bytes,    2023928 total
[2023-04-06T07:50:07.878+0000][69][gc,age      ] GC(56) - age   8:       8384 bytes,    2032312 total
[2023-04-06T07:50:07.879+0000][69][gc,age      ] GC(56) - age   9:      16984 bytes,    2049296 total
[2023-04-06T07:50:07.880+0000][69][gc,age      ] GC(56) - age  10:      10240 bytes,    2059536 total
[2023-04-06T07:50:07.880+0000][69][gc,age      ] GC(56) - age  11:      12784 bytes,    2072320 total
[2023-04-06T07:50:07.881+0000][69][gc,age      ] GC(56) - age  12:        200 bytes,    2072520 total
[2023-04-06T07:50:07.881+0000][69][gc,age      ] GC(56) - age  13:       4320 bytes,    2076840 total
[2023-04-06T07:50:07.882+0000][69][gc,age      ] GC(56) - age  14:      23440 bytes,    2100280 total
[2023-04-06T07:50:07.883+0000][69][gc,age      ] GC(56) - age  15:       1336 bytes,    2101616 total
[2023-04-06T07:50:07.883+0000][69][gc,heap     ] GC(56) Eden regions: 23->0(23)
[2023-04-06T07:50:07.884+0000][69][gc,heap     ] GC(56) Survivor regions: 1->1(3)
[2023-04-06T07:50:07.884+0000][69][gc,heap     ] GC(56) Old regions: 24->24
[2023-04-06T07:50:07.885+0000][69][gc,heap     ] GC(56) Archive regions: 2->2
[2023-04-06T07:50:07.886+0000][69][gc,heap     ] GC(56) Humongous regions: 2->2
[2023-04-06T07:50:07.886+0000][69][gc,metaspace] GC(56) Metaspace: 134954K(140032K)->134954K(140032K) NonClass: 117591K(120320K)->117591K(120320K) Class: 17363K(19712K)->17363K(19712K)
[2023-04-06T07:50:07.887+0000][69][gc          ] GC(56) Pause Young (Normal) (G1 Evacuation Pause) 200M->108M(256M) 22.565ms
[2023-04-06T07:50:07.888+0000][69][gc,cpu      ] GC(56) User=0.01s Sys=0.01s Real=0.02s
[2023-04-06T07:50:07.889+0000][69][safepoint   ] Safepoint "G1CollectForAllocation", Time since last: 2785616798 ns, Reaching safepoint: 233848 ns, At safepoint: 24202380 ns, Total: 24436228 ns
[2023-04-06T07:50:08.891+0000][69][safepoint   ] Safepoint "Cleanup", Time since last: 1001387106 ns, Reaching safepoint: 399616 ns, At safepoint: 391956 ns, Total: 791572 ns
[2023-04-06T07:50:13.900+0000][69][safepoint   ] Safepoint "Cleanup", Time since last: 5008431721 ns, Reaching safepoint: 601860 ns, At safepoint: 34834 ns, Total: 636694 ns
[2023-04-06T07:50:15.777+0000][69][safepoint   ] Safepoint "Cleanup", Time since last: 1876706901 ns, Reaching safepoint: 218380 ns, At safepoint: 5050 ns, Total: 223430 ns
[2023-04-06T07:50:16.779+0000][69][safepoint   ] Safepoint "Cleanup", Time since last: 1001578278 ns, Reaching safepoint: 282979 ns, At safepoint: 15919 ns, Total: 298898 ns
[2023-04-06T07:50:19.782+0000][69][safepoint   ] Safepoint "Cleanup", Time since last: 3003107717 ns, Reaching safepoint: 215236 ns, At safepoint: 62425 ns, Total: 277661 ns
[2023-04-06T07:50:20.789+0000][69][safepoint   ] Safepoint "Cleanup", Time since last: 1006647486 ns, Reaching safepoint: 342599 ns, At safepoint: 7542 ns, Total: 350141 ns
[2023-04-06T07:50:25.793+0000][69][safepoint   ] Safepoint "Cleanup", Time since last: 5003642489 ns, Reaching safepoint: 150677 ns, At safepoint: 6507 ns, Total: 157184 ns
[2023-04-06T07:50:28.801+0000][69][safepoint   ] Safepoint "Cleanup", Time since last: 3007934243 ns, Reaching safepoint: 226534 ns, At safepoint: 11684 ns, Total: 238218 ns
[2023-04-06T07:50:29.806+0000][69][safepoint   ] Safepoint "Cleanup", Time since last: 1004256645 ns, Reaching safepoint: 86841 ns, At safepoint: 4264 ns, Total: 91105 ns
[2023-04-06T07:50:31.808+0000][69][safepoint   ] Safepoint "Cleanup", Time since last: 2002007887 ns, Reaching safepoint: 264474 ns, At safepoint: 4017 ns, Total: 268491 ns
[2023-04-06T07:50:34.032+0000][69][safepoint   ] Safepoint "Cleanup", Time since last: 2245484169 ns, Reaching safepoint: 635714 ns, At safepoint: 20424 ns, Total: 656138 ns
[2023-04-06T07:50:35.036+0000][69][safepoint   ] Safepoint "Cleanup", Time since last: 1003177703 ns, Reaching safepoint: 135009 ns, At safepoint: 3793 ns, Total: 138802 ns
[2023-04-06T07:50:36.039+0000][69][safepoint   ] Safepoint "Cleanup", Time since last: 1003580646 ns, Reaching safepoint: 185427 ns, At safepoint: 8206 ns, Total: 193633 ns
[2023-04-06T07:50:37.738+0000][69][safepoint   ] Safepoint "Cleanup", Time since last: 1697972161 ns, Reaching safepoint: 164874 ns, At safepoint: 24473 ns, Total: 189347 ns
[2023-04-06T07:50:38.153+0000][69][gc,start    ] GC(57) Pause Young (Normal) (G1 Evacuation Pause)
[2023-04-06T07:50:38.155+0000][69][gc,task     ] GC(57) Using 4 workers of 4 for evacuation
[2023-04-06T07:50:38.155+0000][69][gc,age      ] GC(57) Desired survivor size 6291456 bytes, new threshold 15 (max threshold 15)
[2023-04-06T07:50:38.160+0000][69][gc,phases   ] GC(57)   Pre Evacuate Collection Set: 0.1ms
[2023-04-06T07:50:38.161+0000][69][gc,phases   ] GC(57)   Merge Heap Roots: 0.1ms
[2023-04-06T07:50:38.162+0000][69][gc,phases   ] GC(57)   Evacuate Collection Set: 3.0ms
[2023-04-06T07:50:38.162+0000][69][gc,phases   ] GC(57)   Post Evacuate Collection Set: 1.0ms
[2023-04-06T07:50:38.163+0000][69][gc,phases   ] GC(57)   Other: 1.4ms
[2023-04-06T07:50:38.163+0000][69][gc,age      ] GC(57) Age table with threshold 15 (max threshold 15)
[2023-04-06T07:50:38.164+0000][69][gc,age      ] GC(57) - age   1:    1471896 bytes,    1471896 total
[2023-04-06T07:50:38.164+0000][69][gc,age      ] GC(57) - age   2:      21864 bytes,    1493760 total
[2023-04-06T07:50:38.165+0000][69][gc,age      ] GC(57) - age   3:      18752 bytes,    1512512 total
[2023-04-06T07:50:38.165+0000][69][gc,age      ] GC(57) - age   4:     368640 bytes,    1881152 total
[2023-04-06T07:50:38.167+0000][69][gc,age      ] GC(57) - age   5:     305456 bytes,    2186608 total
[2023-04-06T07:50:38.168+0000][69][gc,age      ] GC(57) - age   6:      12144 bytes,    2198752 total
[2023-04-06T07:50:38.168+0000][69][gc,age      ] GC(57) - age   7:      10320 bytes,    2209072 total
[2023-04-06T07:50:38.169+0000][69][gc,age      ] GC(57) - age   8:        344 bytes,    2209416 total
[2023-04-06T07:50:38.169+0000][69][gc,age      ] GC(57) - age   9:       8384 bytes,    2217800 total
[2023-04-06T07:50:38.170+0000][69][gc,age      ] GC(57) - age  10:      16984 bytes,    2234784 total
[2023-04-06T07:50:38.170+0000][69][gc,age      ] GC(57) - age  11:      10240 bytes,    2245024 total
[2023-04-06T07:50:38.171+0000][69][gc,age      ] GC(57) - age  12:      12784 bytes,    2257808 total
[2023-04-06T07:50:38.171+0000][69][gc,age      ] GC(57) - age  13:        200 bytes,    2258008 total
[2023-04-06T07:50:38.172+0000][69][gc,age      ] GC(57) - age  14:       4320 bytes,    2262328 total
[2023-04-06T07:50:38.172+0000][69][gc,age      ] GC(57) - age  15:      23440 bytes,    2285768 total
[2023-04-06T07:50:38.173+0000][69][gc,heap     ] GC(57) Eden regions: 23->0(23)
[2023-04-06T07:50:38.173+0000][69][gc,heap     ] GC(57) Survivor regions: 1->1(3)
[2023-04-06T07:50:38.174+0000][69][gc,heap     ] GC(57) Old regions: 24->24
[2023-04-06T07:50:38.174+0000][69][gc,heap     ] GC(57) Archive regions: 2->2
[2023-04-06T07:50:38.175+0000][69][gc,heap     ] GC(57) Humongous regions: 2->2
[2023-04-06T07:50:38.175+0000][69][gc,metaspace] GC(57) Metaspace: 135113K(140032K)->135113K(140032K) NonClass: 117749K(120320K)->117749K(120320K) Class: 17363K(19712K)->17363K(19712K)
[2023-04-06T07:50:38.176+0000][69][gc          ] GC(57) Pause Young (Normal) (G1 Evacuation Pause) 200M->109M(256M) 22.383ms
[2023-04-06T07:50:38.176+0000][69][gc,cpu      ] GC(57) User=0.01s Sys=0.00s Real=0.02s
[2023-04-06T07:50:38.177+0000][69][safepoint   ] Safepoint "G1CollectForAllocation", Time since last: 415762235 ns, Reaching safepoint: 74700 ns, At safepoint: 23544819 ns, Total: 23619519 ns
[2023-04-06T07:50:39.178+0000][69][safepoint   ] Safepoint "Cleanup", Time since last: 1001258448 ns, Reaching safepoint: 124861 ns, At safepoint: 3505 ns, Total: 128366 ns
[2023-04-06T07:50:43.182+0000][69][safepoint   ] Safepoint "Cleanup", Time since last: 4003905397 ns, Reaching safepoint: 155317 ns, At safepoint: 4226 ns, Total: 159543 ns
[2023-04-06T07:50:44.185+0000][69][safepoint   ] Safepoint "Cleanup", Time since last: 1002061309 ns, Reaching safepoint: 158052 ns, At safepoint: 3602 ns, Total: 161654 ns
[2023-04-06T07:50:45.186+0000][69][safepoint   ] Safepoint "Cleanup", Time since last: 1001346095 ns, Reaching safepoint: 104395 ns, At safepoint: 3311 ns, Total: 107706 ns
[2023-04-06T07:50:47.188+0000][69][safepoint   ] Safepoint "Cleanup", Time since last: 2001415807 ns, Reaching safepoint: 138754 ns, At safepoint: 3975 ns, Total: 142729 ns
[2023-04-06T07:50:48.189+0000][69][safepoint   ] Safepoint "Cleanup", Time since last: 1001111114 ns, Reaching safepoint: 51238 ns, At safepoint: 3608 ns, Total: 54846 ns
[2023-04-06T07:50:49.192+0000][69][safepoint   ] Safepoint "Cleanup", Time since last: 1003310773 ns, Reaching safepoint: 148260 ns, At safepoint: 10037 ns, Total: 158297 ns
[2023-04-06T07:50:50.194+0000][69][safepoint   ] Safepoint "Cleanup", Time since last: 1002011982 ns, Reaching safepoint: 200959 ns, At safepoint: 4707 ns, Total: 205666 ns
[2023-04-06T07:50:56.200+0000][69][safepoint   ] Safepoint "Cleanup", Time since last: 6005480147 ns, Reaching safepoint: 261707 ns, At safepoint: 11074 ns, Total: 272781 ns
[2023-04-06T07:50:57.202+0000][69][safepoint   ] Safepoint "Cleanup", Time since last: 1001177594 ns, Reaching safepoint: 83137 ns, At safepoint: 3442 ns, Total: 86579 ns
[2023-04-06T07:51:02.204+0000][69][safepoint   ] Safepoint "Cleanup", Time since last: 5002856610 ns, Reaching safepoint: 112007 ns, At safepoint: 3363 ns, Total: 115370 ns
[2023-04-06T07:51:03.206+0000][69][safepoint   ] Safepoint "Cleanup", Time since last: 1001893231 ns, Reaching safepoint: 83947 ns, At safepoint: 3560 ns, Total: 87507 ns
[2023-04-06T07:51:04.189+0000][69][safepoint   ] Safepoint "Cleanup", Time since last: 1003191181 ns, Reaching safepoint: 83891 ns, At safepoint: 3434 ns, Total: 87325 ns
[2023-04-06T07:51:05.190+0000][69][safepoint   ] Safepoint "Cleanup", Time since last: 1001239522 ns, Reaching safepoint: 99415 ns, At safepoint: 3187 ns, Total: 102602 ns
[2023-04-06T07:51:07.192+0000][69][safepoint   ] Safepoint "Cleanup", Time since last: 2001699854 ns, Reaching safepoint: 116959 ns, At safepoint: 131605 ns, Total: 248564 ns
[2023-04-06T07:51:07.807+0000][69][gc,start    ] GC(58) Pause Young (Concurrent Start) (G1 Evacuation Pause)
[2023-04-06T07:51:07.808+0000][69][gc,task     ] GC(58) Using 4 workers of 4 for evacuation
[2023-04-06T07:51:07.809+0000][69][gc,age      ] GC(58) Desired survivor size 6291456 bytes, new threshold 15 (max threshold 15)
[2023-04-06T07:51:07.817+0000][69][gc,phases   ] GC(58)   Pre Evacuate Collection Set: 0.5ms
[2023-04-06T07:51:07.818+0000][69][gc,phases   ] GC(58)   Merge Heap Roots: 0.1ms
[2023-04-06T07:51:07.819+0000][69][gc,phases   ] GC(58)   Evacuate Collection Set: 5.4ms
[2023-04-06T07:51:07.820+0000][69][gc,phases   ] GC(58)   Post Evacuate Collection Set: 1.4ms
[2023-04-06T07:51:07.821+0000][69][gc,phases   ] GC(58)   Other: 1.9ms
[2023-04-06T07:51:07.822+0000][69][gc,age      ] GC(58) Age table with threshold 15 (max threshold 15)
[2023-04-06T07:51:07.822+0000][69][gc,age      ] GC(58) - age   1:    1944632 bytes,    1944632 total
[2023-04-06T07:51:07.823+0000][69][gc,age      ] GC(58) - age   2:       7712 bytes,    1952344 total
[2023-04-06T07:51:07.824+0000][69][gc,age      ] GC(58) - age   3:      20400 bytes,    1972744 total
[2023-04-06T07:51:07.825+0000][69][gc,age      ] GC(58) - age   4:      18752 bytes,    1991496 total
[2023-04-06T07:51:07.826+0000][69][gc,age      ] GC(58) - age   5:     368264 bytes,    2359760 total
[2023-04-06T07:51:07.827+0000][69][gc,age      ] GC(58) - age   6:     305328 bytes,    2665088 total
[2023-04-06T07:51:07.828+0000][69][gc,age      ] GC(58) - age   7:      12080 bytes,    2677168 total
[2023-04-06T07:51:07.829+0000][69][gc,age      ] GC(58) - age   8:      10024 bytes,    2687192 total
[2023-04-06T07:51:07.831+0000][69][gc,age      ] GC(58) - age   9:        344 bytes,    2687536 total
[2023-04-06T07:51:07.831+0000][69][gc,age      ] GC(58) - age  10:       8384 bytes,    2695920 total
[2023-04-06T07:51:07.832+0000][69][gc,age      ] GC(58) - age  11:      16984 bytes,    2712904 total
[2023-04-06T07:51:07.833+0000][69][gc,age      ] GC(58) - age  12:      10240 bytes,    2723144 total
[2023-04-06T07:51:07.834+0000][69][gc,age      ] GC(58) - age  13:      12784 bytes,    2735928 total
[2023-04-06T07:51:07.835+0000][69][gc,age      ] GC(58) - age  14:        200 bytes,    2736128 total
[2023-04-06T07:51:07.836+0000][69][gc,age      ] GC(58) - age  15:       4320 bytes,    2740448 total
[2023-04-06T07:51:07.837+0000][69][gc,heap     ] GC(58) Eden regions: 23->0(23)
[2023-04-06T07:51:07.838+0000][69][gc,heap     ] GC(58) Survivor regions: 1->1(3)
[2023-04-06T07:51:07.839+0000][69][gc,heap     ] GC(58) Old regions: 24->24
[2023-04-06T07:51:07.840+0000][69][gc,heap     ] GC(58) Archive regions: 2->2
[2023-04-06T07:51:07.841+0000][69][gc,heap     ] GC(58) Humongous regions: 2->2
[2023-04-06T07:51:07.843+0000][69][gc,metaspace] GC(58) Metaspace: 135220K(140032K)->135220K(140032K) NonClass: 117856K(120320K)->117856K(120320K) Class: 17364K(19712K)->17364K(19712K)
[2023-04-06T07:51:07.873+0000][69][gc          ] GC(58) Pause Young (Concurrent Start) (G1 Evacuation Pause) 201M->109M(256M) 65.266ms
[2023-04-06T07:51:07.877+0000][69][gc          ] GC(59) Concurrent Mark Cycle
[2023-04-06T07:51:07.878+0000][69][gc,marking  ] GC(59) Concurrent Clear Claimed Marks
[2023-04-06T07:51:07.877+0000][69][gc,cpu      ] GC(58) User=0.02s Sys=0.00s Real=0.07s
[2023-04-06T07:51:07.910+0000][69][safepoint   ] Safepoint "G1CollectForAllocation", Time since last: 614879479 ns, Reaching safepoint: 209645 ns, At safepoint: 103306021 ns, Total: 103515666 ns
[2023-04-06T07:51:07.880+0000][69][gc,marking  ] GC(59) Concurrent Clear Claimed Marks 1.568ms
[2023-04-06T07:51:07.928+0000][69][gc,marking  ] GC(59) Concurrent Scan Root Regions
[2023-04-06T07:51:07.938+0000][69][gc,marking  ] GC(59) Concurrent Scan Root Regions 9.973ms
[2023-04-06T07:51:07.939+0000][69][gc,marking  ] GC(59) Concurrent Mark
[2023-04-06T07:51:07.940+0000][69][gc,marking  ] GC(59) Concurrent Mark From Roots
[2023-04-06T07:51:07.942+0000][69][gc,task     ] GC(59) Using 1 workers of 1 for marking
[2023-04-06T07:51:08.481+0000][69][gc,marking  ] GC(59) Concurrent Mark From Roots 541.150ms
[2023-04-06T07:51:08.483+0000][69][gc,marking  ] GC(59) Concurrent Preclean
[2023-04-06T07:51:08.485+0000][69][gc,marking  ] GC(59) Concurrent Preclean 1.908ms
[2023-04-06T07:51:08.487+0000][69][gc,start    ] GC(59) Pause Remark
[2023-04-06T07:51:08.503+0000][69][gc          ] GC(59) Pause Remark 121M->121M(256M) 16.534ms
[2023-04-06T07:51:08.505+0000][69][gc,cpu      ] GC(59) User=0.06s Sys=0.00s Real=0.02s
[2023-04-06T07:51:08.506+0000][69][safepoint   ] Safepoint "G1PauseRemark", Time since last: 576171150 ns, Reaching safepoint: 199258 ns, At safepoint: 19141863 ns, Total: 19341121 ns
[2023-04-06T07:51:08.507+0000][69][gc,marking  ] GC(59) Concurrent Mark 568.237ms
[2023-04-06T07:51:08.508+0000][69][gc,marking  ] GC(59) Concurrent Rebuild Remembered Sets
[2023-04-06T07:51:08.645+0000][69][gc,marking  ] GC(59) Concurrent Rebuild Remembered Sets 136.460ms
[2023-04-06T07:51:08.646+0000][69][gc,start    ] GC(59) Pause Cleanup
[2023-04-06T07:51:08.647+0000][69][gc          ] GC(59) Pause Cleanup 121M->121M(256M) 1.115ms
[2023-04-06T07:51:08.648+0000][69][gc,cpu      ] GC(59) User=0.00s Sys=0.00s Real=0.00s
[2023-04-06T07:51:08.649+0000][69][safepoint   ] Safepoint "G1PauseCleanup", Time since last: 140082133 ns, Reaching safepoint: 98291 ns, At safepoint: 3000745 ns, Total: 3099036 ns
[2023-04-06T07:51:08.650+0000][69][gc,marking  ] GC(59) Concurrent Cleanup for Next Mark
[2023-04-06T07:51:08.651+0000][69][gc,marking  ] GC(59) Concurrent Cleanup for Next Mark 1.295ms
[2023-04-06T07:51:08.652+0000][69][gc          ] GC(59) Concurrent Mark Cycle 775.141ms
[2023-04-06T07:51:09.651+0000][69][safepoint   ] Safepoint "Cleanup", Time since last: 1001733804 ns, Reaching safepoint: 162581 ns, At safepoint: 5755 ns, Total: 168336 ns
[2023-04-06T07:51:10.652+0000][69][safepoint   ] Safepoint "Cleanup", Time since last: 1000928118 ns, Reaching safepoint: 164021 ns, At safepoint: 3738 ns, Total: 167759 ns
[2023-04-06T07:51:11.655+0000][69][safepoint   ] Safepoint "Cleanup", Time since last: 1002321394 ns, Reaching safepoint: 196954 ns, At safepoint: 4618 ns, Total: 201572 ns
[2023-04-06T07:51:13.657+0000][69][safepoint   ] Safepoint "Cleanup", Time since last: 2001828976 ns, Reaching safepoint: 193142 ns, At safepoint: 15732 ns, Total: 208874 ns
[2023-04-06T07:51:14.658+0000][69][safepoint   ] Safepoint "Cleanup", Time since last: 1001530185 ns, Reaching safepoint: 272369 ns, At safepoint: 37289 ns, Total: 309658 ns
[2023-04-06T07:51:16.660+0000][69][safepoint   ] Safepoint "Cleanup", Time since last: 2001614191 ns, Reaching safepoint: 227685 ns, At safepoint: 9929 ns, Total: 237614 ns
[2023-04-06T07:51:17.662+0000][69][safepoint   ] Safepoint "Cleanup", Time since last: 1001265565 ns, Reaching safepoint: 156032 ns, At safepoint: 4274 ns, Total: 160306 ns
[2023-04-06T07:51:20.664+0000][69][safepoint   ] Safepoint "Cleanup", Time since last: 3002188557 ns, Reaching safepoint: 150015 ns, At safepoint: 4737 ns, Total: 154752 ns
[2023-04-06T07:51:25.670+0000][69][safepoint   ] Safepoint "Cleanup", Time since last: 5005771469 ns, Reaching safepoint: 265697 ns, At safepoint: 5099 ns, Total: 270796 ns
[2023-04-06T07:51:26.671+0000][69][safepoint   ] Safepoint "Cleanup", Time since last: 1000575906 ns, Reaching safepoint: 106356 ns, At safepoint: 26713 ns, Total: 133069 ns
[2023-04-06T07:51:28.673+0000][69][safepoint   ] Safepoint "Cleanup", Time since last: 2001669720 ns, Reaching safepoint: 116585 ns, At safepoint: 3794 ns, Total: 120379 ns
[2023-04-06T07:51:31.676+0000][69][safepoint   ] Safepoint "Cleanup", Time since last: 3002785889 ns, Reaching safepoint: 140750 ns, At safepoint: 4741 ns, Total: 145491 ns
[2023-04-06T07:51:32.677+0000][69][safepoint   ] Safepoint "Cleanup", Time since last: 1000964267 ns, Reaching safepoint: 118149 ns, At safepoint: 3352 ns, Total: 121501 ns
[2023-04-06T07:51:33.657+0000][69][safepoint   ] Safepoint "Cleanup", Time since last: 1001319795 ns, Reaching safepoint: 89548 ns, At safepoint: 2907 ns, Total: 92455 ns
[2023-04-06T07:51:34.428+0000][69][gc,start    ] GC(60) Pause Young (Prepare Mixed) (G1 Evacuation Pause)
[2023-04-06T07:51:34.429+0000][69][gc,task     ] GC(60) Using 4 workers of 4 for evacuation
[2023-04-06T07:51:34.430+0000][69][gc,age      ] GC(60) Desired survivor size 6291456 bytes, new threshold 15 (max threshold 15)
[2023-04-06T07:51:34.435+0000][69][gc,phases   ] GC(60)   Pre Evacuate Collection Set: 0.1ms
[2023-04-06T07:51:34.436+0000][69][gc,phases   ] GC(60)   Merge Heap Roots: 0.1ms
[2023-04-06T07:51:34.437+0000][69][gc,phases   ] GC(60)   Evacuate Collection Set: 3.3ms
[2023-04-06T07:51:34.437+0000][69][gc,phases   ] GC(60)   Post Evacuate Collection Set: 0.9ms
[2023-04-06T07:51:34.438+0000][69][gc,phases   ] GC(60)   Other: 1.5ms
[2023-04-06T07:51:34.439+0000][69][gc,age      ] GC(60) Age table with threshold 15 (max threshold 15)
[2023-04-06T07:51:34.439+0000][69][gc,age      ] GC(60) - age   1:     496256 bytes,     496256 total
[2023-04-06T07:51:34.440+0000][69][gc,age      ] GC(60) - age   2:       8696 bytes,     504952 total
[2023-04-06T07:51:34.441+0000][69][gc,age      ] GC(60) - age   3:       5688 bytes,     510640 total
[2023-04-06T07:51:34.441+0000][69][gc,age      ] GC(60) - age   4:      20144 bytes,     530784 total
[2023-04-06T07:51:34.442+0000][69][gc,age      ] GC(60) - age   5:       1080 bytes,     531864 total
[2023-04-06T07:51:34.443+0000][69][gc,age      ] GC(60) - age   6:     227480 bytes,     759344 total
[2023-04-06T07:51:34.443+0000][69][gc,age      ] GC(60) - age   7:     293400 bytes,    1052744 total
[2023-04-06T07:51:34.444+0000][69][gc,age      ] GC(60) - age   8:      12016 bytes,    1064760 total
[2023-04-06T07:51:34.445+0000][69][gc,age      ] GC(60) - age   9:      10024 bytes,    1074784 total
[2023-04-06T07:51:34.446+0000][69][gc,age      ] GC(60) - age  10:        344 bytes,    1075128 total
[2023-04-06T07:51:34.446+0000][69][gc,age      ] GC(60) - age  11:       8384 bytes,    1083512 total
[2023-04-06T07:51:34.447+0000][69][gc,age      ] GC(60) - age  12:      16984 bytes,    1100496 total
[2023-04-06T07:51:34.448+0000][69][gc,age      ] GC(60) - age  13:      10240 bytes,    1110736 total
[2023-04-06T07:51:34.449+0000][69][gc,age      ] GC(60) - age  14:      12784 bytes,    1123520 total
[2023-04-06T07:51:34.449+0000][69][gc,age      ] GC(60) - age  15:        200 bytes,    1123720 total
[2023-04-06T07:51:34.450+0000][69][gc,heap     ] GC(60) Eden regions: 23->0(2)
[2023-04-06T07:51:34.450+0000][69][gc,heap     ] GC(60) Survivor regions: 1->1(3)
[2023-04-06T07:51:34.451+0000][69][gc,heap     ] GC(60) Old regions: 24->24
[2023-04-06T07:51:34.452+0000][69][gc,heap     ] GC(60) Archive regions: 2->2
[2023-04-06T07:51:34.452+0000][69][gc,heap     ] GC(60) Humongous regions: 2->2
[2023-04-06T07:51:34.453+0000][69][gc,metaspace] GC(60) Metaspace: 135330K(140096K)->135330K(140096K) NonClass: 117966K(120384K)->117966K(120384K) Class: 17364K(19712K)->17364K(19712K)
[2023-04-06T07:51:34.454+0000][69][gc          ] GC(60) Pause Young (Prepare Mixed) (G1 Evacuation Pause) 201M->108M(256M) 25.423ms
[2023-04-06T07:51:34.455+0000][69][gc,cpu      ] GC(60) User=0.01s Sys=0.00s Real=0.02s
[2023-04-06T07:51:34.456+0000][69][safepoint   ] Safepoint "G1CollectForAllocation", Time since last: 771697040 ns, Reaching safepoint: 77148 ns, At safepoint: 27791417 ns, Total: 27868565 ns
[2023-04-06T07:51:37.459+0000][69][safepoint   ] Safepoint "Cleanup", Time since last: 3002832995 ns, Reaching safepoint: 332492 ns, At safepoint: 23940 ns, Total: 356432 ns
[2023-04-06T07:51:37.709+0000][69][gc,start    ] GC(61) Pause Young (Mixed) (G1 Evacuation Pause)
[2023-04-06T07:51:37.710+0000][69][gc,task     ] GC(61) Using 4 workers of 4 for evacuation
[2023-04-06T07:51:37.710+0000][69][gc,age      ] GC(61) Desired survivor size 2097152 bytes, new threshold 15 (max threshold 15)
[2023-04-06T07:51:37.718+0000][69][gc,phases   ] GC(61)   Pre Evacuate Collection Set: 0.2ms
[2023-04-06T07:51:37.718+0000][69][gc,phases   ] GC(61)   Merge Heap Roots: 0.2ms
[2023-04-06T07:51:37.719+0000][69][gc,phases   ] GC(61)   Evacuate Collection Set: 5.4ms
[2023-04-06T07:51:37.719+0000][69][gc,phases   ] GC(61)   Post Evacuate Collection Set: 0.8ms
[2023-04-06T07:51:37.720+0000][69][gc,phases   ] GC(61)   Other: 1.4ms
[2023-04-06T07:51:37.720+0000][69][gc,age      ] GC(61) Age table with threshold 15 (max threshold 15)
[2023-04-06T07:51:37.721+0000][69][gc,age      ] GC(61) - age   1:     285520 bytes,     285520 total
[2023-04-06T07:51:37.722+0000][69][gc,age      ] GC(61) - age   2:     397960 bytes,     683480 total
[2023-04-06T07:51:37.722+0000][69][gc,age      ] GC(61) - age   3:       6848 bytes,     690328 total
[2023-04-06T07:51:37.723+0000][69][gc,age      ] GC(61) - age   4:       5560 bytes,     695888 total
[2023-04-06T07:51:37.723+0000][69][gc,age      ] GC(61) - age   5:      20080 bytes,     715968 total
[2023-04-06T07:51:37.724+0000][69][gc,age      ] GC(61) - age   6:       1080 bytes,     717048 total
[2023-04-06T07:51:37.724+0000][69][gc,age      ] GC(61) - age   7:     227480 bytes,     944528 total
[2023-04-06T07:51:37.725+0000][69][gc,age      ] GC(61) - age   8:     292936 bytes,    1237464 total
[2023-04-06T07:51:37.725+0000][69][gc,age      ] GC(61) - age   9:      12016 bytes,    1249480 total
[2023-04-06T07:51:37.726+0000][69][gc,age      ] GC(61) - age  10:      10024 bytes,    1259504 total
[2023-04-06T07:51:37.726+0000][69][gc,age      ] GC(61) - age  11:        344 bytes,    1259848 total
[2023-04-06T07:51:37.727+0000][69][gc,age      ] GC(61) - age  12:       8384 bytes,    1268232 total
[2023-04-06T07:51:37.727+0000][69][gc,age      ] GC(61) - age  13:      16984 bytes,    1285216 total
[2023-04-06T07:51:37.727+0000][69][gc,age      ] GC(61) - age  14:      10240 bytes,    1295456 total
[2023-04-06T07:51:37.728+0000][69][gc,age      ] GC(61) - age  15:      12784 bytes,    1308240 total
[2023-04-06T07:51:37.729+0000][69][gc,heap     ] GC(61) Eden regions: 2->0(24)
[2023-04-06T07:51:37.730+0000][69][gc,heap     ] GC(61) Survivor regions: 1->1(1)
[2023-04-06T07:51:37.731+0000][69][gc,heap     ] GC(61) Old regions: 24->24
[2023-04-06T07:51:37.731+0000][69][gc,heap     ] GC(61) Archive regions: 2->2
[2023-04-06T07:51:37.732+0000][69][gc,heap     ] GC(61) Humongous regions: 2->2
[2023-04-06T07:51:37.733+0000][69][gc,metaspace] GC(61) Metaspace: 135339K(140096K)->135339K(140096K) NonClass: 117975K(120384K)->117975K(120384K) Class: 17364K(19712K)->17364K(19712K)
[2023-04-06T07:51:37.733+0000][69][gc          ] GC(61) Pause Young (Mixed) (G1 Evacuation Pause) 116M->107M(256M) 24.409ms
[2023-04-06T07:51:37.734+0000][69][gc,cpu      ] GC(61) User=0.02s Sys=0.00s Real=0.02s
[2023-04-06T07:51:37.735+0000][69][safepoint   ] Safepoint "G1CollectForAllocation", Time since last: 249290874 ns, Reaching safepoint: 74705 ns, At safepoint: 26198589 ns, Total: 26273294 ns
[2023-04-06T07:51:38.736+0000][69][safepoint   ] Safepoint "Cleanup", Time since last: 1001342036 ns, Reaching safepoint: 142572 ns, At safepoint: 5481 ns, Total: 148053 ns
[2023-04-06T07:51:39.740+0000][69][safepoint   ] Safepoint "Cleanup", Time since last: 1002553098 ns, Reaching safepoint: 1054801 ns, At safepoint: 25453 ns, Total: 1080254 ns
[2023-04-06T07:51:40.745+0000][69][safepoint   ] Safepoint "Cleanup", Time since last: 1004483624 ns, Reaching safepoint: 210250 ns, At safepoint: 7679 ns, Total: 217929 ns
[2023-04-06T07:51:41.746+0000][69][safepoint   ] Safepoint "Cleanup", Time since last: 1001501001 ns, Reaching safepoint: 148152 ns, At safepoint: 11223 ns, Total: 159375 ns
[2023-04-06T07:51:42.748+0000][69][safepoint   ] Safepoint "Cleanup", Time since last: 1001614201 ns, Reaching safepoint: 111603 ns, At safepoint: 2967 ns, Total: 114570 ns
[2023-04-06T07:51:43.750+0000][69][safepoint   ] Safepoint "Cleanup", Time since last: 1001527039 ns, Reaching safepoint: 264577 ns, At safepoint: 43906 ns, Total: 308483 ns
[2023-04-06T07:51:44.752+0000][69][safepoint   ] Safepoint "Cleanup", Time since last: 1001208740 ns, Reaching safepoint: 380510 ns, At safepoint: 9806 ns, Total: 390316 ns
[2023-04-06T07:51:46.755+0000][69][safepoint   ] Safepoint "Cleanup", Time since last: 2003125983 ns, Reaching safepoint: 322602 ns, At safepoint: 9439 ns, Total: 332041 ns
[2023-04-06T07:51:49.759+0000][69][safepoint   ] Safepoint "Cleanup", Time since last: 3004339007 ns, Reaching safepoint: 153607 ns, At safepoint: 11039 ns, Total: 164646 ns
[2023-04-06T07:51:50.760+0000][69][safepoint   ] Safepoint "Cleanup", Time since last: 1000833046 ns, Reaching safepoint: 134578 ns, At safepoint: 3159 ns, Total: 137737 ns
[2023-04-06T07:51:51.762+0000][69][safepoint   ] Safepoint "Cleanup", Time since last: 1001031034 ns, Reaching safepoint: 362670 ns, At safepoint: 12382 ns, Total: 375052 ns
[2023-04-06T07:51:52.764+0000][69][safepoint   ] Safepoint "Cleanup", Time since last: 1002447935 ns, Reaching safepoint: 147705 ns, At safepoint: 5218 ns, Total: 152923 ns
[2023-04-06T07:51:55.768+0000][69][safepoint   ] Safepoint "Cleanup", Time since last: 3003820157 ns, Reaching safepoint: 162961 ns, At safepoint: 3256 ns, Total: 166217 ns
[2023-04-06T07:51:58.774+0000][69][safepoint   ] Safepoint "Cleanup", Time since last: 3004848891 ns, Reaching safepoint: 237163 ns, At safepoint: 18816 ns, Total: 255979 ns
[2023-04-06T07:52:01.776+0000][69][safepoint   ] Safepoint "Cleanup", Time since last: 3002074084 ns, Reaching safepoint: 75946 ns, At safepoint: 2544 ns, Total: 78490 ns
[2023-04-06T07:52:02.779+0000][69][safepoint   ] Safepoint "Cleanup", Time since last: 1002678365 ns, Reaching safepoint: 643239 ns, At safepoint: 13710 ns, Total: 656949 ns
[2023-04-06T07:52:03.761+0000][69][safepoint   ] Safepoint "Cleanup", Time since last: 1003518800 ns, Reaching safepoint: 140924 ns, At safepoint: 8969 ns, Total: 149893 ns
[2023-04-06T07:52:04.763+0000][69][safepoint   ] Safepoint "Cleanup", Time since last: 1001091145 ns, Reaching safepoint: 116974 ns, At safepoint: 3555 ns, Total: 120529 ns
[2023-04-06T07:52:06.520+0000][69][gc,start    ] GC(62) Pause Young (Normal) (G1 Evacuation Pause)
[2023-04-06T07:52:06.522+0000][69][gc,task     ] GC(62) Using 4 workers of 4 for evacuation
[2023-04-06T07:52:06.524+0000][69][gc,age      ] GC(62) Desired survivor size 8388608 bytes, new threshold 15 (max threshold 15)
[2023-04-06T07:52:06.532+0000][69][gc,phases   ] GC(62)   Pre Evacuate Collection Set: 0.4ms
[2023-04-06T07:52:06.533+0000][69][gc,phases   ] GC(62)   Merge Heap Roots: 0.3ms
[2023-04-06T07:52:06.534+0000][69][gc,phases   ] GC(62)   Evacuate Collection Set: 4.2ms
[2023-04-06T07:52:06.535+0000][69][gc,phases   ] GC(62)   Post Evacuate Collection Set: 1.9ms
[2023-04-06T07:52:06.536+0000][69][gc,phases   ] GC(62)   Other: 2.9ms
[2023-04-06T07:52:06.537+0000][69][gc,age      ] GC(62) Age table with threshold 15 (max threshold 15)
[2023-04-06T07:52:06.538+0000][69][gc,age      ] GC(62) - age   1:     941768 bytes,     941768 total
[2023-04-06T07:52:06.539+0000][69][gc,age      ] GC(62) - age   2:        952 bytes,     942720 total
[2023-04-06T07:52:06.540+0000][69][gc,age      ] GC(62) - age   3:     137664 bytes,    1080384 total
[2023-04-06T07:52:06.541+0000][69][gc,age      ] GC(62) - age   4:       4056 bytes,    1084440 total
[2023-04-06T07:52:06.541+0000][69][gc,age      ] GC(62) - age   5:       5008 bytes,    1089448 total
[2023-04-06T07:52:06.542+0000][69][gc,age      ] GC(62) - age   6:      19904 bytes,    1109352 total
[2023-04-06T07:52:06.543+0000][69][gc,age      ] GC(62) - age   7:       1080 bytes,    1110432 total
[2023-04-06T07:52:06.543+0000][69][gc,age      ] GC(62) - age   8:     227416 bytes,    1337848 total
[2023-04-06T07:52:06.544+0000][69][gc,age      ] GC(62) - age   9:     292936 bytes,    1630784 total
[2023-04-06T07:52:06.545+0000][69][gc,age      ] GC(62) - age  10:      12016 bytes,    1642800 total
[2023-04-06T07:52:06.545+0000][69][gc,age      ] GC(62) - age  11:      10024 bytes,    1652824 total
[2023-04-06T07:52:06.546+0000][69][gc,age      ] GC(62) - age  12:        344 bytes,    1653168 total
[2023-04-06T07:52:06.547+0000][69][gc,age      ] GC(62) - age  13:       8384 bytes,    1661552 total
[2023-04-06T07:52:06.548+0000][69][gc,age      ] GC(62) - age  14:      16984 bytes,    1678536 total
[2023-04-06T07:52:06.548+0000][69][gc,age      ] GC(62) - age  15:      10240 bytes,    1688776 total
[2023-04-06T07:52:06.549+0000][69][gc,heap     ] GC(62) Eden regions: 24->0(24)
[2023-04-06T07:52:06.549+0000][69][gc,heap     ] GC(62) Survivor regions: 1->1(4)
[2023-04-06T07:52:06.550+0000][69][gc,heap     ] GC(62) Old regions: 24->24
[2023-04-06T07:52:06.550+0000][69][gc,heap     ] GC(62) Archive regions: 2->2
[2023-04-06T07:52:06.551+0000][69][gc,heap     ] GC(62) Humongous regions: 2->2
[2023-04-06T07:52:06.551+0000][69][gc,metaspace] GC(62) Metaspace: 135418K(140096K)->135418K(140096K) NonClass: 118052K(120384K)->118052K(120384K) Class: 17366K(19712K)->17366K(19712K)
[2023-04-06T07:52:06.551+0000][69][gc          ] GC(62) Pause Young (Normal) (G1 Evacuation Pause) 203M->108M(256M) 30.999ms
[2023-04-06T07:52:06.552+0000][69][gc,cpu      ] GC(62) User=0.01s Sys=0.00s Real=0.03s
[2023-04-06T07:52:06.552+0000][69][safepoint   ] Safepoint "G1CollectForAllocation", Time since last: 1757667754 ns, Reaching safepoint: 97434 ns, At safepoint: 31866178 ns, Total: 31963612 ns
[2023-04-06T07:52:07.553+0000][69][safepoint   ] Safepoint "Cleanup", Time since last: 1000780988 ns, Reaching safepoint: 131820 ns, At safepoint: 5371 ns, Total: 137191 ns
[2023-04-06T07:52:09.555+0000][69][safepoint   ] Safepoint "Cleanup", Time since last: 2001440299 ns, Reaching safepoint: 228030 ns, At safepoint: 4385 ns, Total: 232415 ns
[2023-04-06T07:52:13.559+0000][69][safepoint   ] Safepoint "Cleanup", Time since last: 4003782841 ns, Reaching safepoint: 360731 ns, At safepoint: 34302 ns, Total: 395033 ns
[2023-04-06T07:52:14.561+0000][69][safepoint   ] Safepoint "Cleanup", Time since last: 1001421842 ns, Reaching safepoint: 177125 ns, At safepoint: 5948 ns, Total: 183073 ns
[2023-04-06T07:52:15.562+0000][69][safepoint   ] Safepoint "Cleanup", Time since last: 1001407535 ns, Reaching safepoint: 240677 ns, At safepoint: 4985 ns, Total: 245662 ns
[2023-04-06T07:52:16.565+0000][69][safepoint   ] Safepoint "Cleanup", Time since last: 1002309506 ns, Reaching safepoint: 761186 ns, At safepoint: 30878 ns, Total: 792064 ns
[2023-04-06T07:52:18.568+0000][69][safepoint   ] Safepoint "Cleanup", Time since last: 2002125547 ns, Reaching safepoint: 94164 ns, At safepoint: 3401 ns, Total: 97565 ns
[2023-04-06T07:52:20.570+0000][69][safepoint   ] Safepoint "Cleanup", Time since last: 2001677822 ns, Reaching safepoint: 160100 ns, At safepoint: 4026 ns, Total: 164126 ns
[2023-04-06T07:52:21.571+0000][69][safepoint   ] Safepoint "Cleanup", Time since last: 1001674566 ns, Reaching safepoint: 145342 ns, At safepoint: 4689 ns, Total: 150031 ns
[2023-04-06T07:52:22.575+0000][69][safepoint   ] Safepoint "Cleanup", Time since last: 1003006724 ns, Reaching safepoint: 231706 ns, At safepoint: 9119 ns, Total: 240825 ns
[2023-04-06T07:52:25.578+0000][69][safepoint   ] Safepoint "Cleanup", Time since last: 3003146543 ns, Reaching safepoint: 228477 ns, At safepoint: 12968 ns, Total: 241445 ns
[2023-04-06T07:52:26.579+0000][69][safepoint   ] Safepoint "Cleanup", Time since last: 1000777521 ns, Reaching safepoint: 69106 ns, At safepoint: 2796 ns, Total: 71902 ns
[2023-04-06T07:52:31.581+0000][69][safepoint   ] Safepoint "Cleanup", Time since last: 5002573840 ns, Reaching safepoint: 71309 ns, At safepoint: 20419 ns, Total: 91728 ns
[2023-04-06T07:52:32.584+0000][69][safepoint   ] Safepoint "Cleanup", Time since last: 1001460559 ns, Reaching safepoint: 572859 ns, At safepoint: 19533 ns, Total: 592392 ns
[2023-04-06T07:52:34.566+0000][69][safepoint   ] Safepoint "Cleanup", Time since last: 2003957732 ns, Reaching safepoint: 104149 ns, At safepoint: 3322 ns, Total: 107471 ns
[2023-04-06T07:52:36.568+0000][69][safepoint   ] Safepoint "Cleanup", Time since last: 2001902083 ns, Reaching safepoint: 167276 ns, At safepoint: 4740 ns, Total: 172016 ns
[2023-04-06T07:52:37.649+0000][69][gc,start    ] GC(63) Pause Young (Normal) (G1 Evacuation Pause)
[2023-04-06T07:52:37.651+0000][69][gc,task     ] GC(63) Using 4 workers of 4 for evacuation
[2023-04-06T07:52:37.652+0000][69][gc,age      ] GC(63) Desired survivor size 8388608 bytes, new threshold 15 (max threshold 15)
[2023-04-06T07:52:37.656+0000][69][gc,phases   ] GC(63)   Pre Evacuate Collection Set: 0.1ms
[2023-04-06T07:52:37.657+0000][69][gc,phases   ] GC(63)   Merge Heap Roots: 0.1ms
[2023-04-06T07:52:37.658+0000][69][gc,phases   ] GC(63)   Evacuate Collection Set: 2.5ms
[2023-04-06T07:52:37.658+0000][69][gc,phases   ] GC(63)   Post Evacuate Collection Set: 1.0ms
[2023-04-06T07:52:37.659+0000][69][gc,phases   ] GC(63)   Other: 1.9ms
[2023-04-06T07:52:37.659+0000][69][gc,age      ] GC(63) Age table with threshold 15 (max threshold 15)
[2023-04-06T07:52:37.660+0000][69][gc,age      ] GC(63) - age   1:    1330432 bytes,    1330432 total
[2023-04-06T07:52:37.661+0000][69][gc,age      ] GC(63) - age   2:     144992 bytes,    1475424 total
[2023-04-06T07:52:37.661+0000][69][gc,age      ] GC(63) - age   3:         64 bytes,    1475488 total
[2023-04-06T07:52:37.662+0000][69][gc,age      ] GC(63) - age   4:      24144 bytes,    1499632 total
[2023-04-06T07:52:37.662+0000][69][gc,age      ] GC(63) - age   5:       3696 bytes,    1503328 total
[2023-04-06T07:52:37.663+0000][69][gc,age      ] GC(63) - age   6:       5008 bytes,    1508336 total
[2023-04-06T07:52:37.663+0000][69][gc,age      ] GC(63) - age   7:      19840 bytes,    1528176 total
[2023-04-06T07:52:37.664+0000][69][gc,age      ] GC(63) - age   8:       1080 bytes,    1529256 total
[2023-04-06T07:52:37.664+0000][69][gc,age      ] GC(63) - age   9:     227416 bytes,    1756672 total
[2023-04-06T07:52:37.665+0000][69][gc,age      ] GC(63) - age  10:     292936 bytes,    2049608 total
[2023-04-06T07:52:37.665+0000][69][gc,age      ] GC(63) - age  11:      12016 bytes,    2061624 total
[2023-04-06T07:52:37.666+0000][69][gc,age      ] GC(63) - age  12:      10024 bytes,    2071648 total
[2023-04-06T07:52:37.666+0000][69][gc,age      ] GC(63) - age  13:        344 bytes,    2071992 total
[2023-04-06T07:52:37.667+0000][69][gc,age      ] GC(63) - age  14:       8384 bytes,    2080376 total
[2023-04-06T07:52:37.667+0000][69][gc,age      ] GC(63) - age  15:      16984 bytes,    2097360 total
[2023-04-06T07:52:37.667+0000][69][gc,heap     ] GC(63) Eden regions: 24->0(24)
[2023-04-06T07:52:37.668+0000][69][gc,heap     ] GC(63) Survivor regions: 1->1(4)
[2023-04-06T07:52:37.668+0000][69][gc,heap     ] GC(63) Old regions: 24->24
[2023-04-06T07:52:37.669+0000][69][gc,heap     ] GC(63) Archive regions: 2->2
[2023-04-06T07:52:37.669+0000][69][gc,heap     ] GC(63) Humongous regions: 2->2
[2023-04-06T07:52:37.670+0000][69][gc,metaspace] GC(63) Metaspace: 135494K(140160K)->135494K(140160K) NonClass: 118128K(120448K)->118128K(120448K) Class: 17366K(19712K)->17366K(19712K)
[2023-04-06T07:52:37.670+0000][69][gc          ] GC(63) Pause Young (Normal) (G1 Evacuation Pause) 204M->109M(256M) 20.667ms
[2023-04-06T07:52:37.671+0000][69][gc,cpu      ] GC(63) User=0.01s Sys=0.01s Real=0.02s
[2023-04-06T07:52:37.671+0000][69][safepoint   ] Safepoint "G1CollectForAllocation", Time since last: 1081551800 ns, Reaching safepoint: 80287 ns, At safepoint: 21853584 ns, Total: 21933871 ns
[2023-04-06T07:52:38.675+0000][69][safepoint   ] Safepoint "Cleanup", Time since last: 1003272661 ns, Reaching safepoint: 720088 ns, At safepoint: 45801 ns, Total: 765889 ns
[2023-04-06T07:52:39.679+0000][69][safepoint   ] Safepoint "Cleanup", Time since last: 1003142769 ns, Reaching safepoint: 157847 ns, At safepoint: 4958 ns, Total: 162805 ns
[2023-04-06T07:52:43.683+0000][69][safepoint   ] Safepoint "Cleanup", Time since last: 4003821312 ns, Reaching safepoint: 266009 ns, At safepoint: 18053 ns, Total: 284062 ns
[2023-04-06T07:52:44.686+0000][69][safepoint   ] Safepoint "Cleanup", Time since last: 1002102620 ns, Reaching safepoint: 460550 ns, At safepoint: 17635 ns, Total: 478185 ns
[2023-04-06T07:52:45.689+0000][69][safepoint   ] Safepoint "Cleanup", Time since last: 1003803743 ns, Reaching safepoint: 95228 ns, At safepoint: 3927 ns, Total: 99155 ns
[2023-04-06T07:52:46.691+0000][69][safepoint   ] Safepoint "Cleanup", Time since last: 1001412541 ns, Reaching safepoint: 79948 ns, At safepoint: 3353 ns, Total: 83301 ns
[2023-04-06T07:52:49.693+0000][69][safepoint   ] Safepoint "Cleanup", Time since last: 3002039182 ns, Reaching safepoint: 121562 ns, At safepoint: 10486 ns, Total: 132048 ns
[2023-04-06T07:52:50.694+0000][69][safepoint   ] Safepoint "Cleanup", Time since last: 1001166128 ns, Reaching safepoint: 359876 ns, At safepoint: 9588 ns, Total: 369464 ns
[2023-04-06T07:52:51.696+0000][69][safepoint   ] Safepoint "Cleanup", Time since last: 1001421151 ns, Reaching safepoint: 122353 ns, At safepoint: 4884 ns, Total: 127237 ns
[2023-04-06T07:52:52.698+0000][69][safepoint   ] Safepoint "Cleanup", Time since last: 1002069818 ns, Reaching safepoint: 104732 ns, At safepoint: 3031 ns, Total: 107763 ns
[2023-04-06T07:52:54.701+0000][69][safepoint   ] Safepoint "Cleanup", Time since last: 2002450194 ns, Reaching safepoint: 261392 ns, At safepoint: 18063 ns, Total: 279455 ns
[2023-04-06T07:52:56.703+0000][69][safepoint   ] Safepoint "Cleanup", Time since last: 2001665157 ns, Reaching safepoint: 126069 ns, At safepoint: 3495 ns, Total: 129564 ns
[2023-04-06T07:53:01.281+0000][69][safepoint   ] Safepoint "Cleanup", Time since last: 4578245725 ns, Reaching safepoint: 222613 ns, At safepoint: 29865 ns, Total: 252478 ns
[2023-04-06T07:53:02.283+0000][69][safepoint   ] Safepoint "Cleanup", Time since last: 1001004778 ns, Reaching safepoint: 336352 ns, At safepoint: 29664 ns, Total: 366016 ns
[2023-04-06T07:53:03.263+0000][69][safepoint   ] Safepoint "Cleanup", Time since last: 1001091207 ns, Reaching safepoint: 78322 ns, At safepoint: 2852 ns, Total: 81174 ns
[2023-04-06T07:53:05.265+0000][69][safepoint   ] Safepoint "Cleanup", Time since last: 2002317436 ns, Reaching safepoint: 70546 ns, At safepoint: 2868 ns, Total: 73414 ns
[2023-04-06T07:53:08.185+0000][69][gc,start    ] GC(64) Pause Young (Concurrent Start) (G1 Evacuation Pause)
[2023-04-06T07:53:08.186+0000][69][gc,task     ] GC(64) Using 4 workers of 4 for evacuation
[2023-04-06T07:53:08.187+0000][69][gc,age      ] GC(64) Desired survivor size 8388608 bytes, new threshold 15 (max threshold 15)
[2023-04-06T07:53:08.194+0000][69][gc,phases   ] GC(64)   Pre Evacuate Collection Set: 0.7ms
[2023-04-06T07:53:08.195+0000][69][gc,phases   ] GC(64)   Merge Heap Roots: 0.1ms
[2023-04-06T07:53:08.196+0000][69][gc,phases   ] GC(64)   Evacuate Collection Set: 4.1ms
[2023-04-06T07:53:08.197+0000][69][gc,phases   ] GC(64)   Post Evacuate Collection Set: 0.9ms
[2023-04-06T07:53:08.198+0000][69][gc,phases   ] GC(64)   Other: 2.2ms
[2023-04-06T07:53:08.198+0000][69][gc,age      ] GC(64) Age table with threshold 15 (max threshold 15)
[2023-04-06T07:53:08.199+0000][69][gc,age      ] GC(64) - age   1:    1569648 bytes,    1569648 total
[2023-04-06T07:53:08.200+0000][69][gc,age      ] GC(64) - age   2:     139008 bytes,    1708656 total
[2023-04-06T07:53:08.201+0000][69][gc,age      ] GC(64) - age   3:      11248 bytes,    1719904 total
[2023-04-06T07:53:08.201+0000][69][gc,age      ] GC(64) - age   5:      24144 bytes,    1744048 total
[2023-04-06T07:53:08.202+0000][69][gc,age      ] GC(64) - age   6:       3696 bytes,    1747744 total
[2023-04-06T07:53:08.202+0000][69][gc,age      ] GC(64) - age   7:       4944 bytes,    1752688 total
[2023-04-06T07:53:08.203+0000][69][gc,age      ] GC(64) - age   8:      19544 bytes,    1772232 total
[2023-04-06T07:53:08.204+0000][69][gc,age      ] GC(64) - age   9:       1080 bytes,    1773312 total
[2023-04-06T07:53:08.205+0000][69][gc,age      ] GC(64) - age  10:     227416 bytes,    2000728 total
[2023-04-06T07:53:08.205+0000][69][gc,age      ] GC(64) - age  11:     292936 bytes,    2293664 total
[2023-04-06T07:53:08.206+0000][69][gc,age      ] GC(64) - age  12:      12016 bytes,    2305680 total
[2023-04-06T07:53:08.207+0000][69][gc,age      ] GC(64) - age  13:      10024 bytes,    2315704 total
[2023-04-06T07:53:08.207+0000][69][gc,age      ] GC(64) - age  14:        344 bytes,    2316048 total
[2023-04-06T07:53:08.208+0000][69][gc,age      ] GC(64) - age  15:       8384 bytes,    2324432 total
[2023-04-06T07:53:08.209+0000][69][gc,heap     ] GC(64) Eden regions: 24->0(24)
[2023-04-06T07:53:08.209+0000][69][gc,heap     ] GC(64) Survivor regions: 1->1(4)
[2023-04-06T07:53:08.210+0000][69][gc,heap     ] GC(64) Old regions: 24->24
[2023-04-06T07:53:08.211+0000][69][gc,heap     ] GC(64) Archive regions: 2->2
[2023-04-06T07:53:08.211+0000][69][gc,heap     ] GC(64) Humongous regions: 2->2
[2023-04-06T07:53:08.212+0000][69][gc,metaspace] GC(64) Metaspace: 135574K(140224K)->135574K(140224K) NonClass: 118207K(120512K)->118207K(120512K) Class: 17366K(19712K)->17366K(19712K)
[2023-04-06T07:53:08.213+0000][69][gc          ] GC(64) Pause Young (Concurrent Start) (G1 Evacuation Pause) 205M->109M(256M) 27.714ms
[2023-04-06T07:53:08.213+0000][69][gc          ] GC(65) Concurrent Mark Cycle
[2023-04-06T07:53:08.214+0000][69][gc,marking  ] GC(65) Concurrent Clear Claimed Marks
[2023-04-06T07:53:08.213+0000][69][gc,cpu      ] GC(64) User=0.02s Sys=0.00s Real=0.02s
[2023-04-06T07:53:08.215+0000][69][gc,marking  ] GC(65) Concurrent Clear Claimed Marks 0.700ms
[2023-04-06T07:53:08.215+0000][69][gc,marking  ] GC(65) Concurrent Scan Root Regions
[2023-04-06T07:53:08.215+0000][69][safepoint   ] Safepoint "G1CollectForAllocation", Time since last: 2919552716 ns, Reaching safepoint: 111456 ns, At safepoint: 30434739 ns, Total: 30546195 ns
[2023-04-06T07:53:08.218+0000][69][gc,marking  ] GC(65) Concurrent Scan Root Regions 2.665ms
[2023-04-06T07:53:08.219+0000][69][gc,marking  ] GC(65) Concurrent Mark
[2023-04-06T07:53:08.220+0000][69][gc,marking  ] GC(65) Concurrent Mark From Roots
[2023-04-06T07:53:08.220+0000][69][gc,task     ] GC(65) Using 1 workers of 1 for marking
[2023-04-06T07:53:08.322+0000][69][gc,marking  ] GC(65) Concurrent Mark From Roots 102.417ms
[2023-04-06T07:53:08.323+0000][69][gc,marking  ] GC(65) Concurrent Preclean
[2023-04-06T07:53:08.324+0000][69][gc,marking  ] GC(65) Concurrent Preclean 0.940ms
[2023-04-06T07:53:08.325+0000][69][gc,start    ] GC(65) Pause Remark
[2023-04-06T07:53:08.333+0000][69][gc          ] GC(65) Pause Remark 110M->110M(256M) 8.434ms
[2023-04-06T07:53:08.334+0000][69][gc,cpu      ] GC(65) User=0.03s Sys=0.00s Real=0.01s
[2023-04-06T07:53:08.335+0000][69][safepoint   ] Safepoint "G1PauseRemark", Time since last: 109188892 ns, Reaching safepoint: 96356 ns, At safepoint: 10422606 ns, Total: 10518962 ns
[2023-04-06T07:53:08.336+0000][69][gc,marking  ] GC(65) Concurrent Mark 117.021ms
[2023-04-06T07:53:08.337+0000][69][gc,marking  ] GC(65) Concurrent Rebuild Remembered Sets
[2023-04-06T07:53:08.392+0000][69][gc,marking  ] GC(65) Concurrent Rebuild Remembered Sets 55.000ms
[2023-04-06T07:53:08.393+0000][69][gc,start    ] GC(65) Pause Cleanup
[2023-04-06T07:53:08.394+0000][69][gc          ] GC(65) Pause Cleanup 110M->110M(256M) 1.343ms
[2023-04-06T07:53:08.395+0000][69][gc,cpu      ] GC(65) User=0.00s Sys=0.00s Real=0.01s
[2023-04-06T07:53:08.396+0000][69][safepoint   ] Safepoint "G1PauseCleanup", Time since last: 57775210 ns, Reaching safepoint: 95952 ns, At safepoint: 2845826 ns, Total: 2941778 ns
[2023-04-06T07:53:08.397+0000][69][gc,marking  ] GC(65) Concurrent Cleanup for Next Mark
[2023-04-06T07:53:08.398+0000][69][gc,marking  ] GC(65) Concurrent Cleanup for Next Mark 1.158ms
[2023-04-06T07:53:08.399+0000][69][gc          ] GC(65) Concurrent Mark Cycle 185.333ms
[2023-04-06T07:53:09.398+0000][69][safepoint   ] Safepoint "Cleanup", Time since last: 1002269579 ns, Reaching safepoint: 264821 ns, At safepoint: 11633 ns, Total: 276454 ns
[2023-04-06T07:53:10.401+0000][69][safepoint   ] Safepoint "Cleanup", Time since last: 1002541379 ns, Reaching safepoint: 146745 ns, At safepoint: 3305 ns, Total: 150050 ns
[2023-04-06T07:53:13.404+0000][69][safepoint   ] Safepoint "Cleanup", Time since last: 3002288338 ns, Reaching safepoint: 165291 ns, At safepoint: 5599 ns, Total: 170890 ns
[2023-04-06T07:53:16.406+0000][69][safepoint   ] Safepoint "Cleanup", Time since last: 3001953189 ns, Reaching safepoint: 825069 ns, At safepoint: 13847 ns, Total: 838916 ns
[2023-04-06T07:53:17.411+0000][69][safepoint   ] Safepoint "Cleanup", Time since last: 1004181667 ns, Reaching safepoint: 241928 ns, At safepoint: 20933 ns, Total: 262861 ns
[2023-04-06T07:53:19.413+0000][69][safepoint   ] Safepoint "Cleanup", Time since last: 2001874575 ns, Reaching safepoint: 416795 ns, At safepoint: 18674 ns, Total: 435469 ns
[2023-04-06T07:53:20.415+0000][69][safepoint   ] Safepoint "Cleanup", Time since last: 1002089759 ns, Reaching safepoint: 171231 ns, At safepoint: 5451 ns, Total: 176682 ns
[2023-04-06T07:53:21.418+0000][69][safepoint   ] Safepoint "Cleanup", Time since last: 1002401316 ns, Reaching safepoint: 607381 ns, At safepoint: 17838 ns, Total: 625219 ns
[2023-04-06T07:53:26.423+0000][69][safepoint   ] Safepoint "Cleanup", Time since last: 5004738422 ns, Reaching safepoint: 177289 ns, At safepoint: 14068 ns, Total: 191357 ns
[2023-04-06T07:53:27.426+0000][69][safepoint   ] Safepoint "Cleanup", Time since last: 1002298872 ns, Reaching safepoint: 704043 ns, At safepoint: 47021 ns, Total: 751064 ns
[2023-04-06T07:53:32.434+0000][69][safepoint   ] Safepoint "Cleanup", Time since last: 5007100343 ns, Reaching safepoint: 470828 ns, At safepoint: 13415 ns, Total: 484243 ns
[2023-04-06T07:53:33.415+0000][69][safepoint   ] Safepoint "Cleanup", Time since last: 1003204788 ns, Reaching safepoint: 389905 ns, At safepoint: 14475 ns, Total: 404380 ns
[2023-04-06T07:53:37.420+0000][69][safepoint   ] Safepoint "Cleanup", Time since last: 4004206029 ns, Reaching safepoint: 75887 ns, At safepoint: 4573 ns, Total: 80460 ns
[2023-04-06T07:53:37.770+0000][69][gc,start    ] GC(66) Pause Young (Prepare Mixed) (G1 Evacuation Pause)
[2023-04-06T07:53:37.770+0000][69][gc,task     ] GC(66) Using 4 workers of 4 for evacuation
[2023-04-06T07:53:37.771+0000][69][gc,age      ] GC(66) Desired survivor size 8388608 bytes, new threshold 15 (max threshold 15)
[2023-04-06T07:53:37.775+0000][69][gc,phases   ] GC(66)   Pre Evacuate Collection Set: 0.1ms
[2023-04-06T07:53:37.775+0000][69][gc,phases   ] GC(66)   Merge Heap Roots: 0.0ms
[2023-04-06T07:53:37.776+0000][69][gc,phases   ] GC(66)   Evacuate Collection Set: 2.4ms
[2023-04-06T07:53:37.776+0000][69][gc,phases   ] GC(66)   Post Evacuate Collection Set: 0.8ms
[2023-04-06T07:53:37.777+0000][69][gc,phases   ] GC(66)   Other: 0.9ms
[2023-04-06T07:53:37.777+0000][69][gc,age      ] GC(66) Age table with threshold 15 (max threshold 15)
[2023-04-06T07:53:37.778+0000][69][gc,age      ] GC(66) - age   1:    1951952 bytes,    1951952 total
[2023-04-06T07:53:37.778+0000][69][gc,age      ] GC(66) - age   2:     138248 bytes,    2090200 total
[2023-04-06T07:53:37.779+0000][69][gc,age      ] GC(66) - age   3:       1200 bytes,    2091400 total
[2023-04-06T07:53:37.780+0000][69][gc,age      ] GC(66) - age   4:      10480 bytes,    2101880 total
[2023-04-06T07:53:37.780+0000][69][gc,age      ] GC(66) - age   6:      24144 bytes,    2126024 total
[2023-04-06T07:53:37.781+0000][69][gc,age      ] GC(66) - age   7:       3632 bytes,    2129656 total
[2023-04-06T07:53:37.782+0000][69][gc,age      ] GC(66) - age   8:       4944 bytes,    2134600 total
[2023-04-06T07:53:37.783+0000][69][gc,age      ] GC(66) - age   9:      19544 bytes,    2154144 total
[2023-04-06T07:53:37.784+0000][69][gc,age      ] GC(66) - age  10:       1080 bytes,    2155224 total
[2023-04-06T07:53:37.784+0000][69][gc,age      ] GC(66) - age  11:     225000 bytes,    2380224 total
[2023-04-06T07:53:37.785+0000][69][gc,age      ] GC(66) - age  12:     292936 bytes,    2673160 total
[2023-04-06T07:53:37.787+0000][69][gc,age      ] GC(66) - age  13:      12016 bytes,    2685176 total
[2023-04-06T07:53:37.788+0000][69][gc,age      ] GC(66) - age  14:      10024 bytes,    2695200 total
[2023-04-06T07:53:37.788+0000][69][gc,age      ] GC(66) - age  15:        344 bytes,    2695544 total
[2023-04-06T07:53:37.789+0000][69][gc,heap     ] GC(66) Eden regions: 24->0(2)
[2023-04-06T07:53:37.790+0000][69][gc,heap     ] GC(66) Survivor regions: 1->1(4)
[2023-04-06T07:53:37.790+0000][69][gc,heap     ] GC(66) Old regions: 24->24
[2023-04-06T07:53:37.791+0000][69][gc,heap     ] GC(66) Archive regions: 2->2
[2023-04-06T07:53:37.793+0000][69][gc,heap     ] GC(66) Humongous regions: 2->2
[2023-04-06T07:53:37.793+0000][69][gc,metaspace] GC(66) Metaspace: 135690K(140288K)->135690K(140288K) NonClass: 118323K(120576K)->118323K(120576K) Class: 17366K(19712K)->17366K(19712K)
[2023-04-06T07:53:37.794+0000][69][gc          ] GC(66) Pause Young (Prepare Mixed) (G1 Evacuation Pause) 205M->109M(256M) 23.888ms
[2023-04-06T07:53:37.795+0000][69][gc,cpu      ] GC(66) User=0.01s Sys=0.00s Real=0.03s
[2023-04-06T07:53:37.795+0000][69][safepoint   ] Safepoint "G1CollectForAllocation", Time since last: 350042116 ns, Reaching safepoint: 89814 ns, At safepoint: 25583562 ns, Total: 25673376 ns
[2023-04-06T07:53:38.799+0000][69][safepoint   ] Safepoint "Cleanup", Time since last: 1003269108 ns, Reaching safepoint: 152067 ns, At safepoint: 3980 ns, Total: 156047 ns
[2023-04-06T07:53:39.801+0000][69][safepoint   ] Safepoint "Cleanup", Time since last: 1002446595 ns, Reaching safepoint: 239869 ns, At safepoint: 9113 ns, Total: 248982 ns
[2023-04-06T07:53:40.350+0000][69][gc,start    ] GC(67) Pause Young (Mixed) (G1 Evacuation Pause)
[2023-04-06T07:53:40.351+0000][69][gc,task     ] GC(67) Using 4 workers of 4 for evacuation
[2023-04-06T07:53:40.352+0000][69][gc,age      ] GC(67) Desired survivor size 2097152 bytes, new threshold 4 (max threshold 15)
[2023-04-06T07:53:40.361+0000][69][gc,phases   ] GC(67)   Pre Evacuate Collection Set: 0.2ms
[2023-04-06T07:53:40.362+0000][69][gc,phases   ] GC(67)   Merge Heap Roots: 0.3ms
[2023-04-06T07:53:40.363+0000][69][gc,phases   ] GC(67)   Evacuate Collection Set: 7.6ms
[2023-04-06T07:53:40.364+0000][69][gc,phases   ] GC(67)   Post Evacuate Collection Set: 1.0ms
[2023-04-06T07:53:40.364+0000][69][gc,phases   ] GC(67)   Other: 1.2ms
[2023-04-06T07:53:40.365+0000][69][gc,age      ] GC(67) Age table with threshold 4 (max threshold 15)
[2023-04-06T07:53:40.365+0000][69][gc,age      ] GC(67) - age   1:     399440 bytes,     399440 total
[2023-04-06T07:53:40.366+0000][69][gc,age      ] GC(67) - age   2:      20552 bytes,     419992 total
[2023-04-06T07:53:40.366+0000][69][gc,age      ] GC(67) - age   3:     137144 bytes,     557136 total
[2023-04-06T07:53:40.367+0000][69][gc,age      ] GC(67) - age   4:       1072 bytes,     558208 total
[2023-04-06T07:53:40.367+0000][69][gc,heap     ] GC(67) Eden regions: 2->0(23)
[2023-04-06T07:53:40.368+0000][69][gc,heap     ] GC(67) Survivor regions: 1->1(1)
[2023-04-06T07:53:40.368+0000][69][gc,heap     ] GC(67) Old regions: 24->24
[2023-04-06T07:53:40.368+0000][69][gc,heap     ] GC(67) Archive regions: 2->2
[2023-04-06T07:53:40.369+0000][69][gc,heap     ] GC(67) Humongous regions: 2->2
[2023-04-06T07:53:40.369+0000][69][gc,metaspace] GC(67) Metaspace: 135701K(140288K)->135701K(140288K) NonClass: 118334K(120576K)->118334K(120576K) Class: 17366K(19712K)->17366K(19712K)
[2023-04-06T07:53:40.370+0000][69][gc          ] GC(67) Pause Young (Mixed) (G1 Evacuation Pause) 117M->107M(256M) 19.809ms
[2023-04-06T07:53:40.370+0000][69][gc,cpu      ] GC(67) User=0.03s Sys=0.00s Real=0.02s
[2023-04-06T07:53:40.371+0000][69][safepoint   ] Safepoint "G1CollectForAllocation", Time since last: 548444193 ns, Reaching safepoint: 121068 ns, At safepoint: 20730705 ns, Total: 20851773 ns
[2023-04-06T07:53:42.373+0000][69][safepoint   ] Safepoint "Cleanup", Time since last: 2002062512 ns, Reaching safepoint: 149646 ns, At safepoint: 3324 ns, Total: 152970 ns
[2023-04-06T07:53:43.374+0000][69][safepoint   ] Safepoint "Cleanup", Time since last: 1000903474 ns, Reaching safepoint: 474047 ns, At safepoint: 31586 ns, Total: 505633 ns
[2023-04-06T07:53:44.376+0000][69][safepoint   ] Safepoint "Cleanup", Time since last: 1001448881 ns, Reaching safepoint: 124476 ns, At safepoint: 4185 ns, Total: 128661 ns
[2023-04-06T07:53:46.377+0000][69][safepoint   ] Safepoint "Cleanup", Time since last: 2000954424 ns, Reaching safepoint: 194758 ns, At safepoint: 12349 ns, Total: 207107 ns
[2023-04-06T07:53:47.379+0000][69][safepoint   ] Safepoint "Cleanup", Time since last: 1002044319 ns, Reaching safepoint: 187109 ns, At safepoint: 5283 ns, Total: 192392 ns
[2023-04-06T07:53:48.380+0000][69][safepoint   ] Safepoint "Cleanup", Time since last: 1000995033 ns, Reaching safepoint: 123115 ns, At safepoint: 4129 ns, Total: 127244 ns
[2023-04-06T07:53:49.381+0000][69][safepoint   ] Safepoint "Cleanup", Time since last: 1000846726 ns, Reaching safepoint: 141861 ns, At safepoint: 8415 ns, Total: 150276 ns
[2023-04-06T07:53:50.385+0000][69][safepoint   ] Safepoint "Cleanup", Time since last: 1002906446 ns, Reaching safepoint: 157568 ns, At safepoint: 9622 ns, Total: 167190 ns
[2023-04-06T07:53:55.388+0000][69][safepoint   ] Safepoint "Cleanup", Time since last: 5003331729 ns, Reaching safepoint: 66479 ns, At safepoint: 3027 ns, Total: 69506 ns
[2023-04-06T07:53:56.389+0000][69][safepoint   ] Safepoint "Cleanup", Time since last: 1001079217 ns, Reaching safepoint: 86088 ns, At safepoint: 5558 ns, Total: 91646 ns
[2023-04-06T07:53:57.391+0000][69][safepoint   ] Safepoint "Cleanup", Time since last: 1001520913 ns, Reaching safepoint: 138726 ns, At safepoint: 6701 ns, Total: 145427 ns
[2023-04-06T07:53:59.394+0000][69][safepoint   ] Safepoint "Cleanup", Time since last: 2003053604 ns, Reaching safepoint: 115844 ns, At safepoint: 4245 ns, Total: 120089 ns
[2023-04-06T07:54:01.398+0000][69][safepoint   ] Safepoint "Cleanup", Time since last: 2003776674 ns, Reaching safepoint: 111233 ns, At safepoint: 9256 ns, Total: 120489 ns
[2023-04-06T07:54:02.399+0000][69][safepoint   ] Safepoint "Cleanup", Time since last: 1001236324 ns, Reaching safepoint: 161608 ns, At safepoint: 6016 ns, Total: 167624 ns
[2023-04-06T07:54:03.381+0000][69][safepoint   ] Safepoint "Cleanup", Time since last: 1002330682 ns, Reaching safepoint: 471229 ns, At safepoint: 59278 ns, Total: 530507 ns
[2023-04-06T07:54:04.385+0000][69][safepoint   ] Safepoint "Cleanup", Time since last: 1003698853 ns, Reaching safepoint: 90587 ns, At safepoint: 3234 ns, Total: 93821 ns
[2023-04-06T07:54:07.438+0000][69][gc,start    ] GC(68) Pause Young (Normal) (G1 Evacuation Pause)
[2023-04-06T07:54:07.440+0000][69][gc,task     ] GC(68) Using 4 workers of 4 for evacuation
[2023-04-06T07:54:07.440+0000][69][gc,age      ] GC(68) Desired survivor size 6291456 bytes, new threshold 15 (max threshold 15)
[2023-04-06T07:54:07.445+0000][69][gc,phases   ] GC(68)   Pre Evacuate Collection Set: 0.1ms
[2023-04-06T07:54:07.446+0000][69][gc,phases   ] GC(68)   Merge Heap Roots: 0.1ms
[2023-04-06T07:54:07.447+0000][69][gc,phases   ] GC(68)   Evacuate Collection Set: 2.5ms
[2023-04-06T07:54:07.448+0000][69][gc,phases   ] GC(68)   Post Evacuate Collection Set: 1.1ms
[2023-04-06T07:54:07.450+0000][69][gc,phases   ] GC(68)   Other: 1.6ms
[2023-04-06T07:54:07.450+0000][69][gc,age      ] GC(68) Age table with threshold 15 (max threshold 15)
[2023-04-06T07:54:07.451+0000][69][gc,age      ] GC(68) - age   1:    1109368 bytes,    1109368 total
[2023-04-06T07:54:07.452+0000][69][gc,age      ] GC(68) - age   2:     116968 bytes,    1226336 total
[2023-04-06T07:54:07.452+0000][69][gc,age      ] GC(68) - age   3:       2840 bytes,    1229176 total
[2023-04-06T07:54:07.453+0000][69][gc,age      ] GC(68) - age   4:       2376 bytes,    1231552 total
[2023-04-06T07:54:07.454+0000][69][gc,age      ] GC(68) - age   5:        880 bytes,    1232432 total
[2023-04-06T07:54:07.455+0000][69][gc,heap     ] GC(68) Eden regions: 23->0(23)
[2023-04-06T07:54:07.455+0000][69][gc,heap     ] GC(68) Survivor regions: 1->1(3)
[2023-04-06T07:54:07.456+0000][69][gc,heap     ] GC(68) Old regions: 24->24
[2023-04-06T07:54:07.458+0000][69][gc,heap     ] GC(68) Archive regions: 2->2
[2023-04-06T07:54:07.458+0000][69][gc,heap     ] GC(68) Humongous regions: 2->2
[2023-04-06T07:54:07.459+0000][69][gc,metaspace] GC(68) Metaspace: 136045K(140352K)->136045K(140352K) NonClass: 118615K(120640K)->118615K(120640K) Class: 17429K(19712K)->17429K(19712K)
[2023-04-06T07:54:07.460+0000][69][gc          ] GC(68) Pause Young (Normal) (G1 Evacuation Pause) 199M->108M(256M) 21.337ms
[2023-04-06T07:54:07.461+0000][69][gc,cpu      ] GC(68) User=0.01s Sys=0.01s Real=0.03s
[2023-04-06T07:54:07.461+0000][69][safepoint   ] Safepoint "G1CollectForAllocation", Time since last: 3053586606 ns, Reaching safepoint: 58814 ns, At safepoint: 22928531 ns, Total: 22987345 ns
[2023-04-06T07:54:08.462+0000][69][safepoint   ] Safepoint "Cleanup", Time since last: 1000914049 ns, Reaching safepoint: 216124 ns, At safepoint: 16857 ns, Total: 232981 ns
[2023-04-06T07:54:09.464+0000][69][safepoint   ] Safepoint "Cleanup", Time since last: 1001840850 ns, Reaching safepoint: 102031 ns, At safepoint: 3204 ns, Total: 105235 ns
[2023-04-06T07:54:10.466+0000][69][safepoint   ] Safepoint "Cleanup", Time since last: 1001548210 ns, Reaching safepoint: 432044 ns, At safepoint: 60931 ns, Total: 492975 ns
[2023-04-06T07:54:15.471+0000][69][safepoint   ] Safepoint "Cleanup", Time since last: 5004068659 ns, Reaching safepoint: 123086 ns, At safepoint: 3245 ns, Total: 126331 ns
[2023-04-06T07:54:16.473+0000][69][safepoint   ] Safepoint "Cleanup", Time since last: 1001964935 ns, Reaching safepoint: 781631 ns, At safepoint: 176796 ns, Total: 958427 ns
[2023-04-06T07:54:18.478+0000][69][safepoint   ] Safepoint "Cleanup", Time since last: 2004263721 ns, Reaching safepoint: 215814 ns, At safepoint: 4802 ns, Total: 220616 ns
[2023-04-06T07:54:19.479+0000][69][safepoint   ] Safepoint "Cleanup", Time since last: 1001234320 ns, Reaching safepoint: 215045 ns, At safepoint: 28146 ns, Total: 243191 ns
[2023-04-06T07:54:20.480+0000][69][safepoint   ] Safepoint "Cleanup", Time since last: 1000845480 ns, Reaching safepoint: 91753 ns, At safepoint: 6408 ns, Total: 98161 ns
[2023-04-06T07:54:21.482+0000][69][safepoint   ] Safepoint "Cleanup", Time since last: 1001196255 ns, Reaching safepoint: 162532 ns, At safepoint: 4581 ns, Total: 167113 ns
[2023-04-06T07:54:25.485+0000][69][safepoint   ] Safepoint "Cleanup", Time since last: 4003204740 ns, Reaching safepoint: 86490 ns, At safepoint: 7905 ns, Total: 94395 ns
[2023-04-06T07:54:26.486+0000][69][safepoint   ] Safepoint "Cleanup", Time since last: 1000862844 ns, Reaching safepoint: 195201 ns, At safepoint: 6185 ns, Total: 201386 ns
[2023-04-06T07:54:28.334+0000][69][safepoint   ] Safepoint "Cleanup", Time since last: 1847834100 ns, Reaching safepoint: 251551 ns, At safepoint: 29787 ns, Total: 281338 ns
[2023-04-06T07:54:29.336+0000][69][safepoint   ] Safepoint "Cleanup", Time since last: 1001788257 ns, Reaching safepoint: 113456 ns, At safepoint: 3028 ns, Total: 116484 ns
[2023-04-06T07:54:32.338+0000][69][safepoint   ] Safepoint "Cleanup", Time since last: 3001686338 ns, Reaching safepoint: 100051 ns, At safepoint: 2971 ns, Total: 103022 ns
[2023-04-06T07:54:34.311+0000][69][gc,start    ] GC(69) Pause Young (Normal) (G1 Evacuation Pause)
[2023-04-06T07:54:34.314+0000][69][gc,task     ] GC(69) Using 4 workers of 4 for evacuation
[2023-04-06T07:54:34.318+0000][69][gc,age      ] GC(69) Desired survivor size 6291456 bytes, new threshold 15 (max threshold 15)
[2023-04-06T07:54:34.326+0000][69][gc,phases   ] GC(69)   Pre Evacuate Collection Set: 0.2ms
[2023-04-06T07:54:34.327+0000][69][gc,phases   ] GC(69)   Merge Heap Roots: 0.1ms
[2023-04-06T07:54:34.328+0000][69][gc,phases   ] GC(69)   Evacuate Collection Set: 3.8ms
[2023-04-06T07:54:34.329+0000][69][gc,phases   ] GC(69)   Post Evacuate Collection Set: 1.3ms
[2023-04-06T07:54:34.330+0000][69][gc,phases   ] GC(69)   Other: 7.2ms
[2023-04-06T07:54:34.332+0000][69][gc,age      ] GC(69) Age table with threshold 15 (max threshold 15)
[2023-04-06T07:54:34.333+0000][69][gc,age      ] GC(69) - age   1:    1194968 bytes,    1194968 total
[2023-04-06T07:54:34.337+0000][69][gc,age      ] GC(69) - age   2:     250376 bytes,    1445344 total
[2023-04-06T07:54:34.338+0000][69][gc,age      ] GC(69) - age   3:        152 bytes,    1445496 total
[2023-04-06T07:54:34.339+0000][69][gc,age      ] GC(69) - age   4:       1336 bytes,    1446832 total
[2023-04-06T07:54:34.340+0000][69][gc,age      ] GC(69) - age   5:       2312 bytes,    1449144 total
[2023-04-06T07:54:34.341+0000][69][gc,age      ] GC(69) - age   6:        816 bytes,    1449960 total
[2023-04-06T07:54:34.343+0000][69][gc,heap     ] GC(69) Eden regions: 23->0(23)
[2023-04-06T07:54:34.344+0000][69][gc,heap     ] GC(69) Survivor regions: 1->1(3)
[2023-04-06T07:54:34.345+0000][69][gc,heap     ] GC(69) Old regions: 24->24
[2023-04-06T07:54:34.347+0000][69][gc,heap     ] GC(69) Archive regions: 2->2
[2023-04-06T07:54:34.348+0000][69][gc,heap     ] GC(69) Humongous regions: 2->2
[2023-04-06T07:54:34.349+0000][69][gc,metaspace] GC(69) Metaspace: 136152K(140416K)->136152K(140416K) NonClass: 118722K(120704K)->118722K(120704K) Class: 17429K(19712K)->17429K(19712K)
[2023-04-06T07:54:34.351+0000][69][gc          ] GC(69) Pause Young (Normal) (G1 Evacuation Pause) 200M->108M(256M) 39.931ms
[2023-04-06T07:54:34.352+0000][69][gc,cpu      ] GC(69) User=0.02s Sys=0.01s Real=0.04s
[2023-04-06T07:54:34.354+0000][69][safepoint   ] Safepoint "G1CollectForAllocation", Time since last: 1994903785 ns, Reaching safepoint: 114351 ns, At safepoint: 42996176 ns, Total: 43110527 ns
[2023-04-06T07:54:37.357+0000][69][safepoint   ] Safepoint "Cleanup", Time since last: 3002365038 ns, Reaching safepoint: 121780 ns, At safepoint: 11826 ns, Total: 133606 ns
[2023-04-06T07:54:38.358+0000][69][safepoint   ] Safepoint "Cleanup", Time since last: 1000720724 ns, Reaching safepoint: 304355 ns, At safepoint: 11383 ns, Total: 315738 ns
[2023-04-06T07:54:39.360+0000][69][safepoint   ] Safepoint "Cleanup", Time since last: 1001700401 ns, Reaching safepoint: 102380 ns, At safepoint: 4406 ns, Total: 106786 ns
[2023-04-06T07:54:40.361+0000][69][safepoint   ] Safepoint "Cleanup", Time since last: 1001751777 ns, Reaching safepoint: 123465 ns, At safepoint: 12777 ns, Total: 136242 ns
[2023-04-06T07:54:43.364+0000][69][safepoint   ] Safepoint "Cleanup", Time since last: 3002153503 ns, Reaching safepoint: 168313 ns, At safepoint: 31525 ns, Total: 199838 ns
[2023-04-06T07:54:44.365+0000][69][safepoint   ] Safepoint "Cleanup", Time since last: 1001614611 ns, Reaching safepoint: 116074 ns, At safepoint: 3635 ns, Total: 119709 ns
[2023-04-06T07:54:45.367+0000][69][safepoint   ] Safepoint "Cleanup", Time since last: 1001104455 ns, Reaching safepoint: 807675 ns, At safepoint: 53405 ns, Total: 861080 ns
[2023-04-06T07:54:47.369+0000][69][safepoint   ] Safepoint "Cleanup", Time since last: 2001689501 ns, Reaching safepoint: 217614 ns, At safepoint: 4376 ns, Total: 221990 ns
[2023-04-06T07:54:49.372+0000][69][safepoint   ] Safepoint "Cleanup", Time since last: 2002033081 ns, Reaching safepoint: 364771 ns, At safepoint: 63304 ns, Total: 428075 ns
[2023-04-06T07:54:50.373+0000][69][safepoint   ] Safepoint "Cleanup", Time since last: 1001301762 ns, Reaching safepoint: 99810 ns, At safepoint: 3044 ns, Total: 102854 ns
[2023-04-06T07:54:51.375+0000][69][safepoint   ] Safepoint "Cleanup", Time since last: 1001132917 ns, Reaching safepoint: 321579 ns, At safepoint: 32813 ns, Total: 354392 ns
[2023-04-06T07:54:56.378+0000][69][safepoint   ] Safepoint "Cleanup", Time since last: 5003066135 ns, Reaching safepoint: 117875 ns, At safepoint: 3686 ns, Total: 121561 ns
[2023-04-06T07:55:02.382+0000][69][safepoint   ] Safepoint "Cleanup", Time since last: 6003692267 ns, Reaching safepoint: 182590 ns, At safepoint: 4540 ns, Total: 187130 ns
[2023-04-06T07:55:03.362+0000][69][safepoint   ] Safepoint "Cleanup", Time since last: 1001372006 ns, Reaching safepoint: 133697 ns, At safepoint: 3687 ns, Total: 137384 ns
[2023-04-06T07:55:06.364+0000][69][safepoint   ] Safepoint "Cleanup", Time since last: 3001820575 ns, Reaching safepoint: 337671 ns, At safepoint: 26100 ns, Total: 363771 ns
[2023-04-06T07:55:07.292+0000][69][gc,start    ] GC(70) Pause Young (Concurrent Start) (G1 Evacuation Pause)
[2023-04-06T07:55:07.293+0000][69][gc,task     ] GC(70) Using 4 workers of 4 for evacuation
[2023-04-06T07:55:07.294+0000][69][gc,age      ] GC(70) Desired survivor size 6291456 bytes, new threshold 15 (max threshold 15)
[2023-04-06T07:55:07.300+0000][69][gc,phases   ] GC(70)   Pre Evacuate Collection Set: 0.5ms
[2023-04-06T07:55:07.300+0000][69][gc,phases   ] GC(70)   Merge Heap Roots: 0.2ms
[2023-04-06T07:55:07.301+0000][69][gc,phases   ] GC(70)   Evacuate Collection Set: 3.9ms
[2023-04-06T07:55:07.302+0000][69][gc,phases   ] GC(70)   Post Evacuate Collection Set: 0.7ms
[2023-04-06T07:55:07.302+0000][69][gc,phases   ] GC(70)   Other: 1.1ms
[2023-04-06T07:55:07.303+0000][69][gc,age      ] GC(70) Age table with threshold 15 (max threshold 15)
[2023-04-06T07:55:07.304+0000][69][gc,age      ] GC(70) - age   1:    1096888 bytes,    1096888 total
[2023-04-06T07:55:07.304+0000][69][gc,age      ] GC(70) - age   2:     445936 bytes,    1542824 total
[2023-04-06T07:55:07.305+0000][69][gc,age      ] GC(70) - age   3:     126544 bytes,    1669368 total
[2023-04-06T07:55:07.306+0000][69][gc,age      ] GC(70) - age   4:        152 bytes,    1669520 total
[2023-04-06T07:55:07.307+0000][69][gc,age      ] GC(70) - age   5:       1336 bytes,    1670856 total
[2023-04-06T07:55:07.309+0000][69][gc,age      ] GC(70) - age   6:       2248 bytes,    1673104 total
[2023-04-06T07:55:07.309+0000][69][gc,age      ] GC(70) - age   7:        816 bytes,    1673920 total
[2023-04-06T07:55:07.310+0000][69][gc,heap     ] GC(70) Eden regions: 23->0(24)
[2023-04-06T07:55:07.310+0000][69][gc,heap     ] GC(70) Survivor regions: 1->1(3)
[2023-04-06T07:55:07.311+0000][69][gc,heap     ] GC(70) Old regions: 24->24
[2023-04-06T07:55:07.311+0000][69][gc,heap     ] GC(70) Archive regions: 2->2
[2023-04-06T07:55:07.312+0000][69][gc,heap     ] GC(70) Humongous regions: 2->2
[2023-04-06T07:55:07.313+0000][69][gc,metaspace] GC(70) Metaspace: 136207K(140416K)->136207K(140416K) NonClass: 118778K(120704K)->118778K(120704K) Class: 17429K(19712K)->17429K(19712K)
[2023-04-06T07:55:07.313+0000][69][gc          ] GC(70) Pause Young (Concurrent Start) (G1 Evacuation Pause) 200M->108M(256M) 20.667ms
[2023-04-06T07:55:07.314+0000][69][gc,cpu      ] GC(70) User=0.02s Sys=0.00s Real=0.02s
[2023-04-06T07:55:07.314+0000][69][gc          ] GC(71) Concurrent Mark Cycle
[2023-04-06T07:55:07.315+0000][69][safepoint   ] Safepoint "G1CollectForAllocation", Time since last: 928015007 ns, Reaching safepoint: 159847 ns, At safepoint: 22105229 ns, Total: 22265076 ns
[2023-04-06T07:55:07.315+0000][69][gc,marking  ] GC(71) Concurrent Clear Claimed Marks
[2023-04-06T07:55:07.317+0000][69][gc,marking  ] GC(71) Concurrent Clear Claimed Marks 1.502ms
[2023-04-06T07:55:07.318+0000][69][gc,marking  ] GC(71) Concurrent Scan Root Regions
[2023-04-06T07:55:07.321+0000][69][gc,marking  ] GC(71) Concurrent Scan Root Regions 2.902ms
[2023-04-06T07:55:07.321+0000][69][gc,marking  ] GC(71) Concurrent Mark
[2023-04-06T07:55:07.322+0000][69][gc,marking  ] GC(71) Concurrent Mark From Roots
[2023-04-06T07:55:07.323+0000][69][gc,task     ] GC(71) Using 1 workers of 1 for marking
[2023-04-06T07:55:07.517+0000][69][gc,marking  ] GC(71) Concurrent Mark From Roots 194.787ms
[2023-04-06T07:55:07.518+0000][69][gc,marking  ] GC(71) Concurrent Preclean
[2023-04-06T07:55:07.519+0000][69][gc,marking  ] GC(71) Concurrent Preclean 1.155ms
[2023-04-06T07:55:07.520+0000][69][gc,start    ] GC(71) Pause Remark
[2023-04-06T07:55:07.534+0000][69][gc          ] GC(71) Pause Remark 113M->113M(256M) 13.662ms
[2023-04-06T07:55:07.535+0000][69][gc,cpu      ] GC(71) User=0.03s Sys=0.00s Real=0.01s
[2023-04-06T07:55:07.535+0000][69][safepoint   ] Safepoint "G1PauseRemark", Time since last: 205536977 ns, Reaching safepoint: 88563 ns, At safepoint: 15197162 ns, Total: 15285725 ns
[2023-04-06T07:55:07.536+0000][69][gc,marking  ] GC(71) Concurrent Mark 215.042ms
[2023-04-06T07:55:07.538+0000][69][gc,marking  ] GC(71) Concurrent Rebuild Remembered Sets
[2023-04-06T07:55:07.680+0000][69][gc,marking  ] GC(71) Concurrent Rebuild Remembered Sets 141.598ms
[2023-04-06T07:55:07.681+0000][69][gc,start    ] GC(71) Pause Cleanup
[2023-04-06T07:55:07.682+0000][69][gc          ] GC(71) Pause Cleanup 118M->118M(256M) 0.682ms
[2023-04-06T07:55:07.683+0000][69][gc,cpu      ] GC(71) User=0.00s Sys=0.00s Real=0.00s
[2023-04-06T07:55:07.683+0000][69][safepoint   ] Safepoint "G1PauseCleanup", Time since last: 145751334 ns, Reaching safepoint: 94748 ns, At safepoint: 1980196 ns, Total: 2074944 ns
[2023-04-06T07:55:07.684+0000][69][gc,marking  ] GC(71) Concurrent Cleanup for Next Mark
[2023-04-06T07:55:07.685+0000][69][gc,marking  ] GC(71) Concurrent Cleanup for Next Mark 1.127ms
[2023-04-06T07:55:07.686+0000][69][gc          ] GC(71) Concurrent Mark Cycle 372.415ms
[2023-04-06T07:55:08.685+0000][69][safepoint   ] Safepoint "Cleanup", Time since last: 1001967893 ns, Reaching safepoint: 106124 ns, At safepoint: 3508 ns, Total: 109632 ns
[2023-04-06T07:55:09.687+0000][69][safepoint   ] Safepoint "Cleanup", Time since last: 1001974162 ns, Reaching safepoint: 104717 ns, At safepoint: 4065 ns, Total: 108782 ns
[2023-04-06T07:55:10.689+0000][69][safepoint   ] Safepoint "Cleanup", Time since last: 1001768161 ns, Reaching safepoint: 245274 ns, At safepoint: 15291 ns, Total: 260565 ns
[2023-04-06T07:55:13.692+0000][69][safepoint   ] Safepoint "Cleanup", Time since last: 3001854143 ns, Reaching safepoint: 285639 ns, At safepoint: 9762 ns, Total: 295401 ns
[2023-04-06T07:55:16.695+0000][69][safepoint   ] Safepoint "Cleanup", Time since last: 3002929080 ns, Reaching safepoint: 116417 ns, At safepoint: 3199 ns, Total: 119616 ns
[2023-04-06T07:55:17.696+0000][69][safepoint   ] Safepoint "Cleanup", Time since last: 1001382665 ns, Reaching safepoint: 157205 ns, At safepoint: 4786 ns, Total: 161991 ns
[2023-04-06T07:55:20.699+0000][69][safepoint   ] Safepoint "Cleanup", Time since last: 3002824440 ns, Reaching safepoint: 143899 ns, At safepoint: 4500 ns, Total: 148399 ns
[2023-04-06T07:55:33.688+0000][69][safepoint   ] Safepoint "Cleanup", Time since last: 13010870061 ns, Reaching safepoint: 159059 ns, At safepoint: 3687 ns, Total: 162746 ns
[2023-04-06T07:55:34.691+0000][69][safepoint   ] Safepoint "Cleanup", Time since last: 1002001039 ns, Reaching safepoint: 181448 ns, At safepoint: 5002 ns, Total: 186450 ns
[2023-04-06T07:55:36.694+0000][69][safepoint   ] Safepoint "Cleanup", Time since last: 2002974527 ns, Reaching safepoint: 133969 ns, At safepoint: 11284 ns, Total: 145253 ns
[2023-04-06T07:55:37.279+0000][69][gc,start    ] GC(72) Pause Young (Prepare Mixed) (G1 Evacuation Pause)
[2023-04-06T07:55:37.280+0000][69][gc,task     ] GC(72) Using 4 workers of 4 for evacuation
[2023-04-06T07:55:37.280+0000][69][gc,age      ] GC(72) Desired survivor size 8388608 bytes, new threshold 15 (max threshold 15)
[2023-04-06T07:55:37.286+0000][69][gc,phases   ] GC(72)   Pre Evacuate Collection Set: 0.2ms
[2023-04-06T07:55:37.286+0000][69][gc,phases   ] GC(72)   Merge Heap Roots: 0.1ms
[2023-04-06T07:55:37.287+0000][69][gc,phases   ] GC(72)   Evacuate Collection Set: 2.8ms
[2023-04-06T07:55:37.288+0000][69][gc,phases   ] GC(72)   Post Evacuate Collection Set: 1.0ms
[2023-04-06T07:55:37.288+0000][69][gc,phases   ] GC(72)   Other: 1.7ms
[2023-04-06T07:55:37.289+0000][69][gc,age      ] GC(72) Age table with threshold 15 (max threshold 15)
[2023-04-06T07:55:37.289+0000][69][gc,age      ] GC(72) - age   1:    1375320 bytes,    1375320 total
[2023-04-06T07:55:37.289+0000][69][gc,age      ] GC(72) - age   2:     185240 bytes,    1560560 total
[2023-04-06T07:55:37.290+0000][69][gc,age      ] GC(72) - age   3:     297744 bytes,    1858304 total
[2023-04-06T07:55:37.291+0000][69][gc,age      ] GC(72) - age   4:     126304 bytes,    1984608 total
[2023-04-06T07:55:37.291+0000][69][gc,age      ] GC(72) - age   5:        152 bytes,    1984760 total
[2023-04-06T07:55:37.292+0000][69][gc,age      ] GC(72) - age   6:       1336 bytes,    1986096 total
[2023-04-06T07:55:37.293+0000][69][gc,age      ] GC(72) - age   7:       1952 bytes,    1988048 total
[2023-04-06T07:55:37.293+0000][69][gc,age      ] GC(72) - age   8:        816 bytes,    1988864 total
[2023-04-06T07:55:37.294+0000][69][gc,heap     ] GC(72) Eden regions: 24->0(2)
[2023-04-06T07:55:37.294+0000][69][gc,heap     ] GC(72) Survivor regions: 1->1(4)
[2023-04-06T07:55:37.295+0000][69][gc,heap     ] GC(72) Old regions: 24->24
[2023-04-06T07:55:37.295+0000][69][gc,heap     ] GC(72) Archive regions: 2->2
[2023-04-06T07:55:37.296+0000][69][gc,heap     ] GC(72) Humongous regions: 2->2
[2023-04-06T07:55:37.296+0000][69][gc,metaspace] GC(72) Metaspace: 136272K(140416K)->136272K(140416K) NonClass: 118841K(120704K)->118841K(120704K) Class: 17430K(19712K)->17430K(19712K)
[2023-04-06T07:55:37.297+0000][69][gc          ] GC(72) Pause Young (Prepare Mixed) (G1 Evacuation Pause) 204M->109M(256M) 18.297ms
[2023-04-06T07:55:37.297+0000][69][gc,cpu      ] GC(72) User=0.01s Sys=0.00s Real=0.02s
[2023-04-06T07:55:37.298+0000][69][safepoint   ] Safepoint "G1CollectForAllocation", Time since last: 584666517 ns, Reaching safepoint: 177167 ns, At safepoint: 19714705 ns, Total: 19891872 ns
[2023-04-06T07:55:37.608+0000][69][gc,start    ] GC(73) Pause Young (Mixed) (G1 Evacuation Pause)
[2023-04-06T07:55:37.609+0000][69][gc,task     ] GC(73) Using 4 workers of 4 for evacuation
[2023-04-06T07:55:37.609+0000][69][gc,age      ] GC(73) Desired survivor size 2097152 bytes, new threshold 15 (max threshold 15)
[2023-04-06T07:55:37.620+0000][69][gc,phases   ] GC(73)   Pre Evacuate Collection Set: 0.1ms
[2023-04-06T07:55:37.621+0000][69][gc,phases   ] GC(73)   Merge Heap Roots: 0.2ms
[2023-04-06T07:55:37.622+0000][69][gc,phases   ] GC(73)   Evacuate Collection Set: 8.8ms
[2023-04-06T07:55:37.623+0000][69][gc,phases   ] GC(73)   Post Evacuate Collection Set: 1.2ms
[2023-04-06T07:55:37.623+0000][69][gc,phases   ] GC(73)   Other: 1.2ms
[2023-04-06T07:55:37.624+0000][69][gc,age      ] GC(73) Age table with threshold 15 (max threshold 15)
[2023-04-06T07:55:37.625+0000][69][gc,age      ] GC(73) - age   1:     817568 bytes,     817568 total
[2023-04-06T07:55:37.625+0000][69][gc,age      ] GC(73) - age   2:    1069920 bytes,    1887488 total
[2023-04-06T07:55:37.625+0000][69][gc,age      ] GC(73) - age   3:     185240 bytes,    2072728 total
[2023-04-06T07:55:37.626+0000][69][gc,age      ] GC(73) - age   4:     297744 bytes,    2370472 total
[2023-04-06T07:55:37.627+0000][69][gc,age      ] GC(73) - age   5:     126304 bytes,    2496776 total
[2023-04-06T07:55:37.627+0000][69][gc,age      ] GC(73) - age   6:        152 bytes,    2496928 total
[2023-04-06T07:55:37.628+0000][69][gc,age      ] GC(73) - age   7:       1336 bytes,    2498264 total
[2023-04-06T07:55:37.628+0000][69][gc,age      ] GC(73) - age   8:       1952 bytes,    2500216 total
[2023-04-06T07:55:37.629+0000][69][gc,age      ] GC(73) - age   9:        816 bytes,    2501032 total
[2023-04-06T07:55:37.630+0000][69][gc,heap     ] GC(73) Eden regions: 2->0(23)
[2023-04-06T07:55:37.630+0000][69][gc,heap     ] GC(73) Survivor regions: 1->1(1)
[2023-04-06T07:55:37.631+0000][69][gc,heap     ] GC(73) Old regions: 24->24
[2023-04-06T07:55:37.631+0000][69][gc,heap     ] GC(73) Archive regions: 2->2
[2023-04-06T07:55:37.632+0000][69][gc,heap     ] GC(73) Humongous regions: 2->2
[2023-04-06T07:55:37.632+0000][69][gc,metaspace] GC(73) Metaspace: 136272K(140416K)->136272K(140416K) NonClass: 118841K(120704K)->118841K(120704K) Class: 17430K(19712K)->17430K(19712K)
[2023-04-06T07:55:37.633+0000][69][gc          ] GC(73) Pause Young (Mixed) (G1 Evacuation Pause) 117M->109M(256M) 24.981ms
[2023-04-06T07:55:37.634+0000][69][gc,cpu      ] GC(73) User=0.02s Sys=0.00s Real=0.02s
[2023-04-06T07:55:37.634+0000][69][safepoint   ] Safepoint "G1CollectForAllocation", Time since last: 309652364 ns, Reaching safepoint: 67474 ns, At safepoint: 26252173 ns, Total: 26319647 ns
[2023-04-06T07:55:38.635+0000][69][safepoint   ] Safepoint "Cleanup", Time since last: 1001151269 ns, Reaching safepoint: 103767 ns, At safepoint: 3373 ns, Total: 107140 ns
[2023-04-06T07:55:43.641+0000][69][safepoint   ] Safepoint "Cleanup", Time since last: 5005376384 ns, Reaching safepoint: 199768 ns, At safepoint: 4110 ns, Total: 203878 ns
[2023-04-06T07:55:44.643+0000][69][safepoint   ] Safepoint "Cleanup", Time since last: 1001565091 ns, Reaching safepoint: 156628 ns, At safepoint: 4538 ns, Total: 161166 ns
[2023-04-06T07:55:49.645+0000][69][safepoint   ] Safepoint "Cleanup", Time since last: 5002412177 ns, Reaching safepoint: 153563 ns, At safepoint: 3912 ns, Total: 157475 ns
[2023-04-06T07:55:50.646+0000][69][safepoint   ] Safepoint "Cleanup", Time since last: 1000837504 ns, Reaching safepoint: 268100 ns, At safepoint: 39977 ns, Total: 308077 ns
[2023-04-06T07:55:52.650+0000][69][safepoint   ] Safepoint "Cleanup", Time since last: 2003562348 ns, Reaching safepoint: 190479 ns, At safepoint: 5040 ns, Total: 195519 ns
[2023-04-06T07:55:56.656+0000][69][safepoint   ] Safepoint "Cleanup", Time since last: 4005236934 ns, Reaching safepoint: 149390 ns, At safepoint: 3956 ns, Total: 153346 ns
[2023-04-06T07:55:57.657+0000][69][safepoint   ] Safepoint "Cleanup", Time since last: 1001216772 ns, Reaching safepoint: 176203 ns, At safepoint: 5336 ns, Total: 181539 ns
[2023-04-06T07:56:01.661+0000][69][safepoint   ] Safepoint "Cleanup", Time since last: 4003481755 ns, Reaching safepoint: 99600 ns, At safepoint: 8215 ns, Total: 107815 ns
[2023-04-06T07:56:01.702+0000][69][gc,start    ] GC(74) Pause Young (Normal) (G1 Evacuation Pause)
[2023-04-06T07:56:01.703+0000][69][gc,task     ] GC(74) Using 4 workers of 4 for evacuation
[2023-04-06T07:56:01.703+0000][69][gc,age      ] GC(74) Desired survivor size 6291456 bytes, new threshold 15 (max threshold 15)
[2023-04-06T07:56:01.708+0000][69][gc,phases   ] GC(74)   Pre Evacuate Collection Set: 0.3ms
[2023-04-06T07:56:01.708+0000][69][gc,phases   ] GC(74)   Merge Heap Roots: 0.1ms
[2023-04-06T07:56:01.709+0000][69][gc,phases   ] GC(74)   Evacuate Collection Set: 2.2ms
[2023-04-06T07:56:01.709+0000][69][gc,phases   ] GC(74)   Post Evacuate Collection Set: 0.8ms
[2023-04-06T07:56:01.710+0000][69][gc,phases   ] GC(74)   Other: 1.4ms
[2023-04-06T07:56:01.711+0000][69][gc,age      ] GC(74) Age table with threshold 15 (max threshold 15)
[2023-04-06T07:56:01.712+0000][69][gc,age      ] GC(74) - age   1:     823944 bytes,     823944 total
[2023-04-06T07:56:01.712+0000][69][gc,age      ] GC(74) - age   2:       1080 bytes,     825024 total
[2023-04-06T07:56:01.713+0000][69][gc,age      ] GC(74) - age   3:      27600 bytes,     852624 total
[2023-04-06T07:56:01.713+0000][69][gc,age      ] GC(74) - age   4:      36640 bytes,     889264 total
[2023-04-06T07:56:01.714+0000][69][gc,age      ] GC(74) - age   5:     297488 bytes,    1186752 total
[2023-04-06T07:56:01.714+0000][69][gc,age      ] GC(74) - age   6:     126000 bytes,    1312752 total
[2023-04-06T07:56:01.715+0000][69][gc,age      ] GC(74) - age   7:        152 bytes,    1312904 total
[2023-04-06T07:56:01.715+0000][69][gc,age      ] GC(74) - age   8:       1336 bytes,    1314240 total
[2023-04-06T07:56:01.716+0000][69][gc,age      ] GC(74) - age   9:       1952 bytes,    1316192 total
[2023-04-06T07:56:01.717+0000][69][gc,age      ] GC(74) - age  10:        816 bytes,    1317008 total
[2023-04-06T07:56:01.717+0000][69][gc,heap     ] GC(74) Eden regions: 23->0(24)
[2023-04-06T07:56:01.718+0000][69][gc,heap     ] GC(74) Survivor regions: 1->1(3)
[2023-04-06T07:56:01.718+0000][69][gc,heap     ] GC(74) Old regions: 24->24
[2023-04-06T07:56:01.719+0000][69][gc,heap     ] GC(74) Archive regions: 2->2
[2023-04-06T07:56:01.719+0000][69][gc,heap     ] GC(74) Humongous regions: 2->2
[2023-04-06T07:56:01.720+0000][69][gc,metaspace] GC(74) Metaspace: 136283K(140416K)->136283K(140416K) NonClass: 118852K(120704K)->118852K(120704K) Class: 17430K(19712K)->17430K(19712K)
[2023-04-06T07:56:01.720+0000][69][gc          ] GC(74) Pause Young (Normal) (G1 Evacuation Pause) 201M->107M(256M) 18.821ms
[2023-04-06T07:56:01.721+0000][69][gc,cpu      ] GC(74) User=0.01s Sys=0.00s Real=0.02s
[2023-04-06T07:56:01.723+0000][69][safepoint   ] Safepoint "G1CollectForAllocation", Time since last: 40961855 ns, Reaching safepoint: 75897 ns, At safepoint: 21213165 ns, Total: 21289062 ns
[2023-04-06T07:56:02.724+0000][69][safepoint   ] Safepoint "Cleanup", Time since last: 1000827907 ns, Reaching safepoint: 111913 ns, At safepoint: 3493 ns, Total: 115406 ns
[2023-04-06T07:56:04.706+0000][69][safepoint   ] Safepoint "Cleanup", Time since last: 2003136767 ns, Reaching safepoint: 123470 ns, At safepoint: 3458 ns, Total: 126928 ns
[2023-04-06T07:56:13.712+0000][69][safepoint   ] Safepoint "Cleanup", Time since last: 9005733949 ns, Reaching safepoint: 286960 ns, At safepoint: 9617 ns, Total: 296577 ns
[2023-04-06T07:56:16.715+0000][69][safepoint   ] Safepoint "Cleanup", Time since last: 3002698856 ns, Reaching safepoint: 292762 ns, At safepoint: 18577 ns, Total: 311339 ns
[2023-04-06T07:56:25.719+0000][69][safepoint   ] Safepoint "Cleanup", Time since last: 9004184485 ns, Reaching safepoint: 94085 ns, At safepoint: 2947 ns, Total: 97032 ns
[2023-04-06T07:56:26.721+0000][69][safepoint   ] Safepoint "Cleanup", Time since last: 1002201773 ns, Reaching safepoint: 137288 ns, At safepoint: 7213 ns, Total: 144501 ns
[2023-04-06T07:56:28.724+0000][69][safepoint   ] Safepoint "Cleanup", Time since last: 2002801035 ns, Reaching safepoint: 88407 ns, At safepoint: 3646 ns, Total: 92053 ns
[2023-04-06T07:56:31.728+0000][69][safepoint   ] Safepoint "Cleanup", Time since last: 3003087022 ns, Reaching safepoint: 168181 ns, At safepoint: 6784 ns, Total: 174965 ns
[2023-04-06T07:56:34.237+0000][69][gc,start    ] GC(75) Pause Young (Normal) (G1 Evacuation Pause)
[2023-04-06T07:56:34.238+0000][69][gc,task     ] GC(75) Using 4 workers of 4 for evacuation
[2023-04-06T07:56:34.239+0000][69][gc,age      ] GC(75) Desired survivor size 8388608 bytes, new threshold 15 (max threshold 15)
[2023-04-06T07:56:34.242+0000][69][gc,phases   ] GC(75)   Pre Evacuate Collection Set: 0.2ms
[2023-04-06T07:56:34.242+0000][69][gc,phases   ] GC(75)   Merge Heap Roots: 0.1ms
[2023-04-06T07:56:34.243+0000][69][gc,phases   ] GC(75)   Evacuate Collection Set: 1.4ms
[2023-04-06T07:56:34.243+0000][69][gc,phases   ] GC(75)   Post Evacuate Collection Set: 0.7ms
[2023-04-06T07:56:34.244+0000][69][gc,phases   ] GC(75)   Other: 1.2ms
[2023-04-06T07:56:34.244+0000][69][gc,age      ] GC(75) Age table with threshold 15 (max threshold 15)
[2023-04-06T07:56:34.245+0000][69][gc,age      ] GC(75) - age   1:     762656 bytes,     762656 total
[2023-04-06T07:56:34.246+0000][69][gc,age      ] GC(75) - age   2:     160504 bytes,     923160 total
[2023-04-06T07:56:34.246+0000][69][gc,age      ] GC(75) - age   4:      15456 bytes,     938616 total
[2023-04-06T07:56:34.246+0000][69][gc,age      ] GC(75) - age   5:      35576 bytes,     974192 total
[2023-04-06T07:56:34.247+0000][69][gc,age      ] GC(75) - age   6:     297232 bytes,    1271424 total
[2023-04-06T07:56:34.247+0000][69][gc,age      ] GC(75) - age   7:     125936 bytes,    1397360 total
[2023-04-06T07:56:34.248+0000][69][gc,age      ] GC(75) - age   8:        152 bytes,    1397512 total
[2023-04-06T07:56:34.249+0000][69][gc,age      ] GC(75) - age   9:       1336 bytes,    1398848 total
[2023-04-06T07:56:34.249+0000][69][gc,age      ] GC(75) - age  10:       1952 bytes,    1400800 total
[2023-04-06T07:56:34.249+0000][69][gc,age      ] GC(75) - age  11:        816 bytes,    1401616 total
[2023-04-06T07:56:34.250+0000][69][gc,heap     ] GC(75) Eden regions: 24->0(24)
[2023-04-06T07:56:34.250+0000][69][gc,heap     ] GC(75) Survivor regions: 1->1(4)
[2023-04-06T07:56:34.251+0000][69][gc,heap     ] GC(75) Old regions: 24->24
[2023-04-06T07:56:34.251+0000][69][gc,heap     ] GC(75) Archive regions: 2->2
[2023-04-06T07:56:34.252+0000][69][gc,heap     ] GC(75) Humongous regions: 2->2
[2023-04-06T07:56:34.252+0000][69][gc,metaspace] GC(75) Metaspace: 136341K(140480K)->136341K(140480K) NonClass: 118911K(120768K)->118911K(120768K) Class: 17430K(19712K)->17430K(19712K)
[2023-04-06T07:56:34.253+0000][69][gc          ] GC(75) Pause Young (Normal) (G1 Evacuation Pause) 203M->107M(256M) 15.467ms
[2023-04-06T07:56:34.254+0000][69][gc,cpu      ] GC(75) User=0.00s Sys=0.00s Real=0.02s
[2023-04-06T07:56:34.254+0000][69][safepoint   ] Safepoint "G1CollectForAllocation", Time since last: 2531423137 ns, Reaching safepoint: 162892 ns, At safepoint: 17179390 ns, Total: 17342282 ns
[2023-04-06T07:56:35.256+0000][69][safepoint   ] Safepoint "Cleanup", Time since last: 1001324822 ns, Reaching safepoint: 249732 ns, At safepoint: 52882 ns, Total: 302614 ns
[2023-04-06T07:56:37.258+0000][69][safepoint   ] Safepoint "Cleanup", Time since last: 2001875160 ns, Reaching safepoint: 239615 ns, At safepoint: 22633 ns, Total: 262248 ns
[2023-04-06T07:56:38.260+0000][69][safepoint   ] Safepoint "Cleanup", Time since last: 1001891404 ns, Reaching safepoint: 101977 ns, At safepoint: 5161 ns, Total: 107138 ns
[2023-04-06T07:56:39.262+0000][69][safepoint   ] Safepoint "Cleanup", Time since last: 1001291241 ns, Reaching safepoint: 218810 ns, At safepoint: 9714 ns, Total: 228524 ns
[2023-04-06T07:56:44.264+0000][69][safepoint   ] Safepoint "Cleanup", Time since last: 5001664552 ns, Reaching safepoint: 85499 ns, At safepoint: 3734 ns, Total: 89233 ns
[2023-04-06T07:56:45.265+0000][69][safepoint   ] Safepoint "Cleanup", Time since last: 1001079580 ns, Reaching safepoint: 53828 ns, At safepoint: 2731 ns, Total: 56559 ns
[2023-04-06T07:56:46.266+0000][69][safepoint   ] Safepoint "Cleanup", Time since last: 1001060168 ns, Reaching safepoint: 115880 ns, At safepoint: 4441 ns, Total: 120321 ns
[2023-04-06T07:56:49.269+0000][69][safepoint   ] Safepoint "Cleanup", Time since last: 3002795581 ns, Reaching safepoint: 90722 ns, At safepoint: 4900 ns, Total: 95622 ns
[2023-04-06T07:56:50.270+0000][69][safepoint   ] Safepoint "Cleanup", Time since last: 1001373268 ns, Reaching safepoint: 86232 ns, At safepoint: 3942 ns, Total: 90174 ns
[2023-04-06T07:56:51.273+0000][69][safepoint   ] Safepoint "Cleanup", Time since last: 1002663941 ns, Reaching safepoint: 171073 ns, At safepoint: 5975 ns, Total: 177048 ns
[2023-04-06T07:56:52.276+0000][69][safepoint   ] Safepoint "Cleanup", Time since last: 1002649837 ns, Reaching safepoint: 102403 ns, At safepoint: 3454 ns, Total: 105857 ns
[2023-04-06T07:56:56.278+0000][69][safepoint   ] Safepoint "Cleanup", Time since last: 4001824815 ns, Reaching safepoint: 174923 ns, At safepoint: 4306 ns, Total: 179229 ns
[2023-04-06T07:56:57.279+0000][69][safepoint   ] Safepoint "Cleanup", Time since last: 1000930290 ns, Reaching safepoint: 121052 ns, At safepoint: 2917 ns, Total: 123969 ns
[2023-04-06T07:57:01.282+0000][69][safepoint   ] Safepoint "Cleanup", Time since last: 4002612428 ns, Reaching safepoint: 128130 ns, At safepoint: 3536 ns, Total: 131666 ns
[2023-04-06T07:57:02.284+0000][69][safepoint   ] Safepoint "Cleanup", Time since last: 1001953181 ns, Reaching safepoint: 68910 ns, At safepoint: 3874 ns, Total: 72784 ns
[2023-04-06T07:57:03.264+0000][69][safepoint   ] Safepoint "Cleanup", Time since last: 1001722838 ns, Reaching safepoint: 61245 ns, At safepoint: 2947 ns, Total: 64192 ns
[2023-04-06T07:57:04.265+0000][69][safepoint   ] Safepoint "Cleanup", Time since last: 1000880624 ns, Reaching safepoint: 74919 ns, At safepoint: 3719 ns, Total: 78638 ns
[2023-04-06T07:57:07.266+0000][69][gc,start    ] GC(76) Pause Young (Concurrent Start) (G1 Evacuation Pause)
[2023-04-06T07:57:07.266+0000][69][gc,task     ] GC(76) Using 4 workers of 4 for evacuation
[2023-04-06T07:57:07.267+0000][69][gc,age      ] GC(76) Desired survivor size 8388608 bytes, new threshold 15 (max threshold 15)
[2023-04-06T07:57:07.272+0000][69][gc,phases   ] GC(76)   Pre Evacuate Collection Set: 0.3ms
[2023-04-06T07:57:07.273+0000][69][gc,phases   ] GC(76)   Merge Heap Roots: 0.0ms
[2023-04-06T07:57:07.273+0000][69][gc,phases   ] GC(76)   Evacuate Collection Set: 3.8ms
[2023-04-06T07:57:07.274+0000][69][gc,phases   ] GC(76)   Post Evacuate Collection Set: 0.9ms
[2023-04-06T07:57:07.274+0000][69][gc,phases   ] GC(76)   Other: 1.0ms
[2023-04-06T07:57:07.275+0000][69][gc,age      ] GC(76) Age table with threshold 15 (max threshold 15)
[2023-04-06T07:57:07.276+0000][69][gc,age      ] GC(76) - age   1:    1395680 bytes,    1395680 total
[2023-04-06T07:57:07.276+0000][69][gc,age      ] GC(76) - age   2:     161432 bytes,    1557112 total
[2023-04-06T07:57:07.277+0000][69][gc,age      ] GC(76) - age   3:       1928 bytes,    1559040 total
[2023-04-06T07:57:07.277+0000][69][gc,age      ] GC(76) - age   5:      15032 bytes,    1574072 total
[2023-04-06T07:57:07.278+0000][69][gc,age      ] GC(76) - age   6:      35576 bytes,    1609648 total
[2023-04-06T07:57:07.278+0000][69][gc,age      ] GC(76) - age   7:     297232 bytes,    1906880 total
[2023-04-06T07:57:07.279+0000][69][gc,age      ] GC(76) - age   8:     107112 bytes,    2013992 total
[2023-04-06T07:57:07.279+0000][69][gc,age      ] GC(76) - age   9:        152 bytes,    2014144 total
[2023-04-06T07:57:07.280+0000][69][gc,age      ] GC(76) - age  10:       1336 bytes,    2015480 total
[2023-04-06T07:57:07.280+0000][69][gc,age      ] GC(76) - age  11:       1952 bytes,    2017432 total
[2023-04-06T07:57:07.281+0000][69][gc,age      ] GC(76) - age  12:        816 bytes,    2018248 total
[2023-04-06T07:57:07.281+0000][69][gc,heap     ] GC(76) Eden regions: 24->0(24)
[2023-04-06T07:57:07.282+0000][69][gc,heap     ] GC(76) Survivor regions: 1->1(4)
[2023-04-06T07:57:07.282+0000][69][gc,heap     ] GC(76) Old regions: 24->24
[2023-04-06T07:57:07.283+0000][69][gc,heap     ] GC(76) Archive regions: 2->2
[2023-04-06T07:57:07.283+0000][69][gc,heap     ] GC(76) Humongous regions: 2->2
[2023-04-06T07:57:07.283+0000][69][gc,metaspace] GC(76) Metaspace: 136433K(140480K)->136433K(140480K) NonClass: 119002K(120768K)->119002K(120768K) Class: 17430K(19712K)->17430K(19712K)
[2023-04-06T07:57:07.284+0000][69][gc          ] GC(76) Pause Young (Concurrent Start) (G1 Evacuation Pause) 203M->108M(256M) 18.336ms
[2023-04-06T07:57:07.284+0000][69][gc          ] GC(77) Concurrent Mark Cycle
[2023-04-06T07:57:07.285+0000][69][gc,marking  ] GC(77) Concurrent Clear Claimed Marks
[2023-04-06T07:57:07.284+0000][69][gc,cpu      ] GC(76) User=0.01s Sys=0.00s Real=0.02s
[2023-04-06T07:57:07.286+0000][69][gc,marking  ] GC(77) Concurrent Clear Claimed Marks 1.040ms
[2023-04-06T07:57:07.287+0000][69][gc,marking  ] GC(77) Concurrent Scan Root Regions
[2023-04-06T07:57:07.286+0000][69][safepoint   ] Safepoint "G1CollectForAllocation", Time since last: 3000596404 ns, Reaching safepoint: 41795 ns, At safepoint: 20902924 ns, Total: 20944719 ns
[2023-04-06T07:57:07.290+0000][69][gc,marking  ] GC(77) Concurrent Scan Root Regions 2.700ms
[2023-04-06T07:57:07.291+0000][69][gc,marking  ] GC(77) Concurrent Mark
[2023-04-06T07:57:07.291+0000][69][gc,marking  ] GC(77) Concurrent Mark From Roots
[2023-04-06T07:57:07.292+0000][69][gc,task     ] GC(77) Using 1 workers of 1 for marking
[2023-04-06T07:57:07.487+0000][69][gc,marking  ] GC(77) Concurrent Mark From Roots 195.623ms
[2023-04-06T07:57:07.488+0000][69][gc,marking  ] GC(77) Concurrent Preclean
[2023-04-06T07:57:07.489+0000][69][gc,marking  ] GC(77) Concurrent Preclean 1.209ms
[2023-04-06T07:57:07.490+0000][69][gc,start    ] GC(77) Pause Remark
[2023-04-06T07:57:07.503+0000][69][gc          ] GC(77) Pause Remark 110M->110M(256M) 12.945ms
[2023-04-06T07:57:07.504+0000][69][gc,cpu      ] GC(77) User=0.03s Sys=0.00s Real=0.02s
[2023-04-06T07:57:07.505+0000][69][safepoint   ] Safepoint "G1PauseRemark", Time since last: 203906087 ns, Reaching safepoint: 95718 ns, At safepoint: 14407058 ns, Total: 14502776 ns
[2023-04-06T07:57:07.506+0000][69][gc,marking  ] GC(77) Concurrent Mark 215.159ms
[2023-04-06T07:57:07.506+0000][69][gc,marking  ] GC(77) Concurrent Rebuild Remembered Sets
[2023-04-06T07:57:07.574+0000][69][gc,marking  ] GC(77) Concurrent Rebuild Remembered Sets 67.474ms
[2023-04-06T07:57:07.575+0000][69][gc,start    ] GC(77) Pause Cleanup
[2023-04-06T07:57:07.576+0000][69][gc          ] GC(77) Pause Cleanup 111M->111M(256M) 0.707ms
[2023-04-06T07:57:07.576+0000][69][gc,cpu      ] GC(77) User=0.00s Sys=0.00s Real=0.00s
[2023-04-06T07:57:07.576+0000][69][safepoint   ] Safepoint "G1PauseCleanup", Time since last: 69848648 ns, Reaching safepoint: 158534 ns, At safepoint: 1587631 ns, Total: 1746165 ns
[2023-04-06T07:57:07.578+0000][69][gc,marking  ] GC(77) Concurrent Cleanup for Next Mark
[2023-04-06T07:57:07.579+0000][69][gc,marking  ] GC(77) Concurrent Cleanup for Next Mark 0.803ms
[2023-04-06T07:57:07.583+0000][69][gc          ] GC(77) Concurrent Mark Cycle 298.098ms
[2023-04-06T07:57:08.579+0000][69][safepoint   ] Safepoint "Cleanup", Time since last: 1001998818 ns, Reaching safepoint: 128605 ns, At safepoint: 9310 ns, Total: 137915 ns
[2023-04-06T07:57:13.582+0000][69][safepoint   ] Safepoint "Cleanup", Time since last: 5002915748 ns, Reaching safepoint: 85147 ns, At safepoint: 3020 ns, Total: 88167 ns
[2023-04-06T07:57:14.583+0000][69][safepoint   ] Safepoint "Cleanup", Time since last: 1000908429 ns, Reaching safepoint: 200049 ns, At safepoint: 7559 ns, Total: 207608 ns
[2023-04-06T07:57:16.585+0000][69][safepoint   ] Safepoint "Cleanup", Time since last: 2002073473 ns, Reaching safepoint: 140288 ns, At safepoint: 2982 ns, Total: 143270 ns
[2023-04-06T07:57:19.586+0000][69][safepoint   ] Safepoint "Cleanup", Time since last: 3001465662 ns, Reaching safepoint: 74229 ns, At safepoint: 2666 ns, Total: 76895 ns
[2023-04-06T07:57:20.588+0000][69][safepoint   ] Safepoint "Cleanup", Time since last: 1001502023 ns, Reaching safepoint: 166260 ns, At safepoint: 10778 ns, Total: 177038 ns
[2023-04-06T07:57:25.591+0000][69][safepoint   ] Safepoint "Cleanup", Time since last: 5002719645 ns, Reaching safepoint: 70840 ns, At safepoint: 3096 ns, Total: 73936 ns
[2023-04-06T07:57:28.593+0000][69][safepoint   ] Safepoint "Cleanup", Time since last: 3001628697 ns, Reaching safepoint: 154763 ns, At safepoint: 4121 ns, Total: 158884 ns
[2023-04-06T07:57:32.596+0000][69][safepoint   ] Safepoint "Cleanup", Time since last: 4003239391 ns, Reaching safepoint: 190217 ns, At safepoint: 4034 ns, Total: 194251 ns
[2023-04-06T07:57:36.578+0000][69][safepoint   ] Safepoint "Cleanup", Time since last: 4002742276 ns, Reaching safepoint: 266500 ns, At safepoint: 13258 ns, Total: 279758 ns
[2023-04-06T07:57:37.501+0000][69][gc,start    ] GC(78) Pause Young (Normal) (G1 Evacuation Pause)
[2023-04-06T07:57:37.502+0000][69][gc,task     ] GC(78) Using 4 workers of 4 for evacuation
[2023-04-06T07:57:37.502+0000][69][gc,age      ] GC(78) Desired survivor size 8388608 bytes, new threshold 15 (max threshold 15)
[2023-04-06T07:57:37.508+0000][69][gc,phases   ] GC(78)   Pre Evacuate Collection Set: 0.3ms
[2023-04-06T07:57:37.509+0000][69][gc,phases   ] GC(78)   Merge Heap Roots: 0.2ms
[2023-04-06T07:57:37.510+0000][69][gc,phases   ] GC(78)   Evacuate Collection Set: 3.6ms
[2023-04-06T07:57:37.510+0000][69][gc,phases   ] GC(78)   Post Evacuate Collection Set: 1.1ms
[2023-04-06T07:57:37.511+0000][69][gc,phases   ] GC(78)   Other: 1.4ms
[2023-04-06T07:57:37.511+0000][69][gc,age      ] GC(78) Age table with threshold 15 (max threshold 15)
[2023-04-06T07:57:37.511+0000][69][gc,age      ] GC(78) - age   1:    1476328 bytes,    1476328 total
[2023-04-06T07:57:37.512+0000][69][gc,age      ] GC(78) - age   2:     168384 bytes,    1644712 total
[2023-04-06T07:57:37.512+0000][69][gc,age      ] GC(78) - age   3:      11600 bytes,    1656312 total
[2023-04-06T07:57:37.513+0000][69][gc,age      ] GC(78) - age   4:       1864 bytes,    1658176 total
[2023-04-06T07:57:37.513+0000][69][gc,age      ] GC(78) - age   6:      15032 bytes,    1673208 total
[2023-04-06T07:57:37.514+0000][69][gc,age      ] GC(78) - age   7:      35576 bytes,    1708784 total
[2023-04-06T07:57:37.514+0000][69][gc,age      ] GC(78) - age   8:     289216 bytes,    1998000 total
[2023-04-06T07:57:37.514+0000][69][gc,age      ] GC(78) - age   9:     107112 bytes,    2105112 total
[2023-04-06T07:57:37.515+0000][69][gc,age      ] GC(78) - age  10:        152 bytes,    2105264 total
[2023-04-06T07:57:37.515+0000][69][gc,age      ] GC(78) - age  11:       1336 bytes,    2106600 total
[2023-04-06T07:57:37.516+0000][69][gc,age      ] GC(78) - age  12:       1952 bytes,    2108552 total
[2023-04-06T07:57:37.517+0000][69][gc,age      ] GC(78) - age  13:        816 bytes,    2109368 total
[2023-04-06T07:57:37.517+0000][69][gc,heap     ] GC(78) Eden regions: 24->0(24)
[2023-04-06T07:57:37.518+0000][69][gc,heap     ] GC(78) Survivor regions: 1->1(4)
[2023-04-06T07:57:37.518+0000][69][gc,heap     ] GC(78) Old regions: 24->24
[2023-04-06T07:57:37.519+0000][69][gc,heap     ] GC(78) Archive regions: 2->2
[2023-04-06T07:57:37.520+0000][69][gc,heap     ] GC(78) Humongous regions: 2->2
[2023-04-06T07:57:37.520+0000][69][gc,metaspace] GC(78) Metaspace: 136467K(140480K)->136467K(140480K) NonClass: 119036K(120768K)->119036K(120768K) Class: 17430K(19712K)->17430K(19712K)
[2023-04-06T07:57:37.521+0000][69][gc          ] GC(78) Pause Young (Normal) (G1 Evacuation Pause) 204M->108M(256M) 19.481ms
[2023-04-06T07:57:37.521+0000][69][gc,cpu      ] GC(78) User=0.01s Sys=0.00s Real=0.02s
[2023-04-06T07:57:37.521+0000][69][safepoint   ] Safepoint "G1CollectForAllocation", Time since last: 923272633 ns, Reaching safepoint: 110725 ns, At safepoint: 20343038 ns, Total: 20453763 ns
[2023-04-06T07:57:38.523+0000][69][safepoint   ] Safepoint "Cleanup", Time since last: 1000660054 ns, Reaching safepoint: 329762 ns, At safepoint: 110164 ns, Total: 439926 ns
[2023-04-06T07:57:39.527+0000][69][safepoint   ] Safepoint "Cleanup", Time since last: 1003828993 ns, Reaching safepoint: 151488 ns, At safepoint: 5941 ns, Total: 157429 ns
[2023-04-06T07:57:40.529+0000][69][safepoint   ] Safepoint "Cleanup", Time since last: 1001882073 ns, Reaching safepoint: 265310 ns, At safepoint: 8553 ns, Total: 273863 ns
[2023-04-06T07:57:41.530+0000][69][safepoint   ] Safepoint "Cleanup", Time since last: 1001362294 ns, Reaching safepoint: 167380 ns, At safepoint: 3800 ns, Total: 171180 ns
[2023-04-06T07:57:43.532+0000][69][safepoint   ] Safepoint "Cleanup", Time since last: 2001375871 ns, Reaching safepoint: 104695 ns, At safepoint: 3087 ns, Total: 107782 ns
[2023-04-06T07:57:44.862+0000][69][safepoint   ] Safepoint "Cleanup", Time since last: 1329713692 ns, Reaching safepoint: 196119 ns, At safepoint: 28294 ns, Total: 224413 ns
[2023-04-06T07:57:45.864+0000][69][safepoint   ] Safepoint "Cleanup", Time since last: 1002036081 ns, Reaching safepoint: 196280 ns, At safepoint: 4169 ns, Total: 200449 ns
[2023-04-06T07:57:46.865+0000][69][safepoint   ] Safepoint "Cleanup", Time since last: 1001184904 ns, Reaching safepoint: 137714 ns, At safepoint: 5636 ns, Total: 143350 ns
[2023-04-06T07:57:49.867+0000][69][safepoint   ] Safepoint "Cleanup", Time since last: 3001802893 ns, Reaching safepoint: 216067 ns, At safepoint: 17395 ns, Total: 233462 ns
[2023-04-06T07:57:51.870+0000][69][safepoint   ] Safepoint "Cleanup", Time since last: 2002349529 ns, Reaching safepoint: 86269 ns, At safepoint: 3315 ns, Total: 89584 ns
[2023-04-06T07:57:52.871+0000][69][safepoint   ] Safepoint "Cleanup", Time since last: 1001227516 ns, Reaching safepoint: 146285 ns, At safepoint: 6993 ns, Total: 153278 ns
[2023-04-06T07:57:55.635+0000][69][gc,start    ] GC(79) Pause Young (Concurrent Start) (G1 Evacuation Pause)
[2023-04-06T07:57:55.636+0000][69][gc,task     ] GC(79) Using 4 workers of 4 for evacuation
[2023-04-06T07:57:55.637+0000][69][gc,age      ] GC(79) Desired survivor size 8388608 bytes, new threshold 15 (max threshold 15)
[2023-04-06T07:57:55.643+0000][69][gc,phases   ] GC(79)   Pre Evacuate Collection Set: 0.3ms
[2023-04-06T07:57:55.643+0000][69][gc,phases   ] GC(79)   Merge Heap Roots: 0.1ms
[2023-04-06T07:57:55.644+0000][69][gc,phases   ] GC(79)   Evacuate Collection Set: 3.7ms
[2023-04-06T07:57:55.644+0000][69][gc,phases   ] GC(79)   Post Evacuate Collection Set: 1.0ms
[2023-04-06T07:57:55.645+0000][69][gc,phases   ] GC(79)   Other: 1.5ms
[2023-04-06T07:57:55.645+0000][69][gc,age      ] GC(79) Age table with threshold 15 (max threshold 15)
[2023-04-06T07:57:55.646+0000][69][gc,age      ] GC(79) - age   1:    3319832 bytes,    3319832 total
[2023-04-06T07:57:55.646+0000][69][gc,age      ] GC(79) - age   2:     131736 bytes,    3451568 total
[2023-04-06T07:57:55.647+0000][69][gc,age      ] GC(79) - age   3:       2696 bytes,    3454264 total
[2023-04-06T07:57:55.648+0000][69][gc,age      ] GC(79) - age   4:      10624 bytes,    3464888 total
[2023-04-06T07:57:55.649+0000][69][gc,age      ] GC(79) - age   5:       1608 bytes,    3466496 total
[2023-04-06T07:57:55.650+0000][69][gc,age      ] GC(79) - age   7:      13496 bytes,    3479992 total
[2023-04-06T07:57:55.651+0000][69][gc,age      ] GC(79) - age   8:       6208 bytes,    3486200 total
[2023-04-06T07:57:55.652+0000][69][gc,age      ] GC(79) - age   9:     190696 bytes,    3676896 total
[2023-04-06T07:57:55.654+0000][69][gc,age      ] GC(79) - age  10:     101104 bytes,    3778000 total
[2023-04-06T07:57:55.654+0000][69][gc,age      ] GC(79) - age  11:        152 bytes,    3778152 total
[2023-04-06T07:57:55.655+0000][69][gc,age      ] GC(79) - age  12:       1336 bytes,    3779488 total
[2023-04-06T07:57:55.656+0000][69][gc,age      ] GC(79) - age  13:       1952 bytes,    3781440 total
[2023-04-06T07:57:55.657+0000][69][gc,age      ] GC(79) - age  14:        816 bytes,    3782256 total
[2023-04-06T07:57:55.658+0000][69][gc,heap     ] GC(79) Eden regions: 24->0(23)
[2023-04-06T07:57:55.659+0000][69][gc,heap     ] GC(79) Survivor regions: 1->1(4)
[2023-04-06T07:57:55.660+0000][69][gc,heap     ] GC(79) Old regions: 24->24
[2023-04-06T07:57:55.661+0000][69][gc,heap     ] GC(79) Archive regions: 2->2
[2023-04-06T07:57:55.662+0000][69][gc,heap     ] GC(79) Humongous regions: 2->2
[2023-04-06T07:57:55.663+0000][69][gc,metaspace] GC(79) Metaspace: 136513K(140544K)->136513K(140544K) NonClass: 119079K(120832K)->119079K(120832K) Class: 17434K(19712K)->17434K(19712K)
[2023-04-06T07:57:55.663+0000][69][gc          ] GC(79) Pause Young (Concurrent Start) (G1 Evacuation Pause) 204M->110M(256M) 28.447ms
[2023-04-06T07:57:55.664+0000][69][gc          ] GC(80) Concurrent Mark Cycle
[2023-04-06T07:57:55.664+0000][69][gc,marking  ] GC(80) Concurrent Clear Claimed Marks
[2023-04-06T07:57:55.664+0000][69][gc,cpu      ] GC(79) User=0.01s Sys=0.01s Real=0.03s
[2023-04-06T07:57:55.665+0000][69][gc,marking  ] GC(80) Concurrent Clear Claimed Marks 0.953ms
[2023-04-06T07:57:55.666+0000][69][gc,marking  ] GC(80) Concurrent Scan Root Regions
[2023-04-06T07:57:55.666+0000][69][safepoint   ] Safepoint "G1CollectForAllocation", Time since last: 2763709741 ns, Reaching safepoint: 110636 ns, At safepoint: 30791021 ns, Total: 30901657 ns
[2023-04-06T07:57:55.670+0000][69][gc,marking  ] GC(80) Concurrent Scan Root Regions 4.087ms
[2023-04-06T07:57:55.671+0000][69][gc,marking  ] GC(80) Concurrent Mark
[2023-04-06T07:57:55.672+0000][69][gc,marking  ] GC(80) Concurrent Mark From Roots
[2023-04-06T07:57:55.673+0000][69][gc,task     ] GC(80) Using 1 workers of 1 for marking
[2023-04-06T07:57:55.856+0000][69][gc,marking  ] GC(80) Concurrent Mark From Roots 184.277ms
[2023-04-06T07:57:55.857+0000][69][gc,marking  ] GC(80) Concurrent Preclean
[2023-04-06T07:57:55.858+0000][69][gc,marking  ] GC(80) Concurrent Preclean 1.038ms
[2023-04-06T07:57:55.859+0000][69][gc,start    ] GC(80) Pause Remark
[2023-04-06T07:57:55.873+0000][69][gc          ] GC(80) Pause Remark 114M->114M(256M) 13.878ms
[2023-04-06T07:57:55.874+0000][69][gc,cpu      ] GC(80) User=0.04s Sys=0.00s Real=0.01s
[2023-04-06T07:57:55.875+0000][69][safepoint   ] Safepoint "G1PauseRemark", Time since last: 193307942 ns, Reaching safepoint: 145466 ns, At safepoint: 15488344 ns, Total: 15633810 ns
[2023-04-06T07:57:55.875+0000][69][gc,marking  ] GC(80) Concurrent Mark 203.902ms
[2023-04-06T07:57:55.876+0000][69][gc,marking  ] GC(80) Concurrent Rebuild Remembered Sets
[2023-04-06T07:57:55.931+0000][69][gc,marking  ] GC(80) Concurrent Rebuild Remembered Sets 55.276ms
[2023-04-06T07:57:55.932+0000][69][gc,start    ] GC(80) Pause Cleanup
[2023-04-06T07:57:55.933+0000][69][gc          ] GC(80) Pause Cleanup 115M->115M(256M) 0.851ms
[2023-04-06T07:57:55.934+0000][69][gc,cpu      ] GC(80) User=0.01s Sys=0.00s Real=0.00s
[2023-04-06T07:57:55.934+0000][69][safepoint   ] Safepoint "G1PauseCleanup", Time since last: 57376960 ns, Reaching safepoint: 168361 ns, At safepoint: 2267364 ns, Total: 2435725 ns
[2023-04-06T07:57:55.936+0000][69][gc,marking  ] GC(80) Concurrent Cleanup for Next Mark
[2023-04-06T07:57:55.937+0000][69][gc,marking  ] GC(80) Concurrent Cleanup for Next Mark 0.841ms
[2023-04-06T07:57:55.938+0000][69][gc          ] GC(80) Concurrent Mark Cycle 273.761ms
[2023-04-06T07:57:56.958+0000][69][safepoint   ] Safepoint "Cleanup", Time since last: 1023668328 ns, Reaching safepoint: 248028 ns, At safepoint: 3646 ns, Total: 251674 ns
[2023-04-06T07:57:58.961+0000][69][safepoint   ] Safepoint "Cleanup", Time since last: 2002014763 ns, Reaching safepoint: 241652 ns, At safepoint: 5237 ns, Total: 246889 ns
[2023-04-06T07:58:04.942+0000][69][safepoint   ] Safepoint "Cleanup", Time since last: 6003309283 ns, Reaching safepoint: 97939 ns, At safepoint: 3154 ns, Total: 101093 ns
[2023-04-06T07:58:06.945+0000][69][safepoint   ] Safepoint "Cleanup", Time since last: 2002729216 ns, Reaching safepoint: 113109 ns, At safepoint: 3626 ns, Total: 116735 ns
[2023-04-06T07:58:07.946+0000][69][safepoint   ] Safepoint "Cleanup", Time since last: 1001208520 ns, Reaching safepoint: 135378 ns, At safepoint: 3268 ns, Total: 138646 ns
[2023-04-06T07:58:14.824+0000][69][safepoint   ] Safepoint "Cleanup", Time since last: 6877368627 ns, Reaching safepoint: 306062 ns, At safepoint: 43565 ns, Total: 349627 ns
[2023-04-06T07:58:15.826+0000][69][safepoint   ] Safepoint "Cleanup", Time since last: 1001603210 ns, Reaching safepoint: 268960 ns, At safepoint: 10709 ns, Total: 279669 ns
[2023-04-06T07:58:17.055+0000][69][safepoint   ] Safepoint "Cleanup", Time since last: 1227575956 ns, Reaching safepoint: 1106417 ns, At safepoint: 24220 ns, Total: 1130637 ns
[2023-04-06T07:58:20.060+0000][69][safepoint   ] Safepoint "Cleanup", Time since last: 3004563269 ns, Reaching safepoint: 306499 ns, At safepoint: 9885 ns, Total: 316384 ns
[2023-04-06T07:58:22.199+0000][69][gc,start    ] GC(81) Pause Young (Normal) (G1 Evacuation Pause)
[2023-04-06T07:58:22.200+0000][69][gc,task     ] GC(81) Using 4 workers of 4 for evacuation
[2023-04-06T07:58:22.200+0000][69][gc,age      ] GC(81) Desired survivor size 6291456 bytes, new threshold 15 (max threshold 15)
[2023-04-06T07:58:22.205+0000][69][gc,phases   ] GC(81)   Pre Evacuate Collection Set: 0.1ms
[2023-04-06T07:58:22.206+0000][69][gc,phases   ] GC(81)   Merge Heap Roots: 0.1ms
[2023-04-06T07:58:22.206+0000][69][gc,phases   ] GC(81)   Evacuate Collection Set: 2.5ms
[2023-04-06T07:58:22.207+0000][69][gc,phases   ] GC(81)   Post Evacuate Collection Set: 0.9ms
[2023-04-06T07:58:22.208+0000][69][gc,phases   ] GC(81)   Other: 1.2ms
[2023-04-06T07:58:22.208+0000][69][gc,age      ] GC(81) Age table with threshold 15 (max threshold 15)
[2023-04-06T07:58:22.209+0000][69][gc,age      ] GC(81) - age   1:     788272 bytes,     788272 total
[2023-04-06T07:58:22.209+0000][69][gc,age      ] GC(81) - age   2:     823240 bytes,    1611512 total
[2023-04-06T07:58:22.210+0000][69][gc,age      ] GC(81) - age   3:       3120 bytes,    1614632 total
[2023-04-06T07:58:22.210+0000][69][gc,age      ] GC(81) - age   4:       1328 bytes,    1615960 total
[2023-04-06T07:58:22.211+0000][69][gc,age      ] GC(81) - age   5:      10624 bytes,    1626584 total
[2023-04-06T07:58:22.211+0000][69][gc,age      ] GC(81) - age   6:       1432 bytes,    1628016 total
[2023-04-06T07:58:22.211+0000][69][gc,age      ] GC(81) - age   8:      13496 bytes,    1641512 total
[2023-04-06T07:58:22.212+0000][69][gc,age      ] GC(81) - age   9:       5880 bytes,    1647392 total
[2023-04-06T07:58:22.212+0000][69][gc,age      ] GC(81) - age  10:     190664 bytes,    1838056 total
[2023-04-06T07:58:22.213+0000][69][gc,age      ] GC(81) - age  11:     101104 bytes,    1939160 total
[2023-04-06T07:58:22.213+0000][69][gc,age      ] GC(81) - age  12:        152 bytes,    1939312 total
[2023-04-06T07:58:22.214+0000][69][gc,age      ] GC(81) - age  13:       1304 bytes,    1940616 total
[2023-04-06T07:58:22.214+0000][69][gc,age      ] GC(81) - age  14:       1952 bytes,    1942568 total
[2023-04-06T07:58:22.215+0000][69][gc,age      ] GC(81) - age  15:        520 bytes,    1943088 total
[2023-04-06T07:58:22.215+0000][69][gc,heap     ] GC(81) Eden regions: 23->0(23)
[2023-04-06T07:58:22.216+0000][69][gc,heap     ] GC(81) Survivor regions: 1->1(3)
[2023-04-06T07:58:22.216+0000][69][gc,heap     ] GC(81) Old regions: 24->24
[2023-04-06T07:58:22.216+0000][69][gc,heap     ] GC(81) Archive regions: 2->2
[2023-04-06T07:58:22.217+0000][69][gc,heap     ] GC(81) Humongous regions: 2->2
[2023-04-06T07:58:22.217+0000][69][gc,metaspace] GC(81) Metaspace: 136571K(140544K)->136571K(140544K) NonClass: 119137K(120832K)->119137K(120832K) Class: 17434K(19712K)->17434K(19712K)
[2023-04-06T07:58:22.218+0000][69][gc          ] GC(81) Pause Young (Normal) (G1 Evacuation Pause) 202M->108M(256M) 18.921ms
[2023-04-06T07:58:22.218+0000][69][gc,cpu      ] GC(81) User=0.01s Sys=0.00s Real=0.02s
[2023-04-06T07:58:22.219+0000][69][safepoint   ] Safepoint "G1CollectForAllocation", Time since last: 2138972802 ns, Reaching safepoint: 92327 ns, At safepoint: 19890117 ns, Total: 19982444 ns
[2023-04-06T07:58:32.224+0000][69][safepoint   ] Safepoint "Cleanup", Time since last: 10004940521 ns, Reaching safepoint: 194554 ns, At safepoint: 5512 ns, Total: 200066 ns
[2023-04-06T07:58:33.196+0000][69][safepoint   ] Safepoint "Cleanup", Time since last: 1002318587 ns, Reaching safepoint: 124286 ns, At safepoint: 3221 ns, Total: 127507 ns
[2023-04-06T07:58:38.200+0000][69][safepoint   ] Safepoint "Cleanup", Time since last: 5003449231 ns, Reaching safepoint: 149011 ns, At safepoint: 4219 ns, Total: 153230 ns
[2023-04-06T07:58:39.201+0000][69][safepoint   ] Safepoint "Cleanup", Time since last: 1001678641 ns, Reaching safepoint: 108226 ns, At safepoint: 3366 ns, Total: 111592 ns
[2023-04-06T07:58:43.205+0000][69][safepoint   ] Safepoint "Cleanup", Time since last: 4003152831 ns, Reaching safepoint: 72465 ns, At safepoint: 3038 ns, Total: 75503 ns
[2023-04-06T07:58:44.206+0000][69][safepoint   ] Safepoint "Cleanup", Time since last: 1001005923 ns, Reaching safepoint: 113563 ns, At safepoint: 4269 ns, Total: 117832 ns
[2023-04-06T07:58:45.208+0000][69][safepoint   ] Safepoint "Cleanup", Time since last: 1001740053 ns, Reaching safepoint: 86675 ns, At safepoint: 2855 ns, Total: 89530 ns
[2023-04-06T07:58:49.211+0000][69][safepoint   ] Safepoint "Cleanup", Time since last: 4002887386 ns, Reaching safepoint: 168447 ns, At safepoint: 3371 ns, Total: 171818 ns
[2023-04-06T07:58:51.213+0000][69][safepoint   ] Safepoint "Cleanup", Time since last: 2002440711 ns, Reaching safepoint: 70461 ns, At safepoint: 4335 ns, Total: 74796 ns
[2023-04-06T07:58:55.189+0000][69][gc,start    ] GC(82) Pause Young (Concurrent Start) (G1 Evacuation Pause)
[2023-04-06T07:58:55.190+0000][69][gc,task     ] GC(82) Using 4 workers of 4 for evacuation
[2023-04-06T07:58:55.190+0000][69][gc,age      ] GC(82) Desired survivor size 6291456 bytes, new threshold 15 (max threshold 15)
[2023-04-06T07:58:55.195+0000][69][gc,phases   ] GC(82)   Pre Evacuate Collection Set: 0.4ms
[2023-04-06T07:58:55.196+0000][69][gc,phases   ] GC(82)   Merge Heap Roots: 0.1ms
[2023-04-06T07:58:55.197+0000][69][gc,phases   ] GC(82)   Evacuate Collection Set: 3.1ms
[2023-04-06T07:58:55.198+0000][69][gc,phases   ] GC(82)   Post Evacuate Collection Set: 0.9ms
[2023-04-06T07:58:55.198+0000][69][gc,phases   ] GC(82)   Other: 1.3ms
[2023-04-06T07:58:55.199+0000][69][gc,age      ] GC(82) Age table with threshold 15 (max threshold 15)
[2023-04-06T07:58:55.199+0000][69][gc,age      ] GC(82) - age   1:     887624 bytes,     887624 total
[2023-04-06T07:58:55.200+0000][69][gc,age      ] GC(82) - age   2:     216192 bytes,    1103816 total
[2023-04-06T07:58:55.200+0000][69][gc,age      ] GC(82) - age   3:     805552 bytes,    1909368 total
[2023-04-06T07:58:55.201+0000][69][gc,age      ] GC(82) - age   4:       2712 bytes,    1912080 total
[2023-04-06T07:58:55.201+0000][69][gc,age      ] GC(82) - age   5:       1328 bytes,    1913408 total
[2023-04-06T07:58:55.202+0000][69][gc,age      ] GC(82) - age   6:      10328 bytes,    1923736 total
[2023-04-06T07:58:55.203+0000][69][gc,age      ] GC(82) - age   7:       1432 bytes,    1925168 total
[2023-04-06T07:58:55.203+0000][69][gc,age      ] GC(82) - age   9:      13496 bytes,    1938664 total
[2023-04-06T07:58:55.204+0000][69][gc,age      ] GC(82) - age  10:       5880 bytes,    1944544 total
[2023-04-06T07:58:55.205+0000][69][gc,age      ] GC(82) - age  11:     190664 bytes,    2135208 total
[2023-04-06T07:58:55.205+0000][69][gc,age      ] GC(82) - age  12:     101104 bytes,    2236312 total
[2023-04-06T07:58:55.206+0000][69][gc,age      ] GC(82) - age  13:        152 bytes,    2236464 total
[2023-04-06T07:58:55.207+0000][69][gc,age      ] GC(82) - age  14:       1304 bytes,    2237768 total
[2023-04-06T07:58:55.207+0000][69][gc,age      ] GC(82) - age  15:       1952 bytes,    2239720 total
[2023-04-06T07:58:55.208+0000][69][gc,heap     ] GC(82) Eden regions: 23->0(23)
[2023-04-06T07:58:55.208+0000][69][gc,heap     ] GC(82) Survivor regions: 1->1(3)
[2023-04-06T07:58:55.209+0000][69][gc,heap     ] GC(82) Old regions: 24->24
[2023-04-06T07:58:55.209+0000][69][gc,heap     ] GC(82) Archive regions: 2->2
[2023-04-06T07:58:55.210+0000][69][gc,heap     ] GC(82) Humongous regions: 2->2
[2023-04-06T07:58:55.210+0000][69][gc,metaspace] GC(82) Metaspace: 136579K(140544K)->136579K(140544K) NonClass: 119145K(120832K)->119145K(120832K) Class: 17434K(19712K)->17434K(19712K)
[2023-04-06T07:58:55.211+0000][69][gc          ] GC(82) Pause Young (Concurrent Start) (G1 Evacuation Pause) 200M->108M(256M) 21.328ms
[2023-04-06T07:58:55.211+0000][69][gc,cpu      ] GC(82) User=0.01s Sys=0.01s Real=0.02s
[2023-04-06T07:58:55.211+0000][69][gc          ] GC(83) Concurrent Mark Cycle
[2023-04-06T07:58:55.212+0000][69][gc,marking  ] GC(83) Concurrent Clear Claimed Marks
[2023-04-06T07:58:55.212+0000][69][safepoint   ] Safepoint "G1CollectForAllocation", Time since last: 3975882867 ns, Reaching safepoint: 47111 ns, At safepoint: 22394729 ns, Total: 22441840 ns
[2023-04-06T07:58:55.213+0000][69][gc,marking  ] GC(83) Concurrent Clear Claimed Marks 0.846ms
[2023-04-06T07:58:55.214+0000][69][gc,marking  ] GC(83) Concurrent Scan Root Regions
[2023-04-06T07:58:55.218+0000][69][gc,marking  ] GC(83) Concurrent Scan Root Regions 3.818ms
[2023-04-06T07:58:55.218+0000][69][gc,marking  ] GC(83) Concurrent Mark
[2023-04-06T07:58:55.219+0000][69][gc,marking  ] GC(83) Concurrent Mark From Roots
[2023-04-06T07:58:55.220+0000][69][gc,task     ] GC(83) Using 1 workers of 1 for marking
[2023-04-06T07:58:55.364+0000][69][gc,marking  ] GC(83) Concurrent Mark From Roots 144.499ms
[2023-04-06T07:58:55.364+0000][69][gc,marking  ] GC(83) Concurrent Preclean
[2023-04-06T07:58:55.366+0000][69][gc,marking  ] GC(83) Concurrent Preclean 1.247ms
[2023-04-06T07:58:55.367+0000][69][gc,start    ] GC(83) Pause Remark
[2023-04-06T07:58:55.376+0000][69][gc          ] GC(83) Pause Remark 111M->111M(256M) 9.484ms
[2023-04-06T07:58:55.377+0000][69][gc,cpu      ] GC(83) User=0.03s Sys=0.00s Real=0.01s
[2023-04-06T07:58:55.378+0000][69][safepoint   ] Safepoint "G1PauseRemark", Time since last: 154877089 ns, Reaching safepoint: 401346 ns, At safepoint: 10854414 ns, Total: 11255760 ns
[2023-04-06T07:58:55.378+0000][69][gc,marking  ] GC(83) Concurrent Mark 159.705ms
[2023-04-06T07:58:55.379+0000][69][gc,marking  ] GC(83) Concurrent Rebuild Remembered Sets
[2023-04-06T07:58:55.457+0000][69][gc,marking  ] GC(83) Concurrent Rebuild Remembered Sets 78.233ms
[2023-04-06T07:58:55.458+0000][69][gc,start    ] GC(83) Pause Cleanup
[2023-04-06T07:58:55.459+0000][69][gc          ] GC(83) Pause Cleanup 111M->111M(256M) 0.799ms
[2023-04-06T07:58:55.459+0000][69][gc,cpu      ] GC(83) User=0.00s Sys=0.00s Real=0.00s
[2023-04-06T07:58:55.460+0000][69][safepoint   ] Safepoint "G1PauseCleanup", Time since last: 79817437 ns, Reaching safepoint: 252359 ns, At safepoint: 2355999 ns, Total: 2608358 ns
[2023-04-06T07:58:55.461+0000][69][gc,marking  ] GC(83) Concurrent Cleanup for Next Mark
[2023-04-06T07:58:55.462+0000][69][gc,marking  ] GC(83) Concurrent Cleanup for Next Mark 1.040ms
[2023-04-06T07:58:55.463+0000][69][gc          ] GC(83) Concurrent Mark Cycle 251.800ms
[2023-04-06T07:58:58.463+0000][69][safepoint   ] Safepoint "Cleanup", Time since last: 3002213988 ns, Reaching safepoint: 203455 ns, At safepoint: 4953 ns, Total: 208408 ns
[2023-04-06T07:59:02.467+0000][69][safepoint   ] Safepoint "Cleanup", Time since last: 4004285871 ns, Reaching safepoint: 160270 ns, At safepoint: 4635 ns, Total: 164905 ns
[2023-04-06T07:59:07.443+0000][69][safepoint   ] Safepoint "Cleanup", Time since last: 5004226575 ns, Reaching safepoint: 211409 ns, At safepoint: 16202 ns, Total: 227611 ns
[2023-04-06T07:59:08.445+0000][69][safepoint   ] Safepoint "Cleanup", Time since last: 1001618154 ns, Reaching safepoint: 49558 ns, At safepoint: 2497 ns, Total: 52055 ns
[2023-04-06T07:59:09.446+0000][69][safepoint   ] Safepoint "Cleanup", Time since last: 1000935221 ns, Reaching safepoint: 91107 ns, At safepoint: 3626 ns, Total: 94733 ns
[2023-04-06T07:59:13.449+0000][69][safepoint   ] Safepoint "Cleanup", Time since last: 4003114858 ns, Reaching safepoint: 223892 ns, At safepoint: 44476 ns, Total: 268368 ns
[2023-04-06T07:59:16.455+0000][69][safepoint   ] Safepoint "Cleanup", Time since last: 3004913721 ns, Reaching safepoint: 162885 ns, At safepoint: 4645 ns, Total: 167530 ns
[2023-04-06T07:59:17.456+0000][69][safepoint   ] Safepoint "Cleanup", Time since last: 1001438835 ns, Reaching safepoint: 144706 ns, At safepoint: 3744 ns, Total: 148450 ns
[2023-04-06T07:59:22.188+0000][69][gc,start    ] GC(84) Pause Young (Normal) (G1 Evacuation Pause)
[2023-04-06T07:59:22.189+0000][69][gc,task     ] GC(84) Using 4 workers of 4 for evacuation
[2023-04-06T07:59:22.189+0000][69][gc,age      ] GC(84) Desired survivor size 6291456 bytes, new threshold 15 (max threshold 15)
[2023-04-06T07:59:22.195+0000][69][gc,phases   ] GC(84)   Pre Evacuate Collection Set: 0.1ms
[2023-04-06T07:59:22.196+0000][69][gc,phases   ] GC(84)   Merge Heap Roots: 0.0ms
[2023-04-06T07:59:22.196+0000][69][gc,phases   ] GC(84)   Evacuate Collection Set: 4.5ms
[2023-04-06T07:59:22.197+0000][69][gc,phases   ] GC(84)   Post Evacuate Collection Set: 0.9ms
[2023-04-06T07:59:22.197+0000][69][gc,phases   ] GC(84)   Other: 1.2ms
[2023-04-06T07:59:22.198+0000][69][gc,age      ] GC(84) Age table with threshold 15 (max threshold 15)
[2023-04-06T07:59:22.198+0000][69][gc,age      ] GC(84) - age   1:    1329776 bytes,    1329776 total
[2023-04-06T07:59:22.199+0000][69][gc,age      ] GC(84) - age   2:     130344 bytes,    1460120 total
[2023-04-06T07:59:22.199+0000][69][gc,age      ] GC(84) - age   3:      44264 bytes,    1504384 total
[2023-04-06T07:59:22.200+0000][69][gc,age      ] GC(84) - age   4:     803224 bytes,    2307608 total
[2023-04-06T07:59:22.200+0000][69][gc,age      ] GC(84) - age   5:       2712 bytes,    2310320 total
[2023-04-06T07:59:22.201+0000][69][gc,age      ] GC(84) - age   6:       1032 bytes,    2311352 total
[2023-04-06T07:59:22.201+0000][69][gc,age      ] GC(84) - age   7:      10296 bytes,    2321648 total
[2023-04-06T07:59:22.201+0000][69][gc,age      ] GC(84) - age   8:       1432 bytes,    2323080 total
[2023-04-06T07:59:22.202+0000][69][gc,age      ] GC(84) - age  10:      13472 bytes,    2336552 total
[2023-04-06T07:59:22.202+0000][69][gc,age      ] GC(84) - age  11:       5880 bytes,    2342432 total
[2023-04-06T07:59:22.203+0000][69][gc,age      ] GC(84) - age  12:     190632 bytes,    2533064 total
[2023-04-06T07:59:22.203+0000][69][gc,age      ] GC(84) - age  13:     100856 bytes,    2633920 total
[2023-04-06T07:59:22.204+0000][69][gc,age      ] GC(84) - age  14:        152 bytes,    2634072 total
[2023-04-06T07:59:22.204+0000][69][gc,age      ] GC(84) - age  15:       1304 bytes,    2635376 total
[2023-04-06T07:59:22.205+0000][69][gc,heap     ] GC(84) Eden regions: 23->0(23)
[2023-04-06T07:59:22.205+0000][69][gc,heap     ] GC(84) Survivor regions: 1->1(3)
[2023-04-06T07:59:22.206+0000][69][gc,heap     ] GC(84) Old regions: 24->24
[2023-04-06T07:59:22.206+0000][69][gc,heap     ] GC(84) Archive regions: 2->2
[2023-04-06T07:59:22.206+0000][69][gc,heap     ] GC(84) Humongous regions: 2->2
[2023-04-06T07:59:22.207+0000][69][gc,metaspace] GC(84) Metaspace: 136646K(140544K)->136646K(140544K) NonClass: 119207K(120832K)->119207K(120832K) Class: 17438K(19712K)->17438K(19712K)
[2023-04-06T07:59:22.208+0000][69][gc          ] GC(84) Pause Young (Normal) (G1 Evacuation Pause) 200M->109M(256M) 20.382ms
[2023-04-06T07:59:22.208+0000][69][gc,cpu      ] GC(84) User=0.00s Sys=0.00s Real=0.02s
[2023-04-06T07:59:22.209+0000][69][safepoint   ] Safepoint "G1CollectForAllocation", Time since last: 4731276336 ns, Reaching safepoint: 122730 ns, At safepoint: 21247127 ns, Total: 21369857 ns
[2023-04-06T07:59:23.210+0000][69][safepoint   ] Safepoint "Cleanup", Time since last: 1000808539 ns, Reaching safepoint: 139648 ns, At safepoint: 12955 ns, Total: 152603 ns
[2023-04-06T07:59:27.212+0000][69][safepoint   ] Safepoint "Cleanup", Time since last: 4001723559 ns, Reaching safepoint: 117770 ns, At safepoint: 3523 ns, Total: 121293 ns
[2023-04-06T07:59:28.213+0000][69][safepoint   ] Safepoint "Cleanup", Time since last: 1001033612 ns, Reaching safepoint: 101748 ns, At safepoint: 9122 ns, Total: 110870 ns
[2023-04-06T07:59:29.214+0000][69][safepoint   ] Safepoint "Cleanup", Time since last: 1001363660 ns, Reaching safepoint: 88280 ns, At safepoint: 6099 ns, Total: 94379 ns
[2023-04-06T07:59:33.195+0000][69][safepoint   ] Safepoint "Cleanup", Time since last: 4003415400 ns, Reaching safepoint: 90810 ns, At safepoint: 3473 ns, Total: 94283 ns
[2023-04-06T07:59:34.198+0000][69][safepoint   ] Safepoint "Cleanup", Time since last: 1002582915 ns, Reaching safepoint: 405852 ns, At safepoint: 9949 ns, Total: 415801 ns
[2023-04-06T07:59:36.201+0000][69][safepoint   ] Safepoint "Cleanup", Time since last: 2003014218 ns, Reaching safepoint: 100672 ns, At safepoint: 2628 ns, Total: 103300 ns
[2023-04-06T07:59:38.204+0000][69][safepoint   ] Safepoint "Cleanup", Time since last: 2002039733 ns, Reaching safepoint: 155726 ns, At safepoint: 4427 ns, Total: 160153 ns
[2023-04-06T07:59:43.269+0000][69][gc,start    ] GC(85) Pause Young (Concurrent Start) (G1 Evacuation Pause)
[2023-04-06T07:59:43.270+0000][69][gc,task     ] GC(85) Using 4 workers of 4 for evacuation
[2023-04-06T07:59:43.271+0000][69][gc,age      ] GC(85) Desired survivor size 6291456 bytes, new threshold 15 (max threshold 15)
[2023-04-06T07:59:43.275+0000][69][gc,phases   ] GC(85)   Pre Evacuate Collection Set: 0.3ms
[2023-04-06T07:59:43.276+0000][69][gc,phases   ] GC(85)   Merge Heap Roots: 0.1ms
[2023-04-06T07:59:43.277+0000][69][gc,phases   ] GC(85)   Evacuate Collection Set: 3.1ms
[2023-04-06T07:59:43.277+0000][69][gc,phases   ] GC(85)   Post Evacuate Collection Set: 0.8ms
[2023-04-06T07:59:43.278+0000][69][gc,phases   ] GC(85)   Other: 0.9ms
[2023-04-06T07:59:43.279+0000][69][gc,age      ] GC(85) Age table with threshold 15 (max threshold 15)
[2023-04-06T07:59:43.279+0000][69][gc,age      ] GC(85) - age   1:    1786200 bytes,    1786200 total
[2023-04-06T07:59:43.280+0000][69][gc,age      ] GC(85) - age   2:     173336 bytes,    1959536 total
[2023-04-06T07:59:43.281+0000][69][gc,age      ] GC(85) - age   3:      10040 bytes,    1969576 total
[2023-04-06T07:59:43.282+0000][69][gc,age      ] GC(85) - age   4:      11104 bytes,    1980680 total
[2023-04-06T07:59:43.282+0000][69][gc,age      ] GC(85) - age   5:     703736 bytes,    2684416 total
[2023-04-06T07:59:43.283+0000][69][gc,age      ] GC(85) - age   6:       2616 bytes,    2687032 total
[2023-04-06T07:59:43.283+0000][69][gc,age      ] GC(85) - age   7:       1032 bytes,    2688064 total
[2023-04-06T07:59:43.284+0000][69][gc,age      ] GC(85) - age   8:      10296 bytes,    2698360 total
[2023-04-06T07:59:43.285+0000][69][gc,age      ] GC(85) - age   9:       1432 bytes,    2699792 total
[2023-04-06T07:59:43.286+0000][69][gc,age      ] GC(85) - age  11:      13472 bytes,    2713264 total
[2023-04-06T07:59:43.286+0000][69][gc,age      ] GC(85) - age  12:       5880 bytes,    2719144 total
[2023-04-06T07:59:43.287+0000][69][gc,age      ] GC(85) - age  13:     190608 bytes,    2909752 total
[2023-04-06T07:59:43.288+0000][69][gc,age      ] GC(85) - age  14:     100856 bytes,    3010608 total
[2023-04-06T07:59:43.288+0000][69][gc,age      ] GC(85) - age  15:        152 bytes,    3010760 total
[2023-04-06T07:59:43.289+0000][69][gc,heap     ] GC(85) Eden regions: 23->0(23)
[2023-04-06T07:59:43.289+0000][69][gc,heap     ] GC(85) Survivor regions: 1->1(3)
[2023-04-06T07:59:43.290+0000][69][gc,heap     ] GC(85) Old regions: 24->24
[2023-04-06T07:59:43.290+0000][69][gc,heap     ] GC(85) Archive regions: 2->2
[2023-04-06T07:59:43.291+0000][69][gc,heap     ] GC(85) Humongous regions: 2->2
[2023-04-06T07:59:43.291+0000][69][gc,metaspace] GC(85) Metaspace: 136653K(140544K)->136653K(140544K) NonClass: 119214K(120832K)->119214K(120832K) Class: 17438K(19712K)->17438K(19712K)
[2023-04-06T07:59:43.292+0000][69][gc          ] GC(85) Pause Young (Concurrent Start) (G1 Evacuation Pause) 201M->109M(256M) 22.183ms
[2023-04-06T07:59:43.292+0000][69][gc,cpu      ] GC(85) User=0.01s Sys=0.00s Real=0.02s
[2023-04-06T07:59:43.292+0000][69][gc          ] GC(86) Concurrent Mark Cycle
[2023-04-06T07:59:43.293+0000][69][gc,marking  ] GC(86) Concurrent Clear Claimed Marks
[2023-04-06T07:59:43.293+0000][69][safepoint   ] Safepoint "G1CollectForAllocation", Time since last: 5065736397 ns, Reaching safepoint: 69031 ns, At safepoint: 23216541 ns, Total: 23285572 ns
[2023-04-06T07:59:43.294+0000][69][gc,marking  ] GC(86) Concurrent Clear Claimed Marks 0.951ms
[2023-04-06T07:59:43.295+0000][69][gc,marking  ] GC(86) Concurrent Scan Root Regions
[2023-04-06T07:59:43.298+0000][69][gc,marking  ] GC(86) Concurrent Scan Root Regions 2.998ms
[2023-04-06T07:59:43.299+0000][69][gc,marking  ] GC(86) Concurrent Mark
[2023-04-06T07:59:43.300+0000][69][gc,marking  ] GC(86) Concurrent Mark From Roots
[2023-04-06T07:59:43.300+0000][69][gc,task     ] GC(86) Using 1 workers of 1 for marking
[2023-04-06T07:59:43.411+0000][69][gc,marking  ] GC(86) Concurrent Mark From Roots 111.507ms
[2023-04-06T07:59:43.412+0000][69][gc,marking  ] GC(86) Concurrent Preclean
[2023-04-06T07:59:43.412+0000][69][gc,marking  ] GC(86) Concurrent Preclean 0.844ms
[2023-04-06T07:59:43.413+0000][69][gc,start    ] GC(86) Pause Remark
[2023-04-06T07:59:43.424+0000][69][gc          ] GC(86) Pause Remark 111M->111M(256M) 10.617ms
[2023-04-06T07:59:43.425+0000][69][gc,cpu      ] GC(86) User=0.03s Sys=0.00s Real=0.01s
[2023-04-06T07:59:43.425+0000][69][safepoint   ] Safepoint "G1PauseRemark", Time since last: 120598768 ns, Reaching safepoint: 63084 ns, At safepoint: 11959040 ns, Total: 12022124 ns
[2023-04-06T07:59:43.426+0000][69][gc,marking  ] GC(86) Concurrent Mark 126.665ms
[2023-04-06T07:59:43.426+0000][69][gc,marking  ] GC(86) Concurrent Rebuild Remembered Sets
[2023-04-06T07:59:43.502+0000][69][gc,marking  ] GC(86) Concurrent Rebuild Remembered Sets 75.594ms
[2023-04-06T07:59:43.503+0000][69][gc,start    ] GC(86) Pause Cleanup
[2023-04-06T07:59:43.504+0000][69][gc          ] GC(86) Pause Cleanup 116M->116M(256M) 0.883ms
[2023-04-06T07:59:43.505+0000][69][gc,cpu      ] GC(86) User=0.01s Sys=0.00s Real=0.00s
[2023-04-06T07:59:43.506+0000][69][safepoint   ] Safepoint "G1PauseCleanup", Time since last: 77977767 ns, Reaching safepoint: 184513 ns, At safepoint: 2715721 ns, Total: 2900234 ns
[2023-04-06T07:59:43.507+0000][69][gc,marking  ] GC(86) Concurrent Cleanup for Next Mark
[2023-04-06T07:59:43.508+0000][69][gc,marking  ] GC(86) Concurrent Cleanup for Next Mark 1.385ms
[2023-04-06T07:59:43.509+0000][69][gc          ] GC(86) Concurrent Mark Cycle 216.773ms
[2023-04-06T07:59:44.507+0000][69][safepoint   ] Safepoint "Cleanup", Time since last: 1000751499 ns, Reaching safepoint: 102203 ns, At safepoint: 2854 ns, Total: 105057 ns
[2023-04-06T07:59:49.511+0000][69][safepoint   ] Safepoint "Cleanup", Time since last: 5004260692 ns, Reaching safepoint: 205974 ns, At safepoint: 6564 ns, Total: 212538 ns
[2023-04-06T07:59:59.524+0000][69][safepoint   ] Safepoint "Cleanup", Time since last: 10012427379 ns, Reaching safepoint: 139276 ns, At safepoint: 4454 ns, Total: 143730 ns
[2023-04-06T08:00:01.528+0000][69][safepoint   ] Safepoint "Cleanup", Time since last: 2003418912 ns, Reaching safepoint: 216648 ns, At safepoint: 68011 ns, Total: 284659 ns
[2023-04-06T08:00:02.530+0000][69][safepoint   ] Safepoint "Cleanup", Time since last: 1001570960 ns, Reaching safepoint: 317206 ns, At safepoint: 8697 ns, Total: 325903 ns
[2023-04-06T08:00:03.512+0000][69][safepoint   ] Safepoint "Cleanup", Time since last: 1003587136 ns, Reaching safepoint: 839570 ns, At safepoint: 23179 ns, Total: 862749 ns
[2023-04-06T08:00:04.516+0000][69][safepoint   ] Safepoint "Cleanup", Time since last: 1002984925 ns, Reaching safepoint: 105868 ns, At safepoint: 3869 ns, Total: 109737 ns
[2023-04-06T08:00:06.518+0000][69][safepoint   ] Safepoint "Cleanup", Time since last: 2002254096 ns, Reaching safepoint: 642367 ns, At safepoint: 15806 ns, Total: 658173 ns
[2023-04-06T08:00:07.221+0000][69][gc,start    ] GC(87) Pause Young (Normal) (G1 Evacuation Pause)
[2023-04-06T08:00:07.222+0000][69][gc,task     ] GC(87) Using 4 workers of 4 for evacuation
[2023-04-06T08:00:07.222+0000][69][gc,age      ] GC(87) Desired survivor size 6291456 bytes, new threshold 15 (max threshold 15)
[2023-04-06T08:00:07.228+0000][69][gc,phases   ] GC(87)   Pre Evacuate Collection Set: 0.2ms
[2023-04-06T08:00:07.229+0000][69][gc,phases   ] GC(87)   Merge Heap Roots: 0.2ms
[2023-04-06T08:00:07.229+0000][69][gc,phases   ] GC(87)   Evacuate Collection Set: 3.2ms
[2023-04-06T08:00:07.230+0000][69][gc,phases   ] GC(87)   Post Evacuate Collection Set: 1.1ms
[2023-04-06T08:00:07.231+0000][69][gc,phases   ] GC(87)   Other: 1.1ms
[2023-04-06T08:00:07.232+0000][69][gc,age      ] GC(87) Age table with threshold 15 (max threshold 15)
[2023-04-06T08:00:07.232+0000][69][gc,age      ] GC(87) - age   1:     790792 bytes,     790792 total
[2023-04-06T08:00:07.233+0000][69][gc,age      ] GC(87) - age   2:     334112 bytes,    1124904 total
[2023-04-06T08:00:07.233+0000][69][gc,age      ] GC(87) - age   3:      15048 bytes,    1139952 total
[2023-04-06T08:00:07.234+0000][69][gc,age      ] GC(87) - age   4:       9800 bytes,    1149752 total
[2023-04-06T08:00:07.234+0000][69][gc,age      ] GC(87) - age   5:      10632 bytes,    1160384 total
[2023-04-06T08:00:07.235+0000][69][gc,age      ] GC(87) - age   6:     703736 bytes,    1864120 total
[2023-04-06T08:00:07.235+0000][69][gc,age      ] GC(87) - age   7:       2320 bytes,    1866440 total
[2023-04-06T08:00:07.236+0000][69][gc,age      ] GC(87) - age   8:       1032 bytes,    1867472 total
[2023-04-06T08:00:07.237+0000][69][gc,age      ] GC(87) - age   9:      10296 bytes,    1877768 total
[2023-04-06T08:00:07.238+0000][69][gc,age      ] GC(87) - age  10:       1432 bytes,    1879200 total
[2023-04-06T08:00:07.238+0000][69][gc,age      ] GC(87) - age  12:      13472 bytes,    1892672 total
[2023-04-06T08:00:07.239+0000][69][gc,age      ] GC(87) - age  13:       5880 bytes,    1898552 total
[2023-04-06T08:00:07.239+0000][69][gc,age      ] GC(87) - age  14:     166096 bytes,    2064648 total
[2023-04-06T08:00:07.240+0000][69][gc,age      ] GC(87) - age  15:     100672 bytes,    2165320 total
[2023-04-06T08:00:07.241+0000][69][gc,heap     ] GC(87) Eden regions: 23->0(23)
[2023-04-06T08:00:07.241+0000][69][gc,heap     ] GC(87) Survivor regions: 1->1(3)
[2023-04-06T08:00:07.242+0000][69][gc,heap     ] GC(87) Old regions: 24->24
[2023-04-06T08:00:07.242+0000][69][gc,heap     ] GC(87) Archive regions: 2->2
[2023-04-06T08:00:07.243+0000][69][gc,heap     ] GC(87) Humongous regions: 2->2
[2023-04-06T08:00:07.244+0000][69][gc,metaspace] GC(87) Metaspace: 136676K(140608K)->136676K(140608K) NonClass: 119238K(120896K)->119238K(120896K) Class: 17438K(19712K)->17438K(19712K)
[2023-04-06T08:00:07.244+0000][69][gc          ] GC(87) Pause Young (Normal) (G1 Evacuation Pause) 201M->108M(256M) 22.677ms
[2023-04-06T08:00:07.245+0000][69][gc,cpu      ] GC(87) User=0.01s Sys=0.00s Real=0.02s
[2023-04-06T08:00:07.245+0000][69][safepoint   ] Safepoint "G1CollectForAllocation", Time since last: 702756138 ns, Reaching safepoint: 88164 ns, At safepoint: 23901399 ns, Total: 23989563 ns
[2023-04-06T08:00:08.247+0000][69][safepoint   ] Safepoint "Cleanup", Time since last: 1001804455 ns, Reaching safepoint: 145721 ns, At safepoint: 3984 ns, Total: 149705 ns
[2023-04-06T08:00:14.253+0000][69][safepoint   ] Safepoint "Cleanup", Time since last: 6006098972 ns, Reaching safepoint: 120622 ns, At safepoint: 10628 ns, Total: 131250 ns
[2023-04-06T08:00:16.255+0000][69][safepoint   ] Safepoint "Cleanup", Time since last: 2001618582 ns, Reaching safepoint: 315177 ns, At safepoint: 7105 ns, Total: 322282 ns
[2023-04-06T08:00:17.258+0000][69][safepoint   ] Safepoint "Cleanup", Time since last: 1002316624 ns, Reaching safepoint: 363098 ns, At safepoint: 9556 ns, Total: 372654 ns
[2023-04-06T08:00:18.262+0000][69][safepoint   ] Safepoint "Cleanup", Time since last: 1003827278 ns, Reaching safepoint: 166657 ns, At safepoint: 5238 ns, Total: 171895 ns
[2023-04-06T08:00:19.264+0000][69][safepoint   ] Safepoint "Cleanup", Time since last: 1001532678 ns, Reaching safepoint: 132308 ns, At safepoint: 7750 ns, Total: 140058 ns
[2023-04-06T08:00:20.265+0000][69][safepoint   ] Safepoint "Cleanup", Time since last: 1001038089 ns, Reaching safepoint: 75371 ns, At safepoint: 5484 ns, Total: 80855 ns
[2023-04-06T08:00:21.266+0000][69][safepoint   ] Safepoint "Cleanup", Time since last: 1001227223 ns, Reaching safepoint: 211414 ns, At safepoint: 19349 ns, Total: 230763 ns
[2023-04-06T08:00:22.270+0000][69][safepoint   ] Safepoint "Cleanup", Time since last: 1003563363 ns, Reaching safepoint: 90522 ns, At safepoint: 3088 ns, Total: 93610 ns
[2023-04-06T08:00:25.273+0000][69][safepoint   ] Safepoint "Cleanup", Time since last: 3003076136 ns, Reaching safepoint: 301196 ns, At safepoint: 56725 ns, Total: 357921 ns
[2023-04-06T08:00:27.293+0000][69][safepoint   ] Safepoint "Cleanup", Time since last: 2005159482 ns, Reaching safepoint: 13856850 ns, At safepoint: 107834 ns, Total: 13964684 ns
[2023-04-06T08:00:28.295+0000][69][safepoint   ] Safepoint "Cleanup", Time since last: 1002645312 ns, Reaching safepoint: 134140 ns, At safepoint: 4814 ns, Total: 138954 ns
[2023-04-06T08:00:36.279+0000][69][safepoint   ] Safepoint "Cleanup", Time since last: 8005382520 ns, Reaching safepoint: 111418 ns, At safepoint: 3853 ns, Total: 115271 ns
[2023-04-06T08:00:37.381+0000][69][gc,start    ] GC(88) Pause Young (Concurrent Start) (G1 Evacuation Pause)
[2023-04-06T08:00:37.382+0000][69][gc,task     ] GC(88) Using 4 workers of 4 for evacuation
[2023-04-06T08:00:37.382+0000][69][gc,age      ] GC(88) Desired survivor size 6291456 bytes, new threshold 15 (max threshold 15)
[2023-04-06T08:00:37.387+0000][69][gc,phases   ] GC(88)   Pre Evacuate Collection Set: 0.4ms
[2023-04-06T08:00:37.388+0000][69][gc,phases   ] GC(88)   Merge Heap Roots: 0.2ms
[2023-04-06T08:00:37.388+0000][69][gc,phases   ] GC(88)   Evacuate Collection Set: 2.6ms
[2023-04-06T08:00:37.389+0000][69][gc,phases   ] GC(88)   Post Evacuate Collection Set: 0.9ms
[2023-04-06T08:00:37.389+0000][69][gc,phases   ] GC(88)   Other: 1.1ms
[2023-04-06T08:00:37.390+0000][69][gc,age      ] GC(88) Age table with threshold 15 (max threshold 15)
[2023-04-06T08:00:37.391+0000][69][gc,age      ] GC(88) - age   1:     662992 bytes,     662992 total
[2023-04-06T08:00:37.391+0000][69][gc,age      ] GC(88) - age   2:     172392 bytes,     835384 total
[2023-04-06T08:00:37.391+0000][69][gc,age      ] GC(88) - age   3:     325032 bytes,    1160416 total
[2023-04-06T08:00:37.392+0000][69][gc,age      ] GC(88) - age   4:      14728 bytes,    1175144 total
[2023-04-06T08:00:37.392+0000][69][gc,age      ] GC(88) - age   5:       9504 bytes,    1184648 total
[2023-04-06T08:00:37.393+0000][69][gc,age      ] GC(88) - age   6:      10568 bytes,    1195216 total
[2023-04-06T08:00:37.393+0000][69][gc,age      ] GC(88) - age   7:     675856 bytes,    1871072 total
[2023-04-06T08:00:37.394+0000][69][gc,age      ] GC(88) - age   8:       2320 bytes,    1873392 total
[2023-04-06T08:00:37.394+0000][69][gc,age      ] GC(88) - age   9:       1032 bytes,    1874424 total
[2023-04-06T08:00:37.395+0000][69][gc,age      ] GC(88) - age  10:       6496 bytes,    1880920 total
[2023-04-06T08:00:37.395+0000][69][gc,age      ] GC(88) - age  11:       1432 bytes,    1882352 total
[2023-04-06T08:00:37.396+0000][69][gc,age      ] GC(88) - age  13:      13472 bytes,    1895824 total
[2023-04-06T08:00:37.396+0000][69][gc,age      ] GC(88) - age  14:       5880 bytes,    1901704 total
[2023-04-06T08:00:37.397+0000][69][gc,age      ] GC(88) - age  15:     166096 bytes,    2067800 total
[2023-04-06T08:00:37.398+0000][69][gc,heap     ] GC(88) Eden regions: 23->0(24)
[2023-04-06T08:00:37.398+0000][69][gc,heap     ] GC(88) Survivor regions: 1->1(3)
[2023-04-06T08:00:37.398+0000][69][gc,heap     ] GC(88) Old regions: 24->24
[2023-04-06T08:00:37.399+0000][69][gc,heap     ] GC(88) Archive regions: 2->2
[2023-04-06T08:00:37.400+0000][69][gc,heap     ] GC(88) Humongous regions: 2->2
[2023-04-06T08:00:37.401+0000][69][gc,metaspace] GC(88) Metaspace: 136717K(140608K)->136717K(140608K) NonClass: 119278K(120896K)->119278K(120896K) Class: 17438K(19712K)->17438K(19712K)
[2023-04-06T08:00:37.401+0000][69][gc          ] GC(88) Pause Young (Concurrent Start) (G1 Evacuation Pause) 200M->108M(256M) 19.943ms
[2023-04-06T08:00:37.402+0000][69][gc,cpu      ] GC(88) User=0.01s Sys=0.00s Real=0.02s
[2023-04-06T08:00:37.402+0000][69][gc          ] GC(89) Concurrent Mark Cycle
[2023-04-06T08:00:37.403+0000][69][gc,marking  ] GC(89) Concurrent Clear Claimed Marks
[2023-04-06T08:00:37.402+0000][69][safepoint   ] Safepoint "G1CollectForAllocation", Time since last: 1102000974 ns, Reaching safepoint: 65962 ns, At safepoint: 20995256 ns, Total: 21061218 ns
[2023-04-06T08:00:37.404+0000][69][gc,marking  ] GC(89) Concurrent Clear Claimed Marks 0.804ms
[2023-04-06T08:00:37.405+0000][69][gc,marking  ] GC(89) Concurrent Scan Root Regions
[2023-04-06T08:00:37.408+0000][69][gc,marking  ] GC(89) Concurrent Scan Root Regions 2.677ms
[2023-04-06T08:00:37.408+0000][69][gc,marking  ] GC(89) Concurrent Mark
[2023-04-06T08:00:37.409+0000][69][gc,marking  ] GC(89) Concurrent Mark From Roots
[2023-04-06T08:00:37.409+0000][69][gc,task     ] GC(89) Using 1 workers of 1 for marking
[2023-04-06T08:00:37.521+0000][69][gc,marking  ] GC(89) Concurrent Mark From Roots 112.578ms
[2023-04-06T08:00:37.522+0000][69][gc,marking  ] GC(89) Concurrent Preclean
[2023-04-06T08:00:37.523+0000][69][gc,marking  ] GC(89) Concurrent Preclean 0.943ms
[2023-04-06T08:00:37.524+0000][69][gc,start    ] GC(89) Pause Remark
[2023-04-06T08:00:37.536+0000][69][gc          ] GC(89) Pause Remark 113M->113M(256M) 11.893ms
[2023-04-06T08:00:37.537+0000][69][gc,cpu      ] GC(89) User=0.03s Sys=0.00s Real=0.01s
[2023-04-06T08:00:37.537+0000][69][safepoint   ] Safepoint "G1PauseRemark", Time since last: 121529347 ns, Reaching safepoint: 142552 ns, At safepoint: 13400753 ns, Total: 13543305 ns
[2023-04-06T08:00:37.538+0000][69][gc,marking  ] GC(89) Concurrent Mark 130.233ms
[2023-04-06T08:00:37.539+0000][69][gc,marking  ] GC(89) Concurrent Rebuild Remembered Sets
[2023-04-06T08:00:37.592+0000][69][gc,marking  ] GC(89) Concurrent Rebuild Remembered Sets 52.873ms
[2023-04-06T08:00:37.593+0000][69][gc,start    ] GC(89) Pause Cleanup
[2023-04-06T08:00:37.594+0000][69][gc          ] GC(89) Pause Cleanup 114M->114M(256M) 0.601ms
[2023-04-06T08:00:37.594+0000][69][gc,cpu      ] GC(89) User=0.00s Sys=0.00s Real=0.01s
[2023-04-06T08:00:37.595+0000][69][safepoint   ] Safepoint "G1PauseCleanup", Time since last: 55588701 ns, Reaching safepoint: 103657 ns, At safepoint: 1657325 ns, Total: 1760982 ns
[2023-04-06T08:00:37.595+0000][69][gc,marking  ] GC(89) Concurrent Cleanup for Next Mark
[2023-04-06T08:00:37.596+0000][69][gc,marking  ] GC(89) Concurrent Cleanup for Next Mark 0.676ms
[2023-04-06T08:00:37.596+0000][69][gc          ] GC(89) Concurrent Mark Cycle 194.749ms
[2023-04-06T08:00:44.605+0000][69][safepoint   ] Safepoint "Cleanup", Time since last: 7010476428 ns, Reaching safepoint: 157966 ns, At safepoint: 4768 ns, Total: 162734 ns
[2023-04-06T08:00:45.608+0000][69][safepoint   ] Safepoint "Cleanup", Time since last: 1002077264 ns, Reaching safepoint: 209083 ns, At safepoint: 3575 ns, Total: 212658 ns
[2023-04-06T08:00:54.618+0000][69][safepoint   ] Safepoint "Cleanup", Time since last: 9009752052 ns, Reaching safepoint: 673407 ns, At safepoint: 29649 ns, Total: 703056 ns
[2023-04-06T08:00:55.622+0000][69][safepoint   ] Safepoint "Cleanup", Time since last: 1003616208 ns, Reaching safepoint: 191018 ns, At safepoint: 8096 ns, Total: 199114 ns
[2023-04-06T08:00:56.623+0000][69][safepoint   ] Safepoint "Cleanup", Time since last: 1000797788 ns, Reaching safepoint: 135924 ns, At safepoint: 5348 ns, Total: 141272 ns
[2023-04-06T08:00:57.626+0000][69][safepoint   ] Safepoint "Cleanup", Time since last: 1002870211 ns, Reaching safepoint: 184989 ns, At safepoint: 11964 ns, Total: 196953 ns
[2023-04-06T08:01:01.631+0000][69][safepoint   ] Safepoint "Cleanup", Time since last: 4005475027 ns, Reaching safepoint: 139237 ns, At safepoint: 26302 ns, Total: 165539 ns
[2023-04-06T08:01:02.634+0000][69][safepoint   ] Safepoint "Cleanup", Time since last: 1002174219 ns, Reaching safepoint: 218593 ns, At safepoint: 24718 ns, Total: 243311 ns
[2023-04-06T08:01:03.615+0000][69][safepoint   ] Safepoint "Cleanup", Time since last: 1002339714 ns, Reaching safepoint: 103060 ns, At safepoint: 5742 ns, Total: 108802 ns
[2023-04-06T08:01:07.536+0000][69][gc,start    ] GC(90) Pause Young (Normal) (G1 Evacuation Pause)
[2023-04-06T08:01:07.537+0000][69][gc,task     ] GC(90) Using 4 workers of 4 for evacuation
[2023-04-06T08:01:07.538+0000][69][gc,age      ] GC(90) Desired survivor size 8388608 bytes, new threshold 15 (max threshold 15)
[2023-04-06T08:01:07.542+0000][69][gc,phases   ] GC(90)   Pre Evacuate Collection Set: 0.1ms
[2023-04-06T08:01:07.543+0000][69][gc,phases   ] GC(90)   Merge Heap Roots: 0.2ms
[2023-04-06T08:01:07.543+0000][69][gc,phases   ] GC(90)   Evacuate Collection Set: 2.3ms
[2023-04-06T08:01:07.544+0000][69][gc,phases   ] GC(90)   Post Evacuate Collection Set: 1.2ms
[2023-04-06T08:01:07.544+0000][69][gc,phases   ] GC(90)   Other: 1.1ms
[2023-04-06T08:01:07.545+0000][69][gc,age      ] GC(90) Age table with threshold 15 (max threshold 15)
[2023-04-06T08:01:07.545+0000][69][gc,age      ] GC(90) - age   1:    1090048 bytes,    1090048 total
[2023-04-06T08:01:07.546+0000][69][gc,age      ] GC(90) - age   2:       3944 bytes,    1093992 total
[2023-04-06T08:01:07.546+0000][69][gc,age      ] GC(90) - age   3:     171008 bytes,    1265000 total
[2023-04-06T08:01:07.547+0000][69][gc,age      ] GC(90) - age   4:     324264 bytes,    1589264 total
[2023-04-06T08:01:07.547+0000][69][gc,age      ] GC(90) - age   5:      14368 bytes,    1603632 total
[2023-04-06T08:01:07.548+0000][69][gc,age      ] GC(90) - age   6:       9504 bytes,    1613136 total
[2023-04-06T08:01:07.548+0000][69][gc,age      ] GC(90) - age   7:      10568 bytes,    1623704 total
[2023-04-06T08:01:07.549+0000][69][gc,age      ] GC(90) - age   8:     675856 bytes,    2299560 total
[2023-04-06T08:01:07.549+0000][69][gc,age      ] GC(90) - age   9:       2320 bytes,    2301880 total
[2023-04-06T08:01:07.549+0000][69][gc,age      ] GC(90) - age  10:       1032 bytes,    2302912 total
[2023-04-06T08:01:07.550+0000][69][gc,age      ] GC(90) - age  11:       6496 bytes,    2309408 total
[2023-04-06T08:01:07.550+0000][69][gc,age      ] GC(90) - age  12:       1432 bytes,    2310840 total
[2023-04-06T08:01:07.551+0000][69][gc,age      ] GC(90) - age  14:      13472 bytes,    2324312 total
[2023-04-06T08:01:07.551+0000][69][gc,age      ] GC(90) - age  15:       5880 bytes,    2330192 total
[2023-04-06T08:01:07.552+0000][69][gc,heap     ] GC(90) Eden regions: 24->0(24)
[2023-04-06T08:01:07.552+0000][69][gc,heap     ] GC(90) Survivor regions: 1->1(4)
[2023-04-06T08:01:07.553+0000][69][gc,heap     ] GC(90) Old regions: 24->24
[2023-04-06T08:01:07.553+0000][69][gc,heap     ] GC(90) Archive regions: 2->2
[2023-04-06T08:01:07.554+0000][69][gc,heap     ] GC(90) Humongous regions: 2->2
[2023-04-06T08:01:07.554+0000][69][gc,metaspace] GC(90) Metaspace: 136726K(140608K)->136726K(140608K) NonClass: 119288K(120896K)->119288K(120896K) Class: 17438K(19712K)->17438K(19712K)
[2023-04-06T08:01:07.555+0000][69][gc          ] GC(90) Pause Young (Normal) (G1 Evacuation Pause) 204M->109M(256M) 18.965ms
[2023-04-06T08:01:07.555+0000][69][gc,cpu      ] GC(90) User=0.01s Sys=0.01s Real=0.02s
[2023-04-06T08:01:07.556+0000][69][safepoint   ] Safepoint "G1CollectForAllocation", Time since last: 3920849099 ns, Reaching safepoint: 162098 ns, At safepoint: 20211000 ns, Total: 20373098 ns
[2023-04-06T08:01:08.558+0000][69][safepoint   ] Safepoint "Cleanup", Time since last: 1001465880 ns, Reaching safepoint: 214594 ns, At safepoint: 9693 ns, Total: 224287 ns
[2023-04-06T08:01:13.561+0000][69][safepoint   ] Safepoint "Cleanup", Time since last: 5003224706 ns, Reaching safepoint: 195065 ns, At safepoint: 10157 ns, Total: 205222 ns
[2023-04-06T08:01:15.563+0000][69][safepoint   ] Safepoint "Cleanup", Time since last: 2001545341 ns, Reaching safepoint: 620049 ns, At safepoint: 15872 ns, Total: 635921 ns
[2023-04-06T08:01:16.567+0000][69][safepoint   ] Safepoint "Cleanup", Time since last: 1003302799 ns, Reaching safepoint: 425734 ns, At safepoint: 11579 ns, Total: 437313 ns
[2023-04-06T08:01:19.576+0000][69][safepoint   ] Safepoint "Cleanup", Time since last: 3009014240 ns, Reaching safepoint: 102392 ns, At safepoint: 3058 ns, Total: 105450 ns
[2023-04-06T08:01:21.578+0000][69][safepoint   ] Safepoint "Cleanup", Time since last: 2001482878 ns, Reaching safepoint: 119032 ns, At safepoint: 7514 ns, Total: 126546 ns
[2023-04-06T08:01:25.582+0000][69][safepoint   ] Safepoint "Cleanup", Time since last: 4004183945 ns, Reaching safepoint: 175531 ns, At safepoint: 3812 ns, Total: 179343 ns
[2023-04-06T08:01:34.568+0000][69][safepoint   ] Safepoint "Cleanup", Time since last: 9006683735 ns, Reaching safepoint: 195401 ns, At safepoint: 6584 ns, Total: 201985 ns
[2023-04-06T08:01:37.574+0000][69][safepoint   ] Safepoint "Cleanup", Time since last: 3005804501 ns, Reaching safepoint: 98210 ns, At safepoint: 25642 ns, Total: 123852 ns
[2023-04-06T08:01:38.575+0000][69][safepoint   ] Safepoint "Cleanup", Time since last: 1001266293 ns, Reaching safepoint: 99507 ns, At safepoint: 3058 ns, Total: 102565 ns
[2023-04-06T08:01:39.252+0000][69][gc,start    ] GC(91) Pause Young (Concurrent Start) (G1 Evacuation Pause)
[2023-04-06T08:01:39.253+0000][69][gc,task     ] GC(91) Using 4 workers of 4 for evacuation
[2023-04-06T08:01:39.254+0000][69][gc,age      ] GC(91) Desired survivor size 8388608 bytes, new threshold 15 (max threshold 15)
[2023-04-06T08:01:39.257+0000][69][gc,phases   ] GC(91)   Pre Evacuate Collection Set: 0.4ms
[2023-04-06T08:01:39.258+0000][69][gc,phases   ] GC(91)   Merge Heap Roots: 0.1ms
[2023-04-06T08:01:39.259+0000][69][gc,phases   ] GC(91)   Evacuate Collection Set: 1.8ms
[2023-04-06T08:01:39.259+0000][69][gc,phases   ] GC(91)   Post Evacuate Collection Set: 0.6ms
[2023-04-06T08:01:39.259+0000][69][gc,phases   ] GC(91)   Other: 0.9ms
[2023-04-06T08:01:39.260+0000][69][gc,age      ] GC(91) Age table with threshold 15 (max threshold 15)
[2023-04-06T08:01:39.260+0000][69][gc,age      ] GC(91) - age   1:    1016336 bytes,    1016336 total
[2023-04-06T08:01:39.261+0000][69][gc,age      ] GC(91) - age   2:     159272 bytes,    1175608 total
[2023-04-06T08:01:39.261+0000][69][gc,age      ] GC(91) - age   3:       3312 bytes,    1178920 total
[2023-04-06T08:01:39.262+0000][69][gc,age      ] GC(91) - age   4:      29928 bytes,    1208848 total
[2023-04-06T08:01:39.262+0000][69][gc,age      ] GC(91) - age   5:     324264 bytes,    1533112 total
[2023-04-06T08:01:39.263+0000][69][gc,age      ] GC(91) - age   6:      14368 bytes,    1547480 total
[2023-04-06T08:01:39.264+0000][69][gc,age      ] GC(91) - age   7:       1488 bytes,    1548968 total
[2023-04-06T08:01:39.264+0000][69][gc,age      ] GC(91) - age   8:      10568 bytes,    1559536 total
[2023-04-06T08:01:39.264+0000][69][gc,age      ] GC(91) - age   9:     675856 bytes,    2235392 total
[2023-04-06T08:01:39.265+0000][69][gc,age      ] GC(91) - age  10:       2320 bytes,    2237712 total
[2023-04-06T08:01:39.266+0000][69][gc,age      ] GC(91) - age  11:       1032 bytes,    2238744 total
[2023-04-06T08:01:39.266+0000][69][gc,age      ] GC(91) - age  12:       6496 bytes,    2245240 total
[2023-04-06T08:01:39.267+0000][69][gc,age      ] GC(91) - age  13:       1432 bytes,    2246672 total
[2023-04-06T08:01:39.267+0000][69][gc,age      ] GC(91) - age  15:      13472 bytes,    2260144 total
[2023-04-06T08:01:39.268+0000][69][gc,heap     ] GC(91) Eden regions: 24->0(24)
[2023-04-06T08:01:39.268+0000][69][gc,heap     ] GC(91) Survivor regions: 1->1(4)
[2023-04-06T08:01:39.269+0000][69][gc,heap     ] GC(91) Old regions: 24->24
[2023-04-06T08:01:39.269+0000][69][gc,heap     ] GC(91) Archive regions: 2->2
[2023-04-06T08:01:39.270+0000][69][gc,heap     ] GC(91) Humongous regions: 2->2
[2023-04-06T08:01:39.271+0000][69][gc,metaspace] GC(91) Metaspace: 136734K(140608K)->136734K(140608K) NonClass: 119295K(120896K)->119295K(120896K) Class: 17438K(19712K)->17438K(19712K)
[2023-04-06T08:01:39.271+0000][69][gc          ] GC(91) Pause Young (Concurrent Start) (G1 Evacuation Pause) 205M->109M(256M) 18.622ms
[2023-04-06T08:01:39.272+0000][69][gc          ] GC(92) Concurrent Mark Cycle
[2023-04-06T08:01:39.272+0000][69][gc,marking  ] GC(92) Concurrent Clear Claimed Marks
[2023-04-06T08:01:39.272+0000][69][gc,cpu      ] GC(91) User=0.01s Sys=0.00s Real=0.02s
[2023-04-06T08:01:39.273+0000][69][safepoint   ] Safepoint "G1CollectForAllocation", Time since last: 677384003 ns, Reaching safepoint: 82062 ns, At safepoint: 21076818 ns, Total: 21158880 ns
[2023-04-06T08:01:39.273+0000][69][gc,marking  ] GC(92) Concurrent Clear Claimed Marks 0.771ms
[2023-04-06T08:01:39.275+0000][69][gc,marking  ] GC(92) Concurrent Scan Root Regions
[2023-04-06T08:01:39.279+0000][69][gc,marking  ] GC(92) Concurrent Scan Root Regions 3.426ms
[2023-04-06T08:01:39.279+0000][69][gc,marking  ] GC(92) Concurrent Mark
[2023-04-06T08:01:39.280+0000][69][gc,marking  ] GC(92) Concurrent Mark From Roots
[2023-04-06T08:01:39.280+0000][69][gc,task     ] GC(92) Using 1 workers of 1 for marking
[2023-04-06T08:01:39.372+0000][69][gc,marking  ] GC(92) Concurrent Mark From Roots 92.507ms
[2023-04-06T08:01:39.373+0000][69][gc,marking  ] GC(92) Concurrent Preclean
[2023-04-06T08:01:39.374+0000][69][gc,marking  ] GC(92) Concurrent Preclean 0.877ms
[2023-04-06T08:01:39.374+0000][69][gc,start    ] GC(92) Pause Remark
[2023-04-06T08:01:39.398+0000][69][gc          ] GC(92) Pause Remark 109M->109M(256M) 23.379ms
[2023-04-06T08:01:39.399+0000][69][gc,cpu      ] GC(92) User=0.08s Sys=0.00s Real=0.02s
[2023-04-06T08:01:39.399+0000][69][safepoint   ] Safepoint "G1PauseRemark", Time since last: 100991849 ns, Reaching safepoint: 32852 ns, At safepoint: 24841207 ns, Total: 24874059 ns
[2023-04-06T08:01:39.401+0000][69][gc,marking  ] GC(92) Concurrent Mark 121.492ms
[2023-04-06T08:01:39.401+0000][69][gc,marking  ] GC(92) Concurrent Rebuild Remembered Sets
[2023-04-06T08:01:39.453+0000][69][gc,marking  ] GC(92) Concurrent Rebuild Remembered Sets 51.850ms
[2023-04-06T08:01:39.454+0000][69][gc,start    ] GC(92) Pause Cleanup
[2023-04-06T08:01:39.455+0000][69][gc          ] GC(92) Pause Cleanup 109M->109M(256M) 0.876ms
[2023-04-06T08:01:39.456+0000][69][gc,cpu      ] GC(92) User=0.00s Sys=0.00s Real=0.00s
[2023-04-06T08:01:39.457+0000][69][safepoint   ] Safepoint "G1PauseCleanup", Time since last: 54943307 ns, Reaching safepoint: 98319 ns, At safepoint: 2217636 ns, Total: 2315955 ns
[2023-04-06T08:01:39.457+0000][69][gc,marking  ] GC(92) Concurrent Cleanup for Next Mark
[2023-04-06T08:01:39.458+0000][69][gc,marking  ] GC(92) Concurrent Cleanup for Next Mark 0.691ms
[2023-04-06T08:01:39.458+0000][69][gc          ] GC(92) Concurrent Mark Cycle 186.582ms
[2023-04-06T08:01:45.469+0000][69][safepoint   ] Safepoint "Cleanup", Time since last: 6012235201 ns, Reaching safepoint: 396622 ns, At safepoint: 11631 ns, Total: 408253 ns
[2023-04-06T08:01:49.473+0000][69][safepoint   ] Safepoint "Cleanup", Time since last: 4003512752 ns, Reaching safepoint: 185997 ns, At safepoint: 4250 ns, Total: 190247 ns
[2023-04-06T08:01:50.476+0000][69][safepoint   ] Safepoint "Cleanup", Time since last: 1002809540 ns, Reaching safepoint: 156217 ns, At safepoint: 4503 ns, Total: 160720 ns
[2023-04-06T08:01:55.480+0000][69][safepoint   ] Safepoint "Cleanup", Time since last: 5003739882 ns, Reaching safepoint: 190246 ns, At safepoint: 5188 ns, Total: 195434 ns
[2023-04-06T08:01:56.481+0000][69][safepoint   ] Safepoint "Cleanup", Time since last: 1000874509 ns, Reaching safepoint: 201517 ns, At safepoint: 4453 ns, Total: 205970 ns
[2023-04-06T08:02:03.462+0000][69][safepoint   ] Safepoint "Cleanup", Time since last: 7002875742 ns, Reaching safepoint: 111140 ns, At safepoint: 4577 ns, Total: 115717 ns
[2023-04-06T08:02:08.467+0000][69][safepoint   ] Safepoint "Cleanup", Time since last: 5004962605 ns, Reaching safepoint: 106120 ns, At safepoint: 2871 ns, Total: 108991 ns
[2023-04-06T08:02:10.098+0000][69][gc,start    ] GC(93) Pause Young (Normal) (G1 Evacuation Pause)
[2023-04-06T08:02:10.098+0000][69][gc,task     ] GC(93) Using 4 workers of 4 for evacuation
[2023-04-06T08:02:10.099+0000][69][gc,age      ] GC(93) Desired survivor size 8388608 bytes, new threshold 15 (max threshold 15)
[2023-04-06T08:02:10.104+0000][69][gc,phases   ] GC(93)   Pre Evacuate Collection Set: 0.2ms
[2023-04-06T08:02:10.104+0000][69][gc,phases   ] GC(93)   Merge Heap Roots: 0.2ms
[2023-04-06T08:02:10.105+0000][69][gc,phases   ] GC(93)   Evacuate Collection Set: 2.5ms
[2023-04-06T08:02:10.106+0000][69][gc,phases   ] GC(93)   Post Evacuate Collection Set: 1.2ms
[2023-04-06T08:02:10.107+0000][69][gc,phases   ] GC(93)   Other: 1.1ms
[2023-04-06T08:02:10.107+0000][69][gc,age      ] GC(93) Age table with threshold 15 (max threshold 15)
[2023-04-06T08:02:10.108+0000][69][gc,age      ] GC(93) - age   1:    1598680 bytes,    1598680 total
[2023-04-06T08:02:10.109+0000][69][gc,age      ] GC(93) - age   2:     145624 bytes,    1744304 total
[2023-04-06T08:02:10.109+0000][69][gc,age      ] GC(93) - age   3:      15672 bytes,    1759976 total
[2023-04-06T08:02:10.110+0000][69][gc,age      ] GC(93) - age   4:       3248 bytes,    1763224 total
[2023-04-06T08:02:10.110+0000][69][gc,age      ] GC(93) - age   5:      29456 bytes,    1792680 total
[2023-04-06T08:02:10.111+0000][69][gc,age      ] GC(93) - age   6:     324264 bytes,    2116944 total
[2023-04-06T08:02:10.111+0000][69][gc,age      ] GC(93) - age   7:      10984 bytes,    2127928 total
[2023-04-06T08:02:10.112+0000][69][gc,age      ] GC(93) - age   8:       1488 bytes,    2129416 total
[2023-04-06T08:02:10.112+0000][69][gc,age      ] GC(93) - age   9:      10568 bytes,    2139984 total
[2023-04-06T08:02:10.113+0000][69][gc,age      ] GC(93) - age  10:     675400 bytes,    2815384 total
[2023-04-06T08:02:10.113+0000][69][gc,age      ] GC(93) - age  11:       2320 bytes,    2817704 total
[2023-04-06T08:02:10.114+0000][69][gc,age      ] GC(93) - age  12:       1032 bytes,    2818736 total
[2023-04-06T08:02:10.115+0000][69][gc,age      ] GC(93) - age  13:       6496 bytes,    2825232 total
[2023-04-06T08:02:10.117+0000][69][gc,age      ] GC(93) - age  14:       1432 bytes,    2826664 total
[2023-04-06T08:02:10.117+0000][69][gc,heap     ] GC(93) Eden regions: 24->0(24)
[2023-04-06T08:02:10.126+0000][69][gc,heap     ] GC(93) Survivor regions: 1->1(4)
[2023-04-06T08:02:10.127+0000][69][gc,heap     ] GC(93) Old regions: 24->24
[2023-04-06T08:02:10.128+0000][69][gc,heap     ] GC(93) Archive regions: 2->2
[2023-04-06T08:02:10.129+0000][69][gc,heap     ] GC(93) Humongous regions: 2->2
[2023-04-06T08:02:10.129+0000][69][gc,metaspace] GC(93) Metaspace: 136702K(140608K)->136702K(140608K) NonClass: 119275K(120896K)->119275K(120896K) Class: 17426K(19712K)->17426K(19712K)
[2023-04-06T08:02:10.130+0000][69][gc          ] GC(93) Pause Young (Normal) (G1 Evacuation Pause) 205M->109M(256M) 32.220ms
[2023-04-06T08:02:10.131+0000][69][gc,cpu      ] GC(93) User=0.01s Sys=0.00s Real=0.04s
[2023-04-06T08:02:10.132+0000][69][safepoint   ] Safepoint "G1CollectForAllocation", Time since last: 1630454625 ns, Reaching safepoint: 127834 ns, At safepoint: 33871054 ns, Total: 33998888 ns
[2023-04-06T08:02:11.133+0000][69][safepoint   ] Safepoint "Cleanup", Time since last: 1001505780 ns, Reaching safepoint: 131680 ns, At safepoint: 5956 ns, Total: 137636 ns
[2023-04-06T08:02:14.135+0000][69][safepoint   ] Safepoint "Cleanup", Time since last: 3001699471 ns, Reaching safepoint: 140413 ns, At safepoint: 8618 ns, Total: 149031 ns
[2023-04-06T08:02:16.137+0000][69][safepoint   ] Safepoint "Cleanup", Time since last: 2001662590 ns, Reaching safepoint: 184582 ns, At safepoint: 3995 ns, Total: 188577 ns
[2023-04-06T08:02:27.142+0000][69][safepoint   ] Safepoint "Cleanup", Time since last: 11004593496 ns, Reaching safepoint: 178928 ns, At safepoint: 5325 ns, Total: 184253 ns
[2023-04-06T08:02:30.145+0000][69][safepoint   ] Safepoint "Cleanup", Time since last: 3002700860 ns, Reaching safepoint: 132724 ns, At safepoint: 13653 ns, Total: 146377 ns
[2023-04-06T08:02:31.146+0000][69][safepoint   ] Safepoint "Cleanup", Time since last: 1000924337 ns, Reaching safepoint: 92530 ns, At safepoint: 3092 ns, Total: 95622 ns
[2023-04-06T08:02:32.147+0000][69][safepoint   ] Safepoint "Cleanup", Time since last: 1001049818 ns, Reaching safepoint: 153552 ns, At safepoint: 4797 ns, Total: 158349 ns
[2023-04-06T08:02:37.081+0000][69][gc,start    ] GC(94) Pause Young (Concurrent Start) (G1 Evacuation Pause)
[2023-04-06T08:02:37.083+0000][69][gc,task     ] GC(94) Using 4 workers of 4 for evacuation
[2023-04-06T08:02:37.084+0000][69][gc,age      ] GC(94) Desired survivor size 8388608 bytes, new threshold 15 (max threshold 15)
[2023-04-06T08:02:37.088+0000][69][gc,phases   ] GC(94)   Pre Evacuate Collection Set: 0.5ms
[2023-04-06T08:02:37.089+0000][69][gc,phases   ] GC(94)   Merge Heap Roots: 0.1ms
[2023-04-06T08:02:37.090+0000][69][gc,phases   ] GC(94)   Evacuate Collection Set: 2.2ms
[2023-04-06T08:02:37.090+0000][69][gc,phases   ] GC(94)   Post Evacuate Collection Set: 1.0ms
[2023-04-06T08:02:37.091+0000][69][gc,phases   ] GC(94)   Other: 1.3ms
[2023-04-06T08:02:37.091+0000][69][gc,age      ] GC(94) Age table with threshold 15 (max threshold 15)
[2023-04-06T08:02:37.092+0000][69][gc,age      ] GC(94) - age   1:     771376 bytes,     771376 total
[2023-04-06T08:02:37.092+0000][69][gc,age      ] GC(94) - age   2:       6472 bytes,     777848 total
[2023-04-06T08:02:37.093+0000][69][gc,age      ] GC(94) - age   3:       1512 bytes,     779360 total
[2023-04-06T08:02:37.094+0000][69][gc,age      ] GC(94) - age   4:      15312 bytes,     794672 total
[2023-04-06T08:02:37.094+0000][69][gc,age      ] GC(94) - age   5:       3248 bytes,     797920 total
[2023-04-06T08:02:37.095+0000][69][gc,age      ] GC(94) - age   6:      29392 bytes,     827312 total
[2023-04-06T08:02:37.095+0000][69][gc,age      ] GC(94) - age   7:     297792 bytes,    1125104 total
[2023-04-06T08:02:37.096+0000][69][gc,age      ] GC(94) - age   8:      10984 bytes,    1136088 total
[2023-04-06T08:02:37.097+0000][69][gc,age      ] GC(94) - age   9:       1488 bytes,    1137576 total
[2023-04-06T08:02:37.097+0000][69][gc,age      ] GC(94) - age  10:      10568 bytes,    1148144 total
[2023-04-06T08:02:37.098+0000][69][gc,age      ] GC(94) - age  11:     675272 bytes,    1823416 total
[2023-04-06T08:02:37.098+0000][69][gc,age      ] GC(94) - age  12:       2320 bytes,    1825736 total
[2023-04-06T08:02:37.099+0000][69][gc,age      ] GC(94) - age  13:       1032 bytes,    1826768 total
[2023-04-06T08:02:37.099+0000][69][gc,age      ] GC(94) - age  14:       6496 bytes,    1833264 total
[2023-04-06T08:02:37.100+0000][69][gc,age      ] GC(94) - age  15:       1432 bytes,    1834696 total
[2023-04-06T08:02:37.101+0000][69][gc,heap     ] GC(94) Eden regions: 24->0(24)
[2023-04-06T08:02:37.101+0000][69][gc,heap     ] GC(94) Survivor regions: 1->1(4)
[2023-04-06T08:02:37.102+0000][69][gc,heap     ] GC(94) Old regions: 24->24
[2023-04-06T08:02:37.102+0000][69][gc,heap     ] GC(94) Archive regions: 2->2
[2023-04-06T08:02:37.103+0000][69][gc,heap     ] GC(94) Humongous regions: 2->2
[2023-04-06T08:02:37.103+0000][69][gc,metaspace] GC(94) Metaspace: 136721K(140672K)->136721K(140672K) NonClass: 119294K(120960K)->119294K(120960K) Class: 17426K(19712K)->17426K(19712K)
[2023-04-06T08:02:37.105+0000][69][gc          ] GC(94) Pause Young (Concurrent Start) (G1 Evacuation Pause) 205M->108M(256M) 23.138ms
[2023-04-06T08:02:37.105+0000][69][gc,cpu      ] GC(94) User=0.01s Sys=0.01s Real=0.02s
[2023-04-06T08:02:37.105+0000][69][gc          ] GC(95) Concurrent Mark Cycle
[2023-04-06T08:02:37.107+0000][69][gc,marking  ] GC(95) Concurrent Clear Claimed Marks
[2023-04-06T08:02:37.106+0000][69][safepoint   ] Safepoint "G1CollectForAllocation", Time since last: 4955835915 ns, Reaching safepoint: 212561 ns, At safepoint: 24677003 ns, Total: 24889564 ns
[2023-04-06T08:02:37.108+0000][69][gc,marking  ] GC(95) Concurrent Clear Claimed Marks 0.916ms
[2023-04-06T08:02:37.109+0000][69][gc,marking  ] GC(95) Concurrent Scan Root Regions
[2023-04-06T08:02:37.112+0000][69][gc,marking  ] GC(95) Concurrent Scan Root Regions 2.849ms
[2023-04-06T08:02:37.112+0000][69][gc,marking  ] GC(95) Concurrent Mark
[2023-04-06T08:02:37.113+0000][69][gc,marking  ] GC(95) Concurrent Mark From Roots
[2023-04-06T08:02:37.114+0000][69][gc,task     ] GC(95) Using 1 workers of 1 for marking
[2023-04-06T08:02:37.243+0000][69][gc,marking  ] GC(95) Concurrent Mark From Roots 129.899ms
[2023-04-06T08:02:37.244+0000][69][gc,marking  ] GC(95) Concurrent Preclean
[2023-04-06T08:02:37.244+0000][69][gc,marking  ] GC(95) Concurrent Preclean 0.838ms
[2023-04-06T08:02:37.245+0000][69][gc,start    ] GC(95) Pause Remark
[2023-04-06T08:02:37.256+0000][69][gc          ] GC(95) Pause Remark 110M->110M(256M) 10.937ms
[2023-04-06T08:02:37.257+0000][69][gc,cpu      ] GC(95) User=0.03s Sys=0.00s Real=0.01s
[2023-04-06T08:02:37.257+0000][69][safepoint   ] Safepoint "G1PauseRemark", Time since last: 139036583 ns, Reaching safepoint: 86540 ns, At safepoint: 12261109 ns, Total: 12347649 ns
[2023-04-06T08:02:37.258+0000][69][gc,marking  ] GC(95) Concurrent Mark 145.786ms
[2023-04-06T08:02:37.259+0000][69][gc,marking  ] GC(95) Concurrent Rebuild Remembered Sets
[2023-04-06T08:02:37.320+0000][69][gc,marking  ] GC(95) Concurrent Rebuild Remembered Sets 61.529ms
[2023-04-06T08:02:37.321+0000][69][gc,start    ] GC(95) Pause Cleanup
[2023-04-06T08:02:37.322+0000][69][gc          ] GC(95) Pause Cleanup 110M->110M(256M) 0.516ms
[2023-04-06T08:02:37.322+0000][69][gc,cpu      ] GC(95) User=0.00s Sys=0.00s Real=0.00s
[2023-04-06T08:02:37.323+0000][69][safepoint   ] Safepoint "G1PauseCleanup", Time since last: 63567726 ns, Reaching safepoint: 95611 ns, At safepoint: 1463644 ns, Total: 1559255 ns
[2023-04-06T08:02:37.323+0000][69][gc,marking  ] GC(95) Concurrent Cleanup for Next Mark
[2023-04-06T08:02:37.324+0000][69][gc,marking  ] GC(95) Concurrent Cleanup for Next Mark 0.736ms
[2023-04-06T08:02:37.324+0000][69][gc          ] GC(95) Concurrent Mark Cycle 218.840ms
[2023-04-06T08:02:39.325+0000][69][safepoint   ] Safepoint "Cleanup", Time since last: 2002697312 ns, Reaching safepoint: 169584 ns, At safepoint: 5439 ns, Total: 175023 ns
[2023-04-06T08:02:43.328+0000][69][safepoint   ] Safepoint "Cleanup", Time since last: 4002290433 ns, Reaching safepoint: 177915 ns, At safepoint: 3909 ns, Total: 181824 ns
[2023-04-06T08:02:44.330+0000][69][safepoint   ] Safepoint "Cleanup", Time since last: 1002292928 ns, Reaching safepoint: 83768 ns, At safepoint: 3153 ns, Total: 86921 ns
[2023-04-06T08:02:45.334+0000][69][safepoint   ] Safepoint "Cleanup", Time since last: 1003441176 ns, Reaching safepoint: 325712 ns, At safepoint: 12988 ns, Total: 338700 ns
[2023-04-06T08:02:46.337+0000][69][safepoint   ] Safepoint "Cleanup", Time since last: 1002880132 ns, Reaching safepoint: 85052 ns, At safepoint: 2655 ns, Total: 87707 ns
[2023-04-06T08:02:51.339+0000][69][safepoint   ] Safepoint "Cleanup", Time since last: 5002108081 ns, Reaching safepoint: 102874 ns, At safepoint: 3682 ns, Total: 106556 ns
[2023-04-06T08:02:56.343+0000][69][safepoint   ] Safepoint "Cleanup", Time since last: 5003492476 ns, Reaching safepoint: 97272 ns, At safepoint: 3169 ns, Total: 100441 ns
[2023-04-06T08:03:01.348+0000][69][safepoint   ] Safepoint "Cleanup", Time since last: 5004633543 ns, Reaching safepoint: 328602 ns, At safepoint: 68665 ns, Total: 397267 ns
[2023-04-06T08:03:02.349+0000][69][safepoint   ] Safepoint "Cleanup", Time since last: 1000800929 ns, Reaching safepoint: 98838 ns, At safepoint: 3466 ns, Total: 102304 ns
[2023-04-06T08:03:04.329+0000][69][safepoint   ] Safepoint "Cleanup", Time since last: 2001786416 ns, Reaching safepoint: 105252 ns, At safepoint: 8203 ns, Total: 113455 ns
[2023-04-06T08:03:07.315+0000][69][gc,start    ] GC(96) Pause Young (Normal) (G1 Evacuation Pause)
[2023-04-06T08:03:07.316+0000][69][gc,task     ] GC(96) Using 4 workers of 4 for evacuation
[2023-04-06T08:03:07.316+0000][69][gc,age      ] GC(96) Desired survivor size 8388608 bytes, new threshold 15 (max threshold 15)
[2023-04-06T08:03:07.320+0000][69][gc,phases   ] GC(96)   Pre Evacuate Collection Set: 0.1ms
[2023-04-06T08:03:07.320+0000][69][gc,phases   ] GC(96)   Merge Heap Roots: 0.1ms
[2023-04-06T08:03:07.321+0000][69][gc,phases   ] GC(96)   Evacuate Collection Set: 2.0ms
[2023-04-06T08:03:07.321+0000][69][gc,phases   ] GC(96)   Post Evacuate Collection Set: 0.9ms
[2023-04-06T08:03:07.322+0000][69][gc,phases   ] GC(96)   Other: 1.0ms
[2023-04-06T08:03:07.322+0000][69][gc,age      ] GC(96) Age table with threshold 15 (max threshold 15)
[2023-04-06T08:03:07.323+0000][69][gc,age      ] GC(96) - age   1:     782336 bytes,     782336 total
[2023-04-06T08:03:07.323+0000][69][gc,age      ] GC(96) - age   2:     129584 bytes,     911920 total
[2023-04-06T08:03:07.324+0000][69][gc,age      ] GC(96) - age   3:       1432 bytes,     913352 total
[2023-04-06T08:03:07.324+0000][69][gc,age      ] GC(96) - age   4:       1088 bytes,     914440 total
[2023-04-06T08:03:07.325+0000][69][gc,age      ] GC(96) - age   5:       7232 bytes,     921672 total
[2023-04-06T08:03:07.325+0000][69][gc,age      ] GC(96) - age   6:       3248 bytes,     924920 total
[2023-04-06T08:03:07.326+0000][69][gc,age      ] GC(96) - age   7:      29392 bytes,     954312 total
[2023-04-06T08:03:07.326+0000][69][gc,age      ] GC(96) - age   8:     297792 bytes,    1252104 total
[2023-04-06T08:03:07.326+0000][69][gc,age      ] GC(96) - age   9:      10472 bytes,    1262576 total
[2023-04-06T08:03:07.327+0000][69][gc,age      ] GC(96) - age  10:       1488 bytes,    1264064 total
[2023-04-06T08:03:07.327+0000][69][gc,age      ] GC(96) - age  11:      10568 bytes,    1274632 total
[2023-04-06T08:03:07.328+0000][69][gc,age      ] GC(96) - age  12:     435960 bytes,    1710592 total
[2023-04-06T08:03:07.328+0000][69][gc,age      ] GC(96) - age  13:       2320 bytes,    1712912 total
[2023-04-06T08:03:07.329+0000][69][gc,age      ] GC(96) - age  14:       1032 bytes,    1713944 total
[2023-04-06T08:03:07.329+0000][69][gc,age      ] GC(96) - age  15:       6496 bytes,    1720440 total
[2023-04-06T08:03:07.329+0000][69][gc,heap     ] GC(96) Eden regions: 24->0(24)
[2023-04-06T08:03:07.330+0000][69][gc,heap     ] GC(96) Survivor regions: 1->1(4)
[2023-04-06T08:03:07.330+0000][69][gc,heap     ] GC(96) Old regions: 24->24
[2023-04-06T08:03:07.331+0000][69][gc,heap     ] GC(96) Archive regions: 2->2
[2023-04-06T08:03:07.331+0000][69][gc,heap     ] GC(96) Humongous regions: 2->2
[2023-04-06T08:03:07.332+0000][69][gc,metaspace] GC(96) Metaspace: 136730K(140672K)->136730K(140672K) NonClass: 119304K(120960K)->119304K(120960K) Class: 17426K(19712K)->17426K(19712K)
[2023-04-06T08:03:07.332+0000][69][gc          ] GC(96) Pause Young (Normal) (G1 Evacuation Pause) 204M->108M(256M) 17.081ms
[2023-04-06T08:03:07.333+0000][69][gc,cpu      ] GC(96) User=0.01s Sys=0.00s Real=0.02s
[2023-04-06T08:03:07.333+0000][69][safepoint   ] Safepoint "G1CollectForAllocation", Time since last: 2985705312 ns, Reaching safepoint: 68904 ns, At safepoint: 18135317 ns, Total: 18204221 ns
[2023-04-06T08:03:08.334+0000][69][safepoint   ] Safepoint "Cleanup", Time since last: 1000634210 ns, Reaching safepoint: 78747 ns, At safepoint: 2898 ns, Total: 81645 ns
[2023-04-06T08:03:14.338+0000][69][safepoint   ] Safepoint "Cleanup", Time since last: 6004297281 ns, Reaching safepoint: 114873 ns, At safepoint: 3668 ns, Total: 118541 ns
[2023-04-06T08:03:16.346+0000][69][safepoint   ] Safepoint "Cleanup", Time since last: 2007671356 ns, Reaching safepoint: 201236 ns, At safepoint: 4407 ns, Total: 205643 ns
[2023-04-06T08:03:19.351+0000][69][safepoint   ] Safepoint "Cleanup", Time since last: 3004643834 ns, Reaching safepoint: 374712 ns, At safepoint: 7913 ns, Total: 382625 ns
[2023-04-06T08:03:20.354+0000][69][safepoint   ] Safepoint "Cleanup", Time since last: 1002861444 ns, Reaching safepoint: 147252 ns, At safepoint: 3679 ns, Total: 150931 ns
[2023-04-06T08:03:22.359+0000][69][safepoint   ] Safepoint "Cleanup", Time since last: 2005205931 ns, Reaching safepoint: 119788 ns, At safepoint: 3527 ns, Total: 123315 ns
[2023-04-06T08:03:25.361+0000][69][safepoint   ] Safepoint "Cleanup", Time since last: 3001855505 ns, Reaching safepoint: 130986 ns, At safepoint: 4388 ns, Total: 135374 ns
[2023-04-06T08:03:26.363+0000][69][safepoint   ] Safepoint "Cleanup", Time since last: 1001418694 ns, Reaching safepoint: 123600 ns, At safepoint: 5712 ns, Total: 129312 ns
[2023-04-06T08:03:27.364+0000][69][safepoint   ] Safepoint "Cleanup", Time since last: 1000832762 ns, Reaching safepoint: 201230 ns, At safepoint: 64360 ns, Total: 265590 ns
[2023-04-06T08:03:31.371+0000][69][safepoint   ] Safepoint "Cleanup", Time since last: 4006910111 ns, Reaching safepoint: 282330 ns, At safepoint: 37320 ns, Total: 319650 ns
[2023-04-06T08:03:32.373+0000][69][safepoint   ] Safepoint "Cleanup", Time since last: 1001036006 ns, Reaching safepoint: 288852 ns, At safepoint: 6845 ns, Total: 295697 ns
[2023-04-06T08:03:33.354+0000][69][safepoint   ] Safepoint "Cleanup", Time since last: 1002134796 ns, Reaching safepoint: 168572 ns, At safepoint: 3718 ns, Total: 172290 ns
[2023-04-06T08:03:35.355+0000][69][safepoint   ] Safepoint "Cleanup", Time since last: 2001481470 ns, Reaching safepoint: 120433 ns, At safepoint: 7449 ns, Total: 127882 ns
[2023-04-06T08:03:37.425+0000][69][gc,start    ] GC(97) Pause Young (Concurrent Start) (G1 Evacuation Pause)
[2023-04-06T08:03:37.426+0000][69][gc,task     ] GC(97) Using 4 workers of 4 for evacuation
[2023-04-06T08:03:37.426+0000][69][gc,age      ] GC(97) Desired survivor size 8388608 bytes, new threshold 15 (max threshold 15)
[2023-04-06T08:03:37.430+0000][69][gc,phases   ] GC(97)   Pre Evacuate Collection Set: 0.3ms
[2023-04-06T08:03:37.431+0000][69][gc,phases   ] GC(97)   Merge Heap Roots: 0.1ms
[2023-04-06T08:03:37.432+0000][69][gc,phases   ] GC(97)   Evacuate Collection Set: 2.4ms
[2023-04-06T08:03:37.432+0000][69][gc,phases   ] GC(97)   Post Evacuate Collection Set: 0.6ms
[2023-04-06T08:03:37.433+0000][69][gc,phases   ] GC(97)   Other: 1.2ms
[2023-04-06T08:03:37.433+0000][69][gc,age      ] GC(97) Age table with threshold 15 (max threshold 15)
[2023-04-06T08:03:37.434+0000][69][gc,age      ] GC(97) - age   1:    1054872 bytes,    1054872 total
[2023-04-06T08:03:37.434+0000][69][gc,age      ] GC(97) - age   2:     225072 bytes,    1279944 total
[2023-04-06T08:03:37.435+0000][69][gc,age      ] GC(97) - age   3:       2040 bytes,    1281984 total
[2023-04-06T08:03:37.436+0000][69][gc,age      ] GC(97) - age   4:       1072 bytes,    1283056 total
[2023-04-06T08:03:37.436+0000][69][gc,age      ] GC(97) - age   5:       1088 bytes,    1284144 total
[2023-04-06T08:03:37.436+0000][69][gc,age      ] GC(97) - age   6:       7232 bytes,    1291376 total
[2023-04-06T08:03:37.437+0000][69][gc,age      ] GC(97) - age   7:       3184 bytes,    1294560 total
[2023-04-06T08:03:37.438+0000][69][gc,age      ] GC(97) - age   8:      29392 bytes,    1323952 total
[2023-04-06T08:03:37.438+0000][69][gc,age      ] GC(97) - age   9:     297792 bytes,    1621744 total
[2023-04-06T08:03:37.439+0000][69][gc,age      ] GC(97) - age  10:      10472 bytes,    1632216 total
[2023-04-06T08:03:37.439+0000][69][gc,age      ] GC(97) - age  11:       1488 bytes,    1633704 total
[2023-04-06T08:03:37.440+0000][69][gc,age      ] GC(97) - age  12:      10568 bytes,    1644272 total
[2023-04-06T08:03:37.441+0000][69][gc,age      ] GC(97) - age  13:     435960 bytes,    2080232 total
[2023-04-06T08:03:37.441+0000][69][gc,age      ] GC(97) - age  14:       2320 bytes,    2082552 total
[2023-04-06T08:03:37.442+0000][69][gc,age      ] GC(97) - age  15:       1032 bytes,    2083584 total
[2023-04-06T08:03:37.443+0000][69][gc,heap     ] GC(97) Eden regions: 24->0(24)
[2023-04-06T08:03:37.443+0000][69][gc,heap     ] GC(97) Survivor regions: 1->1(4)
[2023-04-06T08:03:37.444+0000][69][gc,heap     ] GC(97) Old regions: 24->24
[2023-04-06T08:03:37.445+0000][69][gc,heap     ] GC(97) Archive regions: 2->2
[2023-04-06T08:03:37.445+0000][69][gc,heap     ] GC(97) Humongous regions: 2->2
[2023-04-06T08:03:37.445+0000][69][gc,metaspace] GC(97) Metaspace: 136752K(140672K)->136752K(140672K) NonClass: 119325K(120960K)->119325K(120960K) Class: 17426K(19712K)->17426K(19712K)
[2023-04-06T08:03:37.446+0000][69][gc          ] GC(97) Pause Young (Concurrent Start) (G1 Evacuation Pause) 204M->108M(256M) 21.325ms
[2023-04-06T08:03:37.447+0000][69][gc,cpu      ] GC(97) User=0.01s Sys=0.01s Real=0.02s
[2023-04-06T08:03:37.447+0000][69][safepoint   ] Safepoint "G1CollectForAllocation", Time since last: 2069547167 ns, Reaching safepoint: 63614 ns, At safepoint: 22557596 ns, Total: 22621210 ns
[2023-04-06T08:03:37.447+0000][69][gc          ] GC(98) Concurrent Mark Cycle
[2023-04-06T08:03:37.449+0000][69][gc,marking  ] GC(98) Concurrent Clear Claimed Marks
[2023-04-06T08:03:37.450+0000][69][gc,marking  ] GC(98) Concurrent Clear Claimed Marks 1.035ms
[2023-04-06T08:03:37.451+0000][69][gc,marking  ] GC(98) Concurrent Scan Root Regions
[2023-04-06T08:03:37.454+0000][69][gc,marking  ] GC(98) Concurrent Scan Root Regions 3.528ms
[2023-04-06T08:03:37.456+0000][69][gc,marking  ] GC(98) Concurrent Mark
[2023-04-06T08:03:37.457+0000][69][gc,marking  ] GC(98) Concurrent Mark From Roots
[2023-04-06T08:03:37.457+0000][69][gc,task     ] GC(98) Using 1 workers of 1 for marking
[2023-04-06T08:03:37.559+0000][69][gc,marking  ] GC(98) Concurrent Mark From Roots 102.694ms
[2023-04-06T08:03:37.561+0000][69][gc,marking  ] GC(98) Concurrent Preclean
[2023-04-06T08:03:37.561+0000][69][gc,marking  ] GC(98) Concurrent Preclean 0.855ms
[2023-04-06T08:03:37.563+0000][69][gc,start    ] GC(98) Pause Remark
[2023-04-06T08:03:37.575+0000][69][gc          ] GC(98) Pause Remark 109M->109M(256M) 12.010ms
[2023-04-06T08:03:37.575+0000][69][gc,cpu      ] GC(98) User=0.03s Sys=0.00s Real=0.02s
[2023-04-06T08:03:37.576+0000][69][safepoint   ] Safepoint "G1PauseRemark", Time since last: 115199670 ns, Reaching safepoint: 173563 ns, At safepoint: 13506511 ns, Total: 13680074 ns
[2023-04-06T08:03:37.577+0000][69][gc,marking  ] GC(98) Concurrent Mark 121.120ms
[2023-04-06T08:03:37.578+0000][69][gc,marking  ] GC(98) Concurrent Rebuild Remembered Sets
[2023-04-06T08:03:37.631+0000][69][gc,marking  ] GC(98) Concurrent Rebuild Remembered Sets 53.270ms
[2023-04-06T08:03:37.632+0000][69][gc,start    ] GC(98) Pause Cleanup
[2023-04-06T08:03:37.633+0000][69][gc          ] GC(98) Pause Cleanup 109M->109M(256M) 0.692ms
[2023-04-06T08:03:37.633+0000][69][gc,cpu      ] GC(98) User=0.00s Sys=0.00s Real=0.00s
[2023-04-06T08:03:37.634+0000][69][safepoint   ] Safepoint "G1PauseCleanup", Time since last: 55785442 ns, Reaching safepoint: 94940 ns, At safepoint: 1750026 ns, Total: 1844966 ns
[2023-04-06T08:03:37.635+0000][69][gc,marking  ] GC(98) Concurrent Cleanup for Next Mark
[2023-04-06T08:03:37.636+0000][69][gc,marking  ] GC(98) Concurrent Cleanup for Next Mark 0.967ms
[2023-04-06T08:03:37.636+0000][69][gc          ] GC(98) Concurrent Mark Cycle 189.391ms
[2023-04-06T08:03:40.637+0000][69][safepoint   ] Safepoint "Cleanup", Time since last: 3002950127 ns, Reaching safepoint: 190498 ns, At safepoint: 3828 ns, Total: 194326 ns
[2023-04-06T08:03:41.639+0000][69][safepoint   ] Safepoint "Cleanup", Time since last: 1002222319 ns, Reaching safepoint: 197258 ns, At safepoint: 9074 ns, Total: 206332 ns
[2023-04-06T08:03:43.641+0000][69][safepoint   ] Safepoint "Cleanup", Time since last: 2001802616 ns, Reaching safepoint: 212407 ns, At safepoint: 9026 ns, Total: 221433 ns
[2023-04-06T08:03:49.647+0000][69][safepoint   ] Safepoint "Cleanup", Time since last: 6004928657 ns, Reaching safepoint: 261567 ns, At safepoint: 3988 ns, Total: 265555 ns
[2023-04-06T08:03:51.648+0000][69][safepoint   ] Safepoint "Cleanup", Time since last: 2001141186 ns, Reaching safepoint: 108185 ns, At safepoint: 3430 ns, Total: 111615 ns
[2023-04-06T08:04:01.666+0000][69][safepoint   ] Safepoint "Cleanup", Time since last: 10017965464 ns, Reaching safepoint: 173001 ns, At safepoint: 3711 ns, Total: 176712 ns
[2023-04-06T08:04:03.647+0000][69][safepoint   ] Safepoint "Cleanup", Time since last: 2002612871 ns, Reaching safepoint: 169420 ns, At safepoint: 4325 ns, Total: 173745 ns
[2023-04-06T08:04:07.651+0000][69][safepoint   ] Safepoint "Cleanup", Time since last: 4003162170 ns, Reaching safepoint: 110762 ns, At safepoint: 3311 ns, Total: 114073 ns
[2023-04-06T08:04:12.654+0000][69][safepoint   ] Safepoint "Cleanup", Time since last: 5003613250 ns, Reaching safepoint: 79165 ns, At safepoint: 5353 ns, Total: 84518 ns
[2023-04-06T08:04:12.813+0000][69][gc,start    ] GC(99) Pause Young (Normal) (G1 Evacuation Pause)
[2023-04-06T08:04:12.814+0000][69][gc,task     ] GC(99) Using 4 workers of 4 for evacuation
[2023-04-06T08:04:12.814+0000][69][gc,age      ] GC(99) Desired survivor size 8388608 bytes, new threshold 15 (max threshold 15)
[2023-04-06T08:04:12.819+0000][69][gc,phases   ] GC(99)   Pre Evacuate Collection Set: 0.1ms
[2023-04-06T08:04:12.820+0000][69][gc,phases   ] GC(99)   Merge Heap Roots: 0.1ms
[2023-04-06T08:04:12.820+0000][69][gc,phases   ] GC(99)   Evacuate Collection Set: 2.9ms
[2023-04-06T08:04:12.821+0000][69][gc,phases   ] GC(99)   Post Evacuate Collection Set: 0.8ms
[2023-04-06T08:04:12.821+0000][69][gc,phases   ] GC(99)   Other: 1.4ms
[2023-04-06T08:04:12.822+0000][69][gc,age      ] GC(99) Age table with threshold 15 (max threshold 15)
[2023-04-06T08:04:12.822+0000][69][gc,age      ] GC(99) - age   1:    1056984 bytes,    1056984 total
[2023-04-06T08:04:12.823+0000][69][gc,age      ] GC(99) - age   2:     150464 bytes,    1207448 total
[2023-04-06T08:04:12.823+0000][69][gc,age      ] GC(99) - age   3:      91008 bytes,    1298456 total
[2023-04-06T08:04:12.823+0000][69][gc,age      ] GC(99) - age   4:       1744 bytes,    1300200 total
[2023-04-06T08:04:12.824+0000][69][gc,age      ] GC(99) - age   5:        832 bytes,    1301032 total
[2023-04-06T08:04:12.824+0000][69][gc,age      ] GC(99) - age   6:       1088 bytes,    1302120 total
[2023-04-06T08:04:12.825+0000][69][gc,age      ] GC(99) - age   7:       7232 bytes,    1309352 total
[2023-04-06T08:04:12.826+0000][69][gc,age      ] GC(99) - age   8:       3184 bytes,    1312536 total
[2023-04-06T08:04:12.826+0000][69][gc,age      ] GC(99) - age   9:      29392 bytes,    1341928 total
[2023-04-06T08:04:12.826+0000][69][gc,age      ] GC(99) - age  10:     297792 bytes,    1639720 total
[2023-04-06T08:04:12.827+0000][69][gc,age      ] GC(99) - age  11:      10240 bytes,    1649960 total
[2023-04-06T08:04:12.827+0000][69][gc,age      ] GC(99) - age  12:       1488 bytes,    1651448 total
[2023-04-06T08:04:12.828+0000][69][gc,age      ] GC(99) - age  13:      10568 bytes,    1662016 total
[2023-04-06T08:04:12.828+0000][69][gc,age      ] GC(99) - age  14:     435592 bytes,    2097608 total
[2023-04-06T08:04:12.828+0000][69][gc,age      ] GC(99) - age  15:       2320 bytes,    2099928 total
[2023-04-06T08:04:12.829+0000][69][gc,heap     ] GC(99) Eden regions: 24->0(24)
[2023-04-06T08:04:12.829+0000][69][gc,heap     ] GC(99) Survivor regions: 1->1(4)
[2023-04-06T08:04:12.830+0000][69][gc,heap     ] GC(99) Old regions: 24->24
[2023-04-06T08:04:12.830+0000][69][gc,heap     ] GC(99) Archive regions: 2->2
[2023-04-06T08:04:12.831+0000][69][gc,heap     ] GC(99) Humongous regions: 2->2
[2023-04-06T08:04:12.831+0000][69][gc,metaspace] GC(99) Metaspace: 136765K(140736K)->136765K(140736K) NonClass: 119339K(121024K)->119339K(121024K) Class: 17426K(19712K)->17426K(19712K)
[2023-04-06T08:04:12.832+0000][69][gc          ] GC(99) Pause Young (Normal) (G1 Evacuation Pause) 204M->108M(256M) 19.156ms
[2023-04-06T08:04:12.832+0000][69][gc,cpu      ] GC(99) User=0.00s Sys=0.00s Real=0.02s
[2023-04-06T08:04:12.833+0000][69][safepoint   ] Safepoint "G1CollectForAllocation", Time since last: 158427610 ns, Reaching safepoint: 61281 ns, At safepoint: 20305912 ns, Total: 20367193 ns
[2023-04-06T08:04:13.834+0000][69][safepoint   ] Safepoint "Cleanup", Time since last: 1000606035 ns, Reaching safepoint: 296289 ns, At safepoint: 88995 ns, Total: 385284 ns
[2023-04-06T08:04:14.835+0000][69][safepoint   ] Safepoint "Cleanup", Time since last: 1001065886 ns, Reaching safepoint: 58674 ns, At safepoint: 2625 ns, Total: 61299 ns
[2023-04-06T08:04:15.838+0000][69][safepoint   ] Safepoint "Cleanup", Time since last: 1002261342 ns, Reaching safepoint: 85370 ns, At safepoint: 3001 ns, Total: 88371 ns
[2023-04-06T08:04:16.839+0000][69][safepoint   ] Safepoint "Cleanup", Time since last: 1001063872 ns, Reaching safepoint: 91998 ns, At safepoint: 3542 ns, Total: 95540 ns
[2023-04-06T08:04:17.994+0000][69][safepoint   ] Safepoint "Cleanup", Time since last: 1155509154 ns, Reaching safepoint: 87053 ns, At safepoint: 3852 ns, Total: 90905 ns
[2023-04-06T08:04:28.000+0000][69][safepoint   ] Safepoint "Cleanup", Time since last: 10005553072 ns, Reaching safepoint: 267654 ns, At safepoint: 7145 ns, Total: 274799 ns
[2023-04-06T08:04:29.005+0000][69][safepoint   ] Safepoint "Cleanup", Time since last: 1004066453 ns, Reaching safepoint: 312388 ns, At safepoint: 14535 ns, Total: 326923 ns
[2023-04-06T08:04:30.008+0000][69][safepoint   ] Safepoint "Cleanup", Time since last: 1003749637 ns, Reaching safepoint: 119080 ns, At safepoint: 34708 ns, Total: 153788 ns
[2023-04-06T08:04:32.011+0000][69][safepoint   ] Safepoint "Cleanup", Time since last: 2002971118 ns, Reaching safepoint: 58534 ns, At safepoint: 3967 ns, Total: 62501 ns
[2023-04-06T08:04:32.991+0000][69][safepoint   ] Safepoint "Cleanup", Time since last: 1000780743 ns, Reaching safepoint: 133092 ns, At safepoint: 4472 ns, Total: 137564 ns
[2023-04-06T08:04:35.993+0000][69][safepoint   ] Safepoint "Cleanup", Time since last: 3002320051 ns, Reaching safepoint: 80077 ns, At safepoint: 4327 ns, Total: 84404 ns
[2023-04-06T08:04:36.994+0000][69][gc,start    ] GC(100) Pause Young (Concurrent Start) (G1 Evacuation Pause)
[2023-04-06T08:04:36.995+0000][69][gc,task     ] GC(100) Using 4 workers of 4 for evacuation
[2023-04-06T08:04:36.996+0000][69][gc,age      ] GC(100) Desired survivor size 8388608 bytes, new threshold 15 (max threshold 15)
[2023-04-06T08:04:37.001+0000][69][gc,phases   ] GC(100)   Pre Evacuate Collection Set: 0.3ms
[2023-04-06T08:04:37.002+0000][69][gc,phases   ] GC(100)   Merge Heap Roots: 0.1ms
[2023-04-06T08:04:37.002+0000][69][gc,phases   ] GC(100)   Evacuate Collection Set: 3.1ms
[2023-04-06T08:04:37.003+0000][69][gc,phases   ] GC(100)   Post Evacuate Collection Set: 0.6ms
[2023-04-06T08:04:37.003+0000][69][gc,phases   ] GC(100)   Other: 1.5ms
[2023-04-06T08:04:37.004+0000][69][gc,age      ] GC(100) Age table with threshold 15 (max threshold 15)
[2023-04-06T08:04:37.005+0000][69][gc,age      ] GC(100) - age   1:    1544736 bytes,    1544736 total
[2023-04-06T08:04:37.005+0000][69][gc,age      ] GC(100) - age   2:      51928 bytes,    1596664 total
[2023-04-06T08:04:37.006+0000][69][gc,age      ] GC(100) - age   3:     131960 bytes,    1728624 total
[2023-04-06T08:04:37.006+0000][69][gc,age      ] GC(100) - age   4:      82440 bytes,    1811064 total
[2023-04-06T08:04:37.007+0000][69][gc,age      ] GC(100) - age   5:       1728 bytes,    1812792 total
[2023-04-06T08:04:37.007+0000][69][gc,age      ] GC(100) - age   6:        768 bytes,    1813560 total
[2023-04-06T08:04:37.007+0000][69][gc,age      ] GC(100) - age   7:       1088 bytes,    1814648 total
[2023-04-06T08:04:37.008+0000][69][gc,age      ] GC(100) - age   8:       6080 bytes,    1820728 total
[2023-04-06T08:04:37.008+0000][69][gc,age      ] GC(100) - age   9:       3184 bytes,    1823912 total
[2023-04-06T08:04:37.009+0000][69][gc,age      ] GC(100) - age  10:      11216 bytes,    1835128 total
[2023-04-06T08:04:37.010+0000][69][gc,age      ] GC(100) - age  11:     160064 bytes,    1995192 total
[2023-04-06T08:04:37.010+0000][69][gc,age      ] GC(100) - age  12:      10240 bytes,    2005432 total
[2023-04-06T08:04:37.011+0000][69][gc,age      ] GC(100) - age  13:       1488 bytes,    2006920 total
[2023-04-06T08:04:37.011+0000][69][gc,age      ] GC(100) - age  14:      10568 bytes,    2017488 total
[2023-04-06T08:04:37.012+0000][69][gc,age      ] GC(100) - age  15:     341880 bytes,    2359368 total
[2023-04-06T08:04:37.012+0000][69][gc,heap     ] GC(100) Eden regions: 24->0(24)
[2023-04-06T08:04:37.013+0000][69][gc,heap     ] GC(100) Survivor regions: 1->1(4)
[2023-04-06T08:04:37.014+0000][69][gc,heap     ] GC(100) Old regions: 24->24
[2023-04-06T08:04:37.014+0000][69][gc,heap     ] GC(100) Archive regions: 2->2
[2023-04-06T08:04:37.015+0000][69][gc,heap     ] GC(100) Humongous regions: 2->2
[2023-04-06T08:04:37.015+0000][69][gc,metaspace] GC(100) Metaspace: 136780K(140736K)->136780K(140736K) NonClass: 119354K(121024K)->119354K(121024K) Class: 17426K(19712K)->17426K(19712K)
[2023-04-06T08:04:37.016+0000][69][gc          ] GC(100) Pause Young (Concurrent Start) (G1 Evacuation Pause) 204M->109M(256M) 21.202ms
[2023-04-06T08:04:37.016+0000][69][gc,cpu      ] GC(100) User=0.01s Sys=0.00s Real=0.02s
[2023-04-06T08:04:37.016+0000][69][gc          ] GC(101) Concurrent Mark Cycle
[2023-04-06T08:04:37.017+0000][69][gc,marking  ] GC(101) Concurrent Clear Claimed Marks
[2023-04-06T08:04:37.017+0000][69][safepoint   ] Safepoint "G1CollectForAllocation", Time since last: 1000901710 ns, Reaching safepoint: 180745 ns, At safepoint: 22544584 ns, Total: 22725329 ns
[2023-04-06T08:04:37.018+0000][69][gc,marking  ] GC(101) Concurrent Clear Claimed Marks 0.793ms
[2023-04-06T08:04:37.019+0000][69][gc,marking  ] GC(101) Concurrent Scan Root Regions
[2023-04-06T08:04:37.022+0000][69][gc,marking  ] GC(101) Concurrent Scan Root Regions 3.072ms
[2023-04-06T08:04:37.024+0000][69][gc,marking  ] GC(101) Concurrent Mark
[2023-04-06T08:04:37.024+0000][69][gc,marking  ] GC(101) Concurrent Mark From Roots
[2023-04-06T08:04:37.025+0000][69][gc,task     ] GC(101) Using 1 workers of 1 for marking
[2023-04-06T08:04:37.205+0000][69][gc,marking  ] GC(101) Concurrent Mark From Roots 181.156ms
[2023-04-06T08:04:37.206+0000][69][gc,marking  ] GC(101) Concurrent Preclean
[2023-04-06T08:04:37.207+0000][69][gc,marking  ] GC(101) Concurrent Preclean 0.693ms
[2023-04-06T08:04:37.207+0000][69][gc,start    ] GC(101) Pause Remark
[2023-04-06T08:04:37.218+0000][69][gc          ] GC(101) Pause Remark 113M->113M(256M) 10.264ms
[2023-04-06T08:04:37.218+0000][69][gc,cpu      ] GC(101) User=0.03s Sys=0.00s Real=0.01s
[2023-04-06T08:04:37.219+0000][69][safepoint   ] Safepoint "G1PauseRemark", Time since last: 190315275 ns, Reaching safepoint: 197824 ns, At safepoint: 11473287 ns, Total: 11671111 ns
[2023-04-06T08:04:37.219+0000][69][gc,marking  ] GC(101) Concurrent Mark 195.937ms
[2023-04-06T08:04:37.220+0000][69][gc,marking  ] GC(101) Concurrent Rebuild Remembered Sets
[2023-04-06T08:04:37.303+0000][69][gc,marking  ] GC(101) Concurrent Rebuild Remembered Sets 82.732ms
[2023-04-06T08:04:37.304+0000][69][gc,start    ] GC(101) Pause Cleanup
[2023-04-06T08:04:37.305+0000][69][gc          ] GC(101) Pause Cleanup 114M->114M(256M) 0.598ms
[2023-04-06T08:04:37.305+0000][69][gc,cpu      ] GC(101) User=0.00s Sys=0.00s Real=0.00s
[2023-04-06T08:04:37.305+0000][69][safepoint   ] Safepoint "G1PauseCleanup", Time since last: 84936543 ns, Reaching safepoint: 122988 ns, At safepoint: 1404410 ns, Total: 1527398 ns
[2023-04-06T08:04:37.306+0000][69][gc,marking  ] GC(101) Concurrent Cleanup for Next Mark
[2023-04-06T08:04:37.307+0000][69][gc,marking  ] GC(101) Concurrent Cleanup for Next Mark 0.778ms
[2023-04-06T08:04:37.307+0000][69][gc          ] GC(101) Concurrent Mark Cycle 290.944ms
[2023-04-06T08:04:38.306+0000][69][safepoint   ] Safepoint "Cleanup", Time since last: 1000687268 ns, Reaching safepoint: 117413 ns, At safepoint: 3997 ns, Total: 121410 ns
[2023-04-06T08:04:39.308+0000][69][safepoint   ] Safepoint "Cleanup", Time since last: 1001872541 ns, Reaching safepoint: 124607 ns, At safepoint: 3837 ns, Total: 128444 ns
[2023-04-06T08:04:40.310+0000][69][safepoint   ] Safepoint "Cleanup", Time since last: 1001474833 ns, Reaching safepoint: 175401 ns, At safepoint: 4006 ns, Total: 179407 ns
[2023-04-06T08:04:43.313+0000][69][safepoint   ] Safepoint "Cleanup", Time since last: 3002900753 ns, Reaching safepoint: 155660 ns, At safepoint: 32868 ns, Total: 188528 ns
[2023-04-06T08:04:44.322+0000][69][safepoint   ] Safepoint "Cleanup", Time since last: 1009024096 ns, Reaching safepoint: 168316 ns, At safepoint: 4062 ns, Total: 172378 ns
[2023-04-06T08:04:46.324+0000][69][safepoint   ] Safepoint "Cleanup", Time since last: 2001437641 ns, Reaching safepoint: 142478 ns, At safepoint: 3753 ns, Total: 146231 ns
[2023-04-06T08:04:47.325+0000][69][safepoint   ] Safepoint "Cleanup", Time since last: 1001474365 ns, Reaching safepoint: 170464 ns, At safepoint: 9295 ns, Total: 179759 ns
[2023-04-06T08:04:49.327+0000][69][safepoint   ] Safepoint "Cleanup", Time since last: 2001488440 ns, Reaching safepoint: 147084 ns, At safepoint: 11845 ns, Total: 158929 ns
[2023-04-06T08:04:50.329+0000][69][safepoint   ] Safepoint "Cleanup", Time since last: 1001958285 ns, Reaching safepoint: 170010 ns, At safepoint: 7673 ns, Total: 177683 ns
[2023-04-06T08:04:52.331+0000][69][safepoint   ] Safepoint "Cleanup", Time since last: 2002056719 ns, Reaching safepoint: 102325 ns, At safepoint: 3678 ns, Total: 106003 ns
[2023-04-06T08:04:56.334+0000][69][safepoint   ] Safepoint "Cleanup", Time since last: 4002392648 ns, Reaching safepoint: 124596 ns, At safepoint: 3306 ns, Total: 127902 ns
[2023-04-06T08:04:57.335+0000][69][safepoint   ] Safepoint "Cleanup", Time since last: 1001434294 ns, Reaching safepoint: 111770 ns, At safepoint: 3484 ns, Total: 115254 ns
[2023-04-06T08:04:58.339+0000][69][safepoint   ] Safepoint "Cleanup", Time since last: 1002937772 ns, Reaching safepoint: 190568 ns, At safepoint: 4158 ns, Total: 194726 ns
[2023-04-06T08:05:00.345+0000][69][safepoint   ] Safepoint "Cleanup", Time since last: 2006419931 ns, Reaching safepoint: 340111 ns, At safepoint: 11046 ns, Total: 351157 ns
[2023-04-06T08:05:01.350+0000][69][safepoint   ] Safepoint "Cleanup", Time since last: 1004674533 ns, Reaching safepoint: 161309 ns, At safepoint: 4289 ns, Total: 165598 ns
[2023-04-06T08:05:02.695+0000][69][gc,start    ] GC(102) Pause Young (Normal) (G1 Evacuation Pause)
[2023-04-06T08:05:02.696+0000][69][gc,task     ] GC(102) Using 4 workers of 4 for evacuation
[2023-04-06T08:05:02.697+0000][69][gc,age      ] GC(102) Desired survivor size 8388608 bytes, new threshold 15 (max threshold 15)
[2023-04-06T08:05:02.702+0000][69][gc,phases   ] GC(102)   Pre Evacuate Collection Set: 0.1ms
[2023-04-06T08:05:02.703+0000][69][gc,phases   ] GC(102)   Merge Heap Roots: 0.1ms
[2023-04-06T08:05:02.703+0000][69][gc,phases   ] GC(102)   Evacuate Collection Set: 2.9ms
[2023-04-06T08:05:02.704+0000][69][gc,phases   ] GC(102)   Post Evacuate Collection Set: 1.2ms
[2023-04-06T08:05:02.705+0000][69][gc,phases   ] GC(102)   Other: 1.1ms
[2023-04-06T08:05:02.706+0000][69][gc,age      ] GC(102) Age table with threshold 15 (max threshold 15)
[2023-04-06T08:05:02.707+0000][69][gc,age      ] GC(102) - age   1:    1936312 bytes,    1936312 total
[2023-04-06T08:05:02.707+0000][69][gc,age      ] GC(102) - age   2:     197704 bytes,    2134016 total
[2023-04-06T08:05:02.708+0000][69][gc,age      ] GC(102) - age   3:      45984 bytes,    2180000 total
[2023-04-06T08:05:02.709+0000][69][gc,age      ] GC(102) - age   4:       1864 bytes,    2181864 total
[2023-04-06T08:05:02.709+0000][69][gc,age      ] GC(102) - age   5:      82376 bytes,    2264240 total
[2023-04-06T08:05:02.710+0000][69][gc,age      ] GC(102) - age   6:       1664 bytes,    2265904 total
[2023-04-06T08:05:02.710+0000][69][gc,age      ] GC(102) - age   7:        768 bytes,    2266672 total
[2023-04-06T08:05:02.711+0000][69][gc,age      ] GC(102) - age   8:       1088 bytes,    2267760 total
[2023-04-06T08:05:02.712+0000][69][gc,age      ] GC(102) - age   9:       5808 bytes,    2273568 total
[2023-04-06T08:05:02.712+0000][69][gc,age      ] GC(102) - age  10:       3184 bytes,    2276752 total
[2023-04-06T08:05:02.713+0000][69][gc,age      ] GC(102) - age  11:      11152 bytes,    2287904 total
[2023-04-06T08:05:02.713+0000][69][gc,age      ] GC(102) - age  12:       4640 bytes,    2292544 total
[2023-04-06T08:05:02.714+0000][69][gc,age      ] GC(102) - age  13:      10240 bytes,    2302784 total
[2023-04-06T08:05:02.714+0000][69][gc,age      ] GC(102) - age  14:       1488 bytes,    2304272 total
[2023-04-06T08:05:02.715+0000][69][gc,age      ] GC(102) - age  15:      10568 bytes,    2314840 total
[2023-04-06T08:05:02.715+0000][69][gc,heap     ] GC(102) Eden regions: 24->0(23)
[2023-04-06T08:05:02.716+0000][69][gc,heap     ] GC(102) Survivor regions: 1->1(4)
[2023-04-06T08:05:02.716+0000][69][gc,heap     ] GC(102) Old regions: 24->24
[2023-04-06T08:05:02.717+0000][69][gc,heap     ] GC(102) Archive regions: 2->2
[2023-04-06T08:05:02.717+0000][69][gc,heap     ] GC(102) Humongous regions: 2->2
[2023-04-06T08:05:02.718+0000][69][gc,metaspace] GC(102) Metaspace: 136786K(140736K)->136786K(140736K) NonClass: 119359K(121024K)->119359K(121024K) Class: 17426K(19712K)->17426K(19712K)
[2023-04-06T08:05:02.718+0000][69][gc          ] GC(102) Pause Young (Normal) (G1 Evacuation Pause) 205M->109M(256M) 23.021ms
[2023-04-06T08:05:02.719+0000][69][gc,cpu      ] GC(102) User=0.01s Sys=0.00s Real=0.02s
[2023-04-06T08:05:02.720+0000][69][safepoint   ] Safepoint "G1CollectForAllocation", Time since last: 1345168856 ns, Reaching safepoint: 109611 ns, At safepoint: 24156671 ns, Total: 24266282 ns
[2023-04-06T08:05:03.699+0000][69][safepoint   ] Safepoint "Cleanup", Time since last: 1001295402 ns, Reaching safepoint: 101145 ns, At safepoint: 3411 ns, Total: 104556 ns
[2023-04-06T08:05:07.702+0000][69][safepoint   ] Safepoint "Cleanup", Time since last: 4002500992 ns, Reaching safepoint: 157836 ns, At safepoint: 4788 ns, Total: 162624 ns
[2023-04-06T08:05:10.705+0000][69][safepoint   ] Safepoint "Cleanup", Time since last: 3003032359 ns, Reaching safepoint: 217799 ns, At safepoint: 8997 ns, Total: 226796 ns
[2023-04-06T08:05:12.708+0000][69][safepoint   ] Safepoint "Cleanup", Time since last: 2003008610 ns, Reaching safepoint: 129818 ns, At safepoint: 5261 ns, Total: 135079 ns
[2023-04-06T08:05:15.713+0000][69][safepoint   ] Safepoint "Cleanup", Time since last: 3003903788 ns, Reaching safepoint: 169704 ns, At safepoint: 56183 ns, Total: 225887 ns
[2023-04-06T08:05:19.722+0000][69][safepoint   ] Safepoint "Cleanup", Time since last: 4009001773 ns, Reaching safepoint: 257620 ns, At safepoint: 9612 ns, Total: 267232 ns
[2023-04-06T08:05:20.724+0000][69][safepoint   ] Safepoint "Cleanup", Time since last: 1001665587 ns, Reaching safepoint: 106714 ns, At safepoint: 12912 ns, Total: 119626 ns
[2023-04-06T08:05:25.727+0000][69][safepoint   ] Safepoint "Cleanup", Time since last: 5002863420 ns, Reaching safepoint: 39139 ns, At safepoint: 2537 ns, Total: 41676 ns
[2023-04-06T08:05:31.439+0000][69][gc,start    ] GC(103) Pause Young (Concurrent Start) (G1 Evacuation Pause)
[2023-04-06T08:05:31.440+0000][69][gc,task     ] GC(103) Using 4 workers of 4 for evacuation
[2023-04-06T08:05:31.441+0000][69][gc,age      ] GC(103) Desired survivor size 6291456 bytes, new threshold 15 (max threshold 15)
[2023-04-06T08:05:31.446+0000][69][gc,phases   ] GC(103)   Pre Evacuate Collection Set: 0.3ms
[2023-04-06T08:05:31.446+0000][69][gc,phases   ] GC(103)   Merge Heap Roots: 0.1ms
[2023-04-06T08:05:31.447+0000][69][gc,phases   ] GC(103)   Evacuate Collection Set: 2.7ms
[2023-04-06T08:05:31.447+0000][69][gc,phases   ] GC(103)   Post Evacuate Collection Set: 1.0ms
[2023-04-06T08:05:31.448+0000][69][gc,phases   ] GC(103)   Other: 1.1ms
[2023-04-06T08:05:31.448+0000][69][gc,age      ] GC(103) Age table with threshold 15 (max threshold 15)
[2023-04-06T08:05:31.449+0000][69][gc,age      ] GC(103) - age   1:    1983368 bytes,    1983368 total
[2023-04-06T08:05:31.450+0000][69][gc,age      ] GC(103) - age   2:     416024 bytes,    2399392 total
[2023-04-06T08:05:31.450+0000][69][gc,age      ] GC(103) - age   3:      35408 bytes,    2434800 total
[2023-04-06T08:05:31.451+0000][69][gc,age      ] GC(103) - age   4:      45688 bytes,    2480488 total
[2023-04-06T08:05:31.451+0000][69][gc,age      ] GC(103) - age   5:       1800 bytes,    2482288 total
[2023-04-06T08:05:31.452+0000][69][gc,age      ] GC(103) - age   6:      82080 bytes,    2564368 total
[2023-04-06T08:05:31.452+0000][69][gc,age      ] GC(103) - age   7:       1664 bytes,    2566032 total
[2023-04-06T08:05:31.453+0000][69][gc,age      ] GC(103) - age   8:        768 bytes,    2566800 total
[2023-04-06T08:05:31.453+0000][69][gc,age      ] GC(103) - age   9:       1088 bytes,    2567888 total
[2023-04-06T08:05:31.454+0000][69][gc,age      ] GC(103) - age  10:       5808 bytes,    2573696 total
[2023-04-06T08:05:31.454+0000][69][gc,age      ] GC(103) - age  11:       3184 bytes,    2576880 total
[2023-04-06T08:05:31.455+0000][69][gc,age      ] GC(103) - age  12:      10920 bytes,    2587800 total
[2023-04-06T08:05:31.455+0000][69][gc,age      ] GC(103) - age  13:       4544 bytes,    2592344 total
[2023-04-06T08:05:31.456+0000][69][gc,age      ] GC(103) - age  14:      10240 bytes,    2602584 total
[2023-04-06T08:05:31.456+0000][69][gc,age      ] GC(103) - age  15:       1488 bytes,    2604072 total
[2023-04-06T08:05:31.457+0000][69][gc,heap     ] GC(103) Eden regions: 23->0(23)
[2023-04-06T08:05:31.457+0000][69][gc,heap     ] GC(103) Survivor regions: 1->1(3)
[2023-04-06T08:05:31.458+0000][69][gc,heap     ] GC(103) Old regions: 24->24
[2023-04-06T08:05:31.458+0000][69][gc,heap     ] GC(103) Archive regions: 2->2
[2023-04-06T08:05:31.459+0000][69][gc,heap     ] GC(103) Humongous regions: 2->2
[2023-04-06T08:05:31.459+0000][69][gc,metaspace] GC(103) Metaspace: 136808K(140736K)->136808K(140736K) NonClass: 119381K(121024K)->119381K(121024K) Class: 17426K(19712K)->17426K(19712K)
[2023-04-06T08:05:31.460+0000][69][gc          ] GC(103) Pause Young (Concurrent Start) (G1 Evacuation Pause) 201M->109M(256M) 20.742ms
[2023-04-06T08:05:31.461+0000][69][gc,cpu      ] GC(103) User=0.01s Sys=0.00s Real=0.03s
[2023-04-06T08:05:31.461+0000][69][gc          ] GC(104) Concurrent Mark Cycle
[2023-04-06T08:05:31.463+0000][69][gc,marking  ] GC(104) Concurrent Clear Claimed Marks
[2023-04-06T08:05:31.462+0000][69][safepoint   ] Safepoint "G1CollectForAllocation", Time since last: 5712691167 ns, Reaching safepoint: 122080 ns, At safepoint: 22936869 ns, Total: 23058949 ns
[2023-04-06T08:05:31.464+0000][69][gc,marking  ] GC(104) Concurrent Clear Claimed Marks 0.792ms
[2023-04-06T08:05:31.465+0000][69][gc,marking  ] GC(104) Concurrent Scan Root Regions
[2023-04-06T08:05:31.468+0000][69][gc,marking  ] GC(104) Concurrent Scan Root Regions 3.153ms
[2023-04-06T08:05:31.469+0000][69][gc,marking  ] GC(104) Concurrent Mark
[2023-04-06T08:05:31.469+0000][69][gc,marking  ] GC(104) Concurrent Mark From Roots
[2023-04-06T08:05:31.470+0000][69][gc,task     ] GC(104) Using 1 workers of 1 for marking
[2023-04-06T08:05:31.572+0000][69][gc,marking  ] GC(104) Concurrent Mark From Roots 102.182ms
[2023-04-06T08:05:31.572+0000][69][gc,marking  ] GC(104) Concurrent Preclean
[2023-04-06T08:05:31.573+0000][69][gc,marking  ] GC(104) Concurrent Preclean 0.800ms
[2023-04-06T08:05:31.574+0000][69][gc,start    ] GC(104) Pause Remark
[2023-04-06T08:05:31.585+0000][69][gc          ] GC(104) Pause Remark 110M->110M(256M) 11.283ms
[2023-04-06T08:05:31.586+0000][69][gc,cpu      ] GC(104) User=0.03s Sys=0.00s Real=0.01s
[2023-04-06T08:05:31.586+0000][69][safepoint   ] Safepoint "G1PauseRemark", Time since last: 111352030 ns, Reaching safepoint: 79063 ns, At safepoint: 12740700 ns, Total: 12819763 ns
[2023-04-06T08:05:31.587+0000][69][gc,marking  ] GC(104) Concurrent Mark 118.297ms
[2023-04-06T08:05:31.588+0000][69][gc,marking  ] GC(104) Concurrent Rebuild Remembered Sets
[2023-04-06T08:05:31.641+0000][69][gc,marking  ] GC(104) Concurrent Rebuild Remembered Sets 52.939ms
[2023-04-06T08:05:31.642+0000][69][gc,start    ] GC(104) Pause Cleanup
[2023-04-06T08:05:31.643+0000][69][gc          ] GC(104) Pause Cleanup 110M->110M(256M) 0.640ms
[2023-04-06T08:05:31.643+0000][69][gc,cpu      ] GC(104) User=0.01s Sys=0.00s Real=0.00s
[2023-04-06T08:05:31.644+0000][69][safepoint   ] Safepoint "G1PauseCleanup", Time since last: 55319500 ns, Reaching safepoint: 135854 ns, At safepoint: 1601786 ns, Total: 1737640 ns
[2023-04-06T08:05:31.644+0000][69][gc,marking  ] GC(104) Concurrent Cleanup for Next Mark
[2023-04-06T08:05:31.645+0000][69][gc,marking  ] GC(104) Concurrent Cleanup for Next Mark 0.762ms
[2023-04-06T08:05:31.645+0000][69][gc          ] GC(104) Concurrent Mark Cycle 184.318ms
[2023-04-06T08:05:34.623+0000][69][safepoint   ] Safepoint "Cleanup", Time since last: 3001185781 ns, Reaching safepoint: 121575 ns, At safepoint: 2657 ns, Total: 124232 ns
[2023-04-06T08:05:36.626+0000][69][safepoint   ] Safepoint "Cleanup", Time since last: 2002311620 ns, Reaching safepoint: 144060 ns, At safepoint: 3975 ns, Total: 148035 ns
[2023-04-06T08:05:37.630+0000][69][safepoint   ] Safepoint "Cleanup", Time since last: 1003669912 ns, Reaching safepoint: 188984 ns, At safepoint: 5153 ns, Total: 194137 ns
[2023-04-06T08:05:46.644+0000][69][safepoint   ] Safepoint "Cleanup", Time since last: 9013749434 ns, Reaching safepoint: 103669 ns, At safepoint: 3577 ns, Total: 107246 ns
[2023-04-06T08:05:49.648+0000][69][safepoint   ] Safepoint "Cleanup", Time since last: 3004343228 ns, Reaching safepoint: 81982 ns, At safepoint: 2780 ns, Total: 84762 ns
[2023-04-06T08:05:56.655+0000][69][safepoint   ] Safepoint "Cleanup", Time since last: 7007198765 ns, Reaching safepoint: 99387 ns, At safepoint: 5616 ns, Total: 105003 ns
[2023-04-06T08:05:59.658+0000][69][safepoint   ] Safepoint "Cleanup", Time since last: 3003055702 ns, Reaching safepoint: 170962 ns, At safepoint: 3428 ns, Total: 174390 ns
[2023-04-06T08:06:01.661+0000][69][safepoint   ] Safepoint "Cleanup", Time since last: 2002295859 ns, Reaching safepoint: 118408 ns, At safepoint: 4509 ns, Total: 122917 ns
[2023-04-06T08:06:03.075+0000][69][gc,start    ] GC(105) Pause Young (Normal) (G1 Evacuation Pause)
[2023-04-06T08:06:03.077+0000][69][gc,task     ] GC(105) Using 4 workers of 4 for evacuation
[2023-04-06T08:06:03.078+0000][69][gc,age      ] GC(105) Desired survivor size 6291456 bytes, new threshold 15 (max threshold 15)
[2023-04-06T08:06:03.081+0000][69][gc,phases   ] GC(105)   Pre Evacuate Collection Set: 0.1ms
[2023-04-06T08:06:03.081+0000][69][gc,phases   ] GC(105)   Merge Heap Roots: 0.1ms
[2023-04-06T08:06:03.082+0000][69][gc,phases   ] GC(105)   Evacuate Collection Set: 1.7ms
[2023-04-06T08:06:03.082+0000][69][gc,phases   ] GC(105)   Post Evacuate Collection Set: 0.7ms
[2023-04-06T08:06:03.083+0000][69][gc,phases   ] GC(105)   Other: 1.2ms
[2023-04-06T08:06:03.083+0000][69][gc,age      ] GC(105) Age table with threshold 15 (max threshold 15)
[2023-04-06T08:06:03.084+0000][69][gc,age      ] GC(105) - age   1:     496400 bytes,     496400 total
[2023-04-06T08:06:03.084+0000][69][gc,age      ] GC(105) - age   2:      37016 bytes,     533416 total
[2023-04-06T08:06:03.084+0000][69][gc,age      ] GC(105) - age   3:     401488 bytes,     934904 total
[2023-04-06T08:06:03.085+0000][69][gc,age      ] GC(105) - age   4:      34712 bytes,     969616 total
[2023-04-06T08:06:03.085+0000][69][gc,age      ] GC(105) - age   5:      45256 bytes,    1014872 total
[2023-04-06T08:06:03.086+0000][69][gc,age      ] GC(105) - age   6:       1800 bytes,    1016672 total
[2023-04-06T08:06:03.086+0000][69][gc,age      ] GC(105) - age   7:      82080 bytes,    1098752 total
[2023-04-06T08:06:03.087+0000][69][gc,age      ] GC(105) - age   8:       1664 bytes,    1100416 total
[2023-04-06T08:06:03.087+0000][69][gc,age      ] GC(105) - age   9:        768 bytes,    1101184 total
[2023-04-06T08:06:03.088+0000][69][gc,age      ] GC(105) - age  10:       1088 bytes,    1102272 total
[2023-04-06T08:06:03.088+0000][69][gc,age      ] GC(105) - age  11:       5808 bytes,    1108080 total
[2023-04-06T08:06:03.089+0000][69][gc,age      ] GC(105) - age  12:       3184 bytes,    1111264 total
[2023-04-06T08:06:03.090+0000][69][gc,age      ] GC(105) - age  13:      10920 bytes,    1122184 total
[2023-04-06T08:06:03.091+0000][69][gc,age      ] GC(105) - age  14:       4544 bytes,    1126728 total
[2023-04-06T08:06:03.092+0000][69][gc,age      ] GC(105) - age  15:      10240 bytes,    1136968 total
[2023-04-06T08:06:03.093+0000][69][gc,heap     ] GC(105) Eden regions: 23->0(23)
[2023-04-06T08:06:03.093+0000][69][gc,heap     ] GC(105) Survivor regions: 1->1(3)
[2023-04-06T08:06:03.094+0000][69][gc,heap     ] GC(105) Old regions: 24->24
[2023-04-06T08:06:03.094+0000][69][gc,heap     ] GC(105) Archive regions: 2->2
[2023-04-06T08:06:03.095+0000][69][gc,heap     ] GC(105) Humongous regions: 2->2
[2023-04-06T08:06:03.095+0000][69][gc,metaspace] GC(105) Metaspace: 136824K(140736K)->136824K(140736K) NonClass: 119397K(121024K)->119397K(121024K) Class: 17426K(19712K)->17426K(19712K)
[2023-04-06T08:06:03.096+0000][69][gc          ] GC(105) Pause Young (Normal) (G1 Evacuation Pause) 201M->108M(256M) 20.376ms
[2023-04-06T08:06:03.096+0000][69][gc,cpu      ] GC(105) User=0.01s Sys=0.00s Real=0.02s
[2023-04-06T08:06:03.097+0000][69][safepoint   ] Safepoint "G1CollectForAllocation", Time since last: 1435534984 ns, Reaching safepoint: 97502 ns, At safepoint: 21468716 ns, Total: 21566218 ns
[2023-04-06T08:06:16.106+0000][69][safepoint   ] Safepoint "Cleanup", Time since last: 13009073461 ns, Reaching safepoint: 200853 ns, At safepoint: 6186 ns, Total: 207039 ns
[2023-04-06T08:06:20.110+0000][69][safepoint   ] Safepoint "Cleanup", Time since last: 4003256779 ns, Reaching safepoint: 188811 ns, At safepoint: 11304 ns, Total: 200115 ns
[2023-04-06T08:06:24.113+0000][69][safepoint   ] Safepoint "Cleanup", Time since last: 4003084671 ns, Reaching safepoint: 123336 ns, At safepoint: 3957 ns, Total: 127293 ns
[2023-04-06T08:06:25.114+0000][69][safepoint   ] Safepoint "Cleanup", Time since last: 1001258567 ns, Reaching safepoint: 377612 ns, At safepoint: 10996 ns, Total: 388608 ns
[2023-04-06T08:06:26.116+0000][69][safepoint   ] Safepoint "Cleanup", Time since last: 1000921953 ns, Reaching safepoint: 203357 ns, At safepoint: 8298 ns, Total: 211655 ns
[2023-04-06T08:06:30.999+0000][69][gc,start    ] GC(106) Pause Young (Concurrent Start) (G1 Evacuation Pause)
[2023-04-06T08:06:31.000+0000][69][gc,task     ] GC(106) Using 4 workers of 4 for evacuation
[2023-04-06T08:06:31.001+0000][69][gc,age      ] GC(106) Desired survivor size 6291456 bytes, new threshold 15 (max threshold 15)
[2023-04-06T08:06:31.005+0000][69][gc,phases   ] GC(106)   Pre Evacuate Collection Set: 0.4ms
[2023-04-06T08:06:31.006+0000][69][gc,phases   ] GC(106)   Merge Heap Roots: 0.1ms
[2023-04-06T08:06:31.006+0000][69][gc,phases   ] GC(106)   Evacuate Collection Set: 2.2ms
[2023-04-06T08:06:31.007+0000][69][gc,phases   ] GC(106)   Post Evacuate Collection Set: 0.9ms
[2023-04-06T08:06:31.007+0000][69][gc,phases   ] GC(106)   Other: 1.6ms
[2023-04-06T08:06:31.008+0000][69][gc,age      ] GC(106) Age table with threshold 15 (max threshold 15)
[2023-04-06T08:06:31.008+0000][69][gc,age      ] GC(106) - age   1:    1102864 bytes,    1102864 total
[2023-04-06T08:06:31.009+0000][69][gc,age      ] GC(106) - age   2:     152736 bytes,    1255600 total
[2023-04-06T08:06:31.009+0000][69][gc,age      ] GC(106) - age   3:       1792 bytes,    1257392 total
[2023-04-06T08:06:31.010+0000][69][gc,age      ] GC(106) - age   4:     284608 bytes,    1542000 total
[2023-04-06T08:06:31.010+0000][69][gc,age      ] GC(106) - age   5:      34416 bytes,    1576416 total
[2023-04-06T08:06:31.011+0000][69][gc,age      ] GC(106) - age   6:      45256 bytes,    1621672 total
[2023-04-06T08:06:31.011+0000][69][gc,age      ] GC(106) - age   7:       1672 bytes,    1623344 total
[2023-04-06T08:06:31.011+0000][69][gc,age      ] GC(106) - age   8:      82080 bytes,    1705424 total
[2023-04-06T08:06:31.012+0000][69][gc,age      ] GC(106) - age   9:       1664 bytes,    1707088 total
[2023-04-06T08:06:31.013+0000][69][gc,age      ] GC(106) - age  10:        768 bytes,    1707856 total
[2023-04-06T08:06:31.013+0000][69][gc,age      ] GC(106) - age  11:       1088 bytes,    1708944 total
[2023-04-06T08:06:31.013+0000][69][gc,age      ] GC(106) - age  12:       5808 bytes,    1714752 total
[2023-04-06T08:06:31.014+0000][69][gc,age      ] GC(106) - age  13:       3184 bytes,    1717936 total
[2023-04-06T08:06:31.014+0000][69][gc,age      ] GC(106) - age  14:      10920 bytes,    1728856 total
[2023-04-06T08:06:31.015+0000][69][gc,age      ] GC(106) - age  15:       4544 bytes,    1733400 total
[2023-04-06T08:06:31.015+0000][69][gc,heap     ] GC(106) Eden regions: 23->0(24)
[2023-04-06T08:06:31.016+0000][69][gc,heap     ] GC(106) Survivor regions: 1->1(3)
[2023-04-06T08:06:31.016+0000][69][gc,heap     ] GC(106) Old regions: 24->24
[2023-04-06T08:06:31.017+0000][69][gc,heap     ] GC(106) Archive regions: 2->2
[2023-04-06T08:06:31.017+0000][69][gc,heap     ] GC(106) Humongous regions: 2->2
[2023-04-06T08:06:31.017+0000][69][gc,metaspace] GC(106) Metaspace: 136837K(140736K)->136837K(140736K) NonClass: 119410K(121024K)->119410K(121024K) Class: 17426K(19712K)->17426K(19712K)
[2023-04-06T08:06:31.018+0000][69][gc          ] GC(106) Pause Young (Concurrent Start) (G1 Evacuation Pause) 200M->108M(256M) 19.208ms
[2023-04-06T08:06:31.018+0000][69][gc          ] GC(107) Concurrent Mark Cycle
[2023-04-06T08:06:31.019+0000][69][gc,marking  ] GC(107) Concurrent Clear Claimed Marks
[2023-04-06T08:06:31.020+0000][69][gc,marking  ] GC(107) Concurrent Clear Claimed Marks 0.684ms
[2023-04-06T08:06:31.020+0000][69][gc,marking  ] GC(107) Concurrent Scan Root Regions
[2023-04-06T08:06:31.018+0000][69][gc,cpu      ] GC(106) User=0.01s Sys=0.01s Real=0.02s
[2023-04-06T08:06:31.021+0000][69][safepoint   ] Safepoint "G1CollectForAllocation", Time since last: 4882904448 ns, Reaching safepoint: 210968 ns, At safepoint: 22217344 ns, Total: 22428312 ns
[2023-04-06T08:06:31.023+0000][69][gc,marking  ] GC(107) Concurrent Scan Root Regions 2.790ms
[2023-04-06T08:06:31.023+0000][69][gc,marking  ] GC(107) Concurrent Mark
[2023-04-06T08:06:31.024+0000][69][gc,marking  ] GC(107) Concurrent Mark From Roots
[2023-04-06T08:06:31.024+0000][69][gc,task     ] GC(107) Using 1 workers of 1 for marking
[2023-04-06T08:06:31.152+0000][69][gc,marking  ] GC(107) Concurrent Mark From Roots 128.326ms
[2023-04-06T08:06:31.153+0000][69][gc,marking  ] GC(107) Concurrent Preclean
[2023-04-06T08:06:31.153+0000][69][gc,marking  ] GC(107) Concurrent Preclean 0.671ms
[2023-04-06T08:06:31.154+0000][69][gc,start    ] GC(107) Pause Remark
[2023-04-06T08:06:31.164+0000][69][gc          ] GC(107) Pause Remark 111M->111M(256M) 9.493ms
[2023-04-06T08:06:31.164+0000][69][gc,cpu      ] GC(107) User=0.02s Sys=0.00s Real=0.01s
[2023-04-06T08:06:31.165+0000][69][safepoint   ] Safepoint "G1PauseRemark", Time since last: 132982351 ns, Reaching safepoint: 132471 ns, At safepoint: 10671442 ns, Total: 10803913 ns
[2023-04-06T08:06:31.165+0000][69][gc,marking  ] GC(107) Concurrent Mark 141.893ms
[2023-04-06T08:06:31.166+0000][69][gc,marking  ] GC(107) Concurrent Rebuild Remembered Sets
[2023-04-06T08:06:31.285+0000][69][gc,marking  ] GC(107) Concurrent Rebuild Remembered Sets 118.836ms
[2023-04-06T08:06:31.286+0000][69][gc,start    ] GC(107) Pause Cleanup
[2023-04-06T08:06:31.286+0000][69][gc          ] GC(107) Pause Cleanup 115M->115M(256M) 0.751ms
[2023-04-06T08:06:31.287+0000][69][gc,cpu      ] GC(107) User=0.00s Sys=0.00s Real=0.00s
[2023-04-06T08:06:31.288+0000][69][safepoint   ] Safepoint "G1PauseCleanup", Time since last: 120898907 ns, Reaching safepoint: 62156 ns, At safepoint: 1999170 ns, Total: 2061326 ns
[2023-04-06T08:06:31.288+0000][69][gc,marking  ] GC(107) Concurrent Cleanup for Next Mark
[2023-04-06T08:06:31.289+0000][69][gc,marking  ] GC(107) Concurrent Cleanup for Next Mark 0.892ms
[2023-04-06T08:06:31.290+0000][69][gc          ] GC(107) Concurrent Mark Cycle 271.599ms
[2023-04-06T08:06:42.274+0000][69][safepoint   ] Safepoint "Cleanup", Time since last: 11006867445 ns, Reaching safepoint: 825824 ns, At safepoint: 125221 ns, Total: 951045 ns
[2023-04-06T08:06:43.281+0000][69][safepoint   ] Safepoint "Cleanup", Time since last: 1006902411 ns, Reaching safepoint: 364985 ns, At safepoint: 11553 ns, Total: 376538 ns
[2023-04-06T08:06:44.287+0000][69][safepoint   ] Safepoint "Cleanup", Time since last: 1005348476 ns, Reaching safepoint: 332304 ns, At safepoint: 19606 ns, Total: 351910 ns
[2023-04-06T08:06:49.293+0000][69][safepoint   ] Safepoint "Cleanup", Time since last: 5005911637 ns, Reaching safepoint: 169695 ns, At safepoint: 3813 ns, Total: 173508 ns
[2023-04-06T08:06:50.294+0000][69][safepoint   ] Safepoint "Cleanup", Time since last: 1001471085 ns, Reaching safepoint: 231639 ns, At safepoint: 4666 ns, Total: 236305 ns
[2023-04-06T08:06:53.296+0000][69][safepoint   ] Safepoint "Cleanup", Time since last: 3001771154 ns, Reaching safepoint: 151408 ns, At safepoint: 3650 ns, Total: 155058 ns
[2023-04-06T08:06:55.298+0000][69][safepoint   ] Safepoint "Cleanup", Time since last: 2001796699 ns, Reaching safepoint: 151067 ns, At safepoint: 6904 ns, Total: 157971 ns
[2023-04-06T08:06:59.301+0000][69][safepoint   ] Safepoint "Cleanup", Time since last: 4002855599 ns, Reaching safepoint: 219545 ns, At safepoint: 11699 ns, Total: 231244 ns
[2023-04-06T08:07:01.225+0000][69][gc,start    ] GC(108) Pause Young (Normal) (G1 Evacuation Pause)
[2023-04-06T08:07:01.225+0000][69][gc,task     ] GC(108) Using 4 workers of 4 for evacuation
[2023-04-06T08:07:01.226+0000][69][gc,age      ] GC(108) Desired survivor size 8388608 bytes, new threshold 15 (max threshold 15)
[2023-04-06T08:07:01.229+0000][69][gc,phases   ] GC(108)   Pre Evacuate Collection Set: 0.1ms
[2023-04-06T08:07:01.229+0000][69][gc,phases   ] GC(108)   Merge Heap Roots: 0.1ms
[2023-04-06T08:07:01.230+0000][69][gc,phases   ] GC(108)   Evacuate Collection Set: 1.4ms
[2023-04-06T08:07:01.230+0000][69][gc,phases   ] GC(108)   Post Evacuate Collection Set: 0.8ms
[2023-04-06T08:07:01.231+0000][69][gc,phases   ] GC(108)   Other: 1.0ms
[2023-04-06T08:07:01.232+0000][69][gc,age      ] GC(108) Age table with threshold 15 (max threshold 15)
[2023-04-06T08:07:01.232+0000][69][gc,age      ] GC(108) - age   1:    1195168 bytes,    1195168 total
[2023-04-06T08:07:01.232+0000][69][gc,age      ] GC(108) - age   2:      56112 bytes,    1251280 total
[2023-04-06T08:07:01.233+0000][69][gc,age      ] GC(108) - age   3:     143880 bytes,    1395160 total
[2023-04-06T08:07:01.233+0000][69][gc,age      ] GC(108) - age   4:       1368 bytes,    1396528 total
[2023-04-06T08:07:01.234+0000][69][gc,age      ] GC(108) - age   5:     284608 bytes,    1681136 total
[2023-04-06T08:07:01.234+0000][69][gc,age      ] GC(108) - age   6:      34352 bytes,    1715488 total
[2023-04-06T08:07:01.235+0000][69][gc,age      ] GC(108) - age   7:      28184 bytes,    1743672 total
[2023-04-06T08:07:01.241+0000][69][gc,age      ] GC(108) - age   8:       1608 bytes,    1745280 total
[2023-04-06T08:07:01.242+0000][69][gc,age      ] GC(108) - age   9:      82080 bytes,    1827360 total
[2023-04-06T08:07:01.242+0000][69][gc,age      ] GC(108) - age  10:       1664 bytes,    1829024 total
[2023-04-06T08:07:01.243+0000][69][gc,age      ] GC(108) - age  11:        768 bytes,    1829792 total
[2023-04-06T08:07:01.243+0000][69][gc,age      ] GC(108) - age  12:       1088 bytes,    1830880 total
[2023-04-06T08:07:01.243+0000][69][gc,age      ] GC(108) - age  13:       5808 bytes,    1836688 total
[2023-04-06T08:07:01.244+0000][69][gc,age      ] GC(108) - age  14:       3184 bytes,    1839872 total
[2023-04-06T08:07:01.244+0000][69][gc,age      ] GC(108) - age  15:      10920 bytes,    1850792 total
[2023-04-06T08:07:01.245+0000][69][gc,heap     ] GC(108) Eden regions: 24->0(24)
[2023-04-06T08:07:01.245+0000][69][gc,heap     ] GC(108) Survivor regions: 1->1(4)
[2023-04-06T08:07:01.246+0000][69][gc,heap     ] GC(108) Old regions: 24->24
[2023-04-06T08:07:01.246+0000][69][gc,heap     ] GC(108) Archive regions: 2->2
[2023-04-06T08:07:01.246+0000][69][gc,heap     ] GC(108) Humongous regions: 2->2
[2023-04-06T08:07:01.247+0000][69][gc,metaspace] GC(108) Metaspace: 136864K(140736K)->136864K(140736K) NonClass: 119437K(121024K)->119437K(121024K) Class: 17426K(19712K)->17426K(19712K)
[2023-04-06T08:07:01.248+0000][69][gc          ] GC(108) Pause Young (Normal) (G1 Evacuation Pause) 204M->109M(256M) 22.890ms
[2023-04-06T08:07:01.248+0000][69][gc,cpu      ] GC(108) User=0.01s Sys=0.00s Real=0.03s
[2023-04-06T08:07:01.249+0000][69][safepoint   ] Safepoint "G1CollectForAllocation", Time since last: 1923338713 ns, Reaching safepoint: 87666 ns, At safepoint: 23901528 ns, Total: 23989194 ns
[2023-04-06T08:07:08.230+0000][69][safepoint   ] Safepoint "Cleanup", Time since last: 7002651481 ns, Reaching safepoint: 113681 ns, At safepoint: 3411 ns, Total: 117092 ns
[2023-04-06T08:07:09.232+0000][69][safepoint   ] Safepoint "Cleanup", Time since last: 1001918497 ns, Reaching safepoint: 119422 ns, At safepoint: 3875 ns, Total: 123297 ns
[2023-04-06T08:07:10.233+0000][69][safepoint   ] Safepoint "Cleanup", Time since last: 1001397085 ns, Reaching safepoint: 111601 ns, At safepoint: 3122 ns, Total: 114723 ns
[2023-04-06T08:07:12.235+0000][69][safepoint   ] Safepoint "Cleanup", Time since last: 2001713312 ns, Reaching safepoint: 119180 ns, At safepoint: 3597 ns, Total: 122777 ns
[2023-04-06T08:07:13.237+0000][69][safepoint   ] Safepoint "Cleanup", Time since last: 1001157887 ns, Reaching safepoint: 254002 ns, At safepoint: 34343 ns, Total: 288345 ns
[2023-04-06T08:07:16.239+0000][69][safepoint   ] Safepoint "Cleanup", Time since last: 3002363755 ns, Reaching safepoint: 121180 ns, At safepoint: 3130 ns, Total: 124310 ns
[2023-04-06T08:07:24.256+0000][69][safepoint   ] Safepoint "Cleanup", Time since last: 8016334421 ns, Reaching safepoint: 267011 ns, At safepoint: 9885 ns, Total: 276896 ns
[2023-04-06T08:07:27.266+0000][69][safepoint   ] Safepoint "Cleanup", Time since last: 3009910468 ns, Reaching safepoint: 152862 ns, At safepoint: 3456 ns, Total: 156318 ns
[2023-04-06T08:07:31.241+0000][69][gc,start    ] GC(109) Pause Young (Concurrent Start) (G1 Evacuation Pause)
[2023-04-06T08:07:31.242+0000][69][gc,task     ] GC(109) Using 4 workers of 4 for evacuation
[2023-04-06T08:07:31.243+0000][69][gc,age      ] GC(109) Desired survivor size 8388608 bytes, new threshold 15 (max threshold 15)
[2023-04-06T08:07:31.248+0000][69][gc,phases   ] GC(109)   Pre Evacuate Collection Set: 0.3ms
[2023-04-06T08:07:31.249+0000][69][gc,phases   ] GC(109)   Merge Heap Roots: 0.1ms
[2023-04-06T08:07:31.249+0000][69][gc,phases   ] GC(109)   Evacuate Collection Set: 2.9ms
[2023-04-06T08:07:31.250+0000][69][gc,phases   ] GC(109)   Post Evacuate Collection Set: 0.9ms
[2023-04-06T08:07:31.251+0000][69][gc,phases   ] GC(109)   Other: 1.6ms
[2023-04-06T08:07:31.251+0000][69][gc,age      ] GC(109) Age table with threshold 15 (max threshold 15)
[2023-04-06T08:07:31.252+0000][69][gc,age      ] GC(109) - age   1:    1372360 bytes,    1372360 total
[2023-04-06T08:07:31.252+0000][69][gc,age      ] GC(109) - age   2:     118016 bytes,    1490376 total
[2023-04-06T08:07:31.253+0000][69][gc,age      ] GC(109) - age   3:       1272 bytes,    1491648 total
[2023-04-06T08:07:31.253+0000][69][gc,age      ] GC(109) - age   4:      24480 bytes,    1516128 total
[2023-04-06T08:07:31.254+0000][69][gc,age      ] GC(109) - age   5:       1368 bytes,    1517496 total
[2023-04-06T08:07:31.255+0000][69][gc,age      ] GC(109) - age   6:     284608 bytes,    1802104 total
[2023-04-06T08:07:31.255+0000][69][gc,age      ] GC(109) - age   7:      34352 bytes,    1836456 total
[2023-04-06T08:07:31.256+0000][69][gc,age      ] GC(109) - age   8:      28184 bytes,    1864640 total
[2023-04-06T08:07:31.256+0000][69][gc,age      ] GC(109) - age   9:       1608 bytes,    1866248 total
[2023-04-06T08:07:31.257+0000][69][gc,age      ] GC(109) - age  10:      82080 bytes,    1948328 total
[2023-04-06T08:07:31.257+0000][69][gc,age      ] GC(109) - age  11:       1664 bytes,    1949992 total
[2023-04-06T08:07:31.258+0000][69][gc,age      ] GC(109) - age  12:        768 bytes,    1950760 total
[2023-04-06T08:07:31.259+0000][69][gc,age      ] GC(109) - age  13:       1088 bytes,    1951848 total
[2023-04-06T08:07:31.260+0000][69][gc,age      ] GC(109) - age  14:       5808 bytes,    1957656 total
[2023-04-06T08:07:31.260+0000][69][gc,age      ] GC(109) - age  15:       3184 bytes,    1960840 total
[2023-04-06T08:07:31.261+0000][69][gc,heap     ] GC(109) Eden regions: 24->0(24)
[2023-04-06T08:07:31.261+0000][69][gc,heap     ] GC(109) Survivor regions: 1->1(4)
[2023-04-06T08:07:31.262+0000][69][gc,heap     ] GC(109) Old regions: 24->24
[2023-04-06T08:07:31.262+0000][69][gc,heap     ] GC(109) Archive regions: 2->2
[2023-04-06T08:07:31.263+0000][69][gc,heap     ] GC(109) Humongous regions: 2->2
[2023-04-06T08:07:31.263+0000][69][gc,metaspace] GC(109) Metaspace: 136880K(140736K)->136880K(140736K) NonClass: 119454K(121024K)->119454K(121024K) Class: 17426K(19712K)->17426K(19712K)
[2023-04-06T08:07:31.264+0000][69][gc          ] GC(109) Pause Young (Concurrent Start) (G1 Evacuation Pause) 205M->109M(256M) 22.865ms
[2023-04-06T08:07:31.265+0000][69][gc,cpu      ] GC(109) User=0.01s Sys=0.00s Real=0.03s
[2023-04-06T08:07:31.265+0000][69][gc          ] GC(110) Concurrent Mark Cycle
[2023-04-06T08:07:31.269+0000][69][safepoint   ] Safepoint "G1CollectForAllocation", Time since last: 3975230281 ns, Reaching safepoint: 77117 ns, At safepoint: 27695324 ns, Total: 27772441 ns
[2023-04-06T08:07:31.270+0000][69][gc,marking  ] GC(110) Concurrent Clear Claimed Marks
[2023-04-06T08:07:31.272+0000][69][gc,marking  ] GC(110) Concurrent Clear Claimed Marks 2.580ms
[2023-04-06T08:07:31.273+0000][69][gc,marking  ] GC(110) Concurrent Scan Root Regions
[2023-04-06T08:07:31.277+0000][69][gc,marking  ] GC(110) Concurrent Scan Root Regions 3.665ms
[2023-04-06T08:07:31.278+0000][69][gc,marking  ] GC(110) Concurrent Mark
[2023-04-06T08:07:31.278+0000][69][gc,marking  ] GC(110) Concurrent Mark From Roots
[2023-04-06T08:07:31.279+0000][69][gc,task     ] GC(110) Using 1 workers of 1 for marking
[2023-04-06T08:07:31.397+0000][69][gc,marking  ] GC(110) Concurrent Mark From Roots 118.240ms
[2023-04-06T08:07:31.397+0000][69][gc,marking  ] GC(110) Concurrent Preclean
[2023-04-06T08:07:31.398+0000][69][gc,marking  ] GC(110) Concurrent Preclean 0.837ms
[2023-04-06T08:07:31.399+0000][69][gc,start    ] GC(110) Pause Remark
[2023-04-06T08:07:31.411+0000][69][gc          ] GC(110) Pause Remark 111M->111M(256M) 11.836ms
[2023-04-06T08:07:31.412+0000][69][gc,cpu      ] GC(110) User=0.03s Sys=0.00s Real=0.01s
[2023-04-06T08:07:31.413+0000][69][safepoint   ] Safepoint "G1PauseRemark", Time since last: 130151405 ns, Reaching safepoint: 77813 ns, At safepoint: 13480423 ns, Total: 13558236 ns
[2023-04-06T08:07:31.413+0000][69][gc,marking  ] GC(110) Concurrent Mark 135.714ms
[2023-04-06T08:07:31.414+0000][69][gc,marking  ] GC(110) Concurrent Rebuild Remembered Sets
[2023-04-06T08:07:31.466+0000][69][gc,marking  ] GC(110) Concurrent Rebuild Remembered Sets 52.299ms
[2023-04-06T08:07:31.467+0000][69][gc,start    ] GC(110) Pause Cleanup
[2023-04-06T08:07:31.468+0000][69][gc          ] GC(110) Pause Cleanup 111M->111M(256M) 0.711ms
[2023-04-06T08:07:31.469+0000][69][gc,cpu      ] GC(110) User=0.00s Sys=0.00s Real=0.00s
[2023-04-06T08:07:31.469+0000][69][safepoint   ] Safepoint "G1PauseCleanup", Time since last: 54608771 ns, Reaching safepoint: 100251 ns, At safepoint: 1992898 ns, Total: 2093149 ns
[2023-04-06T08:07:31.470+0000][69][gc,marking  ] GC(110) Concurrent Cleanup for Next Mark
[2023-04-06T08:07:31.471+0000][69][gc,marking  ] GC(110) Concurrent Cleanup for Next Mark 0.940ms
[2023-04-06T08:07:31.472+0000][69][gc          ] GC(110) Concurrent Mark Cycle 206.651ms
[2023-04-06T08:07:40.452+0000][69][safepoint   ] Safepoint "Cleanup", Time since last: 9004196549 ns, Reaching safepoint: 111684 ns, At safepoint: 3821 ns, Total: 115505 ns
[2023-04-06T08:07:43.455+0000][69][safepoint   ] Safepoint "Cleanup", Time since last: 3002654019 ns, Reaching safepoint: 168221 ns, At safepoint: 4404 ns, Total: 172625 ns
[2023-04-06T08:07:49.459+0000][69][safepoint   ] Safepoint "Cleanup", Time since last: 6004054543 ns, Reaching safepoint: 191813 ns, At safepoint: 6004 ns, Total: 197817 ns
[2023-04-06T08:07:50.462+0000][69][safepoint   ] Safepoint "Cleanup", Time since last: 1002465193 ns, Reaching safepoint: 192514 ns, At safepoint: 6225 ns, Total: 198739 ns
[2023-04-06T08:07:51.466+0000][69][safepoint   ] Safepoint "Cleanup", Time since last: 1003558120 ns, Reaching safepoint: 433256 ns, At safepoint: 12890 ns, Total: 446146 ns
[2023-04-06T08:07:55.471+0000][69][safepoint   ] Safepoint "Cleanup", Time since last: 4005279033 ns, Reaching safepoint: 166781 ns, At safepoint: 5137 ns, Total: 171918 ns
[2023-04-06T08:07:57.474+0000][69][safepoint   ] Safepoint "Cleanup", Time since last: 2002966395 ns, Reaching safepoint: 164286 ns, At safepoint: 3708 ns, Total: 167994 ns
[2023-04-06T08:08:01.202+0000][69][gc,start    ] GC(111) Pause Young (Normal) (G1 Evacuation Pause)
[2023-04-06T08:08:01.202+0000][69][gc,task     ] GC(111) Using 4 workers of 4 for evacuation
[2023-04-06T08:08:01.203+0000][69][gc,age      ] GC(111) Desired survivor size 8388608 bytes, new threshold 15 (max threshold 15)
[2023-04-06T08:08:01.206+0000][69][gc,phases   ] GC(111)   Pre Evacuate Collection Set: 0.1ms
[2023-04-06T08:08:01.207+0000][69][gc,phases   ] GC(111)   Merge Heap Roots: 0.1ms
[2023-04-06T08:08:01.207+0000][69][gc,phases   ] GC(111)   Evacuate Collection Set: 1.4ms
[2023-04-06T08:08:01.208+0000][69][gc,phases   ] GC(111)   Post Evacuate Collection Set: 0.8ms
[2023-04-06T08:08:01.208+0000][69][gc,phases   ] GC(111)   Other: 1.2ms
[2023-04-06T08:08:01.209+0000][69][gc,age      ] GC(111) Age table with threshold 15 (max threshold 15)
[2023-04-06T08:08:01.209+0000][69][gc,age      ] GC(111) - age   1:     465376 bytes,     465376 total
[2023-04-06T08:08:01.210+0000][69][gc,age      ] GC(111) - age   2:       2824 bytes,     468200 total
[2023-04-06T08:08:01.210+0000][69][gc,age      ] GC(111) - age   3:       2048 bytes,     470248 total
[2023-04-06T08:08:01.211+0000][69][gc,age      ] GC(111) - age   4:       1080 bytes,     471328 total
[2023-04-06T08:08:01.211+0000][69][gc,age      ] GC(111) - age   5:      24304 bytes,     495632 total
[2023-04-06T08:08:01.212+0000][69][gc,age      ] GC(111) - age   6:       1368 bytes,     497000 total
[2023-04-06T08:08:01.212+0000][69][gc,age      ] GC(111) - age   7:     258168 bytes,     755168 total
[2023-04-06T08:08:01.213+0000][69][gc,age      ] GC(111) - age   8:      34352 bytes,     789520 total
[2023-04-06T08:08:01.213+0000][69][gc,age      ] GC(111) - age   9:      28184 bytes,     817704 total
[2023-04-06T08:08:01.214+0000][69][gc,age      ] GC(111) - age  10:       1608 bytes,     819312 total
[2023-04-06T08:08:01.214+0000][69][gc,age      ] GC(111) - age  11:      82080 bytes,     901392 total
[2023-04-06T08:08:01.215+0000][69][gc,age      ] GC(111) - age  12:       1664 bytes,     903056 total
[2023-04-06T08:08:01.215+0000][69][gc,age      ] GC(111) - age  13:        768 bytes,     903824 total
[2023-04-06T08:08:01.216+0000][69][gc,age      ] GC(111) - age  14:       1088 bytes,     904912 total
[2023-04-06T08:08:01.216+0000][69][gc,age      ] GC(111) - age  15:       5808 bytes,     910720 total
[2023-04-06T08:08:01.217+0000][69][gc,heap     ] GC(111) Eden regions: 24->0(24)
[2023-04-06T08:08:01.217+0000][69][gc,heap     ] GC(111) Survivor regions: 1->1(4)
[2023-04-06T08:08:01.218+0000][69][gc,heap     ] GC(111) Old regions: 24->24
[2023-04-06T08:08:01.219+0000][69][gc,heap     ] GC(111) Archive regions: 2->2
[2023-04-06T08:08:01.219+0000][69][gc,heap     ] GC(111) Humongous regions: 2->2
[2023-04-06T08:08:01.220+0000][69][gc,metaspace] GC(111) Metaspace: 136883K(140736K)->136883K(140736K) NonClass: 119456K(121024K)->119456K(121024K) Class: 17426K(19712K)->17426K(19712K)
[2023-04-06T08:08:01.220+0000][69][gc          ] GC(111) Pause Young (Normal) (G1 Evacuation Pause) 205M->108M(256M) 18.478ms
[2023-04-06T08:08:01.221+0000][69][gc,cpu      ] GC(111) User=0.01s Sys=0.00s Real=0.02s
[2023-04-06T08:08:01.221+0000][69][safepoint   ] Safepoint "G1CollectForAllocation", Time since last: 3726927790 ns, Reaching safepoint: 116795 ns, At safepoint: 19904701 ns, Total: 20021496 ns
[2023-04-06T08:08:02.223+0000][69][safepoint   ] Safepoint "Cleanup", Time since last: 1001287519 ns, Reaching safepoint: 127620 ns, At safepoint: 3495 ns, Total: 131115 ns
[2023-04-06T08:08:07.204+0000][69][safepoint   ] Safepoint "Cleanup", Time since last: 5002146826 ns, Reaching safepoint: 172013 ns, At safepoint: 5304 ns, Total: 177317 ns
[2023-04-06T08:08:13.207+0000][69][safepoint   ] Safepoint "Cleanup", Time since last: 6003044143 ns, Reaching safepoint: 140555 ns, At safepoint: 4236 ns, Total: 144791 ns
[2023-04-06T08:08:16.210+0000][69][safepoint   ] Safepoint "Cleanup", Time since last: 3002713178 ns, Reaching safepoint: 181497 ns, At safepoint: 3662 ns, Total: 185159 ns
[2023-04-06T08:08:19.211+0000][69][safepoint   ] Safepoint "Cleanup", Time since last: 3001584038 ns, Reaching safepoint: 100376 ns, At safepoint: 3600 ns, Total: 103976 ns
[2023-04-06T08:08:20.212+0000][69][safepoint   ] Safepoint "Cleanup", Time since last: 1000898734 ns, Reaching safepoint: 110319 ns, At safepoint: 3285 ns, Total: 113604 ns
[2023-04-06T08:08:24.215+0000][69][safepoint   ] Safepoint "Cleanup", Time since last: 4002202289 ns, Reaching safepoint: 148250 ns, At safepoint: 3673 ns, Total: 151923 ns
[2023-04-06T08:08:25.216+0000][69][safepoint   ] Safepoint "Cleanup", Time since last: 1000988668 ns, Reaching safepoint: 121693 ns, At safepoint: 3924 ns, Total: 125617 ns
[2023-04-06T08:08:26.217+0000][69][safepoint   ] Safepoint "Cleanup", Time since last: 1000967912 ns, Reaching safepoint: 176079 ns, At safepoint: 4829 ns, Total: 180908 ns
[2023-04-06T08:08:28.219+0000][69][safepoint   ] Safepoint "Cleanup", Time since last: 2001524891 ns, Reaching safepoint: 102929 ns, At safepoint: 3200 ns, Total: 106129 ns
[2023-04-06T08:08:30.935+0000][69][gc,start    ] GC(112) Pause Young (Concurrent Start) (G1 Evacuation Pause)
[2023-04-06T08:08:30.936+0000][69][gc,task     ] GC(112) Using 4 workers of 4 for evacuation
[2023-04-06T08:08:30.936+0000][69][gc,age      ] GC(112) Desired survivor size 8388608 bytes, new threshold 15 (max threshold 15)
[2023-04-06T08:08:30.940+0000][69][gc,phases   ] GC(112)   Pre Evacuate Collection Set: 0.5ms
[2023-04-06T08:08:30.941+0000][69][gc,phases   ] GC(112)   Merge Heap Roots: 0.1ms
[2023-04-06T08:08:30.942+0000][69][gc,phases   ] GC(112)   Evacuate Collection Set: 1.7ms
[2023-04-06T08:08:30.942+0000][69][gc,phases   ] GC(112)   Post Evacuate Collection Set: 0.8ms
[2023-04-06T08:08:30.943+0000][69][gc,phases   ] GC(112)   Other: 1.4ms
[2023-04-06T08:08:30.943+0000][69][gc,age      ] GC(112) Age table with threshold 15 (max threshold 15)
[2023-04-06T08:08:30.944+0000][69][gc,age      ] GC(112) - age   1:     770816 bytes,     770816 total
[2023-04-06T08:08:30.944+0000][69][gc,age      ] GC(112) - age   2:     130016 bytes,     900832 total
[2023-04-06T08:08:30.945+0000][69][gc,age      ] GC(112) - age   3:       1840 bytes,     902672 total
[2023-04-06T08:08:30.945+0000][69][gc,age      ] GC(112) - age   4:       1984 bytes,     904656 total
[2023-04-06T08:08:30.946+0000][69][gc,age      ] GC(112) - age   5:       1016 bytes,     905672 total
[2023-04-06T08:08:30.947+0000][69][gc,age      ] GC(112) - age   6:      24008 bytes,     929680 total
[2023-04-06T08:08:30.947+0000][69][gc,age      ] GC(112) - age   7:       1368 bytes,     931048 total
[2023-04-06T08:08:30.947+0000][69][gc,age      ] GC(112) - age   8:     258168 bytes,    1189216 total
[2023-04-06T08:08:30.948+0000][69][gc,age      ] GC(112) - age   9:      34352 bytes,    1223568 total
[2023-04-06T08:08:30.948+0000][69][gc,age      ] GC(112) - age  10:      28184 bytes,    1251752 total
[2023-04-06T08:08:30.949+0000][69][gc,age      ] GC(112) - age  11:       1608 bytes,    1253360 total
[2023-04-06T08:08:30.949+0000][69][gc,age      ] GC(112) - age  12:      82080 bytes,    1335440 total
[2023-04-06T08:08:30.950+0000][69][gc,age      ] GC(112) - age  13:       1664 bytes,    1337104 total
[2023-04-06T08:08:30.951+0000][69][gc,age      ] GC(112) - age  14:        768 bytes,    1337872 total
[2023-04-06T08:08:30.951+0000][69][gc,age      ] GC(112) - age  15:       1088 bytes,    1338960 total
[2023-04-06T08:08:30.952+0000][69][gc,heap     ] GC(112) Eden regions: 24->0(24)
[2023-04-06T08:08:30.952+0000][69][gc,heap     ] GC(112) Survivor regions: 1->1(4)
[2023-04-06T08:08:30.952+0000][69][gc,heap     ] GC(112) Old regions: 24->24
[2023-04-06T08:08:30.953+0000][69][gc,heap     ] GC(112) Archive regions: 2->2
[2023-04-06T08:08:30.954+0000][69][gc,heap     ] GC(112) Humongous regions: 2->2
[2023-04-06T08:08:30.954+0000][69][gc,metaspace] GC(112) Metaspace: 136913K(140800K)->136913K(140800K) NonClass: 119486K(121088K)->119486K(121088K) Class: 17426K(19712K)->17426K(19712K)
[2023-04-06T08:08:30.954+0000][69][gc          ] GC(112) Pause Young (Concurrent Start) (G1 Evacuation Pause) 204M->108M(256M) 19.378ms
[2023-04-06T08:08:30.955+0000][69][gc,cpu      ] GC(112) User=0.01s Sys=0.00s Real=0.02s
[2023-04-06T08:08:30.955+0000][69][gc          ] GC(113) Concurrent Mark Cycle
[2023-04-06T08:08:30.956+0000][69][gc,marking  ] GC(113) Concurrent Clear Claimed Marks
[2023-04-06T08:08:30.956+0000][69][safepoint   ] Safepoint "G1CollectForAllocation", Time since last: 2716253254 ns, Reaching safepoint: 75804 ns, At safepoint: 20662007 ns, Total: 20737811 ns
[2023-04-06T08:08:30.957+0000][69][gc,marking  ] GC(113) Concurrent Clear Claimed Marks 0.809ms
[2023-04-06T08:08:30.958+0000][69][gc,marking  ] GC(113) Concurrent Scan Root Regions
[2023-04-06T08:08:30.961+0000][69][gc,marking  ] GC(113) Concurrent Scan Root Regions 3.203ms
[2023-04-06T08:08:30.962+0000][69][gc,marking  ] GC(113) Concurrent Mark
[2023-04-06T08:08:30.962+0000][69][gc,marking  ] GC(113) Concurrent Mark From Roots
[2023-04-06T08:08:30.963+0000][69][gc,task     ] GC(113) Using 1 workers of 1 for marking
[2023-04-06T08:08:31.104+0000][69][gc,marking  ] GC(113) Concurrent Mark From Roots 141.809ms
[2023-04-06T08:08:31.105+0000][69][gc,marking  ] GC(113) Concurrent Preclean
[2023-04-06T08:08:31.106+0000][69][gc,marking  ] GC(113) Concurrent Preclean 0.990ms
[2023-04-06T08:08:31.107+0000][69][gc,start    ] GC(113) Pause Remark
[2023-04-06T08:08:31.119+0000][69][gc          ] GC(113) Pause Remark 111M->111M(256M) 12.281ms
[2023-04-06T08:08:31.120+0000][69][gc,cpu      ] GC(113) User=0.03s Sys=0.00s Real=0.01s
[2023-04-06T08:08:31.120+0000][69][safepoint   ] Safepoint "G1PauseRemark", Time since last: 150616822 ns, Reaching safepoint: 285641 ns, At safepoint: 13802003 ns, Total: 14087644 ns
[2023-04-06T08:08:31.121+0000][69][gc,marking  ] GC(113) Concurrent Mark 160.030ms
[2023-04-06T08:08:31.122+0000][69][gc,marking  ] GC(113) Concurrent Rebuild Remembered Sets
[2023-04-06T08:08:31.188+0000][69][gc,marking  ] GC(113) Concurrent Rebuild Remembered Sets 65.477ms
[2023-04-06T08:08:31.189+0000][69][gc,start    ] GC(113) Pause Cleanup
[2023-04-06T08:08:31.190+0000][69][gc          ] GC(113) Pause Cleanup 112M->112M(256M) 0.853ms
[2023-04-06T08:08:31.191+0000][69][gc,cpu      ] GC(113) User=0.00s Sys=0.00s Real=0.00s
[2023-04-06T08:08:31.191+0000][69][safepoint   ] Safepoint "G1PauseCleanup", Time since last: 68204367 ns, Reaching safepoint: 468482 ns, At safepoint: 2406342 ns, Total: 2874824 ns
[2023-04-06T08:08:31.192+0000][69][gc,marking  ] GC(113) Concurrent Cleanup for Next Mark
[2023-04-06T08:08:31.193+0000][69][gc,marking  ] GC(113) Concurrent Cleanup for Next Mark 1.210ms
[2023-04-06T08:08:31.194+0000][69][gc          ] GC(113) Concurrent Mark Cycle 238.890ms
[2023-04-06T08:08:50.183+0000][69][safepoint   ] Safepoint "Cleanup", Time since last: 19013078280 ns, Reaching safepoint: 215276 ns, At safepoint: 6060 ns, Total: 221336 ns
[2023-04-06T08:08:52.188+0000][69][safepoint   ] Safepoint "Cleanup", Time since last: 2005211442 ns, Reaching safepoint: 76133 ns, At safepoint: 2991 ns, Total: 79124 ns
[2023-04-06T08:08:55.191+0000][69][safepoint   ] Safepoint "Cleanup", Time since last: 3002104237 ns, Reaching safepoint: 180309 ns, At safepoint: 8211 ns, Total: 188520 ns
[2023-04-06T08:09:01.197+0000][69][safepoint   ] Safepoint "Cleanup", Time since last: 6006180701 ns, Reaching safepoint: 140221 ns, At safepoint: 4380 ns, Total: 144601 ns
[2023-04-06T08:09:01.247+0000][69][gc,start    ] GC(114) Pause Young (Normal) (G1 Evacuation Pause)
[2023-04-06T08:09:01.247+0000][69][gc,task     ] GC(114) Using 4 workers of 4 for evacuation
[2023-04-06T08:09:01.248+0000][69][gc,age      ] GC(114) Desired survivor size 8388608 bytes, new threshold 15 (max threshold 15)
[2023-04-06T08:09:01.251+0000][69][gc,phases   ] GC(114)   Pre Evacuate Collection Set: 0.2ms
[2023-04-06T08:09:01.252+0000][69][gc,phases   ] GC(114)   Merge Heap Roots: 0.1ms
[2023-04-06T08:09:01.253+0000][69][gc,phases   ] GC(114)   Evacuate Collection Set: 1.9ms
[2023-04-06T08:09:01.253+0000][69][gc,phases   ] GC(114)   Post Evacuate Collection Set: 0.9ms
[2023-04-06T08:09:01.254+0000][69][gc,phases   ] GC(114)   Other: 0.9ms
[2023-04-06T08:09:01.254+0000][69][gc,age      ] GC(114) Age table with threshold 15 (max threshold 15)
[2023-04-06T08:09:01.255+0000][69][gc,age      ] GC(114) - age   1:    1163472 bytes,    1163472 total
[2023-04-06T08:09:01.255+0000][69][gc,age      ] GC(114) - age   2:     132536 bytes,    1296008 total
[2023-04-06T08:09:01.255+0000][69][gc,age      ] GC(114) - age   3:      11488 bytes,    1307496 total
[2023-04-06T08:09:01.256+0000][69][gc,age      ] GC(114) - age   4:       1288 bytes,    1308784 total
[2023-04-06T08:09:01.256+0000][69][gc,age      ] GC(114) - age   5:       1664 bytes,    1310448 total
[2023-04-06T08:09:01.257+0000][69][gc,age      ] GC(114) - age   6:        952 bytes,    1311400 total
[2023-04-06T08:09:01.257+0000][69][gc,age      ] GC(114) - age   7:      23944 bytes,    1335344 total
[2023-04-06T08:09:01.258+0000][69][gc,age      ] GC(114) - age   8:       1368 bytes,    1336712 total
[2023-04-06T08:09:01.258+0000][69][gc,age      ] GC(114) - age   9:     258168 bytes,    1594880 total
[2023-04-06T08:09:01.258+0000][69][gc,age      ] GC(114) - age  10:      34352 bytes,    1629232 total
[2023-04-06T08:09:01.259+0000][69][gc,age      ] GC(114) - age  11:      28184 bytes,    1657416 total
[2023-04-06T08:09:01.259+0000][69][gc,age      ] GC(114) - age  12:       1608 bytes,    1659024 total
[2023-04-06T08:09:01.259+0000][69][gc,age      ] GC(114) - age  13:      82080 bytes,    1741104 total
[2023-04-06T08:09:01.260+0000][69][gc,age      ] GC(114) - age  14:       1632 bytes,    1742736 total
[2023-04-06T08:09:01.260+0000][69][gc,age      ] GC(114) - age  15:        768 bytes,    1743504 total
[2023-04-06T08:09:01.260+0000][69][gc,heap     ] GC(114) Eden regions: 24->0(24)
[2023-04-06T08:09:01.261+0000][69][gc,heap     ] GC(114) Survivor regions: 1->1(4)
[2023-04-06T08:09:01.261+0000][69][gc,heap     ] GC(114) Old regions: 24->24
[2023-04-06T08:09:01.262+0000][69][gc,heap     ] GC(114) Archive regions: 2->2
[2023-04-06T08:09:01.262+0000][69][gc,heap     ] GC(114) Humongous regions: 2->2
[2023-04-06T08:09:01.262+0000][69][gc,metaspace] GC(114) Metaspace: 136918K(140800K)->136918K(140800K) NonClass: 119491K(121088K)->119491K(121088K) Class: 17426K(19712K)->17426K(19712K)
[2023-04-06T08:09:01.263+0000][69][gc          ] GC(114) Pause Young (Normal) (G1 Evacuation Pause) 204M->109M(256M) 15.827ms
[2023-04-06T08:09:01.263+0000][69][gc,cpu      ] GC(114) User=0.01s Sys=0.01s Real=0.02s
[2023-04-06T08:09:01.263+0000][69][safepoint   ] Safepoint "G1CollectForAllocation", Time since last: 49484559 ns, Reaching safepoint: 164208 ns, At safepoint: 16648748 ns, Total: 16812956 ns
[2023-04-06T08:09:04.243+0000][69][safepoint   ] Safepoint "Cleanup", Time since last: 3001088875 ns, Reaching safepoint: 192435 ns, At safepoint: 8966 ns, Total: 201401 ns
[2023-04-06T08:09:09.246+0000][69][safepoint   ] Safepoint "Cleanup", Time since last: 5002198479 ns, Reaching safepoint: 194741 ns, At safepoint: 7990 ns, Total: 202731 ns
[2023-04-06T08:09:14.248+0000][69][safepoint   ] Safepoint "Cleanup", Time since last: 5002768525 ns, Reaching safepoint: 133411 ns, At safepoint: 10348 ns, Total: 143759 ns
[2023-04-06T08:09:16.254+0000][69][safepoint   ] Safepoint "Cleanup", Time since last: 2005187526 ns, Reaching safepoint: 677045 ns, At safepoint: 27977 ns, Total: 705022 ns
[2023-04-06T08:09:32.062+0000][69][gc,start    ] GC(115) Pause Young (Concurrent Start) (G1 Evacuation Pause)
[2023-04-06T08:09:32.062+0000][69][gc,task     ] GC(115) Using 4 workers of 4 for evacuation
[2023-04-06T08:09:32.063+0000][69][gc,age      ] GC(115) Desired survivor size 8388608 bytes, new threshold 15 (max threshold 15)
[2023-04-06T08:09:32.068+0000][69][gc,phases   ] GC(115)   Pre Evacuate Collection Set: 0.5ms
[2023-04-06T08:09:32.069+0000][69][gc,phases   ] GC(115)   Merge Heap Roots: 0.2ms
[2023-04-06T08:09:32.069+0000][69][gc,phases   ] GC(115)   Evacuate Collection Set: 2.3ms
[2023-04-06T08:09:32.070+0000][69][gc,phases   ] GC(115)   Post Evacuate Collection Set: 0.8ms
[2023-04-06T08:09:32.070+0000][69][gc,phases   ] GC(115)   Other: 2.0ms
[2023-04-06T08:09:32.071+0000][69][gc,age      ] GC(115) Age table with threshold 15 (max threshold 15)
[2023-04-06T08:09:32.071+0000][69][gc,age      ] GC(115) - age   1:    1207480 bytes,    1207480 total
[2023-04-06T08:09:32.072+0000][69][gc,age      ] GC(115) - age   2:     122040 bytes,    1329520 total
[2023-04-06T08:09:32.072+0000][69][gc,age      ] GC(115) - age   3:       1768 bytes,    1331288 total
[2023-04-06T08:09:32.073+0000][69][gc,age      ] GC(115) - age   4:      11064 bytes,    1342352 total
[2023-04-06T08:09:32.073+0000][69][gc,age      ] GC(115) - age   5:       1224 bytes,    1343576 total
[2023-04-06T08:09:32.074+0000][69][gc,age      ] GC(115) - age   6:       1664 bytes,    1345240 total
[2023-04-06T08:09:32.076+0000][69][gc,age      ] GC(115) - age   7:        952 bytes,    1346192 total
[2023-04-06T08:09:32.077+0000][69][gc,age      ] GC(115) - age   8:      23944 bytes,    1370136 total
[2023-04-06T08:09:32.078+0000][69][gc,age      ] GC(115) - age   9:       1368 bytes,    1371504 total
[2023-04-06T08:09:32.078+0000][69][gc,age      ] GC(115) - age  10:     258168 bytes,    1629672 total
[2023-04-06T08:09:32.079+0000][69][gc,age      ] GC(115) - age  11:      34352 bytes,    1664024 total
[2023-04-06T08:09:32.080+0000][69][gc,age      ] GC(115) - age  12:      27928 bytes,    1691952 total
[2023-04-06T08:09:32.080+0000][69][gc,age      ] GC(115) - age  13:       1608 bytes,    1693560 total
[2023-04-06T08:09:32.081+0000][69][gc,age      ] GC(115) - age  14:      82080 bytes,    1775640 total
[2023-04-06T08:09:32.082+0000][69][gc,age      ] GC(115) - age  15:       1632 bytes,    1777272 total
[2023-04-06T08:09:32.083+0000][69][gc,heap     ] GC(115) Eden regions: 24->0(24)
[2023-04-06T08:09:32.083+0000][69][gc,heap     ] GC(115) Survivor regions: 1->1(4)
[2023-04-06T08:09:32.084+0000][69][gc,heap     ] GC(115) Old regions: 24->24
[2023-04-06T08:09:32.084+0000][69][gc,heap     ] GC(115) Archive regions: 2->2
[2023-04-06T08:09:32.085+0000][69][gc,heap     ] GC(115) Humongous regions: 2->2
[2023-04-06T08:09:32.086+0000][69][gc,metaspace] GC(115) Metaspace: 136928K(140800K)->136928K(140800K) NonClass: 119501K(121088K)->119501K(121088K) Class: 17426K(19712K)->17426K(19712K)
[2023-04-06T08:09:32.086+0000][69][gc          ] GC(115) Pause Young (Concurrent Start) (G1 Evacuation Pause) 205M->109M(256M) 24.619ms
[2023-04-06T08:09:32.087+0000][69][gc          ] GC(116) Concurrent Mark Cycle
[2023-04-06T08:09:32.087+0000][69][gc,marking  ] GC(116) Concurrent Clear Claimed Marks
[2023-04-06T08:09:32.087+0000][69][gc,cpu      ] GC(115) User=0.01s Sys=0.01s Real=0.02s
[2023-04-06T08:09:32.088+0000][69][gc,marking  ] GC(116) Concurrent Clear Claimed Marks 0.806ms
[2023-04-06T08:09:32.089+0000][69][gc,marking  ] GC(116) Concurrent Scan Root Regions
[2023-04-06T08:09:32.089+0000][69][safepoint   ] Safepoint "G1CollectForAllocation", Time since last: 15807062943 ns, Reaching safepoint: 100801 ns, At safepoint: 27118913 ns, Total: 27219714 ns
[2023-04-06T08:09:32.102+0000][69][gc,marking  ] GC(116) Concurrent Scan Root Regions 12.636ms
[2023-04-06T08:09:32.102+0000][69][gc,marking  ] GC(116) Concurrent Mark
[2023-04-06T08:09:32.103+0000][69][gc,marking  ] GC(116) Concurrent Mark From Roots
[2023-04-06T08:09:32.104+0000][69][gc,task     ] GC(116) Using 1 workers of 1 for marking
[2023-04-06T08:09:32.287+0000][69][gc,marking  ] GC(116) Concurrent Mark From Roots 183.707ms
[2023-04-06T08:09:32.288+0000][69][gc,marking  ] GC(116) Concurrent Preclean
[2023-04-06T08:09:32.290+0000][69][gc,marking  ] GC(116) Concurrent Preclean 1.786ms
[2023-04-06T08:09:32.291+0000][69][gc,start    ] GC(116) Pause Remark
[2023-04-06T08:09:32.305+0000][69][gc          ] GC(116) Pause Remark 110M->110M(256M) 13.953ms
[2023-04-06T08:09:32.306+0000][69][gc,cpu      ] GC(116) User=0.05s Sys=0.00s Real=0.01s
[2023-04-06T08:09:32.308+0000][69][safepoint   ] Safepoint "G1PauseRemark", Time since last: 202210245 ns, Reaching safepoint: 229706 ns, At safepoint: 16902595 ns, Total: 17132301 ns
[2023-04-06T08:09:32.309+0000][69][gc,marking  ] GC(116) Concurrent Mark 206.505ms
[2023-04-06T08:09:32.310+0000][69][gc,marking  ] GC(116) Concurrent Rebuild Remembered Sets
[2023-04-06T08:09:32.376+0000][69][gc,marking  ] GC(116) Concurrent Rebuild Remembered Sets 66.312ms
[2023-04-06T08:09:32.377+0000][69][gc,start    ] GC(116) Pause Cleanup
[2023-04-06T08:09:32.378+0000][69][gc          ] GC(116) Pause Cleanup 110M->110M(256M) 1.002ms
[2023-04-06T08:09:32.379+0000][69][gc,cpu      ] GC(116) User=0.00s Sys=0.00s Real=0.01s
[2023-04-06T08:09:32.380+0000][69][safepoint   ] Safepoint "G1PauseCleanup", Time since last: 69166670 ns, Reaching safepoint: 118925 ns, At safepoint: 2715309 ns, Total: 2834234 ns
[2023-04-06T08:09:32.381+0000][69][gc,marking  ] GC(116) Concurrent Cleanup for Next Mark
[2023-04-06T08:09:32.382+0000][69][gc,marking  ] GC(116) Concurrent Cleanup for Next Mark 1.036ms
[2023-04-06T08:09:32.383+0000][69][gc          ] GC(116) Concurrent Mark Cycle 295.784ms
[2023-04-06T08:09:34.361+0000][69][safepoint   ] Safepoint "Cleanup", Time since last: 2001648165 ns, Reaching safepoint: 361179 ns, At safepoint: 31945 ns, Total: 393124 ns
[2023-04-06T08:09:35.363+0000][69][safepoint   ] Safepoint "Cleanup", Time since last: 1002322131 ns, Reaching safepoint: 250472 ns, At safepoint: 42697 ns, Total: 293169 ns
[2023-04-06T08:09:36.366+0000][69][safepoint   ] Safepoint "Cleanup", Time since last: 1002695881 ns, Reaching safepoint: 129009 ns, At safepoint: 3712 ns, Total: 132721 ns
[2023-04-06T08:09:39.367+0000][69][safepoint   ] Safepoint "Cleanup", Time since last: 3001270856 ns, Reaching safepoint: 141147 ns, At safepoint: 33736 ns, Total: 174883 ns
[2023-04-06T08:09:50.374+0000][69][safepoint   ] Safepoint "Cleanup", Time since last: 11006109193 ns, Reaching safepoint: 132639 ns, At safepoint: 5466 ns, Total: 138105 ns
[2023-04-06T08:09:52.375+0000][69][safepoint   ] Safepoint "Cleanup", Time since last: 2001428214 ns, Reaching safepoint: 153134 ns, At safepoint: 9692 ns, Total: 162826 ns
[2023-04-06T08:09:55.764+0000][69][gc,start    ] GC(117) Pause Young (Normal) (G1 Evacuation Pause)
[2023-04-06T08:09:55.764+0000][69][gc,task     ] GC(117) Using 4 workers of 4 for evacuation
[2023-04-06T08:09:55.765+0000][69][gc,age      ] GC(117) Desired survivor size 8388608 bytes, new threshold 15 (max threshold 15)
[2023-04-06T08:09:55.771+0000][69][gc,phases   ] GC(117)   Pre Evacuate Collection Set: 0.1ms
[2023-04-06T08:09:55.772+0000][69][gc,phases   ] GC(117)   Merge Heap Roots: 0.1ms
[2023-04-06T08:09:55.772+0000][69][gc,phases   ] GC(117)   Evacuate Collection Set: 4.9ms
[2023-04-06T08:09:55.773+0000][69][gc,phases   ] GC(117)   Post Evacuate Collection Set: 0.6ms
[2023-04-06T08:09:55.773+0000][69][gc,phases   ] GC(117)   Other: 1.0ms
[2023-04-06T08:09:55.773+0000][69][gc,age      ] GC(117) Age table with threshold 15 (max threshold 15)
[2023-04-06T08:09:55.774+0000][69][gc,age      ] GC(117) - age   1:    2174512 bytes,    2174512 total
[2023-04-06T08:09:55.774+0000][69][gc,age      ] GC(117) - age   2:      15176 bytes,    2189688 total
[2023-04-06T08:09:55.775+0000][69][gc,age      ] GC(117) - age   3:     118192 bytes,    2307880 total
[2023-04-06T08:09:55.776+0000][69][gc,age      ] GC(117) - age   4:       1408 bytes,    2309288 total
[2023-04-06T08:09:55.776+0000][69][gc,age      ] GC(117) - age   5:      10984 bytes,    2320272 total
[2023-04-06T08:09:55.777+0000][69][gc,age      ] GC(117) - age   6:       1096 bytes,    2321368 total
[2023-04-06T08:09:55.777+0000][69][gc,age      ] GC(117) - age   7:       1600 bytes,    2322968 total
[2023-04-06T08:09:55.777+0000][69][gc,age      ] GC(117) - age   8:        232 bytes,    2323200 total
[2023-04-06T08:09:55.778+0000][69][gc,age      ] GC(117) - age   9:        712 bytes,    2323912 total
[2023-04-06T08:09:55.779+0000][69][gc,age      ] GC(117) - age  10:       1336 bytes,    2325248 total
[2023-04-06T08:09:55.779+0000][69][gc,age      ] GC(117) - age  11:     159336 bytes,    2484584 total
[2023-04-06T08:09:55.822+0000][69][gc,age      ] GC(117) - age  12:      34248 bytes,    2518832 total
[2023-04-06T08:09:55.824+0000][69][gc,age      ] GC(117) - age  13:      27928 bytes,    2546760 total
[2023-04-06T08:09:55.825+0000][69][gc,age      ] GC(117) - age  14:       1608 bytes,    2548368 total
[2023-04-06T08:09:55.826+0000][69][gc,age      ] GC(117) - age  15:      82080 bytes,    2630448 total
[2023-04-06T08:09:55.828+0000][69][gc,heap     ] GC(117) Eden regions: 24->0(23)
[2023-04-06T08:09:55.829+0000][69][gc,heap     ] GC(117) Survivor regions: 1->1(4)
[2023-04-06T08:09:55.830+0000][69][gc,heap     ] GC(117) Old regions: 24->24
[2023-04-06T08:09:55.831+0000][69][gc,heap     ] GC(117) Archive regions: 2->2
[2023-04-06T08:09:55.832+0000][69][gc,heap     ] GC(117) Humongous regions: 2->2
[2023-04-06T08:09:55.833+0000][69][gc,metaspace] GC(117) Metaspace: 136935K(140800K)->136935K(140800K) NonClass: 119508K(121088K)->119508K(121088K) Class: 17426K(19712K)->17426K(19712K)
[2023-04-06T08:09:55.834+0000][69][gc          ] GC(117) Pause Young (Normal) (G1 Evacuation Pause) 205M->109M(256M) 69.948ms
[2023-04-06T08:09:55.834+0000][69][gc,cpu      ] GC(117) User=0.01s Sys=0.00s Real=0.07s
[2023-04-06T08:09:55.836+0000][69][safepoint   ] Safepoint "G1CollectForAllocation", Time since last: 3388169470 ns, Reaching safepoint: 152466 ns, At safepoint: 72321143 ns, Total: 72473609 ns
[2023-04-06T08:10:01.843+0000][69][safepoint   ] Safepoint "Cleanup", Time since last: 6007141113 ns, Reaching safepoint: 76398 ns, At safepoint: 3635 ns, Total: 80033 ns
[2023-04-06T08:10:13.826+0000][69][safepoint   ] Safepoint "Cleanup", Time since last: 12004076511 ns, Reaching safepoint: 136722 ns, At safepoint: 4814 ns, Total: 141536 ns
[2023-04-06T08:10:16.828+0000][69][safepoint   ] Safepoint "Cleanup", Time since last: 3001801564 ns, Reaching safepoint: 205652 ns, At safepoint: 4087 ns, Total: 209739 ns
[2023-04-06T08:10:21.880+0000][69][gc,start    ] GC(118) Pause Young (Concurrent Start) (G1 Evacuation Pause)
[2023-04-06T08:10:21.881+0000][69][gc,task     ] GC(118) Using 4 workers of 4 for evacuation
[2023-04-06T08:10:21.882+0000][69][gc,age      ] GC(118) Desired survivor size 6291456 bytes, new threshold 15 (max threshold 15)
[2023-04-06T08:10:21.885+0000][69][gc,phases   ] GC(118)   Pre Evacuate Collection Set: 0.3ms
[2023-04-06T08:10:21.886+0000][69][gc,phases   ] GC(118)   Merge Heap Roots: 0.1ms
[2023-04-06T08:10:21.887+0000][69][gc,phases   ] GC(118)   Evacuate Collection Set: 1.6ms
[2023-04-06T08:10:21.887+0000][69][gc,phases   ] GC(118)   Post Evacuate Collection Set: 0.9ms
[2023-04-06T08:10:21.888+0000][69][gc,phases   ] GC(118)   Other: 1.3ms
[2023-04-06T08:10:21.888+0000][69][gc,age      ] GC(118) Age table with threshold 15 (max threshold 15)
[2023-04-06T08:10:21.889+0000][69][gc,age      ] GC(118) - age   1:     538024 bytes,     538024 total
[2023-04-06T08:10:21.889+0000][69][gc,age      ] GC(118) - age   2:     321896 bytes,     859920 total
[2023-04-06T08:10:21.890+0000][69][gc,age      ] GC(118) - age   3:       9712 bytes,     869632 total
[2023-04-06T08:10:21.890+0000][69][gc,age      ] GC(118) - age   4:        192 bytes,     869824 total
[2023-04-06T08:10:21.891+0000][69][gc,age      ] GC(118) - age   5:       1344 bytes,     871168 total
[2023-04-06T08:10:21.892+0000][69][gc,age      ] GC(118) - age   6:      10808 bytes,     881976 total
[2023-04-06T08:10:21.892+0000][69][gc,age      ] GC(118) - age   7:       1096 bytes,     883072 total
[2023-04-06T08:10:21.893+0000][69][gc,age      ] GC(118) - age   8:       1304 bytes,     884376 total
[2023-04-06T08:10:21.894+0000][69][gc,age      ] GC(118) - age   9:        232 bytes,     884608 total
[2023-04-06T08:10:21.894+0000][69][gc,age      ] GC(118) - age  10:        648 bytes,     885256 total
[2023-04-06T08:10:21.895+0000][69][gc,age      ] GC(118) - age  11:       1104 bytes,     886360 total
[2023-04-06T08:10:21.895+0000][69][gc,age      ] GC(118) - age  12:     159272 bytes,    1045632 total
[2023-04-06T08:10:21.896+0000][69][gc,age      ] GC(118) - age  13:      34248 bytes,    1079880 total
[2023-04-06T08:10:21.896+0000][69][gc,age      ] GC(118) - age  14:      27928 bytes,    1107808 total
[2023-04-06T08:10:21.897+0000][69][gc,age      ] GC(118) - age  15:       1608 bytes,    1109416 total
[2023-04-06T08:10:21.898+0000][69][gc,heap     ] GC(118) Eden regions: 23->0(24)
[2023-04-06T08:10:21.898+0000][69][gc,heap     ] GC(118) Survivor regions: 1->1(3)
[2023-04-06T08:10:21.898+0000][69][gc,heap     ] GC(118) Old regions: 24->24
[2023-04-06T08:10:21.899+0000][69][gc,heap     ] GC(118) Archive regions: 2->2
[2023-04-06T08:10:21.899+0000][69][gc,heap     ] GC(118) Humongous regions: 2->2
[2023-04-06T08:10:21.900+0000][69][gc,metaspace] GC(118) Metaspace: 136937K(140800K)->136937K(140800K) NonClass: 119510K(121088K)->119510K(121088K) Class: 17426K(19712K)->17426K(19712K)
[2023-04-06T08:10:21.900+0000][69][gc          ] GC(118) Pause Young (Concurrent Start) (G1 Evacuation Pause) 201M->108M(256M) 19.966ms
[2023-04-06T08:10:21.901+0000][69][gc,cpu      ] GC(118) User=0.01s Sys=0.00s Real=0.02s
[2023-04-06T08:10:21.901+0000][69][gc          ] GC(119) Concurrent Mark Cycle
[2023-04-06T08:10:21.902+0000][69][gc,marking  ] GC(119) Concurrent Clear Claimed Marks
[2023-04-06T08:10:21.902+0000][69][safepoint   ] Safepoint "G1CollectForAllocation", Time since last: 5052501719 ns, Reaching safepoint: 97864 ns, At safepoint: 21175224 ns, Total: 21273088 ns
[2023-04-06T08:10:21.903+0000][69][gc,marking  ] GC(119) Concurrent Clear Claimed Marks 0.943ms
[2023-04-06T08:10:21.904+0000][69][gc,marking  ] GC(119) Concurrent Scan Root Regions
[2023-04-06T08:10:21.906+0000][69][gc,marking  ] GC(119) Concurrent Scan Root Regions 2.543ms
[2023-04-06T08:10:21.907+0000][69][gc,marking  ] GC(119) Concurrent Mark
[2023-04-06T08:10:21.908+0000][69][gc,marking  ] GC(119) Concurrent Mark From Roots
[2023-04-06T08:10:21.908+0000][69][gc,task     ] GC(119) Using 1 workers of 1 for marking
[2023-04-06T08:10:22.009+0000][69][gc,marking  ] GC(119) Concurrent Mark From Roots 101.116ms
[2023-04-06T08:10:22.010+0000][69][gc,marking  ] GC(119) Concurrent Preclean
[2023-04-06T08:10:22.011+0000][69][gc,marking  ] GC(119) Concurrent Preclean 1.057ms
[2023-04-06T08:10:22.012+0000][69][gc,start    ] GC(119) Pause Remark
[2023-04-06T08:10:22.021+0000][69][gc          ] GC(119) Pause Remark 108M->108M(256M) 9.818ms
[2023-04-06T08:10:22.022+0000][69][gc,cpu      ] GC(119) User=0.03s Sys=0.00s Real=0.01s
[2023-04-06T08:10:22.023+0000][69][safepoint   ] Safepoint "G1PauseRemark", Time since last: 109904965 ns, Reaching safepoint: 98438 ns, At safepoint: 11407207 ns, Total: 11505645 ns
[2023-04-06T08:10:22.024+0000][69][gc,marking  ] GC(119) Concurrent Mark 116.637ms
[2023-04-06T08:10:22.024+0000][69][gc,marking  ] GC(119) Concurrent Rebuild Remembered Sets
[2023-04-06T08:10:22.075+0000][69][gc,marking  ] GC(119) Concurrent Rebuild Remembered Sets 51.193ms
[2023-04-06T08:10:22.076+0000][69][gc,start    ] GC(119) Pause Cleanup
[2023-04-06T08:10:22.077+0000][69][gc          ] GC(119) Pause Cleanup 108M->108M(256M) 0.765ms
[2023-04-06T08:10:22.078+0000][69][gc,cpu      ] GC(119) User=0.00s Sys=0.00s Real=0.00s
[2023-04-06T08:10:22.079+0000][69][safepoint   ] Safepoint "G1PauseCleanup", Time since last: 53413400 ns, Reaching safepoint: 87166 ns, At safepoint: 2031333 ns, Total: 2118499 ns
[2023-04-06T08:10:22.080+0000][69][gc,marking  ] GC(119) Concurrent Cleanup for Next Mark
[2023-04-06T08:10:22.081+0000][69][gc,marking  ] GC(119) Concurrent Cleanup for Next Mark 0.702ms
[2023-04-06T08:10:22.081+0000][69][gc          ] GC(119) Concurrent Mark Cycle 180.344ms
[2023-04-06T08:10:36.066+0000][69][safepoint   ] Safepoint "Cleanup", Time since last: 14008928876 ns, Reaching safepoint: 128017 ns, At safepoint: 3571 ns, Total: 131588 ns
[2023-04-06T08:10:39.068+0000][69][safepoint   ] Safepoint "Cleanup", Time since last: 3001998900 ns, Reaching safepoint: 144356 ns, At safepoint: 10022 ns, Total: 154378 ns
[2023-04-06T08:10:51.862+0000][69][gc,start    ] GC(120) Pause Young (Normal) (G1 Evacuation Pause)
[2023-04-06T08:10:51.864+0000][69][gc,task     ] GC(120) Using 4 workers of 4 for evacuation
[2023-04-06T08:10:51.864+0000][69][gc,age      ] GC(120) Desired survivor size 8388608 bytes, new threshold 15 (max threshold 15)
[2023-04-06T08:10:51.870+0000][69][gc,phases   ] GC(120)   Pre Evacuate Collection Set: 0.1ms
[2023-04-06T08:10:51.871+0000][69][gc,phases   ] GC(120)   Merge Heap Roots: 0.1ms
[2023-04-06T08:10:51.872+0000][69][gc,phases   ] GC(120)   Evacuate Collection Set: 3.3ms
[2023-04-06T08:10:51.873+0000][69][gc,phases   ] GC(120)   Post Evacuate Collection Set: 1.0ms
[2023-04-06T08:10:51.873+0000][69][gc,phases   ] GC(120)   Other: 1.9ms
[2023-04-06T08:10:51.874+0000][69][gc,age      ] GC(120) Age table with threshold 15 (max threshold 15)
[2023-04-06T08:10:51.875+0000][69][gc,age      ] GC(120) - age   1:     879840 bytes,     879840 total
[2023-04-06T08:10:51.876+0000][69][gc,age      ] GC(120) - age   2:     124176 bytes,    1004016 total
[2023-04-06T08:10:51.876+0000][69][gc,age      ] GC(120) - age   3:     315552 bytes,    1319568 total
[2023-04-06T08:10:51.877+0000][69][gc,age      ] GC(120) - age   4:       9392 bytes,    1328960 total
[2023-04-06T08:10:51.878+0000][69][gc,age      ] GC(120) - age   5:         64 bytes,    1329024 total
[2023-04-06T08:10:51.878+0000][69][gc,age      ] GC(120) - age   6:       1344 bytes,    1330368 total
[2023-04-06T08:10:51.879+0000][69][gc,age      ] GC(120) - age   7:      10808 bytes,    1341176 total
[2023-04-06T08:10:51.880+0000][69][gc,age      ] GC(120) - age   8:       1064 bytes,    1342240 total
[2023-04-06T08:10:51.880+0000][69][gc,age      ] GC(120) - age   9:       1304 bytes,    1343544 total
[2023-04-06T08:10:51.881+0000][69][gc,age      ] GC(120) - age  10:        232 bytes,    1343776 total
[2023-04-06T08:10:51.882+0000][69][gc,age      ] GC(120) - age  11:        648 bytes,    1344424 total
[2023-04-06T08:10:51.882+0000][69][gc,age      ] GC(120) - age  12:       1104 bytes,    1345528 total
[2023-04-06T08:10:51.883+0000][69][gc,age      ] GC(120) - age  13:     159272 bytes,    1504800 total
[2023-04-06T08:10:51.884+0000][69][gc,age      ] GC(120) - age  14:      34248 bytes,    1539048 total
[2023-04-06T08:10:51.885+0000][69][gc,age      ] GC(120) - age  15:      27928 bytes,    1566976 total
[2023-04-06T08:10:51.885+0000][69][gc,heap     ] GC(120) Eden regions: 24->0(24)
[2023-04-06T08:10:51.886+0000][69][gc,heap     ] GC(120) Survivor regions: 1->1(4)
[2023-04-06T08:10:51.887+0000][69][gc,heap     ] GC(120) Old regions: 24->24
[2023-04-06T08:10:51.887+0000][69][gc,heap     ] GC(120) Archive regions: 2->2
[2023-04-06T08:10:51.888+0000][69][gc,heap     ] GC(120) Humongous regions: 2->2
[2023-04-06T08:10:51.888+0000][69][gc,metaspace] GC(120) Metaspace: 136937K(140800K)->136937K(140800K) NonClass: 119510K(121088K)->119510K(121088K) Class: 17426K(19712K)->17426K(19712K)
[2023-04-06T08:10:51.888+0000][69][gc          ] GC(120) Pause Young (Normal) (G1 Evacuation Pause) 204M->108M(256M) 26.242ms
[2023-04-06T08:10:51.889+0000][69][gc,cpu      ] GC(120) User=0.01s Sys=0.01s Real=0.03s
[2023-04-06T08:10:51.890+0000][69][safepoint   ] Safepoint "G1CollectForAllocation", Time since last: 12793837892 ns, Reaching safepoint: 213763 ns, At safepoint: 27428741 ns, Total: 27642504 ns
[2023-04-06T08:10:54.893+0000][69][safepoint   ] Safepoint "Cleanup", Time since last: 3002524305 ns, Reaching safepoint: 869674 ns, At safepoint: 91722 ns, Total: 961396 ns
[2023-04-06T08:10:56.896+0000][69][safepoint   ] Safepoint "Cleanup", Time since last: 2002423115 ns, Reaching safepoint: 171182 ns, At safepoint: 4303 ns, Total: 175485 ns
[2023-04-06T08:11:07.881+0000][69][safepoint   ] Safepoint "Cleanup", Time since last: 11006418178 ns, Reaching safepoint: 130170 ns, At safepoint: 3440 ns, Total: 133610 ns
[2023-04-06T08:11:15.886+0000][69][safepoint   ] Safepoint "Cleanup", Time since last: 8005445697 ns, Reaching safepoint: 121483 ns, At safepoint: 3669 ns, Total: 125152 ns
[2023-04-06T08:11:16.888+0000][69][safepoint   ] Safepoint "Cleanup", Time since last: 1001764508 ns, Reaching safepoint: 158617 ns, At safepoint: 4919 ns, Total: 163536 ns
[2023-04-06T08:11:24.860+0000][69][gc,start    ] GC(121) Pause Young (Concurrent Start) (G1 Evacuation Pause)
[2023-04-06T08:11:24.861+0000][69][gc,task     ] GC(121) Using 4 workers of 4 for evacuation
[2023-04-06T08:11:24.863+0000][69][gc,age      ] GC(121) Desired survivor size 8388608 bytes, new threshold 15 (max threshold 15)
[2023-04-06T08:11:24.868+0000][69][gc,phases   ] GC(121)   Pre Evacuate Collection Set: 0.6ms
[2023-04-06T08:11:24.869+0000][69][gc,phases   ] GC(121)   Merge Heap Roots: 0.2ms
[2023-04-06T08:11:24.870+0000][69][gc,phases   ] GC(121)   Evacuate Collection Set: 2.5ms
[2023-04-06T08:11:24.871+0000][69][gc,phases   ] GC(121)   Post Evacuate Collection Set: 1.2ms
[2023-04-06T08:11:24.872+0000][69][gc,phases   ] GC(121)   Other: 2.2ms
[2023-04-06T08:11:24.873+0000][69][gc,age      ] GC(121) Age table with threshold 15 (max threshold 15)
[2023-04-06T08:11:24.873+0000][69][gc,age      ] GC(121) - age   1:     942456 bytes,     942456 total
[2023-04-06T08:11:24.874+0000][69][gc,age      ] GC(121) - age   2:      50864 bytes,     993320 total
[2023-04-06T08:11:24.875+0000][69][gc,age      ] GC(121) - age   3:     123192 bytes,    1116512 total
[2023-04-06T08:11:24.876+0000][69][gc,age      ] GC(121) - age   4:     315048 bytes,    1431560 total
[2023-04-06T08:11:24.876+0000][69][gc,age      ] GC(121) - age   5:       9264 bytes,    1440824 total
[2023-04-06T08:11:24.877+0000][69][gc,age      ] GC(121) - age   7:       1344 bytes,    1442168 total
[2023-04-06T08:11:24.878+0000][69][gc,age      ] GC(121) - age   8:      10744 bytes,    1452912 total
[2023-04-06T08:11:24.878+0000][69][gc,age      ] GC(121) - age   9:       1064 bytes,    1453976 total
[2023-04-06T08:11:24.879+0000][69][gc,age      ] GC(121) - age  10:       1304 bytes,    1455280 total
[2023-04-06T08:11:24.880+0000][69][gc,age      ] GC(121) - age  11:        232 bytes,    1455512 total
[2023-04-06T08:11:24.880+0000][69][gc,age      ] GC(121) - age  12:        648 bytes,    1456160 total
[2023-04-06T08:11:24.881+0000][69][gc,age      ] GC(121) - age  13:       1104 bytes,    1457264 total
[2023-04-06T08:11:24.881+0000][69][gc,age      ] GC(121) - age  14:     159272 bytes,    1616536 total
[2023-04-06T08:11:24.882+0000][69][gc,age      ] GC(121) - age  15:      34248 bytes,    1650784 total
[2023-04-06T08:11:24.883+0000][69][gc,heap     ] GC(121) Eden regions: 24->0(24)
[2023-04-06T08:11:24.883+0000][69][gc,heap     ] GC(121) Survivor regions: 1->1(4)
[2023-04-06T08:11:24.884+0000][69][gc,heap     ] GC(121) Old regions: 24->24
[2023-04-06T08:11:24.884+0000][69][gc,heap     ] GC(121) Archive regions: 2->2
[2023-04-06T08:11:24.885+0000][69][gc,heap     ] GC(121) Humongous regions: 2->2
[2023-04-06T08:11:24.885+0000][69][gc,metaspace] GC(121) Metaspace: 136943K(140800K)->136943K(140800K) NonClass: 119516K(121088K)->119516K(121088K) Class: 17426K(19712K)->17426K(19712K)
[2023-04-06T08:11:24.886+0000][69][gc          ] GC(121) Pause Young (Concurrent Start) (G1 Evacuation Pause) 204M->109M(256M) 26.390ms
[2023-04-06T08:11:24.887+0000][69][gc          ] GC(122) Concurrent Mark Cycle
[2023-04-06T08:11:24.887+0000][69][gc,marking  ] GC(122) Concurrent Clear Claimed Marks
[2023-04-06T08:11:24.887+0000][69][gc,cpu      ] GC(121) User=0.01s Sys=0.00s Real=0.03s
[2023-04-06T08:11:24.889+0000][69][gc,marking  ] GC(122) Concurrent Clear Claimed Marks 1.455ms
[2023-04-06T08:11:24.890+0000][69][gc,marking  ] GC(122) Concurrent Scan Root Regions
[2023-04-06T08:11:24.889+0000][69][safepoint   ] Safepoint "G1CollectForAllocation", Time since last: 7970978528 ns, Reaching safepoint: 159649 ns, At safepoint: 29537823 ns, Total: 29697472 ns
[2023-04-06T08:11:24.893+0000][69][gc,marking  ] GC(122) Concurrent Scan Root Regions 3.007ms
[2023-04-06T08:11:24.893+0000][69][gc,marking  ] GC(122) Concurrent Mark
[2023-04-06T08:11:24.894+0000][69][gc,marking  ] GC(122) Concurrent Mark From Roots
[2023-04-06T08:11:24.895+0000][69][gc,task     ] GC(122) Using 1 workers of 1 for marking
[2023-04-06T08:11:25.031+0000][69][gc,marking  ] GC(122) Concurrent Mark From Roots 136.919ms
[2023-04-06T08:11:25.032+0000][69][gc,marking  ] GC(122) Concurrent Preclean
[2023-04-06T08:11:25.033+0000][69][gc,marking  ] GC(122) Concurrent Preclean 0.786ms
[2023-04-06T08:11:25.034+0000][69][gc,start    ] GC(122) Pause Remark
[2023-04-06T08:11:25.043+0000][69][gc          ] GC(122) Pause Remark 113M->113M(256M) 9.707ms
[2023-04-06T08:11:25.044+0000][69][gc,cpu      ] GC(122) User=0.03s Sys=0.00s Real=0.01s
[2023-04-06T08:11:25.044+0000][69][safepoint   ] Safepoint "G1PauseRemark", Time since last: 144484835 ns, Reaching safepoint: 80312 ns, At safepoint: 10859560 ns, Total: 10939872 ns
[2023-04-06T08:11:25.045+0000][69][gc,marking  ] GC(122) Concurrent Mark 152.102ms
[2023-04-06T08:11:25.046+0000][69][gc,marking  ] GC(122) Concurrent Rebuild Remembered Sets
[2023-04-06T08:11:25.112+0000][69][gc,marking  ] GC(122) Concurrent Rebuild Remembered Sets 66.648ms
[2023-04-06T08:11:25.113+0000][69][gc,start    ] GC(122) Pause Cleanup
[2023-04-06T08:11:25.114+0000][69][gc          ] GC(122) Pause Cleanup 113M->113M(256M) 0.557ms
[2023-04-06T08:11:25.114+0000][69][gc,cpu      ] GC(122) User=0.00s Sys=0.00s Real=0.00s
[2023-04-06T08:11:25.115+0000][69][safepoint   ] Safepoint "G1PauseCleanup", Time since last: 68544293 ns, Reaching safepoint: 80639 ns, At safepoint: 1700065 ns, Total: 1780704 ns
[2023-04-06T08:11:25.115+0000][69][gc,marking  ] GC(122) Concurrent Cleanup for Next Mark
[2023-04-06T08:11:25.116+0000][69][gc,marking  ] GC(122) Concurrent Cleanup for Next Mark 0.683ms
[2023-04-06T08:11:25.117+0000][69][gc          ] GC(122) Concurrent Mark Cycle 229.960ms
[2023-04-06T08:11:39.112+0000][69][safepoint   ] Safepoint "Cleanup", Time since last: 14018446929 ns, Reaching safepoint: 508232 ns, At safepoint: 11307 ns, Total: 519539 ns
[2023-04-06T08:11:50.125+0000][69][safepoint   ] Safepoint "Cleanup", Time since last: 11012757692 ns, Reaching safepoint: 121277 ns, At safepoint: 7444 ns, Total: 128721 ns
[2023-04-06T08:11:55.079+0000][69][gc,start    ] GC(123) Pause Young (Normal) (G1 Evacuation Pause)
[2023-04-06T08:11:55.079+0000][69][gc,task     ] GC(123) Using 4 workers of 4 for evacuation
[2023-04-06T08:11:55.080+0000][69][gc,age      ] GC(123) Desired survivor size 8388608 bytes, new threshold 15 (max threshold 15)
[2023-04-06T08:11:55.082+0000][69][gc,phases   ] GC(123)   Pre Evacuate Collection Set: 0.1ms
[2023-04-06T08:11:55.083+0000][69][gc,phases   ] GC(123)   Merge Heap Roots: 0.1ms
[2023-04-06T08:11:55.084+0000][69][gc,phases   ] GC(123)   Evacuate Collection Set: 1.5ms
[2023-04-06T08:11:55.084+0000][69][gc,phases   ] GC(123)   Post Evacuate Collection Set: 0.6ms
[2023-04-06T08:11:55.084+0000][69][gc,phases   ] GC(123)   Other: 0.9ms
[2023-04-06T08:11:55.085+0000][69][gc,age      ] GC(123) Age table with threshold 15 (max threshold 15)
[2023-04-06T08:11:55.085+0000][69][gc,age      ] GC(123) - age   1:    1357792 bytes,    1357792 total
[2023-04-06T08:11:55.086+0000][69][gc,age      ] GC(123) - age   2:     117016 bytes,    1474808 total
[2023-04-06T08:11:55.086+0000][69][gc,age      ] GC(123) - age   3:       1712 bytes,    1476520 total
[2023-04-06T08:11:55.086+0000][69][gc,age      ] GC(123) - age   4:       9696 bytes,    1486216 total
[2023-04-06T08:11:55.087+0000][69][gc,age      ] GC(123) - age   5:     315048 bytes,    1801264 total
[2023-04-06T08:11:55.088+0000][69][gc,age      ] GC(123) - age   6:       1184 bytes,    1802448 total
[2023-04-06T08:11:55.088+0000][69][gc,age      ] GC(123) - age   8:       1344 bytes,    1803792 total
[2023-04-06T08:11:55.089+0000][69][gc,age      ] GC(123) - age   9:       2312 bytes,    1806104 total
[2023-04-06T08:11:55.089+0000][69][gc,age      ] GC(123) - age  10:       1064 bytes,    1807168 total
[2023-04-06T08:11:55.089+0000][69][gc,age      ] GC(123) - age  11:       1304 bytes,    1808472 total
[2023-04-06T08:11:55.090+0000][69][gc,age      ] GC(123) - age  12:        232 bytes,    1808704 total
[2023-04-06T08:11:55.090+0000][69][gc,age      ] GC(123) - age  13:        648 bytes,    1809352 total
[2023-04-06T08:11:55.091+0000][69][gc,age      ] GC(123) - age  14:       1104 bytes,    1810456 total
[2023-04-06T08:11:55.091+0000][69][gc,age      ] GC(123) - age  15:     159272 bytes,    1969728 total
[2023-04-06T08:11:55.092+0000][69][gc,heap     ] GC(123) Eden regions: 24->0(24)
[2023-04-06T08:11:55.092+0000][69][gc,heap     ] GC(123) Survivor regions: 1->1(4)
[2023-04-06T08:11:55.093+0000][69][gc,heap     ] GC(123) Old regions: 24->24
[2023-04-06T08:11:55.093+0000][69][gc,heap     ] GC(123) Archive regions: 2->2
[2023-04-06T08:11:55.094+0000][69][gc,heap     ] GC(123) Humongous regions: 2->2
[2023-04-06T08:11:55.094+0000][69][gc,metaspace] GC(123) Metaspace: 136945K(140800K)->136945K(140800K) NonClass: 119518K(121088K)->119518K(121088K) Class: 17426K(19712K)->17426K(19712K)
[2023-04-06T08:11:55.095+0000][69][gc          ] GC(123) Pause Young (Normal) (G1 Evacuation Pause) 205M->109M(256M) 15.872ms
[2023-04-06T08:11:55.095+0000][69][gc,cpu      ] GC(123) User=0.00s Sys=0.00s Real=0.02s
[2023-04-06T08:11:55.096+0000][69][safepoint   ] Safepoint "G1CollectForAllocation", Time since last: 4953164251 ns, Reaching safepoint: 174785 ns, At safepoint: 16913162 ns, Total: 17087947 ns
[2023-04-06T08:11:56.096+0000][69][safepoint   ] Safepoint "Cleanup", Time since last: 1000581090 ns, Reaching safepoint: 133006 ns, At safepoint: 4126 ns, Total: 137132 ns
[2023-04-06T08:12:02.203+0000][69][safepoint   ] Safepoint "Cleanup", Time since last: 6105551370 ns, Reaching safepoint: 849164 ns, At safepoint: 34576 ns, Total: 883740 ns
[2023-04-06T08:12:03.186+0000][69][safepoint   ] Safepoint "Cleanup", Time since last: 1004606159 ns, Reaching safepoint: 571242 ns, At safepoint: 11576 ns, Total: 582818 ns
[2023-04-06T08:12:04.193+0000][69][safepoint   ] Safepoint "Cleanup", Time since last: 1005836991 ns, Reaching safepoint: 532115 ns, At safepoint: 15989 ns, Total: 548104 ns
[2023-04-06T08:12:08.676+0000][69][safepoint   ] Safepoint "Cleanup", Time since last: 4483137790 ns, Reaching safepoint: 368873 ns, At safepoint: 14895 ns, Total: 383768 ns
[2023-04-06T08:12:10.682+0000][69][safepoint   ] Safepoint "Cleanup", Time since last: 2005405896 ns, Reaching safepoint: 438468 ns, At safepoint: 14367 ns, Total: 452835 ns
[2023-04-06T08:12:13.689+0000][69][safepoint   ] Safepoint "Cleanup", Time since last: 3006185939 ns, Reaching safepoint: 361874 ns, At safepoint: 12119 ns, Total: 373993 ns
[2023-04-06T08:12:16.060+0000][69][safepoint   ] Safepoint "Cleanup", Time since last: 2370513544 ns, Reaching safepoint: 646126 ns, At safepoint: 16533 ns, Total: 662659 ns
[2023-04-06T08:12:25.124+0000][69][gc,start    ] GC(124) Pause Young (Concurrent Start) (G1 Evacuation Pause)
[2023-04-06T08:12:25.125+0000][69][gc,task     ] GC(124) Using 4 workers of 4 for evacuation
[2023-04-06T08:12:25.125+0000][69][gc,age      ] GC(124) Desired survivor size 8388608 bytes, new threshold 15 (max threshold 15)
[2023-04-06T08:12:25.130+0000][69][gc,phases   ] GC(124)   Pre Evacuate Collection Set: 0.4ms
[2023-04-06T08:12:25.130+0000][69][gc,phases   ] GC(124)   Merge Heap Roots: 0.1ms
[2023-04-06T08:12:25.131+0000][69][gc,phases   ] GC(124)   Evacuate Collection Set: 2.8ms
[2023-04-06T08:12:25.131+0000][69][gc,phases   ] GC(124)   Post Evacuate Collection Set: 0.7ms
[2023-04-06T08:12:25.132+0000][69][gc,phases   ] GC(124)   Other: 0.9ms
[2023-04-06T08:12:25.133+0000][69][gc,age      ] GC(124) Age table with threshold 15 (max threshold 15)
[2023-04-06T08:12:25.133+0000][69][gc,age      ] GC(124) - age   1:    1462576 bytes,    1462576 total
[2023-04-06T08:12:25.133+0000][69][gc,age      ] GC(124) - age   2:      31552 bytes,    1494128 total
[2023-04-06T08:12:25.134+0000][69][gc,age      ] GC(124) - age   3:     115232 bytes,    1609360 total
[2023-04-06T08:12:25.134+0000][69][gc,age      ] GC(124) - age   4:       1264 bytes,    1610624 total
[2023-04-06T08:12:25.134+0000][69][gc,age      ] GC(124) - age   5:       9336 bytes,    1619960 total
[2023-04-06T08:12:25.135+0000][69][gc,age      ] GC(124) - age   6:     314752 bytes,    1934712 total
[2023-04-06T08:12:25.135+0000][69][gc,age      ] GC(124) - age   7:       1184 bytes,    1935896 total
[2023-04-06T08:12:25.136+0000][69][gc,age      ] GC(124) - age   9:       1344 bytes,    1937240 total
[2023-04-06T08:12:25.136+0000][69][gc,age      ] GC(124) - age  10:       2312 bytes,    1939552 total
[2023-04-06T08:12:25.136+0000][69][gc,age      ] GC(124) - age  11:       1064 bytes,    1940616 total
[2023-04-06T08:12:25.137+0000][69][gc,age      ] GC(124) - age  12:       1304 bytes,    1941920 total
[2023-04-06T08:12:25.137+0000][69][gc,age      ] GC(124) - age  13:        232 bytes,    1942152 total
[2023-04-06T08:12:25.138+0000][69][gc,age      ] GC(124) - age  14:        648 bytes,    1942800 total
[2023-04-06T08:12:25.138+0000][69][gc,age      ] GC(124) - age  15:       1104 bytes,    1943904 total
[2023-04-06T08:12:25.138+0000][69][gc,heap     ] GC(124) Eden regions: 24->0(24)
[2023-04-06T08:12:25.139+0000][69][gc,heap     ] GC(124) Survivor regions: 1->1(4)
[2023-04-06T08:12:25.139+0000][69][gc,heap     ] GC(124) Old regions: 24->24
[2023-04-06T08:12:25.140+0000][69][gc,heap     ] GC(124) Archive regions: 2->2
[2023-04-06T08:12:25.140+0000][69][gc,heap     ] GC(124) Humongous regions: 2->2
[2023-04-06T08:12:25.140+0000][69][gc,metaspace] GC(124) Metaspace: 136950K(140800K)->136950K(140800K) NonClass: 119523K(121088K)->119523K(121088K) Class: 17426K(19712K)->17426K(19712K)
[2023-04-06T08:12:25.141+0000][69][gc          ] GC(124) Pause Young (Concurrent Start) (G1 Evacuation Pause) 205M->109M(256M) 16.767ms
[2023-04-06T08:12:25.141+0000][69][gc,cpu      ] GC(124) User=0.01s Sys=0.00s Real=0.02s
[2023-04-06T08:12:25.141+0000][69][gc          ] GC(125) Concurrent Mark Cycle
[2023-04-06T08:12:25.142+0000][69][gc,marking  ] GC(125) Concurrent Clear Claimed Marks
[2023-04-06T08:12:25.142+0000][69][safepoint   ] Safepoint "G1CollectForAllocation", Time since last: 9064085746 ns, Reaching safepoint: 79587 ns, At safepoint: 17786747 ns, Total: 17866334 ns
[2023-04-06T08:12:25.143+0000][69][gc,marking  ] GC(125) Concurrent Clear Claimed Marks 0.728ms
[2023-04-06T08:12:25.144+0000][69][gc,marking  ] GC(125) Concurrent Scan Root Regions
[2023-04-06T08:12:25.151+0000][69][gc,marking  ] GC(125) Concurrent Scan Root Regions 7.587ms
[2023-04-06T08:12:25.152+0000][69][gc,marking  ] GC(125) Concurrent Mark
[2023-04-06T08:12:25.152+0000][69][gc,marking  ] GC(125) Concurrent Mark From Roots
[2023-04-06T08:12:25.153+0000][69][gc,task     ] GC(125) Using 1 workers of 1 for marking
[2023-04-06T08:12:25.270+0000][69][gc,marking  ] GC(125) Concurrent Mark From Roots 117.243ms
[2023-04-06T08:12:25.272+0000][69][gc,marking  ] GC(125) Concurrent Preclean
[2023-04-06T08:12:25.273+0000][69][gc,marking  ] GC(125) Concurrent Preclean 0.913ms
[2023-04-06T08:12:25.274+0000][69][gc,start    ] GC(125) Pause Remark
[2023-04-06T08:12:25.285+0000][69][gc          ] GC(125) Pause Remark 113M->113M(256M) 11.538ms
[2023-04-06T08:12:25.286+0000][69][gc,cpu      ] GC(125) User=0.03s Sys=0.00s Real=0.01s
[2023-04-06T08:12:25.286+0000][69][safepoint   ] Safepoint "G1PauseRemark", Time since last: 131629142 ns, Reaching safepoint: 146574 ns, At safepoint: 12775163 ns, Total: 12921737 ns
[2023-04-06T08:12:25.288+0000][69][gc,marking  ] GC(125) Concurrent Mark 135.551ms
[2023-04-06T08:12:25.289+0000][69][gc,marking  ] GC(125) Concurrent Rebuild Remembered Sets
[2023-04-06T08:12:25.382+0000][69][gc,marking  ] GC(125) Concurrent Rebuild Remembered Sets 92.996ms
[2023-04-06T08:12:25.383+0000][69][gc,start    ] GC(125) Pause Cleanup
[2023-04-06T08:12:25.384+0000][69][gc          ] GC(125) Pause Cleanup 114M->114M(256M) 0.920ms
[2023-04-06T08:12:25.384+0000][69][gc,cpu      ] GC(125) User=0.01s Sys=0.00s Real=0.00s
[2023-04-06T08:12:25.385+0000][69][safepoint   ] Safepoint "G1PauseCleanup", Time since last: 95944849 ns, Reaching safepoint: 158206 ns, At safepoint: 2387304 ns, Total: 2545510 ns
[2023-04-06T08:12:25.386+0000][69][gc,marking  ] GC(125) Concurrent Cleanup for Next Mark
[2023-04-06T08:12:25.387+0000][69][gc,marking  ] GC(125) Concurrent Cleanup for Next Mark 1.257ms
[2023-04-06T08:12:25.388+0000][69][gc          ] GC(125) Concurrent Mark Cycle 246.575ms
[2023-04-06T08:12:32.400+0000][69][safepoint   ] Safepoint "Cleanup", Time since last: 7014698918 ns, Reaching safepoint: 440556 ns, At safepoint: 11589 ns, Total: 452145 ns
[2023-04-06T08:12:34.384+0000][69][safepoint   ] Safepoint "Cleanup", Time since last: 2005373149 ns, Reaching safepoint: 332479 ns, At safepoint: 10398 ns, Total: 342877 ns
[2023-04-06T08:12:37.392+0000][69][safepoint   ] Safepoint "Cleanup", Time since last: 3008336611 ns, Reaching safepoint: 247806 ns, At safepoint: 13522 ns, Total: 261328 ns
[2023-04-06T08:12:38.397+0000][69][safepoint   ] Safepoint "Cleanup", Time since last: 1004072803 ns, Reaching safepoint: 272350 ns, At safepoint: 13794 ns, Total: 286144 ns
[2023-04-06T08:12:40.402+0000][69][safepoint   ] Safepoint "Cleanup", Time since last: 2005052987 ns, Reaching safepoint: 111184 ns, At safepoint: 3754 ns, Total: 114938 ns
[2023-04-06T08:12:43.407+0000][69][safepoint   ] Safepoint "Cleanup", Time since last: 3004375773 ns, Reaching safepoint: 142702 ns, At safepoint: 5883 ns, Total: 148585 ns
[2023-04-06T08:12:49.083+0000][69][gc,start    ] GC(126) Pause Young (Normal) (G1 Evacuation Pause)
[2023-04-06T08:12:49.084+0000][69][gc,task     ] GC(126) Using 4 workers of 4 for evacuation
[2023-04-06T08:12:49.085+0000][69][gc,age      ] GC(126) Desired survivor size 8388608 bytes, new threshold 15 (max threshold 15)
[2023-04-06T08:12:49.089+0000][69][gc,phases   ] GC(126)   Pre Evacuate Collection Set: 0.1ms
[2023-04-06T08:12:49.089+0000][69][gc,phases   ] GC(126)   Merge Heap Roots: 0.1ms
[2023-04-06T08:12:49.090+0000][69][gc,phases   ] GC(126)   Evacuate Collection Set: 2.5ms
[2023-04-06T08:12:49.090+0000][69][gc,phases   ] GC(126)   Post Evacuate Collection Set: 0.7ms
[2023-04-06T08:12:49.091+0000][69][gc,phases   ] GC(126)   Other: 1.2ms
[2023-04-06T08:12:49.091+0000][69][gc,age      ] GC(126) Age table with threshold 15 (max threshold 15)
[2023-04-06T08:12:49.092+0000][69][gc,age      ] GC(126) - age   1:     663632 bytes,     663632 total
[2023-04-06T08:12:49.092+0000][69][gc,age      ] GC(126) - age   2:       2704 bytes,     666336 total
[2023-04-06T08:12:49.093+0000][69][gc,age      ] GC(126) - age   3:       1040 bytes,     667376 total
[2023-04-06T08:12:49.093+0000][69][gc,age      ] GC(126) - age   4:       1856 bytes,     669232 total
[2023-04-06T08:12:49.094+0000][69][gc,age      ] GC(126) - age   5:       1200 bytes,     670432 total
[2023-04-06T08:12:49.094+0000][69][gc,age      ] GC(126) - age   6:       9336 bytes,     679768 total
[2023-04-06T08:12:49.095+0000][69][gc,age      ] GC(126) - age   7:     314752 bytes,     994520 total
[2023-04-06T08:12:49.095+0000][69][gc,age      ] GC(126) - age   8:        888 bytes,     995408 total
[2023-04-06T08:12:49.096+0000][69][gc,age      ] GC(126) - age  10:       1344 bytes,     996752 total
[2023-04-06T08:12:49.096+0000][69][gc,age      ] GC(126) - age  11:       2232 bytes,     998984 total
[2023-04-06T08:12:49.096+0000][69][gc,age      ] GC(126) - age  12:       1064 bytes,    1000048 total
[2023-04-06T08:12:49.097+0000][69][gc,age      ] GC(126) - age  13:       1304 bytes,    1001352 total
[2023-04-06T08:12:49.097+0000][69][gc,age      ] GC(126) - age  14:        232 bytes,    1001584 total
[2023-04-06T08:12:49.098+0000][69][gc,age      ] GC(126) - age  15:        648 bytes,    1002232 total
[2023-04-06T08:12:49.098+0000][69][gc,heap     ] GC(126) Eden regions: 24->0(24)
[2023-04-06T08:12:49.099+0000][69][gc,heap     ] GC(126) Survivor regions: 1->1(4)
[2023-04-06T08:12:49.099+0000][69][gc,heap     ] GC(126) Old regions: 24->24
[2023-04-06T08:12:49.100+0000][69][gc,heap     ] GC(126) Archive regions: 2->2
[2023-04-06T08:12:49.100+0000][69][gc,heap     ] GC(126) Humongous regions: 2->2
[2023-04-06T08:12:49.101+0000][69][gc,metaspace] GC(126) Metaspace: 136955K(140800K)->136955K(140800K) NonClass: 119528K(121088K)->119528K(121088K) Class: 17426K(19712K)->17426K(19712K)
[2023-04-06T08:12:49.101+0000][69][gc          ] GC(126) Pause Young (Normal) (G1 Evacuation Pause) 205M->108M(256M) 17.734ms
[2023-04-06T08:12:49.102+0000][69][gc,cpu      ] GC(126) User=0.01s Sys=0.00s Real=0.02s
[2023-04-06T08:12:49.102+0000][69][safepoint   ] Safepoint "G1CollectForAllocation", Time since last: 5676752498 ns, Reaching safepoint: 68484 ns, At safepoint: 18686467 ns, Total: 18754951 ns
[2023-04-06T08:12:50.103+0000][69][safepoint   ] Safepoint "Cleanup", Time since last: 1000593458 ns, Reaching safepoint: 113775 ns, At safepoint: 3174 ns, Total: 116949 ns
[2023-04-06T08:12:56.107+0000][69][safepoint   ] Safepoint "Cleanup", Time since last: 6004323106 ns, Reaching safepoint: 140274 ns, At safepoint: 3501 ns, Total: 143775 ns
[2023-04-06T08:13:01.110+0000][69][safepoint   ] Safepoint "Cleanup", Time since last: 5003041342 ns, Reaching safepoint: 83662 ns, At safepoint: 3735 ns, Total: 87397 ns
[2023-04-06T08:13:08.094+0000][69][safepoint   ] Safepoint "Cleanup", Time since last: 7004985856 ns, Reaching safepoint: 109156 ns, At safepoint: 3804 ns, Total: 112960 ns
[2023-04-06T08:13:16.113+0000][69][safepoint   ] Safepoint "Cleanup", Time since last: 8018698672 ns, Reaching safepoint: 92786 ns, At safepoint: 2806 ns, Total: 95592 ns
[2023-04-06T08:13:19.115+0000][69][safepoint   ] Safepoint "Cleanup", Time since last: 3002766869 ns, Reaching safepoint: 93869 ns, At safepoint: 7424 ns, Total: 101293 ns
[2023-04-06T08:13:20.135+0000][69][gc,start    ] GC(127) Pause Young (Concurrent Start) (G1 Evacuation Pause)
[2023-04-06T08:13:20.136+0000][69][gc,task     ] GC(127) Using 4 workers of 4 for evacuation
[2023-04-06T08:13:20.137+0000][69][gc,age      ] GC(127) Desired survivor size 8388608 bytes, new threshold 15 (max threshold 15)
[2023-04-06T08:13:20.142+0000][69][gc,phases   ] GC(127)   Pre Evacuate Collection Set: 0.5ms
[2023-04-06T08:13:20.143+0000][69][gc,phases   ] GC(127)   Merge Heap Roots: 0.1ms
[2023-04-06T08:13:20.144+0000][69][gc,phases   ] GC(127)   Evacuate Collection Set: 2.8ms
[2023-04-06T08:13:20.144+0000][69][gc,phases   ] GC(127)   Post Evacuate Collection Set: 0.7ms
[2023-04-06T08:13:20.145+0000][69][gc,phases   ] GC(127)   Other: 2.2ms
[2023-04-06T08:13:20.146+0000][69][gc,age      ] GC(127) Age table with threshold 15 (max threshold 15)
[2023-04-06T08:13:20.146+0000][69][gc,age      ] GC(127) - age   1:     983416 bytes,     983416 total
[2023-04-06T08:13:20.147+0000][69][gc,age      ] GC(127) - age   2:     140648 bytes,    1124064 total
[2023-04-06T08:13:20.148+0000][69][gc,age      ] GC(127) - age   3:       1008 bytes,    1125072 total
[2023-04-06T08:13:20.148+0000][69][gc,age      ] GC(127) - age   4:        488 bytes,    1125560 total
[2023-04-06T08:13:20.149+0000][69][gc,age      ] GC(127) - age   5:       1792 bytes,    1127352 total
[2023-04-06T08:13:20.151+0000][69][gc,age      ] GC(127) - age   6:       1200 bytes,    1128552 total
[2023-04-06T08:13:20.152+0000][69][gc,age      ] GC(127) - age   7:       9336 bytes,    1137888 total
[2023-04-06T08:13:20.153+0000][69][gc,age      ] GC(127) - age   8:     314752 bytes,    1452640 total
[2023-04-06T08:13:20.153+0000][69][gc,age      ] GC(127) - age   9:        888 bytes,    1453528 total
[2023-04-06T08:13:20.154+0000][69][gc,age      ] GC(127) - age  11:       1344 bytes,    1454872 total
[2023-04-06T08:13:20.156+0000][69][gc,age      ] GC(127) - age  12:       2232 bytes,    1457104 total
[2023-04-06T08:13:20.158+0000][69][gc,age      ] GC(127) - age  13:       1064 bytes,    1458168 total
[2023-04-06T08:13:20.158+0000][69][gc,age      ] GC(127) - age  14:       1304 bytes,    1459472 total
[2023-04-06T08:13:20.159+0000][69][gc,age      ] GC(127) - age  15:        232 bytes,    1459704 total
[2023-04-06T08:13:20.160+0000][69][gc,heap     ] GC(127) Eden regions: 24->0(24)
[2023-04-06T08:13:20.161+0000][69][gc,heap     ] GC(127) Survivor regions: 1->1(4)
[2023-04-06T08:13:20.161+0000][69][gc,heap     ] GC(127) Old regions: 24->24
[2023-04-06T08:13:20.162+0000][69][gc,heap     ] GC(127) Archive regions: 2->2
[2023-04-06T08:13:20.162+0000][69][gc,heap     ] GC(127) Humongous regions: 2->2
[2023-04-06T08:13:20.163+0000][69][gc,metaspace] GC(127) Metaspace: 136961K(140800K)->136961K(140800K) NonClass: 119534K(121088K)->119534K(121088K) Class: 17426K(19712K)->17426K(19712K)
[2023-04-06T08:13:20.163+0000][69][gc          ] GC(127) Pause Young (Concurrent Start) (G1 Evacuation Pause) 204M->109M(256M) 28.051ms
[2023-04-06T08:13:20.164+0000][69][gc          ] GC(128) Concurrent Mark Cycle
[2023-04-06T08:13:20.165+0000][69][gc,marking  ] GC(128) Concurrent Clear Claimed Marks
[2023-04-06T08:13:20.166+0000][69][gc,marking  ] GC(128) Concurrent Clear Claimed Marks 1.214ms
[2023-04-06T08:13:20.168+0000][69][gc,marking  ] GC(128) Concurrent Scan Root Regions
[2023-04-06T08:13:20.164+0000][69][gc,cpu      ] GC(127) User=0.01s Sys=0.00s Real=0.03s
[2023-04-06T08:13:20.171+0000][69][gc,marking  ] GC(128) Concurrent Scan Root Regions 3.015ms
[2023-04-06T08:13:20.172+0000][69][gc,marking  ] GC(128) Concurrent Mark
[2023-04-06T08:13:20.173+0000][69][gc,marking  ] GC(128) Concurrent Mark From Roots
[2023-04-06T08:13:20.174+0000][69][gc,task     ] GC(128) Using 1 workers of 1 for marking
[2023-04-06T08:13:20.172+0000][69][safepoint   ] Safepoint "G1CollectForAllocation", Time since last: 1019616019 ns, Reaching safepoint: 66594 ns, At safepoint: 36528389 ns, Total: 36594983 ns
[2023-04-06T08:13:20.330+0000][69][gc,marking  ] GC(128) Concurrent Mark From Roots 157.017ms
[2023-04-06T08:13:20.331+0000][69][gc,marking  ] GC(128) Concurrent Preclean
[2023-04-06T08:13:20.332+0000][69][gc,marking  ] GC(128) Concurrent Preclean 1.009ms
[2023-04-06T08:13:20.333+0000][69][gc,start    ] GC(128) Pause Remark
[2023-04-06T08:13:20.347+0000][69][gc          ] GC(128) Pause Remark 110M->110M(256M) 13.276ms
[2023-04-06T08:13:20.348+0000][69][gc,cpu      ] GC(128) User=0.03s Sys=0.00s Real=0.02s
[2023-04-06T08:13:20.348+0000][69][safepoint   ] Safepoint "G1PauseRemark", Time since last: 161372114 ns, Reaching safepoint: 303946 ns, At safepoint: 14775682 ns, Total: 15079628 ns
[2023-04-06T08:13:20.349+0000][69][gc,marking  ] GC(128) Concurrent Mark 177.269ms
[2023-04-06T08:13:20.350+0000][69][gc,marking  ] GC(128) Concurrent Rebuild Remembered Sets
[2023-04-06T08:13:20.426+0000][69][gc,marking  ] GC(128) Concurrent Rebuild Remembered Sets 75.635ms
[2023-04-06T08:13:20.427+0000][69][gc,start    ] GC(128) Pause Cleanup
[2023-04-06T08:13:20.427+0000][69][gc          ] GC(128) Pause Cleanup 110M->110M(256M) 0.523ms
[2023-04-06T08:13:20.428+0000][69][gc,cpu      ] GC(128) User=0.00s Sys=0.00s Real=0.00s
[2023-04-06T08:13:20.428+0000][69][safepoint   ] Safepoint "G1PauseCleanup", Time since last: 78528073 ns, Reaching safepoint: 59806 ns, At safepoint: 1384154 ns, Total: 1443960 ns
[2023-04-06T08:13:20.429+0000][69][gc,marking  ] GC(128) Concurrent Cleanup for Next Mark
[2023-04-06T08:13:20.430+0000][69][gc,marking  ] GC(128) Concurrent Cleanup for Next Mark 1.075ms
[2023-04-06T08:13:20.430+0000][69][gc          ] GC(128) Concurrent Mark Cycle 266.531ms
[2023-04-06T08:13:31.434+0000][69][safepoint   ] Safepoint "Cleanup", Time since last: 11006125954 ns, Reaching safepoint: 238703 ns, At safepoint: 6054 ns, Total: 244757 ns
[2023-04-06T08:13:32.523+0000][69][safepoint   ] Safepoint "Cleanup", Time since last: 1005162181 ns, Reaching safepoint: 3889152 ns, At safepoint: 283936 ns, Total: 4173088 ns
[2023-04-06T08:13:36.532+0000][69][safepoint   ] Safepoint "Cleanup", Time since last: 4008659372 ns, Reaching safepoint: 103890 ns, At safepoint: 2798 ns, Total: 106688 ns
[2023-04-06T08:13:37.533+0000][69][safepoint   ] Safepoint "Cleanup", Time since last: 1000885206 ns, Reaching safepoint: 188399 ns, At safepoint: 38715 ns, Total: 227114 ns
[2023-04-06T08:13:43.537+0000][69][safepoint   ] Safepoint "Cleanup", Time since last: 6004030250 ns, Reaching safepoint: 150746 ns, At safepoint: 2826 ns, Total: 153572 ns
[2023-04-06T08:13:50.488+0000][69][gc,start    ] GC(129) Pause Young (Normal) (G1 Evacuation Pause)
[2023-04-06T08:13:50.488+0000][69][gc,task     ] GC(129) Using 4 workers of 4 for evacuation
[2023-04-06T08:13:50.489+0000][69][gc,age      ] GC(129) Desired survivor size 8388608 bytes, new threshold 15 (max threshold 15)
[2023-04-06T08:13:50.491+0000][69][gc,phases   ] GC(129)   Pre Evacuate Collection Set: 0.1ms
[2023-04-06T08:13:50.492+0000][69][gc,phases   ] GC(129)   Merge Heap Roots: 0.0ms
[2023-04-06T08:13:50.493+0000][69][gc,phases   ] GC(129)   Evacuate Collection Set: 1.6ms
[2023-04-06T08:13:50.493+0000][69][gc,phases   ] GC(129)   Post Evacuate Collection Set: 0.7ms
[2023-04-06T08:13:50.493+0000][69][gc,phases   ] GC(129)   Other: 0.9ms
[2023-04-06T08:13:50.494+0000][69][gc,age      ] GC(129) Age table with threshold 15 (max threshold 15)
[2023-04-06T08:13:50.494+0000][69][gc,age      ] GC(129) - age   1:    1477832 bytes,    1477832 total
[2023-04-06T08:13:50.494+0000][69][gc,age      ] GC(129) - age   2:     133424 bytes,    1611256 total
[2023-04-06T08:13:50.495+0000][69][gc,age      ] GC(129) - age   3:       9104 bytes,    1620360 total
[2023-04-06T08:13:50.495+0000][69][gc,age      ] GC(129) - age   4:        360 bytes,    1620720 total
[2023-04-06T08:13:50.495+0000][69][gc,age      ] GC(129) - age   5:        360 bytes,    1621080 total
[2023-04-06T08:13:50.496+0000][69][gc,age      ] GC(129) - age   6:       1728 bytes,    1622808 total
[2023-04-06T08:13:50.496+0000][69][gc,age      ] GC(129) - age   7:       1200 bytes,    1624008 total
[2023-04-06T08:13:50.496+0000][69][gc,age      ] GC(129) - age   8:       9336 bytes,    1633344 total
[2023-04-06T08:13:50.497+0000][69][gc,age      ] GC(129) - age   9:     314752 bytes,    1948096 total
[2023-04-06T08:13:50.497+0000][69][gc,age      ] GC(129) - age  10:        888 bytes,    1948984 total
[2023-04-06T08:13:50.498+0000][69][gc,age      ] GC(129) - age  12:       1344 bytes,    1950328 total
[2023-04-06T08:13:50.498+0000][69][gc,age      ] GC(129) - age  13:       2232 bytes,    1952560 total
[2023-04-06T08:13:50.498+0000][69][gc,age      ] GC(129) - age  14:       1064 bytes,    1953624 total
[2023-04-06T08:13:50.499+0000][69][gc,age      ] GC(129) - age  15:       1304 bytes,    1954928 total
[2023-04-06T08:13:50.499+0000][69][gc,heap     ] GC(129) Eden regions: 24->0(24)
[2023-04-06T08:13:50.499+0000][69][gc,heap     ] GC(129) Survivor regions: 1->1(4)
[2023-04-06T08:13:50.500+0000][69][gc,heap     ] GC(129) Old regions: 24->24
[2023-04-06T08:13:50.500+0000][69][gc,heap     ] GC(129) Archive regions: 2->2
[2023-04-06T08:13:50.500+0000][69][gc,heap     ] GC(129) Humongous regions: 2->2
[2023-04-06T08:13:50.501+0000][69][gc,metaspace] GC(129) Metaspace: 136961K(140800K)->136961K(140800K) NonClass: 119534K(121088K)->119534K(121088K) Class: 17426K(19712K)->17426K(19712K)
[2023-04-06T08:13:50.501+0000][69][gc          ] GC(129) Pause Young (Normal) (G1 Evacuation Pause) 205M->109M(256M) 13.348ms
[2023-04-06T08:13:50.501+0000][69][gc,cpu      ] GC(129) User=0.01s Sys=0.00s Real=0.01s
[2023-04-06T08:13:50.501+0000][69][safepoint   ] Safepoint "G1CollectForAllocation", Time since last: 6950170312 ns, Reaching safepoint: 83284 ns, At safepoint: 14020522 ns, Total: 14103806 ns
[2023-04-06T08:13:55.512+0000][69][safepoint   ] Safepoint "Cleanup", Time since last: 5009806472 ns, Reaching safepoint: 367662 ns, At safepoint: 12164 ns, Total: 379826 ns
[2023-04-06T08:14:01.520+0000][69][safepoint   ] Safepoint "Cleanup", Time since last: 6008414045 ns, Reaching safepoint: 331204 ns, At safepoint: 10526 ns, Total: 341730 ns
[2023-04-06T08:14:02.525+0000][69][safepoint   ] Safepoint "Cleanup", Time since last: 1004725952 ns, Reaching safepoint: 300173 ns, At safepoint: 11912 ns, Total: 312085 ns
[2023-04-06T08:14:03.498+0000][69][safepoint   ] Safepoint "Cleanup", Time since last: 1005592016 ns, Reaching safepoint: 866400 ns, At safepoint: 37806 ns, Total: 904206 ns
[2023-04-06T08:14:07.507+0000][69][safepoint   ] Safepoint "Cleanup", Time since last: 4008867116 ns, Reaching safepoint: 129170 ns, At safepoint: 4687 ns, Total: 133857 ns
[2023-04-06T08:14:09.521+0000][69][safepoint   ] Safepoint "Cleanup", Time since last: 2012130349 ns, Reaching safepoint: 1408923 ns, At safepoint: 386105 ns, Total: 1795028 ns
[2023-04-06T08:14:15.537+0000][69][safepoint   ] Safepoint "Cleanup", Time since last: 6014695940 ns, Reaching safepoint: 1047200 ns, At safepoint: 188096 ns, Total: 1235296 ns
